13855 15:33:02.275288 mmap2(NULL, 1624, PROT_READ, MAP_SHARED, 5, 0) = 0xb7f2b000
13855 15:33:02.275302 _llseek(5, 1624, [1624], SEEK_SET) = 0
13855 15:33:02.275322 munmap(0xb7f2b000, 1624) = 0
13855 15:33:02.275334 close(5)          = 0
13855 15:33:02.275351 open("/etc/shadow", O_RDONLY|0x80000 /* O_??? */) = 5
13855 15:33:02.275367 _llseek(5, 0, [0], SEEK_CUR) = 0
13855 15:33:02.275380 fstat64(5, {st_mode=S_IFREG|0640, st_size=1233, ...}) = 0
13855 15:33:02.275401 mmap2(NULL, 1233, PROT_READ, MAP_SHARED, 5, 0) = 0xb7f2b000
13855 15:33:02.275414 _llseek(5, 1233, [1233], SEEK_SET) = 0
13855 15:33:02.275435 munmap(0xb7f2b000, 1233) = 0
13855 15:33:02.275447 close(5)          = 0
13855 15:33:02.275485 time(NULL)        = 1495654382
13855 15:33:02.275512 munmap(0xb7f28000, 12164) = 0
13855 15:33:02.275533 munmap(0xb7f26000, 7136) = 0
13855 15:33:02.275554 munmap(0xb7d5b000, 95428) = 0
13855 15:33:02.275571 munmap(0xb7d21000, 201052) = 0
13855 15:33:02.275587 munmap(0xb7d08000, 101180) = 0
13855 15:33:02.275612 gettimeofday({1495654382, 275627}, NULL) = 0
13855 15:33:02.275642 stat64("/usr/share/zoneinfo/UTC+04:00", 0xbfd60ed4) = -1 ENOENT (No such file or directory)
13855 15:33:02.275662 open("/usr/share/zoneinfo/UTC+04:00", O_RDONLY) = -1 ENOENT (No such file or directory)
13855 15:33:02.275698 fcntl64(3, F_SETLKW64, {type=F_WRLCK, whence=SEEK_SET, start=0, len=0}, 0xbfd61024) = 0
13855 15:33:02.275720 write(3, "Wed May 24 15:33:02 2017 [pid 13855] [msfadmin] OK LOGIN: Client \"127.0.0.1\"\n", 77) = 77
13855 15:33:02.275743 fcntl64(3, F_SETLK64, {type=F_UNLCK, whence=SEEK_SET, start=0, len=0}, 0xbfd6102c) = 0
13855 15:33:02.275760 rt_sigaction(SIGCHLD, {0x805cad0, ~[RTMIN RT_1], 0}, NULL, 8) = 0
13855 15:33:02.275778 write(4, "\1", 1) = 1
13856 15:33:02.275796 <... read resumed> "\1", 1) = 1
13856 15:33:02.275808 exit_group(0)     = ?
13855 15:33:02.275858 --- SIGCHLD (Child exited) @ 0 (0) ---
13855 15:33:02.275868 sigreturn()       = ? (mask now [])
13855 15:33:02.275892 wait4(-1, [{WIFEXITED(s) && WEXITSTATUS(s) == 0}], 0, NULL) = 13856
13855 15:33:02.275909 close(4)          = 0
13855 15:33:02.275925 socketpair(PF_FILE, SOCK_STREAM, 0, [4, 5]) = 0
13855 15:33:02.275944 rt_sigaction(SIGCHLD, {0x805cad0, ~[RTMIN RT_1], 0}, NULL, 8) = 0
13855 15:33:02.275962 rt_sigaction(SIGALRM, {0x805cb10, ~[RTMIN RT_1], 0}, NULL, 8) = 0
13855 15:33:02.275973 clone(child_stack=0, flags=CLONE_CHILD_CLEARTID|CLONE_CHILD_SETTID|SIGCHLD, child_tidptr=0xb7d916f8) = 13857
13857 15:33:02.275973 prctl(0x1, 0x9, 0, 0, 0) = 0
13857 15:33:02.275973 close(4)          = 0
13857 15:33:02.275973 open("/etc/passwd", O_RDONLY|0x80000 /* O_??? */) = 4
13857 15:33:02.275989 _llseek(4, 0, [0], SEEK_CUR) = 0
13857 15:33:02.276009 fstat64(4, {st_mode=S_IFREG|0644, st_size=1624, ...}) = 0
13857 15:33:02.276033 mmap2(NULL, 1624, PROT_READ, MAP_SHARED, 4, 0) = 0xb7f2b000
13857 15:33:02.276048 _llseek(4, 1624, [1624], SEEK_SET) = 0
13857 15:33:02.276078 munmap(0xb7f2b000, 1624) = 0
13857 15:33:02.276093 close(4)          = 0
13857 15:33:02.276110 getuid32()        = 0
13857 15:33:02.276123 open("/etc/passwd", O_RDONLY|0x80000 /* O_??? */) = 4
13857 15:33:02.276140 _llseek(4, 0, [0], SEEK_CUR) = 0
13857 15:33:02.276153 fstat64(4, {st_mode=S_IFREG|0644, st_size=1624, ...}) = 0
13857 15:33:02.276174 mmap2(NULL, 1624, PROT_READ, MAP_SHARED, 4, 0) = 0xb7f2b000
13857 15:33:02.276188 _llseek(4, 1624, [1624], SEEK_SET) = 0
13857 15:33:02.276236 munmap(0xb7f2b000, 1624) = 0
13857 15:33:02.276255 close(4)          = 0
13857 15:33:02.276294 open("/proc/sys/kernel/ngroups_max", O_RDONLY) = 4
13857 15:33:02.276333 read(4, "65536\n", 31) = 6
13857 15:33:02.276349 close(4)          = 0
13857 15:33:02.276368 socket(PF_FILE, SOCK_STREAM, 0) = 4
13857 15:33:02.276383 fcntl64(4, F_SETFL, O_RDWR|O_NONBLOCK) = 0
13857 15:33:02.276398 connect(4, {sa_family=AF_FILE, path="/var/run/nscd/socket"}, 110) = -1 ENOENT (No such file or directory)
13857 15:33:02.276426 close(4)          = 0
13857 15:33:02.276441 socket(PF_FILE, SOCK_STREAM, 0) = 4
13857 15:33:02.276454 fcntl64(4, F_SETFL, O_RDWR|O_NONBLOCK) = 0
13857 15:33:02.276467 connect(4, {sa_family=AF_FILE, path="/var/run/nscd/socket"}, 110) = -1 ENOENT (No such file or directory)
13857 15:33:02.276490 close(4)          = 0
13857 15:33:02.276520 open("/etc/group", O_RDONLY|0x80000 /* O_??? */) = 4
13857 15:33:02.276539 _llseek(4, 0, [0], SEEK_CUR) = 0
13857 15:33:02.276552 fstat64(4, {st_mode=S_IFREG|0644, st_size=886, ...}) = 0
13857 15:33:02.276573 mmap2(NULL, 886, PROT_READ, MAP_SHARED, 4, 0) = 0xb7f2b000
13857 15:33:02.276588 _llseek(4, 886, [886], SEEK_SET) = 0
13857 15:33:02.276619 fstat64(4, {st_mode=S_IFREG|0644, st_size=886, ...}) = 0
13857 15:33:02.276641 munmap(0xb7f2b000, 886) = 0
13857 15:33:02.276654 close(4)          = 0
13857 15:33:02.276667 setgroups32(13, [1000, 4, 20, 24, 25, 29, 30, 44, 46, 107, 111, 112, 119]) = 0
13857 15:33:02.276688 geteuid32()       = 0
13857 15:33:02.276702 getegid32()       = 0
13857 15:33:02.276716 setregid32(-1, 1000) = 0
13857 15:33:02.276730 setreuid32(-1, 1000) = 0
13857 15:33:02.276744 chdir("/home/msfadmin") = 0
13857 15:33:02.276759 setreuid32(-1, 0) = 0
13857 15:33:02.276776 setregid32(-1, 0) = 0
13857 15:33:02.276790 setgid32(1000)    = 0
13857 15:33:02.276803 setuid32(1000)    = 0
13857 15:33:02.276817 setrlimit(RLIMIT_NPROC, {rlim_cur=0, rlim_max=0}) = 0
13857 15:33:02.276835 mmap2(NULL, 12288, PROT_READ|PROT_WRITE, MAP_PRIVATE|MAP_ANONYMOUS, -1, 0) = 0xb7f29000
13857 15:33:02.276849 mprotect(0xb7f2b000, 4096, PROT_NONE) = 0
13857 15:33:02.276864 mprotect(0xb7f29000, 4096, PROT_NONE) = 0
13857 15:33:02.276879 getcwd("/home/msfadmin", 4096) = 15
13857 15:33:02.276896 umask(022)        = 077
13857 15:33:02.276909 getcwd("/home/msfadmin", 4096) = 15
13857 15:33:02.276927 open(".message", O_RDONLY|O_NONBLOCK|O_LARGEFILE) = -1 ENOENT (No such file or directory)
13857 15:33:02.276956 write(0, "230 Login successful.\r\n", 23) = 23
13857 15:33:02.277088 rt_sigaction(SIGALRM, {0x805cad0, ~[RTMIN RT_1], 0}, NULL, 8) = 0
13857 15:33:02.277111 alarm(300)        = 0
13857 15:33:02.277125 mmap2(NULL, 12288, PROT_READ|PROT_WRITE, MAP_PRIVATE|MAP_ANONYMOUS, -1, 0) = 0xb7f26000
13857 15:33:02.277140 mprotect(0xb7f28000, 4096, PROT_NONE) = 0
13857 15:33:02.277155 mprotect(0xb7f26000, 4096, PROT_NONE) = 0
13857 15:33:02.277172 recv(0, "TYPE I\r\n", 4096, MSG_PEEK) = 8
13857 15:33:02.277229 read(0, "TYPE I\r\n", 8) = 8
13857 15:33:02.277253 write(0, "200 Switching to Binary mode.\r\n", 31) = 31
13857 15:33:02.277307 rt_sigaction(SIGALRM, {0x805cad0, ~[RTMIN RT_1], 0}, NULL, 8) = 0
13857 15:33:02.277326 alarm(300)        = 300
13857 15:33:02.277341 recv(0, "PASV\r\n", 4096, MSG_PEEK) = 6
13857 15:33:02.277356 read(0, "PASV\r\n", 6) = 6
13857 15:33:02.277372 write(5, "\n", 1) = 1
13857 15:33:02.277386 read(5,  <unfinished ...>
13855 15:33:02.277403 close(5)          = 0
13855 15:33:02.277419 getuid32()        = 0
13855 15:33:02.277438 open("/etc/passwd", O_RDONLY|0x80000 /* O_??? */) = 5
13855 15:33:02.277458 _llseek(5, 0, [0], SEEK_CUR) = 0
13855 15:33:02.277473 fstat64(5, {st_mode=S_IFREG|0644, st_size=1624, ...}) = 0
13855 15:33:02.277496 mmap2(NULL, 1624, PROT_READ, MAP_SHARED, 5, 0) = 0xb7f2b000
13855 15:33:02.277511 _llseek(5, 1624, [1624], SEEK_SET) = 0
13855 15:33:02.277534 munmap(0xb7f2b000, 1624) = 0
13855 15:33:02.277549 close(5)          = 0
13855 15:33:02.277569 setgroups32(0, []) = 0
13855 15:33:02.277584 chdir("/usr/share/empty") = 0
13855 15:33:02.277600 chroot(".")       = 0
13855 15:33:02.277615 capset(NULL, NULL) = -1 EFAULT (Bad address)
13855 15:33:02.277632 prctl(0x8, 0, 0xbfd61008, 0x80549a6, 0xbfd60ff0) = 0
13855 15:33:02.277647 prctl(0x8, 0x1, 0xbfd61008, 0x8054a49, 0xbfd60ff0) = 0
13855 15:33:02.277660 setgid32(65534)   = 0
13855 15:33:02.277673 setuid32(65534)   = 0
13855 15:33:02.277685 capset(0x19980330, 0, {CAP_NET_BIND_SERVICE, CAP_NET_BIND_SERVICE, 0}) = 0
13855 15:33:02.277703 read(4, "\n", 1)  = 1
13855 15:33:02.277721 write(4, "\1", 1) = 1
13857 15:33:02.277735 <... read resumed> "\1", 1) = 1
13857 15:33:02.277745 write(5, "\f", 1) = 1
13857 15:33:02.277758 read(5,  <unfinished ...>
13855 15:33:02.277767 read(4, "\f", 1)  = 1
13855 15:33:02.277783 socket(PF_INET, SOCK_STREAM, IPPROTO_TCP) = 5
13855 15:33:02.277801 setsockopt(5, SOL_SOCKET, SO_REUSEADDR, [1], 4) = 0
13855 15:33:02.277816 gettimeofday({1495654382, 277820}, NULL) = 0
13855 15:33:02.277837 bind(5, {sa_family=AF_INET, sin_port=htons(15309), sin_addr=inet_addr("127.0.0.1")}, 16) = 0
13855 15:33:02.277858 listen(5, 1)      = 0
13855 15:33:02.277875 write(4, "\315;\0\0", 4) = 4
13857 15:33:02.277889 <... read resumed> "\315;\0\0", 4) = 4
13857 15:33:02.277907 write(0, "227 Entering Passive Mode (127,0,0,1,59,205).\r\n", 47) = 47
13857 15:33:02.278047 rt_sigaction(SIGALRM, {0x805cad0, ~[RTMIN RT_1], 0}, NULL, 8) = 0
13857 15:33:02.278069 alarm(300)        = 300
13857 15:33:02.278084 recv(0, "STOR myfile28\r\n", 4096, MSG_PEEK) = 15
13857 15:33:02.278100 read(0, "STOR myfile28\r\n", 15) = 15
13857 15:33:02.278120 write(5, "\v", 1) = 1
13857 15:33:02.278134 read(5,  <unfinished ...>
13855 15:33:02.278277 read(4, "\v", 1)  = 1
13855 15:33:02.278308 write(4, "\1\0\0\0", 4) = 4
13857 15:33:02.278328 <... read resumed> "\1\0\0\0", 4) = 4
13857 15:33:02.278340 gettimeofday({1495654382, 278345}, NULL) = 0
13857 15:33:02.278354 getcwd("/home/msfadmin", 4096) = 15
13857 15:33:02.278370 open("myfile28", O_WRONLY|O_CREAT|O_NONBLOCK|O_LARGEFILE, 0666) = 4
13857 15:33:02.278388 fstat64(4, {st_mode=S_IFREG|0644, st_size=17, ...}) = 0
13857 15:33:02.278410 fcntl64(4, F_GETFL) = 0x8801 (flags O_WRONLY|O_NONBLOCK|O_LARGEFILE)
13857 15:33:02.278424 fcntl64(4, F_SETFL, O_WRONLY|O_LARGEFILE) = 0
13857 15:33:02.278437 fcntl64(4, F_SETLKW64, {type=F_WRLCK, whence=SEEK_SET, start=0, len=0}, 0xbfd60f54) = 0
13857 15:33:02.278457 ftruncate64(4, 0) = 0
13857 15:33:02.278482 _llseek(4, 0, [0], SEEK_SET) = 0
13857 15:33:02.278497 write(5, "\v", 1) = 1
13857 15:33:02.278510 read(5,  <unfinished ...>
13855 15:33:02.278519 read(4, "\v", 1)  = 1
13855 15:33:02.278534 write(4, "\1\0\0\0", 4) = 4
13857 15:33:02.278547 <... read resumed> "\1\0\0\0", 4) = 4
13857 15:33:02.278557 write(5, "\v", 1) = 1
13857 15:33:02.278569 read(5,  <unfinished ...>
13855 15:33:02.278578 read(4, "\v", 1)  = 1
13855 15:33:02.278592 write(4, "\1\0\0\0", 4) = 4
13857 15:33:02.278605 <... read resumed> "\1\0\0\0", 4) = 4
13857 15:33:02.278614 write(5, "\r", 1) = 1
13857 15:33:02.278627 read(5,  <unfinished ...>
13855 15:33:02.278635 read(4, "\r", 1)  = 1
13855 15:33:02.278651 select(6, [5], NULL, NULL, {60, 0}) = 1 (in [5], left {60, 0})
13855 15:33:02.278673 accept(5, {sa_family=AF_INET, sin_port=htons(53714), sin_addr=inet_addr("127.0.0.1")}, [16]) = 6
13855 15:33:02.278702 write(4, "\1", 1) = 1
13857 15:33:02.278715 <... read resumed> "\1", 1) = 1
13857 15:33:02.278727 recvmsg(5,  <unfinished ...>
13855 15:33:02.278739 sendmsg(4, {msg_name(0)=NULL, msg_iov(1)=[{"\0", 1}], msg_controllen=16, {cmsg_len=16, cmsg_level=SOL_SOCKET, cmsg_type=SCM_RIGHTS, {6}}, msg_flags=0}, 0) = 1
13857 15:33:02.278761 <... recvmsg resumed> {msg_name(0)=NULL, msg_iov(1)=[{"\0", 1}], msg_controllen=16, {cmsg_len=16, cmsg_level=SOL_SOCKET, cmsg_type=SCM_RIGHTS, {6}}, msg_flags=0}, 0) = 1
13857 15:33:02.278779 setsockopt(6, SOL_SOCKET, SO_KEEPALIVE, [1], 4) = 0
13857 15:33:02.278794 setsockopt(6, SOL_IP, IP_TOS, [8], 4) = 0
13857 15:33:02.278810 setsockopt(6, SOL_SOCKET, SO_LINGER, {onoff=1, linger=32767}, 8) = 0
13857 15:33:02.278824 rt_sigaction(SIGALRM, {0x805cad0, ~[RTMIN RT_1], 0}, NULL, 8) = 0
13857 15:33:02.278841 alarm(300)        = 300
13857 15:33:02.278858 write(0, "150 Ok to send data.\r\n", 22) = 22
13857 15:33:02.278940 mmap2(NULL, 77824, PROT_READ|PROT_WRITE, MAP_PRIVATE|MAP_ANONYMOUS, -1, 0) = 0xb7d60000
13857 15:33:02.278958 mprotect(0xb7d72000, 4096, PROT_NONE) = 0
13857 15:33:02.278973 mprotect(0xb7d60000, 4096, PROT_NONE) = 0
13857 15:33:02.278987 read(6, "assasaaa\na\na\na\na\n", 65536) = 17
13857 15:33:02.279004 write(4, "assasaaa\na\na\na\na\n", 17) = 17
13857 15:33:02.279024 read(6, "", 65536) = 0
13857 15:33:02.279037 rt_sigaction(SIGALRM, {0x805cad0, ~[RTMIN RT_1], 0}, NULL, 8) = 0
13857 15:33:02.279054 alarm(300)        = 300
13857 15:33:02.279067 close(6)          = 0
13857 15:33:02.279078 alarm(0)          = 300
13857 15:33:02.279090 gettimeofday({1495654382, 279095}, NULL) = 0
13857 15:33:02.279113 getpid()          = 13857
13857 15:33:02.279129 gettimeofday({1495654382, 279134}, NULL) = 0
13857 15:33:02.279151 fcntl64(3, F_SETLKW64, {type=F_WRLCK, whence=SEEK_SET, start=0, len=0}, 0xbfd60ef4) = 0
13857 15:33:02.279170 write(3, "Wed May 24 15:33:02 2017 [pid 13857] [msfadmin] OK UPLOAD: Client \"127.0.0.1\", \"/home/msfadmin/myfile28\", 17 bytes, 21.04Kbyte/sec\n", 131) = 131
13857 15:33:02.279196 fcntl64(3, F_SETLK64, {type=F_UNLCK, whence=SEEK_SET, start=0, len=0}, 0xbfd60efc) = 0
13857 15:33:02.279214 write(0, "226 Transfer complete.\r\n", 24) = 24
13857 15:33:02.279301 write(5, "\n", 1) = 1
13857 15:33:02.279318 read(5,  <unfinished ...>
13855 15:33:02.279327 close(6)          = 0
13855 15:33:02.279350 read(4, "\n", 1)  = 1
13855 15:33:02.279365 close(5)          = 0
13855 15:33:02.279379 write(4, "\1", 1) = 1
13857 15:33:02.279393 <... read resumed> "\1", 1) = 1
13857 15:33:02.279407 close(4)          = 0
13857 15:33:02.279420 rt_sigaction(SIGALRM, {0x805cad0, ~[RTMIN RT_1], 0}, NULL, 8) = 0
13857 15:33:02.279438 alarm(300)        = 0
13857 15:33:02.279452 recv(0,  <unfinished ...>
13855 15:33:02.279462 read(4,  <unfinished ...>
13857 15:33:02.801684 <... recv resumed> "TYPE I\r\n", 4096, MSG_PEEK) = 8
13857 15:33:02.801812 read(0, "TYPE I\r\n", 8) = 8
13857 15:33:02.801897 write(0, "200 Switching to Binary mode.\r\n", 31) = 31
13857 15:33:02.802098 rt_sigaction(SIGALRM, {0x805cad0, ~[RTMIN RT_1], 0}, NULL, 8) = 0
13857 15:33:02.802171 alarm(300)        = 299
13857 15:33:02.802385 recv(0, "PASV\r\n", 4096, MSG_PEEK) = 6
13857 15:33:02.802463 read(0, "PASV\r\n", 6) = 6
13857 15:33:02.802519 write(5, "\n", 1) = 1
13857 15:33:02.802569 read(5,  <unfinished ...>
13855 15:33:02.810707 <... read resumed> "\n", 1) = 1
13855 15:33:02.810707 write(4, "\1", 1) = 1
13857 15:33:02.810707 <... read resumed> "\1", 1) = 1
13857 15:33:02.810707 write(5, "\f", 1) = 1
13857 15:33:02.810708 read(5,  <unfinished ...>
13855 15:33:02.810708 read(4, "\f", 1)  = 1
13855 15:33:02.810708 socket(PF_INET, SOCK_STREAM, IPPROTO_TCP) = 5
13855 15:33:02.810712 setsockopt(5, SOL_SOCKET, SO_REUSEADDR, [1], 4) = 0
13855 15:33:02.810758 bind(5, {sa_family=AF_INET, sin_port=htons(40922), sin_addr=inet_addr("127.0.0.1")}, 16) = 0
13855 15:33:02.810787 listen(5, 1)      = 0
13855 15:33:02.810811 write(4, "\332\237\0\0", 4) = 4
13857 15:33:02.810833 <... read resumed> "\332\237\0\0", 4) = 4
13857 15:33:02.810857 write(0, "227 Entering Passive Mode (127,0,0,1,159,218).\r\n", 48) = 48
13857 15:33:02.811072 rt_sigaction(SIGALRM, {0x805cad0, ~[RTMIN RT_1], 0}, NULL, 8) = 0
13857 15:33:02.811104 alarm(300)        = 300
13857 15:33:02.811126 recv(0, "STOR myfile29\r\n", 4096, MSG_PEEK) = 15
13857 15:33:02.811149 read(0, "STOR myfile29\r\n", 15) = 15
13857 15:33:02.811175 write(5, "\v", 1) = 1
13857 15:33:02.811195 read(5,  <unfinished ...>
13855 15:33:02.811208 read(4, "\v", 1)  = 1
13855 15:33:02.811229 write(4, "\1\0\0\0", 4) = 4
13857 15:33:02.811248 <... read resumed> "\1\0\0\0", 4) = 4
13857 15:33:02.811262 gettimeofday({1495654382, 811269}, NULL) = 0
13857 15:33:02.811282 getcwd("/home/msfadmin", 4096) = 15
13857 15:33:02.811305 open("myfile29", O_WRONLY|O_CREAT|O_NONBLOCK|O_LARGEFILE, 0666) = 4
13857 15:33:02.811330 fstat64(4, {st_mode=S_IFREG|0644, st_size=17, ...}) = 0
13857 15:33:02.811362 fcntl64(4, F_GETFL) = 0x8801 (flags O_WRONLY|O_NONBLOCK|O_LARGEFILE)
13857 15:33:02.811382 fcntl64(4, F_SETFL, O_WRONLY|O_LARGEFILE) = 0
13857 15:33:02.811401 fcntl64(4, F_SETLKW64, {type=F_WRLCK, whence=SEEK_SET, start=0, len=0}, 0xbfd60f54) = 0
13857 15:33:02.811426 ftruncate64(4, 0) = 0
13857 15:33:02.811459 _llseek(4, 0, [0], SEEK_SET) = 0
13857 15:33:02.811480 write(5, "\v", 1) = 1
13857 15:33:02.811499 read(5,  <unfinished ...>
13855 15:33:02.811512 read(4, "\v", 1)  = 1
13855 15:33:02.811532 write(4, "\1\0\0\0", 4) = 4
13857 15:33:02.811551 <... read resumed> "\1\0\0\0", 4) = 4
13857 15:33:02.811565 write(5, "\v", 1) = 1
13857 15:33:02.811582 read(5,  <unfinished ...>
13855 15:33:02.811594 read(4, "\v", 1)  = 1
13855 15:33:02.811614 write(4, "\1\0\0\0", 4) = 4
13857 15:33:02.811633 <... read resumed> "\1\0\0\0", 4) = 4
13857 15:33:02.811646 write(5, "\r", 1) = 1
13857 15:33:02.811664 read(5,  <unfinished ...>
13855 15:33:02.811691 read(4, "\r", 1)  = 1
13855 15:33:02.811718 select(6, [5], NULL, NULL, {60, 0}) = 1 (in [5], left {60, 0})
13855 15:33:02.811756 accept(5, {sa_family=AF_INET, sin_port=htons(40152), sin_addr=inet_addr("127.0.0.1")}, [16]) = 6
13855 15:33:02.811793 write(4, "\1", 1) = 1
13857 15:33:02.811810 <... read resumed> "\1", 1) = 1
13857 15:33:02.811824 recvmsg(5,  <unfinished ...>
13855 15:33:02.811838 sendmsg(4, {msg_name(0)=NULL, msg_iov(1)=[{"\0", 1}], msg_controllen=16, {cmsg_len=16, cmsg_level=SOL_SOCKET, cmsg_type=SCM_RIGHTS, {6}}, msg_flags=0}, 0) = 1
13857 15:33:02.811866 <... recvmsg resumed> {msg_name(0)=NULL, msg_iov(1)=[{"\0", 1}], msg_controllen=16, {cmsg_len=16, cmsg_level=SOL_SOCKET, cmsg_type=SCM_RIGHTS, {6}}, msg_flags=0}, 0) = 1
13857 15:33:02.811898 setsockopt(6, SOL_SOCKET, SO_KEEPALIVE, [1], 4) = 0
13857 15:33:02.811919 setsockopt(6, SOL_IP, IP_TOS, [8], 4) = 0
13857 15:33:02.811939 setsockopt(6, SOL_SOCKET, SO_LINGER, {onoff=1, linger=32767}, 8) = 0
13857 15:33:02.811957 rt_sigaction(SIGALRM, {0x805cad0, ~[RTMIN RT_1], 0}, NULL, 8) = 0
13857 15:33:02.811980 alarm(300)        = 300
13857 15:33:02.812001 write(0, "150 Ok to send data.\r\n", 22) = 22
13857 15:33:02.812109 read(6, "assasaaa\na\na\na\na\n", 65536) = 17
13857 15:33:02.812132 write(4, "assasaaa\na\na\na\na\n", 17) = 17
13857 15:33:02.812158 read(6, "", 65536) = 0
13857 15:33:02.812176 rt_sigaction(SIGALRM, {0x805cad0, ~[RTMIN RT_1], 0}, NULL, 8) = 0
13857 15:33:02.812199 alarm(300)        = 300
13857 15:33:02.812215 close(6)          = 0
13857 15:33:02.812230 alarm(0)          = 300
13857 15:33:02.812246 gettimeofday({1495654382, 812252}, NULL) = 0
13857 15:33:02.812271 gettimeofday({1495654382, 812278}, NULL) = 0
13857 15:33:02.812294 fcntl64(3, F_SETLKW64, {type=F_WRLCK, whence=SEEK_SET, start=0, len=0}, 0xbfd60ef4) = 0
13857 15:33:02.812318 write(3, "Wed May 24 15:33:02 2017 [pid 13857] [msfadmin] OK UPLOAD: Client \"127.0.0.1\", \"/home/msfadmin/myfile29\", 17 bytes, 16.45Kbyte/sec\n", 131) = 131
13857 15:33:02.812352 fcntl64(3, F_SETLK64, {type=F_UNLCK, whence=SEEK_SET, start=0, len=0}, 0xbfd60efc) = 0
13857 15:33:02.812376 write(0, "226 Transfer complete.\r\n", 24) = 24
13857 15:33:02.812444 write(5, "\n", 1) = 1
13857 15:33:02.812464 read(5,  <unfinished ...>
13855 15:33:02.812476 close(6)          = 0
13855 15:33:02.812505 read(4, "\n", 1)  = 1
13855 15:33:02.812525 close(5)          = 0
13855 15:33:02.812543 write(4, "\1", 1) = 1
13857 15:33:02.812561 <... read resumed> "\1", 1) = 1
13857 15:33:02.812572 close(4)          = 0
13857 15:33:02.812590 rt_sigaction(SIGALRM, {0x805cad0, ~[RTMIN RT_1], 0}, NULL, 8) = 0
13857 15:33:02.812611 alarm(300)        = 0
13857 15:33:02.812630 recv(0,  <unfinished ...>
13855 15:33:02.812658 read(4,  <unfinished ...>
13857 15:33:03.341711 <... recv resumed> "TYPE I\r\n", 4096, MSG_PEEK) = 8
13857 15:33:03.341936 read(0, "TYPE I\r\n", 8) = 8
13857 15:33:03.342155 write(0, "200 Switching to Binary mode.\r\n", 31) = 31
13857 15:33:03.342630 rt_sigaction(SIGALRM, {0x805cad0, ~[RTMIN RT_1], 0}, NULL, 8) = 0
13857 15:33:03.342724 alarm(300)        = 299
13857 15:33:03.342777 recv(0, "PASV\r\n", 4096, MSG_PEEK) = 6
13857 15:33:03.342932 read(0, "PASV\r\n", 6) = 6
13857 15:33:03.342996 write(5, "\n", 1 <unfinished ...>
13855 15:33:03.343038 <... read resumed> "\n", 1) = 1
13857 15:33:03.343061 <... write resumed> ) = 1
13855 15:33:03.343091 write(4, "\1", 1) = 1
13855 15:33:03.343138 read(4,  <unfinished ...>
13857 15:33:03.343243 read(5, "\1", 1)  = 1
13857 15:33:03.350396 write(5, "\f", 1 <unfinished ...>
13855 15:33:03.350448 <... read resumed> "\f", 1) = 1
13857 15:33:03.350470 <... write resumed> ) = 1
13855 15:33:03.350507 socket(PF_INET, SOCK_STREAM, IPPROTO_TCP <unfinished ...>
13857 15:33:03.350530 read(5,  <unfinished ...>
13855 15:33:03.350566 <... socket resumed> ) = 5
13855 15:33:03.350601 setsockopt(5, SOL_SOCKET, SO_REUSEADDR, [1], 4) = 0
13855 15:33:03.350660 bind(5, {sa_family=AF_INET, sin_port=htons(32731), sin_addr=inet_addr("127.0.0.1")}, 16) = 0
13855 15:33:03.350725 listen(5, 1)      = 0
13855 15:33:03.350781 write(4, "\333\177\0\0", 4 <unfinished ...>
13857 15:33:03.350818 <... read resumed> "\333\177\0\0", 4) = 4
13855 15:33:03.350841 <... write resumed> ) = 4
13857 15:33:03.350893 write(0, "227 Entering Passive Mode (127,0,0,1,127,219).\r\n", 48 <unfinished ...>
13855 15:33:03.350930 read(4,  <unfinished ...>
13857 15:33:03.351382 <... write resumed> ) = 48
13857 15:33:03.351440 rt_sigaction(SIGALRM, {0x805cad0, ~[RTMIN RT_1], 0}, NULL, 8) = 0
13857 15:33:03.351507 alarm(300)        = 300
13857 15:33:03.351559 recv(0, "STOR myfile30\r\n", 4096, MSG_PEEK) = 15
13857 15:33:03.351613 read(0, "STOR myfile30\r\n", 15) = 15
13857 15:33:03.351672 write(5, "\v", 1 <unfinished ...>
13855 15:33:03.351732 <... read resumed> "\v", 1) = 1
13857 15:33:03.351756 <... write resumed> ) = 1
13855 15:33:03.351788 write(4, "\1\0\0\0", 4 <unfinished ...>
13857 15:33:03.351813 read(5,  <unfinished ...>
13855 15:33:03.351840 <... write resumed> ) = 4
13857 15:33:03.351858 <... read resumed> "\1\0\0\0", 4) = 4
13855 15:33:03.351895 read(4,  <unfinished ...>
13857 15:33:03.351914 gettimeofday({1495654383, 351931}, NULL) = 0
13857 15:33:03.351963 getcwd("/home/msfadmin", 4096) = 15
13857 15:33:03.352017 open("myfile30", O_WRONLY|O_CREAT|O_NONBLOCK|O_LARGEFILE, 0666) = 4
13857 15:33:03.352147 fstat64(4, {st_mode=S_IFREG|0644, st_size=17, ...}) = 0
13857 15:33:03.352229 fcntl64(4, F_GETFL) = 0x8801 (flags O_WRONLY|O_NONBLOCK|O_LARGEFILE)
13857 15:33:03.352277 fcntl64(4, F_SETFL, O_WRONLY|O_LARGEFILE) = 0
13857 15:33:03.352321 fcntl64(4, F_SETLKW64, {type=F_WRLCK, whence=SEEK_SET, start=0, len=0}, 0xbfd60f54) = 0
13857 15:33:03.352380 ftruncate64(4, 0) = 0
13857 15:33:03.352450 _llseek(4, 0, [0], SEEK_SET) = 0
13857 15:33:03.352497 write(5, "\v", 1 <unfinished ...>
13855 15:33:03.352532 <... read resumed> "\v", 1) = 1
13857 15:33:03.352553 <... write resumed> ) = 1
13855 15:33:03.352584 write(4, "\1\0\0\0", 4 <unfinished ...>
13857 15:33:03.352609 read(5,  <unfinished ...>
13855 15:33:03.352636 <... write resumed> ) = 4
13857 15:33:03.352654 <... read resumed> "\1\0\0\0", 4) = 4
13855 15:33:03.352689 read(4,  <unfinished ...>
13857 15:33:03.352708 write(5, "\v", 1 <unfinished ...>
