10180 14:55:33.095231 munmap(0xb7ee3000, 886) = 0
10180 14:55:33.095250 close(4)          = 0
10180 14:55:33.095268 setgroups32(13, [1000, 4, 20, 24, 25, 29, 30, 44, 46, 107, 111, 112, 119]) = 0
10180 14:55:33.095298 geteuid32()       = 0
10180 14:55:33.095319 getegid32()       = 0
10180 14:55:33.095338 setregid32(-1, 1000) = 0
10180 14:55:33.095357 setreuid32(-1, 1000) = 0
10180 14:55:33.095377 chdir("/home/msfadmin") = 0
10180 14:55:33.095399 setreuid32(-1, 0) = 0
10180 14:55:33.095416 setregid32(-1, 0) = 0
10180 14:55:33.095435 setgid32(1000)    = 0
10180 14:55:33.095453 setuid32(1000)    = 0
10180 14:55:33.095472 setrlimit(RLIMIT_NPROC, {rlim_cur=0, rlim_max=0}) = 0
10180 14:55:33.095497 mmap2(NULL, 12288, PROT_READ|PROT_WRITE, MAP_PRIVATE|MAP_ANONYMOUS, -1, 0) = 0xb7ee1000
10180 14:55:33.095517 mprotect(0xb7ee3000, 4096, PROT_NONE) = 0
10180 14:55:33.095546 mprotect(0xb7ee1000, 4096, PROT_NONE) = 0
10180 14:55:33.095567 getcwd("/home/msfadmin", 4096) = 15
10180 14:55:33.095591 umask(022)        = 077
10180 14:55:33.095610 getcwd("/home/msfadmin", 4096) = 15
10180 14:55:33.095634 open(".message", O_RDONLY|O_NONBLOCK|O_LARGEFILE) = -1 ENOENT (No such file or directory)
10180 14:55:33.095676 write(0, "230 Login successful.\r\n", 23) = 23
10180 14:55:33.095828 rt_sigaction(SIGALRM, {0x805cad0, ~[RTMIN RT_1], 0}, NULL, 8) = 0
10180 14:55:33.095861 alarm(300)        = 0
10180 14:55:33.095881 mmap2(NULL, 12288, PROT_READ|PROT_WRITE, MAP_PRIVATE|MAP_ANONYMOUS, -1, 0) = 0xb7ede000
10180 14:55:33.095902 mprotect(0xb7ee0000, 4096, PROT_NONE) = 0
10180 14:55:33.095923 mprotect(0xb7ede000, 4096, PROT_NONE) = 0
10180 14:55:33.095947 recv(0, "TYPE I\r\n", 4096, MSG_PEEK) = 8
10180 14:55:33.096009 read(0, "TYPE I\r\n", 8) = 8
10180 14:55:33.096051 write(0, "200 Switching to Binary mode.\r\n", 31) = 31
10180 14:55:33.096159 rt_sigaction(SIGALRM, {0x805cad0, ~[RTMIN RT_1], 0}, NULL, 8) = 0
10180 14:55:33.096188 alarm(300)        = 300
10180 14:55:33.096209 recv(0, "PASV\r\n", 4096, MSG_PEEK) = 6
10180 14:55:33.096230 read(0, "PASV\r\n", 6) = 6
10180 14:55:33.096253 write(5, "\n", 1) = 1
10180 14:55:33.096273 read(5,  <unfinished ...>
10178 14:55:33.096295 close(5)          = 0
10178 14:55:33.096320 getuid32()        = 0
10178 14:55:33.096348 open("/etc/passwd", O_RDONLY|0x80000 /* O_??? */) = 5
10178 14:55:33.096375 _llseek(5, 0, [0], SEEK_CUR) = 0
10178 14:55:33.096398 fstat64(5, {st_mode=S_IFREG|0644, st_size=1624, ...}) = 0
10178 14:55:33.096430 mmap2(NULL, 1624, PROT_READ, MAP_SHARED, 5, 0) = 0xb7ee3000
10178 14:55:33.096451 _llseek(5, 1624, [1624], SEEK_SET) = 0
10178 14:55:33.096484 munmap(0xb7ee3000, 1624) = 0
10178 14:55:33.096505 close(5)          = 0
10178 14:55:33.096534 setgroups32(0, []) = 0
10178 14:55:33.096555 chdir("/usr/share/empty") = 0
10178 14:55:33.096578 chroot(".")       = 0
10178 14:55:33.096598 capset(NULL, NULL) = -1 EFAULT (Bad address)
10178 14:55:33.096622 prctl(0x8, 0, 0xbfb10db8, 0x80549a6, 0xbfb10da0) = 0
10178 14:55:33.096643 prctl(0x8, 0x1, 0xbfb10db8, 0x8054a49, 0xbfb10da0) = 0
10178 14:55:33.096661 setgid32(65534)   = 0
10178 14:55:33.096679 setuid32(65534)   = 0
10178 14:55:33.096697 capset(0x19980330, 0, {CAP_NET_BIND_SERVICE, CAP_NET_BIND_SERVICE, 0}) = 0
10178 14:55:33.096722 read(4, "\n", 1)  = 1
10178 14:55:33.096746 write(4, "\1", 1) = 1
10180 14:55:33.096767 <... read resumed> "\1", 1) = 1
10180 14:55:33.096781 write(5, "\f", 1) = 1
10180 14:55:33.096799 read(5,  <unfinished ...>
10178 14:55:33.096812 read(4, "\f", 1)  = 1
10178 14:55:33.096835 socket(PF_INET, SOCK_STREAM, IPPROTO_TCP) = 5
10178 14:55:33.096860 setsockopt(5, SOL_SOCKET, SO_REUSEADDR, [1], 4) = 0
10178 14:55:33.096881 gettimeofday({1495652133, 96888}, NULL) = 0
10178 14:55:33.096911 bind(5, {sa_family=AF_INET, sin_port=htons(53427), sin_addr=inet_addr("127.0.0.1")}, 16) = 0
10178 14:55:33.096940 listen(5, 1)      = 0
10178 14:55:33.096964 write(4, "\263\320\0\0", 4) = 4
10180 14:55:33.096985 <... read resumed> "\263\320\0\0", 4) = 4
10180 14:55:33.097010 write(0, "227 Entering Passive Mode (127,0,0,1,208,179).\r\n", 48) = 48
10180 14:55:33.097221 rt_sigaction(SIGALRM, {0x805cad0, ~[RTMIN RT_1], 0}, NULL, 8) = 0
10180 14:55:33.097254 alarm(300)        = 300
10180 14:55:33.097276 recv(0, "STOR myfile19\r\n", 4096, MSG_PEEK) = 15
10180 14:55:33.097300 read(0, "STOR myfile19\r\n", 15) = 15
10180 14:55:33.097327 write(5, "\v", 1) = 1
10180 14:55:33.097347 read(5,  <unfinished ...>
10178 14:55:33.097361 read(4, "\v", 1)  = 1
10178 14:55:33.097381 write(4, "\1\0\0\0", 4) = 4
10180 14:55:33.097401 <... read resumed> "\1\0\0\0", 4) = 4
10180 14:55:33.097417 gettimeofday({1495652133, 97423}, NULL) = 0
10180 14:55:33.097436 getcwd("/home/msfadmin", 4096) = 15
10180 14:55:33.097459 open("myfile19", O_WRONLY|O_CREAT|O_NONBLOCK|O_LARGEFILE, 0666) = 4
10180 14:55:33.097484 fstat64(4, {st_mode=S_IFREG|0644, st_size=17, ...}) = 0
10180 14:55:33.097522 fcntl64(4, F_GETFL) = 0x8801 (flags O_WRONLY|O_NONBLOCK|O_LARGEFILE)
10180 14:55:33.097543 fcntl64(4, F_SETFL, O_WRONLY|O_LARGEFILE) = 0
10180 14:55:33.097562 fcntl64(4, F_SETLKW64, {type=F_WRLCK, whence=SEEK_SET, start=0, len=0}, 0xbfb10d04) = 0
10180 14:55:33.097590 ftruncate64(4, 0) = 0
10180 14:55:33.097625 _llseek(4, 0, [0], SEEK_SET) = 0
10180 14:55:33.097646 write(5, "\v", 1) = 1
10180 14:55:33.097665 read(5,  <unfinished ...>
10178 14:55:33.097678 read(4, "\v", 1)  = 1
10178 14:55:33.097699 write(4, "\1\0\0\0", 4) = 4
10180 14:55:33.097718 <... read resumed> "\1\0\0\0", 4) = 4
10180 14:55:33.097732 write(5, "\v", 1) = 1
10180 14:55:33.097750 read(5,  <unfinished ...>
10178 14:55:33.097762 read(4, "\v", 1)  = 1
10178 14:55:33.097782 write(4, "\1\0\0\0", 4) = 4
10180 14:55:33.097801 <... read resumed> "\1\0\0\0", 4) = 4
10180 14:55:33.097815 write(5, "\r", 1) = 1
10180 14:55:33.097833 read(5,  <unfinished ...>
10178 14:55:33.097845 read(4, "\r", 1)  = 1
10178 14:55:33.097868 select(6, [5], NULL, NULL, {60, 0}) = 1 (in [5], left {60, 0})
10178 14:55:33.097899 accept(5, {sa_family=AF_INET, sin_port=htons(42589), sin_addr=inet_addr("127.0.0.1")}, [16]) = 6
10178 14:55:33.097939 write(4, "\1", 1) = 1
10180 14:55:33.097958 <... read resumed> "\1", 1) = 1
10180 14:55:33.097975 recvmsg(5,  <unfinished ...>
10178 14:55:33.097992 sendmsg(4, {msg_name(0)=NULL, msg_iov(1)=[{"\0", 1}], msg_controllen=16, {cmsg_len=16, cmsg_level=SOL_SOCKET, cmsg_type=SCM_RIGHTS, {6}}, msg_flags=0}, 0) = 1
10180 14:55:33.098023 <... recvmsg resumed> {msg_name(0)=NULL, msg_iov(1)=[{"\0", 1}], msg_controllen=16, {cmsg_len=16, cmsg_level=SOL_SOCKET, cmsg_type=SCM_RIGHTS, {6}}, msg_flags=0}, 0) = 1
10180 14:55:33.098068 setsockopt(6, SOL_SOCKET, SO_KEEPALIVE, [1], 4) = 0
10180 14:55:33.098093 setsockopt(6, SOL_IP, IP_TOS, [8], 4) = 0
10180 14:55:33.098115 setsockopt(6, SOL_SOCKET, SO_LINGER, {onoff=1, linger=32767}, 8) = 0
10180 14:55:33.098135 rt_sigaction(SIGALRM, {0x805cad0, ~[RTMIN RT_1], 0}, NULL, 8) = 0
10180 14:55:33.098160 alarm(300)        = 300
10180 14:55:33.098184 write(0, "150 Ok to send data.\r\n", 22) = 22
10180 14:55:33.098299 mmap2(NULL, 77824, PROT_READ|PROT_WRITE, MAP_PRIVATE|MAP_ANONYMOUS, -1, 0) = 0xb7d18000
10180 14:55:33.098325 mprotect(0xb7d2a000, 4096, PROT_NONE) = 0
10180 14:55:33.098347 mprotect(0xb7d18000, 4096, PROT_NONE) = 0
10180 14:55:33.098366 read(6, "assasaaa\na\na\na\na\n", 65536) = 17
10180 14:55:33.098392 write(4, "assasaaa\na\na\na\na\n", 17) = 17
10180 14:55:33.098421 read(6, "", 65536) = 0
10180 14:55:33.098441 rt_sigaction(SIGALRM, {0x805cad0, ~[RTMIN RT_1], 0}, NULL, 8) = 0
10180 14:55:33.098466 alarm(300)        = 300
10180 14:55:33.098484 close(6)          = 0
10180 14:55:33.098501 alarm(0)          = 300
10180 14:55:33.098519 gettimeofday({1495652133, 98526}, NULL) = 0
10180 14:55:33.099154 getpid()          = 10180
10180 14:55:33.099180 gettimeofday({1495652133, 99187}, NULL) = 0
10180 14:55:33.099212 fcntl64(3, F_SETLKW64, {type=F_WRLCK, whence=SEEK_SET, start=0, len=0}, 0xbfb10ca4) = 0
10180 14:55:33.099240 write(3, "Wed May 24 14:55:33 2017 [pid 10180] [msfadmin] OK UPLOAD: Client \"127.0.0.1\", \"/home/msfadmin/myfile19\", 17 bytes, 9.41Kbyte/sec\n", 130) = 130
10180 14:55:33.099276 fcntl64(3, F_SETLK64, {type=F_UNLCK, whence=SEEK_SET, start=0, len=0}, 0xbfb10cac) = 0
10180 14:55:33.099303 write(0, "226 Transfer complete.\r\n", 24) = 24
10180 14:55:33.099379 write(5, "\n", 1) = 1
10180 14:55:33.099402 read(5,  <unfinished ...>
10178 14:55:33.099415 close(6)          = 0
10178 14:55:33.099448 read(4, "\n", 1)  = 1
10178 14:55:33.099470 close(5)          = 0
10178 14:55:33.099490 write(4, "\1", 1) = 1
10180 14:55:33.099510 <... read resumed> "\1", 1) = 1
10180 14:55:33.099523 close(4)          = 0
10180 14:55:33.099562 rt_sigaction(SIGALRM, {0x805cad0, ~[RTMIN RT_1], 0}, NULL, 8) = 0
10180 14:55:33.099593 alarm(300)        = 0
10180 14:55:33.099613 recv(0,  <unfinished ...>
10178 14:55:33.099628 read(4,  <unfinished ...>
10180 14:55:33.649406 <... recv resumed> "TYPE I\r\n", 4096, MSG_PEEK) = 8
10180 14:55:33.649620 read(0, "TYPE I\r\n", 8) = 8
10180 14:55:33.649812 write(0, "200 Switching to Binary mode.\r\n", 31) = 31
10180 14:55:33.650324 rt_sigaction(SIGALRM, {0x805cad0, ~[RTMIN RT_1], 0}, NULL, 8) = 0
10180 14:55:33.650404 alarm(300)        = 299
10180 14:55:33.650458 recv(0, "PASV\r\n", 4096, MSG_PEEK) = 6
10180 14:55:33.650509 read(0, "PASV\r\n", 6) = 6
10180 14:55:33.650563 write(5, "\n", 1) = 1
10180 14:55:33.650615 read(5,  <unfinished ...>
10178 14:55:33.650648 <... read resumed> "\n", 1) = 1
10178 14:55:33.650684 write(4, "\1", 1) = 1
10180 14:55:33.650731 <... read resumed> "\1", 1) = 1
10180 14:55:33.650762 write(5, "\f", 1) = 1
10180 14:55:33.650806 read(5,  <unfinished ...>
10178 14:55:33.650836 read(4, "\f", 1)  = 1
10178 14:55:33.650887 socket(PF_INET, SOCK_STREAM, IPPROTO_TCP) = 5
10178 14:55:33.650946 setsockopt(5, SOL_SOCKET, SO_REUSEADDR, [1], 4) = 0
10178 14:55:33.651058 bind(5, {sa_family=AF_INET, sin_port=htons(26195), sin_addr=inet_addr("127.0.0.1")}, 16) = 0
10178 14:55:33.651153 listen(5, 1)      = 0
10178 14:55:33.651211 write(4, "Sf\0\0", 4) = 4
10180 14:55:33.651261 <... read resumed> "Sf\0\0", 4) = 4
10180 14:55:33.651314 write(0, "227 Entering Passive Mode (127,0,0,1,102,83).\r\n", 47) = 47
10180 14:55:33.651728 rt_sigaction(SIGALRM, {0x805cad0, ~[RTMIN RT_1], 0}, NULL, 8) = 0
10180 14:55:33.651803 alarm(300)        = 300
10180 14:55:33.651854 recv(0, "STOR myfile20\r\n", 4096, MSG_PEEK) = 15
10180 14:55:33.651907 read(0, "STOR myfile20\r\n", 15) = 15
10180 14:55:33.651966 write(5, "\v", 1) = 1
10180 14:55:33.652071 read(5,  <unfinished ...>
10178 14:55:33.652105 read(4, "\v", 1)  = 1
10178 14:55:33.652154 write(4, "\1\0\0\0", 4) = 4
10180 14:55:33.652201 <... read resumed> "\1\0\0\0", 4) = 4
10180 14:55:33.652235 gettimeofday({1495652133, 652252}, NULL) = 0
10180 14:55:33.652283 getcwd("/home/msfadmin", 4096) = 15
10180 14:55:33.652338 open("myfile20", O_WRONLY|O_CREAT|O_NONBLOCK|O_LARGEFILE, 0666) = 4
10180 14:55:33.652396 fstat64(4, {st_mode=S_IFREG|0644, st_size=17, ...}) = 0
10180 14:55:33.652472 fcntl64(4, F_GETFL) = 0x8801 (flags O_WRONLY|O_NONBLOCK|O_LARGEFILE)
10180 14:55:33.652522 fcntl64(4, F_SETFL, O_WRONLY|O_LARGEFILE) = 0
10180 14:55:33.652566 fcntl64(4, F_SETLKW64, {type=F_WRLCK, whence=SEEK_SET, start=0, len=0}, 0xbfb10d04) = 0
10180 14:55:33.652626 ftruncate64(4, 0) = 0
10180 14:55:33.652767 _llseek(4, 0, [0], SEEK_SET) = 0
10180 14:55:33.652822 write(5, "\v", 1) = 1
10180 14:55:33.652869 read(5,  <unfinished ...>
10178 14:55:33.652901 read(4, "\v", 1)  = 1
10178 14:55:33.653020 write(4, "\1\0\0\0", 4) = 4
10180 14:55:33.653074 <... read resumed> "\1\0\0\0", 4) = 4
10180 14:55:33.653108 write(5, "\v", 1) = 1
10180 14:55:33.653151 read(5,  <unfinished ...>
10178 14:55:33.653180 read(4, "\v", 1)  = 1
10178 14:55:33.653227 write(4, "\1\0\0\0", 4) = 4
10180 14:55:33.653271 <... read resumed> "\1\0\0\0", 4) = 4
10180 14:55:33.653303 write(5, "\r", 1) = 1
10180 14:55:33.653346 read(5,  <unfinished ...>
10178 14:55:33.653375 read(4, "\r", 1)  = 1
10178 14:55:33.653426 select(6, [5], NULL, NULL, {60, 0}) = 1 (in [5], left {60, 0})
10178 14:55:33.653495 accept(5, {sa_family=AF_INET, sin_port=htons(57184), sin_addr=inet_addr("127.0.0.1")}, [16]) = 6
10178 14:55:33.653590 write(4, "\1", 1) = 1
10180 14:55:33.653635 <... read resumed> "\1", 1) = 1
10180 14:55:33.653671 recvmsg(5,  <unfinished ...>
10178 14:55:33.653707 sendmsg(4, {msg_name(0)=NULL, msg_iov(1)=[{"\0", 1}], msg_controllen=16, {cmsg_len=16, cmsg_level=SOL_SOCKET, cmsg_type=SCM_RIGHTS, {6}}, msg_flags=0}, 0) = 1
10180 14:55:33.653780 <... recvmsg resumed> {msg_name(0)=NULL, msg_iov(1)=[{"\0", 1}], msg_controllen=16, {cmsg_len=16, cmsg_level=SOL_SOCKET, cmsg_type=SCM_RIGHTS, {6}}, msg_flags=0}, 0) = 1
10180 14:55:33.653837 setsockopt(6, SOL_SOCKET, SO_KEEPALIVE, [1], 4) = 0
10180 14:55:33.653890 setsockopt(6, SOL_IP, IP_TOS, [8], 4) = 0
10180 14:55:33.653990 setsockopt(6, SOL_SOCKET, SO_LINGER, {onoff=1, linger=32767}, 8) = 0
10180 14:55:33.654044 rt_sigaction(SIGALRM, {0x805cad0, ~[RTMIN RT_1], 0}, NULL, 8) = 0
10180 14:55:33.654122 alarm(300)        = 300
10180 14:55:33.654179 write(0, "150 Ok to send data.\r\n", 22) = 22
10180 14:55:33.654447 read(6, "assasaaa\na\na\na\na\n", 65536) = 17
10180 14:55:33.654511 write(4, "assasaaa\na\na\na\na\n", 17) = 17
10180 14:55:33.654578 read(6, "", 65536) = 0
10180 14:55:33.654625 rt_sigaction(SIGALRM, {0x805cad0, ~[RTMIN RT_1], 0}, NULL, 8) = 0
10180 14:55:33.654685 alarm(300)        = 300
10180 14:55:33.654729 close(6)          = 0
10180 14:55:33.654769 alarm(0)          = 300
10180 14:55:33.654811 gettimeofday({1495652133, 654827}, NULL) = 0
10180 14:55:33.654963 gettimeofday({1495652133, 654999}, NULL) = 0
10180 14:55:33.655046 fcntl64(3, F_SETLKW64, {type=F_WRLCK, whence=SEEK_SET, start=0, len=0}, 0xbfb10ca4) = 0
10180 14:55:33.655111 write(3, "Wed May 24 14:55:33 2017 [pid 10180] [msfadmin] OK UPLOAD: Client \"127.0.0.1\", \"/home/msfadmin/myfile20\", 17 bytes, 6.04Kbyte/sec\n", 130) = 130
10180 14:55:33.655199 fcntl64(3, F_SETLK64, {type=F_UNLCK, whence=SEEK_SET, start=0, len=0}, 0xbfb10cac) = 0
10180 14:55:33.655262 write(0, "226 Transfer complete.\r\n", 24) = 24
10180 14:55:33.655444 write(5, "\n", 1) = 1
10180 14:55:33.655496 read(5,  <unfinished ...>
10178 14:55:33.655528 close(6)          = 0
10178 14:55:33.655605 read(4, "\n", 1)  = 1
10178 14:55:33.655656 close(5)          = 0
10178 14:55:33.655702 write(4, "\1", 1) = 1
10180 14:55:33.655748 <... read resumed> "\1", 1) = 1
10180 14:55:33.655779 close(4)          = 0
10180 14:55:33.655826 rt_sigaction(SIGALRM, {0x805cad0, ~[RTMIN RT_1], 0}, NULL, 8) = 0
10180 14:55:33.655944 alarm(300)        = 0
10180 14:55:33.655997 recv(0,  <unfinished ...>
10178 14:55:33.656032 read(4,  <unfinished ...>
10180 14:55:34.189106 <... recv resumed> "TYPE I\r\n", 4096, MSG_PEEK) = 8
10180 14:55:34.189286 read(0, "TYPE I\r\n", 8) = 8
10180 14:55:34.189466 write(0, "200 Switching to Binary mode.\r\n", 31) = 31
10180 14:55:34.189872 rt_sigaction(SIGALRM, {0x805cad0, ~[RTMIN RT_1], 0}, NULL, 8) = 0
10180 14:55:34.189951 alarm(300)        = 299
10180 14:55:34.190004 recv(0, "PASV\r\n", 4096, MSG_PEEK) = 6
10180 14:55:34.190055 read(0, "PASV\r\n", 6) = 6
10180 14:55:34.190110 write(5, "\n", 1) = 1
10180 14:55:34.190161 read(5,  <unfinished ...>
10178 14:55:34.190194 <... read resumed> "\n", 1) = 1
10178 14:55:34.190230 write(4, "\1", 1) = 1
10180 14:55:34.190276 <... read resumed> "\1", 1) = 1
10180 14:55:34.190307 write(5, "\f", 1) = 1
10180 14:55:34.190351 read(5,  <unfinished ...>
10178 14:55:34.190380 read(4, "\f", 1)  = 1
10178 14:55:34.190432 socket(PF_INET, SOCK_STREAM, IPPROTO_TCP) = 5
10178 14:55:34.190493 setsockopt(5, SOL_SOCKET, SO_REUSEADDR, [1], 4) = 0
10178 14:55:34.190618 bind(5, {sa_family=AF_INET, sin_port=htons(21135), sin_addr=inet_addr("127.0.0.1")}, 16) = 0
10178 14:55:34.190700 listen(5, 1)      = 0
10178 14:55:34.190756 write(4, "\217R\0\0", 4) = 4
10180 14:55:34.190807 <... read resumed> "\217R\0\0", 4) = 4
10180 14:55:34.190861 write(0, "227 Entering Passive Mode (127,0,0,1,82,143).\r\n", 47) = 47
10180 14:55:34.191272 rt_sigaction(SIGALRM, {0x805cad0, ~[RTMIN RT_1], 0}, NULL, 8) = 0
10180 14:55:34.191346 alarm(300)        = 300
10180 14:55:34.191397 recv(0, "STOR myfile21\r\n", 4096, MSG_PEEK) = 15
10180 14:55:34.191451 read(0, "STOR myfile21\r\n", 15) = 15
10180 14:55:34.191511 write(5, "\v", 1) = 1
10180 14:55:34.191622 read(5,  <unfinished ...>
10178 14:55:34.191654 read(4, "\v", 1)  = 1
10178 14:55:34.191704 write(4, "\1\0\0\0", 4) = 4
10180 14:55:34.191750 <... read resumed> "\1\0\0\0", 4) = 4
10180 14:55:34.191784 gettimeofday({1495652134, 191882}, NULL) = 0
10180 14:55:34.191932 getcwd("/home/msfadmin", 4096) = 15
10180 14:55:34.192016 open("myfile21", O_WRONLY|O_CREAT|O_NONBLOCK|O_LARGEFILE, 0666) = 4
10180 14:55:34.192105 fstat64(4, {st_mode=S_IFREG|0644, st_size=17, ...}) = 0
10180 14:55:34.192223 fcntl64(4, F_GETFL) = 0x8801 (flags O_WRONLY|O_NONBLOCK|O_LARGEFILE)
10180 14:55:34.192300 fcntl64(4, F_SETFL, O_WRONLY|O_LARGEFILE) = 0
10180 14:55:34.192348 fcntl64(4, F_SETLKW64, {type=F_WRLCK, whence=SEEK_SET, start=0, len=0}, 0xbfb10d04) = 0
10180 14:55:34.192433 ftruncate64(4, 0) = 0
10178 14:55:34.192581 read(4,  <unfinished ...>
10180 14:55:34.192620 _llseek(4, 0, [0], SEEK_SET) = 0
10180 14:55:34.192670 write(5, "\v", 1) = 1
10178 14:55:34.192716 <... read resumed> "\v", 1) = 1
10178 14:55:34.192747 write(4, "\1\0\0\0", 4) = 4
10178 14:55:34.192795 read(4,  <unfinished ...>
10180 14:55:34.192824 read(5, "\1\0\0\0", 4) = 4
10180 14:55:34.192874 write(5, "\v", 1) = 1
10178 14:55:34.192915 <... read resumed> "\v", 1) = 1
10178 14:55:34.192944 write(4, "\1\0\0\0", 4) = 4
10178 14:55:34.192989 read(4,  <unfinished ...>
10180 14:55:34.193018 read(5, "\1\0\0\0", 4) = 4
10180 14:55:34.193067 write(5, "\r", 1) = 1
10178 14:55:34.193109 <... read resumed> "\r", 1) = 1
10178 14:55:34.193142 select(6, [5], NULL, NULL, {60, 0}) = 1 (in [5], left {60, 0})
10178 14:55:34.193212 accept(5, {sa_family=AF_INET, sin_port=htons(48237), sin_addr=inet_addr("127.0.0.1")}, [16]) = 6
10178 14:55:34.193308 write(4, "\1", 1 <unfinished ...>
10180 14:55:34.193340 read(5,  <unfinished ...>
10178 14:55:34.193365 <... write resumed> ) = 1
10180 14:55:34.193390 <... read resumed> "\1", 1) = 1
10178 14:55:34.193426 sendmsg(4, {msg_name(0)=NULL, msg_iov(1)=[{"\0", 1}], msg_controllen=16, {cmsg_len=16, cmsg_level=SOL_SOCKET, cmsg_type=SCM_RIGHTS, {6}}, msg_flags=0}, 0 <unfinished ...>
10180 14:55:34.193611 recvmsg(5,  <unfinished ...>
10178 14:55:34.193668 <... sendmsg resumed> ) = 1
10180 14:55:34.193714 <... recvmsg resumed> {msg_name(0)=NULL, msg_iov(1)=[{"\0", 1}], msg_controllen=16, {cmsg_len=16, cmsg_level=SOL_SOCKET, cmsg_type=SCM_RIGHTS, {6}}, msg_flags=0}, 0) = 1
10178 14:55:34.193771 close(6)          = 0
10180 14:55:34.193821 setsockopt(6, SOL_SOCKET, SO_KEEPALIVE, [1], 4 <unfinished ...>
10178 14:55:34.193853 read(4,  <unfinished ...>
10180 14:55:34.193880 <... setsockopt resumed> ) = 0
10180 14:55:34.193916 setsockopt(6, SOL_IP, IP_TOS, [8], 4) = 0
10180 14:55:34.193969 setsockopt(6, SOL_SOCKET, SO_LINGER, {onoff=1, linger=32767}, 8) = 0
10180 14:55:34.194019 rt_sigaction(SIGALRM, {0x805cad0, ~[RTMIN RT_1], 0}, NULL, 8) = 0
10180 14:55:34.194079 alarm(300)        = 300
10180 14:55:34.194137 write(0, "150 Ok to send data.\r\n", 22) = 22
10180 14:55:34.194537 read(6, "assasaaa\na\na\na\na\n", 65536) = 17
10180 14:55:34.194614 write(4, "assasaaa\na\na\na\na\n", 17) = 17
10180 14:55:34.194686 read(6, "", 65536) = 0
10180 14:55:34.194732 rt_sigaction(SIGALRM, {0x805cad0, ~[RTMIN RT_1], 0}, NULL, 8) = 0
10180 14:55:34.194793 alarm(300)        = 300
10180 14:55:34.194837 close(6)          = 0
10180 14:55:34.194917 alarm(0)          = 300
10180 14:55:34.194961 gettimeofday({1495652134, 194977}, NULL) = 0
10180 14:55:34.195025 gettimeofday({1495652134, 195043}, NULL) = 0
10180 14:55:34.195083 fcntl64(3, F_SETLKW64, {type=F_WRLCK, whence=SEEK_SET, start=0, len=0}, 0xbfb10ca4) = 0
10180 14:55:34.195148 write(3, "Wed May 24 14:55:34 2017 [pid 10180] [msfadmin] OK UPLOAD: Client \"127.0.0.1\", \"/home/msfadmin/myfile21\", 17 bytes, 5.25Kbyte/sec\n", 130) = 130
10180 14:55:34.195236 fcntl64(3, F_SETLK64, {type=F_UNLCK, whence=SEEK_SET, start=0, len=0}, 0xbfb10cac) = 0
10180 14:55:34.195299 write(0, "226 Transfer complete.\r\n", 24) = 24
10180 14:55:34.195553 write(5, "\n", 1) = 1
10178 14:55:34.195612 <... read resumed> "\n", 1) = 1
10178 14:55:34.195643 close(5)          = 0
10178 14:55:34.195696 write(4, "\1", 1) = 1
10178 14:55:34.195744 read(4,  <unfinished ...>
10180 14:55:34.195775 read(5, "\1", 1)  = 1
10180 14:55:34.195823 close(4)          = 0
10180 14:55:34.195872 rt_sigaction(SIGALRM, {0x805cad0, ~[RTMIN RT_1], 0}, NULL, 8) = 0
10180 14:55:34.195950 alarm(300)        = 0
10180 14:55:34.196008 recv(0, "QUIT\r\n", 4096, MSG_PEEK) = 6
10180 14:55:34.719136 read(0, "QUIT\r\n", 6) = 6
10180 14:55:34.719349 shutdown(0, 0 /* receive */) = 0
10180 14:55:34.719475 fcntl64(0, F_GETFL) = 0x2 (flags O_RDWR)
10180 14:55:34.719569 fcntl64(0, F_SETFL, O_RDWR|O_NONBLOCK) = 0
10180 14:55:34.719642 write(0, "221 Goodbye.\r\n", 14) = 14
10180 14:55:34.719932 fcntl64(0, F_GETFL) = 0x802 (flags O_RDWR|O_NONBLOCK)
10180 14:55:34.720012 fcntl64(0, F_SETFL, O_RDWR) = 0
10180 14:55:34.720060 shutdown(0, 2 /* send and receive */) = 0
10180 14:55:34.720141 exit_group(0)     = ?
10178 14:55:34.720354 <... read resumed> 0xbfb10db7, 1) = ? ERESTARTSYS (To be restarted)
10178 14:55:34.720395 --- SIGCHLD (Child exited) @ 0 (0) ---
10178 14:55:34.720433 alarm(1)          = 0
10178 14:55:34.720480 sigreturn()       = ? (mask now [])
10178 14:55:34.720549 alarm(0)          = 1
10178 14:55:34.720593 wait4(-1, [{WIFEXITED(s) && WEXITSTATUS(s) == 0}], 0, NULL) = 10180
10178 14:55:34.720653 exit_group(0)     = ?
4439  14:55:34.720851 <... select resumed> ) = ? ERESTARTNOHAND (To be restarted)
4439  14:55:34.720888 --- SIGCHLD (Child exited) @ 0 (0) ---
4439  14:55:34.720919 write(4, "\21", 1) = 1
4439  14:55:34.720978 sigreturn()       = ? (mask now [])
4439  14:55:34.721120 select(13, [3 5 6 8 9 10 11 12], NULL, NULL, NULL) = 1 (in [3])
4439  14:55:34.721242 ioctl(3, FIONREAD, [1]) = 0
4439  14:55:34.721308 read(3, "\21", 1) = 1
4439  14:55:34.721364 waitpid(-1, [{WIFEXITED(s) && WEXITSTATUS(s) == 0}], WNOHANG) = 10178
4439  14:55:34.721433 close(-1)         = -1 EBADF (Bad file descriptor)
4439  14:55:34.721483 waitpid(-1, 0xbff6282c, WNOHANG) = 0
4439  14:55:34.721528 select(13, [3 5 6 8 9 10 11 12], NULL, NULL, NULL) = 1 (in [5])
4439  14:55:35.239813 accept(5, {sa_family=AF_INET, sin_port=htons(44548), sin_addr=inet_addr("127.0.0.1")}, [16]) = 13
4439  14:55:35.240255 time(NULL)        = 1495652135
4439  14:55:35.240392 clone(child_stack=0, flags=CLONE_CHILD_CLEARTID|CLONE_CHILD_SETTID|SIGCHLD, child_tidptr=0xb7d926f8) = 10181
10181 14:55:35.240833 rt_sigaction(SIGPIPE, {SIG_DFL}, {SIG_IGN}, 8) = 0
10181 14:55:35.240903 rt_sigaction(SIGTSTP, {SIG_DFL}, {SIG_IGN}, 8) = 0
10181 14:55:35.240956 rt_sigaction(SIGTTIN, {SIG_DFL}, {SIG_IGN}, 8) = 0
10181 14:55:35.241007 rt_sigaction(SIGTTOU, {SIG_DFL}, {SIG_IGN}, 8) = 0
10181 14:55:35.241069 rt_sigprocmask(SIG_SETMASK, [], NULL, 8) = 0
10181 14:55:35.241175 close(3)          = 0
10181 14:55:35.241220 close(4)          = 0
10181 14:55:35.241263 open("/dev/null", O_RDONLY) = 3
10181 14:55:35.241325 dup2(3, 0)        = 0
10181 14:55:35.241366 dup2(3, 1)        = 1
10181 14:55:35.241405 dup2(3, 2)        = 2
10181 14:55:35.241443 close(3)          = 0
10181 14:55:35.241494 setgid32(0)       = 0
10181 14:55:35.241548 setgroups32(0, []) = 0
10181 14:55:35.241593 setuid32(0)       = 0
10181 14:55:35.241642 getpriority(PRIO_PROCESS, 0) = 20
10181 14:55:35.241683 setpriority(PRIO_PROCESS, 0, 10) = 0
10181 14:55:35.241724 getpriority(PRIO_PROCESS, 0) = 10
10181 14:55:35.241877 getpeername(13, {sa_family=AF_INET, sin_port=htons(44548), sin_addr=inet_addr("127.0.0.1")}, [16]) = 0
10181 14:55:35.241976 getsockname(13, {sa_family=AF_INET, sin_port=htons(21), sin_addr=inet_addr("127.0.0.1")}, [16]) = 0
10181 14:55:35.242279 open("/etc/hosts.allow", O_RDONLY) = 3
10181 14:55:35.242366 fstat64(3, {st_mode=S_IFREG|0644, st_size=588, ...}) = 0
10181 14:55:35.242447 mmap2(NULL, 4096, PROT_READ|PROT_WRITE, MAP_PRIVATE|MAP_ANONYMOUS, -1, 0) = 0xb7f61000
