11941 15:13:25.381851 munmap(0xb7d9b000, 95428) = 0
11941 15:13:25.381865 munmap(0xb7d61000, 201052) = 0
11941 15:13:25.381865 munmap(0xb7d48000, 101180) = 0
11941 15:13:25.381865 gettimeofday({1495653205, 381865}, NULL) = 0
11941 15:13:25.381866 stat64("/usr/share/zoneinfo/UTC+04:00", 0xbf817984) = -1 ENOENT (No such file or directory)
11941 15:13:25.381866 open("/usr/share/zoneinfo/UTC+04:00", O_RDONLY) = -1 ENOENT (No such file or directory)
11941 15:13:25.381866 fcntl64(3, F_SETLKW64, {type=F_WRLCK, whence=SEEK_SET, start=0, len=0}, 0xbf817ad4) = 0
11941 15:13:25.381866 write(3, "Wed May 24 15:13:25 2017 [pid 11941] [msfadmin] OK LOGIN: Client \"127.0.0.1\"\n", 77) = 77
11941 15:13:25.381867 fcntl64(3, F_SETLK64, {type=F_UNLCK, whence=SEEK_SET, start=0, len=0}, 0xbf817adc) = 0
11941 15:13:25.381884 rt_sigaction(SIGCHLD, {0x805cad0, ~[RTMIN RT_1], 0}, NULL, 8) = 0
11941 15:13:25.381909 write(4, "\1", 1 <unfinished ...>
11942 15:13:25.381928 <... read resumed> "\1", 1) = 1
11941 15:13:25.381937 <... write resumed> ) = 1
11942 15:13:25.381951 exit_group(0)     = ?
11941 15:13:25.382011 --- SIGCHLD (Child exited) @ 0 (0) ---
11941 15:13:25.382023 sigreturn()       = ? (mask now [])
11941 15:13:25.382055 wait4(-1, [{WIFEXITED(s) && WEXITSTATUS(s) == 0}], 0, NULL) = 11942
11941 15:13:25.382077 close(4)          = 0
11941 15:13:25.382097 socketpair(PF_FILE, SOCK_STREAM, 0, [4, 5]) = 0
11941 15:13:25.382121 rt_sigaction(SIGCHLD, {0x805cad0, ~[RTMIN RT_1], 0}, NULL, 8) = 0
11941 15:13:25.382144 rt_sigaction(SIGALRM, {0x805cb10, ~[RTMIN RT_1], 0}, NULL, 8) = 0
11941 15:13:25.382167 clone(child_stack=0, flags=CLONE_CHILD_CLEARTID|CLONE_CHILD_SETTID|SIGCHLD, child_tidptr=0xb7dd16f8) = 11943
11943 15:13:25.382257 prctl(0x1, 0x9, 0, 0, 0) = 0
11943 15:13:25.382279 close(4)          = 0
11943 15:13:25.382325 open("/etc/passwd", O_RDONLY|0x80000 /* O_??? */) = 4
11943 15:13:25.382354 _llseek(4, 0, [0], SEEK_CUR) = 0
11943 15:13:25.382380 fstat64(4, {st_mode=S_IFREG|0644, st_size=1624, ...}) = 0
11943 15:13:25.382410 mmap2(NULL, 1624, PROT_READ, MAP_SHARED, 4, 0) = 0xb7f6b000
11943 15:13:25.382431 _llseek(4, 1624, [1624], SEEK_SET) = 0
11943 15:13:25.382469 munmap(0xb7f6b000, 1624) = 0
11943 15:13:25.382488 close(4)          = 0
11943 15:13:25.382511 getuid32()        = 0
11943 15:13:25.382528 open("/etc/passwd", O_RDONLY|0x80000 /* O_??? */) = 4
11943 15:13:25.382549 _llseek(4, 0, [0], SEEK_CUR) = 0
11943 15:13:25.382566 fstat64(4, {st_mode=S_IFREG|0644, st_size=1624, ...}) = 0
11943 15:13:25.382593 mmap2(NULL, 1624, PROT_READ, MAP_SHARED, 4, 0) = 0xb7f6b000
11943 15:13:25.382612 _llseek(4, 1624, [1624], SEEK_SET) = 0
11943 15:13:25.382638 munmap(0xb7f6b000, 1624) = 0
11943 15:13:25.382654 close(4)          = 0
11943 15:13:25.382699 open("/proc/sys/kernel/ngroups_max", O_RDONLY) = 4
11943 15:13:25.382733 read(4, "65536\n", 31) = 6
11943 15:13:25.382753 close(4)          = 0
11943 15:13:25.382776 socket(PF_FILE, SOCK_STREAM, 0) = 4
11943 15:13:25.382811 fcntl64(4, F_SETFL, O_RDWR|O_NONBLOCK) = 0
11943 15:13:25.382830 connect(4, {sa_family=AF_FILE, path="/var/run/nscd/socket"}, 110) = -1 ENOENT (No such file or directory)
11943 15:13:25.382867 close(4)          = 0
11943 15:13:25.382887 socket(PF_FILE, SOCK_STREAM, 0) = 4
11943 15:13:25.382904 fcntl64(4, F_SETFL, O_RDWR|O_NONBLOCK) = 0
11943 15:13:25.382921 connect(4, {sa_family=AF_FILE, path="/var/run/nscd/socket"}, 110) = -1 ENOENT (No such file or directory)
11943 15:13:25.382951 close(4)          = 0
11943 15:13:25.382992 open("/etc/group", O_RDONLY|0x80000 /* O_??? */) = 4
11943 15:13:25.383017 _llseek(4, 0, [0], SEEK_CUR) = 0
11943 15:13:25.383034 fstat64(4, {st_mode=S_IFREG|0644, st_size=886, ...}) = 0
11943 15:13:25.383061 mmap2(NULL, 886, PROT_READ, MAP_SHARED, 4, 0) = 0xb7f6b000
11943 15:13:25.383080 _llseek(4, 886, [886], SEEK_SET) = 0
11943 15:13:25.383121 fstat64(4, {st_mode=S_IFREG|0644, st_size=886, ...}) = 0
11943 15:13:25.383149 munmap(0xb7f6b000, 886) = 0
11943 15:13:25.383166 close(4)          = 0
11943 15:13:25.383182 setgroups32(13, [1000, 4, 20, 24, 25, 29, 30, 44, 46, 107, 111, 112, 119]) = 0
11943 15:13:25.383209 geteuid32()       = 0
11943 15:13:25.383228 getegid32()       = 0
11943 15:13:25.383246 setregid32(-1, 1000) = 0
11943 15:13:25.383263 setreuid32(-1, 1000) = 0
11943 15:13:25.383286 chdir("/home/msfadmin") = 0
11943 15:13:25.383318 setreuid32(-1, 0) = 0
11943 15:13:25.383343 setregid32(-1, 0) = 0
11943 15:13:25.383374 setgid32(1000)    = 0
11943 15:13:25.383413 setuid32(1000)    = 0
11943 15:13:25.383441 setrlimit(RLIMIT_NPROC, {rlim_cur=0, rlim_max=0}) = 0
11943 15:13:25.383478 mmap2(NULL, 12288, PROT_READ|PROT_WRITE, MAP_PRIVATE|MAP_ANONYMOUS, -1, 0) = 0xb7f69000
11943 15:13:25.383509 mprotect(0xb7f6b000, 4096, PROT_NONE) = 0
11943 15:13:25.383539 mprotect(0xb7f69000, 4096, PROT_NONE) = 0
11943 15:13:25.383568 getcwd("/home/msfadmin", 4096) = 15
11943 15:13:25.383606 umask(022)        = 077
11943 15:13:25.383632 getcwd("/home/msfadmin", 4096) = 15
11943 15:13:25.383669 open(".message", O_RDONLY|O_NONBLOCK|O_LARGEFILE) = -1 ENOENT (No such file or directory)
11943 15:13:25.383727 write(0, "230 Login successful.\r\n", 23) = 23
11943 15:13:25.383951 rt_sigaction(SIGALRM, {0x805cad0, ~[RTMIN RT_1], 0}, NULL, 8) = 0
11943 15:13:25.384000 alarm(300)        = 0
11943 15:13:25.384031 mmap2(NULL, 12288, PROT_READ|PROT_WRITE, MAP_PRIVATE|MAP_ANONYMOUS, -1, 0) = 0xb7f66000
11943 15:13:25.384062 mprotect(0xb7f68000, 4096, PROT_NONE) = 0
11943 15:13:25.384092 mprotect(0xb7f66000, 4096, PROT_NONE) = 0
11943 15:13:25.384129 recv(0, "TYPE I\r\n", 4096, MSG_PEEK) = 8
11943 15:13:25.384166 read(0, "TYPE I\r\n", 8) = 8
11943 15:13:25.384214 write(0, "200 Switching to Binary mode.\r\n", 31) = 31
11943 15:13:25.384324 rt_sigaction(SIGALRM, {0x805cad0, ~[RTMIN RT_1], 0}, NULL, 8) = 0
11943 15:13:25.384365 alarm(300)        = 300
11943 15:13:25.384396 recv(0, "PASV\r\n", 4096, MSG_PEEK) = 6
11943 15:13:25.384426 read(0, "PASV\r\n", 6) = 6
11943 15:13:25.384458 write(5, "\n", 1) = 1
11943 15:13:25.384488 read(5,  <unfinished ...>
11941 15:13:25.384521 close(5)          = 0
11941 15:13:25.384558 getuid32()        = 0
11941 15:13:25.384596 open("/etc/passwd", O_RDONLY|0x80000 /* O_??? */) = 5
11941 15:13:25.384629 _llseek(5, 0, [0], SEEK_CUR) = 0
11941 15:13:25.384663 fstat64(5, {st_mode=S_IFREG|0644, st_size=1624, ...}) = 0
11941 15:13:25.384711 mmap2(NULL, 1624, PROT_READ, MAP_SHARED, 5, 0) = 0xb7f6b000
11941 15:13:25.384770 _llseek(5, 1624, [1624], SEEK_SET) = 0
11941 15:13:25.384826 munmap(0xb7f6b000, 1624) = 0
11941 15:13:25.384860 close(5)          = 0
11941 15:13:25.384905 setgroups32(0, []) = 0
11941 15:13:25.384938 chdir("/usr/share/empty") = 0
11941 15:13:25.384976 chroot(".")       = 0
11941 15:13:25.385005 capset(NULL, NULL) = -1 EFAULT (Bad address)
11941 15:13:25.385040 prctl(0x8, 0, 0xbf817ab8, 0x80549a6, 0xbf817aa0) = 0
11941 15:13:25.385069 prctl(0x8, 0x1, 0xbf817ab8, 0x8054a49, 0xbf817aa0) = 0
11941 15:13:25.385098 setgid32(65534)   = 0
11941 15:13:25.385123 setuid32(65534)   = 0
11941 15:13:25.385148 capset(0x19980330, 0, {CAP_NET_BIND_SERVICE, CAP_NET_BIND_SERVICE, 0}) = 0
11941 15:13:25.385186 read(4, "\n", 1)  = 1
11941 15:13:25.385221 write(4, "\1", 1) = 1
11943 15:13:25.385251 <... read resumed> "\1", 1) = 1
11943 15:13:25.385271 write(5, "\f", 1) = 1
11943 15:13:25.385298 read(5,  <unfinished ...>
11941 15:13:25.385316 read(4, "\f", 1)  = 1
11941 15:13:25.385350 socket(PF_INET, SOCK_STREAM, IPPROTO_TCP) = 5
11941 15:13:25.385387 setsockopt(5, SOL_SOCKET, SO_REUSEADDR, [1], 4) = 0
11941 15:13:25.385417 gettimeofday({1495653205, 385428}, NULL) = 0
11941 15:13:25.385461 bind(5, {sa_family=AF_INET, sin_port=htons(52532), sin_addr=inet_addr("127.0.0.1")}, 16) = 0
11941 15:13:25.385502 listen(5, 1)      = 0
11941 15:13:25.385536 write(4, "4\315\0\0", 4) = 4
11943 15:13:25.385565 <... read resumed> "4\315\0\0", 4) = 4
11943 15:13:25.385603 write(0, "227 Entering Passive Mode (127,0,0,1,205,52).\r\n", 47) = 47
11943 15:13:25.385894 rt_sigaction(SIGALRM, {0x805cad0, ~[RTMIN RT_1], 0}, NULL, 8) = 0
11943 15:13:25.385927 alarm(300)        = 300
11943 15:13:25.385947 recv(0, "STOR myfile23\r\n", 4096, MSG_PEEK) = 15
11943 15:13:25.385970 read(0, "STOR myfile23\r\n", 15) = 15
11943 15:13:25.385998 write(5, "\v", 1) = 1
11943 15:13:25.386016 read(5,  <unfinished ...>
11941 15:13:25.386028 read(4, "\v", 1)  = 1
11941 15:13:25.386048 write(4, "\1\0\0\0", 4) = 4
11943 15:13:25.386066 <... read resumed> "\1\0\0\0", 4) = 4
11943 15:13:25.386081 gettimeofday({1495653205, 386096}, NULL) = 0
11943 15:13:25.386109 getcwd("/home/msfadmin", 4096) = 15
11943 15:13:25.386131 open("myfile23", O_WRONLY|O_CREAT|O_NONBLOCK|O_LARGEFILE, 0666) = 4
11943 15:13:25.386155 fstat64(4, {st_mode=S_IFREG|0644, st_size=17, ...}) = 0
11943 15:13:25.386183 fcntl64(4, F_GETFL) = 0x8801 (flags O_WRONLY|O_NONBLOCK|O_LARGEFILE)
11943 15:13:25.386202 fcntl64(4, F_SETFL, O_WRONLY|O_LARGEFILE) = 0
11943 15:13:25.386218 fcntl64(4, F_SETLKW64, {type=F_WRLCK, whence=SEEK_SET, start=0, len=0}, 0xbf817a04) = 0
11943 15:13:25.386246 ftruncate64(4, 0) = 0
11943 15:13:25.386277 _llseek(4, 0, [0], SEEK_SET) = 0
11943 15:13:25.386298 write(5, "\v", 1) = 1
11943 15:13:25.386316 read(5,  <unfinished ...>
11941 15:13:25.386328 read(4, "\v", 1)  = 1
11941 15:13:25.386347 write(4, "\1\0\0\0", 4) = 4
11943 15:13:25.386364 <... read resumed> "\1\0\0\0", 4) = 4
11943 15:13:25.386377 write(5, "\v", 1) = 1
11943 15:13:25.386393 read(5,  <unfinished ...>
11941 15:13:25.386404 read(4, "\v", 1)  = 1
11941 15:13:25.386422 write(4, "\1\0\0\0", 4) = 4
11943 15:13:25.386438 <... read resumed> "\1\0\0\0", 4) = 4
11943 15:13:25.386451 write(5, "\r", 1) = 1
11943 15:13:25.386467 read(5,  <unfinished ...>
11941 15:13:25.386478 read(4, "\r", 1)  = 1
11941 15:13:25.386500 select(6, [5], NULL, NULL, {60, 0}) = 1 (in [5], left {60, 0})
11941 15:13:25.386529 accept(5, {sa_family=AF_INET, sin_port=htons(53991), sin_addr=inet_addr("127.0.0.1")}, [16]) = 6
11941 15:13:25.386565 write(4, "\1", 1) = 1
11943 15:13:25.386583 <... read resumed> "\1", 1) = 1
11943 15:13:25.386599 recvmsg(5,  <unfinished ...>
11941 15:13:25.386615 sendmsg(4, {msg_name(0)=NULL, msg_iov(1)=[{"\0", 1}], msg_controllen=16, {cmsg_len=16, cmsg_level=SOL_SOCKET, cmsg_type=SCM_RIGHTS, {6}}, msg_flags=0}, 0) = 1
11943 15:13:25.386643 <... recvmsg resumed> {msg_name(0)=NULL, msg_iov(1)=[{"\0", 1}], msg_controllen=16, {cmsg_len=16, cmsg_level=SOL_SOCKET, cmsg_type=SCM_RIGHTS, {6}}, msg_flags=0}, 0) = 1
11943 15:13:25.386687 setsockopt(6, SOL_SOCKET, SO_KEEPALIVE, [1], 4) = 0
11943 15:13:25.386713 setsockopt(6, SOL_IP, IP_TOS, [8], 4) = 0
11943 15:13:25.386743 setsockopt(6, SOL_SOCKET, SO_LINGER, {onoff=1, linger=32767}, 8) = 0
11943 15:13:25.386764 rt_sigaction(SIGALRM, {0x805cad0, ~[RTMIN RT_1], 0}, NULL, 8) = 0
11943 15:13:25.386787 alarm(300)        = 300
11943 15:13:25.386808 write(0, "150 Ok to send data.\r\n", 22) = 22
11943 15:13:25.386921 mmap2(NULL, 77824, PROT_READ|PROT_WRITE, MAP_PRIVATE|MAP_ANONYMOUS, -1, 0) = 0xb7da0000
11943 15:13:25.386944 mprotect(0xb7db2000, 4096, PROT_NONE) = 0
11943 15:13:25.386964 mprotect(0xb7da0000, 4096, PROT_NONE) = 0
11943 15:13:25.386981 read(6, "assasaaa\na\na\na\na\n", 65536) = 17
11943 15:13:25.387004 write(4, "assasaaa\na\na\na\na\n", 17) = 17
11943 15:13:25.387031 read(6, "", 65536) = 0
11943 15:13:25.387048 rt_sigaction(SIGALRM, {0x805cad0, ~[RTMIN RT_1], 0}, NULL, 8) = 0
11943 15:13:25.387075 alarm(300)        = 300
11943 15:13:25.387091 close(6)          = 0
11943 15:13:25.387106 alarm(0)          = 300
11943 15:13:25.387122 gettimeofday({1495653205, 387128}, NULL) = 0
11943 15:13:25.387190 getpid()          = 11943
11943 15:13:25.387217 gettimeofday({1495653205, 387224}, NULL) = 0
11943 15:13:25.387255 fcntl64(3, F_SETLKW64, {type=F_WRLCK, whence=SEEK_SET, start=0, len=0}, 0xbf8179a4) = 0
11943 15:13:25.387281 write(3, "Wed May 24 15:13:25 2017 [pid 11943] [msfadmin] OK UPLOAD: Client \"127.0.0.1\", \"/home/msfadmin/myfile23\", 17 bytes, 14.72Kbyte/sec\n", 131) = 131
11943 15:13:25.387316 fcntl64(3, F_SETLK64, {type=F_UNLCK, whence=SEEK_SET, start=0, len=0}, 0xbf8179ac) = 0
11943 15:13:25.387340 write(0, "226 Transfer complete.\r\n", 24) = 24
11943 15:13:25.387414 write(5, "\n", 1) = 1
11943 15:13:25.387433 read(5,  <unfinished ...>
11941 15:13:25.387445 close(6)          = 0
11941 15:13:25.387475 read(4, "\n", 1)  = 1
11941 15:13:25.387494 close(5)          = 0
11941 15:13:25.387512 write(4, "\1", 1) = 1
11943 15:13:25.387530 <... read resumed> "\1", 1) = 1
11943 15:13:25.387542 close(4)          = 0
11943 15:13:25.387560 rt_sigaction(SIGALRM, {0x805cad0, ~[RTMIN RT_1], 0}, NULL, 8) = 0
11943 15:13:25.387589 alarm(300)        = 0
11943 15:13:25.387629 recv(0,  <unfinished ...>
11941 15:13:25.387645 read(4,  <unfinished ...>
11943 15:13:25.932995 <... recv resumed> "TYPE I\r\n", 4096, MSG_PEEK) = 8
11943 15:13:25.933134 read(0, "TYPE I\r\n", 8) = 8
11943 15:13:25.933268 write(0, "200 Switching to Binary mode.\r\n", 31) = 31
11943 15:13:25.933447 rt_sigaction(SIGALRM, {0x805cad0, ~[RTMIN RT_1], 0}, NULL, 8) = 0
11943 15:13:25.933519 alarm(300)        = 299
11943 15:13:25.933558 recv(0, "PASV\r\n", 4096, MSG_PEEK) = 6
11943 15:13:25.933589 read(0, "PASV\r\n", 6) = 6
11943 15:13:25.933621 write(5, "\n", 1) = 1
11943 15:13:25.933653 read(5,  <unfinished ...>
11941 15:13:25.933674 <... read resumed> "\n", 1) = 1
11941 15:13:25.933738 write(4, "\1", 1) = 1
11943 15:13:25.933776 <... read resumed> "\1", 1) = 1
11943 15:13:25.933796 write(5, "\f", 1) = 1
11943 15:13:25.933823 read(5,  <unfinished ...>
11941 15:13:25.933841 read(4, "\f", 1)  = 1
11941 15:13:25.933873 socket(PF_INET, SOCK_STREAM, IPPROTO_TCP) = 5
11941 15:13:25.933911 setsockopt(5, SOL_SOCKET, SO_REUSEADDR, [1], 4) = 0
11941 15:13:25.933948 bind(5, {sa_family=AF_INET, sin_port=htons(8140), sin_addr=inet_addr("127.0.0.1")}, 16) = 0
11941 15:13:25.933989 listen(5, 1)      = 0
11941 15:13:25.934023 write(4, "\314\37\0\0", 4) = 4
11943 15:13:25.934052 <... read resumed> "\314\37\0\0", 4) = 4
11943 15:13:25.934086 write(0, "227 Entering Passive Mode (127,0,0,1,31,204).\r\n", 47) = 47
11943 15:13:25.934347 rt_sigaction(SIGALRM, {0x805cad0, ~[RTMIN RT_1], 0}, NULL, 8) = 0
11943 15:13:25.934392 alarm(300)        = 300
11943 15:13:25.934423 recv(0, "STOR myfile24\r\n", 4096, MSG_PEEK) = 15
11943 15:13:25.934456 read(0, "STOR myfile24\r\n", 15) = 15
11943 15:13:25.934492 write(5, "\v", 1) = 1
11943 15:13:25.934520 read(5,  <unfinished ...>
11941 15:13:25.934539 read(4, "\v", 1)  = 1
11941 15:13:25.934569 write(4, "\1\0\0\0", 4) = 4
11943 15:13:25.934597 <... read resumed> "\1\0\0\0", 4) = 4
11943 15:13:25.934618 gettimeofday({1495653205, 934628}, NULL) = 0
11943 15:13:25.934646 getcwd("/home/msfadmin", 4096) = 15
11943 15:13:25.934722 open("myfile24", O_WRONLY|O_CREAT|O_NONBLOCK|O_LARGEFILE, 0666) = 4
11943 15:13:25.934762 fstat64(4, {st_mode=S_IFREG|0644, st_size=17, ...}) = 0
11943 15:13:25.934808 fcntl64(4, F_GETFL) = 0x8801 (flags O_WRONLY|O_NONBLOCK|O_LARGEFILE)
11943 15:13:25.934838 fcntl64(4, F_SETFL, O_WRONLY|O_LARGEFILE) = 0
11943 15:13:25.934865 fcntl64(4, F_SETLKW64, {type=F_WRLCK, whence=SEEK_SET, start=0, len=0}, 0xbf817a04) = 0
11943 15:13:25.934903 ftruncate64(4, 0) = 0
11943 15:13:25.934949 _llseek(4, 0, [0], SEEK_SET) = 0
11943 15:13:25.934979 write(5, "\v", 1) = 1
11943 15:13:25.935007 read(5,  <unfinished ...>
11941 15:13:25.935026 read(4, "\v", 1)  = 1
11941 15:13:25.935056 write(4, "\1\0\0\0", 4) = 4
11943 15:13:25.935084 <... read resumed> "\1\0\0\0", 4) = 4
11943 15:13:25.935104 write(5, "\v", 1) = 1
11943 15:13:25.935130 read(5,  <unfinished ...>
11941 15:13:25.935148 read(4, "\v", 1)  = 1
11941 15:13:25.935176 write(4, "\1\0\0\0", 4) = 4
11943 15:13:25.935203 <... read resumed> "\1\0\0\0", 4) = 4
11943 15:13:25.935223 write(5, "\r", 1) = 1
11943 15:13:25.935249 read(5,  <unfinished ...>
11941 15:13:25.935266 read(4, "\r", 1)  = 1
11941 15:13:25.935297 select(6, [5], NULL, NULL, {60, 0}) = 1 (in [5], left {60, 0})
11941 15:13:25.935339 accept(5, {sa_family=AF_INET, sin_port=htons(54921), sin_addr=inet_addr("127.0.0.1")}, [16]) = 6
11941 15:13:25.935397 write(4, "\1", 1) = 1
11943 15:13:25.935425 <... read resumed> "\1", 1) = 1
11943 15:13:25.935448 recvmsg(5,  <unfinished ...>
11941 15:13:25.935471 sendmsg(4, {msg_name(0)=NULL, msg_iov(1)=[{"\0", 1}], msg_controllen=16, {cmsg_len=16, cmsg_level=SOL_SOCKET, cmsg_type=SCM_RIGHTS, {6}}, msg_flags=0}, 0) = 1
11943 15:13:25.935516 <... recvmsg resumed> {msg_name(0)=NULL, msg_iov(1)=[{"\0", 1}], msg_controllen=16, {cmsg_len=16, cmsg_level=SOL_SOCKET, cmsg_type=SCM_RIGHTS, {6}}, msg_flags=0}, 0) = 1
11943 15:13:25.935551 setsockopt(6, SOL_SOCKET, SO_KEEPALIVE, [1], 4) = 0
11943 15:13:25.935598 setsockopt(6, SOL_IP, IP_TOS, [8], 4) = 0
11943 15:13:25.935676 setsockopt(6, SOL_SOCKET, SO_LINGER, {onoff=1, linger=32767}, 8) = 0
11943 15:13:25.935723 rt_sigaction(SIGALRM, {0x805cad0, ~[RTMIN RT_1], 0}, NULL, 8) = 0
11943 15:13:25.935760 alarm(300)        = 300
11943 15:13:25.935795 write(0, "150 Ok to send data.\r\n", 22) = 22
11943 15:13:25.935962 read(6, "assasaaa\na\na\na\na\n", 65536) = 17
11943 15:13:25.936001 write(4, "assasaaa\na\na\na\na\n", 17) = 17
11943 15:13:25.936044 read(6, "", 65536) = 0
11943 15:13:25.936072 rt_sigaction(SIGALRM, {0x805cad0, ~[RTMIN RT_1], 0}, NULL, 8) = 0
11943 15:13:25.936109 alarm(300)        = 300
11943 15:13:25.936135 close(6)          = 0
11943 15:13:25.936160 alarm(0)          = 300
11943 15:13:25.936185 gettimeofday({1495653205, 936195}, NULL) = 0
11943 15:13:25.936225 gettimeofday({1495653205, 936235}, NULL) = 0
11943 15:13:25.936261 fcntl64(3, F_SETLKW64, {type=F_WRLCK, whence=SEEK_SET, start=0, len=0}, 0xbf8179a4) = 0
11943 15:13:25.936300 write(3, "Wed May 24 15:13:25 2017 [pid 11943] [msfadmin] OK UPLOAD: Client \"127.0.0.1\", \"/home/msfadmin/myfile24\", 17 bytes, 10.33Kbyte/sec\n", 131) = 131
11943 15:13:25.936355 fcntl64(3, F_SETLK64, {type=F_UNLCK, whence=SEEK_SET, start=0, len=0}, 0xbf8179ac) = 0
11943 15:13:25.936393 write(0, "226 Transfer complete.\r\n", 24) = 24
11943 15:13:25.936500 write(5, "\n", 1) = 1
11943 15:13:25.936532 read(5,  <unfinished ...>
11941 15:13:25.936551 close(6)          = 0
11941 15:13:25.936629 read(4, "\n", 1)  = 1
11941 15:13:25.936694 close(5)          = 0
11941 15:13:25.936743 write(4, "\1", 1) = 1
11943 15:13:25.936783 <... read resumed> "\1", 1) = 1
11943 15:13:25.936803 close(4)          = 0
11943 15:13:25.936833 rt_sigaction(SIGALRM, {0x805cad0, ~[RTMIN RT_1], 0}, NULL, 8) = 0
11943 15:13:25.936869 alarm(300)        = 0
11943 15:13:25.936899 recv(0,  <unfinished ...>
11941 15:13:25.936920 read(4,  <unfinished ...>
11943 15:13:26.442647 <... recv resumed> "TYPE I\r\n", 4096, MSG_PEEK) = 8
11943 15:13:26.442853 read(0, "TYPE I\r\n", 8) = 8
11943 15:13:26.443303 write(0, "200 Switching to Binary mode.\r\n", 31) = 31
11943 15:13:26.443703 rt_sigaction(SIGALRM, {0x805cad0, ~[RTMIN RT_1], 0}, NULL, 8) = 0
11943 15:13:26.443828 alarm(300)        = 299
11943 15:13:26.443914 recv(0, "PASV\r\n", 4096, MSG_PEEK) = 6
11943 15:13:26.444001 read(0, "PASV\r\n", 6) = 6
11943 15:13:26.444155 write(5, "\n", 1) = 1
11943 15:13:26.444242 read(5,  <unfinished ...>
11941 15:13:26.444279 <... read resumed> "\n", 1) = 1
11941 15:13:26.444316 write(4, "\1", 1) = 1
11943 15:13:26.444364 <... read resumed> "\1", 1) = 1
11943 15:13:26.444396 write(5, "\f", 1) = 1
11943 15:13:26.444440 read(5,  <unfinished ...>
11941 15:13:26.444470 read(4, "\f", 1)  = 1
11941 15:13:26.444522 socket(PF_INET, SOCK_STREAM, IPPROTO_TCP) = 5
11941 15:13:26.444585 setsockopt(5, SOL_SOCKET, SO_REUSEADDR, [1], 4) = 0
11941 15:13:26.444645 bind(5, {sa_family=AF_INET, sin_port=htons(25111), sin_addr=inet_addr("127.0.0.1")}, 16) = 0
11941 15:13:26.444860 listen(5, 1)      = 0
11941 15:13:26.444923 write(4, "\27b\0\0", 4) = 4
11943 15:13:26.444975 <... read resumed> "\27b\0\0", 4) = 4
11943 15:13:26.445175 write(0, "227 Entering Passive Mode (127,0,0,1,98,23).\r\n", 46) = 46
11943 15:13:26.445806 rt_sigaction(SIGALRM, {0x805cad0, ~[RTMIN RT_1], 0}, NULL, 8) = 0
11943 15:13:26.445920 alarm(300)        = 300
11943 15:13:26.446170 recv(0, "STOR myfile25\r\n", 4096, MSG_PEEK) = 15
11943 15:13:26.446256 read(0, "STOR myfile25\r\n", 15) = 15
11943 15:13:26.446340 write(5, "\v", 1) = 1
11943 15:13:26.446406 read(5,  <unfinished ...>
11941 15:13:26.446450 read(4, "\v", 1)  = 1
11941 15:13:26.446525 write(4, "\1\0\0\0", 4) = 4
11943 15:13:26.446599 <... read resumed> "\1\0\0\0", 4) = 4
11943 15:13:26.446653 gettimeofday({1495653206, 446678}, NULL) = 0
11943 15:13:26.446724 getcwd("/home/msfadmin", 4096) = 15
11943 15:13:26.446805 open("myfile25", O_WRONLY|O_CREAT|O_NONBLOCK|O_LARGEFILE, 0666) = 4
11943 15:13:26.446895 fstat64(4, {st_mode=S_IFREG|0644, st_size=17, ...}) = 0
11943 15:13:26.447162 fcntl64(4, F_GETFL) = 0x8801 (flags O_WRONLY|O_NONBLOCK|O_LARGEFILE)
11943 15:13:26.447260 fcntl64(4, F_SETFL, O_WRONLY|O_LARGEFILE) = 0
11943 15:13:26.447334 fcntl64(4, F_SETLKW64, {type=F_WRLCK, whence=SEEK_SET, start=0, len=0}, 0xbf817a04) = 0
11943 15:13:26.447401 ftruncate64(4, 0) = 0
11943 15:13:26.447473 _llseek(4, 0, [0], SEEK_SET) = 0
11943 15:13:26.447521 write(5, "\v", 1) = 1
11943 15:13:26.447569 read(5,  <unfinished ...>
11941 15:13:26.447601 read(4, "\v", 1)  = 1
11941 15:13:26.447652 write(4, "\1\0\0\0", 4) = 4
11943 15:13:26.447709 <... read resumed> "\1\0\0\0", 4) = 4
11943 15:13:26.447744 write(5, "\v", 1) = 1
11943 15:13:26.447787 read(5,  <unfinished ...>
11941 15:13:26.447816 read(4, "\v", 1)  = 1
11941 15:13:26.447863 write(4, "\1\0\0\0", 4) = 4
11943 15:13:26.447907 <... read resumed> "\1\0\0\0", 4) = 4
11943 15:13:26.447940 write(5, "\r", 1) = 1
11943 15:13:26.448040 read(5,  <unfinished ...>
11941 15:13:26.448084 read(4, "\r", 1)  = 1
11941 15:13:26.448139 select(6, [5], NULL, NULL, {60, 0}) = 1 (in [5], left {60, 0})
11941 15:13:26.448210 accept(5, {sa_family=AF_INET, sin_port=htons(51329), sin_addr=inet_addr("127.0.0.1")}, [16]) = 6
11941 15:13:26.448309 write(4, "\1", 1) = 1
11943 15:13:26.448354 <... read resumed> "\1", 1) = 1
11943 15:13:26.448392 recvmsg(5,  <unfinished ...>
11941 15:13:26.448429 sendmsg(4, {msg_name(0)=NULL, msg_iov(1)=[{"\0", 1}], msg_controllen=16, {cmsg_len=16, cmsg_level=SOL_SOCKET, cmsg_type=SCM_RIGHTS, {6}}, msg_flags=0}, 0) = 1
11943 15:13:26.448503 <... recvmsg resumed> {msg_name(0)=NULL, msg_iov(1)=[{"\0", 1}], msg_controllen=16, {cmsg_len=16, cmsg_level=SOL_SOCKET, cmsg_type=SCM_RIGHTS, {6}}, msg_flags=0}, 0) = 1
11943 15:13:26.448561 setsockopt(6, SOL_SOCKET, SO_KEEPALIVE, [1], 4) = 0
11943 15:13:26.448615 setsockopt(6, SOL_IP, IP_TOS, [8], 4) = 0
11943 15:13:26.448666 setsockopt(6, SOL_SOCKET, SO_LINGER, {onoff=1, linger=32767}, 8) = 0
11943 15:13:26.448715 rt_sigaction(SIGALRM, {0x805cad0, ~[RTMIN RT_1], 0}, NULL, 8) = 0
11943 15:13:26.448775 alarm(300)        = 300
11943 15:13:26.448834 write(0, "150 Ok to send data.\r\n", 22) = 22
11943 15:13:26.449215 read(6, "assasaaa\na\na\na\na\n", 65536) = 17
11943 15:13:26.449282 write(4, "assasaaa\na\na\na\na\n", 17) = 17
11943 15:13:26.449354 read(6, "", 65536) = 0
11943 15:13:26.449399 rt_sigaction(SIGALRM, {0x805cad0, ~[RTMIN RT_1], 0}, NULL, 8) = 0
11943 15:13:26.449459 alarm(300)        = 300
11943 15:13:26.449503 close(6 <unfinished ...>
11941 15:13:26.449530 close(6 <unfinished ...>
11943 15:13:26.449553 <... close resumed> ) = 0
11941 15:13:26.449607 <... close resumed> ) = 0
