9725  14:50:49.081030 fstat64(4, {st_mode=S_IFREG|0644, st_size=886, ...}) = 0
9725  14:50:49.081079 munmap(0xb7f38000, 886) = 0
9725  14:50:49.081108 close(4)          = 0
9725  14:50:49.081137 setgroups32(13, [1000, 4, 20, 24, 25, 29, 30, 44, 46, 107, 111, 112, 119]) = 0
9725  14:50:49.081183 geteuid32()       = 0
9725  14:50:49.081214 getegid32()       = 0
9725  14:50:49.081244 setregid32(-1, 1000) = 0
9725  14:50:49.081293 setreuid32(-1, 1000) = 0
9725  14:50:49.081331 chdir("/home/msfadmin") = 0
9725  14:50:49.081365 setreuid32(-1, 0) = 0
9725  14:50:49.081392 setregid32(-1, 0) = 0
9725  14:50:49.081423 setgid32(1000)    = 0
9725  14:50:49.081451 setuid32(1000)    = 0
9725  14:50:49.081481 setrlimit(RLIMIT_NPROC, {rlim_cur=0, rlim_max=0}) = 0
9725  14:50:49.081519 mmap2(NULL, 12288, PROT_READ|PROT_WRITE, MAP_PRIVATE|MAP_ANONYMOUS, -1, 0) = 0xb7f36000
9725  14:50:49.081565 mprotect(0xb7f38000, 4096, PROT_NONE) = 0
9725  14:50:49.081599 mprotect(0xb7f36000, 4096, PROT_NONE) = 0
9725  14:50:49.081631 getcwd("/home/msfadmin", 4096) = 15
9725  14:50:49.081670 umask(022)        = 077
9725  14:50:49.081698 getcwd("/home/msfadmin", 4096) = 15
9725  14:50:49.081737 open(".message", O_RDONLY|O_NONBLOCK|O_LARGEFILE) = -1 ENOENT (No such file or directory)
9725  14:50:49.081800 write(0, "230 Login successful.\r\n", 23) = 23
9725  14:50:49.082016 rt_sigaction(SIGALRM, {0x805cad0, ~[RTMIN RT_1], 0}, NULL, 8) = 0
9725  14:50:49.082064 alarm(300)        = 0
9725  14:50:49.082095 mmap2(NULL, 12288, PROT_READ|PROT_WRITE, MAP_PRIVATE|MAP_ANONYMOUS, -1, 0) = 0xb7f33000
9725  14:50:49.082128 mprotect(0xb7f35000, 4096, PROT_NONE) = 0
9725  14:50:49.082161 mprotect(0xb7f33000, 4096, PROT_NONE) = 0
9725  14:50:49.082198 recv(0, "TYPE I\r\n", 4096, MSG_PEEK) = 8
9725  14:50:49.082234 read(0, "TYPE I\r\n", 8) = 8
9725  14:50:49.082316 write(0, "200 Switching to Binary mode.\r\n", 31) = 31
9725  14:50:49.082426 rt_sigaction(SIGALRM, {0x805cad0, ~[RTMIN RT_1], 0}, NULL, 8) = 0
9725  14:50:49.082468 alarm(300)        = 300
9725  14:50:49.082501 recv(0, "PASV\r\n", 4096, MSG_PEEK) = 6
9725  14:50:49.082533 read(0, "PASV\r\n", 6) = 6
9725  14:50:49.082567 write(5, "\n", 1) = 1
9725  14:50:49.082599 read(5,  <unfinished ...>
9723  14:50:49.082633 close(5)          = 0
9723  14:50:49.082669 getuid32()        = 0
9723  14:50:49.082711 open("/etc/passwd", O_RDONLY|0x80000 /* O_??? */) = 5
9723  14:50:49.082752 _llseek(5, 0, [0], SEEK_CUR) = 0
9723  14:50:49.082788 fstat64(5, {st_mode=S_IFREG|0644, st_size=1624, ...}) = 0
9723  14:50:49.082838 mmap2(NULL, 1624, PROT_READ, MAP_SHARED, 5, 0) = 0xb7f38000
9723  14:50:49.082872 _llseek(5, 1624, [1624], SEEK_SET) = 0
9723  14:50:49.082922 munmap(0xb7f38000, 1624) = 0
9723  14:50:49.082955 close(5)          = 0
9723  14:50:49.083000 setgroups32(0, []) = 0
9723  14:50:49.083033 chdir("/usr/share/empty") = 0
9723  14:50:49.083068 chroot(".")       = 0
9723  14:50:49.083099 capset(NULL, NULL) = -1 EFAULT (Bad address)
9723  14:50:49.083136 prctl(0x8, 0, 0xbff259c8, 0x80549a6, 0xbff259b0) = 0
9723  14:50:49.083168 prctl(0x8, 0x1, 0xbff259c8, 0x8054a49, 0xbff259b0) = 0
9723  14:50:49.083198 setgid32(65534)   = 0
9723  14:50:49.083397 setuid32(65534)   = 0
9723  14:50:49.083420 capset(0x19980330, 0, {CAP_NET_BIND_SERVICE, CAP_NET_BIND_SERVICE, 0}) = 0
9723  14:50:49.083451 read(4, "\n", 1)  = 1
9723  14:50:49.083480 write(4, "\1", 1) = 1
9725  14:50:49.083505 <... read resumed> "\1", 1) = 1
9725  14:50:49.083522 write(5, "\f", 1) = 1
9725  14:50:49.083544 read(5,  <unfinished ...>
9723  14:50:49.083560 read(4, "\f", 1)  = 1
9723  14:50:49.083587 socket(PF_INET, SOCK_STREAM, IPPROTO_TCP) = 5
9723  14:50:49.083617 setsockopt(5, SOL_SOCKET, SO_REUSEADDR, [1], 4) = 0
9723  14:50:49.083643 gettimeofday({1495651849, 83651}, NULL) = 0
9723  14:50:49.083677 bind(5, {sa_family=AF_INET, sin_port=htons(39889), sin_addr=inet_addr("127.0.0.1")}, 16) = 0
9723  14:50:49.083711 listen(5, 1)      = 0
9723  14:50:49.083738 write(4, "\321\233\0\0", 4) = 4
9725  14:50:49.083763 <... read resumed> "\321\233\0\0", 4) = 4
9725  14:50:49.083793 write(0, "227 Entering Passive Mode (127,0,0,1,155,209).\r\n", 48) = 48
9725  14:50:49.083996 rt_sigaction(SIGALRM, {0x805cad0, ~[RTMIN RT_1], 0}, NULL, 8) = 0
9725  14:50:49.084032 alarm(300)        = 300
9725  14:50:49.084058 recv(0, "STOR myfile4\r\n", 4096, MSG_PEEK) = 14
9725  14:50:49.084085 read(0, "STOR myfile4\r\n", 14) = 14
9725  14:50:49.084117 write(5, "\v", 1) = 1
9725  14:50:49.084141 read(5,  <unfinished ...>
9723  14:50:49.084157 read(4, "\v", 1)  = 1
9723  14:50:49.084182 write(4, "\1\0\0\0", 4) = 4
9725  14:50:49.084206 <... read resumed> "\1\0\0\0", 4) = 4
9725  14:50:49.084224 gettimeofday({1495651849, 84233}, NULL) = 0
9725  14:50:49.084248 getcwd("/home/msfadmin", 4096) = 15
9725  14:50:49.084275 open("myfile4", O_WRONLY|O_CREAT|O_NONBLOCK|O_LARGEFILE, 0666) = 4
9725  14:50:49.084330 fstat64(4, {st_mode=S_IFREG|0644, st_size=17, ...}) = 0
9725  14:50:49.084377 fcntl64(4, F_GETFL) = 0x8801 (flags O_WRONLY|O_NONBLOCK|O_LARGEFILE)
9725  14:50:49.084409 fcntl64(4, F_SETFL, O_WRONLY|O_LARGEFILE) = 0
9725  14:50:49.084423 fcntl64(4, F_SETLKW64, {type=F_WRLCK, whence=SEEK_SET, start=0, len=0}, 0xbff25914) = 0
9725  14:50:49.084445 ftruncate64(4, 0) = 0
9725  14:50:49.084469 _llseek(4, 0, [0], SEEK_SET) = 0
9725  14:50:49.084484 write(5, "\v", 1) = 1
9725  14:50:49.084499 read(5,  <unfinished ...>
9723  14:50:49.084510 read(4, "\v", 1)  = 1
9723  14:50:49.084525 write(4, "\1\0\0\0", 4) = 4
9725  14:50:49.084540 <... read resumed> "\1\0\0\0", 4) = 4
9725  14:50:49.084551 write(5, "\v", 1) = 1
9725  14:50:49.084565 read(5,  <unfinished ...>
9723  14:50:49.084574 read(4, "\v", 1)  = 1
9723  14:50:49.084589 write(4, "\1\0\0\0", 4) = 4
9725  14:50:49.084603 <... read resumed> "\1\0\0\0", 4) = 4
9725  14:50:49.084614 write(5, "\r", 1) = 1
9725  14:50:49.084628 read(5,  <unfinished ...>
9723  14:50:49.084637 read(4, "\r", 1)  = 1
9723  14:50:49.084655 select(6, [5], NULL, NULL, {60, 0}) = 1 (in [5], left {60, 0})
9723  14:50:49.084678 accept(5, {sa_family=AF_INET, sin_port=htons(43132), sin_addr=inet_addr("127.0.0.1")}, [16]) = 6
9723  14:50:49.084708 write(4, "\1", 1) = 1
9725  14:50:49.084723 <... read resumed> "\1", 1) = 1
9725  14:50:49.084735 recvmsg(5,  <unfinished ...>
9723  14:50:49.084748 sendmsg(4, {msg_name(0)=NULL, msg_iov(1)=[{"\0", 1}], msg_controllen=16, {cmsg_len=16, cmsg_level=SOL_SOCKET, cmsg_type=SCM_RIGHTS, {6}}, msg_flags=0}, 0) = 1
9725  14:50:49.084772 <... recvmsg resumed> {msg_name(0)=NULL, msg_iov(1)=[{"\0", 1}], msg_controllen=16, {cmsg_len=16, cmsg_level=SOL_SOCKET, cmsg_type=SCM_RIGHTS, {6}}, msg_flags=0}, 0) = 1
9725  14:50:49.084790 setsockopt(6, SOL_SOCKET, SO_KEEPALIVE, [1], 4) = 0
9725  14:50:49.084807 setsockopt(6, SOL_IP, IP_TOS, [8], 4) = 0
9725  14:50:49.084823 setsockopt(6, SOL_SOCKET, SO_LINGER, {onoff=1, linger=32767}, 8) = 0
9725  14:50:49.084839 rt_sigaction(SIGALRM, {0x805cad0, ~[RTMIN RT_1], 0}, NULL, 8) = 0
9725  14:50:49.084857 alarm(300)        = 300
9725  14:50:49.084874 write(0, "150 Ok to send data.\r\n", 22) = 22
9725  14:50:49.084956 mmap2(NULL, 77824, PROT_READ|PROT_WRITE, MAP_PRIVATE|MAP_ANONYMOUS, -1, 0) = 0xb7d6d000
9725  14:50:49.084975 mprotect(0xb7d7f000, 4096, PROT_NONE) = 0
9725  14:50:49.084992 mprotect(0xb7d6d000, 4096, PROT_NONE) = 0
9725  14:50:49.085006 read(6, "assasaaa\na\na\na\na\n", 65536) = 17
9725  14:50:49.085025 write(4, "assasaaa\na\na\na\na\n", 17) = 17
9725  14:50:49.085045 read(6, "", 65536) = 0
9725  14:50:49.085060 rt_sigaction(SIGALRM, {0x805cad0, ~[RTMIN RT_1], 0}, NULL, 8) = 0
9725  14:50:49.085078 alarm(300)        = 300
9725  14:50:49.085092 close(6)          = 0
9725  14:50:49.085105 alarm(0)          = 300
9725  14:50:49.085118 gettimeofday({1495651849, 85123}, NULL) = 0
9725  14:50:49.085142 getpid()          = 9725
9725  14:50:49.085158 gettimeofday({1495651849, 85164}, NULL) = 0
9725  14:50:49.085185 fcntl64(3, F_SETLKW64, {type=F_WRLCK, whence=SEEK_SET, start=0, len=0}, 0xbff258b4) = 0
9725  14:50:49.085207 write(3, "Wed May 24 14:50:49 2017 [pid 9725] [msfadmin] OK UPLOAD: Client \"127.0.0.1\", \"/home/msfadmin/myfile4\", 17 bytes, 17.83Kbyte/sec\n", 129) = 129
9725  14:50:49.085246 fcntl64(3, F_SETLK64, {type=F_UNLCK, whence=SEEK_SET, start=0, len=0}, 0xbff258bc) = 0
9725  14:50:49.085290 write(0, "226 Transfer complete.\r\n", 24) = 24
9725  14:50:49.085347 write(5, "\n", 1) = 1
9725  14:50:49.085363 read(5,  <unfinished ...>
9723  14:50:49.085373 close(6)          = 0
9723  14:50:49.085398 read(4, "\n", 1)  = 1
9723  14:50:49.085414 close(5)          = 0
9723  14:50:49.085429 write(4, "\1", 1) = 1
9725  14:50:49.085444 <... read resumed> "\1", 1) = 1
9725  14:50:49.085454 close(4)          = 0
9725  14:50:49.085469 rt_sigaction(SIGALRM, {0x805cad0, ~[RTMIN RT_1], 0}, NULL, 8) = 0
9725  14:50:49.085487 alarm(300)        = 0
9725  14:50:49.085503 recv(0,  <unfinished ...>
9723  14:50:49.085514 read(4,  <unfinished ...>
9725  14:50:49.617852 <... recv resumed> "TYPE I\r\n", 4096, MSG_PEEK) = 8
9725  14:50:49.618016 read(0, "TYPE I\r\n", 8) = 8
9725  14:50:49.618156 write(0, "200 Switching to Binary mode.\r\n", 31) = 31
9725  14:50:49.618338 rt_sigaction(SIGALRM, {0x805cad0, ~[RTMIN RT_1], 0}, NULL, 8) = 0
9725  14:50:49.618404 alarm(300)        = 299
9725  14:50:49.618450 recv(0, "PASV\r\n", 4096, MSG_PEEK) = 6
9725  14:50:49.618481 read(0, "PASV\r\n", 6) = 6
9725  14:50:49.618512 write(5, "\n", 1) = 1
9725  14:50:49.618544 read(5,  <unfinished ...>
9723  14:50:49.618563 <... read resumed> "\n", 1) = 1
9723  14:50:49.618584 write(4, "\1", 1) = 1
9725  14:50:49.618611 <... read resumed> "\1", 1) = 1
9725  14:50:49.618630 write(5, "\f", 1) = 1
9725  14:50:49.618696 read(5,  <unfinished ...>
9723  14:50:49.618735 read(4, "\f", 1)  = 1
9723  14:50:49.618768 socket(PF_INET, SOCK_STREAM, IPPROTO_TCP) = 5
9723  14:50:49.618803 setsockopt(5, SOL_SOCKET, SO_REUSEADDR, [1], 4) = 0
9723  14:50:49.618836 bind(5, {sa_family=AF_INET, sin_port=htons(18267), sin_addr=inet_addr("127.0.0.1")}, 16) = 0
9723  14:50:49.618874 listen(5, 1)      = 0
9723  14:50:49.618905 write(4, "[G\0\0", 4) = 4
9725  14:50:49.618933 <... read resumed> "[G\0\0", 4) = 4
9725  14:50:49.618964 write(0, "227 Entering Passive Mode (127,0,0,1,71,91).\r\n", 46) = 46
9725  14:50:49.619232 rt_sigaction(SIGALRM, {0x805cad0, ~[RTMIN RT_1], 0}, NULL, 8) = 0
9725  14:50:49.619274 alarm(300)        = 300
9725  14:50:49.619304 recv(0, "STOR myfile5\r\n", 4096, MSG_PEEK) = 14
9725  14:50:49.619334 read(0, "STOR myfile5\r\n", 14) = 14
9725  14:50:49.619368 write(5, "\v", 1) = 1
9725  14:50:49.619395 read(5,  <unfinished ...>
9723  14:50:49.619414 read(4, "\v", 1)  = 1
9723  14:50:49.619443 write(4, "\1\0\0\0", 4) = 4
9725  14:50:49.619471 <... read resumed> "\1\0\0\0", 4) = 4
9725  14:50:49.619491 gettimeofday({1495651849, 619500}, NULL) = 0
9725  14:50:49.619517 getcwd("/home/msfadmin", 4096) = 15
9725  14:50:49.619549 open("myfile5", O_WRONLY|O_CREAT|O_NONBLOCK|O_LARGEFILE, 0666) = 4
9725  14:50:49.619583 fstat64(4, {st_mode=S_IFREG|0644, st_size=17, ...}) = 0
9725  14:50:49.619625 fcntl64(4, F_GETFL) = 0x8801 (flags O_WRONLY|O_NONBLOCK|O_LARGEFILE)
9725  14:50:49.619652 fcntl64(4, F_SETFL, O_WRONLY|O_LARGEFILE) = 0
9725  14:50:49.619677 fcntl64(4, F_SETLKW64, {type=F_WRLCK, whence=SEEK_SET, start=0, len=0}, 0xbff25914) = 0
9725  14:50:49.619778 ftruncate64(4, 0) = 0
9725  14:50:49.619832 _llseek(4, 0, [0], SEEK_SET) = 0
9725  14:50:49.619863 write(5, "\v", 1) = 1
9725  14:50:49.619892 read(5,  <unfinished ...>
9723  14:50:49.619913 read(4, "\v", 1)  = 1
9723  14:50:49.619943 write(4, "\1\0\0\0", 4) = 4
9725  14:50:49.619974 <... read resumed> "\1\0\0\0", 4) = 4
9725  14:50:49.619994 write(5, "\v", 1) = 1
9725  14:50:49.620020 read(5,  <unfinished ...>
9723  14:50:49.620038 read(4, "\v", 1)  = 1
9723  14:50:49.620067 write(4, "\1\0\0\0", 4) = 4
9725  14:50:49.620095 <... read resumed> "\1\0\0\0", 4) = 4
9725  14:50:49.620115 write(5, "\r", 1) = 1
9725  14:50:49.620141 read(5,  <unfinished ...>
9723  14:50:49.620158 read(4, "\r", 1)  = 1
9723  14:50:49.620188 select(6, [5], NULL, NULL, {60, 0}) = 1 (in [5], left {60, 0})
9723  14:50:49.620212 accept(5, {sa_family=AF_INET, sin_port=htons(52908), sin_addr=inet_addr("127.0.0.1")}, [16]) = 6
9723  14:50:49.620213 write(4, "\1", 1) = 1
9725  14:50:49.620238 <... read resumed> "\1", 1) = 1
9725  14:50:49.620262 recvmsg(5,  <unfinished ...>
9723  14:50:49.620313 sendmsg(4, {msg_name(0)=NULL, msg_iov(1)=[{"\0", 1}], msg_controllen=16, {cmsg_len=16, cmsg_level=SOL_SOCKET, cmsg_type=SCM_RIGHTS, {6}}, msg_flags=0}, 0) = 1
9725  14:50:49.620361 <... recvmsg resumed> {msg_name(0)=NULL, msg_iov(1)=[{"\0", 1}], msg_controllen=16, {cmsg_len=16, cmsg_level=SOL_SOCKET, cmsg_type=SCM_RIGHTS, {6}}, msg_flags=0}, 0) = 1
9725  14:50:49.620398 setsockopt(6, SOL_SOCKET, SO_KEEPALIVE, [1], 4) = 0
9725  14:50:49.620431 setsockopt(6, SOL_IP, IP_TOS, [8], 4) = 0
9725  14:50:49.620488 setsockopt(6, SOL_SOCKET, SO_LINGER, {onoff=1, linger=32767}, 8) = 0
9725  14:50:49.620521 rt_sigaction(SIGALRM, {0x805cad0, ~[RTMIN RT_1], 0}, NULL, 8) = 0
9725  14:50:49.620572 alarm(300)        = 300
9725  14:50:49.620610 write(0, "150 Ok to send data.\r\n", 22) = 22
9725  14:50:49.620851 read(6, "assasaaa\na\na\na\na\n", 65536) = 17
9725  14:50:49.620888 write(4, "assasaaa\na\na\na\na\n", 17) = 17
9725  14:50:49.620932 read(6, "", 65536) = 0
9725  14:50:49.620961 rt_sigaction(SIGALRM, {0x805cad0, ~[RTMIN RT_1], 0}, NULL, 8) = 0
9725  14:50:49.620998 alarm(300)        = 300
9725  14:50:49.621024 close(6)          = 0
9725  14:50:49.621049 alarm(0)          = 300
9725  14:50:49.621074 gettimeofday({1495651849, 621084}, NULL) = 0
9725  14:50:49.621111 gettimeofday({1495651849, 621123}, NULL) = 0
9725  14:50:49.621147 fcntl64(3, F_SETLKW64, {type=F_WRLCK, whence=SEEK_SET, start=0, len=0}, 0xbff258b4) = 0
9725  14:50:49.621186 write(3, "Wed May 24 14:50:49 2017 [pid 9725] [msfadmin] OK UPLOAD: Client \"127.0.0.1\", \"/home/msfadmin/myfile5\", 17 bytes, 10.23Kbyte/sec\n", 129) = 129
9725  14:50:49.621238 fcntl64(3, F_SETLK64, {type=F_UNLCK, whence=SEEK_SET, start=0, len=0}, 0xbff258bc) = 0
9725  14:50:49.621277 write(0, "226 Transfer complete.\r\n", 24) = 24
9725  14:50:49.621397 write(5, "\n", 1) = 1
9725  14:50:49.621586 read(5,  <unfinished ...>
9723  14:50:49.621610 close(6)          = 0
9723  14:50:49.621663 read(4, "\n", 1)  = 1
9723  14:50:49.621695 close(5)          = 0
9723  14:50:49.621722 write(4, "\1", 1) = 1
9725  14:50:49.621750 <... read resumed> "\1", 1) = 1
9725  14:50:49.621769 close(4)          = 0
9725  14:50:49.621796 rt_sigaction(SIGALRM, {0x805cad0, ~[RTMIN RT_1], 0}, NULL, 8) = 0
9725  14:50:49.621832 alarm(300)        = 0
9725  14:50:49.621861 recv(0,  <unfinished ...>
9723  14:50:49.621882 read(4,  <unfinished ...>
9725  14:50:50.137959 <... recv resumed> "TYPE I\r\n", 4096, MSG_PEEK) = 8
9725  14:50:50.138140 read(0, "TYPE I\r\n", 8) = 8
9725  14:50:50.138317 write(0, "200 Switching to Binary mode.\r\n", 31) = 31
9725  14:50:50.138598 rt_sigaction(SIGALRM, {0x805cad0, ~[RTMIN RT_1], 0}, NULL, 8) = 0
9725  14:50:50.138686 alarm(300)        = 299
9725  14:50:50.138742 recv(0, "PASV\r\n", 4096, MSG_PEEK) = 6
9725  14:50:50.138796 read(0, "PASV\r\n", 6) = 6
9725  14:50:50.138852 write(5, "\n", 1) = 1
9725  14:50:50.138966 read(5,  <unfinished ...>
9723  14:50:50.139012 <... read resumed> "\n", 1) = 1
9723  14:50:50.139053 write(4, "\1", 1) = 1
9725  14:50:50.139224 <... read resumed> "\1", 1) = 1
9725  14:50:50.139277 write(5, "\f", 1) = 1
9725  14:50:50.139326 read(5,  <unfinished ...>
9723  14:50:50.139360 read(4, "\f", 1)  = 1
9723  14:50:50.139477 socket(PF_INET, SOCK_STREAM, IPPROTO_TCP) = 5
9723  14:50:50.139574 setsockopt(5, SOL_SOCKET, SO_REUSEADDR, [1], 4) = 0
9723  14:50:50.139666 bind(5, {sa_family=AF_INET, sin_port=htons(40745), sin_addr=inet_addr("127.0.0.1")}, 16) = 0
9723  14:50:50.139752 listen(5, 1)      = 0
9723  14:50:50.139813 write(4, ")\237\0\0", 4) = 4
9725  14:50:50.139869 <... read resumed> ")\237\0\0", 4) = 4
9725  14:50:50.139984 write(0, "227 Entering Passive Mode (127,0,0,1,159,41).\r\n", 47) = 47
9725  14:50:50.142048 rt_sigaction(SIGALRM, {0x805cad0, ~[RTMIN RT_1], 0}, NULL, 8) = 0
9725  14:50:50.142144 alarm(300)        = 300
9725  14:50:50.142202 recv(0, "STOR myfile6\r\n", 4096, MSG_PEEK) = 14
9725  14:50:50.142263 read(0, "STOR myfile6\r\n", 14) = 14
9725  14:50:50.142330 write(5, "\v", 1) = 1
9725  14:50:50.142451 read(5,  <unfinished ...>
9723  14:50:50.142493 read(4, "\v", 1)  = 1
9723  14:50:50.142550 write(4, "\1\0\0\0", 4) = 4
9725  14:50:50.142602 <... read resumed> "\1\0\0\0", 4) = 4
9725  14:50:50.142640 gettimeofday({1495651850, 142658}, NULL) = 0
9725  14:50:50.142692 getcwd("/home/msfadmin", 4096) = 15
9723  14:50:50.142748 read(4,  <unfinished ...>
9725  14:50:50.142781 open("myfile6", O_WRONLY|O_CREAT|O_NONBLOCK|O_LARGEFILE, 0666) = 4
9725  14:50:50.142847 fstat64(4, {st_mode=S_IFREG|0644, st_size=17, ...}) = 0
9725  14:50:50.142927 fcntl64(4, F_GETFL) = 0x8801 (flags O_WRONLY|O_NONBLOCK|O_LARGEFILE)
9725  14:50:50.142979 fcntl64(4, F_SETFL, O_WRONLY|O_LARGEFILE) = 0
9725  14:50:50.143050 fcntl64(4, F_SETLKW64, {type=F_WRLCK, whence=SEEK_SET, start=0, len=0}, 0xbff25914) = 0
9725  14:50:50.143115 ftruncate64(4, 0) = 0
9725  14:50:50.143187 _llseek(4, 0, [0], SEEK_SET) = 0
9725  14:50:50.143238 write(5, "\v", 1) = 1
9723  14:50:50.143286 <... read resumed> "\v", 1) = 1
9723  14:50:50.143320 write(4, "\1\0\0\0", 4) = 4
9723  14:50:50.143441 read(4,  <unfinished ...>
9725  14:50:50.143477 read(5, "\1\0\0\0", 4) = 4
9725  14:50:50.143531 write(5, "\v", 1) = 1
9723  14:50:50.143576 <... read resumed> "\v", 1) = 1
9723  14:50:50.143609 write(4, "\1\0\0\0", 4) = 4
9723  14:50:50.143657 read(4,  <unfinished ...>
9725  14:50:50.143689 read(5, "\1\0\0\0", 4) = 4
9725  14:50:50.143742 write(5, "\r", 1) = 1
9723  14:50:50.143787 <... read resumed> "\r", 1) = 1
9723  14:50:50.143824 select(6, [5], NULL, NULL, {60, 0}) = 1 (in [5], left {60, 0})
9723  14:50:50.143897 accept(5, {sa_family=AF_INET, sin_port=htons(56843), sin_addr=inet_addr("127.0.0.1")}, [16]) = 6
9723  14:50:50.144000 write(4, "\1", 1) = 1
9723  14:50:50.144056 sendmsg(4, {msg_name(0)=NULL, msg_iov(1)=[{"\0", 1}], msg_controllen=16, {cmsg_len=16, cmsg_level=SOL_SOCKET, cmsg_type=SCM_RIGHTS, {6}}, msg_flags=0}, 0) = 1
9723  14:50:50.144131 close(6)          = 0
9723  14:50:50.144177 read(4,  <unfinished ...>
9725  14:50:50.144209 read(5, "\1", 1)  = 1
9725  14:50:50.144267 recvmsg(5, {msg_name(0)=NULL, msg_iov(1)=[{"\0", 1}], msg_controllen=16, {cmsg_len=16, cmsg_level=SOL_SOCKET, cmsg_type=SCM_RIGHTS, {6}}, msg_flags=0}, 0) = 1
9725  14:50:50.144425 setsockopt(6, SOL_SOCKET, SO_KEEPALIVE, [1], 4) = 0
9725  14:50:50.144488 setsockopt(6, SOL_IP, IP_TOS, [8], 4) = 0
9725  14:50:50.144543 setsockopt(6, SOL_SOCKET, SO_LINGER, {onoff=1, linger=32767}, 8) = 0
9725  14:50:50.144595 rt_sigaction(SIGALRM, {0x805cad0, ~[RTMIN RT_1], 0}, NULL, 8) = 0
9725  14:50:50.144658 alarm(300)        = 300
9725  14:50:50.144719 write(0, "150 Ok to send data.\r\n", 22) = 22
9725  14:50:50.145013 read(6, "assasaaa\na\na\na\na\n", 65536) = 17
9725  14:50:50.145079 write(4, "assasaaa\na\na\na\na\n", 17) = 17
9725  14:50:50.145152 read(6, "", 65536) = 0
9725  14:50:50.145201 rt_sigaction(SIGALRM, {0x805cad0, ~[RTMIN RT_1], 0}, NULL, 8) = 0
9725  14:50:50.145306 alarm(300)        = 300
9725  14:50:50.145364 close(6)          = 0
9725  14:50:50.145447 alarm(0)          = 300
9725  14:50:50.145494 gettimeofday({1495651850, 145511}, NULL) = 0
9725  14:50:50.145563 gettimeofday({1495651850, 145581}, NULL) = 0
9725  14:50:50.145622 fcntl64(3, F_SETLKW64, {type=F_WRLCK, whence=SEEK_SET, start=0, len=0}, 0xbff258b4) = 0
9725  14:50:50.145689 write(3, "Wed May 24 14:50:50 2017 [pid 9725] [msfadmin] OK UPLOAD: Client \"127.0.0.1\", \"/home/msfadmin/myfile6\", 17 bytes, 5.68Kbyte/sec\n", 128) = 128
9725  14:50:50.145780 fcntl64(3, F_SETLK64, {type=F_UNLCK, whence=SEEK_SET, start=0, len=0}, 0xbff258bc) = 0
9725  14:50:50.145847 write(0, "226 Transfer complete.\r\n", 24) = 24
9725  14:50:50.146026 write(5, "\n", 1) = 1
9723  14:50:50.146083 <... read resumed> "\n", 1) = 1
9723  14:50:50.146116 close(5)          = 0
9723  14:50:50.146169 write(4, "\1", 1) = 1
9723  14:50:50.146219 read(4,  <unfinished ...>
9725  14:50:50.146364 read(5, "\1", 1)  = 1
9725  14:50:50.146425 close(4)          = 0
9725  14:50:50.146477 rt_sigaction(SIGALRM, {0x805cad0, ~[RTMIN RT_1], 0}, NULL, 8) = 0
9725  14:50:50.146539 alarm(300)        = 0
9725  14:50:50.146591 recv(0, "TYPE I\r\n", 4096, MSG_PEEK) = 8
9725  14:50:50.647053 read(0, "TYPE I\r\n", 8) = 8
9725  14:50:50.647104 write(0, "200 Switching to Binary mode.\r\n", 31) = 31
9725  14:50:50.647194 rt_sigaction(SIGALRM, {0x805cad0, ~[RTMIN RT_1], 0}, NULL, 8) = 0
9725  14:50:50.647233 alarm(300)        = 299
9725  14:50:50.647260 recv(0, "PASV\r\n", 4096, MSG_PEEK) = 6
9725  14:50:50.647286 read(0, "PASV\r\n", 6) = 6
9725  14:50:50.647312 write(5, "\n", 1 <unfinished ...>
9723  14:50:50.647334 <... read resumed> "\n", 1) = 1
9725  14:50:50.647346 <... write resumed> ) = 1
9723  14:50:50.647361 write(4, "\1", 1) = 1
9723  14:50:50.647385 read(4,  <unfinished ...>
9725  14:50:50.647413 read(5, "\1", 1)  = 1
9725  14:50:50.647439 write(5, "\f", 1 <unfinished ...>
9723  14:50:50.647455 <... read resumed> "\f", 1) = 1
9725  14:50:50.647466 <... write resumed> ) = 1
9723  14:50:50.647482 socket(PF_INET, SOCK_STREAM, IPPROTO_TCP) = 5
9723  14:50:50.647513 setsockopt(5, SOL_SOCKET, SO_REUSEADDR, [1], 4) = 0
9723  14:50:50.647543 bind(5, {sa_family=AF_INET, sin_port=htons(8232), sin_addr=inet_addr("127.0.0.1")}, 16) = 0
9723  14:50:50.647576 listen(5, 1)      = 0
9723  14:50:50.647604 write(4, "( \0\0", 4) = 4
9723  14:50:50.647628 read(4,  <unfinished ...>
9725  14:50:50.647644 read(5, "( \0\0", 4) = 4
9725  14:50:50.647677 write(0, "227 Entering Passive Mode (127,0,0,1,32,40).\r\n", 46) = 46
9725  14:50:50.647899 rt_sigaction(SIGALRM, {0x805cad0, ~[RTMIN RT_1], 0}, NULL, 8) = 0
9725  14:50:50.647930 alarm(300)        = 300
9725  14:50:50.647951 recv(0, "STOR myfile7\r\n", 4096, MSG_PEEK) = 14
9725  14:50:50.647974 read(0, "STOR myfile7\r\n", 14) = 14
9725  14:50:50.647999 write(5, "\v", 1 <unfinished ...>
9723  14:50:50.648015 <... read resumed> "\v", 1) = 1
9725  14:50:50.648024 <... write resumed> ) = 1
9723  14:50:50.648036 write(4, "\1\0\0\0", 4) = 4
9723  14:50:50.648056 read(4,  <unfinished ...>
9725  14:50:50.648069 read(5, "\1\0\0\0", 4) = 4
9725  14:50:50.648091 gettimeofday({1495651850, 648098}, NULL) = 0
9725  14:50:50.648111 getcwd("/home/msfadmin", 4096) = 15
9725  14:50:50.648134 open("myfile7", O_WRONLY|O_CREAT|O_NONBLOCK|O_LARGEFILE, 0666) = 4
9725  14:50:50.648159 fstat64(4, {st_mode=S_IFREG|0644, st_size=17, ...}) = 0
9725  14:50:50.648191 fcntl64(4, F_GETFL) = 0x8801 (flags O_WRONLY|O_NONBLOCK|O_LARGEFILE)
9725  14:50:50.648212 fcntl64(4, F_SETFL, O_WRONLY|O_LARGEFILE) = 0
9725  14:50:50.648230 fcntl64(4, F_SETLKW64, {type=F_WRLCK, whence=SEEK_SET, start=0, len=0}, 0xbff25914) = 0
9725  14:50:50.648256 ftruncate64(4, 0) = 0
9725  14:50:50.648287 _llseek(4, 0, [0], SEEK_SET) = 0
9725  14:50:50.648308 write(5, "\v", 1 <unfinished ...>
9723  14:50:50.648322 <... read resumed> "\v", 1) = 1
9725  14:50:50.648331 <... write resumed> ) = 1
9723  14:50:50.648343 write(4, "\1\0\0\0", 4) = 4
9723  14:50:50.648363 read(4,  <unfinished ...>
9725  14:50:50.648376 read(5, "\1\0\0\0", 4) = 4
9725  14:50:50.648397 write(5, "\v", 1 <unfinished ...>
9723  14:50:50.648410 <... read resumed> "\v", 1) = 1
9725  14:50:50.648419 <... write resumed> ) = 1
9723  14:50:50.648430 write(4, "\1\0\0\0", 4) = 4
9723  14:50:50.648449 read(4,  <unfinished ...>
9725  14:50:50.648462 read(5, "\1\0\0\0", 4) = 4
9725  14:50:50.648483 write(5, "\r", 1 <unfinished ...>
9723  14:50:50.648496 <... read resumed> "\r", 1) = 1
9725  14:50:50.648505 <... write resumed> ) = 1
