12069 15:14:36.925756 fcntl64(3, F_SETLK64, {type=F_UNLCK, whence=SEEK_SET, start=0, len=0}, 0xbfac558c) = 0
12069 15:14:36.925781 rt_sigaction(SIGCHLD, {0x805cad0, ~[RTMIN RT_1], 0}, NULL, 8) = 0
12069 15:14:36.925806 write(4, "\1", 1 <unfinished ...>
12070 15:14:36.925858 <... read resumed> "\1", 1) = 1
12069 15:14:36.925873 <... write resumed> ) = 1
12070 15:14:36.925888 exit_group(0)     = ?
12069 15:14:36.925950 --- SIGCHLD (Child exited) @ 0 (0) ---
12069 15:14:36.925963 sigreturn()       = ? (mask now [])
12069 15:14:36.925994 wait4(-1, [{WIFEXITED(s) && WEXITSTATUS(s) == 0}], 0, NULL) = 12070
12069 15:14:36.926017 close(4)          = 0
12069 15:14:36.926038 socketpair(PF_FILE, SOCK_STREAM, 0, [4, 5]) = 0
12069 15:14:36.926062 rt_sigaction(SIGCHLD, {0x805cad0, ~[RTMIN RT_1], 0}, NULL, 8) = 0
12069 15:14:36.926086 rt_sigaction(SIGALRM, {0x805cb10, ~[RTMIN RT_1], 0}, NULL, 8) = 0
12069 15:14:36.926144 clone(child_stack=0, flags=CLONE_CHILD_CLEARTID|CLONE_CHILD_SETTID|SIGCHLD, child_tidptr=0xb7dc96f8) = 12071
12071 15:14:36.926238 prctl(0x1, 0x9, 0, 0, 0) = 0
12071 15:14:36.926261 close(4)          = 0
12071 15:14:36.926307 open("/etc/passwd", O_RDONLY|0x80000 /* O_??? */) = 4
12071 15:14:36.926337 _llseek(4, 0, [0], SEEK_CUR) = 0
12071 15:14:36.926363 fstat64(4, {st_mode=S_IFREG|0644, st_size=1624, ...}) = 0
12071 15:14:36.926394 mmap2(NULL, 1624, PROT_READ, MAP_SHARED, 4, 0) = 0xb7f63000
12071 15:14:36.926442 _llseek(4, 1624, [1624], SEEK_SET) = 0
12071 15:14:36.926488 munmap(0xb7f63000, 1624) = 0
12071 15:14:36.926507 close(4)          = 0
12071 15:14:36.926531 getuid32()        = 0
12071 15:14:36.926548 open("/etc/passwd", O_RDONLY|0x80000 /* O_??? */) = 4
12071 15:14:36.926570 _llseek(4, 0, [0], SEEK_CUR) = 0
12071 15:14:36.926588 fstat64(4, {st_mode=S_IFREG|0644, st_size=1624, ...}) = 0
12071 15:14:36.926616 mmap2(NULL, 1624, PROT_READ, MAP_SHARED, 4, 0) = 0xb7f63000
12071 15:14:36.926634 _llseek(4, 1624, [1624], SEEK_SET) = 0
12071 15:14:36.926661 munmap(0xb7f63000, 1624) = 0
12071 15:14:36.926719 close(4)          = 0
12071 15:14:36.926773 open("/proc/sys/kernel/ngroups_max", O_RDONLY) = 4
12071 15:14:36.926808 read(4, "65536\n", 31) = 6
12071 15:14:36.926829 close(4)          = 0
12071 15:14:36.926853 socket(PF_FILE, SOCK_STREAM, 0) = 4
12071 15:14:36.926874 fcntl64(4, F_SETFL, O_RDWR|O_NONBLOCK) = 0
12071 15:14:36.926892 connect(4, {sa_family=AF_FILE, path="/var/run/nscd/socket"}, 110) = -1 ENOENT (No such file or directory)
12071 15:14:36.926929 close(4)          = 0
12071 15:14:36.926949 socket(PF_FILE, SOCK_STREAM, 0) = 4
12071 15:14:36.926966 fcntl64(4, F_SETFL, O_RDWR|O_NONBLOCK) = 0
12071 15:14:36.926983 connect(4, {sa_family=AF_FILE, path="/var/run/nscd/socket"}, 110) = -1 ENOENT (No such file or directory)
12071 15:14:36.927014 close(4)          = 0
12071 15:14:36.927054 open("/etc/group", O_RDONLY|0x80000 /* O_??? */) = 4
12071 15:14:36.927114 _llseek(4, 0, [0], SEEK_CUR) = 0
12071 15:14:36.927135 fstat64(4, {st_mode=S_IFREG|0644, st_size=886, ...}) = 0
12071 15:14:36.927164 mmap2(NULL, 886, PROT_READ, MAP_SHARED, 4, 0) = 0xb7f63000
12071 15:14:36.927183 _llseek(4, 886, [886], SEEK_SET) = 0
12071 15:14:36.927225 fstat64(4, {st_mode=S_IFREG|0644, st_size=886, ...}) = 0
12071 15:14:36.927254 munmap(0xb7f63000, 886) = 0
12071 15:14:36.927272 close(4)          = 0
12071 15:14:36.927289 setgroups32(13, [1000, 4, 20, 24, 25, 29, 30, 44, 46, 107, 111, 112, 119]) = 0
12071 15:14:36.927319 geteuid32()       = 0
12071 15:14:36.927368 getegid32()       = 0
12071 15:14:36.927391 setregid32(-1, 1000) = 0
12071 15:14:36.927409 setreuid32(-1, 1000) = 0
12071 15:14:36.927427 chdir("/home/msfadmin") = 0
12071 15:14:36.927448 setreuid32(-1, 0) = 0
12071 15:14:36.927464 setregid32(-1, 0) = 0
12071 15:14:36.927482 setgid32(1000)    = 0
12071 15:14:36.927499 setuid32(1000)    = 0
12071 15:14:36.927516 setrlimit(RLIMIT_NPROC, {rlim_cur=0, rlim_max=0}) = 0
12071 15:14:36.927540 mmap2(NULL, 12288, PROT_READ|PROT_WRITE, MAP_PRIVATE|MAP_ANONYMOUS, -1, 0) = 0xb7f61000
12071 15:14:36.927566 mprotect(0xb7f63000, 4096, PROT_NONE) = 0
12071 15:14:36.927587 mprotect(0xb7f61000, 4096, PROT_NONE) = 0
12071 15:14:36.927606 getcwd("/home/msfadmin", 4096) = 15
12071 15:14:36.927630 umask(022)        = 077
12071 15:14:36.927677 getcwd("/home/msfadmin", 4096) = 15
12071 15:14:36.927705 open(".message", O_RDONLY|O_NONBLOCK|O_LARGEFILE) = -1 ENOENT (No such file or directory)
12071 15:14:36.927745 write(0, "230 Login successful.\r\n", 23) = 23
12071 15:14:36.927945 rt_sigaction(SIGALRM, {0x805cad0, ~[RTMIN RT_1], 0}, NULL, 8) = 0
12071 15:14:36.927979 alarm(300)        = 0
12071 15:14:36.927999 mmap2(NULL, 12288, PROT_READ|PROT_WRITE, MAP_PRIVATE|MAP_ANONYMOUS, -1, 0) = 0xb7f5e000
12071 15:14:36.928018 mprotect(0xb7f60000, 4096, PROT_NONE) = 0
12071 15:14:36.928038 mprotect(0xb7f5e000, 4096, PROT_NONE) = 0
12071 15:14:36.928061 recv(0, "TYPE I\r\n", 4096, MSG_PEEK) = 8
12071 15:14:36.928109 read(0, "TYPE I\r\n", 8) = 8
12071 15:14:36.928145 write(0, "200 Switching to Binary mode.\r\n", 31) = 31
12071 15:14:36.928248 rt_sigaction(SIGALRM, {0x805cad0, ~[RTMIN RT_1], 0}, NULL, 8) = 0
12071 15:14:36.928279 alarm(300)        = 300
12071 15:14:36.928299 recv(0, "PASV\r\n", 4096, MSG_PEEK) = 6
12071 15:14:36.928320 read(0, "PASV\r\n", 6) = 6
12071 15:14:36.928341 write(5, "\n", 1) = 1
12071 15:14:36.928361 read(5,  <unfinished ...>
12069 15:14:36.928381 close(5)          = 0
12069 15:14:36.928402 getuid32()        = 0
12069 15:14:36.928428 open("/etc/passwd", O_RDONLY|0x80000 /* O_??? */) = 5
12069 15:14:36.928452 _llseek(5, 0, [0], SEEK_CUR) = 0
12069 15:14:36.928474 fstat64(5, {st_mode=S_IFREG|0644, st_size=1624, ...}) = 0
12069 15:14:36.928536 mmap2(NULL, 1624, PROT_READ, MAP_SHARED, 5, 0) = 0xb7f63000
12069 15:14:36.928558 _llseek(5, 1624, [1624], SEEK_SET) = 0
12069 15:14:36.928588 munmap(0xb7f63000, 1624) = 0
12069 15:14:36.928793 close(5)          = 0
12069 15:14:36.928835 setgroups32(0, []) = 0
12069 15:14:36.928855 chdir("/usr/share/empty") = 0
12069 15:14:36.928876 chroot(".")       = 0
12069 15:14:36.928895 capset(NULL, NULL) = -1 EFAULT (Bad address)
12069 15:14:36.928918 prctl(0x8, 0, 0xbfac5568, 0x80549a6, 0xbfac5550) = 0
12069 15:14:36.928937 prctl(0x8, 0x1, 0xbfac5568, 0x8054a49, 0xbfac5550) = 0
12069 15:14:36.928954 setgid32(65534)   = 0
12069 15:14:36.928971 setuid32(65534)   = 0
12069 15:14:36.928988 capset(0x19980330, 0, {CAP_NET_BIND_SERVICE, CAP_NET_BIND_SERVICE, 0}) = 0
12069 15:14:36.929011 read(4, "\n", 1)  = 1
12069 15:14:36.929035 write(4, "\1", 1) = 1
12071 15:14:36.929054 <... read resumed> "\1", 1) = 1
12071 15:14:36.929067 write(5, "\f", 1) = 1
12071 15:14:36.929084 read(5,  <unfinished ...>
12069 15:14:36.929096 read(4, "\f", 1)  = 1
12069 15:14:36.929117 socket(PF_INET, SOCK_STREAM, IPPROTO_TCP) = 5
12069 15:14:36.929140 setsockopt(5, SOL_SOCKET, SO_REUSEADDR, [1], 4) = 0
12069 15:14:36.929160 gettimeofday({1495653276, 929166}, NULL) = 0
12069 15:14:36.929188 bind(5, {sa_family=AF_INET, sin_port=htons(15488), sin_addr=inet_addr("127.0.0.1")}, 16) = 0
12069 15:14:36.929214 listen(5, 1)      = 0
12069 15:14:36.929237 write(4, "\200<\0\0", 4) = 4
12071 15:14:36.929255 <... read resumed> "\200<\0\0", 4) = 4
12071 15:14:36.929278 write(0, "227 Entering Passive Mode (127,0,0,1,60,128).\r\n", 47) = 47
12071 15:14:36.929482 rt_sigaction(SIGALRM, {0x805cad0, ~[RTMIN RT_1], 0}, NULL, 8) = 0
12071 15:14:36.929532 alarm(300)        = 300
12071 15:14:36.929557 recv(0, "STOR myfile16\r\n", 4096, MSG_PEEK) = 15
12071 15:14:36.929579 read(0, "STOR myfile16\r\n", 15) = 15
12071 15:14:36.929607 write(5, "\v", 1) = 1
12071 15:14:36.929665 read(5,  <unfinished ...>
12069 15:14:36.929677 read(4, "\v", 1)  = 1
12069 15:14:36.929697 write(4, "\1\0\0\0", 4) = 4
12071 15:14:36.929715 <... read resumed> "\1\0\0\0", 4) = 4
12071 15:14:36.929730 gettimeofday({1495653276, 929736}, NULL) = 0
12071 15:14:36.929749 getcwd("/home/msfadmin", 4096) = 15
12071 15:14:36.929770 open("myfile16", O_WRONLY|O_CREAT|O_NONBLOCK|O_LARGEFILE, 0666) = 4
12071 15:14:36.929794 fstat64(4, {st_mode=S_IFREG|0644, st_size=17, ...}) = 0
12071 15:14:36.929829 fcntl64(4, F_GETFL) = 0x8801 (flags O_WRONLY|O_NONBLOCK|O_LARGEFILE)
12071 15:14:36.929849 fcntl64(4, F_SETFL, O_WRONLY|O_LARGEFILE) = 0
12071 15:14:36.929865 fcntl64(4, F_SETLKW64, {type=F_WRLCK, whence=SEEK_SET, start=0, len=0}, 0xbfac54b4) = 0
12071 15:14:36.929891 ftruncate64(4, 0) = 0
12071 15:14:36.929921 _llseek(4, 0, [0], SEEK_SET) = 0
12071 15:14:36.929940 write(5, "\v", 1) = 1
12071 15:14:36.929958 read(5,  <unfinished ...>
12069 15:14:36.929970 read(4, "\v", 1)  = 1
12069 15:14:36.929989 write(4, "\1\0\0\0", 4) = 4
12071 15:14:36.930007 <... read resumed> "\1\0\0\0", 4) = 4
12071 15:14:36.930019 write(5, "\v", 1) = 1
12071 15:14:36.930036 read(5,  <unfinished ...>
12069 15:14:36.930047 read(4, "\v", 1)  = 1
12069 15:14:36.930066 write(4, "\1\0\0\0", 4) = 4
12071 15:14:36.930083 <... read resumed> "\1\0\0\0", 4) = 4
12071 15:14:36.930096 write(5, "\r", 1) = 1
12071 15:14:36.930113 read(5,  <unfinished ...>
12069 15:14:36.930150 read(4, "\r", 1)  = 1
12069 15:14:36.930180 select(6, [5], NULL, NULL, {60, 0}) = 1 (in [5], left {60, 0})
12069 15:14:36.930210 accept(5, {sa_family=AF_INET, sin_port=htons(44002), sin_addr=inet_addr("127.0.0.1")}, [16]) = 6
12069 15:14:36.930248 write(4, "\1", 1) = 1
12071 15:14:36.930266 <... read resumed> "\1", 1) = 1
12071 15:14:36.930282 recvmsg(5,  <unfinished ...>
12069 15:14:36.930298 sendmsg(4, {msg_name(0)=NULL, msg_iov(1)=[{"\0", 1}], msg_controllen=16, {cmsg_len=16, cmsg_level=SOL_SOCKET, cmsg_type=SCM_RIGHTS, {6}}, msg_flags=0}, 0) = 1
12071 15:14:36.930326 <... recvmsg resumed> {msg_name(0)=NULL, msg_iov(1)=[{"\0", 1}], msg_controllen=16, {cmsg_len=16, cmsg_level=SOL_SOCKET, cmsg_type=SCM_RIGHTS, {6}}, msg_flags=0}, 0) = 1
12071 15:14:36.930348 setsockopt(6, SOL_SOCKET, SO_KEEPALIVE, [1], 4) = 0
12071 15:14:36.930369 setsockopt(6, SOL_IP, IP_TOS, [8], 4) = 0
12071 15:14:36.930390 setsockopt(6, SOL_SOCKET, SO_LINGER, {onoff=1, linger=32767}, 8) = 0
12071 15:14:36.930409 rt_sigaction(SIGALRM, {0x805cad0, ~[RTMIN RT_1], 0}, NULL, 8) = 0
12071 15:14:36.930462 alarm(300)        = 300
12071 15:14:36.930506 write(0, "150 Ok to send data.\r\n", 22) = 22
12071 15:14:36.930615 mmap2(NULL, 77824, PROT_READ|PROT_WRITE, MAP_PRIVATE|MAP_ANONYMOUS, -1, 0) = 0xb7d98000
12071 15:14:36.930639 mprotect(0xb7daa000, 4096, PROT_NONE) = 0
12071 15:14:36.930659 mprotect(0xb7d98000, 4096, PROT_NONE) = 0
12071 15:14:36.930676 read(6, "assasaaa\na\na\na\na\n", 65536) = 17
12071 15:14:36.930734 write(4, "assasaaa\na\na\na\na\n", 17) = 17
12071 15:14:36.930768 read(6, "", 65536) = 0
12071 15:14:36.930787 rt_sigaction(SIGALRM, {0x805cad0, ~[RTMIN RT_1], 0}, NULL, 8) = 0
12071 15:14:36.930810 alarm(300)        = 300
12071 15:14:36.930827 close(6)          = 0
12071 15:14:36.930843 alarm(0)          = 300
12071 15:14:36.930859 gettimeofday({1495653276, 930865}, NULL) = 0
12071 15:14:36.930889 getpid()          = 12071
12071 15:14:36.930909 gettimeofday({1495653276, 930915}, NULL) = 0
12071 15:14:36.930938 fcntl64(3, F_SETLKW64, {type=F_WRLCK, whence=SEEK_SET, start=0, len=0}, 0xbfac5454) = 0
12071 15:14:36.930964 write(3, "Wed May 24 15:14:36 2017 [pid 12071] [msfadmin] OK UPLOAD: Client \"127.0.0.1\", \"/home/msfadmin/myfile16\", 17 bytes, 14.08Kbyte/sec\n", 131) = 131
12071 15:14:36.930998 fcntl64(3, F_SETLK64, {type=F_UNLCK, whence=SEEK_SET, start=0, len=0}, 0xbfac545c) = 0
12071 15:14:36.931023 write(0, "226 Transfer complete.\r\n", 24) = 24
12071 15:14:36.931092 write(5, "\n", 1) = 1
12071 15:14:36.931148 read(5,  <unfinished ...>
12069 15:14:36.931162 close(6)          = 0
12069 15:14:36.931195 read(4, "\n", 1)  = 1
12069 15:14:36.931215 close(5)          = 0
12069 15:14:36.931233 write(4, "\1", 1) = 1
12071 15:14:36.931251 <... read resumed> "\1", 1) = 1
12071 15:14:36.931263 close(4)          = 0
12071 15:14:36.931282 rt_sigaction(SIGALRM, {0x805cad0, ~[RTMIN RT_1], 0}, NULL, 8) = 0
12071 15:14:36.931304 alarm(300)        = 0
12071 15:14:36.931323 recv(0,  <unfinished ...>
12069 15:14:36.931336 read(4,  <unfinished ...>
12071 15:14:37.432602 <... recv resumed> "TYPE I\r\n", 4096, MSG_PEEK) = 8
12071 15:14:37.432846 read(0, "TYPE I\r\n", 8) = 8
12071 15:14:37.433065 write(0, "200 Switching to Binary mode.\r\n", 31) = 31
12071 15:14:37.433460 rt_sigaction(SIGALRM, {0x805cad0, ~[RTMIN RT_1], 0}, NULL, 8) = 0
12071 15:14:37.433567 alarm(300)        = 299
12071 15:14:37.433624 recv(0, "PASV\r\n", 4096, MSG_PEEK) = 6
12071 15:14:37.433676 read(0, "PASV\r\n", 6) = 6
12071 15:14:37.433730 write(5, "\n", 1) = 1
12071 15:14:37.433782 read(5,  <unfinished ...>
12069 15:14:37.433815 <... read resumed> "\n", 1) = 1
12069 15:14:37.433851 write(4, "\1", 1) = 1
12071 15:14:37.433898 <... read resumed> "\1", 1) = 1
12071 15:14:37.433930 write(5, "\f", 1) = 1
12071 15:14:37.433974 read(5,  <unfinished ...>
12069 15:14:37.434004 read(4, "\f", 1)  = 1
12069 15:14:37.434056 socket(PF_INET, SOCK_STREAM, IPPROTO_TCP) = 5
12069 15:14:37.434117 setsockopt(5, SOL_SOCKET, SO_REUSEADDR, [1], 4) = 0
12069 15:14:37.434178 bind(5, {sa_family=AF_INET, sin_port=htons(7212), sin_addr=inet_addr("127.0.0.1")}, 16) = 0
12069 15:14:37.434288 listen(5, 1)      = 0
12069 15:14:37.434356 write(4, ",\34\0\0", 4) = 4
12071 15:14:37.434406 <... read resumed> ",\34\0\0", 4) = 4
12071 15:14:37.434459 write(0, "227 Entering Passive Mode (127,0,0,1,28,44).\r\n", 46) = 46
12071 15:14:37.434869 rt_sigaction(SIGALRM, {0x805cad0, ~[RTMIN RT_1], 0}, NULL, 8) = 0
12071 15:14:37.434942 alarm(300)        = 300
12071 15:14:37.434993 recv(0, "STOR myfile17\r\n", 4096, MSG_PEEK) = 15
12071 15:14:37.435048 read(0, "STOR myfile17\r\n", 15) = 15
12071 15:14:37.435107 write(5, "\v", 1) = 1
12071 15:14:37.435154 read(5,  <unfinished ...>
12069 15:14:37.435185 read(4, "\v", 1)  = 1
12069 15:14:37.435289 write(4, "\1\0\0\0", 4) = 4
12071 15:14:37.435341 <... read resumed> "\1\0\0\0", 4) = 4
12071 15:14:37.435376 gettimeofday({1495653277, 435392}, NULL) = 0
12071 15:14:37.435423 getcwd("/home/msfadmin", 4096) = 15
12071 15:14:37.435478 open("myfile17", O_WRONLY|O_CREAT|O_NONBLOCK|O_LARGEFILE, 0666) = 4
12071 15:14:37.435538 fstat64(4, {st_mode=S_IFREG|0644, st_size=17, ...}) = 0
12071 15:14:37.435615 fcntl64(4, F_GETFL) = 0x8801 (flags O_WRONLY|O_NONBLOCK|O_LARGEFILE)
12071 15:14:37.435664 fcntl64(4, F_SETFL, O_WRONLY|O_LARGEFILE) = 0
12071 15:14:37.435708 fcntl64(4, F_SETLKW64, {type=F_WRLCK, whence=SEEK_SET, start=0, len=0}, 0xbfac54b4) = 0
12071 15:14:37.435769 ftruncate64(4, 0) = 0
12071 15:14:37.435839 _llseek(4, 0, [0], SEEK_SET) = 0
12071 15:14:37.435888 write(5, "\v", 1) = 1
12071 15:14:37.435935 read(5,  <unfinished ...>
12069 15:14:37.435966 read(4, "\v", 1)  = 1
12069 15:14:37.436015 write(4, "\1\0\0\0", 4) = 4
12071 15:14:37.436061 <... read resumed> "\1\0\0\0", 4) = 4
12071 15:14:37.436094 write(5, "\v", 1) = 1
12071 15:14:37.436137 read(5,  <unfinished ...>
12069 15:14:37.436166 read(4, "\v", 1)  = 1
12069 15:14:37.436292 write(4, "\1\0\0\0", 4) = 4
12071 15:14:37.436340 <... read resumed> "\1\0\0\0", 4) = 4
12071 15:14:37.436373 write(5, "\r", 1) = 1
12071 15:14:37.436417 read(5,  <unfinished ...>
12069 15:14:37.436446 read(4, "\r", 1)  = 1
12069 15:14:37.436498 select(6, [5], NULL, NULL, {60, 0}) = 1 (in [5], left {60, 0})
12069 15:14:37.436569 accept(5, {sa_family=AF_INET, sin_port=htons(60483), sin_addr=inet_addr("127.0.0.1")}, [16]) = 6
12069 15:14:37.436665 write(4, "\1", 1) = 1
12071 15:14:37.436712 <... read resumed> "\1", 1) = 1
12071 15:14:37.436749 recvmsg(5,  <unfinished ...>
12069 15:14:37.436786 sendmsg(4, {msg_name(0)=NULL, msg_iov(1)=[{"\0", 1}], msg_controllen=16, {cmsg_len=16, cmsg_level=SOL_SOCKET, cmsg_type=SCM_RIGHTS, {6}}, msg_flags=0}, 0) = 1
12071 15:14:37.436860 <... recvmsg resumed> {msg_name(0)=NULL, msg_iov(1)=[{"\0", 1}], msg_controllen=16, {cmsg_len=16, cmsg_level=SOL_SOCKET, cmsg_type=SCM_RIGHTS, {6}}, msg_flags=0}, 0) = 1
12071 15:14:37.436919 setsockopt(6, SOL_SOCKET, SO_KEEPALIVE, [1], 4) = 0
12071 15:14:37.436973 setsockopt(6, SOL_IP, IP_TOS, [8], 4) = 0
12071 15:14:37.437025 setsockopt(6, SOL_SOCKET, SO_LINGER, {onoff=1, linger=32767}, 8) = 0
12071 15:14:37.437075 rt_sigaction(SIGALRM, {0x805cad0, ~[RTMIN RT_1], 0}, NULL, 8) = 0
12071 15:14:37.437193 alarm(300)        = 300
12071 15:14:37.437255 write(0, "150 Ok to send data.\r\n", 22) = 22
12071 15:14:37.437528 read(6, "assasaaa\na\na\na\na\n", 65536) = 17
12071 15:14:37.437591 write(4, "assasaaa\na\na\na\na\n", 17) = 17
12071 15:14:37.437662 read(6, "", 65536) = 0
12071 15:14:37.437708 rt_sigaction(SIGALRM, {0x805cad0, ~[RTMIN RT_1], 0}, NULL, 8) = 0
12071 15:14:37.437767 alarm(300)        = 300
12071 15:14:37.437812 close(6)          = 0
12071 15:14:37.437853 alarm(0)          = 300
12071 15:14:37.437895 gettimeofday({1495653277, 437911}, NULL) = 0
12071 15:14:37.437960 gettimeofday({1495653277, 437976}, NULL) = 0
12071 15:14:37.438016 fcntl64(3, F_SETLKW64, {type=F_WRLCK, whence=SEEK_SET, start=0, len=0}, 0xbfac5454) = 0
12071 15:14:37.438081 write(3, "Wed May 24 15:14:37 2017 [pid 12071] [msfadmin] OK UPLOAD: Client \"127.0.0.1\", \"/home/msfadmin/myfile17\", 17 bytes, 6.42Kbyte/sec\n", 130) = 130
12071 15:14:37.438221 fcntl64(3, F_SETLK64, {type=F_UNLCK, whence=SEEK_SET, start=0, len=0}, 0xbfac545c) = 0
12071 15:14:37.438291 write(0, "226 Transfer complete.\r\n", 24) = 24
12071 15:14:37.438472 write(5, "\n", 1) = 1
12071 15:14:37.438525 read(5,  <unfinished ...>
12069 15:14:37.438556 close(6)          = 0
12069 15:14:37.438627 read(4, "\n", 1)  = 1
12069 15:14:37.438673 close(5)          = 0
12069 15:14:37.438726 write(4, "\1", 1) = 1
12071 15:14:37.438774 <... read resumed> "\1", 1) = 1
12071 15:14:37.438805 close(4)          = 0
12071 15:14:37.438853 rt_sigaction(SIGALRM, {0x805cad0, ~[RTMIN RT_1], 0}, NULL, 8) = 0
12071 15:14:37.438964 alarm(300)        = 0
12071 15:14:37.439028 recv(0,  <unfinished ...>
12069 15:14:37.439064 read(4,  <unfinished ...>
12071 15:14:37.972950 <... recv resumed> "TYPE I\r\n", 4096, MSG_PEEK) = 8
12071 15:14:37.973168 read(0, "TYPE I\r\n", 8) = 8
12071 15:14:37.973406 write(0, "200 Switching to Binary mode.\r\n", 31) = 31
12071 15:14:37.973905 rt_sigaction(SIGALRM, {0x805cad0, ~[RTMIN RT_1], 0}, NULL, 8) = 0
12071 15:14:37.973985 alarm(300)        = 299
12071 15:14:37.974040 recv(0, "PASV\r\n", 4096, MSG_PEEK) = 6
12071 15:14:37.974180 read(0, "PASV\r\n", 6) = 6
12071 15:14:37.974241 write(5, "\n", 1 <unfinished ...>
12069 15:14:37.974285 <... read resumed> "\n", 1) = 1
12071 15:14:37.974308 <... write resumed> ) = 1
12069 15:14:37.974408 write(4, "\1", 1) = 1
12069 15:14:37.974473 read(4,  <unfinished ...>
12071 15:14:37.974506 read(5, "\1", 1)  = 1
12071 15:14:37.974617 write(5, "\f", 1 <unfinished ...>
12069 15:14:37.974650 <... read resumed> "\f", 1) = 1
12071 15:14:37.974745 <... write resumed> ) = 1
12069 15:14:37.974783 socket(PF_INET, SOCK_STREAM, IPPROTO_TCP) = 5
12069 15:14:37.974845 setsockopt(5, SOL_SOCKET, SO_REUSEADDR, [1], 4) = 0
12069 15:14:37.974906 bind(5, {sa_family=AF_INET, sin_port=htons(13463), sin_addr=inet_addr("127.0.0.1")}, 16) = 0
12069 15:14:37.975049 listen(5, 1)      = 0
12069 15:14:37.975113 write(4, "\2274\0\0", 4) = 4
12069 15:14:37.975165 read(4,  <unfinished ...>
12071 15:14:37.975197 read(5, "\2274\0\0", 4) = 4
12071 15:14:37.975271 write(0, "227 Entering Passive Mode (127,0,0,1,52,151).\r\n", 47) = 47
12071 15:14:37.976026 rt_sigaction(SIGALRM, {0x805cad0, ~[RTMIN RT_1], 0}, NULL, 8) = 0
12071 15:14:37.976112 alarm(300)        = 300
12071 15:14:37.976234 recv(0, "STOR myfile18\r\n", 4096, MSG_PEEK) = 15
12071 15:14:37.976308 read(0, "STOR myfile18\r\n", 15) = 15
12071 15:14:37.976370 write(5, "\v", 1 <unfinished ...>
12069 15:14:37.976408 <... read resumed> "\v", 1) = 1
12071 15:14:37.976431 <... write resumed> ) = 1
12069 15:14:37.976590 write(4, "\1\0\0\0", 4) = 4
12069 15:14:37.976690 read(4,  <unfinished ...>
12071 15:14:37.976727 read(5, "\1\0\0\0", 4) = 4
12071 15:14:37.976785 gettimeofday({1495653277, 976802}, NULL) = 0
12071 15:14:37.976836 getcwd("/home/msfadmin", 4096) = 15
12071 15:14:37.976899 open("myfile18", O_WRONLY|O_CREAT|O_NONBLOCK|O_LARGEFILE, 0666) = 4
12071 15:14:37.976962 fstat64(4, {st_mode=S_IFREG|0644, st_size=17, ...}) = 0
12071 15:14:37.977039 fcntl64(4, F_GETFL) = 0x8801 (flags O_WRONLY|O_NONBLOCK|O_LARGEFILE)
12071 15:14:37.977115 fcntl64(4, F_SETFL, O_WRONLY|O_LARGEFILE) = 0
12071 15:14:37.977161 fcntl64(4, F_SETLKW64, {type=F_WRLCK, whence=SEEK_SET, start=0, len=0}, 0xbfac54b4) = 0
12071 15:14:37.977228 ftruncate64(4, 0) = 0
12071 15:14:37.977299 _llseek(4, 0, [0], SEEK_SET) = 0
12071 15:14:37.977349 write(5, "\v", 1 <unfinished ...>
12069 15:14:37.977386 <... read resumed> "\v", 1) = 1
12071 15:14:37.977408 <... write resumed> ) = 1
12069 15:14:37.977436 write(4, "\1\0\0\0", 4) = 4
12069 15:14:37.977535 read(4,  <unfinished ...>
12071 15:14:37.977570 read(5, "\1\0\0\0", 4) = 4
12071 15:14:37.977623 write(5, "\v", 1 <unfinished ...>
12069 15:14:37.977654 <... read resumed> "\v", 1) = 1
12071 15:14:37.977675 <... write resumed> ) = 1
12069 15:14:37.977702 write(4, "\1\0\0\0", 4) = 4
12069 15:14:37.977749 read(4,  <unfinished ...>
12071 15:14:37.977779 read(5, "\1\0\0\0", 4) = 4
12071 15:14:37.977831 write(5, "\r", 1 <unfinished ...>
12069 15:14:37.977867 <... read resumed> "\r", 1) = 1
12071 15:14:37.977888 <... write resumed> ) = 1
12069 15:14:37.977919 select(6, [5], NULL, NULL, {60, 0}) = 1 (in [5], left {60, 0})
12069 15:14:37.977991 accept(5, {sa_family=AF_INET, sin_port=htons(47160), sin_addr=inet_addr("127.0.0.1")}, [16]) = 6
12069 15:14:37.978089 write(4, "\1", 1) = 1
12069 15:14:37.978150 sendmsg(4, {msg_name(0)=NULL, msg_iov(1)=[{"\0", 1}], msg_controllen=16, {cmsg_len=16, cmsg_level=SOL_SOCKET, cmsg_type=SCM_RIGHTS, {6}}, msg_flags=0}, 0) = 1
12069 15:14:37.978224 close(6)          = 0
12069 15:14:37.978268 read(4,  <unfinished ...>
12071 15:14:37.978299 read(5, "\1", 1)  = 1
12071 15:14:37.978356 recvmsg(5, {msg_name(0)=NULL, msg_iov(1)=[{"\0", 1}], msg_controllen=16, {cmsg_len=16, cmsg_level=SOL_SOCKET, cmsg_type=SCM_RIGHTS, {6}}, msg_flags=0}, 0) = 1
12071 15:14:37.978543 setsockopt(6, SOL_SOCKET, SO_KEEPALIVE, [1], 4) = 0
12071 15:14:37.978617 setsockopt(6, SOL_IP, IP_TOS, [8], 4) = 0
12071 15:14:37.978671 setsockopt(6, SOL_SOCKET, SO_LINGER, {onoff=1, linger=32767}, 8) = 0
12071 15:14:37.978728 rt_sigaction(SIGALRM, {0x805cad0, ~[RTMIN RT_1], 0}, NULL, 8) = 0
12071 15:14:37.978792 alarm(300)        = 300
12071 15:14:37.978853 write(0, "150 Ok to send data.\r\n", 22) = 22
12071 15:14:37.979156 read(6, "assasaaa\na\na\na\na\n", 65536) = 17
12071 15:14:37.979222 write(4, "assasaaa\na\na\na\na\n", 17) = 17
12071 15:14:37.979295 read(6, "", 65536) = 0
12071 15:14:37.979349 rt_sigaction(SIGALRM, {0x805cad0, ~[RTMIN RT_1], 0}, NULL, 8) = 0
12071 15:14:37.979600 alarm(300)        = 300
12071 15:14:37.979648 close(6)          = 0
12071 15:14:37.979729 alarm(0)          = 300
12071 15:14:37.979777 gettimeofday({1495653277, 979797}, NULL) = 0
12071 15:14:37.979848 gettimeofday({1495653277, 979865}, NULL) = 0
12071 15:14:37.979905 fcntl64(3, F_SETLKW64, {type=F_WRLCK, whence=SEEK_SET, start=0, len=0}, 0xbfac5454) = 0
12071 15:14:37.979971 write(3, "Wed May 24 15:14:37 2017 [pid 12071] [msfadmin] OK UPLOAD: Client \"127.0.0.1\", \"/home/msfadmin/myfile18\", 17 bytes, 5.42Kbyte/sec\n", 130) = 130
12071 15:14:37.980070 fcntl64(3, F_SETLK64, {type=F_UNLCK, whence=SEEK_SET, start=0, len=0}, 0xbfac545c) = 0
