11472 15:08:36.557047 mprotect(0xb7f45000, 4096, PROT_NONE) = 0
11472 15:08:36.557066 getcwd("/home/msfadmin", 4096) = 15
11472 15:08:36.557089 umask(022)        = 077
11472 15:08:36.557105 getcwd("/home/msfadmin", 4096) = 15
11472 15:08:36.557128 open(".message", O_RDONLY|O_NONBLOCK|O_LARGEFILE) = -1 ENOENT (No such file or directory)
11472 15:08:36.557167 write(0, "230 Login successful.\r\n", 23) = 23
11472 15:08:36.557370 rt_sigaction(SIGALRM, {0x805cad0, ~[RTMIN RT_1], 0}, NULL, 8) = 0
11472 15:08:36.557424 alarm(300)        = 0
11472 15:08:36.557443 mmap2(NULL, 12288, PROT_READ|PROT_WRITE, MAP_PRIVATE|MAP_ANONYMOUS, -1, 0) = 0xb7f42000
11472 15:08:36.557463 mprotect(0xb7f44000, 4096, PROT_NONE) = 0
11472 15:08:36.557481 mprotect(0xb7f42000, 4096, PROT_NONE) = 0
11472 15:08:36.557504 recv(0, "TYPE I\r\n", 4096, MSG_PEEK) = 8
11472 15:08:36.557525 read(0, "TYPE I\r\n", 8) = 8
11472 15:08:36.557554 write(0, "200 Switching to Binary mode.\r\n", 31) = 31
11472 15:08:36.557651 rt_sigaction(SIGALRM, {0x805cad0, ~[RTMIN RT_1], 0}, NULL, 8) = 0
11472 15:08:36.557683 alarm(300)        = 300
11472 15:08:36.557702 recv(0, "PASV\r\n", 4096, MSG_PEEK) = 6
11472 15:08:36.557722 read(0, "PASV\r\n", 6) = 6
11472 15:08:36.557742 write(5, "\n", 1) = 1
11472 15:08:36.557761 read(5,  <unfinished ...>
11470 15:08:36.557783 close(5)          = 0
11470 15:08:36.557805 getuid32()        = 0
11470 15:08:36.557847 open("/etc/passwd", O_RDONLY|0x80000 /* O_??? */) = 5
11470 15:08:36.557899 _llseek(5, 0, [0], SEEK_CUR) = 0
11470 15:08:36.557922 fstat64(5, {st_mode=S_IFREG|0644, st_size=1624, ...}) = 0
11470 15:08:36.557952 mmap2(NULL, 1624, PROT_READ, MAP_SHARED, 5, 0) = 0xb7f47000
11470 15:08:36.557971 _llseek(5, 1624, [1624], SEEK_SET) = 0
11470 15:08:36.558001 munmap(0xb7f47000, 1624) = 0
11470 15:08:36.558023 close(5)          = 0
11470 15:08:36.558052 setgroups32(0, []) = 0
11470 15:08:36.558072 chdir("/usr/share/empty") = 0
11470 15:08:36.558093 chroot(".")       = 0
11470 15:08:36.558111 capset(NULL, NULL) = -1 EFAULT (Bad address)
11470 15:08:36.558133 prctl(0x8, 0, 0xbfdc7068, 0x80549a6, 0xbfdc7050) = 0
11470 15:08:36.558152 prctl(0x8, 0x1, 0xbfdc7068, 0x8054a49, 0xbfdc7050) = 0
11470 15:08:36.558168 setgid32(65534)   = 0
11470 15:08:36.558185 setuid32(65534)   = 0
11470 15:08:36.558201 capset(0x19980330, 0, {CAP_NET_BIND_SERVICE, CAP_NET_BIND_SERVICE, 0}) = 0
11470 15:08:36.558224 read(4, "\n", 1)  = 1
11470 15:08:36.558281 write(4, "\1", 1) = 1
11472 15:08:36.558302 <... read resumed> "\1", 1) = 1
11472 15:08:36.558315 write(5, "\f", 1) = 1
11472 15:08:36.558332 read(5,  <unfinished ...>
11470 15:08:36.558343 read(4, "\f", 1)  = 1
11470 15:08:36.558381 socket(PF_INET, SOCK_STREAM, IPPROTO_TCP) = 5
11470 15:08:36.558408 setsockopt(5, SOL_SOCKET, SO_REUSEADDR, [1], 4) = 0
11470 15:08:36.558427 gettimeofday({1495652916, 558433}, NULL) = 0
11470 15:08:36.558455 bind(5, {sa_family=AF_INET, sin_port=htons(13042), sin_addr=inet_addr("127.0.0.1")}, 16) = 0
11470 15:08:36.558482 listen(5, 1)      = 0
11470 15:08:36.558504 write(4, "\3622\0\0", 4) = 4
11472 15:08:36.558523 <... read resumed> "\3622\0\0", 4) = 4
11472 15:08:36.558547 write(0, "227 Entering Passive Mode (127,0,0,1,50,242).\r\n", 47) = 47
11472 15:08:36.558768 rt_sigaction(SIGALRM, {0x805cad0, ~[RTMIN RT_1], 0}, NULL, 8) = 0
11472 15:08:36.558799 alarm(300)        = 300
11472 15:08:36.558818 recv(0, "STOR myfile5\r\n", 4096, MSG_PEEK) = 14
11472 15:08:36.558838 read(0, "STOR myfile5\r\n", 14) = 14
11472 15:08:36.558883 write(5, "\v", 1) = 1
11472 15:08:36.558904 read(5,  <unfinished ...>
11470 15:08:36.558916 read(4, "\v", 1)  = 1
11470 15:08:36.558935 write(4, "\1\0\0\0", 4) = 4
11472 15:08:36.558953 <... read resumed> "\1\0\0\0", 4) = 4
11472 15:08:36.558967 gettimeofday({1495652916, 558973}, NULL) = 0
11472 15:08:36.558985 getcwd("/home/msfadmin", 4096) = 15
11472 15:08:36.559040 open("myfile5", O_WRONLY|O_CREAT|O_NONBLOCK|O_LARGEFILE, 0666) = 4
11472 15:08:36.559065 fstat64(4, {st_mode=S_IFREG|0644, st_size=17, ...}) = 0
11472 15:08:36.559101 fcntl64(4, F_GETFL) = 0x8801 (flags O_WRONLY|O_NONBLOCK|O_LARGEFILE)
11472 15:08:36.559121 fcntl64(4, F_SETFL, O_WRONLY|O_LARGEFILE) = 0
11472 15:08:36.559138 fcntl64(4, F_SETLKW64, {type=F_WRLCK, whence=SEEK_SET, start=0, len=0}, 0xbfdc6fb4) = 0
11472 15:08:36.559164 ftruncate64(4, 0) = 0
11472 15:08:36.559197 _llseek(4, 0, [0], SEEK_SET) = 0
11472 15:08:36.559214 write(5, "\v", 1) = 1
11472 15:08:36.559232 read(5,  <unfinished ...>
11470 15:08:36.559244 read(4, "\v", 1)  = 1
11470 15:08:36.559263 write(4, "\1\0\0\0", 4) = 4
11472 15:08:36.559280 <... read resumed> "\1\0\0\0", 4) = 4
11472 15:08:36.559292 write(5, "\v", 1) = 1
11472 15:08:36.559308 read(5,  <unfinished ...>
11470 15:08:36.559319 read(4, "\v", 1)  = 1
11470 15:08:36.559337 write(4, "\1\0\0\0", 4) = 4
11472 15:08:36.559380 <... read resumed> "\1\0\0\0", 4) = 4
11472 15:08:36.559403 write(5, "\r", 1) = 1
11472 15:08:36.559424 read(5,  <unfinished ...>
11470 15:08:36.559436 read(4, "\r", 1)  = 1
11470 15:08:36.559507 select(6, [5], NULL, NULL, {60, 0}) = 1 (in [5], left {60, 0})
11470 15:08:36.559546 accept(5, {sa_family=AF_INET, sin_port=htons(52505), sin_addr=inet_addr("127.0.0.1")}, [16]) = 6
11470 15:08:36.559584 write(4, "\1", 1) = 1
11472 15:08:36.559602 <... read resumed> "\1", 1) = 1
11472 15:08:36.559619 recvmsg(5,  <unfinished ...>
11470 15:08:36.559634 sendmsg(4, {msg_name(0)=NULL, msg_iov(1)=[{"\0", 1}], msg_controllen=16, {cmsg_len=16, cmsg_level=SOL_SOCKET, cmsg_type=SCM_RIGHTS, {6}}, msg_flags=0}, 0) = 1
11472 15:08:36.559663 <... recvmsg resumed> {msg_name(0)=NULL, msg_iov(1)=[{"\0", 1}], msg_controllen=16, {cmsg_len=16, cmsg_level=SOL_SOCKET, cmsg_type=SCM_RIGHTS, {6}}, msg_flags=0}, 0) = 1
11472 15:08:36.559685 setsockopt(6, SOL_SOCKET, SO_KEEPALIVE, [1], 4) = 0
11472 15:08:36.559705 setsockopt(6, SOL_IP, IP_TOS, [8], 4) = 0
11472 15:08:36.559725 setsockopt(6, SOL_SOCKET, SO_LINGER, {onoff=1, linger=32767}, 8) = 0
11472 15:08:36.559743 rt_sigaction(SIGALRM, {0x805cad0, ~[RTMIN RT_1], 0}, NULL, 8) = 0
11472 15:08:36.559799 alarm(300)        = 300
11472 15:08:36.559822 write(0, "150 Ok to send data.\r\n", 22) = 22
11472 15:08:36.559955 mmap2(NULL, 77824, PROT_READ|PROT_WRITE, MAP_PRIVATE|MAP_ANONYMOUS, -1, 0) = 0xb7d7c000
11472 15:08:36.559979 mprotect(0xb7d8e000, 4096, PROT_NONE) = 0
11472 15:08:36.559999 mprotect(0xb7d7c000, 4096, PROT_NONE) = 0
11472 15:08:36.560015 read(6, "assasaaa\na\na\na\na\n", 65536) = 17
11472 15:08:36.560038 write(4, "assasaaa\na\na\na\na\n", 17) = 17
11472 15:08:36.560065 read(6, "", 65536) = 0
11472 15:08:36.560082 rt_sigaction(SIGALRM, {0x805cad0, ~[RTMIN RT_1], 0}, NULL, 8) = 0
11472 15:08:36.560104 alarm(300)        = 300
11472 15:08:36.560121 close(6)          = 0
11472 15:08:36.560136 alarm(0)          = 300
11472 15:08:36.560151 gettimeofday({1495652916, 560157}, NULL) = 0
11472 15:08:36.560182 getpid()          = 11472
11472 15:08:36.560235 gettimeofday({1495652916, 560247}, NULL) = 0
11472 15:08:36.560271 fcntl64(3, F_SETLKW64, {type=F_WRLCK, whence=SEEK_SET, start=0, len=0}, 0xbfdc6f54) = 0
11472 15:08:36.560296 write(3, "Wed May 24 15:08:36 2017 [pid 11472] [msfadmin] OK UPLOAD: Client \"127.0.0.1\", \"/home/msfadmin/myfile5\", 17 bytes, 13.03Kbyte/sec\n", 130) = 130
11472 15:08:36.560330 fcntl64(3, F_SETLK64, {type=F_UNLCK, whence=SEEK_SET, start=0, len=0}, 0xbfdc6f5c) = 0
11472 15:08:36.560376 write(0, "226 Transfer complete.\r\n", 24) = 24
11472 15:08:36.560449 write(5, "\n", 1) = 1
11472 15:08:36.560469 read(5,  <unfinished ...>
11470 15:08:36.560481 close(6)          = 0
11470 15:08:36.560545 read(4, "\n", 1)  = 1
11470 15:08:36.560568 close(5)          = 0
11470 15:08:36.560587 write(4, "\1", 1) = 1
11472 15:08:36.560605 <... read resumed> "\1", 1) = 1
11472 15:08:36.560617 close(4)          = 0
11472 15:08:36.560635 rt_sigaction(SIGALRM, {0x805cad0, ~[RTMIN RT_1], 0}, NULL, 8) = 0
11472 15:08:36.560657 alarm(300)        = 0
11472 15:08:36.560676 recv(0,  <unfinished ...>
11470 15:08:36.560688 read(4,  <unfinished ...>
11472 15:08:37.061307 <... recv resumed> "TYPE I\r\n", 4096, MSG_PEEK) = 8
11472 15:08:37.061482 read(0, "TYPE I\r\n", 8) = 8
11472 15:08:37.061567 write(0, "200 Switching to Binary mode.\r\n", 31) = 31
11472 15:08:37.061759 rt_sigaction(SIGALRM, {0x805cad0, ~[RTMIN RT_1], 0}, NULL, 8) = 0
11472 15:08:37.061939 alarm(300)        = 299
11472 15:08:37.062001 recv(0, "PASV\r\n", 4096, MSG_PEEK) = 6
11472 15:08:37.062054 read(0, "PASV\r\n", 6) = 6
11472 15:08:37.062108 write(5, "\n", 1) = 1
11472 15:08:37.062160 read(5,  <unfinished ...>
11470 15:08:37.062192 <... read resumed> "\n", 1) = 1
11470 15:08:37.062228 write(4, "\1", 1) = 1
11472 15:08:37.062319 <... read resumed> "\1", 1) = 1
11472 15:08:37.062355 write(5, "\f", 1) = 1
11472 15:08:37.062399 read(5,  <unfinished ...>
11470 15:08:37.062429 read(4, "\f", 1)  = 1
11470 15:08:37.062481 socket(PF_INET, SOCK_STREAM, IPPROTO_TCP) = 5
11470 15:08:37.062542 setsockopt(5, SOL_SOCKET, SO_REUSEADDR, [1], 4) = 0
11470 15:08:37.062601 bind(5, {sa_family=AF_INET, sin_port=htons(13286), sin_addr=inet_addr("127.0.0.1")}, 16) = 0
11470 15:08:37.062668 listen(5, 1)      = 0
11470 15:08:37.062724 write(4, "\3463\0\0", 4) = 4
11472 15:08:37.062812 <... read resumed> "\3463\0\0", 4) = 4
11472 15:08:37.062868 write(0, "227 Entering Passive Mode (127,0,0,1,51,230).\r\n", 47) = 47
11472 15:08:37.063356 rt_sigaction(SIGALRM, {0x805cad0, ~[RTMIN RT_1], 0}, NULL, 8) = 0
11472 15:08:37.063431 alarm(300)        = 300
11472 15:08:37.063481 recv(0, "STOR myfile6\r\n", 4096, MSG_PEEK) = 14
11472 15:08:37.063535 read(0, "STOR myfile6\r\n", 14) = 14
11472 15:08:37.063594 write(5, "\v", 1) = 1
11472 15:08:37.063640 read(5,  <unfinished ...>
11470 15:08:37.063672 read(4, "\v", 1)  = 1
11470 15:08:37.063721 write(4, "\1\0\0\0", 4) = 4
11472 15:08:37.063847 <... read resumed> "\1\0\0\0", 4) = 4
11472 15:08:37.063888 gettimeofday({1495652917, 63905}, NULL) = 0
11472 15:08:37.063936 getcwd("/home/msfadmin", 4096) = 15
11472 15:08:37.063990 open("myfile6", O_WRONLY|O_CREAT|O_NONBLOCK|O_LARGEFILE, 0666) = 4
11472 15:08:37.064048 fstat64(4, {st_mode=S_IFREG|0644, st_size=17, ...}) = 0
11472 15:08:37.064122 fcntl64(4, F_GETFL) = 0x8801 (flags O_WRONLY|O_NONBLOCK|O_LARGEFILE)
11472 15:08:37.064170 fcntl64(4, F_SETFL, O_WRONLY|O_LARGEFILE) = 0
11472 15:08:37.064213 fcntl64(4, F_SETLKW64, {type=F_WRLCK, whence=SEEK_SET, start=0, len=0}, 0xbfdc6fb4) = 0
11472 15:08:37.064323 ftruncate64(4, 0) = 0
11472 15:08:37.064397 _llseek(4, 0, [0], SEEK_SET) = 0
11472 15:08:37.064446 write(5, "\v", 1) = 1
11472 15:08:37.064492 read(5,  <unfinished ...>
11470 15:08:37.064524 read(4, "\v", 1)  = 1
11470 15:08:37.064572 write(4, "\1\0\0\0", 4) = 4
11472 15:08:37.064618 <... read resumed> "\1\0\0\0", 4) = 4
11472 15:08:37.064650 write(5, "\v", 1) = 1
11472 15:08:37.064693 read(5,  <unfinished ...>
11470 15:08:37.064721 read(4, "\v", 1)  = 1
11470 15:08:37.064809 write(4, "\1\0\0\0", 4) = 4
11472 15:08:37.064858 <... read resumed> "\1\0\0\0", 4) = 4
11472 15:08:37.064890 write(5, "\r", 1) = 1
11472 15:08:37.064933 read(5,  <unfinished ...>
11470 15:08:37.064962 read(4, "\r", 1)  = 1
11470 15:08:37.065012 select(6, [5], NULL, NULL, {60, 0}) = 1 (in [5], left {60, 0})
11470 15:08:37.065081 accept(5, {sa_family=AF_INET, sin_port=htons(56819), sin_addr=inet_addr("127.0.0.1")}, [16]) = 6
11470 15:08:37.065178 write(4, "\1", 1) = 1
11472 15:08:37.065223 <... read resumed> "\1", 1) = 1
11472 15:08:37.065319 recvmsg(5,  <unfinished ...>
11470 15:08:37.065358 sendmsg(4, {msg_name(0)=NULL, msg_iov(1)=[{"\0", 1}], msg_controllen=16, {cmsg_len=16, cmsg_level=SOL_SOCKET, cmsg_type=SCM_RIGHTS, {6}}, msg_flags=0}, 0) = 1
11472 15:08:37.065434 <... recvmsg resumed> {msg_name(0)=NULL, msg_iov(1)=[{"\0", 1}], msg_controllen=16, {cmsg_len=16, cmsg_level=SOL_SOCKET, cmsg_type=SCM_RIGHTS, {6}}, msg_flags=0}, 0) = 1
11472 15:08:37.065491 setsockopt(6, SOL_SOCKET, SO_KEEPALIVE, [1], 4) = 0
11472 15:08:37.065544 setsockopt(6, SOL_IP, IP_TOS, [8], 4) = 0
11472 15:08:37.065595 setsockopt(6, SOL_SOCKET, SO_LINGER, {onoff=1, linger=32767}, 8) = 0
11472 15:08:37.065643 rt_sigaction(SIGALRM, {0x805cad0, ~[RTMIN RT_1], 0}, NULL, 8) = 0
11472 15:08:37.065718 alarm(300)        = 300
11472 15:08:37.065819 write(0, "150 Ok to send data.\r\n", 22) = 22
11472 15:08:37.066094 read(6, "assasaaa\na\na\na\na\n", 65536) = 17
11472 15:08:37.066157 write(4, "assasaaa\na\na\na\na\n", 17) = 17
11472 15:08:37.066265 read(6, "", 65536) = 0
11472 15:08:37.066324 rt_sigaction(SIGALRM, {0x805cad0, ~[RTMIN RT_1], 0}, NULL, 8) = 0
11472 15:08:37.066383 alarm(300)        = 300
11472 15:08:37.066426 close(6)          = 0
11472 15:08:37.066466 alarm(0)          = 300
11472 15:08:37.066508 gettimeofday({1495652917, 66523}, NULL) = 0
11472 15:08:37.066571 gettimeofday({1495652917, 66588}, NULL) = 0
11472 15:08:37.066627 fcntl64(3, F_SETLKW64, {type=F_WRLCK, whence=SEEK_SET, start=0, len=0}, 0xbfdc6f54) = 0
11472 15:08:37.066691 write(3, "Wed May 24 15:08:37 2017 [pid 11472] [msfadmin] OK UPLOAD: Client \"127.0.0.1\", \"/home/msfadmin/myfile6\", 17 bytes, 6.19Kbyte/sec\n", 129) = 129
11472 15:08:37.066822 fcntl64(3, F_SETLK64, {type=F_UNLCK, whence=SEEK_SET, start=0, len=0}, 0xbfdc6f5c) = 0
11472 15:08:37.066891 write(0, "226 Transfer complete.\r\n", 24) = 24
11472 15:08:37.067071 write(5, "\n", 1) = 1
11472 15:08:37.067125 read(5,  <unfinished ...>
11470 15:08:37.067155 close(6)          = 0
11470 15:08:37.067281 read(4, "\n", 1)  = 1
11470 15:08:37.067338 close(5)          = 0
11470 15:08:37.067387 write(4, "\1", 1) = 1
11472 15:08:37.067435 <... read resumed> "\1", 1) = 1
11472 15:08:37.067466 close(4)          = 0
11472 15:08:37.067513 rt_sigaction(SIGALRM, {0x805cad0, ~[RTMIN RT_1], 0}, NULL, 8) = 0
11472 15:08:37.067570 alarm(300)        = 0
11472 15:08:37.067618 recv(0,  <unfinished ...>
11470 15:08:37.067652 read(4,  <unfinished ...>
11472 15:08:37.582548 <... recv resumed> "TYPE I\r\n", 4096, MSG_PEEK) = 8
11472 15:08:37.582684 read(0, "TYPE I\r\n", 8) = 8
11472 15:08:37.582805 write(0, "200 Switching to Binary mode.\r\n", 31) = 31
11472 15:08:37.583232 rt_sigaction(SIGALRM, {0x805cad0, ~[RTMIN RT_1], 0}, NULL, 8) = 0
11472 15:08:37.583516 alarm(300)        = 299
11472 15:08:37.583620 recv(0, "PASV\r\n", 4096, MSG_PEEK) = 6
11472 15:08:37.583706 read(0, "PASV\r\n", 6) = 6
11472 15:08:37.583766 write(5, "\n", 1) = 1
11472 15:08:37.583819 read(5,  <unfinished ...>
11470 15:08:37.583852 <... read resumed> "\n", 1) = 1
11470 15:08:37.583982 write(4, "\1", 1) = 1
11472 15:08:37.584039 <... read resumed> "\1", 1) = 1
11472 15:08:37.584072 write(5, "\f", 1) = 1
11472 15:08:37.584115 read(5,  <unfinished ...>
11470 15:08:37.584145 read(4, "\f", 1)  = 1
11470 15:08:37.584197 socket(PF_INET, SOCK_STREAM, IPPROTO_TCP) = 5
11470 15:08:37.584329 setsockopt(5, SOL_SOCKET, SO_REUSEADDR, [1], 4) = 0
11470 15:08:37.584443 bind(5, {sa_family=AF_INET, sin_port=htons(19499), sin_addr=inet_addr("127.0.0.1")}, 16) = 0
11470 15:08:37.584525 listen(5, 1)      = 0
11470 15:08:37.584580 write(4, "+L\0\0", 4) = 4
11472 15:08:37.584630 <... read resumed> "+L\0\0", 4) = 4
11472 15:08:37.584684 write(0, "227 Entering Passive Mode (127,0,0,1,76,43).\r\n", 46) = 46
11472 15:08:37.585328 rt_sigaction(SIGALRM, {0x805cad0, ~[RTMIN RT_1], 0}, NULL, 8) = 0
11472 15:08:37.585459 alarm(300)        = 300
11472 15:08:37.585514 recv(0, "STOR myfile7\r\n", 4096, MSG_PEEK) = 14
11472 15:08:37.585570 read(0, "STOR myfile7\r\n", 14) = 14
11472 15:08:37.585630 write(5, "\v", 1) = 1
11472 15:08:37.585676 read(5,  <unfinished ...>
11470 15:08:37.585708 read(4, "\v", 1)  = 1
11470 15:08:37.585757 write(4, "\1\0\0\0", 4) = 4
11472 15:08:37.585887 <... read resumed> "\1\0\0\0", 4) = 4
11472 15:08:37.585933 gettimeofday({1495652917, 585948}, NULL) = 0
11472 15:08:37.585980 getcwd("/home/msfadmin", 4096) = 15
11472 15:08:37.586034 open("myfile7", O_WRONLY|O_CREAT|O_NONBLOCK|O_LARGEFILE, 0666) = 4
11472 15:08:37.586093 fstat64(4, {st_mode=S_IFREG|0644, st_size=17, ...}) = 0
11472 15:08:37.586255 fcntl64(4, F_GETFL) = 0x8801 (flags O_WRONLY|O_NONBLOCK|O_LARGEFILE)
11472 15:08:37.586304 fcntl64(4, F_SETFL, O_WRONLY|O_LARGEFILE) = 0
11472 15:08:37.586400 fcntl64(4, F_SETLKW64, {type=F_WRLCK, whence=SEEK_SET, start=0, len=0}, 0xbfdc6fb4) = 0
11472 15:08:37.586494 ftruncate64(4, 0) = 0
11472 15:08:37.586563 _llseek(4, 0, [0], SEEK_SET) = 0
11472 15:08:37.586611 write(5, "\v", 1) = 1
11472 15:08:37.586657 read(5,  <unfinished ...>
11470 15:08:37.586689 read(4, "\v", 1)  = 1
11470 15:08:37.586839 write(4, "\1\0\0\0", 4) = 4
11472 15:08:37.586894 <... read resumed> "\1\0\0\0", 4) = 4
11472 15:08:37.586927 write(5, "\v", 1) = 1
11472 15:08:37.586970 read(5,  <unfinished ...>
11470 15:08:37.586999 read(4, "\v", 1)  = 1
11470 15:08:37.587131 write(4, "\1\0\0\0", 4) = 4
11472 15:08:37.587184 <... read resumed> "\1\0\0\0", 4) = 4
11472 15:08:37.587216 write(5, "\r", 1) = 1
11472 15:08:37.587259 read(5,  <unfinished ...>
11470 15:08:37.587288 read(4, "\r", 1)  = 1
11470 15:08:37.587386 select(6, [5], NULL, NULL, {60, 0}) = 1 (in [5], left {60, 0})
11470 15:08:37.587459 accept(5, {sa_family=AF_INET, sin_port=htons(42607), sin_addr=inet_addr("127.0.0.1")}, [16]) = 6
11470 15:08:37.587554 write(4, "\1", 1) = 1
11472 15:08:37.587601 <... read resumed> "\1", 1) = 1
11472 15:08:37.587640 recvmsg(5,  <unfinished ...>
11470 15:08:37.587765 sendmsg(4, {msg_name(0)=NULL, msg_iov(1)=[{"\0", 1}], msg_controllen=16, {cmsg_len=16, cmsg_level=SOL_SOCKET, cmsg_type=SCM_RIGHTS, {6}}, msg_flags=0}, 0) = 1
11472 15:08:37.587842 <... recvmsg resumed> {msg_name(0)=NULL, msg_iov(1)=[{"\0", 1}], msg_controllen=16, {cmsg_len=16, cmsg_level=SOL_SOCKET, cmsg_type=SCM_RIGHTS, {6}}, msg_flags=0}, 0) = 1
11472 15:08:37.587900 setsockopt(6, SOL_SOCKET, SO_KEEPALIVE, [1], 4) = 0
11472 15:08:37.588019 setsockopt(6, SOL_IP, IP_TOS, [8], 4) = 0
11472 15:08:37.588087 setsockopt(6, SOL_SOCKET, SO_LINGER, {onoff=1, linger=32767}, 8) = 0
11472 15:08:37.588137 rt_sigaction(SIGALRM, {0x805cad0, ~[RTMIN RT_1], 0}, NULL, 8) = 0
11472 15:08:37.588196 alarm(300)        = 300
11472 15:08:37.588253 write(0, "150 Ok to send data.\r\n", 22) = 22
11472 15:08:37.588668 read(6, "assasaaa\na\na\na\na\n", 65536) = 17
11472 15:08:37.588745 write(4, "assasaaa\na\na\na\na\n", 17) = 17
11472 15:08:37.588815 read(6, "", 65536) = 0
11472 15:08:37.588861 rt_sigaction(SIGALRM, {0x805cad0, ~[RTMIN RT_1], 0}, NULL, 8) = 0
11472 15:08:37.589006 alarm(300)        = 300
11472 15:08:37.589053 close(6)          = 0
11472 15:08:37.589093 alarm(0)          = 300
11472 15:08:37.589135 gettimeofday({1495652917, 589150}, NULL) = 0
11472 15:08:37.589198 gettimeofday({1495652917, 589215}, NULL) = 0
11472 15:08:37.589415 fcntl64(3, F_SETLKW64, {type=F_WRLCK, whence=SEEK_SET, start=0, len=0} <unfinished ...>
11470 15:08:37.589467 close(6)          = 0
11470 15:08:37.589550 read(4,  <unfinished ...>
11472 15:08:37.589582 <... fcntl64 resumed> , 0xbfdc6f54) = 0
11472 15:08:37.589691 write(3, "Wed May 24 15:08:37 2017 [pid 11472] [msfadmin] OK UPLOAD: Client \"127.0.0.1\", \"/home/msfadmin/myfile7\", 17 bytes, 5.08Kbyte/sec\n", 129) = 129
11472 15:08:37.589796 fcntl64(3, F_SETLK64, {type=F_UNLCK, whence=SEEK_SET, start=0, len=0}, 0xbfdc6f5c) = 0
11472 15:08:37.589865 write(0, "226 Transfer complete.\r\n", 24) = 24
11472 15:08:37.590134 write(5, "\n", 1) = 1
11470 15:08:37.590192 <... read resumed> "\n", 1) = 1
11470 15:08:37.590222 close(5)          = 0
11470 15:08:37.590276 write(4, "\1", 1) = 1
11470 15:08:37.590327 read(4,  <unfinished ...>
11472 15:08:37.590437 read(5, "\1", 1)  = 1
11472 15:08:37.590516 close(4)          = 0
11472 15:08:37.590583 rt_sigaction(SIGALRM, {0x805cad0, ~[RTMIN RT_1], 0}, NULL, 8) = 0
11472 15:08:37.590776 alarm(300)        = 0
11472 15:08:37.590859 recv(0, "TYPE I\r\n", 4096, MSG_PEEK) = 8
11472 15:08:38.111767 read(0, "TYPE I\r\n", 8) = 8
11472 15:08:38.111901 write(0, "200 Switching to Binary mode.\r\n", 31) = 31
11472 15:08:38.112150 rt_sigaction(SIGALRM, {0x805cad0, ~[RTMIN RT_1], 0}, NULL, 8) = 0
11472 15:08:38.112257 alarm(300)        = 299
11472 15:08:38.112312 recv(0, "PASV\r\n", 4096, MSG_PEEK) = 6
11472 15:08:38.112365 read(0, "PASV\r\n", 6) = 6
11472 15:08:38.112418 write(5, "\n", 1) = 1
11470 15:08:38.112472 <... read resumed> "\n", 1) = 1
11470 15:08:38.112530 write(4, "\1", 1) = 1
11470 15:08:38.112578 read(4,  <unfinished ...>
11472 15:08:38.112609 read(5, "\1", 1)  = 1
11472 15:08:38.112658 write(5, "\f", 1) = 1
11470 15:08:38.112701 <... read resumed> "\f", 1) = 1
11470 15:08:38.112738 socket(PF_INET, SOCK_STREAM, IPPROTO_TCP) = 5
11470 15:08:38.112816 setsockopt(5, SOL_SOCKET, SO_REUSEADDR, [1], 4) = 0
11470 15:08:38.112875 bind(5, {sa_family=AF_INET, sin_port=htons(36986), sin_addr=inet_addr("127.0.0.1")}, 16) = 0
11470 15:08:38.112941 listen(5, 1)      = 0
11470 15:08:38.112998 write(4, "z\220\0\0", 4) = 4
11470 15:08:38.113054 read(4,  <unfinished ...>
11472 15:08:38.113156 read(5, "z\220\0\0", 4) = 4
11472 15:08:38.113236 write(0, "227 Entering Passive Mode (127,0,0,1,144,122).\r\n", 48) = 48
11472 15:08:38.113702 rt_sigaction(SIGALRM, {0x805cad0, ~[RTMIN RT_1], 0}, NULL, 8) = 0
11472 15:08:38.113781 alarm(300)        = 300
11472 15:08:38.113831 recv(0, "STOR myfile8\r\n", 4096, MSG_PEEK) = 14
11472 15:08:38.113885 read(0, "STOR myfile8\r\n", 14) = 14
11472 15:08:38.113960 write(5, "\v", 1) = 1
11470 15:08:38.114012 <... read resumed> "\v", 1) = 1
11470 15:08:38.114083 write(4, "\1\0\0\0", 4) = 4
11470 15:08:38.114147 read(4,  <unfinished ...>
11472 15:08:38.114177 read(5, "\1\0\0\0", 4) = 4
11472 15:08:38.114228 gettimeofday({1495652918, 114244}, NULL) = 0
11472 15:08:38.114276 getcwd("/home/msfadmin", 4096) = 15
11472 15:08:38.114330 open("myfile8", O_WRONLY|O_CREAT|O_NONBLOCK|O_LARGEFILE, 0666) = 4
11472 15:08:38.114388 fstat64(4, {st_mode=S_IFREG|0644, st_size=17, ...}) = 0
11472 15:08:38.114464 fcntl64(4, F_GETFL) = 0x8801 (flags O_WRONLY|O_NONBLOCK|O_LARGEFILE)
11472 15:08:38.114525 fcntl64(4, F_SETFL, O_WRONLY|O_LARGEFILE) = 0
11472 15:08:38.114577 fcntl64(4, F_SETLKW64, {type=F_WRLCK, whence=SEEK_SET, start=0, len=0}, 0xbfdc6fb4) = 0
11472 15:08:38.114638 ftruncate64(4, 0) = 0
11472 15:08:38.114710 _llseek(4, 0, [0], SEEK_SET) = 0
11472 15:08:38.114757 write(5, "\v", 1) = 1
11470 15:08:38.114811 <... read resumed> "\v", 1) = 1
11470 15:08:38.114853 write(4, "\1\0\0\0", 4) = 4
11470 15:08:38.114912 read(4,  <unfinished ...>
11472 15:08:38.114942 read(5, "\1\0\0\0", 4) = 4
11472 15:08:38.114991 write(5, "\v", 1) = 1
11470 15:08:38.115075 <... read resumed> "\v", 1) = 1
11470 15:08:38.115110 write(4, "\1\0\0\0", 4) = 4
11470 15:08:38.115155 read(4,  <unfinished ...>
11472 15:08:38.115185 read(5, "\1\0\0\0", 4) = 4
11472 15:08:38.115233 write(5, "\r", 1) = 1
11470 15:08:38.115274 <... read resumed> "\r", 1) = 1
11470 15:08:38.115308 select(6, [5], NULL, NULL, {60, 0}) = 1 (in [5], left {60, 0})
11470 15:08:38.115379 accept(5, {sa_family=AF_INET, sin_port=htons(44032), sin_addr=inet_addr("127.0.0.1")}, [16]) = 6
11470 15:08:38.115494 write(4, "\1", 1) = 1
11470 15:08:38.115547 sendmsg(4, {msg_name(0)=NULL, msg_iov(1)=[{"\0", 1}], msg_controllen=16, {cmsg_len=16, cmsg_level=SOL_SOCKET, cmsg_type=SCM_RIGHTS, {6}}, msg_flags=0}, 0) = 1
11470 15:08:38.115618 close(6)          = 0
11470 15:08:38.115660 read(4,  <unfinished ...>
11472 15:08:38.115698 read(5, "\1", 1)  = 1
11472 15:08:38.115767 recvmsg(5, {msg_name(0)=NULL, msg_iov(1)=[{"\0", 1}], msg_controllen=16, {cmsg_len=16, cmsg_level=SOL_SOCKET, cmsg_type=SCM_RIGHTS, {6}}, msg_flags=0}, 0) = 1
11472 15:08:38.115845 setsockopt(6, SOL_SOCKET, SO_KEEPALIVE, [1], 4) = 0
11472 15:08:38.115898 setsockopt(6, SOL_IP, IP_TOS, [8], 4) = 0
11472 15:08:38.115949 setsockopt(6, SOL_SOCKET, SO_LINGER, {onoff=1, linger=32767}, 8) = 0
11472 15:08:38.116155 rt_sigaction(SIGALRM, {0x805cad0, ~[RTMIN RT_1], 0}, NULL, 8) = 0
11472 15:08:38.116218 alarm(300)        = 300
11472 15:08:38.116274 write(0, "150 Ok to send data.\r\n", 22) = 22
11472 15:08:38.116571 read(6, "assasaaa\na\na\na\na\n", 65536) = 17
11472 15:08:38.116634 write(4, "assasaaa\na\na\na\na\n", 17) = 17
11472 15:08:38.116718 read(6, "", 65536) = 0
11472 15:08:38.116771 rt_sigaction(SIGALRM, {0x805cad0, ~[RTMIN RT_1], 0}, NULL, 8) = 0
11472 15:08:38.116832 alarm(300)        = 300
11472 15:08:38.116874 close(6)          = 0
11472 15:08:38.116947 alarm(0)          = 300
11472 15:08:38.117006 gettimeofday({1495652918, 117022}, NULL) = 0
11472 15:08:38.117119 gettimeofday({1495652918, 117144}, NULL) = 0
11472 15:08:38.117184 fcntl64(3, F_SETLKW64, {type=F_WRLCK, whence=SEEK_SET, start=0, len=0}, 0xbfdc6f54) = 0
11472 15:08:38.117248 write(3, "Wed May 24 15:08:38 2017 [pid 11472] [msfadmin] OK UPLOAD: Client \"127.0.0.1\", \"/home/msfadmin/myfile8\", 17 bytes, 5.72Kbyte/sec\n", 129) = 129
