13462 15:28:47.602449 mmap2(NULL, 12288, PROT_READ|PROT_WRITE, MAP_PRIVATE|MAP_ANONYMOUS, -1, 0) = 0xb7fac000
13462 15:28:47.602471 mprotect(0xb7fae000, 4096, PROT_NONE) = 0
13462 15:28:47.602502 mprotect(0xb7fac000, 4096, PROT_NONE) = 0
13462 15:28:47.602524 getcwd("/home/msfadmin", 4096) = 15
13462 15:28:47.602550 umask(022)        = 077
13462 15:28:47.602569 getcwd("/home/msfadmin", 4096) = 15
13462 15:28:47.602612 open(".message", O_RDONLY|O_NONBLOCK|O_LARGEFILE) = -1 ENOENT (No such file or directory)
13462 15:28:47.602655 write(0, "230 Login successful.\r\n", 23) = 23
13462 15:28:47.602825 rt_sigaction(SIGALRM, {0x805cad0, ~[RTMIN RT_1], 0}, NULL, 8) = 0
13462 15:28:47.602858 alarm(300)        = 0
13462 15:28:47.602880 mmap2(NULL, 12288, PROT_READ|PROT_WRITE, MAP_PRIVATE|MAP_ANONYMOUS, -1, 0) = 0xb7fa9000
13462 15:28:47.602903 mprotect(0xb7fab000, 4096, PROT_NONE) = 0
13462 15:28:47.602925 mprotect(0xb7fa9000, 4096, PROT_NONE) = 0
13462 15:28:47.602951 recv(0, "TYPE I\r\n", 4096, MSG_PEEK) = 8
13462 15:28:47.602976 read(0, "TYPE I\r\n", 8) = 8
13462 15:28:47.603008 write(0, "200 Switching to Binary mode.\r\n", 31) = 31
13462 15:28:47.603094 rt_sigaction(SIGALRM, {0x805cad0, ~[RTMIN RT_1], 0}, NULL, 8) = 0
13462 15:28:47.603125 alarm(300)        = 300
13462 15:28:47.603147 recv(0, "PASV\r\n", 4096, MSG_PEEK) = 6
13462 15:28:47.603170 read(0, "PASV\r\n", 6) = 6
13462 15:28:47.603194 write(5, "\n", 1) = 1
13462 15:28:47.603216 read(5,  <unfinished ...>
13460 15:28:47.603238 close(5)          = 0
13460 15:28:47.603263 getuid32()        = 0
13460 15:28:47.603290 open("/etc/passwd", O_RDONLY|0x80000 /* O_??? */) = 5
13460 15:28:47.603318 _llseek(5, 0, [0], SEEK_CUR) = 0
13460 15:28:47.603342 fstat64(5, {st_mode=S_IFREG|0644, st_size=1624, ...}) = 0
13460 15:28:47.603378 mmap2(NULL, 1624, PROT_READ, MAP_SHARED, 5, 0) = 0xb7fae000
13460 15:28:47.603400 _llseek(5, 1624, [1624], SEEK_SET) = 0
13460 15:28:47.603435 munmap(0xb7fae000, 1624) = 0
13460 15:28:47.603457 close(5)          = 0
13460 15:28:47.603486 setgroups32(0, []) = 0
13460 15:28:47.603509 chdir("/usr/share/empty") = 0
13460 15:28:47.603533 chroot(".")       = 0
13460 15:28:47.603554 capset(NULL, NULL) = -1 EFAULT (Bad address)
13460 15:28:47.603710 prctl(0x8, 0, 0xbfc9ef38, 0x80549a6, 0xbfc9ef20) = 0
13460 15:28:47.603733 prctl(0x8, 0x1, 0xbfc9ef38, 0x8054a49, 0xbfc9ef20) = 0
13460 15:28:47.603753 setgid32(65534)   = 0
13460 15:28:47.603773 setuid32(65534)   = 0
13460 15:28:47.603792 capset(0x19980330, 0, {CAP_NET_BIND_SERVICE, CAP_NET_BIND_SERVICE, 0}) = 0
13460 15:28:47.603819 read(4, "\n", 1)  = 1
13460 15:28:47.603845 write(4, "\1", 1) = 1
13462 15:28:47.603866 <... read resumed> "\1", 1) = 1
13462 15:28:47.603881 write(5, "\f", 1) = 1
13462 15:28:47.603902 read(5,  <unfinished ...>
13460 15:28:47.603915 read(4, "\f", 1)  = 1
13460 15:28:47.603941 socket(PF_INET, SOCK_STREAM, IPPROTO_TCP) = 5
13460 15:28:47.603967 setsockopt(5, SOL_SOCKET, SO_REUSEADDR, [1], 4) = 0
13460 15:28:47.603990 gettimeofday({1495654127, 603997}, NULL) = 0
13460 15:28:47.604022 bind(5, {sa_family=AF_INET, sin_port=htons(27077), sin_addr=inet_addr("127.0.0.1")}, 16) = 0
13460 15:28:47.604053 listen(5, 1)      = 0
13460 15:28:47.604078 write(4, "\305i\0\0", 4) = 4
13462 15:28:47.604101 <... read resumed> "\305i\0\0", 4) = 4
13462 15:28:47.604128 write(0, "227 Entering Passive Mode (127,0,0,1,105,197).\r\n", 48) = 48
13462 15:28:47.604357 rt_sigaction(SIGALRM, {0x805cad0, ~[RTMIN RT_1], 0}, NULL, 8) = 0
13462 15:28:47.604392 alarm(300)        = 300
13462 15:28:47.604416 recv(0, "STOR myfile12\r\n", 4096, MSG_PEEK) = 15
13462 15:28:47.604440 read(0, "STOR myfile12\r\n", 15) = 15
13462 15:28:47.604470 write(5, "\v", 1) = 1
13462 15:28:47.604492 read(5,  <unfinished ...>
13460 15:28:47.604506 read(4, "\v", 1)  = 1
13460 15:28:47.604528 write(4, "\1\0\0\0", 4) = 4
13462 15:28:47.604550 <... read resumed> "\1\0\0\0", 4) = 4
13462 15:28:47.604568 gettimeofday({1495654127, 604575}, NULL) = 0
13462 15:28:47.604589 getcwd("/home/msfadmin", 4096) = 15
13462 15:28:47.604614 open("myfile12", O_WRONLY|O_CREAT|O_NONBLOCK|O_LARGEFILE, 0666) = 4
13462 15:28:47.604640 fstat64(4, {st_mode=S_IFREG|0644, st_size=17, ...}) = 0
13462 15:28:47.604690 fcntl64(4, F_GETFL) = 0x8801 (flags O_WRONLY|O_NONBLOCK|O_LARGEFILE)
13462 15:28:47.604722 fcntl64(4, F_SETFL, O_WRONLY|O_LARGEFILE) = 0
13462 15:28:47.604742 fcntl64(4, F_SETLKW64, {type=F_WRLCK, whence=SEEK_SET, start=0, len=0}, 0xbfc9ee84) = 0
13462 15:28:47.604773 ftruncate64(4, 0) = 0
13462 15:28:47.604811 _llseek(4, 0, [0], SEEK_SET) = 0
13462 15:28:47.604833 write(5, "\v", 1) = 1
13462 15:28:47.604854 read(5,  <unfinished ...>
13460 15:28:47.604868 read(4, "\v", 1)  = 1
13460 15:28:47.604890 write(4, "\1\0\0\0", 4) = 4
13462 15:28:47.604912 <... read resumed> "\1\0\0\0", 4) = 4
13462 15:28:47.604927 write(5, "\v", 1) = 1
13462 15:28:47.604947 read(5,  <unfinished ...>
13460 15:28:47.604960 read(4, "\v", 1)  = 1
13460 15:28:47.604982 write(4, "\1\0\0\0", 4) = 4
13462 15:28:47.605003 <... read resumed> "\1\0\0\0", 4) = 4
13462 15:28:47.605096 write(5, "\r", 1) = 1
13462 15:28:47.605120 read(5,  <unfinished ...>
13460 15:28:47.605136 read(4, "\r", 1)  = 1
13460 15:28:47.605185 select(6, [5], NULL, NULL, {60, 0}) = 1 (in [5], left {60, 0})
13460 15:28:47.605229 accept(5, {sa_family=AF_INET, sin_port=htons(52919), sin_addr=inet_addr("127.0.0.1")}, [16]) = 6
13460 15:28:47.605279 write(4, "\1", 1) = 1
13462 15:28:47.605305 <... read resumed> "\1", 1) = 1
13462 15:28:47.605327 recvmsg(5,  <unfinished ...>
13460 15:28:47.605348 sendmsg(4, {msg_name(0)=NULL, msg_iov(1)=[{"\0", 1}], msg_controllen=16, {cmsg_len=16, cmsg_level=SOL_SOCKET, cmsg_type=SCM_RIGHTS, {6}}, msg_flags=0}, 0) = 1
13462 15:28:47.605387 <... recvmsg resumed> {msg_name(0)=NULL, msg_iov(1)=[{"\0", 1}], msg_controllen=16, {cmsg_len=16, cmsg_level=SOL_SOCKET, cmsg_type=SCM_RIGHTS, {6}}, msg_flags=0}, 0) = 1
13462 15:28:47.605390 setsockopt(6, SOL_SOCKET, SO_KEEPALIVE, [1], 4) = 0
13462 15:28:47.605391 setsockopt(6, SOL_IP, IP_TOS, [8], 4) = 0
13462 15:28:47.605410 setsockopt(6, SOL_SOCKET, SO_LINGER, {onoff=1, linger=32767}, 8) = 0
13462 15:28:47.605437 rt_sigaction(SIGALRM, {0x805cad0, ~[RTMIN RT_1], 0}, NULL, 8) = 0
13462 15:28:47.605507 alarm(300)        = 300
13462 15:28:47.605532 write(0, "150 Ok to send data.\r\n", 22) = 22
13462 15:28:47.605664 mmap2(NULL, 77824, PROT_READ|PROT_WRITE, MAP_PRIVATE|MAP_ANONYMOUS, -1, 0) = 0xb7de3000
13462 15:28:47.605691 mprotect(0xb7df5000, 4096, PROT_NONE) = 0
13462 15:28:47.605715 mprotect(0xb7de3000, 4096, PROT_NONE) = 0
13462 15:28:47.605735 read(6, "assasaaa\na\na\na\na\n", 65536) = 17
13462 15:28:47.605762 write(4, "assasaaa\na\na\na\na\n", 17) = 17
13462 15:28:47.605796 read(6, "", 65536) = 0
13462 15:28:47.605816 rt_sigaction(SIGALRM, {0x805cad0, ~[RTMIN RT_1], 0}, NULL, 8) = 0
13462 15:28:47.605844 alarm(300)        = 300
13462 15:28:47.605863 close(6)          = 0
13462 15:28:47.605882 alarm(0)          = 300
13462 15:28:47.605900 gettimeofday({1495654127, 605908}, NULL) = 0
13462 15:28:47.605935 getpid()          = 13462
13462 15:28:47.605959 gettimeofday({1495654127, 605966}, NULL) = 0
13462 15:28:47.605992 fcntl64(3, F_SETLKW64, {type=F_WRLCK, whence=SEEK_SET, start=0, len=0}, 0xbfc9ee24) = 0
13462 15:28:47.606022 write(3, "Wed May 24 15:28:47 2017 [pid 13462] [msfadmin] OK UPLOAD: Client \"127.0.0.1\", \"/home/msfadmin/myfile12\", 17 bytes, 11.93Kbyte/sec\n", 131) = 131
13462 15:28:47.606064 fcntl64(3, F_SETLK64, {type=F_UNLCK, whence=SEEK_SET, start=0, len=0}, 0xbfc9ee2c) = 0
13462 15:28:47.606093 write(0, "226 Transfer complete.\r\n", 24) = 24
13462 15:28:47.606166 write(5, "\n", 1) = 1
13462 15:28:47.606189 read(5,  <unfinished ...>
13460 15:28:47.606203 close(6)          = 0
13460 15:28:47.606237 read(4, "\n", 1)  = 1
13460 15:28:47.606261 close(5)          = 0
13460 15:28:47.606282 write(4, "\1", 1) = 1
13462 15:28:47.606304 <... read resumed> "\1", 1) = 1
13462 15:28:47.606318 close(4)          = 0
13462 15:28:47.606338 rt_sigaction(SIGALRM, {0x805cad0, ~[RTMIN RT_1], 0}, NULL, 8) = 0
13462 15:28:47.606392 alarm(300)        = 0
13462 15:28:47.606434 recv(0,  <unfinished ...>
13460 15:28:47.606450 read(4,  <unfinished ...>
13462 15:28:48.145732 <... recv resumed> "TYPE I\r\n", 4096, MSG_PEEK) = 8
13462 15:28:48.145827 read(0, "TYPE I\r\n", 8) = 8
13462 15:28:48.145925 write(0, "200 Switching to Binary mode.\r\n", 31) = 31
13462 15:28:48.146032 rt_sigaction(SIGALRM, {0x805cad0, ~[RTMIN RT_1], 0}, NULL, 8) = 0
13462 15:28:48.146073 alarm(300)        = 299
13462 15:28:48.146100 recv(0, "PASV\r\n", 4096, MSG_PEEK) = 6
13462 15:28:48.146118 read(0, "PASV\r\n", 6) = 6
13462 15:28:48.146135 write(5, "\n", 1) = 1
13462 15:28:48.146153 read(5,  <unfinished ...>
13460 15:28:48.146165 <... read resumed> "\n", 1) = 1
13460 15:28:48.146178 write(4, "\1", 1) = 1
13462 15:28:48.146193 <... read resumed> "\1", 1) = 1
13462 15:28:48.146203 write(5, "\f", 1) = 1
13462 15:28:48.146218 read(5,  <unfinished ...>
13460 15:28:48.146227 read(4, "\f", 1)  = 1
13460 15:28:48.146244 socket(PF_INET, SOCK_STREAM, IPPROTO_TCP) = 5
13460 15:28:48.146266 setsockopt(5, SOL_SOCKET, SO_REUSEADDR, [1], 4) = 0
13460 15:28:48.146286 bind(5, {sa_family=AF_INET, sin_port=htons(60281), sin_addr=inet_addr("127.0.0.1")}, 16) = 0
13460 15:28:48.146309 listen(5, 1)      = 0
13460 15:28:48.146329 write(4, "y\353\0\0", 4) = 4
13462 15:28:48.146345 <... read resumed> "y\353\0\0", 4) = 4
13462 15:28:48.146362 write(0, "227 Entering Passive Mode (127,0,0,1,235,121).\r\n", 48) = 48
13462 15:28:48.146514 rt_sigaction(SIGALRM, {0x805cad0, ~[RTMIN RT_1], 0}, NULL, 8) = 0
13462 15:28:48.146539 alarm(300)        = 300
13462 15:28:48.146555 recv(0, "STOR myfile13\r\n", 4096, MSG_PEEK) = 15
13462 15:28:48.146573 read(0, "STOR myfile13\r\n", 15) = 15
13462 15:28:48.146579 write(5, "\v", 1) = 1
13462 15:28:48.146579 read(5,  <unfinished ...>
13460 15:28:48.146579 read(4, "\v", 1)  = 1
13460 15:28:48.146579 write(4, "\1\0\0\0", 4) = 4
13462 15:28:48.146580 <... read resumed> "\1\0\0\0", 4) = 4
13462 15:28:48.146580 gettimeofday({1495654128, 146580}, NULL) = 0
13462 15:28:48.146580 getcwd("/home/msfadmin", 4096) = 15
13462 15:28:48.146594 open("myfile13", O_WRONLY|O_CREAT|O_NONBLOCK|O_LARGEFILE, 0666) = 4
13462 15:28:48.146614 fstat64(4, {st_mode=S_IFREG|0644, st_size=17, ...}) = 0
13462 15:28:48.146640 fcntl64(4, F_GETFL) = 0x8801 (flags O_WRONLY|O_NONBLOCK|O_LARGEFILE)
13462 15:28:48.146656 fcntl64(4, F_SETFL, O_WRONLY|O_LARGEFILE) = 0
13462 15:28:48.146670 fcntl64(4, F_SETLKW64, {type=F_WRLCK, whence=SEEK_SET, start=0, len=0}, 0xbfc9ee84) = 0
13462 15:28:48.146690 ftruncate64(4, 0) = 0
13462 15:28:48.146716 _llseek(4, 0, [0], SEEK_SET) = 0
13462 15:28:48.146732 write(5, "\v", 1) = 1
13462 15:28:48.146748 read(5,  <unfinished ...>
13460 15:28:48.146758 read(4, "\v", 1)  = 1
13460 15:28:48.146775 write(4, "\1\0\0\0", 4) = 4
13462 15:28:48.146790 <... read resumed> "\1\0\0\0", 4) = 4
13462 15:28:48.146800 write(5, "\v", 1) = 1
13462 15:28:48.146815 read(5,  <unfinished ...>
13460 15:28:48.146824 read(4, "\v", 1)  = 1
13460 15:28:48.146840 write(4, "\1\0\0\0", 4) = 4
13462 15:28:48.146854 <... read resumed> "\1\0\0\0", 4) = 4
13462 15:28:48.146865 write(5, "\r", 1) = 1
13462 15:28:48.146879 read(5,  <unfinished ...>
13460 15:28:48.146888 read(4, "\r", 1)  = 1
13460 15:28:48.146905 select(6, [5], NULL, NULL, {60, 0}) = 1 (in [5], left {60, 0})
13460 15:28:48.146928 accept(5, {sa_family=AF_INET, sin_port=htons(60687), sin_addr=inet_addr("127.0.0.1")}, [16]) = 6
13460 15:28:48.146960 write(4, "\1", 1) = 1
13462 15:28:48.146975 <... read resumed> "\1", 1) = 1
13462 15:28:48.146987 recvmsg(5,  <unfinished ...>
13460 15:28:48.146999 sendmsg(4, {msg_name(0)=NULL, msg_iov(1)=[{"\0", 1}], msg_controllen=16, {cmsg_len=16, cmsg_level=SOL_SOCKET, cmsg_type=SCM_RIGHTS, {6}}, msg_flags=0}, 0) = 1
13462 15:28:48.147024 <... recvmsg resumed> {msg_name(0)=NULL, msg_iov(1)=[{"\0", 1}], msg_controllen=16, {cmsg_len=16, cmsg_level=SOL_SOCKET, cmsg_type=SCM_RIGHTS, {6}}, msg_flags=0}, 0) = 1
13462 15:28:48.147043 setsockopt(6, SOL_SOCKET, SO_KEEPALIVE, [1], 4) = 0
13462 15:28:48.147061 setsockopt(6, SOL_IP, IP_TOS, [8], 4) = 0
13462 15:28:48.147078 setsockopt(6, SOL_SOCKET, SO_LINGER, {onoff=1, linger=32767}, 8) = 0
13462 15:28:48.147094 rt_sigaction(SIGALRM, {0x805cad0, ~[RTMIN RT_1], 0}, NULL, 8) = 0
13462 15:28:48.147114 alarm(300)        = 300
13462 15:28:48.147138 write(0, "150 Ok to send data.\r\n", 22) = 22
13462 15:28:48.147234 read(6, "assasaaa\na\na\na\na\n", 65536) = 17
13462 15:28:48.147255 write(4, "assasaaa\na\na\na\na\n", 17) = 17
13462 15:28:48.147278 read(6, "", 65536) = 0
13462 15:28:48.147307 rt_sigaction(SIGALRM, {0x805cad0, ~[RTMIN RT_1], 0}, NULL, 8) = 0
13462 15:28:48.147331 alarm(300)        = 300
13462 15:28:48.147345 close(6)          = 0
13462 15:28:48.147359 alarm(0)          = 300
13462 15:28:48.147372 gettimeofday({1495654128, 147377}, NULL) = 0
13462 15:28:48.147393 gettimeofday({1495654128, 147399}, NULL) = 0
13462 15:28:48.147413 fcntl64(3, F_SETLKW64, {type=F_WRLCK, whence=SEEK_SET, start=0, len=0}, 0xbfc9ee24) = 0
13462 15:28:48.147435 write(3, "Wed May 24 15:28:48 2017 [pid 13462] [msfadmin] OK UPLOAD: Client \"127.0.0.1\", \"/home/msfadmin/myfile13\", 17 bytes, 20.27Kbyte/sec\n", 131) = 131
13462 15:28:48.147465 fcntl64(3, F_SETLK64, {type=F_UNLCK, whence=SEEK_SET, start=0, len=0}, 0xbfc9ee2c) = 0
13462 15:28:48.147486 write(0, "226 Transfer complete.\r\n", 24) = 24
13462 15:28:48.147550 write(5, "\n", 1) = 1
13462 15:28:48.147567 read(5,  <unfinished ...>
13460 15:28:48.147577 close(6)          = 0
13460 15:28:48.147603 read(4, "\n", 1)  = 1
13460 15:28:48.147620 close(5)          = 0
13460 15:28:48.147635 write(4, "\1", 1) = 1
13462 15:28:48.147650 <... read resumed> "\1", 1) = 1
13462 15:28:48.147661 close(4)          = 0
13462 15:28:48.147676 rt_sigaction(SIGALRM, {0x805cad0, ~[RTMIN RT_1], 0}, NULL, 8) = 0
13462 15:28:48.147695 alarm(300)        = 0
13462 15:28:48.147711 recv(0,  <unfinished ...>
13460 15:28:48.147722 read(4,  <unfinished ...>
13462 15:28:48.676349 <... recv resumed> "TYPE I\r\n", 4096, MSG_PEEK) = 8
13462 15:28:48.676442 read(0, "TYPE I\r\n", 8) = 8
13462 15:28:48.676524 write(0, "200 Switching to Binary mode.\r\n", 31) = 31
13462 15:28:48.676855 rt_sigaction(SIGALRM, {0x805cad0, ~[RTMIN RT_1], 0}, NULL, 8) = 0
13462 15:28:48.676938 alarm(300)        = 299
13462 15:28:48.677015 recv(0, "PASV\r\n", 4096, MSG_PEEK) = 6
13462 15:28:48.677089 read(0, "PASV\r\n", 6) = 6
13462 15:28:48.677145 write(5, "\n", 1) = 1
13462 15:28:48.677197 read(5,  <unfinished ...>
13460 15:28:48.677230 <... read resumed> "\n", 1) = 1
13460 15:28:48.677266 write(4, "\1", 1) = 1
13462 15:28:48.677311 <... read resumed> "\1", 1) = 1
13462 15:28:48.677342 write(5, "\f", 1) = 1
13462 15:28:48.677385 read(5,  <unfinished ...>
13460 15:28:48.677414 read(4, "\f", 1)  = 1
13460 15:28:48.677466 socket(PF_INET, SOCK_STREAM, IPPROTO_TCP) = 5
13460 15:28:48.677526 setsockopt(5, SOL_SOCKET, SO_REUSEADDR, [1], 4) = 0
13460 15:28:48.683543 bind(5, {sa_family=AF_INET, sin_port=htons(64495), sin_addr=inet_addr("127.0.0.1")}, 16) = 0
13460 15:28:48.683632 listen(5, 1)      = 0
13460 15:28:48.683705 write(4, "\357\373\0\0", 4 <unfinished ...>
13462 15:28:48.683746 <... read resumed> "\357\373\0\0", 4) = 4
13460 15:28:48.683769 <... write resumed> ) = 4
13462 15:28:48.683816 write(0, "227 Entering Passive Mode (127,0,0,1,251,239).\r\n", 48) = 48
13462 15:28:48.684632 rt_sigaction(SIGALRM, {0x805cad0, ~[RTMIN RT_1], 0}, NULL, 8) = 0
13462 15:28:48.684721 alarm(300)        = 300
13462 15:28:48.684773 recv(0, "STOR myfile14\r\n", 4096, MSG_PEEK) = 15
13462 15:28:48.684828 read(0, "STOR myfile14\r\n", 15) = 15
13462 15:28:48.684888 write(5, "\v", 1) = 1
13462 15:28:48.684936 read(5,  <unfinished ...>
13460 15:28:48.684968 read(4, "\v", 1)  = 1
13460 15:28:48.685018 write(4, "\1\0\0\0", 4) = 4
13462 15:28:48.685064 <... read resumed> "\1\0\0\0", 4) = 4
13462 15:28:48.685166 gettimeofday({1495654128, 685195}, NULL) = 0
13462 15:28:48.685229 getcwd("/home/msfadmin", 4096) = 15
13462 15:28:48.685284 open("myfile14", O_WRONLY|O_CREAT|O_NONBLOCK|O_LARGEFILE, 0666) = 4
13462 15:28:48.685343 fstat64(4, {st_mode=S_IFREG|0644, st_size=17, ...}) = 0
13462 15:28:48.685469 fcntl64(4, F_GETFL) = 0x8801 (flags O_WRONLY|O_NONBLOCK|O_LARGEFILE)
13462 15:28:48.685521 fcntl64(4, F_SETFL, O_WRONLY|O_LARGEFILE) = 0
13462 15:28:48.685565 fcntl64(4, F_SETLKW64, {type=F_WRLCK, whence=SEEK_SET, start=0, len=0}, 0xbfc9ee84) = 0
13462 15:28:48.685651 ftruncate64(4, 0) = 0
13462 15:28:48.685722 _llseek(4, 0, [0], SEEK_SET) = 0
13462 15:28:48.685770 write(5, "\v", 1) = 1
13462 15:28:48.685818 read(5,  <unfinished ...>
13460 15:28:48.685850 read(4, "\v", 1)  = 1
13460 15:28:48.685898 write(4, "\1\0\0\0", 4) = 4
13462 15:28:48.685943 <... read resumed> "\1\0\0\0", 4) = 4
13462 15:28:48.685975 write(5, "\v", 1) = 1
13462 15:28:48.686018 read(5,  <unfinished ...>
13460 15:28:48.686046 read(4, "\v", 1)  = 1
13460 15:28:48.686157 write(4, "\1\0\0\0", 4) = 4
13462 15:28:48.686208 <... read resumed> "\1\0\0\0", 4) = 4
13462 15:28:48.686241 write(5, "\r", 1) = 1
13462 15:28:48.686285 read(5,  <unfinished ...>
13460 15:28:48.686314 read(4, "\r", 1)  = 1
13460 15:28:48.688205 select(6, [5], NULL, NULL, {60, 0}) = 1 (in [5], left {60, 0})
13460 15:28:48.688301 accept(5, {sa_family=AF_INET, sin_port=htons(50647), sin_addr=inet_addr("127.0.0.1")}, [16]) = 6
13460 15:28:48.688399 write(4, "\1", 1) = 1
13462 15:28:48.688449 <... read resumed> "\1", 1) = 1
13462 15:28:48.688486 recvmsg(5,  <unfinished ...>
13460 15:28:48.688523 sendmsg(4, {msg_name(0)=NULL, msg_iov(1)=[{"\0", 1}], msg_controllen=16, {cmsg_len=16, cmsg_level=SOL_SOCKET, cmsg_type=SCM_RIGHTS, {6}}, msg_flags=0}, 0) = 1
13462 15:28:48.688596 <... recvmsg resumed> {msg_name(0)=NULL, msg_iov(1)=[{"\0", 1}], msg_controllen=16, {cmsg_len=16, cmsg_level=SOL_SOCKET, cmsg_type=SCM_RIGHTS, {6}}, msg_flags=0}, 0) = 1
13462 15:28:48.688653 setsockopt(6, SOL_SOCKET, SO_KEEPALIVE, [1], 4) = 0
13462 15:28:48.688707 setsockopt(6, SOL_IP, IP_TOS, [8], 4) = 0
13462 15:28:48.688758 setsockopt(6, SOL_SOCKET, SO_LINGER, {onoff=1, linger=32767}, 8) = 0
13462 15:28:48.688807 rt_sigaction(SIGALRM, {0x805cad0, ~[RTMIN RT_1], 0}, NULL, 8) = 0
13462 15:28:48.688867 alarm(300)        = 300
13462 15:28:48.688922 write(0, "150 Ok to send data.\r\n", 22) = 22
13462 15:28:48.689397 read(6, "assasaaa\na\na\na\na\n", 65536) = 17
13462 15:28:48.689464 write(4, "assasaaa\na\na\na\na\n", 17) = 17
13462 15:28:48.689538 read(6, "", 65536) = 0
13462 15:28:48.689583 rt_sigaction(SIGALRM, {0x805cad0, ~[RTMIN RT_1], 0}, NULL, 8) = 0
13462 15:28:48.689644 alarm(300)        = 300
13462 15:28:48.689688 close(6)          = 0
13462 15:28:48.689728 alarm(0)          = 300
13462 15:28:48.689770 gettimeofday({1495654128, 689785}, NULL) = 0
13462 15:28:48.689834 gettimeofday({1495654128, 689851}, NULL) = 0
13462 15:28:48.689890 fcntl64(3, F_SETLKW64, {type=F_WRLCK, whence=SEEK_SET, start=0, len=0}, 0xbfc9ee24) = 0
13462 15:28:48.689954 write(3, "Wed May 24 15:28:48 2017 [pid 13462] [msfadmin] OK UPLOAD: Client \"127.0.0.1\", \"/home/msfadmin/myfile14\", 17 bytes, 3.57Kbyte/sec\n", 130) = 130
13462 15:28:48.690042 fcntl64(3, F_SETLK64, {type=F_UNLCK, whence=SEEK_SET, start=0, len=0}, 0xbfc9ee2c) = 0
13462 15:28:48.690105 write(0, "226 Transfer complete.\r\n", 24) = 24
13462 15:28:48.690336 write(5, "\n", 1) = 1
13462 15:28:48.690392 read(5,  <unfinished ...>
13460 15:28:48.690423 close(6)          = 0
13460 15:28:48.690505 read(4, "\n", 1)  = 1
13460 15:28:48.690557 close(5)          = 0
13460 15:28:48.690602 write(4, "\1", 1) = 1
13462 15:28:48.690649 <... read resumed> "\1", 1) = 1
13462 15:28:48.690679 close(4)          = 0
13462 15:28:48.690784 rt_sigaction(SIGALRM, {0x805cad0, ~[RTMIN RT_1], 0}, NULL, 8) = 0
13462 15:28:48.690848 alarm(300)        = 0
13462 15:28:48.690897 recv(0,  <unfinished ...>
13460 15:28:48.690931 read(4,  <unfinished ...>
13462 15:28:49.195192 <... recv resumed> "TYPE I\r\n", 4096, MSG_PEEK) = 8
13462 15:28:49.195232 read(0, "TYPE I\r\n", 8) = 8
13462 15:28:49.195262 write(0, "200 Switching to Binary mode.\r\n", 31) = 31
13462 15:28:49.195327 rt_sigaction(SIGALRM, {0x805cad0, ~[RTMIN RT_1], 0}, NULL, 8) = 0
13462 15:28:49.195352 alarm(300)        = 299
13462 15:28:49.195370 recv(0, "PASV\r\n", 4096, MSG_PEEK) = 6
13462 15:28:49.195387 read(0, "PASV\r\n", 6) = 6
13462 15:28:49.195404 write(5, "\n", 1) = 1
13462 15:28:49.195422 read(5,  <unfinished ...>
13460 15:28:49.195443 <... read resumed> "\n", 1) = 1
13460 15:28:49.195457 write(4, "\1", 1) = 1
13462 15:28:49.195472 <... read resumed> "\1", 1) = 1
13462 15:28:49.195499 write(5, "\f", 1) = 1
13462 15:28:49.195519 read(5,  <unfinished ...>
13460 15:28:49.195529 read(4, "\f", 1)  = 1
13460 15:28:49.195547 socket(PF_INET, SOCK_STREAM, IPPROTO_TCP) = 5
13460 15:28:49.195569 setsockopt(5, SOL_SOCKET, SO_REUSEADDR, [1], 4) = 0
13460 15:28:49.195589 bind(5, {sa_family=AF_INET, sin_port=htons(39427), sin_addr=inet_addr("127.0.0.1")}, 16) = 0
13460 15:28:49.195612 listen(5, 1)      = 0
13460 15:28:49.195631 write(4, "\3\232\0\0", 4) = 4
13462 15:28:49.195647 <... read resumed> "\3\232\0\0", 4) = 4
13462 15:28:49.195664 write(0, "227 Entering Passive Mode (127,0,0,1,154,3).\r\n", 46) = 46
13462 15:28:49.195818 rt_sigaction(SIGALRM, {0x805cad0, ~[RTMIN RT_1], 0}, NULL, 8) = 0
13462 15:28:49.195843 alarm(300)        = 300
13462 15:28:49.195860 recv(0, "STOR myfile15\r\n", 4096, MSG_PEEK) = 15
13462 15:28:49.195877 read(0, "STOR myfile15\r\n", 15) = 15
13462 15:28:49.195897 write(5, "\v", 1) = 1
13462 15:28:49.195912 read(5,  <unfinished ...>
13460 15:28:49.195922 read(4, "\v", 1)  = 1
13460 15:28:49.195938 write(4, "\1\0\0\0", 4) = 4
13462 15:28:49.195953 <... read resumed> "\1\0\0\0", 4) = 4
13462 15:28:49.195964 gettimeofday({1495654129, 195969}, NULL) = 0
13462 15:28:49.195995 getcwd("/home/msfadmin", 4096) = 15
13462 15:28:49.196018 open("myfile15", O_WRONLY|O_CREAT|O_NONBLOCK|O_LARGEFILE, 0666) = 4
13462 15:28:49.196038 fstat64(4, {st_mode=S_IFREG|0644, st_size=17, ...}) = 0
13462 15:28:49.196064 fcntl64(4, F_GETFL) = 0x8801 (flags O_WRONLY|O_NONBLOCK|O_LARGEFILE)
13462 15:28:49.196080 fcntl64(4, F_SETFL, O_WRONLY|O_LARGEFILE) = 0
13462 15:28:49.196094 fcntl64(4, F_SETLKW64, {type=F_WRLCK, whence=SEEK_SET, start=0, len=0}, 0xbfc9ee84) = 0
13462 15:28:49.196115 ftruncate64(4, 0) = 0
13462 15:28:49.196140 _llseek(4, 0, [0], SEEK_SET) = 0
13462 15:28:49.196156 write(5, "\v", 1) = 1
13462 15:28:49.196172 read(5,  <unfinished ...>
13460 15:28:49.196182 read(4, "\v", 1)  = 1
13460 15:28:49.196198 write(4, "\1\0\0\0", 4) = 4
13462 15:28:49.196213 <... read resumed> "\1\0\0\0", 4) = 4
13462 15:28:49.196223 write(5, "\v", 1) = 1
13462 15:28:49.196237 read(5,  <unfinished ...>
13460 15:28:49.196247 read(4, "\v", 1)  = 1
13460 15:28:49.196262 write(4, "\1\0\0\0", 4) = 4
13462 15:28:49.196276 <... read resumed> "\1\0\0\0", 4) = 4
13462 15:28:49.196287 write(5, "\r", 1) = 1
13462 15:28:49.196301 read(5,  <unfinished ...>
13460 15:28:49.196310 read(4, "\r", 1)  = 1
13460 15:28:49.196327 select(6, [5], NULL, NULL, {60, 0}) = 1 (in [5], left {60, 0})
13460 15:28:49.196350 accept(5, {sa_family=AF_INET, sin_port=htons(56475), sin_addr=inet_addr("127.0.0.1")}, [16]) = 6
13460 15:28:49.196381 write(4, "\1", 1) = 1
13462 15:28:49.196396 <... read resumed> "\1", 1) = 1
13462 15:28:49.196409 recvmsg(5,  <unfinished ...>
13460 15:28:49.196421 sendmsg(4, {msg_name(0)=NULL, msg_iov(1)=[{"\0", 1}], msg_controllen=16, {cmsg_len=16, cmsg_level=SOL_SOCKET, cmsg_type=SCM_RIGHTS, {6}}, msg_flags=0}, 0) = 1
13462 15:28:49.196445 <... recvmsg resumed> {msg_name(0)=NULL, msg_iov(1)=[{"\0", 1}], msg_controllen=16, {cmsg_len=16, cmsg_level=SOL_SOCKET, cmsg_type=SCM_RIGHTS, {6}}, msg_flags=0}, 0) = 1
13462 15:28:49.196464 setsockopt(6, SOL_SOCKET, SO_KEEPALIVE, [1], 4) = 0
13462 15:28:49.196722 setsockopt(6, SOL_IP, IP_TOS, [8], 4) = 0
13462 15:28:49.196924 setsockopt(6, SOL_SOCKET, SO_LINGER, {onoff=1, linger=32767}, 8) = 0
13462 15:28:49.197020 rt_sigaction(SIGALRM, {0x805cad0, ~[RTMIN RT_1], 0}, NULL, 8) = 0
13462 15:28:49.197079 alarm(300)        = 300
13462 15:28:49.197124 write(0, "150 Ok to send data.\r\n", 22) = 22
13462 15:28:49.197237 read(6, "assasaaa\na\na\na\na\n", 65536) = 17
13462 15:28:49.197258 write(4, "assasaaa\na\na\na\na\n", 17) = 17
13462 15:28:49.197282 read(6, "", 65536) = 0
13462 15:28:49.197297 rt_sigaction(SIGALRM, {0x805cad0, ~[RTMIN RT_1], 0}, NULL, 8) = 0
13462 15:28:49.197316 alarm(300)        = 300
13462 15:28:49.197331 close(6)          = 0
13462 15:28:49.197349 alarm(0)          = 300
