13462 15:28:49.197363 gettimeofday({1495654129, 197368}, NULL) = 0
13462 15:28:49.197384 gettimeofday({1495654129, 197390}, NULL) = 0
13462 15:28:49.197404 fcntl64(3, F_SETLKW64, {type=F_WRLCK, whence=SEEK_SET, start=0, len=0}, 0xbfc9ee24) = 0
13462 15:28:49.197449 write(3, "Wed May 24 15:28:49 2017 [pid 13462] [msfadmin] OK UPLOAD: Client \"127.0.0.1\", \"/home/msfadmin/myfile15\", 17 bytes, 11.68Kbyte/sec\n", 131) = 131
13462 15:28:49.197486 fcntl64(3, F_SETLK64, {type=F_UNLCK, whence=SEEK_SET, start=0, len=0}, 0xbfc9ee2c) = 0
13462 15:28:49.197508 write(0, "226 Transfer complete.\r\n", 24) = 24
13462 15:28:49.197572 write(5, "\n", 1) = 1
13462 15:28:49.197589 read(5,  <unfinished ...>
13460 15:28:49.197599 close(6)          = 0
13460 15:28:49.197625 read(4, "\n", 1)  = 1
13460 15:28:49.197642 close(5)          = 0
13460 15:28:49.197657 write(4, "\1", 1) = 1
13462 15:28:49.197672 <... read resumed> "\1", 1) = 1
13462 15:28:49.197682 close(4)          = 0
13462 15:28:49.197698 rt_sigaction(SIGALRM, {0x805cad0, ~[RTMIN RT_1], 0}, NULL, 8) = 0
13462 15:28:49.197717 alarm(300)        = 0
13462 15:28:49.197733 recv(0,  <unfinished ...>
13460 15:28:49.197744 read(4,  <unfinished ...>
13462 15:28:49.745380 <... recv resumed> "TYPE I\r\n", 4096, MSG_PEEK) = 8
13462 15:28:49.745468 read(0, "TYPE I\r\n", 8) = 8
13462 15:28:49.745549 write(0, "200 Switching to Binary mode.\r\n", 31) = 31
13462 15:28:49.745728 rt_sigaction(SIGALRM, {0x805cad0, ~[RTMIN RT_1], 0}, NULL, 8) = 0
13462 15:28:49.745800 alarm(300)        = 299
13462 15:28:49.745853 recv(0, "PASV\r\n", 4096, MSG_PEEK) = 6
13462 15:28:49.745903 read(0, "PASV\r\n", 6) = 6
13462 15:28:49.746038 write(5, "\n", 1) = 1
13462 15:28:49.746092 read(5,  <unfinished ...>
13460 15:28:49.746124 <... read resumed> "\n", 1) = 1
13460 15:28:49.746159 write(4, "\1", 1) = 1
13462 15:28:49.746204 <... read resumed> "\1", 1) = 1
13462 15:28:49.746235 write(5, "\f", 1) = 1
13462 15:28:49.746278 read(5,  <unfinished ...>
13460 15:28:49.746308 read(4, "\f", 1)  = 1
13460 15:28:49.746359 socket(PF_INET, SOCK_STREAM, IPPROTO_TCP) = 5
13460 15:28:49.746420 setsockopt(5, SOL_SOCKET, SO_REUSEADDR, [1], 4) = 0
13460 15:28:49.746457 bind(5, {sa_family=AF_INET, sin_port=htons(40662), sin_addr=inet_addr("127.0.0.1")}, 16) = 0
13460 15:28:49.746457 listen(5, 1)      = 0
13460 15:28:49.746457 write(4, "\326\236\0\0", 4) = 4
13462 15:28:49.746538 <... read resumed> "\326\236\0\0", 4) = 4
13462 15:28:49.746600 write(0, "227 Entering Passive Mode (127,0,0,1,158,214).\r\n", 48) = 48
13462 15:28:49.747018 rt_sigaction(SIGALRM, {0x805cad0, ~[RTMIN RT_1], 0}, NULL, 8) = 0
13462 15:28:49.747092 alarm(300)        = 300
13462 15:28:49.747143 recv(0, "STOR myfile16\r\n", 4096, MSG_PEEK) = 15
13462 15:28:49.747195 read(0, "STOR myfile16\r\n", 15) = 15
13462 15:28:49.747254 write(5, "\v", 1) = 1
13462 15:28:49.747300 read(5,  <unfinished ...>
13460 15:28:49.747331 read(4, "\v", 1)  = 1
13460 15:28:49.747379 write(4, "\1\0\0\0", 4) = 4
13462 15:28:49.747424 <... read resumed> "\1\0\0\0", 4) = 4
13462 15:28:49.747458 gettimeofday({1495654129, 747523}, NULL) = 0
13462 15:28:49.747558 getcwd("/home/msfadmin", 4096) = 15
13462 15:28:49.747615 open("myfile16", O_WRONLY|O_CREAT|O_NONBLOCK|O_LARGEFILE, 0666) = 4
13462 15:28:49.747673 fstat64(4, {st_mode=S_IFREG|0644, st_size=17, ...}) = 0
13462 15:28:49.747748 fcntl64(4, F_GETFL) = 0x8801 (flags O_WRONLY|O_NONBLOCK|O_LARGEFILE)
13462 15:28:49.747796 fcntl64(4, F_SETFL, O_WRONLY|O_LARGEFILE) = 0
13462 15:28:49.747839 fcntl64(4, F_SETLKW64, {type=F_WRLCK, whence=SEEK_SET, start=0, len=0}, 0xbfc9ee84) = 0
13462 15:28:49.747897 ftruncate64(4, 0) = 0
13462 15:28:49.747968 _llseek(4, 0, [0], SEEK_SET) = 0
13462 15:28:49.748016 write(5, "\v", 1) = 1
13462 15:28:49.748062 read(5,  <unfinished ...>
13460 15:28:49.748093 read(4, "\v", 1)  = 1
13460 15:28:49.748142 write(4, "\1\0\0\0", 4) = 4
13462 15:28:49.748187 <... read resumed> "\1\0\0\0", 4) = 4
13462 15:28:49.748219 write(5, "\v", 1) = 1
13462 15:28:49.748262 read(5,  <unfinished ...>
13460 15:28:49.748309 read(4, "\v", 1)  = 1
13460 15:28:49.748356 write(4, "\1\0\0\0", 4) = 4
13462 15:28:49.748401 <... read resumed> "\1\0\0\0", 4) = 4
13462 15:28:49.748461 write(5, "\r", 1) = 1
13462 15:28:49.748521 read(5,  <unfinished ...>
13460 15:28:49.748551 read(4, "\r", 1)  = 1
13460 15:28:49.748602 select(6, [5], NULL, NULL, {60, 0}) = 1 (in [5], left {60, 0})
13460 15:28:49.748670 accept(5, {sa_family=AF_INET, sin_port=htons(43930), sin_addr=inet_addr("127.0.0.1")}, [16]) = 6
13460 15:28:49.748765 write(4, "\1", 1) = 1
13462 15:28:49.748810 <... read resumed> "\1", 1) = 1
13462 15:28:49.748847 recvmsg(5,  <unfinished ...>
13460 15:28:49.748883 sendmsg(4, {msg_name(0)=NULL, msg_iov(1)=[{"\0", 1}], msg_controllen=16, {cmsg_len=16, cmsg_level=SOL_SOCKET, cmsg_type=SCM_RIGHTS, {6}}, msg_flags=0}, 0) = 1
13462 15:28:49.748956 <... recvmsg resumed> {msg_name(0)=NULL, msg_iov(1)=[{"\0", 1}], msg_controllen=16, {cmsg_len=16, cmsg_level=SOL_SOCKET, cmsg_type=SCM_RIGHTS, {6}}, msg_flags=0}, 0) = 1
13462 15:28:49.749014 setsockopt(6, SOL_SOCKET, SO_KEEPALIVE, [1], 4) = 0
13462 15:28:49.749068 setsockopt(6, SOL_IP, IP_TOS, [8], 4) = 0
13462 15:28:49.749121 setsockopt(6, SOL_SOCKET, SO_LINGER, {onoff=1, linger=32767}, 8) = 0
13462 15:28:49.749170 rt_sigaction(SIGALRM, {0x805cad0, ~[RTMIN RT_1], 0}, NULL, 8) = 0
13462 15:28:49.749228 alarm(300)        = 300
13462 15:28:49.749284 write(0, "150 Ok to send data.\r\n", 22) = 22
13462 15:28:49.749612 read(6, "assasaaa\na\na\na\na\n", 65536) = 17
13462 15:28:49.749678 write(4, "assasaaa\na\na\na\na\n", 17) = 17
13462 15:28:49.749748 read(6, "", 65536) = 0
13462 15:28:49.749794 rt_sigaction(SIGALRM, {0x805cad0, ~[RTMIN RT_1], 0}, NULL, 8) = 0
13462 15:28:49.749853 alarm(300)        = 300
13462 15:28:49.749896 close(6)          = 0
13462 15:28:49.749936 alarm(0)          = 300
13462 15:28:49.750076 gettimeofday({1495654129, 750111}, NULL) = 0
13462 15:28:49.750164 gettimeofday({1495654129, 750181}, NULL) = 0
13462 15:28:49.750220 fcntl64(3, F_SETLKW64, {type=F_WRLCK, whence=SEEK_SET, start=0, len=0}, 0xbfc9ee24) = 0
13462 15:28:49.750283 write(3, "Wed May 24 15:28:49 2017 [pid 13462] [msfadmin] OK UPLOAD: Client \"127.0.0.1\", \"/home/msfadmin/myfile16\", 17 bytes, 6.25Kbyte/sec\n", 130) = 130
13462 15:28:49.750451 fcntl64(3, F_SETLK64, {type=F_UNLCK, whence=SEEK_SET, start=0, len=0}, 0xbfc9ee2c) = 0
13462 15:28:49.750533 write(0, "226 Transfer complete.\r\n", 24) = 24
13462 15:28:49.750718 write(5, "\n", 1) = 1
13462 15:28:49.750771 read(5,  <unfinished ...>
13460 15:28:49.750801 close(6)          = 0
13460 15:28:49.750877 read(4, "\n", 1)  = 1
13460 15:28:49.750928 close(5)          = 0
13460 15:28:49.750973 write(4, "\1", 1) = 1
13462 15:28:49.751020 <... read resumed> "\1", 1) = 1
13462 15:28:49.751050 close(4)          = 0
13462 15:28:49.751097 rt_sigaction(SIGALRM, {0x805cad0, ~[RTMIN RT_1], 0}, NULL, 8) = 0
13462 15:28:49.751156 alarm(300)        = 0
13462 15:28:49.751205 recv(0,  <unfinished ...>
13460 15:28:49.751238 read(4,  <unfinished ...>
13462 15:28:50.285267 <... recv resumed> "TYPE I\r\n", 4096, MSG_PEEK) = 8
13462 15:28:50.285449 read(0, "TYPE I\r\n", 8) = 8
13462 15:28:50.285539 write(0, "200 Switching to Binary mode.\r\n", 31) = 31
13462 15:28:50.285739 rt_sigaction(SIGALRM, {0x805cad0, ~[RTMIN RT_1], 0}, NULL, 8) = 0
13462 15:28:50.285884 alarm(300)        = 299
13462 15:28:50.285952 recv(0, "PASV\r\n", 4096, MSG_PEEK) = 6
13462 15:28:50.286005 read(0, "PASV\r\n", 6) = 6
13462 15:28:50.286058 write(5, "\n", 1) = 1
13462 15:28:50.286110 read(5,  <unfinished ...>
13460 15:28:50.286142 <... read resumed> "\n", 1) = 1
13460 15:28:50.286178 write(4, "\1", 1) = 1
13462 15:28:50.286223 <... read resumed> "\1", 1) = 1
13462 15:28:50.286254 write(5, "\f", 1) = 1
13462 15:28:50.286742 read(5,  <unfinished ...>
13460 15:28:50.287013 read(4, "\f", 1)  = 1
13460 15:28:50.287264 socket(PF_INET, SOCK_STREAM, IPPROTO_TCP) = 5
13460 15:28:50.287405 setsockopt(5, SOL_SOCKET, SO_REUSEADDR, [1], 4) = 0
13460 15:28:50.287517 bind(5, {sa_family=AF_INET, sin_port=htons(29549), sin_addr=inet_addr("127.0.0.1")}, 16) = 0
13460 15:28:50.287641 listen(5, 1)      = 0
13460 15:28:50.287699 write(4, "ms\0\0", 4) = 4
13462 15:28:50.287747 <... read resumed> "ms\0\0", 4) = 4
13462 15:28:50.287799 write(0, "227 Entering Passive Mode (127,0,0,1,115,109).\r\n", 48) = 48
13462 15:28:50.288291 rt_sigaction(SIGALRM, {0x805cad0, ~[RTMIN RT_1], 0}, NULL, 8) = 0
13462 15:28:50.288366 alarm(300)        = 300
13462 15:28:50.288417 recv(0, "STOR myfile17\r\n", 4096, MSG_PEEK) = 15
13462 15:28:50.288470 read(0, "STOR myfile17\r\n", 15) = 15
13462 15:28:50.288530 write(5, "\v", 1) = 1
13462 15:28:50.288576 read(5,  <unfinished ...>
13460 15:28:50.288607 read(4, "\v", 1)  = 1
13460 15:28:50.288656 write(4, "\1\0\0\0", 4) = 4
13462 15:28:50.288701 <... read resumed> "\1\0\0\0", 4) = 4
13462 15:28:50.288734 gettimeofday({1495654130, 288750}, NULL) = 0
13462 15:28:50.288781 getcwd("/home/msfadmin", 4096) = 15
13462 15:28:50.288833 open("myfile17", O_WRONLY|O_CREAT|O_NONBLOCK|O_LARGEFILE, 0666) = 4
13462 15:28:50.288892 fstat64(4, {st_mode=S_IFREG|0644, st_size=17, ...}) = 0
13462 15:28:50.288967 fcntl64(4, F_GETFL) = 0x8801 (flags O_WRONLY|O_NONBLOCK|O_LARGEFILE)
13462 15:28:50.289067 fcntl64(4, F_SETFL, O_WRONLY|O_LARGEFILE) = 0
13462 15:28:50.289114 fcntl64(4, F_SETLKW64, {type=F_WRLCK, whence=SEEK_SET, start=0, len=0}, 0xbfc9ee84) = 0
13462 15:28:50.289175 ftruncate64(4, 0) = 0
13462 15:28:50.289245 _llseek(4, 0, [0], SEEK_SET) = 0
13462 15:28:50.289293 write(5, "\v", 1) = 1
13462 15:28:50.289339 read(5,  <unfinished ...>
13460 15:28:50.289371 read(4, "\v", 1)  = 1
13460 15:28:50.289419 write(4, "\1\0\0\0", 4) = 4
13462 15:28:50.289464 <... read resumed> "\1\0\0\0", 4) = 4
13462 15:28:50.289496 write(5, "\v", 1) = 1
13462 15:28:50.289539 read(5,  <unfinished ...>
13460 15:28:50.289568 read(4, "\v", 1)  = 1
13460 15:28:50.289613 write(4, "\1\0\0\0", 4) = 4
13462 15:28:50.289658 <... read resumed> "\1\0\0\0", 4) = 4
13462 15:28:50.289689 write(5, "\r", 1) = 1
13462 15:28:50.289733 read(5,  <unfinished ...>
13460 15:28:50.289762 read(4, "\r", 1)  = 1
13460 15:28:50.289811 select(6, [5], NULL, NULL, {60, 0}) = 1 (in [5], left {60, 0})
13460 15:28:50.289881 accept(5, {sa_family=AF_INET, sin_port=htons(54455), sin_addr=inet_addr("127.0.0.1")}, [16]) = 6
13460 15:28:50.290021 write(4, "\1", 1) = 1
13462 15:28:50.290073 <... read resumed> "\1", 1) = 1
13462 15:28:50.290109 recvmsg(5,  <unfinished ...>
13460 15:28:50.290146 sendmsg(4, {msg_name(0)=NULL, msg_iov(1)=[{"\0", 1}], msg_controllen=16, {cmsg_len=16, cmsg_level=SOL_SOCKET, cmsg_type=SCM_RIGHTS, {6}}, msg_flags=0}, 0) = 1
13462 15:28:50.290219 <... recvmsg resumed> {msg_name(0)=NULL, msg_iov(1)=[{"\0", 1}], msg_controllen=16, {cmsg_len=16, cmsg_level=SOL_SOCKET, cmsg_type=SCM_RIGHTS, {6}}, msg_flags=0}, 0) = 1
13462 15:28:50.290277 setsockopt(6, SOL_SOCKET, SO_KEEPALIVE, [1], 4) = 0
13462 15:28:50.290329 setsockopt(6, SOL_IP, IP_TOS, [8], 4) = 0
13462 15:28:50.290381 setsockopt(6, SOL_SOCKET, SO_LINGER, {onoff=1, linger=32767}, 8) = 0
13462 15:28:50.290429 rt_sigaction(SIGALRM, {0x805cad0, ~[RTMIN RT_1], 0}, NULL, 8) = 0
13462 15:28:50.290487 alarm(300)        = 300
13462 15:28:50.290543 write(0, "150 Ok to send data.\r\n", 22) = 22
13462 15:28:50.290811 read(6, "assasaaa\na\na\na\na\n", 65536) = 17
13462 15:28:50.290873 write(4, "assasaaa\na\na\na\na\n", 17) = 17
13460 15:28:50.291000 close(6)          = 0
13460 15:28:50.291046 read(4,  <unfinished ...>
13462 15:28:50.291079 read(6, "", 65536) = 0
13462 15:28:50.291125 rt_sigaction(SIGALRM, {0x805cad0, ~[RTMIN RT_1], 0}, NULL, 8) = 0
13462 15:28:50.291187 alarm(300)        = 300
13462 15:28:50.291229 close(6)          = 0
13462 15:28:50.291306 alarm(0)          = 300
13462 15:28:50.291350 gettimeofday({1495654130, 291366}, NULL) = 0
13462 15:28:50.291413 gettimeofday({1495654130, 291431}, NULL) = 0
13462 15:28:50.291469 fcntl64(3, F_SETLKW64, {type=F_WRLCK, whence=SEEK_SET, start=0, len=0}, 0xbfc9ee24) = 0
13462 15:28:50.291532 write(3, "Wed May 24 15:28:50 2017 [pid 13462] [msfadmin] OK UPLOAD: Client \"127.0.0.1\", \"/home/msfadmin/myfile17\", 17 bytes, 6.19Kbyte/sec\n", 130) = 130
13462 15:28:50.291636 fcntl64(3, F_SETLK64, {type=F_UNLCK, whence=SEEK_SET, start=0, len=0}, 0xbfc9ee2c) = 0
13462 15:28:50.291700 write(0, "226 Transfer complete.\r\n", 24) = 24
13462 15:28:50.291874 write(5, "\n", 1) = 1
13460 15:28:50.292126 <... read resumed> "\n", 1) = 1
13460 15:28:50.292161 close(5)          = 0
13460 15:28:50.292213 write(4, "\1", 1) = 1
13460 15:28:50.292261 read(4,  <unfinished ...>
13462 15:28:50.292292 read(5, "\1", 1)  = 1
13462 15:28:50.292339 close(4)          = 0
13462 15:28:50.292387 rt_sigaction(SIGALRM, {0x805cad0, ~[RTMIN RT_1], 0}, NULL, 8) = 0
13462 15:28:50.292444 alarm(300)        = 0
13462 15:28:50.292493 recv(0,  <unfinished ...>
13457 15:28:50.766950 <... read resumed> "\n", 1) = 1
13457 15:28:50.767398 stat64(".", {st_mode=S_IFDIR|0755, st_size=4096, ...}) = 0
13457 15:28:50.767718 stat64("/sbin/nohup", 0xbfb43488) = -1 ENOENT (No such file or directory)
13457 15:28:50.767852 stat64("/bin/nohup", 0xbfb43488) = -1 ENOENT (No such file or directory)
13457 15:28:50.768029 stat64("/usr/sbin/nohup", 0xbfb43488) = -1 ENOENT (No such file or directory)
13457 15:28:50.768085 stat64("/usr/bin/nohup", {st_mode=S_IFREG|0755, st_size=26336, ...}) = 0
13457 15:28:50.768163 stat64("/usr/bin/nohup", {st_mode=S_IFREG|0755, st_size=26336, ...}) = 0
13457 15:28:50.768266 rt_sigprocmask(SIG_BLOCK, [INT CHLD], [], 8) = 0
13457 15:28:50.768330 clone(child_stack=0, flags=CLONE_CHILD_CLEARTID|CLONE_CHILD_SETTID|SIGCHLD, child_tidptr=0xb7e376f8) = 13463
13463 15:28:50.768599 rt_sigprocmask(SIG_SETMASK, [], NULL, 8) = 0
13463 15:28:50.768686 rt_sigaction(SIGTSTP, {SIG_DFL}, {SIG_DFL}, 8) = 0
13463 15:28:50.768746 rt_sigaction(SIGTTIN, {SIG_DFL}, {SIG_DFL}, 8) = 0
13463 15:28:50.768798 rt_sigaction(SIGTTOU, {SIG_DFL}, {SIG_DFL}, 8) = 0
13463 15:28:50.768915 rt_sigaction(SIGINT, {SIG_DFL}, {SIG_DFL}, 8) = 0
13463 15:28:50.768989 rt_sigaction(SIGQUIT, {SIG_DFL}, {SIG_IGN}, 8) = 0
13463 15:28:50.769082 rt_sigaction(SIGCHLD, {SIG_DFL}, {0x807e540, [], 0}, 8) = 0
13463 15:28:50.769232 open("/dev/null", O_WRONLY|O_CREAT|O_TRUNC|O_LARGEFILE, 0666) = 7
13463 15:28:50.769375 dup2(7, 1)        = 1
13463 15:28:50.769437 close(7)          = 0
13463 15:28:50.769479 dup2(1, 2)        = 2
13463 15:28:50.769519 fcntl64(1, F_GETFD) = 0
13463 15:28:50.769614 execve("/usr/bin/nohup", ["nohup"], [/* 16 vars */]) = 0
13463 15:28:50.770018 brk(0)            = 0x804f000
13463 15:28:50.770105 access("/etc/ld.so.nohwcap", F_OK) = -1 ENOENT (No such file or directory)
13463 15:28:50.770174 mmap2(NULL, 8192, PROT_READ|PROT_WRITE, MAP_PRIVATE|MAP_ANONYMOUS, -1, 0) = 0xb7fa5000
13463 15:28:50.770235 access("/etc/ld.so.preload", R_OK) = -1 ENOENT (No such file or directory)
13463 15:28:50.770347 open("/etc/ld.so.cache", O_RDONLY) = 7
13463 15:28:50.770401 fstat64(7, {st_mode=S_IFREG|0644, st_size=29913, ...}) = 0
13463 15:28:50.770510 mmap2(NULL, 29913, PROT_READ, MAP_PRIVATE, 7, 0) = 0xb7f9d000
13463 15:28:50.770561 close(7)          = 0
13463 15:28:50.770643 access("/etc/ld.so.nohwcap", F_OK) = -1 ENOENT (No such file or directory)
13463 15:28:50.770748 open("/lib/tls/i686/cmov/libc.so.6", O_RDONLY) = 7
13463 15:28:50.770911 read(7, "\177ELF\1\1\1\0\0\0\0\0\0\0\0\0\3\0\3\0\1\0\0\0\260e\1\0004\0\0\0\4\307\24\0\0\0\0\0004\0 \0\n\0(\0D\0C\0\6\0\0\0004\0\0\0004\0\0\0004\0\0\0@\1\0\0@\1\0\0\5\0\0\0\4\0\0\0\3\0\0\0\2200\23\0\2200\23\0\2200\23\0\23\0\0\0\23\0\0\0\4\0\0\0\1\0\0\0\1\0\0\0\0\0\0\0\0\0\0\0\0\0\0\0(\215\24\0(\215\24\0\5\0\0\0\0\20\0\0\1\0\0\0\354\221\24\0\354\221\24\0\354\221\24\0\260\'\0\0\204T\0\0\6\0\0\0\0\20\0\0\2\0\0\0\234\255\24\0\234\255\24\0\234\255\24\0\360\0\0\0\360\0\0\0\6\0\0\0\4\0\0\0\4\0\0\0t\1\0\0t\1\0\0t\1\0\0 \0\0\0 \0\0\0\4\0\0\0\4\0\0\0\7\0\0\0\354\221\24\0\354\221\24\0\354\221\24\0\10\0\0\0,\0\0\0\4\0\0\0\4\0\0\0P\345td\2440\23\0\2440\23\0\2440\23\0\354+\0\0\354+\0\0\4\0\0\0\4\0\0\0Q\345td\0\0\0\0\0\0\0\0\0\0\0\0\0\0\0\0\0\0\0\0\6\0\0\0\4\0\0\0R\345td\354\221\24\0\354\221\24\0\354\221\24\0\10\36\0\0\10\36\0\0\4\0\0\0\1\0\0\0\4\0\0\0\20\0\0\0\1\0\0\0GNU\0\0\0\0\0\2\0\0\0\6\0\0\0\10\0\0\0\363\3\0\0\n\0\0\0\0\2\0\0\16\0\0\0\2400\20D\200 \2\1\214\3\346\220AE\210\0\204\0\10\0A\200\0@\300\200\0\f\2\f\0\0010\0\10@\"\10\246\4\210H6l\240\0260\0&\204\200\216\4\10B$\2\f\246\244\32\6c\310\0\302 \1\300\0R\0!\201\10\4\n  \250\24\0\24(`\0\0P\240\312DB", 512) = 512
13463 15:28:50.771436 fstat64(7, {st_mode=S_IFREG|0755, st_size=1364388, ...}) = 0
13463 15:28:50.771526 mmap2(NULL, 1369712, PROT_READ|PROT_EXEC, MAP_PRIVATE|MAP_DENYWRITE, 7, 0) = 0xb7e4e000
13463 15:28:50.771614 mmap2(0xb7f97000, 12288, PROT_READ|PROT_WRITE, MAP_PRIVATE|MAP_FIXED|MAP_DENYWRITE, 7, 0x149) = 0xb7f97000
13463 15:28:50.771696 mmap2(0xb7f9a000, 9840, PROT_READ|PROT_WRITE, MAP_PRIVATE|MAP_FIXED|MAP_ANONYMOUS, -1, 0) = 0xb7f9a000
13463 15:28:50.771841 close(7)          = 0
13463 15:28:50.771916 mmap2(NULL, 4096, PROT_READ|PROT_WRITE, MAP_PRIVATE|MAP_ANONYMOUS, -1, 0) = 0xb7e4d000
13463 15:28:50.772005 set_thread_area({entry_number:-1 -> 6, base_addr:0xb7e4d6b0, limit:1048575, seg_32bit:1, contents:0, read_exec_only:0, limit_in_pages:1, seg_not_present:0, useable:1}) = 0
13463 15:28:50.772300 mprotect(0xb7f97000, 4096, PROT_READ) = 0
13463 15:28:50.772397 munmap(0xb7f9d000, 29913) = 0
13463 15:28:50.772704 brk(0)            = 0x804f000
13463 15:28:50.772798 brk(0x8070000)    = 0x8070000
13463 15:28:50.773005 write(2, "nohup: ", 7) = 7
13463 15:28:50.773076 write(2, "missing operand", 15) = 15
13463 15:28:50.773125 write(2, "\n", 1) = 1
13463 15:28:50.773232 write(2, "Try `nohup --help\' for more information.\n", 41) = 41
13463 15:28:50.780740 close(1)          = 0
13463 15:28:50.780858 close(2)          = 0
13463 15:28:50.780919 exit_group(127)   = ?
13457 15:28:50.781079 rt_sigprocmask(SIG_SETMASK, [], NULL, 8) = 0
13457 15:28:50.781140 --- SIGCHLD (Child exited) @ 0 (0) ---
13457 15:28:50.781179 waitpid(-1, [{WIFEXITED(s) && WEXITSTATUS(s) == 127}], WNOHANG) = 13463
13457 15:28:50.781243 waitpid(-1, 0xbfb43108, WNOHANG) = 0
13457 15:28:50.781350 sigreturn()       = ? (mask now [])
13457 15:28:50.781454 rt_sigprocmask(SIG_BLOCK, [CHLD], [], 8) = 0
13457 15:28:50.781520 rt_sigprocmask(SIG_SETMASK, [], NULL, 8) = 0
13457 15:28:50.781568 rt_sigprocmask(SIG_BLOCK, [CHLD], [], 8) = 0
13457 15:28:50.781686 rt_sigaction(SIGINT, {0x807f150, [], 0}, {SIG_DFL}, 8) = 0
13457 15:28:50.784333 rt_sigprocmask(SIG_SETMASK, [], NULL, 8) = 0
13457 15:28:50.784382 rt_sigaction(SIGINT, {SIG_DFL}, {0x807f150, [], 0}, 8) = 0
13457 15:28:50.784426 rt_sigprocmask(SIG_BLOCK, NULL, [], 8) = 0
13457 15:28:50.784462 read(0, "e", 1)   = 1
13457 15:28:50.784498 read(0, "c", 1)   = 1
13457 15:28:50.784523 read(0, "h", 1)   = 1
13457 15:28:50.784547 read(0, "o", 1)   = 1
13457 15:28:50.784571 read(0, " ", 1)   = 1
13457 15:28:50.784595 read(0, "I", 1)   = 1
13457 15:28:50.784619 read(0, "b", 1)   = 1
13457 15:28:50.784643 read(0, "P", 1)   = 1
13457 15:28:50.784667 read(0, "G", 1)   = 1
13457 15:28:50.784691 read(0, "l", 1)   = 1
13457 15:28:50.784715 read(0, "N", 1)   = 1
13457 15:28:50.784780 read(0, "L", 1)   = 1
13457 15:28:50.784809 read(0, "f", 1)   = 1
13457 15:28:50.784833 read(0, "1", 1)   = 1
13457 15:28:50.784857 read(0, "Q", 1)   = 1
13457 15:28:50.784881 read(0, "i", 1)   = 1
13457 15:28:50.784906 read(0, "x", 1)   = 1
13457 15:28:50.784930 read(0, "1", 1)   = 1
13457 15:28:50.784953 read(0, "U", 1)   = 1
13457 15:28:50.784977 read(0, "I", 1)   = 1
13457 15:28:50.785001 read(0, "h", 1)   = 1
13457 15:28:50.785025 read(0, "\n", 1)  = 1
13457 15:28:50.785111 write(1, "IbPGlNLf1Qix1UIh\n", 17) = 17
13457 15:28:50.785151 rt_sigprocmask(SIG_BLOCK, NULL, [], 8) = 0
13457 15:28:50.785151 read(0,  <unfinished ...>
13462 15:28:50.825147 <... recv resumed> "TYPE I\r\n", 4096, MSG_PEEK) = 8
13462 15:28:50.825204 read(0, "TYPE I\r\n", 8) = 8
13462 15:28:50.825251 write(0, "200 Switching to Binary mode.\r\n", 31) = 31
13462 15:28:50.825759 rt_sigaction(SIGALRM, {0x805cad0, ~[RTMIN RT_1], 0}, NULL, 8) = 0
13462 15:28:50.825839 alarm(300)        = 299
13462 15:28:50.825890 recv(0, "PASV\r\n", 4096, MSG_PEEK) = 6
13462 15:28:50.825962 read(0, "PASV\r\n", 6) = 6
13462 15:28:50.826014 write(5, "\n", 1 <unfinished ...>
13460 15:28:50.826053 <... read resumed> "\n", 1) = 1
13462 15:28:50.826072 <... write resumed> ) = 1
13460 15:28:50.826090 write(4, "\1", 1) = 1
13460 15:28:50.826118 read(4,  <unfinished ...>
13462 15:28:50.826136 read(5, "\1", 1)  = 1
13462 15:28:50.826165 write(5, "\f", 1 <unfinished ...>
13460 15:28:50.826182 <... read resumed> "\f", 1) = 1
13462 15:28:50.826194 <... write resumed> ) = 1
13460 15:28:50.826212 socket(PF_INET, SOCK_STREAM, IPPROTO_TCP) = 5
13460 15:28:50.826229 setsockopt(5, SOL_SOCKET, SO_REUSEADDR, [1], 4) = 0
13460 15:28:50.826229 bind(5, {sa_family=AF_INET, sin_port=htons(59933), sin_addr=inet_addr("127.0.0.1")}, 16) = 0
13460 15:28:50.826229 listen(5, 1)      = 0
13460 15:28:50.826236 write(4, "\35\352\0\0", 4) = 4
13460 15:28:50.826266 read(4,  <unfinished ...>
13462 15:28:50.826284 read(5, "\35\352\0\0", 4) = 4
13462 15:28:50.826326 write(0, "227 Entering Passive Mode (127,0,0,1,234,29).\r\n", 47) = 47
13462 15:28:50.826921 rt_sigaction(SIGALRM, {0x805cad0, ~[RTMIN RT_1], 0}, NULL, 8) = 0
13462 15:28:50.827078 alarm(300)        = 300
13462 15:28:50.827139 recv(0, "STOR myfile18\r\n", 4096, MSG_PEEK) = 15
13462 15:28:50.827239 read(0, "STOR myfile18\r\n", 15) = 15
13462 15:28:50.827295 write(5, "\v", 1 <unfinished ...>
13460 15:28:50.827334 <... read resumed> "\v", 1) = 1
13462 15:28:50.827355 <... write resumed> ) = 1
13460 15:28:50.827408 write(4, "\1\0\0\0", 4) = 4
13460 15:28:50.827465 read(4,  <unfinished ...>
13462 15:28:50.827493 read(5, "\1\0\0\0", 4) = 4
13462 15:28:50.827540 gettimeofday({1495654130, 827557}, NULL) = 0
13462 15:28:50.827584 getcwd("/home/msfadmin", 4096) = 15
13462 15:28:50.827633 open("myfile18", O_WRONLY|O_CREAT|O_NONBLOCK|O_LARGEFILE, 0666) = 4
13462 15:28:50.827684 fstat64(4, {st_mode=S_IFREG|0644, st_size=17, ...}) = 0
13462 15:28:50.827751 fcntl64(4, F_GETFL) = 0x8801 (flags O_WRONLY|O_NONBLOCK|O_LARGEFILE)
13462 15:28:50.827791 fcntl64(4, F_SETFL, O_WRONLY|O_LARGEFILE) = 0
13462 15:28:50.827828 fcntl64(4, F_SETLKW64, {type=F_WRLCK, whence=SEEK_SET, start=0, len=0}, 0xbfc9ee84) = 0
13462 15:28:50.827878 ftruncate64(4, 0) = 0
13462 15:28:50.827939 _llseek(4, 0, [0], SEEK_SET) = 0
13462 15:28:50.827979 write(5, "\v", 1 <unfinished ...>
13460 15:28:50.828009 <... read resumed> "\v", 1) = 1
13462 15:28:50.828027 <... write resumed> ) = 1
13460 15:28:50.828051 write(4, "\1\0\0\0", 4) = 4
13460 15:28:50.828091 read(4,  <unfinished ...>
13462 15:28:50.828116 read(5, "\1\0\0\0", 4) = 4
13462 15:28:50.828158 write(5, "\v", 1 <unfinished ...>
13460 15:28:50.828184 <... read resumed> "\v", 1) = 1
13462 15:28:50.828202 <... write resumed> ) = 1
13460 15:28:50.828224 write(4, "\1\0\0\0", 4) = 4
13460 15:28:50.828264 read(4,  <unfinished ...>
13462 15:28:50.828288 read(5, "\1\0\0\0", 4) = 4
13462 15:28:50.828330 write(5, "\r", 1 <unfinished ...>
13460 15:28:50.828495 <... read resumed> "\r", 1) = 1
13462 15:28:50.828523 <... write resumed> ) = 1
13460 15:28:50.828549 select(6, [5], NULL, NULL, {60, 0}) = 1 (in [5], left {60, 0})
13460 15:28:50.828609 accept(5, {sa_family=AF_INET, sin_port=htons(37284), sin_addr=inet_addr("127.0.0.1")}, [16]) = 6
13460 15:28:50.828694 write(4, "\1", 1) = 1
13460 15:28:50.828739 sendmsg(4, {msg_name(0)=NULL, msg_iov(1)=[{"\0", 1}], msg_controllen=16, {cmsg_len=16, cmsg_level=SOL_SOCKET, cmsg_type=SCM_RIGHTS, {6}}, msg_flags=0}, 0) = 1
13460 15:28:50.828801 close(6)          = 0
13460 15:28:50.828837 read(4,  <unfinished ...>
13462 15:28:50.828863 read(5, "\1", 1)  = 1
13462 15:28:50.828910 recvmsg(5, {msg_name(0)=NULL, msg_iov(1)=[{"\0", 1}], msg_controllen=16, {cmsg_len=16, cmsg_level=SOL_SOCKET, cmsg_type=SCM_RIGHTS, {6}}, msg_flags=0}, 0) = 1
13462 15:28:50.828978 setsockopt(6, SOL_SOCKET, SO_KEEPALIVE, [1], 4) = 0
13462 15:28:50.829024 setsockopt(6, SOL_IP, IP_TOS, [8], 4) = 0
13462 15:28:50.829068 setsockopt(6, SOL_SOCKET, SO_LINGER, {onoff=1, linger=32767}, 8) = 0
13462 15:28:50.829110 rt_sigaction(SIGALRM, {0x805cad0, ~[RTMIN RT_1], 0}, NULL, 8) = 0
13462 15:28:50.829178 alarm(300)        = 300
13462 15:28:50.829225 write(0, "150 Ok to send data.\r\n", 22) = 22
13462 15:28:50.829483 read(6, "assasaaa\na\na\na\na\n", 65536) = 17
13462 15:28:50.829539 write(4, "assasaaa\na\na\na\na\n", 17) = 17
13462 15:28:50.829597 read(6, "", 65536) = 0
13462 15:28:50.829636 rt_sigaction(SIGALRM, {0x805cad0, ~[RTMIN RT_1], 0}, NULL, 8) = 0
13462 15:28:50.829687 alarm(300)        = 300
13462 15:28:50.829724 close(6)          = 0
13462 15:28:50.829788 alarm(0)          = 300
13462 15:28:50.829824 gettimeofday({1495654130, 829838}, NULL) = 0
13462 15:28:50.829877 gettimeofday({1495654130, 829891}, NULL) = 0
13462 15:28:50.829923 fcntl64(3, F_SETLKW64, {type=F_WRLCK, whence=SEEK_SET, start=0, len=0}, 0xbfc9ee24) = 0
13462 15:28:50.829976 write(3, "Wed May 24 15:28:50 2017 [pid 13462] [msfadmin] OK UPLOAD: Client \"127.0.0.1\", \"/home/msfadmin/myfile18\", 17 bytes, 7.11Kbyte/sec\n", 130) = 130
13462 15:28:50.830057 fcntl64(3, F_SETLK64, {type=F_UNLCK, whence=SEEK_SET, start=0, len=0}, 0xbfc9ee2c) = 0
13462 15:28:50.830112 write(0, "226 Transfer complete.\r\n", 24) = 24
13462 15:28:50.830255 write(5, "\n", 1 <unfinished ...>
13460 15:28:50.830290 <... read resumed> "\n", 1) = 1
13462 15:28:50.830309 <... write resumed> ) = 1
13460 15:28:50.830332 close(5)          = 0
13460 15:28:50.830374 write(4, "\1", 1) = 1
13460 15:28:50.830454 read(4,  <unfinished ...>
13462 15:28:50.830487 read(5, "\1", 1)  = 1
13462 15:28:50.830532 close(4)          = 0
13462 15:28:50.830572 rt_sigaction(SIGALRM, {0x805cad0, ~[RTMIN RT_1], 0}, NULL, 8) = 0
13462 15:28:50.830622 alarm(300)        = 0
