10040 14:53:54.826268 open("/proc/sys/kernel/ngroups_max", O_RDONLY) = 4
10040 14:53:54.826320 read(4, "65536\n", 31) = 6
10040 14:53:54.826354 close(4)          = 0
10040 14:53:54.826391 socket(PF_FILE, SOCK_STREAM, 0) = 4
10040 14:53:54.826423 fcntl64(4, F_SETFL, O_RDWR|O_NONBLOCK) = 0
10040 14:53:54.826452 connect(4, {sa_family=AF_FILE, path="/var/run/nscd/socket"}, 110) = -1 ENOENT (No such file or directory)
10040 14:53:54.826510 close(4)          = 0
10040 14:53:54.826541 socket(PF_FILE, SOCK_STREAM, 0) = 4
10040 14:53:54.826567 fcntl64(4, F_SETFL, O_RDWR|O_NONBLOCK) = 0
10040 14:53:54.826735 connect(4, {sa_family=AF_FILE, path="/var/run/nscd/socket"}, 110) = -1 ENOENT (No such file or directory)
10040 14:53:54.826797 close(4)          = 0
10040 14:53:54.826867 open("/etc/group", O_RDONLY|0x80000 /* O_??? */) = 4
10040 14:53:54.826906 _llseek(4, 0, [0], SEEK_CUR) = 0
10040 14:53:54.826934 fstat64(4, {st_mode=S_IFREG|0644, st_size=886, ...}) = 0
10040 14:53:54.826979 mmap2(NULL, 886, PROT_READ, MAP_SHARED, 4, 0) = 0xb7f76000
10040 14:53:54.827009 _llseek(4, 886, [886], SEEK_SET) = 0
10040 14:53:54.827075 fstat64(4, {st_mode=S_IFREG|0644, st_size=886, ...}) = 0
10040 14:53:54.827121 munmap(0xb7f76000, 886) = 0
10040 14:53:54.827148 close(4)          = 0
10040 14:53:54.827185 setgroups32(13, [1000, 4, 20, 24, 25, 29, 30, 44, 46, 107, 111, 112, 119]) = 0
10040 14:53:54.827230 geteuid32()       = 0
10040 14:53:54.827260 getegid32()       = 0
10040 14:53:54.827288 setregid32(-1, 1000) = 0
10040 14:53:54.827316 setreuid32(-1, 1000) = 0
10040 14:53:54.827345 chdir("/home/msfadmin") = 0
10040 14:53:54.827376 setreuid32(-1, 0) = 0
10040 14:53:54.827400 setregid32(-1, 0) = 0
10040 14:53:54.827429 setgid32(1000)    = 0
10040 14:53:54.827455 setuid32(1000)    = 0
10040 14:53:54.827482 setrlimit(RLIMIT_NPROC, {rlim_cur=0, rlim_max=0}) = 0
10040 14:53:54.827518 mmap2(NULL, 12288, PROT_READ|PROT_WRITE, MAP_PRIVATE|MAP_ANONYMOUS, -1, 0) = 0xb7f74000
10040 14:53:54.827549 mprotect(0xb7f76000, 4096, PROT_NONE) = 0
10040 14:53:54.827579 mprotect(0xb7f74000, 4096, PROT_NONE) = 0
10040 14:53:54.827608 getcwd("/home/msfadmin", 4096) = 15
10040 14:53:54.827643 umask(022)        = 077
10040 14:53:54.827669 getcwd("/home/msfadmin", 4096) = 15
10040 14:53:54.827731 open(".message", O_RDONLY|O_NONBLOCK|O_LARGEFILE) = -1 ENOENT (No such file or directory)
10040 14:53:54.827793 write(0, "230 Login successful.\r\n", 23) = 23
10040 14:53:54.828024 rt_sigaction(SIGALRM, {0x805cad0, ~[RTMIN RT_1], 0}, NULL, 8) = 0
10040 14:53:54.828069 alarm(300)        = 0
10040 14:53:54.828099 mmap2(NULL, 12288, PROT_READ|PROT_WRITE, MAP_PRIVATE|MAP_ANONYMOUS, -1, 0) = 0xb7f71000
10040 14:53:54.828130 mprotect(0xb7f73000, 4096, PROT_NONE) = 0
10040 14:53:54.828161 mprotect(0xb7f71000, 4096, PROT_NONE) = 0
10040 14:53:54.828882 recv(0, "TYPE I\r\n", 4096, MSG_PEEK) = 8
10040 14:53:54.828928 read(0, "TYPE I\r\n", 8) = 8
10040 14:53:54.828973 write(0, "200 Switching to Binary mode.\r\n", 31) = 31
10040 14:53:54.829084 rt_sigaction(SIGALRM, {0x805cad0, ~[RTMIN RT_1], 0}, NULL, 8) = 0
10040 14:53:54.829124 alarm(300)        = 300
10040 14:53:54.829154 recv(0, "PASV\r\n", 4096, MSG_PEEK) = 6
10040 14:53:54.829184 read(0, "PASV\r\n", 6) = 6
10040 14:53:54.829216 write(5, "\n", 1) = 1
10040 14:53:54.829278 read(5,  <unfinished ...>
10038 14:53:54.829317 close(5)          = 0
10038 14:53:54.829350 getuid32()        = 0
10038 14:53:54.829390 open("/etc/passwd", O_RDONLY|0x80000 /* O_??? */) = 5
10038 14:53:54.829429 _llseek(5, 0, [0], SEEK_CUR) = 0
10038 14:53:54.829461 fstat64(5, {st_mode=S_IFREG|0644, st_size=1624, ...}) = 0
10038 14:53:54.829509 mmap2(NULL, 1624, PROT_READ, MAP_SHARED, 5, 0) = 0xb7f76000
10038 14:53:54.829540 _llseek(5, 1624, [1624], SEEK_SET) = 0
10038 14:53:54.829587 munmap(0xb7f76000, 1624) = 0
10038 14:53:54.829619 close(5)          = 0
10038 14:53:54.829661 setgroups32(0, []) = 0
10038 14:53:54.829691 chdir("/usr/share/empty") = 0
10038 14:53:54.829724 chroot(".")       = 0
10038 14:53:54.829752 capset(NULL, NULL) = -1 EFAULT (Bad address)
10038 14:53:54.829787 prctl(0x8, 0, 0xbf8cc368, 0x80549a6, 0xbf8cc350) = 0
10038 14:53:54.829817 prctl(0x8, 0x1, 0xbf8cc368, 0x8054a49, 0xbf8cc350) = 0
10038 14:53:54.829844 setgid32(65534)   = 0
10038 14:53:54.829871 setuid32(65534)   = 0
10038 14:53:54.829896 capset(0x19980330, 0, {CAP_NET_BIND_SERVICE, CAP_NET_BIND_SERVICE, 0}) = 0
10038 14:53:54.829930 read(4, "\n", 1)  = 1
10038 14:53:54.829965 write(4, "\1", 1) = 1
10040 14:53:54.829994 <... read resumed> "\1", 1) = 1
10040 14:53:54.830014 write(5, "\f", 1) = 1
10040 14:53:54.830041 read(5,  <unfinished ...>
10038 14:53:54.830059 read(4, "\f", 1)  = 1
10038 14:53:54.830092 socket(PF_INET, SOCK_STREAM, IPPROTO_TCP) = 5
10038 14:53:54.830128 setsockopt(5, SOL_SOCKET, SO_REUSEADDR, [1], 4) = 0
10038 14:53:54.830158 gettimeofday({1495652034, 830168}, NULL) = 0
10038 14:53:54.830202 bind(5, {sa_family=AF_INET, sin_port=htons(34060), sin_addr=inet_addr("127.0.0.1")}, 16) = 0
10038 14:53:54.830281 listen(5, 1)      = 0
10038 14:53:54.830319 write(4, "\f\205\0\0", 4) = 4
10040 14:53:54.830350 <... read resumed> "\f\205\0\0", 4) = 4
10040 14:53:54.830388 write(0, "227 Entering Passive Mode (127,0,0,1,133,12).\r\n", 47) = 47
10040 14:53:54.830649 rt_sigaction(SIGALRM, {0x805cad0, ~[RTMIN RT_1], 0}, NULL, 8) = 0
10040 14:53:54.830704 alarm(300)        = 300
10040 14:53:54.830736 recv(0, "STOR myfile20\r\n", 4096, MSG_PEEK) = 15
10040 14:53:54.830769 read(0, "STOR myfile20\r\n", 15) = 15
10040 14:53:54.830809 write(5, "\v", 1) = 1
10040 14:53:54.830837 read(5,  <unfinished ...>
10038 14:53:54.830857 read(4, "\v", 1)  = 1
10038 14:53:54.830886 write(4, "\1\0\0\0", 4) = 4
10040 14:53:54.830915 <... read resumed> "\1\0\0\0", 4) = 4
10040 14:53:54.830937 gettimeofday({1495652034, 830947}, NULL) = 0
10040 14:53:54.830966 getcwd("/home/msfadmin", 4096) = 15
10040 14:53:54.831000 open("myfile20", O_WRONLY|O_CREAT|O_NONBLOCK|O_LARGEFILE, 0666) = 4
10040 14:53:54.831035 fstat64(4, {st_mode=S_IFREG|0644, st_size=17, ...}) = 0
10040 14:53:54.831081 fcntl64(4, F_GETFL) = 0x8801 (flags O_WRONLY|O_NONBLOCK|O_LARGEFILE)
10040 14:53:54.831110 fcntl64(4, F_SETFL, O_WRONLY|O_LARGEFILE) = 0
10040 14:53:54.831136 fcntl64(4, F_SETLKW64, {type=F_WRLCK, whence=SEEK_SET, start=0, len=0}, 0xbf8cc2b4) = 0
10040 14:53:54.831177 ftruncate64(4, 0) = 0
10040 14:53:54.831261 _llseek(4, 0, [0], SEEK_SET) = 0
10040 14:53:54.831292 write(5, "\v", 1) = 1
10040 14:53:54.831320 read(5,  <unfinished ...>
10038 14:53:54.831340 read(4, "\v", 1)  = 1
10038 14:53:54.831370 write(4, "\1\0\0\0", 4) = 4
10040 14:53:54.831399 <... read resumed> "\1\0\0\0", 4) = 4
10040 14:53:54.831418 write(5, "\v", 1) = 1
10040 14:53:54.831445 read(5,  <unfinished ...>
10038 14:53:54.831462 read(4, "\v", 1)  = 1
10038 14:53:54.831491 write(4, "\1\0\0\0", 4) = 4
10040 14:53:54.831518 <... read resumed> "\1\0\0\0", 4) = 4
10040 14:53:54.831538 write(5, "\r", 1) = 1
10040 14:53:54.831564 read(5,  <unfinished ...>
10038 14:53:54.831582 read(4, "\r", 1)  = 1
10038 14:53:54.831616 select(6, [5], NULL, NULL, {60, 0}) = 1 (in [5], left {60, 0})
10038 14:53:54.831661 accept(5, {sa_family=AF_INET, sin_port=htons(38034), sin_addr=inet_addr("127.0.0.1")}, [16]) = 6
10038 14:53:54.831692 write(4, "\1", 1) = 1
10040 14:53:54.831724 <... read resumed> "\1", 1) = 1
10040 14:53:54.831750 recvmsg(5,  <unfinished ...>
10038 14:53:54.831776 sendmsg(4, {msg_name(0)=NULL, msg_iov(1)=[{"\0", 1}], msg_controllen=16, {cmsg_len=16, cmsg_level=SOL_SOCKET, cmsg_type=SCM_RIGHTS, {6}}, msg_flags=0}, 0) = 1
10040 14:53:54.831822 <... recvmsg resumed> {msg_name(0)=NULL, msg_iov(1)=[{"\0", 1}], msg_controllen=16, {cmsg_len=16, cmsg_level=SOL_SOCKET, cmsg_type=SCM_RIGHTS, {6}}, msg_flags=0}, 0) = 1
10040 14:53:54.831857 setsockopt(6, SOL_SOCKET, SO_KEEPALIVE, [1], 4) = 0
10040 14:53:54.831889 setsockopt(6, SOL_IP, IP_TOS, [8], 4) = 0
10040 14:53:54.831920 setsockopt(6, SOL_SOCKET, SO_LINGER, {onoff=1, linger=32767}, 8) = 0
10040 14:53:54.831950 rt_sigaction(SIGALRM, {0x805cad0, ~[RTMIN RT_1], 0}, NULL, 8) = 0
10040 14:53:54.831986 alarm(300)        = 300
10040 14:53:54.832049 write(0, "150 Ok to send data.\r\n", 22) = 22
10040 14:53:54.832222 mmap2(NULL, 77824, PROT_READ|PROT_WRITE, MAP_PRIVATE|MAP_ANONYMOUS, -1, 0) = 0xb7dab000
10040 14:53:54.832259 mprotect(0xb7dbd000, 4096, PROT_NONE) = 0
10040 14:53:54.832291 mprotect(0xb7dab000, 4096, PROT_NONE) = 0
10040 14:53:54.832318 read(6, "assasaaa\na\na\na\na\n", 65536) = 17
10040 14:53:54.832354 write(4, "assasaaa\na\na\na\na\n", 17) = 17
10040 14:53:54.832397 read(6, "", 65536) = 0
10040 14:53:54.832425 rt_sigaction(SIGALRM, {0x805cad0, ~[RTMIN RT_1], 0}, NULL, 8) = 0
10040 14:53:54.832461 alarm(300)        = 300
10040 14:53:54.832487 close(6)          = 0
10040 14:53:54.832512 alarm(0)          = 300
10040 14:53:54.832537 gettimeofday({1495652034, 832546}, NULL) = 0
10040 14:53:54.832584 getpid()          = 10040
10040 14:53:54.832616 gettimeofday({1495652034, 832626}, NULL) = 0
10040 14:53:54.832660 fcntl64(3, F_SETLKW64, {type=F_WRLCK, whence=SEEK_SET, start=0, len=0}, 0xbf8cc254) = 0
10040 14:53:54.832699 write(3, "Wed May 24 14:53:54 2017 [pid 10040] [msfadmin] OK UPLOAD: Client \"127.0.0.1\", \"/home/msfadmin/myfile20\", 17 bytes, 9.89Kbyte/sec\n", 130) = 130
10040 14:53:54.832752 fcntl64(3, F_SETLK64, {type=F_UNLCK, whence=SEEK_SET, start=0, len=0}, 0xbf8cc25c) = 0
10040 14:53:54.832800 write(0, "226 Transfer complete.\r\n", 24) = 24
10040 14:53:54.832903 write(5, "\n", 1) = 1
10040 14:53:54.832935 read(5,  <unfinished ...>
10038 14:53:54.832954 close(6)          = 0
10038 14:53:54.833030 read(4, "\n", 1)  = 1
10038 14:53:54.833065 close(5)          = 0
10038 14:53:54.833096 write(4, "\1", 1) = 1
10040 14:53:54.833125 <... read resumed> "\1", 1) = 1
10040 14:53:54.833143 close(4)          = 0
10040 14:53:54.833172 rt_sigaction(SIGALRM, {0x805cad0, ~[RTMIN RT_1], 0}, NULL, 8) = 0
10040 14:53:54.833207 alarm(300)        = 0
10040 14:53:54.833237 recv(0,  <unfinished ...>
10038 14:53:54.833257 read(4,  <unfinished ...>
10040 14:53:55.371915 <... recv resumed> "TYPE I\r\n", 4096, MSG_PEEK) = 8
10040 14:53:55.372005 read(0, "TYPE I\r\n", 8) = 8
10040 14:53:55.372086 write(0, "200 Switching to Binary mode.\r\n", 31) = 31
10040 14:53:55.372317 rt_sigaction(SIGALRM, {0x805cad0, ~[RTMIN RT_1], 0}, NULL, 8) = 0
10040 14:53:55.372525 alarm(300)        = 299
10040 14:53:55.372615 recv(0, "PASV\r\n", 4096, MSG_PEEK) = 6
10040 14:53:55.372672 read(0, "PASV\r\n", 6) = 6
10040 14:53:55.372728 write(5, "\n", 1) = 1
10040 14:53:55.372779 read(5,  <unfinished ...>
10038 14:53:55.372812 <... read resumed> "\n", 1) = 1
10038 14:53:55.372850 write(4, "\1", 1) = 1
10040 14:53:55.372921 <... read resumed> "\1", 1) = 1
10040 14:53:55.372975 write(5, "\f", 1) = 1
10040 14:53:55.373043 read(5,  <unfinished ...>
10038 14:53:55.373090 read(4, "\f", 1)  = 1
10038 14:53:55.373174 socket(PF_INET, SOCK_STREAM, IPPROTO_TCP) = 5
10038 14:53:55.373267 setsockopt(5, SOL_SOCKET, SO_REUSEADDR, [1], 4) = 0
10038 14:53:55.373357 bind(5, {sa_family=AF_INET, sin_port=htons(35063), sin_addr=inet_addr("127.0.0.1")}, 16) = 0
10038 14:53:55.373579 listen(5, 1)      = 0
10038 14:53:55.373673 write(4, "\367\210\0\0", 4) = 4
10040 14:53:55.373755 <... read resumed> "\367\210\0\0", 4) = 4
10040 14:53:55.373838 write(0, "227 Entering Passive Mode (127,0,0,1,136,247).\r\n", 48) = 48
10040 14:53:55.374531 rt_sigaction(SIGALRM, {0x805cad0, ~[RTMIN RT_1], 0}, NULL, 8) = 0
10040 14:53:55.374650 alarm(300)        = 300
10040 14:53:55.374734 recv(0, "STOR myfile21\r\n", 4096, MSG_PEEK) = 15
10040 14:53:55.374821 read(0, "STOR myfile21\r\n", 15) = 15
10040 14:53:55.374919 write(5, "\v", 1) = 1
10040 14:53:55.374997 read(5,  <unfinished ...>
10038 14:53:55.375048 read(4, "\v", 1)  = 1
10038 14:53:55.375126 write(4, "\1\0\0\0", 4) = 4
10040 14:53:55.375201 <... read resumed> "\1\0\0\0", 4) = 4
10040 14:53:55.375259 gettimeofday({1495652035, 375285}, NULL) = 0
10040 14:53:55.375503 getcwd("/home/msfadmin", 4096) = 15
10040 14:53:55.375609 open("myfile21", O_WRONLY|O_CREAT|O_NONBLOCK|O_LARGEFILE, 0666) = 4
10040 14:53:55.375692 fstat64(4, {st_mode=S_IFREG|0644, st_size=17, ...}) = 0
10040 14:53:55.375769 fcntl64(4, F_GETFL) = 0x8801 (flags O_WRONLY|O_NONBLOCK|O_LARGEFILE)
10040 14:53:55.375817 fcntl64(4, F_SETFL, O_WRONLY|O_LARGEFILE) = 0
10040 14:53:55.375861 fcntl64(4, F_SETLKW64, {type=F_WRLCK, whence=SEEK_SET, start=0, len=0}, 0xbf8cc2b4) = 0
10040 14:53:55.375921 ftruncate64(4, 0) = 0
10040 14:53:55.375993 _llseek(4, 0, [0], SEEK_SET) = 0
10040 14:53:55.376042 write(5, "\v", 1) = 1
10040 14:53:55.376089 read(5,  <unfinished ...>
10038 14:53:55.376121 read(4, "\v", 1)  = 1
10038 14:53:55.376171 write(4, "\1\0\0\0", 4) = 4
10040 14:53:55.376217 <... read resumed> "\1\0\0\0", 4) = 4
10040 14:53:55.376249 write(5, "\v", 1) = 1
10040 14:53:55.376292 read(5,  <unfinished ...>
10038 14:53:55.376321 read(4, "\v", 1)  = 1
10038 14:53:55.376367 write(4, "\1\0\0\0", 4) = 4
10040 14:53:55.376448 <... read resumed> "\1\0\0\0", 4) = 4
10040 14:53:55.376492 write(5, "\r", 1) = 1
10040 14:53:55.376537 read(5,  <unfinished ...>
10038 14:53:55.376567 read(4, "\r", 1)  = 1
10038 14:53:55.376618 select(6, [5], NULL, NULL, {60, 0}) = 1 (in [5], left {60, 0})
10038 14:53:55.376687 accept(5, {sa_family=AF_INET, sin_port=htons(33169), sin_addr=inet_addr("127.0.0.1")}, [16]) = 6
10038 14:53:55.376783 write(4, "\1", 1) = 1
10040 14:53:55.376829 <... read resumed> "\1", 1) = 1
10040 14:53:55.376889 recvmsg(5,  <unfinished ...>
10038 14:53:55.376927 sendmsg(4, {msg_name(0)=NULL, msg_iov(1)=[{"\0", 1}], msg_controllen=16, {cmsg_len=16, cmsg_level=SOL_SOCKET, cmsg_type=SCM_RIGHTS, {6}}, msg_flags=0}, 0) = 1
10040 14:53:55.377000 <... recvmsg resumed> {msg_name(0)=NULL, msg_iov(1)=[{"\0", 1}], msg_controllen=16, {cmsg_len=16, cmsg_level=SOL_SOCKET, cmsg_type=SCM_RIGHTS, {6}}, msg_flags=0}, 0) = 1
10040 14:53:55.377056 setsockopt(6, SOL_SOCKET, SO_KEEPALIVE, [1], 4) = 0
10040 14:53:55.377109 setsockopt(6, SOL_IP, IP_TOS, [8], 4) = 0
10040 14:53:55.377159 setsockopt(6, SOL_SOCKET, SO_LINGER, {onoff=1, linger=32767}, 8) = 0
10040 14:53:55.377207 rt_sigaction(SIGALRM, {0x805cad0, ~[RTMIN RT_1], 0}, NULL, 8) = 0
10040 14:53:55.377265 alarm(300)        = 300
10040 14:53:55.377321 write(0, "150 Ok to send data.\r\n", 22) = 22
10040 14:53:55.377694 read(6, "assasaaa\na\na\na\na\n", 65536) = 17
10040 14:53:55.377762 write(4, "assasaaa\na\na\na\na\n", 17) = 17
10040 14:53:55.377833 read(6, "", 65536) = 0
10040 14:53:55.377880 rt_sigaction(SIGALRM, {0x805cad0, ~[RTMIN RT_1], 0}, NULL, 8) = 0
10040 14:53:55.377918 alarm(300)        = 300
10040 14:53:55.377969 close(6)          = 0
10040 14:53:55.378010 alarm(0)          = 300
10040 14:53:55.378052 gettimeofday({1495652035, 378068}, NULL) = 0
10040 14:53:55.378117 gettimeofday({1495652035, 382163}, NULL) = 0
10040 14:53:55.382219 fcntl64(3, F_SETLKW64, {type=F_WRLCK, whence=SEEK_SET, start=0, len=0}, 0xbf8cc254) = 0
10040 14:53:55.382290 write(3, "Wed May 24 14:53:55 2017 [pid 10040] [msfadmin] OK UPLOAD: Client \"127.0.0.1\", \"/home/msfadmin/myfile21\", 17 bytes, 2.41Kbyte/sec\n", 130) = 130
10040 14:53:55.382380 fcntl64(3, F_SETLK64, {type=F_UNLCK, whence=SEEK_SET, start=0, len=0}, 0xbf8cc25c) = 0
10040 14:53:55.382446 write(0, "226 Transfer complete.\r\n", 24) = 24
10040 14:53:55.382674 write(5, "\n", 1) = 1
10040 14:53:55.382730 read(5,  <unfinished ...>
10038 14:53:55.382764 close(6)          = 0
10038 14:53:55.382847 read(4, "\n", 1)  = 1
10038 14:53:55.382899 close(5)          = 0
10038 14:53:55.383009 write(4, "\1", 1) = 1
10040 14:53:55.383067 <... read resumed> "\1", 1) = 1
10040 14:53:55.383098 close(4)          = 0
10040 14:53:55.383149 rt_sigaction(SIGALRM, {0x805cad0, ~[RTMIN RT_1], 0}, NULL, 8) = 0
10040 14:53:55.383209 alarm(300)        = 0
10040 14:53:55.383259 recv(0,  <unfinished ...>
10038 14:53:55.383294 read(4,  <unfinished ...>
10040 14:53:55.901707 <... recv resumed> "TYPE I\r\n", 4096, MSG_PEEK) = 8
10040 14:53:55.901762 read(0, "TYPE I\r\n", 8) = 8
10040 14:53:55.901811 write(0, "200 Switching to Binary mode.\r\n", 31) = 31
10040 14:53:55.901974 rt_sigaction(SIGALRM, {0x805cad0, ~[RTMIN RT_1], 0}, NULL, 8) = 0
10040 14:53:55.902018 alarm(300)        = 299
10040 14:53:55.902049 recv(0, "PASV\r\n", 4096, MSG_PEEK) = 6
10040 14:53:55.902077 read(0, "PASV\r\n", 6) = 6
10040 14:53:55.902107 write(5, "\n", 1) = 1
10040 14:53:55.902137 read(5,  <unfinished ...>
10038 14:53:55.902156 <... read resumed> "\n", 1) = 1
10038 14:53:55.902176 write(4, "\1", 1) = 1
10040 14:53:55.902202 <... read resumed> "\1", 1) = 1
10040 14:53:55.902220 write(5, "\f", 1) = 1
10040 14:53:55.902245 read(5,  <unfinished ...>
10038 14:53:55.902262 read(4, "\f", 1)  = 1
10038 14:53:55.902292 socket(PF_INET, SOCK_STREAM, IPPROTO_TCP) = 5
10038 14:53:55.902467 setsockopt(5, SOL_SOCKET, SO_REUSEADDR, [1], 4) = 0
10038 14:53:55.902508 bind(5, {sa_family=AF_INET, sin_port=htons(48885), sin_addr=inet_addr("127.0.0.1")}, 16) = 0
10038 14:53:55.902546 listen(5, 1)      = 0
10038 14:53:55.902579 write(4, "\365\276\0\0", 4) = 4
10040 14:53:55.902607 <... read resumed> "\365\276\0\0", 4) = 4
10040 14:53:55.902637 write(0, "227 Entering Passive Mode (127,0,0,1,190,245).\r\n", 48) = 48
10040 14:53:55.902880 rt_sigaction(SIGALRM, {0x805cad0, ~[RTMIN RT_1], 0}, NULL, 8) = 0
10040 14:53:55.902921 alarm(300)        = 300
10040 14:53:55.902995 recv(0, "STOR myfile22\r\n", 4096, MSG_PEEK) = 15
10040 14:53:55.903029 read(0, "STOR myfile22\r\n", 15) = 15
10040 14:53:55.903079 write(5, "\v", 1) = 1
10040 14:53:55.903107 read(5,  <unfinished ...>
10038 14:53:55.903125 read(4, "\v", 1)  = 1
10038 14:53:55.903153 write(4, "\1\0\0\0", 4) = 4
10040 14:53:55.903179 <... read resumed> "\1\0\0\0", 4) = 4
10040 14:53:55.903199 gettimeofday({1495652035, 903208}, NULL) = 0
10040 14:53:55.903226 getcwd("/home/msfadmin", 4096) = 15
10040 14:53:55.903257 open("myfile22", O_WRONLY|O_CREAT|O_NONBLOCK|O_LARGEFILE, 0666) = 4
10040 14:53:55.903291 fstat64(4, {st_mode=S_IFREG|0644, st_size=17, ...}) = 0
10040 14:53:55.903334 fcntl64(4, F_GETFL) = 0x8801 (flags O_WRONLY|O_NONBLOCK|O_LARGEFILE)
10040 14:53:55.903362 fcntl64(4, F_SETFL, O_WRONLY|O_LARGEFILE) = 0
10040 14:53:55.903387 fcntl64(4, F_SETLKW64, {type=F_WRLCK, whence=SEEK_SET, start=0, len=0}, 0xbf8cc2b4) = 0
10040 14:53:55.903422 ftruncate64(4, 0) = 0
10040 14:53:55.903494 _llseek(4, 0, [0], SEEK_SET) = 0
10040 14:53:55.903523 write(5, "\v", 1) = 1
10040 14:53:55.903549 read(5,  <unfinished ...>
10038 14:53:55.903568 read(4, "\v", 1)  = 1
10038 14:53:55.903596 write(4, "\1\0\0\0", 4) = 4
10040 14:53:55.903622 <... read resumed> "\1\0\0\0", 4) = 4
10040 14:53:55.903640 write(5, "\v", 1) = 1
10040 14:53:55.903664 read(5,  <unfinished ...>
10038 14:53:55.903681 read(4, "\v", 1)  = 1
10038 14:53:55.903707 write(4, "\1\0\0\0", 4) = 4
10040 14:53:55.903732 <... read resumed> "\1\0\0\0", 4) = 4
10040 14:53:55.903750 write(5, "\r", 1) = 1
10040 14:53:55.903775 read(5,  <unfinished ...>
10038 14:53:55.903791 read(4, "\r", 1)  = 1
10038 14:53:55.903820 select(6, [5], NULL, NULL, {60, 0}) = 1 (in [5], left {60, 0})
10038 14:53:55.903860 accept(5, {sa_family=AF_INET, sin_port=htons(42092), sin_addr=inet_addr("127.0.0.1")}, [16]) = 6
10038 14:53:55.903915 write(4, "\1", 1) = 1
10040 14:53:55.903969 <... read resumed> "\1", 1) = 1
10040 14:53:55.903992 recvmsg(5,  <unfinished ...>
10038 14:53:55.904013 sendmsg(4, {msg_name(0)=NULL, msg_iov(1)=[{"\0", 1}], msg_controllen=16, {cmsg_len=16, cmsg_level=SOL_SOCKET, cmsg_type=SCM_RIGHTS, {6}}, msg_flags=0}, 0) = 1
10040 14:53:55.904055 <... recvmsg resumed> {msg_name(0)=NULL, msg_iov(1)=[{"\0", 1}], msg_controllen=16, {cmsg_len=16, cmsg_level=SOL_SOCKET, cmsg_type=SCM_RIGHTS, {6}}, msg_flags=0}, 0) = 1
10040 14:53:55.904088 setsockopt(6, SOL_SOCKET, SO_KEEPALIVE, [1], 4) = 0
10040 14:53:55.904118 setsockopt(6, SOL_IP, IP_TOS, [8], 4) = 0
10040 14:53:55.904147 setsockopt(6, SOL_SOCKET, SO_LINGER, {onoff=1, linger=32767}, 8) = 0
10040 14:53:55.904174 rt_sigaction(SIGALRM, {0x805cad0, ~[RTMIN RT_1], 0}, NULL, 8) = 0
10040 14:53:55.904208 alarm(300)        = 300
10040 14:53:55.904239 write(0, "150 Ok to send data.\r\n", 22) = 22
10040 14:53:55.904390 read(6, "assasaaa\na\na\na\na\n", 65536) = 17
10040 14:53:55.904457 write(4, "assasaaa\na\na\na\na\n", 17) = 17
10040 14:53:55.904501 read(6, "", 65536) = 0
10040 14:53:55.904528 rt_sigaction(SIGALRM, {0x805cad0, ~[RTMIN RT_1], 0}, NULL, 8) = 0
10040 14:53:55.904562 alarm(300)        = 300
10040 14:53:55.904587 close(6)          = 0
10040 14:53:55.904610 alarm(0)          = 300
10040 14:53:55.904633 gettimeofday({1495652035, 904642}, NULL) = 0
10040 14:53:55.904669 gettimeofday({1495652035, 904680}, NULL) = 0
10040 14:53:55.904704 fcntl64(3, F_SETLKW64, {type=F_WRLCK, whence=SEEK_SET, start=0, len=0}, 0xbf8cc254) = 0
10040 14:53:55.904741 write(3, "Wed May 24 14:53:55 2017 [pid 10040] [msfadmin] OK UPLOAD: Client \"127.0.0.1\", \"/home/msfadmin/myfile22\", 17 bytes, 11.28Kbyte/sec\n", 131) = 131
10040 14:53:55.904791 fcntl64(3, F_SETLK64, {type=F_UNLCK, whence=SEEK_SET, start=0, len=0}, 0xbf8cc25c) = 0
10040 14:53:55.904827 write(0, "226 Transfer complete.\r\n", 24) = 24
10038 14:53:55.904957 close(6 <unfinished ...>
10040 14:53:55.904978 write(5, "\n", 1 <unfinished ...>
10038 14:53:55.905016 <... close resumed> ) = 0
10040 14:53:55.905033 <... write resumed> ) = 1
10040 14:53:55.905049 read(5,  <unfinished ...>
10038 14:53:55.905066 read(4, "\n", 1)  = 1
10038 14:53:55.905094 close(5)          = 0
10038 14:53:55.905121 write(4, "\1", 1) = 1
10040 14:53:55.905148 <... read resumed> "\1", 1) = 1
10040 14:53:55.905175 close(4)          = 0
10040 14:53:55.905202 rt_sigaction(SIGALRM, {0x805cad0, ~[RTMIN RT_1], 0}, NULL, 8) = 0
10040 14:53:55.905235 alarm(300)        = 0
10040 14:53:55.905263 recv(0,  <unfinished ...>
10038 14:53:55.905281 read(4,  <unfinished ...>
10040 14:53:56.442587 <... recv resumed> "TYPE I\r\n", 4096, MSG_PEEK) = 8
10040 14:53:56.442846 read(0, "TYPE I\r\n", 8) = 8
10040 14:53:56.443096 write(0, "200 Switching to Binary mode.\r\n", 31) = 31
10040 14:53:56.443480 rt_sigaction(SIGALRM, {0x805cad0, ~[RTMIN RT_1], 0}, NULL, 8) = 0
10040 14:53:56.443601 alarm(300)        = 299
10040 14:53:56.443670 recv(0, "PASV\r\n", 4096, MSG_PEEK) = 6
10040 14:53:56.443721 read(0, "PASV\r\n", 6) = 6
10040 14:53:56.443774 write(5, "\n", 1) = 1
10038 14:53:56.443828 <... read resumed> "\n", 1) = 1
10038 14:53:56.443861 write(4, "\1", 1) = 1
10038 14:53:56.443907 read(4,  <unfinished ...>
10040 14:53:56.443938 read(5, "\1", 1)  = 1
10040 14:53:56.443988 write(5, "\f", 1) = 1
10038 14:53:56.444031 <... read resumed> "\f", 1) = 1
