10333 14:57:03.319675 read(5,  <unfinished ...>
10331 14:57:03.319706 read(4, "\v", 1)  = 1
10331 14:57:03.319819 write(4, "\1\0\0\0", 4) = 4
10333 14:57:03.319873 <... read resumed> "\1\0\0\0", 4) = 4
10333 14:57:03.319908 gettimeofday({1495652223, 319924}, NULL) = 0
10333 14:57:03.319956 getcwd("/home/msfadmin", 4096) = 15
10333 14:57:03.320010 open("myfile3", O_WRONLY|O_CREAT|O_NONBLOCK|O_LARGEFILE, 0666) = 4
10333 14:57:03.320069 fstat64(4, {st_mode=S_IFREG|0644, st_size=17, ...}) = 0
10333 14:57:03.320144 fcntl64(4, F_GETFL) = 0x8801 (flags O_WRONLY|O_NONBLOCK|O_LARGEFILE)
10333 14:57:03.320193 fcntl64(4, F_SETFL, O_WRONLY|O_LARGEFILE) = 0
10333 14:57:03.320337 fcntl64(4, F_SETLKW64, {type=F_WRLCK, whence=SEEK_SET, start=0, len=0}, 0xbfbc75b4) = 0
10333 14:57:03.320412 ftruncate64(4, 0) = 0
10333 14:57:03.320488 _llseek(4, 0, [0], SEEK_SET) = 0
10333 14:57:03.320536 write(5, "\v", 1) = 1
10333 14:57:03.320583 read(5,  <unfinished ...>
10331 14:57:03.320615 read(4, "\v", 1)  = 1
10331 14:57:03.320664 write(4, "\1\0\0\0", 4) = 4
10333 14:57:03.320710 <... read resumed> "\1\0\0\0", 4) = 4
10333 14:57:03.320791 write(5, "\v", 1) = 1
10333 14:57:03.320840 read(5,  <unfinished ...>
10331 14:57:03.320870 read(4, "\v", 1)  = 1
10331 14:57:03.320918 write(4, "\1\0\0\0", 4) = 4
10333 14:57:03.320963 <... read resumed> "\1\0\0\0", 4) = 4
10333 14:57:03.320995 write(5, "\r", 1) = 1
10333 14:57:03.321038 read(5,  <unfinished ...>
10331 14:57:03.321067 read(4, "\r", 1)  = 1
10331 14:57:03.321118 select(6, [5], NULL, NULL, {60, 0}) = 1 (in [5], left {60, 0})
10331 14:57:03.321188 accept(5, {sa_family=AF_INET, sin_port=htons(38284), sin_addr=inet_addr("127.0.0.1")}, [16]) = 6
10331 14:57:03.321366 write(4, "\1", 1) = 1
10333 14:57:03.321420 <... read resumed> "\1", 1) = 1
10333 14:57:03.321458 recvmsg(5,  <unfinished ...>
10331 14:57:03.321495 sendmsg(4, {msg_name(0)=NULL, msg_iov(1)=[{"\0", 1}], msg_controllen=16, {cmsg_len=16, cmsg_level=SOL_SOCKET, cmsg_type=SCM_RIGHTS, {6}}, msg_flags=0}, 0) = 1
10333 14:57:03.321570 <... recvmsg resumed> {msg_name(0)=NULL, msg_iov(1)=[{"\0", 1}], msg_controllen=16, {cmsg_len=16, cmsg_level=SOL_SOCKET, cmsg_type=SCM_RIGHTS, {6}}, msg_flags=0}, 0) = 1
10333 14:57:03.321627 setsockopt(6, SOL_SOCKET, SO_KEEPALIVE, [1], 4) = 0
10333 14:57:03.321682 setsockopt(6, SOL_IP, IP_TOS, [8], 4) = 0
10333 14:57:03.321787 setsockopt(6, SOL_SOCKET, SO_LINGER, {onoff=1, linger=32767}, 8) = 0
10333 14:57:03.321841 rt_sigaction(SIGALRM, {0x805cad0, ~[RTMIN RT_1], 0}, NULL, 8) = 0
10333 14:57:03.321919 alarm(300)        = 300
10333 14:57:03.321977 write(0, "150 Ok to send data.\r\n", 22) = 22
10333 14:57:03.322314 read(6, "assasaaa\na\na\na\na\n", 65536) = 17
10333 14:57:03.322381 write(4, "assasaaa\na\na\na\na\n", 17) = 17
10333 14:57:03.322450 read(6, "", 65536) = 0
10333 14:57:03.322495 rt_sigaction(SIGALRM, {0x805cad0, ~[RTMIN RT_1], 0}, NULL, 8) = 0
10333 14:57:03.322555 alarm(300)        = 300
10333 14:57:03.322598 close(6)          = 0
10333 14:57:03.322638 alarm(0)          = 300
10333 14:57:03.322680 gettimeofday({1495652223, 322695}, NULL) = 0
10333 14:57:03.322793 gettimeofday({1495652223, 322815}, NULL) = 0
10333 14:57:03.322856 fcntl64(3, F_SETLKW64, {type=F_WRLCK, whence=SEEK_SET, start=0, len=0}, 0xbfbc7554) = 0
10333 14:57:03.322922 write(3, "Wed May 24 14:57:03 2017 [pid 10333] [msfadmin] OK UPLOAD: Client \"127.0.0.1\", \"/home/msfadmin/myfile3\", 17 bytes, 5.74Kbyte/sec\n", 129) = 129
10333 14:57:03.323012 fcntl64(3, F_SETLK64, {type=F_UNLCK, whence=SEEK_SET, start=0, len=0}, 0xbfbc755c) = 0
10333 14:57:03.323075 write(0, "226 Transfer complete.\r\n", 24) = 24
10333 14:57:03.323540 write(5, "\n", 1) = 1
10333 14:57:03.323640 read(5,  <unfinished ...>
10331 14:57:03.323688 close(6)          = 0
10331 14:57:03.323811 read(4, "\n", 1)  = 1
10331 14:57:03.323951 close(5)          = 0
10331 14:57:03.324029 write(4, "\1", 1) = 1
10333 14:57:03.324101 <... read resumed> "\1", 1) = 1
10333 14:57:03.324148 close(4)          = 0
10333 14:57:03.324218 rt_sigaction(SIGALRM, {0x805cad0, ~[RTMIN RT_1], 0}, NULL, 8) = 0
10333 14:57:03.324310 alarm(300)        = 0
10333 14:57:03.324458 recv(0,  <unfinished ...>
10331 14:57:03.324513 read(4,  <unfinished ...>
10333 14:57:03.856029 <... recv resumed> "TYPE I\r\n", 4096, MSG_PEEK) = 8
10333 14:57:03.856088 read(0, "TYPE I\r\n", 8) = 8
10333 14:57:03.856141 write(0, "200 Switching to Binary mode.\r\n", 31) = 31
10333 14:57:03.856255 rt_sigaction(SIGALRM, {0x805cad0, ~[RTMIN RT_1], 0}, NULL, 8) = 0
10333 14:57:03.856299 alarm(300)        = 299
10333 14:57:03.856332 recv(0, "PASV\r\n", 4096, MSG_PEEK) = 6
10333 14:57:03.856363 read(0, "PASV\r\n", 6) = 6
10333 14:57:03.856395 write(5, "\n", 1) = 1
10333 14:57:03.856427 read(5,  <unfinished ...>
10331 14:57:03.856447 <... read resumed> "\n", 1) = 1
10331 14:57:03.856470 write(4, "\1", 1) = 1
10333 14:57:03.856499 <... read resumed> "\1", 1) = 1
10333 14:57:03.856518 write(5, "\f", 1) = 1
10333 14:57:03.856545 read(5,  <unfinished ...>
10331 14:57:03.856563 read(4, "\f", 1)  = 1
10331 14:57:03.856597 socket(PF_INET, SOCK_STREAM, IPPROTO_TCP) = 5
10331 14:57:03.856690 setsockopt(5, SOL_SOCKET, SO_REUSEADDR, [1], 4) = 0
10331 14:57:03.856728 bind(5, {sa_family=AF_INET, sin_port=htons(30234), sin_addr=inet_addr("127.0.0.1")}, 16) = 0
10331 14:57:03.856769 listen(5, 1)      = 0
10331 14:57:03.856805 write(4, "\32v\0\0", 4) = 4
10333 14:57:03.856835 <... read resumed> "\32v\0\0", 4) = 4
10333 14:57:03.856868 write(0, "227 Entering Passive Mode (127,0,0,1,118,26).\r\n", 47) = 47
10333 14:57:03.857128 rt_sigaction(SIGALRM, {0x805cad0, ~[RTMIN RT_1], 0}, NULL, 8) = 0
10333 14:57:03.857174 alarm(300)        = 300
10333 14:57:03.857205 recv(0, "STOR myfile4\r\n", 4096, MSG_PEEK) = 14
10333 14:57:03.857238 read(0, "STOR myfile4\r\n", 14) = 14
10333 14:57:03.857274 write(5, "\v", 1) = 1
10333 14:57:03.857303 read(5,  <unfinished ...>
10331 14:57:03.857321 read(4, "\v", 1)  = 1
10331 14:57:03.857352 write(4, "\1\0\0\0", 4) = 4
10333 14:57:03.857381 <... read resumed> "\1\0\0\0", 4) = 4
10333 14:57:03.857402 gettimeofday({1495652223, 857412}, NULL) = 0
10333 14:57:03.857431 getcwd("/home/msfadmin", 4096) = 15
10333 14:57:03.857464 open("myfile4", O_WRONLY|O_CREAT|O_NONBLOCK|O_LARGEFILE, 0666) = 4
10333 14:57:03.857500 fstat64(4, {st_mode=S_IFREG|0644, st_size=17, ...}) = 0
10333 14:57:03.857547 fcntl64(4, F_GETFL) = 0x8801 (flags O_WRONLY|O_NONBLOCK|O_LARGEFILE)
10333 14:57:03.857607 fcntl64(4, F_SETFL, O_WRONLY|O_LARGEFILE) = 0
10333 14:57:03.857638 fcntl64(4, F_SETLKW64, {type=F_WRLCK, whence=SEEK_SET, start=0, len=0}, 0xbfbc75b4) = 0
10333 14:57:03.857690 ftruncate64(4, 0) = 0
10333 14:57:03.857734 _llseek(4, 0, [0], SEEK_SET) = 0
10333 14:57:03.857764 write(5, "\v", 1) = 1
10333 14:57:03.857793 read(5,  <unfinished ...>
10331 14:57:03.857812 read(4, "\v", 1)  = 1
10331 14:57:03.857843 write(4, "\1\0\0\0", 4) = 4
10333 14:57:03.857871 <... read resumed> "\1\0\0\0", 4) = 4
10333 14:57:03.857891 write(5, "\v", 1) = 1
10333 14:57:03.857918 read(5,  <unfinished ...>
10331 14:57:03.857936 read(4, "\v", 1)  = 1
10331 14:57:03.857965 write(4, "\1\0\0\0", 4) = 4
10333 14:57:03.857992 <... read resumed> "\1\0\0\0", 4) = 4
10333 14:57:03.858012 write(5, "\r", 1) = 1
10333 14:57:03.858039 read(5,  <unfinished ...>
10331 14:57:03.858056 read(4, "\r", 1)  = 1
10331 14:57:03.858088 select(6, [5], NULL, NULL, {60, 0}) = 1 (in [5], left {60, 0})
10331 14:57:03.858131 accept(5, {sa_family=AF_INET, sin_port=htons(58881), sin_addr=inet_addr("127.0.0.1")}, [16]) = 6
10331 14:57:03.858189 write(4, "\1", 1) = 1
10333 14:57:03.858217 <... read resumed> "\1", 1) = 1
10333 14:57:03.858240 recvmsg(5,  <unfinished ...>
10331 14:57:03.858263 sendmsg(4, {msg_name(0)=NULL, msg_iov(1)=[{"\0", 1}], msg_controllen=16, {cmsg_len=16, cmsg_level=SOL_SOCKET, cmsg_type=SCM_RIGHTS, {6}}, msg_flags=0}, 0) = 1
10333 14:57:03.858308 <... recvmsg resumed> {msg_name(0)=NULL, msg_iov(1)=[{"\0", 1}], msg_controllen=16, {cmsg_len=16, cmsg_level=SOL_SOCKET, cmsg_type=SCM_RIGHTS, {6}}, msg_flags=0}, 0) = 1
10333 14:57:03.858343 setsockopt(6, SOL_SOCKET, SO_KEEPALIVE, [1], 4) = 0
10333 14:57:03.858376 setsockopt(6, SOL_IP, IP_TOS, [8], 4) = 0
10333 14:57:03.858407 setsockopt(6, SOL_SOCKET, SO_LINGER, {onoff=1, linger=32767}, 8) = 0
10333 14:57:03.858437 rt_sigaction(SIGALRM, {0x805cad0, ~[RTMIN RT_1], 0}, NULL, 8) = 0
10333 14:57:03.858473 alarm(300)        = 300
10333 14:57:03.858507 write(0, "150 Ok to send data.\r\n", 22) = 22
10333 14:57:03.858701 read(6, "assasaaa\na\na\na\na\n", 65536) = 17
10333 14:57:03.858742 write(4, "assasaaa\na\na\na\na\n", 17) = 17
10333 14:57:03.858784 read(6, "", 65536) = 0
10333 14:57:03.858813 rt_sigaction(SIGALRM, {0x805cad0, ~[RTMIN RT_1], 0}, NULL, 8) = 0
10333 14:57:03.858849 alarm(300)        = 300
10333 14:57:03.858876 close(6)          = 0
10333 14:57:03.858901 alarm(0)          = 300
10333 14:57:03.858926 gettimeofday({1495652223, 858936}, NULL) = 0
10333 14:57:03.858966 gettimeofday( <unfinished ...>
10331 14:57:03.858984 close(6)          = 0
10333 14:57:03.859029 <... gettimeofday resumed> {1495652223, 859025}, NULL) = 0
10333 14:57:03.859060 fcntl64(3, F_SETLKW64, {type=F_WRLCK, whence=SEEK_SET, start=0, len=0}, 0xbfbc7554) = 0
10331 14:57:03.859099 read(4,  <unfinished ...>
10333 14:57:03.859121 write(3, "Wed May 24 14:57:03 2017 [pid 10333] [msfadmin] OK UPLOAD: Client \"127.0.0.1\", \"/home/msfadmin/myfile4\", 17 bytes, 10.29Kbyte/sec\n", 130) = 130
10333 14:57:03.859190 fcntl64(3, F_SETLK64, {type=F_UNLCK, whence=SEEK_SET, start=0, len=0}, 0xbfbc755c) = 0
10333 14:57:03.859231 write(0, "226 Transfer complete.\r\n", 24) = 24
10333 14:57:03.859338 write(5, "\n", 1) = 1
10331 14:57:03.859371 <... read resumed> "\n", 1) = 1
10331 14:57:03.859389 close(5)          = 0
10331 14:57:03.859421 write(4, "\1", 1) = 1
10331 14:57:03.859450 read(4,  <unfinished ...>
10333 14:57:03.859469 read(5, "\1", 1)  = 1
10333 14:57:03.859500 close(4)          = 0
10333 14:57:03.859586 rt_sigaction(SIGALRM, {0x805cad0, ~[RTMIN RT_1], 0}, NULL, 8) = 0
10333 14:57:03.859632 alarm(300)        = 0
10333 14:57:03.859662 recv(0,  <unfinished ...>
10328 14:57:04.280575 <... read resumed> "\n", 1) = 1
10328 14:57:04.281069 stat64(".", {st_mode=S_IFDIR|0755, st_size=4096, ...}) = 0
10328 14:57:04.281405 stat64("/sbin/nohup", 0xbfc29568) = -1 ENOENT (No such file or directory)
10328 14:57:04.281575 stat64("/bin/nohup", 0xbfc29568) = -1 ENOENT (No such file or directory)
10328 14:57:04.281691 stat64("/usr/sbin/nohup", 0xbfc29568) = -1 ENOENT (No such file or directory)
10328 14:57:04.281791 stat64("/usr/bin/nohup", {st_mode=S_IFREG|0755, st_size=26336, ...}) = 0
10328 14:57:04.281922 stat64("/usr/bin/nohup", {st_mode=S_IFREG|0755, st_size=26336, ...}) = 0
10328 14:57:04.282085 rt_sigprocmask(SIG_BLOCK, [INT CHLD], [], 8) = 0
10328 14:57:04.282161 clone(child_stack=0, flags=CLONE_CHILD_CLEARTID|CLONE_CHILD_SETTID|SIGCHLD, child_tidptr=0xb7d646f8) = 10334
10334 14:57:04.282388 rt_sigprocmask(SIG_SETMASK, [], NULL, 8) = 0
10334 14:57:04.282464 rt_sigaction(SIGTSTP, {SIG_DFL}, {SIG_DFL}, 8) = 0
10334 14:57:04.282524 rt_sigaction(SIGTTIN, {SIG_DFL}, {SIG_DFL}, 8) = 0
10334 14:57:04.282577 rt_sigaction(SIGTTOU, {SIG_DFL}, {SIG_DFL}, 8) = 0
10334 14:57:04.282645 rt_sigaction(SIGINT, {SIG_DFL}, {SIG_DFL}, 8) = 0
10334 14:57:04.282718 rt_sigaction(SIGQUIT, {SIG_DFL}, {SIG_IGN}, 8) = 0
10334 14:57:04.282776 rt_sigaction(SIGCHLD, {SIG_DFL}, {0x807e540, [], 0}, 8) = 0
10334 14:57:04.282924 open("/dev/null", O_WRONLY|O_CREAT|O_TRUNC|O_LARGEFILE, 0666) = 7
10334 14:57:04.283115 dup2(7, 1)        = 1
10334 14:57:04.283183 close(7)          = 0
10334 14:57:04.283226 dup2(1, 2)        = 2
10334 14:57:04.283267 fcntl64(1, F_GETFD) = 0
10334 14:57:04.283322 execve("/usr/bin/nohup", ["nohup"], [/* 16 vars */]) = 0
10334 14:57:04.283632 brk(0)            = 0x804f000
10334 14:57:04.283719 access("/etc/ld.so.nohwcap", F_OK) = -1 ENOENT (No such file or directory)
10334 14:57:04.283789 mmap2(NULL, 8192, PROT_READ|PROT_WRITE, MAP_PRIVATE|MAP_ANONYMOUS, -1, 0) = 0xb7f6f000
10334 14:57:04.283850 access("/etc/ld.so.preload", R_OK) = -1 ENOENT (No such file or directory)
10334 14:57:04.283915 open("/etc/ld.so.cache", O_RDONLY) = 7
10334 14:57:04.284017 fstat64(7, {st_mode=S_IFREG|0644, st_size=29913, ...}) = 0
10334 14:57:04.284097 mmap2(NULL, 29913, PROT_READ, MAP_PRIVATE, 7, 0) = 0xb7f67000
10334 14:57:04.284144 close(7)          = 0
10334 14:57:04.284192 access("/etc/ld.so.nohwcap", F_OK) = -1 ENOENT (No such file or directory)
10334 14:57:04.284262 open("/lib/tls/i686/cmov/libc.so.6", O_RDONLY) = 7
10334 14:57:04.284324 read(7, "\177ELF\1\1\1\0\0\0\0\0\0\0\0\0\3\0\3\0\1\0\0\0\260e\1\0004\0\0\0\4\307\24\0\0\0\0\0004\0 \0\n\0(\0D\0C\0\6\0\0\0004\0\0\0004\0\0\0004\0\0\0@\1\0\0@\1\0\0\5\0\0\0\4\0\0\0\3\0\0\0\2200\23\0\2200\23\0\2200\23\0\23\0\0\0\23\0\0\0\4\0\0\0\1\0\0\0\1\0\0\0\0\0\0\0\0\0\0\0\0\0\0\0(\215\24\0(\215\24\0\5\0\0\0\0\20\0\0\1\0\0\0\354\221\24\0\354\221\24\0\354\221\24\0\260\'\0\0\204T\0\0\6\0\0\0\0\20\0\0\2\0\0\0\234\255\24\0\234\255\24\0\234\255\24\0\360\0\0\0\360\0\0\0\6\0\0\0\4\0\0\0\4\0\0\0t\1\0\0t\1\0\0t\1\0\0 \0\0\0 \0\0\0\4\0\0\0\4\0\0\0\7\0\0\0\354\221\24\0\354\221\24\0\354\221\24\0\10\0\0\0,\0\0\0\4\0\0\0\4\0\0\0P\345td\2440\23\0\2440\23\0\2440\23\0\354+\0\0\354+\0\0\4\0\0\0\4\0\0\0Q\345td\0\0\0\0\0\0\0\0\0\0\0\0\0\0\0\0\0\0\0\0\6\0\0\0\4\0\0\0R\345td\354\221\24\0\354\221\24\0\354\221\24\0\10\36\0\0\10\36\0\0\4\0\0\0\1\0\0\0\4\0\0\0\20\0\0\0\1\0\0\0GNU\0\0\0\0\0\2\0\0\0\6\0\0\0\10\0\0\0\363\3\0\0\n\0\0\0\0\2\0\0\16\0\0\0\2400\20D\200 \2\1\214\3\346\220AE\210\0\204\0\10\0A\200\0@\300\200\0\f\2\f\0\0010\0\10@\"\10\246\4\210H6l\240\0260\0&\204\200\216\4\10B$\2\f\246\244\32\6c\310\0\302 \1\300\0R\0!\201\10\4\n  \250\24\0\24(`\0\0P\240\312DB", 512) = 512
10334 14:57:04.284716 fstat64(7, {st_mode=S_IFREG|0755, st_size=1364388, ...}) = 0
10334 14:57:04.284796 mmap2(NULL, 1369712, PROT_READ|PROT_EXEC, MAP_PRIVATE|MAP_DENYWRITE, 7, 0) = 0xb7e18000
10334 14:57:04.284849 mmap2(0xb7f61000, 12288, PROT_READ|PROT_WRITE, MAP_PRIVATE|MAP_FIXED|MAP_DENYWRITE, 7, 0x149) = 0xb7f61000
10334 14:57:04.284960 mmap2(0xb7f64000, 9840, PROT_READ|PROT_WRITE, MAP_PRIVATE|MAP_FIXED|MAP_ANONYMOUS, -1, 0) = 0xb7f64000
10334 14:57:04.285038 close(7)          = 0
10334 14:57:04.285111 mmap2(NULL, 4096, PROT_READ|PROT_WRITE, MAP_PRIVATE|MAP_ANONYMOUS, -1, 0) = 0xb7e17000
10334 14:57:04.285162 set_thread_area({entry_number:-1 -> 6, base_addr:0xb7e176b0, limit:1048575, seg_32bit:1, contents:0, read_exec_only:0, limit_in_pages:1, seg_not_present:0, useable:1}) = 0
10334 14:57:04.285341 mprotect(0xb7f61000, 4096, PROT_READ) = 0
10334 14:57:04.285409 munmap(0xb7f67000, 29913) = 0
10334 14:57:04.285440 brk(0)            = 0x804f000
10334 14:57:04.285468 brk(0x8070000)    = 0x8070000
10334 14:57:04.285603 write(2, "nohup: ", 7) = 7
10334 14:57:04.285663 write(2, "missing operand", 15) = 15
10334 14:57:04.285712 write(2, "\n", 1) = 1
10334 14:57:04.285766 write(2, "Try `nohup --help\' for more information.\n", 41) = 41
10334 14:57:04.285837 close(1)          = 0
10334 14:57:04.285881 close(2)          = 0
10334 14:57:04.285931 exit_group(127)   = ?
10328 14:57:04.286497 rt_sigprocmask(SIG_SETMASK, [], NULL, 8) = 0
10328 14:57:04.286706 --- SIGCHLD (Child exited) @ 0 (0) ---
10328 14:57:04.286793 waitpid(-1, [{WIFEXITED(s) && WEXITSTATUS(s) == 127}], WNOHANG) = 10334
10328 14:57:04.286979 waitpid(-1, 0xbfc291e8, WNOHANG) = 0
10328 14:57:04.287065 sigreturn()       = ? (mask now [])
10328 14:57:04.287171 rt_sigprocmask(SIG_BLOCK, [CHLD], [], 8) = 0
10328 14:57:04.287240 rt_sigprocmask(SIG_SETMASK, [], NULL, 8) = 0
10328 14:57:04.287289 rt_sigprocmask(SIG_BLOCK, [CHLD], [], 8) = 0
10328 14:57:04.287342 rt_sigaction(SIGINT, {0x807f150, [], 0}, {SIG_DFL}, 8) = 0
10328 14:57:04.287410 rt_sigprocmask(SIG_SETMASK, [], NULL, 8) = 0
10328 14:57:04.287468 rt_sigaction(SIGINT, {SIG_DFL}, {0x807f150, [], 0}, 8) = 0
10328 14:57:04.287538 rt_sigprocmask(SIG_BLOCK, NULL, [], 8) = 0
10328 14:57:04.287599 read(0, "e", 1)   = 1
10328 14:57:04.287656 read(0, "c", 1)   = 1
10328 14:57:04.287699 read(0, "h", 1)   = 1
10328 14:57:04.287749 read(0, "o", 1)   = 1
10328 14:57:04.287793 read(0, " ", 1)   = 1
10328 14:57:04.287886 read(0, "d", 1)   = 1
10328 14:57:04.287934 read(0, "6", 1)   = 1
10328 14:57:04.287977 read(0, "Q", 1)   = 1
10328 14:57:04.288019 read(0, "0", 1)   = 1
10328 14:57:04.288061 read(0, "r", 1)   = 1
10328 14:57:04.288104 read(0, "F", 1)   = 1
10328 14:57:04.288146 read(0, "d", 1)   = 1
10328 14:57:04.288188 read(0, "J", 1)   = 1
10328 14:57:04.288230 read(0, "o", 1)   = 1
10328 14:57:04.288273 read(0, "q", 1)   = 1
10328 14:57:04.288315 read(0, "0", 1)   = 1
10328 14:57:04.288357 read(0, "k", 1)   = 1
10328 14:57:04.288399 read(0, "N", 1)   = 1
10328 14:57:04.288441 read(0, "h", 1)   = 1
10328 14:57:04.288483 read(0, "h", 1)   = 1
10328 14:57:04.288525 read(0, "V", 1)   = 1
10328 14:57:04.288567 read(0, "\n", 1)  = 1
10328 14:57:04.288697 write(1, "d6Q0rFdJoq0kNhhV\n", 17) = 17
10328 14:57:04.288940 rt_sigprocmask(SIG_BLOCK, NULL, [], 8) = 0
10328 14:57:04.288999 read(0,  <unfinished ...>
10333 14:57:04.366074 <... recv resumed> "TYPE I\r\n", 4096, MSG_PEEK) = 8
10333 14:57:04.366162 read(0, "TYPE I\r\n", 8) = 8
10333 14:57:04.366250 write(0, "200 Switching to Binary mode.\r\n", 31) = 31
10333 14:57:04.366517 rt_sigaction(SIGALRM, {0x805cad0, ~[RTMIN RT_1], 0}, NULL, 8) = 0
10333 14:57:04.366752 alarm(300)        = 299
10333 14:57:04.366840 recv(0, "PASV\r\n", 4096, MSG_PEEK) = 6
10333 14:57:04.366897 read(0, "PASV\r\n", 6) = 6
10333 14:57:04.366952 write(5, "\n", 1 <unfinished ...>
10331 14:57:04.366995 <... read resumed> "\n", 1) = 1
10333 14:57:04.367018 <... write resumed> ) = 1
10331 14:57:04.367048 write(4, "\1", 1) = 1
10331 14:57:04.367096 read(4,  <unfinished ...>
10333 14:57:04.367127 read(5, "\1", 1)  = 1
10333 14:57:04.367177 write(5, "\f", 1 <unfinished ...>
10331 14:57:04.367208 <... read resumed> "\f", 1) = 1
10333 14:57:04.367229 <... write resumed> ) = 1
10331 14:57:04.367259 socket(PF_INET, SOCK_STREAM, IPPROTO_TCP) = 5
10331 14:57:04.367320 setsockopt(5, SOL_SOCKET, SO_REUSEADDR, [1], 4) = 0
10331 14:57:04.367380 bind(5, {sa_family=AF_INET, sin_port=htons(33021), sin_addr=inet_addr("127.0.0.1")}, 16) = 0
10331 14:57:04.367445 listen(5, 1)      = 0
10331 14:57:04.367500 write(4, "\375\200\0\0", 4) = 4
10331 14:57:04.367598 read(4,  <unfinished ...>
10333 14:57:04.367643 read(5, "\375\200\0\0", 4) = 4
10333 14:57:04.367718 write(0, "227 Entering Passive Mode (127,0,0,1,128,253).\r\n", 48) = 48
10333 14:57:04.368148 rt_sigaction(SIGALRM, {0x805cad0, ~[RTMIN RT_1], 0}, NULL, 8) = 0
10333 14:57:04.368222 alarm(300)        = 300
10333 14:57:04.368273 recv(0, "STOR myfile5\r\n", 4096, MSG_PEEK) = 14
10333 14:57:04.368349 read(0, "STOR myfile5\r\n", 14) = 14
10333 14:57:04.368411 write(5, "\v", 1 <unfinished ...>
10331 14:57:04.368446 <... read resumed> "\v", 1) = 1
10333 14:57:04.368468 <... write resumed> ) = 1
10331 14:57:04.368495 write(4, "\1\0\0\0", 4) = 4
10331 14:57:04.368603 read(4,  <unfinished ...>
10333 14:57:04.368639 read(5, "\1\0\0\0", 4) = 4
10333 14:57:04.368694 gettimeofday({1495652224, 368710}, NULL) = 0
10333 14:57:04.368742 getcwd("/home/msfadmin", 4096) = 15
10333 14:57:04.368796 open("myfile5", O_WRONLY|O_CREAT|O_NONBLOCK|O_LARGEFILE, 0666) = 4
10333 14:57:04.368855 fstat64(4, {st_mode=S_IFREG|0644, st_size=17, ...}) = 0
10333 14:57:04.368931 fcntl64(4, F_GETFL) = 0x8801 (flags O_WRONLY|O_NONBLOCK|O_LARGEFILE)
10333 14:57:04.368980 fcntl64(4, F_SETFL, O_WRONLY|O_LARGEFILE) = 0
10333 14:57:04.369024 fcntl64(4, F_SETLKW64, {type=F_WRLCK, whence=SEEK_SET, start=0, len=0}, 0xbfbc75b4) = 0
10333 14:57:04.369084 ftruncate64(4, 0) = 0
10333 14:57:04.369157 _llseek(4, 0, [0], SEEK_SET) = 0
10333 14:57:04.369206 write(5, "\v", 1 <unfinished ...>
10331 14:57:04.369239 <... read resumed> "\v", 1) = 1
10333 14:57:04.369261 <... write resumed> ) = 1
10331 14:57:04.369288 write(4, "\1\0\0\0", 4) = 4
10331 14:57:04.369336 read(4,  <unfinished ...>
10333 14:57:04.369366 read(5, "\1\0\0\0", 4) = 4
10333 14:57:04.369415 write(5, "\v", 1 <unfinished ...>
10331 14:57:04.369446 <... read resumed> "\v", 1) = 1
10333 14:57:04.369467 <... write resumed> ) = 1
10331 14:57:04.369550 write(4, "\1\0\0\0", 4) = 4
10331 14:57:04.369612 read(4,  <unfinished ...>
10333 14:57:04.369643 read(5, "\1\0\0\0", 4) = 4
10333 14:57:04.369693 write(5, "\r", 1 <unfinished ...>
10331 14:57:04.369724 <... read resumed> "\r", 1) = 1
10333 14:57:04.369744 <... write resumed> ) = 1
10331 14:57:04.369774 select(6, [5], NULL, NULL, {60, 0}) = 1 (in [5], left {60, 0})
10331 14:57:04.369845 accept(5, {sa_family=AF_INET, sin_port=htons(44115), sin_addr=inet_addr("127.0.0.1")}, [16]) = 6
10331 14:57:04.369943 write(4, "\1", 1) = 1
10331 14:57:04.369995 sendmsg(4, {msg_name(0)=NULL, msg_iov(1)=[{"\0", 1}], msg_controllen=16, {cmsg_len=16, cmsg_level=SOL_SOCKET, cmsg_type=SCM_RIGHTS, {6}}, msg_flags=0}, 0) = 1
10331 14:57:04.370067 close(6)          = 0
10331 14:57:04.370110 read(4,  <unfinished ...>
10333 14:57:04.370140 read(5, "\1", 1)  = 1
10333 14:57:04.370195 recvmsg(5, {msg_name(0)=NULL, msg_iov(1)=[{"\0", 1}], msg_controllen=16, {cmsg_len=16, cmsg_level=SOL_SOCKET, cmsg_type=SCM_RIGHTS, {6}}, msg_flags=0}, 0) = 1
10333 14:57:04.370273 setsockopt(6, SOL_SOCKET, SO_KEEPALIVE, [1], 4) = 0
10333 14:57:04.370328 setsockopt(6, SOL_IP, IP_TOS, [8], 4) = 0
10333 14:57:04.370379 setsockopt(6, SOL_SOCKET, SO_LINGER, {onoff=1, linger=32767}, 8) = 0
10333 14:57:04.370428 rt_sigaction(SIGALRM, {0x805cad0, ~[RTMIN RT_1], 0}, NULL, 8) = 0
10333 14:57:04.370531 alarm(300)        = 300
10333 14:57:04.370591 write(0, "150 Ok to send data.\r\n", 22) = 22
10333 14:57:04.370895 read(6, "assasaaa\na\na\na\na\n", 65536) = 17
10333 14:57:04.370958 write(4, "assasaaa\na\na\na\na\n", 17) = 17
10333 14:57:04.371028 read(6, "", 65536) = 0
10333 14:57:04.371073 rt_sigaction(SIGALRM, {0x805cad0, ~[RTMIN RT_1], 0}, NULL, 8) = 0
10333 14:57:04.371132 alarm(300)        = 300
10333 14:57:04.371175 close(6)          = 0
10333 14:57:04.371248 alarm(0)          = 300
10333 14:57:04.371292 gettimeofday({1495652224, 371308}, NULL) = 0
10333 14:57:04.371358 gettimeofday({1495652224, 371377}, NULL) = 0
10333 14:57:04.371477 fcntl64(3, F_SETLKW64, {type=F_WRLCK, whence=SEEK_SET, start=0, len=0}, 0xbfbc7554) = 0
