8665  14:40:03.010096 fstat64(4, {st_mode=S_IFREG|0644, st_size=1624, ...}) = 0
8665  14:40:03.010127 mmap2(NULL, 1624, PROT_READ, MAP_SHARED, 4, 0) = 0xb7f61000
8665  14:40:03.010147 _llseek(4, 1624, [1624], SEEK_SET) = 0
8665  14:40:03.010186 munmap(0xb7f61000, 1624) = 0
8665  14:40:03.010220 close(4)          = 0
8665  14:40:03.010243 getuid32()        = 0
8665  14:40:03.010261 open("/etc/passwd", O_RDONLY|0x80000 /* O_??? */) = 4
8665  14:40:03.010283 _llseek(4, 0, [0], SEEK_CUR) = 0
8665  14:40:03.010300 fstat64(4, {st_mode=S_IFREG|0644, st_size=1624, ...}) = 0
8665  14:40:03.010327 mmap2(NULL, 1624, PROT_READ, MAP_SHARED, 4, 0) = 0xb7f61000
8665  14:40:03.010345 _llseek(4, 1624, [1624], SEEK_SET) = 0
8665  14:40:03.010372 munmap(0xb7f61000, 1624) = 0
8665  14:40:03.010388 close(4)          = 0
8665  14:40:03.010433 open("/proc/sys/kernel/ngroups_max", O_RDONLY) = 4
8665  14:40:03.010467 read(4, "65536\n", 31) = 6
8665  14:40:03.010488 close(4)          = 0
8665  14:40:03.010512 socket(PF_FILE, SOCK_STREAM, 0) = 4
8665  14:40:03.010533 fcntl64(4, F_SETFL, O_RDWR|O_NONBLOCK) = 0
8665  14:40:03.010551 connect(4, {sa_family=AF_FILE, path="/var/run/nscd/socket"}, 110) = -1 ENOENT (No such file or directory)
8665  14:40:03.010588 close(4)          = 0
8665  14:40:03.010607 socket(PF_FILE, SOCK_STREAM, 0) = 4
8665  14:40:03.010624 fcntl64(4, F_SETFL, O_RDWR|O_NONBLOCK) = 0
8665  14:40:03.010641 connect(4, {sa_family=AF_FILE, path="/var/run/nscd/socket"}, 110) = -1 ENOENT (No such file or directory)
8665  14:40:03.010672 close(4)          = 0
8665  14:40:03.010711 open("/etc/group", O_RDONLY|0x80000 /* O_??? */) = 4
8665  14:40:03.010738 _llseek(4, 0, [0], SEEK_CUR) = 0
8665  14:40:03.010758 fstat64(4, {st_mode=S_IFREG|0644, st_size=886, ...}) = 0
8665  14:40:03.010785 mmap2(NULL, 886, PROT_READ, MAP_SHARED, 4, 0) = 0xb7f61000
8665  14:40:03.010803 _llseek(4, 886, [886], SEEK_SET) = 0
8665  14:40:03.010844 fstat64(4, {st_mode=S_IFREG|0644, st_size=886, ...}) = 0
8665  14:40:03.010873 munmap(0xb7f61000, 886) = 0
8665  14:40:03.010890 close(4)          = 0
8665  14:40:03.010907 setgroups32(13, [1000, 4, 20, 24, 25, 29, 30, 44, 46, 107, 111, 112, 119]) = 0
8665  14:40:03.010935 geteuid32()       = 0
8665  14:40:03.010953 getegid32()       = 0
8665  14:40:03.010972 setregid32(-1, 1000) = 0
8665  14:40:03.010989 setreuid32(-1, 1000) = 0
8665  14:40:03.011007 chdir("/home/msfadmin") = 0
8665  14:40:03.011027 setreuid32(-1, 0) = 0
8665  14:40:03.011043 setregid32(-1, 0) = 0
8665  14:40:03.011061 setgid32(1000)    = 0
8665  14:40:03.011078 setuid32(1000)    = 0
8665  14:40:03.011095 setrlimit(RLIMIT_NPROC, {rlim_cur=0, rlim_max=0}) = 0
8665  14:40:03.011124 mmap2(NULL, 12288, PROT_READ|PROT_WRITE, MAP_PRIVATE|MAP_ANONYMOUS, -1, 0) = 0xb7f5f000
8665  14:40:03.011144 mprotect(0xb7f61000, 4096, PROT_NONE) = 0
8665  14:40:03.011179 mprotect(0xb7f5f000, 4096, PROT_NONE) = 0
8665  14:40:03.011200 getcwd("/home/msfadmin", 4096) = 15
8665  14:40:03.011224 umask(022)        = 077
8665  14:40:03.011241 getcwd("/home/msfadmin", 4096) = 15
8665  14:40:03.011263 open(".message", O_RDONLY|O_NONBLOCK|O_LARGEFILE) = -1 ENOENT (No such file or directory)
8665  14:40:03.011302 write(0, "230 Login successful.\r\n", 23) = 23
8665  14:40:03.011462 rt_sigaction(SIGALRM, {0x805cad0, ~[RTMIN RT_1], 0}, NULL, 8) = 0
8665  14:40:03.011492 alarm(300)        = 0
8665  14:40:03.011511 mmap2(NULL, 12288, PROT_READ|PROT_WRITE, MAP_PRIVATE|MAP_ANONYMOUS, -1, 0) = 0xb7f5c000
8665  14:40:03.011530 mprotect(0xb7f5e000, 4096, PROT_NONE) = 0
8665  14:40:03.011549 mprotect(0xb7f5c000, 4096, PROT_NONE) = 0
8665  14:40:03.011571 recv(0, "TYPE I\r\n", 4096, MSG_PEEK) = 8
8665  14:40:03.011593 read(0, "TYPE I\r\n", 8) = 8
8665  14:40:03.011622 write(0, "200 Switching to Binary mode.\r\n", 31) = 31
8665  14:40:03.011687 rt_sigaction(SIGALRM, {0x805cad0, ~[RTMIN RT_1], 0}, NULL, 8) = 0
8665  14:40:03.011711 alarm(300)        = 300
8665  14:40:03.011730 recv(0, "PASV\r\n", 4096, MSG_PEEK) = 6
8665  14:40:03.011749 read(0, "PASV\r\n", 6) = 6
8665  14:40:03.011769 write(5, "\n", 1) = 1
8665  14:40:03.011787 read(5,  <unfinished ...>
8663  14:40:03.011808 close(5)          = 0
8663  14:40:03.011829 getuid32()        = 0
8663  14:40:03.011855 open("/etc/passwd", O_RDONLY|0x80000 /* O_??? */) = 5
8663  14:40:03.011879 _llseek(5, 0, [0], SEEK_CUR) = 0
8663  14:40:03.011899 fstat64(5, {st_mode=S_IFREG|0644, st_size=1624, ...}) = 0
8663  14:40:03.011929 mmap2(NULL, 1624, PROT_READ, MAP_SHARED, 5, 0) = 0xb7f61000
8663  14:40:03.011948 _llseek(5, 1624, [1624], SEEK_SET) = 0
8663  14:40:03.011977 munmap(0xb7f61000, 1624) = 0
8663  14:40:03.011997 close(5)          = 0
8663  14:40:03.012024 setgroups32(0, []) = 0
8663  14:40:03.012043 chdir("/usr/share/empty") = 0
8663  14:40:03.012064 chroot(".")       = 0
8663  14:40:03.012082 capset(NULL, NULL) = -1 EFAULT (Bad address)
8663  14:40:03.012105 prctl(0x8, 0, 0xbfa204c8, 0x80549a6, 0xbfa204b0) = 0
8663  14:40:03.012136 prctl(0x8, 0x1, 0xbfa204c8, 0x8054a49, 0xbfa204b0) = 0
8663  14:40:03.012158 setgid32(65534)   = 0
8663  14:40:03.012174 setuid32(65534)   = 0
8663  14:40:03.012190 capset(0x19980330, 0, {CAP_NET_BIND_SERVICE, CAP_NET_BIND_SERVICE, 0}) = 0
8663  14:40:03.012214 read(4, "\n", 1)  = 1
8663  14:40:03.012237 write(4, "\1", 1) = 1
8665  14:40:03.012256 <... read resumed> "\1", 1) = 1
8665  14:40:03.012268 write(5, "\f", 1) = 1
8665  14:40:03.012285 read(5,  <unfinished ...>
8663  14:40:03.012296 read(4, "\f", 1)  = 1
8663  14:40:03.012318 socket(PF_INET, SOCK_STREAM, IPPROTO_TCP) = 5
8663  14:40:03.012341 setsockopt(5, SOL_SOCKET, SO_REUSEADDR, [1], 4) = 0
8663  14:40:03.012360 gettimeofday({1495651203, 12366}, NULL) = 0
8663  14:40:03.012387 bind(5, {sa_family=AF_INET, sin_port=htons(9580), sin_addr=inet_addr("127.0.0.1")}, 16) = 0
8663  14:40:03.012413 listen(5, 1)      = 0
8663  14:40:03.012435 write(4, "l%\0\0", 4) = 4
8665  14:40:03.012453 <... read resumed> "l%\0\0", 4) = 4
8665  14:40:03.012476 write(0, "227 Entering Passive Mode (127,0,0,1,37,108).\r\n", 47) = 47
8665  14:40:03.012650 rt_sigaction(SIGALRM, {0x805cad0, ~[RTMIN RT_1], 0}, NULL, 8) = 0
8665  14:40:03.012680 alarm(300)        = 300
8665  14:40:03.012699 recv(0, "STOR myfile2\r\n", 4096, MSG_PEEK) = 14
8665  14:40:03.012720 read(0, "STOR myfile2\r\n", 14) = 14
8665  14:40:03.012745 write(5, "\v", 1) = 1
8665  14:40:03.012764 read(5,  <unfinished ...>
8663  14:40:03.012775 read(4, "\v", 1)  = 1
8663  14:40:03.012794 write(4, "\1\0\0\0", 4) = 4
8665  14:40:03.012811 <... read resumed> "\1\0\0\0", 4) = 4
8665  14:40:03.012826 gettimeofday({1495651203, 12832}, NULL) = 0
8665  14:40:03.012844 getcwd("/home/msfadmin", 4096) = 15
8665  14:40:03.012865 open("myfile2", O_WRONLY|O_CREAT|O_NONBLOCK|O_LARGEFILE, 0666) = 4
8665  14:40:03.012892 fstat64(4, {st_mode=S_IFREG|0644, st_size=17, ...}) = 0
8665  14:40:03.012921 fcntl64(4, F_GETFL) = 0x8801 (flags O_WRONLY|O_NONBLOCK|O_LARGEFILE)
8665  14:40:03.012939 fcntl64(4, F_SETFL, O_WRONLY|O_LARGEFILE) = 0
8665  14:40:03.012955 fcntl64(4, F_SETLKW64, {type=F_WRLCK, whence=SEEK_SET, start=0, len=0}, 0xbfa20414) = 0
8665  14:40:03.012981 ftruncate64(4, 0) = 0
8665  14:40:03.013010 _llseek(4, 0, [0], SEEK_SET) = 0
8665  14:40:03.013028 write(5, "\v", 1) = 1
8665  14:40:03.013045 read(5,  <unfinished ...>
8663  14:40:03.013057 read(4, "\v", 1)  = 1
8663  14:40:03.013075 write(4, "\1\0\0\0", 4) = 4
8665  14:40:03.013113 <... read resumed> "\1\0\0\0", 4) = 4
8665  14:40:03.013129 write(5, "\v", 1) = 1
8665  14:40:03.013146 read(5,  <unfinished ...>
8663  14:40:03.013157 read(4, "\v", 1)  = 1
8663  14:40:03.013175 write(4, "\1\0\0\0", 4) = 4
8665  14:40:03.013192 <... read resumed> "\1\0\0\0", 4) = 4
8665  14:40:03.013204 write(5, "\r", 1) = 1
8665  14:40:03.013221 read(5,  <unfinished ...>
8663  14:40:03.013232 read(4, "\r", 1)  = 1
8663  14:40:03.013253 select(6, [5], NULL, NULL, {60, 0}) = 1 (in [5], left {60, 0})
8663  14:40:03.013281 accept(5, {sa_family=AF_INET, sin_port=htons(49706), sin_addr=inet_addr("127.0.0.1")}, [16]) = 6
8663  14:40:03.013318 write(4, "\1", 1) = 1
8665  14:40:03.013335 <... read resumed> "\1", 1) = 1
8665  14:40:03.013350 recvmsg(5,  <unfinished ...>
8663  14:40:03.013366 sendmsg(4, {msg_name(0)=NULL, msg_iov(1)=[{"\0", 1}], msg_controllen=16, {cmsg_len=16, cmsg_level=SOL_SOCKET, cmsg_type=SCM_RIGHTS, {6}}, msg_flags=0}, 0) = 1
8665  14:40:03.013394 <... recvmsg resumed> {msg_name(0)=NULL, msg_iov(1)=[{"\0", 1}], msg_controllen=16, {cmsg_len=16, cmsg_level=SOL_SOCKET, cmsg_type=SCM_RIGHTS, {6}}, msg_flags=0}, 0) = 1
8665  14:40:03.013416 setsockopt(6, SOL_SOCKET, SO_KEEPALIVE, [1], 4) = 0
8665  14:40:03.013436 setsockopt(6, SOL_IP, IP_TOS, [8], 4) = 0
8665  14:40:03.013455 setsockopt(6, SOL_SOCKET, SO_LINGER, {onoff=1, linger=32767}, 8) = 0
8665  14:40:03.013474 rt_sigaction(SIGALRM, {0x805cad0, ~[RTMIN RT_1], 0}, NULL, 8) = 0
8665  14:40:03.013496 alarm(300)        = 300
8665  14:40:03.013517 write(0, "150 Ok to send data.\r\n", 22) = 22
8665  14:40:03.013621 mmap2(NULL, 77824, PROT_READ|PROT_WRITE, MAP_PRIVATE|MAP_ANONYMOUS, -1, 0) = 0xb7d96000
8665  14:40:03.013644 mprotect(0xb7da8000, 4096, PROT_NONE) = 0
8665  14:40:03.013664 mprotect(0xb7d96000, 4096, PROT_NONE) = 0
8665  14:40:03.013681 read(6, "assasaaa\na\na\na\na\n", 65536) = 17
8665  14:40:03.013703 write(4, "assasaaa\na\na\na\na\n", 17) = 17
8665  14:40:03.013730 read(6, "", 65536) = 0
8665  14:40:03.013748 rt_sigaction(SIGALRM, {0x805cad0, ~[RTMIN RT_1], 0}, NULL, 8) = 0
8665  14:40:03.013770 alarm(300)        = 300
8665  14:40:03.013787 close(6)          = 0
8665  14:40:03.013802 alarm(0)          = 300
8665  14:40:03.013818 gettimeofday({1495651203, 13824}, NULL) = 0
8665  14:40:03.013847 getpid()          = 8665
8665  14:40:03.013868 gettimeofday({1495651203, 13874}, NULL) = 0
8665  14:40:03.013896 fcntl64(3, F_SETLKW64, {type=F_WRLCK, whence=SEEK_SET, start=0, len=0}, 0xbfa203b4) = 0
8665  14:40:03.013921 write(3, "Wed May 24 14:40:03 2017 [pid 8665] [msfadmin] OK UPLOAD: Client \"127.0.0.1\", \"/home/msfadmin/myfile2\", 17 bytes, 15.93Kbyte/sec\n", 129) = 129
8665  14:40:03.013954 fcntl64(3, F_SETLK64, {type=F_UNLCK, whence=SEEK_SET, start=0, len=0}, 0xbfa203bc) = 0
8665  14:40:03.013977 write(0, "226 Transfer complete.\r\n", 24) = 24
8665  14:40:03.014042 write(5, "\n", 1) = 1
8665  14:40:03.014076 read(5,  <unfinished ...>
8663  14:40:03.014090 close(6)          = 0
8663  14:40:03.014122 read(4, "\n", 1)  = 1
8663  14:40:03.014143 close(5)          = 0
8663  14:40:03.014160 write(4, "\1", 1) = 1
8665  14:40:03.014178 <... read resumed> "\1", 1) = 1
8665  14:40:03.014190 close(4)          = 0
8665  14:40:03.014208 rt_sigaction(SIGALRM, {0x805cad0, ~[RTMIN RT_1], 0}, NULL, 8) = 0
8665  14:40:03.014230 alarm(300)        = 0
8665  14:40:03.014249 recv(0,  <unfinished ...>
8663  14:40:03.014268 read(4,  <unfinished ...>
8665  14:40:03.546545 <... recv resumed> "TYPE I\r\n", 4096, MSG_PEEK) = 8
8665  14:40:03.546747 read(0, "TYPE I\r\n", 8) = 8
8665  14:40:03.546948 write(0, "200 Switching to Binary mode.\r\n", 31) = 31
8665  14:40:03.547451 rt_sigaction(SIGALRM, {0x805cad0, ~[RTMIN RT_1], 0}, NULL, 8) = 0
8665  14:40:03.547533 alarm(300)        = 299
8665  14:40:03.547588 recv(0, "PASV\r\n", 4096, MSG_PEEK) = 6
8665  14:40:03.547640 read(0, "PASV\r\n", 6) = 6
8665  14:40:03.547711 write(5, "\n", 1) = 1
8665  14:40:03.547768 read(5,  <unfinished ...>
8663  14:40:03.547819 <... read resumed> "\n", 1) = 1
8663  14:40:03.547859 write(4, "\1", 1) = 1
8665  14:40:03.547907 <... read resumed> "\1", 1) = 1
8665  14:40:03.547939 write(5, "\f", 1) = 1
8665  14:40:03.547945 read(5,  <unfinished ...>
8663  14:40:03.547945 read(4, "\f", 1)  = 1
8663  14:40:03.547992 socket(PF_INET, SOCK_STREAM, IPPROTO_TCP) = 5
8663  14:40:03.548053 setsockopt(5, SOL_SOCKET, SO_REUSEADDR, [1], 4) = 0
8663  14:40:03.548112 bind(5, {sa_family=AF_INET, sin_port=htons(64120), sin_addr=inet_addr("127.0.0.1")}, 16) = 0
8663  14:40:03.548177 listen(5, 1)      = 0
8663  14:40:03.548234 write(4, "x\372\0\0", 4) = 4
8665  14:40:03.548282 <... read resumed> "x\372\0\0", 4) = 4
8665  14:40:03.548336 write(0, "227 Entering Passive Mode (127,0,0,1,250,120).\r\n", 48) = 48
8665  14:40:03.548749 rt_sigaction(SIGALRM, {0x805cad0, ~[RTMIN RT_1], 0}, NULL, 8) = 0
8665  14:40:03.548823 alarm(300)        = 300
8665  14:40:03.548921 recv(0, "STOR myfile3\r\n", 4096, MSG_PEEK) = 14
8665  14:40:03.548989 read(0, "STOR myfile3\r\n", 14) = 14
8665  14:40:03.549048 write(5, "\v", 1) = 1
8665  14:40:03.549095 read(5,  <unfinished ...>
8663  14:40:03.549126 read(4, "\v", 1)  = 1
8663  14:40:03.549176 write(4, "\1\0\0\0", 4) = 4
8665  14:40:03.549222 <... read resumed> "\1\0\0\0", 4) = 4
8665  14:40:03.549255 gettimeofday({1495651203, 549271}, NULL) = 0
8665  14:40:03.549303 getcwd("/home/msfadmin", 4096) = 15
8665  14:40:03.549356 open("myfile3", O_WRONLY|O_CREAT|O_NONBLOCK|O_LARGEFILE, 0666) = 4
8665  14:40:03.549414 fstat64(4, {st_mode=S_IFREG|0644, st_size=17, ...}) = 0
8665  14:40:03.549488 fcntl64(4, F_GETFL) = 0x8801 (flags O_WRONLY|O_NONBLOCK|O_LARGEFILE)
8665  14:40:03.549536 fcntl64(4, F_SETFL, O_WRONLY|O_LARGEFILE) = 0
8665  14:40:03.549580 fcntl64(4, F_SETLKW64, {type=F_WRLCK, whence=SEEK_SET, start=0, len=0}, 0xbfa20414) = 0
8665  14:40:03.549638 ftruncate64(4, 0) = 0
8665  14:40:03.549714 _llseek(4, 0, [0], SEEK_SET) = 0
8665  14:40:03.549762 write(5, "\v", 1) = 1
8665  14:40:03.549807 read(5,  <unfinished ...>
8663  14:40:03.549875 read(4, "\v", 1)  = 1
8663  14:40:03.549934 write(4, "\1\0\0\0", 4) = 4
8665  14:40:03.549981 <... read resumed> "\1\0\0\0", 4) = 4
8665  14:40:03.550014 write(5, "\v", 1) = 1
8665  14:40:03.550057 read(5,  <unfinished ...>
8663  14:40:03.550085 read(4, "\v", 1)  = 1
8663  14:40:03.550132 write(4, "\1\0\0\0", 4) = 4
8665  14:40:03.550177 <... read resumed> "\1\0\0\0", 4) = 4
8665  14:40:03.550209 write(5, "\r", 1) = 1
8665  14:40:03.550252 read(5,  <unfinished ...>
8663  14:40:03.550280 read(4, "\r", 1)  = 1
8663  14:40:03.550330 select(6, [5], NULL, NULL, {60, 0}) = 1 (in [5], left {60, 0})
8663  14:40:03.550400 accept(5, {sa_family=AF_INET, sin_port=htons(57690), sin_addr=inet_addr("127.0.0.1")}, [16]) = 6
8663  14:40:03.550495 write(4, "\1", 1) = 1
8665  14:40:03.550540 <... read resumed> "\1", 1) = 1
8665  14:40:03.550577 recvmsg(5,  <unfinished ...>
8663  14:40:03.550613 sendmsg(4, {msg_name(0)=NULL, msg_iov(1)=[{"\0", 1}], msg_controllen=16, {cmsg_len=16, cmsg_level=SOL_SOCKET, cmsg_type=SCM_RIGHTS, {6}}, msg_flags=0}, 0) = 1
8665  14:40:03.550686 <... recvmsg resumed> {msg_name(0)=NULL, msg_iov(1)=[{"\0", 1}], msg_controllen=16, {cmsg_len=16, cmsg_level=SOL_SOCKET, cmsg_type=SCM_RIGHTS, {6}}, msg_flags=0}, 0) = 1
8665  14:40:03.550743 setsockopt(6, SOL_SOCKET, SO_KEEPALIVE, [1], 4) = 0
8665  14:40:03.550825 setsockopt(6, SOL_IP, IP_TOS, [8], 4) = 0
8665  14:40:03.550890 setsockopt(6, SOL_SOCKET, SO_LINGER, {onoff=1, linger=32767}, 8) = 0
8665  14:40:03.550960 rt_sigaction(SIGALRM, {0x805cad0, ~[RTMIN RT_1], 0}, NULL, 8) = 0
8665  14:40:03.551020 alarm(300)        = 300
8665  14:40:03.551076 write(0, "150 Ok to send data.\r\n", 22) = 22
8665  14:40:03.551342 read(6, "assasaaa\na\na\na\na\n", 65536) = 17
8665  14:40:03.551405 write(4, "assasaaa\na\na\na\na\n", 17) = 17
8665  14:40:03.551473 read(6, "", 65536) = 0
8665  14:40:03.551519 rt_sigaction(SIGALRM, {0x805cad0, ~[RTMIN RT_1], 0}, NULL, 8) = 0
8665  14:40:03.551577 alarm(300)        = 300
8665  14:40:03.551620 close(6)          = 0
8665  14:40:03.551661 alarm(0)          = 300
8665  14:40:03.551702 gettimeofday({1495651203, 551719}, NULL) = 0
8665  14:40:03.551825 gettimeofday({1495651203, 551867}, NULL) = 0
8665  14:40:03.551929 fcntl64(3, F_SETLKW64, {type=F_WRLCK, whence=SEEK_SET, start=0, len=0}, 0xbfa203b4) = 0
8665  14:40:03.552001 write(3, "Wed May 24 14:40:03 2017 [pid 8665] [msfadmin] OK UPLOAD: Client \"127.0.0.1\", \"/home/msfadmin/myfile3\", 17 bytes, 6.40Kbyte/sec\n", 128) = 128
8665  14:40:03.552087 fcntl64(3, F_SETLK64, {type=F_UNLCK, whence=SEEK_SET, start=0, len=0}, 0xbfa203bc) = 0
8665  14:40:03.552164 write(0, "226 Transfer complete.\r\n", 24) = 24
8665  14:40:03.552356 write(5, "\n", 1) = 1
8665  14:40:03.552408 read(5,  <unfinished ...>
8663  14:40:03.552440 close(6)          = 0
8663  14:40:03.552519 read(4, "\n", 1)  = 1
8663  14:40:03.552570 close(5)          = 0
8663  14:40:03.552617 write(4, "\1", 1) = 1
8665  14:40:03.552663 <... read resumed> "\1", 1) = 1
8665  14:40:03.552694 close(4)          = 0
8665  14:40:03.552825 rt_sigaction(SIGALRM, {0x805cad0, ~[RTMIN RT_1], 0}, NULL, 8) = 0
8665  14:40:03.552890 alarm(300)        = 0
8665  14:40:03.552941 recv(0,  <unfinished ...>
8663  14:40:03.552978 read(4,  <unfinished ...>
8665  14:40:04.075691 <... recv resumed> "TYPE I\r\n", 4096, MSG_PEEK) = 8
8665  14:40:04.075781 read(0, "TYPE I\r\n", 8) = 8
8665  14:40:04.075864 write(0, "200 Switching to Binary mode.\r\n", 31) = 31
8665  14:40:04.076045 rt_sigaction(SIGALRM, {0x805cad0, ~[RTMIN RT_1], 0}, NULL, 8) = 0
8665  14:40:04.076193 alarm(300)        = 299
8665  14:40:04.076255 recv(0, "PASV\r\n", 4096, MSG_PEEK) = 6
8665  14:40:04.076309 read(0, "PASV\r\n", 6) = 6
8665  14:40:04.076363 write(5, "\n", 1) = 1
8665  14:40:04.076415 read(5,  <unfinished ...>
8663  14:40:04.076448 <... read resumed> "\n", 1) = 1
8663  14:40:04.076485 write(4, "\1", 1) = 1
8665  14:40:04.076532 <... read resumed> "\1", 1) = 1
8665  14:40:04.076563 write(5, "\f", 1) = 1
8665  14:40:04.076607 read(5,  <unfinished ...>
8663  14:40:04.076637 read(4, "\f", 1)  = 1
8663  14:40:04.076689 socket(PF_INET, SOCK_STREAM, IPPROTO_TCP) = 5
8663  14:40:04.076750 setsockopt(5, SOL_SOCKET, SO_REUSEADDR, [1], 4) = 0
8663  14:40:04.076808 bind(5, {sa_family=AF_INET, sin_port=htons(8860), sin_addr=inet_addr("127.0.0.1")}, 16) = 0
8663  14:40:04.077001 listen(5, 1)      = 0
8663  14:40:04.077116 write(4, "\234\"\0\0", 4) = 4
8665  14:40:04.077184 <... read resumed> "\234\"\0\0", 4) = 4
8665  14:40:04.077239 write(0, "227 Entering Passive Mode (127,0,0,1,34,156).\r\n", 47) = 47
8665  14:40:04.077760 rt_sigaction(SIGALRM, {0x805cad0, ~[RTMIN RT_1], 0}, NULL, 8) = 0
8665  14:40:04.077837 alarm(300)        = 300
8665  14:40:04.077889 recv(0, "STOR myfile4\r\n", 4096, MSG_PEEK) = 14
8665  14:40:04.077943 read(0, "STOR myfile4\r\n", 14) = 14
8665  14:40:04.078076 write(5, "\v", 1) = 1
8665  14:40:04.078143 read(5,  <unfinished ...>
8663  14:40:04.078175 read(4, "\v", 1)  = 1
8663  14:40:04.078225 write(4, "\1\0\0\0", 4) = 4
8665  14:40:04.078272 <... read resumed> "\1\0\0\0", 4) = 4
8665  14:40:04.078306 gettimeofday({1495651204, 78322}, NULL) = 0
8665  14:40:04.078354 getcwd("/home/msfadmin", 4096) = 15
8665  14:40:04.078407 open("myfile4", O_WRONLY|O_CREAT|O_NONBLOCK|O_LARGEFILE, 0666) = 4
8665  14:40:04.078465 fstat64(4, {st_mode=S_IFREG|0644, st_size=17, ...}) = 0
8665  14:40:04.078539 fcntl64(4, F_GETFL) = 0x8801 (flags O_WRONLY|O_NONBLOCK|O_LARGEFILE)
8665  14:40:04.078587 fcntl64(4, F_SETFL, O_WRONLY|O_LARGEFILE) = 0
8665  14:40:04.078654 fcntl64(4, F_SETLKW64, {type=F_WRLCK, whence=SEEK_SET, start=0, len=0}, 0xbfa20414) = 0
8665  14:40:04.078714 ftruncate64(4, 0) = 0
8665  14:40:04.078783 _llseek(4, 0, [0], SEEK_SET) = 0
8665  14:40:04.078831 write(5, "\v", 1) = 1
8665  14:40:04.078876 read(5,  <unfinished ...>
8663  14:40:04.078907 read(4, "\v", 1)  = 1
8663  14:40:04.078956 write(4, "\1\0\0\0", 4) = 4
8665  14:40:04.079055 <... read resumed> "\1\0\0\0", 4) = 4
8665  14:40:04.079094 write(5, "\v", 1) = 1
8665  14:40:04.079137 read(5,  <unfinished ...>
8663  14:40:04.079167 read(4, "\v", 1)  = 1
8663  14:40:04.079214 write(4, "\1\0\0\0", 4) = 4
8665  14:40:04.079258 <... read resumed> "\1\0\0\0", 4) = 4
8665  14:40:04.079290 write(5, "\r", 1) = 1
8665  14:40:04.079333 read(5,  <unfinished ...>
8663  14:40:04.079362 read(4, "\r", 1)  = 1
8663  14:40:04.079412 select(6, [5], NULL, NULL, {60, 0}) = 1 (in [5], left {60, 0})
8663  14:40:04.079483 accept(5, {sa_family=AF_INET, sin_port=htons(32867), sin_addr=inet_addr("127.0.0.1")}, [16]) = 6
8663  14:40:04.079579 write(4, "\1", 1) = 1
8665  14:40:04.079624 <... read resumed> "\1", 1) = 1
8665  14:40:04.079661 recvmsg(5,  <unfinished ...>
8663  14:40:04.079697 sendmsg(4, {msg_name(0)=NULL, msg_iov(1)=[{"\0", 1}], msg_controllen=16, {cmsg_len=16, cmsg_level=SOL_SOCKET, cmsg_type=SCM_RIGHTS, {6}}, msg_flags=0}, 0) = 1
8665  14:40:04.079770 <... recvmsg resumed> {msg_name(0)=NULL, msg_iov(1)=[{"\0", 1}], msg_controllen=16, {cmsg_len=16, cmsg_level=SOL_SOCKET, cmsg_type=SCM_RIGHTS, {6}}, msg_flags=0}, 0) = 1
8665  14:40:04.079827 setsockopt(6, SOL_SOCKET, SO_KEEPALIVE, [1], 4) = 0
8665  14:40:04.079880 setsockopt(6, SOL_IP, IP_TOS, [8], 4) = 0
8665  14:40:04.079933 setsockopt(6, SOL_SOCKET, SO_LINGER, {onoff=1, linger=32767}, 8) = 0
8665  14:40:04.080097 rt_sigaction(SIGALRM, {0x805cad0, ~[RTMIN RT_1], 0}, NULL, 8) = 0
8665  14:40:04.080160 alarm(300)        = 300
8665  14:40:04.080219 write(0, "150 Ok to send data.\r\n", 22) = 22
8665  14:40:04.080501 read(6, "assasaaa\na\na\na\na\n", 65536) = 17
8665  14:40:04.080564 write(4, "assasaaa\na\na\na\na\n", 17) = 17
8665  14:40:04.080635 read(6, "", 65536) = 0
8665  14:40:04.080681 rt_sigaction(SIGALRM, {0x805cad0, ~[RTMIN RT_1], 0}, NULL, 8) = 0
8665  14:40:04.080740 alarm(300)        = 300
8665  14:40:04.080784 close(6)          = 0
8665  14:40:04.080824 alarm(0)          = 300
8665  14:40:04.080865 gettimeofday({1495651204, 80881}, NULL) = 0
8665  14:40:04.080982 gettimeofday({1495651204, 81009}, NULL) = 0
8665  14:40:04.081050 fcntl64(3, F_SETLKW64, {type=F_WRLCK, whence=SEEK_SET, start=0, len=0}, 0xbfa203b4) = 0
8665  14:40:04.081115 write(3, "Wed May 24 14:40:04 2017 [pid 8665] [msfadmin] OK UPLOAD: Client \"127.0.0.1\", \"/home/msfadmin/myfile4\", 17 bytes, 6.18Kbyte/sec\n", 128) = 128
8665  14:40:04.081201 fcntl64(3, F_SETLK64, {type=F_UNLCK, whence=SEEK_SET, start=0, len=0}, 0xbfa203bc) = 0
8665  14:40:04.081265 write(0, "226 Transfer complete.\r\n", 24) = 24
8665  14:40:04.081442 write(5, "\n", 1) = 1
8665  14:40:04.081495 read(5,  <unfinished ...>
8663  14:40:04.081526 close(6)          = 0
8663  14:40:04.081605 read(4, "\n", 1)  = 1
8663  14:40:04.081655 close(5)          = 0
8663  14:40:04.081702 write(4, "\1", 1) = 1
8665  14:40:04.081748 <... read resumed> "\1", 1) = 1
8665  14:40:04.081778 close(4)          = 0
8665  14:40:04.081825 rt_sigaction(SIGALRM, {0x805cad0, ~[RTMIN RT_1], 0}, NULL, 8) = 0
8665  14:40:04.081940 alarm(300)        = 0
8665  14:40:04.082004 recv(0,  <unfinished ...>
8663  14:40:04.082040 read(4,  <unfinished ...>
8665  14:40:04.615606 <... recv resumed> "TYPE I\r\n", 4096, MSG_PEEK) = 8
8665  14:40:04.615695 read(0, "TYPE I\r\n", 8) = 8
8665  14:40:04.615777 write(0, "200 Switching to Binary mode.\r\n", 31) = 31
8665  14:40:04.615957 rt_sigaction(SIGALRM, {0x805cad0, ~[RTMIN RT_1], 0}, NULL, 8) = 0
8665  14:40:04.616030 alarm(300)        = 299
8665  14:40:04.616164 recv(0, "PASV\r\n", 4096, MSG_PEEK) = 6
8665  14:40:04.616222 read(0, "PASV\r\n", 6) = 6
8665  14:40:04.616299 write(5, "\n", 1) = 1
8663  14:40:04.616354 <... read resumed> "\n", 1) = 1
8665  14:40:04.616386 read(5,  <unfinished ...>
8663  14:40:04.616415 write(4, "\1", 1) = 1
8665  14:40:04.616464 <... read resumed> "\1", 1) = 1
8663  14:40:04.616495 read(4,  <unfinished ...>
8665  14:40:04.616522 write(5, "\f", 1) = 1
8663  14:40:04.616566 <... read resumed> "\f", 1) = 1
8665  14:40:04.616596 read(5,  <unfinished ...>
8663  14:40:04.616627 socket(PF_INET, SOCK_STREAM, IPPROTO_TCP) = 5
8663  14:40:04.616690 setsockopt(5, SOL_SOCKET, SO_REUSEADDR, [1], 4) = 0
