10122 14:54:52.874697 mmap2(NULL, 1624, PROT_READ, MAP_SHARED, 4, 0) = 0xb7f6f000
10122 14:54:52.874723 _llseek(4, 1624, [1624], SEEK_SET) = 0
10122 14:54:52.874774 munmap(0xb7f6f000, 1624) = 0
10122 14:54:52.874800 close(4)          = 0
10122 14:54:52.874830 getuid32()        = 0
10122 14:54:52.874853 open("/etc/passwd", O_RDONLY|0x80000 /* O_??? */) = 4
10122 14:54:52.874881 _llseek(4, 0, [0], SEEK_CUR) = 0
10122 14:54:52.874904 fstat64(4, {st_mode=S_IFREG|0644, st_size=1624, ...}) = 0
10122 14:54:52.874939 mmap2(NULL, 1624, PROT_READ, MAP_SHARED, 4, 0) = 0xb7f6f000
10122 14:54:52.874964 _llseek(4, 1624, [1624], SEEK_SET) = 0
10122 14:54:52.874999 munmap(0xb7f6f000, 1624) = 0
10122 14:54:52.875021 close(4)          = 0
10122 14:54:52.875101 open("/proc/sys/kernel/ngroups_max", O_RDONLY) = 4
10122 14:54:52.875149 read(4, "65536\n", 31) = 6
10122 14:54:52.875176 close(4)          = 0
10122 14:54:52.875208 socket(PF_FILE, SOCK_STREAM, 0) = 4
10122 14:54:52.875234 fcntl64(4, F_SETFL, O_RDWR|O_NONBLOCK) = 0
10122 14:54:52.875259 connect(4, {sa_family=AF_FILE, path="/var/run/nscd/socket"}, 110) = -1 ENOENT (No such file or directory)
10122 14:54:52.875308 close(4)          = 0
10122 14:54:52.875344 socket(PF_FILE, SOCK_STREAM, 0) = 4
10122 14:54:52.875379 fcntl64(4, F_SETFL, O_RDWR|O_NONBLOCK) = 0
10122 14:54:52.875408 connect(4, {sa_family=AF_FILE, path="/var/run/nscd/socket"}, 110) = -1 ENOENT (No such file or directory)
10122 14:54:52.875450 close(4)          = 0
10122 14:54:52.875509 open("/etc/group", O_RDONLY|0x80000 /* O_??? */) = 4
10122 14:54:52.875541 _llseek(4, 0, [0], SEEK_CUR) = 0
10122 14:54:52.875564 fstat64(4, {st_mode=S_IFREG|0644, st_size=886, ...}) = 0
10122 14:54:52.875601 mmap2(NULL, 886, PROT_READ, MAP_SHARED, 4, 0) = 0xb7f6f000
10122 14:54:52.875626 _llseek(4, 886, [886], SEEK_SET) = 0
10122 14:54:52.875681 fstat64(4, {st_mode=S_IFREG|0644, st_size=886, ...}) = 0
10122 14:54:52.875718 munmap(0xb7f6f000, 886) = 0
10122 14:54:52.875741 close(4)          = 0
10122 14:54:52.875763 setgroups32(13, [1000, 4, 20, 24, 25, 29, 30, 44, 46, 107, 111, 112, 119]) = 0
10122 14:54:52.875799 geteuid32()       = 0
10122 14:54:52.875823 getegid32()       = 0
10122 14:54:52.875847 setregid32(-1, 1000) = 0
10122 14:54:52.875869 setreuid32(-1, 1000) = 0
10122 14:54:52.875893 chdir("/home/msfadmin") = 0
10122 14:54:52.875919 setreuid32(-1, 0) = 0
10122 14:54:52.875939 setregid32(-1, 0) = 0
10122 14:54:52.875962 setgid32(1000)    = 0
10122 14:54:52.875983 setuid32(1000)    = 0
10122 14:54:52.876005 setrlimit(RLIMIT_NPROC, {rlim_cur=0, rlim_max=0}) = 0
10122 14:54:52.876057 mmap2(NULL, 12288, PROT_READ|PROT_WRITE, MAP_PRIVATE|MAP_ANONYMOUS, -1, 0) = 0xb7f6d000
10122 14:54:52.876084 mprotect(0xb7f6f000, 4096, PROT_NONE) = 0
10122 14:54:52.876111 mprotect(0xb7f6d000, 4096, PROT_NONE) = 0
10122 14:54:52.876136 getcwd("/home/msfadmin", 4096) = 15
10122 14:54:52.876166 umask(022)        = 077
10122 14:54:52.876187 getcwd("/home/msfadmin", 4096) = 15
10122 14:54:52.876217 open(".message", O_RDONLY|O_NONBLOCK|O_LARGEFILE) = -1 ENOENT (No such file or directory)
10122 14:54:52.876267 write(0, "230 Login successful.\r\n", 23) = 23
10122 14:54:52.876463 rt_sigaction(SIGALRM, {0x805cad0, ~[RTMIN RT_1], 0}, NULL, 8) = 0
10122 14:54:52.876502 alarm(300)        = 0
10122 14:54:52.876526 mmap2(NULL, 12288, PROT_READ|PROT_WRITE, MAP_PRIVATE|MAP_ANONYMOUS, -1, 0) = 0xb7f6a000
10122 14:54:52.876561 mprotect(0xb7f6c000, 4096, PROT_NONE) = 0
10122 14:54:52.876587 mprotect(0xb7f6a000, 4096, PROT_NONE) = 0
10122 14:54:52.876616 recv(0, "TYPE I\r\n", 4096, MSG_PEEK) = 8
10122 14:54:52.876643 read(0, "TYPE I\r\n", 8) = 8
10122 14:54:52.876680 write(0, "200 Switching to Binary mode.\r\n", 31) = 31
10122 14:54:52.876764 rt_sigaction(SIGALRM, {0x805cad0, ~[RTMIN RT_1], 0}, NULL, 8) = 0
10122 14:54:52.876796 alarm(300)        = 300
10122 14:54:52.876821 recv(0, "PASV\r\n", 4096, MSG_PEEK) = 6
10122 14:54:52.876846 read(0, "PASV\r\n", 6) = 6
10122 14:54:52.876872 write(5, "\n", 1) = 1
10122 14:54:52.876896 read(5,  <unfinished ...>
10120 14:54:52.876924 close(5)          = 0
10120 14:54:52.876952 getuid32()        = 0
10120 14:54:52.876985 open("/etc/passwd", O_RDONLY|0x80000 /* O_??? */) = 5
10120 14:54:52.877039 _llseek(5, 0, [0], SEEK_CUR) = 0
10120 14:54:52.877067 fstat64(5, {st_mode=S_IFREG|0644, st_size=1624, ...}) = 0
10120 14:54:52.877106 mmap2(NULL, 1624, PROT_READ, MAP_SHARED, 5, 0) = 0xb7f6f000
10120 14:54:52.877132 _llseek(5, 1624, [1624], SEEK_SET) = 0
10120 14:54:52.877171 munmap(0xb7f6f000, 1624) = 0
10120 14:54:52.877197 close(5)          = 0
10120 14:54:52.877232 setgroups32(0, []) = 0
10120 14:54:52.877258 chdir("/usr/share/empty") = 0
10120 14:54:52.877285 chroot(".")       = 0
10120 14:54:52.877309 capset(NULL, NULL) = -1 EFAULT (Bad address)
10120 14:54:52.877338 prctl(0x8, 0, 0xbf8c8368, 0x80549a6, 0xbf8c8350) = 0
10120 14:54:52.877363 prctl(0x8, 0x1, 0xbf8c8368, 0x8054a49, 0xbf8c8350) = 0
10120 14:54:52.877385 setgid32(65534)   = 0
10120 14:54:52.877407 setuid32(65534)   = 0
10120 14:54:52.877428 capset(0x19980330, 0, {CAP_NET_BIND_SERVICE, CAP_NET_BIND_SERVICE, 0}) = 0
10120 14:54:52.877458 read(4, "\n", 1)  = 1
10120 14:54:52.877487 write(4, "\1", 1) = 1
10122 14:54:52.877511 <... read resumed> "\1", 1) = 1
10122 14:54:52.877527 write(5, "\f", 1) = 1
10122 14:54:52.877549 read(5,  <unfinished ...>
10120 14:54:52.877565 read(4, "\f", 1)  = 1
10120 14:54:52.877592 socket(PF_INET, SOCK_STREAM, IPPROTO_TCP) = 5
10120 14:54:52.877621 setsockopt(5, SOL_SOCKET, SO_REUSEADDR, [1], 4) = 0
10120 14:54:52.877647 gettimeofday({1495652092, 877655}, NULL) = 0
10120 14:54:52.877682 bind(5, {sa_family=AF_INET, sin_port=htons(27164), sin_addr=inet_addr("127.0.0.1")}, 16) = 0
10120 14:54:52.877716 listen(5, 1)      = 0
10120 14:54:52.877744 write(4, "\34j\0\0", 4) = 4
10122 14:54:52.877768 <... read resumed> "\34j\0\0", 4) = 4
10122 14:54:52.877798 write(0, "227 Entering Passive Mode (127,0,0,1,106,28).\r\n", 47) = 47
10122 14:54:52.878173 rt_sigaction(SIGALRM, {0x805cad0, ~[RTMIN RT_1], 0}, NULL, 8) = 0
10122 14:54:52.878212 alarm(300)        = 300
10122 14:54:52.878238 recv(0, "STOR myfile34\r\n", 4096, MSG_PEEK) = 15
10122 14:54:52.878265 read(0, "STOR myfile34\r\n", 15) = 15
10122 14:54:52.878298 write(5, "\v", 1) = 1
10122 14:54:52.878323 read(5,  <unfinished ...>
10120 14:54:52.878339 read(4, "\v", 1)  = 1
10120 14:54:52.878363 write(4, "\1\0\0\0", 4) = 4
10122 14:54:52.878387 <... read resumed> "\1\0\0\0", 4) = 4
10122 14:54:52.878406 gettimeofday({1495652092, 878414}, NULL) = 0
10122 14:54:52.878430 getcwd("/home/msfadmin", 4096) = 15
10122 14:54:52.878457 open("myfile34", O_WRONLY|O_CREAT|O_NONBLOCK|O_LARGEFILE, 0666) = 4
10122 14:54:52.878486 fstat64(4, {st_mode=S_IFREG|0644, st_size=17, ...}) = 0
10122 14:54:52.878523 fcntl64(4, F_GETFL) = 0x8801 (flags O_WRONLY|O_NONBLOCK|O_LARGEFILE)
10122 14:54:52.878547 fcntl64(4, F_SETFL, O_WRONLY|O_LARGEFILE) = 0
10122 14:54:52.878569 fcntl64(4, F_SETLKW64, {type=F_WRLCK, whence=SEEK_SET, start=0, len=0}, 0xbf8c82b4) = 0
10122 14:54:52.878602 ftruncate64(4, 0) = 0
10122 14:54:52.878644 _llseek(4, 0, [0], SEEK_SET) = 0
10122 14:54:52.878668 write(5, "\v", 1) = 1
10122 14:54:52.878690 read(5,  <unfinished ...>
10120 14:54:52.878706 read(4, "\v", 1)  = 1
10120 14:54:52.878730 write(4, "\1\0\0\0", 4) = 4
10122 14:54:52.878753 <... read resumed> "\1\0\0\0", 4) = 4
10122 14:54:52.878769 write(5, "\v", 1) = 1
10122 14:54:52.878791 read(5,  <unfinished ...>
10120 14:54:52.878805 read(4, "\v", 1)  = 1
10120 14:54:52.878837 write(4, "\1\0\0\0", 4) = 4
10122 14:54:52.878860 <... read resumed> "\1\0\0\0", 4) = 4
10122 14:54:52.878876 write(5, "\r", 1) = 1
10122 14:54:52.878898 read(5,  <unfinished ...>
10120 14:54:52.878912 read(4, "\r", 1)  = 1
10120 14:54:52.878939 select(6, [5], NULL, NULL, {60, 0}) = 1 (in [5], left {60, 0})
10120 14:54:52.878976 accept(5, {sa_family=AF_INET, sin_port=htons(38960), sin_addr=inet_addr("127.0.0.1")}, [16]) = 6
10120 14:54:52.879024 write(4, "\1", 1) = 1
10122 14:54:52.879081 <... read resumed> "\1", 1) = 1
10122 14:54:52.879107 recvmsg(5,  <unfinished ...>
10120 14:54:52.879129 sendmsg(4, {msg_name(0)=NULL, msg_iov(1)=[{"\0", 1}], msg_controllen=16, {cmsg_len=16, cmsg_level=SOL_SOCKET, cmsg_type=SCM_RIGHTS, {6}}, msg_flags=0}, 0) = 1
10122 14:54:52.879167 <... recvmsg resumed> {msg_name(0)=NULL, msg_iov(1)=[{"\0", 1}], msg_controllen=16, {cmsg_len=16, cmsg_level=SOL_SOCKET, cmsg_type=SCM_RIGHTS, {6}}, msg_flags=0}, 0) = 1
10122 14:54:52.879196 setsockopt(6, SOL_SOCKET, SO_KEEPALIVE, [1], 4) = 0
10122 14:54:52.879223 setsockopt(6, SOL_IP, IP_TOS, [8], 4) = 0
10122 14:54:52.879248 setsockopt(6, SOL_SOCKET, SO_LINGER, {onoff=1, linger=32767}, 8) = 0
10122 14:54:52.879273 rt_sigaction(SIGALRM, {0x805cad0, ~[RTMIN RT_1], 0}, NULL, 8) = 0
10122 14:54:52.879302 alarm(300)        = 300
10122 14:54:52.879331 write(0, "150 Ok to send data.\r\n", 22) = 22
10122 14:54:52.879467 mmap2(NULL, 77824, PROT_READ|PROT_WRITE, MAP_PRIVATE|MAP_ANONYMOUS, -1, 0) = 0xb7da4000
10122 14:54:52.879497 mprotect(0xb7db6000, 4096, PROT_NONE) = 0
10122 14:54:52.879524 mprotect(0xb7da4000, 4096, PROT_NONE) = 0
10122 14:54:52.879547 read(6, "assasaaa\na\na\na\na\n", 65536) = 17
10122 14:54:52.879576 write(4, "assasaaa\na\na\na\na\n", 17) = 17
10122 14:54:52.879611 read(6, "", 65536) = 0
10122 14:54:52.879634 rt_sigaction(SIGALRM, {0x805cad0, ~[RTMIN RT_1], 0}, NULL, 8) = 0
10122 14:54:52.879663 alarm(300)        = 300
10122 14:54:52.879685 close(6)          = 0
10122 14:54:52.879705 alarm(0)          = 300
10122 14:54:52.879725 gettimeofday({1495652092, 879733}, NULL) = 0
10122 14:54:52.879764 getpid()          = 10122
10122 14:54:52.879791 gettimeofday({1495652092, 879799}, NULL) = 0
10122 14:54:52.879829 fcntl64(3, F_SETLKW64, {type=F_WRLCK, whence=SEEK_SET, start=0, len=0}, 0xbf8c8254) = 0
10122 14:54:52.879862 write(3, "Wed May 24 14:54:52 2017 [pid 10122] [msfadmin] OK UPLOAD: Client \"127.0.0.1\", \"/home/msfadmin/myfile34\", 17 bytes, 11.99Kbyte/sec\n", 131) = 131
10122 14:54:52.879905 fcntl64(3, F_SETLK64, {type=F_UNLCK, whence=SEEK_SET, start=0, len=0}, 0xbf8c825c) = 0
10122 14:54:52.879936 write(0, "226 Transfer complete.\r\n", 24) = 24
10122 14:54:52.880046 write(5, "\n", 1) = 1
10122 14:54:52.880075 read(5,  <unfinished ...>
10120 14:54:52.880091 close(6)          = 0
10120 14:54:52.880134 read(4, "\n", 1)  = 1
10120 14:54:52.880160 close(5)          = 0
10120 14:54:52.880184 write(4, "\1", 1) = 1
10122 14:54:52.880208 <... read resumed> "\1", 1) = 1
10122 14:54:52.880223 close(4)          = 0
10122 14:54:52.880246 rt_sigaction(SIGALRM, {0x805cad0, ~[RTMIN RT_1], 0}, NULL, 8) = 0
10122 14:54:52.880275 alarm(300)        = 0
10122 14:54:52.880299 recv(0,  <unfinished ...>
10120 14:54:52.880316 read(4,  <unfinished ...>
10122 14:54:53.406004 <... recv resumed> "TYPE I\r\n", 4096, MSG_PEEK) = 8
10122 14:54:53.406187 read(0, "TYPE I\r\n", 8) = 8
10122 14:54:53.406331 write(0, "200 Switching to Binary mode.\r\n", 31) = 31
10122 14:54:53.406582 rt_sigaction(SIGALRM, {0x805cad0, ~[RTMIN RT_1], 0}, NULL, 8) = 0
10122 14:54:53.406657 alarm(300)        = 299
10122 14:54:53.406710 recv(0, "PASV\r\n", 4096, MSG_PEEK) = 6
10122 14:54:53.406760 read(0, "PASV\r\n", 6) = 6
10122 14:54:53.406813 write(5, "\n", 1) = 1
10122 14:54:53.406865 read(5,  <unfinished ...>
10120 14:54:53.406897 <... read resumed> "\n", 1) = 1
10120 14:54:53.406934 write(4, "\1", 1) = 1
10122 14:54:53.406980 <... read resumed> "\1", 1) = 1
10122 14:54:53.407011 write(5, "\f", 1) = 1
10122 14:54:53.407055 read(5,  <unfinished ...>
10120 14:54:53.407108 read(4, "\f", 1)  = 1
10120 14:54:53.407162 socket(PF_INET, SOCK_STREAM, IPPROTO_TCP) = 5
10120 14:54:53.407223 setsockopt(5, SOL_SOCKET, SO_REUSEADDR, [1], 4) = 0
10120 14:54:53.407281 bind(5, {sa_family=AF_INET, sin_port=htons(29273), sin_addr=inet_addr("127.0.0.1")}, 16) = 0
10120 14:54:53.407392 listen(5, 1)      = 0
10120 14:54:53.407455 write(4, "Yr\0\0", 4) = 4
10122 14:54:53.407505 <... read resumed> "Yr\0\0", 4) = 4
10122 14:54:53.407558 write(0, "227 Entering Passive Mode (127,0,0,1,114,89).\r\n", 47) = 47
10122 14:54:53.407969 rt_sigaction(SIGALRM, {0x805cad0, ~[RTMIN RT_1], 0}, NULL, 8) = 0
10122 14:54:53.408042 alarm(300)        = 300
10122 14:54:53.408093 recv(0, "STOR myfile35\r\n", 4096, MSG_PEEK) = 15
10122 14:54:53.408146 read(0, "STOR myfile35\r\n", 15) = 15
10122 14:54:53.408205 write(5, "\v", 1) = 1
10122 14:54:53.408251 read(5,  <unfinished ...>
10120 14:54:53.408283 read(4, "\v", 1)  = 1
10120 14:54:53.408396 write(4, "\1\0\0\0", 4) = 4
10122 14:54:53.408449 <... read resumed> "\1\0\0\0", 4) = 4
10122 14:54:53.408483 gettimeofday({1495652093, 408499}, NULL) = 0
10122 14:54:53.408531 getcwd("/home/msfadmin", 4096) = 15
10122 14:54:53.408585 open("myfile35", O_WRONLY|O_CREAT|O_NONBLOCK|O_LARGEFILE, 0666) = 4
10122 14:54:53.408644 fstat64(4, {st_mode=S_IFREG|0644, st_size=17, ...}) = 0
10122 14:54:53.408719 fcntl64(4, F_GETFL) = 0x8801 (flags O_WRONLY|O_NONBLOCK|O_LARGEFILE)
10122 14:54:53.408768 fcntl64(4, F_SETFL, O_WRONLY|O_LARGEFILE) = 0
10122 14:54:53.408812 fcntl64(4, F_SETLKW64, {type=F_WRLCK, whence=SEEK_SET, start=0, len=0}, 0xbf8c82b4) = 0
10122 14:54:53.408871 ftruncate64(4, 0) = 0
10122 14:54:53.408942 _llseek(4, 0, [0], SEEK_SET) = 0
10122 14:54:53.408989 write(5, "\v", 1) = 1
10122 14:54:53.409035 read(5,  <unfinished ...>
10120 14:54:53.409066 read(4, "\v", 1)  = 1
10120 14:54:53.409114 write(4, "\1\0\0\0", 4) = 4
10122 14:54:53.409160 <... read resumed> "\1\0\0\0", 4) = 4
10122 14:54:53.409193 write(5, "\v", 1) = 1
10122 14:54:53.409235 read(5,  <unfinished ...>
10120 14:54:53.409297 read(4, "\v", 1)  = 1
10120 14:54:53.409359 write(4, "\1\0\0\0", 4) = 4
10122 14:54:53.409406 <... read resumed> "\1\0\0\0", 4) = 4
10122 14:54:53.409438 write(5, "\r", 1) = 1
10122 14:54:53.409482 read(5,  <unfinished ...>
10120 14:54:53.409511 read(4, "\r", 1)  = 1
10120 14:54:53.409562 select(6, [5], NULL, NULL, {60, 0}) = 1 (in [5], left {60, 0})
10120 14:54:53.409631 accept(5, {sa_family=AF_INET, sin_port=htons(60840), sin_addr=inet_addr("127.0.0.1")}, [16]) = 6
10120 14:54:53.409726 write(4, "\1", 1) = 1
10122 14:54:53.409773 <... read resumed> "\1", 1) = 1
10122 14:54:53.409810 recvmsg(5,  <unfinished ...>
10120 14:54:53.409846 sendmsg(4, {msg_name(0)=NULL, msg_iov(1)=[{"\0", 1}], msg_controllen=16, {cmsg_len=16, cmsg_level=SOL_SOCKET, cmsg_type=SCM_RIGHTS, {6}}, msg_flags=0}, 0) = 1
10122 14:54:53.409920 <... recvmsg resumed> {msg_name(0)=NULL, msg_iov(1)=[{"\0", 1}], msg_controllen=16, {cmsg_len=16, cmsg_level=SOL_SOCKET, cmsg_type=SCM_RIGHTS, {6}}, msg_flags=0}, 0) = 1
10122 14:54:53.409978 setsockopt(6, SOL_SOCKET, SO_KEEPALIVE, [1], 4) = 0
10122 14:54:53.410031 setsockopt(6, SOL_IP, IP_TOS, [8], 4) = 0
10122 14:54:53.410082 setsockopt(6, SOL_SOCKET, SO_LINGER, {onoff=1, linger=32767}, 8) = 0
10122 14:54:53.410131 rt_sigaction(SIGALRM, {0x805cad0, ~[RTMIN RT_1], 0}, NULL, 8) = 0
10122 14:54:53.410189 alarm(300)        = 300
10122 14:54:53.410283 write(0, "150 Ok to send data.\r\n", 22) = 22
10122 14:54:53.410606 read(6, "assasaaa\na\na\na\na\n", 65536) = 17
10122 14:54:53.410696 write(4, "assasaaa\na\na\na\na\n", 17) = 17
10122 14:54:53.410849 read(6, "", 65536) = 0
10122 14:54:53.410905 rt_sigaction(SIGALRM, {0x805cad0, ~[RTMIN RT_1], 0}, NULL, 8) = 0
10122 14:54:53.410967 alarm(300)        = 300
10122 14:54:53.411011 close(6)          = 0
10122 14:54:53.411051 alarm(0)          = 300
10122 14:54:53.411092 gettimeofday({1495652093, 411108}, NULL) = 0
10122 14:54:53.411155 gettimeofday({1495652093, 411230}, NULL) = 0
10122 14:54:53.411273 fcntl64(3, F_SETLKW64, {type=F_WRLCK, whence=SEEK_SET, start=0, len=0}, 0xbf8c8254) = 0
10122 14:54:53.411356 write(3, "Wed May 24 14:54:53 2017 [pid 10122] [msfadmin] OK UPLOAD: Client \"127.0.0.1\", \"/home/msfadmin/myfile35\", 17 bytes, 6.08Kbyte/sec\n", 130) = 130
10122 14:54:53.411444 fcntl64(3, F_SETLK64, {type=F_UNLCK, whence=SEEK_SET, start=0, len=0}, 0xbf8c825c) = 0
10122 14:54:53.411507 write(0, "226 Transfer complete.\r\n", 24) = 24
10122 14:54:53.411690 write(5, "\n", 1) = 1
10122 14:54:53.411744 read(5,  <unfinished ...>
10120 14:54:53.411775 close(6)          = 0
10120 14:54:53.411852 read(4, "\n", 1)  = 1
10120 14:54:53.411904 close(5)          = 0
10120 14:54:53.411951 write(4, "\1", 1) = 1
10122 14:54:53.411998 <... read resumed> "\1", 1) = 1
10122 14:54:53.412029 close(4)          = 0
10122 14:54:53.412075 rt_sigaction(SIGALRM, {0x805cad0, ~[RTMIN RT_1], 0}, NULL, 8) = 0
10122 14:54:53.412173 alarm(300)        = 0
10122 14:54:53.412240 recv(0,  <unfinished ...>
10120 14:54:53.412276 read(4,  <unfinished ...>
10122 14:54:53.923940 <... recv resumed> "TYPE I\r\n", 4096, MSG_PEEK) = 8
10122 14:54:53.924178 read(0, "TYPE I\r\n", 8) = 8
10122 14:54:53.924262 write(0, "200 Switching to Binary mode.\r\n", 31) = 31
10122 14:54:53.924510 rt_sigaction(SIGALRM, {0x805cad0, ~[RTMIN RT_1], 0}, NULL, 8) = 0
10122 14:54:53.924598 alarm(300)        = 299
10122 14:54:53.924650 recv(0, "PASV\r\n", 4096, MSG_PEEK) = 6
10122 14:54:53.924703 read(0, "PASV\r\n", 6) = 6
10122 14:54:53.924756 write(5, "\n", 1) = 1
10122 14:54:53.924807 read(5,  <unfinished ...>
10120 14:54:53.924840 <... read resumed> "\n", 1) = 1
10120 14:54:53.924876 write(4, "\1", 1) = 1
10122 14:54:53.924922 <... read resumed> "\1", 1) = 1
10122 14:54:53.925000 write(5, "\f", 1) = 1
10122 14:54:53.925055 read(5,  <unfinished ...>
10120 14:54:53.925087 read(4, "\f", 1)  = 1
10120 14:54:53.925140 socket(PF_INET, SOCK_STREAM, IPPROTO_TCP) = 5
10120 14:54:53.925202 setsockopt(5, SOL_SOCKET, SO_REUSEADDR, [1], 4) = 0
10120 14:54:53.925261 bind(5, {sa_family=AF_INET, sin_port=htons(57644), sin_addr=inet_addr("127.0.0.1")}, 16) = 0
10120 14:54:53.925326 listen(5, 1)      = 0
10120 14:54:53.925381 write(4, ",\341\0\0", 4) = 4
10122 14:54:53.925487 <... read resumed> ",\341\0\0", 4) = 4
10122 14:54:53.925555 write(0, "227 Entering Passive Mode (127,0,0,1,225,44).\r\n", 47) = 47
10122 14:54:53.926034 rt_sigaction(SIGALRM, {0x805cad0, ~[RTMIN RT_1], 0}, NULL, 8) = 0
10122 14:54:53.926110 alarm(300)        = 300
10122 14:54:53.926160 recv(0, "STOR myfile36\r\n", 4096, MSG_PEEK) = 15
10122 14:54:53.926215 read(0, "STOR myfile36\r\n", 15) = 15
10122 14:54:53.926275 write(5, "\v", 1) = 1
10122 14:54:53.926322 read(5,  <unfinished ...>
10120 14:54:53.926354 read(4, "\v", 1)  = 1
10120 14:54:53.926403 write(4, "\1\0\0\0", 4) = 4
10122 14:54:53.926521 <... read resumed> "\1\0\0\0", 4) = 4
10122 14:54:53.926564 gettimeofday({1495652093, 926580}, NULL) = 0
10122 14:54:53.926612 getcwd("/home/msfadmin", 4096) = 15
10122 14:54:53.926666 open("myfile36", O_WRONLY|O_CREAT|O_NONBLOCK|O_LARGEFILE, 0666) = 4
10122 14:54:53.926726 fstat64(4, {st_mode=S_IFREG|0644, st_size=17, ...}) = 0
10122 14:54:53.926801 fcntl64(4, F_GETFL) = 0x8801 (flags O_WRONLY|O_NONBLOCK|O_LARGEFILE)
10122 14:54:53.926850 fcntl64(4, F_SETFL, O_WRONLY|O_LARGEFILE) = 0
10122 14:54:53.926894 fcntl64(4, F_SETLKW64, {type=F_WRLCK, whence=SEEK_SET, start=0, len=0}, 0xbf8c82b4) = 0
10122 14:54:53.927002 ftruncate64(4, 0) = 0
10122 14:54:53.927079 _llseek(4, 0, [0], SEEK_SET) = 0
10122 14:54:53.927128 write(5, "\v", 1) = 1
10122 14:54:53.927174 read(5,  <unfinished ...>
10120 14:54:53.927207 read(4, "\v", 1)  = 1
10120 14:54:53.927256 write(4, "\1\0\0\0", 4) = 4
10122 14:54:53.927302 <... read resumed> "\1\0\0\0", 4) = 4
10122 14:54:53.927335 write(5, "\v", 1) = 1
10122 14:54:53.927378 read(5,  <unfinished ...>
10120 14:54:53.927407 read(4, "\v", 1)  = 1
10120 14:54:53.927508 write(4, "\1\0\0\0", 4) = 4
10122 14:54:53.927557 <... read resumed> "\1\0\0\0", 4) = 4
10122 14:54:53.927590 write(5, "\r", 1) = 1
10122 14:54:53.927633 read(5,  <unfinished ...>
10120 14:54:53.927684 read(4, "\r", 1)  = 1
10120 14:54:53.927737 select(6, [5], NULL, NULL, {60, 0}) = 1 (in [5], left {60, 0})
10120 14:54:53.927807 accept(5, {sa_family=AF_INET, sin_port=htons(35859), sin_addr=inet_addr("127.0.0.1")}, [16]) = 6
10120 14:54:53.927903 write(4, "\1", 1) = 1
10122 14:54:53.928003 <... read resumed> "\1", 1) = 1
10122 14:54:53.928044 recvmsg(5,  <unfinished ...>
10120 14:54:53.928082 sendmsg(4, {msg_name(0)=NULL, msg_iov(1)=[{"\0", 1}], msg_controllen=16, {cmsg_len=16, cmsg_level=SOL_SOCKET, cmsg_type=SCM_RIGHTS, {6}}, msg_flags=0}, 0) = 1
10122 14:54:53.928156 <... recvmsg resumed> {msg_name(0)=NULL, msg_iov(1)=[{"\0", 1}], msg_controllen=16, {cmsg_len=16, cmsg_level=SOL_SOCKET, cmsg_type=SCM_RIGHTS, {6}}, msg_flags=0}, 0) = 1
10122 14:54:53.928215 setsockopt(6, SOL_SOCKET, SO_KEEPALIVE, [1], 4) = 0
10122 14:54:53.928268 setsockopt(6, SOL_IP, IP_TOS, [8], 4) = 0
10122 14:54:53.928320 setsockopt(6, SOL_SOCKET, SO_LINGER, {onoff=1, linger=32767}, 8) = 0
10122 14:54:53.928369 rt_sigaction(SIGALRM, {0x805cad0, ~[RTMIN RT_1], 0}, NULL, 8) = 0
10122 14:54:53.928474 alarm(300)        = 300
10122 14:54:53.928534 write(0, "150 Ok to send data.\r\n", 22) = 22
10122 14:54:53.928803 read(6, "assasaaa\na\na\na\na\n", 65536) = 17
10122 14:54:53.928865 write(4, "assasaaa\na\na\na\na\n", 17) = 17
10122 14:54:53.929018 read(6, "", 65536) = 0
10122 14:54:53.929100 rt_sigaction(SIGALRM, {0x805cad0, ~[RTMIN RT_1], 0}, NULL, 8) = 0
10122 14:54:53.929192 alarm(300)        = 300
10122 14:54:53.929260 close(6)          = 0
10122 14:54:53.929325 alarm(0)          = 300
10122 14:54:53.929392 gettimeofday({1495652093, 929488}, NULL) = 0
10122 14:54:53.929560 gettimeofday({1495652093, 929581}, NULL) = 0
10122 14:54:53.929621 fcntl64(3, F_SETLKW64, {type=F_WRLCK, whence=SEEK_SET, start=0, len=0} <unfinished ...>
10120 14:54:53.929665 close(6)          = 0
10122 14:54:53.929750 <... fcntl64 resumed> , 0xbf8c8254) = 0
10122 14:54:53.929787 write(3, "Wed May 24 14:54:53 2017 [pid 10122] [msfadmin] OK UPLOAD: Client \"127.0.0.1\", \"/home/msfadmin/myfile36\", 17 bytes, 5.53Kbyte/sec\n", 130) = 130
10122 14:54:53.929875 fcntl64(3, F_SETLK64, {type=F_UNLCK, whence=SEEK_SET, start=0, len=0}, 0xbf8c825c) = 0
10122 14:54:53.929999 write(0, "226 Transfer complete.\r\n", 24 <unfinished ...>
10120 14:54:53.930043 read(4,  <unfinished ...>
10122 14:54:53.930195 <... write resumed> ) = 24
10122 14:54:53.930236 write(5, "\n", 1) = 1
10120 14:54:53.930286 <... read resumed> "\n", 1) = 1
10120 14:54:53.930317 close(5)          = 0
10120 14:54:53.930367 write(4, "\1", 1) = 1
10122 14:54:53.930472 read(5, "\1", 1)  = 1
10122 14:54:53.930526 close(4)          = 0
10122 14:54:53.930575 rt_sigaction(SIGALRM, {0x805cad0, ~[RTMIN RT_1], 0}, NULL, 8) = 0
10122 14:54:53.930634 alarm(300)        = 0
10120 14:54:53.930680 read(4,  <unfinished ...>
10122 14:54:53.930711 recv(0, "TYPE I\r\n", 4096, MSG_PEEK) = 8
10122 14:54:54.454794 read(0, "TYPE I\r\n", 8) = 8
10122 14:54:54.455070 write(0, "200 Switching to Binary mode.\r\n", 31) = 31
10122 14:54:54.455464 rt_sigaction(SIGALRM, {0x805cad0, ~[RTMIN RT_1], 0}, NULL, 8) = 0
10122 14:54:54.455588 alarm(300)        = 299
10122 14:54:54.455661 recv(0, "PASV\r\n", 4096, MSG_PEEK) = 6
10122 14:54:54.455713 read(0, "PASV\r\n", 6) = 6
10122 14:54:54.455766 write(5, "\n", 1) = 1
10120 14:54:54.455820 <... read resumed> "\n", 1) = 1
10120 14:54:54.455855 write(4, "\1", 1) = 1
10120 14:54:54.455902 read(4,  <unfinished ...>
10122 14:54:54.455933 read(5, "\1", 1)  = 1
10122 14:54:54.455983 write(5, "\f", 1) = 1
10120 14:54:54.456026 <... read resumed> "\f", 1) = 1
