11737 15:11:08.566580 --- SIGCHLD (Child exited) @ 0 (0) ---
11737 15:11:08.566599 sigreturn()       = ? (mask now [])
11737 15:11:08.566649 wait4(-1, [{WIFEXITED(s) && WEXITSTATUS(s) == 0}], 0, NULL) = 11738
11737 15:11:08.566682 close(4)          = 0
11737 15:11:08.566712 socketpair(PF_FILE, SOCK_STREAM, 0, [4, 5]) = 0
11737 15:11:08.566747 rt_sigaction(SIGCHLD, {0x805cad0, ~[RTMIN RT_1], 0}, NULL, 8) = 0
11737 15:11:08.566781 rt_sigaction(SIGALRM, {0x805cb10, ~[RTMIN RT_1], 0}, NULL, 8) = 0
11737 15:11:08.566815 clone(child_stack=0, flags=CLONE_CHILD_CLEARTID|CLONE_CHILD_SETTID|SIGCHLD, child_tidptr=0xb7dc76f8) = 11739
11739 15:11:08.566972 prctl(0x1, 0x9, 0, 0, 0) = 0
11739 15:11:08.567022 close(4)          = 0
11739 15:11:08.567096 open("/etc/passwd", O_RDONLY|0x80000 /* O_??? */) = 4
11739 15:11:08.567140 _llseek(4, 0, [0], SEEK_CUR) = 0
11739 15:11:08.567177 fstat64(4, {st_mode=S_IFREG|0644, st_size=1624, ...}) = 0
11739 15:11:08.567223 mmap2(NULL, 1624, PROT_READ, MAP_SHARED, 4, 0) = 0xb7f61000
11739 15:11:08.567252 _llseek(4, 1624, [1624], SEEK_SET) = 0
11739 15:11:08.567309 munmap(0xb7f61000, 1624) = 0
11739 15:11:08.567338 close(4)          = 0
11739 15:11:08.567371 getuid32()        = 0
11739 15:11:08.567402 open("/etc/passwd", O_RDONLY|0x80000 /* O_??? */) = 4
11739 15:11:08.567434 _llseek(4, 0, [0], SEEK_CUR) = 0
11739 15:11:08.567460 fstat64(4, {st_mode=S_IFREG|0644, st_size=1624, ...}) = 0
11739 15:11:08.567500 mmap2(NULL, 1624, PROT_READ, MAP_SHARED, 4, 0) = 0xb7f61000
11739 15:11:08.567527 _llseek(4, 1624, [1624], SEEK_SET) = 0
11739 15:11:08.567566 munmap(0xb7f61000, 1624) = 0
11739 15:11:08.567590 close(4)          = 0
11739 15:11:08.567655 open("/proc/sys/kernel/ngroups_max", O_RDONLY) = 4
11739 15:11:08.567709 read(4, "65536\n", 31) = 6
11739 15:11:08.567740 close(4)          = 0
11739 15:11:08.567775 socket(PF_FILE, SOCK_STREAM, 0) = 4
11739 15:11:08.567804 fcntl64(4, F_SETFL, O_RDWR|O_NONBLOCK) = 0
11739 15:11:08.567831 connect(4, {sa_family=AF_FILE, path="/var/run/nscd/socket"}, 110) = -1 ENOENT (No such file or directory)
11739 15:11:08.567884 close(4)          = 0
11739 15:11:08.567912 socket(PF_FILE, SOCK_STREAM, 0) = 4
11739 15:11:08.568005 fcntl64(4, F_SETFL, O_RDWR|O_NONBLOCK) = 0
11739 15:11:08.568031 connect(4, {sa_family=AF_FILE, path="/var/run/nscd/socket"}, 110) = -1 ENOENT (No such file or directory)
11739 15:11:08.568071 close(4)          = 0
11739 15:11:08.568123 open("/etc/group", O_RDONLY|0x80000 /* O_??? */) = 4
11739 15:11:08.568157 _llseek(4, 0, [0], SEEK_CUR) = 0
11739 15:11:08.568180 fstat64(4, {st_mode=S_IFREG|0644, st_size=886, ...}) = 0
11739 15:11:08.568213 mmap2(NULL, 886, PROT_READ, MAP_SHARED, 4, 0) = 0xb7f61000
11739 15:11:08.568236 _llseek(4, 886, [886], SEEK_SET) = 0
11739 15:11:08.568286 fstat64(4, {st_mode=S_IFREG|0644, st_size=886, ...}) = 0
11739 15:11:08.568321 munmap(0xb7f61000, 886) = 0
11739 15:11:08.568342 close(4)          = 0
11739 15:11:08.568362 setgroups32(13, [1000, 4, 20, 24, 25, 29, 30, 44, 46, 107, 111, 112, 119]) = 0
11739 15:11:08.568396 geteuid32()       = 0
11739 15:11:08.568418 getegid32()       = 0
11739 15:11:08.568440 setregid32(-1, 1000) = 0
11739 15:11:08.568465 setreuid32(-1, 1000) = 0
11739 15:11:08.568488 chdir("/home/msfadmin") = 0
11739 15:11:08.568512 setreuid32(-1, 0) = 0
11739 15:11:08.568531 setregid32(-1, 0) = 0
11739 15:11:08.568552 setgid32(1000)    = 0
11739 15:11:08.568573 setuid32(1000)    = 0
11739 15:11:08.568594 setrlimit(RLIMIT_NPROC, {rlim_cur=0, rlim_max=0}) = 0
11739 15:11:08.568621 mmap2(NULL, 12288, PROT_READ|PROT_WRITE, MAP_PRIVATE|MAP_ANONYMOUS, -1, 0) = 0xb7f5f000
11739 15:11:08.568645 mprotect(0xb7f61000, 4096, PROT_NONE) = 0
11739 15:11:08.568676 mprotect(0xb7f5f000, 4096, PROT_NONE) = 0
11739 15:11:08.568699 getcwd("/home/msfadmin", 4096) = 15
11739 15:11:08.568727 umask(022)        = 077
11739 15:11:08.568748 getcwd("/home/msfadmin", 4096) = 15
11739 15:11:08.568775 open(".message", O_RDONLY|O_NONBLOCK|O_LARGEFILE) = -1 ENOENT (No such file or directory)
11739 15:11:08.568822 write(0, "230 Login successful.\r\n", 23) = 23
11739 15:11:08.569044 rt_sigaction(SIGALRM, {0x805cad0, ~[RTMIN RT_1], 0}, NULL, 8) = 0
11739 15:11:08.569071 alarm(300)        = 0
11739 15:11:08.569088 mmap2(NULL, 12288, PROT_READ|PROT_WRITE, MAP_PRIVATE|MAP_ANONYMOUS, -1, 0) = 0xb7f5c000
11739 15:11:08.569105 mprotect(0xb7f5e000, 4096, PROT_NONE) = 0
11739 15:11:08.569121 mprotect(0xb7f5c000, 4096, PROT_NONE) = 0
11739 15:11:08.569149 recv(0, "TYPE I\r\n", 4096, MSG_PEEK) = 8
11739 15:11:08.569165 read(0, "TYPE I\r\n", 8) = 8
11739 15:11:08.569188 write(0, "200 Switching to Binary mode.\r\n", 31) = 31
11739 15:11:08.569265 rt_sigaction(SIGALRM, {0x805cad0, ~[RTMIN RT_1], 0}, NULL, 8) = 0
11739 15:11:08.569284 alarm(300)        = 300
11739 15:11:08.569298 recv(0, "PASV\r\n", 4096, MSG_PEEK) = 6
11739 15:11:08.569313 read(0, "PASV\r\n", 6) = 6
11739 15:11:08.569328 write(5, "\n", 1) = 1
11739 15:11:08.569343 read(5,  <unfinished ...>
11737 15:11:08.569359 close(5)          = 0
11737 15:11:08.569377 getuid32()        = 0
11737 15:11:08.569396 open("/etc/passwd", O_RDONLY|0x80000 /* O_??? */) = 5
11737 15:11:08.569415 _llseek(5, 0, [0], SEEK_CUR) = 0
11737 15:11:08.569431 fstat64(5, {st_mode=S_IFREG|0644, st_size=1624, ...}) = 0
11737 15:11:08.569454 mmap2(NULL, 1624, PROT_READ, MAP_SHARED, 5, 0) = 0xb7f61000
11737 15:11:08.569469 _llseek(5, 1624, [1624], SEEK_SET) = 0
11737 15:11:08.569491 munmap(0xb7f61000, 1624) = 0
11737 15:11:08.569507 close(5)          = 0
11737 15:11:08.569527 setgroups32(0, []) = 0
11737 15:11:08.569542 chdir("/usr/share/empty") = 0
11737 15:11:08.569558 chroot(".")       = 0
11737 15:11:08.569572 capset(NULL, NULL) = -1 EFAULT (Bad address)
11737 15:11:08.569590 prctl(0x8, 0, 0xbfc63f08, 0x80549a6, 0xbfc63ef0) = 0
11737 15:11:08.569604 prctl(0x8, 0x1, 0xbfc63f08, 0x8054a49, 0xbfc63ef0) = 0
11737 15:11:08.569617 setgid32(65534)   = 0
11737 15:11:08.569630 setuid32(65534)   = 0
11737 15:11:08.569642 capset(0x19980330, 0, {CAP_NET_BIND_SERVICE, CAP_NET_BIND_SERVICE, 0}) = 0
11737 15:11:08.569660 read(4, "\n", 1)  = 1
11737 15:11:08.569677 write(4, "\1", 1) = 1
11739 15:11:08.569692 <... read resumed> "\1", 1) = 1
11739 15:11:08.569701 write(5, "\f", 1) = 1
11739 15:11:08.569714 read(5,  <unfinished ...>
11737 15:11:08.569723 read(4, "\f", 1)  = 1
11737 15:11:08.569739 socket(PF_INET, SOCK_STREAM, IPPROTO_TCP) = 5
11737 15:11:08.569770 setsockopt(5, SOL_SOCKET, SO_REUSEADDR, [1], 4) = 0
11737 15:11:08.569787 gettimeofday({1495653068, 569802}, NULL) = 0
11737 15:11:08.569819 bind(5, {sa_family=AF_INET, sin_port=htons(23889), sin_addr=inet_addr("127.0.0.1")}, 16) = 0
11737 15:11:08.569840 listen(5, 1)      = 0
11737 15:11:08.569888 write(4, "Q]\0\0", 4) = 4
11739 15:11:08.569905 <... read resumed> "Q]\0\0", 4) = 4
11739 15:11:08.569922 write(0, "227 Entering Passive Mode (127,0,0,1,93,81).\r\n", 46) = 46
11739 15:11:08.570074 rt_sigaction(SIGALRM, {0x805cad0, ~[RTMIN RT_1], 0}, NULL, 8) = 0
11739 15:11:08.570107 alarm(300)        = 300
11739 15:11:08.570122 recv(0, "STOR myfile5\r\n", 4096, MSG_PEEK) = 14
11739 15:11:08.570138 read(0, "STOR myfile5\r\n", 14) = 14
11739 15:11:08.570157 write(5, "\v", 1) = 1
11739 15:11:08.570171 read(5,  <unfinished ...>
11737 15:11:08.570180 read(4, "\v", 1)  = 1
11737 15:11:08.570194 write(4, "\1\0\0\0", 4) = 4
11739 15:11:08.570208 <... read resumed> "\1\0\0\0", 4) = 4
11739 15:11:08.570219 gettimeofday({1495653068, 570224}, NULL) = 0
11739 15:11:08.570233 getcwd("/home/msfadmin", 4096) = 15
11739 15:11:08.570249 open("myfile5", O_WRONLY|O_CREAT|O_NONBLOCK|O_LARGEFILE, 0666) = 4
11739 15:11:08.570267 fstat64(4, {st_mode=S_IFREG|0644, st_size=17, ...}) = 0
11739 15:11:08.570288 fcntl64(4, F_GETFL) = 0x8801 (flags O_WRONLY|O_NONBLOCK|O_LARGEFILE)
11739 15:11:08.570308 fcntl64(4, F_SETFL, O_WRONLY|O_LARGEFILE) = 0
11739 15:11:08.570321 fcntl64(4, F_SETLKW64, {type=F_WRLCK, whence=SEEK_SET, start=0, len=0}, 0xbfc63e54) = 0
11739 15:11:08.570342 ftruncate64(4, 0) = 0
11739 15:11:08.570365 _llseek(4, 0, [0], SEEK_SET) = 0
11739 15:11:08.570380 write(5, "\v", 1) = 1
11739 15:11:08.570383 read(5,  <unfinished ...>
11737 15:11:08.570383 read(4, "\v", 1)  = 1
11737 15:11:08.570383 write(4, "\1\0\0\0", 4) = 4
11739 15:11:08.570384 <... read resumed> "\1\0\0\0", 4) = 4
11739 15:11:08.570384 write(5, "\v", 1) = 1
11739 15:11:08.570384 read(5,  <unfinished ...>
11737 15:11:08.570384 read(4, "\v", 1)  = 1
11737 15:11:08.570384 write(4, "\1\0\0\0", 4) = 4
11739 15:11:08.570394 <... read resumed> "\1\0\0\0", 4) = 4
11739 15:11:08.570403 write(5, "\r", 1) = 1
11739 15:11:08.570416 read(5,  <unfinished ...>
11737 15:11:08.570425 read(4, "\r", 1)  = 1
11737 15:11:08.570442 select(6, [5], NULL, NULL, {60, 0}) = 1 (in [5], left {60, 0})
11737 15:11:08.570464 accept(5, {sa_family=AF_INET, sin_port=htons(48319), sin_addr=inet_addr("127.0.0.1")}, [16]) = 6
11737 15:11:08.570493 write(4, "\1", 1) = 1
11739 15:11:08.570506 <... read resumed> "\1", 1) = 1
11739 15:11:08.570519 recvmsg(5,  <unfinished ...>
11737 15:11:08.570532 sendmsg(4, {msg_name(0)=NULL, msg_iov(1)=[{"\0", 1}], msg_controllen=16, {cmsg_len=16, cmsg_level=SOL_SOCKET, cmsg_type=SCM_RIGHTS, {6}}, msg_flags=0}, 0) = 1
11739 15:11:08.570698 <... recvmsg resumed> {msg_name(0)=NULL, msg_iov(1)=[{"\0", 1}], msg_controllen=16, {cmsg_len=16, cmsg_level=SOL_SOCKET, cmsg_type=SCM_RIGHTS, {6}}, msg_flags=0}, 0) = 1
11739 15:11:08.570727 setsockopt(6, SOL_SOCKET, SO_KEEPALIVE, [1], 4) = 0
11739 15:11:08.570745 setsockopt(6, SOL_IP, IP_TOS, [8], 4) = 0
11739 15:11:08.570763 setsockopt(6, SOL_SOCKET, SO_LINGER, {onoff=1, linger=32767}, 8) = 0
11739 15:11:08.570779 rt_sigaction(SIGALRM, {0x805cad0, ~[RTMIN RT_1], 0}, NULL, 8) = 0
11739 15:11:08.570808 alarm(300)        = 300
11739 15:11:08.570825 write(0, "150 Ok to send data.\r\n", 22) = 22
11739 15:11:08.570909 mmap2(NULL, 77824, PROT_READ|PROT_WRITE, MAP_PRIVATE|MAP_ANONYMOUS, -1, 0) = 0xb7d96000
11739 15:11:08.570927 mprotect(0xb7da8000, 4096, PROT_NONE) = 0
11739 15:11:08.570942 mprotect(0xb7d96000, 4096, PROT_NONE) = 0
11739 15:11:08.570955 read(6, "assasaaa\na\na\na\na\n", 65536) = 17
11739 15:11:08.570973 write(4, "assasaaa\na\na\na\na\n", 17) = 17
11739 15:11:08.570993 read(6, "", 65536) = 0
11739 15:11:08.571006 rt_sigaction(SIGALRM, {0x805cad0, ~[RTMIN RT_1], 0}, NULL, 8) = 0
11739 15:11:08.571024 alarm(300)        = 300
11739 15:11:08.571037 close(6)          = 0
11739 15:11:08.571048 alarm(0)          = 300
11739 15:11:08.571061 gettimeofday({1495653068, 571065}, NULL) = 0
11739 15:11:08.571083 getpid()          = 11739
11739 15:11:08.571099 gettimeofday({1495653068, 571104}, NULL) = 0
11739 15:11:08.571121 fcntl64(3, F_SETLKW64, {type=F_WRLCK, whence=SEEK_SET, start=0, len=0}, 0xbfc63df4) = 0
11739 15:11:08.571154 write(3, "Wed May 24 15:11:08 2017 [pid 11739] [msfadmin] OK UPLOAD: Client \"127.0.0.1\", \"/home/msfadmin/myfile5\", 17 bytes, 18.87Kbyte/sec\n", 130) = 130
11739 15:11:08.571194 fcntl64(3, F_SETLK64, {type=F_UNLCK, whence=SEEK_SET, start=0, len=0}, 0xbfc63dfc) = 0
11739 15:11:08.571213 write(0, "226 Transfer complete.\r\n", 24) = 24
11739 15:11:08.571265 write(5, "\n", 1) = 1
11739 15:11:08.571280 read(5,  <unfinished ...>
11737 15:11:08.571290 close(6)          = 0
11737 15:11:08.571313 read(4, "\n", 1)  = 1
11737 15:11:08.571328 close(5)          = 0
11737 15:11:08.571342 write(4, "\1", 1) = 1
11739 15:11:08.571355 <... read resumed> "\1", 1) = 1
11739 15:11:08.571364 close(4)          = 0
11739 15:11:08.571378 rt_sigaction(SIGALRM, {0x805cad0, ~[RTMIN RT_1], 0}, NULL, 8) = 0
11739 15:11:08.571395 alarm(300)        = 0
11739 15:11:08.571409 recv(0,  <unfinished ...>
11737 15:11:08.571418 read(4,  <unfinished ...>
11739 15:11:09.080351 <... recv resumed> "TYPE I\r\n", 4096, MSG_PEEK) = 8
11739 15:11:09.080481 read(0, "TYPE I\r\n", 8) = 8
11739 15:11:09.080549 write(0, "200 Switching to Binary mode.\r\n", 31) = 31
11739 15:11:09.080673 rt_sigaction(SIGALRM, {0x805cad0, ~[RTMIN RT_1], 0}, NULL, 8) = 0
11739 15:11:09.080718 alarm(300)        = 299
11739 15:11:09.080807 recv(0, "PASV\r\n", 4096, MSG_PEEK) = 6
11739 15:11:09.080843 read(0, "PASV\r\n", 6) = 6
11739 15:11:09.080877 write(5, "\n", 1) = 1
11739 15:11:09.080909 read(5,  <unfinished ...>
11737 15:11:09.080929 <... read resumed> "\n", 1) = 1
11737 15:11:09.080952 write(4, "\1", 1) = 1
11739 15:11:09.080981 <... read resumed> "\1", 1) = 1
11739 15:11:09.081000 write(5, "\f", 1) = 1
11739 15:11:09.081062 read(5,  <unfinished ...>
11737 15:11:09.081084 read(4, "\f", 1)  = 1
11737 15:11:09.081117 socket(PF_INET, SOCK_STREAM, IPPROTO_TCP) = 5
11737 15:11:09.081155 setsockopt(5, SOL_SOCKET, SO_REUSEADDR, [1], 4) = 0
11737 15:11:09.081191 bind(5, {sa_family=AF_INET, sin_port=htons(9010), sin_addr=inet_addr("127.0.0.1")}, 16) = 0
11737 15:11:09.081287 listen(5, 1)      = 0
11737 15:11:09.081326 write(4, "2#\0\0", 4) = 4
11739 15:11:09.081357 <... read resumed> "2#\0\0", 4) = 4
11739 15:11:09.081390 write(0, "227 Entering Passive Mode (127,0,0,1,35,50).\r\n", 46) = 46
11739 15:11:09.081723 rt_sigaction(SIGALRM, {0x805cad0, ~[RTMIN RT_1], 0}, NULL, 8) = 0
11739 15:11:09.081770 alarm(300)        = 300
11739 15:11:09.081801 recv(0, "STOR myfile6\r\n", 4096, MSG_PEEK) = 14
11739 15:11:09.081834 read(0, "STOR myfile6\r\n", 14) = 14
11739 15:11:09.081870 write(5, "\v", 1) = 1
11739 15:11:09.081899 read(5,  <unfinished ...>
11737 15:11:09.081918 read(4, "\v", 1)  = 1
11737 15:11:09.081948 write(4, "\1\0\0\0", 4) = 4
11739 15:11:09.081978 <... read resumed> "\1\0\0\0", 4) = 4
11739 15:11:09.082077 gettimeofday({1495653069, 82088}, NULL) = 0
11739 15:11:09.082108 getcwd("/home/msfadmin", 4096) = 15
11739 15:11:09.082142 open("myfile6", O_WRONLY|O_CREAT|O_NONBLOCK|O_LARGEFILE, 0666) = 4
11739 15:11:09.082178 fstat64(4, {st_mode=S_IFREG|0644, st_size=17, ...}) = 0
11739 15:11:09.082224 fcntl64(4, F_GETFL) = 0x8801 (flags O_WRONLY|O_NONBLOCK|O_LARGEFILE)
11739 15:11:09.082254 fcntl64(4, F_SETFL, O_WRONLY|O_LARGEFILE) = 0
11739 15:11:09.082281 fcntl64(4, F_SETLKW64, {type=F_WRLCK, whence=SEEK_SET, start=0, len=0}, 0xbfc63e54) = 0
11739 15:11:09.082317 ftruncate64(4, 0) = 0
11739 15:11:09.082412 _llseek(4, 0, [0], SEEK_SET) = 0
11739 15:11:09.082446 write(5, "\v", 1) = 1
11739 15:11:09.082475 read(5,  <unfinished ...>
11737 15:11:09.082495 read(4, "\v", 1)  = 1
11737 15:11:09.082526 write(4, "\1\0\0\0", 4) = 4
11739 15:11:09.082554 <... read resumed> "\1\0\0\0", 4) = 4
11739 15:11:09.082574 write(5, "\v", 1) = 1
11739 15:11:09.082600 read(5,  <unfinished ...>
11737 15:11:09.082618 read(4, "\v", 1)  = 1
11737 15:11:09.082646 write(4, "\1\0\0\0", 4) = 4
11739 15:11:09.082673 <... read resumed> "\1\0\0\0", 4) = 4
11739 15:11:09.082693 write(5, "\r", 1) = 1
11739 15:11:09.082719 read(5,  <unfinished ...>
11737 15:11:09.082737 read(4, "\r", 1)  = 1
11737 15:11:09.082768 select(6, [5], NULL, NULL, {60, 0}) = 1 (in [5], left {60, 0})
11737 15:11:09.082812 accept(5, {sa_family=AF_INET, sin_port=htons(52736), sin_addr=inet_addr("127.0.0.1")}, [16]) = 6
11737 15:11:09.082870 write(4, "\1", 1) = 1
11739 15:11:09.082977 <... read resumed> "\1", 1) = 1
11739 15:11:09.083005 recvmsg(5,  <unfinished ...>
11737 15:11:09.083028 sendmsg(4, {msg_name(0)=NULL, msg_iov(1)=[{"\0", 1}], msg_controllen=16, {cmsg_len=16, cmsg_level=SOL_SOCKET, cmsg_type=SCM_RIGHTS, {6}}, msg_flags=0}, 0) = 1
11739 15:11:09.083074 <... recvmsg resumed> {msg_name(0)=NULL, msg_iov(1)=[{"\0", 1}], msg_controllen=16, {cmsg_len=16, cmsg_level=SOL_SOCKET, cmsg_type=SCM_RIGHTS, {6}}, msg_flags=0}, 0) = 1
11739 15:11:09.083109 setsockopt(6, SOL_SOCKET, SO_KEEPALIVE, [1], 4) = 0
11739 15:11:09.083141 setsockopt(6, SOL_IP, IP_TOS, [8], 4) = 0
11739 15:11:09.083173 setsockopt(6, SOL_SOCKET, SO_LINGER, {onoff=1, linger=32767}, 8) = 0
11739 15:11:09.083259 rt_sigaction(SIGALRM, {0x805cad0, ~[RTMIN RT_1], 0}, NULL, 8) = 0
11739 15:11:09.083310 alarm(300)        = 300
11739 15:11:09.083346 write(0, "150 Ok to send data.\r\n", 22) = 22
11739 15:11:09.083519 read(6, "assasaaa\na\na\na\na\n", 65536) = 17
11739 15:11:09.083558 write(4, "assasaaa\na\na\na\na\n", 17) = 17
11739 15:11:09.083599 read(6, "", 65536) = 0
11739 15:11:09.083628 rt_sigaction(SIGALRM, {0x805cad0, ~[RTMIN RT_1], 0}, NULL, 8) = 0
11739 15:11:09.083644 alarm(300)        = 300
11739 15:11:09.083678 close(6)          = 0
11739 15:11:09.083703 alarm(0)          = 300
11739 15:11:09.083728 gettimeofday({1495653069, 83738}, NULL) = 0
11739 15:11:09.083839 gettimeofday({1495653069, 83858}, NULL) = 0
11739 15:11:09.083884 fcntl64(3, F_SETLKW64, {type=F_WRLCK, whence=SEEK_SET, start=0, len=0}, 0xbfc63df4) = 0
11739 15:11:09.083924 write(3, "Wed May 24 15:11:09 2017 [pid 11739] [msfadmin] OK UPLOAD: Client \"127.0.0.1\", \"/home/msfadmin/myfile6\", 17 bytes, 9.38Kbyte/sec\n", 129) = 129
11739 15:11:09.083979 fcntl64(3, F_SETLK64, {type=F_UNLCK, whence=SEEK_SET, start=0, len=0}, 0xbfc63dfc) = 0
11739 15:11:09.084018 write(0, "226 Transfer complete.\r\n", 24) = 24
11739 15:11:09.084134 write(5, "\n", 1) = 1
11739 15:11:09.084167 read(5,  <unfinished ...>
11737 15:11:09.084187 close(6)          = 0
11737 15:11:09.084235 read(4, "\n", 1)  = 1
11737 15:11:09.084327 close(5)          = 0
11737 15:11:09.084362 write(4, "\1", 1) = 1
11739 15:11:09.084392 <... read resumed> "\1", 1) = 1
11739 15:11:09.084411 close(4)          = 0
11739 15:11:09.084440 rt_sigaction(SIGALRM, {0x805cad0, ~[RTMIN RT_1], 0}, NULL, 8) = 0
11739 15:11:09.084476 alarm(300)        = 0
11739 15:11:09.084506 recv(0,  <unfinished ...>
11737 15:11:09.084526 read(4,  <unfinished ...>
11739 15:11:09.601227 <... recv resumed> "TYPE I\r\n", 4096, MSG_PEEK) = 8
11739 15:11:09.601498 read(0, "TYPE I\r\n", 8) = 8
11739 15:11:09.601847 write(0, "200 Switching to Binary mode.\r\n", 31) = 31
11739 15:11:09.602271 rt_sigaction(SIGALRM, {0x805cad0, ~[RTMIN RT_1], 0}, NULL, 8) = 0
11739 15:11:09.602365 alarm(300)        = 299
11739 15:11:09.602421 recv(0, "PASV\r\n", 4096, MSG_PEEK) = 6
11739 15:11:09.602472 read(0, "PASV\r\n", 6) = 6
11739 15:11:09.602526 write(5, "\n", 1) = 1
11739 15:11:09.602577 read(5,  <unfinished ...>
11737 15:11:09.602610 <... read resumed> "\n", 1) = 1
11737 15:11:09.602646 write(4, "\1", 1) = 1
11739 15:11:09.602692 <... read resumed> "\1", 1) = 1
11739 15:11:09.602886 write(5, "\f", 1) = 1
11739 15:11:09.602957 read(5,  <unfinished ...>
11737 15:11:09.602988 read(4, "\f", 1)  = 1
11737 15:11:09.603041 socket(PF_INET, SOCK_STREAM, IPPROTO_TCP) = 5
11737 15:11:09.603101 setsockopt(5, SOL_SOCKET, SO_REUSEADDR, [1], 4) = 0
11737 15:11:09.603161 bind(5, {sa_family=AF_INET, sin_port=htons(54735), sin_addr=inet_addr("127.0.0.1")}, 16) = 0
11737 15:11:09.603226 listen(5, 1)      = 0
11737 15:11:09.603281 write(4, "\317\325\0\0", 4) = 4
11739 15:11:09.603329 <... read resumed> "\317\325\0\0", 4) = 4
11739 15:11:09.603383 write(0, "227 Entering Passive Mode (127,0,0,1,213,207).\r\n", 48) = 48
11739 15:11:09.603989 rt_sigaction(SIGALRM, {0x805cad0, ~[RTMIN RT_1], 0}, NULL, 8) = 0
11739 15:11:09.604065 alarm(300)        = 300
11739 15:11:09.604116 recv(0, "STOR myfile7\r\n", 4096, MSG_PEEK) = 14
11739 15:11:09.604170 read(0, "STOR myfile7\r\n", 14) = 14
11739 15:11:09.604230 write(5, "\v", 1) = 1
11739 15:11:09.604277 read(5,  <unfinished ...>
11737 15:11:09.604309 read(4, "\v", 1)  = 1
11737 15:11:09.604358 write(4, "\1\0\0\0", 4) = 4
11739 15:11:09.604413 <... read resumed> "\1\0\0\0", 4) = 4
11739 15:11:09.604448 gettimeofday({1495653069, 604464}, NULL) = 0
11739 15:11:09.604495 getcwd("/home/msfadmin", 4096) = 15
11739 15:11:09.604549 open("myfile7", O_WRONLY|O_CREAT|O_NONBLOCK|O_LARGEFILE, 0666) = 4
11739 15:11:09.604607 fstat64(4, {st_mode=S_IFREG|0644, st_size=17, ...}) = 0
11739 15:11:09.604681 fcntl64(4, F_GETFL) = 0x8801 (flags O_WRONLY|O_NONBLOCK|O_LARGEFILE)
11739 15:11:09.604738 fcntl64(4, F_SETFL, O_WRONLY|O_LARGEFILE) = 0
11739 15:11:09.604827 fcntl64(4, F_SETLKW64, {type=F_WRLCK, whence=SEEK_SET, start=0, len=0}, 0xbfc63e54) = 0
11739 15:11:09.604913 ftruncate64(4, 0) = 0
11739 15:11:09.604985 _llseek(4, 0, [0], SEEK_SET) = 0
11739 15:11:09.605033 write(5, "\v", 1) = 1
11739 15:11:09.605079 read(5,  <unfinished ...>
11737 15:11:09.605111 read(4, "\v", 1)  = 1
11737 15:11:09.605160 write(4, "\1\0\0\0", 4) = 4
11739 15:11:09.605206 <... read resumed> "\1\0\0\0", 4) = 4
11739 15:11:09.605239 write(5, "\v", 1) = 1
11739 15:11:09.605281 read(5,  <unfinished ...>
11737 15:11:09.605310 read(4, "\v", 1)  = 1
11737 15:11:09.605356 write(4, "\1\0\0\0", 4) = 4
11739 15:11:09.605400 <... read resumed> "\1\0\0\0", 4) = 4
11739 15:11:09.605433 write(5, "\r", 1) = 1
11739 15:11:09.605476 read(5,  <unfinished ...>
11737 15:11:09.605504 read(4, "\r", 1)  = 1
11737 15:11:09.605558 select(6, [5], NULL, NULL, {60, 0}) = 1 (in [5], left {60, 0})
11737 15:11:09.605633 accept(5, {sa_family=AF_INET, sin_port=htons(47066), sin_addr=inet_addr("127.0.0.1")}, [16]) = 6
11737 15:11:09.605729 write(4, "\1", 1) = 1
11739 15:11:09.605817 <... read resumed> "\1", 1) = 1
11739 15:11:09.605860 recvmsg(5,  <unfinished ...>
11737 15:11:09.605898 sendmsg(4, {msg_name(0)=NULL, msg_iov(1)=[{"\0", 1}], msg_controllen=16, {cmsg_len=16, cmsg_level=SOL_SOCKET, cmsg_type=SCM_RIGHTS, {6}}, msg_flags=0}, 0) = 1
11739 15:11:09.605971 <... recvmsg resumed> {msg_name(0)=NULL, msg_iov(1)=[{"\0", 1}], msg_controllen=16, {cmsg_len=16, cmsg_level=SOL_SOCKET, cmsg_type=SCM_RIGHTS, {6}}, msg_flags=0}, 0) = 1
11739 15:11:09.606028 setsockopt(6, SOL_SOCKET, SO_KEEPALIVE, [1], 4) = 0
11739 15:11:09.606088 setsockopt(6, SOL_IP, IP_TOS, [8], 4) = 0
11739 15:11:09.606140 setsockopt(6, SOL_SOCKET, SO_LINGER, {onoff=1, linger=32767}, 8) = 0
11739 15:11:09.606187 rt_sigaction(SIGALRM, {0x805cad0, ~[RTMIN RT_1], 0}, NULL, 8) = 0
11739 15:11:09.606245 alarm(300)        = 300
11739 15:11:09.606300 write(0, "150 Ok to send data.\r\n", 22) = 22
11739 15:11:09.606566 read(6, "assasaaa\na\na\na\na\n", 65536) = 17
11739 15:11:09.606628 write(4, "assasaaa\na\na\na\na\n", 17) = 17
11739 15:11:09.606757 read(6, "", 65536) = 0
11739 15:11:09.606815 rt_sigaction(SIGALRM, {0x805cad0, ~[RTMIN RT_1], 0}, NULL, 8) = 0
11739 15:11:09.606876 alarm(300)        = 300
11739 15:11:09.606919 close(6)          = 0
11739 15:11:09.606965 alarm(0)          = 300
11739 15:11:09.607007 gettimeofday({1495653069, 607022}, NULL) = 0
11739 15:11:09.607070 gettimeofday({1495653069, 607086}, NULL) = 0
11739 15:11:09.607124 fcntl64(3, F_SETLKW64, {type=F_WRLCK, whence=SEEK_SET, start=0, len=0} <unfinished ...>
11737 15:11:09.607164 close(6 <unfinished ...>
11739 15:11:09.607191 <... fcntl64 resumed> , 0xbfc63df4) = 0
11737 15:11:09.607254 <... close resumed> ) = 0
11739 15:11:09.607289 write(3, "Wed May 24 15:11:09 2017 [pid 11739] [msfadmin] OK UPLOAD: Client \"127.0.0.1\", \"/home/msfadmin/myfile7\", 17 bytes, 6.33Kbyte/sec\n", 129) = 129
11739 15:11:09.607377 fcntl64(3, F_SETLK64, {type=F_UNLCK, whence=SEEK_SET, start=0, len=0}, 0xbfc63dfc) = 0
11739 15:11:09.607442 write(0, "226 Transfer complete.\r\n", 24 <unfinished ...>
11737 15:11:09.607479 read(4,  <unfinished ...>
11739 15:11:09.607624 <... write resumed> ) = 24
11739 15:11:09.607710 write(5, "\n", 1) = 1
11737 15:11:09.607773 <... read resumed> "\n", 1) = 1
11737 15:11:09.607803 close(5)          = 0
11737 15:11:09.607856 write(4, "\1", 1 <unfinished ...>
11739 15:11:09.607895 read(5,  <unfinished ...>
11737 15:11:09.607920 <... write resumed> ) = 1
11737 15:11:09.607947 read(4,  <unfinished ...>
11739 15:11:09.607971 <... read resumed> "\1", 1) = 1
