13672 15:31:01.575509 gettimeofday({1495654261, 575526}, NULL) = 0
13672 15:31:01.575565 fcntl64(3, F_SETLKW64, {type=F_WRLCK, whence=SEEK_SET, start=0, len=0}, 0xbfa65bf4) = 0
13672 15:31:01.575689 write(3, "Wed May 24 15:31:01 2017 [pid 13672] [msfadmin] OK UPLOAD: Client \"127.0.0.1\", \"/home/msfadmin/myfile30\", 17 bytes, 5.10Kbyte/sec\n", 130) = 130
13672 15:31:01.575792 fcntl64(3, F_SETLK64, {type=F_UNLCK, whence=SEEK_SET, start=0, len=0}, 0xbfa65bfc) = 0
13672 15:31:01.575860 write(0, "226 Transfer complete.\r\n", 24) = 24
13672 15:31:01.576044 write(5, "\n", 1) = 1
13670 15:31:01.576099 <... read resumed> "\n", 1) = 1
13670 15:31:01.576131 close(5)          = 0
13670 15:31:01.576183 write(4, "\1", 1) = 1
13670 15:31:01.576231 read(4,  <unfinished ...>
13672 15:31:01.576280 read(5, "\1", 1)  = 1
13672 15:31:01.576330 close(4)          = 0
13672 15:31:01.576378 rt_sigaction(SIGALRM, {0x805cad0, ~[RTMIN RT_1], 0}, NULL, 8) = 0
13672 15:31:01.576438 alarm(300)        = 0
13672 15:31:01.576488 recv(0, "TYPE I\r\n", 4096, MSG_PEEK) = 8
13672 15:31:02.078206 read(0, "TYPE I\r\n", 8) = 8
13672 15:31:02.078471 write(0, "200 Switching to Binary mode.\r\n", 31) = 31
13672 15:31:02.078935 rt_sigaction(SIGALRM, {0x805cad0, ~[RTMIN RT_1], 0}, NULL, 8) = 0
13672 15:31:02.079061 alarm(300)        = 299
13672 15:31:02.079123 recv(0, "PASV\r\n", 4096, MSG_PEEK) = 6
13672 15:31:02.079176 read(0, "PASV\r\n", 6) = 6
13672 15:31:02.079231 write(5, "\n", 1) = 1
13670 15:31:02.079287 <... read resumed> "\n", 1) = 1
13670 15:31:02.079322 write(4, "\1", 1) = 1
13670 15:31:02.079369 read(4,  <unfinished ...>
13672 15:31:02.079401 read(5, "\1", 1)  = 1
13672 15:31:02.079453 write(5, "\f", 1) = 1
13670 15:31:02.079497 <... read resumed> "\f", 1) = 1
13670 15:31:02.079532 socket(PF_INET, SOCK_STREAM, IPPROTO_TCP) = 5
13670 15:31:02.079594 setsockopt(5, SOL_SOCKET, SO_REUSEADDR, [1], 4) = 0
13670 15:31:02.079702 bind(5, {sa_family=AF_INET, sin_port=htons(56861), sin_addr=inet_addr("127.0.0.1")}, 16) = 0
13670 15:31:02.079780 listen(5, 1)      = 0
13670 15:31:02.079838 write(4, "\35\336\0\0", 4) = 4
13670 15:31:02.079889 read(4,  <unfinished ...>
13672 15:31:02.079921 read(5, "\35\336\0\0", 4) = 4
13672 15:31:02.079992 write(0, "227 Entering Passive Mode (127,0,0,1,222,29).\r\n", 47) = 47
13672 15:31:02.080531 rt_sigaction(SIGALRM, {0x805cad0, ~[RTMIN RT_1], 0}, NULL, 8) = 0
13672 15:31:02.080801 alarm(300)        = 300
13672 15:31:02.080860 recv(0, "STOR myfile31\r\n", 4096, MSG_PEEK) = 15
13672 15:31:02.080917 read(0, "STOR myfile31\r\n", 15) = 15
13672 15:31:02.080977 write(5, "\v", 1) = 1
13670 15:31:02.081026 <... read resumed> "\v", 1) = 1
13670 15:31:02.081058 write(4, "\1\0\0\0", 4) = 4
13670 15:31:02.081107 read(4,  <unfinished ...>
13672 15:31:02.081139 read(5, "\1\0\0\0", 4) = 4
13672 15:31:02.081190 gettimeofday({1495654262, 81207}, NULL) = 0
13672 15:31:02.081239 getcwd("/home/msfadmin", 4096) = 15
13672 15:31:02.081295 open("myfile31", O_WRONLY|O_CREAT|O_NONBLOCK|O_LARGEFILE, 0666) = 4
13672 15:31:02.081355 fstat64(4, {st_mode=S_IFREG|0644, st_size=17, ...}) = 0
13672 15:31:02.081431 fcntl64(4, F_GETFL) = 0x8801 (flags O_WRONLY|O_NONBLOCK|O_LARGEFILE)
13672 15:31:02.081481 fcntl64(4, F_SETFL, O_WRONLY|O_LARGEFILE) = 0
13672 15:31:02.081525 fcntl64(4, F_SETLKW64, {type=F_WRLCK, whence=SEEK_SET, start=0, len=0}, 0xbfa65c54) = 0
13672 15:31:02.081585 ftruncate64(4, 0) = 0
13672 15:31:02.081656 _llseek(4, 0, [0], SEEK_SET) = 0
13672 15:31:02.081750 write(5, "\v", 1) = 1
13670 15:31:02.081801 <... read resumed> "\v", 1) = 1
13670 15:31:02.081833 write(4, "\1\0\0\0", 4) = 4
13670 15:31:02.081882 read(4,  <unfinished ...>
13672 15:31:02.081914 read(5, "\1\0\0\0", 4) = 4
13672 15:31:02.081964 write(5, "\v", 1) = 1
13670 15:31:02.082007 <... read resumed> "\v", 1) = 1
13670 15:31:02.082037 write(4, "\1\0\0\0", 4) = 4
13670 15:31:02.082083 read(4,  <unfinished ...>
13672 15:31:02.082113 read(5, "\1\0\0\0", 4) = 4
13672 15:31:02.082163 write(5, "\r", 1) = 1
13670 15:31:02.082206 <... read resumed> "\r", 1) = 1
13670 15:31:02.082241 select(6, [5], NULL, NULL, {60, 0}) = 1 (in [5], left {60, 0})
13670 15:31:02.082310 accept(5, {sa_family=AF_INET, sin_port=htons(48509), sin_addr=inet_addr("127.0.0.1")}, [16]) = 6
13670 15:31:02.082406 write(4, "\1", 1) = 1
13670 15:31:02.082459 sendmsg(4, {msg_name(0)=NULL, msg_iov(1)=[{"\0", 1}], msg_controllen=16, {cmsg_len=16, cmsg_level=SOL_SOCKET, cmsg_type=SCM_RIGHTS, {6}}, msg_flags=0}, 0) = 1
13670 15:31:02.082530 close(6)          = 0
13670 15:31:02.082573 read(4,  <unfinished ...>
13672 15:31:02.082604 read(5, "\1", 1)  = 1
13672 15:31:02.082715 recvmsg(5, {msg_name(0)=NULL, msg_iov(1)=[{"\0", 1}], msg_controllen=16, {cmsg_len=16, cmsg_level=SOL_SOCKET, cmsg_type=SCM_RIGHTS, {6}}, msg_flags=0}, 0) = 1
13672 15:31:02.082803 setsockopt(6, SOL_SOCKET, SO_KEEPALIVE, [1], 4) = 0
13672 15:31:02.082878 setsockopt(6, SOL_IP, IP_TOS, [8], 4) = 0
13672 15:31:02.082932 setsockopt(6, SOL_SOCKET, SO_LINGER, {onoff=1, linger=32767}, 8) = 0
13672 15:31:02.082982 rt_sigaction(SIGALRM, {0x805cad0, ~[RTMIN RT_1], 0}, NULL, 8) = 0
13672 15:31:02.083042 alarm(300)        = 300
13672 15:31:02.083099 write(0, "150 Ok to send data.\r\n", 22) = 22
13672 15:31:02.083366 read(6, "assasaaa\na\na\na\na\n", 65536) = 17
13672 15:31:02.083430 write(4, "assasaaa\na\na\na\na\n", 17) = 17
13672 15:31:02.083499 read(6, "", 65536) = 0
13672 15:31:02.083546 rt_sigaction(SIGALRM, {0x805cad0, ~[RTMIN RT_1], 0}, NULL, 8) = 0
13672 15:31:02.083646 alarm(300)        = 300
13672 15:31:02.083702 close(6)          = 0
13672 15:31:02.083781 alarm(0)          = 300
13672 15:31:02.083826 gettimeofday({1495654262, 83842}, NULL) = 0
13672 15:31:02.083892 gettimeofday({1495654262, 83910}, NULL) = 0
13672 15:31:02.083949 fcntl64(3, F_SETLKW64, {type=F_WRLCK, whence=SEEK_SET, start=0, len=0}, 0xbfa65bf4) = 0
13672 15:31:02.084014 write(3, "Wed May 24 15:31:02 2017 [pid 13672] [msfadmin] OK UPLOAD: Client \"127.0.0.1\", \"/home/msfadmin/myfile31\", 17 bytes, 6.14Kbyte/sec\n", 130) = 130
13672 15:31:02.084103 fcntl64(3, F_SETLK64, {type=F_UNLCK, whence=SEEK_SET, start=0, len=0}, 0xbfa65bfc) = 0
13672 15:31:02.084167 write(0, "226 Transfer complete.\r\n", 24) = 24
13672 15:31:02.084340 write(5, "\n", 1) = 1
13670 15:31:02.084395 <... read resumed> "\n", 1) = 1
13670 15:31:02.084427 close(5)          = 0
13670 15:31:02.084477 write(4, "\1", 1) = 1
13670 15:31:02.084526 read(4,  <unfinished ...>
13672 15:31:02.084558 read(5, "\1", 1)  = 1
13672 15:31:02.084685 close(4)          = 0
13672 15:31:02.084740 rt_sigaction(SIGALRM, {0x805cad0, ~[RTMIN RT_1], 0}, NULL, 8) = 0
13672 15:31:02.084801 alarm(300)        = 0
13672 15:31:02.084851 recv(0, "TYPE I\r\n", 4096, MSG_PEEK) = 8
13672 15:31:02.607272 read(0, "TYPE I\r\n", 8) = 8
13672 15:31:02.607371 write(0, "200 Switching to Binary mode.\r\n", 31) = 31
13672 15:31:02.607550 rt_sigaction(SIGALRM, {0x805cad0, ~[RTMIN RT_1], 0}, NULL, 8) = 0
13672 15:31:02.607710 alarm(300)        = 299
13672 15:31:02.607778 recv(0, "PASV\r\n", 4096, MSG_PEEK) = 6
13672 15:31:02.607831 read(0, "PASV\r\n", 6) = 6
13672 15:31:02.607886 write(5, "\n", 1 <unfinished ...>
13670 15:31:02.607929 <... read resumed> "\n", 1) = 1
13672 15:31:02.607951 <... write resumed> ) = 1
13670 15:31:02.607981 write(4, "\1", 1) = 1
13670 15:31:02.608029 read(4,  <unfinished ...>
13672 15:31:02.608060 read(5, "\1", 1)  = 1
13672 15:31:02.608111 write(5, "\f", 1 <unfinished ...>
13670 15:31:02.608143 <... read resumed> "\f", 1) = 1
13672 15:31:02.608164 <... write resumed> ) = 1
13670 15:31:02.608195 socket(PF_INET, SOCK_STREAM, IPPROTO_TCP) = 5
13670 15:31:02.608257 setsockopt(5, SOL_SOCKET, SO_REUSEADDR, [1], 4) = 0
13670 15:31:02.608316 bind(5, {sa_family=AF_INET, sin_port=htons(14599), sin_addr=inet_addr("127.0.0.1")}, 16) = 0
13670 15:31:02.608382 listen(5, 1)      = 0
13670 15:31:02.608438 write(4, "\0079\0\0", 4) = 4
13670 15:31:02.608487 read(4,  <unfinished ...>
13672 15:31:02.608518 read(5, "\0079\0\0", 4) = 4
13672 15:31:02.608587 write(0, "227 Entering Passive Mode (127,0,0,1,57,7).\r\n", 45) = 45
13672 15:31:02.609046 rt_sigaction(SIGALRM, {0x805cad0, ~[RTMIN RT_1], 0}, NULL, 8) = 0
13672 15:31:02.609122 alarm(300)        = 300
13672 15:31:02.609174 recv(0, "STOR myfile32\r\n", 4096, MSG_PEEK) = 15
13672 15:31:02.609229 read(0, "STOR myfile32\r\n", 15) = 15
13672 15:31:02.609288 write(5, "\v", 1 <unfinished ...>
13670 15:31:02.609324 <... read resumed> "\v", 1) = 1
13672 15:31:02.609346 <... write resumed> ) = 1
13670 15:31:02.609374 write(4, "\1\0\0\0", 4) = 4
13670 15:31:02.609423 read(4,  <unfinished ...>
13672 15:31:02.609453 read(5, "\1\0\0\0", 4) = 4
13672 15:31:02.609505 gettimeofday({1495654262, 609521}, NULL) = 0
13672 15:31:02.609552 getcwd("/home/msfadmin", 4096) = 15
13672 15:31:02.609662 open("myfile32", O_WRONLY|O_CREAT|O_NONBLOCK|O_LARGEFILE, 0666) = 4
13672 15:31:02.609750 fstat64(4, {st_mode=S_IFREG|0644, st_size=17, ...}) = 0
13672 15:31:02.609828 fcntl64(4, F_GETFL) = 0x8801 (flags O_WRONLY|O_NONBLOCK|O_LARGEFILE)
13672 15:31:02.609878 fcntl64(4, F_SETFL, O_WRONLY|O_LARGEFILE) = 0
13672 15:31:02.609922 fcntl64(4, F_SETLKW64, {type=F_WRLCK, whence=SEEK_SET, start=0, len=0}, 0xbfa65c54) = 0
13672 15:31:02.609982 ftruncate64(4, 0) = 0
13672 15:31:02.610054 _llseek(4, 0, [0], SEEK_SET) = 0
13672 15:31:02.610103 write(5, "\v", 1 <unfinished ...>
13670 15:31:02.610225 <... read resumed> "\v", 1) = 1
13672 15:31:02.610264 <... write resumed> ) = 1
13670 15:31:02.610294 write(4, "\1\0\0\0", 4) = 4
13670 15:31:02.610345 read(4,  <unfinished ...>
13672 15:31:02.610377 read(5, "\1\0\0\0", 4) = 4
13672 15:31:02.610427 write(5, "\v", 1 <unfinished ...>
13670 15:31:02.610459 <... read resumed> "\v", 1) = 1
13672 15:31:02.610479 <... write resumed> ) = 1
13670 15:31:02.610506 write(4, "\1\0\0\0", 4) = 4
13670 15:31:02.610790 read(4,  <unfinished ...>
13672 15:31:02.610861 read(5, "\1\0\0\0", 4) = 4
13672 15:31:02.610942 write(5, "\r", 1 <unfinished ...>
13670 15:31:02.610979 <... read resumed> "\r", 1) = 1
13672 15:31:02.611002 <... write resumed> ) = 1
13670 15:31:02.611035 select(6, [5], NULL, NULL, {60, 0}) = 1 (in [5], left {60, 0})
13670 15:31:02.611106 accept(5, {sa_family=AF_INET, sin_port=htons(55216), sin_addr=inet_addr("127.0.0.1")}, [16]) = 6
13670 15:31:02.611205 write(4, "\1", 1) = 1
13670 15:31:02.611258 sendmsg(4, {msg_name(0)=NULL, msg_iov(1)=[{"\0", 1}], msg_controllen=16, {cmsg_len=16, cmsg_level=SOL_SOCKET, cmsg_type=SCM_RIGHTS, {6}}, msg_flags=0}, 0) = 1
13670 15:31:02.611330 close(6)          = 0
13670 15:31:02.611374 read(4,  <unfinished ...>
13672 15:31:02.611406 read(5, "\1", 1)  = 1
13672 15:31:02.611462 recvmsg(5, {msg_name(0)=NULL, msg_iov(1)=[{"\0", 1}], msg_controllen=16, {cmsg_len=16, cmsg_level=SOL_SOCKET, cmsg_type=SCM_RIGHTS, {6}}, msg_flags=0}, 0) = 1
13672 15:31:02.611627 setsockopt(6, SOL_SOCKET, SO_KEEPALIVE, [1], 4) = 0
13672 15:31:02.611691 setsockopt(6, SOL_IP, IP_TOS, [8], 4) = 0
13672 15:31:02.611743 setsockopt(6, SOL_SOCKET, SO_LINGER, {onoff=1, linger=32767}, 8) = 0
13672 15:31:02.611793 rt_sigaction(SIGALRM, {0x805cad0, ~[RTMIN RT_1], 0}, NULL, 8) = 0
13672 15:31:02.611856 alarm(300)        = 300
13672 15:31:02.611915 write(0, "150 Ok to send data.\r\n", 22) = 22
13672 15:31:02.612203 read(6, "assasaaa\na\na\na\na\n", 65536) = 17
13672 15:31:02.612268 write(4, "assasaaa\na\na\na\na\n", 17) = 17
13672 15:31:02.612339 read(6, "", 65536) = 0
13672 15:31:02.612386 rt_sigaction(SIGALRM, {0x805cad0, ~[RTMIN RT_1], 0}, NULL, 8) = 0
13672 15:31:02.612447 alarm(300)        = 300
13672 15:31:02.612549 close(6)          = 0
13672 15:31:02.612641 alarm(0)          = 300
13672 15:31:02.612687 gettimeofday({1495654262, 612703}, NULL) = 0
13672 15:31:02.612753 gettimeofday({1495654262, 612771}, NULL) = 0
13672 15:31:02.612810 fcntl64(3, F_SETLKW64, {type=F_WRLCK, whence=SEEK_SET, start=0, len=0}, 0xbfa65bf4) = 0
13672 15:31:02.612875 write(3, "Wed May 24 15:31:02 2017 [pid 13672] [msfadmin] OK UPLOAD: Client \"127.0.0.1\", \"/home/msfadmin/myfile32\", 17 bytes, 5.11Kbyte/sec\n", 130) = 130
13672 15:31:02.612966 fcntl64(3, F_SETLK64, {type=F_UNLCK, whence=SEEK_SET, start=0, len=0}, 0xbfa65bfc) = 0
13672 15:31:02.613031 write(0, "226 Transfer complete.\r\n", 24) = 24
13672 15:31:02.613206 write(5, "\n", 1 <unfinished ...>
13670 15:31:02.613249 <... read resumed> "\n", 1) = 1
13672 15:31:02.613271 <... write resumed> ) = 1
13670 15:31:02.613299 close(5)          = 0
13670 15:31:02.613349 write(4, "\1", 1) = 1
13670 15:31:02.613398 read(4,  <unfinished ...>
13672 15:31:02.613429 read(5, "\1", 1)  = 1
13672 15:31:02.613542 close(4)          = 0
13672 15:31:02.613595 rt_sigaction(SIGALRM, {0x805cad0, ~[RTMIN RT_1], 0}, NULL, 8) = 0
13672 15:31:02.613655 alarm(300)        = 0
13672 15:31:02.613705 recv(0,  <unfinished ...>
13673 15:31:03.056980 <... read resumed> "\n", 1) = 1
13673 15:31:03.057102 stat64(".", {st_mode=S_IFDIR|0755, st_size=4096, ...}) = 0
13673 15:31:03.057199 stat64("/sbin/nohup", 0xbfb42488) = -1 ENOENT (No such file or directory)
13673 15:31:03.057257 stat64("/bin/nohup", 0xbfb42488) = -1 ENOENT (No such file or directory)
13673 15:31:03.057290 stat64("/usr/sbin/nohup", 0xbfb42488) = -1 ENOENT (No such file or directory)
13673 15:31:03.057323 stat64("/usr/bin/nohup", {st_mode=S_IFREG|0755, st_size=26336, ...}) = 0
13673 15:31:03.057372 stat64("/usr/bin/nohup", {st_mode=S_IFREG|0755, st_size=26336, ...}) = 0
13673 15:31:03.057437 rt_sigprocmask(SIG_BLOCK, [INT CHLD], [], 8) = 0
13673 15:31:03.057478 clone(child_stack=0, flags=CLONE_CHILD_CLEARTID|CLONE_CHILD_SETTID|SIGCHLD, child_tidptr=0xb7e246f8) = 13676
13676 15:31:03.057624 rt_sigprocmask(SIG_SETMASK, [], NULL, 8) = 0
13676 15:31:03.057673 rt_sigaction(SIGTSTP, {SIG_DFL}, {SIG_DFL}, 8) = 0
13676 15:31:03.057711 rt_sigaction(SIGTTIN, {SIG_DFL}, {SIG_DFL}, 8) = 0
13676 15:31:03.057744 rt_sigaction(SIGTTOU, {SIG_DFL}, {SIG_DFL}, 8) = 0
13676 15:31:03.057788 rt_sigaction(SIGINT, {SIG_DFL}, {SIG_DFL}, 8) = 0
13676 15:31:03.057833 rt_sigaction(SIGQUIT, {SIG_DFL}, {SIG_IGN}, 8) = 0
13676 15:31:03.057870 rt_sigaction(SIGCHLD, {SIG_DFL}, {0x807e540, [], 0}, 8) = 0
13676 15:31:03.057963 open("/dev/null", O_WRONLY|O_CREAT|O_TRUNC|O_LARGEFILE, 0666) = 7
13676 15:31:03.058052 dup2(7, 1)        = 1
13676 15:31:03.058091 close(7)          = 0
13676 15:31:03.058117 dup2(1, 2)        = 2
13676 15:31:03.058163 fcntl64(1, F_GETFD) = 0
13676 15:31:03.058205 execve("/usr/bin/nohup", ["nohup"], [/* 16 vars */]) = 0
13676 15:31:03.058401 brk(0)            = 0x804f000
13676 15:31:03.058453 access("/etc/ld.so.nohwcap", F_OK) = -1 ENOENT (No such file or directory)
13676 15:31:03.058496 mmap2(NULL, 8192, PROT_READ|PROT_WRITE, MAP_PRIVATE|MAP_ANONYMOUS, -1, 0) = 0xb7fc5000
13676 15:31:03.058534 access("/etc/ld.so.preload", R_OK) = -1 ENOENT (No such file or directory)
13676 15:31:03.058577 open("/etc/ld.so.cache", O_RDONLY) = 7
13676 15:31:03.058612 fstat64(7, {st_mode=S_IFREG|0644, st_size=29913, ...}) = 0
13676 15:31:03.058658 mmap2(NULL, 29913, PROT_READ, MAP_PRIVATE, 7, 0) = 0xb7fbd000
13676 15:31:03.058686 close(7)          = 0
13676 15:31:03.058715 access("/etc/ld.so.nohwcap", F_OK) = -1 ENOENT (No such file or directory)
13676 15:31:03.058758 open("/lib/tls/i686/cmov/libc.so.6", O_RDONLY) = 7
13676 15:31:03.058796 read(7, "\177ELF\1\1\1\0\0\0\0\0\0\0\0\0\3\0\3\0\1\0\0\0\260e\1\0004\0\0\0\4\307\24\0\0\0\0\0004\0 \0\n\0(\0D\0C\0\6\0\0\0004\0\0\0004\0\0\0004\0\0\0@\1\0\0@\1\0\0\5\0\0\0\4\0\0\0\3\0\0\0\2200\23\0\2200\23\0\2200\23\0\23\0\0\0\23\0\0\0\4\0\0\0\1\0\0\0\1\0\0\0\0\0\0\0\0\0\0\0\0\0\0\0(\215\24\0(\215\24\0\5\0\0\0\0\20\0\0\1\0\0\0\354\221\24\0\354\221\24\0\354\221\24\0\260\'\0\0\204T\0\0\6\0\0\0\0\20\0\0\2\0\0\0\234\255\24\0\234\255\24\0\234\255\24\0\360\0\0\0\360\0\0\0\6\0\0\0\4\0\0\0\4\0\0\0t\1\0\0t\1\0\0t\1\0\0 \0\0\0 \0\0\0\4\0\0\0\4\0\0\0\7\0\0\0\354\221\24\0\354\221\24\0\354\221\24\0\10\0\0\0,\0\0\0\4\0\0\0\4\0\0\0P\345td\2440\23\0\2440\23\0\2440\23\0\354+\0\0\354+\0\0\4\0\0\0\4\0\0\0Q\345td\0\0\0\0\0\0\0\0\0\0\0\0\0\0\0\0\0\0\0\0\6\0\0\0\4\0\0\0R\345td\354\221\24\0\354\221\24\0\354\221\24\0\10\36\0\0\10\36\0\0\4\0\0\0\1\0\0\0\4\0\0\0\20\0\0\0\1\0\0\0GNU\0\0\0\0\0\2\0\0\0\6\0\0\0\10\0\0\0\363\3\0\0\n\0\0\0\0\2\0\0\16\0\0\0\2400\20D\200 \2\1\214\3\346\220AE\210\0\204\0\10\0A\200\0@\300\200\0\f\2\f\0\0010\0\10@\"\10\246\4\210H6l\240\0260\0&\204\200\216\4\10B$\2\f\246\244\32\6c\310\0\302 \1\300\0R\0!\201\10\4\n  \250\24\0\24(`\0\0P\240\312DB", 512) = 512
13676 15:31:03.059037 fstat64(7, {st_mode=S_IFREG|0755, st_size=1364388, ...}) = 0
13676 15:31:03.059087 mmap2(NULL, 1369712, PROT_READ|PROT_EXEC, MAP_PRIVATE|MAP_DENYWRITE, 7, 0) = 0xb7e6e000
13676 15:31:03.059268 mmap2(0xb7fb7000, 12288, PROT_READ|PROT_WRITE, MAP_PRIVATE|MAP_FIXED|MAP_DENYWRITE, 7, 0x149) = 0xb7fb7000
13676 15:31:03.059316 mmap2(0xb7fba000, 9840, PROT_READ|PROT_WRITE, MAP_PRIVATE|MAP_FIXED|MAP_ANONYMOUS, -1, 0) = 0xb7fba000
13676 15:31:03.059356 close(7)          = 0
13676 15:31:03.059401 mmap2(NULL, 4096, PROT_READ|PROT_WRITE, MAP_PRIVATE|MAP_ANONYMOUS, -1, 0) = 0xb7e6d000
13676 15:31:03.059443 set_thread_area({entry_number:-1 -> 6, base_addr:0xb7e6d6b0, limit:1048575, seg_32bit:1, contents:0, read_exec_only:0, limit_in_pages:1, seg_not_present:0, useable:1}) = 0
13676 15:31:03.059560 mprotect(0xb7fb7000, 4096, PROT_READ) = 0
13676 15:31:03.059602 munmap(0xb7fbd000, 29913) = 0
13676 15:31:03.059746 brk(0)            = 0x804f000
13676 15:31:03.059773 brk(0x8070000)    = 0x8070000
13676 15:31:03.059845 write(2, "nohup: ", 7) = 7
13676 15:31:03.059880 write(2, "missing operand", 15) = 15
13676 15:31:03.059911 write(2, "\n", 1) = 1
13676 15:31:03.059944 write(2, "Try `nohup --help\' for more information.\n", 41) = 41
13676 15:31:03.059987 close(1)          = 0
13676 15:31:03.060013 close(2)          = 0
13676 15:31:03.060043 exit_group(127)   = ?
13673 15:31:03.060181 rt_sigprocmask(SIG_SETMASK, [], NULL, 8) = 0
13673 15:31:03.060223 --- SIGCHLD (Child exited) @ 0 (0) ---
13673 15:31:03.060247 waitpid(-1, [{WIFEXITED(s) && WEXITSTATUS(s) == 127}], WNOHANG) = 13676
13673 15:31:03.060286 waitpid(-1, 0xbfb42108, WNOHANG) = 0
13673 15:31:03.060312 sigreturn()       = ? (mask now [])
13673 15:31:03.060370 rt_sigprocmask(SIG_BLOCK, [CHLD], [], 8) = 0
13673 15:31:03.060411 rt_sigprocmask(SIG_SETMASK, [], NULL, 8) = 0
13673 15:31:03.060441 rt_sigprocmask(SIG_BLOCK, [CHLD], [], 8) = 0
13673 15:31:03.060474 rt_sigaction(SIGINT, {0x807f150, [], 0}, {SIG_DFL}, 8) = 0
13673 15:31:03.060517 rt_sigprocmask(SIG_SETMASK, [], NULL, 8) = 0
13673 15:31:03.060546 rt_sigaction(SIGINT, {SIG_DFL}, {0x807f150, [], 0}, 8) = 0
13673 15:31:03.060589 rt_sigprocmask(SIG_BLOCK, NULL, [], 8) = 0
13673 15:31:03.060626 read(0, "e", 1)   = 1
13673 15:31:03.060661 read(0, "c", 1)   = 1
13673 15:31:03.060689 read(0, "h", 1)   = 1
13673 15:31:03.060716 read(0, "o", 1)   = 1
13673 15:31:03.060743 read(0, " ", 1)   = 1
13673 15:31:03.060770 read(0, "I", 1)   = 1
13673 15:31:03.060797 read(0, "G", 1)   = 1
13673 15:31:03.060824 read(0, "5", 1)   = 1
13673 15:31:03.060851 read(0, "7", 1)   = 1
13673 15:31:03.060878 read(0, "l", 1)   = 1
13673 15:31:03.060904 read(0, "M", 1)   = 1
13673 15:31:03.060933 read(0, "o", 1)   = 1
13673 15:31:03.060960 read(0, "H", 1)   = 1
13673 15:31:03.060987 read(0, "5", 1)   = 1
13673 15:31:03.061014 read(0, "s", 1)   = 1
13673 15:31:03.061041 read(0, "V", 1)   = 1
13673 15:31:03.061068 read(0, "g", 1)   = 1
13673 15:31:03.061095 read(0, "Q", 1)   = 1
13673 15:31:03.061122 read(0, "L", 1)   = 1
13673 15:31:03.061178 read(0, "r", 1)   = 1
13673 15:31:03.061205 read(0, "h", 1)   = 1
13673 15:31:03.061232 read(0, "\n", 1)  = 1
13673 15:31:03.061313 write(1, "IG57lMoH5sVgQLrh\n", 17) = 17
13673 15:31:03.061456 rt_sigprocmask(SIG_BLOCK, NULL, [], 8) = 0
13673 15:31:03.061492 read(0,  <unfinished ...>
13672 15:31:03.126921 <... recv resumed> "TYPE I\r\n", 4096, MSG_PEEK) = 8
13672 15:31:03.126969 read(0, "TYPE I\r\n", 8) = 8
13672 15:31:03.127015 write(0, "200 Switching to Binary mode.\r\n", 31) = 31
13672 15:31:03.127182 rt_sigaction(SIGALRM, {0x805cad0, ~[RTMIN RT_1], 0}, NULL, 8) = 0
13672 15:31:03.127251 alarm(300)        = 299
13672 15:31:03.127290 recv(0, "PASV\r\n", 4096, MSG_PEEK) = 6
13672 15:31:03.127329 read(0, "PASV\r\n", 6) = 6
13672 15:31:03.127358 write(5, "\n", 1 <unfinished ...>
13670 15:31:03.127380 <... read resumed> "\n", 1) = 1
13672 15:31:03.127391 <... write resumed> ) = 1
13670 15:31:03.127406 write(4, "\1", 1) = 1
13670 15:31:03.127428 read(4,  <unfinished ...>
13672 15:31:03.127443 read(5, "\1", 1)  = 1
13672 15:31:03.127467 write(5, "\f", 1 <unfinished ...>
13670 15:31:03.127482 <... read resumed> "\f", 1) = 1
13672 15:31:03.127492 <... write resumed> ) = 1
13670 15:31:03.127507 socket(PF_INET, SOCK_STREAM, IPPROTO_TCP) = 5
13670 15:31:03.127579 setsockopt(5, SOL_SOCKET, SO_REUSEADDR, [1], 4) = 0
13670 15:31:03.127617 bind(5, {sa_family=AF_INET, sin_port=htons(28338), sin_addr=inet_addr("127.0.0.1")}, 16) = 0
13670 15:31:03.127650 listen(5, 1)      = 0
13670 15:31:03.127678 write(4, "\262n\0\0", 4) = 4
13670 15:31:03.127702 read(4,  <unfinished ...>
13672 15:31:03.127717 read(5, "\262n\0\0", 4) = 4
13672 15:31:03.127764 write(0, "227 Entering Passive Mode (127,0,0,1,110,178).\r\n", 48) = 48
13672 15:31:03.128051 rt_sigaction(SIGALRM, {0x805cad0, ~[RTMIN RT_1], 0}, NULL, 8) = 0
13672 15:31:03.128114 alarm(300)        = 300
13672 15:31:03.128138 recv(0, "STOR myfile33\r\n", 4096, MSG_PEEK) = 15
13672 15:31:03.128165 read(0, "STOR myfile33\r\n", 15) = 15
13672 15:31:03.128194 write(5, "\v", 1 <unfinished ...>
13670 15:31:03.128211 <... read resumed> "\v", 1) = 1
13672 15:31:03.128222 <... write resumed> ) = 1
13670 15:31:03.128243 write(4, "\1\0\0\0", 4) = 4
13670 15:31:03.128261 read(4,  <unfinished ...>
13672 15:31:03.128273 read(5, "\1\0\0\0", 4) = 4
13672 15:31:03.128293 gettimeofday({1495654263, 128299}, NULL) = 0
13672 15:31:03.128312 getcwd("/home/msfadmin", 4096) = 15
13672 15:31:03.128333 open("myfile33", O_WRONLY|O_CREAT|O_NONBLOCK|O_LARGEFILE, 0666) = 4
13672 15:31:03.128357 fstat64(4, {st_mode=S_IFREG|0644, st_size=17, ...}) = 0
13672 15:31:03.128429 fcntl64(4, F_GETFL) = 0x8801 (flags O_WRONLY|O_NONBLOCK|O_LARGEFILE)
13672 15:31:03.128450 fcntl64(4, F_SETFL, O_WRONLY|O_LARGEFILE) = 0
13672 15:31:03.128468 fcntl64(4, F_SETLKW64, {type=F_WRLCK, whence=SEEK_SET, start=0, len=0}, 0xbfa65c54) = 0
13672 15:31:03.128491 ftruncate64(4, 0) = 0
13672 15:31:03.128520 _llseek(4, 0, [0], SEEK_SET) = 0
13672 15:31:03.128539 write(5, "\v", 1 <unfinished ...>
