11855 15:12:27.346972 close(4)          = 0
11855 15:12:27.347015 open("/etc/group", O_RDONLY|0x80000 /* O_??? */) = 4
11855 15:12:27.347045 _llseek(4, 0, [0], SEEK_CUR) = 0
11855 15:12:27.347066 fstat64(4, {st_mode=S_IFREG|0644, st_size=886, ...}) = 0
11855 15:12:27.347107 mmap2(NULL, 886, PROT_READ, MAP_SHARED, 4, 0) = 0xb7f5d000
11855 15:12:27.347128 _llseek(4, 886, [886], SEEK_SET) = 0
11855 15:12:27.347173 fstat64(4, {st_mode=S_IFREG|0644, st_size=886, ...}) = 0
11855 15:12:27.347204 munmap(0xb7f5d000, 886) = 0
11855 15:12:27.347223 close(4)          = 0
11855 15:12:27.347241 setgroups32(13, [1000, 4, 20, 24, 25, 29, 30, 44, 46, 107, 111, 112, 119]) = 0
11855 15:12:27.347271 geteuid32()       = 0
11855 15:12:27.347292 getegid32()       = 0
11855 15:12:27.347311 setregid32(-1, 1000) = 0
11855 15:12:27.347330 setreuid32(-1, 1000) = 0
11855 15:12:27.347350 chdir("/home/msfadmin") = 0
11855 15:12:27.347371 setreuid32(-1, 0) = 0
11855 15:12:27.347388 setregid32(-1, 0) = 0
11855 15:12:27.347408 setgid32(1000)    = 0
11855 15:12:27.347426 setuid32(1000)    = 0
11855 15:12:27.347444 setrlimit(RLIMIT_NPROC, {rlim_cur=0, rlim_max=0}) = 0
11855 15:12:27.347472 mmap2(NULL, 12288, PROT_READ|PROT_WRITE, MAP_PRIVATE|MAP_ANONYMOUS, -1, 0) = 0xb7f5b000
11855 15:12:27.347494 mprotect(0xb7f5d000, 4096, PROT_NONE) = 0
11855 15:12:27.347524 mprotect(0xb7f5b000, 4096, PROT_NONE) = 0
11855 15:12:27.347551 getcwd("/home/msfadmin", 4096) = 15
11855 15:12:27.347577 umask(022)        = 077
11855 15:12:27.347595 getcwd("/home/msfadmin", 4096) = 15
11855 15:12:27.347620 open(".message", O_RDONLY|O_NONBLOCK|O_LARGEFILE) = -1 ENOENT (No such file or directory)
11855 15:12:27.347662 write(0, "230 Login successful.\r\n", 23) = 23
11855 15:12:27.347827 rt_sigaction(SIGALRM, {0x805cad0, ~[RTMIN RT_1], 0}, NULL, 8) = 0
11855 15:12:27.347862 alarm(300)        = 0
11855 15:12:27.347882 mmap2(NULL, 12288, PROT_READ|PROT_WRITE, MAP_PRIVATE|MAP_ANONYMOUS, -1, 0) = 0xb7f58000
11855 15:12:27.347904 mprotect(0xb7f5a000, 4096, PROT_NONE) = 0
11855 15:12:27.347924 mprotect(0xb7f58000, 4096, PROT_NONE) = 0
11855 15:12:27.347947 recv(0, "TYPE I\r\n", 4096, MSG_PEEK) = 8
11855 15:12:27.347971 read(0, "TYPE I\r\n", 8) = 8
11855 15:12:27.348001 write(0, "200 Switching to Binary mode.\r\n", 31) = 31
11855 15:12:27.348073 rt_sigaction(SIGALRM, {0x805cad0, ~[RTMIN RT_1], 0}, NULL, 8) = 0
11855 15:12:27.348099 alarm(300)        = 300
11855 15:12:27.348120 recv(0, "PASV\r\n", 4096, MSG_PEEK) = 6
11855 15:12:27.348140 read(0, "PASV\r\n", 6) = 6
11855 15:12:27.348162 write(5, "\n", 1) = 1
11855 15:12:27.348186 read(5,  <unfinished ...>
11853 15:12:27.348210 close(5)          = 0
11853 15:12:27.348234 getuid32()        = 0
11853 15:12:27.348262 open("/etc/passwd", O_RDONLY|0x80000 /* O_??? */) = 5
11853 15:12:27.348287 _llseek(5, 0, [0], SEEK_CUR) = 0
11853 15:12:27.348310 fstat64(5, {st_mode=S_IFREG|0644, st_size=1624, ...}) = 0
11853 15:12:27.348342 mmap2(NULL, 1624, PROT_READ, MAP_SHARED, 5, 0) = 0xb7f5d000
11853 15:12:27.348363 _llseek(5, 1624, [1624], SEEK_SET) = 0
11853 15:12:27.348395 munmap(0xb7f5d000, 1624) = 0
11853 15:12:27.348416 close(5)          = 0
11853 15:12:27.348445 setgroups32(0, []) = 0
11853 15:12:27.348466 chdir("/usr/share/empty") = 0
11853 15:12:27.348489 chroot(".")       = 0
11853 15:12:27.348533 capset(NULL, NULL) = -1 EFAULT (Bad address)
11853 15:12:27.348559 prctl(0x8, 0, 0xbf9cd468, 0x80549a6, 0xbf9cd450) = 0
11853 15:12:27.348590 prctl(0x8, 0x1, 0xbf9cd468, 0x8054a49, 0xbf9cd450) = 0
11853 15:12:27.348610 setgid32(65534)   = 0
11853 15:12:27.348628 setuid32(65534)   = 0
11853 15:12:27.348646 capset(0x19980330, 0, {CAP_NET_BIND_SERVICE, CAP_NET_BIND_SERVICE, 0}) = 0
11853 15:12:27.348669 read(4, "\n", 1)  = 1
11853 15:12:27.348694 write(4, "\1", 1) = 1
11855 15:12:27.348715 <... read resumed> "\1", 1) = 1
11855 15:12:27.348729 write(5, "\f", 1) = 1
11855 15:12:27.348748 read(5,  <unfinished ...>
11853 15:12:27.348760 read(4, "\f", 1)  = 1
11853 15:12:27.348783 socket(PF_INET, SOCK_STREAM, IPPROTO_TCP) = 5
11853 15:12:27.348809 setsockopt(5, SOL_SOCKET, SO_REUSEADDR, [1], 4) = 0
11853 15:12:27.348831 gettimeofday({1495653147, 348837}, NULL) = 0
11853 15:12:27.348860 bind(5, {sa_family=AF_INET, sin_port=htons(32439), sin_addr=inet_addr("127.0.0.1")}, 16) = 0
11853 15:12:27.348890 listen(5, 1)      = 0
11853 15:12:27.348923 write(4, "\267~\0\0", 4) = 4
11855 15:12:27.348946 <... read resumed> "\267~\0\0", 4) = 4
11855 15:12:27.348982 write(0, "227 Entering Passive Mode (127,0,0,1,126,183).\r\n", 48) = 48
11855 15:12:27.349192 rt_sigaction(SIGALRM, {0x805cad0, ~[RTMIN RT_1], 0}, NULL, 8) = 0
11855 15:12:27.349225 alarm(300)        = 300
11855 15:12:27.349247 recv(0, "STOR myfile11\r\n", 4096, MSG_PEEK) = 15
11855 15:12:27.349273 read(0, "STOR myfile11\r\n", 15) = 15
11855 15:12:27.349304 write(5, "\v", 1) = 1
11855 15:12:27.349334 read(5,  <unfinished ...>
11853 15:12:27.349348 read(4, "\v", 1)  = 1
11853 15:12:27.349425 write(4, "\1\0\0\0", 4) = 4
11855 15:12:27.349469 <... read resumed> "\1\0\0\0", 4) = 4
11855 15:12:27.349487 gettimeofday({1495653147, 349494}, NULL) = 0
11855 15:12:27.349508 getcwd("/home/msfadmin", 4096) = 15
11855 15:12:27.349532 open("myfile11", O_WRONLY|O_CREAT|O_NONBLOCK|O_LARGEFILE, 0666) = 4
11855 15:12:27.349558 fstat64(4, {st_mode=S_IFREG|0644, st_size=17, ...}) = 0
11855 15:12:27.349590 fcntl64(4, F_GETFL) = 0x8801 (flags O_WRONLY|O_NONBLOCK|O_LARGEFILE)
11855 15:12:27.349610 fcntl64(4, F_SETFL, O_WRONLY|O_LARGEFILE) = 0
11855 15:12:27.349629 fcntl64(4, F_SETLKW64, {type=F_WRLCK, whence=SEEK_SET, start=0, len=0}, 0xbf9cd3b4) = 0
11855 15:12:27.349667 ftruncate64(4, 0) = 0
11855 15:12:27.349705 _llseek(4, 0, [0], SEEK_SET) = 0
11855 15:12:27.349726 write(5, "\v", 1) = 1
11855 15:12:27.349745 read(5,  <unfinished ...>
11853 15:12:27.349758 read(4, "\v", 1)  = 1
11853 15:12:27.349778 write(4, "\1\0\0\0", 4) = 4
11855 15:12:27.349798 <... read resumed> "\1\0\0\0", 4) = 4
11855 15:12:27.349812 write(5, "\v", 1) = 1
11855 15:12:27.349830 read(5,  <unfinished ...>
11853 15:12:27.349842 read(4, "\v", 1)  = 1
11853 15:12:27.349861 write(4, "\1\0\0\0", 4) = 4
11855 15:12:27.349880 <... read resumed> "\1\0\0\0", 4) = 4
11855 15:12:27.349894 write(5, "\r", 1) = 1
11855 15:12:27.349912 read(5,  <unfinished ...>
11853 15:12:27.349924 read(4, "\r", 1)  = 1
11853 15:12:27.349948 select(6, [5], NULL, NULL, {60, 0}) = 1 (in [5], left {60, 0})
11853 15:12:27.349979 accept(5, {sa_family=AF_INET, sin_port=htons(48199), sin_addr=inet_addr("127.0.0.1")}, [16]) = 6
11853 15:12:27.350021 write(4, "\1", 1) = 1
11855 15:12:27.350052 <... read resumed> "\1", 1) = 1
11855 15:12:27.350071 recvmsg(5,  <unfinished ...>
11853 15:12:27.350089 sendmsg(4, {msg_name(0)=NULL, msg_iov(1)=[{"\0", 1}], msg_controllen=16, {cmsg_len=16, cmsg_level=SOL_SOCKET, cmsg_type=SCM_RIGHTS, {6}}, msg_flags=0}, 0) = 1
11855 15:12:27.350121 <... recvmsg resumed> {msg_name(0)=NULL, msg_iov(1)=[{"\0", 1}], msg_controllen=16, {cmsg_len=16, cmsg_level=SOL_SOCKET, cmsg_type=SCM_RIGHTS, {6}}, msg_flags=0}, 0) = 1
11855 15:12:27.350145 setsockopt(6, SOL_SOCKET, SO_KEEPALIVE, [1], 4) = 0
11855 15:12:27.350167 setsockopt(6, SOL_IP, IP_TOS, [8], 4) = 0
11855 15:12:27.350189 setsockopt(6, SOL_SOCKET, SO_LINGER, {onoff=1, linger=32767}, 8) = 0
11855 15:12:27.350209 rt_sigaction(SIGALRM, {0x805cad0, ~[RTMIN RT_1], 0}, NULL, 8) = 0
11855 15:12:27.350235 alarm(300)        = 300
11855 15:12:27.350259 write(0, "150 Ok to send data.\r\n", 22) = 22
11855 15:12:27.350391 mmap2(NULL, 77824, PROT_READ|PROT_WRITE, MAP_PRIVATE|MAP_ANONYMOUS, -1, 0) = 0xb7d92000
11855 15:12:27.350437 mprotect(0xb7da4000, 4096, PROT_NONE) = 0
11855 15:12:27.350464 mprotect(0xb7d92000, 4096, PROT_NONE) = 0
11855 15:12:27.350483 read(6, "assasaaa\na\na\na\na\n", 65536) = 17
11855 15:12:27.350509 write(4, "assasaaa\na\na\na\na\n", 17) = 17
11855 15:12:27.350539 read(6, "", 65536) = 0
11855 15:12:27.350558 rt_sigaction(SIGALRM, {0x805cad0, ~[RTMIN RT_1], 0}, NULL, 8) = 0
11855 15:12:27.350584 alarm(300)        = 300
11855 15:12:27.350602 close(6)          = 0
11855 15:12:27.350619 alarm(0)          = 300
11855 15:12:27.350636 gettimeofday({1495653147, 350643}, NULL) = 0
11855 15:12:27.350671 getpid()          = 11855
11855 15:12:27.350693 gettimeofday({1495653147, 350700}, NULL) = 0
11855 15:12:27.350725 fcntl64(3, F_SETLKW64, {type=F_WRLCK, whence=SEEK_SET, start=0, len=0}, 0xbf9cd354) = 0
11855 15:12:27.350758 write(3, "Wed May 24 15:12:27 2017 [pid 11855] [msfadmin] OK UPLOAD: Client \"127.0.0.1\", \"/home/msfadmin/myfile11\", 17 bytes, 13.77Kbyte/sec\n", 131) = 131
11855 15:12:27.350795 fcntl64(3, F_SETLK64, {type=F_UNLCK, whence=SEEK_SET, start=0, len=0}, 0xbf9cd35c) = 0
11855 15:12:27.350823 write(0, "226 Transfer complete.\r\n", 24) = 24
11855 15:12:27.350912 write(5, "\n", 1) = 1
11855 15:12:27.350934 read(5,  <unfinished ...>
11853 15:12:27.350947 close(6)          = 0
11853 15:12:27.350981 read(4, "\n", 1)  = 1
11853 15:12:27.351002 close(5)          = 0
11853 15:12:27.351022 write(4, "\1", 1) = 1
11855 15:12:27.351042 <... read resumed> "\1", 1) = 1
11855 15:12:27.351055 close(4)          = 0
11855 15:12:27.351075 rt_sigaction(SIGALRM, {0x805cad0, ~[RTMIN RT_1], 0}, NULL, 8) = 0
11855 15:12:27.351100 alarm(300)        = 0
11855 15:12:27.351120 recv(0,  <unfinished ...>
11853 15:12:27.351134 read(4,  <unfinished ...>
11855 15:12:27.889537 <... recv resumed> "TYPE I\r\n", 4096, MSG_PEEK) = 8
11855 15:12:27.889595 read(0, "TYPE I\r\n", 8) = 8
11855 15:12:27.889653 write(0, "200 Switching to Binary mode.\r\n", 31) = 31
11855 15:12:27.889765 rt_sigaction(SIGALRM, {0x805cad0, ~[RTMIN RT_1], 0}, NULL, 8) = 0
11855 15:12:27.889807 alarm(300)        = 299
11855 15:12:27.889837 recv(0, "PASV\r\n", 4096, MSG_PEEK) = 6
11855 15:12:27.889866 read(0, "PASV\r\n", 6) = 6
11855 15:12:27.889896 write(5, "\n", 1) = 1
11855 15:12:27.889926 read(5,  <unfinished ...>
11853 15:12:27.889953 <... read resumed> "\n", 1) = 1
11853 15:12:27.889978 write(4, "\1", 1) = 1
11855 15:12:27.890005 <... read resumed> "\1", 1) = 1
11855 15:12:27.890023 write(5, "\f", 1) = 1
11855 15:12:27.890048 read(5,  <unfinished ...>
11853 15:12:27.890064 read(4, "\f", 1)  = 1
11853 15:12:27.890094 socket(PF_INET, SOCK_STREAM, IPPROTO_TCP) = 5
11853 15:12:27.890129 setsockopt(5, SOL_SOCKET, SO_REUSEADDR, [1], 4) = 0
11853 15:12:27.890163 bind(5, {sa_family=AF_INET, sin_port=htons(58753), sin_addr=inet_addr("127.0.0.1")}, 16) = 0
11853 15:12:27.890201 listen(5, 1)      = 0
11853 15:12:27.890271 write(4, "\201\345\0\0", 4) = 4
11855 15:12:27.890305 <... read resumed> "\201\345\0\0", 4) = 4
11855 15:12:27.890350 write(0, "227 Entering Passive Mode (127,0,0,1,229,129).\r\n", 48) = 48
11855 15:12:27.890611 rt_sigaction(SIGALRM, {0x805cad0, ~[RTMIN RT_1], 0}, NULL, 8) = 0
11855 15:12:27.890654 alarm(300)        = 300
11855 15:12:27.890683 recv(0, "STOR myfile12\r\n", 4096, MSG_PEEK) = 15
11855 15:12:27.890714 read(0, "STOR myfile12\r\n", 15) = 15
11855 15:12:27.890747 write(5, "\v", 1) = 1
11855 15:12:27.890773 read(5,  <unfinished ...>
11853 15:12:27.890791 read(4, "\v", 1)  = 1
11853 15:12:27.890818 write(4, "\1\0\0\0", 4) = 4
11855 15:12:27.890844 <... read resumed> "\1\0\0\0", 4) = 4
11855 15:12:27.890864 gettimeofday({1495653147, 890873}, NULL) = 0
11855 15:12:27.890890 getcwd("/home/msfadmin", 4096) = 15
11855 15:12:27.890921 open("myfile12", O_WRONLY|O_CREAT|O_NONBLOCK|O_LARGEFILE, 0666) = 4
11855 15:12:27.890955 fstat64(4, {st_mode=S_IFREG|0644, st_size=17, ...}) = 0
11855 15:12:27.890998 fcntl64(4, F_GETFL) = 0x8801 (flags O_WRONLY|O_NONBLOCK|O_LARGEFILE)
11855 15:12:27.891026 fcntl64(4, F_SETFL, O_WRONLY|O_LARGEFILE) = 0
11855 15:12:27.891050 fcntl64(4, F_SETLKW64, {type=F_WRLCK, whence=SEEK_SET, start=0, len=0}, 0xbf9cd3b4) = 0
11855 15:12:27.891084 ftruncate64(4, 0) = 0
11855 15:12:27.891127 _llseek(4, 0, [0], SEEK_SET) = 0
11855 15:12:27.891154 write(5, "\v", 1) = 1
11855 15:12:27.891180 read(5,  <unfinished ...>
11853 15:12:27.891223 read(4, "\v", 1)  = 1
11853 15:12:27.891256 write(4, "\1\0\0\0", 4) = 4
11855 15:12:27.891283 <... read resumed> "\1\0\0\0", 4) = 4
11855 15:12:27.891301 write(5, "\v", 1) = 1
11855 15:12:27.891326 read(5,  <unfinished ...>
11853 15:12:27.891342 read(4, "\v", 1)  = 1
11853 15:12:27.891369 write(4, "\1\0\0\0", 4) = 4
11855 15:12:27.891394 <... read resumed> "\1\0\0\0", 4) = 4
11855 15:12:27.891412 write(5, "\r", 1) = 1
11855 15:12:27.891436 read(5,  <unfinished ...>
11853 15:12:27.891453 read(4, "\r", 1)  = 1
11853 15:12:27.891495 select(6, [5], NULL, NULL, {60, 0}) = 1 (in [5], left {60, 0})
11853 15:12:27.891535 accept(5, {sa_family=AF_INET, sin_port=htons(53909), sin_addr=inet_addr("127.0.0.1")}, [16]) = 6
11853 15:12:27.891590 write(4, "\1", 1) = 1
11855 15:12:27.891616 <... read resumed> "\1", 1) = 1
11855 15:12:27.891638 recvmsg(5,  <unfinished ...>
11853 15:12:27.891658 sendmsg(4, {msg_name(0)=NULL, msg_iov(1)=[{"\0", 1}], msg_controllen=16, {cmsg_len=16, cmsg_level=SOL_SOCKET, cmsg_type=SCM_RIGHTS, {6}}, msg_flags=0}, 0) = 1
11855 15:12:27.891700 <... recvmsg resumed> {msg_name(0)=NULL, msg_iov(1)=[{"\0", 1}], msg_controllen=16, {cmsg_len=16, cmsg_level=SOL_SOCKET, cmsg_type=SCM_RIGHTS, {6}}, msg_flags=0}, 0) = 1
11855 15:12:27.891736 setsockopt(6, SOL_SOCKET, SO_KEEPALIVE, [1], 4) = 0
11855 15:12:27.891777 setsockopt(6, SOL_IP, IP_TOS, [8], 4) = 0
11855 15:12:27.891807 setsockopt(6, SOL_SOCKET, SO_LINGER, {onoff=1, linger=32767}, 8) = 0
11855 15:12:27.891835 rt_sigaction(SIGALRM, {0x805cad0, ~[RTMIN RT_1], 0}, NULL, 8) = 0
11855 15:12:27.891868 alarm(300)        = 300
11855 15:12:27.891900 write(0, "150 Ok to send data.\r\n", 22) = 22
11855 15:12:27.892105 read(6, "assasaaa\na\na\na\na\n", 65536) = 17
11855 15:12:27.892230 write(4, "assasaaa\na\na\na\na\n", 17) = 17
11855 15:12:27.892286 read(6, "", 65536) = 0
11855 15:12:27.892316 rt_sigaction(SIGALRM, {0x805cad0, ~[RTMIN RT_1], 0}, NULL, 8) = 0
11855 15:12:27.892387 alarm(300)        = 300
11855 15:12:27.892414 close(6)          = 0
11855 15:12:27.892437 alarm(0)          = 300
11855 15:12:27.892461 gettimeofday({1495653147, 892470}, NULL) = 0
11855 15:12:27.892501 gettimeofday({1495653147, 892517}, NULL) = 0
11855 15:12:27.892545 fcntl64(3, F_SETLKW64, {type=F_WRLCK, whence=SEEK_SET, start=0, len=0}, 0xbf9cd354) = 0
11855 15:12:27.892582 write(3, "Wed May 24 15:12:27 2017 [pid 11855] [msfadmin] OK UPLOAD: Client \"127.0.0.1\", \"/home/msfadmin/myfile12\", 17 bytes, 10.10Kbyte/sec\n", 131) = 131
11855 15:12:27.892633 fcntl64(3, F_SETLK64, {type=F_UNLCK, whence=SEEK_SET, start=0, len=0}, 0xbf9cd35c) = 0
11855 15:12:27.892669 write(0, "226 Transfer complete.\r\n", 24) = 24
11855 15:12:27.892779 write(5, "\n", 1) = 1
11855 15:12:27.892809 read(5,  <unfinished ...>
11853 15:12:27.892828 close(6)          = 0
11853 15:12:27.892884 read(4, "\n", 1)  = 1
11853 15:12:27.892914 close(5)          = 0
11853 15:12:27.892941 write(4, "\1", 1) = 1
11855 15:12:27.892968 <... read resumed> "\1", 1) = 1
11855 15:12:27.892985 close(4)          = 0
11855 15:12:27.893012 rt_sigaction(SIGALRM, {0x805cad0, ~[RTMIN RT_1], 0}, NULL, 8) = 0
11855 15:12:27.893046 alarm(300)        = 0
11855 15:12:27.893073 recv(0,  <unfinished ...>
11853 15:12:27.893092 read(4,  <unfinished ...>
11855 15:12:28.420491 <... recv resumed> "TYPE I\r\n", 4096, MSG_PEEK) = 8
11855 15:12:28.420673 read(0, "TYPE I\r\n", 8) = 8
11855 15:12:28.420855 write(0, "200 Switching to Binary mode.\r\n", 31) = 31
11855 15:12:28.421210 rt_sigaction(SIGALRM, {0x805cad0, ~[RTMIN RT_1], 0}, NULL, 8) = 0
11855 15:12:28.421297 alarm(300)        = 299
11855 15:12:28.421351 recv(0, "PASV\r\n", 4096, MSG_PEEK) = 6
11855 15:12:28.421401 read(0, "PASV\r\n", 6) = 6
11855 15:12:28.421454 write(5, "\n", 1) = 1
11855 15:12:28.421506 read(5,  <unfinished ...>
11853 15:12:28.421538 <... read resumed> "\n", 1) = 1
11853 15:12:28.421574 write(4, "\1", 1) = 1
11855 15:12:28.421620 <... read resumed> "\1", 1) = 1
11855 15:12:28.421651 write(5, "\f", 1) = 1
11855 15:12:28.421695 read(5,  <unfinished ...>
11853 15:12:28.421724 read(4, "\f", 1)  = 1
11853 15:12:28.421776 socket(PF_INET, SOCK_STREAM, IPPROTO_TCP) = 5
11853 15:12:28.421837 setsockopt(5, SOL_SOCKET, SO_REUSEADDR, [1], 4) = 0
11853 15:12:28.421895 bind(5, {sa_family=AF_INET, sin_port=htons(40099), sin_addr=inet_addr("127.0.0.1")}, 16) = 0
11853 15:12:28.422019 listen(5, 1)      = 0
11853 15:12:28.422080 write(4, "\243\234\0\0", 4) = 4
11855 15:12:28.422131 <... read resumed> "\243\234\0\0", 4) = 4
11855 15:12:28.422184 write(0, "227 Entering Passive Mode (127,0,0,1,156,163).\r\n", 48) = 48
11855 15:12:28.422616 rt_sigaction(SIGALRM, {0x805cad0, ~[RTMIN RT_1], 0}, NULL, 8) = 0
11855 15:12:28.422691 alarm(300)        = 300
11855 15:12:28.422741 recv(0, "STOR myfile13\r\n", 4096, MSG_PEEK) = 15
11855 15:12:28.422794 read(0, "STOR myfile13\r\n", 15) = 15
11855 15:12:28.422852 write(5, "\v", 1) = 1
11855 15:12:28.422945 read(5,  <unfinished ...>
11853 15:12:28.422993 read(4, "\v", 1)  = 1
11853 15:12:28.423045 write(4, "\1\0\0\0", 4) = 4
11855 15:12:28.423092 <... read resumed> "\1\0\0\0", 4) = 4
11855 15:12:28.423126 gettimeofday({1495653148, 423143}, NULL) = 0
11855 15:12:28.423174 getcwd("/home/msfadmin", 4096) = 15
11855 15:12:28.423228 open("myfile13", O_WRONLY|O_CREAT|O_NONBLOCK|O_LARGEFILE, 0666) = 4
11855 15:12:28.423286 fstat64(4, {st_mode=S_IFREG|0644, st_size=17, ...}) = 0
11855 15:12:28.423361 fcntl64(4, F_GETFL) = 0x8801 (flags O_WRONLY|O_NONBLOCK|O_LARGEFILE)
11855 15:12:28.423409 fcntl64(4, F_SETFL, O_WRONLY|O_LARGEFILE) = 0
11855 15:12:28.423452 fcntl64(4, F_SETLKW64, {type=F_WRLCK, whence=SEEK_SET, start=0, len=0}, 0xbf9cd3b4) = 0
11855 15:12:28.423510 ftruncate64(4, 0) = 0
11855 15:12:28.423582 _llseek(4, 0, [0], SEEK_SET) = 0
11855 15:12:28.423629 write(5, "\v", 1) = 1
11855 15:12:28.423674 read(5,  <unfinished ...>
11853 15:12:28.423704 read(4, "\v", 1)  = 1
11853 15:12:28.423753 write(4, "\1\0\0\0", 4) = 4
11855 15:12:28.423799 <... read resumed> "\1\0\0\0", 4) = 4
11855 15:12:28.423831 write(5, "\v", 1) = 1
11855 15:12:28.423917 read(5,  <unfinished ...>
11853 15:12:28.423958 read(4, "\v", 1)  = 1
11853 15:12:28.424007 write(4, "\1\0\0\0", 4) = 4
11855 15:12:28.424053 <... read resumed> "\1\0\0\0", 4) = 4
11855 15:12:28.424085 write(5, "\r", 1) = 1
11855 15:12:28.424128 read(5,  <unfinished ...>
11853 15:12:28.424156 read(4, "\r", 1)  = 1
11853 15:12:28.424207 select(6, [5], NULL, NULL, {60, 0}) = 1 (in [5], left {60, 0})
11853 15:12:28.424276 accept(5, {sa_family=AF_INET, sin_port=htons(57326), sin_addr=inet_addr("127.0.0.1")}, [16]) = 6
11853 15:12:28.424371 write(4, "\1", 1) = 1
11855 15:12:28.424388 <... read resumed> "\1", 1) = 1
11855 15:12:28.424388 recvmsg(5,  <unfinished ...>
11853 15:12:28.424388 sendmsg(4, {msg_name(0)=NULL, msg_iov(1)=[{"\0", 1}], msg_controllen=16, {cmsg_len=16, cmsg_level=SOL_SOCKET, cmsg_type=SCM_RIGHTS, {6}}, msg_flags=0}, 0) = 1
11855 15:12:28.424394 <... recvmsg resumed> {msg_name(0)=NULL, msg_iov(1)=[{"\0", 1}], msg_controllen=16, {cmsg_len=16, cmsg_level=SOL_SOCKET, cmsg_type=SCM_RIGHTS, {6}}, msg_flags=0}, 0) = 1
11855 15:12:28.424512 setsockopt(6, SOL_SOCKET, SO_KEEPALIVE, [1], 4) = 0
11855 15:12:28.424569 setsockopt(6, SOL_IP, IP_TOS, [8], 4) = 0
11855 15:12:28.424620 setsockopt(6, SOL_SOCKET, SO_LINGER, {onoff=1, linger=32767}, 8) = 0
11855 15:12:28.424669 rt_sigaction(SIGALRM, {0x805cad0, ~[RTMIN RT_1], 0}, NULL, 8) = 0
11855 15:12:28.424727 alarm(300)        = 300
11855 15:12:28.424784 write(0, "150 Ok to send data.\r\n", 22) = 22
11855 15:12:28.425056 read(6, "assasaaa\na\na\na\na\n", 65536) = 17
11855 15:12:28.425119 write(4, "assasaaa\na\na\na\na\n", 17) = 17
11855 15:12:28.425187 read(6, "", 65536) = 0
11855 15:12:28.425232 rt_sigaction(SIGALRM, {0x805cad0, ~[RTMIN RT_1], 0}, NULL, 8) = 0
11855 15:12:28.425292 alarm(300)        = 300
11855 15:12:28.425334 close(6)          = 0
11855 15:12:28.425374 alarm(0)          = 300
11855 15:12:28.425482 gettimeofday({1495653148, 425502}, NULL) = 0
11855 15:12:28.425551 gettimeofday({1495653148, 425569}, NULL) = 0
11855 15:12:28.425608 fcntl64(3, F_SETLKW64, {type=F_WRLCK, whence=SEEK_SET, start=0, len=0}, 0xbf9cd354) = 0
11855 15:12:28.425672 write(3, "Wed May 24 15:12:28 2017 [pid 11855] [msfadmin] OK UPLOAD: Client \"127.0.0.1\", \"/home/msfadmin/myfile13\", 17 bytes, 6.84Kbyte/sec\n", 130) = 130
11855 15:12:28.425761 fcntl64(3, F_SETLK64, {type=F_UNLCK, whence=SEEK_SET, start=0, len=0}, 0xbf9cd35c) = 0
11855 15:12:28.425825 write(0, "226 Transfer complete.\r\n", 24) = 24
11855 15:12:28.426003 write(5, "\n", 1) = 1
11855 15:12:28.426055 read(5,  <unfinished ...>
11853 15:12:28.426086 close(6)          = 0
11853 15:12:28.426179 read(4, "\n", 1)  = 1
11853 15:12:28.426230 close(5)          = 0
11853 15:12:28.426276 write(4, "\1", 1) = 1
11855 15:12:28.426322 <... read resumed> "\1", 1) = 1
11855 15:12:28.426356 close(4)          = 0
11855 15:12:28.426576 rt_sigaction(SIGALRM, {0x805cad0, ~[RTMIN RT_1], 0}, NULL, 8) = 0
11855 15:12:28.426638 alarm(300)        = 0
11855 15:12:28.426686 recv(0,  <unfinished ...>
11853 15:12:28.426721 read(4,  <unfinished ...>
11850 15:12:28.830700 <... read resumed> "\n", 1) = 1
