10235 14:56:03.758169 open("myfile27", O_WRONLY|O_CREAT|O_NONBLOCK|O_LARGEFILE, 0666) = 4
10235 14:56:03.758228 fstat64(4, {st_mode=S_IFREG|0644, st_size=17, ...}) = 0
10235 14:56:03.758302 fcntl64(4, F_GETFL) = 0x8801 (flags O_WRONLY|O_NONBLOCK|O_LARGEFILE)
10235 14:56:03.758351 fcntl64(4, F_SETFL, O_WRONLY|O_LARGEFILE) = 0
10235 14:56:03.758394 fcntl64(4, F_SETLKW64, {type=F_WRLCK, whence=SEEK_SET, start=0, len=0}, 0xbff090f4) = 0
10235 14:56:03.758475 ftruncate64(4, 0) = 0
10235 14:56:03.758544 _llseek(4, 0, [0], SEEK_SET) = 0
10235 14:56:03.758591 write(5, "\v", 1) = 1
10235 14:56:03.758635 read(5,  <unfinished ...>
10233 14:56:03.758666 read(4, "\v", 1)  = 1
10233 14:56:03.758714 write(4, "\1\0\0\0", 4) = 4
10235 14:56:03.758759 <... read resumed> "\1\0\0\0", 4) = 4
10235 14:56:03.758792 write(5, "\v", 1) = 1
10235 14:56:03.758834 read(5,  <unfinished ...>
10233 14:56:03.758862 read(4, "\v", 1)  = 1
10233 14:56:03.759008 write(4, "\1\0\0\0", 4) = 4
10235 14:56:03.759057 <... read resumed> "\1\0\0\0", 4) = 4
10235 14:56:03.759090 write(5, "\r", 1) = 1
10235 14:56:03.759133 read(5,  <unfinished ...>
10233 14:56:03.759162 read(4, "\r", 1)  = 1
10233 14:56:03.759212 select(6, [5], NULL, NULL, {60, 0}) = 1 (in [5], left {60, 0})
10233 14:56:03.759280 accept(5, {sa_family=AF_INET, sin_port=htons(52572), sin_addr=inet_addr("127.0.0.1")}, [16]) = 6
10233 14:56:03.759376 write(4, "\1", 1) = 1
10235 14:56:03.759422 <... read resumed> "\1", 1) = 1
10235 14:56:03.759458 recvmsg(5,  <unfinished ...>
10233 14:56:03.759494 sendmsg(4, {msg_name(0)=NULL, msg_iov(1)=[{"\0", 1}], msg_controllen=16, {cmsg_len=16, cmsg_level=SOL_SOCKET, cmsg_type=SCM_RIGHTS, {6}}, msg_flags=0}, 0) = 1
10235 14:56:03.759567 <... recvmsg resumed> {msg_name(0)=NULL, msg_iov(1)=[{"\0", 1}], msg_controllen=16, {cmsg_len=16, cmsg_level=SOL_SOCKET, cmsg_type=SCM_RIGHTS, {6}}, msg_flags=0}, 0) = 1
10235 14:56:03.759624 setsockopt(6, SOL_SOCKET, SO_KEEPALIVE, [1], 4) = 0
10235 14:56:03.759677 setsockopt(6, SOL_IP, IP_TOS, [8], 4) = 0
10235 14:56:03.759726 setsockopt(6, SOL_SOCKET, SO_LINGER, {onoff=1, linger=32767}, 8) = 0
10235 14:56:03.759774 rt_sigaction(SIGALRM, {0x805cad0, ~[RTMIN RT_1], 0}, NULL, 8) = 0
10235 14:56:03.759832 alarm(300)        = 300
10235 14:56:03.759944 write(0, "150 Ok to send data.\r\n", 22) = 22
10235 14:56:03.760213 read(6, "assasaaa\na\na\na\na\n", 65536) = 17
10235 14:56:03.760275 write(4, "assasaaa\na\na\na\na\n", 17) = 17
10233 14:56:03.760342 close(6)          = 0
10235 14:56:03.760386 read(6,  <unfinished ...>
10233 14:56:03.760412 read(4,  <unfinished ...>
10235 14:56:03.760435 <... read resumed> "", 65536) = 0
10235 14:56:03.760470 rt_sigaction(SIGALRM, {0x805cad0, ~[RTMIN RT_1], 0}, NULL, 8) = 0
10235 14:56:03.760529 alarm(300)        = 300
10235 14:56:03.760571 close(6)          = 0
10235 14:56:03.760643 alarm(0)          = 300
10235 14:56:03.760686 gettimeofday({1495652163, 760702}, NULL) = 0
10235 14:56:03.760749 gettimeofday({1495652163, 760765}, NULL) = 0
10235 14:56:03.760802 fcntl64(3, F_SETLKW64, {type=F_WRLCK, whence=SEEK_SET, start=0, len=0}, 0xbff09094) = 0
10235 14:56:03.760919 write(3, "Wed May 24 14:56:03 2017 [pid 10235] [msfadmin] OK UPLOAD: Client \"127.0.0.1\", \"/home/msfadmin/myfile27\", 17 bytes, 6.19Kbyte/sec\n", 130) = 130
10235 14:56:03.761005 fcntl64(3, F_SETLK64, {type=F_UNLCK, whence=SEEK_SET, start=0, len=0}, 0xbff0909c) = 0
10235 14:56:03.761068 write(0, "226 Transfer complete.\r\n", 24) = 24
10235 14:56:03.761244 write(5, "\n", 1) = 1
10233 14:56:03.761297 <... read resumed> "\n", 1) = 1
10233 14:56:03.761326 close(5)          = 0
10233 14:56:03.761377 write(4, "\1", 1) = 1
10233 14:56:03.761425 read(4,  <unfinished ...>
10235 14:56:03.761455 read(5, "\1", 1)  = 1
10235 14:56:03.761502 close(4)          = 0
10235 14:56:03.761549 rt_sigaction(SIGALRM, {0x805cad0, ~[RTMIN RT_1], 0}, NULL, 8) = 0
10235 14:56:03.761607 alarm(300)        = 0
10235 14:56:03.761655 recv(0, "TYPE I\r\n", 4096, MSG_PEEK) = 8
10235 14:56:04.275207 read(0, "TYPE I\r\n", 8) = 8
10235 14:56:04.275309 write(0, "200 Switching to Binary mode.\r\n", 31) = 31
10235 14:56:04.275499 rt_sigaction(SIGALRM, {0x805cad0, ~[RTMIN RT_1], 0}, NULL, 8) = 0
10235 14:56:04.275571 alarm(300)        = 299
10235 14:56:04.275666 recv(0, "PASV\r\n", 4096, MSG_PEEK) = 6
10235 14:56:04.275730 read(0, "PASV\r\n", 6) = 6
10235 14:56:04.275783 write(5, "\n", 1) = 1
10233 14:56:04.275835 <... read resumed> "\n", 1) = 1
10233 14:56:04.275869 write(4, "\1", 1) = 1
10233 14:56:04.275940 read(4,  <unfinished ...>
10235 14:56:04.275972 read(5, "\1", 1)  = 1
10235 14:56:04.276023 write(5, "\f", 1) = 1
10233 14:56:04.276065 <... read resumed> "\f", 1) = 1
10233 14:56:04.276098 socket(PF_INET, SOCK_STREAM, IPPROTO_TCP) = 5
10233 14:56:04.276199 setsockopt(5, SOL_SOCKET, SO_REUSEADDR, [1], 4) = 0
10233 14:56:04.276261 bind(5, {sa_family=AF_INET, sin_port=htons(55189), sin_addr=inet_addr("127.0.0.1")}, 16) = 0
10233 14:56:04.276326 listen(5, 1)      = 0
10233 14:56:04.276382 write(4, "\225\327\0\0", 4) = 4
10233 14:56:04.276432 read(4,  <unfinished ...>
10235 14:56:04.276463 read(5, "\225\327\0\0", 4) = 4
10235 14:56:04.276531 write(0, "227 Entering Passive Mode (127,0,0,1,215,149).\r\n", 48) = 48
10235 14:56:04.277013 rt_sigaction(SIGALRM, {0x805cad0, ~[RTMIN RT_1], 0}, NULL, 8) = 0
10235 14:56:04.277093 alarm(300)        = 300
10235 14:56:04.277205 recv(0, "STOR myfile28\r\n", 4096, MSG_PEEK) = 15
10235 14:56:04.277261 read(0, "STOR myfile28\r\n", 15) = 15
10235 14:56:04.277319 write(5, "\v", 1) = 1
10233 14:56:04.277366 <... read resumed> "\v", 1) = 1
10233 14:56:04.277397 write(4, "\1\0\0\0", 4) = 4
10233 14:56:04.277445 read(4,  <unfinished ...>
10235 14:56:04.277475 read(5, "\1\0\0\0", 4) = 4
10235 14:56:04.277525 gettimeofday({1495652164, 277542}, NULL) = 0
10235 14:56:04.277573 getcwd("/home/msfadmin", 4096) = 15
10235 14:56:04.277669 open("myfile28", O_WRONLY|O_CREAT|O_NONBLOCK|O_LARGEFILE, 0666) = 4
10235 14:56:04.277731 fstat64(4, {st_mode=S_IFREG|0644, st_size=17, ...}) = 0
10235 14:56:04.277806 fcntl64(4, F_GETFL) = 0x8801 (flags O_WRONLY|O_NONBLOCK|O_LARGEFILE)
10235 14:56:04.277854 fcntl64(4, F_SETFL, O_WRONLY|O_LARGEFILE) = 0
10235 14:56:04.277897 fcntl64(4, F_SETLKW64, {type=F_WRLCK, whence=SEEK_SET, start=0, len=0}, 0xbff090f4) = 0
10235 14:56:04.277955 ftruncate64(4, 0) = 0
10235 14:56:04.278025 _llseek(4, 0, [0], SEEK_SET) = 0
10235 14:56:04.278072 write(5, "\v", 1) = 1
10233 14:56:04.278159 <... read resumed> "\v", 1) = 1
10233 14:56:04.278194 write(4, "\1\0\0\0", 4) = 4
10233 14:56:04.278242 read(4,  <unfinished ...>
10235 14:56:04.278272 read(5, "\1\0\0\0", 4) = 4
10235 14:56:04.278322 write(5, "\v", 1) = 1
10233 14:56:04.278364 <... read resumed> "\v", 1) = 1
10233 14:56:04.278393 write(4, "\1\0\0\0", 4) = 4
10233 14:56:04.278438 read(4,  <unfinished ...>
10235 14:56:04.278467 read(5, "\1\0\0\0", 4) = 4
10235 14:56:04.278516 write(5, "\r", 1) = 1
10233 14:56:04.278558 <... read resumed> "\r", 1) = 1
10233 14:56:04.278636 select(6, [5], NULL, NULL, {60, 0}) = 1 (in [5], left {60, 0})
10233 14:56:04.278715 accept(5, {sa_family=AF_INET, sin_port=htons(42865), sin_addr=inet_addr("127.0.0.1")}, [16]) = 6
10233 14:56:04.278811 write(4, "\1", 1) = 1
10233 14:56:04.278864 sendmsg(4, {msg_name(0)=NULL, msg_iov(1)=[{"\0", 1}], msg_controllen=16, {cmsg_len=16, cmsg_level=SOL_SOCKET, cmsg_type=SCM_RIGHTS, {6}}, msg_flags=0}, 0) = 1
10233 14:56:04.278935 close(6)          = 0
10233 14:56:04.278979 read(4,  <unfinished ...>
10235 14:56:04.279009 read(5, "\1", 1)  = 1
10235 14:56:04.279064 recvmsg(5, {msg_name(0)=NULL, msg_iov(1)=[{"\0", 1}], msg_controllen=16, {cmsg_len=16, cmsg_level=SOL_SOCKET, cmsg_type=SCM_RIGHTS, {6}}, msg_flags=0}, 0) = 1
10235 14:56:04.279189 setsockopt(6, SOL_SOCKET, SO_KEEPALIVE, [1], 4) = 0
10235 14:56:04.279246 setsockopt(6, SOL_IP, IP_TOS, [8], 4) = 0
10235 14:56:04.279297 setsockopt(6, SOL_SOCKET, SO_LINGER, {onoff=1, linger=32767}, 8) = 0
10235 14:56:04.279345 rt_sigaction(SIGALRM, {0x805cad0, ~[RTMIN RT_1], 0}, NULL, 8) = 0
10235 14:56:04.279403 alarm(300)        = 300
10235 14:56:04.279458 write(0, "150 Ok to send data.\r\n", 22) = 22
10235 14:56:04.279788 read(6, "assasaaa\na\na\na\na\n", 65536) = 17
10235 14:56:04.279853 write(4, "assasaaa\na\na\na\na\n", 17) = 17
10235 14:56:04.279921 read(6, "", 65536) = 0
10235 14:56:04.279966 rt_sigaction(SIGALRM, {0x805cad0, ~[RTMIN RT_1], 0}, NULL, 8) = 0
10235 14:56:04.280025 alarm(300)        = 300
10235 14:56:04.280108 close(6)          = 0
10235 14:56:04.280198 alarm(0)          = 300
10235 14:56:04.280242 gettimeofday({1495652164, 280273}, NULL) = 0
10235 14:56:04.280323 gettimeofday({1495652164, 280340}, NULL) = 0
10235 14:56:04.280378 fcntl64(3, F_SETLKW64, {type=F_WRLCK, whence=SEEK_SET, start=0, len=0}, 0xbff09094) = 0
10235 14:56:04.280440 write(3, "Wed May 24 14:56:04 2017 [pid 10235] [msfadmin] OK UPLOAD: Client \"127.0.0.1\", \"/home/msfadmin/myfile28\", 17 bytes, 5.93Kbyte/sec\n", 130) = 130
10235 14:56:04.280528 fcntl64(3, F_SETLK64, {type=F_UNLCK, whence=SEEK_SET, start=0, len=0}, 0xbff0909c) = 0
10235 14:56:04.280675 write(0, "226 Transfer complete.\r\n", 24) = 24
10235 14:56:04.280860 write(5, "\n", 1) = 1
10233 14:56:04.280914 <... read resumed> "\n", 1) = 1
10233 14:56:04.280945 close(5)          = 0
10233 14:56:04.280997 write(4, "\1", 1) = 1
10233 14:56:04.281044 read(4,  <unfinished ...>
10235 14:56:04.281119 read(5, "\1", 1)  = 1
10235 14:56:04.281179 close(4)          = 0
10235 14:56:04.281227 rt_sigaction(SIGALRM, {0x805cad0, ~[RTMIN RT_1], 0}, NULL, 8) = 0
10235 14:56:04.281285 alarm(300)        = 0
10235 14:56:04.281333 recv(0,  <unfinished ...>
10230 14:56:04.819866 <... read resumed> "\n", 1) = 1
10230 14:56:04.820109 stat64(".", {st_mode=S_IFDIR|0755, st_size=4096, ...}) = 0
10230 14:56:04.820279 stat64("/sbin/nohup", 0xbf821968) = -1 ENOENT (No such file or directory)
10230 14:56:04.820390 stat64("/bin/nohup", 0xbf821968) = -1 ENOENT (No such file or directory)
10230 14:56:04.820469 stat64("/usr/sbin/nohup", 0xbf821968) = -1 ENOENT (No such file or directory)
10230 14:56:04.820523 stat64("/usr/bin/nohup", {st_mode=S_IFREG|0755, st_size=26336, ...}) = 0
10230 14:56:04.820601 stat64("/usr/bin/nohup", {st_mode=S_IFREG|0755, st_size=26336, ...}) = 0
10230 14:56:04.820705 rt_sigprocmask(SIG_BLOCK, [INT CHLD], [], 8) = 0
10230 14:56:04.820769 clone(child_stack=0, flags=CLONE_CHILD_CLEARTID|CLONE_CHILD_SETTID|SIGCHLD, child_tidptr=0xb7de96f8) = 10236
10236 14:56:04.821211 rt_sigprocmask(SIG_SETMASK, [], NULL, 8) = 0
10236 14:56:04.821294 rt_sigaction(SIGTSTP, {SIG_DFL}, {SIG_DFL}, 8) = 0
10236 14:56:04.821353 rt_sigaction(SIGTTIN, {SIG_DFL}, {SIG_DFL}, 8) = 0
10236 14:56:04.821405 rt_sigaction(SIGTTOU, {SIG_DFL}, {SIG_DFL}, 8) = 0
10236 14:56:04.821472 rt_sigaction(SIGINT, {SIG_DFL}, {SIG_DFL}, 8) = 0
10236 14:56:04.821544 rt_sigaction(SIGQUIT, {SIG_DFL}, {SIG_IGN}, 8) = 0
10236 14:56:04.821600 rt_sigaction(SIGCHLD, {SIG_DFL}, {0x807e540, [], 0}, 8) = 0
10236 14:56:04.821746 open("/dev/null", O_WRONLY|O_CREAT|O_TRUNC|O_LARGEFILE, 0666) = 7
10236 14:56:04.821887 dup2(7, 1)        = 1
10236 14:56:04.821999 close(7)          = 0
10236 14:56:04.822046 dup2(1, 2)        = 2
10236 14:56:04.822087 fcntl64(1, F_GETFD) = 0
10236 14:56:04.822142 execve("/usr/bin/nohup", ["nohup"], [/* 16 vars */]) = 0
10236 14:56:04.822439 brk(0)            = 0x804f000
10236 14:56:04.822439 access("/etc/ld.so.nohwcap", F_OK) = -1 ENOENT (No such file or directory)
10236 14:56:04.822480 mmap2(NULL, 8192, PROT_READ|PROT_WRITE, MAP_PRIVATE|MAP_ANONYMOUS, -1, 0) = 0xb7f3e000
10236 14:56:04.822542 access("/etc/ld.so.preload", R_OK) = -1 ENOENT (No such file or directory)
10236 14:56:04.822656 open("/etc/ld.so.cache", O_RDONLY) = 7
10236 14:56:04.822715 fstat64(7, {st_mode=S_IFREG|0644, st_size=29913, ...}) = 0
10236 14:56:04.822790 mmap2(NULL, 29913, PROT_READ, MAP_PRIVATE, 7, 0) = 0xb7f36000
10236 14:56:04.822836 close(7)          = 0
10236 14:56:04.822883 access("/etc/ld.so.nohwcap", F_OK) = -1 ENOENT (No such file or directory)
10236 14:56:04.822954 open("/lib/tls/i686/cmov/libc.so.6", O_RDONLY) = 7
10236 14:56:04.823024 read(7, "\177ELF\1\1\1\0\0\0\0\0\0\0\0\0\3\0\3\0\1\0\0\0\260e\1\0004\0\0\0\4\307\24\0\0\0\0\0004\0 \0\n\0(\0D\0C\0\6\0\0\0004\0\0\0004\0\0\0004\0\0\0@\1\0\0@\1\0\0\5\0\0\0\4\0\0\0\3\0\0\0\2200\23\0\2200\23\0\2200\23\0\23\0\0\0\23\0\0\0\4\0\0\0\1\0\0\0\1\0\0\0\0\0\0\0\0\0\0\0\0\0\0\0(\215\24\0(\215\24\0\5\0\0\0\0\20\0\0\1\0\0\0\354\221\24\0\354\221\24\0\354\221\24\0\260\'\0\0\204T\0\0\6\0\0\0\0\20\0\0\2\0\0\0\234\255\24\0\234\255\24\0\234\255\24\0\360\0\0\0\360\0\0\0\6\0\0\0\4\0\0\0\4\0\0\0t\1\0\0t\1\0\0t\1\0\0 \0\0\0 \0\0\0\4\0\0\0\4\0\0\0\7\0\0\0\354\221\24\0\354\221\24\0\354\221\24\0\10\0\0\0,\0\0\0\4\0\0\0\4\0\0\0P\345td\2440\23\0\2440\23\0\2440\23\0\354+\0\0\354+\0\0\4\0\0\0\4\0\0\0Q\345td\0\0\0\0\0\0\0\0\0\0\0\0\0\0\0\0\0\0\0\0\6\0\0\0\4\0\0\0R\345td\354\221\24\0\354\221\24\0\354\221\24\0\10\36\0\0\10\36\0\0\4\0\0\0\1\0\0\0\4\0\0\0\20\0\0\0\1\0\0\0GNU\0\0\0\0\0\2\0\0\0\6\0\0\0\10\0\0\0\363\3\0\0\n\0\0\0\0\2\0\0\16\0\0\0\2400\20D\200 \2\1\214\3\346\220AE\210\0\204\0\10\0A\200\0@\300\200\0\f\2\f\0\0010\0\10@\"\10\246\4\210H6l\240\0260\0&\204\200\216\4\10B$\2\f\246\244\32\6c\310\0\302 \1\300\0R\0!\201\10\4\n  \250\24\0\24(`\0\0P\240\312DB", 512) = 512
10236 14:56:04.823440 fstat64(7, {st_mode=S_IFREG|0755, st_size=1364388, ...}) = 0
10236 14:56:04.823521 mmap2(NULL, 1369712, PROT_READ|PROT_EXEC, MAP_PRIVATE|MAP_DENYWRITE, 7, 0) = 0xb7de7000
10236 14:56:04.823617 mmap2(0xb7f30000, 12288, PROT_READ|PROT_WRITE, MAP_PRIVATE|MAP_FIXED|MAP_DENYWRITE, 7, 0x149) = 0xb7f30000
10236 14:56:04.823692 mmap2(0xb7f33000, 9840, PROT_READ|PROT_WRITE, MAP_PRIVATE|MAP_FIXED|MAP_ANONYMOUS, -1, 0) = 0xb7f33000
10236 14:56:04.823758 close(7)          = 0
10236 14:56:04.823833 mmap2(NULL, 4096, PROT_READ|PROT_WRITE, MAP_PRIVATE|MAP_ANONYMOUS, -1, 0) = 0xb7de6000
10236 14:56:04.823885 set_thread_area({entry_number:-1 -> 6, base_addr:0xb7de66b0, limit:1048575, seg_32bit:1, contents:0, read_exec_only:0, limit_in_pages:1, seg_not_present:0, useable:1}) = 0
10235 14:56:04.824288 <... recv resumed> "TYPE I\r\n", 4096, MSG_PEEK) = 8
10235 14:56:04.824387 read(0, "TYPE I\r\n", 8) = 8
10235 14:56:04.824508 write(0, "200 Switching to Binary mode.\r\n", 31) = 31
10235 14:56:04.824714 rt_sigaction(SIGALRM, {0x805cad0, ~[RTMIN RT_1], 0}, NULL, 8) = 0
10235 14:56:04.824784 alarm(300)        = 299
10235 14:56:04.824836 recv(0, "PASV\r\n", 4096, MSG_PEEK) = 6
10235 14:56:04.824885 read(0, "PASV\r\n", 6) = 6
10235 14:56:04.824938 write(5, "\n", 1 <unfinished ...>
10233 14:56:04.824979 <... read resumed> "\n", 1) = 1
10235 14:56:04.825001 <... write resumed> ) = 1
10233 14:56:04.825034 write(4, "\1", 1 <unfinished ...>
10235 14:56:04.825059 read(5,  <unfinished ...>
10233 14:56:04.825087 <... write resumed> ) = 1
10235 14:56:04.825105 <... read resumed> "\1", 1) = 1
10233 14:56:04.825139 read(4,  <unfinished ...>
10235 14:56:04.825158 write(5, "\f", 1 <unfinished ...>
10233 14:56:04.825190 <... read resumed> "\f", 1) = 1
10235 14:56:04.825263 <... write resumed> ) = 1
10233 14:56:04.825314 socket(PF_INET, SOCK_STREAM, IPPROTO_TCP <unfinished ...>
10235 14:56:04.825336 read(5,  <unfinished ...>
10233 14:56:04.825373 <... socket resumed> ) = 5
10233 14:56:04.825408 setsockopt(5, SOL_SOCKET, SO_REUSEADDR, [1], 4) = 0
10233 14:56:04.825466 bind(5, {sa_family=AF_INET, sin_port=htons(21337), sin_addr=inet_addr("127.0.0.1")}, 16) = 0
10233 14:56:04.825532 listen(5, 1)      = 0
10233 14:56:04.825587 write(4, "YS\0\0", 4 <unfinished ...>
10235 14:56:04.825623 <... read resumed> "YS\0\0", 4) = 4
10233 14:56:04.825645 <... write resumed> ) = 4
10235 14:56:04.825696 write(0, "227 Entering Passive Mode (127,0,0,1,83,89).\r\n", 46 <unfinished ...>
10233 14:56:04.825742 read(4,  <unfinished ...>
10235 14:56:04.826115 <... write resumed> ) = 46
10235 14:56:04.826169 rt_sigaction(SIGALRM, {0x805cad0, ~[RTMIN RT_1], 0}, NULL, 8) = 0
10235 14:56:04.826315 alarm(300)        = 300
10235 14:56:04.826367 recv(0, "STOR myfile29\r\n", 4096, MSG_PEEK) = 15
10235 14:56:04.826422 read(0, "STOR myfile29\r\n", 15) = 15
10235 14:56:04.826481 write(5, "\v", 1 <unfinished ...>
10233 14:56:04.826517 <... read resumed> "\v", 1) = 1
10235 14:56:04.826537 <... write resumed> ) = 1
10233 14:56:04.826568 write(4, "\1\0\0\0", 4 <unfinished ...>
10235 14:56:04.826594 read(5,  <unfinished ...>
10233 14:56:04.826621 <... write resumed> ) = 4
10235 14:56:04.826638 <... read resumed> "\1\0\0\0", 4) = 4
10233 14:56:04.826675 read(4,  <unfinished ...>
10235 14:56:04.826694 gettimeofday({1495652164, 826711}, NULL) = 0
10235 14:56:04.826743 getcwd("/home/msfadmin", 4096) = 15
10235 14:56:04.826796 open("myfile29", O_WRONLY|O_CREAT|O_NONBLOCK|O_LARGEFILE, 0666) = 4
10235 14:56:04.826875 fstat64(4, {st_mode=S_IFREG|0644, st_size=17, ...}) = 0
10235 14:56:04.826950 fcntl64(4, F_GETFL) = 0x8801 (flags O_WRONLY|O_NONBLOCK|O_LARGEFILE)
10235 14:56:04.826999 fcntl64(4, F_SETFL, O_WRONLY|O_LARGEFILE) = 0
10235 14:56:04.827042 fcntl64(4, F_SETLKW64, {type=F_WRLCK, whence=SEEK_SET, start=0, len=0}, 0xbff090f4) = 0
10235 14:56:04.827100 ftruncate64(4, 0) = 0
10235 14:56:04.827218 _llseek(4, 0, [0], SEEK_SET) = 0
10235 14:56:04.827271 write(5, "\v", 1 <unfinished ...>
10233 14:56:04.827307 <... read resumed> "\v", 1) = 1
10235 14:56:04.827327 <... write resumed> ) = 1
10233 14:56:04.827354 write(4, "\1\0\0\0", 4) = 4
10233 14:56:04.827402 read(4,  <unfinished ...>
10235 14:56:04.827432 read(5, "\1\0\0\0", 4) = 4
10235 14:56:04.827481 write(5, "\v", 1 <unfinished ...>
10233 14:56:04.827512 <... read resumed> "\v", 1) = 1
10235 14:56:04.827532 <... write resumed> ) = 1
10233 14:56:04.827558 write(4, "\1\0\0\0", 4) = 4
10233 14:56:04.827604 read(4,  <unfinished ...>
10235 14:56:04.827632 read(5, "\1\0\0\0", 4) = 4
10235 14:56:04.827681 write(5, "\r", 1 <unfinished ...>
10233 14:56:04.827712 <... read resumed> "\r", 1) = 1
10235 14:56:04.827732 <... write resumed> ) = 1
10233 14:56:04.827761 select(6, [5], NULL, NULL, {60, 0}) = 1 (in [5], left {60, 0})
10233 14:56:04.827830 accept(5, {sa_family=AF_INET, sin_port=htons(57637), sin_addr=inet_addr("127.0.0.1")}, [16]) = 6
10233 14:56:04.827927 write(4, "\1", 1) = 1
10233 14:56:04.827979 sendmsg(4, {msg_name(0)=NULL, msg_iov(1)=[{"\0", 1}], msg_controllen=16, {cmsg_len=16, cmsg_level=SOL_SOCKET, cmsg_type=SCM_RIGHTS, {6}}, msg_flags=0}, 0) = 1
10233 14:56:04.828052 close(6)          = 0
10233 14:56:04.828095 read(4,  <unfinished ...>
10235 14:56:04.828160 read(5, "\1", 1)  = 1
10235 14:56:04.828226 recvmsg(5, {msg_name(0)=NULL, msg_iov(1)=[{"\0", 1}], msg_controllen=16, {cmsg_len=16, cmsg_level=SOL_SOCKET, cmsg_type=SCM_RIGHTS, {6}}, msg_flags=0}, 0) = 1
10235 14:56:04.828307 setsockopt(6, SOL_SOCKET, SO_KEEPALIVE, [1], 4) = 0
10235 14:56:04.828360 setsockopt(6, SOL_IP, IP_TOS, [8], 4) = 0
10235 14:56:04.828411 setsockopt(6, SOL_SOCKET, SO_LINGER, {onoff=1, linger=32767}, 8) = 0
10235 14:56:04.828458 rt_sigaction(SIGALRM, {0x805cad0, ~[RTMIN RT_1], 0}, NULL, 8) = 0
10235 14:56:04.828516 alarm(300)        = 300
10235 14:56:04.828571 write(0, "150 Ok to send data.\r\n", 22) = 22
10235 14:56:04.828837 read(6, "assasaaa\na\na\na\na\n", 65536) = 17
10235 14:56:04.828900 write(4, "assasaaa\na\na\na\na\n", 17) = 17
10235 14:56:04.828968 read(6, "", 65536) = 0
10235 14:56:04.829013 rt_sigaction(SIGALRM, {0x805cad0, ~[RTMIN RT_1], 0}, NULL, 8) = 0
10235 14:56:04.829073 alarm(300)        = 300
10235 14:56:04.829167 close(6)          = 0
10235 14:56:04.829247 alarm(0)          = 300
10235 14:56:04.829290 gettimeofday({1495652164, 829306}, NULL) = 0
10235 14:56:04.829356 gettimeofday({1495652164, 829372}, NULL) = 0
10235 14:56:04.829411 fcntl64(3, F_SETLKW64, {type=F_WRLCK, whence=SEEK_SET, start=0, len=0}, 0xbff09094) = 0
10235 14:56:04.829474 write(3, "Wed May 24 14:56:04 2017 [pid 10235] [msfadmin] OK UPLOAD: Client \"127.0.0.1\", \"/home/msfadmin/myfile29\", 17 bytes, 6.24Kbyte/sec\n", 130) = 130
10235 14:56:04.829560 fcntl64(3, F_SETLK64, {type=F_UNLCK, whence=SEEK_SET, start=0, len=0}, 0xbff0909c) = 0
10235 14:56:04.829622 write(0, "226 Transfer complete.\r\n", 24) = 24
10235 14:56:04.829791 write(5, "\n", 1 <unfinished ...>
10233 14:56:04.829833 <... read resumed> "\n", 1) = 1
10235 14:56:04.829855 <... write resumed> ) = 1
10233 14:56:04.829881 close(5)          = 0
10233 14:56:04.829931 write(4, "\1", 1) = 1
10233 14:56:04.829978 read(4,  <unfinished ...>
10235 14:56:04.830008 read(5, "\1", 1)  = 1
10235 14:56:04.830102 close(4)          = 0
10235 14:56:04.830155 rt_sigaction(SIGALRM, {0x805cad0, ~[RTMIN RT_1], 0}, NULL, 8) = 0
10235 14:56:04.830214 alarm(300)        = 0
10235 14:56:04.830262 recv(0,  <unfinished ...>
10236 14:56:04.830306 mprotect(0xb7f30000, 4096, PROT_READ) = 0
10236 14:56:04.830372 munmap(0xb7f36000, 29913) = 0
10236 14:56:04.830629 brk(0)            = 0x804f000
10236 14:56:04.830674 brk(0x8070000)    = 0x8070000
10236 14:56:04.830792 write(2, "nohup: ", 7) = 7
10236 14:56:04.830848 write(2, "missing operand", 15) = 15
10236 14:56:04.830897 write(2, "\n", 1) = 1
10236 14:56:04.830949 write(2, "Try `nohup --help\' for more information.\n", 41) = 41
10236 14:56:04.831173 close(1)          = 0
10236 14:56:04.831225 close(2)          = 0
10236 14:56:04.831277 exit_group(127)   = ?
10230 14:56:04.831420 rt_sigprocmask(SIG_SETMASK, [], NULL, 8) = 0
10230 14:56:04.831478 --- SIGCHLD (Child exited) @ 0 (0) ---
10230 14:56:04.831515 waitpid(-1, [{WIFEXITED(s) && WEXITSTATUS(s) == 127}], WNOHANG) = 10236
10230 14:56:04.831577 waitpid(-1, 0xbf8215e8, WNOHANG) = 0
10230 14:56:04.831618 sigreturn()       = ? (mask now [])
10230 14:56:04.831712 rt_sigprocmask(SIG_BLOCK, [CHLD], [], 8) = 0
10230 14:56:04.831776 rt_sigprocmask(SIG_SETMASK, [], NULL, 8) = 0
10230 14:56:04.831823 rt_sigprocmask(SIG_BLOCK, [CHLD], [], 8) = 0
10230 14:56:04.831877 rt_sigaction(SIGINT, {0x807f150, [], 0}, {SIG_DFL}, 8) = 0
10230 14:56:04.831943 rt_sigprocmask(SIG_SETMASK, [], NULL, 8) = 0
10230 14:56:04.831989 rt_sigaction(SIGINT, {SIG_DFL}, {0x807f150, [], 0}, 8) = 0
10230 14:56:04.832057 rt_sigprocmask(SIG_BLOCK, NULL, [], 8) = 0
10230 14:56:04.832285 read(0, "e", 1)   = 1
10230 14:56:04.832345 read(0, "c", 1)   = 1
10230 14:56:04.832389 read(0, "h", 1)   = 1
10230 14:56:04.832432 read(0, "o", 1)   = 1
10230 14:56:04.832474 read(0, " ", 1)   = 1
10230 14:56:04.832517 read(0, "G", 1)   = 1
10230 14:56:04.832559 read(0, "j", 1)   = 1
10230 14:56:04.832602 read(0, "7", 1)   = 1
10230 14:56:04.832644 read(0, "J", 1)   = 1
10230 14:56:04.832686 read(0, "N", 1)   = 1
10230 14:56:04.832729 read(0, "8", 1)   = 1
10230 14:56:04.832772 read(0, "Q", 1)   = 1
10230 14:56:04.832814 read(0, "z", 1)   = 1
10230 14:56:04.832857 read(0, "m", 1)   = 1
10230 14:56:04.832899 read(0, "V", 1)   = 1
10230 14:56:04.832941 read(0, "a", 1)   = 1
10230 14:56:04.832983 read(0, "F", 1)   = 1
10230 14:56:04.833026 read(0, "4", 1)   = 1
10230 14:56:04.833068 read(0, "c", 1)   = 1
10230 14:56:04.833146 read(0, "e", 1)   = 1
10230 14:56:04.833196 read(0, "h", 1)   = 1
10230 14:56:04.833239 read(0, "\n", 1)  = 1
10230 14:56:04.833376 write(1, "Gj7JN8QzmVaF4ceh\n", 17) = 17
10230 14:56:04.833617 rt_sigprocmask(SIG_BLOCK, NULL, [], 8) = 0
10230 14:56:04.833675 read(0, "", 1)    = 0
10230 14:56:04.976514 exit_group(0)     = ?
10231 14:56:04.976663 <... read resumed> "", 1) = 0
10231 14:56:04.976709 fcntl64(0, F_GETFL) = 0x2 (flags O_RDWR)
10231 14:56:04.976758 fcntl64(0, F_SETFL, O_RDWR|O_NONBLOCK) = 0
10231 14:56:04.976800 write(0, "500 OOPS: ", 10) = 10
10231 14:56:04.976937 write(0, "priv_sock_get_result", 20) = 20
10231 14:56:04.977057 write(0, "\r\n", 2) = 2
10231 14:56:04.977198 exit_group(1)     = ?
4439  14:56:04.977478 <... select resumed> ) = ? ERESTARTNOHAND (To be restarted)
4439  14:56:04.977503 --- SIGCHLD (Child exited) @ 0 (0) ---
4439  14:56:04.977604 write(4, "\21", 1) = 1
