10423 14:57:58.362803 rt_sigaction(SIGCHLD, {0x805cad0, ~[RTMIN RT_1], 0}, NULL, 8) = 0
10423 14:57:58.362830 write(4, "\1", 1 <unfinished ...>
10424 14:57:58.362851 <... read resumed> "\1", 1) = 1
10423 14:57:58.362861 <... write resumed> ) = 1
10424 14:57:58.362876 exit_group(0)     = ?
10423 14:57:58.362942 --- SIGCHLD (Child exited) @ 0 (0) ---
10423 14:57:58.362956 sigreturn()       = ? (mask now [])
10423 14:57:58.363132 wait4(-1, [{WIFEXITED(s) && WEXITSTATUS(s) == 0}], 0, NULL) = 10424
10423 14:57:58.363158 close(4)          = 0
10423 14:57:58.363181 socketpair(PF_FILE, SOCK_STREAM, 0, [4, 5]) = 0
10423 14:57:58.363207 rt_sigaction(SIGCHLD, {0x805cad0, ~[RTMIN RT_1], 0}, NULL, 8) = 0
10423 14:57:58.363232 rt_sigaction(SIGALRM, {0x805cb10, ~[RTMIN RT_1], 0}, NULL, 8) = 0
10423 14:57:58.363257 clone(child_stack=0, flags=CLONE_CHILD_CLEARTID|CLONE_CHILD_SETTID|SIGCHLD, child_tidptr=0xb7d506f8) = 10425
10425 14:57:58.363353 prctl(0x1, 0x9, 0, 0, 0) = 0
10425 14:57:58.363378 close(4)          = 0
10425 14:57:58.363427 open("/etc/passwd", O_RDONLY|0x80000 /* O_??? */) = 4
10425 14:57:58.363458 _llseek(4, 0, [0], SEEK_CUR) = 0
10425 14:57:58.363487 fstat64(4, {st_mode=S_IFREG|0644, st_size=1624, ...}) = 0
10425 14:57:58.363520 mmap2(NULL, 1624, PROT_READ, MAP_SHARED, 4, 0) = 0xb7eea000
10425 14:57:58.363541 _llseek(4, 1624, [1624], SEEK_SET) = 0
10425 14:57:58.363608 munmap(0xb7eea000, 1624) = 0
10425 14:57:58.363633 close(4)          = 0
10425 14:57:58.363658 getuid32()        = 0
10425 14:57:58.363676 open("/etc/passwd", O_RDONLY|0x80000 /* O_??? */) = 4
10425 14:57:58.363700 _llseek(4, 0, [0], SEEK_CUR) = 0
10425 14:57:58.363719 fstat64(4, {st_mode=S_IFREG|0644, st_size=1624, ...}) = 0
10425 14:57:58.363748 mmap2(NULL, 1624, PROT_READ, MAP_SHARED, 4, 0) = 0xb7eea000
10425 14:57:58.363768 _llseek(4, 1624, [1624], SEEK_SET) = 0
10425 14:57:58.363797 munmap(0xb7eea000, 1624) = 0
10425 14:57:58.363815 close(4)          = 0
10425 14:57:58.363863 open("/proc/sys/kernel/ngroups_max", O_RDONLY) = 4
10425 14:57:58.363900 read(4, "65536\n", 31) = 6
10425 14:57:58.363923 close(4)          = 0
10425 14:57:58.363948 socket(PF_FILE, SOCK_STREAM, 0) = 4
10425 14:57:58.363970 fcntl64(4, F_SETFL, O_RDWR|O_NONBLOCK) = 0
10425 14:57:58.363990 connect(4, {sa_family=AF_FILE, path="/var/run/nscd/socket"}, 110) = -1 ENOENT (No such file or directory)
10425 14:57:58.364029 close(4)          = 0
10425 14:57:58.364050 socket(PF_FILE, SOCK_STREAM, 0) = 4
10425 14:57:58.364068 fcntl64(4, F_SETFL, O_RDWR|O_NONBLOCK) = 0
10425 14:57:58.364107 connect(4, {sa_family=AF_FILE, path="/var/run/nscd/socket"}, 110) = -1 ENOENT (No such file or directory)
10425 14:57:58.364142 close(4)          = 0
10425 14:57:58.364187 open("/etc/group", O_RDONLY|0x80000 /* O_??? */) = 4
10425 14:57:58.364214 _llseek(4, 0, [0], SEEK_CUR) = 0
10425 14:57:58.364233 fstat64(4, {st_mode=S_IFREG|0644, st_size=886, ...}) = 0
10425 14:57:58.364263 mmap2(NULL, 886, PROT_READ, MAP_SHARED, 4, 0) = 0xb7eea000
10425 14:57:58.364283 _llseek(4, 886, [886], SEEK_SET) = 0
10425 14:57:58.364328 fstat64(4, {st_mode=S_IFREG|0644, st_size=886, ...}) = 0
10425 14:57:58.364358 munmap(0xb7eea000, 886) = 0
10425 14:57:58.364377 close(4)          = 0
10425 14:57:58.364394 setgroups32(13, [1000, 4, 20, 24, 25, 29, 30, 44, 46, 107, 111, 112, 119]) = 0
10425 14:57:58.364424 geteuid32()       = 0
10425 14:57:58.364444 getegid32()       = 0
10425 14:57:58.364463 setregid32(-1, 1000) = 0
10425 14:57:58.364481 setreuid32(-1, 1000) = 0
10425 14:57:58.364501 chdir("/home/msfadmin") = 0
10425 14:57:58.364522 setreuid32(-1, 0) = 0
10425 14:57:58.364539 setregid32(-1, 0) = 0
10425 14:57:58.364558 setgid32(1000)    = 0
10425 14:57:58.364595 setuid32(1000)    = 0
10425 14:57:58.364616 setrlimit(RLIMIT_NPROC, {rlim_cur=0, rlim_max=0}) = 0
10425 14:57:58.364649 mmap2(NULL, 12288, PROT_READ|PROT_WRITE, MAP_PRIVATE|MAP_ANONYMOUS, -1, 0) = 0xb7ee8000
10425 14:57:58.364671 mprotect(0xb7eea000, 4096, PROT_NONE) = 0
10425 14:57:58.364691 mprotect(0xb7ee8000, 4096, PROT_NONE) = 0
10425 14:57:58.364711 getcwd("/home/msfadmin", 4096) = 15
10425 14:57:58.364738 umask(022)        = 077
10425 14:57:58.364756 getcwd("/home/msfadmin", 4096) = 15
10425 14:57:58.364790 open(".message", O_RDONLY|O_NONBLOCK|O_LARGEFILE) = -1 ENOENT (No such file or directory)
10425 14:57:58.364850 write(0, "230 Login successful.\r\n", 23) = 23
10425 14:57:58.365034 rt_sigaction(SIGALRM, {0x805cad0, ~[RTMIN RT_1], 0}, NULL, 8) = 0
10425 14:57:58.365085 alarm(300)        = 0
10425 14:57:58.365110 mmap2(NULL, 12288, PROT_READ|PROT_WRITE, MAP_PRIVATE|MAP_ANONYMOUS, -1, 0) = 0xb7ee5000
10425 14:57:58.365131 mprotect(0xb7ee7000, 4096, PROT_NONE) = 0
10425 14:57:58.365152 mprotect(0xb7ee5000, 4096, PROT_NONE) = 0
10425 14:57:58.365176 recv(0, "TYPE I\r\n", 4096, MSG_PEEK) = 8
10425 14:57:58.365201 read(0, "TYPE I\r\n", 8) = 8
10425 14:57:58.365231 write(0, "200 Switching to Binary mode.\r\n", 31) = 31
10425 14:57:58.365306 rt_sigaction(SIGALRM, {0x805cad0, ~[RTMIN RT_1], 0}, NULL, 8) = 0
10425 14:57:58.365333 alarm(300)        = 300
10425 14:57:58.365353 recv(0, "PASV\r\n", 4096, MSG_PEEK) = 6
10425 14:57:58.365374 read(0, "PASV\r\n", 6) = 6
10425 14:57:58.365396 write(5, "\n", 1) = 1
10425 14:57:58.365415 read(5,  <unfinished ...>
10423 14:57:58.365437 close(5)          = 0
10423 14:57:58.365460 getuid32()        = 0
10423 14:57:58.365487 open("/etc/passwd", O_RDONLY|0x80000 /* O_??? */) = 5
10423 14:57:58.365514 _llseek(5, 0, [0], SEEK_CUR) = 0
10423 14:57:58.365536 fstat64(5, {st_mode=S_IFREG|0644, st_size=1624, ...}) = 0
10423 14:57:58.365589 mmap2(NULL, 1624, PROT_READ, MAP_SHARED, 5, 0) = 0xb7eea000
10423 14:57:58.365612 _llseek(5, 1624, [1624], SEEK_SET) = 0
10423 14:57:58.365644 munmap(0xb7eea000, 1624) = 0
10423 14:57:58.365665 close(5)          = 0
10423 14:57:58.365694 setgroups32(0, []) = 0
10423 14:57:58.365715 chdir("/usr/share/empty") = 0
10423 14:57:58.365737 chroot(".")       = 0
10423 14:57:58.365756 capset(NULL, NULL) = -1 EFAULT (Bad address)
10423 14:57:58.365781 prctl(0x8, 0, 0xbf9eac88, 0x80549a6, 0xbf9eac70) = 0
10423 14:57:58.365801 prctl(0x8, 0x1, 0xbf9eac88, 0x8054a49, 0xbf9eac70) = 0
10423 14:57:58.365819 setgid32(65534)   = 0
10423 14:57:58.365837 setuid32(65534)   = 0
10423 14:57:58.365854 capset(0x19980330, 0, {CAP_NET_BIND_SERVICE, CAP_NET_BIND_SERVICE, 0}) = 0
10423 14:57:58.365879 read(4, "\n", 1)  = 1
10423 14:57:58.365903 write(4, "\1", 1) = 1
10425 14:57:58.365923 <... read resumed> "\1", 1) = 1
10425 14:57:58.365936 write(5, "\f", 1) = 1
10425 14:57:58.365954 read(5,  <unfinished ...>
10423 14:57:58.365967 read(4, "\f", 1)  = 1
10423 14:57:58.365989 socket(PF_INET, SOCK_STREAM, IPPROTO_TCP) = 5
10423 14:57:58.366014 setsockopt(5, SOL_SOCKET, SO_REUSEADDR, [1], 4) = 0
10423 14:57:58.366035 gettimeofday({1495652278, 366041}, NULL) = 0
10423 14:57:58.366085 bind(5, {sa_family=AF_INET, sin_port=htons(35094), sin_addr=inet_addr("127.0.0.1")}, 16) = 0
10423 14:57:58.366133 listen(5, 1)      = 0
10423 14:57:58.366172 write(4, "\26\211\0\0", 4) = 4
10425 14:57:58.366203 <... read resumed> "\26\211\0\0", 4) = 4
10425 14:57:58.366242 write(0, "227 Entering Passive Mode (127,0,0,1,137,22).\r\n", 47) = 47
10425 14:57:58.366464 rt_sigaction(SIGALRM, {0x805cad0, ~[RTMIN RT_1], 0}, NULL, 8) = 0
10425 14:57:58.366497 alarm(300)        = 300
10425 14:57:58.366518 recv(0, "STOR myfile13\r\n", 4096, MSG_PEEK) = 15
10425 14:57:58.366541 read(0, "STOR myfile13\r\n", 15) = 15
10425 14:57:58.366598 write(5, "\v", 1) = 1
10425 14:57:58.366619 read(5,  <unfinished ...>
10423 14:57:58.366633 read(4, "\v", 1)  = 1
10423 14:57:58.366653 write(4, "\1\0\0\0", 4) = 4
10425 14:57:58.366673 <... read resumed> "\1\0\0\0", 4) = 4
10425 14:57:58.366688 gettimeofday({1495652278, 366695}, NULL) = 0
10425 14:57:58.366707 getcwd("/home/msfadmin", 4096) = 15
10425 14:57:58.366739 open("myfile13", O_WRONLY|O_CREAT|O_NONBLOCK|O_LARGEFILE, 0666) = 4
10425 14:57:58.366764 fstat64(4, {st_mode=S_IFREG|0644, st_size=17, ...}) = 0
10425 14:57:58.366795 fcntl64(4, F_GETFL) = 0x8801 (flags O_WRONLY|O_NONBLOCK|O_LARGEFILE)
10425 14:57:58.366814 fcntl64(4, F_SETFL, O_WRONLY|O_LARGEFILE) = 0
10425 14:57:58.366832 fcntl64(4, F_SETLKW64, {type=F_WRLCK, whence=SEEK_SET, start=0, len=0}, 0xbf9eabd4) = 0
10425 14:57:58.366861 ftruncate64(4, 0) = 0
10425 14:57:58.366896 _llseek(4, 0, [0], SEEK_SET) = 0
10425 14:57:58.366917 write(5, "\v", 1) = 1
10425 14:57:58.366935 read(5,  <unfinished ...>
10423 14:57:58.366948 read(4, "\v", 1)  = 1
10423 14:57:58.366968 write(4, "\1\0\0\0", 4) = 4
10425 14:57:58.366987 <... read resumed> "\1\0\0\0", 4) = 4
10425 14:57:58.367000 write(5, "\v", 1) = 1
10425 14:57:58.367018 read(5,  <unfinished ...>
10423 14:57:58.367030 read(4, "\v", 1)  = 1
10423 14:57:58.367068 write(4, "\1\0\0\0", 4) = 4
10425 14:57:58.367089 <... read resumed> "\1\0\0\0", 4) = 4
10425 14:57:58.367103 write(5, "\r", 1) = 1
10425 14:57:58.367121 read(5,  <unfinished ...>
10423 14:57:58.367132 read(4, "\r", 1)  = 1
10423 14:57:58.367156 select(6, [5], NULL, NULL, {60, 0}) = 1 (in [5], left {60, 0})
10423 14:57:58.367187 accept(5, {sa_family=AF_INET, sin_port=htons(36055), sin_addr=inet_addr("127.0.0.1")}, [16]) = 6
10423 14:57:58.367228 write(4, "\1", 1) = 1
10425 14:57:58.367247 <... read resumed> "\1", 1) = 1
10425 14:57:58.367264 recvmsg(5,  <unfinished ...>
10423 14:57:58.367280 sendmsg(4, {msg_name(0)=NULL, msg_iov(1)=[{"\0", 1}], msg_controllen=16, {cmsg_len=16, cmsg_level=SOL_SOCKET, cmsg_type=SCM_RIGHTS, {6}}, msg_flags=0}, 0) = 1
10425 14:57:58.367311 <... recvmsg resumed> {msg_name(0)=NULL, msg_iov(1)=[{"\0", 1}], msg_controllen=16, {cmsg_len=16, cmsg_level=SOL_SOCKET, cmsg_type=SCM_RIGHTS, {6}}, msg_flags=0}, 0) = 1
10425 14:57:58.367335 setsockopt(6, SOL_SOCKET, SO_KEEPALIVE, [1], 4) = 0
10425 14:57:58.367357 setsockopt(6, SOL_IP, IP_TOS, [8], 4) = 0
10425 14:57:58.367378 setsockopt(6, SOL_SOCKET, SO_LINGER, {onoff=1, linger=32767}, 8) = 0
10425 14:57:58.367397 rt_sigaction(SIGALRM, {0x805cad0, ~[RTMIN RT_1], 0}, NULL, 8) = 0
10425 14:57:58.367421 alarm(300)        = 300
10425 14:57:58.367444 write(0, "150 Ok to send data.\r\n", 22) = 22
10425 14:57:58.367584 mmap2(NULL, 77824, PROT_READ|PROT_WRITE, MAP_PRIVATE|MAP_ANONYMOUS, -1, 0) = 0xb7d1f000
10425 14:57:58.367610 mprotect(0xb7d31000, 4096, PROT_NONE) = 0
10425 14:57:58.367632 mprotect(0xb7d1f000, 4096, PROT_NONE) = 0
10425 14:57:58.367650 read(6, "assasaaa\na\na\na\na\n", 65536) = 17
10425 14:57:58.367676 write(4, "assasaaa\na\na\na\na\n", 17) = 17
10425 14:57:58.367706 read(6, "", 65536) = 0
10425 14:57:58.367725 rt_sigaction(SIGALRM, {0x805cad0, ~[RTMIN RT_1], 0}, NULL, 8) = 0
10425 14:57:58.367750 alarm(300)        = 300
10425 14:57:58.367768 close(6)          = 0
10425 14:57:58.367784 alarm(0)          = 300
10425 14:57:58.367801 gettimeofday({1495652278, 367808}, NULL) = 0
10425 14:57:58.367834 getpid()          = 10425
10425 14:57:58.367855 gettimeofday({1495652278, 367862}, NULL) = 0
10425 14:57:58.367886 fcntl64(3, F_SETLKW64, {type=F_WRLCK, whence=SEEK_SET, start=0, len=0}, 0xbf9eab74) = 0
10425 14:57:58.367913 write(3, "Wed May 24 14:57:58 2017 [pid 10425] [msfadmin] OK UPLOAD: Client \"127.0.0.1\", \"/home/msfadmin/myfile13\", 17 bytes, 14.23Kbyte/sec\n", 131) = 131
10425 14:57:58.367950 fcntl64(3, F_SETLK64, {type=F_UNLCK, whence=SEEK_SET, start=0, len=0}, 0xbf9eab7c) = 0
10425 14:57:58.367976 write(0, "226 Transfer complete.\r\n", 24) = 24
10425 14:57:58.368070 write(5, "\n", 1) = 1
10425 14:57:58.368093 read(5,  <unfinished ...>
10423 14:57:58.368106 close(6)          = 0
10423 14:57:58.368141 read(4, "\n", 1)  = 1
10423 14:57:58.368162 close(5)          = 0
10423 14:57:58.368181 write(4, "\1", 1) = 1
10425 14:57:58.368201 <... read resumed> "\1", 1) = 1
10425 14:57:58.368213 close(4)          = 0
10425 14:57:58.368233 rt_sigaction(SIGALRM, {0x805cad0, ~[RTMIN RT_1], 0}, NULL, 8) = 0
10425 14:57:58.368257 alarm(300)        = 0
10425 14:57:58.368283 recv(0,  <unfinished ...>
10423 14:57:58.368297 read(4,  <unfinished ...>
10425 14:57:58.889433 <... recv resumed> "TYPE I\r\n", 4096, MSG_PEEK) = 8
10425 14:57:58.889695 read(0, "TYPE I\r\n", 8) = 8
10425 14:57:58.890139 write(0, "200 Switching to Binary mode.\r\n", 31) = 31
10425 14:57:58.890457 rt_sigaction(SIGALRM, {0x805cad0, ~[RTMIN RT_1], 0}, NULL, 8) = 0
10425 14:57:58.890576 alarm(300)        = 299
10425 14:57:58.890644 recv(0, "PASV\r\n", 4096, MSG_PEEK) = 6
10425 14:57:58.890695 read(0, "PASV\r\n", 6) = 6
10425 14:57:58.890747 write(5, "\n", 1) = 1
10425 14:57:58.890798 read(5,  <unfinished ...>
10423 14:57:58.890831 <... read resumed> "\n", 1) = 1
10423 14:57:58.890867 write(4, "\1", 1) = 1
10425 14:57:58.890912 <... read resumed> "\1", 1) = 1
10425 14:57:58.890942 write(5, "\f", 1) = 1
10425 14:57:58.890985 read(5,  <unfinished ...>
10423 14:57:58.891014 read(4, "\f", 1)  = 1
10423 14:57:58.891065 socket(PF_INET, SOCK_STREAM, IPPROTO_TCP) = 5
10423 14:57:58.891203 setsockopt(5, SOL_SOCKET, SO_REUSEADDR, [1], 4) = 0
10423 14:57:58.891269 bind(5, {sa_family=AF_INET, sin_port=htons(29226), sin_addr=inet_addr("127.0.0.1")}, 16) = 0
10423 14:57:58.891334 listen(5, 1)      = 0
10423 14:57:58.891390 write(4, "*r\0\0", 4) = 4
10425 14:57:58.891438 <... read resumed> "*r\0\0", 4) = 4
10425 14:57:58.891490 write(0, "227 Entering Passive Mode (127,0,0,1,114,42).\r\n", 47) = 47
10425 14:57:58.891900 rt_sigaction(SIGALRM, {0x805cad0, ~[RTMIN RT_1], 0}, NULL, 8) = 0
10425 14:57:58.891974 alarm(300)        = 300
10425 14:57:58.892024 recv(0, "STOR myfile14\r\n", 4096, MSG_PEEK) = 15
10425 14:57:58.892119 read(0, "STOR myfile14\r\n", 15) = 15
10425 14:57:58.892196 write(5, "\v", 1) = 1
10425 14:57:58.892242 read(5,  <unfinished ...>
10423 14:57:58.892273 read(4, "\v", 1)  = 1
10423 14:57:58.892321 write(4, "\1\0\0\0", 4) = 4
10425 14:57:58.892366 <... read resumed> "\1\0\0\0", 4) = 4
10425 14:57:58.892399 gettimeofday({1495652278, 892415}, NULL) = 0
10425 14:57:58.892446 getcwd("/home/msfadmin", 4096) = 15
10425 14:57:58.892499 open("myfile14", O_WRONLY|O_CREAT|O_NONBLOCK|O_LARGEFILE, 0666) = 4
10425 14:57:58.892557 fstat64(4, {st_mode=S_IFREG|0644, st_size=17, ...}) = 0
10425 14:57:58.892631 fcntl64(4, F_GETFL) = 0x8801 (flags O_WRONLY|O_NONBLOCK|O_LARGEFILE)
10425 14:57:58.892679 fcntl64(4, F_SETFL, O_WRONLY|O_LARGEFILE) = 0
10425 14:57:58.892722 fcntl64(4, F_SETLKW64, {type=F_WRLCK, whence=SEEK_SET, start=0, len=0}, 0xbf9eabd4) = 0
10425 14:57:58.892781 ftruncate64(4, 0) = 0
10425 14:57:58.892853 _llseek(4, 0, [0], SEEK_SET) = 0
10425 14:57:58.892901 write(5, "\v", 1) = 1
10425 14:57:58.892945 read(5,  <unfinished ...>
10423 14:57:58.892975 read(4, "\v", 1)  = 1
10423 14:57:58.893023 write(4, "\1\0\0\0", 4) = 4
10425 14:57:58.893121 <... read resumed> "\1\0\0\0", 4) = 4
10425 14:57:58.893177 write(5, "\v", 1) = 1
10425 14:57:58.893246 read(5,  <unfinished ...>
10423 14:57:58.893296 read(4, "\v", 1)  = 1
10423 14:57:58.893374 write(4, "\1\0\0\0", 4) = 4
10425 14:57:58.893430 <... read resumed> "\1\0\0\0", 4) = 4
10425 14:57:58.893463 write(5, "\r", 1) = 1
10425 14:57:58.893505 read(5,  <unfinished ...>
10423 14:57:58.893533 read(4, "\r", 1)  = 1
10423 14:57:58.893583 select(6, [5], NULL, NULL, {60, 0}) = 1 (in [5], left {60, 0})
10423 14:57:58.893654 accept(5, {sa_family=AF_INET, sin_port=htons(55365), sin_addr=inet_addr("127.0.0.1")}, [16]) = 6
10423 14:57:58.893748 write(4, "\1", 1) = 1
10425 14:57:58.893793 <... read resumed> "\1", 1) = 1
10425 14:57:58.893829 recvmsg(5,  <unfinished ...>
10423 14:57:58.893864 sendmsg(4, {msg_name(0)=NULL, msg_iov(1)=[{"\0", 1}], msg_controllen=16, {cmsg_len=16, cmsg_level=SOL_SOCKET, cmsg_type=SCM_RIGHTS, {6}}, msg_flags=0}, 0) = 1
10425 14:57:58.893936 <... recvmsg resumed> {msg_name(0)=NULL, msg_iov(1)=[{"\0", 1}], msg_controllen=16, {cmsg_len=16, cmsg_level=SOL_SOCKET, cmsg_type=SCM_RIGHTS, {6}}, msg_flags=0}, 0) = 1
10425 14:57:58.893993 setsockopt(6, SOL_SOCKET, SO_KEEPALIVE, [1], 4) = 0
10425 14:57:58.894102 setsockopt(6, SOL_IP, IP_TOS, [8], 4) = 0
10425 14:57:58.894176 setsockopt(6, SOL_SOCKET, SO_LINGER, {onoff=1, linger=32767}, 8) = 0
10425 14:57:58.894225 rt_sigaction(SIGALRM, {0x805cad0, ~[RTMIN RT_1], 0}, NULL, 8) = 0
10425 14:57:58.894284 alarm(300)        = 300
10425 14:57:58.894340 write(0, "150 Ok to send data.\r\n", 22) = 22
10425 14:57:58.894608 read(6, "assasaaa\na\na\na\na\n", 65536) = 17
10425 14:57:58.894669 write(4, "assasaaa\na\na\na\na\n", 17) = 17
10425 14:57:58.894736 read(6, "", 65536) = 0
10425 14:57:58.894780 rt_sigaction(SIGALRM, {0x805cad0, ~[RTMIN RT_1], 0}, NULL, 8) = 0
10425 14:57:58.894837 alarm(300)        = 300
10425 14:57:58.894880 close(6)          = 0
10425 14:57:58.894919 alarm(0)          = 300
10425 14:57:58.894959 gettimeofday({1495652278, 894975}, NULL) = 0
10425 14:57:58.895120 gettimeofday({1495652278, 895141}, NULL) = 0
10425 14:57:58.895179 fcntl64(3, F_SETLKW64, {type=F_WRLCK, whence=SEEK_SET, start=0, len=0}, 0xbf9eab74) = 0
10425 14:57:58.895242 write(3, "Wed May 24 14:57:58 2017 [pid 10425] [msfadmin] OK UPLOAD: Client \"127.0.0.1\", \"/home/msfadmin/myfile14\", 17 bytes, 6.09Kbyte/sec\n", 130) = 130
10425 14:57:58.895331 fcntl64(3, F_SETLK64, {type=F_UNLCK, whence=SEEK_SET, start=0, len=0}, 0xbf9eab7c) = 0
10425 14:57:58.895393 write(0, "226 Transfer complete.\r\n", 24) = 24
10425 14:57:58.895575 write(5, "\n", 1) = 1
10425 14:57:58.895626 read(5,  <unfinished ...>
10423 14:57:58.895657 close(6)          = 0
10423 14:57:58.895732 read(4, "\n", 1)  = 1
10423 14:57:58.895782 close(5)          = 0
10423 14:57:58.895828 write(4, "\1", 1) = 1
10425 14:57:58.895873 <... read resumed> "\1", 1) = 1
10425 14:57:58.895904 close(4)          = 0
10425 14:57:58.895999 rt_sigaction(SIGALRM, {0x805cad0, ~[RTMIN RT_1], 0}, NULL, 8) = 0
10425 14:57:58.896070 alarm(300)        = 0
10425 14:57:58.896119 recv(0,  <unfinished ...>
10423 14:57:58.896153 read(4,  <unfinished ...>
10425 14:57:59.438547 <... recv resumed> "TYPE I\r\n", 4096, MSG_PEEK) = 8
10425 14:57:59.438636 read(0, "TYPE I\r\n", 8) = 8
10425 14:57:59.438700 write(0, "200 Switching to Binary mode.\r\n", 31) = 31
10425 14:57:59.438831 rt_sigaction(SIGALRM, {0x805cad0, ~[RTMIN RT_1], 0}, NULL, 8) = 0
10425 14:57:59.438907 alarm(300)        = 299
10425 14:57:59.438961 recv(0, "PASV\r\n", 4096, MSG_PEEK) = 6
10425 14:57:59.439011 read(0, "PASV\r\n", 6) = 6
10425 14:57:59.439063 write(5, "\n", 1) = 1
10425 14:57:59.439114 read(5,  <unfinished ...>
10423 14:57:59.439146 <... read resumed> "\n", 1) = 1
10423 14:57:59.439181 write(4, "\1", 1) = 1
10425 14:57:59.439226 <... read resumed> "\1", 1) = 1
10425 14:57:59.439257 write(5, "\f", 1) = 1
10425 14:57:59.439300 read(5,  <unfinished ...>
10423 14:57:59.439329 read(4, "\f", 1)  = 1
10423 14:57:59.439380 socket(PF_INET, SOCK_STREAM, IPPROTO_TCP) = 5
10423 14:57:59.439440 setsockopt(5, SOL_SOCKET, SO_REUSEADDR, [1], 4) = 0
10423 14:57:59.439497 bind(5, {sa_family=AF_INET, sin_port=htons(10919), sin_addr=inet_addr("127.0.0.1")}, 16) = 0
10423 14:57:59.439561 listen(5, 1)      = 0
10423 14:57:59.439656 write(4, "\247*\0\0", 4) = 4
10425 14:57:59.439718 <... read resumed> "\247*\0\0", 4) = 4
10425 14:57:59.439770 write(0, "227 Entering Passive Mode (127,0,0,1,42,167).\r\n", 47) = 47
10425 14:57:59.440180 rt_sigaction(SIGALRM, {0x805cad0, ~[RTMIN RT_1], 0}, NULL, 8) = 0
10425 14:57:59.440252 alarm(300)        = 300
10425 14:57:59.440303 recv(0, "STOR myfile15\r\n", 4096, MSG_PEEK) = 15
10425 14:57:59.440356 read(0, "STOR myfile15\r\n", 15) = 15
10425 14:57:59.440414 write(5, "\v", 1) = 1
10425 14:57:59.440459 read(5,  <unfinished ...>
10423 14:57:59.440490 read(4, "\v", 1)  = 1
10423 14:57:59.440537 write(4, "\1\0\0\0", 4) = 4
10425 14:57:59.440629 <... read resumed> "\1\0\0\0", 4) = 4
10425 14:57:59.440681 gettimeofday({1495652279, 440697}, NULL) = 0
10425 14:57:59.440729 getcwd("/home/msfadmin", 4096) = 15
10425 14:57:59.440782 open("myfile15", O_WRONLY|O_CREAT|O_NONBLOCK|O_LARGEFILE, 0666) = 4
10425 14:57:59.440840 fstat64(4, {st_mode=S_IFREG|0644, st_size=17, ...}) = 0
10425 14:57:59.440914 fcntl64(4, F_GETFL) = 0x8801 (flags O_WRONLY|O_NONBLOCK|O_LARGEFILE)
10425 14:57:59.440985 fcntl64(4, F_SETFL, O_WRONLY|O_LARGEFILE) = 0
10425 14:57:59.441029 fcntl64(4, F_SETLKW64, {type=F_WRLCK, whence=SEEK_SET, start=0, len=0}, 0xbf9eabd4) = 0
10425 14:57:59.441088 ftruncate64(4, 0) = 0
10425 14:57:59.441158 _llseek(4, 0, [0], SEEK_SET) = 0
10425 14:57:59.441206 write(5, "\v", 1) = 1
10425 14:57:59.441251 read(5,  <unfinished ...>
10423 14:57:59.441282 read(4, "\v", 1)  = 1
10423 14:57:59.441331 write(4, "\1\0\0\0", 4) = 4
10425 14:57:59.441375 <... read resumed> "\1\0\0\0", 4) = 4
10425 14:57:59.441407 write(5, "\v", 1) = 1
10425 14:57:59.441449 read(5,  <unfinished ...>
10423 14:57:59.441477 read(4, "\v", 1)  = 1
10423 14:57:59.441523 write(4, "\1\0\0\0", 4) = 4
10425 14:57:59.441606 <... read resumed> "\1\0\0\0", 4) = 4
10425 14:57:59.441644 write(5, "\r", 1) = 1
10425 14:57:59.441687 read(5,  <unfinished ...>
10423 14:57:59.441716 read(4, "\r", 1)  = 1
10423 14:57:59.441767 select(6, [5], NULL, NULL, {60, 0}) = 1 (in [5], left {60, 0})
10423 14:57:59.441837 accept(5, {sa_family=AF_INET, sin_port=htons(46848), sin_addr=inet_addr("127.0.0.1")}, [16]) = 6
10423 14:57:59.441932 write(4, "\1", 1) = 1
10425 14:57:59.441976 <... read resumed> "\1", 1) = 1
10425 14:57:59.442012 recvmsg(5,  <unfinished ...>
10423 14:57:59.442048 sendmsg(4, {msg_name(0)=NULL, msg_iov(1)=[{"\0", 1}], msg_controllen=16, {cmsg_len=16, cmsg_level=SOL_SOCKET, cmsg_type=SCM_RIGHTS, {6}}, msg_flags=0}, 0) = 1
10425 14:57:59.442120 <... recvmsg resumed> {msg_name(0)=NULL, msg_iov(1)=[{"\0", 1}], msg_controllen=16, {cmsg_len=16, cmsg_level=SOL_SOCKET, cmsg_type=SCM_RIGHTS, {6}}, msg_flags=0}, 0) = 1
10425 14:57:59.442177 setsockopt(6, SOL_SOCKET, SO_KEEPALIVE, [1], 4) = 0
10425 14:57:59.442229 setsockopt(6, SOL_IP, IP_TOS, [8], 4) = 0
10425 14:57:59.442279 setsockopt(6, SOL_SOCKET, SO_LINGER, {onoff=1, linger=32767}, 8) = 0
10425 14:57:59.442326 rt_sigaction(SIGALRM, {0x805cad0, ~[RTMIN RT_1], 0}, NULL, 8) = 0
10425 14:57:59.442384 alarm(300)        = 300
10425 14:57:59.442439 write(0, "150 Ok to send data.\r\n", 22) = 22
10425 14:57:59.442760 read(6, "assasaaa\na\na\na\na\n", 65536) = 17
10425 14:57:59.442824 write(4, "assasaaa\na\na\na\na\n", 17) = 17
10425 14:57:59.442891 read(6, "", 65536) = 0
10425 14:57:59.442935 rt_sigaction(SIGALRM, {0x805cad0, ~[RTMIN RT_1], 0}, NULL, 8) = 0
10425 14:57:59.442994 alarm(300)        = 300
10425 14:57:59.443037 close(6)          = 0
10425 14:57:59.443076 alarm(0)          = 300
10425 14:57:59.443117 gettimeofday({1495652279, 443132}, NULL) = 0
10425 14:57:59.443179 gettimeofday({1495652279, 443196}, NULL) = 0
10425 14:57:59.443234 fcntl64(3, F_SETLKW64, {type=F_WRLCK, whence=SEEK_SET, start=0, len=0}, 0xbf9eab74) = 0
10425 14:57:59.443296 write(3, "Wed May 24 14:57:59 2017 [pid 10425] [msfadmin] OK UPLOAD: Client \"127.0.0.1\", \"/home/msfadmin/myfile15\", 17 bytes, 6.64Kbyte/sec\n", 130) = 130
10425 14:57:59.443384 fcntl64(3, F_SETLK64, {type=F_UNLCK, whence=SEEK_SET, start=0, len=0}, 0xbf9eab7c) = 0
10425 14:57:59.443446 write(0, "226 Transfer complete.\r\n", 24) = 24
10423 14:57:59.443694 close(6)          = 0
10423 14:57:59.443778 read(4,  <unfinished ...>
10425 14:57:59.443813 write(5, "\n", 1) = 1
10423 14:57:59.443860 <... read resumed> "\n", 1) = 1
10423 14:57:59.443889 close(5)          = 0
10423 14:57:59.443934 write(4, "\1", 1) = 1
10425 14:57:59.443981 read(5,  <unfinished ...>
