12937 15:23:45.419750 open("myfile15", O_WRONLY|O_CREAT|O_NONBLOCK|O_LARGEFILE, 0666) = 4
12937 15:23:45.419844 fstat64(4, {st_mode=S_IFREG|0644, st_size=17, ...}) = 0
12937 15:23:45.419901 fcntl64(4, F_GETFL) = 0x8801 (flags O_WRONLY|O_NONBLOCK|O_LARGEFILE)
12937 15:23:45.419931 fcntl64(4, F_SETFL, O_WRONLY|O_LARGEFILE) = 0
12937 15:23:45.419957 fcntl64(4, F_SETLKW64, {type=F_WRLCK, whence=SEEK_SET, start=0, len=0}, 0xbfb9e584) = 0
12937 15:23:45.419998 ftruncate64(4, 0) = 0
12937 15:23:45.420043 _llseek(4, 0, [0], SEEK_SET) = 0
12937 15:23:45.420072 write(5, "\v", 1) = 1
12937 15:23:45.420100 read(5,  <unfinished ...>
12935 15:23:45.420119 read(4, "\v", 1)  = 1
12935 15:23:45.420148 write(4, "\1\0\0\0", 4) = 4
12937 15:23:45.420175 <... read resumed> "\1\0\0\0", 4) = 4
12937 15:23:45.420195 write(5, "\v", 1) = 1
12937 15:23:45.420220 read(5,  <unfinished ...>
12935 15:23:45.420238 read(4, "\v", 1)  = 1
12935 15:23:45.420265 write(4, "\1\0\0\0", 4) = 4
12937 15:23:45.420292 <... read resumed> "\1\0\0\0", 4) = 4
12937 15:23:45.420311 write(5, "\r", 1) = 1
12937 15:23:45.420336 read(5,  <unfinished ...>
12935 15:23:45.420354 read(4, "\r", 1)  = 1
12935 15:23:45.420395 select(6, [5], NULL, NULL, {60, 0}) = 1 (in [5], left {60, 0})
12935 15:23:45.420499 accept(5, {sa_family=AF_INET, sin_port=htons(56422), sin_addr=inet_addr("127.0.0.1")}, [16]) = 6
12935 15:23:45.420559 write(4, "\1", 1) = 1
12937 15:23:45.420587 <... read resumed> "\1", 1) = 1
12937 15:23:45.420612 recvmsg(5,  <unfinished ...>
12935 15:23:45.420637 sendmsg(4, {msg_name(0)=NULL, msg_iov(1)=[{"\0", 1}], msg_controllen=16, {cmsg_len=16, cmsg_level=SOL_SOCKET, cmsg_type=SCM_RIGHTS, {6}}, msg_flags=0}, 0) = 1
12937 15:23:45.420681 <... recvmsg resumed> {msg_name(0)=NULL, msg_iov(1)=[{"\0", 1}], msg_controllen=16, {cmsg_len=16, cmsg_level=SOL_SOCKET, cmsg_type=SCM_RIGHTS, {6}}, msg_flags=0}, 0) = 1
12937 15:23:45.420715 setsockopt(6, SOL_SOCKET, SO_KEEPALIVE, [1], 4) = 0
12937 15:23:45.420747 setsockopt(6, SOL_IP, IP_TOS, [8], 4) = 0
12937 15:23:45.420778 setsockopt(6, SOL_SOCKET, SO_LINGER, {onoff=1, linger=32767}, 8) = 0
12937 15:23:45.420807 rt_sigaction(SIGALRM, {0x805cad0, ~[RTMIN RT_1], 0}, NULL, 8) = 0
12937 15:23:45.420841 alarm(300)        = 300
12937 15:23:45.420875 write(0, "150 Ok to send data.\r\n", 22) = 22
12937 15:23:45.421041 mmap2(NULL, 77824, PROT_READ|PROT_WRITE, MAP_PRIVATE|MAP_ANONYMOUS, -1, 0) = 0xb7d7b000
12937 15:23:45.421076 mprotect(0xb7d8d000, 4096, PROT_NONE) = 0
12937 15:23:45.421106 mprotect(0xb7d7b000, 4096, PROT_NONE) = 0
12937 15:23:45.421132 read(6, "assasaaa\na\na\na\na\n", 65536) = 17
12937 15:23:45.421167 write(4, "assasaaa\na\na\na\na\n", 17) = 17
12937 15:23:45.421207 read(6, "", 65536) = 0
12937 15:23:45.421234 rt_sigaction(SIGALRM, {0x805cad0, ~[RTMIN RT_1], 0}, NULL, 8) = 0
12937 15:23:45.421269 alarm(300)        = 300
12937 15:23:45.421294 close(6)          = 0
12937 15:23:45.421318 alarm(0)          = 300
12937 15:23:45.421343 gettimeofday({1495653825, 421353}, NULL) = 0
12937 15:23:45.421389 getpid()          = 12937
12937 15:23:45.421448 gettimeofday({1495653825, 421464}, NULL) = 0
12937 15:23:45.421499 fcntl64(3, F_SETLKW64, {type=F_WRLCK, whence=SEEK_SET, start=0, len=0}, 0xbfb9e524) = 0
12937 15:23:45.421537 write(3, "Wed May 24 15:23:45 2017 [pid 12937] [msfadmin] OK UPLOAD: Client \"127.0.0.1\", \"/home/msfadmin/myfile15\", 17 bytes, 9.41Kbyte/sec\n", 130) = 130
12937 15:23:45.421589 fcntl64(3, F_SETLK64, {type=F_UNLCK, whence=SEEK_SET, start=0, len=0}, 0xbfb9e52c) = 0
12937 15:23:45.421626 write(0, "226 Transfer complete.\r\n", 24) = 24
12937 15:23:45.421731 write(5, "\n", 1) = 1
12937 15:23:45.421762 read(5,  <unfinished ...>
12935 15:23:45.421781 close(6)          = 0
12935 15:23:45.421827 read(4, "\n", 1)  = 1
12935 15:23:45.421857 close(5)          = 0
12935 15:23:45.421886 write(4, "\1", 1) = 1
12937 15:23:45.421914 <... read resumed> "\1", 1) = 1
12937 15:23:45.421932 close(4)          = 0
12937 15:23:45.421960 rt_sigaction(SIGALRM, {0x805cad0, ~[RTMIN RT_1], 0}, NULL, 8) = 0
12937 15:23:45.421994 alarm(300)        = 0
12937 15:23:45.422023 recv(0,  <unfinished ...>
12935 15:23:45.422043 read(4,  <unfinished ...>
12937 15:23:45.947608 <... recv resumed> "TYPE I\r\n", 4096, MSG_PEEK) = 8
12937 15:23:45.947786 read(0, "TYPE I\r\n", 8) = 8
12937 15:23:45.947939 write(0, "200 Switching to Binary mode.\r\n", 31) = 31
12937 15:23:45.948105 rt_sigaction(SIGALRM, {0x805cad0, ~[RTMIN RT_1], 0}, NULL, 8) = 0
12937 15:23:45.948171 alarm(300)        = 299
12937 15:23:45.948222 recv(0, "PASV\r\n", 4096, MSG_PEEK) = 6
12937 15:23:45.948248 read(0, "PASV\r\n", 6) = 6
12937 15:23:45.948274 write(5, "\n", 1) = 1
12937 15:23:45.948300 read(5,  <unfinished ...>
12935 15:23:45.948317 <... read resumed> "\n", 1) = 1
12935 15:23:45.948335 write(4, "\1", 1) = 1
12937 15:23:45.948358 <... read resumed> "\1", 1) = 1
12937 15:23:45.948374 write(5, "\f", 1) = 1
12937 15:23:45.948395 read(5,  <unfinished ...>
12935 15:23:45.948410 read(4, "\f", 1)  = 1
12935 15:23:45.948435 socket(PF_INET, SOCK_STREAM, IPPROTO_TCP) = 5
12935 15:23:45.948466 setsockopt(5, SOL_SOCKET, SO_REUSEADDR, [1], 4) = 0
12935 15:23:45.948496 bind(5, {sa_family=AF_INET, sin_port=htons(26765), sin_addr=inet_addr("127.0.0.1")}, 16) = 0
12935 15:23:45.948570 listen(5, 1)      = 0
12935 15:23:45.948621 write(4, "\215h\0\0", 4) = 4
12937 15:23:45.948661 <... read resumed> "\215h\0\0", 4) = 4
12937 15:23:45.948689 write(0, "227 Entering Passive Mode (127,0,0,1,104,141).\r\n", 48) = 48
12937 15:23:45.948858 rt_sigaction(SIGALRM, {0x805cad0, ~[RTMIN RT_1], 0}, NULL, 8) = 0
12937 15:23:45.948881 alarm(300)        = 300
12937 15:23:45.948897 recv(0, "STOR myfile16\r\n", 4096, MSG_PEEK) = 15
12937 15:23:45.948913 read(0, "STOR myfile16\r\n", 15) = 15
12937 15:23:45.948947 write(5, "\v", 1) = 1
12937 15:23:45.948964 read(5,  <unfinished ...>
12935 15:23:45.948975 read(4, "\v", 1)  = 1
12935 15:23:45.949001 write(4, "\1\0\0\0", 4) = 4
12937 15:23:45.949015 <... read resumed> "\1\0\0\0", 4) = 4
12937 15:23:45.949026 gettimeofday({1495653825, 949031}, NULL) = 0
12937 15:23:45.949041 getcwd("/home/msfadmin", 4096) = 15
12937 15:23:45.949058 open("myfile16", O_WRONLY|O_CREAT|O_NONBLOCK|O_LARGEFILE, 0666) = 4
12937 15:23:45.949076 fstat64(4, {st_mode=S_IFREG|0644, st_size=17, ...}) = 0
12937 15:23:45.949100 fcntl64(4, F_GETFL) = 0x8801 (flags O_WRONLY|O_NONBLOCK|O_LARGEFILE)
12937 15:23:45.949115 fcntl64(4, F_SETFL, O_WRONLY|O_LARGEFILE) = 0
12937 15:23:45.949129 fcntl64(4, F_SETLKW64, {type=F_WRLCK, whence=SEEK_SET, start=0, len=0}, 0xbfb9e584) = 0
12937 15:23:45.949148 ftruncate64(4, 0) = 0
12937 15:23:45.949172 _llseek(4, 0, [0], SEEK_SET) = 0
12937 15:23:45.949187 write(5, "\v", 1) = 1
12937 15:23:45.949200 read(5,  <unfinished ...>
12935 15:23:45.949210 read(4, "\v", 1)  = 1
12935 15:23:45.949225 write(4, "\1\0\0\0", 4) = 4
12937 15:23:45.949239 <... read resumed> "\1\0\0\0", 4) = 4
12937 15:23:45.949249 write(5, "\v", 1) = 1
12937 15:23:45.949262 read(5,  <unfinished ...>
12935 15:23:45.949271 read(4, "\v", 1)  = 1
12935 15:23:45.949285 write(4, "\1\0\0\0", 4) = 4
12937 15:23:45.949299 <... read resumed> "\1\0\0\0", 4) = 4
12937 15:23:45.949309 write(5, "\r", 1) = 1
12937 15:23:45.949322 read(5,  <unfinished ...>
12935 15:23:45.949331 read(4, "\r", 1)  = 1
12935 15:23:45.949347 select(6, [5], NULL, NULL, {60, 0}) = 1 (in [5], left {60, 0})
12935 15:23:45.949368 accept(5, {sa_family=AF_INET, sin_port=htons(38304), sin_addr=inet_addr("127.0.0.1")}, [16]) = 6
12935 15:23:45.949398 write(4, "\1", 1) = 1
12937 15:23:45.949412 <... read resumed> "\1", 1) = 1
12937 15:23:45.949423 recvmsg(5,  <unfinished ...>
12935 15:23:45.949434 sendmsg(4, {msg_name(0)=NULL, msg_iov(1)=[{"\0", 1}], msg_controllen=16, {cmsg_len=16, cmsg_level=SOL_SOCKET, cmsg_type=SCM_RIGHTS, {6}}, msg_flags=0}, 0) = 1
12937 15:23:45.949457 <... recvmsg resumed> {msg_name(0)=NULL, msg_iov(1)=[{"\0", 1}], msg_controllen=16, {cmsg_len=16, cmsg_level=SOL_SOCKET, cmsg_type=SCM_RIGHTS, {6}}, msg_flags=0}, 0) = 1
12937 15:23:45.949474 setsockopt(6, SOL_SOCKET, SO_KEEPALIVE, [1], 4) = 0
12937 15:23:45.949491 setsockopt(6, SOL_IP, IP_TOS, [8], 4) = 0
12937 15:23:45.949531 setsockopt(6, SOL_SOCKET, SO_LINGER, {onoff=1, linger=32767}, 8) = 0
12937 15:23:45.949550 rt_sigaction(SIGALRM, {0x805cad0, ~[RTMIN RT_1], 0}, NULL, 8) = 0
12937 15:23:45.949586 alarm(300)        = 300
12937 15:23:45.949604 write(0, "150 Ok to send data.\r\n", 22) = 22
12937 15:23:45.949689 read(6, "assasaaa\na\na\na\na\n", 65536) = 17
12937 15:23:45.949708 write(4, "assasaaa\na\na\na\na\n", 17) = 17
12937 15:23:45.949728 read(6, "", 65536) = 0
12937 15:23:45.949742 rt_sigaction(SIGALRM, {0x805cad0, ~[RTMIN RT_1], 0}, NULL, 8) = 0
12937 15:23:45.949761 alarm(300)        = 300
12937 15:23:45.949774 close(6)          = 0
12937 15:23:45.949786 alarm(0)          = 300
12937 15:23:45.949799 gettimeofday({1495653825, 949804}, NULL) = 0
12937 15:23:45.949819 gettimeofday({1495653825, 949825}, NULL) = 0
12937 15:23:45.949838 fcntl64(3, F_SETLKW64, {type=F_WRLCK, whence=SEEK_SET, start=0, len=0}, 0xbfb9e524) = 0
12937 15:23:45.949874 write(3, "Wed May 24 15:23:45 2017 [pid 12937] [msfadmin] OK UPLOAD: Client \"127.0.0.1\", \"/home/msfadmin/myfile16\", 17 bytes, 20.91Kbyte/sec\n", 131) = 131
12937 15:23:45.949904 fcntl64(3, F_SETLK64, {type=F_UNLCK, whence=SEEK_SET, start=0, len=0}, 0xbfb9e52c) = 0
12937 15:23:45.949933 write(0, "226 Transfer complete.\r\n", 24) = 24
12937 15:23:45.949988 write(5, "\n", 1) = 1
12937 15:23:45.950004 read(5,  <unfinished ...>
12935 15:23:45.950014 close(6)          = 0
12935 15:23:45.950037 read(4, "\n", 1)  = 1
12935 15:23:45.950053 close(5)          = 0
12935 15:23:45.950067 write(4, "\1", 1) = 1
12937 15:23:45.950082 <... read resumed> "\1", 1) = 1
12937 15:23:45.950091 close(4)          = 0
12937 15:23:45.950105 rt_sigaction(SIGALRM, {0x805cad0, ~[RTMIN RT_1], 0}, NULL, 8) = 0
12937 15:23:45.950123 alarm(300)        = 0
12937 15:23:45.950138 recv(0,  <unfinished ...>
12935 15:23:45.950148 read(4,  <unfinished ...>
12932 15:23:46.403683 <... read resumed> "\n", 1) = 1
12932 15:23:46.403819 stat64(".", {st_mode=S_IFDIR|0755, st_size=4096, ...}) = 0
12932 15:23:46.403899 stat64("/sbin/nohup", 0xbfbeb528) = -1 ENOENT (No such file or directory)
12932 15:23:46.403948 stat64("/bin/nohup", 0xbfbeb528) = -1 ENOENT (No such file or directory)
12932 15:23:46.403990 stat64("/usr/sbin/nohup", 0xbfbeb528) = -1 ENOENT (No such file or directory)
12932 15:23:46.404033 stat64("/usr/bin/nohup", {st_mode=S_IFREG|0755, st_size=26336, ...}) = 0
12932 15:23:46.404100 stat64("/usr/bin/nohup", {st_mode=S_IFREG|0755, st_size=26336, ...}) = 0
12932 15:23:46.404222 rt_sigprocmask(SIG_BLOCK, [INT CHLD], [], 8) = 0
12932 15:23:46.404280 clone(child_stack=0, flags=CLONE_CHILD_CLEARTID|CLONE_CHILD_SETTID|SIGCHLD, child_tidptr=0xb7d916f8) = 12938
12938 15:23:46.404455 rt_sigprocmask(SIG_SETMASK, [], NULL, 8) = 0
12938 15:23:46.404514 rt_sigaction(SIGTSTP, {SIG_DFL}, {SIG_DFL}, 8) = 0
12938 15:23:46.404564 rt_sigaction(SIGTTIN, {SIG_DFL}, {SIG_DFL}, 8) = 0
12938 15:23:46.404609 rt_sigaction(SIGTTOU, {SIG_DFL}, {SIG_DFL}, 8) = 0
12938 15:23:46.404702 rt_sigaction(SIGINT, {SIG_DFL}, {SIG_DFL}, 8) = 0
12938 15:23:46.404760 rt_sigaction(SIGQUIT, {SIG_DFL}, {SIG_IGN}, 8) = 0
12938 15:23:46.404808 rt_sigaction(SIGCHLD, {SIG_DFL}, {0x807e540, [], 0}, 8) = 0
12938 15:23:46.404922 open("/dev/null", O_WRONLY|O_CREAT|O_TRUNC|O_LARGEFILE, 0666) = 7
12938 15:23:46.405030 dup2(7, 1)        = 1
12938 15:23:46.405080 close(7)          = 0
12938 15:23:46.405116 dup2(1, 2)        = 2
12938 15:23:46.405178 fcntl64(1, F_GETFD) = 0
12938 15:23:46.405225 execve("/usr/bin/nohup", ["nohup"], [/* 16 vars */]) = 0
12938 15:23:46.405460 brk(0)            = 0x804f000
12938 15:23:46.405526 access("/etc/ld.so.nohwcap", F_OK) = -1 ENOENT (No such file or directory)
12938 15:23:46.405582 mmap2(NULL, 8192, PROT_READ|PROT_WRITE, MAP_PRIVATE|MAP_ANONYMOUS, -1, 0) = 0xb7f9d000
12938 15:23:46.405659 access("/etc/ld.so.preload", R_OK) = -1 ENOENT (No such file or directory)
12938 15:23:46.405719 open("/etc/ld.so.cache", O_RDONLY) = 7
12938 15:23:46.405764 fstat64(7, {st_mode=S_IFREG|0644, st_size=29913, ...}) = 0
12938 15:23:46.405828 mmap2(NULL, 29913, PROT_READ, MAP_PRIVATE, 7, 0) = 0xb7f95000
12938 15:23:46.405868 close(7)          = 0
12938 15:23:46.405925 access("/etc/ld.so.nohwcap", F_OK) = -1 ENOENT (No such file or directory)
12938 15:23:46.405982 open("/lib/tls/i686/cmov/libc.so.6", O_RDONLY) = 7
12938 15:23:46.406034 read(7, "\177ELF\1\1\1\0\0\0\0\0\0\0\0\0\3\0\3\0\1\0\0\0\260e\1\0004\0\0\0\4\307\24\0\0\0\0\0004\0 \0\n\0(\0D\0C\0\6\0\0\0004\0\0\0004\0\0\0004\0\0\0@\1\0\0@\1\0\0\5\0\0\0\4\0\0\0\3\0\0\0\2200\23\0\2200\23\0\2200\23\0\23\0\0\0\23\0\0\0\4\0\0\0\1\0\0\0\1\0\0\0\0\0\0\0\0\0\0\0\0\0\0\0(\215\24\0(\215\24\0\5\0\0\0\0\20\0\0\1\0\0\0\354\221\24\0\354\221\24\0\354\221\24\0\260\'\0\0\204T\0\0\6\0\0\0\0\20\0\0\2\0\0\0\234\255\24\0\234\255\24\0\234\255\24\0\360\0\0\0\360\0\0\0\6\0\0\0\4\0\0\0\4\0\0\0t\1\0\0t\1\0\0t\1\0\0 \0\0\0 \0\0\0\4\0\0\0\4\0\0\0\7\0\0\0\354\221\24\0\354\221\24\0\354\221\24\0\10\0\0\0,\0\0\0\4\0\0\0\4\0\0\0P\345td\2440\23\0\2440\23\0\2440\23\0\354+\0\0\354+\0\0\4\0\0\0\4\0\0\0Q\345td\0\0\0\0\0\0\0\0\0\0\0\0\0\0\0\0\0\0\0\0\6\0\0\0\4\0\0\0R\345td\354\221\24\0\354\221\24\0\354\221\24\0\10\36\0\0\10\36\0\0\4\0\0\0\1\0\0\0\4\0\0\0\20\0\0\0\1\0\0\0GNU\0\0\0\0\0\2\0\0\0\6\0\0\0\10\0\0\0\363\3\0\0\n\0\0\0\0\2\0\0\16\0\0\0\2400\20D\200 \2\1\214\3\346\220AE\210\0\204\0\10\0A\200\0@\300\200\0\f\2\f\0\0010\0\10@\"\10\246\4\210H6l\240\0260\0&\204\200\216\4\10B$\2\f\246\244\32\6c\310\0\302 \1\300\0R\0!\201\10\4\n  \250\24\0\24(`\0\0P\240\312DB", 512) = 512
12938 15:23:46.406439 fstat64(7, {st_mode=S_IFREG|0755, st_size=1364388, ...}) = 0
12938 15:23:46.406511 mmap2(NULL, 1369712, PROT_READ|PROT_EXEC, MAP_PRIVATE|MAP_DENYWRITE, 7, 0) = 0xb7e46000
12938 15:23:46.406556 mmap2(0xb7f8f000, 12288, PROT_READ|PROT_WRITE, MAP_PRIVATE|MAP_FIXED|MAP_DENYWRITE, 7, 0x149) = 0xb7f8f000
12938 15:23:46.407349 mmap2(0xb7f92000, 9840, PROT_READ|PROT_WRITE, MAP_PRIVATE|MAP_FIXED|MAP_ANONYMOUS, -1, 0) = 0xb7f92000
12938 15:23:46.407411 close(7)          = 0
12938 15:23:46.407468 mmap2(NULL, 4096, PROT_READ|PROT_WRITE, MAP_PRIVATE|MAP_ANONYMOUS, -1, 0) = 0xb7e45000
12938 15:23:46.407510 set_thread_area({entry_number:-1 -> 6, base_addr:0xb7e456b0, limit:1048575, seg_32bit:1, contents:0, read_exec_only:0, limit_in_pages:1, seg_not_present:0, useable:1}) = 0
12938 15:23:46.407654 mprotect(0xb7f8f000, 4096, PROT_READ) = 0
12938 15:23:46.407707 munmap(0xb7f95000, 29913) = 0
12938 15:23:46.407901 brk(0)            = 0x804f000
12938 15:23:46.407941 brk(0x8070000)    = 0x8070000
12938 15:23:46.408030 write(2, "nohup: ", 7) = 7
12938 15:23:46.408077 write(2, "missing operand", 15) = 15
12938 15:23:46.408119 write(2, "\n", 1) = 1
12938 15:23:46.408164 write(2, "Try `nohup --help\' for more information.\n", 41) = 41
12938 15:23:46.408223 close(1)          = 0
12938 15:23:46.408258 close(2)          = 0
12938 15:23:46.408328 exit_group(127)   = ?
12932 15:23:46.408455 rt_sigprocmask(SIG_SETMASK, [], NULL, 8) = 0
12932 15:23:46.408503 --- SIGCHLD (Child exited) @ 0 (0) ---
12932 15:23:46.408532 waitpid(-1, [{WIFEXITED(s) && WEXITSTATUS(s) == 127}], WNOHANG) = 12938
12932 15:23:46.408581 waitpid(-1, 0xbfbeb1a8, WNOHANG) = 0
12932 15:23:46.408615 sigreturn()       = ? (mask now [])
12932 15:23:46.408689 rt_sigprocmask(SIG_BLOCK, [CHLD], [], 8) = 0
12932 15:23:46.408742 rt_sigprocmask(SIG_SETMASK, [], NULL, 8) = 0
12932 15:23:46.408810 rt_sigprocmask(SIG_BLOCK, [CHLD], [], 8) = 0
12932 15:23:46.408859 rt_sigaction(SIGINT, {0x807f150, [], 0}, {SIG_DFL}, 8) = 0
12932 15:23:46.408916 rt_sigprocmask(SIG_SETMASK, [], NULL, 8) = 0
12932 15:23:46.408956 rt_sigaction(SIGINT, {SIG_DFL}, {0x807f150, [], 0}, 8) = 0
12932 15:23:46.409013 rt_sigprocmask(SIG_BLOCK, NULL, [], 8) = 0
12932 15:23:46.409061 read(0, "e", 1)   = 1
12932 15:23:46.409106 read(0, "c", 1)   = 1
12932 15:23:46.409143 read(0, "h", 1)   = 1
12932 15:23:46.409179 read(0, "o", 1)   = 1
12932 15:23:46.409216 read(0, " ", 1)   = 1
12932 15:23:46.409252 read(0, "w", 1)   = 1
12932 15:23:46.409317 read(0, "z", 1)   = 1
12932 15:23:46.409354 read(0, "E", 1)   = 1
12932 15:23:46.409391 read(0, "K", 1)   = 1
12932 15:23:46.409427 read(0, "a", 1)   = 1
12932 15:23:46.409464 read(0, "k", 1)   = 1
12932 15:23:46.409500 read(0, "i", 1)   = 1
12932 15:23:46.409550 read(0, "i", 1)   = 1
12932 15:23:46.409587 read(0, "y", 1)   = 1
12932 15:23:46.409623 read(0, "t", 1)   = 1
12932 15:23:46.409660 read(0, "j", 1)   = 1
12932 15:23:46.409696 read(0, "N", 1)   = 1
12932 15:23:46.409733 read(0, "N", 1)   = 1
12932 15:23:46.409792 read(0, "V", 1)   = 1
12932 15:23:46.409831 read(0, "r", 1)   = 1
12932 15:23:46.409868 read(0, "n", 1)   = 1
12932 15:23:46.409907 read(0, "\n", 1)  = 1
12932 15:23:46.410007 write(1, "wzEKakiiytjNNVrn\n", 17) = 17
12932 15:23:46.410185 rt_sigprocmask(SIG_BLOCK, NULL, [], 8) = 0
12932 15:23:46.410256 read(0,  <unfinished ...>
12937 15:23:46.496662 <... recv resumed> "TYPE I\r\n", 4096, MSG_PEEK) = 8
12937 15:23:46.496722 read(0, "TYPE I\r\n", 8) = 8
12937 15:23:46.496776 write(0, "200 Switching to Binary mode.\r\n", 31) = 31
12937 15:23:46.496892 rt_sigaction(SIGALRM, {0x805cad0, ~[RTMIN RT_1], 0}, NULL, 8) = 0
12937 15:23:46.496945 alarm(300)        = 299
12937 15:23:46.496983 recv(0, "PASV\r\n", 4096, MSG_PEEK) = 6
12937 15:23:46.497018 read(0, "PASV\r\n", 6) = 6
12937 15:23:46.497055 write(5, "\n", 1 <unfinished ...>
12935 15:23:46.497084 <... read resumed> "\n", 1) = 1
12937 15:23:46.497101 <... write resumed> ) = 1
12935 15:23:46.497122 write(4, "\1", 1) = 1
12935 15:23:46.497155 read(4,  <unfinished ...>
12937 15:23:46.497176 read(5, "\1", 1)  = 1
12937 15:23:46.497211 write(5, "\f", 1 <unfinished ...>
12935 15:23:46.497233 <... read resumed> "\f", 1) = 1
12937 15:23:46.497249 <... write resumed> ) = 1
12935 15:23:46.497271 socket(PF_INET, SOCK_STREAM, IPPROTO_TCP) = 5
12935 15:23:46.497313 setsockopt(5, SOL_SOCKET, SO_REUSEADDR, [1], 4) = 0
12935 15:23:46.497353 bind(5, {sa_family=AF_INET, sin_port=htons(46070), sin_addr=inet_addr("127.0.0.1")}, 16) = 0
12935 15:23:46.497424 listen(5, 1)      = 0
12935 15:23:46.497469 write(4, "\366\263\0\0", 4) = 4
12935 15:23:46.497504 read(4,  <unfinished ...>
12937 15:23:46.497520 read(5, "\366\263\0\0", 4) = 4
12937 15:23:46.497555 write(0, "227 Entering Passive Mode (127,0,0,1,179,246).\r\n", 48) = 48
12937 15:23:46.497781 rt_sigaction(SIGALRM, {0x805cad0, ~[RTMIN RT_1], 0}, NULL, 8) = 0
12937 15:23:46.497833 alarm(300)        = 300
12937 15:23:46.497871 recv(0, "STOR myfile17\r\n", 4096, MSG_PEEK) = 15
12937 15:23:46.497913 read(0, "STOR myfile17\r\n", 15) = 15
12937 15:23:46.497958 write(5, "\v", 1) = 1
12935 15:23:46.497994 <... read resumed> "\v", 1) = 1
12935 15:23:46.498018 write(4, "\1\0\0\0", 4) = 4
12935 15:23:46.498045 read(4,  <unfinished ...>
12937 15:23:46.498060 read(5, "\1\0\0\0", 4) = 4
12937 15:23:46.498084 gettimeofday({1495653826, 498092}, NULL) = 0
12937 15:23:46.498107 getcwd("/home/msfadmin", 4096) = 15
12937 15:23:46.498132 open("myfile17", O_WRONLY|O_CREAT|O_NONBLOCK|O_LARGEFILE, 0666) = 4
12937 15:23:46.498161 fstat64(4, {st_mode=S_IFREG|0644, st_size=17, ...}) = 0
12937 15:23:46.498216 fcntl64(4, F_GETFL) = 0x8801 (flags O_WRONLY|O_NONBLOCK|O_LARGEFILE)
12937 15:23:46.498252 fcntl64(4, F_SETFL, O_WRONLY|O_LARGEFILE) = 0
12937 15:23:46.498285 fcntl64(4, F_SETLKW64, {type=F_WRLCK, whence=SEEK_SET, start=0, len=0}, 0xbfb9e584) = 0
12937 15:23:46.498329 ftruncate64(4, 0) = 0
12937 15:23:46.498447 _llseek(4, 0, [0], SEEK_SET) = 0
12937 15:23:46.498489 write(5, "\v", 1 <unfinished ...>
12935 15:23:46.498515 <... read resumed> "\v", 1) = 1
12937 15:23:46.498531 <... write resumed> ) = 1
12935 15:23:46.498550 write(4, "\1\0\0\0", 4) = 4
12935 15:23:46.498586 read(4,  <unfinished ...>
12937 15:23:46.498611 read(5, "\1\0\0\0", 4) = 4
12937 15:23:46.498649 write(5, "\v", 1 <unfinished ...>
12935 15:23:46.498673 <... read resumed> "\v", 1) = 1
12937 15:23:46.498689 <... write resumed> ) = 1
12935 15:23:46.498709 write(4, "\1\0\0\0", 4) = 4
12935 15:23:46.498742 read(4,  <unfinished ...>
12937 15:23:46.498765 read(5, "\1\0\0\0", 4) = 4
12937 15:23:46.498802 write(5, "\r", 1 <unfinished ...>
12935 15:23:46.498825 <... read resumed> "\r", 1) = 1
12937 15:23:46.498841 <... write resumed> ) = 1
12935 15:23:46.498896 select(6, [5], NULL, NULL, {60, 0}) = 1 (in [5], left {60, 0})
12935 15:23:46.498967 accept(5, {sa_family=AF_INET, sin_port=htons(60647), sin_addr=inet_addr("127.0.0.1")}, [16]) = 6
12935 15:23:46.499042 write(4, "\1", 1) = 1
12935 15:23:46.499082 sendmsg(4, {msg_name(0)=NULL, msg_iov(1)=[{"\0", 1}], msg_controllen=16, {cmsg_len=16, cmsg_level=SOL_SOCKET, cmsg_type=SCM_RIGHTS, {6}}, msg_flags=0}, 0) = 1
12935 15:23:46.499137 close(6)          = 0
12935 15:23:46.499168 read(4,  <unfinished ...>
