9707  14:50:41.024830 fcntl64(3, F_SETLKW64, {type=F_WRLCK, whence=SEEK_SET, start=0, len=0}, 0xbfa7cd34) = 0
9707  14:50:41.024870 write(3, "Wed May 24 14:50:41 2017 [pid 9707] [msfadmin] OK LOGIN: Client \"127.0.0.1\"\n", 76) = 76
9707  14:50:41.024902 fcntl64(3, F_SETLK64, {type=F_UNLCK, whence=SEEK_SET, start=0, len=0}, 0xbfa7cd3c) = 0
9707  14:50:41.024928 rt_sigaction(SIGCHLD, {0x805cad0, ~[RTMIN RT_1], 0}, NULL, 8) = 0
9707  14:50:41.024956 write(4, "\1", 1 <unfinished ...>
9708  14:50:41.024978 <... read resumed> "\1", 1) = 1
9707  14:50:41.025006 <... write resumed> ) = 1
9708  14:50:41.025029 exit_group(0)     = ?
9707  14:50:41.025100 --- SIGCHLD (Child exited) @ 0 (0) ---
9707  14:50:41.025114 sigreturn()       = ? (mask now [])
9707  14:50:41.025149 wait4(-1, [{WIFEXITED(s) && WEXITSTATUS(s) == 0}], 0, NULL) = 9708
9707  14:50:41.025175 close(4)          = 0
9707  14:50:41.025197 socketpair(PF_FILE, SOCK_STREAM, 0, [4, 5]) = 0
9707  14:50:41.025224 rt_sigaction(SIGCHLD, {0x805cad0, ~[RTMIN RT_1], 0}, NULL, 8) = 0
9707  14:50:41.025250 rt_sigaction(SIGALRM, {0x805cb10, ~[RTMIN RT_1], 0}, NULL, 8) = 0
9707  14:50:41.025276 clone(child_stack=0, flags=CLONE_CHILD_CLEARTID|CLONE_CHILD_SETTID|SIGCHLD, child_tidptr=0xb7e216f8) = 9709
9709  14:50:41.025375 prctl(0x1, 0x9, 0, 0, 0) = 0
9709  14:50:41.025401 close(4)          = 0
9709  14:50:41.025452 open("/etc/passwd", O_RDONLY|0x80000 /* O_??? */) = 4
9709  14:50:41.025483 _llseek(4, 0, [0], SEEK_CUR) = 0
9709  14:50:41.025513 fstat64(4, {st_mode=S_IFREG|0644, st_size=1624, ...}) = 0
9709  14:50:41.025547 mmap2(NULL, 1624, PROT_READ, MAP_SHARED, 4, 0) = 0xb7fbb000
9709  14:50:41.025569 _llseek(4, 1624, [1624], SEEK_SET) = 0
9709  14:50:41.025612 munmap(0xb7fbb000, 1624) = 0
9709  14:50:41.025634 close(4)          = 0
9709  14:50:41.025659 getuid32()        = 0
9709  14:50:41.025678 open("/etc/passwd", O_RDONLY|0x80000 /* O_??? */) = 4
9709  14:50:41.025702 _llseek(4, 0, [0], SEEK_CUR) = 0
9709  14:50:41.025721 fstat64(4, {st_mode=S_IFREG|0644, st_size=1624, ...}) = 0
9709  14:50:41.025752 mmap2(NULL, 1624, PROT_READ, MAP_SHARED, 4, 0) = 0xb7fbb000
9709  14:50:41.025772 _llseek(4, 1624, [1624], SEEK_SET) = 0
9709  14:50:41.025801 munmap(0xb7fbb000, 1624) = 0
9709  14:50:41.025820 close(4)          = 0
9709  14:50:41.025869 open("/proc/sys/kernel/ngroups_max", O_RDONLY) = 4
9709  14:50:41.025907 read(4, "65536\n", 31) = 6
9709  14:50:41.025930 close(4)          = 0
9709  14:50:41.025971 socket(PF_FILE, SOCK_STREAM, 0) = 4
9709  14:50:41.025998 fcntl64(4, F_SETFL, O_RDWR|O_NONBLOCK) = 0
9709  14:50:41.026018 connect(4, {sa_family=AF_FILE, path="/var/run/nscd/socket"}, 110) = -1 ENOENT (No such file or directory)
9709  14:50:41.026059 close(4)          = 0
9709  14:50:41.026081 socket(PF_FILE, SOCK_STREAM, 0) = 4
9709  14:50:41.026100 fcntl64(4, F_SETFL, O_RDWR|O_NONBLOCK) = 0
9709  14:50:41.026120 connect(4, {sa_family=AF_FILE, path="/var/run/nscd/socket"}, 110) = -1 ENOENT (No such file or directory)
9709  14:50:41.026154 close(4)          = 0
9709  14:50:41.026200 open("/etc/group", O_RDONLY|0x80000 /* O_??? */) = 4
9709  14:50:41.026227 _llseek(4, 0, [0], SEEK_CUR) = 0
9709  14:50:41.026247 fstat64(4, {st_mode=S_IFREG|0644, st_size=886, ...}) = 0
9709  14:50:41.026278 mmap2(NULL, 886, PROT_READ, MAP_SHARED, 4, 0) = 0xb7fbb000
9709  14:50:41.026299 _llseek(4, 886, [886], SEEK_SET) = 0
9709  14:50:41.026345 fstat64(4, {st_mode=S_IFREG|0644, st_size=886, ...}) = 0
9709  14:50:41.026377 munmap(0xb7fbb000, 886) = 0
9709  14:50:41.026397 close(4)          = 0
9709  14:50:41.026415 setgroups32(13, [1000, 4, 20, 24, 25, 29, 30, 44, 46, 107, 111, 112, 119]) = 0
9709  14:50:41.026446 geteuid32()       = 0
9709  14:50:41.026468 getegid32()       = 0
9709  14:50:41.026488 setregid32(-1, 1000) = 0
9709  14:50:41.026508 setreuid32(-1, 1000) = 0
9709  14:50:41.026529 chdir("/home/msfadmin") = 0
9709  14:50:41.026551 setreuid32(-1, 0) = 0
9709  14:50:41.026569 setregid32(-1, 0) = 0
9709  14:50:41.026589 setgid32(1000)    = 0
9709  14:50:41.026608 setuid32(1000)    = 0
9709  14:50:41.026627 setrlimit(RLIMIT_NPROC, {rlim_cur=0, rlim_max=0}) = 0
9709  14:50:41.026653 mmap2(NULL, 12288, PROT_READ|PROT_WRITE, MAP_PRIVATE|MAP_ANONYMOUS, -1, 0) = 0xb7fb9000
9709  14:50:41.026683 mprotect(0xb7fbb000, 4096, PROT_NONE) = 0
9709  14:50:41.026705 mprotect(0xb7fb9000, 4096, PROT_NONE) = 0
9709  14:50:41.026726 getcwd("/home/msfadmin", 4096) = 15
9709  14:50:41.026752 umask(022)        = 077
9709  14:50:41.026771 getcwd("/home/msfadmin", 4096) = 15
9709  14:50:41.026796 open(".message", O_RDONLY|O_NONBLOCK|O_LARGEFILE) = -1 ENOENT (No such file or directory)
9709  14:50:41.026839 write(0, "230 Login successful.\r\n", 23) = 23
9709  14:50:41.027051 rt_sigaction(SIGALRM, {0x805cad0, ~[RTMIN RT_1], 0}, NULL, 8) = 0
9709  14:50:41.027084 alarm(300)        = 0
9709  14:50:41.027106 mmap2(NULL, 12288, PROT_READ|PROT_WRITE, MAP_PRIVATE|MAP_ANONYMOUS, -1, 0) = 0xb7fb6000
9709  14:50:41.027127 mprotect(0xb7fb8000, 4096, PROT_NONE) = 0
9709  14:50:41.027149 mprotect(0xb7fb6000, 4096, PROT_NONE) = 0
9709  14:50:41.027174 recv(0, "TYPE I\r\n", 4096, MSG_PEEK) = 8
9709  14:50:41.027198 read(0, "TYPE I\r\n", 8) = 8
9709  14:50:41.027230 write(0, "200 Switching to Binary mode.\r\n", 31) = 31
9709  14:50:41.027304 rt_sigaction(SIGALRM, {0x805cad0, ~[RTMIN RT_1], 0}, NULL, 8) = 0
9709  14:50:41.027331 alarm(300)        = 300
9709  14:50:41.027352 recv(0, "PASV\r\n", 4096, MSG_PEEK) = 6
9709  14:50:41.027373 read(0, "PASV\r\n", 6) = 6
9709  14:50:41.027396 write(5, "\n", 1) = 1
9709  14:50:41.027416 read(5,  <unfinished ...>
9707  14:50:41.027439 close(5)          = 0
9707  14:50:41.027463 getuid32()        = 0
9707  14:50:41.027491 open("/etc/passwd", O_RDONLY|0x80000 /* O_??? */) = 5
9707  14:50:41.027519 _llseek(5, 0, [0], SEEK_CUR) = 0
9707  14:50:41.027542 fstat64(5, {st_mode=S_IFREG|0644, st_size=1624, ...}) = 0
9707  14:50:41.027575 mmap2(NULL, 1624, PROT_READ, MAP_SHARED, 5, 0) = 0xb7fbb000
9707  14:50:41.027597 _llseek(5, 1624, [1624], SEEK_SET) = 0
9707  14:50:41.027630 munmap(0xb7fbb000, 1624) = 0
9707  14:50:41.027652 close(5)          = 0
9707  14:50:41.027682 setgroups32(0, []) = 0
9707  14:50:41.027703 chdir("/usr/share/empty") = 0
9707  14:50:41.027727 chroot(".")       = 0
9707  14:50:41.027748 capset(NULL, NULL) = -1 EFAULT (Bad address)
9707  14:50:41.027773 prctl(0x8, 0, 0xbfa7cd18, 0x80549a6, 0xbfa7cd00) = 0
9707  14:50:41.027795 prctl(0x8, 0x1, 0xbfa7cd18, 0x8054a49, 0xbfa7cd00) = 0
9707  14:50:41.027814 setgid32(65534)   = 0
9707  14:50:41.027833 setuid32(65534)   = 0
9707  14:50:41.027851 capset(0x19980330, 0, {CAP_NET_BIND_SERVICE, CAP_NET_BIND_SERVICE, 0}) = 0
9707  14:50:41.027877 read(4, "\n", 1)  = 1
9707  14:50:41.027914 write(4, "\1", 1) = 1
9709  14:50:41.027942 <... read resumed> "\1", 1) = 1
9709  14:50:41.027956 write(5, "\f", 1) = 1
9709  14:50:41.027975 read(5,  <unfinished ...>
9707  14:50:41.027988 read(4, "\f", 1)  = 1
9707  14:50:41.028012 socket(PF_INET, SOCK_STREAM, IPPROTO_TCP) = 5
9707  14:50:41.028039 setsockopt(5, SOL_SOCKET, SO_REUSEADDR, [1], 4) = 0
9707  14:50:41.028061 gettimeofday({1495651841, 28068}, NULL) = 0
9707  14:50:41.028092 bind(5, {sa_family=AF_INET, sin_port=htons(44042), sin_addr=inet_addr("127.0.0.1")}, 16) = 0
9707  14:50:41.028121 listen(5, 1)      = 0
9707  14:50:41.028145 write(4, "\n\254\0\0", 4) = 4
9709  14:50:41.028166 <... read resumed> "\n\254\0\0", 4) = 4
9709  14:50:41.028192 write(0, "227 Entering Passive Mode (127,0,0,1,172,10).\r\n", 47) = 47
9709  14:50:41.028379 rt_sigaction(SIGALRM, {0x805cad0, ~[RTMIN RT_1], 0}, NULL, 8) = 0
9709  14:50:41.028401 alarm(300)        = 300
9709  14:50:41.028402 recv(0, "STOR myfile32\r\n", 4096, MSG_PEEK) = 15
9709  14:50:41.028402 read(0, "STOR myfile32\r\n", 15) = 15
9709  14:50:41.028402 write(5, "\v", 1) = 1
9709  14:50:41.028402 read(5,  <unfinished ...>
9707  14:50:41.028403 read(4, "\v", 1)  = 1
9707  14:50:41.028403 write(4, "\1\0\0\0", 4) = 4
9709  14:50:41.028419 <... read resumed> "\1\0\0\0", 4) = 4
9709  14:50:41.028436 gettimeofday({1495651841, 28443}, NULL) = 0
9709  14:50:41.028456 getcwd("/home/msfadmin", 4096) = 15
9709  14:50:41.028480 open("myfile32", O_WRONLY|O_CREAT|O_NONBLOCK|O_LARGEFILE, 0666) = 4
9709  14:50:41.028513 fstat64(4, {st_mode=S_IFREG|0644, st_size=17, ...}) = 0
9709  14:50:41.028563 fcntl64(4, F_GETFL) = 0x8801 (flags O_WRONLY|O_NONBLOCK|O_LARGEFILE)
9709  14:50:41.028588 fcntl64(4, F_SETFL, O_WRONLY|O_LARGEFILE) = 0
9709  14:50:41.028607 fcntl64(4, F_SETLKW64, {type=F_WRLCK, whence=SEEK_SET, start=0, len=0}, 0xbfa7cc64) = 0
9709  14:50:41.028637 ftruncate64(4, 0) = 0
9709  14:50:41.028674 _llseek(4, 0, [0], SEEK_SET) = 0
9709  14:50:41.028695 write(5, "\v", 1) = 1
9709  14:50:41.028715 read(5,  <unfinished ...>
9707  14:50:41.028728 read(4, "\v", 1)  = 1
9707  14:50:41.028750 write(4, "\1\0\0\0", 4) = 4
9709  14:50:41.028770 <... read resumed> "\1\0\0\0", 4) = 4
9709  14:50:41.028784 write(5, "\v", 1) = 1
9709  14:50:41.028802 read(5,  <unfinished ...>
9707  14:50:41.028814 read(4, "\v", 1)  = 1
9707  14:50:41.028834 write(4, "\1\0\0\0", 4) = 4
9709  14:50:41.028854 <... read resumed> "\1\0\0\0", 4) = 4
9709  14:50:41.028868 write(5, "\r", 1) = 1
9709  14:50:41.028886 read(5,  <unfinished ...>
9707  14:50:41.028899 read(4, "\r", 1)  = 1
9707  14:50:41.028922 select(6, [5], NULL, NULL, {60, 0}) = 1 (in [5], left {60, 0})
9707  14:50:41.028954 accept(5, {sa_family=AF_INET, sin_port=htons(51966), sin_addr=inet_addr("127.0.0.1")}, [16]) = 6
9707  14:50:41.028996 write(4, "\1", 1) = 1
9709  14:50:41.029015 <... read resumed> "\1", 1) = 1
9709  14:50:41.029033 recvmsg(5,  <unfinished ...>
9707  14:50:41.029051 sendmsg(4, {msg_name(0)=NULL, msg_iov(1)=[{"\0", 1}], msg_controllen=16, {cmsg_len=16, cmsg_level=SOL_SOCKET, cmsg_type=SCM_RIGHTS, {6}}, msg_flags=0}, 0) = 1
9709  14:50:41.029082 <... recvmsg resumed> {msg_name(0)=NULL, msg_iov(1)=[{"\0", 1}], msg_controllen=16, {cmsg_len=16, cmsg_level=SOL_SOCKET, cmsg_type=SCM_RIGHTS, {6}}, msg_flags=0}, 0) = 1
9709  14:50:41.029107 setsockopt(6, SOL_SOCKET, SO_KEEPALIVE, [1], 4) = 0
9709  14:50:41.029134 setsockopt(6, SOL_IP, IP_TOS, [8], 4) = 0
9709  14:50:41.029157 setsockopt(6, SOL_SOCKET, SO_LINGER, {onoff=1, linger=32767}, 8) = 0
9709  14:50:41.029178 rt_sigaction(SIGALRM, {0x805cad0, ~[RTMIN RT_1], 0}, NULL, 8) = 0
9709  14:50:41.029204 alarm(300)        = 300
9709  14:50:41.029227 write(0, "150 Ok to send data.\r\n", 22) = 22
9709  14:50:41.029344 mmap2(NULL, 77824, PROT_READ|PROT_WRITE, MAP_PRIVATE|MAP_ANONYMOUS, -1, 0) = 0xb7df0000
9709  14:50:41.029370 mprotect(0xb7e02000, 4096, PROT_NONE) = 0
9709  14:50:41.029394 mprotect(0xb7df0000, 4096, PROT_NONE) = 0
9709  14:50:41.029413 read(6, "assasaaa\na\na\na\na\n", 65536) = 17
9709  14:50:41.029442 write(4, "assasaaa\na\na\na\na\n", 17) = 17
9709  14:50:41.029471 read(6, "", 65536) = 0
9709  14:50:41.029491 rt_sigaction(SIGALRM, {0x805cad0, ~[RTMIN RT_1], 0}, NULL, 8) = 0
9709  14:50:41.029547 alarm(300)        = 300
9709  14:50:41.029567 close(6)          = 0
9709  14:50:41.029584 alarm(0)          = 300
9709  14:50:41.029602 gettimeofday({1495651841, 29609}, NULL) = 0
9709  14:50:41.029638 getpid()          = 9709
9709  14:50:41.029660 gettimeofday({1495651841, 29667}, NULL) = 0
9709  14:50:41.029693 fcntl64(3, F_SETLKW64, {type=F_WRLCK, whence=SEEK_SET, start=0, len=0}, 0xbfa7cc04) = 0
9709  14:50:41.029721 write(3, "Wed May 24 14:50:41 2017 [pid 9709] [msfadmin] OK UPLOAD: Client \"127.0.0.1\", \"/home/msfadmin/myfile32\", 17 bytes, 13.56Kbyte/sec\n", 130) = 130
9709  14:50:41.029760 fcntl64(3, F_SETLK64, {type=F_UNLCK, whence=SEEK_SET, start=0, len=0}, 0xbfa7cc0c) = 0
9709  14:50:41.029787 write(0, "226 Transfer complete.\r\n", 24) = 24
9709  14:50:41.029867 write(5, "\n", 1) = 1
9709  14:50:41.029890 read(5,  <unfinished ...>
9707  14:50:41.029903 close(6)          = 0
9707  14:50:41.029938 read(4, "\n", 1)  = 1
9707  14:50:41.029960 close(5)          = 0
9707  14:50:41.029982 write(4, "\1", 1) = 1
9709  14:50:41.030006 <... read resumed> "\1", 1) = 1
9709  14:50:41.030019 close(4)          = 0
9709  14:50:41.030039 rt_sigaction(SIGALRM, {0x805cad0, ~[RTMIN RT_1], 0}, NULL, 8) = 0
9709  14:50:41.030064 alarm(300)        = 0
9709  14:50:41.030084 recv(0,  <unfinished ...>
9707  14:50:41.030098 read(4,  <unfinished ...>
9709  14:50:41.539191 <... recv resumed> "TYPE I\r\n", 4096, MSG_PEEK) = 8
9709  14:50:41.539347 read(0, "TYPE I\r\n", 8) = 8
9709  14:50:41.539479 write(0, "200 Switching to Binary mode.\r\n", 31) = 31
9709  14:50:41.539731 rt_sigaction(SIGALRM, {0x805cad0, ~[RTMIN RT_1], 0}, NULL, 8) = 0
9709  14:50:41.539814 alarm(300)        = 299
9709  14:50:41.539868 recv(0, "PASV\r\n", 4096, MSG_PEEK) = 6
9709  14:50:41.539922 read(0, "PASV\r\n", 6) = 6
9709  14:50:41.539976 write(5, "\n", 1) = 1
9709  14:50:41.540028 read(5,  <unfinished ...>
9707  14:50:41.540062 <... read resumed> "\n", 1) = 1
9707  14:50:41.540098 write(4, "\1", 1) = 1
9709  14:50:41.540145 <... read resumed> "\1", 1) = 1
9709  14:50:41.540177 write(5, "\f", 1) = 1
9709  14:50:41.540221 read(5,  <unfinished ...>
9707  14:50:41.540251 read(4, "\f", 1)  = 1
9707  14:50:41.540303 socket(PF_INET, SOCK_STREAM, IPPROTO_TCP) = 5
9707  14:50:41.540366 setsockopt(5, SOL_SOCKET, SO_REUSEADDR, [1], 4) = 0
9707  14:50:41.540425 bind(5, {sa_family=AF_INET, sin_port=htons(43275), sin_addr=inet_addr("127.0.0.1")}, 16) = 0
9707  14:50:41.540491 listen(5, 1)      = 0
9707  14:50:41.540547 write(4, "\v\251\0\0", 4) = 4
9709  14:50:41.540597 <... read resumed> "\v\251\0\0", 4) = 4
9709  14:50:41.540689 write(0, "227 Entering Passive Mode (127,0,0,1,169,11).\r\n", 47) = 47
9709  14:50:41.541114 rt_sigaction(SIGALRM, {0x805cad0, ~[RTMIN RT_1], 0}, NULL, 8) = 0
9709  14:50:41.541169 alarm(300)        = 300
9709  14:50:41.541227 recv(0, "STOR myfile33\r\n", 4096, MSG_PEEK) = 15
9709  14:50:41.541284 read(0, "STOR myfile33\r\n", 15) = 15
9709  14:50:41.541345 write(5, "\v", 1) = 1
9709  14:50:41.541392 read(5,  <unfinished ...>
9707  14:50:41.541486 read(4, "\v", 1)  = 1
9707  14:50:41.541619 write(4, "\1\0\0\0", 4) = 4
9709  14:50:41.541680 <... read resumed> "\1\0\0\0", 4) = 4
9709  14:50:41.541716 gettimeofday({1495651841, 541732}, NULL) = 0
9709  14:50:41.541765 getcwd("/home/msfadmin", 4096) = 15
9709  14:50:41.541820 open("myfile33", O_WRONLY|O_CREAT|O_NONBLOCK|O_LARGEFILE, 0666) = 4
9709  14:50:41.541880 fstat64(4, {st_mode=S_IFREG|0644, st_size=17, ...}) = 0
9709  14:50:41.541957 fcntl64(4, F_GETFL) = 0x8801 (flags O_WRONLY|O_NONBLOCK|O_LARGEFILE)
9709  14:50:41.542006 fcntl64(4, F_SETFL, O_WRONLY|O_LARGEFILE) = 0
9709  14:50:41.542161 fcntl64(4, F_SETLKW64, {type=F_WRLCK, whence=SEEK_SET, start=0, len=0}, 0xbfa7cc64) = 0
9709  14:50:41.542243 ftruncate64(4, 0) = 0
9709  14:50:41.542316 _llseek(4, 0, [0], SEEK_SET) = 0
9709  14:50:41.542365 write(5, "\v", 1) = 1
9709  14:50:41.542464 read(5,  <unfinished ...>
9707  14:50:41.542500 read(4, "\v", 1)  = 1
9707  14:50:41.542552 write(4, "\1\0\0\0", 4) = 4
9709  14:50:41.542600 <... read resumed> "\1\0\0\0", 4) = 4
9709  14:50:41.542634 write(5, "\v", 1) = 1
9709  14:50:41.542677 read(5,  <unfinished ...>
9707  14:50:41.542706 read(4, "\v", 1)  = 1
9707  14:50:41.542754 write(4, "\1\0\0\0", 4) = 4
9709  14:50:41.542801 <... read resumed> "\1\0\0\0", 4) = 4
9709  14:50:41.542834 write(5, "\r", 1) = 1
9709  14:50:41.542877 read(5,  <unfinished ...>
9707  14:50:41.542907 read(4, "\r", 1)  = 1
9707  14:50:41.542959 select(6, [5], NULL, NULL, {60, 0}) = 1 (in [5], left {60, 0})
9707  14:50:41.543029 accept(5, {sa_family=AF_INET, sin_port=htons(33582), sin_addr=inet_addr("127.0.0.1")}, [16]) = 6
9707  14:50:41.543128 write(4, "\1", 1) = 1
9709  14:50:41.543175 <... read resumed> "\1", 1) = 1
9709  14:50:41.543212 recvmsg(5,  <unfinished ...>
9707  14:50:41.543249 sendmsg(4, {msg_name(0)=NULL, msg_iov(1)=[{"\0", 1}], msg_controllen=16, {cmsg_len=16, cmsg_level=SOL_SOCKET, cmsg_type=SCM_RIGHTS, {6}}, msg_flags=0}, 0) = 1
9709  14:50:41.543324 <... recvmsg resumed> {msg_name(0)=NULL, msg_iov(1)=[{"\0", 1}], msg_controllen=16, {cmsg_len=16, cmsg_level=SOL_SOCKET, cmsg_type=SCM_RIGHTS, {6}}, msg_flags=0}, 0) = 1
9709  14:50:41.543479 setsockopt(6, SOL_SOCKET, SO_KEEPALIVE, [1], 4) = 0
9709  14:50:41.543540 setsockopt(6, SOL_IP, IP_TOS, [8], 4) = 0
9709  14:50:41.543597 setsockopt(6, SOL_SOCKET, SO_LINGER, {onoff=1, linger=32767}, 8) = 0
9709  14:50:41.543687 rt_sigaction(SIGALRM, {0x805cad0, ~[RTMIN RT_1], 0}, NULL, 8) = 0
9709  14:50:41.543749 alarm(300)        = 300
9709  14:50:41.543809 write(0, "150 Ok to send data.\r\n", 22) = 22
9709  14:50:41.544107 read(6, "assasaaa\na\na\na\na\n", 65536) = 17
9709  14:50:41.544171 write(4, "assasaaa\na\na\na\na\n", 17) = 17
9709  14:50:41.544239 read(6, "", 65536) = 0
9709  14:50:41.544286 rt_sigaction(SIGALRM, {0x805cad0, ~[RTMIN RT_1], 0}, NULL, 8) = 0
9709  14:50:41.544413 alarm(300)        = 300
9709  14:50:41.544462 close(6)          = 0
9709  14:50:41.544503 alarm(0)          = 300
9709  14:50:41.544546 gettimeofday({1495651841, 544562}, NULL) = 0
9709  14:50:41.544612 gettimeofday({1495651841, 544629}, NULL) = 0
9709  14:50:41.544669 fcntl64(3, F_SETLKW64, {type=F_WRLCK, whence=SEEK_SET, start=0, len=0}, 0xbfa7cc04) = 0
9709  14:50:41.544735 write(3, "Wed May 24 14:50:41 2017 [pid 9709] [msfadmin] OK UPLOAD: Client \"127.0.0.1\", \"/home/msfadmin/myfile33\", 17 bytes, 5.73Kbyte/sec\n", 129) = 129
9709  14:50:41.544824 fcntl64(3, F_SETLK64, {type=F_UNLCK, whence=SEEK_SET, start=0, len=0}, 0xbfa7cc0c) = 0
9709  14:50:41.544888 write(0, "226 Transfer complete.\r\n", 24) = 24
9709  14:50:41.545068 write(5, "\n", 1) = 1
9709  14:50:41.545122 read(5,  <unfinished ...>
9707  14:50:41.545153 close(6)          = 0
9707  14:50:41.545231 read(4, "\n", 1)  = 1
9707  14:50:41.545283 close(5)          = 0
9707  14:50:41.545391 write(4, "\1", 1) = 1
9709  14:50:41.545447 <... read resumed> "\1", 1) = 1
9709  14:50:41.545480 close(4)          = 0
9709  14:50:41.545528 rt_sigaction(SIGALRM, {0x805cad0, ~[RTMIN RT_1], 0}, NULL, 8) = 0
9709  14:50:41.545587 alarm(300)        = 0
9709  14:50:41.545639 recv(0,  <unfinished ...>
9707  14:50:41.545674 read(4,  <unfinished ...>
9709  14:50:42.089642 <... recv resumed> "TYPE I\r\n", 4096, MSG_PEEK) = 8
9709  14:50:42.089808 read(0, "TYPE I\r\n", 8) = 8
9709  14:50:42.089976 write(0, "200 Switching to Binary mode.\r\n", 31) = 31
9709  14:50:42.090308 rt_sigaction(SIGALRM, {0x805cad0, ~[RTMIN RT_1], 0}, NULL, 8) = 0
9709  14:50:42.090387 alarm(300)        = 299
9709  14:50:42.090441 recv(0, "PASV\r\n", 4096, MSG_PEEK) = 6
9709  14:50:42.090493 read(0, "PASV\r\n", 6) = 6
9709  14:50:42.090548 write(5, "\n", 1) = 1
9709  14:50:42.090601 read(5,  <unfinished ...>
9707  14:50:42.090634 <... read resumed> "\n", 1) = 1
9707  14:50:42.090671 write(4, "\1", 1) = 1
9709  14:50:42.090718 <... read resumed> "\1", 1) = 1
9709  14:50:42.090750 write(5, "\f", 1) = 1
9709  14:50:42.090794 read(5,  <unfinished ...>
9707  14:50:42.090824 read(4, "\f", 1)  = 1
9707  14:50:42.090877 socket(PF_INET, SOCK_STREAM, IPPROTO_TCP) = 5
9707  14:50:42.091068 setsockopt(5, SOL_SOCKET, SO_REUSEADDR, [1], 4) = 0
9707  14:50:42.091152 bind(5, {sa_family=AF_INET, sin_port=htons(56772), sin_addr=inet_addr("127.0.0.1")}, 16) = 0
9707  14:50:42.091219 listen(5, 1)      = 0
9707  14:50:42.091277 write(4, "\304\335\0\0", 4) = 4
9709  14:50:42.091331 <... read resumed> "\304\335\0\0", 4) = 4
9709  14:50:42.091386 write(0, "227 Entering Passive Mode (127,0,0,1,221,196).\r\n", 48) = 48
9709  14:50:42.091808 rt_sigaction(SIGALRM, {0x805cad0, ~[RTMIN RT_1], 0}, NULL, 8) = 0
9709  14:50:42.091884 alarm(300)        = 300
9709  14:50:42.091935 recv(0, "STOR myfile34\r\n", 4096, MSG_PEEK) = 15
9709  14:50:42.092132 read(0, "STOR myfile34\r\n", 15) = 15
9709  14:50:42.092259 write(5, "\v", 1) = 1
9709  14:50:42.092334 read(5,  <unfinished ...>
9707  14:50:42.092388 read(4, "\v", 1)  = 1
9707  14:50:42.092471 write(4, "\1\0\0\0", 4) = 4
9709  14:50:42.092546 <... read resumed> "\1\0\0\0", 4) = 4
9709  14:50:42.092601 gettimeofday({1495651842, 92628}, NULL) = 0
9709  14:50:42.092678 getcwd("/home/msfadmin", 4096) = 15
9709  14:50:42.092736 open("myfile34", O_WRONLY|O_CREAT|O_NONBLOCK|O_LARGEFILE, 0666) = 4
9709  14:50:42.092797 fstat64(4, {st_mode=S_IFREG|0644, st_size=17, ...}) = 0
9709  14:50:42.092873 fcntl64(4, F_GETFL) = 0x8801 (flags O_WRONLY|O_NONBLOCK|O_LARGEFILE)
9709  14:50:42.092923 fcntl64(4, F_SETFL, O_WRONLY|O_LARGEFILE) = 0
9709  14:50:42.093112 fcntl64(4, F_SETLKW64, {type=F_WRLCK, whence=SEEK_SET, start=0, len=0}, 0xbfa7cc64) = 0
9709  14:50:42.093218 ftruncate64(4, 0) = 0
9709  14:50:42.093294 _llseek(4, 0, [0], SEEK_SET) = 0
9709  14:50:42.093344 write(5, "\v", 1) = 1
9709  14:50:42.093393 read(5,  <unfinished ...>
9707  14:50:42.093426 read(4, "\v", 1)  = 1
9707  14:50:42.093477 write(4, "\1\0\0\0", 4) = 4
9709  14:50:42.093525 <... read resumed> "\1\0\0\0", 4) = 4
9709  14:50:42.093559 write(5, "\v", 1) = 1
9709  14:50:42.093604 read(5,  <unfinished ...>
9707  14:50:42.093633 read(4, "\v", 1)  = 1
9707  14:50:42.093682 write(4, "\1\0\0\0", 4) = 4
9709  14:50:42.093727 <... read resumed> "\1\0\0\0", 4) = 4
9709  14:50:42.093760 write(5, "\r", 1) = 1
9709  14:50:42.093804 read(5,  <unfinished ...>
9707  14:50:42.093834 read(4, "\r", 1)  = 1
9707  14:50:42.093887 select(6, [5], NULL, NULL, {60, 0}) = 1 (in [5], left {60, 0})
9707  14:50:42.094053 accept(5, {sa_family=AF_INET, sin_port=htons(33961), sin_addr=inet_addr("127.0.0.1")}, [16]) = 6
9707  14:50:42.094238 write(4, "\1", 1) = 1
9709  14:50:42.094322 <... read resumed> "\1", 1) = 1
9709  14:50:42.094387 recvmsg(5,  <unfinished ...>
9707  14:50:42.094450 sendmsg(4, {msg_name(0)=NULL, msg_iov(1)=[{"\0", 1}], msg_controllen=16, {cmsg_len=16, cmsg_level=SOL_SOCKET, cmsg_type=SCM_RIGHTS, {6}}, msg_flags=0}, 0) = 1
9709  14:50:42.094573 <... recvmsg resumed> {msg_name(0)=NULL, msg_iov(1)=[{"\0", 1}], msg_controllen=16, {cmsg_len=16, cmsg_level=SOL_SOCKET, cmsg_type=SCM_RIGHTS, {6}}, msg_flags=0}, 0) = 1
9709  14:50:42.094674 setsockopt(6, SOL_SOCKET, SO_KEEPALIVE, [1], 4) = 0
9709  14:50:42.094764 setsockopt(6, SOL_IP, IP_TOS, [8], 4) = 0
9709  14:50:42.094851 setsockopt(6, SOL_SOCKET, SO_LINGER, {onoff=1, linger=32767}, 8) = 0
9709  14:50:42.095102 rt_sigaction(SIGALRM, {0x805cad0, ~[RTMIN RT_1], 0}, NULL, 8) = 0
9709  14:50:42.095220 alarm(300)        = 300
9709  14:50:42.095312 write(0, "150 Ok to send data.\r\n", 22) = 22
9709  14:50:42.095771 read(6,  <unfinished ...>
9707  14:50:42.095825 close(6)          = 0
9709  14:50:42.095896 <... read resumed> "assasaaa\na\na\na\na\n", 65536) = 17
9707  14:50:42.095963 read(4,  <unfinished ...>
9709  14:50:42.100036 write(4, "assasaaa\na\na\na\na\n", 17) = 17
9709  14:50:42.100168 read(6, "", 65536) = 0
9709  14:50:42.100225 rt_sigaction(SIGALRM, {0x805cad0, ~[RTMIN RT_1], 0}, NULL, 8) = 0
9709  14:50:42.100294 alarm(300)        = 300
9709  14:50:42.100339 close(6)          = 0
9709  14:50:42.100434 alarm(0)          = 300
9709  14:50:42.100480 gettimeofday({1495651842, 100497}, NULL) = 0
9709  14:50:42.100549 gettimeofday({1495651842, 100567}, NULL) = 0
9709  14:50:42.100606 fcntl64(3, F_SETLKW64, {type=F_WRLCK, whence=SEEK_SET, start=0, len=0}, 0xbfa7cc04) = 0
9709  14:50:42.100675 write(3, "Wed May 24 14:50:42 2017 [pid 9709] [msfadmin] OK UPLOAD: Client \"127.0.0.1\", \"/home/msfadmin/myfile34\", 17 bytes, 2.09Kbyte/sec\n", 129) = 129
9709  14:50:42.100767 fcntl64(3, F_SETLK64, {type=F_UNLCK, whence=SEEK_SET, start=0, len=0}, 0xbfa7cc0c) = 0
9709  14:50:42.100878 write(0, "226 Transfer complete.\r\n", 24) = 24
