13268 15:27:04.391300 alarm(300)        = 299
13268 15:27:04.391380 recv(0, "PASV\r\n", 4096, MSG_PEEK) = 6
13268 15:27:04.391457 read(0, "PASV\r\n", 6) = 6
13268 15:27:04.391537 write(5, "\n", 1 <unfinished ...>
13266 15:27:04.391596 <... read resumed> "\n", 1) = 1
13268 15:27:04.391631 <... write resumed> ) = 1
13266 15:27:04.391707 write(4, "\1", 1) = 1
13266 15:27:04.391782 read(4,  <unfinished ...>
13268 15:27:04.391829 read(5, "\1", 1)  = 1
13268 15:27:04.391978 write(5, "\f", 1 <unfinished ...>
13266 15:27:04.392033 <... read resumed> "\f", 1) = 1
13268 15:27:04.392066 <... write resumed> ) = 1
13266 15:27:04.392115 socket(PF_INET, SOCK_STREAM, IPPROTO_TCP) = 5
13266 15:27:04.392204 setsockopt(5, SOL_SOCKET, SO_REUSEADDR, [1], 4) = 0
13266 15:27:04.392292 bind(5, {sa_family=AF_INET, sin_port=htons(8715), sin_addr=inet_addr("127.0.0.1")}, 16) = 0
13266 15:27:04.392390 listen(5, 1)      = 0
13266 15:27:04.392472 write(4, "\v\"\0\0", 4) = 4
13266 15:27:04.392546 read(4,  <unfinished ...>
13268 15:27:04.392594 read(5, "\v\"\0\0", 4) = 4
13268 15:27:04.392701 write(0, "227 Entering Passive Mode (127,0,0,1,34,11).\r\n", 46) = 46
13268 15:27:04.393298 rt_sigaction(SIGALRM, {0x805cad0, ~[RTMIN RT_1], 0}, NULL, 8) = 0
13268 15:27:04.393380 alarm(300)        = 300
13268 15:27:04.393433 recv(0, "STOR myfile11\r\n", 4096, MSG_PEEK) = 15
13268 15:27:04.393486 read(0, "STOR myfile11\r\n", 15) = 15
13268 15:27:04.393545 write(5, "\v", 1 <unfinished ...>
13266 15:27:04.393581 <... read resumed> "\v", 1) = 1
13268 15:27:04.393603 <... write resumed> ) = 1
13266 15:27:04.393631 write(4, "\1\0\0\0", 4) = 4
13266 15:27:04.393678 read(4,  <unfinished ...>
13268 15:27:04.393708 read(5, "\1\0\0\0", 4) = 4
13268 15:27:04.393759 gettimeofday({1495654024, 393775}, NULL) = 0
13268 15:27:04.393984 getcwd("/home/msfadmin", 4096) = 15
13268 15:27:04.394052 open("myfile11", O_WRONLY|O_CREAT|O_NONBLOCK|O_LARGEFILE, 0666) = 4
13268 15:27:04.394111 fstat64(4, {st_mode=S_IFREG|0644, st_size=17, ...}) = 0
13268 15:27:04.394186 fcntl64(4, F_GETFL) = 0x8801 (flags O_WRONLY|O_NONBLOCK|O_LARGEFILE)
13268 15:27:04.394234 fcntl64(4, F_SETFL, O_WRONLY|O_LARGEFILE) = 0
13268 15:27:04.394277 fcntl64(4, F_SETLKW64, {type=F_WRLCK, whence=SEEK_SET, start=0, len=0}, 0xbf9d33c4) = 0
13268 15:27:04.394335 ftruncate64(4, 0) = 0
13268 15:27:04.394406 _llseek(4, 0, [0], SEEK_SET) = 0
13268 15:27:04.394454 write(5, "\v", 1 <unfinished ...>
13266 15:27:04.394490 <... read resumed> "\v", 1) = 1
13268 15:27:04.394511 <... write resumed> ) = 1
13266 15:27:04.394538 write(4, "\1\0\0\0", 4) = 4
13266 15:27:04.394585 read(4,  <unfinished ...>
13268 15:27:04.394615 read(5, "\1\0\0\0", 4) = 4
13268 15:27:04.394664 write(5, "\v", 1) = 1
13266 15:27:04.394705 <... read resumed> "\v", 1) = 1
13266 15:27:04.394734 write(4, "\1\0\0\0", 4) = 4
13266 15:27:04.394778 read(4,  <unfinished ...>
13268 15:27:04.394807 read(5, "\1\0\0\0", 4) = 4
13268 15:27:04.394855 write(5, "\r", 1) = 1
13266 15:27:04.394954 <... read resumed> "\r", 1) = 1
13266 15:27:04.394995 select(6, [5], NULL, NULL, {60, 0}) = 1 (in [5], left {60, 0})
13266 15:27:04.395065 accept(5, {sa_family=AF_INET, sin_port=htons(53901), sin_addr=inet_addr("127.0.0.1")}, [16]) = 6
13266 15:27:04.395160 write(4, "\1", 1) = 1
13266 15:27:04.395212 sendmsg(4, {msg_name(0)=NULL, msg_iov(1)=[{"\0", 1}], msg_controllen=16, {cmsg_len=16, cmsg_level=SOL_SOCKET, cmsg_type=SCM_RIGHTS, {6}}, msg_flags=0}, 0) = 1
13266 15:27:04.395285 close(6)          = 0
13266 15:27:04.395328 read(4,  <unfinished ...>
13268 15:27:04.395359 read(5, "\1", 1)  = 1
13268 15:27:04.395413 recvmsg(5, {msg_name(0)=NULL, msg_iov(1)=[{"\0", 1}], msg_controllen=16, {cmsg_len=16, cmsg_level=SOL_SOCKET, cmsg_type=SCM_RIGHTS, {6}}, msg_flags=0}, 0) = 1
13268 15:27:04.395490 setsockopt(6, SOL_SOCKET, SO_KEEPALIVE, [1], 4) = 0
13268 15:27:04.395543 setsockopt(6, SOL_IP, IP_TOS, [8], 4) = 0
13268 15:27:04.395594 setsockopt(6, SOL_SOCKET, SO_LINGER, {onoff=1, linger=32767}, 8) = 0
13268 15:27:04.395642 rt_sigaction(SIGALRM, {0x805cad0, ~[RTMIN RT_1], 0}, NULL, 8) = 0
13268 15:27:04.395701 alarm(300)        = 300
13268 15:27:04.395756 write(0, "150 Ok to send data.\r\n", 22) = 22
13268 15:27:04.396086 read(6, "assasaaa\na\na\na\na\n", 65536) = 17
13268 15:27:04.396151 write(4, "assasaaa\na\na\na\na\n", 17) = 17
13268 15:27:04.396222 read(6, "", 65536) = 0
13268 15:27:04.396279 rt_sigaction(SIGALRM, {0x805cad0, ~[RTMIN RT_1], 0}, NULL, 8) = 0
13268 15:27:04.396340 alarm(300)        = 300
13268 15:27:04.396383 close(6)          = 0
13268 15:27:04.396454 alarm(0)          = 300
13268 15:27:04.396498 gettimeofday({1495654024, 396513}, NULL) = 0
13268 15:27:04.396561 gettimeofday({1495654024, 396578}, NULL) = 0
13268 15:27:04.396616 fcntl64(3, F_SETLKW64, {type=F_WRLCK, whence=SEEK_SET, start=0, len=0}, 0xbf9d3364) = 0
13268 15:27:04.396679 write(3, "Wed May 24 15:27:04 2017 [pid 13268] [msfadmin] OK UPLOAD: Client \"127.0.0.1\", \"/home/msfadmin/myfile11\", 17 bytes, 5.92Kbyte/sec\n", 130) = 130
13268 15:27:04.396767 fcntl64(3, F_SETLK64, {type=F_UNLCK, whence=SEEK_SET, start=0, len=0}, 0xbf9d336c) = 0
13268 15:27:04.396873 write(0, "226 Transfer complete.\r\n", 24) = 24
13268 15:27:04.397064 write(5, "\n", 1 <unfinished ...>
13266 15:27:04.397106 <... read resumed> "\n", 1) = 1
13268 15:27:04.397127 <... write resumed> ) = 1
13266 15:27:04.397153 close(5)          = 0
13266 15:27:04.397205 write(4, "\1", 1) = 1
13266 15:27:04.397252 read(4,  <unfinished ...>
13268 15:27:04.397282 read(5, "\1", 1)  = 1
13268 15:27:04.397329 close(4)          = 0
13268 15:27:04.397376 rt_sigaction(SIGALRM, {0x805cad0, ~[RTMIN RT_1], 0}, NULL, 8) = 0
13268 15:27:04.397433 alarm(300)        = 0
13268 15:27:04.397481 recv(0, "TYPE I\r\n", 4096, MSG_PEEK) = 8
13268 15:27:04.911017 read(0, "TYPE I\r\n", 8) = 8
13268 15:27:04.911117 write(0, "200 Switching to Binary mode.\r\n", 31) = 31
13268 15:27:04.911299 rt_sigaction(SIGALRM, {0x805cad0, ~[RTMIN RT_1], 0}, NULL, 8) = 0
13268 15:27:04.911438 alarm(300)        = 299
13268 15:27:04.911497 recv(0, "PASV\r\n", 4096, MSG_PEEK) = 6
13268 15:27:04.911548 read(0, "PASV\r\n", 6) = 6
13268 15:27:04.911602 write(5, "\n", 1 <unfinished ...>
13266 15:27:04.911643 <... read resumed> "\n", 1) = 1
13268 15:27:04.911664 <... write resumed> ) = 1
13266 15:27:04.911694 write(4, "\1", 1) = 1
13266 15:27:04.911740 read(4,  <unfinished ...>
13268 15:27:04.911770 read(5, "\1", 1)  = 1
13268 15:27:04.911819 write(5, "\f", 1) = 1
13266 15:27:04.911861 <... read resumed> "\f", 1) = 1
13266 15:27:04.911894 socket(PF_INET, SOCK_STREAM, IPPROTO_TCP) = 5
13266 15:27:04.911955 setsockopt(5, SOL_SOCKET, SO_REUSEADDR, [1], 4) = 0
13266 15:27:04.912013 bind(5, {sa_family=AF_INET, sin_port=htons(48616), sin_addr=inet_addr("127.0.0.1")}, 16) = 0
13266 15:27:04.912079 listen(5, 1)      = 0
13266 15:27:04.912134 write(4, "\350\275\0\0", 4) = 4
13266 15:27:04.912182 read(4,  <unfinished ...>
13268 15:27:04.912211 read(5, "\350\275\0\0", 4) = 4
13268 15:27:04.912280 write(0, "227 Entering Passive Mode (127,0,0,1,189,232).\r\n", 48) = 48
13268 15:27:04.912775 rt_sigaction(SIGALRM, {0x805cad0, ~[RTMIN RT_1], 0}, NULL, 8) = 0
13268 15:27:04.912854 alarm(300)        = 300
13268 15:27:04.912905 recv(0, "STOR myfile12\r\n", 4096, MSG_PEEK) = 15
13268 15:27:04.912957 read(0, "STOR myfile12\r\n", 15) = 15
13268 15:27:04.913015 write(5, "\v", 1 <unfinished ...>
13266 15:27:04.913050 <... read resumed> "\v", 1) = 1
13268 15:27:04.913071 <... write resumed> ) = 1
13266 15:27:04.913099 write(4, "\1\0\0\0", 4) = 4
13266 15:27:04.913145 read(4,  <unfinished ...>
13268 15:27:04.913174 read(5, "\1\0\0\0", 4) = 4
13268 15:27:04.913224 gettimeofday({1495654024, 913240}, NULL) = 0
13268 15:27:04.913314 getcwd("/home/msfadmin", 4096) = 15
13268 15:27:04.913380 open("myfile12", O_WRONLY|O_CREAT|O_NONBLOCK|O_LARGEFILE, 0666) = 4
13268 15:27:04.913439 fstat64(4, {st_mode=S_IFREG|0644, st_size=17, ...}) = 0
13268 15:27:04.913514 fcntl64(4, F_GETFL) = 0x8801 (flags O_WRONLY|O_NONBLOCK|O_LARGEFILE)
13268 15:27:04.913562 fcntl64(4, F_SETFL, O_WRONLY|O_LARGEFILE) = 0
13268 15:27:04.913605 fcntl64(4, F_SETLKW64, {type=F_WRLCK, whence=SEEK_SET, start=0, len=0}, 0xbf9d33c4) = 0
13268 15:27:04.913664 ftruncate64(4, 0) = 0
13268 15:27:04.913737 _llseek(4, 0, [0], SEEK_SET) = 0
13268 15:27:04.913784 write(5, "\v", 1 <unfinished ...>
13266 15:27:04.913819 <... read resumed> "\v", 1) = 1
13268 15:27:04.913839 <... write resumed> ) = 1
13266 15:27:04.913887 write(4, "\1\0\0\0", 4) = 4
13266 15:27:04.913936 read(4,  <unfinished ...>
13268 15:27:04.913966 read(5, "\1\0\0\0", 4) = 4
13268 15:27:04.914014 write(5, "\v", 1) = 1
13266 15:27:04.914056 <... read resumed> "\v", 1) = 1
13266 15:27:04.914084 write(4, "\1\0\0\0", 4) = 4
13266 15:27:04.914129 read(4,  <unfinished ...>
13268 15:27:04.914157 read(5, "\1\0\0\0", 4) = 4
13268 15:27:04.914205 write(5, "\r", 1) = 1
13266 15:27:04.914289 <... read resumed> "\r", 1) = 1
13266 15:27:04.914327 select(6, [5], NULL, NULL, {60, 0}) = 1 (in [5], left {60, 0})
13266 15:27:04.914395 accept(5, {sa_family=AF_INET, sin_port=htons(37514), sin_addr=inet_addr("127.0.0.1")}, [16]) = 6
13266 15:27:04.914490 write(4, "\1", 1) = 1
13266 15:27:04.914542 sendmsg(4, {msg_name(0)=NULL, msg_iov(1)=[{"\0", 1}], msg_controllen=16, {cmsg_len=16, cmsg_level=SOL_SOCKET, cmsg_type=SCM_RIGHTS, {6}}, msg_flags=0}, 0) = 1
13266 15:27:04.914613 close(6)          = 0
13266 15:27:04.914655 read(4,  <unfinished ...>
13268 15:27:04.914685 read(5, "\1", 1)  = 1
13268 15:27:04.914739 recvmsg(5, {msg_name(0)=NULL, msg_iov(1)=[{"\0", 1}], msg_controllen=16, {cmsg_len=16, cmsg_level=SOL_SOCKET, cmsg_type=SCM_RIGHTS, {6}}, msg_flags=0}, 0) = 1
13268 15:27:04.914815 setsockopt(6, SOL_SOCKET, SO_KEEPALIVE, [1], 4) = 0
13268 15:27:04.914868 setsockopt(6, SOL_IP, IP_TOS, [8], 4) = 0
13268 15:27:04.914918 setsockopt(6, SOL_SOCKET, SO_LINGER, {onoff=1, linger=32767}, 8) = 0
13268 15:27:04.914965 rt_sigaction(SIGALRM, {0x805cad0, ~[RTMIN RT_1], 0}, NULL, 8) = 0
13268 15:27:04.915023 alarm(300)        = 300
13268 15:27:04.915078 write(0, "150 Ok to send data.\r\n", 22) = 22
13268 15:27:04.915420 read(6, "assasaaa\na\na\na\na\n", 65536) = 17
13268 15:27:04.915494 write(4, "assasaaa\na\na\na\na\n", 17) = 17
13268 15:27:04.915601 read(6, "", 65536) = 0
13268 15:27:04.915659 rt_sigaction(SIGALRM, {0x805cad0, ~[RTMIN RT_1], 0}, NULL, 8) = 0
13268 15:27:04.915721 alarm(300)        = 300
13268 15:27:04.915765 close(6)          = 0
13268 15:27:04.915840 alarm(0)          = 300
13268 15:27:04.915883 gettimeofday({1495654024, 915898}, NULL) = 0
13268 15:27:04.915945 gettimeofday({1495654024, 915961}, NULL) = 0
13268 15:27:04.916000 fcntl64(3, F_SETLKW64, {type=F_WRLCK, whence=SEEK_SET, start=0, len=0}, 0xbf9d3364) = 0
13268 15:27:04.916063 write(3, "Wed May 24 15:27:04 2017 [pid 13268] [msfadmin] OK UPLOAD: Client \"127.0.0.1\", \"/home/msfadmin/myfile12\", 17 bytes, 6.10Kbyte/sec\n", 130) = 130
13268 15:27:04.916150 fcntl64(3, F_SETLK64, {type=F_UNLCK, whence=SEEK_SET, start=0, len=0}, 0xbf9d336c) = 0
13268 15:27:04.916284 write(0, "226 Transfer complete.\r\n", 24) = 24
13268 15:27:04.916473 write(5, "\n", 1 <unfinished ...>
13266 15:27:04.916514 <... read resumed> "\n", 1) = 1
13268 15:27:04.916536 <... write resumed> ) = 1
13266 15:27:04.916562 close(5)          = 0
13266 15:27:04.916613 write(4, "\1", 1) = 1
13266 15:27:04.916661 read(4,  <unfinished ...>
13268 15:27:04.916691 read(5, "\1", 1)  = 1
13268 15:27:04.916738 close(4)          = 0
13268 15:27:04.916785 rt_sigaction(SIGALRM, {0x805cad0, ~[RTMIN RT_1], 0}, NULL, 8) = 0
13268 15:27:04.916844 alarm(300)        = 0
13268 15:27:04.916892 recv(0,  <unfinished ...>
13269 15:27:05.438469 <... read resumed> "\n", 1) = 1
13269 15:27:05.438647 stat64(".", {st_mode=S_IFDIR|0755, st_size=4096, ...}) = 0
13269 15:27:05.438745 stat64("/sbin/nohup", 0xbfd55e98) = -1 ENOENT (No such file or directory)
13269 15:27:05.438804 stat64("/bin/nohup", 0xbfd55e98) = -1 ENOENT (No such file or directory)
13269 15:27:05.438855 stat64("/usr/sbin/nohup", 0xbfd55e98) = -1 ENOENT (No such file or directory)
13269 15:27:05.438873 stat64("/usr/bin/nohup", {st_mode=S_IFREG|0755, st_size=26336, ...}) = 0
13269 15:27:05.438907 stat64("/usr/bin/nohup", {st_mode=S_IFREG|0755, st_size=26336, ...}) = 0
13269 15:27:05.439014 rt_sigprocmask(SIG_BLOCK, [INT CHLD], [], 8) = 0
13269 15:27:05.439118 clone(child_stack=0, flags=CLONE_CHILD_CLEARTID|CLONE_CHILD_SETTID|SIGCHLD, child_tidptr=0xb7e226f8) = 13272
13272 15:27:05.439355 rt_sigprocmask(SIG_SETMASK, [], NULL, 8) = 0
13272 15:27:05.439458 rt_sigaction(SIGTSTP, {SIG_DFL}, {SIG_DFL}, 8) = 0
13272 15:27:05.439518 rt_sigaction(SIGTTIN, {SIG_DFL}, {SIG_DFL}, 8) = 0
13272 15:27:05.439571 rt_sigaction(SIGTTOU, {SIG_DFL}, {SIG_DFL}, 8) = 0
13272 15:27:05.439574 rt_sigaction(SIGINT, {SIG_DFL}, {SIG_DFL}, 8) = 0
13272 15:27:05.439574 rt_sigaction(SIGQUIT, {SIG_DFL}, {SIG_IGN}, 8) = 0
13272 15:27:05.439612 rt_sigaction(SIGCHLD, {SIG_DFL}, {0x807e540, [], 0}, 8) = 0
13272 15:27:05.439810 open("/dev/null", O_WRONLY|O_CREAT|O_TRUNC|O_LARGEFILE, 0666) = 7
13272 15:27:05.439962 dup2(7, 1)        = 1
13272 15:27:05.440024 close(7)          = 0
13272 15:27:05.440066 dup2(1, 2)        = 2
13272 15:27:05.440106 fcntl64(1, F_GETFD) = 0
13272 15:27:05.440160 execve("/usr/bin/nohup", ["nohup"], [/* 16 vars */]) = 0
13272 15:27:05.440524 brk(0)            = 0x804f000
13272 15:27:05.440610 access("/etc/ld.so.nohwcap", F_OK) = -1 ENOENT (No such file or directory)
13272 15:27:05.440725 mmap2(NULL, 8192, PROT_READ|PROT_WRITE, MAP_PRIVATE|MAP_ANONYMOUS, -1, 0) = 0xb7fb1000
13272 15:27:05.440798 access("/etc/ld.so.preload", R_OK) = -1 ENOENT (No such file or directory)
13272 15:27:05.440866 open("/etc/ld.so.cache", O_RDONLY) = 7
13272 15:27:05.440919 fstat64(7, {st_mode=S_IFREG|0644, st_size=29913, ...}) = 0
13272 15:27:05.440993 mmap2(NULL, 29913, PROT_READ, MAP_PRIVATE, 7, 0) = 0xb7fa9000
13272 15:27:05.441038 close(7)          = 0
13272 15:27:05.441085 access("/etc/ld.so.nohwcap", F_OK) = -1 ENOENT (No such file or directory)
13272 15:27:05.441152 open("/lib/tls/i686/cmov/libc.so.6", O_RDONLY) = 7
13272 15:27:05.441259 read(7, "\177ELF\1\1\1\0\0\0\0\0\0\0\0\0\3\0\3\0\1\0\0\0\260e\1\0004\0\0\0\4\307\24\0\0\0\0\0004\0 \0\n\0(\0D\0C\0\6\0\0\0004\0\0\0004\0\0\0004\0\0\0@\1\0\0@\1\0\0\5\0\0\0\4\0\0\0\3\0\0\0\2200\23\0\2200\23\0\2200\23\0\23\0\0\0\23\0\0\0\4\0\0\0\1\0\0\0\1\0\0\0\0\0\0\0\0\0\0\0\0\0\0\0(\215\24\0(\215\24\0\5\0\0\0\0\20\0\0\1\0\0\0\354\221\24\0\354\221\24\0\354\221\24\0\260\'\0\0\204T\0\0\6\0\0\0\0\20\0\0\2\0\0\0\234\255\24\0\234\255\24\0\234\255\24\0\360\0\0\0\360\0\0\0\6\0\0\0\4\0\0\0\4\0\0\0t\1\0\0t\1\0\0t\1\0\0 \0\0\0 \0\0\0\4\0\0\0\4\0\0\0\7\0\0\0\354\221\24\0\354\221\24\0\354\221\24\0\10\0\0\0,\0\0\0\4\0\0\0\4\0\0\0P\345td\2440\23\0\2440\23\0\2440\23\0\354+\0\0\354+\0\0\4\0\0\0\4\0\0\0Q\345td\0\0\0\0\0\0\0\0\0\0\0\0\0\0\0\0\0\0\0\0\6\0\0\0\4\0\0\0R\345td\354\221\24\0\354\221\24\0\354\221\24\0\10\36\0\0\10\36\0\0\4\0\0\0\1\0\0\0\4\0\0\0\20\0\0\0\1\0\0\0GNU\0\0\0\0\0\2\0\0\0\6\0\0\0\10\0\0\0\363\3\0\0\n\0\0\0\0\2\0\0\16\0\0\0\2400\20D\200 \2\1\214\3\346\220AE\210\0\204\0\10\0A\200\0@\300\200\0\f\2\f\0\0010\0\10@\"\10\246\4\210H6l\240\0260\0&\204\200\216\4\10B$\2\f\246\244\32\6c\310\0\302 \1\300\0R\0!\201\10\4\n  \250\24\0\24(`\0\0P\240\312DB", 512) = 512
13272 15:27:05.441650 fstat64(7, {st_mode=S_IFREG|0755, st_size=1364388, ...}) = 0
13272 15:27:05.441769 mmap2(NULL, 1369712, PROT_READ|PROT_EXEC, MAP_PRIVATE|MAP_DENYWRITE, 7, 0) = 0xb7e5a000
13272 15:27:05.441824 mmap2(0xb7fa3000, 12288, PROT_READ|PROT_WRITE, MAP_PRIVATE|MAP_FIXED|MAP_DENYWRITE, 7, 0x149) = 0xb7fa3000
13272 15:27:05.441893 mmap2(0xb7fa6000, 9840, PROT_READ|PROT_WRITE, MAP_PRIVATE|MAP_FIXED|MAP_ANONYMOUS, -1, 0) = 0xb7fa6000
13272 15:27:05.441958 close(7)          = 0
13272 15:27:05.442031 mmap2(NULL, 4096, PROT_READ|PROT_WRITE, MAP_PRIVATE|MAP_ANONYMOUS, -1, 0) = 0xb7e59000
13272 15:27:05.442082 set_thread_area({entry_number:-1 -> 6, base_addr:0xb7e596b0, limit:1048575, seg_32bit:1, contents:0, read_exec_only:0, limit_in_pages:1, seg_not_present:0, useable:1}) = 0
13272 15:27:05.442398 mprotect(0xb7fa3000, 4096, PROT_READ) = 0
13272 15:27:05.442477 munmap(0xb7fa9000, 29913) = 0
13272 15:27:05.442824 brk(0)            = 0x804f000
13272 15:27:05.442885 brk(0x8070000)    = 0x8070000
13272 15:27:05.443006 write(2, "nohup: ", 7) = 7
13272 15:27:05.443063 write(2, "missing operand", 15) = 15
13272 15:27:05.443113 write(2, "\n", 1) = 1
13272 15:27:05.443214 write(2, "Try `nohup --help\' for more information.\n", 41) = 41
13272 15:27:05.443290 close(1)          = 0
13272 15:27:05.443354 close(2)          = 0
13272 15:27:05.443404 exit_group(127)   = ?
13269 15:27:05.443538 rt_sigprocmask(SIG_SETMASK, [], NULL, 8) = 0
13269 15:27:05.443594 --- SIGCHLD (Child exited) @ 0 (0) ---
13269 15:27:05.443631 waitpid(-1, [{WIFEXITED(s) && WEXITSTATUS(s) == 127}], WNOHANG) = 13272
13269 15:27:05.443780 waitpid(-1, 0xbfd55b18, WNOHANG) = 0
13269 15:27:05.443824 sigreturn()       = ? (mask now [])
13269 15:27:05.443925 rt_sigprocmask(SIG_BLOCK, [CHLD], [], 8) = 0
13269 15:27:05.443991 rt_sigprocmask(SIG_SETMASK, [], NULL, 8) = 0
13269 15:27:05.444038 rt_sigprocmask(SIG_BLOCK, [CHLD], [], 8) = 0
13269 15:27:05.444182 rt_sigaction(SIGINT, {0x807f150, [], 0}, {SIG_DFL}, 8) = 0
13269 15:27:05.444267 rt_sigprocmask(SIG_SETMASK, [], NULL, 8) = 0
13269 15:27:05.444314 rt_sigaction(SIGINT, {SIG_DFL}, {0x807f150, [], 0}, 8) = 0
13269 15:27:05.444384 rt_sigprocmask(SIG_BLOCK, NULL, [], 8) = 0
13269 15:27:05.444438 read(0, "e", 1)   = 1
13269 15:27:05.444492 read(0, "c", 1)   = 1
13269 15:27:05.444535 read(0, "h", 1)   = 1
13269 15:27:05.444578 read(0, "o", 1)   = 1
13269 15:27:05.444620 read(0, " ", 1)   = 1
13269 15:27:05.444735 read(0, "f", 1)   = 1
13269 15:27:05.444781 read(0, "S", 1)   = 1
13269 15:27:05.444823 read(0, "3", 1)   = 1
13269 15:27:05.444866 read(0, "F", 1)   = 1
13269 15:27:05.444908 read(0, "z", 1)   = 1
13269 15:27:05.444950 read(0, "v", 1)   = 1
13269 15:27:05.444992 read(0, "d", 1)   = 1
13269 15:27:05.445035 read(0, "a", 1)   = 1
13269 15:27:05.445077 read(0, "P", 1)   = 1
13269 15:27:05.445119 read(0, "7", 1)   = 1
13269 15:27:05.445202 read(0, "f", 1)   = 1
13269 15:27:05.445245 read(0, "a", 1)   = 1
13269 15:27:05.445287 read(0, "a", 1)   = 1
13269 15:27:05.445329 read(0, "J", 1)   = 1
13269 15:27:05.445371 read(0, "o", 1)   = 1
13269 15:27:05.445414 read(0, "7", 1)   = 1
13269 15:27:05.445456 read(0, "\n", 1)  = 1
13269 15:27:05.445591 write(1, "fS3FzvdaP7faaJo7\n", 17) = 17
13269 15:27:05.445879 rt_sigprocmask(SIG_BLOCK, NULL, [], 8) = 0
13269 15:27:05.445940 read(0,  <unfinished ...>
13268 15:27:05.460202 <... recv resumed> "TYPE I\r\n", 4096, MSG_PEEK) = 8
13268 15:27:05.460380 read(0, "TYPE I\r\n", 8) = 8
13268 15:27:05.460558 write(0, "200 Switching to Binary mode.\r\n", 31) = 31
13268 15:27:05.460836 rt_sigaction(SIGALRM, {0x805cad0, ~[RTMIN RT_1], 0}, NULL, 8) = 0
13268 15:27:05.460925 alarm(300)        = 299
13268 15:27:05.460979 recv(0, "PASV\r\n", 4096, MSG_PEEK) = 6
13268 15:27:05.461029 read(0, "PASV\r\n", 6) = 6
13268 15:27:05.461081 write(5, "\n", 1 <unfinished ...>
13266 15:27:05.461122 <... read resumed> "\n", 1) = 1
13268 15:27:05.461144 <... write resumed> ) = 1
13266 15:27:05.461173 write(4, "\1", 1) = 1
13266 15:27:05.461219 read(4,  <unfinished ...>
13268 15:27:05.461249 read(5, "\1", 1)  = 1
13268 15:27:05.461298 write(5, "\f", 1 <unfinished ...>
13266 15:27:05.461328 <... read resumed> "\f", 1) = 1
13268 15:27:05.461349 <... write resumed> ) = 1
13266 15:27:05.461379 socket(PF_INET, SOCK_STREAM, IPPROTO_TCP) = 5
13266 15:27:05.461439 setsockopt(5, SOL_SOCKET, SO_REUSEADDR, [1], 4) = 0
13266 15:27:05.461497 bind(5, {sa_family=AF_INET, sin_port=htons(10992), sin_addr=inet_addr("127.0.0.1")}, 16) = 0
13266 15:27:05.461562 listen(5, 1)      = 0
13266 15:27:05.461617 write(4, "\360*\0\0", 4) = 4
13266 15:27:05.461743 read(4,  <unfinished ...>
13268 15:27:05.461796 read(5, "\360*\0\0", 4) = 4
13268 15:27:05.461904 write(0, "227 Entering Passive Mode (127,0,0,1,42,240).\r\n", 47) = 47
13268 15:27:05.462436 rt_sigaction(SIGALRM, {0x805cad0, ~[RTMIN RT_1], 0}, NULL, 8) = 0
13268 15:27:05.462513 alarm(300)        = 300
13268 15:27:05.462564 recv(0, "STOR myfile13\r\n", 4096, MSG_PEEK) = 15
13268 15:27:05.462683 read(0, "STOR myfile13\r\n", 15) = 15
13268 15:27:05.462756 write(5, "\v", 1 <unfinished ...>
13266 15:27:05.462792 <... read resumed> "\v", 1) = 1
13268 15:27:05.462814 <... write resumed> ) = 1
13266 15:27:05.462841 write(4, "\1\0\0\0", 4) = 4
13266 15:27:05.462889 read(4,  <unfinished ...>
13268 15:27:05.462918 read(5, "\1\0\0\0", 4) = 4
13268 15:27:05.462992 gettimeofday({1495654025, 463009}, NULL) = 0
13268 15:27:05.463041 getcwd("/home/msfadmin", 4096) = 15
13268 15:27:05.463094 open("myfile13", O_WRONLY|O_CREAT|O_NONBLOCK|O_LARGEFILE, 0666) = 4
13268 15:27:05.463152 fstat64(4, {st_mode=S_IFREG|0644, st_size=17, ...}) = 0
13268 15:27:05.463227 fcntl64(4, F_GETFL) = 0x8801 (flags O_WRONLY|O_NONBLOCK|O_LARGEFILE)
13268 15:27:05.463274 fcntl64(4, F_SETFL, O_WRONLY|O_LARGEFILE) = 0
13268 15:27:05.463506 fcntl64(4, F_SETLKW64, {type=F_WRLCK, whence=SEEK_SET, start=0, len=0}, 0xbf9d33c4) = 0
13268 15:27:05.463636 ftruncate64(4, 0) = 0
13268 15:27:05.463712 _llseek(4, 0, [0], SEEK_SET) = 0
13268 15:27:05.463761 write(5, "\v", 1 <unfinished ...>
13266 15:27:05.463798 <... read resumed> "\v", 1) = 1
13268 15:27:05.463819 <... write resumed> ) = 1
13266 15:27:05.463846 write(4, "\1\0\0\0", 4) = 4
13266 15:27:05.463895 read(4,  <unfinished ...>
13268 15:27:05.463924 read(5, "\1\0\0\0", 4) = 4
13268 15:27:05.463973 write(5, "\v", 1 <unfinished ...>
13266 15:27:05.464003 <... read resumed> "\v", 1) = 1
13268 15:27:05.464023 <... write resumed> ) = 1
13266 15:27:05.464049 write(4, "\1\0\0\0", 4) = 4
13266 15:27:05.464094 read(4,  <unfinished ...>
13268 15:27:05.464122 read(5, "\1\0\0\0", 4) = 4
13268 15:27:05.464171 write(5, "\r", 1 <unfinished ...>
13266 15:27:05.464201 <... read resumed> "\r", 1) = 1
13268 15:27:05.464221 <... write resumed> ) = 1
13266 15:27:05.464250 select(6, [5], NULL, NULL, {60, 0}) = 1 (in [5], left {60, 0})
13266 15:27:05.464320 accept(5, {sa_family=AF_INET, sin_port=htons(39848), sin_addr=inet_addr("127.0.0.1")}, [16]) = 6
13266 15:27:05.464416 write(4, "\1", 1) = 1
