18040 16:22:56.726671 fstat64(4, {st_mode=S_IFREG|0644, st_size=1624, ...}) = 0
18040 16:22:56.726671 mmap2(NULL, 1624, PROT_READ, MAP_SHARED, 4, 0) = 0xb7f0a000
18040 16:22:56.726671 _llseek(4, 1624, [1624], SEEK_SET) = 0
18040 16:22:56.726671 munmap(0xb7f0a000, 1624) = 0
18040 16:22:56.726671 close(4)          = 0
18040 16:22:56.726671 getuid32()        = 0
18040 16:22:56.726671 open("/etc/passwd", O_RDONLY|0x80000 /* O_??? */) = 4
18040 16:22:56.726671 _llseek(4, 0, [0], SEEK_CUR) = 0
18040 16:22:56.726671 fstat64(4, {st_mode=S_IFREG|0644, st_size=1624, ...}) = 0
18040 16:22:56.726671 mmap2(NULL, 1624, PROT_READ, MAP_SHARED, 4, 0) = 0xb7f0a000
18040 16:22:56.726671 _llseek(4, 1624, [1624], SEEK_SET) = 0
18040 16:22:56.726671 munmap(0xb7f0a000, 1624) = 0
18040 16:22:56.726671 close(4)          = 0
18040 16:22:56.726671 open("/proc/sys/kernel/ngroups_max", O_RDONLY) = 4
18040 16:22:56.726671 read(4, "65536\n", 31) = 6
18040 16:22:56.726671 close(4)          = 0
18040 16:22:56.726671 socket(PF_FILE, SOCK_STREAM, 0) = 4
18040 16:22:56.726671 fcntl64(4, F_SETFL, O_RDWR|O_NONBLOCK) = 0
18040 16:22:56.726671 connect(4, {sa_family=AF_FILE, path="/var/run/nscd/socket"}, 110) = -1 ENOENT (No such file or directory)
18040 16:22:56.726671 close(4)          = 0
18040 16:22:56.726671 socket(PF_FILE, SOCK_STREAM, 0) = 4
18040 16:22:56.726671 fcntl64(4, F_SETFL, O_RDWR|O_NONBLOCK) = 0
18040 16:22:56.726671 connect(4, {sa_family=AF_FILE, path="/var/run/nscd/socket"}, 110) = -1 ENOENT (No such file or directory)
18040 16:22:56.726671 close(4)          = 0
18040 16:22:56.726671 open("/etc/group", O_RDONLY|0x80000 /* O_??? */) = 4
18040 16:22:56.726671 _llseek(4, 0, [0], SEEK_CUR) = 0
18040 16:22:56.726671 fstat64(4, {st_mode=S_IFREG|0644, st_size=886, ...}) = 0
18040 16:22:56.726671 mmap2(NULL, 886, PROT_READ, MAP_SHARED, 4, 0) = 0xb7f0a000
18040 16:22:56.726671 _llseek(4, 886, [886], SEEK_SET) = 0
18040 16:22:56.726671 fstat64(4, {st_mode=S_IFREG|0644, st_size=886, ...}) = 0
18040 16:22:56.726671 munmap(0xb7f0a000, 886) = 0
18040 16:22:56.726671 close(4)          = 0
18040 16:22:56.726671 setgroups32(13, [1000, 4, 20, 24, 25, 29, 30, 44, 46, 107, 111, 112, 119]) = 0
18040 16:22:56.726671 geteuid32()       = 0
18040 16:22:56.726671 getegid32()       = 0
18040 16:22:56.726671 setregid32(-1, 1000) = 0
18040 16:22:56.726671 setreuid32(-1, 1000) = 0
18040 16:22:56.726671 chdir("/home/msfadmin") = 0
18040 16:22:56.726671 setreuid32(-1, 0) = 0
18040 16:22:56.726671 setregid32(-1, 0) = 0
18040 16:22:56.726671 setgid32(1000)    = 0
18040 16:22:56.726671 setuid32(1000)    = 0
18040 16:22:56.726671 setrlimit(RLIMIT_NPROC, {rlim_cur=0, rlim_max=0}) = 0
18040 16:22:56.726671 mmap2(NULL, 12288, PROT_READ|PROT_WRITE, MAP_PRIVATE|MAP_ANONYMOUS, -1, 0) = 0xb7f08000
18040 16:22:56.726671 mprotect(0xb7f0a000, 4096, PROT_NONE) = 0
18040 16:22:56.726671 mprotect(0xb7f08000, 4096, PROT_NONE) = 0
18040 16:22:56.726671 getcwd("/home/msfadmin", 4096) = 15
18040 16:22:56.726671 umask(022)        = 077
18040 16:22:56.726671 getcwd("/home/msfadmin", 4096) = 15
18040 16:22:56.726671 open(".message", O_RDONLY|O_NONBLOCK|O_LARGEFILE) = -1 ENOENT (No such file or directory)
18040 16:22:56.726671 write(0, "230 Login successful.\r\n", 23) = 23
18040 16:22:56.726671 rt_sigaction(SIGALRM, {0x805cad0, ~[RTMIN RT_1], 0}, NULL, 8) = 0
18040 16:22:56.726671 alarm(300)        = 0
18040 16:22:56.726671 mmap2(NULL, 12288, PROT_READ|PROT_WRITE, MAP_PRIVATE|MAP_ANONYMOUS, -1, 0) = 0xb7f05000
18040 16:22:56.726671 mprotect(0xb7f07000, 4096, PROT_NONE) = 0
18040 16:22:56.726671 mprotect(0xb7f05000, 4096, PROT_NONE) = 0
18040 16:22:56.726671 recv(0, "TYPE I\r\n", 4096, MSG_PEEK) = 8
18040 16:22:56.726671 read(0, "TYPE I\r\n", 8) = 8
18040 16:22:56.726671 write(0, "200 Switching to Binary mode.\r\n", 31) = 31
18040 16:22:56.726671 rt_sigaction(SIGALRM, {0x805cad0, ~[RTMIN RT_1], 0}, NULL, 8) = 0
18040 16:22:56.726671 alarm(300)        = 300
18040 16:22:56.726671 recv(0, "PASV\r\n", 4096, MSG_PEEK) = 6
18040 16:22:56.726671 read(0, "PASV\r\n", 6) = 6
18040 16:22:56.726671 write(5, "\n", 1) = 1
18040 16:22:56.726671 read(5,  <unfinished ...>
18038 16:22:56.726671 close(5)          = 0
18038 16:22:56.726671 getuid32()        = 0
18038 16:22:56.726671 open("/etc/passwd", O_RDONLY|0x80000 /* O_??? */) = 5
18038 16:22:56.726671 _llseek(5, 0, [0], SEEK_CUR) = 0
18038 16:22:56.726671 fstat64(5, {st_mode=S_IFREG|0644, st_size=1624, ...}) = 0
18038 16:22:56.726671 mmap2(NULL, 1624, PROT_READ, MAP_SHARED, 5, 0) = 0xb7f0a000
18038 16:22:56.726671 _llseek(5, 1624, [1624], SEEK_SET) = 0
18038 16:22:56.726671 munmap(0xb7f0a000, 1624) = 0
18038 16:22:56.726671 close(5)          = 0
18038 16:22:56.726671 setgroups32(0, []) = 0
18038 16:22:56.726671 chdir("/usr/share/empty") = 0
18038 16:22:56.726671 chroot(".")       = 0
18038 16:22:56.726671 capset(NULL, NULL) = -1 EFAULT (Bad address)
18038 16:22:56.726671 prctl(0x8, 0, 0xbfb075a8, 0x80549a6, 0xbfb07590) = 0
18038 16:22:56.726671 prctl(0x8, 0x1, 0xbfb075a8, 0x8054a49, 0xbfb07590) = 0
18038 16:22:56.726671 setgid32(65534)   = 0
18038 16:22:56.726671 setuid32(65534)   = 0
18038 16:22:56.726671 capset(0x19980330, 0, {CAP_NET_BIND_SERVICE, CAP_NET_BIND_SERVICE, 0}) = 0
18038 16:22:56.726671 read(4, "\n", 1)  = 1
18038 16:22:56.726671 write(4, "\1", 1) = 1
18040 16:22:56.726671 <... read resumed> "\1", 1) = 1
18040 16:22:56.726671 write(5, "\f", 1) = 1
18040 16:22:56.726671 read(5,  <unfinished ...>
18038 16:22:56.726671 read(4, "\f", 1)  = 1
18038 16:22:56.726671 socket(PF_INET, SOCK_STREAM, IPPROTO_TCP) = 5
18038 16:22:56.726671 setsockopt(5, SOL_SOCKET, SO_REUSEADDR, [1], 4) = 0
18038 16:22:56.726671 gettimeofday({1495657376, 726671}, NULL) = 0
18038 16:22:56.726671 bind(5, {sa_family=AF_INET, sin_port=htons(23697), sin_addr=inet_addr("127.0.0.1")}, 16) = 0
18038 16:22:56.726671 listen(5, 1)      = 0
18038 16:22:56.726671 write(4, "\221\\\0\0", 4) = 4
18040 16:22:56.726671 <... read resumed> "\221\\\0\0", 4) = 4
18040 16:22:56.726671 write(0, "227 Entering Passive Mode (127,0,0,1,92,145).\r\n", 47) = 47
18040 16:22:56.726671 rt_sigaction(SIGALRM, {0x805cad0, ~[RTMIN RT_1], 0}, NULL, 8) = 0
18040 16:22:56.726671 alarm(300)        = 300
18040 16:22:56.726671 recv(0, "STOR myfile25\r\n", 4096, MSG_PEEK) = 15
18040 16:22:56.726671 read(0, "STOR myfile25\r\n", 15) = 15
18040 16:22:56.726671 write(5, "\v", 1) = 1
18040 16:22:56.726671 read(5,  <unfinished ...>
18038 16:22:56.726671 read(4, "\v", 1)  = 1
18038 16:22:56.726671 write(4, "\1\0\0\0", 4) = 4
18040 16:22:56.726671 <... read resumed> "\1\0\0\0", 4) = 4
18040 16:22:56.726671 gettimeofday({1495657376, 726671}, NULL) = 0
18040 16:22:56.726671 getcwd("/home/msfadmin", 4096) = 15
18040 16:22:56.726671 open("myfile25", O_WRONLY|O_CREAT|O_NONBLOCK|O_LARGEFILE, 0666) = 4
18040 16:22:56.726671 fstat64(4, {st_mode=S_IFREG|0644, st_size=17, ...}) = 0
18040 16:22:56.726671 fcntl64(4, F_GETFL) = 0x8801 (flags O_WRONLY|O_NONBLOCK|O_LARGEFILE)
18040 16:22:56.726671 fcntl64(4, F_SETFL, O_WRONLY|O_LARGEFILE) = 0
18040 16:22:56.731393 fcntl64(4, F_SETLKW64, {type=F_WRLCK, whence=SEEK_SET, start=0, len=0}, 0xbfb074f4) = 0
18040 16:22:56.731469 ftruncate64(4, 0) = 0
18040 16:22:56.731510 _llseek(4, 0, [0], SEEK_SET) = 0
18040 16:22:56.731545 write(5, "\v", 1) = 1
18040 16:22:56.731567 read(5,  <unfinished ...>
18038 16:22:56.731586 read(4, "\v", 1)  = 1
18038 16:22:56.731610 write(4, "\1\0\0\0", 4) = 4
18040 16:22:56.731633 <... read resumed> "\1\0\0\0", 4) = 4
18040 16:22:56.731651 write(5, "\v", 1) = 1
18040 16:22:56.731673 read(5,  <unfinished ...>
18038 16:22:56.731691 read(4, "\v", 1)  = 1
18038 16:22:56.731713 write(4, "\1\0\0\0", 4) = 4
18040 16:22:56.731735 <... read resumed> "\1\0\0\0", 4) = 4
18040 16:22:56.731754 write(5, "\r", 1) = 1
18040 16:22:56.731775 read(5,  <unfinished ...>
18038 16:22:56.731793 read(4, "\r", 1)  = 1
18038 16:22:56.731818 select(6, [5], NULL, NULL, {60, 0}) = 1 (in [5], left {60, 0})
18038 16:22:56.731850 accept(5, {sa_family=AF_INET, sin_port=htons(51733), sin_addr=inet_addr("127.0.0.1")}, [16]) = 6
18038 16:22:56.731888 write(4, "\1", 1) = 1
18040 16:22:56.731911 <... read resumed> "\1", 1) = 1
18040 16:22:56.731932 recvmsg(5,  <unfinished ...>
18038 16:22:56.731953 sendmsg(4, {msg_name(0)=NULL, msg_iov(1)=[{"\0", 1}], msg_controllen=16, {cmsg_len=16, cmsg_level=SOL_SOCKET, cmsg_type=SCM_RIGHTS, {6}}, msg_flags=0}, 0) = 1
18040 16:22:56.731984 <... recvmsg resumed> {msg_name(0)=NULL, msg_iov(1)=[{"\0", 1}], msg_controllen=16, {cmsg_len=16, cmsg_level=SOL_SOCKET, cmsg_type=SCM_RIGHTS, {6}}, msg_flags=0}, 0) = 1
18040 16:22:56.732010 setsockopt(6, SOL_SOCKET, SO_KEEPALIVE, [1], 4) = 0
18040 16:22:56.732035 setsockopt(6, SOL_IP, IP_TOS, [8], 4) = 0
18040 16:22:56.732059 setsockopt(6, SOL_SOCKET, SO_LINGER, {onoff=1, linger=32767}, 8) = 0
18040 16:22:56.732083 rt_sigaction(SIGALRM, {0x805cad0, ~[RTMIN RT_1], 0}, NULL, 8) = 0
18040 16:22:56.732109 alarm(300)        = 300
18040 16:22:56.732152 write(0, "150 Ok to send data.\r\n", 22) = 22
18040 16:22:56.732281 mmap2(NULL, 77824, PROT_READ|PROT_WRITE, MAP_PRIVATE|MAP_ANONYMOUS, -1, 0) = 0xb7d3f000
18040 16:22:56.732308 mprotect(0xb7d51000, 4096, PROT_NONE) = 0
18040 16:22:56.732361 mprotect(0xb7d3f000, 4096, PROT_NONE) = 0
18040 16:22:56.732394 read(6, "assasaaa\na\na\na\na\n", 65536) = 17
18040 16:22:56.732426 write(4, "assasaaa\na\na\na\na\n", 17) = 17
18040 16:22:56.732466 read(6, "", 65536) = 0
18040 16:22:56.732489 rt_sigaction(SIGALRM, {0x805cad0, ~[RTMIN RT_1], 0}, NULL, 8) = 0
18040 16:22:56.732514 alarm(300)        = 300
18040 16:22:56.732554 close(6)          = 0
18040 16:22:56.732575 alarm(0)          = 300
18040 16:22:56.732604 gettimeofday({1495657376, 732618}, NULL) = 0
18040 16:22:56.732646 getpid()          = 18040
18040 16:22:56.732671 gettimeofday({1495657376, 732685}, NULL) = 0
18040 16:22:56.732711 fcntl64(3, F_SETLKW64, {type=F_WRLCK, whence=SEEK_SET, start=0, len=0}, 0xbfb07494) = 0
18040 16:22:56.732740 write(3, "Wed May 24 16:22:56 2017 [pid 18040] [msfadmin] OK UPLOAD: Client \"127.0.0.1\", \"/home/msfadmin/myfile25\", 17 bytes, 2.76Kbyte/sec\n", 130) = 130
18040 16:22:56.732775 fcntl64(3, F_SETLK64, {type=F_UNLCK, whence=SEEK_SET, start=0, len=0}, 0xbfb0749c) = 0
18040 16:22:56.732803 write(0, "226 Transfer complete.\r\n", 24) = 24
18040 16:22:56.732885 write(5, "\n", 1) = 1
18040 16:22:56.732910 read(5,  <unfinished ...>
18038 16:22:56.732929 close(6)          = 0
18038 16:22:56.732979 read(4, "\n", 1)  = 1
18038 16:22:56.733004 close(5)          = 0
18038 16:22:56.733027 write(4, "\1", 1) = 1
18040 16:22:56.733050 <... read resumed> "\1", 1) = 1
18040 16:22:56.733068 close(4)          = 0
18040 16:22:56.733091 rt_sigaction(SIGALRM, {0x805cad0, ~[RTMIN RT_1], 0}, NULL, 8) = 0
18040 16:22:56.733117 alarm(300)        = 0
18040 16:22:56.733157 recv(0,  <unfinished ...>
18038 16:22:56.733177 read(4,  <unfinished ...>
18040 16:22:57.241880 <... recv resumed> "TYPE I\r\n", 4096, MSG_PEEK) = 8
18040 16:22:57.242024 read(0, "TYPE I\r\n", 8) = 8
18040 16:22:57.242141 write(0, "200 Switching to Binary mode.\r\n", 31) = 31
18040 16:22:57.242615 rt_sigaction(SIGALRM, {0x805cad0, ~[RTMIN RT_1], 0}, NULL, 8) = 0
18040 16:22:57.242729 alarm(300)        = 299
18040 16:22:57.242881 recv(0, "PASV\r\n", 4096, MSG_PEEK) = 6
18040 16:22:57.242967 read(0, "PASV\r\n", 6) = 6
18040 16:22:57.243051 write(5, "\n", 1 <unfinished ...>
18038 16:22:57.243122 <... read resumed> "\n", 1) = 1
18040 16:22:57.243174 <... write resumed> ) = 1
18038 16:22:57.243232 write(4, "\1", 1) = 1
18038 16:22:57.243391 read(4,  <unfinished ...>
18040 16:22:57.243493 read(5, "\1", 1)  = 1
18040 16:22:57.243588 write(5, "\f", 1 <unfinished ...>
18038 16:22:57.243651 <... read resumed> "\f", 1) = 1
18040 16:22:57.243702 <... write resumed> ) = 1
18038 16:22:57.243762 socket(PF_INET, SOCK_STREAM, IPPROTO_TCP) = 5
18038 16:22:57.243853 setsockopt(5, SOL_SOCKET, SO_REUSEADDR, [1], 4) = 0
18038 16:22:57.243944 bind(5, {sa_family=AF_INET, sin_port=htons(17521), sin_addr=inet_addr("127.0.0.1")}, 16) = 0
18038 16:22:57.244041 listen(5, 1)      = 0
18038 16:22:57.244127 write(4, "qD\0\0", 4) = 4
18038 16:22:57.244215 read(4,  <unfinished ...>
18040 16:22:57.244433 read(5, "qD\0\0", 4) = 4
18040 16:22:57.244558 write(0, "227 Entering Passive Mode (127,0,0,1,68,113).\r\n", 47) = 47
18040 16:22:57.245335 rt_sigaction(SIGALRM, {0x805cad0, ~[RTMIN RT_1], 0}, NULL, 8) = 0
18040 16:22:57.245447 alarm(300)        = 300
18040 16:22:57.245589 recv(0, "STOR myfile26\r\n", 4096, MSG_PEEK) = 15
18040 16:22:57.245676 read(0, "STOR myfile26\r\n", 15) = 15
18040 16:22:57.245767 write(5, "\v", 1 <unfinished ...>
18038 16:22:57.245835 <... read resumed> "\v", 1) = 1
18040 16:22:57.245886 <... write resumed> ) = 1
18038 16:22:57.245944 write(4, "\1\0\0\0", 4) = 4
18038 16:22:57.246024 read(4,  <unfinished ...>
18040 16:22:57.246083 read(5, "\1\0\0\0", 4) = 4
18040 16:22:57.246215 gettimeofday({1495657377, 246275}, NULL) = 0
18040 16:22:57.246338 getcwd("/home/msfadmin", 4096) = 15
18040 16:22:57.246424 open("myfile26", O_WRONLY|O_CREAT|O_NONBLOCK|O_LARGEFILE, 0666) = 4
18040 16:22:57.246599 fstat64(4, {st_mode=S_IFREG|0644, st_size=17, ...}) = 0
18040 16:22:57.246687 fcntl64(4, F_GETFL) = 0x8801 (flags O_WRONLY|O_NONBLOCK|O_LARGEFILE)
18040 16:22:57.246687 fcntl64(4, F_SETFL, O_WRONLY|O_LARGEFILE) = 0
18040 16:22:57.246687 fcntl64(4, F_SETLKW64, {type=F_WRLCK, whence=SEEK_SET, start=0, len=0}, 0xbfb074f4) = 0
18040 16:22:57.246687 ftruncate64(4, 0) = 0
18040 16:22:57.246687 _llseek(4, 0, [0], SEEK_SET) = 0
18040 16:22:57.246687 write(5, "\v", 1 <unfinished ...>
18038 16:22:57.246687 <... read resumed> "\v", 1) = 1
18040 16:22:57.246687 <... write resumed> ) = 1
18038 16:22:57.246687 write(4, "\1\0\0\0", 4) = 4
18038 16:22:57.246687 read(4,  <unfinished ...>
18040 16:22:57.246687 read(5, "\1\0\0\0", 4) = 4
18040 16:22:57.246687 write(5, "\v", 1 <unfinished ...>
18038 16:22:57.246687 <... read resumed> "\v", 1) = 1
18040 16:22:57.246687 <... write resumed> ) = 1
18038 16:22:57.246687 write(4, "\1\0\0\0", 4) = 4
18038 16:22:57.246687 read(4,  <unfinished ...>
18040 16:22:57.246687 read(5, "\1\0\0\0", 4) = 4
18040 16:22:57.246687 write(5, "\r", 1 <unfinished ...>
18038 16:22:57.246687 <... read resumed> "\r", 1) = 1
18040 16:22:57.246687 <... write resumed> ) = 1
18038 16:22:57.246687 select(6, [5], NULL, NULL, {60, 0}) = 1 (in [5], left {60, 0})
18038 16:22:57.246687 accept(5, {sa_family=AF_INET, sin_port=htons(58215), sin_addr=inet_addr("127.0.0.1")}, [16]) = 6
18038 16:22:57.246687 write(4, "\1", 1) = 1
18038 16:22:57.246687 sendmsg(4, {msg_name(0)=NULL, msg_iov(1)=[{"\0", 1}], msg_controllen=16, {cmsg_len=16, cmsg_level=SOL_SOCKET, cmsg_type=SCM_RIGHTS, {6}}, msg_flags=0}, 0) = 1
18038 16:22:57.246687 close(6)          = 0
18038 16:22:57.246687 read(4,  <unfinished ...>
18040 16:22:57.246687 read(5, "\1", 1)  = 1
18040 16:22:57.246687 recvmsg(5, {msg_name(0)=NULL, msg_iov(1)=[{"\0", 1}], msg_controllen=16, {cmsg_len=16, cmsg_level=SOL_SOCKET, cmsg_type=SCM_RIGHTS, {6}}, msg_flags=0}, 0) = 1
18040 16:22:57.246687 setsockopt(6, SOL_SOCKET, SO_KEEPALIVE, [1], 4) = 0
18040 16:22:57.246687 setsockopt(6, SOL_IP, IP_TOS, [8], 4) = 0
18040 16:22:57.246687 setsockopt(6, SOL_SOCKET, SO_LINGER, {onoff=1, linger=32767}, 8) = 0
18040 16:22:57.246687 rt_sigaction(SIGALRM, {0x805cad0, ~[RTMIN RT_1], 0}, NULL, 8) = 0
18040 16:22:57.246687 alarm(300)        = 300
18040 16:22:57.246687 write(0, "150 Ok to send data.\r\n", 22) = 22
18040 16:22:57.246687 read(6, "assasaaa\na\na\na\na\n", 65536) = 17
18040 16:22:57.246687 write(4, "assasaaa\na\na\na\na\n", 17) = 17
18040 16:22:57.246687 read(6, "", 65536) = 0
18040 16:22:57.246687 rt_sigaction(SIGALRM, {0x805cad0, ~[RTMIN RT_1], 0}, NULL, 8) = 0
18040 16:22:57.246687 alarm(300)        = 300
18040 16:22:57.246687 close(6)          = 0
18040 16:22:57.246687 alarm(0)          = 300
18040 16:22:57.246687 gettimeofday({1495657377, 246687}, NULL) = 0
18040 16:22:57.246687 gettimeofday({1495657377, 246687}, NULL) = 0
18040 16:22:57.246687 fcntl64(3, F_SETLKW64, {type=F_WRLCK, whence=SEEK_SET, start=0, len=0}, 0xbfb07494) = 0
18040 16:22:57.246687 write(3, "Wed May 24 16:22:57 2017 [pid 18040] [msfadmin] OK UPLOAD: Client \"127.0.0.1\", \"/home/msfadmin/myfile26\", 17 bytes, 40.30Kbyte/sec\n", 131) = 131
18040 16:22:57.246687 fcntl64(3, F_SETLK64, {type=F_UNLCK, whence=SEEK_SET, start=0, len=0}, 0xbfb0749c) = 0
18040 16:22:57.251525 write(0, "226 Transfer complete.\r\n", 24) = 24
18040 16:22:57.252003 write(5, "\n", 1 <unfinished ...>
18038 16:22:57.252084 <... read resumed> "\n", 1) = 1
18040 16:22:57.252137 <... write resumed> ) = 1
18038 16:22:57.252194 close(5)          = 0
18038 16:22:57.252279 write(4, "\1", 1) = 1
18038 16:22:57.252358 read(4,  <unfinished ...>
18040 16:22:57.252419 read(5, "\1", 1)  = 1
18040 16:22:57.252497 close(4)          = 0
18040 16:22:57.252577 rt_sigaction(SIGALRM, {0x805cad0, ~[RTMIN RT_1], 0}, NULL, 8) = 0
18040 16:22:57.252668 alarm(300)        = 0
18040 16:22:57.252805 recv(0, "TYPE I\r\n", 4096, MSG_PEEK) = 8
18040 16:22:57.781969 read(0, "TYPE I\r\n", 8) = 8
18040 16:22:57.782101 write(0, "200 Switching to Binary mode.\r\n", 31) = 31
18040 16:22:57.782474 rt_sigaction(SIGALRM, {0x805cad0, ~[RTMIN RT_1], 0}, NULL, 8) = 0
18040 16:22:57.782642 alarm(300)        = 299
18040 16:22:57.782783 recv(0, "PASV\r\n", 4096, MSG_PEEK) = 6
18040 16:22:57.782867 read(0, "PASV\r\n", 6) = 6
18040 16:22:57.782952 write(5, "\n", 1 <unfinished ...>
18038 16:22:57.783023 <... read resumed> "\n", 1) = 1
18040 16:22:57.783074 <... write resumed> ) = 1
18038 16:22:57.783133 write(4, "\1", 1) = 1
18038 16:22:57.783261 read(4,  <unfinished ...>
18040 16:22:57.783327 read(5, "\1", 1)  = 1
18040 16:22:57.783411 write(5, "\f", 1 <unfinished ...>
18038 16:22:57.783472 <... read resumed> "\f", 1) = 1
18040 16:22:57.783523 <... write resumed> ) = 1
18038 16:22:57.783583 socket(PF_INET, SOCK_STREAM, IPPROTO_TCP) = 5
18038 16:22:57.783673 setsockopt(5, SOL_SOCKET, SO_REUSEADDR, [1], 4) = 0
18038 16:22:57.783764 bind(5, {sa_family=AF_INET, sin_port=htons(61396), sin_addr=inet_addr("127.0.0.1")}, 16) = 0
18038 16:22:57.783859 listen(5, 1)      = 0
18038 16:22:57.783944 write(4, "\324\357\0\0", 4) = 4
18038 16:22:57.784022 read(4,  <unfinished ...>
18040 16:22:57.784082 read(5, "\324\357\0\0", 4) = 4
18040 16:22:57.784236 write(0, "227 Entering Passive Mode (127,0,0,1,239,212).\r\n", 48) = 48
18040 16:22:57.784900 rt_sigaction(SIGALRM, {0x805cad0, ~[RTMIN RT_1], 0}, NULL, 8) = 0
18040 16:22:57.785004 alarm(300)        = 300
18040 16:22:57.785210 recv(0, "STOR myfile27\r\n", 4096, MSG_PEEK) = 15
18040 16:22:57.785311 read(0, "STOR myfile27\r\n", 15) = 15
18040 16:22:57.785402 write(5, "\v", 1 <unfinished ...>
18038 16:22:57.785469 <... read resumed> "\v", 1) = 1
18040 16:22:57.785519 <... write resumed> ) = 1
18038 16:22:57.785575 write(4, "\1\0\0\0", 4) = 4
18038 16:22:57.785654 read(4,  <unfinished ...>
18040 16:22:57.785713 read(5, "\1\0\0\0", 4) = 4
18040 16:22:57.785795 gettimeofday({1495657377, 785842}, NULL) = 0
18040 16:22:57.785903 getcwd("/home/msfadmin", 4096) = 15
18040 16:22:57.786011 open("myfile27", O_WRONLY|O_CREAT|O_NONBLOCK|O_LARGEFILE, 0666) = 4
18040 16:22:57.786155 fstat64(4, {st_mode=S_IFREG|0644, st_size=17, ...}) = 0
18040 16:22:57.786273 fcntl64(4, F_GETFL) = 0x8801 (flags O_WRONLY|O_NONBLOCK|O_LARGEFILE)
18040 16:22:57.786351 fcntl64(4, F_SETFL, O_WRONLY|O_LARGEFILE) = 0
18040 16:22:57.786425 fcntl64(4, F_SETLKW64, {type=F_WRLCK, whence=SEEK_SET, start=0, len=0}, 0xbfb074f4) = 0
18040 16:22:57.786514 ftruncate64(4, 0) = 0
18040 16:22:57.786614 _llseek(4, 0, [0], SEEK_SET) = 0
18040 16:22:57.786694 write(5, "\v", 1 <unfinished ...>
18038 16:22:57.786703 <... read resumed> "\v", 1) = 1
18040 16:22:57.786703 <... write resumed> ) = 1
18038 16:22:57.786703 write(4, "\1\0\0\0", 4) = 4
18038 16:22:57.786703 read(4,  <unfinished ...>
18040 16:22:57.786703 read(5, "\1\0\0\0", 4) = 4
18040 16:22:57.786703 write(5, "\v", 1 <unfinished ...>
18038 16:22:57.786703 <... read resumed> "\v", 1) = 1
18040 16:22:57.786703 <... write resumed> ) = 1
18038 16:22:57.786703 write(4, "\1\0\0\0", 4) = 4
18038 16:22:57.786703 read(4,  <unfinished ...>
18040 16:22:57.786703 read(5, "\1\0\0\0", 4) = 4
18040 16:22:57.786703 write(5, "\r", 1 <unfinished ...>
18038 16:22:57.786703 <... read resumed> "\r", 1) = 1
18040 16:22:57.786703 <... write resumed> ) = 1
18038 16:22:57.786703 select(6, [5], NULL, NULL, {60, 0}) = 1 (in [5], left {60, 0})
18038 16:22:57.786703 accept(5, {sa_family=AF_INET, sin_port=htons(33829), sin_addr=inet_addr("127.0.0.1")}, [16]) = 6
18038 16:22:57.786703 write(4, "\1", 1) = 1
18038 16:22:57.786703 sendmsg(4, {msg_name(0)=NULL, msg_iov(1)=[{"\0", 1}], msg_controllen=16, {cmsg_len=16, cmsg_level=SOL_SOCKET, cmsg_type=SCM_RIGHTS, {6}}, msg_flags=0}, 0) = 1
18038 16:22:57.786703 close(6)          = 0
18038 16:22:57.786703 read(4,  <unfinished ...>
18040 16:22:57.786703 read(5, "\1", 1)  = 1
18040 16:22:57.786703 recvmsg(5, {msg_name(0)=NULL, msg_iov(1)=[{"\0", 1}], msg_controllen=16, {cmsg_len=16, cmsg_level=SOL_SOCKET, cmsg_type=SCM_RIGHTS, {6}}, msg_flags=0}, 0) = 1
18040 16:22:57.786703 setsockopt(6, SOL_SOCKET, SO_KEEPALIVE, [1], 4) = 0
18040 16:22:57.786703 setsockopt(6, SOL_IP, IP_TOS, [8], 4) = 0
18040 16:22:57.786703 setsockopt(6, SOL_SOCKET, SO_LINGER, {onoff=1, linger=32767}, 8) = 0
18040 16:22:57.786703 rt_sigaction(SIGALRM, {0x805cad0, ~[RTMIN RT_1], 0}, NULL, 8) = 0
18040 16:22:57.786703 alarm(300)        = 300
18040 16:22:57.786703 write(0, "150 Ok to send data.\r\n", 22) = 22
18040 16:22:57.786703 read(6, "assasaaa\na\na\na\na\n", 65536) = 17
18040 16:22:57.786703 write(4, "assasaaa\na\na\na\na\n", 17) = 17
18040 16:22:57.786703 read(6, "", 65536) = 0
18040 16:22:57.786703 rt_sigaction(SIGALRM, {0x805cad0, ~[RTMIN RT_1], 0}, NULL, 8) = 0
18040 16:22:57.786703 alarm(300)        = 300
18040 16:22:57.786703 close(6)          = 0
18040 16:22:57.786703 alarm(0)          = 300
18040 16:22:57.786703 gettimeofday({1495657377, 786703}, NULL) = 0
18040 16:22:57.786703 gettimeofday({1495657377, 786703}, NULL) = 0
18040 16:22:57.786703 fcntl64(3, F_SETLKW64, {type=F_WRLCK, whence=SEEK_SET, start=0, len=0}, 0xbfb07494) = 0
18040 16:22:57.786703 write(3, "Wed May 24 16:22:57 2017 [pid 18040] [msfadmin] OK UPLOAD: Client \"127.0.0.1\", \"/home/msfadmin/myfile27\", 17 bytes, 19.28Kbyte/sec\n", 131) = 131
18040 16:22:57.786703 fcntl64(3, F_SETLK64, {type=F_UNLCK, whence=SEEK_SET, start=0, len=0}, 0xbfb0749c) = 0
18040 16:22:57.786703 write(0, "226 Transfer complete.\r\n", 24) = 24
18040 16:22:57.791459 write(5, "\n", 1 <unfinished ...>
18038 16:22:57.791552 <... read resumed> "\n", 1) = 1
18040 16:22:57.791604 <... write resumed> ) = 1
18038 16:22:57.791661 close(5)          = 0
18038 16:22:57.791744 write(4, "\1", 1) = 1
18038 16:22:57.791823 read(4,  <unfinished ...>
18040 16:22:57.791884 read(5, "\1", 1)  = 1
18040 16:22:57.791976 close(4)          = 0
18040 16:22:57.792055 rt_sigaction(SIGALRM, {0x805cad0, ~[RTMIN RT_1], 0}, NULL, 8) = 0
18040 16:22:57.792143 alarm(300)        = 0
18040 16:22:57.792280 recv(0, "TYPE I\r\n", 4096, MSG_PEEK) = 8
18040 16:22:58.302893 read(0, "TYPE I\r\n", 8) = 8
18040 16:22:58.303187 write(0, "200 Switching to Binary mode.\r\n", 31) = 31
18040 16:22:58.303444 rt_sigaction(SIGALRM, {0x805cad0, ~[RTMIN RT_1], 0}, NULL, 8) = 0
18040 16:22:58.303537 alarm(300)        = 299
18040 16:22:58.303635 recv(0, "PASV\r\n", 4096, MSG_PEEK) = 6
18040 16:22:58.303721 read(0, "PASV\r\n", 6) = 6
18040 16:22:58.303771 write(5, "\n", 1 <unfinished ...>
18038 16:22:58.303814 <... read resumed> "\n", 1) = 1
