11078 15:04:28.909540 gettimeofday({1495652668, 909546}, NULL) = 0
11078 15:04:28.909567 fcntl64(3, F_SETLKW64, {type=F_WRLCK, whence=SEEK_SET, start=0, len=0}, 0xbfb1eca4) = 0
11078 15:04:28.909590 write(3, "Wed May 24 15:04:28 2017 [pid 11078] [msfadmin] OK UPLOAD: Client \"127.0.0.1\", \"/home/msfadmin/myfile1\", 17 bytes, 16.84Kbyte/sec\n", 130) = 130
11078 15:04:28.909630 fcntl64(3, F_SETLK64, {type=F_UNLCK, whence=SEEK_SET, start=0, len=0}, 0xbfb1ecac) = 0
11078 15:04:28.909653 write(0, "226 Transfer complete.\r\n", 24) = 24
11078 15:04:28.909718 write(5, "\n", 1) = 1
11078 15:04:28.909737 read(5,  <unfinished ...>
11076 15:04:28.909747 close(6)          = 0
11076 15:04:28.909776 read(4, "\n", 1)  = 1
11076 15:04:28.909794 close(5)          = 0
11076 15:04:28.909811 write(4, "\1", 1) = 1
11078 15:04:28.909828 <... read resumed> "\1", 1) = 1
11078 15:04:28.909839 close(4)          = 0
11078 15:04:28.909885 rt_sigaction(SIGALRM, {0x805cad0, ~[RTMIN RT_1], 0}, NULL, 8) = 0
11078 15:04:28.909907 alarm(300)        = 0
11078 15:04:28.909924 recv(0,  <unfinished ...>
11076 15:04:28.909937 read(4,  <unfinished ...>
11078 15:04:29.445229 <... recv resumed> "TYPE I\r\n", 4096, MSG_PEEK) = 8
11078 15:04:29.445340 read(0, "TYPE I\r\n", 8) = 8
11078 15:04:29.445423 write(0, "200 Switching to Binary mode.\r\n", 31) = 31
11078 15:04:29.445605 rt_sigaction(SIGALRM, {0x805cad0, ~[RTMIN RT_1], 0}, NULL, 8) = 0
11078 15:04:29.445681 alarm(300)        = 299
11078 15:04:29.445812 recv(0, "PASV\r\n", 4096, MSG_PEEK) = 6
11078 15:04:29.445865 read(0, "PASV\r\n", 6) = 6
11078 15:04:29.445918 write(5, "\n", 1) = 1
11078 15:04:29.445968 read(5,  <unfinished ...>
11076 15:04:29.446001 <... read resumed> "\n", 1) = 1
11076 15:04:29.446037 write(4, "\1", 1) = 1
11078 15:04:29.446083 <... read resumed> "\1", 1) = 1
11078 15:04:29.446114 write(5, "\f", 1) = 1
11078 15:04:29.446157 read(5,  <unfinished ...>
11076 15:04:29.446186 read(4, "\f", 1)  = 1
11076 15:04:29.446236 socket(PF_INET, SOCK_STREAM, IPPROTO_TCP) = 5
11076 15:04:29.446297 setsockopt(5, SOL_SOCKET, SO_REUSEADDR, [1], 4) = 0
11076 15:04:29.446354 bind(5, {sa_family=AF_INET, sin_port=htons(36766), sin_addr=inet_addr("127.0.0.1")}, 16) = 0
11076 15:04:29.446419 listen(5, 1)      = 0
11076 15:04:29.446474 write(4, "\236\217\0\0", 4) = 4
11078 15:04:29.446522 <... read resumed> "\236\217\0\0", 4) = 4
11078 15:04:29.446575 write(0, "227 Entering Passive Mode (127,0,0,1,143,158).\r\n", 48) = 48
11078 15:04:29.447042 rt_sigaction(SIGALRM, {0x805cad0, ~[RTMIN RT_1], 0}, NULL, 8) = 0
11078 15:04:29.447116 alarm(300)        = 300
11078 15:04:29.447166 recv(0, "STOR myfile2\r\n", 4096, MSG_PEEK) = 14
11078 15:04:29.447219 read(0, "STOR myfile2\r\n", 14) = 14
11078 15:04:29.447277 write(5, "\v", 1) = 1
11078 15:04:29.447322 read(5,  <unfinished ...>
11076 15:04:29.447354 read(4, "\v", 1)  = 1
11076 15:04:29.447402 write(4, "\1\0\0\0", 4) = 4
11078 15:04:29.447449 <... read resumed> "\1\0\0\0", 4) = 4
11078 15:04:29.447482 gettimeofday({1495652669, 447499}, NULL) = 0
11078 15:04:29.447529 getcwd("/home/msfadmin", 4096) = 15
11078 15:04:29.447581 open("myfile2", O_WRONLY|O_CREAT|O_NONBLOCK|O_LARGEFILE, 0666) = 4
11078 15:04:29.447705 fstat64(4, {st_mode=S_IFREG|0644, st_size=17, ...}) = 0
11078 15:04:29.447787 fcntl64(4, F_GETFL) = 0x8801 (flags O_WRONLY|O_NONBLOCK|O_LARGEFILE)
11078 15:04:29.447836 fcntl64(4, F_SETFL, O_WRONLY|O_LARGEFILE) = 0
11078 15:04:29.447880 fcntl64(4, F_SETLKW64, {type=F_WRLCK, whence=SEEK_SET, start=0, len=0}, 0xbfb1ed04) = 0
11078 15:04:29.447938 ftruncate64(4, 0) = 0
11078 15:04:29.448010 _llseek(4, 0, [0], SEEK_SET) = 0
11078 15:04:29.448057 write(5, "\v", 1) = 1
11078 15:04:29.448103 read(5,  <unfinished ...>
11076 15:04:29.448134 read(4, "\v", 1)  = 1
11076 15:04:29.448183 write(4, "\1\0\0\0", 4) = 4
11078 15:04:29.448229 <... read resumed> "\1\0\0\0", 4) = 4
11078 15:04:29.448261 write(5, "\v", 1) = 1
11078 15:04:29.448304 read(5,  <unfinished ...>
11076 15:04:29.448332 read(4, "\v", 1)  = 1
11076 15:04:29.448378 write(4, "\1\0\0\0", 4) = 4
11078 15:04:29.448422 <... read resumed> "\1\0\0\0", 4) = 4
11078 15:04:29.448454 write(5, "\r", 1) = 1
11078 15:04:29.448496 read(5,  <unfinished ...>
11076 15:04:29.448524 read(4, "\r", 1)  = 1
11076 15:04:29.448575 select(6, [5], NULL, NULL, {60, 0}) = 1 (in [5], left {60, 0})
11076 15:04:29.448731 accept(5, {sa_family=AF_INET, sin_port=htons(47042), sin_addr=inet_addr("127.0.0.1")}, [16]) = 6
11076 15:04:29.448829 write(4, "\1", 1) = 1
11078 15:04:29.448877 <... read resumed> "\1", 1) = 1
11078 15:04:29.448915 recvmsg(5,  <unfinished ...>
11076 15:04:29.448951 sendmsg(4, {msg_name(0)=NULL, msg_iov(1)=[{"\0", 1}], msg_controllen=16, {cmsg_len=16, cmsg_level=SOL_SOCKET, cmsg_type=SCM_RIGHTS, {6}}, msg_flags=0}, 0) = 1
11078 15:04:29.449025 <... recvmsg resumed> {msg_name(0)=NULL, msg_iov(1)=[{"\0", 1}], msg_controllen=16, {cmsg_len=16, cmsg_level=SOL_SOCKET, cmsg_type=SCM_RIGHTS, {6}}, msg_flags=0}, 0) = 1
11078 15:04:29.449083 setsockopt(6, SOL_SOCKET, SO_KEEPALIVE, [1], 4) = 0
11078 15:04:29.449136 setsockopt(6, SOL_IP, IP_TOS, [8], 4) = 0
11078 15:04:29.449186 setsockopt(6, SOL_SOCKET, SO_LINGER, {onoff=1, linger=32767}, 8) = 0
11078 15:04:29.449235 rt_sigaction(SIGALRM, {0x805cad0, ~[RTMIN RT_1], 0}, NULL, 8) = 0
11078 15:04:29.449311 alarm(300)        = 300
11078 15:04:29.449366 write(0, "150 Ok to send data.\r\n", 22) = 22
11078 15:04:29.449713 read(6, "assasaaa\na\na\na\na\n", 65536) = 17
11078 15:04:29.449779 write(4, "assasaaa\na\na\na\na\n", 17) = 17
11078 15:04:29.449848 read(6, "", 65536) = 0
11078 15:04:29.449893 rt_sigaction(SIGALRM, {0x805cad0, ~[RTMIN RT_1], 0}, NULL, 8) = 0
11078 15:04:29.449953 alarm(300)        = 300
11078 15:04:29.449995 close(6)          = 0
11078 15:04:29.450035 alarm(0)          = 300
11078 15:04:29.450075 gettimeofday({1495652669, 450091}, NULL) = 0
11078 15:04:29.450138 gettimeofday({1495652669, 450155}, NULL) = 0
11078 15:04:29.450192 fcntl64(3, F_SETLKW64, {type=F_WRLCK, whence=SEEK_SET, start=0, len=0}, 0xbfb1eca4) = 0
11078 15:04:29.450254 write(3, "Wed May 24 15:04:29 2017 [pid 11078] [msfadmin] OK UPLOAD: Client \"127.0.0.1\", \"/home/msfadmin/myfile2\", 17 bytes, 6.25Kbyte/sec\n", 129) = 129
11078 15:04:29.450341 fcntl64(3, F_SETLK64, {type=F_UNLCK, whence=SEEK_SET, start=0, len=0}, 0xbfb1ecac) = 0
11078 15:04:29.450403 write(0, "226 Transfer complete.\r\n", 24) = 24
11078 15:04:29.450731 write(5, "\n", 1) = 1
11078 15:04:29.450788 read(5,  <unfinished ...>
11076 15:04:29.450819 close(6)          = 0
11076 15:04:29.450902 read(4, "\n", 1)  = 1
11076 15:04:29.450953 close(5)          = 0
11076 15:04:29.450999 write(4, "\1", 1) = 1
11078 15:04:29.451046 <... read resumed> "\1", 1) = 1
11078 15:04:29.451077 close(4)          = 0
11078 15:04:29.451123 rt_sigaction(SIGALRM, {0x805cad0, ~[RTMIN RT_1], 0}, NULL, 8) = 0
11078 15:04:29.451181 alarm(300)        = 0
11078 15:04:29.451229 recv(0,  <unfinished ...>
11076 15:04:29.451262 read(4,  <unfinished ...>
11078 15:04:29.966680 <... recv resumed> "TYPE I\r\n", 4096, MSG_PEEK) = 8
11078 15:04:29.966831 read(0, "TYPE I\r\n", 8) = 8
11078 15:04:29.966959 write(0, "200 Switching to Binary mode.\r\n", 31) = 31
11078 15:04:29.967366 rt_sigaction(SIGALRM, {0x805cad0, ~[RTMIN RT_1], 0}, NULL, 8) = 0
11078 15:04:29.967444 alarm(300)        = 299
11078 15:04:29.967497 recv(0, "PASV\r\n", 4096, MSG_PEEK) = 6
11078 15:04:29.967547 read(0, "PASV\r\n", 6) = 6
11078 15:04:29.967599 write(5, "\n", 1) = 1
11078 15:04:29.967651 read(5,  <unfinished ...>
11076 15:04:29.967683 <... read resumed> "\n", 1) = 1
11076 15:04:29.967719 write(4, "\1", 1) = 1
11078 15:04:29.967764 <... read resumed> "\1", 1) = 1
11078 15:04:29.967795 write(5, "\f", 1) = 1
11078 15:04:29.967838 read(5,  <unfinished ...>
11076 15:04:29.967867 read(4, "\f", 1)  = 1
11076 15:04:29.967917 socket(PF_INET, SOCK_STREAM, IPPROTO_TCP) = 5
11076 15:04:29.967978 setsockopt(5, SOL_SOCKET, SO_REUSEADDR, [1], 4) = 0
11076 15:04:29.968035 bind(5, {sa_family=AF_INET, sin_port=htons(56139), sin_addr=inet_addr("127.0.0.1")}, 16) = 0
11076 15:04:29.968100 listen(5, 1)      = 0
11076 15:04:29.968155 write(4, "K\333\0\0", 4) = 4
11078 15:04:29.968261 <... read resumed> "K\333\0\0", 4) = 4
11078 15:04:29.968315 write(0, "227 Entering Passive Mode (127,0,0,1,219,75).\r\n", 47) = 47
11078 15:04:29.968730 rt_sigaction(SIGALRM, {0x805cad0, ~[RTMIN RT_1], 0}, NULL, 8) = 0
11078 15:04:29.968804 alarm(300)        = 300
11078 15:04:29.968853 recv(0, "STOR myfile3\r\n", 4096, MSG_PEEK) = 14
11078 15:04:29.968906 read(0, "STOR myfile3\r\n", 14) = 14
11078 15:04:29.968963 write(5, "\v", 1) = 1
11078 15:04:29.969008 read(5,  <unfinished ...>
11076 15:04:29.969039 read(4, "\v", 1)  = 1
11076 15:04:29.969086 write(4, "\1\0\0\0", 4) = 4
11078 15:04:29.969180 <... read resumed> "\1\0\0\0", 4) = 4
11078 15:04:29.969228 gettimeofday({1495652669, 969244}, NULL) = 0
11078 15:04:29.969276 getcwd("/home/msfadmin", 4096) = 15
11078 15:04:29.969328 open("myfile3", O_WRONLY|O_CREAT|O_NONBLOCK|O_LARGEFILE, 0666) = 4
11078 15:04:29.969385 fstat64(4, {st_mode=S_IFREG|0644, st_size=17, ...}) = 0
11078 15:04:29.969459 fcntl64(4, F_GETFL) = 0x8801 (flags O_WRONLY|O_NONBLOCK|O_LARGEFILE)
11078 15:04:29.969507 fcntl64(4, F_SETFL, O_WRONLY|O_LARGEFILE) = 0
11078 15:04:29.969550 fcntl64(4, F_SETLKW64, {type=F_WRLCK, whence=SEEK_SET, start=0, len=0}, 0xbfb1ed04) = 0
11078 15:04:29.969631 ftruncate64(4, 0) = 0
11078 15:04:29.969702 _llseek(4, 0, [0], SEEK_SET) = 0
11078 15:04:29.969748 write(5, "\v", 1) = 1
11078 15:04:29.969794 read(5,  <unfinished ...>
11076 15:04:29.969824 read(4, "\v", 1)  = 1
11076 15:04:29.969873 write(4, "\1\0\0\0", 4) = 4
11078 15:04:29.969918 <... read resumed> "\1\0\0\0", 4) = 4
11078 15:04:29.969950 write(5, "\v", 1) = 1
11078 15:04:29.969992 read(5,  <unfinished ...>
11076 15:04:29.970020 read(4, "\v", 1)  = 1
11076 15:04:29.970066 write(4, "\1\0\0\0", 4) = 4
11078 15:04:29.970183 <... read resumed> "\1\0\0\0", 4) = 4
11078 15:04:29.970224 write(5, "\r", 1) = 1
11078 15:04:29.970267 read(5,  <unfinished ...>
11076 15:04:29.970296 read(4, "\r", 1)  = 1
11076 15:04:29.970346 select(6, [5], NULL, NULL, {60, 0}) = 1 (in [5], left {60, 0})
11076 15:04:29.970415 accept(5, {sa_family=AF_INET, sin_port=htons(43499), sin_addr=inet_addr("127.0.0.1")}, [16]) = 6
11076 15:04:29.970512 write(4, "\1", 1) = 1
11078 15:04:29.970557 <... read resumed> "\1", 1) = 1
11078 15:04:29.970594 recvmsg(5,  <unfinished ...>
11076 15:04:29.970629 sendmsg(4, {msg_name(0)=NULL, msg_iov(1)=[{"\0", 1}], msg_controllen=16, {cmsg_len=16, cmsg_level=SOL_SOCKET, cmsg_type=SCM_RIGHTS, {6}}, msg_flags=0}, 0) = 1
11078 15:04:29.970703 <... recvmsg resumed> {msg_name(0)=NULL, msg_iov(1)=[{"\0", 1}], msg_controllen=16, {cmsg_len=16, cmsg_level=SOL_SOCKET, cmsg_type=SCM_RIGHTS, {6}}, msg_flags=0}, 0) = 1
11078 15:04:29.970759 setsockopt(6, SOL_SOCKET, SO_KEEPALIVE, [1], 4) = 0
11078 15:04:29.970811 setsockopt(6, SOL_IP, IP_TOS, [8], 4) = 0
11078 15:04:29.970861 setsockopt(6, SOL_SOCKET, SO_LINGER, {onoff=1, linger=32767}, 8) = 0
11078 15:04:29.970908 rt_sigaction(SIGALRM, {0x805cad0, ~[RTMIN RT_1], 0}, NULL, 8) = 0
11078 15:04:29.970967 alarm(300)        = 300
11078 15:04:29.971021 write(0, "150 Ok to send data.\r\n", 22) = 22
11078 15:04:29.971465 read(6, "assasaaa\na\na\na\na\n", 65536) = 17
11078 15:04:29.971542 write(4, "assasaaa\na\na\na\na\n", 17) = 17
11078 15:04:29.971615 read(6, "", 65536) = 0
11078 15:04:29.971662 rt_sigaction(SIGALRM, {0x805cad0, ~[RTMIN RT_1], 0}, NULL, 8) = 0
11078 15:04:29.971673 alarm(300)        = 300
11078 15:04:29.971723 close(6)          = 0
11078 15:04:29.971763 alarm(0)          = 300
11078 15:04:29.971804 gettimeofday({1495652669, 971819}, NULL) = 0
11078 15:04:29.971917 gettimeofday({1495652669, 971942}, NULL) = 0
11078 15:04:29.971982 fcntl64(3, F_SETLKW64, {type=F_WRLCK, whence=SEEK_SET, start=0, len=0}, 0xbfb1eca4) = 0
11078 15:04:29.972046 write(3, "Wed May 24 15:04:29 2017 [pid 11078] [msfadmin] OK UPLOAD: Client \"127.0.0.1\", \"/home/msfadmin/myfile3\", 17 bytes, 6.15Kbyte/sec\n", 129) = 129
11078 15:04:29.972134 fcntl64(3, F_SETLK64, {type=F_UNLCK, whence=SEEK_SET, start=0, len=0}, 0xbfb1ecac) = 0
11078 15:04:29.972197 write(0, "226 Transfer complete.\r\n", 24) = 24
11078 15:04:29.972382 write(5, "\n", 1) = 1
11078 15:04:29.972435 read(5,  <unfinished ...>
11076 15:04:29.972467 close(6)          = 0
11076 15:04:29.972543 read(4, "\n", 1)  = 1
11076 15:04:29.972594 close(5)          = 0
11076 15:04:29.972640 write(4, "\1", 1) = 1
11078 15:04:29.972688 <... read resumed> "\1", 1) = 1
11078 15:04:29.972719 close(4)          = 0
11078 15:04:29.972766 rt_sigaction(SIGALRM, {0x805cad0, ~[RTMIN RT_1], 0}, NULL, 8) = 0
11078 15:04:29.972870 alarm(300)        = 0
11078 15:04:29.972924 recv(0,  <unfinished ...>
11076 15:04:29.972959 read(4,  <unfinished ...>
11073 15:04:30.485297 <... read resumed> "\n", 1) = 1
11073 15:04:30.485524 stat64(".", {st_mode=S_IFDIR|0755, st_size=4096, ...}) = 0
11073 15:04:30.485627 stat64("/sbin/nohup", 0xbfcfe648) = -1 ENOENT (No such file or directory)
11073 15:04:30.485686 stat64("/bin/nohup", 0xbfcfe648) = -1 ENOENT (No such file or directory)
11073 15:04:30.485737 stat64("/usr/sbin/nohup", 0xbfcfe648) = -1 ENOENT (No such file or directory)
11073 15:04:30.485789 stat64("/usr/bin/nohup", {st_mode=S_IFREG|0755, st_size=26336, ...}) = 0
11073 15:04:30.485923 stat64("/usr/bin/nohup", {st_mode=S_IFREG|0755, st_size=26336, ...}) = 0
11073 15:04:30.486057 rt_sigprocmask(SIG_BLOCK, [INT CHLD], [], 8) = 0
11073 15:04:30.486123 clone(child_stack=0, flags=CLONE_CHILD_CLEARTID|CLONE_CHILD_SETTID|SIGCHLD, child_tidptr=0xb7ddb6f8) = 11079
11079 15:04:30.486400 rt_sigprocmask(SIG_SETMASK, [], NULL, 8) = 0
11079 15:04:30.486485 rt_sigaction(SIGTSTP, {SIG_DFL}, {SIG_DFL}, 8) = 0
11079 15:04:30.486543 rt_sigaction(SIGTTIN, {SIG_DFL}, {SIG_DFL}, 8) = 0
11079 15:04:30.486595 rt_sigaction(SIGTTOU, {SIG_DFL}, {SIG_DFL}, 8) = 0
11079 15:04:30.486668 rt_sigaction(SIGINT, {SIG_DFL}, {SIG_DFL}, 8) = 0
11079 15:04:30.486772 rt_sigaction(SIGQUIT, {SIG_DFL}, {SIG_IGN}, 8) = 0
11079 15:04:30.486923 rt_sigaction(SIGCHLD, {SIG_DFL}, {0x807e540, [], 0}, 8) = 0
11079 15:04:30.487138 open("/dev/null", O_WRONLY|O_CREAT|O_TRUNC|O_LARGEFILE, 0666) = 7
11079 15:04:30.487384 dup2(7, 1)        = 1
11079 15:04:30.487483 close(7)          = 0
11079 15:04:30.487546 dup2(1, 2)        = 2
11079 15:04:30.487607 fcntl64(1, F_GETFD) = 0
11079 15:04:30.487688 execve("/usr/bin/nohup", ["nohup"], [/* 16 vars */]) = 0
11079 15:04:30.488166 brk(0)            = 0x804f000
11079 15:04:30.488287 access("/etc/ld.so.nohwcap", F_OK) = -1 ENOENT (No such file or directory)
11079 15:04:30.488456 mmap2(NULL, 8192, PROT_READ|PROT_WRITE, MAP_PRIVATE|MAP_ANONYMOUS, -1, 0) = 0xb7f1d000
11079 15:04:30.488554 access("/etc/ld.so.preload", R_OK) = -1 ENOENT (No such file or directory)
11079 15:04:30.488638 open("/etc/ld.so.cache", O_RDONLY) = 7
11079 15:04:30.488693 fstat64(7, {st_mode=S_IFREG|0644, st_size=29913, ...}) = 0
11079 15:04:30.488770 mmap2(NULL, 29913, PROT_READ, MAP_PRIVATE, 7, 0) = 0xb7f15000
11079 15:04:30.488869 close(7)          = 0
11079 15:04:30.488921 access("/etc/ld.so.nohwcap", F_OK) = -1 ENOENT (No such file or directory)
11079 15:04:30.488991 open("/lib/tls/i686/cmov/libc.so.6", O_RDONLY) = 7
11079 15:04:30.489053 read(7, "\177ELF\1\1\1\0\0\0\0\0\0\0\0\0\3\0\3\0\1\0\0\0\260e\1\0004\0\0\0\4\307\24\0\0\0\0\0004\0 \0\n\0(\0D\0C\0\6\0\0\0004\0\0\0004\0\0\0004\0\0\0@\1\0\0@\1\0\0\5\0\0\0\4\0\0\0\3\0\0\0\2200\23\0\2200\23\0\2200\23\0\23\0\0\0\23\0\0\0\4\0\0\0\1\0\0\0\1\0\0\0\0\0\0\0\0\0\0\0\0\0\0\0(\215\24\0(\215\24\0\5\0\0\0\0\20\0\0\1\0\0\0\354\221\24\0\354\221\24\0\354\221\24\0\260\'\0\0\204T\0\0\6\0\0\0\0\20\0\0\2\0\0\0\234\255\24\0\234\255\24\0\234\255\24\0\360\0\0\0\360\0\0\0\6\0\0\0\4\0\0\0\4\0\0\0t\1\0\0t\1\0\0t\1\0\0 \0\0\0 \0\0\0\4\0\0\0\4\0\0\0\7\0\0\0\354\221\24\0\354\221\24\0\354\221\24\0\10\0\0\0,\0\0\0\4\0\0\0\4\0\0\0P\345td\2440\23\0\2440\23\0\2440\23\0\354+\0\0\354+\0\0\4\0\0\0\4\0\0\0Q\345td\0\0\0\0\0\0\0\0\0\0\0\0\0\0\0\0\0\0\0\0\6\0\0\0\4\0\0\0R\345td\354\221\24\0\354\221\24\0\354\221\24\0\10\36\0\0\10\36\0\0\4\0\0\0\1\0\0\0\4\0\0\0\20\0\0\0\1\0\0\0GNU\0\0\0\0\0\2\0\0\0\6\0\0\0\10\0\0\0\363\3\0\0\n\0\0\0\0\2\0\0\16\0\0\0\2400\20D\200 \2\1\214\3\346\220AE\210\0\204\0\10\0A\200\0@\300\200\0\f\2\f\0\0010\0\10@\"\10\246\4\210H6l\240\0260\0&\204\200\216\4\10B$\2\f\246\244\32\6c\310\0\302 \1\300\0R\0!\201\10\4\n  \250\24\0\24(`\0\0P\240\312DB", 512) = 512
11079 15:04:30.489490 fstat64(7, {st_mode=S_IFREG|0755, st_size=1364388, ...}) = 0
11079 15:04:30.489573 mmap2(NULL, 1369712, PROT_READ|PROT_EXEC, MAP_PRIVATE|MAP_DENYWRITE, 7, 0) = 0xb7dc6000
11079 15:04:30.489627 mmap2(0xb7f0f000, 12288, PROT_READ|PROT_WRITE, MAP_PRIVATE|MAP_FIXED|MAP_DENYWRITE, 7, 0x149) = 0xb7f0f000
11079 15:04:30.489698 mmap2(0xb7f12000, 9840, PROT_READ|PROT_WRITE, MAP_PRIVATE|MAP_FIXED|MAP_ANONYMOUS, -1, 0) = 0xb7f12000
11079 15:04:30.489762 close(7)          = 0
11079 15:04:30.489880 mmap2(NULL, 4096, PROT_READ|PROT_WRITE, MAP_PRIVATE|MAP_ANONYMOUS, -1, 0) = 0xb7dc5000
11079 15:04:30.489936 set_thread_area({entry_number:-1 -> 6, base_addr:0xb7dc56b0, limit:1048575, seg_32bit:1, contents:0, read_exec_only:0, limit_in_pages:1, seg_not_present:0, useable:1}) = 0
11079 15:04:30.490121 mprotect(0xb7f0f000, 4096, PROT_READ) = 0
11079 15:04:30.490188 munmap(0xb7f15000, 29913) = 0
11079 15:04:30.490473 brk(0 <unfinished ...>
11078 15:04:30.490518 <... recv resumed> "TYPE I\r\n", 4096, MSG_PEEK) = 8
11078 15:04:30.490584 read(0, "TYPE I\r\n", 8) = 8
11078 15:04:30.490662 write(0, "200 Switching to Binary mode.\r\n", 31) = 31
11078 15:04:30.490993 rt_sigaction(SIGALRM, {0x805cad0, ~[RTMIN RT_1], 0}, NULL, 8) = 0
11078 15:04:30.491068 alarm(300)        = 299
11078 15:04:30.491121 recv(0, "PASV\r\n", 4096, MSG_PEEK) = 6
11078 15:04:30.491172 read(0, "PASV\r\n", 6) = 6
11078 15:04:30.491225 write(5, "\n", 1) = 1
11078 15:04:30.491278 read(5,  <unfinished ...>
11079 15:04:30.491404 <... brk resumed> ) = 0x804f000
11079 15:04:30.491432 brk(0x8070000)    = 0x8070000
11079 15:04:30.491556 write(2, "nohup: ", 7 <unfinished ...>
11076 15:04:30.491596 <... read resumed> "\n", 1) = 1
11076 15:04:30.491633 write(4, "\1", 1) = 1
11078 15:04:30.491680 <... read resumed> "\1", 1) = 1
11078 15:04:30.491712 write(5, "\f", 1) = 1
11078 15:04:30.491755 read(5,  <unfinished ...>
11076 15:04:30.492234 read(4,  <unfinished ...>
11079 15:04:30.492377 <... write resumed> ) = 7
11076 15:04:30.492487 <... read resumed> "\f", 1) = 1
11079 15:04:30.492589 write(2, "missing operand", 15 <unfinished ...>
11076 15:04:30.492664 socket(PF_INET, SOCK_STREAM, IPPROTO_TCP <unfinished ...>
11079 15:04:30.492719 <... write resumed> ) = 15
11079 15:04:30.492772 write(2, "\n", 1 <unfinished ...>
11076 15:04:30.492871 <... socket resumed> ) = 5
11079 15:04:30.492901 <... write resumed> ) = 1
11079 15:04:30.492942 write(2, "Try `nohup --help\' for more information.\n", 41 <unfinished ...>
11076 15:04:30.492992 setsockopt(5, SOL_SOCKET, SO_REUSEADDR, [1], 4) = 0
11076 15:04:30.493050 bind(5, {sa_family=AF_INET, sin_port=htons(45299), sin_addr=inet_addr("127.0.0.1")}, 16 <unfinished ...>
11079 15:04:30.493090 <... write resumed> ) = 41
11076 15:04:30.493121 <... bind resumed> ) = 0
11079 15:04:30.493164 close(1 <unfinished ...>
11076 15:04:30.493194 listen(5, 1)      = 0
11079 15:04:30.493246 <... close resumed> ) = 0
11079 15:04:30.493274 close(2 <unfinished ...>
11076 15:04:30.493350 write(4, "\363\260\0\0", 4 <unfinished ...>
11079 15:04:30.493391 <... close resumed> ) = 0
11076 15:04:30.493419 <... write resumed> ) = 4
11078 15:04:30.493445 <... read resumed> "\363\260\0\0", 4) = 4
11078 15:04:30.493499 write(0, "227 Entering Passive Mode (127,0,0,1,176,243).\r\n", 48) = 48
11078 15:04:30.494007 rt_sigaction(SIGALRM, {0x805cad0, ~[RTMIN RT_1], 0}, NULL, 8) = 0
11078 15:04:30.494082 alarm(300)        = 300
11078 15:04:30.494133 recv(0, "STOR myfile4\r\n", 4096, MSG_PEEK) = 14
11078 15:04:30.494186 read(0, "STOR myfile4\r\n", 14) = 14
11078 15:04:30.494245 write(5, "\v", 1) = 1
11078 15:04:30.494466 read(5,  <unfinished ...>
11079 15:04:30.494514 exit_group(127)   = ?
11076 15:04:30.494567 read(4, "\v", 1)  = 1
11076 15:04:30.494679 write(4, "\1\0\0\0", 4) = 4
11078 15:04:30.494731 <... read resumed> "\1\0\0\0", 4) = 4
11078 15:04:30.494766 gettimeofday({1495652670, 494782}, NULL) = 0
11078 15:04:30.494813 getcwd("/home/msfadmin", 4096) = 15
11078 15:04:30.494866 open("myfile4", O_WRONLY|O_CREAT|O_NONBLOCK|O_LARGEFILE, 0666) = 4
11078 15:04:30.494894 fstat64(4, {st_mode=S_IFREG|0644, st_size=17, ...}) = 0
11078 15:04:30.494913 fcntl64(4, F_GETFL) = 0x8801 (flags O_WRONLY|O_NONBLOCK|O_LARGEFILE)
11078 15:04:30.494962 fcntl64(4, F_SETFL, O_WRONLY|O_LARGEFILE) = 0
11078 15:04:30.495005 fcntl64(4, F_SETLKW64, {type=F_WRLCK, whence=SEEK_SET, start=0, len=0}, 0xbfb1ed04) = 0
11078 15:04:30.495104 ftruncate64(4, 0) = 0
11078 15:04:30.495186 _llseek(4, 0, [0], SEEK_SET) = 0
11078 15:04:30.495235 write(5, "\v", 1) = 1
11078 15:04:30.495281 read(5,  <unfinished ...>
11076 15:04:30.495313 read(4, "\v", 1)  = 1
11076 15:04:30.495362 write(4, "\1\0\0\0", 4) = 4
11078 15:04:30.495409 <... read resumed> "\1\0\0\0", 4) = 4
11078 15:04:30.495441 write(5, "\v", 1) = 1
11078 15:04:30.495483 read(5,  <unfinished ...>
11076 15:04:30.495512 read(4, "\v", 1)  = 1
11076 15:04:30.495596 write(4, "\1\0\0\0", 4) = 4
11078 15:04:30.495657 <... read resumed> "\1\0\0\0", 4) = 4
11078 15:04:30.495692 write(5, "\r", 1) = 1
11078 15:04:30.495734 read(5,  <unfinished ...>
11076 15:04:30.495777 read(4, "\r", 1)  = 1
11076 15:04:30.495832 select(6, [5], NULL, NULL, {60, 0}) = 1 (in [5], left {60, 0})
