12828 15:22:42.419048 recvmsg(5,  <unfinished ...>
12826 15:22:42.419067 sendmsg(4, {msg_name(0)=NULL, msg_iov(1)=[{"\0", 1}], msg_controllen=16, {cmsg_len=16, cmsg_level=SOL_SOCKET, cmsg_type=SCM_RIGHTS, {6}}, msg_flags=0}, 0) = 1
12828 15:22:42.419102 <... recvmsg resumed> {msg_name(0)=NULL, msg_iov(1)=[{"\0", 1}], msg_controllen=16, {cmsg_len=16, cmsg_level=SOL_SOCKET, cmsg_type=SCM_RIGHTS, {6}}, msg_flags=0}, 0) = 1
12828 15:22:42.419130 setsockopt(6, SOL_SOCKET, SO_KEEPALIVE, [1], 4) = 0
12828 15:22:42.419155 setsockopt(6, SOL_IP, IP_TOS, [8], 4) = 0
12828 15:22:42.419179 setsockopt(6, SOL_SOCKET, SO_LINGER, {onoff=1, linger=32767}, 8) = 0
12828 15:22:42.419201 rt_sigaction(SIGALRM, {0x805cad0, ~[RTMIN RT_1], 0}, NULL, 8) = 0
12828 15:22:42.419228 alarm(300)        = 300
12828 15:22:42.419254 write(0, "150 Ok to send data.\r\n", 22) = 22
12828 15:22:42.419433 mmap2(NULL, 77824, PROT_READ|PROT_WRITE, MAP_PRIVATE|MAP_ANONYMOUS, -1, 0) = 0xb7ddd000
12828 15:22:42.419463 mprotect(0xb7def000, 4096, PROT_NONE) = 0
12828 15:22:42.419488 mprotect(0xb7ddd000, 4096, PROT_NONE) = 0
12828 15:22:42.419508 read(6, "assasaaa\na\na\na\na\n", 65536) = 17
12828 15:22:42.419564 write(4, "assasaaa\na\na\na\na\n", 17) = 17
12828 15:22:42.419604 read(6, "", 65536) = 0
12828 15:22:42.419626 rt_sigaction(SIGALRM, {0x805cad0, ~[RTMIN RT_1], 0}, NULL, 8) = 0
12828 15:22:42.419654 alarm(300)        = 300
12828 15:22:42.419674 close(6)          = 0
12828 15:22:42.419692 alarm(0)          = 300
12828 15:22:42.419711 gettimeofday({1495653762, 419719}, NULL) = 0
12828 15:22:42.419749 getpid()          = 12828
12828 15:22:42.419774 gettimeofday({1495653762, 419782}, NULL) = 0
12828 15:22:42.419815 fcntl64(3, F_SETLKW64, {type=F_WRLCK, whence=SEEK_SET, start=0, len=0}, 0xbff3e8c4) = 0
12828 15:22:42.419847 write(3, "Wed May 24 15:22:42 2017 [pid 12828] [msfadmin] OK UPLOAD: Client \"127.0.0.1\", \"/home/msfadmin/myfile35\", 17 bytes, 11.82Kbyte/sec\n", 131) = 131
12828 15:22:42.419889 fcntl64(3, F_SETLK64, {type=F_UNLCK, whence=SEEK_SET, start=0, len=0}, 0xbff3e8cc) = 0
12828 15:22:42.419940 write(0, "226 Transfer complete.\r\n", 24) = 24
12828 15:22:42.420031 write(5, "\n", 1) = 1
12828 15:22:42.420056 read(5,  <unfinished ...>
12826 15:22:42.420071 close(6)          = 0
12826 15:22:42.420108 read(4, "\n", 1)  = 1
12826 15:22:42.420132 close(5)          = 0
12826 15:22:42.420155 write(4, "\1", 1) = 1
12828 15:22:42.420177 <... read resumed> "\1", 1) = 1
12828 15:22:42.420191 close(4)          = 0
12828 15:22:42.420213 rt_sigaction(SIGALRM, {0x805cad0, ~[RTMIN RT_1], 0}, NULL, 8) = 0
12828 15:22:42.420240 alarm(300)        = 0
12828 15:22:42.420263 recv(0,  <unfinished ...>
12826 15:22:42.420279 read(4,  <unfinished ...>
12828 15:22:42.927231 <... recv resumed> "TYPE I\r\n", 4096, MSG_PEEK) = 8
12828 15:22:42.927427 read(0, "TYPE I\r\n", 8) = 8
12828 15:22:42.927563 write(0, "200 Switching to Binary mode.\r\n", 31) = 31
12828 15:22:42.927822 rt_sigaction(SIGALRM, {0x805cad0, ~[RTMIN RT_1], 0}, NULL, 8) = 0
12828 15:22:42.927899 alarm(300)        = 299
12828 15:22:42.927951 recv(0, "PASV\r\n", 4096, MSG_PEEK) = 6
12828 15:22:42.928001 read(0, "PASV\r\n", 6) = 6
12828 15:22:42.928054 write(5, "\n", 1) = 1
12828 15:22:42.928105 read(5,  <unfinished ...>
12826 15:22:42.928137 <... read resumed> "\n", 1) = 1
12826 15:22:42.928173 write(4, "\1", 1) = 1
12828 15:22:42.928218 <... read resumed> "\1", 1) = 1
12828 15:22:42.928250 write(5, "\f", 1) = 1
12828 15:22:42.928293 read(5,  <unfinished ...>
12826 15:22:42.928322 read(4, "\f", 1)  = 1
12826 15:22:42.928373 socket(PF_INET, SOCK_STREAM, IPPROTO_TCP) = 5
12826 15:22:42.928435 setsockopt(5, SOL_SOCKET, SO_REUSEADDR, [1], 4) = 0
12826 15:22:42.928493 bind(5, {sa_family=AF_INET, sin_port=htons(61935), sin_addr=inet_addr("127.0.0.1")}, 16) = 0
12826 15:22:42.928558 listen(5, 1)      = 0
12826 15:22:42.928667 write(4, "\357\361\0\0", 4) = 4
12828 15:22:42.928732 <... read resumed> "\357\361\0\0", 4) = 4
12828 15:22:42.928787 write(0, "227 Entering Passive Mode (127,0,0,1,241,239).\r\n", 48) = 48
12828 15:22:42.929203 rt_sigaction(SIGALRM, {0x805cad0, ~[RTMIN RT_1], 0}, NULL, 8) = 0
12828 15:22:42.929276 alarm(300)        = 300
12828 15:22:42.929326 recv(0, "STOR myfile36\r\n", 4096, MSG_PEEK) = 15
12828 15:22:42.929378 read(0, "STOR myfile36\r\n", 15) = 15
12828 15:22:42.929437 write(5, "\v", 1) = 1
12828 15:22:42.929482 read(5,  <unfinished ...>
12826 15:22:42.929513 read(4, "\v", 1)  = 1
12826 15:22:42.929561 write(4, "\1\0\0\0", 4) = 4
12828 15:22:42.929671 <... read resumed> "\1\0\0\0", 4) = 4
12828 15:22:42.929709 gettimeofday({1495653762, 929725}, NULL) = 0
12828 15:22:42.929756 getcwd("/home/msfadmin", 4096) = 15
12828 15:22:42.929810 open("myfile36", O_WRONLY|O_CREAT|O_NONBLOCK|O_LARGEFILE, 0666) = 4
12828 15:22:42.929869 fstat64(4, {st_mode=S_IFREG|0644, st_size=17, ...}) = 0
12828 15:22:42.929944 fcntl64(4, F_GETFL) = 0x8801 (flags O_WRONLY|O_NONBLOCK|O_LARGEFILE)
12828 15:22:42.929992 fcntl64(4, F_SETFL, O_WRONLY|O_LARGEFILE) = 0
12828 15:22:42.930035 fcntl64(4, F_SETLKW64, {type=F_WRLCK, whence=SEEK_SET, start=0, len=0}, 0xbff3e924) = 0
12828 15:22:42.930094 ftruncate64(4, 0) = 0
12828 15:22:42.930162 _llseek(4, 0, [0], SEEK_SET) = 0
12828 15:22:42.930336 write(5, "\v", 1) = 1
12828 15:22:42.930383 read(5,  <unfinished ...>
12826 15:22:42.930415 read(4, "\v", 1)  = 1
12826 15:22:42.930464 write(4, "\1\0\0\0", 4) = 4
12828 15:22:42.930511 <... read resumed> "\1\0\0\0", 4) = 4
12828 15:22:42.930599 write(5, "\v", 1) = 1
12828 15:22:42.930645 read(5,  <unfinished ...>
12826 15:22:42.930675 read(4, "\v", 1)  = 1
12826 15:22:42.930722 write(4, "\1\0\0\0", 4) = 4
12828 15:22:42.930766 <... read resumed> "\1\0\0\0", 4) = 4
12828 15:22:42.930798 write(5, "\r", 1) = 1
12828 15:22:42.930840 read(5,  <unfinished ...>
12826 15:22:42.930868 read(4, "\r", 1)  = 1
12826 15:22:42.930918 select(6, [5], NULL, NULL, {60, 0}) = 1 (in [5], left {60, 0})
12826 15:22:42.930986 accept(5, {sa_family=AF_INET, sin_port=htons(41675), sin_addr=inet_addr("127.0.0.1")}, [16]) = 6
12826 15:22:42.931081 write(4, "\1", 1) = 1
12828 15:22:42.931126 <... read resumed> "\1", 1) = 1
12828 15:22:42.931162 recvmsg(5,  <unfinished ...>
12826 15:22:42.931198 sendmsg(4, {msg_name(0)=NULL, msg_iov(1)=[{"\0", 1}], msg_controllen=16, {cmsg_len=16, cmsg_level=SOL_SOCKET, cmsg_type=SCM_RIGHTS, {6}}, msg_flags=0}, 0) = 1
12828 15:22:42.931271 <... recvmsg resumed> {msg_name(0)=NULL, msg_iov(1)=[{"\0", 1}], msg_controllen=16, {cmsg_len=16, cmsg_level=SOL_SOCKET, cmsg_type=SCM_RIGHTS, {6}}, msg_flags=0}, 0) = 1
12828 15:22:42.931329 setsockopt(6, SOL_SOCKET, SO_KEEPALIVE, [1], 4) = 0
12828 15:22:42.931382 setsockopt(6, SOL_IP, IP_TOS, [8], 4) = 0
12828 15:22:42.931432 setsockopt(6, SOL_SOCKET, SO_LINGER, {onoff=1, linger=32767}, 8) = 0
12828 15:22:42.931549 rt_sigaction(SIGALRM, {0x805cad0, ~[RTMIN RT_1], 0}, NULL, 8) = 0
12828 15:22:42.931653 alarm(300)        = 300
12828 15:22:42.931731 write(0, "150 Ok to send data.\r\n", 22) = 22
12828 15:22:42.932046 read(6, "assasaaa\na\na\na\na\n", 65536) = 17
12828 15:22:42.932137 write(4, "assasaaa\na\na\na\na\n", 17) = 17
12828 15:22:42.932241 read(6, "", 65536) = 0
12828 15:22:42.932317 rt_sigaction(SIGALRM, {0x805cad0, ~[RTMIN RT_1], 0}, NULL, 8) = 0
12828 15:22:42.932414 alarm(300)        = 300
12828 15:22:42.932546 close(6)          = 0
12828 15:22:42.932593 alarm(0)          = 300
12828 15:22:42.932653 gettimeofday({1495653762, 932681}, NULL) = 0
12828 15:22:42.932753 gettimeofday({1495653762, 932773}, NULL) = 0
12828 15:22:42.932813 fcntl64(3, F_SETLKW64, {type=F_WRLCK, whence=SEEK_SET, start=0, len=0}, 0xbff3e8c4) = 0
12828 15:22:42.932878 write(3, "Wed May 24 15:22:42 2017 [pid 12828] [msfadmin] OK UPLOAD: Client \"127.0.0.1\", \"/home/msfadmin/myfile36\", 17 bytes, 5.45Kbyte/sec\n", 130) = 130
12828 15:22:42.932966 fcntl64(3, F_SETLK64, {type=F_UNLCK, whence=SEEK_SET, start=0, len=0}, 0xbff3e8cc) = 0
12828 15:22:42.933029 write(0, "226 Transfer complete.\r\n", 24) = 24
12828 15:22:42.933220 write(5, "\n", 1) = 1
12828 15:22:42.933273 read(5,  <unfinished ...>
12826 15:22:42.933305 close(6)          = 0
12826 15:22:42.933381 read(4, "\n", 1)  = 1
12826 15:22:42.935154 close(5)          = 0
12826 15:22:42.935229 write(4, "\1", 1 <unfinished ...>
12828 15:22:42.935271 <... read resumed> "\1", 1) = 1
12826 15:22:42.935293 <... write resumed> ) = 1
12828 15:22:42.935319 close(4)          = 0
12828 15:22:42.935367 rt_sigaction(SIGALRM, {0x805cad0, ~[RTMIN RT_1], 0}, NULL, 8) = 0
12828 15:22:42.935378 alarm(300)        = 0
12828 15:22:42.935402 recv(0,  <unfinished ...>
12826 15:22:42.935438 read(4,  <unfinished ...>
12823 15:22:43.405455 <... read resumed> "\n", 1) = 1
12823 15:22:43.405565 stat64(".", {st_mode=S_IFDIR|0755, st_size=4096, ...}) = 0
12823 15:22:43.405623 stat64("/sbin/nohup", 0xbfb8acc8) = -1 ENOENT (No such file or directory)
12823 15:22:43.405657 stat64("/bin/nohup", 0xbfb8acc8) = -1 ENOENT (No such file or directory)
12823 15:22:43.405687 stat64("/usr/sbin/nohup", 0xbfb8acc8) = -1 ENOENT (No such file or directory)
12823 15:22:43.405717 stat64("/usr/bin/nohup", {st_mode=S_IFREG|0755, st_size=26336, ...}) = 0
12823 15:22:43.405764 stat64("/usr/bin/nohup", {st_mode=S_IFREG|0755, st_size=26336, ...}) = 0
12823 15:22:43.405826 rt_sigprocmask(SIG_BLOCK, [INT CHLD], [], 8) = 0
12823 15:22:43.405864 clone(child_stack=0, flags=CLONE_CHILD_CLEARTID|CLONE_CHILD_SETTID|SIGCHLD, child_tidptr=0xb7da36f8) = 12829
12829 15:22:43.405995 rt_sigprocmask(SIG_SETMASK, [], NULL, 8) = 0
12829 15:22:43.406072 rt_sigaction(SIGTSTP, {SIG_DFL}, {SIG_DFL}, 8) = 0
12829 15:22:43.406108 rt_sigaction(SIGTTIN, {SIG_DFL}, {SIG_DFL}, 8) = 0
12829 15:22:43.406139 rt_sigaction(SIGTTOU, {SIG_DFL}, {SIG_DFL}, 8) = 0
12829 15:22:43.406178 rt_sigaction(SIGINT, {SIG_DFL}, {SIG_DFL}, 8) = 0
12829 15:22:43.406218 rt_sigaction(SIGQUIT, {SIG_DFL}, {SIG_IGN}, 8) = 0
12829 15:22:43.406251 rt_sigaction(SIGCHLD, {SIG_DFL}, {0x807e540, [], 0}, 8) = 0
12829 15:22:43.406331 open("/dev/null", O_WRONLY|O_CREAT|O_TRUNC|O_LARGEFILE, 0666) = 7
12829 15:22:43.406412 dup2(7, 1)        = 1
12829 15:22:43.406448 close(7)          = 0
12829 15:22:43.406473 dup2(1, 2)        = 2
12829 15:22:43.406496 fcntl64(1, F_GETFD) = 0
12829 15:22:43.406528 execve("/usr/bin/nohup", ["nohup"], [/* 16 vars */]) = 0
12829 15:22:43.406708 brk(0)            = 0x804f000
12829 15:22:43.406754 access("/etc/ld.so.nohwcap", F_OK) = -1 ENOENT (No such file or directory)
12829 15:22:43.406794 mmap2(NULL, 8192, PROT_READ|PROT_WRITE, MAP_PRIVATE|MAP_ANONYMOUS, -1, 0) = 0xb7fc8000
12829 15:22:43.406829 access("/etc/ld.so.preload", R_OK) = -1 ENOENT (No such file or directory)
12829 15:22:43.406867 open("/etc/ld.so.cache", O_RDONLY) = 7
12829 15:22:43.406899 fstat64(7, {st_mode=S_IFREG|0644, st_size=29913, ...}) = 0
12829 15:22:43.406943 mmap2(NULL, 29913, PROT_READ, MAP_PRIVATE, 7, 0) = 0xb7fc0000
12829 15:22:43.407134 close(7)          = 0
12829 15:22:43.407165 access("/etc/ld.so.nohwcap", F_OK) = -1 ENOENT (No such file or directory)
12829 15:22:43.407205 open("/lib/tls/i686/cmov/libc.so.6", O_RDONLY) = 7
12829 15:22:43.407242 read(7, "\177ELF\1\1\1\0\0\0\0\0\0\0\0\0\3\0\3\0\1\0\0\0\260e\1\0004\0\0\0\4\307\24\0\0\0\0\0004\0 \0\n\0(\0D\0C\0\6\0\0\0004\0\0\0004\0\0\0004\0\0\0@\1\0\0@\1\0\0\5\0\0\0\4\0\0\0\3\0\0\0\2200\23\0\2200\23\0\2200\23\0\23\0\0\0\23\0\0\0\4\0\0\0\1\0\0\0\1\0\0\0\0\0\0\0\0\0\0\0\0\0\0\0(\215\24\0(\215\24\0\5\0\0\0\0\20\0\0\1\0\0\0\354\221\24\0\354\221\24\0\354\221\24\0\260\'\0\0\204T\0\0\6\0\0\0\0\20\0\0\2\0\0\0\234\255\24\0\234\255\24\0\234\255\24\0\360\0\0\0\360\0\0\0\6\0\0\0\4\0\0\0\4\0\0\0t\1\0\0t\1\0\0t\1\0\0 \0\0\0 \0\0\0\4\0\0\0\4\0\0\0\7\0\0\0\354\221\24\0\354\221\24\0\354\221\24\0\10\0\0\0,\0\0\0\4\0\0\0\4\0\0\0P\345td\2440\23\0\2440\23\0\2440\23\0\354+\0\0\354+\0\0\4\0\0\0\4\0\0\0Q\345td\0\0\0\0\0\0\0\0\0\0\0\0\0\0\0\0\0\0\0\0\6\0\0\0\4\0\0\0R\345td\354\221\24\0\354\221\24\0\354\221\24\0\10\36\0\0\10\36\0\0\4\0\0\0\1\0\0\0\4\0\0\0\20\0\0\0\1\0\0\0GNU\0\0\0\0\0\2\0\0\0\6\0\0\0\10\0\0\0\363\3\0\0\n\0\0\0\0\2\0\0\16\0\0\0\2400\20D\200 \2\1\214\3\346\220AE\210\0\204\0\10\0A\200\0@\300\200\0\f\2\f\0\0010\0\10@\"\10\246\4\210H6l\240\0260\0&\204\200\216\4\10B$\2\f\246\244\32\6c\310\0\302 \1\300\0R\0!\201\10\4\n  \250\24\0\24(`\0\0P\240\312DB", 512) = 512
12829 15:22:43.407484 fstat64(7, {st_mode=S_IFREG|0755, st_size=1364388, ...}) = 0
12829 15:22:43.407532 mmap2(NULL, 1369712, PROT_READ|PROT_EXEC, MAP_PRIVATE|MAP_DENYWRITE, 7, 0) = 0xb7e71000
12829 15:22:43.407563 mmap2(0xb7fba000, 12288, PROT_READ|PROT_WRITE, MAP_PRIVATE|MAP_FIXED|MAP_DENYWRITE, 7, 0x149) = 0xb7fba000
12829 15:22:43.407602 mmap2(0xb7fbd000, 9840, PROT_READ|PROT_WRITE, MAP_PRIVATE|MAP_FIXED|MAP_ANONYMOUS, -1, 0) = 0xb7fbd000
12829 15:22:43.407638 close(7)          = 0
12829 15:22:43.407678 mmap2(NULL, 4096, PROT_READ|PROT_WRITE, MAP_PRIVATE|MAP_ANONYMOUS, -1, 0) = 0xb7e70000
12829 15:22:43.407708 set_thread_area({entry_number:-1 -> 6, base_addr:0xb7e706b0, limit:1048575, seg_32bit:1, contents:0, read_exec_only:0, limit_in_pages:1, seg_not_present:0, useable:1}) = 0
12829 15:22:43.407816 mprotect(0xb7fba000, 4096, PROT_READ) = 0
12829 15:22:43.407853 munmap(0xb7fc0000, 29913) = 0
12829 15:22:43.407976 brk(0)            = 0x804f000
12829 15:22:43.408002 brk(0x8070000)    = 0x8070000
12829 15:22:43.408097 write(2, "nohup: ", 7) = 7
12829 15:22:43.408136 write(2, "missing operand", 15) = 15
12829 15:22:43.408164 write(2, "\n", 1) = 1
12829 15:22:43.408195 write(2, "Try `nohup --help\' for more information.\n", 41) = 41
12829 15:22:43.408235 close(1)          = 0
12829 15:22:43.408260 close(2)          = 0
12829 15:22:43.408288 exit_group(127)   = ?
12823 15:22:43.408370 rt_sigprocmask(SIG_SETMASK, [], NULL, 8) = 0
12823 15:22:43.408403 --- SIGCHLD (Child exited) @ 0 (0) ---
12823 15:22:43.408424 waitpid(-1, [{WIFEXITED(s) && WEXITSTATUS(s) == 127}], WNOHANG) = 12829
12823 15:22:43.408458 waitpid(-1, 0xbfb8a948, WNOHANG) = 0
12823 15:22:43.408481 sigreturn()       = ? (mask now [])
12823 15:22:43.408535 rt_sigprocmask(SIG_BLOCK, [CHLD], [], 8) = 0
12823 15:22:43.408573 rt_sigprocmask(SIG_SETMASK, [], NULL, 8) = 0
12823 15:22:43.408601 rt_sigprocmask(SIG_BLOCK, [CHLD], [], 8) = 0
12823 15:22:43.408632 rt_sigaction(SIGINT, {0x807f150, [], 0}, {SIG_DFL}, 8) = 0
12823 15:22:43.408672 rt_sigprocmask(SIG_SETMASK, [], NULL, 8) = 0
12823 15:22:43.408700 rt_sigaction(SIGINT, {SIG_DFL}, {0x807f150, [], 0}, 8) = 0
12823 15:22:43.408739 rt_sigprocmask(SIG_BLOCK, NULL, [], 8) = 0
12823 15:22:43.408771 read(0, "e", 1)   = 1
12823 15:22:43.408802 read(0, "c", 1)   = 1
12823 15:22:43.408826 read(0, "h", 1)   = 1
12823 15:22:43.408851 read(0, "o", 1)   = 1
12823 15:22:43.408875 read(0, " ", 1)   = 1
12823 15:22:43.408900 read(0, "d", 1)   = 1
12823 15:22:43.408924 read(0, "o", 1)   = 1
12823 15:22:43.408948 read(0, "W", 1)   = 1
12823 15:22:43.408973 read(0, "6", 1)   = 1
12823 15:22:43.408998 read(0, "u", 1)   = 1
12823 15:22:43.409079 read(0, "J", 1)   = 1
12823 15:22:43.409110 read(0, "i", 1)   = 1
12823 15:22:43.409134 read(0, "x", 1)   = 1
12823 15:22:43.409159 read(0, "1", 1)   = 1
12823 15:22:43.409183 read(0, "t", 1)   = 1
12823 15:22:43.409208 read(0, "d", 1)   = 1
12823 15:22:43.409233 read(0, "r", 1)   = 1
12823 15:22:43.409257 read(0, "q", 1)   = 1
12823 15:22:43.409284 read(0, "Y", 1)   = 1
12823 15:22:43.409317 read(0, "K", 1)   = 1
12823 15:22:43.409349 read(0, "R", 1)   = 1
12823 15:22:43.409382 read(0, "\n", 1)  = 1
12823 15:22:43.409487 write(1, "doW6uJix1tdrqYKR\n", 17) = 17
12823 15:22:43.409715 rt_sigprocmask(SIG_BLOCK, NULL, [], 8) = 0
12823 15:22:43.409772 read(0,  <unfinished ...>
12828 15:22:43.475586 <... recv resumed> "TYPE I\r\n", 4096, MSG_PEEK) = 8
12828 15:22:43.475921 read(0, "TYPE I\r\n", 8) = 8
12828 15:22:43.476059 write(0, "200 Switching to Binary mode.\r\n", 31) = 31
12828 15:22:43.476256 rt_sigaction(SIGALRM, {0x805cad0, ~[RTMIN RT_1], 0}, NULL, 8) = 0
12828 15:22:43.476329 alarm(300)        = 299
12828 15:22:43.476381 recv(0, "PASV\r\n", 4096, MSG_PEEK) = 6
12828 15:22:43.476431 read(0, "PASV\r\n", 6) = 6
12828 15:22:43.476483 write(5, "\n", 1 <unfinished ...>
12826 15:22:43.476524 <... read resumed> "\n", 1) = 1
12828 15:22:43.476546 <... write resumed> ) = 1
12826 15:22:43.476575 write(4, "\1", 1) = 1
12826 15:22:43.476621 read(4,  <unfinished ...>
12828 15:22:43.476651 read(5, "\1", 1)  = 1
12828 15:22:43.476699 write(5, "\f", 1 <unfinished ...>
12826 15:22:43.476729 <... read resumed> "\f", 1) = 1
12828 15:22:43.476750 <... write resumed> ) = 1
12826 15:22:43.476780 socket(PF_INET, SOCK_STREAM, IPPROTO_TCP) = 5
12826 15:22:43.476838 setsockopt(5, SOL_SOCKET, SO_REUSEADDR, [1], 4) = 0
12826 15:22:43.476896 bind(5, {sa_family=AF_INET, sin_port=htons(15437), sin_addr=inet_addr("127.0.0.1")}, 16) = 0
12826 15:22:43.477022 listen(5, 1)      = 0
12826 15:22:43.477078 write(4, "M<\0\0", 4) = 4
12826 15:22:43.477126 read(4,  <unfinished ...>
12828 15:22:43.477157 read(5, "M<\0\0", 4) = 4
12828 15:22:43.477225 write(0, "227 Entering Passive Mode (127,0,0,1,60,77).\r\n", 46) = 46
12828 15:22:43.477632 rt_sigaction(SIGALRM, {0x805cad0, ~[RTMIN RT_1], 0}, NULL, 8) = 0
12828 15:22:43.477705 alarm(300)        = 300
12828 15:22:43.477754 recv(0, "STOR myfile37\r\n", 4096, MSG_PEEK) = 15
12828 15:22:43.477807 read(0, "STOR myfile37\r\n", 15) = 15
12828 15:22:43.477865 write(5, "\v", 1 <unfinished ...>
12826 15:22:43.477973 <... read resumed> "\v", 1) = 1
12828 15:22:43.477994 <... write resumed> ) = 1
12826 15:22:43.478022 write(4, "\1\0\0\0", 4) = 4
12826 15:22:43.478070 read(4,  <unfinished ...>
12828 15:22:43.478100 read(5, "\1\0\0\0", 4) = 4
12828 15:22:43.478149 gettimeofday({1495653763, 478165}, NULL) = 0
12828 15:22:43.478197 getcwd("/home/msfadmin", 4096) = 15
12828 15:22:43.478250 open("myfile37", O_WRONLY|O_CREAT|O_NONBLOCK|O_LARGEFILE, 0666) = 4
12828 15:22:43.478308 fstat64(4, {st_mode=S_IFREG|0644, st_size=17, ...}) = 0
12828 15:22:43.478382 fcntl64(4, F_GETFL) = 0x8801 (flags O_WRONLY|O_NONBLOCK|O_LARGEFILE)
12828 15:22:43.478431 fcntl64(4, F_SETFL, O_WRONLY|O_LARGEFILE) = 0
12828 15:22:43.478474 fcntl64(4, F_SETLKW64, {type=F_WRLCK, whence=SEEK_SET, start=0, len=0}, 0xbff3e924) = 0
12828 15:22:43.478531 ftruncate64(4, 0) = 0
12828 15:22:43.478601 _llseek(4, 0, [0], SEEK_SET) = 0
12828 15:22:43.478649 write(5, "\v", 1 <unfinished ...>
12826 15:22:43.478681 <... read resumed> "\v", 1) = 1
12828 15:22:43.478702 <... write resumed> ) = 1
12826 15:22:43.478728 write(4, "\1\0\0\0", 4) = 4
12826 15:22:43.478775 read(4,  <unfinished ...>
12828 15:22:43.478804 read(5, "\1\0\0\0", 4) = 4
12828 15:22:43.478909 write(5, "\v", 1 <unfinished ...>
12826 15:22:43.478967 <... read resumed> "\v", 1) = 1
12828 15:22:43.479001 <... write resumed> ) = 1
12826 15:22:43.479041 write(4, "\1\0\0\0", 4) = 4
12826 15:22:43.479170 read(4,  <unfinished ...>
12828 15:22:43.479205 read(5, "\1\0\0\0", 4) = 4
12828 15:22:43.479255 write(5, "\r", 1 <unfinished ...>
12826 15:22:43.479286 <... read resumed> "\r", 1) = 1
12828 15:22:43.479327 <... write resumed> ) = 1
12826 15:22:43.479358 select(6, [5], NULL, NULL, {60, 0}) = 1 (in [5], left {60, 0})
12826 15:22:43.479427 accept(5, {sa_family=AF_INET, sin_port=htons(52970), sin_addr=inet_addr("127.0.0.1")}, [16]) = 6
12826 15:22:43.479522 write(4, "\1", 1) = 1
12826 15:22:43.479574 sendmsg(4, {msg_name(0)=NULL, msg_iov(1)=[{"\0", 1}], msg_controllen=16, {cmsg_len=16, cmsg_level=SOL_SOCKET, cmsg_type=SCM_RIGHTS, {6}}, msg_flags=0}, 0) = 1
12826 15:22:43.479645 close(6)          = 0
12826 15:22:43.479687 read(4,  <unfinished ...>
12828 15:22:43.479717 read(5, "\1", 1)  = 1
12828 15:22:43.479772 recvmsg(5, {msg_name(0)=NULL, msg_iov(1)=[{"\0", 1}], msg_controllen=16, {cmsg_len=16, cmsg_level=SOL_SOCKET, cmsg_type=SCM_RIGHTS, {6}}, msg_flags=0}, 0) = 1
12828 15:22:43.485006 setsockopt(6, SOL_SOCKET, SO_KEEPALIVE, [1], 4) = 0
12828 15:22:43.485072 setsockopt(6, SOL_IP, IP_TOS, [8], 4) = 0
12828 15:22:43.485124 setsockopt(6, SOL_SOCKET, SO_LINGER, {onoff=1, linger=32767}, 8) = 0
12828 15:22:43.485173 rt_sigaction(SIGALRM, {0x805cad0, ~[RTMIN RT_1], 0}, NULL, 8) = 0
12828 15:22:43.485235 alarm(300)        = 300
12828 15:22:43.485293 write(0, "150 Ok to send data.\r\n", 22) = 22
12828 15:22:43.485422 read(6, "assasaaa\na\na\na\na\n", 65536) = 17
12828 15:22:43.485492 write(4, "assasaaa\na\na\na\na\n", 17) = 17
12828 15:22:43.485562 read(6, "", 65536) = 0
12828 15:22:43.485608 rt_sigaction(SIGALRM, {0x805cad0, ~[RTMIN RT_1], 0}, NULL, 8) = 0
12828 15:22:43.485698 alarm(300)        = 300
12828 15:22:43.485769 close(6)          = 0
12828 15:22:43.485854 alarm(0)          = 300
12828 15:22:43.485898 gettimeofday({1495653763, 485913}, NULL) = 0
12828 15:22:43.485964 gettimeofday({1495653763, 485981}, NULL) = 0
12828 15:22:43.486019 fcntl64(3, F_SETLKW64, {type=F_WRLCK, whence=SEEK_SET, start=0, len=0}, 0xbff3e8c4) = 0
12828 15:22:43.486084 write(3, "Wed May 24 15:22:43 2017 [pid 12828] [msfadmin] OK UPLOAD: Client \"127.0.0.1\", \"/home/msfadmin/myfile37\", 17 bytes, 2.12Kbyte/sec\n", 130) = 130
12828 15:22:43.486174 fcntl64(3, F_SETLK64, {type=F_UNLCK, whence=SEEK_SET, start=0, len=0}, 0xbff3e8cc) = 0
12828 15:22:43.486237 write(0, "226 Transfer complete.\r\n", 24) = 24
12828 15:22:43.486472 write(5, "\n", 1 <unfinished ...>
12826 15:22:43.486518 <... read resumed> "\n", 1) = 1
12828 15:22:43.486540 <... write resumed> ) = 1
12826 15:22:43.486571 close(5 <unfinished ...>
12828 15:22:43.486590 read(5,  <unfinished ...>
12826 15:22:43.486625 <... close resumed> ) = 0
12826 15:22:43.486653 write(4, "\1", 1 <unfinished ...>
