16869 16:08:13.050011 setregid32(-1, 0) = 0
16869 16:08:13.050011 setgid32(1000)    = 0
16869 16:08:13.050011 setuid32(1000)    = 0
16869 16:08:13.050011 setrlimit(RLIMIT_NPROC, {rlim_cur=0, rlim_max=0}) = 0
16869 16:08:13.050011 mmap2(NULL, 12288, PROT_READ|PROT_WRITE, MAP_PRIVATE|MAP_ANONYMOUS, -1, 0) = 0xb7fa2000
16869 16:08:13.050011 mprotect(0xb7fa4000, 4096, PROT_NONE) = 0
16869 16:08:13.050011 mprotect(0xb7fa2000, 4096, PROT_NONE) = 0
16869 16:08:13.050011 getcwd("/home/msfadmin", 4096) = 15
16869 16:08:13.050011 umask(022)        = 077
16869 16:08:13.050011 getcwd("/home/msfadmin", 4096) = 15
16869 16:08:13.050011 open(".message", O_RDONLY|O_NONBLOCK|O_LARGEFILE) = -1 ENOENT (No such file or directory)
16869 16:08:13.050011 write(0, "230 Login successful.\r\n", 23) = 23
16869 16:08:13.050011 rt_sigaction(SIGALRM, {0x805cad0, ~[RTMIN RT_1], 0}, NULL, 8) = 0
16869 16:08:13.050011 alarm(300)        = 0
16869 16:08:13.050011 mmap2(NULL, 12288, PROT_READ|PROT_WRITE, MAP_PRIVATE|MAP_ANONYMOUS, -1, 0) = 0xb7f9f000
16869 16:08:13.050011 mprotect(0xb7fa1000, 4096, PROT_NONE) = 0
16869 16:08:13.050011 mprotect(0xb7f9f000, 4096, PROT_NONE) = 0
16869 16:08:13.050011 recv(0, "TYPE I\r\n", 4096, MSG_PEEK) = 8
16869 16:08:13.050011 read(0, "TYPE I\r\n", 8) = 8
16869 16:08:13.050011 write(0, "200 Switching to Binary mode.\r\n", 31) = 31
16869 16:08:13.050011 rt_sigaction(SIGALRM, {0x805cad0, ~[RTMIN RT_1], 0}, NULL, 8) = 0
16869 16:08:13.050011 alarm(300)        = 300
16869 16:08:13.050011 recv(0, "PASV\r\n", 4096, MSG_PEEK) = 6
16869 16:08:13.050011 read(0, "PASV\r\n", 6) = 6
16869 16:08:13.050011 write(5, "\n", 1) = 1
16869 16:08:13.050011 read(5,  <unfinished ...>
16867 16:08:13.050011 close(5)          = 0
16867 16:08:13.050011 getuid32()        = 0
16867 16:08:13.050011 open("/etc/passwd", O_RDONLY|0x80000 /* O_??? */) = 5
16867 16:08:13.050011 _llseek(5, 0, [0], SEEK_CUR) = 0
16867 16:08:13.050011 fstat64(5, {st_mode=S_IFREG|0644, st_size=1624, ...}) = 0
16867 16:08:13.050011 mmap2(NULL, 1624, PROT_READ, MAP_SHARED, 5, 0) = 0xb7fa4000
16867 16:08:13.050011 _llseek(5, 1624, [1624], SEEK_SET) = 0
16867 16:08:13.050011 munmap(0xb7fa4000, 1624) = 0
16867 16:08:13.050011 close(5)          = 0
16867 16:08:13.050011 setgroups32(0, []) = 0
16867 16:08:13.050011 chdir("/usr/share/empty") = 0
16867 16:08:13.050011 chroot(".")       = 0
16867 16:08:13.050011 capset(NULL, NULL) = -1 EFAULT (Bad address)
16867 16:08:13.050011 prctl(0x8, 0, 0xbfb30dd8, 0x80549a6, 0xbfb30dc0) = 0
16867 16:08:13.050011 prctl(0x8, 0x1, 0xbfb30dd8, 0x8054a49, 0xbfb30dc0) = 0
16867 16:08:13.050011 setgid32(65534)   = 0
16867 16:08:13.050011 setuid32(65534)   = 0
16867 16:08:13.050011 capset(0x19980330, 0, {CAP_NET_BIND_SERVICE, CAP_NET_BIND_SERVICE, 0}) = 0
16867 16:08:13.050011 read(4, "\n", 1)  = 1
16867 16:08:13.050011 write(4, "\1", 1) = 1
16869 16:08:13.050011 <... read resumed> "\1", 1) = 1
16869 16:08:13.050011 write(5, "\f", 1) = 1
16869 16:08:13.050011 read(5,  <unfinished ...>
16867 16:08:13.050011 read(4, "\f", 1)  = 1
16867 16:08:13.050011 socket(PF_INET, SOCK_STREAM, IPPROTO_TCP) = 5
16867 16:08:13.050011 setsockopt(5, SOL_SOCKET, SO_REUSEADDR, [1], 4) = 0
16867 16:08:13.050011 gettimeofday({1495656493, 50011}, NULL) = 0
16867 16:08:13.050011 bind(5, {sa_family=AF_INET, sin_port=htons(17714), sin_addr=inet_addr("127.0.0.1")}, 16) = 0
16867 16:08:13.050011 listen(5, 1)      = 0
16867 16:08:13.050011 write(4, "2E\0\0", 4) = 4
16869 16:08:13.050011 <... read resumed> "2E\0\0", 4) = 4
16869 16:08:13.050011 write(0, "227 Entering Passive Mode (127,0,0,1,69,50).\r\n", 46) = 46
16869 16:08:13.059654 rt_sigaction(SIGALRM, {0x805cad0, ~[RTMIN RT_1], 0}, NULL, 8) = 0
16869 16:08:13.059695 alarm(300)        = 300
16869 16:08:13.059747 recv(0, "STOR myfile7\r\n", 4096, MSG_PEEK) = 14
16869 16:08:13.059778 read(0, "STOR myfile7\r\n", 14) = 14
16869 16:08:13.059814 write(5, "\v", 1) = 1
16869 16:08:13.059843 read(5,  <unfinished ...>
16867 16:08:13.059866 read(4, "\v", 1)  = 1
16867 16:08:13.059895 write(4, "\1\0\0\0", 4) = 4
16869 16:08:13.059944 <... read resumed> "\1\0\0\0", 4) = 4
16869 16:08:13.059977 gettimeofday({1495656493, 59994}, NULL) = 0
16869 16:08:13.060011 getcwd("/home/msfadmin", 4096) = 15
16869 16:08:13.060011 open("myfile7", O_WRONLY|O_CREAT|O_NONBLOCK|O_LARGEFILE, 0666) = 4
16869 16:08:13.060011 fstat64(4, {st_mode=S_IFREG|0644, st_size=17, ...}) = 0
16869 16:08:13.060011 fcntl64(4, F_GETFL) = 0x8801 (flags O_WRONLY|O_NONBLOCK|O_LARGEFILE)
16869 16:08:13.060011 fcntl64(4, F_SETFL, O_WRONLY|O_LARGEFILE) = 0
16869 16:08:13.060011 fcntl64(4, F_SETLKW64, {type=F_WRLCK, whence=SEEK_SET, start=0, len=0}, 0xbfb30d24) = 0
16869 16:08:13.060011 ftruncate64(4, 0) = 0
16869 16:08:13.060011 _llseek(4, 0, [0], SEEK_SET) = 0
16869 16:08:13.060011 write(5, "\v", 1) = 1
16869 16:08:13.060011 read(5,  <unfinished ...>
16867 16:08:13.060011 read(4, "\v", 1)  = 1
16867 16:08:13.060011 write(4, "\1\0\0\0", 4) = 4
16869 16:08:13.060011 <... read resumed> "\1\0\0\0", 4) = 4
16869 16:08:13.060011 write(5, "\v", 1) = 1
16869 16:08:13.060011 read(5,  <unfinished ...>
16867 16:08:13.060011 read(4, "\v", 1)  = 1
16867 16:08:13.060011 write(4, "\1\0\0\0", 4) = 4
16869 16:08:13.060011 <... read resumed> "\1\0\0\0", 4) = 4
16869 16:08:13.060011 write(5, "\r", 1) = 1
16869 16:08:13.060011 read(5,  <unfinished ...>
16867 16:08:13.060011 read(4, "\r", 1)  = 1
16867 16:08:13.060011 select(6, [5], NULL, NULL, {60, 0}) = 1 (in [5], left {60, 0})
16867 16:08:13.060011 accept(5, {sa_family=AF_INET, sin_port=htons(48744), sin_addr=inet_addr("127.0.0.1")}, [16]) = 6
16867 16:08:13.060011 write(4, "\1", 1) = 1
16869 16:08:13.060011 <... read resumed> "\1", 1) = 1
16869 16:08:13.060011 recvmsg(5,  <unfinished ...>
16867 16:08:13.060011 sendmsg(4, {msg_name(0)=NULL, msg_iov(1)=[{"\0", 1}], msg_controllen=16, {cmsg_len=16, cmsg_level=SOL_SOCKET, cmsg_type=SCM_RIGHTS, {6}}, msg_flags=0}, 0) = 1
16869 16:08:13.060011 <... recvmsg resumed> {msg_name(0)=NULL, msg_iov(1)=[{"\0", 1}], msg_controllen=16, {cmsg_len=16, cmsg_level=SOL_SOCKET, cmsg_type=SCM_RIGHTS, {6}}, msg_flags=0}, 0) = 1
16869 16:08:13.060011 setsockopt(6, SOL_SOCKET, SO_KEEPALIVE, [1], 4) = 0
16869 16:08:13.060011 setsockopt(6, SOL_IP, IP_TOS, [8], 4) = 0
16869 16:08:13.060011 setsockopt(6, SOL_SOCKET, SO_LINGER, {onoff=1, linger=32767}, 8) = 0
16869 16:08:13.060011 rt_sigaction(SIGALRM, {0x805cad0, ~[RTMIN RT_1], 0}, NULL, 8) = 0
16869 16:08:13.060011 alarm(300)        = 300
16869 16:08:13.060011 write(0, "150 Ok to send data.\r\n", 22) = 22
16869 16:08:13.060011 mmap2(NULL, 77824, PROT_READ|PROT_WRITE, MAP_PRIVATE|MAP_ANONYMOUS, -1, 0) = 0xb7dd9000
16869 16:08:13.060011 mprotect(0xb7deb000, 4096, PROT_NONE) = 0
16869 16:08:13.060011 mprotect(0xb7dd9000, 4096, PROT_NONE) = 0
16869 16:08:13.060011 read(6, "assasaaa\na\na\na\na\n", 65536) = 17
16869 16:08:13.060011 write(4, "assasaaa\na\na\na\na\n", 17) = 17
16869 16:08:13.060011 read(6, "", 65536) = 0
16869 16:08:13.060011 rt_sigaction(SIGALRM, {0x805cad0, ~[RTMIN RT_1], 0}, NULL, 8) = 0
16869 16:08:13.060011 alarm(300)        = 300
16869 16:08:13.060011 close(6)          = 0
16869 16:08:13.060011 alarm(0)          = 300
16869 16:08:13.060011 gettimeofday({1495656493, 60011}, NULL) = 0
16869 16:08:13.060011 getpid()          = 16869
16869 16:08:13.060011 gettimeofday({1495656493, 60011}, NULL) = 0
16869 16:08:13.060011 fcntl64(3, F_SETLKW64, {type=F_WRLCK, whence=SEEK_SET, start=0, len=0}, 0xbfb30cc4) = 0
16869 16:08:13.060011 write(3, "Wed May 24 16:08:13 2017 [pid 16869] [msfadmin] OK UPLOAD: Client \"127.0.0.1\", \"/home/msfadmin/myfile7\", 17 bytes, 976.56Kbyte/sec\n", 131) = 131
16869 16:08:13.060011 fcntl64(3, F_SETLK64, {type=F_UNLCK, whence=SEEK_SET, start=0, len=0}, 0xbfb30ccc) = 0
16869 16:08:13.060011 write(0, "226 Transfer complete.\r\n", 24) = 24
16869 16:08:13.060011 write(5, "\n", 1) = 1
16869 16:08:13.060011 read(5,  <unfinished ...>
16867 16:08:13.060011 close(6)          = 0
16867 16:08:13.060011 read(4, "\n", 1)  = 1
16867 16:08:13.060011 close(5)          = 0
16867 16:08:13.060011 write(4, "\1", 1) = 1
16869 16:08:13.060011 <... read resumed> "\1", 1) = 1
16869 16:08:13.060011 close(4)          = 0
16869 16:08:13.060011 rt_sigaction(SIGALRM, {0x805cad0, ~[RTMIN RT_1], 0}, NULL, 8) = 0
16869 16:08:13.060011 alarm(300)        = 0
16869 16:08:13.060011 recv(0,  <unfinished ...>
16867 16:08:13.060011 read(4,  <unfinished ...>
16869 16:08:13.570497 <... recv resumed> "TYPE I\r\n", 4096, MSG_PEEK) = 8
16869 16:08:13.570636 read(0, "TYPE I\r\n", 8) = 8
16869 16:08:13.570748 write(0, "200 Switching to Binary mode.\r\n", 31) = 31
16869 16:08:13.571103 rt_sigaction(SIGALRM, {0x805cad0, ~[RTMIN RT_1], 0}, NULL, 8) = 0
16869 16:08:13.571207 alarm(300)        = 299
16869 16:08:13.571345 recv(0, "PASV\r\n", 4096, MSG_PEEK) = 6
16869 16:08:13.571423 read(0, "PASV\r\n", 6) = 6
16869 16:08:13.571504 write(5, "\n", 1) = 1
16869 16:08:13.571584 read(5,  <unfinished ...>
16867 16:08:13.571644 <... read resumed> "\n", 1) = 1
16867 16:08:13.571708 write(4, "\1", 1) = 1
16869 16:08:13.571837 <... read resumed> "\1", 1) = 1
16869 16:08:13.571902 write(5, "\f", 1) = 1
16869 16:08:13.571973 read(5,  <unfinished ...>
16867 16:08:13.572031 read(4, "\f", 1)  = 1
16867 16:08:13.572111 socket(PF_INET, SOCK_STREAM, IPPROTO_TCP) = 5
16867 16:08:13.572199 setsockopt(5, SOL_SOCKET, SO_REUSEADDR, [1], 4) = 0
16867 16:08:13.572284 bind(5, {sa_family=AF_INET, sin_port=htons(14068), sin_addr=inet_addr("127.0.0.1")}, 16) = 0
16867 16:08:13.572377 listen(5, 1)      = 0
16867 16:08:13.572461 write(4, "\3646\0\0", 4) = 4
16869 16:08:13.572537 <... read resumed> "\3646\0\0", 4) = 4
16869 16:08:13.572619 write(0, "227 Entering Passive Mode (127,0,0,1,54,244).\r\n", 47) = 47
16869 16:08:13.573271 rt_sigaction(SIGALRM, {0x805cad0, ~[RTMIN RT_1], 0}, NULL, 8) = 0
16869 16:08:13.573373 alarm(300)        = 300
16869 16:08:13.573508 recv(0, "STOR myfile8\r\n", 4096, MSG_PEEK) = 14
16869 16:08:13.573590 read(0, "STOR myfile8\r\n", 14) = 14
16869 16:08:13.573676 write(5, "\v", 1) = 1
16869 16:08:13.573759 read(5,  <unfinished ...>
16867 16:08:13.573818 read(4, "\v", 1)  = 1
16867 16:08:13.573893 write(4, "\1\0\0\0", 4) = 4
16869 16:08:13.573968 <... read resumed> "\1\0\0\0", 4) = 4
16869 16:08:13.574102 gettimeofday({1495656493, 574148}, NULL) = 0
16869 16:08:13.574208 getcwd("/home/msfadmin", 4096) = 15
16869 16:08:13.574291 open("myfile8", O_WRONLY|O_CREAT|O_NONBLOCK|O_LARGEFILE, 0666) = 4
16869 16:08:13.574376 fstat64(4, {st_mode=S_IFREG|0644, st_size=17, ...}) = 0
16869 16:08:13.574478 fcntl64(4, F_GETFL) = 0x8801 (flags O_WRONLY|O_NONBLOCK|O_LARGEFILE)
16869 16:08:13.574553 fcntl64(4, F_SETFL, O_WRONLY|O_LARGEFILE) = 0
16869 16:08:13.574623 fcntl64(4, F_SETLKW64, {type=F_WRLCK, whence=SEEK_SET, start=0, len=0}, 0xbfb30d24) = 0
16869 16:08:13.574920 ftruncate64(4, 0) = 0
16869 16:08:13.575024 _llseek(4, 0, [0], SEEK_SET) = 0
16869 16:08:13.575101 write(5, "\v", 1) = 1
16869 16:08:13.575175 read(5,  <unfinished ...>
16867 16:08:13.575235 read(4, "\v", 1)  = 1
16867 16:08:13.575312 write(4, "\1\0\0\0", 4) = 4
16869 16:08:13.575386 <... read resumed> "\1\0\0\0", 4) = 4
16869 16:08:13.575446 write(5, "\v", 1) = 1
16869 16:08:13.575517 read(5,  <unfinished ...>
16867 16:08:13.575573 read(4, "\v", 1)  = 1
16867 16:08:13.575647 write(4, "\1\0\0\0", 4) = 4
16869 16:08:13.575719 <... read resumed> "\1\0\0\0", 4) = 4
16869 16:08:13.575787 write(5, "\r", 1) = 1
16869 16:08:13.575858 read(5,  <unfinished ...>
16867 16:08:13.575915 read(4, "\r", 1)  = 1
16867 16:08:13.575993 select(6, [5], NULL, NULL, {60, 0}) = 1 (in [5], left {60, 0})
16867 16:08:13.576090 accept(5, {sa_family=AF_INET, sin_port=htons(42792), sin_addr=inet_addr("127.0.0.1")}, [16]) = 6
16867 16:08:13.576213 write(4, "\1", 1) = 1
16869 16:08:13.576287 <... read resumed> "\1", 1) = 1
16869 16:08:13.576352 recvmsg(5,  <unfinished ...>
16867 16:08:13.576417 sendmsg(4, {msg_name(0)=NULL, msg_iov(1)=[{"\0", 1}], msg_controllen=16, {cmsg_len=16, cmsg_level=SOL_SOCKET, cmsg_type=SCM_RIGHTS, {6}}, msg_flags=0}, 0) = 1
16869 16:08:13.576518 <... recvmsg resumed> {msg_name(0)=NULL, msg_iov(1)=[{"\0", 1}], msg_controllen=16, {cmsg_len=16, cmsg_level=SOL_SOCKET, cmsg_type=SCM_RIGHTS, {6}}, msg_flags=0}, 0) = 1
16869 16:08:13.576604 setsockopt(6, SOL_SOCKET, SO_KEEPALIVE, [1], 4) = 0
16869 16:08:13.576683 setsockopt(6, SOL_IP, IP_TOS, [8], 4) = 0
16869 16:08:13.576816 setsockopt(6, SOL_SOCKET, SO_LINGER, {onoff=1, linger=32767}, 8) = 0
16869 16:08:13.576892 rt_sigaction(SIGALRM, {0x805cad0, ~[RTMIN RT_1], 0}, NULL, 8) = 0
16869 16:08:13.576997 alarm(300)        = 300
16869 16:08:13.577139 write(0, "150 Ok to send data.\r\n", 22) = 22
16869 16:08:13.577558 read(6, "assasaaa\na\na\na\na\n", 65536) = 17
16869 16:08:13.577650 write(4, "assasaaa\na\na\na\na\n", 17) = 17
16869 16:08:13.577806 read(6, "", 65536) = 0
16869 16:08:13.577883 rt_sigaction(SIGALRM, {0x805cad0, ~[RTMIN RT_1], 0}, NULL, 8) = 0
16869 16:08:13.577971 alarm(300)        = 300
16869 16:08:13.578098 close(6)          = 0
16869 16:08:13.578166 alarm(0)          = 300
16869 16:08:13.578264 gettimeofday({1495656493, 578309}, NULL) = 0
16869 16:08:13.578386 gettimeofday({1495656493, 578433}, NULL) = 0
16869 16:08:13.578502 fcntl64(3, F_SETLKW64, {type=F_WRLCK, whence=SEEK_SET, start=0, len=0}, 0xbfb30cc4) = 0
16869 16:08:13.578593 write(3, "Wed May 24 16:08:13 2017 [pid 16869] [msfadmin] OK UPLOAD: Client \"127.0.0.1\", \"/home/msfadmin/myfile8\", 17 bytes, 3.87Kbyte/sec\n", 129) = 129
16869 16:08:13.578768 fcntl64(3, F_SETLK64, {type=F_UNLCK, whence=SEEK_SET, start=0, len=0}, 0xbfb30ccc) = 0
16869 16:08:13.578865 write(0, "226 Transfer complete.\r\n", 24) = 24
16869 16:08:13.579137 write(5, "\n", 1) = 1
16869 16:08:13.579280 read(5,  <unfinished ...>
16867 16:08:13.579339 close(6)          = 0
16867 16:08:13.589776 read(4, "\n", 1)  = 1
16867 16:08:13.589865 close(5)          = 0
16867 16:08:13.589942 write(4, "\1", 1) = 1
16869 16:08:13.590019 <... read resumed> "\1", 1) = 1
16869 16:08:13.590027 close(4)          = 0
16869 16:08:13.590027 rt_sigaction(SIGALRM, {0x805cad0, ~[RTMIN RT_1], 0}, NULL, 8) = 0
16869 16:08:13.590027 alarm(300)        = 0
16869 16:08:13.590027 recv(0,  <unfinished ...>
16867 16:08:13.590027 read(4,  <unfinished ...>
16869 16:08:14.089956 <... recv resumed> "TYPE I\r\n", 4096, MSG_PEEK) = 8
16869 16:08:14.090042 read(0, "TYPE I\r\n", 8) = 8
16869 16:08:14.090042 write(0, "200 Switching to Binary mode.\r\n", 31) = 31
16869 16:08:14.090042 rt_sigaction(SIGALRM, {0x805cad0, ~[RTMIN RT_1], 0}, NULL, 8) = 0
16869 16:08:14.090042 alarm(300)        = 299
16869 16:08:14.090042 recv(0, "PASV\r\n", 4096, MSG_PEEK) = 6
16869 16:08:14.090042 read(0, "PASV\r\n", 6) = 6
16869 16:08:14.090042 write(5, "\n", 1) = 1
16869 16:08:14.090042 read(5,  <unfinished ...>
16867 16:08:14.090042 <... read resumed> "\n", 1) = 1
16867 16:08:14.090042 write(4, "\1", 1) = 1
16869 16:08:14.090042 <... read resumed> "\1", 1) = 1
16869 16:08:14.090042 write(5, "\f", 1) = 1
16869 16:08:14.090042 read(5,  <unfinished ...>
16867 16:08:14.090042 read(4, "\f", 1)  = 1
16867 16:08:14.090042 socket(PF_INET, SOCK_STREAM, IPPROTO_TCP) = 5
16867 16:08:14.090042 setsockopt(5, SOL_SOCKET, SO_REUSEADDR, [1], 4) = 0
16867 16:08:14.090042 bind(5, {sa_family=AF_INET, sin_port=htons(60530), sin_addr=inet_addr("127.0.0.1")}, 16) = 0
16867 16:08:14.090042 listen(5, 1)      = 0
16867 16:08:14.090042 write(4, "r\354\0\0", 4) = 4
16869 16:08:14.090042 <... read resumed> "r\354\0\0", 4) = 4
16869 16:08:14.090042 write(0, "227 Entering Passive Mode (127,0,0,1,236,114).\r\n", 48) = 48
16869 16:08:14.090042 rt_sigaction(SIGALRM, {0x805cad0, ~[RTMIN RT_1], 0}, NULL, 8) = 0
16869 16:08:14.090042 alarm(300)        = 300
16869 16:08:14.090042 recv(0, "STOR myfile9\r\n", 4096, MSG_PEEK) = 14
16869 16:08:14.090042 read(0, "STOR myfile9\r\n", 14) = 14
16869 16:08:14.090042 write(5, "\v", 1) = 1
16869 16:08:14.090042 read(5,  <unfinished ...>
16867 16:08:14.090042 read(4, "\v", 1)  = 1
16867 16:08:14.090042 write(4, "\1\0\0\0", 4) = 4
16869 16:08:14.090042 <... read resumed> "\1\0\0\0", 4) = 4
16869 16:08:14.090042 gettimeofday({1495656494, 90042}, NULL) = 0
16869 16:08:14.090042 getcwd("/home/msfadmin", 4096) = 15
16869 16:08:14.090042 open("myfile9", O_WRONLY|O_CREAT|O_NONBLOCK|O_LARGEFILE, 0666) = 4
16869 16:08:14.090042 fstat64(4, {st_mode=S_IFREG|0644, st_size=17, ...}) = 0
16869 16:08:14.090042 fcntl64(4, F_GETFL) = 0x8801 (flags O_WRONLY|O_NONBLOCK|O_LARGEFILE)
16869 16:08:14.090042 fcntl64(4, F_SETFL, O_WRONLY|O_LARGEFILE) = 0
16869 16:08:14.090042 fcntl64(4, F_SETLKW64, {type=F_WRLCK, whence=SEEK_SET, start=0, len=0}, 0xbfb30d24) = 0
16869 16:08:14.090042 ftruncate64(4, 0) = 0
16869 16:08:14.090042 _llseek(4, 0, [0], SEEK_SET) = 0
16869 16:08:14.090042 write(5, "\v", 1) = 1
16869 16:08:14.090042 read(5,  <unfinished ...>
16867 16:08:14.090042 read(4, "\v", 1)  = 1
16867 16:08:14.090042 write(4, "\1\0\0\0", 4) = 4
16869 16:08:14.090042 <... read resumed> "\1\0\0\0", 4) = 4
16869 16:08:14.090042 write(5, "\v", 1) = 1
16869 16:08:14.090042 read(5,  <unfinished ...>
16867 16:08:14.090042 read(4, "\v", 1)  = 1
16867 16:08:14.090042 write(4, "\1\0\0\0", 4) = 4
16869 16:08:14.090042 <... read resumed> "\1\0\0\0", 4) = 4
16869 16:08:14.090042 write(5, "\r", 1) = 1
16869 16:08:14.090042 read(5,  <unfinished ...>
16867 16:08:14.090042 read(4, "\r", 1)  = 1
16867 16:08:14.090042 select(6, [5], NULL, NULL, {60, 0}) = 1 (in [5], left {60, 0})
16867 16:08:14.090042 accept(5, {sa_family=AF_INET, sin_port=htons(48153), sin_addr=inet_addr("127.0.0.1")}, [16]) = 6
16867 16:08:14.090042 write(4, "\1", 1) = 1
16869 16:08:14.090042 <... read resumed> "\1", 1) = 1
16869 16:08:14.090042 recvmsg(5,  <unfinished ...>
16867 16:08:14.090042 sendmsg(4, {msg_name(0)=NULL, msg_iov(1)=[{"\0", 1}], msg_controllen=16, {cmsg_len=16, cmsg_level=SOL_SOCKET, cmsg_type=SCM_RIGHTS, {6}}, msg_flags=0}, 0) = 1
16869 16:08:14.090042 <... recvmsg resumed> {msg_name(0)=NULL, msg_iov(1)=[{"\0", 1}], msg_controllen=16, {cmsg_len=16, cmsg_level=SOL_SOCKET, cmsg_type=SCM_RIGHTS, {6}}, msg_flags=0}, 0) = 1
16869 16:08:14.090042 setsockopt(6, SOL_SOCKET, SO_KEEPALIVE, [1], 4) = 0
16869 16:08:14.090042 setsockopt(6, SOL_IP, IP_TOS, [8], 4) = 0
16869 16:08:14.090042 setsockopt(6, SOL_SOCKET, SO_LINGER, {onoff=1, linger=32767}, 8) = 0
16869 16:08:14.090042 rt_sigaction(SIGALRM, {0x805cad0, ~[RTMIN RT_1], 0}, NULL, 8) = 0
16869 16:08:14.090042 alarm(300)        = 300
16869 16:08:14.090042 write(0, "150 Ok to send data.\r\n", 22) = 22
16869 16:08:14.100042 read(6, "assasaaa\na\na\na\na\n", 65536) = 17
16869 16:08:14.100042 write(4, "assasaaa\na\na\na\na\n", 17) = 17
16869 16:08:14.100042 read(6, "", 65536) = 0
16869 16:08:14.100042 rt_sigaction(SIGALRM, {0x805cad0, ~[RTMIN RT_1], 0}, NULL, 8) = 0
16869 16:08:14.100042 alarm(300)        = 300
16869 16:08:14.100042 close(6)          = 0
16869 16:08:14.100042 alarm(0)          = 300
16869 16:08:14.100042 gettimeofday({1495656494, 100042}, NULL) = 0
16867 16:08:14.100042 close(6)          = 0
16869 16:08:14.100042 gettimeofday( <unfinished ...>
16867 16:08:14.100042 read(4,  <unfinished ...>
16869 16:08:14.100042 <... gettimeofday resumed> {1495656494, 100042}, NULL) = 0
16869 16:08:14.100042 fcntl64(3, F_SETLKW64, {type=F_WRLCK, whence=SEEK_SET, start=0, len=0}, 0xbfb30cc4) = 0
16869 16:08:14.100042 write(3, "Wed May 24 16:08:14 2017 [pid 16869] [msfadmin] OK UPLOAD: Client \"127.0.0.1\", \"/home/msfadmin/myfile9\", 17 bytes, 1.66Kbyte/sec\n", 129) = 129
16869 16:08:14.100042 fcntl64(3, F_SETLK64, {type=F_UNLCK, whence=SEEK_SET, start=0, len=0}, 0xbfb30ccc) = 0
16869 16:08:14.100042 write(0, "226 Transfer complete.\r\n", 24) = 24
16869 16:08:14.100042 write(5, "\n", 1) = 1
16867 16:08:14.100042 <... read resumed> "\n", 1) = 1
16867 16:08:14.100042 close(5)          = 0
16867 16:08:14.100042 write(4, "\1", 1) = 1
16867 16:08:14.100042 read(4,  <unfinished ...>
16869 16:08:14.100042 read(5, "\1", 1)  = 1
16869 16:08:14.100042 close(4)          = 0
16869 16:08:14.100042 rt_sigaction(SIGALRM, {0x805cad0, ~[RTMIN RT_1], 0}, NULL, 8) = 0
16869 16:08:14.100042 alarm(300)        = 0
16869 16:08:14.100042 recv(0, "TYPE I\r\n", 4096, MSG_PEEK) = 8
16869 16:08:14.640059 read(0, "TYPE I\r\n", 8) = 8
16869 16:08:14.640059 write(0, "200 Switching to Binary mode.\r\n", 31) = 31
16869 16:08:14.640059 rt_sigaction(SIGALRM, {0x805cad0, ~[RTMIN RT_1], 0}, NULL, 8) = 0
16869 16:08:14.640059 alarm(300)        = 299
16869 16:08:14.640059 recv(0, "PASV\r\n", 4096, MSG_PEEK) = 6
16869 16:08:14.640059 read(0, "PASV\r\n", 6) = 6
16869 16:08:14.640059 write(5, "\n", 1) = 1
16867 16:08:14.640059 <... read resumed> "\n", 1) = 1
16867 16:08:14.640059 write(4, "\1", 1) = 1
16867 16:08:14.640059 read(4,  <unfinished ...>
16869 16:08:14.640059 read(5, "\1", 1)  = 1
16869 16:08:14.640059 write(5, "\f", 1) = 1
16867 16:08:14.640059 <... read resumed> "\f", 1) = 1
16867 16:08:14.640059 socket(PF_INET, SOCK_STREAM, IPPROTO_TCP) = 5
16867 16:08:14.640059 setsockopt(5, SOL_SOCKET, SO_REUSEADDR, [1], 4) = 0
16867 16:08:14.640059 bind(5, {sa_family=AF_INET, sin_port=htons(55214), sin_addr=inet_addr("127.0.0.1")}, 16) = 0
16867 16:08:14.640059 listen(5, 1)      = 0
16867 16:08:14.640059 write(4, "\256\327\0\0", 4) = 4
16867 16:08:14.640059 read(4,  <unfinished ...>
16869 16:08:14.640059 read(5, "\256\327\0\0", 4) = 4
16869 16:08:14.640059 write(0, "227 Entering Passive Mode (127,0,0,1,215,174).\r\n", 48) = 48
16869 16:08:14.640059 rt_sigaction(SIGALRM, {0x805cad0, ~[RTMIN RT_1], 0}, NULL, 8) = 0
16869 16:08:14.640059 alarm(300)        = 300
16869 16:08:14.640059 recv(0, "STOR myfile10\r\n", 4096, MSG_PEEK) = 15
16869 16:08:14.640059 read(0, "STOR myfile10\r\n", 15) = 15
16869 16:08:14.640059 write(5, "\v", 1) = 1
16867 16:08:14.640059 <... read resumed> "\v", 1) = 1
16867 16:08:14.640059 write(4, "\1\0\0\0", 4) = 4
16867 16:08:14.640059 read(4,  <unfinished ...>
16869 16:08:14.640059 read(5, "\1\0\0\0", 4) = 4
16869 16:08:14.640059 gettimeofday({1495656494, 640059}, NULL) = 0
16869 16:08:14.640059 getcwd("/home/msfadmin", 4096) = 15
16869 16:08:14.640059 open("myfile10", O_WRONLY|O_CREAT|O_NONBLOCK|O_LARGEFILE, 0666) = 4
16869 16:08:14.640059 fstat64(4, {st_mode=S_IFREG|0644, st_size=17, ...}) = 0
16869 16:08:14.640059 fcntl64(4, F_GETFL) = 0x8801 (flags O_WRONLY|O_NONBLOCK|O_LARGEFILE)
16869 16:08:14.640059 fcntl64(4, F_SETFL, O_WRONLY|O_LARGEFILE) = 0
16869 16:08:14.640059 fcntl64(4, F_SETLKW64, {type=F_WRLCK, whence=SEEK_SET, start=0, len=0}, 0xbfb30d24) = 0
16869 16:08:14.640059 ftruncate64(4, 0) = 0
16869 16:08:14.640059 _llseek(4, 0, [0], SEEK_SET) = 0
16869 16:08:14.640059 write(5, "\v", 1) = 1
16867 16:08:14.640059 <... read resumed> "\v", 1) = 1
16867 16:08:14.640059 write(4, "\1\0\0\0", 4) = 4
16867 16:08:14.640059 read(4,  <unfinished ...>
16869 16:08:14.640059 read(5, "\1\0\0\0", 4) = 4
16869 16:08:14.640059 write(5, "\v", 1) = 1
16867 16:08:14.640059 <... read resumed> "\v", 1) = 1
16867 16:08:14.640059 write(4, "\1\0\0\0", 4) = 4
16867 16:08:14.640059 read(4,  <unfinished ...>
16869 16:08:14.640059 read(5, "\1\0\0\0", 4) = 4
16869 16:08:14.640059 write(5, "\r", 1) = 1
16867 16:08:14.640059 <... read resumed> "\r", 1) = 1
16867 16:08:14.640059 select(6, [5], NULL, NULL, {60, 0}) = 1 (in [5], left {60, 0})
16867 16:08:14.640059 accept(5, {sa_family=AF_INET, sin_port=htons(35634), sin_addr=inet_addr("127.0.0.1")}, [16]) = 6
16867 16:08:14.640059 write(4, "\1", 1) = 1
16867 16:08:14.640059 sendmsg(4, {msg_name(0)=NULL, msg_iov(1)=[{"\0", 1}], msg_controllen=16, {cmsg_len=16, cmsg_level=SOL_SOCKET, cmsg_type=SCM_RIGHTS, {6}}, msg_flags=0}, 0) = 1
16867 16:08:14.640059 close(6)          = 0
16867 16:08:14.640059 read(4,  <unfinished ...>
16869 16:08:14.640059 read(5, "\1", 1)  = 1
16869 16:08:14.640059 recvmsg(5, {msg_name(0)=NULL, msg_iov(1)=[{"\0", 1}], msg_controllen=16, {cmsg_len=16, cmsg_level=SOL_SOCKET, cmsg_type=SCM_RIGHTS, {6}}, msg_flags=0}, 0) = 1
16869 16:08:14.640059 setsockopt(6, SOL_SOCKET, SO_KEEPALIVE, [1], 4) = 0
16869 16:08:14.640059 setsockopt(6, SOL_IP, IP_TOS, [8], 4) = 0
16869 16:08:14.640059 setsockopt(6, SOL_SOCKET, SO_LINGER, {onoff=1, linger=32767}, 8) = 0
16869 16:08:14.640059 rt_sigaction(SIGALRM, {0x805cad0, ~[RTMIN RT_1], 0}, NULL, 8) = 0
16869 16:08:14.640059 alarm(300)        = 300
16869 16:08:14.640059 write(0, "150 Ok to send data.\r\n", 22) = 22
16869 16:08:14.640059 read(6, "assasaaa\na\na\na\na\n", 65536) = 17
16869 16:08:14.640059 write(4, "assasaaa\na\na\na\na\n", 17) = 17
16869 16:08:14.640059 read(6, "", 65536) = 0
