8320  14:36:06.164587 munmap(0xb7dc7000, 201052) = 0
8320  14:36:06.164603 munmap(0xb7dae000, 101180) = 0
8320  14:36:06.164629 gettimeofday({1495650966, 164635}, NULL) = 0
8320  14:36:06.164646 stat64("/usr/share/zoneinfo/UTC+04:00", 0xbfa86bf4) = -1 ENOENT (No such file or directory)
8320  14:36:06.164668 open("/usr/share/zoneinfo/UTC+04:00", O_RDONLY) = -1 ENOENT (No such file or directory)
8320  14:36:06.164707 fcntl64(3, F_SETLKW64, {type=F_WRLCK, whence=SEEK_SET, start=0, len=0}, 0xbfa86d44) = 0
8320  14:36:06.164762 write(3, "Wed May 24 14:36:06 2017 [pid 8320] [msfadmin] OK LOGIN: Client \"127.0.0.1\"\n", 76) = 76
8320  14:36:06.164830 fcntl64(3, F_SETLK64, {type=F_UNLCK, whence=SEEK_SET, start=0, len=0}, 0xbfa86d4c) = 0
8320  14:36:06.164862 rt_sigaction(SIGCHLD, {0x805cad0, ~[RTMIN RT_1], 0}, NULL, 8) = 0
8320  14:36:06.164884 write(4, "\1", 1 <unfinished ...>
8321  14:36:06.164911 <... read resumed> "\1", 1) = 1
8320  14:36:06.164920 <... write resumed> ) = 1
8321  14:36:06.164939 exit_group(0)     = ?
8320  14:36:06.165495 --- SIGCHLD (Child exited) @ 0 (0) ---
8320  14:36:06.165509 sigreturn()       = ? (mask now [])
8320  14:36:06.165540 wait4(-1, [{WIFEXITED(s) && WEXITSTATUS(s) == 0}], 0, NULL) = 8321
8320  14:36:06.165560 close(4)          = 0
8320  14:36:06.165577 socketpair(PF_FILE, SOCK_STREAM, 0, [4, 5]) = 0
8320  14:36:06.165608 rt_sigaction(SIGCHLD, {0x805cad0, ~[RTMIN RT_1], 0}, NULL, 8) = 0
8320  14:36:06.165629 rt_sigaction(SIGALRM, {0x805cb10, ~[RTMIN RT_1], 0}, NULL, 8) = 0
8320  14:36:06.165649 clone(child_stack=0, flags=CLONE_CHILD_CLEARTID|CLONE_CHILD_SETTID|SIGCHLD, child_tidptr=0xb7e376f8) = 8322
8322  14:36:06.166102 prctl(0x1, 0x9, 0, 0, 0) = 0
8322  14:36:06.166123 close(4)          = 0
8322  14:36:06.166165 open("/etc/passwd", O_RDONLY|0x80000 /* O_??? */) = 4
8322  14:36:06.166191 _llseek(4, 0, [0], SEEK_CUR) = 0
8322  14:36:06.166214 fstat64(4, {st_mode=S_IFREG|0644, st_size=1624, ...}) = 0
8322  14:36:06.166242 mmap2(NULL, 1624, PROT_READ, MAP_SHARED, 4, 0) = 0xb7fd1000
8322  14:36:06.166260 _llseek(4, 1624, [1624], SEEK_SET) = 0
8322  14:36:06.166295 munmap(0xb7fd1000, 1624) = 0
8322  14:36:06.166313 close(4)          = 0
8322  14:36:06.166333 getuid32()        = 0
8322  14:36:06.166347 open("/etc/passwd", O_RDONLY|0x80000 /* O_??? */) = 4
8322  14:36:06.166366 _llseek(4, 0, [0], SEEK_CUR) = 0
8322  14:36:06.166381 fstat64(4, {st_mode=S_IFREG|0644, st_size=1624, ...}) = 0
8322  14:36:06.166404 mmap2(NULL, 1624, PROT_READ, MAP_SHARED, 4, 0) = 0xb7fd1000
8322  14:36:06.166420 _llseek(4, 1624, [1624], SEEK_SET) = 0
8322  14:36:06.166443 munmap(0xb7fd1000, 1624) = 0
8322  14:36:06.166458 close(4)          = 0
8322  14:36:06.166497 open("/proc/sys/kernel/ngroups_max", O_RDONLY) = 4
8322  14:36:06.166527 read(4, "65536\n", 31) = 6
8322  14:36:06.166545 close(4)          = 0
8322  14:36:06.166566 socket(PF_FILE, SOCK_STREAM, 0) = 4
8322  14:36:06.166584 fcntl64(4, F_SETFL, O_RDWR|O_NONBLOCK) = 0
8322  14:36:06.166600 connect(4, {sa_family=AF_FILE, path="/var/run/nscd/socket"}, 110) = -1 ENOENT (No such file or directory)
8322  14:36:06.166632 close(4)          = 0
8322  14:36:06.166649 socket(PF_FILE, SOCK_STREAM, 0) = 4
8322  14:36:06.166664 fcntl64(4, F_SETFL, O_RDWR|O_NONBLOCK) = 0
8322  14:36:06.166679 connect(4, {sa_family=AF_FILE, path="/var/run/nscd/socket"}, 110) = -1 ENOENT (No such file or directory)
8322  14:36:06.166705 close(4)          = 0
8322  14:36:06.167630 open("/etc/group", O_RDONLY|0x80000 /* O_??? */) = 4
8322  14:36:06.167712 _llseek(4, 0, [0], SEEK_CUR) = 0
8322  14:36:06.167758 fstat64(4, {st_mode=S_IFREG|0644, st_size=886, ...}) = 0
8322  14:36:06.167847 mmap2(NULL, 886, PROT_READ, MAP_SHARED, 4, 0) = 0xb7fd1000
8322  14:36:06.167873 _llseek(4, 886, [886], SEEK_SET) = 0
8322  14:36:06.167915 fstat64(4, {st_mode=S_IFREG|0644, st_size=886, ...}) = 0
8322  14:36:06.167942 munmap(0xb7fd1000, 886) = 0
8322  14:36:06.167961 close(4)          = 0
8322  14:36:06.167976 setgroups32(13, [1000, 4, 20, 24, 25, 29, 30, 44, 46, 107, 111, 112, 119]) = 0
8322  14:36:06.168003 geteuid32()       = 0
8322  14:36:06.168019 getegid32()       = 0
8322  14:36:06.168035 setregid32(-1, 1000) = 0
8322  14:36:06.168051 setreuid32(-1, 1000) = 0
8322  14:36:06.168067 chdir("/home/msfadmin") = 0
8322  14:36:06.168085 setreuid32(-1, 0) = 0
8322  14:36:06.168099 setregid32(-1, 0) = 0
8322  14:36:06.168115 setgid32(1000)    = 0
8322  14:36:06.168131 setuid32(1000)    = 0
8322  14:36:06.168147 setrlimit(RLIMIT_NPROC, {rlim_cur=0, rlim_max=0}) = 0
8322  14:36:06.168170 mmap2(NULL, 12288, PROT_READ|PROT_WRITE, MAP_PRIVATE|MAP_ANONYMOUS, -1, 0) = 0xb7fcf000
8322  14:36:06.168189 mprotect(0xb7fd1000, 4096, PROT_NONE) = 0
8322  14:36:06.168208 mprotect(0xb7fcf000, 4096, PROT_NONE) = 0
8322  14:36:06.168225 getcwd("/home/msfadmin", 4096) = 15
8322  14:36:06.168246 umask(022)        = 077
8322  14:36:06.168261 getcwd("/home/msfadmin", 4096) = 15
8322  14:36:06.168311 open(".message", O_RDONLY|O_NONBLOCK|O_LARGEFILE) = -1 ENOENT (No such file or directory)
8322  14:36:06.168349 write(0, "230 Login successful.\r\n", 23) = 23
8322  14:36:06.168508 rt_sigaction(SIGALRM, {0x805cad0, ~[RTMIN RT_1], 0}, NULL, 8) = 0
8322  14:36:06.168536 alarm(300)        = 0
8322  14:36:06.168552 mmap2(NULL, 12288, PROT_READ|PROT_WRITE, MAP_PRIVATE|MAP_ANONYMOUS, -1, 0) = 0xb7fcc000
8322  14:36:06.168569 mprotect(0xb7fce000, 4096, PROT_NONE) = 0
8322  14:36:06.168585 mprotect(0xb7fcc000, 4096, PROT_NONE) = 0
8322  14:36:06.168613 recv(0, "TYPE I\r\n", 4096, MSG_PEEK) = 8
8322  14:36:06.168632 read(0, "TYPE I\r\n", 8) = 8
8322  14:36:06.168657 write(0, "200 Switching to Binary mode.\r\n", 31) = 31
8322  14:36:06.168713 rt_sigaction(SIGALRM, {0x805cad0, ~[RTMIN RT_1], 0}, NULL, 8) = 0
8322  14:36:06.168735 alarm(300)        = 300
8322  14:36:06.168751 recv(0, "PASV\r\n", 4096, MSG_PEEK) = 6
8322  14:36:06.168767 read(0, "PASV\r\n", 6) = 6
8322  14:36:06.168784 write(5, "\n", 1) = 1
8322  14:36:06.168801 read(5,  <unfinished ...>
8320  14:36:06.168822 close(5)          = 0
8320  14:36:06.168841 getuid32()        = 0
8320  14:36:06.168864 open("/etc/passwd", O_RDONLY|0x80000 /* O_??? */) = 5
8320  14:36:06.168886 _llseek(5, 0, [0], SEEK_CUR) = 0
8320  14:36:06.168905 fstat64(5, {st_mode=S_IFREG|0644, st_size=1624, ...}) = 0
8320  14:36:06.168931 mmap2(NULL, 1624, PROT_READ, MAP_SHARED, 5, 0) = 0xb7fd1000
8320  14:36:06.168948 _llseek(5, 1624, [1624], SEEK_SET) = 0
8320  14:36:06.168974 munmap(0xb7fd1000, 1624) = 0
8320  14:36:06.168991 close(5)          = 0
8320  14:36:06.169016 setgroups32(0, []) = 0
8320  14:36:06.169033 chdir("/usr/share/empty") = 0
8320  14:36:06.169051 chroot(".")       = 0
8320  14:36:06.169067 capset(NULL, NULL) = -1 EFAULT (Bad address)
8320  14:36:06.169086 prctl(0x8, 0, 0xbfa86d28, 0x80549a6, 0xbfa86d10) = 0
8320  14:36:06.169103 prctl(0x8, 0x1, 0xbfa86d28, 0x8054a49, 0xbfa86d10) = 0
8320  14:36:06.169117 setgid32(65534)   = 0
8320  14:36:06.169132 setuid32(65534)   = 0
8320  14:36:06.169146 capset(0x19980330, 0, {CAP_NET_BIND_SERVICE, CAP_NET_BIND_SERVICE, 0}) = 0
8320  14:36:06.169166 read(4, "\n", 1)  = 1
8320  14:36:06.169185 write(4, "\1", 1) = 1
8322  14:36:06.169201 <... read resumed> "\1", 1) = 1
8322  14:36:06.169212 write(5, "\f", 1) = 1
8322  14:36:06.169226 read(5,  <unfinished ...>
8320  14:36:06.169245 read(4, "\f", 1)  = 1
8320  14:36:06.169269 socket(PF_INET, SOCK_STREAM, IPPROTO_TCP) = 5
8320  14:36:06.169290 setsockopt(5, SOL_SOCKET, SO_REUSEADDR, [1], 4) = 0
8320  14:36:06.169308 gettimeofday({1495650966, 169313}, NULL) = 0
8320  14:36:06.169332 bind(5, {sa_family=AF_INET, sin_port=htons(54075), sin_addr=inet_addr("127.0.0.1")}, 16) = 0
8320  14:36:06.169355 listen(5, 1)      = 0
8320  14:36:06.169374 write(4, ";\323\0\0", 4) = 4
8322  14:36:06.169390 <... read resumed> ";\323\0\0", 4) = 4
8322  14:36:06.169409 write(0, "227 Entering Passive Mode (127,0,0,1,211,59).\r\n", 47) = 47
8322  14:36:06.169562 rt_sigaction(SIGALRM, {0x805cad0, ~[RTMIN RT_1], 0}, NULL, 8) = 0
8322  14:36:06.169587 alarm(300)        = 300
8322  14:36:06.169603 recv(0, "STOR myfile18\r\n", 4096, MSG_PEEK) = 15
8322  14:36:06.169621 read(0, "STOR myfile18\r\n", 15) = 15
8322  14:36:06.169643 write(5, "\v", 1) = 1
8322  14:36:06.169658 read(5,  <unfinished ...>
8320  14:36:06.169668 read(4, "\v", 1)  = 1
8320  14:36:06.169684 write(4, "\1\0\0\0", 4) = 4
8322  14:36:06.169699 <... read resumed> "\1\0\0\0", 4) = 4
8322  14:36:06.169712 gettimeofday({1495650966, 169717}, NULL) = 0
8322  14:36:06.169727 getcwd("/home/msfadmin", 4096) = 15
8322  14:36:06.169745 open("myfile18", O_WRONLY|O_CREAT|O_NONBLOCK|O_LARGEFILE, 0666) = 4
8322  14:36:06.169765 fstat64(4, {st_mode=S_IFREG|0644, st_size=17, ...}) = 0
8322  14:36:06.169789 fcntl64(4, F_GETFL) = 0x8801 (flags O_WRONLY|O_NONBLOCK|O_LARGEFILE)
8322  14:36:06.169805 fcntl64(4, F_SETFL, O_WRONLY|O_LARGEFILE) = 0
8322  14:36:06.169819 fcntl64(4, F_SETLKW64, {type=F_WRLCK, whence=SEEK_SET, start=0, len=0}, 0xbfa86c74) = 0
8322  14:36:06.169842 ftruncate64(4, 0) = 0
8322  14:36:06.169872 _llseek(4, 0, [0], SEEK_SET) = 0
8322  14:36:06.169888 write(5, "\v", 1) = 1
8322  14:36:06.169903 read(5,  <unfinished ...>
8320  14:36:06.169913 read(4, "\v", 1)  = 1
8320  14:36:06.169929 write(4, "\1\0\0\0", 4) = 4
8322  14:36:06.169944 <... read resumed> "\1\0\0\0", 4) = 4
8322  14:36:06.169955 write(5, "\v", 1) = 1
8322  14:36:06.169969 read(5,  <unfinished ...>
8320  14:36:06.169978 read(4, "\v", 1)  = 1
8320  14:36:06.169994 write(4, "\1\0\0\0", 4) = 4
8322  14:36:06.170014 <... read resumed> "\1\0\0\0", 4) = 4
8322  14:36:06.170025 write(5, "\r", 1) = 1
8322  14:36:06.170039 read(5,  <unfinished ...>
8320  14:36:06.170048 read(4, "\r", 1)  = 1
8320  14:36:06.170066 select(6, [5], NULL, NULL, {60, 0}) = 1 (in [5], left {60, 0})
8320  14:36:06.170091 accept(5, {sa_family=AF_INET, sin_port=htons(40067), sin_addr=inet_addr("127.0.0.1")}, [16]) = 6
8320  14:36:06.170122 write(4, "\1", 1) = 1
8322  14:36:06.170137 <... read resumed> "\1", 1) = 1
8322  14:36:06.170150 recvmsg(5,  <unfinished ...>
8320  14:36:06.170164 sendmsg(4, {msg_name(0)=NULL, msg_iov(1)=[{"\0", 1}], msg_controllen=16, {cmsg_len=16, cmsg_level=SOL_SOCKET, cmsg_type=SCM_RIGHTS, {6}}, msg_flags=0}, 0) = 1
8322  14:36:06.170188 <... recvmsg resumed> {msg_name(0)=NULL, msg_iov(1)=[{"\0", 1}], msg_controllen=16, {cmsg_len=16, cmsg_level=SOL_SOCKET, cmsg_type=SCM_RIGHTS, {6}}, msg_flags=0}, 0) = 1
8322  14:36:06.170221 setsockopt(6, SOL_SOCKET, SO_KEEPALIVE, [1], 4) = 0
8322  14:36:06.170243 setsockopt(6, SOL_IP, IP_TOS, [8], 4) = 0
8322  14:36:06.170260 setsockopt(6, SOL_SOCKET, SO_LINGER, {onoff=1, linger=32767}, 8) = 0
8322  14:36:06.170277 rt_sigaction(SIGALRM, {0x805cad0, ~[RTMIN RT_1], 0}, NULL, 8) = 0
8322  14:36:06.170296 alarm(300)        = 300
8322  14:36:06.170314 write(0, "150 Ok to send data.\r\n", 22) = 22
8322  14:36:06.170408 mmap2(NULL, 77824, PROT_READ|PROT_WRITE, MAP_PRIVATE|MAP_ANONYMOUS, -1, 0) = 0xb7e06000
8322  14:36:06.170428 mprotect(0xb7e18000, 4096, PROT_NONE) = 0
8322  14:36:06.170445 mprotect(0xb7e06000, 4096, PROT_NONE) = 0
8322  14:36:06.170460 read(6, "assasaaa\na\na\na\na\n", 65536) = 17
8322  14:36:06.170480 write(4, "assasaaa\na\na\na\na\n", 17) = 17
8322  14:36:06.170503 read(6, "", 65536) = 0
8322  14:36:06.170518 rt_sigaction(SIGALRM, {0x805cad0, ~[RTMIN RT_1], 0}, NULL, 8) = 0
8322  14:36:06.170538 alarm(300)        = 300
8322  14:36:06.170552 close(6)          = 0
8322  14:36:06.170565 alarm(0)          = 300
8322  14:36:06.170579 gettimeofday({1495650966, 170584}, NULL) = 0
8322  14:36:06.170605 getpid()          = 8322
8322  14:36:06.170622 gettimeofday({1495650966, 170627}, NULL) = 0
8322  14:36:06.170647 fcntl64(3, F_SETLKW64, {type=F_WRLCK, whence=SEEK_SET, start=0, len=0}, 0xbfa86c14) = 0
8322  14:36:06.170668 write(3, "Wed May 24 14:36:06 2017 [pid 8322] [msfadmin] OK UPLOAD: Client \"127.0.0.1\", \"/home/msfadmin/myfile18\", 17 bytes, 18.24Kbyte/sec\n", 130) = 130
8322  14:36:06.170697 fcntl64(3, F_SETLK64, {type=F_UNLCK, whence=SEEK_SET, start=0, len=0}, 0xbfa86c1c) = 0
8322  14:36:06.170718 write(0, "226 Transfer complete.\r\n", 24) = 24
8322  14:36:06.170774 write(5, "\n", 1) = 1
8322  14:36:06.170792 read(5,  <unfinished ...>
8320  14:36:06.170802 close(6)          = 0
8320  14:36:06.170827 read(4, "\n", 1)  = 1
8320  14:36:06.170844 close(5)          = 0
8320  14:36:06.170859 write(4, "\1", 1) = 1
8322  14:36:06.170874 <... read resumed> "\1", 1) = 1
8322  14:36:06.170885 close(4)          = 0
8322  14:36:06.170900 rt_sigaction(SIGALRM, {0x805cad0, ~[RTMIN RT_1], 0}, NULL, 8) = 0
8322  14:36:06.170919 alarm(300)        = 0
8322  14:36:06.170935 recv(0,  <unfinished ...>
8320  14:36:06.170946 read(4,  <unfinished ...>
8322  14:36:06.688118 <... recv resumed> "TYPE I\r\n", 4096, MSG_PEEK) = 8
8322  14:36:06.688269 read(0, "TYPE I\r\n", 8) = 8
8322  14:36:06.688354 write(0, "200 Switching to Binary mode.\r\n", 31) = 31
8322  14:36:06.688546 rt_sigaction(SIGALRM, {0x805cad0, ~[RTMIN RT_1], 0}, NULL, 8) = 0
8322  14:36:06.688618 alarm(300)        = 299
8322  14:36:06.688736 recv(0, "PASV\r\n", 4096, MSG_PEEK) = 6
8322  14:36:06.688795 read(0, "PASV\r\n", 6) = 6
8322  14:36:06.688847 write(5, "\n", 1) = 1
8322  14:36:06.688898 read(5,  <unfinished ...>
8320  14:36:06.688930 <... read resumed> "\n", 1) = 1
8320  14:36:06.688966 write(4, "\1", 1) = 1
8322  14:36:06.689023 <... read resumed> "\1", 1) = 1
8322  14:36:06.689057 write(5, "\f", 1) = 1
8322  14:36:06.689101 read(5,  <unfinished ...>
8320  14:36:06.689130 read(4, "\f", 1)  = 1
8320  14:36:06.689255 socket(PF_INET, SOCK_STREAM, IPPROTO_TCP) = 5
8320  14:36:06.689321 setsockopt(5, SOL_SOCKET, SO_REUSEADDR, [1], 4) = 0
8320  14:36:06.689378 bind(5, {sa_family=AF_INET, sin_port=htons(6480), sin_addr=inet_addr("127.0.0.1")}, 16) = 0
8320  14:36:06.689442 listen(5, 1)      = 0
8320  14:36:06.689497 write(4, "P\31\0\0", 4) = 4
8322  14:36:06.689544 <... read resumed> "P\31\0\0", 4) = 4
8322  14:36:06.689593 write(0, "227 Entering Passive Mode (127,0,0,1,25,80).\r\n", 46) = 46
8322  14:36:06.690091 rt_sigaction(SIGALRM, {0x805cad0, ~[RTMIN RT_1], 0}, NULL, 8) = 0
8322  14:36:06.690256 alarm(300)        = 300
8322  14:36:06.690316 recv(0, "STOR myfile19\r\n", 4096, MSG_PEEK) = 15
8322  14:36:06.690373 read(0, "STOR myfile19\r\n", 15) = 15
8322  14:36:06.690448 write(5, "\v", 1) = 1
8322  14:36:06.690521 read(5,  <unfinished ...>
8320  14:36:06.690569 read(4, "\v", 1)  = 1
8320  14:36:06.690619 write(4, "\1\0\0\0", 4) = 4
8322  14:36:06.690719 <... read resumed> "\1\0\0\0", 4) = 4
8322  14:36:06.690758 gettimeofday({1495650966, 690774}, NULL) = 0
8322  14:36:06.690805 getcwd("/home/msfadmin", 4096) = 15
8322  14:36:06.690859 open("myfile19", O_WRONLY|O_CREAT|O_NONBLOCK|O_LARGEFILE, 0666) = 4
8322  14:36:06.690918 fstat64(4, {st_mode=S_IFREG|0644, st_size=17, ...}) = 0
8322  14:36:06.690992 fcntl64(4, F_GETFL) = 0x8801 (flags O_WRONLY|O_NONBLOCK|O_LARGEFILE)
8322  14:36:06.691040 fcntl64(4, F_SETFL, O_WRONLY|O_LARGEFILE) = 0
8322  14:36:06.691084 fcntl64(4, F_SETLKW64, {type=F_WRLCK, whence=SEEK_SET, start=0, len=0}, 0xbfa86c74) = 0
8322  14:36:06.691194 ftruncate64(4, 0) = 0
8322  14:36:06.691269 _llseek(4, 0, [0], SEEK_SET) = 0
8322  14:36:06.691319 write(5, "\v", 1) = 1
8322  14:36:06.691365 read(5,  <unfinished ...>
8320  14:36:06.691396 read(4, "\v", 1)  = 1
8320  14:36:06.691444 write(4, "\1\0\0\0", 4) = 4
8322  14:36:06.691490 <... read resumed> "\1\0\0\0", 4) = 4
8322  14:36:06.691522 write(5, "\v", 1) = 1
8322  14:36:06.691564 read(5,  <unfinished ...>
8320  14:36:06.691592 read(4, "\v", 1)  = 1
8320  14:36:06.691686 write(4, "\1\0\0\0", 4) = 4
8322  14:36:06.691739 <... read resumed> "\1\0\0\0", 4) = 4
8322  14:36:06.691771 write(5, "\r", 1) = 1
8322  14:36:06.691814 read(5,  <unfinished ...>
8320  14:36:06.691843 read(4, "\r", 1)  = 1
8320  14:36:06.691892 select(6, [5], NULL, NULL, {60, 0}) = 1 (in [5], left {60, 0})
8320  14:36:06.691960 accept(5, {sa_family=AF_INET, sin_port=htons(33738), sin_addr=inet_addr("127.0.0.1")}, [16]) = 6
8320  14:36:06.692053 write(4, "\1", 1) = 1
8322  14:36:06.692098 <... read resumed> "\1", 1) = 1
8322  14:36:06.692217 recvmsg(5,  <unfinished ...>
8320  14:36:06.692265 sendmsg(4, {msg_name(0)=NULL, msg_iov(1)=[{"\0", 1}], msg_controllen=16, {cmsg_len=16, cmsg_level=SOL_SOCKET, cmsg_type=SCM_RIGHTS, {6}}, msg_flags=0}, 0) = 1
8322  14:36:06.692341 <... recvmsg resumed> {msg_name(0)=NULL, msg_iov(1)=[{"\0", 1}], msg_controllen=16, {cmsg_len=16, cmsg_level=SOL_SOCKET, cmsg_type=SCM_RIGHTS, {6}}, msg_flags=0}, 0) = 1
8322  14:36:06.692398 setsockopt(6, SOL_SOCKET, SO_KEEPALIVE, [1], 4) = 0
8322  14:36:06.692450 setsockopt(6, SOL_IP, IP_TOS, [8], 4) = 0
8322  14:36:06.692501 setsockopt(6, SOL_SOCKET, SO_LINGER, {onoff=1, linger=32767}, 8) = 0
8322  14:36:06.692550 rt_sigaction(SIGALRM, {0x805cad0, ~[RTMIN RT_1], 0}, NULL, 8) = 0
8322  14:36:06.692607 alarm(300)        = 300
8322  14:36:06.692662 write(0, "150 Ok to send data.\r\n", 22) = 22
8322  14:36:06.692939 read(6, "assasaaa\na\na\na\na\n", 65536) = 17
8322  14:36:06.693001 write(4, "assasaaa\na\na\na\na\n", 17) = 17
8322  14:36:06.693076 read(6, "", 65536) = 0
8322  14:36:06.693172 rt_sigaction(SIGALRM, {0x805cad0, ~[RTMIN RT_1], 0}, NULL, 8) = 0
8322  14:36:06.693237 alarm(300)        = 300
8322  14:36:06.693281 close(6)          = 0
8322  14:36:06.693321 alarm(0)          = 300
8322  14:36:06.693362 gettimeofday({1495650966, 693378}, NULL) = 0
8322  14:36:06.693422 gettimeofday({1495650966, 693438}, NULL) = 0
8322  14:36:06.693476 fcntl64(3, F_SETLKW64, {type=F_WRLCK, whence=SEEK_SET, start=0, len=0}, 0xbfa86c14) = 0
8322  14:36:06.693554 write(3, "Wed May 24 14:36:06 2017 [pid 8322] [msfadmin] OK UPLOAD: Client \"127.0.0.1\", \"/home/msfadmin/myfile19\", 17 bytes, 6.23Kbyte/sec\n", 129) = 129
8322  14:36:06.693641 fcntl64(3, F_SETLK64, {type=F_UNLCK, whence=SEEK_SET, start=0, len=0}, 0xbfa86c1c) = 0
8322  14:36:06.693703 write(0, "226 Transfer complete.\r\n", 24) = 24
8322  14:36:06.693881 write(5, "\n", 1) = 1
8322  14:36:06.693932 read(5,  <unfinished ...>
8320  14:36:06.693962 close(6)          = 0
8320  14:36:06.694045 read(4, "\n", 1)  = 1
8320  14:36:06.694163 close(5)          = 0
8320  14:36:06.694218 write(4, "\1", 1) = 1
8322  14:36:06.694266 <... read resumed> "\1", 1) = 1
8322  14:36:06.694297 close(4)          = 0
8322  14:36:06.694352 rt_sigaction(SIGALRM, {0x805cad0, ~[RTMIN RT_1], 0}, NULL, 8) = 0
8322  14:36:06.694410 alarm(300)        = 0
8322  14:36:06.694459 recv(0,  <unfinished ...>
8320  14:36:06.694491 read(4,  <unfinished ...>
8322  14:36:07.238119 <... recv resumed> "TYPE I\r\n", 4096, MSG_PEEK) = 8
8322  14:36:07.238208 read(0, "TYPE I\r\n", 8) = 8
8322  14:36:07.238287 write(0, "200 Switching to Binary mode.\r\n", 31) = 31
8322  14:36:07.238467 rt_sigaction(SIGALRM, {0x805cad0, ~[RTMIN RT_1], 0}, NULL, 8) = 0
8322  14:36:07.238622 alarm(300)        = 299
8322  14:36:07.238681 recv(0, "PASV\r\n", 4096, MSG_PEEK) = 6
8322  14:36:07.238734 read(0, "PASV\r\n", 6) = 6
8322  14:36:07.238787 write(5, "\n", 1) = 1
8322  14:36:07.238838 read(5,  <unfinished ...>
8320  14:36:07.238870 <... read resumed> "\n", 1) = 1
8320  14:36:07.238912 write(4, "\1", 1) = 1
8322  14:36:07.238982 <... read resumed> "\1", 1) = 1
8322  14:36:07.239021 write(5, "\f", 1) = 1
8322  14:36:07.239064 read(5,  <unfinished ...>
8320  14:36:07.239094 read(4, "\f", 1)  = 1
8320  14:36:07.239146 socket(PF_INET, SOCK_STREAM, IPPROTO_TCP) = 5
8320  14:36:07.239206 setsockopt(5, SOL_SOCKET, SO_REUSEADDR, [1], 4) = 0
8320  14:36:07.239262 bind(5, {sa_family=AF_INET, sin_port=htons(21990), sin_addr=inet_addr("127.0.0.1")}, 16) = 0
8320  14:36:07.239326 listen(5, 1)      = 0
8320  14:36:07.239381 write(4, "\346U\0\0", 4) = 4
8322  14:36:07.239427 <... read resumed> "\346U\0\0", 4) = 4
8322  14:36:07.239477 write(0, "227 Entering Passive Mode (127,0,0,1,85,230).\r\n", 47) = 47
8322  14:36:07.239950 rt_sigaction(SIGALRM, {0x805cad0, ~[RTMIN RT_1], 0}, NULL, 8) = 0
8322  14:36:07.240024 alarm(300)        = 300
8322  14:36:07.240075 recv(0, "STOR myfile20\r\n", 4096, MSG_PEEK) = 15
8322  14:36:07.240129 read(0, "STOR myfile20\r\n", 15) = 15
8322  14:36:07.240211 write(5, "\v", 1) = 1
8322  14:36:07.240260 read(5,  <unfinished ...>
8320  14:36:07.240291 read(4, "\v", 1)  = 1
8320  14:36:07.240339 write(4, "\1\0\0\0", 4) = 4
8322  14:36:07.240385 <... read resumed> "\1\0\0\0", 4) = 4
8322  14:36:07.240417 gettimeofday({1495650967, 240433}, NULL) = 0
8322  14:36:07.240527 getcwd("/home/msfadmin", 4096) = 15
8322  14:36:07.240588 open("myfile20", O_WRONLY|O_CREAT|O_NONBLOCK|O_LARGEFILE, 0666) = 4
8322  14:36:07.240647 fstat64(4, {st_mode=S_IFREG|0644, st_size=17, ...}) = 0
8322  14:36:07.240721 fcntl64(4, F_GETFL) = 0x8801 (flags O_WRONLY|O_NONBLOCK|O_LARGEFILE)
8322  14:36:07.240770 fcntl64(4, F_SETFL, O_WRONLY|O_LARGEFILE) = 0
8322  14:36:07.240813 fcntl64(4, F_SETLKW64, {type=F_WRLCK, whence=SEEK_SET, start=0, len=0}, 0xbfa86c74) = 0
8322  14:36:07.240871 ftruncate64(4, 0) = 0
8322  14:36:07.240944 _llseek(4, 0, [0], SEEK_SET) = 0
8322  14:36:07.240992 write(5, "\v", 1) = 1
8322  14:36:07.241038 read(5,  <unfinished ...>
8320  14:36:07.241068 read(4, "\v", 1)  = 1
8320  14:36:07.241117 write(4, "\1\0\0\0", 4) = 4
8322  14:36:07.241162 <... read resumed> "\1\0\0\0", 4) = 4
8322  14:36:07.241194 write(5, "\v", 1) = 1
8322  14:36:07.241237 read(5,  <unfinished ...>
8320  14:36:07.241265 read(4, "\v", 1)  = 1
8320  14:36:07.241310 write(4, "\1\0\0\0", 4) = 4
8322  14:36:07.241354 <... read resumed> "\1\0\0\0", 4) = 4
8322  14:36:07.241386 write(5, "\r", 1) = 1
8322  14:36:07.241479 read(5,  <unfinished ...>
8320  14:36:07.241515 read(4, "\r", 1)  = 1
8320  14:36:07.241588 select(6, [5], NULL, NULL, {60, 0}) = 1 (in [5], left {60, 0})
8320  14:36:07.241658 accept(5, {sa_family=AF_INET, sin_port=htons(43204), sin_addr=inet_addr("127.0.0.1")}, [16]) = 6
8320  14:36:07.241753 write(4, "\1", 1) = 1
8322  14:36:07.241798 <... read resumed> "\1", 1) = 1
8322  14:36:07.241835 recvmsg(5,  <unfinished ...>
8320  14:36:07.241871 sendmsg(4, {msg_name(0)=NULL, msg_iov(1)=[{"\0", 1}], msg_controllen=16, {cmsg_len=16, cmsg_level=SOL_SOCKET, cmsg_type=SCM_RIGHTS, {6}}, msg_flags=0}, 0) = 1
8322  14:36:07.241944 <... recvmsg resumed> {msg_name(0)=NULL, msg_iov(1)=[{"\0", 1}], msg_controllen=16, {cmsg_len=16, cmsg_level=SOL_SOCKET, cmsg_type=SCM_RIGHTS, {6}}, msg_flags=0}, 0) = 1
8322  14:36:07.242001 setsockopt(6, SOL_SOCKET, SO_KEEPALIVE, [1], 4) = 0
8322  14:36:07.242054 setsockopt(6, SOL_IP, IP_TOS, [8], 4) = 0
8322  14:36:07.242104 setsockopt(6, SOL_SOCKET, SO_LINGER, {onoff=1, linger=32767}, 8) = 0
8322  14:36:07.242152 rt_sigaction(SIGALRM, {0x805cad0, ~[RTMIN RT_1], 0}, NULL, 8) = 0
8322  14:36:07.242211 alarm(300)        = 300
8322  14:36:07.242265 write(0, "150 Ok to send data.\r\n", 22 <unfinished ...>
8320  14:36:07.242301 close(6)          = 0
8320  14:36:07.242343 read(4,  <unfinished ...>
8322  14:36:07.242630 <... write resumed> ) = 22
8322  14:36:07.242682 read(6, "assasaaa\na\na\na\na\n", 65536) = 17
8322  14:36:07.242738 write(4, "assasaaa\na\na\na\na\n", 17) = 17
