12279 15:16:49.782937 connect(4, {sa_family=AF_FILE, path="/var/run/nscd/socket"}, 110) = -1 ENOENT (No such file or directory)
12279 15:16:49.782938 close(4)          = 0
12279 15:16:49.782938 open("/etc/group", O_RDONLY|0x80000 /* O_??? */) = 4
12279 15:16:49.782958 _llseek(4, 0, [0], SEEK_CUR) = 0
12279 15:16:49.782981 fstat64(4, {st_mode=S_IFREG|0644, st_size=886, ...}) = 0
12279 15:16:49.783015 mmap2(NULL, 886, PROT_READ, MAP_SHARED, 4, 0) = 0xb7f85000
12279 15:16:49.783039 _llseek(4, 886, [886], SEEK_SET) = 0
12279 15:16:49.783115 fstat64(4, {st_mode=S_IFREG|0644, st_size=886, ...}) = 0
12279 15:16:49.783151 munmap(0xb7f85000, 886) = 0
12279 15:16:49.783173 close(4)          = 0
12279 15:16:49.783199 setgroups32(13, [1000, 4, 20, 24, 25, 29, 30, 44, 46, 107, 111, 112, 119]) = 0
12279 15:16:49.783250 geteuid32()       = 0
12279 15:16:49.783287 getegid32()       = 0
12279 15:16:49.783322 setregid32(-1, 1000) = 0
12279 15:16:49.783357 setreuid32(-1, 1000) = 0
12279 15:16:49.783393 chdir("/home/msfadmin") = 0
12279 15:16:49.783430 setreuid32(-1, 0) = 0
12279 15:16:49.783461 setregid32(-1, 0) = 0
12279 15:16:49.783491 setgid32(1000)    = 0
12279 15:16:49.783513 setuid32(1000)    = 0
12279 15:16:49.783534 setrlimit(RLIMIT_NPROC, {rlim_cur=0, rlim_max=0}) = 0
12279 15:16:49.783547 mmap2(NULL, 12288, PROT_READ|PROT_WRITE, MAP_PRIVATE|MAP_ANONYMOUS, -1, 0) = 0xb7f83000
12279 15:16:49.783588 mprotect(0xb7f85000, 4096, PROT_NONE) = 0
12279 15:16:49.783613 mprotect(0xb7f83000, 4096, PROT_NONE) = 0
12279 15:16:49.783638 getcwd("/home/msfadmin", 4096) = 15
12279 15:16:49.783667 umask(022)        = 077
12279 15:16:49.783688 getcwd("/home/msfadmin", 4096) = 15
12279 15:16:49.783716 open(".message", O_RDONLY|O_NONBLOCK|O_LARGEFILE) = -1 ENOENT (No such file or directory)
12279 15:16:49.783766 write(0, "230 Login successful.\r\n", 23) = 23
12279 15:16:49.784030 rt_sigaction(SIGALRM, {0x805cad0, ~[RTMIN RT_1], 0}, NULL, 8) = 0
12279 15:16:49.784069 alarm(300)        = 0
12279 15:16:49.784093 mmap2(NULL, 12288, PROT_READ|PROT_WRITE, MAP_PRIVATE|MAP_ANONYMOUS, -1, 0) = 0xb7f80000
12279 15:16:49.784117 mprotect(0xb7f82000, 4096, PROT_NONE) = 0
12279 15:16:49.784141 mprotect(0xb7f80000, 4096, PROT_NONE) = 0
12279 15:16:49.784169 recv(0, "TYPE I\r\n", 4096, MSG_PEEK) = 8
12279 15:16:49.784195 read(0, "TYPE I\r\n", 8) = 8
12279 15:16:49.784241 write(0, "200 Switching to Binary mode.\r\n", 31) = 31
12279 15:16:49.784325 rt_sigaction(SIGALRM, {0x805cad0, ~[RTMIN RT_1], 0}, NULL, 8) = 0
12279 15:16:49.784355 alarm(300)        = 300
12279 15:16:49.784379 recv(0, "PASV\r\n", 4096, MSG_PEEK) = 6
12279 15:16:49.784402 read(0, "PASV\r\n", 6) = 6
12279 15:16:49.784427 write(5, "\n", 1) = 1
12279 15:16:49.784449 read(5,  <unfinished ...>
12277 15:16:49.784476 close(5)          = 0
12277 15:16:49.784503 getuid32()        = 0
12277 15:16:49.784535 open("/etc/passwd", O_RDONLY|0x80000 /* O_??? */) = 5
12277 15:16:49.784566 _llseek(5, 0, [0], SEEK_CUR) = 0
12277 15:16:49.784595 fstat64(5, {st_mode=S_IFREG|0644, st_size=1624, ...}) = 0
12277 15:16:49.784639 mmap2(NULL, 1624, PROT_READ, MAP_SHARED, 5, 0) = 0xb7f85000
12277 15:16:49.784664 _llseek(5, 1624, [1624], SEEK_SET) = 0
12277 15:16:49.784702 munmap(0xb7f85000, 1624) = 0
12277 15:16:49.784727 close(5)          = 0
12277 15:16:49.784761 setgroups32(0, []) = 0
12277 15:16:49.784785 chdir("/usr/share/empty") = 0
12277 15:16:49.784812 chroot(".")       = 0
12277 15:16:49.784854 capset(NULL, NULL) = -1 EFAULT (Bad address)
12277 15:16:49.784884 prctl(0x8, 0, 0xbf91ebc8, 0x80549a6, 0xbf91ebb0) = 0
12277 15:16:49.784907 prctl(0x8, 0x1, 0xbf91ebc8, 0x8054a49, 0xbf91ebb0) = 0
12277 15:16:49.784929 setgid32(65534)   = 0
12277 15:16:49.784949 setuid32(65534)   = 0
12277 15:16:49.784969 capset(0x19980330, 0, {CAP_NET_BIND_SERVICE, CAP_NET_BIND_SERVICE, 0}) = 0
12277 15:16:49.785007 read(4, "\n", 1)  = 1
12277 15:16:49.785036 write(4, "\1", 1) = 1
12279 15:16:49.785059 <... read resumed> "\1", 1) = 1
12279 15:16:49.785075 write(5, "\f", 1) = 1
12279 15:16:49.785096 read(5,  <unfinished ...>
12277 15:16:49.785110 read(4, "\f", 1)  = 1
12277 15:16:49.785136 socket(PF_INET, SOCK_STREAM, IPPROTO_TCP) = 5
12277 15:16:49.785165 setsockopt(5, SOL_SOCKET, SO_REUSEADDR, [1], 4) = 0
12277 15:16:49.785189 gettimeofday({1495653409, 785196}, NULL) = 0
12277 15:16:49.785222 bind(5, {sa_family=AF_INET, sin_port=htons(23397), sin_addr=inet_addr("127.0.0.1")}, 16) = 0
12277 15:16:49.785255 listen(5, 1)      = 0
12277 15:16:49.785282 write(4, "e[\0\0", 4) = 4
12279 15:16:49.785304 <... read resumed> "e[\0\0", 4) = 4
12279 15:16:49.785332 write(0, "227 Entering Passive Mode (127,0,0,1,91,101).\r\n", 47) = 47
12279 15:16:49.785554 rt_sigaction(SIGALRM, {0x805cad0, ~[RTMIN RT_1], 0}, NULL, 8) = 0
12279 15:16:49.785591 alarm(300)        = 300
12279 15:16:49.785615 recv(0, "STOR myfile30\r\n", 4096, MSG_PEEK) = 15
12279 15:16:49.785640 read(0, "STOR myfile30\r\n", 15) = 15
12279 15:16:49.785671 write(5, "\v", 1) = 1
12279 15:16:49.785693 read(5,  <unfinished ...>
12277 15:16:49.785707 read(4, "\v", 1)  = 1
12277 15:16:49.785730 write(4, "\1\0\0\0", 4) = 4
12279 15:16:49.785752 <... read resumed> "\1\0\0\0", 4) = 4
12279 15:16:49.785769 gettimeofday({1495653409, 785777}, NULL) = 0
12279 15:16:49.785791 getcwd("/home/msfadmin", 4096) = 15
12279 15:16:49.785849 open("myfile30", O_WRONLY|O_CREAT|O_NONBLOCK|O_LARGEFILE, 0666) = 4
12279 15:16:49.785888 fstat64(4, {st_mode=S_IFREG|0644, st_size=17, ...}) = 0
12279 15:16:49.785923 fcntl64(4, F_GETFL) = 0x8801 (flags O_WRONLY|O_NONBLOCK|O_LARGEFILE)
12279 15:16:49.785946 fcntl64(4, F_SETFL, O_WRONLY|O_LARGEFILE) = 0
12279 15:16:49.785966 fcntl64(4, F_SETLKW64, {type=F_WRLCK, whence=SEEK_SET, start=0, len=0}, 0xbf91eb14) = 0
12279 15:16:49.785999 ftruncate64(4, 0) = 0
12279 15:16:49.786035 _llseek(4, 0, [0], SEEK_SET) = 0
12279 15:16:49.786057 write(5, "\v", 1) = 1
12279 15:16:49.786079 read(5,  <unfinished ...>
12277 15:16:49.786095 read(4, "\v", 1)  = 1
12277 15:16:49.786118 write(4, "\1\0\0\0", 4) = 4
12279 15:16:49.786139 <... read resumed> "\1\0\0\0", 4) = 4
12279 15:16:49.786155 write(5, "\v", 1) = 1
12279 15:16:49.786175 read(5,  <unfinished ...>
12277 15:16:49.786188 read(4, "\v", 1)  = 1
12277 15:16:49.786212 write(4, "\1\0\0\0", 4) = 4
12279 15:16:49.786242 <... read resumed> "\1\0\0\0", 4) = 4
12279 15:16:49.786258 write(5, "\r", 1) = 1
12279 15:16:49.786279 read(5,  <unfinished ...>
12277 15:16:49.786293 read(4, "\r", 1)  = 1
12277 15:16:49.786319 select(6, [5], NULL, NULL, {60, 0}) = 1 (in [5], left {60, 0})
12277 15:16:49.786354 accept(5, {sa_family=AF_INET, sin_port=htons(55878), sin_addr=inet_addr("127.0.0.1")}, [16]) = 6
12277 15:16:49.786400 write(4, "\1", 1) = 1
12279 15:16:49.786421 <... read resumed> "\1", 1) = 1
12279 15:16:49.786441 recvmsg(5,  <unfinished ...>
12277 15:16:49.786460 sendmsg(4, {msg_name(0)=NULL, msg_iov(1)=[{"\0", 1}], msg_controllen=16, {cmsg_len=16, cmsg_level=SOL_SOCKET, cmsg_type=SCM_RIGHTS, {6}}, msg_flags=0}, 0) = 1
12279 15:16:49.786495 <... recvmsg resumed> {msg_name(0)=NULL, msg_iov(1)=[{"\0", 1}], msg_controllen=16, {cmsg_len=16, cmsg_level=SOL_SOCKET, cmsg_type=SCM_RIGHTS, {6}}, msg_flags=0}, 0) = 1
12279 15:16:49.786522 setsockopt(6, SOL_SOCKET, SO_KEEPALIVE, [1], 4) = 0
12279 15:16:49.786547 setsockopt(6, SOL_IP, IP_TOS, [8], 4) = 0
12279 15:16:49.786570 setsockopt(6, SOL_SOCKET, SO_LINGER, {onoff=1, linger=32767}, 8) = 0
12279 15:16:49.786595 rt_sigaction(SIGALRM, {0x805cad0, ~[RTMIN RT_1], 0}, NULL, 8) = 0
12279 15:16:49.786630 alarm(300)        = 300
12279 15:16:49.786657 write(0, "150 Ok to send data.\r\n", 22) = 22
12279 15:16:49.786811 mmap2(NULL, 77824, PROT_READ|PROT_WRITE, MAP_PRIVATE|MAP_ANONYMOUS, -1, 0) = 0xb7dba000
12279 15:16:49.786841 mprotect(0xb7dcc000, 4096, PROT_NONE) = 0
12279 15:16:49.786866 mprotect(0xb7dba000, 4096, PROT_NONE) = 0
12279 15:16:49.786887 read(6, "assasaaa\na\na\na\na\n", 65536) = 17
12279 15:16:49.786916 write(4, "assasaaa\na\na\na\na\n", 17) = 17
12279 15:16:49.786948 read(6, "", 65536) = 0
12279 15:16:49.786972 rt_sigaction(SIGALRM, {0x805cad0, ~[RTMIN RT_1], 0}, NULL, 8) = 0
12279 15:16:49.787009 alarm(300)        = 300
12279 15:16:49.787030 close(6)          = 0
12279 15:16:49.787049 alarm(0)          = 300
12279 15:16:49.787068 gettimeofday({1495653409, 787076}, NULL) = 0
12279 15:16:49.787107 getpid()          = 12279
12279 15:16:49.787131 gettimeofday({1495653409, 787139}, NULL) = 0
12279 15:16:49.787166 fcntl64(3, F_SETLKW64, {type=F_WRLCK, whence=SEEK_SET, start=0, len=0}, 0xbf91eab4) = 0
12279 15:16:49.787197 write(3, "Wed May 24 15:16:49 2017 [pid 12279] [msfadmin] OK UPLOAD: Client \"127.0.0.1\", \"/home/msfadmin/myfile30\", 17 bytes, 12.19Kbyte/sec\n", 131) = 131
12279 15:16:49.787238 fcntl64(3, F_SETLK64, {type=F_UNLCK, whence=SEEK_SET, start=0, len=0}, 0xbf91eabc) = 0
12279 15:16:49.787268 write(0, "226 Transfer complete.\r\n", 24) = 24
12279 15:16:49.787349 write(5, "\n", 1) = 1
12279 15:16:49.787379 read(5,  <unfinished ...>
12277 15:16:49.787399 close(6)          = 0
12277 15:16:49.787437 read(4, "\n", 1)  = 1
12277 15:16:49.787461 close(5)          = 0
12277 15:16:49.787484 write(4, "\1", 1) = 1
12279 15:16:49.787506 <... read resumed> "\1", 1) = 1
12279 15:16:49.787520 close(4)          = 0
12279 15:16:49.787542 rt_sigaction(SIGALRM, {0x805cad0, ~[RTMIN RT_1], 0}, NULL, 8) = 0
12279 15:16:49.787569 alarm(300)        = 0
12279 15:16:49.787592 recv(0,  <unfinished ...>
12277 15:16:49.787608 read(4,  <unfinished ...>
12279 15:16:50.323828 <... recv resumed> "TYPE I\r\n", 4096, MSG_PEEK) = 8
12279 15:16:50.323917 read(0, "TYPE I\r\n", 8) = 8
12279 15:16:50.323999 write(0, "200 Switching to Binary mode.\r\n", 31) = 31
12279 15:16:50.324177 rt_sigaction(SIGALRM, {0x805cad0, ~[RTMIN RT_1], 0}, NULL, 8) = 0
12279 15:16:50.324251 alarm(300)        = 299
12279 15:16:50.324377 recv(0, "PASV\r\n", 4096, MSG_PEEK) = 6
12279 15:16:50.324434 read(0, "PASV\r\n", 6) = 6
12279 15:16:50.324487 write(5, "\n", 1) = 1
12279 15:16:50.324539 read(5,  <unfinished ...>
12277 15:16:50.324571 <... read resumed> "\n", 1) = 1
12277 15:16:50.324607 write(4, "\1", 1) = 1
12279 15:16:50.324653 <... read resumed> "\1", 1) = 1
12279 15:16:50.324684 write(5, "\f", 1) = 1
12279 15:16:50.324728 read(5,  <unfinished ...>
12277 15:16:50.324757 read(4, "\f", 1)  = 1
12277 15:16:50.324809 socket(PF_INET, SOCK_STREAM, IPPROTO_TCP) = 5
12277 15:16:50.324869 setsockopt(5, SOL_SOCKET, SO_REUSEADDR, [1], 4) = 0
12277 15:16:50.324927 bind(5, {sa_family=AF_INET, sin_port=htons(57885), sin_addr=inet_addr("127.0.0.1")}, 16) = 0
12277 15:16:50.324991 listen(5, 1)      = 0
12277 15:16:50.325047 write(4, "\35\342\0\0", 4) = 4
12279 15:16:50.325095 <... read resumed> "\35\342\0\0", 4) = 4
12279 15:16:50.325147 write(0, "227 Entering Passive Mode (127,0,0,1,226,29).\r\n", 47) = 47
12279 15:16:50.325616 rt_sigaction(SIGALRM, {0x805cad0, ~[RTMIN RT_1], 0}, NULL, 8) = 0
12279 15:16:50.325693 alarm(300)        = 300
12279 15:16:50.325745 recv(0, "STOR myfile31\r\n", 4096, MSG_PEEK) = 15
12279 15:16:50.325799 read(0, "STOR myfile31\r\n", 15) = 15
12279 15:16:50.325858 write(5, "\v", 1) = 1
12279 15:16:50.325904 read(5,  <unfinished ...>
12277 15:16:50.325935 read(4, "\v", 1)  = 1
12277 15:16:50.325984 write(4, "\1\0\0\0", 4) = 4
12279 15:16:50.326030 <... read resumed> "\1\0\0\0", 4) = 4
12279 15:16:50.326063 gettimeofday({1495653410, 326081}, NULL) = 0
12279 15:16:50.326112 getcwd("/home/msfadmin", 4096) = 15
12279 15:16:50.326166 open("myfile31", O_WRONLY|O_CREAT|O_NONBLOCK|O_LARGEFILE, 0666) = 4
12279 15:16:50.326286 fstat64(4, {st_mode=S_IFREG|0644, st_size=17, ...}) = 0
12279 15:16:50.326369 fcntl64(4, F_GETFL) = 0x8801 (flags O_WRONLY|O_NONBLOCK|O_LARGEFILE)
12279 15:16:50.326417 fcntl64(4, F_SETFL, O_WRONLY|O_LARGEFILE) = 0
12279 15:16:50.326460 fcntl64(4, F_SETLKW64, {type=F_WRLCK, whence=SEEK_SET, start=0, len=0}, 0xbf91eb14) = 0
12279 15:16:50.326519 ftruncate64(4, 0) = 0
12279 15:16:50.326590 _llseek(4, 0, [0], SEEK_SET) = 0
12279 15:16:50.326639 write(5, "\v", 1) = 1
12279 15:16:50.326685 read(5,  <unfinished ...>
12277 15:16:50.326717 read(4, "\v", 1)  = 1
12277 15:16:50.326765 write(4, "\1\0\0\0", 4) = 4
12279 15:16:50.326811 <... read resumed> "\1\0\0\0", 4) = 4
12279 15:16:50.326843 write(5, "\v", 1) = 1
12279 15:16:50.326886 read(5,  <unfinished ...>
12277 15:16:50.326915 read(4, "\v", 1)  = 1
12277 15:16:50.326962 write(4, "\1\0\0\0", 4) = 4
12279 15:16:50.327006 <... read resumed> "\1\0\0\0", 4) = 4
12279 15:16:50.327038 write(5, "\r", 1) = 1
12279 15:16:50.327081 read(5,  <unfinished ...>
12277 15:16:50.327109 read(4, "\r", 1)  = 1
12277 15:16:50.327310 select(6, [5], NULL, NULL, {60, 0}) = 1 (in [5], left {60, 0})
12277 15:16:50.327395 accept(5, {sa_family=AF_INET, sin_port=htons(37945), sin_addr=inet_addr("127.0.0.1")}, [16]) = 6
12277 15:16:50.327490 write(4, "\1", 1) = 1
12279 15:16:50.327537 <... read resumed> "\1", 1) = 1
12279 15:16:50.327575 recvmsg(5,  <unfinished ...>
12277 15:16:50.327611 sendmsg(4, {msg_name(0)=NULL, msg_iov(1)=[{"\0", 1}], msg_controllen=16, {cmsg_len=16, cmsg_level=SOL_SOCKET, cmsg_type=SCM_RIGHTS, {6}}, msg_flags=0}, 0) = 1
12279 15:16:50.327683 <... recvmsg resumed> {msg_name(0)=NULL, msg_iov(1)=[{"\0", 1}], msg_controllen=16, {cmsg_len=16, cmsg_level=SOL_SOCKET, cmsg_type=SCM_RIGHTS, {6}}, msg_flags=0}, 0) = 1
12279 15:16:50.327740 setsockopt(6, SOL_SOCKET, SO_KEEPALIVE, [1], 4) = 0
12279 15:16:50.327793 setsockopt(6, SOL_IP, IP_TOS, [8], 4) = 0
12279 15:16:50.327844 setsockopt(6, SOL_SOCKET, SO_LINGER, {onoff=1, linger=32767}, 8) = 0
12279 15:16:50.327914 rt_sigaction(SIGALRM, {0x805cad0, ~[RTMIN RT_1], 0}, NULL, 8) = 0
12279 15:16:50.327973 alarm(300)        = 300
12279 15:16:50.328029 write(0, "150 Ok to send data.\r\n", 22) = 22
12279 15:16:50.328372 read(6, "assasaaa\na\na\na\na\n", 65536) = 17
12279 15:16:50.328441 write(4, "assasaaa\na\na\na\na\n", 17) = 17
12279 15:16:50.328514 read(6, "", 65536) = 0
12279 15:16:50.328560 rt_sigaction(SIGALRM, {0x805cad0, ~[RTMIN RT_1], 0}, NULL, 8) = 0
12279 15:16:50.328620 alarm(300)        = 300
12279 15:16:50.328663 close(6)          = 0
12279 15:16:50.328704 alarm(0)          = 300
12279 15:16:50.328745 gettimeofday({1495653410, 328761}, NULL) = 0
12279 15:16:50.328808 gettimeofday({1495653410, 328825}, NULL) = 0
12279 15:16:50.328863 fcntl64(3, F_SETLKW64, {type=F_WRLCK, whence=SEEK_SET, start=0, len=0}, 0xbf91eab4) = 0
12279 15:16:50.328926 write(3, "Wed May 24 15:16:50 2017 [pid 12279] [msfadmin] OK UPLOAD: Client \"127.0.0.1\", \"/home/msfadmin/myfile31\", 17 bytes, 6.05Kbyte/sec\n", 130) = 130
12279 15:16:50.329013 fcntl64(3, F_SETLK64, {type=F_UNLCK, whence=SEEK_SET, start=0, len=0}, 0xbf91eabc) = 0
12279 15:16:50.329074 write(0, "226 Transfer complete.\r\n", 24) = 24
12279 15:16:50.329298 write(5, "\n", 1) = 1
12279 15:16:50.329355 read(5,  <unfinished ...>
12277 15:16:50.329385 close(6)          = 0
12277 15:16:50.329467 read(4, "\n", 1)  = 1
12277 15:16:50.329518 close(5)          = 0
12277 15:16:50.329565 write(4, "\1", 1) = 1
12279 15:16:50.329612 <... read resumed> "\1", 1) = 1
12279 15:16:50.329642 close(4)          = 0
12279 15:16:50.329689 rt_sigaction(SIGALRM, {0x805cad0, ~[RTMIN RT_1], 0}, NULL, 8) = 0
12279 15:16:50.329748 alarm(300)        = 0
12279 15:16:50.329796 recv(0,  <unfinished ...>
12277 15:16:50.329829 read(4,  <unfinished ...>
12279 15:16:50.864449 <... recv resumed> "TYPE I\r\n", 4096, MSG_PEEK) = 8
12279 15:16:50.864575 read(0, "TYPE I\r\n", 8) = 8
12279 15:16:50.864658 write(0, "200 Switching to Binary mode.\r\n", 31) = 31
12279 15:16:50.864805 rt_sigaction(SIGALRM, {0x805cad0, ~[RTMIN RT_1], 0}, NULL, 8) = 0
12279 15:16:50.864888 alarm(300)        = 299
12279 15:16:50.864924 recv(0, "PASV\r\n", 4096, MSG_PEEK) = 6
12279 15:16:50.864997 read(0, "PASV\r\n", 6) = 6
12279 15:16:50.865033 write(5, "\n", 1) = 1
12279 15:16:50.865063 read(5,  <unfinished ...>
12277 15:16:50.865104 <... read resumed> "\n", 1) = 1
12277 15:16:50.865126 write(4, "\1", 1) = 1
12279 15:16:50.865153 <... read resumed> "\1", 1) = 1
12279 15:16:50.865171 write(5, "\f", 1) = 1
12279 15:16:50.865216 read(5,  <unfinished ...>
12277 15:16:50.865235 read(4, "\f", 1)  = 1
12277 15:16:50.865285 socket(PF_INET, SOCK_STREAM, IPPROTO_TCP) = 5
12277 15:16:50.865321 setsockopt(5, SOL_SOCKET, SO_REUSEADDR, [1], 4) = 0
12277 15:16:50.865356 bind(5, {sa_family=AF_INET, sin_port=htons(38718), sin_addr=inet_addr("127.0.0.1")}, 16) = 0
12277 15:16:50.865371 listen(5, 1)      = 0
12277 15:16:50.865372 write(4, ">\227\0\0", 4) = 4
12279 15:16:50.865372 <... read resumed> ">\227\0\0", 4) = 4
12279 15:16:50.866080 write(0, "227 Entering Passive Mode (127,0,0,1,151,62).\r\n", 47) = 47
12279 15:16:50.866413 rt_sigaction(SIGALRM, {0x805cad0, ~[RTMIN RT_1], 0}, NULL, 8) = 0
12279 15:16:50.866456 alarm(300)        = 300
12279 15:16:50.866486 recv(0, "STOR myfile32\r\n", 4096, MSG_PEEK) = 15
12279 15:16:50.866516 read(0, "STOR myfile32\r\n", 15) = 15
12279 15:16:50.866574 write(5, "\v", 1) = 1
12279 15:16:50.866631 read(5,  <unfinished ...>
12277 15:16:50.866661 read(4, "\v", 1)  = 1
12277 15:16:50.866695 write(4, "\1\0\0\0", 4) = 4
12279 15:16:50.866723 <... read resumed> "\1\0\0\0", 4) = 4
12279 15:16:50.866743 gettimeofday({1495653410, 866752}, NULL) = 0
12279 15:16:50.866771 getcwd("/home/msfadmin", 4096) = 15
12279 15:16:50.866802 open("myfile32", O_WRONLY|O_CREAT|O_NONBLOCK|O_LARGEFILE, 0666) = 4
12279 15:16:50.866837 fstat64(4, {st_mode=S_IFREG|0644, st_size=17, ...}) = 0
12279 15:16:50.866880 fcntl64(4, F_GETFL) = 0x8801 (flags O_WRONLY|O_NONBLOCK|O_LARGEFILE)
12279 15:16:50.866908 fcntl64(4, F_SETFL, O_WRONLY|O_LARGEFILE) = 0
12279 15:16:50.866947 fcntl64(4, F_SETLKW64, {type=F_WRLCK, whence=SEEK_SET, start=0, len=0}, 0xbf91eb14) = 0
12279 15:16:50.866981 ftruncate64(4, 0) = 0
12279 15:16:50.867052 _llseek(4, 0, [0], SEEK_SET) = 0
12279 15:16:50.867082 write(5, "\v", 1) = 1
12279 15:16:50.867109 read(5,  <unfinished ...>
12277 15:16:50.867127 read(4, "\v", 1)  = 1
12277 15:16:50.867155 write(4, "\1\0\0\0", 4) = 4
12279 15:16:50.867181 <... read resumed> "\1\0\0\0", 4) = 4
12279 15:16:50.867201 write(5, "\v", 1) = 1
12279 15:16:50.867230 read(5,  <unfinished ...>
12277 15:16:50.867247 read(4, "\v", 1)  = 1
12277 15:16:50.867274 write(4, "\1\0\0\0", 4) = 4
12279 15:16:50.867299 <... read resumed> "\1\0\0\0", 4) = 4
12279 15:16:50.867318 write(5, "\r", 1) = 1
12279 15:16:50.867343 read(5,  <unfinished ...>
12277 15:16:50.867359 read(4, "\r", 1)  = 1
12277 15:16:50.867388 select(6, [5], NULL, NULL, {60, 0}) = 1 (in [5], left {60, 0})
12277 15:16:50.867429 accept(5, {sa_family=AF_INET, sin_port=htons(57477), sin_addr=inet_addr("127.0.0.1")}, [16]) = 6
12277 15:16:50.867483 write(4, "\1", 1) = 1
12279 15:16:50.867509 <... read resumed> "\1", 1) = 1
12279 15:16:50.867530 recvmsg(5,  <unfinished ...>
12277 15:16:50.867551 sendmsg(4, {msg_name(0)=NULL, msg_iov(1)=[{"\0", 1}], msg_controllen=16, {cmsg_len=16, cmsg_level=SOL_SOCKET, cmsg_type=SCM_RIGHTS, {6}}, msg_flags=0}, 0) = 1
12279 15:16:50.867593 <... recvmsg resumed> {msg_name(0)=NULL, msg_iov(1)=[{"\0", 1}], msg_controllen=16, {cmsg_len=16, cmsg_level=SOL_SOCKET, cmsg_type=SCM_RIGHTS, {6}}, msg_flags=0}, 0) = 1
12279 15:16:50.867626 setsockopt(6, SOL_SOCKET, SO_KEEPALIVE, [1], 4) = 0
12279 15:16:50.867656 setsockopt(6, SOL_IP, IP_TOS, [8], 4) = 0
12279 15:16:50.867686 setsockopt(6, SOL_SOCKET, SO_LINGER, {onoff=1, linger=32767}, 8) = 0
12279 15:16:50.867713 rt_sigaction(SIGALRM, {0x805cad0, ~[RTMIN RT_1], 0}, NULL, 8) = 0
12279 15:16:50.867747 alarm(300)        = 300
12279 15:16:50.867780 write(0, "150 Ok to send data.\r\n", 22) = 22
12279 15:16:50.867933 read(6, "assasaaa\na\na\na\na\n", 65536) = 17
12279 15:16:50.867969 write(4, "assasaaa\na\na\na\na\n", 17) = 17
12279 15:16:50.868034 read(6, "", 65536) = 0
12279 15:16:50.868063 rt_sigaction(SIGALRM, {0x805cad0, ~[RTMIN RT_1], 0}, NULL, 8) = 0
12279 15:16:50.868097 alarm(300)        = 300
12279 15:16:50.868123 close(6)          = 0
12279 15:16:50.868146 alarm(0)          = 300
12279 15:16:50.868171 gettimeofday({1495653410, 868185}, NULL) = 0
12279 15:16:50.868214 gettimeofday({1495653410, 868224}, NULL) = 0
12279 15:16:50.868248 fcntl64(3, F_SETLKW64, {type=F_WRLCK, whence=SEEK_SET, start=0, len=0}, 0xbf91eab4) = 0
12279 15:16:50.868284 write(3, "Wed May 24 15:16:50 2017 [pid 12279] [msfadmin] OK UPLOAD: Client \"127.0.0.1\", \"/home/msfadmin/myfile32\", 17 bytes, 11.28Kbyte/sec\n", 131) = 131
12279 15:16:50.868336 fcntl64(3, F_SETLK64, {type=F_UNLCK, whence=SEEK_SET, start=0, len=0}, 0xbf91eabc) = 0
12279 15:16:50.868371 write(0, "226 Transfer complete.\r\n", 24) = 24
12279 15:16:50.868472 write(5, "\n", 1) = 1
12279 15:16:50.868502 read(5,  <unfinished ...>
12277 15:16:50.868520 close(6)          = 0
12277 15:16:50.868563 read(4, "\n", 1)  = 1
12277 15:16:50.868592 close(5)          = 0
12277 15:16:50.868619 write(4, "\1", 1) = 1
12279 15:16:50.868645 <... read resumed> "\1", 1) = 1
12279 15:16:50.868663 close(4)          = 0
12279 15:16:50.868689 rt_sigaction(SIGALRM, {0x805cad0, ~[RTMIN RT_1], 0}, NULL, 8) = 0
12279 15:16:50.868722 alarm(300)        = 0
12279 15:16:50.868750 recv(0,  <unfinished ...>
12277 15:16:50.868769 read(4,  <unfinished ...>
12279 15:16:51.393632 <... recv resumed> "TYPE I\r\n", 4096, MSG_PEEK) = 8
12279 15:16:51.393722 read(0, "TYPE I\r\n", 8) = 8
12279 15:16:51.393804 write(0, "200 Switching to Binary mode.\r\n", 31) = 31
12279 15:16:51.393983 rt_sigaction(SIGALRM, {0x805cad0, ~[RTMIN RT_1], 0}, NULL, 8) = 0
12279 15:16:51.394125 alarm(300)        = 299
12279 15:16:51.394180 recv(0, "PASV\r\n", 4096, MSG_PEEK) = 6
12279 15:16:51.394232 read(0, "PASV\r\n", 6) = 6
12279 15:16:51.394284 write(5, "\n", 1) = 1
12279 15:16:51.394358 read(5,  <unfinished ...>
12277 15:16:51.394392 <... read resumed> "\n", 1) = 1
12277 15:16:51.394427 write(4, "\1", 1) = 1
12279 15:16:51.394472 <... read resumed> "\1", 1) = 1
12279 15:16:51.394504 write(5, "\f", 1) = 1
12279 15:16:51.394547 read(5,  <unfinished ...>
12277 15:16:51.394576 read(4, "\f", 1)  = 1
12277 15:16:51.394627 socket(PF_INET, SOCK_STREAM, IPPROTO_TCP) = 5
12277 15:16:51.394687 setsockopt(5, SOL_SOCKET, SO_REUSEADDR, [1], 4) = 0
12277 15:16:51.394746 bind(5, {sa_family=AF_INET, sin_port=htons(45289), sin_addr=inet_addr("127.0.0.1")}, 16) = 0
12277 15:16:51.394810 listen(5, 1)      = 0
12277 15:16:51.394865 write(4, "\351\260\0\0", 4) = 4
12279 15:16:51.394912 <... read resumed> "\351\260\0\0", 4) = 4
12279 15:16:51.395013 write(0, "227 Entering Passive Mode (127,0,0,1,176,233).\r\n", 48) = 48
12279 15:16:51.395445 rt_sigaction(SIGALRM, {0x805cad0, ~[RTMIN RT_1], 0}, NULL, 8) = 0
12279 15:16:51.395519 alarm(300)        = 300
12279 15:16:51.395570 recv(0, "STOR myfile33\r\n", 4096, MSG_PEEK) = 15
12279 15:16:51.395623 read(0, "STOR myfile33\r\n", 15) = 15
12279 15:16:51.395681 write(5, "\v", 1) = 1
12279 15:16:51.395728 read(5,  <unfinished ...>
12277 15:16:51.395758 read(4, "\v", 1)  = 1
12277 15:16:51.395807 write(4, "\1\0\0\0", 4) = 4
12279 15:16:51.395853 <... read resumed> "\1\0\0\0", 4) = 4
12279 15:16:51.395886 gettimeofday({1495653411, 395902}, NULL) = 0
12279 15:16:51.395974 getcwd("/home/msfadmin", 4096) = 15
12279 15:16:51.396040 open("myfile33", O_WRONLY|O_CREAT|O_NONBLOCK|O_LARGEFILE, 0666) = 4
12279 15:16:51.396100 fstat64(4, {st_mode=S_IFREG|0644, st_size=17, ...}) = 0
12279 15:16:51.396175 fcntl64(4, F_GETFL) = 0x8801 (flags O_WRONLY|O_NONBLOCK|O_LARGEFILE)
12279 15:16:51.396223 fcntl64(4, F_SETFL, O_WRONLY|O_LARGEFILE) = 0
12279 15:16:51.396266 fcntl64(4, F_SETLKW64, {type=F_WRLCK, whence=SEEK_SET, start=0, len=0}, 0xbf91eb14) = 0
12279 15:16:51.396324 ftruncate64(4, 0) = 0
12279 15:16:51.396397 _llseek(4, 0, [0], SEEK_SET) = 0
12279 15:16:51.396444 write(5, "\v", 1) = 1
12279 15:16:51.396490 read(5,  <unfinished ...>
12277 15:16:51.396522 read(4, "\v", 1)  = 1
12277 15:16:51.396570 write(4, "\1\0\0\0", 4) = 4
12279 15:16:51.396615 <... read resumed> "\1\0\0\0", 4) = 4
12279 15:16:51.396647 write(5, "\v", 1) = 1
12279 15:16:51.396689 read(5,  <unfinished ...>
