13902 15:33:23.546726 read(4, "65536\n", 31) = 6
13902 15:33:23.546743 close(4)          = 0
13902 15:33:23.546762 socket(PF_FILE, SOCK_STREAM, 0) = 4
13902 15:33:23.546778 fcntl64(4, F_SETFL, O_RDWR|O_NONBLOCK) = 0
13902 15:33:23.546792 connect(4, {sa_family=AF_FILE, path="/var/run/nscd/socket"}, 110) = -1 ENOENT (No such file or directory)
13902 15:33:23.546820 close(4)          = 0
13902 15:33:23.546835 socket(PF_FILE, SOCK_STREAM, 0) = 4
13902 15:33:23.546848 fcntl64(4, F_SETFL, O_RDWR|O_NONBLOCK) = 0
13902 15:33:23.546861 connect(4, {sa_family=AF_FILE, path="/var/run/nscd/socket"}, 110) = -1 ENOENT (No such file or directory)
13902 15:33:23.546885 close(4)          = 0
13902 15:33:23.546916 open("/etc/group", O_RDONLY|0x80000 /* O_??? */) = 4
13902 15:33:23.546938 _llseek(4, 0, [0], SEEK_CUR) = 0
13902 15:33:23.546953 fstat64(4, {st_mode=S_IFREG|0644, st_size=886, ...}) = 0
13902 15:33:23.546974 mmap2(NULL, 886, PROT_READ, MAP_SHARED, 4, 0) = 0xb7f6f000
13902 15:33:23.546989 _llseek(4, 886, [886], SEEK_SET) = 0
13902 15:33:23.547021 fstat64(4, {st_mode=S_IFREG|0644, st_size=886, ...}) = 0
13902 15:33:23.547044 munmap(0xb7f6f000, 886) = 0
13902 15:33:23.547058 close(4)          = 0
13902 15:33:23.547071 setgroups32(13, [1000, 4, 20, 24, 25, 29, 30, 44, 46, 107, 111, 112, 119]) = 0
13902 15:33:23.547092 geteuid32()       = 0
13902 15:33:23.547106 getegid32()       = 0
13902 15:33:23.547119 setregid32(-1, 1000) = 0
13902 15:33:23.547133 setreuid32(-1, 1000) = 0
13902 15:33:23.547147 chdir("/home/msfadmin") = 0
13902 15:33:23.547162 setreuid32(-1, 0) = 0
13902 15:33:23.547174 setregid32(-1, 0) = 0
13902 15:33:23.547187 setgid32(1000)    = 0
13902 15:33:23.547200 setuid32(1000)    = 0
13902 15:33:23.547213 setrlimit(RLIMIT_NPROC, {rlim_cur=0, rlim_max=0}) = 0
13902 15:33:23.547230 mmap2(NULL, 12288, PROT_READ|PROT_WRITE, MAP_PRIVATE|MAP_ANONYMOUS, -1, 0) = 0xb7f6d000
13902 15:33:23.547250 mprotect(0xb7f6f000, 4096, PROT_NONE) = 0
13902 15:33:23.547265 mprotect(0xb7f6d000, 4096, PROT_NONE) = 0
13902 15:33:23.547279 getcwd("/home/msfadmin", 4096) = 15
13902 15:33:23.547297 umask(022)        = 077
13902 15:33:23.547310 getcwd("/home/msfadmin", 4096) = 15
13902 15:33:23.547327 open(".message", O_RDONLY|O_NONBLOCK|O_LARGEFILE) = -1 ENOENT (No such file or directory)
13902 15:33:23.547356 write(0, "230 Login successful.\r\n", 23) = 23
13902 15:33:23.547502 rt_sigaction(SIGALRM, {0x805cad0, ~[RTMIN RT_1], 0}, NULL, 8) = 0
13902 15:33:23.547529 alarm(300)        = 0
13902 15:33:23.547544 mmap2(NULL, 12288, PROT_READ|PROT_WRITE, MAP_PRIVATE|MAP_ANONYMOUS, -1, 0) = 0xb7f6a000
13902 15:33:23.547558 mprotect(0xb7f6c000, 4096, PROT_NONE) = 0
13902 15:33:23.547573 mprotect(0xb7f6a000, 4096, PROT_NONE) = 0
13902 15:33:23.547590 recv(0, "TYPE I\r\n", 4096, MSG_PEEK) = 8
13902 15:33:23.547607 read(0, "TYPE I\r\n", 8) = 8
13902 15:33:23.547664 write(0, "200 Switching to Binary mode.\r\n", 31) = 31
13902 15:33:23.547722 rt_sigaction(SIGALRM, {0x805cad0, ~[RTMIN RT_1], 0}, NULL, 8) = 0
13902 15:33:23.547742 alarm(300)        = 300
13902 15:33:23.547757 recv(0, "PASV\r\n", 4096, MSG_PEEK) = 6
13902 15:33:23.547771 read(0, "PASV\r\n", 6) = 6
13902 15:33:23.547787 write(5, "\n", 1) = 1
13902 15:33:23.547801 read(5,  <unfinished ...>
13900 15:33:23.547817 close(5)          = 0
13900 15:33:23.547834 getuid32()        = 0
13900 15:33:23.547853 open("/etc/passwd", O_RDONLY|0x80000 /* O_??? */) = 5
13900 15:33:23.547872 _llseek(5, 0, [0], SEEK_CUR) = 0
13900 15:33:23.547888 fstat64(5, {st_mode=S_IFREG|0644, st_size=1624, ...}) = 0
13900 15:33:23.547911 mmap2(NULL, 1624, PROT_READ, MAP_SHARED, 5, 0) = 0xb7f6f000
13900 15:33:23.547926 _llseek(5, 1624, [1624], SEEK_SET) = 0
13900 15:33:23.547949 munmap(0xb7f6f000, 1624) = 0
13900 15:33:23.547964 close(5)          = 0
13900 15:33:23.547984 setgroups32(0, []) = 0
13900 15:33:23.547999 chdir("/usr/share/empty") = 0
13900 15:33:23.548015 chroot(".")       = 0
13900 15:33:23.548029 capset(NULL, NULL) = -1 EFAULT (Bad address)
13900 15:33:23.548046 prctl(0x8, 0, 0xbf9c3468, 0x80549a6, 0xbf9c3450) = 0
13900 15:33:23.548061 prctl(0x8, 0x1, 0xbf9c3468, 0x8054a49, 0xbf9c3450) = 0
13900 15:33:23.548074 setgid32(65534)   = 0
13900 15:33:23.548087 setuid32(65534)   = 0
13900 15:33:23.548099 capset(0x19980330, 0, {CAP_NET_BIND_SERVICE, CAP_NET_BIND_SERVICE, 0}) = 0
13900 15:33:23.548117 read(4, "\n", 1)  = 1
13900 15:33:23.548134 write(4, "\1", 1) = 1
13902 15:33:23.548149 <... read resumed> "\1", 1) = 1
13902 15:33:23.548158 write(5, "\f", 1) = 1
13902 15:33:23.548171 read(5,  <unfinished ...>
13900 15:33:23.548180 read(4, "\f", 1)  = 1
13900 15:33:23.548196 socket(PF_INET, SOCK_STREAM, IPPROTO_TCP) = 5
13900 15:33:23.548214 setsockopt(5, SOL_SOCKET, SO_REUSEADDR, [1], 4) = 0
13900 15:33:23.548229 gettimeofday({1495654403, 548233}, NULL) = 0
13900 15:33:23.548250 bind(5, {sa_family=AF_INET, sin_port=htons(53963), sin_addr=inet_addr("127.0.0.1")}, 16) = 0
13900 15:33:23.548271 listen(5, 1)      = 0
13900 15:33:23.548288 write(4, "\313\322\0\0", 4) = 4
13902 15:33:23.548302 <... read resumed> "\313\322\0\0", 4) = 4
13902 15:33:23.548320 write(0, "227 Entering Passive Mode (127,0,0,1,210,203).\r\n", 48) = 48
13902 15:33:23.548458 rt_sigaction(SIGALRM, {0x805cad0, ~[RTMIN RT_1], 0}, NULL, 8) = 0
13902 15:33:23.548481 alarm(300)        = 300
13902 15:33:23.548495 recv(0, "STOR myfile19\r\n", 4096, MSG_PEEK) = 15
13902 15:33:23.548511 read(0, "STOR myfile19\r\n", 15) = 15
13902 15:33:23.548531 write(5, "\v", 1) = 1
13902 15:33:23.548544 read(5,  <unfinished ...>
13900 15:33:23.548553 read(4, "\v", 1)  = 1
13900 15:33:23.548568 write(4, "\1\0\0\0", 4) = 4
13902 15:33:23.548582 <... read resumed> "\1\0\0\0", 4) = 4
13902 15:33:23.548604 gettimeofday({1495654403, 548617}, NULL) = 0
13902 15:33:23.548632 getcwd("/home/msfadmin", 4096) = 15
13902 15:33:23.548652 open("myfile19", O_WRONLY|O_CREAT|O_NONBLOCK|O_LARGEFILE, 0666) = 4
13902 15:33:23.548672 fstat64(4, {st_mode=S_IFREG|0644, st_size=17, ...}) = 0
13902 15:33:23.548702 fcntl64(4, F_GETFL) = 0x8801 (flags O_WRONLY|O_NONBLOCK|O_LARGEFILE)
13902 15:33:23.548719 fcntl64(4, F_SETFL, O_WRONLY|O_LARGEFILE) = 0
13902 15:33:23.548734 fcntl64(4, F_SETLKW64, {type=F_WRLCK, whence=SEEK_SET, start=0, len=0}, 0xbf9c33b4) = 0
13902 15:33:23.548766 ftruncate64(4, 0) = 0
13902 15:33:23.548807 _llseek(4, 0, [0], SEEK_SET) = 0
13902 15:33:23.548833 write(5, "\v", 1) = 1
13902 15:33:23.548919 read(5,  <unfinished ...>
13900 15:33:23.548935 read(4, "\v", 1)  = 1
13900 15:33:23.548962 write(4, "\1\0\0\0", 4) = 4
13902 15:33:23.548987 <... read resumed> "\1\0\0\0", 4) = 4
13902 15:33:23.549008 write(5, "\v", 1) = 1
13902 15:33:23.549020 read(5,  <unfinished ...>
13900 15:33:23.549029 read(4, "\v", 1)  = 1
13900 15:33:23.549043 write(4, "\1\0\0\0", 4) = 4
13902 15:33:23.549056 <... read resumed> "\1\0\0\0", 4) = 4
13902 15:33:23.549066 write(5, "\r", 1) = 1
13902 15:33:23.549078 read(5,  <unfinished ...>
13900 15:33:23.549087 read(4, "\r", 1)  = 1
13900 15:33:23.549104 select(6, [5], NULL, NULL, {60, 0}) = 1 (in [5], left {60, 0})
13900 15:33:23.549127 accept(5, {sa_family=AF_INET, sin_port=htons(33617), sin_addr=inet_addr("127.0.0.1")}, [16]) = 6
13900 15:33:23.549156 write(4, "\1", 1) = 1
13902 15:33:23.549170 <... read resumed> "\1", 1) = 1
13902 15:33:23.549182 recvmsg(5,  <unfinished ...>
13900 15:33:23.549195 sendmsg(4, {msg_name(0)=NULL, msg_iov(1)=[{"\0", 1}], msg_controllen=16, {cmsg_len=16, cmsg_level=SOL_SOCKET, cmsg_type=SCM_RIGHTS, {6}}, msg_flags=0}, 0) = 1
13902 15:33:23.549217 <... recvmsg resumed> {msg_name(0)=NULL, msg_iov(1)=[{"\0", 1}], msg_controllen=16, {cmsg_len=16, cmsg_level=SOL_SOCKET, cmsg_type=SCM_RIGHTS, {6}}, msg_flags=0}, 0) = 1
13902 15:33:23.549280 setsockopt(6, SOL_SOCKET, SO_KEEPALIVE, [1], 4) = 0
13902 15:33:23.549301 setsockopt(6, SOL_IP, IP_TOS, [8], 4) = 0
13902 15:33:23.549317 setsockopt(6, SOL_SOCKET, SO_LINGER, {onoff=1, linger=32767}, 8) = 0
13902 15:33:23.549332 rt_sigaction(SIGALRM, {0x805cad0, ~[RTMIN RT_1], 0}, NULL, 8) = 0
13902 15:33:23.549350 alarm(300)        = 300
13902 15:33:23.549367 write(0, "150 Ok to send data.\r\n", 22) = 22
13902 15:33:23.549468 mmap2(NULL, 77824, PROT_READ|PROT_WRITE, MAP_PRIVATE|MAP_ANONYMOUS, -1, 0) = 0xb7da4000
13902 15:33:23.549486 mprotect(0xb7db6000, 4096, PROT_NONE) = 0
13902 15:33:23.549502 mprotect(0xb7da4000, 4096, PROT_NONE) = 0
13902 15:33:23.549515 read(6, "assasaaa\na\na\na\na\n", 65536) = 17
13902 15:33:23.549533 write(4, "assasaaa\na\na\na\na\n", 17) = 17
13902 15:33:23.549566 read(6, "", 65536) = 0
13902 15:33:23.549622 rt_sigaction(SIGALRM, {0x805cad0, ~[RTMIN RT_1], 0}, NULL, 8) = 0
13902 15:33:23.549647 alarm(300)        = 300
13902 15:33:23.549662 close(6)          = 0
13902 15:33:23.549685 alarm(0)          = 300
13902 15:33:23.549697 gettimeofday({1495654403, 549702}, NULL) = 0
13902 15:33:23.549722 getpid()          = 13902
13902 15:33:23.549738 gettimeofday({1495654403, 549743}, NULL) = 0
13902 15:33:23.549762 fcntl64(3, F_SETLKW64, {type=F_WRLCK, whence=SEEK_SET, start=0, len=0}, 0xbf9c3354) = 0
13902 15:33:23.549782 write(3, "Wed May 24 15:33:23 2017 [pid 13902] [msfadmin] OK UPLOAD: Client \"127.0.0.1\", \"/home/msfadmin/myfile19\", 17 bytes, 14.74Kbyte/sec\n", 131) = 131
13902 15:33:23.549809 fcntl64(3, F_SETLK64, {type=F_UNLCK, whence=SEEK_SET, start=0, len=0}, 0xbf9c335c) = 0
13902 15:33:23.549828 write(0, "226 Transfer complete.\r\n", 24) = 24
13902 15:33:23.549886 write(5, "\n", 1) = 1
13902 15:33:23.549944 read(5,  <unfinished ...>
13900 15:33:23.549957 close(6)          = 0
13900 15:33:23.549993 read(4, "\n", 1)  = 1
13900 15:33:23.550009 close(5)          = 0
13900 15:33:23.550023 write(4, "\1", 1) = 1
13902 15:33:23.550038 <... read resumed> "\1", 1) = 1
13902 15:33:23.550047 close(4)          = 0
13902 15:33:23.550061 rt_sigaction(SIGALRM, {0x805cad0, ~[RTMIN RT_1], 0}, NULL, 8) = 0
13902 15:33:23.550079 alarm(300)        = 0
13902 15:33:23.550093 recv(0,  <unfinished ...>
13900 15:33:23.550103 read(4,  <unfinished ...>
13902 15:33:24.088713 <... recv resumed> "TYPE I\r\n", 4096, MSG_PEEK) = 8
13902 15:33:24.088961 read(0, "TYPE I\r\n", 8) = 8
13902 15:33:24.089181 write(0, "200 Switching to Binary mode.\r\n", 31) = 31
13902 15:33:24.089573 rt_sigaction(SIGALRM, {0x805cad0, ~[RTMIN RT_1], 0}, NULL, 8) = 0
13902 15:33:24.089685 alarm(300)        = 299
13902 15:33:24.089740 recv(0, "PASV\r\n", 4096, MSG_PEEK) = 6
13902 15:33:24.089791 read(0, "PASV\r\n", 6) = 6
13902 15:33:24.089844 write(5, "\n", 1) = 1
13902 15:33:24.089896 read(5,  <unfinished ...>
13900 15:33:24.089928 <... read resumed> "\n", 1) = 1
13900 15:33:24.089964 write(4, "\1", 1) = 1
13902 15:33:24.090009 <... read resumed> "\1", 1) = 1
13902 15:33:24.090040 write(5, "\f", 1) = 1
13902 15:33:24.090083 read(5,  <unfinished ...>
13900 15:33:24.090112 read(4, "\f", 1)  = 1
13900 15:33:24.090164 socket(PF_INET, SOCK_STREAM, IPPROTO_TCP) = 5
13900 15:33:24.090224 setsockopt(5, SOL_SOCKET, SO_REUSEADDR, [1], 4) = 0
13900 15:33:24.090283 bind(5, {sa_family=AF_INET, sin_port=htons(21831), sin_addr=inet_addr("127.0.0.1")}, 16) = 0
13900 15:33:24.090443 listen(5, 1)      = 0
13900 15:33:24.090519 write(4, "GU\0\0", 4) = 4
13902 15:33:24.090570 <... read resumed> "GU\0\0", 4) = 4
13902 15:33:24.090706 write(0, "227 Entering Passive Mode (127,0,0,1,85,71).\r\n", 46) = 46
13902 15:33:24.091142 rt_sigaction(SIGALRM, {0x805cad0, ~[RTMIN RT_1], 0}, NULL, 8) = 0
13902 15:33:24.091217 alarm(300)        = 300
13902 15:33:24.091268 recv(0, "STOR myfile20\r\n", 4096, MSG_PEEK) = 15
13902 15:33:24.091389 read(0, "STOR myfile20\r\n", 15) = 15
13902 15:33:24.091466 write(5, "\v", 1) = 1
13902 15:33:24.091513 read(5,  <unfinished ...>
13900 15:33:24.091544 read(4, "\v", 1)  = 1
13900 15:33:24.091593 write(4, "\1\0\0\0", 4) = 4
13902 15:33:24.091641 <... read resumed> "\1\0\0\0", 4) = 4
13902 15:33:24.091674 gettimeofday({1495654404, 91690}, NULL) = 0
13902 15:33:24.091722 getcwd("/home/msfadmin", 4096) = 15
13902 15:33:24.091776 open("myfile20", O_WRONLY|O_CREAT|O_NONBLOCK|O_LARGEFILE, 0666) = 4
13902 15:33:24.091835 fstat64(4, {st_mode=S_IFREG|0644, st_size=17, ...}) = 0
13902 15:33:24.091910 fcntl64(4, F_GETFL) = 0x8801 (flags O_WRONLY|O_NONBLOCK|O_LARGEFILE)
13902 15:33:24.091958 fcntl64(4, F_SETFL, O_WRONLY|O_LARGEFILE) = 0
13902 15:33:24.092001 fcntl64(4, F_SETLKW64, {type=F_WRLCK, whence=SEEK_SET, start=0, len=0}, 0xbf9c33b4) = 0
13902 15:33:24.092060 ftruncate64(4, 0) = 0
13902 15:33:24.092130 _llseek(4, 0, [0], SEEK_SET) = 0
13902 15:33:24.092177 write(5, "\v", 1) = 1
13902 15:33:24.092222 read(5,  <unfinished ...>
13900 15:33:24.092253 read(4, "\v", 1)  = 1
13900 15:33:24.092357 write(4, "\1\0\0\0", 4) = 4
13902 15:33:24.092411 <... read resumed> "\1\0\0\0", 4) = 4
13902 15:33:24.092444 write(5, "\v", 1) = 1
13902 15:33:24.092487 read(5,  <unfinished ...>
13900 15:33:24.092516 read(4, "\v", 1)  = 1
13900 15:33:24.092563 write(4, "\1\0\0\0", 4) = 4
13902 15:33:24.092607 <... read resumed> "\1\0\0\0", 4) = 4
13902 15:33:24.092639 write(5, "\r", 1) = 1
13902 15:33:24.092682 read(5,  <unfinished ...>
13900 15:33:24.092710 read(4, "\r", 1)  = 1
13900 15:33:24.092761 select(6, [5], NULL, NULL, {60, 0}) = 1 (in [5], left {60, 0})
13900 15:33:24.092831 accept(5, {sa_family=AF_INET, sin_port=htons(50111), sin_addr=inet_addr("127.0.0.1")}, [16]) = 6
13900 15:33:24.092927 write(4, "\1", 1) = 1
13902 15:33:24.092972 <... read resumed> "\1", 1) = 1
13902 15:33:24.093009 recvmsg(5,  <unfinished ...>
13900 15:33:24.093045 sendmsg(4, {msg_name(0)=NULL, msg_iov(1)=[{"\0", 1}], msg_controllen=16, {cmsg_len=16, cmsg_level=SOL_SOCKET, cmsg_type=SCM_RIGHTS, {6}}, msg_flags=0}, 0) = 1
13902 15:33:24.093118 <... recvmsg resumed> {msg_name(0)=NULL, msg_iov(1)=[{"\0", 1}], msg_controllen=16, {cmsg_len=16, cmsg_level=SOL_SOCKET, cmsg_type=SCM_RIGHTS, {6}}, msg_flags=0}, 0) = 1
13902 15:33:24.093282 setsockopt(6, SOL_SOCKET, SO_KEEPALIVE, [1], 4) = 0
13902 15:33:24.093353 setsockopt(6, SOL_IP, IP_TOS, [8], 4) = 0
13902 15:33:24.093405 setsockopt(6, SOL_SOCKET, SO_LINGER, {onoff=1, linger=32767}, 8) = 0
13902 15:33:24.093454 rt_sigaction(SIGALRM, {0x805cad0, ~[RTMIN RT_1], 0}, NULL, 8) = 0
13902 15:33:24.093636 alarm(300)        = 300
13902 15:33:24.093700 write(0, "150 Ok to send data.\r\n", 22) = 22
13902 15:33:24.094143 read(6, "assasaaa\na\na\na\na\n", 65536) = 17
13902 15:33:24.094264 write(4, "assasaaa\na\na\na\na\n", 17) = 17
13902 15:33:24.094338 read(6, "", 65536) = 0
13902 15:33:24.094384 rt_sigaction(SIGALRM, {0x805cad0, ~[RTMIN RT_1], 0}, NULL, 8) = 0
13902 15:33:24.094540 alarm(300)        = 300
13902 15:33:24.094600 close(6)          = 0
13902 15:33:24.094641 alarm(0)          = 300
13902 15:33:24.094683 gettimeofday({1495654404, 94699}, NULL) = 0
13902 15:33:24.094749 gettimeofday({1495654404, 94767}, NULL) = 0
13902 15:33:24.094806 fcntl64(3, F_SETLKW64, {type=F_WRLCK, whence=SEEK_SET, start=0, len=0}, 0xbf9c3354) = 0
13902 15:33:24.094871 write(3, "Wed May 24 15:33:24 2017 [pid 13902] [msfadmin] OK UPLOAD: Client \"127.0.0.1\", \"/home/msfadmin/myfile20\", 17 bytes, 5.40Kbyte/sec\n", 130) = 130
13902 15:33:24.094960 fcntl64(3, F_SETLK64, {type=F_UNLCK, whence=SEEK_SET, start=0, len=0}, 0xbf9c335c) = 0
13902 15:33:24.095023 write(0, "226 Transfer complete.\r\n", 24) = 24
13902 15:33:24.095390 write(5, "\n", 1) = 1
13902 15:33:24.095449 read(5,  <unfinished ...>
13900 15:33:24.095480 close(6)          = 0
13900 15:33:24.095563 read(4, "\n", 1)  = 1
13900 15:33:24.095614 close(5)          = 0
13900 15:33:24.095660 write(4, "\1", 1) = 1
13902 15:33:24.095707 <... read resumed> "\1", 1) = 1
13902 15:33:24.095738 close(4)          = 0
13902 15:33:24.095785 rt_sigaction(SIGALRM, {0x805cad0, ~[RTMIN RT_1], 0}, NULL, 8) = 0
13902 15:33:24.095845 alarm(300)        = 0
13902 15:33:24.095894 recv(0,  <unfinished ...>
13900 15:33:24.095927 read(4,  <unfinished ...>
13902 15:33:24.618334 <... recv resumed> "TYPE I\r\n", 4096, MSG_PEEK) = 8
13902 15:33:24.618508 read(0, "TYPE I\r\n", 8) = 8
13902 15:33:24.618680 write(0, "200 Switching to Binary mode.\r\n", 31) = 31
13902 15:33:24.619009 rt_sigaction(SIGALRM, {0x805cad0, ~[RTMIN RT_1], 0}, NULL, 8) = 0
13902 15:33:24.619088 alarm(300)        = 299
13902 15:33:24.619141 recv(0, "PASV\r\n", 4096, MSG_PEEK) = 6
13902 15:33:24.619192 read(0, "PASV\r\n", 6) = 6
13902 15:33:24.619246 write(5, "\n", 1) = 1
13902 15:33:24.619298 read(5,  <unfinished ...>
13900 15:33:24.619330 <... read resumed> "\n", 1) = 1
13900 15:33:24.619366 write(4, "\1", 1) = 1
13902 15:33:24.619462 <... read resumed> "\1", 1) = 1
13902 15:33:24.619500 write(5, "\f", 1) = 1
13902 15:33:24.619544 read(5,  <unfinished ...>
13900 15:33:24.619573 read(4, "\f", 1)  = 1
13900 15:33:24.619625 socket(PF_INET, SOCK_STREAM, IPPROTO_TCP) = 5
13900 15:33:24.619687 setsockopt(5, SOL_SOCKET, SO_REUSEADDR, [1], 4) = 0
13900 15:33:24.619746 bind(5, {sa_family=AF_INET, sin_port=htons(38037), sin_addr=inet_addr("127.0.0.1")}, 16) = 0
13900 15:33:24.619811 listen(5, 1)      = 0
13900 15:33:24.619867 write(4, "\225\224\0\0", 4) = 4
13902 15:33:24.619961 <... read resumed> "\225\224\0\0", 4) = 4
13902 15:33:24.620018 write(0, "227 Entering Passive Mode (127,0,0,1,148,149).\r\n", 48) = 48
13902 15:33:24.620499 rt_sigaction(SIGALRM, {0x805cad0, ~[RTMIN RT_1], 0}, NULL, 8) = 0
13902 15:33:24.620575 alarm(300)        = 300
13902 15:33:24.620626 recv(0, "STOR myfile21\r\n", 4096, MSG_PEEK) = 15
13902 15:33:24.620681 read(0, "STOR myfile21\r\n", 15) = 15
13902 15:33:24.620740 write(5, "\v", 1) = 1
13902 15:33:24.620787 read(5,  <unfinished ...>
13900 15:33:24.620818 read(4, "\v", 1)  = 1
13900 15:33:24.620907 write(4, "\1\0\0\0", 4) = 4
13902 15:33:24.620968 <... read resumed> "\1\0\0\0", 4) = 4
13902 15:33:24.621003 gettimeofday({1495654404, 621019}, NULL) = 0
13902 15:33:24.621050 getcwd("/home/msfadmin", 4096) = 15
13902 15:33:24.621104 open("myfile21", O_WRONLY|O_CREAT|O_NONBLOCK|O_LARGEFILE, 0666) = 4
13902 15:33:24.621162 fstat64(4, {st_mode=S_IFREG|0644, st_size=17, ...}) = 0
13902 15:33:24.621237 fcntl64(4, F_GETFL) = 0x8801 (flags O_WRONLY|O_NONBLOCK|O_LARGEFILE)
13902 15:33:24.621286 fcntl64(4, F_SETFL, O_WRONLY|O_LARGEFILE) = 0
13902 15:33:24.621351 fcntl64(4, F_SETLKW64, {type=F_WRLCK, whence=SEEK_SET, start=0, len=0}, 0xbf9c33b4) = 0
13902 15:33:24.621469 ftruncate64(4, 0) = 0
13900 15:33:24.621543 read(4,  <unfinished ...>
13902 15:33:24.621572 _llseek(4, 0, [0], SEEK_SET) = 0
13902 15:33:24.621623 write(5, "\v", 1) = 1
13900 15:33:24.621669 <... read resumed> "\v", 1) = 1
13900 15:33:24.621700 write(4, "\1\0\0\0", 4) = 4
13902 15:33:24.621748 read(5,  <unfinished ...>
13900 15:33:24.621774 read(4,  <unfinished ...>
13902 15:33:24.621798 <... read resumed> "\1\0\0\0", 4) = 4
13902 15:33:24.621833 write(5, "\v", 1) = 1
13900 15:33:24.622043 <... read resumed> "\v", 1) = 1
13900 15:33:24.622079 write(4, "\1\0\0\0", 4 <unfinished ...>
13902 15:33:24.622112 read(5,  <unfinished ...>
13900 15:33:24.622137 <... write resumed> ) = 4
13902 15:33:24.622162 <... read resumed> "\1\0\0\0", 4) = 4
13900 15:33:24.622194 read(4,  <unfinished ...>
13902 15:33:24.622221 write(5, "\r", 1) = 1
13900 15:33:24.622265 <... read resumed> "\r", 1) = 1
13900 15:33:24.622298 select(6, [5], NULL, NULL, {60, 0} <unfinished ...>
13902 15:33:24.622334 read(5,  <unfinished ...>
13900 15:33:24.622363 <... select resumed> ) = 1 (in [5], left {60, 0})
13900 15:33:24.622405 accept(5, {sa_family=AF_INET, sin_port=htons(51669), sin_addr=inet_addr("127.0.0.1")}, [16]) = 6
13900 15:33:24.622568 write(4, "\1", 1) = 1
13902 15:33:24.622620 <... read resumed> "\1", 1) = 1
13902 15:33:24.622657 recvmsg(5,  <unfinished ...>
13900 15:33:24.622694 sendmsg(4, {msg_name(0)=NULL, msg_iov(1)=[{"\0", 1}], msg_controllen=16, {cmsg_len=16, cmsg_level=SOL_SOCKET, cmsg_type=SCM_RIGHTS, {6}}, msg_flags=0}, 0) = 1
13902 15:33:24.622768 <... recvmsg resumed> {msg_name(0)=NULL, msg_iov(1)=[{"\0", 1}], msg_controllen=16, {cmsg_len=16, cmsg_level=SOL_SOCKET, cmsg_type=SCM_RIGHTS, {6}}, msg_flags=0}, 0) = 1
13902 15:33:24.622826 setsockopt(6, SOL_SOCKET, SO_KEEPALIVE, [1], 4) = 0
13902 15:33:24.622880 setsockopt(6, SOL_IP, IP_TOS, [8], 4) = 0
13902 15:33:24.622931 setsockopt(6, SOL_SOCKET, SO_LINGER, {onoff=1, linger=32767}, 8) = 0
13902 15:33:24.623020 rt_sigaction(SIGALRM, {0x805cad0, ~[RTMIN RT_1], 0},  <unfinished ...>
13900 15:33:24.623071 close(6 <unfinished ...>
13902 15:33:24.623095 <... rt_sigaction resumed> NULL, 8) = 0
13900 15:33:24.623120 <... close resumed> ) = 0
13902 15:33:24.623145 alarm(300 <unfinished ...>
13900 15:33:24.623172 read(4,  <unfinished ...>
13902 15:33:24.623198 <... alarm resumed> ) = 300
13902 15:33:24.623239 write(0, "150 Ok to send data.\r\n", 22) = 22
13902 15:33:24.623459 read(6, "assasaaa\na\na\na\na\n", 65536) = 17
13902 15:33:24.623459 write(4, "assasaaa\na\na\na\na\n", 17) = 17
13902 15:33:24.623459 read(6, "", 65536) = 0
13902 15:33:24.623497 rt_sigaction(SIGALRM, {0x805cad0, ~[RTMIN RT_1], 0}, NULL, 8) = 0
13902 15:33:24.623607 alarm(300)        = 300
13902 15:33:24.623655 close(6)          = 0
13902 15:33:24.623735 alarm(0)          = 300
13902 15:33:24.623778 gettimeofday({1495654404, 623793}, NULL) = 0
13902 15:33:24.623844 gettimeofday({1495654404, 623861}, NULL) = 0
13902 15:33:24.623900 fcntl64(3, F_SETLKW64, {type=F_WRLCK, whence=SEEK_SET, start=0, len=0}, 0xbf9c3354) = 0
13902 15:33:24.623964 write(3, "Wed May 24 15:33:24 2017 [pid 13902] [msfadmin] OK UPLOAD: Client \"127.0.0.1\", \"/home/msfadmin/myfile21\", 17 bytes, 5.84Kbyte/sec\n", 130) = 130
13902 15:33:24.624093 fcntl64(3, F_SETLK64, {type=F_UNLCK, whence=SEEK_SET, start=0, len=0}, 0xbf9c335c) = 0
13902 15:33:24.624169 write(0, "226 Transfer complete.\r\n", 24) = 24
13902 15:33:24.624347 write(5, "\n", 1) = 1
13900 15:33:24.624400 <... read resumed> "\n", 1) = 1
13900 15:33:24.624431 close(5)          = 0
13900 15:33:24.624481 write(4, "\1", 1) = 1
13900 15:33:24.624529 read(4,  <unfinished ...>
13902 15:33:24.624613 read(5, "\1", 1)  = 1
13902 15:33:24.624664 close(4)          = 0
13902 15:33:24.624713 rt_sigaction(SIGALRM, {0x805cad0, ~[RTMIN RT_1], 0}, NULL, 8) = 0
13902 15:33:24.624772 alarm(300)        = 0
13902 15:33:24.624820 recv(0, "TYPE I\r\n", 4096, MSG_PEEK) = 8
13902 15:33:25.168608 read(0, "TYPE I\r\n", 8) = 8
13902 15:33:25.168779 write(0, "200 Switching to Binary mode.\r\n", 31) = 31
13902 15:33:25.168980 rt_sigaction(SIGALRM, {0x805cad0, ~[RTMIN RT_1], 0}, NULL, 8) = 0
13902 15:33:25.169122 alarm(300)        = 299
13902 15:33:25.169203 recv(0, "PASV\r\n", 4096, MSG_PEEK) = 6
13902 15:33:25.169270 read(0, "PASV\r\n", 6) = 6
13902 15:33:25.169326 write(5, "\n", 1) = 1
13900 15:33:25.169380 <... read resumed> "\n", 1) = 1
13900 15:33:25.169415 write(4, "\1", 1) = 1
13900 15:33:25.169476 read(4,  <unfinished ...>
13902 15:33:25.169508 read(5, "\1", 1)  = 1
13902 15:33:25.169559 write(5, "\f", 1) = 1
13900 15:33:25.169601 <... read resumed> "\f", 1) = 1
13900 15:33:25.169636 socket(PF_INET, SOCK_STREAM, IPPROTO_TCP) = 5
13900 15:33:25.169696 setsockopt(5, SOL_SOCKET, SO_REUSEADDR, [1], 4) = 0
13900 15:33:25.169756 bind(5, {sa_family=AF_INET, sin_port=htons(32656), sin_addr=inet_addr("127.0.0.1")}, 16) = 0
13900 15:33:25.169822 listen(5, 1)      = 0
13900 15:33:25.169877 write(4, "\220\177\0\0", 4) = 4
13900 15:33:25.169926 read(4,  <unfinished ...>
13902 15:33:25.169957 read(5, "\220\177\0\0", 4) = 4
13902 15:33:25.170112 write(0, "227 Entering Passive Mode (127,0,0,1,127,144).\r\n", 48) = 48
13902 15:33:25.170644 rt_sigaction(SIGALRM, {0x805cad0, ~[RTMIN RT_1], 0}, NULL, 8) = 0
13902 15:33:25.170745 alarm(300)        = 300
13902 15:33:25.170814 recv(0, "STOR myfile22\r\n", 4096, MSG_PEEK) = 15
13902 15:33:25.170886 read(0, "STOR myfile22\r\n", 15) = 15
13902 15:33:25.171137 write(5, "\v", 1) = 1
13900 15:33:25.171217 <... read resumed> "\v", 1) = 1
13900 15:33:25.171261 write(4, "\1\0\0\0", 4) = 4
