11769 15:11:33.624949 munmap(0xb7db7000, 101180) = 0
11769 15:11:33.624979 gettimeofday({1495653093, 624986}, NULL) = 0
11769 15:11:33.625000 stat64("/usr/share/zoneinfo/UTC+04:00", 0xbfadfc54) = -1 ENOENT (No such file or directory)
11769 15:11:33.625028 open("/usr/share/zoneinfo/UTC+04:00", O_RDONLY) = -1 ENOENT (No such file or directory)
11769 15:11:33.625074 fcntl64(3, F_SETLKW64, {type=F_WRLCK, whence=SEEK_SET, start=0, len=0}, 0xbfadfda4) = 0
11769 15:11:33.625104 write(3, "Wed May 24 15:11:33 2017 [pid 11769] [msfadmin] OK LOGIN: Client \"127.0.0.1\"\n", 77) = 77
11769 15:11:33.625135 fcntl64(3, F_SETLK64, {type=F_UNLCK, whence=SEEK_SET, start=0, len=0}, 0xbfadfdac) = 0
11769 15:11:33.625159 rt_sigaction(SIGCHLD, {0x805cad0, ~[RTMIN RT_1], 0}, NULL, 8) = 0
11769 15:11:33.625185 write(4, "\1", 1 <unfinished ...>
11770 15:11:33.625203 <... read resumed> "\1", 1) = 1
11769 15:11:33.625220 <... write resumed> ) = 1
11770 15:11:33.625235 exit_group(0)     = ?
11769 15:11:33.625288 --- SIGCHLD (Child exited) @ 0 (0) ---
11769 15:11:33.625302 sigreturn()       = ? (mask now [])
11769 15:11:33.625337 wait4(-1, [{WIFEXITED(s) && WEXITSTATUS(s) == 0}], 0, NULL) = 11770
11769 15:11:33.625361 close(4)          = 0
11769 15:11:33.625383 socketpair(PF_FILE, SOCK_STREAM, 0, [4, 5]) = 0
11769 15:11:33.625408 rt_sigaction(SIGCHLD, {0x805cad0, ~[RTMIN RT_1], 0}, NULL, 8) = 0
11769 15:11:33.625434 rt_sigaction(SIGALRM, {0x805cb10, ~[RTMIN RT_1], 0}, NULL, 8) = 0
11769 15:11:33.625459 clone(child_stack=0, flags=CLONE_CHILD_CLEARTID|CLONE_CHILD_SETTID|SIGCHLD, child_tidptr=0xb7e406f8) = 11771
11771 15:11:33.625567 prctl(0x1, 0x9, 0, 0, 0) = 0
11771 15:11:33.625595 close(4)          = 0
11771 15:11:33.625645 open("/etc/passwd", O_RDONLY|0x80000 /* O_??? */) = 4
11771 15:11:33.625677 _llseek(4, 0, [0], SEEK_CUR) = 0
11771 15:11:33.625705 fstat64(4, {st_mode=S_IFREG|0644, st_size=1624, ...}) = 0
11771 15:11:33.625739 mmap2(NULL, 1624, PROT_READ, MAP_SHARED, 4, 0) = 0xb7fda000
11771 15:11:33.625761 _llseek(4, 1624, [1624], SEEK_SET) = 0
11771 15:11:33.625802 munmap(0xb7fda000, 1624) = 0
11771 15:11:33.625823 close(4)          = 0
11771 15:11:33.625848 getuid32()        = 0
11771 15:11:33.625867 open("/etc/passwd", O_RDONLY|0x80000 /* O_??? */) = 4
11771 15:11:33.625890 _llseek(4, 0, [0], SEEK_CUR) = 0
11771 15:11:33.625910 fstat64(4, {st_mode=S_IFREG|0644, st_size=1624, ...}) = 0
11771 15:11:33.625940 mmap2(NULL, 1624, PROT_READ, MAP_SHARED, 4, 0) = 0xb7fda000
11771 15:11:33.625959 _llseek(4, 1624, [1624], SEEK_SET) = 0
11771 15:11:33.625988 munmap(0xb7fda000, 1624) = 0
11771 15:11:33.626005 close(4)          = 0
11771 15:11:33.626053 open("/proc/sys/kernel/ngroups_max", O_RDONLY) = 4
11771 15:11:33.626089 read(4, "65536\n", 31) = 6
11771 15:11:33.626112 close(4)          = 0
11771 15:11:33.626139 socket(PF_FILE, SOCK_STREAM, 0) = 4
11771 15:11:33.626160 fcntl64(4, F_SETFL, O_RDWR|O_NONBLOCK) = 0
11771 15:11:33.626181 connect(4, {sa_family=AF_FILE, path="/var/run/nscd/socket"}, 110) = -1 ENOENT (No such file or directory)
11771 15:11:33.626221 close(4)          = 0
11771 15:11:33.626243 socket(PF_FILE, SOCK_STREAM, 0) = 4
11771 15:11:33.626261 fcntl64(4, F_SETFL, O_RDWR|O_NONBLOCK) = 0
11771 15:11:33.626281 connect(4, {sa_family=AF_FILE, path="/var/run/nscd/socket"}, 110) = -1 ENOENT (No such file or directory)
11771 15:11:33.626314 close(4)          = 0
11771 15:11:33.626357 open("/etc/group", O_RDONLY|0x80000 /* O_??? */) = 4
11771 15:11:33.626384 _llseek(4, 0, [0], SEEK_CUR) = 0
11771 15:11:33.626403 fstat64(4, {st_mode=S_IFREG|0644, st_size=886, ...}) = 0
11771 15:11:33.626433 mmap2(NULL, 886, PROT_READ, MAP_SHARED, 4, 0) = 0xb7fda000
11771 15:11:33.626453 _llseek(4, 886, [886], SEEK_SET) = 0
11771 15:11:33.626497 fstat64(4, {st_mode=S_IFREG|0644, st_size=886, ...}) = 0
11771 15:11:33.626544 munmap(0xb7fda000, 886) = 0
11771 15:11:33.626565 close(4)          = 0
11771 15:11:33.626584 setgroups32(13, [1000, 4, 20, 24, 25, 29, 30, 44, 46, 107, 111, 112, 119]) = 0
11771 15:11:33.626615 geteuid32()       = 0
11771 15:11:33.626635 getegid32()       = 0
11771 15:11:33.626655 setregid32(-1, 1000) = 0
11771 15:11:33.626674 setreuid32(-1, 1000) = 0
11771 15:11:33.626694 chdir("/home/msfadmin") = 0
11771 15:11:33.626716 setreuid32(-1, 0) = 0
11771 15:11:33.626733 setregid32(-1, 0) = 0
11771 15:11:33.626752 setgid32(1000)    = 0
11771 15:11:33.626770 setuid32(1000)    = 0
11771 15:11:33.626789 setrlimit(RLIMIT_NPROC, {rlim_cur=0, rlim_max=0}) = 0
11771 15:11:33.626814 mmap2(NULL, 12288, PROT_READ|PROT_WRITE, MAP_PRIVATE|MAP_ANONYMOUS, -1, 0) = 0xb7fd8000
11771 15:11:33.626835 mprotect(0xb7fda000, 4096, PROT_NONE) = 0
11771 15:11:33.626856 mprotect(0xb7fd8000, 4096, PROT_NONE) = 0
11771 15:11:33.626880 getcwd("/home/msfadmin", 4096) = 15
11771 15:11:33.626907 umask(022)        = 077
11771 15:11:33.626926 getcwd("/home/msfadmin", 4096) = 15
11771 15:11:33.626951 open(".message", O_RDONLY|O_NONBLOCK|O_LARGEFILE) = -1 ENOENT (No such file or directory)
11771 15:11:33.626999 write(0, "230 Login successful.\r\n", 23) = 23
11771 15:11:33.627807 rt_sigaction(SIGALRM, {0x805cad0, ~[RTMIN RT_1], 0}, NULL, 8) = 0
11771 15:11:33.627840 alarm(300)        = 0
11771 15:11:33.627860 mmap2(NULL, 12288, PROT_READ|PROT_WRITE, MAP_PRIVATE|MAP_ANONYMOUS, -1, 0) = 0xb7fd5000
11771 15:11:33.627882 mprotect(0xb7fd7000, 4096, PROT_NONE) = 0
11771 15:11:33.627903 mprotect(0xb7fd5000, 4096, PROT_NONE) = 0
11771 15:11:33.627927 recv(0, "TYPE I\r\n", 4096, MSG_PEEK) = 8
11771 15:11:33.627950 read(0, "TYPE I\r\n", 8) = 8
11771 15:11:33.627982 write(0, "200 Switching to Binary mode.\r\n", 31) = 31
11771 15:11:33.628053 rt_sigaction(SIGALRM, {0x805cad0, ~[RTMIN RT_1], 0}, NULL, 8) = 0
11771 15:11:33.628080 alarm(300)        = 300
11771 15:11:33.628123 recv(0, "PASV\r\n", 4096, MSG_PEEK) = 6
11771 15:11:33.628147 read(0, "PASV\r\n", 6) = 6
11771 15:11:33.628170 write(5, "\n", 1) = 1
11771 15:11:33.628190 read(5,  <unfinished ...>
11769 15:11:33.628213 close(5)          = 0
11769 15:11:33.628236 getuid32()        = 0
11769 15:11:33.628264 open("/etc/passwd", O_RDONLY|0x80000 /* O_??? */) = 5
11769 15:11:33.628291 _llseek(5, 0, [0], SEEK_CUR) = 0
11769 15:11:33.628313 fstat64(5, {st_mode=S_IFREG|0644, st_size=1624, ...}) = 0
11769 15:11:33.628346 mmap2(NULL, 1624, PROT_READ, MAP_SHARED, 5, 0) = 0xb7fda000
11769 15:11:33.628367 _llseek(5, 1624, [1624], SEEK_SET) = 0
11769 15:11:33.628399 munmap(0xb7fda000, 1624) = 0
11769 15:11:33.628421 close(5)          = 0
11769 15:11:33.628450 setgroups32(0, []) = 0
11769 15:11:33.628471 chdir("/usr/share/empty") = 0
11769 15:11:33.628493 chroot(".")       = 0
11769 15:11:33.628513 capset(NULL, NULL) = -1 EFAULT (Bad address)
11769 15:11:33.628537 prctl(0x8, 0, 0xbfadfd88, 0x80549a6, 0xbfadfd70) = 0
11769 15:11:33.628558 prctl(0x8, 0x1, 0xbfadfd88, 0x8054a49, 0xbfadfd70) = 0
11769 15:11:33.628577 setgid32(65534)   = 0
11769 15:11:33.628595 setuid32(65534)   = 0
11769 15:11:33.628613 capset(0x19980330, 0, {CAP_NET_BIND_SERVICE, CAP_NET_BIND_SERVICE, 0}) = 0
11769 15:11:33.628636 read(4, "\n", 1)  = 1
11769 15:11:33.628661 write(4, "\1", 1) = 1
11771 15:11:33.628681 <... read resumed> "\1", 1) = 1
11771 15:11:33.628695 write(5, "\f", 1) = 1
11771 15:11:33.628714 read(5,  <unfinished ...>
11769 15:11:33.628727 read(4, "\f", 1)  = 1
11769 15:11:33.628750 socket(PF_INET, SOCK_STREAM, IPPROTO_TCP) = 5
11769 15:11:33.628775 setsockopt(5, SOL_SOCKET, SO_REUSEADDR, [1], 4) = 0
11769 15:11:33.628797 gettimeofday({1495653093, 628804}, NULL) = 0
11769 15:11:33.628826 bind(5, {sa_family=AF_INET, sin_port=htons(19925), sin_addr=inet_addr("127.0.0.1")}, 16) = 0
11769 15:11:33.628855 listen(5, 1)      = 0
11769 15:11:33.628879 write(4, "\325M\0\0", 4) = 4
11771 15:11:33.628900 <... read resumed> "\325M\0\0", 4) = 4
11771 15:11:33.628925 write(0, "227 Entering Passive Mode (127,0,0,1,77,213).\r\n", 47) = 47
11771 15:11:33.629138 rt_sigaction(SIGALRM, {0x805cad0, ~[RTMIN RT_1], 0}, NULL, 8) = 0
11771 15:11:33.629171 alarm(300)        = 300
11771 15:11:33.629193 recv(0, "STOR myfile5\r\n", 4096, MSG_PEEK) = 14
11771 15:11:33.629216 read(0, "STOR myfile5\r\n", 14) = 14
11771 15:11:33.629244 write(5, "\v", 1) = 1
11771 15:11:33.629264 read(5,  <unfinished ...>
11769 15:11:33.629277 read(4, "\v", 1)  = 1
11769 15:11:33.629298 write(4, "\1\0\0\0", 4) = 4
11771 15:11:33.629318 <... read resumed> "\1\0\0\0", 4) = 4
11771 15:11:33.629333 gettimeofday({1495653093, 629340}, NULL) = 0
11771 15:11:33.629353 getcwd("/home/msfadmin", 4096) = 15
11771 15:11:33.629376 open("myfile5", O_WRONLY|O_CREAT|O_NONBLOCK|O_LARGEFILE, 0666) = 4
11771 15:11:33.629401 fstat64(4, {st_mode=S_IFREG|0644, st_size=17, ...}) = 0
11771 15:11:33.629432 fcntl64(4, F_GETFL) = 0x8801 (flags O_WRONLY|O_NONBLOCK|O_LARGEFILE)
11771 15:11:33.629452 fcntl64(4, F_SETFL, O_WRONLY|O_LARGEFILE) = 0
11771 15:11:33.629471 fcntl64(4, F_SETLKW64, {type=F_WRLCK, whence=SEEK_SET, start=0, len=0}, 0xbfadfcd4) = 0
11771 15:11:33.629500 ftruncate64(4, 0) = 0
11771 15:11:33.629542 _llseek(4, 0, [0], SEEK_SET) = 0
11771 15:11:33.629563 write(5, "\v", 1) = 1
11771 15:11:33.629582 read(5,  <unfinished ...>
11769 15:11:33.629596 read(4, "\v", 1)  = 1
11769 15:11:33.629616 write(4, "\1\0\0\0", 4) = 4
11771 15:11:33.629636 <... read resumed> "\1\0\0\0", 4) = 4
11771 15:11:33.629650 write(5, "\v", 1) = 1
11771 15:11:33.629668 read(5,  <unfinished ...>
11769 15:11:33.629680 read(4, "\v", 1)  = 1
11769 15:11:33.629700 write(4, "\1\0\0\0", 4) = 4
11771 15:11:33.629719 <... read resumed> "\1\0\0\0", 4) = 4
11771 15:11:33.629733 write(5, "\r", 1) = 1
11771 15:11:33.629751 read(5,  <unfinished ...>
11769 15:11:33.629763 read(4, "\r", 1)  = 1
11769 15:11:33.629786 select(6, [5], NULL, NULL, {60, 0}) = 1 (in [5], left {60, 0})
11769 15:11:33.629818 accept(5, {sa_family=AF_INET, sin_port=htons(36929), sin_addr=inet_addr("127.0.0.1")}, [16]) = 6
11769 15:11:33.629858 write(4, "\1", 1) = 1
11771 15:11:33.629878 <... read resumed> "\1", 1) = 1
11771 15:11:33.629896 recvmsg(5,  <unfinished ...>
11769 15:11:33.629913 sendmsg(4, {msg_name(0)=NULL, msg_iov(1)=[{"\0", 1}], msg_controllen=16, {cmsg_len=16, cmsg_level=SOL_SOCKET, cmsg_type=SCM_RIGHTS, {6}}, msg_flags=0}, 0) = 1
11771 15:11:33.629945 <... recvmsg resumed> {msg_name(0)=NULL, msg_iov(1)=[{"\0", 1}], msg_controllen=16, {cmsg_len=16, cmsg_level=SOL_SOCKET, cmsg_type=SCM_RIGHTS, {6}}, msg_flags=0}, 0) = 1
11771 15:11:33.629969 setsockopt(6, SOL_SOCKET, SO_KEEPALIVE, [1], 4) = 0
11771 15:11:33.629992 setsockopt(6, SOL_IP, IP_TOS, [8], 4) = 0
11771 15:11:33.630014 setsockopt(6, SOL_SOCKET, SO_LINGER, {onoff=1, linger=32767}, 8) = 0
11771 15:11:33.630056 rt_sigaction(SIGALRM, {0x805cad0, ~[RTMIN RT_1], 0}, NULL, 8) = 0
11771 15:11:33.630084 alarm(300)        = 300
11771 15:11:33.630108 write(0, "150 Ok to send data.\r\n", 22) = 22
11771 15:11:33.630225 mmap2(NULL, 77824, PROT_READ|PROT_WRITE, MAP_PRIVATE|MAP_ANONYMOUS, -1, 0) = 0xb7e0f000
11771 15:11:33.630251 mprotect(0xb7e21000, 4096, PROT_NONE) = 0
11771 15:11:33.630273 mprotect(0xb7e0f000, 4096, PROT_NONE) = 0
11771 15:11:33.630292 read(6, "assasaaa\na\na\na\na\n", 65536) = 17
11771 15:11:33.630317 write(4, "assasaaa\na\na\na\na\n", 17) = 17
11771 15:11:33.630345 read(6, "", 65536) = 0
11771 15:11:33.630364 rt_sigaction(SIGALRM, {0x805cad0, ~[RTMIN RT_1], 0}, NULL, 8) = 0
11771 15:11:33.630389 alarm(300)        = 300
11771 15:11:33.630407 close(6)          = 0
11771 15:11:33.630425 alarm(0)          = 300
11771 15:11:33.630442 gettimeofday({1495653093, 630449}, NULL) = 0
11771 15:11:33.630474 getpid()          = 11771
11771 15:11:33.630496 gettimeofday({1495653093, 630503}, NULL) = 0
11771 15:11:33.630527 fcntl64(3, F_SETLKW64, {type=F_WRLCK, whence=SEEK_SET, start=0, len=0}, 0xbfadfc74) = 0
11771 15:11:33.630554 write(3, "Wed May 24 15:11:33 2017 [pid 11771] [msfadmin] OK UPLOAD: Client \"127.0.0.1\", \"/home/msfadmin/myfile5\", 17 bytes, 14.27Kbyte/sec\n", 130) = 130
11771 15:11:33.630624 fcntl64(3, F_SETLK64, {type=F_UNLCK, whence=SEEK_SET, start=0, len=0}, 0xbfadfc7c) = 0
11771 15:11:33.630656 write(0, "226 Transfer complete.\r\n", 24) = 24
11771 15:11:33.630733 write(5, "\n", 1) = 1
11771 15:11:33.630755 read(5,  <unfinished ...>
11769 15:11:33.630769 close(6)          = 0
11769 15:11:33.630802 read(4, "\n", 1)  = 1
11769 15:11:33.630824 close(5)          = 0
11769 15:11:33.630844 write(4, "\1", 1) = 1
11771 15:11:33.630864 <... read resumed> "\1", 1) = 1
11771 15:11:33.630877 close(4)          = 0
11771 15:11:33.630897 rt_sigaction(SIGALRM, {0x805cad0, ~[RTMIN RT_1], 0}, NULL, 8) = 0
11771 15:11:33.630922 alarm(300)        = 0
11771 15:11:33.630942 recv(0,  <unfinished ...>
11769 15:11:33.630956 read(4,  <unfinished ...>
11771 15:11:34.138533 <... recv resumed> "TYPE I\r\n", 4096, MSG_PEEK) = 8
11771 15:11:34.138671 read(0, "TYPE I\r\n", 8) = 8
11771 15:11:34.138915 write(0, "200 Switching to Binary mode.\r\n", 31) = 31
11771 15:11:34.139136 rt_sigaction(SIGALRM, {0x805cad0, ~[RTMIN RT_1], 0}, NULL, 8) = 0
11771 15:11:34.139210 alarm(300)        = 299
11771 15:11:34.139263 recv(0, "PASV\r\n", 4096, MSG_PEEK) = 6
11771 15:11:34.139341 read(0, "PASV\r\n", 6) = 6
11771 15:11:34.139492 write(5, "\n", 1) = 1
11771 15:11:34.139546 read(5,  <unfinished ...>
11769 15:11:34.139579 <... read resumed> "\n", 1) = 1
11769 15:11:34.139615 write(4, "\1", 1) = 1
11771 15:11:34.139740 <... read resumed> "\1", 1) = 1
11771 15:11:34.139939 write(5, "\f", 1) = 1
11771 15:11:34.139997 read(5,  <unfinished ...>
11769 15:11:34.140030 read(4, "\f", 1)  = 1
11769 15:11:34.140083 socket(PF_INET, SOCK_STREAM, IPPROTO_TCP) = 5
11769 15:11:34.140144 setsockopt(5, SOL_SOCKET, SO_REUSEADDR, [1], 4) = 0
11769 15:11:34.140204 bind(5, {sa_family=AF_INET, sin_port=htons(26035), sin_addr=inet_addr("127.0.0.1")}, 16) = 0
11769 15:11:34.140271 listen(5, 1)      = 0
11769 15:11:34.140406 write(4, "\263e\0\0", 4) = 4
11771 15:11:34.140464 <... read resumed> "\263e\0\0", 4) = 4
11771 15:11:34.140519 write(0, "227 Entering Passive Mode (127,0,0,1,101,179).\r\n", 48) = 48
11771 15:11:34.141181 rt_sigaction(SIGALRM, {0x805cad0, ~[RTMIN RT_1], 0}, NULL, 8) = 0
11771 15:11:34.141260 alarm(300)        = 300
11771 15:11:34.141395 recv(0, "STOR myfile6\r\n", 4096, MSG_PEEK) = 14
11771 15:11:34.141465 read(0, "STOR myfile6\r\n", 14) = 14
11771 15:11:34.141525 write(5, "\v", 1) = 1
11771 15:11:34.141572 read(5,  <unfinished ...>
11769 15:11:34.141604 read(4, "\v", 1)  = 1
11769 15:11:34.141653 write(4, "\1\0\0\0", 4) = 4
11771 15:11:34.141749 <... read resumed> "\1\0\0\0", 4) = 4
11771 15:11:34.141790 gettimeofday({1495653094, 141806}, NULL) = 0
11771 15:11:34.141838 getcwd("/home/msfadmin", 4096) = 15
11771 15:11:34.141892 open("myfile6", O_WRONLY|O_CREAT|O_NONBLOCK|O_LARGEFILE, 0666) = 4
11771 15:11:34.142032 fstat64(4, {st_mode=S_IFREG|0644, st_size=17, ...}) = 0
11771 15:11:34.142112 fcntl64(4, F_GETFL) = 0x8801 (flags O_WRONLY|O_NONBLOCK|O_LARGEFILE)
11771 15:11:34.142162 fcntl64(4, F_SETFL, O_WRONLY|O_LARGEFILE) = 0
11771 15:11:34.142207 fcntl64(4, F_SETLKW64, {type=F_WRLCK, whence=SEEK_SET, start=0, len=0}, 0xbfadfcd4) = 0
11771 15:11:34.142345 ftruncate64(4, 0) = 0
11771 15:11:34.142424 _llseek(4, 0, [0], SEEK_SET) = 0
11771 15:11:34.142472 write(5, "\v", 1) = 1
11771 15:11:34.142519 read(5,  <unfinished ...>
11769 15:11:34.142551 read(4, "\v", 1)  = 1
11769 15:11:34.142600 write(4, "\1\0\0\0", 4) = 4
11771 15:11:34.142647 <... read resumed> "\1\0\0\0", 4) = 4
11771 15:11:34.142803 write(5, "\v", 1) = 1
11771 15:11:34.142866 read(5,  <unfinished ...>
11769 15:11:34.142897 read(4, "\v", 1)  = 1
11769 15:11:34.142945 write(4, "\1\0\0\0", 4) = 4
11771 15:11:34.142991 <... read resumed> "\1\0\0\0", 4) = 4
11771 15:11:34.143024 write(5, "\r", 1) = 1
11771 15:11:34.143145 read(5,  <unfinished ...>
11769 15:11:34.143190 read(4, "\r", 1)  = 1
11769 15:11:34.143244 select(6, [5], NULL, NULL, {60, 0}) = 1 (in [5], left {60, 0})
11769 15:11:34.143315 accept(5, {sa_family=AF_INET, sin_port=htons(37917), sin_addr=inet_addr("127.0.0.1")}, [16]) = 6
11769 15:11:34.143411 write(4, "\1", 1) = 1
11771 15:11:34.143458 <... read resumed> "\1", 1) = 1
11771 15:11:34.143495 recvmsg(5,  <unfinished ...>
11769 15:11:34.143532 sendmsg(4, {msg_name(0)=NULL, msg_iov(1)=[{"\0", 1}], msg_controllen=16, {cmsg_len=16, cmsg_level=SOL_SOCKET, cmsg_type=SCM_RIGHTS, {6}}, msg_flags=0}, 0) = 1
11771 15:11:34.143728 <... recvmsg resumed> {msg_name(0)=NULL, msg_iov(1)=[{"\0", 1}], msg_controllen=16, {cmsg_len=16, cmsg_level=SOL_SOCKET, cmsg_type=SCM_RIGHTS, {6}}, msg_flags=0}, 0) = 1
11771 15:11:34.143800 setsockopt(6, SOL_SOCKET, SO_KEEPALIVE, [1], 4) = 0
11771 15:11:34.143854 setsockopt(6, SOL_IP, IP_TOS, [8], 4) = 0
11771 15:11:34.143976 setsockopt(6, SOL_SOCKET, SO_LINGER, {onoff=1, linger=32767}, 8) = 0
11771 15:11:34.144044 rt_sigaction(SIGALRM, {0x805cad0, ~[RTMIN RT_1], 0}, NULL, 8) = 0
11771 15:11:34.144104 alarm(300)        = 300
11771 15:11:34.144161 write(0, "150 Ok to send data.\r\n", 22) = 22
11771 15:11:34.144519 read(6, "assasaaa\na\na\na\na\n", 65536) = 17
11771 15:11:34.144645 write(4, "assasaaa\na\na\na\na\n", 17) = 17
11771 15:11:34.144720 read(6, "", 65536) = 0
11771 15:11:34.144860 rt_sigaction(SIGALRM, {0x805cad0, ~[RTMIN RT_1], 0}, NULL, 8) = 0
11771 15:11:34.144931 alarm(300)        = 300
11771 15:11:34.144975 close(6)          = 0
11771 15:11:34.145016 alarm(0)          = 300
11771 15:11:34.145058 gettimeofday({1495653094, 145074}, NULL) = 0
11771 15:11:34.145122 gettimeofday({1495653094, 145139}, NULL) = 0
11771 15:11:34.145178 fcntl64(3, F_SETLKW64, {type=F_WRLCK, whence=SEEK_SET, start=0, len=0}, 0xbfadfc74) = 0
11771 15:11:34.145243 write(3, "Wed May 24 15:11:34 2017 [pid 11771] [msfadmin] OK UPLOAD: Client \"127.0.0.1\", \"/home/msfadmin/myfile6\", 17 bytes, 4.98Kbyte/sec\n", 129) = 129
11771 15:11:34.145332 fcntl64(3, F_SETLK64, {type=F_UNLCK, whence=SEEK_SET, start=0, len=0}, 0xbfadfc7c) = 0
11771 15:11:34.145396 write(0, "226 Transfer complete.\r\n", 24) = 24
11771 15:11:34.145668 write(5, "\n", 1) = 1
11771 15:11:34.145727 read(5,  <unfinished ...>
11769 15:11:34.145758 close(6)          = 0
11769 15:11:34.145843 read(4, "\n", 1)  = 1
11769 15:11:34.145894 close(5)          = 0
11769 15:11:34.145941 write(4, "\1", 1) = 1
11771 15:11:34.145989 <... read resumed> "\1", 1) = 1
11771 15:11:34.146021 close(4)          = 0
11771 15:11:34.146142 rt_sigaction(SIGALRM, {0x805cad0, ~[RTMIN RT_1], 0}, NULL, 8) = 0
11771 15:11:34.146218 alarm(300)        = 0
11771 15:11:34.146268 recv(0,  <unfinished ...>
11769 15:11:34.146304 read(4,  <unfinished ...>
11771 15:11:34.677966 <... recv resumed> "TYPE I\r\n", 4096, MSG_PEEK) = 8
11771 15:11:34.678252 read(0, "TYPE I\r\n", 8) = 8
11771 15:11:34.678525 write(0, "200 Switching to Binary mode.\r\n", 31) = 31
11771 15:11:34.678925 rt_sigaction(SIGALRM, {0x805cad0, ~[RTMIN RT_1], 0}, NULL, 8) = 0
11771 15:11:34.679104 alarm(300)        = 299
11771 15:11:34.679175 recv(0, "PASV\r\n", 4096, MSG_PEEK) = 6
11771 15:11:34.679230 read(0, "PASV\r\n", 6) = 6
11771 15:11:34.679285 write(5, "\n", 1) = 1
11771 15:11:34.679337 read(5,  <unfinished ...>
11769 15:11:34.679370 <... read resumed> "\n", 1) = 1
11769 15:11:34.679406 write(4, "\1", 1) = 1
11771 15:11:34.679453 <... read resumed> "\1", 1) = 1
11771 15:11:34.679485 write(5, "\f", 1) = 1
11771 15:11:34.679529 read(5,  <unfinished ...>
11769 15:11:34.679559 read(4, "\f", 1)  = 1
11769 15:11:34.679610 socket(PF_INET, SOCK_STREAM, IPPROTO_TCP) = 5
11769 15:11:34.679672 setsockopt(5, SOL_SOCKET, SO_REUSEADDR, [1], 4) = 0
11769 15:11:34.679731 bind(5, {sa_family=AF_INET, sin_port=htons(17255), sin_addr=inet_addr("127.0.0.1")}, 16) = 0
11769 15:11:34.679796 listen(5, 1)      = 0
11769 15:11:34.679897 write(4, "gC\0\0", 4) = 4
11771 15:11:34.679951 <... read resumed> "gC\0\0", 4) = 4
11771 15:11:34.680004 write(0, "227 Entering Passive Mode (127,0,0,1,67,103).\r\n", 47) = 47
11771 15:11:34.680425 rt_sigaction(SIGALRM, {0x805cad0, ~[RTMIN RT_1], 0}, NULL, 8) = 0
11771 15:11:34.680618 alarm(300)        = 300
11771 15:11:34.680677 recv(0, "STOR myfile7\r\n", 4096, MSG_PEEK) = 14
11771 15:11:34.680734 read(0, "STOR myfile7\r\n", 14) = 14
11771 15:11:34.680863 write(5, "\v", 1) = 1
11771 15:11:34.680916 read(5,  <unfinished ...>
11769 15:11:34.681060 read(4, "\v", 1)  = 1
11769 15:11:34.681129 write(4, "\1\0\0\0", 4) = 4
11771 15:11:34.681178 <... read resumed> "\1\0\0\0", 4) = 4
11771 15:11:34.681213 gettimeofday({1495653094, 681230}, NULL) = 0
11771 15:11:34.681261 getcwd("/home/msfadmin", 4096) = 15
11771 15:11:34.681315 open("myfile7", O_WRONLY|O_CREAT|O_NONBLOCK|O_LARGEFILE, 0666) = 4
11771 15:11:34.681373 fstat64(4, {st_mode=S_IFREG|0644, st_size=17, ...}) = 0
11771 15:11:34.681449 fcntl64(4, F_GETFL) = 0x8801 (flags O_WRONLY|O_NONBLOCK|O_LARGEFILE)
11771 15:11:34.681498 fcntl64(4, F_SETFL, O_WRONLY|O_LARGEFILE) = 0
11771 15:11:34.681544 fcntl64(4, F_SETLKW64, {type=F_WRLCK, whence=SEEK_SET, start=0, len=0}, 0xbfadfcd4) = 0
11771 15:11:34.681603 ftruncate64(4, 0) = 0
11771 15:11:34.681675 _llseek(4, 0, [0], SEEK_SET) = 0
11769 15:11:34.681772 read(4,  <unfinished ...>
11771 15:11:34.681808 write(5, "\v", 1) = 1
11769 15:11:34.681854 <... read resumed> "\v", 1) = 1
11769 15:11:34.681884 write(4, "\1\0\0\0", 4) = 4
11769 15:11:34.681954 read(4,  <unfinished ...>
11771 15:11:34.681985 read(5, "\1\0\0\0", 4) = 4
11771 15:11:34.682034 write(5, "\v", 1) = 1
11769 15:11:34.682076 <... read resumed> "\v", 1) = 1
11769 15:11:34.682105 write(4, "\1\0\0\0", 4) = 4
11769 15:11:34.682151 read(4,  <unfinished ...>
11771 15:11:34.682180 read(5, "\1\0\0\0", 4) = 4
11771 15:11:34.682229 write(5, "\r", 1) = 1
11769 15:11:34.682272 <... read resumed> "\r", 1) = 1
11769 15:11:34.682307 select(6, [5], NULL, NULL, {60, 0}) = 1 (in [5], left {60, 0})
11769 15:11:34.682376 accept(5, {sa_family=AF_INET, sin_port=htons(34246), sin_addr=inet_addr("127.0.0.1")}, [16]) = 6
11771 15:11:34.682481 read(5,  <unfinished ...>
