11724 15:11:02.218278 write(4, "\1\0\0\0", 4) = 4
11726 15:11:02.218301 <... read resumed> "\1\0\0\0", 4) = 4
11726 15:11:02.218319 gettimeofday({1495653062, 218327}, NULL) = 0
11726 15:11:02.218342 getcwd("/home/msfadmin", 4096) = 15
11726 15:11:02.218369 open("myfile35", O_WRONLY|O_CREAT|O_NONBLOCK|O_LARGEFILE, 0666) = 4
11726 15:11:02.218397 fstat64(4, {st_mode=S_IFREG|0644, st_size=17, ...}) = 0
11726 15:11:02.218432 fcntl64(4, F_GETFL) = 0x8801 (flags O_WRONLY|O_NONBLOCK|O_LARGEFILE)
11726 15:11:02.218455 fcntl64(4, F_SETFL, O_WRONLY|O_LARGEFILE) = 0
11726 15:11:02.218476 fcntl64(4, F_SETLKW64, {type=F_WRLCK, whence=SEEK_SET, start=0, len=0}, 0xbfcbf6b4) = 0
11726 15:11:02.218510 ftruncate64(4, 0) = 0
11726 15:11:02.218547 _llseek(4, 0, [0], SEEK_SET) = 0
11726 15:11:02.218571 write(5, "\v", 1) = 1
11726 15:11:02.218593 read(5,  <unfinished ...>
11724 15:11:02.218607 read(4, "\v", 1)  = 1
11724 15:11:02.218631 write(4, "\1\0\0\0", 4) = 4
11726 15:11:02.218653 <... read resumed> "\1\0\0\0", 4) = 4
11726 15:11:02.218726 write(5, "\v", 1) = 1
11726 15:11:02.218789 read(5,  <unfinished ...>
11724 15:11:02.218816 read(4, "\v", 1)  = 1
11724 15:11:02.218845 write(4, "\1\0\0\0", 4) = 4
11726 15:11:02.218870 <... read resumed> "\1\0\0\0", 4) = 4
11726 15:11:02.218887 write(5, "\r", 1) = 1
11726 15:11:02.218908 read(5,  <unfinished ...>
11724 15:11:02.218923 read(4, "\r", 1)  = 1
11724 15:11:02.218952 select(6, [5], NULL, NULL, {60, 0}) = 1 (in [5], left {60, 0})
11724 15:11:02.218989 accept(5, {sa_family=AF_INET, sin_port=htons(55166), sin_addr=inet_addr("127.0.0.1")}, [16]) = 6
11724 15:11:02.219037 write(4, "\1", 1) = 1
11726 15:11:02.219060 <... read resumed> "\1", 1) = 1
11726 15:11:02.219080 recvmsg(5,  <unfinished ...>
11724 15:11:02.219100 sendmsg(4, {msg_name(0)=NULL, msg_iov(1)=[{"\0", 1}], msg_controllen=16, {cmsg_len=16, cmsg_level=SOL_SOCKET, cmsg_type=SCM_RIGHTS, {6}}, msg_flags=0}, 0) = 1
11726 15:11:02.219137 <... recvmsg resumed> {msg_name(0)=NULL, msg_iov(1)=[{"\0", 1}], msg_controllen=16, {cmsg_len=16, cmsg_level=SOL_SOCKET, cmsg_type=SCM_RIGHTS, {6}}, msg_flags=0}, 0) = 1
11726 15:11:02.219164 setsockopt(6, SOL_SOCKET, SO_KEEPALIVE, [1], 4) = 0
11726 15:11:02.219190 setsockopt(6, SOL_IP, IP_TOS, [8], 4) = 0
11726 15:11:02.219215 setsockopt(6, SOL_SOCKET, SO_LINGER, {onoff=1, linger=32767}, 8) = 0
11726 15:11:02.219239 rt_sigaction(SIGALRM, {0x805cad0, ~[RTMIN RT_1], 0}, NULL, 8) = 0
11726 15:11:02.219269 alarm(300)        = 300
11726 15:11:02.219297 write(0, "150 Ok to send data.\r\n", 22) = 22
11726 15:11:02.219452 mmap2(NULL, 77824, PROT_READ|PROT_WRITE, MAP_PRIVATE|MAP_ANONYMOUS, -1, 0) = 0xb7d5a000
11726 15:11:02.219482 mprotect(0xb7d6c000, 4096, PROT_NONE) = 0
11726 15:11:02.219508 mprotect(0xb7d5a000, 4096, PROT_NONE) = 0
11726 15:11:02.219529 read(6, "assasaaa\na\na\na\na\n", 65536) = 17
11726 15:11:02.219558 write(4, "assasaaa\na\na\na\na\n", 17) = 17
11726 15:11:02.219592 read(6, "", 65536) = 0
11726 15:11:02.219614 rt_sigaction(SIGALRM, {0x805cad0, ~[RTMIN RT_1], 0}, NULL, 8) = 0
11726 15:11:02.219643 alarm(300)        = 300
11726 15:11:02.219684 close(6)          = 0
11726 15:11:02.219706 alarm(0)          = 300
11726 15:11:02.219726 gettimeofday({1495653062, 219734}, NULL) = 0
11726 15:11:02.219767 getpid()          = 11726
11726 15:11:02.219793 gettimeofday({1495653062, 219801}, NULL) = 0
11726 15:11:02.219829 fcntl64(3, F_SETLKW64, {type=F_WRLCK, whence=SEEK_SET, start=0, len=0}, 0xbfcbf654) = 0
11726 15:11:02.219862 write(3, "Wed May 24 15:11:02 2017 [pid 11726] [msfadmin] OK UPLOAD: Client \"127.0.0.1\", \"/home/msfadmin/myfile35\", 17 bytes, 11.26Kbyte/sec\n", 131) = 131
11726 15:11:02.219912 fcntl64(3, F_SETLK64, {type=F_UNLCK, whence=SEEK_SET, start=0, len=0}, 0xbfcbf65c) = 0
11726 15:11:02.219943 write(0, "226 Transfer complete.\r\n", 24) = 24
11726 15:11:02.220033 write(5, "\n", 1) = 1
11726 15:11:02.220058 read(5,  <unfinished ...>
11724 15:11:02.220073 close(6)          = 0
11724 15:11:02.220111 read(4, "\n", 1)  = 1
11724 15:11:02.220135 close(5)          = 0
11724 15:11:02.220158 write(4, "\1", 1) = 1
11726 15:11:02.220180 <... read resumed> "\1", 1) = 1
11726 15:11:02.220195 close(4)          = 0
11726 15:11:02.220218 rt_sigaction(SIGALRM, {0x805cad0, ~[RTMIN RT_1], 0}, NULL, 8) = 0
11726 15:11:02.220246 alarm(300)        = 0
11726 15:11:02.220270 recv(0,  <unfinished ...>
11724 15:11:02.220286 read(4,  <unfinished ...>
11726 15:11:02.752159 <... recv resumed> "TYPE I\r\n", 4096, MSG_PEEK) = 8
11726 15:11:02.752358 read(0, "TYPE I\r\n", 8) = 8
11726 15:11:02.752553 write(0, "200 Switching to Binary mode.\r\n", 31) = 31
11726 15:11:02.752905 rt_sigaction(SIGALRM, {0x805cad0, ~[RTMIN RT_1], 0}, NULL, 8) = 0
11726 15:11:02.752995 alarm(300)        = 299
11726 15:11:02.753051 recv(0, "PASV\r\n", 4096, MSG_PEEK) = 6
11726 15:11:02.753112 read(0, "PASV\r\n", 6) = 6
11726 15:11:02.753167 write(5, "\n", 1) = 1
11726 15:11:02.753220 read(5,  <unfinished ...>
11724 15:11:02.753253 <... read resumed> "\n", 1) = 1
11724 15:11:02.753291 write(4, "\1", 1) = 1
11726 15:11:02.753339 <... read resumed> "\1", 1) = 1
11726 15:11:02.753371 write(5, "\f", 1) = 1
11726 15:11:02.753417 read(5,  <unfinished ...>
11724 15:11:02.753447 read(4, "\f", 1)  = 1
11724 15:11:02.753500 socket(PF_INET, SOCK_STREAM, IPPROTO_TCP) = 5
11724 15:11:02.753561 setsockopt(5, SOL_SOCKET, SO_REUSEADDR, [1], 4) = 0
11724 15:11:02.753630 bind(5, {sa_family=AF_INET, sin_port=htons(40416), sin_addr=inet_addr("127.0.0.1")}, 16) = 0
11724 15:11:02.753696 listen(5, 1)      = 0
11724 15:11:02.753927 write(4, "\340\235\0\0", 4) = 4
11726 15:11:02.753987 <... read resumed> "\340\235\0\0", 4) = 4
11726 15:11:02.754041 write(0, "227 Entering Passive Mode (127,0,0,1,157,224).\r\n", 48) = 48
11726 15:11:02.754520 rt_sigaction(SIGALRM, {0x805cad0, ~[RTMIN RT_1], 0}, NULL, 8) = 0
11726 15:11:02.754605 alarm(300)        = 300
11726 15:11:02.754658 recv(0, "STOR myfile36\r\n", 4096, MSG_PEEK) = 15
11726 15:11:02.754772 read(0, "STOR myfile36\r\n", 15) = 15
11726 15:11:02.754841 write(5, "\v", 1) = 1
11726 15:11:02.754890 read(5,  <unfinished ...>
11724 15:11:02.754923 read(4, "\v", 1)  = 1
11724 15:11:02.754973 write(4, "\1\0\0\0", 4) = 4
11726 15:11:02.755021 <... read resumed> "\1\0\0\0", 4) = 4
11726 15:11:02.755054 gettimeofday({1495653062, 755071}, NULL) = 0
11726 15:11:02.755103 getcwd("/home/msfadmin", 4096) = 15
11726 15:11:02.755157 open("myfile36", O_WRONLY|O_CREAT|O_NONBLOCK|O_LARGEFILE, 0666) = 4
11726 15:11:02.755218 fstat64(4, {st_mode=S_IFREG|0644, st_size=17, ...}) = 0
11726 15:11:02.755302 fcntl64(4, F_GETFL) = 0x8801 (flags O_WRONLY|O_NONBLOCK|O_LARGEFILE)
11726 15:11:02.755352 fcntl64(4, F_SETFL, O_WRONLY|O_LARGEFILE) = 0
11726 15:11:02.755397 fcntl64(4, F_SETLKW64, {type=F_WRLCK, whence=SEEK_SET, start=0, len=0}, 0xbfcbf6b4) = 0
11726 15:11:02.755457 ftruncate64(4, 0) = 0
11726 15:11:02.755531 _llseek(4, 0, [0], SEEK_SET) = 0
11726 15:11:02.755588 write(5, "\v", 1) = 1
11726 15:11:02.755635 read(5,  <unfinished ...>
11724 15:11:02.755857 read(4, "\v", 1)  = 1
11724 15:11:02.755956 write(4, "\1\0\0\0", 4) = 4
11726 15:11:02.756012 <... read resumed> "\1\0\0\0", 4) = 4
11726 15:11:02.756048 write(5, "\v", 1) = 1
11726 15:11:02.756104 read(5,  <unfinished ...>
11724 15:11:02.756137 read(4, "\v", 1)  = 1
11724 15:11:02.756187 write(4, "\1\0\0\0", 4) = 4
11726 15:11:02.756234 <... read resumed> "\1\0\0\0", 4) = 4
11726 15:11:02.756267 write(5, "\r", 1) = 1
11726 15:11:02.756312 read(5,  <unfinished ...>
11724 15:11:02.756342 read(4, "\r", 1)  = 1
11724 15:11:02.756400 select(6, [5], NULL, NULL, {60, 0}) = 1 (in [5], left {60, 0})
11724 15:11:02.756497 accept(5, {sa_family=AF_INET, sin_port=htons(39421), sin_addr=inet_addr("127.0.0.1")}, [16]) = 6
11724 15:11:02.756598 write(4, "\1", 1) = 1
11726 15:11:02.756694 <... read resumed> "\1", 1) = 1
11726 15:11:02.756740 recvmsg(5,  <unfinished ...>
11724 15:11:02.756779 sendmsg(4, {msg_name(0)=NULL, msg_iov(1)=[{"\0", 1}], msg_controllen=16, {cmsg_len=16, cmsg_level=SOL_SOCKET, cmsg_type=SCM_RIGHTS, {6}}, msg_flags=0}, 0) = 1
11726 15:11:02.756855 <... recvmsg resumed> {msg_name(0)=NULL, msg_iov(1)=[{"\0", 1}], msg_controllen=16, {cmsg_len=16, cmsg_level=SOL_SOCKET, cmsg_type=SCM_RIGHTS, {6}}, msg_flags=0}, 0) = 1
11726 15:11:02.756920 setsockopt(6, SOL_SOCKET, SO_KEEPALIVE, [1], 4) = 0
11726 15:11:02.756976 setsockopt(6, SOL_IP, IP_TOS, [8], 4) = 0
11726 15:11:02.757029 setsockopt(6, SOL_SOCKET, SO_LINGER, {onoff=1, linger=32767}, 8) = 0
11726 15:11:02.757079 rt_sigaction(SIGALRM, {0x805cad0, ~[RTMIN RT_1], 0}, NULL, 8) = 0
11726 15:11:02.757141 alarm(300)        = 300
11726 15:11:02.757200 write(0, "150 Ok to send data.\r\n", 22) = 22
11726 15:11:02.757497 read(6, "assasaaa\na\na\na\na\n", 65536) = 17
11726 15:11:02.757562 write(4, "assasaaa\na\na\na\na\n", 17) = 17
11726 15:11:02.757718 read(6, "", 65536) = 0
11726 15:11:02.757772 rt_sigaction(SIGALRM, {0x805cad0, ~[RTMIN RT_1], 0}, NULL, 8) = 0
11726 15:11:02.757844 alarm(300)        = 300
11726 15:11:02.757890 close(6)          = 0
11726 15:11:02.757931 alarm(0)          = 300
11726 15:11:02.757973 gettimeofday({1495653062, 757989}, NULL) = 0
11726 15:11:02.758038 gettimeofday({1495653062, 758056}, NULL) = 0
11726 15:11:02.758094 fcntl64(3, F_SETLKW64, {type=F_WRLCK, whence=SEEK_SET, start=0, len=0}, 0xbfcbf654) = 0
11726 15:11:02.758169 write(3, "Wed May 24 15:11:02 2017 [pid 11726] [msfadmin] OK UPLOAD: Client \"127.0.0.1\", \"/home/msfadmin/myfile36\", 17 bytes, 5.56Kbyte/sec\n", 130) = 130
11726 15:11:02.758258 fcntl64(3, F_SETLK64, {type=F_UNLCK, whence=SEEK_SET, start=0, len=0}, 0xbfcbf65c) = 0
11726 15:11:02.758324 write(0, "226 Transfer complete.\r\n", 24) = 24
11726 15:11:02.758502 write(5, "\n", 1 <unfinished ...>
11724 15:11:02.758539 close(6 <unfinished ...>
11726 15:11:02.758566 <... write resumed> ) = 1
11724 15:11:02.758690 <... close resumed> ) = 0
11726 15:11:02.758724 read(5,  <unfinished ...>
11724 15:11:02.758756 read(4, "\n", 1)  = 1
11724 15:11:02.758809 close(5)          = 0
11724 15:11:02.758858 write(4, "\1", 1) = 1
11726 15:11:02.758906 <... read resumed> "\1", 1) = 1
11726 15:11:02.758939 close(4)          = 0
11726 15:11:02.758994 rt_sigaction(SIGALRM, {0x805cad0, ~[RTMIN RT_1], 0}, NULL, 8) = 0
11726 15:11:02.759055 alarm(300)        = 0
11726 15:11:02.759105 recv(0,  <unfinished ...>
11724 15:11:02.759139 read(4,  <unfinished ...>
11718 15:11:03.130662 <... read resumed> "\n", 1) = 1
11718 15:11:03.130911 stat64(".", {st_mode=S_IFDIR|0755, st_size=4096, ...}) = 0
11718 15:11:03.131067 stat64("/sbin/nohup", 0xbfecb808) = -1 ENOENT (No such file or directory)
11718 15:11:03.131143 stat64("/bin/nohup", 0xbfecb808) = -1 ENOENT (No such file or directory)
11718 15:11:03.131204 stat64("/usr/sbin/nohup", 0xbfecb808) = -1 ENOENT (No such file or directory)
11718 15:11:03.131258 stat64("/usr/bin/nohup", {st_mode=S_IFREG|0755, st_size=26336, ...}) = 0
11718 15:11:03.131340 stat64("/usr/bin/nohup", {st_mode=S_IFREG|0755, st_size=26336, ...}) = 0
11718 15:11:03.131506 rt_sigprocmask(SIG_BLOCK, [INT CHLD], [], 8) = 0
11718 15:11:03.131575 clone(child_stack=0, flags=CLONE_CHILD_CLEARTID|CLONE_CHILD_SETTID|SIGCHLD, child_tidptr=0xb7df36f8) = 11727
11727 15:11:03.131808 rt_sigprocmask(SIG_SETMASK, [], NULL, 8) = 0
11727 15:11:03.131936 rt_sigaction(SIGTSTP, {SIG_DFL}, {SIG_DFL}, 8) = 0
11727 15:11:03.132003 rt_sigaction(SIGTTIN, {SIG_DFL}, {SIG_DFL}, 8) = 0
11727 15:11:03.132059 rt_sigaction(SIGTTOU, {SIG_DFL}, {SIG_DFL}, 8) = 0
11727 15:11:03.132130 rt_sigaction(SIGINT, {SIG_DFL}, {SIG_DFL}, 8) = 0
11727 15:11:03.132205 rt_sigaction(SIGQUIT, {SIG_DFL}, {SIG_IGN}, 8) = 0
11727 15:11:03.132264 rt_sigaction(SIGCHLD, {SIG_DFL}, {0x807e540, [], 0}, 8) = 0
11727 15:11:03.132477 open("/dev/null", O_WRONLY|O_CREAT|O_TRUNC|O_LARGEFILE, 0666) = 7
11727 15:11:03.132628 dup2(7, 1)        = 1
11727 15:11:03.132693 close(7)          = 0
11727 15:11:03.132738 dup2(1, 2)        = 2
11727 15:11:03.132780 fcntl64(1, F_GETFD) = 0
11727 15:11:03.132871 execve("/usr/bin/nohup", ["nohup"], [/* 16 vars */]) = 0
11727 15:11:03.133194 brk(0)            = 0x804f000
11727 15:11:03.133284 access("/etc/ld.so.nohwcap", F_OK) = -1 ENOENT (No such file or directory)
11727 15:11:03.133401 mmap2(NULL, 8192, PROT_READ|PROT_WRITE, MAP_PRIVATE|MAP_ANONYMOUS, -1, 0) = 0xb7f93000
11727 15:11:03.133470 access("/etc/ld.so.preload", R_OK) = -1 ENOENT (No such file or directory)
11727 15:11:03.133539 open("/etc/ld.so.cache", O_RDONLY) = 7
11727 15:11:03.133595 fstat64(7, {st_mode=S_IFREG|0644, st_size=29913, ...}) = 0
11727 15:11:03.133672 mmap2(NULL, 29913, PROT_READ, MAP_PRIVATE, 7, 0) = 0xb7f8b000
11727 15:11:03.133719 close(7)          = 0
11727 15:11:03.133767 access("/etc/ld.so.nohwcap", F_OK) = -1 ENOENT (No such file or directory)
11727 15:11:03.133889 open("/lib/tls/i686/cmov/libc.so.6", O_RDONLY) = 7
11727 15:11:03.133962 read(7, "\177ELF\1\1\1\0\0\0\0\0\0\0\0\0\3\0\3\0\1\0\0\0\260e\1\0004\0\0\0\4\307\24\0\0\0\0\0004\0 \0\n\0(\0D\0C\0\6\0\0\0004\0\0\0004\0\0\0004\0\0\0@\1\0\0@\1\0\0\5\0\0\0\4\0\0\0\3\0\0\0\2200\23\0\2200\23\0\2200\23\0\23\0\0\0\23\0\0\0\4\0\0\0\1\0\0\0\1\0\0\0\0\0\0\0\0\0\0\0\0\0\0\0(\215\24\0(\215\24\0\5\0\0\0\0\20\0\0\1\0\0\0\354\221\24\0\354\221\24\0\354\221\24\0\260\'\0\0\204T\0\0\6\0\0\0\0\20\0\0\2\0\0\0\234\255\24\0\234\255\24\0\234\255\24\0\360\0\0\0\360\0\0\0\6\0\0\0\4\0\0\0\4\0\0\0t\1\0\0t\1\0\0t\1\0\0 \0\0\0 \0\0\0\4\0\0\0\4\0\0\0\7\0\0\0\354\221\24\0\354\221\24\0\354\221\24\0\10\0\0\0,\0\0\0\4\0\0\0\4\0\0\0P\345td\2440\23\0\2440\23\0\2440\23\0\354+\0\0\354+\0\0\4\0\0\0\4\0\0\0Q\345td\0\0\0\0\0\0\0\0\0\0\0\0\0\0\0\0\0\0\0\0\6\0\0\0\4\0\0\0R\345td\354\221\24\0\354\221\24\0\354\221\24\0\10\36\0\0\10\36\0\0\4\0\0\0\1\0\0\0\4\0\0\0\20\0\0\0\1\0\0\0GNU\0\0\0\0\0\2\0\0\0\6\0\0\0\10\0\0\0\363\3\0\0\n\0\0\0\0\2\0\0\16\0\0\0\2400\20D\200 \2\1\214\3\346\220AE\210\0\204\0\10\0A\200\0@\300\200\0\f\2\f\0\0010\0\10@\"\10\246\4\210H6l\240\0260\0&\204\200\216\4\10B$\2\f\246\244\32\6c\310\0\302 \1\300\0R\0!\201\10\4\n  \250\24\0\24(`\0\0P\240\312DB", 512) = 512
11727 15:11:03.134358 fstat64(7, {st_mode=S_IFREG|0755, st_size=1364388, ...}) = 0
11727 15:11:03.134448 mmap2(NULL, 1369712, PROT_READ|PROT_EXEC, MAP_PRIVATE|MAP_DENYWRITE, 7, 0) = 0xb7e3c000
11727 15:11:03.134505 mmap2(0xb7f85000, 12288, PROT_READ|PROT_WRITE, MAP_PRIVATE|MAP_FIXED|MAP_DENYWRITE, 7, 0x149) = 0xb7f85000
11727 15:11:03.134579 mmap2(0xb7f88000, 9840, PROT_READ|PROT_WRITE, MAP_PRIVATE|MAP_FIXED|MAP_ANONYMOUS, -1, 0) = 0xb7f88000
11727 15:11:03.134646 close(7)          = 0
11727 15:11:03.134756 mmap2(NULL, 4096, PROT_READ|PROT_WRITE, MAP_PRIVATE|MAP_ANONYMOUS, -1, 0) = 0xb7e3b000
11727 15:11:03.134822 set_thread_area({entry_number:-1 -> 6, base_addr:0xb7e3b6b0, limit:1048575, seg_32bit:1, contents:0, read_exec_only:0, limit_in_pages:1, seg_not_present:0, useable:1}) = 0
11727 15:11:03.135008 mprotect(0xb7f85000, 4096, PROT_READ) = 0
11727 15:11:03.135080 munmap(0xb7f8b000, 29913) = 0
11727 15:11:03.135367 brk(0)            = 0x804f000
11727 15:11:03.135422 brk(0x8070000)    = 0x8070000
11727 15:11:03.135546 write(2, "nohup: ", 7) = 7
11727 15:11:03.135609 write(2, "missing operand", 15) = 15
11727 15:11:03.135660 write(2, "\n", 1) = 1
11727 15:11:03.135747 write(2, "Try `nohup --help\' for more information.\n", 41) = 41
11727 15:11:03.135830 close(1)          = 0
11727 15:11:03.135876 close(2)          = 0
11727 15:11:03.135927 exit_group(127)   = ?
11718 15:11:03.136059 rt_sigprocmask(SIG_SETMASK, [], NULL, 8) = 0
11718 15:11:03.136118 --- SIGCHLD (Child exited) @ 0 (0) ---
11718 15:11:03.136156 waitpid(-1, [{WIFEXITED(s) && WEXITSTATUS(s) == 127}], WNOHANG) = 11727
11718 15:11:03.136264 waitpid(-1, 0xbfecb488, WNOHANG) = 0
11718 15:11:03.136312 sigreturn()       = ? (mask now [])
11718 15:11:03.136427 rt_sigprocmask(SIG_BLOCK, [CHLD], [], 8) = 0
11718 15:11:03.136496 rt_sigprocmask(SIG_SETMASK, [], NULL, 8) = 0
11718 15:11:03.136544 rt_sigprocmask(SIG_BLOCK, [CHLD], [], 8) = 0
11718 15:11:03.136599 rt_sigaction(SIGINT, {0x807f150, [], 0}, {SIG_DFL}, 8) = 0
11718 15:11:03.136668 rt_sigprocmask(SIG_SETMASK, [], NULL, 8) = 0
11718 15:11:03.136755 rt_sigaction(SIGINT, {SIG_DFL}, {0x807f150, [], 0}, 8) = 0
11718 15:11:03.136830 rt_sigprocmask(SIG_BLOCK, NULL, [], 8) = 0
11718 15:11:03.136892 read(0, "e", 1)   = 1
11718 15:11:03.136950 read(0, "c", 1)   = 1
11718 15:11:03.136995 read(0, "h", 1)   = 1
11718 15:11:03.137039 read(0, "o", 1)   = 1
11718 15:11:03.137083 read(0, " ", 1)   = 1
11718 15:11:03.137127 read(0, "d", 1)   = 1
11718 15:11:03.137171 read(0, "M", 1)   = 1
11718 15:11:03.137251 read(0, "u", 1)   = 1
11718 15:11:03.137299 read(0, "w", 1)   = 1
11718 15:11:03.137343 read(0, "e", 1)   = 1
11718 15:11:03.137387 read(0, "R", 1)   = 1
11718 15:11:03.137430 read(0, "6", 1)   = 1
11718 15:11:03.137474 read(0, "4", 1)   = 1
11718 15:11:03.137518 read(0, "w", 1)   = 1
11718 15:11:03.137562 read(0, "B", 1)   = 1
11718 15:11:03.137606 read(0, "P", 1)   = 1
11718 15:11:03.137649 read(0, "z", 1)   = 1
11718 15:11:03.137732 read(0, "p", 1)   = 1
11718 15:11:03.137799 read(0, "9", 1)   = 1
11718 15:11:03.137844 read(0, "8", 1)   = 1
11718 15:11:03.137888 read(0, "W", 1)   = 1
11718 15:11:03.137932 read(0, "\n", 1)  = 1
11718 15:11:03.138063 write(1, "dMuweR64wBPzp98W\n", 17) = 17
11718 15:11:03.138310 rt_sigprocmask(SIG_BLOCK, NULL, [], 8) = 0
11718 15:11:03.138372 read(0,  <unfinished ...>
11726 15:11:03.292006 <... recv resumed> "TYPE I\r\n", 4096, MSG_PEEK) = 8
11726 15:11:03.292207 read(0, "TYPE I\r\n", 8) = 8
11726 15:11:03.292343 write(0, "200 Switching to Binary mode.\r\n", 31) = 31
11726 15:11:03.292602 rt_sigaction(SIGALRM, {0x805cad0, ~[RTMIN RT_1], 0}, NULL, 8) = 0
11726 15:11:03.292698 alarm(300)        = 299
11726 15:11:03.292728 recv(0, "PASV\r\n", 4096, MSG_PEEK) = 6
11726 15:11:03.292756 read(0, "PASV\r\n", 6) = 6
11726 15:11:03.292785 write(5, "\n", 1 <unfinished ...>
11724 15:11:03.292809 <... read resumed> "\n", 1) = 1
11726 15:11:03.292821 <... write resumed> ) = 1
11724 15:11:03.292836 write(4, "\1", 1) = 1
11724 15:11:03.292860 read(4,  <unfinished ...>
11726 15:11:03.292875 read(5, "\1", 1)  = 1
11726 15:11:03.292900 write(5, "\f", 1 <unfinished ...>
11724 15:11:03.292917 <... read resumed> "\f", 1) = 1
11726 15:11:03.292945 <... write resumed> ) = 1
11724 15:11:03.292999 socket(PF_INET, SOCK_STREAM, IPPROTO_TCP) = 5
11724 15:11:03.293043 setsockopt(5, SOL_SOCKET, SO_REUSEADDR, [1], 4) = 0
11724 15:11:03.293074 bind(5, {sa_family=AF_INET, sin_port=htons(29224), sin_addr=inet_addr("127.0.0.1")}, 16) = 0
11724 15:11:03.293107 listen(5, 1)      = 0
11724 15:11:03.293136 write(4, "(r\0\0", 4) = 4
11724 15:11:03.293161 read(4,  <unfinished ...>
11726 15:11:03.293176 read(5, "(r\0\0", 4) = 4
11726 15:11:03.293243 write(0, "227 Entering Passive Mode (127,0,0,1,114,40).\r\n", 47) = 47
11726 15:11:03.293512 rt_sigaction(SIGALRM, {0x805cad0, ~[RTMIN RT_1], 0}, NULL, 8) = 0
11726 15:11:03.293551 alarm(300)        = 300
11726 15:11:03.293578 recv(0, "STOR myfile37\r\n", 4096, MSG_PEEK) = 15
11726 15:11:03.293645 read(0, "STOR myfile37\r\n", 15) = 15
11726 15:11:03.293688 write(5, "\v", 1 <unfinished ...>
11724 15:11:03.293710 <... read resumed> "\v", 1) = 1
11726 15:11:03.293721 <... write resumed> ) = 1
11724 15:11:03.293735 write(4, "\1\0\0\0", 4) = 4
11724 15:11:03.293760 read(4,  <unfinished ...>
11726 15:11:03.293776 read(5, "\1\0\0\0", 4) = 4
11726 15:11:03.293804 gettimeofday({1495653063, 293814}, NULL) = 0
11726 15:11:03.293831 getcwd("/home/msfadmin", 4096) = 15
11726 15:11:03.293906 open("myfile37", O_WRONLY|O_CREAT|O_NONBLOCK|O_LARGEFILE, 0666) = 4
11726 15:11:03.293950 fstat64(4, {st_mode=S_IFREG|0644, st_size=17, ...}) = 0
11726 15:11:03.293990 fcntl64(4, F_GETFL) = 0x8801 (flags O_WRONLY|O_NONBLOCK|O_LARGEFILE)
11726 15:11:03.294016 fcntl64(4, F_SETFL, O_WRONLY|O_LARGEFILE) = 0
11726 15:11:03.294055 fcntl64(4, F_SETLKW64, {type=F_WRLCK, whence=SEEK_SET, start=0, len=0}, 0xbfcbf6b4) = 0
11726 15:11:03.294090 ftruncate64(4, 0) = 0
11726 15:11:03.294132 _llseek(4, 0, [0], SEEK_SET) = 0
11726 15:11:03.294161 write(5, "\v", 1 <unfinished ...>
11724 15:11:03.294224 <... read resumed> "\v", 1) = 1
11726 15:11:03.294245 <... write resumed> ) = 1
11724 15:11:03.294260 write(4, "\1\0\0\0", 4) = 4
11724 15:11:03.294287 read(4,  <unfinished ...>
11726 15:11:03.294303 read(5, "\1\0\0\0", 4) = 4
11726 15:11:03.294330 write(5, "\v", 1 <unfinished ...>
11724 15:11:03.294349 <... read resumed> "\v", 1) = 1
11726 15:11:03.294362 <... write resumed> ) = 1
11724 15:11:03.294377 write(4, "\1\0\0\0", 4) = 4
11724 15:11:03.294411 read(4,  <unfinished ...>
11726 15:11:03.294428 read(5, "\1\0\0\0", 4) = 4
11726 15:11:03.294433 write(5, "\r", 1 <unfinished ...>
11724 15:11:03.294434 <... read resumed> "\r", 1) = 1
11726 15:11:03.294434 <... write resumed> ) = 1
11724 15:11:03.294434 select(6, [5], NULL, NULL, {60, 0}) = 1 (in [5], left {60, 0})
11724 15:11:03.294452 accept(5, {sa_family=AF_INET, sin_port=htons(42866), sin_addr=inet_addr("127.0.0.1")}, [16]) = 6
11724 15:11:03.294492 write(4, "\1", 1) = 1
11724 15:11:03.294547 sendmsg(4, {msg_name(0)=NULL, msg_iov(1)=[{"\0", 1}], msg_controllen=16, {cmsg_len=16, cmsg_level=SOL_SOCKET, cmsg_type=SCM_RIGHTS, {6}}, msg_flags=0}, 0) = 1
11724 15:11:03.294577 close(6)          = 0
11724 15:11:03.294592 read(4,  <unfinished ...>
11726 15:11:03.294603 read(5, "\1", 1)  = 1
11726 15:11:03.294638 recvmsg(5, {msg_name(0)=NULL, msg_iov(1)=[{"\0", 1}], msg_controllen=16, {cmsg_len=16, cmsg_level=SOL_SOCKET, cmsg_type=SCM_RIGHTS, {6}}, msg_flags=0}, 0) = 1
11726 15:11:03.294668 setsockopt(6, SOL_SOCKET, SO_KEEPALIVE, [1], 4) = 0
11726 15:11:03.294687 setsockopt(6, SOL_IP, IP_TOS, [8], 4) = 0
11726 15:11:03.294706 setsockopt(6, SOL_SOCKET, SO_LINGER, {onoff=1, linger=32767}, 8) = 0
11726 15:11:03.294724 rt_sigaction(SIGALRM, {0x805cad0, ~[RTMIN RT_1], 0}, NULL, 8) = 0
11726 15:11:03.294745 alarm(300)        = 300
11726 15:11:03.294767 write(0, "150 Ok to send data.\r\n", 22) = 22
11726 15:11:03.294970 read(6, "assasaaa\na\na\na\na\n", 65536) = 17
11726 15:11:03.294994 write(4, "assasaaa\na\na\na\na\n", 17) = 17
11726 15:11:03.295026 read(6, "", 65536) = 0
11726 15:11:03.295052 rt_sigaction(SIGALRM, {0x805cad0, ~[RTMIN RT_1], 0}, NULL, 8) = 0
11726 15:11:03.295093 alarm(300)        = 300
11726 15:11:03.295115 close(6)          = 0
11726 15:11:03.295218 alarm(0)          = 300
11726 15:11:03.295252 gettimeofday({1495653063, 295262}, NULL) = 0
11726 15:11:03.295290 gettimeofday({1495653063, 295301}, NULL) = 0
11726 15:11:03.295325 fcntl64(3, F_SETLKW64, {type=F_WRLCK, whence=SEEK_SET, start=0, len=0}, 0xbfcbf654) = 0
11726 15:11:03.295364 write(3, "Wed May 24 15:11:03 2017 [pid 11726] [msfadmin] OK UPLOAD: Client \"127.0.0.1\", \"/home/msfadmin/myfile37\", 17 bytes, 11.16Kbyte/sec\n", 131) = 131
11726 15:11:03.295439 fcntl64(3, F_SETLK64, {type=F_UNLCK, whence=SEEK_SET, start=0, len=0}, 0xbfcbf65c) = 0
11726 15:11:03.295467 write(0, "226 Transfer complete.\r\n", 24) = 24
11726 15:11:03.295556 write(5, "\n", 1 <unfinished ...>
11724 15:11:03.295573 <... read resumed> "\n", 1) = 1
11726 15:11:03.295596 <... write resumed> ) = 1
11724 15:11:03.295614 close(5)          = 0
11724 15:11:03.295634 write(4, "\1", 1) = 1
11724 15:11:03.295652 read(4,  <unfinished ...>
11726 15:11:03.295662 read(5, "\1", 1)  = 1
11726 15:11:03.295679 close(4)          = 0
11726 15:11:03.295697 rt_sigaction(SIGALRM, {0x805cad0, ~[RTMIN RT_1], 0}, NULL, 8) = 0
11726 15:11:03.295757 alarm(300)        = 0
11726 15:11:03.295777 recv(0,  <unfinished ...>
