13362 15:27:49.913577 fstat64(5, {st_mode=S_IFREG|0640, st_size=1233, ...}) = 0
13362 15:27:49.913620 mmap2(NULL, 1233, PROT_READ, MAP_SHARED, 5, 0) = 0xb7ee3000
13362 15:27:49.913649 _llseek(5, 1233, [1233], SEEK_SET) = 0
13362 15:27:49.913694 munmap(0xb7ee3000, 1233) = 0
13362 15:27:49.913720 close(5)          = 0
13362 15:27:49.913752 time(NULL)        = 1495654069
13362 15:27:49.913774 munmap(0xb7ee0000, 12164) = 0
13362 15:27:49.913775 munmap(0xb7ede000, 7136) = 0
13362 15:27:49.913775 munmap(0xb7d13000, 95428) = 0
13362 15:27:49.913775 munmap(0xb7cd9000, 201052) = 0
13362 15:27:49.913775 munmap(0xb7cc0000, 101180) = 0
13362 15:27:49.913776 gettimeofday({1495654069, 913776}, NULL) = 0
13362 15:27:49.913776 stat64("/usr/share/zoneinfo/UTC+04:00", 0xbfe57fc4) = -1 ENOENT (No such file or directory)
13362 15:27:49.913816 open("/usr/share/zoneinfo/UTC+04:00", O_RDONLY) = -1 ENOENT (No such file or directory)
13362 15:27:49.913892 fcntl64(3, F_SETLKW64, {type=F_WRLCK, whence=SEEK_SET, start=0, len=0}, 0xbfe58114) = 0
13362 15:27:49.913937 write(3, "Wed May 24 15:27:49 2017 [pid 13362] [msfadmin] OK LOGIN: Client \"127.0.0.1\"\n", 77) = 77
13362 15:27:49.913995 fcntl64(3, F_SETLK64, {type=F_UNLCK, whence=SEEK_SET, start=0, len=0}, 0xbfe5811c) = 0
13362 15:27:49.914031 rt_sigaction(SIGCHLD, {0x805cad0, ~[RTMIN RT_1], 0}, NULL, 8) = 0
13362 15:27:49.914070 write(4, "\1", 1 <unfinished ...>
13363 15:27:49.914096 <... read resumed> "\1", 1) = 1
13362 15:27:49.914111 <... write resumed> ) = 1
13363 15:27:49.914131 exit_group(0)     = ?
13362 15:27:49.914218 --- SIGCHLD (Child exited) @ 0 (0) ---
13362 15:27:49.914238 sigreturn()       = ? (mask now [])
13362 15:27:49.914289 wait4(-1, [{WIFEXITED(s) && WEXITSTATUS(s) == 0}], 0, NULL) = 13363
13362 15:27:49.914324 close(4)          = 0
13362 15:27:49.914357 socketpair(PF_FILE, SOCK_STREAM, 0, [4, 5]) = 0
13362 15:27:49.914394 rt_sigaction(SIGCHLD, {0x805cad0, ~[RTMIN RT_1], 0}, NULL, 8) = 0
13362 15:27:49.914431 rt_sigaction(SIGALRM, {0x805cb10, ~[RTMIN RT_1], 0}, NULL, 8) = 0
13362 15:27:49.914469 clone(child_stack=0, flags=CLONE_CHILD_CLEARTID|CLONE_CHILD_SETTID|SIGCHLD, child_tidptr=0xb7d496f8) = 13364
13364 15:27:49.914607 prctl(0x1, 0x9, 0, 0, 0) = 0
13364 15:27:49.914644 close(4)          = 0
13364 15:27:49.914816 open("/etc/passwd", O_RDONLY|0x80000 /* O_??? */) = 4
13364 15:27:49.914891 _llseek(4, 0, [0], SEEK_CUR) = 0
13364 15:27:49.914937 fstat64(4, {st_mode=S_IFREG|0644, st_size=1624, ...}) = 0
13364 15:27:49.914989 mmap2(NULL, 1624, PROT_READ, MAP_SHARED, 4, 0) = 0xb7ee3000
13364 15:27:49.915022 _llseek(4, 1624, [1624], SEEK_SET) = 0
13364 15:27:49.915086 munmap(0xb7ee3000, 1624) = 0
13364 15:27:49.915118 close(4)          = 0
13364 15:27:49.915157 getuid32()        = 0
13364 15:27:49.915186 open("/etc/passwd", O_RDONLY|0x80000 /* O_??? */) = 4
13364 15:27:49.915222 _llseek(4, 0, [0], SEEK_CUR) = 0
13364 15:27:49.915250 fstat64(4, {st_mode=S_IFREG|0644, st_size=1624, ...}) = 0
13364 15:27:49.915294 mmap2(NULL, 1624, PROT_READ, MAP_SHARED, 4, 0) = 0xb7ee3000
13364 15:27:49.915323 _llseek(4, 1624, [1624], SEEK_SET) = 0
13364 15:27:49.915366 munmap(0xb7ee3000, 1624) = 0
13364 15:27:49.915392 close(4)          = 0
13364 15:27:49.915466 open("/proc/sys/kernel/ngroups_max", O_RDONLY) = 4
13364 15:27:49.915520 read(4, "65536\n", 31) = 6
13364 15:27:49.915554 close(4)          = 0
13364 15:27:49.915592 socket(PF_FILE, SOCK_STREAM, 0) = 4
13364 15:27:49.915625 fcntl64(4, F_SETFL, O_RDWR|O_NONBLOCK) = 0
13364 15:27:49.915655 connect(4, {sa_family=AF_FILE, path="/var/run/nscd/socket"}, 110) = -1 ENOENT (No such file or directory)
13364 15:27:49.915743 close(4)          = 0
13364 15:27:49.915791 socket(PF_FILE, SOCK_STREAM, 0) = 4
13364 15:27:49.915834 fcntl64(4, F_SETFL, O_RDWR|O_NONBLOCK) = 0
13364 15:27:49.915866 connect(4, {sa_family=AF_FILE, path="/var/run/nscd/socket"}, 110) = -1 ENOENT (No such file or directory)
13364 15:27:49.915918 close(4)          = 0
13364 15:27:49.915986 open("/etc/group", O_RDONLY|0x80000 /* O_??? */) = 4
13364 15:27:49.916026 _llseek(4, 0, [0], SEEK_CUR) = 0
13364 15:27:49.916055 fstat64(4, {st_mode=S_IFREG|0644, st_size=886, ...}) = 0
13364 15:27:49.916100 mmap2(NULL, 886, PROT_READ, MAP_SHARED, 4, 0) = 0xb7ee3000
13364 15:27:49.916131 _llseek(4, 886, [886], SEEK_SET) = 0
13364 15:27:49.916196 fstat64(4, {st_mode=S_IFREG|0644, st_size=886, ...}) = 0
13364 15:27:49.916243 munmap(0xb7ee3000, 886) = 0
13364 15:27:49.916270 close(4)          = 0
13364 15:27:49.916297 setgroups32(13, [1000, 4, 20, 24, 25, 29, 30, 44, 46, 107, 111, 112, 119]) = 0
13364 15:27:49.916341 geteuid32()       = 0
13364 15:27:49.916371 getegid32()       = 0
13364 15:27:49.916400 setregid32(-1, 1000) = 0
13364 15:27:49.916428 setreuid32(-1, 1000) = 0
13364 15:27:49.916457 chdir("/home/msfadmin") = 0
13364 15:27:49.916489 setreuid32(-1, 0) = 0
13364 15:27:49.916513 setregid32(-1, 0) = 0
13364 15:27:49.916541 setgid32(1000)    = 0
13364 15:27:49.916569 setuid32(1000)    = 0
13364 15:27:49.916597 setrlimit(RLIMIT_NPROC, {rlim_cur=0, rlim_max=0}) = 0
13364 15:27:49.916633 mmap2(NULL, 12288, PROT_READ|PROT_WRITE, MAP_PRIVATE|MAP_ANONYMOUS, -1, 0) = 0xb7ee1000
13364 15:27:49.916698 mprotect(0xb7ee3000, 4096, PROT_NONE) = 0
13364 15:27:49.916736 mprotect(0xb7ee1000, 4096, PROT_NONE) = 0
13364 15:27:49.916767 getcwd("/home/msfadmin", 4096) = 15
13364 15:27:49.916805 umask(022)        = 077
13364 15:27:49.916831 getcwd("/home/msfadmin", 4096) = 15
13364 15:27:49.916868 open(".message", O_RDONLY|O_NONBLOCK|O_LARGEFILE) = -1 ENOENT (No such file or directory)
13364 15:27:49.916931 write(0, "230 Login successful.\r\n", 23) = 23
13364 15:27:49.917163 rt_sigaction(SIGALRM, {0x805cad0, ~[RTMIN RT_1], 0}, NULL, 8) = 0
13364 15:27:49.917211 alarm(300)        = 0
13364 15:27:49.917241 mmap2(NULL, 12288, PROT_READ|PROT_WRITE, MAP_PRIVATE|MAP_ANONYMOUS, -1, 0) = 0xb7ede000
13364 15:27:49.917273 mprotect(0xb7ee0000, 4096, PROT_NONE) = 0
13364 15:27:49.917303 mprotect(0xb7ede000, 4096, PROT_NONE) = 0
13364 15:27:49.917338 recv(0, "TYPE I\r\n", 4096, MSG_PEEK) = 8
13364 15:27:49.917373 read(0, "TYPE I\r\n", 8) = 8
13364 15:27:49.917419 write(0, "200 Switching to Binary mode.\r\n", 31) = 31
13364 15:27:49.917524 rt_sigaction(SIGALRM, {0x805cad0, ~[RTMIN RT_1], 0}, NULL, 8) = 0
13364 15:27:49.917564 alarm(300)        = 300
13364 15:27:49.917595 recv(0, "PASV\r\n", 4096, MSG_PEEK) = 6
13364 15:27:49.917626 read(0, "PASV\r\n", 6) = 6
13364 15:27:49.917802 write(5, "\n", 1) = 1
13364 15:27:49.917835 read(5,  <unfinished ...>
13362 15:27:49.917868 close(5)          = 0
13362 15:27:49.917904 getuid32()        = 0
13362 15:27:49.917944 open("/etc/passwd", O_RDONLY|0x80000 /* O_??? */) = 5
13362 15:27:49.917984 _llseek(5, 0, [0], SEEK_CUR) = 0
13362 15:27:49.918017 fstat64(5, {st_mode=S_IFREG|0644, st_size=1624, ...}) = 0
13362 15:27:49.918065 mmap2(NULL, 1624, PROT_READ, MAP_SHARED, 5, 0) = 0xb7ee3000
13362 15:27:49.918096 _llseek(5, 1624, [1624], SEEK_SET) = 0
13362 15:27:49.918143 munmap(0xb7ee3000, 1624) = 0
13362 15:27:49.918174 close(5)          = 0
13362 15:27:49.918217 setgroups32(0, []) = 0
13362 15:27:49.918247 chdir("/usr/share/empty") = 0
13362 15:27:49.918281 chroot(".")       = 0
13362 15:27:49.918310 capset(NULL, NULL) = -1 EFAULT (Bad address)
13362 15:27:49.918347 prctl(0x8, 0, 0xbfe580f8, 0x80549a6, 0xbfe580e0) = 0
13362 15:27:49.918377 prctl(0x8, 0x1, 0xbfe580f8, 0x8054a49, 0xbfe580e0) = 0
13362 15:27:49.918405 setgid32(65534)   = 0
13362 15:27:49.918432 setuid32(65534)   = 0
13362 15:27:49.918458 capset(0x19980330, 0, {CAP_NET_BIND_SERVICE, CAP_NET_BIND_SERVICE, 0}) = 0
13362 15:27:49.918494 read(4, "\n", 1)  = 1
13362 15:27:49.918530 write(4, "\1", 1) = 1
13364 15:27:49.918559 <... read resumed> "\1", 1) = 1
13364 15:27:49.918579 write(5, "\f", 1) = 1
13364 15:27:49.918606 read(5,  <unfinished ...>
13362 15:27:49.918625 read(4, "\f", 1)  = 1
13362 15:27:49.918658 socket(PF_INET, SOCK_STREAM, IPPROTO_TCP) = 5
13362 15:27:49.918694 setsockopt(5, SOL_SOCKET, SO_REUSEADDR, [1], 4) = 0
13362 15:27:49.918749 gettimeofday({1495654069, 918763}, NULL) = 0
13362 15:27:49.918799 bind(5, {sa_family=AF_INET, sin_port=htons(62639), sin_addr=inet_addr("127.0.0.1")}, 16) = 0
13362 15:27:49.918842 listen(5, 1)      = 0
13362 15:27:49.918877 write(4, "\257\364\0\0", 4) = 4
13364 15:27:49.918908 <... read resumed> "\257\364\0\0", 4) = 4
13364 15:27:49.918946 write(0, "227 Entering Passive Mode (127,0,0,1,244,175).\r\n", 48) = 48
13364 15:27:49.919222 rt_sigaction(SIGALRM, {0x805cad0, ~[RTMIN RT_1], 0}, NULL, 8) = 0
13364 15:27:49.919271 alarm(300)        = 300
13364 15:27:49.919303 recv(0, "STOR myfile40\r\n", 4096, MSG_PEEK) = 15
13364 15:27:49.919336 read(0, "STOR myfile40\r\n", 15) = 15
13364 15:27:49.919377 write(5, "\v", 1) = 1
13364 15:27:49.919406 read(5,  <unfinished ...>
13362 15:27:49.919425 read(4, "\v", 1)  = 1
13362 15:27:49.919455 write(4, "\1\0\0\0", 4) = 4
13364 15:27:49.919484 <... read resumed> "\1\0\0\0", 4) = 4
13364 15:27:49.919506 gettimeofday({1495654069, 919516}, NULL) = 0
13364 15:27:49.919536 getcwd("/home/msfadmin", 4096) = 15
13364 15:27:49.919569 open("myfile40", O_WRONLY|O_CREAT|O_NONBLOCK|O_LARGEFILE, 0666) = 4
13364 15:27:49.919605 fstat64(4, {st_mode=S_IFREG|0644, st_size=17, ...}) = 0
13364 15:27:49.919663 fcntl64(4, F_GETFL) = 0x8801 (flags O_WRONLY|O_NONBLOCK|O_LARGEFILE)
13364 15:27:49.919731 fcntl64(4, F_SETFL, O_WRONLY|O_LARGEFILE) = 0
13364 15:27:49.919785 fcntl64(4, F_SETLKW64, {type=F_WRLCK, whence=SEEK_SET, start=0, len=0}, 0xbfe58044) = 0
13364 15:27:49.919844 ftruncate64(4, 0) = 0
13364 15:27:49.919893 _llseek(4, 0, [0], SEEK_SET) = 0
13364 15:27:49.919924 write(5, "\v", 1) = 1
13364 15:27:49.919953 read(5,  <unfinished ...>
13362 15:27:49.919973 read(4, "\v", 1)  = 1
13362 15:27:49.920004 write(4, "\1\0\0\0", 4) = 4
13364 15:27:49.920032 <... read resumed> "\1\0\0\0", 4) = 4
13364 15:27:49.920052 write(5, "\v", 1) = 1
13364 15:27:49.920079 read(5,  <unfinished ...>
13362 15:27:49.920097 read(4, "\v", 1)  = 1
13362 15:27:49.920126 write(4, "\1\0\0\0", 4) = 4
13364 15:27:49.920153 <... read resumed> "\1\0\0\0", 4) = 4
13364 15:27:49.920173 write(5, "\r", 1) = 1
13364 15:27:49.920200 read(5,  <unfinished ...>
13362 15:27:49.920218 read(4, "\r", 1)  = 1
13362 15:27:49.920252 select(6, [5], NULL, NULL, {60, 0}) = 1 (in [5], left {60, 0})
13362 15:27:49.920299 accept(5, {sa_family=AF_INET, sin_port=htons(36880), sin_addr=inet_addr("127.0.0.1")}, [16]) = 6
13362 15:27:49.920358 write(4, "\1", 1) = 1
13364 15:27:49.920387 <... read resumed> "\1", 1) = 1
13364 15:27:49.920412 recvmsg(5,  <unfinished ...>
13362 15:27:49.920438 sendmsg(4, {msg_name(0)=NULL, msg_iov(1)=[{"\0", 1}], msg_controllen=16, {cmsg_len=16, cmsg_level=SOL_SOCKET, cmsg_type=SCM_RIGHTS, {6}}, msg_flags=0}, 0) = 1
13364 15:27:49.920484 <... recvmsg resumed> {msg_name(0)=NULL, msg_iov(1)=[{"\0", 1}], msg_controllen=16, {cmsg_len=16, cmsg_level=SOL_SOCKET, cmsg_type=SCM_RIGHTS, {6}}, msg_flags=0}, 0) = 1
13364 15:27:49.920520 setsockopt(6, SOL_SOCKET, SO_KEEPALIVE, [1], 4) = 0
13364 15:27:49.920553 setsockopt(6, SOL_IP, IP_TOS, [8], 4) = 0
13364 15:27:49.920585 setsockopt(6, SOL_SOCKET, SO_LINGER, {onoff=1, linger=32767}, 8) = 0
13364 15:27:49.920615 rt_sigaction(SIGALRM, {0x805cad0, ~[RTMIN RT_1], 0}, NULL, 8) = 0
13364 15:27:49.920651 alarm(300)        = 300
13364 15:27:49.920830 write(0, "150 Ok to send data.\r\n", 22) = 22
13364 15:27:49.921009 mmap2(NULL, 77824, PROT_READ|PROT_WRITE, MAP_PRIVATE|MAP_ANONYMOUS, -1, 0) = 0xb7d18000
13364 15:27:49.921047 mprotect(0xb7d2a000, 4096, PROT_NONE) = 0
13364 15:27:49.921080 mprotect(0xb7d18000, 4096, PROT_NONE) = 0
13364 15:27:49.921107 read(6, "assasaaa\na\na\na\na\n", 65536) = 17
13364 15:27:49.921144 write(4, "assasaaa\na\na\na\na\n", 17) = 17
13364 15:27:49.921188 read(6, "", 65536) = 0
13364 15:27:49.921217 rt_sigaction(SIGALRM, {0x805cad0, ~[RTMIN RT_1], 0}, NULL, 8) = 0
13364 15:27:49.921254 alarm(300)        = 300
13364 15:27:49.921281 close(6)          = 0
13364 15:27:49.921306 alarm(0)          = 300
13364 15:27:49.921332 gettimeofday({1495654069, 921341}, NULL) = 0
13364 15:27:49.921380 getpid()          = 13364
13364 15:27:49.921413 gettimeofday({1495654069, 921423}, NULL) = 0
13364 15:27:49.921457 fcntl64(3, F_SETLKW64, {type=F_WRLCK, whence=SEEK_SET, start=0, len=0}, 0xbfe57fe4) = 0
13364 15:27:49.921497 write(3, "Wed May 24 15:27:49 2017 [pid 13364] [msfadmin] OK UPLOAD: Client \"127.0.0.1\", \"/home/msfadmin/myfile40\", 17 bytes, 8.71Kbyte/sec\n", 130) = 130
13364 15:27:49.921552 fcntl64(3, F_SETLK64, {type=F_UNLCK, whence=SEEK_SET, start=0, len=0}, 0xbfe57fec) = 0
13364 15:27:49.921591 write(0, "226 Transfer complete.\r\n", 24) = 24
13364 15:27:49.921757 write(5, "\n", 1) = 1
13364 15:27:49.921793 read(5,  <unfinished ...>
13362 15:27:49.921813 close(6)          = 0
13362 15:27:49.921863 read(4, "\n", 1)  = 1
13362 15:27:49.921895 close(5)          = 0
13362 15:27:49.921924 write(4, "\1", 1) = 1
13364 15:27:49.921954 <... read resumed> "\1", 1) = 1
13364 15:27:49.921973 close(4)          = 0
13364 15:27:49.922002 rt_sigaction(SIGALRM, {0x805cad0, ~[RTMIN RT_1], 0}, NULL, 8) = 0
13364 15:27:49.922038 alarm(300)        = 0
13364 15:27:49.922069 recv(0,  <unfinished ...>
13362 15:27:49.922089 read(4,  <unfinished ...>
13364 15:27:50.423630 <... recv resumed> "TYPE I\r\n", 4096, MSG_PEEK) = 8
13364 15:27:50.423763 read(0, "TYPE I\r\n", 8) = 8
13364 15:27:50.423889 write(0, "200 Switching to Binary mode.\r\n", 31) = 31
13364 15:27:50.424212 rt_sigaction(SIGALRM, {0x805cad0, ~[RTMIN RT_1], 0}, NULL, 8) = 0
13364 15:27:50.424336 alarm(300)        = 299
13364 15:27:50.424426 recv(0, "PASV\r\n", 4096, MSG_PEEK) = 6
13364 15:27:50.424619 read(0, "PASV\r\n", 6) = 6
13364 15:27:50.424756 write(5, "\n", 1) = 1
13364 15:27:50.424852 read(5,  <unfinished ...>
13362 15:27:50.425033 <... read resumed> "\n", 1) = 1
13362 15:27:50.425096 write(4, "\1", 1) = 1
13364 15:27:50.425243 <... read resumed> "\1", 1) = 1
13364 15:27:50.425337 write(5, "\f", 1) = 1
13364 15:27:50.425450 read(5,  <unfinished ...>
13362 15:27:50.425502 read(4, "\f", 1)  = 1
13362 15:27:50.425579 socket(PF_INET, SOCK_STREAM, IPPROTO_TCP) = 5
13362 15:27:50.425668 setsockopt(5, SOL_SOCKET, SO_REUSEADDR, [1], 4) = 0
13362 15:27:50.425821 bind(5, {sa_family=AF_INET, sin_port=htons(16194), sin_addr=inet_addr("127.0.0.1")}, 16) = 0
13362 15:27:50.425992 listen(5, 1)      = 0
13362 15:27:50.426092 write(4, "B?\0\0", 4) = 4
13364 15:27:50.426258 <... read resumed> "B?\0\0", 4) = 4
13364 15:27:50.426354 write(0, "227 Entering Passive Mode (127,0,0,1,63,66).\r\n", 46) = 46
13364 15:27:50.427218 rt_sigaction(SIGALRM, {0x805cad0, ~[RTMIN RT_1], 0}, NULL, 8) = 0
13364 15:27:50.427323 alarm(300)        = 300
13364 15:27:50.427430 recv(0, "STOR myfile0\r\n", 4096, MSG_PEEK) = 14
13364 15:27:50.427529 read(0, "STOR myfile0\r\n", 14) = 14
13364 15:27:50.427597 write(5, "\v", 1) = 1
13364 15:27:50.427684 read(5,  <unfinished ...>
13362 15:27:50.427722 read(4, "\v", 1)  = 1
13362 15:27:50.427775 write(4, "\1\0\0\0", 4) = 4
13364 15:27:50.427891 <... read resumed> "\1\0\0\0", 4) = 4
13364 15:27:50.427956 gettimeofday({1495654070, 427979}, NULL) = 0
13364 15:27:50.428012 getcwd("/home/msfadmin", 4096) = 15
13364 15:27:50.428068 open("myfile0", O_WRONLY|O_CREAT|O_NONBLOCK|O_LARGEFILE, 0666) = 4
13364 15:27:50.428126 fstat64(4, {st_mode=S_IFREG|0644, st_size=17, ...}) = 0
13364 15:27:50.428237 fcntl64(4, F_GETFL) = 0x8801 (flags O_WRONLY|O_NONBLOCK|O_LARGEFILE)
13364 15:27:50.428289 fcntl64(4, F_SETFL, O_WRONLY|O_LARGEFILE) = 0
13364 15:27:50.428333 fcntl64(4, F_SETLKW64, {type=F_WRLCK, whence=SEEK_SET, start=0, len=0}, 0xbfe58044) = 0
13364 15:27:50.428393 ftruncate64(4, 0) = 0
13364 15:27:50.428544 _llseek(4, 0, [0], SEEK_SET) = 0
13364 15:27:50.428630 write(5, "\v", 1) = 1
13364 15:27:50.428679 read(5,  <unfinished ...>
13362 15:27:50.428711 read(4, "\v", 1)  = 1
13362 15:27:50.428818 write(4, "\1\0\0\0", 4) = 4
13364 15:27:50.428874 <... read resumed> "\1\0\0\0", 4) = 4
13364 15:27:50.428908 write(5, "\v", 1) = 1
13364 15:27:50.428952 read(5,  <unfinished ...>
13362 15:27:50.428982 read(4, "\v", 1)  = 1
13362 15:27:50.429029 write(4, "\1\0\0\0", 4) = 4
13364 15:27:50.429074 <... read resumed> "\1\0\0\0", 4) = 4
13364 15:27:50.429106 write(5, "\r", 1) = 1
13364 15:27:50.429183 read(5,  <unfinished ...>
13362 15:27:50.429216 read(4, "\r", 1)  = 1
13362 15:27:50.429270 select(6, [5], NULL, NULL, {60, 0}) = 1 (in [5], left {60, 0})
13362 15:27:50.429341 accept(5, {sa_family=AF_INET, sin_port=htons(54320), sin_addr=inet_addr("127.0.0.1")}, [16]) = 6
13362 15:27:50.429438 write(4, "\1", 1) = 1
13364 15:27:50.429528 <... read resumed> "\1", 1) = 1
13364 15:27:50.429566 recvmsg(5,  <unfinished ...>
13362 15:27:50.429604 sendmsg(4, {msg_name(0)=NULL, msg_iov(1)=[{"\0", 1}], msg_controllen=16, {cmsg_len=16, cmsg_level=SOL_SOCKET, cmsg_type=SCM_RIGHTS, {6}}, msg_flags=0}, 0) = 1
13364 15:27:50.429678 <... recvmsg resumed> {msg_name(0)=NULL, msg_iov(1)=[{"\0", 1}], msg_controllen=16, {cmsg_len=16, cmsg_level=SOL_SOCKET, cmsg_type=SCM_RIGHTS, {6}}, msg_flags=0}, 0) = 1
13364 15:27:50.429735 setsockopt(6, SOL_SOCKET, SO_KEEPALIVE, [1], 4) = 0
13364 15:27:50.429858 setsockopt(6, SOL_IP, IP_TOS, [8], 4) = 0
13364 15:27:50.429913 setsockopt(6, SOL_SOCKET, SO_LINGER, {onoff=1, linger=32767}, 8) = 0
13364 15:27:50.429984 rt_sigaction(SIGALRM, {0x805cad0, ~[RTMIN RT_1], 0}, NULL, 8) = 0
13364 15:27:50.430081 alarm(300)        = 300
13364 15:27:50.430142 write(0, "150 Ok to send data.\r\n", 22) = 22
13364 15:27:50.430612 read(6, "assasaaa\na\na\na\na\n", 65536) = 17
13364 15:27:50.430679 write(4, "assasaaa\na\na\na\na\n", 17) = 17
13364 15:27:50.430865 read(6, "", 65536) = 0
13364 15:27:50.430920 rt_sigaction(SIGALRM, {0x805cad0, ~[RTMIN RT_1], 0}, NULL, 8) = 0
13364 15:27:50.430982 alarm(300)        = 300
13364 15:27:50.431027 close(6)          = 0
13364 15:27:50.431067 alarm(0)          = 300
13364 15:27:50.431109 gettimeofday({1495654070, 431125}, NULL) = 0
13364 15:27:50.431175 gettimeofday({1495654070, 431192}, NULL) = 0
13364 15:27:50.431231 fcntl64(3, F_SETLKW64, {type=F_WRLCK, whence=SEEK_SET, start=0, len=0}, 0xbfe57fe4) = 0
13364 15:27:50.431352 write(3, "Wed May 24 15:27:50 2017 [pid 13364] [msfadmin] OK UPLOAD: Client \"127.0.0.1\", \"/home/msfadmin/myfile0\", 17 bytes, 5.17Kbyte/sec\n", 129) = 129
13364 15:27:50.431522 fcntl64(3, F_SETLK64, {type=F_UNLCK, whence=SEEK_SET, start=0, len=0}, 0xbfe57fec) = 0
13364 15:27:50.431596 write(0, "226 Transfer complete.\r\n", 24) = 24
13364 15:27:50.431847 write(5, "\n", 1) = 1
13364 15:27:50.431904 read(5,  <unfinished ...>
13362 15:27:50.431936 close(6)          = 0
13362 15:27:50.432018 read(4, "\n", 1)  = 1
13362 15:27:50.432070 close(5)          = 0
13362 15:27:50.432117 write(4, "\1", 1) = 1
13364 15:27:50.432164 <... read resumed> "\1", 1) = 1
13364 15:27:50.432195 close(4)          = 0
13364 15:27:50.432242 rt_sigaction(SIGALRM, {0x805cad0, ~[RTMIN RT_1], 0}, NULL, 8) = 0
13364 15:27:50.432301 alarm(300)        = 0
13364 15:27:50.432351 recv(0,  <unfinished ...>
13362 15:27:50.432384 read(4,  <unfinished ...>
13364 15:27:50.974337 <... recv resumed> "TYPE I\r\n", 4096, MSG_PEEK) = 8
13364 15:27:50.974538 read(0, "TYPE I\r\n", 8) = 8
13364 15:27:50.974737 write(0, "200 Switching to Binary mode.\r\n", 31) = 31
13364 15:27:50.975104 rt_sigaction(SIGALRM, {0x805cad0, ~[RTMIN RT_1], 0}, NULL, 8) = 0
13364 15:27:50.975203 alarm(300)        = 299
13364 15:27:50.975259 recv(0, "PASV\r\n", 4096, MSG_PEEK) = 6
13364 15:27:50.975311 read(0, "PASV\r\n", 6) = 6
13364 15:27:50.975365 write(5, "\n", 1) = 1
13362 15:27:50.975419 <... read resumed> "\n", 1) = 1
13362 15:27:50.975453 write(4, "\1", 1) = 1
13362 15:27:50.975501 read(4,  <unfinished ...>
13364 15:27:50.975533 read(5, "\1", 1)  = 1
13364 15:27:50.975584 write(5, "\f", 1) = 1
13362 15:27:50.975627 <... read resumed> "\f", 1) = 1
13362 15:27:50.975661 socket(PF_INET, SOCK_STREAM, IPPROTO_TCP) = 5
13362 15:27:50.975722 setsockopt(5, SOL_SOCKET, SO_REUSEADDR, [1], 4) = 0
13362 15:27:50.975782 bind(5, {sa_family=AF_INET, sin_port=htons(17298), sin_addr=inet_addr("127.0.0.1")}, 16 <unfinished ...>
13364 15:27:50.975884 read(5,  <unfinished ...>
13362 15:27:50.975920 <... bind resumed> ) = 0
13362 15:27:50.975953 listen(5, 1)      = 0
13362 15:27:50.976010 write(4, "\222C\0\0", 4) = 4
13364 15:27:50.976060 <... read resumed> "\222C\0\0", 4) = 4
13364 15:27:50.976114 write(0, "227 Entering Passive Mode (127,0,0,1,67,146).\r\n", 47) = 47
13362 15:27:50.976525 read(4,  <unfinished ...>
13364 15:27:50.976571 rt_sigaction(SIGALRM, {0x805cad0, ~[RTMIN RT_1], 0}, NULL, 8) = 0
13364 15:27:50.976636 alarm(300)        = 300
13364 15:27:50.976688 recv(0, "STOR myfile1\r\n", 4096, MSG_PEEK) = 14
13364 15:27:50.976742 read(0, "STOR myfile1\r\n", 14) = 14
13364 15:27:50.976922 write(5, "\v", 1) = 1
13362 15:27:50.977009 <... read resumed> "\v", 1) = 1
13362 15:27:50.977059 write(4, "\1\0\0\0", 4) = 4
13362 15:27:50.977136 read(4,  <unfinished ...>
13364 15:27:50.977184 read(5, "\1\0\0\0", 4) = 4
13364 15:27:50.977270 gettimeofday({1495654070, 977298}, NULL) = 0
13364 15:27:50.977345 getcwd("/home/msfadmin", 4096) = 15
13364 15:27:50.977430 open("myfile1", O_WRONLY|O_CREAT|O_NONBLOCK|O_LARGEFILE, 0666) = 4
13364 15:27:50.977667 fstat64(4, {st_mode=S_IFREG|0644, st_size=17, ...}) = 0
13364 15:27:50.977963 fcntl64(4, F_GETFL) = 0x8801 (flags O_WRONLY|O_NONBLOCK|O_LARGEFILE)
13364 15:27:50.978095 fcntl64(4, F_SETFL, O_WRONLY|O_LARGEFILE) = 0
13364 15:27:50.978172 fcntl64(4, F_SETLKW64, {type=F_WRLCK, whence=SEEK_SET, start=0, len=0}, 0xbfe58044) = 0
13364 15:27:50.978271 ftruncate64(4, 0) = 0
13364 15:27:50.978379 _llseek(4, 0, [0], SEEK_SET) = 0
13364 15:27:50.978461 write(5, "\v", 1) = 1
13362 15:27:50.978544 <... read resumed> "\v", 1) = 1
13362 15:27:50.978600 write(4, "\1\0\0\0", 4) = 4
13362 15:27:50.978675 read(4,  <unfinished ...>
13364 15:27:50.978799 read(5, "\1\0\0\0", 4) = 4
13364 15:27:50.978880 write(5, "\v", 1) = 1
13362 15:27:50.978944 <... read resumed> "\v", 1) = 1
13362 15:27:50.978989 write(4, "\1\0\0\0", 4) = 4
13362 15:27:50.979058 read(4,  <unfinished ...>
13364 15:27:50.979103 read(5, "\1\0\0\0", 4) = 4
13364 15:27:50.979181 write(5, "\r", 1) = 1
13362 15:27:50.979323 <... read resumed> "\r", 1) = 1
13362 15:27:50.979375 select(6, [5], NULL, NULL, {60, 0}) = 1 (in [5], left {60, 0})
13362 15:27:50.979476 accept(5, {sa_family=AF_INET, sin_port=htons(48342), sin_addr=inet_addr("127.0.0.1")}, [16]) = 6
13362 15:27:50.979593 write(4, "\1", 1) = 1
13362 15:27:50.979648 sendmsg(4, {msg_name(0)=NULL, msg_iov(1)=[{"\0", 1}], msg_controllen=16, {cmsg_len=16, cmsg_level=SOL_SOCKET, cmsg_type=SCM_RIGHTS, {6}}, msg_flags=0}, 0) = 1
13362 15:27:50.979776 close(6)          = 0
13362 15:27:50.979826 read(4,  <unfinished ...>
13364 15:27:50.979872 read(5, "\1", 1)  = 1
13364 15:27:50.979932 recvmsg(5, {msg_name(0)=NULL, msg_iov(1)=[{"\0", 1}], msg_controllen=16, {cmsg_len=16, cmsg_level=SOL_SOCKET, cmsg_type=SCM_RIGHTS, {6}}, msg_flags=0}, 0) = 1
13364 15:27:50.980013 setsockopt(6, SOL_SOCKET, SO_KEEPALIVE, [1], 4) = 0
