16769 16:06:51.907002 close(5)          = 0
16769 16:06:51.907031 time(NULL)        = 1495656411
16769 16:06:51.907067 munmap(0xb7f22000, 12164) = 0
16769 16:06:51.907100 munmap(0xb7f20000, 7136) = 0
16769 16:06:51.907155 munmap(0xb7d55000, 95428) = 0
16769 16:06:51.907190 munmap(0xb7d1b000, 201052) = 0
16769 16:06:51.907220 munmap(0xb7d02000, 101180) = 0
16769 16:06:51.907258 gettimeofday({1495656411, 907276}, NULL) = 0
16769 16:06:51.907300 stat64("/usr/share/zoneinfo/UTC+04:00", 0xbfea0014) = -1 ENOENT (No such file or directory)
16769 16:06:51.907336 open("/usr/share/zoneinfo/UTC+04:00", O_RDONLY) = -1 ENOENT (No such file or directory)
16769 16:06:51.907390 fcntl64(3, F_SETLKW64, {type=F_WRLCK, whence=SEEK_SET, start=0, len=0}, 0xbfea0164) = 0
16769 16:06:51.907435 write(3, "Wed May 24 16:06:51 2017 [pid 16769] [msfadmin] OK LOGIN: Client \"127.0.0.1\"\n", 77) = 77
16769 16:06:51.907475 fcntl64(3, F_SETLK64, {type=F_UNLCK, whence=SEEK_SET, start=0, len=0}, 0xbfea016c) = 0
16769 16:06:51.907507 rt_sigaction(SIGCHLD, {0x805cad0, ~[RTMIN RT_1], 0}, NULL, 8) = 0
16769 16:06:51.907542 write(4, "\1", 1 <unfinished ...>
16770 16:06:51.907563 <... read resumed> "\1", 1) = 1
16769 16:06:51.907563 <... write resumed> ) = 1
16770 16:06:51.907563 exit_group(0)     = ?
16769 16:06:51.907563 --- SIGCHLD (Child exited) @ 0 (0) ---
16769 16:06:51.907563 sigreturn()       = ? (mask now [])
16769 16:06:51.907563 wait4(-1, [{WIFEXITED(s) && WEXITSTATUS(s) == 0}], 0, NULL) = 16770
16769 16:06:51.907563 close(4)          = 0
16769 16:06:51.908370 socketpair(PF_FILE, SOCK_STREAM, 0, [4, 5]) = 0
16769 16:06:51.908435 rt_sigaction(SIGCHLD, {0x805cad0, ~[RTMIN RT_1], 0}, NULL, 8) = 0
16769 16:06:51.908471 rt_sigaction(SIGALRM, {0x805cb10, ~[RTMIN RT_1], 0}, NULL, 8) = 0
16769 16:06:51.908506 clone(child_stack=0, flags=CLONE_CHILD_CLEARTID|CLONE_CHILD_SETTID|SIGCHLD, child_tidptr=0xb7d8b6f8) = 16771
16771 16:06:51.909180 prctl(0x1, 0x9, 0, 0, 0) = 0
16771 16:06:51.909220 close(4)          = 0
16771 16:06:51.909285 open("/etc/passwd", O_RDONLY|0x80000 /* O_??? */) = 4
16771 16:06:51.909330 _llseek(4, 0, [0], SEEK_CUR) = 0
16771 16:06:51.909369 fstat64(4, {st_mode=S_IFREG|0644, st_size=1624, ...}) = 0
16771 16:06:51.909412 mmap2(NULL, 1624, PROT_READ, MAP_SHARED, 4, 0) = 0xb7f25000
16771 16:06:51.909444 _llseek(4, 1624, [1624], SEEK_SET) = 0
16771 16:06:51.909497 munmap(0xb7f25000, 1624) = 0
16771 16:06:51.909530 close(4)          = 0
16771 16:06:51.909564 getuid32()        = 0
16771 16:06:51.909592 open("/etc/passwd", O_RDONLY|0x80000 /* O_??? */) = 4
16771 16:06:51.909625 _llseek(4, 0, [0], SEEK_CUR) = 0
16771 16:06:51.909654 fstat64(4, {st_mode=S_IFREG|0644, st_size=1624, ...}) = 0
16771 16:06:51.909691 mmap2(NULL, 1624, PROT_READ, MAP_SHARED, 4, 0) = 0xb7f25000
16771 16:06:51.909721 _llseek(4, 1624, [1624], SEEK_SET) = 0
16771 16:06:51.909758 munmap(0xb7f25000, 1624) = 0
16771 16:06:51.909785 close(4)          = 0
16771 16:06:51.909845 open("/proc/sys/kernel/ngroups_max", O_RDONLY) = 4
16771 16:06:51.909892 read(4, "65536\n", 31) = 6
16771 16:06:51.909924 close(4)          = 0
16771 16:06:51.909960 socket(PF_FILE, SOCK_STREAM, 0) = 4
16771 16:06:51.909991 fcntl64(4, F_SETFL, O_RDWR|O_NONBLOCK) = 0
16771 16:06:51.910025 connect(4, {sa_family=AF_FILE, path="/var/run/nscd/socket"}, 110) = -1 ENOENT (No such file or directory)
16771 16:06:51.910075 close(4)          = 0
16771 16:06:51.910106 socket(PF_FILE, SOCK_STREAM, 0) = 4
16771 16:06:51.910134 fcntl64(4, F_SETFL, O_RDWR|O_NONBLOCK) = 0
16771 16:06:51.910162 connect(4, {sa_family=AF_FILE, path="/var/run/nscd/socket"}, 110) = -1 ENOENT (No such file or directory)
16771 16:06:51.910203 close(4)          = 0
16771 16:06:51.910256 open("/etc/group", O_RDONLY|0x80000 /* O_??? */) = 4
16771 16:06:51.910293 _llseek(4, 0, [0], SEEK_CUR) = 0
16771 16:06:51.910322 fstat64(4, {st_mode=S_IFREG|0644, st_size=886, ...}) = 0
16771 16:06:51.910360 mmap2(NULL, 886, PROT_READ, MAP_SHARED, 4, 0) = 0xb7f25000
16771 16:06:51.910390 _llseek(4, 886, [886], SEEK_SET) = 0
16771 16:06:51.910442 fstat64(4, {st_mode=S_IFREG|0644, st_size=886, ...}) = 0
16771 16:06:51.910482 munmap(0xb7f25000, 886) = 0
16771 16:06:51.910509 close(4)          = 0
16771 16:06:51.910537 setgroups32(13, [1000, 4, 20, 24, 25, 29, 30, 44, 46, 107, 111, 112, 119]) = 0
16771 16:06:51.910577 geteuid32()       = 0
16771 16:06:51.910607 getegid32()       = 0
16771 16:06:51.910635 setregid32(-1, 1000) = 0
16771 16:06:51.910664 setreuid32(-1, 1000) = 0
16771 16:06:51.910693 chdir("/home/msfadmin") = 0
16771 16:06:51.911270 setreuid32(-1, 0) = 0
16771 16:06:51.911311 setregid32(-1, 0) = 0
16771 16:06:51.911356 setgid32(1000)    = 0
16771 16:06:51.911405 setuid32(1000)    = 0
16771 16:06:51.911452 setrlimit(RLIMIT_NPROC, {rlim_cur=0, rlim_max=0}) = 0
16771 16:06:51.911529 mmap2(NULL, 12288, PROT_READ|PROT_WRITE, MAP_PRIVATE|MAP_ANONYMOUS, -1, 0) = 0xb7f23000
16771 16:06:51.911583 mprotect(0xb7f25000, 4096, PROT_NONE) = 0
16771 16:06:51.911636 mprotect(0xb7f23000, 4096, PROT_NONE) = 0
16771 16:06:51.911684 getcwd("/home/msfadmin", 4096) = 15
16771 16:06:51.911736 umask(022)        = 077
16771 16:06:51.911781 getcwd("/home/msfadmin", 4096) = 15
16771 16:06:51.911842 open(".message", O_RDONLY|O_NONBLOCK|O_LARGEFILE) = -1 ENOENT (No such file or directory)
16771 16:06:51.911927 write(0, "230 Login successful.\r\n", 23) = 23
16771 16:06:51.912215 rt_sigaction(SIGALRM, {0x805cad0, ~[RTMIN RT_1], 0}, NULL, 8) = 0
16771 16:06:51.912259 alarm(300)        = 0
16771 16:06:51.912312 mmap2(NULL, 12288, PROT_READ|PROT_WRITE, MAP_PRIVATE|MAP_ANONYMOUS, -1, 0) = 0xb7f20000
16771 16:06:51.912342 mprotect(0xb7f22000, 4096, PROT_NONE) = 0
16771 16:06:51.912372 mprotect(0xb7f20000, 4096, PROT_NONE) = 0
16771 16:06:51.912407 recv(0, "TYPE I\r\n", 4096, MSG_PEEK) = 8
16771 16:06:51.912440 read(0, "TYPE I\r\n", 8) = 8
16771 16:06:51.912481 write(0, "200 Switching to Binary mode.\r\n", 31) = 31
16771 16:06:51.912585 rt_sigaction(SIGALRM, {0x805cad0, ~[RTMIN RT_1], 0}, NULL, 8) = 0
16771 16:06:51.912621 alarm(300)        = 300
16771 16:06:51.912673 recv(0, "PASV\r\n", 4096, MSG_PEEK) = 6
16771 16:06:51.912704 read(0, "PASV\r\n", 6) = 6
16771 16:06:51.912735 write(5, "\n", 1) = 1
16771 16:06:51.912766 read(5,  <unfinished ...>
16769 16:06:51.912801 close(5)          = 0
16769 16:06:51.912833 getuid32()        = 0
16769 16:06:51.912874 open("/etc/passwd", O_RDONLY|0x80000 /* O_??? */) = 5
16769 16:06:51.912911 _llseek(5, 0, [0], SEEK_CUR) = 0
16769 16:06:51.912944 fstat64(5, {st_mode=S_IFREG|0644, st_size=1624, ...}) = 0
16769 16:06:51.912984 mmap2(NULL, 1624, PROT_READ, MAP_SHARED, 5, 0) = 0xb7f25000
16769 16:06:51.913035 _llseek(5, 1624, [1624], SEEK_SET) = 0
16769 16:06:51.913083 munmap(0xb7f25000, 1624) = 0
16769 16:06:51.913115 close(5)          = 0
16769 16:06:51.913155 setgroups32(0, []) = 0
16769 16:06:51.913186 chdir("/usr/share/empty") = 0
16769 16:06:51.913219 chroot(".")       = 0
16769 16:06:51.913248 capset(NULL, NULL) = -1 EFAULT (Bad address)
16769 16:06:51.913282 prctl(0x8, 0, 0xbfea0148, 0x80549a6, 0xbfea0130) = 0
16769 16:06:51.913311 prctl(0x8, 0x1, 0xbfea0148, 0x8054a49, 0xbfea0130) = 0
16769 16:06:51.913339 setgid32(65534)   = 0
16769 16:06:51.913366 setuid32(65534)   = 0
16769 16:06:51.913393 capset(0x19980330, 0, {CAP_NET_BIND_SERVICE, CAP_NET_BIND_SERVICE, 0}) = 0
16769 16:06:51.913428 read(4, "\n", 1)  = 1
16769 16:06:51.913461 write(4, "\1", 1) = 1
16771 16:06:51.913491 <... read resumed> "\1", 1) = 1
16771 16:06:51.913516 write(5, "\f", 1) = 1
16771 16:06:51.913544 read(5,  <unfinished ...>
16769 16:06:51.913566 read(4, "\f", 1)  = 1
16769 16:06:51.913599 socket(PF_INET, SOCK_STREAM, IPPROTO_TCP) = 5
16769 16:06:51.913633 setsockopt(5, SOL_SOCKET, SO_REUSEADDR, [1], 4) = 0
16769 16:06:51.913665 gettimeofday({1495656411, 913682}, NULL) = 0
16769 16:06:51.913715 bind(5, {sa_family=AF_INET, sin_port=htons(24714), sin_addr=inet_addr("127.0.0.1")}, 16) = 0
16769 16:06:51.913754 listen(5, 1)      = 0
16769 16:06:51.913786 write(4, "\212`\0\0", 4) = 4
16771 16:06:51.913817 <... read resumed> "\212`\0\0", 4) = 4
16771 16:06:51.913851 write(0, "227 Entering Passive Mode (127,0,0,1,96,138).\r\n", 47) = 47
16771 16:06:51.914140 rt_sigaction(SIGALRM, {0x805cad0, ~[RTMIN RT_1], 0}, NULL, 8) = 0
16771 16:06:51.914180 alarm(300)        = 300
16771 16:06:51.914233 recv(0, "STOR myfile35\r\n", 4096, MSG_PEEK) = 15
16771 16:06:51.914265 read(0, "STOR myfile35\r\n", 15) = 15
16771 16:06:51.914303 write(5, "\v", 1) = 1
16771 16:06:51.914332 read(5,  <unfinished ...>
16769 16:06:51.914355 read(4, "\v", 1)  = 1
16769 16:06:51.914384 write(4, "\1\0\0\0", 4) = 4
16771 16:06:51.914413 <... read resumed> "\1\0\0\0", 4) = 4
16771 16:06:51.914439 gettimeofday({1495656411, 914456}, NULL) = 0
16771 16:06:51.914479 getcwd("/home/msfadmin", 4096) = 15
16771 16:06:51.914521 open("myfile35", O_WRONLY|O_CREAT|O_NONBLOCK|O_LARGEFILE, 0666) = 4
16771 16:06:51.914555 fstat64(4, {st_mode=S_IFREG|0644, st_size=17, ...}) = 0
16771 16:06:51.914594 fcntl64(4, F_GETFL) = 0x8801 (flags O_WRONLY|O_NONBLOCK|O_LARGEFILE)
16771 16:06:51.914623 fcntl64(4, F_SETFL, O_WRONLY|O_LARGEFILE) = 0
16771 16:06:51.914650 fcntl64(4, F_SETLKW64, {type=F_WRLCK, whence=SEEK_SET, start=0, len=0}, 0xbfea0094) = 0
16771 16:06:51.914688 ftruncate64(4, 0) = 0
16771 16:06:51.914730 _llseek(4, 0, [0], SEEK_SET) = 0
16771 16:06:51.914760 write(5, "\v", 1) = 1
16771 16:06:51.914789 read(5,  <unfinished ...>
16769 16:06:51.914811 read(4, "\v", 1)  = 1
16769 16:06:51.914841 write(4, "\1\0\0\0", 4) = 4
16771 16:06:51.914869 <... read resumed> "\1\0\0\0", 4) = 4
16771 16:06:51.914893 write(5, "\v", 1) = 1
16771 16:06:51.914919 read(5,  <unfinished ...>
16769 16:06:51.914941 read(4, "\v", 1)  = 1
16769 16:06:51.914995 write(4, "\1\0\0\0", 4) = 4
16771 16:06:51.915023 <... read resumed> "\1\0\0\0", 4) = 4
16771 16:06:51.915048 write(5, "\r", 1) = 1
16771 16:06:51.915075 read(5,  <unfinished ...>
16769 16:06:51.915096 read(4, "\r", 1)  = 1
16769 16:06:51.915128 select(6, [5], NULL, NULL, {60, 0}) = 1 (in [5], left {60, 0})
16769 16:06:51.915169 accept(5, {sa_family=AF_INET, sin_port=htons(35937), sin_addr=inet_addr("127.0.0.1")}, [16]) = 6
16769 16:06:51.915217 write(4, "\1", 1) = 1
16771 16:06:51.915246 <... read resumed> "\1", 1) = 1
16771 16:06:51.915273 recvmsg(5,  <unfinished ...>
16769 16:06:51.915300 sendmsg(4, {msg_name(0)=NULL, msg_iov(1)=[{"\0", 1}], msg_controllen=16, {cmsg_len=16, cmsg_level=SOL_SOCKET, cmsg_type=SCM_RIGHTS, {6}}, msg_flags=0}, 0) = 1
16771 16:06:51.915342 <... recvmsg resumed> {msg_name(0)=NULL, msg_iov(1)=[{"\0", 1}], msg_controllen=16, {cmsg_len=16, cmsg_level=SOL_SOCKET, cmsg_type=SCM_RIGHTS, {6}}, msg_flags=0}, 0) = 1
16771 16:06:51.915375 setsockopt(6, SOL_SOCKET, SO_KEEPALIVE, [1], 4) = 0
16771 16:06:51.915406 setsockopt(6, SOL_IP, IP_TOS, [8], 4) = 0
16771 16:06:51.915437 setsockopt(6, SOL_SOCKET, SO_LINGER, {onoff=1, linger=32767}, 8) = 0
16771 16:06:51.915467 rt_sigaction(SIGALRM, {0x805cad0, ~[RTMIN RT_1], 0}, NULL, 8) = 0
16771 16:06:51.915499 alarm(300)        = 300
16771 16:06:51.915554 write(0, "150 Ok to send data.\r\n", 22) = 22
16771 16:06:51.915715 mmap2(NULL, 77824, PROT_READ|PROT_WRITE, MAP_PRIVATE|MAP_ANONYMOUS, -1, 0) = 0xb7d5a000
16771 16:06:51.915776 mprotect(0xb7d6c000, 4096, PROT_NONE) = 0
16771 16:06:51.915807 mprotect(0xb7d5a000, 4096, PROT_NONE) = 0
16771 16:06:51.915835 read(6, "assasaaa\na\na\na\na\n", 65536) = 17
16771 16:06:51.915869 write(4, "assasaaa\na\na\na\na\n", 17) = 17
16771 16:06:51.915907 read(6, "", 65536) = 0
16771 16:06:51.915940 rt_sigaction(SIGALRM, {0x805cad0, ~[RTMIN RT_1], 0}, NULL, 8) = 0
16771 16:06:51.915974 alarm(300)        = 300
16771 16:06:51.916023 close(6)          = 0
16771 16:06:51.916049 alarm(0)          = 300
16771 16:06:51.916087 gettimeofday({1495656411, 916104}, NULL) = 0
16771 16:06:51.916140 getpid()          = 16771
16771 16:06:51.916170 gettimeofday({1495656411, 916188}, NULL) = 0
16771 16:06:51.916221 fcntl64(3, F_SETLKW64, {type=F_WRLCK, whence=SEEK_SET, start=0, len=0}, 0xbfea0034) = 0
16771 16:06:51.916258 write(3, "Wed May 24 16:06:51 2017 [pid 16771] [msfadmin] OK UPLOAD: Client \"127.0.0.1\", \"/home/msfadmin/myfile35\", 17 bytes, 9.59Kbyte/sec\n", 130) = 130
16771 16:06:51.916302 fcntl64(3, F_SETLK64, {type=F_UNLCK, whence=SEEK_SET, start=0, len=0}, 0xbfea003c) = 0
16771 16:06:51.916338 write(0, "226 Transfer complete.\r\n", 24) = 24
16771 16:06:51.916441 write(5, "\n", 1) = 1
16771 16:06:51.916474 read(5,  <unfinished ...>
16769 16:06:51.916496 close(6)          = 0
16769 16:06:51.916559 read(4, "\n", 1)  = 1
16769 16:06:51.916590 close(5)          = 0
16769 16:06:51.916618 write(4, "\1", 1) = 1
16771 16:06:51.916647 <... read resumed> "\1", 1) = 1
16771 16:06:51.916670 close(4)          = 0
16771 16:06:51.916698 rt_sigaction(SIGALRM, {0x805cad0, ~[RTMIN RT_1], 0}, NULL, 8) = 0
16771 16:06:51.916731 alarm(300)        = 0
16771 16:06:51.916788 recv(0,  <unfinished ...>
16769 16:06:51.916813 read(4,  <unfinished ...>
16771 16:06:52.459006 <... recv resumed> "TYPE I\r\n", 4096, MSG_PEEK) = 8
16771 16:06:52.459133 read(0, "TYPE I\r\n", 8) = 8
16771 16:06:52.459337 write(0, "200 Switching to Binary mode.\r\n", 31) = 31
16771 16:06:52.459654 rt_sigaction(SIGALRM, {0x805cad0, ~[RTMIN RT_1], 0}, NULL, 8) = 0
16771 16:06:52.459762 alarm(300)        = 299
16771 16:06:52.459903 recv(0, "PASV\r\n", 4096, MSG_PEEK) = 6
16771 16:06:52.459984 read(0, "PASV\r\n", 6) = 6
16771 16:06:52.460067 write(5, "\n", 1 <unfinished ...>
16769 16:06:52.460138 <... read resumed> "\n", 1) = 1
16771 16:06:52.460188 <... write resumed> ) = 1
16769 16:06:52.460322 write(4, "\1", 1) = 1
16769 16:06:52.460403 read(4,  <unfinished ...>
16771 16:06:52.460462 read(5, "\1", 1)  = 1
16771 16:06:52.460542 write(5, "\f", 1 <unfinished ...>
16769 16:06:52.460602 <... read resumed> "\f", 1) = 1
16771 16:06:52.460651 <... write resumed> ) = 1
16769 16:06:52.460710 socket(PF_INET, SOCK_STREAM, IPPROTO_TCP) = 5
16769 16:06:52.460800 setsockopt(5, SOL_SOCKET, SO_REUSEADDR, [1], 4) = 0
16769 16:06:52.460889 bind(5, {sa_family=AF_INET, sin_port=htons(60945), sin_addr=inet_addr("127.0.0.1")}, 16) = 0
16769 16:06:52.460982 listen(5, 1)      = 0
16769 16:06:52.461067 write(4, "\21\356\0\0", 4) = 4
16769 16:06:52.461144 read(4,  <unfinished ...>
16771 16:06:52.461215 read(5, "\21\356\0\0", 4) = 4
16771 16:06:52.461314 write(0, "227 Entering Passive Mode (127,0,0,1,238,17).\r\n", 47) = 47
16771 16:06:52.461967 rt_sigaction(SIGALRM, {0x805cad0, ~[RTMIN RT_1], 0}, NULL, 8) = 0
16771 16:06:52.462069 alarm(300)        = 300
16771 16:06:52.462220 recv(0, "STOR myfile36\r\n", 4096, MSG_PEEK) = 15
16771 16:06:52.462305 read(0, "STOR myfile36\r\n", 15) = 15
16771 16:06:52.462394 write(5, "\v", 1 <unfinished ...>
16769 16:06:52.462459 <... read resumed> "\v", 1) = 1
16771 16:06:52.462508 <... write resumed> ) = 1
16769 16:06:52.462563 write(4, "\1\0\0\0", 4) = 4
16769 16:06:52.462639 read(4,  <unfinished ...>
16771 16:06:52.462697 read(5, "\1\0\0\0", 4) = 4
16771 16:06:52.462776 gettimeofday({1495656412, 462821}, NULL) = 0
16771 16:06:52.462882 getcwd("/home/msfadmin", 4096) = 15
16771 16:06:52.462964 open("myfile36", O_WRONLY|O_CREAT|O_NONBLOCK|O_LARGEFILE, 0666) = 4
16771 16:06:52.463052 fstat64(4, {st_mode=S_IFREG|0644, st_size=17, ...}) = 0
16771 16:06:52.463275 fcntl64(4, F_GETFL) = 0x8801 (flags O_WRONLY|O_NONBLOCK|O_LARGEFILE)
16771 16:06:52.463365 fcntl64(4, F_SETFL, O_WRONLY|O_LARGEFILE) = 0
16771 16:06:52.463438 fcntl64(4, F_SETLKW64, {type=F_WRLCK, whence=SEEK_SET, start=0, len=0}, 0xbfea0094) = 0
16771 16:06:52.463526 ftruncate64(4, 0) = 0
16771 16:06:52.463629 _llseek(4, 0, [0], SEEK_SET) = 0
16771 16:06:52.463707 write(5, "\v", 1 <unfinished ...>
16769 16:06:52.463773 <... read resumed> "\v", 1) = 1
16771 16:06:52.463824 <... write resumed> ) = 1
16769 16:06:52.463878 write(4, "\1\0\0\0", 4) = 4
16769 16:06:52.463956 read(4,  <unfinished ...>
16771 16:06:52.464015 read(5, "\1\0\0\0", 4) = 4
16771 16:06:52.464152 write(5, "\v", 1 <unfinished ...>
16769 16:06:52.464266 <... read resumed> "\v", 1) = 1
16771 16:06:52.464318 <... write resumed> ) = 1
16769 16:06:52.464372 write(4, "\1\0\0\0", 4) = 4
16769 16:06:52.464447 read(4,  <unfinished ...>
16771 16:06:52.464506 read(5, "\1\0\0\0", 4) = 4
16771 16:06:52.464584 write(5, "\r", 1 <unfinished ...>
16769 16:06:52.464644 <... read resumed> "\r", 1) = 1
16771 16:06:52.464693 <... write resumed> ) = 1
16769 16:06:52.464751 select(6, [5], NULL, NULL, {60, 0}) = 1 (in [5], left {60, 0})
16769 16:06:52.464851 accept(5, {sa_family=AF_INET, sin_port=htons(60080), sin_addr=inet_addr("127.0.0.1")}, [16]) = 6
16769 16:06:52.464977 write(4, "\1", 1) = 1
16769 16:06:52.465121 sendmsg(4, {msg_name(0)=NULL, msg_iov(1)=[{"\0", 1}], msg_controllen=16, {cmsg_len=16, cmsg_level=SOL_SOCKET, cmsg_type=SCM_RIGHTS, {6}}, msg_flags=0}, 0) = 1
16769 16:06:52.465231 close(6)          = 0
16769 16:06:52.465302 read(4,  <unfinished ...>
16771 16:06:52.465363 read(5, "\1", 1)  = 1
16771 16:06:52.465473 recvmsg(5, {msg_name(0)=NULL, msg_iov(1)=[{"\0", 1}], msg_controllen=16, {cmsg_len=16, cmsg_level=SOL_SOCKET, cmsg_type=SCM_RIGHTS, {6}}, msg_flags=0}, 0) = 1
16771 16:06:52.465584 setsockopt(6, SOL_SOCKET, SO_KEEPALIVE, [1], 4) = 0
16771 16:06:52.465667 setsockopt(6, SOL_IP, IP_TOS, [8], 4) = 0
16771 16:06:52.465748 setsockopt(6, SOL_SOCKET, SO_LINGER, {onoff=1, linger=32767}, 8) = 0
16771 16:06:52.465826 rt_sigaction(SIGALRM, {0x805cad0, ~[RTMIN RT_1], 0}, NULL, 8) = 0
16771 16:06:52.465914 alarm(300)        = 300
16771 16:06:52.466064 write(0, "150 Ok to send data.\r\n", 22) = 22
16771 16:06:52.466492 read(6, "assasaaa\na\na\na\na\n", 65536) = 17
16771 16:06:52.466586 write(4, "assasaaa\na\na\na\na\n", 17) = 17
16771 16:06:52.466683 read(6, "", 65536) = 0
16771 16:06:52.466757 rt_sigaction(SIGALRM, {0x805cad0, ~[RTMIN RT_1], 0}, NULL, 8) = 0
16771 16:06:52.466845 alarm(300)        = 300
16771 16:06:52.467029 close(6)          = 0
16771 16:06:52.467207 alarm(0)          = 300
16771 16:06:52.467310 gettimeofday({1495656412, 467356}, NULL) = 0
16771 16:06:52.467435 gettimeofday({1495656412, 467482}, NULL) = 0
16771 16:06:52.467551 fcntl64(3, F_SETLKW64, {type=F_WRLCK, whence=SEEK_SET, start=0, len=0}, 0xbfea0034) = 0
16771 16:06:52.467579 write(3, "Wed May 24 16:06:52 2017 [pid 16771] [msfadmin] OK UPLOAD: Client \"127.0.0.1\", \"/home/msfadmin/myfile36\", 17 bytes, 3.56Kbyte/sec\n", 130) = 130
16771 16:06:52.467579 fcntl64(3, F_SETLK64, {type=F_UNLCK, whence=SEEK_SET, start=0, len=0}, 0xbfea003c) = 0
16771 16:06:52.467579 write(0, "226 Transfer complete.\r\n", 24) = 24
16771 16:06:52.467579 write(5, "\n", 1 <unfinished ...>
16769 16:06:52.467579 <... read resumed> "\n", 1) = 1
16771 16:06:52.468436 <... write resumed> ) = 1
16769 16:06:52.468552 close(5)          = 0
16769 16:06:52.468635 write(4, "\1", 1) = 1
16769 16:06:52.468715 read(4,  <unfinished ...>
16771 16:06:52.468823 read(5, "\1", 1)  = 1
16771 16:06:52.468915 close(4)          = 0
16771 16:06:52.468993 rt_sigaction(SIGALRM, {0x805cad0, ~[RTMIN RT_1], 0}, NULL, 8) = 0
16771 16:06:52.469081 alarm(300)        = 0
16771 16:06:52.469264 recv(0, "TYPE I\r\n", 4096, MSG_PEEK) = 8
16771 16:06:52.988877 read(0, "TYPE I\r\n", 8) = 8
16771 16:06:52.989008 write(0, "200 Switching to Binary mode.\r\n", 31) = 31
16771 16:06:52.989298 rt_sigaction(SIGALRM, {0x805cad0, ~[RTMIN RT_1], 0}, NULL, 8) = 0
16771 16:06:52.989402 alarm(300)        = 299
16771 16:06:52.989540 recv(0, "PASV\r\n", 4096, MSG_PEEK) = 6
16771 16:06:52.989621 read(0, "PASV\r\n", 6) = 6
16771 16:06:52.989703 write(5, "\n", 1 <unfinished ...>
16769 16:06:52.989773 <... read resumed> "\n", 1) = 1
16771 16:06:52.989824 <... write resumed> ) = 1
16769 16:06:52.989881 write(4, "\1", 1) = 1
16769 16:06:52.989956 read(4,  <unfinished ...>
16771 16:06:52.990068 read(5, "\1", 1)  = 1
16771 16:06:52.990156 write(5, "\f", 1 <unfinished ...>
16769 16:06:52.990218 <... read resumed> "\f", 1) = 1
16771 16:06:52.990267 <... write resumed> ) = 1
16769 16:06:52.990327 socket(PF_INET, SOCK_STREAM, IPPROTO_TCP) = 5
16769 16:06:52.990415 setsockopt(5, SOL_SOCKET, SO_REUSEADDR, [1], 4) = 0
16769 16:06:52.990504 bind(5, {sa_family=AF_INET, sin_port=htons(13986), sin_addr=inet_addr("127.0.0.1")}, 16) = 0
16769 16:06:52.990598 listen(5, 1)      = 0
16769 16:06:52.990683 write(4, "\2426\0\0", 4) = 4
16769 16:06:52.990761 read(4,  <unfinished ...>
16771 16:06:52.990819 read(5, "\2426\0\0", 4) = 4
16771 16:06:52.990916 write(0, "227 Entering Passive Mode (127,0,0,1,54,162).\r\n", 47) = 47
16771 16:06:52.991610 rt_sigaction(SIGALRM, {0x805cad0, ~[RTMIN RT_1], 0}, NULL, 8) = 0
16771 16:06:52.991715 alarm(300)        = 300
16771 16:06:52.991851 recv(0, "STOR myfile37\r\n", 4096, MSG_PEEK) = 15
16771 16:06:52.991978 read(0, "STOR myfile37\r\n", 15) = 15
16771 16:06:52.992083 write(5, "\v", 1 <unfinished ...>
16769 16:06:52.992149 <... read resumed> "\v", 1) = 1
16771 16:06:52.992200 <... write resumed> ) = 1
16769 16:06:52.992255 write(4, "\1\0\0\0", 4) = 4
16769 16:06:52.992332 read(4,  <unfinished ...>
16771 16:06:52.992416 read(5, "\1\0\0\0", 4) = 4
16771 16:06:52.992497 gettimeofday({1495656412, 992543}, NULL) = 0
16771 16:06:52.992605 getcwd("/home/msfadmin", 4096) = 15
16771 16:06:52.992688 open("myfile37", O_WRONLY|O_CREAT|O_NONBLOCK|O_LARGEFILE, 0666) = 4
16771 16:06:52.992776 fstat64(4, {st_mode=S_IFREG|0644, st_size=17, ...}) = 0
16771 16:06:52.992878 fcntl64(4, F_GETFL) = 0x8801 (flags O_WRONLY|O_NONBLOCK|O_LARGEFILE)
16771 16:06:52.993003 fcntl64(4, F_SETFL, O_WRONLY|O_LARGEFILE) = 0
16771 16:06:52.993074 fcntl64(4, F_SETLKW64, {type=F_WRLCK, whence=SEEK_SET, start=0, len=0}, 0xbfea0094) = 0
16771 16:06:52.993163 ftruncate64(4, 0) = 0
16771 16:06:52.993262 _llseek(4, 0, [0], SEEK_SET) = 0
16771 16:06:52.993397 write(5, "\v", 1 <unfinished ...>
16769 16:06:52.993462 <... read resumed> "\v", 1) = 1
16771 16:06:52.993511 <... write resumed> ) = 1
16769 16:06:52.993566 write(4, "\1\0\0\0", 4) = 4
16769 16:06:52.993642 read(4,  <unfinished ...>
16771 16:06:52.993700 read(5, "\1\0\0\0", 4) = 4
16771 16:06:52.993778 write(5, "\v", 1 <unfinished ...>
16769 16:06:52.993837 <... read resumed> "\v", 1) = 1
16771 16:06:52.993927 <... write resumed> ) = 1
16769 16:06:52.993984 write(4, "\1\0\0\0", 4) = 4
16769 16:06:52.994060 read(4,  <unfinished ...>
16771 16:06:52.994117 read(5, "\1\0\0\0", 4) = 4
16771 16:06:52.994195 write(5, "\r", 1 <unfinished ...>
16769 16:06:52.994254 <... read resumed> "\r", 1) = 1
16771 16:06:52.994303 <... write resumed> ) = 1
16769 16:06:52.994360 select(6, [5], NULL, NULL, {60, 0}) = 1 (in [5], left {60, 0})
16769 16:06:52.994459 accept(5, {sa_family=AF_INET, sin_port=htons(51319), sin_addr=inet_addr("127.0.0.1")}, [16]) = 6
16769 16:06:52.994585 write(4, "\1", 1) = 1
16769 16:06:52.994666 sendmsg(4, {msg_name(0)=NULL, msg_iov(1)=[{"\0", 1}], msg_controllen=16, {cmsg_len=16, cmsg_level=SOL_SOCKET, cmsg_type=SCM_RIGHTS, {6}}, msg_flags=0}, 0) = 1
16769 16:06:52.994768 close(6)          = 0
16769 16:06:52.994887 read(4,  <unfinished ...>
16771 16:06:52.994966 read(5, "\1", 1)  = 1
