11472 15:08:38.117361 fcntl64(3, F_SETLK64, {type=F_UNLCK, whence=SEEK_SET, start=0, len=0}, 0xbfdc6f5c) = 0
11472 15:08:38.117427 write(0, "226 Transfer complete.\r\n", 24) = 24
11472 15:08:38.117608 write(5, "\n", 1) = 1
11470 15:08:38.117672 <... read resumed> "\n", 1) = 1
11470 15:08:38.117716 close(5)          = 0
11470 15:08:38.117768 write(4, "\1", 1) = 1
11470 15:08:38.117816 read(4,  <unfinished ...>
11472 15:08:38.117847 read(5, "\1", 1)  = 1
11472 15:08:38.117894 close(4)          = 0
11472 15:08:38.117941 rt_sigaction(SIGALRM, {0x805cad0, ~[RTMIN RT_1], 0}, NULL, 8) = 0
11472 15:08:38.117999 alarm(300)        = 0
11472 15:08:38.118105 recv(0, "TYPE I\r\n", 4096, MSG_PEEK) = 8
11472 15:08:38.642124 read(0, "TYPE I\r\n", 8) = 8
11472 15:08:38.642227 write(0, "200 Switching to Binary mode.\r\n", 31) = 31
11472 15:08:38.642564 rt_sigaction(SIGALRM, {0x805cad0, ~[RTMIN RT_1], 0}, NULL, 8) = 0
11472 15:08:38.642642 alarm(300)        = 299
11472 15:08:38.642694 recv(0, "PASV\r\n", 4096, MSG_PEEK) = 6
11472 15:08:38.642745 read(0, "PASV\r\n", 6) = 6
11472 15:08:38.642799 write(5, "\n", 1) = 1
11470 15:08:38.642852 <... read resumed> "\n", 1) = 1
11470 15:08:38.642971 write(4, "\1", 1) = 1
11470 15:08:38.643037 read(4,  <unfinished ...>
11472 15:08:38.643070 read(5, "\1", 1)  = 1
11472 15:08:38.643122 write(5, "\f", 1) = 1
11470 15:08:38.643164 <... read resumed> "\f", 1) = 1
11470 15:08:38.643266 socket(PF_INET, SOCK_STREAM, IPPROTO_TCP) = 5
11470 15:08:38.643343 setsockopt(5, SOL_SOCKET, SO_REUSEADDR, [1], 4) = 0
11470 15:08:38.643571 bind(5, {sa_family=AF_INET, sin_port=htons(27765), sin_addr=inet_addr("127.0.0.1")}, 16) = 0
11470 15:08:38.643641 listen(5, 1)      = 0
11470 15:08:38.643697 write(4, "ul\0\0", 4) = 4
11470 15:08:38.643746 read(4,  <unfinished ...>
11472 15:08:38.643777 read(5, "ul\0\0", 4) = 4
11472 15:08:38.643846 write(0, "227 Entering Passive Mode (127,0,0,1,108,117).\r\n", 48) = 48
11472 15:08:38.644528 rt_sigaction(SIGALRM, {0x805cad0, ~[RTMIN RT_1], 0}, NULL, 8) = 0
11472 15:08:38.644614 alarm(300)        = 300
11472 15:08:38.644665 recv(0, "STOR myfile9\r\n", 4096, MSG_PEEK) = 14
11472 15:08:38.644718 read(0, "STOR myfile9\r\n", 14) = 14
11472 15:08:38.644777 write(5, "\v", 1) = 1
11470 15:08:38.644824 <... read resumed> "\v", 1) = 1
11470 15:08:38.644855 write(4, "\1\0\0\0", 4) = 4
11470 15:08:38.644993 read(4,  <unfinished ...>
11472 15:08:38.645030 read(5, "\1\0\0\0", 4) = 4
11472 15:08:38.645082 gettimeofday({1495652918, 645098}, NULL) = 0
11472 15:08:38.645129 getcwd("/home/msfadmin", 4096) = 15
11472 15:08:38.645260 open("myfile9", O_WRONLY|O_CREAT|O_NONBLOCK|O_LARGEFILE, 0666) = 4
11472 15:08:38.645325 fstat64(4, {st_mode=S_IFREG|0644, st_size=17, ...}) = 0
11472 15:08:38.645400 fcntl64(4, F_GETFL) = 0x8801 (flags O_WRONLY|O_NONBLOCK|O_LARGEFILE)
11472 15:08:38.645487 fcntl64(4, F_SETFL, O_WRONLY|O_LARGEFILE) = 0
11472 15:08:38.645534 fcntl64(4, F_SETLKW64, {type=F_WRLCK, whence=SEEK_SET, start=0, len=0}, 0xbfdc6fb4) = 0
11472 15:08:38.645594 ftruncate64(4, 0) = 0
11472 15:08:38.645666 _llseek(4, 0, [0], SEEK_SET) = 0
11472 15:08:38.645722 write(5, "\v", 1) = 1
11470 15:08:38.645894 <... read resumed> "\v", 1) = 1
11470 15:08:38.645934 write(4, "\1\0\0\0", 4) = 4
11470 15:08:38.645983 read(4,  <unfinished ...>
11472 15:08:38.646013 read(5, "\1\0\0\0", 4) = 4
11472 15:08:38.646151 write(5, "\v", 1) = 1
11470 15:08:38.646209 <... read resumed> "\v", 1) = 1
11470 15:08:38.646240 write(4, "\1\0\0\0", 4) = 4
11470 15:08:38.646286 read(4,  <unfinished ...>
11472 15:08:38.646316 read(5, "\1\0\0\0", 4) = 4
11472 15:08:38.646365 write(5, "\r", 1) = 1
11470 15:08:38.646486 <... read resumed> "\r", 1) = 1
11470 15:08:38.646527 select(6, [5], NULL, NULL, {60, 0}) = 1 (in [5], left {60, 0})
11470 15:08:38.646597 accept(5, {sa_family=AF_INET, sin_port=htons(56548), sin_addr=inet_addr("127.0.0.1")}, [16]) = 6
11470 15:08:38.646796 write(4, "\1", 1) = 1
11470 15:08:38.646855 sendmsg(4, {msg_name(0)=NULL, msg_iov(1)=[{"\0", 1}], msg_controllen=16, {cmsg_len=16, cmsg_level=SOL_SOCKET, cmsg_type=SCM_RIGHTS, {6}}, msg_flags=0}, 0) = 1
11470 15:08:38.647019 close(6)          = 0
11470 15:08:38.647070 read(4,  <unfinished ...>
11472 15:08:38.647102 read(5, "\1", 1)  = 1
11472 15:08:38.647161 recvmsg(5, {msg_name(0)=NULL, msg_iov(1)=[{"\0", 1}], msg_controllen=16, {cmsg_len=16, cmsg_level=SOL_SOCKET, cmsg_type=SCM_RIGHTS, {6}}, msg_flags=0}, 0) = 1
11472 15:08:38.647241 setsockopt(6, SOL_SOCKET, SO_KEEPALIVE, [1], 4) = 0
11472 15:08:38.647295 setsockopt(6, SOL_IP, IP_TOS, [8], 4) = 0
11472 15:08:38.647390 setsockopt(6, SOL_SOCKET, SO_LINGER, {onoff=1, linger=32767}, 8) = 0
11472 15:08:38.647456 rt_sigaction(SIGALRM, {0x805cad0, ~[RTMIN RT_1], 0}, NULL, 8) = 0
11472 15:08:38.647619 alarm(300)        = 300
11472 15:08:38.647712 write(0, "150 Ok to send data.\r\n", 22) = 22
11472 15:08:38.648111 read(6, "assasaaa\na\na\na\na\n", 65536) = 17
11472 15:08:38.648233 write(4, "assasaaa\na\na\na\na\n", 17) = 17
11472 15:08:38.648384 read(6, "", 65536) = 0
11472 15:08:38.648450 rt_sigaction(SIGALRM, {0x805cad0, ~[RTMIN RT_1], 0}, NULL, 8) = 0
11472 15:08:38.648526 alarm(300)        = 300
11472 15:08:38.648570 close(6)          = 0
11472 15:08:38.648652 alarm(0)          = 300
11472 15:08:38.648696 gettimeofday({1495652918, 648712}, NULL) = 0
11472 15:08:38.648770 gettimeofday({1495652918, 648787}, NULL) = 0
11472 15:08:38.648826 fcntl64(3, F_SETLKW64, {type=F_WRLCK, whence=SEEK_SET, start=0, len=0}, 0xbfdc6f54) = 0
11472 15:08:38.648893 write(3, "Wed May 24 15:08:38 2017 [pid 11472] [msfadmin] OK UPLOAD: Client \"127.0.0.1\", \"/home/msfadmin/myfile9\", 17 bytes, 4.50Kbyte/sec\n", 129) = 129
11472 15:08:38.649063 fcntl64(3, F_SETLK64, {type=F_UNLCK, whence=SEEK_SET, start=0, len=0}, 0xbfdc6f5c) = 0
11472 15:08:38.649152 write(0, "226 Transfer complete.\r\n", 24) = 24
11472 15:08:38.649414 write(5, "\n", 1) = 1
11470 15:08:38.649474 <... read resumed> "\n", 1) = 1
11470 15:08:38.649506 close(5)          = 0
11470 15:08:38.649652 write(4, "\1", 1) = 1
11470 15:08:38.649724 read(4,  <unfinished ...>
11472 15:08:38.649756 read(5, "\1", 1)  = 1
11472 15:08:38.649806 close(4)          = 0
11472 15:08:38.649936 rt_sigaction(SIGALRM, {0x805cad0, ~[RTMIN RT_1], 0}, NULL, 8) = 0
11472 15:08:38.650021 alarm(300)        = 0
11472 15:08:38.650071 recv(0, "TYPE I\r\n", 4096, MSG_PEEK) = 8
11472 15:08:39.193132 read(0, "TYPE I\r\n", 8) = 8
11472 15:08:39.193269 write(0, "200 Switching to Binary mode.\r\n", 31) = 31
11472 15:08:39.193404 rt_sigaction(SIGALRM, {0x805cad0, ~[RTMIN RT_1], 0}, NULL, 8) = 0
11472 15:08:39.193449 alarm(300)        = 299
11472 15:08:39.193482 recv(0, "PASV\r\n", 4096, MSG_PEEK) = 6
11472 15:08:39.193513 read(0, "PASV\r\n", 6) = 6
11472 15:08:39.193546 write(5, "\n", 1) = 1
11470 15:08:39.193579 <... read resumed> "\n", 1) = 1
11470 15:08:39.193601 write(4, "\1", 1) = 1
11470 15:08:39.193629 read(4,  <unfinished ...>
11472 15:08:39.193648 read(5, "\1", 1)  = 1
11472 15:08:39.193678 write(5, "\f", 1) = 1
11470 15:08:39.193704 <... read resumed> "\f", 1) = 1
11470 15:08:39.193725 socket(PF_INET, SOCK_STREAM, IPPROTO_TCP) = 5
11470 15:08:39.193801 setsockopt(5, SOL_SOCKET, SO_REUSEADDR, [1], 4) = 0
11470 15:08:39.193841 bind(5, {sa_family=AF_INET, sin_port=htons(23526), sin_addr=inet_addr("127.0.0.1")}, 16) = 0
11470 15:08:39.193883 listen(5, 1)      = 0
11470 15:08:39.193917 write(4, "\346[\0\0", 4) = 4
11470 15:08:39.193948 read(4,  <unfinished ...>
11472 15:08:39.193966 read(5, "\346[\0\0", 4) = 4
11472 15:08:39.194009 write(0, "227 Entering Passive Mode (127,0,0,1,91,230).\r\n", 47) = 47
11472 15:08:39.194280 rt_sigaction(SIGALRM, {0x805cad0, ~[RTMIN RT_1], 0}, NULL, 8) = 0
11472 15:08:39.194328 alarm(300)        = 300
11472 15:08:39.194375 recv(0, "STOR myfile10\r\n", 4096, MSG_PEEK) = 15
11472 15:08:39.194408 read(0, "STOR myfile10\r\n", 15) = 15
11472 15:08:39.194445 write(5, "\v", 1) = 1
11470 15:08:39.194474 <... read resumed> "\v", 1) = 1
11470 15:08:39.194493 write(4, "\1\0\0\0", 4) = 4
11470 15:08:39.194522 read(4,  <unfinished ...>
11472 15:08:39.194540 read(5, "\1\0\0\0", 4) = 4
11472 15:08:39.194571 gettimeofday({1495652919, 194581}, NULL) = 0
11472 15:08:39.194600 getcwd("/home/msfadmin", 4096) = 15
11472 15:08:39.194633 open("myfile10", O_WRONLY|O_CREAT|O_NONBLOCK|O_LARGEFILE, 0666) = 4
11472 15:08:39.194670 fstat64(4, {st_mode=S_IFREG|0644, st_size=17, ...}) = 0
11472 15:08:39.194716 fcntl64(4, F_GETFL) = 0x8801 (flags O_WRONLY|O_NONBLOCK|O_LARGEFILE)
11472 15:08:39.194777 fcntl64(4, F_SETFL, O_WRONLY|O_LARGEFILE) = 0
11472 15:08:39.194804 fcntl64(4, F_SETLKW64, {type=F_WRLCK, whence=SEEK_SET, start=0, len=0}, 0xbfdc6fb4) = 0
11472 15:08:39.194842 ftruncate64(4, 0) = 0
11472 15:08:39.194886 _llseek(4, 0, [0], SEEK_SET) = 0
11472 15:08:39.194915 write(5, "\v", 1) = 1
11470 15:08:39.194943 <... read resumed> "\v", 1) = 1
11470 15:08:39.194963 write(4, "\1\0\0\0", 4) = 4
11470 15:08:39.194992 read(4,  <unfinished ...>
11472 15:08:39.195010 read(5, "\1\0\0\0", 4) = 4
11472 15:08:39.195040 write(5, "\v", 1) = 1
11470 15:08:39.195066 <... read resumed> "\v", 1) = 1
11470 15:08:39.195084 write(4, "\1\0\0\0", 4) = 4
11470 15:08:39.195111 read(4,  <unfinished ...>
11472 15:08:39.195129 read(5, "\1\0\0\0", 4) = 4
11472 15:08:39.195159 write(5, "\r", 1) = 1
11470 15:08:39.195185 <... read resumed> "\r", 1) = 1
11470 15:08:39.195205 select(6, [5], NULL, NULL, {60, 0}) = 1 (in [5], left {60, 0})
11470 15:08:39.195247 accept(5, {sa_family=AF_INET, sin_port=htons(44757), sin_addr=inet_addr("127.0.0.1")}, [16]) = 6
11470 15:08:39.195306 write(4, "\1", 1) = 1
11470 15:08:39.195338 sendmsg(4, {msg_name(0)=NULL, msg_iov(1)=[{"\0", 1}], msg_controllen=16, {cmsg_len=16, cmsg_level=SOL_SOCKET, cmsg_type=SCM_RIGHTS, {6}}, msg_flags=0}, 0) = 1
11470 15:08:39.195388 close(6)          = 0
11470 15:08:39.195414 read(4,  <unfinished ...>
11472 15:08:39.195432 read(5, "\1", 1)  = 1
11472 15:08:39.195467 recvmsg(5, {msg_name(0)=NULL, msg_iov(1)=[{"\0", 1}], msg_controllen=16, {cmsg_len=16, cmsg_level=SOL_SOCKET, cmsg_type=SCM_RIGHTS, {6}}, msg_flags=0}, 0) = 1
11472 15:08:39.195514 setsockopt(6, SOL_SOCKET, SO_KEEPALIVE, [1], 4) = 0
11472 15:08:39.195547 setsockopt(6, SOL_IP, IP_TOS, [8], 4) = 0
11472 15:08:39.195583 setsockopt(6, SOL_SOCKET, SO_LINGER, {onoff=1, linger=32767}, 8) = 0
11472 15:08:39.195613 rt_sigaction(SIGALRM, {0x805cad0, ~[RTMIN RT_1], 0}, NULL, 8) = 0
11472 15:08:39.195659 alarm(300)        = 300
11472 15:08:39.195752 write(0, "150 Ok to send data.\r\n", 22) = 22
11472 15:08:39.196154 read(6, "assasaaa\na\na\na\na\n", 65536) = 17
11472 15:08:39.196250 write(4, "assasaaa\na\na\na\na\n", 17) = 17
11472 15:08:39.196317 read(6, "", 65536) = 0
11472 15:08:39.196360 rt_sigaction(SIGALRM, {0x805cad0, ~[RTMIN RT_1], 0}, NULL, 8) = 0
11472 15:08:39.196416 alarm(300)        = 300
11472 15:08:39.196455 close(6)          = 0
11472 15:08:39.196522 alarm(0)          = 300
11472 15:08:39.196561 gettimeofday({1495652919, 196576}, NULL) = 0
11472 15:08:39.196619 gettimeofday({1495652919, 196635}, NULL) = 0
11472 15:08:39.196701 fcntl64(3, F_SETLKW64, {type=F_WRLCK, whence=SEEK_SET, start=0, len=0}, 0xbfdc6f54) = 0
11472 15:08:39.196767 write(3, "Wed May 24 15:08:39 2017 [pid 11472] [msfadmin] OK UPLOAD: Client \"127.0.0.1\", \"/home/msfadmin/myfile10\", 17 bytes, 8.08Kbyte/sec\n", 130) = 130
11472 15:08:39.196851 fcntl64(3, F_SETLK64, {type=F_UNLCK, whence=SEEK_SET, start=0, len=0}, 0xbfdc6f5c) = 0
11472 15:08:39.196911 write(0, "226 Transfer complete.\r\n", 24) = 24
11472 15:08:39.197056 write(5, "\n", 1) = 1
11470 15:08:39.197092 <... read resumed> "\n", 1) = 1
11470 15:08:39.197112 close(5)          = 0
11470 15:08:39.197145 write(4, "\1", 1) = 1
11470 15:08:39.197175 read(4,  <unfinished ...>
11472 15:08:39.197194 read(5, "\1", 1)  = 1
11472 15:08:39.197236 close(4)          = 0
11472 15:08:39.197266 rt_sigaction(SIGALRM, {0x805cad0, ~[RTMIN RT_1], 0}, NULL, 8) = 0
11472 15:08:39.197303 alarm(300)        = 0
11472 15:08:39.197333 recv(0,  <unfinished ...>
11467 15:08:39.597070 <... read resumed> "\n", 1) = 1
11467 15:08:39.597404 stat64(".", {st_mode=S_IFDIR|0755, st_size=4096, ...}) = 0
11467 15:08:39.597646 stat64("/sbin/nohup", 0xbfb03448) = -1 ENOENT (No such file or directory)
11467 15:08:39.597783 stat64("/bin/nohup", 0xbfb03448) = -1 ENOENT (No such file or directory)
11467 15:08:39.597887 stat64("/usr/sbin/nohup", 0xbfb03448) = -1 ENOENT (No such file or directory)
11467 15:08:39.597980 stat64("/usr/bin/nohup", {st_mode=S_IFREG|0755, st_size=26336, ...}) = 0
11467 15:08:39.598072 stat64("/usr/bin/nohup", {st_mode=S_IFREG|0755, st_size=26336, ...}) = 0
11467 15:08:39.598176 rt_sigprocmask(SIG_BLOCK, [INT CHLD], [], 8) = 0
11467 15:08:39.598240 clone(child_stack=0, flags=CLONE_CHILD_CLEARTID|CLONE_CHILD_SETTID|SIGCHLD, child_tidptr=0xb7d946f8) = 11473
11473 15:08:39.598540 rt_sigprocmask(SIG_SETMASK, [], NULL, 8) = 0
11473 15:08:39.598622 rt_sigaction(SIGTSTP, {SIG_DFL}, {SIG_DFL}, 8) = 0
11473 15:08:39.598682 rt_sigaction(SIGTTIN, {SIG_DFL}, {SIG_DFL}, 8) = 0
11473 15:08:39.598734 rt_sigaction(SIGTTOU, {SIG_DFL}, {SIG_DFL}, 8) = 0
11473 15:08:39.598801 rt_sigaction(SIGINT, {SIG_DFL}, {SIG_DFL}, 8) = 0
11473 15:08:39.598872 rt_sigaction(SIGQUIT, {SIG_DFL}, {SIG_IGN}, 8) = 0
11473 15:08:39.598929 rt_sigaction(SIGCHLD, {SIG_DFL}, {0x807e540, [], 0}, 8) = 0
11473 15:08:39.599084 open("/dev/null", O_WRONLY|O_CREAT|O_TRUNC|O_LARGEFILE, 0666) = 7
11473 15:08:39.599282 dup2(7, 1)        = 1
11473 15:08:39.599361 close(7)          = 0
11473 15:08:39.599404 dup2(1, 2)        = 2
11473 15:08:39.599444 fcntl64(1, F_GETFD) = 0
11473 15:08:39.599500 execve("/usr/bin/nohup", ["nohup"], [/* 16 vars */]) = 0
11473 15:08:39.599815 brk(0)            = 0x804f000
11473 15:08:39.599902 access("/etc/ld.so.nohwcap", F_OK) = -1 ENOENT (No such file or directory)
11473 15:08:39.599972 mmap2(NULL, 8192, PROT_READ|PROT_WRITE, MAP_PRIVATE|MAP_ANONYMOUS, -1, 0) = 0xb7fc8000
11473 15:08:39.600034 access("/etc/ld.so.preload", R_OK) = -1 ENOENT (No such file or directory)
11473 15:08:39.600100 open("/etc/ld.so.cache", O_RDONLY) = 7
11473 15:08:39.600154 fstat64(7, {st_mode=S_IFREG|0644, st_size=29913, ...}) = 0
11473 15:08:39.600389 mmap2(NULL, 29913, PROT_READ, MAP_PRIVATE, 7, 0) = 0xb7fc0000
11473 15:08:39.600439 close(7)          = 0
11473 15:08:39.600487 access("/etc/ld.so.nohwcap", F_OK) = -1 ENOENT (No such file or directory)
11473 15:08:39.600555 open("/lib/tls/i686/cmov/libc.so.6", O_RDONLY) = 7
11473 15:08:39.600617 read(7, "\177ELF\1\1\1\0\0\0\0\0\0\0\0\0\3\0\3\0\1\0\0\0\260e\1\0004\0\0\0\4\307\24\0\0\0\0\0004\0 \0\n\0(\0D\0C\0\6\0\0\0004\0\0\0004\0\0\0004\0\0\0@\1\0\0@\1\0\0\5\0\0\0\4\0\0\0\3\0\0\0\2200\23\0\2200\23\0\2200\23\0\23\0\0\0\23\0\0\0\4\0\0\0\1\0\0\0\1\0\0\0\0\0\0\0\0\0\0\0\0\0\0\0(\215\24\0(\215\24\0\5\0\0\0\0\20\0\0\1\0\0\0\354\221\24\0\354\221\24\0\354\221\24\0\260\'\0\0\204T\0\0\6\0\0\0\0\20\0\0\2\0\0\0\234\255\24\0\234\255\24\0\234\255\24\0\360\0\0\0\360\0\0\0\6\0\0\0\4\0\0\0\4\0\0\0t\1\0\0t\1\0\0t\1\0\0 \0\0\0 \0\0\0\4\0\0\0\4\0\0\0\7\0\0\0\354\221\24\0\354\221\24\0\354\221\24\0\10\0\0\0,\0\0\0\4\0\0\0\4\0\0\0P\345td\2440\23\0\2440\23\0\2440\23\0\354+\0\0\354+\0\0\4\0\0\0\4\0\0\0Q\345td\0\0\0\0\0\0\0\0\0\0\0\0\0\0\0\0\0\0\0\0\6\0\0\0\4\0\0\0R\345td\354\221\24\0\354\221\24\0\354\221\24\0\10\36\0\0\10\36\0\0\4\0\0\0\1\0\0\0\4\0\0\0\20\0\0\0\1\0\0\0GNU\0\0\0\0\0\2\0\0\0\6\0\0\0\10\0\0\0\363\3\0\0\n\0\0\0\0\2\0\0\16\0\0\0\2400\20D\200 \2\1\214\3\346\220AE\210\0\204\0\10\0A\200\0@\300\200\0\f\2\f\0\0010\0\10@\"\10\246\4\210H6l\240\0260\0&\204\200\216\4\10B$\2\f\246\244\32\6c\310\0\302 \1\300\0R\0!\201\10\4\n  \250\24\0\24(`\0\0P\240\312DB", 512) = 512
11473 15:08:39.600847 fstat64(7, {st_mode=S_IFREG|0755, st_size=1364388, ...}) = 0
11473 15:08:39.600936 mmap2(NULL, 1369712, PROT_READ|PROT_EXEC, MAP_PRIVATE|MAP_DENYWRITE, 7, 0) = 0xb7e71000
11473 15:08:39.601065 mmap2(0xb7fba000, 12288, PROT_READ|PROT_WRITE, MAP_PRIVATE|MAP_FIXED|MAP_DENYWRITE, 7, 0x149) = 0xb7fba000
11473 15:08:39.601138 mmap2(0xb7fbd000, 9840, PROT_READ|PROT_WRITE, MAP_PRIVATE|MAP_FIXED|MAP_ANONYMOUS, -1, 0) = 0xb7fbd000
11473 15:08:39.601208 close(7)          = 0
11473 15:08:39.601284 mmap2(NULL, 4096, PROT_READ|PROT_WRITE, MAP_PRIVATE|MAP_ANONYMOUS, -1, 0) = 0xb7e70000
11473 15:08:39.601336 set_thread_area({entry_number:-1 -> 6, base_addr:0xb7e706b0, limit:1048575, seg_32bit:1, contents:0, read_exec_only:0, limit_in_pages:1, seg_not_present:0, useable:1}) = 0
11473 15:08:39.601567 mprotect(0xb7fba000, 4096, PROT_READ) = 0
11473 15:08:39.601648 munmap(0xb7fc0000, 29913) = 0
11473 15:08:39.601940 brk(0)            = 0x804f000
11473 15:08:39.601996 brk(0x8070000)    = 0x8070000
11473 15:08:39.602123 write(2, "nohup: ", 7) = 7
11473 15:08:39.602182 write(2, "missing operand", 15) = 15
11473 15:08:39.602230 write(2, "\n", 1) = 1
11473 15:08:39.602284 write(2, "Try `nohup --help\' for more information.\n", 41) = 41
11473 15:08:39.602353 close(1)          = 0
11473 15:08:39.602397 close(2)          = 0
11473 15:08:39.602447 exit_group(127)   = ?
11467 15:08:39.602584 rt_sigprocmask(SIG_SETMASK, [], NULL, 8) = 0
11467 15:08:39.602640 --- SIGCHLD (Child exited) @ 0 (0) ---
11467 15:08:39.602677 waitpid(-1, [{WIFEXITED(s) && WEXITSTATUS(s) == 127}], WNOHANG) = 11473
11467 15:08:39.602736 waitpid(-1, 0xbfb030c8, WNOHANG) = 0
11467 15:08:39.602777 sigreturn()       = ? (mask now [])
11467 15:08:39.602924 rt_sigprocmask(SIG_BLOCK, [CHLD], [], 8) = 0
11467 15:08:39.602991 rt_sigprocmask(SIG_SETMASK, [], NULL, 8) = 0
11467 15:08:39.603046 rt_sigprocmask(SIG_BLOCK, [CHLD], [], 8) = 0
11467 15:08:39.603100 rt_sigaction(SIGINT, {0x807f150, [], 0}, {SIG_DFL}, 8) = 0
11467 15:08:39.603167 rt_sigprocmask(SIG_SETMASK, [], NULL, 8) = 0
11467 15:08:39.603213 rt_sigaction(SIGINT, {SIG_DFL}, {0x807f150, [], 0}, 8) = 0
11467 15:08:39.603281 rt_sigprocmask(SIG_BLOCK, NULL, [], 8) = 0
11467 15:08:39.603340 read(0, "e", 1)   = 1
11467 15:08:39.603396 read(0, "c", 1)   = 1
11467 15:08:39.603440 read(0, "h", 1)   = 1
11467 15:08:39.603483 read(0, "o", 1)   = 1
11467 15:08:39.603525 read(0, " ", 1)   = 1
11467 15:08:39.603568 read(0, "W", 1)   = 1
11467 15:08:39.603610 read(0, "W", 1)   = 1
11467 15:08:39.603653 read(0, "s", 1)   = 1
11467 15:08:39.603697 read(0, "N", 1)   = 1
11467 15:08:39.603740 read(0, "G", 1)   = 1
11467 15:08:39.603833 read(0, "V", 1)   = 1
11467 15:08:39.603907 read(0, "B", 1)   = 1
11467 15:08:39.603950 read(0, "G", 1)   = 1
11467 15:08:39.603993 read(0, "E", 1)   = 1
11467 15:08:39.604036 read(0, "y", 1)   = 1
11467 15:08:39.604080 read(0, "B", 1)   = 1
11467 15:08:39.604122 read(0, "N", 1)   = 1
11467 15:08:39.604164 read(0, "S", 1)   = 1
11467 15:08:39.604206 read(0, "d", 1)   = 1
11467 15:08:39.604248 read(0, "y", 1)   = 1
11467 15:08:39.604290 read(0, "V", 1)   = 1
11467 15:08:39.604332 read(0, "\n", 1)  = 1
11467 15:08:39.604478 write(1, "WWsNGVBGEyBNSdyV\n", 17) = 17
11467 15:08:39.604855 rt_sigprocmask(SIG_BLOCK, NULL, [], 8) = 0
11467 15:08:39.604938 read(0,  <unfinished ...>
11472 15:08:39.701654 <... recv resumed> "TYPE I\r\n", 4096, MSG_PEEK) = 8
11472 15:08:39.701720 read(0, "TYPE I\r\n", 8) = 8
11472 15:08:39.701781 write(0, "200 Switching to Binary mode.\r\n", 31) = 31
11472 15:08:39.701900 rt_sigaction(SIGALRM, {0x805cad0, ~[RTMIN RT_1], 0}, NULL, 8) = 0
11472 15:08:39.701900 alarm(300)        = 299
11472 15:08:39.701901 recv(0, "PASV\r\n", 4096, MSG_PEEK) = 6
11472 15:08:39.701901 read(0, "PASV\r\n", 6) = 6
11472 15:08:39.701901 write(5, "\n", 1 <unfinished ...>
11470 15:08:39.701925 <... read resumed> "\n", 1) = 1
11472 15:08:39.701946 <... write resumed> ) = 1
11470 15:08:39.701970 write(4, "\1", 1) = 1
11470 15:08:39.702008 read(4,  <unfinished ...>
11472 15:08:39.702032 read(5, "\1", 1)  = 1
11472 15:08:39.702072 write(5, "\f", 1 <unfinished ...>
11470 15:08:39.702096 <... read resumed> "\f", 1) = 1
11472 15:08:39.702113 <... write resumed> ) = 1
11470 15:08:39.702138 socket(PF_INET, SOCK_STREAM, IPPROTO_TCP) = 5
11470 15:08:39.702204 setsockopt(5, SOL_SOCKET, SO_REUSEADDR, [1], 4) = 0
11470 15:08:39.702251 bind(5, {sa_family=AF_INET, sin_port=htons(38672), sin_addr=inet_addr("127.0.0.1")}, 16) = 0
11470 15:08:39.702303 listen(5, 1)      = 0
11470 15:08:39.702346 write(4, "\20\227\0\0", 4) = 4
11470 15:08:39.702385 read(4,  <unfinished ...>
11472 15:08:39.702409 read(5, "\20\227\0\0", 4) = 4
11472 15:08:39.702465 write(0, "227 Entering Passive Mode (127,0,0,1,151,16).\r\n", 47) = 47
11472 15:08:39.702776 rt_sigaction(SIGALRM, {0x805cad0, ~[RTMIN RT_1], 0}, NULL, 8) = 0
11472 15:08:39.702833 alarm(300)        = 300
11472 15:08:39.702911 recv(0, "STOR myfile11\r\n", 4096, MSG_PEEK) = 15
11472 15:08:39.702954 read(0, "STOR myfile11\r\n", 15) = 15
11472 15:08:39.703000 write(5, "\v", 1 <unfinished ...>
11470 15:08:39.703027 <... read resumed> "\v", 1) = 1
11472 15:08:39.703045 <... write resumed> ) = 1
11470 15:08:39.703067 write(4, "\1\0\0\0", 4) = 4
11470 15:08:39.703104 read(4,  <unfinished ...>
11472 15:08:39.703128 read(5, "\1\0\0\0", 4) = 4
11472 15:08:39.703168 gettimeofday({1495652919, 703182}, NULL) = 0
11472 15:08:39.703207 getcwd("/home/msfadmin", 4096) = 15
11472 15:08:39.703252 open("myfile11", O_WRONLY|O_CREAT|O_NONBLOCK|O_LARGEFILE, 0666) = 4
11472 15:08:39.703300 fstat64(4, {st_mode=S_IFREG|0644, st_size=17, ...}) = 0
11472 15:08:39.703364 fcntl64(4, F_GETFL) = 0x8801 (flags O_WRONLY|O_NONBLOCK|O_LARGEFILE)
11472 15:08:39.703406 fcntl64(4, F_SETFL, O_WRONLY|O_LARGEFILE) = 0
11472 15:08:39.703443 fcntl64(4, F_SETLKW64, {type=F_WRLCK, whence=SEEK_SET, start=0, len=0}, 0xbfdc6fb4) = 0
11472 15:08:39.703493 ftruncate64(4, 0) = 0
11472 15:08:39.703556 _llseek(4, 0, [0], SEEK_SET) = 0
11472 15:08:39.703601 write(5, "\v", 1 <unfinished ...>
11470 15:08:39.703632 <... read resumed> "\v", 1) = 1
11472 15:08:39.703652 <... write resumed> ) = 1
11470 15:08:39.703674 write(4, "\1\0\0\0", 4) = 4
11470 15:08:39.703714 read(4,  <unfinished ...>
11472 15:08:39.703742 read(5, "\1\0\0\0", 4) = 4
11472 15:08:39.703785 write(5, "\v", 1 <unfinished ...>
11470 15:08:39.703841 <... read resumed> "\v", 1) = 1
11472 15:08:39.703869 <... write resumed> ) = 1
11470 15:08:39.703891 write(4, "\1\0\0\0", 4) = 4
11470 15:08:39.703932 read(4,  <unfinished ...>
11472 15:08:39.703960 read(5, "\1\0\0\0", 4) = 4
11472 15:08:39.704003 write(5, "\r", 1 <unfinished ...>
11470 15:08:39.704031 <... read resumed> "\r", 1) = 1
11472 15:08:39.704050 <... write resumed> ) = 1
11470 15:08:39.704075 select(6, [5], NULL, NULL, {60, 0}) = 1 (in [5], left {60, 0})
11470 15:08:39.704134 accept(5, {sa_family=AF_INET, sin_port=htons(36590), sin_addr=inet_addr("127.0.0.1")}, [16]) = 6
11470 15:08:39.704216 write(4, "\1", 1) = 1
11470 15:08:39.704265 sendmsg(4, {msg_name(0)=NULL, msg_iov(1)=[{"\0", 1}], msg_controllen=16, {cmsg_len=16, cmsg_level=SOL_SOCKET, cmsg_type=SCM_RIGHTS, {6}}, msg_flags=0}, 0) = 1
11470 15:08:39.704329 close(6)          = 0
11470 15:08:39.704368 read(4,  <unfinished ...>
11472 15:08:39.704395 read(5, "\1", 1)  = 1
11472 15:08:39.704450 recvmsg(5, {msg_name(0)=NULL, msg_iov(1)=[{"\0", 1}], msg_controllen=16, {cmsg_len=16, cmsg_level=SOL_SOCKET, cmsg_type=SCM_RIGHTS, {6}}, msg_flags=0}, 0) = 1
11472 15:08:39.704521 setsockopt(6, SOL_SOCKET, SO_KEEPALIVE, [1], 4) = 0
11472 15:08:39.704570 setsockopt(6, SOL_IP, IP_TOS, [8], 4) = 0
11472 15:08:39.704614 setsockopt(6, SOL_SOCKET, SO_LINGER, {onoff=1, linger=32767}, 8) = 0
11472 15:08:39.704656 rt_sigaction(SIGALRM, {0x805cad0, ~[RTMIN RT_1], 0}, NULL, 8) = 0
11472 15:08:39.704709 alarm(300)        = 300
11472 15:08:39.704756 write(0, "150 Ok to send data.\r\n", 22) = 22
11472 15:08:39.705039 read(6, "assasaaa\na\na\na\na\n", 65536) = 17
11472 15:08:39.705095 write(4, "assasaaa\na\na\na\na\n", 17) = 17
11472 15:08:39.705160 read(6, "", 65536) = 0
11472 15:08:39.705201 rt_sigaction(SIGALRM, {0x805cad0, ~[RTMIN RT_1], 0}, NULL, 8) = 0
11472 15:08:39.705254 alarm(300)        = 300
11472 15:08:39.705291 close(6)          = 0
11472 15:08:39.705359 alarm(0)          = 300
11472 15:08:39.705413 gettimeofday({1495652919, 705429}, NULL) = 0
11472 15:08:39.705470 gettimeofday({1495652919, 705486}, NULL) = 0
11472 15:08:39.705509 fcntl64(3, F_SETLKW64, {type=F_WRLCK, whence=SEEK_SET, start=0, len=0}, 0xbfdc6f54) = 0
11472 15:08:39.705545 write(3, "Wed May 24 15:08:39 2017 [pid 11472] [msfadmin] OK UPLOAD: Client \"127.0.0.1\", \"/home/msfadmin/myfile11\", 17 bytes, 7.21Kbyte/sec\n", 130) = 130
11472 15:08:39.705594 fcntl64(3, F_SETLK64, {type=F_UNLCK, whence=SEEK_SET, start=0, len=0}, 0xbfdc6f5c) = 0
11472 15:08:39.705629 write(0, "226 Transfer complete.\r\n", 24) = 24
11472 15:08:39.705762 write(5, "\n", 1 <unfinished ...>
11470 15:08:39.705792 <... read resumed> "\n", 1) = 1
11472 15:08:39.705803 <... write resumed> ) = 1
11470 15:08:39.705818 close(5)          = 0
11470 15:08:39.705848 write(4, "\1", 1) = 1
11470 15:08:39.705874 read(4,  <unfinished ...>
11472 15:08:39.705891 read(5, "\1", 1)  = 1
11472 15:08:39.705916 close(4)          = 0
11472 15:08:39.705941 rt_sigaction(SIGALRM, {0x805cad0, ~[RTMIN RT_1], 0}, NULL, 8) = 0
11472 15:08:39.705973 alarm(300)        = 0
11472 15:08:39.706000 recv(0,  <unfinished ...>
11467 15:08:39.738067 <... read resumed> "", 1) = 0
11467 15:08:39.738181 exit_group(0)     = ?
11468 15:08:39.738297 <... read resumed> "", 1) = 0
11468 15:08:39.738324 fcntl64(0, F_GETFL) = 0x2 (flags O_RDWR)
11468 15:08:39.738347 fcntl64(0, F_SETFL, O_RDWR|O_NONBLOCK) = 0
11468 15:08:39.738366 write(0, "500 OOPS: ", 10) = 10
11468 15:08:39.738467 write(0, "priv_sock_get_result", 20) = 20
11468 15:08:39.738595 write(0, "\r\n", 2) = -1 EPIPE (Broken pipe)
11468 15:08:39.738637 --- SIGPIPE (Broken pipe) @ 0 (0) ---
11468 15:08:39.738697 sigreturn()       = ? (mask now [])
11468 15:08:39.738740 exit_group(1)     = ?
4439  15:08:39.739017 <... select resumed> ) = ? ERESTARTNOHAND (To be restarted)
