8392  14:36:58.986377 fcntl64(3, F_SETLK64, {type=F_UNLCK, whence=SEEK_SET, start=0, len=0}, 0xbf8ffa9c) = 0
8392  14:36:58.986499 write(0, "226 Transfer complete.\r\n", 24) = 24
8392  14:36:58.986689 write(5, "\n", 1 <unfinished ...>
8390  14:36:58.986733 <... read resumed> "\n", 1) = 1
8392  14:36:58.986756 <... write resumed> ) = 1
8390  14:36:58.986800 close(5)          = 0
8390  14:36:58.986853 write(4, "\1", 1) = 1
8390  14:36:58.986902 read(4,  <unfinished ...>
8392  14:36:58.986934 read(5, "\1", 1)  = 1
8392  14:36:58.986983 close(4)          = 0
8392  14:36:58.987030 rt_sigaction(SIGALRM, {0x805cad0, ~[RTMIN RT_1], 0}, NULL, 8) = 0
8392  14:36:58.987089 alarm(300)        = 0
8392  14:36:58.987139 recv(0, "TYPE I\r\n", 4096, MSG_PEEK) = 8
8392  14:36:59.531005 read(0, "TYPE I\r\n", 8) = 8
8392  14:36:59.531104 write(0, "200 Switching to Binary mode.\r\n", 31) = 31
8392  14:36:59.531289 rt_sigaction(SIGALRM, {0x805cad0, ~[RTMIN RT_1], 0}, NULL, 8) = 0
8392  14:36:59.531361 alarm(300)        = 299
8392  14:36:59.531497 recv(0, "PASV\r\n", 4096, MSG_PEEK) = 6
8392  14:36:59.531555 read(0, "PASV\r\n", 6) = 6
8392  14:36:59.531609 write(5, "\n", 1 <unfinished ...>
8390  14:36:59.531651 <... read resumed> "\n", 1) = 1
8392  14:36:59.531674 <... write resumed> ) = 1
8390  14:36:59.531705 write(4, "\1", 1) = 1
8390  14:36:59.531752 read(4,  <unfinished ...>
8392  14:36:59.531784 read(5, "\1", 1)  = 1
8392  14:36:59.531834 write(5, "\f", 1 <unfinished ...>
8390  14:36:59.531866 <... read resumed> "\f", 1) = 1
8392  14:36:59.531887 <... write resumed> ) = 1
8390  14:36:59.531918 socket(PF_INET, SOCK_STREAM, IPPROTO_TCP) = 5
8390  14:36:59.531979 setsockopt(5, SOL_SOCKET, SO_REUSEADDR, [1], 4) = 0
8390  14:36:59.532038 bind(5, {sa_family=AF_INET, sin_port=htons(35431), sin_addr=inet_addr("127.0.0.1")}, 16) = 0
8390  14:36:59.532104 listen(5, 1)      = 0
8390  14:36:59.532161 write(4, "g\212\0\0", 4) = 4
8390  14:36:59.532209 read(4,  <unfinished ...>
8392  14:36:59.532239 read(5, "g\212\0\0", 4) = 4
8392  14:36:59.532308 write(0, "227 Entering Passive Mode (127,0,0,1,138,103).\r\n", 48) = 48
8392  14:36:59.532785 rt_sigaction(SIGALRM, {0x805cad0, ~[RTMIN RT_1], 0}, NULL, 8) = 0
8392  14:36:59.532861 alarm(300)        = 300
8392  14:36:59.532912 recv(0, "STOR myfile26\r\n", 4096, MSG_PEEK) = 15
8392  14:36:59.532966 read(0, "STOR myfile26\r\n", 15) = 15
8392  14:36:59.533025 write(5, "\v", 1 <unfinished ...>
8390  14:36:59.533062 <... read resumed> "\v", 1) = 1
8392  14:36:59.533084 <... write resumed> ) = 1
8390  14:36:59.533112 write(4, "\1\0\0\0", 4) = 4
8390  14:36:59.533160 read(4,  <unfinished ...>
8392  14:36:59.533190 read(5, "\1\0\0\0", 4) = 4
8392  14:36:59.533241 gettimeofday({1495651019, 533258}, NULL) = 0
8392  14:36:59.533288 getcwd("/home/msfadmin", 4096) = 15
8392  14:36:59.533408 open("myfile26", O_WRONLY|O_CREAT|O_NONBLOCK|O_LARGEFILE, 0666) = 4
8392  14:36:59.533472 fstat64(4, {st_mode=S_IFREG|0644, st_size=17, ...}) = 0
8392  14:36:59.533548 fcntl64(4, F_GETFL) = 0x8801 (flags O_WRONLY|O_NONBLOCK|O_LARGEFILE)
8392  14:36:59.533596 fcntl64(4, F_SETFL, O_WRONLY|O_LARGEFILE) = 0
8392  14:36:59.533640 fcntl64(4, F_SETLKW64, {type=F_WRLCK, whence=SEEK_SET, start=0, len=0}, 0xbf8ffaf4) = 0
8392  14:36:59.533700 ftruncate64(4, 0) = 0
8392  14:36:59.533774 _llseek(4, 0, [0], SEEK_SET) = 0
8392  14:36:59.533821 write(5, "\v", 1 <unfinished ...>
8390  14:36:59.533858 <... read resumed> "\v", 1) = 1
8392  14:36:59.533880 <... write resumed> ) = 1
8390  14:36:59.533908 write(4, "\1\0\0\0", 4) = 4
8390  14:36:59.533956 read(4,  <unfinished ...>
8392  14:36:59.533986 read(5, "\1\0\0\0", 4) = 4
8392  14:36:59.534036 write(5, "\v", 1 <unfinished ...>
8390  14:36:59.534067 <... read resumed> "\v", 1) = 1
8392  14:36:59.534088 <... write resumed> ) = 1
8390  14:36:59.534115 write(4, "\1\0\0\0", 4) = 4
8390  14:36:59.534161 read(4,  <unfinished ...>
8392  14:36:59.534191 read(5, "\1\0\0\0", 4) = 4
8392  14:36:59.534240 write(5, "\r", 1 <unfinished ...>
8390  14:36:59.534271 <... read resumed> "\r", 1) = 1
8392  14:36:59.534480 <... write resumed> ) = 1
8390  14:36:59.534514 select(6, [5], NULL, NULL, {60, 0}) = 1 (in [5], left {60, 0})
8390  14:36:59.534584 accept(5, {sa_family=AF_INET, sin_port=htons(54813), sin_addr=inet_addr("127.0.0.1")}, [16]) = 6
8390  14:36:59.534680 write(4, "\1", 1) = 1
8390  14:36:59.534734 sendmsg(4, {msg_name(0)=NULL, msg_iov(1)=[{"\0", 1}], msg_controllen=16, {cmsg_len=16, cmsg_level=SOL_SOCKET, cmsg_type=SCM_RIGHTS, {6}}, msg_flags=0}, 0) = 1
8390  14:36:59.534830 close(6)          = 0
8390  14:36:59.534874 read(4,  <unfinished ...>
8392  14:36:59.534905 read(5, "\1", 1)  = 1
8392  14:36:59.534962 recvmsg(5, {msg_name(0)=NULL, msg_iov(1)=[{"\0", 1}], msg_controllen=16, {cmsg_len=16, cmsg_level=SOL_SOCKET, cmsg_type=SCM_RIGHTS, {6}}, msg_flags=0}, 0) = 1
8392  14:36:59.535042 setsockopt(6, SOL_SOCKET, SO_KEEPALIVE, [1], 4) = 0
8392  14:36:59.535096 setsockopt(6, SOL_IP, IP_TOS, [8], 4) = 0
8392  14:36:59.535148 setsockopt(6, SOL_SOCKET, SO_LINGER, {onoff=1, linger=32767}, 8) = 0
8392  14:36:59.535197 rt_sigaction(SIGALRM, {0x805cad0, ~[RTMIN RT_1], 0}, NULL, 8) = 0
8392  14:36:59.535255 alarm(300)        = 300
8392  14:36:59.535311 write(0, "150 Ok to send data.\r\n", 22) = 22
8392  14:36:59.535736 read(6, "assasaaa\na\na\na\na\n", 65536) = 17
8392  14:36:59.535843 write(4, "assasaaa\na\na\na\na\n", 17) = 17
8392  14:36:59.535951 read(6, "", 65536) = 0
8392  14:36:59.536004 rt_sigaction(SIGALRM, {0x805cad0, ~[RTMIN RT_1], 0}, NULL, 8) = 0
8392  14:36:59.536066 alarm(300)        = 300
8392  14:36:59.536111 close(6)          = 0
8392  14:36:59.536191 alarm(0)          = 300
8392  14:36:59.536236 gettimeofday({1495651019, 536252}, NULL) = 0
8392  14:36:59.536300 gettimeofday({1495651019, 536319}, NULL) = 0
8392  14:36:59.536543 fcntl64(3, F_SETLKW64, {type=F_WRLCK, whence=SEEK_SET, start=0, len=0}, 0xbf8ffa94) = 0
8392  14:36:59.536620 write(3, "Wed May 24 14:36:59 2017 [pid 8392] [msfadmin] OK UPLOAD: Client \"127.0.0.1\", \"/home/msfadmin/myfile26\", 17 bytes, 5.42Kbyte/sec\n", 129) = 129
8392  14:36:59.536709 fcntl64(3, F_SETLK64, {type=F_UNLCK, whence=SEEK_SET, start=0, len=0}, 0xbf8ffa9c) = 0
8392  14:36:59.536773 write(0, "226 Transfer complete.\r\n", 24) = 24
8392  14:36:59.536959 write(5, "\n", 1 <unfinished ...>
8390  14:36:59.537003 <... read resumed> "\n", 1) = 1
8392  14:36:59.537026 <... write resumed> ) = 1
8390  14:36:59.537054 close(5)          = 0
8390  14:36:59.537106 write(4, "\1", 1) = 1
8390  14:36:59.537165 read(4,  <unfinished ...>
8392  14:36:59.537197 read(5, "\1", 1)  = 1
8392  14:36:59.537247 close(4)          = 0
8392  14:36:59.537295 rt_sigaction(SIGALRM, {0x805cad0, ~[RTMIN RT_1], 0}, NULL, 8) = 0
8392  14:36:59.537415 alarm(300)        = 0
8392  14:36:59.537476 recv(0, "TYPE I\r\n", 4096, MSG_PEEK) = 8
8392  14:37:00.040884 read(0, "TYPE I\r\n", 8) = 8
8392  14:37:00.040985 write(0, "200 Switching to Binary mode.\r\n", 31) = 31
8392  14:37:00.041169 rt_sigaction(SIGALRM, {0x805cad0, ~[RTMIN RT_1], 0}, NULL, 8) = 0
8392  14:37:00.041242 alarm(300)        = 299
8392  14:37:00.041296 recv(0, "PASV\r\n", 4096, MSG_PEEK) = 6
8392  14:37:00.041397 read(0, "PASV\r\n", 6) = 6
8392  14:37:00.041466 write(5, "\n", 1 <unfinished ...>
8390  14:37:00.041508 <... read resumed> "\n", 1) = 1
8392  14:37:00.041532 <... write resumed> ) = 1
8390  14:37:00.041562 write(4, "\1", 1) = 1
8390  14:37:00.041611 read(4,  <unfinished ...>
8392  14:37:00.041642 read(5, "\1", 1)  = 1
8392  14:37:00.041693 write(5, "\f", 1) = 1
8390  14:37:00.041737 <... read resumed> "\f", 1) = 1
8390  14:37:00.041772 socket(PF_INET, SOCK_STREAM, IPPROTO_TCP) = 5
8390  14:37:00.041833 setsockopt(5, SOL_SOCKET, SO_REUSEADDR, [1], 4) = 0
8390  14:37:00.041892 bind(5, {sa_family=AF_INET, sin_port=htons(64895), sin_addr=inet_addr("127.0.0.1")}, 16) = 0
8390  14:37:00.041957 listen(5, 1)      = 0
8390  14:37:00.042015 write(4, "\177\375\0\0", 4) = 4
8390  14:37:00.042064 read(4,  <unfinished ...>
8392  14:37:00.042095 read(5, "\177\375\0\0", 4) = 4
8392  14:37:00.042164 write(0, "227 Entering Passive Mode (127,0,0,1,253,127).\r\n", 48) = 48
8392  14:37:00.042669 rt_sigaction(SIGALRM, {0x805cad0, ~[RTMIN RT_1], 0}, NULL, 8) = 0
8392  14:37:00.042750 alarm(300)        = 300
8392  14:37:00.042803 recv(0, "STOR myfile27\r\n", 4096, MSG_PEEK) = 15
8392  14:37:00.042857 read(0, "STOR myfile27\r\n", 15) = 15
8392  14:37:00.042917 write(5, "\v", 1 <unfinished ...>
8390  14:37:00.042978 <... read resumed> "\v", 1) = 1
8392  14:37:00.043002 <... write resumed> ) = 1
8390  14:37:00.043031 write(4, "\1\0\0\0", 4) = 4
8390  14:37:00.043079 read(4,  <unfinished ...>
8392  14:37:00.043109 read(5, "\1\0\0\0", 4) = 4
8392  14:37:00.043160 gettimeofday({1495651020, 43178}, NULL) = 0
8392  14:37:00.043209 getcwd("/home/msfadmin", 4096) = 15
8392  14:37:00.043263 open("myfile27", O_WRONLY|O_CREAT|O_NONBLOCK|O_LARGEFILE, 0666) = 4
8392  14:37:00.043379 fstat64(4, {st_mode=S_IFREG|0644, st_size=17, ...}) = 0
8392  14:37:00.043457 fcntl64(4, F_GETFL) = 0x8801 (flags O_WRONLY|O_NONBLOCK|O_LARGEFILE)
8392  14:37:00.043506 fcntl64(4, F_SETFL, O_WRONLY|O_LARGEFILE) = 0
8392  14:37:00.043549 fcntl64(4, F_SETLKW64, {type=F_WRLCK, whence=SEEK_SET, start=0, len=0}, 0xbf8ffaf4) = 0
8392  14:37:00.043609 ftruncate64(4, 0) = 0
8392  14:37:00.043679 _llseek(4, 0, [0], SEEK_SET) = 0
8392  14:37:00.043728 write(5, "\v", 1 <unfinished ...>
8390  14:37:00.043764 <... read resumed> "\v", 1) = 1
8392  14:37:00.043786 <... write resumed> ) = 1
8390  14:37:00.043814 write(4, "\1\0\0\0", 4) = 4
8390  14:37:00.043861 read(4,  <unfinished ...>
8392  14:37:00.043892 read(5, "\1\0\0\0", 4) = 4
8392  14:37:00.043942 write(5, "\v", 1) = 1
8390  14:37:00.043986 <... read resumed> "\v", 1) = 1
8390  14:37:00.044016 write(4, "\1\0\0\0", 4) = 4
8390  14:37:00.044062 read(4,  <unfinished ...>
8392  14:37:00.044092 read(5, "\1\0\0\0", 4) = 4
8392  14:37:00.044142 write(5, "\r", 1) = 1
8390  14:37:00.044184 <... read resumed> "\r", 1) = 1
8390  14:37:00.044219 select(6, [5], NULL, NULL, {60, 0}) = 1 (in [5], left {60, 0})
8390  14:37:00.044355 accept(5, {sa_family=AF_INET, sin_port=htons(42654), sin_addr=inet_addr("127.0.0.1")}, [16]) = 6
8390  14:37:00.044503 write(4, "\1", 1) = 1
8390  14:37:00.044587 sendmsg(4, {msg_name(0)=NULL, msg_iov(1)=[{"\0", 1}], msg_controllen=16, {cmsg_len=16, cmsg_level=SOL_SOCKET, cmsg_type=SCM_RIGHTS, {6}}, msg_flags=0}, 0) = 1
8390  14:37:00.044695 close(6)          = 0
8390  14:37:00.044758 read(4,  <unfinished ...>
8392  14:37:00.044806 read(5, "\1", 1)  = 1
8392  14:37:00.044890 recvmsg(5, {msg_name(0)=NULL, msg_iov(1)=[{"\0", 1}], msg_controllen=16, {cmsg_len=16, cmsg_level=SOL_SOCKET, cmsg_type=SCM_RIGHTS, {6}}, msg_flags=0}, 0) = 1
8392  14:37:00.045010 setsockopt(6, SOL_SOCKET, SO_KEEPALIVE, [1], 4) = 0
8392  14:37:00.045091 setsockopt(6, SOL_IP, IP_TOS, [8], 4) = 0
8392  14:37:00.045168 setsockopt(6, SOL_SOCKET, SO_LINGER, {onoff=1, linger=32767}, 8) = 0
8392  14:37:00.045301 rt_sigaction(SIGALRM, {0x805cad0, ~[RTMIN RT_1], 0}, NULL, 8) = 0
8392  14:37:00.045396 alarm(300)        = 300
8392  14:37:00.045479 write(0, "150 Ok to send data.\r\n", 22) = 22
8392  14:37:00.045875 read(6, "assasaaa\na\na\na\na\n", 65536) = 17
8392  14:37:00.045969 write(4, "assasaaa\na\na\na\na\n", 17) = 17
8392  14:37:00.046080 read(6, "", 65536) = 0
8392  14:37:00.046143 rt_sigaction(SIGALRM, {0x805cad0, ~[RTMIN RT_1], 0}, NULL, 8) = 0
8392  14:37:00.046375 alarm(300)        = 300
8392  14:37:00.046427 close(6)          = 0
8392  14:37:00.046512 alarm(0)          = 300
8392  14:37:00.046558 gettimeofday({1495651020, 46574}, NULL) = 0
8392  14:37:00.046626 gettimeofday({1495651020, 46646}, NULL) = 0
8392  14:37:00.046687 fcntl64(3, F_SETLKW64, {type=F_WRLCK, whence=SEEK_SET, start=0, len=0}, 0xbf8ffa94) = 0
8392  14:37:00.046756 write(3, "Wed May 24 14:37:00 2017 [pid 8392] [msfadmin] OK UPLOAD: Client \"127.0.0.1\", \"/home/msfadmin/myfile27\", 17 bytes, 4.79Kbyte/sec\n", 129) = 129
8392  14:37:00.046846 fcntl64(3, F_SETLK64, {type=F_UNLCK, whence=SEEK_SET, start=0, len=0}, 0xbf8ffa9c) = 0
8392  14:37:00.046910 write(0, "226 Transfer complete.\r\n", 24) = 24
8392  14:37:00.047097 write(5, "\n", 1 <unfinished ...>
8390  14:37:00.047180 <... read resumed> "\n", 1) = 1
8392  14:37:00.047216 <... write resumed> ) = 1
8390  14:37:00.047246 close(5)          = 0
8390  14:37:00.047301 write(4, "\1", 1) = 1
8390  14:37:00.047351 read(4,  <unfinished ...>
8392  14:37:00.047384 read(5, "\1", 1)  = 1
8392  14:37:00.047454 close(4)          = 0
8392  14:37:00.047504 rt_sigaction(SIGALRM, {0x805cad0, ~[RTMIN RT_1], 0}, NULL, 8) = 0
8392  14:37:00.047564 alarm(300)        = 0
8392  14:37:00.047615 recv(0,  <unfinished ...>
8393  14:37:00.463124 <... read resumed> "\n", 1) = 1
8393  14:37:00.463300 stat64(".", {st_mode=S_IFDIR|0755, st_size=4096, ...}) = 0
8393  14:37:00.463400 stat64("/sbin/nohup", 0xbfd7a6b8) = -1 ENOENT (No such file or directory)
8393  14:37:00.463460 stat64("/bin/nohup", 0xbfd7a6b8) = -1 ENOENT (No such file or directory)
8393  14:37:00.463513 stat64("/usr/sbin/nohup", 0xbfd7a6b8) = -1 ENOENT (No such file or directory)
8393  14:37:00.463566 stat64("/usr/bin/nohup", {st_mode=S_IFREG|0755, st_size=26336, ...}) = 0
8393  14:37:00.463644 stat64("/usr/bin/nohup", {st_mode=S_IFREG|0755, st_size=26336, ...}) = 0
8393  14:37:00.463748 rt_sigprocmask(SIG_BLOCK, [INT CHLD], [], 8) = 0
8393  14:37:00.463812 clone(child_stack=0, flags=CLONE_CHILD_CLEARTID|CLONE_CHILD_SETTID|SIGCHLD, child_tidptr=0xb7de46f8) = 8396
8396  14:37:00.464088 rt_sigprocmask(SIG_SETMASK, [], NULL, 8) = 0
8396  14:37:00.464173 rt_sigaction(SIGTSTP, {SIG_DFL}, {SIG_DFL}, 8) = 0
8396  14:37:00.464233 rt_sigaction(SIGTTIN, {SIG_DFL}, {SIG_DFL}, 8) = 0
8396  14:37:00.464286 rt_sigaction(SIGTTOU, {SIG_DFL}, {SIG_DFL}, 8) = 0
8396  14:37:00.464354 rt_sigaction(SIGINT, {SIG_DFL}, {SIG_DFL}, 8) = 0
8396  14:37:00.464427 rt_sigaction(SIGQUIT, {SIG_DFL}, {SIG_IGN}, 8) = 0
8396  14:37:00.464484 rt_sigaction(SIGCHLD, {SIG_DFL}, {0x807e540, [], 0}, 8) = 0
8396  14:37:00.464631 open("/dev/null", O_WRONLY|O_CREAT|O_TRUNC|O_LARGEFILE, 0666) = 7
8396  14:37:00.464774 dup2(7, 1)        = 1
8396  14:37:00.464836 close(7)          = 0
8396  14:37:00.464879 dup2(1, 2)        = 2
8396  14:37:00.464921 fcntl64(1, F_GETFD) = 0
8396  14:37:00.465030 execve("/usr/bin/nohup", ["nohup"], [/* 16 vars */]) = 0
8396  14:37:00.465344 brk(0)            = 0x804f000
8396  14:37:00.465428 access("/etc/ld.so.nohwcap", F_OK) = -1 ENOENT (No such file or directory)
8396  14:37:00.465498 mmap2(NULL, 8192, PROT_READ|PROT_WRITE, MAP_PRIVATE|MAP_ANONYMOUS, -1, 0) = 0xb7f70000
8396  14:37:00.465559 access("/etc/ld.so.preload", R_OK) = -1 ENOENT (No such file or directory)
8396  14:37:00.465628 open("/etc/ld.so.cache", O_RDONLY) = 7
8396  14:37:00.465683 fstat64(7, {st_mode=S_IFREG|0644, st_size=29913, ...}) = 0
8396  14:37:00.465758 mmap2(NULL, 29913, PROT_READ, MAP_PRIVATE, 7, 0) = 0xb7f68000
8396  14:37:00.465804 close(7)          = 0
8396  14:37:00.465851 access("/etc/ld.so.nohwcap", F_OK) = -1 ENOENT (No such file or directory)
8396  14:37:00.465963 open("/lib/tls/i686/cmov/libc.so.6", O_RDONLY) = 7
8396  14:37:00.466035 read(7, "\177ELF\1\1\1\0\0\0\0\0\0\0\0\0\3\0\3\0\1\0\0\0\260e\1\0004\0\0\0\4\307\24\0\0\0\0\0004\0 \0\n\0(\0D\0C\0\6\0\0\0004\0\0\0004\0\0\0004\0\0\0@\1\0\0@\1\0\0\5\0\0\0\4\0\0\0\3\0\0\0\2200\23\0\2200\23\0\2200\23\0\23\0\0\0\23\0\0\0\4\0\0\0\1\0\0\0\1\0\0\0\0\0\0\0\0\0\0\0\0\0\0\0(\215\24\0(\215\24\0\5\0\0\0\0\20\0\0\1\0\0\0\354\221\24\0\354\221\24\0\354\221\24\0\260\'\0\0\204T\0\0\6\0\0\0\0\20\0\0\2\0\0\0\234\255\24\0\234\255\24\0\234\255\24\0\360\0\0\0\360\0\0\0\6\0\0\0\4\0\0\0\4\0\0\0t\1\0\0t\1\0\0t\1\0\0 \0\0\0 \0\0\0\4\0\0\0\4\0\0\0\7\0\0\0\354\221\24\0\354\221\24\0\354\221\24\0\10\0\0\0,\0\0\0\4\0\0\0\4\0\0\0P\345td\2440\23\0\2440\23\0\2440\23\0\354+\0\0\354+\0\0\4\0\0\0\4\0\0\0Q\345td\0\0\0\0\0\0\0\0\0\0\0\0\0\0\0\0\0\0\0\0\6\0\0\0\4\0\0\0R\345td\354\221\24\0\354\221\24\0\354\221\24\0\10\36\0\0\10\36\0\0\4\0\0\0\1\0\0\0\4\0\0\0\20\0\0\0\1\0\0\0GNU\0\0\0\0\0\2\0\0\0\6\0\0\0\10\0\0\0\363\3\0\0\n\0\0\0\0\2\0\0\16\0\0\0\2400\20D\200 \2\1\214\3\346\220AE\210\0\204\0\10\0A\200\0@\300\200\0\f\2\f\0\0010\0\10@\"\10\246\4\210H6l\240\0260\0&\204\200\216\4\10B$\2\f\246\244\32\6c\310\0\302 \1\300\0R\0!\201\10\4\n  \250\24\0\24(`\0\0P\240\312DB", 512) = 512
8396  14:37:00.466427 fstat64(7, {st_mode=S_IFREG|0755, st_size=1364388, ...}) = 0
8396  14:37:00.466507 mmap2(NULL, 1369712, PROT_READ|PROT_EXEC, MAP_PRIVATE|MAP_DENYWRITE, 7, 0) = 0xb7e19000
8396  14:37:00.466584 mmap2(0xb7f62000, 12288, PROT_READ|PROT_WRITE, MAP_PRIVATE|MAP_FIXED|MAP_DENYWRITE, 7, 0x149) = 0xb7f62000
8396  14:37:00.466656 mmap2(0xb7f65000, 9840, PROT_READ|PROT_WRITE, MAP_PRIVATE|MAP_FIXED|MAP_ANONYMOUS, -1, 0) = 0xb7f65000
8396  14:37:00.466722 close(7)          = 0
8396  14:37:00.466796 mmap2(NULL, 4096, PROT_READ|PROT_WRITE, MAP_PRIVATE|MAP_ANONYMOUS, -1, 0) = 0xb7e18000
8396  14:37:00.466847 set_thread_area({entry_number:-1 -> 6, base_addr:0xb7e186b0, limit:1048575, seg_32bit:1, contents:0, read_exec_only:0, limit_in_pages:1, seg_not_present:0, useable:1}) = 0
8396  14:37:00.467101 mprotect(0xb7f62000, 4096, PROT_READ) = 0
8396  14:37:00.467172 munmap(0xb7f68000, 29913) = 0
8396  14:37:00.467409 brk(0)            = 0x804f000
8396  14:37:00.467455 brk(0x8070000)    = 0x8070000
8396  14:37:00.467574 write(2, "nohup: ", 7) = 7
8396  14:37:00.467631 write(2, "missing operand", 15) = 15
8396  14:37:00.467681 write(2, "\n", 1) = 1
8396  14:37:00.467734 write(2, "Try `nohup --help\' for more information.\n", 41) = 41
8396  14:37:00.467802 close(1)          = 0
8396  14:37:00.467896 close(2)          = 0
8396  14:37:00.467954 exit_group(127)   = ?
8393  14:37:00.468088 rt_sigprocmask(SIG_SETMASK, [], NULL, 8) = 0
8393  14:37:00.468177 --- SIGCHLD (Child exited) @ 0 (0) ---
8393  14:37:00.468233 waitpid(-1, [{WIFEXITED(s) && WEXITSTATUS(s) == 127}], WNOHANG) = 8396
8393  14:37:00.468323 waitpid(-1, 0xbfd7a338, WNOHANG) = 0
8393  14:37:00.468367 sigreturn()       = ? (mask now [])
8393  14:37:00.468462 rt_sigprocmask(SIG_BLOCK, [CHLD], [], 8) = 0
8393  14:37:00.468529 rt_sigprocmask(SIG_SETMASK, [], NULL, 8) = 0
8393  14:37:00.468577 rt_sigprocmask(SIG_BLOCK, [CHLD], [], 8) = 0
8393  14:37:00.468632 rt_sigaction(SIGINT, {0x807f150, [], 0}, {SIG_DFL}, 8) = 0
8393  14:37:00.468701 rt_sigprocmask(SIG_SETMASK, [], NULL, 8) = 0
8393  14:37:00.468749 rt_sigaction(SIGINT, {SIG_DFL}, {0x807f150, [], 0}, 8) = 0
8393  14:37:00.468888 rt_sigprocmask(SIG_BLOCK, NULL, [], 8) = 0
8393  14:37:00.468988 read(0, "e", 1)   = 1
8393  14:37:00.469069 read(0, "c", 1)   = 1
8393  14:37:00.469138 read(0, "h", 1)   = 1
8393  14:37:00.469206 read(0, "o", 1)   = 1
8393  14:37:00.469278 read(0, " ", 1)   = 1
8393  14:37:00.469347 read(0, "h", 1)   = 1
8393  14:37:00.469605 read(0, "1", 1)   = 1
8393  14:37:00.469697 read(0, "r", 1)   = 1
8393  14:37:00.469758 read(0, "Y", 1)   = 1
8393  14:37:00.469829 read(0, "f", 1)   = 1
8393  14:37:00.469873 read(0, "9", 1)   = 1
8393  14:37:00.469916 read(0, "s", 1)   = 1
8393  14:37:00.469959 read(0, "w", 1)   = 1
8393  14:37:00.470003 read(0, "W", 1)   = 1
8393  14:37:00.470046 read(0, "c", 1)   = 1
8393  14:37:00.470090 read(0, "4", 1)   = 1
8393  14:37:00.470133 read(0, "T", 1)   = 1
8393  14:37:00.470176 read(0, "V", 1)   = 1
8393  14:37:00.470220 read(0, "c", 1)   = 1
8393  14:37:00.470263 read(0, "J", 1)   = 1
8393  14:37:00.470306 read(0, "1", 1)   = 1
8393  14:37:00.470349 read(0, "\n", 1)  = 1
8393  14:37:00.470616 write(1, "h1rYf9swWc4TVcJ1\n", 17) = 17
8393  14:37:00.470914 rt_sigprocmask(SIG_BLOCK, NULL, [], 8) = 0
8393  14:37:00.471006 read(0,  <unfinished ...>
8392  14:37:00.550788 <... recv resumed> "TYPE I\r\n", 4096, MSG_PEEK) = 8
8392  14:37:00.550878 read(0, "TYPE I\r\n", 8) = 8
8392  14:37:00.550962 write(0, "200 Switching to Binary mode.\r\n", 31) = 31
8392  14:37:00.551144 rt_sigaction(SIGALRM, {0x805cad0, ~[RTMIN RT_1], 0}, NULL, 8) = 0
8392  14:37:00.551222 alarm(300)        = 299
8392  14:37:00.551393 recv(0, "PASV\r\n", 4096, MSG_PEEK) = 6
8392  14:37:00.551454 read(0, "PASV\r\n", 6) = 6
8392  14:37:00.551510 write(5, "\n", 1 <unfinished ...>
8390  14:37:00.551552 <... read resumed> "\n", 1) = 1
8392  14:37:00.551575 <... write resumed> ) = 1
8390  14:37:00.551605 write(4, "\1", 1) = 1
8390  14:37:00.551653 read(4,  <unfinished ...>
8392  14:37:00.551685 read(5, "\1", 1)  = 1
8392  14:37:00.551736 write(5, "\f", 1 <unfinished ...>
8390  14:37:00.551768 <... read resumed> "\f", 1) = 1
8392  14:37:00.551789 <... write resumed> ) = 1
8390  14:37:00.551821 socket(PF_INET, SOCK_STREAM, IPPROTO_TCP) = 5
8390  14:37:00.551905 setsockopt(5, SOL_SOCKET, SO_REUSEADDR, [1], 4) = 0
8390  14:37:00.551967 bind(5, {sa_family=AF_INET, sin_port=htons(27967), sin_addr=inet_addr("127.0.0.1")}, 16) = 0
8390  14:37:00.552033 listen(5, 1)      = 0
8390  14:37:00.552090 write(4, "?m\0\0", 4) = 4
8390  14:37:00.552139 read(4,  <unfinished ...>
8392  14:37:00.552170 read(5, "?m\0\0", 4) = 4
8392  14:37:00.552293 write(0, "227 Entering Passive Mode (127,0,0,1,109,63).\r\n", 47) = 47
8392  14:37:00.552714 rt_sigaction(SIGALRM, {0x805cad0, ~[RTMIN RT_1], 0}, NULL, 8) = 0
8392  14:37:00.552789 alarm(300)        = 300
8392  14:37:00.552841 recv(0, "STOR myfile28\r\n", 4096, MSG_PEEK) = 15
8392  14:37:00.552895 read(0, "STOR myfile28\r\n", 15) = 15
8392  14:37:00.552954 write(5, "\v", 1 <unfinished ...>
8390  14:37:00.552990 <... read resumed> "\v", 1) = 1
8392  14:37:00.553013 <... write resumed> ) = 1
8390  14:37:00.553041 write(4, "\1\0\0\0", 4) = 4
8390  14:37:00.553089 read(4,  <unfinished ...>
8392  14:37:00.553119 read(5, "\1\0\0\0", 4) = 4
8392  14:37:00.553215 gettimeofday({1495651020, 553247}, NULL) = 0
8392  14:37:00.553282 getcwd("/home/msfadmin", 4096) = 15
8392  14:37:00.553337 open("myfile28", O_WRONLY|O_CREAT|O_NONBLOCK|O_LARGEFILE, 0666) = 4
8392  14:37:00.553396 fstat64(4, {st_mode=S_IFREG|0644, st_size=17, ...}) = 0
8392  14:37:00.553473 fcntl64(4, F_GETFL) = 0x8801 (flags O_WRONLY|O_NONBLOCK|O_LARGEFILE)
8392  14:37:00.553522 fcntl64(4, F_SETFL, O_WRONLY|O_LARGEFILE) = 0
8392  14:37:00.553567 fcntl64(4, F_SETLKW64, {type=F_WRLCK, whence=SEEK_SET, start=0, len=0}, 0xbf8ffaf4) = 0
8392  14:37:00.553626 ftruncate64(4, 0) = 0
8392  14:37:00.553697 _llseek(4, 0, [0], SEEK_SET) = 0
