16927 16:08:52.891213 write(3, "Wed May 24 16:08:52 2017 [pid 16927] [msfadmin] OK LOGIN: Client \"127.0.0.1\"\n", 77) = 77
16927 16:08:52.891213 fcntl64(3, F_SETLK64, {type=F_UNLCK, whence=SEEK_SET, start=0, len=0}, 0xbfad959c) = 0
16927 16:08:52.891213 rt_sigaction(SIGCHLD, {0x805cad0, ~[RTMIN RT_1], 0}, NULL, 8) = 0
16927 16:08:52.891213 write(4, "\1", 1 <unfinished ...>
16928 16:08:52.891213 <... read resumed> "\1", 1) = 1
16927 16:08:52.891213 <... write resumed> ) = 1
16928 16:08:52.891213 exit_group(0)     = ?
16927 16:08:52.891213 --- SIGCHLD (Child exited) @ 0 (0) ---
16927 16:08:52.891213 sigreturn()       = ? (mask now [])
16927 16:08:52.891213 wait4(-1, [{WIFEXITED(s) && WEXITSTATUS(s) == 0}], 0, NULL) = 16928
16927 16:08:52.891213 close(4)          = 0
16927 16:08:52.891213 socketpair(PF_FILE, SOCK_STREAM, 0, [4, 5]) = 0
16927 16:08:52.891213 rt_sigaction(SIGCHLD, {0x805cad0, ~[RTMIN RT_1], 0}, NULL, 8) = 0
16927 16:08:52.891213 rt_sigaction(SIGALRM, {0x805cb10, ~[RTMIN RT_1], 0}, NULL, 8) = 0
16927 16:08:52.891213 clone(child_stack=0, flags=CLONE_CHILD_CLEARTID|CLONE_CHILD_SETTID|SIGCHLD, child_tidptr=0xb7df96f8) = 16929
16929 16:08:52.891213 prctl(0x1, 0x9, 0, 0, 0) = 0
16929 16:08:52.891213 close(4)          = 0
16929 16:08:52.891213 open("/etc/passwd", O_RDONLY|0x80000 /* O_??? */) = 4
16929 16:08:52.891213 _llseek(4, 0, [0], SEEK_CUR) = 0
16929 16:08:52.891213 fstat64(4, {st_mode=S_IFREG|0644, st_size=1624, ...}) = 0
16929 16:08:52.891213 mmap2(NULL, 1624, PROT_READ, MAP_SHARED, 4, 0) = 0xb7f93000
16929 16:08:52.891213 _llseek(4, 1624, [1624], SEEK_SET) = 0
16929 16:08:52.891213 munmap(0xb7f93000, 1624) = 0
16929 16:08:52.891213 close(4)          = 0
16929 16:08:52.891213 getuid32()        = 0
16929 16:08:52.891213 open("/etc/passwd", O_RDONLY|0x80000 /* O_??? */) = 4
16929 16:08:52.891213 _llseek(4, 0, [0], SEEK_CUR) = 0
16929 16:08:52.891213 fstat64(4, {st_mode=S_IFREG|0644, st_size=1624, ...}) = 0
16929 16:08:52.891213 mmap2(NULL, 1624, PROT_READ, MAP_SHARED, 4, 0) = 0xb7f93000
16929 16:08:52.891213 _llseek(4, 1624, [1624], SEEK_SET) = 0
16929 16:08:52.891213 munmap(0xb7f93000, 1624) = 0
16929 16:08:52.891213 close(4)          = 0
16929 16:08:52.891213 open("/proc/sys/kernel/ngroups_max", O_RDONLY) = 4
16929 16:08:52.891213 read(4, "65536\n", 31) = 6
16929 16:08:52.891213 close(4)          = 0
16929 16:08:52.891213 socket(PF_FILE, SOCK_STREAM, 0) = 4
16929 16:08:52.891213 fcntl64(4, F_SETFL, O_RDWR|O_NONBLOCK) = 0
16929 16:08:52.891213 connect(4, {sa_family=AF_FILE, path="/var/run/nscd/socket"}, 110) = -1 ENOENT (No such file or directory)
16929 16:08:52.891213 close(4)          = 0
16929 16:08:52.891213 socket(PF_FILE, SOCK_STREAM, 0) = 4
16929 16:08:52.891213 fcntl64(4, F_SETFL, O_RDWR|O_NONBLOCK) = 0
16929 16:08:52.891213 connect(4, {sa_family=AF_FILE, path="/var/run/nscd/socket"}, 110) = -1 ENOENT (No such file or directory)
16929 16:08:52.891213 close(4)          = 0
16929 16:08:52.891213 open("/etc/group", O_RDONLY|0x80000 /* O_??? */) = 4
16929 16:08:52.891213 _llseek(4, 0, [0], SEEK_CUR) = 0
16929 16:08:52.891213 fstat64(4, {st_mode=S_IFREG|0644, st_size=886, ...}) = 0
16929 16:08:52.891213 mmap2(NULL, 886, PROT_READ, MAP_SHARED, 4, 0) = 0xb7f93000
16929 16:08:52.891213 _llseek(4, 886, [886], SEEK_SET) = 0
16929 16:08:52.891213 fstat64(4, {st_mode=S_IFREG|0644, st_size=886, ...}) = 0
16929 16:08:52.891213 munmap(0xb7f93000, 886) = 0
16929 16:08:52.891213 close(4)          = 0
16929 16:08:52.891213 setgroups32(13, [1000, 4, 20, 24, 25, 29, 30, 44, 46, 107, 111, 112, 119]) = 0
16929 16:08:52.891213 geteuid32()       = 0
16929 16:08:52.891213 getegid32()       = 0
16929 16:08:52.891213 setregid32(-1, 1000) = 0
16929 16:08:52.891213 setreuid32(-1, 1000) = 0
16929 16:08:52.891213 chdir("/home/msfadmin") = 0
16929 16:08:52.891213 setreuid32(-1, 0) = 0
16929 16:08:52.891213 setregid32(-1, 0) = 0
16929 16:08:52.891213 setgid32(1000)    = 0
16929 16:08:52.891213 setuid32(1000)    = 0
16929 16:08:52.891213 setrlimit(RLIMIT_NPROC, {rlim_cur=0, rlim_max=0}) = 0
16929 16:08:52.891213 mmap2(NULL, 12288, PROT_READ|PROT_WRITE, MAP_PRIVATE|MAP_ANONYMOUS, -1, 0) = 0xb7f91000
16929 16:08:52.891213 mprotect(0xb7f93000, 4096, PROT_NONE) = 0
16929 16:08:52.891213 mprotect(0xb7f91000, 4096, PROT_NONE) = 0
16929 16:08:52.891213 getcwd("/home/msfadmin", 4096) = 15
16929 16:08:52.891213 umask(022)        = 077
16929 16:08:52.891213 getcwd("/home/msfadmin", 4096) = 15
16929 16:08:52.891213 open(".message", O_RDONLY|O_NONBLOCK|O_LARGEFILE) = -1 ENOENT (No such file or directory)
16929 16:08:52.891213 write(0, "230 Login successful.\r\n", 23) = 23
16929 16:08:52.891213 rt_sigaction(SIGALRM, {0x805cad0, ~[RTMIN RT_1], 0}, NULL, 8) = 0
16929 16:08:52.891213 alarm(300)        = 0
16929 16:08:52.891213 mmap2(NULL, 12288, PROT_READ|PROT_WRITE, MAP_PRIVATE|MAP_ANONYMOUS, -1, 0) = 0xb7f8e000
16929 16:08:52.891213 mprotect(0xb7f90000, 4096, PROT_NONE) = 0
16929 16:08:52.891213 mprotect(0xb7f8e000, 4096, PROT_NONE) = 0
16929 16:08:52.891213 recv(0, "TYPE I\r\n", 4096, MSG_PEEK) = 8
16929 16:08:52.891213 read(0, "TYPE I\r\n", 8) = 8
16929 16:08:52.891213 write(0, "200 Switching to Binary mode.\r\n", 31) = 31
16929 16:08:52.891213 rt_sigaction(SIGALRM, {0x805cad0, ~[RTMIN RT_1], 0}, NULL, 8) = 0
16929 16:08:52.891213 alarm(300)        = 300
16929 16:08:52.891213 recv(0, "PASV\r\n", 4096, MSG_PEEK) = 6
16929 16:08:52.891213 read(0, "PASV\r\n", 6) = 6
16929 16:08:52.891213 write(5, "\n", 1) = 1
16929 16:08:52.891213 read(5,  <unfinished ...>
16927 16:08:52.891213 close(5)          = 0
16927 16:08:52.891213 getuid32()        = 0
16927 16:08:52.891213 open("/etc/passwd", O_RDONLY|0x80000 /* O_??? */) = 5
16927 16:08:52.891213 _llseek(5, 0, [0], SEEK_CUR) = 0
16927 16:08:52.891213 fstat64(5, {st_mode=S_IFREG|0644, st_size=1624, ...}) = 0
16927 16:08:52.891213 mmap2(NULL, 1624, PROT_READ, MAP_SHARED, 5, 0) = 0xb7f93000
16927 16:08:52.891213 _llseek(5, 1624, [1624], SEEK_SET) = 0
16927 16:08:52.891213 munmap(0xb7f93000, 1624) = 0
16927 16:08:52.891213 close(5)          = 0
16927 16:08:52.891213 setgroups32(0, []) = 0
16927 16:08:52.891213 chdir("/usr/share/empty") = 0
16927 16:08:52.891213 chroot(".")       = 0
16927 16:08:52.891213 capset(NULL, NULL) = -1 EFAULT (Bad address)
16927 16:08:52.891213 prctl(0x8, 0, 0xbfad9578, 0x80549a6, 0xbfad9560) = 0
16927 16:08:52.891213 prctl(0x8, 0x1, 0xbfad9578, 0x8054a49, 0xbfad9560) = 0
16927 16:08:52.891213 setgid32(65534)   = 0
16927 16:08:52.891213 setuid32(65534)   = 0
16927 16:08:52.891213 capset(0x19980330, 0, {CAP_NET_BIND_SERVICE, CAP_NET_BIND_SERVICE, 0}) = 0
16927 16:08:52.891213 read(4, "\n", 1)  = 1
16927 16:08:52.891213 write(4, "\1", 1) = 1
16929 16:08:52.891213 <... read resumed> "\1", 1) = 1
16929 16:08:52.891213 write(5, "\f", 1) = 1
16929 16:08:52.891213 read(5,  <unfinished ...>
16927 16:08:52.891213 read(4, "\f", 1)  = 1
16927 16:08:52.891213 socket(PF_INET, SOCK_STREAM, IPPROTO_TCP) = 5
16927 16:08:52.891213 setsockopt(5, SOL_SOCKET, SO_REUSEADDR, [1], 4) = 0
16927 16:08:52.891213 gettimeofday({1495656532, 891213}, NULL) = 0
16927 16:08:52.891213 bind(5, {sa_family=AF_INET, sin_port=htons(50956), sin_addr=inet_addr("127.0.0.1")}, 16) = 0
16927 16:08:52.891213 listen(5, 1)      = 0
16927 16:08:52.891213 write(4, "\f\307\0\0", 4) = 4
16929 16:08:52.891213 <... read resumed> "\f\307\0\0", 4) = 4
16929 16:08:52.891213 write(0, "227 Entering Passive Mode (127,0,0,1,199,12).\r\n", 47) = 47
16929 16:08:52.891213 rt_sigaction(SIGALRM, {0x805cad0, ~[RTMIN RT_1], 0}, NULL, 8) = 0
16929 16:08:52.891213 alarm(300)        = 300
16929 16:08:52.891213 recv(0, "STOR myfile31\r\n", 4096, MSG_PEEK) = 15
16929 16:08:52.891213 read(0, "STOR myfile31\r\n", 15) = 15
16929 16:08:52.891213 write(5, "\v", 1) = 1
16929 16:08:52.891213 read(5,  <unfinished ...>
16927 16:08:52.891213 read(4, "\v", 1)  = 1
16927 16:08:52.891213 write(4, "\1\0\0\0", 4) = 4
16929 16:08:52.891213 <... read resumed> "\1\0\0\0", 4) = 4
16929 16:08:52.891213 gettimeofday({1495656532, 891213}, NULL) = 0
16929 16:08:52.891213 getcwd("/home/msfadmin", 4096) = 15
16929 16:08:52.891213 open("myfile31", O_WRONLY|O_CREAT|O_NONBLOCK|O_LARGEFILE, 0666) = 4
16929 16:08:52.891213 fstat64(4, {st_mode=S_IFREG|0644, st_size=17, ...}) = 0
16929 16:08:52.891213 fcntl64(4, F_GETFL) = 0x8801 (flags O_WRONLY|O_NONBLOCK|O_LARGEFILE)
16929 16:08:52.891213 fcntl64(4, F_SETFL, O_WRONLY|O_LARGEFILE) = 0
16929 16:08:52.891213 fcntl64(4, F_SETLKW64, {type=F_WRLCK, whence=SEEK_SET, start=0, len=0}, 0xbfad94c4) = 0
16929 16:08:52.891213 ftruncate64(4, 0) = 0
16929 16:08:52.891213 _llseek(4, 0, [0], SEEK_SET) = 0
16929 16:08:52.891213 write(5, "\v", 1) = 1
16929 16:08:52.891213 read(5,  <unfinished ...>
16927 16:08:52.891213 read(4, "\v", 1)  = 1
16927 16:08:52.891213 write(4, "\1\0\0\0", 4) = 4
16929 16:08:52.891213 <... read resumed> "\1\0\0\0", 4) = 4
16929 16:08:52.891213 write(5, "\v", 1) = 1
16929 16:08:52.891213 read(5,  <unfinished ...>
16927 16:08:52.891213 read(4, "\v", 1)  = 1
16927 16:08:52.891213 write(4, "\1\0\0\0", 4) = 4
16929 16:08:52.891213 <... read resumed> "\1\0\0\0", 4) = 4
16929 16:08:52.891213 write(5, "\r", 1) = 1
16929 16:08:52.891213 read(5,  <unfinished ...>
16927 16:08:52.891213 read(4, "\r", 1)  = 1
16927 16:08:52.891213 select(6, [5], NULL, NULL, {60, 0}) = 1 (in [5], left {60, 0})
16927 16:08:52.891213 accept(5, {sa_family=AF_INET, sin_port=htons(59982), sin_addr=inet_addr("127.0.0.1")}, [16]) = 6
16927 16:08:52.891213 write(4, "\1", 1) = 1
16929 16:08:52.891213 <... read resumed> "\1", 1) = 1
16929 16:08:52.891213 recvmsg(5,  <unfinished ...>
16927 16:08:52.891213 sendmsg(4, {msg_name(0)=NULL, msg_iov(1)=[{"\0", 1}], msg_controllen=16, {cmsg_len=16, cmsg_level=SOL_SOCKET, cmsg_type=SCM_RIGHTS, {6}}, msg_flags=0}, 0) = 1
16929 16:08:52.891213 <... recvmsg resumed> {msg_name(0)=NULL, msg_iov(1)=[{"\0", 1}], msg_controllen=16, {cmsg_len=16, cmsg_level=SOL_SOCKET, cmsg_type=SCM_RIGHTS, {6}}, msg_flags=0}, 0) = 1
16929 16:08:52.891213 setsockopt(6, SOL_SOCKET, SO_KEEPALIVE, [1], 4) = 0
16929 16:08:52.891213 setsockopt(6, SOL_IP, IP_TOS, [8], 4) = 0
16929 16:08:52.891213 setsockopt(6, SOL_SOCKET, SO_LINGER, {onoff=1, linger=32767}, 8) = 0
16929 16:08:52.891213 rt_sigaction(SIGALRM, {0x805cad0, ~[RTMIN RT_1], 0}, NULL, 8) = 0
16929 16:08:52.891213 alarm(300)        = 300
16929 16:08:52.891213 write(0, "150 Ok to send data.\r\n", 22) = 22
16929 16:08:52.891213 mmap2(NULL, 77824, PROT_READ|PROT_WRITE, MAP_PRIVATE|MAP_ANONYMOUS, -1, 0) = 0xb7dc8000
16929 16:08:52.891213 mprotect(0xb7dda000, 4096, PROT_NONE) = 0
16929 16:08:52.891213 mprotect(0xb7dc8000, 4096, PROT_NONE) = 0
16929 16:08:52.891213 read(6, "assasaaa\na\na\na\na\n", 65536) = 17
16929 16:08:52.891213 write(4, "assasaaa\na\na\na\na\n", 17) = 17
16929 16:08:52.891213 read(6, "", 65536) = 0
16929 16:08:52.891213 rt_sigaction(SIGALRM, {0x805cad0, ~[RTMIN RT_1], 0}, NULL, 8) = 0
16929 16:08:52.891213 alarm(300)        = 300
16929 16:08:52.891213 close(6)          = 0
16929 16:08:52.891213 alarm(0)          = 300
16929 16:08:52.891213 gettimeofday({1495656532, 891213}, NULL) = 0
16929 16:08:52.891213 getpid()          = 16929
16929 16:08:52.891213 gettimeofday({1495656532, 891213}, NULL) = 0
16929 16:08:52.891213 fcntl64(3, F_SETLKW64, {type=F_WRLCK, whence=SEEK_SET, start=0, len=0}, 0xbfad9464) = 0
16929 16:08:52.891213 write(3, "Wed May 24 16:08:52 2017 [pid 16929] [msfadmin] OK UPLOAD: Client \"127.0.0.1\", \"/home/msfadmin/myfile31\", 17 bytes, 0.17Kbyte/sec\n", 130) = 130
16929 16:08:52.891213 fcntl64(3, F_SETLK64, {type=F_UNLCK, whence=SEEK_SET, start=0, len=0}, 0xbfad946c) = 0
16929 16:08:52.891213 write(0, "226 Transfer complete.\r\n", 24) = 24
16929 16:08:52.899992 write(5, "\n", 1) = 1
16929 16:08:52.909973 read(5,  <unfinished ...>
16927 16:08:52.909973 close(6)          = 0
16927 16:08:52.909973 read(4, "\n", 1)  = 1
16927 16:08:52.909973 close(5)          = 0
16927 16:08:52.909973 write(4, "\1", 1) = 1
16929 16:08:52.909973 <... read resumed> "\1", 1) = 1
16929 16:08:52.909973 close(4)          = 0
16929 16:08:52.909973 rt_sigaction(SIGALRM, {0x805cad0, ~[RTMIN RT_1], 0}, NULL, 8) = 0
16929 16:08:52.909973 alarm(300)        = 0
16929 16:08:52.909973 recv(0,  <unfinished ...>
16927 16:08:52.909973 read(4,  <unfinished ...>
16929 16:08:53.400260 <... recv resumed> "TYPE I\r\n", 4096, MSG_PEEK) = 8
16929 16:08:53.400328 read(0, "TYPE I\r\n", 8) = 8
16929 16:08:53.400388 write(0, "200 Switching to Binary mode.\r\n", 31) = 31
16929 16:08:53.400535 rt_sigaction(SIGALRM, {0x805cad0, ~[RTMIN RT_1], 0}, NULL, 8) = 0
16929 16:08:53.400591 alarm(300)        = 300
16929 16:08:53.400663 recv(0, "PASV\r\n", 4096, MSG_PEEK) = 6
16929 16:08:53.400705 read(0, "PASV\r\n", 6) = 6
16929 16:08:53.400749 write(5, "\n", 1 <unfinished ...>
16927 16:08:53.400787 <... read resumed> "\n", 1) = 1
16929 16:08:53.400821 <... write resumed> ) = 1
16927 16:08:53.400853 write(4, "\1", 1) = 1
16927 16:08:53.400893 read(4,  <unfinished ...>
16929 16:08:53.400924 read(5, "\1", 1)  = 1
16929 16:08:53.400965 write(5, "\f", 1 <unfinished ...>
16927 16:08:53.401010 <... read resumed> "\f", 1) = 1
16929 16:08:53.401038 <... write resumed> ) = 1
16927 16:08:53.401070 socket(PF_INET, SOCK_STREAM, IPPROTO_TCP) = 5
16927 16:08:53.401117 setsockopt(5, SOL_SOCKET, SO_REUSEADDR, [1], 4) = 0
16927 16:08:53.401163 bind(5, {sa_family=AF_INET, sin_port=htons(49085), sin_addr=inet_addr("127.0.0.1")}, 16) = 0
16927 16:08:53.401212 listen(5, 1)      = 0
16927 16:08:53.401228 write(4, "\275\277\0\0", 4) = 4
16927 16:08:53.401228 read(4,  <unfinished ...>
16929 16:08:53.401228 read(5, "\275\277\0\0", 4) = 4
16929 16:08:53.401228 write(0, "227 Entering Passive Mode (127,0,0,1,191,189).\r\n", 48) = 48
16929 16:08:53.401228 rt_sigaction(SIGALRM, {0x805cad0, ~[RTMIN RT_1], 0}, NULL, 8) = 0
16929 16:08:53.401228 alarm(300)        = 300
16929 16:08:53.401228 recv(0, "STOR myfile32\r\n", 4096, MSG_PEEK) = 15
16929 16:08:53.401228 read(0, "STOR myfile32\r\n", 15) = 15
16929 16:08:53.401228 write(5, "\v", 1 <unfinished ...>
16927 16:08:53.401228 <... read resumed> "\v", 1) = 1
16929 16:08:53.401228 <... write resumed> ) = 1
16927 16:08:53.401228 write(4, "\1\0\0\0", 4) = 4
16927 16:08:53.401228 read(4,  <unfinished ...>
16929 16:08:53.401228 read(5, "\1\0\0\0", 4) = 4
16929 16:08:53.401228 gettimeofday({1495656533, 401228}, NULL) = 0
16929 16:08:53.401228 getcwd("/home/msfadmin", 4096) = 15
16929 16:08:53.401228 open("myfile32", O_WRONLY|O_CREAT|O_NONBLOCK|O_LARGEFILE, 0666) = 4
16929 16:08:53.401228 fstat64(4, {st_mode=S_IFREG|0644, st_size=17, ...}) = 0
16929 16:08:53.401228 fcntl64(4, F_GETFL) = 0x8801 (flags O_WRONLY|O_NONBLOCK|O_LARGEFILE)
16929 16:08:53.401228 fcntl64(4, F_SETFL, O_WRONLY|O_LARGEFILE) = 0
16929 16:08:53.401228 fcntl64(4, F_SETLKW64, {type=F_WRLCK, whence=SEEK_SET, start=0, len=0}, 0xbfad94c4) = 0
16929 16:08:53.401228 ftruncate64(4, 0) = 0
16929 16:08:53.401228 _llseek(4, 0, [0], SEEK_SET) = 0
16929 16:08:53.401228 write(5, "\v", 1 <unfinished ...>
16927 16:08:53.401228 <... read resumed> "\v", 1) = 1
16929 16:08:53.401228 <... write resumed> ) = 1
16927 16:08:53.401228 write(4, "\1\0\0\0", 4) = 4
16927 16:08:53.401228 read(4,  <unfinished ...>
16929 16:08:53.401228 read(5, "\1\0\0\0", 4) = 4
16929 16:08:53.401228 write(5, "\v", 1 <unfinished ...>
16927 16:08:53.401228 <... read resumed> "\v", 1) = 1
16929 16:08:53.401228 <... write resumed> ) = 1
16927 16:08:53.401228 write(4, "\1\0\0\0", 4) = 4
16927 16:08:53.401228 read(4,  <unfinished ...>
16929 16:08:53.401228 read(5, "\1\0\0\0", 4) = 4
16929 16:08:53.401228 write(5, "\r", 1 <unfinished ...>
16927 16:08:53.401228 <... read resumed> "\r", 1) = 1
16929 16:08:53.401228 <... write resumed> ) = 1
16927 16:08:53.401228 select(6, [5], NULL, NULL, {60, 0}) = 1 (in [5], left {60, 0})
16927 16:08:53.401228 accept(5, {sa_family=AF_INET, sin_port=htons(59861), sin_addr=inet_addr("127.0.0.1")}, [16]) = 6
16927 16:08:53.401228 write(4, "\1", 1) = 1
16927 16:08:53.401228 sendmsg(4, {msg_name(0)=NULL, msg_iov(1)=[{"\0", 1}], msg_controllen=16, {cmsg_len=16, cmsg_level=SOL_SOCKET, cmsg_type=SCM_RIGHTS, {6}}, msg_flags=0}, 0) = 1
16927 16:08:53.401228 close(6)          = 0
16927 16:08:53.401228 read(4,  <unfinished ...>
16929 16:08:53.401228 read(5, "\1", 1)  = 1
16929 16:08:53.401228 recvmsg(5, {msg_name(0)=NULL, msg_iov(1)=[{"\0", 1}], msg_controllen=16, {cmsg_len=16, cmsg_level=SOL_SOCKET, cmsg_type=SCM_RIGHTS, {6}}, msg_flags=0}, 0) = 1
16929 16:08:53.401228 setsockopt(6, SOL_SOCKET, SO_KEEPALIVE, [1], 4) = 0
16929 16:08:53.401228 setsockopt(6, SOL_IP, IP_TOS, [8], 4) = 0
16929 16:08:53.401228 setsockopt(6, SOL_SOCKET, SO_LINGER, {onoff=1, linger=32767}, 8) = 0
16929 16:08:53.401228 rt_sigaction(SIGALRM, {0x805cad0, ~[RTMIN RT_1], 0}, NULL, 8) = 0
16929 16:08:53.401228 alarm(300)        = 300
16929 16:08:53.401228 write(0, "150 Ok to send data.\r\n", 22) = 22
16929 16:08:53.401228 read(6, "assasaaa\na\na\na\na\n", 65536) = 17
16929 16:08:53.401228 write(4, "assasaaa\na\na\na\na\n", 17) = 17
16929 16:08:53.401228 read(6, "", 65536) = 0
16929 16:08:53.401228 rt_sigaction(SIGALRM, {0x805cad0, ~[RTMIN RT_1], 0}, NULL, 8) = 0
16929 16:08:53.401228 alarm(300)        = 300
16929 16:08:53.401228 close(6)          = 0
16929 16:08:53.401228 alarm(0)          = 300
16929 16:08:53.401228 gettimeofday({1495656533, 401228}, NULL) = 0
16929 16:08:53.401228 gettimeofday({1495656533, 401228}, NULL) = 0
16929 16:08:53.401228 fcntl64(3, F_SETLKW64, {type=F_WRLCK, whence=SEEK_SET, start=0, len=0}, 0xbfad9464) = 0
16929 16:08:53.401228 write(3, "Wed May 24 16:08:53 2017 [pid 16929] [msfadmin] OK UPLOAD: Client \"127.0.0.1\", \"/home/msfadmin/myfile32\", 17 bytes, 0.17Kbyte/sec\n", 130) = 130
16929 16:08:53.401228 fcntl64(3, F_SETLK64, {type=F_UNLCK, whence=SEEK_SET, start=0, len=0}, 0xbfad946c) = 0
16929 16:08:53.401228 write(0, "226 Transfer complete.\r\n", 24) = 24
16929 16:08:53.401228 write(5, "\n", 1 <unfinished ...>
16927 16:08:53.401228 <... read resumed> "\n", 1) = 1
16929 16:08:53.401228 <... write resumed> ) = 1
16927 16:08:53.401228 close(5)          = 0
16927 16:08:53.401228 write(4, "\1", 1) = 1
16927 16:08:53.401228 read(4,  <unfinished ...>
16929 16:08:53.401228 read(5, "\1", 1)  = 1
16929 16:08:53.401228 close(4)          = 0
16929 16:08:53.401228 rt_sigaction(SIGALRM, {0x805cad0, ~[RTMIN RT_1], 0}, NULL, 8) = 0
16929 16:08:53.401228 alarm(300)        = 0
16929 16:08:53.401228 recv(0, "TYPE I\r\n", 4096, MSG_PEEK) = 8
16929 16:08:53.911243 read(0, "TYPE I\r\n", 8) = 8
16929 16:08:53.911243 write(0, "200 Switching to Binary mode.\r\n", 31) = 31
16929 16:08:53.911243 rt_sigaction(SIGALRM, {0x805cad0, ~[RTMIN RT_1], 0}, NULL, 8) = 0
16929 16:08:53.911243 alarm(300)        = 299
16929 16:08:53.911243 recv(0, "PASV\r\n", 4096, MSG_PEEK) = 6
16929 16:08:53.911243 read(0, "PASV\r\n", 6) = 6
16929 16:08:53.911243 write(5, "\n", 1 <unfinished ...>
16927 16:08:53.911243 <... read resumed> "\n", 1) = 1
16929 16:08:53.911243 <... write resumed> ) = 1
16927 16:08:53.911243 write(4, "\1", 1) = 1
16927 16:08:53.911243 read(4,  <unfinished ...>
16929 16:08:53.911243 read(5, "\1", 1)  = 1
16929 16:08:53.911243 write(5, "\f", 1 <unfinished ...>
16927 16:08:53.911243 <... read resumed> "\f", 1) = 1
16929 16:08:53.911243 <... write resumed> ) = 1
16927 16:08:53.911243 socket(PF_INET, SOCK_STREAM, IPPROTO_TCP) = 5
16927 16:08:53.911243 setsockopt(5, SOL_SOCKET, SO_REUSEADDR, [1], 4) = 0
16927 16:08:53.911243 bind(5, {sa_family=AF_INET, sin_port=htons(31272), sin_addr=inet_addr("127.0.0.1")}, 16) = 0
16927 16:08:53.911243 listen(5, 1)      = 0
16927 16:08:53.911243 write(4, "(z\0\0", 4) = 4
16927 16:08:53.911243 read(4,  <unfinished ...>
16929 16:08:53.911243 read(5, "(z\0\0", 4) = 4
16929 16:08:53.911243 write(0, "227 Entering Passive Mode (127,0,0,1,122,40).\r\n", 47) = 47
16929 16:08:53.911243 rt_sigaction(SIGALRM, {0x805cad0, ~[RTMIN RT_1], 0}, NULL, 8) = 0
16929 16:08:53.911243 alarm(300)        = 300
16929 16:08:53.911243 recv(0, "STOR myfile33\r\n", 4096, MSG_PEEK) = 15
16929 16:08:53.911243 read(0, "STOR myfile33\r\n", 15) = 15
16929 16:08:53.911243 write(5, "\v", 1 <unfinished ...>
16927 16:08:53.911243 <... read resumed> "\v", 1) = 1
16929 16:08:53.911243 <... write resumed> ) = 1
16927 16:08:53.911243 write(4, "\1\0\0\0", 4) = 4
16927 16:08:53.911243 read(4,  <unfinished ...>
16929 16:08:53.911243 read(5, "\1\0\0\0", 4) = 4
16929 16:08:53.911243 gettimeofday({1495656533, 911243}, NULL) = 0
16929 16:08:53.911243 getcwd("/home/msfadmin", 4096) = 15
16929 16:08:53.911243 open("myfile33", O_WRONLY|O_CREAT|O_NONBLOCK|O_LARGEFILE, 0666) = 4
16929 16:08:53.911243 fstat64(4, {st_mode=S_IFREG|0644, st_size=17, ...}) = 0
16929 16:08:53.911243 fcntl64(4, F_GETFL) = 0x8801 (flags O_WRONLY|O_NONBLOCK|O_LARGEFILE)
16929 16:08:53.911243 fcntl64(4, F_SETFL, O_WRONLY|O_LARGEFILE) = 0
16929 16:08:53.911243 fcntl64(4, F_SETLKW64, {type=F_WRLCK, whence=SEEK_SET, start=0, len=0}, 0xbfad94c4) = 0
16929 16:08:53.911243 ftruncate64(4, 0) = 0
16929 16:08:53.911243 _llseek(4, 0, [0], SEEK_SET) = 0
16929 16:08:53.911243 write(5, "\v", 1 <unfinished ...>
16927 16:08:53.911243 <... read resumed> "\v", 1) = 1
16929 16:08:53.911243 <... write resumed> ) = 1
16927 16:08:53.911243 write(4, "\1\0\0\0", 4) = 4
16927 16:08:53.911243 read(4,  <unfinished ...>
16929 16:08:53.911243 read(5, "\1\0\0\0", 4) = 4
16929 16:08:53.911243 write(5, "\v", 1 <unfinished ...>
16927 16:08:53.911243 <... read resumed> "\v", 1) = 1
16929 16:08:53.911243 <... write resumed> ) = 1
16927 16:08:53.911243 write(4, "\1\0\0\0", 4) = 4
16927 16:08:53.911243 read(4,  <unfinished ...>
16929 16:08:53.911243 read(5, "\1\0\0\0", 4) = 4
16929 16:08:53.911243 write(5, "\r", 1 <unfinished ...>
16927 16:08:53.911243 <... read resumed> "\r", 1) = 1
16929 16:08:53.911243 <... write resumed> ) = 1
16927 16:08:53.911243 select(6, [5], NULL, NULL, {60, 0}) = 1 (in [5], left {60, 0})
16927 16:08:53.911243 accept(5, {sa_family=AF_INET, sin_port=htons(36349), sin_addr=inet_addr("127.0.0.1")}, [16]) = 6
16927 16:08:53.911243 write(4, "\1", 1) = 1
16927 16:08:53.911243 sendmsg(4, {msg_name(0)=NULL, msg_iov(1)=[{"\0", 1}], msg_controllen=16, {cmsg_len=16, cmsg_level=SOL_SOCKET, cmsg_type=SCM_RIGHTS, {6}}, msg_flags=0}, 0) = 1
16927 16:08:53.911243 close(6)          = 0
16927 16:08:53.911243 read(4,  <unfinished ...>
16929 16:08:53.911243 read(5, "\1", 1)  = 1
16929 16:08:53.911243 recvmsg(5, {msg_name(0)=NULL, msg_iov(1)=[{"\0", 1}], msg_controllen=16, {cmsg_len=16, cmsg_level=SOL_SOCKET, cmsg_type=SCM_RIGHTS, {6}}, msg_flags=0}, 0) = 1
16929 16:08:53.911243 setsockopt(6, SOL_SOCKET, SO_KEEPALIVE, [1], 4) = 0
16929 16:08:53.911243 setsockopt(6, SOL_IP, IP_TOS, [8], 4) = 0
16929 16:08:53.911243 setsockopt(6, SOL_SOCKET, SO_LINGER, {onoff=1, linger=32767}, 8) = 0
16929 16:08:53.911243 rt_sigaction(SIGALRM, {0x805cad0, ~[RTMIN RT_1], 0}, NULL, 8) = 0
16929 16:08:53.911243 alarm(300)        = 300
16929 16:08:53.911243 write(0, "150 Ok to send data.\r\n", 22) = 22
16929 16:08:53.911243 read(6, "assasaaa\na\na\na\na\n", 65536) = 17
16929 16:08:53.911243 write(4, "assasaaa\na\na\na\na\n", 17) = 17
16929 16:08:53.911243 read(6, "", 65536) = 0
