14969 15:43:49.656156 write(3, "Wed May 24 15:43:49 2017 [pid 14969] [msfadmin] OK LOGIN: Client \"127.0.0.1\"\n", 77) = 77
14969 15:43:49.656202 fcntl64(3, F_SETLK64, {type=F_UNLCK, whence=SEEK_SET, start=0, len=0}, 0xbffff2bc) = 0
14969 15:43:49.656232 rt_sigaction(SIGCHLD, {0x805cad0, ~[RTMIN RT_1], 0}, NULL, 8) = 0
14969 15:43:49.656264 write(4, "\1", 1 <unfinished ...>
14970 15:43:49.656285 <... read resumed> "\1", 1) = 1
14969 15:43:49.656297 <... write resumed> ) = 1
14970 15:43:49.656314 exit_group(0)     = ?
14969 15:43:49.656383 --- SIGCHLD (Child exited) @ 0 (0) ---
14969 15:43:49.656399 sigreturn()       = ? (mask now [])
14969 15:43:49.656441 wait4(-1, [{WIFEXITED(s) && WEXITSTATUS(s) == 0}], 0, NULL) = 14970
14969 15:43:49.656470 close(4)          = 0
14969 15:43:49.656496 socketpair(PF_FILE, SOCK_STREAM, 0, [4, 5]) = 0
14969 15:43:49.656527 rt_sigaction(SIGCHLD, {0x805cad0, ~[RTMIN RT_1], 0}, NULL, 8) = 0
14969 15:43:49.656558 rt_sigaction(SIGALRM, {0x805cb10, ~[RTMIN RT_1], 0}, NULL, 8) = 0
14969 15:43:49.656588 clone(child_stack=0, flags=CLONE_CHILD_CLEARTID|CLONE_CHILD_SETTID|SIGCHLD, child_tidptr=0xb7e226f8) = 14971
14971 15:43:49.656698 prctl(0x1, 0x9, 0, 0, 0) = 0
14971 15:43:49.656729 close(4)          = 0
14971 15:43:49.656789 open("/etc/passwd", O_RDONLY|0x80000 /* O_??? */) = 4
14971 15:43:49.656827 _llseek(4, 0, [0], SEEK_CUR) = 0
14971 15:43:49.656862 fstat64(4, {st_mode=S_IFREG|0644, st_size=1624, ...}) = 0
14971 15:43:49.656903 mmap2(NULL, 1624, PROT_READ, MAP_SHARED, 4, 0) = 0xb7fbc000
14971 15:43:49.656929 _llseek(4, 1624, [1624], SEEK_SET) = 0
14971 15:43:49.657004 munmap(0xb7fbc000, 1624) = 0
14971 15:43:49.657030 close(4)          = 0
14971 15:43:49.657061 getuid32()        = 0
14971 15:43:49.657084 open("/etc/passwd", O_RDONLY|0x80000 /* O_??? */) = 4
14971 15:43:49.657114 _llseek(4, 0, [0], SEEK_CUR) = 0
14971 15:43:49.657138 fstat64(4, {st_mode=S_IFREG|0644, st_size=1624, ...}) = 0
14971 15:43:49.657174 mmap2(NULL, 1624, PROT_READ, MAP_SHARED, 4, 0) = 0xb7fbc000
14971 15:43:49.657199 _llseek(4, 1624, [1624], SEEK_SET) = 0
14971 15:43:49.657234 munmap(0xb7fbc000, 1624) = 0
14971 15:43:49.657256 close(4)          = 0
14971 15:43:49.657313 open("/proc/sys/kernel/ngroups_max", O_RDONLY) = 4
14971 15:43:49.657357 read(4, "65536\n", 31) = 6
14971 15:43:49.657385 close(4)          = 0
14971 15:43:49.657421 socket(PF_FILE, SOCK_STREAM, 0) = 4
14971 15:43:49.657450 fcntl64(4, F_SETFL, O_RDWR|O_NONBLOCK) = 0
14971 15:43:49.657475 connect(4, {sa_family=AF_FILE, path="/var/run/nscd/socket"}, 110) = -1 ENOENT (No such file or directory)
14971 15:43:49.657523 close(4)          = 0
14971 15:43:49.657549 socket(PF_FILE, SOCK_STREAM, 0) = 4
14971 15:43:49.657572 fcntl64(4, F_SETFL, O_RDWR|O_NONBLOCK) = 0
14971 15:43:49.657595 connect(4, {sa_family=AF_FILE, path="/var/run/nscd/socket"}, 110) = -1 ENOENT (No such file or directory)
14971 15:43:49.657635 close(4)          = 0
14971 15:43:49.657686 open("/etc/group", O_RDONLY|0x80000 /* O_??? */) = 4
14971 15:43:49.657719 _llseek(4, 0, [0], SEEK_CUR) = 0
14971 15:43:49.657742 fstat64(4, {st_mode=S_IFREG|0644, st_size=886, ...}) = 0
14971 15:43:49.657780 mmap2(NULL, 886, PROT_READ, MAP_SHARED, 4, 0) = 0xb7fbc000
14971 15:43:49.657804 _llseek(4, 886, [886], SEEK_SET) = 0
14971 15:43:49.657858 fstat64(4, {st_mode=S_IFREG|0644, st_size=886, ...}) = 0
14971 15:43:49.657914 munmap(0xb7fbc000, 886) = 0
14971 15:43:49.657945 close(4)          = 0
14971 15:43:49.657968 setgroups32(13, [1000, 4, 20, 24, 25, 29, 30, 44, 46, 107, 111, 112, 119]) = 0
14971 15:43:49.658006 geteuid32()       = 0
14971 15:43:49.658031 getegid32()       = 0
14971 15:43:49.658056 setregid32(-1, 1000) = 0
14971 15:43:49.658079 setreuid32(-1, 1000) = 0
14971 15:43:49.658103 chdir("/home/msfadmin") = 0
14971 15:43:49.658130 setreuid32(-1, 0) = 0
14971 15:43:49.658150 setregid32(-1, 0) = 0
14971 15:43:49.658174 setgid32(1000)    = 0
14971 15:43:49.658196 setuid32(1000)    = 0
14971 15:43:49.658219 setrlimit(RLIMIT_NPROC, {rlim_cur=0, rlim_max=0}) = 0
14971 15:43:49.658249 mmap2(NULL, 12288, PROT_READ|PROT_WRITE, MAP_PRIVATE|MAP_ANONYMOUS, -1, 0) = 0xb7fba000
14971 15:43:49.658284 mprotect(0xb7fbc000, 4096, PROT_NONE) = 0
14971 15:43:49.658310 mprotect(0xb7fba000, 4096, PROT_NONE) = 0
14971 15:43:49.658335 getcwd("/home/msfadmin", 4096) = 15
14971 15:43:49.658365 umask(022)        = 077
14971 15:43:49.658387 getcwd("/home/msfadmin", 4096) = 15
14971 15:43:49.658845 open(".message", O_RDONLY|O_NONBLOCK|O_LARGEFILE) = -1 ENOENT (No such file or directory)
14971 15:43:49.658900 write(0, "230 Login successful.\r\n", 23) = 23
14971 15:43:49.659075 rt_sigaction(SIGALRM, {0x805cad0, ~[RTMIN RT_1], 0}, NULL, 8) = 0
14971 15:43:49.659112 alarm(300)        = 0
14971 15:43:49.659137 mmap2(NULL, 12288, PROT_READ|PROT_WRITE, MAP_PRIVATE|MAP_ANONYMOUS, -1, 0) = 0xb7fb7000
14971 15:43:49.659163 mprotect(0xb7fb9000, 4096, PROT_NONE) = 0
14971 15:43:49.659188 mprotect(0xb7fb7000, 4096, PROT_NONE) = 0
14971 15:43:49.659217 recv(0, "TYPE I\r\n", 4096, MSG_PEEK) = 8
14971 15:43:49.659273 read(0, "TYPE I\r\n", 8) = 8
14971 15:43:49.659313 write(0, "200 Switching to Binary mode.\r\n", 31) = 31
14971 15:43:49.659402 rt_sigaction(SIGALRM, {0x805cad0, ~[RTMIN RT_1], 0}, NULL, 8) = 0
14971 15:43:49.659435 alarm(300)        = 300
14971 15:43:49.659460 recv(0, "PASV\r\n", 4096, MSG_PEEK) = 6
14971 15:43:49.659486 read(0, "PASV\r\n", 6) = 6
14971 15:43:49.659513 write(5, "\n", 1) = 1
14971 15:43:49.659537 read(5,  <unfinished ...>
14969 15:43:49.659564 close(5)          = 0
14969 15:43:49.659593 getuid32()        = 0
14969 15:43:49.659626 open("/etc/passwd", O_RDONLY|0x80000 /* O_??? */) = 5
14969 15:43:49.659659 _llseek(5, 0, [0], SEEK_CUR) = 0
14969 15:43:49.659689 fstat64(5, {st_mode=S_IFREG|0644, st_size=1624, ...}) = 0
14969 15:43:49.659729 mmap2(NULL, 1624, PROT_READ, MAP_SHARED, 5, 0) = 0xb7fbc000
14969 15:43:49.659754 _llseek(5, 1624, [1624], SEEK_SET) = 0
14969 15:43:49.659793 munmap(0xb7fbc000, 1624) = 0
14969 15:43:49.659819 close(5)          = 0
14969 15:43:49.659854 setgroups32(0, []) = 0
14969 15:43:49.659879 chdir("/usr/share/empty") = 0
14969 15:43:49.659907 chroot(".")       = 0
14969 15:43:49.659931 capset(NULL, NULL) = -1 EFAULT (Bad address)
14969 15:43:49.659960 prctl(0x8, 0, 0xbffff298, 0x80549a6, 0xbffff280) = 0
14969 15:43:49.659985 prctl(0x8, 0x1, 0xbffff298, 0x8054a49, 0xbffff280) = 0
14969 15:43:49.660008 setgid32(65534)   = 0
14969 15:43:49.660030 setuid32(65534)   = 0
14969 15:43:49.660052 capset(0x19980330, 0, {CAP_NET_BIND_SERVICE, CAP_NET_BIND_SERVICE, 0}) = 0
14969 15:43:49.660082 read(4, "\n", 1)  = 1
14969 15:43:49.660112 write(4, "\1", 1) = 1
14971 15:43:49.660136 <... read resumed> "\1", 1) = 1
14971 15:43:49.660153 write(5, "\f", 1) = 1
14971 15:43:49.660176 read(5,  <unfinished ...>
14969 15:43:49.660192 read(4, "\f", 1)  = 1
14969 15:43:49.660248 socket(PF_INET, SOCK_STREAM, IPPROTO_TCP) = 5
14969 15:43:49.660279 setsockopt(5, SOL_SOCKET, SO_REUSEADDR, [1], 4) = 0
14969 15:43:49.660305 gettimeofday({1495655029, 660313}, NULL) = 0
14969 15:43:49.660341 bind(5, {sa_family=AF_INET, sin_port=htons(53447), sin_addr=inet_addr("127.0.0.1")}, 16) = 0
14969 15:43:49.660375 listen(5, 1)      = 0
14969 15:43:49.660404 write(4, "\307\320\0\0", 4) = 4
14971 15:43:49.660430 <... read resumed> "\307\320\0\0", 4) = 4
14971 15:43:49.660461 write(0, "227 Entering Passive Mode (127,0,0,1,208,199).\r\n", 48) = 48
14971 15:43:49.660674 rt_sigaction(SIGALRM, {0x805cad0, ~[RTMIN RT_1], 0}, NULL, 8) = 0
14971 15:43:49.660711 alarm(300)        = 300
14971 15:43:49.660736 recv(0, "STOR myfile19\r\n", 4096, MSG_PEEK) = 15
14971 15:43:49.660764 read(0, "STOR myfile19\r\n", 15) = 15
14971 15:43:49.660797 write(5, "\v", 1) = 1
14971 15:43:49.660822 read(5,  <unfinished ...>
14969 15:43:49.660838 read(4, "\v", 1)  = 1
14969 15:43:49.660863 write(4, "\1\0\0\0", 4) = 4
14971 15:43:49.660887 <... read resumed> "\1\0\0\0", 4) = 4
14971 15:43:49.660906 gettimeofday({1495655029, 660914}, NULL) = 0
14971 15:43:49.660930 getcwd("/home/msfadmin", 4096) = 15
14971 15:43:49.660958 open("myfile19", O_WRONLY|O_CREAT|O_NONBLOCK|O_LARGEFILE, 0666) = 4
14971 15:43:49.660997 fstat64(4, {st_mode=S_IFREG|0644, st_size=17, ...}) = 0
14971 15:43:49.661035 fcntl64(4, F_GETFL) = 0x8801 (flags O_WRONLY|O_NONBLOCK|O_LARGEFILE)
14971 15:43:49.661060 fcntl64(4, F_SETFL, O_WRONLY|O_LARGEFILE) = 0
14971 15:43:49.661082 fcntl64(4, F_SETLKW64, {type=F_WRLCK, whence=SEEK_SET, start=0, len=0}, 0xbffff1e4) = 0
14971 15:43:49.661116 ftruncate64(4, 0) = 0
14971 15:43:49.661154 _llseek(4, 0, [0], SEEK_SET) = 0
14971 15:43:49.661207 write(5, "\v", 1) = 1
14971 15:43:49.661234 read(5,  <unfinished ...>
14969 15:43:49.661251 read(4, "\v", 1)  = 1
14969 15:43:49.661276 write(4, "\1\0\0\0", 4) = 4
14971 15:43:49.661300 <... read resumed> "\1\0\0\0", 4) = 4
14971 15:43:49.661317 write(5, "\v", 1) = 1
14971 15:43:49.661339 read(5,  <unfinished ...>
14969 15:43:49.661354 read(4, "\v", 1)  = 1
14969 15:43:49.661378 write(4, "\1\0\0\0", 4) = 4
14971 15:43:49.661401 <... read resumed> "\1\0\0\0", 4) = 4
14971 15:43:49.661417 write(5, "\r", 1) = 1
14971 15:43:49.661440 read(5,  <unfinished ...>
14969 15:43:49.661455 read(4, "\r", 1)  = 1
14969 15:43:49.661483 select(6, [5], NULL, NULL, {60, 0}) = 1 (in [5], left {60, 0})
14969 15:43:49.661522 accept(5, {sa_family=AF_INET, sin_port=htons(56311), sin_addr=inet_addr("127.0.0.1")}, [16]) = 6
14969 15:43:49.661571 write(4, "\1", 1) = 1
14971 15:43:49.661594 <... read resumed> "\1", 1) = 1
14971 15:43:49.661615 recvmsg(5,  <unfinished ...>
14969 15:43:49.661636 sendmsg(4, {msg_name(0)=NULL, msg_iov(1)=[{"\0", 1}], msg_controllen=16, {cmsg_len=16, cmsg_level=SOL_SOCKET, cmsg_type=SCM_RIGHTS, {6}}, msg_flags=0}, 0) = 1
14971 15:43:49.661674 <... recvmsg resumed> {msg_name(0)=NULL, msg_iov(1)=[{"\0", 1}], msg_controllen=16, {cmsg_len=16, cmsg_level=SOL_SOCKET, cmsg_type=SCM_RIGHTS, {6}}, msg_flags=0}, 0) = 1
14971 15:43:49.661703 setsockopt(6, SOL_SOCKET, SO_KEEPALIVE, [1], 4) = 0
14971 15:43:49.661731 setsockopt(6, SOL_IP, IP_TOS, [8], 4) = 0
14971 15:43:49.661757 setsockopt(6, SOL_SOCKET, SO_LINGER, {onoff=1, linger=32767}, 8) = 0
14971 15:43:49.661782 rt_sigaction(SIGALRM, {0x805cad0, ~[RTMIN RT_1], 0}, NULL, 8) = 0
14971 15:43:49.661851 alarm(300)        = 300
14971 15:43:49.661886 write(0, "150 Ok to send data.\r\n", 22) = 22
14971 15:43:49.662024 mmap2(NULL, 77824, PROT_READ|PROT_WRITE, MAP_PRIVATE|MAP_ANONYMOUS, -1, 0) = 0xb7df1000
14971 15:43:49.662054 mprotect(0xb7e03000, 4096, PROT_NONE) = 0
14971 15:43:49.662082 mprotect(0xb7df1000, 4096, PROT_NONE) = 0
14971 15:43:49.662106 read(6, "assasaaa\na\na\na\na\n", 65536) = 17
14971 15:43:49.662185 write(4, "assasaaa\na\na\na\na\n", 17) = 17
14971 15:43:49.662224 read(6, "", 65536) = 0
14971 15:43:49.662248 rt_sigaction(SIGALRM, {0x805cad0, ~[RTMIN RT_1], 0}, NULL, 8) = 0
14971 15:43:49.662279 alarm(300)        = 300
14971 15:43:49.662302 close(6)          = 0
14971 15:43:49.662328 alarm(0)          = 300
14971 15:43:49.662354 gettimeofday({1495655029, 662362}, NULL) = 0
14971 15:43:49.662393 getpid()          = 14971
14971 15:43:49.662421 gettimeofday({1495655029, 662429}, NULL) = 0
14971 15:43:49.662458 fcntl64(3, F_SETLKW64, {type=F_WRLCK, whence=SEEK_SET, start=0, len=0}, 0xbffff184) = 0
14971 15:43:49.662491 write(3, "Wed May 24 15:43:49 2017 [pid 14971] [msfadmin] OK UPLOAD: Client \"127.0.0.1\", \"/home/msfadmin/myfile19\", 17 bytes, 10.96Kbyte/sec\n", 131) = 131
14971 15:43:49.662536 fcntl64(3, F_SETLK64, {type=F_UNLCK, whence=SEEK_SET, start=0, len=0}, 0xbffff18c) = 0
14971 15:43:49.662568 write(0, "226 Transfer complete.\r\n", 24) = 24
14971 15:43:49.662659 write(5, "\n", 1) = 1
14971 15:43:49.662685 read(5,  <unfinished ...>
14969 15:43:49.662701 close(6)          = 0
14969 15:43:49.662741 read(4, "\n", 1)  = 1
14969 15:43:49.662768 close(5)          = 0
14969 15:43:49.662792 write(4, "\1", 1) = 1
14971 15:43:49.662816 <... read resumed> "\1", 1) = 1
14971 15:43:49.662832 close(4)          = 0
14971 15:43:49.662856 rt_sigaction(SIGALRM, {0x805cad0, ~[RTMIN RT_1], 0}, NULL, 8) = 0
14971 15:43:49.662885 alarm(300)        = 0
14971 15:43:49.662910 recv(0,  <unfinished ...>
14969 15:43:49.662927 read(4,  <unfinished ...>
14971 15:43:50.182875 <... recv resumed> "TYPE I\r\n", 4096, MSG_PEEK) = 8
14971 15:43:50.183061 read(0, "TYPE I\r\n", 8) = 8
14971 15:43:50.183244 write(0, "200 Switching to Binary mode.\r\n", 31) = 31
14971 15:43:50.183683 rt_sigaction(SIGALRM, {0x805cad0, ~[RTMIN RT_1], 0}, NULL, 8) = 0
14971 15:43:50.183763 alarm(300)        = 299
14971 15:43:50.183818 recv(0, "PASV\r\n", 4096, MSG_PEEK) = 6
14971 15:43:50.183871 read(0, "PASV\r\n", 6) = 6
14971 15:43:50.183926 write(5, "\n", 1) = 1
14971 15:43:50.183978 read(5,  <unfinished ...>
14969 15:43:50.184013 <... read resumed> "\n", 1) = 1
14969 15:43:50.184050 write(4, "\1", 1) = 1
14971 15:43:50.184098 <... read resumed> "\1", 1) = 1
14971 15:43:50.184130 write(5, "\f", 1) = 1
14971 15:43:50.184175 read(5,  <unfinished ...>
14969 15:43:50.184205 read(4, "\f", 1)  = 1
14969 15:43:50.184259 socket(PF_INET, SOCK_STREAM, IPPROTO_TCP) = 5
14969 15:43:50.184320 setsockopt(5, SOL_SOCKET, SO_REUSEADDR, [1], 4) = 0
14969 15:43:50.184379 bind(5, {sa_family=AF_INET, sin_port=htons(30612), sin_addr=inet_addr("127.0.0.1")}, 16) = 0
14969 15:43:50.184495 listen(5, 1)      = 0
14969 15:43:50.184555 write(4, "\224w\0\0", 4) = 4
14971 15:43:50.184606 <... read resumed> "\224w\0\0", 4) = 4
14971 15:43:50.184661 write(0, "227 Entering Passive Mode (127,0,0,1,119,148).\r\n", 48) = 48
14971 15:43:50.185073 rt_sigaction(SIGALRM, {0x805cad0, ~[RTMIN RT_1], 0}, NULL, 8) = 0
14971 15:43:50.185148 alarm(300)        = 300
14971 15:43:50.185200 recv(0, "STOR myfile20\r\n", 4096, MSG_PEEK) = 15
14971 15:43:50.185256 read(0, "STOR myfile20\r\n", 15) = 15
14971 15:43:50.185316 write(5, "\v", 1) = 1
14971 15:43:50.185400 read(5,  <unfinished ...>
14969 15:43:50.185447 read(4, "\v", 1)  = 1
14969 15:43:50.185500 write(4, "\1\0\0\0", 4) = 4
14971 15:43:50.185549 <... read resumed> "\1\0\0\0", 4) = 4
14971 15:43:50.185585 gettimeofday({1495655030, 185602}, NULL) = 0
14971 15:43:50.185634 getcwd("/home/msfadmin", 4096) = 15
14971 15:43:50.185690 open("myfile20", O_WRONLY|O_CREAT|O_NONBLOCK|O_LARGEFILE, 0666) = 4
14971 15:43:50.185750 fstat64(4, {st_mode=S_IFREG|0644, st_size=17, ...}) = 0
14971 15:43:50.185827 fcntl64(4, F_GETFL) = 0x8801 (flags O_WRONLY|O_NONBLOCK|O_LARGEFILE)
14971 15:43:50.185876 fcntl64(4, F_SETFL, O_WRONLY|O_LARGEFILE) = 0
14971 15:43:50.185921 fcntl64(4, F_SETLKW64, {type=F_WRLCK, whence=SEEK_SET, start=0, len=0}, 0xbffff1e4) = 0
14971 15:43:50.185981 ftruncate64(4, 0) = 0
14971 15:43:50.186055 _llseek(4, 0, [0], SEEK_SET) = 0
14971 15:43:50.186104 write(5, "\v", 1) = 1
14971 15:43:50.186150 read(5,  <unfinished ...>
14969 15:43:50.186182 read(4, "\v", 1)  = 1
14969 15:43:50.186232 write(4, "\1\0\0\0", 4) = 4
14971 15:43:50.186279 <... read resumed> "\1\0\0\0", 4) = 4
14971 15:43:50.186313 write(5, "\v", 1) = 1
14971 15:43:50.186397 read(5,  <unfinished ...>
14969 15:43:50.186437 read(4, "\v", 1)  = 1
14969 15:43:50.186515 write(4, "\1\0\0\0", 4) = 4
14971 15:43:50.186580 <... read resumed> "\1\0\0\0", 4) = 4
14971 15:43:50.186615 write(5, "\r", 1) = 1
14971 15:43:50.186660 read(5,  <unfinished ...>
14969 15:43:50.186691 read(4, "\r", 1)  = 1
14969 15:43:50.186743 select(6, [5], NULL, NULL, {60, 0}) = 1 (in [5], left {60, 0})
14969 15:43:50.186814 accept(5, {sa_family=AF_INET, sin_port=htons(41026), sin_addr=inet_addr("127.0.0.1")}, [16]) = 6
14969 15:43:50.186911 write(4, "\1", 1) = 1
14971 15:43:50.186957 <... read resumed> "\1", 1) = 1
14971 15:43:50.186995 recvmsg(5,  <unfinished ...>
14969 15:43:50.187033 sendmsg(4, {msg_name(0)=NULL, msg_iov(1)=[{"\0", 1}], msg_controllen=16, {cmsg_len=16, cmsg_level=SOL_SOCKET, cmsg_type=SCM_RIGHTS, {6}}, msg_flags=0}, 0) = 1
14971 15:43:50.187107 <... recvmsg resumed> {msg_name(0)=NULL, msg_iov(1)=[{"\0", 1}], msg_controllen=16, {cmsg_len=16, cmsg_level=SOL_SOCKET, cmsg_type=SCM_RIGHTS, {6}}, msg_flags=0}, 0) = 1
14971 15:43:50.187165 setsockopt(6, SOL_SOCKET, SO_KEEPALIVE, [1], 4) = 0
14971 15:43:50.187220 setsockopt(6, SOL_IP, IP_TOS, [8], 4) = 0
14971 15:43:50.187272 setsockopt(6, SOL_SOCKET, SO_LINGER, {onoff=1, linger=32767}, 8) = 0
14971 15:43:50.187385 rt_sigaction(SIGALRM, {0x805cad0, ~[RTMIN RT_1], 0}, NULL, 8) = 0
14971 15:43:50.187451 alarm(300)        = 300
14971 15:43:50.187509 write(0, "150 Ok to send data.\r\n", 22) = 22
14971 15:43:50.187779 read(6, "assasaaa\na\na\na\na\n", 65536) = 17
14971 15:43:50.187843 write(4, "assasaaa\na\na\na\na\n", 17) = 17
14971 15:43:50.187911 read(6, "", 65536) = 0
14971 15:43:50.188056 rt_sigaction(SIGALRM, {0x805cad0, ~[RTMIN RT_1], 0}, NULL, 8) = 0
14971 15:43:50.188124 alarm(300)        = 300
14971 15:43:50.188170 close(6)          = 0
14971 15:43:50.188212 alarm(0)          = 300
14971 15:43:50.188297 gettimeofday({1495655030, 188318}, NULL) = 0
14971 15:43:50.188367 gettimeofday({1495655030, 188385}, NULL) = 0
14971 15:43:50.188425 fcntl64(3, F_SETLKW64, {type=F_WRLCK, whence=SEEK_SET, start=0, len=0}, 0xbffff184) = 0
14971 15:43:50.188490 write(3, "Wed May 24 15:43:50 2017 [pid 14971] [msfadmin] OK UPLOAD: Client \"127.0.0.1\", \"/home/msfadmin/myfile20\", 17 bytes, 5.97Kbyte/sec\n", 130) = 130
14971 15:43:50.188580 fcntl64(3, F_SETLK64, {type=F_UNLCK, whence=SEEK_SET, start=0, len=0}, 0xbffff18c) = 0
14971 15:43:50.188644 write(0, "226 Transfer complete.\r\n", 24) = 24
14971 15:43:50.188825 write(5, "\n", 1) = 1
14971 15:43:50.188879 read(5,  <unfinished ...>
14969 15:43:50.188912 close(6)          = 0
14969 15:43:50.188991 read(4, "\n", 1)  = 1
14969 15:43:50.189042 close(5)          = 0
14969 15:43:50.189090 write(4, "\1", 1) = 1
14971 15:43:50.189138 <... read resumed> "\1", 1) = 1
14971 15:43:50.189170 close(4)          = 0
14971 15:43:50.189267 rt_sigaction(SIGALRM, {0x805cad0, ~[RTMIN RT_1], 0}, NULL, 8) = 0
14971 15:43:50.189341 alarm(300)        = 0
14971 15:43:50.189392 recv(0,  <unfinished ...>
14969 15:43:50.189428 read(4,  <unfinished ...>
14971 15:43:50.722367 <... recv resumed> "TYPE I\r\n", 4096, MSG_PEEK) = 8
14971 15:43:50.722543 read(0, "TYPE I\r\n", 8) = 8
14971 15:43:50.722786 write(0, "200 Switching to Binary mode.\r\n", 31) = 31
14971 15:43:50.723183 rt_sigaction(SIGALRM, {0x805cad0, ~[RTMIN RT_1], 0}, NULL, 8) = 0
14971 15:43:50.723355 alarm(300)        = 299
14971 15:43:50.723487 recv(0, "PASV\r\n", 4096, MSG_PEEK) = 6
14971 15:43:50.723575 read(0, "PASV\r\n", 6) = 6
14971 15:43:50.723710 write(5, "\n", 1) = 1
14971 15:43:50.723795 read(5,  <unfinished ...>
14969 15:43:50.723846 <... read resumed> "\n", 1) = 1
14969 15:43:50.723960 write(4, "\1", 1) = 1
14971 15:43:50.724080 <... read resumed> "\1", 1) = 1
14971 15:43:50.724215 write(5, "\f", 1) = 1
14971 15:43:50.724293 read(5,  <unfinished ...>
14969 15:43:50.724340 read(4, "\f", 1)  = 1
14969 15:43:50.724402 socket(PF_INET, SOCK_STREAM, IPPROTO_TCP) = 5
14969 15:43:50.724466 setsockopt(5, SOL_SOCKET, SO_REUSEADDR, [1], 4) = 0
14969 15:43:50.724527 bind(5, {sa_family=AF_INET, sin_port=htons(30625), sin_addr=inet_addr("127.0.0.1")}, 16) = 0
14969 15:43:50.724658 listen(5, 1)      = 0
14969 15:43:50.724718 write(4, "\241w\0\0", 4) = 4
14971 15:43:50.724770 <... read resumed> "\241w\0\0", 4) = 4
14971 15:43:50.724863 write(0, "227 Entering Passive Mode (127,0,0,1,119,161).\r\n", 48) = 48
14971 15:43:50.725405 rt_sigaction(SIGALRM, {0x805cad0, ~[RTMIN RT_1], 0}, NULL, 8) = 0
14971 15:43:50.725539 alarm(300)        = 300
14971 15:43:50.725638 recv(0, "STOR myfile21\r\n", 4096, MSG_PEEK) = 15
14971 15:43:50.725699 read(0, "STOR myfile21\r\n", 15) = 15
14971 15:43:50.725760 write(5, "\v", 1) = 1
14971 15:43:50.725808 read(5,  <unfinished ...>
14969 15:43:50.725882 read(4, "\v", 1)  = 1
14969 15:43:50.725935 write(4, "\1\0\0\0", 4) = 4
14971 15:43:50.725984 <... read resumed> "\1\0\0\0", 4) = 4
14971 15:43:50.726020 gettimeofday({1495655030, 726037}, NULL) = 0
14971 15:43:50.726069 getcwd("/home/msfadmin", 4096) = 15
14971 15:43:50.726125 open("myfile21", O_WRONLY|O_CREAT|O_NONBLOCK|O_LARGEFILE, 0666) = 4
14971 15:43:50.726188 fstat64(4, {st_mode=S_IFREG|0644, st_size=17, ...}) = 0
14971 15:43:50.726265 fcntl64(4, F_GETFL) = 0x8801 (flags O_WRONLY|O_NONBLOCK|O_LARGEFILE)
14971 15:43:50.726314 fcntl64(4, F_SETFL, O_WRONLY|O_LARGEFILE) = 0
14971 15:43:50.726382 fcntl64(4, F_SETLKW64, {type=F_WRLCK, whence=SEEK_SET, start=0, len=0}, 0xbffff1e4) = 0
14971 15:43:50.726444 ftruncate64(4, 0) = 0
14971 15:43:50.726514 _llseek(4, 0,  <unfinished ...>
14969 15:43:50.726546 read(4,  <unfinished ...>
14971 15:43:50.726571 <... _llseek resumed> [0], SEEK_SET) = 0
14971 15:43:50.726605 write(5, "\v", 1) = 1
14969 15:43:50.726693 <... read resumed> "\v", 1) = 1
14969 15:43:50.726729 write(4, "\1\0\0\0", 4 <unfinished ...>
14971 15:43:50.726764 read(5,  <unfinished ...>
14969 15:43:50.726789 <... write resumed> ) = 4
14971 15:43:50.726844 <... read resumed> "\1\0\0\0", 4) = 4
14969 15:43:50.726890 read(4,  <unfinished ...>
14971 15:43:50.726919 write(5, "\v", 1) = 1
14969 15:43:50.726966 <... read resumed> "\v", 1) = 1
14971 15:43:50.726997 read(5,  <unfinished ...>
14969 15:43:50.727025 write(4, "\1\0\0\0", 4) = 4
14971 15:43:50.727072 <... read resumed> "\1\0\0\0", 4) = 4
14969 15:43:50.727105 read(4,  <unfinished ...>
14971 15:43:50.727163 write(5, "\r", 1) = 1
14969 15:43:50.727218 <... read resumed> "\r", 1) = 1
14971 15:43:50.727249 read(5,  <unfinished ...>
14969 15:43:50.727280 select(6, [5], NULL, NULL, {60, 0}) = 1 (in [5], left {60, 0})
14969 15:43:50.727355 accept(5, {sa_family=AF_INET, sin_port=htons(55200), sin_addr=inet_addr("127.0.0.1")}, [16]) = 6
14969 15:43:50.727452 write(4, "\1", 1) = 1
14971 15:43:50.727498 <... read resumed> "\1", 1) = 1
14971 15:43:50.727536 recvmsg(5,  <unfinished ...>
14969 15:43:50.727574 sendmsg(4, {msg_name(0)=NULL, msg_iov(1)=[{"\0", 1}], msg_controllen=16, {cmsg_len=16, cmsg_level=SOL_SOCKET, cmsg_type=SCM_RIGHTS, {6}}, msg_flags=0}, 0) = 1
14971 15:43:50.727691 <... recvmsg resumed> {msg_name(0)=NULL, msg_iov(1)=[{"\0", 1}], msg_controllen=16, {cmsg_len=16, cmsg_level=SOL_SOCKET, cmsg_type=SCM_RIGHTS, {6}}, msg_flags=0}, 0) = 1
14971 15:43:50.727754 setsockopt(6, SOL_SOCKET, SO_KEEPALIVE, [1], 4) = 0
14971 15:43:50.727982 setsockopt(6, SOL_IP, IP_TOS, [8], 4) = 0
14971 15:43:50.728045 setsockopt(6, SOL_SOCKET, SO_LINGER, {onoff=1, linger=32767}, 8) = 0
14971 15:43:50.728096 rt_sigaction(SIGALRM, {0x805cad0, ~[RTMIN RT_1], 0}, NULL, 8) = 0
14971 15:43:50.728158 alarm(300)        = 300
14971 15:43:50.728217 write(0, "150 Ok to send data.\r\n", 22 <unfinished ...>
14969 15:43:50.728256 close(6)          = 0
14971 15:43:50.728560 <... write resumed> ) = 22
14969 15:43:50.728610 read(4,  <unfinished ...>
14971 15:43:50.728646 read(6, "assasaaa\na\na\na\na\n", 65536) = 17
14971 15:43:50.728703 write(4, "assasaaa\na\na\na\na\n", 17) = 17
14971 15:43:50.728773 read(6, "", 65536) = 0
14971 15:43:50.728874 rt_sigaction(SIGALRM, {0x805cad0, ~[RTMIN RT_1], 0}, NULL, 8) = 0
14971 15:43:50.728939 alarm(300)        = 300
14971 15:43:50.728984 close(6)          = 0
14971 15:43:50.729065 alarm(0)          = 300
14971 15:43:50.729111 gettimeofday({1495655030, 729128}, NULL) = 0
14971 15:43:50.729176 gettimeofday({1495655030, 729194}, NULL) = 0
