19027 16:35:35.948162 setgid32(1000)    = 0
19027 16:35:35.948201 setuid32(1000)    = 0
19027 16:35:35.948239 setrlimit(RLIMIT_NPROC, {rlim_cur=0, rlim_max=0}) = 0
19027 16:35:35.948287 mmap2(NULL, 12288, PROT_READ|PROT_WRITE, MAP_PRIVATE|MAP_ANONYMOUS, -1, 0) = 0xb7f37000
19027 16:35:35.948329 mprotect(0xb7f39000, 4096, PROT_NONE) = 0
19027 16:35:35.948372 mprotect(0xb7f37000, 4096, PROT_NONE) = 0
19027 16:35:35.948413 getcwd("/home/msfadmin", 4096) = 15
19027 16:35:35.948460 umask(022)        = 077
19027 16:35:35.948499 getcwd("/home/msfadmin", 4096) = 15
19027 16:35:35.948546 open(".message", O_RDONLY|O_NONBLOCK|O_LARGEFILE) = -1 ENOENT (No such file or directory)
19027 16:35:35.948616 write(0, "230 Login successful.\r\n", 23) = 23
19027 16:35:35.948885 rt_sigaction(SIGALRM, {0x805cad0, ~[RTMIN RT_1], 0}, NULL, 8) = 0
19027 16:35:35.948943 alarm(300)        = 0
19027 16:35:35.949015 mmap2(NULL, 12288, PROT_READ|PROT_WRITE, MAP_PRIVATE|MAP_ANONYMOUS, -1, 0) = 0xb7f34000
19027 16:35:35.949108 mprotect(0xb7f36000, 4096, PROT_NONE) = 0
19027 16:35:35.949154 mprotect(0xb7f34000, 4096, PROT_NONE) = 0
19027 16:35:35.949202 recv(0, "TYPE I\r\n", 4096, MSG_PEEK) = 8
19027 16:35:35.949249 read(0, "TYPE I\r\n", 8) = 8
19027 16:35:35.949305 write(0, "200 Switching to Binary mode.\r\n", 31) = 31
19027 16:35:35.949454 rt_sigaction(SIGALRM, {0x805cad0, ~[RTMIN RT_1], 0}, NULL, 8) = 0
19027 16:35:35.949505 alarm(300)        = 300
19027 16:35:35.949577 recv(0, "PASV\r\n", 4096, MSG_PEEK) = 6
19027 16:35:35.949577 read(0, "PASV\r\n", 6) = 6
19027 16:35:35.949577 write(5, "\n", 1) = 1
19027 16:35:35.949577 read(5,  <unfinished ...>
19025 16:35:35.949577 close(5)          = 0
19025 16:35:35.949577 getuid32()        = 0
19025 16:35:35.949577 open("/etc/passwd", O_RDONLY|0x80000 /* O_??? */) = 5
19025 16:35:35.949577 _llseek(5, 0, [0], SEEK_CUR) = 0
19025 16:35:35.949577 fstat64(5, {st_mode=S_IFREG|0644, st_size=1624, ...}) = 0
19025 16:35:35.949577 mmap2(NULL, 1624, PROT_READ, MAP_SHARED, 5, 0) = 0xb7f39000
19025 16:35:35.949577 _llseek(5, 1624, [1624], SEEK_SET) = 0
19025 16:35:35.949577 munmap(0xb7f39000, 1624) = 0
19025 16:35:35.949577 close(5)          = 0
19025 16:35:35.949577 setgroups32(0, []) = 0
19025 16:35:35.949577 chdir("/usr/share/empty") = 0
19025 16:35:35.949577 chroot(".")       = 0
19025 16:35:35.949577 capset(NULL, NULL) = -1 EFAULT (Bad address)
19025 16:35:35.949577 prctl(0x8, 0, 0xbf986c28, 0x80549a6, 0xbf986c10) = 0
19025 16:35:35.949577 prctl(0x8, 0x1, 0xbf986c28, 0x8054a49, 0xbf986c10) = 0
19025 16:35:35.949577 setgid32(65534)   = 0
19025 16:35:35.949577 setuid32(65534)   = 0
19025 16:35:35.949577 capset(0x19980330, 0, {CAP_NET_BIND_SERVICE, CAP_NET_BIND_SERVICE, 0}) = 0
19025 16:35:35.949577 read(4, "\n", 1)  = 1
19025 16:35:35.949577 write(4, "\1", 1) = 1
19027 16:35:35.949577 <... read resumed> "\1", 1) = 1
19027 16:35:35.949577 write(5, "\f", 1) = 1
19027 16:35:35.949577 read(5,  <unfinished ...>
19025 16:35:35.949577 read(4, "\f", 1)  = 1
19025 16:35:35.949577 socket(PF_INET, SOCK_STREAM, IPPROTO_TCP) = 5
19025 16:35:35.949577 setsockopt(5, SOL_SOCKET, SO_REUSEADDR, [1], 4) = 0
19025 16:35:35.949577 gettimeofday({1495658135, 949577}, NULL) = 0
19025 16:35:35.949577 bind(5, {sa_family=AF_INET, sin_port=htons(27055), sin_addr=inet_addr("127.0.0.1")}, 16) = 0
19025 16:35:35.949577 listen(5, 1)      = 0
19025 16:35:35.949577 write(4, "\257i\0\0", 4) = 4
19027 16:35:35.949577 <... read resumed> "\257i\0\0", 4) = 4
19027 16:35:35.949577 write(0, "227 Entering Passive Mode (127,0,0,1,105,175).\r\n", 48) = 48
19027 16:35:35.951641 rt_sigaction(SIGALRM, {0x805cad0, ~[RTMIN RT_1], 0}, NULL, 8) = 0
19027 16:35:35.951733 alarm(300)        = 300
19027 16:35:35.951806 recv(0, "STOR myfile1\r\n", 4096, MSG_PEEK) = 14
19027 16:35:35.951852 read(0, "STOR myfile1\r\n", 14) = 14
19027 16:35:35.951904 write(5, "\v", 1) = 1
19027 16:35:35.951950 read(5,  <unfinished ...>
19025 16:35:35.951983 read(4, "\v", 1)  = 1
19025 16:35:35.952025 write(4, "\1\0\0\0", 4) = 4
19027 16:35:35.952066 <... read resumed> "\1\0\0\0", 4) = 4
19027 16:35:35.952101 gettimeofday({1495658135, 952126}, NULL) = 0
19027 16:35:35.952159 getcwd("/home/msfadmin", 4096) = 15
19027 16:35:35.952204 open("myfile1", O_WRONLY|O_CREAT|O_NONBLOCK|O_LARGEFILE, 0666) = 4
19027 16:35:35.952251 fstat64(4, {st_mode=S_IFREG|0644, st_size=17, ...}) = 0
19027 16:35:35.952307 fcntl64(4, F_GETFL) = 0x8801 (flags O_WRONLY|O_NONBLOCK|O_LARGEFILE)
19027 16:35:35.952347 fcntl64(4, F_SETFL, O_WRONLY|O_LARGEFILE) = 0
19027 16:35:35.952385 fcntl64(4, F_SETLKW64, {type=F_WRLCK, whence=SEEK_SET, start=0, len=0}, 0xbf986b74) = 0
19027 16:35:35.952437 ftruncate64(4, 0) = 0
19027 16:35:35.952498 _llseek(4, 0, [0], SEEK_SET) = 0
19027 16:35:35.952541 write(5, "\v", 1) = 1
19027 16:35:35.952581 read(5,  <unfinished ...>
19025 16:35:35.952613 read(4, "\v", 1)  = 1
19025 16:35:35.952655 write(4, "\1\0\0\0", 4) = 4
19027 16:35:35.952695 <... read resumed> "\1\0\0\0", 4) = 4
19027 16:35:35.952728 write(5, "\v", 1) = 1
19027 16:35:35.952767 read(5,  <unfinished ...>
19025 16:35:35.952807 read(4, "\v", 1)  = 1
19025 16:35:35.952848 write(4, "\1\0\0\0", 4) = 4
19027 16:35:35.952922 <... read resumed> "\1\0\0\0", 4) = 4
19027 16:35:35.952959 write(5, "\r", 1) = 1
19027 16:35:35.952997 read(5,  <unfinished ...>
19025 16:35:35.953029 read(4, "\r", 1)  = 1
19025 16:35:35.953075 select(6, [5], NULL, NULL, {60, 0}) = 1 (in [5], left {60, 0})
19025 16:35:35.953131 accept(5, {sa_family=AF_INET, sin_port=htons(60129), sin_addr=inet_addr("127.0.0.1")}, [16]) = 6
19025 16:35:35.953199 write(4, "\1", 1) = 1
19027 16:35:35.953240 <... read resumed> "\1", 1) = 1
19027 16:35:35.953278 recvmsg(5,  <unfinished ...>
19025 16:35:35.953316 sendmsg(4, {msg_name(0)=NULL, msg_iov(1)=[{"\0", 1}], msg_controllen=16, {cmsg_len=16, cmsg_level=SOL_SOCKET, cmsg_type=SCM_RIGHTS, {6}}, msg_flags=0}, 0) = 1
19027 16:35:35.953371 <... recvmsg resumed> {msg_name(0)=NULL, msg_iov(1)=[{"\0", 1}], msg_controllen=16, {cmsg_len=16, cmsg_level=SOL_SOCKET, cmsg_type=SCM_RIGHTS, {6}}, msg_flags=0}, 0) = 1
19027 16:35:35.953417 setsockopt(6, SOL_SOCKET, SO_KEEPALIVE, [1], 4) = 0
19027 16:35:35.953462 setsockopt(6, SOL_IP, IP_TOS, [8], 4) = 0
19027 16:35:35.953504 setsockopt(6, SOL_SOCKET, SO_LINGER, {onoff=1, linger=32767}, 8) = 0
19027 16:35:35.953545 rt_sigaction(SIGALRM, {0x805cad0, ~[RTMIN RT_1], 0}, NULL, 8) = 0
19027 16:35:35.953592 alarm(300)        = 300
19027 16:35:35.953669 write(0, "150 Ok to send data.\r\n", 22) = 22
19027 16:35:35.954077 mmap2(NULL, 77824, PROT_READ|PROT_WRITE, MAP_PRIVATE|MAP_ANONYMOUS, -1, 0) = 0xb7d6e000
19027 16:35:35.954120 mprotect(0xb7d80000, 4096, PROT_NONE) = 0
19027 16:35:35.954156 mprotect(0xb7d6e000, 4096, PROT_NONE) = 0
19027 16:35:35.954189 read(6, "assasaaa\na\na\na\na\n", 65536) = 17
19027 16:35:35.954229 write(4, "assasaaa\na\na\na\na\n", 17) = 17
19027 16:35:35.954274 read(6, "", 65536) = 0
19027 16:35:35.954307 rt_sigaction(SIGALRM, {0x805cad0, ~[RTMIN RT_1], 0}, NULL, 8) = 0
19027 16:35:35.954347 alarm(300)        = 300
19027 16:35:35.954404 close(6)          = 0
19027 16:35:35.954435 alarm(0)          = 300
19027 16:35:35.954481 gettimeofday({1495658135, 954501}, NULL) = 0
19027 16:35:35.954542 getpid()          = 19027
19027 16:35:35.954579 gettimeofday({1495658135, 954609}, NULL) = 0
19027 16:35:35.954644 fcntl64(3, F_SETLKW64, {type=F_WRLCK, whence=SEEK_SET, start=0, len=0}, 0xbf986b14) = 0
19027 16:35:35.954683 write(3, "Wed May 24 16:35:35 2017 [pid 19027] [msfadmin] OK UPLOAD: Client \"127.0.0.1\", \"/home/msfadmin/myfile1\", 17 bytes, 6.69Kbyte/sec\n", 129) = 129
19027 16:35:35.954729 fcntl64(3, F_SETLK64, {type=F_UNLCK, whence=SEEK_SET, start=0, len=0}, 0xbf986b1c) = 0
19027 16:35:35.954767 write(0, "226 Transfer complete.\r\n", 24) = 24
19027 16:35:35.954875 write(5, "\n", 1) = 1
19027 16:35:35.954909 read(5,  <unfinished ...>
19025 16:35:35.954954 close(6)          = 0
19025 16:35:35.955028 read(4, "\n", 1)  = 1
19025 16:35:35.955062 close(5)          = 0
19025 16:35:35.955093 write(4, "\1", 1) = 1
19027 16:35:35.955124 <... read resumed> "\1", 1) = 1
19027 16:35:35.955148 close(4)          = 0
19027 16:35:35.955178 rt_sigaction(SIGALRM, {0x805cad0, ~[RTMIN RT_1], 0}, NULL, 8) = 0
19027 16:35:35.955213 alarm(300)        = 0
19027 16:35:35.955269 recv(0,  <unfinished ...>
19025 16:35:35.955294 read(4,  <unfinished ...>
19027 16:35:36.482119 <... recv resumed> "TYPE I\r\n", 4096, MSG_PEEK) = 8
19027 16:35:36.482240 read(0, "TYPE I\r\n", 8) = 8
19027 16:35:36.482354 write(0, "200 Switching to Binary mode.\r\n", 31) = 31
19027 16:35:36.482788 rt_sigaction(SIGALRM, {0x805cad0, ~[RTMIN RT_1], 0}, NULL, 8) = 0
19027 16:35:36.482897 alarm(300)        = 299
19027 16:35:36.483038 recv(0, "PASV\r\n", 4096, MSG_PEEK) = 6
19027 16:35:36.483120 read(0, "PASV\r\n", 6) = 6
19027 16:35:36.483203 write(5, "\n", 1) = 1
19027 16:35:36.483285 read(5,  <unfinished ...>
19025 16:35:36.483346 <... read resumed> "\n", 1) = 1
19025 16:35:36.483477 write(4, "\1", 1) = 1
19027 16:35:36.483556 <... read resumed> "\1", 1) = 1
19027 16:35:36.483618 write(5, "\f", 1) = 1
19027 16:35:36.483718 read(5,  <unfinished ...>
19025 16:35:36.483791 read(4, "\f", 1)  = 1
19025 16:35:36.483884 socket(PF_INET, SOCK_STREAM, IPPROTO_TCP) = 5
19025 16:35:36.483975 setsockopt(5, SOL_SOCKET, SO_REUSEADDR, [1], 4) = 0
19025 16:35:36.484064 bind(5, {sa_family=AF_INET, sin_port=htons(23835), sin_addr=inet_addr("127.0.0.1")}, 16) = 0
19025 16:35:36.484159 listen(5, 1)      = 0
19025 16:35:36.484245 write(4, "\33]\0\0", 4) = 4
19027 16:35:36.484322 <... read resumed> "\33]\0\0", 4) = 4
19027 16:35:36.484456 write(0, "227 Entering Passive Mode (127,0,0,1,93,27).\r\n", 46) = 46
19027 16:35:36.485120 rt_sigaction(SIGALRM, {0x805cad0, ~[RTMIN RT_1], 0}, NULL, 8) = 0
19027 16:35:36.485225 alarm(300)        = 300
19027 16:35:36.485419 recv(0, "STOR myfile2\r\n", 4096, MSG_PEEK) = 14
19027 16:35:36.485508 read(0, "STOR myfile2\r\n", 14) = 14
19027 16:35:36.485597 write(5, "\v", 1) = 1
19027 16:35:36.485735 read(5,  <unfinished ...>
19025 16:35:36.485797 read(4, "\v", 1)  = 1
19025 16:35:36.485876 write(4, "\1\0\0\0", 4) = 4
19027 16:35:36.485953 <... read resumed> "\1\0\0\0", 4) = 4
19027 16:35:36.486016 gettimeofday({1495658136, 486063}, NULL) = 0
19027 16:35:36.486125 getcwd("/home/msfadmin", 4096) = 15
19027 16:35:36.486209 open("myfile2", O_WRONLY|O_CREAT|O_NONBLOCK|O_LARGEFILE, 0666) = 4
19027 16:35:36.486301 fstat64(4, {st_mode=S_IFREG|0644, st_size=17, ...}) = 0
19027 16:35:36.486456 fcntl64(4, F_GETFL) = 0x8801 (flags O_WRONLY|O_NONBLOCK|O_LARGEFILE)
19027 16:35:36.486577 fcntl64(4, F_SETFL, O_WRONLY|O_LARGEFILE) = 0
19027 16:35:36.486695 fcntl64(4, F_SETLKW64, {type=F_WRLCK, whence=SEEK_SET, start=0, len=0}, 0xbf986b74) = 0
19027 16:35:36.486794 ftruncate64(4, 0) = 0
19027 16:35:36.486895 _llseek(4, 0, [0], SEEK_SET) = 0
19027 16:35:36.486973 write(5, "\v", 1) = 1
19027 16:35:36.487049 read(5,  <unfinished ...>
19025 16:35:36.487109 read(4, "\v", 1)  = 1
19025 16:35:36.487188 write(4, "\1\0\0\0", 4) = 4
19027 16:35:36.487263 <... read resumed> "\1\0\0\0", 4) = 4
19027 16:35:36.487381 write(5, "\v", 1) = 1
19027 16:35:36.487454 read(5,  <unfinished ...>
19025 16:35:36.487514 read(4, "\v", 1)  = 1
19025 16:35:36.487591 write(4, "\1\0\0\0", 4) = 4
19027 16:35:36.487665 <... read resumed> "\1\0\0\0", 4) = 4
19027 16:35:36.487727 write(5, "\r", 1) = 1
19027 16:35:36.487798 read(5,  <unfinished ...>
19025 16:35:36.487856 read(4, "\r", 1)  = 1
19025 16:35:36.487936 select(6, [5], NULL, NULL, {60, 0}) = 1 (in [5], left {60, 0})
19025 16:35:36.488036 accept(5, {sa_family=AF_INET, sin_port=htons(51106), sin_addr=inet_addr("127.0.0.1")}, [16]) = 6
19025 16:35:36.488162 write(4, "\1", 1) = 1
19027 16:35:36.488272 <... read resumed> "\1", 1) = 1
19027 16:35:36.488350 recvmsg(5,  <unfinished ...>
19025 16:35:36.488418 sendmsg(4, {msg_name(0)=NULL, msg_iov(1)=[{"\0", 1}], msg_controllen=16, {cmsg_len=16, cmsg_level=SOL_SOCKET, cmsg_type=SCM_RIGHTS, {6}}, msg_flags=0}, 0) = 1
19027 16:35:36.488522 <... recvmsg resumed> {msg_name(0)=NULL, msg_iov(1)=[{"\0", 1}], msg_controllen=16, {cmsg_len=16, cmsg_level=SOL_SOCKET, cmsg_type=SCM_RIGHTS, {6}}, msg_flags=0}, 0) = 1
19027 16:35:36.488609 setsockopt(6, SOL_SOCKET, SO_KEEPALIVE, [1], 4) = 0
19027 16:35:36.488691 setsockopt(6, SOL_IP, IP_TOS, [8], 4) = 0
19027 16:35:36.488772 setsockopt(6, SOL_SOCKET, SO_LINGER, {onoff=1, linger=32767}, 8) = 0
19027 16:35:36.488848 rt_sigaction(SIGALRM, {0x805cad0, ~[RTMIN RT_1], 0}, NULL, 8) = 0
19027 16:35:36.488935 alarm(300)        = 300
19027 16:35:36.489082 write(0, "150 Ok to send data.\r\n", 22) = 22
19027 16:35:36.489562 read(6, "assasaaa\na\na\na\na\n", 65536) = 17
19027 16:35:36.489593 write(4, "assasaaa\na\na\na\na\n", 17) = 17
19027 16:35:36.489593 read(6, "", 65536) = 0
19027 16:35:36.489593 rt_sigaction(SIGALRM, {0x805cad0, ~[RTMIN RT_1], 0}, NULL, 8) = 0
19027 16:35:36.489593 alarm(300)        = 300
19027 16:35:36.489593 close(6)          = 0
19027 16:35:36.489593 alarm(0)          = 300
19027 16:35:36.489593 gettimeofday({1495658136, 489593}, NULL) = 0
19027 16:35:36.489593 gettimeofday({1495658136, 489593}, NULL) = 0
19025 16:35:36.489593 close(6)          = 0
19027 16:35:36.489593 fcntl64(3, F_SETLKW64, {type=F_WRLCK, whence=SEEK_SET, start=0, len=0}, 0xbf986b14) = 0
19027 16:35:36.489593 write(3, "Wed May 24 16:35:36 2017 [pid 19027] [msfadmin] OK UPLOAD: Client \"127.0.0.1\", \"/home/msfadmin/myfile2\", 17 bytes, 4.70Kbyte/sec\n", 129) = 129
19027 16:35:36.489593 fcntl64(3, F_SETLK64, {type=F_UNLCK, whence=SEEK_SET, start=0, len=0}, 0xbf986b1c) = 0
19027 16:35:36.489593 write(0, "226 Transfer complete.\r\n", 24) = 24
19025 16:35:36.489593 read(4,  <unfinished ...>
19027 16:35:36.492826 write(5, "\n", 1) = 1
19025 16:35:36.492973 <... read resumed> "\n", 1) = 1
19025 16:35:36.493035 close(5)          = 0
19025 16:35:36.493118 write(4, "\1", 1) = 1
19025 16:35:36.493195 read(4,  <unfinished ...>
19027 16:35:36.493252 read(5, "\1", 1)  = 1
19027 16:35:36.493333 close(4)          = 0
19027 16:35:36.493410 rt_sigaction(SIGALRM, {0x805cad0, ~[RTMIN RT_1], 0}, NULL, 8) = 0
19027 16:35:36.493500 alarm(300)        = 0
19027 16:35:36.493635 recv(0, "TYPE I\r\n", 4096, MSG_PEEK) = 8
19027 16:35:37.032870 read(0, "TYPE I\r\n", 8) = 8
19027 16:35:37.033113 write(0, "200 Switching to Binary mode.\r\n", 31) = 31
19027 16:35:37.033476 rt_sigaction(SIGALRM, {0x805cad0, ~[RTMIN RT_1], 0}, NULL, 8) = 0
19027 16:35:37.033591 alarm(300)        = 299
19027 16:35:37.033804 recv(0, "PASV\r\n", 4096, MSG_PEEK) = 6
19027 16:35:37.033889 read(0, "PASV\r\n", 6) = 6
19027 16:35:37.033974 write(5, "\n", 1) = 1
19025 16:35:37.034082 <... read resumed> "\n", 1) = 1
19025 16:35:37.034243 write(4, "\1", 1) = 1
19025 16:35:37.034330 read(4,  <unfinished ...>
19027 16:35:37.034392 read(5, "\1", 1)  = 1
19027 16:35:37.034472 write(5, "\f", 1) = 1
19025 16:35:37.034544 <... read resumed> "\f", 1) = 1
19025 16:35:37.034608 socket(PF_INET, SOCK_STREAM, IPPROTO_TCP) = 5
19025 16:35:37.034752 setsockopt(5, SOL_SOCKET, SO_REUSEADDR, [1], 4) = 0
19025 16:35:37.034841 bind(5, {sa_family=AF_INET, sin_port=htons(60387), sin_addr=inet_addr("127.0.0.1")}, 16) = 0
19025 16:35:37.034937 listen(5, 1)      = 0
19025 16:35:37.035023 write(4, "\343\353\0\0", 4) = 4
19025 16:35:37.035103 read(4,  <unfinished ...>
19027 16:35:37.035163 read(5, "\343\353\0\0", 4) = 4
19027 16:35:37.035263 write(0, "227 Entering Passive Mode (127,0,0,1,235,227).\r\n", 48) = 48
19027 16:35:37.035985 rt_sigaction(SIGALRM, {0x805cad0, ~[RTMIN RT_1], 0}, NULL, 8) = 0
19027 16:35:37.036091 alarm(300)        = 300
19027 16:35:37.036231 recv(0, "STOR myfile3\r\n", 4096, MSG_PEEK) = 14
19027 16:35:37.036316 read(0, "STOR myfile3\r\n", 14) = 14
19027 16:35:37.036405 write(5, "\v", 1) = 1
19025 16:35:37.036481 <... read resumed> "\v", 1) = 1
19025 16:35:37.036542 write(4, "\1\0\0\0", 4) = 4
19025 16:35:37.036629 read(4,  <unfinished ...>
19027 16:35:37.036688 read(5, "\1\0\0\0", 4) = 4
19027 16:35:37.036768 gettimeofday({1495658137, 36815}, NULL) = 0
19027 16:35:37.036876 getcwd("/home/msfadmin", 4096) = 15
19027 16:35:37.036961 open("myfile3", O_WRONLY|O_CREAT|O_NONBLOCK|O_LARGEFILE, 0666) = 4
19027 16:35:37.037049 fstat64(4, {st_mode=S_IFREG|0644, st_size=17, ...}) = 0
19027 16:35:37.037153 fcntl64(4, F_GETFL) = 0x8801 (flags O_WRONLY|O_NONBLOCK|O_LARGEFILE)
19027 16:35:37.037231 fcntl64(4, F_SETFL, O_WRONLY|O_LARGEFILE) = 0
19027 16:35:37.037303 fcntl64(4, F_SETLKW64, {type=F_WRLCK, whence=SEEK_SET, start=0, len=0}, 0xbf986b74) = 0
19027 16:35:37.037391 ftruncate64(4, 0) = 0
19027 16:35:37.037497 _llseek(4, 0, [0], SEEK_SET) = 0
19027 16:35:37.037583 write(5, "\v", 1) = 1
19025 16:35:37.037658 <... read resumed> "\v", 1) = 1
19025 16:35:37.037719 write(4, "\1\0\0\0", 4) = 4
19025 16:35:37.037795 read(4,  <unfinished ...>
19027 16:35:37.037855 read(5, "\1\0\0\0", 4) = 4
19027 16:35:37.038002 write(5, "\v", 1) = 1
19025 16:35:37.038074 <... read resumed> "\v", 1) = 1
19025 16:35:37.038135 write(4, "\1\0\0\0", 4) = 4
19025 16:35:37.038209 read(4,  <unfinished ...>
19027 16:35:37.038267 read(5, "\1\0\0\0", 4) = 4
19027 16:35:37.038345 write(5, "\r", 1) = 1
19025 16:35:37.038416 <... read resumed> "\r", 1) = 1
19025 16:35:37.038479 select(6, [5], NULL, NULL, {60, 0}) = 1 (in [5], left {60, 0})
19025 16:35:37.038612 accept(5, {sa_family=AF_INET, sin_port=htons(45055), sin_addr=inet_addr("127.0.0.1")}, [16]) = 6
19025 16:35:37.038740 write(4, "\1", 1) = 1
19025 16:35:37.038821 sendmsg(4, {msg_name(0)=NULL, msg_iov(1)=[{"\0", 1}], msg_controllen=16, {cmsg_len=16, cmsg_level=SOL_SOCKET, cmsg_type=SCM_RIGHTS, {6}}, msg_flags=0}, 0) = 1
19025 16:35:37.038923 close(6)          = 0
19025 16:35:37.038994 read(4,  <unfinished ...>
19027 16:35:37.039054 read(5, "\1", 1)  = 1
19027 16:35:37.039139 recvmsg(5, {msg_name(0)=NULL, msg_iov(1)=[{"\0", 1}], msg_controllen=16, {cmsg_len=16, cmsg_level=SOL_SOCKET, cmsg_type=SCM_RIGHTS, {6}}, msg_flags=0}, 0) = 1
19027 16:35:37.039246 setsockopt(6, SOL_SOCKET, SO_KEEPALIVE, [1], 4) = 0
19027 16:35:37.039329 setsockopt(6, SOL_IP, IP_TOS, [8], 4) = 0
19027 16:35:37.039410 setsockopt(6, SOL_SOCKET, SO_LINGER, {onoff=1, linger=32767}, 8) = 0
19027 16:35:37.039547 rt_sigaction(SIGALRM, {0x805cad0, ~[RTMIN RT_1], 0}, NULL, 8) = 0
19027 16:35:37.039610 alarm(300)        = 300
19027 16:35:37.039610 write(0, "150 Ok to send data.\r\n", 22) = 22
19027 16:35:37.039610 read(6, "assasaaa\na\na\na\na\n", 65536) = 17
19027 16:35:37.039610 write(4, "assasaaa\na\na\na\na\n", 17) = 17
19027 16:35:37.039610 read(6, "", 65536) = 0
19027 16:35:37.039610 rt_sigaction(SIGALRM, {0x805cad0, ~[RTMIN RT_1], 0}, NULL, 8) = 0
19027 16:35:37.039610 alarm(300)        = 300
19027 16:35:37.039610 close(6)          = 0
19027 16:35:37.039610 alarm(0)          = 300
19027 16:35:37.039610 gettimeofday({1495658137, 39610}, NULL) = 0
19027 16:35:37.039610 gettimeofday({1495658137, 39610}, NULL) = 0
19027 16:35:37.039610 fcntl64(3, F_SETLKW64, {type=F_WRLCK, whence=SEEK_SET, start=0, len=0}, 0xbf986b14) = 0
19027 16:35:37.041694 write(3, "Wed May 24 16:35:37 2017 [pid 19027] [msfadmin] OK UPLOAD: Client \"127.0.0.1\", \"/home/msfadmin/myfile3\", 17 bytes, 5.94Kbyte/sec\n", 129) = 129
19027 16:35:37.041891 fcntl64(3, F_SETLK64, {type=F_UNLCK, whence=SEEK_SET, start=0, len=0}, 0xbf986b1c) = 0
19027 16:35:37.041992 write(0, "226 Transfer complete.\r\n", 24) = 24
19027 16:35:37.042270 write(5, "\n", 1) = 1
19025 16:35:37.042416 <... read resumed> "\n", 1) = 1
19025 16:35:37.042483 close(5)          = 0
19025 16:35:37.042567 write(4, "\1", 1) = 1
19025 16:35:37.042646 read(4,  <unfinished ...>
19027 16:35:37.042708 read(5, "\1", 1)  = 1
19027 16:35:37.042790 close(4)          = 0
19027 16:35:37.042951 rt_sigaction(SIGALRM, {0x805cad0, ~[RTMIN RT_1], 0}, NULL, 8) = 0
19027 16:35:37.043043 alarm(300)        = 0
19027 16:35:37.043179 recv(0, "TYPE I\r\n", 4096, MSG_PEEK) = 8
19027 16:35:37.593038 read(0, "TYPE I\r\n", 8) = 8
19027 16:35:37.593300 write(0, "200 Switching to Binary mode.\r\n", 31) = 31
19027 16:35:37.593762 rt_sigaction(SIGALRM, {0x805cad0, ~[RTMIN RT_1], 0}, NULL, 8) = 0
19027 16:35:37.593903 alarm(300)        = 299
19027 16:35:37.594047 recv(0, "PASV\r\n", 4096, MSG_PEEK) = 6
19027 16:35:37.594130 read(0, "PASV\r\n", 6) = 6
19027 16:35:37.594213 write(5, "\n", 1) = 1
19025 16:35:37.594297 <... read resumed> "\n", 1) = 1
19025 16:35:37.594409 write(4, "\1", 1) = 1
19025 16:35:37.594506 read(4,  <unfinished ...>
19027 16:35:37.594569 read(5, "\1", 1)  = 1
19027 16:35:37.594650 write(5, "\f", 1) = 1
19025 16:35:37.594722 <... read resumed> "\f", 1) = 1
19025 16:35:37.594786 socket(PF_INET, SOCK_STREAM, IPPROTO_TCP) = 5
19025 16:35:37.594876 setsockopt(5, SOL_SOCKET, SO_REUSEADDR, [1], 4) = 0
19025 16:35:37.594964 bind(5, {sa_family=AF_INET, sin_port=htons(32437), sin_addr=inet_addr("127.0.0.1")}, 16) = 0
19025 16:35:37.595058 listen(5, 1)      = 0
19025 16:35:37.595144 write(4, "\265~\0\0", 4) = 4
19025 16:35:37.595222 read(4,  <unfinished ...>
19027 16:35:37.595281 read(5, "\265~\0\0", 4) = 4
19027 16:35:37.595437 write(0, "227 Entering Passive Mode (127,0,0,1,126,181).\r\n", 48) = 48
19027 16:35:37.596175 rt_sigaction(SIGALRM, {0x805cad0, ~[RTMIN RT_1], 0}, NULL, 8) = 0
19027 16:35:37.596284 alarm(300)        = 300
19027 16:35:37.596433 recv(0, "STOR myfile4\r\n", 4096, MSG_PEEK) = 14
19027 16:35:37.596542 read(0, "STOR myfile4\r\n", 14) = 14
19027 16:35:37.596632 write(5, "\v", 1 <unfinished ...>
19025 16:35:37.596698 <... read resumed> "\v", 1) = 1
19027 16:35:37.596749 <... write resumed> ) = 1
19025 16:35:37.596806 write(4, "\1\0\0\0", 4) = 4
19025 16:35:37.596884 read(4,  <unfinished ...>
19027 16:35:37.596943 read(5, "\1\0\0\0", 4) = 4
19027 16:35:37.597024 gettimeofday({1495658137, 597070}, NULL) = 0
19027 16:35:37.597131 getcwd("/home/msfadmin", 4096) = 15
19027 16:35:37.597214 open("myfile4", O_WRONLY|O_CREAT|O_NONBLOCK|O_LARGEFILE, 0666) = 4
19027 16:35:37.597355 fstat64(4, {st_mode=S_IFREG|0644, st_size=17, ...}) = 0
19027 16:35:37.597466 fcntl64(4, F_GETFL) = 0x8801 (flags O_WRONLY|O_NONBLOCK|O_LARGEFILE)
19027 16:35:37.597543 fcntl64(4, F_SETFL, O_WRONLY|O_LARGEFILE) = 0
19027 16:35:37.597616 fcntl64(4, F_SETLKW64, {type=F_WRLCK, whence=SEEK_SET, start=0, len=0}, 0xbf986b74) = 0
19027 16:35:37.597706 ftruncate64(4, 0) = 0
19027 16:35:37.597805 _llseek(4, 0, [0], SEEK_SET) = 0
19027 16:35:37.597883 write(5, "\v", 1 <unfinished ...>
19025 16:35:37.597949 <... read resumed> "\v", 1) = 1
19027 16:35:37.597999 <... write resumed> ) = 1
19025 16:35:37.598056 write(4, "\1\0\0\0", 4) = 4
19025 16:35:37.598133 read(4,  <unfinished ...>
19027 16:35:37.598194 read(5, "\1\0\0\0", 4) = 4
19027 16:35:37.598321 write(5, "\v", 1 <unfinished ...>
19025 16:35:37.598386 <... read resumed> "\v", 1) = 1
19027 16:35:37.598435 <... write resumed> ) = 1
19025 16:35:37.598490 write(4, "\1\0\0\0", 4) = 4
19025 16:35:37.598567 read(4,  <unfinished ...>
19027 16:35:37.598624 read(5, "\1\0\0\0", 4) = 4
19027 16:35:37.598703 write(5, "\r", 1 <unfinished ...>
19025 16:35:37.598764 <... read resumed> "\r", 1) = 1
19027 16:35:37.598813 <... write resumed> ) = 1
19025 16:35:37.598872 select(6, [5], NULL, NULL, {60, 0}) = 1 (in [5], left {60, 0})
19025 16:35:37.598972 accept(5, {sa_family=AF_INET, sin_port=htons(50854), sin_addr=inet_addr("127.0.0.1")}, [16]) = 6
19025 16:35:37.599097 write(4, "\1", 1) = 1
19025 16:35:37.599178 sendmsg(4, {msg_name(0)=NULL, msg_iov(1)=[{"\0", 1}], msg_controllen=16, {cmsg_len=16, cmsg_level=SOL_SOCKET, cmsg_type=SCM_RIGHTS, {6}}, msg_flags=0}, 0) = 1
19025 16:35:37.599331 close(6)          = 0
19025 16:35:37.599404 read(4,  <unfinished ...>
19027 16:35:37.599463 read(5, "\1", 1)  = 1
19027 16:35:37.599549 recvmsg(5, {msg_name(0)=NULL, msg_iov(1)=[{"\0", 1}], msg_controllen=16, {cmsg_len=16, cmsg_level=SOL_SOCKET, cmsg_type=SCM_RIGHTS, {6}}, msg_flags=0}, 0) = 1
19027 16:35:37.599627 setsockopt(6, SOL_SOCKET, SO_KEEPALIVE, [1], 4) = 0
19027 16:35:37.599627 setsockopt(6, SOL_IP, IP_TOS, [8], 4) = 0
19027 16:35:37.599627 setsockopt(6, SOL_SOCKET, SO_LINGER, {onoff=1, linger=32767}, 8) = 0
19027 16:35:37.599627 rt_sigaction(SIGALRM, {0x805cad0, ~[RTMIN RT_1], 0}, NULL, 8) = 0
19027 16:35:37.599627 alarm(300)        = 300
19027 16:35:37.599627 write(0, "150 Ok to send data.\r\n", 22) = 22
19027 16:35:37.599627 read(6, "assasaaa\na\na\na\na\n", 65536) = 17
