12174 15:15:48.072045 mmap2(NULL, 12288, PROT_READ|PROT_WRITE, MAP_PRIVATE|MAP_ANONYMOUS, -1, 0) = 0xb7fde000
12174 15:15:48.072073 mprotect(0xb7fe0000, 4096, PROT_NONE) = 0
12174 15:15:48.072094 mprotect(0xb7fde000, 4096, PROT_NONE) = 0
12174 15:15:48.072122 getcwd("/home/msfadmin", 4096) = 15
12174 15:15:48.072142 umask(022)        = 077
12174 15:15:48.072157 getcwd("/home/msfadmin", 4096) = 15
12174 15:15:48.072192 open(".message", O_RDONLY|O_NONBLOCK|O_LARGEFILE) = -1 ENOENT (No such file or directory)
12174 15:15:48.072227 write(0, "230 Login successful.\r\n", 23) = 23
12174 15:15:48.072374 rt_sigaction(SIGALRM, {0x805cad0, ~[RTMIN RT_1], 0}, NULL, 8) = 0
12174 15:15:48.072399 alarm(300)        = 0
12174 15:15:48.072416 mmap2(NULL, 12288, PROT_READ|PROT_WRITE, MAP_PRIVATE|MAP_ANONYMOUS, -1, 0) = 0xb7fdb000
12174 15:15:48.072433 mprotect(0xb7fdd000, 4096, PROT_NONE) = 0
12174 15:15:48.072450 mprotect(0xb7fdb000, 4096, PROT_NONE) = 0
12174 15:15:48.072469 recv(0, "TYPE I\r\n", 4096, MSG_PEEK) = 8
12174 15:15:48.072488 read(0, "TYPE I\r\n", 8) = 8
12174 15:15:48.072513 write(0, "200 Switching to Binary mode.\r\n", 31) = 31
12174 15:15:48.072570 rt_sigaction(SIGALRM, {0x805cad0, ~[RTMIN RT_1], 0}, NULL, 8) = 0
12174 15:15:48.072591 alarm(300)        = 300
12174 15:15:48.072608 recv(0, "PASV\r\n", 4096, MSG_PEEK) = 6
12174 15:15:48.072624 read(0, "PASV\r\n", 6) = 6
12174 15:15:48.072642 write(5, "\n", 1) = 1
12174 15:15:48.072658 read(5,  <unfinished ...>
12172 15:15:48.072676 close(5)          = 0
12172 15:15:48.072695 getuid32()        = 0
12172 15:15:48.072717 open("/etc/passwd", O_RDONLY|0x80000 /* O_??? */) = 5
12172 15:15:48.072739 _llseek(5, 0, [0], SEEK_CUR) = 0
12172 15:15:48.072757 fstat64(5, {st_mode=S_IFREG|0644, st_size=1624, ...}) = 0
12172 15:15:48.072783 mmap2(NULL, 1624, PROT_READ, MAP_SHARED, 5, 0) = 0xb7fe0000
12172 15:15:48.072800 _llseek(5, 1624, [1624], SEEK_SET) = 0
12172 15:15:48.072825 munmap(0xb7fe0000, 1624) = 0
12172 15:15:48.072842 close(5)          = 0
12172 15:15:48.072865 setgroups32(0, []) = 0
12172 15:15:48.072882 chdir("/usr/share/empty") = 0
12172 15:15:48.072900 chroot(".")       = 0
12172 15:15:48.072915 capset(NULL, NULL) = -1 EFAULT (Bad address)
12172 15:15:48.072935 prctl(0x8, 0, 0xbfedb178, 0x80549a6, 0xbfedb160) = 0
12172 15:15:48.072951 prctl(0x8, 0x1, 0xbfedb178, 0x8054a49, 0xbfedb160) = 0
12172 15:15:48.072966 setgid32(65534)   = 0
12172 15:15:48.072980 setuid32(65534)   = 0
12172 15:15:48.072994 capset(0x19980330, 0, {CAP_NET_BIND_SERVICE, CAP_NET_BIND_SERVICE, 0}) = 0
12172 15:15:48.073014 read(4, "\n", 1)  = 1
12172 15:15:48.073034 write(4, "\1", 1) = 1
12174 15:15:48.073050 <... read resumed> "\1", 1) = 1
12174 15:15:48.073061 write(5, "\f", 1) = 1
12174 15:15:48.073076 read(5,  <unfinished ...>
12172 15:15:48.073086 read(4, "\f", 1)  = 1
12172 15:15:48.073105 socket(PF_INET, SOCK_STREAM, IPPROTO_TCP) = 5
12172 15:15:48.073143 setsockopt(5, SOL_SOCKET, SO_REUSEADDR, [1], 4) = 0
12172 15:15:48.073294 gettimeofday({1495653348, 73298}, NULL) = 0
12172 15:15:48.073315 bind(5, {sa_family=AF_INET, sin_port=htons(29942), sin_addr=inet_addr("127.0.0.1")}, 16) = 0
12172 15:15:48.073337 listen(5, 1)      = 0
12172 15:15:48.073354 write(4, "\366t\0\0", 4) = 4
12174 15:15:48.073369 <... read resumed> "\366t\0\0", 4) = 4
12174 15:15:48.073388 write(0, "227 Entering Passive Mode (127,0,0,1,116,246).\r\n", 48) = 48
12174 15:15:48.073526 rt_sigaction(SIGALRM, {0x805cad0, ~[RTMIN RT_1], 0}, NULL, 8) = 0
12174 15:15:48.073548 alarm(300)        = 300
12174 15:15:48.073564 recv(0, "STOR myfile12\r\n", 4096, MSG_PEEK) = 15
12174 15:15:48.073580 read(0, "STOR myfile12\r\n", 15) = 15
12174 15:15:48.073600 write(5, "\v", 1) = 1
12174 15:15:48.073614 read(5,  <unfinished ...>
12172 15:15:48.073623 read(4, "\v", 1)  = 1
12172 15:15:48.073638 write(4, "\1\0\0\0", 4) = 4
12174 15:15:48.073652 <... read resumed> "\1\0\0\0", 4) = 4
12174 15:15:48.073663 gettimeofday({1495653348, 73668}, NULL) = 0
12174 15:15:48.073677 getcwd("/home/msfadmin", 4096) = 15
12174 15:15:48.073694 open("myfile12", O_WRONLY|O_CREAT|O_NONBLOCK|O_LARGEFILE, 0666) = 4
12174 15:15:48.073717 fstat64(4, {st_mode=S_IFREG|0644, st_size=17, ...}) = 0
12174 15:15:48.073739 fcntl64(4, F_GETFL) = 0x8801 (flags O_WRONLY|O_NONBLOCK|O_LARGEFILE)
12174 15:15:48.073754 fcntl64(4, F_SETFL, O_WRONLY|O_LARGEFILE) = 0
12174 15:15:48.073766 fcntl64(4, F_SETLKW64, {type=F_WRLCK, whence=SEEK_SET, start=0, len=0}, 0xbfedb0c4) = 0
12174 15:15:48.073787 ftruncate64(4, 0) = 0
12174 15:15:48.073811 _llseek(4, 0, [0], SEEK_SET) = 0
12174 15:15:48.073825 write(5, "\v", 1) = 1
12174 15:15:48.073839 read(5,  <unfinished ...>
12172 15:15:48.073848 read(4, "\v", 1)  = 1
12172 15:15:48.073863 write(4, "\1\0\0\0", 4) = 4
12174 15:15:48.073877 <... read resumed> "\1\0\0\0", 4) = 4
12174 15:15:48.073886 write(5, "\v", 1) = 1
12174 15:15:48.073899 read(5,  <unfinished ...>
12172 15:15:48.073908 read(4, "\v", 1)  = 1
12172 15:15:48.073922 write(4, "\1\0\0\0", 4) = 4
12174 15:15:48.073936 <... read resumed> "\1\0\0\0", 4) = 4
12174 15:15:48.073945 write(5, "\r", 1) = 1
12174 15:15:48.073959 read(5,  <unfinished ...>
12172 15:15:48.073967 read(4, "\r", 1)  = 1
12172 15:15:48.073984 select(6, [5], NULL, NULL, {60, 0}) = 1 (in [5], left {60, 0})
12172 15:15:48.074006 accept(5, {sa_family=AF_INET, sin_port=htons(60335), sin_addr=inet_addr("127.0.0.1")}, [16]) = 6
12172 15:15:48.074035 write(4, "\1", 1) = 1
12174 15:15:48.074048 <... read resumed> "\1", 1) = 1
12174 15:15:48.074061 recvmsg(5,  <unfinished ...>
12172 15:15:48.074073 sendmsg(4, {msg_name(0)=NULL, msg_iov(1)=[{"\0", 1}], msg_controllen=16, {cmsg_len=16, cmsg_level=SOL_SOCKET, cmsg_type=SCM_RIGHTS, {6}}, msg_flags=0}, 0) = 1
12174 15:15:48.074096 <... recvmsg resumed> {msg_name(0)=NULL, msg_iov(1)=[{"\0", 1}], msg_controllen=16, {cmsg_len=16, cmsg_level=SOL_SOCKET, cmsg_type=SCM_RIGHTS, {6}}, msg_flags=0}, 0) = 1
12174 15:15:48.074113 setsockopt(6, SOL_SOCKET, SO_KEEPALIVE, [1], 4) = 0
12174 15:15:48.074129 setsockopt(6, SOL_IP, IP_TOS, [8], 4) = 0
12174 15:15:48.074144 setsockopt(6, SOL_SOCKET, SO_LINGER, {onoff=1, linger=32767}, 8) = 0
12174 15:15:48.074159 rt_sigaction(SIGALRM, {0x805cad0, ~[RTMIN RT_1], 0}, NULL, 8) = 0
12174 15:15:48.074176 alarm(300)        = 300
12174 15:15:48.074193 write(0, "150 Ok to send data.\r\n", 22) = 22
12174 15:15:48.074309 mmap2(NULL, 77824, PROT_READ|PROT_WRITE, MAP_PRIVATE|MAP_ANONYMOUS, -1, 0) = 0xb7e15000
12174 15:15:48.074328 mprotect(0xb7e27000, 4096, PROT_NONE) = 0
12174 15:15:48.074344 mprotect(0xb7e15000, 4096, PROT_NONE) = 0
12174 15:15:48.074357 read(6, "assasaaa\na\na\na\na\n", 65536) = 17
12174 15:15:48.074375 write(4, "assasaaa\na\na\na\na\n", 17) = 17
12174 15:15:48.074396 read(6, "", 65536) = 0
12174 15:15:48.074410 rt_sigaction(SIGALRM, {0x805cad0, ~[RTMIN RT_1], 0}, NULL, 8) = 0
12174 15:15:48.074428 alarm(300)        = 300
12174 15:15:48.074441 close(6)          = 0
12174 15:15:48.074452 alarm(0)          = 300
12174 15:15:48.074465 gettimeofday({1495653348, 74469}, NULL) = 0
12174 15:15:48.074488 getpid()          = 12174
12174 15:15:48.074503 gettimeofday({1495653348, 74508}, NULL) = 0
12174 15:15:48.074526 fcntl64(3, F_SETLKW64, {type=F_WRLCK, whence=SEEK_SET, start=0, len=0}, 0xbfedb064) = 0
12174 15:15:48.074545 write(3, "Wed May 24 15:15:48 2017 [pid 12174] [msfadmin] OK UPLOAD: Client \"127.0.0.1\", \"/home/msfadmin/myfile12\", 17 bytes, 19.76Kbyte/sec\n", 131) = 131
12174 15:15:48.074571 fcntl64(3, F_SETLK64, {type=F_UNLCK, whence=SEEK_SET, start=0, len=0}, 0xbfedb06c) = 0
12174 15:15:48.074590 write(0, "226 Transfer complete.\r\n", 24) = 24
12174 15:15:48.074640 write(5, "\n", 1) = 1
12174 15:15:48.074656 read(5,  <unfinished ...>
12172 15:15:48.074666 close(6)          = 0
12172 15:15:48.074689 read(4, "\n", 1)  = 1
12172 15:15:48.074705 close(5)          = 0
12172 15:15:48.074718 write(4, "\1", 1) = 1
12174 15:15:48.074733 <... read resumed> "\1", 1) = 1
12174 15:15:48.074742 close(4)          = 0
12174 15:15:48.074756 rt_sigaction(SIGALRM, {0x805cad0, ~[RTMIN RT_1], 0}, NULL, 8) = 0
12174 15:15:48.074773 alarm(300)        = 0
12174 15:15:48.074788 recv(0,  <unfinished ...>
12172 15:15:48.074798 read(4,  <unfinished ...>
12174 15:15:48.623126 <... recv resumed> "TYPE I\r\n", 4096, MSG_PEEK) = 8
12174 15:15:48.623345 read(0, "TYPE I\r\n", 8) = 8
12174 15:15:48.623569 write(0, "200 Switching to Binary mode.\r\n", 31) = 31
12174 15:15:48.623925 rt_sigaction(SIGALRM, {0x805cad0, ~[RTMIN RT_1], 0}, NULL, 8) = 0
12174 15:15:48.624080 alarm(300)        = 299
12174 15:15:48.624140 recv(0, "PASV\r\n", 4096, MSG_PEEK) = 6
12174 15:15:48.624194 read(0, "PASV\r\n", 6) = 6
12174 15:15:48.624249 write(5, "\n", 1) = 1
12174 15:15:48.624304 read(5,  <unfinished ...>
12172 15:15:48.624338 <... read resumed> "\n", 1) = 1
12172 15:15:48.624382 write(4, "\1", 1) = 1
12174 15:15:48.624431 <... read resumed> "\1", 1) = 1
12174 15:15:48.624464 write(5, "\f", 1) = 1
12174 15:15:48.624508 read(5,  <unfinished ...>
12172 15:15:48.624539 read(4, "\f", 1)  = 1
12172 15:15:48.624591 socket(PF_INET, SOCK_STREAM, IPPROTO_TCP) = 5
12172 15:15:48.624651 setsockopt(5, SOL_SOCKET, SO_REUSEADDR, [1], 4) = 0
12172 15:15:48.624721 bind(5, {sa_family=AF_INET, sin_port=htons(48617), sin_addr=inet_addr("127.0.0.1")}, 16) = 0
12172 15:15:48.624787 listen(5, 1)      = 0
12172 15:15:48.624892 write(4, "\351\275\0\0", 4) = 4
12174 15:15:48.624948 <... read resumed> "\351\275\0\0", 4) = 4
12174 15:15:48.625002 write(0, "227 Entering Passive Mode (127,0,0,1,189,233).\r\n", 48) = 48
12174 15:15:48.625423 rt_sigaction(SIGALRM, {0x805cad0, ~[RTMIN RT_1], 0}, NULL, 8) = 0
12174 15:15:48.625498 alarm(300)        = 300
12174 15:15:48.625557 recv(0, "STOR myfile13\r\n", 4096, MSG_PEEK) = 15
12174 15:15:48.625614 read(0, "STOR myfile13\r\n", 15) = 15
12174 15:15:48.625674 write(5, "\v", 1) = 1
12174 15:15:48.625722 read(5,  <unfinished ...>
12172 15:15:48.625754 read(4, "\v", 1)  = 1
12172 15:15:48.625855 write(4, "\1\0\0\0", 4) = 4
12174 15:15:48.625919 <... read resumed> "\1\0\0\0", 4) = 4
12174 15:15:48.625954 gettimeofday({1495653348, 625971}, NULL) = 0
12174 15:15:48.626003 getcwd("/home/msfadmin", 4096) = 15
12174 15:15:48.626065 open("myfile13", O_WRONLY|O_CREAT|O_NONBLOCK|O_LARGEFILE, 0666) = 4
12174 15:15:48.626125 fstat64(4, {st_mode=S_IFREG|0644, st_size=17, ...}) = 0
12174 15:15:48.626200 fcntl64(4, F_GETFL) = 0x8801 (flags O_WRONLY|O_NONBLOCK|O_LARGEFILE)
12174 15:15:48.626249 fcntl64(4, F_SETFL, O_WRONLY|O_LARGEFILE) = 0
12174 15:15:48.626293 fcntl64(4, F_SETLKW64, {type=F_WRLCK, whence=SEEK_SET, start=0, len=0}, 0xbfedb0c4) = 0
12174 15:15:48.626361 ftruncate64(4, 0) = 0
12174 15:15:48.626434 _llseek(4, 0, [0], SEEK_SET) = 0
12174 15:15:48.626482 write(5, "\v", 1) = 1
12174 15:15:48.626527 read(5,  <unfinished ...>
12172 15:15:48.626559 read(4, "\v", 1)  = 1
12172 15:15:48.626608 write(4, "\1\0\0\0", 4) = 4
12174 15:15:48.626655 <... read resumed> "\1\0\0\0", 4) = 4
12174 15:15:48.626688 write(5, "\v", 1) = 1
12174 15:15:48.626732 read(5,  <unfinished ...>
12172 15:15:48.626802 read(4, "\v", 1)  = 1
12172 15:15:48.626874 write(4, "\1\0\0\0", 4) = 4
12174 15:15:48.626922 <... read resumed> "\1\0\0\0", 4) = 4
12174 15:15:48.626956 write(5, "\r", 1) = 1
12174 15:15:48.627000 read(5,  <unfinished ...>
12172 15:15:48.627030 read(4, "\r", 1)  = 1
12172 15:15:48.627081 select(6, [5], NULL, NULL, {60, 0}) = 1 (in [5], left {60, 0})
12172 15:15:48.627157 accept(5, {sa_family=AF_INET, sin_port=htons(58841), sin_addr=inet_addr("127.0.0.1")}, [16]) = 6
12172 15:15:48.627254 write(4, "\1", 1) = 1
12174 15:15:48.627301 <... read resumed> "\1", 1) = 1
12174 15:15:48.627338 recvmsg(5,  <unfinished ...>
12172 15:15:48.627375 sendmsg(4, {msg_name(0)=NULL, msg_iov(1)=[{"\0", 1}], msg_controllen=16, {cmsg_len=16, cmsg_level=SOL_SOCKET, cmsg_type=SCM_RIGHTS, {6}}, msg_flags=0}, 0) = 1
12174 15:15:48.627449 <... recvmsg resumed> {msg_name(0)=NULL, msg_iov(1)=[{"\0", 1}], msg_controllen=16, {cmsg_len=16, cmsg_level=SOL_SOCKET, cmsg_type=SCM_RIGHTS, {6}}, msg_flags=0}, 0) = 1
12174 15:15:48.627507 setsockopt(6, SOL_SOCKET, SO_KEEPALIVE, [1], 4) = 0
12174 15:15:48.627561 setsockopt(6, SOL_IP, IP_TOS, [8], 4) = 0
12174 15:15:48.627613 setsockopt(6, SOL_SOCKET, SO_LINGER, {onoff=1, linger=32767}, 8) = 0
12174 15:15:48.627692 rt_sigaction(SIGALRM, {0x805cad0, ~[RTMIN RT_1], 0}, NULL, 8) = 0
12174 15:15:48.627800 alarm(300)        = 300
12174 15:15:48.627860 write(0, "150 Ok to send data.\r\n", 22) = 22
12174 15:15:48.628133 read(6, "assasaaa\na\na\na\na\n", 65536) = 17
12174 15:15:48.628196 write(4, "assasaaa\na\na\na\na\n", 17) = 17
12174 15:15:48.628265 read(6, "", 65536) = 0
12174 15:15:48.628311 rt_sigaction(SIGALRM, {0x805cad0, ~[RTMIN RT_1], 0}, NULL, 8) = 0
12174 15:15:48.628372 alarm(300)        = 300
12174 15:15:48.628426 close(6)          = 0
12174 15:15:48.628466 alarm(0)          = 300
12174 15:15:48.628508 gettimeofday({1495653348, 628523}, NULL) = 0
12174 15:15:48.628572 gettimeofday({1495653348, 628589}, NULL) = 0
12174 15:15:48.628628 fcntl64(3, F_SETLKW64, {type=F_WRLCK, whence=SEEK_SET, start=0, len=0}, 0xbfedb064) = 0
12174 15:15:48.628695 write(3, "Wed May 24 15:15:48 2017 [pid 12174] [msfadmin] OK UPLOAD: Client \"127.0.0.1\", \"/home/msfadmin/myfile13\", 17 bytes, 6.34Kbyte/sec\n", 130) = 130
12174 15:15:48.628841 fcntl64(3, F_SETLK64, {type=F_UNLCK, whence=SEEK_SET, start=0, len=0}, 0xbfedb06c) = 0
12174 15:15:48.628908 write(0, "226 Transfer complete.\r\n", 24) = 24
12174 15:15:48.629089 write(5, "\n", 1) = 1
12174 15:15:48.629142 read(5,  <unfinished ...>
12172 15:15:48.629174 close(6)          = 0
12172 15:15:48.629260 read(4, "\n", 1)  = 1
12172 15:15:48.629312 close(5)          = 0
12172 15:15:48.629359 write(4, "\1", 1) = 1
12174 15:15:48.629407 <... read resumed> "\1", 1) = 1
12174 15:15:48.629439 close(4)          = 0
12174 15:15:48.629486 rt_sigaction(SIGALRM, {0x805cad0, ~[RTMIN RT_1], 0}, NULL, 8) = 0
12174 15:15:48.629552 alarm(300)        = 0
12174 15:15:48.629602 recv(0,  <unfinished ...>
12172 15:15:48.629636 read(4,  <unfinished ...>
12169 15:15:49.105911 <... read resumed> "\n", 1) = 1
12169 15:15:49.106251 stat64(".", {st_mode=S_IFDIR|0755, st_size=4096, ...}) = 0
12169 15:15:49.106428 stat64("/sbin/nohup", 0xbf81d168) = -1 ENOENT (No such file or directory)
12169 15:15:49.106620 stat64("/bin/nohup", 0xbf81d168) = -1 ENOENT (No such file or directory)
12169 15:15:49.106679 stat64("/usr/sbin/nohup", 0xbf81d168) = -1 ENOENT (No such file or directory)
12169 15:15:49.106732 stat64("/usr/bin/nohup", {st_mode=S_IFREG|0755, st_size=26336, ...}) = 0
12169 15:15:49.106813 stat64("/usr/bin/nohup", {st_mode=S_IFREG|0755, st_size=26336, ...}) = 0
12169 15:15:49.106984 rt_sigprocmask(SIG_BLOCK, [INT CHLD], [], 8) = 0
12169 15:15:49.107053 clone(child_stack=0, flags=CLONE_CHILD_CLEARTID|CLONE_CHILD_SETTID|SIGCHLD, child_tidptr=0xb7db16f8) = 12175
12175 15:15:49.107361 rt_sigprocmask(SIG_SETMASK, [], NULL, 8) = 0
12175 15:15:49.107534 rt_sigaction(SIGTSTP, {SIG_DFL}, {SIG_DFL}, 8) = 0
12175 15:15:49.107600 rt_sigaction(SIGTTIN, {SIG_DFL}, {SIG_DFL}, 8) = 0
12175 15:15:49.107654 rt_sigaction(SIGTTOU, {SIG_DFL}, {SIG_DFL}, 8) = 0
12175 15:15:49.107723 rt_sigaction(SIGINT, {SIG_DFL}, {SIG_DFL}, 8) = 0
12175 15:15:49.107836 rt_sigaction(SIGQUIT, {SIG_DFL}, {SIG_IGN}, 8) = 0
12175 15:15:49.107904 rt_sigaction(SIGCHLD, {SIG_DFL}, {0x807e540, [], 0}, 8) = 0
12175 15:15:49.108054 open("/dev/null", O_WRONLY|O_CREAT|O_TRUNC|O_LARGEFILE, 0666) = 7
12175 15:15:49.108280 dup2(7, 1)        = 1
12175 15:15:49.108346 close(7)          = 0
12175 15:15:49.108455 dup2(1, 2)        = 2
12175 15:15:49.108509 fcntl64(1, F_GETFD) = 0
12175 15:15:49.108567 execve("/usr/bin/nohup", ["nohup"], [/* 16 vars */]) = 0
12175 15:15:49.108923 brk(0)            = 0x804f000
12175 15:15:49.109083 access("/etc/ld.so.nohwcap", F_OK) = -1 ENOENT (No such file or directory)
12175 15:15:49.109166 mmap2(NULL, 8192, PROT_READ|PROT_WRITE, MAP_PRIVATE|MAP_ANONYMOUS, -1, 0) = 0xb7f91000
12175 15:15:49.109230 access("/etc/ld.so.preload", R_OK) = -1 ENOENT (No such file or directory)
12175 15:15:49.109300 open("/etc/ld.so.cache", O_RDONLY) = 7
12175 15:15:49.109433 fstat64(7, {st_mode=S_IFREG|0644, st_size=29913, ...}) = 0
12175 15:15:49.109513 mmap2(NULL, 29913, PROT_READ, MAP_PRIVATE, 7, 0) = 0xb7f89000
12175 15:15:49.109583 close(7)          = 0
12175 15:15:49.109633 access("/etc/ld.so.nohwcap", F_OK) = -1 ENOENT (No such file or directory)
12175 15:15:49.109703 open("/lib/tls/i686/cmov/libc.so.6", O_RDONLY) = 7
12175 15:15:49.109809 read(7, "\177ELF\1\1\1\0\0\0\0\0\0\0\0\0\3\0\3\0\1\0\0\0\260e\1\0004\0\0\0\4\307\24\0\0\0\0\0004\0 \0\n\0(\0D\0C\0\6\0\0\0004\0\0\0004\0\0\0004\0\0\0@\1\0\0@\1\0\0\5\0\0\0\4\0\0\0\3\0\0\0\2200\23\0\2200\23\0\2200\23\0\23\0\0\0\23\0\0\0\4\0\0\0\1\0\0\0\1\0\0\0\0\0\0\0\0\0\0\0\0\0\0\0(\215\24\0(\215\24\0\5\0\0\0\0\20\0\0\1\0\0\0\354\221\24\0\354\221\24\0\354\221\24\0\260\'\0\0\204T\0\0\6\0\0\0\0\20\0\0\2\0\0\0\234\255\24\0\234\255\24\0\234\255\24\0\360\0\0\0\360\0\0\0\6\0\0\0\4\0\0\0\4\0\0\0t\1\0\0t\1\0\0t\1\0\0 \0\0\0 \0\0\0\4\0\0\0\4\0\0\0\7\0\0\0\354\221\24\0\354\221\24\0\354\221\24\0\10\0\0\0,\0\0\0\4\0\0\0\4\0\0\0P\345td\2440\23\0\2440\23\0\2440\23\0\354+\0\0\354+\0\0\4\0\0\0\4\0\0\0Q\345td\0\0\0\0\0\0\0\0\0\0\0\0\0\0\0\0\0\0\0\0\6\0\0\0\4\0\0\0R\345td\354\221\24\0\354\221\24\0\354\221\24\0\10\36\0\0\10\36\0\0\4\0\0\0\1\0\0\0\4\0\0\0\20\0\0\0\1\0\0\0GNU\0\0\0\0\0\2\0\0\0\6\0\0\0\10\0\0\0\363\3\0\0\n\0\0\0\0\2\0\0\16\0\0\0\2400\20D\200 \2\1\214\3\346\220AE\210\0\204\0\10\0A\200\0@\300\200\0\f\2\f\0\0010\0\10@\"\10\246\4\210H6l\240\0260\0&\204\200\216\4\10B$\2\f\246\244\32\6c\310\0\302 \1\300\0R\0!\201\10\4\n  \250\24\0\24(`\0\0P\240\312DB", 512) = 512
12175 15:15:49.110292 fstat64(7, {st_mode=S_IFREG|0755, st_size=1364388, ...}) = 0
12175 15:15:49.110388 mmap2(NULL, 1369712, PROT_READ|PROT_EXEC, MAP_PRIVATE|MAP_DENYWRITE, 7, 0) = 0xb7e3a000
12175 15:15:49.110444 mmap2(0xb7f83000, 12288, PROT_READ|PROT_WRITE, MAP_PRIVATE|MAP_FIXED|MAP_DENYWRITE, 7, 0x149) = 0xb7f83000
12175 15:15:49.110517 mmap2(0xb7f86000, 9840, PROT_READ|PROT_WRITE, MAP_PRIVATE|MAP_FIXED|MAP_ANONYMOUS, -1, 0) = 0xb7f86000
12175 15:15:49.110617 close(7)          = 0
12175 15:15:49.110703 mmap2(NULL, 4096, PROT_READ|PROT_WRITE, MAP_PRIVATE|MAP_ANONYMOUS, -1, 0) = 0xb7e39000
12175 15:15:49.110757 set_thread_area({entry_number:-1 -> 6, base_addr:0xb7e396b0, limit:1048575, seg_32bit:1, contents:0, read_exec_only:0, limit_in_pages:1, seg_not_present:0, useable:1}) = 0
12175 15:15:49.111019 mprotect(0xb7f83000, 4096, PROT_READ) = 0
12175 15:15:49.111096 munmap(0xb7f89000, 29913) = 0
12175 15:15:49.111333 brk(0)            = 0x804f000
12175 15:15:49.111377 brk(0x8070000)    = 0x8070000
12175 15:15:49.111494 write(2, "nohup: ", 7) = 7
12175 15:15:49.111626 write(2, "missing operand", 15) = 15
12175 15:15:49.111690 write(2, "\n", 1) = 1
12175 15:15:49.111746 write(2, "Try `nohup --help\' for more information.\n", 41) = 41
12175 15:15:49.111816 close(1)          = 0
12175 15:15:49.111878 close(2)          = 0
12175 15:15:49.111939 exit_group(127)   = ?
12169 15:15:49.112074 rt_sigprocmask(SIG_SETMASK, [], NULL, 8) = 0
12169 15:15:49.112131 --- SIGCHLD (Child exited) @ 0 (0) ---
12169 15:15:49.112171 waitpid(-1, [{WIFEXITED(s) && WEXITSTATUS(s) == 127}], WNOHANG) = 12175
12169 15:15:49.112233 waitpid(-1, 0xbf81cde8, WNOHANG) = 0
12169 15:15:49.112275 sigreturn()       = ? (mask now [])
12169 15:15:49.112451 rt_sigprocmask(SIG_BLOCK, [CHLD], [], 8) = 0
12169 15:15:49.112523 rt_sigprocmask(SIG_SETMASK, [], NULL, 8) = 0
12169 15:15:49.112572 rt_sigprocmask(SIG_BLOCK, [CHLD], [], 8) = 0
12169 15:15:49.112694 rt_sigaction(SIGINT, {0x807f150, [], 0}, {SIG_DFL}, 8) = 0
12169 15:15:49.112779 rt_sigprocmask(SIG_SETMASK, [], NULL, 8) = 0
12169 15:15:49.112827 rt_sigaction(SIGINT, {SIG_DFL}, {0x807f150, [], 0}, 8) = 0
12169 15:15:49.112897 rt_sigprocmask(SIG_BLOCK, NULL, [], 8) = 0
12169 15:15:49.112951 read(0, "e", 1)   = 1
12169 15:15:49.113005 read(0, "c", 1)   = 1
12169 15:15:49.113050 read(0, "h", 1)   = 1
12169 15:15:49.113095 read(0, "o", 1)   = 1
12169 15:15:49.113139 read(0, " ", 1)   = 1
12169 15:15:49.113183 read(0, "N", 1)   = 1
12169 15:15:49.113227 read(0, "4", 1)   = 1
12169 15:15:49.113404 read(0, "n", 1)   = 1
12169 15:15:49.113458 read(0, "2", 1)   = 1
12169 15:15:49.113502 read(0, "r", 1)   = 1
12169 15:15:49.113627 read(0, "T", 1)   = 1
12169 15:15:49.113749 read(0, "h", 1)   = 1
12169 15:15:49.113798 read(0, "N", 1)   = 1
12169 15:15:49.113842 read(0, "F", 1)   = 1
12169 15:15:49.113886 read(0, "P", 1)   = 1
12169 15:15:49.113930 read(0, "d", 1)   = 1
12169 15:15:49.113974 read(0, "X", 1)   = 1
12169 15:15:49.114018 read(0, "M", 1)   = 1
12169 15:15:49.114062 read(0, "I", 1)   = 1
12169 15:15:49.114106 read(0, "V", 1)   = 1
12169 15:15:49.114150 read(0, "6", 1)   = 1
12169 15:15:49.114194 read(0, "\n", 1)  = 1
12169 15:15:49.114426 write(1, "N4n2rThNFPdXMIV6\n", 17) = 17
12169 15:15:49.114816 rt_sigprocmask(SIG_BLOCK, NULL, [], 8) = 0
12169 15:15:49.114919 read(0,  <unfinished ...>
12174 15:15:49.162198 <... recv resumed> "TYPE I\r\n", 4096, MSG_PEEK) = 8
12174 15:15:49.162288 read(0, "TYPE I\r\n", 8) = 8
12174 15:15:49.162471 write(0, "200 Switching to Binary mode.\r\n", 31) = 31
12174 15:15:49.162817 rt_sigaction(SIGALRM, {0x805cad0, ~[RTMIN RT_1], 0}, NULL, 8) = 0
12174 15:15:49.162897 alarm(300)        = 299
12174 15:15:49.162958 recv(0, "PASV\r\n", 4096, MSG_PEEK) = 6
12174 15:15:49.163037 read(0, "PASV\r\n", 6) = 6
12174 15:15:49.163110 write(5, "\n", 1 <unfinished ...>
12172 15:15:49.163154 <... read resumed> "\n", 1) = 1
12174 15:15:49.163177 <... write resumed> ) = 1
12172 15:15:49.163207 write(4, "\1", 1) = 1
12172 15:15:49.163346 read(4,  <unfinished ...>
12174 15:15:49.163385 read(5, "\1", 1)  = 1
12174 15:15:49.163438 write(5, "\f", 1 <unfinished ...>
12172 15:15:49.163471 <... read resumed> "\f", 1) = 1
12174 15:15:49.163492 <... write resumed> ) = 1
12172 15:15:49.163524 socket(PF_INET, SOCK_STREAM, IPPROTO_TCP) = 5
12172 15:15:49.163700 setsockopt(5, SOL_SOCKET, SO_REUSEADDR, [1], 4) = 0
12172 15:15:49.163766 bind(5, {sa_family=AF_INET, sin_port=htons(43665), sin_addr=inet_addr("127.0.0.1")}, 16) = 0
12172 15:15:49.163833 listen(5, 1)      = 0
12172 15:15:49.163890 write(4, "\221\252\0\0", 4) = 4
12172 15:15:49.163942 read(4,  <unfinished ...>
12174 15:15:49.163973 read(5, "\221\252\0\0", 4) = 4
12174 15:15:49.164044 write(0, "227 Entering Passive Mode (127,0,0,1,170,145).\r\n", 48) = 48
12174 15:15:49.164708 rt_sigaction(SIGALRM, {0x805cad0, ~[RTMIN RT_1], 0}, NULL, 8) = 0
12174 15:15:49.164786 alarm(300)        = 300
12174 15:15:49.164838 recv(0, "STOR myfile14\r\n", 4096, MSG_PEEK) = 15
12174 15:15:49.164893 read(0, "STOR myfile14\r\n", 15) = 15
12174 15:15:49.164954 write(5, "\v", 1 <unfinished ...>
12172 15:15:49.164991 <... read resumed> "\v", 1) = 1
12174 15:15:49.165013 <... write resumed> ) = 1
12172 15:15:49.165041 write(4, "\1\0\0\0", 4) = 4
12172 15:15:49.165089 read(4,  <unfinished ...>
12174 15:15:49.165119 read(5, "\1\0\0\0", 4) = 4
12174 15:15:49.165170 gettimeofday({1495653349, 165186}, NULL) = 0
12174 15:15:49.165292 getcwd("/home/msfadmin", 4096) = 15
12174 15:15:49.165364 open("myfile14", O_WRONLY|O_CREAT|O_NONBLOCK|O_LARGEFILE, 0666) = 4
12174 15:15:49.165423 fstat64(4, {st_mode=S_IFREG|0644, st_size=17, ...}) = 0
12174 15:15:49.165498 fcntl64(4, F_GETFL) = 0x8801 (flags O_WRONLY|O_NONBLOCK|O_LARGEFILE)
12174 15:15:49.165636 fcntl64(4, F_SETFL, O_WRONLY|O_LARGEFILE) = 0
12174 15:15:49.165686 fcntl64(4, F_SETLKW64, {type=F_WRLCK, whence=SEEK_SET, start=0, len=0}, 0xbfedb0c4) = 0
12174 15:15:49.165748 ftruncate64(4, 0) = 0
12174 15:15:49.165820 _llseek(4, 0, [0], SEEK_SET) = 0
12174 15:15:49.165869 write(5, "\v", 1 <unfinished ...>
12172 15:15:49.165905 <... read resumed> "\v", 1) = 1
12174 15:15:49.165926 <... write resumed> ) = 1
12172 15:15:49.165954 write(4, "\1\0\0\0", 4) = 4
12172 15:15:49.166003 read(4,  <unfinished ...>
12174 15:15:49.166034 read(5, "\1\0\0\0", 4) = 4
12174 15:15:49.166083 write(5, "\v", 1 <unfinished ...>
12172 15:15:49.166113 <... read resumed> "\v", 1) = 1
12174 15:15:49.166135 <... write resumed> ) = 1
12172 15:15:49.166247 write(4, "\1\0\0\0", 4) = 4
12172 15:15:49.166299 read(4,  <unfinished ...>
12174 15:15:49.166330 read(5, "\1\0\0\0", 4) = 4
12174 15:15:49.166382 write(5, "\r", 1 <unfinished ...>
12172 15:15:49.166414 <... read resumed> "\r", 1) = 1
12174 15:15:49.166436 <... write resumed> ) = 1
12172 15:15:49.166599 select(6, [5], NULL, NULL, {60, 0}) = 1 (in [5], left {60, 0})
12172 15:15:49.166682 accept(5, {sa_family=AF_INET, sin_port=htons(58626), sin_addr=inet_addr("127.0.0.1")}, [16]) = 6
12172 15:15:49.166778 write(4, "\1", 1) = 1
12172 15:15:49.166833 sendmsg(4, {msg_name(0)=NULL, msg_iov(1)=[{"\0", 1}], msg_controllen=16, {cmsg_len=16, cmsg_level=SOL_SOCKET, cmsg_type=SCM_RIGHTS, {6}}, msg_flags=0}, 0) = 1
12172 15:15:49.166906 close(6)          = 0
12172 15:15:49.166949 read(4,  <unfinished ...>
12174 15:15:49.166981 read(5, "\1", 1)  = 1
12174 15:15:49.167037 recvmsg(5, {msg_name(0)=NULL, msg_iov(1)=[{"\0", 1}], msg_controllen=16, {cmsg_len=16, cmsg_level=SOL_SOCKET, cmsg_type=SCM_RIGHTS, {6}}, msg_flags=0}, 0) = 1
12174 15:15:49.167199 setsockopt(6, SOL_SOCKET, SO_KEEPALIVE, [1], 4) = 0
12174 15:15:49.167259 setsockopt(6, SOL_IP, IP_TOS, [8], 4) = 0
12174 15:15:49.167310 setsockopt(6, SOL_SOCKET, SO_LINGER, {onoff=1, linger=32767}, 8) = 0
12174 15:15:49.167360 rt_sigaction(SIGALRM, {0x805cad0, ~[RTMIN RT_1], 0}, NULL, 8) = 0
12174 15:15:49.167493 alarm(300)        = 300
12174 15:15:49.167606 write(0, "150 Ok to send data.\r\n", 22) = 22
12174 15:15:49.167888 read(6, "assasaaa\na\na\na\na\n", 65536) = 17
12174 15:15:49.167951 write(4, "assasaaa\na\na\na\na\n", 17) = 17
12174 15:15:49.168111 read(6, "", 65536) = 0
12174 15:15:49.168164 rt_sigaction(SIGALRM, {0x805cad0, ~[RTMIN RT_1], 0}, NULL, 8) = 0
12174 15:15:49.168226 alarm(300)        = 300
12174 15:15:49.168270 close(6)          = 0
