12916 15:23:32.213273 mprotect(0xb7efa000, 4096, PROT_NONE) = 0
12916 15:23:32.213307 mprotect(0xb7ef8000, 4096, PROT_NONE) = 0
12916 15:23:32.213339 getcwd("/home/msfadmin", 4096) = 15
12916 15:23:32.213377 umask(022)        = 077
12916 15:23:32.213406 getcwd("/home/msfadmin", 4096) = 15
12916 15:23:32.213445 open(".message", O_RDONLY|O_NONBLOCK|O_LARGEFILE) = -1 ENOENT (No such file or directory)
12916 15:23:32.213510 write(0, "230 Login successful.\r\n", 23) = 23
12916 15:23:32.213755 rt_sigaction(SIGALRM, {0x805cad0, ~[RTMIN RT_1], 0}, NULL, 8) = 0
12916 15:23:32.213827 alarm(300)        = 0
12916 15:23:32.213865 mmap2(NULL, 12288, PROT_READ|PROT_WRITE, MAP_PRIVATE|MAP_ANONYMOUS, -1, 0) = 0xb7ef5000
12916 15:23:32.213899 mprotect(0xb7ef7000, 4096, PROT_NONE) = 0
12916 15:23:32.213932 mprotect(0xb7ef5000, 4096, PROT_NONE) = 0
12916 15:23:32.213972 recv(0, "TYPE I\r\n", 4096, MSG_PEEK) = 8
12916 15:23:32.214010 read(0, "TYPE I\r\n", 8) = 8
12916 15:23:32.214057 write(0, "200 Switching to Binary mode.\r\n", 31) = 31
12916 15:23:32.214168 rt_sigaction(SIGALRM, {0x805cad0, ~[RTMIN RT_1], 0}, NULL, 8) = 0
12916 15:23:32.214211 alarm(300)        = 300
12916 15:23:32.214246 recv(0, "PASV\r\n", 4096, MSG_PEEK) = 6
12916 15:23:32.214324 read(0, "PASV\r\n", 6) = 6
12916 15:23:32.214388 write(5, "\n", 1) = 1
12916 15:23:32.214423 read(5,  <unfinished ...>
12914 15:23:32.214460 close(5)          = 0
12914 15:23:32.214516 getuid32()        = 0
12914 15:23:32.214571 open("/etc/passwd", O_RDONLY|0x80000 /* O_??? */) = 5
12914 15:23:32.214613 _llseek(5, 0, [0], SEEK_CUR) = 0
12914 15:23:32.214649 fstat64(5, {st_mode=S_IFREG|0644, st_size=1624, ...}) = 0
12914 15:23:32.214702 mmap2(NULL, 1624, PROT_READ, MAP_SHARED, 5, 0) = 0xb7efa000
12914 15:23:32.214737 _llseek(5, 1624, [1624], SEEK_SET) = 0
12914 15:23:32.214812 munmap(0xb7efa000, 1624) = 0
12914 15:23:32.214848 close(5)          = 0
12914 15:23:32.214895 setgroups32(0, []) = 0
12914 15:23:32.214929 chdir("/usr/share/empty") = 0
12914 15:23:32.214967 chroot(".")       = 0
12914 15:23:32.214998 capset(NULL, NULL) = -1 EFAULT (Bad address)
12914 15:23:32.215036 prctl(0x8, 0, 0xbfee0988, 0x80549a6, 0xbfee0970) = 0
12914 15:23:32.215068 prctl(0x8, 0x1, 0xbfee0988, 0x8054a49, 0xbfee0970) = 0
12914 15:23:32.215099 setgid32(65534)   = 0
12914 15:23:32.215129 setuid32(65534)   = 0
12914 15:23:32.215157 capset(0x19980330, 0, {CAP_NET_BIND_SERVICE, CAP_NET_BIND_SERVICE, 0}) = 0
12914 15:23:32.215193 read(4, "\n", 1)  = 1
12914 15:23:32.215232 write(4, "\1", 1) = 1
12916 15:23:32.215265 <... read resumed> "\1", 1) = 1
12916 15:23:32.215309 write(5, "\f", 1) = 1
12916 15:23:32.215341 read(5,  <unfinished ...>
12914 15:23:32.215361 read(4, "\f", 1)  = 1
12914 15:23:32.215400 socket(PF_INET, SOCK_STREAM, IPPROTO_TCP) = 5
12914 15:23:32.215440 setsockopt(5, SOL_SOCKET, SO_REUSEADDR, [1], 4) = 0
12914 15:23:32.215474 gettimeofday({1495653812, 215485}, NULL) = 0
12914 15:23:32.215522 bind(5, {sa_family=AF_INET, sin_port=htons(5385), sin_addr=inet_addr("127.0.0.1")}, 16) = 0
12914 15:23:32.215567 listen(5, 1)      = 0
12914 15:23:32.215604 write(4, "\t\25\0\0", 4) = 4
12916 15:23:32.215637 <... read resumed> "\t\25\0\0", 4) = 4
12916 15:23:32.215677 write(0, "227 Entering Passive Mode (127,0,0,1,21,9).\r\n", 45) = 45
12916 15:23:32.215996 rt_sigaction(SIGALRM, {0x805cad0, ~[RTMIN RT_1], 0}, NULL, 8) = 0
12916 15:23:32.216049 alarm(300)        = 300
12916 15:23:32.216084 recv(0, "STOR myfile33\r\n", 4096, MSG_PEEK) = 15
12916 15:23:32.216120 read(0, "STOR myfile33\r\n", 15) = 15
12916 15:23:32.216163 write(5, "\v", 1) = 1
12916 15:23:32.216195 read(5,  <unfinished ...>
12914 15:23:32.216216 read(4, "\v", 1)  = 1
12914 15:23:32.216250 write(4, "\1\0\0\0", 4) = 4
12916 15:23:32.216314 <... read resumed> "\1\0\0\0", 4) = 4
12916 15:23:32.216343 gettimeofday({1495653812, 216355}, NULL) = 0
12916 15:23:32.216376 getcwd("/home/msfadmin", 4096) = 15
12916 15:23:32.216413 open("myfile33", O_WRONLY|O_CREAT|O_NONBLOCK|O_LARGEFILE, 0666) = 4
12916 15:23:32.216452 fstat64(4, {st_mode=S_IFREG|0644, st_size=17, ...}) = 0
12916 15:23:32.216503 fcntl64(4, F_GETFL) = 0x8801 (flags O_WRONLY|O_NONBLOCK|O_LARGEFILE)
12916 15:23:32.216535 fcntl64(4, F_SETFL, O_WRONLY|O_LARGEFILE) = 0
12916 15:23:32.216565 fcntl64(4, F_SETLKW64, {type=F_WRLCK, whence=SEEK_SET, start=0, len=0}, 0xbfee08d4) = 0
12916 15:23:32.216611 ftruncate64(4, 0) = 0
12916 15:23:32.216666 _llseek(4, 0, [0], SEEK_SET) = 0
12916 15:23:32.216698 write(5, "\v", 1) = 1
12916 15:23:32.216729 read(5,  <unfinished ...>
12914 15:23:32.216750 read(4, "\v", 1)  = 1
12914 15:23:32.216807 write(4, "\1\0\0\0", 4) = 4
12916 15:23:32.216840 <... read resumed> "\1\0\0\0", 4) = 4
12916 15:23:32.216864 write(5, "\v", 1) = 1
12916 15:23:32.216893 read(5,  <unfinished ...>
12914 15:23:32.216913 read(4, "\v", 1)  = 1
12914 15:23:32.216945 write(4, "\1\0\0\0", 4) = 4
12916 15:23:32.216976 <... read resumed> "\1\0\0\0", 4) = 4
12916 15:23:32.216998 write(5, "\r", 1) = 1
12916 15:23:32.217028 read(5,  <unfinished ...>
12914 15:23:32.217047 read(4, "\r", 1)  = 1
12914 15:23:32.217085 select(6, [5], NULL, NULL, {60, 0}) = 1 (in [5], left {60, 0})
12914 15:23:32.217134 accept(5, {sa_family=AF_INET, sin_port=htons(33579), sin_addr=inet_addr("127.0.0.1")}, [16]) = 6
12914 15:23:32.217200 write(4, "\1", 1) = 1
12916 15:23:32.217231 <... read resumed> "\1", 1) = 1
12916 15:23:32.217288 recvmsg(5,  <unfinished ...>
12914 15:23:32.217321 sendmsg(4, {msg_name(0)=NULL, msg_iov(1)=[{"\0", 1}], msg_controllen=16, {cmsg_len=16, cmsg_level=SOL_SOCKET, cmsg_type=SCM_RIGHTS, {6}}, msg_flags=0}, 0) = 1
12916 15:23:32.217386 <... recvmsg resumed> {msg_name(0)=NULL, msg_iov(1)=[{"\0", 1}], msg_controllen=16, {cmsg_len=16, cmsg_level=SOL_SOCKET, cmsg_type=SCM_RIGHTS, {6}}, msg_flags=0}, 0) = 1
12916 15:23:32.217428 setsockopt(6, SOL_SOCKET, SO_KEEPALIVE, [1], 4) = 0
12916 15:23:32.217464 setsockopt(6, SOL_IP, IP_TOS, [8], 4) = 0
12916 15:23:32.217500 setsockopt(6, SOL_SOCKET, SO_LINGER, {onoff=1, linger=32767}, 8) = 0
12916 15:23:32.217533 rt_sigaction(SIGALRM, {0x805cad0, ~[RTMIN RT_1], 0}, NULL, 8) = 0
12916 15:23:32.217573 alarm(300)        = 300
12916 15:23:32.217609 write(0, "150 Ok to send data.\r\n", 22) = 22
12916 15:23:32.217801 mmap2(NULL, 77824, PROT_READ|PROT_WRITE, MAP_PRIVATE|MAP_ANONYMOUS, -1, 0) = 0xb7d2f000
12916 15:23:32.217842 mprotect(0xb7d41000, 4096, PROT_NONE) = 0
12916 15:23:32.217877 mprotect(0xb7d2f000, 4096, PROT_NONE) = 0
12916 15:23:32.217906 read(6, "assasaaa\na\na\na\na\n", 65536) = 17
12916 15:23:32.217945 write(4, "assasaaa\na\na\na\na\n", 17) = 17
12916 15:23:32.217988 read(6, "", 65536) = 0
12916 15:23:32.218009 rt_sigaction(SIGALRM, {0x805cad0, ~[RTMIN RT_1], 0}, NULL, 8) = 0
12916 15:23:32.218037 alarm(300)        = 300
12916 15:23:32.218057 close(6)          = 0
12916 15:23:32.218075 alarm(0)          = 300
12916 15:23:32.218093 gettimeofday({1495653812, 218100}, NULL) = 0
12916 15:23:32.218130 getpid()          = 12916
12916 15:23:32.218153 gettimeofday({1495653812, 218160}, NULL) = 0
12916 15:23:32.218192 fcntl64(3, F_SETLKW64, {type=F_WRLCK, whence=SEEK_SET, start=0, len=0}, 0xbfee0874) = 0
12916 15:23:32.218223 write(3, "Wed May 24 15:23:32 2017 [pid 12916] [msfadmin] OK UPLOAD: Client \"127.0.0.1\", \"/home/msfadmin/myfile33\", 17 bytes, 9.20Kbyte/sec\n", 130) = 130
12916 15:23:32.218297 fcntl64(3, F_SETLK64, {type=F_UNLCK, whence=SEEK_SET, start=0, len=0}, 0xbfee087c) = 0
12916 15:23:32.218328 write(0, "226 Transfer complete.\r\n", 24) = 24
12916 15:23:32.218416 write(5, "\n", 1) = 1
12916 15:23:32.218440 read(5,  <unfinished ...>
12914 15:23:32.218455 close(6)          = 0
12914 15:23:32.218490 read(4, "\n", 1)  = 1
12914 15:23:32.218513 close(5)          = 0
12914 15:23:32.218535 write(4, "\1", 1) = 1
12916 15:23:32.218556 <... read resumed> "\1", 1) = 1
12916 15:23:32.218570 close(4)          = 0
12916 15:23:32.218591 rt_sigaction(SIGALRM, {0x805cad0, ~[RTMIN RT_1], 0}, NULL, 8) = 0
12916 15:23:32.218617 alarm(300)        = 0
12916 15:23:32.218640 recv(0,  <unfinished ...>
12914 15:23:32.218655 read(4,  <unfinished ...>
12916 15:23:32.728739 <... recv resumed> "TYPE I\r\n", 4096, MSG_PEEK) = 8
12916 15:23:32.728896 read(0, "TYPE I\r\n", 8) = 8
12916 15:23:32.728983 write(0, "200 Switching to Binary mode.\r\n", 31) = 31
12916 15:23:32.729175 rt_sigaction(SIGALRM, {0x805cad0, ~[RTMIN RT_1], 0}, NULL, 8) = 0
12916 15:23:32.729249 alarm(300)        = 299
12916 15:23:32.729303 recv(0, "PASV\r\n", 4096, MSG_PEEK) = 6
12916 15:23:32.729354 read(0, "PASV\r\n", 6) = 6
12916 15:23:32.729408 write(5, "\n", 1) = 1
12916 15:23:32.729459 read(5,  <unfinished ...>
12914 15:23:32.729492 <... read resumed> "\n", 1) = 1
12914 15:23:32.729529 write(4, "\1", 1) = 1
12916 15:23:32.729575 <... read resumed> "\1", 1) = 1
12916 15:23:32.729606 write(5, "\f", 1) = 1
12916 15:23:32.729650 read(5,  <unfinished ...>
12914 15:23:32.729680 read(4, "\f", 1)  = 1
12914 15:23:32.729731 socket(PF_INET, SOCK_STREAM, IPPROTO_TCP) = 5
12914 15:23:32.729899 setsockopt(5, SOL_SOCKET, SO_REUSEADDR, [1], 4) = 0
12914 15:23:32.729995 bind(5, {sa_family=AF_INET, sin_port=htons(20620), sin_addr=inet_addr("127.0.0.1")}, 16) = 0
12914 15:23:32.730092 listen(5, 1)      = 0
12914 15:23:32.730151 write(4, "\214P\0\0", 4) = 4
12916 15:23:32.730344 <... read resumed> "\214P\0\0", 4) = 4
12916 15:23:32.730443 write(0, "227 Entering Passive Mode (127,0,0,1,80,140).\r\n", 47) = 47
12916 15:23:32.731341 rt_sigaction(SIGALRM, {0x805cad0, ~[RTMIN RT_1], 0}, NULL, 8) = 0
12916 15:23:32.731456 alarm(300)        = 300
12916 15:23:32.731649 recv(0, "STOR myfile34\r\n", 4096, MSG_PEEK) = 15
12916 15:23:32.731863 read(0, "STOR myfile34\r\n", 15) = 15
12916 15:23:32.732176 write(5, "\v", 1) = 1
12916 15:23:32.732284 read(5,  <unfinished ...>
12914 15:23:32.732341 read(4, "\v", 1)  = 1
12914 15:23:32.732554 write(4, "\1\0\0\0", 4) = 4
12916 15:23:32.732748 <... read resumed> "\1\0\0\0", 4) = 4
12916 15:23:32.732834 gettimeofday({1495653812, 732863}, NULL) = 0
12916 15:23:32.732912 getcwd("/home/msfadmin", 4096) = 15
12916 15:23:32.732999 open("myfile34", O_WRONLY|O_CREAT|O_NONBLOCK|O_LARGEFILE, 0666) = 4
12916 15:23:32.733095 fstat64(4, {st_mode=S_IFREG|0644, st_size=17, ...}) = 0
12916 15:23:32.733272 fcntl64(4, F_GETFL) = 0x8801 (flags O_WRONLY|O_NONBLOCK|O_LARGEFILE)
12916 15:23:32.733497 fcntl64(4, F_SETFL, O_WRONLY|O_LARGEFILE) = 0
12916 15:23:32.733567 fcntl64(4, F_SETLKW64, {type=F_WRLCK, whence=SEEK_SET, start=0, len=0}, 0xbfee08d4) = 0
12916 15:23:32.733721 ftruncate64(4, 0) = 0
12916 15:23:32.733831 _llseek(4, 0, [0], SEEK_SET) = 0
12916 15:23:32.733907 write(5, "\v", 1) = 1
12916 15:23:32.733980 read(5,  <unfinished ...>
12914 15:23:32.734030 read(4, "\v", 1)  = 1
12914 15:23:32.734110 write(4, "\1\0\0\0", 4) = 4
12916 15:23:32.734294 <... read resumed> "\1\0\0\0", 4) = 4
12916 15:23:32.734429 write(5, "\v", 1) = 1
12916 15:23:32.734506 read(5,  <unfinished ...>
12914 15:23:32.734620 read(4, "\v", 1)  = 1
12914 15:23:32.734715 write(4, "\1\0\0\0", 4) = 4
12916 15:23:32.734790 <... read resumed> "\1\0\0\0", 4) = 4
12916 15:23:32.734844 write(5, "\r", 1) = 1
12916 15:23:32.734912 read(5,  <unfinished ...>
12914 15:23:32.734958 read(4, "\r", 1)  = 1
12914 15:23:32.735039 select(6, [5], NULL, NULL, {60, 0}) = 1 (in [5], left {60, 0})
12914 15:23:32.735141 accept(5, {sa_family=AF_INET, sin_port=htons(40269), sin_addr=inet_addr("127.0.0.1")}, [16]) = 6
12914 15:23:32.735291 write(4, "\1", 1) = 1
12916 15:23:32.735364 <... read resumed> "\1", 1) = 1
12916 15:23:32.735423 recvmsg(5,  <unfinished ...>
12914 15:23:32.735480 sendmsg(4, {msg_name(0)=NULL, msg_iov(1)=[{"\0", 1}], msg_controllen=16, {cmsg_len=16, cmsg_level=SOL_SOCKET, cmsg_type=SCM_RIGHTS, {6}}, msg_flags=0}, 0) = 1
12916 15:23:32.735667 <... recvmsg resumed> {msg_name(0)=NULL, msg_iov(1)=[{"\0", 1}], msg_controllen=16, {cmsg_len=16, cmsg_level=SOL_SOCKET, cmsg_type=SCM_RIGHTS, {6}}, msg_flags=0}, 0) = 1
12916 15:23:32.735768 setsockopt(6, SOL_SOCKET, SO_KEEPALIVE, [1], 4) = 0
12916 15:23:32.735850 setsockopt(6, SOL_IP, IP_TOS, [8], 4) = 0
12916 15:23:32.735905 setsockopt(6, SOL_SOCKET, SO_LINGER, {onoff=1, linger=32767}, 8) = 0
12916 15:23:32.735955 rt_sigaction(SIGALRM, {0x805cad0, ~[RTMIN RT_1], 0}, NULL, 8) = 0
12916 15:23:32.736017 alarm(300)        = 300
12916 15:23:32.736079 write(0, "150 Ok to send data.\r\n", 22) = 22
12916 15:23:32.736405 read(6, "assasaaa\na\na\na\na\n", 65536) = 17
12916 15:23:32.736469 write(4, "assasaaa\na\na\na\na\n", 17) = 17
12916 15:23:32.736610 read(6, "", 65536) = 0
12916 15:23:32.736663 rt_sigaction(SIGALRM, {0x805cad0, ~[RTMIN RT_1], 0}, NULL, 8) = 0
12916 15:23:32.736726 alarm(300)        = 300
12916 15:23:32.736771 close(6)          = 0
12916 15:23:32.736812 alarm(0)          = 300
12916 15:23:32.736854 gettimeofday({1495653812, 736870}, NULL) = 0
12916 15:23:32.736919 gettimeofday({1495653812, 736936}, NULL) = 0
12916 15:23:32.736975 fcntl64(3, F_SETLKW64, {type=F_WRLCK, whence=SEEK_SET, start=0, len=0}, 0xbfee0874) = 0
12916 15:23:32.737041 write(3, "Wed May 24 15:23:32 2017 [pid 12916] [msfadmin] OK UPLOAD: Client \"127.0.0.1\", \"/home/msfadmin/myfile34\", 17 bytes, 4.08Kbyte/sec\n", 130) = 130
12916 15:23:32.737130 fcntl64(3, F_SETLK64, {type=F_UNLCK, whence=SEEK_SET, start=0, len=0}, 0xbfee087c) = 0
12916 15:23:32.737193 write(0, "226 Transfer complete.\r\n", 24) = 24
12916 15:23:32.737377 write(5, "\n", 1) = 1
12916 15:23:32.737430 read(5,  <unfinished ...>
12914 15:23:32.737672 close(6)          = 0
12914 15:23:32.737720 read(4, "\n", 1)  = 1
12914 15:23:32.737745 close(5)          = 0
12914 15:23:32.737768 write(4, "\1", 1) = 1
12916 15:23:32.737791 <... read resumed> "\1", 1) = 1
12916 15:23:32.737815 close(4)          = 0
12916 15:23:32.737838 rt_sigaction(SIGALRM, {0x805cad0, ~[RTMIN RT_1], 0}, NULL, 8) = 0
12916 15:23:32.737866 alarm(300)        = 0
12916 15:23:32.737890 recv(0,  <unfinished ...>
12914 15:23:32.737905 read(4,  <unfinished ...>
12916 15:23:33.248615 <... recv resumed> "TYPE I\r\n", 4096, MSG_PEEK) = 8
12916 15:23:33.248666 read(0, "TYPE I\r\n", 8) = 8
12916 15:23:33.248706 write(0, "200 Switching to Binary mode.\r\n", 31) = 31
12916 15:23:33.248802 rt_sigaction(SIGALRM, {0x805cad0, ~[RTMIN RT_1], 0}, NULL, 8) = 0
12916 15:23:33.248836 alarm(300)        = 299
12916 15:23:33.248862 recv(0, "PASV\r\n", 4096, MSG_PEEK) = 6
12916 15:23:33.248886 read(0, "PASV\r\n", 6) = 6
12916 15:23:33.248910 write(5, "\n", 1) = 1
12916 15:23:33.248935 read(5,  <unfinished ...>
12914 15:23:33.248952 <... read resumed> "\n", 1) = 1
12914 15:23:33.248970 write(4, "\1", 1) = 1
12916 15:23:33.248991 <... read resumed> "\1", 1) = 1
12916 15:23:33.249006 write(5, "\f", 1) = 1
12916 15:23:33.249027 read(5,  <unfinished ...>
12914 15:23:33.249041 read(4, "\f", 1)  = 1
12914 15:23:33.249066 socket(PF_INET, SOCK_STREAM, IPPROTO_TCP) = 5
12914 15:23:33.249096 setsockopt(5, SOL_SOCKET, SO_REUSEADDR, [1], 4) = 0
12914 15:23:33.249124 bind(5, {sa_family=AF_INET, sin_port=htons(30947), sin_addr=inet_addr("127.0.0.1")}, 16) = 0
12914 15:23:33.249156 listen(5, 1)      = 0
12914 15:23:33.249252 write(4, "\343x\0\0", 4) = 4
12916 15:23:33.249287 <... read resumed> "\343x\0\0", 4) = 4
12916 15:23:33.249327 write(0, "227 Entering Passive Mode (127,0,0,1,120,227).\r\n", 48) = 48
12916 15:23:33.249467 rt_sigaction(SIGALRM, {0x805cad0, ~[RTMIN RT_1], 0}, NULL, 8) = 0
12916 15:23:33.249489 alarm(300)        = 300
12916 15:23:33.249504 recv(0, "STOR myfile35\r\n", 4096, MSG_PEEK) = 15
12916 15:23:33.249520 read(0, "STOR myfile35\r\n", 15) = 15
12916 15:23:33.249581 write(5, "\v", 1) = 1
12916 15:23:33.249606 read(5,  <unfinished ...>
12914 15:23:33.249616 read(4, "\v", 1)  = 1
12914 15:23:33.249630 write(4, "\1\0\0\0", 4) = 4
12916 15:23:33.249644 <... read resumed> "\1\0\0\0", 4) = 4
12916 15:23:33.249655 gettimeofday({1495653813, 249660}, NULL) = 0
12916 15:23:33.249669 getcwd("/home/msfadmin", 4096) = 15
12916 15:23:33.249686 open("myfile35", O_WRONLY|O_CREAT|O_NONBLOCK|O_LARGEFILE, 0666) = 4
12916 15:23:33.249704 fstat64(4, {st_mode=S_IFREG|0644, st_size=17, ...}) = 0
12916 15:23:33.249727 fcntl64(4, F_GETFL) = 0x8801 (flags O_WRONLY|O_NONBLOCK|O_LARGEFILE)
12916 15:23:33.249741 fcntl64(4, F_SETFL, O_WRONLY|O_LARGEFILE) = 0
12916 15:23:33.249755 fcntl64(4, F_SETLKW64, {type=F_WRLCK, whence=SEEK_SET, start=0, len=0}, 0xbfee08d4) = 0
12916 15:23:33.249774 ftruncate64(4, 0) = 0
12916 15:23:33.249798 _llseek(4, 0, [0], SEEK_SET) = 0
12916 15:23:33.249813 write(5, "\v", 1) = 1
12916 15:23:33.249826 read(5,  <unfinished ...>
12914 15:23:33.249835 read(4, "\v", 1)  = 1
12914 15:23:33.249850 write(4, "\1\0\0\0", 4) = 4
12916 15:23:33.249864 <... read resumed> "\1\0\0\0", 4) = 4
12916 15:23:33.249873 write(5, "\v", 1) = 1
12916 15:23:33.249886 read(5,  <unfinished ...>
12914 15:23:33.249895 read(4, "\v", 1)  = 1
12914 15:23:33.249909 write(4, "\1\0\0\0", 4) = 4
12916 15:23:33.249922 <... read resumed> "\1\0\0\0", 4) = 4
12916 15:23:33.249932 write(5, "\r", 1) = 1
12916 15:23:33.249945 read(5,  <unfinished ...>
12914 15:23:33.249954 read(4, "\r", 1)  = 1
12914 15:23:33.249969 select(6, [5], NULL, NULL, {60, 0}) = 1 (in [5], left {60, 0})
12914 15:23:33.249990 accept(5, {sa_family=AF_INET, sin_port=htons(47293), sin_addr=inet_addr("127.0.0.1")}, [16]) = 6
12914 15:23:33.250019 write(4, "\1", 1) = 1
12916 15:23:33.250032 <... read resumed> "\1", 1) = 1
12916 15:23:33.250043 recvmsg(5,  <unfinished ...>
12914 15:23:33.250054 sendmsg(4, {msg_name(0)=NULL, msg_iov(1)=[{"\0", 1}], msg_controllen=16, {cmsg_len=16, cmsg_level=SOL_SOCKET, cmsg_type=SCM_RIGHTS, {6}}, msg_flags=0}, 0) = 1
12916 15:23:33.250077 <... recvmsg resumed> {msg_name(0)=NULL, msg_iov(1)=[{"\0", 1}], msg_controllen=16, {cmsg_len=16, cmsg_level=SOL_SOCKET, cmsg_type=SCM_RIGHTS, {6}}, msg_flags=0}, 0) = 1
12916 15:23:33.250101 setsockopt(6, SOL_SOCKET, SO_KEEPALIVE, [1], 4) = 0
12916 15:23:33.250118 setsockopt(6, SOL_IP, IP_TOS, [8], 4) = 0
12916 15:23:33.250170 setsockopt(6, SOL_SOCKET, SO_LINGER, {onoff=1, linger=32767}, 8) = 0
12916 15:23:33.250188 rt_sigaction(SIGALRM, {0x805cad0, ~[RTMIN RT_1], 0}, NULL, 8) = 0
12916 15:23:33.250240 alarm(300)        = 300
12916 15:23:33.250286 write(0, "150 Ok to send data.\r\n", 22) = 22
12916 15:23:33.250385 read(6, "assasaaa\na\na\na\na\n", 65536) = 17
12916 15:23:33.250406 write(4, "assasaaa\na\na\na\na\n", 17) = 17
12916 15:23:33.250431 read(6, "", 65536) = 0
12916 15:23:33.250447 rt_sigaction(SIGALRM, {0x805cad0, ~[RTMIN RT_1], 0}, NULL, 8) = 0
12916 15:23:33.250467 alarm(300)        = 300
12916 15:23:33.250481 close(6)          = 0
12916 15:23:33.250495 alarm(0)          = 300
12916 15:23:33.250509 gettimeofday({1495653813, 250515}, NULL) = 0
12916 15:23:33.250531 gettimeofday({1495653813, 250536}, NULL) = 0
12916 15:23:33.250552 fcntl64(3, F_SETLKW64, {type=F_WRLCK, whence=SEEK_SET, start=0, len=0}, 0xbfee0874) = 0
12916 15:23:33.250573 write(3, "Wed May 24 15:23:33 2017 [pid 12916] [msfadmin] OK UPLOAD: Client \"127.0.0.1\", \"/home/msfadmin/myfile35\", 17 bytes, 18.95Kbyte/sec\n", 131) = 131
12916 15:23:33.250604 fcntl64(3, F_SETLK64, {type=F_UNLCK, whence=SEEK_SET, start=0, len=0}, 0xbfee087c) = 0
12916 15:23:33.250625 write(0, "226 Transfer complete.\r\n", 24) = 24
12914 15:23:33.250684 close(6 <unfinished ...>
12916 15:23:33.250696 write(5, "\n", 1 <unfinished ...>
12914 15:23:33.250716 <... close resumed> ) = 0
12916 15:23:33.250726 <... write resumed> ) = 1
12916 15:23:33.250735 read(5,  <unfinished ...>
12914 15:23:33.250746 read(4, "\n", 1)  = 1
12914 15:23:33.250762 close(5)          = 0
12914 15:23:33.250778 write(4, "\1", 1) = 1
12916 15:23:33.250794 <... read resumed> "\1", 1) = 1
12916 15:23:33.250804 close(4)          = 0
12916 15:23:33.250820 rt_sigaction(SIGALRM, {0x805cad0, ~[RTMIN RT_1], 0}, NULL, 8) = 0
12916 15:23:33.250839 alarm(300)        = 0
12916 15:23:33.250855 recv(0,  <unfinished ...>
12914 15:23:33.250866 read(4,  <unfinished ...>
12916 15:23:33.769587 <... recv resumed> "TYPE I\r\n", 4096, MSG_PEEK) = 8
12916 15:23:33.769809 read(0, "TYPE I\r\n", 8) = 8
12916 15:23:33.770030 write(0, "200 Switching to Binary mode.\r\n", 31) = 31
12916 15:23:33.770665 rt_sigaction(SIGALRM, {0x805cad0, ~[RTMIN RT_1], 0}, NULL, 8) = 0
12916 15:23:33.770894 alarm(300)        = 299
12916 15:23:33.770976 recv(0, "PASV\r\n", 4096, MSG_PEEK) = 6
12916 15:23:33.771090 read(0, "PASV\r\n", 6) = 6
12916 15:23:33.771406 write(5, "\n", 1) = 1
12914 15:23:33.771481 <... read resumed> "\n", 1) = 1
12914 15:23:33.771515 write(4, "\1", 1) = 1
12914 15:23:33.771563 read(4,  <unfinished ...>
12916 15:23:33.771595 read(5, "\1", 1)  = 1
12916 15:23:33.771646 write(5, "\f", 1) = 1
12914 15:23:33.771688 <... read resumed> "\f", 1) = 1
12914 15:23:33.771722 socket(PF_INET, SOCK_STREAM, IPPROTO_TCP) = 5
12914 15:23:33.771784 setsockopt(5, SOL_SOCKET, SO_REUSEADDR, [1], 4) = 0
12914 15:23:33.771843 bind(5, {sa_family=AF_INET, sin_port=htons(18423), sin_addr=inet_addr("127.0.0.1")}, 16) = 0
12914 15:23:33.771908 listen(5, 1)      = 0
12914 15:23:33.771965 write(4, "\367G\0\0", 4) = 4
12914 15:23:33.772015 read(4,  <unfinished ...>
12916 15:23:33.772046 read(5, "\367G\0\0", 4) = 4
12916 15:23:33.772116 write(0, "227 Entering Passive Mode (127,0,0,1,71,247).\r\n", 47) = 47
12916 15:23:33.772646 rt_sigaction(SIGALRM, {0x805cad0, ~[RTMIN RT_1], 0}, NULL, 8) = 0
12916 15:23:33.772726 alarm(300)        = 300
12916 15:23:33.772778 recv(0, "STOR myfile36\r\n", 4096, MSG_PEEK) = 15
12916 15:23:33.772833 read(0, "STOR myfile36\r\n", 15) = 15
12916 15:23:33.772892 write(5, "\v", 1) = 1
12914 15:23:33.772940 <... read resumed> "\v", 1) = 1
12914 15:23:33.772971 write(4, "\1\0\0\0", 4) = 4
12914 15:23:33.773020 read(4,  <unfinished ...>
12916 15:23:33.773050 read(5, "\1\0\0\0", 4) = 4
12916 15:23:33.773101 gettimeofday({1495653813, 773117}, NULL) = 0
