16878 16:08:20.610239 open("/etc/ftpusers", O_RDONLY|O_LARGEFILE) = 5
16878 16:08:20.610239 fstat64(5, {st_mode=S_IFREG|0644, st_size=132, ...}) = 0
16878 16:08:20.610239 mmap2(NULL, 4096, PROT_READ|PROT_WRITE, MAP_PRIVATE|MAP_ANONYMOUS, -1, 0) = 0xb7fa1000
16878 16:08:20.610239 read(5, "# /etc/ftpusers: list of users disallowed FTP access. See ftpusers(5).\n\nroot\ndaemon\nbin\nsys\nsync\ngames\nman\nlp\nmail\nnews\nuucp\nnobody\n", 4096) = 132
16878 16:08:20.610239 read(5, "", 4096) = 0
16878 16:08:20.610239 close(5)          = 0
16878 16:08:20.610239 munmap(0xb7fa1000, 4096) = 0
16878 16:08:20.610239 getuid32()        = 0
16878 16:08:20.610239 open("/etc/passwd", O_RDONLY|0x80000 /* O_??? */) = 5
16878 16:08:20.610239 _llseek(5, 0, [0], SEEK_CUR) = 0
16878 16:08:20.610239 fstat64(5, {st_mode=S_IFREG|0644, st_size=1624, ...}) = 0
16878 16:08:20.610239 mmap2(NULL, 1624, PROT_READ, MAP_SHARED, 5, 0) = 0xb7fa1000
16878 16:08:20.610239 _llseek(5, 1624, [1624], SEEK_SET) = 0
16878 16:08:20.610239 munmap(0xb7fa1000, 1624) = 0
16878 16:08:20.610239 close(5)          = 0
16878 16:08:20.610239 open("/etc/shadow", O_RDONLY|0x80000 /* O_??? */) = 5
16878 16:08:20.610239 _llseek(5, 0, [0], SEEK_CUR) = 0
16878 16:08:20.610239 fstat64(5, {st_mode=S_IFREG|0640, st_size=1233, ...}) = 0
16878 16:08:20.610239 mmap2(NULL, 1233, PROT_READ, MAP_SHARED, 5, 0) = 0xb7fa1000
16878 16:08:20.610239 _llseek(5, 1233, [1233], SEEK_SET) = 0
16878 16:08:20.610239 munmap(0xb7fa1000, 1233) = 0
16878 16:08:20.610239 close(5)          = 0
16878 16:08:20.610239 open("/etc/passwd", O_RDONLY|0x80000 /* O_??? */) = 5
16878 16:08:20.610239 _llseek(5, 0, [0], SEEK_CUR) = 0
16878 16:08:20.610239 fstat64(5, {st_mode=S_IFREG|0644, st_size=1624, ...}) = 0
16878 16:08:20.610239 mmap2(NULL, 1624, PROT_READ, MAP_SHARED, 5, 0) = 0xb7fa1000
16878 16:08:20.610239 _llseek(5, 1624, [1624], SEEK_SET) = 0
16878 16:08:20.610239 munmap(0xb7fa1000, 1624) = 0
16878 16:08:20.610239 close(5)          = 0
16878 16:08:20.610239 open("/etc/shadow", O_RDONLY|0x80000 /* O_??? */) = 5
16878 16:08:20.610239 _llseek(5, 0, [0], SEEK_CUR) = 0
16878 16:08:20.610239 fstat64(5, {st_mode=S_IFREG|0640, st_size=1233, ...}) = 0
16878 16:08:20.610239 mmap2(NULL, 1233, PROT_READ, MAP_SHARED, 5, 0) = 0xb7fa1000
16878 16:08:20.610239 _llseek(5, 1233, [1233], SEEK_SET) = 0
16878 16:08:20.610239 munmap(0xb7fa1000, 1233) = 0
16878 16:08:20.610239 close(5)          = 0
16878 16:08:20.610239 getuid32()        = 0
16878 16:08:20.610239 open("/etc/passwd", O_RDONLY|0x80000 /* O_??? */) = 5
16878 16:08:20.610239 _llseek(5, 0, [0], SEEK_CUR) = 0
16878 16:08:20.610239 fstat64(5, {st_mode=S_IFREG|0644, st_size=1624, ...}) = 0
16878 16:08:20.610239 mmap2(NULL, 1624, PROT_READ, MAP_SHARED, 5, 0) = 0xb7fa1000
16878 16:08:20.610239 _llseek(5, 1624, [1624], SEEK_SET) = 0
16878 16:08:20.610239 munmap(0xb7fa1000, 1624) = 0
16878 16:08:20.610239 close(5)          = 0
16878 16:08:20.610239 open("/etc/shadow", O_RDONLY|0x80000 /* O_??? */) = 5
16878 16:08:20.610239 _llseek(5, 0, [0], SEEK_CUR) = 0
16878 16:08:20.610239 fstat64(5, {st_mode=S_IFREG|0640, st_size=1233, ...}) = 0
16878 16:08:20.610239 mmap2(NULL, 1233, PROT_READ, MAP_SHARED, 5, 0) = 0xb7fa1000
16878 16:08:20.610239 _llseek(5, 1233, [1233], SEEK_SET) = 0
16878 16:08:20.610239 munmap(0xb7fa1000, 1233) = 0
16878 16:08:20.610239 close(5)          = 0
16878 16:08:20.610239 time(NULL)        = 1495656500
16878 16:08:20.610239 munmap(0xb7f9e000, 12164) = 0
16878 16:08:20.610239 munmap(0xb7f9c000, 7136) = 0
16878 16:08:20.610239 munmap(0xb7dd1000, 95428) = 0
16878 16:08:20.610239 munmap(0xb7d97000, 201052) = 0
16878 16:08:20.610239 munmap(0xb7d7e000, 101180) = 0
16878 16:08:20.610239 gettimeofday({1495656500, 610239}, NULL) = 0
16878 16:08:20.610239 stat64("/usr/share/zoneinfo/UTC+04:00", 0xbfc5b5c4) = -1 ENOENT (No such file or directory)
16878 16:08:20.610239 open("/usr/share/zoneinfo/UTC+04:00", O_RDONLY) = -1 ENOENT (No such file or directory)
16878 16:08:20.610239 fcntl64(3, F_SETLKW64, {type=F_WRLCK, whence=SEEK_SET, start=0, len=0}, 0xbfc5b714) = 0
16878 16:08:20.610239 write(3, "Wed May 24 16:08:20 2017 [pid 16878] [msfadmin] OK LOGIN: Client \"127.0.0.1\"\n", 77) = 77
16878 16:08:20.610239 fcntl64(3, F_SETLK64, {type=F_UNLCK, whence=SEEK_SET, start=0, len=0}, 0xbfc5b71c) = 0
16878 16:08:20.610239 rt_sigaction(SIGCHLD, {0x805cad0, ~[RTMIN RT_1], 0}, NULL, 8) = 0
16878 16:08:20.610239 write(4, "\1", 1 <unfinished ...>
16879 16:08:20.610239 <... read resumed> "\1", 1) = 1
16878 16:08:20.610239 <... write resumed> ) = 1
16879 16:08:20.610239 exit_group(0)     = ?
16878 16:08:20.610239 --- SIGCHLD (Child exited) @ 0 (0) ---
16878 16:08:20.619565 sigreturn()       = ? (mask now [])
16878 16:08:20.619610 wait4(-1, [{WIFEXITED(s) && WEXITSTATUS(s) == 0}], 0, NULL) = 16879
16878 16:08:20.619640 close(4)          = 0
16878 16:08:20.619667 socketpair(PF_FILE, SOCK_STREAM, 0, [4, 5]) = 0
16878 16:08:20.619698 rt_sigaction(SIGCHLD, {0x805cad0, ~[RTMIN RT_1], 0}, NULL, 8) = 0
16878 16:08:20.619728 rt_sigaction(SIGALRM, {0x805cb10, ~[RTMIN RT_1], 0}, NULL, 8) = 0
16878 16:08:20.619757 clone(child_stack=0, flags=CLONE_CHILD_CLEARTID|CLONE_CHILD_SETTID|SIGCHLD, child_tidptr=0xb7e076f8) = 16880
16880 16:08:20.619862 prctl(0x1, 0x9, 0, 0, 0) = 0
16880 16:08:20.619895 close(4)          = 0
16880 16:08:20.619946 open("/etc/passwd", O_RDONLY|0x80000 /* O_??? */) = 4
16880 16:08:20.619981 _llseek(4, 0, [0], SEEK_CUR) = 0
16880 16:08:20.620014 fstat64(4, {st_mode=S_IFREG|0644, st_size=1624, ...}) = 0
16880 16:08:20.620050 mmap2(NULL, 1624, PROT_READ, MAP_SHARED, 4, 0) = 0xb7fa1000
16880 16:08:20.620077 _llseek(4, 1624, [1624], SEEK_SET) = 0
16880 16:08:20.620121 munmap(0xb7fa1000, 1624) = 0
16880 16:08:20.620147 close(4)          = 0
16880 16:08:20.620177 getuid32()        = 0
16880 16:08:20.620201 open("/etc/passwd", O_RDONLY|0x80000 /* O_??? */) = 4
16880 16:08:20.620229 _llseek(4, 0, [0], SEEK_CUR) = 0
16880 16:08:20.620239 fstat64(4, {st_mode=S_IFREG|0644, st_size=1624, ...}) = 0
16880 16:08:20.620239 mmap2(NULL, 1624, PROT_READ, MAP_SHARED, 4, 0) = 0xb7fa1000
16880 16:08:20.620239 _llseek(4, 1624, [1624], SEEK_SET) = 0
16880 16:08:20.620239 munmap(0xb7fa1000, 1624) = 0
16880 16:08:20.620239 close(4)          = 0
16880 16:08:20.620239 open("/proc/sys/kernel/ngroups_max", O_RDONLY) = 4
16880 16:08:20.620239 read(4, "65536\n", 31) = 6
16880 16:08:20.620239 close(4)          = 0
16880 16:08:20.620239 socket(PF_FILE, SOCK_STREAM, 0) = 4
16880 16:08:20.620239 fcntl64(4, F_SETFL, O_RDWR|O_NONBLOCK) = 0
16880 16:08:20.620239 connect(4, {sa_family=AF_FILE, path="/var/run/nscd/socket"}, 110) = -1 ENOENT (No such file or directory)
16880 16:08:20.620239 close(4)          = 0
16880 16:08:20.620239 socket(PF_FILE, SOCK_STREAM, 0) = 4
16880 16:08:20.620239 fcntl64(4, F_SETFL, O_RDWR|O_NONBLOCK) = 0
16880 16:08:20.620239 connect(4, {sa_family=AF_FILE, path="/var/run/nscd/socket"}, 110) = -1 ENOENT (No such file or directory)
16880 16:08:20.620239 close(4)          = 0
16880 16:08:20.620239 open("/etc/group", O_RDONLY|0x80000 /* O_??? */) = 4
16880 16:08:20.620239 _llseek(4, 0, [0], SEEK_CUR) = 0
16880 16:08:20.620239 fstat64(4, {st_mode=S_IFREG|0644, st_size=886, ...}) = 0
16880 16:08:20.620239 mmap2(NULL, 886, PROT_READ, MAP_SHARED, 4, 0) = 0xb7fa1000
16880 16:08:20.620239 _llseek(4, 886, [886], SEEK_SET) = 0
16880 16:08:20.620239 fstat64(4, {st_mode=S_IFREG|0644, st_size=886, ...}) = 0
16880 16:08:20.620239 munmap(0xb7fa1000, 886) = 0
16880 16:08:20.620239 close(4)          = 0
16880 16:08:20.620239 setgroups32(13, [1000, 4, 20, 24, 25, 29, 30, 44, 46, 107, 111, 112, 119]) = 0
16880 16:08:20.620239 geteuid32()       = 0
16880 16:08:20.620239 getegid32()       = 0
16880 16:08:20.620239 setregid32(-1, 1000) = 0
16880 16:08:20.620239 setreuid32(-1, 1000) = 0
16880 16:08:20.620239 chdir("/home/msfadmin") = 0
16880 16:08:20.620239 setreuid32(-1, 0) = 0
16880 16:08:20.620239 setregid32(-1, 0) = 0
16880 16:08:20.620239 setgid32(1000)    = 0
16880 16:08:20.620239 setuid32(1000)    = 0
16880 16:08:20.620239 setrlimit(RLIMIT_NPROC, {rlim_cur=0, rlim_max=0}) = 0
16880 16:08:20.620239 mmap2(NULL, 12288, PROT_READ|PROT_WRITE, MAP_PRIVATE|MAP_ANONYMOUS, -1, 0) = 0xb7f9f000
16880 16:08:20.620239 mprotect(0xb7fa1000, 4096, PROT_NONE) = 0
16880 16:08:20.620239 mprotect(0xb7f9f000, 4096, PROT_NONE) = 0
16880 16:08:20.620239 getcwd("/home/msfadmin", 4096) = 15
16880 16:08:20.620239 umask(022)        = 077
16880 16:08:20.620239 getcwd("/home/msfadmin", 4096) = 15
16880 16:08:20.620239 open(".message", O_RDONLY|O_NONBLOCK|O_LARGEFILE) = -1 ENOENT (No such file or directory)
16880 16:08:20.620239 write(0, "230 Login successful.\r\n", 23) = 23
16880 16:08:20.620239 rt_sigaction(SIGALRM, {0x805cad0, ~[RTMIN RT_1], 0}, NULL, 8) = 0
16880 16:08:20.620239 alarm(300)        = 0
16880 16:08:20.620239 mmap2(NULL, 12288, PROT_READ|PROT_WRITE, MAP_PRIVATE|MAP_ANONYMOUS, -1, 0) = 0xb7f9c000
16880 16:08:20.620239 mprotect(0xb7f9e000, 4096, PROT_NONE) = 0
16880 16:08:20.620239 mprotect(0xb7f9c000, 4096, PROT_NONE) = 0
16880 16:08:20.620239 recv(0, "TYPE I\r\n", 4096, MSG_PEEK) = 8
16880 16:08:20.620239 read(0, "TYPE I\r\n", 8) = 8
16880 16:08:20.620239 write(0, "200 Switching to Binary mode.\r\n", 31) = 31
16880 16:08:20.620239 rt_sigaction(SIGALRM, {0x805cad0, ~[RTMIN RT_1], 0}, NULL, 8) = 0
16880 16:08:20.620239 alarm(300)        = 300
16880 16:08:20.620239 recv(0, "PASV\r\n", 4096, MSG_PEEK) = 6
16880 16:08:20.620239 read(0, "PASV\r\n", 6) = 6
16880 16:08:20.620239 write(5, "\n", 1) = 1
16880 16:08:20.620239 read(5,  <unfinished ...>
16878 16:08:20.620239 close(5)          = 0
16878 16:08:20.620239 getuid32()        = 0
16878 16:08:20.620239 open("/etc/passwd", O_RDONLY|0x80000 /* O_??? */) = 5
16878 16:08:20.620239 _llseek(5, 0, [0], SEEK_CUR) = 0
16878 16:08:20.620239 fstat64(5, {st_mode=S_IFREG|0644, st_size=1624, ...}) = 0
16878 16:08:20.620239 mmap2(NULL, 1624, PROT_READ, MAP_SHARED, 5, 0) = 0xb7fa1000
16878 16:08:20.620239 _llseek(5, 1624, [1624], SEEK_SET) = 0
16878 16:08:20.620239 munmap(0xb7fa1000, 1624) = 0
16878 16:08:20.620239 close(5)          = 0
16878 16:08:20.620239 setgroups32(0, []) = 0
16878 16:08:20.620239 chdir("/usr/share/empty") = 0
16878 16:08:20.620239 chroot(".")       = 0
16878 16:08:20.620239 capset(NULL, NULL) = -1 EFAULT (Bad address)
16878 16:08:20.620239 prctl(0x8, 0, 0xbfc5b6f8, 0x80549a6, 0xbfc5b6e0) = 0
16878 16:08:20.620239 prctl(0x8, 0x1, 0xbfc5b6f8, 0x8054a49, 0xbfc5b6e0) = 0
16878 16:08:20.620239 setgid32(65534)   = 0
16878 16:08:20.620239 setuid32(65534)   = 0
16878 16:08:20.620239 capset(0x19980330, 0, {CAP_NET_BIND_SERVICE, CAP_NET_BIND_SERVICE, 0}) = 0
16878 16:08:20.620239 read(4, "\n", 1)  = 1
16878 16:08:20.620239 write(4, "\1", 1) = 1
16880 16:08:20.620239 <... read resumed> "\1", 1) = 1
16880 16:08:20.620239 write(5, "\f", 1) = 1
16880 16:08:20.620239 read(5,  <unfinished ...>
16878 16:08:20.620239 read(4, "\f", 1)  = 1
16878 16:08:20.620239 socket(PF_INET, SOCK_STREAM, IPPROTO_TCP) = 5
16878 16:08:20.620239 setsockopt(5, SOL_SOCKET, SO_REUSEADDR, [1], 4) = 0
16878 16:08:20.620239 gettimeofday({1495656500, 620239}, NULL) = 0
16878 16:08:20.620239 bind(5, {sa_family=AF_INET, sin_port=htons(53270), sin_addr=inet_addr("127.0.0.1")}, 16) = 0
16878 16:08:20.620239 listen(5, 1)      = 0
16878 16:08:20.620239 write(4, "\26\320\0\0", 4) = 4
16880 16:08:20.620239 <... read resumed> "\26\320\0\0", 4) = 4
16880 16:08:20.620239 write(0, "227 Entering Passive Mode (127,0,0,1,208,22).\r\n", 47) = 47
16880 16:08:20.620239 rt_sigaction(SIGALRM, {0x805cad0, ~[RTMIN RT_1], 0}, NULL, 8) = 0
16880 16:08:20.620239 alarm(300)        = 300
16880 16:08:20.620239 recv(0, "STOR myfile19\r\n", 4096, MSG_PEEK) = 15
16880 16:08:20.620239 read(0, "STOR myfile19\r\n", 15) = 15
16880 16:08:20.620239 write(5, "\v", 1) = 1
16880 16:08:20.620239 read(5,  <unfinished ...>
16878 16:08:20.620239 read(4, "\v", 1)  = 1
16878 16:08:20.620239 write(4, "\1\0\0\0", 4) = 4
16880 16:08:20.620239 <... read resumed> "\1\0\0\0", 4) = 4
16880 16:08:20.620239 gettimeofday({1495656500, 620239}, NULL) = 0
16880 16:08:20.620239 getcwd("/home/msfadmin", 4096) = 15
16880 16:08:20.620239 open("myfile19", O_WRONLY|O_CREAT|O_NONBLOCK|O_LARGEFILE, 0666) = 4
16880 16:08:20.620239 fstat64(4, {st_mode=S_IFREG|0644, st_size=17, ...}) = 0
16880 16:08:20.620239 fcntl64(4, F_GETFL) = 0x8801 (flags O_WRONLY|O_NONBLOCK|O_LARGEFILE)
16880 16:08:20.620239 fcntl64(4, F_SETFL, O_WRONLY|O_LARGEFILE) = 0
16880 16:08:20.620239 fcntl64(4, F_SETLKW64, {type=F_WRLCK, whence=SEEK_SET, start=0, len=0}, 0xbfc5b644) = 0
16880 16:08:20.620239 ftruncate64(4, 0) = 0
16880 16:08:20.620239 _llseek(4, 0, [0], SEEK_SET) = 0
16880 16:08:20.620239 write(5, "\v", 1) = 1
16880 16:08:20.620239 read(5,  <unfinished ...>
16878 16:08:20.620239 read(4, "\v", 1)  = 1
16878 16:08:20.620239 write(4, "\1\0\0\0", 4) = 4
16880 16:08:20.620239 <... read resumed> "\1\0\0\0", 4) = 4
16880 16:08:20.620239 write(5, "\v", 1) = 1
16880 16:08:20.620239 read(5,  <unfinished ...>
16878 16:08:20.620239 read(4, "\v", 1)  = 1
16878 16:08:20.620239 write(4, "\1\0\0\0", 4) = 4
16880 16:08:20.620239 <... read resumed> "\1\0\0\0", 4) = 4
16880 16:08:20.620239 write(5, "\r", 1) = 1
16880 16:08:20.620239 read(5,  <unfinished ...>
16878 16:08:20.620239 read(4, "\r", 1)  = 1
16878 16:08:20.620239 select(6, [5], NULL, NULL, {60, 0}) = 1 (in [5], left {60, 0})
16878 16:08:20.620239 accept(5, {sa_family=AF_INET, sin_port=htons(44096), sin_addr=inet_addr("127.0.0.1")}, [16]) = 6
16878 16:08:20.620239 write(4, "\1", 1) = 1
16880 16:08:20.620239 <... read resumed> "\1", 1) = 1
16880 16:08:20.620239 recvmsg(5,  <unfinished ...>
16878 16:08:20.620239 sendmsg(4, {msg_name(0)=NULL, msg_iov(1)=[{"\0", 1}], msg_controllen=16, {cmsg_len=16, cmsg_level=SOL_SOCKET, cmsg_type=SCM_RIGHTS, {6}}, msg_flags=0}, 0) = 1
16880 16:08:20.620239 <... recvmsg resumed> {msg_name(0)=NULL, msg_iov(1)=[{"\0", 1}], msg_controllen=16, {cmsg_len=16, cmsg_level=SOL_SOCKET, cmsg_type=SCM_RIGHTS, {6}}, msg_flags=0}, 0) = 1
16880 16:08:20.620239 setsockopt(6, SOL_SOCKET, SO_KEEPALIVE, [1], 4) = 0
16880 16:08:20.620239 setsockopt(6, SOL_IP, IP_TOS, [8], 4) = 0
16880 16:08:20.620239 setsockopt(6, SOL_SOCKET, SO_LINGER, {onoff=1, linger=32767}, 8) = 0
16880 16:08:20.620239 rt_sigaction(SIGALRM, {0x805cad0, ~[RTMIN RT_1], 0}, NULL, 8) = 0
16880 16:08:20.620239 alarm(300)        = 300
16880 16:08:20.620239 write(0, "150 Ok to send data.\r\n", 22) = 22
16880 16:08:20.620239 mmap2(NULL, 77824, PROT_READ|PROT_WRITE, MAP_PRIVATE|MAP_ANONYMOUS, -1, 0) = 0xb7dd6000
16880 16:08:20.620239 mprotect(0xb7de8000, 4096, PROT_NONE) = 0
16880 16:08:20.620239 mprotect(0xb7dd6000, 4096, PROT_NONE) = 0
16880 16:08:20.620239 read(6, "assasaaa\na\na\na\na\n", 65536) = 17
16880 16:08:20.620239 write(4, "assasaaa\na\na\na\na\n", 17) = 17
16880 16:08:20.620239 read(6, "", 65536) = 0
16880 16:08:20.620239 rt_sigaction(SIGALRM, {0x805cad0, ~[RTMIN RT_1], 0}, NULL, 8) = 0
16880 16:08:20.620239 alarm(300)        = 300
16880 16:08:20.620239 close(6)          = 0
16880 16:08:20.620239 alarm(0)          = 300
16880 16:08:20.620239 gettimeofday({1495656500, 620239}, NULL) = 0
16880 16:08:20.620239 getpid()          = 16880
16880 16:08:20.620239 gettimeofday({1495656500, 620239}, NULL) = 0
16880 16:08:20.620239 fcntl64(3, F_SETLKW64, {type=F_WRLCK, whence=SEEK_SET, start=0, len=0}, 0xbfc5b5e4) = 0
16880 16:08:20.620239 write(3, "Wed May 24 16:08:20 2017 [pid 16880] [msfadmin] OK UPLOAD: Client \"127.0.0.1\", \"/home/msfadmin/myfile19\", 17 bytes, 0.17Kbyte/sec\n", 130) = 130
16880 16:08:20.620239 fcntl64(3, F_SETLK64, {type=F_UNLCK, whence=SEEK_SET, start=0, len=0}, 0xbfc5b5ec) = 0
16880 16:08:20.620239 write(0, "226 Transfer complete.\r\n", 24) = 24
16880 16:08:20.620239 write(5, "\n", 1) = 1
16880 16:08:20.620239 read(5,  <unfinished ...>
16878 16:08:20.620239 close(6)          = 0
16878 16:08:20.620239 read(4, "\n", 1)  = 1
16878 16:08:20.620239 close(5)          = 0
16878 16:08:20.620239 write(4, "\1", 1) = 1
16880 16:08:20.620239 <... read resumed> "\1", 1) = 1
16880 16:08:20.620239 close(4)          = 0
16880 16:08:20.620239 rt_sigaction(SIGALRM, {0x805cad0, ~[RTMIN RT_1], 0}, NULL, 8) = 0
16880 16:08:20.620239 alarm(300)        = 0
16880 16:08:20.620239 recv(0,  <unfinished ...>
16878 16:08:20.620239 read(4,  <unfinished ...>
16880 16:08:21.130710 <... recv resumed> "TYPE I\r\n", 4096, MSG_PEEK) = 8
16880 16:08:21.130833 read(0, "TYPE I\r\n", 8) = 8
16880 16:08:21.130942 write(0, "200 Switching to Binary mode.\r\n", 31) = 31
16880 16:08:21.131301 rt_sigaction(SIGALRM, {0x805cad0, ~[RTMIN RT_1], 0}, NULL, 8) = 0
16880 16:08:21.131418 alarm(300)        = 299
16880 16:08:21.131582 recv(0, "PASV\r\n", 4096, MSG_PEEK) = 6
16880 16:08:21.131662 read(0, "PASV\r\n", 6) = 6
16880 16:08:21.131745 write(5, "\n", 1 <unfinished ...>
16878 16:08:21.131816 <... read resumed> "\n", 1) = 1
16880 16:08:21.131865 <... write resumed> ) = 1
16878 16:08:21.131922 write(4, "\1", 1) = 1
16878 16:08:21.131997 read(4,  <unfinished ...>
16880 16:08:21.132060 read(5, "\1", 1)  = 1
16880 16:08:21.132177 write(5, "\f", 1 <unfinished ...>
16878 16:08:21.132276 <... read resumed> "\f", 1) = 1
16880 16:08:21.132443 <... write resumed> ) = 1
16878 16:08:21.132516 socket(PF_INET, SOCK_STREAM, IPPROTO_TCP) = 5
16878 16:08:21.132607 setsockopt(5, SOL_SOCKET, SO_REUSEADDR, [1], 4) = 0
16878 16:08:21.132693 bind(5, {sa_family=AF_INET, sin_port=htons(61573), sin_addr=inet_addr("127.0.0.1")}, 16) = 0
16878 16:08:21.132787 listen(5, 1)      = 0
16878 16:08:21.132871 write(4, "\205\360\0\0", 4) = 4
16878 16:08:21.132949 read(4,  <unfinished ...>
16880 16:08:21.133008 read(5, "\205\360\0\0", 4) = 4
16880 16:08:21.133115 write(0, "227 Entering Passive Mode (127,0,0,1,240,133).\r\n", 48) = 48
16880 16:08:21.133770 rt_sigaction(SIGALRM, {0x805cad0, ~[RTMIN RT_1], 0}, NULL, 8) = 0
16880 16:08:21.133874 alarm(300)        = 300
16880 16:08:21.134059 recv(0, "STOR myfile20\r\n", 4096, MSG_PEEK) = 15
16880 16:08:21.134153 read(0, "STOR myfile20\r\n", 15) = 15
16880 16:08:21.134241 write(5, "\v", 1 <unfinished ...>
16878 16:08:21.134307 <... read resumed> "\v", 1) = 1
16880 16:08:21.134355 <... write resumed> ) = 1
16878 16:08:21.134410 write(4, "\1\0\0\0", 4) = 4
16878 16:08:21.134484 read(4,  <unfinished ...>
16880 16:08:21.134542 read(5, "\1\0\0\0", 4) = 4
16880 16:08:21.134620 gettimeofday({1495656501, 134665}, NULL) = 0
16880 16:08:21.134727 getcwd("/home/msfadmin", 4096) = 15
16880 16:08:21.134808 open("myfile20", O_WRONLY|O_CREAT|O_NONBLOCK|O_LARGEFILE, 0666) = 4
16880 16:08:21.134893 fstat64(4, {st_mode=S_IFREG|0644, st_size=17, ...}) = 0
16880 16:08:21.135184 fcntl64(4, F_GETFL) = 0x8801 (flags O_WRONLY|O_NONBLOCK|O_LARGEFILE)
16880 16:08:21.135267 fcntl64(4, F_SETFL, O_WRONLY|O_LARGEFILE) = 0
16880 16:08:21.135338 fcntl64(4, F_SETLKW64, {type=F_WRLCK, whence=SEEK_SET, start=0, len=0}, 0xbfc5b644) = 0
16880 16:08:21.135424 ftruncate64(4, 0) = 0
16880 16:08:21.135522 _llseek(4, 0, [0], SEEK_SET) = 0
16880 16:08:21.135598 write(5, "\v", 1 <unfinished ...>
16878 16:08:21.135662 <... read resumed> "\v", 1) = 1
16880 16:08:21.135710 <... write resumed> ) = 1
16878 16:08:21.135764 write(4, "\1\0\0\0", 4) = 4
16878 16:08:21.135839 read(4,  <unfinished ...>
16880 16:08:21.135897 read(5, "\1\0\0\0", 4) = 4
16880 16:08:21.135975 write(5, "\v", 1 <unfinished ...>
16878 16:08:21.136033 <... read resumed> "\v", 1) = 1
16880 16:08:21.136131 <... write resumed> ) = 1
16878 16:08:21.136187 write(4, "\1\0\0\0", 4) = 4
16878 16:08:21.136263 read(4,  <unfinished ...>
16880 16:08:21.136321 read(5, "\1\0\0\0", 4) = 4
16880 16:08:21.136397 write(5, "\r", 1 <unfinished ...>
16878 16:08:21.136456 <... read resumed> "\r", 1) = 1
16880 16:08:21.136503 <... write resumed> ) = 1
16878 16:08:21.136560 select(6, [5], NULL, NULL, {60, 0}) = 1 (in [5], left {60, 0})
16878 16:08:21.136658 accept(5, {sa_family=AF_INET, sin_port=htons(43657), sin_addr=inet_addr("127.0.0.1")}, [16]) = 6
16878 16:08:21.136782 write(4, "\1", 1) = 1
16878 16:08:21.136862 sendmsg(4, {msg_name(0)=NULL, msg_iov(1)=[{"\0", 1}], msg_controllen=16, {cmsg_len=16, cmsg_level=SOL_SOCKET, cmsg_type=SCM_RIGHTS, {6}}, msg_flags=0}, 0) = 1
16878 16:08:21.136962 close(6)          = 0
16878 16:08:21.137089 read(4,  <unfinished ...>
16880 16:08:21.137154 read(5, "\1", 1)  = 1
16880 16:08:21.137239 recvmsg(5, {msg_name(0)=NULL, msg_iov(1)=[{"\0", 1}], msg_controllen=16, {cmsg_len=16, cmsg_level=SOL_SOCKET, cmsg_type=SCM_RIGHTS, {6}}, msg_flags=0}, 0) = 1
16880 16:08:21.137347 setsockopt(6, SOL_SOCKET, SO_KEEPALIVE, [1], 4) = 0
16880 16:08:21.137488 setsockopt(6, SOL_IP, IP_TOS, [8], 4) = 0
16880 16:08:21.137568 setsockopt(6, SOL_SOCKET, SO_LINGER, {onoff=1, linger=32767}, 8) = 0
16880 16:08:21.137667 rt_sigaction(SIGALRM, {0x805cad0, ~[RTMIN RT_1], 0}, NULL, 8) = 0
16880 16:08:21.137757 alarm(300)        = 300
16880 16:08:21.137904 write(0, "150 Ok to send data.\r\n", 22) = 22
16880 16:08:21.138379 read(6, "assasaaa\na\na\na\na\n", 65536) = 17
16880 16:08:21.138473 write(4, "assasaaa\na\na\na\na\n", 17) = 17
16880 16:08:21.138569 read(6, "", 65536) = 0
16880 16:08:21.138643 rt_sigaction(SIGALRM, {0x805cad0, ~[RTMIN RT_1], 0}, NULL, 8) = 0
16880 16:08:21.138731 alarm(300)        = 300
16880 16:08:21.138866 close(6)          = 0
16880 16:08:21.139132 alarm(0)          = 300
16880 16:08:21.139225 gettimeofday({1495656501, 139263}, NULL) = 0
16880 16:08:21.139331 gettimeofday({1495656501, 139373}, NULL) = 0
16880 16:08:21.139433 fcntl64(3, F_SETLKW64, {type=F_WRLCK, whence=SEEK_SET, start=0, len=0}, 0xbfc5b5e4) = 0
16880 16:08:21.139516 write(3, "Wed May 24 16:08:21 2017 [pid 16880] [msfadmin] OK UPLOAD: Client \"127.0.0.1\", \"/home/msfadmin/myfile20\", 17 bytes, 3.53Kbyte/sec\n", 130) = 130
16880 16:08:21.149647 fcntl64(3, F_SETLK64, {type=F_UNLCK, whence=SEEK_SET, start=0, len=0}, 0xbfc5b5ec) = 0
16880 16:08:21.149791 write(0, "226 Transfer complete.\r\n", 24) = 24
16880 16:08:21.150068 write(5, "\n", 1 <unfinished ...>
16878 16:08:21.150139 <... read resumed> "\n", 1) = 1
16880 16:08:21.150187 <... write resumed> ) = 1
16878 16:08:21.150228 close(5)          = 0
16878 16:08:21.150255 write(4, "\1", 1) = 1
16878 16:08:21.150255 read(4,  <unfinished ...>
16880 16:08:21.150255 read(5, "\1", 1)  = 1
16880 16:08:21.150255 close(4)          = 0
16880 16:08:21.150255 rt_sigaction(SIGALRM, {0x805cad0, ~[RTMIN RT_1], 0}, NULL, 8) = 0
16880 16:08:21.150255 alarm(300)        = 0
16880 16:08:21.150255 recv(0, "TYPE I\r\n", 4096, MSG_PEEK) = 8
16880 16:08:21.700099 read(0, "TYPE I\r\n", 8) = 8
16880 16:08:21.700229 write(0, "200 Switching to Binary mode.\r\n", 31) = 31
16880 16:08:21.700272 rt_sigaction(SIGALRM, {0x805cad0, ~[RTMIN RT_1], 0}, NULL, 8) = 0
16880 16:08:21.700272 alarm(300)        = 299
16880 16:08:21.700272 recv(0, "PASV\r\n", 4096, MSG_PEEK) = 6
16880 16:08:21.700272 read(0, "PASV\r\n", 6) = 6
16880 16:08:21.700272 write(5, "\n", 1 <unfinished ...>
16878 16:08:21.700272 <... read resumed> "\n", 1) = 1
16880 16:08:21.700272 <... write resumed> ) = 1
16878 16:08:21.700272 write(4, "\1", 1) = 1
16878 16:08:21.700272 read(4,  <unfinished ...>
16880 16:08:21.700272 read(5, "\1", 1)  = 1
16880 16:08:21.700272 write(5, "\f", 1 <unfinished ...>
16878 16:08:21.700272 <... read resumed> "\f", 1) = 1
16880 16:08:21.700272 <... write resumed> ) = 1
16878 16:08:21.700272 socket(PF_INET, SOCK_STREAM, IPPROTO_TCP) = 5
16878 16:08:21.700272 setsockopt(5, SOL_SOCKET, SO_REUSEADDR, [1], 4) = 0
16878 16:08:21.700272 bind(5, {sa_family=AF_INET, sin_port=htons(47914), sin_addr=inet_addr("127.0.0.1")}, 16) = 0
16878 16:08:21.700272 listen(5, 1)      = 0
16878 16:08:21.700272 write(4, "*\273\0\0", 4) = 4
16878 16:08:21.700272 read(4,  <unfinished ...>
16880 16:08:21.700272 read(5, "*\273\0\0", 4) = 4
16880 16:08:21.700272 write(0, "227 Entering Passive Mode (127,0,0,1,187,42).\r\n", 47) = 47
16880 16:08:21.700272 rt_sigaction(SIGALRM, {0x805cad0, ~[RTMIN RT_1], 0}, NULL, 8) = 0
16880 16:08:21.700272 alarm(300)        = 300
16880 16:08:21.700272 recv(0, "STOR myfile21\r\n", 4096, MSG_PEEK) = 15
16880 16:08:21.700272 read(0, "STOR myfile21\r\n", 15) = 15
16880 16:08:21.700272 write(5, "\v", 1 <unfinished ...>
16878 16:08:21.700272 <... read resumed> "\v", 1) = 1
16880 16:08:21.700272 <... write resumed> ) = 1
16878 16:08:21.700272 write(4, "\1\0\0\0", 4) = 4
16878 16:08:21.700272 read(4,  <unfinished ...>
16880 16:08:21.700272 read(5, "\1\0\0\0", 4) = 4
16880 16:08:21.700272 gettimeofday({1495656501, 700272}, NULL) = 0
16880 16:08:21.700272 getcwd("/home/msfadmin", 4096) = 15
16880 16:08:21.700272 open("myfile21", O_WRONLY|O_CREAT|O_NONBLOCK|O_LARGEFILE, 0666) = 4
16880 16:08:21.700272 fstat64(4, {st_mode=S_IFREG|0644, st_size=17, ...}) = 0
16880 16:08:21.700272 fcntl64(4, F_GETFL) = 0x8801 (flags O_WRONLY|O_NONBLOCK|O_LARGEFILE)
16880 16:08:21.700272 fcntl64(4, F_SETFL, O_WRONLY|O_LARGEFILE) = 0
16880 16:08:21.700272 fcntl64(4, F_SETLKW64, {type=F_WRLCK, whence=SEEK_SET, start=0, len=0}, 0xbfc5b644) = 0
16880 16:08:21.700272 ftruncate64(4, 0) = 0
