14223 15:36:44.205526 write(4, "\1", 1 <unfinished ...>
14224 15:36:44.205555 <... read resumed> "\1", 1) = 1
14223 15:36:44.205569 <... write resumed> ) = 1
14224 15:36:44.205621 exit_group(0)     = ?
14223 15:36:44.205712 --- SIGCHLD (Child exited) @ 0 (0) ---
14223 15:36:44.205732 sigreturn()       = ? (mask now [])
14223 15:36:44.205782 wait4(-1, [{WIFEXITED(s) && WEXITSTATUS(s) == 0}], 0, NULL) = 14224
14223 15:36:44.205817 close(4)          = 0
14223 15:36:44.205849 socketpair(PF_FILE, SOCK_STREAM, 0, [4, 5]) = 0
14223 15:36:44.205888 rt_sigaction(SIGCHLD, {0x805cad0, ~[RTMIN RT_1], 0}, NULL, 8) = 0
14223 15:36:44.205925 rt_sigaction(SIGALRM, {0x805cb10, ~[RTMIN RT_1], 0}, NULL, 8) = 0
14223 15:36:44.205962 clone(child_stack=0, flags=CLONE_CHILD_CLEARTID|CLONE_CHILD_SETTID|SIGCHLD, child_tidptr=0xb7df16f8) = 14225
14225 15:36:44.206126 prctl(0x1, 0x9, 0, 0, 0) = 0
14225 15:36:44.206166 close(4)          = 0
14225 15:36:44.206238 open("/etc/passwd", O_RDONLY|0x80000 /* O_??? */) = 4
14225 15:36:44.206284 _llseek(4, 0, [0], SEEK_CUR) = 0
14225 15:36:44.206326 fstat64(4, {st_mode=S_IFREG|0644, st_size=1624, ...}) = 0
14225 15:36:44.206374 mmap2(NULL, 1624, PROT_READ, MAP_SHARED, 4, 0) = 0xb7f8b000
14225 15:36:44.206406 _llseek(4, 1624, [1624], SEEK_SET) = 0
14225 15:36:44.206466 munmap(0xb7f8b000, 1624) = 0
14225 15:36:44.206496 close(4)          = 0
14225 15:36:44.206532 getuid32()        = 0
14225 15:36:44.206559 open("/etc/passwd", O_RDONLY|0x80000 /* O_??? */) = 4
14225 15:36:44.206624 _llseek(4, 0, [0], SEEK_CUR) = 0
14225 15:36:44.206652 fstat64(4, {st_mode=S_IFREG|0644, st_size=1624, ...}) = 0
14225 15:36:44.206695 mmap2(NULL, 1624, PROT_READ, MAP_SHARED, 4, 0) = 0xb7f8b000
14225 15:36:44.206724 _llseek(4, 1624, [1624], SEEK_SET) = 0
14225 15:36:44.206767 munmap(0xb7f8b000, 1624) = 0
14225 15:36:44.206793 close(4)          = 0
14225 15:36:44.206865 open("/proc/sys/kernel/ngroups_max", O_RDONLY) = 4
14225 15:36:44.206919 read(4, "65536\n", 31) = 6
14225 15:36:44.206952 close(4)          = 0
14225 15:36:44.206990 socket(PF_FILE, SOCK_STREAM, 0) = 4
14225 15:36:44.207022 fcntl64(4, F_SETFL, O_RDWR|O_NONBLOCK) = 0
14225 15:36:44.207051 connect(4, {sa_family=AF_FILE, path="/var/run/nscd/socket"}, 110) = -1 ENOENT (No such file or directory)
14225 15:36:44.207138 close(4)          = 0
14225 15:36:44.207170 socket(PF_FILE, SOCK_STREAM, 0) = 4
14225 15:36:44.207198 fcntl64(4, F_SETFL, O_RDWR|O_NONBLOCK) = 0
14225 15:36:44.207226 connect(4, {sa_family=AF_FILE, path="/var/run/nscd/socket"}, 110) = -1 ENOENT (No such file or directory)
14225 15:36:44.207274 close(4)          = 0
14225 15:36:44.207338 open("/etc/group", O_RDONLY|0x80000 /* O_??? */) = 4
14225 15:36:44.207376 _llseek(4, 0, [0], SEEK_CUR) = 0
14225 15:36:44.207404 fstat64(4, {st_mode=S_IFREG|0644, st_size=886, ...}) = 0
14225 15:36:44.207448 mmap2(NULL, 886, PROT_READ, MAP_SHARED, 4, 0) = 0xb7f8b000
14225 15:36:44.207478 _llseek(4, 886, [886], SEEK_SET) = 0
14225 15:36:44.207543 fstat64(4, {st_mode=S_IFREG|0644, st_size=886, ...}) = 0
14225 15:36:44.207616 munmap(0xb7f8b000, 886) = 0
14225 15:36:44.207645 close(4)          = 0
14225 15:36:44.207672 setgroups32(13, [1000, 4, 20, 24, 25, 29, 30, 44, 46, 107, 111, 112, 119]) = 0
14225 15:36:44.207716 geteuid32()       = 0
14225 15:36:44.207747 getegid32()       = 0
14225 15:36:44.207775 setregid32(-1, 1000) = 0
14225 15:36:44.207803 setreuid32(-1, 1000) = 0
14225 15:36:44.207832 chdir("/home/msfadmin") = 0
14225 15:36:44.207863 setreuid32(-1, 0) = 0
14225 15:36:44.207888 setregid32(-1, 0) = 0
14225 15:36:44.207916 setgid32(1000)    = 0
14225 15:36:44.207942 setuid32(1000)    = 0
14225 15:36:44.207969 setrlimit(RLIMIT_NPROC, {rlim_cur=0, rlim_max=0}) = 0
14225 15:36:44.208005 mmap2(NULL, 12288, PROT_READ|PROT_WRITE, MAP_PRIVATE|MAP_ANONYMOUS, -1, 0) = 0xb7f89000
14225 15:36:44.208078 mprotect(0xb7f8b000, 4096, PROT_NONE) = 0
14225 15:36:44.208124 mprotect(0xb7f89000, 4096, PROT_NONE) = 0
14225 15:36:44.208154 getcwd("/home/msfadmin", 4096) = 15
14225 15:36:44.208191 umask(022)        = 077
14225 15:36:44.208218 getcwd("/home/msfadmin", 4096) = 15
14225 15:36:44.208254 open(".message", O_RDONLY|O_NONBLOCK|O_LARGEFILE) = -1 ENOENT (No such file or directory)
14225 15:36:44.208316 write(0, "230 Login successful.\r\n", 23) = 23
14225 15:36:44.208634 rt_sigaction(SIGALRM, {0x805cad0, ~[RTMIN RT_1], 0}, NULL, 8) = 0
14225 15:36:44.208687 alarm(300)        = 0
14225 15:36:44.208717 mmap2(NULL, 12288, PROT_READ|PROT_WRITE, MAP_PRIVATE|MAP_ANONYMOUS, -1, 0) = 0xb7f86000
14225 15:36:44.208748 mprotect(0xb7f88000, 4096, PROT_NONE) = 0
14225 15:36:44.208778 mprotect(0xb7f86000, 4096, PROT_NONE) = 0
14225 15:36:44.208813 recv(0, "TYPE I\r\n", 4096, MSG_PEEK) = 8
14225 15:36:44.208848 read(0, "TYPE I\r\n", 8) = 8
14225 15:36:44.208895 write(0, "200 Switching to Binary mode.\r\n", 31) = 31
14225 15:36:44.209005 rt_sigaction(SIGALRM, {0x805cad0, ~[RTMIN RT_1], 0}, NULL, 8) = 0
14225 15:36:44.209163 alarm(300)        = 300
14225 15:36:44.209199 recv(0, "PASV\r\n", 4096, MSG_PEEK) = 6
14225 15:36:44.209231 read(0, "PASV\r\n", 6) = 6
14225 15:36:44.209264 write(5, "\n", 1) = 1
14225 15:36:44.209292 read(5,  <unfinished ...>
14223 15:36:44.209326 close(5)          = 0
14223 15:36:44.209359 getuid32()        = 0
14223 15:36:44.209400 open("/etc/passwd", O_RDONLY|0x80000 /* O_??? */) = 5
14223 15:36:44.209440 _llseek(5, 0, [0], SEEK_CUR) = 0
14223 15:36:44.209473 fstat64(5, {st_mode=S_IFREG|0644, st_size=1624, ...}) = 0
14223 15:36:44.209521 mmap2(NULL, 1624, PROT_READ, MAP_SHARED, 5, 0) = 0xb7f8b000
14223 15:36:44.209552 _llseek(5, 1624, [1624], SEEK_SET) = 0
14223 15:36:44.209627 munmap(0xb7f8b000, 1624) = 0
14223 15:36:44.209660 close(5)          = 0
14223 15:36:44.209703 setgroups32(0, []) = 0
14223 15:36:44.209733 chdir("/usr/share/empty") = 0
14223 15:36:44.209766 chroot(".")       = 0
14223 15:36:44.209795 capset(NULL, NULL) = -1 EFAULT (Bad address)
14223 15:36:44.209830 prctl(0x8, 0, 0xbfe288c8, 0x80549a6, 0xbfe288b0) = 0
14223 15:36:44.209860 prctl(0x8, 0x1, 0xbfe288c8, 0x8054a49, 0xbfe288b0) = 0
14223 15:36:44.209887 setgid32(65534)   = 0
14223 15:36:44.209913 setuid32(65534)   = 0
14223 15:36:44.209939 capset(0x19980330, 0, {CAP_NET_BIND_SERVICE, CAP_NET_BIND_SERVICE, 0}) = 0
14223 15:36:44.209975 read(4, "\n", 1)  = 1
14223 15:36:44.210010 write(4, "\1", 1) = 1
14225 15:36:44.210040 <... read resumed> "\1", 1) = 1
14225 15:36:44.210060 write(5, "\f", 1) = 1
14225 15:36:44.210088 read(5,  <unfinished ...>
14223 15:36:44.210103 read(4, "\f", 1)  = 1
14223 15:36:44.210131 socket(PF_INET, SOCK_STREAM, IPPROTO_TCP) = 5
14223 15:36:44.210160 setsockopt(5, SOL_SOCKET, SO_REUSEADDR, [1], 4) = 0
14223 15:36:44.210184 gettimeofday({1495654604, 210191}, NULL) = 0
14223 15:36:44.210217 bind(5, {sa_family=AF_INET, sin_port=htons(28482), sin_addr=inet_addr("127.0.0.1")}, 16) = 0
14223 15:36:44.210249 listen(5, 1)      = 0
14223 15:36:44.210276 write(4, "Bo\0\0", 4) = 4
14225 15:36:44.210299 <... read resumed> "Bo\0\0", 4) = 4
14225 15:36:44.210328 write(0, "227 Entering Passive Mode (127,0,0,1,111,66).\r\n", 47) = 47
14225 15:36:44.210573 rt_sigaction(SIGALRM, {0x805cad0, ~[RTMIN RT_1], 0}, NULL, 8) = 0
14225 15:36:44.210606 alarm(300)        = 300
14225 15:36:44.210629 recv(0, "STOR myfile22\r\n", 4096, MSG_PEEK) = 15
14225 15:36:44.210653 read(0, "STOR myfile22\r\n", 15) = 15
14225 15:36:44.210682 write(5, "\v", 1) = 1
14225 15:36:44.210703 read(5,  <unfinished ...>
14223 15:36:44.210717 read(4, "\v", 1)  = 1
14223 15:36:44.210738 write(4, "\1\0\0\0", 4) = 4
14225 15:36:44.210759 <... read resumed> "\1\0\0\0", 4) = 4
14225 15:36:44.210776 gettimeofday({1495654604, 210783}, NULL) = 0
14225 15:36:44.210797 getcwd("/home/msfadmin", 4096) = 15
14225 15:36:44.210821 open("myfile22", O_WRONLY|O_CREAT|O_NONBLOCK|O_LARGEFILE, 0666) = 4
14225 15:36:44.210847 fstat64(4, {st_mode=S_IFREG|0644, st_size=17, ...}) = 0
14225 15:36:44.210888 fcntl64(4, F_GETFL) = 0x8801 (flags O_WRONLY|O_NONBLOCK|O_LARGEFILE)
14225 15:36:44.210909 fcntl64(4, F_SETFL, O_WRONLY|O_LARGEFILE) = 0
14225 15:36:44.210928 fcntl64(4, F_SETLKW64, {type=F_WRLCK, whence=SEEK_SET, start=0, len=0}, 0xbfe28814) = 0
14225 15:36:44.210958 ftruncate64(4, 0) = 0
14225 15:36:44.211018 _llseek(4, 0, [0], SEEK_SET) = 0
14225 15:36:44.211041 write(5, "\v", 1) = 1
14225 15:36:44.211062 read(5,  <unfinished ...>
14223 15:36:44.211076 read(4, "\v", 1)  = 1
14223 15:36:44.211098 write(4, "\1\0\0\0", 4) = 4
14225 15:36:44.211118 <... read resumed> "\1\0\0\0", 4) = 4
14225 15:36:44.211133 write(5, "\v", 1) = 1
14225 15:36:44.211152 read(5,  <unfinished ...>
14223 15:36:44.211164 read(4, "\v", 1)  = 1
14223 15:36:44.211185 write(4, "\1\0\0\0", 4) = 4
14225 15:36:44.211204 <... read resumed> "\1\0\0\0", 4) = 4
14225 15:36:44.211219 write(5, "\r", 1) = 1
14225 15:36:44.211238 read(5,  <unfinished ...>
14223 15:36:44.211250 read(4, "\r", 1)  = 1
14223 15:36:44.211274 select(6, [5], NULL, NULL, {60, 0}) = 1 (in [5], left {60, 0})
14223 15:36:44.211307 accept(5, {sa_family=AF_INET, sin_port=htons(57224), sin_addr=inet_addr("127.0.0.1")}, [16]) = 6
14223 15:36:44.211350 write(4, "\1", 1) = 1
14225 15:36:44.211371 <... read resumed> "\1", 1) = 1
14225 15:36:44.211389 recvmsg(5,  <unfinished ...>
14223 15:36:44.211407 sendmsg(4, {msg_name(0)=NULL, msg_iov(1)=[{"\0", 1}], msg_controllen=16, {cmsg_len=16, cmsg_level=SOL_SOCKET, cmsg_type=SCM_RIGHTS, {6}}, msg_flags=0}, 0) = 1
14225 15:36:44.211446 <... recvmsg resumed> {msg_name(0)=NULL, msg_iov(1)=[{"\0", 1}], msg_controllen=16, {cmsg_len=16, cmsg_level=SOL_SOCKET, cmsg_type=SCM_RIGHTS, {6}}, msg_flags=0}, 0) = 1
14225 15:36:44.211482 setsockopt(6, SOL_SOCKET, SO_KEEPALIVE, [1], 4) = 0
14225 15:36:44.211503 setsockopt(6, SOL_IP, IP_TOS, [8], 4) = 0
14225 15:36:44.211522 setsockopt(6, SOL_SOCKET, SO_LINGER, {onoff=1, linger=32767}, 8) = 0
14225 15:36:44.211540 rt_sigaction(SIGALRM, {0x805cad0, ~[RTMIN RT_1], 0}, NULL, 8) = 0
14225 15:36:44.211561 alarm(300)        = 300
14225 15:36:44.211581 write(0, "150 Ok to send data.\r\n", 22) = 22
14225 15:36:44.211681 mmap2(NULL, 77824, PROT_READ|PROT_WRITE, MAP_PRIVATE|MAP_ANONYMOUS, -1, 0) = 0xb7dc0000
14225 15:36:44.211702 mprotect(0xb7dd2000, 4096, PROT_NONE) = 0
14225 15:36:44.211721 mprotect(0xb7dc0000, 4096, PROT_NONE) = 0
14225 15:36:44.211737 read(6, "assasaaa\na\na\na\na\n", 65536) = 17
14225 15:36:44.211758 write(4, "assasaaa\na\na\na\na\n", 17) = 17
14225 15:36:44.211782 read(6, "", 65536) = 0
14225 15:36:44.211799 rt_sigaction(SIGALRM, {0x805cad0, ~[RTMIN RT_1], 0}, NULL, 8) = 0
14225 15:36:44.211820 alarm(300)        = 300
14225 15:36:44.211836 close(6)          = 0
14225 15:36:44.211850 alarm(0)          = 300
14225 15:36:44.211865 gettimeofday({1495654604, 211871}, NULL) = 0
14225 15:36:44.211893 getpid()          = 14225
14225 15:36:44.211917 gettimeofday({1495654604, 211925}, NULL) = 0
14225 15:36:44.211947 fcntl64(3, F_SETLKW64, {type=F_WRLCK, whence=SEEK_SET, start=0, len=0}, 0xbfe287b4) = 0
14225 15:36:44.211987 write(3, "Wed May 24 15:36:44 2017 [pid 14225] [msfadmin] OK UPLOAD: Client \"127.0.0.1\", \"/home/msfadmin/myfile22\", 17 bytes, 14.54Kbyte/sec\n", 131) = 131
14225 15:36:44.212021 fcntl64(3, F_SETLK64, {type=F_UNLCK, whence=SEEK_SET, start=0, len=0}, 0xbfe287bc) = 0
14225 15:36:44.212044 write(0, "226 Transfer complete.\r\n", 24) = 24
14225 15:36:44.212109 write(5, "\n", 1) = 1
14225 15:36:44.212128 read(5,  <unfinished ...>
14223 15:36:44.212139 close(6)          = 0
14223 15:36:44.212167 read(4, "\n", 1)  = 1
14223 15:36:44.212185 close(5)          = 0
14223 15:36:44.212202 write(4, "\1", 1) = 1
14225 15:36:44.212219 <... read resumed> "\1", 1) = 1
14225 15:36:44.212231 close(4)          = 0
14225 15:36:44.212248 rt_sigaction(SIGALRM, {0x805cad0, ~[RTMIN RT_1], 0}, NULL, 8) = 0
14225 15:36:44.212269 alarm(300)        = 0
14225 15:36:44.212286 recv(0,  <unfinished ...>
14223 15:36:44.212299 read(4,  <unfinished ...>
14225 15:36:44.741191 <... recv resumed> "TYPE I\r\n", 4096, MSG_PEEK) = 8
14225 15:36:44.741368 read(0, "TYPE I\r\n", 8) = 8
14225 15:36:44.741602 write(0, "200 Switching to Binary mode.\r\n", 31) = 31
14225 15:36:44.741799 rt_sigaction(SIGALRM, {0x805cad0, ~[RTMIN RT_1], 0}, NULL, 8) = 0
14225 15:36:44.741873 alarm(300)        = 299
14225 15:36:44.742059 recv(0, "PASV\r\n", 4096, MSG_PEEK) = 6
14225 15:36:44.742120 read(0, "PASV\r\n", 6) = 6
14225 15:36:44.742174 write(5, "\n", 1) = 1
14225 15:36:44.742226 read(5,  <unfinished ...>
14223 15:36:44.742343 <... read resumed> "\n", 1) = 1
14223 15:36:44.742382 write(4, "\1", 1) = 1
14225 15:36:44.742429 <... read resumed> "\1", 1) = 1
14225 15:36:44.742836 write(5, "\f", 1) = 1
14225 15:36:44.742909 read(5,  <unfinished ...>
14223 15:36:44.742941 read(4, "\f", 1)  = 1
14223 15:36:44.742994 socket(PF_INET, SOCK_STREAM, IPPROTO_TCP) = 5
14223 15:36:44.743055 setsockopt(5, SOL_SOCKET, SO_REUSEADDR, [1], 4) = 0
14223 15:36:44.743195 bind(5, {sa_family=AF_INET, sin_port=htons(41974), sin_addr=inet_addr("127.0.0.1")}, 16) = 0
14223 15:36:44.743267 listen(5, 1)      = 0
14223 15:36:44.743323 write(4, "\366\243\0\0", 4) = 4
14225 15:36:44.743374 <... read resumed> "\366\243\0\0", 4) = 4
14225 15:36:44.743475 write(0, "227 Entering Passive Mode (127,0,0,1,163,246).\r\n", 48) = 48
14225 15:36:44.744120 rt_sigaction(SIGALRM, {0x805cad0, ~[RTMIN RT_1], 0}, NULL, 8) = 0
14225 15:36:44.744196 alarm(300)        = 300
14225 15:36:44.744247 recv(0, "STOR myfile23\r\n", 4096, MSG_PEEK) = 15
14225 15:36:44.744302 read(0, "STOR myfile23\r\n", 15) = 15
14225 15:36:44.744360 write(5, "\v", 1) = 1
14225 15:36:44.744458 read(5,  <unfinished ...>
14223 15:36:44.744572 read(4, "\v", 1)  = 1
14223 15:36:44.744636 write(4, "\1\0\0\0", 4) = 4
14225 15:36:44.744684 <... read resumed> "\1\0\0\0", 4) = 4
14225 15:36:44.744718 gettimeofday({1495654604, 744734}, NULL) = 0
14225 15:36:44.744766 getcwd("/home/msfadmin", 4096) = 15
14225 15:36:44.744884 open("myfile23", O_WRONLY|O_CREAT|O_NONBLOCK|O_LARGEFILE, 0666) = 4
14225 15:36:44.744959 fstat64(4, {st_mode=S_IFREG|0644, st_size=17, ...}) = 0
14225 15:36:44.745035 fcntl64(4, F_GETFL) = 0x8801 (flags O_WRONLY|O_NONBLOCK|O_LARGEFILE)
14225 15:36:44.745083 fcntl64(4, F_SETFL, O_WRONLY|O_LARGEFILE) = 0
14225 15:36:44.745127 fcntl64(4, F_SETLKW64, {type=F_WRLCK, whence=SEEK_SET, start=0, len=0}, 0xbfe28814) = 0
14225 15:36:44.745186 ftruncate64(4, 0) = 0
14225 15:36:44.745257 _llseek(4, 0, [0], SEEK_SET) = 0
14225 15:36:44.745304 write(5, "\v", 1) = 1
14225 15:36:44.745494 read(5,  <unfinished ...>
14223 15:36:44.745531 read(4, "\v", 1)  = 1
14223 15:36:44.745596 write(4, "\1\0\0\0", 4) = 4
14225 15:36:44.745703 <... read resumed> "\1\0\0\0", 4) = 4
14225 15:36:44.745750 write(5, "\v", 1) = 1
14225 15:36:44.745795 read(5,  <unfinished ...>
14223 15:36:44.745825 read(4, "\v", 1)  = 1
14223 15:36:44.745872 write(4, "\1\0\0\0", 4) = 4
14225 15:36:44.745917 <... read resumed> "\1\0\0\0", 4) = 4
14225 15:36:44.745949 write(5, "\r", 1) = 1
14225 15:36:44.745992 read(5,  <unfinished ...>
14223 15:36:44.746020 read(4, "\r", 1)  = 1
14223 15:36:44.746071 select(6, [5], NULL, NULL, {60, 0}) = 1 (in [5], left {60, 0})
14223 15:36:44.746140 accept(5, {sa_family=AF_INET, sin_port=htons(43480), sin_addr=inet_addr("127.0.0.1")}, [16]) = 6
14223 15:36:44.746344 write(4, "\1", 1) = 1
14225 15:36:44.746403 <... read resumed> "\1", 1) = 1
14225 15:36:44.746440 recvmsg(5,  <unfinished ...>
14223 15:36:44.746540 sendmsg(4, {msg_name(0)=NULL, msg_iov(1)=[{"\0", 1}], msg_controllen=16, {cmsg_len=16, cmsg_level=SOL_SOCKET, cmsg_type=SCM_RIGHTS, {6}}, msg_flags=0}, 0) = 1
14225 15:36:44.746629 <... recvmsg resumed> {msg_name(0)=NULL, msg_iov(1)=[{"\0", 1}], msg_controllen=16, {cmsg_len=16, cmsg_level=SOL_SOCKET, cmsg_type=SCM_RIGHTS, {6}}, msg_flags=0}, 0) = 1
14225 15:36:44.746880 setsockopt(6, SOL_SOCKET, SO_KEEPALIVE, [1], 4) = 0
14225 15:36:44.746981 setsockopt(6, SOL_IP, IP_TOS, [8], 4) = 0
14225 15:36:44.747411 setsockopt(6, SOL_SOCKET, SO_LINGER, {onoff=1, linger=32767}, 8) = 0
14225 15:36:44.747517 rt_sigaction(SIGALRM, {0x805cad0, ~[RTMIN RT_1], 0}, NULL, 8) = 0
14225 15:36:44.747620 alarm(300)        = 300
14225 15:36:44.747687 write(0, "150 Ok to send data.\r\n", 22) = 22
14225 15:36:44.748120 read(6, "assasaaa\na\na\na\na\n", 65536) = 17
14225 15:36:44.748359 write(4, "assasaaa\na\na\na\na\n", 17) = 17
14225 15:36:44.748545 read(6, "", 65536) = 0
14225 15:36:44.748626 rt_sigaction(SIGALRM, {0x805cad0, ~[RTMIN RT_1], 0}, NULL, 8) = 0
14225 15:36:44.748887 alarm(300)        = 300
14225 15:36:44.748965 close(6)          = 0
14225 15:36:44.749153 alarm(0)          = 300
14225 15:36:44.749287 gettimeofday({1495654604, 749307}, NULL) = 0
14225 15:36:44.749358 gettimeofday({1495654604, 749411}, NULL) = 0
14225 15:36:44.749453 fcntl64(3, F_SETLKW64, {type=F_WRLCK, whence=SEEK_SET, start=0, len=0}, 0xbfe287b4) = 0
14225 15:36:44.749523 write(3, "Wed May 24 15:36:44 2017 [pid 14225] [msfadmin] OK UPLOAD: Client \"127.0.0.1\", \"/home/msfadmin/myfile23\", 17 bytes, 3.55Kbyte/sec\n", 130) = 130
14225 15:36:44.749696 fcntl64(3, F_SETLK64, {type=F_UNLCK, whence=SEEK_SET, start=0, len=0}, 0xbfe287bc) = 0
14225 15:36:44.749803 write(0, "226 Transfer complete.\r\n", 24) = 24
14225 15:36:44.750313 write(5, "\n", 1) = 1
14225 15:36:44.750421 read(5,  <unfinished ...>
14223 15:36:44.750461 close(6)          = 0
14223 15:36:44.750619 read(4, "\n", 1)  = 1
14223 15:36:44.750722 close(5)          = 0
14223 15:36:44.750780 write(4, "\1", 1) = 1
14225 15:36:44.750868 <... read resumed> "\1", 1) = 1
14225 15:36:44.750901 close(4)          = 0
14225 15:36:44.750950 rt_sigaction(SIGALRM, {0x805cad0, ~[RTMIN RT_1], 0}, NULL, 8) = 0
14225 15:36:44.751280 alarm(300)        = 0
14225 15:36:44.751337 recv(0,  <unfinished ...>
14223 15:36:44.751373 read(4,  <unfinished ...>
14225 15:36:45.260187 <... recv resumed> "TYPE I\r\n", 4096, MSG_PEEK) = 8
14225 15:36:45.260247 read(0, "TYPE I\r\n", 8) = 8
14225 15:36:45.260299 write(0, "200 Switching to Binary mode.\r\n", 31) = 31
14225 15:36:45.260412 rt_sigaction(SIGALRM, {0x805cad0, ~[RTMIN RT_1], 0}, NULL, 8) = 0
14225 15:36:45.260457 alarm(300)        = 299
14225 15:36:45.260490 recv(0, "PASV\r\n", 4096, MSG_PEEK) = 6
14225 15:36:45.260521 read(0, "PASV\r\n", 6) = 6
14225 15:36:45.260552 write(5, "\n", 1) = 1
14223 15:36:45.260586 <... read resumed> "\n", 1) = 1
14223 15:36:45.260607 write(4, "\1", 1) = 1
14223 15:36:45.260636 read(4,  <unfinished ...>
14225 15:36:45.260654 read(5, "\1", 1)  = 1
14225 15:36:45.260684 write(5, "\f", 1) = 1
14223 15:36:45.260711 <... read resumed> "\f", 1) = 1
14223 15:36:45.260731 socket(PF_INET, SOCK_STREAM, IPPROTO_TCP) = 5
14223 15:36:45.260834 setsockopt(5, SOL_SOCKET, SO_REUSEADDR, [1], 4) = 0
14223 15:36:45.260882 bind(5, {sa_family=AF_INET, sin_port=htons(53797), sin_addr=inet_addr("127.0.0.1")}, 16) = 0
14225 15:36:45.260924 read(5,  <unfinished ...>
14223 15:36:45.260942 listen(5, 1)      = 0
14223 15:36:45.260979 write(4, "%\322\0\0", 4) = 4
14225 15:36:45.261009 <... read resumed> "%\322\0\0", 4) = 4
14225 15:36:45.261041 write(0, "227 Entering Passive Mode (127,0,0,1,210,37).\r\n", 47 <unfinished ...>
14223 15:36:45.261069 read(4,  <unfinished ...>
14225 15:36:45.261297 <... write resumed> ) = 47
14225 15:36:45.261332 rt_sigaction(SIGALRM, {0x805cad0, ~[RTMIN RT_1], 0}, NULL, 8) = 0
14225 15:36:45.261372 alarm(300)        = 300
14225 15:36:45.261404 recv(0, "STOR myfile24\r\n", 4096, MSG_PEEK) = 15
14225 15:36:45.261436 read(0, "STOR myfile24\r\n", 15) = 15
14225 15:36:45.261472 write(5, "\v", 1) = 1
14223 15:36:45.261499 <... read resumed> "\v", 1) = 1
14223 15:36:45.261518 write(4, "\1\0\0\0", 4) = 4
14223 15:36:45.261548 read(4,  <unfinished ...>
14225 15:36:45.261566 read(5, "\1\0\0\0", 4) = 4
14225 15:36:45.261596 gettimeofday({1495654605, 261606}, NULL) = 0
14225 15:36:45.261625 getcwd("/home/msfadmin", 4096) = 15
14225 15:36:45.261658 open("myfile24", O_WRONLY|O_CREAT|O_NONBLOCK|O_LARGEFILE, 0666) = 4
14225 15:36:45.261694 fstat64(4, {st_mode=S_IFREG|0644, st_size=17, ...}) = 0
14225 15:36:45.261772 fcntl64(4, F_GETFL) = 0x8801 (flags O_WRONLY|O_NONBLOCK|O_LARGEFILE)
14225 15:36:45.261824 fcntl64(4, F_SETFL, O_WRONLY|O_LARGEFILE) = 0
14225 15:36:45.261852 fcntl64(4, F_SETLKW64, {type=F_WRLCK, whence=SEEK_SET, start=0, len=0}, 0xbfe28814) = 0
14225 15:36:45.261890 ftruncate64(4, 0) = 0
14225 15:36:45.261933 _llseek(4, 0, [0], SEEK_SET) = 0
14225 15:36:45.261961 write(5, "\v", 1) = 1
14223 15:36:45.261990 <... read resumed> "\v", 1) = 1
14223 15:36:45.262009 write(4, "\1\0\0\0", 4) = 4
14223 15:36:45.262039 read(4,  <unfinished ...>
14225 15:36:45.262057 read(5, "\1\0\0\0", 4) = 4
14225 15:36:45.262087 write(5, "\v", 1) = 1
14223 15:36:45.262112 <... read resumed> "\v", 1) = 1
14223 15:36:45.262130 write(4, "\1\0\0\0", 4) = 4
14223 15:36:45.262158 read(4,  <unfinished ...>
14225 15:36:45.262175 read(5, "\1\0\0\0", 4) = 4
14225 15:36:45.262205 write(5, "\r", 1) = 1
14223 15:36:45.262230 <... read resumed> "\r", 1) = 1
14223 15:36:45.262250 select(6, [5], NULL, NULL, {60, 0}) = 1 (in [5], left {60, 0})
14223 15:36:45.262292 accept(5, {sa_family=AF_INET, sin_port=htons(41236), sin_addr=inet_addr("127.0.0.1")}, [16]) = 6
14223 15:36:45.262351 write(4, "\1", 1) = 1
14223 15:36:45.262383 sendmsg(4, {msg_name(0)=NULL, msg_iov(1)=[{"\0", 1}], msg_controllen=16, {cmsg_len=16, cmsg_level=SOL_SOCKET, cmsg_type=SCM_RIGHTS, {6}}, msg_flags=0}, 0) = 1
14223 15:36:45.262427 close(6)          = 0
14223 15:36:45.262453 read(4,  <unfinished ...>
14225 15:36:45.262471 read(5, "\1", 1)  = 1
14225 15:36:45.262504 recvmsg(5, {msg_name(0)=NULL, msg_iov(1)=[{"\0", 1}], msg_controllen=16, {cmsg_len=16, cmsg_level=SOL_SOCKET, cmsg_type=SCM_RIGHTS, {6}}, msg_flags=0}, 0) = 1
14225 15:36:45.262551 setsockopt(6, SOL_SOCKET, SO_KEEPALIVE, [1], 4) = 0
14225 15:36:45.262585 setsockopt(6, SOL_IP, IP_TOS, [8], 4) = 0
14225 15:36:45.262616 setsockopt(6, SOL_SOCKET, SO_LINGER, {onoff=1, linger=32767}, 8) = 0
14225 15:36:45.262646 rt_sigaction(SIGALRM, {0x805cad0, ~[RTMIN RT_1], 0}, NULL, 8) = 0
14225 15:36:45.262681 alarm(300)        = 300
14225 15:36:45.262745 write(0, "150 Ok to send data.\r\n", 22) = 22
14225 15:36:45.262917 read(6, "assasaaa\na\na\na\na\n", 65536) = 17
14225 15:36:45.262954 write(4, "assasaaa\na\na\na\na\n", 17) = 17
14225 15:36:45.262996 read(6, "", 65536) = 0
14225 15:36:45.263024 rt_sigaction(SIGALRM, {0x805cad0, ~[RTMIN RT_1], 0}, NULL, 8) = 0
14225 15:36:45.263060 alarm(300)        = 300
14225 15:36:45.263086 close(6)          = 0
14225 15:36:45.263129 alarm(0)          = 300
14225 15:36:45.263156 gettimeofday({1495654605, 263166}, NULL) = 0
14225 15:36:45.263196 gettimeofday({1495654605, 263206}, NULL) = 0
14225 15:36:45.263232 fcntl64(3, F_SETLKW64, {type=F_WRLCK, whence=SEEK_SET, start=0, len=0}, 0xbfe287b4) = 0
14225 15:36:45.263271 write(3, "Wed May 24 15:36:45 2017 [pid 14225] [msfadmin] OK UPLOAD: Client \"127.0.0.1\", \"/home/msfadmin/myfile24\", 17 bytes, 10.38Kbyte/sec\n", 131) = 131
14225 15:36:45.263325 fcntl64(3, F_SETLK64, {type=F_UNLCK, whence=SEEK_SET, start=0, len=0}, 0xbfe287bc) = 0
14225 15:36:45.263363 write(0, "226 Transfer complete.\r\n", 24) = 24
14225 15:36:45.263466 write(5, "\n", 1) = 1
14223 15:36:45.263498 <... read resumed> "\n", 1) = 1
14223 15:36:45.263517 close(5)          = 0
14223 15:36:45.263547 write(4, "\1", 1) = 1
14223 15:36:45.263576 read(4,  <unfinished ...>
14225 15:36:45.263594 read(5, "\1", 1)  = 1
