15133 15:45:43.148946 munmap(0xb7f3a000, 1624) = 0
15133 15:45:43.148966 close(5)          = 0
15133 15:45:43.148992 open("/etc/shadow", O_RDONLY|0x80000 /* O_??? */) = 5
15133 15:45:43.149017 _llseek(5, 0, [0], SEEK_CUR) = 0
15133 15:45:43.149038 fstat64(5, {st_mode=S_IFREG|0640, st_size=1233, ...}) = 0
15133 15:45:43.149067 mmap2(NULL, 1233, PROT_READ, MAP_SHARED, 5, 0) = 0xb7f3a000
15133 15:45:43.149088 _llseek(5, 1233, [1233], SEEK_SET) = 0
15133 15:45:43.149117 munmap(0xb7f3a000, 1233) = 0
15133 15:45:43.149138 close(5)          = 0
15133 15:45:43.149161 time(NULL)        = 1495655143
15133 15:45:43.149189 munmap(0xb7f37000, 12164) = 0
15133 15:45:43.149215 munmap(0xb7f35000, 7136) = 0
15133 15:45:43.149241 munmap(0xb7d6a000, 95428) = 0
15133 15:45:43.149265 munmap(0xb7d30000, 201052) = 0
15133 15:45:43.149284 munmap(0xb7d17000, 101180) = 0
15133 15:45:43.149284 gettimeofday({1495655143, 149284}, NULL) = 0
15133 15:45:43.149284 stat64("/usr/share/zoneinfo/UTC+04:00", 0xbf909274) = -1 ENOENT (No such file or directory)
15133 15:45:43.149284 open("/usr/share/zoneinfo/UTC+04:00", O_RDONLY) = -1 ENOENT (No such file or directory)
15133 15:45:43.149284 fcntl64(3, F_SETLKW64, {type=F_WRLCK, whence=SEEK_SET, start=0, len=0}, 0xbf9093c4) = 0
15133 15:45:43.149284 write(3, "Wed May 24 15:45:43 2017 [pid 15133] [msfadmin] OK LOGIN: Client \"127.0.0.1\"\n", 77) = 77
15133 15:45:43.149284 fcntl64(3, F_SETLK64, {type=F_UNLCK, whence=SEEK_SET, start=0, len=0}, 0xbf9093cc) = 0
15133 15:45:43.149284 rt_sigaction(SIGCHLD, {0x805cad0, ~[RTMIN RT_1], 0}, NULL, 8) = 0
15133 15:45:43.149284 write(4, "\1", 1 <unfinished ...>
15134 15:45:43.149284 <... read resumed> "\1", 1) = 1
15133 15:45:43.149284 <... write resumed> ) = 1
15134 15:45:43.149284 exit_group(0)     = ?
15133 15:45:43.149284 --- SIGCHLD (Child exited) @ 0 (0) ---
15133 15:45:43.149284 sigreturn()       = ? (mask now [])
15133 15:45:43.149284 wait4(-1, [{WIFEXITED(s) && WEXITSTATUS(s) == 0}], 0, NULL) = 15134
15133 15:45:43.149284 close(4)          = 0
15133 15:45:43.149284 socketpair(PF_FILE, SOCK_STREAM, 0, [4, 5]) = 0
15133 15:45:43.149284 rt_sigaction(SIGCHLD, {0x805cad0, ~[RTMIN RT_1], 0}, NULL, 8) = 0
15133 15:45:43.149284 rt_sigaction(SIGALRM, {0x805cb10, ~[RTMIN RT_1], 0}, NULL, 8) = 0
15133 15:45:43.149284 clone(child_stack=0, flags=CLONE_CHILD_CLEARTID|CLONE_CHILD_SETTID|SIGCHLD, child_tidptr=0xb7da06f8) = 15135
15135 15:45:43.149284 prctl(0x1, 0x9, 0, 0, 0) = 0
15135 15:45:43.149284 close(4)          = 0
15135 15:45:43.149284 open("/etc/passwd", O_RDONLY|0x80000 /* O_??? */) = 4
15135 15:45:43.149284 _llseek(4, 0, [0], SEEK_CUR) = 0
15135 15:45:43.149284 fstat64(4, {st_mode=S_IFREG|0644, st_size=1624, ...}) = 0
15135 15:45:43.149284 mmap2(NULL, 1624, PROT_READ, MAP_SHARED, 4, 0) = 0xb7f3a000
15135 15:45:43.149284 _llseek(4, 1624, [1624], SEEK_SET) = 0
15135 15:45:43.149284 munmap(0xb7f3a000, 1624) = 0
15135 15:45:43.149284 close(4)          = 0
15135 15:45:43.149284 getuid32()        = 0
15135 15:45:43.149284 open("/etc/passwd", O_RDONLY|0x80000 /* O_??? */) = 4
15135 15:45:43.149284 _llseek(4, 0, [0], SEEK_CUR) = 0
15135 15:45:43.149284 fstat64(4, {st_mode=S_IFREG|0644, st_size=1624, ...}) = 0
15135 15:45:43.149284 mmap2(NULL, 1624, PROT_READ, MAP_SHARED, 4, 0) = 0xb7f3a000
15135 15:45:43.149284 _llseek(4, 1624, [1624], SEEK_SET) = 0
15135 15:45:43.149284 munmap(0xb7f3a000, 1624) = 0
15135 15:45:43.149284 close(4)          = 0
15135 15:45:43.149284 open("/proc/sys/kernel/ngroups_max", O_RDONLY) = 4
15135 15:45:43.149284 read(4, "65536\n", 31) = 6
15135 15:45:43.149284 close(4)          = 0
15135 15:45:43.149284 socket(PF_FILE, SOCK_STREAM, 0) = 4
15135 15:45:43.149284 fcntl64(4, F_SETFL, O_RDWR|O_NONBLOCK) = 0
15135 15:45:43.149284 connect(4, {sa_family=AF_FILE, path="/var/run/nscd/socket"}, 110) = -1 ENOENT (No such file or directory)
15135 15:45:43.149284 close(4)          = 0
15135 15:45:43.149284 socket(PF_FILE, SOCK_STREAM, 0) = 4
15135 15:45:43.149284 fcntl64(4, F_SETFL, O_RDWR|O_NONBLOCK) = 0
15135 15:45:43.149284 connect(4, {sa_family=AF_FILE, path="/var/run/nscd/socket"}, 110) = -1 ENOENT (No such file or directory)
15135 15:45:43.149284 close(4)          = 0
15135 15:45:43.149284 open("/etc/group", O_RDONLY|0x80000 /* O_??? */) = 4
15135 15:45:43.149284 _llseek(4, 0, [0], SEEK_CUR) = 0
15135 15:45:43.149284 fstat64(4, {st_mode=S_IFREG|0644, st_size=886, ...}) = 0
15135 15:45:43.149284 mmap2(NULL, 886, PROT_READ, MAP_SHARED, 4, 0) = 0xb7f3a000
15135 15:45:43.149284 _llseek(4, 886, [886], SEEK_SET) = 0
15135 15:45:43.149284 fstat64(4, {st_mode=S_IFREG|0644, st_size=886, ...}) = 0
15135 15:45:43.149284 munmap(0xb7f3a000, 886) = 0
15135 15:45:43.149284 close(4)          = 0
15135 15:45:43.149284 setgroups32(13, [1000, 4, 20, 24, 25, 29, 30, 44, 46, 107, 111, 112, 119]) = 0
15135 15:45:43.149284 geteuid32()       = 0
15135 15:45:43.149284 getegid32()       = 0
15135 15:45:43.151256 setregid32(-1, 1000) = 0
15135 15:45:43.151289 setreuid32(-1, 1000) = 0
15135 15:45:43.151316 chdir("/home/msfadmin") = 0
15135 15:45:43.151342 setreuid32(-1, 0) = 0
15135 15:45:43.151365 setregid32(-1, 0) = 0
15135 15:45:43.151407 setgid32(1000)    = 0
15135 15:45:43.151431 setuid32(1000)    = 0
15135 15:45:43.151455 setrlimit(RLIMIT_NPROC, {rlim_cur=0, rlim_max=0}) = 0
15135 15:45:43.151485 mmap2(NULL, 12288, PROT_READ|PROT_WRITE, MAP_PRIVATE|MAP_ANONYMOUS, -1, 0) = 0xb7f38000
15135 15:45:43.151511 mprotect(0xb7f3a000, 4096, PROT_NONE) = 0
15135 15:45:43.151538 mprotect(0xb7f38000, 4096, PROT_NONE) = 0
15135 15:45:43.151564 getcwd("/home/msfadmin", 4096) = 15
15135 15:45:43.151593 umask(022)        = 077
15135 15:45:43.151617 getcwd("/home/msfadmin", 4096) = 15
15135 15:45:43.151646 open(".message", O_RDONLY|O_NONBLOCK|O_LARGEFILE) = -1 ENOENT (No such file or directory)
15135 15:45:43.151700 write(0, "230 Login successful.\r\n", 23) = 23
15135 15:45:43.151886 rt_sigaction(SIGALRM, {0x805cad0, ~[RTMIN RT_1], 0}, NULL, 8) = 0
15135 15:45:43.151922 alarm(300)        = 0
15135 15:45:43.151968 mmap2(NULL, 12288, PROT_READ|PROT_WRITE, MAP_PRIVATE|MAP_ANONYMOUS, -1, 0) = 0xb7f35000
15135 15:45:43.151994 mprotect(0xb7f37000, 4096, PROT_NONE) = 0
15135 15:45:43.152020 mprotect(0xb7f35000, 4096, PROT_NONE) = 0
15135 15:45:43.152048 recv(0, "TYPE I\r\n", 4096, MSG_PEEK) = 8
15135 15:45:43.152076 read(0, "TYPE I\r\n", 8) = 8
15135 15:45:43.152110 write(0, "200 Switching to Binary mode.\r\n", 31) = 31
15135 15:45:43.152199 rt_sigaction(SIGALRM, {0x805cad0, ~[RTMIN RT_1], 0}, NULL, 8) = 0
15135 15:45:43.152231 alarm(300)        = 300
15135 15:45:43.152275 recv(0, "PASV\r\n", 4096, MSG_PEEK) = 6
15135 15:45:43.152301 read(0, "PASV\r\n", 6) = 6
15135 15:45:43.152328 write(5, "\n", 1) = 1
15135 15:45:43.152355 read(5,  <unfinished ...>
15133 15:45:43.152385 close(5)          = 0
15133 15:45:43.152414 getuid32()        = 0
15133 15:45:43.152445 open("/etc/passwd", O_RDONLY|0x80000 /* O_??? */) = 5
15133 15:45:43.152476 _llseek(5, 0, [0], SEEK_CUR) = 0
15133 15:45:43.152504 fstat64(5, {st_mode=S_IFREG|0644, st_size=1624, ...}) = 0
15133 15:45:43.152539 mmap2(NULL, 1624, PROT_READ, MAP_SHARED, 5, 0) = 0xb7f3a000
15133 15:45:43.152564 _llseek(5, 1624, [1624], SEEK_SET) = 0
15133 15:45:43.152600 munmap(0xb7f3a000, 1624) = 0
15133 15:45:43.152626 close(5)          = 0
15133 15:45:43.152660 setgroups32(0, []) = 0
15133 15:45:43.152685 chdir("/usr/share/empty") = 0
15133 15:45:43.152714 chroot(".")       = 0
15133 15:45:43.152738 capset(NULL, NULL) = -1 EFAULT (Bad address)
15133 15:45:43.152766 prctl(0x8, 0, 0xbf9093a8, 0x80549a6, 0xbf909390) = 0
15133 15:45:43.152792 prctl(0x8, 0x1, 0xbf9093a8, 0x8054a49, 0xbf909390) = 0
15133 15:45:43.152816 setgid32(65534)   = 0
15133 15:45:43.152839 setuid32(65534)   = 0
15133 15:45:43.152885 capset(0x19980330, 0, {CAP_NET_BIND_SERVICE, CAP_NET_BIND_SERVICE, 0}) = 0
15133 15:45:43.152913 read(4, "\n", 1)  = 1
15133 15:45:43.152942 write(4, "\1", 1) = 1
15135 15:45:43.152967 <... read resumed> "\1", 1) = 1
15135 15:45:43.152987 write(5, "\f", 1) = 1
15135 15:45:43.153011 read(5,  <unfinished ...>
15133 15:45:43.153030 read(4, "\f", 1)  = 1
15133 15:45:43.153057 socket(PF_INET, SOCK_STREAM, IPPROTO_TCP) = 5
15133 15:45:43.153087 setsockopt(5, SOL_SOCKET, SO_REUSEADDR, [1], 4) = 0
15133 15:45:43.153113 gettimeofday({1495655143, 153129}, NULL) = 0
15133 15:45:43.153156 bind(5, {sa_family=AF_INET, sin_port=htons(44466), sin_addr=inet_addr("127.0.0.1")}, 16) = 0
15133 15:45:43.153189 listen(5, 1)      = 0
15133 15:45:43.153217 write(4, "\262\255\0\0", 4) = 4
15135 15:45:43.153242 <... read resumed> "\262\255\0\0", 4) = 4
15135 15:45:43.153273 write(0, "227 Entering Passive Mode (127,0,0,1,173,178).\r\n", 48) = 48
15135 15:45:43.153528 rt_sigaction(SIGALRM, {0x805cad0, ~[RTMIN RT_1], 0}, NULL, 8) = 0
15135 15:45:43.153563 alarm(300)        = 300
15135 15:45:43.153609 recv(0, "STOR myfile2\r\n", 4096, MSG_PEEK) = 14
15135 15:45:43.153636 read(0, "STOR myfile2\r\n", 14) = 14
15135 15:45:43.153668 write(5, "\v", 1) = 1
15135 15:45:43.153693 read(5,  <unfinished ...>
15133 15:45:43.153713 read(4, "\v", 1)  = 1
15133 15:45:43.153738 write(4, "\1\0\0\0", 4) = 4
15135 15:45:43.153763 <... read resumed> "\1\0\0\0", 4) = 4
15135 15:45:43.153784 gettimeofday({1495655143, 153799}, NULL) = 0
15135 15:45:43.153819 getcwd("/home/msfadmin", 4096) = 15
15135 15:45:43.153847 open("myfile2", O_WRONLY|O_CREAT|O_NONBLOCK|O_LARGEFILE, 0666) = 4
15135 15:45:43.153875 fstat64(4, {st_mode=S_IFREG|0644, st_size=17, ...}) = 0
15135 15:45:43.153910 fcntl64(4, F_GETFL) = 0x8801 (flags O_WRONLY|O_NONBLOCK|O_LARGEFILE)
15135 15:45:43.153935 fcntl64(4, F_SETFL, O_WRONLY|O_LARGEFILE) = 0
15135 15:45:43.153958 fcntl64(4, F_SETLKW64, {type=F_WRLCK, whence=SEEK_SET, start=0, len=0}, 0xbf9092f4) = 0
15135 15:45:43.153991 ftruncate64(4, 0) = 0
15135 15:45:43.154029 _llseek(4, 0, [0], SEEK_SET) = 0
15135 15:45:43.154060 write(5, "\v", 1) = 1
15135 15:45:43.154085 read(5,  <unfinished ...>
15133 15:45:43.154105 read(4, "\v", 1)  = 1
15133 15:45:43.154130 write(4, "\1\0\0\0", 4) = 4
15135 15:45:43.154154 <... read resumed> "\1\0\0\0", 4) = 4
15135 15:45:43.154174 write(5, "\v", 1) = 1
15135 15:45:43.154197 read(5,  <unfinished ...>
15133 15:45:43.154216 read(4, "\v", 1)  = 1
15133 15:45:43.154241 write(4, "\1\0\0\0", 4) = 4
15135 15:45:43.154264 <... read resumed> "\1\0\0\0", 4) = 4
15135 15:45:43.154326 write(5, "\r", 1) = 1
15135 15:45:43.154380 read(5,  <unfinished ...>
15133 15:45:43.154420 read(4, "\r", 1)  = 1
15133 15:45:43.154459 select(6, [5], NULL, NULL, {60, 0}) = 1 (in [5], left {60, 0})
15133 15:45:43.154502 accept(5, {sa_family=AF_INET, sin_port=htons(40460), sin_addr=inet_addr("127.0.0.1")}, [16]) = 6
15133 15:45:43.154557 write(4, "\1", 1) = 1
15135 15:45:43.154589 <... read resumed> "\1", 1) = 1
15135 15:45:43.154620 recvmsg(5,  <unfinished ...>
15133 15:45:43.154649 sendmsg(4, {msg_name(0)=NULL, msg_iov(1)=[{"\0", 1}], msg_controllen=16, {cmsg_len=16, cmsg_level=SOL_SOCKET, cmsg_type=SCM_RIGHTS, {6}}, msg_flags=0}, 0) = 1
15135 15:45:43.154693 <... recvmsg resumed> {msg_name(0)=NULL, msg_iov(1)=[{"\0", 1}], msg_controllen=16, {cmsg_len=16, cmsg_level=SOL_SOCKET, cmsg_type=SCM_RIGHTS, {6}}, msg_flags=0}, 0) = 1
15135 15:45:43.154731 setsockopt(6, SOL_SOCKET, SO_KEEPALIVE, [1], 4) = 0
15135 15:45:43.154766 setsockopt(6, SOL_IP, IP_TOS, [8], 4) = 0
15135 15:45:43.154801 setsockopt(6, SOL_SOCKET, SO_LINGER, {onoff=1, linger=32767}, 8) = 0
15135 15:45:43.154833 rt_sigaction(SIGALRM, {0x805cad0, ~[RTMIN RT_1], 0}, NULL, 8) = 0
15135 15:45:43.154870 alarm(300)        = 300
15135 15:45:43.154930 write(0, "150 Ok to send data.\r\n", 22) = 22
15135 15:45:43.155106 mmap2(NULL, 77824, PROT_READ|PROT_WRITE, MAP_PRIVATE|MAP_ANONYMOUS, -1, 0) = 0xb7d6f000
15135 15:45:43.155144 mprotect(0xb7d81000, 4096, PROT_NONE) = 0
15135 15:45:43.155178 mprotect(0xb7d6f000, 4096, PROT_NONE) = 0
15135 15:45:43.155208 read(6, "assasaaa\na\na\na\na\n", 65536) = 17
15135 15:45:43.155398 write(4, "assasaaa\na\na\na\na\n", 17) = 17
15135 15:45:43.155445 read(6, "", 65536) = 0
15135 15:45:43.155477 rt_sigaction(SIGALRM, {0x805cad0, ~[RTMIN RT_1], 0}, NULL, 8) = 0
15135 15:45:43.155515 alarm(300)        = 300
15135 15:45:43.155569 close(6)          = 0
15135 15:45:43.155598 alarm(0)          = 300
15135 15:45:43.155640 gettimeofday({1495655143, 155660}, NULL) = 0
15135 15:45:43.155699 getpid()          = 15135
15135 15:45:43.155734 gettimeofday({1495655143, 155756}, NULL) = 0
15135 15:45:43.155795 fcntl64(3, F_SETLKW64, {type=F_WRLCK, whence=SEEK_SET, start=0, len=0}, 0xbf909294) = 0
15135 15:45:43.155838 write(3, "Wed May 24 15:45:43 2017 [pid 15135] [msfadmin] OK UPLOAD: Client \"127.0.0.1\", \"/home/msfadmin/myfile2\", 17 bytes, 8.48Kbyte/sec\n", 129) = 129
15135 15:45:43.155893 fcntl64(3, F_SETLK64, {type=F_UNLCK, whence=SEEK_SET, start=0, len=0}, 0xbf90929c) = 0
15135 15:45:43.155937 write(0, "226 Transfer complete.\r\n", 24) = 24
15135 15:45:43.156048 write(5, "\n", 1) = 1
15135 15:45:43.156084 read(5,  <unfinished ...>
15133 15:45:43.156142 close(6)          = 0
15133 15:45:43.156226 read(4, "\n", 1)  = 1
15133 15:45:43.156266 close(5)          = 0
15133 15:45:43.156302 write(4, "\1", 1) = 1
15135 15:45:43.156360 <... read resumed> "\1", 1) = 1
15135 15:45:43.156391 close(4)          = 0
15135 15:45:43.156427 rt_sigaction(SIGALRM, {0x805cad0, ~[RTMIN RT_1], 0}, NULL, 8) = 0
15135 15:45:43.156470 alarm(300)        = 0
15135 15:45:43.156535 recv(0,  <unfinished ...>
15133 15:45:43.156566 read(4,  <unfinished ...>
15135 15:45:43.682328 <... recv resumed> "TYPE I\r\n", 4096, MSG_PEEK) = 8
15135 15:45:43.682532 read(0, "TYPE I\r\n", 8) = 8
15135 15:45:43.682739 write(0, "200 Switching to Binary mode.\r\n", 31) = 31
15135 15:45:43.683000 rt_sigaction(SIGALRM, {0x805cad0, ~[RTMIN RT_1], 0}, NULL, 8) = 0
15135 15:45:43.683094 alarm(300)        = 299
15135 15:45:43.683433 recv(0, "PASV\r\n", 4096, MSG_PEEK) = 6
15135 15:45:43.683512 read(0, "PASV\r\n", 6) = 6
15135 15:45:43.683610 write(5, "\n", 1) = 1
15135 15:45:43.683683 read(5,  <unfinished ...>
15133 15:45:43.683737 <... read resumed> "\n", 1) = 1
15133 15:45:43.683794 write(4, "\1", 1) = 1
15135 15:45:43.683861 <... read resumed> "\1", 1) = 1
15135 15:45:43.683913 write(5, "\f", 1) = 1
15135 15:45:43.683974 read(5,  <unfinished ...>
15133 15:45:43.684025 read(4, "\f", 1)  = 1
15133 15:45:43.684144 socket(PF_INET, SOCK_STREAM, IPPROTO_TCP) = 5
15133 15:45:43.684298 setsockopt(5, SOL_SOCKET, SO_REUSEADDR, [1], 4) = 0
15133 15:45:43.684387 bind(5, {sa_family=AF_INET, sin_port=htons(41566), sin_addr=inet_addr("127.0.0.1")}, 16) = 0
15133 15:45:43.684474 listen(5, 1)      = 0
15133 15:45:43.684549 write(4, "^\242\0\0", 4) = 4
15135 15:45:43.684620 <... read resumed> "^\242\0\0", 4) = 4
15135 15:45:43.684696 write(0, "227 Entering Passive Mode (127,0,0,1,162,94).\r\n", 47) = 47
15135 15:45:43.685352 rt_sigaction(SIGALRM, {0x805cad0, ~[RTMIN RT_1], 0}, NULL, 8) = 0
15135 15:45:43.685467 alarm(300)        = 300
15135 15:45:43.685587 recv(0, "STOR myfile3\r\n", 4096, MSG_PEEK) = 14
15135 15:45:43.685669 read(0, "STOR myfile3\r\n", 14) = 14
15135 15:45:43.685754 write(5, "\v", 1) = 1
15135 15:45:43.685826 read(5,  <unfinished ...>
15133 15:45:43.685885 read(4, "\v", 1)  = 1
15133 15:45:43.685961 write(4, "\1\0\0\0", 4) = 4
15135 15:45:43.686160 <... read resumed> "\1\0\0\0", 4) = 4
15135 15:45:43.686266 gettimeofday({1495655143, 686315}, NULL) = 0
15135 15:45:43.686377 getcwd("/home/msfadmin", 4096) = 15
15135 15:45:43.686460 open("myfile3", O_WRONLY|O_CREAT|O_NONBLOCK|O_LARGEFILE, 0666) = 4
15135 15:45:43.686545 fstat64(4, {st_mode=S_IFREG|0644, st_size=17, ...}) = 0
15135 15:45:43.686641 fcntl64(4, F_GETFL) = 0x8801 (flags O_WRONLY|O_NONBLOCK|O_LARGEFILE)
15135 15:45:43.686711 fcntl64(4, F_SETFL, O_WRONLY|O_LARGEFILE) = 0
15135 15:45:43.686779 fcntl64(4, F_SETLKW64, {type=F_WRLCK, whence=SEEK_SET, start=0, len=0}, 0xbf9092f4) = 0
15135 15:45:43.686865 ftruncate64(4, 0) = 0
15135 15:45:43.686966 _llseek(4, 0, [0], SEEK_SET) = 0
15135 15:45:43.687082 write(5, "\v", 1) = 1
15135 15:45:43.687158 read(5,  <unfinished ...>
15133 15:45:43.687217 read(4, "\v", 1)  = 1
15133 15:45:43.687292 write(4, "\1\0\0\0", 4) = 4
15135 15:45:43.687369 <... read resumed> "\1\0\0\0", 4) = 4
15135 15:45:43.687426 write(5, "\v", 1) = 1
15135 15:45:43.687487 read(5,  <unfinished ...>
15133 15:45:43.687536 read(4, "\v", 1)  = 1
15133 15:45:43.687609 write(4, "\1\0\0\0", 4) = 4
15135 15:45:43.687683 <... read resumed> "\1\0\0\0", 4) = 4
15135 15:45:43.687739 write(5, "\r", 1) = 1
15135 15:45:43.687800 read(5,  <unfinished ...>
15133 15:45:43.687852 read(4, "\r", 1)  = 1
15133 15:45:43.687926 select(6, [5], NULL, NULL, {60, 0}) = 1 (in [5], left {60, 0})
15133 15:45:43.688068 accept(5, {sa_family=AF_INET, sin_port=htons(35153), sin_addr=inet_addr("127.0.0.1")}, [16]) = 6
15133 15:45:43.688200 write(4, "\1", 1) = 1
15135 15:45:43.688276 <... read resumed> "\1", 1) = 1
15135 15:45:43.688338 recvmsg(5,  <unfinished ...>
15133 15:45:43.688456 sendmsg(4, {msg_name(0)=NULL, msg_iov(1)=[{"\0", 1}], msg_controllen=16, {cmsg_len=16, cmsg_level=SOL_SOCKET, cmsg_type=SCM_RIGHTS, {6}}, msg_flags=0}, 0) = 1
15135 15:45:43.688554 <... recvmsg resumed> {msg_name(0)=NULL, msg_iov(1)=[{"\0", 1}], msg_controllen=16, {cmsg_len=16, cmsg_level=SOL_SOCKET, cmsg_type=SCM_RIGHTS, {6}}, msg_flags=0}, 0) = 1
15135 15:45:43.688633 setsockopt(6, SOL_SOCKET, SO_KEEPALIVE, [1], 4) = 0
15135 15:45:43.688708 setsockopt(6, SOL_IP, IP_TOS, [8], 4) = 0
15135 15:45:43.688785 setsockopt(6, SOL_SOCKET, SO_LINGER, {onoff=1, linger=32767}, 8) = 0
15135 15:45:43.688857 rt_sigaction(SIGALRM, {0x805cad0, ~[RTMIN RT_1], 0}, NULL, 8) = 0
15135 15:45:43.688977 alarm(300)        = 300
15135 15:45:43.689124 write(0, "150 Ok to send data.\r\n", 22) = 22
15135 15:45:43.689300 read(6, "assasaaa\na\na\na\na\n", 65536) = 17
15135 15:45:43.689300 write(4, "assasaaa\na\na\na\na\n", 17) = 17
15135 15:45:43.689300 read(6, "", 65536) = 0
15135 15:45:43.689300 rt_sigaction(SIGALRM, {0x805cad0, ~[RTMIN RT_1], 0}, NULL, 8) = 0
15135 15:45:43.689300 alarm(300)        = 300
15135 15:45:43.689300 close(6)          = 0
15135 15:45:43.689300 alarm(0)          = 300
15135 15:45:43.689300 gettimeofday({1495655143, 689300}, NULL) = 0
15135 15:45:43.689300 gettimeofday({1495655143, 689300}, NULL) = 0
15135 15:45:43.689300 fcntl64(3, F_SETLKW64, {type=F_WRLCK, whence=SEEK_SET, start=0, len=0}, 0xbf909294) = 0
15135 15:45:43.689300 write(3, "Wed May 24 15:45:43 2017 [pid 15135] [msfadmin] OK UPLOAD: Client \"127.0.0.1\", \"/home/msfadmin/myfile3\", 17 bytes, 5.56Kbyte/sec\n", 129) = 129
15135 15:45:43.689300 fcntl64(3, F_SETLK64, {type=F_UNLCK, whence=SEEK_SET, start=0, len=0}, 0xbf90929c) = 0
15135 15:45:43.689300 write(0, "226 Transfer complete.\r\n", 24) = 24
15135 15:45:43.689300 write(5, "\n", 1) = 1
15135 15:45:43.689300 read(5,  <unfinished ...>
15133 15:45:43.691319 close(6)          = 0
15133 15:45:43.691493 read(4, "\n", 1)  = 1
15133 15:45:43.691570 close(5)          = 0
15133 15:45:43.691642 write(4, "\1", 1) = 1
15135 15:45:43.691714 <... read resumed> "\1", 1) = 1
15135 15:45:43.691776 close(4)          = 0
15135 15:45:43.691846 rt_sigaction(SIGALRM, {0x805cad0, ~[RTMIN RT_1], 0}, NULL, 8) = 0
15135 15:45:43.691930 alarm(300)        = 0
15135 15:45:43.692051 recv(0,  <unfinished ...>
15133 15:45:43.692111 read(4,  <unfinished ...>
15135 15:45:44.221607 <... recv resumed> "TYPE I\r\n", 4096, MSG_PEEK) = 8
15135 15:45:44.221693 read(0, "TYPE I\r\n", 8) = 8
15135 15:45:44.221772 write(0, "200 Switching to Binary mode.\r\n", 31) = 31
15135 15:45:44.221985 rt_sigaction(SIGALRM, {0x805cad0, ~[RTMIN RT_1], 0}, NULL, 8) = 0
15135 15:45:44.222063 alarm(300)        = 299
15135 15:45:44.222166 recv(0, "PASV\r\n", 4096, MSG_PEEK) = 6
15135 15:45:44.222227 read(0, "PASV\r\n", 6) = 6
15135 15:45:44.222287 write(5, "\n", 1 <unfinished ...>
15133 15:45:44.222341 <... read resumed> "\n", 1) = 1
15135 15:45:44.222380 <... write resumed> ) = 1
15133 15:45:44.222422 write(4, "\1", 1) = 1
15133 15:45:44.222481 read(4,  <unfinished ...>
15135 15:45:44.222526 read(5, "\1", 1)  = 1
15135 15:45:44.222589 write(5, "\f", 1 <unfinished ...>
15133 15:45:44.222635 <... read resumed> "\f", 1) = 1
15135 15:45:44.222673 <... write resumed> ) = 1
15133 15:45:44.222721 socket(PF_INET, SOCK_STREAM, IPPROTO_TCP) = 5
15133 15:45:44.222791 setsockopt(5, SOL_SOCKET, SO_REUSEADDR, [1], 4) = 0
15133 15:45:44.222862 bind(5, {sa_family=AF_INET, sin_port=htons(60684), sin_addr=inet_addr("127.0.0.1")}, 16) = 0
15133 15:45:44.222937 listen(5, 1)      = 0
15133 15:45:44.223151 write(4, "\f\355\0\0", 4) = 4
15133 15:45:44.223196 read(4,  <unfinished ...>
15135 15:45:44.223226 read(5, "\f\355\0\0", 4) = 4
15135 15:45:44.223278 write(0, "227 Entering Passive Mode (127,0,0,1,237,12).\r\n", 47) = 47
15135 15:45:44.223666 rt_sigaction(SIGALRM, {0x805cad0, ~[RTMIN RT_1], 0}, NULL, 8) = 0
15135 15:45:44.223742 alarm(300)        = 300
15135 15:45:44.223830 recv(0, "STOR myfile4\r\n", 4096, MSG_PEEK) = 14
15135 15:45:44.223873 read(0, "STOR myfile4\r\n", 14) = 14
15135 15:45:44.223918 write(5, "\v", 1 <unfinished ...>
15133 15:45:44.223950 <... read resumed> "\v", 1) = 1
15135 15:45:44.223975 <... write resumed> ) = 1
15133 15:45:44.224002 write(4, "\1\0\0\0", 4) = 4
15133 15:45:44.224040 read(4,  <unfinished ...>
15135 15:45:44.224104 read(5, "\1\0\0\0", 4) = 4
15135 15:45:44.224146 gettimeofday({1495655144, 224168}, NULL) = 0
15135 15:45:44.224211 getcwd("/home/msfadmin", 4096) = 15
15135 15:45:44.224270 open("myfile4", O_WRONLY|O_CREAT|O_NONBLOCK|O_LARGEFILE, 0666) = 4
