9150  14:45:09.748437 write(4, "\1", 1 <unfinished ...>
9151  14:45:09.748455 <... read resumed> "\1", 1) = 1
9150  14:45:09.748465 <... write resumed> ) = 1
9151  14:45:09.748480 exit_group(0)     = ?
9150  14:45:09.748540 --- SIGCHLD (Child exited) @ 0 (0) ---
9150  14:45:09.748555 sigreturn()       = ? (mask now [])
9150  14:45:09.748592 wait4(-1, [{WIFEXITED(s) && WEXITSTATUS(s) == 0}], 0, NULL) = 9151
9150  14:45:09.748616 close(4)          = 0
9150  14:45:09.748640 socketpair(PF_FILE, SOCK_STREAM, 0, [4, 5]) = 0
9150  14:45:09.748667 rt_sigaction(SIGCHLD, {0x805cad0, ~[RTMIN RT_1], 0}, NULL, 8) = 0
9150  14:45:09.748693 rt_sigaction(SIGALRM, {0x805cb10, ~[RTMIN RT_1], 0}, NULL, 8) = 0
9150  14:45:09.748720 clone(child_stack=0, flags=CLONE_CHILD_CLEARTID|CLONE_CHILD_SETTID|SIGCHLD, child_tidptr=0xb7dd76f8) = 9152
9152  14:45:09.748847 prctl(0x1, 0x9, 0, 0, 0) = 0
9152  14:45:09.748885 close(4)          = 0
9152  14:45:09.748939 open("/etc/passwd", O_RDONLY|0x80000 /* O_??? */) = 4
9152  14:45:09.748975 _llseek(4, 0, [0], SEEK_CUR) = 0
9152  14:45:09.749011 fstat64(4, {st_mode=S_IFREG|0644, st_size=1624, ...}) = 0
9152  14:45:09.749047 mmap2(NULL, 1624, PROT_READ, MAP_SHARED, 4, 0) = 0xb7f71000
9152  14:45:09.749071 _llseek(4, 1624, [1624], SEEK_SET) = 0
9152  14:45:09.749116 munmap(0xb7f71000, 1624) = 0
9152  14:45:09.749138 close(4)          = 0
9152  14:45:09.749165 getuid32()        = 0
9152  14:45:09.749185 open("/etc/passwd", O_RDONLY|0x80000 /* O_??? */) = 4
9152  14:45:09.749211 _llseek(4, 0, [0], SEEK_CUR) = 0
9152  14:45:09.749231 fstat64(4, {st_mode=S_IFREG|0644, st_size=1624, ...}) = 0
9152  14:45:09.749263 mmap2(NULL, 1624, PROT_READ, MAP_SHARED, 4, 0) = 0xb7f71000
9152  14:45:09.749284 _llseek(4, 1624, [1624], SEEK_SET) = 0
9152  14:45:09.749314 munmap(0xb7f71000, 1624) = 0
9152  14:45:09.749333 close(4)          = 0
9152  14:45:09.749384 open("/proc/sys/kernel/ngroups_max", O_RDONLY) = 4
9152  14:45:09.749424 read(4, "65536\n", 31) = 6
9152  14:45:09.749448 close(4)          = 0
9152  14:45:09.749476 socket(PF_FILE, SOCK_STREAM, 0) = 4
9152  14:45:09.749499 fcntl64(4, F_SETFL, O_RDWR|O_NONBLOCK) = 0
9152  14:45:09.749521 connect(4, {sa_family=AF_FILE, path="/var/run/nscd/socket"}, 110) = -1 ENOENT (No such file or directory)
9152  14:45:09.749562 close(4)          = 0
9152  14:45:09.749585 socket(PF_FILE, SOCK_STREAM, 0) = 4
9152  14:45:09.749605 fcntl64(4, F_SETFL, O_RDWR|O_NONBLOCK) = 0
9152  14:45:09.749625 connect(4, {sa_family=AF_FILE, path="/var/run/nscd/socket"}, 110) = -1 ENOENT (No such file or directory)
9152  14:45:09.749660 close(4)          = 0
9152  14:45:09.749706 open("/etc/group", O_RDONLY|0x80000 /* O_??? */) = 4
9152  14:45:09.749734 _llseek(4, 0, [0], SEEK_CUR) = 0
9152  14:45:09.749755 fstat64(4, {st_mode=S_IFREG|0644, st_size=886, ...}) = 0
9152  14:45:09.749805 mmap2(NULL, 886, PROT_READ, MAP_SHARED, 4, 0) = 0xb7f71000
9152  14:45:09.749828 _llseek(4, 886, [886], SEEK_SET) = 0
9152  14:45:09.749877 fstat64(4, {st_mode=S_IFREG|0644, st_size=886, ...}) = 0
9152  14:45:09.749910 munmap(0xb7f71000, 886) = 0
9152  14:45:09.749930 close(4)          = 0
9152  14:45:09.749949 setgroups32(13, [1000, 4, 20, 24, 25, 29, 30, 44, 46, 107, 111, 112, 119]) = 0
9152  14:45:09.749982 geteuid32()       = 0
9152  14:45:09.750003 getegid32()       = 0
9152  14:45:09.750024 setregid32(-1, 1000) = 0
9152  14:45:09.750044 setreuid32(-1, 1000) = 0
9152  14:45:09.750065 chdir("/home/msfadmin") = 0
9152  14:45:09.750088 setreuid32(-1, 0) = 0
9152  14:45:09.750106 setregid32(-1, 0) = 0
9152  14:45:09.750126 setgid32(1000)    = 0
9152  14:45:09.750145 setuid32(1000)    = 0
9152  14:45:09.750166 setrlimit(RLIMIT_NPROC, {rlim_cur=0, rlim_max=0}) = 0
9152  14:45:09.750192 mmap2(NULL, 12288, PROT_READ|PROT_WRITE, MAP_PRIVATE|MAP_ANONYMOUS, -1, 0) = 0xb7f6f000
9152  14:45:09.750222 mprotect(0xb7f71000, 4096, PROT_NONE) = 0
9152  14:45:09.750245 mprotect(0xb7f6f000, 4096, PROT_NONE) = 0
9152  14:45:09.750267 getcwd("/home/msfadmin", 4096) = 15
9152  14:45:09.750293 umask(022)        = 077
9152  14:45:09.750313 getcwd("/home/msfadmin", 4096) = 15
9152  14:45:09.750339 open(".message", O_RDONLY|O_NONBLOCK|O_LARGEFILE) = -1 ENOENT (No such file or directory)
9152  14:45:09.750383 write(0, "230 Login successful.\r\n", 23) = 23
9152  14:45:09.750545 rt_sigaction(SIGALRM, {0x805cad0, ~[RTMIN RT_1], 0}, NULL, 8) = 0
9152  14:45:09.750579 alarm(300)        = 0
9152  14:45:09.750600 mmap2(NULL, 12288, PROT_READ|PROT_WRITE, MAP_PRIVATE|MAP_ANONYMOUS, -1, 0) = 0xb7f6c000
9152  14:45:09.750623 mprotect(0xb7f6e000, 4096, PROT_NONE) = 0
9152  14:45:09.750645 mprotect(0xb7f6c000, 4096, PROT_NONE) = 0
9152  14:45:09.750671 recv(0, "TYPE I\r\n", 4096, MSG_PEEK) = 8
9152  14:45:09.750696 read(0, "TYPE I\r\n", 8) = 8
9152  14:45:09.750729 write(0, "200 Switching to Binary mode.\r\n", 31) = 31
9152  14:45:09.750829 rt_sigaction(SIGALRM, {0x805cad0, ~[RTMIN RT_1], 0}, NULL, 8) = 0
9152  14:45:09.750859 alarm(300)        = 300
9152  14:45:09.750882 recv(0, "PASV\r\n", 4096, MSG_PEEK) = 6
9152  14:45:09.750904 read(0, "PASV\r\n", 6) = 6
9152  14:45:09.750928 write(5, "\n", 1) = 1
9152  14:45:09.750949 read(5,  <unfinished ...>
9150  14:45:09.750973 close(5)          = 0
9150  14:45:09.750997 getuid32()        = 0
9150  14:45:09.751026 open("/etc/passwd", O_RDONLY|0x80000 /* O_??? */) = 5
9150  14:45:09.751055 _llseek(5, 0, [0], SEEK_CUR) = 0
9150  14:45:09.751079 fstat64(5, {st_mode=S_IFREG|0644, st_size=1624, ...}) = 0
9150  14:45:09.751114 mmap2(NULL, 1624, PROT_READ, MAP_SHARED, 5, 0) = 0xb7f71000
9150  14:45:09.751136 _llseek(5, 1624, [1624], SEEK_SET) = 0
9150  14:45:09.751170 munmap(0xb7f71000, 1624) = 0
9150  14:45:09.751193 close(5)          = 0
9150  14:45:09.751224 setgroups32(0, []) = 0
9150  14:45:09.751236 chdir("/usr/share/empty") = 0
9150  14:45:09.751236 chroot(".")       = 0
9150  14:45:09.751236 capset(NULL, NULL) = -1 EFAULT (Bad address)
9150  14:45:09.751236 prctl(0x8, 0, 0xbfddf888, 0x80549a6, 0xbfddf870) = 0
9150  14:45:09.751237 prctl(0x8, 0x1, 0xbfddf888, 0x8054a49, 0xbfddf870) = 0
9150  14:45:09.751237 setgid32(65534)   = 0
9150  14:45:09.751237 setuid32(65534)   = 0
9150  14:45:09.751237 capset(0x19980330, 0, {CAP_NET_BIND_SERVICE, CAP_NET_BIND_SERVICE, 0}) = 0
9150  14:45:09.751238 read(4, "\n", 1)  = 1
9150  14:45:09.751260 write(4, "\1", 1) = 1
9152  14:45:09.751281 <... read resumed> "\1", 1) = 1
9152  14:45:09.751296 write(5, "\f", 1) = 1
9152  14:45:09.751339 read(5,  <unfinished ...>
9150  14:45:09.751354 read(4, "\f", 1)  = 1
9150  14:45:09.751381 socket(PF_INET, SOCK_STREAM, IPPROTO_TCP) = 5
9150  14:45:09.751407 setsockopt(5, SOL_SOCKET, SO_REUSEADDR, [1], 4) = 0
9150  14:45:09.751430 gettimeofday({1495651509, 751437}, NULL) = 0
9150  14:45:09.751461 bind(5, {sa_family=AF_INET, sin_port=htons(36614), sin_addr=inet_addr("127.0.0.1")}, 16) = 0
9150  14:45:09.751492 listen(5, 1)      = 0
9150  14:45:09.751518 write(4, "\6\217\0\0", 4) = 4
9152  14:45:09.751539 <... read resumed> "\6\217\0\0", 4) = 4
9152  14:45:09.751567 write(0, "227 Entering Passive Mode (127,0,0,1,143,6).\r\n", 46) = 46
9152  14:45:09.751762 rt_sigaction(SIGALRM, {0x805cad0, ~[RTMIN RT_1], 0}, NULL, 8) = 0
9152  14:45:09.751795 alarm(300)        = 300
9152  14:45:09.751817 recv(0, "STOR myfile16\r\n", 4096, MSG_PEEK) = 15
9152  14:45:09.751842 read(0, "STOR myfile16\r\n", 15) = 15
9152  14:45:09.751871 write(5, "\v", 1) = 1
9152  14:45:09.751892 read(5,  <unfinished ...>
9150  14:45:09.751906 read(4, "\v", 1)  = 1
9150  14:45:09.751928 write(4, "\1\0\0\0", 4) = 4
9152  14:45:09.751948 <... read resumed> "\1\0\0\0", 4) = 4
9152  14:45:09.751964 gettimeofday({1495651509, 751971}, NULL) = 0
9152  14:45:09.751986 getcwd("/home/msfadmin", 4096) = 15
9152  14:45:09.752011 open("myfile16", O_WRONLY|O_CREAT|O_NONBLOCK|O_LARGEFILE, 0666) = 4
9152  14:45:09.752037 fstat64(4, {st_mode=S_IFREG|0644, st_size=17, ...}) = 0
9152  14:45:09.752078 fcntl64(4, F_GETFL) = 0x8801 (flags O_WRONLY|O_NONBLOCK|O_LARGEFILE)
9152  14:45:09.752100 fcntl64(4, F_SETFL, O_WRONLY|O_LARGEFILE) = 0
9152  14:45:09.752119 fcntl64(4, F_SETLKW64, {type=F_WRLCK, whence=SEEK_SET, start=0, len=0}, 0xbfddf7d4) = 0
9152  14:45:09.752149 ftruncate64(4, 0) = 0
9152  14:45:09.752186 _llseek(4, 0, [0], SEEK_SET) = 0
9152  14:45:09.752208 write(5, "\v", 1) = 1
9152  14:45:09.752228 read(5,  <unfinished ...>
9150  14:45:09.752241 read(4, "\v", 1)  = 1
9150  14:45:09.752263 write(4, "\1\0\0\0", 4) = 4
9152  14:45:09.752303 <... read resumed> "\1\0\0\0", 4) = 4
9152  14:45:09.752330 write(5, "\v", 1) = 1
9152  14:45:09.752350 read(5,  <unfinished ...>
9150  14:45:09.752363 read(4, "\v", 1)  = 1
9150  14:45:09.752385 write(4, "\1\0\0\0", 4) = 4
9152  14:45:09.752405 <... read resumed> "\1\0\0\0", 4) = 4
9152  14:45:09.752419 write(5, "\r", 1) = 1
9152  14:45:09.752438 read(5,  <unfinished ...>
9150  14:45:09.752451 read(4, "\r", 1)  = 1
9150  14:45:09.752475 select(6, [5], NULL, NULL, {60, 0}) = 1 (in [5], left {60, 0})
9150  14:45:09.752509 accept(5, {sa_family=AF_INET, sin_port=htons(59054), sin_addr=inet_addr("127.0.0.1")}, [16]) = 6
9150  14:45:09.752552 write(4, "\1", 1) = 1
9152  14:45:09.752572 <... read resumed> "\1", 1) = 1
9152  14:45:09.752590 recvmsg(5,  <unfinished ...>
9150  14:45:09.752608 sendmsg(4, {msg_name(0)=NULL, msg_iov(1)=[{"\0", 1}], msg_controllen=16, {cmsg_len=16, cmsg_level=SOL_SOCKET, cmsg_type=SCM_RIGHTS, {6}}, msg_flags=0}, 0) = 1
9152  14:45:09.752641 <... recvmsg resumed> {msg_name(0)=NULL, msg_iov(1)=[{"\0", 1}], msg_controllen=16, {cmsg_len=16, cmsg_level=SOL_SOCKET, cmsg_type=SCM_RIGHTS, {6}}, msg_flags=0}, 0) = 1
9152  14:45:09.752667 setsockopt(6, SOL_SOCKET, SO_KEEPALIVE, [1], 4) = 0
9152  14:45:09.752691 setsockopt(6, SOL_IP, IP_TOS, [8], 4) = 0
9152  14:45:09.752714 setsockopt(6, SOL_SOCKET, SO_LINGER, {onoff=1, linger=32767}, 8) = 0
9152  14:45:09.752736 rt_sigaction(SIGALRM, {0x805cad0, ~[RTMIN RT_1], 0}, NULL, 8) = 0
9152  14:45:09.752762 alarm(300)        = 300
9152  14:45:09.752787 write(0, "150 Ok to send data.\r\n", 22) = 22
9152  14:45:09.752907 mmap2(NULL, 77824, PROT_READ|PROT_WRITE, MAP_PRIVATE|MAP_ANONYMOUS, -1, 0) = 0xb7da6000
9152  14:45:09.752934 mprotect(0xb7db8000, 4096, PROT_NONE) = 0
9152  14:45:09.752957 mprotect(0xb7da6000, 4096, PROT_NONE) = 0
9152  14:45:09.752977 read(6, "assasaaa\na\na\na\na\n", 65536) = 17
9152  14:45:09.753003 write(4, "assasaaa\na\na\na\na\n", 17) = 17
9152  14:45:09.753033 read(6, "", 65536) = 0
9152  14:45:09.753053 rt_sigaction(SIGALRM, {0x805cad0, ~[RTMIN RT_1], 0}, NULL, 8) = 0
9152  14:45:09.753079 alarm(300)        = 300
9152  14:45:09.753098 close(6)          = 0
9152  14:45:09.753116 alarm(0)          = 300
9152  14:45:09.753134 gettimeofday({1495651509, 753141}, NULL) = 0
9152  14:45:09.753168 getpid()          = 9152
9152  14:45:09.753197 gettimeofday({1495651509, 753207}, NULL) = 0
9152  14:45:09.753234 fcntl64(3, F_SETLKW64, {type=F_WRLCK, whence=SEEK_SET, start=0, len=0}, 0xbfddf774) = 0
9152  14:45:09.753282 write(3, "Wed May 24 14:45:09 2017 [pid 9152] [msfadmin] OK UPLOAD: Client \"127.0.0.1\", \"/home/msfadmin/myfile16\", 17 bytes, 13.43Kbyte/sec\n", 130) = 130
9152  14:45:09.753324 fcntl64(3, F_SETLK64, {type=F_UNLCK, whence=SEEK_SET, start=0, len=0}, 0xbfddf77c) = 0
9152  14:45:09.753353 write(0, "226 Transfer complete.\r\n", 24) = 24
9152  14:45:09.753433 write(5, "\n", 1) = 1
9152  14:45:09.753457 read(5,  <unfinished ...>
9150  14:45:09.753471 close(6)          = 0
9150  14:45:09.753505 read(4, "\n", 1)  = 1
9150  14:45:09.753528 close(5)          = 0
9150  14:45:09.753549 write(4, "\1", 1) = 1
9152  14:45:09.753572 <... read resumed> "\1", 1) = 1
9152  14:45:09.753592 close(4)          = 0
9152  14:45:09.753624 rt_sigaction(SIGALRM, {0x805cad0, ~[RTMIN RT_1], 0}, NULL, 8) = 0
9152  14:45:09.753653 alarm(300)        = 0
9152  14:45:09.753675 recv(0,  <unfinished ...>
9150  14:45:09.753690 read(4,  <unfinished ...>
9152  14:45:10.284744 <... recv resumed> "TYPE I\r\n", 4096, MSG_PEEK) = 8
9152  14:45:10.284992 read(0, "TYPE I\r\n", 8) = 8
9152  14:45:10.285211 write(0, "200 Switching to Binary mode.\r\n", 31) = 31
9152  14:45:10.285520 rt_sigaction(SIGALRM, {0x805cad0, ~[RTMIN RT_1], 0}, NULL, 8) = 0
9152  14:45:10.285637 alarm(300)        = 299
9152  14:45:10.285697 recv(0, "PASV\r\n", 4096, MSG_PEEK) = 6
9152  14:45:10.285748 read(0, "PASV\r\n", 6) = 6
9152  14:45:10.285800 write(5, "\n", 1) = 1
9152  14:45:10.285851 read(5,  <unfinished ...>
9150  14:45:10.285885 <... read resumed> "\n", 1) = 1
9150  14:45:10.285921 write(4, "\1", 1) = 1
9152  14:45:10.285966 <... read resumed> "\1", 1) = 1
9152  14:45:10.285997 write(5, "\f", 1) = 1
9152  14:45:10.286040 read(5,  <unfinished ...>
9150  14:45:10.286070 read(4, "\f", 1)  = 1
9150  14:45:10.286121 socket(PF_INET, SOCK_STREAM, IPPROTO_TCP) = 5
9150  14:45:10.286181 setsockopt(5, SOL_SOCKET, SO_REUSEADDR, [1], 4) = 0
9150  14:45:10.286239 bind(5, {sa_family=AF_INET, sin_port=htons(63233), sin_addr=inet_addr("127.0.0.1")}, 16) = 0
9150  14:45:10.286303 listen(5, 1)      = 0
9150  14:45:10.286439 write(4, "\1\367\0\0", 4) = 4
9152  14:45:10.286495 <... read resumed> "\1\367\0\0", 4) = 4
9152  14:45:10.286550 write(0, "227 Entering Passive Mode (127,0,0,1,247,1).\r\n", 46) = 46
9152  14:45:10.286965 rt_sigaction(SIGALRM, {0x805cad0, ~[RTMIN RT_1], 0}, NULL, 8) = 0
9152  14:45:10.287038 alarm(300)        = 300
9152  14:45:10.287088 recv(0, "STOR myfile17\r\n", 4096, MSG_PEEK) = 15
9152  14:45:10.287142 read(0, "STOR myfile17\r\n", 15) = 15
9152  14:45:10.287200 write(5, "\v", 1) = 1
9152  14:45:10.287246 read(5,  <unfinished ...>
9150  14:45:10.287278 read(4, "\v", 1)  = 1
9150  14:45:10.287400 write(4, "\1\0\0\0", 4) = 4
9152  14:45:10.287448 <... read resumed> "\1\0\0\0", 4) = 4
9152  14:45:10.287482 gettimeofday({1495651510, 287498}, NULL) = 0
9152  14:45:10.287530 getcwd("/home/msfadmin", 4096) = 15
9152  14:45:10.287584 open("myfile17", O_WRONLY|O_CREAT|O_NONBLOCK|O_LARGEFILE, 0666) = 4
9152  14:45:10.287642 fstat64(4, {st_mode=S_IFREG|0644, st_size=17, ...}) = 0
9152  14:45:10.287717 fcntl64(4, F_GETFL) = 0x8801 (flags O_WRONLY|O_NONBLOCK|O_LARGEFILE)
9152  14:45:10.287766 fcntl64(4, F_SETFL, O_WRONLY|O_LARGEFILE) = 0
9152  14:45:10.287809 fcntl64(4, F_SETLKW64, {type=F_WRLCK, whence=SEEK_SET, start=0, len=0}, 0xbfddf7d4) = 0
9152  14:45:10.287867 ftruncate64(4, 0) = 0
9152  14:45:10.287937 _llseek(4, 0, [0], SEEK_SET) = 0
9152  14:45:10.287985 write(5, "\v", 1) = 1
9152  14:45:10.288030 read(5,  <unfinished ...>
9150  14:45:10.288061 read(4, "\v", 1)  = 1
9150  14:45:10.288109 write(4, "\1\0\0\0", 4) = 4
9152  14:45:10.288154 <... read resumed> "\1\0\0\0", 4) = 4
9152  14:45:10.288186 write(5, "\v", 1) = 1
9152  14:45:10.288229 read(5,  <unfinished ...>
9150  14:45:10.288298 read(4, "\v", 1)  = 1
9150  14:45:10.288357 write(4, "\1\0\0\0", 4) = 4
9152  14:45:10.288403 <... read resumed> "\1\0\0\0", 4) = 4
9152  14:45:10.288436 write(5, "\r", 1) = 1
9152  14:45:10.288479 read(5,  <unfinished ...>
9150  14:45:10.288507 read(4, "\r", 1)  = 1
9150  14:45:10.288558 select(6, [5], NULL, NULL, {60, 0}) = 1 (in [5], left {60, 0})
9150  14:45:10.288627 accept(5, {sa_family=AF_INET, sin_port=htons(57555), sin_addr=inet_addr("127.0.0.1")}, [16]) = 6
9150  14:45:10.288722 write(4, "\1", 1) = 1
9152  14:45:10.288767 <... read resumed> "\1", 1) = 1
9152  14:45:10.288804 recvmsg(5,  <unfinished ...>
9150  14:45:10.288840 sendmsg(4, {msg_name(0)=NULL, msg_iov(1)=[{"\0", 1}], msg_controllen=16, {cmsg_len=16, cmsg_level=SOL_SOCKET, cmsg_type=SCM_RIGHTS, {6}}, msg_flags=0}, 0) = 1
9152  14:45:10.288990 <... recvmsg resumed> {msg_name(0)=NULL, msg_iov(1)=[{"\0", 1}], msg_controllen=16, {cmsg_len=16, cmsg_level=SOL_SOCKET, cmsg_type=SCM_RIGHTS, {6}}, msg_flags=0}, 0) = 1
9152  14:45:10.289053 setsockopt(6, SOL_SOCKET, SO_KEEPALIVE, [1], 4) = 0
9152  14:45:10.289107 setsockopt(6, SOL_IP, IP_TOS, [8], 4) = 0
9152  14:45:10.289283 setsockopt(6, SOL_SOCKET, SO_LINGER, {onoff=1, linger=32767}, 8) = 0
9152  14:45:10.289356 rt_sigaction(SIGALRM, {0x805cad0, ~[RTMIN RT_1], 0}, NULL, 8) = 0
9152  14:45:10.289435 alarm(300)        = 300
9152  14:45:10.289493 write(0, "150 Ok to send data.\r\n", 22) = 22
9152  14:45:10.289768 read(6, "assasaaa\na\na\na\na\n", 65536) = 17
9152  14:45:10.289831 write(4, "assasaaa\na\na\na\na\n", 17) = 17
9152  14:45:10.289898 read(6, "", 65536) = 0
9152  14:45:10.289944 rt_sigaction(SIGALRM, {0x805cad0, ~[RTMIN RT_1], 0}, NULL, 8) = 0
9152  14:45:10.290003 alarm(300)        = 300
9152  14:45:10.290046 close(6)          = 0
9152  14:45:10.290087 alarm(0)          = 300
9152  14:45:10.290129 gettimeofday({1495651510, 290144}, NULL) = 0
9152  14:45:10.290243 gettimeofday({1495651510, 290265}, NULL) = 0
9152  14:45:10.290305 fcntl64(3, F_SETLKW64, {type=F_WRLCK, whence=SEEK_SET, start=0, len=0}, 0xbfddf774) = 0
9152  14:45:10.290373 write(3, "Wed May 24 14:45:10 2017 [pid 9152] [msfadmin] OK UPLOAD: Client \"127.0.0.1\", \"/home/msfadmin/myfile17\", 17 bytes, 6.00Kbyte/sec\n", 129) = 129
9152  14:45:10.290462 fcntl64(3, F_SETLK64, {type=F_UNLCK, whence=SEEK_SET, start=0, len=0}, 0xbfddf77c) = 0
9152  14:45:10.290526 write(0, "226 Transfer complete.\r\n", 24) = 24
9152  14:45:10.290738 write(5, "\n", 1) = 1
9152  14:45:10.290913 read(5,  <unfinished ...>
9150  14:45:10.290953 close(6)          = 0
9150  14:45:10.291040 read(4, "\n", 1)  = 1
9150  14:45:10.291094 close(5)          = 0
9150  14:45:10.291187 write(4, "\1", 1) = 1
9152  14:45:10.291241 <... read resumed> "\1", 1) = 1
9152  14:45:10.291273 close(4)          = 0
9152  14:45:10.291322 rt_sigaction(SIGALRM, {0x805cad0, ~[RTMIN RT_1], 0}, NULL, 8) = 0
9152  14:45:10.291381 alarm(300)        = 0
9152  14:45:10.291430 recv(0,  <unfinished ...>
9150  14:45:10.291464 read(4,  <unfinished ...>
9152  14:45:10.794511 <... recv resumed> "TYPE I\r\n", 4096, MSG_PEEK) = 8
9152  14:45:10.794703 read(0, "TYPE I\r\n", 8) = 8
9152  14:45:10.794893 write(0, "200 Switching to Binary mode.\r\n", 31) = 31
9152  14:45:10.795334 rt_sigaction(SIGALRM, {0x805cad0, ~[RTMIN RT_1], 0}, NULL, 8) = 0
9152  14:45:10.795425 alarm(300)        = 299
9152  14:45:10.795480 recv(0, "PASV\r\n", 4096, MSG_PEEK) = 6
9152  14:45:10.795533 read(0, "PASV\r\n", 6) = 6
9152  14:45:10.795587 write(5, "\n", 1) = 1
9152  14:45:10.795639 read(5,  <unfinished ...>
9150  14:45:10.795672 <... read resumed> "\n", 1) = 1
9150  14:45:10.795708 write(4, "\1", 1) = 1
9152  14:45:10.795754 <... read resumed> "\1", 1) = 1
9152  14:45:10.795785 write(5, "\f", 1) = 1
9152  14:45:10.795829 read(5,  <unfinished ...>
9150  14:45:10.795858 read(4, "\f", 1)  = 1
9150  14:45:10.795910 socket(PF_INET, SOCK_STREAM, IPPROTO_TCP) = 5
9150  14:45:10.795971 setsockopt(5, SOL_SOCKET, SO_REUSEADDR, [1], 4) = 0
9150  14:45:10.796077 bind(5, {sa_family=AF_INET, sin_port=htons(9649), sin_addr=inet_addr("127.0.0.1")}, 16) = 0
9150  14:45:10.796156 listen(5, 1)      = 0
9150  14:45:10.796213 write(4, "\261%\0\0", 4) = 4
9152  14:45:10.796263 <... read resumed> "\261%\0\0", 4) = 4
9152  14:45:10.796318 write(0, "227 Entering Passive Mode (127,0,0,1,37,177).\r\n", 47) = 47
9152  14:45:10.796734 rt_sigaction(SIGALRM, {0x805cad0, ~[RTMIN RT_1], 0}, NULL, 8) = 0
9152  14:45:10.796807 alarm(300)        = 300
9152  14:45:10.796858 recv(0, "STOR myfile18\r\n", 4096, MSG_PEEK) = 15
9152  14:45:10.796912 read(0, "STOR myfile18\r\n", 15) = 15
9152  14:45:10.796972 write(5, "\v", 1) = 1
9152  14:45:10.797140 read(5,  <unfinished ...>
9150  14:45:10.797199 read(4, "\v", 1)  = 1
9150  14:45:10.797281 write(4, "\1\0\0\0", 4) = 4
9152  14:45:10.797361 <... read resumed> "\1\0\0\0", 4) = 4
9152  14:45:10.797407 gettimeofday({1495651510, 797423}, NULL) = 0
9152  14:45:10.797455 getcwd("/home/msfadmin", 4096) = 15
9152  14:45:10.797566 open("myfile18", O_WRONLY|O_CREAT|O_NONBLOCK|O_LARGEFILE, 0666) = 4
9152  14:45:10.797634 fstat64(4, {st_mode=S_IFREG|0644, st_size=17, ...}) = 0
9152  14:45:10.797709 fcntl64(4, F_GETFL) = 0x8801 (flags O_WRONLY|O_NONBLOCK|O_LARGEFILE)
9152  14:45:10.797759 fcntl64(4, F_SETFL, O_WRONLY|O_LARGEFILE) = 0
9152  14:45:10.797802 fcntl64(4, F_SETLKW64, {type=F_WRLCK, whence=SEEK_SET, start=0, len=0}, 0xbfddf7d4) = 0
9152  14:45:10.797886 ftruncate64(4, 0) = 0
9152  14:45:10.797956 _llseek(4, 0, [0], SEEK_SET) = 0
9152  14:45:10.798060 write(5, "\v", 1) = 1
9152  14:45:10.798112 read(5,  <unfinished ...>
9150  14:45:10.798144 read(4, "\v", 1)  = 1
9150  14:45:10.798194 write(4, "\1\0\0\0", 4) = 4
9152  14:45:10.798240 <... read resumed> "\1\0\0\0", 4) = 4
9152  14:45:10.798273 write(5, "\v", 1) = 1
9152  14:45:10.798315 read(5,  <unfinished ...>
9150  14:45:10.798344 read(4, "\v", 1)  = 1
9150  14:45:10.798391 write(4, "\1\0\0\0", 4) = 4
9152  14:45:10.798435 <... read resumed> "\1\0\0\0", 4) = 4
9152  14:45:10.798467 write(5, "\r", 1) = 1
9152  14:45:10.798553 read(5,  <unfinished ...>
9150  14:45:10.798587 read(4, "\r", 1)  = 1
9150  14:45:10.798641 select(6, [5], NULL, NULL, {60, 0}) = 1 (in [5], left {60, 0})
9150  14:45:10.798711 accept(5, {sa_family=AF_INET, sin_port=htons(57646), sin_addr=inet_addr("127.0.0.1")}, [16]) = 6
9150  14:45:10.798807 write(4, "\1", 1) = 1
9152  14:45:10.798852 <... read resumed> "\1", 1) = 1
9152  14:45:10.798889 recvmsg(5,  <unfinished ...>
9150  14:45:10.798926 sendmsg(4, {msg_name(0)=NULL, msg_iov(1)=[{"\0", 1}], msg_controllen=16, {cmsg_len=16, cmsg_level=SOL_SOCKET, cmsg_type=SCM_RIGHTS, {6}}, msg_flags=0}, 0) = 1
9152  14:45:10.799041 <... recvmsg resumed> {msg_name(0)=NULL, msg_iov(1)=[{"\0", 1}], msg_controllen=16, {cmsg_len=16, cmsg_level=SOL_SOCKET, cmsg_type=SCM_RIGHTS, {6}}, msg_flags=0}, 0) = 1
9152  14:45:10.799104 setsockopt(6, SOL_SOCKET, SO_KEEPALIVE, [1], 4) = 0
9152  14:45:10.799158 setsockopt(6, SOL_IP, IP_TOS, [8], 4) = 0
9152  14:45:10.799209 setsockopt(6, SOL_SOCKET, SO_LINGER, {onoff=1, linger=32767}, 8) = 0
9152  14:45:10.799258 rt_sigaction(SIGALRM, {0x805cad0, ~[RTMIN RT_1], 0}, NULL, 8) = 0
9152  14:45:10.799317 alarm(300)        = 300
9152  14:45:10.799374 write(0, "150 Ok to send data.\r\n", 22) = 22
9150  14:45:10.799707 close(6)          = 0
9152  14:45:10.799762 read(6,  <unfinished ...>
9150  14:45:10.799790 read(4,  <unfinished ...>
9152  14:45:10.799821 <... read resumed> "assasaaa\na\na\na\na\n", 65536) = 17
9152  14:45:10.799861 write(4, "assasaaa\na\na\na\na\n", 17) = 17
9152  14:45:10.799930 read(6, "", 65536) = 0
9152  14:45:10.800146 rt_sigaction(SIGALRM, {0x805cad0, ~[RTMIN RT_1], 0}, NULL, 8) = 0
9152  14:45:10.800219 alarm(300)        = 300
9152  14:45:10.800262 close(6)          = 0
9152  14:45:10.800340 alarm(0)          = 300
9152  14:45:10.800384 gettimeofday({1495651510, 800400}, NULL) = 0
9152  14:45:10.800449 gettimeofday({1495651510, 800466}, NULL) = 0
9152  14:45:10.800506 fcntl64(3, F_SETLKW64, {type=F_WRLCK, whence=SEEK_SET, start=0, len=0}, 0xbfddf774) = 0
9152  14:45:10.800573 write(3, "Wed May 24 14:45:10 2017 [pid 9152] [msfadmin] OK UPLOAD: Client \"127.0.0.1\", \"/home/msfadmin/myfile18\", 17 bytes, 5.46Kbyte/sec\n", 129) = 129
9152  14:45:10.800728 fcntl64(3, F_SETLK64, {type=F_UNLCK, whence=SEEK_SET, start=0, len=0}, 0xbfddf77c) = 0
9152  14:45:10.800795 write(0, "226 Transfer complete.\r\n", 24) = 24
9152  14:45:10.800979 write(5, "\n", 1) = 1
9150  14:45:10.801032 <... read resumed> "\n", 1) = 1
9150  14:45:10.801063 close(5)          = 0
9150  14:45:10.801075 write(4, "\1", 1) = 1
9150  14:45:10.801075 read(4,  <unfinished ...>
