9937  14:52:48.638624 munmap(0xb7ce7000, 201052) = 0
9937  14:52:48.638649 munmap(0xb7cce000, 101180) = 0
9937  14:52:48.638715 gettimeofday({1495651968, 638727}, NULL) = 0
9937  14:52:48.638745 stat64("/usr/share/zoneinfo/UTC+04:00", 0xbfd23694) = -1 ENOENT (No such file or directory)
9937  14:52:48.638781 open("/usr/share/zoneinfo/UTC+04:00", O_RDONLY) = -1 ENOENT (No such file or directory)
9937  14:52:48.638843 fcntl64(3, F_SETLKW64, {type=F_WRLCK, whence=SEEK_SET, start=0, len=0}, 0xbfd237e4) = 0
9937  14:52:48.638882 write(3, "Wed May 24 14:52:48 2017 [pid 9937] [msfadmin] OK LOGIN: Client \"127.0.0.1\"\n", 76) = 76
9937  14:52:48.638930 fcntl64(3, F_SETLK64, {type=F_UNLCK, whence=SEEK_SET, start=0, len=0}, 0xbfd237ec) = 0
9937  14:52:48.638961 rt_sigaction(SIGCHLD, {0x805cad0, ~[RTMIN RT_1], 0}, NULL, 8) = 0
9937  14:52:48.638994 write(4, "\1", 1 <unfinished ...>
9938  14:52:48.639018 <... read resumed> "\1", 1) = 1
9937  14:52:48.639030 <... write resumed> ) = 1
9938  14:52:48.639048 exit_group(0)     = ?
9937  14:52:48.639123 --- SIGCHLD (Child exited) @ 0 (0) ---
9937  14:52:48.639140 sigreturn()       = ? (mask now [])
9937  14:52:48.639214 wait4(-1, [{WIFEXITED(s) && WEXITSTATUS(s) == 0}], 0, NULL) = 9938
9937  14:52:48.639247 close(4)          = 0
9937  14:52:48.639275 socketpair(PF_FILE, SOCK_STREAM, 0, [4, 5]) = 0
9937  14:52:48.639309 rt_sigaction(SIGCHLD, {0x805cad0, ~[RTMIN RT_1], 0}, NULL, 8) = 0
9937  14:52:48.639341 rt_sigaction(SIGALRM, {0x805cb10, ~[RTMIN RT_1], 0}, NULL, 8) = 0
9937  14:52:48.639373 clone(child_stack=0, flags=CLONE_CHILD_CLEARTID|CLONE_CHILD_SETTID|SIGCHLD, child_tidptr=0xb7d576f8) = 9939
9939  14:52:48.639493 prctl(0x1, 0x9, 0, 0, 0) = 0
9939  14:52:48.639524 close(4)          = 0
9939  14:52:48.639586 open("/etc/passwd", O_RDONLY|0x80000 /* O_??? */) = 4
9939  14:52:48.639625 _llseek(4, 0, [0], SEEK_CUR) = 0
9939  14:52:48.639685 fstat64(4, {st_mode=S_IFREG|0644, st_size=1624, ...}) = 0
9939  14:52:48.639731 mmap2(NULL, 1624, PROT_READ, MAP_SHARED, 4, 0) = 0xb7ef1000
9939  14:52:48.639758 _llseek(4, 1624, [1624], SEEK_SET) = 0
9939  14:52:48.639811 munmap(0xb7ef1000, 1624) = 0
9939  14:52:48.639838 close(4)          = 0
9939  14:52:48.639869 getuid32()        = 0
9939  14:52:48.639893 open("/etc/passwd", O_RDONLY|0x80000 /* O_??? */) = 4
9939  14:52:48.639923 _llseek(4, 0, [0], SEEK_CUR) = 0
9939  14:52:48.639947 fstat64(4, {st_mode=S_IFREG|0644, st_size=1624, ...}) = 0
9939  14:52:48.639984 mmap2(NULL, 1624, PROT_READ, MAP_SHARED, 4, 0) = 0xb7ef1000
9939  14:52:48.640008 _llseek(4, 1624, [1624], SEEK_SET) = 0
9939  14:52:48.640044 munmap(0xb7ef1000, 1624) = 0
9939  14:52:48.640066 close(4)          = 0
9939  14:52:48.640127 open("/proc/sys/kernel/ngroups_max", O_RDONLY) = 4
9939  14:52:48.640198 read(4, "65536\n", 31) = 6
9939  14:52:48.640229 close(4)          = 0
9939  14:52:48.640262 socket(PF_FILE, SOCK_STREAM, 0) = 4
9939  14:52:48.640290 fcntl64(4, F_SETFL, O_RDWR|O_NONBLOCK) = 0
9939  14:52:48.640316 connect(4, {sa_family=AF_FILE, path="/var/run/nscd/socket"}, 110) = -1 ENOENT (No such file or directory)
9939  14:52:48.640366 close(4)          = 0
9939  14:52:48.640393 socket(PF_FILE, SOCK_STREAM, 0) = 4
9939  14:52:48.640416 fcntl64(4, F_SETFL, O_RDWR|O_NONBLOCK) = 0
9939  14:52:48.640440 connect(4, {sa_family=AF_FILE, path="/var/run/nscd/socket"}, 110) = -1 ENOENT (No such file or directory)
9939  14:52:48.640482 close(4)          = 0
9939  14:52:48.640537 open("/etc/group", O_RDONLY|0x80000 /* O_??? */) = 4
9939  14:52:48.640570 _llseek(4, 0, [0], SEEK_CUR) = 0
9939  14:52:48.640595 fstat64(4, {st_mode=S_IFREG|0644, st_size=886, ...}) = 0
9939  14:52:48.640633 mmap2(NULL, 886, PROT_READ, MAP_SHARED, 4, 0) = 0xb7ef1000
9939  14:52:48.640698 _llseek(4, 886, [886], SEEK_SET) = 0
9939  14:52:48.640761 fstat64(4, {st_mode=S_IFREG|0644, st_size=886, ...}) = 0
9939  14:52:48.640801 munmap(0xb7ef1000, 886) = 0
9939  14:52:48.640825 close(4)          = 0
9939  14:52:48.640848 setgroups32(13, [1000, 4, 20, 24, 25, 29, 30, 44, 46, 107, 111, 112, 119]) = 0
9939  14:52:48.640886 geteuid32()       = 0
9939  14:52:48.640912 getegid32()       = 0
9939  14:52:48.640936 setregid32(-1, 1000) = 0
9939  14:52:48.640961 setreuid32(-1, 1000) = 0
9939  14:52:48.640985 chdir("/home/msfadmin") = 0
9939  14:52:48.641013 setreuid32(-1, 0) = 0
9939  14:52:48.641034 setregid32(-1, 0) = 0
9939  14:52:48.641058 setgid32(1000)    = 0
9939  14:52:48.641080 setuid32(1000)    = 0
9939  14:52:48.641104 setrlimit(RLIMIT_NPROC, {rlim_cur=0, rlim_max=0}) = 0
9939  14:52:48.641160 mmap2(NULL, 12288, PROT_READ|PROT_WRITE, MAP_PRIVATE|MAP_ANONYMOUS, -1, 0) = 0xb7eef000
9939  14:52:48.641198 mprotect(0xb7ef1000, 4096, PROT_NONE) = 0
9939  14:52:48.641225 mprotect(0xb7eef000, 4096, PROT_NONE) = 0
9939  14:52:48.641252 getcwd("/home/msfadmin", 4096) = 15
9939  14:52:48.641284 umask(022)        = 077
9939  14:52:48.641307 getcwd("/home/msfadmin", 4096) = 15
9939  14:52:48.641339 open(".message", O_RDONLY|O_NONBLOCK|O_LARGEFILE) = -1 ENOENT (No such file or directory)
9939  14:52:48.641399 write(0, "230 Login successful.\r\n", 23) = 23
9939  14:52:48.641604 rt_sigaction(SIGALRM, {0x805cad0, ~[RTMIN RT_1], 0}, NULL, 8) = 0
9939  14:52:48.641677 alarm(300)        = 0
9939  14:52:48.641704 mmap2(NULL, 12288, PROT_READ|PROT_WRITE, MAP_PRIVATE|MAP_ANONYMOUS, -1, 0) = 0xb7eec000
9939  14:52:48.641732 mprotect(0xb7eee000, 4096, PROT_NONE) = 0
9939  14:52:48.641758 mprotect(0xb7eec000, 4096, PROT_NONE) = 0
9939  14:52:48.641789 recv(0, "TYPE I\r\n", 4096, MSG_PEEK) = 8
9939  14:52:48.641819 read(0, "TYPE I\r\n", 8) = 8
9939  14:52:48.641858 write(0, "200 Switching to Binary mode.\r\n", 31) = 31
9939  14:52:48.641952 rt_sigaction(SIGALRM, {0x805cad0, ~[RTMIN RT_1], 0}, NULL, 8) = 0
9939  14:52:48.641986 alarm(300)        = 300
9939  14:52:48.642012 recv(0, "PASV\r\n", 4096, MSG_PEEK) = 6
9939  14:52:48.642037 read(0, "PASV\r\n", 6) = 6
9939  14:52:48.642065 write(5, "\n", 1) = 1
9939  14:52:48.642090 read(5,  <unfinished ...>
9937  14:52:48.642143 close(5)          = 0
9937  14:52:48.642176 getuid32()        = 0
9937  14:52:48.642211 open("/etc/passwd", O_RDONLY|0x80000 /* O_??? */) = 5
9937  14:52:48.642245 _llseek(5, 0, [0], SEEK_CUR) = 0
9937  14:52:48.642274 fstat64(5, {st_mode=S_IFREG|0644, st_size=1624, ...}) = 0
9937  14:52:48.642315 mmap2(NULL, 1624, PROT_READ, MAP_SHARED, 5, 0) = 0xb7ef1000
9937  14:52:48.642342 _llseek(5, 1624, [1624], SEEK_SET) = 0
9937  14:52:48.642382 munmap(0xb7ef1000, 1624) = 0
9937  14:52:48.642409 close(5)          = 0
9937  14:52:48.642446 setgroups32(0, []) = 0
9937  14:52:48.642472 chdir("/usr/share/empty") = 0
9937  14:52:48.642501 chroot(".")       = 0
9937  14:52:48.642525 capset(NULL, NULL) = -1 EFAULT (Bad address)
9937  14:52:48.642556 prctl(0x8, 0, 0xbfd237c8, 0x80549a6, 0xbfd237b0) = 0
9937  14:52:48.642583 prctl(0x8, 0x1, 0xbfd237c8, 0x8054a49, 0xbfd237b0) = 0
9937  14:52:48.642630 setgid32(65534)   = 0
9937  14:52:48.642659 setuid32(65534)   = 0
9937  14:52:48.642681 capset(0x19980330, 0, {CAP_NET_BIND_SERVICE, CAP_NET_BIND_SERVICE, 0}) = 0
9937  14:52:48.642714 read(4, "\n", 1)  = 1
9937  14:52:48.642745 write(4, "\1", 1) = 1
9939  14:52:48.642771 <... read resumed> "\1", 1) = 1
9939  14:52:48.642788 write(5, "\f", 1) = 1
9939  14:52:48.642812 read(5,  <unfinished ...>
9937  14:52:48.642828 read(4, "\f", 1)  = 1
9937  14:52:48.642857 socket(PF_INET, SOCK_STREAM, IPPROTO_TCP) = 5
9937  14:52:48.642889 setsockopt(5, SOL_SOCKET, SO_REUSEADDR, [1], 4) = 0
9937  14:52:48.642916 gettimeofday({1495651968, 642924}, NULL) = 0
9937  14:52:48.642953 bind(5, {sa_family=AF_INET, sin_port=htons(39432), sin_addr=inet_addr("127.0.0.1")}, 16) = 0
9937  14:52:48.642989 listen(5, 1)      = 0
9937  14:52:48.643019 write(4, "\10\232\0\0", 4) = 4
9939  14:52:48.643045 <... read resumed> "\10\232\0\0", 4) = 4
9939  14:52:48.643113 write(0, "227 Entering Passive Mode (127,0,0,1,154,8).\r\n", 46) = 46
9939  14:52:48.643361 rt_sigaction(SIGALRM, {0x805cad0, ~[RTMIN RT_1], 0}, NULL, 8) = 0
9939  14:52:48.643402 alarm(300)        = 300
9939  14:52:48.643429 recv(0, "STOR myfile34\r\n", 4096, MSG_PEEK) = 15
9939  14:52:48.643457 read(0, "STOR myfile34\r\n", 15) = 15
9939  14:52:48.643493 write(5, "\v", 1) = 1
9939  14:52:48.643517 read(5,  <unfinished ...>
9937  14:52:48.643534 read(4, "\v", 1)  = 1
9937  14:52:48.643561 write(4, "\1\0\0\0", 4) = 4
9939  14:52:48.643586 <... read resumed> "\1\0\0\0", 4) = 4
9939  14:52:48.644853 gettimeofday({1495651968, 644866}, NULL) = 0
9939  14:52:48.644883 getcwd("/home/msfadmin", 4096) = 15
9939  14:52:48.644918 open("myfile34", O_WRONLY|O_CREAT|O_NONBLOCK|O_LARGEFILE, 0666) = 4
9939  14:52:48.644961 fstat64(4, {st_mode=S_IFREG|0644, st_size=17, ...}) = 0
9939  14:52:48.645014 fcntl64(4, F_GETFL) = 0x8801 (flags O_WRONLY|O_NONBLOCK|O_LARGEFILE)
9939  14:52:48.645040 fcntl64(4, F_SETFL, O_WRONLY|O_LARGEFILE) = 0
9939  14:52:48.645158 fcntl64(4, F_SETLKW64, {type=F_WRLCK, whence=SEEK_SET, start=0, len=0}, 0xbfd23714) = 0
9939  14:52:48.645207 ftruncate64(4, 0) = 0
9939  14:52:48.645250 _llseek(4, 0, [0], SEEK_SET) = 0
9939  14:52:48.645276 write(5, "\v", 1) = 1
9939  14:52:48.645302 read(5,  <unfinished ...>
9937  14:52:48.645320 read(4, "\v", 1)  = 1
9937  14:52:48.645347 write(4, "\1\0\0\0", 4) = 4
9939  14:52:48.645372 <... read resumed> "\1\0\0\0", 4) = 4
9939  14:52:48.645390 write(5, "\v", 1) = 1
9939  14:52:48.645413 read(5,  <unfinished ...>
9937  14:52:48.645428 read(4, "\v", 1)  = 1
9937  14:52:48.645453 write(4, "\1\0\0\0", 4) = 4
9939  14:52:48.645476 <... read resumed> "\1\0\0\0", 4) = 4
9939  14:52:48.645493 write(5, "\r", 1) = 1
9939  14:52:48.645516 read(5,  <unfinished ...>
9937  14:52:48.645557 read(4, "\r", 1)  = 1
9937  14:52:48.645595 select(6, [5], NULL, NULL, {60, 0}) = 1 (in [5], left {60, 0})
9937  14:52:48.645636 accept(5, {sa_family=AF_INET, sin_port=htons(42819), sin_addr=inet_addr("127.0.0.1")}, [16]) = 6
9937  14:52:48.645695 write(4, "\1", 1) = 1
9939  14:52:48.645727 <... read resumed> "\1", 1) = 1
9939  14:52:48.645750 recvmsg(5,  <unfinished ...>
9937  14:52:48.645773 sendmsg(4, {msg_name(0)=NULL, msg_iov(1)=[{"\0", 1}], msg_controllen=16, {cmsg_len=16, cmsg_level=SOL_SOCKET, cmsg_type=SCM_RIGHTS, {6}}, msg_flags=0}, 0) = 1
9939  14:52:48.645813 <... recvmsg resumed> {msg_name(0)=NULL, msg_iov(1)=[{"\0", 1}], msg_controllen=16, {cmsg_len=16, cmsg_level=SOL_SOCKET, cmsg_type=SCM_RIGHTS, {6}}, msg_flags=0}, 0) = 1
9939  14:52:48.645844 setsockopt(6, SOL_SOCKET, SO_KEEPALIVE, [1], 4) = 0
9939  14:52:48.645873 setsockopt(6, SOL_IP, IP_TOS, [8], 4) = 0
9939  14:52:48.645900 setsockopt(6, SOL_SOCKET, SO_LINGER, {onoff=1, linger=32767}, 8) = 0
9939  14:52:48.645926 rt_sigaction(SIGALRM, {0x805cad0, ~[RTMIN RT_1], 0}, NULL, 8) = 0
9939  14:52:48.645958 alarm(300)        = 300
9939  14:52:48.645990 write(0, "150 Ok to send data.\r\n", 22) = 22
9939  14:52:48.646890 mmap2(NULL, 77824, PROT_READ|PROT_WRITE, MAP_PRIVATE|MAP_ANONYMOUS, -1, 0) = 0xb7d26000
9939  14:52:48.646926 mprotect(0xb7d38000, 4096, PROT_NONE) = 0
9939  14:52:48.646954 mprotect(0xb7d26000, 4096, PROT_NONE) = 0
9939  14:52:48.646977 read(6, "assasaaa\na\na\na\na\n", 65536) = 17
9939  14:52:48.647009 write(4, "assasaaa\na\na\na\na\n", 17) = 17
9939  14:52:48.647047 read(6, "", 65536) = 0
9939  14:52:48.647071 rt_sigaction(SIGALRM, {0x805cad0, ~[RTMIN RT_1], 0}, NULL, 8) = 0
9939  14:52:48.647102 alarm(300)        = 300
9939  14:52:48.647177 close(6)          = 0
9939  14:52:48.647203 alarm(0)          = 300
9939  14:52:48.647222 gettimeofday({1495651968, 647229}, NULL) = 0
9939  14:52:48.647260 getpid()          = 9939
9939  14:52:48.647284 gettimeofday({1495651968, 647292}, NULL) = 0
9939  14:52:48.647317 fcntl64(3, F_SETLKW64, {type=F_WRLCK, whence=SEEK_SET, start=0, len=0}, 0xbfd236b4) = 0
9939  14:52:48.647347 write(3, "Wed May 24 14:52:48 2017 [pid 9939] [msfadmin] OK UPLOAD: Client \"127.0.0.1\", \"/home/msfadmin/myfile34\", 17 bytes, 6.84Kbyte/sec\n", 129) = 129
9939  14:52:48.647387 fcntl64(3, F_SETLK64, {type=F_UNLCK, whence=SEEK_SET, start=0, len=0}, 0xbfd236bc) = 0
9939  14:52:48.647415 write(0, "226 Transfer complete.\r\n", 24) = 24
9939  14:52:48.647501 write(5, "\n", 1) = 1
9939  14:52:48.647524 read(5,  <unfinished ...>
9937  14:52:48.647538 close(6)          = 0
9937  14:52:48.647572 read(4, "\n", 1)  = 1
9937  14:52:48.647595 close(5)          = 0
9937  14:52:48.647616 write(4, "\1", 1) = 1
9939  14:52:48.647636 <... read resumed> "\1", 1) = 1
9939  14:52:48.647650 close(4)          = 0
9939  14:52:48.647671 rt_sigaction(SIGALRM, {0x805cad0, ~[RTMIN RT_1], 0}, NULL, 8) = 0
9939  14:52:48.647696 alarm(300)        = 0
9939  14:52:48.647718 recv(0,  <unfinished ...>
9937  14:52:48.647732 read(4,  <unfinished ...>
9939  14:52:49.162007 <... recv resumed> "TYPE I\r\n", 4096, MSG_PEEK) = 8
9939  14:52:49.162235 read(0, "TYPE I\r\n", 8) = 8
9939  14:52:49.162434 write(0, "200 Switching to Binary mode.\r\n", 31) = 31
9939  14:52:49.162802 rt_sigaction(SIGALRM, {0x805cad0, ~[RTMIN RT_1], 0}, NULL, 8) = 0
9939  14:52:49.162893 alarm(300)        = 299
9939  14:52:49.162948 recv(0, "PASV\r\n", 4096, MSG_PEEK) = 6
9939  14:52:49.162999 read(0, "PASV\r\n", 6) = 6
9939  14:52:49.163052 write(5, "\n", 1) = 1
9939  14:52:49.163105 read(5,  <unfinished ...>
9937  14:52:49.163138 <... read resumed> "\n", 1) = 1
9937  14:52:49.163175 write(4, "\1", 1) = 1
9939  14:52:49.163220 <... read resumed> "\1", 1) = 1
9939  14:52:49.163251 write(5, "\f", 1) = 1
9939  14:52:49.163294 read(5,  <unfinished ...>
9937  14:52:49.163323 read(4, "\f", 1)  = 1
9937  14:52:49.163375 socket(PF_INET, SOCK_STREAM, IPPROTO_TCP) = 5
9937  14:52:49.163437 setsockopt(5, SOL_SOCKET, SO_REUSEADDR, [1], 4) = 0
9937  14:52:49.163496 bind(5, {sa_family=AF_INET, sin_port=htons(33020), sin_addr=inet_addr("127.0.0.1")}, 16) = 0
9937  14:52:49.163615 listen(5, 1)      = 0
9937  14:52:49.163687 write(4, "\374\200\0\0", 4) = 4
9939  14:52:49.163738 <... read resumed> "\374\200\0\0", 4) = 4
9939  14:52:49.163793 write(0, "227 Entering Passive Mode (127,0,0,1,128,252).\r\n", 48) = 48
9939  14:52:49.164217 rt_sigaction(SIGALRM, {0x805cad0, ~[RTMIN RT_1], 0}, NULL, 8) = 0
9939  14:52:49.164291 alarm(300)        = 300
9939  14:52:49.164341 recv(0, "STOR myfile35\r\n", 4096, MSG_PEEK) = 15
9939  14:52:49.164394 read(0, "STOR myfile35\r\n", 15) = 15
9939  14:52:49.164453 write(5, "\v", 1) = 1
9939  14:52:49.164498 read(5,  <unfinished ...>
9937  14:52:49.164708 read(4, "\v", 1)  = 1
9937  14:52:49.164776 write(4, "\1\0\0\0", 4) = 4
9939  14:52:49.164825 <... read resumed> "\1\0\0\0", 4) = 4
9939  14:52:49.164858 gettimeofday({1495651969, 164874}, NULL) = 0
9939  14:52:49.164906 getcwd("/home/msfadmin", 4096) = 15
9939  14:52:49.164961 open("myfile35", O_WRONLY|O_CREAT|O_NONBLOCK|O_LARGEFILE, 0666) = 4
9939  14:52:49.165020 fstat64(4, {st_mode=S_IFREG|0644, st_size=17, ...}) = 0
9939  14:52:49.165096 fcntl64(4, F_GETFL) = 0x8801 (flags O_WRONLY|O_NONBLOCK|O_LARGEFILE)
9939  14:52:49.165144 fcntl64(4, F_SETFL, O_WRONLY|O_LARGEFILE) = 0
9939  14:52:49.165189 fcntl64(4, F_SETLKW64, {type=F_WRLCK, whence=SEEK_SET, start=0, len=0}, 0xbfd23714) = 0
9939  14:52:49.165249 ftruncate64(4, 0) = 0
9939  14:52:49.165321 _llseek(4, 0, [0], SEEK_SET) = 0
9939  14:52:49.165370 write(5, "\v", 1) = 1
9939  14:52:49.165415 read(5,  <unfinished ...>
9937  14:52:49.165445 read(4, "\v", 1)  = 1
9937  14:52:49.165494 write(4, "\1\0\0\0", 4) = 4
9939  14:52:49.165539 <... read resumed> "\1\0\0\0", 4) = 4
9939  14:52:49.165571 write(5, "\v", 1) = 1
9939  14:52:49.165613 read(5,  <unfinished ...>
9937  14:52:49.165715 read(4, "\v", 1)  = 1
9937  14:52:49.165766 write(4, "\1\0\0\0", 4) = 4
9939  14:52:49.165812 <... read resumed> "\1\0\0\0", 4) = 4
9939  14:52:49.165844 write(5, "\r", 1) = 1
9939  14:52:49.165887 read(5,  <unfinished ...>
9937  14:52:49.165915 read(4, "\r", 1)  = 1
9937  14:52:49.165945 select(6, [5], NULL, NULL, {60, 0}) = 1 (in [5], left {60, 0})
9937  14:52:49.165945 accept(5, {sa_family=AF_INET, sin_port=htons(41426), sin_addr=inet_addr("127.0.0.1")}, [16]) = 6
9937  14:52:49.166033 write(4, "\1", 1) = 1
9939  14:52:49.166081 <... read resumed> "\1", 1) = 1
9939  14:52:49.166118 recvmsg(5,  <unfinished ...>
9937  14:52:49.166154 sendmsg(4, {msg_name(0)=NULL, msg_iov(1)=[{"\0", 1}], msg_controllen=16, {cmsg_len=16, cmsg_level=SOL_SOCKET, cmsg_type=SCM_RIGHTS, {6}}, msg_flags=0}, 0) = 1
9939  14:52:49.166228 <... recvmsg resumed> {msg_name(0)=NULL, msg_iov(1)=[{"\0", 1}], msg_controllen=16, {cmsg_len=16, cmsg_level=SOL_SOCKET, cmsg_type=SCM_RIGHTS, {6}}, msg_flags=0}, 0) = 1
9939  14:52:49.166361 setsockopt(6, SOL_SOCKET, SO_KEEPALIVE, [1], 4) = 0
9939  14:52:49.166418 setsockopt(6, SOL_IP, IP_TOS, [8], 4) = 0
9939  14:52:49.166468 setsockopt(6, SOL_SOCKET, SO_LINGER, {onoff=1, linger=32767}, 8) = 0
9939  14:52:49.166517 rt_sigaction(SIGALRM, {0x805cad0, ~[RTMIN RT_1], 0}, NULL, 8) = 0
9939  14:52:49.166594 alarm(300)        = 300
9939  14:52:49.166652 write(0, "150 Ok to send data.\r\n", 22) = 22
9939  14:52:49.166924 read(6, "assasaaa\na\na\na\na\n", 65536) = 17
9939  14:52:49.166986 write(4, "assasaaa\na\na\na\na\n", 17) = 17
9939  14:52:49.167052 read(6, "", 65536) = 0
9939  14:52:49.167097 rt_sigaction(SIGALRM, {0x805cad0, ~[RTMIN RT_1], 0}, NULL, 8) = 0
9939  14:52:49.167156 alarm(300)        = 300
9939  14:52:49.167199 close(6)          = 0
9939  14:52:49.167289 alarm(0)          = 300
9939  14:52:49.167342 gettimeofday({1495651969, 167357}, NULL) = 0
9939  14:52:49.167408 gettimeofday({1495651969, 167425}, NULL) = 0
9939  14:52:49.167464 fcntl64(3, F_SETLKW64, {type=F_WRLCK, whence=SEEK_SET, start=0, len=0}, 0xbfd236b4) = 0
9939  14:52:49.167529 write(3, "Wed May 24 14:52:49 2017 [pid 9939] [msfadmin] OK UPLOAD: Client \"127.0.0.1\", \"/home/msfadmin/myfile35\", 17 bytes, 6.51Kbyte/sec\n", 129) = 129
9939  14:52:49.167619 fcntl64(3, F_SETLK64, {type=F_UNLCK, whence=SEEK_SET, start=0, len=0}, 0xbfd236bc) = 0
9939  14:52:49.167682 write(0, "226 Transfer complete.\r\n", 24) = 24
9939  14:52:49.167861 write(5, "\n", 1) = 1
9939  14:52:49.167913 read(5,  <unfinished ...>
9937  14:52:49.167944 close(6)          = 0
9937  14:52:49.168021 read(4, "\n", 1)  = 1
9937  14:52:49.168072 close(5)          = 0
9937  14:52:49.168118 write(4, "\1", 1) = 1
9939  14:52:49.168164 <... read resumed> "\1", 1) = 1
9939  14:52:49.168239 close(4)          = 0
9939  14:52:49.168303 rt_sigaction(SIGALRM, {0x805cad0, ~[RTMIN RT_1], 0}, NULL, 8) = 0
9939  14:52:49.168363 alarm(300)        = 0
9939  14:52:49.168412 recv(0,  <unfinished ...>
9937  14:52:49.168446 read(4,  <unfinished ...>
9939  14:52:49.681668 <... recv resumed> "TYPE A\r\n", 4096, MSG_PEEK) = 8
9939  14:52:49.681935 read(0, "TYPE A\r\n", 8) = 8
9939  14:52:49.682181 write(0, "200 Switching to ASCII mode.\r\n", 30) = 30
9939  14:52:49.682573 rt_sigaction(SIGALRM, {0x805cad0, ~[RTMIN RT_1], 0}, NULL, 8) = 0
9939  14:52:49.682696 alarm(300)        = 299
9939  14:52:49.682762 recv(0, "PASV\r\n", 4096, MSG_PEEK) = 6
9939  14:52:49.682814 read(0, "PASV\r\n", 6) = 6
9939  14:52:49.682866 write(5, "\n", 1) = 1
9939  14:52:49.682918 read(5,  <unfinished ...>
9937  14:52:49.682950 <... read resumed> "\n", 1) = 1
9937  14:52:49.682987 write(4, "\1", 1) = 1
9939  14:52:49.683032 <... read resumed> "\1", 1) = 1
9939  14:52:49.683063 write(5, "\f", 1) = 1
9939  14:52:49.683106 read(5,  <unfinished ...>
9937  14:52:49.683136 read(4, "\f", 1)  = 1
9937  14:52:49.683187 socket(PF_INET, SOCK_STREAM, IPPROTO_TCP) = 5
9937  14:52:49.683248 setsockopt(5, SOL_SOCKET, SO_REUSEADDR, [1], 4) = 0
9937  14:52:49.683306 bind(5, {sa_family=AF_INET, sin_port=htons(37828), sin_addr=inet_addr("127.0.0.1")}, 16) = 0
9937  14:52:49.683418 listen(5, 1)      = 0
9937  14:52:49.683490 write(4, "\304\223\0\0", 4) = 4
9939  14:52:49.683540 <... read resumed> "\304\223\0\0", 4) = 4
9939  14:52:49.683594 write(0, "227 Entering Passive Mode (127,0,0,1,147,196).\r\n", 48) = 48
9939  14:52:49.684010 rt_sigaction(SIGALRM, {0x805cad0, ~[RTMIN RT_1], 0}, NULL, 8) = 0
9939  14:52:49.684083 alarm(300)        = 300
9939  14:52:49.684133 recv(0, "NLST\r\n", 4096, MSG_PEEK) = 6
9939  14:52:49.684183 read(0, "NLST\r\n", 6) = 6
9939  14:52:49.684245 write(5, "\v", 1) = 1
9939  14:52:49.684291 read(5,  <unfinished ...>
9937  14:52:49.684322 read(4, "\v", 1)  = 1
9937  14:52:49.684431 write(4, "\1\0\0\0", 4) = 4
9939  14:52:49.684483 <... read resumed> "\1\0\0\0", 4) = 4
9939  14:52:49.684536 open(".", O_RDONLY|O_NONBLOCK|O_LARGEFILE|O_DIRECTORY|0x80000) = 4
9939  14:52:49.684592 fstat64(4, {st_mode=S_IFDIR|0755, st_size=12288, ...}) = 0
9939  14:52:49.684667 fcntl64(4, F_GETFD) = 0x1 (flags FD_CLOEXEC)
9939  14:52:49.684724 write(5, "\v", 1 <unfinished ...>
9937  14:52:49.684755 read(4,  <unfinished ...>
9939  14:52:49.684780 <... write resumed> ) = 1
9937  14:52:49.684806 <... read resumed> "\v", 1) = 1
9939  14:52:49.684835 read(5,  <unfinished ...>
9937  14:52:49.684862 write(4, "\1\0\0\0", 4) = 4
9939  14:52:49.684934 <... read resumed> "\1\0\0\0", 4) = 4
9939  14:52:49.684967 write(5, "\v", 1 <unfinished ...>
9937  14:52:49.684996 read(4,  <unfinished ...>
9939  14:52:49.685019 <... write resumed> ) = 1
9937  14:52:49.685044 <... read resumed> "\v", 1) = 1
9939  14:52:49.685073 read(5,  <unfinished ...>
9937  14:52:49.685099 write(4, "\1\0\0\0", 4) = 4
9939  14:52:49.685145 <... read resumed> "\1\0\0\0", 4) = 4
9939  14:52:49.685178 write(5, "\r", 1 <unfinished ...>
9937  14:52:49.685207 read(4,  <unfinished ...>
9939  14:52:49.685231 <... write resumed> ) = 1
9937  14:52:49.685255 <... read resumed> "\r", 1) = 1
9937  14:52:49.685289 select(6, [5], NULL, NULL, {60, 0} <unfinished ...>
9939  14:52:49.685374 read(5,  <unfinished ...>
9937  14:52:49.685408 <... select resumed> ) = 1 (in [5], left {60, 0})
9937  14:52:49.685451 accept(5, {sa_family=AF_INET, sin_port=htons(49305), sin_addr=inet_addr("127.0.0.1")}, [16]) = 6
9937  14:52:49.685547 write(4, "\1", 1) = 1
9939  14:52:49.685593 <... read resumed> "\1", 1) = 1
9939  14:52:49.685629 recvmsg(5,  <unfinished ...>
9937  14:52:49.685666 sendmsg(4, {msg_name(0)=NULL, msg_iov(1)=[{"\0", 1}], msg_controllen=16, {cmsg_len=16, cmsg_level=SOL_SOCKET, cmsg_type=SCM_RIGHTS, {6}}, msg_flags=0}, 0) = 1
9939  14:52:49.685739 <... recvmsg resumed> {msg_name(0)=NULL, msg_iov(1)=[{"\0", 1}], msg_controllen=16, {cmsg_len=16, cmsg_level=SOL_SOCKET, cmsg_type=SCM_RIGHTS, {6}}, msg_flags=0}, 0) = 1
9939  14:52:49.685795 setsockopt(6, SOL_SOCKET, SO_KEEPALIVE, [1], 4) = 0
9939  14:52:49.685824 setsockopt(6, SOL_IP, IP_TOS, [8], 4) = 0
9939  14:52:49.685831 setsockopt(6, SOL_SOCKET, SO_LINGER, {onoff=1, linger=32767}, 8) = 0
9939  14:52:49.685886 rt_sigaction(SIGALRM, {0x805cad0, ~[RTMIN RT_1], 0}, NULL, 8) = 0
9939  14:52:49.685945 alarm(300 <unfinished ...>
9937  14:52:49.685972 close(6 <unfinished ...>
9939  14:52:49.685999 <... alarm resumed> ) = 300
9937  14:52:49.686025 <... close resumed> ) = 0
9939  14:52:49.686121 write(0, "150 Here comes the directory listing.\r\n", 39 <unfinished ...>
9937  14:52:49.686168 read(4,  <unfinished ...>
9939  14:52:49.686312 <... write resumed> ) = 39
9939  14:52:49.686364 getdents64(4, /* 61 entries */, 4096) = 1992
9939  14:52:49.687128 getdents64(4, /* 0 entries */, 4096) = 0
9939  14:52:49.687217 open("/proc/meminfo", O_RDONLY) = 7
