17374 16:14:33.381485 rt_sigaction(SIGCHLD, {0x805cad0, ~[RTMIN RT_1], 0}, NULL, 8) = 0
17374 16:14:33.381485 write(4, "\1", 1 <unfinished ...>
17375 16:14:33.381485 <... read resumed> "\1", 1) = 1
17374 16:14:33.381485 <... write resumed> ) = 1
17375 16:14:33.381485 exit_group(0)     = ?
17374 16:14:33.381485 --- SIGCHLD (Child exited) @ 0 (0) ---
17374 16:14:33.381485 sigreturn()       = ? (mask now [])
17374 16:14:33.381485 wait4(-1, [{WIFEXITED(s) && WEXITSTATUS(s) == 0}], 0, NULL) = 17375
17374 16:14:33.381485 close(4)          = 0
17374 16:14:33.381485 socketpair(PF_FILE, SOCK_STREAM, 0, [4, 5]) = 0
17374 16:14:33.381485 rt_sigaction(SIGCHLD, {0x805cad0, ~[RTMIN RT_1], 0}, NULL, 8) = 0
17374 16:14:33.381485 rt_sigaction(SIGALRM, {0x805cb10, ~[RTMIN RT_1], 0}, NULL, 8) = 0
17374 16:14:33.381485 clone(child_stack=0, flags=CLONE_CHILD_CLEARTID|CLONE_CHILD_SETTID|SIGCHLD, child_tidptr=0xb7dc66f8) = 17376
17376 16:14:33.381485 prctl(0x1, 0x9, 0, 0, 0) = 0
17376 16:14:33.381485 close(4)          = 0
17376 16:14:33.381485 open("/etc/passwd", O_RDONLY|0x80000 /* O_??? */) = 4
17376 16:14:33.381485 _llseek(4, 0, [0], SEEK_CUR) = 0
17376 16:14:33.381485 fstat64(4, {st_mode=S_IFREG|0644, st_size=1624, ...}) = 0
17376 16:14:33.381485 mmap2(NULL, 1624, PROT_READ, MAP_SHARED, 4, 0) = 0xb7f60000
17376 16:14:33.381485 _llseek(4, 1624, [1624], SEEK_SET) = 0
17376 16:14:33.381485 munmap(0xb7f60000, 1624) = 0
17376 16:14:33.381485 close(4)          = 0
17376 16:14:33.381485 getuid32()        = 0
17376 16:14:33.381485 open("/etc/passwd", O_RDONLY|0x80000 /* O_??? */) = 4
17376 16:14:33.381485 _llseek(4, 0, [0], SEEK_CUR) = 0
17376 16:14:33.381485 fstat64(4, {st_mode=S_IFREG|0644, st_size=1624, ...}) = 0
17376 16:14:33.381485 mmap2(NULL, 1624, PROT_READ, MAP_SHARED, 4, 0) = 0xb7f60000
17376 16:14:33.381485 _llseek(4, 1624, [1624], SEEK_SET) = 0
17376 16:14:33.381485 munmap(0xb7f60000, 1624) = 0
17376 16:14:33.381485 close(4)          = 0
17376 16:14:33.384586 open("/proc/sys/kernel/ngroups_max", O_RDONLY) = 4
17376 16:14:33.384646 read(4, "65536\n", 31) = 6
17376 16:14:33.384678 close(4)          = 0
17376 16:14:33.384714 socket(PF_FILE, SOCK_STREAM, 0) = 4
17376 16:14:33.384746 fcntl64(4, F_SETFL, O_RDWR|O_NONBLOCK) = 0
17376 16:14:33.384776 connect(4, {sa_family=AF_FILE, path="/var/run/nscd/socket"}, 110) = -1 ENOENT (No such file or directory)
17376 16:14:33.384823 close(4)          = 0
17376 16:14:33.384854 socket(PF_FILE, SOCK_STREAM, 0) = 4
17376 16:14:33.384881 fcntl64(4, F_SETFL, O_RDWR|O_NONBLOCK) = 0
17376 16:14:33.384910 connect(4, {sa_family=AF_FILE, path="/var/run/nscd/socket"}, 110) = -1 ENOENT (No such file or directory)
17376 16:14:33.384950 close(4)          = 0
17376 16:14:33.385003 open("/etc/group", O_RDONLY|0x80000 /* O_??? */) = 4
17376 16:14:33.385042 _llseek(4, 0, [0], SEEK_CUR) = 0
17376 16:14:33.385092 fstat64(4, {st_mode=S_IFREG|0644, st_size=886, ...}) = 0
17376 16:14:33.385132 mmap2(NULL, 886, PROT_READ, MAP_SHARED, 4, 0) = 0xb7f60000
17376 16:14:33.385161 _llseek(4, 886, [886], SEEK_SET) = 0
17376 16:14:33.385235 fstat64(4, {st_mode=S_IFREG|0644, st_size=886, ...}) = 0
17376 16:14:33.385280 munmap(0xb7f60000, 886) = 0
17376 16:14:33.385315 close(4)          = 0
17376 16:14:33.385344 setgroups32(13, [1000, 4, 20, 24, 25, 29, 30, 44, 46, 107, 111, 112, 119]) = 0
17376 16:14:33.385383 geteuid32()       = 0
17376 16:14:33.385413 getegid32()       = 0
17376 16:14:33.385440 setregid32(-1, 1000) = 0
17376 16:14:33.385469 setreuid32(-1, 1000) = 0
17376 16:14:33.385498 chdir("/home/msfadmin") = 0
17376 16:14:33.385528 setreuid32(-1, 0) = 0
17376 16:14:33.385554 setregid32(-1, 0) = 0
17376 16:14:33.385583 setgid32(1000)    = 0
17376 16:14:33.385610 setuid32(1000)    = 0
17376 16:14:33.385638 setrlimit(RLIMIT_NPROC, {rlim_cur=0, rlim_max=0}) = 0
17376 16:14:33.385672 mmap2(NULL, 12288, PROT_READ|PROT_WRITE, MAP_PRIVATE|MAP_ANONYMOUS, -1, 0) = 0xb7f5e000
17376 16:14:33.385702 mprotect(0xb7f60000, 4096, PROT_NONE) = 0
17376 16:14:33.385731 mprotect(0xb7f5e000, 4096, PROT_NONE) = 0
17376 16:14:33.385760 getcwd("/home/msfadmin", 4096) = 15
17376 16:14:33.385793 umask(022)        = 077
17376 16:14:33.385821 getcwd("/home/msfadmin", 4096) = 15
17376 16:14:33.385853 open(".message", O_RDONLY|O_NONBLOCK|O_LARGEFILE) = -1 ENOENT (No such file or directory)
17376 16:14:33.385902 write(0, "230 Login successful.\r\n", 23) = 23
17376 16:14:33.386101 rt_sigaction(SIGALRM, {0x805cad0, ~[RTMIN RT_1], 0}, NULL, 8) = 0
17376 16:14:33.386142 alarm(300)        = 0
17376 16:14:33.386314 mmap2(NULL, 12288, PROT_READ|PROT_WRITE, MAP_PRIVATE|MAP_ANONYMOUS, -1, 0) = 0xb7f5b000
17376 16:14:33.386345 mprotect(0xb7f5d000, 4096, PROT_NONE) = 0
17376 16:14:33.386375 mprotect(0xb7f5b000, 4096, PROT_NONE) = 0
17376 16:14:33.386407 recv(0, "TYPE I\r\n", 4096, MSG_PEEK) = 8
17376 16:14:33.386440 read(0, "TYPE I\r\n", 8) = 8
17376 16:14:33.386480 write(0, "200 Switching to Binary mode.\r\n", 31) = 31
17376 16:14:33.386582 rt_sigaction(SIGALRM, {0x805cad0, ~[RTMIN RT_1], 0}, NULL, 8) = 0
17376 16:14:33.386618 alarm(300)        = 300
17376 16:14:33.386670 recv(0, "PASV\r\n", 4096, MSG_PEEK) = 6
17376 16:14:33.386699 read(0, "PASV\r\n", 6) = 6
17376 16:14:33.386730 write(5, "\n", 1) = 1
17376 16:14:33.386759 read(5,  <unfinished ...>
17374 16:14:33.386790 close(5)          = 0
17374 16:14:33.386823 getuid32()        = 0
17374 16:14:33.386858 open("/etc/passwd", O_RDONLY|0x80000 /* O_??? */) = 5
17374 16:14:33.386894 _llseek(5, 0, [0], SEEK_CUR) = 0
17374 16:14:33.386925 fstat64(5, {st_mode=S_IFREG|0644, st_size=1624, ...}) = 0
17374 16:14:33.386966 mmap2(NULL, 1624, PROT_READ, MAP_SHARED, 5, 0) = 0xb7f60000
17374 16:14:33.386996 _llseek(5, 1624, [1624], SEEK_SET) = 0
17374 16:14:33.387036 munmap(0xb7f60000, 1624) = 0
17374 16:14:33.387066 close(5)          = 0
17374 16:14:33.387104 setgroups32(0, []) = 0
17374 16:14:33.387135 chdir("/usr/share/empty") = 0
17374 16:14:33.387166 chroot(".")       = 0
17374 16:14:33.387194 capset(NULL, NULL) = -1 EFAULT (Bad address)
17374 16:14:33.387227 prctl(0x8, 0, 0xbfa094a8, 0x80549a6, 0xbfa09490) = 0
17374 16:14:33.387275 prctl(0x8, 0x1, 0xbfa094a8, 0x8054a49, 0xbfa09490) = 0
17374 16:14:33.387308 setgid32(65534)   = 0
17374 16:14:33.387334 setuid32(65534)   = 0
17374 16:14:33.387361 capset(0x19980330, 0, {CAP_NET_BIND_SERVICE, CAP_NET_BIND_SERVICE, 0}) = 0
17374 16:14:33.387394 read(4, "\n", 1)  = 1
17374 16:14:33.387427 write(4, "\1", 1) = 1
17376 16:14:33.387457 <... read resumed> "\1", 1) = 1
17376 16:14:33.387479 write(5, "\f", 1) = 1
17376 16:14:33.387507 read(5,  <unfinished ...>
17374 16:14:33.387529 read(4, "\f", 1)  = 1
17374 16:14:33.387561 socket(PF_INET, SOCK_STREAM, IPPROTO_TCP) = 5
17374 16:14:33.387594 setsockopt(5, SOL_SOCKET, SO_REUSEADDR, [1], 4) = 0
17374 16:14:33.387624 gettimeofday({1495656873, 387642}, NULL) = 0
17374 16:14:33.387674 bind(5, {sa_family=AF_INET, sin_port=htons(55057), sin_addr=inet_addr("127.0.0.1")}, 16) = 0
17374 16:14:33.387711 listen(5, 1)      = 0
17374 16:14:33.387743 write(4, "\21\327\0\0", 4 <unfinished ...>
17376 16:14:33.387769 <... read resumed> "\21\327\0\0", 4) = 4
17374 16:14:33.387788 <... write resumed> ) = 4
17376 16:14:33.387819 write(0, "227 Entering Passive Mode (127,0,0,1,215,17).\r\n", 47) = 47
17376 16:14:33.388083 rt_sigaction(SIGALRM, {0x805cad0, ~[RTMIN RT_1], 0}, NULL, 8) = 0
17376 16:14:33.388122 alarm(300)        = 300
17376 16:14:33.388174 recv(0, "STOR myfile17\r\n", 4096, MSG_PEEK) = 15
17376 16:14:33.388206 read(0, "STOR myfile17\r\n", 15) = 15
17376 16:14:33.388267 write(5, "\v", 1) = 1
17376 16:14:33.388298 read(5,  <unfinished ...>
17374 16:14:33.388321 read(4, "\v", 1)  = 1
17374 16:14:33.388351 write(4, "\1\0\0\0", 4) = 4
17376 16:14:33.388380 <... read resumed> "\1\0\0\0", 4) = 4
17376 16:14:33.388405 gettimeofday({1495656873, 388422}, NULL) = 0
17376 16:14:33.388445 getcwd("/home/msfadmin", 4096) = 15
17376 16:14:33.388477 open("myfile17", O_WRONLY|O_CREAT|O_NONBLOCK|O_LARGEFILE, 0666) = 4
17376 16:14:33.388510 fstat64(4, {st_mode=S_IFREG|0644, st_size=17, ...}) = 0
17376 16:14:33.388548 fcntl64(4, F_GETFL) = 0x8801 (flags O_WRONLY|O_NONBLOCK|O_LARGEFILE)
17376 16:14:33.388577 fcntl64(4, F_SETFL, O_WRONLY|O_LARGEFILE) = 0
17376 16:14:33.388604 fcntl64(4, F_SETLKW64, {type=F_WRLCK, whence=SEEK_SET, start=0, len=0}, 0xbfa093f4) = 0
17376 16:14:33.388641 ftruncate64(4, 0) = 0
17376 16:14:33.388682 _llseek(4, 0, [0], SEEK_SET) = 0
17376 16:14:33.388712 write(5, "\v", 1) = 1
17376 16:14:33.388740 read(5,  <unfinished ...>
17374 16:14:33.388763 read(4, "\v", 1)  = 1
17374 16:14:33.388791 write(4, "\1\0\0\0", 4) = 4
17376 16:14:33.388820 <... read resumed> "\1\0\0\0", 4) = 4
17376 16:14:33.388843 write(5, "\v", 1) = 1
17376 16:14:33.388870 read(5,  <unfinished ...>
17374 16:14:33.388892 read(4, "\v", 1)  = 1
17374 16:14:33.388920 write(4, "\1\0\0\0", 4) = 4
17376 16:14:33.388947 <... read resumed> "\1\0\0\0", 4) = 4
17376 16:14:33.388970 write(5, "\r", 1) = 1
17376 16:14:33.388997 read(5,  <unfinished ...>
17374 16:14:33.389019 read(4, "\r", 1)  = 1
17374 16:14:33.389051 select(6, [5], NULL, NULL, {60, 0}) = 1 (in [5], left {60, 0})
17374 16:14:33.389090 accept(5, {sa_family=AF_INET, sin_port=htons(36131), sin_addr=inet_addr("127.0.0.1")}, [16]) = 6
17374 16:14:33.389138 write(4, "\1", 1) = 1
17376 16:14:33.389167 <... read resumed> "\1", 1) = 1
17376 16:14:33.389211 recvmsg(5,  <unfinished ...>
17374 16:14:33.389243 sendmsg(4, {msg_name(0)=NULL, msg_iov(1)=[{"\0", 1}], msg_controllen=16, {cmsg_len=16, cmsg_level=SOL_SOCKET, cmsg_type=SCM_RIGHTS, {6}}, msg_flags=0}, 0) = 1
17376 16:14:33.389283 <... recvmsg resumed> {msg_name(0)=NULL, msg_iov(1)=[{"\0", 1}], msg_controllen=16, {cmsg_len=16, cmsg_level=SOL_SOCKET, cmsg_type=SCM_RIGHTS, {6}}, msg_flags=0}, 0) = 1
17376 16:14:33.389316 setsockopt(6, SOL_SOCKET, SO_KEEPALIVE, [1], 4) = 0
17376 16:14:33.389347 setsockopt(6, SOL_IP, IP_TOS, [8], 4) = 0
17376 16:14:33.389377 setsockopt(6, SOL_SOCKET, SO_LINGER, {onoff=1, linger=32767}, 8) = 0
17376 16:14:33.389406 rt_sigaction(SIGALRM, {0x805cad0, ~[RTMIN RT_1], 0}, NULL, 8) = 0
17376 16:14:33.389439 alarm(300)        = 300
17376 16:14:33.389493 write(0, "150 Ok to send data.\r\n", 22) = 22
17376 16:14:33.389655 mmap2(NULL, 77824, PROT_READ|PROT_WRITE, MAP_PRIVATE|MAP_ANONYMOUS, -1, 0) = 0xb7d95000
17376 16:14:33.389689 mprotect(0xb7da7000, 4096, PROT_NONE) = 0
17376 16:14:33.389720 mprotect(0xb7d95000, 4096, PROT_NONE) = 0
17376 16:14:33.389747 read(6, "assasaaa\na\na\na\na\n", 65536) = 17
17376 16:14:33.389781 write(4, "assasaaa\na\na\na\na\n", 17) = 17
17376 16:14:33.389819 read(6, "", 65536) = 0
17376 16:14:33.389846 rt_sigaction(SIGALRM, {0x805cad0, ~[RTMIN RT_1], 0}, NULL, 8) = 0
17376 16:14:33.389880 alarm(300)        = 300
17376 16:14:33.389928 close(6)          = 0
17376 16:14:33.389954 alarm(0)          = 300
17376 16:14:33.389992 gettimeofday({1495656873, 390009}, NULL) = 0
17376 16:14:33.390043 getpid()          = 17376
17376 16:14:33.390074 gettimeofday({1495656873, 390115}, NULL) = 0
17376 16:14:33.390150 fcntl64(3, F_SETLKW64, {type=F_WRLCK, whence=SEEK_SET, start=0, len=0}, 0xbfa09394) = 0
17376 16:14:33.390202 write(3, "Wed May 24 16:14:33 2017 [pid 17376] [msfadmin] OK UPLOAD: Client \"127.0.0.1\", \"/home/msfadmin/myfile17\", 17 bytes, 9.81Kbyte/sec\n", 130) = 130
17376 16:14:33.390254 fcntl64(3, F_SETLK64, {type=F_UNLCK, whence=SEEK_SET, start=0, len=0}, 0xbfa0939c) = 0
17376 16:14:33.390290 write(0, "226 Transfer complete.\r\n", 24) = 24
17376 16:14:33.390394 write(5, "\n", 1) = 1
17376 16:14:33.390427 read(5,  <unfinished ...>
17374 16:14:33.390450 close(6)          = 0
17374 16:14:33.390513 read(4, "\n", 1)  = 1
17374 16:14:33.390544 close(5)          = 0
17374 16:14:33.390572 write(4, "\1", 1) = 1
17376 16:14:33.390601 <... read resumed> "\1", 1) = 1
17376 16:14:33.390623 close(4)          = 0
17376 16:14:33.390652 rt_sigaction(SIGALRM, {0x805cad0, ~[RTMIN RT_1], 0}, NULL, 8) = 0
17376 16:14:33.390684 alarm(300)        = 0
17376 16:14:33.390735 recv(0,  <unfinished ...>
17374 16:14:33.390759 read(4,  <unfinished ...>
17376 16:14:33.925474 <... recv resumed> "TYPE I\r\n", 4096, MSG_PEEK) = 8
17376 16:14:33.925684 read(0, "TYPE I\r\n", 8) = 8
17376 16:14:33.925894 write(0, "200 Switching to Binary mode.\r\n", 31) = 31
17376 16:14:33.926322 rt_sigaction(SIGALRM, {0x805cad0, ~[RTMIN RT_1], 0}, NULL, 8) = 0
17376 16:14:33.926434 alarm(300)        = 299
17376 16:14:33.926574 recv(0, "PASV\r\n", 4096, MSG_PEEK) = 6
17376 16:14:33.926653 read(0, "PASV\r\n", 6) = 6
17376 16:14:33.926733 write(5, "\n", 1) = 1
17376 16:14:33.926813 read(5,  <unfinished ...>
17374 16:14:33.926874 <... read resumed> "\n", 1) = 1
17374 16:14:33.926938 write(4, "\1", 1) = 1
17376 16:14:33.927068 <... read resumed> "\1", 1) = 1
17376 16:14:33.927133 write(5, "\f", 1) = 1
17376 16:14:33.927204 read(5,  <unfinished ...>
17374 16:14:33.927263 read(4, "\f", 1)  = 1
17374 16:14:33.927342 socket(PF_INET, SOCK_STREAM, IPPROTO_TCP) = 5
17374 16:14:33.927489 setsockopt(5, SOL_SOCKET, SO_REUSEADDR, [1], 4) = 0
17374 16:14:33.927577 bind(5, {sa_family=AF_INET, sin_port=htons(23758), sin_addr=inet_addr("127.0.0.1")}, 16) = 0
17374 16:14:33.927671 listen(5, 1)      = 0
17374 16:14:33.927755 write(4, "\316\\\0\0", 4) = 4
17376 16:14:33.927833 <... read resumed> "\316\\\0\0", 4) = 4
17376 16:14:33.927913 write(0, "227 Entering Passive Mode (127,0,0,1,92,206).\r\n", 47) = 47
17376 16:14:33.928614 rt_sigaction(SIGALRM, {0x805cad0, ~[RTMIN RT_1], 0}, NULL, 8) = 0
17376 16:14:33.928717 alarm(300)        = 300
17376 16:14:33.928853 recv(0, "STOR myfile18\r\n", 4096, MSG_PEEK) = 15
17376 16:14:33.929008 read(0, "STOR myfile18\r\n", 15) = 15
17376 16:14:33.929103 write(5, "\v", 1) = 1
17376 16:14:33.929179 read(5,  <unfinished ...>
17374 16:14:33.929239 read(4, "\v", 1)  = 1
17374 16:14:33.929316 write(4, "\1\0\0\0", 4) = 4
17376 16:14:33.929392 <... read resumed> "\1\0\0\0", 4) = 4
17376 16:14:33.929453 gettimeofday({1495656873, 929498}, NULL) = 0
17376 16:14:33.929559 getcwd("/home/msfadmin", 4096) = 15
17376 16:14:33.929640 open("myfile18", O_WRONLY|O_CREAT|O_NONBLOCK|O_LARGEFILE, 0666) = 4
17376 16:14:33.929726 fstat64(4, {st_mode=S_IFREG|0644, st_size=17, ...}) = 0
17376 16:14:33.929828 fcntl64(4, F_GETFL) = 0x8801 (flags O_WRONLY|O_NONBLOCK|O_LARGEFILE)
17376 16:14:33.929964 fcntl64(4, F_SETFL, O_WRONLY|O_LARGEFILE) = 0
17376 16:14:33.930041 fcntl64(4, F_SETLKW64, {type=F_WRLCK, whence=SEEK_SET, start=0, len=0}, 0xbfa093f4) = 0
17376 16:14:33.930130 ftruncate64(4, 0) = 0
17376 16:14:33.930230 _llseek(4, 0, [0], SEEK_SET) = 0
17376 16:14:33.930307 write(5, "\v", 1) = 1
17376 16:14:33.930380 read(5,  <unfinished ...>
17374 16:14:33.930440 read(4, "\v", 1)  = 1
17374 16:14:33.930517 write(4, "\1\0\0\0", 4) = 4
17376 16:14:33.930593 <... read resumed> "\1\0\0\0", 4) = 4
17376 16:14:33.930653 write(5, "\v", 1) = 1
17376 16:14:33.930723 read(5,  <unfinished ...>
17374 16:14:33.930780 read(4, "\v", 1)  = 1
17374 16:14:33.930903 write(4, "\1\0\0\0", 4) = 4
17376 16:14:33.930989 <... read resumed> "\1\0\0\0", 4) = 4
17376 16:14:33.931050 write(5, "\r", 1) = 1
17376 16:14:33.931121 read(5,  <unfinished ...>
17374 16:14:33.931178 read(4, "\r", 1)  = 1
17374 16:14:33.931257 select(6, [5], NULL, NULL, {60, 0}) = 1 (in [5], left {60, 0})
17374 16:14:33.931390 accept(5, {sa_family=AF_INET, sin_port=htons(40450), sin_addr=inet_addr("127.0.0.1")}, [16]) = 6
17374 16:14:33.931502 write(4, "\1", 1) = 1
17376 16:14:33.931502 <... read resumed> "\1", 1) = 1
17376 16:14:33.931502 recvmsg(5,  <unfinished ...>
17374 16:14:33.931502 sendmsg(4, {msg_name(0)=NULL, msg_iov(1)=[{"\0", 1}], msg_controllen=16, {cmsg_len=16, cmsg_level=SOL_SOCKET, cmsg_type=SCM_RIGHTS, {6}}, msg_flags=0}, 0) = 1
17376 16:14:33.931502 <... recvmsg resumed> {msg_name(0)=NULL, msg_iov(1)=[{"\0", 1}], msg_controllen=16, {cmsg_len=16, cmsg_level=SOL_SOCKET, cmsg_type=SCM_RIGHTS, {6}}, msg_flags=0}, 0) = 1
17376 16:14:33.931502 setsockopt(6, SOL_SOCKET, SO_KEEPALIVE, [1], 4) = 0
17376 16:14:33.931502 setsockopt(6, SOL_IP, IP_TOS, [8], 4) = 0
17376 16:14:33.931502 setsockopt(6, SOL_SOCKET, SO_LINGER, {onoff=1, linger=32767}, 8) = 0
17376 16:14:33.931502 rt_sigaction(SIGALRM, {0x805cad0, ~[RTMIN RT_1], 0}, NULL, 8) = 0
17376 16:14:33.931502 alarm(300)        = 300
17376 16:14:33.931502 write(0, "150 Ok to send data.\r\n", 22) = 22
17376 16:14:33.931502 read(6, "assasaaa\na\na\na\na\n", 65536) = 17
17376 16:14:33.931502 write(4, "assasaaa\na\na\na\na\n", 17) = 17
17376 16:14:33.931502 read(6, "", 65536) = 0
17376 16:14:33.931502 rt_sigaction(SIGALRM, {0x805cad0, ~[RTMIN RT_1], 0}, NULL, 8) = 0
17376 16:14:33.931502 alarm(300)        = 300
17376 16:14:33.931502 close(6)          = 0
17376 16:14:33.931502 alarm(0)          = 300
17376 16:14:33.931502 gettimeofday({1495656873, 931502}, NULL) = 0
17376 16:14:33.931502 gettimeofday({1495656873, 931502}, NULL) = 0
17376 16:14:33.931502 fcntl64(3, F_SETLKW64, {type=F_WRLCK, whence=SEEK_SET, start=0, len=0} <unfinished ...>
17374 16:14:33.931502 close(6)          = 0
17376 16:14:33.931502 <... fcntl64 resumed> , 0xbfa09394) = 0
17376 16:14:33.931502 write(3, "Wed May 24 16:14:33 2017 [pid 17376] [msfadmin] OK UPLOAD: Client \"127.0.0.1\", \"/home/msfadmin/myfile18\", 17 bytes, 8.28Kbyte/sec\n", 130) = 130
17376 16:14:33.931502 fcntl64(3, F_SETLK64, {type=F_UNLCK, whence=SEEK_SET, start=0, len=0}, 0xbfa0939c) = 0
17376 16:14:33.934660 write(0, "226 Transfer complete.\r\n", 24) = 24
17376 16:14:33.935194 write(5, "\n", 1 <unfinished ...>
17374 16:14:33.935264 read(4,  <unfinished ...>
17376 16:14:33.935372 <... write resumed> ) = 1
17374 16:14:33.935429 <... read resumed> "\n", 1) = 1
17376 16:14:33.935490 read(5,  <unfinished ...>
17374 16:14:33.935543 close(5)          = 0
17374 16:14:33.935628 write(4, "\1", 1) = 1
17376 16:14:33.935704 <... read resumed> "\1", 1) = 1
17376 16:14:33.935763 close(4)          = 0
17376 16:14:33.935883 rt_sigaction(SIGALRM, {0x805cad0, ~[RTMIN RT_1], 0},  <unfinished ...>
17374 16:14:33.935961 read(4,  <unfinished ...>
17376 16:14:33.936011 <... rt_sigaction resumed> NULL, 8) = 0
17376 16:14:33.936069 alarm(300)        = 0
17376 16:14:33.936204 recv(0, "TYPE A\r\n", 4096, MSG_PEEK) = 8
17376 16:14:34.485702 read(0, "TYPE A\r\n", 8) = 8
17376 16:14:34.485959 write(0, "200 Switching to ASCII mode.\r\n", 30) = 30
17376 16:14:34.486390 rt_sigaction(SIGALRM, {0x805cad0, ~[RTMIN RT_1], 0}, NULL, 8) = 0
17376 16:14:34.486529 alarm(300)        = 299
17376 16:14:34.486670 recv(0, "PASV\r\n", 4096, MSG_PEEK) = 6
17376 16:14:34.486750 read(0, "PASV\r\n", 6) = 6
17376 16:14:34.486832 write(5, "\n", 1) = 1
17374 16:14:34.486913 <... read resumed> "\n", 1) = 1
17374 16:14:34.486976 write(4, "\1", 1) = 1
17374 16:14:34.487052 read(4,  <unfinished ...>
17376 16:14:34.487171 read(5, "\1", 1)  = 1
17376 16:14:34.487259 write(5, "\f", 1) = 1
17374 16:14:34.487332 <... read resumed> "\f", 1) = 1
17374 16:14:34.487396 socket(PF_INET, SOCK_STREAM, IPPROTO_TCP) = 5
17374 16:14:34.487487 setsockopt(5, SOL_SOCKET, SO_REUSEADDR, [1], 4) = 0
17374 16:14:34.487575 bind(5, {sa_family=AF_INET, sin_port=htons(9673), sin_addr=inet_addr("127.0.0.1")}, 16) = 0
17374 16:14:34.487668 listen(5, 1)      = 0
17374 16:14:34.487753 write(4, "\311%\0\0", 4) = 4
17374 16:14:34.487829 read(4,  <unfinished ...>
17376 16:14:34.487889 read(5, "\311%\0\0", 4) = 4
17376 16:14:34.487986 write(0, "227 Entering Passive Mode (127,0,0,1,37,201).\r\n", 47) = 47
17376 16:14:34.488639 rt_sigaction(SIGALRM, {0x805cad0, ~[RTMIN RT_1], 0}, NULL, 8) = 0
17376 16:14:34.488769 alarm(300)        = 300
17376 16:14:34.488907 recv(0, "NLST\r\n", 4096, MSG_PEEK) = 6
17376 16:14:34.488988 read(0, "NLST\r\n", 6) = 6
17376 16:14:34.489141 write(5, "\v", 1) = 1
17374 16:14:34.489223 <... read resumed> "\v", 1) = 1
17374 16:14:34.489284 write(4, "\1\0\0\0", 4) = 4
17374 16:14:34.489360 read(4,  <unfinished ...>
17376 16:14:34.489418 read(5, "\1\0\0\0", 4) = 4
17376 16:14:34.489513 open(".", O_RDONLY|O_NONBLOCK|O_LARGEFILE|O_DIRECTORY|0x80000) = 4
17376 16:14:34.489599 fstat64(4, {st_mode=S_IFDIR|0755, st_size=12288, ...}) = 0
17376 16:14:34.489701 fcntl64(4, F_GETFD) = 0x1 (flags FD_CLOEXEC)
17376 16:14:34.489784 write(5, "\v", 1) = 1
17374 16:14:34.489857 <... read resumed> "\v", 1) = 1
17374 16:14:34.489915 write(4, "\1\0\0\0", 4) = 4
17374 16:14:34.489997 read(4,  <unfinished ...>
17376 16:14:34.490060 read(5, "\1\0\0\0", 4) = 4
17376 16:14:34.490138 write(5, "\v", 1) = 1
17374 16:14:34.490207 <... read resumed> "\v", 1) = 1
17374 16:14:34.490265 write(4, "\1\0\0\0", 4) = 4
17374 16:14:34.490339 read(4,  <unfinished ...>
17376 16:14:34.490395 read(5, "\1\0\0\0", 4) = 4
17376 16:14:34.490536 write(5, "\r", 1) = 1
17374 16:14:34.490608 <... read resumed> "\r", 1) = 1
17374 16:14:34.490670 select(6, [5], NULL, NULL, {60, 0}) = 1 (in [5], left {60, 0})
17374 16:14:34.490767 accept(5, {sa_family=AF_INET, sin_port=htons(54623), sin_addr=inet_addr("127.0.0.1")}, [16]) = 6
17374 16:14:34.490891 write(4, "\1", 1) = 1
17374 16:14:34.491024 sendmsg(4, {msg_name(0)=NULL, msg_iov(1)=[{"\0", 1}], msg_controllen=16, {cmsg_len=16, cmsg_level=SOL_SOCKET, cmsg_type=SCM_RIGHTS, {6}}, msg_flags=0}, 0) = 1
17374 16:14:34.491137 close(6)          = 0
17374 16:14:34.491209 read(4,  <unfinished ...>
17376 16:14:34.491268 read(5, "\1", 1)  = 1
17376 16:14:34.491352 recvmsg(5, {msg_name(0)=NULL, msg_iov(1)=[{"\0", 1}], msg_controllen=16, {cmsg_len=16, cmsg_level=SOL_SOCKET, cmsg_type=SCM_RIGHTS, {6}}, msg_flags=0}, 0) = 1
17376 16:14:34.491458 setsockopt(6, SOL_SOCKET, SO_KEEPALIVE, [1], 4) = 0
17376 16:14:34.491519 setsockopt(6, SOL_IP, IP_TOS, [8], 4) = 0
17376 16:14:34.491519 setsockopt(6, SOL_SOCKET, SO_LINGER, {onoff=1, linger=32767}, 8) = 0
17376 16:14:34.491519 rt_sigaction(SIGALRM, {0x805cad0, ~[RTMIN RT_1], 0}, NULL, 8) = 0
17376 16:14:34.491519 alarm(300)        = 300
17376 16:14:34.491519 write(0, "150 Here comes the directory listing.\r\n", 39) = 39
17376 16:14:34.491519 getdents64(4, /* 61 entries */, 4096) = 1992
17376 16:14:34.491519 getdents64(4, /* 0 entries */, 4096) = 0
17376 16:14:34.491519 open("/proc/meminfo", O_RDONLY) = 7
17376 16:14:34.491519 fstat64(7, {st_mode=S_IFREG|0444, st_size=0, ...}) = 0
17376 16:14:34.491519 mmap2(NULL, 4096, PROT_READ|PROT_WRITE, MAP_PRIVATE|MAP_ANONYMOUS, -1, 0) = 0xb7f5a000
17376 16:14:34.491519 read(7, "MemTotal:      1035240 kB\nMemFree:        458600 kB\nBuffers:        126904 kB\nCached:         290104 kB\nSwapCached:          0 kB\nActive:         307312 kB\nInactive:       236300 kB\nHighTotal:      131008 kB\nHighFree:          244 kB\nLowTotal:       904232 kB\nLowFree:        458356 kB\nSwapTotal:           0 kB\nSwapFree:            0 kB\nDirty:             696 kB\nWriteback:           0 kB\nAnonPages:      126556 kB\nMapped:          52288 kB\nSlab:            21868 kB\nSReclaimable:    13048 kB\nSUnreclaim:       8820 kB\nPageTables:       1928 kB\nNFS_Unstable:        0 kB\nBounce:              0 kB\nCommitLimit:    517620 kB\nCommitted_AS:   631008 kB\nVmallocTotal:   118776 kB\nVmallocUsed:      3464 kB\nVmallocChunk:   114724 kB\nHugePages_Total:     0\nHugePages_Free:      0\nHugePages_Rsvd:      0\nHugePages_Surp:      0\nHugepagesize:     2048 kB\n", 1024) = 846
17376 16:14:34.491519 close(7)          = 0
