12107 15:14:58.924644 <... read resumed> "\1\0\0\0", 4) = 4
12107 15:14:58.924661 gettimeofday({1495653298, 924668}, NULL) = 0
12107 15:14:58.924682 getcwd("/home/msfadmin", 4096) = 15
12107 15:14:58.924706 open("myfile11", O_WRONLY|O_CREAT|O_NONBLOCK|O_LARGEFILE, 0666) = 4
12107 15:14:58.924733 fstat64(4, {st_mode=S_IFREG|0644, st_size=17, ...}) = 0
12107 15:14:58.924773 fcntl64(4, F_GETFL) = 0x8801 (flags O_WRONLY|O_NONBLOCK|O_LARGEFILE)
12107 15:14:58.924794 fcntl64(4, F_SETFL, O_WRONLY|O_LARGEFILE) = 0
12107 15:14:58.924813 fcntl64(4, F_SETLKW64, {type=F_WRLCK, whence=SEEK_SET, start=0, len=0}, 0xbf98db74) = 0
12107 15:14:58.924843 ftruncate64(4, 0) = 0
12107 15:14:58.924878 _llseek(4, 0, [0], SEEK_SET) = 0
12107 15:14:58.924899 write(5, "\v", 1) = 1
12107 15:14:58.924919 read(5,  <unfinished ...>
12105 15:14:58.924932 read(4, "\v", 1)  = 1
12105 15:14:58.924954 write(4, "\1\0\0\0", 4) = 4
12107 15:14:58.924973 <... read resumed> "\1\0\0\0", 4) = 4
12107 15:14:58.924987 write(5, "\v", 1) = 1
12107 15:14:58.925006 read(5,  <unfinished ...>
12105 15:14:58.925019 read(4, "\v", 1)  = 1
12105 15:14:58.925043 write(4, "\1\0\0\0", 4) = 4
12107 15:14:58.925063 <... read resumed> "\1\0\0\0", 4) = 4
12107 15:14:58.925077 write(5, "\r", 1) = 1
12107 15:14:58.925125 read(5,  <unfinished ...>
12105 15:14:58.925138 read(4, "\r", 1)  = 1
12105 15:14:58.925163 select(6, [5], NULL, NULL, {60, 0}) = 1 (in [5], left {60, 0})
12105 15:14:58.925197 accept(5, {sa_family=AF_INET, sin_port=htons(53535), sin_addr=inet_addr("127.0.0.1")}, [16]) = 6
12105 15:14:58.925240 write(4, "\1", 1) = 1
12107 15:14:58.925261 <... read resumed> "\1", 1) = 1
12107 15:14:58.925279 recvmsg(5,  <unfinished ...>
12105 15:14:58.925297 sendmsg(4, {msg_name(0)=NULL, msg_iov(1)=[{"\0", 1}], msg_controllen=16, {cmsg_len=16, cmsg_level=SOL_SOCKET, cmsg_type=SCM_RIGHTS, {6}}, msg_flags=0}, 0) = 1
12107 15:14:58.925334 <... recvmsg resumed> {msg_name(0)=NULL, msg_iov(1)=[{"\0", 1}], msg_controllen=16, {cmsg_len=16, cmsg_level=SOL_SOCKET, cmsg_type=SCM_RIGHTS, {6}}, msg_flags=0}, 0) = 1
12107 15:14:58.925360 setsockopt(6, SOL_SOCKET, SO_KEEPALIVE, [1], 4) = 0
12107 15:14:58.925383 setsockopt(6, SOL_IP, IP_TOS, [8], 4) = 0
12107 15:14:58.925407 setsockopt(6, SOL_SOCKET, SO_LINGER, {onoff=1, linger=32767}, 8) = 0
12107 15:14:58.925428 rt_sigaction(SIGALRM, {0x805cad0, ~[RTMIN RT_1], 0}, NULL, 8) = 0
12107 15:14:58.925454 alarm(300)        = 300
12107 15:14:58.925478 write(0, "150 Ok to send data.\r\n", 22) = 22
12107 15:14:58.925619 mmap2(NULL, 77824, PROT_READ|PROT_WRITE, MAP_PRIVATE|MAP_ANONYMOUS, -1, 0) = 0xb7db9000
12107 15:14:58.925648 mprotect(0xb7dcb000, 4096, PROT_NONE) = 0
12107 15:14:58.925672 mprotect(0xb7db9000, 4096, PROT_NONE) = 0
12107 15:14:58.925691 read(6, "assasaaa\na\na\na\na\n", 65536) = 17
12107 15:14:58.925718 write(4, "assasaaa\na\na\na\na\n", 17) = 17
12107 15:14:58.925748 read(6, "", 65536) = 0
12107 15:14:58.925769 rt_sigaction(SIGALRM, {0x805cad0, ~[RTMIN RT_1], 0}, NULL, 8) = 0
12107 15:14:58.925795 alarm(300)        = 300
12107 15:14:58.925814 close(6)          = 0
12107 15:14:58.925832 alarm(0)          = 300
12107 15:14:58.925850 gettimeofday({1495653298, 925857}, NULL) = 0
12107 15:14:58.925887 getpid()          = 12107
12107 15:14:58.925910 gettimeofday({1495653298, 925917}, NULL) = 0
12107 15:14:58.925942 fcntl64(3, F_SETLKW64, {type=F_WRLCK, whence=SEEK_SET, start=0, len=0}, 0xbf98db14) = 0
12107 15:14:58.925970 write(3, "Wed May 24 15:14:58 2017 [pid 12107] [msfadmin] OK UPLOAD: Client \"127.0.0.1\", \"/home/msfadmin/myfile11\", 17 bytes, 13.29Kbyte/sec\n", 131) = 131
12107 15:14:58.926008 fcntl64(3, F_SETLK64, {type=F_UNLCK, whence=SEEK_SET, start=0, len=0}, 0xbf98db1c) = 0
12107 15:14:58.926036 write(0, "226 Transfer complete.\r\n", 24) = 24
12107 15:14:58.926078 write(5, "\n", 1) = 1
12107 15:14:58.926078 read(5,  <unfinished ...>
12105 15:14:58.926078 close(6)          = 0
12105 15:14:58.926111 read(4, "\n", 1)  = 1
12105 15:14:58.926135 close(5)          = 0
12105 15:14:58.926155 write(4, "\1", 1) = 1
12107 15:14:58.926177 <... read resumed> "\1", 1) = 1
12107 15:14:58.926190 close(4)          = 0
12107 15:14:58.926211 rt_sigaction(SIGALRM, {0x805cad0, ~[RTMIN RT_1], 0}, NULL, 8) = 0
12107 15:14:58.926237 alarm(300)        = 0
12107 15:14:58.926258 recv(0,  <unfinished ...>
12105 15:14:58.926273 read(4,  <unfinished ...>
12107 15:14:59.429670 <... recv resumed> "TYPE I\r\n", 4096, MSG_PEEK) = 8
12107 15:14:59.429856 read(0, "TYPE I\r\n", 8) = 8
12107 15:14:59.430214 write(0, "200 Switching to Binary mode.\r\n", 31) = 31
12107 15:14:59.430417 rt_sigaction(SIGALRM, {0x805cad0, ~[RTMIN RT_1], 0}, NULL, 8) = 0
12107 15:14:59.430491 alarm(300)        = 299
12107 15:14:59.430531 recv(0, "PASV\r\n", 4096, MSG_PEEK) = 6
12107 15:14:59.430563 read(0, "PASV\r\n", 6) = 6
12107 15:14:59.430595 write(5, "\n", 1) = 1
12107 15:14:59.430627 read(5,  <unfinished ...>
12105 15:14:59.430679 <... read resumed> "\n", 1) = 1
12105 15:14:59.430709 write(4, "\1", 1) = 1
12107 15:14:59.430785 <... read resumed> "\1", 1) = 1
12107 15:14:59.430815 write(5, "\f", 1) = 1
12107 15:14:59.430842 read(5,  <unfinished ...>
12105 15:14:59.430861 read(4, "\f", 1)  = 1
12105 15:14:59.430894 socket(PF_INET, SOCK_STREAM, IPPROTO_TCP) = 5
12105 15:14:59.430932 setsockopt(5, SOL_SOCKET, SO_REUSEADDR, [1], 4) = 0
12105 15:14:59.430969 bind(5, {sa_family=AF_INET, sin_port=htons(24322), sin_addr=inet_addr("127.0.0.1")}, 16) = 0
12105 15:14:59.431009 listen(5, 1)      = 0
12105 15:14:59.431044 write(4, "\2_\0\0", 4) = 4
12107 15:14:59.431120 <... read resumed> "\2_\0\0", 4) = 4
12107 15:14:59.431187 write(0, "227 Entering Passive Mode (127,0,0,1,95,2).\r\n", 45) = 45
12107 15:14:59.431460 rt_sigaction(SIGALRM, {0x805cad0, ~[RTMIN RT_1], 0}, NULL, 8) = 0
12107 15:14:59.431505 alarm(300)        = 300
12107 15:14:59.431537 recv(0, "STOR myfile12\r\n", 4096, MSG_PEEK) = 15
12107 15:14:59.431569 read(0, "STOR myfile12\r\n", 15) = 15
12107 15:14:59.431668 write(5, "\v", 1) = 1
12107 15:14:59.431710 read(5,  <unfinished ...>
12105 15:14:59.431730 read(4, "\v", 1)  = 1
12105 15:14:59.431761 write(4, "\1\0\0\0", 4) = 4
12107 15:14:59.431790 <... read resumed> "\1\0\0\0", 4) = 4
12107 15:14:59.431811 gettimeofday({1495653299, 431821}, NULL) = 0
12107 15:14:59.431846 getcwd("/home/msfadmin", 4096) = 15
12107 15:14:59.431896 open("myfile12", O_WRONLY|O_CREAT|O_NONBLOCK|O_LARGEFILE, 0666) = 4
12107 15:14:59.431992 fstat64(4, {st_mode=S_IFREG|0644, st_size=17, ...}) = 0
12107 15:14:59.432042 fcntl64(4, F_GETFL) = 0x8801 (flags O_WRONLY|O_NONBLOCK|O_LARGEFILE)
12107 15:14:59.432072 fcntl64(4, F_SETFL, O_WRONLY|O_LARGEFILE) = 0
12107 15:14:59.432098 fcntl64(4, F_SETLKW64, {type=F_WRLCK, whence=SEEK_SET, start=0, len=0}, 0xbf98db74) = 0
12107 15:14:59.432163 ftruncate64(4, 0) = 0
12107 15:14:59.432212 _llseek(4, 0, [0], SEEK_SET) = 0
12107 15:14:59.432242 write(5, "\v", 1) = 1
12107 15:14:59.432270 read(5,  <unfinished ...>
12105 15:14:59.432290 read(4, "\v", 1)  = 1
12105 15:14:59.432321 write(4, "\1\0\0\0", 4) = 4
12107 15:14:59.432349 <... read resumed> "\1\0\0\0", 4) = 4
12107 15:14:59.432368 write(5, "\v", 1) = 1
12107 15:14:59.432394 read(5,  <unfinished ...>
12105 15:14:59.432412 read(4, "\v", 1)  = 1
12105 15:14:59.432492 write(4, "\1\0\0\0", 4) = 4
12107 15:14:59.432523 <... read resumed> "\1\0\0\0", 4) = 4
12107 15:14:59.432543 write(5, "\r", 1) = 1
12107 15:14:59.432569 read(5,  <unfinished ...>
12105 15:14:59.432587 read(4, "\r", 1)  = 1
12105 15:14:59.432619 select(6, [5], NULL, NULL, {60, 0}) = 1 (in [5], left {60, 0})
12105 15:14:59.432693 accept(5, {sa_family=AF_INET, sin_port=htons(32943), sin_addr=inet_addr("127.0.0.1")}, [16]) = 6
12105 15:14:59.432803 write(4, "\1", 1) = 1
12107 15:14:59.432835 <... read resumed> "\1", 1) = 1
12107 15:14:59.432858 recvmsg(5,  <unfinished ...>
12105 15:14:59.432881 sendmsg(4, {msg_name(0)=NULL, msg_iov(1)=[{"\0", 1}], msg_controllen=16, {cmsg_len=16, cmsg_level=SOL_SOCKET, cmsg_type=SCM_RIGHTS, {6}}, msg_flags=0}, 0) = 1
12107 15:14:59.432926 <... recvmsg resumed> {msg_name(0)=NULL, msg_iov(1)=[{"\0", 1}], msg_controllen=16, {cmsg_len=16, cmsg_level=SOL_SOCKET, cmsg_type=SCM_RIGHTS, {6}}, msg_flags=0}, 0) = 1
12107 15:14:59.432996 setsockopt(6, SOL_SOCKET, SO_KEEPALIVE, [1], 4) = 0
12107 15:14:59.433036 setsockopt(6, SOL_IP, IP_TOS, [8], 4) = 0
12107 15:14:59.433067 setsockopt(6, SOL_SOCKET, SO_LINGER, {onoff=1, linger=32767}, 8) = 0
12107 15:14:59.433097 rt_sigaction(SIGALRM, {0x805cad0, ~[RTMIN RT_1], 0}, NULL, 8) = 0
12107 15:14:59.433311 alarm(300)        = 300
12107 15:14:59.433349 write(0, "150 Ok to send data.\r\n", 22) = 22
12107 15:14:59.433526 read(6, "assasaaa\na\na\na\na\n", 65536) = 17
12107 15:14:59.433649 write(4, "assasaaa\na\na\na\na\n", 17) = 17
12107 15:14:59.433696 read(6, "", 65536) = 0
12107 15:14:59.433725 rt_sigaction(SIGALRM, {0x805cad0, ~[RTMIN RT_1], 0}, NULL, 8) = 0
12107 15:14:59.433762 alarm(300)        = 300
12107 15:14:59.433789 close(6)          = 0
12107 15:14:59.433813 alarm(0)          = 300
12107 15:14:59.433838 gettimeofday({1495653299, 433848}, NULL) = 0
12107 15:14:59.433878 gettimeofday({1495653299, 433888}, NULL) = 0
12107 15:14:59.433913 fcntl64(3, F_SETLKW64, {type=F_WRLCK, whence=SEEK_SET, start=0, len=0}, 0xbf98db14) = 0
12107 15:14:59.433951 write(3, "Wed May 24 15:14:59 2017 [pid 12107] [msfadmin] OK UPLOAD: Client \"127.0.0.1\", \"/home/msfadmin/myfile12\", 17 bytes, 8.03Kbyte/sec\n", 130) = 130
12107 15:14:59.434006 fcntl64(3, F_SETLK64, {type=F_UNLCK, whence=SEEK_SET, start=0, len=0}, 0xbf98db1c) = 0
12107 15:14:59.434045 write(0, "226 Transfer complete.\r\n", 24) = 24
12107 15:14:59.434232 write(5, "\n", 1) = 1
12107 15:14:59.434267 read(5,  <unfinished ...>
12105 15:14:59.434286 close(6)          = 0
12105 15:14:59.434336 read(4, "\n", 1)  = 1
12105 15:14:59.434419 close(5)          = 0
12105 15:14:59.434460 write(4, "\1", 1) = 1
12107 15:14:59.434492 <... read resumed> "\1", 1) = 1
12107 15:14:59.434510 close(4)          = 0
12107 15:14:59.434540 rt_sigaction(SIGALRM, {0x805cad0, ~[RTMIN RT_1], 0}, NULL, 8) = 0
12107 15:14:59.434575 alarm(300)        = 0
12107 15:14:59.434633 recv(0,  <unfinished ...>
12105 15:14:59.434660 read(4,  <unfinished ...>
12102 15:14:59.806616 <... read resumed> "\n", 1) = 1
12102 15:14:59.806851 stat64(".", {st_mode=S_IFDIR|0755, st_size=4096, ...}) = 0
12102 15:14:59.807008 stat64("/sbin/nohup", 0xbfd34678) = -1 ENOENT (No such file or directory)
12102 15:14:59.807099 stat64("/bin/nohup", 0xbfd34678) = -1 ENOENT (No such file or directory)
12102 15:14:59.807180 stat64("/usr/sbin/nohup", 0xbfd34678) = -1 ENOENT (No such file or directory)
12102 15:14:59.807329 stat64("/usr/bin/nohup", {st_mode=S_IFREG|0755, st_size=26336, ...}) = 0
12102 15:14:59.807475 stat64("/usr/bin/nohup", {st_mode=S_IFREG|0755, st_size=26336, ...}) = 0
12102 15:14:59.807641 rt_sigprocmask(SIG_BLOCK, [INT CHLD], [], 8) = 0
12102 15:14:59.807748 clone(child_stack=0, flags=CLONE_CHILD_CLEARTID|CLONE_CHILD_SETTID|SIGCHLD, child_tidptr=0xb7d846f8) = 12108
12108 15:14:59.808064 rt_sigprocmask(SIG_SETMASK, [], NULL, 8) = 0
12108 15:14:59.808183 rt_sigaction(SIGTSTP, {SIG_DFL}, {SIG_DFL}, 8) = 0
12108 15:14:59.808343 rt_sigaction(SIGTTIN, {SIG_DFL}, {SIG_DFL}, 8) = 0
12108 15:14:59.808436 rt_sigaction(SIGTTOU, {SIG_DFL}, {SIG_DFL}, 8) = 0
12108 15:14:59.808549 rt_sigaction(SIGINT, {SIG_DFL}, {SIG_DFL}, 8) = 0
12108 15:14:59.808663 rt_sigaction(SIGQUIT, {SIG_DFL}, {SIG_IGN}, 8) = 0
12108 15:14:59.809425 rt_sigaction(SIGCHLD, {SIG_DFL}, {0x807e540, [], 0}, 8) = 0
12108 15:14:59.809688 open("/dev/null", O_WRONLY|O_CREAT|O_TRUNC|O_LARGEFILE, 0666) = 7
12108 15:14:59.809976 dup2(7, 1)        = 1
12108 15:14:59.810081 close(7)          = 0
12108 15:14:59.810152 dup2(1, 2)        = 2
12108 15:14:59.810213 fcntl64(1, F_GETFD) = 0
12108 15:14:59.810298 execve("/usr/bin/nohup", ["nohup"], [/* 16 vars */]) = 0
12108 15:14:59.811542 brk(0)            = 0x804f000
12108 15:14:59.811744 access("/etc/ld.so.nohwcap", F_OK) = -1 ENOENT (No such file or directory)
12108 15:14:59.811865 mmap2(NULL, 8192, PROT_READ|PROT_WRITE, MAP_PRIVATE|MAP_ANONYMOUS, -1, 0) = 0xb7fbe000
12108 15:14:59.811955 access("/etc/ld.so.preload", R_OK) = -1 ENOENT (No such file or directory)
12108 15:14:59.812055 open("/etc/ld.so.cache", O_RDONLY) = 7
12108 15:14:59.812140 fstat64(7, {st_mode=S_IFREG|0644, st_size=29913, ...}) = 0
12108 15:14:59.812261 mmap2(NULL, 29913, PROT_READ, MAP_PRIVATE, 7, 0) = 0xb7fb6000
12108 15:14:59.812336 close(7)          = 0
12108 15:14:59.812411 access("/etc/ld.so.nohwcap", F_OK) = -1 ENOENT (No such file or directory)
12108 15:14:59.812549 open("/lib/tls/i686/cmov/libc.so.6", O_RDONLY) = 7
12108 15:14:59.812721 read(7, "\177ELF\1\1\1\0\0\0\0\0\0\0\0\0\3\0\3\0\1\0\0\0\260e\1\0004\0\0\0\4\307\24\0\0\0\0\0004\0 \0\n\0(\0D\0C\0\6\0\0\0004\0\0\0004\0\0\0004\0\0\0@\1\0\0@\1\0\0\5\0\0\0\4\0\0\0\3\0\0\0\2200\23\0\2200\23\0\2200\23\0\23\0\0\0\23\0\0\0\4\0\0\0\1\0\0\0\1\0\0\0\0\0\0\0\0\0\0\0\0\0\0\0(\215\24\0(\215\24\0\5\0\0\0\0\20\0\0\1\0\0\0\354\221\24\0\354\221\24\0\354\221\24\0\260\'\0\0\204T\0\0\6\0\0\0\0\20\0\0\2\0\0\0\234\255\24\0\234\255\24\0\234\255\24\0\360\0\0\0\360\0\0\0\6\0\0\0\4\0\0\0\4\0\0\0t\1\0\0t\1\0\0t\1\0\0 \0\0\0 \0\0\0\4\0\0\0\4\0\0\0\7\0\0\0\354\221\24\0\354\221\24\0\354\221\24\0\10\0\0\0,\0\0\0\4\0\0\0\4\0\0\0P\345td\2440\23\0\2440\23\0\2440\23\0\354+\0\0\354+\0\0\4\0\0\0\4\0\0\0Q\345td\0\0\0\0\0\0\0\0\0\0\0\0\0\0\0\0\0\0\0\0\6\0\0\0\4\0\0\0R\345td\354\221\24\0\354\221\24\0\354\221\24\0\10\36\0\0\10\36\0\0\4\0\0\0\1\0\0\0\4\0\0\0\20\0\0\0\1\0\0\0GNU\0\0\0\0\0\2\0\0\0\6\0\0\0\10\0\0\0\363\3\0\0\n\0\0\0\0\2\0\0\16\0\0\0\2400\20D\200 \2\1\214\3\346\220AE\210\0\204\0\10\0A\200\0@\300\200\0\f\2\f\0\0010\0\10@\"\10\246\4\210H6l\240\0260\0&\204\200\216\4\10B$\2\f\246\244\32\6c\310\0\302 \1\300\0R\0!\201\10\4\n  \250\24\0\24(`\0\0P\240\312DB", 512) = 512
12108 15:14:59.813424 fstat64(7, {st_mode=S_IFREG|0755, st_size=1364388, ...}) = 0
12108 15:14:59.813565 mmap2(NULL, 1369712, PROT_READ|PROT_EXEC, MAP_PRIVATE|MAP_DENYWRITE, 7, 0) = 0xb7e67000
12108 15:14:59.813752 mmap2(0xb7fb0000, 12288, PROT_READ|PROT_WRITE, MAP_PRIVATE|MAP_FIXED|MAP_DENYWRITE, 7, 0x149) = 0xb7fb0000
12108 15:14:59.813871 mmap2(0xb7fb3000, 9840, PROT_READ|PROT_WRITE, MAP_PRIVATE|MAP_FIXED|MAP_ANONYMOUS, -1, 0) = 0xb7fb3000
12108 15:14:59.813973 close(7)          = 0
12108 15:14:59.814085 mmap2(NULL, 4096, PROT_READ|PROT_WRITE, MAP_PRIVATE|MAP_ANONYMOUS, -1, 0) = 0xb7e66000
12108 15:14:59.814173 set_thread_area({entry_number:-1 -> 6, base_addr:0xb7e666b0, limit:1048575, seg_32bit:1, contents:0, read_exec_only:0, limit_in_pages:1, seg_not_present:0, useable:1}) = 0
12108 15:14:59.814441 mprotect(0xb7fb0000, 4096, PROT_READ) = 0
12108 15:14:59.814612 munmap(0xb7fb6000, 29913) = 0
12108 15:14:59.814958 brk(0)            = 0x804f000
12108 15:14:59.815016 brk(0x8070000)    = 0x8070000
12108 15:14:59.815140 write(2, "nohup: ", 7) = 7
12108 15:14:59.815200 write(2, "missing operand", 15) = 15
12108 15:14:59.815259 write(2, "\n", 1) = 1
12108 15:14:59.815335 write(2, "Try `nohup --help\' for more information.\n", 41) = 41
12108 15:14:59.815410 close(1)          = 0
12108 15:14:59.815455 close(2)          = 0
12108 15:14:59.815507 exit_group(127)   = ?
12102 15:14:59.815778 rt_sigprocmask(SIG_SETMASK, [], NULL, 8) = 0
12102 15:14:59.815876 --- SIGCHLD (Child exited) @ 0 (0) ---
12102 15:14:59.815932 waitpid(-1, [{WIFEXITED(s) && WEXITSTATUS(s) == 127}], WNOHANG) = 12108
12102 15:14:59.816026 waitpid(-1, 0xbfd342f8, WNOHANG) = 0
12102 15:14:59.816051 sigreturn()       = ? (mask now [])
12102 15:14:59.816184 rt_sigprocmask(SIG_BLOCK, [CHLD], [], 8) = 0
12102 15:14:59.816340 rt_sigprocmask(SIG_SETMASK, [], NULL, 8) = 0
12102 15:14:59.816409 rt_sigprocmask(SIG_BLOCK, [CHLD], [], 8) = 0
12102 15:14:59.816499 rt_sigaction(SIGINT, {0x807f150, [], 0}, {SIG_DFL}, 8) = 0
12102 15:14:59.816611 rt_sigprocmask(SIG_SETMASK, [], NULL, 8) = 0
12102 15:14:59.816690 rt_sigaction(SIGINT, {SIG_DFL}, {0x807f150, [], 0}, 8) = 0
12102 15:14:59.816803 rt_sigprocmask(SIG_BLOCK, NULL, [], 8) = 0
12102 15:14:59.816900 read(0, "e", 1)   = 1
12102 15:14:59.816989 read(0, "c", 1)   = 1
12102 15:14:59.817063 read(0, "h", 1)   = 1
12102 15:14:59.817138 read(0, "o", 1)   = 1
12102 15:14:59.817414 read(0, " ", 1)   = 1
12102 15:14:59.817497 read(0, "Q", 1)   = 1
12102 15:14:59.817566 read(0, "1", 1)   = 1
12102 15:14:59.817638 read(0, "c", 1)   = 1
12102 15:14:59.817709 read(0, "o", 1)   = 1
12102 15:14:59.817777 read(0, "B", 1)   = 1
12102 15:14:59.817822 read(0, "o", 1)   = 1
12102 15:14:59.817864 read(0, "c", 1)   = 1
12102 15:14:59.817906 read(0, "O", 1)   = 1
12102 15:14:59.817974 read(0, "t", 1)   = 1
12102 15:14:59.818018 read(0, "M", 1)   = 1
12102 15:14:59.818060 read(0, "P", 1)   = 1
12102 15:14:59.818101 read(0, "U", 1)   = 1
12102 15:14:59.818143 read(0, "x", 1)   = 1
12102 15:14:59.818187 read(0, "9", 1)   = 1
12102 15:14:59.818255 read(0, "4", 1)   = 1
12102 15:14:59.818421 read(0, "V", 1)   = 1
12102 15:14:59.818495 read(0, "\n", 1)  = 1
12102 15:14:59.818700 write(1, "Q1coBocOtMPUx94V\n", 17) = 17
12102 15:14:59.818792 rt_sigprocmask(SIG_BLOCK, NULL, [], 8) = 0
12102 15:14:59.818978 read(0,  <unfinished ...>
12107 15:14:59.978822 <... recv resumed> "TYPE I\r\n", 4096, MSG_PEEK) = 8
12107 15:14:59.978880 read(0, "TYPE I\r\n", 8) = 8
12107 15:14:59.978929 write(0, "200 Switching to Binary mode.\r\n", 31) = 31
12107 15:14:59.979099 rt_sigaction(SIGALRM, {0x805cad0, ~[RTMIN RT_1], 0}, NULL, 8) = 0
12107 15:14:59.979198 alarm(300)        = 299
12107 15:14:59.979237 recv(0, "PASV\r\n", 4096, MSG_PEEK) = 6
12107 15:14:59.979267 read(0, "PASV\r\n", 6) = 6
12107 15:14:59.979298 write(5, "\n", 1 <unfinished ...>
12105 15:14:59.979323 <... read resumed> "\n", 1) = 1
12107 15:14:59.979336 <... write resumed> ) = 1
12105 15:14:59.979353 write(4, "\1", 1) = 1
12105 15:14:59.979380 read(4,  <unfinished ...>
12107 15:14:59.979397 read(5, "\1", 1)  = 1
12107 15:14:59.979514 write(5, "\f", 1 <unfinished ...>
12105 15:14:59.979537 <... read resumed> "\f", 1) = 1
12107 15:14:59.979548 <... write resumed> ) = 1
12105 15:14:59.979566 socket(PF_INET, SOCK_STREAM, IPPROTO_TCP) = 5
12105 15:14:59.979645 setsockopt(5, SOL_SOCKET, SO_REUSEADDR, [1], 4) = 0
12105 15:14:59.979694 bind(5, {sa_family=AF_INET, sin_port=htons(15620), sin_addr=inet_addr("127.0.0.1")}, 16) = 0
12105 15:14:59.979732 listen(5, 1)      = 0
12105 15:14:59.979764 write(4, "\4=\0\0", 4) = 4
12105 15:14:59.979793 read(4,  <unfinished ...>
12107 15:14:59.979811 read(5, "\4=\0\0", 4) = 4
12107 15:14:59.979850 write(0, "227 Entering Passive Mode (127,0,0,1,61,4).\r\n", 45) = 45
12107 15:14:59.980208 rt_sigaction(SIGALRM, {0x805cad0, ~[RTMIN RT_1], 0}, NULL, 8) = 0
12107 15:14:59.980252 alarm(300)        = 300
12107 15:14:59.980281 recv(0, "STOR myfile13\r\n", 4096, MSG_PEEK) = 15
12107 15:14:59.980311 read(0, "STOR myfile13\r\n", 15) = 15
12107 15:14:59.980394 write(5, "\v", 1 <unfinished ...>
12105 15:14:59.980427 <... read resumed> "\v", 1) = 1
12107 15:14:59.980439 <... write resumed> ) = 1
12105 15:14:59.980455 write(4, "\1\0\0\0", 4) = 4
12105 15:14:59.980483 read(4,  <unfinished ...>
12107 15:14:59.980500 read(5, "\1\0\0\0", 4) = 4
12107 15:14:59.980572 gettimeofday({1495653299, 980584}, NULL) = 0
12107 15:14:59.980602 getcwd("/home/msfadmin", 4096) = 15
12107 15:14:59.980633 open("myfile13", O_WRONLY|O_CREAT|O_NONBLOCK|O_LARGEFILE, 0666) = 4
12107 15:14:59.980668 fstat64(4, {st_mode=S_IFREG|0644, st_size=17, ...}) = 0
12107 15:14:59.980711 fcntl64(4, F_GETFL) = 0x8801 (flags O_WRONLY|O_NONBLOCK|O_LARGEFILE)
12107 15:14:59.980739 fcntl64(4, F_SETFL, O_WRONLY|O_LARGEFILE) = 0
12107 15:14:59.980764 fcntl64(4, F_SETLKW64, {type=F_WRLCK, whence=SEEK_SET, start=0, len=0}, 0xbf98db74) = 0
12107 15:14:59.980846 ftruncate64(4, 0) = 0
12107 15:14:59.980891 _llseek(4, 0, [0], SEEK_SET) = 0
12107 15:14:59.980919 write(5, "\v", 1 <unfinished ...>
12105 15:14:59.980978 <... read resumed> "\v", 1) = 1
12107 15:14:59.980998 <... write resumed> ) = 1
12105 15:14:59.981014 write(4, "\1\0\0\0", 4) = 4
12105 15:14:59.981042 read(4,  <unfinished ...>
12107 15:14:59.981059 read(5, "\1\0\0\0", 4) = 4
12107 15:14:59.981087 write(5, "\v", 1 <unfinished ...>
12105 15:14:59.981104 <... read resumed> "\v", 1) = 1
12107 15:14:59.981115 <... write resumed> ) = 1
12105 15:14:59.981130 write(4, "\1\0\0\0", 4) = 4
12105 15:14:59.981156 read(4,  <unfinished ...>
12107 15:14:59.981172 read(5, "\1\0\0\0", 4) = 4
12107 15:14:59.981244 write(5, "\r", 1 <unfinished ...>
12105 15:14:59.981265 <... read resumed> "\r", 1) = 1
12107 15:14:59.981276 <... write resumed> ) = 1
12105 15:14:59.981294 select(6, [5], NULL, NULL, {60, 0}) = 1 (in [5], left {60, 0})
