18296 16:26:17.728890 close(4)          = 0
18296 16:26:17.728923 getuid32()        = 0
18296 16:26:17.728951 open("/etc/passwd", O_RDONLY|0x80000 /* O_??? */) = 4
18296 16:26:17.728983 _llseek(4, 0, [0], SEEK_CUR) = 0
18296 16:26:17.729011 fstat64(4, {st_mode=S_IFREG|0644, st_size=1624, ...}) = 0
18296 16:26:17.729049 mmap2(NULL, 1624, PROT_READ, MAP_SHARED, 4, 0) = 0xb7fd4000
18296 16:26:17.729112 _llseek(4, 1624, [1624], SEEK_SET) = 0
18296 16:26:17.729154 munmap(0xb7fd4000, 1624) = 0
18296 16:26:17.729183 close(4)          = 0
18296 16:26:17.729238 open("/proc/sys/kernel/ngroups_max", O_RDONLY) = 4
18296 16:26:17.729283 read(4, "65536\n", 31) = 6
18296 16:26:17.729315 close(4)          = 0
18296 16:26:17.729350 socket(PF_FILE, SOCK_STREAM, 0) = 4
18296 16:26:17.729380 fcntl64(4, F_SETFL, O_RDWR|O_NONBLOCK) = 0
18296 16:26:17.729409 connect(4, {sa_family=AF_FILE, path="/var/run/nscd/socket"}, 110) = -1 ENOENT (No such file or directory)
18296 16:26:17.729457 close(4)          = 0
18296 16:26:17.729487 socket(PF_FILE, SOCK_STREAM, 0) = 4
18296 16:26:17.729515 fcntl64(4, F_SETFL, O_RDWR|O_NONBLOCK) = 0
18296 16:26:17.729543 connect(4, {sa_family=AF_FILE, path="/var/run/nscd/socket"}, 110) = -1 ENOENT (No such file or directory)
18296 16:26:17.729607 close(4)          = 0
18296 16:26:17.729661 open("/etc/group", O_RDONLY|0x80000 /* O_??? */) = 4
18296 16:26:17.729697 _llseek(4, 0, [0], SEEK_CUR) = 0
18296 16:26:17.729726 fstat64(4, {st_mode=S_IFREG|0644, st_size=886, ...}) = 0
18296 16:26:17.729764 mmap2(NULL, 886, PROT_READ, MAP_SHARED, 4, 0) = 0xb7fd4000
18296 16:26:17.729794 _llseek(4, 886, [886], SEEK_SET) = 0
18296 16:26:17.729849 fstat64(4, {st_mode=S_IFREG|0644, st_size=886, ...}) = 0
18296 16:26:17.729890 munmap(0xb7fd4000, 886) = 0
18296 16:26:17.729941 close(4)          = 0
18296 16:26:17.729969 setgroups32(13, [1000, 4, 20, 24, 25, 29, 30, 44, 46, 107, 111, 112, 119]) = 0
18296 16:26:17.730008 geteuid32()       = 0
18296 16:26:17.730038 getegid32()       = 0
18296 16:26:17.730080 setregid32(-1, 1000) = 0
18296 16:26:17.730112 setreuid32(-1, 1000) = 0
18296 16:26:17.730142 chdir("/home/msfadmin") = 0
18296 16:26:17.730173 setreuid32(-1, 0) = 0
18296 16:26:17.730199 setregid32(-1, 0) = 0
18296 16:26:17.730227 setgid32(1000)    = 0
18296 16:26:17.730255 setuid32(1000)    = 0
18296 16:26:17.730282 setrlimit(RLIMIT_NPROC, {rlim_cur=0, rlim_max=0}) = 0
18296 16:26:17.730316 mmap2(NULL, 12288, PROT_READ|PROT_WRITE, MAP_PRIVATE|MAP_ANONYMOUS, -1, 0) = 0xb7fd2000
18296 16:26:17.730347 mprotect(0xb7fd4000, 4096, PROT_NONE) = 0
18296 16:26:17.730377 mprotect(0xb7fd2000, 4096, PROT_NONE) = 0
18296 16:26:17.730406 getcwd("/home/msfadmin", 4096) = 15
18296 16:26:17.730440 umask(022)        = 077
18296 16:26:17.730467 getcwd("/home/msfadmin", 4096) = 15
18296 16:26:17.730501 open(".message", O_RDONLY|O_NONBLOCK|O_LARGEFILE) = -1 ENOENT (No such file or directory)
18296 16:26:17.730551 write(0, "230 Login successful.\r\n", 23) = 23
18296 16:26:17.730789 rt_sigaction(SIGALRM, {0x805cad0, ~[RTMIN RT_1], 0}, NULL, 8) = 0
18296 16:26:17.730833 alarm(300)        = 0
18296 16:26:17.730886 mmap2(NULL, 12288, PROT_READ|PROT_WRITE, MAP_PRIVATE|MAP_ANONYMOUS, -1, 0) = 0xb7fcf000
18296 16:26:17.730916 mprotect(0xb7fd1000, 4096, PROT_NONE) = 0
18296 16:26:17.730946 mprotect(0xb7fcf000, 4096, PROT_NONE) = 0
18296 16:26:17.730979 recv(0, "TYPE I\r\n", 4096, MSG_PEEK) = 8
18296 16:26:17.731011 read(0, "TYPE I\r\n", 8) = 8
18296 16:26:17.731051 write(0, "200 Switching to Binary mode.\r\n", 31) = 31
18296 16:26:17.731190 rt_sigaction(SIGALRM, {0x805cad0, ~[RTMIN RT_1], 0}, NULL, 8) = 0
18296 16:26:17.731238 alarm(300)        = 300
18296 16:26:17.731290 recv(0, "PASV\r\n", 4096, MSG_PEEK) = 6
18296 16:26:17.731320 read(0, "PASV\r\n", 6) = 6
18296 16:26:17.731351 write(5, "\n", 1) = 1
18296 16:26:17.731380 read(5,  <unfinished ...>
18294 16:26:17.731415 close(5)          = 0
18294 16:26:17.731447 getuid32()        = 0
18294 16:26:17.731483 open("/etc/passwd", O_RDONLY|0x80000 /* O_??? */) = 5
18294 16:26:17.731519 _llseek(5, 0, [0], SEEK_CUR) = 0
18294 16:26:17.731568 fstat64(5, {st_mode=S_IFREG|0644, st_size=1624, ...}) = 0
18294 16:26:17.731612 mmap2(NULL, 1624, PROT_READ, MAP_SHARED, 5, 0) = 0xb7fd4000
18294 16:26:17.731643 _llseek(5, 1624, [1624], SEEK_SET) = 0
18294 16:26:17.731683 munmap(0xb7fd4000, 1624) = 0
18294 16:26:17.731714 close(5)          = 0
18294 16:26:17.731752 setgroups32(0, []) = 0
18294 16:26:17.731783 chdir("/usr/share/empty") = 0
18294 16:26:17.731815 chroot(".")       = 0
18294 16:26:17.731845 capset(NULL, NULL) = -1 EFAULT (Bad address)
18294 16:26:17.731878 prctl(0x8, 0, 0xbfc446e8, 0x80549a6, 0xbfc446d0) = 0
18294 16:26:17.731908 prctl(0x8, 0x1, 0xbfc446e8, 0x8054a49, 0xbfc446d0) = 0
18294 16:26:17.731935 setgid32(65534)   = 0
18294 16:26:17.731962 setuid32(65534)   = 0
18294 16:26:17.731989 capset(0x19980330, 0, {CAP_NET_BIND_SERVICE, CAP_NET_BIND_SERVICE, 0}) = 0
18294 16:26:17.732020 read(4, "\n", 1)  = 1
18294 16:26:17.732073 write(4, "\1", 1) = 1
18296 16:26:17.732104 <... read resumed> "\1", 1) = 1
18296 16:26:17.732128 write(5, "\f", 1) = 1
18296 16:26:17.732156 read(5,  <unfinished ...>
18294 16:26:17.732178 read(4, "\f", 1)  = 1
18294 16:26:17.732210 socket(PF_INET, SOCK_STREAM, IPPROTO_TCP) = 5
18294 16:26:17.732244 setsockopt(5, SOL_SOCKET, SO_REUSEADDR, [1], 4) = 0
18294 16:26:17.732275 gettimeofday({1495657577, 732293}, NULL) = 0
18294 16:26:17.732326 bind(5, {sa_family=AF_INET, sin_port=htons(7251), sin_addr=inet_addr("127.0.0.1")}, 16) = 0
18294 16:26:17.732363 listen(5, 1)      = 0
18294 16:26:17.732396 write(4, "S\34\0\0", 4) = 4
18296 16:26:17.732425 <... read resumed> "S\34\0\0", 4) = 4
18296 16:26:17.732460 write(0, "227 Entering Passive Mode (127,0,0,1,28,83).\r\n", 46) = 46
18296 16:26:17.732736 rt_sigaction(SIGALRM, {0x805cad0, ~[RTMIN RT_1], 0}, NULL, 8) = 0
18296 16:26:17.732736 alarm(300)        = 300
18296 16:26:17.732736 recv(0, "STOR myfile25\r\n", 4096, MSG_PEEK) = 15
18296 16:26:17.732736 read(0, "STOR myfile25\r\n", 15) = 15
18296 16:26:17.732736 write(5, "\v", 1) = 1
18296 16:26:17.732736 read(5,  <unfinished ...>
18294 16:26:17.732736 read(4, "\v", 1)  = 1
18294 16:26:17.732736 write(4, "\1\0\0\0", 4) = 4
18296 16:26:17.732736 <... read resumed> "\1\0\0\0", 4) = 4
18296 16:26:17.732736 gettimeofday({1495657577, 732736}, NULL) = 0
18296 16:26:17.732736 getcwd("/home/msfadmin", 4096) = 15
18296 16:26:17.732736 open("myfile25", O_WRONLY|O_CREAT|O_NONBLOCK|O_LARGEFILE, 0666) = 4
18296 16:26:17.732736 fstat64(4, {st_mode=S_IFREG|0644, st_size=17, ...}) = 0
18296 16:26:17.732736 fcntl64(4, F_GETFL) = 0x8801 (flags O_WRONLY|O_NONBLOCK|O_LARGEFILE)
18296 16:26:17.732736 fcntl64(4, F_SETFL, O_WRONLY|O_LARGEFILE) = 0
18296 16:26:17.732736 fcntl64(4, F_SETLKW64, {type=F_WRLCK, whence=SEEK_SET, start=0, len=0}, 0xbfc44634) = 0
18296 16:26:17.732736 ftruncate64(4, 0) = 0
18296 16:26:17.732736 _llseek(4, 0, [0], SEEK_SET) = 0
18296 16:26:17.732736 write(5, "\v", 1) = 1
18296 16:26:17.732736 read(5,  <unfinished ...>
18294 16:26:17.732736 read(4, "\v", 1)  = 1
18294 16:26:17.732736 write(4, "\1\0\0\0", 4) = 4
18296 16:26:17.732736 <... read resumed> "\1\0\0\0", 4) = 4
18296 16:26:17.732736 write(5, "\v", 1) = 1
18296 16:26:17.732736 read(5,  <unfinished ...>
18294 16:26:17.732736 read(4, "\v", 1)  = 1
18294 16:26:17.732736 write(4, "\1\0\0\0", 4) = 4
18296 16:26:17.732736 <... read resumed> "\1\0\0\0", 4) = 4
18296 16:26:17.732736 write(5, "\r", 1) = 1
18296 16:26:17.732736 read(5,  <unfinished ...>
18294 16:26:17.732736 read(4, "\r", 1)  = 1
18294 16:26:17.732736 select(6, [5], NULL, NULL, {60, 0}) = 1 (in [5], left {60, 0})
18294 16:26:17.732736 accept(5, {sa_family=AF_INET, sin_port=htons(33232), sin_addr=inet_addr("127.0.0.1")}, [16]) = 6
18294 16:26:17.732736 write(4, "\1", 1) = 1
18296 16:26:17.732736 <... read resumed> "\1", 1) = 1
18296 16:26:17.732736 recvmsg(5,  <unfinished ...>
18294 16:26:17.732736 sendmsg(4, {msg_name(0)=NULL, msg_iov(1)=[{"\0", 1}], msg_controllen=16, {cmsg_len=16, cmsg_level=SOL_SOCKET, cmsg_type=SCM_RIGHTS, {6}}, msg_flags=0}, 0) = 1
18296 16:26:17.732736 <... recvmsg resumed> {msg_name(0)=NULL, msg_iov(1)=[{"\0", 1}], msg_controllen=16, {cmsg_len=16, cmsg_level=SOL_SOCKET, cmsg_type=SCM_RIGHTS, {6}}, msg_flags=0}, 0) = 1
18296 16:26:17.732736 setsockopt(6, SOL_SOCKET, SO_KEEPALIVE, [1], 4) = 0
18296 16:26:17.734088 setsockopt(6, SOL_IP, IP_TOS, [8], 4) = 0
18296 16:26:17.734162 setsockopt(6, SOL_SOCKET, SO_LINGER, {onoff=1, linger=32767}, 8) = 0
18296 16:26:17.734193 rt_sigaction(SIGALRM, {0x805cad0, ~[RTMIN RT_1], 0}, NULL, 8) = 0
18296 16:26:17.734226 alarm(300)        = 300
18296 16:26:17.734279 write(0, "150 Ok to send data.\r\n", 22) = 22
18296 16:26:17.734444 mmap2(NULL, 77824, PROT_READ|PROT_WRITE, MAP_PRIVATE|MAP_ANONYMOUS, -1, 0) = 0xb7e09000
18296 16:26:17.734503 mprotect(0xb7e1b000, 4096, PROT_NONE) = 0
18296 16:26:17.734537 mprotect(0xb7e09000, 4096, PROT_NONE) = 0
18296 16:26:17.734565 read(6, "assasaaa\na\na\na\na\n", 65536) = 17
18296 16:26:17.734600 write(4, "assasaaa\na\na\na\na\n", 17) = 17
18296 16:26:17.734638 read(6, "", 65536) = 0
18296 16:26:17.734666 rt_sigaction(SIGALRM, {0x805cad0, ~[RTMIN RT_1], 0}, NULL, 8) = 0
18296 16:26:17.734700 alarm(300)        = 300
18296 16:26:17.734749 close(6)          = 0
18296 16:26:17.734775 alarm(0)          = 300
18296 16:26:17.734812 gettimeofday({1495657577, 734829}, NULL) = 0
18296 16:26:17.734865 getpid()          = 18296
18296 16:26:17.734919 gettimeofday({1495657577, 734936}, NULL) = 0
18296 16:26:17.734986 fcntl64(3, F_SETLKW64, {type=F_WRLCK, whence=SEEK_SET, start=0, len=0}, 0xbfc445d4) = 0
18296 16:26:17.735025 write(3, "Wed May 24 16:26:17 2017 [pid 18296] [msfadmin] OK UPLOAD: Client \"127.0.0.1\", \"/home/msfadmin/myfile25\", 17 bytes, 7.55Kbyte/sec\n", 130) = 130
18296 16:26:17.735071 fcntl64(3, F_SETLK64, {type=F_UNLCK, whence=SEEK_SET, start=0, len=0}, 0xbfc445dc) = 0
18296 16:26:17.735106 write(0, "226 Transfer complete.\r\n", 24) = 24
18296 16:26:17.735211 write(5, "\n", 1) = 1
18296 16:26:17.735244 read(5,  <unfinished ...>
18294 16:26:17.735267 close(6)          = 0
18294 16:26:17.735330 read(4, "\n", 1)  = 1
18294 16:26:17.735361 close(5)          = 0
18294 16:26:17.735391 write(4, "\1", 1) = 1
18296 16:26:17.735419 <... read resumed> "\1", 1) = 1
18296 16:26:17.735442 close(4)          = 0
18296 16:26:17.735491 rt_sigaction(SIGALRM, {0x805cad0, ~[RTMIN RT_1], 0}, NULL, 8) = 0
18296 16:26:17.735526 alarm(300)        = 0
18296 16:26:17.735578 recv(0,  <unfinished ...>
18294 16:26:17.735602 read(4,  <unfinished ...>
18296 16:26:18.266552 <... recv resumed> "TYPE I\r\n", 4096, MSG_PEEK) = 8
18296 16:26:18.266886 read(0, "TYPE I\r\n", 8) = 8
18296 16:26:18.267073 write(0, "200 Switching to Binary mode.\r\n", 31) = 31
18296 16:26:18.267447 rt_sigaction(SIGALRM, {0x805cad0, ~[RTMIN RT_1], 0}, NULL, 8) = 0
18296 16:26:18.267557 alarm(300)        = 299
18296 16:26:18.267696 recv(0, "PASV\r\n", 4096, MSG_PEEK) = 6
18296 16:26:18.267774 read(0, "PASV\r\n", 6) = 6
18296 16:26:18.267856 write(5, "\n", 1 <unfinished ...>
18294 16:26:18.267926 <... read resumed> "\n", 1) = 1
18296 16:26:18.267976 <... write resumed> ) = 1
18294 16:26:18.268033 write(4, "\1", 1) = 1
18294 16:26:18.268163 read(4,  <unfinished ...>
18296 16:26:18.268227 read(5, "\1", 1)  = 1
18296 16:26:18.268307 write(5, "\f", 1 <unfinished ...>
18294 16:26:18.268368 <... read resumed> "\f", 1) = 1
18296 16:26:18.268416 <... write resumed> ) = 1
18294 16:26:18.268475 socket(PF_INET, SOCK_STREAM, IPPROTO_TCP) = 5
18294 16:26:18.268564 setsockopt(5, SOL_SOCKET, SO_REUSEADDR, [1], 4) = 0
18294 16:26:18.268649 bind(5, {sa_family=AF_INET, sin_port=htons(10148), sin_addr=inet_addr("127.0.0.1")}, 16) = 0
18294 16:26:18.268770 listen(5, 1)      = 0
18294 16:26:18.268855 write(4, "\244\'\0\0", 4) = 4
18294 16:26:18.268932 read(4,  <unfinished ...>
18296 16:26:18.268991 read(5, "\244\'\0\0", 4) = 4
18296 16:26:18.269149 write(0, "227 Entering Passive Mode (127,0,0,1,39,164).\r\n", 47) = 47
18296 16:26:18.269808 rt_sigaction(SIGALRM, {0x805cad0, ~[RTMIN RT_1], 0}, NULL, 8) = 0
18296 16:26:18.269910 alarm(300)        = 300
18296 16:26:18.270101 recv(0, "STOR myfile26\r\n", 4096, MSG_PEEK) = 15
18296 16:26:18.270191 read(0, "STOR myfile26\r\n", 15) = 15
18296 16:26:18.270278 write(5, "\v", 1 <unfinished ...>
18294 16:26:18.270401 <... read resumed> "\v", 1) = 1
18296 16:26:18.270451 <... write resumed> ) = 1
18294 16:26:18.270506 write(4, "\1\0\0\0", 4) = 4
18294 16:26:18.270582 read(4,  <unfinished ...>
18296 16:26:18.270641 read(5, "\1\0\0\0", 4) = 4
18296 16:26:18.270719 gettimeofday({1495657578, 270766}, NULL) = 0
18296 16:26:18.270826 getcwd("/home/msfadmin", 4096) = 15
18296 16:26:18.270908 open("myfile26", O_WRONLY|O_CREAT|O_NONBLOCK|O_LARGEFILE, 0666) = 4
18296 16:26:18.271040 fstat64(4, {st_mode=S_IFREG|0644, st_size=17, ...}) = 0
18296 16:26:18.271149 fcntl64(4, F_GETFL) = 0x8801 (flags O_WRONLY|O_NONBLOCK|O_LARGEFILE)
18296 16:26:18.271226 fcntl64(4, F_SETFL, O_WRONLY|O_LARGEFILE) = 0
18296 16:26:18.271298 fcntl64(4, F_SETLKW64, {type=F_WRLCK, whence=SEEK_SET, start=0, len=0}, 0xbfc44634) = 0
18296 16:26:18.271384 ftruncate64(4, 0) = 0
18296 16:26:18.271485 _llseek(4, 0, [0], SEEK_SET) = 0
18296 16:26:18.271562 write(5, "\v", 1 <unfinished ...>
18294 16:26:18.271625 <... read resumed> "\v", 1) = 1
18296 16:26:18.271674 <... write resumed> ) = 1
18294 16:26:18.271729 write(4, "\1\0\0\0", 4) = 4
18294 16:26:18.271804 read(4,  <unfinished ...>
18296 16:26:18.271862 read(5, "\1\0\0\0", 4) = 4
18296 16:26:18.271938 write(5, "\v", 1 <unfinished ...>
18294 16:26:18.272004 <... read resumed> "\v", 1) = 1
18296 16:26:18.272052 <... write resumed> ) = 1
18294 16:26:18.272106 write(4, "\1\0\0\0", 4) = 4
18294 16:26:18.272179 read(4,  <unfinished ...>
18296 16:26:18.272236 read(5, "\1\0\0\0", 4) = 4
18296 16:26:18.272313 write(5, "\r", 1 <unfinished ...>
18294 16:26:18.272371 <... read resumed> "\r", 1) = 1
18296 16:26:18.272420 <... write resumed> ) = 1
18294 16:26:18.272478 select(6, [5], NULL, NULL, {60, 0}) = 1 (in [5], left {60, 0})
18294 16:26:18.272574 accept(5, {sa_family=AF_INET, sin_port=htons(37309), sin_addr=inet_addr("127.0.0.1")}, [16]) = 6
18294 16:26:18.272697 write(4, "\1", 1) = 1
18294 16:26:18.272752 sendmsg(4, {msg_name(0)=NULL, msg_iov(1)=[{"\0", 1}], msg_controllen=16, {cmsg_len=16, cmsg_level=SOL_SOCKET, cmsg_type=SCM_RIGHTS, {6}}, msg_flags=0}, 0) = 1
18294 16:26:18.272752 close(6)          = 0
18294 16:26:18.272752 read(4,  <unfinished ...>
18296 16:26:18.272752 read(5, "\1", 1)  = 1
18296 16:26:18.272752 recvmsg(5, {msg_name(0)=NULL, msg_iov(1)=[{"\0", 1}], msg_controllen=16, {cmsg_len=16, cmsg_level=SOL_SOCKET, cmsg_type=SCM_RIGHTS, {6}}, msg_flags=0}, 0) = 1
18296 16:26:18.272752 setsockopt(6, SOL_SOCKET, SO_KEEPALIVE, [1], 4) = 0
18296 16:26:18.272752 setsockopt(6, SOL_IP, IP_TOS, [8], 4) = 0
18296 16:26:18.272752 setsockopt(6, SOL_SOCKET, SO_LINGER, {onoff=1, linger=32767}, 8) = 0
18296 16:26:18.272752 rt_sigaction(SIGALRM, {0x805cad0, ~[RTMIN RT_1], 0}, NULL, 8) = 0
18296 16:26:18.272752 alarm(300)        = 300
18296 16:26:18.272752 write(0, "150 Ok to send data.\r\n", 22) = 22
18296 16:26:18.274390 read(6, "assasaaa\na\na\na\na\n", 65536) = 17
18296 16:26:18.274486 write(4, "assasaaa\na\na\na\na\n", 17) = 17
18296 16:26:18.274585 read(6, "", 65536) = 0
18296 16:26:18.274659 rt_sigaction(SIGALRM, {0x805cad0, ~[RTMIN RT_1], 0}, NULL, 8) = 0
18296 16:26:18.274746 alarm(300)        = 300
18296 16:26:18.274882 close(6)          = 0
18296 16:26:18.275042 alarm(0)          = 300
18296 16:26:18.275145 gettimeofday({1495657578, 275277}, NULL) = 0
18296 16:26:18.275359 gettimeofday({1495657578, 275406}, NULL) = 0
18296 16:26:18.275474 fcntl64(3, F_SETLKW64, {type=F_WRLCK, whence=SEEK_SET, start=0, len=0}, 0xbfc445d4) = 0
18296 16:26:18.275585 write(3, "Wed May 24 16:26:18 2017 [pid 18296] [msfadmin] OK UPLOAD: Client \"127.0.0.1\", \"/home/msfadmin/myfile26\", 17 bytes, 3.58Kbyte/sec\n", 130) = 130
18296 16:26:18.275705 fcntl64(3, F_SETLK64, {type=F_UNLCK, whence=SEEK_SET, start=0, len=0}, 0xbfc445dc) = 0
18296 16:26:18.275863 write(0, "226 Transfer complete.\r\n", 24) = 24
18296 16:26:18.276144 write(5, "\n", 1 <unfinished ...>
18294 16:26:18.276219 <... read resumed> "\n", 1) = 1
18296 16:26:18.276269 <... write resumed> ) = 1
18294 16:26:18.276325 close(5)          = 0
18294 16:26:18.276404 write(4, "\1", 1) = 1
18294 16:26:18.276481 read(4,  <unfinished ...>
18296 16:26:18.276541 read(5, "\1", 1)  = 1
18296 16:26:18.276617 close(4)          = 0
18296 16:26:18.276693 rt_sigaction(SIGALRM, {0x805cad0, ~[RTMIN RT_1], 0}, NULL, 8) = 0
18296 16:26:18.276833 alarm(300)        = 0
18296 16:26:18.276973 recv(0, "TYPE I\r\n", 4096, MSG_PEEK) = 8
18296 16:26:18.805736 read(0, "TYPE I\r\n", 8) = 8
18296 16:26:18.806082 write(0, "200 Switching to Binary mode.\r\n", 31) = 31
18296 16:26:18.806467 rt_sigaction(SIGALRM, {0x805cad0, ~[RTMIN RT_1], 0}, NULL, 8) = 0
18296 16:26:18.806611 alarm(300)        = 299
18296 16:26:18.806753 recv(0, "PASV\r\n", 4096, MSG_PEEK) = 6
18296 16:26:18.806834 read(0, "PASV\r\n", 6) = 6
18296 16:26:18.806916 write(5, "\n", 1 <unfinished ...>
18294 16:26:18.806986 <... read resumed> "\n", 1) = 1
18296 16:26:18.807098 <... write resumed> ) = 1
18294 16:26:18.807160 write(4, "\1", 1) = 1
18294 16:26:18.807238 read(4,  <unfinished ...>
18296 16:26:18.807298 read(5, "\1", 1)  = 1
18296 16:26:18.807377 write(5, "\f", 1 <unfinished ...>
18294 16:26:18.807437 <... read resumed> "\f", 1) = 1
18296 16:26:18.807486 <... write resumed> ) = 1
18294 16:26:18.807544 socket(PF_INET, SOCK_STREAM, IPPROTO_TCP) = 5
18294 16:26:18.807632 setsockopt(5, SOL_SOCKET, SO_REUSEADDR, [1], 4) = 0
18294 16:26:18.807719 bind(5, {sa_family=AF_INET, sin_port=htons(38543), sin_addr=inet_addr("127.0.0.1")}, 16) = 0
18294 16:26:18.807812 listen(5, 1)      = 0
18294 16:26:18.807896 write(4, "\217\226\0\0", 4) = 4
18294 16:26:18.807974 read(4,  <unfinished ...>
18296 16:26:18.808044 read(5, "\217\226\0\0", 4) = 4
18296 16:26:18.808144 write(0, "227 Entering Passive Mode (127,0,0,1,150,143).\r\n", 48) = 48
18296 16:26:18.808790 rt_sigaction(SIGALRM, {0x805cad0, ~[RTMIN RT_1], 0}, NULL, 8) = 0
18296 16:26:18.808894 alarm(300)        = 300
18296 16:26:18.809042 recv(0, "STOR myfile27\r\n", 4096, MSG_PEEK) = 15
18296 16:26:18.809127 read(0, "STOR myfile27\r\n", 15) = 15
18296 16:26:18.809215 write(5, "\v", 1 <unfinished ...>
18294 16:26:18.809277 <... read resumed> "\v", 1) = 1
18296 16:26:18.809327 <... write resumed> ) = 1
18294 16:26:18.809383 write(4, "\1\0\0\0", 4) = 4
18294 16:26:18.809459 read(4,  <unfinished ...>
18296 16:26:18.809517 read(5, "\1\0\0\0", 4) = 4
18296 16:26:18.809596 gettimeofday({1495657578, 809641}, NULL) = 0
18296 16:26:18.809702 getcwd("/home/msfadmin", 4096) = 15
18296 16:26:18.809784 open("myfile27", O_WRONLY|O_CREAT|O_NONBLOCK|O_LARGEFILE, 0666) = 4
18296 16:26:18.809871 fstat64(4, {st_mode=S_IFREG|0644, st_size=17, ...}) = 0
18296 16:26:18.810036 fcntl64(4, F_GETFL) = 0x8801 (flags O_WRONLY|O_NONBLOCK|O_LARGEFILE)
18296 16:26:18.810119 fcntl64(4, F_SETFL, O_WRONLY|O_LARGEFILE) = 0
18296 16:26:18.810190 fcntl64(4, F_SETLKW64, {type=F_WRLCK, whence=SEEK_SET, start=0, len=0}, 0xbfc44634) = 0
18296 16:26:18.810276 ftruncate64(4, 0) = 0
18296 16:26:18.810377 _llseek(4, 0, [0], SEEK_SET) = 0
18296 16:26:18.810454 write(5, "\v", 1 <unfinished ...>
18294 16:26:18.810518 <... read resumed> "\v", 1) = 1
18296 16:26:18.810567 <... write resumed> ) = 1
18294 16:26:18.810623 write(4, "\1\0\0\0", 4) = 4
18294 16:26:18.810698 read(4,  <unfinished ...>
18296 16:26:18.810814 read(5, "\1\0\0\0", 4) = 4
18296 16:26:18.810939 write(5, "\v", 1 <unfinished ...>
18294 16:26:18.811011 <... read resumed> "\v", 1) = 1
18296 16:26:18.811061 <... write resumed> ) = 1
18294 16:26:18.811115 write(4, "\1\0\0\0", 4) = 4
18294 16:26:18.811212 read(4,  <unfinished ...>
18296 16:26:18.811271 read(5, "\1\0\0\0", 4) = 4
18296 16:26:18.811348 write(5, "\r", 1 <unfinished ...>
18294 16:26:18.811408 <... read resumed> "\r", 1) = 1
18296 16:26:18.811457 <... write resumed> ) = 1
18294 16:26:18.811514 select(6, [5], NULL, NULL, {60, 0}) = 1 (in [5], left {60, 0})
18294 16:26:18.811612 accept(5, {sa_family=AF_INET, sin_port=htons(45336), sin_addr=inet_addr("127.0.0.1")}, [16]) = 6
18294 16:26:18.811736 write(4, "\1", 1) = 1
18294 16:26:18.811817 sendmsg(4, {msg_name(0)=NULL, msg_iov(1)=[{"\0", 1}], msg_controllen=16, {cmsg_len=16, cmsg_level=SOL_SOCKET, cmsg_type=SCM_RIGHTS, {6}}, msg_flags=0}, 0) = 1
18294 16:26:18.812107 close(6)          = 0
