17301 16:13:36.669774 write(4, "\1", 1 <unfinished ...>
17302 16:13:36.669774 <... read resumed> "\1", 1) = 1
17301 16:13:36.669774 <... write resumed> ) = 1
17302 16:13:36.669774 exit_group(0)     = ?
17301 16:13:36.669774 --- SIGCHLD (Child exited) @ 0 (0) ---
17301 16:13:36.669774 sigreturn()       = ? (mask now [])
17301 16:13:36.669774 wait4(-1, [{WIFEXITED(s) && WEXITSTATUS(s) == 0}], 0, NULL) = 17302
17301 16:13:36.669774 close(4)          = 0
17301 16:13:36.669774 socketpair(PF_FILE, SOCK_STREAM, 0, [4, 5]) = 0
17301 16:13:36.669774 rt_sigaction(SIGCHLD, {0x805cad0, ~[RTMIN RT_1], 0}, NULL, 8) = 0
17301 16:13:36.669774 rt_sigaction(SIGALRM, {0x805cb10, ~[RTMIN RT_1], 0}, NULL, 8) = 0
17301 16:13:36.669774 clone(child_stack=0, flags=CLONE_CHILD_CLEARTID|CLONE_CHILD_SETTID|SIGCHLD, child_tidptr=0xb7d6c6f8) = 17303
17303 16:13:36.673827 prctl(0x1, 0x9, 0, 0, 0) = 0
17303 16:13:36.673884 close(4)          = 0
17303 16:13:36.673956 open("/etc/passwd", O_RDONLY|0x80000 /* O_??? */) = 4
17303 16:13:36.673997 _llseek(4, 0, [0], SEEK_CUR) = 0
17303 16:13:36.674033 fstat64(4, {st_mode=S_IFREG|0644, st_size=1624, ...}) = 0
17303 16:13:36.674073 mmap2(NULL, 1624, PROT_READ, MAP_SHARED, 4, 0) = 0xb7f06000
17303 16:13:36.674103 _llseek(4, 1624, [1624], SEEK_SET) = 0
17303 16:13:36.674150 munmap(0xb7f06000, 1624) = 0
17303 16:13:36.674198 close(4)          = 0
17303 16:13:36.674231 getuid32()        = 0
17303 16:13:36.674258 open("/etc/passwd", O_RDONLY|0x80000 /* O_??? */) = 4
17303 16:13:36.674290 _llseek(4, 0, [0], SEEK_CUR) = 0
17303 16:13:36.674318 fstat64(4, {st_mode=S_IFREG|0644, st_size=1624, ...}) = 0
17303 16:13:36.674355 mmap2(NULL, 1624, PROT_READ, MAP_SHARED, 4, 0) = 0xb7f06000
17303 16:13:36.674383 _llseek(4, 1624, [1624], SEEK_SET) = 0
17303 16:13:36.674418 munmap(0xb7f06000, 1624) = 0
17303 16:13:36.674445 close(4)          = 0
17303 16:13:36.674498 open("/proc/sys/kernel/ngroups_max", O_RDONLY) = 4
17303 16:13:36.674541 read(4, "65536\n", 31) = 6
17303 16:13:36.674573 close(4)          = 0
17303 16:13:36.674607 socket(PF_FILE, SOCK_STREAM, 0) = 4
17303 16:13:36.674638 fcntl64(4, F_SETFL, O_RDWR|O_NONBLOCK) = 0
17303 16:13:36.674666 connect(4, {sa_family=AF_FILE, path="/var/run/nscd/socket"}, 110) = -1 ENOENT (No such file or directory)
17303 16:13:36.674711 close(4)          = 0
17303 16:13:36.674741 socket(PF_FILE, SOCK_STREAM, 0) = 4
17303 16:13:36.674769 fcntl64(4, F_SETFL, O_RDWR|O_NONBLOCK) = 0
17303 16:13:36.674795 connect(4, {sa_family=AF_FILE, path="/var/run/nscd/socket"}, 110) = -1 ENOENT (No such file or directory)
17303 16:13:36.674836 close(4)          = 0
17303 16:13:36.674903 open("/etc/group", O_RDONLY|0x80000 /* O_??? */) = 4
17303 16:13:36.674940 _llseek(4, 0, [0], SEEK_CUR) = 0
17303 16:13:36.674969 fstat64(4, {st_mode=S_IFREG|0644, st_size=886, ...}) = 0
17303 16:13:36.675006 mmap2(NULL, 886, PROT_READ, MAP_SHARED, 4, 0) = 0xb7f06000
17303 16:13:36.675034 _llseek(4, 886, [886], SEEK_SET) = 0
17303 16:13:36.675085 fstat64(4, {st_mode=S_IFREG|0644, st_size=886, ...}) = 0
17303 16:13:36.675122 munmap(0xb7f06000, 886) = 0
17303 16:13:36.675149 close(4)          = 0
17303 16:13:36.675176 setgroups32(13, [1000, 4, 20, 24, 25, 29, 30, 44, 46, 107, 111, 112, 119]) = 0
17303 16:13:36.675214 geteuid32()       = 0
17303 16:13:36.675242 getegid32()       = 0
17303 16:13:36.675270 setregid32(-1, 1000) = 0
17303 16:13:36.675297 setreuid32(-1, 1000) = 0
17303 16:13:36.675324 chdir("/home/msfadmin") = 0
17303 16:13:36.675354 setreuid32(-1, 0) = 0
17303 16:13:36.675379 setregid32(-1, 0) = 0
17303 16:13:36.675406 setgid32(1000)    = 0
17303 16:13:36.675432 setuid32(1000)    = 0
17303 16:13:36.675459 setrlimit(RLIMIT_NPROC, {rlim_cur=0, rlim_max=0}) = 0
17303 16:13:36.675491 mmap2(NULL, 12288, PROT_READ|PROT_WRITE, MAP_PRIVATE|MAP_ANONYMOUS, -1, 0) = 0xb7f04000
17303 16:13:36.675526 mprotect(0xb7f06000, 4096, PROT_NONE) = 0
17303 16:13:36.675556 mprotect(0xb7f04000, 4096, PROT_NONE) = 0
17303 16:13:36.675583 getcwd("/home/msfadmin", 4096) = 15
17303 16:13:36.675616 umask(022)        = 077
17303 16:13:36.675642 getcwd("/home/msfadmin", 4096) = 15
17303 16:13:36.675675 open(".message", O_RDONLY|O_NONBLOCK|O_LARGEFILE) = -1 ENOENT (No such file or directory)
17303 16:13:36.675721 write(0, "230 Login successful.\r\n", 23) = 23
17303 16:13:36.675919 rt_sigaction(SIGALRM, {0x805cad0, ~[RTMIN RT_1], 0}, NULL, 8) = 0
17303 16:13:36.675960 alarm(300)        = 0
17303 16:13:36.676009 mmap2(NULL, 12288, PROT_READ|PROT_WRITE, MAP_PRIVATE|MAP_ANONYMOUS, -1, 0) = 0xb7f01000
17303 16:13:36.676037 mprotect(0xb7f03000, 4096, PROT_NONE) = 0
17303 16:13:36.676067 mprotect(0xb7f01000, 4096, PROT_NONE) = 0
17303 16:13:36.676098 recv(0, "TYPE I\r\n", 4096, MSG_PEEK) = 8
17303 16:13:36.676130 read(0, "TYPE I\r\n", 8) = 8
17303 16:13:36.676168 write(0, "200 Switching to Binary mode.\r\n", 31) = 31
17303 16:13:36.676266 rt_sigaction(SIGALRM, {0x805cad0, ~[RTMIN RT_1], 0}, NULL, 8) = 0
17303 16:13:36.676301 alarm(300)        = 300
17303 16:13:36.676351 recv(0, "PASV\r\n", 4096, MSG_PEEK) = 6
17303 16:13:36.676380 read(0, "PASV\r\n", 6) = 6
17303 16:13:36.676411 write(5, "\n", 1) = 1
17303 16:13:36.676440 read(5,  <unfinished ...>
17301 16:13:36.676470 close(5)          = 0
17301 16:13:36.676501 getuid32()        = 0
17301 16:13:36.676536 open("/etc/passwd", O_RDONLY|0x80000 /* O_??? */) = 5
17301 16:13:36.676570 _llseek(5, 0, [0], SEEK_CUR) = 0
17301 16:13:36.676601 fstat64(5, {st_mode=S_IFREG|0644, st_size=1624, ...}) = 0
17301 16:13:36.676640 mmap2(NULL, 1624, PROT_READ, MAP_SHARED, 5, 0) = 0xb7f06000
17301 16:13:36.676669 _llseek(5, 1624, [1624], SEEK_SET) = 0
17301 16:13:36.676707 munmap(0xb7f06000, 1624) = 0
17301 16:13:36.676737 close(5)          = 0
17301 16:13:36.676773 setgroups32(0, []) = 0
17301 16:13:36.676806 chdir("/usr/share/empty") = 0
17301 16:13:36.676838 chroot(".")       = 0
17301 16:13:36.676865 capset(NULL, NULL) = -1 EFAULT (Bad address)
17301 16:13:36.676897 prctl(0x8, 0, 0xbfe018a8, 0x80549a6, 0xbfe01890) = 0
17301 16:13:36.676927 prctl(0x8, 0x1, 0xbfe018a8, 0x8054a49, 0xbfe01890) = 0
17301 16:13:36.676953 setgid32(65534)   = 0
17301 16:13:36.676980 setuid32(65534)   = 0
17301 16:13:36.677006 capset(0x19980330, 0, {CAP_NET_BIND_SERVICE, CAP_NET_BIND_SERVICE, 0}) = 0
17301 16:13:36.677039 read(4, "\n", 1)  = 1
17301 16:13:36.677072 write(4, "\1", 1) = 1
17303 16:13:36.677100 <... read resumed> "\1", 1) = 1
17303 16:13:36.677123 write(5, "\f", 1) = 1
17303 16:13:36.677150 read(5,  <unfinished ...>
17301 16:13:36.677171 read(4, "\f", 1)  = 1
17301 16:13:36.677203 socket(PF_INET, SOCK_STREAM, IPPROTO_TCP) = 5
17301 16:13:36.677236 setsockopt(5, SOL_SOCKET, SO_REUSEADDR, [1], 4) = 0
17301 16:13:36.677265 gettimeofday({1495656816, 677283}, NULL) = 0
17301 16:13:36.677314 bind(5, {sa_family=AF_INET, sin_port=htons(25314), sin_addr=inet_addr("127.0.0.1")}, 16) = 0
17301 16:13:36.677350 listen(5, 1)      = 0
17301 16:13:36.677382 write(4, "\342b\0\0", 4) = 4
17303 16:13:36.677411 <... read resumed> "\342b\0\0", 4) = 4
17303 16:13:36.677445 write(0, "227 Entering Passive Mode (127,0,0,1,98,226).\r\n", 47) = 47
17303 16:13:36.677691 rt_sigaction(SIGALRM, {0x805cad0, ~[RTMIN RT_1], 0}, NULL, 8) = 0
17303 16:13:36.677729 alarm(300)        = 300
17303 16:13:36.677807 recv(0, "STOR myfile6\r\n", 4096, MSG_PEEK) = 14
17303 16:13:36.677841 read(0, "STOR myfile6\r\n", 14) = 14
17303 16:13:36.677877 write(5, "\v", 1) = 1
17303 16:13:36.677906 read(5,  <unfinished ...>
17301 16:13:36.677928 read(4, "\v", 1)  = 1
17301 16:13:36.677958 write(4, "\1\0\0\0", 4) = 4
17303 16:13:36.677985 <... read resumed> "\1\0\0\0", 4) = 4
17303 16:13:36.678010 gettimeofday({1495656816, 678027}, NULL) = 0
17303 16:13:36.678050 getcwd("/home/msfadmin", 4096) = 15
17303 16:13:36.678080 open("myfile6", O_WRONLY|O_CREAT|O_NONBLOCK|O_LARGEFILE, 0666) = 4
17303 16:13:36.678113 fstat64(4, {st_mode=S_IFREG|0644, st_size=17, ...}) = 0
17303 16:13:36.678157 fcntl64(4, F_GETFL) = 0x8801 (flags O_WRONLY|O_NONBLOCK|O_LARGEFILE)
17303 16:13:36.678186 fcntl64(4, F_SETFL, O_WRONLY|O_LARGEFILE) = 0
17303 16:13:36.678211 fcntl64(4, F_SETLKW64, {type=F_WRLCK, whence=SEEK_SET, start=0, len=0}, 0xbfe017f4) = 0
17303 16:13:36.678248 ftruncate64(4, 0) = 0
17303 16:13:36.678287 _llseek(4, 0, [0], SEEK_SET) = 0
17303 16:13:36.678316 write(5, "\v", 1) = 1
17303 16:13:36.678344 read(5,  <unfinished ...>
17301 16:13:36.678366 read(4, "\v", 1)  = 1
17301 16:13:36.678395 write(4, "\1\0\0\0", 4) = 4
17303 16:13:36.678423 <... read resumed> "\1\0\0\0", 4) = 4
17303 16:13:36.678445 write(5, "\v", 1) = 1
17303 16:13:36.678472 read(5,  <unfinished ...>
17301 16:13:36.678493 read(4, "\v", 1)  = 1
17301 16:13:36.678522 write(4, "\1\0\0\0", 4) = 4
17303 16:13:36.678549 <... read resumed> "\1\0\0\0", 4) = 4
17303 16:13:36.678571 write(5, "\r", 1) = 1
17303 16:13:36.678598 read(5,  <unfinished ...>
17301 16:13:36.678620 read(4, "\r", 1)  = 1
17301 16:13:36.678651 select(6, [5], NULL, NULL, {60, 0}) = 1 (in [5], left {60, 0})
17301 16:13:36.678689 accept(5, {sa_family=AF_INET, sin_port=htons(37973), sin_addr=inet_addr("127.0.0.1")}, [16]) = 6
17301 16:13:36.678735 write(4, "\1", 1) = 1
17303 16:13:36.678767 <... read resumed> "\1", 1) = 1
17303 16:13:36.678793 recvmsg(5,  <unfinished ...>
17301 16:13:36.678819 sendmsg(4, {msg_name(0)=NULL, msg_iov(1)=[{"\0", 1}], msg_controllen=16, {cmsg_len=16, cmsg_level=SOL_SOCKET, cmsg_type=SCM_RIGHTS, {6}}, msg_flags=0}, 0) = 1
17303 16:13:36.678858 <... recvmsg resumed> {msg_name(0)=NULL, msg_iov(1)=[{"\0", 1}], msg_controllen=16, {cmsg_len=16, cmsg_level=SOL_SOCKET, cmsg_type=SCM_RIGHTS, {6}}, msg_flags=0}, 0) = 1
17303 16:13:36.678890 setsockopt(6, SOL_SOCKET, SO_KEEPALIVE, [1], 4) = 0
17303 16:13:36.678920 setsockopt(6, SOL_IP, IP_TOS, [8], 4) = 0
17303 16:13:36.678949 setsockopt(6, SOL_SOCKET, SO_LINGER, {onoff=1, linger=32767}, 8) = 0
17303 16:13:36.678978 rt_sigaction(SIGALRM, {0x805cad0, ~[RTMIN RT_1], 0}, NULL, 8) = 0
17303 16:13:36.679009 alarm(300)        = 300
17303 16:13:36.679062 write(0, "150 Ok to send data.\r\n", 22) = 22
17303 16:13:36.679257 mmap2(NULL, 77824, PROT_READ|PROT_WRITE, MAP_PRIVATE|MAP_ANONYMOUS, -1, 0) = 0xb7d3b000
17303 16:13:36.679293 mprotect(0xb7d4d000, 4096, PROT_NONE) = 0
17303 16:13:36.679323 mprotect(0xb7d3b000, 4096, PROT_NONE) = 0
17303 16:13:36.679350 read(6, "assasaaa\na\na\na\na\n", 65536) = 17
17303 16:13:36.679382 write(4, "assasaaa\na\na\na\na\n", 17) = 17
17303 16:13:36.679419 read(6, "", 65536) = 0
17303 16:13:36.679447 rt_sigaction(SIGALRM, {0x805cad0, ~[RTMIN RT_1], 0}, NULL, 8) = 0
17303 16:13:36.679480 alarm(300)        = 300
17303 16:13:36.679527 close(6)          = 0
17303 16:13:36.679552 alarm(0)          = 300
17303 16:13:36.679589 gettimeofday({1495656816, 679606}, NULL) = 0
17303 16:13:36.679640 getpid()          = 17303
17303 16:13:36.679675 gettimeofday({1495656816, 679693}, NULL) = 0
17303 16:13:36.679749 fcntl64(3, F_SETLKW64, {type=F_WRLCK, whence=SEEK_SET, start=0, len=0}, 0xbfe01794) = 0
17303 16:13:36.679775 write(3, "Wed May 24 16:13:36 2017 [pid 17303] [msfadmin] OK UPLOAD: Client \"127.0.0.1\", \"/home/msfadmin/myfile6\", 17 bytes, 9.96Kbyte/sec\n", 129) = 129
17303 16:13:36.679775 fcntl64(3, F_SETLK64, {type=F_UNLCK, whence=SEEK_SET, start=0, len=0}, 0xbfe0179c) = 0
17303 16:13:36.679775 write(0, "226 Transfer complete.\r\n", 24) = 24
17303 16:13:36.679775 write(5, "\n", 1) = 1
17303 16:13:36.679775 read(5,  <unfinished ...>
17301 16:13:36.679775 close(6)          = 0
17301 16:13:36.679775 read(4, "\n", 1)  = 1
17301 16:13:36.679775 close(5)          = 0
17301 16:13:36.679775 write(4, "\1", 1) = 1
17303 16:13:36.679775 <... read resumed> "\1", 1) = 1
17303 16:13:36.679775 close(4)          = 0
17303 16:13:36.679775 rt_sigaction(SIGALRM, {0x805cad0, ~[RTMIN RT_1], 0}, NULL, 8) = 0
17303 16:13:36.679775 alarm(300)        = 0
17303 16:13:36.679775 recv(0,  <unfinished ...>
17301 16:13:36.679775 read(4,  <unfinished ...>
17303 16:13:37.215902 <... recv resumed> "TYPE I\r\n", 4096, MSG_PEEK) = 8
17303 16:13:37.216019 read(0, "TYPE I\r\n", 8) = 8
17303 16:13:37.216133 write(0, "200 Switching to Binary mode.\r\n", 31) = 31
17303 16:13:37.216421 rt_sigaction(SIGALRM, {0x805cad0, ~[RTMIN RT_1], 0}, NULL, 8) = 0
17303 16:13:37.216590 alarm(300)        = 299
17303 16:13:37.216738 recv(0, "PASV\r\n", 4096, MSG_PEEK) = 6
17303 16:13:37.216823 read(0, "PASV\r\n", 6) = 6
17303 16:13:37.216967 write(5, "\n", 1) = 1
17303 16:13:37.217051 read(5,  <unfinished ...>
17301 16:13:37.217114 <... read resumed> "\n", 1) = 1
17301 16:13:37.217179 write(4, "\1", 1) = 1
17303 16:13:37.217256 <... read resumed> "\1", 1) = 1
17303 16:13:37.217316 write(5, "\f", 1) = 1
17303 16:13:37.217390 read(5,  <unfinished ...>
17301 16:13:37.217449 read(4, "\f", 1)  = 1
17301 16:13:37.217546 socket(PF_INET, SOCK_STREAM, IPPROTO_TCP) = 5
17301 16:13:37.217638 setsockopt(5, SOL_SOCKET, SO_REUSEADDR, [1], 4) = 0
17301 16:13:37.217727 bind(5, {sa_family=AF_INET, sin_port=htons(46099), sin_addr=inet_addr("127.0.0.1")}, 16) = 0
17301 16:13:37.217821 listen(5, 1)      = 0
17301 16:13:37.217907 write(4, "\23\264\0\0", 4) = 4
17303 16:13:37.217985 <... read resumed> "\23\264\0\0", 4) = 4
17303 16:13:37.218069 write(0, "227 Entering Passive Mode (127,0,0,1,180,19).\r\n", 47) = 47
17303 16:13:37.218734 rt_sigaction(SIGALRM, {0x805cad0, ~[RTMIN RT_1], 0}, NULL, 8) = 0
17303 16:13:37.218840 alarm(300)        = 300
17303 16:13:37.218980 recv(0, "STOR myfile7\r\n", 4096, MSG_PEEK) = 14
17303 16:13:37.219065 read(0, "STOR myfile7\r\n", 14) = 14
17303 16:13:37.219156 write(5, "\v", 1) = 1
17303 16:13:37.219232 read(5,  <unfinished ...>
17301 16:13:37.219293 read(4, "\v", 1)  = 1
17301 16:13:37.219373 write(4, "\1\0\0\0", 4) = 4
17303 16:13:37.219582 <... read resumed> "\1\0\0\0", 4) = 4
17303 16:13:37.219647 gettimeofday({1495656817, 219693}, NULL) = 0
17303 16:13:37.219755 getcwd("/home/msfadmin", 4096) = 15
17303 16:13:37.219791 open("myfile7", O_WRONLY|O_CREAT|O_NONBLOCK|O_LARGEFILE, 0666) = 4
17303 16:13:37.219791 fstat64(4, {st_mode=S_IFREG|0644, st_size=17, ...}) = 0
17303 16:13:37.219791 fcntl64(4, F_GETFL) = 0x8801 (flags O_WRONLY|O_NONBLOCK|O_LARGEFILE)
17303 16:13:37.219791 fcntl64(4, F_SETFL, O_WRONLY|O_LARGEFILE) = 0
17303 16:13:37.219791 fcntl64(4, F_SETLKW64, {type=F_WRLCK, whence=SEEK_SET, start=0, len=0}, 0xbfe017f4) = 0
17303 16:13:37.219791 ftruncate64(4, 0) = 0
17303 16:13:37.219791 _llseek(4, 0, [0], SEEK_SET) = 0
17303 16:13:37.219791 write(5, "\v", 1) = 1
17303 16:13:37.219791 read(5,  <unfinished ...>
17301 16:13:37.219791 read(4, "\v", 1)  = 1
17301 16:13:37.219791 write(4, "\1\0\0\0", 4) = 4
17303 16:13:37.219791 <... read resumed> "\1\0\0\0", 4) = 4
17303 16:13:37.219791 write(5, "\v", 1) = 1
17303 16:13:37.219791 read(5,  <unfinished ...>
17301 16:13:37.219791 read(4, "\v", 1)  = 1
17301 16:13:37.219791 write(4, "\1\0\0\0", 4) = 4
17303 16:13:37.219791 <... read resumed> "\1\0\0\0", 4) = 4
17303 16:13:37.219791 write(5, "\r", 1) = 1
17303 16:13:37.219791 read(5,  <unfinished ...>
17301 16:13:37.219791 read(4, "\r", 1)  = 1
17301 16:13:37.219791 select(6, [5], NULL, NULL, {60, 0}) = 1 (in [5], left {60, 0})
17301 16:13:37.219791 accept(5, {sa_family=AF_INET, sin_port=htons(45522), sin_addr=inet_addr("127.0.0.1")}, [16]) = 6
17301 16:13:37.219791 write(4, "\1", 1) = 1
17303 16:13:37.219791 <... read resumed> "\1", 1) = 1
17303 16:13:37.219791 recvmsg(5,  <unfinished ...>
17301 16:13:37.219791 sendmsg(4, {msg_name(0)=NULL, msg_iov(1)=[{"\0", 1}], msg_controllen=16, {cmsg_len=16, cmsg_level=SOL_SOCKET, cmsg_type=SCM_RIGHTS, {6}}, msg_flags=0}, 0) = 1
17303 16:13:37.219791 <... recvmsg resumed> {msg_name(0)=NULL, msg_iov(1)=[{"\0", 1}], msg_controllen=16, {cmsg_len=16, cmsg_level=SOL_SOCKET, cmsg_type=SCM_RIGHTS, {6}}, msg_flags=0}, 0) = 1
17303 16:13:37.219791 setsockopt(6, SOL_SOCKET, SO_KEEPALIVE, [1], 4) = 0
17303 16:13:37.219791 setsockopt(6, SOL_IP, IP_TOS, [8], 4) = 0
17303 16:13:37.219791 setsockopt(6, SOL_SOCKET, SO_LINGER, {onoff=1, linger=32767}, 8) = 0
17303 16:13:37.219791 rt_sigaction(SIGALRM, {0x805cad0, ~[RTMIN RT_1], 0}, NULL, 8) = 0
17303 16:13:37.219791 alarm(300)        = 300
17303 16:13:37.219791 write(0, "150 Ok to send data.\r\n", 22) = 22
17303 16:13:37.219791 read(6, "assasaaa\na\na\na\na\n", 65536) = 17
17303 16:13:37.219791 write(4, "assasaaa\na\na\na\na\n", 17) = 17
17303 16:13:37.219791 read(6, "", 65536) = 0
17303 16:13:37.219791 rt_sigaction(SIGALRM, {0x805cad0, ~[RTMIN RT_1], 0}, NULL, 8) = 0
17303 16:13:37.219791 alarm(300)        = 300
17303 16:13:37.219791 close(6)          = 0
17303 16:13:37.223893 alarm(0)          = 300
17303 16:13:37.224015 gettimeofday({1495656817, 224061}, NULL) = 0
17303 16:13:37.224141 gettimeofday({1495656817, 224190}, NULL) = 0
17303 16:13:37.224310 fcntl64(3, F_SETLKW64, {type=F_WRLCK, whence=SEEK_SET, start=0, len=0}, 0xbfe01794) = 0
17303 16:13:37.224417 write(3, "Wed May 24 16:13:37 2017 [pid 17303] [msfadmin] OK UPLOAD: Client \"127.0.0.1\", \"/home/msfadmin/myfile7\", 17 bytes, 3.69Kbyte/sec\n", 129) = 129
17303 16:13:37.224538 fcntl64(3, F_SETLK64, {type=F_UNLCK, whence=SEEK_SET, start=0, len=0}, 0xbfe0179c) = 0
17303 16:13:37.224634 write(0, "226 Transfer complete.\r\n", 24) = 24
17303 16:13:37.224911 write(5, "\n", 1) = 1
17303 16:13:37.224997 read(5,  <unfinished ...>
17301 16:13:37.225058 close(6)          = 0
17301 16:13:37.225289 read(4, "\n", 1)  = 1
17301 16:13:37.225380 close(5)          = 0
17301 16:13:37.225461 write(4, "\1", 1) = 1
17303 16:13:37.225541 <... read resumed> "\1", 1) = 1
17303 16:13:37.225603 close(4)          = 0
17303 16:13:37.225682 rt_sigaction(SIGALRM, {0x805cad0, ~[RTMIN RT_1], 0}, NULL, 8) = 0
17303 16:13:37.225772 alarm(300)        = 0
17303 16:13:37.225909 recv(0,  <unfinished ...>
17301 16:13:37.225973 read(4,  <unfinished ...>
17303 16:13:37.754288 <... recv resumed> "TYPE I\r\n", 4096, MSG_PEEK) = 8
17303 16:13:37.754406 read(0, "TYPE I\r\n", 8) = 8
17303 16:13:37.754689 write(0, "200 Switching to Binary mode.\r\n", 31) = 31
17303 16:13:37.755006 rt_sigaction(SIGALRM, {0x805cad0, ~[RTMIN RT_1], 0}, NULL, 8) = 0
17303 16:13:37.755111 alarm(300)        = 299
17303 16:13:37.755253 recv(0, "PASV\r\n", 4096, MSG_PEEK) = 6
17303 16:13:37.755334 read(0, "PASV\r\n", 6) = 6
17303 16:13:37.755419 write(5, "\n", 1) = 1
17301 16:13:37.755503 <... read resumed> "\n", 1) = 1
17301 16:13:37.755566 write(4, "\1", 1) = 1
17301 16:13:37.755736 read(4,  <unfinished ...>
17303 16:13:37.755836 read(5, "\1", 1)  = 1
17303 16:13:37.755969 write(5, "\f", 1) = 1
17301 16:13:37.756063 <... read resumed> "\f", 1) = 1
17301 16:13:37.756159 socket(PF_INET, SOCK_STREAM, IPPROTO_TCP) = 5
17301 16:13:37.756266 setsockopt(5, SOL_SOCKET, SO_REUSEADDR, [1], 4) = 0
17301 16:13:37.756356 bind(5, {sa_family=AF_INET, sin_port=htons(17113), sin_addr=inet_addr("127.0.0.1")}, 16) = 0
17301 16:13:37.756452 listen(5, 1 <unfinished ...>
17303 16:13:37.756512 read(5,  <unfinished ...>
17301 16:13:37.756577 <... listen resumed> ) = 0
17301 16:13:37.756648 write(4, "\331B\0\0", 4) = 4
17303 16:13:37.756728 <... read resumed> "\331B\0\0", 4) = 4
17303 16:13:37.756812 write(0, "227 Entering Passive Mode (127,0,0,1,66,217).\r\n", 47 <unfinished ...>
17301 16:13:37.756887 read(4,  <unfinished ...>
17303 16:13:37.757500 <... write resumed> ) = 47
17303 16:13:37.757766 rt_sigaction(SIGALRM, {0x805cad0, ~[RTMIN RT_1], 0}, NULL, 8) = 0
17303 16:13:37.757870 alarm(300)        = 300
17303 16:13:37.758066 recv(0, "STOR myfile8\r\n", 4096, MSG_PEEK) = 14
17303 16:13:37.758154 read(0, "STOR myfile8\r\n", 14) = 14
17303 16:13:37.758246 write(5, "\v", 1) = 1
17301 16:13:37.758325 <... read resumed> "\v", 1) = 1
17301 16:13:37.758386 write(4, "\1\0\0\0", 4) = 4
17301 16:13:37.758464 read(4,  <unfinished ...>
17303 16:13:37.758524 read(5, "\1\0\0\0", 4) = 4
17303 16:13:37.758605 gettimeofday({1495656817, 758660}, NULL) = 0
17303 16:13:37.758723 getcwd("/home/msfadmin", 4096) = 15
17303 16:13:37.758807 open("myfile8", O_WRONLY|O_CREAT|O_NONBLOCK|O_LARGEFILE, 0666) = 4
17303 16:13:37.758895 fstat64(4, {st_mode=S_IFREG|0644, st_size=17, ...}) = 0
17303 16:13:37.759024 fcntl64(4, F_GETFL) = 0x8801 (flags O_WRONLY|O_NONBLOCK|O_LARGEFILE)
17303 16:13:37.759106 fcntl64(4, F_SETFL, O_WRONLY|O_LARGEFILE) = 0
17303 16:13:37.759179 fcntl64(4, F_SETLKW64, {type=F_WRLCK, whence=SEEK_SET, start=0, len=0}, 0xbfe017f4) = 0
17303 16:13:37.759267 ftruncate64(4, 0) = 0
17303 16:13:37.759365 _llseek(4, 0, [0], SEEK_SET) = 0
17303 16:13:37.759444 write(5, "\v", 1) = 1
17301 16:13:37.759519 <... read resumed> "\v", 1) = 1
17301 16:13:37.759579 write(4, "\1\0\0\0", 4) = 4
17301 16:13:37.759721 read(4,  <unfinished ...>
17303 16:13:37.759782 read(5, "\1\0\0\0", 4) = 4
17303 16:13:37.759807 write(5, "\v", 1) = 1
17301 16:13:37.759807 <... read resumed> "\v", 1) = 1
17301 16:13:37.759807 write(4, "\1\0\0\0", 4) = 4
17301 16:13:37.759807 read(4,  <unfinished ...>
17303 16:13:37.759807 read(5, "\1\0\0\0", 4) = 4
17303 16:13:37.759807 write(5, "\r", 1) = 1
17301 16:13:37.759807 <... read resumed> "\r", 1) = 1
17301 16:13:37.759807 select(6, [5], NULL, NULL, {60, 0}) = 1 (in [5], left {60, 0})
17301 16:13:37.759807 accept(5, {sa_family=AF_INET, sin_port=htons(37019), sin_addr=inet_addr("127.0.0.1")}, [16]) = 6
17301 16:13:37.759807 write(4, "\1", 1) = 1
17301 16:13:37.759807 sendmsg(4, {msg_name(0)=NULL, msg_iov(1)=[{"\0", 1}], msg_controllen=16, {cmsg_len=16, cmsg_level=SOL_SOCKET, cmsg_type=SCM_RIGHTS, {6}}, msg_flags=0}, 0) = 1
17301 16:13:37.759807 close(6)          = 0
17301 16:13:37.759807 read(4,  <unfinished ...>
17303 16:13:37.759807 read(5, "\1", 1)  = 1
17303 16:13:37.759807 recvmsg(5, {msg_name(0)=NULL, msg_iov(1)=[{"\0", 1}], msg_controllen=16, {cmsg_len=16, cmsg_level=SOL_SOCKET, cmsg_type=SCM_RIGHTS, {6}}, msg_flags=0}, 0) = 1
17303 16:13:37.759807 setsockopt(6, SOL_SOCKET, SO_KEEPALIVE, [1], 4) = 0
17303 16:13:37.759807 setsockopt(6, SOL_IP, IP_TOS, [8], 4) = 0
17303 16:13:37.759807 setsockopt(6, SOL_SOCKET, SO_LINGER, {onoff=1, linger=32767}, 8) = 0
17303 16:13:37.759807 rt_sigaction(SIGALRM, {0x805cad0, ~[RTMIN RT_1], 0}, NULL, 8) = 0
17303 16:13:37.759807 alarm(300)        = 300
17303 16:13:37.759807 write(0, "150 Ok to send data.\r\n", 22) = 22
17303 16:13:37.759807 read(6, "assasaaa\na\na\na\na\n", 65536) = 17
17303 16:13:37.759807 write(4, "assasaaa\na\na\na\na\n", 17) = 17
17303 16:13:37.759807 read(6, "", 65536) = 0
17303 16:13:37.759807 rt_sigaction(SIGALRM, {0x805cad0, ~[RTMIN RT_1], 0}, NULL, 8) = 0
17303 16:13:37.759807 alarm(300)        = 300
17303 16:13:37.759807 close(6)          = 0
17303 16:13:37.759807 alarm(0)          = 300
17303 16:13:37.759807 gettimeofday({1495656817, 759807}, NULL) = 0
17303 16:13:37.759807 gettimeofday({1495656817, 759807}, NULL) = 0
17303 16:13:37.759807 fcntl64(3, F_SETLKW64, {type=F_WRLCK, whence=SEEK_SET, start=0, len=0}, 0xbfe01794) = 0
17303 16:13:37.759807 write(3, "Wed May 24 16:13:37 2017 [pid 17303] [msfadmin] OK UPLOAD: Client \"127.0.0.1\", \"/home/msfadmin/myfile8\", 17 bytes, 14.47Kbyte/sec\n", 130) = 130
17303 16:13:37.759807 fcntl64(3, F_SETLK64, {type=F_UNLCK, whence=SEEK_SET, start=0, len=0}, 0xbfe0179c) = 0
17303 16:13:37.759807 write(0, "226 Transfer complete.\r\n", 24) = 24
17303 16:13:37.763906 write(5, "\n", 1) = 1
17301 16:13:37.764065 <... read resumed> "\n", 1) = 1
17301 16:13:37.764128 close(5)          = 0
17301 16:13:37.764212 write(4, "\1", 1) = 1
17301 16:13:37.764342 read(4,  <unfinished ...>
