9459  14:48:09.995351 open("/etc/group", O_RDONLY|0x80000 /* O_??? */) = 4
9459  14:48:09.995378 _llseek(4, 0, [0], SEEK_CUR) = 0
9459  14:48:09.995395 fstat64(4, {st_mode=S_IFREG|0644, st_size=886, ...}) = 0
9459  14:48:09.995420 mmap2(NULL, 886, PROT_READ, MAP_SHARED, 4, 0) = 0xb7f66000
9459  14:48:09.995438 _llseek(4, 886, [886], SEEK_SET) = 0
9459  14:48:09.995475 fstat64(4, {st_mode=S_IFREG|0644, st_size=886, ...}) = 0
9459  14:48:09.995501 munmap(0xb7f66000, 886) = 0
9459  14:48:09.995516 close(4)          = 0
9459  14:48:09.995531 setgroups32(13, [1000, 4, 20, 24, 25, 29, 30, 44, 46, 107, 111, 112, 119]) = 0
9459  14:48:09.995580 geteuid32()       = 0
9459  14:48:09.995601 getegid32()       = 0
9459  14:48:09.995616 setregid32(-1, 1000) = 0
9459  14:48:09.995632 setreuid32(-1, 1000) = 0
9459  14:48:09.995648 chdir("/home/msfadmin") = 0
9459  14:48:09.995666 setreuid32(-1, 0) = 0
9459  14:48:09.995679 setregid32(-1, 0) = 0
9459  14:48:09.995695 setgid32(1000)    = 0
9459  14:48:09.995709 setuid32(1000)    = 0
9459  14:48:09.995724 setrlimit(RLIMIT_NPROC, {rlim_cur=0, rlim_max=0}) = 0
9459  14:48:09.995746 mmap2(NULL, 12288, PROT_READ|PROT_WRITE, MAP_PRIVATE|MAP_ANONYMOUS, -1, 0) = 0xb7f64000
9459  14:48:09.995763 mprotect(0xb7f66000, 4096, PROT_NONE) = 0
9459  14:48:09.995781 mprotect(0xb7f64000, 4096, PROT_NONE) = 0
9459  14:48:09.995797 getcwd("/home/msfadmin", 4096) = 15
9459  14:48:09.995818 umask(022)        = 077
9459  14:48:09.995832 getcwd("/home/msfadmin", 4096) = 15
9459  14:48:09.995853 open(".message", O_RDONLY|O_NONBLOCK|O_LARGEFILE) = -1 ENOENT (No such file or directory)
9459  14:48:09.995890 write(0, "230 Login successful.\r\n", 23) = 23
9459  14:48:09.996051 rt_sigaction(SIGALRM, {0x805cad0, ~[RTMIN RT_1], 0}, NULL, 8) = 0
9459  14:48:09.996136 alarm(300)        = 0
9459  14:48:09.996156 mmap2(NULL, 12288, PROT_READ|PROT_WRITE, MAP_PRIVATE|MAP_ANONYMOUS, -1, 0) = 0xb7f61000
9459  14:48:09.996173 mprotect(0xb7f63000, 4096, PROT_NONE) = 0
9459  14:48:09.996190 mprotect(0xb7f61000, 4096, PROT_NONE) = 0
9459  14:48:09.996210 recv(0, "TYPE I\r\n", 4096, MSG_PEEK) = 8
9459  14:48:09.996231 read(0, "TYPE I\r\n", 8) = 8
9459  14:48:09.996257 write(0, "200 Switching to Binary mode.\r\n", 31) = 31
9459  14:48:09.996329 rt_sigaction(SIGALRM, {0x805cad0, ~[RTMIN RT_1], 0}, NULL, 8) = 0
9459  14:48:09.996351 alarm(300)        = 300
9459  14:48:09.996368 recv(0, "PASV\r\n", 4096, MSG_PEEK) = 6
9459  14:48:09.996385 read(0, "PASV\r\n", 6) = 6
9459  14:48:09.996403 write(5, "\n", 1) = 1
9459  14:48:09.996419 read(5,  <unfinished ...>
9457  14:48:09.996441 close(5)          = 0
9457  14:48:09.996460 getuid32()        = 0
9457  14:48:09.996484 open("/etc/passwd", O_RDONLY|0x80000 /* O_??? */) = 5
9457  14:48:09.996542 _llseek(5, 0, [0], SEEK_CUR) = 0
9457  14:48:09.996576 fstat64(5, {st_mode=S_IFREG|0644, st_size=1624, ...}) = 0
9457  14:48:09.996618 mmap2(NULL, 1624, PROT_READ, MAP_SHARED, 5, 0) = 0xb7f66000
9457  14:48:09.996643 _llseek(5, 1624, [1624], SEEK_SET) = 0
9457  14:48:09.996680 munmap(0xb7f66000, 1624) = 0
9457  14:48:09.996700 close(5)          = 0
9457  14:48:09.996727 setgroups32(0, []) = 0
9457  14:48:09.996746 chdir("/usr/share/empty") = 0
9457  14:48:09.996765 chroot(".")       = 0
9457  14:48:09.996782 capset(NULL, NULL) = -1 EFAULT (Bad address)
9457  14:48:09.996802 prctl(0x8, 0, 0xbf91abb8, 0x80549a6, 0xbf91aba0) = 0
9457  14:48:09.996820 prctl(0x8, 0x1, 0xbf91abb8, 0x8054a49, 0xbf91aba0) = 0
9457  14:48:09.996835 setgid32(65534)   = 0
9457  14:48:09.996850 setuid32(65534)   = 0
9457  14:48:09.996865 capset(0x19980330, 0, {CAP_NET_BIND_SERVICE, CAP_NET_BIND_SERVICE, 0}) = 0
9457  14:48:09.996884 read(4, "\n", 1)  = 1
9457  14:48:09.996906 write(4, "\1", 1) = 1
9459  14:48:09.996923 <... read resumed> "\1", 1) = 1
9459  14:48:09.996935 write(5, "\f", 1) = 1
9459  14:48:09.996950 read(5,  <unfinished ...>
9457  14:48:09.996960 read(4, "\f", 1)  = 1
9457  14:48:09.996978 socket(PF_INET, SOCK_STREAM, IPPROTO_TCP) = 5
9457  14:48:09.997000 setsockopt(5, SOL_SOCKET, SO_REUSEADDR, [1], 4) = 0
9457  14:48:09.997018 gettimeofday({1495651689, 997024}, NULL) = 0
9457  14:48:09.997043 bind(5, {sa_family=AF_INET, sin_port=htons(58033), sin_addr=inet_addr("127.0.0.1")}, 16) = 0
9457  14:48:09.997067 listen(5, 1)      = 0
9457  14:48:09.997087 write(4, "\261\342\0\0", 4) = 4
9459  14:48:09.997103 <... read resumed> "\261\342\0\0", 4) = 4
9459  14:48:09.997125 write(0, "227 Entering Passive Mode (127,0,0,1,226,177).\r\n", 48) = 48
9459  14:48:09.997310 rt_sigaction(SIGALRM, {0x805cad0, ~[RTMIN RT_1], 0}, NULL, 8) = 0
9459  14:48:09.997336 alarm(300)        = 300
9459  14:48:09.997354 recv(0, "STOR myfile27\r\n", 4096, MSG_PEEK) = 15
9459  14:48:09.997373 read(0, "STOR myfile27\r\n", 15) = 15
9459  14:48:09.997396 write(5, "\v", 1) = 1
9459  14:48:09.997412 read(5,  <unfinished ...>
9457  14:48:09.997422 read(4, "\v", 1)  = 1
9457  14:48:09.997439 write(4, "\1\0\0\0", 4) = 4
9459  14:48:09.997455 <... read resumed> "\1\0\0\0", 4) = 4
9459  14:48:09.997468 gettimeofday({1495651689, 997473}, NULL) = 0
9459  14:48:09.997485 getcwd("/home/msfadmin", 4096) = 15
9459  14:48:09.997608 open("myfile27", O_WRONLY|O_CREAT|O_NONBLOCK|O_LARGEFILE, 0666) = 4
9459  14:48:09.997640 fstat64(4, {st_mode=S_IFREG|0644, st_size=17, ...}) = 0
9459  14:48:09.997677 fcntl64(4, F_GETFL) = 0x8801 (flags O_WRONLY|O_NONBLOCK|O_LARGEFILE)
9459  14:48:09.997701 fcntl64(4, F_SETFL, O_WRONLY|O_LARGEFILE) = 0
9459  14:48:09.997722 fcntl64(4, F_SETLKW64, {type=F_WRLCK, whence=SEEK_SET, start=0, len=0}, 0xbf91ab04) = 0
9459  14:48:09.997759 ftruncate64(4, 0) = 0
9459  14:48:09.997804 _llseek(4, 0, [0], SEEK_SET) = 0
9459  14:48:09.997830 write(5, "\v", 1) = 1
9459  14:48:09.997854 read(5,  <unfinished ...>
9457  14:48:09.997871 read(4, "\v", 1)  = 1
9457  14:48:09.997896 write(4, "\1\0\0\0", 4) = 4
9459  14:48:09.997918 <... read resumed> "\1\0\0\0", 4) = 4
9459  14:48:09.997935 write(5, "\v", 1) = 1
9459  14:48:09.997956 read(5,  <unfinished ...>
9457  14:48:09.997970 read(4, "\v", 1)  = 1
9457  14:48:09.997992 write(4, "\1\0\0\0", 4) = 4
9459  14:48:09.998015 <... read resumed> "\1\0\0\0", 4) = 4
9459  14:48:09.998031 write(5, "\r", 1) = 1
9459  14:48:09.998052 read(5,  <unfinished ...>
9457  14:48:09.998066 read(4, "\r", 1)  = 1
9457  14:48:09.998093 select(6, [5], NULL, NULL, {60, 0}) = 1 (in [5], left {60, 0})
9457  14:48:09.998130 accept(5, {sa_family=AF_INET, sin_port=htons(42321), sin_addr=inet_addr("127.0.0.1")}, [16]) = 6
9457  14:48:09.998180 write(4, "\1", 1) = 1
9459  14:48:09.998204 <... read resumed> "\1", 1) = 1
9459  14:48:09.998226 recvmsg(5,  <unfinished ...>
9457  14:48:09.998247 sendmsg(4, {msg_name(0)=NULL, msg_iov(1)=[{"\0", 1}], msg_controllen=16, {cmsg_len=16, cmsg_level=SOL_SOCKET, cmsg_type=SCM_RIGHTS, {6}}, msg_flags=0}, 0) = 1
9459  14:48:09.998297 <... recvmsg resumed> {msg_name(0)=NULL, msg_iov(1)=[{"\0", 1}], msg_controllen=16, {cmsg_len=16, cmsg_level=SOL_SOCKET, cmsg_type=SCM_RIGHTS, {6}}, msg_flags=0}, 0) = 1
9459  14:48:09.998327 setsockopt(6, SOL_SOCKET, SO_KEEPALIVE, [1], 4) = 0
9459  14:48:09.998354 setsockopt(6, SOL_IP, IP_TOS, [8], 4) = 0
9459  14:48:09.998379 setsockopt(6, SOL_SOCKET, SO_LINGER, {onoff=1, linger=32767}, 8) = 0
9459  14:48:09.998405 rt_sigaction(SIGALRM, {0x805cad0, ~[RTMIN RT_1], 0}, NULL, 8) = 0
9459  14:48:09.998434 alarm(300)        = 300
9459  14:48:09.998497 write(0, "150 Ok to send data.\r\n", 22) = 22
9459  14:48:09.998668 mmap2(NULL, 77824, PROT_READ|PROT_WRITE, MAP_PRIVATE|MAP_ANONYMOUS, -1, 0) = 0xb7d9b000
9459  14:48:09.998691 mprotect(0xb7dad000, 4096, PROT_NONE) = 0
9459  14:48:09.998710 mprotect(0xb7d9b000, 4096, PROT_NONE) = 0
9459  14:48:09.998725 read(6, "assasaaa\na\na\na\na\n", 65536) = 17
9459  14:48:09.998745 write(4, "assasaaa\na\na\na\na\n", 17) = 17
9459  14:48:09.998773 read(6, "", 65536) = 0
9459  14:48:09.998788 rt_sigaction(SIGALRM, {0x805cad0, ~[RTMIN RT_1], 0}, NULL, 8) = 0
9459  14:48:09.998809 alarm(300)        = 300
9459  14:48:09.998825 close(6)          = 0
9459  14:48:09.998838 alarm(0)          = 300
9459  14:48:09.998852 gettimeofday({1495651689, 998857}, NULL) = 0
9459  14:48:09.998881 getpid()          = 9459
9459  14:48:09.998899 gettimeofday({1495651689, 998904}, NULL) = 0
9459  14:48:09.998926 fcntl64(3, F_SETLKW64, {type=F_WRLCK, whence=SEEK_SET, start=0, len=0}, 0xbf91aaa4) = 0
9459  14:48:09.998950 write(3, "Wed May 24 14:48:09 2017 [pid 9459] [msfadmin] OK UPLOAD: Client \"127.0.0.1\", \"/home/msfadmin/myfile27\", 17 bytes, 11.60Kbyte/sec\n", 130) = 130
9459  14:48:09.998963 fcntl64(3, F_SETLK64, {type=F_UNLCK, whence=SEEK_SET, start=0, len=0}, 0xbf91aaac) = 0
9459  14:48:09.998963 write(0, "226 Transfer complete.\r\n", 24) = 24
9459  14:48:09.998982 write(5, "\n", 1) = 1
9459  14:48:09.999002 read(5,  <unfinished ...>
9457  14:48:09.999015 close(6)          = 0
9457  14:48:09.999047 read(4, "\n", 1)  = 1
9457  14:48:09.999065 close(5)          = 0
9457  14:48:09.999082 write(4, "\1", 1) = 1
9459  14:48:09.999098 <... read resumed> "\1", 1) = 1
9459  14:48:09.999108 close(4)          = 0
9459  14:48:09.999125 rt_sigaction(SIGALRM, {0x805cad0, ~[RTMIN RT_1], 0}, NULL, 8) = 0
9459  14:48:09.999146 alarm(300)        = 0
9459  14:48:09.999162 recv(0,  <unfinished ...>
9457  14:48:09.999174 read(4,  <unfinished ...>
9459  14:48:10.510169 <... recv resumed> "TYPE I\r\n", 4096, MSG_PEEK) = 8
9459  14:48:10.510423 read(0, "TYPE I\r\n", 8) = 8
9459  14:48:10.510666 write(0, "200 Switching to Binary mode.\r\n", 31) = 31
9459  14:48:10.511057 rt_sigaction(SIGALRM, {0x805cad0, ~[RTMIN RT_1], 0}, NULL, 8) = 0
9459  14:48:10.511179 alarm(300)        = 299
9459  14:48:10.511245 recv(0, "PASV\r\n", 4096, MSG_PEEK) = 6
9459  14:48:10.511298 read(0, "PASV\r\n", 6) = 6
9459  14:48:10.511352 write(5, "\n", 1) = 1
9459  14:48:10.511403 read(5,  <unfinished ...>
9457  14:48:10.511436 <... read resumed> "\n", 1) = 1
9457  14:48:10.511473 write(4, "\1", 1) = 1
9459  14:48:10.511519 <... read resumed> "\1", 1) = 1
9459  14:48:10.511551 write(5, "\f", 1) = 1
9459  14:48:10.511595 read(5,  <unfinished ...>
9457  14:48:10.511625 read(4, "\f", 1)  = 1
9457  14:48:10.511676 socket(PF_INET, SOCK_STREAM, IPPROTO_TCP) = 5
9457  14:48:10.511738 setsockopt(5, SOL_SOCKET, SO_REUSEADDR, [1], 4) = 0
9457  14:48:10.511797 bind(5, {sa_family=AF_INET, sin_port=htons(37972), sin_addr=inet_addr("127.0.0.1")}, 16) = 0
9457  14:48:10.512094 listen(5, 1)      = 0
9457  14:48:10.512163 write(4, "T\224\0\0", 4) = 4
9459  14:48:10.512215 <... read resumed> "T\224\0\0", 4) = 4
9459  14:48:10.512270 write(0, "227 Entering Passive Mode (127,0,0,1,148,84).\r\n", 47) = 47
9459  14:48:10.512708 rt_sigaction(SIGALRM, {0x805cad0, ~[RTMIN RT_1], 0}, NULL, 8) = 0
9459  14:48:10.512782 alarm(300)        = 300
9459  14:48:10.512834 recv(0, "STOR myfile28\r\n", 4096, MSG_PEEK) = 15
9459  14:48:10.512998 read(0, "STOR myfile28\r\n", 15) = 15
9459  14:48:10.513074 write(5, "\v", 1) = 1
9459  14:48:10.513121 read(5,  <unfinished ...>
9457  14:48:10.513153 read(4, "\v", 1)  = 1
9457  14:48:10.513203 write(4, "\1\0\0\0", 4) = 4
9459  14:48:10.513250 <... read resumed> "\1\0\0\0", 4) = 4
9459  14:48:10.513284 gettimeofday({1495651690, 513300}, NULL) = 0
9459  14:48:10.513331 getcwd("/home/msfadmin", 4096) = 15
9459  14:48:10.513385 open("myfile28", O_WRONLY|O_CREAT|O_NONBLOCK|O_LARGEFILE, 0666) = 4
9459  14:48:10.513445 fstat64(4, {st_mode=S_IFREG|0644, st_size=17, ...}) = 0
9459  14:48:10.513521 fcntl64(4, F_GETFL) = 0x8801 (flags O_WRONLY|O_NONBLOCK|O_LARGEFILE)
9459  14:48:10.513569 fcntl64(4, F_SETFL, O_WRONLY|O_LARGEFILE) = 0
9459  14:48:10.513613 fcntl64(4, F_SETLKW64, {type=F_WRLCK, whence=SEEK_SET, start=0, len=0}, 0xbf91ab04) = 0
9459  14:48:10.513672 ftruncate64(4, 0) = 0
9459  14:48:10.513744 _llseek(4, 0, [0], SEEK_SET) = 0
9459  14:48:10.513792 write(5, "\v", 1) = 1
9459  14:48:10.513838 read(5,  <unfinished ...>
9457  14:48:10.513936 read(4, "\v", 1)  = 1
9457  14:48:10.514024 write(4, "\1\0\0\0", 4) = 4
9459  14:48:10.514101 <... read resumed> "\1\0\0\0", 4) = 4
9459  14:48:10.514156 write(5, "\v", 1) = 1
9459  14:48:10.514227 read(5,  <unfinished ...>
9457  14:48:10.514267 read(4, "\v", 1)  = 1
9457  14:48:10.514316 write(4, "\1\0\0\0", 4) = 4
9459  14:48:10.514362 <... read resumed> "\1\0\0\0", 4) = 4
9459  14:48:10.514395 write(5, "\r", 1) = 1
9459  14:48:10.514438 read(5,  <unfinished ...>
9457  14:48:10.514468 read(4, "\r", 1)  = 1
9457  14:48:10.514519 select(6, [5], NULL, NULL, {60, 0}) = 1 (in [5], left {60, 0})
9457  14:48:10.514588 accept(5, {sa_family=AF_INET, sin_port=htons(48363), sin_addr=inet_addr("127.0.0.1")}, [16]) = 6
9457  14:48:10.514685 write(4, "\1", 1) = 1
9459  14:48:10.514731 <... read resumed> "\1", 1) = 1
9459  14:48:10.514768 recvmsg(5,  <unfinished ...>
9457  14:48:10.514805 sendmsg(4, {msg_name(0)=NULL, msg_iov(1)=[{"\0", 1}], msg_controllen=16, {cmsg_len=16, cmsg_level=SOL_SOCKET, cmsg_type=SCM_RIGHTS, {6}}, msg_flags=0}, 0) = 1
9459  14:48:10.514943 <... recvmsg resumed> {msg_name(0)=NULL, msg_iov(1)=[{"\0", 1}], msg_controllen=16, {cmsg_len=16, cmsg_level=SOL_SOCKET, cmsg_type=SCM_RIGHTS, {6}}, msg_flags=0}, 0) = 1
9459  14:48:10.515005 setsockopt(6, SOL_SOCKET, SO_KEEPALIVE, [1], 4) = 0
9459  14:48:10.515059 setsockopt(6, SOL_IP, IP_TOS, [8], 4) = 0
9459  14:48:10.515111 setsockopt(6, SOL_SOCKET, SO_LINGER, {onoff=1, linger=32767}, 8) = 0
9459  14:48:10.515160 rt_sigaction(SIGALRM, {0x805cad0, ~[RTMIN RT_1], 0}, NULL, 8) = 0
9459  14:48:10.515220 alarm(300)        = 300
9459  14:48:10.515278 write(0, "150 Ok to send data.\r\n", 22) = 22
9459  14:48:10.515585 read(6, "assasaaa\na\na\na\na\n", 65536) = 17
9459  14:48:10.515648 write(4, "assasaaa\na\na\na\na\n", 17) = 17
9459  14:48:10.515724 read(6, "", 65536) = 0
9459  14:48:10.515769 rt_sigaction(SIGALRM, {0x805cad0, ~[RTMIN RT_1], 0}, NULL, 8) = 0
9459  14:48:10.515900 alarm(300)        = 300
9459  14:48:10.515950 close(6)          = 0
9459  14:48:10.515990 alarm(0)          = 300
9459  14:48:10.516032 gettimeofday({1495651690, 516048}, NULL) = 0
9459  14:48:10.516097 gettimeofday({1495651690, 516114}, NULL) = 0
9459  14:48:10.516154 fcntl64(3, F_SETLKW64, {type=F_WRLCK, whence=SEEK_SET, start=0, len=0}, 0xbf91aaa4) = 0
9459  14:48:10.516218 write(3, "Wed May 24 14:48:10 2017 [pid 9459] [msfadmin] OK UPLOAD: Client \"127.0.0.1\", \"/home/msfadmin/myfile28\", 17 bytes, 5.90Kbyte/sec\n", 129) = 129
9459  14:48:10.516307 fcntl64(3, F_SETLK64, {type=F_UNLCK, whence=SEEK_SET, start=0, len=0}, 0xbf91aaac) = 0
9459  14:48:10.516371 write(0, "226 Transfer complete.\r\n", 24) = 24
9459  14:48:10.516562 write(5, "\n", 1) = 1
9459  14:48:10.516614 read(5,  <unfinished ...>
9457  14:48:10.516646 close(6)          = 0
9457  14:48:10.516725 read(4, "\n", 1)  = 1
9457  14:48:10.516846 close(5)          = 0
9457  14:48:10.516904 write(4, "\1", 1) = 1
9459  14:48:10.516953 <... read resumed> "\1", 1) = 1
9459  14:48:10.517004 close(4)          = 0
9459  14:48:10.517053 rt_sigaction(SIGALRM, {0x805cad0, ~[RTMIN RT_1], 0}, NULL, 8) = 0
9459  14:48:10.517113 alarm(300)        = 0
9459  14:48:10.517162 recv(0,  <unfinished ...>
9457  14:48:10.517196 read(4,  <unfinished ...>
9459  14:48:11.058836 <... recv resumed> "TYPE I\r\n", 4096, MSG_PEEK) = 8
9459  14:48:11.058885 read(0, "TYPE I\r\n", 8) = 8
9459  14:48:11.058926 write(0, "200 Switching to Binary mode.\r\n", 31) = 31
9459  14:48:11.059017 rt_sigaction(SIGALRM, {0x805cad0, ~[RTMIN RT_1], 0}, NULL, 8) = 0
9459  14:48:11.059051 alarm(300)        = 299
9459  14:48:11.059077 recv(0, "PASV\r\n", 4096, MSG_PEEK) = 6
9459  14:48:11.059100 read(0, "PASV\r\n", 6) = 6
9459  14:48:11.059161 write(5, "\n", 1) = 1
9459  14:48:11.059189 read(5,  <unfinished ...>
9457  14:48:11.059205 <... read resumed> "\n", 1) = 1
9457  14:48:11.059223 write(4, "\1", 1) = 1
9459  14:48:11.059244 <... read resumed> "\1", 1) = 1
9459  14:48:11.059259 write(5, "\f", 1) = 1
9459  14:48:11.059280 read(5,  <unfinished ...>
9457  14:48:11.059294 read(4, "\f", 1)  = 1
9457  14:48:11.059318 socket(PF_INET, SOCK_STREAM, IPPROTO_TCP) = 5
9457  14:48:11.059348 setsockopt(5, SOL_SOCKET, SO_REUSEADDR, [1], 4) = 0
9457  14:48:11.059376 bind(5, {sa_family=AF_INET, sin_port=htons(31609), sin_addr=inet_addr("127.0.0.1")}, 16) = 0
9457  14:48:11.059407 listen(5, 1)      = 0
9457  14:48:11.059433 write(4, "y{\0\0", 4) = 4
9459  14:48:11.059455 <... read resumed> "y{\0\0", 4) = 4
9459  14:48:11.059479 write(0, "227 Entering Passive Mode (127,0,0,1,123,121).\r\n", 48) = 48
9459  14:48:11.059722 rt_sigaction(SIGALRM, {0x805cad0, ~[RTMIN RT_1], 0}, NULL, 8) = 0
9459  14:48:11.059758 alarm(300)        = 300
9459  14:48:11.059782 recv(0, "STOR myfile29\r\n", 4096, MSG_PEEK) = 15
9459  14:48:11.059807 read(0, "STOR myfile29\r\n", 15) = 15
9459  14:48:11.059835 write(5, "\v", 1) = 1
9459  14:48:11.059857 read(5,  <unfinished ...>
9457  14:48:11.059872 read(4, "\v", 1)  = 1
9457  14:48:11.059895 write(4, "\1\0\0\0", 4) = 4
9459  14:48:11.059917 <... read resumed> "\1\0\0\0", 4) = 4
9459  14:48:11.059933 gettimeofday({1495651691, 59941}, NULL) = 0
9459  14:48:11.059956 getcwd("/home/msfadmin", 4096) = 15
9459  14:48:11.059981 open("myfile29", O_WRONLY|O_CREAT|O_NONBLOCK|O_LARGEFILE, 0666) = 4
9459  14:48:11.060009 fstat64(4, {st_mode=S_IFREG|0644, st_size=17, ...}) = 0
9459  14:48:11.060044 fcntl64(4, F_GETFL) = 0x8801 (flags O_WRONLY|O_NONBLOCK|O_LARGEFILE)
9459  14:48:11.060095 fcntl64(4, F_SETFL, O_WRONLY|O_LARGEFILE) = 0
9459  14:48:11.060116 fcntl64(4, F_SETLKW64, {type=F_WRLCK, whence=SEEK_SET, start=0, len=0}, 0xbf91ab04) = 0
9459  14:48:11.060144 ftruncate64(4, 0) = 0
9459  14:48:11.060180 _llseek(4, 0, [0], SEEK_SET) = 0
9459  14:48:11.060203 write(5, "\v", 1) = 1
9459  14:48:11.060225 read(5,  <unfinished ...>
9457  14:48:11.060240 read(4, "\v", 1)  = 1
9457  14:48:11.060263 write(4, "\1\0\0\0", 4) = 4
9459  14:48:11.060284 <... read resumed> "\1\0\0\0", 4) = 4
9459  14:48:11.060300 write(5, "\v", 1) = 1
9459  14:48:11.060320 read(5,  <unfinished ...>
9457  14:48:11.060333 read(4, "\v", 1)  = 1
9457  14:48:11.060355 write(4, "\1\0\0\0", 4) = 4
9459  14:48:11.060376 <... read resumed> "\1\0\0\0", 4) = 4
9459  14:48:11.060397 write(5, "\r", 1) = 1
9459  14:48:11.060409 read(5,  <unfinished ...>
9457  14:48:11.060418 read(4, "\r", 1)  = 1
9457  14:48:11.060433 select(6, [5], NULL, NULL, {60, 0}) = 1 (in [5], left {60, 0})
9457  14:48:11.060454 accept(5, {sa_family=AF_INET, sin_port=htons(41047), sin_addr=inet_addr("127.0.0.1")}, [16]) = 6
9457  14:48:11.060483 write(4, "\1", 1) = 1
9459  14:48:11.060496 <... read resumed> "\1", 1) = 1
9459  14:48:11.060508 recvmsg(5,  <unfinished ...>
9457  14:48:11.060518 sendmsg(4, {msg_name(0)=NULL, msg_iov(1)=[{"\0", 1}], msg_controllen=16, {cmsg_len=16, cmsg_level=SOL_SOCKET, cmsg_type=SCM_RIGHTS, {6}}, msg_flags=0}, 0) = 1
9459  14:48:11.060566 <... recvmsg resumed> {msg_name(0)=NULL, msg_iov(1)=[{"\0", 1}], msg_controllen=16, {cmsg_len=16, cmsg_level=SOL_SOCKET, cmsg_type=SCM_RIGHTS, {6}}, msg_flags=0}, 0) = 1
9459  14:48:11.060608 setsockopt(6, SOL_SOCKET, SO_KEEPALIVE, [1], 4) = 0
9459  14:48:11.060625 setsockopt(6, SOL_IP, IP_TOS, [8], 4) = 0
9459  14:48:11.060641 setsockopt(6, SOL_SOCKET, SO_LINGER, {onoff=1, linger=32767}, 8) = 0
9459  14:48:11.060655 rt_sigaction(SIGALRM, {0x805cad0, ~[RTMIN RT_1], 0}, NULL, 8) = 0
9459  14:48:11.060673 alarm(300)        = 300
9459  14:48:11.060689 write(0, "150 Ok to send data.\r\n", 22) = 22
9459  14:48:11.060775 read(6, "assasaaa\na\na\na\na\n", 65536) = 17
9459  14:48:11.060793 write(4, "assasaaa\na\na\na\na\n", 17) = 17
9459  14:48:11.060814 read(6, "", 65536) = 0
9459  14:48:11.060828 rt_sigaction(SIGALRM, {0x805cad0, ~[RTMIN RT_1], 0}, NULL, 8) = 0
9459  14:48:11.060845 alarm(300)        = 300
9459  14:48:11.060858 close(6)          = 0
9459  14:48:11.060870 alarm(0)          = 300
9459  14:48:11.060882 gettimeofday({1495651691, 60887}, NULL) = 0
9459  14:48:11.060901 gettimeofday({1495651691, 60906}, NULL) = 0
9459  14:48:11.060919 fcntl64(3, F_SETLKW64, {type=F_WRLCK, whence=SEEK_SET, start=0, len=0}, 0xbf91aaa4) = 0
9459  14:48:11.060938 write(3, "Wed May 24 14:48:11 2017 [pid 9459] [msfadmin] OK UPLOAD: Client \"127.0.0.1\", \"/home/msfadmin/myfile29\", 17 bytes, 17.20Kbyte/sec\n", 130) = 130
9459  14:48:11.060965 fcntl64(3, F_SETLK64, {type=F_UNLCK, whence=SEEK_SET, start=0, len=0}, 0xbf91aaac) = 0
9459  14:48:11.060984 write(0, "226 Transfer complete.\r\n", 24) = 24
9459  14:48:11.061051 write(5, "\n", 1) = 1
9459  14:48:11.061071 read(5,  <unfinished ...>
9457  14:48:11.061080 close(6)          = 0
9457  14:48:11.061105 read(4, "\n", 1)  = 1
9457  14:48:11.061120 close(5)          = 0
9457  14:48:11.061134 write(4, "\1", 1) = 1
9459  14:48:11.061148 <... read resumed> "\1", 1) = 1
9459  14:48:11.061157 close(4)          = 0
9459  14:48:11.061171 rt_sigaction(SIGALRM, {0x805cad0, ~[RTMIN RT_1], 0}, NULL, 8) = 0
9459  14:48:11.061189 alarm(300)        = 0
9459  14:48:11.061203 recv(0,  <unfinished ...>
9457  14:48:11.061214 read(4,  <unfinished ...>
9459  14:48:11.588740 <... recv resumed> "TYPE I\r\n", 4096, MSG_PEEK) = 8
9459  14:48:11.588781 read(0, "TYPE I\r\n", 8) = 8
9459  14:48:11.588810 write(0, "200 Switching to Binary mode.\r\n", 31) = 31
9459  14:48:11.588878 rt_sigaction(SIGALRM, {0x805cad0, ~[RTMIN RT_1], 0}, NULL, 8) = 0
9459  14:48:11.588903 alarm(300)        = 299
9459  14:48:11.588922 recv(0, "PASV\r\n", 4096, MSG_PEEK) = 6
9459  14:48:11.588938 read(0, "PASV\r\n", 6) = 6
9459  14:48:11.588956 write(5, "\n", 1) = 1
9459  14:48:11.588974 read(5,  <unfinished ...>
9457  14:48:11.588986 <... read resumed> "\n", 1) = 1
