10705 15:00:42.196223 open("/etc/group", O_RDONLY|0x80000 /* O_??? */) = 4
10705 15:00:42.196251 _llseek(4, 0, [0], SEEK_CUR) = 0
10705 15:00:42.196271 fstat64(4, {st_mode=S_IFREG|0644, st_size=886, ...}) = 0
10705 15:00:42.196304 mmap2(NULL, 886, PROT_READ, MAP_SHARED, 4, 0) = 0xb7f1a000
10705 15:00:42.196325 _llseek(4, 886, [886], SEEK_SET) = 0
10705 15:00:42.196372 fstat64(4, {st_mode=S_IFREG|0644, st_size=886, ...}) = 0
10705 15:00:42.196406 munmap(0xb7f1a000, 886) = 0
10705 15:00:42.196426 close(4)          = 0
10705 15:00:42.196445 setgroups32(13, [1000, 4, 20, 24, 25, 29, 30, 44, 46, 107, 111, 112, 119]) = 0
10705 15:00:42.196477 geteuid32()       = 0
10705 15:00:42.196499 getegid32()       = 0
10705 15:00:42.196520 setregid32(-1, 1000) = 0
10705 15:00:42.196540 setreuid32(-1, 1000) = 0
10705 15:00:42.196561 chdir("/home/msfadmin") = 0
10705 15:00:42.196585 setreuid32(-1, 0) = 0
10705 15:00:42.196602 setregid32(-1, 0) = 0
10705 15:00:42.196623 setgid32(1000)    = 0
10705 15:00:42.196642 setuid32(1000)    = 0
10705 15:00:42.196662 setrlimit(RLIMIT_NPROC, {rlim_cur=0, rlim_max=0}) = 0
10705 15:00:42.196692 mmap2(NULL, 12288, PROT_READ|PROT_WRITE, MAP_PRIVATE|MAP_ANONYMOUS, -1, 0) = 0xb7f18000
10705 15:00:42.196725 mprotect(0xb7f1a000, 4096, PROT_NONE) = 0
10705 15:00:42.196759 mprotect(0xb7f18000, 4096, PROT_NONE) = 0
10705 15:00:42.196809 getcwd("/home/msfadmin", 4096) = 15
10705 15:00:42.196843 umask(022)        = 077
10705 15:00:42.196866 getcwd("/home/msfadmin", 4096) = 15
10705 15:00:42.196904 open(".message", O_RDONLY|O_NONBLOCK|O_LARGEFILE) = -1 ENOENT (No such file or directory)
10705 15:00:42.196965 write(0, "230 Login successful.\r\n", 23) = 23
10705 15:00:42.197195 rt_sigaction(SIGALRM, {0x805cad0, ~[RTMIN RT_1], 0}, NULL, 8) = 0
10705 15:00:42.197231 alarm(300)        = 0
10705 15:00:42.197253 mmap2(NULL, 12288, PROT_READ|PROT_WRITE, MAP_PRIVATE|MAP_ANONYMOUS, -1, 0) = 0xb7f15000
10705 15:00:42.197276 mprotect(0xb7f17000, 4096, PROT_NONE) = 0
10705 15:00:42.197298 mprotect(0xb7f15000, 4096, PROT_NONE) = 0
10705 15:00:42.197323 recv(0, "TYPE I\r\n", 4096, MSG_PEEK) = 8
10705 15:00:42.197348 read(0, "TYPE I\r\n", 8) = 8
10705 15:00:42.197381 write(0, "200 Switching to Binary mode.\r\n", 31) = 31
10705 15:00:42.197457 rt_sigaction(SIGALRM, {0x805cad0, ~[RTMIN RT_1], 0}, NULL, 8) = 0
10705 15:00:42.197485 alarm(300)        = 300
10705 15:00:42.197507 recv(0, "PASV\r\n", 4096, MSG_PEEK) = 6
10705 15:00:42.197528 read(0, "PASV\r\n", 6) = 6
10705 15:00:42.197551 write(5, "\n", 1) = 1
10705 15:00:42.197573 read(5,  <unfinished ...>
10703 15:00:42.197600 close(5)          = 0
10703 15:00:42.197625 getuid32()        = 0
10703 15:00:42.197655 open("/etc/passwd", O_RDONLY|0x80000 /* O_??? */) = 5
10703 15:00:42.197684 _llseek(5, 0, [0], SEEK_CUR) = 0
10703 15:00:42.197708 fstat64(5, {st_mode=S_IFREG|0644, st_size=1624, ...}) = 0
10703 15:00:42.197743 mmap2(NULL, 1624, PROT_READ, MAP_SHARED, 5, 0) = 0xb7f1a000
10703 15:00:42.197765 _llseek(5, 1624, [1624], SEEK_SET) = 0
10703 15:00:42.197801 munmap(0xb7f1a000, 1624) = 0
10703 15:00:42.197823 close(5)          = 0
10703 15:00:42.197855 setgroups32(0, []) = 0
10703 15:00:42.197878 chdir("/usr/share/empty") = 0
10703 15:00:42.197903 chroot(".")       = 0
10703 15:00:42.197923 capset(NULL, NULL) = -1 EFAULT (Bad address)
10703 15:00:42.197949 prctl(0x8, 0, 0xbf9e9c88, 0x80549a6, 0xbf9e9c70) = 0
10703 15:00:42.197971 prctl(0x8, 0x1, 0xbf9e9c88, 0x8054a49, 0xbf9e9c70) = 0
10703 15:00:42.197990 setgid32(65534)   = 0
10703 15:00:42.198010 setuid32(65534)   = 0
10703 15:00:42.198028 capset(0x19980330, 0, {CAP_NET_BIND_SERVICE, CAP_NET_BIND_SERVICE, 0}) = 0
10703 15:00:42.198054 read(4, "\n", 1)  = 1
10703 15:00:42.198101 write(4, "\1", 1) = 1
10705 15:00:42.198125 <... read resumed> "\1", 1) = 1
10705 15:00:42.198140 write(5, "\f", 1) = 1
10705 15:00:42.198159 read(5,  <unfinished ...>
10703 15:00:42.198172 read(4, "\f", 1)  = 1
10703 15:00:42.198198 socket(PF_INET, SOCK_STREAM, IPPROTO_TCP) = 5
10703 15:00:42.198225 setsockopt(5, SOL_SOCKET, SO_REUSEADDR, [1], 4) = 0
10703 15:00:42.198248 gettimeofday({1495652442, 198255}, NULL) = 0
10703 15:00:42.198281 bind(5, {sa_family=AF_INET, sin_port=htons(35540), sin_addr=inet_addr("127.0.0.1")}, 16) = 0
10703 15:00:42.198311 listen(5, 1)      = 0
10703 15:00:42.198337 write(4, "\324\212\0\0", 4) = 4
10705 15:00:42.198359 <... read resumed> "\324\212\0\0", 4) = 4
10705 15:00:42.198386 write(0, "227 Entering Passive Mode (127,0,0,1,138,212).\r\n", 48) = 48
10705 15:00:42.198587 rt_sigaction(SIGALRM, {0x805cad0, ~[RTMIN RT_1], 0}, NULL, 8) = 0
10705 15:00:42.198622 alarm(300)        = 300
10705 15:00:42.198644 recv(0, "STOR myfile34\r\n", 4096, MSG_PEEK) = 15
10705 15:00:42.198668 read(0, "STOR myfile34\r\n", 15) = 15
10705 15:00:42.198696 write(5, "\v", 1) = 1
10705 15:00:42.198717 read(5,  <unfinished ...>
10703 15:00:42.198731 read(4, "\v", 1)  = 1
10703 15:00:42.198753 write(4, "\1\0\0\0", 4) = 4
10705 15:00:42.198773 <... read resumed> "\1\0\0\0", 4) = 4
10705 15:00:42.198789 gettimeofday({1495652442, 198796}, NULL) = 0
10705 15:00:42.198810 getcwd("/home/msfadmin", 4096) = 15
10705 15:00:42.198893 open("myfile34", O_WRONLY|O_CREAT|O_NONBLOCK|O_LARGEFILE, 0666) = 4
10705 15:00:42.198929 fstat64(4, {st_mode=S_IFREG|0644, st_size=17, ...}) = 0
10705 15:00:42.198962 fcntl64(4, F_GETFL) = 0x8801 (flags O_WRONLY|O_NONBLOCK|O_LARGEFILE)
10705 15:00:42.198992 fcntl64(4, F_SETFL, O_WRONLY|O_LARGEFILE) = 0
10705 15:00:42.199012 fcntl64(4, F_SETLKW64, {type=F_WRLCK, whence=SEEK_SET, start=0, len=0}, 0xbf9e9bd4) = 0
10705 15:00:42.199067 ftruncate64(4, 0) = 0
10705 15:00:42.199107 _llseek(4, 0, [0], SEEK_SET) = 0
10705 15:00:42.199129 write(5, "\v", 1) = 1
10705 15:00:42.199150 read(5,  <unfinished ...>
10703 15:00:42.199164 read(4, "\v", 1)  = 1
10703 15:00:42.199186 write(4, "\1\0\0\0", 4) = 4
10705 15:00:42.199206 <... read resumed> "\1\0\0\0", 4) = 4
10705 15:00:42.199221 write(5, "\v", 1) = 1
10705 15:00:42.199240 read(5,  <unfinished ...>
10703 15:00:42.199253 read(4, "\v", 1)  = 1
10703 15:00:42.199273 write(4, "\1\0\0\0", 4) = 4
10705 15:00:42.199293 <... read resumed> "\1\0\0\0", 4) = 4
10705 15:00:42.199307 write(5, "\r", 1) = 1
10705 15:00:42.199326 read(5,  <unfinished ...>
10703 15:00:42.199339 read(4, "\r", 1)  = 1
10703 15:00:42.199363 select(6, [5], NULL, NULL, {60, 0}) = 1 (in [5], left {60, 0})
10703 15:00:42.199396 accept(5, {sa_family=AF_INET, sin_port=htons(59899), sin_addr=inet_addr("127.0.0.1")}, [16]) = 6
10703 15:00:42.199439 write(4, "\1", 1) = 1
10705 15:00:42.199459 <... read resumed> "\1", 1) = 1
10705 15:00:42.199478 recvmsg(5,  <unfinished ...>
10703 15:00:42.199496 sendmsg(4, {msg_name(0)=NULL, msg_iov(1)=[{"\0", 1}], msg_controllen=16, {cmsg_len=16, cmsg_level=SOL_SOCKET, cmsg_type=SCM_RIGHTS, {6}}, msg_flags=0}, 0) = 1
10705 15:00:42.199528 <... recvmsg resumed> {msg_name(0)=NULL, msg_iov(1)=[{"\0", 1}], msg_controllen=16, {cmsg_len=16, cmsg_level=SOL_SOCKET, cmsg_type=SCM_RIGHTS, {6}}, msg_flags=0}, 0) = 1
10705 15:00:42.199554 setsockopt(6, SOL_SOCKET, SO_KEEPALIVE, [1], 4) = 0
10705 15:00:42.199578 setsockopt(6, SOL_IP, IP_TOS, [8], 4) = 0
10705 15:00:42.199600 setsockopt(6, SOL_SOCKET, SO_LINGER, {onoff=1, linger=32767}, 8) = 0
10705 15:00:42.199621 rt_sigaction(SIGALRM, {0x805cad0, ~[RTMIN RT_1], 0}, NULL, 8) = 0
10705 15:00:42.199647 alarm(300)        = 300
10705 15:00:42.199672 write(0, "150 Ok to send data.\r\n", 22) = 22
10705 15:00:42.199793 mmap2(NULL, 77824, PROT_READ|PROT_WRITE, MAP_PRIVATE|MAP_ANONYMOUS, -1, 0) = 0xb7d4f000
10705 15:00:42.199820 mprotect(0xb7d61000, 4096, PROT_NONE) = 0
10705 15:00:42.199843 mprotect(0xb7d4f000, 4096, PROT_NONE) = 0
10705 15:00:42.199863 read(6, "assasaaa\na\na\na\na\n", 65536) = 17
10705 15:00:42.199889 write(4, "assasaaa\na\na\na\na\n", 17) = 17
10705 15:00:42.199919 read(6, "", 65536) = 0
10705 15:00:42.199939 rt_sigaction(SIGALRM, {0x805cad0, ~[RTMIN RT_1], 0}, NULL, 8) = 0
10705 15:00:42.199965 alarm(300)        = 300
10705 15:00:42.199984 close(6)          = 0
10705 15:00:42.200020 alarm(0)          = 300
10705 15:00:42.200040 gettimeofday({1495652442, 200047}, NULL) = 0
10705 15:00:42.200076 getpid()          = 10705
10705 15:00:42.200099 gettimeofday({1495652442, 200107}, NULL) = 0
10705 15:00:42.200133 fcntl64(3, F_SETLKW64, {type=F_WRLCK, whence=SEEK_SET, start=0, len=0}, 0xbf9e9b74) = 0
10705 15:00:42.200161 write(3, "Wed May 24 15:00:42 2017 [pid 10705] [msfadmin] OK UPLOAD: Client \"127.0.0.1\", \"/home/msfadmin/myfile34\", 17 bytes, 12.66Kbyte/sec\n", 131) = 131
10705 15:00:42.200200 fcntl64(3, F_SETLK64, {type=F_UNLCK, whence=SEEK_SET, start=0, len=0}, 0xbf9e9b7c) = 0
10705 15:00:42.200228 write(0, "226 Transfer complete.\r\n", 24) = 24
10705 15:00:42.200306 write(5, "\n", 1) = 1
10705 15:00:42.200329 read(5,  <unfinished ...>
10703 15:00:42.200343 close(6)          = 0
10703 15:00:42.200377 read(4, "\n", 1)  = 1
10703 15:00:42.200400 close(5)          = 0
10703 15:00:42.200421 write(4, "\1", 1) = 1
10705 15:00:42.200441 <... read resumed> "\1", 1) = 1
10705 15:00:42.200455 close(4)          = 0
10705 15:00:42.200475 rt_sigaction(SIGALRM, {0x805cad0, ~[RTMIN RT_1], 0}, NULL, 8) = 0
10705 15:00:42.200501 alarm(300)        = 0
10705 15:00:42.200522 recv(0,  <unfinished ...>
10703 15:00:42.200537 read(4,  <unfinished ...>
10705 15:00:42.716443 <... recv resumed> "TYPE I\r\n", 4096, MSG_PEEK) = 8
10705 15:00:42.716530 read(0, "TYPE I\r\n", 8) = 8
10705 15:00:42.716632 write(0, "200 Switching to Binary mode.\r\n", 31) = 31
10705 15:00:42.716905 rt_sigaction(SIGALRM, {0x805cad0, ~[RTMIN RT_1], 0}, NULL, 8) = 0
10705 15:00:42.716980 alarm(300)        = 299
10705 15:00:42.717032 recv(0, "PASV\r\n", 4096, MSG_PEEK) = 6
10705 15:00:42.717081 read(0, "PASV\r\n", 6) = 6
10705 15:00:42.717133 write(5, "\n", 1) = 1
10705 15:00:42.717184 read(5,  <unfinished ...>
10703 15:00:42.717217 <... read resumed> "\n", 1) = 1
10703 15:00:42.717252 write(4, "\1", 1) = 1
10705 15:00:42.717297 <... read resumed> "\1", 1) = 1
10705 15:00:42.717329 write(5, "\f", 1) = 1
10705 15:00:42.717373 read(5,  <unfinished ...>
10703 15:00:42.717402 read(4, "\f", 1)  = 1
10703 15:00:42.717453 socket(PF_INET, SOCK_STREAM, IPPROTO_TCP) = 5
10703 15:00:42.717514 setsockopt(5, SOL_SOCKET, SO_REUSEADDR, [1], 4) = 0
10703 15:00:42.717572 bind(5, {sa_family=AF_INET, sin_port=htons(8995), sin_addr=inet_addr("127.0.0.1")}, 16) = 0
10703 15:00:42.717686 listen(5, 1)      = 0
10703 15:00:42.717748 write(4, "##\0\0", 4) = 4
10705 15:00:42.717798 <... read resumed> "##\0\0", 4) = 4
10705 15:00:42.717850 write(0, "227 Entering Passive Mode (127,0,0,1,35,35).\r\n", 46) = 46
10705 15:00:42.718264 rt_sigaction(SIGALRM, {0x805cad0, ~[RTMIN RT_1], 0}, NULL, 8) = 0
10705 15:00:42.718337 alarm(300)        = 300
10705 15:00:42.718386 recv(0, "STOR myfile35\r\n", 4096, MSG_PEEK) = 15
10705 15:00:42.718438 read(0, "STOR myfile35\r\n", 15) = 15
10705 15:00:42.718496 write(5, "\v", 1) = 1
10705 15:00:42.718542 read(5,  <unfinished ...>
10703 15:00:42.718574 read(4, "\v", 1)  = 1
10703 15:00:42.718688 write(4, "\1\0\0\0", 4) = 4
10705 15:00:42.718740 <... read resumed> "\1\0\0\0", 4) = 4
10705 15:00:42.718774 gettimeofday({1495652442, 718790}, NULL) = 0
10705 15:00:42.718822 getcwd("/home/msfadmin", 4096) = 15
10705 15:00:42.718876 open("myfile35", O_WRONLY|O_CREAT|O_NONBLOCK|O_LARGEFILE, 0666) = 4
10705 15:00:42.718934 fstat64(4, {st_mode=S_IFREG|0644, st_size=17, ...}) = 0
10705 15:00:42.719009 fcntl64(4, F_GETFL) = 0x8801 (flags O_WRONLY|O_NONBLOCK|O_LARGEFILE)
10705 15:00:42.719057 fcntl64(4, F_SETFL, O_WRONLY|O_LARGEFILE) = 0
10705 15:00:42.719100 fcntl64(4, F_SETLKW64, {type=F_WRLCK, whence=SEEK_SET, start=0, len=0}, 0xbf9e9bd4) = 0
10705 15:00:42.719536 ftruncate64(4, 0) = 0
10705 15:00:42.719814 _llseek(4, 0, [0], SEEK_SET) = 0
10705 15:00:42.719964 write(5, "\v", 1) = 1
10705 15:00:42.720081 read(5,  <unfinished ...>
10703 15:00:42.720145 read(4, "\v", 1)  = 1
10703 15:00:42.720231 write(4, "\1\0\0\0", 4) = 4
10705 15:00:42.720278 <... read resumed> "\1\0\0\0", 4) = 4
10705 15:00:42.720311 write(5, "\v", 1) = 1
10705 15:00:42.720353 read(5,  <unfinished ...>
10703 15:00:42.720382 read(4, "\v", 1)  = 1
10703 15:00:42.720429 write(4, "\1\0\0\0", 4) = 4
10705 15:00:42.720472 <... read resumed> "\1\0\0\0", 4) = 4
10705 15:00:42.720505 write(5, "\r", 1) = 1
10705 15:00:42.720548 read(5,  <unfinished ...>
10703 15:00:42.720577 read(4, "\r", 1)  = 1
10703 15:00:42.720627 select(6, [5], NULL, NULL, {60, 0}) = 1 (in [5], left {60, 0})
10703 15:00:42.720695 accept(5, {sa_family=AF_INET, sin_port=htons(49237), sin_addr=inet_addr("127.0.0.1")}, [16]) = 6
10703 15:00:42.720790 write(4, "\1", 1) = 1
10705 15:00:42.720835 <... read resumed> "\1", 1) = 1
10705 15:00:42.720874 recvmsg(5,  <unfinished ...>
10703 15:00:42.721310 sendmsg(4, {msg_name(0)=NULL, msg_iov(1)=[{"\0", 1}], msg_controllen=16, {cmsg_len=16, cmsg_level=SOL_SOCKET, cmsg_type=SCM_RIGHTS, {6}}, msg_flags=0}, 0) = 1
10705 15:00:42.721404 <... recvmsg resumed> {msg_name(0)=NULL, msg_iov(1)=[{"\0", 1}], msg_controllen=16, {cmsg_len=16, cmsg_level=SOL_SOCKET, cmsg_type=SCM_RIGHTS, {6}}, msg_flags=0}, 0) = 1
10705 15:00:42.721466 setsockopt(6, SOL_SOCKET, SO_KEEPALIVE, [1], 4) = 0
10705 15:00:42.721520 setsockopt(6, SOL_IP, IP_TOS, [8], 4) = 0
10705 15:00:42.721572 setsockopt(6, SOL_SOCKET, SO_LINGER, {onoff=1, linger=32767}, 8) = 0
10705 15:00:42.721622 rt_sigaction(SIGALRM, {0x805cad0, ~[RTMIN RT_1], 0}, NULL, 8) = 0
10705 15:00:42.721682 alarm(300)        = 300
10705 15:00:42.721742 write(0, "150 Ok to send data.\r\n", 22) = 22
10705 15:00:42.722073 read(6, "assasaaa\na\na\na\na\n", 65536) = 17
10705 15:00:42.722207 write(4, "assasaaa\na\na\na\na\n", 17) = 17
10705 15:00:42.722282 read(6, "", 65536) = 0
10705 15:00:42.722328 rt_sigaction(SIGALRM, {0x805cad0, ~[RTMIN RT_1], 0}, NULL, 8) = 0
10705 15:00:42.722389 alarm(300)        = 300
10705 15:00:42.722432 close(6)          = 0
10705 15:00:42.722473 alarm(0)          = 300
10705 15:00:42.722524 gettimeofday({1495652442, 722548}, NULL) = 0
10705 15:00:42.722615 gettimeofday({1495652442, 722645}, NULL) = 0
10705 15:00:42.722691 fcntl64(3, F_SETLKW64, {type=F_WRLCK, whence=SEEK_SET, start=0, len=0}, 0xbf9e9b74) = 0
10705 15:00:42.722759 write(3, "Wed May 24 15:00:42 2017 [pid 10705] [msfadmin] OK UPLOAD: Client \"127.0.0.1\", \"/home/msfadmin/myfile35\", 17 bytes, 4.31Kbyte/sec\n", 130) = 130
10705 15:00:42.722846 fcntl64(3, F_SETLK64, {type=F_UNLCK, whence=SEEK_SET, start=0, len=0}, 0xbf9e9b7c) = 0
10705 15:00:42.722910 write(0, "226 Transfer complete.\r\n", 24) = 24
10705 15:00:42.723144 write(5, "\n", 1) = 1
10705 15:00:42.723209 read(5,  <unfinished ...>
10703 15:00:42.723243 close(6)          = 0
10703 15:00:42.723326 read(4, "\n", 1)  = 1
10703 15:00:42.723379 close(5)          = 0
10703 15:00:42.723426 write(4, "\1", 1) = 1
10705 15:00:42.723474 <... read resumed> "\1", 1) = 1
10705 15:00:42.723505 close(4)          = 0
10705 15:00:42.723552 rt_sigaction(SIGALRM, {0x805cad0, ~[RTMIN RT_1], 0}, NULL, 8) = 0
10705 15:00:42.723610 alarm(300)        = 0
10705 15:00:42.723658 recv(0,  <unfinished ...>
10703 15:00:42.723691 read(4,  <unfinished ...>
10705 15:00:43.266188 <... recv resumed> "TYPE I\r\n", 4096, MSG_PEEK) = 8
10705 15:00:43.266286 read(0, "TYPE I\r\n", 8) = 8
10705 15:00:43.266368 write(0, "200 Switching to Binary mode.\r\n", 31) = 31
10705 15:00:43.266560 rt_sigaction(SIGALRM, {0x805cad0, ~[RTMIN RT_1], 0}, NULL, 8) = 0
10705 15:00:43.266690 alarm(300)        = 299
10705 15:00:43.266747 recv(0, "PASV\r\n", 4096, MSG_PEEK) = 6
10705 15:00:43.266799 read(0, "PASV\r\n", 6) = 6
10705 15:00:43.266853 write(5, "\n", 1) = 1
10705 15:00:43.266904 read(5,  <unfinished ...>
10703 15:00:43.266936 <... read resumed> "\n", 1) = 1
10703 15:00:43.266972 write(4, "\1", 1) = 1
10705 15:00:43.267019 <... read resumed> "\1", 1) = 1
10705 15:00:43.267050 write(5, "\f", 1) = 1
10705 15:00:43.267132 read(5,  <unfinished ...>
10703 15:00:43.267176 read(4, "\f", 1)  = 1
10703 15:00:43.267230 socket(PF_INET, SOCK_STREAM, IPPROTO_TCP) = 5
10703 15:00:43.267292 setsockopt(5, SOL_SOCKET, SO_REUSEADDR, [1], 4) = 0
10703 15:00:43.267351 bind(5, {sa_family=AF_INET, sin_port=htons(31337), sin_addr=inet_addr("127.0.0.1")}, 16) = 0
10703 15:00:43.267417 listen(5, 1)      = 0
10703 15:00:43.267472 write(4, "iz\0\0", 4) = 4
10705 15:00:43.267520 <... read resumed> "iz\0\0", 4) = 4
10705 15:00:43.267571 write(0, "227 Entering Passive Mode (127,0,0,1,122,105).\r\n", 48) = 48
10705 15:00:43.268036 rt_sigaction(SIGALRM, {0x805cad0, ~[RTMIN RT_1], 0}, NULL, 8) = 0
10705 15:00:43.268169 alarm(300)        = 300
10705 15:00:43.268225 recv(0, "STOR myfile36\r\n", 4096, MSG_PEEK) = 15
10705 15:00:43.268280 read(0, "STOR myfile36\r\n", 15) = 15
10705 15:00:43.268340 write(5, "\v", 1) = 1
10705 15:00:43.268387 read(5,  <unfinished ...>
10703 15:00:43.268419 read(4, "\v", 1)  = 1
10703 15:00:43.268467 write(4, "\1\0\0\0", 4) = 4
10705 15:00:43.268513 <... read resumed> "\1\0\0\0", 4) = 4
10705 15:00:43.268547 gettimeofday({1495652443, 268563}, NULL) = 0
10705 15:00:43.268643 getcwd("/home/msfadmin", 4096) = 15
10705 15:00:43.268703 open("myfile36", O_WRONLY|O_CREAT|O_NONBLOCK|O_LARGEFILE, 0666) = 4
10705 15:00:43.268762 fstat64(4, {st_mode=S_IFREG|0644, st_size=17, ...}) = 0
10705 15:00:43.268836 fcntl64(4, F_GETFL) = 0x8801 (flags O_WRONLY|O_NONBLOCK|O_LARGEFILE)
10705 15:00:43.268884 fcntl64(4, F_SETFL, O_WRONLY|O_LARGEFILE) = 0
10705 15:00:43.268928 fcntl64(4, F_SETLKW64, {type=F_WRLCK, whence=SEEK_SET, start=0, len=0}, 0xbf9e9bd4) = 0
10705 15:00:43.268986 ftruncate64(4, 0) = 0
10705 15:00:43.269078 _llseek(4, 0, [0], SEEK_SET) = 0
10705 15:00:43.269078 write(5, "\v", 1) = 1
10705 15:00:43.269078 read(5,  <unfinished ...>
10703 15:00:43.269102 read(4, "\v", 1)  = 1
10703 15:00:43.269153 write(4, "\1\0\0\0", 4) = 4
10705 15:00:43.269253 <... read resumed> "\1\0\0\0", 4) = 4
10705 15:00:43.269292 write(5, "\v", 1) = 1
10705 15:00:43.269335 read(5,  <unfinished ...>
10703 15:00:43.269365 read(4, "\v", 1)  = 1
10703 15:00:43.269412 write(4, "\1\0\0\0", 4) = 4
10705 15:00:43.269456 <... read resumed> "\1\0\0\0", 4) = 4
10705 15:00:43.269488 write(5, "\r", 1) = 1
10705 15:00:43.269531 read(5,  <unfinished ...>
10703 15:00:43.269560 read(4, "\r", 1)  = 1
10703 15:00:43.269611 select(6, [5], NULL, NULL, {60, 0}) = 1 (in [5], left {60, 0})
10703 15:00:43.269720 accept(5, {sa_family=AF_INET, sin_port=htons(43766), sin_addr=inet_addr("127.0.0.1")}, [16]) = 6
10703 15:00:43.269827 write(4, "\1", 1) = 1
10705 15:00:43.269875 <... read resumed> "\1", 1) = 1
10705 15:00:43.269913 recvmsg(5,  <unfinished ...>
10703 15:00:43.269950 sendmsg(4, {msg_name(0)=NULL, msg_iov(1)=[{"\0", 1}], msg_controllen=16, {cmsg_len=16, cmsg_level=SOL_SOCKET, cmsg_type=SCM_RIGHTS, {6}}, msg_flags=0}, 0) = 1
10705 15:00:43.270022 <... recvmsg resumed> {msg_name(0)=NULL, msg_iov(1)=[{"\0", 1}], msg_controllen=16, {cmsg_len=16, cmsg_level=SOL_SOCKET, cmsg_type=SCM_RIGHTS, {6}}, msg_flags=0}, 0) = 1
10705 15:00:43.270079 setsockopt(6, SOL_SOCKET, SO_KEEPALIVE, [1], 4) = 0
10705 15:00:43.270131 setsockopt(6, SOL_IP, IP_TOS, [8], 4) = 0
10705 15:00:43.270182 setsockopt(6, SOL_SOCKET, SO_LINGER, {onoff=1, linger=32767}, 8) = 0
10705 15:00:43.270230 rt_sigaction(SIGALRM, {0x805cad0, ~[RTMIN RT_1], 0}, NULL, 8) = 0
10705 15:00:43.270411 alarm(300)        = 300
10705 15:00:43.270473 write(0, "150 Ok to send data.\r\n", 22) = 22
10705 15:00:43.270829 read(6, "assasaaa\na\na\na\na\n", 65536) = 17
10705 15:00:43.270895 write(4, "assasaaa\na\na\na\na\n", 17) = 17
10705 15:00:43.270965 read(6, "", 65536) = 0
10705 15:00:43.271011 rt_sigaction(SIGALRM, {0x805cad0, ~[RTMIN RT_1], 0}, NULL, 8) = 0
10705 15:00:43.271071 alarm(300)        = 300
10705 15:00:43.271115 close(6)          = 0
10705 15:00:43.271154 alarm(0)          = 300
10705 15:00:43.271195 gettimeofday({1495652443, 271211}, NULL) = 0
10705 15:00:43.271258 gettimeofday( <unfinished ...>
10703 15:00:43.271287 close(6)          = 0
10705 15:00:43.271360 <... gettimeofday resumed> {1495652443, 271353}, NULL) = 0
10705 15:00:43.271406 fcntl64(3, F_SETLKW64, {type=F_WRLCK, whence=SEEK_SET, start=0, len=0}, 0xbf9e9b74) = 0
10705 15:00:43.271470 write(3, "Wed May 24 15:00:43 2017 [pid 10705] [msfadmin] OK UPLOAD: Client \"127.0.0.1\", \"/home/msfadmin/myfile36\", 17 bytes, 5.95Kbyte/sec\n", 130 <unfinished ...>
10703 15:00:43.271538 read(4,  <unfinished ...>
10705 15:00:43.271572 <... write resumed> ) = 130
10705 15:00:43.271604 fcntl64(3, F_SETLK64, {type=F_UNLCK, whence=SEEK_SET, start=0, len=0}, 0xbf9e9b7c) = 0
10705 15:00:43.271824 write(0, "226 Transfer complete.\r\n", 24) = 24
10705 15:00:43.272028 write(5, "\n", 1) = 1
10703 15:00:43.272082 <... read resumed> "\n", 1) = 1
10703 15:00:43.272114 close(5)          = 0
10703 15:00:43.272166 write(4, "\1", 1) = 1
10703 15:00:43.272214 read(4,  <unfinished ...>
10705 15:00:43.272245 read(5, "\1", 1)  = 1
10705 15:00:43.272292 close(4)          = 0
10705 15:00:43.272339 rt_sigaction(SIGALRM, {0x805cad0, ~[RTMIN RT_1], 0}, NULL, 8) = 0
10705 15:00:43.272398 alarm(300)        = 0
10705 15:00:43.272446 recv(0, "TYPE I\r\n", 4096, MSG_PEEK) = 8
10705 15:00:43.816772 read(0, "TYPE I\r\n", 8) = 8
10705 15:00:43.816969 write(0, "200 Switching to Binary mode.\r\n", 31) = 31
10705 15:00:43.817428 rt_sigaction(SIGALRM, {0x805cad0, ~[RTMIN RT_1], 0}, NULL, 8) = 0
10705 15:00:43.817516 alarm(300)        = 299
10705 15:00:43.817569 recv(0, "PASV\r\n", 4096, MSG_PEEK) = 6
10705 15:00:43.817619 read(0, "PASV\r\n", 6) = 6
10705 15:00:43.817671 write(5, "\n", 1 <unfinished ...>
10703 15:00:43.817713 <... read resumed> "\n", 1) = 1
10705 15:00:43.817735 <... write resumed> ) = 1
10703 15:00:43.817789 write(4, "\1", 1) = 1
10703 15:00:43.817838 read(4,  <unfinished ...>
10705 15:00:43.817869 read(5, "\1", 1)  = 1
10705 15:00:43.817918 write(5, "\f", 1 <unfinished ...>
10703 15:00:43.817948 <... read resumed> "\f", 1) = 1
10705 15:00:43.817969 <... write resumed> ) = 1
10703 15:00:43.818000 socket(PF_INET, SOCK_STREAM, IPPROTO_TCP) = 5
10703 15:00:43.818059 setsockopt(5, SOL_SOCKET, SO_REUSEADDR, [1], 4) = 0
10703 15:00:43.818118 bind(5, {sa_family=AF_INET, sin_port=htons(64967), sin_addr=inet_addr("127.0.0.1")}, 16) = 0
10703 15:00:43.818184 listen(5, 1)      = 0
10703 15:00:43.818239 write(4, "\307\375\0\0", 4) = 4
10703 15:00:43.818343 read(4,  <unfinished ...>
10705 15:00:43.818374 read(5, "\307\375\0\0", 4) = 4
10705 15:00:43.818443 write(0, "227 Entering Passive Mode (127,0,0,1,253,199).\r\n", 48) = 48
10705 15:00:43.818856 rt_sigaction(SIGALRM, {0x805cad0, ~[RTMIN RT_1], 0}, NULL, 8) = 0
10705 15:00:43.818931 alarm(300)        = 300
10705 15:00:43.818981 recv(0, "STOR myfile37\r\n", 4096, MSG_PEEK) = 15
10705 15:00:43.819035 read(0, "STOR myfile37\r\n", 15) = 15
10705 15:00:43.819154 write(5, "\v", 1 <unfinished ...>
10703 15:00:43.819194 <... read resumed> "\v", 1) = 1
10705 15:00:43.819216 <... write resumed> ) = 1
10703 15:00:43.819243 write(4, "\1\0\0\0", 4) = 4
10703 15:00:43.819291 read(4,  <unfinished ...>
10705 15:00:43.819322 read(5, "\1\0\0\0", 4) = 4
10705 15:00:43.819372 gettimeofday({1495652443, 819388}, NULL) = 0
10705 15:00:43.819419 getcwd("/home/msfadmin", 4096) = 15
10705 15:00:43.819473 open("myfile37", O_WRONLY|O_CREAT|O_NONBLOCK|O_LARGEFILE, 0666) = 4
10705 15:00:43.819532 fstat64(4, {st_mode=S_IFREG|0644, st_size=17, ...}) = 0
10705 15:00:43.819607 fcntl64(4, F_GETFL) = 0x8801 (flags O_WRONLY|O_NONBLOCK|O_LARGEFILE)
10705 15:00:43.819654 fcntl64(4, F_SETFL, O_WRONLY|O_LARGEFILE) = 0
10705 15:00:43.819697 fcntl64(4, F_SETLKW64, {type=F_WRLCK, whence=SEEK_SET, start=0, len=0}, 0xbf9e9bd4) = 0
10705 15:00:43.819755 ftruncate64(4, 0) = 0
10705 15:00:43.819828 _llseek(4, 0, [0], SEEK_SET) = 0
10705 15:00:43.819875 write(5, "\v", 1 <unfinished ...>
10703 15:00:43.819908 <... read resumed> "\v", 1) = 1
10705 15:00:43.819930 <... write resumed> ) = 1
10703 15:00:43.819956 write(4, "\1\0\0\0", 4) = 4
10703 15:00:43.820004 read(4,  <unfinished ...>
