11708 15:10:54.239107 close(5)          = 0
11708 15:10:54.239129 time(NULL)        = 1495653054
11708 15:10:54.239159 munmap(0xb7edf000, 12164) = 0
11708 15:10:54.239184 munmap(0xb7edd000, 7136) = 0
11708 15:10:54.239211 munmap(0xb7d12000, 95428) = 0
11708 15:10:54.239233 munmap(0xb7cd8000, 201052) = 0
11708 15:10:54.239254 munmap(0xb7cbf000, 101180) = 0
11708 15:10:54.239290 gettimeofday({1495653054, 239300}, NULL) = 0
11708 15:10:54.239316 stat64("/usr/share/zoneinfo/UTC+04:00", 0xbfe8c7f4) = -1 ENOENT (No such file or directory)
11708 15:10:54.239345 open("/usr/share/zoneinfo/UTC+04:00", O_RDONLY) = -1 ENOENT (No such file or directory)
11708 15:10:54.239395 fcntl64(3, F_SETLKW64, {type=F_WRLCK, whence=SEEK_SET, start=0, len=0}, 0xbfe8c944) = 0
11708 15:10:54.239427 write(3, "Wed May 24 15:10:54 2017 [pid 11708] [msfadmin] OK LOGIN: Client \"127.0.0.1\"\n", 77) = 77
11708 15:10:54.239468 fcntl64(3, F_SETLK64, {type=F_UNLCK, whence=SEEK_SET, start=0, len=0}, 0xbfe8c94c) = 0
11708 15:10:54.239494 rt_sigaction(SIGCHLD, {0x805cad0, ~[RTMIN RT_1], 0}, NULL, 8) = 0
11708 15:10:54.239523 write(4, "\1", 1 <unfinished ...>
11709 15:10:54.239545 <... read resumed> "\1", 1) = 1
11708 15:10:54.239560 <... write resumed> ) = 1
11709 15:10:54.239575 exit_group(0)     = ?
11708 15:10:54.239631 --- SIGCHLD (Child exited) @ 0 (0) ---
11708 15:10:54.239645 sigreturn()       = ? (mask now [])
11708 15:10:54.239681 wait4(-1, [{WIFEXITED(s) && WEXITSTATUS(s) == 0}], 0, NULL) = 11709
11708 15:10:54.239706 close(4)          = 0
11708 15:10:54.239729 socketpair(PF_FILE, SOCK_STREAM, 0, [4, 5]) = 0
11708 15:10:54.239785 rt_sigaction(SIGCHLD, {0x805cad0, ~[RTMIN RT_1], 0}, NULL, 8) = 0
11708 15:10:54.239815 rt_sigaction(SIGALRM, {0x805cb10, ~[RTMIN RT_1], 0}, NULL, 8) = 0
11708 15:10:54.239842 clone(child_stack=0, flags=CLONE_CHILD_CLEARTID|CLONE_CHILD_SETTID|SIGCHLD, child_tidptr=0xb7d486f8) = 11710
11710 15:10:54.239946 prctl(0x1, 0x9, 0, 0, 0) = 0
11710 15:10:54.239974 close(4)          = 0
11710 15:10:54.240027 open("/etc/passwd", O_RDONLY|0x80000 /* O_??? */) = 4
11710 15:10:54.240061 _llseek(4, 0, [0], SEEK_CUR) = 0
11710 15:10:54.240093 fstat64(4, {st_mode=S_IFREG|0644, st_size=1624, ...}) = 0
11710 15:10:54.240151 mmap2(NULL, 1624, PROT_READ, MAP_SHARED, 4, 0) = 0xb7ee2000
11710 15:10:54.240176 _llseek(4, 1624, [1624], SEEK_SET) = 0
11710 15:10:54.240222 munmap(0xb7ee2000, 1624) = 0
11710 15:10:54.240244 close(4)          = 0
11710 15:10:54.240271 getuid32()        = 0
11710 15:10:54.240291 open("/etc/passwd", O_RDONLY|0x80000 /* O_??? */) = 4
11710 15:10:54.240316 _llseek(4, 0, [0], SEEK_CUR) = 0
11710 15:10:54.240341 fstat64(4, {st_mode=S_IFREG|0644, st_size=1624, ...}) = 0
11710 15:10:54.240374 mmap2(NULL, 1624, PROT_READ, MAP_SHARED, 4, 0) = 0xb7ee2000
11710 15:10:54.240395 _llseek(4, 1624, [1624], SEEK_SET) = 0
11710 15:10:54.240426 munmap(0xb7ee2000, 1624) = 0
11710 15:10:54.240445 close(4)          = 0
11710 15:10:54.240500 open("/proc/sys/kernel/ngroups_max", O_RDONLY) = 4
11710 15:10:54.240545 read(4, "65536\n", 31) = 6
11710 15:10:54.240570 close(4)          = 0
11710 15:10:54.240599 socket(PF_FILE, SOCK_STREAM, 0) = 4
11710 15:10:54.240623 fcntl64(4, F_SETFL, O_RDWR|O_NONBLOCK) = 0
11710 15:10:54.240644 connect(4, {sa_family=AF_FILE, path="/var/run/nscd/socket"}, 110) = -1 ENOENT (No such file or directory)
11710 15:10:54.240686 close(4)          = 0
11710 15:10:54.240709 socket(PF_FILE, SOCK_STREAM, 0) = 4
11710 15:10:54.240756 fcntl64(4, F_SETFL, O_RDWR|O_NONBLOCK) = 0
11710 15:10:54.240777 connect(4, {sa_family=AF_FILE, path="/var/run/nscd/socket"}, 110) = -1 ENOENT (No such file or directory)
11710 15:10:54.240814 close(4)          = 0
11710 15:10:54.240863 open("/etc/group", O_RDONLY|0x80000 /* O_??? */) = 4
11710 15:10:54.240900 _llseek(4, 0, [0], SEEK_CUR) = 0
11710 15:10:54.240922 fstat64(4, {st_mode=S_IFREG|0644, st_size=886, ...}) = 0
11710 15:10:54.240954 mmap2(NULL, 886, PROT_READ, MAP_SHARED, 4, 0) = 0xb7ee2000
11710 15:10:54.240976 _llseek(4, 886, [886], SEEK_SET) = 0
11710 15:10:54.241024 fstat64(4, {st_mode=S_IFREG|0644, st_size=886, ...}) = 0
11710 15:10:54.241058 munmap(0xb7ee2000, 886) = 0
11710 15:10:54.241078 close(4)          = 0
11710 15:10:54.241097 setgroups32(13, [1000, 4, 20, 24, 25, 29, 30, 44, 46, 107, 111, 112, 119]) = 0
11710 15:10:54.241131 geteuid32()       = 0
11710 15:10:54.241161 getegid32()       = 0
11710 15:10:54.241183 setregid32(-1, 1000) = 0
11710 15:10:54.241203 setreuid32(-1, 1000) = 0
11710 15:10:54.241223 chdir("/home/msfadmin") = 0
11710 15:10:54.241247 setreuid32(-1, 0) = 0
11710 15:10:54.241264 setregid32(-1, 0) = 0
11710 15:10:54.241284 setgid32(1000)    = 0
11710 15:10:54.241303 setuid32(1000)    = 0
11710 15:10:54.241323 setrlimit(RLIMIT_NPROC, {rlim_cur=0, rlim_max=0}) = 0
11710 15:10:54.241350 mmap2(NULL, 12288, PROT_READ|PROT_WRITE, MAP_PRIVATE|MAP_ANONYMOUS, -1, 0) = 0xb7ee0000
11710 15:10:54.241372 mprotect(0xb7ee2000, 4096, PROT_NONE) = 0
11710 15:10:54.241402 mprotect(0xb7ee0000, 4096, PROT_NONE) = 0
11710 15:10:54.241424 getcwd("/home/msfadmin", 4096) = 15
11710 15:10:54.241450 umask(022)        = 077
11710 15:10:54.241470 getcwd("/home/msfadmin", 4096) = 15
11710 15:10:54.241497 open(".message", O_RDONLY|O_NONBLOCK|O_LARGEFILE) = -1 ENOENT (No such file or directory)
11710 15:10:54.241548 write(0, "230 Login successful.\r\n", 23) = 23
11710 15:10:54.241829 rt_sigaction(SIGALRM, {0x805cad0, ~[RTMIN RT_1], 0}, NULL, 8) = 0
11710 15:10:54.241866 alarm(300)        = 0
11710 15:10:54.241888 mmap2(NULL, 12288, PROT_READ|PROT_WRITE, MAP_PRIVATE|MAP_ANONYMOUS, -1, 0) = 0xb7edd000
11710 15:10:54.241910 mprotect(0xb7edf000, 4096, PROT_NONE) = 0
11710 15:10:54.241932 mprotect(0xb7edd000, 4096, PROT_NONE) = 0
11710 15:10:54.241958 recv(0, "TYPE I\r\n", 4096, MSG_PEEK) = 8
11710 15:10:54.241983 read(0, "TYPE I\r\n", 8) = 8
11710 15:10:54.242017 write(0, "200 Switching to Binary mode.\r\n", 31) = 31
11710 15:10:54.242098 rt_sigaction(SIGALRM, {0x805cad0, ~[RTMIN RT_1], 0}, NULL, 8) = 0
11710 15:10:54.242127 alarm(300)        = 300
11710 15:10:54.242149 recv(0, "PASV\r\n", 4096, MSG_PEEK) = 6
11710 15:10:54.242178 read(0, "PASV\r\n", 6) = 6
11710 15:10:54.242206 write(5, "\n", 1) = 1
11710 15:10:54.242228 read(5,  <unfinished ...>
11708 15:10:54.242253 close(5)          = 0
11708 15:10:54.242261 getuid32()        = 0
11708 15:10:54.242261 open("/etc/passwd", O_RDONLY|0x80000 /* O_??? */) = 5
11708 15:10:54.242277 _llseek(5, 0, [0], SEEK_CUR) = 0
11708 15:10:54.242304 fstat64(5, {st_mode=S_IFREG|0644, st_size=1624, ...}) = 0
11708 15:10:54.242340 mmap2(NULL, 1624, PROT_READ, MAP_SHARED, 5, 0) = 0xb7ee2000
11708 15:10:54.242363 _llseek(5, 1624, [1624], SEEK_SET) = 0
11708 15:10:54.242398 munmap(0xb7ee2000, 1624) = 0
11708 15:10:54.242421 close(5)          = 0
11708 15:10:54.242453 setgroups32(0, []) = 0
11708 15:10:54.242496 chdir("/usr/share/empty") = 0
11708 15:10:54.242523 chroot(".")       = 0
11708 15:10:54.242544 capset(NULL, NULL) = -1 EFAULT (Bad address)
11708 15:10:54.242571 prctl(0x8, 0, 0xbfe8c928, 0x80549a6, 0xbfe8c910) = 0
11708 15:10:54.242593 prctl(0x8, 0x1, 0xbfe8c928, 0x8054a49, 0xbfe8c910) = 0
11708 15:10:54.242613 setgid32(65534)   = 0
11708 15:10:54.242641 setuid32(65534)   = 0
11708 15:10:54.242661 capset(0x19980330, 0, {CAP_NET_BIND_SERVICE, CAP_NET_BIND_SERVICE, 0}) = 0
11708 15:10:54.242689 read(4, "\n", 1)  = 1
11708 15:10:54.242716 write(4, "\1", 1) = 1
11710 15:10:54.242739 <... read resumed> "\1", 1) = 1
11710 15:10:54.242754 write(5, "\f", 1) = 1
11710 15:10:54.242774 read(5,  <unfinished ...>
11708 15:10:54.242787 read(4, "\f", 1)  = 1
11708 15:10:54.242812 socket(PF_INET, SOCK_STREAM, IPPROTO_TCP) = 5
11708 15:10:54.242839 setsockopt(5, SOL_SOCKET, SO_REUSEADDR, [1], 4) = 0
11708 15:10:54.242862 gettimeofday({1495653054, 242868}, NULL) = 0
11708 15:10:54.242902 bind(5, {sa_family=AF_INET, sin_port=htons(55577), sin_addr=inet_addr("127.0.0.1")}, 16) = 0
11708 15:10:54.242934 listen(5, 1)      = 0
11708 15:10:54.242959 write(4, "\31\331\0\0", 4) = 4
11710 15:10:54.242982 <... read resumed> "\31\331\0\0", 4) = 4
11710 15:10:54.243010 write(0, "227 Entering Passive Mode (127,0,0,1,217,25).\r\n", 47) = 47
11710 15:10:54.243205 rt_sigaction(SIGALRM, {0x805cad0, ~[RTMIN RT_1], 0}, NULL, 8) = 0
11710 15:10:54.243238 alarm(300)        = 300
11710 15:10:54.243261 recv(0, "STOR myfile22\r\n", 4096, MSG_PEEK) = 15
11710 15:10:54.243285 read(0, "STOR myfile22\r\n", 15) = 15
11710 15:10:54.243315 write(5, "\v", 1) = 1
11710 15:10:54.243336 read(5,  <unfinished ...>
11708 15:10:54.243350 read(4, "\v", 1)  = 1
11708 15:10:54.243372 write(4, "\1\0\0\0", 4) = 4
11710 15:10:54.243393 <... read resumed> "\1\0\0\0", 4) = 4
11710 15:10:54.243410 gettimeofday({1495653054, 243417}, NULL) = 0
11710 15:10:54.243431 getcwd("/home/msfadmin", 4096) = 15
11710 15:10:54.243473 open("myfile22", O_WRONLY|O_CREAT|O_NONBLOCK|O_LARGEFILE, 0666) = 4
11710 15:10:54.243501 fstat64(4, {st_mode=S_IFREG|0644, st_size=17, ...}) = 0
11710 15:10:54.243544 fcntl64(4, F_GETFL) = 0x8801 (flags O_WRONLY|O_NONBLOCK|O_LARGEFILE)
11710 15:10:54.243565 fcntl64(4, F_SETFL, O_WRONLY|O_LARGEFILE) = 0
11710 15:10:54.243584 fcntl64(4, F_SETLKW64, {type=F_WRLCK, whence=SEEK_SET, start=0, len=0}, 0xbfe8c874) = 0
11710 15:10:54.243616 ftruncate64(4, 0) = 0
11710 15:10:54.243658 _llseek(4, 0, [0], SEEK_SET) = 0
11710 15:10:54.243681 write(5, "\v", 1) = 1
11710 15:10:54.243702 read(5,  <unfinished ...>
11708 15:10:54.243716 read(4, "\v", 1)  = 1
11708 15:10:54.243739 write(4, "\1\0\0\0", 4) = 4
11710 15:10:54.243759 <... read resumed> "\1\0\0\0", 4) = 4
11710 15:10:54.243774 write(5, "\v", 1) = 1
11710 15:10:54.243793 read(5,  <unfinished ...>
11708 15:10:54.243806 read(4, "\v", 1)  = 1
11708 15:10:54.243827 write(4, "\1\0\0\0", 4) = 4
11710 15:10:54.243847 <... read resumed> "\1\0\0\0", 4) = 4
11710 15:10:54.243862 write(5, "\r", 1) = 1
11710 15:10:54.243881 read(5,  <unfinished ...>
11708 15:10:54.243896 read(4, "\r", 1)  = 1
11708 15:10:54.243928 select(6, [5], NULL, NULL, {60, 0}) = 1 (in [5], left {60, 0})
11708 15:10:54.243964 accept(5, {sa_family=AF_INET, sin_port=htons(33813), sin_addr=inet_addr("127.0.0.1")}, [16]) = 6
11708 15:10:54.244007 write(4, "\1", 1) = 1
11710 15:10:54.244028 <... read resumed> "\1", 1) = 1
11710 15:10:54.244047 recvmsg(5,  <unfinished ...>
11708 15:10:54.244065 sendmsg(4, {msg_name(0)=NULL, msg_iov(1)=[{"\0", 1}], msg_controllen=16, {cmsg_len=16, cmsg_level=SOL_SOCKET, cmsg_type=SCM_RIGHTS, {6}}, msg_flags=0}, 0) = 1
11710 15:10:54.244099 <... recvmsg resumed> {msg_name(0)=NULL, msg_iov(1)=[{"\0", 1}], msg_controllen=16, {cmsg_len=16, cmsg_level=SOL_SOCKET, cmsg_type=SCM_RIGHTS, {6}}, msg_flags=0}, 0) = 1
11710 15:10:54.244125 setsockopt(6, SOL_SOCKET, SO_KEEPALIVE, [1], 4) = 0
11710 15:10:54.244149 setsockopt(6, SOL_IP, IP_TOS, [8], 4) = 0
11710 15:10:54.244173 setsockopt(6, SOL_SOCKET, SO_LINGER, {onoff=1, linger=32767}, 8) = 0
11710 15:10:54.244195 rt_sigaction(SIGALRM, {0x805cad0, ~[RTMIN RT_1], 0}, NULL, 8) = 0
11710 15:10:54.244221 alarm(300)        = 300
11710 15:10:54.244246 write(0, "150 Ok to send data.\r\n", 22) = 22
11710 15:10:54.244376 mmap2(NULL, 77824, PROT_READ|PROT_WRITE, MAP_PRIVATE|MAP_ANONYMOUS, -1, 0) = 0xb7d17000
11710 15:10:54.244403 mprotect(0xb7d29000, 4096, PROT_NONE) = 0
11710 15:10:54.244443 mprotect(0xb7d17000, 4096, PROT_NONE) = 0
11710 15:10:54.244463 read(6, "assasaaa\na\na\na\na\n", 65536) = 17
11710 15:10:54.244491 write(4, "assasaaa\na\na\na\na\n", 17) = 17
11710 15:10:54.244521 read(6, "", 65536) = 0
11710 15:10:54.244549 rt_sigaction(SIGALRM, {0x805cad0, ~[RTMIN RT_1], 0}, NULL, 8) = 0
11710 15:10:54.244578 alarm(300)        = 300
11710 15:10:54.244597 close(6)          = 0
11710 15:10:54.244615 alarm(0)          = 300
11710 15:10:54.244633 gettimeofday({1495653054, 244640}, NULL) = 0
11710 15:10:54.244668 getpid()          = 11710
11710 15:10:54.244691 gettimeofday({1495653054, 244698}, NULL) = 0
11710 15:10:54.244730 fcntl64(3, F_SETLKW64, {type=F_WRLCK, whence=SEEK_SET, start=0, len=0}, 0xbfe8c814) = 0
11710 15:10:54.244761 write(3, "Wed May 24 15:10:54 2017 [pid 11710] [msfadmin] OK UPLOAD: Client \"127.0.0.1\", \"/home/msfadmin/myfile22\", 17 bytes, 12.96Kbyte/sec\n", 131) = 131
11710 15:10:54.244801 fcntl64(3, F_SETLK64, {type=F_UNLCK, whence=SEEK_SET, start=0, len=0}, 0xbfe8c81c) = 0
11710 15:10:54.244830 write(0, "226 Transfer complete.\r\n", 24) = 24
11710 15:10:54.244912 write(5, "\n", 1) = 1
11710 15:10:54.244942 read(5,  <unfinished ...>
11708 15:10:54.244957 close(6)          = 0
11708 15:10:54.244993 read(4, "\n", 1)  = 1
11708 15:10:54.245016 close(5)          = 0
11708 15:10:54.245036 write(4, "\1", 1) = 1
11710 15:10:54.245057 <... read resumed> "\1", 1) = 1
11710 15:10:54.245071 close(4)          = 0
11710 15:10:54.245092 rt_sigaction(SIGALRM, {0x805cad0, ~[RTMIN RT_1], 0}, NULL, 8) = 0
11710 15:10:54.245118 alarm(300)        = 0
11710 15:10:54.245139 recv(0,  <unfinished ...>
11708 15:10:54.245154 read(4,  <unfinished ...>
11710 15:10:54.753291 <... recv resumed> "TYPE I\r\n", 4096, MSG_PEEK) = 8
11710 15:10:54.753540 read(0, "TYPE I\r\n", 8) = 8
11710 15:10:54.753765 write(0, "200 Switching to Binary mode.\r\n", 31) = 31
11710 15:10:54.754230 rt_sigaction(SIGALRM, {0x805cad0, ~[RTMIN RT_1], 0}, NULL, 8) = 0
11710 15:10:54.754325 alarm(300)        = 299
11710 15:10:54.754378 recv(0, "PASV\r\n", 4096, MSG_PEEK) = 6
11710 15:10:54.754432 read(0, "PASV\r\n", 6) = 6
11710 15:10:54.754486 write(5, "\n", 1) = 1
11710 15:10:54.754538 read(5,  <unfinished ...>
11708 15:10:54.754570 <... read resumed> "\n", 1) = 1
11708 15:10:54.754607 write(4, "\1", 1) = 1
11710 15:10:54.754653 <... read resumed> "\1", 1) = 1
11710 15:10:54.754686 write(5, "\f", 1) = 1
11710 15:10:54.754730 read(5,  <unfinished ...>
11708 15:10:54.754767 read(4, "\f", 1)  = 1
11708 15:10:54.754820 socket(PF_INET, SOCK_STREAM, IPPROTO_TCP) = 5
11708 15:10:54.754881 setsockopt(5, SOL_SOCKET, SO_REUSEADDR, [1], 4) = 0
11708 15:10:54.754940 bind(5, {sa_family=AF_INET, sin_port=htons(5792), sin_addr=inet_addr("127.0.0.1")}, 16) = 0
11708 15:10:54.755006 listen(5, 1)      = 0
11708 15:10:54.755063 write(4, "\240\26\0\0", 4) = 4
11710 15:10:54.755159 <... read resumed> "\240\26\0\0", 4) = 4
11710 15:10:54.755220 write(0, "227 Entering Passive Mode (127,0,0,1,22,160).\r\n", 47) = 47
11710 15:10:54.755620 rt_sigaction(SIGALRM, {0x805cad0, ~[RTMIN RT_1], 0}, NULL, 8) = 0
11710 15:10:54.755620 alarm(300)        = 300
11710 15:10:54.755621 recv(0, "STOR myfile23\r\n", 4096, MSG_PEEK) = 15
11710 15:10:54.755703 read(0, "STOR myfile23\r\n", 15) = 15
11710 15:10:54.755777 write(5, "\v", 1) = 1
11710 15:10:54.755824 read(5,  <unfinished ...>
11708 15:10:54.755856 read(4, "\v", 1)  = 1
11708 15:10:54.755905 write(4, "\1\0\0\0", 4) = 4
11710 15:10:54.755953 <... read resumed> "\1\0\0\0", 4) = 4
11710 15:10:54.755987 gettimeofday({1495653054, 756003}, NULL) = 0
11710 15:10:54.756034 getcwd("/home/msfadmin", 4096) = 15
11710 15:10:54.756089 open("myfile23", O_WRONLY|O_CREAT|O_NONBLOCK|O_LARGEFILE, 0666) = 4
11710 15:10:54.756147 fstat64(4, {st_mode=S_IFREG|0644, st_size=17, ...}) = 0
11710 15:10:54.756224 fcntl64(4, F_GETFL) = 0x8801 (flags O_WRONLY|O_NONBLOCK|O_LARGEFILE)
11710 15:10:54.756272 fcntl64(4, F_SETFL, O_WRONLY|O_LARGEFILE) = 0
11710 15:10:54.756314 fcntl64(4, F_SETLKW64, {type=F_WRLCK, whence=SEEK_SET, start=0, len=0}, 0xbfe8c874) = 0
11710 15:10:54.756374 ftruncate64(4, 0) = 0
11710 15:10:54.756445 _llseek(4, 0, [0], SEEK_SET) = 0
11710 15:10:54.756494 write(5, "\v", 1) = 1
11710 15:10:54.756543 read(5,  <unfinished ...>
11708 15:10:54.756578 read(4, "\v", 1)  = 1
11708 15:10:54.756626 write(4, "\1\0\0\0", 4) = 4
11710 15:10:54.756728 <... read resumed> "\1\0\0\0", 4) = 4
11710 15:10:54.756767 write(5, "\v", 1) = 1
11710 15:10:54.756811 read(5,  <unfinished ...>
11708 15:10:54.756841 read(4, "\v", 1)  = 1
11708 15:10:54.756888 write(4, "\1\0\0\0", 4) = 4
11710 15:10:54.756933 <... read resumed> "\1\0\0\0", 4) = 4
11710 15:10:54.756965 write(5, "\r", 1) = 1
11710 15:10:54.757009 read(5,  <unfinished ...>
11708 15:10:54.757038 read(4, "\r", 1)  = 1
11708 15:10:54.757088 select(6, [5], NULL, NULL, {60, 0}) = 1 (in [5], left {60, 0})
11708 15:10:54.757161 accept(5, {sa_family=AF_INET, sin_port=htons(47355), sin_addr=inet_addr("127.0.0.1")}, [16]) = 6
11708 15:10:54.757268 write(4, "\1", 1) = 1
11710 15:10:54.757315 <... read resumed> "\1", 1) = 1
11710 15:10:54.757353 recvmsg(5,  <unfinished ...>
11708 15:10:54.757390 sendmsg(4, {msg_name(0)=NULL, msg_iov(1)=[{"\0", 1}], msg_controllen=16, {cmsg_len=16, cmsg_level=SOL_SOCKET, cmsg_type=SCM_RIGHTS, {6}}, msg_flags=0}, 0) = 1
11710 15:10:54.757465 <... recvmsg resumed> {msg_name(0)=NULL, msg_iov(1)=[{"\0", 1}], msg_controllen=16, {cmsg_len=16, cmsg_level=SOL_SOCKET, cmsg_type=SCM_RIGHTS, {6}}, msg_flags=0}, 0) = 1
11710 15:10:54.757524 setsockopt(6, SOL_SOCKET, SO_KEEPALIVE, [1], 4) = 0
11710 15:10:54.757578 setsockopt(6, SOL_IP, IP_TOS, [8], 4) = 0
11710 15:10:54.757669 setsockopt(6, SOL_SOCKET, SO_LINGER, {onoff=1, linger=32767}, 8) = 0
11710 15:10:54.757729 rt_sigaction(SIGALRM, {0x805cad0, ~[RTMIN RT_1], 0}, NULL, 8) = 0
11710 15:10:54.757806 alarm(300)        = 300
11710 15:10:54.757863 write(0, "150 Ok to send data.\r\n", 22) = 22
11710 15:10:54.758141 read(6, "assasaaa\na\na\na\na\n", 65536) = 17
11710 15:10:54.758210 write(4, "assasaaa\na\na\na\na\n", 17) = 17
11710 15:10:54.758279 read(6, "", 65536) = 0
11710 15:10:54.758324 rt_sigaction(SIGALRM, {0x805cad0, ~[RTMIN RT_1], 0}, NULL, 8) = 0
11710 15:10:54.758383 alarm(300)        = 300
11710 15:10:54.758426 close(6)          = 0
11710 15:10:54.758465 alarm(0)          = 300
11710 15:10:54.758506 gettimeofday({1495653054, 758521}, NULL) = 0
11710 15:10:54.758570 gettimeofday({1495653054, 758628}, NULL) = 0
11710 15:10:54.758677 fcntl64(3, F_SETLKW64, {type=F_WRLCK, whence=SEEK_SET, start=0, len=0}, 0xbfe8c814) = 0
11710 15:10:54.758746 write(3, "Wed May 24 15:10:54 2017 [pid 11710] [msfadmin] OK UPLOAD: Client \"127.0.0.1\", \"/home/msfadmin/myfile23\", 17 bytes, 6.32Kbyte/sec\n", 130) = 130
11710 15:10:54.758843 fcntl64(3, F_SETLK64, {type=F_UNLCK, whence=SEEK_SET, start=0, len=0}, 0xbfe8c81c) = 0
11710 15:10:54.758909 write(0, "226 Transfer complete.\r\n", 24) = 24
11710 15:10:54.759095 write(5, "\n", 1) = 1
11710 15:10:54.759148 read(5,  <unfinished ...>
11708 15:10:54.759179 close(6)          = 0
11708 15:10:54.759255 read(4, "\n", 1)  = 1
11708 15:10:54.759307 close(5)          = 0
11708 15:10:54.759352 write(4, "\1", 1) = 1
11710 15:10:54.759399 <... read resumed> "\1", 1) = 1
11710 15:10:54.759431 close(4)          = 0
11710 15:10:54.759478 rt_sigaction(SIGALRM, {0x805cad0, ~[RTMIN RT_1], 0}, NULL, 8) = 0
11710 15:10:54.759537 alarm(300)        = 0
11710 15:10:54.759641 recv(0,  <unfinished ...>
11708 15:10:54.759688 read(4,  <unfinished ...>
11710 15:10:55.273168 <... recv resumed> "TYPE I\r\n", 4096, MSG_PEEK) = 8
11710 15:10:55.273507 read(0, "TYPE I\r\n", 8) = 8
11710 15:10:55.273754 write(0, "200 Switching to Binary mode.\r\n", 31) = 31
11710 15:10:55.274214 rt_sigaction(SIGALRM, {0x805cad0, ~[RTMIN RT_1], 0}, NULL, 8) = 0
11710 15:10:55.274322 alarm(300)        = 299
11710 15:10:55.274377 recv(0, "PASV\r\n", 4096, MSG_PEEK) = 6
11710 15:10:55.274430 read(0, "PASV\r\n", 6) = 6
11710 15:10:55.274577 write(5, "\n", 1) = 1
11710 15:10:55.274636 read(5,  <unfinished ...>
11708 15:10:55.274668 <... read resumed> "\n", 1) = 1
11708 15:10:55.274765 write(4, "\1", 1) = 1
11710 15:10:55.274835 <... read resumed> "\1", 1) = 1
11710 15:10:55.274907 write(5, "\f", 1) = 1
11710 15:10:55.274956 read(5,  <unfinished ...>
11708 15:10:55.274986 read(4, "\f", 1)  = 1
11708 15:10:55.275040 socket(PF_INET, SOCK_STREAM, IPPROTO_TCP) = 5
11708 15:10:55.275173 setsockopt(5, SOL_SOCKET, SO_REUSEADDR, [1], 4) = 0
11708 15:10:55.275239 bind(5, {sa_family=AF_INET, sin_port=htons(46745), sin_addr=inet_addr("127.0.0.1")}, 16) = 0
11708 15:10:55.275305 listen(5, 1)      = 0
11708 15:10:55.275342 write(4, "\231\266\0\0", 4) = 4
11710 15:10:55.275378 <... read resumed> "\231\266\0\0", 4) = 4
11710 15:10:55.275435 write(0, "227 Entering Passive Mode (127,0,0,1,182,153).\r\n", 48) = 48
11710 15:10:55.276087 rt_sigaction(SIGALRM, {0x805cad0, ~[RTMIN RT_1], 0}, NULL, 8) = 0
11710 15:10:55.276164 alarm(300)        = 300
11710 15:10:55.276215 recv(0, "STOR myfile24\r\n", 4096, MSG_PEEK) = 15
11708 15:10:55.276366 read(4,  <unfinished ...>
11710 15:10:55.276400 read(0, "STOR myfile24\r\n", 15) = 15
11710 15:10:55.276464 write(5, "\v", 1) = 1
11708 15:10:55.276618 <... read resumed> "\v", 1) = 1
11710 15:10:55.276663 read(5,  <unfinished ...>
11708 15:10:55.276694 write(4, "\1\0\0\0", 4) = 4
11710 15:10:55.276743 <... read resumed> "\1\0\0\0", 4) = 4
11710 15:10:55.276778 gettimeofday( <unfinished ...>
11708 15:10:55.276805 read(4,  <unfinished ...>
11710 15:10:55.276827 <... gettimeofday resumed> {1495653055, 276820}, NULL) = 0
11710 15:10:55.276863 getcwd("/home/msfadmin", 4096) = 15
11710 15:10:55.277003 open("myfile24", O_WRONLY|O_CREAT|O_NONBLOCK|O_LARGEFILE, 0666) = 4
11710 15:10:55.277064 fstat64(4, {st_mode=S_IFREG|0644, st_size=17, ...}) = 0
11710 15:10:55.277213 fcntl64(4, F_GETFL) = 0x8801 (flags O_WRONLY|O_NONBLOCK|O_LARGEFILE)
11710 15:10:55.277299 fcntl64(4, F_SETFL, O_WRONLY|O_LARGEFILE) = 0
11710 15:10:55.277343 fcntl64(4, F_SETLKW64, {type=F_WRLCK, whence=SEEK_SET, start=0, len=0}, 0xbfe8c874) = 0
11710 15:10:55.277404 ftruncate64(4, 0) = 0
11710 15:10:55.277472 _llseek(4, 0, [0], SEEK_SET) = 0
11710 15:10:55.277623 write(5, "\v", 1) = 1
11708 15:10:55.277678 <... read resumed> "\v", 1) = 1
11708 15:10:55.277711 write(4, "\1\0\0\0", 4) = 4
11708 15:10:55.277759 read(4,  <unfinished ...>
11710 15:10:55.277862 read(5, "\1\0\0\0", 4) = 4
11710 15:10:55.277920 write(5, "\v", 1) = 1
11708 15:10:55.277964 <... read resumed> "\v", 1) = 1
11708 15:10:55.277994 write(4, "\1\0\0\0", 4) = 4
11708 15:10:55.278041 read(4,  <unfinished ...>
11710 15:10:55.278070 read(5, "\1\0\0\0", 4) = 4
11710 15:10:55.278180 write(5, "\r", 1) = 1
11708 15:10:55.278239 <... read resumed> "\r", 1) = 1
11708 15:10:55.278274 select(6, [5], NULL, NULL, {60, 0}) = 1 (in [5], left {60, 0})
11708 15:10:55.278346 accept(5, {sa_family=AF_INET, sin_port=htons(58117), sin_addr=inet_addr("127.0.0.1")}, [16]) = 6
11708 15:10:55.278553 write(4, "\1", 1) = 1
11708 15:10:55.278621 sendmsg(4, {msg_name(0)=NULL, msg_iov(1)=[{"\0", 1}], msg_controllen=16, {cmsg_len=16, cmsg_level=SOL_SOCKET, cmsg_type=SCM_RIGHTS, {6}}, msg_flags=0}, 0) = 1
11708 15:10:55.278695 close(6)          = 0
11708 15:10:55.278810 read(4,  <unfinished ...>
11710 15:10:55.278847 read(5, "\1", 1)  = 1
11710 15:10:55.278906 recvmsg(5, {msg_name(0)=NULL, msg_iov(1)=[{"\0", 1}], msg_controllen=16, {cmsg_len=16, cmsg_level=SOL_SOCKET, cmsg_type=SCM_RIGHTS, {6}}, msg_flags=0}, 0) = 1
11710 15:10:55.279054 setsockopt(6, SOL_SOCKET, SO_KEEPALIVE, [1], 4) = 0
11710 15:10:55.279121 setsockopt(6, SOL_IP, IP_TOS, [8], 4) = 0
11710 15:10:55.279174 setsockopt(6, SOL_SOCKET, SO_LINGER, {onoff=1, linger=32767}, 8) = 0
11710 15:10:55.279224 rt_sigaction(SIGALRM, {0x805cad0, ~[RTMIN RT_1], 0}, NULL, 8) = 0
11710 15:10:55.279284 alarm(300)        = 300
