12446 15:18:39.569795 munmap(0xb7f82000, 886) = 0
12446 15:18:39.569817 close(4)          = 0
12446 15:18:39.569837 setgroups32(13, [1000, 4, 20, 24, 25, 29, 30, 44, 46, 107, 111, 112, 119]) = 0
12446 15:18:39.569871 geteuid32()       = 0
12446 15:18:39.569911 getegid32()       = 0
12446 15:18:39.569937 setregid32(-1, 1000) = 0
12446 15:18:39.569958 setreuid32(-1, 1000) = 0
12446 15:18:39.569980 chdir("/home/msfadmin") = 0
12446 15:18:39.570005 setreuid32(-1, 0) = 0
12446 15:18:39.570024 setregid32(-1, 0) = 0
12446 15:18:39.570045 setgid32(1000)    = 0
12446 15:18:39.570065 setuid32(1000)    = 0
12446 15:18:39.570126 setrlimit(RLIMIT_NPROC, {rlim_cur=0, rlim_max=0}) = 0
12446 15:18:39.570158 mmap2(NULL, 12288, PROT_READ|PROT_WRITE, MAP_PRIVATE|MAP_ANONYMOUS, -1, 0) = 0xb7f80000
12446 15:18:39.570182 mprotect(0xb7f82000, 4096, PROT_NONE) = 0
12446 15:18:39.570215 mprotect(0xb7f80000, 4096, PROT_NONE) = 0
12446 15:18:39.570239 getcwd("/home/msfadmin", 4096) = 15
12446 15:18:39.570267 umask(022)        = 077
12446 15:18:39.570287 getcwd("/home/msfadmin", 4096) = 15
12446 15:18:39.570315 open(".message", O_RDONLY|O_NONBLOCK|O_LARGEFILE) = -1 ENOENT (No such file or directory)
12446 15:18:39.570362 write(0, "230 Login successful.\r\n", 23) = 23
12446 15:18:39.570556 rt_sigaction(SIGALRM, {0x805cad0, ~[RTMIN RT_1], 0}, NULL, 8) = 0
12446 15:18:39.570641 alarm(300)        = 0
12446 15:18:39.570666 mmap2(NULL, 12288, PROT_READ|PROT_WRITE, MAP_PRIVATE|MAP_ANONYMOUS, -1, 0) = 0xb7f7d000
12446 15:18:39.570690 mprotect(0xb7f7f000, 4096, PROT_NONE) = 0
12446 15:18:39.570714 mprotect(0xb7f7d000, 4096, PROT_NONE) = 0
12446 15:18:39.570742 recv(0, "TYPE I\r\n", 4096, MSG_PEEK) = 8
12446 15:18:39.570769 read(0, "TYPE I\r\n", 8) = 8
12446 15:18:39.570803 write(0, "200 Switching to Binary mode.\r\n", 31) = 31
12446 15:18:39.570908 rt_sigaction(SIGALRM, {0x805cad0, ~[RTMIN RT_1], 0}, NULL, 8) = 0
12446 15:18:39.570943 alarm(300)        = 300
12446 15:18:39.570967 recv(0, "PASV\r\n", 4096, MSG_PEEK) = 6
12446 15:18:39.570991 read(0, "PASV\r\n", 6) = 6
12446 15:18:39.571015 write(5, "\n", 1) = 1
12446 15:18:39.571038 read(5,  <unfinished ...>
12444 15:18:39.571064 close(5)          = 0
12444 15:18:39.571129 getuid32()        = 0
12444 15:18:39.571163 open("/etc/passwd", O_RDONLY|0x80000 /* O_??? */) = 5
12444 15:18:39.571194 _llseek(5, 0, [0], SEEK_CUR) = 0
12444 15:18:39.571219 fstat64(5, {st_mode=S_IFREG|0644, st_size=1624, ...}) = 0
12444 15:18:39.571256 mmap2(NULL, 1624, PROT_READ, MAP_SHARED, 5, 0) = 0xb7f82000
12444 15:18:39.571280 _llseek(5, 1624, [1624], SEEK_SET) = 0
12444 15:18:39.571315 munmap(0xb7f82000, 1624) = 0
12444 15:18:39.571340 close(5)          = 0
12444 15:18:39.571373 setgroups32(0, []) = 0
12444 15:18:39.571415 chdir("/usr/share/empty") = 0
12444 15:18:39.571441 chroot(".")       = 0
12444 15:18:39.571496 capset(NULL, NULL) = -1 EFAULT (Bad address)
12444 15:18:39.571532 prctl(0x8, 0, 0xbf90b3a8, 0x80549a6, 0xbf90b390) = 0
12444 15:18:39.571555 prctl(0x8, 0x1, 0xbf90b3a8, 0x8054a49, 0xbf90b390) = 0
12444 15:18:39.571577 setgid32(65534)   = 0
12444 15:18:39.571597 setuid32(65534)   = 0
12444 15:18:39.571617 capset(0x19980330, 0, {CAP_NET_BIND_SERVICE, CAP_NET_BIND_SERVICE, 0}) = 0
12444 15:18:39.571646 read(4, "\n", 1)  = 1
12444 15:18:39.571673 write(4, "\1", 1) = 1
12446 15:18:39.571697 <... read resumed> "\1", 1) = 1
12446 15:18:39.571712 write(5, "\f", 1) = 1
12446 15:18:39.571733 read(5,  <unfinished ...>
12444 15:18:39.571747 read(4, "\f", 1)  = 1
12444 15:18:39.571773 socket(PF_INET, SOCK_STREAM, IPPROTO_TCP) = 5
12444 15:18:39.571801 setsockopt(5, SOL_SOCKET, SO_REUSEADDR, [1], 4) = 0
12444 15:18:39.571825 gettimeofday({1495653519, 571832}, NULL) = 0
12444 15:18:39.571858 bind(5, {sa_family=AF_INET, sin_port=htons(45591), sin_addr=inet_addr("127.0.0.1")}, 16) = 0
12444 15:18:39.571934 listen(5, 1)      = 0
12444 15:18:39.571963 write(4, "\27\262\0\0", 4) = 4
12446 15:18:39.571987 <... read resumed> "\27\262\0\0", 4) = 4
12446 15:18:39.572018 write(0, "227 Entering Passive Mode (127,0,0,1,178,23).\r\n", 47) = 47
12446 15:18:39.572269 rt_sigaction(SIGALRM, {0x805cad0, ~[RTMIN RT_1], 0}, NULL, 8) = 0
12446 15:18:39.572305 alarm(300)        = 300
12446 15:18:39.572329 recv(0, "STOR myfile7\r\n", 4096, MSG_PEEK) = 14
12446 15:18:39.572354 read(0, "STOR myfile7\r\n", 14) = 14
12446 15:18:39.572482 write(5, "\v", 1) = 1
12446 15:18:39.572508 read(5,  <unfinished ...>
12444 15:18:39.572523 read(4, "\v", 1)  = 1
12444 15:18:39.572547 write(4, "\1\0\0\0", 4) = 4
12446 15:18:39.572570 <... read resumed> "\1\0\0\0", 4) = 4
12446 15:18:39.572587 gettimeofday({1495653519, 572595}, NULL) = 0
12446 15:18:39.572609 getcwd("/home/msfadmin", 4096) = 15
12446 15:18:39.572635 open("myfile7", O_WRONLY|O_CREAT|O_NONBLOCK|O_LARGEFILE, 0666) = 4
12446 15:18:39.572662 fstat64(4, {st_mode=S_IFREG|0644, st_size=17, ...}) = 0
12446 15:18:39.572705 fcntl64(4, F_GETFL) = 0x8801 (flags O_WRONLY|O_NONBLOCK|O_LARGEFILE)
12446 15:18:39.572728 fcntl64(4, F_SETFL, O_WRONLY|O_LARGEFILE) = 0
12446 15:18:39.572749 fcntl64(4, F_SETLKW64, {type=F_WRLCK, whence=SEEK_SET, start=0, len=0}, 0xbf90b2f4) = 0
12446 15:18:39.572822 ftruncate64(4, 0) = 0
12446 15:18:39.573238 _llseek(4, 0, [0], SEEK_SET) = 0
12446 15:18:39.573265 write(5, "\v", 1) = 1
12446 15:18:39.573287 read(5,  <unfinished ...>
12444 15:18:39.573302 read(4, "\v", 1)  = 1
12444 15:18:39.573325 write(4, "\1\0\0\0", 4) = 4
12446 15:18:39.573362 <... read resumed> "\1\0\0\0", 4) = 4
12446 15:18:39.573383 write(5, "\v", 1) = 1
12446 15:18:39.573404 read(5,  <unfinished ...>
12444 15:18:39.573418 read(4, "\v", 1)  = 1
12444 15:18:39.573440 write(4, "\1\0\0\0", 4) = 4
12446 15:18:39.573461 <... read resumed> "\1\0\0\0", 4) = 4
12446 15:18:39.573476 write(5, "\r", 1) = 1
12446 15:18:39.573496 read(5,  <unfinished ...>
12444 15:18:39.573510 read(4, "\r", 1)  = 1
12444 15:18:39.573536 select(6, [5], NULL, NULL, {60, 0}) = 1 (in [5], left {60, 0})
12444 15:18:39.573571 accept(5, {sa_family=AF_INET, sin_port=htons(45449), sin_addr=inet_addr("127.0.0.1")}, [16]) = 6
12444 15:18:39.573616 write(4, "\1", 1) = 1
12446 15:18:39.573637 <... read resumed> "\1", 1) = 1
12446 15:18:39.573657 recvmsg(5,  <unfinished ...>
12444 15:18:39.573676 sendmsg(4, {msg_name(0)=NULL, msg_iov(1)=[{"\0", 1}], msg_controllen=16, {cmsg_len=16, cmsg_level=SOL_SOCKET, cmsg_type=SCM_RIGHTS, {6}}, msg_flags=0}, 0) = 1
12446 15:18:39.573751 <... recvmsg resumed> {msg_name(0)=NULL, msg_iov(1)=[{"\0", 1}], msg_controllen=16, {cmsg_len=16, cmsg_level=SOL_SOCKET, cmsg_type=SCM_RIGHTS, {6}}, msg_flags=0}, 0) = 1
12446 15:18:39.573780 setsockopt(6, SOL_SOCKET, SO_KEEPALIVE, [1], 4) = 0
12446 15:18:39.573806 setsockopt(6, SOL_IP, IP_TOS, [8], 4) = 0
12446 15:18:39.573830 setsockopt(6, SOL_SOCKET, SO_LINGER, {onoff=1, linger=32767}, 8) = 0
12446 15:18:39.573871 rt_sigaction(SIGALRM, {0x805cad0, ~[RTMIN RT_1], 0}, NULL, 8) = 0
12446 15:18:39.573901 alarm(300)        = 300
12446 15:18:39.573928 write(0, "150 Ok to send data.\r\n", 22) = 22
12446 15:18:39.574062 mmap2(NULL, 77824, PROT_READ|PROT_WRITE, MAP_PRIVATE|MAP_ANONYMOUS, -1, 0) = 0xb7db7000
12446 15:18:39.574138 mprotect(0xb7dc9000, 4096, PROT_NONE) = 0
12446 15:18:39.574163 mprotect(0xb7db7000, 4096, PROT_NONE) = 0
12446 15:18:39.574184 read(6, "assasaaa\na\na\na\na\n", 65536) = 17
12446 15:18:39.574213 write(4, "assasaaa\na\na\na\na\n", 17) = 17
12446 15:18:39.574245 read(6, "", 65536) = 0
12446 15:18:39.574267 rt_sigaction(SIGALRM, {0x805cad0, ~[RTMIN RT_1], 0}, NULL, 8) = 0
12446 15:18:39.574296 alarm(300)        = 300
12446 15:18:39.574354 close(6)          = 0
12446 15:18:39.574375 alarm(0)          = 300
12446 15:18:39.574395 gettimeofday({1495653519, 574402}, NULL) = 0
12446 15:18:39.574433 getpid()          = 12446
12446 15:18:39.574459 gettimeofday({1495653519, 574466}, NULL) = 0
12446 15:18:39.574493 fcntl64(3, F_SETLKW64, {type=F_WRLCK, whence=SEEK_SET, start=0, len=0}, 0xbf90b294) = 0
12446 15:18:39.574524 write(3, "Wed May 24 15:18:39 2017 [pid 12446] [msfadmin] OK UPLOAD: Client \"127.0.0.1\", \"/home/msfadmin/myfile7\", 17 bytes, 8.87Kbyte/sec\n", 129) = 129
12446 15:18:39.574571 fcntl64(3, F_SETLK64, {type=F_UNLCK, whence=SEEK_SET, start=0, len=0}, 0xbf90b29c) = 0
12446 15:18:39.574602 write(0, "226 Transfer complete.\r\n", 24) = 24
12446 15:18:39.574691 write(5, "\n", 1) = 1
12446 15:18:39.574716 read(5,  <unfinished ...>
12444 15:18:39.574731 close(6)          = 0
12444 15:18:39.574810 read(4, "\n", 1)  = 1
12444 15:18:39.574856 close(5)          = 0
12444 15:18:39.574882 write(4, "\1", 1) = 1
12446 15:18:39.574905 <... read resumed> "\1", 1) = 1
12446 15:18:39.574919 close(4)          = 0
12446 15:18:39.574942 rt_sigaction(SIGALRM, {0x805cad0, ~[RTMIN RT_1], 0}, NULL, 8) = 0
12446 15:18:39.574972 alarm(300)        = 0
12446 15:18:39.575006 recv(0,  <unfinished ...>
12444 15:18:39.575031 read(4,  <unfinished ...>
12446 15:18:40.110594 <... recv resumed> "TYPE I\r\n", 4096, MSG_PEEK) = 8
12446 15:18:40.110898 read(0, "TYPE I\r\n", 8) = 8
12446 15:18:40.111131 write(0, "200 Switching to Binary mode.\r\n", 31) = 31
12446 15:18:40.111346 rt_sigaction(SIGALRM, {0x805cad0, ~[RTMIN RT_1], 0}, NULL, 8) = 0
12446 15:18:40.111421 alarm(300)        = 299
12446 15:18:40.111475 recv(0, "PASV\r\n", 4096, MSG_PEEK) = 6
12446 15:18:40.111526 read(0, "PASV\r\n", 6) = 6
12446 15:18:40.111579 write(5, "\n", 1) = 1
12446 15:18:40.111708 read(5,  <unfinished ...>
12444 15:18:40.111757 <... read resumed> "\n", 1) = 1
12444 15:18:40.111796 write(4, "\1", 1) = 1
12446 15:18:40.111843 <... read resumed> "\1", 1) = 1
12446 15:18:40.111876 write(5, "\f", 1) = 1
12446 15:18:40.111920 read(5,  <unfinished ...>
12444 15:18:40.111950 read(4, "\f", 1)  = 1
12444 15:18:40.112141 socket(PF_INET, SOCK_STREAM, IPPROTO_TCP) = 5
12444 15:18:40.112219 setsockopt(5, SOL_SOCKET, SO_REUSEADDR, [1], 4) = 0
12444 15:18:40.112279 bind(5, {sa_family=AF_INET, sin_port=htons(44763), sin_addr=inet_addr("127.0.0.1")}, 16) = 0
12444 15:18:40.112344 listen(5, 1)      = 0
12444 15:18:40.112481 write(4, "\333\256\0\0", 4) = 4
12446 15:18:40.112540 <... read resumed> "\333\256\0\0", 4) = 4
12446 15:18:40.112596 write(0, "227 Entering Passive Mode (127,0,0,1,174,219).\r\n", 48) = 48
12446 15:18:40.113156 rt_sigaction(SIGALRM, {0x805cad0, ~[RTMIN RT_1], 0}, NULL, 8) = 0
12446 15:18:40.113232 alarm(300)        = 300
12446 15:18:40.113284 recv(0, "STOR myfile8\r\n", 4096, MSG_PEEK) = 14
12446 15:18:40.113340 read(0, "STOR myfile8\r\n", 14) = 14
12446 15:18:40.113400 write(5, "\v", 1) = 1
12446 15:18:40.113448 read(5,  <unfinished ...>
12444 15:18:40.113567 read(4, "\v", 1)  = 1
12444 15:18:40.113619 write(4, "\1\0\0\0", 4) = 4
12446 15:18:40.113667 <... read resumed> "\1\0\0\0", 4) = 4
12446 15:18:40.113701 gettimeofday({1495653520, 113717}, NULL) = 0
12446 15:18:40.113749 getcwd("/home/msfadmin", 4096) = 15
12446 15:18:40.113803 open("myfile8", O_WRONLY|O_CREAT|O_NONBLOCK|O_LARGEFILE, 0666) = 4
12446 15:18:40.113861 fstat64(4, {st_mode=S_IFREG|0644, st_size=17, ...}) = 0
12446 15:18:40.113978 fcntl64(4, F_GETFL) = 0x8801 (flags O_WRONLY|O_NONBLOCK|O_LARGEFILE)
12446 15:18:40.114031 fcntl64(4, F_SETFL, O_WRONLY|O_LARGEFILE) = 0
12446 15:18:40.114170 fcntl64(4, F_SETLKW64, {type=F_WRLCK, whence=SEEK_SET, start=0, len=0}, 0xbf90b2f4) = 0
12446 15:18:40.114233 ftruncate64(4, 0) = 0
12446 15:18:40.114308 _llseek(4, 0, [0], SEEK_SET) = 0
12446 15:18:40.114355 write(5, "\v", 1) = 1
12446 15:18:40.114402 read(5,  <unfinished ...>
12444 15:18:40.114434 read(4, "\v", 1)  = 1
12444 15:18:40.114483 write(4, "\1\0\0\0", 4) = 4
12446 15:18:40.114529 <... read resumed> "\1\0\0\0", 4) = 4
12446 15:18:40.114562 write(5, "\v", 1) = 1
12446 15:18:40.114605 read(5,  <unfinished ...>
12444 15:18:40.114634 read(4, "\v", 1)  = 1
12444 15:18:40.114681 write(4, "\1\0\0\0", 4) = 4
12446 15:18:40.114725 <... read resumed> "\1\0\0\0", 4) = 4
12446 15:18:40.114820 write(5, "\r", 1) = 1
12446 15:18:40.114931 read(5,  <unfinished ...>
12444 15:18:40.114966 read(4, "\r", 1)  = 1
12444 15:18:40.115019 select(6, [5], NULL, NULL, {60, 0}) = 1 (in [5], left {60, 0})
12444 15:18:40.115089 accept(5, {sa_family=AF_INET, sin_port=htons(55103), sin_addr=inet_addr("127.0.0.1")}, [16]) = 6
12444 15:18:40.115265 write(4, "\1", 1) = 1
12446 15:18:40.115319 <... read resumed> "\1", 1) = 1
12446 15:18:40.115358 recvmsg(5,  <unfinished ...>
12444 15:18:40.115394 sendmsg(4, {msg_name(0)=NULL, msg_iov(1)=[{"\0", 1}], msg_controllen=16, {cmsg_len=16, cmsg_level=SOL_SOCKET, cmsg_type=SCM_RIGHTS, {6}}, msg_flags=0}, 0) = 1
12446 15:18:40.115468 <... recvmsg resumed> {msg_name(0)=NULL, msg_iov(1)=[{"\0", 1}], msg_controllen=16, {cmsg_len=16, cmsg_level=SOL_SOCKET, cmsg_type=SCM_RIGHTS, {6}}, msg_flags=0}, 0) = 1
12446 15:18:40.115596 setsockopt(6, SOL_SOCKET, SO_KEEPALIVE, [1], 4) = 0
12446 15:18:40.115663 setsockopt(6, SOL_IP, IP_TOS, [8], 4) = 0
12446 15:18:40.115715 setsockopt(6, SOL_SOCKET, SO_LINGER, {onoff=1, linger=32767}, 8) = 0
12446 15:18:40.115765 rt_sigaction(SIGALRM, {0x805cad0, ~[RTMIN RT_1], 0}, NULL, 8) = 0
12446 15:18:40.115845 alarm(300)        = 300
12446 15:18:40.115945 write(0, "150 Ok to send data.\r\n", 22) = 22
12446 15:18:40.116340 read(6, "assasaaa\na\na\na\na\n", 65536) = 17
12446 15:18:40.116407 write(4, "assasaaa\na\na\na\na\n", 17) = 17
12446 15:18:40.116475 read(6, "", 65536) = 0
12446 15:18:40.116617 rt_sigaction(SIGALRM, {0x805cad0, ~[RTMIN RT_1], 0}, NULL, 8) = 0
12446 15:18:40.116685 alarm(300)        = 300
12446 15:18:40.116728 close(6)          = 0
12446 15:18:40.116769 alarm(0)          = 300
12446 15:18:40.116810 gettimeofday({1495653520, 116920}, NULL) = 0
12446 15:18:40.116993 gettimeofday({1495653520, 117023}, NULL) = 0
12446 15:18:40.117067 fcntl64(3, F_SETLKW64, {type=F_WRLCK, whence=SEEK_SET, start=0, len=0}, 0xbf90b294) = 0
12446 15:18:40.117133 write(3, "Wed May 24 15:18:40 2017 [pid 12446] [msfadmin] OK UPLOAD: Client \"127.0.0.1\", \"/home/msfadmin/myfile8\", 17 bytes, 5.02Kbyte/sec\n", 129) = 129
12446 15:18:40.117223 fcntl64(3, F_SETLK64, {type=F_UNLCK, whence=SEEK_SET, start=0, len=0}, 0xbf90b29c) = 0
12446 15:18:40.117286 write(0, "226 Transfer complete.\r\n", 24) = 24
12446 15:18:40.117566 write(5, "\n", 1 <unfinished ...>
12444 15:18:40.117607 close(6 <unfinished ...>
12446 15:18:40.117634 <... write resumed> ) = 1
12444 15:18:40.117698 <... close resumed> ) = 0
12446 15:18:40.117730 read(5,  <unfinished ...>
12444 15:18:40.117761 read(4, "\n", 1)  = 1
12444 15:18:40.118048 close(5)          = 0
12444 15:18:40.118107 write(4, "\1", 1) = 1
12446 15:18:40.118156 <... read resumed> "\1", 1) = 1
12446 15:18:40.118187 close(4)          = 0
12446 15:18:40.118235 rt_sigaction(SIGALRM, {0x805cad0, ~[RTMIN RT_1], 0}, NULL, 8) = 0
12446 15:18:40.118370 alarm(300)        = 0
12446 15:18:40.118430 recv(0,  <unfinished ...>
12444 15:18:40.118465 read(4,  <unfinished ...>
12446 15:18:40.639578 <... recv resumed> "TYPE I\r\n", 4096, MSG_PEEK) = 8
12446 15:18:40.639640 read(0, "TYPE I\r\n", 8) = 8
12446 15:18:40.639693 write(0, "200 Switching to Binary mode.\r\n", 31) = 31
12446 15:18:40.639808 rt_sigaction(SIGALRM, {0x805cad0, ~[RTMIN RT_1], 0}, NULL, 8) = 0
12446 15:18:40.639853 alarm(300)        = 299
12446 15:18:40.639886 recv(0, "PASV\r\n", 4096, MSG_PEEK) = 6
12446 15:18:40.639923 read(0, "PASV\r\n", 6) = 6
12446 15:18:40.639956 write(5, "\n", 1) = 1
12446 15:18:40.639988 read(5,  <unfinished ...>
12444 15:18:40.640009 <... read resumed> "\n", 1) = 1
12444 15:18:40.640032 write(4, "\1", 1) = 1
12446 15:18:40.640060 <... read resumed> "\1", 1) = 1
12446 15:18:40.640115 write(5, "\f", 1) = 1
12446 15:18:40.640147 read(5,  <unfinished ...>
12444 15:18:40.640171 read(4, "\f", 1)  = 1
12444 15:18:40.640205 socket(PF_INET, SOCK_STREAM, IPPROTO_TCP) = 5
12444 15:18:40.640243 setsockopt(5, SOL_SOCKET, SO_REUSEADDR, [1], 4) = 0
12444 15:18:40.640280 bind(5, {sa_family=AF_INET, sin_port=htons(21764), sin_addr=inet_addr("127.0.0.1")}, 16) = 0
12444 15:18:40.640321 listen(5, 1)      = 0
12444 15:18:40.640356 write(4, "\4U\0\0", 4) = 4
12446 15:18:40.640385 <... read resumed> "\4U\0\0", 4) = 4
12446 15:18:40.640418 write(0, "227 Entering Passive Mode (127,0,0,1,85,4).\r\n", 45) = 45
12446 15:18:40.640687 rt_sigaction(SIGALRM, {0x805cad0, ~[RTMIN RT_1], 0}, NULL, 8) = 0
12446 15:18:40.640732 alarm(300)        = 300
12446 15:18:40.640764 recv(0, "STOR myfile9\r\n", 4096, MSG_PEEK) = 14
12446 15:18:40.640797 read(0, "STOR myfile9\r\n", 14) = 14
12446 15:18:40.640833 write(5, "\v", 1) = 1
12446 15:18:40.640862 read(5,  <unfinished ...>
12444 15:18:40.640881 read(4, "\v", 1)  = 1
12444 15:18:40.640911 write(4, "\1\0\0\0", 4) = 4
12446 15:18:40.640944 <... read resumed> "\1\0\0\0", 4) = 4
12446 15:18:40.640966 gettimeofday({1495653520, 640976}, NULL) = 0
12446 15:18:40.640995 getcwd("/home/msfadmin", 4096) = 15
12446 15:18:40.641028 open("myfile9", O_WRONLY|O_CREAT|O_NONBLOCK|O_LARGEFILE, 0666) = 4
12446 15:18:40.641093 fstat64(4, {st_mode=S_IFREG|0644, st_size=17, ...}) = 0
12446 15:18:40.641142 fcntl64(4, F_GETFL) = 0x8801 (flags O_WRONLY|O_NONBLOCK|O_LARGEFILE)
12446 15:18:40.641173 fcntl64(4, F_SETFL, O_WRONLY|O_LARGEFILE) = 0
12446 15:18:40.641221 fcntl64(4, F_SETLKW64, {type=F_WRLCK, whence=SEEK_SET, start=0, len=0}, 0xbf90b2f4) = 0
12446 15:18:40.641259 ftruncate64(4, 0) = 0
12446 15:18:40.641303 _llseek(4, 0, [0], SEEK_SET) = 0
12446 15:18:40.641333 write(5, "\v", 1 <unfinished ...>
12444 15:18:40.641352 read(4,  <unfinished ...>
12446 15:18:40.641368 <... write resumed> ) = 1
12444 15:18:40.641385 <... read resumed> "\v", 1) = 1
12446 15:18:40.641403 read(5,  <unfinished ...>
12444 15:18:40.641420 write(4, "\1\0\0\0", 4) = 4
12446 15:18:40.641449 <... read resumed> "\1\0\0\0", 4) = 4
12444 15:18:40.641469 read(4,  <unfinished ...>
12446 15:18:40.641485 write(5, "\v", 1) = 1
12444 15:18:40.641512 <... read resumed> "\v", 1) = 1
12446 15:18:40.641530 read(5,  <unfinished ...>
12444 15:18:40.641546 write(4, "\1\0\0\0", 4) = 4
12446 15:18:40.641579 <... read resumed> "\1\0\0\0", 4) = 4
12444 15:18:40.641600 read(4,  <unfinished ...>
12446 15:18:40.641617 write(5, "\r", 1) = 1
12444 15:18:40.641643 <... read resumed> "\r", 1) = 1
12444 15:18:40.641664 select(6, [5], NULL, NULL, {60, 0} <unfinished ...>
12446 15:18:40.641686 read(5,  <unfinished ...>
12444 15:18:40.641704 <... select resumed> ) = 1 (in [5], left {60, 0})
12444 15:18:40.641731 accept(5, {sa_family=AF_INET, sin_port=htons(52734), sin_addr=inet_addr("127.0.0.1")}, [16]) = 6
12444 15:18:40.641790 write(4, "\1", 1) = 1
12446 15:18:40.641818 <... read resumed> "\1", 1) = 1
12446 15:18:40.641840 recvmsg(5,  <unfinished ...>
12444 15:18:40.641863 sendmsg(4, {msg_name(0)=NULL, msg_iov(1)=[{"\0", 1}], msg_controllen=16, {cmsg_len=16, cmsg_level=SOL_SOCKET, cmsg_type=SCM_RIGHTS, {6}}, msg_flags=0}, 0) = 1
12446 15:18:40.641907 <... recvmsg resumed> {msg_name(0)=NULL, msg_iov(1)=[{"\0", 1}], msg_controllen=16, {cmsg_len=16, cmsg_level=SOL_SOCKET, cmsg_type=SCM_RIGHTS, {6}}, msg_flags=0}, 0) = 1
12446 15:18:40.641942 setsockopt(6, SOL_SOCKET, SO_KEEPALIVE, [1], 4) = 0
12446 15:18:40.641980 setsockopt(6, SOL_IP, IP_TOS, [8], 4) = 0
12446 15:18:40.642037 setsockopt(6, SOL_SOCKET, SO_LINGER, {onoff=1, linger=32767}, 8 <unfinished ...>
12444 15:18:40.642063 close(6)          = 0
12444 15:18:40.642090 read(4,  <unfinished ...>
12446 15:18:40.642107 <... setsockopt resumed> ) = 0
12446 15:18:40.642126 rt_sigaction(SIGALRM, {0x805cad0, ~[RTMIN RT_1], 0}, NULL, 8) = 0
12446 15:18:40.642163 alarm(300)        = 300
12446 15:18:40.642197 write(0, "150 Ok to send data.\r\n", 22) = 22
12446 15:18:40.642369 read(6, "assasaaa\na\na\na\na\n", 65536) = 17
12446 15:18:40.642407 write(4, "assasaaa\na\na\na\na\n", 17) = 17
12446 15:18:40.642449 read(6, "", 65536) = 0
12446 15:18:40.642477 rt_sigaction(SIGALRM, {0x805cad0, ~[RTMIN RT_1], 0}, NULL, 8) = 0
12446 15:18:40.642513 alarm(300)        = 300
12446 15:18:40.642540 close(6)          = 0
12446 15:18:40.642584 alarm(0)          = 300
12446 15:18:40.642616 gettimeofday({1495653520, 642627}, NULL) = 0
12446 15:18:40.642657 gettimeofday({1495653520, 642668}, NULL) = 0
12446 15:18:40.642693 fcntl64(3, F_SETLKW64, {type=F_WRLCK, whence=SEEK_SET, start=0, len=0}, 0xbf90b294) = 0
12446 15:18:40.642732 write(3, "Wed May 24 15:18:40 2017 [pid 12446] [msfadmin] OK UPLOAD: Client \"127.0.0.1\", \"/home/msfadmin/myfile9\", 17 bytes, 9.81Kbyte/sec\n", 129) = 129
12446 15:18:40.642786 fcntl64(3, F_SETLK64, {type=F_UNLCK, whence=SEEK_SET, start=0, len=0}, 0xbf90b29c) = 0
12446 15:18:40.642825 write(0, "226 Transfer complete.\r\n", 24) = 24
12446 15:18:40.642931 write(5, "\n", 1) = 1
12444 15:18:40.642963 <... read resumed> "\n", 1) = 1
12444 15:18:40.643029 close(5)          = 0
12444 15:18:40.643066 write(4, "\1", 1) = 1
12444 15:18:40.643096 read(4,  <unfinished ...>
12446 15:18:40.643122 read(5, "\1", 1)  = 1
12446 15:18:40.643153 close(4)          = 0
12446 15:18:40.643182 rt_sigaction(SIGALRM, {0x805cad0, ~[RTMIN RT_1], 0}, NULL, 8) = 0
12446 15:18:40.643219 alarm(300)        = 0
12446 15:18:40.643249 recv(0, "TYPE I\r\n", 4096, MSG_PEEK) = 8
12446 15:18:41.190401 read(0, "TYPE I\r\n", 8) = 8
12446 15:18:41.190526 write(0, "200 Switching to Binary mode.\r\n", 31) = 31
12446 15:18:41.190793 rt_sigaction(SIGALRM, {0x805cad0, ~[RTMIN RT_1], 0}, NULL, 8) = 0
12446 15:18:41.190878 alarm(300)        = 299
12446 15:18:41.190931 recv(0, "PASV\r\n", 4096, MSG_PEEK) = 6
12446 15:18:41.190984 read(0, "PASV\r\n", 6) = 6
12446 15:18:41.191038 write(5, "\n", 1) = 1
12444 15:18:41.191102 <... read resumed> "\n", 1) = 1
12444 15:18:41.191137 write(4, "\1", 1) = 1
12444 15:18:41.191184 read(4,  <unfinished ...>
12446 15:18:41.191215 read(5, "\1", 1)  = 1
12446 15:18:41.191266 write(5, "\f", 1) = 1
12444 15:18:41.191308 <... read resumed> "\f", 1) = 1
12444 15:18:41.191343 socket(PF_INET, SOCK_STREAM, IPPROTO_TCP) = 5
12444 15:18:41.191426 setsockopt(5, SOL_SOCKET, SO_REUSEADDR, [1], 4) = 0
12444 15:18:41.191488 bind(5, {sa_family=AF_INET, sin_port=htons(35451), sin_addr=inet_addr("127.0.0.1")}, 16) = 0
12444 15:18:41.191555 listen(5, 1)      = 0
12444 15:18:41.191611 write(4, "{\212\0\0", 4) = 4
12444 15:18:41.191660 read(4,  <unfinished ...>
12446 15:18:41.191691 read(5, "{\212\0\0", 4) = 4
12446 15:18:41.191846 write(0, "227 Entering Passive Mode (127,0,0,1,138,123).\r\n", 48) = 48
12446 15:18:41.192295 rt_sigaction(SIGALRM, {0x805cad0, ~[RTMIN RT_1], 0}, NULL, 8) = 0
12446 15:18:41.192375 alarm(300)        = 300
12446 15:18:41.192427 recv(0, "STOR myfile10\r\n", 4096, MSG_PEEK) = 15
12446 15:18:41.192481 read(0, "STOR myfile10\r\n", 15) = 15
12446 15:18:41.192540 write(5, "\v", 1) = 1
12444 15:18:41.192587 <... read resumed> "\v", 1) = 1
12444 15:18:41.192619 write(4, "\1\0\0\0", 4) = 4
12444 15:18:41.192711 read(4,  <unfinished ...>
12446 15:18:41.192756 read(5, "\1\0\0\0", 4) = 4
12446 15:18:41.192810 gettimeofday({1495653521, 192826}, NULL) = 0
12446 15:18:41.192857 getcwd("/home/msfadmin", 4096) = 15
12446 15:18:41.192913 open("myfile10", O_WRONLY|O_CREAT|O_NONBLOCK|O_LARGEFILE, 0666) = 4
12446 15:18:41.192972 fstat64(4, {st_mode=S_IFREG|0644, st_size=17, ...}) = 0
12446 15:18:41.193047 fcntl64(4, F_GETFL) = 0x8801 (flags O_WRONLY|O_NONBLOCK|O_LARGEFILE)
12446 15:18:41.193095 fcntl64(4, F_SETFL, O_WRONLY|O_LARGEFILE) = 0
12446 15:18:41.193138 fcntl64(4, F_SETLKW64, {type=F_WRLCK, whence=SEEK_SET, start=0, len=0}, 0xbf90b2f4) = 0
12446 15:18:41.193197 ftruncate64(4, 0) = 0
12446 15:18:41.193268 _llseek(4, 0, [0], SEEK_SET) = 0
12446 15:18:41.193316 write(5, "\v", 1) = 1
12444 15:18:41.193361 <... read resumed> "\v", 1) = 1
12444 15:18:41.193393 write(4, "\1\0\0\0", 4) = 4
12444 15:18:41.193440 read(4,  <unfinished ...>
12446 15:18:41.193470 read(5, "\1\0\0\0", 4) = 4
12446 15:18:41.193519 write(5, "\v", 1) = 1
12444 15:18:41.193561 <... read resumed> "\v", 1) = 1
12444 15:18:41.193590 write(4, "\1\0\0\0", 4) = 4
12444 15:18:41.193815 read(4,  <unfinished ...>
12446 15:18:41.193860 read(5, "\1\0\0\0", 4) = 4
