19265 14:22:32.067748 open("/etc/passwd", O_RDONLY|0x80000 /* O_??? */) = 5
19265 14:22:32.067764 _llseek(5, 0, [0], SEEK_CUR) = 0
19265 14:22:32.067776 fstat64(5, {st_mode=S_IFREG|0644, st_size=1624, ...}) = 0
19265 14:22:32.067793 mmap2(NULL, 1624, PROT_READ, MAP_SHARED, 5, 0) = 0xb7f52000
19265 14:22:32.067804 _llseek(5, 1624, [1624], SEEK_SET) = 0
19265 14:22:32.067833 munmap(0xb7f52000, 1624) = 0
19265 14:22:32.067849 close(5)          = 0
19265 14:22:32.067888 open("/etc/shadow", O_RDONLY|0x80000 /* O_??? */) = 5
19265 14:22:32.067915 _llseek(5, 0, [0], SEEK_CUR) = 0
19265 14:22:32.067929 fstat64(5, {st_mode=S_IFREG|0640, st_size=1233, ...}) = 0
19265 14:22:32.067946 mmap2(NULL, 1233, PROT_READ, MAP_SHARED, 5, 0) = 0xb7f52000
19265 14:22:32.067958 _llseek(5, 1233, [1233], SEEK_SET) = 0
19265 14:22:32.067978 munmap(0xb7f52000, 1233) = 0
19265 14:22:32.067989 close(5)          = 0
19265 14:22:32.068009 open("/etc/passwd", O_RDONLY|0x80000 /* O_??? */) = 5
19265 14:22:32.068023 _llseek(5, 0, [0], SEEK_CUR) = 0
19265 14:22:32.068034 fstat64(5, {st_mode=S_IFREG|0644, st_size=1624, ...}) = 0
19265 14:22:32.068050 mmap2(NULL, 1624, PROT_READ, MAP_SHARED, 5, 0) = 0xb7f52000
19265 14:22:32.068061 _llseek(5, 1624, [1624], SEEK_SET) = 0
19265 14:22:32.068078 munmap(0xb7f52000, 1624) = 0
19265 14:22:32.068088 close(5)          = 0
19265 14:22:32.068101 open("/etc/shadow", O_RDONLY|0x80000 /* O_??? */) = 5
19265 14:22:32.068115 _llseek(5, 0, [0], SEEK_CUR) = 0
19265 14:22:32.068125 fstat64(5, {st_mode=S_IFREG|0640, st_size=1233, ...}) = 0
19265 14:22:32.068142 mmap2(NULL, 1233, PROT_READ, MAP_SHARED, 5, 0) = 0xb7f52000
19265 14:22:32.068153 _llseek(5, 1233, [1233], SEEK_SET) = 0
19265 14:22:32.068170 munmap(0xb7f52000, 1233) = 0
19265 14:22:32.068180 close(5)          = 0
19265 14:22:32.068418 getuid32()        = 0
19265 14:22:32.068429 open("/etc/passwd", O_RDONLY|0x80000 /* O_??? */) = 5
19265 14:22:32.068442 _llseek(5, 0, [0], SEEK_CUR) = 0
19265 14:22:32.068453 fstat64(5, {st_mode=S_IFREG|0644, st_size=1624, ...}) = 0
19265 14:22:32.068470 mmap2(NULL, 1624, PROT_READ, MAP_SHARED, 5, 0) = 0xb7f52000
19265 14:22:32.068481 _llseek(5, 1624, [1624], SEEK_SET) = 0
19265 14:22:32.068497 munmap(0xb7f52000, 1624) = 0
19265 14:22:32.068507 close(5)          = 0
19265 14:22:32.068520 open("/etc/shadow", O_RDONLY|0x80000 /* O_??? */) = 5
19265 14:22:32.068533 _llseek(5, 0, [0], SEEK_CUR) = 0
19265 14:22:32.068543 fstat64(5, {st_mode=S_IFREG|0640, st_size=1233, ...}) = 0
19265 14:22:32.068560 mmap2(NULL, 1233, PROT_READ, MAP_SHARED, 5, 0) = 0xb7f52000
19265 14:22:32.068571 _llseek(5, 1233, [1233], SEEK_SET) = 0
19265 14:22:32.068587 munmap(0xb7f52000, 1233) = 0
19265 14:22:32.068597 close(5)          = 0
19265 14:22:32.068609 time(NULL)        = 1495650152
19265 14:22:32.068630 munmap(0xb7f4f000, 12164) = 0
19265 14:22:32.068645 munmap(0xb7f4d000, 7136) = 0
19265 14:22:32.068660 munmap(0xb7d82000, 95428) = 0
19265 14:22:32.068672 munmap(0xb7d48000, 201052) = 0
19265 14:22:32.068684 munmap(0xb7d2f000, 101180) = 0
19265 14:22:32.068702 gettimeofday({1495650152, 68706}, NULL) = 0
19265 14:22:32.068714 stat64("/usr/share/zoneinfo/UTC+04:00", 0xbfa4bbb4) = -1 ENOENT (No such file or directory)
19265 14:22:32.068731 open("/usr/share/zoneinfo/UTC+04:00", O_RDONLY) = -1 ENOENT (No such file or directory)
19265 14:22:32.068760 fcntl64(3, F_SETLKW64, {type=F_WRLCK, whence=SEEK_SET, start=0, len=0}, 0xbfa4bd04) = 0
19265 14:22:32.068778 write(3, "Wed May 24 14:22:32 2017 [pid 19265] [msfadmin] OK LOGIN: Client \"127.0.0.1\"\n", 77) = 77
19265 14:22:32.068802 fcntl64(3, F_SETLK64, {type=F_UNLCK, whence=SEEK_SET, start=0, len=0}, 0xbfa4bd0c) = 0
19265 14:22:32.068824 rt_sigaction(SIGCHLD, {0x805cad0, ~[RTMIN RT_1], 0}, NULL, 8) = 0
19265 14:22:32.068840 write(4, "\1", 1 <unfinished ...>
19266 14:22:32.068852 <... read resumed> "\1", 1) = 1
19265 14:22:32.068858 <... write resumed> ) = 1
19266 14:22:32.068867 exit_group(0)     = ?
19265 14:22:32.068907 --- SIGCHLD (Child exited) @ 0 (0) ---
19265 14:22:32.068915 sigreturn()       = ? (mask now [])
19265 14:22:32.068935 wait4(-1, [{WIFEXITED(s) && WEXITSTATUS(s) == 0}], 0, NULL) = 19266
19265 14:22:32.068949 close(4)          = 0
19265 14:22:32.068961 socketpair(PF_FILE, SOCK_STREAM, 0, [4, 5]) = 0
19265 14:22:32.068977 rt_sigaction(SIGCHLD, {0x805cad0, ~[RTMIN RT_1], 0}, NULL, 8) = 0
19265 14:22:32.068991 rt_sigaction(SIGALRM, {0x805cb10, ~[RTMIN RT_1], 0}, NULL, 8) = 0
19265 14:22:32.069005 clone(child_stack=0, flags=CLONE_CHILD_CLEARTID|CLONE_CHILD_SETTID|SIGCHLD, child_tidptr=0xb7db86f8) = 19267
19267 14:22:32.069062 prctl(0x1, 0x9, 0, 0, 0) = 0
19267 14:22:32.069077 close(4)          = 0
19267 14:22:32.069105 open("/etc/passwd", O_RDONLY|0x80000 /* O_??? */) = 4
19267 14:22:32.069123 _llseek(4, 0, [0], SEEK_CUR) = 0
19267 14:22:32.069140 fstat64(4, {st_mode=S_IFREG|0644, st_size=1624, ...}) = 0
19267 14:22:32.069159 mmap2(NULL, 1624, PROT_READ, MAP_SHARED, 4, 0) = 0xb7f52000
19267 14:22:32.069171 _llseek(4, 1624, [1624], SEEK_SET) = 0
19267 14:22:32.069195 munmap(0xb7f52000, 1624) = 0
19267 14:22:32.069206 close(4)          = 0
19267 14:22:32.069221 getuid32()        = 0
19267 14:22:32.069231 open("/etc/passwd", O_RDONLY|0x80000 /* O_??? */) = 4
19267 14:22:32.069245 _llseek(4, 0, [0], SEEK_CUR) = 0
19267 14:22:32.069256 fstat64(4, {st_mode=S_IFREG|0644, st_size=1624, ...}) = 0
19267 14:22:32.069272 mmap2(NULL, 1624, PROT_READ, MAP_SHARED, 4, 0) = 0xb7f52000
19267 14:22:32.069283 _llseek(4, 1624, [1624], SEEK_SET) = 0
19267 14:22:32.069300 munmap(0xb7f52000, 1624) = 0
19267 14:22:32.069310 close(4)          = 0
19267 14:22:32.069337 open("/proc/sys/kernel/ngroups_max", O_RDONLY) = 4
19267 14:22:32.069359 read(4, "65536\n", 31) = 6
19267 14:22:32.069372 close(4)          = 0
19267 14:22:32.069387 socket(PF_FILE, SOCK_STREAM, 0) = 4
19267 14:22:32.069400 fcntl64(4, F_SETFL, O_RDWR|O_NONBLOCK) = 0
19267 14:22:32.069411 connect(4, {sa_family=AF_FILE, path="/var/run/nscd/socket"}, 110) = -1 ENOENT (No such file or directory)
19267 14:22:32.069434 close(4)          = 0
19267 14:22:32.069445 socket(PF_FILE, SOCK_STREAM, 0) = 4
19267 14:22:32.069456 fcntl64(4, F_SETFL, O_RDWR|O_NONBLOCK) = 0
19267 14:22:32.069467 connect(4, {sa_family=AF_FILE, path="/var/run/nscd/socket"}, 110) = -1 ENOENT (No such file or directory)
19267 14:22:32.069486 close(4)          = 0
19267 14:22:32.069510 open("/etc/group", O_RDONLY|0x80000 /* O_??? */) = 4
19267 14:22:32.069525 _llseek(4, 0, [0], SEEK_CUR) = 0
19267 14:22:32.069536 fstat64(4, {st_mode=S_IFREG|0644, st_size=886, ...}) = 0
19267 14:22:32.069553 mmap2(NULL, 886, PROT_READ, MAP_SHARED, 4, 0) = 0xb7f52000
19267 14:22:32.069565 _llseek(4, 886, [886], SEEK_SET) = 0
19267 14:22:32.069590 fstat64(4, {st_mode=S_IFREG|0644, st_size=886, ...}) = 0
19267 14:22:32.069608 munmap(0xb7f52000, 886) = 0
19267 14:22:32.069622 close(4)          = 0
19267 14:22:32.069633 setgroups32(13, [1000, 4, 20, 24, 25, 29, 30, 44, 46, 107, 111, 112, 119]) = 0
19267 14:22:32.069650 geteuid32()       = 0
19267 14:22:32.069662 getegid32()       = 0
19267 14:22:32.069673 setregid32(-1, 1000) = 0
19267 14:22:32.069684 setreuid32(-1, 1000) = 0
19267 14:22:32.069695 chdir("/home/msfadmin") = 0
19267 14:22:32.069708 setreuid32(-1, 0) = 0
19267 14:22:32.069717 setregid32(-1, 0) = 0
19267 14:22:32.069729 setgid32(1000)    = 0
19267 14:22:32.069739 setuid32(1000)    = 0
19267 14:22:32.069750 setrlimit(RLIMIT_NPROC, {rlim_cur=0, rlim_max=0}) = 0
19267 14:22:32.069772 mmap2(NULL, 12288, PROT_READ|PROT_WRITE, MAP_PRIVATE|MAP_ANONYMOUS, -1, 0) = 0xb7f50000
19267 14:22:32.069784 mprotect(0xb7f52000, 4096, PROT_NONE) = 0
19267 14:22:32.069796 mprotect(0xb7f50000, 4096, PROT_NONE) = 0
19267 14:22:32.069809 getcwd("/home/msfadmin", 4096) = 15
19267 14:22:32.069823 umask(022)        = 077
19267 14:22:32.069833 getcwd("/home/msfadmin", 4096) = 15
19267 14:22:32.069847 open(".message", O_RDONLY|O_NONBLOCK|O_LARGEFILE) = -1 ENOENT (No such file or directory)
19267 14:22:32.069871 write(0, "230 Login successful.\r\n", 23) = 23
19267 14:22:32.069967 rt_sigaction(SIGALRM, {0x805cad0, ~[RTMIN RT_1], 0}, NULL, 8) = 0
19267 14:22:32.069985 alarm(300)        = 0
19267 14:22:32.069997 mmap2(NULL, 12288, PROT_READ|PROT_WRITE, MAP_PRIVATE|MAP_ANONYMOUS, -1, 0) = 0xb7f4d000
19267 14:22:32.070008 mprotect(0xb7f4f000, 4096, PROT_NONE) = 0
19267 14:22:32.070020 mprotect(0xb7f4d000, 4096, PROT_NONE) = 0
19267 14:22:32.070033 recv(0, "TYPE I\r\n", 4096, MSG_PEEK) = 8
19267 14:22:32.070047 read(0, "TYPE I\r\n", 8) = 8
19267 14:22:32.070064 write(0, "200 Switching to Binary mode.\r\n", 31) = 31
19267 14:22:32.070106 rt_sigaction(SIGALRM, {0x805cad0, ~[RTMIN RT_1], 0}, NULL, 8) = 0
19267 14:22:32.070121 alarm(300)        = 300
19267 14:22:32.070133 recv(0, "PASV\r\n", 4096, MSG_PEEK) = 6
19267 14:22:32.070144 read(0, "PASV\r\n", 6) = 6
19267 14:22:32.070157 write(5, "\n", 1) = 1
19267 14:22:32.070168 read(5,  <unfinished ...>
19265 14:22:32.070181 close(5)          = 0
19265 14:22:32.070194 getuid32()        = 0
19265 14:22:32.070209 open("/etc/passwd", O_RDONLY|0x80000 /* O_??? */) = 5
19265 14:22:32.070224 _llseek(5, 0, [0], SEEK_CUR) = 0
19265 14:22:32.070237 fstat64(5, {st_mode=S_IFREG|0644, st_size=1624, ...}) = 0
19265 14:22:32.070255 mmap2(NULL, 1624, PROT_READ, MAP_SHARED, 5, 0) = 0xb7f52000
19265 14:22:32.070267 _llseek(5, 1624, [1624], SEEK_SET) = 0
19265 14:22:32.070285 munmap(0xb7f52000, 1624) = 0
19265 14:22:32.070297 close(5)          = 0
19265 14:22:32.070314 setgroups32(0, []) = 0
19265 14:22:32.070326 chdir("/usr/share/empty") = 0
19265 14:22:32.070339 chroot(".")       = 0
19265 14:22:32.070350 capset(NULL, NULL) = -1 EFAULT (Bad address)
19265 14:22:32.070364 prctl(0x8, 0, 0xbfa4bce8, 0x80549a6, 0xbfa4bcd0) = 0
19265 14:22:32.070376 prctl(0x8, 0x1, 0xbfa4bce8, 0x8054a49, 0xbfa4bcd0) = 0
19265 14:22:32.070386 setgid32(65534)   = 0
19265 14:22:32.070397 setuid32(65534)   = 0
19265 14:22:32.070407 capset(0x19980330, 0, {CAP_NET_BIND_SERVICE, CAP_NET_BIND_SERVICE, 0}) = 0
19265 14:22:32.070420 read(4, "\n", 1)  = 1
19265 14:22:32.070434 write(4, "\1", 1) = 1
19267 14:22:32.070446 <... read resumed> "\1", 1) = 1
19267 14:22:32.070454 write(5, "\f", 1) = 1
19267 14:22:32.070464 read(5,  <unfinished ...>
19265 14:22:32.070472 read(4, "\f", 1)  = 1
19265 14:22:32.070485 socket(PF_INET, SOCK_STREAM, IPPROTO_TCP) = 5
19265 14:22:32.070499 setsockopt(5, SOL_SOCKET, SO_REUSEADDR, [1], 4) = 0
19265 14:22:32.070511 gettimeofday({1495650152, 70515}, NULL) = 0
19265 14:22:32.070528 bind(5, {sa_family=AF_INET, sin_port=htons(39273), sin_addr=inet_addr("127.0.0.1")}, 16) = 0
19265 14:22:32.070545 listen(5, 1)      = 0
19265 14:22:32.070559 write(4, "i\231\0\0", 4) = 4
19267 14:22:32.070571 <... read resumed> "i\231\0\0", 4) = 4
19267 14:22:32.070585 write(0, "227 Entering Passive Mode (127,0,0,1,153,105).\r\n", 48) = 48
19267 14:22:32.070702 rt_sigaction(SIGALRM, {0x805cad0, ~[RTMIN RT_1], 0}, NULL, 8) = 0
19267 14:22:32.070729 alarm(300)        = 300
19267 14:22:32.070742 recv(0, "RETR myfile30\r\n", 4096, MSG_PEEK) = 15
19267 14:22:32.070755 read(0, "RETR myfile30\r\n", 15) = 15
19267 14:22:32.070771 write(5, "\v", 1) = 1
19267 14:22:32.070782 read(5,  <unfinished ...>
19265 14:22:32.070790 read(4, "\v", 1)  = 1
19265 14:22:32.070801 write(4, "\1\0\0\0", 4) = 4
19267 14:22:32.070812 <... read resumed> "\1\0\0\0", 4) = 4
19267 14:22:32.070821 gettimeofday({1495650152, 70825}, NULL) = 0
19267 14:22:32.070833 getcwd("/home/msfadmin", 4096) = 15
19267 14:22:32.070846 open("myfile30", O_RDONLY|O_NONBLOCK|O_LARGEFILE) = 4
19267 14:22:32.070859 fcntl64(4, F_SETLKW64, {type=F_RDLCK, whence=SEEK_SET, start=0, len=0}, 0xbfa4bc54) = 0
19267 14:22:32.070874 fstat64(4, {st_mode=S_IFREG|0644, st_size=17, ...}) = 0
19267 14:22:32.070891 fcntl64(4, F_GETFL) = 0x8800 (flags O_RDONLY|O_NONBLOCK|O_LARGEFILE)
19267 14:22:32.070902 fcntl64(4, F_SETFL, O_RDONLY|O_LARGEFILE) = 0
19267 14:22:32.070915 write(5, "\v", 1) = 1
19267 14:22:32.070926 read(5,  <unfinished ...>
19265 14:22:32.070933 read(4, "\v", 1)  = 1
19265 14:22:32.070945 write(4, "\1\0\0\0", 4) = 4
19267 14:22:32.070956 <... read resumed> "\1\0\0\0", 4) = 4
19267 14:22:32.070963 write(5, "\v", 1) = 1
19267 14:22:32.070974 read(5,  <unfinished ...>
19265 14:22:32.070981 read(4, "\v", 1)  = 1
19265 14:22:32.070992 write(4, "\1\0\0\0", 4) = 4
19267 14:22:32.071002 <... read resumed> "\1\0\0\0", 4) = 4
19267 14:22:32.071010 write(5, "\r", 1) = 1
19267 14:22:32.071020 read(5,  <unfinished ...>
19265 14:22:32.071027 read(4, "\r", 1)  = 1
19265 14:22:32.071040 select(6, [5], NULL, NULL, {60, 0}) = 1 (in [5], left {60, 0})
19265 14:22:32.071058 accept(5, {sa_family=AF_INET, sin_port=htons(33240), sin_addr=inet_addr("127.0.0.1")}, [16]) = 6
19265 14:22:32.071082 write(4, "\1", 1) = 1
19267 14:22:32.071093 <... read resumed> "\1", 1) = 1
19267 14:22:32.071103 recvmsg(5,  <unfinished ...>
19265 14:22:32.071113 sendmsg(4, {msg_name(0)=NULL, msg_iov(1)=[{"\0", 1}], msg_controllen=16, {cmsg_len=16, cmsg_level=SOL_SOCKET, cmsg_type=SCM_RIGHTS, {6}}, msg_flags=0}, 0) = 1
19267 14:22:32.071131 <... recvmsg resumed> {msg_name(0)=NULL, msg_iov(1)=[{"\0", 1}], msg_controllen=16, {cmsg_len=16, cmsg_level=SOL_SOCKET, cmsg_type=SCM_RIGHTS, {6}}, msg_flags=0}, 0) = 1
19267 14:22:32.071144 setsockopt(6, SOL_SOCKET, SO_KEEPALIVE, [1], 4) = 0
19267 14:22:32.071157 setsockopt(6, SOL_IP, IP_TOS, [8], 4) = 0
19267 14:22:32.071169 setsockopt(6, SOL_SOCKET, SO_LINGER, {onoff=1, linger=32767}, 8) = 0
19267 14:22:32.071180 rt_sigaction(SIGALRM, {0x805cad0, ~[RTMIN RT_1], 0}, NULL, 8) = 0
19267 14:22:32.071194 alarm(300)        = 300
19267 14:22:32.071208 write(0, "150 Opening BINARY mode data connection for myfile30 (17 bytes).\r\n", 66) = 66
19267 14:22:32.071252 _llseek(4, 0, [0], SEEK_CUR) = 0
19267 14:22:32.071265 fstat64(4, {st_mode=S_IFREG|0644, st_size=17, ...}) = 0
19267 14:22:32.071282 _llseek(4, 0, [0], SEEK_SET) = 0
19267 14:22:32.071295 sendfile(6, 4, NULL, 17) = 17
19267 14:22:32.071324 rt_sigaction(SIGALRM, {0x805cad0, ~[RTMIN RT_1], 0}, NULL, 8) = 0
19267 14:22:32.071339 alarm(300)        = 300
19267 14:22:32.071349 close(6)          = 0
19267 14:22:32.071359 alarm(0)          = 300
19267 14:22:32.071368 gettimeofday({1495650152, 71372}, NULL) = 0
19267 14:22:32.071386 getpid()          = 19267
19267 14:22:32.071399 gettimeofday({1495650152, 71403}, NULL) = 0
19267 14:22:32.071416 fcntl64(3, F_SETLKW64, {type=F_WRLCK, whence=SEEK_SET, start=0, len=0}, 0xbfa4bbf4) = 0
19267 14:22:32.071431 write(3, "Wed May 24 14:22:32 2017 [pid 19267] [msfadmin] OK DOWNLOAD: Client \"127.0.0.1\", \"/home/msfadmin/myfile30\", 17 bytes, 28.72Kbyte/sec\n", 133) = 133
19267 14:22:32.071452 fcntl64(3, F_SETLK64, {type=F_UNLCK, whence=SEEK_SET, start=0, len=0}, 0xbfa4bbfc) = 0
19267 14:22:32.071466 write(0, "226 Transfer complete.\r\n", 24) = 24
19267 14:22:32.071482 write(5, "\n", 1) = 1
19267 14:22:32.071493 read(5,  <unfinished ...>
19265 14:22:32.071500 close(6)          = 0
19265 14:22:32.071584 read(4, "\n", 1)  = 1
19265 14:22:32.071598 close(5)          = 0
19265 14:22:32.071609 write(4, "\1", 1) = 1
19267 14:22:32.071621 <... read resumed> "\1", 1) = 1
19267 14:22:32.071628 close(4)          = 0
19267 14:22:32.071639 rt_sigaction(SIGALRM, {0x805cad0, ~[RTMIN RT_1], 0}, NULL, 8) = 0
19267 14:22:32.071653 alarm(300)        = 0
19267 14:22:32.071665 recv(0,  <unfinished ...>
19265 14:22:32.071673 read(4,  <unfinished ...>
19264 14:22:32.138358 <... recv resumed> "TYPE I\r\n", 4096, MSG_PEEK) = 8
19264 14:22:32.138504 read(0, "TYPE I\r\n", 8) = 8
19264 14:22:32.138633 write(0, "200 Switching to Binary mode.\r\n", 31) = 31
19264 14:22:32.138743 rt_sigaction(SIGALRM, {0x805cad0, ~[RTMIN RT_1], 0}, NULL, 8) = 0
19264 14:22:32.138779 alarm(300)        = 299
19264 14:22:32.138805 recv(0, "PASV\r\n", 4096, MSG_PEEK) = 6
19264 14:22:32.138825 read(0, "PASV\r\n", 6) = 6
19264 14:22:32.138837 write(5, "\n", 1 <unfinished ...>
19262 14:22:32.138849 <... read resumed> "\n", 1) = 1
19264 14:22:32.138854 <... write resumed> ) = 1
19262 14:22:32.138862 write(4, "\1", 1) = 1
19262 14:22:32.138873 read(4,  <unfinished ...>
19264 14:22:32.138880 read(5, "\1", 1)  = 1
19264 14:22:32.138892 write(5, "\f", 1 <unfinished ...>
19262 14:22:32.138899 <... read resumed> "\f", 1) = 1
19264 14:22:32.138903 <... write resumed> ) = 1
19262 14:22:32.138911 socket(PF_INET, SOCK_STREAM, IPPROTO_TCP) = 5
19262 14:22:32.138927 setsockopt(5, SOL_SOCKET, SO_REUSEADDR, [1], 4) = 0
19262 14:22:32.138942 bind(5, {sa_family=AF_INET, sin_port=htons(42136), sin_addr=inet_addr("127.0.0.1")}, 16) = 0
19262 14:22:32.138959 listen(5, 1)      = 0
19262 14:22:32.138973 write(4, "\230\244\0\0", 4) = 4
19262 14:22:32.138984 read(4,  <unfinished ...>
19264 14:22:32.138991 read(5, "\230\244\0\0", 4) = 4
19264 14:22:32.139008 write(0, "227 Entering Passive Mode (127,0,0,1,164,152).\r\n", 48) = 48
19264 14:22:32.139121 rt_sigaction(SIGALRM, {0x805cad0, ~[RTMIN RT_1], 0}, NULL, 8) = 0
19264 14:22:32.139138 alarm(300)        = 300
19264 14:22:32.139150 recv(0, "STOR myfile34\r\n", 4096, MSG_PEEK) = 15
19264 14:22:32.139162 read(0, "STOR myfile34\r\n", 15) = 15
19264 14:22:32.139176 write(5, "\v", 1 <unfinished ...>
19262 14:22:32.139184 <... read resumed> "\v", 1) = 1
19264 14:22:32.139189 <... write resumed> ) = 1
19262 14:22:32.139195 write(4, "\1\0\0\0", 4) = 4
19262 14:22:32.139206 read(4,  <unfinished ...>
19264 14:22:32.139213 read(5, "\1\0\0\0", 4) = 4
19264 14:22:32.139225 gettimeofday({1495650152, 139228}, NULL) = 0
19264 14:22:32.139236 getcwd("/home/msfadmin", 4096) = 15
19264 14:22:32.139249 open("myfile34", O_WRONLY|O_CREAT|O_NONBLOCK|O_LARGEFILE, 0666) = 4
19264 14:22:32.139263 fstat64(4, {st_mode=S_IFREG|0644, st_size=17, ...}) = 0
19264 14:22:32.139281 fcntl64(4, F_GETFL) = 0x8801 (flags O_WRONLY|O_NONBLOCK|O_LARGEFILE)
19264 14:22:32.139293 fcntl64(4, F_SETFL, O_WRONLY|O_LARGEFILE) = 0
19264 14:22:32.139303 fcntl64(4, F_SETLKW64, {type=F_WRLCK, whence=SEEK_SET, start=0, len=0}, 0xbfad6cc4) = 0
19264 14:22:32.139317 ftruncate64(4, 0) = 0
19264 14:22:32.139337 _llseek(4, 0, [0], SEEK_SET) = 0
19264 14:22:32.139349 write(5, "\v", 1 <unfinished ...>
19262 14:22:32.139357 <... read resumed> "\v", 1) = 1
19264 14:22:32.139361 <... write resumed> ) = 1
19262 14:22:32.139368 write(4, "\1\0\0\0", 4) = 4
19262 14:22:32.139378 read(4,  <unfinished ...>
19264 14:22:32.139422 read(5, "\1\0\0\0", 4) = 4
19264 14:22:32.139443 write(5, "\v", 1 <unfinished ...>
19262 14:22:32.139455 <... read resumed> "\v", 1) = 1
19264 14:22:32.139463 <... write resumed> ) = 1
19262 14:22:32.139472 write(4, "\1\0\0\0", 4) = 4
19262 14:22:32.139489 read(4,  <unfinished ...>
19264 14:22:32.139500 read(5, "\1\0\0\0", 4) = 4
19264 14:22:32.139518 write(5, "\r", 1 <unfinished ...>
19262 14:22:32.139530 <... read resumed> "\r", 1) = 1
19264 14:22:32.139538 <... write resumed> ) = 1
19262 14:22:32.139549 select(6, [5], NULL, NULL, {60, 0}) = 1 (in [5], left {60, 0})
19262 14:22:32.139574 accept(5, {sa_family=AF_INET, sin_port=htons(45299), sin_addr=inet_addr("127.0.0.1")}, [16]) = 6
19262 14:22:32.139618 write(4, "\1", 1) = 1
19262 14:22:32.139637 sendmsg(4, {msg_name(0)=NULL, msg_iov(1)=[{"\0", 1}], msg_controllen=16, {cmsg_len=16, cmsg_level=SOL_SOCKET, cmsg_type=SCM_RIGHTS, {6}}, msg_flags=0}, 0) = 1
19262 14:22:32.139664 close(6)          = 0
19262 14:22:32.139679 read(4,  <unfinished ...>
19264 14:22:32.139687 read(5, "\1", 1)  = 1
19264 14:22:32.139700 recvmsg(5, {msg_name(0)=NULL, msg_iov(1)=[{"\0", 1}], msg_controllen=16, {cmsg_len=16, cmsg_level=SOL_SOCKET, cmsg_type=SCM_RIGHTS, {6}}, msg_flags=0}, 0) = 1
19264 14:22:32.139719 setsockopt(6, SOL_SOCKET, SO_KEEPALIVE, [1], 4) = 0
19264 14:22:32.139731 setsockopt(6, SOL_IP, IP_TOS, [8], 4) = 0
19264 14:22:32.139744 setsockopt(6, SOL_SOCKET, SO_LINGER, {onoff=1, linger=32767}, 8) = 0
19264 14:22:32.139755 rt_sigaction(SIGALRM, {0x805cad0, ~[RTMIN RT_1], 0}, NULL, 8) = 0
19264 14:22:32.139769 alarm(300)        = 300
19264 14:22:32.139782 write(0, "150 Ok to send data.\r\n", 22) = 22
19264 14:22:32.139862 read(6, "assasaaa\na\na\na\na\n", 65536) = 17
19264 14:22:32.139876 write(4, "assasaaa\na\na\na\na\n", 17) = 17
19264 14:22:32.139893 read(6, "", 65536) = 0
19264 14:22:32.139903 rt_sigaction(SIGALRM, {0x805cad0, ~[RTMIN RT_1], 0}, NULL, 8) = 0
19264 14:22:32.139917 alarm(300)        = 300
19264 14:22:32.139927 close(6)          = 0
19264 14:22:32.139944 alarm(0)          = 300
19264 14:22:32.139978 gettimeofday({1495650152, 139982}, NULL) = 0
19264 14:22:32.139994 gettimeofday({1495650152, 139998}, NULL) = 0
19264 14:22:32.140009 fcntl64(3, F_SETLKW64, {type=F_WRLCK, whence=SEEK_SET, start=0, len=0}, 0xbfad6c64) = 0
19264 14:22:32.140025 write(3, "Wed May 24 14:22:32 2017 [pid 19264] [msfadmin] OK UPLOAD: Client \"127.0.0.1\", \"/home/msfadmin/myfile34\", 17 bytes, 21.56Kbyte/sec\n", 131) = 131
19264 14:22:32.140047 fcntl64(3, F_SETLK64, {type=F_UNLCK, whence=SEEK_SET, start=0, len=0}, 0xbfad6c6c) = 0
19264 14:22:32.140062 write(0, "226 Transfer complete.\r\n", 24) = 24
19264 14:22:32.140105 write(5, "\n", 1 <unfinished ...>
19262 14:22:32.140115 <... read resumed> "\n", 1) = 1
19264 14:22:32.140120 <... write resumed> ) = 1
19262 14:22:32.140126 close(5)          = 0
19262 14:22:32.140138 write(4, "\1", 1) = 1
19262 14:22:32.140149 read(4,  <unfinished ...>
19264 14:22:32.140156 read(5, "\1", 1)  = 1
19264 14:22:32.140167 close(4)          = 0
19264 14:22:32.140177 rt_sigaction(SIGALRM, {0x805cad0, ~[RTMIN RT_1], 0}, NULL, 8) = 0
19264 14:22:32.140191 alarm(300)        = 0
19264 14:22:32.140202 recv(0,  <unfinished ...>
19267 14:22:32.657534 <... recv resumed> "USER msfadmin\r\n", 4096, MSG_PEEK) = 15
19267 14:22:32.657574 read(0, "USER msfadmin\r\n", 15) = 15
19267 14:22:32.657599 write(0, "331 Any password will do.\r\n", 27) = 27
19267 14:22:32.657644 rt_sigaction(SIGALRM, {0x805cad0, ~[RTMIN RT_1], 0}, NULL, 8) = 0
19267 14:22:32.657661 alarm(300)        = 299
19267 14:22:32.657674 recv(0, "PASS msfadmin\r\n", 4096, MSG_PEEK) = 15
19267 14:22:32.657686 read(0, "PASS msfadmin\r\n", 15) = 15
19267 14:22:32.657702 write(0, "230 Already logged in.\r\n", 24) = 24
19267 14:22:32.657763 rt_sigaction(SIGALRM, {0x805cad0, ~[RTMIN RT_1], 0}, NULL, 8) = 0
19267 14:22:32.657778 alarm(300)        = 300
19267 14:22:32.657790 recv(0, "TYPE I\r\n", 4096, MSG_PEEK) = 8
19267 14:22:32.657801 read(0, "TYPE I\r\n", 8) = 8
19267 14:22:32.657816 write(0, "200 Switching to Binary mode.\r\n", 31) = 31
19267 14:22:32.657851 rt_sigaction(SIGALRM, {0x805cad0, ~[RTMIN RT_1], 0}, NULL, 8) = 0
19267 14:22:32.657865 alarm(300)        = 300
19267 14:22:32.657876 recv(0, "PASV\r\n", 4096, MSG_PEEK) = 6
19267 14:22:32.657887 read(0, "PASV\r\n", 6) = 6
19267 14:22:32.657899 write(5, "\n", 1) = 1
19267 14:22:32.657912 read(5,  <unfinished ...>
19265 14:22:32.657920 <... read resumed> "\n", 1) = 1
19265 14:22:32.657930 write(4, "\1", 1) = 1
19267 14:22:32.657941 <... read resumed> "\1", 1) = 1
19267 14:22:32.657948 write(5, "\f", 1) = 1
19267 14:22:32.657958 read(5,  <unfinished ...>
19265 14:22:32.657965 read(4, "\f", 1)  = 1
19265 14:22:32.657977 socket(PF_INET, SOCK_STREAM, IPPROTO_TCP) = 5
19265 14:22:32.658001 setsockopt(5, SOL_SOCKET, SO_REUSEADDR, [1], 4) = 0
19265 14:22:32.658016 bind(5, {sa_family=AF_INET, sin_port=htons(17524), sin_addr=inet_addr("127.0.0.1")}, 16) = 0
19265 14:22:32.658033 listen(5, 1)      = 0
19265 14:22:32.658047 write(4, "tD\0\0", 4) = 4
19267 14:22:32.658058 <... read resumed> "tD\0\0", 4) = 4
19267 14:22:32.658069 write(0, "227 Entering Passive Mode (127,0,0,1,68,116).\r\n", 47) = 47
19267 14:22:32.658180 rt_sigaction(SIGALRM, {0x805cad0, ~[RTMIN RT_1], 0}, NULL, 8) = 0
19267 14:22:32.658197 alarm(300)        = 300
19267 14:22:32.658208 recv(0, "RETR myfile31\r\n", 4096, MSG_PEEK) = 15
19267 14:22:32.658220 read(0, "RETR myfile31\r\n", 15) = 15
19267 14:22:32.658233 write(5, "\v", 1) = 1
19267 14:22:32.658244 read(5,  <unfinished ...>
19265 14:22:32.658283 read(4, "\v", 1)  = 1
19265 14:22:32.658306 write(4, "\1\0\0\0", 4) = 4
19267 14:22:32.658317 <... read resumed> "\1\0\0\0", 4) = 4
19267 14:22:32.658326 gettimeofday({1495650152, 658330}, NULL) = 0
19267 14:22:32.658337 getcwd("/home/msfadmin", 4096) = 15
19267 14:22:32.658350 open("myfile31", O_RDONLY|O_NONBLOCK|O_LARGEFILE) = 4
19267 14:22:32.658364 fcntl64(4, F_SETLKW64, {type=F_RDLCK, whence=SEEK_SET, start=0, len=0}, 0xbfa4bc54) = 0
19267 14:22:32.658380 fstat64(4, {st_mode=S_IFREG|0644, st_size=17, ...}) = 0
19267 14:22:32.658397 fcntl64(4, F_GETFL) = 0x8800 (flags O_RDONLY|O_NONBLOCK|O_LARGEFILE)
19267 14:22:32.658408 fcntl64(4, F_SETFL, O_RDONLY|O_LARGEFILE) = 0
19267 14:22:32.658420 write(5, "\v", 1) = 1
19267 14:22:32.658431 read(5,  <unfinished ...>
19265 14:22:32.658438 read(4, "\v", 1)  = 1
19265 14:22:32.658449 write(4, "\1\0\0\0", 4) = 4
19267 14:22:32.658460 <... read resumed> "\1\0\0\0", 4) = 4
19267 14:22:32.658467 write(5, "\v", 1) = 1
19267 14:22:32.658477 read(5,  <unfinished ...>
19265 14:22:32.658484 read(4, "\v", 1)  = 1
19265 14:22:32.658495 write(4, "\1\0\0\0", 4) = 4
19267 14:22:32.658505 <... read resumed> "\1\0\0\0", 4) = 4
19267 14:22:32.658513 write(5, "\r", 1) = 1
19267 14:22:32.658523 read(5,  <unfinished ...>
19265 14:22:32.658529 read(4, "\r", 1)  = 1
19265 14:22:32.658542 select(6, [5], NULL, NULL, {60, 0}) = 1 (in [5], left {60, 0})
19265 14:22:32.658558 accept(5, {sa_family=AF_INET, sin_port=htons(34101), sin_addr=inet_addr("127.0.0.1")}, [16]) = 6
19265 14:22:32.658581 write(4, "\1", 1) = 1
19267 14:22:32.658592 <... read resumed> "\1", 1) = 1
19267 14:22:32.658600 recvmsg(5,  <unfinished ...>
19265 14:22:32.658609 sendmsg(4, {msg_name(0)=NULL, msg_iov(1)=[{"\0", 1}], msg_controllen=16, {cmsg_len=16, cmsg_level=SOL_SOCKET, cmsg_type=SCM_RIGHTS, {6}}, msg_flags=0}, 0) = 1
19267 14:22:32.658626 <... recvmsg resumed> {msg_name(0)=NULL, msg_iov(1)=[{"\0", 1}], msg_controllen=16, {cmsg_len=16, cmsg_level=SOL_SOCKET, cmsg_type=SCM_RIGHTS, {6}}, msg_flags=0}, 0) = 1
19267 14:22:32.658640 setsockopt(6, SOL_SOCKET, SO_KEEPALIVE, [1], 4) = 0
19267 14:22:32.658652 setsockopt(6, SOL_IP, IP_TOS, [8], 4) = 0
19267 14:22:32.658664 setsockopt(6, SOL_SOCKET, SO_LINGER, {onoff=1, linger=32767}, 8) = 0
19267 14:22:32.658675 rt_sigaction(SIGALRM, {0x805cad0, ~[RTMIN RT_1], 0}, NULL, 8) = 0
19267 14:22:32.658688 alarm(300)        = 300
19267 14:22:32.658701 write(0, "150 Opening BINARY mode data connection for myfile31 (17 bytes).\r\n", 66) = 66
19267 14:22:32.658742 _llseek(4, 0, [0], SEEK_CUR) = 0
19267 14:22:32.658755 fstat64(4, {st_mode=S_IFREG|0644, st_size=17, ...}) = 0
19267 14:22:32.658772 _llseek(4, 0, [0], SEEK_SET) = 0
19267 14:22:32.658783 sendfile(6, 4, NULL, 17) = 17
19267 14:22:32.658813 rt_sigaction(SIGALRM, {0x805cad0, ~[RTMIN RT_1], 0}, NULL, 8) = 0
19267 14:22:32.658827 alarm(300)        = 300
19267 14:22:32.658837 close(6)          = 0
19267 14:22:32.658846 alarm(0)          = 300
19267 14:22:32.658856 gettimeofday({1495650152, 658859}, NULL) = 0
19267 14:22:32.658871 gettimeofday({1495650152, 658875}, NULL) = 0
19267 14:22:32.658885 fcntl64(3, F_SETLKW64, {type=F_WRLCK, whence=SEEK_SET, start=0, len=0}, 0xbfa4bbf4) = 0
19267 14:22:32.658900 write(3, "Wed May 24 14:22:32 2017 [pid 19267] [msfadmin] OK DOWNLOAD: Client \"127.0.0.1\", \"/home/msfadmin/myfile31\", 17 bytes, 30.46Kbyte/sec\n", 133) = 133
19267 14:22:32.658925 fcntl64(3, F_SETLK64, {type=F_UNLCK, whence=SEEK_SET, start=0, len=0}, 0xbfa4bbfc) = 0
19267 14:22:32.658940 write(0, "226 Transfer complete.\r\n", 24) = 24
19267 14:22:32.658955 write(5, "\n", 1) = 1
19267 14:22:32.658966 read(5,  <unfinished ...>
19265 14:22:32.658973 close(6)          = 0
19265 14:22:32.659055 read(4, "\n", 1)  = 1
19265 14:22:32.659069 close(5)          = 0
19265 14:22:32.659080 write(4, "\1", 1) = 1
19267 14:22:32.659091 <... read resumed> "\1", 1) = 1
19267 14:22:32.659098 close(4)          = 0
19267 14:22:32.659109 rt_sigaction(SIGALRM, {0x805cad0, ~[RTMIN RT_1], 0}, NULL, 8) = 0
19267 14:22:32.659122 alarm(300)        = 0
19267 14:22:32.659133 recv(0,  <unfinished ...>
19265 14:22:32.659141 read(4,  <unfinished ...>
19264 14:22:32.677589 <... recv resumed> "TYPE I\r\n", 4096, MSG_PEEK) = 8
19264 14:22:32.677621 read(0, "TYPE I\r\n", 8) = 8
19264 14:22:32.677643 write(0, "200 Switching to Binary mode.\r\n", 31) = 31
19264 14:22:32.677692 rt_sigaction(SIGALRM, {0x805cad0, ~[RTMIN RT_1], 0}, NULL, 8) = 0
19264 14:22:32.677710 alarm(300)        = 299
19264 14:22:32.677722 recv(0, "PASV\r\n", 4096, MSG_PEEK) = 6
19264 14:22:32.677734 read(0, "PASV\r\n", 6) = 6
19264 14:22:32.677746 write(5, "\n", 1 <unfinished ...>
19262 14:22:32.677757 <... read resumed> "\n", 1) = 1
19264 14:22:32.677763 <... write resumed> ) = 1
19262 14:22:32.677770 write(4, "\1", 1) = 1
19262 14:22:32.677781 read(4,  <unfinished ...>
19264 14:22:32.677788 read(5, "\1", 1)  = 1
19264 14:22:32.677800 write(5, "\f", 1 <unfinished ...>
19262 14:22:32.677807 <... read resumed> "\f", 1) = 1
19264 14:22:32.677812 <... write resumed> ) = 1
19262 14:22:32.677819 socket(PF_INET, SOCK_STREAM, IPPROTO_TCP) = 5
19262 14:22:32.677835 setsockopt(5, SOL_SOCKET, SO_REUSEADDR, [1], 4) = 0
19262 14:22:32.677849 bind(5, {sa_family=AF_INET, sin_port=htons(62891), sin_addr=inet_addr("127.0.0.1")}, 16) = 0
19262 14:22:32.677866 listen(5, 1)      = 0
19262 14:22:32.677879 write(4, "\253\365\0\0", 4) = 4
19262 14:22:32.677891 read(4,  <unfinished ...>
19264 14:22:32.677898 read(5, "\253\365\0\0", 4) = 4
19264 14:22:32.677914 write(0, "227 Entering Passive Mode (127,0,0,1,245,171).\r\n", 48) = 48
19264 14:22:32.678027 rt_sigaction(SIGALRM, {0x805cad0, ~[RTMIN RT_1], 0}, NULL, 8) = 0
19264 14:22:32.678044 alarm(300)        = 300
19264 14:22:32.678055 recv(0, "STOR myfile35\r\n", 4096, MSG_PEEK) = 15
19264 14:22:32.678068 read(0, "STOR myfile35\r\n", 15) = 15
19264 14:22:32.678081 write(5, "\v", 1 <unfinished ...>
19262 14:22:32.678089 <... read resumed> "\v", 1) = 1
19264 14:22:32.678094 <... write resumed> ) = 1
19262 14:22:32.678101 write(4, "\1\0\0\0", 4) = 4
19262 14:22:32.678111 read(4,  <unfinished ...>
19264 14:22:32.678118 read(5, "\1\0\0\0", 4) = 4
19264 14:22:32.678130 gettimeofday({1495650152, 678134}, NULL) = 0
19264 14:22:32.678141 getcwd("/home/msfadmin", 4096) = 15
19264 14:22:32.678154 open("myfile35", O_WRONLY|O_CREAT|O_NONBLOCK|O_LARGEFILE, 0666) = 4
19264 14:22:32.678169 fstat64(4, {st_mode=S_IFREG|0644, st_size=17, ...}) = 0
19264 14:22:32.678187 fcntl64(4, F_GETFL) = 0x8801 (flags O_WRONLY|O_NONBLOCK|O_LARGEFILE)
19264 14:22:32.678198 fcntl64(4, F_SETFL, O_WRONLY|O_LARGEFILE) = 0
19264 14:22:32.678209 fcntl64(4, F_SETLKW64, {type=F_WRLCK, whence=SEEK_SET, start=0, len=0}, 0xbfad6cc4) = 0
19264 14:22:32.678223 ftruncate64(4, 0) = 0
19264 14:22:32.678243 _llseek(4, 0, [0], SEEK_SET) = 0
19264 14:22:32.678254 write(5, "\v", 1 <unfinished ...>
19262 14:22:32.678262 <... read resumed> "\v", 1) = 1
19264 14:22:32.678267 <... write resumed> ) = 1
19262 14:22:32.678306 write(4, "\1\0\0\0", 4) = 4
19262 14:22:32.678321 read(4,  <unfinished ...>
19264 14:22:32.678328 read(5, "\1\0\0\0", 4) = 4
19264 14:22:32.678349 write(5, "\v", 1 <unfinished ...>
19262 14:22:32.678356 <... read resumed> "\v", 1) = 1
19264 14:22:32.678361 <... write resumed> ) = 1
19262 14:22:32.678367 write(4, "\1\0\0\0", 4) = 4
19262 14:22:32.678384 read(4,  <unfinished ...>
19264 14:22:32.678391 read(5, "\1\0\0\0", 4) = 4
19264 14:22:32.678403 write(5, "\r", 1 <unfinished ...>
19262 14:22:32.678410 <... read resumed> "\r", 1) = 1
19264 14:22:32.678414 <... write resumed> ) = 1
19262 14:22:32.678422 select(6, [5], NULL, NULL, {60, 0}) = 1 (in [5], left {60, 0})
19262 14:22:32.678438 accept(5, {sa_family=AF_INET, sin_port=htons(43915), sin_addr=inet_addr("127.0.0.1")}, [16]) = 6
19262 14:22:32.678460 write(4, "\1", 1) = 1
19262 14:22:32.678473 sendmsg(4, {msg_name(0)=NULL, msg_iov(1)=[{"\0", 1}], msg_controllen=16, {cmsg_len=16, cmsg_level=SOL_SOCKET, cmsg_type=SCM_RIGHTS, {6}}, msg_flags=0}, 0) = 1
19262 14:22:32.678489 close(6)          = 0
19262 14:22:32.678499 read(4,  <unfinished ...>
19264 14:22:32.678506 read(5, "\1", 1)  = 1
19264 14:22:32.678519 recvmsg(5, {msg_name(0)=NULL, msg_iov(1)=[{"\0", 1}], msg_controllen=16, {cmsg_len=16, cmsg_level=SOL_SOCKET, cmsg_type=SCM_RIGHTS, {6}}, msg_flags=0}, 0) = 1
19264 14:22:32.678537 setsockopt(6, SOL_SOCKET, SO_KEEPALIVE, [1], 4) = 0
19264 14:22:32.678549 setsockopt(6, SOL_IP, IP_TOS, [8], 4) = 0
19264 14:22:32.678561 setsockopt(6, SOL_SOCKET, SO_LINGER, {onoff=1, linger=32767}, 8) = 0
19264 14:22:32.678572 rt_sigaction(SIGALRM, {0x805cad0, ~[RTMIN RT_1], 0}, NULL, 8) = 0
19264 14:22:32.678586 alarm(300)        = 300
19264 14:22:32.678598 write(0, "150 Ok to send data.\r\n", 22) = 22
19264 14:22:32.678664 read(6, "assasaaa\na\na\na\na\n", 65536) = 17
19264 14:22:32.678678 write(4, "assasaaa\na\na\na\na\n", 17) = 17
19264 14:22:32.678694 read(6, "", 65536) = 0
19264 14:22:32.678705 rt_sigaction(SIGALRM, {0x805cad0, ~[RTMIN RT_1], 0}, NULL, 8) = 0
19264 14:22:32.678718 alarm(300)        = 300
19264 14:22:32.678728 close(6)          = 0
19264 14:22:32.678745 alarm(0)          = 300
19264 14:22:32.678755 gettimeofday({1495650152, 678759}, NULL) = 0
19264 14:22:32.678770 gettimeofday({1495650152, 678774}, NULL) = 0
19264 14:22:32.678785 fcntl64(3, F_SETLKW64, {type=F_WRLCK, whence=SEEK_SET, start=0, len=0}, 0xbfad6c64) = 0
19264 14:22:32.678800 write(3, "Wed May 24 14:22:32 2017 [pid 19264] [msfadmin] OK UPLOAD: Client \"127.0.0.1\", \"/home/msfadmin/myfile35\", 17 bytes, 25.94Kbyte/sec\n", 131) = 131
19264 14:22:32.678821 fcntl64(3, F_SETLK64, {type=F_UNLCK, whence=SEEK_SET, start=0, len=0}, 0xbfad6c6c) = 0
19264 14:22:32.678836 write(0, "226 Transfer complete.\r\n", 24) = 24
19264 14:22:32.678879 write(5, "\n", 1 <unfinished ...>
19262 14:22:32.678889 <... read resumed> "\n", 1) = 1
19264 14:22:32.678894 <... write resumed> ) = 1
19262 14:22:32.678900 close(5)          = 0
19262 14:22:32.678912 write(4, "\1", 1) = 1
19262 14:22:32.678922 read(4,  <unfinished ...>
19264 14:22:32.678929 read(5, "\1", 1)  = 1
19264 14:22:32.678940 close(4)          = 0
19264 14:22:32.678951 rt_sigaction(SIGALRM, {0x805cad0, ~[RTMIN RT_1], 0}, NULL, 8) = 0
19264 14:22:32.678964 alarm(300)        = 0
19264 14:22:32.678975 recv(0,  <unfinished ...>
19267 14:22:33.208651 <... recv resumed> "USER msfadmin\r\n", 4096, MSG_PEEK) = 15
19267 14:22:33.208838 read(0, "USER msfadmin\r\n", 15) = 15
19267 14:22:33.208998 write(0, "331 Any password will do.\r\n", 27) = 27
19267 14:22:33.209117 rt_sigaction(SIGALRM, {0x805cad0, ~[RTMIN RT_1], 0}, NULL, 8) = 0
19267 14:22:33.209156 alarm(300)        = 299
19267 14:22:33.209184 recv(0, "PASS msfadmin\r\n", 4096, MSG_PEEK) = 15
19267 14:22:33.209206 read(0, "PASS msfadmin\r\n", 15) = 15
19267 14:22:33.209224 write(0, "230 Already logged in.\r\n", 24) = 24
19267 14:22:33.209287 rt_sigaction(SIGALRM, {0x805cad0, ~[RTMIN RT_1], 0}, NULL, 8) = 0
19267 14:22:33.209303 alarm(300)        = 300
19267 14:22:33.209314 recv(0, "TYPE I\r\n", 4096, MSG_PEEK) = 8
19267 14:22:33.209326 read(0, "TYPE I\r\n", 8) = 8
19267 14:22:33.209340 write(0, "200 Switching to Binary mode.\r\n", 31) = 31
19267 14:22:33.209376 rt_sigaction(SIGALRM, {0x805cad0, ~[RTMIN RT_1], 0}, NULL, 8) = 0
19267 14:22:33.209390 alarm(300)        = 300
19267 14:22:33.209401 recv(0, "PASV\r\n", 4096, MSG_PEEK) = 6
19267 14:22:33.209419 read(0, "PASV\r\n", 6) = 6
19267 14:22:33.209432 write(5, "\n", 1) = 1
19267 14:22:33.209444 read(5,  <unfinished ...>
19265 14:22:33.209453 <... read resumed> "\n", 1) = 1
19265 14:22:33.209462 write(4, "\1", 1) = 1
19267 14:22:33.209473 <... read resumed> "\1", 1) = 1
19267 14:22:33.209481 write(5, "\f", 1) = 1
19267 14:22:33.209491 read(5,  <unfinished ...>
19265 14:22:33.209498 read(4, "\f", 1)  = 1
19265 14:22:33.209510 socket(PF_INET, SOCK_STREAM, IPPROTO_TCP) = 5
19265 14:22:33.209526 setsockopt(5, SOL_SOCKET, SO_REUSEADDR, [1], 4) = 0
19265 14:22:33.209540 bind(5, {sa_family=AF_INET, sin_port=htons(61530), sin_addr=inet_addr("127.0.0.1")}, 16) = 0
19265 14:22:33.209557 listen(5, 1)      = 0
19265 14:22:33.209571 write(4, "Z\360\0\0", 4) = 4
19267 14:22:33.209582 <... read resumed> "Z\360\0\0", 4) = 4
19267 14:22:33.209594 write(0, "227 Entering Passive Mode (127,0,0,1,240,90).\r\n", 47) = 47
19267 14:22:33.209726 rt_sigaction(SIGALRM, {0x805cad0, ~[RTMIN RT_1], 0}, NULL, 8) = 0
19267 14:22:33.209745 alarm(300)        = 300
19267 14:22:33.209766 recv(0, "RETR myfile32\r\n", 4096, MSG_PEEK) = 15
19267 14:22:33.209779 read(0, "RETR myfile32\r\n", 15) = 15
19267 14:22:33.209792 write(5, "\v", 1) = 1
19267 14:22:33.209803 read(5,  <unfinished ...>
19265 14:22:33.209810 read(4, "\v", 1)  = 1
19265 14:22:33.209821 write(4, "\1\0\0\0", 4) = 4
19267 14:22:33.209832 <... read resumed> "\1\0\0\0", 4) = 4
19267 14:22:33.209839 gettimeofday({1495650153, 209843}, NULL) = 0
19267 14:22:33.209851 getcwd("/home/msfadmin", 4096) = 15
19267 14:22:33.209864 open("myfile32", O_RDONLY|O_NONBLOCK|O_LARGEFILE) = 4
19267 14:22:33.209878 fcntl64(4, F_SETLKW64, {type=F_RDLCK, whence=SEEK_SET, start=0, len=0}, 0xbfa4bc54) = 0
19267 14:22:33.209893 fstat64(4, {st_mode=S_IFREG|0644, st_size=17, ...}) = 0
19267 14:22:33.209911 fcntl64(4, F_GETFL) = 0x8800 (flags O_RDONLY|O_NONBLOCK|O_LARGEFILE)
19267 14:22:33.209922 fcntl64(4, F_SETFL, O_RDONLY|O_LARGEFILE) = 0
19267 14:22:33.209934 write(5, "\v", 1) = 1
19267 14:22:33.209944 read(5,  <unfinished ...>
19265 14:22:33.209951 read(4, "\v", 1)  = 1
19265 14:22:33.209962 write(4, "\1\0\0\0", 4) = 4
19267 14:22:33.209973 <... read resumed> "\1\0\0\0", 4) = 4
19267 14:22:33.209980 write(5, "\v", 1) = 1
19267 14:22:33.209990 read(5,  <unfinished ...>
19265 14:22:33.209997 read(4, "\v", 1)  = 1
19265 14:22:33.210007 write(4, "\1\0\0\0", 4) = 4
19267 14:22:33.210018 <... read resumed> "\1\0\0\0", 4) = 4
19267 14:22:33.210025 write(5, "\r", 1) = 1
19267 14:22:33.210035 read(5,  <unfinished ...>
19265 14:22:33.210042 read(4, "\r", 1)  = 1
19265 14:22:33.210053 select(6, [5], NULL, NULL, {60, 0}) = 1 (in [5], left {60, 0})
19265 14:22:33.210070 accept(5, {sa_family=AF_INET, sin_port=htons(49250), sin_addr=inet_addr("127.0.0.1")}, [16]) = 6
19265 14:22:33.210093 write(4, "\1", 1) = 1
19267 14:22:33.210104 <... read resumed> "\1", 1) = 1
19267 14:22:33.210112 recvmsg(5,  <unfinished ...>
19265 14:22:33.210121 sendmsg(4, {msg_name(0)=NULL, msg_iov(1)=[{"\0", 1}], msg_controllen=16, {cmsg_len=16, cmsg_level=SOL_SOCKET, cmsg_type=SCM_RIGHTS, {6}}, msg_flags=0}, 0) = 1
19267 14:22:33.210138 <... recvmsg resumed> {msg_name(0)=NULL, msg_iov(1)=[{"\0", 1}], msg_controllen=16, {cmsg_len=16, cmsg_level=SOL_SOCKET, cmsg_type=SCM_RIGHTS, {6}}, msg_flags=0}, 0) = 1
19267 14:22:33.210151 setsockopt(6, SOL_SOCKET, SO_KEEPALIVE, [1], 4) = 0
19267 14:22:33.210164 setsockopt(6, SOL_IP, IP_TOS, [8], 4) = 0
19267 14:22:33.210175 setsockopt(6, SOL_SOCKET, SO_LINGER, {onoff=1, linger=32767}, 8) = 0
19267 14:22:33.210187 rt_sigaction(SIGALRM, {0x805cad0, ~[RTMIN RT_1], 0}, NULL, 8) = 0
19267 14:22:33.210200 alarm(300)        = 300
19267 14:22:33.210213 write(0, "150 Opening BINARY mode data connection for myfile32 (17 bytes).\r\n", 66) = 66
19267 14:22:33.210255 _llseek(4, 0, [0], SEEK_CUR) = 0
19267 14:22:33.210267 fstat64(4, {st_mode=S_IFREG|0644, st_size=17, ...}) = 0
19267 14:22:33.210284 _llseek(4, 0, [0], SEEK_SET) = 0
19267 14:22:33.210295 sendfile(6, 4, NULL, 17) = 17
19267 14:22:33.210325 rt_sigaction(SIGALRM, {0x805cad0, ~[RTMIN RT_1], 0}, NULL, 8) = 0
19267 14:22:33.210343 alarm(300)        = 300
19267 14:22:33.210354 close(6)          = 0
19267 14:22:33.210363 alarm(0)          = 300
19267 14:22:33.210372 gettimeofday({1495650153, 210376}, NULL) = 0
19267 14:22:33.210388 gettimeofday({1495650153, 210392}, NULL) = 0
19267 14:22:33.210402 fcntl64(3, F_SETLKW64, {type=F_WRLCK, whence=SEEK_SET, start=0, len=0}, 0xbfa4bbf4) = 0
19267 14:22:33.210417 write(3, "Wed May 24 14:22:33 2017 [pid 19267] [msfadmin] OK DOWNLOAD: Client \"127.0.0.1\", \"/home/msfadmin/myfile32\", 17 bytes, 30.24Kbyte/sec\n", 133) = 133
19267 14:22:33.210438 fcntl64(3, F_SETLK64, {type=F_UNLCK, whence=SEEK_SET, start=0, len=0}, 0xbfa4bbfc) = 0
19267 14:22:33.210453 write(0, "226 Transfer complete.\r\n", 24) = 24
19267 14:22:33.210468 write(5, "\n", 1) = 1
19267 14:22:33.210478 read(5,  <unfinished ...>
19265 14:22:33.210486 close(6)          = 0
19265 14:22:33.210567 read(4, "\n", 1)  = 1
19265 14:22:33.210581 close(5)          = 0
19265 14:22:33.210592 write(4, "\1", 1) = 1
19267 14:22:33.210603 <... read resumed> "\1", 1) = 1
19267 14:22:33.210610 close(4)          = 0
19267 14:22:33.210621 rt_sigaction(SIGALRM, {0x805cad0, ~[RTMIN RT_1], 0}, NULL, 8) = 0
19267 14:22:33.210634 alarm(300)        = 0
19267 14:22:33.210646 recv(0,  <unfinished ...>
19265 14:22:33.210653 read(4,  <unfinished ...>
19264 14:22:33.227614 <... recv resumed> "TYPE I\r\n", 4096, MSG_PEEK) = 8
19264 14:22:33.227647 read(0, "TYPE I\r\n", 8) = 8
19264 14:22:33.227670 write(0, "200 Switching to Binary mode.\r\n", 31) = 31
19264 14:22:33.227719 rt_sigaction(SIGALRM, {0x805cad0, ~[RTMIN RT_1], 0}, NULL, 8) = 0
19264 14:22:33.227737 alarm(300)        = 299
19264 14:22:33.227750 recv(0, "PASV\r\n", 4096, MSG_PEEK) = 6
19264 14:22:33.227762 read(0, "PASV\r\n", 6) = 6
19264 14:22:33.227774 write(5, "\n", 1 <unfinished ...>
19262 14:22:33.227786 <... read resumed> "\n", 1) = 1
19264 14:22:33.227791 <... write resumed> ) = 1
19262 14:22:33.227799 write(4, "\1", 1) = 1
19262 14:22:33.227811 read(4,  <unfinished ...>
19264 14:22:33.227818 read(5, "\1", 1)  = 1
19264 14:22:33.227830 write(5, "\f", 1 <unfinished ...>
19262 14:22:33.227837 <... read resumed> "\f", 1) = 1
19264 14:22:33.227842 <... write resumed> ) = 1
19262 14:22:33.227850 socket(PF_INET, SOCK_STREAM, IPPROTO_TCP) = 5
19262 14:22:33.227866 setsockopt(5, SOL_SOCKET, SO_REUSEADDR, [1], 4) = 0
19262 14:22:33.227881 bind(5, {sa_family=AF_INET, sin_port=htons(5981), sin_addr=inet_addr("127.0.0.1")}, 16) = 0
19262 14:22:33.227898 listen(5, 1)      = 0
19262 14:22:33.227913 write(4, "]\27\0\0", 4) = 4
19262 14:22:33.227925 read(4,  <unfinished ...>
19264 14:22:33.227954 read(5, "]\27\0\0", 4) = 4
19264 14:22:33.227972 write(0, "227 Entering Passive Mode (127,0,0,1,23,93).\r\n", 46) = 46
19264 14:22:33.228090 rt_sigaction(SIGALRM, {0x805cad0, ~[RTMIN RT_1], 0}, NULL, 8) = 0
19264 14:22:33.228107 alarm(300)        = 300
19264 14:22:33.228120 recv(0, "STOR myfile36\r\n", 4096, MSG_PEEK) = 15
19264 14:22:33.228132 read(0, "STOR myfile36\r\n", 15) = 15
19264 14:22:33.228146 write(5, "\v", 1 <unfinished ...>
19262 14:22:33.228155 <... read resumed> "\v", 1) = 1
19264 14:22:33.228160 <... write resumed> ) = 1
19262 14:22:33.228166 write(4, "\1\0\0\0", 4) = 4
19262 14:22:33.228178 read(4,  <unfinished ...>
19264 14:22:33.228185 read(5, "\1\0\0\0", 4) = 4
19264 14:22:33.228197 gettimeofday({1495650153, 228201}, NULL) = 0
19264 14:22:33.228208 getcwd("/home/msfadmin", 4096) = 15
19264 14:22:33.228221 open("myfile36", O_WRONLY|O_CREAT|O_NONBLOCK|O_LARGEFILE, 0666) = 4
19264 14:22:33.228236 fstat64(4, {st_mode=S_IFREG|0644, st_size=17, ...}) = 0
19264 14:22:33.228254 fcntl64(4, F_GETFL) = 0x8801 (flags O_WRONLY|O_NONBLOCK|O_LARGEFILE)
19264 14:22:33.228266 fcntl64(4, F_SETFL, O_WRONLY|O_LARGEFILE) = 0
19264 14:22:33.228277 fcntl64(4, F_SETLKW64, {type=F_WRLCK, whence=SEEK_SET, start=0, len=0}, 0xbfad6cc4) = 0
19264 14:22:33.228291 ftruncate64(4, 0) = 0
19264 14:22:33.228312 _llseek(4, 0, [0], SEEK_SET) = 0
19264 14:22:33.228324 write(5, "\v", 1 <unfinished ...>
19262 14:22:33.228338 <... read resumed> "\v", 1) = 1
19264 14:22:33.228344 <... write resumed> ) = 1
19262 14:22:33.228350 write(4, "\1\0\0\0", 4) = 4
19262 14:22:33.228361 read(4,  <unfinished ...>
19264 14:22:33.228369 read(5, "\1\0\0\0", 4) = 4
19264 14:22:33.228381 write(5, "\v", 1 <unfinished ...>
19262 14:22:33.228388 <... read resumed> "\v", 1) = 1
19264 14:22:33.228392 <... write resumed> ) = 1
19262 14:22:33.228399 write(4, "\1\0\0\0", 4) = 4
19262 14:22:33.228410 read(4,  <unfinished ...>
19264 14:22:33.228416 read(5, "\1\0\0\0", 4) = 4
19264 14:22:33.228428 write(5, "\r", 1 <unfinished ...>
19262 14:22:33.228435 <... read resumed> "\r", 1) = 1
19264 14:22:33.228440 <... write resumed> ) = 1
19262 14:22:33.228447 select(6, [5], NULL, NULL, {60, 0}) = 1 (in [5], left {60, 0})
19262 14:22:33.228465 accept(5, {sa_family=AF_INET, sin_port=htons(58813), sin_addr=inet_addr("127.0.0.1")}, [16]) = 6
19262 14:22:33.228488 write(4, "\1", 1) = 1
19262 14:22:33.228500 sendmsg(4, {msg_name(0)=NULL, msg_iov(1)=[{"\0", 1}], msg_controllen=16, {cmsg_len=16, cmsg_level=SOL_SOCKET, cmsg_type=SCM_RIGHTS, {6}}, msg_flags=0}, 0) = 1
19262 14:22:33.228518 close(6)          = 0
19262 14:22:33.228529 read(4,  <unfinished ...>
19264 14:22:33.228536 read(5, "\1", 1)  = 1
19264 14:22:33.228549 recvmsg(5, {msg_name(0)=NULL, msg_iov(1)=[{"\0", 1}], msg_controllen=16, {cmsg_len=16, cmsg_level=SOL_SOCKET, cmsg_type=SCM_RIGHTS, {6}}, msg_flags=0}, 0) = 1
19264 14:22:33.228567 setsockopt(6, SOL_SOCKET, SO_KEEPALIVE, [1], 4) = 0
19264 14:22:33.228580 setsockopt(6, SOL_IP, IP_TOS, [8], 4) = 0
19264 14:22:33.228592 setsockopt(6, SOL_SOCKET, SO_LINGER, {onoff=1, linger=32767}, 8) = 0
19264 14:22:33.228604 rt_sigaction(SIGALRM, {0x805cad0, ~[RTMIN RT_1], 0}, NULL, 8) = 0
19264 14:22:33.228617 alarm(300)        = 300
19264 14:22:33.228630 write(0, "150 Ok to send data.\r\n", 22) = 22
19264 14:22:33.228698 read(6, "assasaaa\na\na\na\na\n", 65536) = 17
19264 14:22:33.228713 write(4, "assasaaa\na\na\na\na\n", 17) = 17
19264 14:22:33.228729 read(6, "", 65536) = 0
19264 14:22:33.228740 rt_sigaction(SIGALRM, {0x805cad0, ~[RTMIN RT_1], 0}, NULL, 8) = 0
19264 14:22:33.228755 alarm(300)        = 300
19264 14:22:33.228765 close(6)          = 0
19264 14:22:33.228782 alarm(0)          = 300
19264 14:22:33.228792 gettimeofday({1495650153, 228796}, NULL) = 0
19264 14:22:33.228808 gettimeofday({1495650153, 228813}, NULL) = 0
19264 14:22:33.228824 fcntl64(3, F_SETLKW64, {type=F_WRLCK, whence=SEEK_SET, start=0, len=0}, 0xbfad6c64) = 0
19264 14:22:33.228840 write(3, "Wed May 24 14:22:33 2017 [pid 19264] [msfadmin] OK UPLOAD: Client \"127.0.0.1\", \"/home/msfadmin/myfile36\", 17 bytes, 27.13Kbyte/sec\n", 131) = 131
19264 14:22:33.228862 fcntl64(3, F_SETLK64, {type=F_UNLCK, whence=SEEK_SET, start=0, len=0}, 0xbfad6c6c) = 0
19264 14:22:33.228877 write(0, "226 Transfer complete.\r\n", 24) = 24
19264 14:22:33.228930 write(5, "\n", 1 <unfinished ...>
19262 14:22:33.228941 <... read resumed> "\n", 1) = 1
19264 14:22:33.228946 <... write resumed> ) = 1
19262 14:22:33.228952 close(5)          = 0
19262 14:22:33.228965 write(4, "\1", 1) = 1
19262 14:22:33.228976 read(4,  <unfinished ...>
19264 14:22:33.228984 read(5, "\1", 1)  = 1
19264 14:22:33.228995 close(4)          = 0
19264 14:22:33.229006 rt_sigaction(SIGALRM, {0x805cad0, ~[RTMIN RT_1], 0}, NULL, 8) = 0
19264 14:22:33.229020 alarm(300)        = 0
19264 14:22:33.229032 recv(0, "TYPE I\r\n", 4096, MSG_PEEK) = 8
19264 14:22:33.768267 read(0, "TYPE I\r\n", 8) = 8
19264 14:22:33.768377 write(0, "200 Switching to Binary mode.\r\n", 31) = 31
19264 14:22:33.768474 rt_sigaction(SIGALRM, {0x805cad0, ~[RTMIN RT_1], 0}, NULL, 8) = 0
19264 14:22:33.768507 alarm(300)        = 299
19264 14:22:33.768533 recv(0, "PASV\r\n", 4096, MSG_PEEK) = 6
19264 14:22:33.768550 read(0, "PASV\r\n", 6) = 6
19264 14:22:33.768562 write(5, "\n", 1 <unfinished ...>
19262 14:22:33.768573 <... read resumed> "\n", 1) = 1
19264 14:22:33.768579 <... write resumed> ) = 1
19262 14:22:33.768586 write(4, "\1", 1) = 1
19262 14:22:33.768598 read(4,  <unfinished ...>
19264 14:22:33.768613 read(5, "\1", 1)  = 1
19264 14:22:33.768625 write(5, "\f", 1 <unfinished ...>
19262 14:22:33.768632 <... read resumed> "\f", 1) = 1
19264 14:22:33.768637 <... write resumed> ) = 1
19262 14:22:33.768644 socket(PF_INET, SOCK_STREAM, IPPROTO_TCP) = 5
19262 14:22:33.768660 setsockopt(5, SOL_SOCKET, SO_REUSEADDR, [1], 4) = 0
19262 14:22:33.768675 bind(5, {sa_family=AF_INET, sin_port=htons(19750), sin_addr=inet_addr("127.0.0.1")}, 16) = 0
19262 14:22:33.768691 listen(5, 1)      = 0
19262 14:22:33.768705 write(4, "&M\0\0", 4) = 4
19262 14:22:33.768716 read(4,  <unfinished ...>
19264 14:22:33.768722 read(5, "&M\0\0", 4) = 4
19264 14:22:33.768739 write(0, "227 Entering Passive Mode (127,0,0,1,77,38).\r\n", 46) = 46
19264 14:22:33.768849 rt_sigaction(SIGALRM, {0x805cad0, ~[RTMIN RT_1], 0}, NULL, 8) = 0
19264 14:22:33.768866 alarm(300)        = 300
19264 14:22:33.768877 recv(0, "STOR myfile37\r\n", 4096, MSG_PEEK) = 15
19264 14:22:33.768889 read(0, "STOR myfile37\r\n", 15) = 15
19264 14:22:33.768903 write(5, "\v", 1 <unfinished ...>
19262 14:22:33.768911 <... read resumed> "\v", 1) = 1
19264 14:22:33.768916 <... write resumed> ) = 1
19262 14:22:33.768923 write(4, "\1\0\0\0", 4) = 4
19262 14:22:33.768933 read(4,  <unfinished ...>
19264 14:22:33.768940 read(5, "\1\0\0\0", 4) = 4
19264 14:22:33.768952 gettimeofday({1495650153, 768956}, NULL) = 0
19264 14:22:33.768963 getcwd("/home/msfadmin", 4096) = 15
19264 14:22:33.768976 open("myfile37", O_WRONLY|O_CREAT|O_NONBLOCK|O_LARGEFILE, 0666) = 4
19264 14:22:33.768990 fstat64(4, {st_mode=S_IFREG|0644, st_size=17, ...}) = 0
19264 14:22:33.769008 fcntl64(4, F_GETFL) = 0x8801 (flags O_WRONLY|O_NONBLOCK|O_LARGEFILE)
19264 14:22:33.769020 fcntl64(4, F_SETFL, O_WRONLY|O_LARGEFILE) = 0
19264 14:22:33.769053 fcntl64(4, F_SETLKW64, {type=F_WRLCK, whence=SEEK_SET, start=0, len=0}, 0xbfad6cc4) = 0
19264 14:22:33.769069 ftruncate64(4, 0) = 0
19264 14:22:33.769098 _llseek(4, 0, [0], SEEK_SET) = 0
19264 14:22:33.769109 write(5, "\v", 1 <unfinished ...>
19262 14:22:33.769118 <... read resumed> "\v", 1) = 1
19264 14:22:33.769122 <... write resumed> ) = 1
