24616 15:23:45.719859 mmap2(NULL, 4096, PROT_READ|PROT_WRITE, MAP_PRIVATE|MAP_ANONYMOUS, -1, 0) = 0xb7f68000
24616 15:23:45.719870 read(6, "#\n# /etc/pam.d/common-auth - authentication settings common to all services\n#\n# This file is included from other service-specific PAM config files,\n# and should contain a list of the authentication modules that define\n# the central authentication scheme for use on the system\n# (e.g., /etc/shadow, LDAP, Kerberos, etc.).  The default is to use the\n# traditional Unix authentication mechanisms.\n#\nauth\trequisite\tpam_unix.so nullok_secure\n# auth\toptional\tpam_smbpass.so migrate\n", 4096) = 476
24616 15:23:45.719918 open("/lib/security/pam_unix.so", O_RDONLY) = 7
24616 15:23:45.719931 read(7, "\177ELF\1\1\1\0\0\0\0\0\0\0\0\0\3\0\3\0\1\0\0\0\20\37\0\0004\0\0\0\374\264\0\0\0\0\0\0004\0 \0\4\0(\0\32\0\31\0\1\0\0\0\0\0\0\0\0\0\0\0\0\0\0\0x\257\0\0x\257\0\0\5\0\0\0\0\20\0\0\1\0\0\0\0\260\0\0\0\260\0\0\0\260\0\0$\4\0\0\304\304\0\0\6\0\0\0\0\20\0\0\2\0\0\0d\261\0\0d\261\0\0d\261\0\0\360\0\0\0\360\0\0\0\6\0\0\0\4\0\0\0Q\345td\0\0\0\0\0\0\0\0\0\0\0\0\0\0\0\0\0\0\0\0\6\0\0\0\4\0\0\0\333\0\0\0p\0\0\0\0\0\0\0\0\0\0\0\0\0\0\0\0\0\0\0Z\0\0\0\0\0\0\0[\0\0\0\0\0\0\0\0\0\0\0\0\0\0\0>\0\0\0Y\0\0\0\0\0\0\0\0\0\0\0\n\0\0\0\0\0\0\0\0\0\0\0\0\0\0\0\0\0\0\0\0\0\0\0\0\0\0\0\0\0\0\0\f\0\0\0]\0\0\0\30\0\0\0\0\0\0\0\5\0\0\0\36\0\0\0,\0\0\0k\0\0\0\33\0\0\0_\0\0\0\0\0\0\0\0\0\0\0U\0\0\0\0\0\0\0d\0\0\0\0\0\0\0\27\0\0\0f\0\0\0^\0\0\0\0\0\0\0\0\0\0\0B\0\0\0\0\0\0\0\0\0\0\0\0\0\0\0a\0\0\0\10\0\0\0\0\0\0\0\0\0\0\0\0\0\0\0\0\0\0\0\17\0\0\0\0\0\0\0\0\0\0\0\0\0\0\0`\0\0\0\t\0\0\0\35\0\0\0$\0\0\0\0\0\0\0004\0\0\0002\0\0\0\21\0\0\0W\0\0\0\r\0\0\0\0\0\0\0001\0\0\0n\0\0\0\0\0\0\0006\0\0\0\0\0\0\0\0\0\0\0\0\0\0\0\32\0\0\0\37\0\0\0\0\0\0\0\0\0\0\0.\0\0\0!\0\0\0", 512) = 512
24616 15:23:45.720016 fstat64(7, {st_mode=S_IFREG|0644, st_size=47372, ...}) = 0
24616 15:23:45.720033 mmap2(NULL, 95428, PROT_READ|PROT_EXEC, MAP_PRIVATE|MAP_DENYWRITE, 7, 0) = 0xb7d9e000
24616 15:23:45.720044 mmap2(0xb7da9000, 4096, PROT_READ|PROT_WRITE, MAP_PRIVATE|MAP_FIXED|MAP_DENYWRITE, 7, 0xb) = 0xb7da9000
24616 15:23:45.720059 mmap2(0xb7daa000, 46276, PROT_READ|PROT_WRITE, MAP_PRIVATE|MAP_FIXED|MAP_ANONYMOUS, -1, 0) = 0xb7daa000
24616 15:23:45.720070 close(7)          = 0
24616 15:23:45.720082 open("/etc/ld.so.cache", O_RDONLY) = 7
24616 15:23:45.720094 fstat64(7, {st_mode=S_IFREG|0644, st_size=29913, ...}) = 0
24616 15:23:45.720110 mmap2(NULL, 29913, PROT_READ, MAP_PRIVATE, 7, 0) = 0xb7d96000
24616 15:23:45.720120 close(7)          = 0
24616 15:23:45.720130 access("/etc/ld.so.nohwcap", F_OK) = -1 ENOENT (No such file or directory)
24616 15:23:45.720145 open("/lib/tls/i686/cmov/libcrypt.so.1", O_RDONLY) = 7
24616 15:23:45.720159 read(7, "\177ELF\1\1\1\0\0\0\0\0\0\0\0\0\3\0\3\0\1\0\0\0000\7\0\0004\0\0\0<\221\0\0\0\0\0\0004\0 \0\10\0(\0\34\0\33\0\6\0\0\0004\0\0\0004\0\0\0004\0\0\0\0\1\0\0\0\1\0\0\5\0\0\0\4\0\0\0\3\0\0\0\340\210\0\0\340\210\0\0\340\210\0\0\23\0\0\0\23\0\0\0\4\0\0\0\1\0\0\0\1\0\0\0\0\0\0\0\0\0\0\0\0\0\0\0\f\212\0\0\f\212\0\0\5\0\0\0\0\20\0\0\1\0\0\0\350\216\0\0\350\236\0\0\350\236\0\0`\1\0\0tr\2\0\6\0\0\0\0\20\0\0\2\0\0\0\374\216\0\0\374\236\0\0\374\236\0\0\340\0\0\0\340\0\0\0\6\0\0\0\4\0\0\0\4\0\0\0004\1\0\0004\1\0\0004\1\0\0 \0\0\0 \0\0\0\4\0\0\0\4\0\0\0Q\345td\0\0\0\0\0\0\0\0\0\0\0\0\0\0\0\0\0\0\0\0\6\0\0\0\4\0\0\0R\345td\350\216\0\0\350\236\0\0\350\236\0\0\f\1\0\0\f\1\0\0\4\0\0\0\1\0\0\0\4\0\0\0\20\0\0\0\1\0\0\0GNU\0\0\0\0\0\2\0\0\0\6\0\0\0\10\0\0\0\17\0\0\0\22\0\0\0\2\0\0\0\6\0\0\0\4\311\240, \4\0\0\0\0\0\0\0\0\0\0\0\0\0\0\22\0\0\0\23\0\0\0\24\0\0\0\0\0\0\0\25\0\0\0\26\0\0\0\0\0\0\0\27\0\0\0\0\0\0\0\30\0\0\0\31\0\0\0\0\0\0\0k\31Qj\233(\375B\233`\205\33\327\16?\17I->\333\235C\r\375\313\373_\22\325=l\366\0\0\0\0\0\0\0\0\0\0\0\0\0\0\0\0o\0\0\0\0\0\0\0\35\0\0\0\22\0\0\0\1\0\0\0\0\0\0\0\0\0\0\0 \0\0\0\37\0\0\0\0\0\0\0", 512) = 512
24616 15:23:45.720251 fstat64(7, {st_mode=S_IFREG|0644, st_size=38300, ...}) = 0
24616 15:23:45.720269 mmap2(NULL, 201052, PROT_READ|PROT_EXEC, MAP_PRIVATE|MAP_DENYWRITE, 7, 0) = 0xb7d64000
24616 15:23:45.720281 mmap2(0xb7d6d000, 8192, PROT_READ|PROT_WRITE, MAP_PRIVATE|MAP_FIXED|MAP_DENYWRITE, 7, 0x8) = 0xb7d6d000
24616 15:23:45.720296 mmap2(0xb7d6f000, 155996, PROT_READ|PROT_WRITE, MAP_PRIVATE|MAP_FIXED|MAP_ANONYMOUS, -1, 0) = 0xb7d6f000
24616 15:23:45.720310 close(7)          = 0
24616 15:23:45.720322 access("/etc/ld.so.nohwcap", F_OK) = -1 ENOENT (No such file or directory)
24616 15:23:45.720336 open("/lib/libselinux.so.1", O_RDONLY) = 7
24616 15:23:45.720348 read(7, "\177ELF\1\1\1\0\0\0\0\0\0\0\0\0\3\0\3\0\1\0\0\0\300@\0\0004\0\0\0\224r\1\0\0\0\0\0004\0 \0\6\0(\0\33\0\32\0\1\0\0\0\0\0\0\0\0\0\0\0\0\0\0\0\230f\1\0\230f\1\0\5\0\0\0\0\20\0\0\1\0\0\0\240n\1\0\240~\1\0\240~\1\0\20\3\0\0\234\f\0\0\6\0\0\0\0\20\0\0\2\0\0\0\320n\1\0\320~\1\0\320~\1\0\340\0\0\0\340\0\0\0\6\0\0\0\4\0\0\0\7\0\0\0\240n\1\0\240~\1\0\240~\1\0\0\0\0\0\\\0\0\0\4\0\0\0 \0\0\0Q\345td\0\0\0\0\0\0\0\0\0\0\0\0\0\0\0\0\0\0\0\0\6\0\0\0\4\0\0\0R\345td\240n\1\0\240~\1\0\240~\1\0T\1\0\0T\1\0\0\4\0\0\0\1\0\0\0\7\1\0\0#\1\0\0\0\0\0\0\24\0\0\0\v\1\0\0\306\0\0\0\0\0\0\0\36\1\0\0\330\0\0\0 \1\0\0001\0\0\0\345\0\0\0\34\0\0\0\206\0\0\0\212\0\0\0\234\0\0\0\0\0\0\0*\0\0\0\0\0\0\0\0\0\0\0\370\0\0\0004\0\0\0\0\0\0\0\0\0\0\0\0\0\0\0\0\0\0\0\0\0\0\0\224\0\0\0\0\0\0\0\0\0\0\0\0\0\0\0\244\0\0\0\347\0\0\0\373\0\0\0\0\0\0\0\304\0\0\0\257\0\0\0\0\0\0\0!\1\0\0\0\0\0\0\307\0\0\0\235\0\0\0\25\1\0\0`\0\0\0\0\0\0\0\256\0\0\0\374\0\0\0O\0\0\0i\0\0\0^\0\0\0\337\0\0\0-\0\0\0m\0\0\0\0\0\0\0\0\0\0\0\0\0\0\0\0\0\0\0\260\0\0\0\314\0\0\0\6\0\0\0\276\0\0\0{\0\0\0\226\0\0\0\0\0\0\0E\0\0\0\33\0\0\0\371\0\0\0", 512) = 512
24616 15:23:45.720452 fstat64(7, {st_mode=S_IFREG|0644, st_size=95948, ...}) = 0
24616 15:23:45.720471 mmap2(NULL, 101180, PROT_READ|PROT_EXEC, MAP_PRIVATE|MAP_DENYWRITE, 7, 0) = 0xb7d4b000
24616 15:23:45.720483 mmap2(0xb7d62000, 8192, PROT_READ|PROT_WRITE, MAP_PRIVATE|MAP_FIXED|MAP_DENYWRITE, 7, 0x16) = 0xb7d62000
24616 15:23:45.720500 close(7)          = 0
24616 15:23:45.720603 open("/etc/selinux/config", O_RDONLY|O_LARGEFILE) = -1 ENOENT (No such file or directory)
24616 15:23:45.720630 statfs64("/selinux", 84, 0xbf8a4b3c) = -1 ENOENT (No such file or directory)
24616 15:23:45.720643 open("/proc/mounts", O_RDONLY|O_LARGEFILE) = 7
24616 15:23:45.720667 fstat64(7, {st_mode=S_IFREG|0444, st_size=0, ...}) = 0
24616 15:23:45.720684 mmap2(NULL, 4096, PROT_READ|PROT_WRITE, MAP_PRIVATE|MAP_ANONYMOUS, -1, 0) = 0xb7f67000
24616 15:23:45.720695 read(7, "rootfs / rootfs rw 0 0\nnone /sys sysfs rw,nosuid,nodev,noexec 0 0\nnone /proc proc rw,nosuid,nodev,noexec 0 0\nudev /dev tmpfs rw,relatime 0 0\nfusectl /sys/fs/fuse/connections fusectl rw,relatime 0 0\n/dev/mapper/metasploitable-root / ext3 rw,relatime,errors=remount-ro,data=ordered 0 0\n/dev/mapper/metasploitable-root /dev/.static/dev ext3 rw,relatime,errors=remount-ro,data=ordered 0 0\ntmpfs /var/run tmpfs rw,nosuid,nodev,noexec 0 0\ntmpfs /var/lock tmpfs rw,nosuid,nodev,noexec 0 0\ntmpfs /dev/shm tmpfs rw,relatime 0 0\ndevpts /dev/pts devpts rw,relatime 0 0\ntmpfs /var/run tmpfs rw,nosuid,nodev,noexec 0 0\ntmpfs /var/lock tmpfs rw,nosuid,nodev,noexec 0 0\n/dev/sda1 /boot ext3 rw,relatime,data=ordered 0 0\nsecurityfs /sys/kernel/security securityfs rw,relatime 0 0\nrpc_pipefs /var/lib/nfs/rpc_pipefs rpc_pipefs rw,relatime 0 0\nnfsd /proc/fs/nfsd nfsd rw,relatime 0 0\n", 1024) = 866
24616 15:23:45.720816 read(7, "", 1024) = 0
24616 15:23:45.720827 close(7)          = 0
24616 15:23:45.720837 munmap(0xb7f67000, 4096) = 0
24616 15:23:45.720853 munmap(0xb7d96000, 29913) = 0
24616 15:23:45.720867 read(6, "", 4096) = 0
24616 15:23:45.720877 close(6)          = 0
24616 15:23:45.720887 munmap(0xb7f68000, 4096) = 0
24616 15:23:45.720897 stat64("/etc/pam.d", {st_mode=S_IFDIR|0755, st_size=4096, ...}) = 0
24616 15:23:45.720917 open("/etc/pam.d/common-account", O_RDONLY|O_LARGEFILE) = 6
24616 15:23:45.720930 fstat64(6, {st_mode=S_IFREG|0644, st_size=392, ...}) = 0
24616 15:23:45.720946 mmap2(NULL, 4096, PROT_READ|PROT_WRITE, MAP_PRIVATE|MAP_ANONYMOUS, -1, 0) = 0xb7f68000
24616 15:23:45.720957 read(6, "#\n# /etc/pam.d/common-account - authorization settings common to all services\n#\n# This file is included from other service-specific PAM config files,\n# and should contain a list of the authorization modules that define\n# the central access policy for use on the system.  The default is to\n# only deny service to users whose accounts are expired in /etc/shadow.\n#\naccount\trequired\tpam_unix.so\n", 4096) = 392
24616 15:23:45.720997 read(6, "", 4096) = 0
24616 15:23:45.721006 close(6)          = 0
24616 15:23:45.721015 munmap(0xb7f68000, 4096) = 0
24616 15:23:45.721025 stat64("/etc/pam.d", {st_mode=S_IFDIR|0755, st_size=4096, ...}) = 0
24616 15:23:45.721044 open("/etc/pam.d/common-session", O_RDONLY|O_LARGEFILE) = 6
24616 15:23:45.721056 fstat64(6, {st_mode=S_IFREG|0644, st_size=372, ...}) = 0
24616 15:23:45.721072 mmap2(NULL, 4096, PROT_READ|PROT_WRITE, MAP_PRIVATE|MAP_ANONYMOUS, -1, 0) = 0xb7f68000
24616 15:23:45.721082 read(6, "#\n# /etc/pam.d/common-session - session-related modules common to all services\n#\n# This file is included from other service-specific PAM config files,\n# and should contain a list of modules that define tasks to be performed\n# at the start and end of sessions of *any* kind (both interactive and\n# non-interactive).  The default is pam_unix.\n#\nsession\trequired\tpam_unix.so\n", 4096) = 372
24616 15:23:45.721120 read(6, "", 4096) = 0
24616 15:23:45.721129 close(6)          = 0
24616 15:23:45.721138 munmap(0xb7f68000, 4096) = 0
24616 15:23:45.721148 read(5, "", 4096) = 0
24616 15:23:45.721157 close(5)          = 0
24616 15:23:45.721166 munmap(0xb7f6e000, 4096) = 0
24616 15:23:45.721176 open("/etc/pam.d/other", O_RDONLY|O_LARGEFILE) = 5
24616 15:23:45.721188 fstat64(5, {st_mode=S_IFREG|0644, st_size=520, ...}) = 0
24616 15:23:45.721204 mmap2(NULL, 4096, PROT_READ|PROT_WRITE, MAP_PRIVATE|MAP_ANONYMOUS, -1, 0) = 0xb7f6e000
24616 15:23:45.721214 read(5, "#\n# /etc/pam.d/other - specify the PAM fallback behaviour\n#\n# Note that this file is used for any unspecified service; for example\n#if /etc/pam.d/cron  specifies no session modules but cron calls\n#pam_open_session, the session module out of /etc/pam.d/other is\n#used.  If you really want nothing to happen then use pam_permit.so or\n#pam_deny.so as appropriate.\n\n# We fall back to the system default in /etc/pam.d/common-*\n# \n\n@include common-auth\n@include common-account\n@include common-password\n@include common-session\n", 4096) = 520
24616 15:23:45.721259 stat64("/etc/pam.d", {st_mode=S_IFDIR|0755, st_size=4096, ...}) = 0
24616 15:23:45.721276 open("/etc/pam.d/common-auth", O_RDONLY|O_LARGEFILE) = 6
24616 15:23:45.721288 fstat64(6, {st_mode=S_IFREG|0644, st_size=476, ...}) = 0
24616 15:23:45.721304 mmap2(NULL, 4096, PROT_READ|PROT_WRITE, MAP_PRIVATE|MAP_ANONYMOUS, -1, 0) = 0xb7f68000
24616 15:23:45.721314 read(6, "#\n# /etc/pam.d/common-auth - authentication settings common to all services\n#\n# This file is included from other service-specific PAM config files,\n# and should contain a list of the authentication modules that define\n# the central authentication scheme for use on the system\n# (e.g., /etc/shadow, LDAP, Kerberos, etc.).  The default is to use the\n# traditional Unix authentication mechanisms.\n#\nauth\trequisite\tpam_unix.so nullok_secure\n# auth\toptional\tpam_smbpass.so migrate\n", 4096) = 476
24616 15:23:45.721363 read(6, "", 4096) = 0
24616 15:23:45.721372 close(6)          = 0
24616 15:23:45.721381 munmap(0xb7f68000, 4096) = 0
24616 15:23:45.721392 stat64("/etc/pam.d", {st_mode=S_IFDIR|0755, st_size=4096, ...}) = 0
24616 15:23:45.721410 open("/etc/pam.d/common-account", O_RDONLY|O_LARGEFILE) = 6
24616 15:23:45.721422 fstat64(6, {st_mode=S_IFREG|0644, st_size=392, ...}) = 0
24616 15:23:45.721438 mmap2(NULL, 4096, PROT_READ|PROT_WRITE, MAP_PRIVATE|MAP_ANONYMOUS, -1, 0) = 0xb7f68000
24616 15:23:45.721448 read(6, "#\n# /etc/pam.d/common-account - authorization settings common to all services\n#\n# This file is included from other service-specific PAM config files,\n# and should contain a list of the authorization modules that define\n# the central access policy for use on the system.  The default is to\n# only deny service to users whose accounts are expired in /etc/shadow.\n#\naccount\trequired\tpam_unix.so\n", 4096) = 392
24616 15:23:45.721486 read(6, "", 4096) = 0
24616 15:23:45.721495 close(6)          = 0
24616 15:23:45.721504 munmap(0xb7f68000, 4096) = 0
24616 15:23:45.721514 stat64("/etc/pam.d", {st_mode=S_IFDIR|0755, st_size=4096, ...}) = 0
24616 15:23:45.721532 open("/etc/pam.d/common-password", O_RDONLY|O_LARGEFILE) = 6
24616 15:23:45.721544 fstat64(6, {st_mode=S_IFREG|0644, st_size=1563, ...}) = 0
24616 15:23:45.721560 mmap2(NULL, 4096, PROT_READ|PROT_WRITE, MAP_PRIVATE|MAP_ANONYMOUS, -1, 0) = 0xb7f68000
24616 15:23:45.721570 read(6, "#\n# /etc/pam.d/common-password - password-related modules common to all services\n#\n# This file is included from other service-specific PAM config files,\n# and should contain a list of modules that define the services to be\n# used to change user passwords.  The default is pam_unix.\n\n# Explanation of pam_unix options:\n#\n# The \"nullok\" option allows users to change an empty password, else\n# empty passwords are treated as locked accounts.\n#\n# The \"md5\" option enables MD5 passwords.  Without this option, the\n# default is Unix crypt.\n#\n# The \"obscure\" option replaces the old `OBSCURE_CHECKS_ENAB\' option in\n# login.defs.\n#\n# You can also use the \"min\" option to enforce the length of the new\n# password.\n#\n# See the pam_unix manpage for other options.\n\npassword   requisite   pam_unix.so nullok obscure md5\n\n# Alternate strength checking for password. Note that this\n# requires the libpam-cracklib package to be installed.\n# You will need to comment out the password line above and\n# uncomment the next two in order to use this.\n# (Replaces the `OBSCURE_CHECKS_ENAB\', `CRACKLIB_DICTPATH\')\n#\n# password required\t  pam_cracklib.so retry=3 minlen=6 difok=3\n# password required\t  pam_unix.so use_authtok nullok md5\n\n# minimally-intrusive inclusion of smbpass in the stack for\n# synchronization.  If the module is absent or the passwords don\'t\n# match, this module will be ignored without prompting; and if the \n# passwords do match, the NTLM hash for the user will be updated\n# automatically.\n# password   optional   pam_smbpass.so nullok use_authtok use_first_pass\n", 4096) = 1563
24616 15:23:45.721685 read(6, "", 4096) = 0
24616 15:23:45.721695 close(6)          = 0
24616 15:23:45.721704 munmap(0xb7f68000, 4096) = 0
24616 15:23:45.721714 stat64("/etc/pam.d", {st_mode=S_IFDIR|0755, st_size=4096, ...}) = 0
24616 15:23:45.721860 open("/etc/pam.d/common-session", O_RDONLY|O_LARGEFILE) = 6
24616 15:23:45.721874 fstat64(6, {st_mode=S_IFREG|0644, st_size=372, ...}) = 0
24616 15:23:45.721900 mmap2(NULL, 4096, PROT_READ|PROT_WRITE, MAP_PRIVATE|MAP_ANONYMOUS, -1, 0) = 0xb7f68000
24616 15:23:45.721910 read(6, "#\n# /etc/pam.d/common-session - session-related modules common to all services\n#\n# This file is included from other service-specific PAM config files,\n# and should contain a list of modules that define tasks to be performed\n# at the start and end of sessions of *any* kind (both interactive and\n# non-interactive).  The default is pam_unix.\n#\nsession\trequired\tpam_unix.so\n", 4096) = 372
24616 15:23:45.721948 read(6, "", 4096) = 0
24616 15:23:45.721957 close(6)          = 0
24616 15:23:45.721970 munmap(0xb7f68000, 4096) = 0
24616 15:23:45.721980 read(5, "", 4096) = 0
24616 15:23:45.721989 close(5)          = 0
24616 15:23:45.721998 munmap(0xb7f6e000, 4096) = 0
24616 15:23:45.722011 time(NULL)        = 1495653825
24616 15:23:45.722022 lstat64("/etc/ftpusers", {st_mode=S_IFREG|0644, st_size=132, ...}) = 0
24616 15:23:45.722040 open("/etc/ftpusers", O_RDONLY|O_LARGEFILE) = 5
24616 15:23:45.722052 fstat64(5, {st_mode=S_IFREG|0644, st_size=132, ...}) = 0
24616 15:23:45.722067 mmap2(NULL, 4096, PROT_READ|PROT_WRITE, MAP_PRIVATE|MAP_ANONYMOUS, -1, 0) = 0xb7f6e000
24616 15:23:45.722078 read(5, "# /etc/ftpusers: list of users disallowed FTP access. See ftpusers(5).\n\nroot\ndaemon\nbin\nsys\nsync\ngames\nman\nlp\nmail\nnews\nuucp\nnobody\n", 4096) = 132
24616 15:23:45.722098 read(5, "", 4096) = 0
24616 15:23:45.722108 close(5)          = 0
24616 15:23:45.722116 munmap(0xb7f6e000, 4096) = 0
24616 15:23:45.722131 getuid32()        = 0
24616 15:23:45.722147 open("/etc/passwd", O_RDONLY|0x80000 /* O_??? */) = 5
24616 15:23:45.722161 _llseek(5, 0, [0], SEEK_CUR) = 0
24616 15:23:45.722172 fstat64(5, {st_mode=S_IFREG|0644, st_size=1624, ...}) = 0
24616 15:23:45.722188 mmap2(NULL, 1624, PROT_READ, MAP_SHARED, 5, 0) = 0xb7f6e000
24616 15:23:45.722199 _llseek(5, 1624, [1624], SEEK_SET) = 0
24616 15:23:45.722217 munmap(0xb7f6e000, 1624) = 0
24616 15:23:45.722228 close(5)          = 0
24616 15:23:45.722251 open("/etc/shadow", O_RDONLY|0x80000 /* O_??? */) = 5
24616 15:23:45.722268 _llseek(5, 0, [0], SEEK_CUR) = 0
24616 15:23:45.722278 fstat64(5, {st_mode=S_IFREG|0640, st_size=1233, ...}) = 0
24616 15:23:45.722294 mmap2(NULL, 1233, PROT_READ, MAP_SHARED, 5, 0) = 0xb7f6e000
24616 15:23:45.722305 _llseek(5, 1233, [1233], SEEK_SET) = 0
24616 15:23:45.722324 munmap(0xb7f6e000, 1233) = 0
24616 15:23:45.722334 close(5)          = 0
24616 15:23:45.722352 open("/etc/passwd", O_RDONLY|0x80000 /* O_??? */) = 5
24616 15:23:45.722364 _llseek(5, 0, [0], SEEK_CUR) = 0
24616 15:23:45.722374 fstat64(5, {st_mode=S_IFREG|0644, st_size=1624, ...}) = 0
24616 15:23:45.722390 mmap2(NULL, 1624, PROT_READ, MAP_SHARED, 5, 0) = 0xb7f6e000
24616 15:23:45.722400 _llseek(5, 1624, [1624], SEEK_SET) = 0
24616 15:23:45.722416 munmap(0xb7f6e000, 1624) = 0
24616 15:23:45.722425 close(5)          = 0
24616 15:23:45.722437 open("/etc/shadow", O_RDONLY|0x80000 /* O_??? */) = 5
24616 15:23:45.722449 _llseek(5, 0, [0], SEEK_CUR) = 0
24616 15:23:45.722459 fstat64(5, {st_mode=S_IFREG|0640, st_size=1233, ...}) = 0
24616 15:23:45.722475 mmap2(NULL, 1233, PROT_READ, MAP_SHARED, 5, 0) = 0xb7f6e000
24616 15:23:45.722485 _llseek(5, 1233, [1233], SEEK_SET) = 0
24616 15:23:45.722501 munmap(0xb7f6e000, 1233) = 0
24616 15:23:45.722510 close(5)          = 0
24616 15:23:45.722742 getuid32()        = 0
24616 15:23:45.722752 open("/etc/passwd", O_RDONLY|0x80000 /* O_??? */) = 5
24616 15:23:45.722764 _llseek(5, 0, [0], SEEK_CUR) = 0
24616 15:23:45.722774 fstat64(5, {st_mode=S_IFREG|0644, st_size=1624, ...}) = 0
24616 15:23:45.722789 mmap2(NULL, 1624, PROT_READ, MAP_SHARED, 5, 0) = 0xb7f6e000
24616 15:23:45.722810 _llseek(5, 1624, [1624], SEEK_SET) = 0
24616 15:23:45.722829 munmap(0xb7f6e000, 1624) = 0
24616 15:23:45.722848 close(5)          = 0
24616 15:23:45.722861 open("/etc/shadow", O_RDONLY|0x80000 /* O_??? */) = 5
24616 15:23:45.722874 _llseek(5, 0, [0], SEEK_CUR) = 0
24616 15:23:45.722884 fstat64(5, {st_mode=S_IFREG|0640, st_size=1233, ...}) = 0
24616 15:23:45.722899 mmap2(NULL, 1233, PROT_READ, MAP_SHARED, 5, 0) = 0xb7f6e000
24616 15:23:45.722910 _llseek(5, 1233, [1233], SEEK_SET) = 0
24616 15:23:45.722926 munmap(0xb7f6e000, 1233) = 0
24616 15:23:45.722935 close(5)          = 0
24616 15:23:45.722946 time(NULL)        = 1495653825
24616 15:23:45.722961 munmap(0xb7f6b000, 12164) = 0
24616 15:23:45.722973 munmap(0xb7f69000, 7136) = 0
24616 15:23:45.722987 munmap(0xb7d9e000, 95428) = 0
24616 15:23:45.722997 munmap(0xb7d64000, 201052) = 0
24616 15:23:45.723008 munmap(0xb7d4b000, 101180) = 0
24616 15:23:45.723023 gettimeofday({1495653825, 723027}, NULL) = 0
24616 15:23:45.723038 stat64("/usr/share/zoneinfo/UTC+04:00", 0xbf8a6a14) = -1 ENOENT (No such file or directory)
24616 15:23:45.723053 open("/usr/share/zoneinfo/UTC+04:00", O_RDONLY) = -1 ENOENT (No such file or directory)
24616 15:23:45.723077 fcntl64(3, F_SETLKW64, {type=F_WRLCK, whence=SEEK_SET, start=0, len=0}, 0xbf8a6b64) = 0
24616 15:23:45.723093 write(3, "Wed May 24 15:23:45 2017 [pid 24616] [msfadmin] OK LOGIN: Client \"127.0.0.1\"\n", 77) = 77
24616 15:23:45.723109 fcntl64(3, F_SETLK64, {type=F_UNLCK, whence=SEEK_SET, start=0, len=0}, 0xbf8a6b6c) = 0
24616 15:23:45.723122 rt_sigaction(SIGCHLD, {0x805cad0, ~[RTMIN RT_1], 0}, NULL, 8) = 0
24616 15:23:45.723136 write(4, "\1", 1 <unfinished ...>
24617 15:23:45.723146 <... read resumed> "\1", 1) = 1
24616 15:23:45.723151 <... write resumed> ) = 1
24617 15:23:45.723158 exit_group(0)     = ?
24616 15:23:45.723186 --- SIGCHLD (Child exited) @ 0 (0) ---
24616 15:23:45.723193 sigreturn()       = ? (mask now [])
24616 15:23:45.723212 wait4(-1, [{WIFEXITED(s) && WEXITSTATUS(s) == 0}], 0, NULL) = 24617
24616 15:23:45.723224 close(4)          = 0
24616 15:23:45.723236 socketpair(PF_FILE, SOCK_STREAM, 0, [4, 5]) = 0
24616 15:23:45.723249 rt_sigaction(SIGCHLD, {0x805cad0, ~[RTMIN RT_1], 0}, NULL, 8) = 0
24616 15:23:45.723262 rt_sigaction(SIGALRM, {0x805cb10, ~[RTMIN RT_1], 0}, NULL, 8) = 0
24616 15:23:45.723276 clone(child_stack=0, flags=CLONE_CHILD_CLEARTID|CLONE_CHILD_SETTID|SIGCHLD, child_tidptr=0xb7dd46f8) = 24618
24618 15:23:45.724005 prctl(0x1, 0x9, 0, 0, 0) = 0
24618 15:23:45.724021 close(4)          = 0
24618 15:23:45.724047 open("/etc/passwd", O_RDONLY|0x80000 /* O_??? */) = 4
24618 15:23:45.724064 _llseek(4, 0, [0], SEEK_CUR) = 0
24618 15:23:45.724079 fstat64(4, {st_mode=S_IFREG|0644, st_size=1624, ...}) = 0
24618 15:23:45.724097 mmap2(NULL, 1624, PROT_READ, MAP_SHARED, 4, 0) = 0xb7f6e000
24618 15:23:45.724109 _llseek(4, 1624, [1624], SEEK_SET) = 0
24618 15:23:45.724131 munmap(0xb7f6e000, 1624) = 0
24618 15:23:45.724142 close(4)          = 0
24618 15:23:45.724155 getuid32()        = 0
24618 15:23:45.724165 open("/etc/passwd", O_RDONLY|0x80000 /* O_??? */) = 4
24618 15:23:45.724177 _llseek(4, 0, [0], SEEK_CUR) = 0
24618 15:23:45.724187 fstat64(4, {st_mode=S_IFREG|0644, st_size=1624, ...}) = 0
24618 15:23:45.724203 mmap2(NULL, 1624, PROT_READ, MAP_SHARED, 4, 0) = 0xb7f6e000
24618 15:23:45.724214 _llseek(4, 1624, [1624], SEEK_SET) = 0
24618 15:23:45.724229 munmap(0xb7f6e000, 1624) = 0
24618 15:23:45.724238 close(4)          = 0
24618 15:23:45.724263 open("/proc/sys/kernel/ngroups_max", O_RDONLY) = 4
24618 15:23:45.724284 read(4, "65536\n", 31) = 6
24618 15:23:45.724296 close(4)          = 0
24618 15:23:45.724309 socket(PF_FILE, SOCK_STREAM, 0) = 4
24618 15:23:45.724321 fcntl64(4, F_SETFL, O_RDWR|O_NONBLOCK) = 0
24618 15:23:45.724331 connect(4, {sa_family=AF_FILE, path="/var/run/nscd/socket"}, 110) = -1 ENOENT (No such file or directory)
24618 15:23:45.724352 close(4)          = 0
24618 15:23:45.724363 socket(PF_FILE, SOCK_STREAM, 0) = 4
24618 15:23:45.724373 fcntl64(4, F_SETFL, O_RDWR|O_NONBLOCK) = 0
24618 15:23:45.724383 connect(4, {sa_family=AF_FILE, path="/var/run/nscd/socket"}, 110) = -1 ENOENT (No such file or directory)
24618 15:23:45.724400 close(4)          = 0
24618 15:23:45.731326 open("/etc/group", O_RDONLY|0x80000 /* O_??? */) = 4
24618 15:23:45.731344 _llseek(4, 0, [0], SEEK_CUR) = 0
24618 15:23:45.731355 fstat64(4, {st_mode=S_IFREG|0644, st_size=886, ...}) = 0
24618 15:23:45.731371 mmap2(NULL, 886, PROT_READ, MAP_SHARED, 4, 0) = 0xb7f6e000
24618 15:23:45.731382 _llseek(4, 886, [886], SEEK_SET) = 0
24618 15:23:45.731426 fstat64(4, {st_mode=S_IFREG|0644, st_size=886, ...}) = 0
24618 15:23:45.731444 munmap(0xb7f6e000, 886) = 0
24618 15:23:45.731454 close(4)          = 0
24618 15:23:45.731464 setgroups32(13, [1000, 4, 20, 24, 25, 29, 30, 44, 46, 107, 111, 112, 119]) = 0
24618 15:23:45.731480 geteuid32()       = 0
24618 15:23:45.731491 getegid32()       = 0
24618 15:23:45.731501 setregid32(-1, 1000) = 0
24618 15:23:45.731511 setreuid32(-1, 1000) = 0
24618 15:23:45.731526 chdir("/home/msfadmin") = 0
24618 15:23:45.731537 setreuid32(-1, 0) = 0
24618 15:23:45.731546 setregid32(-1, 0) = 0
24618 15:23:45.731557 setgid32(1000)    = 0
24618 15:23:45.731566 setuid32(1000)    = 0
24618 15:23:45.731576 setrlimit(RLIMIT_NPROC, {rlim_cur=0, rlim_max=0}) = 0
24618 15:23:45.731589 mmap2(NULL, 12288, PROT_READ|PROT_WRITE, MAP_PRIVATE|MAP_ANONYMOUS, -1, 0) = 0xb7f6c000
24618 15:23:45.731601 mprotect(0xb7f6e000, 4096, PROT_NONE) = 0
24618 15:23:45.731612 mprotect(0xb7f6c000, 4096, PROT_NONE) = 0
24618 15:23:45.731623 getcwd("/home/msfadmin", 4096) = 15
24618 15:23:45.731636 umask(022)        = 077
24618 15:23:45.731645 getcwd("/home/msfadmin", 4096) = 15
24618 15:23:45.731659 open(".message", O_RDONLY|O_NONBLOCK|O_LARGEFILE) = -1 ENOENT (No such file or directory)
24618 15:23:45.731681 write(0, "230 Login successful.\r\n", 23) = 23
24618 15:23:45.731761 rt_sigaction(SIGALRM, {0x805cad0, ~[RTMIN RT_1], 0}, NULL, 8) = 0
24618 15:23:45.731778 alarm(300)        = 0
24618 15:23:45.731789 mmap2(NULL, 12288, PROT_READ|PROT_WRITE, MAP_PRIVATE|MAP_ANONYMOUS, -1, 0) = 0xb7f69000
24618 15:23:45.731800 mprotect(0xb7f6b000, 4096, PROT_NONE) = 0
24618 15:23:45.731811 mprotect(0xb7f69000, 4096, PROT_NONE) = 0
24618 15:23:45.731823 recv(0, "TYPE I\r\n", 4096, MSG_PEEK) = 8
24618 15:23:45.731836 read(0, "TYPE I\r\n", 8) = 8
24618 15:23:45.731852 write(0, "200 Switching to Binary mode.\r\n", 31) = 31
24618 15:23:45.731892 rt_sigaction(SIGALRM, {0x805cad0, ~[RTMIN RT_1], 0}, NULL, 8) = 0
24618 15:23:45.731906 alarm(300)        = 300
24618 15:23:45.731917 recv(0, "PASV\r\n", 4096, MSG_PEEK) = 6
24618 15:23:45.731928 read(0, "PASV\r\n", 6) = 6
24618 15:23:45.731940 write(5, "\n", 1) = 1
24618 15:23:45.731950 read(5,  <unfinished ...>
24616 15:23:45.731963 close(5)          = 0
24616 15:23:45.731975 getuid32()        = 0
24616 15:23:45.731989 open("/etc/passwd", O_RDONLY|0x80000 /* O_??? */) = 5
24616 15:23:45.732003 _llseek(5, 0, [0], SEEK_CUR) = 0
24616 15:23:45.732015 fstat64(5, {st_mode=S_IFREG|0644, st_size=1624, ...}) = 0
24616 15:23:45.732033 mmap2(NULL, 1624, PROT_READ, MAP_SHARED, 5, 0) = 0xb7f6e000
24616 15:23:45.732044 _llseek(5, 1624, [1624], SEEK_SET) = 0
24616 15:23:45.732061 munmap(0xb7f6e000, 1624) = 0
24616 15:23:45.732073 close(5)          = 0
24616 15:23:45.732088 setgroups32(0, []) = 0
24616 15:23:45.732099 chdir("/usr/share/empty") = 0
24616 15:23:45.732111 chroot(".")       = 0
24616 15:23:45.732122 capset(NULL, NULL) = -1 EFAULT (Bad address)
24616 15:23:45.732135 prctl(0x8, 0, 0xbf8a6b48, 0x80549a6, 0xbf8a6b30) = 0
24616 15:23:45.732146 prctl(0x8, 0x1, 0xbf8a6b48, 0x8054a49, 0xbf8a6b30) = 0
24616 15:23:45.732176 setgid32(65534)   = 0
24616 15:23:45.732196 setuid32(65534)   = 0
24616 15:23:45.732205 capset(0x19980330, 0, {CAP_NET_BIND_SERVICE, CAP_NET_BIND_SERVICE, 0}) = 0
24616 15:23:45.732219 read(4, "\n", 1)  = 1
24616 15:23:45.732232 write(4, "\1", 1 <unfinished ...>
24618 15:23:45.732240 <... read resumed> "\1", 1) = 1
24616 15:23:45.732245 <... write resumed> ) = 1
24618 15:23:45.732251 write(5, "\f", 1) = 1
24618 15:23:45.732261 read(5,  <unfinished ...>
24616 15:23:45.732268 read(4, "\f", 1)  = 1
24616 15:23:45.732280 socket(PF_INET, SOCK_STREAM, IPPROTO_TCP) = 5
24616 15:23:45.732293 setsockopt(5, SOL_SOCKET, SO_REUSEADDR, [1], 4) = 0
24616 15:23:45.732304 gettimeofday({1495653825, 732307}, NULL) = 0
24616 15:23:45.732320 bind(5, {sa_family=AF_INET, sin_port=htons(37830), sin_addr=inet_addr("127.0.0.1")}, 16) = 0
24616 15:23:45.732335 listen(5, 1)      = 0
24616 15:23:45.732347 write(4, "\306\223\0\0", 4 <unfinished ...>
24618 15:23:45.732356 <... read resumed> "\306\223\0\0", 4) = 4
24616 15:23:45.732361 <... write resumed> ) = 4
24618 15:23:45.732373 write(0, "227 Entering Passive Mode (127,0,0,1,147,198).\r\n", 48) = 48
24618 15:23:45.732467 rt_sigaction(SIGALRM, {0x805cad0, ~[RTMIN RT_1], 0}, NULL, 8) = 0
24618 15:23:45.732484 alarm(300)        = 300
24618 15:23:45.732495 recv(0, "STOR myfile19\r\n", 4096, MSG_PEEK) = 15
24618 15:23:45.732507 read(0, "STOR myfile19\r\n", 15) = 15
24618 15:23:45.732526 write(5, "\v", 1) = 1
24618 15:23:45.732536 read(5,  <unfinished ...>
24616 15:23:45.732543 read(4, "\v", 1)  = 1
24616 15:23:45.732554 write(4, "\1\0\0\0", 4 <unfinished ...>
24618 15:23:45.732562 <... read resumed> "\1\0\0\0", 4) = 4
24616 15:23:45.732567 <... write resumed> ) = 4
24618 15:23:45.732574 gettimeofday({1495653825, 732577}, NULL) = 0
24618 15:23:45.732584 getcwd("/home/msfadmin", 4096) = 15
24618 15:23:45.732596 open("myfile19", O_WRONLY|O_CREAT|O_NONBLOCK|O_LARGEFILE, 0666) = 4
24618 15:23:45.732610 fstat64(4, {st_mode=S_IFREG|0644, st_size=17, ...}) = 0
24618 15:23:45.732626 fcntl64(4, F_GETFL) = 0x8801 (flags O_WRONLY|O_NONBLOCK|O_LARGEFILE)
24618 15:23:45.732637 fcntl64(4, F_SETFL, O_WRONLY|O_LARGEFILE) = 0
24618 15:23:45.732647 fcntl64(4, F_SETLKW64, {type=F_WRLCK, whence=SEEK_SET, start=0, len=0}, 0xbf8a6a94) = 0
24618 15:23:45.732661 ftruncate64(4, 0) = 0
24618 15:23:45.732681 _llseek(4, 0, [0], SEEK_SET) = 0
24618 15:23:45.732692 write(5, "\v", 1) = 1
24618 15:23:45.732702 read(5,  <unfinished ...>
24616 15:23:45.732708 read(4, "\v", 1)  = 1
24616 15:23:45.732719 write(4, "\1\0\0\0", 4 <unfinished ...>
24618 15:23:45.732727 <... read resumed> "\1\0\0\0", 4) = 4
24616 15:23:45.732732 <... write resumed> ) = 4
24618 15:23:45.732738 write(5, "\v", 1) = 1
24618 15:23:45.732747 read(5,  <unfinished ...>
24616 15:23:45.732754 read(4, "\v", 1)  = 1
24616 15:23:45.732764 write(4, "\1\0\0\0", 4 <unfinished ...>
24618 15:23:45.732772 <... read resumed> "\1\0\0\0", 4) = 4
24616 15:23:45.732777 <... write resumed> ) = 4
24618 15:23:45.732783 write(5, "\r", 1) = 1
24618 15:23:45.732792 read(5,  <unfinished ...>
24616 15:23:45.732799 read(4, "\r", 1)  = 1
24616 15:23:45.732811 select(6, [5], NULL, NULL, {60, 0}) = 1 (in [5], left {60, 0})
24616 15:23:45.732827 accept(5, {sa_family=AF_INET, sin_port=htons(53948), sin_addr=inet_addr("127.0.0.1")}, [16]) = 6
24616 15:23:45.732848 write(4, "\1", 1 <unfinished ...>
24618 15:23:45.732856 <... read resumed> "\1", 1) = 1
24616 15:23:45.732861 <... write resumed> ) = 1
24618 15:23:45.732869 recvmsg(5,  <unfinished ...>
24616 15:23:45.732878 sendmsg(4, {msg_name(0)=NULL, msg_iov(1)=[{"\0", 1}], msg_controllen=16, {cmsg_len=16, cmsg_level=SOL_SOCKET, cmsg_type=SCM_RIGHTS, {6}}, msg_flags=0}, 0 <unfinished ...>
24618 15:23:45.732892 <... recvmsg resumed> {msg_name(0)=NULL, msg_iov(1)=[{"\0", 1}], msg_controllen=16, {cmsg_len=16, cmsg_level=SOL_SOCKET, cmsg_type=SCM_RIGHTS, {6}}, msg_flags=0}, 0) = 1
24616 15:23:45.732902 <... sendmsg resumed> ) = 1
24618 15:23:45.732909 setsockopt(6, SOL_SOCKET, SO_KEEPALIVE, [1], 4) = 0
24618 15:23:45.732921 setsockopt(6, SOL_IP, IP_TOS, [8], 4) = 0
24618 15:23:45.732933 setsockopt(6, SOL_SOCKET, SO_LINGER, {onoff=1, linger=32767}, 8) = 0
24618 15:23:45.732943 rt_sigaction(SIGALRM, {0x805cad0, ~[RTMIN RT_1], 0}, NULL, 8) = 0
24618 15:23:45.732957 alarm(300)        = 300
24618 15:23:45.732968 write(0, "150 Ok to send data.\r\n", 22) = 22
24618 15:23:45.733030 mmap2(NULL, 77824, PROT_READ|PROT_WRITE, MAP_PRIVATE|MAP_ANONYMOUS, -1, 0) = 0xb7da3000
24618 15:23:45.733044 mprotect(0xb7db5000, 4096, PROT_NONE) = 0
24618 15:23:45.733066 mprotect(0xb7da3000, 4096, PROT_NONE) = 0
24618 15:23:45.733077 read(6, "assasaaa\na\na\na\na\n", 65536) = 17
24618 15:23:45.733091 write(4, "assasaaa\na\na\na\na\n", 17) = 17
24618 15:23:45.733241 read(6, "", 65536) = 0
24618 15:23:45.733253 rt_sigaction(SIGALRM, {0x805cad0, ~[RTMIN RT_1], 0}, NULL, 8) = 0
24618 15:23:45.733277 alarm(300)        = 300
24618 15:23:45.733286 close(6)          = 0
24618 15:23:45.733295 alarm(0)          = 300
24618 15:23:45.733304 gettimeofday({1495653825, 733308}, NULL) = 0
24618 15:23:45.733322 getpid()          = 24618
24618 15:23:45.733333 gettimeofday({1495653825, 733337}, NULL) = 0
24618 15:23:45.733352 fcntl64(3, F_SETLKW64, {type=F_WRLCK, whence=SEEK_SET, start=0, len=0}, 0xbf8a6a34) = 0
24618 15:23:45.733368 write(3, "Wed May 24 15:23:45 2017 [pid 24618] [msfadmin] OK UPLOAD: Client \"127.0.0.1\", \"/home/msfadmin/myfile19\", 17 bytes, 21.84Kbyte/sec\n", 131) = 131
24618 15:23:45.733391 fcntl64(3, F_SETLK64, {type=F_UNLCK, whence=SEEK_SET, start=0, len=0}, 0xbf8a6a3c) = 0
24618 15:23:45.733406 write(0, "226 Transfer complete.\r\n", 24) = 24
24618 15:23:45.733446 write(5, "\n", 1) = 1
24618 15:23:45.733458 read(5,  <unfinished ...>
24616 15:23:45.733465 close(6)          = 0
24616 15:23:45.733483 read(4, "\n", 1)  = 1
24616 15:23:45.733495 close(5)          = 0
24616 15:23:45.733505 write(4, "\1", 1 <unfinished ...>
24618 15:23:45.733513 <... read resumed> "\1", 1) = 1
24616 15:23:45.733518 <... write resumed> ) = 1
24618 15:23:45.733524 close(4)          = 0
24618 15:23:45.733534 rt_sigaction(SIGALRM, {0x805cad0, ~[RTMIN RT_1], 0}, NULL, 8) = 0
24618 15:23:45.733547 alarm(300)        = 0
24618 15:23:45.733558 recv(0,  <unfinished ...>
24616 15:23:45.733566 read(4,  <unfinished ...>
24618 15:23:46.283235 <... recv resumed> "TYPE I\r\n", 4096, MSG_PEEK) = 8
24618 15:23:46.283287 read(0, "TYPE I\r\n", 8) = 8
24618 15:23:46.283313 write(0, "200 Switching to Binary mode.\r\n", 31) = 31
24618 15:23:46.283366 rt_sigaction(SIGALRM, {0x805cad0, ~[RTMIN RT_1], 0}, NULL, 8) = 0
24618 15:23:46.283384 alarm(300)        = 299
24618 15:23:46.283397 recv(0, "PASV\r\n", 4096, MSG_PEEK) = 6
24618 15:23:46.283409 read(0, "PASV\r\n", 6) = 6
24618 15:23:46.283421 write(5, "\n", 1) = 1
24618 15:23:46.283434 read(5,  <unfinished ...>
24616 15:23:46.283444 <... read resumed> "\n", 1) = 1
24616 15:23:46.283453 write(4, "\1", 1 <unfinished ...>
24618 15:23:46.283461 <... read resumed> "\1", 1) = 1
24616 15:23:46.283466 <... write resumed> ) = 1
24618 15:23:46.283472 write(5, "\f", 1) = 1
24618 15:23:46.283482 read(5,  <unfinished ...>
24616 15:23:46.283489 read(4, "\f", 1)  = 1
24616 15:23:46.283501 socket(PF_INET, SOCK_STREAM, IPPROTO_TCP) = 5
24616 15:23:46.283517 setsockopt(5, SOL_SOCKET, SO_REUSEADDR, [1], 4) = 0
24616 15:23:46.283531 bind(5, {sa_family=AF_INET, sin_port=htons(39924), sin_addr=inet_addr("127.0.0.1")}, 16) = 0
24616 15:23:46.283548 listen(5, 1)      = 0
24616 15:23:46.283561 write(4, "\364\233\0\0", 4 <unfinished ...>
24618 15:23:46.283570 <... read resumed> "\364\233\0\0", 4) = 4
24616 15:23:46.283575 <... write resumed> ) = 4
24618 15:23:46.283586 write(0, "227 Entering Passive Mode (127,0,0,1,155,244).\r\n", 48) = 48
24618 15:23:46.283699 rt_sigaction(SIGALRM, {0x805cad0, ~[RTMIN RT_1], 0}, NULL, 8) = 0
24618 15:23:46.283716 alarm(300)        = 300
24618 15:23:46.283728 recv(0, "STOR myfile20\r\n", 4096, MSG_PEEK) = 15
24618 15:23:46.283740 read(0, "STOR myfile20\r\n", 15) = 15
24618 15:23:46.283755 write(5, "\v", 1) = 1
24618 15:23:46.283765 read(5,  <unfinished ...>
24616 15:23:46.283772 read(4, "\v", 1)  = 1
24616 15:23:46.283784 write(4, "\1\0\0\0", 4 <unfinished ...>
24618 15:23:46.283792 <... read resumed> "\1\0\0\0", 4) = 4
24616 15:23:46.283797 <... write resumed> ) = 4
24618 15:23:46.283803 gettimeofday({1495653826, 283807}, NULL) = 0
24618 15:23:46.283815 getcwd("/home/msfadmin", 4096) = 15
24618 15:23:46.283828 open("myfile20", O_WRONLY|O_CREAT|O_NONBLOCK|O_LARGEFILE, 0666) = 4
24618 15:23:46.283842 fstat64(4, {st_mode=S_IFREG|0644, st_size=17, ...}) = 0
24618 15:23:46.283860 fcntl64(4, F_GETFL) = 0x8801 (flags O_WRONLY|O_NONBLOCK|O_LARGEFILE)
24618 15:23:46.283871 fcntl64(4, F_SETFL, O_WRONLY|O_LARGEFILE) = 0
24618 15:23:46.283881 fcntl64(4, F_SETLKW64, {type=F_WRLCK, whence=SEEK_SET, start=0, len=0}, 0xbf8a6a94) = 0
24618 15:23:46.283896 ftruncate64(4, 0) = 0
24618 15:23:46.283916 _llseek(4, 0, [0], SEEK_SET) = 0
24618 15:23:46.283927 write(5, "\v", 1) = 1
24618 15:23:46.283937 read(5,  <unfinished ...>
24616 15:23:46.283944 read(4, "\v", 1)  = 1
24616 15:23:46.283956 write(4, "\1\0\0\0", 4 <unfinished ...>
24618 15:23:46.283963 <... read resumed> "\1\0\0\0", 4) = 4
24616 15:23:46.283969 <... write resumed> ) = 4
24618 15:23:46.283975 write(5, "\v", 1) = 1
24618 15:23:46.283985 read(5,  <unfinished ...>
24616 15:23:46.283991 read(4, "\v", 1)  = 1
24616 15:23:46.284002 write(4, "\1\0\0\0", 4 <unfinished ...>
24618 15:23:46.284010 <... read resumed> "\1\0\0\0", 4) = 4
24616 15:23:46.284021 <... write resumed> ) = 4
24618 15:23:46.284028 write(5, "\r", 1) = 1
24618 15:23:46.284038 read(5,  <unfinished ...>
24616 15:23:46.284044 read(4, "\r", 1)  = 1
24616 15:23:46.284056 select(6, [5], NULL, NULL, {60, 0}) = 1 (in [5], left {60, 0})
24616 15:23:46.284085 accept(5, {sa_family=AF_INET, sin_port=htons(36601), sin_addr=inet_addr("127.0.0.1")}, [16]) = 6
24616 15:23:46.284109 write(4, "\1", 1 <unfinished ...>
24618 15:23:46.284118 <... read resumed> "\1", 1) = 1
24616 15:23:46.284123 <... write resumed> ) = 1
24618 15:23:46.284130 recvmsg(5,  <unfinished ...>
24616 15:23:46.284139 sendmsg(4, {msg_name(0)=NULL, msg_iov(1)=[{"\0", 1}], msg_controllen=16, {cmsg_len=16, cmsg_level=SOL_SOCKET, cmsg_type=SCM_RIGHTS, {6}}, msg_flags=0}, 0 <unfinished ...>
24618 15:23:46.284153 <... recvmsg resumed> {msg_name(0)=NULL, msg_iov(1)=[{"\0", 1}], msg_controllen=16, {cmsg_len=16, cmsg_level=SOL_SOCKET, cmsg_type=SCM_RIGHTS, {6}}, msg_flags=0}, 0) = 1
24616 15:23:46.284163 <... sendmsg resumed> ) = 1
24618 15:23:46.284171 setsockopt(6, SOL_SOCKET, SO_KEEPALIVE, [1], 4) = 0
24618 15:23:46.284183 setsockopt(6, SOL_IP, IP_TOS, [8], 4) = 0
24618 15:23:46.284195 setsockopt(6, SOL_SOCKET, SO_LINGER, {onoff=1, linger=32767}, 8) = 0
24618 15:23:46.284206 rt_sigaction(SIGALRM, {0x805cad0, ~[RTMIN RT_1], 0}, NULL, 8) = 0
24618 15:23:46.284220 alarm(300)        = 300
24618 15:23:46.284233 write(0, "150 Ok to send data.\r\n", 22) = 22
24618 15:23:46.284300 read(6, "assasaaa\na\na\na\na\n", 65536) = 17
24618 15:23:46.284314 write(4, "assasaaa\na\na\na\na\n", 17) = 17
24618 15:23:46.284331 read(6, "", 65536) = 0
24618 15:23:46.284341 rt_sigaction(SIGALRM, {0x805cad0, ~[RTMIN RT_1], 0}, NULL, 8) = 0
24618 15:23:46.284355 alarm(300)        = 300
24618 15:23:46.284365 close(6)          = 0
24618 15:23:46.284374 alarm(0)          = 300
24618 15:23:46.284384 gettimeofday({1495653826, 284388}, NULL) = 0
24618 15:23:46.284399 gettimeofday({1495653826, 284403}, NULL) = 0
24618 15:23:46.284413 fcntl64(3, F_SETLKW64, {type=F_WRLCK, whence=SEEK_SET, start=0, len=0}, 0xbf8a6a34) = 0
24618 15:23:46.284428 write(3, "Wed May 24 15:23:46 2017 [pid 24618] [msfadmin] OK UPLOAD: Client \"127.0.0.1\", \"/home/msfadmin/myfile20\", 17 bytes, 27.85Kbyte/sec\n", 131) = 131
24618 15:23:46.284450 fcntl64(3, F_SETLK64, {type=F_UNLCK, whence=SEEK_SET, start=0, len=0}, 0xbf8a6a3c) = 0
24618 15:23:46.284465 write(0, "226 Transfer complete.\r\n", 24) = 24
24618 15:23:46.284509 write(5, "\n", 1) = 1
24618 15:23:46.284521 read(5,  <unfinished ...>
24616 15:23:46.284528 close(6)          = 0
24616 15:23:46.284545 read(4, "\n", 1)  = 1
24616 15:23:46.284557 close(5)          = 0
24616 15:23:46.284568 write(4, "\1", 1 <unfinished ...>
24618 15:23:46.284576 <... read resumed> "\1", 1) = 1
24616 15:23:46.284581 <... write resumed> ) = 1
24618 15:23:46.284587 close(4)          = 0
24618 15:23:46.284598 rt_sigaction(SIGALRM, {0x805cad0, ~[RTMIN RT_1], 0}, NULL, 8) = 0
24618 15:23:46.284611 alarm(300)        = 0
24618 15:23:46.284622 recv(0,  <unfinished ...>
24616 15:23:46.284629 read(4,  <unfinished ...>
24618 15:23:46.834012 <... recv resumed> "TYPE I\r\n", 4096, MSG_PEEK) = 8
24618 15:23:46.834186 read(0, "TYPE I\r\n", 8) = 8
24618 15:23:46.834341 write(0, "200 Switching to Binary mode.\r\n", 31) = 31
24618 15:23:46.834462 rt_sigaction(SIGALRM, {0x805cad0, ~[RTMIN RT_1], 0}, NULL, 8) = 0
24618 15:23:46.834500 alarm(300)        = 299
24618 15:23:46.834528 recv(0, "PASV\r\n", 4096, MSG_PEEK) = 6
24618 15:23:46.834549 read(0, "PASV\r\n", 6) = 6
24618 15:23:46.834563 write(5, "\n", 1) = 1
24618 15:23:46.834575 read(5,  <unfinished ...>
24616 15:23:46.834584 <... read resumed> "\n", 1) = 1
24616 15:23:46.834593 write(4, "\1", 1 <unfinished ...>
24618 15:23:46.834601 <... read resumed> "\1", 1) = 1
24616 15:23:46.834606 <... write resumed> ) = 1
24618 15:23:46.834612 write(5, "\f", 1) = 1
24618 15:23:46.834621 read(5,  <unfinished ...>
24616 15:23:46.834628 read(4, "\f", 1)  = 1
24616 15:23:46.834640 socket(PF_INET, SOCK_STREAM, IPPROTO_TCP) = 5
24616 15:23:46.834663 setsockopt(5, SOL_SOCKET, SO_REUSEADDR, [1], 4) = 0
24616 15:23:46.834678 bind(5, {sa_family=AF_INET, sin_port=htons(55689), sin_addr=inet_addr("127.0.0.1")}, 16) = 0
24616 15:23:46.834694 listen(5, 1)      = 0
24616 15:23:46.834707 write(4, "\211\331\0\0", 4 <unfinished ...>
24618 15:23:46.834716 <... read resumed> "\211\331\0\0", 4) = 4
24616 15:23:46.834721 <... write resumed> ) = 4
24618 15:23:46.834732 write(0, "227 Entering Passive Mode (127,0,0,1,217,137).\r\n", 48) = 48
24618 15:23:46.834845 rt_sigaction(SIGALRM, {0x805cad0, ~[RTMIN RT_1], 0}, NULL, 8) = 0
24618 15:23:46.834861 alarm(300)        = 300
24618 15:23:46.834873 recv(0, "STOR myfile21\r\n", 4096, MSG_PEEK) = 15
24618 15:23:46.834884 read(0, "STOR myfile21\r\n", 15) = 15
24618 15:23:46.834898 write(5, "\v", 1) = 1
24618 15:23:46.834908 read(5,  <unfinished ...>
24616 15:23:46.834915 read(4, "\v", 1)  = 1
24616 15:23:46.834926 write(4, "\1\0\0\0", 4 <unfinished ...>
24618 15:23:46.834934 <... read resumed> "\1\0\0\0", 4) = 4
24616 15:23:46.834939 <... write resumed> ) = 4
24618 15:23:46.834945 gettimeofday({1495653826, 834949}, NULL) = 0
24618 15:23:46.834956 getcwd("/home/msfadmin", 4096) = 15
24618 15:23:46.834968 open("myfile21", O_WRONLY|O_CREAT|O_NONBLOCK|O_LARGEFILE, 0666) = 4
24618 15:23:46.834982 fstat64(4, {st_mode=S_IFREG|0644, st_size=17, ...}) = 0
24618 15:23:46.835000 fcntl64(4, F_GETFL) = 0x8801 (flags O_WRONLY|O_NONBLOCK|O_LARGEFILE)
24618 15:23:46.835011 fcntl64(4, F_SETFL, O_WRONLY|O_LARGEFILE) = 0
24618 15:23:46.835045 fcntl64(4, F_SETLKW64, {type=F_WRLCK, whence=SEEK_SET, start=0, len=0}, 0xbf8a6a94) = 0
24618 15:23:46.835064 ftruncate64(4, 0) = 0
24618 15:23:46.835091 _llseek(4, 0, [0], SEEK_SET) = 0
24618 15:23:46.835102 write(5, "\v", 1) = 1
24618 15:23:46.835113 read(5,  <unfinished ...>
24616 15:23:46.835120 read(4, "\v", 1)  = 1
24616 15:23:46.835131 write(4, "\1\0\0\0", 4 <unfinished ...>
24618 15:23:46.835138 <... read resumed> "\1\0\0\0", 4) = 4
24616 15:23:46.835143 <... write resumed> ) = 4
24618 15:23:46.835149 write(5, "\v", 1) = 1
24618 15:23:46.835159 read(5,  <unfinished ...>
24616 15:23:46.835165 read(4, "\v", 1)  = 1
24616 15:23:46.835176 write(4, "\1\0\0\0", 4 <unfinished ...>
24618 15:23:46.835183 <... read resumed> "\1\0\0\0", 4) = 4
24616 15:23:46.835188 <... write resumed> ) = 4
24618 15:23:46.835194 write(5, "\r", 1) = 1
24618 15:23:46.835203 read(5,  <unfinished ...>
24616 15:23:46.835210 read(4, "\r", 1)  = 1
24616 15:23:46.835221 select(6, [5], NULL, NULL, {60, 0}) = 1 (in [5], left {60, 0})
24616 15:23:46.835237 accept(5, {sa_family=AF_INET, sin_port=htons(52391), sin_addr=inet_addr("127.0.0.1")}, [16]) = 6
24616 15:23:46.835259 write(4, "\1", 1 <unfinished ...>
24618 15:23:46.835266 <... read resumed> "\1", 1) = 1
24616 15:23:46.835271 <... write resumed> ) = 1
24618 15:23:46.835278 recvmsg(5,  <unfinished ...>
24616 15:23:46.835287 sendmsg(4, {msg_name(0)=NULL, msg_iov(1)=[{"\0", 1}], msg_controllen=16, {cmsg_len=16, cmsg_level=SOL_SOCKET, cmsg_type=SCM_RIGHTS, {6}}, msg_flags=0}, 0 <unfinished ...>
24618 15:23:46.835301 <... recvmsg resumed> {msg_name(0)=NULL, msg_iov(1)=[{"\0", 1}], msg_controllen=16, {cmsg_len=16, cmsg_level=SOL_SOCKET, cmsg_type=SCM_RIGHTS, {6}}, msg_flags=0}, 0) = 1
24616 15:23:46.835310 <... sendmsg resumed> ) = 1
24618 15:23:46.835318 setsockopt(6, SOL_SOCKET, SO_KEEPALIVE, [1], 4) = 0
24618 15:23:46.835330 setsockopt(6, SOL_IP, IP_TOS, [8], 4) = 0
24618 15:23:46.835341 setsockopt(6, SOL_SOCKET, SO_LINGER, {onoff=1, linger=32767}, 8) = 0
24618 15:23:46.835352 rt_sigaction(SIGALRM, {0x805cad0, ~[RTMIN RT_1], 0}, NULL, 8) = 0
24618 15:23:46.835365 alarm(300)        = 300
24618 15:23:46.835377 write(0, "150 Ok to send data.\r\n", 22) = 22
24618 15:23:46.835442 read(6, "assasaaa\na\na\na\na\n", 65536) = 17
24618 15:23:46.835456 write(4, "assasaaa\na\na\na\na\n", 17) = 17
24618 15:23:46.835472 read(6, "", 65536) = 0
24618 15:23:46.835482 rt_sigaction(SIGALRM, {0x805cad0, ~[RTMIN RT_1], 0}, NULL, 8) = 0
24618 15:23:46.835496 alarm(300)        = 300
24618 15:23:46.835509 close(6)          = 0
24618 15:23:46.835518 alarm(0)          = 300
24618 15:23:46.835527 gettimeofday({1495653826, 835531}, NULL) = 0
24618 15:23:46.835542 gettimeofday({1495653826, 835546}, NULL) = 0
24618 15:23:46.835556 fcntl64(3, F_SETLKW64, {type=F_WRLCK, whence=SEEK_SET, start=0, len=0}, 0xbf8a6a34) = 0
24618 15:23:46.835571 write(3, "Wed May 24 15:23:46 2017 [pid 24618] [msfadmin] OK UPLOAD: Client \"127.0.0.1\", \"/home/msfadmin/myfile21\", 17 bytes, 27.81Kbyte/sec\n", 131) = 131
24618 15:23:46.835591 fcntl64(3, F_SETLK64, {type=F_UNLCK, whence=SEEK_SET, start=0, len=0}, 0xbf8a6a3c) = 0
24618 15:23:46.835605 write(0, "226 Transfer complete.\r\n", 24) = 24
24618 15:23:46.835648 write(5, "\n", 1) = 1
24618 15:23:46.835660 read(5,  <unfinished ...>
24616 15:23:46.835667 close(6)          = 0
24616 15:23:46.835684 read(4, "\n", 1)  = 1
24616 15:23:46.835695 close(5)          = 0
24616 15:23:46.835705 write(4, "\1", 1 <unfinished ...>
24618 15:23:46.835713 <... read resumed> "\1", 1) = 1
24616 15:23:46.835718 <... write resumed> ) = 1
24618 15:23:46.835724 close(4)          = 0
24618 15:23:46.835734 rt_sigaction(SIGALRM, {0x805cad0, ~[RTMIN RT_1], 0}, NULL, 8) = 0
24618 15:23:46.835747 alarm(300)        = 0
24618 15:23:46.835758 recv(0,  <unfinished ...>
24616 15:23:46.835765 read(4,  <unfinished ...>
24618 15:23:47.364157 <... recv resumed> "TYPE I\r\n", 4096, MSG_PEEK) = 8
24618 15:23:47.364210 read(0, "TYPE I\r\n", 8) = 8
24618 15:23:47.364256 write(0, "200 Switching to Binary mode.\r\n", 31) = 31
24618 15:23:47.364325 rt_sigaction(SIGALRM, {0x805cad0, ~[RTMIN RT_1], 0}, NULL, 8) = 0
24618 15:23:47.364345 alarm(300)        = 299
24618 15:23:47.364358 recv(0, "PASV\r\n", 4096, MSG_PEEK) = 6
24618 15:23:47.364369 read(0, "PASV\r\n", 6) = 6
24618 15:23:47.364381 write(5, "\n", 1) = 1
24618 15:23:47.364393 read(5,  <unfinished ...>
24616 15:23:47.364403 <... read resumed> "\n", 1) = 1
24616 15:23:47.364411 write(4, "\1", 1 <unfinished ...>
24618 15:23:47.364419 <... read resumed> "\1", 1) = 1
24616 15:23:47.364424 <... write resumed> ) = 1
24618 15:23:47.364430 write(5, "\f", 1) = 1
24618 15:23:47.364440 read(5,  <unfinished ...>
24616 15:23:47.364446 read(4, "\f", 1)  = 1
24616 15:23:47.364458 socket(PF_INET, SOCK_STREAM, IPPROTO_TCP) = 5
24616 15:23:47.364473 setsockopt(5, SOL_SOCKET, SO_REUSEADDR, [1], 4) = 0
24616 15:23:47.364488 bind(5, {sa_family=AF_INET, sin_port=htons(5788), sin_addr=inet_addr("127.0.0.1")}, 16) = 0
24616 15:23:47.364504 listen(5, 1)      = 0
24616 15:23:47.364517 write(4, "\234\26\0\0", 4 <unfinished ...>
24618 15:23:47.364526 <... read resumed> "\234\26\0\0", 4) = 4
24616 15:23:47.364531 <... write resumed> ) = 4
24618 15:23:47.364541 write(0, "227 Entering Passive Mode (127,0,0,1,22,156).\r\n", 47) = 47
24618 15:23:47.364653 rt_sigaction(SIGALRM, {0x805cad0, ~[RTMIN RT_1], 0}, NULL, 8) = 0
24618 15:23:47.364670 alarm(300)        = 300
24618 15:23:47.364681 recv(0, "STOR myfile22\r\n", 4096, MSG_PEEK) = 15
24618 15:23:47.364693 read(0, "STOR myfile22\r\n", 15) = 15
24618 15:23:47.364706 write(5, "\v", 1) = 1
24618 15:23:47.364717 read(5,  <unfinished ...>
24616 15:23:47.364724 read(4, "\v", 1)  = 1
24616 15:23:47.364735 write(4, "\1\0\0\0", 4) = 4
24618 15:23:47.364745 <... read resumed> "\1\0\0\0", 4) = 4
24618 15:23:47.364753 gettimeofday({1495653827, 364756}, NULL) = 0
24618 15:23:47.364763 getcwd("/home/msfadmin", 4096) = 15
24618 15:23:47.364776 open("myfile22", O_WRONLY|O_CREAT|O_NONBLOCK|O_LARGEFILE, 0666) = 4
24618 15:23:47.364790 fstat64(4, {st_mode=S_IFREG|0644, st_size=17, ...}) = 0
24618 15:23:47.364807 fcntl64(4, F_GETFL) = 0x8801 (flags O_WRONLY|O_NONBLOCK|O_LARGEFILE)
24618 15:23:47.364818 fcntl64(4, F_SETFL, O_WRONLY|O_LARGEFILE) = 0
24618 15:23:47.364828 fcntl64(4, F_SETLKW64, {type=F_WRLCK, whence=SEEK_SET, start=0, len=0}, 0xbf8a6a94) = 0
24618 15:23:47.364842 ftruncate64(4, 0) = 0
24618 15:23:47.364861 _llseek(4, 0, [0], SEEK_SET) = 0
24618 15:23:47.364905 write(5, "\v", 1) = 1
24618 15:23:47.364919 read(5,  <unfinished ...>
24616 15:23:47.364936 read(4, "\v", 1)  = 1
24616 15:23:47.364954 write(4, "\1\0\0\0", 4) = 4
24618 15:23:47.364965 <... read resumed> "\1\0\0\0", 4) = 4
24618 15:23:47.364972 write(5, "\v", 1) = 1
24618 15:23:47.364982 read(5,  <unfinished ...>
24616 15:23:47.364988 read(4, "\v", 1)  = 1
24616 15:23:47.364999 write(4, "\1\0\0\0", 4) = 4
24618 15:23:47.365009 <... read resumed> "\1\0\0\0", 4) = 4
24618 15:23:47.365016 write(5, "\r", 1) = 1
24618 15:23:47.365025 read(5,  <unfinished ...>
24616 15:23:47.365032 read(4, "\r", 1)  = 1
24616 15:23:47.365043 select(6, [5], NULL, NULL, {60, 0}) = 1 (in [5], left {60, 0})
24616 15:23:47.365060 accept(5, {sa_family=AF_INET, sin_port=htons(54836), sin_addr=inet_addr("127.0.0.1")}, [16]) = 6
24616 15:23:47.365082 write(4, "\1", 1) = 1
24618 15:23:47.365092 <... read resumed> "\1", 1) = 1
24618 15:23:47.365100 recvmsg(5,  <unfinished ...>
24616 15:23:47.365108 sendmsg(4, {msg_name(0)=NULL, msg_iov(1)=[{"\0", 1}], msg_controllen=16, {cmsg_len=16, cmsg_level=SOL_SOCKET, cmsg_type=SCM_RIGHTS, {6}}, msg_flags=0}, 0) = 1
24618 15:23:47.365126 <... recvmsg resumed> {msg_name(0)=NULL, msg_iov(1)=[{"\0", 1}], msg_controllen=16, {cmsg_len=16, cmsg_level=SOL_SOCKET, cmsg_type=SCM_RIGHTS, {6}}, msg_flags=0}, 0) = 1
24618 15:23:47.365139 setsockopt(6, SOL_SOCKET, SO_KEEPALIVE, [1], 4) = 0
24618 15:23:47.365151 setsockopt(6, SOL_IP, IP_TOS, [8], 4) = 0
24618 15:23:47.365163 setsockopt(6, SOL_SOCKET, SO_LINGER, {onoff=1, linger=32767}, 8) = 0
24618 15:23:47.365173 rt_sigaction(SIGALRM, {0x805cad0, ~[RTMIN RT_1], 0}, NULL, 8) = 0
24618 15:23:47.365186 alarm(300)        = 300
