17092 14:00:17.267648 fstat64(5, {st_mode=S_IFREG|0644, st_size=520, ...}) = 0
17092 14:00:17.267664 mmap2(NULL, 4096, PROT_READ|PROT_WRITE, MAP_PRIVATE|MAP_ANONYMOUS, -1, 0) = 0xb7fd0000
17092 14:00:17.267674 read(5, "#\n# /etc/pam.d/other - specify the PAM fallback behaviour\n#\n# Note that this file is used for any unspecified service; for example\n#if /etc/pam.d/cron  specifies no session modules but cron calls\n#pam_open_session, the session module out of /etc/pam.d/other is\n#used.  If you really want nothing to happen then use pam_permit.so or\n#pam_deny.so as appropriate.\n\n# We fall back to the system default in /etc/pam.d/common-*\n# \n\n@include common-auth\n@include common-account\n@include common-password\n@include common-session\n", 4096) = 520
17092 14:00:17.267717 stat64("/etc/pam.d", {st_mode=S_IFDIR|0755, st_size=4096, ...}) = 0
17092 14:00:17.267735 open("/etc/pam.d/common-auth", O_RDONLY|O_LARGEFILE) = 6
17092 14:00:17.267896 fstat64(6, {st_mode=S_IFREG|0644, st_size=476, ...}) = 0
17092 14:00:17.267926 mmap2(NULL, 4096, PROT_READ|PROT_WRITE, MAP_PRIVATE|MAP_ANONYMOUS, -1, 0) = 0xb7fca000
17092 14:00:17.267947 read(6, "#\n# /etc/pam.d/common-auth - authentication settings common to all services\n#\n# This file is included from other service-specific PAM config files,\n# and should contain a list of the authentication modules that define\n# the central authentication scheme for use on the system\n# (e.g., /etc/shadow, LDAP, Kerberos, etc.).  The default is to use the\n# traditional Unix authentication mechanisms.\n#\nauth\trequisite\tpam_unix.so nullok_secure\n# auth\toptional\tpam_smbpass.so migrate\n", 4096) = 476
17092 14:00:17.267992 read(6, "", 4096) = 0
17092 14:00:17.268002 close(6)          = 0
17092 14:00:17.268011 munmap(0xb7fca000, 4096) = 0
17092 14:00:17.268022 stat64("/etc/pam.d", {st_mode=S_IFDIR|0755, st_size=4096, ...}) = 0
17092 14:00:17.268040 open("/etc/pam.d/common-account", O_RDONLY|O_LARGEFILE) = 6
17092 14:00:17.268052 fstat64(6, {st_mode=S_IFREG|0644, st_size=392, ...}) = 0
17092 14:00:17.268067 mmap2(NULL, 4096, PROT_READ|PROT_WRITE, MAP_PRIVATE|MAP_ANONYMOUS, -1, 0) = 0xb7fca000
17092 14:00:17.268077 read(6, "#\n# /etc/pam.d/common-account - authorization settings common to all services\n#\n# This file is included from other service-specific PAM config files,\n# and should contain a list of the authorization modules that define\n# the central access policy for use on the system.  The default is to\n# only deny service to users whose accounts are expired in /etc/shadow.\n#\naccount\trequired\tpam_unix.so\n", 4096) = 392
17092 14:00:17.268114 read(6, "", 4096) = 0
17092 14:00:17.268124 close(6)          = 0
17092 14:00:17.268133 munmap(0xb7fca000, 4096) = 0
17092 14:00:17.268143 stat64("/etc/pam.d", {st_mode=S_IFDIR|0755, st_size=4096, ...}) = 0
17092 14:00:17.268160 open("/etc/pam.d/common-password", O_RDONLY|O_LARGEFILE) = 6
17092 14:00:17.268173 fstat64(6, {st_mode=S_IFREG|0644, st_size=1563, ...}) = 0
17092 14:00:17.268188 mmap2(NULL, 4096, PROT_READ|PROT_WRITE, MAP_PRIVATE|MAP_ANONYMOUS, -1, 0) = 0xb7fca000
17092 14:00:17.268198 read(6, "#\n# /etc/pam.d/common-password - password-related modules common to all services\n#\n# This file is included from other service-specific PAM config files,\n# and should contain a list of modules that define the services to be\n# used to change user passwords.  The default is pam_unix.\n\n# Explanation of pam_unix options:\n#\n# The \"nullok\" option allows users to change an empty password, else\n# empty passwords are treated as locked accounts.\n#\n# The \"md5\" option enables MD5 passwords.  Without this option, the\n# default is Unix crypt.\n#\n# The \"obscure\" option replaces the old `OBSCURE_CHECKS_ENAB\' option in\n# login.defs.\n#\n# You can also use the \"min\" option to enforce the length of the new\n# password.\n#\n# See the pam_unix manpage for other options.\n\npassword   requisite   pam_unix.so nullok obscure md5\n\n# Alternate strength checking for password. Note that this\n# requires the libpam-cracklib package to be installed.\n# You will need to comment out the password line above and\n# uncomment the next two in order to use this.\n# (Replaces the `OBSCURE_CHECKS_ENAB\', `CRACKLIB_DICTPATH\')\n#\n# password required\t  pam_cracklib.so retry=3 minlen=6 difok=3\n# password required\t  pam_unix.so use_authtok nullok md5\n\n# minimally-intrusive inclusion of smbpass in the stack for\n# synchronization.  If the module is absent or the passwords don\'t\n# match, this module will be ignored without prompting; and if the \n# passwords do match, the NTLM hash for the user will be updated\n# automatically.\n# password   optional   pam_smbpass.so nullok use_authtok use_first_pass\n", 4096) = 1563
17092 14:00:17.268309 read(6, "", 4096) = 0
17092 14:00:17.268319 close(6)          = 0
17092 14:00:17.268328 munmap(0xb7fca000, 4096) = 0
17092 14:00:17.268338 stat64("/etc/pam.d", {st_mode=S_IFDIR|0755, st_size=4096, ...}) = 0
17092 14:00:17.268385 open("/etc/pam.d/common-session", O_RDONLY|O_LARGEFILE) = 6
17092 14:00:17.268399 fstat64(6, {st_mode=S_IFREG|0644, st_size=372, ...}) = 0
17092 14:00:17.268437 mmap2(NULL, 4096, PROT_READ|PROT_WRITE, MAP_PRIVATE|MAP_ANONYMOUS, -1, 0) = 0xb7fca000
17092 14:00:17.268448 read(6, "#\n# /etc/pam.d/common-session - session-related modules common to all services\n#\n# This file is included from other service-specific PAM config files,\n# and should contain a list of modules that define tasks to be performed\n# at the start and end of sessions of *any* kind (both interactive and\n# non-interactive).  The default is pam_unix.\n#\nsession\trequired\tpam_unix.so\n", 4096) = 372
17092 14:00:17.268485 read(6, "", 4096) = 0
17092 14:00:17.268494 close(6)          = 0
17092 14:00:17.268504 munmap(0xb7fca000, 4096) = 0
17092 14:00:17.268514 read(5, "", 4096) = 0
17092 14:00:17.268523 close(5)          = 0
17092 14:00:17.268532 munmap(0xb7fd0000, 4096) = 0
17092 14:00:17.268544 time(NULL)        = 1495648817
17092 14:00:17.268555 lstat64("/etc/ftpusers", {st_mode=S_IFREG|0644, st_size=132, ...}) = 0
17092 14:00:17.268573 open("/etc/ftpusers", O_RDONLY|O_LARGEFILE) = 5
17092 14:00:17.268584 fstat64(5, {st_mode=S_IFREG|0644, st_size=132, ...}) = 0
17092 14:00:17.268600 mmap2(NULL, 4096, PROT_READ|PROT_WRITE, MAP_PRIVATE|MAP_ANONYMOUS, -1, 0) = 0xb7fd0000
17092 14:00:17.268610 read(5, "# /etc/ftpusers: list of users disallowed FTP access. See ftpusers(5).\n\nroot\ndaemon\nbin\nsys\nsync\ngames\nman\nlp\nmail\nnews\nuucp\nnobody\n", 4096) = 132
17092 14:00:17.268630 read(5, "", 4096) = 0
17092 14:00:17.268639 close(5)          = 0
17092 14:00:17.268648 munmap(0xb7fd0000, 4096) = 0
17092 14:00:17.268662 getuid32()        = 0
17092 14:00:17.268678 open("/etc/passwd", O_RDONLY|0x80000 /* O_??? */) = 5
17092 14:00:17.268692 _llseek(5, 0, [0], SEEK_CUR) = 0
17092 14:00:17.268703 fstat64(5, {st_mode=S_IFREG|0644, st_size=1624, ...}) = 0
17092 14:00:17.268719 mmap2(NULL, 1624, PROT_READ, MAP_SHARED, 5, 0) = 0xb7fd0000
17092 14:00:17.268729 _llseek(5, 1624, [1624], SEEK_SET) = 0
17092 14:00:17.268748 munmap(0xb7fd0000, 1624) = 0
17092 14:00:17.268758 close(5)          = 0
17092 14:00:17.268781 open("/etc/shadow", O_RDONLY|0x80000 /* O_??? */) = 5
17092 14:00:17.268797 _llseek(5, 0, [0], SEEK_CUR) = 0
17092 14:00:17.268807 fstat64(5, {st_mode=S_IFREG|0640, st_size=1233, ...}) = 0
17092 14:00:17.268823 mmap2(NULL, 1233, PROT_READ, MAP_SHARED, 5, 0) = 0xb7fd0000
17092 14:00:17.268833 _llseek(5, 1233, [1233], SEEK_SET) = 0
17092 14:00:17.268846 munmap(0xb7fd0000, 1233) = 0
17092 14:00:17.268853 close(5)          = 0
17092 14:00:17.268872 open("/etc/passwd", O_RDONLY|0x80000 /* O_??? */) = 5
17092 14:00:17.268886 _llseek(5, 0, [0], SEEK_CUR) = 0
17092 14:00:17.268896 fstat64(5, {st_mode=S_IFREG|0644, st_size=1624, ...}) = 0
17092 14:00:17.268912 mmap2(NULL, 1624, PROT_READ, MAP_SHARED, 5, 0) = 0xb7fd0000
17092 14:00:17.268922 _llseek(5, 1624, [1624], SEEK_SET) = 0
17092 14:00:17.268938 munmap(0xb7fd0000, 1624) = 0
17092 14:00:17.268947 close(5)          = 0
17092 14:00:17.268959 open("/etc/shadow", O_RDONLY|0x80000 /* O_??? */) = 5
17092 14:00:17.268971 _llseek(5, 0, [0], SEEK_CUR) = 0
17092 14:00:17.268981 fstat64(5, {st_mode=S_IFREG|0640, st_size=1233, ...}) = 0
17092 14:00:17.268997 mmap2(NULL, 1233, PROT_READ, MAP_SHARED, 5, 0) = 0xb7fd0000
17092 14:00:17.269007 _llseek(5, 1233, [1233], SEEK_SET) = 0
17092 14:00:17.269022 munmap(0xb7fd0000, 1233) = 0
17092 14:00:17.269032 close(5)          = 0
17092 14:00:17.269287 getuid32()        = 0
17092 14:00:17.269301 open("/etc/passwd", O_RDONLY|0x80000 /* O_??? */) = 5
17092 14:00:17.269315 _llseek(5, 0, [0], SEEK_CUR) = 0
17092 14:00:17.269344 fstat64(5, {st_mode=S_IFREG|0644, st_size=1624, ...}) = 0
17092 14:00:17.269360 mmap2(NULL, 1624, PROT_READ, MAP_SHARED, 5, 0) = 0xb7fd0000
17092 14:00:17.269370 _llseek(5, 1624, [1624], SEEK_SET) = 0
17092 14:00:17.269386 munmap(0xb7fd0000, 1624) = 0
17092 14:00:17.269395 close(5)          = 0
17092 14:00:17.269408 open("/etc/shadow", O_RDONLY|0x80000 /* O_??? */) = 5
17092 14:00:17.269420 _llseek(5, 0, [0], SEEK_CUR) = 0
17092 14:00:17.269430 fstat64(5, {st_mode=S_IFREG|0640, st_size=1233, ...}) = 0
17092 14:00:17.269449 mmap2(NULL, 1233, PROT_READ, MAP_SHARED, 5, 0) = 0xb7fd0000
17092 14:00:17.269459 _llseek(5, 1233, [1233], SEEK_SET) = 0
17092 14:00:17.269475 munmap(0xb7fd0000, 1233) = 0
17092 14:00:17.269485 close(5)          = 0
17092 14:00:17.269496 time(NULL)        = 1495648817
17092 14:00:17.269510 munmap(0xb7fcd000, 12164) = 0
17092 14:00:17.269523 munmap(0xb7fcb000, 7136) = 0
17092 14:00:17.269537 munmap(0xb7e00000, 95428) = 0
17092 14:00:17.269548 munmap(0xb7dc6000, 201052) = 0
17092 14:00:17.269558 munmap(0xb7dad000, 101180) = 0
17092 14:00:17.269574 gettimeofday({1495648817, 269578}, NULL) = 0
17092 14:00:17.269585 stat64("/usr/share/zoneinfo/UTC+04:00", 0xbfafc464) = -1 ENOENT (No such file or directory)
17092 14:00:17.269599 open("/usr/share/zoneinfo/UTC+04:00", O_RDONLY) = -1 ENOENT (No such file or directory)
17092 14:00:17.269624 fcntl64(3, F_SETLKW64, {type=F_WRLCK, whence=SEEK_SET, start=0, len=0}, 0xbfafc5b4) = 0
17092 14:00:17.269640 write(3, "Wed May 24 14:00:17 2017 [pid 17092] [msfadmin] OK LOGIN: Client \"127.0.0.1\"\n", 77) = 77
17092 14:00:17.269656 fcntl64(3, F_SETLK64, {type=F_UNLCK, whence=SEEK_SET, start=0, len=0}, 0xbfafc5bc) = 0
17092 14:00:17.269668 rt_sigaction(SIGCHLD, {0x805cad0, ~[RTMIN RT_1], 0}, NULL, 8) = 0
17092 14:00:17.269682 write(4, "\1", 1 <unfinished ...>
17093 14:00:17.269691 <... read resumed> "\1", 1) = 1
17092 14:00:17.269697 <... write resumed> ) = 1
17093 14:00:17.269704 exit_group(0)     = ?
17092 14:00:17.269730 --- SIGCHLD (Child exited) @ 0 (0) ---
17092 14:00:17.269738 sigreturn()       = ? (mask now [])
17092 14:00:17.269788 wait4(-1, [{WIFEXITED(s) && WEXITSTATUS(s) == 0}], 0, NULL) = 17093
17092 14:00:17.269803 close(4)          = 0
17092 14:00:17.269825 socketpair(PF_FILE, SOCK_STREAM, 0, [4, 5]) = 0
17092 14:00:17.269847 rt_sigaction(SIGCHLD, {0x805cad0, ~[RTMIN RT_1], 0}, NULL, 8) = 0
17092 14:00:17.269861 rt_sigaction(SIGALRM, {0x805cb10, ~[RTMIN RT_1], 0}, NULL, 8) = 0
17092 14:00:17.269874 clone(child_stack=0, flags=CLONE_CHILD_CLEARTID|CLONE_CHILD_SETTID|SIGCHLD, child_tidptr=0xb7e366f8) = 17094
17094 14:00:17.269924 prctl(0x1, 0x9, 0, 0, 0) = 0
17094 14:00:17.269937 close(4)          = 0
17094 14:00:17.269962 open("/etc/passwd", O_RDONLY|0x80000 /* O_??? */) = 4
17094 14:00:17.269979 _llseek(4, 0, [0], SEEK_CUR) = 0
17094 14:00:17.269994 fstat64(4, {st_mode=S_IFREG|0644, st_size=1624, ...}) = 0
17094 14:00:17.270012 mmap2(NULL, 1624, PROT_READ, MAP_SHARED, 4, 0) = 0xb7fd0000
17094 14:00:17.270023 _llseek(4, 1624, [1624], SEEK_SET) = 0
17094 14:00:17.270045 munmap(0xb7fd0000, 1624) = 0
17094 14:00:17.270056 close(4)          = 0
17094 14:00:17.270069 getuid32()        = 0
17094 14:00:17.270078 open("/etc/passwd", O_RDONLY|0x80000 /* O_??? */) = 4
17094 14:00:17.270091 _llseek(4, 0, [0], SEEK_CUR) = 0
17094 14:00:17.270101 fstat64(4, {st_mode=S_IFREG|0644, st_size=1624, ...}) = 0
17094 14:00:17.270116 mmap2(NULL, 1624, PROT_READ, MAP_SHARED, 4, 0) = 0xb7fd0000
17094 14:00:17.270127 _llseek(4, 1624, [1624], SEEK_SET) = 0
17094 14:00:17.270142 munmap(0xb7fd0000, 1624) = 0
17094 14:00:17.270151 close(4)          = 0
17094 14:00:17.270175 open("/proc/sys/kernel/ngroups_max", O_RDONLY) = 4
17094 14:00:17.270195 read(4, "65536\n", 31) = 6
17094 14:00:17.270207 close(4)          = 0
17094 14:00:17.270221 socket(PF_FILE, SOCK_STREAM, 0) = 4
17094 14:00:17.270232 fcntl64(4, F_SETFL, O_RDWR|O_NONBLOCK) = 0
17094 14:00:17.270243 connect(4, {sa_family=AF_FILE, path="/var/run/nscd/socket"}, 110) = -1 ENOENT (No such file or directory)
17094 14:00:17.270295 close(4)          = 0
17094 14:00:17.270308 socket(PF_FILE, SOCK_STREAM, 0) = 4
17094 14:00:17.270328 fcntl64(4, F_SETFL, O_RDWR|O_NONBLOCK) = 0
17094 14:00:17.270338 connect(4, {sa_family=AF_FILE, path="/var/run/nscd/socket"}, 110) = -1 ENOENT (No such file or directory)
17094 14:00:17.270356 close(4)          = 0
17094 14:00:17.270379 open("/etc/group", O_RDONLY|0x80000 /* O_??? */) = 4
17094 14:00:17.270396 _llseek(4, 0, [0], SEEK_CUR) = 0
17094 14:00:17.270411 fstat64(4, {st_mode=S_IFREG|0644, st_size=886, ...}) = 0
17094 14:00:17.270428 mmap2(NULL, 886, PROT_READ, MAP_SHARED, 4, 0) = 0xb7fd0000
17094 14:00:17.270440 _llseek(4, 886, [886], SEEK_SET) = 0
17094 14:00:17.270464 fstat64(4, {st_mode=S_IFREG|0644, st_size=886, ...}) = 0
17094 14:00:17.270481 munmap(0xb7fd0000, 886) = 0
17094 14:00:17.270491 close(4)          = 0
17094 14:00:17.270501 setgroups32(13, [1000, 4, 20, 24, 25, 29, 30, 44, 46, 107, 111, 112, 119]) = 0
17094 14:00:17.270517 geteuid32()       = 0
17094 14:00:17.270539 getegid32()       = 0
17094 14:00:17.270550 setregid32(-1, 1000) = 0
17094 14:00:17.270570 setreuid32(-1, 1000) = 0
17094 14:00:17.270581 chdir("/home/msfadmin") = 0
17094 14:00:17.270592 setreuid32(-1, 0) = 0
17094 14:00:17.270601 setregid32(-1, 0) = 0
17094 14:00:17.270611 setgid32(1000)    = 0
17094 14:00:17.270621 setuid32(1000)    = 0
17094 14:00:17.270631 setrlimit(RLIMIT_NPROC, {rlim_cur=0, rlim_max=0}) = 0
17094 14:00:17.270653 mmap2(NULL, 12288, PROT_READ|PROT_WRITE, MAP_PRIVATE|MAP_ANONYMOUS, -1, 0) = 0xb7fce000
17094 14:00:17.270664 mprotect(0xb7fd0000, 4096, PROT_NONE) = 0
17094 14:00:17.270675 mprotect(0xb7fce000, 4096, PROT_NONE) = 0
17094 14:00:17.270686 getcwd("/home/msfadmin", 4096) = 15
17094 14:00:17.270699 umask(022)        = 077
17094 14:00:17.270708 getcwd("/home/msfadmin", 4096) = 15
17094 14:00:17.270721 open(".message", O_RDONLY|O_NONBLOCK|O_LARGEFILE) = -1 ENOENT (No such file or directory)
17094 14:00:17.270773 write(0, "230 Login successful.\r\n", 23) = 23
17094 14:00:17.270862 rt_sigaction(SIGALRM, {0x805cad0, ~[RTMIN RT_1], 0}, NULL, 8) = 0
17094 14:00:17.270878 alarm(300)        = 0
17094 14:00:17.270889 mmap2(NULL, 12288, PROT_READ|PROT_WRITE, MAP_PRIVATE|MAP_ANONYMOUS, -1, 0) = 0xb7fcb000
17094 14:00:17.270900 mprotect(0xb7fcd000, 4096, PROT_NONE) = 0
17094 14:00:17.270911 mprotect(0xb7fcb000, 4096, PROT_NONE) = 0
17094 14:00:17.270923 recv(0, "TYPE I\r\n", 4096, MSG_PEEK) = 8
17094 14:00:17.270936 read(0, "TYPE I\r\n", 8) = 8
17094 14:00:17.270952 write(0, "200 Switching to Binary mode.\r\n", 31) = 31
17094 14:00:17.270990 rt_sigaction(SIGALRM, {0x805cad0, ~[RTMIN RT_1], 0}, NULL, 8) = 0
17094 14:00:17.271004 alarm(300)        = 300
17094 14:00:17.271015 recv(0, "PASV\r\n", 4096, MSG_PEEK) = 6
17094 14:00:17.271026 read(0, "PASV\r\n", 6) = 6
17094 14:00:17.271038 write(5, "\n", 1) = 1
17094 14:00:17.271048 read(5,  <unfinished ...>
17092 14:00:17.271060 close(5)          = 0
17092 14:00:17.271073 getuid32()        = 0
17092 14:00:17.271088 open("/etc/passwd", O_RDONLY|0x80000 /* O_??? */) = 5
17092 14:00:17.271102 _llseek(5, 0, [0], SEEK_CUR) = 0
17092 14:00:17.271114 fstat64(5, {st_mode=S_IFREG|0644, st_size=1624, ...}) = 0
17092 14:00:17.271131 mmap2(NULL, 1624, PROT_READ, MAP_SHARED, 5, 0) = 0xb7fd0000
17092 14:00:17.271142 _llseek(5, 1624, [1624], SEEK_SET) = 0
17092 14:00:17.271159 munmap(0xb7fd0000, 1624) = 0
17092 14:00:17.271170 close(5)          = 0
17092 14:00:17.271186 setgroups32(0, []) = 0
17092 14:00:17.271197 chdir("/usr/share/empty") = 0
17092 14:00:17.271209 chroot(".")       = 0
17092 14:00:17.271219 capset(NULL, NULL) = -1 EFAULT (Bad address)
17092 14:00:17.271232 prctl(0x8, 0, 0xbfafc598, 0x80549a6, 0xbfafc580) = 0
17092 14:00:17.271274 prctl(0x8, 0x1, 0xbfafc598, 0x8054a49, 0xbfafc580) = 0
17092 14:00:17.271286 setgid32(65534)   = 0
17092 14:00:17.271306 setuid32(65534)   = 0
17092 14:00:17.271324 capset(0x19980330, 0, {CAP_NET_BIND_SERVICE, CAP_NET_BIND_SERVICE, 0}) = 0
17092 14:00:17.271337 read(4, "\n", 1)  = 1
17092 14:00:17.271350 write(4, "\1", 1) = 1
17094 14:00:17.271361 <... read resumed> "\1", 1) = 1
17094 14:00:17.271369 write(5, "\f", 1) = 1
17094 14:00:17.271378 read(5,  <unfinished ...>
17092 14:00:17.271385 read(4, "\f", 1)  = 1
17092 14:00:17.271397 socket(PF_INET, SOCK_STREAM, IPPROTO_TCP) = 5
17092 14:00:17.271410 setsockopt(5, SOL_SOCKET, SO_REUSEADDR, [1], 4) = 0
17092 14:00:17.271421 gettimeofday({1495648817, 271424}, NULL) = 0
17092 14:00:17.271436 bind(5, {sa_family=AF_INET, sin_port=htons(20198), sin_addr=inet_addr("127.0.0.1")}, 16) = 0
17092 14:00:17.271457 listen(5, 1)      = 0
17092 14:00:17.271470 write(4, "\346N\0\0", 4) = 4
17094 14:00:17.271481 <... read resumed> "\346N\0\0", 4) = 4
17094 14:00:17.271495 write(0, "227 Entering Passive Mode (127,0,0,1,78,230).\r\n", 47) = 47
17094 14:00:17.271601 rt_sigaction(SIGALRM, {0x805cad0, ~[RTMIN RT_1], 0}, NULL, 8) = 0
17094 14:00:17.271618 alarm(300)        = 300
17094 14:00:17.271629 recv(0, "RETR myfile37\r\n", 4096, MSG_PEEK) = 15
17094 14:00:17.271642 read(0, "RETR myfile37\r\n", 15) = 15
17094 14:00:17.271656 write(5, "\v", 1) = 1
17094 14:00:17.271667 read(5,  <unfinished ...>
17092 14:00:17.271674 read(4, "\v", 1)  = 1
17092 14:00:17.271685 write(4, "\1\0\0\0", 4) = 4
17094 14:00:17.271696 <... read resumed> "\1\0\0\0", 4) = 4
17094 14:00:17.271705 gettimeofday({1495648817, 271708}, NULL) = 0
17094 14:00:17.271716 getcwd("/home/msfadmin", 4096) = 15
17094 14:00:17.271728 open("myfile37", O_RDONLY|O_NONBLOCK|O_LARGEFILE) = 4
17094 14:00:17.271769 fcntl64(4, F_SETLKW64, {type=F_RDLCK, whence=SEEK_SET, start=0, len=0}, 0xbfafc504) = 0
17094 14:00:17.271793 fstat64(4, {st_mode=S_IFREG|0644, st_size=17, ...}) = 0
17094 14:00:17.271810 fcntl64(4, F_GETFL) = 0x8800 (flags O_RDONLY|O_NONBLOCK|O_LARGEFILE)
17094 14:00:17.271821 fcntl64(4, F_SETFL, O_RDONLY|O_LARGEFILE) = 0
17094 14:00:17.271834 write(5, "\v", 1) = 1
17094 14:00:17.271845 read(5,  <unfinished ...>
17092 14:00:17.271852 read(4, "\v", 1)  = 1
17092 14:00:17.271863 write(4, "\1\0\0\0", 4) = 4
17094 14:00:17.271874 <... read resumed> "\1\0\0\0", 4) = 4
17094 14:00:17.271881 write(5, "\v", 1) = 1
17094 14:00:17.271891 read(5,  <unfinished ...>
17092 14:00:17.271898 read(4, "\v", 1)  = 1
17092 14:00:17.271908 write(4, "\1\0\0\0", 4) = 4
17094 14:00:17.271919 <... read resumed> "\1\0\0\0", 4) = 4
17094 14:00:17.271926 write(5, "\r", 1) = 1
17094 14:00:17.271936 read(5,  <unfinished ...>
17092 14:00:17.271942 read(4, "\r", 1)  = 1
17092 14:00:17.271955 select(6, [5], NULL, NULL, {60, 0}) = 1 (in [5], left {60, 0})
17092 14:00:17.271972 accept(5, {sa_family=AF_INET, sin_port=htons(42709), sin_addr=inet_addr("127.0.0.1")}, [16]) = 6
17092 14:00:17.271994 write(4, "\1", 1) = 1
17094 14:00:17.272005 <... read resumed> "\1", 1) = 1
17094 14:00:17.272014 recvmsg(5,  <unfinished ...>
17092 14:00:17.272024 sendmsg(4, {msg_name(0)=NULL, msg_iov(1)=[{"\0", 1}], msg_controllen=16, {cmsg_len=16, cmsg_level=SOL_SOCKET, cmsg_type=SCM_RIGHTS, {6}}, msg_flags=0}, 0) = 1
17094 14:00:17.272041 <... recvmsg resumed> {msg_name(0)=NULL, msg_iov(1)=[{"\0", 1}], msg_controllen=16, {cmsg_len=16, cmsg_level=SOL_SOCKET, cmsg_type=SCM_RIGHTS, {6}}, msg_flags=0}, 0) = 1
17094 14:00:17.272054 setsockopt(6, SOL_SOCKET, SO_KEEPALIVE, [1], 4) = 0
17094 14:00:17.272066 setsockopt(6, SOL_IP, IP_TOS, [8], 4) = 0
17094 14:00:17.272078 setsockopt(6, SOL_SOCKET, SO_LINGER, {onoff=1, linger=32767}, 8) = 0
17094 14:00:17.272089 rt_sigaction(SIGALRM, {0x805cad0, ~[RTMIN RT_1], 0}, NULL, 8) = 0
17094 14:00:17.272102 alarm(300)        = 300
17094 14:00:17.272116 write(0, "150 Opening BINARY mode data connection for myfile37 (17 bytes).\r\n", 66) = 66
17094 14:00:17.272159 _llseek(4, 0, [0], SEEK_CUR) = 0
17094 14:00:17.272171 fstat64(4, {st_mode=S_IFREG|0644, st_size=17, ...}) = 0
17094 14:00:17.272188 _llseek(4, 0, [0], SEEK_SET) = 0
17094 14:00:17.272201 sendfile(6, 4, NULL, 17) = 17
17094 14:00:17.272255 rt_sigaction(SIGALRM, {0x805cad0, ~[RTMIN RT_1], 0}, NULL, 8) = 0
17094 14:00:17.272296 alarm(300)        = 300
17094 14:00:17.272307 close(6)          = 0
17094 14:00:17.272316 alarm(0)          = 300
17094 14:00:17.272325 gettimeofday({1495648817, 272329}, NULL) = 0
17094 14:00:17.272343 getpid()          = 17094
17094 14:00:17.272355 gettimeofday({1495648817, 272359}, NULL) = 0
17094 14:00:17.272372 fcntl64(3, F_SETLKW64, {type=F_WRLCK, whence=SEEK_SET, start=0, len=0}, 0xbfafc4a4) = 0
17094 14:00:17.272387 write(3, "Wed May 24 14:00:17 2017 [pid 17094] [msfadmin] OK DOWNLOAD: Client \"127.0.0.1\", \"/home/msfadmin/myfile37\", 17 bytes, 25.50Kbyte/sec\n", 133) = 133
17094 14:00:17.272411 fcntl64(3, F_SETLK64, {type=F_UNLCK, whence=SEEK_SET, start=0, len=0}, 0xbfafc4ac) = 0
17094 14:00:17.272426 write(0, "226 Transfer complete.\r\n", 24) = 24
17094 14:00:17.272442 write(5, "\n", 1) = 1
17094 14:00:17.272453 read(5,  <unfinished ...>
17092 14:00:17.272460 close(6)          = 0
17092 14:00:17.272539 read(4, "\n", 1)  = 1
17092 14:00:17.272552 close(5)          = 0
17092 14:00:17.272563 write(4, "\1", 1) = 1
17094 14:00:17.272574 <... read resumed> "\1", 1) = 1
17094 14:00:17.272581 close(4)          = 0
17094 14:00:17.272592 rt_sigaction(SIGALRM, {0x805cad0, ~[RTMIN RT_1], 0}, NULL, 8) = 0
17094 14:00:17.272605 alarm(300)        = 0
17094 14:00:17.272616 recv(0,  <unfinished ...>
17092 14:00:17.272624 read(4,  <unfinished ...>
17089 14:00:17.356434 <... recv resumed> "TYPE I\r\n", 4096, MSG_PEEK) = 8
17089 14:00:17.356464 read(0, "TYPE I\r\n", 8) = 8
17089 14:00:17.356487 write(0, "200 Switching to Binary mode.\r\n", 31) = 31
17089 14:00:17.356535 rt_sigaction(SIGALRM, {0x805cad0, ~[RTMIN RT_1], 0}, NULL, 8) = 0
17089 14:00:17.356553 alarm(300)        = 299
17089 14:00:17.356565 recv(0, "PASV\r\n", 4096, MSG_PEEK) = 6
17089 14:00:17.356577 read(0, "PASV\r\n", 6) = 6
17089 14:00:17.356589 write(5, "\n", 1 <unfinished ...>
17087 14:00:17.356602 <... read resumed> "\n", 1) = 1
17089 14:00:17.356607 <... write resumed> ) = 1
17087 14:00:17.356616 write(4, "\1", 1 <unfinished ...>
17089 14:00:17.356621 read(5,  <unfinished ...>
17087 14:00:17.356628 <... write resumed> ) = 1
17089 14:00:17.356632 <... read resumed> "\1", 1) = 1
17087 14:00:17.356640 read(4,  <unfinished ...>
17089 14:00:17.356644 write(5, "\f", 1 <unfinished ...>
17087 14:00:17.356652 <... read resumed> "\f", 1) = 1
17089 14:00:17.356656 <... write resumed> ) = 1
17087 14:00:17.356665 socket(PF_INET, SOCK_STREAM, IPPROTO_TCP <unfinished ...>
17089 14:00:17.356670 read(5,  <unfinished ...>
17087 14:00:17.356680 <... socket resumed> ) = 5
17087 14:00:17.356688 setsockopt(5, SOL_SOCKET, SO_REUSEADDR, [1], 4) = 0
17087 14:00:17.356703 bind(5, {sa_family=AF_INET, sin_port=htons(56509), sin_addr=inet_addr("127.0.0.1")}, 16) = 0
17087 14:00:17.356719 listen(5, 1)      = 0
17087 14:00:17.356733 write(4, "\275\334\0\0", 4 <unfinished ...>
17089 14:00:17.356742 <... read resumed> "\275\334\0\0", 4) = 4
17087 14:00:17.356747 <... write resumed> ) = 4
17089 14:00:17.356759 write(0, "227 Entering Passive Mode (127,0,0,1,220,189).\r\n", 48 <unfinished ...>
17087 14:00:17.356767 read(4,  <unfinished ...>
17089 14:00:17.356866 <... write resumed> ) = 48
17089 14:00:17.356879 rt_sigaction(SIGALRM, {0x805cad0, ~[RTMIN RT_1], 0}, NULL, 8) = 0
17089 14:00:17.356904 alarm(300)        = 300
17089 14:00:17.356916 recv(0, "STOR myfile31\r\n", 4096, MSG_PEEK) = 15
17089 14:00:17.356929 read(0, "STOR myfile31\r\n", 15) = 15
17089 14:00:17.356952 write(5, "\v", 1 <unfinished ...>
17087 14:00:17.356960 <... read resumed> "\v", 1) = 1
17089 14:00:17.356965 <... write resumed> ) = 1
17087 14:00:17.356971 write(4, "\1\0\0\0", 4) = 4
17087 14:00:17.356982 read(4,  <unfinished ...>
17089 14:00:17.356989 read(5, "\1\0\0\0", 4) = 4
17089 14:00:17.357000 gettimeofday({1495648817, 357004}, NULL) = 0
17089 14:00:17.357011 getcwd("/home/msfadmin", 4096) = 15
17089 14:00:17.357024 open("myfile31", O_WRONLY|O_CREAT|O_NONBLOCK|O_LARGEFILE, 0666) = 4
17089 14:00:17.357038 fstat64(4, {st_mode=S_IFREG|0644, st_size=17, ...}) = 0
17089 14:00:17.357056 fcntl64(4, F_GETFL) = 0x8801 (flags O_WRONLY|O_NONBLOCK|O_LARGEFILE)
17089 14:00:17.357067 fcntl64(4, F_SETFL, O_WRONLY|O_LARGEFILE) = 0
17089 14:00:17.357077 fcntl64(4, F_SETLKW64, {type=F_WRLCK, whence=SEEK_SET, start=0, len=0}, 0xbfecd8b4) = 0
17089 14:00:17.357091 ftruncate64(4, 0) = 0
17089 14:00:17.357111 _llseek(4, 0, [0], SEEK_SET) = 0
17089 14:00:17.357122 write(5, "\v", 1 <unfinished ...>
17087 14:00:17.357130 <... read resumed> "\v", 1) = 1
17089 14:00:17.357134 <... write resumed> ) = 1
17087 14:00:17.357140 write(4, "\1\0\0\0", 4) = 4
17087 14:00:17.357151 read(4,  <unfinished ...>
17089 14:00:17.357158 read(5, "\1\0\0\0", 4) = 4
17089 14:00:17.357176 write(5, "\v", 1 <unfinished ...>
17087 14:00:17.357183 <... read resumed> "\v", 1) = 1
17089 14:00:17.357188 <... write resumed> ) = 1
17087 14:00:17.357194 write(4, "\1\0\0\0", 4) = 4
17087 14:00:17.357204 read(4,  <unfinished ...>
17089 14:00:17.357211 read(5, "\1\0\0\0", 4) = 4
17089 14:00:17.357222 write(5, "\r", 1 <unfinished ...>
17087 14:00:17.357229 <... read resumed> "\r", 1) = 1
17089 14:00:17.357251 <... write resumed> ) = 1
17087 14:00:17.357260 select(6, [5], NULL, NULL, {60, 0}) = 1 (in [5], left {60, 0})
17087 14:00:17.357286 accept(5, {sa_family=AF_INET, sin_port=htons(52738), sin_addr=inet_addr("127.0.0.1")}, [16]) = 6
17087 14:00:17.357309 write(4, "\1", 1) = 1
17087 14:00:17.357322 sendmsg(4, {msg_name(0)=NULL, msg_iov(1)=[{"\0", 1}], msg_controllen=16, {cmsg_len=16, cmsg_level=SOL_SOCKET, cmsg_type=SCM_RIGHTS, {6}}, msg_flags=0}, 0) = 1
17087 14:00:17.357339 close(6)          = 0
17087 14:00:17.357348 read(4,  <unfinished ...>
17089 14:00:17.357355 read(5, "\1", 1)  = 1
17089 14:00:17.357368 recvmsg(5, {msg_name(0)=NULL, msg_iov(1)=[{"\0", 1}], msg_controllen=16, {cmsg_len=16, cmsg_level=SOL_SOCKET, cmsg_type=SCM_RIGHTS, {6}}, msg_flags=0}, 0) = 1
17089 14:00:17.357386 setsockopt(6, SOL_SOCKET, SO_KEEPALIVE, [1], 4) = 0
17089 14:00:17.357398 setsockopt(6, SOL_IP, IP_TOS, [8], 4) = 0
17089 14:00:17.357410 setsockopt(6, SOL_SOCKET, SO_LINGER, {onoff=1, linger=32767}, 8) = 0
17089 14:00:17.357421 rt_sigaction(SIGALRM, {0x805cad0, ~[RTMIN RT_1], 0}, NULL, 8) = 0
17089 14:00:17.357434 alarm(300)        = 300
17089 14:00:17.357447 write(0, "150 Ok to send data.\r\n", 22) = 22
17089 14:00:17.357514 read(6, "assasaaa\na\na\na\na\n", 65536) = 17
17089 14:00:17.357528 write(4, "assasaaa\na\na\na\na\n", 17) = 17
17089 14:00:17.357545 read(6, "", 65536) = 0
17089 14:00:17.357555 rt_sigaction(SIGALRM, {0x805cad0, ~[RTMIN RT_1], 0}, NULL, 8) = 0
17089 14:00:17.357569 alarm(300)        = 300
17089 14:00:17.357578 close(6)          = 0
17089 14:00:17.357595 alarm(0)          = 300
17089 14:00:17.357605 gettimeofday({1495648817, 357608}, NULL) = 0
17089 14:00:17.357620 gettimeofday({1495648817, 357624}, NULL) = 0
17089 14:00:17.357634 fcntl64(3, F_SETLKW64, {type=F_WRLCK, whence=SEEK_SET, start=0, len=0}, 0xbfecd854) = 0
17089 14:00:17.357649 write(3, "Wed May 24 14:00:17 2017 [pid 17089] [msfadmin] OK UPLOAD: Client \"127.0.0.1\", \"/home/msfadmin/myfile31\", 17 bytes, 26.78Kbyte/sec\n", 131) = 131
17089 14:00:17.357670 fcntl64(3, F_SETLK64, {type=F_UNLCK, whence=SEEK_SET, start=0, len=0}, 0xbfecd85c) = 0
17089 14:00:17.357684 write(0, "226 Transfer complete.\r\n", 24) = 24
17089 14:00:17.357727 write(5, "\n", 1 <unfinished ...>
17087 14:00:17.357736 <... read resumed> "\n", 1) = 1
17089 14:00:17.357751 <... write resumed> ) = 1
17087 14:00:17.357757 close(5)          = 0
17087 14:00:17.357769 write(4, "\1", 1) = 1
17087 14:00:17.357781 read(4,  <unfinished ...>
17089 14:00:17.357788 read(5, "\1", 1)  = 1
17089 14:00:17.357808 close(4)          = 0
17089 14:00:17.357819 rt_sigaction(SIGALRM, {0x805cad0, ~[RTMIN RT_1], 0}, NULL, 8) = 0
17089 14:00:17.357832 alarm(300)        = 0
17089 14:00:17.357843 recv(0,  <unfinished ...>
17094 14:00:17.847197 <... recv resumed> "USER msfadmin\r\n", 4096, MSG_PEEK) = 15
17094 14:00:17.847289 read(0, "USER msfadmin\r\n", 15) = 15
17094 14:00:17.847363 write(0, "331 Any password will do.\r\n", 27) = 27
17094 14:00:17.847441 rt_sigaction(SIGALRM, {0x805cad0, ~[RTMIN RT_1], 0}, NULL, 8) = 0
17094 14:00:17.847471 alarm(300)        = 299
17094 14:00:17.847494 recv(0, "PASS msfadmin\r\n", 4096, MSG_PEEK) = 15
17094 14:00:17.847506 read(0, "PASS msfadmin\r\n", 15) = 15
17094 14:00:17.847522 write(0, "230 Already logged in.\r\n", 24) = 24
17094 14:00:17.847585 rt_sigaction(SIGALRM, {0x805cad0, ~[RTMIN RT_1], 0}, NULL, 8) = 0
17094 14:00:17.847600 alarm(300)        = 300
17094 14:00:17.847612 recv(0, "TYPE I\r\n", 4096, MSG_PEEK) = 8
17094 14:00:17.847623 read(0, "TYPE I\r\n", 8) = 8
17094 14:00:17.847638 write(0, "200 Switching to Binary mode.\r\n", 31) = 31
17094 14:00:17.847681 rt_sigaction(SIGALRM, {0x805cad0, ~[RTMIN RT_1], 0}, NULL, 8) = 0
17094 14:00:17.847696 alarm(300)        = 300
17094 14:00:17.847707 recv(0, "PASV\r\n", 4096, MSG_PEEK) = 6
17094 14:00:17.847718 read(0, "PASV\r\n", 6) = 6
17094 14:00:17.847730 write(5, "\n", 1) = 1
17094 14:00:17.847742 read(5,  <unfinished ...>
17092 14:00:17.847751 <... read resumed> "\n", 1) = 1
17092 14:00:17.847760 write(4, "\1", 1) = 1
17094 14:00:17.847771 <... read resumed> "\1", 1) = 1
17094 14:00:17.847778 write(5, "\f", 1) = 1
17094 14:00:17.847788 read(5,  <unfinished ...>
17092 14:00:17.847795 read(4, "\f", 1)  = 1
17092 14:00:17.847807 socket(PF_INET, SOCK_STREAM, IPPROTO_TCP) = 5
17092 14:00:17.847823 setsockopt(5, SOL_SOCKET, SO_REUSEADDR, [1], 4) = 0
17092 14:00:17.847837 bind(5, {sa_family=AF_INET, sin_port=htons(32895), sin_addr=inet_addr("127.0.0.1")}, 16) = 0
17092 14:00:17.847854 listen(5, 1)      = 0
17092 14:00:17.847867 write(4, "\177\200\0\0", 4) = 4
17094 14:00:17.847879 <... read resumed> "\177\200\0\0", 4) = 4
17094 14:00:17.847891 write(0, "227 Entering Passive Mode (127,0,0,1,128,127).\r\n", 48) = 48
17094 14:00:17.848006 rt_sigaction(SIGALRM, {0x805cad0, ~[RTMIN RT_1], 0}, NULL, 8) = 0
17094 14:00:17.848023 alarm(300)        = 300
17094 14:00:17.848066 recv(0, "RETR myfile38\r\n", 4096, MSG_PEEK) = 15
17094 14:00:17.848081 read(0, "RETR myfile38\r\n", 15) = 15
17094 14:00:17.848104 write(5, "\v", 1) = 1
17094 14:00:17.848115 read(5,  <unfinished ...>
17092 14:00:17.848122 read(4, "\v", 1)  = 1
17092 14:00:17.848133 write(4, "\1\0\0\0", 4) = 4
17094 14:00:17.848144 <... read resumed> "\1\0\0\0", 4) = 4
17094 14:00:17.848152 gettimeofday({1495648817, 848155}, NULL) = 0
17094 14:00:17.848163 getcwd("/home/msfadmin", 4096) = 15
17094 14:00:17.848176 open("myfile38", O_RDONLY|O_NONBLOCK|O_LARGEFILE) = 4
17094 14:00:17.848189 fcntl64(4, F_SETLKW64, {type=F_RDLCK, whence=SEEK_SET, start=0, len=0}, 0xbfafc504) = 0
17094 14:00:17.848205 fstat64(4, {st_mode=S_IFREG|0644, st_size=17, ...}) = 0
17094 14:00:17.848222 fcntl64(4, F_GETFL) = 0x8800 (flags O_RDONLY|O_NONBLOCK|O_LARGEFILE)
17094 14:00:17.848233 fcntl64(4, F_SETFL, O_RDONLY|O_LARGEFILE) = 0
17094 14:00:17.848244 write(5, "\v", 1) = 1
17094 14:00:17.848255 read(5,  <unfinished ...>
17092 14:00:17.848262 read(4, "\v", 1)  = 1
17092 14:00:17.848273 write(4, "\1\0\0\0", 4) = 4
17094 14:00:17.848283 <... read resumed> "\1\0\0\0", 4) = 4
17094 14:00:17.848290 write(5, "\v", 1) = 1
17094 14:00:17.848300 read(5,  <unfinished ...>
17092 14:00:17.848307 read(4, "\v", 1)  = 1
17092 14:00:17.848317 write(4, "\1\0\0\0", 4) = 4
17094 14:00:17.848328 <... read resumed> "\1\0\0\0", 4) = 4
17094 14:00:17.848335 write(5, "\r", 1) = 1
17094 14:00:17.848345 read(5,  <unfinished ...>
17092 14:00:17.848352 read(4, "\r", 1)  = 1
17092 14:00:17.848363 select(6, [5], NULL, NULL, {60, 0}) = 1 (in [5], left {60, 0})
17092 14:00:17.848380 accept(5, {sa_family=AF_INET, sin_port=htons(45547), sin_addr=inet_addr("127.0.0.1")}, [16]) = 6
17092 14:00:17.848402 write(4, "\1", 1) = 1
17094 14:00:17.848413 <... read resumed> "\1", 1) = 1
17094 14:00:17.848421 recvmsg(5,  <unfinished ...>
17092 14:00:17.848430 sendmsg(4, {msg_name(0)=NULL, msg_iov(1)=[{"\0", 1}], msg_controllen=16, {cmsg_len=16, cmsg_level=SOL_SOCKET, cmsg_type=SCM_RIGHTS, {6}}, msg_flags=0}, 0) = 1
17094 14:00:17.848447 <... recvmsg resumed> {msg_name(0)=NULL, msg_iov(1)=[{"\0", 1}], msg_controllen=16, {cmsg_len=16, cmsg_level=SOL_SOCKET, cmsg_type=SCM_RIGHTS, {6}}, msg_flags=0}, 0) = 1
17094 14:00:17.848460 setsockopt(6, SOL_SOCKET, SO_KEEPALIVE, [1], 4) = 0
17094 14:00:17.848473 setsockopt(6, SOL_IP, IP_TOS, [8], 4) = 0
17094 14:00:17.848484 setsockopt(6, SOL_SOCKET, SO_LINGER, {onoff=1, linger=32767}, 8) = 0
17094 14:00:17.848495 rt_sigaction(SIGALRM, {0x805cad0, ~[RTMIN RT_1], 0}, NULL, 8) = 0
17094 14:00:17.848509 alarm(300)        = 300
17094 14:00:17.848522 write(0, "150 Opening BINARY mode data connection for myfile38 (17 bytes).\r\n", 66) = 66
17094 14:00:17.848564 _llseek(4, 0, [0], SEEK_CUR) = 0
17094 14:00:17.848581 fstat64(4, {st_mode=S_IFREG|0644, st_size=17, ...}) = 0
17094 14:00:17.848599 _llseek(4, 0, [0], SEEK_SET) = 0
17094 14:00:17.848609 sendfile(6, 4, NULL, 17) = 17
17094 14:00:17.848640 rt_sigaction(SIGALRM, {0x805cad0, ~[RTMIN RT_1], 0}, NULL, 8) = 0
17094 14:00:17.848654 alarm(300)        = 300
17094 14:00:17.848664 close(6)          = 0
17094 14:00:17.848673 alarm(0)          = 300
17094 14:00:17.848683 gettimeofday({1495648817, 848687}, NULL) = 0
17094 14:00:17.848698 gettimeofday({1495648817, 848702}, NULL) = 0
17094 14:00:17.848712 fcntl64(3, F_SETLKW64, {type=F_WRLCK, whence=SEEK_SET, start=0, len=0}, 0xbfafc4a4) = 0
17094 14:00:17.848726 write(3, "Wed May 24 14:00:17 2017 [pid 17094] [msfadmin] OK DOWNLOAD: Client \"127.0.0.1\", \"/home/msfadmin/myfile38\", 17 bytes, 30.35Kbyte/sec\n", 133) = 133
17094 14:00:17.848748 fcntl64(3, F_SETLK64, {type=F_UNLCK, whence=SEEK_SET, start=0, len=0}, 0xbfafc4ac) = 0
17094 14:00:17.848762 write(0, "226 Transfer complete.\r\n", 24) = 24
17094 14:00:17.848777 write(5, "\n", 1) = 1
17094 14:00:17.848802 read(5,  <unfinished ...>
17092 14:00:17.848813 close(6)          = 0
17092 14:00:17.848899 read(4, "\n", 1)  = 1
17092 14:00:17.848913 close(5)          = 0
17092 14:00:17.848924 write(4, "\1", 1) = 1
17094 14:00:17.848935 <... read resumed> "\1", 1) = 1
17094 14:00:17.848942 close(4)          = 0
17094 14:00:17.848953 rt_sigaction(SIGALRM, {0x805cad0, ~[RTMIN RT_1], 0}, NULL, 8) = 0
17094 14:00:17.848967 alarm(300)        = 0
17094 14:00:17.848978 recv(0,  <unfinished ...>
17092 14:00:17.848986 read(4,  <unfinished ...>
17089 14:00:17.876511 <... recv resumed> "TYPE I\r\n", 4096, MSG_PEEK) = 8
17089 14:00:17.876542 read(0, "TYPE I\r\n", 8) = 8
17089 14:00:17.876565 write(0, "200 Switching to Binary mode.\r\n", 31) = 31
17089 14:00:17.876614 rt_sigaction(SIGALRM, {0x805cad0, ~[RTMIN RT_1], 0}, NULL, 8) = 0
17089 14:00:17.876632 alarm(300)        = 299
17089 14:00:17.876645 recv(0, "PASV\r\n", 4096, MSG_PEEK) = 6
17089 14:00:17.876656 read(0, "PASV\r\n", 6) = 6
17089 14:00:17.876668 write(5, "\n", 1 <unfinished ...>
17087 14:00:17.876680 <... read resumed> "\n", 1) = 1
17089 14:00:17.876685 <... write resumed> ) = 1
17087 14:00:17.876693 write(4, "\1", 1 <unfinished ...>
17089 14:00:17.876699 read(5,  <unfinished ...>
17087 14:00:17.876705 <... write resumed> ) = 1
17089 14:00:17.876709 <... read resumed> "\1", 1) = 1
17087 14:00:17.876717 read(4,  <unfinished ...>
17089 14:00:17.876722 write(5, "\f", 1 <unfinished ...>
17087 14:00:17.876729 <... read resumed> "\f", 1) = 1
17089 14:00:17.876734 <... write resumed> ) = 1
17087 14:00:17.876742 socket(PF_INET, SOCK_STREAM, IPPROTO_TCP <unfinished ...>
17089 14:00:17.876747 read(5,  <unfinished ...>
17087 14:00:17.876756 <... socket resumed> ) = 5
17087 14:00:17.876764 setsockopt(5, SOL_SOCKET, SO_REUSEADDR, [1], 4) = 0
17087 14:00:17.876779 bind(5, {sa_family=AF_INET, sin_port=htons(41414), sin_addr=inet_addr("127.0.0.1")}, 16) = 0
17087 14:00:17.876795 listen(5, 1)      = 0
17087 14:00:17.876809 write(4, "\306\241\0\0", 4 <unfinished ...>
17089 14:00:17.876818 <... read resumed> "\306\241\0\0", 4) = 4
17087 14:00:17.876823 <... write resumed> ) = 4
17089 14:00:17.876834 write(0, "227 Entering Passive Mode (127,0,0,1,161,198).\r\n", 48 <unfinished ...>
17087 14:00:17.876843 read(4,  <unfinished ...>
17089 14:00:17.876947 <... write resumed> ) = 48
17089 14:00:17.876959 rt_sigaction(SIGALRM, {0x805cad0, ~[RTMIN RT_1], 0}, NULL, 8) = 0
17089 14:00:17.876974 alarm(300)        = 300
17089 14:00:17.876986 recv(0, "STOR myfile32\r\n", 4096, MSG_PEEK) = 15
17089 14:00:17.876998 read(0, "STOR myfile32\r\n", 15) = 15
17089 14:00:17.877011 write(5, "\v", 1 <unfinished ...>
17087 14:00:17.877019 <... read resumed> "\v", 1) = 1
17089 14:00:17.877024 <... write resumed> ) = 1
17087 14:00:17.877031 write(4, "\1\0\0\0", 4 <unfinished ...>
17089 14:00:17.877037 read(5,  <unfinished ...>
17087 14:00:17.877043 <... write resumed> ) = 4
17089 14:00:17.877047 <... read resumed> "\1\0\0\0", 4) = 4
17087 14:00:17.877055 read(4,  <unfinished ...>
17089 14:00:17.877068 gettimeofday({1495648817, 877072}, NULL) = 0
17089 14:00:17.877080 getcwd("/home/msfadmin", 4096) = 15
17089 14:00:17.877092 open("myfile32", O_WRONLY|O_CREAT|O_NONBLOCK|O_LARGEFILE, 0666) = 4
17089 14:00:17.877107 fstat64(4, {st_mode=S_IFREG|0644, st_size=17, ...}) = 0
17089 14:00:17.877125 fcntl64(4, F_GETFL) = 0x8801 (flags O_WRONLY|O_NONBLOCK|O_LARGEFILE)
17089 14:00:17.877136 fcntl64(4, F_SETFL, O_WRONLY|O_LARGEFILE) = 0
17089 14:00:17.877146 fcntl64(4, F_SETLKW64, {type=F_WRLCK, whence=SEEK_SET, start=0, len=0}, 0xbfecd8b4) = 0
17089 14:00:17.877160 ftruncate64(4, 0) = 0
17089 14:00:17.877179 _llseek(4, 0, [0], SEEK_SET) = 0
17089 14:00:17.877190 write(5, "\v", 1 <unfinished ...>
17087 14:00:17.877198 <... read resumed> "\v", 1) = 1
17089 14:00:17.877203 <... write resumed> ) = 1
17087 14:00:17.877210 write(4, "\1\0\0\0", 4 <unfinished ...>
17089 14:00:17.877215 read(5,  <unfinished ...>
17087 14:00:17.877221 <... write resumed> ) = 4
17089 14:00:17.877225 <... read resumed> "\1\0\0\0", 4) = 4
17087 14:00:17.877233 read(4,  <unfinished ...>
17089 14:00:17.877238 write(5, "\v", 1 <unfinished ...>
17087 14:00:17.877245 <... read resumed> "\v", 1) = 1
17089 14:00:17.877249 <... write resumed> ) = 1
17087 14:00:17.877256 write(4, "\1\0\0\0", 4 <unfinished ...>
17089 14:00:17.877277 read(5,  <unfinished ...>
17087 14:00:17.877288 <... write resumed> ) = 4
17089 14:00:17.877294 <... read resumed> "\1\0\0\0", 4) = 4
17087 14:00:17.877308 read(4,  <unfinished ...>
17089 14:00:17.877323 write(5, "\r", 1 <unfinished ...>
17087 14:00:17.877330 <... read resumed> "\r", 1) = 1
17089 14:00:17.877335 <... write resumed> ) = 1
17087 14:00:17.877343 select(6, [5], NULL, NULL, {60, 0} <unfinished ...>
17089 14:00:17.877350 read(5,  <unfinished ...>
17087 14:00:17.877357 <... select resumed> ) = 1 (in [5], left {60, 0})
17087 14:00:17.877367 accept(5, {sa_family=AF_INET, sin_port=htons(45078), sin_addr=inet_addr("127.0.0.1")}, [16]) = 6
17087 14:00:17.877390 write(4, "\1", 1 <unfinished ...>
17089 14:00:17.877398 <... read resumed> "\1", 1) = 1
17087 14:00:17.877402 <... write resumed> ) = 1
17089 14:00:17.877411 recvmsg(5,  <unfinished ...>
17087 14:00:17.877417 sendmsg(4, {msg_name(0)=NULL, msg_iov(1)=[{"\0", 1}], msg_controllen=16, {cmsg_len=16, cmsg_level=SOL_SOCKET, cmsg_type=SCM_RIGHTS, {6}}, msg_flags=0}, 0 <unfinished ...>
17089 14:00:17.877431 <... recvmsg resumed> {msg_name(0)=NULL, msg_iov(1)=[{"\0", 1}], msg_controllen=16, {cmsg_len=16, cmsg_level=SOL_SOCKET, cmsg_type=SCM_RIGHTS, {6}}, msg_flags=0}, 0) = 1
17087 14:00:17.877441 <... sendmsg resumed> ) = 1
17089 14:00:17.877449 setsockopt(6, SOL_SOCKET, SO_KEEPALIVE, [1], 4 <unfinished ...>
17087 14:00:17.877454 close(6 <unfinished ...>
17089 14:00:17.877461 <... setsockopt resumed> ) = 0
17087 14:00:17.877465 <... close resumed> ) = 0
17089 14:00:17.877473 setsockopt(6, SOL_IP, IP_TOS, [8], 4 <unfinished ...>
17087 14:00:17.877478 read(4,  <unfinished ...>
17089 14:00:17.877484 <... setsockopt resumed> ) = 0
17089 14:00:17.877492 setsockopt(6, SOL_SOCKET, SO_LINGER, {onoff=1, linger=32767}, 8) = 0
17089 14:00:17.877503 rt_sigaction(SIGALRM, {0x805cad0, ~[RTMIN RT_1], 0}, NULL, 8) = 0
17089 14:00:17.877517 alarm(300)        = 300
17089 14:00:17.877529 write(0, "150 Ok to send data.\r\n", 22) = 22
17089 14:00:17.877596 read(6, "assasaaa\na\na\na\na\n", 65536) = 17
17089 14:00:17.877611 write(4, "assasaaa\na\na\na\na\n", 17) = 17
17089 14:00:17.877627 read(6, "", 65536) = 0
17089 14:00:17.877637 rt_sigaction(SIGALRM, {0x805cad0, ~[RTMIN RT_1], 0}, NULL, 8) = 0
17089 14:00:17.877651 alarm(300)        = 300
17089 14:00:17.877661 close(6)          = 0
17089 14:00:17.877678 alarm(0)          = 300
17089 14:00:17.877687 gettimeofday({1495648817, 877691}, NULL) = 0
17089 14:00:17.877703 gettimeofday({1495648817, 877706}, NULL) = 0
17089 14:00:17.877717 fcntl64(3, F_SETLKW64, {type=F_WRLCK, whence=SEEK_SET, start=0, len=0}, 0xbfecd854) = 0
17089 14:00:17.877731 write(3, "Wed May 24 14:00:17 2017 [pid 17089] [msfadmin] OK UPLOAD: Client \"127.0.0.1\", \"/home/msfadmin/myfile32\", 17 bytes, 26.19Kbyte/sec\n", 131) = 131
17089 14:00:17.877758 fcntl64(3, F_SETLK64, {type=F_UNLCK, whence=SEEK_SET, start=0, len=0}, 0xbfecd85c) = 0
17089 14:00:17.877773 write(0, "226 Transfer complete.\r\n", 24) = 24
17089 14:00:17.877816 write(5, "\n", 1 <unfinished ...>
17087 14:00:17.877826 <... read resumed> "\n", 1) = 1
17089 14:00:17.877831 <... write resumed> ) = 1
17087 14:00:17.877837 close(5)          = 0
17087 14:00:17.877848 write(4, "\1", 1) = 1
17087 14:00:17.877859 read(4,  <unfinished ...>
17089 14:00:17.877866 read(5, "\1", 1)  = 1
17089 14:00:17.877877 close(4)          = 0
17089 14:00:17.877888 rt_sigaction(SIGALRM, {0x805cad0, ~[RTMIN RT_1], 0}, NULL, 8) = 0
17089 14:00:17.877901 alarm(300)        = 0
17089 14:00:17.877912 recv(0,  <unfinished ...>
