24289 15:18:10.075970 connect(4, {sa_family=AF_FILE, path="/var/run/nscd/socket"}, 110) = -1 ENOENT (No such file or directory)
24289 15:18:10.075987 close(4)          = 0
24289 15:18:10.076012 open("/etc/group", O_RDONLY|0x80000 /* O_??? */) = 4
24289 15:18:10.076027 _llseek(4, 0, [0], SEEK_CUR) = 0
24289 15:18:10.076037 fstat64(4, {st_mode=S_IFREG|0644, st_size=886, ...}) = 0
24289 15:18:10.076054 mmap2(NULL, 886, PROT_READ, MAP_SHARED, 4, 0) = 0xb7f6d000
24289 15:18:10.076065 _llseek(4, 886, [886], SEEK_SET) = 0
24289 15:18:10.076089 fstat64(4, {st_mode=S_IFREG|0644, st_size=886, ...}) = 0
24289 15:18:10.076107 munmap(0xb7f6d000, 886) = 0
24289 15:18:10.076117 close(4)          = 0
24289 15:18:10.076127 setgroups32(13, [1000, 4, 20, 24, 25, 29, 30, 44, 46, 107, 111, 112, 119]) = 0
24289 15:18:10.076143 geteuid32()       = 0
24289 15:18:10.076154 getegid32()       = 0
24289 15:18:10.076165 setregid32(-1, 1000) = 0
24289 15:18:10.076175 setreuid32(-1, 1000) = 0
24289 15:18:10.076186 chdir("/home/msfadmin") = 0
24289 15:18:10.076198 setreuid32(-1, 0) = 0
24289 15:18:10.076207 setregid32(-1, 0) = 0
24289 15:18:10.076217 setgid32(1000)    = 0
24289 15:18:10.076227 setuid32(1000)    = 0
24289 15:18:10.076237 setrlimit(RLIMIT_NPROC, {rlim_cur=0, rlim_max=0}) = 0
24289 15:18:10.076250 mmap2(NULL, 12288, PROT_READ|PROT_WRITE, MAP_PRIVATE|MAP_ANONYMOUS, -1, 0) = 0xb7f6b000
24289 15:18:10.076262 mprotect(0xb7f6d000, 4096, PROT_NONE) = 0
24289 15:18:10.076274 mprotect(0xb7f6b000, 4096, PROT_NONE) = 0
24289 15:18:10.076285 getcwd("/home/msfadmin", 4096) = 15
24289 15:18:10.076298 umask(022)        = 077
24289 15:18:10.076308 getcwd("/home/msfadmin", 4096) = 15
24289 15:18:10.076321 open(".message", O_RDONLY|O_NONBLOCK|O_LARGEFILE) = -1 ENOENT (No such file or directory)
24289 15:18:10.076347 write(0, "230 Login successful.\r\n", 23) = 23
24289 15:18:10.076427 rt_sigaction(SIGALRM, {0x805cad0, ~[RTMIN RT_1], 0}, NULL, 8) = 0
24289 15:18:10.076444 alarm(300)        = 0
24289 15:18:10.076455 mmap2(NULL, 12288, PROT_READ|PROT_WRITE, MAP_PRIVATE|MAP_ANONYMOUS, -1, 0) = 0xb7f68000
24289 15:18:10.076467 mprotect(0xb7f6a000, 4096, PROT_NONE) = 0
24289 15:18:10.076478 mprotect(0xb7f68000, 4096, PROT_NONE) = 0
24289 15:18:10.076491 recv(0, "TYPE I\r\n", 4096, MSG_PEEK) = 8
24289 15:18:10.076503 read(0, "TYPE I\r\n", 8) = 8
24289 15:18:10.076520 write(0, "200 Switching to Binary mode.\r\n", 31) = 31
24289 15:18:10.076587 rt_sigaction(SIGALRM, {0x805cad0, ~[RTMIN RT_1], 0}, NULL, 8) = 0
24289 15:18:10.076602 alarm(300)        = 300
24289 15:18:10.076613 recv(0, "PASV\r\n", 4096, MSG_PEEK) = 6
24289 15:18:10.076625 read(0, "PASV\r\n", 6) = 6
24289 15:18:10.076637 write(5, "\n", 1) = 1
24289 15:18:10.076648 read(5,  <unfinished ...>
24287 15:18:10.076660 close(5)          = 0
24287 15:18:10.076673 getuid32()        = 0
24287 15:18:10.076688 open("/etc/passwd", O_RDONLY|0x80000 /* O_??? */) = 5
24287 15:18:10.076702 _llseek(5, 0, [0], SEEK_CUR) = 0
24287 15:18:10.076715 fstat64(5, {st_mode=S_IFREG|0644, st_size=1624, ...}) = 0
24287 15:18:10.076732 mmap2(NULL, 1624, PROT_READ, MAP_SHARED, 5, 0) = 0xb7f6d000
24287 15:18:10.076744 _llseek(5, 1624, [1624], SEEK_SET) = 0
24287 15:18:10.076761 munmap(0xb7f6d000, 1624) = 0
24287 15:18:10.076773 close(5)          = 0
24287 15:18:10.076788 setgroups32(0, []) = 0
24287 15:18:10.076800 chdir("/usr/share/empty") = 0
24287 15:18:10.076812 chroot(".")       = 0
24287 15:18:10.076823 capset(NULL, NULL) = -1 EFAULT (Bad address)
24287 15:18:10.076837 prctl(0x8, 0, 0xbf8cd368, 0x80549a6, 0xbf8cd350) = 0
24287 15:18:10.076848 prctl(0x8, 0x1, 0xbf8cd368, 0x8054a49, 0xbf8cd350) = 0
24287 15:18:10.076858 setgid32(65534)   = 0
24287 15:18:10.076867 setuid32(65534)   = 0
24287 15:18:10.076877 capset(0x19980330, 0, {CAP_NET_BIND_SERVICE, CAP_NET_BIND_SERVICE, 0}) = 0
24287 15:18:10.076890 read(4, "\n", 1)  = 1
24287 15:18:10.076903 write(4, "\1", 1) = 1
24289 15:18:10.076914 <... read resumed> "\1", 1) = 1
24289 15:18:10.076921 write(5, "\f", 1) = 1
24289 15:18:10.076931 read(5,  <unfinished ...>
24287 15:18:10.076938 read(4, "\f", 1)  = 1
24287 15:18:10.076951 socket(PF_INET, SOCK_STREAM, IPPROTO_TCP) = 5
24287 15:18:10.076964 setsockopt(5, SOL_SOCKET, SO_REUSEADDR, [1], 4) = 0
24287 15:18:10.076976 gettimeofday({1495653490, 76979}, NULL) = 0
24287 15:18:10.076992 bind(5, {sa_family=AF_INET, sin_port=htons(22976), sin_addr=inet_addr("127.0.0.1")}, 16) = 0
24287 15:18:10.077008 listen(5, 1)      = 0
24287 15:18:10.077020 write(4, "\300Y\0\0", 4) = 4
24289 15:18:10.077031 <... read resumed> "\300Y\0\0", 4) = 4
24289 15:18:10.077042 write(0, "227 Entering Passive Mode (127,0,0,1,89,192).\r\n", 47) = 47
24289 15:18:10.077071 rt_sigaction(SIGALRM, {0x805cad0, ~[RTMIN RT_1], 0}, NULL, 8) = 0
24289 15:18:10.077087 alarm(300)        = 300
24289 15:18:10.077099 recv(0, "STOR myfile38\r\n", 4096, MSG_PEEK) = 15
24289 15:18:10.077111 read(0, "STOR myfile38\r\n", 15) = 15
24289 15:18:10.077126 write(5, "\v", 1) = 1
24289 15:18:10.077137 read(5,  <unfinished ...>
24287 15:18:10.077145 read(4, "\v", 1)  = 1
24287 15:18:10.077156 write(4, "\1\0\0\0", 4) = 4
24289 15:18:10.077167 <... read resumed> "\1\0\0\0", 4) = 4
24289 15:18:10.077175 gettimeofday({1495653490, 77179}, NULL) = 0
24289 15:18:10.077186 getcwd("/home/msfadmin", 4096) = 15
24289 15:18:10.077199 open("myfile38", O_WRONLY|O_CREAT|O_NONBLOCK|O_LARGEFILE, 0666) = 4
24289 15:18:10.077212 fstat64(4, {st_mode=S_IFREG|0644, st_size=17, ...}) = 0
24289 15:18:10.077229 fcntl64(4, F_GETFL) = 0x8801 (flags O_WRONLY|O_NONBLOCK|O_LARGEFILE)
24289 15:18:10.077240 fcntl64(4, F_SETFL, O_WRONLY|O_LARGEFILE) = 0
24289 15:18:10.077250 fcntl64(4, F_SETLKW64, {type=F_WRLCK, whence=SEEK_SET, start=0, len=0}, 0xbf8cd2b4) = 0
24289 15:18:10.077265 ftruncate64(4, 0) = 0
24289 15:18:10.077285 _llseek(4, 0, [0], SEEK_SET) = 0
24289 15:18:10.077300 write(5, "\v", 1) = 1
24289 15:18:10.077311 read(5,  <unfinished ...>
24287 15:18:10.077318 read(4, "\v", 1)  = 1
24287 15:18:10.077329 write(4, "\1\0\0\0", 4) = 4
24289 15:18:10.077340 <... read resumed> "\1\0\0\0", 4) = 4
24289 15:18:10.077347 write(5, "\v", 1) = 1
24289 15:18:10.077357 read(5,  <unfinished ...>
24287 15:18:10.077364 read(4, "\v", 1)  = 1
24287 15:18:10.077375 write(4, "\1\0\0\0", 4) = 4
24289 15:18:10.077385 <... read resumed> "\1\0\0\0", 4) = 4
24289 15:18:10.077420 write(5, "\r", 1) = 1
24289 15:18:10.077439 read(5,  <unfinished ...>
24287 15:18:10.077450 read(4, "\r", 1)  = 1
24287 15:18:10.077473 select(6, [5], NULL, NULL, {60, 0}) = 1 (in [5], left {60, 0})
24287 15:18:10.077490 accept(5, {sa_family=AF_INET, sin_port=htons(38932), sin_addr=inet_addr("127.0.0.1")}, [16]) = 6
24287 15:18:10.077512 write(4, "\1", 1) = 1
24289 15:18:10.077523 <... read resumed> "\1", 1) = 1
24289 15:18:10.077532 recvmsg(5,  <unfinished ...>
24287 15:18:10.077541 sendmsg(4, {msg_name(0)=NULL, msg_iov(1)=[{"\0", 1}], msg_controllen=16, {cmsg_len=16, cmsg_level=SOL_SOCKET, cmsg_type=SCM_RIGHTS, {6}}, msg_flags=0}, 0) = 1
24289 15:18:10.077559 <... recvmsg resumed> {msg_name(0)=NULL, msg_iov(1)=[{"\0", 1}], msg_controllen=16, {cmsg_len=16, cmsg_level=SOL_SOCKET, cmsg_type=SCM_RIGHTS, {6}}, msg_flags=0}, 0) = 1
24289 15:18:10.077572 setsockopt(6, SOL_SOCKET, SO_KEEPALIVE, [1], 4) = 0
24289 15:18:10.077584 setsockopt(6, SOL_IP, IP_TOS, [8], 4) = 0
24289 15:18:10.077596 setsockopt(6, SOL_SOCKET, SO_LINGER, {onoff=1, linger=32767}, 8) = 0
24289 15:18:10.077607 rt_sigaction(SIGALRM, {0x805cad0, ~[RTMIN RT_1], 0}, NULL, 8) = 0
24289 15:18:10.077620 alarm(300)        = 300
24289 15:18:10.077633 write(0, "150 Ok to send data.\r\n", 22) = 22
24289 15:18:10.077698 mmap2(NULL, 77824, PROT_READ|PROT_WRITE, MAP_PRIVATE|MAP_ANONYMOUS, -1, 0) = 0xb7da2000
24289 15:18:10.077712 mprotect(0xb7db4000, 4096, PROT_NONE) = 0
24289 15:18:10.077723 mprotect(0xb7da2000, 4096, PROT_NONE) = 0
24289 15:18:10.077733 read(6, "assasaaa\na\na\na\na\n", 65536) = 17
24289 15:18:10.077747 write(4, "assasaaa\na\na\na\na\n", 17) = 17
24289 15:18:10.077762 read(6, "", 65536) = 0
24289 15:18:10.077773 rt_sigaction(SIGALRM, {0x805cad0, ~[RTMIN RT_1], 0}, NULL, 8) = 0
24289 15:18:10.077786 alarm(300)        = 300
24289 15:18:10.077796 close(6)          = 0
24289 15:18:10.077805 alarm(0)          = 300
24289 15:18:10.077815 gettimeofday({1495653490, 77819}, NULL) = 0
24289 15:18:10.077832 getpid()          = 24289
24289 15:18:10.077844 gettimeofday({1495653490, 77848}, NULL) = 0
24289 15:18:10.077861 fcntl64(3, F_SETLKW64, {type=F_WRLCK, whence=SEEK_SET, start=0, len=0}, 0xbf8cd254) = 0
24289 15:18:10.077876 write(3, "Wed May 24 15:18:10 2017 [pid 24289] [msfadmin] OK UPLOAD: Client \"127.0.0.1\", \"/home/msfadmin/myfile38\", 17 bytes, 24.82Kbyte/sec\n", 131) = 131
24289 15:18:10.077896 fcntl64(3, F_SETLK64, {type=F_UNLCK, whence=SEEK_SET, start=0, len=0}, 0xbf8cd25c) = 0
24289 15:18:10.077910 write(0, "226 Transfer complete.\r\n", 24) = 24
24289 15:18:10.077951 write(5, "\n", 1) = 1
24289 15:18:10.077963 read(5,  <unfinished ...>
24287 15:18:10.077970 close(6)          = 0
24287 15:18:10.077988 read(4, "\n", 1)  = 1
24287 15:18:10.078000 close(5)          = 0
24287 15:18:10.078010 write(4, "\1", 1) = 1
24289 15:18:10.078021 <... read resumed> "\1", 1) = 1
24289 15:18:10.078028 close(4)          = 0
24289 15:18:10.078039 rt_sigaction(SIGALRM, {0x805cad0, ~[RTMIN RT_1], 0}, NULL, 8) = 0
24289 15:18:10.078052 alarm(300)        = 0
24289 15:18:10.078063 recv(0,  <unfinished ...>
24287 15:18:10.078070 read(4,  <unfinished ...>
24289 15:18:10.616173 <... recv resumed> "TYPE I\r\n", 4096, MSG_PEEK) = 8
24289 15:18:10.616282 read(0, "TYPE I\r\n", 8) = 8
24289 15:18:10.616378 write(0, "200 Switching to Binary mode.\r\n", 31) = 31
24289 15:18:10.616471 rt_sigaction(SIGALRM, {0x805cad0, ~[RTMIN RT_1], 0}, NULL, 8) = 0
24289 15:18:10.616503 alarm(300)        = 299
24289 15:18:10.616529 recv(0, "PASV\r\n", 4096, MSG_PEEK) = 6
24289 15:18:10.616543 read(0, "PASV\r\n", 6) = 6
24289 15:18:10.616565 write(5, "\n", 1) = 1
24289 15:18:10.616578 read(5,  <unfinished ...>
24287 15:18:10.616587 <... read resumed> "\n", 1) = 1
24287 15:18:10.616596 write(4, "\1", 1) = 1
24289 15:18:10.616607 <... read resumed> "\1", 1) = 1
24289 15:18:10.616614 write(5, "\f", 1) = 1
24289 15:18:10.616624 read(5,  <unfinished ...>
24287 15:18:10.616631 read(4, "\f", 1)  = 1
24287 15:18:10.616643 socket(PF_INET, SOCK_STREAM, IPPROTO_TCP) = 5
24287 15:18:10.616659 setsockopt(5, SOL_SOCKET, SO_REUSEADDR, [1], 4) = 0
24287 15:18:10.616674 bind(5, {sa_family=AF_INET, sin_port=htons(46032), sin_addr=inet_addr("127.0.0.1")}, 16) = 0
24287 15:18:10.616690 listen(5, 1)      = 0
24287 15:18:10.616704 write(4, "\320\263\0\0", 4) = 4
24289 15:18:10.616715 <... read resumed> "\320\263\0\0", 4) = 4
24289 15:18:10.616728 write(0, "227 Entering Passive Mode (127,0,0,1,179,208).\r\n", 48) = 48
24289 15:18:10.616840 rt_sigaction(SIGALRM, {0x805cad0, ~[RTMIN RT_1], 0}, NULL, 8) = 0
24289 15:18:10.616856 alarm(300)        = 300
24289 15:18:10.616868 recv(0, "STOR myfile39\r\n", 4096, MSG_PEEK) = 15
24289 15:18:10.616880 read(0, "STOR myfile39\r\n", 15) = 15
24289 15:18:10.616893 write(5, "\v", 1) = 1
24289 15:18:10.616904 read(5,  <unfinished ...>
24287 15:18:10.616911 read(4, "\v", 1)  = 1
24287 15:18:10.616922 write(4, "\1\0\0\0", 4) = 4
24289 15:18:10.616933 <... read resumed> "\1\0\0\0", 4) = 4
24289 15:18:10.616941 gettimeofday({1495653490, 616945}, NULL) = 0
24289 15:18:10.616952 getcwd("/home/msfadmin", 4096) = 15
24289 15:18:10.616964 open("myfile39", O_WRONLY|O_CREAT|O_NONBLOCK|O_LARGEFILE, 0666) = 4
24289 15:18:10.616979 fstat64(4, {st_mode=S_IFREG|0644, st_size=17, ...}) = 0
24289 15:18:10.616997 fcntl64(4, F_GETFL) = 0x8801 (flags O_WRONLY|O_NONBLOCK|O_LARGEFILE)
24289 15:18:10.617008 fcntl64(4, F_SETFL, O_WRONLY|O_LARGEFILE) = 0
24289 15:18:10.617018 fcntl64(4, F_SETLKW64, {type=F_WRLCK, whence=SEEK_SET, start=0, len=0}, 0xbf8cd2b4) = 0
24289 15:18:10.617024 ftruncate64(4, 0) = 0
24289 15:18:10.617025 _llseek(4, 0, [0], SEEK_SET) = 0
24289 15:18:10.617051 write(5, "\v", 1) = 1
24289 15:18:10.617065 read(5,  <unfinished ...>
24287 15:18:10.617082 read(4, "\v", 1)  = 1
24287 15:18:10.617093 write(4, "\1\0\0\0", 4) = 4
24289 15:18:10.617104 <... read resumed> "\1\0\0\0", 4) = 4
24289 15:18:10.617112 write(5, "\v", 1) = 1
24289 15:18:10.617121 read(5,  <unfinished ...>
24287 15:18:10.617128 read(4, "\v", 1)  = 1
24287 15:18:10.617139 write(4, "\1\0\0\0", 4) = 4
24289 15:18:10.617149 <... read resumed> "\1\0\0\0", 4) = 4
24289 15:18:10.617156 write(5, "\r", 1) = 1
24289 15:18:10.617166 read(5,  <unfinished ...>
24287 15:18:10.617173 read(4, "\r", 1)  = 1
24287 15:18:10.617185 select(6, [5], NULL, NULL, {60, 0}) = 1 (in [5], left {60, 0})
24287 15:18:10.617202 accept(5, {sa_family=AF_INET, sin_port=htons(58520), sin_addr=inet_addr("127.0.0.1")}, [16]) = 6
24287 15:18:10.617223 write(4, "\1", 1) = 1
24289 15:18:10.617234 <... read resumed> "\1", 1) = 1
24289 15:18:10.617242 recvmsg(5,  <unfinished ...>
24287 15:18:10.617251 sendmsg(4, {msg_name(0)=NULL, msg_iov(1)=[{"\0", 1}], msg_controllen=16, {cmsg_len=16, cmsg_level=SOL_SOCKET, cmsg_type=SCM_RIGHTS, {6}}, msg_flags=0}, 0) = 1
24289 15:18:10.617268 <... recvmsg resumed> {msg_name(0)=NULL, msg_iov(1)=[{"\0", 1}], msg_controllen=16, {cmsg_len=16, cmsg_level=SOL_SOCKET, cmsg_type=SCM_RIGHTS, {6}}, msg_flags=0}, 0) = 1
24289 15:18:10.617281 setsockopt(6, SOL_SOCKET, SO_KEEPALIVE, [1], 4) = 0
24289 15:18:10.617293 setsockopt(6, SOL_IP, IP_TOS, [8], 4) = 0
24289 15:18:10.617305 setsockopt(6, SOL_SOCKET, SO_LINGER, {onoff=1, linger=32767}, 8) = 0
24289 15:18:10.617316 rt_sigaction(SIGALRM, {0x805cad0, ~[RTMIN RT_1], 0}, NULL, 8) = 0
24289 15:18:10.617330 alarm(300)        = 300
24289 15:18:10.617342 write(0, "150 Ok to send data.\r\n", 22) = 22
24289 15:18:10.617408 read(6, "assasaaa\na\na\na\na\n", 65536) = 17
24289 15:18:10.617422 write(4, "assasaaa\na\na\na\na\n", 17) = 17
24289 15:18:10.617440 read(6, "", 65536) = 0
24289 15:18:10.617451 rt_sigaction(SIGALRM, {0x805cad0, ~[RTMIN RT_1], 0}, NULL, 8) = 0
24289 15:18:10.617467 alarm(300)        = 300
24289 15:18:10.617477 close(6)          = 0
24289 15:18:10.617486 alarm(0)          = 300
24289 15:18:10.617496 gettimeofday({1495653490, 617500}, NULL) = 0
24289 15:18:10.617511 gettimeofday({1495653490, 617515}, NULL) = 0
24289 15:18:10.617526 fcntl64(3, F_SETLKW64, {type=F_WRLCK, whence=SEEK_SET, start=0, len=0}, 0xbf8cd254) = 0
24289 15:18:10.617540 write(3, "Wed May 24 15:18:10 2017 [pid 24289] [msfadmin] OK UPLOAD: Client \"127.0.0.1\", \"/home/msfadmin/myfile39\", 17 bytes, 29.13Kbyte/sec\n", 131) = 131
24289 15:18:10.617561 fcntl64(3, F_SETLK64, {type=F_UNLCK, whence=SEEK_SET, start=0, len=0}, 0xbf8cd25c) = 0
24289 15:18:10.617576 write(0, "226 Transfer complete.\r\n", 24) = 24
24289 15:18:10.617618 write(5, "\n", 1) = 1
24289 15:18:10.617630 read(5,  <unfinished ...>
24287 15:18:10.617637 close(6)          = 0
24287 15:18:10.617654 read(4, "\n", 1)  = 1
24287 15:18:10.617666 close(5)          = 0
24287 15:18:10.617677 write(4, "\1", 1) = 1
24289 15:18:10.617687 <... read resumed> "\1", 1) = 1
24289 15:18:10.617694 close(4)          = 0
24289 15:18:10.617705 rt_sigaction(SIGALRM, {0x805cad0, ~[RTMIN RT_1], 0}, NULL, 8) = 0
24289 15:18:10.617718 alarm(300)        = 0
24289 15:18:10.617729 recv(0,  <unfinished ...>
24287 15:18:10.617737 read(4,  <unfinished ...>
24289 15:18:11.135465 <... recv resumed> "TYPE I\r\n", 4096, MSG_PEEK) = 8
24289 15:18:11.135502 read(0, "TYPE I\r\n", 8) = 8
24289 15:18:11.135526 write(0, "200 Switching to Binary mode.\r\n", 31) = 31
24289 15:18:11.135576 rt_sigaction(SIGALRM, {0x805cad0, ~[RTMIN RT_1], 0}, NULL, 8) = 0
24289 15:18:11.135595 alarm(300)        = 299
24289 15:18:11.135608 recv(0, "PASV\r\n", 4096, MSG_PEEK) = 6
24289 15:18:11.135619 read(0, "PASV\r\n", 6) = 6
24289 15:18:11.135632 write(5, "\n", 1) = 1
24289 15:18:11.135645 read(5,  <unfinished ...>
24287 15:18:11.135654 <... read resumed> "\n", 1) = 1
24287 15:18:11.135664 write(4, "\1", 1) = 1
24289 15:18:11.135675 <... read resumed> "\1", 1) = 1
24289 15:18:11.135683 write(5, "\f", 1) = 1
24289 15:18:11.135693 read(5,  <unfinished ...>
24287 15:18:11.135700 read(4, "\f", 1)  = 1
24287 15:18:11.135713 socket(PF_INET, SOCK_STREAM, IPPROTO_TCP) = 5
24287 15:18:11.135729 setsockopt(5, SOL_SOCKET, SO_REUSEADDR, [1], 4) = 0
24287 15:18:11.135744 bind(5, {sa_family=AF_INET, sin_port=htons(24890), sin_addr=inet_addr("127.0.0.1")}, 16) = 0
24287 15:18:11.135761 listen(5, 1)      = 0
24287 15:18:11.135775 write(4, ":a\0\0", 4) = 4
24289 15:18:11.135786 <... read resumed> ":a\0\0", 4) = 4
24289 15:18:11.135798 write(0, "227 Entering Passive Mode (127,0,0,1,97,58).\r\n", 46) = 46
24289 15:18:11.135918 rt_sigaction(SIGALRM, {0x805cad0, ~[RTMIN RT_1], 0}, NULL, 8) = 0
24289 15:18:11.135935 alarm(300)        = 300
24289 15:18:11.135947 recv(0, "STOR myfile40\r\n", 4096, MSG_PEEK) = 15
24289 15:18:11.135959 read(0, "STOR myfile40\r\n", 15) = 15
24289 15:18:11.135972 write(5, "\v", 1) = 1
24289 15:18:11.135983 read(5,  <unfinished ...>
24287 15:18:11.135990 read(4, "\v", 1)  = 1
24287 15:18:11.136001 write(4, "\1\0\0\0", 4) = 4
24289 15:18:11.136012 <... read resumed> "\1\0\0\0", 4) = 4
24289 15:18:11.136020 gettimeofday({1495653491, 136024}, NULL) = 0
24289 15:18:11.136031 getcwd("/home/msfadmin", 4096) = 15
24289 15:18:11.136044 open("myfile40", O_WRONLY|O_CREAT|O_NONBLOCK|O_LARGEFILE, 0666) = 4
24289 15:18:11.136058 fstat64(4, {st_mode=S_IFREG|0644, st_size=17, ...}) = 0
24289 15:18:11.136076 fcntl64(4, F_GETFL) = 0x8801 (flags O_WRONLY|O_NONBLOCK|O_LARGEFILE)
24289 15:18:11.136087 fcntl64(4, F_SETFL, O_WRONLY|O_LARGEFILE) = 0
24289 15:18:11.136097 fcntl64(4, F_SETLKW64, {type=F_WRLCK, whence=SEEK_SET, start=0, len=0}, 0xbf8cd2b4) = 0
24289 15:18:11.136111 ftruncate64(4, 0) = 0
24289 15:18:11.136130 _llseek(4, 0, [0], SEEK_SET) = 0
24289 15:18:11.136276 write(5, "\v", 1) = 1
24289 15:18:11.136290 read(5,  <unfinished ...>
24287 15:18:11.136298 read(4, "\v", 1)  = 1
24287 15:18:11.136319 write(4, "\1\0\0\0", 4) = 4
24289 15:18:11.136329 <... read resumed> "\1\0\0\0", 4) = 4
24289 15:18:11.136344 write(5, "\v", 1) = 1
24289 15:18:11.136354 read(5,  <unfinished ...>
24287 15:18:11.136361 read(4, "\v", 1)  = 1
24287 15:18:11.136372 write(4, "\1\0\0\0", 4) = 4
24289 15:18:11.136382 <... read resumed> "\1\0\0\0", 4) = 4
24289 15:18:11.136390 write(5, "\r", 1) = 1
24289 15:18:11.136400 read(5,  <unfinished ...>
24287 15:18:11.136406 read(4, "\r", 1)  = 1
24287 15:18:11.136418 select(6, [5], NULL, NULL, {60, 0}) = 1 (in [5], left {60, 0})
24287 15:18:11.136435 accept(5, {sa_family=AF_INET, sin_port=htons(58423), sin_addr=inet_addr("127.0.0.1")}, [16]) = 6
24287 15:18:11.136457 write(4, "\1", 1) = 1
24289 15:18:11.136467 <... read resumed> "\1", 1) = 1
24289 15:18:11.136476 recvmsg(5,  <unfinished ...>
24287 15:18:11.136484 sendmsg(4, {msg_name(0)=NULL, msg_iov(1)=[{"\0", 1}], msg_controllen=16, {cmsg_len=16, cmsg_level=SOL_SOCKET, cmsg_type=SCM_RIGHTS, {6}}, msg_flags=0}, 0) = 1
24289 15:18:11.136501 <... recvmsg resumed> {msg_name(0)=NULL, msg_iov(1)=[{"\0", 1}], msg_controllen=16, {cmsg_len=16, cmsg_level=SOL_SOCKET, cmsg_type=SCM_RIGHTS, {6}}, msg_flags=0}, 0) = 1
24289 15:18:11.136514 setsockopt(6, SOL_SOCKET, SO_KEEPALIVE, [1], 4) = 0
24289 15:18:11.136526 setsockopt(6, SOL_IP, IP_TOS, [8], 4) = 0
24289 15:18:11.136538 setsockopt(6, SOL_SOCKET, SO_LINGER, {onoff=1, linger=32767}, 8) = 0
24289 15:18:11.136550 rt_sigaction(SIGALRM, {0x805cad0, ~[RTMIN RT_1], 0}, NULL, 8) = 0
24289 15:18:11.136563 alarm(300)        = 300
24289 15:18:11.136576 write(0, "150 Ok to send data.\r\n", 22) = 22
24289 15:18:11.136642 read(6, "assasaaa\na\na\na\na\n", 65536) = 17
24289 15:18:11.136657 write(4, "assasaaa\na\na\na\na\n", 17) = 17
24289 15:18:11.136673 read(6, "", 65536) = 0
24289 15:18:11.136684 rt_sigaction(SIGALRM, {0x805cad0, ~[RTMIN RT_1], 0}, NULL, 8) = 0
24289 15:18:11.136697 alarm(300)        = 300
24289 15:18:11.136707 close(6)          = 0
24289 15:18:11.136716 alarm(0)          = 300
24289 15:18:11.136726 gettimeofday({1495653491, 136730}, NULL) = 0
24289 15:18:11.136741 gettimeofday({1495653491, 136745}, NULL) = 0
24289 15:18:11.136756 fcntl64(3, F_SETLKW64, {type=F_WRLCK, whence=SEEK_SET, start=0, len=0}, 0xbf8cd254) = 0
24289 15:18:11.136770 write(3, "Wed May 24 15:18:11 2017 [pid 24289] [msfadmin] OK UPLOAD: Client \"127.0.0.1\", \"/home/msfadmin/myfile40\", 17 bytes, 23.03Kbyte/sec\n", 131) = 131
24289 15:18:11.136792 fcntl64(3, F_SETLK64, {type=F_UNLCK, whence=SEEK_SET, start=0, len=0}, 0xbf8cd25c) = 0
24289 15:18:11.136806 write(0, "226 Transfer complete.\r\n", 24) = 24
24289 15:18:11.136859 write(5, "\n", 1) = 1
24289 15:18:11.136871 read(5,  <unfinished ...>
24287 15:18:11.136878 close(6)          = 0
24287 15:18:11.136897 read(4, "\n", 1)  = 1
24287 15:18:11.136908 close(5)          = 0
24287 15:18:11.136919 write(4, "\1", 1) = 1
24289 15:18:11.136930 <... read resumed> "\1", 1) = 1
24289 15:18:11.136937 close(4)          = 0
24289 15:18:11.136947 rt_sigaction(SIGALRM, {0x805cad0, ~[RTMIN RT_1], 0}, NULL, 8) = 0
24289 15:18:11.136980 alarm(300)        = 0
24289 15:18:11.136993 recv(0,  <unfinished ...>
24287 15:18:11.137001 read(4,  <unfinished ...>
24289 15:18:11.655914 <... recv resumed> "TYPE I\r\n", 4096, MSG_PEEK) = 8
24289 15:18:11.656014 read(0, "TYPE I\r\n", 8) = 8
24289 15:18:11.656102 write(0, "200 Switching to Binary mode.\r\n", 31) = 31
24289 15:18:11.656193 rt_sigaction(SIGALRM, {0x805cad0, ~[RTMIN RT_1], 0}, NULL, 8) = 0
24289 15:18:11.656225 alarm(300)        = 299
24289 15:18:11.656250 recv(0, "PASV\r\n", 4096, MSG_PEEK) = 6
24289 15:18:11.656265 read(0, "PASV\r\n", 6) = 6
24289 15:18:11.656277 write(5, "\n", 1) = 1
24289 15:18:11.656291 read(5,  <unfinished ...>
24287 15:18:11.656300 <... read resumed> "\n", 1) = 1
24287 15:18:11.656309 write(4, "\1", 1) = 1
24289 15:18:11.656320 <... read resumed> "\1", 1) = 1
24289 15:18:11.656328 write(5, "\f", 1) = 1
24289 15:18:11.656338 read(5,  <unfinished ...>
24287 15:18:11.656345 read(4, "\f", 1)  = 1
24287 15:18:11.656358 socket(PF_INET, SOCK_STREAM, IPPROTO_TCP) = 5
24287 15:18:11.656374 setsockopt(5, SOL_SOCKET, SO_REUSEADDR, [1], 4) = 0
24287 15:18:11.656397 bind(5, {sa_family=AF_INET, sin_port=htons(49457), sin_addr=inet_addr("127.0.0.1")}, 16) = 0
24287 15:18:11.656414 listen(5, 1)      = 0
24287 15:18:11.656429 write(4, "1\301\0\0", 4) = 4
24289 15:18:11.656440 <... read resumed> "1\301\0\0", 4) = 4
24289 15:18:11.656452 write(0, "227 Entering Passive Mode (127,0,0,1,193,49).\r\n", 47) = 47
24289 15:18:11.656566 rt_sigaction(SIGALRM, {0x805cad0, ~[RTMIN RT_1], 0}, NULL, 8) = 0
24289 15:18:11.656584 alarm(300)        = 300
24289 15:18:11.656595 recv(0, "STOR myfile0\r\n", 4096, MSG_PEEK) = 14
24289 15:18:11.656608 read(0, "STOR myfile0\r\n", 14) = 14
24289 15:18:11.656622 write(5, "\v", 1) = 1
24289 15:18:11.656633 read(5,  <unfinished ...>
24287 15:18:11.656640 read(4, "\v", 1)  = 1
24287 15:18:11.656652 write(4, "\1\0\0\0", 4) = 4
24289 15:18:11.656663 <... read resumed> "\1\0\0\0", 4) = 4
24289 15:18:11.656671 gettimeofday({1495653491, 656675}, NULL) = 0
24289 15:18:11.656682 getcwd("/home/msfadmin", 4096) = 15
24289 15:18:11.656695 open("myfile0", O_WRONLY|O_CREAT|O_NONBLOCK|O_LARGEFILE, 0666) = 4
24289 15:18:11.656710 fstat64(4, {st_mode=S_IFREG|0644, st_size=17, ...}) = 0
24289 15:18:11.656728 fcntl64(4, F_GETFL) = 0x8801 (flags O_WRONLY|O_NONBLOCK|O_LARGEFILE)
24289 15:18:11.656739 fcntl64(4, F_SETFL, O_WRONLY|O_LARGEFILE) = 0
24289 15:18:11.656750 fcntl64(4, F_SETLKW64, {type=F_WRLCK, whence=SEEK_SET, start=0, len=0}, 0xbf8cd2b4) = 0
24289 15:18:11.656764 ftruncate64(4, 0) = 0
24289 15:18:11.656783 _llseek(4, 0, [0], SEEK_SET) = 0
24289 15:18:11.656795 write(5, "\v", 1) = 1
24289 15:18:11.656806 read(5,  <unfinished ...>
24287 15:18:11.656813 read(4, "\v", 1)  = 1
24287 15:18:11.656824 write(4, "\1\0\0\0", 4) = 4
24289 15:18:11.656835 <... read resumed> "\1\0\0\0", 4) = 4
24289 15:18:11.656854 write(5, "\v", 1) = 1
24289 15:18:11.656868 read(5,  <unfinished ...>
24287 15:18:11.656875 read(4, "\v", 1)  = 1
24287 15:18:11.656887 write(4, "\1\0\0\0", 4) = 4
24289 15:18:11.656897 <... read resumed> "\1\0\0\0", 4) = 4
24289 15:18:11.656905 write(5, "\r", 1) = 1
24289 15:18:11.656915 read(5,  <unfinished ...>
24287 15:18:11.656922 read(4, "\r", 1)  = 1
24287 15:18:11.656934 select(6, [5], NULL, NULL, {60, 0}) = 1 (in [5], left {60, 0})
24287 15:18:11.656951 accept(5, {sa_family=AF_INET, sin_port=htons(60044), sin_addr=inet_addr("127.0.0.1")}, [16]) = 6
24287 15:18:11.656974 write(4, "\1", 1) = 1
24289 15:18:11.656985 <... read resumed> "\1", 1) = 1
24289 15:18:11.656994 recvmsg(5,  <unfinished ...>
24287 15:18:11.657002 sendmsg(4, {msg_name(0)=NULL, msg_iov(1)=[{"\0", 1}], msg_controllen=16, {cmsg_len=16, cmsg_level=SOL_SOCKET, cmsg_type=SCM_RIGHTS, {6}}, msg_flags=0}, 0) = 1
24289 15:18:11.657020 <... recvmsg resumed> {msg_name(0)=NULL, msg_iov(1)=[{"\0", 1}], msg_controllen=16, {cmsg_len=16, cmsg_level=SOL_SOCKET, cmsg_type=SCM_RIGHTS, {6}}, msg_flags=0}, 0) = 1
24289 15:18:11.657033 setsockopt(6, SOL_SOCKET, SO_KEEPALIVE, [1], 4) = 0
24289 15:18:11.657046 setsockopt(6, SOL_IP, IP_TOS, [8], 4) = 0
24289 15:18:11.657059 setsockopt(6, SOL_SOCKET, SO_LINGER, {onoff=1, linger=32767}, 8) = 0
24289 15:18:11.657070 rt_sigaction(SIGALRM, {0x805cad0, ~[RTMIN RT_1], 0}, NULL, 8) = 0
24289 15:18:11.657084 alarm(300)        = 300
24289 15:18:11.657097 write(0, "150 Ok to send data.\r\n", 22) = 22
24289 15:18:11.657165 read(6, "assasaaa\na\na\na\na\n", 65536) = 17
24289 15:18:11.657180 write(4, "assasaaa\na\na\na\na\n", 17) = 17
24289 15:18:11.657197 read(6, "", 65536) = 0
24289 15:18:11.657208 rt_sigaction(SIGALRM, {0x805cad0, ~[RTMIN RT_1], 0}, NULL, 8) = 0
24289 15:18:11.657222 alarm(300)        = 300
24289 15:18:11.657232 close(6)          = 0
24289 15:18:11.657241 alarm(0)          = 300
24289 15:18:11.657251 gettimeofday({1495653491, 657255}, NULL) = 0
24289 15:18:11.657267 gettimeofday({1495653491, 657271}, NULL) = 0
24289 15:18:11.657282 fcntl64(3, F_SETLKW64, {type=F_WRLCK, whence=SEEK_SET, start=0, len=0}, 0xbf8cd254) = 0
24289 15:18:11.657297 write(3, "Wed May 24 15:18:11 2017 [pid 24289] [msfadmin] OK UPLOAD: Client \"127.0.0.1\", \"/home/msfadmin/myfile0\", 17 bytes, 27.85Kbyte/sec\n", 130) = 130
24289 15:18:11.657322 fcntl64(3, F_SETLK64, {type=F_UNLCK, whence=SEEK_SET, start=0, len=0}, 0xbf8cd25c) = 0
24289 15:18:11.657337 write(0, "226 Transfer complete.\r\n", 24) = 24
24289 15:18:11.657340 write(5, "\n", 1) = 1
24289 15:18:11.657340 read(5,  <unfinished ...>
24287 15:18:11.657340 close(6)          = 0
24287 15:18:11.657340 read(4, "\n", 1)  = 1
24287 15:18:11.657341 close(5)          = 0
24287 15:18:11.657341 write(4, "\1", 1) = 1
24289 15:18:11.657341 <... read resumed> "\1", 1) = 1
24289 15:18:11.657341 close(4)          = 0
24289 15:18:11.657341 rt_sigaction(SIGALRM, {0x805cad0, ~[RTMIN RT_1], 0}, NULL, 8) = 0
24289 15:18:11.657342 alarm(300)        = 0
24289 15:18:11.657342 recv(0,  <unfinished ...>
24287 15:18:11.657342 read(4,  <unfinished ...>
24289 15:18:12.165444 <... recv resumed> "TYPE I\r\n", 4096, MSG_PEEK) = 8
24289 15:18:12.165475 read(0, "TYPE I\r\n", 8) = 8
24289 15:18:12.165497 write(0, "200 Switching to Binary mode.\r\n", 31) = 31
24289 15:18:12.165581 rt_sigaction(SIGALRM, {0x805cad0, ~[RTMIN RT_1], 0}, NULL, 8) = 0
24289 15:18:12.165609 alarm(300)        = 299
24289 15:18:12.165622 recv(0, "PASV\r\n", 4096, MSG_PEEK) = 6
24289 15:18:12.165634 read(0, "PASV\r\n", 6) = 6
24289 15:18:12.165646 write(5, "\n", 1) = 1
24289 15:18:12.165660 read(5,  <unfinished ...>
24287 15:18:12.165669 <... read resumed> "\n", 1) = 1
24287 15:18:12.165678 write(4, "\1", 1) = 1
24289 15:18:12.165689 <... read resumed> "\1", 1) = 1
24289 15:18:12.165696 write(5, "\f", 1) = 1
24289 15:18:12.165706 read(5,  <unfinished ...>
24287 15:18:12.165713 read(4, "\f", 1)  = 1
24287 15:18:12.165725 socket(PF_INET, SOCK_STREAM, IPPROTO_TCP) = 5
24287 15:18:12.165741 setsockopt(5, SOL_SOCKET, SO_REUSEADDR, [1], 4) = 0
24287 15:18:12.165755 bind(5, {sa_family=AF_INET, sin_port=htons(9101), sin_addr=inet_addr("127.0.0.1")}, 16) = 0
24287 15:18:12.165772 listen(5, 1)      = 0
24287 15:18:12.165786 write(4, "\215#\0\0", 4) = 4
24289 15:18:12.165797 <... read resumed> "\215#\0\0", 4) = 4
24289 15:18:12.165809 write(0, "227 Entering Passive Mode (127,0,0,1,35,141).\r\n", 47) = 47
24289 15:18:12.165920 rt_sigaction(SIGALRM, {0x805cad0, ~[RTMIN RT_1], 0}, NULL, 8) = 0
24289 15:18:12.165937 alarm(300)        = 300
24289 15:18:12.165948 recv(0, "STOR myfile1\r\n", 4096, MSG_PEEK) = 14
24289 15:18:12.165960 read(0, "STOR myfile1\r\n", 14) = 14
24289 15:18:12.165974 write(5, "\v", 1) = 1
24289 15:18:12.165985 read(5,  <unfinished ...>
24287 15:18:12.165992 read(4, "\v", 1)  = 1
24287 15:18:12.166003 write(4, "\1\0\0\0", 4) = 4
24289 15:18:12.166014 <... read resumed> "\1\0\0\0", 4) = 4
24289 15:18:12.166022 gettimeofday({1495653492, 166026}, NULL) = 0
24289 15:18:12.166060 getcwd("/home/msfadmin", 4096) = 15
24289 15:18:12.166076 open("myfile1", O_WRONLY|O_CREAT|O_NONBLOCK|O_LARGEFILE, 0666) = 4
24289 15:18:12.166099 fstat64(4, {st_mode=S_IFREG|0644, st_size=17, ...}) = 0
24289 15:18:12.166117 fcntl64(4, F_GETFL) = 0x8801 (flags O_WRONLY|O_NONBLOCK|O_LARGEFILE)
24289 15:18:12.166128 fcntl64(4, F_SETFL, O_WRONLY|O_LARGEFILE) = 0
24289 15:18:12.166139 fcntl64(4, F_SETLKW64, {type=F_WRLCK, whence=SEEK_SET, start=0, len=0}, 0xbf8cd2b4) = 0
24289 15:18:12.166153 ftruncate64(4, 0) = 0
24289 15:18:12.166172 _llseek(4, 0, [0], SEEK_SET) = 0
24289 15:18:12.166184 write(5, "\v", 1) = 1
24289 15:18:12.166194 read(5,  <unfinished ...>
24287 15:18:12.166202 read(4, "\v", 1)  = 1
24287 15:18:12.166213 write(4, "\1\0\0\0", 4) = 4
24289 15:18:12.166224 <... read resumed> "\1\0\0\0", 4) = 4
24289 15:18:12.166231 write(5, "\v", 1) = 1
24289 15:18:12.166241 read(5,  <unfinished ...>
24287 15:18:12.166248 read(4, "\v", 1)  = 1
24287 15:18:12.166259 write(4, "\1\0\0\0", 4) = 4
24289 15:18:12.166269 <... read resumed> "\1\0\0\0", 4) = 4
24289 15:18:12.166276 write(5, "\r", 1) = 1
24289 15:18:12.166286 read(5,  <unfinished ...>
24287 15:18:12.166293 read(4, "\r", 1)  = 1
24287 15:18:12.166305 select(6, [5], NULL, NULL, {60, 0}) = 1 (in [5], left {60, 0})
24287 15:18:12.166328 accept(5, {sa_family=AF_INET, sin_port=htons(49744), sin_addr=inet_addr("127.0.0.1")}, [16]) = 6
24287 15:18:12.166351 write(4, "\1", 1) = 1
24289 15:18:12.166361 <... read resumed> "\1", 1) = 1
24289 15:18:12.166370 recvmsg(5,  <unfinished ...>
24287 15:18:12.166378 sendmsg(4, {msg_name(0)=NULL, msg_iov(1)=[{"\0", 1}], msg_controllen=16, {cmsg_len=16, cmsg_level=SOL_SOCKET, cmsg_type=SCM_RIGHTS, {6}}, msg_flags=0}, 0) = 1
24289 15:18:12.166396 <... recvmsg resumed> {msg_name(0)=NULL, msg_iov(1)=[{"\0", 1}], msg_controllen=16, {cmsg_len=16, cmsg_level=SOL_SOCKET, cmsg_type=SCM_RIGHTS, {6}}, msg_flags=0}, 0) = 1
24289 15:18:12.166409 setsockopt(6, SOL_SOCKET, SO_KEEPALIVE, [1], 4) = 0
24289 15:18:12.166421 setsockopt(6, SOL_IP, IP_TOS, [8], 4) = 0
24289 15:18:12.166433 setsockopt(6, SOL_SOCKET, SO_LINGER, {onoff=1, linger=32767}, 8) = 0
24289 15:18:12.166444 rt_sigaction(SIGALRM, {0x805cad0, ~[RTMIN RT_1], 0}, NULL, 8) = 0
24289 15:18:12.166457 alarm(300)        = 300
24289 15:18:12.166469 write(0, "150 Ok to send data.\r\n", 22) = 22
24289 15:18:12.166563 read(6, "assasaaa\na\na\na\na\n", 65536) = 17
24289 15:18:12.166580 write(4, "assasaaa\na\na\na\na\n", 17) = 17
24289 15:18:12.166606 read(6, "", 65536) = 0
24289 15:18:12.166617 rt_sigaction(SIGALRM, {0x805cad0, ~[RTMIN RT_1], 0}, NULL, 8) = 0
24289 15:18:12.166630 alarm(300)        = 300
24289 15:18:12.166640 close(6)          = 0
24289 15:18:12.166649 alarm(0)          = 300
24289 15:18:12.166659 gettimeofday({1495653492, 166663}, NULL) = 0
24289 15:18:12.166674 gettimeofday({1495653492, 166678}, NULL) = 0
24289 15:18:12.166689 fcntl64(3, F_SETLKW64, {type=F_WRLCK, whence=SEEK_SET, start=0, len=0}, 0xbf8cd254) = 0
24289 15:18:12.166703 write(3, "Wed May 24 15:18:12 2017 [pid 24289] [msfadmin] OK UPLOAD: Client \"127.0.0.1\", \"/home/msfadmin/myfile1\", 17 bytes, 25.46Kbyte/sec\n", 130) = 130
24289 15:18:12.166725 fcntl64(3, F_SETLK64, {type=F_UNLCK, whence=SEEK_SET, start=0, len=0}, 0xbf8cd25c) = 0
24289 15:18:12.166739 write(0, "226 Transfer complete.\r\n", 24) = 24
24289 15:18:12.166784 write(5, "\n", 1) = 1
24289 15:18:12.166796 read(5,  <unfinished ...>
24287 15:18:12.166803 close(6)          = 0
24287 15:18:12.166821 read(4, "\n", 1)  = 1
24287 15:18:12.166832 close(5)          = 0
24287 15:18:12.166843 write(4, "\1", 1) = 1
24289 15:18:12.166854 <... read resumed> "\1", 1) = 1
24289 15:18:12.166861 close(4)          = 0
24289 15:18:12.166872 rt_sigaction(SIGALRM, {0x805cad0, ~[RTMIN RT_1], 0}, NULL, 8) = 0
24289 15:18:12.166885 alarm(300)        = 0
24289 15:18:12.166896 recv(0,  <unfinished ...>
24287 15:18:12.166904 read(4,  <unfinished ...>
24289 15:18:12.705490 <... recv resumed> "TYPE I\r\n", 4096, MSG_PEEK) = 8
24289 15:18:12.705521 read(0, "TYPE I\r\n", 8) = 8
24289 15:18:12.705543 write(0, "200 Switching to Binary mode.\r\n", 31) = 31
24289 15:18:12.705591 rt_sigaction(SIGALRM, {0x805cad0, ~[RTMIN RT_1], 0}, NULL, 8) = 0
24289 15:18:12.705619 alarm(300)        = 299
24289 15:18:12.705632 recv(0, "PASV\r\n", 4096, MSG_PEEK) = 6
24289 15:18:12.705644 read(0, "PASV\r\n", 6) = 6
24289 15:18:12.705665 write(5, "\n", 1) = 1
24289 15:18:12.705678 read(5,  <unfinished ...>
24287 15:18:12.705687 <... read resumed> "\n", 1) = 1
24287 15:18:12.705696 write(4, "\1", 1) = 1
24289 15:18:12.705707 <... read resumed> "\1", 1) = 1
24289 15:18:12.705714 write(5, "\f", 1) = 1
24289 15:18:12.705724 read(5,  <unfinished ...>
24287 15:18:12.705731 read(4, "\f", 1)  = 1
24287 15:18:12.705743 socket(PF_INET, SOCK_STREAM, IPPROTO_TCP) = 5
24287 15:18:12.705759 setsockopt(5, SOL_SOCKET, SO_REUSEADDR, [1], 4) = 0
24287 15:18:12.705773 bind(5, {sa_family=AF_INET, sin_port=htons(62975), sin_addr=inet_addr("127.0.0.1")}, 16) = 0
24287 15:18:12.705790 listen(5, 1)      = 0
24287 15:18:12.705803 write(4, "\377\365\0\0", 4) = 4
24289 15:18:12.705815 <... read resumed> "\377\365\0\0", 4) = 4
24289 15:18:12.705826 write(0, "227 Entering Passive Mode (127,0,0,1,245,255).\r\n", 48) = 48
24289 15:18:12.705936 rt_sigaction(SIGALRM, {0x805cad0, ~[RTMIN RT_1], 0}, NULL, 8) = 0
24289 15:18:12.705960 alarm(300)        = 300
24289 15:18:12.705972 recv(0, "STOR myfile2\r\n", 4096, MSG_PEEK) = 14
24289 15:18:12.705984 read(0, "STOR myfile2\r\n", 14) = 14
24289 15:18:12.705998 write(5, "\v", 1) = 1
24289 15:18:12.706008 read(5,  <unfinished ...>
24287 15:18:12.706016 read(4, "\v", 1)  = 1
24287 15:18:12.706027 write(4, "\1\0\0\0", 4) = 4
24289 15:18:12.706038 <... read resumed> "\1\0\0\0", 4) = 4
24289 15:18:12.706046 gettimeofday({1495653492, 706049}, NULL) = 0
24289 15:18:12.706057 getcwd("/home/msfadmin", 4096) = 15
24289 15:18:12.706069 open("myfile2", O_WRONLY|O_CREAT|O_NONBLOCK|O_LARGEFILE, 0666) = 4
24289 15:18:12.706084 fstat64(4, {st_mode=S_IFREG|0644, st_size=17, ...}) = 0
24289 15:18:12.706102 fcntl64(4, F_GETFL) = 0x8801 (flags O_WRONLY|O_NONBLOCK|O_LARGEFILE)
24289 15:18:12.706113 fcntl64(4, F_SETFL, O_WRONLY|O_LARGEFILE) = 0
24289 15:18:12.706123 fcntl64(4, F_SETLKW64, {type=F_WRLCK, whence=SEEK_SET, start=0, len=0}, 0xbf8cd2b4) = 0
24289 15:18:12.706137 ftruncate64(4, 0) = 0
24289 15:18:12.706155 _llseek(4, 0, [0], SEEK_SET) = 0
24289 15:18:12.706166 write(5, "\v", 1) = 1
24289 15:18:12.706177 read(5,  <unfinished ...>
24287 15:18:12.706184 read(4, "\v", 1)  = 1
24287 15:18:12.706195 write(4, "\1\0\0\0", 4) = 4
24289 15:18:12.706205 <... read resumed> "\1\0\0\0", 4) = 4
24289 15:18:12.706213 write(5, "\v", 1) = 1
24289 15:18:12.706223 read(5,  <unfinished ...>
24287 15:18:12.706229 read(4, "\v", 1)  = 1
24287 15:18:12.706240 write(4, "\1\0\0\0", 4) = 4
24289 15:18:12.706261 <... read resumed> "\1\0\0\0", 4) = 4
24289 15:18:12.706268 write(5, "\r", 1) = 1
24289 15:18:12.706403 read(5,  <unfinished ...>
24287 15:18:12.706411 read(4, "\r", 1)  = 1
24287 15:18:12.706432 select(6, [5], NULL, NULL, {60, 0}) = 1 (in [5], left {60, 0})
24287 15:18:12.706449 accept(5, {sa_family=AF_INET, sin_port=htons(41479), sin_addr=inet_addr("127.0.0.1")}, [16]) = 6
24287 15:18:12.706471 write(4, "\1", 1) = 1
24289 15:18:12.706481 <... read resumed> "\1", 1) = 1
24289 15:18:12.706490 recvmsg(5,  <unfinished ...>
24287 15:18:12.706499 sendmsg(4, {msg_name(0)=NULL, msg_iov(1)=[{"\0", 1}], msg_controllen=16, {cmsg_len=16, cmsg_level=SOL_SOCKET, cmsg_type=SCM_RIGHTS, {6}}, msg_flags=0}, 0) = 1
24289 15:18:12.706515 <... recvmsg resumed> {msg_name(0)=NULL, msg_iov(1)=[{"\0", 1}], msg_controllen=16, {cmsg_len=16, cmsg_level=SOL_SOCKET, cmsg_type=SCM_RIGHTS, {6}}, msg_flags=0}, 0) = 1
24289 15:18:12.706529 setsockopt(6, SOL_SOCKET, SO_KEEPALIVE, [1], 4) = 0
24289 15:18:12.706541 setsockopt(6, SOL_IP, IP_TOS, [8], 4) = 0
24289 15:18:12.706553 setsockopt(6, SOL_SOCKET, SO_LINGER, {onoff=1, linger=32767}, 8) = 0
24289 15:18:12.706564 rt_sigaction(SIGALRM, {0x805cad0, ~[RTMIN RT_1], 0}, NULL, 8) = 0
24289 15:18:12.706577 alarm(300)        = 300
24289 15:18:12.706590 write(0, "150 Ok to send data.\r\n", 22) = 22
24289 15:18:12.706656 read(6, "assasaaa\na\na\na\na\n", 65536) = 17
24289 15:18:12.706670 write(4, "assasaaa\na\na\na\na\n", 17) = 17
24289 15:18:12.706686 read(6, "", 65536) = 0
24289 15:18:12.706697 rt_sigaction(SIGALRM, {0x805cad0, ~[RTMIN RT_1], 0}, NULL, 8) = 0
24289 15:18:12.706710 alarm(300)        = 300
24289 15:18:12.706720 close(6)          = 0
24289 15:18:12.706729 alarm(0)          = 300
24289 15:18:12.706739 gettimeofday({1495653492, 706742}, NULL) = 0
24289 15:18:12.706754 gettimeofday({1495653492, 706758}, NULL) = 0
24289 15:18:12.706768 fcntl64(3, F_SETLKW64, {type=F_WRLCK, whence=SEEK_SET, start=0, len=0}, 0xbf8cd254) = 0
24289 15:18:12.706783 write(3, "Wed May 24 15:18:12 2017 [pid 24289] [msfadmin] OK UPLOAD: Client \"127.0.0.1\", \"/home/msfadmin/myfile2\", 17 bytes, 23.42Kbyte/sec\n", 130) = 130
24289 15:18:12.706804 fcntl64(3, F_SETLK64, {type=F_UNLCK, whence=SEEK_SET, start=0, len=0}, 0xbf8cd25c) = 0
24289 15:18:12.706818 write(0, "226 Transfer complete.\r\n", 24) = 24
24289 15:18:12.706861 write(5, "\n", 1) = 1
24289 15:18:12.706873 read(5,  <unfinished ...>
24287 15:18:12.706881 close(6)          = 0
24287 15:18:12.706899 read(4, "\n", 1)  = 1
24287 15:18:12.706911 close(5)          = 0
24287 15:18:12.706925 write(4, "\1", 1) = 1
24289 15:18:12.706936 <... read resumed> "\1", 1) = 1
24289 15:18:12.706943 close(4)          = 0
24289 15:18:12.706954 rt_sigaction(SIGALRM, {0x805cad0, ~[RTMIN RT_1], 0}, NULL, 8) = 0
24289 15:18:12.706967 alarm(300)        = 0
24289 15:18:12.706993 recv(0,  <unfinished ...>
24287 15:18:12.707002 read(4,  <unfinished ...>
