26635 15:59:25.337269 fstat64(5, {st_mode=S_IFREG|0644, st_size=520, ...}) = 0
26635 15:59:25.337285 mmap2(NULL, 4096, PROT_READ|PROT_WRITE, MAP_PRIVATE|MAP_ANONYMOUS, -1, 0) = 0xb7f50000
26635 15:59:25.337295 read(5, "#\n# /etc/pam.d/other - specify the PAM fallback behaviour\n#\n# Note that this file is used for any unspecified service; for example\n#if /etc/pam.d/cron  specifies no session modules but cron calls\n#pam_open_session, the session module out of /etc/pam.d/other is\n#used.  If you really want nothing to happen then use pam_permit.so or\n#pam_deny.so as appropriate.\n\n# We fall back to the system default in /etc/pam.d/common-*\n# \n\n@include common-auth\n@include common-account\n@include common-password\n@include common-session\n", 4096) = 520
26635 15:59:25.337340 stat64("/etc/pam.d", {st_mode=S_IFDIR|0755, st_size=4096, ...}) = 0
26635 15:59:25.337358 open("/etc/pam.d/common-auth", O_RDONLY|O_LARGEFILE) = 6
26635 15:59:25.337371 fstat64(6, {st_mode=S_IFREG|0644, st_size=476, ...}) = 0
26635 15:59:25.337386 mmap2(NULL, 4096, PROT_READ|PROT_WRITE, MAP_PRIVATE|MAP_ANONYMOUS, -1, 0) = 0xb7f4a000
26635 15:59:25.337397 read(6, "#\n# /etc/pam.d/common-auth - authentication settings common to all services\n#\n# This file is included from other service-specific PAM config files,\n# and should contain a list of the authentication modules that define\n# the central authentication scheme for use on the system\n# (e.g., /etc/shadow, LDAP, Kerberos, etc.).  The default is to use the\n# traditional Unix authentication mechanisms.\n#\nauth\trequisite\tpam_unix.so nullok_secure\n# auth\toptional\tpam_smbpass.so migrate\n", 4096) = 476
26635 15:59:25.337443 read(6, "", 4096) = 0
26635 15:59:25.337453 close(6)          = 0
26635 15:59:25.337462 munmap(0xb7f4a000, 4096) = 0
26635 15:59:25.337472 stat64("/etc/pam.d", {st_mode=S_IFDIR|0755, st_size=4096, ...}) = 0
26635 15:59:25.337491 open("/etc/pam.d/common-account", O_RDONLY|O_LARGEFILE) = 6
26635 15:59:25.337503 fstat64(6, {st_mode=S_IFREG|0644, st_size=392, ...}) = 0
26635 15:59:25.337519 mmap2(NULL, 4096, PROT_READ|PROT_WRITE, MAP_PRIVATE|MAP_ANONYMOUS, -1, 0) = 0xb7f4a000
26635 15:59:25.337529 read(6, "#\n# /etc/pam.d/common-account - authorization settings common to all services\n#\n# This file is included from other service-specific PAM config files,\n# and should contain a list of the authorization modules that define\n# the central access policy for use on the system.  The default is to\n# only deny service to users whose accounts are expired in /etc/shadow.\n#\naccount\trequired\tpam_unix.so\n", 4096) = 392
26635 15:59:25.337589 read(6, "", 4096) = 0
26635 15:59:25.337600 close(6)          = 0
26635 15:59:25.337619 munmap(0xb7f4a000, 4096) = 0
26635 15:59:25.337630 stat64("/etc/pam.d", {st_mode=S_IFDIR|0755, st_size=4096, ...}) = 0
26635 15:59:25.337649 open("/etc/pam.d/common-password", O_RDONLY|O_LARGEFILE) = 6
26635 15:59:25.337663 fstat64(6, {st_mode=S_IFREG|0644, st_size=1563, ...}) = 0
26635 15:59:25.337678 mmap2(NULL, 4096, PROT_READ|PROT_WRITE, MAP_PRIVATE|MAP_ANONYMOUS, -1, 0) = 0xb7f4a000
26635 15:59:25.337689 read(6, "#\n# /etc/pam.d/common-password - password-related modules common to all services\n#\n# This file is included from other service-specific PAM config files,\n# and should contain a list of modules that define the services to be\n# used to change user passwords.  The default is pam_unix.\n\n# Explanation of pam_unix options:\n#\n# The \"nullok\" option allows users to change an empty password, else\n# empty passwords are treated as locked accounts.\n#\n# The \"md5\" option enables MD5 passwords.  Without this option, the\n# default is Unix crypt.\n#\n# The \"obscure\" option replaces the old `OBSCURE_CHECKS_ENAB\' option in\n# login.defs.\n#\n# You can also use the \"min\" option to enforce the length of the new\n# password.\n#\n# See the pam_unix manpage for other options.\n\npassword   requisite   pam_unix.so nullok obscure md5\n\n# Alternate strength checking for password. Note that this\n# requires the libpam-cracklib package to be installed.\n# You will need to comment out the password line above and\n# uncomment the next two in order to use this.\n# (Replaces the `OBSCURE_CHECKS_ENAB\', `CRACKLIB_DICTPATH\')\n#\n# password required\t  pam_cracklib.so retry=3 minlen=6 difok=3\n# password required\t  pam_unix.so use_authtok nullok md5\n\n# minimally-intrusive inclusion of smbpass in the stack for\n# synchronization.  If the module is absent or the passwords don\'t\n# match, this module will be ignored without prompting; and if the \n# passwords do match, the NTLM hash for the user will be updated\n# automatically.\n# password   optional   pam_smbpass.so nullok use_authtok use_first_pass\n", 4096) = 1563
26635 15:59:25.337805 read(6, "", 4096) = 0
26635 15:59:25.337815 close(6)          = 0
26635 15:59:25.337824 munmap(0xb7f4a000, 4096) = 0
26635 15:59:25.337834 stat64("/etc/pam.d", {st_mode=S_IFDIR|0755, st_size=4096, ...}) = 0
26635 15:59:25.337853 open("/etc/pam.d/common-session", O_RDONLY|O_LARGEFILE) = 6
26635 15:59:25.337865 fstat64(6, {st_mode=S_IFREG|0644, st_size=372, ...}) = 0
26635 15:59:25.337881 mmap2(NULL, 4096, PROT_READ|PROT_WRITE, MAP_PRIVATE|MAP_ANONYMOUS, -1, 0) = 0xb7f4a000
26635 15:59:25.337891 read(6, "#\n# /etc/pam.d/common-session - session-related modules common to all services\n#\n# This file is included from other service-specific PAM config files,\n# and should contain a list of modules that define tasks to be performed\n# at the start and end of sessions of *any* kind (both interactive and\n# non-interactive).  The default is pam_unix.\n#\nsession\trequired\tpam_unix.so\n", 4096) = 372
26635 15:59:25.337929 read(6, "", 4096) = 0
26635 15:59:25.337939 close(6)          = 0
26635 15:59:25.337948 munmap(0xb7f4a000, 4096) = 0
26635 15:59:25.337958 read(5, "", 4096) = 0
26635 15:59:25.337968 close(5)          = 0
26635 15:59:25.337977 munmap(0xb7f50000, 4096) = 0
26635 15:59:25.337989 time(NULL)        = 1495655965
26635 15:59:25.338000 lstat64("/etc/ftpusers", {st_mode=S_IFREG|0644, st_size=132, ...}) = 0
26635 15:59:25.338019 open("/etc/ftpusers", O_RDONLY|O_LARGEFILE) = 5
26635 15:59:25.338030 fstat64(5, {st_mode=S_IFREG|0644, st_size=132, ...}) = 0
26635 15:59:25.338046 mmap2(NULL, 4096, PROT_READ|PROT_WRITE, MAP_PRIVATE|MAP_ANONYMOUS, -1, 0) = 0xb7f50000
26635 15:59:25.338056 read(5, "# /etc/ftpusers: list of users disallowed FTP access. See ftpusers(5).\n\nroot\ndaemon\nbin\nsys\nsync\ngames\nman\nlp\nmail\nnews\nuucp\nnobody\n", 4096) = 132
26635 15:59:25.338077 read(5, "", 4096) = 0
26635 15:59:25.338086 close(5)          = 0
26635 15:59:25.338095 munmap(0xb7f50000, 4096) = 0
26635 15:59:25.338113 getuid32()        = 0
26635 15:59:25.338130 open("/etc/passwd", O_RDONLY|0x80000 /* O_??? */) = 5
26635 15:59:25.338145 _llseek(5, 0, [0], SEEK_CUR) = 0
26635 15:59:25.338155 fstat64(5, {st_mode=S_IFREG|0644, st_size=1624, ...}) = 0
26635 15:59:25.338171 mmap2(NULL, 1624, PROT_READ, MAP_SHARED, 5, 0) = 0xb7f50000
26635 15:59:25.338182 _llseek(5, 1624, [1624], SEEK_SET) = 0
26635 15:59:25.338201 munmap(0xb7f50000, 1624) = 0
26635 15:59:25.338212 close(5)          = 0
26635 15:59:25.338235 open("/etc/shadow", O_RDONLY|0x80000 /* O_??? */) = 5
26635 15:59:25.338252 _llseek(5, 0, [0], SEEK_CUR) = 0
26635 15:59:25.338263 fstat64(5, {st_mode=S_IFREG|0640, st_size=1233, ...}) = 0
26635 15:59:25.338279 mmap2(NULL, 1233, PROT_READ, MAP_SHARED, 5, 0) = 0xb7f50000
26635 15:59:25.338289 _llseek(5, 1233, [1233], SEEK_SET) = 0
26635 15:59:25.338308 munmap(0xb7f50000, 1233) = 0
26635 15:59:25.338318 close(5)          = 0
26635 15:59:25.338335 open("/etc/passwd", O_RDONLY|0x80000 /* O_??? */) = 5
26635 15:59:25.338348 _llseek(5, 0, [0], SEEK_CUR) = 0
26635 15:59:25.338359 fstat64(5, {st_mode=S_IFREG|0644, st_size=1624, ...}) = 0
26635 15:59:25.338374 mmap2(NULL, 1624, PROT_READ, MAP_SHARED, 5, 0) = 0xb7f50000
26635 15:59:25.338385 _llseek(5, 1624, [1624], SEEK_SET) = 0
26635 15:59:25.338400 munmap(0xb7f50000, 1624) = 0
26635 15:59:25.338410 close(5)          = 0
26635 15:59:25.338422 open("/etc/shadow", O_RDONLY|0x80000 /* O_??? */) = 5
26635 15:59:25.338434 _llseek(5, 0, [0], SEEK_CUR) = 0
26635 15:59:25.338444 fstat64(5, {st_mode=S_IFREG|0640, st_size=1233, ...}) = 0
26635 15:59:25.338460 mmap2(NULL, 1233, PROT_READ, MAP_SHARED, 5, 0) = 0xb7f50000
26635 15:59:25.338470 _llseek(5, 1233, [1233], SEEK_SET) = 0
26635 15:59:25.338486 munmap(0xb7f50000, 1233) = 0
26635 15:59:25.338496 close(5)          = 0
26635 15:59:25.338763 getuid32()        = 0
26635 15:59:25.338777 open("/etc/passwd", O_RDONLY|0x80000 /* O_??? */) = 5
26635 15:59:25.338791 _llseek(5, 0, [0], SEEK_CUR) = 0
26635 15:59:25.338801 fstat64(5, {st_mode=S_IFREG|0644, st_size=1624, ...}) = 0
26635 15:59:25.338817 mmap2(NULL, 1624, PROT_READ, MAP_SHARED, 5, 0) = 0xb7f50000
26635 15:59:25.338828 _llseek(5, 1624, [1624], SEEK_SET) = 0
26635 15:59:25.338843 munmap(0xb7f50000, 1624) = 0
26635 15:59:25.338853 close(5)          = 0
26635 15:59:25.338866 open("/etc/shadow", O_RDONLY|0x80000 /* O_??? */) = 5
26635 15:59:25.338879 _llseek(5, 0, [0], SEEK_CUR) = 0
26635 15:59:25.338889 fstat64(5, {st_mode=S_IFREG|0640, st_size=1233, ...}) = 0
26635 15:59:25.338905 mmap2(NULL, 1233, PROT_READ, MAP_SHARED, 5, 0) = 0xb7f50000
26635 15:59:25.338915 _llseek(5, 1233, [1233], SEEK_SET) = 0
26635 15:59:25.338931 munmap(0xb7f50000, 1233) = 0
26635 15:59:25.338940 close(5)          = 0
26635 15:59:25.338951 time(NULL)        = 1495655965
26635 15:59:25.338966 munmap(0xb7f4d000, 12164) = 0
26635 15:59:25.338979 munmap(0xb7f4b000, 7136) = 0
26635 15:59:25.338993 munmap(0xb7d80000, 95428) = 0
26635 15:59:25.339004 munmap(0xb7d46000, 201052) = 0
26635 15:59:25.339015 munmap(0xb7d2d000, 101180) = 0
26635 15:59:25.339031 gettimeofday({1495655965, 339035}, NULL) = 0
26635 15:59:25.339042 stat64("/usr/share/zoneinfo/UTC+04:00", 0xbff1a084) = -1 ENOENT (No such file or directory)
26635 15:59:25.339058 open("/usr/share/zoneinfo/UTC+04:00", O_RDONLY) = -1 ENOENT (No such file or directory)
26635 15:59:25.339083 fcntl64(3, F_SETLKW64, {type=F_WRLCK, whence=SEEK_SET, start=0, len=0}, 0xbff1a1d4) = 0
26635 15:59:25.339099 write(3, "Wed May 24 15:59:25 2017 [pid 26635] [msfadmin] OK LOGIN: Client \"127.0.0.1\"\n", 77) = 77
26635 15:59:25.339115 fcntl64(3, F_SETLK64, {type=F_UNLCK, whence=SEEK_SET, start=0, len=0}, 0xbff1a1dc) = 0
26635 15:59:25.339128 rt_sigaction(SIGCHLD, {0x805cad0, ~[RTMIN RT_1], 0}, NULL, 8) = 0
26635 15:59:25.339142 write(4, "\1", 1 <unfinished ...>
26636 15:59:25.339151 <... read resumed> "\1", 1) = 1
26635 15:59:25.339156 <... write resumed> ) = 1
26636 15:59:25.339163 exit_group(0)     = ?
26635 15:59:25.339191 --- SIGCHLD (Child exited) @ 0 (0) ---
26635 15:59:25.339207 sigreturn()       = ? (mask now [])
26635 15:59:25.339229 wait4(-1, [{WIFEXITED(s) && WEXITSTATUS(s) == 0}], 0, NULL) = 26636
26635 15:59:25.339242 close(4)          = 0
26635 15:59:25.339253 socketpair(PF_FILE, SOCK_STREAM, 0, [4, 5]) = 0
26635 15:59:25.339265 rt_sigaction(SIGCHLD, {0x805cad0, ~[RTMIN RT_1], 0}, NULL, 8) = 0
26635 15:59:25.339279 rt_sigaction(SIGALRM, {0x805cb10, ~[RTMIN RT_1], 0}, NULL, 8) = 0
26635 15:59:25.339292 clone(child_stack=0, flags=CLONE_CHILD_CLEARTID|CLONE_CHILD_SETTID|SIGCHLD, child_tidptr=0xb7db66f8) = 26637
26637 15:59:25.339340 prctl(0x1, 0x9, 0, 0, 0) = 0
26637 15:59:25.339353 close(4)          = 0
26637 15:59:25.339380 open("/etc/passwd", O_RDONLY|0x80000 /* O_??? */) = 4
26637 15:59:25.339397 _llseek(4, 0, [0], SEEK_CUR) = 0
26637 15:59:25.339411 fstat64(4, {st_mode=S_IFREG|0644, st_size=1624, ...}) = 0
26637 15:59:25.339429 mmap2(NULL, 1624, PROT_READ, MAP_SHARED, 4, 0) = 0xb7f50000
26637 15:59:25.339440 _llseek(4, 1624, [1624], SEEK_SET) = 0
26637 15:59:25.339462 munmap(0xb7f50000, 1624) = 0
26637 15:59:25.339473 close(4)          = 0
26637 15:59:25.339486 getuid32()        = 0
26637 15:59:25.339509 open("/etc/passwd", O_RDONLY|0x80000 /* O_??? */) = 4
26637 15:59:25.339537 _llseek(4, 0, [0], SEEK_CUR) = 0
26637 15:59:25.339548 fstat64(4, {st_mode=S_IFREG|0644, st_size=1624, ...}) = 0
26637 15:59:25.339565 mmap2(NULL, 1624, PROT_READ, MAP_SHARED, 4, 0) = 0xb7f50000
26637 15:59:25.339585 _llseek(4, 1624, [1624], SEEK_SET) = 0
26637 15:59:25.339601 munmap(0xb7f50000, 1624) = 0
26637 15:59:25.339620 close(4)          = 0
26637 15:59:25.339645 open("/proc/sys/kernel/ngroups_max", O_RDONLY) = 4
26637 15:59:25.339665 read(4, "65536\n", 31) = 6
26637 15:59:25.339677 close(4)          = 0
26637 15:59:25.339690 socket(PF_FILE, SOCK_STREAM, 0) = 4
26637 15:59:25.339701 fcntl64(4, F_SETFL, O_RDWR|O_NONBLOCK) = 0
26637 15:59:25.339712 connect(4, {sa_family=AF_FILE, path="/var/run/nscd/socket"}, 110) = -1 ENOENT (No such file or directory)
26637 15:59:25.339732 close(4)          = 0
26637 15:59:25.339743 socket(PF_FILE, SOCK_STREAM, 0) = 4
26637 15:59:25.339752 fcntl64(4, F_SETFL, O_RDWR|O_NONBLOCK) = 0
26637 15:59:25.339762 connect(4, {sa_family=AF_FILE, path="/var/run/nscd/socket"}, 110) = -1 ENOENT (No such file or directory)
26637 15:59:25.339780 close(4)          = 0
26637 15:59:25.339803 open("/etc/group", O_RDONLY|0x80000 /* O_??? */) = 4
26637 15:59:25.339817 _llseek(4, 0, [0], SEEK_CUR) = 0
26637 15:59:25.339827 fstat64(4, {st_mode=S_IFREG|0644, st_size=886, ...}) = 0
26637 15:59:25.339843 mmap2(NULL, 886, PROT_READ, MAP_SHARED, 4, 0) = 0xb7f50000
26637 15:59:25.339853 _llseek(4, 886, [886], SEEK_SET) = 0
26637 15:59:25.339876 fstat64(4, {st_mode=S_IFREG|0644, st_size=886, ...}) = 0
26637 15:59:25.339893 munmap(0xb7f50000, 886) = 0
26637 15:59:25.339902 close(4)          = 0
26637 15:59:25.339912 setgroups32(13, [1000, 4, 20, 24, 25, 29, 30, 44, 46, 107, 111, 112, 119]) = 0
26637 15:59:25.339927 geteuid32()       = 0
26637 15:59:25.339937 getegid32()       = 0
26637 15:59:25.339947 setregid32(-1, 1000) = 0
26637 15:59:25.339957 setreuid32(-1, 1000) = 0
26637 15:59:25.339968 chdir("/home/msfadmin") = 0
26637 15:59:25.339979 setreuid32(-1, 0) = 0
26637 15:59:25.339988 setregid32(-1, 0) = 0
26637 15:59:25.339998 setgid32(1000)    = 0
26637 15:59:25.340007 setuid32(1000)    = 0
26637 15:59:25.340017 setrlimit(RLIMIT_NPROC, {rlim_cur=0, rlim_max=0}) = 0
26637 15:59:25.340029 mmap2(NULL, 12288, PROT_READ|PROT_WRITE, MAP_PRIVATE|MAP_ANONYMOUS, -1, 0) = 0xb7f4e000
26637 15:59:25.340040 mprotect(0xb7f50000, 4096, PROT_NONE) = 0
26637 15:59:25.340051 mprotect(0xb7f4e000, 4096, PROT_NONE) = 0
26637 15:59:25.340062 getcwd("/home/msfadmin", 4096) = 15
26637 15:59:25.340074 umask(022)        = 077
26637 15:59:25.340084 getcwd("/home/msfadmin", 4096) = 15
26637 15:59:25.340097 open(".message", O_RDONLY|O_NONBLOCK|O_LARGEFILE) = -1 ENOENT (No such file or directory)
26637 15:59:25.340118 write(0, "230 Login successful.\r\n", 23) = 23
26637 15:59:25.340198 rt_sigaction(SIGALRM, {0x805cad0, ~[RTMIN RT_1], 0}, NULL, 8) = 0
26637 15:59:25.340217 alarm(300)        = 0
26637 15:59:25.340228 mmap2(NULL, 12288, PROT_READ|PROT_WRITE, MAP_PRIVATE|MAP_ANONYMOUS, -1, 0) = 0xb7f4b000
26637 15:59:25.340239 mprotect(0xb7f4d000, 4096, PROT_NONE) = 0
26637 15:59:25.340250 mprotect(0xb7f4b000, 4096, PROT_NONE) = 0
26637 15:59:25.340262 recv(0, "TYPE I\r\n", 4096, MSG_PEEK) = 8
26637 15:59:25.340274 read(0, "TYPE I\r\n", 8) = 8
26637 15:59:25.340291 write(0, "200 Switching to Binary mode.\r\n", 31) = 31
26637 15:59:25.340329 rt_sigaction(SIGALRM, {0x805cad0, ~[RTMIN RT_1], 0}, NULL, 8) = 0
26637 15:59:25.340343 alarm(300)        = 300
26637 15:59:25.340353 recv(0, "PASV\r\n", 4096, MSG_PEEK) = 6
26637 15:59:25.340364 read(0, "PASV\r\n", 6) = 6
26637 15:59:25.340376 write(5, "\n", 1) = 1
26637 15:59:25.340386 read(5,  <unfinished ...>
26635 15:59:25.340398 close(5)          = 0
26635 15:59:25.340410 getuid32()        = 0
26635 15:59:25.340425 open("/etc/passwd", O_RDONLY|0x80000 /* O_??? */) = 5
26635 15:59:25.340439 _llseek(5, 0, [0], SEEK_CUR) = 0
26635 15:59:25.340451 fstat64(5, {st_mode=S_IFREG|0644, st_size=1624, ...}) = 0
26635 15:59:25.340506 mmap2(NULL, 1624, PROT_READ, MAP_SHARED, 5, 0) = 0xb7f50000
26635 15:59:25.340528 _llseek(5, 1624, [1624], SEEK_SET) = 0
26635 15:59:25.340555 munmap(0xb7f50000, 1624) = 0
26635 15:59:25.340566 close(5)          = 0
26635 15:59:25.340582 setgroups32(0, []) = 0
26635 15:59:25.340593 chdir("/usr/share/empty") = 0
26635 15:59:25.340604 chroot(".")       = 0
26635 15:59:25.340615 capset(NULL, NULL) = -1 EFAULT (Bad address)
26635 15:59:25.340627 prctl(0x8, 0, 0xbff1a1b8, 0x80549a6, 0xbff1a1a0) = 0
26635 15:59:25.340638 prctl(0x8, 0x1, 0xbff1a1b8, 0x8054a49, 0xbff1a1a0) = 0
26635 15:59:25.340648 setgid32(65534)   = 0
26635 15:59:25.340657 setuid32(65534)   = 0
26635 15:59:25.340666 capset(0x19980330, 0, {CAP_NET_BIND_SERVICE, CAP_NET_BIND_SERVICE, 0}) = 0
26635 15:59:25.340678 read(4, "\n", 1)  = 1
26635 15:59:25.340691 write(4, "\1", 1) = 1
26637 15:59:25.340701 <... read resumed> "\1", 1) = 1
26637 15:59:25.340709 write(5, "\f", 1) = 1
26637 15:59:25.340718 read(5,  <unfinished ...>
26635 15:59:25.340725 read(4, "\f", 1)  = 1
26635 15:59:25.340736 socket(PF_INET, SOCK_STREAM, IPPROTO_TCP) = 5
26635 15:59:25.340749 setsockopt(5, SOL_SOCKET, SO_REUSEADDR, [1], 4) = 0
26635 15:59:25.340760 gettimeofday({1495655965, 340763}, NULL) = 0
26635 15:59:25.340775 bind(5, {sa_family=AF_INET, sin_port=htons(56927), sin_addr=inet_addr("127.0.0.1")}, 16) = 0
26635 15:59:25.340790 listen(5, 1)      = 0
26635 15:59:25.340803 write(4, "_\336\0\0", 4) = 4
26637 15:59:25.340813 <... read resumed> "_\336\0\0", 4) = 4
26637 15:59:25.340826 write(0, "227 Entering Passive Mode (127,0,0,1,222,95).\r\n", 47) = 47
26637 15:59:25.340920 rt_sigaction(SIGALRM, {0x805cad0, ~[RTMIN RT_1], 0}, NULL, 8) = 0
26637 15:59:25.340936 alarm(300)        = 300
26637 15:59:25.340947 recv(0, "STOR myfile1\r\n", 4096, MSG_PEEK) = 14
26637 15:59:25.340958 read(0, "STOR myfile1\r\n", 14) = 14
26637 15:59:25.340973 write(5, "\v", 1) = 1
26637 15:59:25.340983 read(5,  <unfinished ...>
26635 15:59:25.340990 read(4, "\v", 1)  = 1
26635 15:59:25.341000 write(4, "\1\0\0\0", 4) = 4
26637 15:59:25.341010 <... read resumed> "\1\0\0\0", 4) = 4
26637 15:59:25.341018 gettimeofday({1495655965, 341022}, NULL) = 0
26637 15:59:25.341028 getcwd("/home/msfadmin", 4096) = 15
26637 15:59:25.341040 open("myfile1", O_WRONLY|O_CREAT|O_NONBLOCK|O_LARGEFILE, 0666) = 4
26637 15:59:25.341053 fstat64(4, {st_mode=S_IFREG|0644, st_size=17, ...}) = 0
26637 15:59:25.341069 fcntl64(4, F_GETFL) = 0x8801 (flags O_WRONLY|O_NONBLOCK|O_LARGEFILE)
26637 15:59:25.341079 fcntl64(4, F_SETFL, O_WRONLY|O_LARGEFILE) = 0
26637 15:59:25.341089 fcntl64(4, F_SETLKW64, {type=F_WRLCK, whence=SEEK_SET, start=0, len=0}, 0xbff1a104) = 0
26637 15:59:25.341103 ftruncate64(4, 0) = 0
26637 15:59:25.341130 _llseek(4, 0, [0], SEEK_SET) = 0
26637 15:59:25.341142 write(5, "\v", 1) = 1
26637 15:59:25.341152 read(5,  <unfinished ...>
26635 15:59:25.341159 read(4, "\v", 1)  = 1
26635 15:59:25.341173 write(4, "\1\0\0\0", 4 <unfinished ...>
26637 15:59:25.341181 <... read resumed> "\1\0\0\0", 4) = 4
26635 15:59:25.341186 <... write resumed> ) = 4
26637 15:59:25.341192 write(5, "\v", 1) = 1
26637 15:59:25.341202 read(5,  <unfinished ...>
26635 15:59:25.341208 read(4, "\v", 1)  = 1
26635 15:59:25.341218 write(4, "\1\0\0\0", 4 <unfinished ...>
26637 15:59:25.341225 <... read resumed> "\1\0\0\0", 4) = 4
26635 15:59:25.341230 <... write resumed> ) = 4
26637 15:59:25.341236 write(5, "\r", 1) = 1
26637 15:59:25.341246 read(5,  <unfinished ...>
26635 15:59:25.341252 read(4, "\r", 1)  = 1
26635 15:59:25.341264 select(6, [5], NULL, NULL, {60, 0}) = 1 (in [5], left {60, 0})
26635 15:59:25.341280 accept(5, {sa_family=AF_INET, sin_port=htons(56613), sin_addr=inet_addr("127.0.0.1")}, [16]) = 6
26635 15:59:25.341301 write(4, "\1", 1 <unfinished ...>
26637 15:59:25.341309 <... read resumed> "\1", 1) = 1
26635 15:59:25.341314 <... write resumed> ) = 1
26637 15:59:25.341322 recvmsg(5,  <unfinished ...>
26635 15:59:25.341331 sendmsg(4, {msg_name(0)=NULL, msg_iov(1)=[{"\0", 1}], msg_controllen=16, {cmsg_len=16, cmsg_level=SOL_SOCKET, cmsg_type=SCM_RIGHTS, {6}}, msg_flags=0}, 0 <unfinished ...>
26637 15:59:25.341345 <... recvmsg resumed> {msg_name(0)=NULL, msg_iov(1)=[{"\0", 1}], msg_controllen=16, {cmsg_len=16, cmsg_level=SOL_SOCKET, cmsg_type=SCM_RIGHTS, {6}}, msg_flags=0}, 0) = 1
26635 15:59:25.341354 <... sendmsg resumed> ) = 1
26637 15:59:25.341361 setsockopt(6, SOL_SOCKET, SO_KEEPALIVE, [1], 4) = 0
26637 15:59:25.341373 setsockopt(6, SOL_IP, IP_TOS, [8], 4) = 0
26637 15:59:25.341384 setsockopt(6, SOL_SOCKET, SO_LINGER, {onoff=1, linger=32767}, 8) = 0
26637 15:59:25.341395 rt_sigaction(SIGALRM, {0x805cad0, ~[RTMIN RT_1], 0}, NULL, 8) = 0
26637 15:59:25.341426 alarm(300)        = 300
26637 15:59:25.341452 write(0, "150 Ok to send data.\r\n", 22) = 22
26637 15:59:25.341536 mmap2(NULL, 77824, PROT_READ|PROT_WRITE, MAP_PRIVATE|MAP_ANONYMOUS, -1, 0) = 0xb7d85000
26637 15:59:25.341550 mprotect(0xb7d97000, 4096, PROT_NONE) = 0
26637 15:59:25.341561 mprotect(0xb7d85000, 4096, PROT_NONE) = 0
26637 15:59:25.341571 read(6, "assasaaa\na\na\na\na\n", 65536) = 17
26637 15:59:25.341584 write(4, "assasaaa\na\na\na\na\n", 17) = 17
26637 15:59:25.341599 read(6, "", 65536) = 0
26637 15:59:25.341609 rt_sigaction(SIGALRM, {0x805cad0, ~[RTMIN RT_1], 0}, NULL, 8) = 0
26637 15:59:25.341622 alarm(300)        = 300
26637 15:59:25.341631 close(6)          = 0
26637 15:59:25.341640 alarm(0)          = 300
26637 15:59:25.341649 gettimeofday({1495655965, 341652}, NULL) = 0
26637 15:59:25.341666 getpid()          = 26637
26637 15:59:25.341677 gettimeofday({1495655965, 341681}, NULL) = 0
26637 15:59:25.341694 fcntl64(3, F_SETLKW64, {type=F_WRLCK, whence=SEEK_SET, start=0, len=0}, 0xbff1a0a4) = 0
26637 15:59:25.341708 write(3, "Wed May 24 15:59:25 2017 [pid 26637] [msfadmin] OK UPLOAD: Client \"127.0.0.1\", \"/home/msfadmin/myfile1\", 17 bytes, 25.19Kbyte/sec\n", 130) = 130
26637 15:59:25.341727 fcntl64(3, F_SETLK64, {type=F_UNLCK, whence=SEEK_SET, start=0, len=0}, 0xbff1a0ac) = 0
26637 15:59:25.341741 write(0, "226 Transfer complete.\r\n", 24) = 24
26637 15:59:25.341780 write(5, "\n", 1) = 1
26637 15:59:25.341792 read(5,  <unfinished ...>
26635 15:59:25.341799 close(6)          = 0
26635 15:59:25.341816 read(4, "\n", 1)  = 1
26635 15:59:25.341827 close(5)          = 0
26635 15:59:25.341837 write(4, "\1", 1 <unfinished ...>
26637 15:59:25.341845 <... read resumed> "\1", 1) = 1
26635 15:59:25.341849 <... write resumed> ) = 1
26637 15:59:25.341855 close(4)          = 0
26637 15:59:25.341865 rt_sigaction(SIGALRM, {0x805cad0, ~[RTMIN RT_1], 0}, NULL, 8) = 0
26637 15:59:25.341878 alarm(300)        = 0
26637 15:59:25.341888 recv(0,  <unfinished ...>
26635 15:59:25.341895 read(4,  <unfinished ...>
26637 15:59:25.891336 <... recv resumed> "TYPE I\r\n", 4096, MSG_PEEK) = 8
26637 15:59:25.891369 read(0, "TYPE I\r\n", 8) = 8
26637 15:59:25.891392 write(0, "200 Switching to Binary mode.\r\n", 31) = 31
26637 15:59:25.891444 rt_sigaction(SIGALRM, {0x805cad0, ~[RTMIN RT_1], 0}, NULL, 8) = 0
26637 15:59:25.891492 alarm(300)        = 299
26637 15:59:25.891507 recv(0, "PASV\r\n", 4096, MSG_PEEK) = 6
26637 15:59:25.891520 read(0, "PASV\r\n", 6) = 6
26637 15:59:25.891532 write(5, "\n", 1) = 1
26637 15:59:25.891545 read(5,  <unfinished ...>
26635 15:59:25.891554 <... read resumed> "\n", 1) = 1
26635 15:59:25.891562 write(4, "\1", 1 <unfinished ...>
26637 15:59:25.891570 <... read resumed> "\1", 1) = 1
26635 15:59:25.891575 <... write resumed> ) = 1
26637 15:59:25.891582 write(5, "\f", 1) = 1
26637 15:59:25.891592 read(5,  <unfinished ...>
26635 15:59:25.891599 read(4, "\f", 1)  = 1
26635 15:59:25.891611 socket(PF_INET, SOCK_STREAM, IPPROTO_TCP) = 5
26635 15:59:25.891630 setsockopt(5, SOL_SOCKET, SO_REUSEADDR, [1], 4) = 0
26635 15:59:25.891648 bind(5, {sa_family=AF_INET, sin_port=htons(44692), sin_addr=inet_addr("127.0.0.1")}, 16) = 0
26635 15:59:25.891666 listen(5, 1)      = 0
26635 15:59:25.891680 write(4, "\224\256\0\0", 4 <unfinished ...>
26637 15:59:25.891688 <... read resumed> "\224\256\0\0", 4) = 4
26635 15:59:25.891693 <... write resumed> ) = 4
26637 15:59:25.891704 write(0, "227 Entering Passive Mode (127,0,0,1,174,148).\r\n", 48) = 48
26637 15:59:25.891823 rt_sigaction(SIGALRM, {0x805cad0, ~[RTMIN RT_1], 0}, NULL, 8) = 0
26637 15:59:25.891840 alarm(300)        = 300
26637 15:59:25.891851 recv(0, "STOR myfile2\r\n", 4096, MSG_PEEK) = 14
26637 15:59:25.891864 read(0, "STOR myfile2\r\n", 14) = 14
26637 15:59:25.891878 write(5, "\v", 1) = 1
26637 15:59:25.891888 read(5,  <unfinished ...>
26635 15:59:25.891895 read(4, "\v", 1)  = 1
26635 15:59:25.891907 write(4, "\1\0\0\0", 4 <unfinished ...>
26637 15:59:25.891914 <... read resumed> "\1\0\0\0", 4) = 4
26635 15:59:25.891920 <... write resumed> ) = 4
26637 15:59:25.891927 gettimeofday({1495655965, 891930}, NULL) = 0
26637 15:59:25.891938 getcwd("/home/msfadmin", 4096) = 15
26637 15:59:25.891950 open("myfile2", O_WRONLY|O_CREAT|O_NONBLOCK|O_LARGEFILE, 0666) = 4
26637 15:59:25.891979 fstat64(4, {st_mode=S_IFREG|0644, st_size=17, ...}) = 0
26637 15:59:25.891998 fcntl64(4, F_GETFL) = 0x8801 (flags O_WRONLY|O_NONBLOCK|O_LARGEFILE)
26637 15:59:25.892010 fcntl64(4, F_SETFL, O_WRONLY|O_LARGEFILE) = 0
26637 15:59:25.892020 fcntl64(4, F_SETLKW64, {type=F_WRLCK, whence=SEEK_SET, start=0, len=0}, 0xbff1a104) = 0
26637 15:59:25.892035 ftruncate64(4, 0) = 0
26637 15:59:25.892053 _llseek(4, 0, [0], SEEK_SET) = 0
26637 15:59:25.892065 write(5, "\v", 1) = 1
26637 15:59:25.892076 read(5,  <unfinished ...>
26635 15:59:25.892083 read(4, "\v", 1)  = 1
26635 15:59:25.892094 write(4, "\1\0\0\0", 4 <unfinished ...>
26637 15:59:25.892102 <... read resumed> "\1\0\0\0", 4) = 4
26635 15:59:25.892107 <... write resumed> ) = 4
26637 15:59:25.892113 write(5, "\v", 1) = 1
26637 15:59:25.892123 read(5,  <unfinished ...>
26635 15:59:25.892130 read(4, "\v", 1)  = 1
26635 15:59:25.892140 write(4, "\1\0\0\0", 4 <unfinished ...>
26637 15:59:25.892148 <... read resumed> "\1\0\0\0", 4) = 4
26635 15:59:25.892153 <... write resumed> ) = 4
26637 15:59:25.892159 write(5, "\r", 1) = 1
26637 15:59:25.892169 read(5,  <unfinished ...>
26635 15:59:25.892176 read(4, "\r", 1)  = 1
26635 15:59:25.892188 select(6, [5], NULL, NULL, {60, 0}) = 1 (in [5], left {60, 0})
26635 15:59:25.892204 accept(5, {sa_family=AF_INET, sin_port=htons(58569), sin_addr=inet_addr("127.0.0.1")}, [16]) = 6
26635 15:59:25.892227 write(4, "\1", 1 <unfinished ...>
26637 15:59:25.892235 <... read resumed> "\1", 1) = 1
26635 15:59:25.892240 <... write resumed> ) = 1
26637 15:59:25.892248 recvmsg(5,  <unfinished ...>
26635 15:59:25.892256 sendmsg(4, {msg_name(0)=NULL, msg_iov(1)=[{"\0", 1}], msg_controllen=16, {cmsg_len=16, cmsg_level=SOL_SOCKET, cmsg_type=SCM_RIGHTS, {6}}, msg_flags=0}, 0 <unfinished ...>
26637 15:59:25.892271 <... recvmsg resumed> {msg_name(0)=NULL, msg_iov(1)=[{"\0", 1}], msg_controllen=16, {cmsg_len=16, cmsg_level=SOL_SOCKET, cmsg_type=SCM_RIGHTS, {6}}, msg_flags=0}, 0) = 1
26635 15:59:25.892281 <... sendmsg resumed> ) = 1
26637 15:59:25.892289 setsockopt(6, SOL_SOCKET, SO_KEEPALIVE, [1], 4) = 0
26637 15:59:25.892305 setsockopt(6, SOL_IP, IP_TOS, [8], 4) = 0
26637 15:59:25.892318 setsockopt(6, SOL_SOCKET, SO_LINGER, {onoff=1, linger=32767}, 8) = 0
26637 15:59:25.892329 rt_sigaction(SIGALRM, {0x805cad0, ~[RTMIN RT_1], 0}, NULL, 8) = 0
26637 15:59:25.892343 alarm(300)        = 300
26637 15:59:25.892356 write(0, "150 Ok to send data.\r\n", 22) = 22
26637 15:59:25.892425 read(6, "assasaaa\na\na\na\na\n", 65536) = 17
26637 15:59:25.892440 write(4, "assasaaa\na\na\na\na\n", 17) = 17
26637 15:59:25.892488 read(6, "", 65536) = 0
26637 15:59:25.892501 rt_sigaction(SIGALRM, {0x805cad0, ~[RTMIN RT_1], 0}, NULL, 8) = 0
26637 15:59:25.892515 alarm(300)        = 300
26637 15:59:25.892525 close(6)          = 0
26637 15:59:25.892535 alarm(0)          = 300
26637 15:59:25.892544 gettimeofday({1495655965, 892548}, NULL) = 0
26637 15:59:25.892560 gettimeofday({1495655965, 892564}, NULL) = 0
26637 15:59:25.892575 fcntl64(3, F_SETLKW64, {type=F_WRLCK, whence=SEEK_SET, start=0, len=0}, 0xbff1a0a4) = 0
26637 15:59:25.892589 write(3, "Wed May 24 15:59:25 2017 [pid 26637] [msfadmin] OK UPLOAD: Client \"127.0.0.1\", \"/home/msfadmin/myfile2\", 17 bytes, 26.19Kbyte/sec\n", 130) = 130
26637 15:59:25.892611 fcntl64(3, F_SETLK64, {type=F_UNLCK, whence=SEEK_SET, start=0, len=0}, 0xbff1a0ac) = 0
26637 15:59:25.892625 write(0, "226 Transfer complete.\r\n", 24) = 24
26637 15:59:25.892673 write(5, "\n", 1) = 1
26637 15:59:25.892685 read(5,  <unfinished ...>
26635 15:59:25.892692 close(6)          = 0
26635 15:59:25.892711 read(4, "\n", 1)  = 1
26635 15:59:25.892722 close(5)          = 0
26635 15:59:25.892733 write(4, "\1", 1 <unfinished ...>
26637 15:59:25.892741 <... read resumed> "\1", 1) = 1
26635 15:59:25.892747 <... write resumed> ) = 1
26637 15:59:25.892753 close(4)          = 0
26637 15:59:25.892763 rt_sigaction(SIGALRM, {0x805cad0, ~[RTMIN RT_1], 0}, NULL, 8) = 0
26637 15:59:25.892777 alarm(300)        = 0
26637 15:59:25.892788 recv(0,  <unfinished ...>
26635 15:59:25.892795 read(4,  <unfinished ...>
26637 15:59:26.422419 <... recv resumed> "TYPE I\r\n", 4096, MSG_PEEK) = 8
26637 15:59:26.422448 read(0, "TYPE I\r\n", 8) = 8
26637 15:59:26.422470 write(0, "200 Switching to Binary mode.\r\n", 31) = 31
26637 15:59:26.422517 rt_sigaction(SIGALRM, {0x805cad0, ~[RTMIN RT_1], 0}, NULL, 8) = 0
26637 15:59:26.422535 alarm(300)        = 299
26637 15:59:26.422547 recv(0, "PASV\r\n", 4096, MSG_PEEK) = 6
26637 15:59:26.422558 read(0, "PASV\r\n", 6) = 6
26637 15:59:26.422570 write(5, "\n", 1) = 1
26637 15:59:26.422582 read(5,  <unfinished ...>
26635 15:59:26.422591 <... read resumed> "\n", 1) = 1
26635 15:59:26.422600 write(4, "\1", 1 <unfinished ...>
26637 15:59:26.422608 <... read resumed> "\1", 1) = 1
26635 15:59:26.422612 <... write resumed> ) = 1
26637 15:59:26.422619 write(5, "\f", 1) = 1
26637 15:59:26.422628 read(5,  <unfinished ...>
26635 15:59:26.422635 read(4, "\f", 1)  = 1
26635 15:59:26.422647 socket(PF_INET, SOCK_STREAM, IPPROTO_TCP) = 5
26635 15:59:26.422662 setsockopt(5, SOL_SOCKET, SO_REUSEADDR, [1], 4) = 0
26635 15:59:26.422676 bind(5, {sa_family=AF_INET, sin_port=htons(62546), sin_addr=inet_addr("127.0.0.1")}, 16) = 0
26635 15:59:26.422692 listen(5, 1)      = 0
26635 15:59:26.422706 write(4, "R\364\0\0", 4 <unfinished ...>
26637 15:59:26.422714 <... read resumed> "R\364\0\0", 4) = 4
26635 15:59:26.422719 <... write resumed> ) = 4
26637 15:59:26.422730 write(0, "227 Entering Passive Mode (127,0,0,1,244,82).\r\n", 47) = 47
26637 15:59:26.422840 rt_sigaction(SIGALRM, {0x805cad0, ~[RTMIN RT_1], 0}, NULL, 8) = 0
26637 15:59:26.422857 alarm(300)        = 300
26637 15:59:26.422868 recv(0, "STOR myfile3\r\n", 4096, MSG_PEEK) = 14
26637 15:59:26.422870 read(0, "STOR myfile3\r\n", 14) = 14
26637 15:59:26.422870 write(5, "\v", 1) = 1
26637 15:59:26.422871 read(5,  <unfinished ...>
26635 15:59:26.422871 read(4, "\v", 1)  = 1
26635 15:59:26.422871 write(4, "\1\0\0\0", 4 <unfinished ...>
26637 15:59:26.422871 <... read resumed> "\1\0\0\0", 4) = 4
26635 15:59:26.422871 <... write resumed> ) = 4
26637 15:59:26.422871 gettimeofday({1495655966, 422871}, NULL) = 0
26637 15:59:26.422872 getcwd("/home/msfadmin", 4096) = 15
26637 15:59:26.422872 open("myfile3", O_WRONLY|O_CREAT|O_NONBLOCK|O_LARGEFILE, 0666) = 4
26637 15:59:26.422872 fstat64(4, {st_mode=S_IFREG|0644, st_size=17, ...}) = 0
26637 15:59:26.422872 fcntl64(4, F_GETFL) = 0x8801 (flags O_WRONLY|O_NONBLOCK|O_LARGEFILE)
26637 15:59:26.422873 fcntl64(4, F_SETFL, O_WRONLY|O_LARGEFILE) = 0
26637 15:59:26.422873 fcntl64(4, F_SETLKW64, {type=F_WRLCK, whence=SEEK_SET, start=0, len=0}, 0xbff1a104) = 0
26637 15:59:26.422873 ftruncate64(4, 0) = 0
26637 15:59:26.422873 _llseek(4, 0, [0], SEEK_SET) = 0
26637 15:59:26.422873 write(5, "\v", 1) = 1
26637 15:59:26.422874 read(5,  <unfinished ...>
26635 15:59:26.422877 read(4, "\v", 1)  = 1
26635 15:59:26.422888 write(4, "\1\0\0\0", 4 <unfinished ...>
26637 15:59:26.422896 <... read resumed> "\1\0\0\0", 4) = 4
26635 15:59:26.422901 <... write resumed> ) = 4
26637 15:59:26.422907 write(5, "\v", 1) = 1
26637 15:59:26.422916 read(5,  <unfinished ...>
26635 15:59:26.422922 read(4, "\v", 1)  = 1
26635 15:59:26.422933 write(4, "\1\0\0\0", 4 <unfinished ...>
26637 15:59:26.422940 <... read resumed> "\1\0\0\0", 4) = 4
26635 15:59:26.422945 <... write resumed> ) = 4
26637 15:59:26.422951 write(5, "\r", 1) = 1
26637 15:59:26.422960 read(5,  <unfinished ...>
26635 15:59:26.422967 read(4, "\r", 1)  = 1
26635 15:59:26.422978 select(6, [5], NULL, NULL, {60, 0}) = 1 (in [5], left {60, 0})
26635 15:59:26.422993 accept(5, {sa_family=AF_INET, sin_port=htons(43852), sin_addr=inet_addr("127.0.0.1")}, [16]) = 6
26635 15:59:26.423015 write(4, "\1", 1 <unfinished ...>
26637 15:59:26.423023 <... read resumed> "\1", 1) = 1
26635 15:59:26.423028 <... write resumed> ) = 1
26637 15:59:26.423035 recvmsg(5,  <unfinished ...>
26635 15:59:26.423043 sendmsg(4, {msg_name(0)=NULL, msg_iov(1)=[{"\0", 1}], msg_controllen=16, {cmsg_len=16, cmsg_level=SOL_SOCKET, cmsg_type=SCM_RIGHTS, {6}}, msg_flags=0}, 0 <unfinished ...>
26637 15:59:26.423058 <... recvmsg resumed> {msg_name(0)=NULL, msg_iov(1)=[{"\0", 1}], msg_controllen=16, {cmsg_len=16, cmsg_level=SOL_SOCKET, cmsg_type=SCM_RIGHTS, {6}}, msg_flags=0}, 0) = 1
26635 15:59:26.423068 <... sendmsg resumed> ) = 1
26637 15:59:26.423075 setsockopt(6, SOL_SOCKET, SO_KEEPALIVE, [1], 4) = 0
26637 15:59:26.423087 setsockopt(6, SOL_IP, IP_TOS, [8], 4) = 0
26637 15:59:26.423099 setsockopt(6, SOL_SOCKET, SO_LINGER, {onoff=1, linger=32767}, 8) = 0
26637 15:59:26.423110 rt_sigaction(SIGALRM, {0x805cad0, ~[RTMIN RT_1], 0}, NULL, 8) = 0
26637 15:59:26.423123 alarm(300)        = 300
26637 15:59:26.423136 write(0, "150 Ok to send data.\r\n", 22) = 22
26637 15:59:26.423201 read(6, "assasaaa\na\na\na\na\n", 65536) = 17
26637 15:59:26.423215 write(4, "assasaaa\na\na\na\na\n", 17) = 17
26637 15:59:26.423231 read(6, "", 65536) = 0
26637 15:59:26.423241 rt_sigaction(SIGALRM, {0x805cad0, ~[RTMIN RT_1], 0}, NULL, 8) = 0
26637 15:59:26.423254 alarm(300)        = 300
26637 15:59:26.423264 close(6)          = 0
26637 15:59:26.423273 alarm(0)          = 300
26637 15:59:26.423282 gettimeofday({1495655966, 423285}, NULL) = 0
26637 15:59:26.423297 gettimeofday({1495655966, 423301}, NULL) = 0
26637 15:59:26.423311 fcntl64(3, F_SETLKW64, {type=F_WRLCK, whence=SEEK_SET, start=0, len=0}, 0xbff1a0a4) = 0
26637 15:59:26.423325 write(3, "Wed May 24 15:59:26 2017 [pid 26637] [msfadmin] OK UPLOAD: Client \"127.0.0.1\", \"/home/msfadmin/myfile3\", 17 bytes, 38.61Kbyte/sec\n", 130) = 130
26637 15:59:26.423346 fcntl64(3, F_SETLK64, {type=F_UNLCK, whence=SEEK_SET, start=0, len=0}, 0xbff1a0ac) = 0
26637 15:59:26.423360 write(0, "226 Transfer complete.\r\n", 24) = 24
26637 15:59:26.423402 write(5, "\n", 1) = 1
26637 15:59:26.423414 read(5,  <unfinished ...>
26635 15:59:26.423420 close(6)          = 0
26635 15:59:26.423438 read(4, "\n", 1)  = 1
26635 15:59:26.423450 close(5)          = 0
26635 15:59:26.423460 write(4, "\1", 1 <unfinished ...>
26637 15:59:26.423468 <... read resumed> "\1", 1) = 1
26635 15:59:26.423473 <... write resumed> ) = 1
26637 15:59:26.423478 close(4)          = 0
26637 15:59:26.423492 rt_sigaction(SIGALRM, {0x805cad0, ~[RTMIN RT_1], 0}, NULL, 8) = 0
26637 15:59:26.423505 alarm(300)        = 0
26637 15:59:26.423516 recv(0,  <unfinished ...>
26635 15:59:26.423523 read(4,  <unfinished ...>
