22684 14:57:49.781186 open("/etc/pam.d/common-auth", O_RDONLY|O_LARGEFILE) = 6
22684 14:57:49.781200 fstat64(6, {st_mode=S_IFREG|0644, st_size=476, ...}) = 0
22684 14:57:49.781216 mmap2(NULL, 4096, PROT_READ|PROT_WRITE, MAP_PRIVATE|MAP_ANONYMOUS, -1, 0) = 0xb7ee7000
22684 14:57:49.781227 read(6, "#\n# /etc/pam.d/common-auth - authentication settings common to all services\n#\n# This file is included from other service-specific PAM config files,\n# and should contain a list of the authentication modules that define\n# the central authentication scheme for use on the system\n# (e.g., /etc/shadow, LDAP, Kerberos, etc.).  The default is to use the\n# traditional Unix authentication mechanisms.\n#\nauth\trequisite\tpam_unix.so nullok_secure\n# auth\toptional\tpam_smbpass.so migrate\n", 4096) = 476
22684 14:57:49.781275 open("/lib/security/pam_unix.so", O_RDONLY) = 7
22684 14:57:49.781288 read(7, "\177ELF\1\1\1\0\0\0\0\0\0\0\0\0\3\0\3\0\1\0\0\0\20\37\0\0004\0\0\0\374\264\0\0\0\0\0\0004\0 \0\4\0(\0\32\0\31\0\1\0\0\0\0\0\0\0\0\0\0\0\0\0\0\0x\257\0\0x\257\0\0\5\0\0\0\0\20\0\0\1\0\0\0\0\260\0\0\0\260\0\0\0\260\0\0$\4\0\0\304\304\0\0\6\0\0\0\0\20\0\0\2\0\0\0d\261\0\0d\261\0\0d\261\0\0\360\0\0\0\360\0\0\0\6\0\0\0\4\0\0\0Q\345td\0\0\0\0\0\0\0\0\0\0\0\0\0\0\0\0\0\0\0\0\6\0\0\0\4\0\0\0\333\0\0\0p\0\0\0\0\0\0\0\0\0\0\0\0\0\0\0\0\0\0\0Z\0\0\0\0\0\0\0[\0\0\0\0\0\0\0\0\0\0\0\0\0\0\0>\0\0\0Y\0\0\0\0\0\0\0\0\0\0\0\n\0\0\0\0\0\0\0\0\0\0\0\0\0\0\0\0\0\0\0\0\0\0\0\0\0\0\0\0\0\0\0\f\0\0\0]\0\0\0\30\0\0\0\0\0\0\0\5\0\0\0\36\0\0\0,\0\0\0k\0\0\0\33\0\0\0_\0\0\0\0\0\0\0\0\0\0\0U\0\0\0\0\0\0\0d\0\0\0\0\0\0\0\27\0\0\0f\0\0\0^\0\0\0\0\0\0\0\0\0\0\0B\0\0\0\0\0\0\0\0\0\0\0\0\0\0\0a\0\0\0\10\0\0\0\0\0\0\0\0\0\0\0\0\0\0\0\0\0\0\0\17\0\0\0\0\0\0\0\0\0\0\0\0\0\0\0`\0\0\0\t\0\0\0\35\0\0\0$\0\0\0\0\0\0\0004\0\0\0002\0\0\0\21\0\0\0W\0\0\0\r\0\0\0\0\0\0\0001\0\0\0n\0\0\0\0\0\0\0006\0\0\0\0\0\0\0\0\0\0\0\0\0\0\0\32\0\0\0\37\0\0\0\0\0\0\0\0\0\0\0.\0\0\0!\0\0\0", 512) = 512
22684 14:57:49.781377 fstat64(7, {st_mode=S_IFREG|0644, st_size=47372, ...}) = 0
22684 14:57:49.781394 mmap2(NULL, 95428, PROT_READ|PROT_EXEC, MAP_PRIVATE|MAP_DENYWRITE, 7, 0) = 0xb7d1d000
22684 14:57:49.781406 mmap2(0xb7d28000, 4096, PROT_READ|PROT_WRITE, MAP_PRIVATE|MAP_FIXED|MAP_DENYWRITE, 7, 0xb) = 0xb7d28000
22684 14:57:49.781422 mmap2(0xb7d29000, 46276, PROT_READ|PROT_WRITE, MAP_PRIVATE|MAP_FIXED|MAP_ANONYMOUS, -1, 0) = 0xb7d29000
22684 14:57:49.781433 close(7)          = 0
22684 14:57:49.781445 open("/etc/ld.so.cache", O_RDONLY) = 7
22684 14:57:49.781458 fstat64(7, {st_mode=S_IFREG|0644, st_size=29913, ...}) = 0
22684 14:57:49.781474 mmap2(NULL, 29913, PROT_READ, MAP_PRIVATE, 7, 0) = 0xb7d15000
22684 14:57:49.781484 close(7)          = 0
22684 14:57:49.781495 access("/etc/ld.so.nohwcap", F_OK) = -1 ENOENT (No such file or directory)
22684 14:57:49.781510 open("/lib/tls/i686/cmov/libcrypt.so.1", O_RDONLY) = 7
22684 14:57:49.781525 read(7, "\177ELF\1\1\1\0\0\0\0\0\0\0\0\0\3\0\3\0\1\0\0\0000\7\0\0004\0\0\0<\221\0\0\0\0\0\0004\0 \0\10\0(\0\34\0\33\0\6\0\0\0004\0\0\0004\0\0\0004\0\0\0\0\1\0\0\0\1\0\0\5\0\0\0\4\0\0\0\3\0\0\0\340\210\0\0\340\210\0\0\340\210\0\0\23\0\0\0\23\0\0\0\4\0\0\0\1\0\0\0\1\0\0\0\0\0\0\0\0\0\0\0\0\0\0\0\f\212\0\0\f\212\0\0\5\0\0\0\0\20\0\0\1\0\0\0\350\216\0\0\350\236\0\0\350\236\0\0`\1\0\0tr\2\0\6\0\0\0\0\20\0\0\2\0\0\0\374\216\0\0\374\236\0\0\374\236\0\0\340\0\0\0\340\0\0\0\6\0\0\0\4\0\0\0\4\0\0\0004\1\0\0004\1\0\0004\1\0\0 \0\0\0 \0\0\0\4\0\0\0\4\0\0\0Q\345td\0\0\0\0\0\0\0\0\0\0\0\0\0\0\0\0\0\0\0\0\6\0\0\0\4\0\0\0R\345td\350\216\0\0\350\236\0\0\350\236\0\0\f\1\0\0\f\1\0\0\4\0\0\0\1\0\0\0\4\0\0\0\20\0\0\0\1\0\0\0GNU\0\0\0\0\0\2\0\0\0\6\0\0\0\10\0\0\0\17\0\0\0\22\0\0\0\2\0\0\0\6\0\0\0\4\311\240, \4\0\0\0\0\0\0\0\0\0\0\0\0\0\0\22\0\0\0\23\0\0\0\24\0\0\0\0\0\0\0\25\0\0\0\26\0\0\0\0\0\0\0\27\0\0\0\0\0\0\0\30\0\0\0\31\0\0\0\0\0\0\0k\31Qj\233(\375B\233`\205\33\327\16?\17I->\333\235C\r\375\313\373_\22\325=l\366\0\0\0\0\0\0\0\0\0\0\0\0\0\0\0\0o\0\0\0\0\0\0\0\35\0\0\0\22\0\0\0\1\0\0\0\0\0\0\0\0\0\0\0 \0\0\0\37\0\0\0\0\0\0\0", 512) = 512
22684 14:57:49.781649 fstat64(7, {st_mode=S_IFREG|0644, st_size=38300, ...}) = 0
22684 14:57:49.781669 mmap2(NULL, 201052, PROT_READ|PROT_EXEC, MAP_PRIVATE|MAP_DENYWRITE, 7, 0) = 0xb7ce3000
22684 14:57:49.781681 mmap2(0xb7cec000, 8192, PROT_READ|PROT_WRITE, MAP_PRIVATE|MAP_FIXED|MAP_DENYWRITE, 7, 0x8) = 0xb7cec000
22684 14:57:49.781697 mmap2(0xb7cee000, 155996, PROT_READ|PROT_WRITE, MAP_PRIVATE|MAP_FIXED|MAP_ANONYMOUS, -1, 0) = 0xb7cee000
22684 14:57:49.781713 close(7)          = 0
22684 14:57:49.781726 access("/etc/ld.so.nohwcap", F_OK) = -1 ENOENT (No such file or directory)
22684 14:57:49.781740 open("/lib/libselinux.so.1", O_RDONLY) = 7
22684 14:57:49.781753 read(7, "\177ELF\1\1\1\0\0\0\0\0\0\0\0\0\3\0\3\0\1\0\0\0\300@\0\0004\0\0\0\224r\1\0\0\0\0\0004\0 \0\6\0(\0\33\0\32\0\1\0\0\0\0\0\0\0\0\0\0\0\0\0\0\0\230f\1\0\230f\1\0\5\0\0\0\0\20\0\0\1\0\0\0\240n\1\0\240~\1\0\240~\1\0\20\3\0\0\234\f\0\0\6\0\0\0\0\20\0\0\2\0\0\0\320n\1\0\320~\1\0\320~\1\0\340\0\0\0\340\0\0\0\6\0\0\0\4\0\0\0\7\0\0\0\240n\1\0\240~\1\0\240~\1\0\0\0\0\0\\\0\0\0\4\0\0\0 \0\0\0Q\345td\0\0\0\0\0\0\0\0\0\0\0\0\0\0\0\0\0\0\0\0\6\0\0\0\4\0\0\0R\345td\240n\1\0\240~\1\0\240~\1\0T\1\0\0T\1\0\0\4\0\0\0\1\0\0\0\7\1\0\0#\1\0\0\0\0\0\0\24\0\0\0\v\1\0\0\306\0\0\0\0\0\0\0\36\1\0\0\330\0\0\0 \1\0\0001\0\0\0\345\0\0\0\34\0\0\0\206\0\0\0\212\0\0\0\234\0\0\0\0\0\0\0*\0\0\0\0\0\0\0\0\0\0\0\370\0\0\0004\0\0\0\0\0\0\0\0\0\0\0\0\0\0\0\0\0\0\0\0\0\0\0\224\0\0\0\0\0\0\0\0\0\0\0\0\0\0\0\244\0\0\0\347\0\0\0\373\0\0\0\0\0\0\0\304\0\0\0\257\0\0\0\0\0\0\0!\1\0\0\0\0\0\0\307\0\0\0\235\0\0\0\25\1\0\0`\0\0\0\0\0\0\0\256\0\0\0\374\0\0\0O\0\0\0i\0\0\0^\0\0\0\337\0\0\0-\0\0\0m\0\0\0\0\0\0\0\0\0\0\0\0\0\0\0\0\0\0\0\260\0\0\0\314\0\0\0\6\0\0\0\276\0\0\0{\0\0\0\226\0\0\0\0\0\0\0E\0\0\0\33\0\0\0\371\0\0\0", 512) = 512
22684 14:57:49.781840 fstat64(7, {st_mode=S_IFREG|0644, st_size=95948, ...}) = 0
22684 14:57:49.781862 mmap2(NULL, 101180, PROT_READ|PROT_EXEC, MAP_PRIVATE|MAP_DENYWRITE, 7, 0) = 0xb7cca000
22684 14:57:49.781874 mmap2(0xb7ce1000, 8192, PROT_READ|PROT_WRITE, MAP_PRIVATE|MAP_FIXED|MAP_DENYWRITE, 7, 0x16) = 0xb7ce1000
22684 14:57:49.781892 close(7)          = 0
22684 14:57:49.781993 open("/etc/selinux/config", O_RDONLY|O_LARGEFILE) = -1 ENOENT (No such file or directory)
22684 14:57:49.782021 statfs64("/selinux", 84, 0xbf84aadc) = -1 ENOENT (No such file or directory)
22684 14:57:49.782035 open("/proc/mounts", O_RDONLY|O_LARGEFILE) = 7
22684 14:57:49.782061 fstat64(7, {st_mode=S_IFREG|0444, st_size=0, ...}) = 0
22684 14:57:49.782078 mmap2(NULL, 4096, PROT_READ|PROT_WRITE, MAP_PRIVATE|MAP_ANONYMOUS, -1, 0) = 0xb7ee6000
22684 14:57:49.782090 read(7, "rootfs / rootfs rw 0 0\nnone /sys sysfs rw,nosuid,nodev,noexec 0 0\nnone /proc proc rw,nosuid,nodev,noexec 0 0\nudev /dev tmpfs rw,relatime 0 0\nfusectl /sys/fs/fuse/connections fusectl rw,relatime 0 0\n/dev/mapper/metasploitable-root / ext3 rw,relatime,errors=remount-ro,data=ordered 0 0\n/dev/mapper/metasploitable-root /dev/.static/dev ext3 rw,relatime,errors=remount-ro,data=ordered 0 0\ntmpfs /var/run tmpfs rw,nosuid,nodev,noexec 0 0\ntmpfs /var/lock tmpfs rw,nosuid,nodev,noexec 0 0\ntmpfs /dev/shm tmpfs rw,relatime 0 0\ndevpts /dev/pts devpts rw,relatime 0 0\ntmpfs /var/run tmpfs rw,nosuid,nodev,noexec 0 0\ntmpfs /var/lock tmpfs rw,nosuid,nodev,noexec 0 0\n/dev/sda1 /boot ext3 rw,relatime,data=ordered 0 0\nsecurityfs /sys/kernel/security securityfs rw,relatime 0 0\nrpc_pipefs /var/lib/nfs/rpc_pipefs rpc_pipefs rw,relatime 0 0\nnfsd /proc/fs/nfsd nfsd rw,relatime 0 0\n", 1024) = 866
22684 14:57:49.782176 read(7, "", 1024) = 0
22684 14:57:49.782186 close(7)          = 0
22684 14:57:49.782197 munmap(0xb7ee6000, 4096) = 0
22684 14:57:49.782212 munmap(0xb7d15000, 29913) = 0
22684 14:57:49.782226 read(6, "", 4096) = 0
22684 14:57:49.782237 close(6)          = 0
22684 14:57:49.782247 munmap(0xb7ee7000, 4096) = 0
22684 14:57:49.782258 stat64("/etc/pam.d", {st_mode=S_IFDIR|0755, st_size=4096, ...}) = 0
22684 14:57:49.782278 open("/etc/pam.d/common-account", O_RDONLY|O_LARGEFILE) = 6
22684 14:57:49.782292 fstat64(6, {st_mode=S_IFREG|0644, st_size=392, ...}) = 0
22684 14:57:49.782308 mmap2(NULL, 4096, PROT_READ|PROT_WRITE, MAP_PRIVATE|MAP_ANONYMOUS, -1, 0) = 0xb7ee7000
22684 14:57:49.782319 read(6, "#\n# /etc/pam.d/common-account - authorization settings common to all services\n#\n# This file is included from other service-specific PAM config files,\n# and should contain a list of the authorization modules that define\n# the central access policy for use on the system.  The default is to\n# only deny service to users whose accounts are expired in /etc/shadow.\n#\naccount\trequired\tpam_unix.so\n", 4096) = 392
22684 14:57:49.782360 read(6, "", 4096) = 0
22684 14:57:49.782370 close(6)          = 0
22684 14:57:49.782380 munmap(0xb7ee7000, 4096) = 0
22684 14:57:49.782391 stat64("/etc/pam.d", {st_mode=S_IFDIR|0755, st_size=4096, ...}) = 0
22684 14:57:49.782409 open("/etc/pam.d/common-session", O_RDONLY|O_LARGEFILE) = 6
22684 14:57:49.782423 fstat64(6, {st_mode=S_IFREG|0644, st_size=372, ...}) = 0
22684 14:57:49.782439 mmap2(NULL, 4096, PROT_READ|PROT_WRITE, MAP_PRIVATE|MAP_ANONYMOUS, -1, 0) = 0xb7ee7000
22684 14:57:49.782449 read(6, "#\n# /etc/pam.d/common-session - session-related modules common to all services\n#\n# This file is included from other service-specific PAM config files,\n# and should contain a list of modules that define tasks to be performed\n# at the start and end of sessions of *any* kind (both interactive and\n# non-interactive).  The default is pam_unix.\n#\nsession\trequired\tpam_unix.so\n", 4096) = 372
22684 14:57:49.782488 read(6, "", 4096) = 0
22684 14:57:49.782498 close(6)          = 0
22684 14:57:49.782508 munmap(0xb7ee7000, 4096) = 0
22684 14:57:49.782543 read(5, "", 4096) = 0
22684 14:57:49.782563 close(5)          = 0
22684 14:57:49.782573 munmap(0xb7eed000, 4096) = 0
22684 14:57:49.782583 open("/etc/pam.d/other", O_RDONLY|O_LARGEFILE) = 5
22684 14:57:49.782601 fstat64(5, {st_mode=S_IFREG|0644, st_size=520, ...}) = 0
22684 14:57:49.782617 mmap2(NULL, 4096, PROT_READ|PROT_WRITE, MAP_PRIVATE|MAP_ANONYMOUS, -1, 0) = 0xb7eed000
22684 14:57:49.782628 read(5, "#\n# /etc/pam.d/other - specify the PAM fallback behaviour\n#\n# Note that this file is used for any unspecified service; for example\n#if /etc/pam.d/cron  specifies no session modules but cron calls\n#pam_open_session, the session module out of /etc/pam.d/other is\n#used.  If you really want nothing to happen then use pam_permit.so or\n#pam_deny.so as appropriate.\n\n# We fall back to the system default in /etc/pam.d/common-*\n# \n\n@include common-auth\n@include common-account\n@include common-password\n@include common-session\n", 4096) = 520
22684 14:57:49.782673 stat64("/etc/pam.d", {st_mode=S_IFDIR|0755, st_size=4096, ...}) = 0
22684 14:57:49.782692 open("/etc/pam.d/common-auth", O_RDONLY|O_LARGEFILE) = 6
22684 14:57:49.782705 fstat64(6, {st_mode=S_IFREG|0644, st_size=476, ...}) = 0
22684 14:57:49.782721 mmap2(NULL, 4096, PROT_READ|PROT_WRITE, MAP_PRIVATE|MAP_ANONYMOUS, -1, 0) = 0xb7ee7000
22684 14:57:49.782731 read(6, "#\n# /etc/pam.d/common-auth - authentication settings common to all services\n#\n# This file is included from other service-specific PAM config files,\n# and should contain a list of the authentication modules that define\n# the central authentication scheme for use on the system\n# (e.g., /etc/shadow, LDAP, Kerberos, etc.).  The default is to use the\n# traditional Unix authentication mechanisms.\n#\nauth\trequisite\tpam_unix.so nullok_secure\n# auth\toptional\tpam_smbpass.so migrate\n", 4096) = 476
22684 14:57:49.782778 read(6, "", 4096) = 0
22684 14:57:49.782789 close(6)          = 0
22684 14:57:49.782798 munmap(0xb7ee7000, 4096) = 0
22684 14:57:49.782809 stat64("/etc/pam.d", {st_mode=S_IFDIR|0755, st_size=4096, ...}) = 0
22684 14:57:49.782828 open("/etc/pam.d/common-account", O_RDONLY|O_LARGEFILE) = 6
22684 14:57:49.782841 fstat64(6, {st_mode=S_IFREG|0644, st_size=392, ...}) = 0
22684 14:57:49.782856 mmap2(NULL, 4096, PROT_READ|PROT_WRITE, MAP_PRIVATE|MAP_ANONYMOUS, -1, 0) = 0xb7ee7000
22684 14:57:49.782867 read(6, "#\n# /etc/pam.d/common-account - authorization settings common to all services\n#\n# This file is included from other service-specific PAM config files,\n# and should contain a list of the authorization modules that define\n# the central access policy for use on the system.  The default is to\n# only deny service to users whose accounts are expired in /etc/shadow.\n#\naccount\trequired\tpam_unix.so\n", 4096) = 392
22684 14:57:49.782906 read(6, "", 4096) = 0
22684 14:57:49.782916 close(6)          = 0
22684 14:57:49.782925 munmap(0xb7ee7000, 4096) = 0
22684 14:57:49.782936 stat64("/etc/pam.d", {st_mode=S_IFDIR|0755, st_size=4096, ...}) = 0
22684 14:57:49.782954 open("/etc/pam.d/common-password", O_RDONLY|O_LARGEFILE) = 6
22684 14:57:49.782968 fstat64(6, {st_mode=S_IFREG|0644, st_size=1563, ...}) = 0
22684 14:57:49.782984 mmap2(NULL, 4096, PROT_READ|PROT_WRITE, MAP_PRIVATE|MAP_ANONYMOUS, -1, 0) = 0xb7ee7000
22684 14:57:49.782994 read(6, "#\n# /etc/pam.d/common-password - password-related modules common to all services\n#\n# This file is included from other service-specific PAM config files,\n# and should contain a list of modules that define the services to be\n# used to change user passwords.  The default is pam_unix.\n\n# Explanation of pam_unix options:\n#\n# The \"nullok\" option allows users to change an empty password, else\n# empty passwords are treated as locked accounts.\n#\n# The \"md5\" option enables MD5 passwords.  Without this option, the\n# default is Unix crypt.\n#\n# The \"obscure\" option replaces the old `OBSCURE_CHECKS_ENAB\' option in\n# login.defs.\n#\n# You can also use the \"min\" option to enforce the length of the new\n# password.\n#\n# See the pam_unix manpage for other options.\n\npassword   requisite   pam_unix.so nullok obscure md5\n\n# Alternate strength checking for password. Note that this\n# requires the libpam-cracklib package to be installed.\n# You will need to comment out the password line above and\n# uncomment the next two in order to use this.\n# (Replaces the `OBSCURE_CHECKS_ENAB\', `CRACKLIB_DICTPATH\')\n#\n# password required\t  pam_cracklib.so retry=3 minlen=6 difok=3\n# password required\t  pam_unix.so use_authtok nullok md5\n\n# minimally-intrusive inclusion of smbpass in the stack for\n# synchronization.  If the module is absent or the passwords don\'t\n# match, this module will be ignored without prompting; and if the \n# passwords do match, the NTLM hash for the user will be updated\n# automatically.\n# password   optional   pam_smbpass.so nullok use_authtok use_first_pass\n", 4096) = 1563
22684 14:57:49.783113 read(6, "", 4096) = 0
22684 14:57:49.783124 close(6)          = 0
22684 14:57:49.783133 munmap(0xb7ee7000, 4096) = 0
22684 14:57:49.783144 stat64("/etc/pam.d", {st_mode=S_IFDIR|0755, st_size=4096, ...}) = 0
22684 14:57:49.783162 open("/etc/pam.d/common-session", O_RDONLY|O_LARGEFILE) = 6
22684 14:57:49.783175 fstat64(6, {st_mode=S_IFREG|0644, st_size=372, ...}) = 0
22684 14:57:49.783191 mmap2(NULL, 4096, PROT_READ|PROT_WRITE, MAP_PRIVATE|MAP_ANONYMOUS, -1, 0) = 0xb7ee7000
22684 14:57:49.783202 read(6, "#\n# /etc/pam.d/common-session - session-related modules common to all services\n#\n# This file is included from other service-specific PAM config files,\n# and should contain a list of modules that define tasks to be performed\n# at the start and end of sessions of *any* kind (both interactive and\n# non-interactive).  The default is pam_unix.\n#\nsession\trequired\tpam_unix.so\n", 4096) = 372
22684 14:57:49.783240 read(6, "", 4096) = 0
22684 14:57:49.783250 close(6)          = 0
22684 14:57:49.783259 munmap(0xb7ee7000, 4096) = 0
22684 14:57:49.783270 read(5, "", 4096) = 0
22684 14:57:49.783279 close(5)          = 0
22684 14:57:49.783288 munmap(0xb7eed000, 4096) = 0
22684 14:57:49.783301 time(NULL)        = 1495652269
22684 14:57:49.783313 lstat64("/etc/ftpusers", {st_mode=S_IFREG|0644, st_size=132, ...}) = 0
22684 14:57:49.783331 open("/etc/ftpusers", O_RDONLY|O_LARGEFILE) = 5
22684 14:57:49.783343 fstat64(5, {st_mode=S_IFREG|0644, st_size=132, ...}) = 0
22684 14:57:49.783359 mmap2(NULL, 4096, PROT_READ|PROT_WRITE, MAP_PRIVATE|MAP_ANONYMOUS, -1, 0) = 0xb7eed000
22684 14:57:49.783370 read(5, "# /etc/ftpusers: list of users disallowed FTP access. See ftpusers(5).\n\nroot\ndaemon\nbin\nsys\nsync\ngames\nman\nlp\nmail\nnews\nuucp\nnobody\n", 4096) = 132
22684 14:57:49.783391 read(5, "", 4096) = 0
22684 14:57:49.783400 close(5)          = 0
22684 14:57:49.783409 munmap(0xb7eed000, 4096) = 0
22684 14:57:49.783425 getuid32()        = 0
22684 14:57:49.783442 open("/etc/passwd", O_RDONLY|0x80000 /* O_??? */) = 5
22684 14:57:49.783456 _llseek(5, 0, [0], SEEK_CUR) = 0
22684 14:57:49.783467 fstat64(5, {st_mode=S_IFREG|0644, st_size=1624, ...}) = 0
22684 14:57:49.783507 mmap2(NULL, 1624, PROT_READ, MAP_SHARED, 5, 0) = 0xb7eed000
22684 14:57:49.783519 _llseek(5, 1624, [1624], SEEK_SET) = 0
22684 14:57:49.783551 munmap(0xb7eed000, 1624) = 0
22684 14:57:49.783563 close(5)          = 0
22684 14:57:49.783587 open("/etc/shadow", O_RDONLY|0x80000 /* O_??? */) = 5
22684 14:57:49.783605 _llseek(5, 0, [0], SEEK_CUR) = 0
22684 14:57:49.783616 fstat64(5, {st_mode=S_IFREG|0640, st_size=1233, ...}) = 0
22684 14:57:49.783632 mmap2(NULL, 1233, PROT_READ, MAP_SHARED, 5, 0) = 0xb7eed000
22684 14:57:49.783643 _llseek(5, 1233, [1233], SEEK_SET) = 0
22684 14:57:49.783663 munmap(0xb7eed000, 1233) = 0
22684 14:57:49.783672 close(5)          = 0
22684 14:57:49.783691 open("/etc/passwd", O_RDONLY|0x80000 /* O_??? */) = 5
22684 14:57:49.783705 _llseek(5, 0, [0], SEEK_CUR) = 0
22684 14:57:49.783715 fstat64(5, {st_mode=S_IFREG|0644, st_size=1624, ...}) = 0
22684 14:57:49.783731 mmap2(NULL, 1624, PROT_READ, MAP_SHARED, 5, 0) = 0xb7eed000
22684 14:57:49.783742 _llseek(5, 1624, [1624], SEEK_SET) = 0
22684 14:57:49.783758 munmap(0xb7eed000, 1624) = 0
22684 14:57:49.783767 close(5)          = 0
22684 14:57:49.783780 open("/etc/shadow", O_RDONLY|0x80000 /* O_??? */) = 5
22684 14:57:49.783796 _llseek(5, 0, [0], SEEK_CUR) = 0
22684 14:57:49.783807 fstat64(5, {st_mode=S_IFREG|0640, st_size=1233, ...}) = 0
22684 14:57:49.783823 mmap2(NULL, 1233, PROT_READ, MAP_SHARED, 5, 0) = 0xb7eed000
22684 14:57:49.783833 _llseek(5, 1233, [1233], SEEK_SET) = 0
22684 14:57:49.783850 munmap(0xb7eed000, 1233) = 0
22684 14:57:49.783860 close(5)          = 0
22684 14:57:49.784003 getuid32()        = 0
22684 14:57:49.784003 open("/etc/passwd", O_RDONLY|0x80000 /* O_??? */) = 5
22684 14:57:49.784004 _llseek(5, 0, [0], SEEK_CUR) = 0
22684 14:57:49.784004 fstat64(5, {st_mode=S_IFREG|0644, st_size=1624, ...}) = 0
22684 14:57:49.784004 mmap2(NULL, 1624, PROT_READ, MAP_SHARED, 5, 0) = 0xb7eed000
22684 14:57:49.784004 _llseek(5, 1624, [1624], SEEK_SET) = 0
22684 14:57:49.784004 munmap(0xb7eed000, 1624) = 0
22684 14:57:49.784005 close(5)          = 0
22684 14:57:49.784005 open("/etc/shadow", O_RDONLY|0x80000 /* O_??? */) = 5
22684 14:57:49.784005 _llseek(5, 0, [0], SEEK_CUR) = 0
22684 14:57:49.784005 fstat64(5, {st_mode=S_IFREG|0640, st_size=1233, ...}) = 0
22684 14:57:49.784006 mmap2(NULL, 1233, PROT_READ, MAP_SHARED, 5, 0) = 0xb7eed000
22684 14:57:49.784006 _llseek(5, 1233, [1233], SEEK_SET) = 0
22684 14:57:49.784006 munmap(0xb7eed000, 1233) = 0
22684 14:57:49.784006 close(5)          = 0
22684 14:57:49.784033 time(NULL)        = 1495652269
22684 14:57:49.784050 munmap(0xb7eea000, 12164) = 0
22684 14:57:49.784074 munmap(0xb7ee8000, 7136) = 0
22684 14:57:49.784088 munmap(0xb7d1d000, 95428) = 0
22684 14:57:49.784099 munmap(0xb7ce3000, 201052) = 0
22684 14:57:49.784110 munmap(0xb7cca000, 101180) = 0
22684 14:57:49.784126 gettimeofday({1495652269, 784130}, NULL) = 0
22684 14:57:49.784138 stat64("/usr/share/zoneinfo/UTC+04:00", 0xbf84c9b4) = -1 ENOENT (No such file or directory)
22684 14:57:49.784153 open("/usr/share/zoneinfo/UTC+04:00", O_RDONLY) = -1 ENOENT (No such file or directory)
22684 14:57:49.784179 fcntl64(3, F_SETLKW64, {type=F_WRLCK, whence=SEEK_SET, start=0, len=0}, 0xbf84cb04) = 0
22684 14:57:49.784195 write(3, "Wed May 24 14:57:49 2017 [pid 22684] [msfadmin] OK LOGIN: Client \"127.0.0.1\"\n", 77) = 77
22684 14:57:49.784212 fcntl64(3, F_SETLK64, {type=F_UNLCK, whence=SEEK_SET, start=0, len=0}, 0xbf84cb0c) = 0
22684 14:57:49.784224 rt_sigaction(SIGCHLD, {0x805cad0, ~[RTMIN RT_1], 0}, NULL, 8) = 0
22684 14:57:49.784239 write(4, "\1", 1 <unfinished ...>
22685 14:57:49.784249 <... read resumed> "\1", 1) = 1
22684 14:57:49.784254 <... write resumed> ) = 1
22685 14:57:49.784261 exit_group(0)     = ?
22684 14:57:49.784290 --- SIGCHLD (Child exited) @ 0 (0) ---
22684 14:57:49.784298 sigreturn()       = ? (mask now [])
22684 14:57:49.784317 wait4(-1, [{WIFEXITED(s) && WEXITSTATUS(s) == 0}], 0, NULL) = 22685
22684 14:57:49.784331 close(4)          = 0
22684 14:57:49.784343 socketpair(PF_FILE, SOCK_STREAM, 0, [4, 5]) = 0
22684 14:57:49.784356 rt_sigaction(SIGCHLD, {0x805cad0, ~[RTMIN RT_1], 0}, NULL, 8) = 0
22684 14:57:49.784370 rt_sigaction(SIGALRM, {0x805cb10, ~[RTMIN RT_1], 0}, NULL, 8) = 0
22684 14:57:49.784384 clone(child_stack=0, flags=CLONE_CHILD_CLEARTID|CLONE_CHILD_SETTID|SIGCHLD, child_tidptr=0xb7d536f8) = 22686
22686 14:57:49.784433 prctl(0x1, 0x9, 0, 0, 0) = 0
22686 14:57:49.784447 close(4)          = 0
22686 14:57:49.784474 open("/etc/passwd", O_RDONLY|0x80000 /* O_??? */) = 4
22686 14:57:49.784491 _llseek(4, 0, [0], SEEK_CUR) = 0
22686 14:57:49.784507 fstat64(4, {st_mode=S_IFREG|0644, st_size=1624, ...}) = 0
22686 14:57:49.784524 mmap2(NULL, 1624, PROT_READ, MAP_SHARED, 4, 0) = 0xb7eed000
22686 14:57:49.784524 _llseek(4, 1624, [1624], SEEK_SET) = 0
22686 14:57:49.784525 munmap(0xb7eed000, 1624) = 0
22686 14:57:49.784525 close(4)          = 0
22686 14:57:49.784525 getuid32()        = 0
22686 14:57:49.784525 open("/etc/passwd", O_RDONLY|0x80000 /* O_??? */) = 4
22686 14:57:49.784526 _llseek(4, 0, [0], SEEK_CUR) = 0
22686 14:57:49.784533 fstat64(4, {st_mode=S_IFREG|0644, st_size=1624, ...}) = 0
22686 14:57:49.784550 mmap2(NULL, 1624, PROT_READ, MAP_SHARED, 4, 0) = 0xb7eed000
22686 14:57:49.784561 _llseek(4, 1624, [1624], SEEK_SET) = 0
22686 14:57:49.784581 munmap(0xb7eed000, 1624) = 0
22686 14:57:49.784591 close(4)          = 0
22686 14:57:49.784616 open("/proc/sys/kernel/ngroups_max", O_RDONLY) = 4
22686 14:57:49.784637 read(4, "65536\n", 31) = 6
22686 14:57:49.784650 close(4)          = 0
22686 14:57:49.784664 socket(PF_FILE, SOCK_STREAM, 0) = 4
22686 14:57:49.784676 fcntl64(4, F_SETFL, O_RDWR|O_NONBLOCK) = 0
22686 14:57:49.784687 connect(4, {sa_family=AF_FILE, path="/var/run/nscd/socket"}, 110) = -1 ENOENT (No such file or directory)
22686 14:57:49.784708 close(4)          = 0
22686 14:57:49.784720 socket(PF_FILE, SOCK_STREAM, 0) = 4
22686 14:57:49.784730 fcntl64(4, F_SETFL, O_RDWR|O_NONBLOCK) = 0
22686 14:57:49.784740 connect(4, {sa_family=AF_FILE, path="/var/run/nscd/socket"}, 110) = -1 ENOENT (No such file or directory)
22686 14:57:49.784759 close(4)          = 0
22686 14:57:49.784782 open("/etc/group", O_RDONLY|0x80000 /* O_??? */) = 4
22686 14:57:49.784797 _llseek(4, 0, [0], SEEK_CUR) = 0
22686 14:57:49.784837 fstat64(4, {st_mode=S_IFREG|0644, st_size=886, ...}) = 0
22686 14:57:49.784865 mmap2(NULL, 886, PROT_READ, MAP_SHARED, 4, 0) = 0xb7eed000
22686 14:57:49.784876 _llseek(4, 886, [886], SEEK_SET) = 0
22686 14:57:49.784902 fstat64(4, {st_mode=S_IFREG|0644, st_size=886, ...}) = 0
22686 14:57:49.784919 munmap(0xb7eed000, 886) = 0
22686 14:57:49.784929 close(4)          = 0
22686 14:57:49.784940 setgroups32(13, [1000, 4, 20, 24, 25, 29, 30, 44, 46, 107, 111, 112, 119]) = 0
22686 14:57:49.784956 geteuid32()       = 0
22686 14:57:49.784967 getegid32()       = 0
22686 14:57:49.784978 setregid32(-1, 1000) = 0
22686 14:57:49.784988 setreuid32(-1, 1000) = 0
22686 14:57:49.785000 chdir("/home/msfadmin") = 0
22686 14:57:49.785011 setreuid32(-1, 0) = 0
22686 14:57:49.785021 setregid32(-1, 0) = 0
22686 14:57:49.785032 setgid32(1000)    = 0
22686 14:57:49.785041 setuid32(1000)    = 0
22686 14:57:49.785052 setrlimit(RLIMIT_NPROC, {rlim_cur=0, rlim_max=0}) = 0
22686 14:57:49.785065 mmap2(NULL, 12288, PROT_READ|PROT_WRITE, MAP_PRIVATE|MAP_ANONYMOUS, -1, 0) = 0xb7eeb000
22686 14:57:49.785076 mprotect(0xb7eed000, 4096, PROT_NONE) = 0
22686 14:57:49.785087 mprotect(0xb7eeb000, 4096, PROT_NONE) = 0
22686 14:57:49.785098 getcwd("/home/msfadmin", 4096) = 15
22686 14:57:49.785112 umask(022)        = 077
22686 14:57:49.785121 getcwd("/home/msfadmin", 4096) = 15
22686 14:57:49.785135 open(".message", O_RDONLY|O_NONBLOCK|O_LARGEFILE) = -1 ENOENT (No such file or directory)
22686 14:57:49.785158 write(0, "230 Login successful.\r\n", 23) = 23
22686 14:57:49.785225 rt_sigaction(SIGALRM, {0x805cad0, ~[RTMIN RT_1], 0}, NULL, 8) = 0
22686 14:57:49.785243 alarm(300)        = 0
22686 14:57:49.785253 mmap2(NULL, 12288, PROT_READ|PROT_WRITE, MAP_PRIVATE|MAP_ANONYMOUS, -1, 0) = 0xb7ee8000
22686 14:57:49.785265 mprotect(0xb7eea000, 4096, PROT_NONE) = 0
22686 14:57:49.785276 mprotect(0xb7ee8000, 4096, PROT_NONE) = 0
22686 14:57:49.785289 recv(0, "TYPE I\r\n", 4096, MSG_PEEK) = 8
22686 14:57:49.785301 read(0, "TYPE I\r\n", 8) = 8
22686 14:57:49.785318 write(0, "200 Switching to Binary mode.\r\n", 31) = 31
22686 14:57:49.785358 rt_sigaction(SIGALRM, {0x805cad0, ~[RTMIN RT_1], 0}, NULL, 8) = 0
22686 14:57:49.785372 alarm(300)        = 300
22686 14:57:49.785383 recv(0, "PASV\r\n", 4096, MSG_PEEK) = 6
22686 14:57:49.785395 read(0, "PASV\r\n", 6) = 6
22686 14:57:49.785407 write(5, "\n", 1) = 1
22686 14:57:49.785418 read(5,  <unfinished ...>
22684 14:57:49.785430 close(5)          = 0
22684 14:57:49.785443 getuid32()        = 0
22684 14:57:49.785458 open("/etc/passwd", O_RDONLY|0x80000 /* O_??? */) = 5
22684 14:57:49.785473 _llseek(5, 0, [0], SEEK_CUR) = 0
22684 14:57:49.785485 fstat64(5, {st_mode=S_IFREG|0644, st_size=1624, ...}) = 0
22684 14:57:49.785502 mmap2(NULL, 1624, PROT_READ, MAP_SHARED, 5, 0) = 0xb7eed000
22684 14:57:49.785513 _llseek(5, 1624, [1624], SEEK_SET) = 0
22684 14:57:49.785531 munmap(0xb7eed000, 1624) = 0
22684 14:57:49.785542 close(5)          = 0
22684 14:57:49.785558 setgroups32(0, []) = 0
22684 14:57:49.785569 chdir("/usr/share/empty") = 0
22684 14:57:49.785585 chroot(".")       = 0
22684 14:57:49.785596 capset(NULL, NULL) = -1 EFAULT (Bad address)
22684 14:57:49.785610 prctl(0x8, 0, 0xbf84cae8, 0x80549a6, 0xbf84cad0) = 0
22684 14:57:49.785621 prctl(0x8, 0x1, 0xbf84cae8, 0x8054a49, 0xbf84cad0) = 0
22684 14:57:49.785632 setgid32(65534)   = 0
22684 14:57:49.785641 setuid32(65534)   = 0
22684 14:57:49.785651 capset(0x19980330, 0, {CAP_NET_BIND_SERVICE, CAP_NET_BIND_SERVICE, 0}) = 0
22684 14:57:49.785664 read(4, "\n", 1)  = 1
22684 14:57:49.785677 write(4, "\1", 1) = 1
22686 14:57:49.785688 <... read resumed> "\1", 1) = 1
22686 14:57:49.785696 write(5, "\f", 1) = 1
22686 14:57:49.785706 read(5,  <unfinished ...>
22684 14:57:49.785713 read(4, "\f", 1)  = 1
22684 14:57:49.785725 socket(PF_INET, SOCK_STREAM, IPPROTO_TCP) = 5
22684 14:57:49.785738 setsockopt(5, SOL_SOCKET, SO_REUSEADDR, [1], 4) = 0
22684 14:57:49.785749 gettimeofday({1495652269, 785753}, NULL) = 0
22684 14:57:49.785765 bind(5, {sa_family=AF_INET, sin_port=htons(46102), sin_addr=inet_addr("127.0.0.1")}, 16) = 0
22684 14:57:49.785813 listen(5, 1)      = 0
22684 14:57:49.785842 write(4, "\26\264\0\0", 4) = 4
22686 14:57:49.785868 <... read resumed> "\26\264\0\0", 4) = 4
22686 14:57:49.785883 write(0, "227 Entering Passive Mode (127,0,0,1,180,22).\r\n", 47) = 47
22686 14:57:49.785992 rt_sigaction(SIGALRM, {0x805cad0, ~[RTMIN RT_1], 0}, NULL, 8) = 0
22686 14:57:49.786010 alarm(300)        = 300
22686 14:57:49.786022 recv(0, "RETR myfile37\r\n", 4096, MSG_PEEK) = 15
22686 14:57:49.786034 read(0, "RETR myfile37\r\n", 15) = 15
22686 14:57:49.786049 write(5, "\v", 1) = 1
22686 14:57:49.786060 read(5,  <unfinished ...>
22684 14:57:49.786067 read(4, "\v", 1)  = 1
22684 14:57:49.786078 write(4, "\1\0\0\0", 4) = 4
22686 14:57:49.786089 <... read resumed> "\1\0\0\0", 4) = 4
22686 14:57:49.786097 gettimeofday({1495652269, 786101}, NULL) = 0
22686 14:57:49.786108 getcwd("/home/msfadmin", 4096) = 15
22686 14:57:49.786121 open("myfile37", O_RDONLY|O_NONBLOCK|O_LARGEFILE) = 4
22686 14:57:49.786134 fcntl64(4, F_SETLKW64, {type=F_RDLCK, whence=SEEK_SET, start=0, len=0}, 0xbf84ca54) = 0
22686 14:57:49.786147 fstat64(4, {st_mode=S_IFREG|0644, st_size=17, ...}) = 0
22686 14:57:49.786164 fcntl64(4, F_GETFL) = 0x8800 (flags O_RDONLY|O_NONBLOCK|O_LARGEFILE)
22686 14:57:49.786175 fcntl64(4, F_SETFL, O_RDONLY|O_LARGEFILE) = 0
22686 14:57:49.786187 write(5, "\v", 1) = 1
22686 14:57:49.786198 read(5,  <unfinished ...>
22684 14:57:49.786205 read(4, "\v", 1)  = 1
22684 14:57:49.786216 write(4, "\1\0\0\0", 4) = 4
22686 14:57:49.786227 <... read resumed> "\1\0\0\0", 4) = 4
22686 14:57:49.786234 write(5, "\v", 1) = 1
22686 14:57:49.786244 read(5,  <unfinished ...>
22684 14:57:49.786251 read(4, "\v", 1)  = 1
22684 14:57:49.786261 write(4, "\1\0\0\0", 4) = 4
22686 14:57:49.786272 <... read resumed> "\1\0\0\0", 4) = 4
22686 14:57:49.786279 write(5, "\r", 1) = 1
22686 14:57:49.786289 read(5,  <unfinished ...>
22684 14:57:49.786296 read(4, "\r", 1)  = 1
22684 14:57:49.786309 select(6, [5], NULL, NULL, {60, 0}) = 1 (in [5], left {60, 0})
22684 14:57:49.786325 accept(5, {sa_family=AF_INET, sin_port=htons(33270), sin_addr=inet_addr("127.0.0.1")}, [16]) = 6
22684 14:57:49.786348 write(4, "\1", 1) = 1
22686 14:57:49.786358 <... read resumed> "\1", 1) = 1
22686 14:57:49.786368 recvmsg(5,  <unfinished ...>
22684 14:57:49.786377 sendmsg(4, {msg_name(0)=NULL, msg_iov(1)=[{"\0", 1}], msg_controllen=16, {cmsg_len=16, cmsg_level=SOL_SOCKET, cmsg_type=SCM_RIGHTS, {6}}, msg_flags=0}, 0) = 1
22686 14:57:49.786394 <... recvmsg resumed> {msg_name(0)=NULL, msg_iov(1)=[{"\0", 1}], msg_controllen=16, {cmsg_len=16, cmsg_level=SOL_SOCKET, cmsg_type=SCM_RIGHTS, {6}}, msg_flags=0}, 0) = 1
22686 14:57:49.786407 setsockopt(6, SOL_SOCKET, SO_KEEPALIVE, [1], 4) = 0
22686 14:57:49.786420 setsockopt(6, SOL_IP, IP_TOS, [8], 4) = 0
22686 14:57:49.786432 setsockopt(6, SOL_SOCKET, SO_LINGER, {onoff=1, linger=32767}, 8) = 0
22686 14:57:49.786443 rt_sigaction(SIGALRM, {0x805cad0, ~[RTMIN RT_1], 0}, NULL, 8) = 0
22686 14:57:49.786456 alarm(300)        = 300
22686 14:57:49.786470 write(0, "150 Opening BINARY mode data connection for myfile37 (17 bytes).\r\n", 66) = 66
22686 14:57:49.786516 _llseek(4, 0, [0], SEEK_CUR) = 0
22686 14:57:49.786529 fstat64(4, {st_mode=S_IFREG|0644, st_size=17, ...}) = 0
22686 14:57:49.786546 _llseek(4, 0, [0], SEEK_SET) = 0
22686 14:57:49.786559 sendfile(6, 4, NULL, 17) = 17
22686 14:57:49.786587 rt_sigaction(SIGALRM, {0x805cad0, ~[RTMIN RT_1], 0}, NULL, 8) = 0
22686 14:57:49.786602 alarm(300)        = 300
22686 14:57:49.786611 close(6)          = 0
22686 14:57:49.786621 alarm(0)          = 300
22686 14:57:49.786630 gettimeofday({1495652269, 786634}, NULL) = 0
22686 14:57:49.786647 getpid()          = 22686
22686 14:57:49.786659 gettimeofday({1495652269, 786663}, NULL) = 0
22686 14:57:49.786679 fcntl64(3, F_SETLKW64, {type=F_WRLCK, whence=SEEK_SET, start=0, len=0}, 0xbf84c9f4) = 0
22686 14:57:49.786695 write(3, "Wed May 24 14:57:49 2017 [pid 22686] [msfadmin] OK DOWNLOAD: Client \"127.0.0.1\", \"/home/msfadmin/myfile37\", 17 bytes, 29.54Kbyte/sec\n", 133) = 133
22686 14:57:49.786715 fcntl64(3, F_SETLK64, {type=F_UNLCK, whence=SEEK_SET, start=0, len=0}, 0xbf84c9fc) = 0
22686 14:57:49.786730 write(0, "226 Transfer complete.\r\n", 24) = 24
22686 14:57:49.786769 write(5, "\n", 1) = 1
22686 14:57:49.786782 read(5,  <unfinished ...>
22684 14:57:49.786790 close(6)          = 0
22684 14:57:49.786883 read(4, "\n", 1)  = 1
22684 14:57:49.786896 close(5)          = 0
22684 14:57:49.786907 write(4, "\1", 1) = 1
22686 14:57:49.786918 <... read resumed> "\1", 1) = 1
22686 14:57:49.786925 close(4)          = 0
22686 14:57:49.786936 rt_sigaction(SIGALRM, {0x805cad0, ~[RTMIN RT_1], 0}, NULL, 8) = 0
22686 14:57:49.786950 alarm(300)        = 0
22686 14:57:49.786961 recv(0,  <unfinished ...>
22684 14:57:49.786968 read(4,  <unfinished ...>
22683 14:57:49.794070 <... recv resumed> "TYPE I\r\n", 4096, MSG_PEEK) = 8
22683 14:57:49.794123 read(0, "TYPE I\r\n", 8) = 8
22683 14:57:49.794146 write(0, "200 Switching to Binary mode.\r\n", 31) = 31
22683 14:57:49.794199 rt_sigaction(SIGALRM, {0x805cad0, ~[RTMIN RT_1], 0}, NULL, 8) = 0
22683 14:57:49.794235 alarm(300)        = 299
22683 14:57:49.794249 recv(0, "PASV\r\n", 4096, MSG_PEEK) = 6
22683 14:57:49.794261 read(0, "PASV\r\n", 6) = 6
22683 14:57:49.794274 write(5, "\n", 1 <unfinished ...>
22681 14:57:49.794286 <... read resumed> "\n", 1) = 1
22683 14:57:49.794291 <... write resumed> ) = 1
22681 14:57:49.794300 write(4, "\1", 1) = 1
22681 14:57:49.794311 read(4,  <unfinished ...>
22683 14:57:49.794319 read(5, "\1", 1)  = 1
22683 14:57:49.794330 write(5, "\f", 1 <unfinished ...>
22681 14:57:49.794337 <... read resumed> "\f", 1) = 1
22683 14:57:49.794342 <... write resumed> ) = 1
22681 14:57:49.794349 socket(PF_INET, SOCK_STREAM, IPPROTO_TCP) = 5
22681 14:57:49.794366 setsockopt(5, SOL_SOCKET, SO_REUSEADDR, [1], 4) = 0
22681 14:57:49.794381 bind(5, {sa_family=AF_INET, sin_port=htons(57844), sin_addr=inet_addr("127.0.0.1")}, 16) = 0
22681 14:57:49.794398 listen(5, 1)      = 0
22681 14:57:49.794412 write(4, "\364\341\0\0", 4) = 4
22683 14:57:49.795162 read(5,  <unfinished ...>
22681 14:57:49.795169 read(4,  <unfinished ...>
22683 14:57:49.795176 <... read resumed> "\364\341\0\0", 4) = 4
22683 14:57:49.795215 write(0, "227 Entering Passive Mode (127,0,0,1,225,244).\r\n", 48) = 48
22683 14:57:49.795382 rt_sigaction(SIGALRM, {0x805cad0, ~[RTMIN RT_1], 0}, NULL, 8) = 0
22683 14:57:49.795408 alarm(300)        = 300
22683 14:57:49.795426 recv(0, "STOR myfile14\r\n", 4096, MSG_PEEK) = 15
22683 14:57:49.795446 read(0, "STOR myfile14\r\n", 15) = 15
22683 14:57:49.795467 write(5, "\v", 1 <unfinished ...>
22681 14:57:49.795480 <... read resumed> "\v", 1) = 1
22683 14:57:49.795488 <... write resumed> ) = 1
22681 14:57:49.795500 write(4, "\1\0\0\0", 4 <unfinished ...>
22683 14:57:49.795509 read(5,  <unfinished ...>
22681 14:57:49.795520 <... write resumed> ) = 4
22683 14:57:49.795526 <... read resumed> "\1\0\0\0", 4) = 4
22681 14:57:49.795540 read(4,  <unfinished ...>
22683 14:57:49.795547 gettimeofday({1495652269, 795554}, NULL) = 0
22683 14:57:49.795565 getcwd("/home/msfadmin", 4096) = 15
22683 14:57:49.795595 open("myfile14", O_WRONLY|O_CREAT|O_NONBLOCK|O_LARGEFILE, 0666) = 4
22683 14:57:49.795617 fstat64(4, {st_mode=S_IFREG|0644, st_size=17, ...}) = 0
22683 14:57:49.795645 fcntl64(4, F_GETFL) = 0x8801 (flags O_WRONLY|O_NONBLOCK|O_LARGEFILE)
22683 14:57:49.795663 fcntl64(4, F_SETFL, O_WRONLY|O_LARGEFILE) = 0
22683 14:57:49.795679 fcntl64(4, F_SETLKW64, {type=F_WRLCK, whence=SEEK_SET, start=0, len=0}, 0xbfa64454) = 0
22683 14:57:49.795726 ftruncate64(4, 0) = 0
22683 14:57:49.795764 _llseek(4, 0, [0], SEEK_SET) = 0
22683 14:57:49.795782 write(5, "\v", 1 <unfinished ...>
22681 14:57:49.795795 <... read resumed> "\v", 1) = 1
22683 14:57:49.795802 <... write resumed> ) = 1
22681 14:57:49.795812 write(4, "\1\0\0\0", 4 <unfinished ...>
22683 14:57:49.795825 read(5,  <unfinished ...>
22681 14:57:49.795832 <... write resumed> ) = 4
22683 14:57:49.795843 <... read resumed> "\1\0\0\0", 4) = 4
22681 14:57:49.795853 read(4,  <unfinished ...>
22683 14:57:49.795862 write(5, "\v", 1 <unfinished ...>
22681 14:57:49.795870 <... read resumed> "\v", 1) = 1
22683 14:57:49.795875 <... write resumed> ) = 1
22681 14:57:49.795882 write(4, "\1\0\0\0", 4 <unfinished ...>
22683 14:57:49.795887 read(5,  <unfinished ...>
22681 14:57:49.795894 <... write resumed> ) = 4
22683 14:57:49.795898 <... read resumed> "\1\0\0\0", 4) = 4
22681 14:57:49.795906 read(4,  <unfinished ...>
22683 14:57:49.795910 write(5, "\r", 1 <unfinished ...>
22681 14:57:49.795917 <... read resumed> "\r", 1) = 1
22683 14:57:49.795922 <... write resumed> ) = 1
22681 14:57:49.795930 select(6, [5], NULL, NULL, {60, 0} <unfinished ...>
22683 14:57:49.795937 read(5,  <unfinished ...>
22681 14:57:49.795943 <... select resumed> ) = 1 (in [5], left {60, 0})
22681 14:57:49.795953 accept(5, {sa_family=AF_INET, sin_port=htons(40046), sin_addr=inet_addr("127.0.0.1")}, [16]) = 6
22681 14:57:49.795976 write(4, "\1", 1 <unfinished ...>
22683 14:57:49.795984 <... read resumed> "\1", 1) = 1
22681 14:57:49.795989 <... write resumed> ) = 1
22683 14:57:49.795997 recvmsg(5,  <unfinished ...>
22681 14:57:49.796003 sendmsg(4, {msg_name(0)=NULL, msg_iov(1)=[{"\0", 1}], msg_controllen=16, {cmsg_len=16, cmsg_level=SOL_SOCKET, cmsg_type=SCM_RIGHTS, {6}}, msg_flags=0}, 0 <unfinished ...>
22683 14:57:49.796017 <... recvmsg resumed> {msg_name(0)=NULL, msg_iov(1)=[{"\0", 1}], msg_controllen=16, {cmsg_len=16, cmsg_level=SOL_SOCKET, cmsg_type=SCM_RIGHTS, {6}}, msg_flags=0}, 0) = 1
22681 14:57:49.796027 <... sendmsg resumed> ) = 1
22683 14:57:49.796035 setsockopt(6, SOL_SOCKET, SO_KEEPALIVE, [1], 4 <unfinished ...>
22681 14:57:49.796041 close(6 <unfinished ...>
22683 14:57:49.796047 <... setsockopt resumed> ) = 0
22681 14:57:49.796051 <... close resumed> ) = 0
22683 14:57:49.796059 setsockopt(6, SOL_IP, IP_TOS, [8], 4 <unfinished ...>
22681 14:57:49.796065 read(4,  <unfinished ...>
22683 14:57:49.796071 <... setsockopt resumed> ) = 0
22683 14:57:49.796079 setsockopt(6, SOL_SOCKET, SO_LINGER, {onoff=1, linger=32767}, 8) = 0
22683 14:57:49.796090 rt_sigaction(SIGALRM, {0x805cad0, ~[RTMIN RT_1], 0}, NULL, 8) = 0
22683 14:57:49.796103 alarm(300)        = 300
22683 14:57:49.796116 write(0, "150 Ok to send data.\r\n", 22) = 22
22683 14:57:49.796184 read(6, "assasaaa\na\na\na\na\n", 65536) = 17
22683 14:57:49.796222 write(4, "assasaaa\na\na\na\na\n", 17) = 17
22683 14:57:49.796251 read(6, "", 65536) = 0
22683 14:57:49.796262 rt_sigaction(SIGALRM, {0x805cad0, ~[RTMIN RT_1], 0}, NULL, 8) = 0
22683 14:57:49.796276 alarm(300)        = 300
22683 14:57:49.796286 close(6)          = 0
22683 14:57:49.796304 alarm(0)          = 300
22683 14:57:49.796314 gettimeofday({1495652269, 796318}, NULL) = 0
22683 14:57:49.796330 gettimeofday({1495652269, 796334}, NULL) = 0
22683 14:57:49.796344 fcntl64(3, F_SETLKW64, {type=F_WRLCK, whence=SEEK_SET, start=0, len=0}, 0xbfa643f4) = 0
22683 14:57:49.796359 write(3, "Wed May 24 14:57:49 2017 [pid 22683] [msfadmin] OK UPLOAD: Client \"127.0.0.1\", \"/home/msfadmin/myfile14\", 17 bytes, 21.28Kbyte/sec\n", 131) = 131
22683 14:57:49.796381 fcntl64(3, F_SETLK64, {type=F_UNLCK, whence=SEEK_SET, start=0, len=0}, 0xbfa643fc) = 0
22683 14:57:49.796400 write(0, "226 Transfer complete.\r\n", 24) = 24
22683 14:57:49.796445 write(5, "\n", 1 <unfinished ...>
22681 14:57:49.796454 <... read resumed> "\n", 1) = 1
22683 14:57:49.796459 <... write resumed> ) = 1
22681 14:57:49.796465 close(5)          = 0
22681 14:57:49.796477 write(4, "\1", 1) = 1
22681 14:57:49.796488 read(4,  <unfinished ...>
22683 14:57:49.796495 read(5, "\1", 1)  = 1
22683 14:57:49.796506 close(4)          = 0
22683 14:57:49.796517 rt_sigaction(SIGALRM, {0x805cad0, ~[RTMIN RT_1], 0}, NULL, 8) = 0
22683 14:57:49.796530 alarm(300)        = 0
22683 14:57:49.796541 recv(0,  <unfinished ...>
22686 14:57:50.307343 <... recv resumed> "USER msfadmin\r\n", 4096, MSG_PEEK) = 15
22683 14:57:50.307415 <... recv resumed> "TYPE I\r\n", 4096, MSG_PEEK) = 8
22686 14:57:50.307453 read(0,  <unfinished ...>
22683 14:57:50.307478 read(0,  <unfinished ...>
22686 14:57:50.307497 <... read resumed> "USER msfadmin\r\n", 15) = 15
22683 14:57:50.307515 <... read resumed> "TYPE I\r\n", 8) = 8
22686 14:57:50.307540 write(0, "331 Any password will do.\r\n", 27 <unfinished ...>
22683 14:57:50.307563 write(0, "200 Switching to Binary mode.\r\n", 31) = 31
22686 14:57:50.307634 <... write resumed> ) = 27
22683 14:57:50.307646 rt_sigaction(SIGALRM, {0x805cad0, ~[RTMIN RT_1], 0},  <unfinished ...>
22686 14:57:50.307660 rt_sigaction(SIGALRM, {0x805cad0, ~[RTMIN RT_1], 0}, NULL, 8) = 0
22686 14:57:50.307674 alarm(300 <unfinished ...>
22683 14:57:50.307680 <... rt_sigaction resumed> NULL, 8) = 0
22683 14:57:50.307686 alarm(300 <unfinished ...>
22686 14:57:50.307692 <... alarm resumed> ) = 299
22683 14:57:50.307698 <... alarm resumed> ) = 299
22683 14:57:50.307705 recv(0,  <unfinished ...>
22686 14:57:50.307713 recv(0,  <unfinished ...>
22683 14:57:50.307718 <... recv resumed> "PASV\r\n", 4096, MSG_PEEK) = 6
22686 14:57:50.307726 <... recv resumed> "PASS msfadmin\r\n", 4096, MSG_PEEK) = 15
22686 14:57:50.307734 read(0,  <unfinished ...>
22683 14:57:50.307740 read(0,  <unfinished ...>
22686 14:57:50.307746 <... read resumed> "PASS msfadmin\r\n", 15) = 15
22683 14:57:50.307753 <... read resumed> "PASV\r\n", 6) = 6
22683 14:57:50.307761 write(5, "\n", 1 <unfinished ...>
22686 14:57:50.307773 write(0, "230 Already logged in.\r\n", 24 <unfinished ...>
22681 14:57:50.307927 <... read resumed> "\n", 1) = 1
22683 14:57:50.307935 <... write resumed> ) = 1
22681 14:57:50.307943 write(4, "\1", 1) = 1
22681 14:57:50.307963 read(4,  <unfinished ...>
22683 14:57:50.307970 read(5,  <unfinished ...>
22686 14:57:50.308018 <... write resumed> ) = 24
22683 14:57:50.308028 <... read resumed> "\1", 1) = 1
22683 14:57:50.308036 write(5, "\f", 1 <unfinished ...>
22681 14:57:50.308044 <... read resumed> "\f", 1) = 1
22683 14:57:50.308048 <... write resumed> ) = 1
22681 14:57:50.308056 socket(PF_INET, SOCK_STREAM, IPPROTO_TCP) = 5
22681 14:57:50.308072 setsockopt(5, SOL_SOCKET, SO_REUSEADDR, [1], 4) = 0
22681 14:57:50.308086 bind(5, {sa_family=AF_INET, sin_port=htons(13070), sin_addr=inet_addr("127.0.0.1")}, 16) = 0
22681 14:57:50.308103 listen(5, 1)      = 0
22681 14:57:50.308120 write(4, "\0163\0\0", 4) = 4
22681 14:57:50.308131 read(4,  <unfinished ...>
22686 14:57:50.308139 rt_sigaction(SIGALRM, {0x805cad0, ~[RTMIN RT_1], 0},  <unfinished ...>
22683 14:57:50.308150 read(5,  <unfinished ...>
22686 14:57:50.308156 <... rt_sigaction resumed> NULL, 8) = 0
22683 14:57:50.308162 <... read resumed> "\0163\0\0", 4) = 4
22686 14:57:50.308170 alarm(300 <unfinished ...>
22683 14:57:50.308181 write(0, "227 Entering Passive Mode (127,0,0,1,51,14).\r\n", 46 <unfinished ...>
22686 14:57:50.308191 <... alarm resumed> ) = 300
22686 14:57:50.308198 recv(0, "TYPE I\r\n", 4096, MSG_PEEK) = 8
22686 14:57:50.308210 read(0, "TYPE I\r\n", 8) = 8
22683 14:57:50.308316 <... write resumed> ) = 46
22686 14:57:50.308331 write(0, "200 Switching to Binary mode.\r\n", 31 <unfinished ...>
22683 14:57:50.308342 rt_sigaction(SIGALRM, {0x805cad0, ~[RTMIN RT_1], 0}, NULL, 8) = 0
22683 14:57:50.308356 alarm(300 <unfinished ...>
22686 14:57:50.308393 <... write resumed> ) = 31
22683 14:57:50.308401 <... alarm resumed> ) = 300
22683 14:57:50.308409 recv(0, "STOR myfile15\r\n", 4096, MSG_PEEK) = 15
22686 14:57:50.308422 rt_sigaction(SIGALRM, {0x805cad0, ~[RTMIN RT_1], 0},  <unfinished ...>
22683 14:57:50.308432 read(0,  <unfinished ...>
22686 14:57:50.308438 <... rt_sigaction resumed> NULL, 8) = 0
22683 14:57:50.308444 <... read resumed> "STOR myfile15\r\n", 15) = 15
22686 14:57:50.308451 alarm(300 <unfinished ...>
22683 14:57:50.308459 write(5, "\v", 1 <unfinished ...>
22686 14:57:50.308466 <... alarm resumed> ) = 300
22686 14:57:50.308473 recv(0, "PASV\r\n", 4096, MSG_PEEK) = 6
22681 14:57:50.308485 <... read resumed> "\v", 1) = 1
22683 14:57:50.308490 <... write resumed> ) = 1
22681 14:57:50.308496 write(4, "\1\0\0\0", 4) = 4
22681 14:57:50.308507 read(4,  <unfinished ...>
22686 14:57:50.308514 read(0,  <unfinished ...>
22683 14:57:50.308520 read(5,  <unfinished ...>
22686 14:57:50.308525 <... read resumed> "PASV\r\n", 6) = 6
22686 14:57:50.308534 write(5, "\n", 1 <unfinished ...>
22683 14:57:50.308541 <... read resumed> "\1\0\0\0", 4) = 4
22683 14:57:50.308549 gettimeofday( <unfinished ...>
22686 14:57:50.308555 <... write resumed> ) = 1
22683 14:57:50.308561 <... gettimeofday resumed> {1495652270, 308559}, NULL) = 0
22683 14:57:50.308569 getcwd( <unfinished ...>
22686 14:57:50.308575 read(5,  <unfinished ...>
22683 14:57:50.308581 <... getcwd resumed> "/home/msfadmin", 4096) = 15
22683 14:57:50.308591 open("myfile15", O_WRONLY|O_CREAT|O_NONBLOCK|O_LARGEFILE, 0666) = 4
22683 14:57:50.308606 fstat64(4, {st_mode=S_IFREG|0644, st_size=17, ...}) = 0
22683 14:57:50.308624 fcntl64(4, F_GETFL) = 0x8801 (flags O_WRONLY|O_NONBLOCK|O_LARGEFILE)
22683 14:57:50.308635 fcntl64(4, F_SETFL, O_WRONLY|O_LARGEFILE) = 0
22683 14:57:50.308645 fcntl64(4, F_SETLKW64, {type=F_WRLCK, whence=SEEK_SET, start=0, len=0}, 0xbfa64454) = 0
22683 14:57:50.308660 ftruncate64(4, 0) = 0
22683 14:57:50.308679 _llseek(4, 0, [0], SEEK_SET) = 0
22683 14:57:50.308690 write(5, "\v", 1 <unfinished ...>
22681 14:57:50.308698 <... read resumed> "\v", 1) = 1
22683 14:57:50.308702 <... write resumed> ) = 1
22681 14:57:50.308708 write(4, "\1\0\0\0", 4) = 4
22681 14:57:50.308719 read(4,  <unfinished ...>
22683 14:57:50.308726 read(5, "\1\0\0\0", 4) = 4
22683 14:57:50.308737 write(5, "\v", 1 <unfinished ...>
22681 14:57:50.308744 <... read resumed> "\v", 1) = 1
22683 14:57:50.308749 <... write resumed> ) = 1
22681 14:57:50.308755 write(4, "\1\0\0\0", 4) = 4
22681 14:57:50.308765 read(4,  <unfinished ...>
22683 14:57:50.308772 read(5, "\1\0\0\0", 4) = 4
22683 14:57:50.308783 write(5, "\r", 1 <unfinished ...>
22681 14:57:50.308790 <... read resumed> "\r", 1) = 1
22683 14:57:50.308795 <... write resumed> ) = 1
22681 14:57:50.308802 select(6, [5], NULL, NULL, {60, 0}) = 1 (in [5], left {60, 0})
22681 14:57:50.308818 accept(5, {sa_family=AF_INET, sin_port=htons(37875), sin_addr=inet_addr("127.0.0.1")}, [16]) = 6
22681 14:57:50.308841 write(4, "\1", 1) = 1
22681 14:57:50.308853 sendmsg(4, {msg_name(0)=NULL, msg_iov(1)=[{"\0", 1}], msg_controllen=16, {cmsg_len=16, cmsg_level=SOL_SOCKET, cmsg_type=SCM_RIGHTS, {6}}, msg_flags=0}, 0) = 1
22681 14:57:50.308870 close(6)          = 0
22681 14:57:50.308895 read(4,  <unfinished ...>
22683 14:57:50.308903 read(5, "\1", 1)  = 1
22683 14:57:50.308927 recvmsg(5, {msg_name(0)=NULL, msg_iov(1)=[{"\0", 1}], msg_controllen=16, {cmsg_len=16, cmsg_level=SOL_SOCKET, cmsg_type=SCM_RIGHTS, {6}}, msg_flags=0}, 0) = 1
22683 14:57:50.308945 setsockopt(6, SOL_SOCKET, SO_KEEPALIVE, [1], 4) = 0
22683 14:57:50.308958 setsockopt(6, SOL_IP, IP_TOS, [8], 4) = 0
22683 14:57:50.308970 setsockopt(6, SOL_SOCKET, SO_LINGER, {onoff=1, linger=32767}, 8) = 0
22683 14:57:50.308981 rt_sigaction(SIGALRM, {0x805cad0, ~[RTMIN RT_1], 0}, NULL, 8) = 0
22683 14:57:50.308994 alarm(300)        = 300
22683 14:57:50.309007 write(0, "150 Ok to send data.\r\n", 22) = 22
22683 14:57:50.309073 read(6, "assasaaa\na\na\na\na\n", 65536) = 17
22683 14:57:50.309088 write(4, "assasaaa\na\na\na\na\n", 17) = 17
22683 14:57:50.309107 read(6, "", 65536) = 0
22683 14:57:50.309117 rt_sigaction(SIGALRM, {0x805cad0, ~[RTMIN RT_1], 0}, NULL, 8) = 0
22683 14:57:50.309131 alarm(300)        = 300
22683 14:57:50.309141 close(6)          = 0
22683 14:57:50.309158 alarm(0)          = 300
22683 14:57:50.309168 gettimeofday({1495652270, 309172}, NULL) = 0
22683 14:57:50.309184 gettimeofday({1495652270, 309188}, NULL) = 0
22683 14:57:50.309200 fcntl64(3, F_SETLKW64, {type=F_WRLCK, whence=SEEK_SET, start=0, len=0}, 0xbfa643f4) = 0
22683 14:57:50.309215 write(3, "Wed May 24 14:57:50 2017 [pid 22683] [msfadmin] OK UPLOAD: Client \"127.0.0.1\", \"/home/msfadmin/myfile15\", 17 bytes, 26.39Kbyte/sec\n", 131) = 131
22683 14:57:50.309236 fcntl64(3, F_SETLK64, {type=F_UNLCK, whence=SEEK_SET, start=0, len=0}, 0xbfa643fc) = 0
22683 14:57:50.309251 write(0, "226 Transfer complete.\r\n", 24) = 24
22683 14:57:50.309294 write(5, "\n", 1 <unfinished ...>
22681 14:57:50.309303 <... read resumed> "\n", 1) = 1
22683 14:57:50.309308 <... write resumed> ) = 1
22681 14:57:50.309314 close(5)          = 0
22681 14:57:50.309326 write(4, "\1", 1) = 1
22681 14:57:50.309337 read(4,  <unfinished ...>
22683 14:57:50.309344 read(5, "\1", 1)  = 1
22683 14:57:50.309354 close(4)          = 0
22683 14:57:50.309365 rt_sigaction(SIGALRM, {0x805cad0, ~[RTMIN RT_1], 0}, NULL, 8) = 0
22683 14:57:50.309378 alarm(300)        = 0
22683 14:57:50.309389 recv(0,  <unfinished ...>
22684 14:57:50.309398 <... read resumed> "\n", 1) = 1
22684 14:57:50.309407 write(4, "\1", 1) = 1
22686 14:57:50.309417 <... read resumed> "\1", 1) = 1
22686 14:57:50.309425 write(5, "\f", 1) = 1
22686 14:57:50.309434 read(5,  <unfinished ...>
22684 14:57:50.309441 read(4, "\f", 1)  = 1
22684 14:57:50.309453 socket(PF_INET, SOCK_STREAM, IPPROTO_TCP) = 5
22684 14:57:50.309466 setsockopt(5, SOL_SOCKET, SO_REUSEADDR, [1], 4) = 0
22684 14:57:50.309479 bind(5, {sa_family=AF_INET, sin_port=htons(37860), sin_addr=inet_addr("127.0.0.1")}, 16) = 0
22684 14:57:50.309493 listen(5, 1)      = 0
22684 14:57:50.309505 write(4, "\344\223\0\0", 4) = 4
22686 14:57:50.309516 <... read resumed> "\344\223\0\0", 4) = 4
22686 14:57:50.309528 write(0, "227 Entering Passive Mode (127,0,0,1,147,228).\r\n", 48) = 48
22686 14:57:50.309622 rt_sigaction(SIGALRM, {0x805cad0, ~[RTMIN RT_1], 0}, NULL, 8) = 0
22686 14:57:50.309638 alarm(300)        = 300
22686 14:57:50.309649 recv(0, "RETR myfile38\r\n", 4096, MSG_PEEK) = 15
22686 14:57:50.309662 read(0, "RETR myfile38\r\n", 15) = 15
22686 14:57:50.309675 write(5, "\v", 1) = 1
22686 14:57:50.309685 read(5,  <unfinished ...>
22684 14:57:50.309692 read(4, "\v", 1)  = 1
22684 14:57:50.309703 write(4, "\1\0\0\0", 4) = 4
22686 14:57:50.309714 <... read resumed> "\1\0\0\0", 4) = 4
22686 14:57:50.309721 gettimeofday({1495652270, 309725}, NULL) = 0
22686 14:57:50.309732 getcwd("/home/msfadmin", 4096) = 15
22686 14:57:50.309744 open("myfile38", O_RDONLY|O_NONBLOCK|O_LARGEFILE) = 4
22686 14:57:50.309757 fcntl64(4, F_SETLKW64, {type=F_RDLCK, whence=SEEK_SET, start=0, len=0}, 0xbf84ca54) = 0
