22994 15:00:53.168418 open("/etc/passwd", O_RDONLY|0x80000 /* O_??? */) = 5
22994 15:00:53.168432 _llseek(5, 0, [0], SEEK_CUR) = 0
22994 15:00:53.168443 fstat64(5, {st_mode=S_IFREG|0644, st_size=1624, ...}) = 0
22994 15:00:53.168460 mmap2(NULL, 1624, PROT_READ, MAP_SHARED, 5, 0) = 0xb7ef5000
22994 15:00:53.168470 _llseek(5, 1624, [1624], SEEK_SET) = 0
22994 15:00:53.168489 munmap(0xb7ef5000, 1624) = 0
22994 15:00:53.168500 close(5)          = 0
22994 15:00:53.168524 open("/etc/shadow", O_RDONLY|0x80000 /* O_??? */) = 5
22994 15:00:53.168541 _llseek(5, 0, [0], SEEK_CUR) = 0
22994 15:00:53.168552 fstat64(5, {st_mode=S_IFREG|0640, st_size=1233, ...}) = 0
22994 15:00:53.168568 mmap2(NULL, 1233, PROT_READ, MAP_SHARED, 5, 0) = 0xb7ef5000
22994 15:00:53.168578 _llseek(5, 1233, [1233], SEEK_SET) = 0
22994 15:00:53.168598 munmap(0xb7ef5000, 1233) = 0
22994 15:00:53.168608 close(5)          = 0
22994 15:00:53.168626 open("/etc/passwd", O_RDONLY|0x80000 /* O_??? */) = 5
22994 15:00:53.168639 _llseek(5, 0, [0], SEEK_CUR) = 0
22994 15:00:53.168649 fstat64(5, {st_mode=S_IFREG|0644, st_size=1624, ...}) = 0
22994 15:00:53.168666 mmap2(NULL, 1624, PROT_READ, MAP_SHARED, 5, 0) = 0xb7ef5000
22994 15:00:53.168676 _llseek(5, 1624, [1624], SEEK_SET) = 0
22994 15:00:53.168692 munmap(0xb7ef5000, 1624) = 0
22994 15:00:53.168702 close(5)          = 0
22994 15:00:53.168714 open("/etc/shadow", O_RDONLY|0x80000 /* O_??? */) = 5
22994 15:00:53.168745 _llseek(5, 0, [0], SEEK_CUR) = 0
22994 15:00:53.168757 fstat64(5, {st_mode=S_IFREG|0640, st_size=1233, ...}) = 0
22994 15:00:53.168783 mmap2(NULL, 1233, PROT_READ, MAP_SHARED, 5, 0) = 0xb7ef5000
22994 15:00:53.168794 _llseek(5, 1233, [1233], SEEK_SET) = 0
22994 15:00:53.168811 munmap(0xb7ef5000, 1233) = 0
22994 15:00:53.168821 close(5)          = 0
22994 15:00:53.169053 getuid32()        = 0
22994 15:00:53.169064 open("/etc/passwd", O_RDONLY|0x80000 /* O_??? */) = 5
22994 15:00:53.169077 _llseek(5, 0, [0], SEEK_CUR) = 0
22994 15:00:53.169087 fstat64(5, {st_mode=S_IFREG|0644, st_size=1624, ...}) = 0
22994 15:00:53.169103 mmap2(NULL, 1624, PROT_READ, MAP_SHARED, 5, 0) = 0xb7ef5000
22994 15:00:53.169114 _llseek(5, 1624, [1624], SEEK_SET) = 0
22994 15:00:53.169129 munmap(0xb7ef5000, 1624) = 0
22994 15:00:53.169139 close(5)          = 0
22994 15:00:53.169152 open("/etc/shadow", O_RDONLY|0x80000 /* O_??? */) = 5
22994 15:00:53.169164 _llseek(5, 0, [0], SEEK_CUR) = 0
22994 15:00:53.169174 fstat64(5, {st_mode=S_IFREG|0640, st_size=1233, ...}) = 0
22994 15:00:53.169190 mmap2(NULL, 1233, PROT_READ, MAP_SHARED, 5, 0) = 0xb7ef5000
22994 15:00:53.169201 _llseek(5, 1233, [1233], SEEK_SET) = 0
22994 15:00:53.169881 munmap(0xb7ef5000, 1233) = 0
22994 15:00:53.169936 close(5)          = 0
22994 15:00:53.169963 time(NULL)        = 1495652453
22994 15:00:53.169993 munmap(0xb7ef2000, 12164) = 0
22994 15:00:53.170008 munmap(0xb7ef0000, 7136) = 0
22994 15:00:53.170023 munmap(0xb7d25000, 95428) = 0
22994 15:00:53.170034 munmap(0xb7ceb000, 201052) = 0
22994 15:00:53.170046 munmap(0xb7cd2000, 101180) = 0
22994 15:00:53.170062 gettimeofday({1495652453, 170066}, NULL) = 0
22994 15:00:53.170074 stat64("/usr/share/zoneinfo/UTC+04:00", 0xbff738e4) = -1 ENOENT (No such file or directory)
22994 15:00:53.170089 open("/usr/share/zoneinfo/UTC+04:00", O_RDONLY) = -1 ENOENT (No such file or directory)
22994 15:00:53.170114 fcntl64(3, F_SETLKW64, {type=F_WRLCK, whence=SEEK_SET, start=0, len=0}, 0xbff73a34) = 0
22994 15:00:53.170130 write(3, "Wed May 24 15:00:53 2017 [pid 22994] [msfadmin] OK LOGIN: Client \"127.0.0.1\"\n", 77) = 77
22994 15:00:53.170147 fcntl64(3, F_SETLK64, {type=F_UNLCK, whence=SEEK_SET, start=0, len=0}, 0xbff73a3c) = 0
22994 15:00:53.170160 rt_sigaction(SIGCHLD, {0x805cad0, ~[RTMIN RT_1], 0}, NULL, 8) = 0
22994 15:00:53.170174 write(4, "\1", 1 <unfinished ...>
22995 15:00:53.170184 <... read resumed> "\1", 1) = 1
22994 15:00:53.170189 <... write resumed> ) = 1
22995 15:00:53.170196 exit_group(0)     = ?
22994 15:00:53.170224 --- SIGCHLD (Child exited) @ 0 (0) ---
22994 15:00:53.170232 sigreturn()       = ? (mask now [])
22994 15:00:53.170250 wait4(-1, [{WIFEXITED(s) && WEXITSTATUS(s) == 0}], 0, NULL) = 22995
22994 15:00:53.170263 close(4)          = 0
22994 15:00:53.170275 socketpair(PF_FILE, SOCK_STREAM, 0, [4, 5]) = 0
22994 15:00:53.170288 rt_sigaction(SIGCHLD, {0x805cad0, ~[RTMIN RT_1], 0}, NULL, 8) = 0
22994 15:00:53.170302 rt_sigaction(SIGALRM, {0x805cb10, ~[RTMIN RT_1], 0}, NULL, 8) = 0
22994 15:00:53.170316 clone(child_stack=0, flags=CLONE_CHILD_CLEARTID|CLONE_CHILD_SETTID|SIGCHLD, child_tidptr=0xb7d5b6f8) = 22996
22996 15:00:53.170365 prctl(0x1, 0x9, 0, 0, 0) = 0
22996 15:00:53.170399 close(4)          = 0
22996 15:00:53.170436 open("/etc/passwd", O_RDONLY|0x80000 /* O_??? */) = 4
22996 15:00:53.170453 _llseek(4, 0, [0], SEEK_CUR) = 0
22996 15:00:53.170468 fstat64(4, {st_mode=S_IFREG|0644, st_size=1624, ...}) = 0
22996 15:00:53.170487 mmap2(NULL, 1624, PROT_READ, MAP_SHARED, 4, 0) = 0xb7ef5000
22996 15:00:53.170499 _llseek(4, 1624, [1624], SEEK_SET) = 0
22996 15:00:53.170521 munmap(0xb7ef5000, 1624) = 0
22996 15:00:53.170533 close(4)          = 0
22996 15:00:53.170546 getuid32()        = 0
22996 15:00:53.170556 open("/etc/passwd", O_RDONLY|0x80000 /* O_??? */) = 4
22996 15:00:53.170568 _llseek(4, 0, [0], SEEK_CUR) = 0
22996 15:00:53.170579 fstat64(4, {st_mode=S_IFREG|0644, st_size=1624, ...}) = 0
22996 15:00:53.170595 mmap2(NULL, 1624, PROT_READ, MAP_SHARED, 4, 0) = 0xb7ef5000
22996 15:00:53.170606 _llseek(4, 1624, [1624], SEEK_SET) = 0
22996 15:00:53.170621 munmap(0xb7ef5000, 1624) = 0
22996 15:00:53.170631 close(4)          = 0
22996 15:00:53.170656 open("/proc/sys/kernel/ngroups_max", O_RDONLY) = 4
22996 15:00:53.170676 read(4, "65536\n", 31) = 6
22996 15:00:53.170689 close(4)          = 0
22996 15:00:53.170702 socket(PF_FILE, SOCK_STREAM, 0) = 4
22996 15:00:53.170714 fcntl64(4, F_SETFL, O_RDWR|O_NONBLOCK) = 0
22996 15:00:53.170725 connect(4, {sa_family=AF_FILE, path="/var/run/nscd/socket"}, 110) = -1 ENOENT (No such file or directory)
22996 15:00:53.170745 close(4)          = 0
22996 15:00:53.170757 socket(PF_FILE, SOCK_STREAM, 0) = 4
22996 15:00:53.170767 fcntl64(4, F_SETFL, O_RDWR|O_NONBLOCK) = 0
22996 15:00:53.170777 connect(4, {sa_family=AF_FILE, path="/var/run/nscd/socket"}, 110) = -1 ENOENT (No such file or directory)
22996 15:00:53.170795 close(4)          = 0
22996 15:00:53.170817 open("/etc/group", O_RDONLY|0x80000 /* O_??? */) = 4
22996 15:00:53.170832 _llseek(4, 0, [0], SEEK_CUR) = 0
22996 15:00:53.170842 fstat64(4, {st_mode=S_IFREG|0644, st_size=886, ...}) = 0
22996 15:00:53.170859 mmap2(NULL, 886, PROT_READ, MAP_SHARED, 4, 0) = 0xb7ef5000
22996 15:00:53.170892 _llseek(4, 886, [886], SEEK_SET) = 0
22996 15:00:53.170929 fstat64(4, {st_mode=S_IFREG|0644, st_size=886, ...}) = 0
22996 15:00:53.170947 munmap(0xb7ef5000, 886) = 0
22996 15:00:53.170961 close(4)          = 0
22996 15:00:53.170971 setgroups32(13, [1000, 4, 20, 24, 25, 29, 30, 44, 46, 107, 111, 112, 119]) = 0
22996 15:00:53.170988 geteuid32()       = 0
22996 15:00:53.170999 getegid32()       = 0
22996 15:00:53.171010 setregid32(-1, 1000) = 0
22996 15:00:53.171020 setreuid32(-1, 1000) = 0
22996 15:00:53.171031 chdir("/home/msfadmin") = 0
22996 15:00:53.171042 setreuid32(-1, 0) = 0
22996 15:00:53.171052 setregid32(-1, 0) = 0
22996 15:00:53.171062 setgid32(1000)    = 0
22996 15:00:53.171072 setuid32(1000)    = 0
22996 15:00:53.171082 setrlimit(RLIMIT_NPROC, {rlim_cur=0, rlim_max=0}) = 0
22996 15:00:53.171095 mmap2(NULL, 12288, PROT_READ|PROT_WRITE, MAP_PRIVATE|MAP_ANONYMOUS, -1, 0) = 0xb7ef3000
22996 15:00:53.171107 mprotect(0xb7ef5000, 4096, PROT_NONE) = 0
22996 15:00:53.171118 mprotect(0xb7ef3000, 4096, PROT_NONE) = 0
22996 15:00:53.171129 getcwd("/home/msfadmin", 4096) = 15
22996 15:00:53.171142 umask(022)        = 077
22996 15:00:53.171152 getcwd("/home/msfadmin", 4096) = 15
22996 15:00:53.171165 open(".message", O_RDONLY|O_NONBLOCK|O_LARGEFILE) = -1 ENOENT (No such file or directory)
22996 15:00:53.171187 write(0, "230 Login successful.\r\n", 23) = 23
22996 15:00:53.171254 rt_sigaction(SIGALRM, {0x805cad0, ~[RTMIN RT_1], 0}, NULL, 8) = 0
22996 15:00:53.171271 alarm(300)        = 0
22996 15:00:53.171282 mmap2(NULL, 12288, PROT_READ|PROT_WRITE, MAP_PRIVATE|MAP_ANONYMOUS, -1, 0) = 0xb7ef0000
22996 15:00:53.171293 mprotect(0xb7ef2000, 4096, PROT_NONE) = 0
22996 15:00:53.171304 mprotect(0xb7ef0000, 4096, PROT_NONE) = 0
22996 15:00:53.171317 recv(0, "TYPE I\r\n", 4096, MSG_PEEK) = 8
22996 15:00:53.171329 read(0, "TYPE I\r\n", 8) = 8
22996 15:00:53.171346 write(0, "200 Switching to Binary mode.\r\n", 31) = 31
22996 15:00:53.171532 rt_sigaction(SIGALRM, {0x805cad0, ~[RTMIN RT_1], 0}, NULL, 8) = 0
22996 15:00:53.171548 alarm(300)        = 300
22996 15:00:53.171559 recv(0, "PASV\r\n", 4096, MSG_PEEK) = 6
22996 15:00:53.171571 read(0, "PASV\r\n", 6) = 6
22996 15:00:53.171583 write(5, "\n", 1) = 1
22996 15:00:53.171594 read(5,  <unfinished ...>
22994 15:00:53.171606 close(5)          = 0
22994 15:00:53.171619 getuid32()        = 0
22994 15:00:53.171634 open("/etc/passwd", O_RDONLY|0x80000 /* O_??? */) = 5
22994 15:00:53.171648 _llseek(5, 0, [0], SEEK_CUR) = 0
22994 15:00:53.171660 fstat64(5, {st_mode=S_IFREG|0644, st_size=1624, ...}) = 0
22994 15:00:53.171678 mmap2(NULL, 1624, PROT_READ, MAP_SHARED, 5, 0) = 0xb7ef5000
22994 15:00:53.171690 _llseek(5, 1624, [1624], SEEK_SET) = 0
22994 15:00:53.171707 munmap(0xb7ef5000, 1624) = 0
22994 15:00:53.171719 close(5)          = 0
22994 15:00:53.171734 setgroups32(0, []) = 0
22994 15:00:53.171746 chdir("/usr/share/empty") = 0
22994 15:00:53.171758 chroot(".")       = 0
22994 15:00:53.171768 capset(NULL, NULL) = -1 EFAULT (Bad address)
22994 15:00:53.171782 prctl(0x8, 0, 0xbff73a18, 0x80549a6, 0xbff73a00) = 0
22994 15:00:53.171793 prctl(0x8, 0x1, 0xbff73a18, 0x8054a49, 0xbff73a00) = 0
22994 15:00:53.171803 setgid32(65534)   = 0
22994 15:00:53.171813 setuid32(65534)   = 0
22994 15:00:53.171822 capset(0x19980330, 0, {CAP_NET_BIND_SERVICE, CAP_NET_BIND_SERVICE, 0}) = 0
22994 15:00:53.171835 read(4, "\n", 1)  = 1
22994 15:00:53.171849 write(4, "\1", 1) = 1
22996 15:00:53.171860 <... read resumed> "\1", 1) = 1
22996 15:00:53.171868 write(5, "\f", 1) = 1
22996 15:00:53.171878 read(5,  <unfinished ...>
22994 15:00:53.171884 read(4, "\f", 1)  = 1
22994 15:00:53.171897 socket(PF_INET, SOCK_STREAM, IPPROTO_TCP) = 5
22994 15:00:53.171910 setsockopt(5, SOL_SOCKET, SO_REUSEADDR, [1], 4) = 0
22994 15:00:53.171921 gettimeofday({1495652453, 171925}, NULL) = 0
22994 15:00:53.171938 bind(5, {sa_family=AF_INET, sin_port=htons(48900), sin_addr=inet_addr("127.0.0.1")}, 16) = 0
22994 15:00:53.171954 listen(5, 1)      = 0
22994 15:00:53.171989 write(4, "\4\277\0\0", 4) = 4
22996 15:00:53.172003 <... read resumed> "\4\277\0\0", 4) = 4
22996 15:00:53.172029 write(0, "227 Entering Passive Mode (127,0,0,1,191,4).\r\n", 46) = 46
22996 15:00:53.172125 rt_sigaction(SIGALRM, {0x805cad0, ~[RTMIN RT_1], 0}, NULL, 8) = 0
22996 15:00:53.172146 alarm(300)        = 300
22996 15:00:53.172157 recv(0, "RETR myfile40\r\n", 4096, MSG_PEEK) = 15
22996 15:00:53.172170 read(0, "RETR myfile40\r\n", 15) = 15
22996 15:00:53.172184 write(5, "\v", 1) = 1
22996 15:00:53.172195 read(5,  <unfinished ...>
22994 15:00:53.172202 read(4, "\v", 1)  = 1
22994 15:00:53.172213 write(4, "\1\0\0\0", 4) = 4
22996 15:00:53.172224 <... read resumed> "\1\0\0\0", 4) = 4
22996 15:00:53.172233 gettimeofday({1495652453, 172237}, NULL) = 0
22996 15:00:53.172244 getcwd("/home/msfadmin", 4096) = 15
22996 15:00:53.172256 open("myfile40", O_RDONLY|O_NONBLOCK|O_LARGEFILE) = 4
22996 15:00:53.172269 fcntl64(4, F_SETLKW64, {type=F_RDLCK, whence=SEEK_SET, start=0, len=0}, 0xbff73984) = 0
22996 15:00:53.172283 fstat64(4, {st_mode=S_IFREG|0644, st_size=17, ...}) = 0
22996 15:00:53.172300 fcntl64(4, F_GETFL) = 0x8800 (flags O_RDONLY|O_NONBLOCK|O_LARGEFILE)
22996 15:00:53.172310 fcntl64(4, F_SETFL, O_RDONLY|O_LARGEFILE) = 0
22996 15:00:53.172322 write(5, "\v", 1) = 1
22996 15:00:53.172333 read(5,  <unfinished ...>
22994 15:00:53.172340 read(4, "\v", 1)  = 1
22994 15:00:53.172351 write(4, "\1\0\0\0", 4) = 4
22996 15:00:53.172361 <... read resumed> "\1\0\0\0", 4) = 4
22996 15:00:53.172369 write(5, "\v", 1) = 1
22996 15:00:53.172379 read(5,  <unfinished ...>
22994 15:00:53.172385 read(4, "\v", 1)  = 1
22994 15:00:53.172396 write(4, "\1\0\0\0", 4) = 4
22996 15:00:53.172406 <... read resumed> "\1\0\0\0", 4) = 4
22996 15:00:53.172413 write(5, "\r", 1) = 1
22996 15:00:53.172423 read(5,  <unfinished ...>
22994 15:00:53.172430 read(4, "\r", 1)  = 1
22994 15:00:53.172442 select(6, [5], NULL, NULL, {60, 0}) = 1 (in [5], left {60, 0})
22994 15:00:53.172459 accept(5, {sa_family=AF_INET, sin_port=htons(53889), sin_addr=inet_addr("127.0.0.1")}, [16]) = 6
22994 15:00:53.172515 write(4, "\1", 1) = 1
22996 15:00:53.172526 <... read resumed> "\1", 1) = 1
22996 15:00:53.172536 recvmsg(5,  <unfinished ...>
22994 15:00:53.172545 sendmsg(4, {msg_name(0)=NULL, msg_iov(1)=[{"\0", 1}], msg_controllen=16, {cmsg_len=16, cmsg_level=SOL_SOCKET, cmsg_type=SCM_RIGHTS, {6}}, msg_flags=0}, 0) = 1
22996 15:00:53.172563 <... recvmsg resumed> {msg_name(0)=NULL, msg_iov(1)=[{"\0", 1}], msg_controllen=16, {cmsg_len=16, cmsg_level=SOL_SOCKET, cmsg_type=SCM_RIGHTS, {6}}, msg_flags=0}, 0) = 1
22996 15:00:53.172576 setsockopt(6, SOL_SOCKET, SO_KEEPALIVE, [1], 4) = 0
22996 15:00:53.172588 setsockopt(6, SOL_IP, IP_TOS, [8], 4) = 0
22996 15:00:53.172600 setsockopt(6, SOL_SOCKET, SO_LINGER, {onoff=1, linger=32767}, 8) = 0
22996 15:00:53.172611 rt_sigaction(SIGALRM, {0x805cad0, ~[RTMIN RT_1], 0}, NULL, 8) = 0
22996 15:00:53.172624 alarm(300)        = 300
22996 15:00:53.172638 write(0, "150 Opening BINARY mode data connection for myfile40 (17 bytes).\r\n", 66) = 66
22996 15:00:53.172681 _llseek(4, 0, [0], SEEK_CUR) = 0
22996 15:00:53.172693 fstat64(4, {st_mode=S_IFREG|0644, st_size=17, ...}) = 0
22996 15:00:53.172711 _llseek(4, 0, [0], SEEK_SET) = 0
22996 15:00:53.172723 sendfile(6, 4, NULL, 17) = 17
22996 15:00:53.172751 rt_sigaction(SIGALRM, {0x805cad0, ~[RTMIN RT_1], 0}, NULL, 8) = 0
22996 15:00:53.172766 alarm(300)        = 300
22996 15:00:53.172776 close(6)          = 0
22996 15:00:53.172785 alarm(0)          = 300
22996 15:00:53.172794 gettimeofday({1495652453, 172798}, NULL) = 0
22996 15:00:53.172811 getpid()          = 22996
22996 15:00:53.172823 gettimeofday({1495652453, 172827}, NULL) = 0
22996 15:00:53.172844 fcntl64(3, F_SETLKW64, {type=F_WRLCK, whence=SEEK_SET, start=0, len=0}, 0xbff73924) = 0
22996 15:00:53.172860 write(3, "Wed May 24 15:00:53 2017 [pid 22996] [msfadmin] OK DOWNLOAD: Client \"127.0.0.1\", \"/home/msfadmin/myfile40\", 17 bytes, 28.14Kbyte/sec\n", 133) = 133
22996 15:00:53.172880 fcntl64(3, F_SETLK64, {type=F_UNLCK, whence=SEEK_SET, start=0, len=0}, 0xbff7392c) = 0
22996 15:00:53.172894 write(0, "226 Transfer complete.\r\n", 24) = 24
22996 15:00:53.172910 write(5, "\n", 1) = 1
22996 15:00:53.172921 read(5,  <unfinished ...>
22994 15:00:53.172928 close(6)          = 0
22994 15:00:53.173044 read(4, "\n", 1)  = 1
22994 15:00:53.173058 close(5)          = 0
22994 15:00:53.173069 write(4, "\1", 1) = 1
22996 15:00:53.173080 <... read resumed> "\1", 1) = 1
22996 15:00:53.173088 close(4)          = 0
22996 15:00:53.173098 rt_sigaction(SIGALRM, {0x805cad0, ~[RTMIN RT_1], 0}, NULL, 8) = 0
22996 15:00:53.173112 alarm(300)        = 0
22996 15:00:53.173123 recv(0,  <unfinished ...>
22994 15:00:53.173130 read(4,  <unfinished ...>
22993 15:00:53.249039 <... recv resumed> "TYPE I\r\n", 4096, MSG_PEEK) = 8
22993 15:00:53.249070 read(0, "TYPE I\r\n", 8) = 8
22993 15:00:53.249093 write(0, "200 Switching to Binary mode.\r\n", 31) = 31
22993 15:00:53.249141 rt_sigaction(SIGALRM, {0x805cad0, ~[RTMIN RT_1], 0}, NULL, 8) = 0
22993 15:00:53.249160 alarm(300)        = 299
22993 15:00:53.249172 recv(0, "PASV\r\n", 4096, MSG_PEEK) = 6
22993 15:00:53.249184 read(0, "PASV\r\n", 6) = 6
22993 15:00:53.249196 write(5, "\n", 1 <unfinished ...>
22991 15:00:53.249207 <... read resumed> "\n", 1) = 1
22993 15:00:53.249212 <... write resumed> ) = 1
22991 15:00:53.249221 write(4, "\1", 1 <unfinished ...>
22993 15:00:53.249227 read(5,  <unfinished ...>
22991 15:00:53.249233 <... write resumed> ) = 1
22993 15:00:53.249237 <... read resumed> "\1", 1) = 1
22991 15:00:53.249245 read(4,  <unfinished ...>
22993 15:00:53.249250 write(5, "\f", 1 <unfinished ...>
22991 15:00:53.249257 <... read resumed> "\f", 1) = 1
22993 15:00:53.249261 <... write resumed> ) = 1
22991 15:00:53.249270 socket(PF_INET, SOCK_STREAM, IPPROTO_TCP <unfinished ...>
22993 15:00:53.249275 read(5,  <unfinished ...>
22991 15:00:53.249284 <... socket resumed> ) = 5
22991 15:00:53.249292 setsockopt(5, SOL_SOCKET, SO_REUSEADDR, [1], 4) = 0
22991 15:00:53.249307 bind(5, {sa_family=AF_INET, sin_port=htons(48421), sin_addr=inet_addr("127.0.0.1")}, 16) = 0
22991 15:00:53.249323 listen(5, 1)      = 0
22991 15:00:53.249337 write(4, "%\275\0\0", 4 <unfinished ...>
22993 15:00:53.249345 <... read resumed> "%\275\0\0", 4) = 4
22991 15:00:53.249351 <... write resumed> ) = 4
22993 15:00:53.249363 write(0, "227 Entering Passive Mode (127,0,0,1,189,37).\r\n", 47 <unfinished ...>
22991 15:00:53.249371 read(4,  <unfinished ...>
22993 15:00:53.249473 <... write resumed> ) = 47
22993 15:00:53.249485 rt_sigaction(SIGALRM, {0x805cad0, ~[RTMIN RT_1], 0}, NULL, 8) = 0
22993 15:00:53.249501 alarm(300)        = 300
22993 15:00:53.249512 recv(0, "STOR myfile30\r\n", 4096, MSG_PEEK) = 15
22993 15:00:53.249524 read(0, "STOR myfile30\r\n", 15) = 15
22993 15:00:53.249538 write(5, "\v", 1 <unfinished ...>
22991 15:00:53.249545 <... read resumed> "\v", 1) = 1
22993 15:00:53.249550 <... write resumed> ) = 1
22991 15:00:53.249557 write(4, "\1\0\0\0", 4) = 4
22991 15:00:53.249568 read(4,  <unfinished ...>
22993 15:00:53.249574 read(5, "\1\0\0\0", 4) = 4
22993 15:00:53.249586 gettimeofday({1495652453, 249590}, NULL) = 0
22993 15:00:53.249598 getcwd("/home/msfadmin", 4096) = 15
22993 15:00:53.249611 open("myfile30", O_WRONLY|O_CREAT|O_NONBLOCK|O_LARGEFILE, 0666) = 4
22993 15:00:53.249625 fstat64(4, {st_mode=S_IFREG|0644, st_size=17, ...}) = 0
22993 15:00:53.249644 fcntl64(4, F_GETFL) = 0x8801 (flags O_WRONLY|O_NONBLOCK|O_LARGEFILE)
22993 15:00:53.249655 fcntl64(4, F_SETFL, O_WRONLY|O_LARGEFILE) = 0
22993 15:00:53.249665 fcntl64(4, F_SETLKW64, {type=F_WRLCK, whence=SEEK_SET, start=0, len=0}, 0xbfc5ee44) = 0
22993 15:00:53.249680 ftruncate64(4, 0) = 0
22993 15:00:53.249700 _llseek(4, 0, [0], SEEK_SET) = 0
22993 15:00:53.249744 write(5, "\v", 1 <unfinished ...>
22991 15:00:53.249755 <... read resumed> "\v", 1) = 1
22993 15:00:53.249761 <... write resumed> ) = 1
22991 15:00:53.249767 write(4, "\1\0\0\0", 4) = 4
22991 15:00:53.249788 read(4,  <unfinished ...>
22993 15:00:53.249795 read(5, "\1\0\0\0", 4) = 4
22993 15:00:53.249806 write(5, "\v", 1 <unfinished ...>
22991 15:00:53.249813 <... read resumed> "\v", 1) = 1
22993 15:00:53.249818 <... write resumed> ) = 1
22991 15:00:53.249823 write(4, "\1\0\0\0", 4) = 4
22991 15:00:53.249834 read(4,  <unfinished ...>
22993 15:00:53.249841 read(5, "\1\0\0\0", 4) = 4
22993 15:00:53.249860 write(5, "\r", 1 <unfinished ...>
22991 15:00:53.249869 <... read resumed> "\r", 1) = 1
22993 15:00:53.249874 <... write resumed> ) = 1
22991 15:00:53.249882 select(6, [5], NULL, NULL, {60, 0}) = 1 (in [5], left {60, 0})
22991 15:00:53.249899 accept(5, {sa_family=AF_INET, sin_port=htons(44215), sin_addr=inet_addr("127.0.0.1")}, [16]) = 6
22991 15:00:53.249922 write(4, "\1", 1) = 1
22991 15:00:53.249935 sendmsg(4, {msg_name(0)=NULL, msg_iov(1)=[{"\0", 1}], msg_controllen=16, {cmsg_len=16, cmsg_level=SOL_SOCKET, cmsg_type=SCM_RIGHTS, {6}}, msg_flags=0}, 0) = 1
22991 15:00:53.249953 close(6)          = 0
22991 15:00:53.249964 read(4,  <unfinished ...>
22993 15:00:53.249971 read(5, "\1", 1)  = 1
22993 15:00:53.249985 recvmsg(5, {msg_name(0)=NULL, msg_iov(1)=[{"\0", 1}], msg_controllen=16, {cmsg_len=16, cmsg_level=SOL_SOCKET, cmsg_type=SCM_RIGHTS, {6}}, msg_flags=0}, 0) = 1
22993 15:00:53.250004 setsockopt(6, SOL_SOCKET, SO_KEEPALIVE, [1], 4) = 0
22993 15:00:53.250017 setsockopt(6, SOL_IP, IP_TOS, [8], 4) = 0
22993 15:00:53.250029 setsockopt(6, SOL_SOCKET, SO_LINGER, {onoff=1, linger=32767}, 8) = 0
22993 15:00:53.250041 rt_sigaction(SIGALRM, {0x805cad0, ~[RTMIN RT_1], 0}, NULL, 8) = 0
22993 15:00:53.250055 alarm(300)        = 300
22993 15:00:53.250068 write(0, "150 Ok to send data.\r\n", 22) = 22
22993 15:00:53.250137 read(6, "assasaaa\na\na\na\na\n", 65536) = 17
22993 15:00:53.250151 write(4, "assasaaa\na\na\na\na\n", 17) = 17
22993 15:00:53.250168 read(6, "", 65536) = 0
22993 15:00:53.250178 rt_sigaction(SIGALRM, {0x805cad0, ~[RTMIN RT_1], 0}, NULL, 8) = 0
22993 15:00:53.250192 alarm(300)        = 300
22993 15:00:53.250202 close(6)          = 0
22993 15:00:53.250219 alarm(0)          = 300
22993 15:00:53.250228 gettimeofday({1495652453, 250232}, NULL) = 0
22993 15:00:53.250244 gettimeofday({1495652453, 250248}, NULL) = 0
22993 15:00:53.250258 fcntl64(3, F_SETLKW64, {type=F_WRLCK, whence=SEEK_SET, start=0, len=0}, 0xbfc5ede4) = 0
22993 15:00:53.250273 write(3, "Wed May 24 15:00:53 2017 [pid 22993] [msfadmin] OK UPLOAD: Client \"127.0.0.1\", \"/home/msfadmin/myfile30\", 17 bytes, 25.23Kbyte/sec\n", 131) = 131
22993 15:00:53.250294 fcntl64(3, F_SETLK64, {type=F_UNLCK, whence=SEEK_SET, start=0, len=0}, 0xbfc5edec) = 0
22993 15:00:53.250308 write(0, "226 Transfer complete.\r\n", 24) = 24
22993 15:00:53.250352 write(5, "\n", 1 <unfinished ...>
22991 15:00:53.250361 <... read resumed> "\n", 1) = 1
22993 15:00:53.250366 <... write resumed> ) = 1
22991 15:00:53.250372 close(5)          = 0
22991 15:00:53.250384 write(4, "\1", 1) = 1
22991 15:00:53.250395 read(4,  <unfinished ...>
22993 15:00:53.250402 read(5, "\1", 1)  = 1
22993 15:00:53.250413 close(4)          = 0
22993 15:00:53.250424 rt_sigaction(SIGALRM, {0x805cad0, ~[RTMIN RT_1], 0}, NULL, 8) = 0
22993 15:00:53.250437 alarm(300)        = 0
22993 15:00:53.250448 recv(0,  <unfinished ...>
22996 15:00:53.679736 <... recv resumed> "USER msfadmin\r\n", 4096, MSG_PEEK) = 15
22996 15:00:53.679860 read(0, "USER msfadmin\r\n", 15) = 15
22996 15:00:53.679967 write(0, "331 Any password will do.\r\n", 27) = 27
22996 15:00:53.680060 rt_sigaction(SIGALRM, {0x805cad0, ~[RTMIN RT_1], 0}, NULL, 8) = 0
22996 15:00:53.680093 alarm(300)        = 299
22996 15:00:53.680119 recv(0, "PASS msfadmin\r\n", 4096, MSG_PEEK) = 15
22996 15:00:53.680136 read(0, "PASS msfadmin\r\n", 15) = 15
22996 15:00:53.680152 write(0, "230 Already logged in.\r\n", 24) = 24
22996 15:00:53.680214 rt_sigaction(SIGALRM, {0x805cad0, ~[RTMIN RT_1], 0}, NULL, 8) = 0
22996 15:00:53.680230 alarm(300)        = 300
22996 15:00:53.680241 recv(0, "TYPE I\r\n", 4096, MSG_PEEK) = 8
22996 15:00:53.680253 read(0, "TYPE I\r\n", 8) = 8
22996 15:00:53.680267 write(0, "200 Switching to Binary mode.\r\n", 31) = 31
22996 15:00:53.680303 rt_sigaction(SIGALRM, {0x805cad0, ~[RTMIN RT_1], 0}, NULL, 8) = 0
22996 15:00:53.680317 alarm(300)        = 300
22996 15:00:53.680328 recv(0, "PASV\r\n", 4096, MSG_PEEK) = 6
22996 15:00:53.680339 read(0, "PASV\r\n", 6) = 6
22996 15:00:53.680351 write(5, "\n", 1) = 1
22996 15:00:53.680370 read(5,  <unfinished ...>
22994 15:00:53.680379 <... read resumed> "\n", 1) = 1
22994 15:00:53.680388 write(4, "\1", 1) = 1
22996 15:00:53.680399 <... read resumed> "\1", 1) = 1
22996 15:00:53.680406 write(5, "\f", 1) = 1
22996 15:00:53.680416 read(5,  <unfinished ...>
22994 15:00:53.680423 read(4, "\f", 1)  = 1
22994 15:00:53.680435 socket(PF_INET, SOCK_STREAM, IPPROTO_TCP) = 5
22994 15:00:53.680451 setsockopt(5, SOL_SOCKET, SO_REUSEADDR, [1], 4) = 0
22994 15:00:53.680466 bind(5, {sa_family=AF_INET, sin_port=htons(8192), sin_addr=inet_addr("127.0.0.1")}, 16) = 0
22994 15:00:53.680483 listen(5, 1)      = 0
22994 15:00:53.680496 write(4, "\0 \0\0", 4) = 4
22996 15:00:53.680507 <... read resumed> "\0 \0\0", 4) = 4
22996 15:00:53.680520 write(0, "227 Entering Passive Mode (127,0,0,1,32,0).\r\n", 45) = 45
22996 15:00:53.680634 rt_sigaction(SIGALRM, {0x805cad0, ~[RTMIN RT_1], 0}, NULL, 8) = 0
22996 15:00:53.680651 alarm(300)        = 300
22996 15:00:53.680662 recv(0, "RETR myfile0\r\n", 4096, MSG_PEEK) = 14
22996 15:00:53.680674 read(0, "RETR myfile0\r\n", 14) = 14
22996 15:00:53.680687 write(5, "\v", 1) = 1
22996 15:00:53.680698 read(5,  <unfinished ...>
22994 15:00:53.680705 read(4, "\v", 1)  = 1
22994 15:00:53.680733 write(4, "\1\0\0\0", 4) = 4
22996 15:00:53.680748 <... read resumed> "\1\0\0\0", 4) = 4
22996 15:00:53.680767 gettimeofday({1495652453, 680770}, NULL) = 0
22996 15:00:53.680778 getcwd("/home/msfadmin", 4096) = 15
22996 15:00:53.680791 open("myfile0", O_RDONLY|O_NONBLOCK|O_LARGEFILE) = 4
22996 15:00:53.680804 fcntl64(4, F_SETLKW64, {type=F_RDLCK, whence=SEEK_SET, start=0, len=0}, 0xbff73984) = 0
22996 15:00:53.680820 fstat64(4, {st_mode=S_IFREG|0644, st_size=17, ...}) = 0
22996 15:00:53.680837 fcntl64(4, F_GETFL) = 0x8800 (flags O_RDONLY|O_NONBLOCK|O_LARGEFILE)
22996 15:00:53.680849 fcntl64(4, F_SETFL, O_RDONLY|O_LARGEFILE) = 0
22996 15:00:53.680860 write(5, "\v", 1) = 1
22996 15:00:53.680871 read(5,  <unfinished ...>
22994 15:00:53.680878 read(4, "\v", 1)  = 1
22994 15:00:53.680889 write(4, "\1\0\0\0", 4) = 4
22996 15:00:53.680899 <... read resumed> "\1\0\0\0", 4) = 4
22996 15:00:53.680907 write(5, "\v", 1) = 1
22996 15:00:53.680917 read(5,  <unfinished ...>
22994 15:00:53.680923 read(4, "\v", 1)  = 1
22994 15:00:53.680934 write(4, "\1\0\0\0", 4) = 4
22996 15:00:53.680944 <... read resumed> "\1\0\0\0", 4) = 4
22996 15:00:53.680951 write(5, "\r", 1) = 1
22996 15:00:53.680961 read(5,  <unfinished ...>
22994 15:00:53.680968 read(4, "\r", 1)  = 1
22994 15:00:53.680980 select(6, [5], NULL, NULL, {60, 0}) = 1 (in [5], left {60, 0})
22994 15:00:53.680996 accept(5, {sa_family=AF_INET, sin_port=htons(54748), sin_addr=inet_addr("127.0.0.1")}, [16]) = 6
22994 15:00:53.681019 write(4, "\1", 1) = 1
22996 15:00:53.681029 <... read resumed> "\1", 1) = 1
22996 15:00:53.681038 recvmsg(5,  <unfinished ...>
22994 15:00:53.681046 sendmsg(4, {msg_name(0)=NULL, msg_iov(1)=[{"\0", 1}], msg_controllen=16, {cmsg_len=16, cmsg_level=SOL_SOCKET, cmsg_type=SCM_RIGHTS, {6}}, msg_flags=0}, 0) = 1
22996 15:00:53.681063 <... recvmsg resumed> {msg_name(0)=NULL, msg_iov(1)=[{"\0", 1}], msg_controllen=16, {cmsg_len=16, cmsg_level=SOL_SOCKET, cmsg_type=SCM_RIGHTS, {6}}, msg_flags=0}, 0) = 1
22996 15:00:53.681076 setsockopt(6, SOL_SOCKET, SO_KEEPALIVE, [1], 4) = 0
22996 15:00:53.681089 setsockopt(6, SOL_IP, IP_TOS, [8], 4) = 0
22996 15:00:53.681101 setsockopt(6, SOL_SOCKET, SO_LINGER, {onoff=1, linger=32767}, 8) = 0
22996 15:00:53.681112 rt_sigaction(SIGALRM, {0x805cad0, ~[RTMIN RT_1], 0}, NULL, 8) = 0
22996 15:00:53.681126 alarm(300)        = 300
22996 15:00:53.681140 write(0, "150 Opening BINARY mode data connection for myfile0 (17 bytes).\r\n", 65) = 65
22996 15:00:53.681183 _llseek(4, 0, [0], SEEK_CUR) = 0
22996 15:00:53.681195 fstat64(4, {st_mode=S_IFREG|0644, st_size=17, ...}) = 0
22996 15:00:53.681212 _llseek(4, 0, [0], SEEK_SET) = 0
22996 15:00:53.681223 sendfile(6, 4, NULL, 17) = 17
22996 15:00:53.681254 rt_sigaction(SIGALRM, {0x805cad0, ~[RTMIN RT_1], 0}, NULL, 8) = 0
22996 15:00:53.681268 alarm(300)        = 300
22996 15:00:53.681282 close(6)          = 0
22996 15:00:53.681292 alarm(0)          = 300
22996 15:00:53.681301 gettimeofday({1495652453, 681305}, NULL) = 0
22996 15:00:53.681317 gettimeofday({1495652453, 681320}, NULL) = 0
22996 15:00:53.681331 fcntl64(3, F_SETLKW64, {type=F_WRLCK, whence=SEEK_SET, start=0, len=0}, 0xbff73924) = 0
22996 15:00:53.681345 write(3, "Wed May 24 15:00:53 2017 [pid 22996] [msfadmin] OK DOWNLOAD: Client \"127.0.0.1\", \"/home/msfadmin/myfile0\", 17 bytes, 30.18Kbyte/sec\n", 132) = 132
22996 15:00:53.681366 fcntl64(3, F_SETLK64, {type=F_UNLCK, whence=SEEK_SET, start=0, len=0}, 0xbff7392c) = 0
22996 15:00:53.681380 write(0, "226 Transfer complete.\r\n", 24) = 24
22996 15:00:53.681396 write(5, "\n", 1) = 1
22996 15:00:53.681406 read(5,  <unfinished ...>
22994 15:00:53.681413 close(6)          = 0
22994 15:00:53.681498 read(4, "\n", 1)  = 1
22994 15:00:53.681512 close(5)          = 0
22994 15:00:53.681523 write(4, "\1", 1) = 1
22996 15:00:53.681534 <... read resumed> "\1", 1) = 1
22996 15:00:53.681541 close(4)          = 0
22996 15:00:53.681552 rt_sigaction(SIGALRM, {0x805cad0, ~[RTMIN RT_1], 0}, NULL, 8) = 0
22996 15:00:53.681566 alarm(300)        = 0
22996 15:00:53.681576 recv(0,  <unfinished ...>
22994 15:00:53.681584 read(4,  <unfinished ...>
22993 15:00:53.799691 <... recv resumed> "TYPE I\r\n", 4096, MSG_PEEK) = 8
22993 15:00:53.799809 read(0, "TYPE I\r\n", 8) = 8
22993 15:00:53.799914 write(0, "200 Switching to Binary mode.\r\n", 31) = 31
22993 15:00:53.800011 rt_sigaction(SIGALRM, {0x805cad0, ~[RTMIN RT_1], 0}, NULL, 8) = 0
22993 15:00:53.800044 alarm(300)        = 299
22993 15:00:53.800069 recv(0, "PASV\r\n", 4096, MSG_PEEK) = 6
22993 15:00:53.800087 read(0, "PASV\r\n", 6) = 6
22993 15:00:53.800099 write(5, "\n", 1 <unfinished ...>
22991 15:00:53.800111 <... read resumed> "\n", 1) = 1
22993 15:00:53.800116 <... write resumed> ) = 1
22991 15:00:53.800123 write(4, "\1", 1) = 1
22991 15:00:53.800134 read(4,  <unfinished ...>
22993 15:00:53.800142 read(5, "\1", 1)  = 1
22993 15:00:53.800153 write(5, "\f", 1 <unfinished ...>
22991 15:00:53.800160 <... read resumed> "\f", 1) = 1
22993 15:00:53.800165 <... write resumed> ) = 1
22991 15:00:53.800172 socket(PF_INET, SOCK_STREAM, IPPROTO_TCP) = 5
22991 15:00:53.800188 setsockopt(5, SOL_SOCKET, SO_REUSEADDR, [1], 4) = 0
22991 15:00:53.800202 bind(5, {sa_family=AF_INET, sin_port=htons(34058), sin_addr=inet_addr("127.0.0.1")}, 16) = 0
22991 15:00:53.800219 listen(5, 1)      = 0
22991 15:00:53.800232 write(4, "\n\205\0\0", 4) = 4
22991 15:00:53.800243 read(4,  <unfinished ...>
22993 15:00:53.800250 read(5, "\n\205\0\0", 4) = 4
22993 15:00:53.800266 write(0, "227 Entering Passive Mode (127,0,0,1,133,10).\r\n", 47) = 47
22993 15:00:53.800376 rt_sigaction(SIGALRM, {0x805cad0, ~[RTMIN RT_1], 0}, NULL, 8) = 0
22993 15:00:53.800393 alarm(300)        = 300
22993 15:00:53.800404 recv(0, "STOR myfile31\r\n", 4096, MSG_PEEK) = 15
22993 15:00:53.800417 read(0, "STOR myfile31\r\n", 15) = 15
22993 15:00:53.800430 write(5, "\v", 1 <unfinished ...>
22991 15:00:53.800438 <... read resumed> "\v", 1) = 1
22993 15:00:53.800443 <... write resumed> ) = 1
22991 15:00:53.800449 write(4, "\1\0\0\0", 4) = 4
22991 15:00:53.800460 read(4,  <unfinished ...>
22993 15:00:53.800467 read(5, "\1\0\0\0", 4) = 4
22993 15:00:53.800479 gettimeofday({1495652453, 800483}, NULL) = 0
22993 15:00:53.800490 getcwd("/home/msfadmin", 4096) = 15
22993 15:00:53.800503 open("myfile31", O_WRONLY|O_CREAT|O_NONBLOCK|O_LARGEFILE, 0666) = 4
22993 15:00:53.800517 fstat64(4, {st_mode=S_IFREG|0644, st_size=17, ...}) = 0
22993 15:00:53.800535 fcntl64(4, F_GETFL) = 0x8801 (flags O_WRONLY|O_NONBLOCK|O_LARGEFILE)
22993 15:00:53.800547 fcntl64(4, F_SETFL, O_WRONLY|O_LARGEFILE) = 0
22993 15:00:53.800557 fcntl64(4, F_SETLKW64, {type=F_WRLCK, whence=SEEK_SET, start=0, len=0}, 0xbfc5ee44) = 0
22993 15:00:53.800571 ftruncate64(4, 0) = 0
22993 15:00:53.800590 _llseek(4, 0, [0], SEEK_SET) = 0
22993 15:00:53.800602 write(5, "\v", 1 <unfinished ...>
22991 15:00:53.800609 <... read resumed> "\v", 1) = 1
22993 15:00:53.800614 <... write resumed> ) = 1
22991 15:00:53.800626 write(4, "\1\0\0\0", 4) = 4
22991 15:00:53.800638 read(4,  <unfinished ...>
22993 15:00:53.800644 read(5, "\1\0\0\0", 4) = 4
22993 15:00:53.800690 write(5, "\v", 1 <unfinished ...>
22991 15:00:53.800699 <... read resumed> "\v", 1) = 1
22993 15:00:53.800704 <... write resumed> ) = 1
22991 15:00:53.800719 write(4, "\1\0\0\0", 4) = 4
22991 15:00:53.800730 read(4,  <unfinished ...>
22993 15:00:53.800737 read(5, "\1\0\0\0", 4) = 4
22993 15:00:53.800748 write(5, "\r", 1 <unfinished ...>
22991 15:00:53.800755 <... read resumed> "\r", 1) = 1
22993 15:00:53.800760 <... write resumed> ) = 1
22991 15:00:53.800767 select(6, [5], NULL, NULL, {60, 0}) = 1 (in [5], left {60, 0})
22991 15:00:53.800783 accept(5, {sa_family=AF_INET, sin_port=htons(48809), sin_addr=inet_addr("127.0.0.1")}, [16]) = 6
22991 15:00:53.800806 write(4, "\1", 1) = 1
22991 15:00:53.800818 sendmsg(4, {msg_name(0)=NULL, msg_iov(1)=[{"\0", 1}], msg_controllen=16, {cmsg_len=16, cmsg_level=SOL_SOCKET, cmsg_type=SCM_RIGHTS, {6}}, msg_flags=0}, 0) = 1
22991 15:00:53.800835 close(6)          = 0
22991 15:00:53.800845 read(4,  <unfinished ...>
22993 15:00:53.800852 read(5, "\1", 1)  = 1
22993 15:00:53.800865 recvmsg(5, {msg_name(0)=NULL, msg_iov(1)=[{"\0", 1}], msg_controllen=16, {cmsg_len=16, cmsg_level=SOL_SOCKET, cmsg_type=SCM_RIGHTS, {6}}, msg_flags=0}, 0) = 1
22993 15:00:53.800883 setsockopt(6, SOL_SOCKET, SO_KEEPALIVE, [1], 4) = 0
22993 15:00:53.800895 setsockopt(6, SOL_IP, IP_TOS, [8], 4) = 0
22993 15:00:53.800907 setsockopt(6, SOL_SOCKET, SO_LINGER, {onoff=1, linger=32767}, 8) = 0
22993 15:00:53.800918 rt_sigaction(SIGALRM, {0x805cad0, ~[RTMIN RT_1], 0}, NULL, 8) = 0
22993 15:00:53.800932 alarm(300)        = 300
22993 15:00:53.800944 write(0, "150 Ok to send data.\r\n", 22) = 22
22993 15:00:53.801010 read(6, "assasaaa\na\na\na\na\n", 65536) = 17
22993 15:00:53.801024 write(4, "assasaaa\na\na\na\na\n", 17) = 17
22993 15:00:53.801043 read(6, "", 65536) = 0
22993 15:00:53.801054 rt_sigaction(SIGALRM, {0x805cad0, ~[RTMIN RT_1], 0}, NULL, 8) = 0
22993 15:00:53.801068 alarm(300)        = 300
22993 15:00:53.801077 close(6)          = 0
22993 15:00:53.801094 alarm(0)          = 300
22993 15:00:53.801104 gettimeofday({1495652453, 801107}, NULL) = 0
22993 15:00:53.801119 gettimeofday({1495652453, 801123}, NULL) = 0
22993 15:00:53.801133 fcntl64(3, F_SETLKW64, {type=F_WRLCK, whence=SEEK_SET, start=0, len=0}, 0xbfc5ede4) = 0
22993 15:00:53.801148 write(3, "Wed May 24 15:00:53 2017 [pid 22993] [msfadmin] OK UPLOAD: Client \"127.0.0.1\", \"/home/msfadmin/myfile31\", 17 bytes, 25.94Kbyte/sec\n", 131) = 131
22993 15:00:53.801169 fcntl64(3, F_SETLK64, {type=F_UNLCK, whence=SEEK_SET, start=0, len=0}, 0xbfc5edec) = 0
22993 15:00:53.801183 write(0, "226 Transfer complete.\r\n", 24) = 24
22993 15:00:53.801226 write(5, "\n", 1 <unfinished ...>
22991 15:00:53.801235 <... read resumed> "\n", 1) = 1
22993 15:00:53.801240 <... write resumed> ) = 1
22991 15:00:53.801246 close(5)          = 0
22991 15:00:53.801258 write(4, "\1", 1) = 1
22991 15:00:53.801269 read(4,  <unfinished ...>
22993 15:00:53.801276 read(5, "\1", 1)  = 1
22993 15:00:53.801287 close(4)          = 0
22993 15:00:53.801297 rt_sigaction(SIGALRM, {0x805cad0, ~[RTMIN RT_1], 0}, NULL, 8) = 0
22993 15:00:53.801311 alarm(300)        = 0
22993 15:00:53.801322 recv(0,  <unfinished ...>
22996 15:00:54.199866 <... recv resumed> "USER msfadmin\r\n", 4096, MSG_PEEK) = 15
22996 15:00:54.200016 read(0, "USER msfadmin\r\n", 15) = 15
22996 15:00:54.200141 write(0, "331 Any password will do.\r\n", 27) = 27
22996 15:00:54.200245 rt_sigaction(SIGALRM, {0x805cad0, ~[RTMIN RT_1], 0}, NULL, 8) = 0
22996 15:00:54.200281 alarm(300)        = 299
22996 15:00:54.200307 recv(0, "PASS msfadmin\r\n", 4096, MSG_PEEK) = 15
22996 15:00:54.200326 read(0, "PASS msfadmin\r\n", 15) = 15
22996 15:00:54.200343 write(0, "230 Already logged in.\r\n", 24) = 24
22996 15:00:54.200406 rt_sigaction(SIGALRM, {0x805cad0, ~[RTMIN RT_1], 0}, NULL, 8) = 0
22996 15:00:54.200422 alarm(300)        = 300
22996 15:00:54.200433 recv(0, "TYPE I\r\n", 4096, MSG_PEEK) = 8
22996 15:00:54.200453 read(0, "TYPE I\r\n", 8) = 8
22996 15:00:54.200467 write(0, "200 Switching to Binary mode.\r\n", 31) = 31
22996 15:00:54.200504 rt_sigaction(SIGALRM, {0x805cad0, ~[RTMIN RT_1], 0}, NULL, 8) = 0
22996 15:00:54.200518 alarm(300)        = 300
22996 15:00:54.200529 recv(0, "PASV\r\n", 4096, MSG_PEEK) = 6
22996 15:00:54.200540 read(0, "PASV\r\n", 6) = 6
22996 15:00:54.200552 write(5, "\n", 1) = 1
22996 15:00:54.200565 read(5,  <unfinished ...>
22994 15:00:54.200574 <... read resumed> "\n", 1) = 1
22994 15:00:54.200583 write(4, "\1", 1) = 1
22996 15:00:54.200594 <... read resumed> "\1", 1) = 1
22996 15:00:54.200601 write(5, "\f", 1) = 1
22996 15:00:54.200611 read(5,  <unfinished ...>
22994 15:00:54.200618 read(4, "\f", 1)  = 1
22994 15:00:54.200630 socket(PF_INET, SOCK_STREAM, IPPROTO_TCP) = 5
22994 15:00:54.200645 setsockopt(5, SOL_SOCKET, SO_REUSEADDR, [1], 4) = 0
22994 15:00:54.200660 bind(5, {sa_family=AF_INET, sin_port=htons(42877), sin_addr=inet_addr("127.0.0.1")}, 16) = 0
22994 15:00:54.200677 listen(5, 1)      = 0
22994 15:00:54.200691 write(4, "}\247\0\0", 4) = 4
22996 15:00:54.200702 <... read resumed> "}\247\0\0", 4) = 4
22996 15:00:54.200715 write(0, "227 Entering Passive Mode (127,0,0,1,167,125).\r\n", 48) = 48
22996 15:00:54.200856 rt_sigaction(SIGALRM, {0x805cad0, ~[RTMIN RT_1], 0}, NULL, 8) = 0
22996 15:00:54.200888 alarm(300)        = 300
22996 15:00:54.200900 recv(0, "RETR myfile1\r\n", 4096, MSG_PEEK) = 14
22996 15:00:54.200912 read(0, "RETR myfile1\r\n", 14) = 14
22996 15:00:54.200925 write(5, "\v", 1) = 1
22996 15:00:54.200936 read(5,  <unfinished ...>
22994 15:00:54.200943 read(4, "\v", 1)  = 1
22994 15:00:54.200954 write(4, "\1\0\0\0", 4) = 4
22996 15:00:54.200965 <... read resumed> "\1\0\0\0", 4) = 4
22996 15:00:54.200973 gettimeofday({1495652454, 200977}, NULL) = 0
22996 15:00:54.200985 getcwd("/home/msfadmin", 4096) = 15
22996 15:00:54.200998 open("myfile1", O_RDONLY|O_NONBLOCK|O_LARGEFILE) = 4
22996 15:00:54.201011 fcntl64(4, F_SETLKW64, {type=F_RDLCK, whence=SEEK_SET, start=0, len=0}, 0xbff73984) = 0
22996 15:00:54.201026 fstat64(4, {st_mode=S_IFREG|0644, st_size=17, ...}) = 0
22996 15:00:54.201043 fcntl64(4, F_GETFL) = 0x8800 (flags O_RDONLY|O_NONBLOCK|O_LARGEFILE)
22996 15:00:54.201054 fcntl64(4, F_SETFL, O_RDONLY|O_LARGEFILE) = 0
22996 15:00:54.201066 write(5, "\v", 1) = 1
22996 15:00:54.201077 read(5,  <unfinished ...>
22994 15:00:54.201084 read(4, "\v", 1)  = 1
22994 15:00:54.201095 write(4, "\1\0\0\0", 4) = 4
22996 15:00:54.201105 <... read resumed> "\1\0\0\0", 4) = 4
22996 15:00:54.201113 write(5, "\v", 1) = 1
22996 15:00:54.201123 read(5,  <unfinished ...>
22994 15:00:54.201129 read(4, "\v", 1)  = 1
22994 15:00:54.201140 write(4, "\1\0\0\0", 4) = 4
22996 15:00:54.201150 <... read resumed> "\1\0\0\0", 4) = 4
22996 15:00:54.201158 write(5, "\r", 1) = 1
22996 15:00:54.201168 read(5,  <unfinished ...>
22994 15:00:54.201175 read(4, "\r", 1)  = 1
22994 15:00:54.201187 select(6, [5], NULL, NULL, {60, 0}) = 1 (in [5], left {60, 0})
22994 15:00:54.201203 accept(5, {sa_family=AF_INET, sin_port=htons(44191), sin_addr=inet_addr("127.0.0.1")}, [16]) = 6
22994 15:00:54.201225 write(4, "\1", 1) = 1
22996 15:00:54.201236 <... read resumed> "\1", 1) = 1
22996 15:00:54.201244 recvmsg(5,  <unfinished ...>
22994 15:00:54.201253 sendmsg(4, {msg_name(0)=NULL, msg_iov(1)=[{"\0", 1}], msg_controllen=16, {cmsg_len=16, cmsg_level=SOL_SOCKET, cmsg_type=SCM_RIGHTS, {6}}, msg_flags=0}, 0) = 1
22996 15:00:54.201270 <... recvmsg resumed> {msg_name(0)=NULL, msg_iov(1)=[{"\0", 1}], msg_controllen=16, {cmsg_len=16, cmsg_level=SOL_SOCKET, cmsg_type=SCM_RIGHTS, {6}}, msg_flags=0}, 0) = 1
22996 15:00:54.201284 setsockopt(6, SOL_SOCKET, SO_KEEPALIVE, [1], 4) = 0
22996 15:00:54.201296 setsockopt(6, SOL_IP, IP_TOS, [8], 4) = 0
22996 15:00:54.201308 setsockopt(6, SOL_SOCKET, SO_LINGER, {onoff=1, linger=32767}, 8) = 0
22996 15:00:54.201319 rt_sigaction(SIGALRM, {0x805cad0, ~[RTMIN RT_1], 0}, NULL, 8) = 0
22996 15:00:54.201332 alarm(300)        = 300
22996 15:00:54.201345 write(0, "150 Opening BINARY mode data connection for myfile1 (17 bytes).\r\n", 65) = 65
22996 15:00:54.201392 _llseek(4, 0, [0], SEEK_CUR) = 0
22996 15:00:54.201404 fstat64(4, {st_mode=S_IFREG|0644, st_size=17, ...}) = 0
22996 15:00:54.201421 _llseek(4, 0, [0], SEEK_SET) = 0
22996 15:00:54.201432 sendfile(6, 4, NULL, 17) = 17
22996 15:00:54.201462 rt_sigaction(SIGALRM, {0x805cad0, ~[RTMIN RT_1], 0}, NULL, 8) = 0
22996 15:00:54.201476 alarm(300)        = 300
22996 15:00:54.201486 close(6)          = 0
22996 15:00:54.201495 alarm(0)          = 300
22996 15:00:54.201505 gettimeofday({1495652454, 201509}, NULL) = 0
22996 15:00:54.201521 gettimeofday({1495652454, 201525}, NULL) = 0
22996 15:00:54.201535 fcntl64(3, F_SETLKW64, {type=F_WRLCK, whence=SEEK_SET, start=0, len=0}, 0xbff73924) = 0
22996 15:00:54.201550 write(3, "Wed May 24 15:00:54 2017 [pid 22996] [msfadmin] OK DOWNLOAD: Client \"127.0.0.1\", \"/home/msfadmin/myfile1\", 17 bytes, 30.29Kbyte/sec\n", 132) = 132
22996 15:00:54.201572 fcntl64(3, F_SETLK64, {type=F_UNLCK, whence=SEEK_SET, start=0, len=0}, 0xbff7392c) = 0
22996 15:00:54.201586 write(0, "226 Transfer complete.\r\n", 24) = 24
22996 15:00:54.201601 write(5, "\n", 1) = 1
22996 15:00:54.201612 read(5,  <unfinished ...>
22994 15:00:54.201619 close(6)          = 0
22994 15:00:54.201703 read(4, "\n", 1)  = 1
22994 15:00:54.201717 close(5)          = 0
22994 15:00:54.201728 write(4, "\1", 1) = 1
22996 15:00:54.201739 <... read resumed> "\1", 1) = 1
22996 15:00:54.201746 close(4)          = 0
22996 15:00:54.201757 rt_sigaction(SIGALRM, {0x805cad0, ~[RTMIN RT_1], 0}, NULL, 8) = 0
22996 15:00:54.201771 alarm(300)        = 0
22996 15:00:54.201782 recv(0,  <unfinished ...>
22994 15:00:54.201789 read(4,  <unfinished ...>
22993 15:00:54.339868 <... recv resumed> "TYPE I\r\n", 4096, MSG_PEEK) = 8
22993 15:00:54.339934 read(0, "TYPE I\r\n", 8) = 8
22993 15:00:54.339992 write(0, "200 Switching to Binary mode.\r\n", 31) = 31
22993 15:00:54.340067 rt_sigaction(SIGALRM, {0x805cad0, ~[RTMIN RT_1], 0}, NULL, 8) = 0
22993 15:00:54.340095 alarm(300)        = 299
22993 15:00:54.340112 recv(0, "PASV\r\n", 4096, MSG_PEEK) = 6
22993 15:00:54.340124 read(0, "PASV\r\n", 6) = 6
22993 15:00:54.340136 write(5, "\n", 1 <unfinished ...>
22991 15:00:54.340147 <... read resumed> "\n", 1) = 1
22993 15:00:54.340153 <... write resumed> ) = 1
22991 15:00:54.340160 write(4, "\1", 1) = 1
22991 15:00:54.340171 read(4,  <unfinished ...>
22993 15:00:54.340178 read(5, "\1", 1)  = 1
22993 15:00:54.340190 write(5, "\f", 1 <unfinished ...>
22991 15:00:54.340197 <... read resumed> "\f", 1) = 1
22993 15:00:54.340202 <... write resumed> ) = 1
22991 15:00:54.340209 socket(PF_INET, SOCK_STREAM, IPPROTO_TCP) = 5
22991 15:00:54.340224 setsockopt(5, SOL_SOCKET, SO_REUSEADDR, [1], 4) = 0
22991 15:00:54.340239 bind(5, {sa_family=AF_INET, sin_port=htons(43184), sin_addr=inet_addr("127.0.0.1")}, 16) = 0
22991 15:00:54.340256 listen(5, 1)      = 0
22991 15:00:54.340270 write(4, "\260\250\0\0", 4) = 4
22991 15:00:54.340281 read(4,  <unfinished ...>
22993 15:00:54.340288 read(5, "\260\250\0\0", 4) = 4
22993 15:00:54.340304 write(0, "227 Entering Passive Mode (127,0,0,1,168,176).\r\n", 48) = 48
22993 15:00:54.340417 rt_sigaction(SIGALRM, {0x805cad0, ~[RTMIN RT_1], 0}, NULL, 8) = 0
22993 15:00:54.340434 alarm(300)        = 300
22993 15:00:54.340445 recv(0, "STOR myfile32\r\n", 4096, MSG_PEEK) = 15
22993 15:00:54.340457 read(0, "STOR myfile32\r\n", 15) = 15
22993 15:00:54.340471 write(5, "\v", 1 <unfinished ...>
22991 15:00:54.340479 <... read resumed> "\v", 1) = 1
22993 15:00:54.340484 <... write resumed> ) = 1
22991 15:00:54.340490 write(4, "\1\0\0\0", 4) = 4
22991 15:00:54.340501 read(4,  <unfinished ...>
22993 15:00:54.340508 read(5, "\1\0\0\0", 4) = 4
22993 15:00:54.340520 gettimeofday({1495652454, 340523}, NULL) = 0
22993 15:00:54.340531 getcwd("/home/msfadmin", 4096) = 15
22993 15:00:54.340544 open("myfile32", O_WRONLY|O_CREAT|O_NONBLOCK|O_LARGEFILE, 0666) = 4
22993 15:00:54.340558 fstat64(4, {st_mode=S_IFREG|0644, st_size=17, ...}) = 0
22993 15:00:54.340576 fcntl64(4, F_GETFL) = 0x8801 (flags O_WRONLY|O_NONBLOCK|O_LARGEFILE)
22993 15:00:54.340595 fcntl64(4, F_SETFL, O_WRONLY|O_LARGEFILE) = 0
22993 15:00:54.340628 fcntl64(4, F_SETLKW64, {type=F_WRLCK, whence=SEEK_SET, start=0, len=0}, 0xbfc5ee44) = 0
22993 15:00:54.340644 ftruncate64(4, 0) = 0
22993 15:00:54.340672 _llseek(4, 0, [0], SEEK_SET) = 0
22993 15:00:54.340683 write(5, "\v", 1 <unfinished ...>
22991 15:00:54.340691 <... read resumed> "\v", 1) = 1
22993 15:00:54.340696 <... write resumed> ) = 1
22991 15:00:54.340702 write(4, "\1\0\0\0", 4) = 4
22991 15:00:54.340713 read(4,  <unfinished ...>
22993 15:00:54.340720 read(5, "\1\0\0\0", 4) = 4
22993 15:00:54.340731 write(5, "\v", 1 <unfinished ...>
22991 15:00:54.340738 <... read resumed> "\v", 1) = 1
22993 15:00:54.340742 <... write resumed> ) = 1
22991 15:00:54.340748 write(4, "\1\0\0\0", 4) = 4
22991 15:00:54.340759 read(4,  <unfinished ...>
22993 15:00:54.340765 read(5, "\1\0\0\0", 4) = 4
22993 15:00:54.340777 write(5, "\r", 1 <unfinished ...>
22991 15:00:54.340784 <... read resumed> "\r", 1) = 1
22993 15:00:54.340788 <... write resumed> ) = 1
22991 15:00:54.340795 select(6, [5], NULL, NULL, {60, 0}) = 1 (in [5], left {60, 0})
22991 15:00:54.340812 accept(5, {sa_family=AF_INET, sin_port=htons(59196), sin_addr=inet_addr("127.0.0.1")}, [16]) = 6
22991 15:00:54.340834 write(4, "\1", 1) = 1
22991 15:00:54.340847 sendmsg(4, {msg_name(0)=NULL, msg_iov(1)=[{"\0", 1}], msg_controllen=16, {cmsg_len=16, cmsg_level=SOL_SOCKET, cmsg_type=SCM_RIGHTS, {6}}, msg_flags=0}, 0) = 1
22991 15:00:54.340863 close(6)          = 0
22991 15:00:54.340873 read(4,  <unfinished ...>
22993 15:00:54.340880 read(5, "\1", 1)  = 1
22993 15:00:54.340893 recvmsg(5, {msg_name(0)=NULL, msg_iov(1)=[{"\0", 1}], msg_controllen=16, {cmsg_len=16, cmsg_level=SOL_SOCKET, cmsg_type=SCM_RIGHTS, {6}}, msg_flags=0}, 0) = 1
22993 15:00:54.340911 setsockopt(6, SOL_SOCKET, SO_KEEPALIVE, [1], 4) = 0
22993 15:00:54.340923 setsockopt(6, SOL_IP, IP_TOS, [8], 4) = 0
22993 15:00:54.340935 setsockopt(6, SOL_SOCKET, SO_LINGER, {onoff=1, linger=32767}, 8) = 0
22993 15:00:54.340946 rt_sigaction(SIGALRM, {0x805cad0, ~[RTMIN RT_1], 0}, NULL, 8) = 0
22993 15:00:54.340959 alarm(300)        = 300
22993 15:00:54.340971 write(0, "150 Ok to send data.\r\n", 22) = 22
22993 15:00:54.341037 read(6, "assasaaa\na\na\na\na\n", 65536) = 17
22993 15:00:54.341052 write(4, "assasaaa\na\na\na\na\n", 17) = 17
22993 15:00:54.341067 read(6, "", 65536) = 0
22993 15:00:54.341077 rt_sigaction(SIGALRM, {0x805cad0, ~[RTMIN RT_1], 0}, NULL, 8) = 0
22993 15:00:54.341091 alarm(300)        = 300
22993 15:00:54.341101 close(6)          = 0
22993 15:00:54.341117 alarm(0)          = 300
22993 15:00:54.341127 gettimeofday({1495652454, 341131}, NULL) = 0
22993 15:00:54.341142 gettimeofday({1495652454, 341146}, NULL) = 0
22993 15:00:54.341156 fcntl64(3, F_SETLKW64, {type=F_WRLCK, whence=SEEK_SET, start=0, len=0}, 0xbfc5ede4) = 0
22993 15:00:54.341171 write(3, "Wed May 24 15:00:54 2017 [pid 22993] [msfadmin] OK UPLOAD: Client \"127.0.0.1\", \"/home/msfadmin/myfile32\", 17 bytes, 26.65Kbyte/sec\n", 131) = 131
22993 15:00:54.341193 fcntl64(3, F_SETLK64, {type=F_UNLCK, whence=SEEK_SET, start=0, len=0}, 0xbfc5edec) = 0
22993 15:00:54.341207 write(0, "226 Transfer complete.\r\n", 24) = 24
22993 15:00:54.341262 write(5, "\n", 1 <unfinished ...>
22991 15:00:54.341272 <... read resumed> "\n", 1) = 1
22993 15:00:54.341277 <... write resumed> ) = 1
22991 15:00:54.341283 close(5)          = 0
22991 15:00:54.341295 write(4, "\1", 1) = 1
22991 15:00:54.341307 read(4,  <unfinished ...>
22993 15:00:54.341331 read(5, "\1", 1)  = 1
22993 15:00:54.341342 close(4)          = 0
22993 15:00:54.341353 rt_sigaction(SIGALRM, {0x805cad0, ~[RTMIN RT_1], 0}, NULL, 8) = 0
22993 15:00:54.341366 alarm(300)        = 0
22993 15:00:54.341377 recv(0,  <unfinished ...>
