21249 14:43:00.307349 read(7, "\177ELF\1\1\1\0\0\0\0\0\0\0\0\0\3\0\3\0\1\0\0\0\300@\0\0004\0\0\0\224r\1\0\0\0\0\0004\0 \0\6\0(\0\33\0\32\0\1\0\0\0\0\0\0\0\0\0\0\0\0\0\0\0\230f\1\0\230f\1\0\5\0\0\0\0\20\0\0\1\0\0\0\240n\1\0\240~\1\0\240~\1\0\20\3\0\0\234\f\0\0\6\0\0\0\0\20\0\0\2\0\0\0\320n\1\0\320~\1\0\320~\1\0\340\0\0\0\340\0\0\0\6\0\0\0\4\0\0\0\7\0\0\0\240n\1\0\240~\1\0\240~\1\0\0\0\0\0\\\0\0\0\4\0\0\0 \0\0\0Q\345td\0\0\0\0\0\0\0\0\0\0\0\0\0\0\0\0\0\0\0\0\6\0\0\0\4\0\0\0R\345td\240n\1\0\240~\1\0\240~\1\0T\1\0\0T\1\0\0\4\0\0\0\1\0\0\0\7\1\0\0#\1\0\0\0\0\0\0\24\0\0\0\v\1\0\0\306\0\0\0\0\0\0\0\36\1\0\0\330\0\0\0 \1\0\0001\0\0\0\345\0\0\0\34\0\0\0\206\0\0\0\212\0\0\0\234\0\0\0\0\0\0\0*\0\0\0\0\0\0\0\0\0\0\0\370\0\0\0004\0\0\0\0\0\0\0\0\0\0\0\0\0\0\0\0\0\0\0\0\0\0\0\224\0\0\0\0\0\0\0\0\0\0\0\0\0\0\0\244\0\0\0\347\0\0\0\373\0\0\0\0\0\0\0\304\0\0\0\257\0\0\0\0\0\0\0!\1\0\0\0\0\0\0\307\0\0\0\235\0\0\0\25\1\0\0`\0\0\0\0\0\0\0\256\0\0\0\374\0\0\0O\0\0\0i\0\0\0^\0\0\0\337\0\0\0-\0\0\0m\0\0\0\0\0\0\0\0\0\0\0\0\0\0\0\0\0\0\0\260\0\0\0\314\0\0\0\6\0\0\0\276\0\0\0{\0\0\0\226\0\0\0\0\0\0\0E\0\0\0\33\0\0\0\371\0\0\0", 512) = 512
21249 14:43:00.307435 fstat64(7, {st_mode=S_IFREG|0644, st_size=95948, ...}) = 0
21249 14:43:00.307452 mmap2(NULL, 101180, PROT_READ|PROT_EXEC, MAP_PRIVATE|MAP_DENYWRITE, 7, 0) = 0xb7ce3000
21249 14:43:00.307464 mmap2(0xb7cfa000, 8192, PROT_READ|PROT_WRITE, MAP_PRIVATE|MAP_FIXED|MAP_DENYWRITE, 7, 0x16) = 0xb7cfa000
21249 14:43:00.307480 close(7)          = 0
21249 14:43:00.307576 open("/etc/selinux/config", O_RDONLY|O_LARGEFILE) = -1 ENOENT (No such file or directory)
21249 14:43:00.307616 statfs64("/selinux", 84, 0xbff159ac) = -1 ENOENT (No such file or directory)
21249 14:43:00.307630 open("/proc/mounts", O_RDONLY|O_LARGEFILE) = 7
21249 14:43:00.307665 fstat64(7, {st_mode=S_IFREG|0444, st_size=0, ...}) = 0
21249 14:43:00.307682 mmap2(NULL, 4096, PROT_READ|PROT_WRITE, MAP_PRIVATE|MAP_ANONYMOUS, -1, 0) = 0xb7eff000
21249 14:43:00.307693 read(7, "rootfs / rootfs rw 0 0\nnone /sys sysfs rw,nosuid,nodev,noexec 0 0\nnone /proc proc rw,nosuid,nodev,noexec 0 0\nudev /dev tmpfs rw,relatime 0 0\nfusectl /sys/fs/fuse/connections fusectl rw,relatime 0 0\n/dev/mapper/metasploitable-root / ext3 rw,relatime,errors=remount-ro,data=ordered 0 0\n/dev/mapper/metasploitable-root /dev/.static/dev ext3 rw,relatime,errors=remount-ro,data=ordered 0 0\ntmpfs /var/run tmpfs rw,nosuid,nodev,noexec 0 0\ntmpfs /var/lock tmpfs rw,nosuid,nodev,noexec 0 0\ntmpfs /dev/shm tmpfs rw,relatime 0 0\ndevpts /dev/pts devpts rw,relatime 0 0\ntmpfs /var/run tmpfs rw,nosuid,nodev,noexec 0 0\ntmpfs /var/lock tmpfs rw,nosuid,nodev,noexec 0 0\n/dev/sda1 /boot ext3 rw,relatime,data=ordered 0 0\nsecurityfs /sys/kernel/security securityfs rw,relatime 0 0\nrpc_pipefs /var/lib/nfs/rpc_pipefs rpc_pipefs rw,relatime 0 0\nnfsd /proc/fs/nfsd nfsd rw,relatime 0 0\n", 1024) = 866
21249 14:43:00.307779 read(7, "", 1024) = 0
21249 14:43:00.307789 close(7)          = 0
21249 14:43:00.307799 munmap(0xb7eff000, 4096) = 0
21249 14:43:00.307814 munmap(0xb7d2e000, 29913) = 0
21249 14:43:00.307828 read(6, "", 4096) = 0
21249 14:43:00.307838 close(6)          = 0
21249 14:43:00.307848 munmap(0xb7f00000, 4096) = 0
21249 14:43:00.307859 stat64("/etc/pam.d", {st_mode=S_IFDIR|0755, st_size=4096, ...}) = 0
21249 14:43:00.307878 open("/etc/pam.d/common-account", O_RDONLY|O_LARGEFILE) = 6
21249 14:43:00.307891 fstat64(6, {st_mode=S_IFREG|0644, st_size=392, ...}) = 0
21249 14:43:00.307907 mmap2(NULL, 4096, PROT_READ|PROT_WRITE, MAP_PRIVATE|MAP_ANONYMOUS, -1, 0) = 0xb7f00000
21249 14:43:00.307918 read(6, "#\n# /etc/pam.d/common-account - authorization settings common to all services\n#\n# This file is included from other service-specific PAM config files,\n# and should contain a list of the authorization modules that define\n# the central access policy for use on the system.  The default is to\n# only deny service to users whose accounts are expired in /etc/shadow.\n#\naccount\trequired\tpam_unix.so\n", 4096) = 392
21249 14:43:00.307958 read(6, "", 4096) = 0
21249 14:43:00.307967 close(6)          = 0
21249 14:43:00.307976 munmap(0xb7f00000, 4096) = 0
21249 14:43:00.307987 stat64("/etc/pam.d", {st_mode=S_IFDIR|0755, st_size=4096, ...}) = 0
21249 14:43:00.308005 open("/etc/pam.d/common-session", O_RDONLY|O_LARGEFILE) = 6
21249 14:43:00.308017 fstat64(6, {st_mode=S_IFREG|0644, st_size=372, ...}) = 0
21249 14:43:00.308033 mmap2(NULL, 4096, PROT_READ|PROT_WRITE, MAP_PRIVATE|MAP_ANONYMOUS, -1, 0) = 0xb7f00000
21249 14:43:00.308043 read(6, "#\n# /etc/pam.d/common-session - session-related modules common to all services\n#\n# This file is included from other service-specific PAM config files,\n# and should contain a list of modules that define tasks to be performed\n# at the start and end of sessions of *any* kind (both interactive and\n# non-interactive).  The default is pam_unix.\n#\nsession\trequired\tpam_unix.so\n", 4096) = 372
21249 14:43:00.308081 read(6, "", 4096) = 0
21249 14:43:00.308091 close(6)          = 0
21249 14:43:00.308100 munmap(0xb7f00000, 4096) = 0
21249 14:43:00.308110 read(5, "", 4096) = 0
21249 14:43:00.308119 close(5)          = 0
21249 14:43:00.308128 munmap(0xb7f06000, 4096) = 0
21249 14:43:00.308138 open("/etc/pam.d/other", O_RDONLY|O_LARGEFILE) = 5
21249 14:43:00.308150 fstat64(5, {st_mode=S_IFREG|0644, st_size=520, ...}) = 0
21249 14:43:00.308166 mmap2(NULL, 4096, PROT_READ|PROT_WRITE, MAP_PRIVATE|MAP_ANONYMOUS, -1, 0) = 0xb7f06000
21249 14:43:00.308176 read(5, "#\n# /etc/pam.d/other - specify the PAM fallback behaviour\n#\n# Note that this file is used for any unspecified service; for example\n#if /etc/pam.d/cron  specifies no session modules but cron calls\n#pam_open_session, the session module out of /etc/pam.d/other is\n#used.  If you really want nothing to happen then use pam_permit.so or\n#pam_deny.so as appropriate.\n\n# We fall back to the system default in /etc/pam.d/common-*\n# \n\n@include common-auth\n@include common-account\n@include common-password\n@include common-session\n", 4096) = 520
21249 14:43:00.308220 stat64("/etc/pam.d", {st_mode=S_IFDIR|0755, st_size=4096, ...}) = 0
21249 14:43:00.308238 open("/etc/pam.d/common-auth", O_RDONLY|O_LARGEFILE) = 6
21249 14:43:00.308250 fstat64(6, {st_mode=S_IFREG|0644, st_size=476, ...}) = 0
21249 14:43:00.308266 mmap2(NULL, 4096, PROT_READ|PROT_WRITE, MAP_PRIVATE|MAP_ANONYMOUS, -1, 0) = 0xb7f00000
21249 14:43:00.308276 read(6, "#\n# /etc/pam.d/common-auth - authentication settings common to all services\n#\n# This file is included from other service-specific PAM config files,\n# and should contain a list of the authentication modules that define\n# the central authentication scheme for use on the system\n# (e.g., /etc/shadow, LDAP, Kerberos, etc.).  The default is to use the\n# traditional Unix authentication mechanisms.\n#\nauth\trequisite\tpam_unix.so nullok_secure\n# auth\toptional\tpam_smbpass.so migrate\n", 4096) = 476
21249 14:43:00.308327 read(6, "", 4096) = 0
21249 14:43:00.308337 close(6)          = 0
21249 14:43:00.308346 munmap(0xb7f00000, 4096) = 0
21249 14:43:00.308357 stat64("/etc/pam.d", {st_mode=S_IFDIR|0755, st_size=4096, ...}) = 0
21249 14:43:00.308375 open("/etc/pam.d/common-account", O_RDONLY|O_LARGEFILE) = 6
21249 14:43:00.308387 fstat64(6, {st_mode=S_IFREG|0644, st_size=392, ...}) = 0
21249 14:43:00.308403 mmap2(NULL, 4096, PROT_READ|PROT_WRITE, MAP_PRIVATE|MAP_ANONYMOUS, -1, 0) = 0xb7f00000
21249 14:43:00.308413 read(6, "#\n# /etc/pam.d/common-account - authorization settings common to all services\n#\n# This file is included from other service-specific PAM config files,\n# and should contain a list of the authorization modules that define\n# the central access policy for use on the system.  The default is to\n# only deny service to users whose accounts are expired in /etc/shadow.\n#\naccount\trequired\tpam_unix.so\n", 4096) = 392
21249 14:43:00.308452 read(6, "", 4096) = 0
21249 14:43:00.308461 close(6)          = 0
21249 14:43:00.308470 munmap(0xb7f00000, 4096) = 0
21249 14:43:00.308480 stat64("/etc/pam.d", {st_mode=S_IFDIR|0755, st_size=4096, ...}) = 0
21249 14:43:00.308498 open("/etc/pam.d/common-password", O_RDONLY|O_LARGEFILE) = 6
21249 14:43:00.308511 fstat64(6, {st_mode=S_IFREG|0644, st_size=1563, ...}) = 0
21249 14:43:00.308527 mmap2(NULL, 4096, PROT_READ|PROT_WRITE, MAP_PRIVATE|MAP_ANONYMOUS, -1, 0) = 0xb7f00000
21249 14:43:00.308537 read(6, "#\n# /etc/pam.d/common-password - password-related modules common to all services\n#\n# This file is included from other service-specific PAM config files,\n# and should contain a list of modules that define the services to be\n# used to change user passwords.  The default is pam_unix.\n\n# Explanation of pam_unix options:\n#\n# The \"nullok\" option allows users to change an empty password, else\n# empty passwords are treated as locked accounts.\n#\n# The \"md5\" option enables MD5 passwords.  Without this option, the\n# default is Unix crypt.\n#\n# The \"obscure\" option replaces the old `OBSCURE_CHECKS_ENAB\' option in\n# login.defs.\n#\n# You can also use the \"min\" option to enforce the length of the new\n# password.\n#\n# See the pam_unix manpage for other options.\n\npassword   requisite   pam_unix.so nullok obscure md5\n\n# Alternate strength checking for password. Note that this\n# requires the libpam-cracklib package to be installed.\n# You will need to comment out the password line above and\n# uncomment the next two in order to use this.\n# (Replaces the `OBSCURE_CHECKS_ENAB\', `CRACKLIB_DICTPATH\')\n#\n# password required\t  pam_cracklib.so retry=3 minlen=6 difok=3\n# password required\t  pam_unix.so use_authtok nullok md5\n\n# minimally-intrusive inclusion of smbpass in the stack for\n# synchronization.  If the module is absent or the passwords don\'t\n# match, this module will be ignored without prompting; and if the \n# passwords do match, the NTLM hash for the user will be updated\n# automatically.\n# password   optional   pam_smbpass.so nullok use_authtok use_first_pass\n", 4096) = 1563
21249 14:43:00.308677 read(6, "", 4096) = 0
21249 14:43:00.308687 close(6)          = 0
21249 14:43:00.308696 munmap(0xb7f00000, 4096) = 0
21249 14:43:00.308707 stat64("/etc/pam.d", {st_mode=S_IFDIR|0755, st_size=4096, ...}) = 0
21249 14:43:00.308726 open("/etc/pam.d/common-session", O_RDONLY|O_LARGEFILE) = 6
21249 14:43:00.308739 fstat64(6, {st_mode=S_IFREG|0644, st_size=372, ...}) = 0
21249 14:43:00.308755 mmap2(NULL, 4096, PROT_READ|PROT_WRITE, MAP_PRIVATE|MAP_ANONYMOUS, -1, 0) = 0xb7f00000
21249 14:43:00.308765 read(6, "#\n# /etc/pam.d/common-session - session-related modules common to all services\n#\n# This file is included from other service-specific PAM config files,\n# and should contain a list of modules that define tasks to be performed\n# at the start and end of sessions of *any* kind (both interactive and\n# non-interactive).  The default is pam_unix.\n#\nsession\trequired\tpam_unix.so\n", 4096) = 372
21249 14:43:00.308806 read(6, "", 4096) = 0
21249 14:43:00.308815 close(6)          = 0
21249 14:43:00.308824 munmap(0xb7f00000, 4096) = 0
21249 14:43:00.308834 read(5, "", 4096) = 0
21249 14:43:00.308843 close(5)          = 0
21249 14:43:00.308852 munmap(0xb7f06000, 4096) = 0
21249 14:43:00.308865 time(NULL)        = 1495651380
21249 14:43:00.308876 lstat64("/etc/ftpusers", {st_mode=S_IFREG|0644, st_size=132, ...}) = 0
21249 14:43:00.308894 open("/etc/ftpusers", O_RDONLY|O_LARGEFILE) = 5
21249 14:43:00.308906 fstat64(5, {st_mode=S_IFREG|0644, st_size=132, ...}) = 0
21249 14:43:00.308921 mmap2(NULL, 4096, PROT_READ|PROT_WRITE, MAP_PRIVATE|MAP_ANONYMOUS, -1, 0) = 0xb7f06000
21249 14:43:00.308932 read(5, "# /etc/ftpusers: list of users disallowed FTP access. See ftpusers(5).\n\nroot\ndaemon\nbin\nsys\nsync\ngames\nman\nlp\nmail\nnews\nuucp\nnobody\n", 4096) = 132
21249 14:43:00.308952 read(5, "", 4096) = 0
21249 14:43:00.308961 close(5)          = 0
21249 14:43:00.308970 munmap(0xb7f06000, 4096) = 0
21249 14:43:00.308985 getuid32()        = 0
21249 14:43:00.309001 open("/etc/passwd", O_RDONLY|0x80000 /* O_??? */) = 5
21249 14:43:00.309015 _llseek(5, 0, [0], SEEK_CUR) = 0
21249 14:43:00.309026 fstat64(5, {st_mode=S_IFREG|0644, st_size=1624, ...}) = 0
21249 14:43:00.309042 mmap2(NULL, 1624, PROT_READ, MAP_SHARED, 5, 0) = 0xb7f06000
21249 14:43:00.309053 _llseek(5, 1624, [1624], SEEK_SET) = 0
21249 14:43:00.309071 munmap(0xb7f06000, 1624) = 0
21249 14:43:00.309082 close(5)          = 0
21249 14:43:00.309105 open("/etc/shadow", O_RDONLY|0x80000 /* O_??? */) = 5
21249 14:43:00.309122 _llseek(5, 0, [0], SEEK_CUR) = 0
21249 14:43:00.309132 fstat64(5, {st_mode=S_IFREG|0640, st_size=1233, ...}) = 0
21249 14:43:00.309148 mmap2(NULL, 1233, PROT_READ, MAP_SHARED, 5, 0) = 0xb7f06000
21249 14:43:00.309159 _llseek(5, 1233, [1233], SEEK_SET) = 0
21249 14:43:00.309178 munmap(0xb7f06000, 1233) = 0
21249 14:43:00.309187 close(5)          = 0
21249 14:43:00.309205 open("/etc/passwd", O_RDONLY|0x80000 /* O_??? */) = 5
21249 14:43:00.309218 _llseek(5, 0, [0], SEEK_CUR) = 0
21249 14:43:00.309228 fstat64(5, {st_mode=S_IFREG|0644, st_size=1624, ...}) = 0
21249 14:43:00.309244 mmap2(NULL, 1624, PROT_READ, MAP_SHARED, 5, 0) = 0xb7f06000
21249 14:43:00.309254 _llseek(5, 1624, [1624], SEEK_SET) = 0
21249 14:43:00.309270 munmap(0xb7f06000, 1624) = 0
21249 14:43:00.309280 close(5)          = 0
21249 14:43:00.309292 open("/etc/shadow", O_RDONLY|0x80000 /* O_??? */) = 5
21249 14:43:00.309304 _llseek(5, 0, [0], SEEK_CUR) = 0
21249 14:43:00.309314 fstat64(5, {st_mode=S_IFREG|0640, st_size=1233, ...}) = 0
21249 14:43:00.309331 mmap2(NULL, 1233, PROT_READ, MAP_SHARED, 5, 0) = 0xb7f06000
21249 14:43:00.309341 _llseek(5, 1233, [1233], SEEK_SET) = 0
21249 14:43:00.309357 munmap(0xb7f06000, 1233) = 0
21249 14:43:00.309367 close(5)          = 0
21249 14:43:00.309627 getuid32()        = 0
21249 14:43:00.309640 open("/etc/passwd", O_RDONLY|0x80000 /* O_??? */) = 5
21249 14:43:00.309653 _llseek(5, 0, [0], SEEK_CUR) = 0
21249 14:43:00.309663 fstat64(5, {st_mode=S_IFREG|0644, st_size=1624, ...}) = 0
21249 14:43:00.309679 mmap2(NULL, 1624, PROT_READ, MAP_SHARED, 5, 0) = 0xb7f06000
21249 14:43:00.309690 _llseek(5, 1624, [1624], SEEK_SET) = 0
21249 14:43:00.309706 munmap(0xb7f06000, 1624) = 0
21249 14:43:00.309716 close(5)          = 0
21249 14:43:00.309728 open("/etc/shadow", O_RDONLY|0x80000 /* O_??? */) = 5
21249 14:43:00.309741 _llseek(5, 0, [0], SEEK_CUR) = 0
21249 14:43:00.309751 fstat64(5, {st_mode=S_IFREG|0640, st_size=1233, ...}) = 0
21249 14:43:00.309767 mmap2(NULL, 1233, PROT_READ, MAP_SHARED, 5, 0) = 0xb7f06000
21249 14:43:00.309777 _llseek(5, 1233, [1233], SEEK_SET) = 0
21249 14:43:00.309793 munmap(0xb7f06000, 1233) = 0
21249 14:43:00.309803 close(5)          = 0
21249 14:43:00.309814 time(NULL)        = 1495651380
21249 14:43:00.309829 munmap(0xb7f03000, 12164) = 0
21249 14:43:00.309845 munmap(0xb7f01000, 7136) = 0
21249 14:43:00.309859 munmap(0xb7d36000, 95428) = 0
21249 14:43:00.309870 munmap(0xb7cfc000, 201052) = 0
21249 14:43:00.309881 munmap(0xb7ce3000, 101180) = 0
21249 14:43:00.309897 gettimeofday({1495651380, 309900}, NULL) = 0
21249 14:43:00.309908 stat64("/usr/share/zoneinfo/UTC+04:00", 0xbff17884) = -1 ENOENT (No such file or directory)
21249 14:43:00.309923 open("/usr/share/zoneinfo/UTC+04:00", O_RDONLY) = -1 ENOENT (No such file or directory)
21249 14:43:00.309947 fcntl64(3, F_SETLKW64, {type=F_WRLCK, whence=SEEK_SET, start=0, len=0}, 0xbff179d4) = 0
21249 14:43:00.309963 write(3, "Wed May 24 14:43:00 2017 [pid 21249] [msfadmin] OK LOGIN: Client \"127.0.0.1\"\n", 77) = 77
21249 14:43:00.309979 fcntl64(3, F_SETLK64, {type=F_UNLCK, whence=SEEK_SET, start=0, len=0}, 0xbff179dc) = 0
21249 14:43:00.309992 rt_sigaction(SIGCHLD, {0x805cad0, ~[RTMIN RT_1], 0}, NULL, 8) = 0
21249 14:43:00.310006 write(4, "\1", 1 <unfinished ...>
21250 14:43:00.310016 <... read resumed> "\1", 1) = 1
21249 14:43:00.310021 <... write resumed> ) = 1
21250 14:43:00.310029 exit_group(0)     = ?
21249 14:43:00.310252 --- SIGCHLD (Child exited) @ 0 (0) ---
21249 14:43:00.310321 sigreturn()       = ? (mask now [])
21249 14:43:00.310400 wait4(-1, [{WIFEXITED(s) && WEXITSTATUS(s) == 0}], 0, NULL) = 21250
21249 14:43:00.310440 close(4)          = 0
21249 14:43:00.310468 socketpair(PF_FILE, SOCK_STREAM, 0, [4, 5]) = 0
21249 14:43:00.310493 rt_sigaction(SIGCHLD, {0x805cad0, ~[RTMIN RT_1], 0}, NULL, 8) = 0
21249 14:43:00.310513 rt_sigaction(SIGALRM, {0x805cb10, ~[RTMIN RT_1], 0}, NULL, 8) = 0
21249 14:43:00.310527 clone(child_stack=0, flags=CLONE_CHILD_CLEARTID|CLONE_CHILD_SETTID|SIGCHLD, child_tidptr=0xb7d6c6f8) = 21251
21251 14:43:00.310575 prctl(0x1, 0x9, 0, 0, 0) = 0
21251 14:43:00.310589 close(4)          = 0
21251 14:43:00.310615 open("/etc/passwd", O_RDONLY|0x80000 /* O_??? */) = 4
21251 14:43:00.310632 _llseek(4, 0, [0], SEEK_CUR) = 0
21251 14:43:00.310647 fstat64(4, {st_mode=S_IFREG|0644, st_size=1624, ...}) = 0
21251 14:43:00.310665 mmap2(NULL, 1624, PROT_READ, MAP_SHARED, 4, 0) = 0xb7f06000
21251 14:43:00.310677 _llseek(4, 1624, [1624], SEEK_SET) = 0
21251 14:43:00.310699 munmap(0xb7f06000, 1624) = 0
21251 14:43:00.310710 close(4)          = 0
21251 14:43:00.310723 getuid32()        = 0
21251 14:43:00.310733 open("/etc/passwd", O_RDONLY|0x80000 /* O_??? */) = 4
21251 14:43:00.310746 _llseek(4, 0, [0], SEEK_CUR) = 0
21251 14:43:00.310756 fstat64(4, {st_mode=S_IFREG|0644, st_size=1624, ...}) = 0
21251 14:43:00.310772 mmap2(NULL, 1624, PROT_READ, MAP_SHARED, 4, 0) = 0xb7f06000
21251 14:43:00.310803 _llseek(4, 1624, [1624], SEEK_SET) = 0
21251 14:43:00.310839 munmap(0xb7f06000, 1624) = 0
21251 14:43:00.310853 close(4)          = 0
21251 14:43:00.310887 open("/proc/sys/kernel/ngroups_max", O_RDONLY) = 4
21251 14:43:00.310915 read(4, "65536\n", 31) = 6
21251 14:43:00.310936 close(4)          = 0
21251 14:43:00.310959 socket(PF_FILE, SOCK_STREAM, 0) = 4
21251 14:43:00.310979 fcntl64(4, F_SETFL, O_RDWR|O_NONBLOCK) = 0
21251 14:43:00.310997 connect(4, {sa_family=AF_FILE, path="/var/run/nscd/socket"}, 110) = -1 ENOENT (No such file or directory)
21251 14:43:00.311031 close(4)          = 0
21251 14:43:00.311051 socket(PF_FILE, SOCK_STREAM, 0) = 4
21251 14:43:00.311068 fcntl64(4, F_SETFL, O_RDWR|O_NONBLOCK) = 0
21251 14:43:00.311086 connect(4, {sa_family=AF_FILE, path="/var/run/nscd/socket"}, 110) = -1 ENOENT (No such file or directory)
21251 14:43:00.311118 close(4)          = 0
21251 14:43:00.311154 open("/etc/group", O_RDONLY|0x80000 /* O_??? */) = 4
21251 14:43:00.311177 _llseek(4, 0, [0], SEEK_CUR) = 0
21251 14:43:00.311189 fstat64(4, {st_mode=S_IFREG|0644, st_size=886, ...}) = 0
21251 14:43:00.311206 mmap2(NULL, 886, PROT_READ, MAP_SHARED, 4, 0) = 0xb7f06000
21251 14:43:00.311217 _llseek(4, 886, [886], SEEK_SET) = 0
21251 14:43:00.311242 fstat64(4, {st_mode=S_IFREG|0644, st_size=886, ...}) = 0
21251 14:43:00.311259 munmap(0xb7f06000, 886) = 0
21251 14:43:00.311269 close(4)          = 0
21251 14:43:00.311283 setgroups32(13, [1000, 4, 20, 24, 25, 29, 30, 44, 46, 107, 111, 112, 119]) = 0
21251 14:43:00.311300 geteuid32()       = 0
21251 14:43:00.311310 getegid32()       = 0
21251 14:43:00.311321 setregid32(-1, 1000) = 0
21251 14:43:00.311331 setreuid32(-1, 1000) = 0
21251 14:43:00.311342 chdir("/home/msfadmin") = 0
21251 14:43:00.311353 setreuid32(-1, 0) = 0
21251 14:43:00.311362 setregid32(-1, 0) = 0
21251 14:43:00.311373 setgid32(1000)    = 0
21251 14:43:00.311382 setuid32(1000)    = 0
21251 14:43:00.311392 setrlimit(RLIMIT_NPROC, {rlim_cur=0, rlim_max=0}) = 0
21251 14:43:00.311405 mmap2(NULL, 12288, PROT_READ|PROT_WRITE, MAP_PRIVATE|MAP_ANONYMOUS, -1, 0) = 0xb7f04000
21251 14:43:00.311417 mprotect(0xb7f06000, 4096, PROT_NONE) = 0
21251 14:43:00.311428 mprotect(0xb7f04000, 4096, PROT_NONE) = 0
21251 14:43:00.311439 getcwd("/home/msfadmin", 4096) = 15
21251 14:43:00.311452 umask(022)        = 077
21251 14:43:00.311461 getcwd("/home/msfadmin", 4096) = 15
21251 14:43:00.311475 open(".message", O_RDONLY|O_NONBLOCK|O_LARGEFILE) = -1 ENOENT (No such file or directory)
21251 14:43:00.311497 write(0, "230 Login successful.\r\n", 23) = 23
21251 14:43:00.311578 rt_sigaction(SIGALRM, {0x805cad0, ~[RTMIN RT_1], 0}, NULL, 8) = 0
21251 14:43:00.311595 alarm(300)        = 0
21251 14:43:00.311606 mmap2(NULL, 12288, PROT_READ|PROT_WRITE, MAP_PRIVATE|MAP_ANONYMOUS, -1, 0) = 0xb7f01000
21251 14:43:00.311617 mprotect(0xb7f03000, 4096, PROT_NONE) = 0
21251 14:43:00.311628 mprotect(0xb7f01000, 4096, PROT_NONE) = 0
21251 14:43:00.311641 recv(0, "TYPE I\r\n", 4096, MSG_PEEK) = 8
21251 14:43:00.311653 read(0, "TYPE I\r\n", 8) = 8
21251 14:43:00.311670 write(0, "200 Switching to Binary mode.\r\n", 31) = 31
21251 14:43:00.311709 rt_sigaction(SIGALRM, {0x805cad0, ~[RTMIN RT_1], 0}, NULL, 8) = 0
21251 14:43:00.311723 alarm(300)        = 300
21251 14:43:00.311734 recv(0, "PASV\r\n", 4096, MSG_PEEK) = 6
21251 14:43:00.311745 read(0, "PASV\r\n", 6) = 6
21251 14:43:00.311890 write(5, "\n", 1) = 1
21251 14:43:00.311904 read(5,  <unfinished ...>
21249 14:43:00.311927 close(5)          = 0
21249 14:43:00.311939 getuid32()        = 0
21249 14:43:00.311954 open("/etc/passwd", O_RDONLY|0x80000 /* O_??? */) = 5
21249 14:43:00.311968 _llseek(5, 0, [0], SEEK_CUR) = 0
21249 14:43:00.311981 fstat64(5, {st_mode=S_IFREG|0644, st_size=1624, ...}) = 0
21249 14:43:00.311998 mmap2(NULL, 1624, PROT_READ, MAP_SHARED, 5, 0) = 0xb7f06000
21249 14:43:00.312009 _llseek(5, 1624, [1624], SEEK_SET) = 0
21249 14:43:00.312027 munmap(0xb7f06000, 1624) = 0
21249 14:43:00.312038 close(5)          = 0
21249 14:43:00.312054 setgroups32(0, []) = 0
21249 14:43:00.312065 chdir("/usr/share/empty") = 0
21249 14:43:00.312077 chroot(".")       = 0
21249 14:43:00.312087 capset(NULL, NULL) = -1 EFAULT (Bad address)
21249 14:43:00.312100 prctl(0x8, 0, 0xbff179b8, 0x80549a6, 0xbff179a0) = 0
21249 14:43:00.312112 prctl(0x8, 0x1, 0xbff179b8, 0x8054a49, 0xbff179a0) = 0
21249 14:43:00.312121 setgid32(65534)   = 0
21249 14:43:00.312131 setuid32(65534)   = 0
21249 14:43:00.312140 capset(0x19980330, 0, {CAP_NET_BIND_SERVICE, CAP_NET_BIND_SERVICE, 0}) = 0
21249 14:43:00.312153 read(4, "\n", 1)  = 1
21249 14:43:00.312166 write(4, "\1", 1) = 1
21251 14:43:00.312177 <... read resumed> "\1", 1) = 1
21251 14:43:00.312184 write(5, "\f", 1) = 1
21251 14:43:00.312194 read(5,  <unfinished ...>
21249 14:43:00.312201 read(4, "\f", 1)  = 1
21249 14:43:00.312213 socket(PF_INET, SOCK_STREAM, IPPROTO_TCP) = 5
21249 14:43:00.312226 setsockopt(5, SOL_SOCKET, SO_REUSEADDR, [1], 4) = 0
21249 14:43:00.312237 gettimeofday({1495651380, 312241}, NULL) = 0
21249 14:43:00.312254 bind(5, {sa_family=AF_INET, sin_port=htons(42114), sin_addr=inet_addr("127.0.0.1")}, 16) = 0
21249 14:43:00.312269 listen(5, 1)      = 0
21249 14:43:00.312282 write(4, "\202\244\0\0", 4) = 4
21251 14:43:00.312293 <... read resumed> "\202\244\0\0", 4) = 4
21251 14:43:00.312307 write(0, "227 Entering Passive Mode (127,0,0,1,164,130).\r\n", 48) = 48
21251 14:43:00.312404 rt_sigaction(SIGALRM, {0x805cad0, ~[RTMIN RT_1], 0}, NULL, 8) = 0
21251 14:43:00.312426 alarm(300)        = 300
21251 14:43:00.312438 recv(0, "STOR myfile8\r\n", 4096, MSG_PEEK) = 14
21251 14:43:00.312450 read(0, "STOR myfile8\r\n", 14) = 14
21251 14:43:00.312465 write(5, "\v", 1) = 1
21251 14:43:00.312476 read(5,  <unfinished ...>
21249 14:43:00.312483 read(4, "\v", 1)  = 1
21249 14:43:00.312494 write(4, "\1\0\0\0", 4) = 4
21251 14:43:00.312504 <... read resumed> "\1\0\0\0", 4) = 4
21251 14:43:00.312512 gettimeofday({1495651380, 312516}, NULL) = 0
21251 14:43:00.312523 getcwd("/home/msfadmin", 4096) = 15
21251 14:43:00.312535 open("myfile8", O_WRONLY|O_CREAT|O_NONBLOCK|O_LARGEFILE, 0666) = 4
21251 14:43:00.312548 fstat64(4, {st_mode=S_IFREG|0644, st_size=17, ...}) = 0
21251 14:43:00.312565 fcntl64(4, F_GETFL) = 0x8801 (flags O_WRONLY|O_NONBLOCK|O_LARGEFILE)
21251 14:43:00.312576 fcntl64(4, F_SETFL, O_WRONLY|O_LARGEFILE) = 0
21251 14:43:00.312585 fcntl64(4, F_SETLKW64, {type=F_WRLCK, whence=SEEK_SET, start=0, len=0}, 0xbff17904) = 0
21251 14:43:00.312600 ftruncate64(4, 0) = 0
21251 14:43:00.312619 _llseek(4, 0, [0], SEEK_SET) = 0
21251 14:43:00.312630 write(5, "\v", 1) = 1
21251 14:43:00.312640 read(5,  <unfinished ...>
21249 14:43:00.312647 read(4, "\v", 1)  = 1
21249 14:43:00.312658 write(4, "\1\0\0\0", 4) = 4
21251 14:43:00.312668 <... read resumed> "\1\0\0\0", 4) = 4
21251 14:43:00.312675 write(5, "\v", 1) = 1
21251 14:43:00.312685 read(5,  <unfinished ...>
21249 14:43:00.312692 read(4, "\v", 1)  = 1
21249 14:43:00.312702 write(4, "\1\0\0\0", 4) = 4
21251 14:43:00.312712 <... read resumed> "\1\0\0\0", 4) = 4
21251 14:43:00.312720 write(5, "\r", 1) = 1
21251 14:43:00.312730 read(5,  <unfinished ...>
21249 14:43:00.312736 read(4, "\r", 1)  = 1
21249 14:43:00.312748 select(6, [5], NULL, NULL, {60, 0}) = 1 (in [5], left {60, 0})
21249 14:43:00.312765 accept(5, {sa_family=AF_INET, sin_port=htons(41481), sin_addr=inet_addr("127.0.0.1")}, [16]) = 6
21249 14:43:00.312786 write(4, "\1", 1) = 1
21251 14:43:00.312796 <... read resumed> "\1", 1) = 1
21251 14:43:00.312806 recvmsg(5,  <unfinished ...>
21249 14:43:00.312815 sendmsg(4, {msg_name(0)=NULL, msg_iov(1)=[{"\0", 1}], msg_controllen=16, {cmsg_len=16, cmsg_level=SOL_SOCKET, cmsg_type=SCM_RIGHTS, {6}}, msg_flags=0}, 0) = 1
21251 14:43:00.312832 <... recvmsg resumed> {msg_name(0)=NULL, msg_iov(1)=[{"\0", 1}], msg_controllen=16, {cmsg_len=16, cmsg_level=SOL_SOCKET, cmsg_type=SCM_RIGHTS, {6}}, msg_flags=0}, 0) = 1
21251 14:43:00.312894 setsockopt(6, SOL_SOCKET, SO_KEEPALIVE, [1], 4) = 0
21251 14:43:00.312907 setsockopt(6, SOL_IP, IP_TOS, [8], 4) = 0
21251 14:43:00.312919 setsockopt(6, SOL_SOCKET, SO_LINGER, {onoff=1, linger=32767}, 8) = 0
21251 14:43:00.312930 rt_sigaction(SIGALRM, {0x805cad0, ~[RTMIN RT_1], 0}, NULL, 8) = 0
21251 14:43:00.312943 alarm(300)        = 300
21251 14:43:00.312956 write(0, "150 Ok to send data.\r\n", 22) = 22
21251 14:43:00.313020 mmap2(NULL, 77824, PROT_READ|PROT_WRITE, MAP_PRIVATE|MAP_ANONYMOUS, -1, 0) = 0xb7d3b000
21251 14:43:00.313034 mprotect(0xb7d4d000, 4096, PROT_NONE) = 0
21251 14:43:00.313046 mprotect(0xb7d3b000, 4096, PROT_NONE) = 0
21251 14:43:00.313055 read(6, "assasaaa\na\na\na\na\n", 65536) = 17
21251 14:43:00.313069 write(4, "assasaaa\na\na\na\na\n", 17) = 17
21251 14:43:00.313085 read(6, "", 65536) = 0
21251 14:43:00.313095 rt_sigaction(SIGALRM, {0x805cad0, ~[RTMIN RT_1], 0}, NULL, 8) = 0
21251 14:43:00.313108 alarm(300)        = 300
21251 14:43:00.313118 close(6)          = 0
21251 14:43:00.313127 alarm(0)          = 300
21251 14:43:00.313136 gettimeofday({1495651380, 313140}, NULL) = 0
21251 14:43:00.313153 getpid()          = 21251
21251 14:43:00.313165 gettimeofday({1495651380, 313168}, NULL) = 0
21251 14:43:00.313185 fcntl64(3, F_SETLKW64, {type=F_WRLCK, whence=SEEK_SET, start=0, len=0}, 0xbff178a4) = 0
21251 14:43:00.313201 write(3, "Wed May 24 14:43:00 2017 [pid 21251] [msfadmin] OK UPLOAD: Client \"127.0.0.1\", \"/home/msfadmin/myfile8\", 17 bytes, 25.46Kbyte/sec\n", 130) = 130
21251 14:43:00.313221 fcntl64(3, F_SETLK64, {type=F_UNLCK, whence=SEEK_SET, start=0, len=0}, 0xbff178ac) = 0
21251 14:43:00.313238 write(0, "226 Transfer complete.\r\n", 24) = 24
21251 14:43:00.313280 write(5, "\n", 1) = 1
21251 14:43:00.313292 read(5,  <unfinished ...>
21249 14:43:00.313299 close(6)          = 0
21249 14:43:00.313317 read(4, "\n", 1)  = 1
21249 14:43:00.313329 close(5)          = 0
21249 14:43:00.313339 write(4, "\1", 1) = 1
21251 14:43:00.313350 <... read resumed> "\1", 1) = 1
21251 14:43:00.313357 close(4)          = 0
21251 14:43:00.313367 rt_sigaction(SIGALRM, {0x805cad0, ~[RTMIN RT_1], 0}, NULL, 8) = 0
21251 14:43:00.313381 alarm(300)        = 0
21251 14:43:00.313392 recv(0,  <unfinished ...>
21249 14:43:00.313399 read(4,  <unfinished ...>
21248 14:43:00.529678 <... recv resumed> "USER msfadmin\r\n", 4096, MSG_PEEK) = 15
21248 14:43:00.529723 read(0, "USER msfadmin\r\n", 15) = 15
21248 14:43:00.529749 write(0, "331 Any password will do.\r\n", 27) = 27
21248 14:43:00.529797 rt_sigaction(SIGALRM, {0x805cad0, ~[RTMIN RT_1], 0}, NULL, 8) = 0
21248 14:43:00.529815 alarm(300)        = 299
21248 14:43:00.529828 recv(0, "PASS msfadmin\r\n", 4096, MSG_PEEK) = 15
21248 14:43:00.529840 read(0, "PASS msfadmin\r\n", 15) = 15
21248 14:43:00.529857 write(0, "230 Already logged in.\r\n", 24) = 24
21248 14:43:00.529920 rt_sigaction(SIGALRM, {0x805cad0, ~[RTMIN RT_1], 0}, NULL, 8) = 0
21248 14:43:00.529936 alarm(300)        = 300
21248 14:43:00.529947 recv(0, "TYPE I\r\n", 4096, MSG_PEEK) = 8
21248 14:43:00.529959 read(0, "TYPE I\r\n", 8) = 8
21248 14:43:00.529974 write(0, "200 Switching to Binary mode.\r\n", 31) = 31
21248 14:43:00.530010 rt_sigaction(SIGALRM, {0x805cad0, ~[RTMIN RT_1], 0}, NULL, 8) = 0
21248 14:43:00.530024 alarm(300)        = 300
21248 14:43:00.530036 recv(0, "PASV\r\n", 4096, MSG_PEEK) = 6
21248 14:43:00.530047 read(0, "PASV\r\n", 6) = 6
21248 14:43:00.530059 write(5, "\n", 1 <unfinished ...>
21246 14:43:00.530071 <... read resumed> "\n", 1) = 1
21248 14:43:00.530076 <... write resumed> ) = 1
21246 14:43:00.530083 write(4, "\1", 1) = 1
21246 14:43:00.530094 read(4,  <unfinished ...>
21248 14:43:00.530102 read(5, "\1", 1)  = 1
21248 14:43:00.530113 write(5, "\f", 1 <unfinished ...>
21246 14:43:00.530120 <... read resumed> "\f", 1) = 1
21248 14:43:00.530125 <... write resumed> ) = 1
21246 14:43:00.530132 socket(PF_INET, SOCK_STREAM, IPPROTO_TCP) = 5
21246 14:43:00.530148 setsockopt(5, SOL_SOCKET, SO_REUSEADDR, [1], 4) = 0
21246 14:43:00.530164 bind(5, {sa_family=AF_INET, sin_port=htons(34232), sin_addr=inet_addr("127.0.0.1")}, 16) = 0
21246 14:43:00.530181 listen(5, 1)      = 0
21246 14:43:00.530194 write(4, "\270\205\0\0", 4) = 4
21246 14:43:00.530206 read(4,  <unfinished ...>
21248 14:43:00.530213 read(5, "\270\205\0\0", 4) = 4
21248 14:43:00.530229 write(0, "227 Entering Passive Mode (127,0,0,1,133,184).\r\n", 48) = 48
21248 14:43:00.530340 rt_sigaction(SIGALRM, {0x805cad0, ~[RTMIN RT_1], 0}, NULL, 8) = 0
21248 14:43:00.530357 alarm(300)        = 300
21248 14:43:00.530369 recv(0, "RETR myfile22\r\n", 4096, MSG_PEEK) = 15
21248 14:43:00.530381 read(0, "RETR myfile22\r\n", 15) = 15
21248 14:43:00.530394 write(5, "\v", 1 <unfinished ...>
21246 14:43:00.530402 <... read resumed> "\v", 1) = 1
21248 14:43:00.530407 <... write resumed> ) = 1
21246 14:43:00.530413 write(4, "\1\0\0\0", 4) = 4
21246 14:43:00.530424 read(4,  <unfinished ...>
21248 14:43:00.530431 read(5, "\1\0\0\0", 4) = 4
21248 14:43:00.530443 gettimeofday({1495651380, 530447}, NULL) = 0
21248 14:43:00.530454 getcwd("/home/msfadmin", 4096) = 15
21248 14:43:00.530467 open("myfile22", O_RDONLY|O_NONBLOCK|O_LARGEFILE) = 4
21248 14:43:00.530480 fcntl64(4, F_SETLKW64, {type=F_RDLCK, whence=SEEK_SET, start=0, len=0}, 0xbfd3ef44) = 0
21248 14:43:00.530496 fstat64(4, {st_mode=S_IFREG|0644, st_size=17, ...}) = 0
21248 14:43:00.530513 fcntl64(4, F_GETFL) = 0x8800 (flags O_RDONLY|O_NONBLOCK|O_LARGEFILE)
21248 14:43:00.530525 fcntl64(4, F_SETFL, O_RDONLY|O_LARGEFILE) = 0
21248 14:43:00.530547 write(5, "\v", 1 <unfinished ...>
21246 14:43:00.530560 <... read resumed> "\v", 1) = 1
21248 14:43:00.530565 <... write resumed> ) = 1
21246 14:43:00.530571 write(4, "\1\0\0\0", 4) = 4
21246 14:43:00.530589 read(4,  <unfinished ...>
21248 14:43:00.530597 read(5, "\1\0\0\0", 4) = 4
21248 14:43:00.530608 write(5, "\v", 1 <unfinished ...>
21246 14:43:00.530615 <... read resumed> "\v", 1) = 1
21248 14:43:00.530620 <... write resumed> ) = 1
21246 14:43:00.530626 write(4, "\1\0\0\0", 4) = 4
21246 14:43:00.530636 read(4,  <unfinished ...>
21248 14:43:00.530643 read(5, "\1\0\0\0", 4) = 4
21248 14:43:00.530654 write(5, "\r", 1 <unfinished ...>
21246 14:43:00.530661 <... read resumed> "\r", 1) = 1
21248 14:43:00.530666 <... write resumed> ) = 1
21246 14:43:00.530673 select(6, [5], NULL, NULL, {60, 0}) = 1 (in [5], left {60, 0})
21246 14:43:00.530690 accept(5, {sa_family=AF_INET, sin_port=htons(46926), sin_addr=inet_addr("127.0.0.1")}, [16]) = 6
21246 14:43:00.530712 write(4, "\1", 1) = 1
21246 14:43:00.530724 sendmsg(4, {msg_name(0)=NULL, msg_iov(1)=[{"\0", 1}], msg_controllen=16, {cmsg_len=16, cmsg_level=SOL_SOCKET, cmsg_type=SCM_RIGHTS, {6}}, msg_flags=0}, 0) = 1
21246 14:43:00.530741 close(6)          = 0
21246 14:43:00.530751 read(4,  <unfinished ...>
21248 14:43:00.530758 read(5, "\1", 1)  = 1
21248 14:43:00.530771 recvmsg(5, {msg_name(0)=NULL, msg_iov(1)=[{"\0", 1}], msg_controllen=16, {cmsg_len=16, cmsg_level=SOL_SOCKET, cmsg_type=SCM_RIGHTS, {6}}, msg_flags=0}, 0) = 1
21248 14:43:00.530789 setsockopt(6, SOL_SOCKET, SO_KEEPALIVE, [1], 4) = 0
21248 14:43:00.530802 setsockopt(6, SOL_IP, IP_TOS, [8], 4) = 0
21248 14:43:00.530814 setsockopt(6, SOL_SOCKET, SO_LINGER, {onoff=1, linger=32767}, 8) = 0
21248 14:43:00.530825 rt_sigaction(SIGALRM, {0x805cad0, ~[RTMIN RT_1], 0}, NULL, 8) = 0
21248 14:43:00.530839 alarm(300)        = 300
21248 14:43:00.530852 write(0, "150 Opening BINARY mode data connection for myfile22 (17 bytes).\r\n", 66) = 66
21248 14:43:00.530895 _llseek(4, 0, [0], SEEK_CUR) = 0
21248 14:43:00.530908 fstat64(4, {st_mode=S_IFREG|0644, st_size=17, ...}) = 0
21248 14:43:00.530925 _llseek(4, 0, [0], SEEK_SET) = 0
21248 14:43:00.530936 sendfile(6, 4, NULL, 17) = 17
21248 14:43:00.530966 rt_sigaction(SIGALRM, {0x805cad0, ~[RTMIN RT_1], 0}, NULL, 8) = 0
21248 14:43:00.530981 alarm(300)        = 300
21248 14:43:00.530990 close(6)          = 0
21248 14:43:00.531027 alarm(0)          = 300
21248 14:43:00.531038 gettimeofday({1495651380, 531042}, NULL) = 0
21248 14:43:00.531054 gettimeofday({1495651380, 531058}, NULL) = 0
21248 14:43:00.531068 fcntl64(3, F_SETLKW64, {type=F_WRLCK, whence=SEEK_SET, start=0, len=0}, 0xbfd3eee4) = 0
21248 14:43:00.531083 write(3, "Wed May 24 14:43:00 2017 [pid 21248] [msfadmin] OK DOWNLOAD: Client \"127.0.0.1\", \"/home/msfadmin/myfile22\", 17 bytes, 27.17Kbyte/sec\n", 133) = 133
21248 14:43:00.531105 fcntl64(3, F_SETLK64, {type=F_UNLCK, whence=SEEK_SET, start=0, len=0}, 0xbfd3eeec) = 0
21248 14:43:00.531119 write(0, "226 Transfer complete.\r\n", 24) = 24
21248 14:43:00.531184 write(5, "\n", 1 <unfinished ...>
21246 14:43:00.531194 <... read resumed> "\n", 1) = 1
21248 14:43:00.531199 <... write resumed> ) = 1
21246 14:43:00.531206 close(5)          = 0
21246 14:43:00.531218 write(4, "\1", 1) = 1
21246 14:43:00.531229 read(4,  <unfinished ...>
21248 14:43:00.531236 read(5, "\1", 1)  = 1
21248 14:43:00.531247 close(4)          = 0
21248 14:43:00.531258 rt_sigaction(SIGALRM, {0x805cad0, ~[RTMIN RT_1], 0}, NULL, 8) = 0
21248 14:43:00.531271 alarm(300)        = 0
21248 14:43:00.531282 recv(0,  <unfinished ...>
21251 14:43:00.829877 <... recv resumed> "TYPE I\r\n", 4096, MSG_PEEK) = 8
21251 14:43:00.829918 read(0, "TYPE I\r\n", 8) = 8
21251 14:43:00.829959 write(0, "200 Switching to Binary mode.\r\n", 31) = 31
21251 14:43:00.830018 rt_sigaction(SIGALRM, {0x805cad0, ~[RTMIN RT_1], 0}, NULL, 8) = 0
21251 14:43:00.830036 alarm(300)        = 299
21251 14:43:00.830049 recv(0, "PASV\r\n", 4096, MSG_PEEK) = 6
21251 14:43:00.830061 read(0, "PASV\r\n", 6) = 6
21251 14:43:00.830073 write(5, "\n", 1) = 1
21251 14:43:00.830086 read(5,  <unfinished ...>
21249 14:43:00.830094 <... read resumed> "\n", 1) = 1
21249 14:43:00.830103 write(4, "\1", 1) = 1
21251 14:43:00.830114 <... read resumed> "\1", 1) = 1
21251 14:43:00.830129 write(5, "\f", 1) = 1
21251 14:43:00.830140 read(5,  <unfinished ...>
21249 14:43:00.830147 read(4, "\f", 1)  = 1
21249 14:43:00.830159 socket(PF_INET, SOCK_STREAM, IPPROTO_TCP) = 5
21249 14:43:00.830175 setsockopt(5, SOL_SOCKET, SO_REUSEADDR, [1], 4) = 0
21249 14:43:00.830190 bind(5, {sa_family=AF_INET, sin_port=htons(5943), sin_addr=inet_addr("127.0.0.1")}, 16) = 0
21249 14:43:00.830207 listen(5, 1)      = 0
21249 14:43:00.830221 write(4, "7\27\0\0", 4) = 4
21251 14:43:00.830232 <... read resumed> "7\27\0\0", 4) = 4
21251 14:43:00.830244 write(0, "227 Entering Passive Mode (127,0,0,1,23,55).\r\n", 46) = 46
21251 14:43:00.830360 rt_sigaction(SIGALRM, {0x805cad0, ~[RTMIN RT_1], 0}, NULL, 8) = 0
21251 14:43:00.830387 alarm(300)        = 300
21251 14:43:00.830398 recv(0, "STOR myfile9\r\n", 4096, MSG_PEEK) = 14
21251 14:43:00.830410 read(0, "STOR myfile9\r\n", 14) = 14
21251 14:43:00.830424 write(5, "\v", 1) = 1
21251 14:43:00.830434 read(5,  <unfinished ...>
21249 14:43:00.830441 read(4, "\v", 1)  = 1
21249 14:43:00.830452 write(4, "\1\0\0\0", 4) = 4
21251 14:43:00.830462 <... read resumed> "\1\0\0\0", 4) = 4
21251 14:43:00.830470 gettimeofday({1495651380, 830474}, NULL) = 0
21251 14:43:00.830481 getcwd("/home/msfadmin", 4096) = 15
21251 14:43:00.830494 open("myfile9", O_WRONLY|O_CREAT|O_NONBLOCK|O_LARGEFILE, 0666) = 4
21251 14:43:00.830507 fstat64(4, {st_mode=S_IFREG|0644, st_size=17, ...}) = 0
21251 14:43:00.830525 fcntl64(4, F_GETFL) = 0x8801 (flags O_WRONLY|O_NONBLOCK|O_LARGEFILE)
21251 14:43:00.830560 fcntl64(4, F_SETFL, O_WRONLY|O_LARGEFILE) = 0
21251 14:43:00.830571 fcntl64(4, F_SETLKW64, {type=F_WRLCK, whence=SEEK_SET, start=0, len=0}, 0xbff17904) = 0
21251 14:43:00.830596 ftruncate64(4, 0) = 0
21251 14:43:00.830625 _llseek(4, 0, [0], SEEK_SET) = 0
21251 14:43:00.830637 write(5, "\v", 1) = 1
21251 14:43:00.830648 read(5,  <unfinished ...>
21249 14:43:00.830655 read(4, "\v", 1)  = 1
21249 14:43:00.830667 write(4, "\1\0\0\0", 4) = 4
21251 14:43:00.830677 <... read resumed> "\1\0\0\0", 4) = 4
21251 14:43:00.830685 write(5, "\v", 1) = 1
21251 14:43:00.830695 read(5,  <unfinished ...>
21249 14:43:00.830701 read(4, "\v", 1)  = 1
21249 14:43:00.830712 write(4, "\1\0\0\0", 4) = 4
21251 14:43:00.830722 <... read resumed> "\1\0\0\0", 4) = 4
21251 14:43:00.830730 write(5, "\r", 1) = 1
21251 14:43:00.830740 read(5,  <unfinished ...>
21249 14:43:00.830746 read(4, "\r", 1)  = 1
21249 14:43:00.830758 select(6, [5], NULL, NULL, {60, 0}) = 1 (in [5], left {60, 0})
21249 14:43:00.830775 accept(5, {sa_family=AF_INET, sin_port=htons(45343), sin_addr=inet_addr("127.0.0.1")}, [16]) = 6
21249 14:43:00.830798 write(4, "\1", 1) = 1
21251 14:43:00.830809 <... read resumed> "\1", 1) = 1
21251 14:43:00.830817 recvmsg(5,  <unfinished ...>
21249 14:43:00.830826 sendmsg(4, {msg_name(0)=NULL, msg_iov(1)=[{"\0", 1}], msg_controllen=16, {cmsg_len=16, cmsg_level=SOL_SOCKET, cmsg_type=SCM_RIGHTS, {6}}, msg_flags=0}, 0) = 1
21251 14:43:00.830843 <... recvmsg resumed> {msg_name(0)=NULL, msg_iov(1)=[{"\0", 1}], msg_controllen=16, {cmsg_len=16, cmsg_level=SOL_SOCKET, cmsg_type=SCM_RIGHTS, {6}}, msg_flags=0}, 0) = 1
21251 14:43:00.830857 setsockopt(6, SOL_SOCKET, SO_KEEPALIVE, [1], 4) = 0
21251 14:43:00.830869 setsockopt(6, SOL_IP, IP_TOS, [8], 4) = 0
21251 14:43:00.830881 setsockopt(6, SOL_SOCKET, SO_LINGER, {onoff=1, linger=32767}, 8) = 0
21251 14:43:00.830893 rt_sigaction(SIGALRM, {0x805cad0, ~[RTMIN RT_1], 0}, NULL, 8) = 0
21251 14:43:00.830906 alarm(300)        = 300
21251 14:43:00.830919 write(0, "150 Ok to send data.\r\n", 22) = 22
21251 14:43:00.830986 read(6, "assasaaa\na\na\na\na\n", 65536) = 17
21251 14:43:00.831001 write(4, "assasaaa\na\na\na\na\n", 17) = 17
21251 14:43:00.831018 read(6, "", 65536) = 0
21251 14:43:00.831028 rt_sigaction(SIGALRM, {0x805cad0, ~[RTMIN RT_1], 0}, NULL, 8) = 0
21251 14:43:00.831042 alarm(300)        = 300
21251 14:43:00.831052 close(6)          = 0
21251 14:43:00.831061 alarm(0)          = 300
21251 14:43:00.831071 gettimeofday({1495651380, 831074}, NULL) = 0
21251 14:43:00.831086 gettimeofday({1495651380, 831093}, NULL) = 0
21251 14:43:00.831114 fcntl64(3, F_SETLKW64, {type=F_WRLCK, whence=SEEK_SET, start=0, len=0}, 0xbff178a4) = 0
21251 14:43:00.831128 write(3, "Wed May 24 14:43:00 2017 [pid 21251] [msfadmin] OK UPLOAD: Client \"127.0.0.1\", \"/home/msfadmin/myfile9\", 17 bytes, 26.82Kbyte/sec\n", 130) = 130
21251 14:43:00.831159 fcntl64(3, F_SETLK64, {type=F_UNLCK, whence=SEEK_SET, start=0, len=0}, 0xbff178ac) = 0
21251 14:43:00.831174 write(0, "226 Transfer complete.\r\n", 24) = 24
21251 14:43:00.831218 write(5, "\n", 1) = 1
21251 14:43:00.831231 read(5,  <unfinished ...>
21249 14:43:00.831238 close(6)          = 0
21249 14:43:00.831256 read(4, "\n", 1)  = 1
21249 14:43:00.831268 close(5)          = 0
21249 14:43:00.831279 write(4, "\1", 1) = 1
21251 14:43:00.831289 <... read resumed> "\1", 1) = 1
21251 14:43:00.831296 close(4)          = 0
21251 14:43:00.831307 rt_sigaction(SIGALRM, {0x805cad0, ~[RTMIN RT_1], 0}, NULL, 8) = 0
21251 14:43:00.831321 alarm(300)        = 0
21251 14:43:00.831332 recv(0,  <unfinished ...>
21249 14:43:00.831339 read(4,  <unfinished ...>
21248 14:43:01.080462 <... recv resumed> "USER msfadmin\r\n", 4096, MSG_PEEK) = 15
21248 14:43:01.080551 read(0, "USER msfadmin\r\n", 15) = 15
21248 14:43:01.080622 write(0, "331 Any password will do.\r\n", 27) = 27
21248 14:43:01.080699 rt_sigaction(SIGALRM, {0x805cad0, ~[RTMIN RT_1], 0}, NULL, 8) = 0
21248 14:43:01.080728 alarm(300)        = 299
21248 14:43:01.080749 recv(0, "PASS msfadmin\r\n", 4096, MSG_PEEK) = 15
21248 14:43:01.080762 read(0, "PASS msfadmin\r\n", 15) = 15
21248 14:43:01.080778 write(0, "230 Already logged in.\r\n", 24) = 24
21248 14:43:01.080840 rt_sigaction(SIGALRM, {0x805cad0, ~[RTMIN RT_1], 0}, NULL, 8) = 0
21248 14:43:01.080856 alarm(300)        = 300
21248 14:43:01.080867 recv(0, "TYPE I\r\n", 4096, MSG_PEEK) = 8
21248 14:43:01.080878 read(0, "TYPE I\r\n", 8) = 8
21248 14:43:01.080893 write(0, "200 Switching to Binary mode.\r\n", 31) = 31
21248 14:43:01.080928 rt_sigaction(SIGALRM, {0x805cad0, ~[RTMIN RT_1], 0}, NULL, 8) = 0
21248 14:43:01.080942 alarm(300)        = 300
21248 14:43:01.080953 recv(0, "PASV\r\n", 4096, MSG_PEEK) = 6
21248 14:43:01.080964 read(0, "PASV\r\n", 6) = 6
21248 14:43:01.080975 write(5, "\n", 1 <unfinished ...>
21246 14:43:01.080986 <... read resumed> "\n", 1) = 1
21248 14:43:01.080992 <... write resumed> ) = 1
21246 14:43:01.080999 write(4, "\1", 1) = 1
21246 14:43:01.081010 read(4,  <unfinished ...>
21248 14:43:01.081017 read(5, "\1", 1)  = 1
21248 14:43:01.081028 write(5, "\f", 1 <unfinished ...>
21246 14:43:01.081035 <... read resumed> "\f", 1) = 1
21248 14:43:01.081040 <... write resumed> ) = 1
21246 14:43:01.081047 socket(PF_INET, SOCK_STREAM, IPPROTO_TCP) = 5
21246 14:43:01.081063 setsockopt(5, SOL_SOCKET, SO_REUSEADDR, [1], 4) = 0
21246 14:43:01.081077 bind(5, {sa_family=AF_INET, sin_port=htons(46876), sin_addr=inet_addr("127.0.0.1")}, 16) = 0
21246 14:43:01.081093 listen(5, 1)      = 0
21246 14:43:01.081107 write(4, "\34\267\0\0", 4) = 4
21246 14:43:01.081118 read(4,  <unfinished ...>
21248 14:43:01.081125 read(5, "\34\267\0\0", 4) = 4
21248 14:43:01.081141 write(0, "227 Entering Passive Mode (127,0,0,1,183,28).\r\n", 47) = 47
21248 14:43:01.081255 rt_sigaction(SIGALRM, {0x805cad0, ~[RTMIN RT_1], 0}, NULL, 8) = 0
21248 14:43:01.081271 alarm(300)        = 300
21248 14:43:01.081305 recv(0, "RETR myfile23\r\n", 4096, MSG_PEEK) = 15
21248 14:43:01.081319 read(0, "RETR myfile23\r\n", 15) = 15
21248 14:43:01.081341 write(5, "\v", 1 <unfinished ...>
21246 14:43:01.081349 <... read resumed> "\v", 1) = 1
21248 14:43:01.081354 <... write resumed> ) = 1
21246 14:43:01.081360 write(4, "\1\0\0\0", 4) = 4
21246 14:43:01.081371 read(4,  <unfinished ...>
21248 14:43:01.081378 read(5, "\1\0\0\0", 4) = 4
21248 14:43:01.081389 gettimeofday({1495651381, 81393}, NULL) = 0
21248 14:43:01.081400 getcwd("/home/msfadmin", 4096) = 15
21248 14:43:01.081413 open("myfile23", O_RDONLY|O_NONBLOCK|O_LARGEFILE) = 4
21248 14:43:01.081426 fcntl64(4, F_SETLKW64, {type=F_RDLCK, whence=SEEK_SET, start=0, len=0}, 0xbfd3ef44) = 0
21248 14:43:01.081449 fstat64(4, {st_mode=S_IFREG|0644, st_size=17, ...}) = 0
21248 14:43:01.081466 fcntl64(4, F_GETFL) = 0x8800 (flags O_RDONLY|O_NONBLOCK|O_LARGEFILE)
21248 14:43:01.081477 fcntl64(4, F_SETFL, O_RDONLY|O_LARGEFILE) = 0
21248 14:43:01.081488 write(5, "\v", 1 <unfinished ...>
21246 14:43:01.081496 <... read resumed> "\v", 1) = 1
21248 14:43:01.081500 <... write resumed> ) = 1
21246 14:43:01.081506 write(4, "\1\0\0\0", 4) = 4
21246 14:43:01.081517 read(4,  <unfinished ...>
21248 14:43:01.081524 read(5, "\1\0\0\0", 4) = 4
21248 14:43:01.081535 write(5, "\v", 1 <unfinished ...>
21246 14:43:01.081541 <... read resumed> "\v", 1) = 1
21248 14:43:01.081546 <... write resumed> ) = 1
21246 14:43:01.081552 write(4, "\1\0\0\0", 4) = 4
21246 14:43:01.081562 read(4,  <unfinished ...>
21248 14:43:01.081568 read(5, "\1\0\0\0", 4) = 4
21248 14:43:01.081579 write(5, "\r", 1 <unfinished ...>
21246 14:43:01.081586 <... read resumed> "\r", 1) = 1
21248 14:43:01.081591 <... write resumed> ) = 1
21246 14:43:01.081598 select(6, [5], NULL, NULL, {60, 0}) = 1 (in [5], left {60, 0})
21246 14:43:01.081614 accept(5, {sa_family=AF_INET, sin_port=htons(55927), sin_addr=inet_addr("127.0.0.1")}, [16]) = 6
21246 14:43:01.081636 write(4, "\1", 1) = 1
21246 14:43:01.081648 sendmsg(4, {msg_name(0)=NULL, msg_iov(1)=[{"\0", 1}], msg_controllen=16, {cmsg_len=16, cmsg_level=SOL_SOCKET, cmsg_type=SCM_RIGHTS, {6}}, msg_flags=0}, 0) = 1
21246 14:43:01.081664 close(6)          = 0
21246 14:43:01.081674 read(4,  <unfinished ...>
21248 14:43:01.081681 read(5, "\1", 1)  = 1
21248 14:43:01.081693 recvmsg(5, {msg_name(0)=NULL, msg_iov(1)=[{"\0", 1}], msg_controllen=16, {cmsg_len=16, cmsg_level=SOL_SOCKET, cmsg_type=SCM_RIGHTS, {6}}, msg_flags=0}, 0) = 1
21248 14:43:01.081711 setsockopt(6, SOL_SOCKET, SO_KEEPALIVE, [1], 4) = 0
21248 14:43:01.081723 setsockopt(6, SOL_IP, IP_TOS, [8], 4) = 0
21248 14:43:01.081735 setsockopt(6, SOL_SOCKET, SO_LINGER, {onoff=1, linger=32767}, 8) = 0
21248 14:43:01.081746 rt_sigaction(SIGALRM, {0x805cad0, ~[RTMIN RT_1], 0}, NULL, 8) = 0
21248 14:43:01.081759 alarm(300)        = 300
21248 14:43:01.081772 write(0, "150 Opening BINARY mode data connection for myfile23 (17 bytes).\r\n", 66) = 66
21248 14:43:01.081813 _llseek(4, 0, [0], SEEK_CUR) = 0
21248 14:43:01.081826 fstat64(4, {st_mode=S_IFREG|0644, st_size=17, ...}) = 0
21248 14:43:01.081843 _llseek(4, 0, [0], SEEK_SET) = 0
21248 14:43:01.081853 sendfile(6, 4, NULL, 17) = 17
21248 14:43:01.081883 rt_sigaction(SIGALRM, {0x805cad0, ~[RTMIN RT_1], 0}, NULL, 8) = 0
21248 14:43:01.081897 alarm(300)        = 300
21248 14:43:01.081906 close(6)          = 0
21248 14:43:01.081942 alarm(0)          = 300
21248 14:43:01.081952 gettimeofday({1495651381, 81956}, NULL) = 0
21248 14:43:01.081967 gettimeofday({1495651381, 81971}, NULL) = 0
21248 14:43:01.081982 fcntl64(3, F_SETLKW64, {type=F_WRLCK, whence=SEEK_SET, start=0, len=0}, 0xbfd3eee4) = 0
21248 14:43:01.081996 write(3, "Wed May 24 14:43:01 2017 [pid 21248] [msfadmin] OK DOWNLOAD: Client \"127.0.0.1\", \"/home/msfadmin/myfile23\", 17 bytes, 28.72Kbyte/sec\n", 133) = 133
21248 14:43:01.082024 fcntl64(3, F_SETLK64, {type=F_UNLCK, whence=SEEK_SET, start=0, len=0}, 0xbfd3eeec) = 0
21248 14:43:01.082039 write(0, "226 Transfer complete.\r\n", 24) = 24
21248 14:43:01.082103 write(5, "\n", 1 <unfinished ...>
21246 14:43:01.082114 <... read resumed> "\n", 1) = 1
21248 14:43:01.082119 <... write resumed> ) = 1
21246 14:43:01.082125 close(5)          = 0
21246 14:43:01.082136 write(4, "\1", 1) = 1
21246 14:43:01.082147 read(4,  <unfinished ...>
21248 14:43:01.082154 read(5, "\1", 1)  = 1
21248 14:43:01.082165 close(4)          = 0
21248 14:43:01.082175 rt_sigaction(SIGALRM, {0x805cad0, ~[RTMIN RT_1], 0}, NULL, 8) = 0
21248 14:43:01.082188 alarm(300)        = 0
21248 14:43:01.082199 recv(0,  <unfinished ...>
21251 14:43:01.359811 <... recv resumed> "TYPE I\r\n", 4096, MSG_PEEK) = 8
21251 14:43:01.359841 read(0, "TYPE I\r\n", 8) = 8
21251 14:43:01.359863 write(0, "200 Switching to Binary mode.\r\n", 31) = 31
21251 14:43:01.359918 rt_sigaction(SIGALRM, {0x805cad0, ~[RTMIN RT_1], 0}, NULL, 8) = 0
21251 14:43:01.359936 alarm(300)        = 299
21251 14:43:01.359949 recv(0, "PASV\r\n", 4096, MSG_PEEK) = 6
21251 14:43:01.359960 read(0, "PASV\r\n", 6) = 6
21251 14:43:01.359972 write(5, "\n", 1) = 1
21251 14:43:01.359984 read(5,  <unfinished ...>
21249 14:43:01.359992 <... read resumed> "\n", 1) = 1
21249 14:43:01.360001 write(4, "\1", 1) = 1
21251 14:43:01.360012 <... read resumed> "\1", 1) = 1
21251 14:43:01.360019 write(5, "\f", 1) = 1
21251 14:43:01.360028 read(5,  <unfinished ...>
21249 14:43:01.360035 read(4, "\f", 1)  = 1
21249 14:43:01.360047 socket(PF_INET, SOCK_STREAM, IPPROTO_TCP) = 5
21249 14:43:01.360063 setsockopt(5, SOL_SOCKET, SO_REUSEADDR, [1], 4) = 0
21249 14:43:01.360078 bind(5, {sa_family=AF_INET, sin_port=htons(36737), sin_addr=inet_addr("127.0.0.1")}, 16) = 0
21249 14:43:01.360119 listen(5, 1)      = 0
21249 14:43:01.360136 write(4, "\201\217\0\0", 4) = 4
21251 14:43:01.360157 <... read resumed> "\201\217\0\0", 4) = 4
21251 14:43:01.360170 write(0, "227 Entering Passive Mode (127,0,0,1,143,129).\r\n", 48) = 48
21251 14:43:01.360284 rt_sigaction(SIGALRM, {0x805cad0, ~[RTMIN RT_1], 0}, NULL, 8) = 0
21251 14:43:01.360301 alarm(300)        = 300
21251 14:43:01.360312 recv(0, "STOR myfile10\r\n", 4096, MSG_PEEK) = 15
21251 14:43:01.360324 read(0, "STOR myfile10\r\n", 15) = 15
21251 14:43:01.360338 write(5, "\v", 1) = 1
21251 14:43:01.360348 read(5,  <unfinished ...>
21249 14:43:01.360355 read(4, "\v", 1)  = 1
21249 14:43:01.360366 write(4, "\1\0\0\0", 4) = 4
21251 14:43:01.360377 <... read resumed> "\1\0\0\0", 4) = 4
21251 14:43:01.360384 gettimeofday({1495651381, 360388}, NULL) = 0
21251 14:43:01.360395 getcwd("/home/msfadmin", 4096) = 15
21251 14:43:01.360408 open("myfile10", O_WRONLY|O_CREAT|O_NONBLOCK|O_LARGEFILE, 0666) = 4
21251 14:43:01.360422 fstat64(4, {st_mode=S_IFREG|0644, st_size=17, ...}) = 0
21251 14:43:01.360440 fcntl64(4, F_GETFL) = 0x8801 (flags O_WRONLY|O_NONBLOCK|O_LARGEFILE)
21251 14:43:01.360451 fcntl64(4, F_SETFL, O_WRONLY|O_LARGEFILE) = 0
21251 14:43:01.360461 fcntl64(4, F_SETLKW64, {type=F_WRLCK, whence=SEEK_SET, start=0, len=0}, 0xbff17904) = 0
21251 14:43:01.360475 ftruncate64(4, 0) = 0
21251 14:43:01.360495 _llseek(4, 0, [0], SEEK_SET) = 0
