19829 14:28:04.453053 munmap(0xb7f02000, 4096) = 0
19829 14:28:04.453064 stat64("/etc/pam.d", {st_mode=S_IFDIR|0755, st_size=4096, ...}) = 0
19829 14:28:04.453082 open("/etc/pam.d/common-account", O_RDONLY|O_LARGEFILE) = 6
19829 14:28:04.453094 fstat64(6, {st_mode=S_IFREG|0644, st_size=392, ...}) = 0
19829 14:28:04.453110 mmap2(NULL, 4096, PROT_READ|PROT_WRITE, MAP_PRIVATE|MAP_ANONYMOUS, -1, 0) = 0xb7f02000
19829 14:28:04.453120 read(6, "#\n# /etc/pam.d/common-account - authorization settings common to all services\n#\n# This file is included from other service-specific PAM config files,\n# and should contain a list of the authorization modules that define\n# the central access policy for use on the system.  The default is to\n# only deny service to users whose accounts are expired in /etc/shadow.\n#\naccount\trequired\tpam_unix.so\n", 4096) = 392
19829 14:28:04.453158 read(6, "", 4096) = 0
19829 14:28:04.453171 close(6)          = 0
19829 14:28:04.453202 munmap(0xb7f02000, 4096) = 0
19829 14:28:04.453214 stat64("/etc/pam.d", {st_mode=S_IFDIR|0755, st_size=4096, ...}) = 0
19829 14:28:04.453242 open("/etc/pam.d/common-password", O_RDONLY|O_LARGEFILE) = 6
19829 14:28:04.453255 fstat64(6, {st_mode=S_IFREG|0644, st_size=1563, ...}) = 0
19829 14:28:04.453271 mmap2(NULL, 4096, PROT_READ|PROT_WRITE, MAP_PRIVATE|MAP_ANONYMOUS, -1, 0) = 0xb7f02000
19829 14:28:04.453282 read(6, "#\n# /etc/pam.d/common-password - password-related modules common to all services\n#\n# This file is included from other service-specific PAM config files,\n# and should contain a list of modules that define the services to be\n# used to change user passwords.  The default is pam_unix.\n\n# Explanation of pam_unix options:\n#\n# The \"nullok\" option allows users to change an empty password, else\n# empty passwords are treated as locked accounts.\n#\n# The \"md5\" option enables MD5 passwords.  Without this option, the\n# default is Unix crypt.\n#\n# The \"obscure\" option replaces the old `OBSCURE_CHECKS_ENAB\' option in\n# login.defs.\n#\n# You can also use the \"min\" option to enforce the length of the new\n# password.\n#\n# See the pam_unix manpage for other options.\n\npassword   requisite   pam_unix.so nullok obscure md5\n\n# Alternate strength checking for password. Note that this\n# requires the libpam-cracklib package to be installed.\n# You will need to comment out the password line above and\n# uncomment the next two in order to use this.\n# (Replaces the `OBSCURE_CHECKS_ENAB\', `CRACKLIB_DICTPATH\')\n#\n# password required\t  pam_cracklib.so retry=3 minlen=6 difok=3\n# password required\t  pam_unix.so use_authtok nullok md5\n\n# minimally-intrusive inclusion of smbpass in the stack for\n# synchronization.  If the module is absent or the passwords don\'t\n# match, this module will be ignored without prompting; and if the \n# passwords do match, the NTLM hash for the user will be updated\n# automatically.\n# password   optional   pam_smbpass.so nullok use_authtok use_first_pass\n", 4096) = 1563
19829 14:28:04.453400 read(6, "", 4096) = 0
19829 14:28:04.453410 close(6)          = 0
19829 14:28:04.453420 munmap(0xb7f02000, 4096) = 0
19829 14:28:04.453430 stat64("/etc/pam.d", {st_mode=S_IFDIR|0755, st_size=4096, ...}) = 0
19829 14:28:04.453448 open("/etc/pam.d/common-session", O_RDONLY|O_LARGEFILE) = 6
19829 14:28:04.453461 fstat64(6, {st_mode=S_IFREG|0644, st_size=372, ...}) = 0
19829 14:28:04.453477 mmap2(NULL, 4096, PROT_READ|PROT_WRITE, MAP_PRIVATE|MAP_ANONYMOUS, -1, 0) = 0xb7f02000
19829 14:28:04.453487 read(6, "#\n# /etc/pam.d/common-session - session-related modules common to all services\n#\n# This file is included from other service-specific PAM config files,\n# and should contain a list of modules that define tasks to be performed\n# at the start and end of sessions of *any* kind (both interactive and\n# non-interactive).  The default is pam_unix.\n#\nsession\trequired\tpam_unix.so\n", 4096) = 372
19829 14:28:04.453524 read(6, "", 4096) = 0
19829 14:28:04.453534 close(6)          = 0
19829 14:28:04.453543 munmap(0xb7f02000, 4096) = 0
19829 14:28:04.453553 read(5, "", 4096) = 0
19829 14:28:04.453562 close(5)          = 0
19829 14:28:04.453571 munmap(0xb7f08000, 4096) = 0
19829 14:28:04.453583 time(NULL)        = 1495650484
19829 14:28:04.453595 lstat64("/etc/ftpusers", {st_mode=S_IFREG|0644, st_size=132, ...}) = 0
19829 14:28:04.453613 open("/etc/ftpusers", O_RDONLY|O_LARGEFILE) = 5
19829 14:28:04.453624 fstat64(5, {st_mode=S_IFREG|0644, st_size=132, ...}) = 0
19829 14:28:04.453640 mmap2(NULL, 4096, PROT_READ|PROT_WRITE, MAP_PRIVATE|MAP_ANONYMOUS, -1, 0) = 0xb7f08000
19829 14:28:04.453650 read(5, "# /etc/ftpusers: list of users disallowed FTP access. See ftpusers(5).\n\nroot\ndaemon\nbin\nsys\nsync\ngames\nman\nlp\nmail\nnews\nuucp\nnobody\n", 4096) = 132
19829 14:28:04.453671 read(5, "", 4096) = 0
19829 14:28:04.453681 close(5)          = 0
19829 14:28:04.453690 munmap(0xb7f08000, 4096) = 0
19829 14:28:04.453705 getuid32()        = 0
19829 14:28:04.453721 open("/etc/passwd", O_RDONLY|0x80000 /* O_??? */) = 5
19829 14:28:04.453736 _llseek(5, 0, [0], SEEK_CUR) = 0
19829 14:28:04.453747 fstat64(5, {st_mode=S_IFREG|0644, st_size=1624, ...}) = 0
19829 14:28:04.453763 mmap2(NULL, 1624, PROT_READ, MAP_SHARED, 5, 0) = 0xb7f08000
19829 14:28:04.453774 _llseek(5, 1624, [1624], SEEK_SET) = 0
19829 14:28:04.453792 munmap(0xb7f08000, 1624) = 0
19829 14:28:04.453803 close(5)          = 0
19829 14:28:04.453827 open("/etc/shadow", O_RDONLY|0x80000 /* O_??? */) = 5
19829 14:28:04.453843 _llseek(5, 0, [0], SEEK_CUR) = 0
19829 14:28:04.453854 fstat64(5, {st_mode=S_IFREG|0640, st_size=1233, ...}) = 0
19829 14:28:04.453870 mmap2(NULL, 1233, PROT_READ, MAP_SHARED, 5, 0) = 0xb7f08000
19829 14:28:04.453880 _llseek(5, 1233, [1233], SEEK_SET) = 0
19829 14:28:04.453900 munmap(0xb7f08000, 1233) = 0
19829 14:28:04.453910 close(5)          = 0
19829 14:28:04.453927 open("/etc/passwd", O_RDONLY|0x80000 /* O_??? */) = 5
19829 14:28:04.453944 _llseek(5, 0, [0], SEEK_CUR) = 0
19829 14:28:04.453954 fstat64(5, {st_mode=S_IFREG|0644, st_size=1624, ...}) = 0
19829 14:28:04.453970 mmap2(NULL, 1624, PROT_READ, MAP_SHARED, 5, 0) = 0xb7f08000
19829 14:28:04.453980 _llseek(5, 1624, [1624], SEEK_SET) = 0
19829 14:28:04.453996 munmap(0xb7f08000, 1624) = 0
19829 14:28:04.454006 close(5)          = 0
19829 14:28:04.454018 open("/etc/shadow", O_RDONLY|0x80000 /* O_??? */) = 5
19829 14:28:04.454031 _llseek(5, 0, [0], SEEK_CUR) = 0
19829 14:28:04.454041 fstat64(5, {st_mode=S_IFREG|0640, st_size=1233, ...}) = 0
19829 14:28:04.454057 mmap2(NULL, 1233, PROT_READ, MAP_SHARED, 5, 0) = 0xb7f08000
19829 14:28:04.454067 _llseek(5, 1233, [1233], SEEK_SET) = 0
19829 14:28:04.454084 munmap(0xb7f08000, 1233) = 0
19829 14:28:04.454093 close(5)          = 0
19829 14:28:04.454471 getuid32()        = 0
19829 14:28:04.454484 open("/etc/passwd", O_RDONLY|0x80000 /* O_??? */) = 5
19829 14:28:04.454497 _llseek(5, 0, [0], SEEK_CUR) = 0
19829 14:28:04.454508 fstat64(5, {st_mode=S_IFREG|0644, st_size=1624, ...}) = 0
19829 14:28:04.454523 mmap2(NULL, 1624, PROT_READ, MAP_SHARED, 5, 0) = 0xb7f08000
19829 14:28:04.454534 _llseek(5, 1624, [1624], SEEK_SET) = 0
19829 14:28:04.454550 munmap(0xb7f08000, 1624) = 0
19829 14:28:04.454560 close(5)          = 0
19829 14:28:04.454573 open("/etc/shadow", O_RDONLY|0x80000 /* O_??? */) = 5
19829 14:28:04.454585 _llseek(5, 0, [0], SEEK_CUR) = 0
19829 14:28:04.454595 fstat64(5, {st_mode=S_IFREG|0640, st_size=1233, ...}) = 0
19829 14:28:04.454611 mmap2(NULL, 1233, PROT_READ, MAP_SHARED, 5, 0) = 0xb7f08000
19829 14:28:04.454621 _llseek(5, 1233, [1233], SEEK_SET) = 0
19829 14:28:04.454637 munmap(0xb7f08000, 1233) = 0
19829 14:28:04.454647 close(5)          = 0
19829 14:28:04.454658 time(NULL)        = 1495650484
19829 14:28:04.454673 munmap(0xb7f05000, 12164) = 0
19829 14:28:04.454686 munmap(0xb7f03000, 7136) = 0
19829 14:28:04.454700 munmap(0xb7d38000, 95428) = 0
19829 14:28:04.454710 munmap(0xb7cfe000, 201052) = 0
19829 14:28:04.454721 munmap(0xb7ce5000, 101180) = 0
19829 14:28:04.454737 gettimeofday({1495650484, 454741}, NULL) = 0
19829 14:28:04.454749 stat64("/usr/share/zoneinfo/UTC+04:00", 0xbfc50dc4) = -1 ENOENT (No such file or directory)
19829 14:28:04.454763 open("/usr/share/zoneinfo/UTC+04:00", O_RDONLY) = -1 ENOENT (No such file or directory)
19829 14:28:04.454788 fcntl64(3, F_SETLKW64, {type=F_WRLCK, whence=SEEK_SET, start=0, len=0}, 0xbfc50f14) = 0
19829 14:28:04.454804 write(3, "Wed May 24 14:28:04 2017 [pid 19829] [msfadmin] OK LOGIN: Client \"127.0.0.1\"\n", 77) = 77
19829 14:28:04.454820 fcntl64(3, F_SETLK64, {type=F_UNLCK, whence=SEEK_SET, start=0, len=0}, 0xbfc50f1c) = 0
19829 14:28:04.454833 rt_sigaction(SIGCHLD, {0x805cad0, ~[RTMIN RT_1], 0}, NULL, 8) = 0
19829 14:28:04.454848 write(4, "\1", 1 <unfinished ...>
19830 14:28:04.454857 <... read resumed> "\1", 1) = 1
19829 14:28:04.454862 <... write resumed> ) = 1
19830 14:28:04.454869 exit_group(0)     = ?
19829 14:28:04.454896 --- SIGCHLD (Child exited) @ 0 (0) ---
19829 14:28:04.454904 sigreturn()       = ? (mask now [])
19829 14:28:04.454922 wait4(-1, [{WIFEXITED(s) && WEXITSTATUS(s) == 0}], 0, NULL) = 19830
19829 14:28:04.454935 close(4)          = 0
19829 14:28:04.454947 socketpair(PF_FILE, SOCK_STREAM, 0, [4, 5]) = 0
19829 14:28:04.454961 rt_sigaction(SIGCHLD, {0x805cad0, ~[RTMIN RT_1], 0}, NULL, 8) = 0
19829 14:28:04.454974 rt_sigaction(SIGALRM, {0x805cb10, ~[RTMIN RT_1], 0}, NULL, 8) = 0
19829 14:28:04.454988 clone(child_stack=0, flags=CLONE_CHILD_CLEARTID|CLONE_CHILD_SETTID|SIGCHLD, child_tidptr=0xb7d6e6f8) = 19831
19831 14:28:04.455130 prctl(0x1, 0x9, 0, 0, 0) = 0
19831 14:28:04.455147 close(4)          = 0
19831 14:28:04.455176 open("/etc/passwd", O_RDONLY|0x80000 /* O_??? */) = 4
19831 14:28:04.455222 _llseek(4, 0, [0], SEEK_CUR) = 0
19831 14:28:04.455248 fstat64(4, {st_mode=S_IFREG|0644, st_size=1624, ...}) = 0
19831 14:28:04.455266 mmap2(NULL, 1624, PROT_READ, MAP_SHARED, 4, 0) = 0xb7f08000
19831 14:28:04.455278 _llseek(4, 1624, [1624], SEEK_SET) = 0
19831 14:28:04.455305 munmap(0xb7f08000, 1624) = 0
19831 14:28:04.455317 close(4)          = 0
19831 14:28:04.455330 getuid32()        = 0
19831 14:28:04.455340 open("/etc/passwd", O_RDONLY|0x80000 /* O_??? */) = 4
19831 14:28:04.455353 _llseek(4, 0, [0], SEEK_CUR) = 0
19831 14:28:04.455364 fstat64(4, {st_mode=S_IFREG|0644, st_size=1624, ...}) = 0
19831 14:28:04.455380 mmap2(NULL, 1624, PROT_READ, MAP_SHARED, 4, 0) = 0xb7f08000
19831 14:28:04.455390 _llseek(4, 1624, [1624], SEEK_SET) = 0
19831 14:28:04.455406 munmap(0xb7f08000, 1624) = 0
19831 14:28:04.455416 close(4)          = 0
19831 14:28:04.455441 open("/proc/sys/kernel/ngroups_max", O_RDONLY) = 4
19831 14:28:04.455462 read(4, "65536\n", 31) = 6
19831 14:28:04.455474 close(4)          = 0
19831 14:28:04.455488 socket(PF_FILE, SOCK_STREAM, 0) = 4
19831 14:28:04.455500 fcntl64(4, F_SETFL, O_RDWR|O_NONBLOCK) = 0
19831 14:28:04.455511 connect(4, {sa_family=AF_FILE, path="/var/run/nscd/socket"}, 110) = -1 ENOENT (No such file or directory)
19831 14:28:04.455532 close(4)          = 0
19831 14:28:04.455543 socket(PF_FILE, SOCK_STREAM, 0) = 4
19831 14:28:04.455553 fcntl64(4, F_SETFL, O_RDWR|O_NONBLOCK) = 0
19831 14:28:04.455564 connect(4, {sa_family=AF_FILE, path="/var/run/nscd/socket"}, 110) = -1 ENOENT (No such file or directory)
19831 14:28:04.455582 close(4)          = 0
19831 14:28:04.455605 open("/etc/group", O_RDONLY|0x80000 /* O_??? */) = 4
19831 14:28:04.455619 _llseek(4, 0, [0], SEEK_CUR) = 0
19831 14:28:04.455630 fstat64(4, {st_mode=S_IFREG|0644, st_size=886, ...}) = 0
19831 14:28:04.455646 mmap2(NULL, 886, PROT_READ, MAP_SHARED, 4, 0) = 0xb7f08000
19831 14:28:04.455657 _llseek(4, 886, [886], SEEK_SET) = 0
19831 14:28:04.455681 fstat64(4, {st_mode=S_IFREG|0644, st_size=886, ...}) = 0
19831 14:28:04.455698 munmap(0xb7f08000, 886) = 0
19831 14:28:04.455708 close(4)          = 0
19831 14:28:04.455718 setgroups32(13, [1000, 4, 20, 24, 25, 29, 30, 44, 46, 107, 111, 112, 119]) = 0
19831 14:28:04.455734 geteuid32()       = 0
19831 14:28:04.455744 getegid32()       = 0
19831 14:28:04.455755 setregid32(-1, 1000) = 0
19831 14:28:04.455765 setreuid32(-1, 1000) = 0
19831 14:28:04.455776 chdir("/home/msfadmin") = 0
19831 14:28:04.455787 setreuid32(-1, 0) = 0
19831 14:28:04.455797 setregid32(-1, 0) = 0
19831 14:28:04.455807 setgid32(1000)    = 0
19831 14:28:04.455817 setuid32(1000)    = 0
19831 14:28:04.455827 setrlimit(RLIMIT_NPROC, {rlim_cur=0, rlim_max=0}) = 0
19831 14:28:04.455840 mmap2(NULL, 12288, PROT_READ|PROT_WRITE, MAP_PRIVATE|MAP_ANONYMOUS, -1, 0) = 0xb7f06000
19831 14:28:04.455851 mprotect(0xb7f08000, 4096, PROT_NONE) = 0
19831 14:28:04.455863 mprotect(0xb7f06000, 4096, PROT_NONE) = 0
19831 14:28:04.455874 getcwd("/home/msfadmin", 4096) = 15
19831 14:28:04.455887 umask(022)        = 077
19831 14:28:04.455897 getcwd("/home/msfadmin", 4096) = 15
19831 14:28:04.455910 open(".message", O_RDONLY|O_NONBLOCK|O_LARGEFILE) = -1 ENOENT (No such file or directory)
19831 14:28:04.455932 write(0, "230 Login successful.\r\n", 23) = 23
19831 14:28:04.455998 rt_sigaction(SIGALRM, {0x805cad0, ~[RTMIN RT_1], 0}, NULL, 8) = 0
19831 14:28:04.456016 alarm(300)        = 0
19831 14:28:04.456027 mmap2(NULL, 12288, PROT_READ|PROT_WRITE, MAP_PRIVATE|MAP_ANONYMOUS, -1, 0) = 0xb7f03000
19831 14:28:04.456039 mprotect(0xb7f05000, 4096, PROT_NONE) = 0
19831 14:28:04.456050 mprotect(0xb7f03000, 4096, PROT_NONE) = 0
19831 14:28:04.456063 recv(0, "TYPE I\r\n", 4096, MSG_PEEK) = 8
19831 14:28:04.456076 read(0, "TYPE I\r\n", 8) = 8
19831 14:28:04.456093 write(0, "200 Switching to Binary mode.\r\n", 31) = 31
19831 14:28:04.456179 rt_sigaction(SIGALRM, {0x805cad0, ~[RTMIN RT_1], 0}, NULL, 8) = 0
19831 14:28:04.456208 alarm(300)        = 300
19831 14:28:04.456219 recv(0, "PASV\r\n", 4096, MSG_PEEK) = 6
19831 14:28:04.456231 read(0, "PASV\r\n", 6) = 6
19831 14:28:04.456243 write(5, "\n", 1) = 1
19831 14:28:04.456254 read(5,  <unfinished ...>
19829 14:28:04.456266 close(5)          = 0
19829 14:28:04.456279 getuid32()        = 0
19829 14:28:04.456294 open("/etc/passwd", O_RDONLY|0x80000 /* O_??? */) = 5
19829 14:28:04.456313 _llseek(5, 0, [0], SEEK_CUR) = 0
19829 14:28:04.456325 fstat64(5, {st_mode=S_IFREG|0644, st_size=1624, ...}) = 0
19829 14:28:04.456343 mmap2(NULL, 1624, PROT_READ, MAP_SHARED, 5, 0) = 0xb7f08000
19829 14:28:04.456355 _llseek(5, 1624, [1624], SEEK_SET) = 0
19829 14:28:04.456372 munmap(0xb7f08000, 1624) = 0
19829 14:28:04.456384 close(5)          = 0
19829 14:28:04.456399 setgroups32(0, []) = 0
19829 14:28:04.456411 chdir("/usr/share/empty") = 0
19829 14:28:04.456423 chroot(".")       = 0
19829 14:28:04.456433 capset(NULL, NULL) = -1 EFAULT (Bad address)
19829 14:28:04.456447 prctl(0x8, 0, 0xbfc50ef8, 0x80549a6, 0xbfc50ee0) = 0
19829 14:28:04.456458 prctl(0x8, 0x1, 0xbfc50ef8, 0x8054a49, 0xbfc50ee0) = 0
19829 14:28:04.456468 setgid32(65534)   = 0
19829 14:28:04.456478 setuid32(65534)   = 0
19829 14:28:04.456487 capset(0x19980330, 0, {CAP_NET_BIND_SERVICE, CAP_NET_BIND_SERVICE, 0}) = 0
19829 14:28:04.456500 read(4, "\n", 1)  = 1
19829 14:28:04.456513 write(4, "\1", 1) = 1
19831 14:28:04.456524 <... read resumed> "\1", 1) = 1
19831 14:28:04.456531 write(5, "\f", 1) = 1
19831 14:28:04.456541 read(5,  <unfinished ...>
19829 14:28:04.456549 read(4, "\f", 1)  = 1
19829 14:28:04.456561 socket(PF_INET, SOCK_STREAM, IPPROTO_TCP) = 5
19829 14:28:04.456574 setsockopt(5, SOL_SOCKET, SO_REUSEADDR, [1], 4) = 0
19829 14:28:04.456585 gettimeofday({1495650484, 456589}, NULL) = 0
19829 14:28:04.456601 bind(5, {sa_family=AF_INET, sin_port=htons(54636), sin_addr=inet_addr("127.0.0.1")}, 16) = 0
19829 14:28:04.456617 listen(5, 1)      = 0
19829 14:28:04.456630 write(4, "l\325\0\0", 4) = 4
19831 14:28:04.456641 <... read resumed> "l\325\0\0", 4) = 4
19831 14:28:04.456655 write(0, "227 Entering Passive Mode (127,0,0,1,213,108).\r\n", 48) = 48
19831 14:28:04.456752 rt_sigaction(SIGALRM, {0x805cad0, ~[RTMIN RT_1], 0}, NULL, 8) = 0
19831 14:28:04.456768 alarm(300)        = 300
19831 14:28:04.456780 recv(0, "RETR myfile26\r\n", 4096, MSG_PEEK) = 15
19831 14:28:04.456792 read(0, "RETR myfile26\r\n", 15) = 15
19831 14:28:04.456807 write(5, "\v", 1) = 1
19831 14:28:04.456817 read(5,  <unfinished ...>
19829 14:28:04.456824 read(4, "\v", 1)  = 1
19829 14:28:04.456836 write(4, "\1\0\0\0", 4) = 4
19831 14:28:04.456846 <... read resumed> "\1\0\0\0", 4) = 4
19831 14:28:04.456854 gettimeofday({1495650484, 456858}, NULL) = 0
19831 14:28:04.456865 getcwd("/home/msfadmin", 4096) = 15
19831 14:28:04.456877 open("myfile26", O_RDONLY|O_NONBLOCK|O_LARGEFILE) = 4
19831 14:28:04.456890 fcntl64(4, F_SETLKW64, {type=F_RDLCK, whence=SEEK_SET, start=0, len=0}, 0xbfc50e64) = 0
19831 14:28:04.456904 fstat64(4, {st_mode=S_IFREG|0644, st_size=17, ...}) = 0
19831 14:28:04.456920 fcntl64(4, F_GETFL) = 0x8800 (flags O_RDONLY|O_NONBLOCK|O_LARGEFILE)
19831 14:28:04.456931 fcntl64(4, F_SETFL, O_RDONLY|O_LARGEFILE) = 0
19831 14:28:04.456943 write(5, "\v", 1) = 1
19831 14:28:04.456954 read(5,  <unfinished ...>
19829 14:28:04.456961 read(4, "\v", 1)  = 1
19829 14:28:04.456972 write(4, "\1\0\0\0", 4) = 4
19831 14:28:04.456982 <... read resumed> "\1\0\0\0", 4) = 4
19831 14:28:04.456989 write(5, "\v", 1) = 1
19831 14:28:04.456999 read(5,  <unfinished ...>
19829 14:28:04.457006 read(4, "\v", 1)  = 1
19829 14:28:04.457016 write(4, "\1\0\0\0", 4) = 4
19831 14:28:04.457026 <... read resumed> "\1\0\0\0", 4) = 4
19831 14:28:04.457034 write(5, "\r", 1) = 1
19831 14:28:04.457043 read(5,  <unfinished ...>
19829 14:28:04.457050 read(4, "\r", 1)  = 1
19829 14:28:04.457063 select(6, [5], NULL, NULL, {60, 0}) = 1 (in [5], left {60, 0})
19829 14:28:04.457079 accept(5, {sa_family=AF_INET, sin_port=htons(33034), sin_addr=inet_addr("127.0.0.1")}, [16]) = 6
19829 14:28:04.457101 write(4, "\1", 1) = 1
19831 14:28:04.457136 <... read resumed> "\1", 1) = 1
19831 14:28:04.457157 recvmsg(5,  <unfinished ...>
19829 14:28:04.457167 sendmsg(4, {msg_name(0)=NULL, msg_iov(1)=[{"\0", 1}], msg_controllen=16, {cmsg_len=16, cmsg_level=SOL_SOCKET, cmsg_type=SCM_RIGHTS, {6}}, msg_flags=0}, 0) = 1
19831 14:28:04.457184 <... recvmsg resumed> {msg_name(0)=NULL, msg_iov(1)=[{"\0", 1}], msg_controllen=16, {cmsg_len=16, cmsg_level=SOL_SOCKET, cmsg_type=SCM_RIGHTS, {6}}, msg_flags=0}, 0) = 1
19831 14:28:04.457202 setsockopt(6, SOL_SOCKET, SO_KEEPALIVE, [1], 4) = 0
19831 14:28:04.457214 setsockopt(6, SOL_IP, IP_TOS, [8], 4) = 0
19831 14:28:04.457226 setsockopt(6, SOL_SOCKET, SO_LINGER, {onoff=1, linger=32767}, 8) = 0
19831 14:28:04.457237 rt_sigaction(SIGALRM, {0x805cad0, ~[RTMIN RT_1], 0}, NULL, 8) = 0
19831 14:28:04.457250 alarm(300)        = 300
19831 14:28:04.457264 write(0, "150 Opening BINARY mode data connection for myfile26 (17 bytes).\r\n", 66) = 66
19831 14:28:04.457307 _llseek(4, 0, [0], SEEK_CUR) = 0
19831 14:28:04.457320 fstat64(4, {st_mode=S_IFREG|0644, st_size=17, ...}) = 0
19831 14:28:04.457337 _llseek(4, 0, [0], SEEK_SET) = 0
19831 14:28:04.457349 sendfile(6, 4, NULL, 17) = 17
19831 14:28:04.457378 rt_sigaction(SIGALRM, {0x805cad0, ~[RTMIN RT_1], 0}, NULL, 8) = 0
19831 14:28:04.457393 alarm(300)        = 300
19831 14:28:04.457403 close(6)          = 0
19831 14:28:04.457412 alarm(0)          = 300
19831 14:28:04.457421 gettimeofday({1495650484, 457425}, NULL) = 0
19831 14:28:04.457438 getpid()          = 19831
19831 14:28:04.457450 gettimeofday({1495650484, 457454}, NULL) = 0
19831 14:28:04.457468 fcntl64(3, F_SETLKW64, {type=F_WRLCK, whence=SEEK_SET, start=0, len=0}, 0xbfc50e04) = 0
19831 14:28:04.457482 write(3, "Wed May 24 14:28:04 2017 [pid 19831] [msfadmin] OK DOWNLOAD: Client \"127.0.0.1\", \"/home/msfadmin/myfile26\", 17 bytes, 27.85Kbyte/sec\n", 133) = 133
19831 14:28:04.457502 fcntl64(3, F_SETLK64, {type=F_UNLCK, whence=SEEK_SET, start=0, len=0}, 0xbfc50e0c) = 0
19831 14:28:04.457516 write(0, "226 Transfer complete.\r\n", 24) = 24
19831 14:28:04.457532 write(5, "\n", 1) = 1
19831 14:28:04.457543 read(5,  <unfinished ...>
19829 14:28:04.457549 close(6)          = 0
19829 14:28:04.457627 read(4, "\n", 1)  = 1
19829 14:28:04.457640 close(5)          = 0
19829 14:28:04.457651 write(4, "\1", 1) = 1
19831 14:28:04.457662 <... read resumed> "\1", 1) = 1
19831 14:28:04.457669 close(4)          = 0
19831 14:28:04.457680 rt_sigaction(SIGALRM, {0x805cad0, ~[RTMIN RT_1], 0}, NULL, 8) = 0
19831 14:28:04.457693 alarm(300)        = 0
19831 14:28:04.457704 recv(0,  <unfinished ...>
19829 14:28:04.457712 read(4,  <unfinished ...>
19828 14:28:04.866127 <... recv resumed> "TYPE I\r\n", 4096, MSG_PEEK) = 8
19828 14:28:04.866164 read(0, "TYPE I\r\n", 8) = 8
19828 14:28:04.866185 write(0, "200 Switching to Binary mode.\r\n", 31) = 31
19828 14:28:04.866236 rt_sigaction(SIGALRM, {0x805cad0, ~[RTMIN RT_1], 0}, NULL, 8) = 0
19828 14:28:04.866253 alarm(300)        = 299
19828 14:28:04.866266 recv(0, "PASV\r\n", 4096, MSG_PEEK) = 6
19828 14:28:04.866278 read(0, "PASV\r\n", 6) = 6
19828 14:28:04.866290 write(5, "\n", 1 <unfinished ...>
19826 14:28:04.866302 <... read resumed> "\n", 1) = 1
19828 14:28:04.866307 <... write resumed> ) = 1
19826 14:28:04.866316 write(4, "\1", 1 <unfinished ...>
19828 14:28:04.866321 read(5,  <unfinished ...>
19826 14:28:04.866328 <... write resumed> ) = 1
19828 14:28:04.866332 <... read resumed> "\1", 1) = 1
19826 14:28:04.866340 read(4,  <unfinished ...>
19828 14:28:04.866345 write(5, "\f", 1 <unfinished ...>
19826 14:28:04.866356 <... read resumed> "\f", 1) = 1
19828 14:28:04.866360 <... write resumed> ) = 1
19826 14:28:04.866369 socket(PF_INET, SOCK_STREAM, IPPROTO_TCP <unfinished ...>
19828 14:28:04.866374 read(5,  <unfinished ...>
19826 14:28:04.866384 <... socket resumed> ) = 5
19826 14:28:04.866392 setsockopt(5, SOL_SOCKET, SO_REUSEADDR, [1], 4) = 0
19826 14:28:04.866406 bind(5, {sa_family=AF_INET, sin_port=htons(17802), sin_addr=inet_addr("127.0.0.1")}, 16) = 0
19826 14:28:04.866423 listen(5, 1)      = 0
19826 14:28:04.866440 write(4, "\212E\0\0", 4 <unfinished ...>
19828 14:28:04.866449 <... read resumed> "\212E\0\0", 4) = 4
19826 14:28:04.866454 <... write resumed> ) = 4
19828 14:28:04.866465 write(0, "227 Entering Passive Mode (127,0,0,1,69,138).\r\n", 47 <unfinished ...>
19826 14:28:04.866474 read(4,  <unfinished ...>
19828 14:28:04.866593 <... write resumed> ) = 47
19828 14:28:04.866614 rt_sigaction(SIGALRM, {0x805cad0, ~[RTMIN RT_1], 0}, NULL, 8) = 0
19828 14:28:04.866629 alarm(300)        = 300
19828 14:28:04.866650 recv(0, "STOR myfile0\r\n", 4096, MSG_PEEK) = 14
19828 14:28:04.866663 read(0, "STOR myfile0\r\n", 14) = 14
19828 14:28:04.866676 write(5, "\v", 1 <unfinished ...>
19826 14:28:04.866684 <... read resumed> "\v", 1) = 1
19828 14:28:04.866689 <... write resumed> ) = 1
19826 14:28:04.866695 write(4, "\1\0\0\0", 4) = 4
19826 14:28:04.866706 read(4,  <unfinished ...>
19828 14:28:04.866713 read(5, "\1\0\0\0", 4) = 4
19828 14:28:04.866725 gettimeofday({1495650484, 866728}, NULL) = 0
19828 14:28:04.866736 getcwd("/home/msfadmin", 4096) = 15
19828 14:28:04.866748 open("myfile0", O_WRONLY|O_CREAT|O_NONBLOCK|O_LARGEFILE, 0666) = 4
19828 14:28:04.866762 fstat64(4, {st_mode=S_IFREG|0644, st_size=17, ...}) = 0
19828 14:28:04.866780 fcntl64(4, F_GETFL) = 0x8801 (flags O_WRONLY|O_NONBLOCK|O_LARGEFILE)
19828 14:28:04.866791 fcntl64(4, F_SETFL, O_WRONLY|O_LARGEFILE) = 0
19828 14:28:04.866801 fcntl64(4, F_SETLKW64, {type=F_WRLCK, whence=SEEK_SET, start=0, len=0}, 0xbfda6f94) = 0
19828 14:28:04.866815 ftruncate64(4, 0) = 0
19828 14:28:04.866844 _llseek(4, 0, [0], SEEK_SET) = 0
19828 14:28:04.866874 write(5, "\v", 1 <unfinished ...>
19826 14:28:04.866894 <... read resumed> "\v", 1) = 1
19828 14:28:04.866899 <... write resumed> ) = 1
19826 14:28:04.866905 write(4, "\1\0\0\0", 4) = 4
19826 14:28:04.866916 read(4,  <unfinished ...>
19828 14:28:04.866922 read(5, "\1\0\0\0", 4) = 4
19828 14:28:04.866934 write(5, "\v", 1 <unfinished ...>
19826 14:28:04.866940 <... read resumed> "\v", 1) = 1
19828 14:28:04.866945 <... write resumed> ) = 1
19826 14:28:04.866951 write(4, "\1\0\0\0", 4) = 4
19826 14:28:04.866961 read(4,  <unfinished ...>
19828 14:28:04.866968 read(5, "\1\0\0\0", 4) = 4
19828 14:28:04.866979 write(5, "\r", 1 <unfinished ...>
19826 14:28:04.866986 <... read resumed> "\r", 1) = 1
19828 14:28:04.866990 <... write resumed> ) = 1
19826 14:28:04.866997 select(6, [5], NULL, NULL, {60, 0}) = 1 (in [5], left {60, 0})
19826 14:28:04.867014 accept(5, {sa_family=AF_INET, sin_port=htons(37254), sin_addr=inet_addr("127.0.0.1")}, [16]) = 6
19826 14:28:04.867036 write(4, "\1", 1) = 1
19826 14:28:04.867048 sendmsg(4, {msg_name(0)=NULL, msg_iov(1)=[{"\0", 1}], msg_controllen=16, {cmsg_len=16, cmsg_level=SOL_SOCKET, cmsg_type=SCM_RIGHTS, {6}}, msg_flags=0}, 0) = 1
19826 14:28:04.867065 close(6)          = 0
19826 14:28:04.867074 read(4,  <unfinished ...>
19828 14:28:04.867081 read(5, "\1", 1)  = 1
19828 14:28:04.867094 recvmsg(5, {msg_name(0)=NULL, msg_iov(1)=[{"\0", 1}], msg_controllen=16, {cmsg_len=16, cmsg_level=SOL_SOCKET, cmsg_type=SCM_RIGHTS, {6}}, msg_flags=0}, 0) = 1
19828 14:28:04.867111 setsockopt(6, SOL_SOCKET, SO_KEEPALIVE, [1], 4) = 0
19828 14:28:04.867123 setsockopt(6, SOL_IP, IP_TOS, [8], 4) = 0
19828 14:28:04.867135 setsockopt(6, SOL_SOCKET, SO_LINGER, {onoff=1, linger=32767}, 8) = 0
19828 14:28:04.867146 rt_sigaction(SIGALRM, {0x805cad0, ~[RTMIN RT_1], 0}, NULL, 8) = 0
19828 14:28:04.867160 alarm(300)        = 300
19828 14:28:04.867172 write(0, "150 Ok to send data.\r\n", 22) = 22
19828 14:28:04.867239 read(6, "assasaaa\na\na\na\na\n", 65536) = 17
19828 14:28:04.867253 write(4, "assasaaa\na\na\na\na\n", 17) = 17
19828 14:28:04.867280 read(6, "", 65536) = 0
19828 14:28:04.867291 rt_sigaction(SIGALRM, {0x805cad0, ~[RTMIN RT_1], 0}, NULL, 8) = 0
19828 14:28:04.867304 alarm(300)        = 300
19828 14:28:04.867324 close(6)          = 0
19828 14:28:04.867341 alarm(0)          = 300
19828 14:28:04.867351 gettimeofday({1495650484, 867355}, NULL) = 0
19828 14:28:04.867366 gettimeofday({1495650484, 867370}, NULL) = 0
19828 14:28:04.867380 fcntl64(3, F_SETLKW64, {type=F_WRLCK, whence=SEEK_SET, start=0, len=0}, 0xbfda6f34) = 0
19828 14:28:04.867395 write(3, "Wed May 24 14:28:04 2017 [pid 19828] [msfadmin] OK UPLOAD: Client \"127.0.0.1\", \"/home/msfadmin/myfile0\", 17 bytes, 25.86Kbyte/sec\n", 130) = 130
19828 14:28:04.867416 fcntl64(3, F_SETLK64, {type=F_UNLCK, whence=SEEK_SET, start=0, len=0}, 0xbfda6f3c) = 0
19828 14:28:04.867434 write(0, "226 Transfer complete.\r\n", 24) = 24
19828 14:28:04.867477 write(5, "\n", 1 <unfinished ...>
19826 14:28:04.867486 <... read resumed> "\n", 1) = 1
19828 14:28:04.867491 <... write resumed> ) = 1
19826 14:28:04.867497 close(5)          = 0
19826 14:28:04.867509 write(4, "\1", 1) = 1
19826 14:28:04.867519 read(4,  <unfinished ...>
19828 14:28:04.867526 read(5, "\1", 1)  = 1
19828 14:28:04.867537 close(4)          = 0
19828 14:28:04.867547 rt_sigaction(SIGALRM, {0x805cad0, ~[RTMIN RT_1], 0}, NULL, 8) = 0
19828 14:28:04.867561 alarm(300)        = 0
19828 14:28:04.867571 recv(0,  <unfinished ...>
19831 14:28:05.046076 <... recv resumed> "USER msfadmin\r\n", 4096, MSG_PEEK) = 15
19831 14:28:05.046117 read(0, "USER msfadmin\r\n", 15) = 15
19831 14:28:05.046142 write(0, "331 Any password will do.\r\n", 27) = 27
19831 14:28:05.046187 rt_sigaction(SIGALRM, {0x805cad0, ~[RTMIN RT_1], 0}, NULL, 8) = 0
19831 14:28:05.046205 alarm(300)        = 299
19831 14:28:05.046218 recv(0, "PASS msfadmin\r\n", 4096, MSG_PEEK) = 15
19831 14:28:05.046230 read(0, "PASS msfadmin\r\n", 15) = 15
19831 14:28:05.046246 write(0, "230 Already logged in.\r\n", 24) = 24
19831 14:28:05.046308 rt_sigaction(SIGALRM, {0x805cad0, ~[RTMIN RT_1], 0}, NULL, 8) = 0
19831 14:28:05.046324 alarm(300)        = 300
19831 14:28:05.046335 recv(0, "TYPE I\r\n", 4096, MSG_PEEK) = 8
19831 14:28:05.046346 read(0, "TYPE I\r\n", 8) = 8
19831 14:28:05.046360 write(0, "200 Switching to Binary mode.\r\n", 31) = 31
19831 14:28:05.046396 rt_sigaction(SIGALRM, {0x805cad0, ~[RTMIN RT_1], 0}, NULL, 8) = 0
19831 14:28:05.046410 alarm(300)        = 300
19831 14:28:05.046420 recv(0, "PASV\r\n", 4096, MSG_PEEK) = 6
19831 14:28:05.046431 read(0, "PASV\r\n", 6) = 6
19831 14:28:05.046443 write(5, "\n", 1) = 1
19831 14:28:05.046455 read(5,  <unfinished ...>
19829 14:28:05.046464 <... read resumed> "\n", 1) = 1
19829 14:28:05.046473 write(4, "\1", 1) = 1
19831 14:28:05.046484 <... read resumed> "\1", 1) = 1
19831 14:28:05.046491 write(5, "\f", 1) = 1
19831 14:28:05.046501 read(5,  <unfinished ...>
19829 14:28:05.046508 read(4, "\f", 1)  = 1
19829 14:28:05.046520 socket(PF_INET, SOCK_STREAM, IPPROTO_TCP) = 5
19829 14:28:05.046536 setsockopt(5, SOL_SOCKET, SO_REUSEADDR, [1], 4) = 0
19829 14:28:05.046550 bind(5, {sa_family=AF_INET, sin_port=htons(6305), sin_addr=inet_addr("127.0.0.1")}, 16) = 0
19829 14:28:05.046567 listen(5, 1)      = 0
19829 14:28:05.046580 write(4, "\241\30\0\0", 4) = 4
19831 14:28:05.046591 <... read resumed> "\241\30\0\0", 4) = 4
19831 14:28:05.046603 write(0, "227 Entering Passive Mode (127,0,0,1,24,161).\r\n", 47) = 47
19831 14:28:05.046716 rt_sigaction(SIGALRM, {0x805cad0, ~[RTMIN RT_1], 0}, NULL, 8) = 0
19831 14:28:05.046733 alarm(300)        = 300
19831 14:28:05.046744 recv(0, "RETR myfile27\r\n", 4096, MSG_PEEK) = 15
19831 14:28:05.046756 read(0, "RETR myfile27\r\n", 15) = 15
19831 14:28:05.046769 write(5, "\v", 1) = 1
19831 14:28:05.046802 read(5,  <unfinished ...>
19829 14:28:05.046811 read(4, "\v", 1)  = 1
19829 14:28:05.046835 write(4, "\1\0\0\0", 4) = 4
19831 14:28:05.046845 <... read resumed> "\1\0\0\0", 4) = 4
19831 14:28:05.046853 gettimeofday({1495650485, 46857}, NULL) = 0
19831 14:28:05.046865 getcwd("/home/msfadmin", 4096) = 15
19831 14:28:05.046877 open("myfile27", O_RDONLY|O_NONBLOCK|O_LARGEFILE) = 4
19831 14:28:05.046891 fcntl64(4, F_SETLKW64, {type=F_RDLCK, whence=SEEK_SET, start=0, len=0}, 0xbfc50e64) = 0
19831 14:28:05.046906 fstat64(4, {st_mode=S_IFREG|0644, st_size=17, ...}) = 0
19831 14:28:05.046924 fcntl64(4, F_GETFL) = 0x8800 (flags O_RDONLY|O_NONBLOCK|O_LARGEFILE)
19831 14:28:05.046934 fcntl64(4, F_SETFL, O_RDONLY|O_LARGEFILE) = 0
19831 14:28:05.046946 write(5, "\v", 1) = 1
19831 14:28:05.046956 read(5,  <unfinished ...>
19829 14:28:05.046963 read(4, "\v", 1)  = 1
19829 14:28:05.046974 write(4, "\1\0\0\0", 4) = 4
19831 14:28:05.046984 <... read resumed> "\1\0\0\0", 4) = 4
19831 14:28:05.046992 write(5, "\v", 1) = 1
19831 14:28:05.047001 read(5,  <unfinished ...>
19829 14:28:05.047008 read(4, "\v", 1)  = 1
19829 14:28:05.047026 write(4, "\1\0\0\0", 4) = 4
19831 14:28:05.047036 <... read resumed> "\1\0\0\0", 4) = 4
19831 14:28:05.047043 write(5, "\r", 1) = 1
19831 14:28:05.047053 read(5,  <unfinished ...>
19829 14:28:05.047060 read(4, "\r", 1)  = 1
19829 14:28:05.047071 select(6, [5], NULL, NULL, {60, 0}) = 1 (in [5], left {60, 0})
19829 14:28:05.047088 accept(5, {sa_family=AF_INET, sin_port=htons(54759), sin_addr=inet_addr("127.0.0.1")}, [16]) = 6
19829 14:28:05.047110 write(4, "\1", 1) = 1
19831 14:28:05.047120 <... read resumed> "\1", 1) = 1
19831 14:28:05.047129 recvmsg(5,  <unfinished ...>
19829 14:28:05.047137 sendmsg(4, {msg_name(0)=NULL, msg_iov(1)=[{"\0", 1}], msg_controllen=16, {cmsg_len=16, cmsg_level=SOL_SOCKET, cmsg_type=SCM_RIGHTS, {6}}, msg_flags=0}, 0) = 1
19831 14:28:05.047154 <... recvmsg resumed> {msg_name(0)=NULL, msg_iov(1)=[{"\0", 1}], msg_controllen=16, {cmsg_len=16, cmsg_level=SOL_SOCKET, cmsg_type=SCM_RIGHTS, {6}}, msg_flags=0}, 0) = 1
19831 14:28:05.047167 setsockopt(6, SOL_SOCKET, SO_KEEPALIVE, [1], 4) = 0
19831 14:28:05.047180 setsockopt(6, SOL_IP, IP_TOS, [8], 4) = 0
19831 14:28:05.047191 setsockopt(6, SOL_SOCKET, SO_LINGER, {onoff=1, linger=32767}, 8) = 0
19831 14:28:05.047203 rt_sigaction(SIGALRM, {0x805cad0, ~[RTMIN RT_1], 0}, NULL, 8) = 0
19831 14:28:05.047216 alarm(300)        = 300
19831 14:28:05.047229 write(0, "150 Opening BINARY mode data connection for myfile27 (17 bytes).\r\n", 66) = 66
19831 14:28:05.047271 _llseek(4, 0, [0], SEEK_CUR) = 0
19831 14:28:05.047283 fstat64(4, {st_mode=S_IFREG|0644, st_size=17, ...}) = 0
19831 14:28:05.047301 _llseek(4, 0, [0], SEEK_SET) = 0
19831 14:28:05.047311 sendfile(6, 4, NULL, 17) = 17
19831 14:28:05.047343 rt_sigaction(SIGALRM, {0x805cad0, ~[RTMIN RT_1], 0}, NULL, 8) = 0
19831 14:28:05.047357 alarm(300)        = 300
19831 14:28:05.047367 close(6)          = 0
19831 14:28:05.047376 alarm(0)          = 300
19831 14:28:05.047386 gettimeofday({1495650485, 47389}, NULL) = 0
19831 14:28:05.047401 gettimeofday({1495650485, 47405}, NULL) = 0
19831 14:28:05.047415 fcntl64(3, F_SETLKW64, {type=F_WRLCK, whence=SEEK_SET, start=0, len=0}, 0xbfc50e04) = 0
19831 14:28:05.047430 write(3, "Wed May 24 14:28:05 2017 [pid 19831] [msfadmin] OK DOWNLOAD: Client \"127.0.0.1\", \"/home/msfadmin/myfile27\", 17 bytes, 30.29Kbyte/sec\n", 133) = 133
19831 14:28:05.047451 fcntl64(3, F_SETLK64, {type=F_UNLCK, whence=SEEK_SET, start=0, len=0}, 0xbfc50e0c) = 0
19831 14:28:05.047466 write(0, "226 Transfer complete.\r\n", 24) = 24
19831 14:28:05.047481 write(5, "\n", 1) = 1
19831 14:28:05.047491 read(5,  <unfinished ...>
19829 14:28:05.047498 close(6)          = 0
19829 14:28:05.047581 read(4, "\n", 1)  = 1
19829 14:28:05.047594 close(5)          = 0
19829 14:28:05.047605 write(4, "\1", 1) = 1
19831 14:28:05.047616 <... read resumed> "\1", 1) = 1
19831 14:28:05.047623 close(4)          = 0
19831 14:28:05.047634 rt_sigaction(SIGALRM, {0x805cad0, ~[RTMIN RT_1], 0}, NULL, 8) = 0
19831 14:28:05.047647 alarm(300)        = 0
19831 14:28:05.047658 recv(0,  <unfinished ...>
19829 14:28:05.047665 read(4,  <unfinished ...>
19828 14:28:05.406120 <... recv resumed> "TYPE I\r\n", 4096, MSG_PEEK) = 8
19828 14:28:05.406151 read(0, "TYPE I\r\n", 8) = 8
19828 14:28:05.406172 write(0, "200 Switching to Binary mode.\r\n", 31) = 31
19828 14:28:05.406220 rt_sigaction(SIGALRM, {0x805cad0, ~[RTMIN RT_1], 0}, NULL, 8) = 0
19828 14:28:05.406238 alarm(300)        = 299
19828 14:28:05.406250 recv(0, "PASV\r\n", 4096, MSG_PEEK) = 6
19828 14:28:05.406261 read(0, "PASV\r\n", 6) = 6
19828 14:28:05.406273 write(5, "\n", 1 <unfinished ...>
19826 14:28:05.406285 <... read resumed> "\n", 1) = 1
19828 14:28:05.406290 <... write resumed> ) = 1
19826 14:28:05.406297 write(4, "\1", 1) = 1
19826 14:28:05.406308 read(4,  <unfinished ...>
19828 14:28:05.406315 read(5, "\1", 1)  = 1
19828 14:28:05.406327 write(5, "\f", 1 <unfinished ...>
19826 14:28:05.406333 <... read resumed> "\f", 1) = 1
19828 14:28:05.406338 <... write resumed> ) = 1
19826 14:28:05.406345 socket(PF_INET, SOCK_STREAM, IPPROTO_TCP) = 5
19826 14:28:05.406369 setsockopt(5, SOL_SOCKET, SO_REUSEADDR, [1], 4) = 0
19826 14:28:05.406384 bind(5, {sa_family=AF_INET, sin_port=htons(13704), sin_addr=inet_addr("127.0.0.1")}, 16) = 0
19826 14:28:05.406401 listen(5, 1)      = 0
19826 14:28:05.406414 write(4, "\2105\0\0", 4) = 4
19826 14:28:05.406426 read(4,  <unfinished ...>
19828 14:28:05.406432 read(5, "\2105\0\0", 4) = 4
19828 14:28:05.406448 write(0, "227 Entering Passive Mode (127,0,0,1,53,136).\r\n", 47) = 47
19828 14:28:05.406562 rt_sigaction(SIGALRM, {0x805cad0, ~[RTMIN RT_1], 0}, NULL, 8) = 0
19828 14:28:05.406578 alarm(300)        = 300
19828 14:28:05.406590 recv(0, "STOR myfile1\r\n", 4096, MSG_PEEK) = 14
19828 14:28:05.406602 read(0, "STOR myfile1\r\n", 14) = 14
19828 14:28:05.406615 write(5, "\v", 1 <unfinished ...>
19826 14:28:05.406623 <... read resumed> "\v", 1) = 1
19828 14:28:05.406628 <... write resumed> ) = 1
19826 14:28:05.406634 write(4, "\1\0\0\0", 4) = 4
19826 14:28:05.406645 read(4,  <unfinished ...>
19828 14:28:05.406651 read(5, "\1\0\0\0", 4) = 4
19828 14:28:05.406663 gettimeofday({1495650485, 406667}, NULL) = 0
19828 14:28:05.406674 getcwd("/home/msfadmin", 4096) = 15
19828 14:28:05.406686 open("myfile1", O_WRONLY|O_CREAT|O_NONBLOCK|O_LARGEFILE, 0666) = 4
19828 14:28:05.406700 fstat64(4, {st_mode=S_IFREG|0644, st_size=17, ...}) = 0
19828 14:28:05.406718 fcntl64(4, F_GETFL) = 0x8801 (flags O_WRONLY|O_NONBLOCK|O_LARGEFILE)
19828 14:28:05.406729 fcntl64(4, F_SETFL, O_WRONLY|O_LARGEFILE) = 0
19828 14:28:05.406738 fcntl64(4, F_SETLKW64, {type=F_WRLCK, whence=SEEK_SET, start=0, len=0}, 0xbfda6f94) = 0
19828 14:28:05.406752 ftruncate64(4, 0) = 0
19828 14:28:05.406788 _llseek(4, 0, [0], SEEK_SET) = 0
19828 14:28:05.406801 write(5, "\v", 1 <unfinished ...>
19826 14:28:05.406810 <... read resumed> "\v", 1) = 1
19828 14:28:05.406814 <... write resumed> ) = 1
19826 14:28:05.406830 write(4, "\1\0\0\0", 4) = 4
19826 14:28:05.406841 read(4,  <unfinished ...>
19828 14:28:05.406848 read(5, "\1\0\0\0", 4) = 4
19828 14:28:05.406859 write(5, "\v", 1 <unfinished ...>
19826 14:28:05.406865 <... read resumed> "\v", 1) = 1
19828 14:28:05.406870 <... write resumed> ) = 1
19826 14:28:05.406876 write(4, "\1\0\0\0", 4) = 4
19826 14:28:05.406886 read(4,  <unfinished ...>
19828 14:28:05.406893 read(5, "\1\0\0\0", 4) = 4
19828 14:28:05.406904 write(5, "\r", 1 <unfinished ...>
19826 14:28:05.406911 <... read resumed> "\r", 1) = 1
19828 14:28:05.406915 <... write resumed> ) = 1
19826 14:28:05.406922 select(6, [5], NULL, NULL, {60, 0}) = 1 (in [5], left {60, 0})
19826 14:28:05.406938 accept(5, {sa_family=AF_INET, sin_port=htons(55153), sin_addr=inet_addr("127.0.0.1")}, [16]) = 6
19826 14:28:05.406960 write(4, "\1", 1) = 1
19826 14:28:05.406972 sendmsg(4, {msg_name(0)=NULL, msg_iov(1)=[{"\0", 1}], msg_controllen=16, {cmsg_len=16, cmsg_level=SOL_SOCKET, cmsg_type=SCM_RIGHTS, {6}}, msg_flags=0}, 0) = 1
19826 14:28:05.406989 close(6)          = 0
19826 14:28:05.406999 read(4,  <unfinished ...>
19828 14:28:05.407006 read(5, "\1", 1)  = 1
19828 14:28:05.407018 recvmsg(5, {msg_name(0)=NULL, msg_iov(1)=[{"\0", 1}], msg_controllen=16, {cmsg_len=16, cmsg_level=SOL_SOCKET, cmsg_type=SCM_RIGHTS, {6}}, msg_flags=0}, 0) = 1
19828 14:28:05.407036 setsockopt(6, SOL_SOCKET, SO_KEEPALIVE, [1], 4) = 0
19828 14:28:05.407048 setsockopt(6, SOL_IP, IP_TOS, [8], 4) = 0
19828 14:28:05.407060 setsockopt(6, SOL_SOCKET, SO_LINGER, {onoff=1, linger=32767}, 8) = 0
19828 14:28:05.407071 rt_sigaction(SIGALRM, {0x805cad0, ~[RTMIN RT_1], 0}, NULL, 8) = 0
19828 14:28:05.407084 alarm(300)        = 300
19828 14:28:05.407096 write(0, "150 Ok to send data.\r\n", 22) = 22
19828 14:28:05.407162 read(6, "assasaaa\na\na\na\na\n", 65536) = 17
19828 14:28:05.407177 write(4, "assasaaa\na\na\na\na\n", 17) = 17
19828 14:28:05.407196 read(6, "", 65536) = 0
19828 14:28:05.407206 rt_sigaction(SIGALRM, {0x805cad0, ~[RTMIN RT_1], 0}, NULL, 8) = 0
19828 14:28:05.407219 alarm(300)        = 300
19828 14:28:05.407229 close(6)          = 0
19828 14:28:05.407246 alarm(0)          = 300
19828 14:28:05.407256 gettimeofday({1495650485, 407259}, NULL) = 0
19828 14:28:05.407274 gettimeofday({1495650485, 407278}, NULL) = 0
19828 14:28:05.407288 fcntl64(3, F_SETLKW64, {type=F_WRLCK, whence=SEEK_SET, start=0, len=0}, 0xbfda6f34) = 0
19828 14:28:05.407303 write(3, "Wed May 24 14:28:05 2017 [pid 19828] [msfadmin] OK UPLOAD: Client \"127.0.0.1\", \"/home/msfadmin/myfile1\", 17 bytes, 27.17Kbyte/sec\n", 130) = 130
19828 14:28:05.407324 fcntl64(3, F_SETLK64, {type=F_UNLCK, whence=SEEK_SET, start=0, len=0}, 0xbfda6f3c) = 0
19828 14:28:05.407338 write(0, "226 Transfer complete.\r\n", 24) = 24
19828 14:28:05.407381 write(5, "\n", 1 <unfinished ...>
19826 14:28:05.407390 <... read resumed> "\n", 1) = 1
19828 14:28:05.407395 <... write resumed> ) = 1
19826 14:28:05.407401 close(5)          = 0
19826 14:28:05.407413 write(4, "\1", 1) = 1
19826 14:28:05.407423 read(4,  <unfinished ...>
19828 14:28:05.407430 read(5, "\1", 1)  = 1
19828 14:28:05.407441 close(4)          = 0
19828 14:28:05.407451 rt_sigaction(SIGALRM, {0x805cad0, ~[RTMIN RT_1], 0}, NULL, 8) = 0
19828 14:28:05.407464 alarm(300)        = 0
19828 14:28:05.407475 recv(0,  <unfinished ...>
19831 14:28:05.605218 <... recv resumed> "USER msfadmin\r\n", 4096, MSG_PEEK) = 15
19831 14:28:05.605258 read(0, "USER msfadmin\r\n", 15) = 15
19831 14:28:05.605283 write(0, "331 Any password will do.\r\n", 27) = 27
19831 14:28:05.605328 rt_sigaction(SIGALRM, {0x805cad0, ~[RTMIN RT_1], 0}, NULL, 8) = 0
19831 14:28:05.605345 alarm(300)        = 299
19831 14:28:05.605358 recv(0, "PASS msfadmin\r\n", 4096, MSG_PEEK) = 15
19831 14:28:05.605370 read(0, "PASS msfadmin\r\n", 15) = 15
19831 14:28:05.605385 write(0, "230 Already logged in.\r\n", 24) = 24
19831 14:28:05.605447 rt_sigaction(SIGALRM, {0x805cad0, ~[RTMIN RT_1], 0}, NULL, 8) = 0
19831 14:28:05.605463 alarm(300)        = 300
19831 14:28:05.605474 recv(0, "TYPE I\r\n", 4096, MSG_PEEK) = 8
19831 14:28:05.605485 read(0, "TYPE I\r\n", 8) = 8
19831 14:28:05.605499 write(0, "200 Switching to Binary mode.\r\n", 31) = 31
19831 14:28:05.605535 rt_sigaction(SIGALRM, {0x805cad0, ~[RTMIN RT_1], 0}, NULL, 8) = 0
19831 14:28:05.605549 alarm(300)        = 300
19831 14:28:05.605559 recv(0, "PASV\r\n", 4096, MSG_PEEK) = 6
19831 14:28:05.605570 read(0, "PASV\r\n", 6) = 6
19831 14:28:05.605582 write(5, "\n", 1) = 1
19831 14:28:05.605594 read(5,  <unfinished ...>
19829 14:28:05.605603 <... read resumed> "\n", 1) = 1
19829 14:28:05.605612 write(4, "\1", 1) = 1
19831 14:28:05.605622 <... read resumed> "\1", 1) = 1
19831 14:28:05.605630 write(5, "\f", 1) = 1
19831 14:28:05.605639 read(5,  <unfinished ...>
19829 14:28:05.605646 read(4, "\f", 1)  = 1
19829 14:28:05.605658 socket(PF_INET, SOCK_STREAM, IPPROTO_TCP) = 5
19829 14:28:05.605674 setsockopt(5, SOL_SOCKET, SO_REUSEADDR, [1], 4) = 0
19829 14:28:05.605688 bind(5, {sa_family=AF_INET, sin_port=htons(43824), sin_addr=inet_addr("127.0.0.1")}, 16) = 0
19829 14:28:05.605704 listen(5, 1)      = 0
19829 14:28:05.605718 write(4, "0\253\0\0", 4) = 4
19831 14:28:05.605729 <... read resumed> "0\253\0\0", 4) = 4
19831 14:28:05.605740 write(0, "227 Entering Passive Mode (127,0,0,1,171,48).\r\n", 47) = 47
19831 14:28:05.605853 rt_sigaction(SIGALRM, {0x805cad0, ~[RTMIN RT_1], 0}, NULL, 8) = 0
19831 14:28:05.605869 alarm(300)        = 300
19831 14:28:05.605881 recv(0, "RETR myfile28\r\n", 4096, MSG_PEEK) = 15
19831 14:28:05.605893 read(0, "RETR myfile28\r\n", 15) = 15
19831 14:28:05.606026 write(5, "\v", 1) = 1
19831 14:28:05.606039 read(5,  <unfinished ...>
19829 14:28:05.606046 read(4, "\v", 1)  = 1
19829 14:28:05.606057 write(4, "\1\0\0\0", 4) = 4
19831 14:28:05.606068 <... read resumed> "\1\0\0\0", 4) = 4
19831 14:28:05.606075 gettimeofday({1495650485, 606079}, NULL) = 0
19831 14:28:05.606086 getcwd("/home/msfadmin", 4096) = 15
19831 14:28:05.606099 open("myfile28", O_RDONLY|O_NONBLOCK|O_LARGEFILE) = 4
19831 14:28:05.606112 fcntl64(4, F_SETLKW64, {type=F_RDLCK, whence=SEEK_SET, start=0, len=0}, 0xbfc50e64) = 0
19831 14:28:05.606128 fstat64(4, {st_mode=S_IFREG|0644, st_size=17, ...}) = 0
19831 14:28:05.606145 fcntl64(4, F_GETFL) = 0x8800 (flags O_RDONLY|O_NONBLOCK|O_LARGEFILE)
19831 14:28:05.606163 fcntl64(4, F_SETFL, O_RDONLY|O_LARGEFILE) = 0
19831 14:28:05.606175 write(5, "\v", 1) = 1
19831 14:28:05.606185 read(5,  <unfinished ...>
19829 14:28:05.606192 read(4, "\v", 1)  = 1
19829 14:28:05.606203 write(4, "\1\0\0\0", 4) = 4
19831 14:28:05.606214 <... read resumed> "\1\0\0\0", 4) = 4
19831 14:28:05.606221 write(5, "\v", 1) = 1
19831 14:28:05.606231 read(5,  <unfinished ...>
19829 14:28:05.606237 read(4, "\v", 1)  = 1
19829 14:28:05.606248 write(4, "\1\0\0\0", 4) = 4
19831 14:28:05.606258 <... read resumed> "\1\0\0\0", 4) = 4
19831 14:28:05.606265 write(5, "\r", 1) = 1
19831 14:28:05.606275 read(5,  <unfinished ...>
19829 14:28:05.606281 read(4, "\r", 1)  = 1
19829 14:28:05.606293 select(6, [5], NULL, NULL, {60, 0}) = 1 (in [5], left {60, 0})
19829 14:28:05.606310 accept(5, {sa_family=AF_INET, sin_port=htons(45043), sin_addr=inet_addr("127.0.0.1")}, [16]) = 6
19829 14:28:05.606332 write(4, "\1", 1) = 1
19831 14:28:05.606343 <... read resumed> "\1", 1) = 1
19831 14:28:05.606351 recvmsg(5,  <unfinished ...>
19829 14:28:05.606359 sendmsg(4, {msg_name(0)=NULL, msg_iov(1)=[{"\0", 1}], msg_controllen=16, {cmsg_len=16, cmsg_level=SOL_SOCKET, cmsg_type=SCM_RIGHTS, {6}}, msg_flags=0}, 0) = 1
19831 14:28:05.606376 <... recvmsg resumed> {msg_name(0)=NULL, msg_iov(1)=[{"\0", 1}], msg_controllen=16, {cmsg_len=16, cmsg_level=SOL_SOCKET, cmsg_type=SCM_RIGHTS, {6}}, msg_flags=0}, 0) = 1
19831 14:28:05.606389 setsockopt(6, SOL_SOCKET, SO_KEEPALIVE, [1], 4) = 0
19831 14:28:05.606402 setsockopt(6, SOL_IP, IP_TOS, [8], 4) = 0
19831 14:28:05.606413 setsockopt(6, SOL_SOCKET, SO_LINGER, {onoff=1, linger=32767}, 8) = 0
19831 14:28:05.606425 rt_sigaction(SIGALRM, {0x805cad0, ~[RTMIN RT_1], 0}, NULL, 8) = 0
19831 14:28:05.606438 alarm(300)        = 300
19831 14:28:05.606451 write(0, "150 Opening BINARY mode data connection for myfile28 (17 bytes).\r\n", 66) = 66
19831 14:28:05.606493 _llseek(4, 0, [0], SEEK_CUR) = 0
19831 14:28:05.606505 fstat64(4, {st_mode=S_IFREG|0644, st_size=17, ...}) = 0
19831 14:28:05.606522 _llseek(4, 0, [0], SEEK_SET) = 0
19831 14:28:05.606532 sendfile(6, 4, NULL, 17) = 17
19831 14:28:05.606564 rt_sigaction(SIGALRM, {0x805cad0, ~[RTMIN RT_1], 0}, NULL, 8) = 0
19831 14:28:05.606578 alarm(300)        = 300
19831 14:28:05.606587 close(6)          = 0
19831 14:28:05.606597 alarm(0)          = 300
19831 14:28:05.606606 gettimeofday({1495650485, 606610}, NULL) = 0
19831 14:28:05.606621 gettimeofday({1495650485, 606625}, NULL) = 0
19831 14:28:05.606635 fcntl64(3, F_SETLKW64, {type=F_WRLCK, whence=SEEK_SET, start=0, len=0}, 0xbfc50e04) = 0
19831 14:28:05.606650 write(3, "Wed May 24 14:28:05 2017 [pid 19831] [msfadmin] OK DOWNLOAD: Client \"127.0.0.1\", \"/home/msfadmin/myfile28\", 17 bytes, 30.41Kbyte/sec\n", 133) = 133
19831 14:28:05.606671 fcntl64(3, F_SETLK64, {type=F_UNLCK, whence=SEEK_SET, start=0, len=0}, 0xbfc50e0c) = 0
19831 14:28:05.606685 write(0, "226 Transfer complete.\r\n", 24) = 24
19831 14:28:05.606700 write(5, "\n", 1) = 1
19831 14:28:05.606710 read(5,  <unfinished ...>
19829 14:28:05.606717 close(6)          = 0
19829 14:28:05.606799 read(4, "\n", 1)  = 1
19829 14:28:05.606812 close(5)          = 0
19829 14:28:05.606823 write(4, "\1", 1) = 1
19831 14:28:05.606834 <... read resumed> "\1", 1) = 1
19831 14:28:05.606841 close(4)          = 0
19831 14:28:05.606852 rt_sigaction(SIGALRM, {0x805cad0, ~[RTMIN RT_1], 0}, NULL, 8) = 0
19831 14:28:05.606865 alarm(300)        = 0
19831 14:28:05.606876 recv(0,  <unfinished ...>
19829 14:28:05.606883 read(4,  <unfinished ...>
19828 14:28:05.926139 <... recv resumed> "TYPE I\r\n", 4096, MSG_PEEK) = 8
19828 14:28:05.926175 read(0, "TYPE I\r\n", 8) = 8
19828 14:28:05.926197 write(0, "200 Switching to Binary mode.\r\n", 31) = 31
19828 14:28:05.926245 rt_sigaction(SIGALRM, {0x805cad0, ~[RTMIN RT_1], 0}, NULL, 8) = 0
19828 14:28:05.926263 alarm(300)        = 299
19828 14:28:05.926275 recv(0, "PASV\r\n", 4096, MSG_PEEK) = 6
19828 14:28:05.926286 read(0, "PASV\r\n", 6) = 6
19828 14:28:05.926298 write(5, "\n", 1 <unfinished ...>
19826 14:28:05.926310 <... read resumed> "\n", 1) = 1
19828 14:28:05.926322 <... write resumed> ) = 1
19826 14:28:05.926330 write(4, "\1", 1) = 1
19826 14:28:05.926341 read(4,  <unfinished ...>
19828 14:28:05.926348 read(5, "\1", 1)  = 1
19828 14:28:05.926401 write(5, "\f", 1 <unfinished ...>
19826 14:28:05.926423 <... read resumed> "\f", 1) = 1
19828 14:28:05.926428 <... write resumed> ) = 1
19826 14:28:05.926435 socket(PF_INET, SOCK_STREAM, IPPROTO_TCP) = 5
19826 14:28:05.926451 setsockopt(5, SOL_SOCKET, SO_REUSEADDR, [1], 4) = 0
19826 14:28:05.926466 bind(5, {sa_family=AF_INET, sin_port=htons(19307), sin_addr=inet_addr("127.0.0.1")}, 16 <unfinished ...>
19828 14:28:05.926480 read(5,  <unfinished ...>
19826 14:28:05.926484 <... bind resumed> ) = 0
19826 14:28:05.926490 listen(5, 1)      = 0
19826 14:28:05.926505 write(4, "kK\0\0", 4 <unfinished ...>
19828 14:28:05.926513 <... read resumed> "kK\0\0", 4) = 4
19826 14:28:05.926517 <... write resumed> ) = 4
19828 14:28:05.926529 write(0, "227 Entering Passive Mode (127,0,0,1,75,107).\r\n", 47 <unfinished ...>
19826 14:28:05.926538 read(4,  <unfinished ...>
19828 14:28:05.926642 <... write resumed> ) = 47
19828 14:28:05.926654 rt_sigaction(SIGALRM, {0x805cad0, ~[RTMIN RT_1], 0}, NULL, 8) = 0
19828 14:28:05.926669 alarm(300)        = 300
19828 14:28:05.926680 recv(0, "STOR myfile2\r\n", 4096, MSG_PEEK) = 14
19828 14:28:05.926692 read(0, "STOR myfile2\r\n", 14) = 14
19828 14:28:05.926706 write(5, "\v", 1 <unfinished ...>
19826 14:28:05.926714 <... read resumed> "\v", 1) = 1
19828 14:28:05.926718 <... write resumed> ) = 1
19826 14:28:05.926725 write(4, "\1\0\0\0", 4) = 4
19826 14:28:05.926735 read(4,  <unfinished ...>
19828 14:28:05.926742 read(5, "\1\0\0\0", 4) = 4
19828 14:28:05.926753 gettimeofday({1495650485, 926757}, NULL) = 0
19828 14:28:05.926764 getcwd("/home/msfadmin", 4096) = 15
19828 14:28:05.926777 open("myfile2", O_WRONLY|O_CREAT|O_NONBLOCK|O_LARGEFILE, 0666) = 4
19828 14:28:05.926791 fstat64(4, {st_mode=S_IFREG|0644, st_size=17, ...}) = 0
19828 14:28:05.926809 fcntl64(4, F_GETFL) = 0x8801 (flags O_WRONLY|O_NONBLOCK|O_LARGEFILE)
19828 14:28:05.926820 fcntl64(4, F_SETFL, O_WRONLY|O_LARGEFILE) = 0
19828 14:28:05.926830 fcntl64(4, F_SETLKW64, {type=F_WRLCK, whence=SEEK_SET, start=0, len=0}, 0xbfda6f94) = 0
19828 14:28:05.926844 ftruncate64(4, 0) = 0
19828 14:28:05.926886 _llseek(4, 0, [0], SEEK_SET) = 0
19828 14:28:05.926899 write(5, "\v", 1 <unfinished ...>
19826 14:28:05.926908 <... read resumed> "\v", 1) = 1
19828 14:28:05.926922 <... write resumed> ) = 1
19826 14:28:05.926928 write(4, "\1\0\0\0", 4) = 4
19826 14:28:05.926939 read(4,  <unfinished ...>
19828 14:28:05.926946 read(5, "\1\0\0\0", 4) = 4
19828 14:28:05.926957 write(5, "\v", 1 <unfinished ...>
19826 14:28:05.926964 <... read resumed> "\v", 1) = 1
19828 14:28:05.926968 <... write resumed> ) = 1
19826 14:28:05.926974 write(4, "\1\0\0\0", 4) = 4
19826 14:28:05.926984 read(4,  <unfinished ...>
19828 14:28:05.926991 read(5, "\1\0\0\0", 4) = 4
19828 14:28:05.927002 write(5, "\r", 1 <unfinished ...>
