20943 14:39:45.812652 mmap2(NULL, 1624, PROT_READ, MAP_SHARED, 5, 0) = 0xb7ef7000
20943 14:39:45.812663 _llseek(5, 1624, [1624], SEEK_SET) = 0
20943 14:39:45.812679 munmap(0xb7ef7000, 1624) = 0
20943 14:39:45.812688 close(5)          = 0
20943 14:39:45.812701 open("/etc/shadow", O_RDONLY|0x80000 /* O_??? */) = 5
20943 14:39:45.812713 _llseek(5, 0, [0], SEEK_CUR) = 0
20943 14:39:45.812723 fstat64(5, {st_mode=S_IFREG|0640, st_size=1233, ...}) = 0
20943 14:39:45.812738 mmap2(NULL, 1233, PROT_READ, MAP_SHARED, 5, 0) = 0xb7ef7000
20943 14:39:45.812748 _llseek(5, 1233, [1233], SEEK_SET) = 0
20943 14:39:45.812764 munmap(0xb7ef7000, 1233) = 0
20943 14:39:45.812774 close(5)          = 0
20943 14:39:45.813005 getuid32()        = 0
20943 14:39:45.813015 open("/etc/passwd", O_RDONLY|0x80000 /* O_??? */) = 5
20943 14:39:45.813027 _llseek(5, 0, [0], SEEK_CUR) = 0
20943 14:39:45.813037 fstat64(5, {st_mode=S_IFREG|0644, st_size=1624, ...}) = 0
20943 14:39:45.813085 mmap2(NULL, 1624, PROT_READ, MAP_SHARED, 5, 0) = 0xb7ef7000
20943 14:39:45.813109 _llseek(5, 1624, [1624], SEEK_SET) = 0
20943 14:39:45.813125 munmap(0xb7ef7000, 1624) = 0
20943 14:39:45.813135 close(5)          = 0
20943 14:39:45.813149 open("/etc/shadow", O_RDONLY|0x80000 /* O_??? */) = 5
20943 14:39:45.813162 _llseek(5, 0, [0], SEEK_CUR) = 0
20943 14:39:45.813172 fstat64(5, {st_mode=S_IFREG|0640, st_size=1233, ...}) = 0
20943 14:39:45.813188 mmap2(NULL, 1233, PROT_READ, MAP_SHARED, 5, 0) = 0xb7ef7000
20943 14:39:45.813198 _llseek(5, 1233, [1233], SEEK_SET) = 0
20943 14:39:45.813214 munmap(0xb7ef7000, 1233) = 0
20943 14:39:45.813224 close(5)          = 0
20943 14:39:45.813235 time(NULL)        = 1495651185
20943 14:39:45.813250 munmap(0xb7ef4000, 12164) = 0
20943 14:39:45.813263 munmap(0xb7ef2000, 7136) = 0
20943 14:39:45.813277 munmap(0xb7d27000, 95428) = 0
20943 14:39:45.813288 munmap(0xb7ced000, 201052) = 0
20943 14:39:45.813299 munmap(0xb7cd4000, 101180) = 0
20943 14:39:45.813315 gettimeofday({1495651185, 813319}, NULL) = 0
20943 14:39:45.813326 stat64("/usr/share/zoneinfo/UTC+04:00", 0xbfc8d5f4) = -1 ENOENT (No such file or directory)
20943 14:39:45.813341 open("/usr/share/zoneinfo/UTC+04:00", O_RDONLY) = -1 ENOENT (No such file or directory)
20943 14:39:45.813366 fcntl64(3, F_SETLKW64, {type=F_WRLCK, whence=SEEK_SET, start=0, len=0}, 0xbfc8d744) = 0
20943 14:39:45.813382 write(3, "Wed May 24 14:39:45 2017 [pid 20943] [msfadmin] OK LOGIN: Client \"127.0.0.1\"\n", 77) = 77
20943 14:39:45.813398 fcntl64(3, F_SETLK64, {type=F_UNLCK, whence=SEEK_SET, start=0, len=0}, 0xbfc8d74c) = 0
20943 14:39:45.813412 rt_sigaction(SIGCHLD, {0x805cad0, ~[RTMIN RT_1], 0}, NULL, 8) = 0
20943 14:39:45.813426 write(4, "\1", 1 <unfinished ...>
20944 14:39:45.813436 <... read resumed> "\1", 1) = 1
20943 14:39:45.813441 <... write resumed> ) = 1
20944 14:39:45.813448 exit_group(0)     = ?
20943 14:39:45.813475 --- SIGCHLD (Child exited) @ 0 (0) ---
20943 14:39:45.813483 sigreturn()       = ? (mask now [])
20943 14:39:45.813501 wait4(-1, [{WIFEXITED(s) && WEXITSTATUS(s) == 0}], 0, NULL) = 20944
20943 14:39:45.813514 close(4)          = 0
20943 14:39:45.813526 socketpair(PF_FILE, SOCK_STREAM, 0, [4, 5]) = 0
20943 14:39:45.813539 rt_sigaction(SIGCHLD, {0x805cad0, ~[RTMIN RT_1], 0}, NULL, 8) = 0
20943 14:39:45.813553 rt_sigaction(SIGALRM, {0x805cb10, ~[RTMIN RT_1], 0}, NULL, 8) = 0
20943 14:39:45.813566 clone(child_stack=0, flags=CLONE_CHILD_CLEARTID|CLONE_CHILD_SETTID|SIGCHLD, child_tidptr=0xb7d5d6f8) = 20945
20945 14:39:45.813579 prctl(0x1, 0x9, 0, 0, 0) = 0
20945 14:39:45.813579 close(4)          = 0
20945 14:39:45.813580 open("/etc/passwd", O_RDONLY|0x80000 /* O_??? */) = 4
20945 14:39:45.813580 _llseek(4, 0, [0], SEEK_CUR) = 0
20945 14:39:45.813580 fstat64(4, {st_mode=S_IFREG|0644, st_size=1624, ...}) = 0
20945 14:39:45.813580 mmap2(NULL, 1624, PROT_READ, MAP_SHARED, 4, 0) = 0xb7ef7000
20945 14:39:45.813581 _llseek(4, 1624, [1624], SEEK_SET) = 0
20945 14:39:45.813581 munmap(0xb7ef7000, 1624) = 0
20945 14:39:45.813581 close(4)          = 0
20945 14:39:45.813581 getuid32()        = 0
20945 14:39:45.813582 open("/etc/passwd", O_RDONLY|0x80000 /* O_??? */) = 4
20945 14:39:45.813582 _llseek(4, 0, [0], SEEK_CUR) = 0
20945 14:39:45.813582 fstat64(4, {st_mode=S_IFREG|0644, st_size=1624, ...}) = 0
20945 14:39:45.813588 mmap2(NULL, 1624, PROT_READ, MAP_SHARED, 4, 0) = 0xb7ef7000
20945 14:39:45.813599 _llseek(4, 1624, [1624], SEEK_SET) = 0
20945 14:39:45.813636 munmap(0xb7ef7000, 1624) = 0
20945 14:39:45.813649 close(4)          = 0
20945 14:39:45.813685 open("/proc/sys/kernel/ngroups_max", O_RDONLY) = 4
20945 14:39:45.813705 read(4, "65536\n", 31) = 6
20945 14:39:45.813718 close(4)          = 0
20945 14:39:45.813731 socket(PF_FILE, SOCK_STREAM, 0) = 4
20945 14:39:45.813743 fcntl64(4, F_SETFL, O_RDWR|O_NONBLOCK) = 0
20945 14:39:45.813753 connect(4, {sa_family=AF_FILE, path="/var/run/nscd/socket"}, 110) = -1 ENOENT (No such file or directory)
20945 14:39:45.813774 close(4)          = 0
20945 14:39:45.813785 socket(PF_FILE, SOCK_STREAM, 0) = 4
20945 14:39:45.813795 fcntl64(4, F_SETFL, O_RDWR|O_NONBLOCK) = 0
20945 14:39:45.813805 connect(4, {sa_family=AF_FILE, path="/var/run/nscd/socket"}, 110) = -1 ENOENT (No such file or directory)
20945 14:39:45.813823 close(4)          = 0
20945 14:39:45.813846 open("/etc/group", O_RDONLY|0x80000 /* O_??? */) = 4
20945 14:39:45.813861 _llseek(4, 0, [0], SEEK_CUR) = 0
20945 14:39:45.813871 fstat64(4, {st_mode=S_IFREG|0644, st_size=886, ...}) = 0
20945 14:39:45.813887 mmap2(NULL, 886, PROT_READ, MAP_SHARED, 4, 0) = 0xb7ef7000
20945 14:39:45.813898 _llseek(4, 886, [886], SEEK_SET) = 0
20945 14:39:45.813922 fstat64(4, {st_mode=S_IFREG|0644, st_size=886, ...}) = 0
20945 14:39:45.813939 munmap(0xb7ef7000, 886) = 0
20945 14:39:45.813949 close(4)          = 0
20945 14:39:45.813959 setgroups32(13, [1000, 4, 20, 24, 25, 29, 30, 44, 46, 107, 111, 112, 119]) = 0
20945 14:39:45.813975 geteuid32()       = 0
20945 14:39:45.813986 getegid32()       = 0
20945 14:39:45.813996 setregid32(-1, 1000) = 0
20945 14:39:45.814007 setreuid32(-1, 1000) = 0
20945 14:39:45.814017 chdir("/home/msfadmin") = 0
20945 14:39:45.814029 setreuid32(-1, 0) = 0
20945 14:39:45.814038 setregid32(-1, 0) = 0
20945 14:39:45.814048 setgid32(1000)    = 0
20945 14:39:45.814058 setuid32(1000)    = 0
20945 14:39:45.814068 setrlimit(RLIMIT_NPROC, {rlim_cur=0, rlim_max=0}) = 0
20945 14:39:45.814081 mmap2(NULL, 12288, PROT_READ|PROT_WRITE, MAP_PRIVATE|MAP_ANONYMOUS, -1, 0) = 0xb7ef5000
20945 14:39:45.814093 mprotect(0xb7ef7000, 4096, PROT_NONE) = 0
20945 14:39:45.814104 mprotect(0xb7ef5000, 4096, PROT_NONE) = 0
20945 14:39:45.814115 getcwd("/home/msfadmin", 4096) = 15
20945 14:39:45.814128 umask(022)        = 077
20945 14:39:45.814137 getcwd("/home/msfadmin", 4096) = 15
20945 14:39:45.814151 open(".message", O_RDONLY|O_NONBLOCK|O_LARGEFILE) = -1 ENOENT (No such file or directory)
20945 14:39:45.814175 write(0, "230 Login successful.\r\n", 23) = 23
20945 14:39:45.814255 rt_sigaction(SIGALRM, {0x805cad0, ~[RTMIN RT_1], 0}, NULL, 8) = 0
20945 14:39:45.814272 alarm(300)        = 0
20945 14:39:45.814283 mmap2(NULL, 12288, PROT_READ|PROT_WRITE, MAP_PRIVATE|MAP_ANONYMOUS, -1, 0) = 0xb7ef2000
20945 14:39:45.814294 mprotect(0xb7ef4000, 4096, PROT_NONE) = 0
20945 14:39:45.814305 mprotect(0xb7ef2000, 4096, PROT_NONE) = 0
20945 14:39:45.814318 recv(0, "TYPE I\r\n", 4096, MSG_PEEK) = 8
20945 14:39:45.814330 read(0, "TYPE I\r\n", 8) = 8
20945 14:39:45.814347 write(0, "200 Switching to Binary mode.\r\n", 31) = 31
20945 14:39:45.814387 rt_sigaction(SIGALRM, {0x805cad0, ~[RTMIN RT_1], 0}, NULL, 8) = 0
20945 14:39:45.814402 alarm(300)        = 300
20945 14:39:45.814413 recv(0, "PASV\r\n", 4096, MSG_PEEK) = 6
20945 14:39:45.814424 read(0, "PASV\r\n", 6) = 6
20945 14:39:45.814436 write(5, "\n", 1) = 1
20945 14:39:45.814446 read(5,  <unfinished ...>
20943 14:39:45.814458 close(5)          = 0
20943 14:39:45.814471 getuid32()        = 0
20943 14:39:45.814486 open("/etc/passwd", O_RDONLY|0x80000 /* O_??? */) = 5
20943 14:39:45.814500 _llseek(5, 0, [0], SEEK_CUR) = 0
20943 14:39:45.814512 fstat64(5, {st_mode=S_IFREG|0644, st_size=1624, ...}) = 0
20943 14:39:45.814533 mmap2(NULL, 1624, PROT_READ, MAP_SHARED, 5, 0) = 0xb7ef7000
20943 14:39:45.814544 _llseek(5, 1624, [1624], SEEK_SET) = 0
20943 14:39:45.814561 munmap(0xb7ef7000, 1624) = 0
20943 14:39:45.814573 close(5)          = 0
20943 14:39:45.814600 setgroups32(0, []) = 0
20943 14:39:45.814614 chdir("/usr/share/empty") = 0
20943 14:39:45.814637 chroot(".")       = 0
20943 14:39:45.814648 capset(NULL, NULL) = -1 EFAULT (Bad address)
20943 14:39:45.814661 prctl(0x8, 0, 0xbfc8d728, 0x80549a6, 0xbfc8d710) = 0
20943 14:39:45.814673 prctl(0x8, 0x1, 0xbfc8d728, 0x8054a49, 0xbfc8d710) = 0
20943 14:39:45.814683 setgid32(65534)   = 0
20943 14:39:45.814692 setuid32(65534)   = 0
20943 14:39:45.814702 capset(0x19980330, 0, {CAP_NET_BIND_SERVICE, CAP_NET_BIND_SERVICE, 0}) = 0
20943 14:39:45.814714 read(4, "\n", 1)  = 1
20943 14:39:45.814727 write(4, "\1", 1) = 1
20945 14:39:45.814739 <... read resumed> "\1", 1) = 1
20945 14:39:45.814746 write(5, "\f", 1) = 1
20945 14:39:45.814756 read(5,  <unfinished ...>
20943 14:39:45.814763 read(4, "\f", 1)  = 1
20943 14:39:45.814775 socket(PF_INET, SOCK_STREAM, IPPROTO_TCP) = 5
20943 14:39:45.814788 setsockopt(5, SOL_SOCKET, SO_REUSEADDR, [1], 4) = 0
20943 14:39:45.814799 gettimeofday({1495651185, 814803}, NULL) = 0
20943 14:39:45.814815 bind(5, {sa_family=AF_INET, sin_port=htons(39486), sin_addr=inet_addr("127.0.0.1")}, 16) = 0
20943 14:39:45.814831 listen(5, 1)      = 0
20943 14:39:45.814844 write(4, ">\232\0\0", 4) = 4
20945 14:39:45.814854 <... read resumed> ">\232\0\0", 4) = 4
20945 14:39:45.814868 write(0, "227 Entering Passive Mode (127,0,0,1,154,62).\r\n", 47) = 47
20945 14:39:45.814966 rt_sigaction(SIGALRM, {0x805cad0, ~[RTMIN RT_1], 0}, NULL, 8) = 0
20945 14:39:45.814984 alarm(300)        = 300
20945 14:39:45.814995 recv(0, "STOR myfile18\r\n", 4096, MSG_PEEK) = 15
20945 14:39:45.815007 read(0, "STOR myfile18\r\n", 15) = 15
20945 14:39:45.815022 write(5, "\v", 1) = 1
20945 14:39:45.815032 read(5,  <unfinished ...>
20943 14:39:45.815039 read(4, "\v", 1)  = 1
20943 14:39:45.815050 write(4, "\1\0\0\0", 4) = 4
20945 14:39:45.815061 <... read resumed> "\1\0\0\0", 4) = 4
20945 14:39:45.815069 gettimeofday({1495651185, 815073}, NULL) = 0
20945 14:39:45.815080 getcwd("/home/msfadmin", 4096) = 15
20945 14:39:45.815092 open("myfile18", O_WRONLY|O_CREAT|O_NONBLOCK|O_LARGEFILE, 0666) = 4
20945 14:39:45.815105 fstat64(4, {st_mode=S_IFREG|0644, st_size=17, ...}) = 0
20945 14:39:45.815122 fcntl64(4, F_GETFL) = 0x8801 (flags O_WRONLY|O_NONBLOCK|O_LARGEFILE)
20945 14:39:45.815133 fcntl64(4, F_SETFL, O_WRONLY|O_LARGEFILE) = 0
20945 14:39:45.815143 fcntl64(4, F_SETLKW64, {type=F_WRLCK, whence=SEEK_SET, start=0, len=0}, 0xbfc8d674) = 0
20945 14:39:45.815158 ftruncate64(4, 0) = 0
20945 14:39:45.815177 _llseek(4, 0, [0], SEEK_SET) = 0
20945 14:39:45.815188 write(5, "\v", 1) = 1
20945 14:39:45.815198 read(5,  <unfinished ...>
20943 14:39:45.815205 read(4, "\v", 1)  = 1
20943 14:39:45.815216 write(4, "\1\0\0\0", 4) = 4
20945 14:39:45.815226 <... read resumed> "\1\0\0\0", 4) = 4
20945 14:39:45.815234 write(5, "\v", 1) = 1
20945 14:39:45.815243 read(5,  <unfinished ...>
20943 14:39:45.815250 read(4, "\v", 1)  = 1
20943 14:39:45.815260 write(4, "\1\0\0\0", 4) = 4
20945 14:39:45.815270 <... read resumed> "\1\0\0\0", 4) = 4
20945 14:39:45.815277 write(5, "\r", 1) = 1
20945 14:39:45.815287 read(5,  <unfinished ...>
20943 14:39:45.815293 read(4, "\r", 1)  = 1
20943 14:39:45.815305 select(6, [5], NULL, NULL, {60, 0}) = 1 (in [5], left {60, 0})
20943 14:39:45.815322 accept(5, {sa_family=AF_INET, sin_port=htons(36161), sin_addr=inet_addr("127.0.0.1")}, [16]) = 6
20943 14:39:45.815344 write(4, "\1", 1) = 1
20945 14:39:45.815354 <... read resumed> "\1", 1) = 1
20945 14:39:45.815363 recvmsg(5,  <unfinished ...>
20943 14:39:45.815373 sendmsg(4, {msg_name(0)=NULL, msg_iov(1)=[{"\0", 1}], msg_controllen=16, {cmsg_len=16, cmsg_level=SOL_SOCKET, cmsg_type=SCM_RIGHTS, {6}}, msg_flags=0}, 0) = 1
20945 14:39:45.815390 <... recvmsg resumed> {msg_name(0)=NULL, msg_iov(1)=[{"\0", 1}], msg_controllen=16, {cmsg_len=16, cmsg_level=SOL_SOCKET, cmsg_type=SCM_RIGHTS, {6}}, msg_flags=0}, 0) = 1
20945 14:39:45.815407 setsockopt(6, SOL_SOCKET, SO_KEEPALIVE, [1], 4) = 0
20945 14:39:45.815419 setsockopt(6, SOL_IP, IP_TOS, [8], 4) = 0
20945 14:39:45.815430 setsockopt(6, SOL_SOCKET, SO_LINGER, {onoff=1, linger=32767}, 8) = 0
20945 14:39:45.815441 rt_sigaction(SIGALRM, {0x805cad0, ~[RTMIN RT_1], 0}, NULL, 8) = 0
20945 14:39:45.815454 alarm(300)        = 300
20945 14:39:45.815467 write(0, "150 Ok to send data.\r\n", 22) = 22
20945 14:39:45.815529 mmap2(NULL, 77824, PROT_READ|PROT_WRITE, MAP_PRIVATE|MAP_ANONYMOUS, -1, 0) = 0xb7d2c000
20945 14:39:45.815542 mprotect(0xb7d3e000, 4096, PROT_NONE) = 0
20945 14:39:45.815569 mprotect(0xb7d2c000, 4096, PROT_NONE) = 0
20945 14:39:45.815582 read(6, "assasaaa\na\na\na\na\n", 65536) = 17
20945 14:39:45.815606 write(4, "assasaaa\na\na\na\na\n", 17) = 17
20945 14:39:45.815622 read(6, "", 65536) = 0
20945 14:39:45.815632 rt_sigaction(SIGALRM, {0x805cad0, ~[RTMIN RT_1], 0}, NULL, 8) = 0
20945 14:39:45.815646 alarm(300)        = 300
20945 14:39:45.815656 close(6)          = 0
20945 14:39:45.815665 alarm(0)          = 300
20945 14:39:45.815674 gettimeofday({1495651185, 815677}, NULL) = 0
20945 14:39:45.815691 getpid()          = 20945
20945 14:39:45.815703 gettimeofday({1495651185, 815706}, NULL) = 0
20945 14:39:45.815720 fcntl64(3, F_SETLKW64, {type=F_WRLCK, whence=SEEK_SET, start=0, len=0}, 0xbfc8d614) = 0
20945 14:39:45.815735 write(3, "Wed May 24 14:39:45 2017 [pid 20945] [msfadmin] OK UPLOAD: Client \"127.0.0.1\", \"/home/msfadmin/myfile18\", 17 bytes, 26.23Kbyte/sec\n", 131) = 131
20945 14:39:45.815755 fcntl64(3, F_SETLK64, {type=F_UNLCK, whence=SEEK_SET, start=0, len=0}, 0xbfc8d61c) = 0
20945 14:39:45.815770 write(0, "226 Transfer complete.\r\n", 24) = 24
20945 14:39:45.815811 write(5, "\n", 1) = 1
20945 14:39:45.815823 read(5,  <unfinished ...>
20943 14:39:45.815830 close(6)          = 0
20943 14:39:45.815848 read(4, "\n", 1)  = 1
20943 14:39:45.815860 close(5)          = 0
20943 14:39:45.815870 write(4, "\1", 1) = 1
20945 14:39:45.815881 <... read resumed> "\1", 1) = 1
20945 14:39:45.815888 close(4)          = 0
20945 14:39:45.815898 rt_sigaction(SIGALRM, {0x805cad0, ~[RTMIN RT_1], 0}, NULL, 8) = 0
20945 14:39:45.815911 alarm(300)        = 0
20945 14:39:45.815922 recv(0,  <unfinished ...>
20943 14:39:45.815930 read(4,  <unfinished ...>
20942 14:39:45.973475 <... recv resumed> "USER msfadmin\r\n", 4096, MSG_PEEK) = 15
20942 14:39:45.973516 read(0, "USER msfadmin\r\n", 15) = 15
20942 14:39:45.973541 write(0, "331 Any password will do.\r\n", 27) = 27
20942 14:39:45.973586 rt_sigaction(SIGALRM, {0x805cad0, ~[RTMIN RT_1], 0}, NULL, 8) = 0
20942 14:39:45.973604 alarm(300)        = 299
20942 14:39:45.973616 recv(0, "PASS msfadmin\r\n", 4096, MSG_PEEK) = 15
20942 14:39:45.973628 read(0, "PASS msfadmin\r\n", 15) = 15
20942 14:39:45.973644 write(0, "230 Already logged in.\r\n", 24) = 24
20942 14:39:45.973705 rt_sigaction(SIGALRM, {0x805cad0, ~[RTMIN RT_1], 0}, NULL, 8) = 0
20942 14:39:45.973720 alarm(300)        = 300
20942 14:39:45.973731 recv(0, "TYPE I\r\n", 4096, MSG_PEEK) = 8
20942 14:39:45.973743 read(0, "TYPE I\r\n", 8) = 8
20942 14:39:45.973791 write(0, "200 Switching to Binary mode.\r\n", 31) = 31
20942 14:39:45.973839 rt_sigaction(SIGALRM, {0x805cad0, ~[RTMIN RT_1], 0}, NULL, 8) = 0
20942 14:39:45.973854 alarm(300)        = 300
20942 14:39:45.973865 recv(0, "PASV\r\n", 4096, MSG_PEEK) = 6
20942 14:39:45.973875 read(0, "PASV\r\n", 6) = 6
20942 14:39:45.973887 write(5, "\n", 1 <unfinished ...>
20940 14:39:45.973898 <... read resumed> "\n", 1) = 1
20942 14:39:45.973903 <... write resumed> ) = 1
20940 14:39:45.973911 write(4, "\1", 1) = 1
20940 14:39:45.973922 read(4,  <unfinished ...>
20942 14:39:45.973929 read(5, "\1", 1)  = 1
20942 14:39:45.973940 write(5, "\f", 1 <unfinished ...>
20940 14:39:45.973947 <... read resumed> "\f", 1) = 1
20942 14:39:45.973951 <... write resumed> ) = 1
20940 14:39:45.973958 socket(PF_INET, SOCK_STREAM, IPPROTO_TCP) = 5
20940 14:39:45.973982 setsockopt(5, SOL_SOCKET, SO_REUSEADDR, [1], 4) = 0
20940 14:39:45.973996 bind(5, {sa_family=AF_INET, sin_port=htons(22814), sin_addr=inet_addr("127.0.0.1")}, 16) = 0
20940 14:39:45.974013 listen(5, 1)      = 0
20940 14:39:45.974026 write(4, "\36Y\0\0", 4) = 4
20940 14:39:45.974038 read(4,  <unfinished ...>
20942 14:39:45.974045 read(5, "\36Y\0\0", 4) = 4
20942 14:39:45.974060 write(0, "227 Entering Passive Mode (127,0,0,1,89,30).\r\n", 46) = 46
20942 14:39:45.974172 rt_sigaction(SIGALRM, {0x805cad0, ~[RTMIN RT_1], 0}, NULL, 8) = 0
20942 14:39:45.974188 alarm(300)        = 300
20942 14:39:45.974199 recv(0, "RETR myfile36\r\n", 4096, MSG_PEEK) = 15
20942 14:39:45.974211 read(0, "RETR myfile36\r\n", 15) = 15
20942 14:39:45.974224 write(5, "\v", 1 <unfinished ...>
20940 14:39:45.974231 <... read resumed> "\v", 1) = 1
20942 14:39:45.974236 <... write resumed> ) = 1
20940 14:39:45.974272 write(4, "\1\0\0\0", 4) = 4
20940 14:39:45.974286 read(4,  <unfinished ...>
20942 14:39:45.974293 read(5, "\1\0\0\0", 4) = 4
20942 14:39:45.974314 gettimeofday({1495651185, 974318}, NULL) = 0
20942 14:39:45.974325 getcwd("/home/msfadmin", 4096) = 15
20942 14:39:45.974338 open("myfile36", O_RDONLY|O_NONBLOCK|O_LARGEFILE) = 4
20942 14:39:45.974352 fcntl64(4, F_SETLKW64, {type=F_RDLCK, whence=SEEK_SET, start=0, len=0}, 0xbffa29b4) = 0
20942 14:39:45.974367 fstat64(4, {st_mode=S_IFREG|0644, st_size=17, ...}) = 0
20942 14:39:45.974384 fcntl64(4, F_GETFL) = 0x8800 (flags O_RDONLY|O_NONBLOCK|O_LARGEFILE)
20942 14:39:45.974395 fcntl64(4, F_SETFL, O_RDONLY|O_LARGEFILE) = 0
20942 14:39:45.974406 write(5, "\v", 1 <unfinished ...>
20940 14:39:45.974414 <... read resumed> "\v", 1) = 1
20942 14:39:45.974419 <... write resumed> ) = 1
20940 14:39:45.974425 write(4, "\1\0\0\0", 4) = 4
20940 14:39:45.974435 read(4,  <unfinished ...>
20942 14:39:45.974442 read(5, "\1\0\0\0", 4) = 4
20942 14:39:45.974453 write(5, "\v", 1 <unfinished ...>
20940 14:39:45.974460 <... read resumed> "\v", 1) = 1
20942 14:39:45.974464 <... write resumed> ) = 1
20940 14:39:45.974470 write(4, "\1\0\0\0", 4) = 4
20940 14:39:45.974480 read(4,  <unfinished ...>
20942 14:39:45.974486 read(5, "\1\0\0\0", 4) = 4
20942 14:39:45.974497 write(5, "\r", 1 <unfinished ...>
20940 14:39:45.974504 <... read resumed> "\r", 1) = 1
20942 14:39:45.974509 <... write resumed> ) = 1
20940 14:39:45.974515 select(6, [5], NULL, NULL, {60, 0}) = 1 (in [5], left {60, 0})
20940 14:39:45.974532 accept(5, {sa_family=AF_INET, sin_port=htons(58154), sin_addr=inet_addr("127.0.0.1")}, [16]) = 6
20940 14:39:45.974554 write(4, "\1", 1) = 1
20940 14:39:45.974566 sendmsg(4, {msg_name(0)=NULL, msg_iov(1)=[{"\0", 1}], msg_controllen=16, {cmsg_len=16, cmsg_level=SOL_SOCKET, cmsg_type=SCM_RIGHTS, {6}}, msg_flags=0}, 0) = 1
20940 14:39:45.974583 close(6)          = 0
20940 14:39:45.974592 read(4,  <unfinished ...>
20942 14:39:45.974599 read(5, "\1", 1)  = 1
20942 14:39:45.974611 recvmsg(5, {msg_name(0)=NULL, msg_iov(1)=[{"\0", 1}], msg_controllen=16, {cmsg_len=16, cmsg_level=SOL_SOCKET, cmsg_type=SCM_RIGHTS, {6}}, msg_flags=0}, 0) = 1
20942 14:39:45.974629 setsockopt(6, SOL_SOCKET, SO_KEEPALIVE, [1], 4) = 0
20942 14:39:45.974641 setsockopt(6, SOL_IP, IP_TOS, [8], 4) = 0
20942 14:39:45.974653 setsockopt(6, SOL_SOCKET, SO_LINGER, {onoff=1, linger=32767}, 8) = 0
20942 14:39:45.974664 rt_sigaction(SIGALRM, {0x805cad0, ~[RTMIN RT_1], 0}, NULL, 8) = 0
20942 14:39:45.974677 alarm(300)        = 300
20942 14:39:45.974690 write(0, "150 Opening BINARY mode data connection for myfile36 (17 bytes).\r\n", 66) = 66
20942 14:39:45.974731 _llseek(4, 0, [0], SEEK_CUR) = 0
20942 14:39:45.974774 fstat64(4, {st_mode=S_IFREG|0644, st_size=17, ...}) = 0
20942 14:39:45.974792 _llseek(4, 0, [0], SEEK_SET) = 0
20942 14:39:45.974816 sendfile(6, 4, NULL, 17) = 17
20942 14:39:45.974848 rt_sigaction(SIGALRM, {0x805cad0, ~[RTMIN RT_1], 0}, NULL, 8) = 0
20942 14:39:45.974862 alarm(300)        = 300
20942 14:39:45.974871 close(6)          = 0
20942 14:39:45.974908 alarm(0)          = 300
20942 14:39:45.974918 gettimeofday({1495651185, 974922}, NULL) = 0
20942 14:39:45.974938 gettimeofday({1495651185, 974942}, NULL) = 0
20942 14:39:45.974952 fcntl64(3, F_SETLKW64, {type=F_WRLCK, whence=SEEK_SET, start=0, len=0}, 0xbffa2954) = 0
20942 14:39:45.974966 write(3, "Wed May 24 14:39:45 2017 [pid 20942] [msfadmin] OK DOWNLOAD: Client \"127.0.0.1\", \"/home/msfadmin/myfile36\", 17 bytes, 26.61Kbyte/sec\n", 133) = 133
20942 14:39:45.974987 fcntl64(3, F_SETLK64, {type=F_UNLCK, whence=SEEK_SET, start=0, len=0}, 0xbffa295c) = 0
20942 14:39:45.975002 write(0, "226 Transfer complete.\r\n", 24) = 24
20942 14:39:45.975066 write(5, "\n", 1 <unfinished ...>
20940 14:39:45.975076 <... read resumed> "\n", 1) = 1
20942 14:39:45.975081 <... write resumed> ) = 1
20940 14:39:45.975087 close(5)          = 0
20940 14:39:45.975098 write(4, "\1", 1) = 1
20940 14:39:45.975109 read(4,  <unfinished ...>
20942 14:39:45.975116 read(5, "\1", 1)  = 1
20942 14:39:45.975127 close(4)          = 0
20942 14:39:45.975137 rt_sigaction(SIGALRM, {0x805cad0, ~[RTMIN RT_1], 0}, NULL, 8) = 0
20942 14:39:45.975150 alarm(300)        = 0
20942 14:39:45.975161 recv(0,  <unfinished ...>
20945 14:39:46.363551 <... recv resumed> "TYPE I\r\n", 4096, MSG_PEEK) = 8
20945 14:39:46.363581 read(0, "TYPE I\r\n", 8) = 8
20945 14:39:46.363603 write(0, "200 Switching to Binary mode.\r\n", 31) = 31
20945 14:39:46.363650 rt_sigaction(SIGALRM, {0x805cad0, ~[RTMIN RT_1], 0}, NULL, 8) = 0
20945 14:39:46.363668 alarm(300)        = 299
20945 14:39:46.363680 recv(0, "PASV\r\n", 4096, MSG_PEEK) = 6
20945 14:39:46.363692 read(0, "PASV\r\n", 6) = 6
20945 14:39:46.363704 write(5, "\n", 1) = 1
20945 14:39:46.363717 read(5,  <unfinished ...>
20943 14:39:46.363725 <... read resumed> "\n", 1) = 1
20943 14:39:46.363734 write(4, "\1", 1) = 1
20945 14:39:46.363744 <... read resumed> "\1", 1) = 1
20945 14:39:46.363751 write(5, "\f", 1) = 1
20945 14:39:46.363761 read(5,  <unfinished ...>
20943 14:39:46.363768 read(4, "\f", 1)  = 1
20943 14:39:46.363780 socket(PF_INET, SOCK_STREAM, IPPROTO_TCP) = 5
20943 14:39:46.363795 setsockopt(5, SOL_SOCKET, SO_REUSEADDR, [1], 4) = 0
20943 14:39:46.363810 bind(5, {sa_family=AF_INET, sin_port=htons(58731), sin_addr=inet_addr("127.0.0.1")}, 16) = 0
20943 14:39:46.363826 listen(5, 1)      = 0
20943 14:39:46.363840 write(4, "k\345\0\0", 4) = 4
20945 14:39:46.363850 <... read resumed> "k\345\0\0", 4) = 4
20945 14:39:46.363862 write(0, "227 Entering Passive Mode (127,0,0,1,229,107).\r\n", 48) = 48
20945 14:39:46.363974 rt_sigaction(SIGALRM, {0x805cad0, ~[RTMIN RT_1], 0}, NULL, 8) = 0
20945 14:39:46.363990 alarm(300)        = 300
20945 14:39:46.364002 recv(0, "STOR myfile19\r\n", 4096, MSG_PEEK) = 15
20945 14:39:46.364014 read(0, "STOR myfile19\r\n", 15) = 15
20945 14:39:46.364027 write(5, "\v", 1) = 1
20945 14:39:46.364037 read(5,  <unfinished ...>
20943 14:39:46.364044 read(4, "\v", 1)  = 1
20943 14:39:46.364056 write(4, "\1\0\0\0", 4) = 4
20945 14:39:46.364066 <... read resumed> "\1\0\0\0", 4) = 4
20945 14:39:46.364074 gettimeofday({1495651186, 364077}, NULL) = 0
20945 14:39:46.364085 getcwd("/home/msfadmin", 4096) = 15
20945 14:39:46.364097 open("myfile19", O_WRONLY|O_CREAT|O_NONBLOCK|O_LARGEFILE, 0666) = 4
20945 14:39:46.364111 fstat64(4, {st_mode=S_IFREG|0644, st_size=17, ...}) = 0
20945 14:39:46.364129 fcntl64(4, F_GETFL) = 0x8801 (flags O_WRONLY|O_NONBLOCK|O_LARGEFILE)
20945 14:39:46.364168 fcntl64(4, F_SETFL, O_WRONLY|O_LARGEFILE) = 0
20945 14:39:46.364180 fcntl64(4, F_SETLKW64, {type=F_WRLCK, whence=SEEK_SET, start=0, len=0}, 0xbfc8d674) = 0
20945 14:39:46.364205 ftruncate64(4, 0) = 0
20945 14:39:46.364224 _llseek(4, 0, [0], SEEK_SET) = 0
20945 14:39:46.364235 write(5, "\v", 1) = 1
20945 14:39:46.364246 read(5,  <unfinished ...>
20943 14:39:46.364253 read(4, "\v", 1)  = 1
20943 14:39:46.364264 write(4, "\1\0\0\0", 4) = 4
20945 14:39:46.364274 <... read resumed> "\1\0\0\0", 4) = 4
20945 14:39:46.364282 write(5, "\v", 1) = 1
20945 14:39:46.364291 read(5,  <unfinished ...>
20943 14:39:46.364298 read(4, "\v", 1)  = 1
20943 14:39:46.364308 write(4, "\1\0\0\0", 4) = 4
20945 14:39:46.364318 <... read resumed> "\1\0\0\0", 4) = 4
20945 14:39:46.364332 write(5, "\r", 1) = 1
20945 14:39:46.364342 read(5,  <unfinished ...>
20943 14:39:46.364348 read(4, "\r", 1)  = 1
20943 14:39:46.364360 select(6, [5], NULL, NULL, {60, 0}) = 1 (in [5], left {60, 0})
20943 14:39:46.364377 accept(5, {sa_family=AF_INET, sin_port=htons(42581), sin_addr=inet_addr("127.0.0.1")}, [16]) = 6
20943 14:39:46.364400 write(4, "\1", 1) = 1
20945 14:39:46.364410 <... read resumed> "\1", 1) = 1
20945 14:39:46.364418 recvmsg(5,  <unfinished ...>
20943 14:39:46.364427 sendmsg(4, {msg_name(0)=NULL, msg_iov(1)=[{"\0", 1}], msg_controllen=16, {cmsg_len=16, cmsg_level=SOL_SOCKET, cmsg_type=SCM_RIGHTS, {6}}, msg_flags=0}, 0) = 1
20945 14:39:46.364444 <... recvmsg resumed> {msg_name(0)=NULL, msg_iov(1)=[{"\0", 1}], msg_controllen=16, {cmsg_len=16, cmsg_level=SOL_SOCKET, cmsg_type=SCM_RIGHTS, {6}}, msg_flags=0}, 0) = 1
20945 14:39:46.364457 setsockopt(6, SOL_SOCKET, SO_KEEPALIVE, [1], 4) = 0
20945 14:39:46.364469 setsockopt(6, SOL_IP, IP_TOS, [8], 4) = 0
20945 14:39:46.364481 setsockopt(6, SOL_SOCKET, SO_LINGER, {onoff=1, linger=32767}, 8) = 0
20945 14:39:46.364492 rt_sigaction(SIGALRM, {0x805cad0, ~[RTMIN RT_1], 0}, NULL, 8) = 0
20945 14:39:46.364505 alarm(300)        = 300
20945 14:39:46.364517 write(0, "150 Ok to send data.\r\n", 22) = 22
20945 14:39:46.364583 read(6, "assasaaa\na\na\na\na\n", 65536) = 17
20945 14:39:46.364597 write(4, "assasaaa\na\na\na\na\n", 17) = 17
20945 14:39:46.364614 read(6, "", 65536) = 0
20945 14:39:46.364624 rt_sigaction(SIGALRM, {0x805cad0, ~[RTMIN RT_1], 0}, NULL, 8) = 0
20945 14:39:46.364665 alarm(300)        = 300
20945 14:39:46.364676 close(6)          = 0
20945 14:39:46.364686 alarm(0)          = 300
20945 14:39:46.364704 gettimeofday({1495651186, 364708}, NULL) = 0
20945 14:39:46.364720 gettimeofday({1495651186, 364724}, NULL) = 0
20945 14:39:46.364734 fcntl64(3, F_SETLKW64, {type=F_WRLCK, whence=SEEK_SET, start=0, len=0}, 0xbfc8d614) = 0
20945 14:39:46.364750 write(3, "Wed May 24 14:39:46 2017 [pid 20945] [msfadmin] OK UPLOAD: Client \"127.0.0.1\", \"/home/msfadmin/myfile19\", 17 bytes, 25.66Kbyte/sec\n", 131) = 131
20945 14:39:46.364771 fcntl64(3, F_SETLK64, {type=F_UNLCK, whence=SEEK_SET, start=0, len=0}, 0xbfc8d61c) = 0
20945 14:39:46.364786 write(0, "226 Transfer complete.\r\n", 24) = 24
20945 14:39:46.364831 write(5, "\n", 1) = 1
20945 14:39:46.364843 read(5,  <unfinished ...>
20943 14:39:46.364850 close(6)          = 0
20943 14:39:46.364869 read(4, "\n", 1)  = 1
20943 14:39:46.364880 close(5)          = 0
20943 14:39:46.364891 write(4, "\1", 1) = 1
20945 14:39:46.364902 <... read resumed> "\1", 1) = 1
20945 14:39:46.364909 close(4)          = 0
20945 14:39:46.364920 rt_sigaction(SIGALRM, {0x805cad0, ~[RTMIN RT_1], 0}, NULL, 8) = 0
20945 14:39:46.364933 alarm(300)        = 0
20945 14:39:46.364944 recv(0,  <unfinished ...>
20943 14:39:46.364951 read(4,  <unfinished ...>
20942 14:39:46.573521 <... recv resumed> "USER msfadmin\r\n", 4096, MSG_PEEK) = 15
20942 14:39:46.573561 read(0, "USER msfadmin\r\n", 15) = 15
20942 14:39:46.573586 write(0, "331 Any password will do.\r\n", 27) = 27
20942 14:39:46.573632 rt_sigaction(SIGALRM, {0x805cad0, ~[RTMIN RT_1], 0}, NULL, 8) = 0
20942 14:39:46.573664 alarm(300)        = 299
20942 14:39:46.573677 recv(0, "PASS msfadmin\r\n", 4096, MSG_PEEK) = 15
20942 14:39:46.573689 read(0, "PASS msfadmin\r\n", 15) = 15
20942 14:39:46.573706 write(0, "230 Already logged in.\r\n", 24) = 24
20942 14:39:46.573769 rt_sigaction(SIGALRM, {0x805cad0, ~[RTMIN RT_1], 0}, NULL, 8) = 0
20942 14:39:46.573784 alarm(300)        = 300
20942 14:39:46.573796 recv(0, "TYPE I\r\n", 4096, MSG_PEEK) = 8
20942 14:39:46.573807 read(0, "TYPE I\r\n", 8) = 8
20942 14:39:46.573821 write(0, "200 Switching to Binary mode.\r\n", 31) = 31
20942 14:39:46.573856 rt_sigaction(SIGALRM, {0x805cad0, ~[RTMIN RT_1], 0}, NULL, 8) = 0
20942 14:39:46.573870 alarm(300)        = 300
20942 14:39:46.573881 recv(0, "PASV\r\n", 4096, MSG_PEEK) = 6
20942 14:39:46.573892 read(0, "PASV\r\n", 6) = 6
20942 14:39:46.573903 write(5, "\n", 1 <unfinished ...>
20940 14:39:46.573915 <... read resumed> "\n", 1) = 1
20942 14:39:46.573927 <... write resumed> ) = 1
20940 14:39:46.573934 write(4, "\1", 1) = 1
20940 14:39:46.573945 read(4,  <unfinished ...>
20942 14:39:46.573952 read(5, "\1", 1)  = 1
20942 14:39:46.573964 write(5, "\f", 1 <unfinished ...>
20940 14:39:46.573970 <... read resumed> "\f", 1) = 1
20942 14:39:46.573975 <... write resumed> ) = 1
20940 14:39:46.573982 socket(PF_INET, SOCK_STREAM, IPPROTO_TCP) = 5
20940 14:39:46.573998 setsockopt(5, SOL_SOCKET, SO_REUSEADDR, [1], 4) = 0
20940 14:39:46.574013 bind(5, {sa_family=AF_INET, sin_port=htons(36203), sin_addr=inet_addr("127.0.0.1")}, 16) = 0
20940 14:39:46.574029 listen(5, 1)      = 0
20940 14:39:46.574043 write(4, "k\215\0\0", 4) = 4
20940 14:39:46.574054 read(4,  <unfinished ...>
20942 14:39:46.574061 read(5, "k\215\0\0", 4) = 4
20942 14:39:46.574076 write(0, "227 Entering Passive Mode (127,0,0,1,141,107).\r\n", 48) = 48
20942 14:39:46.574268 rt_sigaction(SIGALRM, {0x805cad0, ~[RTMIN RT_1], 0}, NULL, 8) = 0
20942 14:39:46.574294 alarm(300)        = 300
20942 14:39:46.574305 recv(0, "RETR myfile37\r\n", 4096, MSG_PEEK) = 15
20942 14:39:46.574317 read(0, "RETR myfile37\r\n", 15) = 15
20942 14:39:46.574330 write(5, "\v", 1 <unfinished ...>
20940 14:39:46.574338 <... read resumed> "\v", 1) = 1
20942 14:39:46.574343 <... write resumed> ) = 1
20940 14:39:46.574349 write(4, "\1\0\0\0", 4) = 4
20940 14:39:46.574360 read(4,  <unfinished ...>
20942 14:39:46.574366 read(5, "\1\0\0\0", 4) = 4
20942 14:39:46.574378 gettimeofday({1495651186, 574382}, NULL) = 0
20942 14:39:46.574389 getcwd("/home/msfadmin", 4096) = 15
20942 14:39:46.574401 open("myfile37", O_RDONLY|O_NONBLOCK|O_LARGEFILE) = 4
20942 14:39:46.574415 fcntl64(4, F_SETLKW64, {type=F_RDLCK, whence=SEEK_SET, start=0, len=0}, 0xbffa29b4) = 0
20942 14:39:46.574430 fstat64(4, {st_mode=S_IFREG|0644, st_size=17, ...}) = 0
20942 14:39:46.574447 fcntl64(4, F_GETFL) = 0x8800 (flags O_RDONLY|O_NONBLOCK|O_LARGEFILE)
20942 14:39:46.574458 fcntl64(4, F_SETFL, O_RDONLY|O_LARGEFILE) = 0
20942 14:39:46.574470 write(5, "\v", 1 <unfinished ...>
20940 14:39:46.574478 <... read resumed> "\v", 1) = 1
20942 14:39:46.574482 <... write resumed> ) = 1
20940 14:39:46.574488 write(4, "\1\0\0\0", 4) = 4
20940 14:39:46.574499 read(4,  <unfinished ...>
20942 14:39:46.574505 read(5, "\1\0\0\0", 4) = 4
20942 14:39:46.574516 write(5, "\v", 1 <unfinished ...>
20940 14:39:46.574523 <... read resumed> "\v", 1) = 1
20942 14:39:46.574527 <... write resumed> ) = 1
20940 14:39:46.574533 write(4, "\1\0\0\0", 4) = 4
20940 14:39:46.574543 read(4,  <unfinished ...>
20942 14:39:46.574550 read(5, "\1\0\0\0", 4) = 4
20942 14:39:46.574561 write(5, "\r", 1 <unfinished ...>
20940 14:39:46.574567 <... read resumed> "\r", 1) = 1
20942 14:39:46.574572 <... write resumed> ) = 1
20940 14:39:46.574579 select(6, [5], NULL, NULL, {60, 0}) = 1 (in [5], left {60, 0})
20940 14:39:46.574595 accept(5, {sa_family=AF_INET, sin_port=htons(46572), sin_addr=inet_addr("127.0.0.1")}, [16]) = 6
20940 14:39:46.574617 write(4, "\1", 1) = 1
20940 14:39:46.574628 sendmsg(4, {msg_name(0)=NULL, msg_iov(1)=[{"\0", 1}], msg_controllen=16, {cmsg_len=16, cmsg_level=SOL_SOCKET, cmsg_type=SCM_RIGHTS, {6}}, msg_flags=0}, 0) = 1
20940 14:39:46.574670 close(6)          = 0
20940 14:39:46.574692 read(4,  <unfinished ...>
20942 14:39:46.574699 read(5, "\1", 1)  = 1
20942 14:39:46.574712 recvmsg(5, {msg_name(0)=NULL, msg_iov(1)=[{"\0", 1}], msg_controllen=16, {cmsg_len=16, cmsg_level=SOL_SOCKET, cmsg_type=SCM_RIGHTS, {6}}, msg_flags=0}, 0) = 1
20942 14:39:46.574730 setsockopt(6, SOL_SOCKET, SO_KEEPALIVE, [1], 4) = 0
20942 14:39:46.574742 setsockopt(6, SOL_IP, IP_TOS, [8], 4) = 0
20942 14:39:46.574754 setsockopt(6, SOL_SOCKET, SO_LINGER, {onoff=1, linger=32767}, 8) = 0
20942 14:39:46.574765 rt_sigaction(SIGALRM, {0x805cad0, ~[RTMIN RT_1], 0}, NULL, 8) = 0
20942 14:39:46.574778 alarm(300)        = 300
20942 14:39:46.574791 write(0, "150 Opening BINARY mode data connection for myfile37 (17 bytes).\r\n", 66) = 66
20942 14:39:46.574833 _llseek(4, 0, [0], SEEK_CUR) = 0
20942 14:39:46.574849 fstat64(4, {st_mode=S_IFREG|0644, st_size=17, ...}) = 0
20942 14:39:46.574866 _llseek(4, 0, [0], SEEK_SET) = 0
20942 14:39:46.574877 sendfile(6, 4, NULL, 17) = 17
20942 14:39:46.574906 rt_sigaction(SIGALRM, {0x805cad0, ~[RTMIN RT_1], 0}, NULL, 8) = 0
20942 14:39:46.574920 alarm(300)        = 300
20942 14:39:46.574930 close(6)          = 0
20942 14:39:46.574966 alarm(0)          = 300
20942 14:39:46.574976 gettimeofday({1495651186, 574980}, NULL) = 0
20942 14:39:46.574991 gettimeofday({1495651186, 574995}, NULL) = 0
20942 14:39:46.575005 fcntl64(3, F_SETLKW64, {type=F_WRLCK, whence=SEEK_SET, start=0, len=0}, 0xbffa2954) = 0
20942 14:39:46.575020 write(3, "Wed May 24 14:39:46 2017 [pid 20942] [msfadmin] OK DOWNLOAD: Client \"127.0.0.1\", \"/home/msfadmin/myfile37\", 17 bytes, 27.08Kbyte/sec\n", 133) = 133
20942 14:39:46.575041 fcntl64(3, F_SETLK64, {type=F_UNLCK, whence=SEEK_SET, start=0, len=0}, 0xbffa295c) = 0
20942 14:39:46.575055 write(0, "226 Transfer complete.\r\n", 24) = 24
20942 14:39:46.575119 write(5, "\n", 1 <unfinished ...>
20940 14:39:46.575148 <... read resumed> "\n", 1) = 1
20942 14:39:46.575154 <... write resumed> ) = 1
20940 14:39:46.575160 close(5)          = 0
20940 14:39:46.575185 write(4, "\1", 1) = 1
20940 14:39:46.575195 read(4,  <unfinished ...>
20942 14:39:46.575202 read(5, "\1", 1)  = 1
20942 14:39:46.575213 close(4)          = 0
20942 14:39:46.575223 rt_sigaction(SIGALRM, {0x805cad0, ~[RTMIN RT_1], 0}, NULL, 8) = 0
20942 14:39:46.575237 alarm(300)        = 0
20942 14:39:46.575248 recv(0,  <unfinished ...>
