21504 14:45:45.032383 open("/etc/passwd", O_RDONLY|0x80000 /* O_??? */) = 5
21504 14:45:45.032396 _llseek(5, 0, [0], SEEK_CUR) = 0
21504 14:45:45.032407 fstat64(5, {st_mode=S_IFREG|0644, st_size=1624, ...}) = 0
21504 14:45:45.032422 mmap2(NULL, 1624, PROT_READ, MAP_SHARED, 5, 0) = 0xb7fa0000
21504 14:45:45.032433 _llseek(5, 1624, [1624], SEEK_SET) = 0
21504 14:45:45.032451 munmap(0xb7fa0000, 1624) = 0
21504 14:45:45.032462 close(5)          = 0
21504 14:45:45.032485 open("/etc/shadow", O_RDONLY|0x80000 /* O_??? */) = 5
21504 14:45:45.032501 _llseek(5, 0, [0], SEEK_CUR) = 0
21504 14:45:45.032511 fstat64(5, {st_mode=S_IFREG|0640, st_size=1233, ...}) = 0
21504 14:45:45.032527 mmap2(NULL, 1233, PROT_READ, MAP_SHARED, 5, 0) = 0xb7fa0000
21504 14:45:45.032537 _llseek(5, 1233, [1233], SEEK_SET) = 0
21504 14:45:45.032556 munmap(0xb7fa0000, 1233) = 0
21504 14:45:45.032566 close(5)          = 0
21504 14:45:45.032583 open("/etc/passwd", O_RDONLY|0x80000 /* O_??? */) = 5
21504 14:45:45.032595 _llseek(5, 0, [0], SEEK_CUR) = 0
21504 14:45:45.032605 fstat64(5, {st_mode=S_IFREG|0644, st_size=1624, ...}) = 0
21504 14:45:45.032621 mmap2(NULL, 1624, PROT_READ, MAP_SHARED, 5, 0) = 0xb7fa0000
21504 14:45:45.032631 _llseek(5, 1624, [1624], SEEK_SET) = 0
21504 14:45:45.032647 munmap(0xb7fa0000, 1624) = 0
21504 14:45:45.032656 close(5)          = 0
21504 14:45:45.032667 open("/etc/shadow", O_RDONLY|0x80000 /* O_??? */) = 5
21504 14:45:45.032679 _llseek(5, 0, [0], SEEK_CUR) = 0
21504 14:45:45.032689 fstat64(5, {st_mode=S_IFREG|0640, st_size=1233, ...}) = 0
21504 14:45:45.032704 mmap2(NULL, 1233, PROT_READ, MAP_SHARED, 5, 0) = 0xb7fa0000
21504 14:45:45.032714 _llseek(5, 1233, [1233], SEEK_SET) = 0
21504 14:45:45.032730 munmap(0xb7fa0000, 1233) = 0
21504 14:45:45.032740 close(5)          = 0
21504 14:45:45.033011 getuid32()        = 0
21504 14:45:45.033024 open("/etc/passwd", O_RDONLY|0x80000 /* O_??? */) = 5
21504 14:45:45.033036 _llseek(5, 0, [0], SEEK_CUR) = 0
21504 14:45:45.033046 fstat64(5, {st_mode=S_IFREG|0644, st_size=1624, ...}) = 0
21504 14:45:45.033062 mmap2(NULL, 1624, PROT_READ, MAP_SHARED, 5, 0) = 0xb7fa0000
21504 14:45:45.033072 _llseek(5, 1624, [1624], SEEK_SET) = 0
21504 14:45:45.033088 munmap(0xb7fa0000, 1624) = 0
21504 14:45:45.033097 close(5)          = 0
21504 14:45:45.033109 open("/etc/shadow", O_RDONLY|0x80000 /* O_??? */) = 5
21504 14:45:45.033122 _llseek(5, 0, [0], SEEK_CUR) = 0
21504 14:45:45.033131 fstat64(5, {st_mode=S_IFREG|0640, st_size=1233, ...}) = 0
21504 14:45:45.033147 mmap2(NULL, 1233, PROT_READ, MAP_SHARED, 5, 0) = 0xb7fa0000
21504 14:45:45.033157 _llseek(5, 1233, [1233], SEEK_SET) = 0
21504 14:45:45.033173 munmap(0xb7fa0000, 1233) = 0
21504 14:45:45.033182 close(5)          = 0
21504 14:45:45.033193 time(NULL)        = 1495651545
21504 14:45:45.033211 munmap(0xb7f9d000, 12164) = 0
21504 14:45:45.033224 munmap(0xb7f9b000, 7136) = 0
21504 14:45:45.033238 munmap(0xb7dd0000, 95428) = 0
21504 14:45:45.033248 munmap(0xb7d96000, 201052) = 0
21504 14:45:45.033259 munmap(0xb7d7d000, 101180) = 0
21504 14:45:45.033275 gettimeofday({1495651545, 33279}, NULL) = 0
21504 14:45:45.033286 stat64("/usr/share/zoneinfo/UTC+04:00", 0xbf85e1c4) = -1 ENOENT (No such file or directory)
21504 14:45:45.033300 open("/usr/share/zoneinfo/UTC+04:00", O_RDONLY) = -1 ENOENT (No such file or directory)
21504 14:45:45.033324 fcntl64(3, F_SETLKW64, {type=F_WRLCK, whence=SEEK_SET, start=0, len=0}, 0xbf85e314) = 0
21504 14:45:45.033340 write(3, "Wed May 24 14:45:45 2017 [pid 21504] [msfadmin] OK LOGIN: Client \"127.0.0.1\"\n", 77) = 77
21504 14:45:45.033356 fcntl64(3, F_SETLK64, {type=F_UNLCK, whence=SEEK_SET, start=0, len=0}, 0xbf85e31c) = 0
21504 14:45:45.033368 rt_sigaction(SIGCHLD, {0x805cad0, ~[RTMIN RT_1], 0}, NULL, 8) = 0
21504 14:45:45.033382 write(4, "\1", 1 <unfinished ...>
21505 14:45:45.033391 <... read resumed> "\1", 1) = 1
21504 14:45:45.033397 <... write resumed> ) = 1
21505 14:45:45.033404 exit_group(0)     = ?
21504 14:45:45.033408 --- SIGCHLD (Child exited) @ 0 (0) ---
21504 14:45:45.033408 sigreturn()       = ? (mask now [])
21504 14:45:45.033408 wait4(-1, [{WIFEXITED(s) && WEXITSTATUS(s) == 0}], 0, NULL) = 21505
21504 14:45:45.033408 close(4)          = 0
21504 14:45:45.033408 socketpair(PF_FILE, SOCK_STREAM, 0, [4, 5]) = 0
21504 14:45:45.033412 rt_sigaction(SIGCHLD, {0x805cad0, ~[RTMIN RT_1], 0}, NULL, 8) = 0
21504 14:45:45.033426 rt_sigaction(SIGALRM, {0x805cb10, ~[RTMIN RT_1], 0}, NULL, 8) = 0
21504 14:45:45.033439 clone(child_stack=0, flags=CLONE_CHILD_CLEARTID|CLONE_CHILD_SETTID|SIGCHLD, child_tidptr=0xb7e066f8) = 21506
21506 14:45:45.033487 prctl(0x1, 0x9, 0, 0, 0) = 0
21506 14:45:45.033500 close(4)          = 0
21506 14:45:45.033525 open("/etc/passwd", O_RDONLY|0x80000 /* O_??? */) = 4
21506 14:45:45.033542 _llseek(4, 0, [0], SEEK_CUR) = 0
21506 14:45:45.033557 fstat64(4, {st_mode=S_IFREG|0644, st_size=1624, ...}) = 0
21506 14:45:45.033575 mmap2(NULL, 1624, PROT_READ, MAP_SHARED, 4, 0) = 0xb7fa0000
21506 14:45:45.033586 _llseek(4, 1624, [1624], SEEK_SET) = 0
21506 14:45:45.033608 munmap(0xb7fa0000, 1624) = 0
21506 14:45:45.033619 close(4)          = 0
21506 14:45:45.033632 getuid32()        = 0
21506 14:45:45.033641 open("/etc/passwd", O_RDONLY|0x80000 /* O_??? */) = 4
21506 14:45:45.033654 _llseek(4, 0, [0], SEEK_CUR) = 0
21506 14:45:45.033663 fstat64(4, {st_mode=S_IFREG|0644, st_size=1624, ...}) = 0
21506 14:45:45.033679 mmap2(NULL, 1624, PROT_READ, MAP_SHARED, 4, 0) = 0xb7fa0000
21506 14:45:45.033837 _llseek(4, 1624, [1624], SEEK_SET) = 0
21506 14:45:45.033856 munmap(0xb7fa0000, 1624) = 0
21506 14:45:45.033877 close(4)          = 0
21506 14:45:45.033911 open("/proc/sys/kernel/ngroups_max", O_RDONLY) = 4
21506 14:45:45.033932 read(4, "65536\n", 31) = 6
21506 14:45:45.033944 close(4)          = 0
21506 14:45:45.033958 socket(PF_FILE, SOCK_STREAM, 0) = 4
21506 14:45:45.033971 fcntl64(4, F_SETFL, O_RDWR|O_NONBLOCK) = 0
21506 14:45:45.033983 connect(4, {sa_family=AF_FILE, path="/var/run/nscd/socket"}, 110) = -1 ENOENT (No such file or directory)
21506 14:45:45.034004 close(4)          = 0
21506 14:45:45.034015 socket(PF_FILE, SOCK_STREAM, 0) = 4
21506 14:45:45.034025 fcntl64(4, F_SETFL, O_RDWR|O_NONBLOCK) = 0
21506 14:45:45.034035 connect(4, {sa_family=AF_FILE, path="/var/run/nscd/socket"}, 110) = -1 ENOENT (No such file or directory)
21506 14:45:45.034053 close(4)          = 0
21506 14:45:45.034075 open("/etc/group", O_RDONLY|0x80000 /* O_??? */) = 4
21506 14:45:45.034090 _llseek(4, 0, [0], SEEK_CUR) = 0
21506 14:45:45.034100 fstat64(4, {st_mode=S_IFREG|0644, st_size=886, ...}) = 0
21506 14:45:45.034116 mmap2(NULL, 886, PROT_READ, MAP_SHARED, 4, 0) = 0xb7fa0000
21506 14:45:45.034127 _llseek(4, 886, [886], SEEK_SET) = 0
21506 14:45:45.034151 fstat64(4, {st_mode=S_IFREG|0644, st_size=886, ...}) = 0
21506 14:45:45.034167 munmap(0xb7fa0000, 886) = 0
21506 14:45:45.034181 close(4)          = 0
21506 14:45:45.034190 setgroups32(13, [1000, 4, 20, 24, 25, 29, 30, 44, 46, 107, 111, 112, 119]) = 0
21506 14:45:45.034206 geteuid32()       = 0
21506 14:45:45.034216 getegid32()       = 0
21506 14:45:45.034227 setregid32(-1, 1000) = 0
21506 14:45:45.034237 setreuid32(-1, 1000) = 0
21506 14:45:45.034247 chdir("/home/msfadmin") = 0
21506 14:45:45.034259 setreuid32(-1, 0) = 0
21506 14:45:45.034268 setregid32(-1, 0) = 0
21506 14:45:45.034278 setgid32(1000)    = 0
21506 14:45:45.034287 setuid32(1000)    = 0
21506 14:45:45.034297 setrlimit(RLIMIT_NPROC, {rlim_cur=0, rlim_max=0}) = 0
21506 14:45:45.034309 mmap2(NULL, 12288, PROT_READ|PROT_WRITE, MAP_PRIVATE|MAP_ANONYMOUS, -1, 0) = 0xb7f9e000
21506 14:45:45.034320 mprotect(0xb7fa0000, 4096, PROT_NONE) = 0
21506 14:45:45.034331 mprotect(0xb7f9e000, 4096, PROT_NONE) = 0
21506 14:45:45.034342 getcwd("/home/msfadmin", 4096) = 15
21506 14:45:45.034355 umask(022)        = 077
21506 14:45:45.034365 getcwd("/home/msfadmin", 4096) = 15
21506 14:45:45.034377 open(".message", O_RDONLY|O_NONBLOCK|O_LARGEFILE) = -1 ENOENT (No such file or directory)
21506 14:45:45.034398 write(0, "230 Login successful.\r\n", 23) = 23
21506 14:45:45.034462 rt_sigaction(SIGALRM, {0x805cad0, ~[RTMIN RT_1], 0}, NULL, 8) = 0
21506 14:45:45.034479 alarm(300)        = 0
21506 14:45:45.034489 mmap2(NULL, 12288, PROT_READ|PROT_WRITE, MAP_PRIVATE|MAP_ANONYMOUS, -1, 0) = 0xb7f9b000
21506 14:45:45.034500 mprotect(0xb7f9d000, 4096, PROT_NONE) = 0
21506 14:45:45.034511 mprotect(0xb7f9b000, 4096, PROT_NONE) = 0
21506 14:45:45.034524 recv(0, "TYPE I\r\n", 4096, MSG_PEEK) = 8
21506 14:45:45.034536 read(0, "TYPE I\r\n", 8) = 8
21506 14:45:45.034552 write(0, "200 Switching to Binary mode.\r\n", 31) = 31
21506 14:45:45.034591 rt_sigaction(SIGALRM, {0x805cad0, ~[RTMIN RT_1], 0}, NULL, 8) = 0
21506 14:45:45.034605 alarm(300)        = 300
21506 14:45:45.034616 recv(0, "PASV\r\n", 4096, MSG_PEEK) = 6
21506 14:45:45.034627 read(0, "PASV\r\n", 6) = 6
21506 14:45:45.034638 write(5, "\n", 1) = 1
21506 14:45:45.034649 read(5,  <unfinished ...>
21504 14:45:45.034661 close(5)          = 0
21504 14:45:45.034673 getuid32()        = 0
21504 14:45:45.034687 open("/etc/passwd", O_RDONLY|0x80000 /* O_??? */) = 5
21504 14:45:45.034701 _llseek(5, 0, [0], SEEK_CUR) = 0
21504 14:45:45.034713 fstat64(5, {st_mode=S_IFREG|0644, st_size=1624, ...}) = 0
21504 14:45:45.034730 mmap2(NULL, 1624, PROT_READ, MAP_SHARED, 5, 0) = 0xb7fa0000
21504 14:45:45.034741 _llseek(5, 1624, [1624], SEEK_SET) = 0
21504 14:45:45.034758 munmap(0xb7fa0000, 1624) = 0
21504 14:45:45.034769 close(5)          = 0
21504 14:45:45.034812 setgroups32(0, []) = 0
21504 14:45:45.034834 chdir("/usr/share/empty") = 0
21504 14:45:45.034855 chroot(".")       = 0
21504 14:45:45.034866 capset(NULL, NULL) = -1 EFAULT (Bad address)
21504 14:45:45.034879 prctl(0x8, 0, 0xbf85e2f8, 0x80549a6, 0xbf85e2e0) = 0
21504 14:45:45.034890 prctl(0x8, 0x1, 0xbf85e2f8, 0x8054a49, 0xbf85e2e0) = 0
21504 14:45:45.034900 setgid32(65534)   = 0
21504 14:45:45.034910 setuid32(65534)   = 0
21504 14:45:45.034919 capset(0x19980330, 0, {CAP_NET_BIND_SERVICE, CAP_NET_BIND_SERVICE, 0}) = 0
21504 14:45:45.034932 read(4, "\n", 1)  = 1
21504 14:45:45.034944 write(4, "\1", 1) = 1
21506 14:45:45.034955 <... read resumed> "\1", 1) = 1
21506 14:45:45.034963 write(5, "\f", 1) = 1
21506 14:45:45.034972 read(5,  <unfinished ...>
21504 14:45:45.034979 read(4, "\f", 1)  = 1
21504 14:45:45.034991 socket(PF_INET, SOCK_STREAM, IPPROTO_TCP) = 5
21504 14:45:45.035004 setsockopt(5, SOL_SOCKET, SO_REUSEADDR, [1], 4) = 0
21504 14:45:45.035015 gettimeofday({1495651545, 35018}, NULL) = 0
21504 14:45:45.035030 bind(5, {sa_family=AF_INET, sin_port=htons(12263), sin_addr=inet_addr("127.0.0.1")}, 16) = 0
21504 14:45:45.035046 listen(5, 1)      = 0
21504 14:45:45.035059 write(4, "\347/\0\0", 4) = 4
21506 14:45:45.035069 <... read resumed> "\347/\0\0", 4) = 4
21506 14:45:45.035082 write(0, "227 Entering Passive Mode (127,0,0,1,47,231).\r\n", 47) = 47
21506 14:45:45.035179 rt_sigaction(SIGALRM, {0x805cad0, ~[RTMIN RT_1], 0}, NULL, 8) = 0
21506 14:45:45.035199 alarm(300)        = 300
21506 14:45:45.035211 recv(0, "RETR myfile38\r\n", 4096, MSG_PEEK) = 15
21506 14:45:45.035223 read(0, "RETR myfile38\r\n", 15) = 15
21506 14:45:45.035237 write(5, "\v", 1) = 1
21506 14:45:45.035247 read(5,  <unfinished ...>
21504 14:45:45.035254 read(4, "\v", 1)  = 1
21504 14:45:45.035265 write(4, "\1\0\0\0", 4) = 4
21506 14:45:45.035275 <... read resumed> "\1\0\0\0", 4) = 4
21506 14:45:45.035283 gettimeofday({1495651545, 35287}, NULL) = 0
21506 14:45:45.035294 getcwd("/home/msfadmin", 4096) = 15
21506 14:45:45.035306 open("myfile38", O_RDONLY|O_NONBLOCK|O_LARGEFILE) = 4
21506 14:45:45.035318 fcntl64(4, F_SETLKW64, {type=F_RDLCK, whence=SEEK_SET, start=0, len=0}, 0xbf85e264) = 0
21506 14:45:45.035331 fstat64(4, {st_mode=S_IFREG|0644, st_size=17, ...}) = 0
21506 14:45:45.035347 fcntl64(4, F_GETFL) = 0x8800 (flags O_RDONLY|O_NONBLOCK|O_LARGEFILE)
21506 14:45:45.035357 fcntl64(4, F_SETFL, O_RDONLY|O_LARGEFILE) = 0
21506 14:45:45.035369 write(5, "\v", 1) = 1
21506 14:45:45.035379 read(5,  <unfinished ...>
21504 14:45:45.035386 read(4, "\v", 1)  = 1
21504 14:45:45.035397 write(4, "\1\0\0\0", 4) = 4
21506 14:45:45.035407 <... read resumed> "\1\0\0\0", 4) = 4
21506 14:45:45.035414 write(5, "\v", 1) = 1
21506 14:45:45.035424 read(5,  <unfinished ...>
21504 14:45:45.035430 read(4, "\v", 1)  = 1
21504 14:45:45.035440 write(4, "\1\0\0\0", 4) = 4
21506 14:45:45.035450 <... read resumed> "\1\0\0\0", 4) = 4
21506 14:45:45.035457 write(5, "\r", 1) = 1
21506 14:45:45.035467 read(5,  <unfinished ...>
21504 14:45:45.035474 read(4, "\r", 1)  = 1
21504 14:45:45.035488 select(6, [5], NULL, NULL, {60, 0}) = 1 (in [5], left {60, 0})
21504 14:45:45.035505 accept(5, {sa_family=AF_INET, sin_port=htons(36381), sin_addr=inet_addr("127.0.0.1")}, [16]) = 6
21504 14:45:45.035527 write(4, "\1", 1) = 1
21506 14:45:45.035537 <... read resumed> "\1", 1) = 1
21506 14:45:45.035546 recvmsg(5,  <unfinished ...>
21504 14:45:45.035555 sendmsg(4, {msg_name(0)=NULL, msg_iov(1)=[{"\0", 1}], msg_controllen=16, {cmsg_len=16, cmsg_level=SOL_SOCKET, cmsg_type=SCM_RIGHTS, {6}}, msg_flags=0}, 0) = 1
21506 14:45:45.035572 <... recvmsg resumed> {msg_name(0)=NULL, msg_iov(1)=[{"\0", 1}], msg_controllen=16, {cmsg_len=16, cmsg_level=SOL_SOCKET, cmsg_type=SCM_RIGHTS, {6}}, msg_flags=0}, 0) = 1
21506 14:45:45.035584 setsockopt(6, SOL_SOCKET, SO_KEEPALIVE, [1], 4) = 0
21506 14:45:45.035596 setsockopt(6, SOL_IP, IP_TOS, [8], 4) = 0
21506 14:45:45.035608 setsockopt(6, SOL_SOCKET, SO_LINGER, {onoff=1, linger=32767}, 8) = 0
21506 14:45:45.035619 rt_sigaction(SIGALRM, {0x805cad0, ~[RTMIN RT_1], 0}, NULL, 8) = 0
21506 14:45:45.035631 alarm(300)        = 300
21506 14:45:45.035645 write(0, "150 Opening BINARY mode data connection for myfile38 (17 bytes).\r\n", 66) = 66
21506 14:45:45.035686 _llseek(4, 0, [0], SEEK_CUR) = 0
21506 14:45:45.035698 fstat64(4, {st_mode=S_IFREG|0644, st_size=17, ...}) = 0
21506 14:45:45.035715 _llseek(4, 0, [0], SEEK_SET) = 0
21506 14:45:45.035727 sendfile(6, 4, NULL, 17) = 17
21506 14:45:45.035784 rt_sigaction(SIGALRM, {0x805cad0, ~[RTMIN RT_1], 0}, NULL, 8) = 0
21506 14:45:45.035810 alarm(300)        = 300
21506 14:45:45.035829 close(6)          = 0
21506 14:45:45.035838 alarm(0)          = 300
21506 14:45:45.035847 gettimeofday({1495651545, 35851}, NULL) = 0
21506 14:45:45.035864 getpid()          = 21506
21506 14:45:45.035876 gettimeofday({1495651545, 35879}, NULL) = 0
21506 14:45:45.035892 fcntl64(3, F_SETLKW64, {type=F_WRLCK, whence=SEEK_SET, start=0, len=0}, 0xbf85e204) = 0
21506 14:45:45.035906 write(3, "Wed May 24 14:45:45 2017 [pid 21506] [msfadmin] OK DOWNLOAD: Client \"127.0.0.1\", \"/home/msfadmin/myfile38\", 17 bytes, 28.04Kbyte/sec\n", 133) = 133
21506 14:45:45.035926 fcntl64(3, F_SETLK64, {type=F_UNLCK, whence=SEEK_SET, start=0, len=0}, 0xbf85e20c) = 0
21506 14:45:45.035939 write(0, "226 Transfer complete.\r\n", 24) = 24
21506 14:45:45.035955 write(5, "\n", 1) = 1
21506 14:45:45.035965 read(5,  <unfinished ...>
21504 14:45:45.035972 close(6)          = 0
21504 14:45:45.036049 read(4, "\n", 1)  = 1
21504 14:45:45.036063 close(5)          = 0
21504 14:45:45.036073 write(4, "\1", 1) = 1
21506 14:45:45.036084 <... read resumed> "\1", 1) = 1
21506 14:45:45.036091 close(4)          = 0
21506 14:45:45.036101 rt_sigaction(SIGALRM, {0x805cad0, ~[RTMIN RT_1], 0}, NULL, 8) = 0
21506 14:45:45.036114 alarm(300)        = 0
21506 14:45:45.036125 recv(0,  <unfinished ...>
21504 14:45:45.036133 read(4,  <unfinished ...>
21503 14:45:45.164191 <... recv resumed> "TYPE I\r\n", 4096, MSG_PEEK) = 8
21503 14:45:45.164254 read(0, "TYPE I\r\n", 8) = 8
21503 14:45:45.164309 write(0, "200 Switching to Binary mode.\r\n", 31) = 31
21503 14:45:45.164380 rt_sigaction(SIGALRM, {0x805cad0, ~[RTMIN RT_1], 0}, NULL, 8) = 0
21503 14:45:45.164408 alarm(300)        = 299
21503 14:45:45.164423 recv(0, "PASV\r\n", 4096, MSG_PEEK) = 6
21503 14:45:45.164435 read(0, "PASV\r\n", 6) = 6
21503 14:45:45.164447 write(5, "\n", 1 <unfinished ...>
21501 14:45:45.164458 <... read resumed> "\n", 1) = 1
21503 14:45:45.164463 <... write resumed> ) = 1
21501 14:45:45.164471 write(4, "\1", 1) = 1
21501 14:45:45.164482 read(4,  <unfinished ...>
21503 14:45:45.164489 read(5, "\1", 1)  = 1
21503 14:45:45.164500 write(5, "\f", 1 <unfinished ...>
21501 14:45:45.164507 <... read resumed> "\f", 1) = 1
21503 14:45:45.164511 <... write resumed> ) = 1
21501 14:45:45.164518 socket(PF_INET, SOCK_STREAM, IPPROTO_TCP) = 5
21501 14:45:45.164534 setsockopt(5, SOL_SOCKET, SO_REUSEADDR, [1], 4) = 0
21501 14:45:45.164549 bind(5, {sa_family=AF_INET, sin_port=htons(44702), sin_addr=inet_addr("127.0.0.1")}, 16) = 0
21501 14:45:45.164565 listen(5, 1)      = 0
21501 14:45:45.164579 write(4, "\236\256\0\0", 4) = 4
21501 14:45:45.164590 read(4,  <unfinished ...>
21503 14:45:45.164597 read(5, "\236\256\0\0", 4) = 4
21503 14:45:45.164613 write(0, "227 Entering Passive Mode (127,0,0,1,174,158).\r\n", 48) = 48
21503 14:45:45.164723 rt_sigaction(SIGALRM, {0x805cad0, ~[RTMIN RT_1], 0}, NULL, 8) = 0
21503 14:45:45.164740 alarm(300)        = 300
21503 14:45:45.164752 recv(0, "STOR myfile36\r\n", 4096, MSG_PEEK) = 15
21503 14:45:45.164764 read(0, "STOR myfile36\r\n", 15) = 15
21503 14:45:45.164777 write(5, "\v", 1 <unfinished ...>
21501 14:45:45.164785 <... read resumed> "\v", 1) = 1
21503 14:45:45.164790 <... write resumed> ) = 1
21501 14:45:45.164797 write(4, "\1\0\0\0", 4) = 4
21501 14:45:45.164807 read(4,  <unfinished ...>
21503 14:45:45.164814 read(5, "\1\0\0\0", 4) = 4
21503 14:45:45.164826 gettimeofday({1495651545, 164832}, NULL) = 0
21503 14:45:45.164839 getcwd("/home/msfadmin", 4096) = 15
21503 14:45:45.164852 open("myfile36", O_WRONLY|O_CREAT|O_NONBLOCK|O_LARGEFILE, 0666) = 4
21503 14:45:45.164866 fstat64(4, {st_mode=S_IFREG|0644, st_size=17, ...}) = 0
21503 14:45:45.164884 fcntl64(4, F_GETFL) = 0x8801 (flags O_WRONLY|O_NONBLOCK|O_LARGEFILE)
21503 14:45:45.164895 fcntl64(4, F_SETFL, O_WRONLY|O_LARGEFILE) = 0
21503 14:45:45.164905 fcntl64(4, F_SETLKW64, {type=F_WRLCK, whence=SEEK_SET, start=0, len=0}, 0xbfedc8c4) = 0
21503 14:45:45.164952 ftruncate64(4, 0) = 0
21503 14:45:45.164985 _llseek(4, 0, [0], SEEK_SET) = 0
21503 14:45:45.164997 write(5, "\v", 1 <unfinished ...>
21501 14:45:45.165005 <... read resumed> "\v", 1) = 1
21503 14:45:45.165010 <... write resumed> ) = 1
21501 14:45:45.165016 write(4, "\1\0\0\0", 4) = 4
21501 14:45:45.165027 read(4,  <unfinished ...>
21503 14:45:45.165034 read(5, "\1\0\0\0", 4) = 4
21503 14:45:45.165045 write(5, "\v", 1 <unfinished ...>
21501 14:45:45.165052 <... read resumed> "\v", 1) = 1
21503 14:45:45.165057 <... write resumed> ) = 1
21501 14:45:45.165062 write(4, "\1\0\0\0", 4) = 4
21501 14:45:45.165073 read(4,  <unfinished ...>
21503 14:45:45.165080 read(5, "\1\0\0\0", 4) = 4
21503 14:45:45.165091 write(5, "\r", 1 <unfinished ...>
21501 14:45:45.165098 <... read resumed> "\r", 1) = 1
21503 14:45:45.165102 <... write resumed> ) = 1
21501 14:45:45.165109 select(6, [5], NULL, NULL, {60, 0}) = 1 (in [5], left {60, 0})
21501 14:45:45.165126 accept(5, {sa_family=AF_INET, sin_port=htons(39924), sin_addr=inet_addr("127.0.0.1")}, [16]) = 6
21501 14:45:45.165154 write(4, "\1", 1) = 1
21501 14:45:45.165166 sendmsg(4, {msg_name(0)=NULL, msg_iov(1)=[{"\0", 1}], msg_controllen=16, {cmsg_len=16, cmsg_level=SOL_SOCKET, cmsg_type=SCM_RIGHTS, {6}}, msg_flags=0}, 0) = 1
21501 14:45:45.165183 close(6)          = 0
21501 14:45:45.165193 read(4,  <unfinished ...>
21503 14:45:45.165199 read(5, "\1", 1)  = 1
21503 14:45:45.165212 recvmsg(5, {msg_name(0)=NULL, msg_iov(1)=[{"\0", 1}], msg_controllen=16, {cmsg_len=16, cmsg_level=SOL_SOCKET, cmsg_type=SCM_RIGHTS, {6}}, msg_flags=0}, 0) = 1
21503 14:45:45.165230 setsockopt(6, SOL_SOCKET, SO_KEEPALIVE, [1], 4) = 0
21503 14:45:45.165242 setsockopt(6, SOL_IP, IP_TOS, [8], 4) = 0
21503 14:45:45.165254 setsockopt(6, SOL_SOCKET, SO_LINGER, {onoff=1, linger=32767}, 8) = 0
21503 14:45:45.165265 rt_sigaction(SIGALRM, {0x805cad0, ~[RTMIN RT_1], 0}, NULL, 8) = 0
21503 14:45:45.165278 alarm(300)        = 300
21503 14:45:45.165291 write(0, "150 Ok to send data.\r\n", 22) = 22
21503 14:45:45.165356 read(6, "assasaaa\na\na\na\na\n", 65536) = 17
21503 14:45:45.165371 write(4, "assasaaa\na\na\na\na\n", 17) = 17
21503 14:45:45.165387 read(6, "", 65536) = 0
21503 14:45:45.165397 rt_sigaction(SIGALRM, {0x805cad0, ~[RTMIN RT_1], 0}, NULL, 8) = 0
21503 14:45:45.165411 alarm(300)        = 300
21503 14:45:45.165420 close(6)          = 0
21503 14:45:45.165437 alarm(0)          = 300
21503 14:45:45.165447 gettimeofday({1495651545, 165450}, NULL) = 0
21503 14:45:45.165462 gettimeofday({1495651545, 165466}, NULL) = 0
21503 14:45:45.165477 fcntl64(3, F_SETLKW64, {type=F_WRLCK, whence=SEEK_SET, start=0, len=0}, 0xbfedc864) = 0
21503 14:45:45.165491 write(3, "Wed May 24 14:45:45 2017 [pid 21503] [msfadmin] OK UPLOAD: Client \"127.0.0.1\", \"/home/msfadmin/myfile36\", 17 bytes, 26.19Kbyte/sec\n", 131) = 131
21503 14:45:45.165513 fcntl64(3, F_SETLK64, {type=F_UNLCK, whence=SEEK_SET, start=0, len=0}, 0xbfedc86c) = 0
21503 14:45:45.165527 write(0, "226 Transfer complete.\r\n", 24) = 24
21503 14:45:45.165570 write(5, "\n", 1 <unfinished ...>
21501 14:45:45.165579 <... read resumed> "\n", 1) = 1
21503 14:45:45.165584 <... write resumed> ) = 1
21501 14:45:45.165590 close(5)          = 0
21501 14:45:45.165602 write(4, "\1", 1) = 1
21501 14:45:45.165613 read(4,  <unfinished ...>
21503 14:45:45.165620 read(5, "\1", 1)  = 1
21503 14:45:45.165630 close(4)          = 0
21503 14:45:45.165641 rt_sigaction(SIGALRM, {0x805cad0, ~[RTMIN RT_1], 0}, NULL, 8) = 0
21503 14:45:45.165654 alarm(300)        = 0
21503 14:45:45.165665 recv(0,  <unfinished ...>
21506 14:45:45.593445 <... recv resumed> "USER msfadmin\r\n", 4096, MSG_PEEK) = 15
21506 14:45:45.593485 read(0, "USER msfadmin\r\n", 15) = 15
21506 14:45:45.593510 write(0, "331 Any password will do.\r\n", 27) = 27
21506 14:45:45.593555 rt_sigaction(SIGALRM, {0x805cad0, ~[RTMIN RT_1], 0}, NULL, 8) = 0
21506 14:45:45.593573 alarm(300)        = 299
21506 14:45:45.593586 recv(0, "PASS msfadmin\r\n", 4096, MSG_PEEK) = 15
21506 14:45:45.593598 read(0, "PASS msfadmin\r\n", 15) = 15
21506 14:45:45.593613 write(0, "230 Already logged in.\r\n", 24) = 24
21506 14:45:45.593675 rt_sigaction(SIGALRM, {0x805cad0, ~[RTMIN RT_1], 0}, NULL, 8) = 0
21506 14:45:45.593690 alarm(300)        = 300
21506 14:45:45.593701 recv(0, "TYPE I\r\n", 4096, MSG_PEEK) = 8
21506 14:45:45.593713 read(0, "TYPE I\r\n", 8) = 8
21506 14:45:45.593727 write(0, "200 Switching to Binary mode.\r\n", 31) = 31
21506 14:45:45.593762 rt_sigaction(SIGALRM, {0x805cad0, ~[RTMIN RT_1], 0}, NULL, 8) = 0
21506 14:45:45.593776 alarm(300)        = 300
21506 14:45:45.593787 recv(0, "PASV\r\n", 4096, MSG_PEEK) = 6
21506 14:45:45.593798 read(0, "PASV\r\n", 6) = 6
21506 14:45:45.593810 write(5, "\n", 1) = 1
21506 14:45:45.593822 read(5,  <unfinished ...>
21504 14:45:45.593831 <... read resumed> "\n", 1) = 1
21504 14:45:45.593840 write(4, "\1", 1) = 1
21506 14:45:45.593851 <... read resumed> "\1", 1) = 1
21506 14:45:45.593858 write(5, "\f", 1) = 1
21506 14:45:45.593868 read(5,  <unfinished ...>
21504 14:45:45.593874 read(4, "\f", 1)  = 1
21504 14:45:45.593886 socket(PF_INET, SOCK_STREAM, IPPROTO_TCP) = 5
21504 14:45:45.593909 setsockopt(5, SOL_SOCKET, SO_REUSEADDR, [1], 4) = 0
21504 14:45:45.593924 bind(5, {sa_family=AF_INET, sin_port=htons(59474), sin_addr=inet_addr("127.0.0.1")}, 16) = 0
21504 14:45:45.593941 listen(5, 1)      = 0
21504 14:45:45.593955 write(4, "R\350\0\0", 4) = 4
21506 14:45:45.593966 <... read resumed> "R\350\0\0", 4) = 4
21506 14:45:45.593978 write(0, "227 Entering Passive Mode (127,0,0,1,232,82).\r\n", 47) = 47
21506 14:45:45.594090 rt_sigaction(SIGALRM, {0x805cad0, ~[RTMIN RT_1], 0}, NULL, 8) = 0
21506 14:45:45.594107 alarm(300)        = 300
21506 14:45:45.594118 recv(0, "RETR myfile39\r\n", 4096, MSG_PEEK) = 15
21506 14:45:45.594130 read(0, "RETR myfile39\r\n", 15) = 15
21506 14:45:45.594143 write(5, "\v", 1) = 1
21506 14:45:45.594153 read(5,  <unfinished ...>
21504 14:45:45.594160 read(4, "\v", 1)  = 1
21504 14:45:45.594171 write(4, "\1\0\0\0", 4) = 4
21506 14:45:45.594182 <... read resumed> "\1\0\0\0", 4) = 4
21506 14:45:45.594190 gettimeofday({1495651545, 594193}, NULL) = 0
21506 14:45:45.594201 getcwd("/home/msfadmin", 4096) = 15
21506 14:45:45.594213 open("myfile39", O_RDONLY|O_NONBLOCK|O_LARGEFILE) = 4
21506 14:45:45.594227 fcntl64(4, F_SETLKW64, {type=F_RDLCK, whence=SEEK_SET, start=0, len=0}, 0xbf85e264) = 0
21506 14:45:45.594242 fstat64(4, {st_mode=S_IFREG|0644, st_size=17, ...}) = 0
21506 14:45:45.594260 fcntl64(4, F_GETFL) = 0x8800 (flags O_RDONLY|O_NONBLOCK|O_LARGEFILE)
21506 14:45:45.594293 fcntl64(4, F_SETFL, O_RDONLY|O_LARGEFILE) = 0
21506 14:45:45.594315 write(5, "\v", 1) = 1
21506 14:45:45.594327 read(5,  <unfinished ...>
21504 14:45:45.594334 read(4, "\v", 1)  = 1
21504 14:45:45.594345 write(4, "\1\0\0\0", 4) = 4
21506 14:45:45.594355 <... read resumed> "\1\0\0\0", 4) = 4
21506 14:45:45.594362 write(5, "\v", 1) = 1
21506 14:45:45.594372 read(5,  <unfinished ...>
21504 14:45:45.594379 read(4, "\v", 1)  = 1
21504 14:45:45.594389 write(4, "\1\0\0\0", 4) = 4
21506 14:45:45.594399 <... read resumed> "\1\0\0\0", 4) = 4
21506 14:45:45.594407 write(5, "\r", 1) = 1
21506 14:45:45.594416 read(5,  <unfinished ...>
21504 14:45:45.594423 read(4, "\r", 1)  = 1
21504 14:45:45.594434 select(6, [5], NULL, NULL, {60, 0}) = 1 (in [5], left {60, 0})
21504 14:45:45.594451 accept(5, {sa_family=AF_INET, sin_port=htons(55057), sin_addr=inet_addr("127.0.0.1")}, [16]) = 6
21504 14:45:45.594473 write(4, "\1", 1) = 1
21506 14:45:45.594484 <... read resumed> "\1", 1) = 1
21506 14:45:45.594492 recvmsg(5,  <unfinished ...>
21504 14:45:45.594500 sendmsg(4, {msg_name(0)=NULL, msg_iov(1)=[{"\0", 1}], msg_controllen=16, {cmsg_len=16, cmsg_level=SOL_SOCKET, cmsg_type=SCM_RIGHTS, {6}}, msg_flags=0}, 0) = 1
21506 14:45:45.594517 <... recvmsg resumed> {msg_name(0)=NULL, msg_iov(1)=[{"\0", 1}], msg_controllen=16, {cmsg_len=16, cmsg_level=SOL_SOCKET, cmsg_type=SCM_RIGHTS, {6}}, msg_flags=0}, 0) = 1
21506 14:45:45.594530 setsockopt(6, SOL_SOCKET, SO_KEEPALIVE, [1], 4) = 0
21506 14:45:45.594542 setsockopt(6, SOL_IP, IP_TOS, [8], 4) = 0
21506 14:45:45.594554 setsockopt(6, SOL_SOCKET, SO_LINGER, {onoff=1, linger=32767}, 8) = 0
21506 14:45:45.594566 rt_sigaction(SIGALRM, {0x805cad0, ~[RTMIN RT_1], 0}, NULL, 8) = 0
21506 14:45:45.594579 alarm(300)        = 300
21506 14:45:45.594592 write(0, "150 Opening BINARY mode data connection for myfile39 (17 bytes).\r\n", 66) = 66
21506 14:45:45.594633 _llseek(4, 0, [0], SEEK_CUR) = 0
21506 14:45:45.594646 fstat64(4, {st_mode=S_IFREG|0644, st_size=17, ...}) = 0
21506 14:45:45.594663 _llseek(4, 0, [0], SEEK_SET) = 0
21506 14:45:45.594673 sendfile(6, 4, NULL, 17) = 17
21506 14:45:45.594703 rt_sigaction(SIGALRM, {0x805cad0, ~[RTMIN RT_1], 0}, NULL, 8) = 0
21506 14:45:45.594717 alarm(300)        = 300
21506 14:45:45.594727 close(6)          = 0
21506 14:45:45.594736 alarm(0)          = 300
21506 14:45:45.594746 gettimeofday({1495651545, 594749}, NULL) = 0
21506 14:45:45.594760 gettimeofday({1495651545, 594764}, NULL) = 0
21506 14:45:45.594774 fcntl64(3, F_SETLKW64, {type=F_WRLCK, whence=SEEK_SET, start=0, len=0}, 0xbf85e204) = 0
21506 14:45:45.594788 write(3, "Wed May 24 14:45:45 2017 [pid 21506] [msfadmin] OK DOWNLOAD: Client \"127.0.0.1\", \"/home/msfadmin/myfile39\", 17 bytes, 29.07Kbyte/sec\n", 133) = 133
21506 14:45:45.594814 fcntl64(3, F_SETLK64, {type=F_UNLCK, whence=SEEK_SET, start=0, len=0}, 0xbf85e20c) = 0
21506 14:45:45.594828 write(0, "226 Transfer complete.\r\n", 24) = 24
21506 14:45:45.594843 write(5, "\n", 1) = 1
21506 14:45:45.594853 read(5,  <unfinished ...>
21504 14:45:45.594860 close(6)          = 0
21504 14:45:45.594940 read(4, "\n", 1)  = 1
21504 14:45:45.594953 close(5)          = 0
21504 14:45:45.594964 write(4, "\1", 1) = 1
21506 14:45:45.594975 <... read resumed> "\1", 1) = 1
21506 14:45:45.594982 close(4)          = 0
21506 14:45:45.594993 rt_sigaction(SIGALRM, {0x805cad0, ~[RTMIN RT_1], 0}, NULL, 8) = 0
21506 14:45:45.595006 alarm(300)        = 0
21506 14:45:45.595017 recv(0,  <unfinished ...>
21504 14:45:45.595025 read(4,  <unfinished ...>
21503 14:45:45.703463 <... recv resumed> "TYPE I\r\n", 4096, MSG_PEEK) = 8
21503 14:45:45.703494 read(0, "TYPE I\r\n", 8) = 8
21503 14:45:45.703517 write(0, "200 Switching to Binary mode.\r\n", 31) = 31
21503 14:45:45.703565 rt_sigaction(SIGALRM, {0x805cad0, ~[RTMIN RT_1], 0}, NULL, 8) = 0
21503 14:45:45.703583 alarm(300)        = 299
21503 14:45:45.703596 recv(0, "PASV\r\n", 4096, MSG_PEEK) = 6
21503 14:45:45.703607 read(0, "PASV\r\n", 6) = 6
21503 14:45:45.703620 write(5, "\n", 1 <unfinished ...>
21501 14:45:45.703631 <... read resumed> "\n", 1) = 1
21503 14:45:45.703636 <... write resumed> ) = 1
21501 14:45:45.703644 write(4, "\1", 1) = 1
21501 14:45:45.703655 read(4,  <unfinished ...>
21503 14:45:45.703662 read(5, "\1", 1)  = 1
21503 14:45:45.703674 write(5, "\f", 1 <unfinished ...>
21501 14:45:45.703681 <... read resumed> "\f", 1) = 1
21503 14:45:45.703686 <... write resumed> ) = 1
21501 14:45:45.703693 socket(PF_INET, SOCK_STREAM, IPPROTO_TCP) = 5
21501 14:45:45.703710 setsockopt(5, SOL_SOCKET, SO_REUSEADDR, [1], 4) = 0
21501 14:45:45.703724 bind(5, {sa_family=AF_INET, sin_port=htons(13423), sin_addr=inet_addr("127.0.0.1")}, 16) = 0
21501 14:45:45.703742 listen(5, 1)      = 0
21501 14:45:45.703756 write(4, "o4\0\0", 4) = 4
21501 14:45:45.703767 read(4,  <unfinished ...>
21503 14:45:45.703774 read(5, "o4\0\0", 4) = 4
21503 14:45:45.703790 write(0, "227 Entering Passive Mode (127,0,0,1,52,111).\r\n", 47) = 47
21503 14:45:45.703918 rt_sigaction(SIGALRM, {0x805cad0, ~[RTMIN RT_1], 0}, NULL, 8) = 0
21503 14:45:45.703936 alarm(300)        = 300
21503 14:45:45.703947 recv(0, "STOR myfile37\r\n", 4096, MSG_PEEK) = 15
21503 14:45:45.703960 read(0, "STOR myfile37\r\n", 15) = 15
21503 14:45:45.703974 write(5, "\v", 1 <unfinished ...>
21501 14:45:45.703982 <... read resumed> "\v", 1) = 1
21503 14:45:45.703987 <... write resumed> ) = 1
21501 14:45:45.703994 write(4, "\1\0\0\0", 4) = 4
21501 14:45:45.704005 read(4,  <unfinished ...>
21503 14:45:45.704012 read(5, "\1\0\0\0", 4) = 4
21503 14:45:45.704024 gettimeofday({1495651545, 704028}, NULL) = 0
21503 14:45:45.704035 getcwd("/home/msfadmin", 4096) = 15
21503 14:45:45.704048 open("myfile37", O_WRONLY|O_CREAT|O_NONBLOCK|O_LARGEFILE, 0666) = 4
21503 14:45:45.704063 fstat64(4, {st_mode=S_IFREG|0644, st_size=17, ...}) = 0
21503 14:45:45.704081 fcntl64(4, F_GETFL) = 0x8801 (flags O_WRONLY|O_NONBLOCK|O_LARGEFILE)
21503 14:45:45.704093 fcntl64(4, F_SETFL, O_WRONLY|O_LARGEFILE) = 0
21503 14:45:45.704103 fcntl64(4, F_SETLKW64, {type=F_WRLCK, whence=SEEK_SET, start=0, len=0}, 0xbfedc8c4) = 0
21503 14:45:45.704117 ftruncate64(4, 0) = 0
21503 14:45:45.704138 _llseek(4, 0, [0], SEEK_SET) = 0
21503 14:45:45.704149 write(5, "\v", 1 <unfinished ...>
21501 14:45:45.704157 <... read resumed> "\v", 1) = 1
21503 14:45:45.704162 <... write resumed> ) = 1
21501 14:45:45.704168 write(4, "\1\0\0\0", 4) = 4
21501 14:45:45.704179 read(4,  <unfinished ...>
21503 14:45:45.704186 read(5, "\1\0\0\0", 4) = 4
21503 14:45:45.704197 write(5, "\v", 1 <unfinished ...>
21501 14:45:45.704204 <... read resumed> "\v", 1) = 1
21503 14:45:45.704209 <... write resumed> ) = 1
21501 14:45:45.704215 write(4, "\1\0\0\0", 4) = 4
21501 14:45:45.704231 read(4,  <unfinished ...>
21503 14:45:45.704238 read(5, "\1\0\0\0", 4) = 4
21503 14:45:45.704250 write(5, "\r", 1 <unfinished ...>
21501 14:45:45.704257 <... read resumed> "\r", 1) = 1
21503 14:45:45.704262 <... write resumed> ) = 1
21501 14:45:45.704269 select(6, [5], NULL, NULL, {60, 0}) = 1 (in [5], left {60, 0})
21501 14:45:45.704286 accept(5, {sa_family=AF_INET, sin_port=htons(39666), sin_addr=inet_addr("127.0.0.1")}, [16]) = 6
21501 14:45:45.704326 write(4, "\1", 1) = 1
21501 14:45:45.704340 sendmsg(4, {msg_name(0)=NULL, msg_iov(1)=[{"\0", 1}], msg_controllen=16, {cmsg_len=16, cmsg_level=SOL_SOCKET, cmsg_type=SCM_RIGHTS, {6}}, msg_flags=0}, 0) = 1
21501 14:45:45.704358 close(6)          = 0
21501 14:45:45.704368 read(4,  <unfinished ...>
21503 14:45:45.704375 read(5, "\1", 1)  = 1
21503 14:45:45.704388 recvmsg(5, {msg_name(0)=NULL, msg_iov(1)=[{"\0", 1}], msg_controllen=16, {cmsg_len=16, cmsg_level=SOL_SOCKET, cmsg_type=SCM_RIGHTS, {6}}, msg_flags=0}, 0) = 1
21503 14:45:45.704407 setsockopt(6, SOL_SOCKET, SO_KEEPALIVE, [1], 4) = 0
21503 14:45:45.704419 setsockopt(6, SOL_IP, IP_TOS, [8], 4) = 0
21503 14:45:45.704432 setsockopt(6, SOL_SOCKET, SO_LINGER, {onoff=1, linger=32767}, 8) = 0
21503 14:45:45.704443 rt_sigaction(SIGALRM, {0x805cad0, ~[RTMIN RT_1], 0}, NULL, 8) = 0
21503 14:45:45.704457 alarm(300)        = 300
21503 14:45:45.704470 write(0, "150 Ok to send data.\r\n", 22) = 22
21503 14:45:45.704537 read(6, "assasaaa\na\na\na\na\n", 65536) = 17
21503 14:45:45.704552 write(4, "assasaaa\na\na\na\na\n", 17) = 17
21503 14:45:45.704569 read(6, "", 65536) = 0
21503 14:45:45.704580 rt_sigaction(SIGALRM, {0x805cad0, ~[RTMIN RT_1], 0}, NULL, 8) = 0
21503 14:45:45.704593 alarm(300)        = 300
21503 14:45:45.704603 close(6)          = 0
21503 14:45:45.704621 alarm(0)          = 300
21503 14:45:45.704631 gettimeofday({1495651545, 704635}, NULL) = 0
21503 14:45:45.704647 gettimeofday({1495651545, 704651}, NULL) = 0
21503 14:45:45.704662 fcntl64(3, F_SETLKW64, {type=F_WRLCK, whence=SEEK_SET, start=0, len=0}, 0xbfedc864) = 0
21503 14:45:45.704676 write(3, "Wed May 24 14:45:45 2017 [pid 21503] [msfadmin] OK UPLOAD: Client \"127.0.0.1\", \"/home/msfadmin/myfile37\", 17 bytes, 26.65Kbyte/sec\n", 131) = 131
21503 14:45:45.704698 fcntl64(3, F_SETLK64, {type=F_UNLCK, whence=SEEK_SET, start=0, len=0}, 0xbfedc86c) = 0
21503 14:45:45.704713 write(0, "226 Transfer complete.\r\n", 24) = 24
21503 14:45:45.704757 write(5, "\n", 1 <unfinished ...>
21501 14:45:45.704766 <... read resumed> "\n", 1) = 1
21503 14:45:45.704772 <... write resumed> ) = 1
21501 14:45:45.704778 close(5)          = 0
21501 14:45:45.704789 write(4, "\1", 1) = 1
21501 14:45:45.704811 read(4,  <unfinished ...>
21503 14:45:45.704819 read(5, "\1", 1)  = 1
21503 14:45:45.704831 close(4)          = 0
21503 14:45:45.704842 rt_sigaction(SIGALRM, {0x805cad0, ~[RTMIN RT_1], 0}, NULL, 8) = 0
21503 14:45:45.704856 alarm(300)        = 0
21503 14:45:45.704868 recv(0,  <unfinished ...>
21506 14:45:46.183515 <... recv resumed> "USER msfadmin\r\n", 4096, MSG_PEEK) = 15
21506 14:45:46.183555 read(0, "USER msfadmin\r\n", 15) = 15
21506 14:45:46.183581 write(0, "331 Any password will do.\r\n", 27) = 27
21506 14:45:46.183626 rt_sigaction(SIGALRM, {0x805cad0, ~[RTMIN RT_1], 0}, NULL, 8) = 0
21506 14:45:46.183644 alarm(300)        = 299
21506 14:45:46.183657 recv(0, "PASS msfadmin\r\n", 4096, MSG_PEEK) = 15
21506 14:45:46.183669 read(0, "PASS msfadmin\r\n", 15) = 15
21506 14:45:46.183685 write(0, "230 Already logged in.\r\n", 24) = 24
21506 14:45:46.183746 rt_sigaction(SIGALRM, {0x805cad0, ~[RTMIN RT_1], 0}, NULL, 8) = 0
21506 14:45:46.183761 alarm(300)        = 300
21506 14:45:46.183772 recv(0, "TYPE I\r\n", 4096, MSG_PEEK) = 8
21506 14:45:46.183783 read(0, "TYPE I\r\n", 8) = 8
21506 14:45:46.183798 write(0, "200 Switching to Binary mode.\r\n", 31) = 31
21506 14:45:46.183833 rt_sigaction(SIGALRM, {0x805cad0, ~[RTMIN RT_1], 0}, NULL, 8) = 0
21506 14:45:46.183847 alarm(300)        = 300
21506 14:45:46.183858 recv(0, "PASV\r\n", 4096, MSG_PEEK) = 6
21506 14:45:46.183875 read(0, "PASV\r\n", 6) = 6
21506 14:45:46.183888 write(5, "\n", 1) = 1
21506 14:45:46.183900 read(5,  <unfinished ...>
21504 14:45:46.183908 <... read resumed> "\n", 1) = 1
21504 14:45:46.183918 write(4, "\1", 1) = 1
21506 14:45:46.183928 <... read resumed> "\1", 1) = 1
21506 14:45:46.183935 write(5, "\f", 1) = 1
21506 14:45:46.183945 read(5,  <unfinished ...>
21504 14:45:46.183952 read(4, "\f", 1)  = 1
21504 14:45:46.183964 socket(PF_INET, SOCK_STREAM, IPPROTO_TCP) = 5
21504 14:45:46.183979 setsockopt(5, SOL_SOCKET, SO_REUSEADDR, [1], 4) = 0
21504 14:45:46.183994 bind(5, {sa_family=AF_INET, sin_port=htons(45036), sin_addr=inet_addr("127.0.0.1")}, 16) = 0
21504 14:45:46.184011 listen(5, 1)      = 0
21504 14:45:46.184024 write(4, "\354\257\0\0", 4) = 4
21506 14:45:46.184035 <... read resumed> "\354\257\0\0", 4) = 4
21506 14:45:46.184047 write(0, "227 Entering Passive Mode (127,0,0,1,175,236).\r\n", 48) = 48
21506 14:45:46.184160 rt_sigaction(SIGALRM, {0x805cad0, ~[RTMIN RT_1], 0}, NULL, 8) = 0
21506 14:45:46.184176 alarm(300)        = 300
21506 14:45:46.184187 recv(0, "RETR myfile40\r\n", 4096, MSG_PEEK) = 15
21506 14:45:46.184199 read(0, "RETR myfile40\r\n", 15) = 15
21506 14:45:46.184212 write(5, "\v", 1) = 1
21506 14:45:46.184223 read(5,  <unfinished ...>
21504 14:45:46.184258 read(4, "\v", 1)  = 1
21504 14:45:46.184274 write(4, "\1\0\0\0", 4) = 4
21506 14:45:46.184295 <... read resumed> "\1\0\0\0", 4) = 4
21506 14:45:46.184303 gettimeofday({1495651546, 184306}, NULL) = 0
21506 14:45:46.184314 getcwd("/home/msfadmin", 4096) = 15
21506 14:45:46.184326 open("myfile40", O_RDONLY|O_NONBLOCK|O_LARGEFILE) = 4
21506 14:45:46.184340 fcntl64(4, F_SETLKW64, {type=F_RDLCK, whence=SEEK_SET, start=0, len=0}, 0xbf85e264) = 0
21506 14:45:46.184355 fstat64(4, {st_mode=S_IFREG|0644, st_size=17, ...}) = 0
21506 14:45:46.184373 fcntl64(4, F_GETFL) = 0x8800 (flags O_RDONLY|O_NONBLOCK|O_LARGEFILE)
21506 14:45:46.184383 fcntl64(4, F_SETFL, O_RDONLY|O_LARGEFILE) = 0
21506 14:45:46.184395 write(5, "\v", 1) = 1
21506 14:45:46.184405 read(5,  <unfinished ...>
21504 14:45:46.184412 read(4, "\v", 1)  = 1
21504 14:45:46.184423 write(4, "\1\0\0\0", 4) = 4
21506 14:45:46.184433 <... read resumed> "\1\0\0\0", 4) = 4
21506 14:45:46.184441 write(5, "\v", 1) = 1
21506 14:45:46.184450 read(5,  <unfinished ...>
21504 14:45:46.184457 read(4, "\v", 1)  = 1
21504 14:45:46.184467 write(4, "\1\0\0\0", 4) = 4
21506 14:45:46.184477 <... read resumed> "\1\0\0\0", 4) = 4
21506 14:45:46.184485 write(5, "\r", 1) = 1
21506 14:45:46.184495 read(5,  <unfinished ...>
21504 14:45:46.184501 read(4, "\r", 1)  = 1
21504 14:45:46.184513 select(6, [5], NULL, NULL, {60, 0}) = 1 (in [5], left {60, 0})
21504 14:45:46.184529 accept(5, {sa_family=AF_INET, sin_port=htons(37363), sin_addr=inet_addr("127.0.0.1")}, [16]) = 6
21504 14:45:46.184551 write(4, "\1", 1) = 1
21506 14:45:46.184562 <... read resumed> "\1", 1) = 1
21506 14:45:46.184570 recvmsg(5,  <unfinished ...>
21504 14:45:46.184578 sendmsg(4, {msg_name(0)=NULL, msg_iov(1)=[{"\0", 1}], msg_controllen=16, {cmsg_len=16, cmsg_level=SOL_SOCKET, cmsg_type=SCM_RIGHTS, {6}}, msg_flags=0}, 0) = 1
21506 14:45:46.184596 <... recvmsg resumed> {msg_name(0)=NULL, msg_iov(1)=[{"\0", 1}], msg_controllen=16, {cmsg_len=16, cmsg_level=SOL_SOCKET, cmsg_type=SCM_RIGHTS, {6}}, msg_flags=0}, 0) = 1
21506 14:45:46.184609 setsockopt(6, SOL_SOCKET, SO_KEEPALIVE, [1], 4) = 0
21506 14:45:46.184621 setsockopt(6, SOL_IP, IP_TOS, [8], 4) = 0
21506 14:45:46.184633 setsockopt(6, SOL_SOCKET, SO_LINGER, {onoff=1, linger=32767}, 8) = 0
21506 14:45:46.184644 rt_sigaction(SIGALRM, {0x805cad0, ~[RTMIN RT_1], 0}, NULL, 8) = 0
21506 14:45:46.184657 alarm(300)        = 300
21506 14:45:46.184670 write(0, "150 Opening BINARY mode data connection for myfile40 (17 bytes).\r\n", 66) = 66
21506 14:45:46.184712 _llseek(4, 0, [0], SEEK_CUR) = 0
21506 14:45:46.184724 fstat64(4, {st_mode=S_IFREG|0644, st_size=17, ...}) = 0
21506 14:45:46.184741 _llseek(4, 0, [0], SEEK_SET) = 0
21506 14:45:46.184752 sendfile(6, 4, NULL, 17) = 17
21506 14:45:46.184781 rt_sigaction(SIGALRM, {0x805cad0, ~[RTMIN RT_1], 0}, NULL, 8) = 0
21506 14:45:46.184800 alarm(300)        = 300
21506 14:45:46.184810 close(6)          = 0
21506 14:45:46.184819 alarm(0)          = 300
21506 14:45:46.184828 gettimeofday({1495651546, 184832}, NULL) = 0
21506 14:45:46.184843 gettimeofday({1495651546, 184847}, NULL) = 0
21506 14:45:46.184857 fcntl64(3, F_SETLKW64, {type=F_WRLCK, whence=SEEK_SET, start=0, len=0}, 0xbf85e204) = 0
21506 14:45:46.184872 write(3, "Wed May 24 14:45:46 2017 [pid 21506] [msfadmin] OK DOWNLOAD: Client \"127.0.0.1\", \"/home/msfadmin/myfile40\", 17 bytes, 30.69Kbyte/sec\n", 133) = 133
21506 14:45:46.184893 fcntl64(3, F_SETLK64, {type=F_UNLCK, whence=SEEK_SET, start=0, len=0}, 0xbf85e20c) = 0
21506 14:45:46.184907 write(0, "226 Transfer complete.\r\n", 24) = 24
21506 14:45:46.184922 write(5, "\n", 1) = 1
21506 14:45:46.184932 read(5,  <unfinished ...>
21504 14:45:46.184939 close(6)          = 0
21504 14:45:46.185020 read(4, "\n", 1)  = 1
21504 14:45:46.185033 close(5)          = 0
21504 14:45:46.185044 write(4, "\1", 1) = 1
21506 14:45:46.185055 <... read resumed> "\1", 1) = 1
21506 14:45:46.185062 close(4)          = 0
21506 14:45:46.185072 rt_sigaction(SIGALRM, {0x805cad0, ~[RTMIN RT_1], 0}, NULL, 8) = 0
21506 14:45:46.185085 alarm(300)        = 0
21506 14:45:46.185096 recv(0,  <unfinished ...>
21504 14:45:46.185104 read(4,  <unfinished ...>
21503 14:45:46.253566 <... recv resumed> "TYPE I\r\n", 4096, MSG_PEEK) = 8
21503 14:45:46.253597 read(0, "TYPE I\r\n", 8) = 8
21503 14:45:46.253619 write(0, "200 Switching to Binary mode.\r\n", 31) = 31
21503 14:45:46.253666 rt_sigaction(SIGALRM, {0x805cad0, ~[RTMIN RT_1], 0}, NULL, 8) = 0
21503 14:45:46.253683 alarm(300)        = 299
21503 14:45:46.253696 recv(0, "PASV\r\n", 4096, MSG_PEEK) = 6
21503 14:45:46.253708 read(0, "PASV\r\n", 6) = 6
21503 14:45:46.253719 write(5, "\n", 1 <unfinished ...>
21501 14:45:46.253730 <... read resumed> "\n", 1) = 1
21503 14:45:46.253735 <... write resumed> ) = 1
21501 14:45:46.253743 write(4, "\1", 1) = 1
21501 14:45:46.253754 read(4,  <unfinished ...>
21503 14:45:46.253761 read(5, "\1", 1)  = 1
21503 14:45:46.253772 write(5, "\f", 1 <unfinished ...>
21501 14:45:46.253779 <... read resumed> "\f", 1) = 1
21503 14:45:46.253783 <... write resumed> ) = 1
21501 14:45:46.253790 socket(PF_INET, SOCK_STREAM, IPPROTO_TCP) = 5
21501 14:45:46.253806 setsockopt(5, SOL_SOCKET, SO_REUSEADDR, [1], 4) = 0
21501 14:45:46.253820 bind(5, {sa_family=AF_INET, sin_port=htons(45274), sin_addr=inet_addr("127.0.0.1")}, 16) = 0
21501 14:45:46.253837 listen(5, 1)      = 0
21501 14:45:46.253850 write(4, "\332\260\0\0", 4) = 4
21501 14:45:46.253861 read(4,  <unfinished ...>
21503 14:45:46.253868 read(5, "\332\260\0\0", 4) = 4
21503 14:45:46.253884 write(0, "227 Entering Passive Mode (127,0,0,1,176,218).\r\n", 48) = 48
21503 14:45:46.253993 rt_sigaction(SIGALRM, {0x805cad0, ~[RTMIN RT_1], 0}, NULL, 8) = 0
21503 14:45:46.254010 alarm(300)        = 300
21503 14:45:46.254022 recv(0, "STOR myfile38\r\n", 4096, MSG_PEEK) = 15
21503 14:45:46.254034 read(0, "STOR myfile38\r\n", 15) = 15
21503 14:45:46.254047 write(5, "\v", 1 <unfinished ...>
21501 14:45:46.254055 <... read resumed> "\v", 1) = 1
21503 14:45:46.254060 <... write resumed> ) = 1
21501 14:45:46.254066 write(4, "\1\0\0\0", 4) = 4
21501 14:45:46.254077 read(4,  <unfinished ...>
21503 14:45:46.254084 read(5, "\1\0\0\0", 4) = 4
21503 14:45:46.254095 gettimeofday({1495651546, 254099}, NULL) = 0
21503 14:45:46.254107 getcwd("/home/msfadmin", 4096) = 15
21503 14:45:46.254120 open("myfile38", O_WRONLY|O_CREAT|O_NONBLOCK|O_LARGEFILE, 0666) = 4
21503 14:45:46.254134 fstat64(4, {st_mode=S_IFREG|0644, st_size=17, ...}) = 0
21503 14:45:46.254151 fcntl64(4, F_GETFL) = 0x8801 (flags O_WRONLY|O_NONBLOCK|O_LARGEFILE)
21503 14:45:46.254162 fcntl64(4, F_SETFL, O_WRONLY|O_LARGEFILE) = 0
21503 14:45:46.254172 fcntl64(4, F_SETLKW64, {type=F_WRLCK, whence=SEEK_SET, start=0, len=0}, 0xbfedc8c4) = 0
21503 14:45:46.254186 ftruncate64(4, 0) = 0
21503 14:45:46.254206 _llseek(4, 0, [0], SEEK_SET) = 0
21503 14:45:46.254217 write(5, "\v", 1 <unfinished ...>
21501 14:45:46.254231 <... read resumed> "\v", 1) = 1
21503 14:45:46.254236 <... write resumed> ) = 1
21501 14:45:46.254275 write(4, "\1\0\0\0", 4) = 4
21501 14:45:46.254288 read(4,  <unfinished ...>
21503 14:45:46.254304 read(5, "\1\0\0\0", 4) = 4
21503 14:45:46.254316 write(5, "\v", 1 <unfinished ...>
21501 14:45:46.254323 <... read resumed> "\v", 1) = 1
21503 14:45:46.254327 <... write resumed> ) = 1
21501 14:45:46.254333 write(4, "\1\0\0\0", 4) = 4
21501 14:45:46.254344 read(4,  <unfinished ...>
21503 14:45:46.254350 read(5, "\1\0\0\0", 4) = 4
21503 14:45:46.254361 write(5, "\r", 1 <unfinished ...>
21501 14:45:46.254368 <... read resumed> "\r", 1) = 1
21503 14:45:46.254373 <... write resumed> ) = 1
21501 14:45:46.254380 select(6, [5], NULL, NULL, {60, 0}) = 1 (in [5], left {60, 0})
21501 14:45:46.254396 accept(5, {sa_family=AF_INET, sin_port=htons(42971), sin_addr=inet_addr("127.0.0.1")}, [16]) = 6
21501 14:45:46.254419 write(4, "\1", 1) = 1
21501 14:45:46.254431 sendmsg(4, {msg_name(0)=NULL, msg_iov(1)=[{"\0", 1}], msg_controllen=16, {cmsg_len=16, cmsg_level=SOL_SOCKET, cmsg_type=SCM_RIGHTS, {6}}, msg_flags=0}, 0) = 1
21501 14:45:46.254448 close(6)          = 0
21501 14:45:46.254457 read(4,  <unfinished ...>
21503 14:45:46.254464 read(5, "\1", 1)  = 1
21503 14:45:46.254477 recvmsg(5, {msg_name(0)=NULL, msg_iov(1)=[{"\0", 1}], msg_controllen=16, {cmsg_len=16, cmsg_level=SOL_SOCKET, cmsg_type=SCM_RIGHTS, {6}}, msg_flags=0}, 0) = 1
21503 14:45:46.254494 setsockopt(6, SOL_SOCKET, SO_KEEPALIVE, [1], 4) = 0
21503 14:45:46.254506 setsockopt(6, SOL_IP, IP_TOS, [8], 4) = 0
21503 14:45:46.254518 setsockopt(6, SOL_SOCKET, SO_LINGER, {onoff=1, linger=32767}, 8) = 0
21503 14:45:46.254529 rt_sigaction(SIGALRM, {0x805cad0, ~[RTMIN RT_1], 0}, NULL, 8) = 0
21503 14:45:46.254543 alarm(300)        = 300
21503 14:45:46.254555 write(0, "150 Ok to send data.\r\n", 22) = 22
21503 14:45:46.254622 read(6, "assasaaa\na\na\na\na\n", 65536) = 17
21503 14:45:46.254636 write(4, "assasaaa\na\na\na\na\n", 17) = 17
21503 14:45:46.254652 read(6, "", 65536) = 0
21503 14:45:46.254663 rt_sigaction(SIGALRM, {0x805cad0, ~[RTMIN RT_1], 0}, NULL, 8) = 0
21503 14:45:46.254676 alarm(300)        = 300
21503 14:45:46.254686 close(6)          = 0
21503 14:45:46.254702 alarm(0)          = 300
21503 14:45:46.254712 gettimeofday({1495651546, 254716}, NULL) = 0
21503 14:45:46.254728 gettimeofday({1495651546, 254732}, NULL) = 0
21503 14:45:46.254742 fcntl64(3, F_SETLKW64, {type=F_WRLCK, whence=SEEK_SET, start=0, len=0}, 0xbfedc864) = 0
21503 14:45:46.254756 write(3, "Wed May 24 14:45:46 2017 [pid 21503] [msfadmin] OK UPLOAD: Client \"127.0.0.1\", \"/home/msfadmin/myfile38\", 17 bytes, 26.23Kbyte/sec\n", 131) = 131
21503 14:45:46.254778 fcntl64(3, F_SETLK64, {type=F_UNLCK, whence=SEEK_SET, start=0, len=0}, 0xbfedc86c) = 0
21503 14:45:46.254792 write(0, "226 Transfer complete.\r\n", 24) = 24
21503 14:45:46.254834 write(5, "\n", 1 <unfinished ...>
21501 14:45:46.254843 <... read resumed> "\n", 1) = 1
21503 14:45:46.254848 <... write resumed> ) = 1
21501 14:45:46.254854 close(5)          = 0
21501 14:45:46.254866 write(4, "\1", 1) = 1
21501 14:45:46.254877 read(4,  <unfinished ...>
21503 14:45:46.254884 read(5, "\1", 1)  = 1
21503 14:45:46.254895 close(4)          = 0
21503 14:45:46.254905 rt_sigaction(SIGALRM, {0x805cad0, ~[RTMIN RT_1], 0}, NULL, 8) = 0
21503 14:45:46.254918 alarm(300)        = 0
21503 14:45:46.254929 recv(0,  <unfinished ...>
