22567 14:56:32.340652 fcntl64(3, F_SETLKW64, {type=F_WRLCK, whence=SEEK_SET, start=0, len=0}, 0xbfec1854) = 0
22567 14:56:32.340668 write(3, "Wed May 24 14:56:32 2017 [pid 22567] [msfadmin] OK UPLOAD: Client \"127.0.0.1\", \"/home/msfadmin/myfile5\", 17 bytes, 25.23Kbyte/sec\n", 130) = 130
22567 14:56:32.340688 fcntl64(3, F_SETLK64, {type=F_UNLCK, whence=SEEK_SET, start=0, len=0}, 0xbfec185c) = 0
22567 14:56:32.340702 write(0, "226 Transfer complete.\r\n", 24) = 24
22567 14:56:32.340745 write(5, "\n", 1) = 1
22567 14:56:32.340757 read(5,  <unfinished ...>
22565 14:56:32.340764 close(6)          = 0
22565 14:56:32.340783 read(4, "\n", 1)  = 1
22565 14:56:32.340795 close(5)          = 0
22565 14:56:32.340807 write(4, "\1", 1) = 1
22567 14:56:32.340818 <... read resumed> "\1", 1) = 1
22567 14:56:32.340825 close(4)          = 0
22567 14:56:32.340836 rt_sigaction(SIGALRM, {0x805cad0, ~[RTMIN RT_1], 0}, NULL, 8) = 0
22567 14:56:32.340850 alarm(300)        = 0
22567 14:56:32.340861 recv(0,  <unfinished ...>
22565 14:56:32.340869 read(4,  <unfinished ...>
22564 14:56:32.767290 <... recv resumed> "USER msfadmin\r\n", 4096, MSG_PEEK) = 15
22564 14:56:32.767330 read(0, "USER msfadmin\r\n", 15) = 15
22564 14:56:32.767355 write(0, "331 Any password will do.\r\n", 27) = 27
22564 14:56:32.767402 rt_sigaction(SIGALRM, {0x805cad0, ~[RTMIN RT_1], 0}, NULL, 8) = 0
22564 14:56:32.767420 alarm(300)        = 299
22564 14:56:32.767442 recv(0, "PASS msfadmin\r\n", 4096, MSG_PEEK) = 15
22564 14:56:32.767455 read(0, "PASS msfadmin\r\n", 15) = 15
22564 14:56:32.767471 write(0, "230 Already logged in.\r\n", 24) = 24
22564 14:56:32.767534 rt_sigaction(SIGALRM, {0x805cad0, ~[RTMIN RT_1], 0}, NULL, 8) = 0
22564 14:56:32.767550 alarm(300)        = 300
22564 14:56:32.767561 recv(0, "TYPE I\r\n", 4096, MSG_PEEK) = 8
22564 14:56:32.767573 read(0, "TYPE I\r\n", 8) = 8
22564 14:56:32.767588 write(0, "200 Switching to Binary mode.\r\n", 31) = 31
22564 14:56:32.767625 rt_sigaction(SIGALRM, {0x805cad0, ~[RTMIN RT_1], 0}, NULL, 8) = 0
22564 14:56:32.767639 alarm(300)        = 300
22564 14:56:32.767651 recv(0, "PASV\r\n", 4096, MSG_PEEK) = 6
22564 14:56:32.767662 read(0, "PASV\r\n", 6) = 6
22564 14:56:32.767674 write(5, "\n", 1 <unfinished ...>
22562 14:56:32.767686 <... read resumed> "\n", 1) = 1
22564 14:56:32.767692 <... write resumed> ) = 1
22562 14:56:32.767699 write(4, "\1", 1) = 1
22562 14:56:32.767711 read(4,  <unfinished ...>
22564 14:56:32.767718 read(5, "\1", 1)  = 1
22564 14:56:32.767730 write(5, "\f", 1 <unfinished ...>
22562 14:56:32.767737 <... read resumed> "\f", 1) = 1
22564 14:56:32.767742 <... write resumed> ) = 1
22562 14:56:32.767750 socket(PF_INET, SOCK_STREAM, IPPROTO_TCP) = 5
22562 14:56:32.767766 setsockopt(5, SOL_SOCKET, SO_REUSEADDR, [1], 4) = 0
22562 14:56:32.767780 bind(5, {sa_family=AF_INET, sin_port=htons(47451), sin_addr=inet_addr("127.0.0.1")}, 16) = 0
22562 14:56:32.767797 listen(5, 1)      = 0
22562 14:56:32.767811 write(4, "[\271\0\0", 4) = 4
22562 14:56:32.767823 read(4,  <unfinished ...>
22564 14:56:32.767830 read(5, "[\271\0\0", 4) = 4
22564 14:56:32.767846 write(0, "227 Entering Passive Mode (127,0,0,1,185,91).\r\n", 47) = 47
22564 14:56:32.767957 rt_sigaction(SIGALRM, {0x805cad0, ~[RTMIN RT_1], 0}, NULL, 8) = 0
22564 14:56:32.767973 alarm(300)        = 300
22564 14:56:32.767985 recv(0, "RETR myfile38\r\n", 4096, MSG_PEEK) = 15
22564 14:56:32.767998 read(0, "RETR myfile38\r\n", 15) = 15
22564 14:56:32.768011 write(5, "\v", 1 <unfinished ...>
22562 14:56:32.768043 <... read resumed> "\v", 1) = 1
22564 14:56:32.768050 <... write resumed> ) = 1
22562 14:56:32.768057 write(4, "\1\0\0\0", 4) = 4
22562 14:56:32.768082 read(4,  <unfinished ...>
22564 14:56:32.768090 read(5, "\1\0\0\0", 4) = 4
22564 14:56:32.768102 gettimeofday({1495652192, 768106}, NULL) = 0
22564 14:56:32.768113 getcwd("/home/msfadmin", 4096) = 15
22564 14:56:32.768126 open("myfile38", O_RDONLY|O_NONBLOCK|O_LARGEFILE) = 4
22564 14:56:32.768140 fcntl64(4, F_SETLKW64, {type=F_RDLCK, whence=SEEK_SET, start=0, len=0}, 0xbfce46f4) = 0
22564 14:56:32.768156 fstat64(4, {st_mode=S_IFREG|0644, st_size=17, ...}) = 0
22564 14:56:32.768174 fcntl64(4, F_GETFL) = 0x8800 (flags O_RDONLY|O_NONBLOCK|O_LARGEFILE)
22564 14:56:32.768185 fcntl64(4, F_SETFL, O_RDONLY|O_LARGEFILE) = 0
22564 14:56:32.768197 write(5, "\v", 1 <unfinished ...>
22562 14:56:32.768205 <... read resumed> "\v", 1) = 1
22564 14:56:32.768210 <... write resumed> ) = 1
22562 14:56:32.768216 write(4, "\1\0\0\0", 4) = 4
22562 14:56:32.768227 read(4,  <unfinished ...>
22564 14:56:32.768234 read(5, "\1\0\0\0", 4) = 4
22564 14:56:32.768246 write(5, "\v", 1 <unfinished ...>
22562 14:56:32.768253 <... read resumed> "\v", 1) = 1
22564 14:56:32.768258 <... write resumed> ) = 1
22562 14:56:32.768265 write(4, "\1\0\0\0", 4) = 4
22562 14:56:32.768275 read(4,  <unfinished ...>
22564 14:56:32.768282 read(5, "\1\0\0\0", 4) = 4
22564 14:56:32.768294 write(5, "\r", 1 <unfinished ...>
22562 14:56:32.768301 <... read resumed> "\r", 1) = 1
22564 14:56:32.768306 <... write resumed> ) = 1
22562 14:56:32.768314 select(6, [5], NULL, NULL, {60, 0}) = 1 (in [5], left {60, 0})
22562 14:56:32.768330 accept(5, {sa_family=AF_INET, sin_port=htons(57172), sin_addr=inet_addr("127.0.0.1")}, [16]) = 6
22562 14:56:32.768353 write(4, "\1", 1) = 1
22562 14:56:32.768365 sendmsg(4, {msg_name(0)=NULL, msg_iov(1)=[{"\0", 1}], msg_controllen=16, {cmsg_len=16, cmsg_level=SOL_SOCKET, cmsg_type=SCM_RIGHTS, {6}}, msg_flags=0}, 0) = 1
22562 14:56:32.768386 close(6)          = 0
22562 14:56:32.768397 read(4,  <unfinished ...>
22564 14:56:32.768404 read(5, "\1", 1)  = 1
22564 14:56:32.768417 recvmsg(5, {msg_name(0)=NULL, msg_iov(1)=[{"\0", 1}], msg_controllen=16, {cmsg_len=16, cmsg_level=SOL_SOCKET, cmsg_type=SCM_RIGHTS, {6}}, msg_flags=0}, 0) = 1
22564 14:56:32.768436 setsockopt(6, SOL_SOCKET, SO_KEEPALIVE, [1], 4) = 0
22564 14:56:32.768448 setsockopt(6, SOL_IP, IP_TOS, [8], 4) = 0
22564 14:56:32.768461 setsockopt(6, SOL_SOCKET, SO_LINGER, {onoff=1, linger=32767}, 8) = 0
22564 14:56:32.768472 rt_sigaction(SIGALRM, {0x805cad0, ~[RTMIN RT_1], 0}, NULL, 8) = 0
22564 14:56:32.768486 alarm(300)        = 300
22564 14:56:32.768500 write(0, "150 Opening BINARY mode data connection for myfile38 (17 bytes).\r\n", 66) = 66
22564 14:56:32.768541 _llseek(4, 0, [0], SEEK_CUR) = 0
22564 14:56:32.768554 fstat64(4, {st_mode=S_IFREG|0644, st_size=17, ...}) = 0
22564 14:56:32.768571 _llseek(4, 0, [0], SEEK_SET) = 0
22564 14:56:32.768582 sendfile(6, 4, NULL, 17) = 17
22564 14:56:32.768613 rt_sigaction(SIGALRM, {0x805cad0, ~[RTMIN RT_1], 0}, NULL, 8) = 0
22564 14:56:32.768627 alarm(300)        = 300
22564 14:56:32.768637 close(6)          = 0
22564 14:56:32.768674 alarm(0)          = 300
22564 14:56:32.768685 gettimeofday({1495652192, 768689}, NULL) = 0
22564 14:56:32.768701 gettimeofday({1495652192, 768705}, NULL) = 0
22564 14:56:32.768715 fcntl64(3, F_SETLKW64, {type=F_WRLCK, whence=SEEK_SET, start=0, len=0}, 0xbfce4694) = 0
22564 14:56:32.768730 write(3, "Wed May 24 14:56:32 2017 [pid 22564] [msfadmin] OK DOWNLOAD: Client \"127.0.0.1\", \"/home/msfadmin/myfile38\", 17 bytes, 27.72Kbyte/sec\n", 133) = 133
22564 14:56:32.768752 fcntl64(3, F_SETLK64, {type=F_UNLCK, whence=SEEK_SET, start=0, len=0}, 0xbfce469c) = 0
22564 14:56:32.768766 write(0, "226 Transfer complete.\r\n", 24) = 24
22564 14:56:32.768834 write(5, "\n", 1 <unfinished ...>
22562 14:56:32.768844 <... read resumed> "\n", 1) = 1
22564 14:56:32.768849 <... write resumed> ) = 1
22562 14:56:32.768856 close(5)          = 0
22562 14:56:32.768868 write(4, "\1", 1) = 1
22562 14:56:32.768879 read(4,  <unfinished ...>
22564 14:56:32.768887 read(5, "\1", 1)  = 1
22564 14:56:32.768898 close(4)          = 0
22564 14:56:32.768909 rt_sigaction(SIGALRM, {0x805cad0, ~[RTMIN RT_1], 0}, NULL, 8) = 0
22564 14:56:32.768923 alarm(300)        = 0
22564 14:56:32.768935 recv(0,  <unfinished ...>
22567 14:56:32.867837 <... recv resumed> "TYPE I\r\n", 4096, MSG_PEEK) = 8
22567 14:56:32.867933 read(0, "TYPE I\r\n", 8) = 8
22567 14:56:32.868017 write(0, "200 Switching to Binary mode.\r\n", 31) = 31
22567 14:56:32.868104 rt_sigaction(SIGALRM, {0x805cad0, ~[RTMIN RT_1], 0}, NULL, 8) = 0
22567 14:56:32.868135 alarm(300)        = 299
22567 14:56:32.868160 recv(0, "PASV\r\n", 4096, MSG_PEEK) = 6
22567 14:56:32.868174 read(0, "PASV\r\n", 6) = 6
22567 14:56:32.868186 write(5, "\n", 1) = 1
22567 14:56:32.868199 read(5,  <unfinished ...>
22565 14:56:32.868208 <... read resumed> "\n", 1) = 1
22565 14:56:32.868219 write(4, "\1", 1) = 1
22567 14:56:32.868230 <... read resumed> "\1", 1) = 1
22567 14:56:32.868237 write(5, "\f", 1) = 1
22567 14:56:32.868248 read(5,  <unfinished ...>
22565 14:56:32.868255 read(4, "\f", 1)  = 1
22565 14:56:32.868268 socket(PF_INET, SOCK_STREAM, IPPROTO_TCP) = 5
22565 14:56:32.868284 setsockopt(5, SOL_SOCKET, SO_REUSEADDR, [1], 4) = 0
22565 14:56:32.868299 bind(5, {sa_family=AF_INET, sin_port=htons(31050), sin_addr=inet_addr("127.0.0.1")}, 16) = 0
22565 14:56:32.868316 listen(5, 1)      = 0
22565 14:56:32.868330 write(4, "Jy\0\0", 4) = 4
22567 14:56:32.868341 <... read resumed> "Jy\0\0", 4) = 4
22567 14:56:32.868353 write(0, "227 Entering Passive Mode (127,0,0,1,121,74).\r\n", 47) = 47
22567 14:56:32.868467 rt_sigaction(SIGALRM, {0x805cad0, ~[RTMIN RT_1], 0}, NULL, 8) = 0
22567 14:56:32.868484 alarm(300)        = 300
22567 14:56:32.868496 recv(0, "STOR myfile6\r\n", 4096, MSG_PEEK) = 14
22567 14:56:32.868509 read(0, "STOR myfile6\r\n", 14) = 14
22567 14:56:32.868523 write(5, "\v", 1) = 1
22567 14:56:32.868534 read(5,  <unfinished ...>
22565 14:56:32.868549 read(4, "\v", 1)  = 1
22565 14:56:32.868561 write(4, "\1\0\0\0", 4) = 4
22567 14:56:32.868572 <... read resumed> "\1\0\0\0", 4) = 4
22567 14:56:32.868580 gettimeofday({1495652192, 868585}, NULL) = 0
22567 14:56:32.868592 getcwd("/home/msfadmin", 4096) = 15
22567 14:56:32.868605 open("myfile6", O_WRONLY|O_CREAT|O_NONBLOCK|O_LARGEFILE, 0666) = 4
22567 14:56:32.868620 fstat64(4, {st_mode=S_IFREG|0644, st_size=17, ...}) = 0
22567 14:56:32.868638 fcntl64(4, F_GETFL) = 0x8801 (flags O_WRONLY|O_NONBLOCK|O_LARGEFILE)
22567 14:56:32.868676 fcntl64(4, F_SETFL, O_WRONLY|O_LARGEFILE) = 0
22567 14:56:32.868688 fcntl64(4, F_SETLKW64, {type=F_WRLCK, whence=SEEK_SET, start=0, len=0}, 0xbfec18b4) = 0
22567 14:56:32.868713 ftruncate64(4, 0) = 0
22567 14:56:32.868732 _llseek(4, 0, [0], SEEK_SET) = 0
22567 14:56:32.868744 write(5, "\v", 1) = 1
22567 14:56:32.868755 read(5,  <unfinished ...>
22565 14:56:32.868762 read(4, "\v", 1)  = 1
22565 14:56:32.868774 write(4, "\1\0\0\0", 4) = 4
22567 14:56:32.868785 <... read resumed> "\1\0\0\0", 4) = 4
22567 14:56:32.868793 write(5, "\v", 1) = 1
22567 14:56:32.868803 read(5,  <unfinished ...>
22565 14:56:32.868810 read(4, "\v", 1)  = 1
22565 14:56:32.868821 write(4, "\1\0\0\0", 4) = 4
22567 14:56:32.868831 <... read resumed> "\1\0\0\0", 4) = 4
22567 14:56:32.868839 write(5, "\r", 1) = 1
22567 14:56:32.868849 read(5,  <unfinished ...>
22565 14:56:32.868856 read(4, "\r", 1)  = 1
22565 14:56:32.868869 select(6, [5], NULL, NULL, {60, 0}) = 1 (in [5], left {60, 0})
22565 14:56:32.868886 accept(5, {sa_family=AF_INET, sin_port=htons(56245), sin_addr=inet_addr("127.0.0.1")}, [16]) = 6
22565 14:56:32.868909 write(4, "\1", 1) = 1
22567 14:56:32.868919 <... read resumed> "\1", 1) = 1
22567 14:56:32.868928 recvmsg(5,  <unfinished ...>
22565 14:56:32.868937 sendmsg(4, {msg_name(0)=NULL, msg_iov(1)=[{"\0", 1}], msg_controllen=16, {cmsg_len=16, cmsg_level=SOL_SOCKET, cmsg_type=SCM_RIGHTS, {6}}, msg_flags=0}, 0) = 1
22567 14:56:32.868955 <... recvmsg resumed> {msg_name(0)=NULL, msg_iov(1)=[{"\0", 1}], msg_controllen=16, {cmsg_len=16, cmsg_level=SOL_SOCKET, cmsg_type=SCM_RIGHTS, {6}}, msg_flags=0}, 0) = 1
22567 14:56:32.868968 setsockopt(6, SOL_SOCKET, SO_KEEPALIVE, [1], 4) = 0
22567 14:56:32.868981 setsockopt(6, SOL_IP, IP_TOS, [8], 4) = 0
22567 14:56:32.868993 setsockopt(6, SOL_SOCKET, SO_LINGER, {onoff=1, linger=32767}, 8) = 0
22567 14:56:32.869004 rt_sigaction(SIGALRM, {0x805cad0, ~[RTMIN RT_1], 0}, NULL, 8) = 0
22567 14:56:32.869018 alarm(300)        = 300
22567 14:56:32.869031 write(0, "150 Ok to send data.\r\n", 22) = 22
22567 14:56:32.869097 read(6, "assasaaa\na\na\na\na\n", 65536) = 17
22567 14:56:32.869112 write(4, "assasaaa\na\na\na\na\n", 17) = 17
22567 14:56:32.869129 read(6, "", 65536) = 0
22567 14:56:32.869139 rt_sigaction(SIGALRM, {0x805cad0, ~[RTMIN RT_1], 0}, NULL, 8) = 0
22567 14:56:32.869153 alarm(300)        = 300
22567 14:56:32.869163 close(6)          = 0
22567 14:56:32.869173 alarm(0)          = 300
22567 14:56:32.869183 gettimeofday({1495652192, 869187}, NULL) = 0
22567 14:56:32.869199 gettimeofday({1495652192, 869203}, NULL) = 0
22567 14:56:32.869213 fcntl64(3, F_SETLKW64, {type=F_WRLCK, whence=SEEK_SET, start=0, len=0}, 0xbfec1854) = 0
22567 14:56:32.869228 write(3, "Wed May 24 14:56:32 2017 [pid 22567] [msfadmin] OK UPLOAD: Client \"127.0.0.1\", \"/home/msfadmin/myfile6\", 17 bytes, 26.86Kbyte/sec\n", 130) = 130
22567 14:56:32.869250 fcntl64(3, F_SETLK64, {type=F_UNLCK, whence=SEEK_SET, start=0, len=0}, 0xbfec185c) = 0
22567 14:56:32.869265 write(0, "226 Transfer complete.\r\n", 24) = 24
22567 14:56:32.869308 write(5, "\n", 1) = 1
22567 14:56:32.869320 read(5,  <unfinished ...>
22565 14:56:32.869327 close(6)          = 0
22565 14:56:32.869347 read(4, "\n", 1)  = 1
22565 14:56:32.869359 close(5)          = 0
22565 14:56:32.869370 write(4, "\1", 1) = 1
22567 14:56:32.869381 <... read resumed> "\1", 1) = 1
22567 14:56:32.869388 close(4)          = 0
22567 14:56:32.869399 rt_sigaction(SIGALRM, {0x805cad0, ~[RTMIN RT_1], 0}, NULL, 8) = 0
22567 14:56:32.869416 alarm(300)        = 0
22567 14:56:32.869428 recv(0,  <unfinished ...>
22565 14:56:32.869436 read(4,  <unfinished ...>
22564 14:56:33.318121 <... recv resumed> "USER msfadmin\r\n", 4096, MSG_PEEK) = 15
22564 14:56:33.318203 read(0, "USER msfadmin\r\n", 15) = 15
22564 14:56:33.318268 write(0, "331 Any password will do.\r\n", 27) = 27
22564 14:56:33.318346 rt_sigaction(SIGALRM, {0x805cad0, ~[RTMIN RT_1], 0}, NULL, 8) = 0
22564 14:56:33.318376 alarm(300)        = 299
22564 14:56:33.318394 recv(0, "PASS msfadmin\r\n", 4096, MSG_PEEK) = 15
22564 14:56:33.318407 read(0, "PASS msfadmin\r\n", 15) = 15
22564 14:56:33.318425 write(0, "230 Already logged in.\r\n", 24) = 24
22564 14:56:33.318490 rt_sigaction(SIGALRM, {0x805cad0, ~[RTMIN RT_1], 0}, NULL, 8) = 0
22564 14:56:33.318506 alarm(300)        = 300
22564 14:56:33.318518 recv(0, "TYPE I\r\n", 4096, MSG_PEEK) = 8
22564 14:56:33.318530 read(0, "TYPE I\r\n", 8) = 8
22564 14:56:33.318546 write(0, "200 Switching to Binary mode.\r\n", 31) = 31
22564 14:56:33.318584 rt_sigaction(SIGALRM, {0x805cad0, ~[RTMIN RT_1], 0}, NULL, 8) = 0
22564 14:56:33.318619 alarm(300)        = 300
22564 14:56:33.318631 recv(0, "PASV\r\n", 4096, MSG_PEEK) = 6
22564 14:56:33.318644 read(0, "PASV\r\n", 6) = 6
22564 14:56:33.318657 write(5, "\n", 1 <unfinished ...>
22562 14:56:33.318669 <... read resumed> "\n", 1) = 1
22564 14:56:33.318674 <... write resumed> ) = 1
22562 14:56:33.318682 write(4, "\1", 1) = 1
22562 14:56:33.318694 read(4,  <unfinished ...>
22564 14:56:33.318702 read(5, "\1", 1)  = 1
22564 14:56:33.318714 write(5, "\f", 1 <unfinished ...>
22562 14:56:33.318722 <... read resumed> "\f", 1) = 1
22564 14:56:33.318727 <... write resumed> ) = 1
22562 14:56:33.318735 socket(PF_INET, SOCK_STREAM, IPPROTO_TCP) = 5
22562 14:56:33.318751 setsockopt(5, SOL_SOCKET, SO_REUSEADDR, [1], 4) = 0
22562 14:56:33.318767 bind(5, {sa_family=AF_INET, sin_port=htons(11047), sin_addr=inet_addr("127.0.0.1")}, 16) = 0
22562 14:56:33.318784 listen(5, 1)      = 0
22562 14:56:33.318799 write(4, "\'+\0\0", 4) = 4
22562 14:56:33.318811 read(4,  <unfinished ...>
22564 14:56:33.318818 read(5, "\'+\0\0", 4) = 4
22564 14:56:33.318835 write(0, "227 Entering Passive Mode (127,0,0,1,43,39).\r\n", 46) = 46
22564 14:56:33.318951 rt_sigaction(SIGALRM, {0x805cad0, ~[RTMIN RT_1], 0}, NULL, 8) = 0
22564 14:56:33.318968 alarm(300)        = 300
22564 14:56:33.318980 recv(0, "RETR myfile39\r\n", 4096, MSG_PEEK) = 15
22564 14:56:33.318993 read(0, "RETR myfile39\r\n", 15) = 15
22564 14:56:33.319007 write(5, "\v", 1 <unfinished ...>
22562 14:56:33.319016 <... read resumed> "\v", 1) = 1
22564 14:56:33.319021 <... write resumed> ) = 1
22562 14:56:33.319028 write(4, "\1\0\0\0", 4) = 4
22562 14:56:33.319040 read(4,  <unfinished ...>
22564 14:56:33.319047 read(5, "\1\0\0\0", 4) = 4
22564 14:56:33.319060 gettimeofday({1495652193, 319064}, NULL) = 0
22564 14:56:33.319071 getcwd("/home/msfadmin", 4096) = 15
22564 14:56:33.319095 open("myfile39", O_RDONLY|O_NONBLOCK|O_LARGEFILE) = 4
22564 14:56:33.319113 fcntl64(4, F_SETLKW64, {type=F_RDLCK, whence=SEEK_SET, start=0, len=0}, 0xbfce46f4) = 0
22564 14:56:33.319129 fstat64(4, {st_mode=S_IFREG|0644, st_size=17, ...}) = 0
22564 14:56:33.319148 fcntl64(4, F_GETFL) = 0x8800 (flags O_RDONLY|O_NONBLOCK|O_LARGEFILE)
22564 14:56:33.319159 fcntl64(4, F_SETFL, O_RDONLY|O_LARGEFILE) = 0
22564 14:56:33.319172 write(5, "\v", 1 <unfinished ...>
22562 14:56:33.319181 <... read resumed> "\v", 1) = 1
22564 14:56:33.319186 <... write resumed> ) = 1
22562 14:56:33.319193 write(4, "\1\0\0\0", 4) = 4
22562 14:56:33.319204 read(4,  <unfinished ...>
22564 14:56:33.319212 read(5, "\1\0\0\0", 4) = 4
22564 14:56:33.319224 write(5, "\v", 1 <unfinished ...>
22562 14:56:33.319231 <... read resumed> "\v", 1) = 1
22564 14:56:33.319236 <... write resumed> ) = 1
22562 14:56:33.319242 write(4, "\1\0\0\0", 4) = 4
22562 14:56:33.319254 read(4,  <unfinished ...>
22564 14:56:33.319261 read(5, "\1\0\0\0", 4) = 4
22564 14:56:33.319273 write(5, "\r", 1 <unfinished ...>
22562 14:56:33.319280 <... read resumed> "\r", 1) = 1
22564 14:56:33.319293 <... write resumed> ) = 1
22562 14:56:33.319301 select(6, [5], NULL, NULL, {60, 0}) = 1 (in [5], left {60, 0})
22562 14:56:33.319318 accept(5, {sa_family=AF_INET, sin_port=htons(50719), sin_addr=inet_addr("127.0.0.1")}, [16]) = 6
22562 14:56:33.319342 write(4, "\1", 1) = 1
22562 14:56:33.319354 sendmsg(4, {msg_name(0)=NULL, msg_iov(1)=[{"\0", 1}], msg_controllen=16, {cmsg_len=16, cmsg_level=SOL_SOCKET, cmsg_type=SCM_RIGHTS, {6}}, msg_flags=0}, 0) = 1
22562 14:56:33.319372 close(6)          = 0
22562 14:56:33.319383 read(4,  <unfinished ...>
22564 14:56:33.319390 read(5, "\1", 1)  = 1
22564 14:56:33.319404 recvmsg(5, {msg_name(0)=NULL, msg_iov(1)=[{"\0", 1}], msg_controllen=16, {cmsg_len=16, cmsg_level=SOL_SOCKET, cmsg_type=SCM_RIGHTS, {6}}, msg_flags=0}, 0) = 1
22564 14:56:33.319423 setsockopt(6, SOL_SOCKET, SO_KEEPALIVE, [1], 4) = 0
22564 14:56:33.319436 setsockopt(6, SOL_IP, IP_TOS, [8], 4) = 0
22564 14:56:33.319449 setsockopt(6, SOL_SOCKET, SO_LINGER, {onoff=1, linger=32767}, 8) = 0
22564 14:56:33.319461 rt_sigaction(SIGALRM, {0x805cad0, ~[RTMIN RT_1], 0}, NULL, 8) = 0
22564 14:56:33.319475 alarm(300)        = 300
22564 14:56:33.319489 write(0, "150 Opening BINARY mode data connection for myfile39 (17 bytes).\r\n", 66) = 66
22564 14:56:33.319533 _llseek(4, 0, [0], SEEK_CUR) = 0
22564 14:56:33.319546 fstat64(4, {st_mode=S_IFREG|0644, st_size=17, ...}) = 0
22564 14:56:33.319564 _llseek(4, 0, [0], SEEK_SET) = 0
22564 14:56:33.319575 sendfile(6, 4, NULL, 17) = 17
22564 14:56:33.319621 rt_sigaction(SIGALRM, {0x805cad0, ~[RTMIN RT_1], 0}, NULL, 8) = 0
22564 14:56:33.319636 alarm(300)        = 300
22564 14:56:33.319647 close(6)          = 0
22564 14:56:33.319685 alarm(0)          = 300
22564 14:56:33.319697 gettimeofday({1495652193, 319701}, NULL) = 0
22564 14:56:33.319713 gettimeofday({1495652193, 319718}, NULL) = 0
22564 14:56:33.319728 fcntl64(3, F_SETLKW64, {type=F_WRLCK, whence=SEEK_SET, start=0, len=0}, 0xbfce4694) = 0
22564 14:56:33.319744 write(3, "Wed May 24 14:56:33 2017 [pid 22564] [msfadmin] OK DOWNLOAD: Client \"127.0.0.1\", \"/home/msfadmin/myfile39\", 17 bytes, 25.38Kbyte/sec\n", 133) = 133
22564 14:56:33.319766 fcntl64(3, F_SETLK64, {type=F_UNLCK, whence=SEEK_SET, start=0, len=0}, 0xbfce469c) = 0
22564 14:56:33.319781 write(0, "226 Transfer complete.\r\n", 24) = 24
22564 14:56:33.319849 write(5, "\n", 1 <unfinished ...>
22562 14:56:33.319860 <... read resumed> "\n", 1) = 1
22564 14:56:33.319865 <... write resumed> ) = 1
22562 14:56:33.319872 close(5)          = 0
22562 14:56:33.319885 write(4, "\1", 1) = 1
22562 14:56:33.319896 read(4,  <unfinished ...>
22564 14:56:33.319904 read(5, "\1", 1)  = 1
22564 14:56:33.319916 close(4)          = 0
22564 14:56:33.319927 rt_sigaction(SIGALRM, {0x805cad0, ~[RTMIN RT_1], 0}, NULL, 8) = 0
22564 14:56:33.319942 alarm(300)        = 0
22564 14:56:33.319953 recv(0,  <unfinished ...>
22567 14:56:33.417404 <... recv resumed> "TYPE I\r\n", 4096, MSG_PEEK) = 8
22567 14:56:33.417436 read(0, "TYPE I\r\n", 8) = 8
22567 14:56:33.417458 write(0, "200 Switching to Binary mode.\r\n", 31) = 31
22567 14:56:33.417507 rt_sigaction(SIGALRM, {0x805cad0, ~[RTMIN RT_1], 0}, NULL, 8) = 0
22567 14:56:33.417525 alarm(300)        = 299
22567 14:56:33.417538 recv(0, "PASV\r\n", 4096, MSG_PEEK) = 6
22567 14:56:33.417550 read(0, "PASV\r\n", 6) = 6
22567 14:56:33.417563 write(5, "\n", 1) = 1
22567 14:56:33.417576 read(5,  <unfinished ...>
22565 14:56:33.417585 <... read resumed> "\n", 1) = 1
22565 14:56:33.417594 write(4, "\1", 1) = 1
22567 14:56:33.417621 <... read resumed> "\1", 1) = 1
22567 14:56:33.417630 write(5, "\f", 1) = 1
22567 14:56:33.417640 read(5,  <unfinished ...>
22565 14:56:33.417648 read(4, "\f", 1)  = 1
22565 14:56:33.417661 socket(PF_INET, SOCK_STREAM, IPPROTO_TCP) = 5
22565 14:56:33.417677 setsockopt(5, SOL_SOCKET, SO_REUSEADDR, [1], 4) = 0
22565 14:56:33.417692 bind(5, {sa_family=AF_INET, sin_port=htons(55440), sin_addr=inet_addr("127.0.0.1")}, 16) = 0
22565 14:56:33.417710 listen(5, 1)      = 0
22565 14:56:33.417724 write(4, "\220\330\0\0", 4) = 4
22567 14:56:33.417736 <... read resumed> "\220\330\0\0", 4) = 4
22567 14:56:33.417758 write(0, "227 Entering Passive Mode (127,0,0,1,216,144).\r\n", 48) = 48
22567 14:56:33.417874 rt_sigaction(SIGALRM, {0x805cad0, ~[RTMIN RT_1], 0}, NULL, 8) = 0
22567 14:56:33.417891 alarm(300)        = 300
22567 14:56:33.417903 recv(0, "STOR myfile7\r\n", 4096, MSG_PEEK) = 14
22567 14:56:33.417916 read(0, "STOR myfile7\r\n", 14) = 14
22567 14:56:33.417930 write(5, "\v", 1) = 1
22567 14:56:33.417941 read(5,  <unfinished ...>
22565 14:56:33.417949 read(4, "\v", 1)  = 1
22565 14:56:33.417960 write(4, "\1\0\0\0", 4) = 4
22567 14:56:33.417971 <... read resumed> "\1\0\0\0", 4) = 4
22567 14:56:33.417980 gettimeofday({1495652193, 417984}, NULL) = 0
22567 14:56:33.417991 getcwd("/home/msfadmin", 4096) = 15
22567 14:56:33.418004 open("myfile7", O_WRONLY|O_CREAT|O_NONBLOCK|O_LARGEFILE, 0666) = 4
22567 14:56:33.418019 fstat64(4, {st_mode=S_IFREG|0644, st_size=17, ...}) = 0
22567 14:56:33.418037 fcntl64(4, F_GETFL) = 0x8801 (flags O_WRONLY|O_NONBLOCK|O_LARGEFILE)
22567 14:56:33.418049 fcntl64(4, F_SETFL, O_WRONLY|O_LARGEFILE) = 0
22567 14:56:33.418060 fcntl64(4, F_SETLKW64, {type=F_WRLCK, whence=SEEK_SET, start=0, len=0}, 0xbfec18b4) = 0
22567 14:56:33.418075 ftruncate64(4, 0) = 0
22567 14:56:33.418126 _llseek(4, 0, [0], SEEK_SET) = 0
22567 14:56:33.418143 write(5, "\v", 1) = 1
22567 14:56:33.418154 read(5,  <unfinished ...>
22565 14:56:33.418171 read(4, "\v", 1)  = 1
22565 14:56:33.418183 write(4, "\1\0\0\0", 4) = 4
22567 14:56:33.418194 <... read resumed> "\1\0\0\0", 4) = 4
22567 14:56:33.418202 write(5, "\v", 1) = 1
22567 14:56:33.418212 read(5,  <unfinished ...>
22565 14:56:33.418219 read(4, "\v", 1)  = 1
22565 14:56:33.418230 write(4, "\1\0\0\0", 4) = 4
22567 14:56:33.418241 <... read resumed> "\1\0\0\0", 4) = 4
22567 14:56:33.418248 write(5, "\r", 1) = 1
22567 14:56:33.418259 read(5,  <unfinished ...>
22565 14:56:33.418265 read(4, "\r", 1)  = 1
22565 14:56:33.418278 select(6, [5], NULL, NULL, {60, 0}) = 1 (in [5], left {60, 0})
22565 14:56:33.418295 accept(5, {sa_family=AF_INET, sin_port=htons(47756), sin_addr=inet_addr("127.0.0.1")}, [16]) = 6
22565 14:56:33.418318 write(4, "\1", 1) = 1
22567 14:56:33.418329 <... read resumed> "\1", 1) = 1
22567 14:56:33.418338 recvmsg(5,  <unfinished ...>
22565 14:56:33.418347 sendmsg(4, {msg_name(0)=NULL, msg_iov(1)=[{"\0", 1}], msg_controllen=16, {cmsg_len=16, cmsg_level=SOL_SOCKET, cmsg_type=SCM_RIGHTS, {6}}, msg_flags=0}, 0) = 1
22567 14:56:33.418364 <... recvmsg resumed> {msg_name(0)=NULL, msg_iov(1)=[{"\0", 1}], msg_controllen=16, {cmsg_len=16, cmsg_level=SOL_SOCKET, cmsg_type=SCM_RIGHTS, {6}}, msg_flags=0}, 0) = 1
22567 14:56:33.418378 setsockopt(6, SOL_SOCKET, SO_KEEPALIVE, [1], 4) = 0
22567 14:56:33.418391 setsockopt(6, SOL_IP, IP_TOS, [8], 4) = 0
22567 14:56:33.418403 setsockopt(6, SOL_SOCKET, SO_LINGER, {onoff=1, linger=32767}, 8) = 0
22567 14:56:33.418414 rt_sigaction(SIGALRM, {0x805cad0, ~[RTMIN RT_1], 0}, NULL, 8) = 0
22567 14:56:33.418428 alarm(300)        = 300
22567 14:56:33.418441 write(0, "150 Ok to send data.\r\n", 22) = 22
22567 14:56:33.418509 read(6, "assasaaa\na\na\na\na\n", 65536) = 17
22567 14:56:33.418523 write(4, "assasaaa\na\na\na\na\n", 17) = 17
22567 14:56:33.418540 read(6, "", 65536) = 0
22567 14:56:33.418551 rt_sigaction(SIGALRM, {0x805cad0, ~[RTMIN RT_1], 0}, NULL, 8) = 0
22567 14:56:33.418565 alarm(300)        = 300
22567 14:56:33.418575 close(6)          = 0
22567 14:56:33.418585 alarm(0)          = 300
22567 14:56:33.418625 gettimeofday({1495652193, 418630}, NULL) = 0
22567 14:56:33.418653 gettimeofday({1495652193, 418657}, NULL) = 0
22567 14:56:33.418668 fcntl64(3, F_SETLKW64, {type=F_WRLCK, whence=SEEK_SET, start=0, len=0}, 0xbfec1854) = 0
22567 14:56:33.418683 write(3, "Wed May 24 14:56:33 2017 [pid 22567] [msfadmin] OK UPLOAD: Client \"127.0.0.1\", \"/home/msfadmin/myfile7\", 17 bytes, 24.67Kbyte/sec\n", 130) = 130
22567 14:56:33.418704 fcntl64(3, F_SETLK64, {type=F_UNLCK, whence=SEEK_SET, start=0, len=0}, 0xbfec185c) = 0
22567 14:56:33.418719 write(0, "226 Transfer complete.\r\n", 24) = 24
22567 14:56:33.418769 write(5, "\n", 1) = 1
22567 14:56:33.418781 read(5,  <unfinished ...>
22565 14:56:33.418788 close(6)          = 0
22565 14:56:33.418808 read(4, "\n", 1)  = 1
22565 14:56:33.418820 close(5)          = 0
22565 14:56:33.418831 write(4, "\1", 1) = 1
22567 14:56:33.418842 <... read resumed> "\1", 1) = 1
22567 14:56:33.418850 close(4)          = 0
22567 14:56:33.418861 rt_sigaction(SIGALRM, {0x805cad0, ~[RTMIN RT_1], 0}, NULL, 8) = 0
22567 14:56:33.418875 alarm(300)        = 0
22567 14:56:33.418886 recv(0,  <unfinished ...>
22565 14:56:33.418894 read(4,  <unfinished ...>
22564 14:56:33.898150 <... recv resumed> "USER msfadmin\r\n", 4096, MSG_PEEK) = 15
22564 14:56:33.898341 read(0, "USER msfadmin\r\n", 15) = 15
22564 14:56:33.898506 write(0, "331 Any password will do.\r\n", 27) = 27
22564 14:56:33.898629 rt_sigaction(SIGALRM, {0x805cad0, ~[RTMIN RT_1], 0}, NULL, 8) = 0
22564 14:56:33.898668 alarm(300)        = 299
22564 14:56:33.898697 recv(0, "PASS msfadmin\r\n", 4096, MSG_PEEK) = 15
22564 14:56:33.898720 read(0, "PASS msfadmin\r\n", 15) = 15
22564 14:56:33.898738 write(0, "230 Already logged in.\r\n", 24) = 24
22564 14:56:33.898801 rt_sigaction(SIGALRM, {0x805cad0, ~[RTMIN RT_1], 0}, NULL, 8) = 0
22564 14:56:33.898817 alarm(300)        = 300
22564 14:56:33.898829 recv(0, "TYPE I\r\n", 4096, MSG_PEEK) = 8
22564 14:56:33.898841 read(0, "TYPE I\r\n", 8) = 8
22564 14:56:33.898856 write(0, "200 Switching to Binary mode.\r\n", 31) = 31
22564 14:56:33.898892 rt_sigaction(SIGALRM, {0x805cad0, ~[RTMIN RT_1], 0}, NULL, 8) = 0
22564 14:56:33.898907 alarm(300)        = 300
22564 14:56:33.898919 recv(0, "PASV\r\n", 4096, MSG_PEEK) = 6
22564 14:56:33.898930 read(0, "PASV\r\n", 6) = 6
22564 14:56:33.898942 write(5, "\n", 1 <unfinished ...>
22562 14:56:33.898954 <... read resumed> "\n", 1) = 1
22564 14:56:33.898960 <... write resumed> ) = 1
22562 14:56:33.898968 write(4, "\1", 1) = 1
22562 14:56:33.898979 read(4,  <unfinished ...>
22564 14:56:33.898986 read(5, "\1", 1)  = 1
22564 14:56:33.898998 write(5, "\f", 1 <unfinished ...>
22562 14:56:33.899006 <... read resumed> "\f", 1) = 1
22564 14:56:33.899011 <... write resumed> ) = 1
22562 14:56:33.899018 socket(PF_INET, SOCK_STREAM, IPPROTO_TCP) = 5
22562 14:56:33.899034 setsockopt(5, SOL_SOCKET, SO_REUSEADDR, [1], 4) = 0
22562 14:56:33.899049 bind(5, {sa_family=AF_INET, sin_port=htons(24054), sin_addr=inet_addr("127.0.0.1")}, 16) = 0
22562 14:56:33.899066 listen(5, 1)      = 0
22562 14:56:33.899080 write(4, "\366]\0\0", 4) = 4
22562 14:56:33.899091 read(4,  <unfinished ...>
22564 14:56:33.899098 read(5, "\366]\0\0", 4) = 4
22564 14:56:33.899115 write(0, "227 Entering Passive Mode (127,0,0,1,93,246).\r\n", 47) = 47
22564 14:56:33.899272 rt_sigaction(SIGALRM, {0x805cad0, ~[RTMIN RT_1], 0}, NULL, 8) = 0
22564 14:56:33.899289 alarm(300)        = 300
22564 14:56:33.899301 recv(0, "RETR myfile40\r\n", 4096, MSG_PEEK) = 15
22564 14:56:33.899314 read(0, "RETR myfile40\r\n", 15) = 15
22564 14:56:33.899328 write(5, "\v", 1 <unfinished ...>
22562 14:56:33.899336 <... read resumed> "\v", 1) = 1
22564 14:56:33.899341 <... write resumed> ) = 1
22562 14:56:33.899348 write(4, "\1\0\0\0", 4) = 4
22562 14:56:33.899360 read(4,  <unfinished ...>
22564 14:56:33.899367 read(5, "\1\0\0\0", 4) = 4
22564 14:56:33.899379 gettimeofday({1495652193, 899383}, NULL) = 0
22564 14:56:33.899391 getcwd("/home/msfadmin", 4096) = 15
22564 14:56:33.899404 open("myfile40", O_RDONLY|O_NONBLOCK|O_LARGEFILE) = 4
22564 14:56:33.899418 fcntl64(4, F_SETLKW64, {type=F_RDLCK, whence=SEEK_SET, start=0, len=0}, 0xbfce46f4) = 0
22564 14:56:33.899434 fstat64(4, {st_mode=S_IFREG|0644, st_size=17, ...}) = 0
22564 14:56:33.899451 fcntl64(4, F_GETFL) = 0x8800 (flags O_RDONLY|O_NONBLOCK|O_LARGEFILE)
22564 14:56:33.899463 fcntl64(4, F_SETFL, O_RDONLY|O_LARGEFILE) = 0
22564 14:56:33.899474 write(5, "\v", 1 <unfinished ...>
22562 14:56:33.899483 <... read resumed> "\v", 1) = 1
22564 14:56:33.899488 <... write resumed> ) = 1
22562 14:56:33.899494 write(4, "\1\0\0\0", 4) = 4
22562 14:56:33.899505 read(4,  <unfinished ...>
22564 14:56:33.899512 read(5, "\1\0\0\0", 4) = 4
22564 14:56:33.899531 write(5, "\v", 1 <unfinished ...>
22562 14:56:33.899539 <... read resumed> "\v", 1) = 1
22564 14:56:33.899544 <... write resumed> ) = 1
22562 14:56:33.899551 write(4, "\1\0\0\0", 4) = 4
22562 14:56:33.899562 read(4,  <unfinished ...>
22564 14:56:33.899568 read(5, "\1\0\0\0", 4) = 4
22564 14:56:33.899580 write(5, "\r", 1 <unfinished ...>
22562 14:56:33.899588 <... read resumed> "\r", 1) = 1
22564 14:56:33.899593 <... write resumed> ) = 1
22562 14:56:33.899600 select(6, [5], NULL, NULL, {60, 0}) = 1 (in [5], left {60, 0})
22562 14:56:33.899617 accept(5, {sa_family=AF_INET, sin_port=htons(34226), sin_addr=inet_addr("127.0.0.1")}, [16]) = 6
22562 14:56:33.899639 write(4, "\1", 1) = 1
22562 14:56:33.899652 sendmsg(4, {msg_name(0)=NULL, msg_iov(1)=[{"\0", 1}], msg_controllen=16, {cmsg_len=16, cmsg_level=SOL_SOCKET, cmsg_type=SCM_RIGHTS, {6}}, msg_flags=0}, 0) = 1
22562 14:56:33.899669 close(6)          = 0
22562 14:56:33.899679 read(4,  <unfinished ...>
22564 14:56:33.899686 read(5, "\1", 1)  = 1
22564 14:56:33.899699 recvmsg(5, {msg_name(0)=NULL, msg_iov(1)=[{"\0", 1}], msg_controllen=16, {cmsg_len=16, cmsg_level=SOL_SOCKET, cmsg_type=SCM_RIGHTS, {6}}, msg_flags=0}, 0) = 1
22564 14:56:33.899718 setsockopt(6, SOL_SOCKET, SO_KEEPALIVE, [1], 4) = 0
22564 14:56:33.899730 setsockopt(6, SOL_IP, IP_TOS, [8], 4) = 0
22564 14:56:33.899743 setsockopt(6, SOL_SOCKET, SO_LINGER, {onoff=1, linger=32767}, 8) = 0
22564 14:56:33.899754 rt_sigaction(SIGALRM, {0x805cad0, ~[RTMIN RT_1], 0}, NULL, 8) = 0
22564 14:56:33.899768 alarm(300)        = 300
22564 14:56:33.899782 write(0, "150 Opening BINARY mode data connection for myfile40 (17 bytes).\r\n", 66) = 66
22564 14:56:33.899822 _llseek(4, 0, [0], SEEK_CUR) = 0
22564 14:56:33.899835 fstat64(4, {st_mode=S_IFREG|0644, st_size=17, ...}) = 0
22564 14:56:33.899853 _llseek(4, 0, [0], SEEK_SET) = 0
22564 14:56:33.899864 sendfile(6, 4, NULL, 17) = 17
22564 14:56:33.899894 rt_sigaction(SIGALRM, {0x805cad0, ~[RTMIN RT_1], 0}, NULL, 8) = 0
22564 14:56:33.899908 alarm(300)        = 300
22564 14:56:33.899919 close(6)          = 0
22564 14:56:33.899955 alarm(0)          = 300
22564 14:56:33.899966 gettimeofday({1495652193, 899970}, NULL) = 0
22564 14:56:33.899982 gettimeofday({1495652193, 899986}, NULL) = 0
22564 14:56:33.899997 fcntl64(3, F_SETLKW64, {type=F_WRLCK, whence=SEEK_SET, start=0, len=0}, 0xbfce4694) = 0
22564 14:56:33.900012 write(3, "Wed May 24 14:56:33 2017 [pid 22564] [msfadmin] OK DOWNLOAD: Client \"127.0.0.1\", \"/home/msfadmin/myfile40\", 17 bytes, 27.53Kbyte/sec\n", 133) = 133
22564 14:56:33.900033 fcntl64(3, F_SETLK64, {type=F_UNLCK, whence=SEEK_SET, start=0, len=0}, 0xbfce469c) = 0
22564 14:56:33.900048 write(0, "226 Transfer complete.\r\n", 24) = 24
22564 14:56:33.900113 write(5, "\n", 1 <unfinished ...>
22562 14:56:33.900123 <... read resumed> "\n", 1) = 1
22564 14:56:33.900128 <... write resumed> ) = 1
22562 14:56:33.900135 close(5)          = 0
22562 14:56:33.900147 write(4, "\1", 1) = 1
22562 14:56:33.900158 read(4,  <unfinished ...>
22564 14:56:33.900182 read(5, "\1", 1)  = 1
22564 14:56:33.900195 close(4)          = 0
22564 14:56:33.900216 rt_sigaction(SIGALRM, {0x805cad0, ~[RTMIN RT_1], 0}, NULL, 8) = 0
22564 14:56:33.900230 alarm(300)        = 0
22564 14:56:33.900241 recv(0,  <unfinished ...>
22567 14:56:33.958080 <... recv resumed> "QUIT\r\n", 4096, MSG_PEEK) = 6
22567 14:56:33.958259 read(0, "QUIT\r\n", 6) = 6
22567 14:56:33.958410 shutdown(0, 0 /* receive */) = 0
22567 14:56:33.958482 fcntl64(0, F_GETFL) = 0x2 (flags O_RDWR)
22567 14:56:33.958520 fcntl64(0, F_SETFL, O_RDWR|O_NONBLOCK) = 0
22567 14:56:33.958547 write(0, "221 Goodbye.\r\n", 14) = 14
22567 14:56:33.958621 fcntl64(0, F_GETFL) = 0x802 (flags O_RDWR|O_NONBLOCK)
22567 14:56:33.958634 fcntl64(0, F_SETFL, O_RDWR) = 0
22567 14:56:33.958645 shutdown(0, 2 /* send and receive */) = 0
22567 14:56:33.958666 exit_group(0)     = ?
22565 14:56:33.958719 <... read resumed> 0xbfec1967, 1) = ? ERESTARTSYS (To be restarted)
22565 14:56:33.958727 --- SIGCHLD (Child exited) @ 0 (0) ---
22565 14:56:33.958739 alarm(1)          = 0
22565 14:56:33.958759 sigreturn()       = ? (mask now [])
22565 14:56:33.958776 alarm(0)          = 1
22565 14:56:33.958787 wait4(-1, [{WIFEXITED(s) && WEXITSTATUS(s) == 0}], 0, NULL) = 22567
22565 14:56:33.958803 exit_group(0)     = ?
4380  14:56:33.958841 <... select resumed> ) = ? ERESTARTNOHAND (To be restarted)
4380  14:56:33.958849 --- SIGCHLD (Child exited) @ 0 (0) ---
4380  14:56:33.958857 write(4, "\21", 1) = 1
4380  14:56:33.958872 sigreturn()       = ? (mask now [])
4380  14:56:33.958904 select(13, [3 5 6 8 9 10 11 12], NULL, NULL, NULL) = 1 (in [3])
4380  14:56:33.958923 ioctl(3, FIONREAD, [1]) = 0
4380  14:56:33.958937 read(3, "\21", 1) = 1
4380  14:56:33.958951 waitpid(-1, [{WIFEXITED(s) && WEXITSTATUS(s) == 0}], WNOHANG) = 22565
4380  14:56:33.958968 close(-1)         = -1 EBADF (Bad file descriptor)
4380  14:56:33.958984 waitpid(-1, 0xbf9d5dbc, WNOHANG) = 0
4380  14:56:33.958995 select(13, [3 5 6 8 9 10 11 12], NULL, NULL, NULL <unfinished ...>
22564 14:56:34.487560 <... recv resumed> "USER msfadmin\r\n", 4096, MSG_PEEK) = 15
4380  14:56:34.487595 <... select resumed> ) = 1 (in [5])
22564 14:56:34.487613 read(0,  <unfinished ...>
4380  14:56:34.487622 accept(5,  <unfinished ...>
22564 14:56:34.487633 <... read resumed> "USER msfadmin\r\n", 15) = 15
4380  14:56:34.487640 <... accept resumed> {sa_family=AF_INET, sin_port=htons(46430), sin_addr=inet_addr("127.0.0.1")}, [16]) = 13
22564 14:56:34.487714 write(0, "331 Any password will do.\r\n", 27 <unfinished ...>
4380  14:56:34.487724 time(NULL)        = 1495652194
4380  14:56:34.487738 clone(child_stack=0, flags=CLONE_CHILD_CLEARTID|CLONE_CHILD_SETTID|SIGCHLD, child_tidptr=0xb7dd26f8) = 22571
22571 14:56:34.487851 rt_sigaction(SIGPIPE, {SIG_DFL}, {SIG_IGN}, 8) = 0
22571 14:56:34.487867 rt_sigaction(SIGTSTP, {SIG_DFL}, {SIG_IGN}, 8) = 0
22571 14:56:34.487879 rt_sigaction(SIGTTIN, {SIG_DFL},  <unfinished ...>
22564 14:56:34.487918 <... write resumed> ) = 27
22571 14:56:34.487925 <... rt_sigaction resumed> {SIG_IGN}, 8) = 0
22571 14:56:34.487933 rt_sigaction(SIGTTOU, {SIG_DFL}, {SIG_IGN}, 8) = 0
22571 14:56:34.487949 rt_sigprocmask(SIG_SETMASK, [], NULL, 8) = 0
22571 14:56:34.487963 close(3)          = 0
22571 14:56:34.487973 close(4)          = 0
22564 14:56:34.487986 rt_sigaction(SIGALRM, {0x805cad0, ~[RTMIN RT_1], 0},  <unfinished ...>
22571 14:56:34.487996 open("/dev/null", O_RDONLY) = 3
22571 14:56:34.488013 dup2(3, 0 <unfinished ...>
22564 14:56:34.488020 <... rt_sigaction resumed> NULL, 8) = 0
22571 14:56:34.488024 <... dup2 resumed> ) = 0
22564 14:56:34.488031 alarm(300 <unfinished ...>
22571 14:56:34.488036 dup2(3, 1 <unfinished ...>
22564 14:56:34.488044 <... alarm resumed> ) = 299
22571 14:56:34.488048 <... dup2 resumed> ) = 1
22571 14:56:34.488054 dup2(3, 2)        = 2
22564 14:56:34.488066 recv(0,  <unfinished ...>
22571 14:56:34.488071 close(3 <unfinished ...>
22564 14:56:34.488077 <... recv resumed> "PASS msfadmin\r\n", 4096, MSG_PEEK) = 15
22571 14:56:34.488084 <... close resumed> ) = 0
22564 14:56:34.488095 read(0,  <unfinished ...>
22571 14:56:34.488100 setgid32(0 <unfinished ...>
22564 14:56:34.488107 <... read resumed> "PASS msfadmin\r\n", 15) = 15
22571 14:56:34.488113 <... setgid32 resumed> ) = 0
22564 14:56:34.488129 write(0, "230 Already logged in.\r\n", 24 <unfinished ...>
22571 14:56:34.488136 setgroups32(0, []) = 0
22571 14:56:34.488148 setuid32(0)       = 0
22571 14:56:34.488160 getpriority(PRIO_PROCESS, 0) = 20
22571 14:56:34.488170 setpriority(PRIO_PROCESS, 0, 10) = 0
22571 14:56:34.488180 getpriority(PRIO_PROCESS, 0) = 10
22571 14:56:34.488218 getpeername(13,  <unfinished ...>
22564 14:56:34.488312 <... write resumed> ) = 24
22571 14:56:34.488322 <... getpeername resumed> {sa_family=AF_INET, sin_port=htons(46430), sin_addr=inet_addr("127.0.0.1")}, [16]) = 0
22564 14:56:34.488340 rt_sigaction(SIGALRM, {0x805cad0, ~[RTMIN RT_1], 0},  <unfinished ...>
22571 14:56:34.488354 getsockname(13,  <unfinished ...>
22564 14:56:34.488360 <... rt_sigaction resumed> NULL, 8) = 0
22571 14:56:34.488373 <... getsockname resumed> {sa_family=AF_INET, sin_port=htons(21), sin_addr=inet_addr("127.0.0.1")}, [16]) = 0
22564 14:56:34.488389 alarm(300 <unfinished ...>
22571 14:56:34.488409 open("/etc/hosts.allow", O_RDONLY <unfinished ...>
22564 14:56:34.488417 <... alarm resumed> ) = 300
22564 14:56:34.488425 recv(0, "TYPE I\r\n", 4096, MSG_PEEK) = 8
22564 14:56:34.488438 read(0, "TYPE I\r\n", 8) = 8
22564 14:56:34.488453 write(0, "200 Switching to Binary mode.\r\n", 31) = 31
22571 14:56:34.488493 <... open resumed> ) = 3
22571 14:56:34.488506 fstat64(3,  <unfinished ...>
22564 14:56:34.488514 rt_sigaction(SIGALRM, {0x805cad0, ~[RTMIN RT_1], 0}, NULL, 8) = 0
22564 14:56:34.488528 alarm(300)        = 300
22564 14:56:34.488539 recv(0, "PASV\r\n", 4096, MSG_PEEK) = 6
22571 14:56:34.488550 <... fstat64 resumed> {st_mode=S_IFREG|0644, st_size=588, ...}) = 0
22564 14:56:34.488565 read(0,  <unfinished ...>
22571 14:56:34.488572 mmap2(NULL, 4096, PROT_READ|PROT_WRITE, MAP_PRIVATE|MAP_ANONYMOUS, -1, 0 <unfinished ...>
22564 14:56:34.488581 <... read resumed> "PASV\r\n", 6) = 6
22571 14:56:34.488589 <... mmap2 resumed> ) = 0xb7fa1000
22564 14:56:34.488598 write(5, "\n", 1 <unfinished ...>
22562 14:56:34.488609 <... read resumed> "\n", 1) = 1
22564 14:56:34.488615 <... write resumed> ) = 1
22562 14:56:34.488622 write(4, "\1", 1) = 1
22562 14:56:34.488634 read(4,  <unfinished ...>
22571 14:56:34.488641 read(3, "# /etc/hosts.allow: list of hosts that are allowed to access the system.\n#                   See the manual pages hosts_access(5) and hosts_options(5).\n#\n# Example:    ALL: LOCAL @some_netgroup\n#             ALL: .foobar.edu EXCEPT terminalserver.foobar.edu\n#\n# If you\'re going to protect the portmapper use the name \"portmap\" for the\n# daemon name. Remember that you can only use the keyword \"ALL\" and IP\n# addresses (NOT host or domain names) for the portmapper, as well as for\n# rpc.mountd (the NFS mount daemon). See portmap(8) and rpc.mountd(8)\n# for further information.\n#\n\nALL:ALL\n", 4096) = 588
22564 14:56:34.488691 read(5, "\1", 1)  = 1
22571 14:56:34.488726 close(3 <unfinished ...>
22564 14:56:34.488734 write(5, "\f", 1 <unfinished ...>
22562 14:56:34.488742 <... read resumed> "\f", 1) = 1
22564 14:56:34.488747 <... write resumed> ) = 1
22562 14:56:34.488754 socket(PF_INET, SOCK_STREAM, IPPROTO_TCP) = 5
22562 14:56:34.488768 setsockopt(5, SOL_SOCKET, SO_REUSEADDR, [1], 4) = 0
22562 14:56:34.488783 bind(5, {sa_family=AF_INET, sin_port=htons(41144), sin_addr=inet_addr("127.0.0.1")}, 16) = 0
22562 14:56:34.488798 listen(5, 1)      = 0
22562 14:56:34.488815 write(4, "\270\240\0\0", 4) = 4
22562 14:56:34.488827 read(4,  <unfinished ...>
22564 14:56:34.488834 read(5, "\270\240\0\0", 4) = 4
22564 14:56:34.488851 write(0, "227 Entering Passive Mode (127,0,0,1,160,184).\r\n", 48) = 48
22564 14:56:34.488949 rt_sigaction(SIGALRM, {0x805cad0, ~[RTMIN RT_1], 0}, NULL, 8) = 0
22564 14:56:34.488965 alarm(300)        = 300
22564 14:56:34.488977 recv(0, "RETR myfile0\r\n", 4096, MSG_PEEK) = 14
22564 14:56:34.488990 read(0, "RETR myfile0\r\n", 14) = 14
22571 14:56:34.489001 <... close resumed> ) = 0
22564 14:56:34.489010 write(5, "\v", 1 <unfinished ...>
22571 14:56:34.489017 munmap(0xb7fa1000, 4096) = 0
22562 14:56:34.489031 <... read resumed> "\v", 1) = 1
22564 14:56:34.489036 <... write resumed> ) = 1
22562 14:56:34.489043 write(4, "\1\0\0\0", 4) = 4
22562 14:56:34.489054 read(4,  <unfinished ...>
22564 14:56:34.489061 read(5,  <unfinished ...>
22571 14:56:34.489083 fcntl64(13, F_SETFD, 0 <unfinished ...>
22564 14:56:34.489092 <... read resumed> "\1\0\0\0", 4) = 4
22564 14:56:34.489101 gettimeofday({1495652194, 489105}, NULL) = 0
22564 14:56:34.489113 getcwd("/home/msfadmin", 4096) = 15
22564 14:56:34.489126 open("myfile0", O_RDONLY|O_NONBLOCK|O_LARGEFILE) = 4
22564 14:56:34.489139 fcntl64(4, F_SETLKW64, {type=F_RDLCK, whence=SEEK_SET, start=0, len=0}, 0xbfce46f4) = 0
22564 14:56:34.489154 fstat64(4,  <unfinished ...>
22571 14:56:34.489160 <... fcntl64 resumed> ) = 0
22564 14:56:34.489166 <... fstat64 resumed> {st_mode=S_IFREG|0644, st_size=17, ...}) = 0
22571 14:56:34.489186 close(7 <unfinished ...>
22564 14:56:34.489193 fcntl64(4, F_GETFL) = 0x8800 (flags O_RDONLY|O_NONBLOCK|O_LARGEFILE)
22564 14:56:34.489204 fcntl64(4, F_SETFL, O_RDONLY|O_LARGEFILE) = 0
22571 14:56:34.489214 <... close resumed> ) = 0
22564 14:56:34.489240 write(5, "\v", 1 <unfinished ...>
22571 14:56:34.489251 dup2(13, 0)       = 0
22571 14:56:34.489262 dup2(13, 1)       = 1
22571 14:56:34.489272 dup2(13, 2)       = 2
22571 14:56:34.489296 setrlimit(RLIMIT_NOFILE, {rlim_cur=1024, rlim_max=1024}) = 0
22571 14:56:34.489318 close(13)         = 0
22571 14:56:34.489338 setsid()          = 22571
22571 14:56:34.489349 execve("/usr/sbin/vsftpd", ["vsftpd"], [/* 15 vars */]) = 0
22562 14:56:34.489420 <... read resumed> "\v", 1) = 1
22564 14:56:34.489426 <... write resumed> ) = 1
22562 14:56:34.489433 write(4, "\1\0\0\0", 4) = 4
22562 14:56:34.489445 read(4,  <unfinished ...>
22564 14:56:34.489452 read(5, "\1\0\0\0", 4) = 4
22564 14:56:34.489464 write(5, "\v", 1 <unfinished ...>
22562 14:56:34.489471 <... read resumed> "\v", 1) = 1
22564 14:56:34.489476 <... write resumed> ) = 1
22562 14:56:34.489483 write(4, "\1\0\0\0", 4) = 4
22562 14:56:34.489494 read(4,  <unfinished ...>
22564 14:56:34.489501 read(5, "\1\0\0\0", 4) = 4
22564 14:56:34.489512 write(5, "\r", 1 <unfinished ...>
22562 14:56:34.489520 <... read resumed> "\r", 1) = 1
22564 14:56:34.489525 <... write resumed> ) = 1
22562 14:56:34.489532 select(6, [5], NULL, NULL, {60, 0}) = 1 (in [5], left {60, 0})
22562 14:56:34.489549 accept(5, {sa_family=AF_INET, sin_port=htons(45937), sin_addr=inet_addr("127.0.0.1")}, [16]) = 6
22562 14:56:34.489571 write(4, "\1", 1) = 1
22562 14:56:34.489583 sendmsg(4, {msg_name(0)=NULL, msg_iov(1)=[{"\0", 1}], msg_controllen=16, {cmsg_len=16, cmsg_level=SOL_SOCKET, cmsg_type=SCM_RIGHTS, {6}}, msg_flags=0}, 0) = 1
22562 14:56:34.489601 close(6)          = 0
22562 14:56:34.489611 read(4,  <unfinished ...>
22564 14:56:34.489618 read(5, "\1", 1)  = 1
22564 14:56:34.489631 recvmsg(5, {msg_name(0)=NULL, msg_iov(1)=[{"\0", 1}], msg_controllen=16, {cmsg_len=16, cmsg_level=SOL_SOCKET, cmsg_type=SCM_RIGHTS, {6}}, msg_flags=0}, 0) = 1
22564 14:56:34.489650 setsockopt(6, SOL_SOCKET, SO_KEEPALIVE, [1], 4) = 0
22564 14:56:34.489663 setsockopt(6, SOL_IP, IP_TOS, [8], 4) = 0
22564 14:56:34.489675 setsockopt(6, SOL_SOCKET, SO_LINGER, {onoff=1, linger=32767}, 8) = 0
22564 14:56:34.489686 rt_sigaction(SIGALRM, {0x805cad0, ~[RTMIN RT_1], 0}, NULL, 8) = 0
22564 14:56:34.489700 alarm(300)        = 300
22564 14:56:34.489715 write(0, "150 Opening BINARY mode data connection for myfile0 (17 bytes).\r\n", 65) = 65
22564 14:56:34.489758 _llseek(4, 0, [0], SEEK_CUR) = 0
22564 14:56:34.489771 fstat64(4, {st_mode=S_IFREG|0644, st_size=17, ...}) = 0
22564 14:56:34.489788 _llseek(4, 0, [0], SEEK_SET) = 0
22564 14:56:34.489800 sendfile(6, 4, NULL, 17) = 17
22571 14:56:34.489837 brk(0 <unfinished ...>
22564 14:56:34.489847 rt_sigaction(SIGALRM, {0x805cad0, ~[RTMIN RT_1], 0}, NULL, 8) = 0
22564 14:56:34.489861 alarm(300)        = 300
22564 14:56:34.489871 close(6 <unfinished ...>
22571 14:56:34.489904 <... brk resumed> ) = 0x8064000
22571 14:56:34.489921 access("/etc/ld.so.nohwcap", F_OK <unfinished ...>
22564 14:56:34.489932 <... close resumed> ) = 0
22564 14:56:34.489938 alarm(0)          = 300
22564 14:56:34.489949 gettimeofday({1495652194, 489953}, NULL) = 0
22564 14:56:34.489965 gettimeofday( <unfinished ...>
22571 14:56:34.489972 <... access resumed> ) = -1 ENOENT (No such file or directory)
22571 14:56:34.489981 mmap2(NULL, 8192, PROT_READ|PROT_WRITE, MAP_PRIVATE|MAP_ANONYMOUS, -1, 0 <unfinished ...>
22564 14:56:34.489989 <... gettimeofday resumed> {1495652194, 489987}, NULL) = 0
22571 14:56:34.489996 <... mmap2 resumed> ) = 0xb7f68000
22564 14:56:34.490007 fcntl64(3, F_SETLKW64, {type=F_WRLCK, whence=SEEK_SET, start=0, len=0} <unfinished ...>
22571 14:56:34.490019 access("/etc/ld.so.preload", R_OK) = -1 ENOENT (No such file or directory)
22564 14:56:34.490033 <... fcntl64 resumed> , 0xbfce4694) = 0
22571 14:56:34.490047 open("/etc/ld.so.cache", O_RDONLY <unfinished ...>
22564 14:56:34.490057 write(3, "Wed May 24 14:56:34 2017 [pid 22564] [msfadmin] OK DOWNLOAD: Client \"127.0.0.1\", \"/home/msfadmin/myfile0\", 17 bytes, 18.82Kbyte/sec\n", 132) = 132
22571 14:56:34.490080 <... open resumed> ) = 3
22571 14:56:34.490086 fstat64(3,  <unfinished ...>
22564 14:56:34.490093 fcntl64(3, F_SETLK64, {type=F_UNLCK, whence=SEEK_SET, start=0, len=0} <unfinished ...>
22571 14:56:34.490101 <... fstat64 resumed> {st_mode=S_IFREG|0644, st_size=29913, ...}) = 0
22564 14:56:34.490115 <... fcntl64 resumed> , 0xbfce469c) = 0
22571 14:56:34.490122 mmap2(NULL, 29913, PROT_READ, MAP_PRIVATE, 3, 0 <unfinished ...>
22564 14:56:34.490132 write(0, "226 Transfer complete.\r\n", 24 <unfinished ...>
22571 14:56:34.490141 <... mmap2 resumed> ) = 0xb7f60000
22571 14:56:34.490147 close(3)          = 0
22564 14:56:34.490222 <... write resumed> ) = 24
22571 14:56:34.490244 access("/etc/ld.so.nohwcap", F_OK) = -1 ENOENT (No such file or directory)
22564 14:56:34.490259 write(5, "\n", 1 <unfinished ...>
22571 14:56:34.490270 open("/lib/libpam.so.0", O_RDONLY <unfinished ...>
22562 14:56:34.490281 <... read resumed> "\n", 1) = 1
22564 14:56:34.490286 <... write resumed> ) = 1
22562 14:56:34.490292 close(5)          = 0
22562 14:56:34.490305 write(4, "\1", 1) = 1
22562 14:56:34.490317 read(4,  <unfinished ...>
22564 14:56:34.490324 read(5, "\1", 1)  = 1
22564 14:56:34.490336 close(4 <unfinished ...>
22571 14:56:34.490344 <... open resumed> ) = 3
22564 14:56:34.490350 <... close resumed> ) = 0
22564 14:56:34.490357 rt_sigaction(SIGALRM, {0x805cad0, ~[RTMIN RT_1], 0},  <unfinished ...>
22571 14:56:34.490368 read(3, "\177ELF\1\1\1\0\0\0\0\0\0\0\0\0\3\0\3\0\1\0\0\0\320\30\0\0004\0\0\0\f\220\0\0\0\0\0\0004\0 \0\4\0(\0\33\0\32\0\1\0\0\0\0\0\0\0\0\0\0\0\0\0\0\0t\214\0\0t\214\0\0\5\0\0\0\0\20\0\0\1\0\0\0t\214\0\0t\234\0\0t\234\0\0\250\2\0\0\254\2\0\0\6\0\0\0\0\20\0\0\2\0\0\0D\215\0\0D\235\0\0D\235\0\0\350\0\0\0\350\0\0\0\6\0\0\0\4\0\0\0Q\345td\0\0\0\0\0\0\0\0\0\0\0\0\0\0\0\0\0\0\0\0\6\0\0\0\4\0\0\0\254\0\0\0X\0\0\0D\0\0\0\0\0\0\0G\0\0\0\7\0\0\0*\0\0\0\v\0\0\0\36\0\0\0\0\0\0\0K\0\0\0L\0\0\0\34\0\0\0\0\0\0\0\0\0\0\0V\0\0\0\0\0\0\0\0\0\0\0\21\0\0\0\33\0\0\0\0\0\0\0\0\0\0\0\0\0\0\0>\0\0\0O\0\0\0\0\0\0\0\0\0\0\0\0\0\0\0\2\0\0\0\0\0\0\0\0\0\0\0P\0\0\0R\0\0\0\0\0\0\0A\0\0\0?\0\0\0\0\0\0\0\0\0\0\0;\0\0\0\r\0\0\0\0\0\0\0\0\0\0\0\0\0\0\0006\0\0\0(\0\0\0\0\0\0\0.\0\0\0\16\0\0\0,\0\0\0\0\0\0\0!\0\0\0\30\0\0\0\0\0\0\0\0\0\0\0\0\0\0\0\0\0\0\0\0\0\0\0\31\0\0\0\0\0\0\0<\0\0\0W\0\0\0+\0\0\0M\0\0\0\0\0\0\0\0\0\0\0&\0\0\0\0\0\0\0N\0\0\0\0\0\0\0\0\0\0\0\27\0\0\0\0\0\0\0\0\0\0\0\0\0\0\0001\0\0\0%\0\0\0\35\0\0\0\0\0\0\0/\0\0\0\0\0\0\0\0\0\0\0\0\0\0\0B\0\0\0", 512) = 512
22564 14:56:34.490456 <... rt_sigaction resumed> NULL, 8) = 0
22564 14:56:34.490463 alarm(300)        = 0
22571 14:56:34.490474 fstat64(3,  <unfinished ...>
22564 14:56:34.490482 recv(0,  <unfinished ...>
22571 14:56:34.490489 <... fstat64 resumed> {st_mode=S_IFREG|0644, st_size=37956, ...}) = 0
22571 14:56:34.490504 mmap2(NULL, 40736, PROT_READ|PROT_EXEC, MAP_PRIVATE|MAP_DENYWRITE, 3, 0) = 0xb7f56000
22571 14:56:34.490518 mmap2(0xb7f5f000, 4096, PROT_READ|PROT_WRITE, MAP_PRIVATE|MAP_FIXED|MAP_DENYWRITE, 3, 0x8) = 0xb7f5f000
22571 14:56:34.490534 close(3)          = 0
22571 14:56:34.490547 access("/etc/ld.so.nohwcap", F_OK) = -1 ENOENT (No such file or directory)
22571 14:56:34.490562 open("/lib/tls/i686/cmov/libdl.so.2", O_RDONLY) = 3
