23362 15:05:14.871409 fcntl64(4, F_GETFL) = 0x8801 (flags O_WRONLY|O_NONBLOCK|O_LARGEFILE)
23362 15:05:14.871420 fcntl64(4, F_SETFL, O_WRONLY|O_LARGEFILE) = 0
23362 15:05:14.871430 fcntl64(4, F_SETLKW64, {type=F_WRLCK, whence=SEEK_SET, start=0, len=0}, 0xbfe53044) = 0
23362 15:05:14.871444 ftruncate64(4, 0) = 0
23362 15:05:14.871463 _llseek(4, 0, [0], SEEK_SET) = 0
23362 15:05:14.871474 write(5, "\v", 1 <unfinished ...>
23360 15:05:14.871482 <... read resumed> "\v", 1) = 1
23362 15:05:14.871486 <... write resumed> ) = 1
23360 15:05:14.871492 write(4, "\1\0\0\0", 4) = 4
23360 15:05:14.871503 read(4,  <unfinished ...>
23362 15:05:14.871510 read(5, "\1\0\0\0", 4) = 4
23362 15:05:14.871521 write(5, "\v", 1 <unfinished ...>
23360 15:05:14.871528 <... read resumed> "\v", 1) = 1
23362 15:05:14.871533 <... write resumed> ) = 1
23360 15:05:14.871539 write(4, "\1\0\0\0", 4) = 4
23360 15:05:14.871549 read(4,  <unfinished ...>
23362 15:05:14.871555 read(5, "\1\0\0\0", 4) = 4
23362 15:05:14.871567 write(5, "\r", 1 <unfinished ...>
23360 15:05:14.871574 <... read resumed> "\r", 1) = 1
23362 15:05:14.871578 <... write resumed> ) = 1
23360 15:05:14.871585 select(6, [5], NULL, NULL, {60, 0}) = 1 (in [5], left {60, 0})
23360 15:05:14.871602 accept(5, {sa_family=AF_INET, sin_port=htons(34401), sin_addr=inet_addr("127.0.0.1")}, [16]) = 6
23360 15:05:14.871624 write(4, "\1", 1) = 1
23360 15:05:14.871635 sendmsg(4, {msg_name(0)=NULL, msg_iov(1)=[{"\0", 1}], msg_controllen=16, {cmsg_len=16, cmsg_level=SOL_SOCKET, cmsg_type=SCM_RIGHTS, {6}}, msg_flags=0}, 0) = 1
23360 15:05:14.871652 close(6)          = 0
23360 15:05:14.871662 read(4,  <unfinished ...>
23362 15:05:14.871669 read(5, "\1", 1)  = 1
23362 15:05:14.871681 recvmsg(5, {msg_name(0)=NULL, msg_iov(1)=[{"\0", 1}], msg_controllen=16, {cmsg_len=16, cmsg_level=SOL_SOCKET, cmsg_type=SCM_RIGHTS, {6}}, msg_flags=0}, 0) = 1
23362 15:05:14.871700 setsockopt(6, SOL_SOCKET, SO_KEEPALIVE, [1], 4) = 0
23362 15:05:14.871712 setsockopt(6, SOL_IP, IP_TOS, [8], 4) = 0
23362 15:05:14.871728 setsockopt(6, SOL_SOCKET, SO_LINGER, {onoff=1, linger=32767}, 8) = 0
23362 15:05:14.871740 rt_sigaction(SIGALRM, {0x805cad0, ~[RTMIN RT_1], 0}, NULL, 8) = 0
23362 15:05:14.871753 alarm(300)        = 300
23362 15:05:14.871765 write(0, "150 Ok to send data.\r\n", 22) = 22
23362 15:05:14.871830 read(6, "assasaaa\na\na\na\na\n", 65536) = 17
23362 15:05:14.871844 write(4, "assasaaa\na\na\na\na\n", 17) = 17
23362 15:05:14.871861 read(6, "", 65536) = 0
23362 15:05:14.871871 rt_sigaction(SIGALRM, {0x805cad0, ~[RTMIN RT_1], 0}, NULL, 8) = 0
23362 15:05:14.871910 alarm(300)        = 300
23362 15:05:14.871921 close(6)          = 0
23362 15:05:14.871955 alarm(0)          = 300
23362 15:05:14.871965 gettimeofday({1495652714, 871969}, NULL) = 0
23362 15:05:14.871981 gettimeofday({1495652714, 871985}, NULL) = 0
23362 15:05:14.871996 fcntl64(3, F_SETLKW64, {type=F_WRLCK, whence=SEEK_SET, start=0, len=0}, 0xbfe52fe4) = 0
23362 15:05:14.872011 write(3, "Wed May 24 15:05:14 2017 [pid 23362] [msfadmin] OK UPLOAD: Client \"127.0.0.1\", \"/home/msfadmin/myfile13\", 17 bytes, 26.44Kbyte/sec\n", 131) = 131
23362 15:05:14.872033 fcntl64(3, F_SETLK64, {type=F_UNLCK, whence=SEEK_SET, start=0, len=0}, 0xbfe52fec) = 0
23362 15:05:14.872047 write(0, "226 Transfer complete.\r\n", 24) = 24
23362 15:05:14.872091 write(5, "\n", 1 <unfinished ...>
23360 15:05:14.872101 <... read resumed> "\n", 1) = 1
23362 15:05:14.872106 <... write resumed> ) = 1
23360 15:05:14.872112 close(5)          = 0
23360 15:05:14.872123 write(4, "\1", 1) = 1
23360 15:05:14.872134 read(4,  <unfinished ...>
23362 15:05:14.872141 read(5, "\1", 1)  = 1
23362 15:05:14.872152 close(4)          = 0
23362 15:05:14.872163 rt_sigaction(SIGALRM, {0x805cad0, ~[RTMIN RT_1], 0}, NULL, 8) = 0
23362 15:05:14.872176 alarm(300)        = 0
23362 15:05:14.872187 recv(0,  <unfinished ...>
23365 15:05:14.991462 <... recv resumed> "USER msfadmin\r\n", 4096, MSG_PEEK) = 15
23365 15:05:14.991533 read(0, "USER msfadmin\r\n", 15) = 15
23365 15:05:14.991591 write(0, "331 Any password will do.\r\n", 27) = 27
23365 15:05:14.991660 rt_sigaction(SIGALRM, {0x805cad0, ~[RTMIN RT_1], 0}, NULL, 8) = 0
23365 15:05:14.991688 alarm(300)        = 299
23365 15:05:14.991703 recv(0, "PASS msfadmin\r\n", 4096, MSG_PEEK) = 15
23365 15:05:14.991715 read(0, "PASS msfadmin\r\n", 15) = 15
23365 15:05:14.991732 write(0, "230 Already logged in.\r\n", 24) = 24
23365 15:05:14.991794 rt_sigaction(SIGALRM, {0x805cad0, ~[RTMIN RT_1], 0}, NULL, 8) = 0
23365 15:05:14.991810 alarm(300)        = 300
23365 15:05:14.991821 recv(0, "TYPE I\r\n", 4096, MSG_PEEK) = 8
23365 15:05:14.991832 read(0, "TYPE I\r\n", 8) = 8
23365 15:05:14.991846 write(0, "200 Switching to Binary mode.\r\n", 31) = 31
23365 15:05:14.991882 rt_sigaction(SIGALRM, {0x805cad0, ~[RTMIN RT_1], 0}, NULL, 8) = 0
23365 15:05:14.991896 alarm(300)        = 300
23365 15:05:14.991907 recv(0, "PASV\r\n", 4096, MSG_PEEK) = 6
23365 15:05:14.991918 read(0, "PASV\r\n", 6) = 6
23365 15:05:14.991929 write(5, "\n", 1) = 1
23365 15:05:14.991942 read(5,  <unfinished ...>
23363 15:05:14.991951 <... read resumed> "\n", 1) = 1
23363 15:05:14.991960 write(4, "\1", 1) = 1
23365 15:05:14.991971 <... read resumed> "\1", 1) = 1
23365 15:05:14.991978 write(5, "\f", 1) = 1
23365 15:05:14.991988 read(5,  <unfinished ...>
23363 15:05:14.991994 read(4, "\f", 1)  = 1
23363 15:05:14.992006 socket(PF_INET, SOCK_STREAM, IPPROTO_TCP) = 5
23363 15:05:14.992022 setsockopt(5, SOL_SOCKET, SO_REUSEADDR, [1], 4) = 0
23363 15:05:14.992037 bind(5, {sa_family=AF_INET, sin_port=htons(11490), sin_addr=inet_addr("127.0.0.1")}, 16) = 0
23363 15:05:14.992053 listen(5, 1)      = 0
23363 15:05:14.992067 write(4, "\342,\0\0", 4) = 4
23365 15:05:14.992078 <... read resumed> "\342,\0\0", 4) = 4
23365 15:05:14.992090 write(0, "227 Entering Passive Mode (127,0,0,1,44,226).\r\n", 47) = 47
23365 15:05:14.992202 rt_sigaction(SIGALRM, {0x805cad0, ~[RTMIN RT_1], 0}, NULL, 8) = 0
23365 15:05:14.992253 alarm(300)        = 300
23365 15:05:14.992266 recv(0, "RETR myfile7\r\n", 4096, MSG_PEEK) = 14
23365 15:05:14.992296 read(0, "RETR myfile7\r\n", 14) = 14
23365 15:05:14.992309 write(5, "\v", 1) = 1
23365 15:05:14.992320 read(5,  <unfinished ...>
23363 15:05:14.992327 read(4, "\v", 1)  = 1
23363 15:05:14.992339 write(4, "\1\0\0\0", 4) = 4
23365 15:05:14.992349 <... read resumed> "\1\0\0\0", 4) = 4
23365 15:05:14.992357 gettimeofday({1495652714, 992361}, NULL) = 0
23365 15:05:14.992368 getcwd("/home/msfadmin", 4096) = 15
23365 15:05:14.992381 open("myfile7", O_RDONLY|O_NONBLOCK|O_LARGEFILE) = 4
23365 15:05:14.992395 fcntl64(4, F_SETLKW64, {type=F_RDLCK, whence=SEEK_SET, start=0, len=0}, 0xbfe15824) = 0
23365 15:05:14.992410 fstat64(4, {st_mode=S_IFREG|0644, st_size=17, ...}) = 0
23365 15:05:14.992428 fcntl64(4, F_GETFL) = 0x8800 (flags O_RDONLY|O_NONBLOCK|O_LARGEFILE)
23365 15:05:14.992438 fcntl64(4, F_SETFL, O_RDONLY|O_LARGEFILE) = 0
23365 15:05:14.992450 write(5, "\v", 1) = 1
23365 15:05:14.992460 read(5,  <unfinished ...>
23363 15:05:14.992467 read(4, "\v", 1)  = 1
23363 15:05:14.992478 write(4, "\1\0\0\0", 4) = 4
23365 15:05:14.992489 <... read resumed> "\1\0\0\0", 4) = 4
23365 15:05:14.992496 write(5, "\v", 1) = 1
23365 15:05:14.992506 read(5,  <unfinished ...>
23363 15:05:14.992512 read(4, "\v", 1)  = 1
23363 15:05:14.992523 write(4, "\1\0\0\0", 4) = 4
23365 15:05:14.992533 <... read resumed> "\1\0\0\0", 4) = 4
23365 15:05:14.992540 write(5, "\r", 1) = 1
23365 15:05:14.992550 read(5,  <unfinished ...>
23363 15:05:14.992556 read(4, "\r", 1)  = 1
23363 15:05:14.992568 select(6, [5], NULL, NULL, {60, 0}) = 1 (in [5], left {60, 0})
23363 15:05:14.992585 accept(5, {sa_family=AF_INET, sin_port=htons(58781), sin_addr=inet_addr("127.0.0.1")}, [16]) = 6
23363 15:05:14.992606 write(4, "\1", 1) = 1
23365 15:05:14.992617 <... read resumed> "\1", 1) = 1
23365 15:05:14.992625 recvmsg(5,  <unfinished ...>
23363 15:05:14.992634 sendmsg(4, {msg_name(0)=NULL, msg_iov(1)=[{"\0", 1}], msg_controllen=16, {cmsg_len=16, cmsg_level=SOL_SOCKET, cmsg_type=SCM_RIGHTS, {6}}, msg_flags=0}, 0) = 1
23365 15:05:14.992651 <... recvmsg resumed> {msg_name(0)=NULL, msg_iov(1)=[{"\0", 1}], msg_controllen=16, {cmsg_len=16, cmsg_level=SOL_SOCKET, cmsg_type=SCM_RIGHTS, {6}}, msg_flags=0}, 0) = 1
23365 15:05:14.992664 setsockopt(6, SOL_SOCKET, SO_KEEPALIVE, [1], 4) = 0
23365 15:05:14.992676 setsockopt(6, SOL_IP, IP_TOS, [8], 4) = 0
23365 15:05:14.992688 setsockopt(6, SOL_SOCKET, SO_LINGER, {onoff=1, linger=32767}, 8) = 0
23365 15:05:14.992699 rt_sigaction(SIGALRM, {0x805cad0, ~[RTMIN RT_1], 0}, NULL, 8) = 0
23365 15:05:14.992712 alarm(300)        = 300
23365 15:05:14.992726 write(0, "150 Opening BINARY mode data connection for myfile7 (17 bytes).\r\n", 65) = 65
23365 15:05:14.992767 _llseek(4, 0, [0], SEEK_CUR) = 0
23365 15:05:14.992780 fstat64(4, {st_mode=S_IFREG|0644, st_size=17, ...}) = 0
23365 15:05:14.992796 _llseek(4, 0, [0], SEEK_SET) = 0
23365 15:05:14.992807 sendfile(6, 4, NULL, 17) = 17
23365 15:05:14.992838 rt_sigaction(SIGALRM, {0x805cad0, ~[RTMIN RT_1], 0}, NULL, 8) = 0
23365 15:05:14.992852 alarm(300)        = 300
23365 15:05:14.992862 close(6)          = 0
23365 15:05:14.992871 alarm(0)          = 300
23365 15:05:14.992881 gettimeofday({1495652714, 992885}, NULL) = 0
23365 15:05:14.992896 gettimeofday({1495652714, 992900}, NULL) = 0
23365 15:05:14.992910 fcntl64(3, F_SETLKW64, {type=F_WRLCK, whence=SEEK_SET, start=0, len=0}, 0xbfe157c4) = 0
23365 15:05:14.992924 write(3, "Wed May 24 15:05:14 2017 [pid 23365] [msfadmin] OK DOWNLOAD: Client \"127.0.0.1\", \"/home/msfadmin/myfile7\", 17 bytes, 30.80Kbyte/sec\n", 132) = 132
23365 15:05:14.992945 fcntl64(3, F_SETLK64, {type=F_UNLCK, whence=SEEK_SET, start=0, len=0}, 0xbfe157cc) = 0
23365 15:05:14.992960 write(0, "226 Transfer complete.\r\n", 24) = 24
23365 15:05:14.992975 write(5, "\n", 1) = 1
23365 15:05:14.992985 read(5,  <unfinished ...>
23363 15:05:14.992992 close(6)          = 0
23363 15:05:14.993075 read(4, "\n", 1)  = 1
23363 15:05:14.993088 close(5)          = 0
23363 15:05:14.993099 write(4, "\1", 1) = 1
23365 15:05:14.993110 <... read resumed> "\1", 1) = 1
23365 15:05:14.993117 close(4)          = 0
23365 15:05:14.993131 rt_sigaction(SIGALRM, {0x805cad0, ~[RTMIN RT_1], 0}, NULL, 8) = 0
23365 15:05:14.993144 alarm(300)        = 0
23365 15:05:14.993155 recv(0,  <unfinished ...>
23363 15:05:14.993163 read(4,  <unfinished ...>
23362 15:05:15.400829 <... recv resumed> "QUIT\r\n", 4096, MSG_PEEK) = 6
23362 15:05:15.400869 read(0, "QUIT\r\n", 6) = 6
23362 15:05:15.400891 shutdown(0, 0 /* receive */) = 0
23362 15:05:15.400906 fcntl64(0, F_GETFL) = 0x2 (flags O_RDWR)
23362 15:05:15.400918 fcntl64(0, F_SETFL, O_RDWR|O_NONBLOCK) = 0
23362 15:05:15.400929 write(0, "221 Goodbye.\r\n", 14) = 14
23362 15:05:15.400990 fcntl64(0, F_GETFL) = 0x802 (flags O_RDWR|O_NONBLOCK)
23362 15:05:15.401003 fcntl64(0, F_SETFL, O_RDWR) = 0
23362 15:05:15.401013 shutdown(0, 2 /* send and receive */) = 0
23362 15:05:15.401034 exit_group(0)     = ?
23360 15:05:15.401349 <... read resumed> 0xbfe530f7, 1) = ? ERESTARTSYS (To be restarted)
23360 15:05:15.401358 --- SIGCHLD (Child exited) @ 0 (0) ---
23360 15:05:15.401370 alarm(1)          = 0
23360 15:05:15.401381 sigreturn()       = ? (mask now [])
23360 15:05:15.401397 alarm(0)          = 1
23360 15:05:15.401409 wait4(-1, [{WIFEXITED(s) && WEXITSTATUS(s) == 0}], 0, NULL) = 23362
23360 15:05:15.401424 exit_group(0)     = ?
4380  15:05:15.401764 <... select resumed> ) = ? ERESTARTNOHAND (To be restarted)
4380  15:05:15.401773 --- SIGCHLD (Child exited) @ 0 (0) ---
4380  15:05:15.401782 write(4, "\21", 1) = 1
4380  15:05:15.401797 sigreturn()       = ? (mask now [])
4380  15:05:15.401829 select(13, [3 5 6 8 9 10 11 12], NULL, NULL, NULL) = 1 (in [3])
4380  15:05:15.401847 ioctl(3, FIONREAD, [1]) = 0
4380  15:05:15.401861 read(3, "\21", 1) = 1
4380  15:05:15.401874 waitpid(-1, [{WIFEXITED(s) && WEXITSTATUS(s) == 0}], WNOHANG) = 23360
4380  15:05:15.401895 close(-1)         = -1 EBADF (Bad file descriptor)
4380  15:05:15.401907 waitpid(-1, 0xbf9d5dbc, WNOHANG) = 0
4380  15:05:15.401917 select(13, [3 5 6 8 9 10 11 12], NULL, NULL, NULL <unfinished ...>
23365 15:05:15.500869 <... recv resumed> "USER msfadmin\r\n", 4096, MSG_PEEK) = 15
23365 15:05:15.500909 read(0, "USER msfadmin\r\n", 15) = 15
23365 15:05:15.500934 write(0, "331 Any password will do.\r\n", 27) = 27
23365 15:05:15.500979 rt_sigaction(SIGALRM, {0x805cad0, ~[RTMIN RT_1], 0}, NULL, 8) = 0
23365 15:05:15.500997 alarm(300)        = 299
23365 15:05:15.501009 recv(0, "PASS msfadmin\r\n", 4096, MSG_PEEK) = 15
23365 15:05:15.501021 read(0, "PASS msfadmin\r\n", 15) = 15
23365 15:05:15.501037 write(0, "230 Already logged in.\r\n", 24) = 24
23365 15:05:15.501097 rt_sigaction(SIGALRM, {0x805cad0, ~[RTMIN RT_1], 0}, NULL, 8) = 0
23365 15:05:15.501112 alarm(300)        = 300
23365 15:05:15.501124 recv(0, "TYPE I\r\n", 4096, MSG_PEEK) = 8
23365 15:05:15.501135 read(0, "TYPE I\r\n", 8) = 8
23365 15:05:15.501149 write(0, "200 Switching to Binary mode.\r\n", 31) = 31
23365 15:05:15.501185 rt_sigaction(SIGALRM, {0x805cad0, ~[RTMIN RT_1], 0}, NULL, 8) = 0
23365 15:05:15.501199 alarm(300)        = 300
23365 15:05:15.501210 recv(0, "PASV\r\n", 4096, MSG_PEEK) = 6
23365 15:05:15.501221 read(0, "PASV\r\n", 6) = 6
23365 15:05:15.501233 write(5, "\n", 1) = 1
23365 15:05:15.501245 read(5,  <unfinished ...>
23363 15:05:15.501254 <... read resumed> "\n", 1) = 1
23363 15:05:15.501263 write(4, "\1", 1) = 1
23365 15:05:15.501274 <... read resumed> "\1", 1) = 1
23365 15:05:15.501281 write(5, "\f", 1) = 1
23365 15:05:15.501291 read(5,  <unfinished ...>
23363 15:05:15.501298 read(4, "\f", 1)  = 1
23363 15:05:15.501310 socket(PF_INET, SOCK_STREAM, IPPROTO_TCP) = 5
23363 15:05:15.501325 setsockopt(5, SOL_SOCKET, SO_REUSEADDR, [1], 4) = 0
23363 15:05:15.501340 bind(5, {sa_family=AF_INET, sin_port=htons(57171), sin_addr=inet_addr("127.0.0.1")}, 16) = 0
23363 15:05:15.501356 listen(5, 1)      = 0
23363 15:05:15.501369 write(4, "S\337\0\0", 4) = 4
23365 15:05:15.501380 <... read resumed> "S\337\0\0", 4) = 4
23365 15:05:15.501392 write(0, "227 Entering Passive Mode (127,0,0,1,223,83).\r\n", 47) = 47
23365 15:05:15.501502 rt_sigaction(SIGALRM, {0x805cad0, ~[RTMIN RT_1], 0}, NULL, 8) = 0
23365 15:05:15.501526 alarm(300)        = 300
23365 15:05:15.501538 recv(0, "RETR myfile8\r\n", 4096, MSG_PEEK) = 14
23365 15:05:15.501550 read(0, "RETR myfile8\r\n", 14) = 14
23365 15:05:15.501563 write(5, "\v", 1) = 1
23365 15:05:15.501573 read(5,  <unfinished ...>
23363 15:05:15.501581 read(4, "\v", 1)  = 1
23363 15:05:15.501623 write(4, "\1\0\0\0", 4) = 4
23365 15:05:15.501636 <... read resumed> "\1\0\0\0", 4) = 4
23365 15:05:15.501654 gettimeofday({1495652715, 501658}, NULL) = 0
23365 15:05:15.501665 getcwd("/home/msfadmin", 4096) = 15
23365 15:05:15.501678 open("myfile8", O_RDONLY|O_NONBLOCK|O_LARGEFILE) = 4
23365 15:05:15.501692 fcntl64(4, F_SETLKW64, {type=F_RDLCK, whence=SEEK_SET, start=0, len=0}, 0xbfe15824) = 0
23365 15:05:15.501706 fstat64(4, {st_mode=S_IFREG|0644, st_size=17, ...}) = 0
23365 15:05:15.501724 fcntl64(4, F_GETFL) = 0x8800 (flags O_RDONLY|O_NONBLOCK|O_LARGEFILE)
23365 15:05:15.501734 fcntl64(4, F_SETFL, O_RDONLY|O_LARGEFILE) = 0
23365 15:05:15.501746 write(5, "\v", 1) = 1
23365 15:05:15.501756 read(5,  <unfinished ...>
23363 15:05:15.501763 read(4, "\v", 1)  = 1
23363 15:05:15.501774 write(4, "\1\0\0\0", 4) = 4
23365 15:05:15.501785 <... read resumed> "\1\0\0\0", 4) = 4
23365 15:05:15.501792 write(5, "\v", 1) = 1
23365 15:05:15.501802 read(5,  <unfinished ...>
23363 15:05:15.501808 read(4, "\v", 1)  = 1
23363 15:05:15.501819 write(4, "\1\0\0\0", 4) = 4
23365 15:05:15.501829 <... read resumed> "\1\0\0\0", 4) = 4
23365 15:05:15.501837 write(5, "\r", 1) = 1
23365 15:05:15.501847 read(5,  <unfinished ...>
23363 15:05:15.501853 read(4, "\r", 1)  = 1
23363 15:05:15.501865 select(6, [5], NULL, NULL, {60, 0}) = 1 (in [5], left {60, 0})
23363 15:05:15.501881 accept(5, {sa_family=AF_INET, sin_port=htons(43754), sin_addr=inet_addr("127.0.0.1")}, [16]) = 6
23363 15:05:15.501903 write(4, "\1", 1) = 1
23365 15:05:15.501914 <... read resumed> "\1", 1) = 1
23365 15:05:15.501922 recvmsg(5,  <unfinished ...>
23363 15:05:15.501930 sendmsg(4, {msg_name(0)=NULL, msg_iov(1)=[{"\0", 1}], msg_controllen=16, {cmsg_len=16, cmsg_level=SOL_SOCKET, cmsg_type=SCM_RIGHTS, {6}}, msg_flags=0}, 0) = 1
23365 15:05:15.501948 <... recvmsg resumed> {msg_name(0)=NULL, msg_iov(1)=[{"\0", 1}], msg_controllen=16, {cmsg_len=16, cmsg_level=SOL_SOCKET, cmsg_type=SCM_RIGHTS, {6}}, msg_flags=0}, 0) = 1
23365 15:05:15.501961 setsockopt(6, SOL_SOCKET, SO_KEEPALIVE, [1], 4) = 0
23365 15:05:15.501973 setsockopt(6, SOL_IP, IP_TOS, [8], 4) = 0
23365 15:05:15.501985 setsockopt(6, SOL_SOCKET, SO_LINGER, {onoff=1, linger=32767}, 8) = 0
23365 15:05:15.501996 rt_sigaction(SIGALRM, {0x805cad0, ~[RTMIN RT_1], 0}, NULL, 8) = 0
23365 15:05:15.502010 alarm(300)        = 300
23365 15:05:15.502023 write(0, "150 Opening BINARY mode data connection for myfile8 (17 bytes).\r\n", 65) = 65
23365 15:05:15.502065 _llseek(4, 0, [0], SEEK_CUR) = 0
23365 15:05:15.502077 fstat64(4, {st_mode=S_IFREG|0644, st_size=17, ...}) = 0
23365 15:05:15.502094 _llseek(4, 0, [0], SEEK_SET) = 0
23365 15:05:15.502105 sendfile(6, 4, NULL, 17) = 17
23365 15:05:15.502135 rt_sigaction(SIGALRM, {0x805cad0, ~[RTMIN RT_1], 0}, NULL, 8) = 0
23365 15:05:15.502149 alarm(300)        = 300
23365 15:05:15.502159 close(6)          = 0
23365 15:05:15.502168 alarm(0)          = 300
23365 15:05:15.502177 gettimeofday({1495652715, 502181}, NULL) = 0
23365 15:05:15.502193 gettimeofday({1495652715, 502197}, NULL) = 0
23365 15:05:15.502207 fcntl64(3, F_SETLKW64, {type=F_WRLCK, whence=SEEK_SET, start=0, len=0}, 0xbfe157c4) = 0
23365 15:05:15.502221 write(3, "Wed May 24 15:05:15 2017 [pid 23365] [msfadmin] OK DOWNLOAD: Client \"127.0.0.1\", \"/home/msfadmin/myfile8\", 17 bytes, 30.80Kbyte/sec\n", 132) = 132
23365 15:05:15.502243 fcntl64(3, F_SETLK64, {type=F_UNLCK, whence=SEEK_SET, start=0, len=0}, 0xbfe157cc) = 0
23365 15:05:15.502257 write(0, "226 Transfer complete.\r\n", 24) = 24
23365 15:05:15.502272 write(5, "\n", 1) = 1
23365 15:05:15.502283 read(5,  <unfinished ...>
23363 15:05:15.502290 close(6)          = 0
23363 15:05:15.502373 read(4, "\n", 1)  = 1
23363 15:05:15.502386 close(5)          = 0
23363 15:05:15.502400 write(4, "\1", 1) = 1
23365 15:05:15.502411 <... read resumed> "\1", 1) = 1
23365 15:05:15.502419 close(4)          = 0
23365 15:05:15.502429 rt_sigaction(SIGALRM, {0x805cad0, ~[RTMIN RT_1], 0}, NULL, 8) = 0
23365 15:05:15.502442 alarm(300)        = 0
23365 15:05:15.502453 recv(0,  <unfinished ...>
23363 15:05:15.502461 read(4,  <unfinished ...>
