19937 14:29:13.878137 read(7, "\177ELF\1\1\1\0\0\0\0\0\0\0\0\0\3\0\3\0\1\0\0\0\300@\0\0004\0\0\0\224r\1\0\0\0\0\0004\0 \0\6\0(\0\33\0\32\0\1\0\0\0\0\0\0\0\0\0\0\0\0\0\0\0\230f\1\0\230f\1\0\5\0\0\0\0\20\0\0\1\0\0\0\240n\1\0\240~\1\0\240~\1\0\20\3\0\0\234\f\0\0\6\0\0\0\0\20\0\0\2\0\0\0\320n\1\0\320~\1\0\320~\1\0\340\0\0\0\340\0\0\0\6\0\0\0\4\0\0\0\7\0\0\0\240n\1\0\240~\1\0\240~\1\0\0\0\0\0\\\0\0\0\4\0\0\0 \0\0\0Q\345td\0\0\0\0\0\0\0\0\0\0\0\0\0\0\0\0\0\0\0\0\6\0\0\0\4\0\0\0R\345td\240n\1\0\240~\1\0\240~\1\0T\1\0\0T\1\0\0\4\0\0\0\1\0\0\0\7\1\0\0#\1\0\0\0\0\0\0\24\0\0\0\v\1\0\0\306\0\0\0\0\0\0\0\36\1\0\0\330\0\0\0 \1\0\0001\0\0\0\345\0\0\0\34\0\0\0\206\0\0\0\212\0\0\0\234\0\0\0\0\0\0\0*\0\0\0\0\0\0\0\0\0\0\0\370\0\0\0004\0\0\0\0\0\0\0\0\0\0\0\0\0\0\0\0\0\0\0\0\0\0\0\224\0\0\0\0\0\0\0\0\0\0\0\0\0\0\0\244\0\0\0\347\0\0\0\373\0\0\0\0\0\0\0\304\0\0\0\257\0\0\0\0\0\0\0!\1\0\0\0\0\0\0\307\0\0\0\235\0\0\0\25\1\0\0`\0\0\0\0\0\0\0\256\0\0\0\374\0\0\0O\0\0\0i\0\0\0^\0\0\0\337\0\0\0-\0\0\0m\0\0\0\0\0\0\0\0\0\0\0\0\0\0\0\0\0\0\0\260\0\0\0\314\0\0\0\6\0\0\0\276\0\0\0{\0\0\0\226\0\0\0\0\0\0\0E\0\0\0\33\0\0\0\371\0\0\0", 512) = 512
19937 14:29:13.878225 fstat64(7, {st_mode=S_IFREG|0644, st_size=95948, ...}) = 0
19937 14:29:13.878243 mmap2(NULL, 101180, PROT_READ|PROT_EXEC, MAP_PRIVATE|MAP_DENYWRITE, 7, 0) = 0xb7d41000
19937 14:29:13.878255 mmap2(0xb7d58000, 8192, PROT_READ|PROT_WRITE, MAP_PRIVATE|MAP_FIXED|MAP_DENYWRITE, 7, 0x16) = 0xb7d58000
19937 14:29:13.878273 close(7)          = 0
19937 14:29:13.878369 open("/etc/selinux/config", O_RDONLY|O_LARGEFILE) = -1 ENOENT (No such file or directory)
19937 14:29:13.878396 statfs64("/selinux", 84, 0xbfe7b90c) = -1 ENOENT (No such file or directory)
19937 14:29:13.878409 open("/proc/mounts", O_RDONLY|O_LARGEFILE) = 7
19937 14:29:13.878436 fstat64(7, {st_mode=S_IFREG|0444, st_size=0, ...}) = 0
19937 14:29:13.878453 mmap2(NULL, 4096, PROT_READ|PROT_WRITE, MAP_PRIVATE|MAP_ANONYMOUS, -1, 0) = 0xb7f5d000
19937 14:29:13.878469 read(7, "rootfs / rootfs rw 0 0\nnone /sys sysfs rw,nosuid,nodev,noexec 0 0\nnone /proc proc rw,nosuid,nodev,noexec 0 0\nudev /dev tmpfs rw,relatime 0 0\nfusectl /sys/fs/fuse/connections fusectl rw,relatime 0 0\n/dev/mapper/metasploitable-root / ext3 rw,relatime,errors=remount-ro,data=ordered 0 0\n/dev/mapper/metasploitable-root /dev/.static/dev ext3 rw,relatime,errors=remount-ro,data=ordered 0 0\ntmpfs /var/run tmpfs rw,nosuid,nodev,noexec 0 0\ntmpfs /var/lock tmpfs rw,nosuid,nodev,noexec 0 0\ntmpfs /dev/shm tmpfs rw,relatime 0 0\ndevpts /dev/pts devpts rw,relatime 0 0\ntmpfs /var/run tmpfs rw,nosuid,nodev,noexec 0 0\ntmpfs /var/lock tmpfs rw,nosuid,nodev,noexec 0 0\n/dev/sda1 /boot ext3 rw,relatime,data=ordered 0 0\nsecurityfs /sys/kernel/security securityfs rw,relatime 0 0\nrpc_pipefs /var/lib/nfs/rpc_pipefs rpc_pipefs rw,relatime 0 0\nnfsd /proc/fs/nfsd nfsd rw,relatime 0 0\n", 1024) = 866
19937 14:29:13.878553 read(7, "", 1024) = 0
19937 14:29:13.878563 close(7)          = 0
19937 14:29:13.878573 munmap(0xb7f5d000, 4096) = 0
19937 14:29:13.878589 munmap(0xb7d8c000, 29913) = 0
19937 14:29:13.878603 read(6, "", 4096) = 0
19937 14:29:13.878614 close(6)          = 0
19937 14:29:13.878624 munmap(0xb7f5e000, 4096) = 0
19937 14:29:13.878635 stat64("/etc/pam.d", {st_mode=S_IFDIR|0755, st_size=4096, ...}) = 0
19937 14:29:13.878655 open("/etc/pam.d/common-account", O_RDONLY|O_LARGEFILE) = 6
19937 14:29:13.878669 fstat64(6, {st_mode=S_IFREG|0644, st_size=392, ...}) = 0
19937 14:29:13.878686 mmap2(NULL, 4096, PROT_READ|PROT_WRITE, MAP_PRIVATE|MAP_ANONYMOUS, -1, 0) = 0xb7f5e000
19937 14:29:13.878697 read(6, "#\n# /etc/pam.d/common-account - authorization settings common to all services\n#\n# This file is included from other service-specific PAM config files,\n# and should contain a list of the authorization modules that define\n# the central access policy for use on the system.  The default is to\n# only deny service to users whose accounts are expired in /etc/shadow.\n#\naccount\trequired\tpam_unix.so\n", 4096) = 392
19937 14:29:13.878738 read(6, "", 4096) = 0
19937 14:29:13.878748 close(6)          = 0
19937 14:29:13.878757 munmap(0xb7f5e000, 4096) = 0
19937 14:29:13.878768 stat64("/etc/pam.d", {st_mode=S_IFDIR|0755, st_size=4096, ...}) = 0
19937 14:29:13.878787 open("/etc/pam.d/common-session", O_RDONLY|O_LARGEFILE) = 6
19937 14:29:13.878801 fstat64(6, {st_mode=S_IFREG|0644, st_size=372, ...}) = 0
19937 14:29:13.878817 mmap2(NULL, 4096, PROT_READ|PROT_WRITE, MAP_PRIVATE|MAP_ANONYMOUS, -1, 0) = 0xb7f5e000
19937 14:29:13.878828 read(6, "#\n# /etc/pam.d/common-session - session-related modules common to all services\n#\n# This file is included from other service-specific PAM config files,\n# and should contain a list of modules that define tasks to be performed\n# at the start and end of sessions of *any* kind (both interactive and\n# non-interactive).  The default is pam_unix.\n#\nsession\trequired\tpam_unix.so\n", 4096) = 372
19937 14:29:13.878867 read(6, "", 4096) = 0
19937 14:29:13.878876 close(6)          = 0
19937 14:29:13.878886 munmap(0xb7f5e000, 4096) = 0
19937 14:29:13.878896 read(5, "", 4096) = 0
19937 14:29:13.878905 close(5)          = 0
19937 14:29:13.878914 munmap(0xb7f64000, 4096) = 0
19937 14:29:13.878925 open("/etc/pam.d/other", O_RDONLY|O_LARGEFILE) = 5
19937 14:29:13.878938 fstat64(5, {st_mode=S_IFREG|0644, st_size=520, ...}) = 0
19937 14:29:13.878954 mmap2(NULL, 4096, PROT_READ|PROT_WRITE, MAP_PRIVATE|MAP_ANONYMOUS, -1, 0) = 0xb7f64000
19937 14:29:13.878965 read(5, "#\n# /etc/pam.d/other - specify the PAM fallback behaviour\n#\n# Note that this file is used for any unspecified service; for example\n#if /etc/pam.d/cron  specifies no session modules but cron calls\n#pam_open_session, the session module out of /etc/pam.d/other is\n#used.  If you really want nothing to happen then use pam_permit.so or\n#pam_deny.so as appropriate.\n\n# We fall back to the system default in /etc/pam.d/common-*\n# \n\n@include common-auth\n@include common-account\n@include common-password\n@include common-session\n", 4096) = 520
19937 14:29:13.879013 stat64("/etc/pam.d", {st_mode=S_IFDIR|0755, st_size=4096, ...}) = 0
19937 14:29:13.879032 open("/etc/pam.d/common-auth", O_RDONLY|O_LARGEFILE) = 6
19937 14:29:13.879045 fstat64(6, {st_mode=S_IFREG|0644, st_size=476, ...}) = 0
19937 14:29:13.879078 mmap2(NULL, 4096, PROT_READ|PROT_WRITE, MAP_PRIVATE|MAP_ANONYMOUS, -1, 0) = 0xb7f5e000
19937 14:29:13.879098 read(6, "#\n# /etc/pam.d/common-auth - authentication settings common to all services\n#\n# This file is included from other service-specific PAM config files,\n# and should contain a list of the authentication modules that define\n# the central authentication scheme for use on the system\n# (e.g., /etc/shadow, LDAP, Kerberos, etc.).  The default is to use the\n# traditional Unix authentication mechanisms.\n#\nauth\trequisite\tpam_unix.so nullok_secure\n# auth\toptional\tpam_smbpass.so migrate\n", 4096) = 476
19937 14:29:13.879146 read(6, "", 4096) = 0
19937 14:29:13.879156 close(6)          = 0
19937 14:29:13.879166 munmap(0xb7f5e000, 4096) = 0
19937 14:29:13.879177 stat64("/etc/pam.d", {st_mode=S_IFDIR|0755, st_size=4096, ...}) = 0
19937 14:29:13.879196 open("/etc/pam.d/common-account", O_RDONLY|O_LARGEFILE) = 6
19937 14:29:13.879210 fstat64(6, {st_mode=S_IFREG|0644, st_size=392, ...}) = 0
19937 14:29:13.879226 mmap2(NULL, 4096, PROT_READ|PROT_WRITE, MAP_PRIVATE|MAP_ANONYMOUS, -1, 0) = 0xb7f5e000
19937 14:29:13.879237 read(6, "#\n# /etc/pam.d/common-account - authorization settings common to all services\n#\n# This file is included from other service-specific PAM config files,\n# and should contain a list of the authorization modules that define\n# the central access policy for use on the system.  The default is to\n# only deny service to users whose accounts are expired in /etc/shadow.\n#\naccount\trequired\tpam_unix.so\n", 4096) = 392
19937 14:29:13.879277 read(6, "", 4096) = 0
19937 14:29:13.879287 close(6)          = 0
19937 14:29:13.879296 munmap(0xb7f5e000, 4096) = 0
19937 14:29:13.879307 stat64("/etc/pam.d", {st_mode=S_IFDIR|0755, st_size=4096, ...}) = 0
19937 14:29:13.879326 open("/etc/pam.d/common-password", O_RDONLY|O_LARGEFILE) = 6
19937 14:29:13.879339 fstat64(6, {st_mode=S_IFREG|0644, st_size=1563, ...}) = 0
19937 14:29:13.879355 mmap2(NULL, 4096, PROT_READ|PROT_WRITE, MAP_PRIVATE|MAP_ANONYMOUS, -1, 0) = 0xb7f5e000
19937 14:29:13.879366 read(6, "#\n# /etc/pam.d/common-password - password-related modules common to all services\n#\n# This file is included from other service-specific PAM config files,\n# and should contain a list of modules that define the services to be\n# used to change user passwords.  The default is pam_unix.\n\n# Explanation of pam_unix options:\n#\n# The \"nullok\" option allows users to change an empty password, else\n# empty passwords are treated as locked accounts.\n#\n# The \"md5\" option enables MD5 passwords.  Without this option, the\n# default is Unix crypt.\n#\n# The \"obscure\" option replaces the old `OBSCURE_CHECKS_ENAB\' option in\n# login.defs.\n#\n# You can also use the \"min\" option to enforce the length of the new\n# password.\n#\n# See the pam_unix manpage for other options.\n\npassword   requisite   pam_unix.so nullok obscure md5\n\n# Alternate strength checking for password. Note that this\n# requires the libpam-cracklib package to be installed.\n# You will need to comment out the password line above and\n# uncomment the next two in order to use this.\n# (Replaces the `OBSCURE_CHECKS_ENAB\', `CRACKLIB_DICTPATH\')\n#\n# password required\t  pam_cracklib.so retry=3 minlen=6 difok=3\n# password required\t  pam_unix.so use_authtok nullok md5\n\n# minimally-intrusive inclusion of smbpass in the stack for\n# synchronization.  If the module is absent or the passwords don\'t\n# match, this module will be ignored without prompting; and if the \n# passwords do match, the NTLM hash for the user will be updated\n# automatically.\n# password   optional   pam_smbpass.so nullok use_authtok use_first_pass\n", 4096) = 1563
19937 14:29:13.879482 read(6, "", 4096) = 0
19937 14:29:13.879496 close(6)          = 0
19937 14:29:13.879505 munmap(0xb7f5e000, 4096) = 0
19937 14:29:13.879516 stat64("/etc/pam.d", {st_mode=S_IFDIR|0755, st_size=4096, ...}) = 0
19937 14:29:13.879535 open("/etc/pam.d/common-session", O_RDONLY|O_LARGEFILE) = 6
19937 14:29:13.879548 fstat64(6, {st_mode=S_IFREG|0644, st_size=372, ...}) = 0
19937 14:29:13.879565 mmap2(NULL, 4096, PROT_READ|PROT_WRITE, MAP_PRIVATE|MAP_ANONYMOUS, -1, 0) = 0xb7f5e000
19937 14:29:13.879575 read(6, "#\n# /etc/pam.d/common-session - session-related modules common to all services\n#\n# This file is included from other service-specific PAM config files,\n# and should contain a list of modules that define tasks to be performed\n# at the start and end of sessions of *any* kind (both interactive and\n# non-interactive).  The default is pam_unix.\n#\nsession\trequired\tpam_unix.so\n", 4096) = 372
19937 14:29:13.879614 read(6, "", 4096) = 0
19937 14:29:13.879624 close(6)          = 0
19937 14:29:13.879633 munmap(0xb7f5e000, 4096) = 0
19937 14:29:13.879643 read(5, "", 4096) = 0
19937 14:29:13.879653 close(5)          = 0
19937 14:29:13.879662 munmap(0xb7f64000, 4096) = 0
19937 14:29:13.879674 time(NULL)        = 1495650553
19937 14:29:13.879686 lstat64("/etc/ftpusers", {st_mode=S_IFREG|0644, st_size=132, ...}) = 0
19937 14:29:13.879705 open("/etc/ftpusers", O_RDONLY|O_LARGEFILE) = 5
19937 14:29:13.879717 fstat64(5, {st_mode=S_IFREG|0644, st_size=132, ...}) = 0
19937 14:29:13.879734 mmap2(NULL, 4096, PROT_READ|PROT_WRITE, MAP_PRIVATE|MAP_ANONYMOUS, -1, 0) = 0xb7f64000
19937 14:29:13.879744 read(5, "# /etc/ftpusers: list of users disallowed FTP access. See ftpusers(5).\n\nroot\ndaemon\nbin\nsys\nsync\ngames\nman\nlp\nmail\nnews\nuucp\nnobody\n", 4096) = 132
19937 14:29:13.879765 read(5, "", 4096) = 0
19937 14:29:13.879775 close(5)          = 0
19937 14:29:13.879784 munmap(0xb7f64000, 4096) = 0
19937 14:29:13.879799 getuid32()        = 0
19937 14:29:13.879816 open("/etc/passwd", O_RDONLY|0x80000 /* O_??? */) = 5
19937 14:29:13.879831 _llseek(5, 0, [0], SEEK_CUR) = 0
19937 14:29:13.879842 fstat64(5, {st_mode=S_IFREG|0644, st_size=1624, ...}) = 0
19937 14:29:13.879859 mmap2(NULL, 1624, PROT_READ, MAP_SHARED, 5, 0) = 0xb7f64000
19937 14:29:13.879870 _llseek(5, 1624, [1624], SEEK_SET) = 0
19937 14:29:13.879889 munmap(0xb7f64000, 1624) = 0
19937 14:29:13.879900 close(5)          = 0
19937 14:29:13.879925 open("/etc/shadow", O_RDONLY|0x80000 /* O_??? */) = 5
19937 14:29:13.879942 _llseek(5, 0, [0], SEEK_CUR) = 0
19937 14:29:13.879953 fstat64(5, {st_mode=S_IFREG|0640, st_size=1233, ...}) = 0
19937 14:29:13.879970 mmap2(NULL, 1233, PROT_READ, MAP_SHARED, 5, 0) = 0xb7f64000
19937 14:29:13.879981 _llseek(5, 1233, [1233], SEEK_SET) = 0
19937 14:29:13.880001 munmap(0xb7f64000, 1233) = 0
19937 14:29:13.880011 close(5)          = 0
19937 14:29:13.880162 open("/etc/passwd", O_RDONLY|0x80000 /* O_??? */) = 5
19937 14:29:13.880178 _llseek(5, 0, [0], SEEK_CUR) = 0
19937 14:29:13.880198 fstat64(5, {st_mode=S_IFREG|0644, st_size=1624, ...}) = 0
19937 14:29:13.880234 mmap2(NULL, 1624, PROT_READ, MAP_SHARED, 5, 0) = 0xb7f64000
19937 14:29:13.880258 _llseek(5, 1624, [1624], SEEK_SET) = 0
19937 14:29:13.880294 munmap(0xb7f64000, 1624) = 0
19937 14:29:13.880305 close(5)          = 0
19937 14:29:13.880318 open("/etc/shadow", O_RDONLY|0x80000 /* O_??? */) = 5
19937 14:29:13.880331 _llseek(5, 0, [0], SEEK_CUR) = 0
19937 14:29:13.880351 fstat64(5, {st_mode=S_IFREG|0640, st_size=1233, ...}) = 0
19937 14:29:13.880391 mmap2(NULL, 1233, PROT_READ, MAP_SHARED, 5, 0) = 0xb7f64000
19937 14:29:13.880412 _llseek(5, 1233, [1233], SEEK_SET) = 0
19937 14:29:13.880449 munmap(0xb7f64000, 1233) = 0
19937 14:29:13.880467 close(5)          = 0
19937 14:29:13.880819 getuid32()        = 0
19937 14:29:13.880830 open("/etc/passwd", O_RDONLY|0x80000 /* O_??? */) = 5
19937 14:29:13.880843 _llseek(5, 0, [0], SEEK_CUR) = 0
19937 14:29:13.880853 fstat64(5, {st_mode=S_IFREG|0644, st_size=1624, ...}) = 0
19937 14:29:13.880870 mmap2(NULL, 1624, PROT_READ, MAP_SHARED, 5, 0) = 0xb7f64000
19937 14:29:13.880884 _llseek(5, 1624, [1624], SEEK_SET) = 0
19937 14:29:13.880900 munmap(0xb7f64000, 1624) = 0
19937 14:29:13.880910 close(5)          = 0
19937 14:29:13.880923 open("/etc/shadow", O_RDONLY|0x80000 /* O_??? */) = 5
19937 14:29:13.880936 _llseek(5, 0, [0], SEEK_CUR) = 0
19937 14:29:13.880947 fstat64(5, {st_mode=S_IFREG|0640, st_size=1233, ...}) = 0
19937 14:29:13.880963 mmap2(NULL, 1233, PROT_READ, MAP_SHARED, 5, 0) = 0xb7f64000
19937 14:29:13.880974 _llseek(5, 1233, [1233], SEEK_SET) = 0
19937 14:29:13.880990 munmap(0xb7f64000, 1233) = 0
19937 14:29:13.881000 close(5)          = 0
19937 14:29:13.881011 time(NULL)        = 1495650553
19937 14:29:13.881014 munmap(0xb7f61000, 12164) = 0
19937 14:29:13.881014 munmap(0xb7f5f000, 7136) = 0
19937 14:29:13.881014 munmap(0xb7d94000, 95428) = 0
19937 14:29:13.881015 munmap(0xb7d5a000, 201052) = 0
19937 14:29:13.881015 munmap(0xb7d41000, 101180) = 0
19937 14:29:13.881015 gettimeofday({1495650553, 881015}, NULL) = 0
19937 14:29:13.881015 stat64("/usr/share/zoneinfo/UTC+04:00", 0xbfe7d7e4) = -1 ENOENT (No such file or directory)
19937 14:29:13.881016 open("/usr/share/zoneinfo/UTC+04:00", O_RDONLY) = -1 ENOENT (No such file or directory)
19937 14:29:13.881043 fcntl64(3, F_SETLKW64, {type=F_WRLCK, whence=SEEK_SET, start=0, len=0}, 0xbfe7d934) = 0
19937 14:29:13.881059 write(3, "Wed May 24 14:29:13 2017 [pid 19937] [msfadmin] OK LOGIN: Client \"127.0.0.1\"\n", 77) = 77
19937 14:29:13.881076 fcntl64(3, F_SETLK64, {type=F_UNLCK, whence=SEEK_SET, start=0, len=0}, 0xbfe7d93c) = 0
19937 14:29:13.881089 rt_sigaction(SIGCHLD, {0x805cad0, ~[RTMIN RT_1], 0}, NULL, 8) = 0
19937 14:29:13.881104 write(4, "\1", 1 <unfinished ...>
19938 14:29:13.881114 <... read resumed> "\1", 1) = 1
19937 14:29:13.881119 <... write resumed> ) = 1
19938 14:29:13.881127 exit_group(0)     = ?
19937 14:29:13.881155 --- SIGCHLD (Child exited) @ 0 (0) ---
19937 14:29:13.881162 sigreturn()       = ? (mask now [])
19937 14:29:13.881181 wait4(-1, [{WIFEXITED(s) && WEXITSTATUS(s) == 0}], 0, NULL) = 19938
19937 14:29:13.881195 close(4)          = 0
19937 14:29:13.881207 socketpair(PF_FILE, SOCK_STREAM, 0, [4, 5]) = 0
19937 14:29:13.881221 rt_sigaction(SIGCHLD, {0x805cad0, ~[RTMIN RT_1], 0}, NULL, 8) = 0
19937 14:29:13.881234 rt_sigaction(SIGALRM, {0x805cb10, ~[RTMIN RT_1], 0}, NULL, 8) = 0
19937 14:29:13.881248 clone(child_stack=0, flags=CLONE_CHILD_CLEARTID|CLONE_CHILD_SETTID|SIGCHLD, child_tidptr=0xb7dca6f8) = 19939
19939 14:29:13.881298 prctl(0x1, 0x9, 0, 0, 0) = 0
19939 14:29:13.881311 close(4)          = 0
19939 14:29:13.881338 open("/etc/passwd", O_RDONLY|0x80000 /* O_??? */) = 4
19939 14:29:13.881355 _llseek(4, 0, [0], SEEK_CUR) = 0
19939 14:29:13.881371 fstat64(4, {st_mode=S_IFREG|0644, st_size=1624, ...}) = 0
19939 14:29:13.881390 mmap2(NULL, 1624, PROT_READ, MAP_SHARED, 4, 0) = 0xb7f64000
19939 14:29:13.881402 _llseek(4, 1624, [1624], SEEK_SET) = 0
19939 14:29:13.881424 munmap(0xb7f64000, 1624) = 0
19939 14:29:13.881436 close(4)          = 0
19939 14:29:13.881449 getuid32()        = 0
19939 14:29:13.881459 open("/etc/passwd", O_RDONLY|0x80000 /* O_??? */) = 4
19939 14:29:13.881472 _llseek(4, 0, [0], SEEK_CUR) = 0
19939 14:29:13.881483 fstat64(4, {st_mode=S_IFREG|0644, st_size=1624, ...}) = 0
19939 14:29:13.881499 mmap2(NULL, 1624, PROT_READ, MAP_SHARED, 4, 0) = 0xb7f64000
19939 14:29:13.881510 _llseek(4, 1624, [1624], SEEK_SET) = 0
19939 14:29:13.881526 munmap(0xb7f64000, 1624) = 0
19939 14:29:13.881536 close(4)          = 0
19939 14:29:13.881561 open("/proc/sys/kernel/ngroups_max", O_RDONLY) = 4
19939 14:29:13.881582 read(4, "65536\n", 31) = 6
19939 14:29:13.881594 close(4)          = 0
19939 14:29:13.881608 socket(PF_FILE, SOCK_STREAM, 0) = 4
19939 14:29:13.881620 fcntl64(4, F_SETFL, O_RDWR|O_NONBLOCK) = 0
19939 14:29:13.881631 connect(4, {sa_family=AF_FILE, path="/var/run/nscd/socket"}, 110) = -1 ENOENT (No such file or directory)
19939 14:29:13.881652 close(4)          = 0
19939 14:29:13.881663 socket(PF_FILE, SOCK_STREAM, 0) = 4
19939 14:29:13.881674 fcntl64(4, F_SETFL, O_RDWR|O_NONBLOCK) = 0
19939 14:29:13.881688 connect(4, {sa_family=AF_FILE, path="/var/run/nscd/socket"}, 110) = -1 ENOENT (No such file or directory)
19939 14:29:13.881707 close(4)          = 0
19939 14:29:13.881731 open("/etc/group", O_RDONLY|0x80000 /* O_??? */) = 4
19939 14:29:13.881746 _llseek(4, 0, [0], SEEK_CUR) = 0
19939 14:29:13.881757 fstat64(4, {st_mode=S_IFREG|0644, st_size=886, ...}) = 0
19939 14:29:13.881773 mmap2(NULL, 886, PROT_READ, MAP_SHARED, 4, 0) = 0xb7f64000
19939 14:29:13.881785 _llseek(4, 886, [886], SEEK_SET) = 0
19939 14:29:13.881809 fstat64(4, {st_mode=S_IFREG|0644, st_size=886, ...}) = 0
19939 14:29:13.881827 munmap(0xb7f64000, 886) = 0
19939 14:29:13.891576 close(4)          = 0
19939 14:29:13.891588 setgroups32(13, [1000, 4, 20, 24, 25, 29, 30, 44, 46, 107, 111, 112, 119]) = 0
19939 14:29:13.891606 geteuid32()       = 0
19939 14:29:13.891618 getegid32()       = 0
19939 14:29:13.891628 setregid32(-1, 1000) = 0
19939 14:29:13.891639 setreuid32(-1, 1000) = 0
19939 14:29:13.891650 chdir("/home/msfadmin") = 0
19939 14:29:13.891662 setreuid32(-1, 0) = 0
19939 14:29:13.891671 setregid32(-1, 0) = 0
19939 14:29:13.891682 setgid32(1000)    = 0
19939 14:29:13.891691 setuid32(1000)    = 0
19939 14:29:13.891702 setrlimit(RLIMIT_NPROC, {rlim_cur=0, rlim_max=0}) = 0
19939 14:29:13.891715 mmap2(NULL, 12288, PROT_READ|PROT_WRITE, MAP_PRIVATE|MAP_ANONYMOUS, -1, 0) = 0xb7f62000
19939 14:29:13.891727 mprotect(0xb7f64000, 4096, PROT_NONE) = 0
19939 14:29:13.891738 mprotect(0xb7f62000, 4096, PROT_NONE) = 0
19939 14:29:13.891749 getcwd("/home/msfadmin", 4096) = 15
19939 14:29:13.891763 umask(022)        = 077
19939 14:29:13.891773 getcwd("/home/msfadmin", 4096) = 15
19939 14:29:13.891788 open(".message", O_RDONLY|O_NONBLOCK|O_LARGEFILE) = -1 ENOENT (No such file or directory)
19939 14:29:13.891811 write(0, "230 Login successful.\r\n", 23) = 23
19939 14:29:13.891893 rt_sigaction(SIGALRM, {0x805cad0, ~[RTMIN RT_1], 0}, NULL, 8) = 0
19939 14:29:13.891910 alarm(300)        = 0
19939 14:29:13.891921 mmap2(NULL, 12288, PROT_READ|PROT_WRITE, MAP_PRIVATE|MAP_ANONYMOUS, -1, 0) = 0xb7f5f000
19939 14:29:13.891932 mprotect(0xb7f61000, 4096, PROT_NONE) = 0
19939 14:29:13.891943 mprotect(0xb7f5f000, 4096, PROT_NONE) = 0
19939 14:29:13.891956 recv(0, "TYPE I\r\n", 4096, MSG_PEEK) = 8
19939 14:29:13.891969 read(0, "TYPE I\r\n", 8) = 8
19939 14:29:13.891987 write(0, "200 Switching to Binary mode.\r\n", 31) = 31
19939 14:29:13.892061 rt_sigaction(SIGALRM, {0x805cad0, ~[RTMIN RT_1], 0}, NULL, 8) = 0
19939 14:29:13.892077 alarm(300)        = 300
19939 14:29:13.892088 recv(0, "PASV\r\n", 4096, MSG_PEEK) = 6
19939 14:29:13.892100 read(0, "PASV\r\n", 6) = 6
19939 14:29:13.892112 write(5, "\n", 1) = 1
19939 14:29:13.892123 read(5,  <unfinished ...>
19937 14:29:13.892136 close(5)          = 0
19937 14:29:13.892148 getuid32()        = 0
19937 14:29:13.892163 open("/etc/passwd", O_RDONLY|0x80000 /* O_??? */) = 5
19937 14:29:13.892178 _llseek(5, 0, [0], SEEK_CUR) = 0
19937 14:29:13.892190 fstat64(5, {st_mode=S_IFREG|0644, st_size=1624, ...}) = 0
19937 14:29:13.892209 mmap2(NULL, 1624, PROT_READ, MAP_SHARED, 5, 0) = 0xb7f64000
19937 14:29:13.892220 _llseek(5, 1624, [1624], SEEK_SET) = 0
19937 14:29:13.892238 munmap(0xb7f64000, 1624) = 0
19937 14:29:13.892250 close(5)          = 0
19937 14:29:13.892265 setgroups32(0, []) = 0
19937 14:29:13.892277 chdir("/usr/share/empty") = 0
19937 14:29:13.892289 chroot(".")       = 0
19937 14:29:13.892300 capset(NULL, NULL) = -1 EFAULT (Bad address)
19937 14:29:13.892314 prctl(0x8, 0, 0xbfe7d918, 0x80549a6, 0xbfe7d900) = 0
19937 14:29:13.892325 prctl(0x8, 0x1, 0xbfe7d918, 0x8054a49, 0xbfe7d900) = 0
19937 14:29:13.892335 setgid32(65534)   = 0
19937 14:29:13.892345 setuid32(65534)   = 0
19937 14:29:13.892354 capset(0x19980330, 0, {CAP_NET_BIND_SERVICE, CAP_NET_BIND_SERVICE, 0}) = 0
19937 14:29:13.892367 read(4, "\n", 1)  = 1
19937 14:29:13.892381 write(4, "\1", 1 <unfinished ...>
19939 14:29:13.892389 <... read resumed> "\1", 1) = 1
19937 14:29:13.892395 <... write resumed> ) = 1
19939 14:29:13.892401 write(5, "\f", 1) = 1
19939 14:29:13.892415 read(5,  <unfinished ...>
19937 14:29:13.892422 read(4, "\f", 1)  = 1
19937 14:29:13.892435 socket(PF_INET, SOCK_STREAM, IPPROTO_TCP) = 5
19937 14:29:13.892448 setsockopt(5, SOL_SOCKET, SO_REUSEADDR, [1], 4) = 0
19937 14:29:13.892460 gettimeofday({1495650553, 892464}, NULL) = 0
19937 14:29:13.892476 bind(5, {sa_family=AF_INET, sin_port=htons(37647), sin_addr=inet_addr("127.0.0.1")}, 16) = 0
19937 14:29:13.892516 listen(5, 1)      = 0
19937 14:29:13.892531 write(4, "\17\223\0\0", 4 <unfinished ...>
19939 14:29:13.892552 <... read resumed> "\17\223\0\0", 4) = 4
19937 14:29:13.892558 <... write resumed> ) = 4
19939 14:29:13.892571 write(0, "227 Entering Passive Mode (127,0,0,1,147,15).\r\n", 47) = 47
19939 14:29:13.892667 rt_sigaction(SIGALRM, {0x805cad0, ~[RTMIN RT_1], 0}, NULL, 8) = 0
19939 14:29:13.892684 alarm(300)        = 300
19939 14:29:13.892696 recv(0, "STOR myfile33\r\n", 4096, MSG_PEEK) = 15
19939 14:29:13.892708 read(0, "STOR myfile33\r\n", 15) = 15
19939 14:29:13.892723 write(5, "\v", 1) = 1
19939 14:29:13.892734 read(5,  <unfinished ...>
19937 14:29:13.892742 read(4, "\v", 1)  = 1
19937 14:29:13.892753 write(4, "\1\0\0\0", 4 <unfinished ...>
19939 14:29:13.892761 <... read resumed> "\1\0\0\0", 4) = 4
19937 14:29:13.892767 <... write resumed> ) = 4
19939 14:29:13.892774 gettimeofday({1495650553, 892777}, NULL) = 0
19939 14:29:13.892785 getcwd("/home/msfadmin", 4096) = 15
19939 14:29:13.892798 open("myfile33", O_WRONLY|O_CREAT|O_NONBLOCK|O_LARGEFILE, 0666) = 4
19939 14:29:13.892811 fstat64(4, {st_mode=S_IFREG|0644, st_size=17, ...}) = 0
19939 14:29:13.892828 fcntl64(4, F_GETFL) = 0x8801 (flags O_WRONLY|O_NONBLOCK|O_LARGEFILE)
19939 14:29:13.892839 fcntl64(4, F_SETFL, O_WRONLY|O_LARGEFILE) = 0
19939 14:29:13.892849 fcntl64(4, F_SETLKW64, {type=F_WRLCK, whence=SEEK_SET, start=0, len=0}, 0xbfe7d864) = 0
19939 14:29:13.892865 ftruncate64(4, 0) = 0
19939 14:29:13.892883 _llseek(4, 0, [0], SEEK_SET) = 0
19939 14:29:13.892895 write(5, "\v", 1) = 1
19939 14:29:13.892905 read(5,  <unfinished ...>
19937 14:29:13.892912 read(4, "\v", 1)  = 1
19937 14:29:13.892923 write(4, "\1\0\0\0", 4 <unfinished ...>
19939 14:29:13.892932 <... read resumed> "\1\0\0\0", 4) = 4
19937 14:29:13.892937 <... write resumed> ) = 4
19939 14:29:13.892943 write(5, "\v", 1) = 1
19939 14:29:13.892953 read(5,  <unfinished ...>
19937 14:29:13.892960 read(4, "\v", 1)  = 1
19937 14:29:13.892971 write(4, "\1\0\0\0", 4 <unfinished ...>
19939 14:29:13.892978 <... read resumed> "\1\0\0\0", 4) = 4
19937 14:29:13.893003 <... write resumed> ) = 4
19939 14:29:13.893011 write(5, "\r", 1) = 1
19939 14:29:13.893032 read(5,  <unfinished ...>
19937 14:29:13.893039 read(4, "\r", 1)  = 1
19937 14:29:13.893051 select(6, [5], NULL, NULL, {60, 0}) = 1 (in [5], left {60, 0})
19937 14:29:13.893068 accept(5, {sa_family=AF_INET, sin_port=htons(34168), sin_addr=inet_addr("127.0.0.1")}, [16]) = 6
19937 14:29:13.893091 write(4, "\1", 1 <unfinished ...>
19939 14:29:13.893099 <... read resumed> "\1", 1) = 1
19937 14:29:13.893104 <... write resumed> ) = 1
19939 14:29:13.893112 recvmsg(5,  <unfinished ...>
19937 14:29:13.893122 sendmsg(4, {msg_name(0)=NULL, msg_iov(1)=[{"\0", 1}], msg_controllen=16, {cmsg_len=16, cmsg_level=SOL_SOCKET, cmsg_type=SCM_RIGHTS, {6}}, msg_flags=0}, 0 <unfinished ...>
19939 14:29:13.893137 <... recvmsg resumed> {msg_name(0)=NULL, msg_iov(1)=[{"\0", 1}], msg_controllen=16, {cmsg_len=16, cmsg_level=SOL_SOCKET, cmsg_type=SCM_RIGHTS, {6}}, msg_flags=0}, 0) = 1
19937 14:29:13.893147 <... sendmsg resumed> ) = 1
19939 14:29:13.893155 setsockopt(6, SOL_SOCKET, SO_KEEPALIVE, [1], 4) = 0
19939 14:29:13.893167 setsockopt(6, SOL_IP, IP_TOS, [8], 4) = 0
19939 14:29:13.893179 setsockopt(6, SOL_SOCKET, SO_LINGER, {onoff=1, linger=32767}, 8) = 0
19939 14:29:13.893191 rt_sigaction(SIGALRM, {0x805cad0, ~[RTMIN RT_1], 0}, NULL, 8) = 0
19939 14:29:13.893204 alarm(300)        = 300
19939 14:29:13.893217 write(0, "150 Ok to send data.\r\n", 22) = 22
19939 14:29:13.893281 mmap2(NULL, 77824, PROT_READ|PROT_WRITE, MAP_PRIVATE|MAP_ANONYMOUS, -1, 0) = 0xb7d99000
19939 14:29:13.893299 mprotect(0xb7dab000, 4096, PROT_NONE) = 0
19939 14:29:13.893311 mprotect(0xb7d99000, 4096, PROT_NONE) = 0
19939 14:29:13.893320 read(6, "assasaaa\na\na\na\na\n", 65536) = 17
19939 14:29:13.893334 write(4, "assasaaa\na\na\na\na\n", 17) = 17
19939 14:29:13.893349 read(6, "", 65536) = 0
19939 14:29:13.893360 rt_sigaction(SIGALRM, {0x805cad0, ~[RTMIN RT_1], 0}, NULL, 8) = 0
19939 14:29:13.893374 alarm(300)        = 300
19939 14:29:13.893383 close(6)          = 0
19939 14:29:13.893392 alarm(0)          = 300
19939 14:29:13.893402 gettimeofday({1495650553, 893405}, NULL) = 0
19939 14:29:13.893419 getpid()          = 19939
19939 14:29:13.893431 gettimeofday({1495650553, 893435}, NULL) = 0
19939 14:29:13.893451 fcntl64(3, F_SETLKW64, {type=F_WRLCK, whence=SEEK_SET, start=0, len=0}, 0xbfe7d804) = 0
19939 14:29:13.893467 write(3, "Wed May 24 14:29:13 2017 [pid 19939] [msfadmin] OK UPLOAD: Client \"127.0.0.1\", \"/home/msfadmin/myfile33\", 17 bytes, 25.23Kbyte/sec\n", 131) = 131
19939 14:29:13.893507 fcntl64(3, F_SETLK64, {type=F_UNLCK, whence=SEEK_SET, start=0, len=0}, 0xbfe7d80c) = 0
19939 14:29:13.893533 write(0, "226 Transfer complete.\r\n", 24) = 24
19939 14:29:13.893575 write(5, "\n", 1) = 1
19939 14:29:13.893587 read(5,  <unfinished ...>
19937 14:29:13.893595 close(6)          = 0
19937 14:29:13.893613 read(4, "\n", 1)  = 1
19937 14:29:13.893625 close(5)          = 0
19937 14:29:13.893636 write(4, "\1", 1 <unfinished ...>
19939 14:29:13.893645 <... read resumed> "\1", 1) = 1
19937 14:29:13.893650 <... write resumed> ) = 1
19939 14:29:13.893656 close(4)          = 0
19939 14:29:13.893667 rt_sigaction(SIGALRM, {0x805cad0, ~[RTMIN RT_1], 0}, NULL, 8) = 0
19939 14:29:13.893680 alarm(300)        = 0
19939 14:29:13.893691 recv(0,  <unfinished ...>
19937 14:29:13.893699 read(4,  <unfinished ...>
19936 14:29:14.181969 <... recv resumed> "USER msfadmin\r\n", 4096, MSG_PEEK) = 15
19936 14:29:14.182120 read(0, "USER msfadmin\r\n", 15) = 15
19936 14:29:14.182247 write(0, "331 Any password will do.\r\n", 27) = 27
19936 14:29:14.182353 rt_sigaction(SIGALRM, {0x805cad0, ~[RTMIN RT_1], 0}, NULL, 8) = 0
19936 14:29:14.182388 alarm(300)        = 299
19936 14:29:14.182415 recv(0, "PASS msfadmin\r\n", 4096, MSG_PEEK) = 15
19936 14:29:14.182435 read(0, "PASS msfadmin\r\n", 15) = 15
19936 14:29:14.182451 write(0, "230 Already logged in.\r\n", 24) = 24
19936 14:29:14.182515 rt_sigaction(SIGALRM, {0x805cad0, ~[RTMIN RT_1], 0}, NULL, 8) = 0
19936 14:29:14.182531 alarm(300)        = 300
19936 14:29:14.182542 recv(0, "TYPE I\r\n", 4096, MSG_PEEK) = 8
19936 14:29:14.182554 read(0, "TYPE I\r\n", 8) = 8
19936 14:29:14.182569 write(0, "200 Switching to Binary mode.\r\n", 31) = 31
19936 14:29:14.182605 rt_sigaction(SIGALRM, {0x805cad0, ~[RTMIN RT_1], 0}, NULL, 8) = 0
19936 14:29:14.182619 alarm(300)        = 300
19936 14:29:14.182630 recv(0, "PASV\r\n", 4096, MSG_PEEK) = 6
19936 14:29:14.182642 read(0, "PASV\r\n", 6) = 6
19936 14:29:14.182653 write(5, "\n", 1 <unfinished ...>
19934 14:29:14.182665 <... read resumed> "\n", 1) = 1
19936 14:29:14.182670 <... write resumed> ) = 1
19934 14:29:14.182679 write(4, "\1", 1 <unfinished ...>
19936 14:29:14.182685 read(5,  <unfinished ...>
19934 14:29:14.182691 <... write resumed> ) = 1
19936 14:29:14.182695 <... read resumed> "\1", 1) = 1
19934 14:29:14.182704 read(4,  <unfinished ...>
19936 14:29:14.182708 write(5, "\f", 1 <unfinished ...>
19934 14:29:14.182715 <... read resumed> "\f", 1) = 1
19936 14:29:14.182720 <... write resumed> ) = 1
19934 14:29:14.182729 socket(PF_INET, SOCK_STREAM, IPPROTO_TCP <unfinished ...>
19936 14:29:14.182734 read(5,  <unfinished ...>
19934 14:29:14.182744 <... socket resumed> ) = 5
19934 14:29:14.182752 setsockopt(5, SOL_SOCKET, SO_REUSEADDR, [1], 4) = 0
19934 14:29:14.182767 bind(5, {sa_family=AF_INET, sin_port=htons(58268), sin_addr=inet_addr("127.0.0.1")}, 16) = 0
19934 14:29:14.182784 listen(5, 1)      = 0
19934 14:29:14.182798 write(4, "\234\343\0\0", 4 <unfinished ...>
19936 14:29:14.182806 <... read resumed> "\234\343\0\0", 4) = 4
19934 14:29:14.182812 <... write resumed> ) = 4
19936 14:29:14.182832 write(0, "227 Entering Passive Mode (127,0,0,1,227,156).\r\n", 48 <unfinished ...>
19934 14:29:14.182841 read(4,  <unfinished ...>
19936 14:29:14.182946 <... write resumed> ) = 48
19936 14:29:14.182983 rt_sigaction(SIGALRM, {0x805cad0, ~[RTMIN RT_1], 0}, NULL, 8) = 0
19936 14:29:14.183008 alarm(300)        = 300
19936 14:29:14.183034 recv(0, "RETR myfile13\r\n", 4096, MSG_PEEK) = 15
19936 14:29:14.183048 read(0, "RETR myfile13\r\n", 15) = 15
19936 14:29:14.183062 write(5, "\v", 1 <unfinished ...>
19934 14:29:14.183070 <... read resumed> "\v", 1) = 1
19936 14:29:14.183076 <... write resumed> ) = 1
19934 14:29:14.183083 write(4, "\1\0\0\0", 4 <unfinished ...>
19936 14:29:14.183089 read(5,  <unfinished ...>
19934 14:29:14.183095 <... write resumed> ) = 4
19936 14:29:14.183099 <... read resumed> "\1\0\0\0", 4) = 4
19934 14:29:14.183108 read(4,  <unfinished ...>
19936 14:29:14.183112 gettimeofday({1495650554, 183117}, NULL) = 0
19936 14:29:14.183124 getcwd("/home/msfadmin", 4096) = 15
19936 14:29:14.183138 open("myfile13", O_RDONLY|O_NONBLOCK|O_LARGEFILE) = 4
19936 14:29:14.183152 fcntl64(4, F_SETLKW64, {type=F_RDLCK, whence=SEEK_SET, start=0, len=0}, 0xbfead8b4) = 0
19936 14:29:14.183167 fstat64(4, {st_mode=S_IFREG|0644, st_size=17, ...}) = 0
19936 14:29:14.183185 fcntl64(4, F_GETFL) = 0x8800 (flags O_RDONLY|O_NONBLOCK|O_LARGEFILE)
19936 14:29:14.183196 fcntl64(4, F_SETFL, O_RDONLY|O_LARGEFILE) = 0
19936 14:29:14.183207 write(5, "\v", 1 <unfinished ...>
19934 14:29:14.183215 <... read resumed> "\v", 1) = 1
19936 14:29:14.183220 <... write resumed> ) = 1
19934 14:29:14.183227 write(4, "\1\0\0\0", 4 <unfinished ...>
19936 14:29:14.183233 read(5,  <unfinished ...>
19934 14:29:14.183239 <... write resumed> ) = 4
19936 14:29:14.183243 <... read resumed> "\1\0\0\0", 4) = 4
19934 14:29:14.183251 read(4,  <unfinished ...>
19936 14:29:14.183255 write(5, "\v", 1 <unfinished ...>
19934 14:29:14.183263 <... read resumed> "\v", 1) = 1
19936 14:29:14.183268 <... write resumed> ) = 1
19934 14:29:14.183274 write(4, "\1\0\0\0", 4 <unfinished ...>
19936 14:29:14.183280 read(5,  <unfinished ...>
19934 14:29:14.183286 <... write resumed> ) = 4
19936 14:29:14.183290 <... read resumed> "\1\0\0\0", 4) = 4
19934 14:29:14.183298 read(4,  <unfinished ...>
19936 14:29:14.183302 write(5, "\r", 1 <unfinished ...>
19934 14:29:14.183310 <... read resumed> "\r", 1) = 1
19936 14:29:14.183315 <... write resumed> ) = 1
19934 14:29:14.183323 select(6, [5], NULL, NULL, {60, 0} <unfinished ...>
19936 14:29:14.183329 read(5,  <unfinished ...>
19934 14:29:14.183336 <... select resumed> ) = 1 (in [5], left {60, 0})
19934 14:29:14.183346 accept(5, {sa_family=AF_INET, sin_port=htons(53809), sin_addr=inet_addr("127.0.0.1")}, [16]) = 6
19934 14:29:14.183369 write(4, "\1", 1 <unfinished ...>
19936 14:29:14.183377 <... read resumed> "\1", 1) = 1
19934 14:29:14.183382 <... write resumed> ) = 1
19936 14:29:14.183391 recvmsg(5,  <unfinished ...>
19934 14:29:14.183397 sendmsg(4, {msg_name(0)=NULL, msg_iov(1)=[{"\0", 1}], msg_controllen=16, {cmsg_len=16, cmsg_level=SOL_SOCKET, cmsg_type=SCM_RIGHTS, {6}}, msg_flags=0}, 0 <unfinished ...>
19936 14:29:14.183411 <... recvmsg resumed> {msg_name(0)=NULL, msg_iov(1)=[{"\0", 1}], msg_controllen=16, {cmsg_len=16, cmsg_level=SOL_SOCKET, cmsg_type=SCM_RIGHTS, {6}}, msg_flags=0}, 0) = 1
19934 14:29:14.183421 <... sendmsg resumed> ) = 1
19936 14:29:14.183430 setsockopt(6, SOL_SOCKET, SO_KEEPALIVE, [1], 4 <unfinished ...>
19934 14:29:14.183435 close(6 <unfinished ...>
19936 14:29:14.183442 <... setsockopt resumed> ) = 0
19934 14:29:14.183446 <... close resumed> ) = 0
19936 14:29:14.183454 setsockopt(6, SOL_IP, IP_TOS, [8], 4 <unfinished ...>
19934 14:29:14.183460 read(4,  <unfinished ...>
19936 14:29:14.183466 <... setsockopt resumed> ) = 0
19936 14:29:14.183473 setsockopt(6, SOL_SOCKET, SO_LINGER, {onoff=1, linger=32767}, 8) = 0
19936 14:29:14.183485 rt_sigaction(SIGALRM, {0x805cad0, ~[RTMIN RT_1], 0}, NULL, 8) = 0
19936 14:29:14.183498 alarm(300)        = 300
19936 14:29:14.183512 write(0, "150 Opening BINARY mode data connection for myfile13 (17 bytes).\r\n", 66) = 66
19936 14:29:14.183558 _llseek(4, 0, [0], SEEK_CUR) = 0
19936 14:29:14.183570 fstat64(4, {st_mode=S_IFREG|0644, st_size=17, ...}) = 0
19936 14:29:14.183588 _llseek(4, 0, [0], SEEK_SET) = 0
19936 14:29:14.183599 sendfile(6, 4, NULL, 17) = 17
19936 14:29:14.183629 rt_sigaction(SIGALRM, {0x805cad0, ~[RTMIN RT_1], 0}, NULL, 8) = 0
19936 14:29:14.183644 alarm(300)        = 300
19936 14:29:14.183654 close(6)          = 0
19936 14:29:14.183690 alarm(0)          = 300
19936 14:29:14.183701 gettimeofday({1495650554, 183705}, NULL) = 0
19936 14:29:14.183717 gettimeofday({1495650554, 183721}, NULL) = 0
19936 14:29:14.183731 fcntl64(3, F_SETLKW64, {type=F_WRLCK, whence=SEEK_SET, start=0, len=0}, 0xbfead854) = 0
19936 14:29:14.183746 write(3, "Wed May 24 14:29:14 2017 [pid 19936] [msfadmin] OK DOWNLOAD: Client \"127.0.0.1\", \"/home/msfadmin/myfile13\", 17 bytes, 27.49Kbyte/sec\n", 133) = 133
19936 14:29:14.183768 fcntl64(3, F_SETLK64, {type=F_UNLCK, whence=SEEK_SET, start=0, len=0}, 0xbfead85c) = 0
19936 14:29:14.183783 write(0, "226 Transfer complete.\r\n", 24) = 24
19936 14:29:14.183848 write(5, "\n", 1 <unfinished ...>
19934 14:29:14.183858 <... read resumed> "\n", 1) = 1
19936 14:29:14.183866 <... write resumed> ) = 1
19934 14:29:14.183870 close(5 <unfinished ...>
19936 14:29:14.183879 read(5,  <unfinished ...>
19934 14:29:14.183883 <... close resumed> ) = 0
19934 14:29:14.183890 write(4, "\1", 1 <unfinished ...>
19936 14:29:14.183898 <... read resumed> "\1", 1) = 1
19934 14:29:14.183904 <... write resumed> ) = 1
19936 14:29:14.183911 close(4 <unfinished ...>
19934 14:29:14.183915 read(4,  <unfinished ...>
19936 14:29:14.183921 <... close resumed> ) = 0
19936 14:29:14.183946 rt_sigaction(SIGALRM, {0x805cad0, ~[RTMIN RT_1], 0}, NULL, 8) = 0
19936 14:29:14.183962 alarm(300)        = 0
19936 14:29:14.183983 recv(0,  <unfinished ...>
19939 14:29:14.411610 <... recv resumed> "TYPE I\r\n", 4096, MSG_PEEK) = 8
19939 14:29:14.411745 read(0, "TYPE I\r\n", 8) = 8
19939 14:29:14.411840 write(0, "200 Switching to Binary mode.\r\n", 31) = 31
19939 14:29:14.411935 rt_sigaction(SIGALRM, {0x805cad0, ~[RTMIN RT_1], 0}, NULL, 8) = 0
19939 14:29:14.411967 alarm(300)        = 299
19939 14:29:14.411993 recv(0, "PASV\r\n", 4096, MSG_PEEK) = 6
19939 14:29:14.412022 read(0, "PASV\r\n", 6) = 6
19939 14:29:14.412056 write(5, "\n", 1) = 1
19939 14:29:14.412070 read(5,  <unfinished ...>
19937 14:29:14.412079 <... read resumed> "\n", 1) = 1
19937 14:29:14.412088 write(4, "\1", 1 <unfinished ...>
19939 14:29:14.412096 <... read resumed> "\1", 1) = 1
19937 14:29:14.412101 <... write resumed> ) = 1
19939 14:29:14.412107 write(5, "\f", 1) = 1
19939 14:29:14.412118 read(5,  <unfinished ...>
19937 14:29:14.412124 read(4, "\f", 1)  = 1
19937 14:29:14.412137 socket(PF_INET, SOCK_STREAM, IPPROTO_TCP) = 5
19937 14:29:14.412152 setsockopt(5, SOL_SOCKET, SO_REUSEADDR, [1], 4) = 0
19937 14:29:14.412168 bind(5, {sa_family=AF_INET, sin_port=htons(7986), sin_addr=inet_addr("127.0.0.1")}, 16) = 0
19937 14:29:14.412185 listen(5, 1)      = 0
19937 14:29:14.412198 write(4, "2\37\0\0", 4 <unfinished ...>
19939 14:29:14.412207 <... read resumed> "2\37\0\0", 4) = 4
19937 14:29:14.412226 <... write resumed> ) = 4
19939 14:29:14.412254 write(0, "227 Entering Passive Mode (127,0,0,1,31,50).\r\n", 46) = 46
19939 14:29:14.412373 rt_sigaction(SIGALRM, {0x805cad0, ~[RTMIN RT_1], 0}, NULL, 8) = 0
19939 14:29:14.412390 alarm(300)        = 300
19939 14:29:14.412402 recv(0, "STOR myfile34\r\n", 4096, MSG_PEEK) = 15
19939 14:29:14.412414 read(0, "STOR myfile34\r\n", 15) = 15
19939 14:29:14.412475 write(5, "\v", 1) = 1
19939 14:29:14.412490 read(5,  <unfinished ...>
19937 14:29:14.412497 read(4, "\v", 1)  = 1
19937 14:29:14.412509 write(4, "\1\0\0\0", 4 <unfinished ...>
19939 14:29:14.412530 <... read resumed> "\1\0\0\0", 4) = 4
19937 14:29:14.412536 <... write resumed> ) = 4
19939 14:29:14.412553 gettimeofday({1495650554, 412566}, NULL) = 0
19939 14:29:14.412573 getcwd("/home/msfadmin", 4096) = 15
19939 14:29:14.412601 open("myfile34", O_WRONLY|O_CREAT|O_NONBLOCK|O_LARGEFILE, 0666) = 4
19939 14:29:14.412637 fstat64(4, {st_mode=S_IFREG|0644, st_size=17, ...}) = 0
19939 14:29:14.412655 fcntl64(4, F_GETFL) = 0x8801 (flags O_WRONLY|O_NONBLOCK|O_LARGEFILE)
19939 14:29:14.412694 fcntl64(4, F_SETFL, O_WRONLY|O_LARGEFILE) = 0
19939 14:29:14.412705 fcntl64(4, F_SETLKW64, {type=F_WRLCK, whence=SEEK_SET, start=0, len=0}, 0xbfe7d864) = 0
19939 14:29:14.412728 ftruncate64(4, 0) = 0
19939 14:29:14.412748 _llseek(4, 0, [0], SEEK_SET) = 0
19939 14:29:14.412772 write(5, "\v", 1) = 1
19939 14:29:14.412798 read(5,  <unfinished ...>
19937 14:29:14.412805 read(4, "\v", 1)  = 1
19937 14:29:14.412826 write(4, "\1\0\0\0", 4 <unfinished ...>
19939 14:29:14.412837 <... read resumed> "\1\0\0\0", 4) = 4
19937 14:29:14.412843 <... write resumed> ) = 4
19939 14:29:14.412849 write(5, "\v", 1) = 1
19939 14:29:14.412859 read(5,  <unfinished ...>
19937 14:29:14.412866 read(4, "\v", 1)  = 1
19937 14:29:14.412877 write(4, "\1\0\0\0", 4 <unfinished ...>
19939 14:29:14.412885 <... read resumed> "\1\0\0\0", 4) = 4
19937 14:29:14.412890 <... write resumed> ) = 4
19939 14:29:14.412897 write(5, "\r", 1) = 1
19939 14:29:14.412907 read(5,  <unfinished ...>
19937 14:29:14.412913 read(4, "\r", 1)  = 1
19937 14:29:14.412926 select(6, [5], NULL, NULL, {60, 0}) = 1 (in [5], left {60, 0})
19937 14:29:14.412942 accept(5, {sa_family=AF_INET, sin_port=htons(51283), sin_addr=inet_addr("127.0.0.1")}, [16]) = 6
19937 14:29:14.412965 write(4, "\1", 1 <unfinished ...>
19939 14:29:14.412973 <... read resumed> "\1", 1) = 1
19937 14:29:14.412979 <... write resumed> ) = 1
19939 14:29:14.412986 recvmsg(5,  <unfinished ...>
19937 14:29:14.412995 sendmsg(4, {msg_name(0)=NULL, msg_iov(1)=[{"\0", 1}], msg_controllen=16, {cmsg_len=16, cmsg_level=SOL_SOCKET, cmsg_type=SCM_RIGHTS, {6}}, msg_flags=0}, 0 <unfinished ...>
19939 14:29:14.413010 <... recvmsg resumed> {msg_name(0)=NULL, msg_iov(1)=[{"\0", 1}], msg_controllen=16, {cmsg_len=16, cmsg_level=SOL_SOCKET, cmsg_type=SCM_RIGHTS, {6}}, msg_flags=0}, 0) = 1
19937 14:29:14.413020 <... sendmsg resumed> ) = 1
19939 14:29:14.413027 setsockopt(6, SOL_SOCKET, SO_KEEPALIVE, [1], 4) = 0
19939 14:29:14.413040 setsockopt(6, SOL_IP, IP_TOS, [8], 4) = 0
19939 14:29:14.413052 setsockopt(6, SOL_SOCKET, SO_LINGER, {onoff=1, linger=32767}, 8) = 0
19939 14:29:14.413064 rt_sigaction(SIGALRM, {0x805cad0, ~[RTMIN RT_1], 0}, NULL, 8) = 0
19939 14:29:14.413078 alarm(300)        = 300
19939 14:29:14.413090 write(0, "150 Ok to send data.\r\n", 22) = 22
19939 14:29:14.413157 read(6, "assasaaa\na\na\na\na\n", 65536) = 17
19939 14:29:14.413172 write(4, "assasaaa\na\na\na\na\n", 17) = 17
19939 14:29:14.413188 read(6, "", 65536) = 0
19939 14:29:14.413199 rt_sigaction(SIGALRM, {0x805cad0, ~[RTMIN RT_1], 0}, NULL, 8) = 0
19939 14:29:14.413213 alarm(300)        = 300
19939 14:29:14.413222 close(6)          = 0
19939 14:29:14.413231 alarm(0)          = 300
19939 14:29:14.413241 gettimeofday({1495650554, 413245}, NULL) = 0
19939 14:29:14.413256 gettimeofday({1495650554, 413260}, NULL) = 0
19939 14:29:14.413271 fcntl64(3, F_SETLKW64, {type=F_WRLCK, whence=SEEK_SET, start=0, len=0}, 0xbfe7d804) = 0
19939 14:29:14.413286 write(3, "Wed May 24 14:29:14 2017 [pid 19939] [msfadmin] OK UPLOAD: Client \"127.0.0.1\", \"/home/msfadmin/myfile34\", 17 bytes, 23.92Kbyte/sec\n", 131) = 131
19939 14:29:14.413307 fcntl64(3, F_SETLK64, {type=F_UNLCK, whence=SEEK_SET, start=0, len=0}, 0xbfe7d80c) = 0
19939 14:29:14.413322 write(0, "226 Transfer complete.\r\n", 24) = 24
19939 14:29:14.413366 write(5, "\n", 1) = 1
19939 14:29:14.413378 read(5,  <unfinished ...>
19937 14:29:14.413385 close(6)          = 0
19937 14:29:14.413403 read(4, "\n", 1)  = 1
19937 14:29:14.413415 close(5)          = 0
19937 14:29:14.413447 write(4, "\1", 1 <unfinished ...>
19939 14:29:14.413457 <... read resumed> "\1", 1) = 1
19937 14:29:14.413463 <... write resumed> ) = 1
19939 14:29:14.413481 close(4)          = 0
19939 14:29:14.413492 rt_sigaction(SIGALRM, {0x805cad0, ~[RTMIN RT_1], 0}, NULL, 8) = 0
19939 14:29:14.413506 alarm(300)        = 0
19939 14:29:14.413521 recv(0,  <unfinished ...>
19937 14:29:14.413529 read(4,  <unfinished ...>
