17830 14:08:13.056453 getegid32()       = 0
17830 14:08:13.056463 setregid32(-1, 1000) = 0
17830 14:08:13.056473 setreuid32(-1, 1000) = 0
17830 14:08:13.056484 chdir("/home/msfadmin") = 0
17830 14:08:13.056495 setreuid32(-1, 0) = 0
17830 14:08:13.056508 setregid32(-1, 0) = 0
17830 14:08:13.056519 setgid32(1000)    = 0
17830 14:08:13.056528 setuid32(1000)    = 0
17830 14:08:13.056538 setrlimit(RLIMIT_NPROC, {rlim_cur=0, rlim_max=0}) = 0
17830 14:08:13.056551 mmap2(NULL, 12288, PROT_READ|PROT_WRITE, MAP_PRIVATE|MAP_ANONYMOUS, -1, 0) = 0xb7f40000
17830 14:08:13.056562 mprotect(0xb7f42000, 4096, PROT_NONE) = 0
17830 14:08:13.056573 mprotect(0xb7f40000, 4096, PROT_NONE) = 0
17830 14:08:13.056584 getcwd("/home/msfadmin", 4096) = 15
17830 14:08:13.056597 umask(022)        = 077
17830 14:08:13.056607 getcwd("/home/msfadmin", 4096) = 15
17830 14:08:13.056620 open(".message", O_RDONLY|O_NONBLOCK|O_LARGEFILE) = -1 ENOENT (No such file or directory)
17830 14:08:13.056642 write(0, "230 Login successful.\r\n", 23) = 23
17830 14:08:13.056706 rt_sigaction(SIGALRM, {0x805cad0, ~[RTMIN RT_1], 0}, NULL, 8) = 0
17830 14:08:13.056723 alarm(300)        = 0
17830 14:08:13.056734 mmap2(NULL, 12288, PROT_READ|PROT_WRITE, MAP_PRIVATE|MAP_ANONYMOUS, -1, 0) = 0xb7f3d000
17830 14:08:13.056745 mprotect(0xb7f3f000, 4096, PROT_NONE) = 0
17830 14:08:13.056756 mprotect(0xb7f3d000, 4096, PROT_NONE) = 0
17830 14:08:13.056769 recv(0, "TYPE I\r\n", 4096, MSG_PEEK) = 8
17830 14:08:13.056781 read(0, "TYPE I\r\n", 8) = 8
17830 14:08:13.056797 write(0, "200 Switching to Binary mode.\r\n", 31) = 31
17830 14:08:13.056836 rt_sigaction(SIGALRM, {0x805cad0, ~[RTMIN RT_1], 0}, NULL, 8) = 0
17830 14:08:13.056850 alarm(300)        = 300
17830 14:08:13.056861 recv(0, "PASV\r\n", 4096, MSG_PEEK) = 6
17830 14:08:13.056872 read(0, "PASV\r\n", 6) = 6
17830 14:08:13.056884 write(5, "\n", 1) = 1
17830 14:08:13.056895 read(5,  <unfinished ...>
17828 14:08:13.056907 close(5)          = 0
17828 14:08:13.056919 getuid32()        = 0
17828 14:08:13.056934 open("/etc/passwd", O_RDONLY|0x80000 /* O_??? */) = 5
17828 14:08:13.056948 _llseek(5, 0, [0], SEEK_CUR) = 0
17828 14:08:13.056960 fstat64(5, {st_mode=S_IFREG|0644, st_size=1624, ...}) = 0
17828 14:08:13.056978 mmap2(NULL, 1624, PROT_READ, MAP_SHARED, 5, 0) = 0xb7f42000
17828 14:08:13.056989 _llseek(5, 1624, [1624], SEEK_SET) = 0
17828 14:08:13.057006 munmap(0xb7f42000, 1624) = 0
17828 14:08:13.057058 close(5)          = 0
17828 14:08:13.057085 setgroups32(0, []) = 0
17828 14:08:13.057096 chdir("/usr/share/empty") = 0
17828 14:08:13.057108 chroot(".")       = 0
17828 14:08:13.057119 capset(NULL, NULL) = -1 EFAULT (Bad address)
17828 14:08:13.057132 prctl(0x8, 0, 0xbfaa2548, 0x80549a6, 0xbfaa2530) = 0
17828 14:08:13.057143 prctl(0x8, 0x1, 0xbfaa2548, 0x8054a49, 0xbfaa2530) = 0
17828 14:08:13.057153 setgid32(65534)   = 0
17828 14:08:13.057162 setuid32(65534)   = 0
17828 14:08:13.057172 capset(0x19980330, 0, {CAP_NET_BIND_SERVICE, CAP_NET_BIND_SERVICE, 0}) = 0
17828 14:08:13.057184 read(4, "\n", 1)  = 1
17828 14:08:13.057197 write(4, "\1", 1) = 1
17830 14:08:13.057208 <... read resumed> "\1", 1) = 1
17830 14:08:13.057215 write(5, "\f", 1) = 1
17830 14:08:13.057225 read(5,  <unfinished ...>
17828 14:08:13.057232 read(4, "\f", 1)  = 1
17828 14:08:13.057244 socket(PF_INET, SOCK_STREAM, IPPROTO_TCP) = 5
17828 14:08:13.057257 setsockopt(5, SOL_SOCKET, SO_REUSEADDR, [1], 4) = 0
17828 14:08:13.057268 gettimeofday({1495649293, 57271}, NULL) = 0
17828 14:08:13.057283 bind(5, {sa_family=AF_INET, sin_port=htons(60280), sin_addr=inet_addr("127.0.0.1")}, 16) = 0
17828 14:08:13.057298 listen(5, 1)      = 0
17828 14:08:13.057311 write(4, "x\353\0\0", 4) = 4
17830 14:08:13.057322 <... read resumed> "x\353\0\0", 4) = 4
17830 14:08:13.057335 write(0, "227 Entering Passive Mode (127,0,0,1,235,120).\r\n", 48) = 48
17830 14:08:13.057434 rt_sigaction(SIGALRM, {0x805cad0, ~[RTMIN RT_1], 0}, NULL, 8) = 0
17830 14:08:13.057451 alarm(300)        = 300
17830 14:08:13.057463 recv(0, "RETR myfile15\r\n", 4096, MSG_PEEK) = 15
17830 14:08:13.057475 read(0, "RETR myfile15\r\n", 15) = 15
17830 14:08:13.057489 write(5, "\v", 1) = 1
17830 14:08:13.057499 read(5,  <unfinished ...>
17828 14:08:13.057506 read(4, "\v", 1)  = 1
17828 14:08:13.057517 write(4, "\1\0\0\0", 4) = 4
17830 14:08:13.057528 <... read resumed> "\1\0\0\0", 4) = 4
17830 14:08:13.057540 gettimeofday({1495649293, 57544}, NULL) = 0
17830 14:08:13.057551 getcwd("/home/msfadmin", 4096) = 15
17830 14:08:13.057563 open("myfile15", O_RDONLY|O_NONBLOCK|O_LARGEFILE) = 4
17830 14:08:13.057576 fcntl64(4, F_SETLKW64, {type=F_RDLCK, whence=SEEK_SET, start=0, len=0}, 0xbfaa24b4) = 0
17830 14:08:13.057589 fstat64(4, {st_mode=S_IFREG|0644, st_size=17, ...}) = 0
17830 14:08:13.057606 fcntl64(4, F_GETFL) = 0x8800 (flags O_RDONLY|O_NONBLOCK|O_LARGEFILE)
17830 14:08:13.057616 fcntl64(4, F_SETFL, O_RDONLY|O_LARGEFILE) = 0
17830 14:08:13.057628 write(5, "\v", 1) = 1
17830 14:08:13.057639 read(5,  <unfinished ...>
17828 14:08:13.057646 read(4, "\v", 1)  = 1
17828 14:08:13.057657 write(4, "\1\0\0\0", 4) = 4
17830 14:08:13.057667 <... read resumed> "\1\0\0\0", 4) = 4
17830 14:08:13.057674 write(5, "\v", 1) = 1
17830 14:08:13.057684 read(5,  <unfinished ...>
17828 14:08:13.057690 read(4, "\v", 1)  = 1
17828 14:08:13.057701 write(4, "\1\0\0\0", 4) = 4
17830 14:08:13.057710 <... read resumed> "\1\0\0\0", 4) = 4
17830 14:08:13.057718 write(5, "\r", 1) = 1
17830 14:08:13.057727 read(5,  <unfinished ...>
17828 14:08:13.057734 read(4, "\r", 1)  = 1
17828 14:08:13.057746 select(6, [5], NULL, NULL, {60, 0}) = 1 (in [5], left {60, 0})
17828 14:08:13.057762 accept(5, {sa_family=AF_INET, sin_port=htons(44432), sin_addr=inet_addr("127.0.0.1")}, [16]) = 6
17828 14:08:13.057784 write(4, "\1", 1) = 1
17830 14:08:13.057794 <... read resumed> "\1", 1) = 1
17830 14:08:13.057803 recvmsg(5,  <unfinished ...>
17828 14:08:13.057812 sendmsg(4, {msg_name(0)=NULL, msg_iov(1)=[{"\0", 1}], msg_controllen=16, {cmsg_len=16, cmsg_level=SOL_SOCKET, cmsg_type=SCM_RIGHTS, {6}}, msg_flags=0}, 0) = 1
17830 14:08:13.057829 <... recvmsg resumed> {msg_name(0)=NULL, msg_iov(1)=[{"\0", 1}], msg_controllen=16, {cmsg_len=16, cmsg_level=SOL_SOCKET, cmsg_type=SCM_RIGHTS, {6}}, msg_flags=0}, 0) = 1
17830 14:08:13.057842 setsockopt(6, SOL_SOCKET, SO_KEEPALIVE, [1], 4) = 0
17830 14:08:13.057854 setsockopt(6, SOL_IP, IP_TOS, [8], 4) = 0
17830 14:08:13.057866 setsockopt(6, SOL_SOCKET, SO_LINGER, {onoff=1, linger=32767}, 8) = 0
17830 14:08:13.057876 rt_sigaction(SIGALRM, {0x805cad0, ~[RTMIN RT_1], 0}, NULL, 8) = 0
17830 14:08:13.057890 alarm(300)        = 300
17830 14:08:13.057903 write(0, "150 Opening BINARY mode data connection for myfile15 (17 bytes).\r\n", 66) = 66
17830 14:08:13.057944 _llseek(4, 0, [0], SEEK_CUR) = 0
17830 14:08:13.057956 fstat64(4, {st_mode=S_IFREG|0644, st_size=17, ...}) = 0
17830 14:08:13.057973 _llseek(4, 0, [0], SEEK_SET) = 0
17830 14:08:13.058124 sendfile(6, 4, NULL, 17) = 17
17830 14:08:13.058164 rt_sigaction(SIGALRM, {0x805cad0, ~[RTMIN RT_1], 0}, NULL, 8) = 0
17830 14:08:13.058179 alarm(300)        = 300
17830 14:08:13.058188 close(6)          = 0
17830 14:08:13.058197 alarm(0)          = 300
17830 14:08:13.058207 gettimeofday({1495649293, 58210}, NULL) = 0
17830 14:08:13.058224 getpid()          = 17830
17830 14:08:13.058235 gettimeofday({1495649293, 58239}, NULL) = 0
17830 14:08:13.058253 fcntl64(3, F_SETLKW64, {type=F_WRLCK, whence=SEEK_SET, start=0, len=0}, 0xbfaa2454) = 0
17830 14:08:13.058267 write(3, "Wed May 24 14:08:13 2017 [pid 17830] [msfadmin] OK DOWNLOAD: Client \"127.0.0.1\", \"/home/msfadmin/myfile15\", 17 bytes, 23.89Kbyte/sec\n", 133) = 133
17830 14:08:13.058287 fcntl64(3, F_SETLK64, {type=F_UNLCK, whence=SEEK_SET, start=0, len=0}, 0xbfaa245c) = 0
17830 14:08:13.058301 write(0, "226 Transfer complete.\r\n", 24) = 24
17830 14:08:13.058316 write(5, "\n", 1) = 1
17830 14:08:13.058326 read(5,  <unfinished ...>
17828 14:08:13.058333 close(6)          = 0
17828 14:08:13.058410 read(4, "\n", 1)  = 1
17828 14:08:13.058423 close(5)          = 0
17828 14:08:13.058434 write(4, "\1", 1) = 1
17830 14:08:13.058445 <... read resumed> "\1", 1) = 1
17830 14:08:13.058451 close(4)          = 0
17830 14:08:13.058462 rt_sigaction(SIGALRM, {0x805cad0, ~[RTMIN RT_1], 0}, NULL, 8) = 0
17830 14:08:13.058475 alarm(300)        = 0
17830 14:08:13.058486 recv(0,  <unfinished ...>
17828 14:08:13.058493 read(4,  <unfinished ...>
17827 14:08:13.476050 <... recv resumed> "TYPE I\r\n", 4096, MSG_PEEK) = 8
17827 14:08:13.476081 read(0, "TYPE I\r\n", 8) = 8
17827 14:08:13.476103 write(0, "200 Switching to Binary mode.\r\n", 31) = 31
17827 14:08:13.476150 rt_sigaction(SIGALRM, {0x805cad0, ~[RTMIN RT_1], 0}, NULL, 8) = 0
17827 14:08:13.476167 alarm(300)        = 299
17827 14:08:13.476180 recv(0, "PASV\r\n", 4096, MSG_PEEK) = 6
17827 14:08:13.476192 read(0, "PASV\r\n", 6) = 6
17827 14:08:13.476203 write(5, "\n", 1 <unfinished ...>
17825 14:08:13.476214 <... read resumed> "\n", 1) = 1
17827 14:08:13.476219 <... write resumed> ) = 1
17825 14:08:13.476228 write(4, "\1", 1 <unfinished ...>
17827 14:08:13.476233 read(5,  <unfinished ...>
17825 14:08:13.476239 <... write resumed> ) = 1
17827 14:08:13.476243 <... read resumed> "\1", 1) = 1
17825 14:08:13.476251 read(4,  <unfinished ...>
17827 14:08:13.476255 write(5, "\f", 1 <unfinished ...>
17825 14:08:13.476262 <... read resumed> "\f", 1) = 1
17827 14:08:13.476267 <... write resumed> ) = 1
17825 14:08:13.476275 socket(PF_INET, SOCK_STREAM, IPPROTO_TCP <unfinished ...>
17827 14:08:13.476280 read(5,  <unfinished ...>
17825 14:08:13.476289 <... socket resumed> ) = 5
17825 14:08:13.476297 setsockopt(5, SOL_SOCKET, SO_REUSEADDR, [1], 4) = 0
17825 14:08:13.476311 bind(5, {sa_family=AF_INET, sin_port=htons(24816), sin_addr=inet_addr("127.0.0.1")}, 16) = 0
17825 14:08:13.476328 listen(5, 1)      = 0
17825 14:08:13.476341 write(4, "\360`\0\0", 4 <unfinished ...>
17827 14:08:13.476349 <... read resumed> "\360`\0\0", 4) = 4
17825 14:08:13.476354 <... write resumed> ) = 4
17827 14:08:13.476366 write(0, "227 Entering Passive Mode (127,0,0,1,96,240).\r\n", 47 <unfinished ...>
17825 14:08:13.476374 read(4,  <unfinished ...>
17827 14:08:13.476474 <... write resumed> ) = 47
17827 14:08:13.476486 rt_sigaction(SIGALRM, {0x805cad0, ~[RTMIN RT_1], 0}, NULL, 8) = 0
17827 14:08:13.476501 alarm(300)        = 300
17827 14:08:13.476512 recv(0, "STOR myfile8\r\n", 4096, MSG_PEEK) = 14
17827 14:08:13.476525 read(0, "STOR myfile8\r\n", 14) = 14
17827 14:08:13.476539 write(5, "\v", 1 <unfinished ...>
17825 14:08:13.476547 <... read resumed> "\v", 1) = 1
17827 14:08:13.476551 <... write resumed> ) = 1
17825 14:08:13.476558 write(4, "\1\0\0\0", 4 <unfinished ...>
17827 14:08:13.476564 read(5,  <unfinished ...>
17825 14:08:13.476570 <... write resumed> ) = 4
17827 14:08:13.476574 <... read resumed> "\1\0\0\0", 4) = 4
17825 14:08:13.476582 read(4,  <unfinished ...>
17827 14:08:13.476586 gettimeofday({1495649293, 476590}, NULL) = 0
17827 14:08:13.476598 getcwd("/home/msfadmin", 4096) = 15
17827 14:08:13.476610 open("myfile8", O_WRONLY|O_CREAT|O_NONBLOCK|O_LARGEFILE, 0666) = 4
17827 14:08:13.476624 fstat64(4, {st_mode=S_IFREG|0644, st_size=17, ...}) = 0
17827 14:08:13.476642 fcntl64(4, F_GETFL) = 0x8801 (flags O_WRONLY|O_NONBLOCK|O_LARGEFILE)
17827 14:08:13.476653 fcntl64(4, F_SETFL, O_WRONLY|O_LARGEFILE) = 0
17827 14:08:13.476662 fcntl64(4, F_SETLKW64, {type=F_WRLCK, whence=SEEK_SET, start=0, len=0}, 0xbfae64d4) = 0
17827 14:08:13.476677 ftruncate64(4, 0) = 0
17827 14:08:13.476696 _llseek(4, 0, [0], SEEK_SET) = 0
17827 14:08:13.476708 write(5, "\v", 1 <unfinished ...>
17825 14:08:13.476715 <... read resumed> "\v", 1) = 1
17827 14:08:13.476719 <... write resumed> ) = 1
17825 14:08:13.476726 write(4, "\1\0\0\0", 4) = 4
17825 14:08:13.476736 read(4,  <unfinished ...>
17827 14:08:13.476743 read(5, "\1\0\0\0", 4) = 4
17827 14:08:13.476754 write(5, "\v", 1 <unfinished ...>
17825 14:08:13.476761 <... read resumed> "\v", 1) = 1
17827 14:08:13.476765 <... write resumed> ) = 1
17825 14:08:13.476771 write(4, "\1\0\0\0", 4) = 4
17825 14:08:13.476781 read(4,  <unfinished ...>
17827 14:08:13.476788 read(5, "\1\0\0\0", 4) = 4
17827 14:08:13.476799 write(5, "\r", 1 <unfinished ...>
17825 14:08:13.476805 <... read resumed> "\r", 1) = 1
17827 14:08:13.476810 <... write resumed> ) = 1
17825 14:08:13.476816 select(6, [5], NULL, NULL, {60, 0}) = 1 (in [5], left {60, 0})
17825 14:08:13.476832 accept(5, {sa_family=AF_INET, sin_port=htons(46214), sin_addr=inet_addr("127.0.0.1")}, [16]) = 6
17825 14:08:13.476906 write(4, "\1", 1) = 1
17825 14:08:13.476919 sendmsg(4, {msg_name(0)=NULL, msg_iov(1)=[{"\0", 1}], msg_controllen=16, {cmsg_len=16, cmsg_level=SOL_SOCKET, cmsg_type=SCM_RIGHTS, {6}}, msg_flags=0}, 0) = 1
17825 14:08:13.476936 close(6)          = 0
17825 14:08:13.476945 read(4,  <unfinished ...>
17827 14:08:13.476952 read(5, "\1", 1)  = 1
17827 14:08:13.476965 recvmsg(5, {msg_name(0)=NULL, msg_iov(1)=[{"\0", 1}], msg_controllen=16, {cmsg_len=16, cmsg_level=SOL_SOCKET, cmsg_type=SCM_RIGHTS, {6}}, msg_flags=0}, 0) = 1
17827 14:08:13.476982 setsockopt(6, SOL_SOCKET, SO_KEEPALIVE, [1], 4) = 0
17827 14:08:13.476994 setsockopt(6, SOL_IP, IP_TOS, [8], 4) = 0
17827 14:08:13.477006 setsockopt(6, SOL_SOCKET, SO_LINGER, {onoff=1, linger=32767}, 8) = 0
17827 14:08:13.477017 rt_sigaction(SIGALRM, {0x805cad0, ~[RTMIN RT_1], 0}, NULL, 8) = 0
17827 14:08:13.477030 alarm(300)        = 300
17827 14:08:13.477043 write(0, "150 Ok to send data.\r\n", 22) = 22
17827 14:08:13.477109 read(6, "assasaaa\na\na\na\na\n", 65536) = 17
17827 14:08:13.477124 write(4, "assasaaa\na\na\na\na\n", 17) = 17
17827 14:08:13.477140 read(6, "", 65536) = 0
17827 14:08:13.477150 rt_sigaction(SIGALRM, {0x805cad0, ~[RTMIN RT_1], 0}, NULL, 8) = 0
17827 14:08:13.477164 alarm(300)        = 300
17827 14:08:13.477173 close(6)          = 0
17827 14:08:13.477190 alarm(0)          = 300
17827 14:08:13.477200 gettimeofday({1495649293, 477203}, NULL) = 0
17827 14:08:13.477215 gettimeofday({1495649293, 477218}, NULL) = 0
17827 14:08:13.477228 fcntl64(3, F_SETLKW64, {type=F_WRLCK, whence=SEEK_SET, start=0, len=0}, 0xbfae6474) = 0
17827 14:08:13.477243 write(3, "Wed May 24 14:08:13 2017 [pid 17827] [msfadmin] OK UPLOAD: Client \"127.0.0.1\", \"/home/msfadmin/myfile8\", 17 bytes, 26.44Kbyte/sec\n", 130) = 130
17827 14:08:13.477264 fcntl64(3, F_SETLK64, {type=F_UNLCK, whence=SEEK_SET, start=0, len=0}, 0xbfae647c) = 0
17827 14:08:13.477278 write(0, "226 Transfer complete.\r\n", 24) = 24
17827 14:08:13.477320 write(5, "\n", 1 <unfinished ...>
17825 14:08:13.477329 <... read resumed> "\n", 1) = 1
17827 14:08:13.477334 <... write resumed> ) = 1
17825 14:08:13.477339 close(5)          = 0
17825 14:08:13.477351 write(4, "\1", 1) = 1
17825 14:08:13.477361 read(4,  <unfinished ...>
17827 14:08:13.477368 read(5, "\1", 1)  = 1
17827 14:08:13.477379 close(4)          = 0
17827 14:08:13.477389 rt_sigaction(SIGALRM, {0x805cad0, ~[RTMIN RT_1], 0}, NULL, 8) = 0
17827 14:08:13.477402 alarm(300)        = 0
17827 14:08:13.477413 recv(0,  <unfinished ...>
17830 14:08:13.646088 <... recv resumed> "USER msfadmin\r\n", 4096, MSG_PEEK) = 15
17830 14:08:13.646128 read(0, "USER msfadmin\r\n", 15) = 15
17830 14:08:13.646153 write(0, "331 Any password will do.\r\n", 27) = 27
17830 14:08:13.646198 rt_sigaction(SIGALRM, {0x805cad0, ~[RTMIN RT_1], 0}, NULL, 8) = 0
17830 14:08:13.646215 alarm(300)        = 299
17830 14:08:13.646228 recv(0, "PASS msfadmin\r\n", 4096, MSG_PEEK) = 15
17830 14:08:13.646240 read(0, "PASS msfadmin\r\n", 15) = 15
17830 14:08:13.646256 write(0, "230 Already logged in.\r\n", 24) = 24
17830 14:08:13.646317 rt_sigaction(SIGALRM, {0x805cad0, ~[RTMIN RT_1], 0}, NULL, 8) = 0
17830 14:08:13.646332 alarm(300)        = 300
17830 14:08:13.646343 recv(0, "TYPE I\r\n", 4096, MSG_PEEK) = 8
17830 14:08:13.646354 read(0, "TYPE I\r\n", 8) = 8
17830 14:08:13.646368 write(0, "200 Switching to Binary mode.\r\n", 31) = 31
17830 14:08:13.646403 rt_sigaction(SIGALRM, {0x805cad0, ~[RTMIN RT_1], 0}, NULL, 8) = 0
17830 14:08:13.646417 alarm(300)        = 300
17830 14:08:13.646428 recv(0, "PASV\r\n", 4096, MSG_PEEK) = 6
17830 14:08:13.646439 read(0, "PASV\r\n", 6) = 6
17830 14:08:13.646450 write(5, "\n", 1) = 1
17830 14:08:13.646462 read(5,  <unfinished ...>
17828 14:08:13.646471 <... read resumed> "\n", 1) = 1
17828 14:08:13.646480 write(4, "\1", 1) = 1
17830 14:08:13.646490 <... read resumed> "\1", 1) = 1
17830 14:08:13.646497 write(5, "\f", 1) = 1
17830 14:08:13.646507 read(5,  <unfinished ...>
17828 14:08:13.646514 read(4, "\f", 1)  = 1
17828 14:08:13.646533 socket(PF_INET, SOCK_STREAM, IPPROTO_TCP) = 5
17828 14:08:13.646549 setsockopt(5, SOL_SOCKET, SO_REUSEADDR, [1], 4) = 0
17828 14:08:13.646563 bind(5, {sa_family=AF_INET, sin_port=htons(53354), sin_addr=inet_addr("127.0.0.1")}, 16) = 0
17828 14:08:13.646579 listen(5, 1)      = 0
17828 14:08:13.646592 write(4, "j\320\0\0", 4) = 4
17830 14:08:13.646603 <... read resumed> "j\320\0\0", 4) = 4
17830 14:08:13.646615 write(0, "227 Entering Passive Mode (127,0,0,1,208,106).\r\n", 48) = 48
17830 14:08:13.646727 rt_sigaction(SIGALRM, {0x805cad0, ~[RTMIN RT_1], 0}, NULL, 8) = 0
17830 14:08:13.646743 alarm(300)        = 300
17830 14:08:13.646754 recv(0, "RETR myfile16\r\n", 4096, MSG_PEEK) = 15
17830 14:08:13.646766 read(0, "RETR myfile16\r\n", 15) = 15
17830 14:08:13.646779 write(5, "\v", 1) = 1
17830 14:08:13.646790 read(5,  <unfinished ...>
17828 14:08:13.646830 read(4, "\v", 1)  = 1
17828 14:08:13.646842 write(4, "\1\0\0\0", 4) = 4
17830 14:08:13.646863 <... read resumed> "\1\0\0\0", 4) = 4
17830 14:08:13.646870 gettimeofday({1495649293, 646874}, NULL) = 0
17830 14:08:13.646881 getcwd("/home/msfadmin", 4096) = 15
17830 14:08:13.646894 open("myfile16", O_RDONLY|O_NONBLOCK|O_LARGEFILE) = 4
17830 14:08:13.646908 fcntl64(4, F_SETLKW64, {type=F_RDLCK, whence=SEEK_SET, start=0, len=0}, 0xbfaa24b4) = 0
17830 14:08:13.646923 fstat64(4, {st_mode=S_IFREG|0644, st_size=17, ...}) = 0
17830 14:08:13.646940 fcntl64(4, F_GETFL) = 0x8800 (flags O_RDONLY|O_NONBLOCK|O_LARGEFILE)
17830 14:08:13.646950 fcntl64(4, F_SETFL, O_RDONLY|O_LARGEFILE) = 0
17830 14:08:13.646962 write(5, "\v", 1) = 1
17830 14:08:13.646972 read(5,  <unfinished ...>
17828 14:08:13.646979 read(4, "\v", 1)  = 1
17828 14:08:13.646990 write(4, "\1\0\0\0", 4) = 4
17830 14:08:13.647000 <... read resumed> "\1\0\0\0", 4) = 4
17830 14:08:13.647007 write(5, "\v", 1) = 1
17830 14:08:13.647017 read(5,  <unfinished ...>
17828 14:08:13.647023 read(4, "\v", 1)  = 1
17828 14:08:13.647034 write(4, "\1\0\0\0", 4) = 4
17830 14:08:13.647044 <... read resumed> "\1\0\0\0", 4) = 4
17830 14:08:13.647051 write(5, "\r", 1) = 1
17830 14:08:13.647061 read(5,  <unfinished ...>
17828 14:08:13.647067 read(4, "\r", 1)  = 1
17828 14:08:13.647079 select(6, [5], NULL, NULL, {60, 0}) = 1 (in [5], left {60, 0})
17828 14:08:13.647095 accept(5, {sa_family=AF_INET, sin_port=htons(48322), sin_addr=inet_addr("127.0.0.1")}, [16]) = 6
17828 14:08:13.647117 write(4, "\1", 1) = 1
17830 14:08:13.647128 <... read resumed> "\1", 1) = 1
17830 14:08:13.647136 recvmsg(5,  <unfinished ...>
17828 14:08:13.647145 sendmsg(4, {msg_name(0)=NULL, msg_iov(1)=[{"\0", 1}], msg_controllen=16, {cmsg_len=16, cmsg_level=SOL_SOCKET, cmsg_type=SCM_RIGHTS, {6}}, msg_flags=0}, 0) = 1
17830 14:08:13.647162 <... recvmsg resumed> {msg_name(0)=NULL, msg_iov(1)=[{"\0", 1}], msg_controllen=16, {cmsg_len=16, cmsg_level=SOL_SOCKET, cmsg_type=SCM_RIGHTS, {6}}, msg_flags=0}, 0) = 1
17830 14:08:13.647174 setsockopt(6, SOL_SOCKET, SO_KEEPALIVE, [1], 4) = 0
17830 14:08:13.647187 setsockopt(6, SOL_IP, IP_TOS, [8], 4) = 0
17830 14:08:13.647198 setsockopt(6, SOL_SOCKET, SO_LINGER, {onoff=1, linger=32767}, 8) = 0
17830 14:08:13.647209 rt_sigaction(SIGALRM, {0x805cad0, ~[RTMIN RT_1], 0}, NULL, 8) = 0
17830 14:08:13.647222 alarm(300)        = 300
17830 14:08:13.647235 write(0, "150 Opening BINARY mode data connection for myfile16 (17 bytes).\r\n", 66) = 66
17830 14:08:13.647276 _llseek(4, 0, [0], SEEK_CUR) = 0
17830 14:08:13.647288 fstat64(4, {st_mode=S_IFREG|0644, st_size=17, ...}) = 0
17830 14:08:13.647305 _llseek(4, 0, [0], SEEK_SET) = 0
17830 14:08:13.647315 sendfile(6, 4, NULL, 17) = 17
17830 14:08:13.647346 rt_sigaction(SIGALRM, {0x805cad0, ~[RTMIN RT_1], 0}, NULL, 8) = 0
17830 14:08:13.647360 alarm(300)        = 300
17830 14:08:13.647369 close(6)          = 0
17830 14:08:13.647378 alarm(0)          = 300
17830 14:08:13.647388 gettimeofday({1495649293, 647391}, NULL) = 0
17830 14:08:13.647403 gettimeofday({1495649293, 647406}, NULL) = 0
17830 14:08:13.647417 fcntl64(3, F_SETLKW64, {type=F_WRLCK, whence=SEEK_SET, start=0, len=0}, 0xbfaa2454) = 0
17830 14:08:13.647435 write(3, "Wed May 24 14:08:13 2017 [pid 17830] [msfadmin] OK DOWNLOAD: Client \"127.0.0.1\", \"/home/msfadmin/myfile16\", 17 bytes, 31.21Kbyte/sec\n", 133) = 133
17830 14:08:13.647456 fcntl64(3, F_SETLK64, {type=F_UNLCK, whence=SEEK_SET, start=0, len=0}, 0xbfaa245c) = 0
17830 14:08:13.647470 write(0, "226 Transfer complete.\r\n", 24) = 24
17830 14:08:13.647485 write(5, "\n", 1) = 1
17830 14:08:13.647496 read(5,  <unfinished ...>
17828 14:08:13.647502 close(6)          = 0
17828 14:08:13.647584 read(4, "\n", 1)  = 1
17828 14:08:13.647597 close(5)          = 0
17828 14:08:13.647608 write(4, "\1", 1) = 1
17830 14:08:13.647619 <... read resumed> "\1", 1) = 1
17830 14:08:13.647626 close(4)          = 0
17830 14:08:13.647636 rt_sigaction(SIGALRM, {0x805cad0, ~[RTMIN RT_1], 0}, NULL, 8) = 0
17830 14:08:13.647650 alarm(300)        = 0
17830 14:08:13.647660 recv(0,  <unfinished ...>
17828 14:08:13.647668 read(4,  <unfinished ...>
17827 14:08:13.986890 <... recv resumed> "TYPE I\r\n", 4096, MSG_PEEK) = 8
17827 14:08:13.986965 read(0, "TYPE I\r\n", 8) = 8
17827 14:08:13.987031 write(0, "200 Switching to Binary mode.\r\n", 31) = 31
17827 14:08:13.987110 rt_sigaction(SIGALRM, {0x805cad0, ~[RTMIN RT_1], 0}, NULL, 8) = 0
17827 14:08:13.987140 alarm(300)        = 299
17827 14:08:13.987161 recv(0, "PASV\r\n", 4096, MSG_PEEK) = 6
17827 14:08:13.987172 read(0, "PASV\r\n", 6) = 6
17827 14:08:13.987185 write(5, "\n", 1 <unfinished ...>
17825 14:08:13.987196 <... read resumed> "\n", 1) = 1
17827 14:08:13.987201 <... write resumed> ) = 1
17825 14:08:13.987209 write(4, "\1", 1) = 1
17825 14:08:13.987220 read(4,  <unfinished ...>
17827 14:08:13.987227 read(5, "\1", 1)  = 1
17827 14:08:13.987239 write(5, "\f", 1 <unfinished ...>
17825 14:08:13.987246 <... read resumed> "\f", 1) = 1
17827 14:08:13.987251 <... write resumed> ) = 1
17825 14:08:13.987258 socket(PF_INET, SOCK_STREAM, IPPROTO_TCP) = 5
17825 14:08:13.987274 setsockopt(5, SOL_SOCKET, SO_REUSEADDR, [1], 4) = 0
17825 14:08:13.987289 bind(5, {sa_family=AF_INET, sin_port=htons(30359), sin_addr=inet_addr("127.0.0.1")}, 16) = 0
17825 14:08:13.987305 listen(5, 1)      = 0
17825 14:08:13.987319 write(4, "\227v\0\0", 4) = 4
17825 14:08:13.987331 read(4,  <unfinished ...>
17827 14:08:13.987338 read(5, "\227v\0\0", 4) = 4
17827 14:08:13.987354 write(0, "227 Entering Passive Mode (127,0,0,1,118,151).\r\n", 48) = 48
17827 14:08:13.987469 rt_sigaction(SIGALRM, {0x805cad0, ~[RTMIN RT_1], 0}, NULL, 8) = 0
17827 14:08:13.987486 alarm(300)        = 300
17827 14:08:13.987498 recv(0, "STOR myfile9\r\n", 4096, MSG_PEEK) = 14
17827 14:08:13.987511 read(0, "STOR myfile9\r\n", 14) = 14
17827 14:08:13.987524 write(5, "\v", 1 <unfinished ...>
17825 14:08:13.987532 <... read resumed> "\v", 1) = 1
17827 14:08:13.987537 <... write resumed> ) = 1
17825 14:08:13.987543 write(4, "\1\0\0\0", 4) = 4
17825 14:08:13.987554 read(4,  <unfinished ...>
17827 14:08:13.987561 read(5, "\1\0\0\0", 4) = 4
17827 14:08:13.987573 gettimeofday({1495649293, 987577}, NULL) = 0
17827 14:08:13.987585 getcwd("/home/msfadmin", 4096) = 15
17827 14:08:13.987597 open("myfile9", O_WRONLY|O_CREAT|O_NONBLOCK|O_LARGEFILE, 0666) = 4
17827 14:08:13.987615 fstat64(4, {st_mode=S_IFREG|0644, st_size=17, ...}) = 0
17827 14:08:13.987633 fcntl64(4, F_GETFL) = 0x8801 (flags O_WRONLY|O_NONBLOCK|O_LARGEFILE)
17827 14:08:13.987645 fcntl64(4, F_SETFL, O_WRONLY|O_LARGEFILE) = 0
17827 14:08:13.987655 fcntl64(4, F_SETLKW64, {type=F_WRLCK, whence=SEEK_SET, start=0, len=0}, 0xbfae64d4) = 0
17827 14:08:13.987669 ftruncate64(4, 0) = 0
17827 14:08:13.987689 _llseek(4, 0, [0], SEEK_SET) = 0
17827 14:08:13.987700 write(5, "\v", 1 <unfinished ...>
17825 14:08:13.987708 <... read resumed> "\v", 1) = 1
17827 14:08:13.987713 <... write resumed> ) = 1
17825 14:08:13.987719 write(4, "\1\0\0\0", 4) = 4
17825 14:08:13.987730 read(4,  <unfinished ...>
17827 14:08:13.987737 read(5, "\1\0\0\0", 4) = 4
17827 14:08:13.987748 write(5, "\v", 1 <unfinished ...>
17825 14:08:13.987755 <... read resumed> "\v", 1) = 1
17827 14:08:13.987760 <... write resumed> ) = 1
17825 14:08:13.987772 write(4, "\1\0\0\0", 4) = 4
17825 14:08:13.987783 read(4,  <unfinished ...>
17827 14:08:13.987789 read(5, "\1\0\0\0", 4) = 4
17827 14:08:13.987824 write(5, "\r", 1 <unfinished ...>
17825 14:08:13.987835 <... read resumed> "\r", 1) = 1
17827 14:08:13.987840 <... write resumed> ) = 1
17825 14:08:13.987848 select(6, [5], NULL, NULL, {60, 0}) = 1 (in [5], left {60, 0})
17825 14:08:13.987864 accept(5, {sa_family=AF_INET, sin_port=htons(48967), sin_addr=inet_addr("127.0.0.1")}, [16]) = 6
17825 14:08:13.987887 write(4, "\1", 1) = 1
17825 14:08:13.987899 sendmsg(4, {msg_name(0)=NULL, msg_iov(1)=[{"\0", 1}], msg_controllen=16, {cmsg_len=16, cmsg_level=SOL_SOCKET, cmsg_type=SCM_RIGHTS, {6}}, msg_flags=0}, 0) = 1
17825 14:08:13.987917 close(6)          = 0
17825 14:08:13.987926 read(4,  <unfinished ...>
17827 14:08:13.987933 read(5, "\1", 1)  = 1
17827 14:08:13.987946 recvmsg(5, {msg_name(0)=NULL, msg_iov(1)=[{"\0", 1}], msg_controllen=16, {cmsg_len=16, cmsg_level=SOL_SOCKET, cmsg_type=SCM_RIGHTS, {6}}, msg_flags=0}, 0) = 1
17827 14:08:13.987964 setsockopt(6, SOL_SOCKET, SO_KEEPALIVE, [1], 4) = 0
17827 14:08:13.987977 setsockopt(6, SOL_IP, IP_TOS, [8], 4) = 0
17827 14:08:13.987989 setsockopt(6, SOL_SOCKET, SO_LINGER, {onoff=1, linger=32767}, 8) = 0
17827 14:08:13.988001 rt_sigaction(SIGALRM, {0x805cad0, ~[RTMIN RT_1], 0}, NULL, 8) = 0
17827 14:08:13.988014 alarm(300)        = 300
17827 14:08:13.988027 write(0, "150 Ok to send data.\r\n", 22) = 22
17827 14:08:13.988095 read(6, "assasaaa\na\na\na\na\n", 65536) = 17
17827 14:08:13.988109 write(4, "assasaaa\na\na\na\na\n", 17) = 17
17827 14:08:13.988126 read(6, "", 65536) = 0
17827 14:08:13.988137 rt_sigaction(SIGALRM, {0x805cad0, ~[RTMIN RT_1], 0}, NULL, 8) = 0
17827 14:08:13.988151 alarm(300)        = 300
17827 14:08:13.988161 close(6)          = 0
17827 14:08:13.988178 alarm(0)          = 300
17827 14:08:13.988188 gettimeofday({1495649293, 988191}, NULL) = 0
17827 14:08:13.988203 gettimeofday({1495649293, 988207}, NULL) = 0
17827 14:08:13.988218 fcntl64(3, F_SETLKW64, {type=F_WRLCK, whence=SEEK_SET, start=0, len=0}, 0xbfae6474) = 0
17827 14:08:13.988233 write(3, "Wed May 24 14:08:13 2017 [pid 17827] [msfadmin] OK UPLOAD: Client \"127.0.0.1\", \"/home/msfadmin/myfile9\", 17 bytes, 26.35Kbyte/sec\n", 130) = 130
17827 14:08:13.988254 fcntl64(3, F_SETLK64, {type=F_UNLCK, whence=SEEK_SET, start=0, len=0}, 0xbfae647c) = 0
17827 14:08:13.988268 write(0, "226 Transfer complete.\r\n", 24) = 24
17827 14:08:13.988312 write(5, "\n", 1 <unfinished ...>
17825 14:08:13.988321 <... read resumed> "\n", 1) = 1
17827 14:08:13.988326 <... write resumed> ) = 1
17825 14:08:13.988332 close(5)          = 0
17825 14:08:13.988344 write(4, "\1", 1) = 1
17825 14:08:13.988355 read(4,  <unfinished ...>
17827 14:08:13.988362 read(5, "\1", 1)  = 1
17827 14:08:13.988373 close(4)          = 0
17827 14:08:13.988383 rt_sigaction(SIGALRM, {0x805cad0, ~[RTMIN RT_1], 0}, NULL, 8) = 0
17827 14:08:13.988397 alarm(300)        = 0
17827 14:08:13.988408 recv(0,  <unfinished ...>
17830 14:08:14.217002 <... recv resumed> "USER msfadmin\r\n", 4096, MSG_PEEK) = 15
17830 14:08:14.217129 read(0, "USER msfadmin\r\n", 15) = 15
17830 14:08:14.217236 write(0, "331 Any password will do.\r\n", 27) = 27
17830 14:08:14.217329 rt_sigaction(SIGALRM, {0x805cad0, ~[RTMIN RT_1], 0}, NULL, 8) = 0
17830 14:08:14.217363 alarm(300)        = 299
17830 14:08:14.217389 recv(0, "PASS msfadmin\r\n", 4096, MSG_PEEK) = 15
17830 14:08:14.217405 read(0, "PASS msfadmin\r\n", 15) = 15
17830 14:08:14.217421 write(0, "230 Already logged in.\r\n", 24) = 24
17830 14:08:14.217483 rt_sigaction(SIGALRM, {0x805cad0, ~[RTMIN RT_1], 0}, NULL, 8) = 0
17830 14:08:14.217498 alarm(300)        = 300
17830 14:08:14.217510 recv(0, "TYPE I\r\n", 4096, MSG_PEEK) = 8
17830 14:08:14.217521 read(0, "TYPE I\r\n", 8) = 8
17830 14:08:14.217535 write(0, "200 Switching to Binary mode.\r\n", 31) = 31
17830 14:08:14.217569 rt_sigaction(SIGALRM, {0x805cad0, ~[RTMIN RT_1], 0}, NULL, 8) = 0
17830 14:08:14.217583 alarm(300)        = 300
17830 14:08:14.217594 recv(0, "PASV\r\n", 4096, MSG_PEEK) = 6
17830 14:08:14.217612 read(0, "PASV\r\n", 6) = 6
17830 14:08:14.217623 write(5, "\n", 1) = 1
17830 14:08:14.217636 read(5,  <unfinished ...>
17828 14:08:14.217644 <... read resumed> "\n", 1) = 1
17828 14:08:14.217653 write(4, "\1", 1) = 1
17830 14:08:14.217663 <... read resumed> "\1", 1) = 1
17830 14:08:14.217670 write(5, "\f", 1) = 1
17830 14:08:14.217680 read(5,  <unfinished ...>
17828 14:08:14.217686 read(4, "\f", 1)  = 1
17828 14:08:14.217698 socket(PF_INET, SOCK_STREAM, IPPROTO_TCP) = 5
17828 14:08:14.217713 setsockopt(5, SOL_SOCKET, SO_REUSEADDR, [1], 4) = 0
17828 14:08:14.217727 bind(5, {sa_family=AF_INET, sin_port=htons(37801), sin_addr=inet_addr("127.0.0.1")}, 16) = 0
17828 14:08:14.217743 listen(5, 1)      = 0
17828 14:08:14.217757 write(4, "\251\223\0\0", 4) = 4
17830 14:08:14.217768 <... read resumed> "\251\223\0\0", 4) = 4
17830 14:08:14.217779 write(0, "227 Entering Passive Mode (127,0,0,1,147,169).\r\n", 48) = 48
17830 14:08:14.217892 rt_sigaction(SIGALRM, {0x805cad0, ~[RTMIN RT_1], 0}, NULL, 8) = 0
17830 14:08:14.217908 alarm(300)        = 300
17830 14:08:14.217944 recv(0, "RETR myfile17\r\n", 4096, MSG_PEEK) = 15
17830 14:08:14.217959 read(0, "RETR myfile17\r\n", 15) = 15
17830 14:08:14.217982 write(5, "\v", 1) = 1
17830 14:08:14.217992 read(5,  <unfinished ...>
17828 14:08:14.217999 read(4, "\v", 1)  = 1
17828 14:08:14.218010 write(4, "\1\0\0\0", 4) = 4
17830 14:08:14.218020 <... read resumed> "\1\0\0\0", 4) = 4
17830 14:08:14.218028 gettimeofday({1495649294, 218032}, NULL) = 0
17830 14:08:14.218039 getcwd("/home/msfadmin", 4096) = 15
17830 14:08:14.218052 open("myfile17", O_RDONLY|O_NONBLOCK|O_LARGEFILE) = 4
17830 14:08:14.218065 fcntl64(4, F_SETLKW64, {type=F_RDLCK, whence=SEEK_SET, start=0, len=0}, 0xbfaa24b4) = 0
17830 14:08:14.218080 fstat64(4, {st_mode=S_IFREG|0644, st_size=17, ...}) = 0
17830 14:08:14.218097 fcntl64(4, F_GETFL) = 0x8800 (flags O_RDONLY|O_NONBLOCK|O_LARGEFILE)
17830 14:08:14.218108 fcntl64(4, F_SETFL, O_RDONLY|O_LARGEFILE) = 0
17830 14:08:14.218119 write(5, "\v", 1) = 1
17830 14:08:14.218129 read(5,  <unfinished ...>
17828 14:08:14.218136 read(4, "\v", 1)  = 1
17828 14:08:14.218147 write(4, "\1\0\0\0", 4) = 4
17830 14:08:14.218157 <... read resumed> "\1\0\0\0", 4) = 4
17830 14:08:14.218164 write(5, "\v", 1) = 1
17830 14:08:14.218173 read(5,  <unfinished ...>
17828 14:08:14.218180 read(4, "\v", 1)  = 1
17828 14:08:14.218190 write(4, "\1\0\0\0", 4) = 4
17830 14:08:14.218200 <... read resumed> "\1\0\0\0", 4) = 4
17830 14:08:14.218207 write(5, "\r", 1) = 1
17830 14:08:14.218217 read(5,  <unfinished ...>
17828 14:08:14.218223 read(4, "\r", 1)  = 1
17828 14:08:14.218234 select(6, [5], NULL, NULL, {60, 0}) = 1 (in [5], left {60, 0})
17828 14:08:14.218251 accept(5, {sa_family=AF_INET, sin_port=htons(50703), sin_addr=inet_addr("127.0.0.1")}, [16]) = 6
17828 14:08:14.218272 write(4, "\1", 1) = 1
17830 14:08:14.218282 <... read resumed> "\1", 1) = 1
17830 14:08:14.218291 recvmsg(5,  <unfinished ...>
17828 14:08:14.218299 sendmsg(4, {msg_name(0)=NULL, msg_iov(1)=[{"\0", 1}], msg_controllen=16, {cmsg_len=16, cmsg_level=SOL_SOCKET, cmsg_type=SCM_RIGHTS, {6}}, msg_flags=0}, 0) = 1
17830 14:08:14.218316 <... recvmsg resumed> {msg_name(0)=NULL, msg_iov(1)=[{"\0", 1}], msg_controllen=16, {cmsg_len=16, cmsg_level=SOL_SOCKET, cmsg_type=SCM_RIGHTS, {6}}, msg_flags=0}, 0) = 1
17830 14:08:14.218329 setsockopt(6, SOL_SOCKET, SO_KEEPALIVE, [1], 4) = 0
17830 14:08:14.218341 setsockopt(6, SOL_IP, IP_TOS, [8], 4) = 0
17830 14:08:14.218353 setsockopt(6, SOL_SOCKET, SO_LINGER, {onoff=1, linger=32767}, 8) = 0
17830 14:08:14.218364 rt_sigaction(SIGALRM, {0x805cad0, ~[RTMIN RT_1], 0}, NULL, 8) = 0
17830 14:08:14.218377 alarm(300)        = 300
17830 14:08:14.218390 write(0, "150 Opening BINARY mode data connection for myfile17 (17 bytes).\r\n", 66) = 66
17830 14:08:14.218447 _llseek(4, 0, [0], SEEK_CUR) = 0
17830 14:08:14.218462 fstat64(4, {st_mode=S_IFREG|0644, st_size=17, ...}) = 0
17830 14:08:14.218489 _llseek(4, 0, [0], SEEK_SET) = 0
17830 14:08:14.218499 sendfile(6, 4, NULL, 17) = 17
17830 14:08:14.218534 rt_sigaction(SIGALRM, {0x805cad0, ~[RTMIN RT_1], 0}, NULL, 8) = 0
17830 14:08:14.218549 alarm(300)        = 300
17830 14:08:14.218559 close(6)          = 0
17830 14:08:14.218568 alarm(0)          = 300
17830 14:08:14.218577 gettimeofday({1495649294, 218581}, NULL) = 0
17830 14:08:14.218593 gettimeofday({1495649294, 218597}, NULL) = 0
17830 14:08:14.218607 fcntl64(3, F_SETLKW64, {type=F_WRLCK, whence=SEEK_SET, start=0, len=0}, 0xbfaa2454) = 0
17830 14:08:14.218621 write(3, "Wed May 24 14:08:14 2017 [pid 17830] [msfadmin] OK DOWNLOAD: Client \"127.0.0.1\", \"/home/msfadmin/myfile17\", 17 bytes, 29.38Kbyte/sec\n", 133) = 133
17830 14:08:14.218642 fcntl64(3, F_SETLK64, {type=F_UNLCK, whence=SEEK_SET, start=0, len=0}, 0xbfaa245c) = 0
17830 14:08:14.218656 write(0, "226 Transfer complete.\r\n", 24) = 24
17830 14:08:14.218671 write(5, "\n", 1) = 1
17830 14:08:14.218682 read(5,  <unfinished ...>
17828 14:08:14.218688 close(6)          = 0
17828 14:08:14.218769 read(4, "\n", 1)  = 1
17828 14:08:14.218782 close(5)          = 0
17828 14:08:14.218793 write(4, "\1", 1) = 1
17830 14:08:14.218804 <... read resumed> "\1", 1) = 1
17830 14:08:14.218811 close(4)          = 0
17830 14:08:14.218821 rt_sigaction(SIGALRM, {0x805cad0, ~[RTMIN RT_1], 0}, NULL, 8) = 0
17830 14:08:14.218834 alarm(300)        = 0
17830 14:08:14.218845 recv(0,  <unfinished ...>
17828 14:08:14.218852 read(4,  <unfinished ...>
