24807 15:27:03.799835 _llseek(5, 1233, [1233], SEEK_SET) = 0
24807 15:27:03.799856 munmap(0xb7f6e000, 1233) = 0
24807 15:27:03.799865 close(5)          = 0
24807 15:27:03.799884 open("/etc/passwd", O_RDONLY|0x80000 /* O_??? */) = 5
24807 15:27:03.799897 _llseek(5, 0, [0], SEEK_CUR) = 0
24807 15:27:03.799907 fstat64(5, {st_mode=S_IFREG|0644, st_size=1624, ...}) = 0
24807 15:27:03.799923 mmap2(NULL, 1624, PROT_READ, MAP_SHARED, 5, 0) = 0xb7f6e000
24807 15:27:03.799933 _llseek(5, 1624, [1624], SEEK_SET) = 0
24807 15:27:03.799949 munmap(0xb7f6e000, 1624) = 0
24807 15:27:03.799959 close(5)          = 0
24807 15:27:03.799971 open("/etc/shadow", O_RDONLY|0x80000 /* O_??? */) = 5
24807 15:27:03.800017 _llseek(5, 0, [0], SEEK_CUR) = 0
24807 15:27:03.800037 fstat64(5, {st_mode=S_IFREG|0640, st_size=1233, ...}) = 0
24807 15:27:03.800053 mmap2(NULL, 1233, PROT_READ, MAP_SHARED, 5, 0) = 0xb7f6e000
24807 15:27:03.800063 _llseek(5, 1233, [1233], SEEK_SET) = 0
24807 15:27:03.800080 munmap(0xb7f6e000, 1233) = 0
24807 15:27:03.800090 close(5)          = 0
24807 15:27:03.800324 getuid32()        = 0
24807 15:27:03.800334 open("/etc/passwd", O_RDONLY|0x80000 /* O_??? */) = 5
24807 15:27:03.800347 _llseek(5, 0, [0], SEEK_CUR) = 0
24807 15:27:03.800357 fstat64(5, {st_mode=S_IFREG|0644, st_size=1624, ...}) = 0
24807 15:27:03.800373 mmap2(NULL, 1624, PROT_READ, MAP_SHARED, 5, 0) = 0xb7f6e000
24807 15:27:03.800383 _llseek(5, 1624, [1624], SEEK_SET) = 0
24807 15:27:03.800399 munmap(0xb7f6e000, 1624) = 0
24807 15:27:03.800409 close(5)          = 0
24807 15:27:03.800421 open("/etc/shadow", O_RDONLY|0x80000 /* O_??? */) = 5
24807 15:27:03.800434 _llseek(5, 0, [0], SEEK_CUR) = 0
24807 15:27:03.800448 fstat64(5, {st_mode=S_IFREG|0640, st_size=1233, ...}) = 0
24807 15:27:03.800464 mmap2(NULL, 1233, PROT_READ, MAP_SHARED, 5, 0) = 0xb7f6e000
24807 15:27:03.800474 _llseek(5, 1233, [1233], SEEK_SET) = 0
24807 15:27:03.800491 munmap(0xb7f6e000, 1233) = 0
24807 15:27:03.800500 close(5)          = 0
24807 15:27:03.800512 time(NULL)        = 1495654023
24807 15:27:03.800527 munmap(0xb7f6b000, 12164) = 0
24807 15:27:03.800540 munmap(0xb7f69000, 7136) = 0
24807 15:27:03.800553 munmap(0xb7d9e000, 95428) = 0
24807 15:27:03.800564 munmap(0xb7d64000, 201052) = 0
24807 15:27:03.800575 munmap(0xb7d4b000, 101180) = 0
24807 15:27:03.800591 gettimeofday({1495654023, 800595}, NULL) = 0
24807 15:27:03.800602 stat64("/usr/share/zoneinfo/UTC+04:00", 0xbf8a1a14) = -1 ENOENT (No such file or directory)
24807 15:27:03.800618 open("/usr/share/zoneinfo/UTC+04:00", O_RDONLY) = -1 ENOENT (No such file or directory)
24807 15:27:03.800643 fcntl64(3, F_SETLKW64, {type=F_WRLCK, whence=SEEK_SET, start=0, len=0}, 0xbf8a1b64) = 0
24807 15:27:03.800659 write(3, "Wed May 24 15:27:03 2017 [pid 24807] [msfadmin] OK LOGIN: Client \"127.0.0.1\"\n", 77) = 77
24807 15:27:03.800675 fcntl64(3, F_SETLK64, {type=F_UNLCK, whence=SEEK_SET, start=0, len=0}, 0xbf8a1b6c) = 0
24807 15:27:03.800688 rt_sigaction(SIGCHLD, {0x805cad0, ~[RTMIN RT_1], 0}, NULL, 8) = 0
24807 15:27:03.800702 write(4, "\1", 1 <unfinished ...>
24808 15:27:03.800711 <... read resumed> "\1", 1) = 1
24807 15:27:03.800716 <... write resumed> ) = 1
24808 15:27:03.800723 exit_group(0)     = ?
24807 15:27:03.800751 --- SIGCHLD (Child exited) @ 0 (0) ---
24807 15:27:03.800759 sigreturn()       = ? (mask now [])
24807 15:27:03.800778 wait4(-1, [{WIFEXITED(s) && WEXITSTATUS(s) == 0}], 0, NULL) = 24808
24807 15:27:03.800791 close(4)          = 0
24807 15:27:03.800803 socketpair(PF_FILE, SOCK_STREAM, 0, [4, 5]) = 0
24807 15:27:03.800816 rt_sigaction(SIGCHLD, {0x805cad0, ~[RTMIN RT_1], 0}, NULL, 8) = 0
24807 15:27:03.800830 rt_sigaction(SIGALRM, {0x805cb10, ~[RTMIN RT_1], 0}, NULL, 8) = 0
24807 15:27:03.800843 clone(child_stack=0, flags=CLONE_CHILD_CLEARTID|CLONE_CHILD_SETTID|SIGCHLD, child_tidptr=0xb7dd46f8) = 24809
24809 15:27:03.800893 prctl(0x1, 0x9, 0, 0, 0) = 0
24809 15:27:03.800906 close(4)          = 0
24809 15:27:03.800933 open("/etc/passwd", O_RDONLY|0x80000 /* O_??? */) = 4
24809 15:27:03.800974 _llseek(4, 0, [0], SEEK_CUR) = 0
24809 15:27:03.801001 fstat64(4, {st_mode=S_IFREG|0644, st_size=1624, ...}) = 0
24809 15:27:03.801019 mmap2(NULL, 1624, PROT_READ, MAP_SHARED, 4, 0) = 0xb7f6e000
24809 15:27:03.801031 _llseek(4, 1624, [1624], SEEK_SET) = 0
24809 15:27:03.801054 munmap(0xb7f6e000, 1624) = 0
24809 15:27:03.801065 close(4)          = 0
24809 15:27:03.801079 getuid32()        = 0
24809 15:27:03.801089 open("/etc/passwd", O_RDONLY|0x80000 /* O_??? */) = 4
24809 15:27:03.801102 _llseek(4, 0, [0], SEEK_CUR) = 0
24809 15:27:03.801113 fstat64(4, {st_mode=S_IFREG|0644, st_size=1624, ...}) = 0
24809 15:27:03.801129 mmap2(NULL, 1624, PROT_READ, MAP_SHARED, 4, 0) = 0xb7f6e000
24809 15:27:03.801139 _llseek(4, 1624, [1624], SEEK_SET) = 0
24809 15:27:03.801154 munmap(0xb7f6e000, 1624) = 0
24809 15:27:03.801164 close(4)          = 0
24809 15:27:03.801189 open("/proc/sys/kernel/ngroups_max", O_RDONLY) = 4
24809 15:27:03.801211 read(4, "65536\n", 31) = 6
24809 15:27:03.801223 close(4)          = 0
24809 15:27:03.801237 socket(PF_FILE, SOCK_STREAM, 0) = 4
24809 15:27:03.801249 fcntl64(4, F_SETFL, O_RDWR|O_NONBLOCK) = 0
24809 15:27:03.801259 connect(4, {sa_family=AF_FILE, path="/var/run/nscd/socket"}, 110) = -1 ENOENT (No such file or directory)
24809 15:27:03.801280 close(4)          = 0
24809 15:27:03.801291 socket(PF_FILE, SOCK_STREAM, 0) = 4
24809 15:27:03.801301 fcntl64(4, F_SETFL, O_RDWR|O_NONBLOCK) = 0
24809 15:27:03.801311 connect(4, {sa_family=AF_FILE, path="/var/run/nscd/socket"}, 110) = -1 ENOENT (No such file or directory)
24809 15:27:03.801329 close(4)          = 0
24809 15:27:03.801352 open("/etc/group", O_RDONLY|0x80000 /* O_??? */) = 4
24809 15:27:03.801366 _llseek(4, 0, [0], SEEK_CUR) = 0
24809 15:27:03.801381 fstat64(4, {st_mode=S_IFREG|0644, st_size=886, ...}) = 0
24809 15:27:03.801397 mmap2(NULL, 886, PROT_READ, MAP_SHARED, 4, 0) = 0xb7f6e000
24809 15:27:03.801408 _llseek(4, 886, [886], SEEK_SET) = 0
24809 15:27:03.801433 fstat64(4, {st_mode=S_IFREG|0644, st_size=886, ...}) = 0
24809 15:27:03.801450 munmap(0xb7f6e000, 886) = 0
24809 15:27:03.801460 close(4)          = 0
24809 15:27:03.801470 setgroups32(13, [1000, 4, 20, 24, 25, 29, 30, 44, 46, 107, 111, 112, 119]) = 0
24809 15:27:03.801486 geteuid32()       = 0
24809 15:27:03.801497 getegid32()       = 0
24809 15:27:03.801507 setregid32(-1, 1000) = 0
24809 15:27:03.801518 setreuid32(-1, 1000) = 0
24809 15:27:03.801528 chdir("/home/msfadmin") = 0
24809 15:27:03.801540 setreuid32(-1, 0) = 0
24809 15:27:03.801549 setregid32(-1, 0) = 0
24809 15:27:03.801559 setgid32(1000)    = 0
24809 15:27:03.801569 setuid32(1000)    = 0
24809 15:27:03.801579 setrlimit(RLIMIT_NPROC, {rlim_cur=0, rlim_max=0}) = 0
24809 15:27:03.801592 mmap2(NULL, 12288, PROT_READ|PROT_WRITE, MAP_PRIVATE|MAP_ANONYMOUS, -1, 0) = 0xb7f6c000
24809 15:27:03.801603 mprotect(0xb7f6e000, 4096, PROT_NONE) = 0
24809 15:27:03.801614 mprotect(0xb7f6c000, 4096, PROT_NONE) = 0
24809 15:27:03.801625 getcwd("/home/msfadmin", 4096) = 15
24809 15:27:03.801638 umask(022)        = 077
24809 15:27:03.801648 getcwd("/home/msfadmin", 4096) = 15
24809 15:27:03.801661 open(".message", O_RDONLY|O_NONBLOCK|O_LARGEFILE) = -1 ENOENT (No such file or directory)
24809 15:27:03.801683 write(0, "230 Login successful.\r\n", 23) = 23
24809 15:27:03.801763 rt_sigaction(SIGALRM, {0x805cad0, ~[RTMIN RT_1], 0}, NULL, 8) = 0
24809 15:27:03.801780 alarm(300)        = 0
24809 15:27:03.801791 mmap2(NULL, 12288, PROT_READ|PROT_WRITE, MAP_PRIVATE|MAP_ANONYMOUS, -1, 0) = 0xb7f69000
24809 15:27:03.801802 mprotect(0xb7f6b000, 4096, PROT_NONE) = 0
24809 15:27:03.801813 mprotect(0xb7f69000, 4096, PROT_NONE) = 0
24809 15:27:03.801826 recv(0, "TYPE I\r\n", 4096, MSG_PEEK) = 8
24809 15:27:03.801838 read(0, "TYPE I\r\n", 8) = 8
24809 15:27:03.801855 write(0, "200 Switching to Binary mode.\r\n", 31) = 31
24809 15:27:03.801894 rt_sigaction(SIGALRM, {0x805cad0, ~[RTMIN RT_1], 0}, NULL, 8) = 0
24809 15:27:03.801909 alarm(300)        = 300
24809 15:27:03.801948 recv(0, "PASV\r\n", 4096, MSG_PEEK) = 6
24809 15:27:03.801961 read(0, "PASV\r\n", 6) = 6
24809 15:27:03.801983 write(5, "\n", 1) = 1
24809 15:27:03.801994 read(5,  <unfinished ...>
24807 15:27:03.802006 close(5)          = 0
24807 15:27:03.802018 getuid32()        = 0
24807 15:27:03.802033 open("/etc/passwd", O_RDONLY|0x80000 /* O_??? */) = 5
24807 15:27:03.802048 _llseek(5, 0, [0], SEEK_CUR) = 0
24807 15:27:03.802060 fstat64(5, {st_mode=S_IFREG|0644, st_size=1624, ...}) = 0
24807 15:27:03.802077 mmap2(NULL, 1624, PROT_READ, MAP_SHARED, 5, 0) = 0xb7f6e000
24807 15:27:03.802089 _llseek(5, 1624, [1624], SEEK_SET) = 0
24807 15:27:03.802106 munmap(0xb7f6e000, 1624) = 0
24807 15:27:03.802117 close(5)          = 0
24807 15:27:03.802133 setgroups32(0, []) = 0
24807 15:27:03.802144 chdir("/usr/share/empty") = 0
24807 15:27:03.802156 chroot(".")       = 0
24807 15:27:03.802167 capset(NULL, NULL) = -1 EFAULT (Bad address)
24807 15:27:03.802180 prctl(0x8, 0, 0xbf8a1b48, 0x80549a6, 0xbf8a1b30) = 0
24807 15:27:03.802191 prctl(0x8, 0x1, 0xbf8a1b48, 0x8054a49, 0xbf8a1b30) = 0
24807 15:27:03.802201 setgid32(65534)   = 0
24807 15:27:03.802211 setuid32(65534)   = 0
24807 15:27:03.802220 capset(0x19980330, 0, {CAP_NET_BIND_SERVICE, CAP_NET_BIND_SERVICE, 0}) = 0
24807 15:27:03.802232 read(4, "\n", 1)  = 1
24807 15:27:03.802245 write(4, "\1", 1) = 1
24809 15:27:03.802256 <... read resumed> "\1", 1) = 1
24809 15:27:03.802263 write(5, "\f", 1) = 1
24809 15:27:03.802273 read(5,  <unfinished ...>
24807 15:27:03.802280 read(4, "\f", 1)  = 1
24807 15:27:03.802292 socket(PF_INET, SOCK_STREAM, IPPROTO_TCP) = 5
24807 15:27:03.802305 setsockopt(5, SOL_SOCKET, SO_REUSEADDR, [1], 4) = 0
24807 15:27:03.802316 gettimeofday({1495654023, 802320}, NULL) = 0
24807 15:27:03.802331 bind(5, {sa_family=AF_INET, sin_port=htons(40215), sin_addr=inet_addr("127.0.0.1")}, 16) = 0
24807 15:27:03.802351 listen(5, 1)      = 0
24807 15:27:03.802364 write(4, "\27\235\0\0", 4) = 4
24809 15:27:03.802375 <... read resumed> "\27\235\0\0", 4) = 4
24809 15:27:03.802389 write(0, "227 Entering Passive Mode (127,0,0,1,157,23).\r\n", 47) = 47
24809 15:27:03.802483 rt_sigaction(SIGALRM, {0x805cad0, ~[RTMIN RT_1], 0}, NULL, 8) = 0
24809 15:27:03.802500 alarm(300)        = 300
24809 15:27:03.802512 recv(0, "STOR myfile17\r\n", 4096, MSG_PEEK) = 15
24809 15:27:03.802524 read(0, "STOR myfile17\r\n", 15) = 15
24809 15:27:03.802539 write(5, "\v", 1) = 1
24809 15:27:03.802550 read(5,  <unfinished ...>
24807 15:27:03.802557 read(4, "\v", 1)  = 1
24807 15:27:03.802568 write(4, "\1\0\0\0", 4) = 4
24809 15:27:03.802579 <... read resumed> "\1\0\0\0", 4) = 4
24809 15:27:03.802587 gettimeofday({1495654023, 802591}, NULL) = 0
24809 15:27:03.802598 getcwd("/home/msfadmin", 4096) = 15
24809 15:27:03.802610 open("myfile17", O_WRONLY|O_CREAT|O_NONBLOCK|O_LARGEFILE, 0666) = 4
24809 15:27:03.802624 fstat64(4, {st_mode=S_IFREG|0644, st_size=17, ...}) = 0
24809 15:27:03.802641 fcntl64(4, F_GETFL) = 0x8801 (flags O_WRONLY|O_NONBLOCK|O_LARGEFILE)
24809 15:27:03.802651 fcntl64(4, F_SETFL, O_WRONLY|O_LARGEFILE) = 0
24809 15:27:03.802661 fcntl64(4, F_SETLKW64, {type=F_WRLCK, whence=SEEK_SET, start=0, len=0}, 0xbf8a1a94) = 0
24809 15:27:03.802676 ftruncate64(4, 0) = 0
24809 15:27:03.802695 _llseek(4, 0, [0], SEEK_SET) = 0
24809 15:27:03.802706 write(5, "\v", 1) = 1
24809 15:27:03.802716 read(5,  <unfinished ...>
24807 15:27:03.802723 read(4, "\v", 1)  = 1
24807 15:27:03.802734 write(4, "\1\0\0\0", 4) = 4
24809 15:27:03.802745 <... read resumed> "\1\0\0\0", 4) = 4
24809 15:27:03.802752 write(5, "\v", 1) = 1
24809 15:27:03.802762 read(5,  <unfinished ...>
24807 15:27:03.802768 read(4, "\v", 1)  = 1
24807 15:27:03.802779 write(4, "\1\0\0\0", 4) = 4
24809 15:27:03.802789 <... read resumed> "\1\0\0\0", 4) = 4
24809 15:27:03.802796 write(5, "\r", 1) = 1
24809 15:27:03.802806 read(5,  <unfinished ...>
24807 15:27:03.802812 read(4, "\r", 1)  = 1
24807 15:27:03.802825 select(6, [5], NULL, NULL, {60, 0}) = 1 (in [5], left {60, 0})
24807 15:27:03.802841 accept(5, {sa_family=AF_INET, sin_port=htons(39810), sin_addr=inet_addr("127.0.0.1")}, [16]) = 6
24807 15:27:03.803012 write(4, "\1", 1) = 1
24809 15:27:03.803035 <... read resumed> "\1", 1) = 1
24809 15:27:03.803044 recvmsg(5,  <unfinished ...>
24807 15:27:03.803054 sendmsg(4, {msg_name(0)=NULL, msg_iov(1)=[{"\0", 1}], msg_controllen=16, {cmsg_len=16, cmsg_level=SOL_SOCKET, cmsg_type=SCM_RIGHTS, {6}}, msg_flags=0}, 0) = 1
24809 15:27:03.803071 <... recvmsg resumed> {msg_name(0)=NULL, msg_iov(1)=[{"\0", 1}], msg_controllen=16, {cmsg_len=16, cmsg_level=SOL_SOCKET, cmsg_type=SCM_RIGHTS, {6}}, msg_flags=0}, 0) = 1
24809 15:27:03.803084 setsockopt(6, SOL_SOCKET, SO_KEEPALIVE, [1], 4) = 0
24809 15:27:03.803096 setsockopt(6, SOL_IP, IP_TOS, [8], 4) = 0
24809 15:27:03.803108 setsockopt(6, SOL_SOCKET, SO_LINGER, {onoff=1, linger=32767}, 8) = 0
24809 15:27:03.803119 rt_sigaction(SIGALRM, {0x805cad0, ~[RTMIN RT_1], 0}, NULL, 8) = 0
24809 15:27:03.803132 alarm(300)        = 300
24809 15:27:03.803145 write(0, "150 Ok to send data.\r\n", 22) = 22
24809 15:27:03.803209 mmap2(NULL, 77824, PROT_READ|PROT_WRITE, MAP_PRIVATE|MAP_ANONYMOUS, -1, 0) = 0xb7da3000
24809 15:27:03.803223 mprotect(0xb7db5000, 4096, PROT_NONE) = 0
24809 15:27:03.803234 mprotect(0xb7da3000, 4096, PROT_NONE) = 0
24809 15:27:03.803244 read(6, "assasaaa\na\na\na\na\n", 65536) = 17
24809 15:27:03.803257 write(4, "assasaaa\na\na\na\na\n", 17) = 17
24809 15:27:03.803273 read(6, "", 65536) = 0
24809 15:27:03.803283 rt_sigaction(SIGALRM, {0x805cad0, ~[RTMIN RT_1], 0}, NULL, 8) = 0
24809 15:27:03.803297 alarm(300)        = 300
24809 15:27:03.803306 close(6)          = 0
24809 15:27:03.803315 alarm(0)          = 300
24809 15:27:03.803325 gettimeofday({1495654023, 803328}, NULL) = 0
24809 15:27:03.803342 getpid()          = 24809
24809 15:27:03.803353 gettimeofday({1495654023, 803357}, NULL) = 0
24809 15:27:03.803377 fcntl64(3, F_SETLKW64, {type=F_WRLCK, whence=SEEK_SET, start=0, len=0}, 0xbf8a1a34) = 0
24809 15:27:03.803392 write(3, "Wed May 24 15:27:03 2017 [pid 24809] [msfadmin] OK UPLOAD: Client \"127.0.0.1\", \"/home/msfadmin/myfile17\", 17 bytes, 21.67Kbyte/sec\n", 131) = 131
24809 15:27:03.803412 fcntl64(3, F_SETLK64, {type=F_UNLCK, whence=SEEK_SET, start=0, len=0}, 0xbf8a1a3c) = 0
24809 15:27:03.803426 write(0, "226 Transfer complete.\r\n", 24) = 24
24809 15:27:03.803467 write(5, "\n", 1) = 1
24809 15:27:03.803479 read(5,  <unfinished ...>
24807 15:27:03.803486 close(6)          = 0
24807 15:27:03.803504 read(4, "\n", 1)  = 1
24807 15:27:03.803515 close(5)          = 0
24807 15:27:03.803526 write(4, "\1", 1) = 1
24809 15:27:03.803536 <... read resumed> "\1", 1) = 1
24809 15:27:03.803543 close(4)          = 0
24809 15:27:03.803554 rt_sigaction(SIGALRM, {0x805cad0, ~[RTMIN RT_1], 0}, NULL, 8) = 0
24809 15:27:03.803567 alarm(300)        = 0
24809 15:27:03.803577 recv(0,  <unfinished ...>
24807 15:27:03.803585 read(4,  <unfinished ...>
24809 15:27:04.330178 <... recv resumed> "TYPE I\r\n", 4096, MSG_PEEK) = 8
24809 15:27:04.330297 read(0, "TYPE I\r\n", 8) = 8
24809 15:27:04.330401 write(0, "200 Switching to Binary mode.\r\n", 31) = 31
24809 15:27:04.330496 rt_sigaction(SIGALRM, {0x805cad0, ~[RTMIN RT_1], 0}, NULL, 8) = 0
24809 15:27:04.330529 alarm(300)        = 299
24809 15:27:04.330554 recv(0, "PASV\r\n", 4096, MSG_PEEK) = 6
24809 15:27:04.330571 read(0, "PASV\r\n", 6) = 6
24809 15:27:04.330598 write(5, "\n", 1) = 1
24809 15:27:04.330613 read(5,  <unfinished ...>
24807 15:27:04.330621 <... read resumed> "\n", 1) = 1
24807 15:27:04.330630 write(4, "\1", 1) = 1
24809 15:27:04.330640 <... read resumed> "\1", 1) = 1
24809 15:27:04.330647 write(5, "\f", 1) = 1
24809 15:27:04.330657 read(5,  <unfinished ...>
24807 15:27:04.330664 read(4, "\f", 1)  = 1
24807 15:27:04.330675 socket(PF_INET, SOCK_STREAM, IPPROTO_TCP) = 5
24807 15:27:04.330691 setsockopt(5, SOL_SOCKET, SO_REUSEADDR, [1], 4) = 0
24807 15:27:04.330705 bind(5, {sa_family=AF_INET, sin_port=htons(33912), sin_addr=inet_addr("127.0.0.1")}, 16) = 0
24807 15:27:04.330721 listen(5, 1)      = 0
24807 15:27:04.330735 write(4, "x\204\0\0", 4) = 4
24809 15:27:04.330745 <... read resumed> "x\204\0\0", 4) = 4
24809 15:27:04.330757 write(0, "227 Entering Passive Mode (127,0,0,1,132,120).\r\n", 48) = 48
24809 15:27:04.330868 rt_sigaction(SIGALRM, {0x805cad0, ~[RTMIN RT_1], 0}, NULL, 8) = 0
24809 15:27:04.330885 alarm(300)        = 300
24809 15:27:04.330896 recv(0, "STOR myfile18\r\n", 4096, MSG_PEEK) = 15
24809 15:27:04.330908 read(0, "STOR myfile18\r\n", 15) = 15
24809 15:27:04.330921 write(5, "\v", 1) = 1
24809 15:27:04.330931 read(5,  <unfinished ...>
24807 15:27:04.330937 read(4, "\v", 1)  = 1
24807 15:27:04.330948 write(4, "\1\0\0\0", 4) = 4
24809 15:27:04.330958 <... read resumed> "\1\0\0\0", 4) = 4
24809 15:27:04.330966 gettimeofday({1495654024, 330969}, NULL) = 0
24809 15:27:04.330977 getcwd("/home/msfadmin", 4096) = 15
24809 15:27:04.330989 open("myfile18", O_WRONLY|O_CREAT|O_NONBLOCK|O_LARGEFILE, 0666) = 4
24809 15:27:04.331002 fstat64(4, {st_mode=S_IFREG|0644, st_size=17, ...}) = 0
24809 15:27:04.331019 fcntl64(4, F_GETFL) = 0x8801 (flags O_WRONLY|O_NONBLOCK|O_LARGEFILE)
24809 15:27:04.331030 fcntl64(4, F_SETFL, O_WRONLY|O_LARGEFILE) = 0
24809 15:27:04.331040 fcntl64(4, F_SETLKW64, {type=F_WRLCK, whence=SEEK_SET, start=0, len=0}, 0xbf8a1a94) = 0
24809 15:27:04.331054 ftruncate64(4, 0) = 0
24809 15:27:04.331072 _llseek(4, 0, [0], SEEK_SET) = 0
24809 15:27:04.331119 write(5, "\v", 1) = 1
24809 15:27:04.331132 read(5,  <unfinished ...>
24807 15:27:04.331139 read(4, "\v", 1)  = 1
24807 15:27:04.331160 write(4, "\1\0\0\0", 4) = 4
24809 15:27:04.331170 <... read resumed> "\1\0\0\0", 4) = 4
24809 15:27:04.331187 write(5, "\v", 1) = 1
24809 15:27:04.331196 read(5,  <unfinished ...>
24807 15:27:04.331202 read(4, "\v", 1)  = 1
24807 15:27:04.331213 write(4, "\1\0\0\0", 4) = 4
24809 15:27:04.331222 <... read resumed> "\1\0\0\0", 4) = 4
24809 15:27:04.331230 write(5, "\r", 1) = 1
24809 15:27:04.331246 read(5,  <unfinished ...>
24807 15:27:04.331252 read(4, "\r", 1)  = 1
24807 15:27:04.331264 select(6, [5], NULL, NULL, {60, 0}) = 1 (in [5], left {60, 0})
24807 15:27:04.331280 accept(5, {sa_family=AF_INET, sin_port=htons(39849), sin_addr=inet_addr("127.0.0.1")}, [16]) = 6
24807 15:27:04.331302 write(4, "\1", 1) = 1
24809 15:27:04.331312 <... read resumed> "\1", 1) = 1
24809 15:27:04.331320 recvmsg(5,  <unfinished ...>
24807 15:27:04.331328 sendmsg(4, {msg_name(0)=NULL, msg_iov(1)=[{"\0", 1}], msg_controllen=16, {cmsg_len=16, cmsg_level=SOL_SOCKET, cmsg_type=SCM_RIGHTS, {6}}, msg_flags=0}, 0) = 1
24809 15:27:04.331345 <... recvmsg resumed> {msg_name(0)=NULL, msg_iov(1)=[{"\0", 1}], msg_controllen=16, {cmsg_len=16, cmsg_level=SOL_SOCKET, cmsg_type=SCM_RIGHTS, {6}}, msg_flags=0}, 0) = 1
24809 15:27:04.331357 setsockopt(6, SOL_SOCKET, SO_KEEPALIVE, [1], 4) = 0
24809 15:27:04.331369 setsockopt(6, SOL_IP, IP_TOS, [8], 4) = 0
24809 15:27:04.331381 setsockopt(6, SOL_SOCKET, SO_LINGER, {onoff=1, linger=32767}, 8) = 0
24809 15:27:04.331392 rt_sigaction(SIGALRM, {0x805cad0, ~[RTMIN RT_1], 0}, NULL, 8) = 0
24809 15:27:04.331405 alarm(300)        = 300
24809 15:27:04.331417 write(0, "150 Ok to send data.\r\n", 22) = 22
24809 15:27:04.331482 read(6, "assasaaa\na\na\na\na\n", 65536) = 17
24809 15:27:04.331496 write(4, "assasaaa\na\na\na\na\n", 17) = 17
24809 15:27:04.331512 read(6, "", 65536) = 0
24809 15:27:04.331521 rt_sigaction(SIGALRM, {0x805cad0, ~[RTMIN RT_1], 0}, NULL, 8) = 0
24809 15:27:04.331534 alarm(300)        = 300
24809 15:27:04.331544 close(6)          = 0
24809 15:27:04.331553 alarm(0)          = 300
24809 15:27:04.331562 gettimeofday({1495654024, 331565}, NULL) = 0
24809 15:27:04.331609 gettimeofday({1495654024, 331616}, NULL) = 0
24809 15:27:04.331626 fcntl64(3, F_SETLKW64, {type=F_WRLCK, whence=SEEK_SET, start=0, len=0}, 0xbf8a1a34) = 0
24809 15:27:04.331660 write(3, "Wed May 24 15:27:04 2017 [pid 24809] [msfadmin] OK UPLOAD: Client \"127.0.0.1\", \"/home/msfadmin/myfile18\", 17 bytes, 25.66Kbyte/sec\n", 131) = 131
24809 15:27:04.331681 fcntl64(3, F_SETLK64, {type=F_UNLCK, whence=SEEK_SET, start=0, len=0}, 0xbf8a1a3c) = 0
24809 15:27:04.331695 write(0, "226 Transfer complete.\r\n", 24) = 24
24809 15:27:04.331738 write(5, "\n", 1) = 1
24809 15:27:04.331750 read(5,  <unfinished ...>
24807 15:27:04.331757 close(6)          = 0
24807 15:27:04.331774 read(4, "\n", 1)  = 1
24807 15:27:04.331785 close(5)          = 0
24807 15:27:04.331795 write(4, "\1", 1) = 1
24809 15:27:04.331805 <... read resumed> "\1", 1) = 1
24809 15:27:04.331812 close(4)          = 0
24809 15:27:04.331822 rt_sigaction(SIGALRM, {0x805cad0, ~[RTMIN RT_1], 0}, NULL, 8) = 0
24809 15:27:04.331835 alarm(300)        = 0
24809 15:27:04.331846 recv(0,  <unfinished ...>
24807 15:27:04.331853 read(4,  <unfinished ...>
24809 15:27:04.840708 <... recv resumed> "TYPE I\r\n", 4096, MSG_PEEK) = 8
24809 15:27:04.840738 read(0, "TYPE I\r\n", 8) = 8
24809 15:27:04.840759 write(0, "200 Switching to Binary mode.\r\n", 31) = 31
24809 15:27:04.840807 rt_sigaction(SIGALRM, {0x805cad0, ~[RTMIN RT_1], 0}, NULL, 8) = 0
24809 15:27:04.840825 alarm(300)        = 299
24809 15:27:04.840837 recv(0, "PASV\r\n", 4096, MSG_PEEK) = 6
24809 15:27:04.840848 read(0, "PASV\r\n", 6) = 6
24809 15:27:04.840860 write(5, "\n", 1) = 1
24809 15:27:04.840872 read(5,  <unfinished ...>
24807 15:27:04.840881 <... read resumed> "\n", 1) = 1
24807 15:27:04.840890 write(4, "\1", 1) = 1
24809 15:27:04.840900 <... read resumed> "\1", 1) = 1
24809 15:27:04.840907 write(5, "\f", 1) = 1
24809 15:27:04.840917 read(5,  <unfinished ...>
24807 15:27:04.840924 read(4, "\f", 1)  = 1
24807 15:27:04.840936 socket(PF_INET, SOCK_STREAM, IPPROTO_TCP) = 5
24807 15:27:04.840952 setsockopt(5, SOL_SOCKET, SO_REUSEADDR, [1], 4) = 0
24807 15:27:04.840966 bind(5, {sa_family=AF_INET, sin_port=htons(40351), sin_addr=inet_addr("127.0.0.1")}, 16) = 0
24807 15:27:04.840983 listen(5, 1)      = 0
24807 15:27:04.840996 write(4, "\237\235\0\0", 4) = 4
24809 15:27:04.841007 <... read resumed> "\237\235\0\0", 4) = 4
24809 15:27:04.841028 write(0, "227 Entering Passive Mode (127,0,0,1,157,159).\r\n", 48) = 48
24809 15:27:04.841139 rt_sigaction(SIGALRM, {0x805cad0, ~[RTMIN RT_1], 0}, NULL, 8) = 0
24809 15:27:04.841155 alarm(300)        = 300
24809 15:27:04.841166 recv(0, "STOR myfile19\r\n", 4096, MSG_PEEK) = 15
24809 15:27:04.841178 read(0, "STOR myfile19\r\n", 15) = 15
24809 15:27:04.841192 write(5, "\v", 1) = 1
24809 15:27:04.841202 read(5,  <unfinished ...>
24807 15:27:04.841209 read(4, "\v", 1)  = 1
24807 15:27:04.841220 write(4, "\1\0\0\0", 4) = 4
24809 15:27:04.841230 <... read resumed> "\1\0\0\0", 4) = 4
24809 15:27:04.841238 gettimeofday({1495654024, 841242}, NULL) = 0
24809 15:27:04.841249 getcwd("/home/msfadmin", 4096) = 15
24809 15:27:04.841261 open("myfile19", O_WRONLY|O_CREAT|O_NONBLOCK|O_LARGEFILE, 0666) = 4
24809 15:27:04.841275 fstat64(4, {st_mode=S_IFREG|0644, st_size=17, ...}) = 0
24809 15:27:04.841293 fcntl64(4, F_GETFL) = 0x8801 (flags O_WRONLY|O_NONBLOCK|O_LARGEFILE)
24809 15:27:04.841304 fcntl64(4, F_SETFL, O_WRONLY|O_LARGEFILE) = 0
24809 15:27:04.841313 fcntl64(4, F_SETLKW64, {type=F_WRLCK, whence=SEEK_SET, start=0, len=0}, 0xbf8a1a94) = 0
24809 15:27:04.841327 ftruncate64(4, 0) = 0
24809 15:27:04.841345 _llseek(4, 0, [0], SEEK_SET) = 0
24809 15:27:04.841356 write(5, "\v", 1) = 1
24809 15:27:04.841366 read(5,  <unfinished ...>
24807 15:27:04.841373 read(4, "\v", 1)  = 1
24807 15:27:04.841384 write(4, "\1\0\0\0", 4) = 4
24809 15:27:04.841395 <... read resumed> "\1\0\0\0", 4) = 4
24809 15:27:04.841425 write(5, "\v", 1) = 1
24809 15:27:04.841437 read(5,  <unfinished ...>
24807 15:27:04.841455 read(4, "\v", 1)  = 1
24807 15:27:04.841466 write(4, "\1\0\0\0", 4) = 4
24809 15:27:04.841476 <... read resumed> "\1\0\0\0", 4) = 4
24809 15:27:04.841483 write(5, "\r", 1) = 1
24809 15:27:04.841493 read(5,  <unfinished ...>
24807 15:27:04.841499 read(4, "\r", 1)  = 1
24807 15:27:04.841511 select(6, [5], NULL, NULL, {60, 0}) = 1 (in [5], left {60, 0})
24807 15:27:04.841527 accept(5, {sa_family=AF_INET, sin_port=htons(52668), sin_addr=inet_addr("127.0.0.1")}, [16]) = 6
24807 15:27:04.841549 write(4, "\1", 1) = 1
24809 15:27:04.841559 <... read resumed> "\1", 1) = 1
24809 15:27:04.841568 recvmsg(5,  <unfinished ...>
24807 15:27:04.841576 sendmsg(4, {msg_name(0)=NULL, msg_iov(1)=[{"\0", 1}], msg_controllen=16, {cmsg_len=16, cmsg_level=SOL_SOCKET, cmsg_type=SCM_RIGHTS, {6}}, msg_flags=0}, 0) = 1
24809 15:27:04.841593 <... recvmsg resumed> {msg_name(0)=NULL, msg_iov(1)=[{"\0", 1}], msg_controllen=16, {cmsg_len=16, cmsg_level=SOL_SOCKET, cmsg_type=SCM_RIGHTS, {6}}, msg_flags=0}, 0) = 1
24809 15:27:04.841606 setsockopt(6, SOL_SOCKET, SO_KEEPALIVE, [1], 4) = 0
24809 15:27:04.841619 setsockopt(6, SOL_IP, IP_TOS, [8], 4) = 0
24809 15:27:04.841630 setsockopt(6, SOL_SOCKET, SO_LINGER, {onoff=1, linger=32767}, 8) = 0
24809 15:27:04.841642 rt_sigaction(SIGALRM, {0x805cad0, ~[RTMIN RT_1], 0}, NULL, 8) = 0
24809 15:27:04.841655 alarm(300)        = 300
24809 15:27:04.841667 write(0, "150 Ok to send data.\r\n", 22) = 22
24809 15:27:04.841733 read(6, "assasaaa\na\na\na\na\n", 65536) = 17
24809 15:27:04.841747 write(4, "assasaaa\na\na\na\na\n", 17) = 17
24809 15:27:04.841764 read(6, "", 65536) = 0
24809 15:27:04.841774 rt_sigaction(SIGALRM, {0x805cad0, ~[RTMIN RT_1], 0}, NULL, 8) = 0
24809 15:27:04.841787 alarm(300)        = 300
24809 15:27:04.841797 close(6)          = 0
24809 15:27:04.841806 alarm(0)          = 300
24809 15:27:04.841816 gettimeofday({1495654024, 841819}, NULL) = 0
24809 15:27:04.841831 gettimeofday({1495654024, 841835}, NULL) = 0
24809 15:27:04.841845 fcntl64(3, F_SETLKW64, {type=F_WRLCK, whence=SEEK_SET, start=0, len=0}, 0xbf8a1a34) = 0
24809 15:27:04.841859 write(3, "Wed May 24 15:27:04 2017 [pid 24809] [msfadmin] OK UPLOAD: Client \"127.0.0.1\", \"/home/msfadmin/myfile19\", 17 bytes, 28.00Kbyte/sec\n", 131) = 131
24809 15:27:04.841880 fcntl64(3, F_SETLK64, {type=F_UNLCK, whence=SEEK_SET, start=0, len=0}, 0xbf8a1a3c) = 0
24809 15:27:04.841894 write(0, "226 Transfer complete.\r\n", 24) = 24
24809 15:27:04.841937 write(5, "\n", 1) = 1
24809 15:27:04.841952 read(5,  <unfinished ...>
24807 15:27:04.841959 close(6)          = 0
24807 15:27:04.841977 read(4, "\n", 1)  = 1
24807 15:27:04.841988 close(5)          = 0
24807 15:27:04.841999 write(4, "\1", 1) = 1
24809 15:27:04.842009 <... read resumed> "\1", 1) = 1
24809 15:27:04.842016 close(4)          = 0
24809 15:27:04.842026 rt_sigaction(SIGALRM, {0x805cad0, ~[RTMIN RT_1], 0}, NULL, 8) = 0
24809 15:27:04.842039 alarm(300)        = 0
24809 15:27:04.842050 recv(0,  <unfinished ...>
24807 15:27:04.842057 read(4,  <unfinished ...>
24809 15:27:05.390224 <... recv resumed> "TYPE I\r\n", 4096, MSG_PEEK) = 8
24809 15:27:05.390331 read(0, "TYPE I\r\n", 8) = 8
24809 15:27:05.390426 write(0, "200 Switching to Binary mode.\r\n", 31) = 31
24809 15:27:05.390518 rt_sigaction(SIGALRM, {0x805cad0, ~[RTMIN RT_1], 0}, NULL, 8) = 0
24809 15:27:05.390550 alarm(300)        = 299
24809 15:27:05.390576 recv(0, "PASV\r\n", 4096, MSG_PEEK) = 6
24809 15:27:05.390590 read(0, "PASV\r\n", 6) = 6
24809 15:27:05.390602 write(5, "\n", 1) = 1
24809 15:27:05.390614 read(5,  <unfinished ...>
24807 15:27:05.390623 <... read resumed> "\n", 1) = 1
24807 15:27:05.390632 write(4, "\1", 1) = 1
24809 15:27:05.390643 <... read resumed> "\1", 1) = 1
24809 15:27:05.390650 write(5, "\f", 1) = 1
24809 15:27:05.390660 read(5,  <unfinished ...>
24807 15:27:05.390667 read(4, "\f", 1)  = 1
24807 15:27:05.390679 socket(PF_INET, SOCK_STREAM, IPPROTO_TCP) = 5
24807 15:27:05.390694 setsockopt(5, SOL_SOCKET, SO_REUSEADDR, [1], 4) = 0
24807 15:27:05.390709 bind(5, {sa_family=AF_INET, sin_port=htons(52910), sin_addr=inet_addr("127.0.0.1")}, 16) = 0
24807 15:27:05.390725 listen(5, 1)      = 0
24807 15:27:05.390739 write(4, "\256\316\0\0", 4) = 4
24809 15:27:05.390750 <... read resumed> "\256\316\0\0", 4) = 4
24809 15:27:05.390762 write(0, "227 Entering Passive Mode (127,0,0,1,206,174).\r\n", 48) = 48
24809 15:27:05.390876 rt_sigaction(SIGALRM, {0x805cad0, ~[RTMIN RT_1], 0}, NULL, 8) = 0
24809 15:27:05.390892 alarm(300)        = 300
24809 15:27:05.390904 recv(0, "STOR myfile20\r\n", 4096, MSG_PEEK) = 15
24809 15:27:05.390916 read(0, "STOR myfile20\r\n", 15) = 15
24809 15:27:05.390929 write(5, "\v", 1) = 1
24809 15:27:05.390940 read(5,  <unfinished ...>
24807 15:27:05.390947 read(4, "\v", 1)  = 1
24807 15:27:05.390958 write(4, "\1\0\0\0", 4) = 4
24809 15:27:05.390968 <... read resumed> "\1\0\0\0", 4) = 4
24809 15:27:05.390976 gettimeofday({1495654025, 390980}, NULL) = 0
24809 15:27:05.390987 getcwd("/home/msfadmin", 4096) = 15
24809 15:27:05.390999 open("myfile20", O_WRONLY|O_CREAT|O_NONBLOCK|O_LARGEFILE, 0666) = 4
24809 15:27:05.391013 fstat64(4, {st_mode=S_IFREG|0644, st_size=17, ...}) = 0
24809 15:27:05.391031 fcntl64(4, F_GETFL) = 0x8801 (flags O_WRONLY|O_NONBLOCK|O_LARGEFILE)
24809 15:27:05.391042 fcntl64(4, F_SETFL, O_WRONLY|O_LARGEFILE) = 0
24809 15:27:05.391052 fcntl64(4, F_SETLKW64, {type=F_WRLCK, whence=SEEK_SET, start=0, len=0}, 0xbf8a1a94) = 0
24809 15:27:05.391065 ftruncate64(4, 0) = 0
24809 15:27:05.391108 _llseek(4, 0, [0], SEEK_SET) = 0
24809 15:27:05.391130 write(5, "\v", 1) = 1
24809 15:27:05.391140 read(5,  <unfinished ...>
24807 15:27:05.391147 read(4, "\v", 1)  = 1
24807 15:27:05.391158 write(4, "\1\0\0\0", 4) = 4
24809 15:27:05.391169 <... read resumed> "\1\0\0\0", 4) = 4
24809 15:27:05.391176 write(5, "\v", 1) = 1
24809 15:27:05.391186 read(5,  <unfinished ...>
24807 15:27:05.391192 read(4, "\v", 1)  = 1
24807 15:27:05.391203 write(4, "\1\0\0\0", 4) = 4
24809 15:27:05.391213 <... read resumed> "\1\0\0\0", 4) = 4
24809 15:27:05.391221 write(5, "\r", 1) = 1
24809 15:27:05.391230 read(5,  <unfinished ...>
24807 15:27:05.391237 read(4, "\r", 1)  = 1
24807 15:27:05.391248 select(6, [5], NULL, NULL, {60, 0}) = 1 (in [5], left {60, 0})
24807 15:27:05.391265 accept(5, {sa_family=AF_INET, sin_port=htons(41419), sin_addr=inet_addr("127.0.0.1")}, [16]) = 6
24807 15:27:05.391287 write(4, "\1", 1) = 1
24809 15:27:05.391298 <... read resumed> "\1", 1) = 1
24809 15:27:05.391306 recvmsg(5,  <unfinished ...>
24807 15:27:05.391314 sendmsg(4, {msg_name(0)=NULL, msg_iov(1)=[{"\0", 1}], msg_controllen=16, {cmsg_len=16, cmsg_level=SOL_SOCKET, cmsg_type=SCM_RIGHTS, {6}}, msg_flags=0}, 0) = 1
24809 15:27:05.391338 <... recvmsg resumed> {msg_name(0)=NULL, msg_iov(1)=[{"\0", 1}], msg_controllen=16, {cmsg_len=16, cmsg_level=SOL_SOCKET, cmsg_type=SCM_RIGHTS, {6}}, msg_flags=0}, 0) = 1
24809 15:27:05.391352 setsockopt(6, SOL_SOCKET, SO_KEEPALIVE, [1], 4) = 0
24809 15:27:05.391364 setsockopt(6, SOL_IP, IP_TOS, [8], 4) = 0
24809 15:27:05.391376 setsockopt(6, SOL_SOCKET, SO_LINGER, {onoff=1, linger=32767}, 8) = 0
24809 15:27:05.391387 rt_sigaction(SIGALRM, {0x805cad0, ~[RTMIN RT_1], 0}, NULL, 8) = 0
24809 15:27:05.391400 alarm(300)        = 300
24809 15:27:05.391413 write(0, "150 Ok to send data.\r\n", 22) = 22
24809 15:27:05.391479 read(6, "assasaaa\na\na\na\na\n", 65536) = 17
24809 15:27:05.391493 write(4, "assasaaa\na\na\na\na\n", 17) = 17
24809 15:27:05.391510 read(6, "", 65536) = 0
24809 15:27:05.391520 rt_sigaction(SIGALRM, {0x805cad0, ~[RTMIN RT_1], 0}, NULL, 8) = 0
24809 15:27:05.391533 alarm(300)        = 300
24809 15:27:05.391543 close(6)          = 0
24809 15:27:05.391552 alarm(0)          = 300
24809 15:27:05.391562 gettimeofday({1495654025, 391565}, NULL) = 0
24809 15:27:05.391576 gettimeofday({1495654025, 391580}, NULL) = 0
24809 15:27:05.391591 fcntl64(3, F_SETLKW64, {type=F_WRLCK, whence=SEEK_SET, start=0, len=0}, 0xbf8a1a34) = 0
24809 15:27:05.391605 write(3, "Wed May 24 15:27:05 2017 [pid 24809] [msfadmin] OK UPLOAD: Client \"127.0.0.1\", \"/home/msfadmin/myfile20\", 17 bytes, 27.67Kbyte/sec\n", 131) = 131
24809 15:27:05.391626 fcntl64(3, F_SETLK64, {type=F_UNLCK, whence=SEEK_SET, start=0, len=0}, 0xbf8a1a3c) = 0
24809 15:27:05.391640 write(0, "226 Transfer complete.\r\n", 24) = 24
24809 15:27:05.391683 write(5, "\n", 1) = 1
24809 15:27:05.391695 read(5,  <unfinished ...>
24807 15:27:05.391702 close(6)          = 0
24807 15:27:05.391720 read(4, "\n", 1)  = 1
24807 15:27:05.391731 close(5)          = 0
24807 15:27:05.391742 write(4, "\1", 1) = 1
24809 15:27:05.391752 <... read resumed> "\1", 1) = 1
24809 15:27:05.391759 close(4)          = 0
24809 15:27:05.391769 rt_sigaction(SIGALRM, {0x805cad0, ~[RTMIN RT_1], 0}, NULL, 8) = 0
24809 15:27:05.391782 alarm(300)        = 0
24809 15:27:05.391793 recv(0,  <unfinished ...>
24807 15:27:05.391800 read(4,  <unfinished ...>
24809 15:27:05.909867 <... recv resumed> "TYPE I\r\n", 4096, MSG_PEEK) = 8
24809 15:27:05.909896 read(0, "TYPE I\r\n", 8) = 8
24809 15:27:05.909918 write(0, "200 Switching to Binary mode.\r\n", 31) = 31
24809 15:27:05.909966 rt_sigaction(SIGALRM, {0x805cad0, ~[RTMIN RT_1], 0}, NULL, 8) = 0
24809 15:27:05.909983 alarm(300)        = 299
24809 15:27:05.909996 recv(0, "PASV\r\n", 4096, MSG_PEEK) = 6
24809 15:27:05.910008 read(0, "PASV\r\n", 6) = 6
24809 15:27:05.910020 write(5, "\n", 1) = 1
24809 15:27:05.910032 read(5,  <unfinished ...>
24807 15:27:05.910041 <... read resumed> "\n", 1) = 1
24807 15:27:05.910050 write(4, "\1", 1) = 1
24809 15:27:05.910060 <... read resumed> "\1", 1) = 1
24809 15:27:05.910068 write(5, "\f", 1) = 1
24809 15:27:05.910078 read(5,  <unfinished ...>
24807 15:27:05.910084 read(4, "\f", 1)  = 1
24807 15:27:05.910096 socket(PF_INET, SOCK_STREAM, IPPROTO_TCP) = 5
24807 15:27:05.910112 setsockopt(5, SOL_SOCKET, SO_REUSEADDR, [1], 4) = 0
24807 15:27:05.910126 bind(5, {sa_family=AF_INET, sin_port=htons(13026), sin_addr=inet_addr("127.0.0.1")}, 16) = 0
24807 15:27:05.910143 listen(5, 1)      = 0
24807 15:27:05.910156 write(4, "\3422\0\0", 4) = 4
24809 15:27:05.910168 <... read resumed> "\3422\0\0", 4) = 4
24809 15:27:05.910180 write(0, "227 Entering Passive Mode (127,0,0,1,50,226).\r\n", 47) = 47
24809 15:27:05.910292 rt_sigaction(SIGALRM, {0x805cad0, ~[RTMIN RT_1], 0}, NULL, 8) = 0
24809 15:27:05.910309 alarm(300)        = 300
24809 15:27:05.910320 recv(0, "STOR myfile21\r\n", 4096, MSG_PEEK) = 15
24809 15:27:05.910332 read(0, "STOR myfile21\r\n", 15) = 15
24809 15:27:05.910346 write(5, "\v", 1) = 1
24809 15:27:05.910356 read(5,  <unfinished ...>
24807 15:27:05.910363 read(4, "\v", 1)  = 1
24807 15:27:05.910383 write(4, "\1\0\0\0", 4) = 4
24809 15:27:05.910393 <... read resumed> "\1\0\0\0", 4) = 4
24809 15:27:05.910401 gettimeofday({1495654025, 910405}, NULL) = 0
24809 15:27:05.910412 getcwd("/home/msfadmin", 4096) = 15
24809 15:27:05.910424 open("myfile21", O_WRONLY|O_CREAT|O_NONBLOCK|O_LARGEFILE, 0666) = 4
24809 15:27:05.910438 fstat64(4, {st_mode=S_IFREG|0644, st_size=17, ...}) = 0
24809 15:27:05.910456 fcntl64(4, F_GETFL) = 0x8801 (flags O_WRONLY|O_NONBLOCK|O_LARGEFILE)
24809 15:27:05.910467 fcntl64(4, F_SETFL, O_WRONLY|O_LARGEFILE) = 0
24809 15:27:05.910477 fcntl64(4, F_SETLKW64, {type=F_WRLCK, whence=SEEK_SET, start=0, len=0}, 0xbf8a1a94) = 0
24809 15:27:05.910491 ftruncate64(4, 0) = 0
24809 15:27:05.910509 _llseek(4, 0, [0], SEEK_SET) = 0
24809 15:27:05.910520 write(5, "\v", 1) = 1
24809 15:27:05.910530 read(5,  <unfinished ...>
24807 15:27:05.910537 read(4, "\v", 1)  = 1
24807 15:27:05.910548 write(4, "\1\0\0\0", 4) = 4
24809 15:27:05.910558 <... read resumed> "\1\0\0\0", 4) = 4
24809 15:27:05.910566 write(5, "\v", 1) = 1
24809 15:27:05.910575 read(5,  <unfinished ...>
24807 15:27:05.910582 read(4, "\v", 1)  = 1
24807 15:27:05.910728 write(4, "\1\0\0\0", 4) = 4
24809 15:27:05.910740 <... read resumed> "\1\0\0\0", 4) = 4
24809 15:27:05.910758 write(5, "\r", 1) = 1
24809 15:27:05.910768 read(5,  <unfinished ...>
24807 15:27:05.910775 read(4, "\r", 1)  = 1
24807 15:27:05.910786 select(6, [5], NULL, NULL, {60, 0}) = 1 (in [5], left {60, 0})
24807 15:27:05.910803 accept(5, {sa_family=AF_INET, sin_port=htons(39634), sin_addr=inet_addr("127.0.0.1")}, [16]) = 6
24807 15:27:05.910825 write(4, "\1", 1) = 1
24809 15:27:05.910835 <... read resumed> "\1", 1) = 1
24809 15:27:05.910844 recvmsg(5,  <unfinished ...>
24807 15:27:05.910852 sendmsg(4, {msg_name(0)=NULL, msg_iov(1)=[{"\0", 1}], msg_controllen=16, {cmsg_len=16, cmsg_level=SOL_SOCKET, cmsg_type=SCM_RIGHTS, {6}}, msg_flags=0}, 0) = 1
24809 15:27:05.910869 <... recvmsg resumed> {msg_name(0)=NULL, msg_iov(1)=[{"\0", 1}], msg_controllen=16, {cmsg_len=16, cmsg_level=SOL_SOCKET, cmsg_type=SCM_RIGHTS, {6}}, msg_flags=0}, 0) = 1
24809 15:27:05.910882 setsockopt(6, SOL_SOCKET, SO_KEEPALIVE, [1], 4) = 0
24809 15:27:05.910895 setsockopt(6, SOL_IP, IP_TOS, [8], 4) = 0
24809 15:27:05.910907 setsockopt(6, SOL_SOCKET, SO_LINGER, {onoff=1, linger=32767}, 8) = 0
24809 15:27:05.910918 rt_sigaction(SIGALRM, {0x805cad0, ~[RTMIN RT_1], 0}, NULL, 8) = 0
24809 15:27:05.910931 alarm(300)        = 300
24809 15:27:05.910944 write(0, "150 Ok to send data.\r\n", 22) = 22
24809 15:27:05.911009 read(6, "assasaaa\na\na\na\na\n", 65536) = 17
24809 15:27:05.911023 write(4, "assasaaa\na\na\na\na\n", 17) = 17
24809 15:27:05.911039 read(6, "", 65536) = 0
24809 15:27:05.911050 rt_sigaction(SIGALRM, {0x805cad0, ~[RTMIN RT_1], 0}, NULL, 8) = 0
24809 15:27:05.911063 alarm(300)        = 300
24809 15:27:05.911073 close(6)          = 0
24809 15:27:05.911082 alarm(0)          = 300
24809 15:27:05.911091 gettimeofday({1495654025, 911095}, NULL) = 0
24809 15:27:05.911106 gettimeofday({1495654025, 911110}, NULL) = 0
24809 15:27:05.911120 fcntl64(3, F_SETLKW64, {type=F_WRLCK, whence=SEEK_SET, start=0, len=0}, 0xbf8a1a34) = 0
24809 15:27:05.911134 write(3, "Wed May 24 15:27:05 2017 [pid 24809] [msfadmin] OK UPLOAD: Client \"127.0.0.1\", \"/home/msfadmin/myfile21\", 17 bytes, 23.55Kbyte/sec\n", 131) = 131
24809 15:27:05.911163 fcntl64(3, F_SETLK64, {type=F_UNLCK, whence=SEEK_SET, start=0, len=0}, 0xbf8a1a3c) = 0
24809 15:27:05.911178 write(0, "226 Transfer complete.\r\n", 24) = 24
24809 15:27:05.911221 write(5, "\n", 1) = 1
24809 15:27:05.911233 read(5,  <unfinished ...>
24807 15:27:05.911240 close(6)          = 0
24807 15:27:05.911258 read(4, "\n", 1)  = 1
24807 15:27:05.911269 close(5)          = 0
24807 15:27:05.911279 write(4, "\1", 1) = 1
24809 15:27:05.911290 <... read resumed> "\1", 1) = 1
24809 15:27:05.911297 close(4)          = 0
24809 15:27:05.911307 rt_sigaction(SIGALRM, {0x805cad0, ~[RTMIN RT_1], 0}, NULL, 8) = 0
24809 15:27:05.911321 alarm(300)        = 0
24809 15:27:05.911332 recv(0,  <unfinished ...>
24807 15:27:05.911343 read(4,  <unfinished ...>
