18466 14:14:05.162853 mmap2(0xb7cf8000, 8192, PROT_READ|PROT_WRITE, MAP_PRIVATE|MAP_FIXED|MAP_DENYWRITE, 7, 0x16) = 0xb7cf8000
18466 14:14:05.162894 close(7)          = 0
18466 14:14:05.163070 open("/etc/selinux/config", O_RDONLY|O_LARGEFILE) = -1 ENOENT (No such file or directory)
18466 14:14:05.163097 statfs64("/selinux", 84, 0xbf88eb2c) = -1 ENOENT (No such file or directory)
18466 14:14:05.163110 open("/proc/mounts", O_RDONLY|O_LARGEFILE) = 7
18466 14:14:05.163135 fstat64(7, {st_mode=S_IFREG|0444, st_size=0, ...}) = 0
18466 14:14:05.163152 mmap2(NULL, 4096, PROT_READ|PROT_WRITE, MAP_PRIVATE|MAP_ANONYMOUS, -1, 0) = 0xb7efd000
18466 14:14:05.163163 read(7, "rootfs / rootfs rw 0 0\nnone /sys sysfs rw,nosuid,nodev,noexec 0 0\nnone /proc proc rw,nosuid,nodev,noexec 0 0\nudev /dev tmpfs rw,relatime 0 0\nfusectl /sys/fs/fuse/connections fusectl rw,relatime 0 0\n/dev/mapper/metasploitable-root / ext3 rw,relatime,errors=remount-ro,data=ordered 0 0\n/dev/mapper/metasploitable-root /dev/.static/dev ext3 rw,relatime,errors=remount-ro,data=ordered 0 0\ntmpfs /var/run tmpfs rw,nosuid,nodev,noexec 0 0\ntmpfs /var/lock tmpfs rw,nosuid,nodev,noexec 0 0\ntmpfs /dev/shm tmpfs rw,relatime 0 0\ndevpts /dev/pts devpts rw,relatime 0 0\ntmpfs /var/run tmpfs rw,nosuid,nodev,noexec 0 0\ntmpfs /var/lock tmpfs rw,nosuid,nodev,noexec 0 0\n/dev/sda1 /boot ext3 rw,relatime,data=ordered 0 0\nsecurityfs /sys/kernel/security securityfs rw,relatime 0 0\nrpc_pipefs /var/lib/nfs/rpc_pipefs rpc_pipefs rw,relatime 0 0\nnfsd /proc/fs/nfsd nfsd rw,relatime 0 0\n", 1024) = 866
18466 14:14:05.163247 read(7, "", 1024) = 0
18466 14:14:05.163257 close(7)          = 0
18466 14:14:05.163267 munmap(0xb7efd000, 4096) = 0
18466 14:14:05.163283 munmap(0xb7d2c000, 29913) = 0
18466 14:14:05.163300 read(6, "", 4096) = 0
18466 14:14:05.163311 close(6)          = 0
18466 14:14:05.163321 munmap(0xb7efe000, 4096) = 0
18466 14:14:05.163332 stat64("/etc/pam.d", {st_mode=S_IFDIR|0755, st_size=4096, ...}) = 0
18466 14:14:05.163372 open("/etc/pam.d/common-account", O_RDONLY|O_LARGEFILE) = 6
18466 14:14:05.163389 fstat64(6, {st_mode=S_IFREG|0644, st_size=392, ...}) = 0
18466 14:14:05.163416 mmap2(NULL, 4096, PROT_READ|PROT_WRITE, MAP_PRIVATE|MAP_ANONYMOUS, -1, 0) = 0xb7efe000
18466 14:14:05.163427 read(6, "#\n# /etc/pam.d/common-account - authorization settings common to all services\n#\n# This file is included from other service-specific PAM config files,\n# and should contain a list of the authorization modules that define\n# the central access policy for use on the system.  The default is to\n# only deny service to users whose accounts are expired in /etc/shadow.\n#\naccount\trequired\tpam_unix.so\n", 4096) = 392
18466 14:14:05.163468 read(6, "", 4096) = 0
18466 14:14:05.163478 close(6)          = 0
18466 14:14:05.163488 munmap(0xb7efe000, 4096) = 0
18466 14:14:05.163500 stat64("/etc/pam.d", {st_mode=S_IFDIR|0755, st_size=4096, ...}) = 0
18466 14:14:05.163518 open("/etc/pam.d/common-session", O_RDONLY|O_LARGEFILE) = 6
18466 14:14:05.163531 fstat64(6, {st_mode=S_IFREG|0644, st_size=372, ...}) = 0
18466 14:14:05.163547 mmap2(NULL, 4096, PROT_READ|PROT_WRITE, MAP_PRIVATE|MAP_ANONYMOUS, -1, 0) = 0xb7efe000
18466 14:14:05.163557 read(6, "#\n# /etc/pam.d/common-session - session-related modules common to all services\n#\n# This file is included from other service-specific PAM config files,\n# and should contain a list of modules that define tasks to be performed\n# at the start and end of sessions of *any* kind (both interactive and\n# non-interactive).  The default is pam_unix.\n#\nsession\trequired\tpam_unix.so\n", 4096) = 372
18466 14:14:05.163596 read(6, "", 4096) = 0
18466 14:14:05.163606 close(6)          = 0
18466 14:14:05.163615 munmap(0xb7efe000, 4096) = 0
18466 14:14:05.163625 read(5, "", 4096) = 0
18466 14:14:05.163635 close(5)          = 0
18466 14:14:05.163644 munmap(0xb7f04000, 4096) = 0
18466 14:14:05.163655 open("/etc/pam.d/other", O_RDONLY|O_LARGEFILE) = 5
18466 14:14:05.163668 fstat64(5, {st_mode=S_IFREG|0644, st_size=520, ...}) = 0
18466 14:14:05.163684 mmap2(NULL, 4096, PROT_READ|PROT_WRITE, MAP_PRIVATE|MAP_ANONYMOUS, -1, 0) = 0xb7f04000
18466 14:14:05.163694 read(5, "#\n# /etc/pam.d/other - specify the PAM fallback behaviour\n#\n# Note that this file is used for any unspecified service; for example\n#if /etc/pam.d/cron  specifies no session modules but cron calls\n#pam_open_session, the session module out of /etc/pam.d/other is\n#used.  If you really want nothing to happen then use pam_permit.so or\n#pam_deny.so as appropriate.\n\n# We fall back to the system default in /etc/pam.d/common-*\n# \n\n@include common-auth\n@include common-account\n@include common-password\n@include common-session\n", 4096) = 520
18466 14:14:05.163739 stat64("/etc/pam.d", {st_mode=S_IFDIR|0755, st_size=4096, ...}) = 0
18466 14:14:05.163757 open("/etc/pam.d/common-auth", O_RDONLY|O_LARGEFILE) = 6
18466 14:14:05.163769 fstat64(6, {st_mode=S_IFREG|0644, st_size=476, ...}) = 0
18466 14:14:05.163785 mmap2(NULL, 4096, PROT_READ|PROT_WRITE, MAP_PRIVATE|MAP_ANONYMOUS, -1, 0) = 0xb7efe000
18466 14:14:05.163796 read(6, "#\n# /etc/pam.d/common-auth - authentication settings common to all services\n#\n# This file is included from other service-specific PAM config files,\n# and should contain a list of the authentication modules that define\n# the central authentication scheme for use on the system\n# (e.g., /etc/shadow, LDAP, Kerberos, etc.).  The default is to use the\n# traditional Unix authentication mechanisms.\n#\nauth\trequisite\tpam_unix.so nullok_secure\n# auth\toptional\tpam_smbpass.so migrate\n", 4096) = 476
18466 14:14:05.163841 read(6, "", 4096) = 0
18466 14:14:05.163872 close(6)          = 0
18466 14:14:05.163882 munmap(0xb7efe000, 4096) = 0
18466 14:14:05.163903 stat64("/etc/pam.d", {st_mode=S_IFDIR|0755, st_size=4096, ...}) = 0
18466 14:14:05.163925 open("/etc/pam.d/common-account", O_RDONLY|O_LARGEFILE) = 6
18466 14:14:05.163938 fstat64(6, {st_mode=S_IFREG|0644, st_size=392, ...}) = 0
18466 14:14:05.163954 mmap2(NULL, 4096, PROT_READ|PROT_WRITE, MAP_PRIVATE|MAP_ANONYMOUS, -1, 0) = 0xb7efe000
18466 14:14:05.163965 read(6, "#\n# /etc/pam.d/common-account - authorization settings common to all services\n#\n# This file is included from other service-specific PAM config files,\n# and should contain a list of the authorization modules that define\n# the central access policy for use on the system.  The default is to\n# only deny service to users whose accounts are expired in /etc/shadow.\n#\naccount\trequired\tpam_unix.so\n", 4096) = 392
18466 14:14:05.164004 read(6, "", 4096) = 0
18466 14:14:05.164014 close(6)          = 0
18466 14:14:05.164023 munmap(0xb7efe000, 4096) = 0
18466 14:14:05.164034 stat64("/etc/pam.d", {st_mode=S_IFDIR|0755, st_size=4096, ...}) = 0
18466 14:14:05.164052 open("/etc/pam.d/common-password", O_RDONLY|O_LARGEFILE) = 6
18466 14:14:05.164065 fstat64(6, {st_mode=S_IFREG|0644, st_size=1563, ...}) = 0
18466 14:14:05.164081 mmap2(NULL, 4096, PROT_READ|PROT_WRITE, MAP_PRIVATE|MAP_ANONYMOUS, -1, 0) = 0xb7efe000
18466 14:14:05.164092 read(6, "#\n# /etc/pam.d/common-password - password-related modules common to all services\n#\n# This file is included from other service-specific PAM config files,\n# and should contain a list of modules that define the services to be\n# used to change user passwords.  The default is pam_unix.\n\n# Explanation of pam_unix options:\n#\n# The \"nullok\" option allows users to change an empty password, else\n# empty passwords are treated as locked accounts.\n#\n# The \"md5\" option enables MD5 passwords.  Without this option, the\n# default is Unix crypt.\n#\n# The \"obscure\" option replaces the old `OBSCURE_CHECKS_ENAB\' option in\n# login.defs.\n#\n# You can also use the \"min\" option to enforce the length of the new\n# password.\n#\n# See the pam_unix manpage for other options.\n\npassword   requisite   pam_unix.so nullok obscure md5\n\n# Alternate strength checking for password. Note that this\n# requires the libpam-cracklib package to be installed.\n# You will need to comment out the password line above and\n# uncomment the next two in order to use this.\n# (Replaces the `OBSCURE_CHECKS_ENAB\', `CRACKLIB_DICTPATH\')\n#\n# password required\t  pam_cracklib.so retry=3 minlen=6 difok=3\n# password required\t  pam_unix.so use_authtok nullok md5\n\n# minimally-intrusive inclusion of smbpass in the stack for\n# synchronization.  If the module is absent or the passwords don\'t\n# match, this module will be ignored without prompting; and if the \n# passwords do match, the NTLM hash for the user will be updated\n# automatically.\n# password   optional   pam_smbpass.so nullok use_authtok use_first_pass\n", 4096) = 1563
18466 14:14:05.164206 read(6, "", 4096) = 0
18466 14:14:05.164216 close(6)          = 0
18466 14:14:05.164225 munmap(0xb7efe000, 4096) = 0
18466 14:14:05.164236 stat64("/etc/pam.d", {st_mode=S_IFDIR|0755, st_size=4096, ...}) = 0
18466 14:14:05.164254 open("/etc/pam.d/common-session", O_RDONLY|O_LARGEFILE) = 6
18466 14:14:05.164267 fstat64(6, {st_mode=S_IFREG|0644, st_size=372, ...}) = 0
18466 14:14:05.164283 mmap2(NULL, 4096, PROT_READ|PROT_WRITE, MAP_PRIVATE|MAP_ANONYMOUS, -1, 0) = 0xb7efe000
18466 14:14:05.164293 read(6, "#\n# /etc/pam.d/common-session - session-related modules common to all services\n#\n# This file is included from other service-specific PAM config files,\n# and should contain a list of modules that define tasks to be performed\n# at the start and end of sessions of *any* kind (both interactive and\n# non-interactive).  The default is pam_unix.\n#\nsession\trequired\tpam_unix.so\n", 4096) = 372
18466 14:14:05.164331 read(6, "", 4096) = 0
18466 14:14:05.164355 close(6)          = 0
18466 14:14:05.164367 munmap(0xb7efe000, 4096) = 0
18466 14:14:05.164378 read(5, "", 4096) = 0
18466 14:14:05.164397 close(5)          = 0
18466 14:14:05.164407 munmap(0xb7f04000, 4096) = 0
18466 14:14:05.164423 time(NULL)        = 1495649645
18466 14:14:05.164434 lstat64("/etc/ftpusers", {st_mode=S_IFREG|0644, st_size=132, ...}) = 0
18466 14:14:05.164453 open("/etc/ftpusers", O_RDONLY|O_LARGEFILE) = 5
18466 14:14:05.164465 fstat64(5, {st_mode=S_IFREG|0644, st_size=132, ...}) = 0
18466 14:14:05.164481 mmap2(NULL, 4096, PROT_READ|PROT_WRITE, MAP_PRIVATE|MAP_ANONYMOUS, -1, 0) = 0xb7f04000
18466 14:14:05.164492 read(5, "# /etc/ftpusers: list of users disallowed FTP access. See ftpusers(5).\n\nroot\ndaemon\nbin\nsys\nsync\ngames\nman\nlp\nmail\nnews\nuucp\nnobody\n", 4096) = 132
18466 14:14:05.164513 read(5, "", 4096) = 0
18466 14:14:05.164522 close(5)          = 0
18466 14:14:05.164532 munmap(0xb7f04000, 4096) = 0
18466 14:14:05.164547 getuid32()        = 0
18466 14:14:05.164564 open("/etc/passwd", O_RDONLY|0x80000 /* O_??? */) = 5
18466 14:14:05.164578 _llseek(5, 0, [0], SEEK_CUR) = 0
18466 14:14:05.164589 fstat64(5, {st_mode=S_IFREG|0644, st_size=1624, ...}) = 0
18466 14:14:05.164605 mmap2(NULL, 1624, PROT_READ, MAP_SHARED, 5, 0) = 0xb7f04000
18466 14:14:05.164616 _llseek(5, 1624, [1624], SEEK_SET) = 0
18466 14:14:05.164635 munmap(0xb7f04000, 1624) = 0
18466 14:14:05.164646 close(5)          = 0
18466 14:14:05.164669 open("/etc/shadow", O_RDONLY|0x80000 /* O_??? */) = 5
18466 14:14:05.164686 _llseek(5, 0, [0], SEEK_CUR) = 0
18466 14:14:05.164697 fstat64(5, {st_mode=S_IFREG|0640, st_size=1233, ...}) = 0
18466 14:14:05.164713 mmap2(NULL, 1233, PROT_READ, MAP_SHARED, 5, 0) = 0xb7f04000
18466 14:14:05.164724 _llseek(5, 1233, [1233], SEEK_SET) = 0
18466 14:14:05.164743 munmap(0xb7f04000, 1233) = 0
18466 14:14:05.164753 close(5)          = 0
18466 14:14:05.164771 open("/etc/passwd", O_RDONLY|0x80000 /* O_??? */) = 5
18466 14:14:05.164784 _llseek(5, 0, [0], SEEK_CUR) = 0
18466 14:14:05.164794 fstat64(5, {st_mode=S_IFREG|0644, st_size=1624, ...}) = 0
18466 14:14:05.164810 mmap2(NULL, 1624, PROT_READ, MAP_SHARED, 5, 0) = 0xb7f04000
18466 14:14:05.164820 _llseek(5, 1624, [1624], SEEK_SET) = 0
18466 14:14:05.164856 munmap(0xb7f04000, 1624) = 0
18466 14:14:05.164868 close(5)          = 0
18466 14:14:05.164891 open("/etc/shadow", O_RDONLY|0x80000 /* O_??? */) = 5
18466 14:14:05.164904 _llseek(5, 0, [0], SEEK_CUR) = 0
18466 14:14:05.164915 fstat64(5, {st_mode=S_IFREG|0640, st_size=1233, ...}) = 0
18466 14:14:05.164931 mmap2(NULL, 1233, PROT_READ, MAP_SHARED, 5, 0) = 0xb7f04000
18466 14:14:05.164941 _llseek(5, 1233, [1233], SEEK_SET) = 0
18466 14:14:05.164958 munmap(0xb7f04000, 1233) = 0
18466 14:14:05.164968 close(5)          = 0
18466 14:14:05.165199 getuid32()        = 0
18466 14:14:05.165210 open("/etc/passwd", O_RDONLY|0x80000 /* O_??? */) = 5
18466 14:14:05.165223 _llseek(5, 0, [0], SEEK_CUR) = 0
18466 14:14:05.165233 fstat64(5, {st_mode=S_IFREG|0644, st_size=1624, ...}) = 0
18466 14:14:05.165249 mmap2(NULL, 1624, PROT_READ, MAP_SHARED, 5, 0) = 0xb7f04000
18466 14:14:05.165260 _llseek(5, 1624, [1624], SEEK_SET) = 0
18466 14:14:05.165275 munmap(0xb7f04000, 1624) = 0
18466 14:14:05.165285 close(5)          = 0
18466 14:14:05.165298 open("/etc/shadow", O_RDONLY|0x80000 /* O_??? */) = 5
18466 14:14:05.165310 _llseek(5, 0, [0], SEEK_CUR) = 0
18466 14:14:05.165320 fstat64(5, {st_mode=S_IFREG|0640, st_size=1233, ...}) = 0
18466 14:14:05.165329 mmap2(NULL, 1233, PROT_READ, MAP_SHARED, 5, 0) = 0xb7f04000
18466 14:14:05.165329 _llseek(5, 1233, [1233], SEEK_SET) = 0
18466 14:14:05.165329 munmap(0xb7f04000, 1233) = 0
18466 14:14:05.165329 close(5)          = 0
18466 14:14:05.165330 time(NULL)        = 1495649645
18466 14:14:05.165336 munmap(0xb7f01000, 12164) = 0
18466 14:14:05.165350 munmap(0xb7eff000, 7136) = 0
18466 14:14:05.165364 munmap(0xb7d34000, 95428) = 0
18466 14:14:05.165375 munmap(0xb7cfa000, 201052) = 0
18466 14:14:05.165387 munmap(0xb7ce1000, 101180) = 0
18466 14:14:05.165403 gettimeofday({1495649645, 165407}, NULL) = 0
18466 14:14:05.165414 stat64("/usr/share/zoneinfo/UTC+04:00", 0xbf890a04) = -1 ENOENT (No such file or directory)
18466 14:14:05.165429 open("/usr/share/zoneinfo/UTC+04:00", O_RDONLY) = -1 ENOENT (No such file or directory)
18466 14:14:05.165458 fcntl64(3, F_SETLKW64, {type=F_WRLCK, whence=SEEK_SET, start=0, len=0}, 0xbf890b54) = 0
18466 14:14:05.165474 write(3, "Wed May 24 14:14:05 2017 [pid 18466] [msfadmin] OK LOGIN: Client \"127.0.0.1\"\n", 77) = 77
18466 14:14:05.165491 fcntl64(3, F_SETLK64, {type=F_UNLCK, whence=SEEK_SET, start=0, len=0}, 0xbf890b5c) = 0
18466 14:14:05.165504 rt_sigaction(SIGCHLD, {0x805cad0, ~[RTMIN RT_1], 0}, NULL, 8) = 0
18466 14:14:05.165518 write(4, "\1", 1 <unfinished ...>
18467 14:14:05.165528 <... read resumed> "\1", 1) = 1
18466 14:14:05.165533 <... write resumed> ) = 1
18467 14:14:05.165541 exit_group(0)     = ?
18466 14:14:05.165568 --- SIGCHLD (Child exited) @ 0 (0) ---
18466 14:14:05.165576 sigreturn()       = ? (mask now [])
18466 14:14:05.165595 wait4(-1, [{WIFEXITED(s) && WEXITSTATUS(s) == 0}], 0, NULL) = 18467
18466 14:14:05.165608 close(4)          = 0
18466 14:14:05.165620 socketpair(PF_FILE, SOCK_STREAM, 0, [4, 5]) = 0
18466 14:14:05.165634 rt_sigaction(SIGCHLD, {0x805cad0, ~[RTMIN RT_1], 0}, NULL, 8) = 0
18466 14:14:05.165648 rt_sigaction(SIGALRM, {0x805cb10, ~[RTMIN RT_1], 0}, NULL, 8) = 0
18466 14:14:05.165685 clone(child_stack=0, flags=CLONE_CHILD_CLEARTID|CLONE_CHILD_SETTID|SIGCHLD, child_tidptr=0xb7d6a6f8) = 18468
18468 14:14:05.165746 prctl(0x1, 0x9, 0, 0, 0) = 0
18468 14:14:05.165760 close(4)          = 0
18468 14:14:05.165786 open("/etc/passwd", O_RDONLY|0x80000 /* O_??? */) = 4
18468 14:14:05.165804 _llseek(4, 0, [0], SEEK_CUR) = 0
18468 14:14:05.165819 fstat64(4, {st_mode=S_IFREG|0644, st_size=1624, ...}) = 0
18468 14:14:05.165837 mmap2(NULL, 1624, PROT_READ, MAP_SHARED, 4, 0) = 0xb7f04000
18468 14:14:05.165849 _llseek(4, 1624, [1624], SEEK_SET) = 0
18468 14:14:05.165872 munmap(0xb7f04000, 1624) = 0
18468 14:14:05.165883 close(4)          = 0
18468 14:14:05.165897 getuid32()        = 0
18468 14:14:05.165907 open("/etc/passwd", O_RDONLY|0x80000 /* O_??? */) = 4
18468 14:14:05.165919 _llseek(4, 0, [0], SEEK_CUR) = 0
18468 14:14:05.165930 fstat64(4, {st_mode=S_IFREG|0644, st_size=1624, ...}) = 0
18468 14:14:05.165946 mmap2(NULL, 1624, PROT_READ, MAP_SHARED, 4, 0) = 0xb7f04000
18468 14:14:05.165957 _llseek(4, 1624, [1624], SEEK_SET) = 0
18468 14:14:05.165972 munmap(0xb7f04000, 1624) = 0
18468 14:14:05.165982 close(4)          = 0
18468 14:14:05.166008 open("/proc/sys/kernel/ngroups_max", O_RDONLY) = 4
18468 14:14:05.166028 read(4, "65536\n", 31) = 6
18468 14:14:05.166041 close(4)          = 0
18468 14:14:05.166055 socket(PF_FILE, SOCK_STREAM, 0) = 4
18468 14:14:05.166067 fcntl64(4, F_SETFL, O_RDWR|O_NONBLOCK) = 0
18468 14:14:05.166078 connect(4, {sa_family=AF_FILE, path="/var/run/nscd/socket"}, 110) = -1 ENOENT (No such file or directory)
18468 14:14:05.166099 close(4)          = 0
18468 14:14:05.166111 socket(PF_FILE, SOCK_STREAM, 0) = 4
18468 14:14:05.166121 fcntl64(4, F_SETFL, O_RDWR|O_NONBLOCK) = 0
18468 14:14:05.166131 connect(4, {sa_family=AF_FILE, path="/var/run/nscd/socket"}, 110) = -1 ENOENT (No such file or directory)
18468 14:14:05.166165 close(4)          = 0
18468 14:14:05.166202 open("/etc/group", O_RDONLY|0x80000 /* O_??? */) = 4
18468 14:14:05.166217 _llseek(4, 0, [0], SEEK_CUR) = 0
18468 14:14:05.166227 fstat64(4, {st_mode=S_IFREG|0644, st_size=886, ...}) = 0
18468 14:14:05.166244 mmap2(NULL, 886, PROT_READ, MAP_SHARED, 4, 0) = 0xb7f04000
18468 14:14:05.166255 _llseek(4, 886, [886], SEEK_SET) = 0
18468 14:14:05.166280 fstat64(4, {st_mode=S_IFREG|0644, st_size=886, ...}) = 0
18468 14:14:05.166297 munmap(0xb7f04000, 886) = 0
18468 14:14:05.166307 close(4)          = 0
18468 14:14:05.166317 setgroups32(13, [1000, 4, 20, 24, 25, 29, 30, 44, 46, 107, 111, 112, 119]) = 0
18468 14:14:05.166333 geteuid32()       = 0
18468 14:14:05.166344 getegid32()       = 0
18468 14:14:05.166355 setregid32(-1, 1000) = 0
18468 14:14:05.166365 setreuid32(-1, 1000) = 0
18468 14:14:05.166376 chdir("/home/msfadmin") = 0
18468 14:14:05.166388 setreuid32(-1, 0) = 0
18468 14:14:05.166397 setregid32(-1, 0) = 0
18468 14:14:05.166407 setgid32(1000)    = 0
18468 14:14:05.166417 setuid32(1000)    = 0
18468 14:14:05.166431 setrlimit(RLIMIT_NPROC, {rlim_cur=0, rlim_max=0}) = 0
18468 14:14:05.166445 mmap2(NULL, 12288, PROT_READ|PROT_WRITE, MAP_PRIVATE|MAP_ANONYMOUS, -1, 0) = 0xb7f02000
18468 14:14:05.166456 mprotect(0xb7f04000, 4096, PROT_NONE) = 0
18468 14:14:05.166467 mprotect(0xb7f02000, 4096, PROT_NONE) = 0
18468 14:14:05.166479 getcwd("/home/msfadmin", 4096) = 15
18468 14:14:05.166492 umask(022)        = 077
18468 14:14:05.166502 getcwd("/home/msfadmin", 4096) = 15
18468 14:14:05.166515 open(".message", O_RDONLY|O_NONBLOCK|O_LARGEFILE) = -1 ENOENT (No such file or directory)
18468 14:14:05.166537 write(0, "230 Login successful.\r\n", 23) = 23
18468 14:14:05.166603 rt_sigaction(SIGALRM, {0x805cad0, ~[RTMIN RT_1], 0}, NULL, 8) = 0
18468 14:14:05.166619 alarm(300)        = 0
18468 14:14:05.166630 mmap2(NULL, 12288, PROT_READ|PROT_WRITE, MAP_PRIVATE|MAP_ANONYMOUS, -1, 0) = 0xb7eff000
18468 14:14:05.166642 mprotect(0xb7f01000, 4096, PROT_NONE) = 0
18468 14:14:05.166676 mprotect(0xb7eff000, 4096, PROT_NONE) = 0
18468 14:14:05.166700 recv(0, "TYPE I\r\n", 4096, MSG_PEEK) = 8
18468 14:14:05.166713 read(0, "TYPE I\r\n", 8) = 8
18468 14:14:05.166730 write(0, "200 Switching to Binary mode.\r\n", 31) = 31
18468 14:14:05.166771 rt_sigaction(SIGALRM, {0x805cad0, ~[RTMIN RT_1], 0}, NULL, 8) = 0
18468 14:14:05.166786 alarm(300)        = 300
18468 14:14:05.166797 recv(0, "PASV\r\n", 4096, MSG_PEEK) = 6
18468 14:14:05.166808 read(0, "PASV\r\n", 6) = 6
18468 14:14:05.166820 write(5, "\n", 1) = 1
18468 14:14:05.166831 read(5,  <unfinished ...>
18466 14:14:05.166843 close(5)          = 0
18466 14:14:05.166856 getuid32()        = 0
18466 14:14:05.166871 open("/etc/passwd", O_RDONLY|0x80000 /* O_??? */) = 5
18466 14:14:05.166885 _llseek(5, 0, [0], SEEK_CUR) = 0
18466 14:14:05.166898 fstat64(5, {st_mode=S_IFREG|0644, st_size=1624, ...}) = 0
18466 14:14:05.166916 mmap2(NULL, 1624, PROT_READ, MAP_SHARED, 5, 0) = 0xb7f04000
18466 14:14:05.166927 _llseek(5, 1624, [1624], SEEK_SET) = 0
18466 14:14:05.166945 munmap(0xb7f04000, 1624) = 0
18466 14:14:05.166957 close(5)          = 0
18466 14:14:05.166972 setgroups32(0, []) = 0
18466 14:14:05.166984 chdir("/usr/share/empty") = 0
18466 14:14:05.166996 chroot(".")       = 0
18466 14:14:05.167007 capset(NULL, NULL) = -1 EFAULT (Bad address)
18466 14:14:05.167020 prctl(0x8, 0, 0xbf890b38, 0x80549a6, 0xbf890b20) = 0
18466 14:14:05.167031 prctl(0x8, 0x1, 0xbf890b38, 0x8054a49, 0xbf890b20) = 0
18466 14:14:05.167041 setgid32(65534)   = 0
18466 14:14:05.167051 setuid32(65534)   = 0
18466 14:14:05.167061 capset(0x19980330, 0, {CAP_NET_BIND_SERVICE, CAP_NET_BIND_SERVICE, 0}) = 0
18466 14:14:05.167073 read(4, "\n", 1)  = 1
18466 14:14:05.167087 write(4, "\1", 1) = 1
18468 14:14:05.167097 <... read resumed> "\1", 1) = 1
18468 14:14:05.167105 write(5, "\f", 1) = 1
18468 14:14:05.167115 read(5,  <unfinished ...>
18466 14:14:05.167122 read(4, "\f", 1)  = 1
18466 14:14:05.167134 socket(PF_INET, SOCK_STREAM, IPPROTO_TCP) = 5
18466 14:14:05.167148 setsockopt(5, SOL_SOCKET, SO_REUSEADDR, [1], 4) = 0
18466 14:14:05.167159 gettimeofday({1495649645, 167163}, NULL) = 0
18466 14:14:05.167175 bind(5, {sa_family=AF_INET, sin_port=htons(19021), sin_addr=inet_addr("127.0.0.1")}, 16) = 0
18466 14:14:05.167192 listen(5, 1)      = 0
18466 14:14:05.167205 write(4, "MJ\0\0", 4) = 4
18468 14:14:05.167216 <... read resumed> "MJ\0\0", 4) = 4
18468 14:14:05.167229 write(0, "227 Entering Passive Mode (127,0,0,1,74,77).\r\n", 46) = 46
18468 14:14:05.167336 rt_sigaction(SIGALRM, {0x805cad0, ~[RTMIN RT_1], 0}, NULL, 8) = 0
18468 14:14:05.167353 alarm(300)        = 300
18468 14:14:05.167365 recv(0, "RETR myfile0\r\n", 4096, MSG_PEEK) = 14
18468 14:14:05.167378 read(0, "RETR myfile0\r\n", 14) = 14
18468 14:14:05.167393 write(5, "\v", 1) = 1
18468 14:14:05.167404 read(5,  <unfinished ...>
18466 14:14:05.167411 read(4, "\v", 1)  = 1
18466 14:14:05.167422 write(4, "\1\0\0\0", 4) = 4
18468 14:14:05.167433 <... read resumed> "\1\0\0\0", 4) = 4
18468 14:14:05.167441 gettimeofday({1495649645, 167445}, NULL) = 0
18468 14:14:05.167452 getcwd("/home/msfadmin", 4096) = 15
18468 14:14:05.167468 open("myfile0", O_RDONLY|O_NONBLOCK|O_LARGEFILE) = 4
18468 14:14:05.167481 fcntl64(4, F_SETLKW64, {type=F_RDLCK, whence=SEEK_SET, start=0, len=0}, 0xbf890aa4) = 0
18468 14:14:05.167495 fstat64(4, {st_mode=S_IFREG|0644, st_size=17, ...}) = 0
18468 14:14:05.167511 fcntl64(4, F_GETFL) = 0x8800 (flags O_RDONLY|O_NONBLOCK|O_LARGEFILE)
18468 14:14:05.167522 fcntl64(4, F_SETFL, O_RDONLY|O_LARGEFILE) = 0
18468 14:14:05.167534 write(5, "\v", 1) = 1
18468 14:14:05.167545 read(5,  <unfinished ...>
18466 14:14:05.167552 read(4, "\v", 1)  = 1
18466 14:14:05.167564 write(4, "\1\0\0\0", 4) = 4
18468 14:14:05.167574 <... read resumed> "\1\0\0\0", 4) = 4
18468 14:14:05.167582 write(5, "\v", 1) = 1
18468 14:14:05.167592 read(5,  <unfinished ...>
18466 14:14:05.167598 read(4, "\v", 1)  = 1
18466 14:14:05.167609 write(4, "\1\0\0\0", 4) = 4
18468 14:14:05.167640 <... read resumed> "\1\0\0\0", 4) = 4
18468 14:14:05.167649 write(5, "\r", 1) = 1
18468 14:14:05.167659 read(5,  <unfinished ...>
18466 14:14:05.167675 read(4, "\r", 1)  = 1
18466 14:14:05.167688 select(6, [5], NULL, NULL, {60, 0}) = 1 (in [5], left {60, 0})
18466 14:14:05.167705 accept(5, {sa_family=AF_INET, sin_port=htons(48176), sin_addr=inet_addr("127.0.0.1")}, [16]) = 6
18466 14:14:05.167727 write(4, "\1", 1) = 1
18468 14:14:05.167737 <... read resumed> "\1", 1) = 1
18468 14:14:05.167747 recvmsg(5,  <unfinished ...>
18466 14:14:05.167756 sendmsg(4, {msg_name(0)=NULL, msg_iov(1)=[{"\0", 1}], msg_controllen=16, {cmsg_len=16, cmsg_level=SOL_SOCKET, cmsg_type=SCM_RIGHTS, {6}}, msg_flags=0}, 0) = 1
18468 14:14:05.167773 <... recvmsg resumed> {msg_name(0)=NULL, msg_iov(1)=[{"\0", 1}], msg_controllen=16, {cmsg_len=16, cmsg_level=SOL_SOCKET, cmsg_type=SCM_RIGHTS, {6}}, msg_flags=0}, 0) = 1
18468 14:14:05.167787 setsockopt(6, SOL_SOCKET, SO_KEEPALIVE, [1], 4) = 0
18468 14:14:05.167799 setsockopt(6, SOL_IP, IP_TOS, [8], 4) = 0
18468 14:14:05.167811 setsockopt(6, SOL_SOCKET, SO_LINGER, {onoff=1, linger=32767}, 8) = 0
18468 14:14:05.167822 rt_sigaction(SIGALRM, {0x805cad0, ~[RTMIN RT_1], 0}, NULL, 8) = 0
18468 14:14:05.167836 alarm(300)        = 300
18468 14:14:05.167850 write(0, "150 Opening BINARY mode data connection for myfile0 (17 bytes).\r\n", 65) = 65
18468 14:14:05.167893 _llseek(4, 0, [0], SEEK_CUR) = 0
18468 14:14:05.167905 fstat64(4, {st_mode=S_IFREG|0644, st_size=17, ...}) = 0
18468 14:14:05.167923 _llseek(4, 0, [0], SEEK_SET) = 0
18468 14:14:05.167935 sendfile(6, 4, NULL, 17) = 17
18468 14:14:05.167964 rt_sigaction(SIGALRM, {0x805cad0, ~[RTMIN RT_1], 0}, NULL, 8) = 0
18468 14:14:05.167979 alarm(300)        = 300
18468 14:14:05.167988 close(6)          = 0
18468 14:14:05.167997 alarm(0)          = 300
18468 14:14:05.168007 gettimeofday({1495649645, 168010}, NULL) = 0
18468 14:14:05.168024 getpid()          = 18468
18468 14:14:05.168036 gettimeofday({1495649645, 168039}, NULL) = 0
18468 14:14:05.168056 fcntl64(3, F_SETLKW64, {type=F_WRLCK, whence=SEEK_SET, start=0, len=0}, 0xbf890a44) = 0
18468 14:14:05.168072 write(3, "Wed May 24 14:14:05 2017 [pid 18468] [msfadmin] OK DOWNLOAD: Client \"127.0.0.1\", \"/home/msfadmin/myfile0\", 17 bytes, 27.95Kbyte/sec\n", 132) = 132
18468 14:14:05.168092 fcntl64(3, F_SETLK64, {type=F_UNLCK, whence=SEEK_SET, start=0, len=0}, 0xbf890a4c) = 0
18468 14:14:05.168106 write(0, "226 Transfer complete.\r\n", 24) = 24
18468 14:14:05.168122 write(5, "\n", 1) = 1
18468 14:14:05.168133 read(5,  <unfinished ...>
18466 14:14:05.168140 close(6)          = 0
18466 14:14:05.168216 read(4, "\n", 1)  = 1
18466 14:14:05.168229 close(5)          = 0
18466 14:14:05.168241 write(4, "\1", 1) = 1
18468 14:14:05.168252 <... read resumed> "\1", 1) = 1
18468 14:14:05.168259 close(4)          = 0
18468 14:14:05.168270 rt_sigaction(SIGALRM, {0x805cad0, ~[RTMIN RT_1], 0}, NULL, 8) = 0
18468 14:14:05.168283 alarm(300)        = 0
18468 14:14:05.168295 recv(0,  <unfinished ...>
18466 14:14:05.168302 read(4,  <unfinished ...>
18465 14:14:05.175324 <... recv resumed> "TYPE I\r\n", 4096, MSG_PEEK) = 8
18465 14:14:05.175354 read(0, "TYPE I\r\n", 8) = 8
18465 14:14:05.175384 write(0, "200 Switching to Binary mode.\r\n", 31) = 31
18465 14:14:05.175432 rt_sigaction(SIGALRM, {0x805cad0, ~[RTMIN RT_1], 0}, NULL, 8) = 0
18465 14:14:05.175450 alarm(300)        = 299
18465 14:14:05.175463 recv(0, "PASV\r\n", 4096, MSG_PEEK) = 6
18465 14:14:05.175475 read(0, "PASV\r\n", 6) = 6
18465 14:14:05.175487 write(5, "\n", 1 <unfinished ...>
18463 14:14:05.175499 <... read resumed> "\n", 1) = 1
18465 14:14:05.175504 <... write resumed> ) = 1
18463 14:14:05.175512 write(4, "\1", 1 <unfinished ...>
18465 14:14:05.175518 read(5,  <unfinished ...>
18463 14:14:05.175525 <... write resumed> ) = 1
18465 14:14:05.175529 <... read resumed> "\1", 1) = 1
18463 14:14:05.175537 read(4,  <unfinished ...>
18465 14:14:05.175541 write(5, "\f", 1 <unfinished ...>
18463 14:14:05.175549 <... read resumed> "\f", 1) = 1
18465 14:14:05.175553 <... write resumed> ) = 1
18463 14:14:05.175561 socket(PF_INET, SOCK_STREAM, IPPROTO_TCP <unfinished ...>
18465 14:14:05.175567 read(5,  <unfinished ...>
18463 14:14:05.175576 <... socket resumed> ) = 5
18463 14:14:05.175584 setsockopt(5, SOL_SOCKET, SO_REUSEADDR, [1], 4) = 0
18463 14:14:05.175598 bind(5, {sa_family=AF_INET, sin_port=htons(65490), sin_addr=inet_addr("127.0.0.1")}, 16) = 0
18463 14:14:05.175615 listen(5, 1)      = 0
18463 14:14:05.175628 write(4, "\322\377\0\0", 4 <unfinished ...>
18465 14:14:05.175637 <... read resumed> "\322\377\0\0", 4) = 4
18463 14:14:05.175643 <... write resumed> ) = 4
18465 14:14:05.175654 write(0, "227 Entering Passive Mode (127,0,0,1,255,210).\r\n", 48 <unfinished ...>
18463 14:14:05.175663 read(4,  <unfinished ...>
18465 14:14:05.175803 <... write resumed> ) = 48
18465 14:14:05.175816 rt_sigaction(SIGALRM, {0x805cad0, ~[RTMIN RT_1], 0}, NULL, 8) = 0
18465 14:14:05.175831 alarm(300)        = 300
18465 14:14:05.175843 recv(0, "STOR myfile11\r\n", 4096, MSG_PEEK) = 15
18465 14:14:05.175855 read(0, "STOR myfile11\r\n", 15) = 15
18465 14:14:05.175869 write(5, "\v", 1 <unfinished ...>
18463 14:14:05.175877 <... read resumed> "\v", 1) = 1
18465 14:14:05.175882 <... write resumed> ) = 1
18463 14:14:05.175888 write(4, "\1\0\0\0", 4) = 4
18463 14:14:05.175899 read(4,  <unfinished ...>
18465 14:14:05.175906 read(5, "\1\0\0\0", 4) = 4
18465 14:14:05.175917 gettimeofday({1495649645, 175921}, NULL) = 0
18465 14:14:05.175929 getcwd("/home/msfadmin", 4096) = 15
18465 14:14:05.175941 open("myfile11", O_WRONLY|O_CREAT|O_NONBLOCK|O_LARGEFILE, 0666) = 4
18465 14:14:05.175956 fstat64(4, {st_mode=S_IFREG|0644, st_size=17, ...}) = 0
18465 14:14:05.175973 fcntl64(4, F_GETFL) = 0x8801 (flags O_WRONLY|O_NONBLOCK|O_LARGEFILE)
18465 14:14:05.175984 fcntl64(4, F_SETFL, O_WRONLY|O_LARGEFILE) = 0
18465 14:14:05.175994 fcntl64(4, F_SETLKW64, {type=F_WRLCK, whence=SEEK_SET, start=0, len=0}, 0xbf8c72b4) = 0
18465 14:14:05.176009 ftruncate64(4, 0) = 0
18465 14:14:05.176027 _llseek(4, 0, [0], SEEK_SET) = 0
18465 14:14:05.176039 write(5, "\v", 1 <unfinished ...>
18463 14:14:05.176046 <... read resumed> "\v", 1) = 1
18465 14:14:05.176051 <... write resumed> ) = 1
18463 14:14:05.176057 write(4, "\1\0\0\0", 4) = 4
18463 14:14:05.176068 read(4,  <unfinished ...>
18465 14:14:05.176074 read(5, "\1\0\0\0", 4) = 4
18465 14:14:05.176086 write(5, "\v", 1 <unfinished ...>
18463 14:14:05.176093 <... read resumed> "\v", 1) = 1
18465 14:14:05.176097 <... write resumed> ) = 1
18463 14:14:05.176103 write(4, "\1\0\0\0", 4) = 4
18463 14:14:05.176114 read(4,  <unfinished ...>
18465 14:14:05.176120 read(5, "\1\0\0\0", 4) = 4
18465 14:14:05.176131 write(5, "\r", 1 <unfinished ...>
18463 14:14:05.176138 <... read resumed> "\r", 1) = 1
18465 14:14:05.176143 <... write resumed> ) = 1
18463 14:14:05.176150 select(6, [5], NULL, NULL, {60, 0}) = 1 (in [5], left {60, 0})
18463 14:14:05.176166 accept(5, {sa_family=AF_INET, sin_port=htons(53503), sin_addr=inet_addr("127.0.0.1")}, [16]) = 6
18463 14:14:05.176189 write(4, "\1", 1) = 1
18463 14:14:05.176201 sendmsg(4, {msg_name(0)=NULL, msg_iov(1)=[{"\0", 1}], msg_controllen=16, {cmsg_len=16, cmsg_level=SOL_SOCKET, cmsg_type=SCM_RIGHTS, {6}}, msg_flags=0}, 0) = 1
18463 14:14:05.176222 close(6)          = 0
18463 14:14:05.176232 read(4,  <unfinished ...>
18465 14:14:05.176238 read(5, "\1", 1)  = 1
18465 14:14:05.176251 recvmsg(5, {msg_name(0)=NULL, msg_iov(1)=[{"\0", 1}], msg_controllen=16, {cmsg_len=16, cmsg_level=SOL_SOCKET, cmsg_type=SCM_RIGHTS, {6}}, msg_flags=0}, 0) = 1
18465 14:14:05.176269 setsockopt(6, SOL_SOCKET, SO_KEEPALIVE, [1], 4) = 0
18465 14:14:05.176281 setsockopt(6, SOL_IP, IP_TOS, [8], 4) = 0
18465 14:14:05.176293 setsockopt(6, SOL_SOCKET, SO_LINGER, {onoff=1, linger=32767}, 8) = 0
18465 14:14:05.176305 rt_sigaction(SIGALRM, {0x805cad0, ~[RTMIN RT_1], 0}, NULL, 8) = 0
18465 14:14:05.176318 alarm(300)        = 300
18465 14:14:05.176330 write(0, "150 Ok to send data.\r\n", 22) = 22
18465 14:14:05.176396 read(6, "assasaaa\na\na\na\na\n", 65536) = 17
18465 14:14:05.176410 write(4, "assasaaa\na\na\na\na\n", 17) = 17
18465 14:14:05.176426 read(6, "", 65536) = 0
18465 14:14:05.176436 rt_sigaction(SIGALRM, {0x805cad0, ~[RTMIN RT_1], 0}, NULL, 8) = 0
18465 14:14:05.176450 alarm(300)        = 300
18465 14:14:05.176460 close(6)          = 0
18465 14:14:05.176477 alarm(0)          = 300
18465 14:14:05.176487 gettimeofday({1495649645, 176491}, NULL) = 0
18465 14:14:05.176503 gettimeofday({1495649645, 176507}, NULL) = 0
18465 14:14:05.176517 fcntl64(3, F_SETLKW64, {type=F_WRLCK, whence=SEEK_SET, start=0, len=0}, 0xbf8c7254) = 0
18465 14:14:05.176532 write(3, "Wed May 24 14:14:05 2017 [pid 18465] [msfadmin] OK UPLOAD: Client \"127.0.0.1\", \"/home/msfadmin/myfile11\", 17 bytes, 28.33Kbyte/sec\n", 131) = 131
18465 14:14:05.176553 fcntl64(3, F_SETLK64, {type=F_UNLCK, whence=SEEK_SET, start=0, len=0}, 0xbf8c725c) = 0
18465 14:14:05.176567 write(0, "226 Transfer complete.\r\n", 24) = 24
18465 14:14:05.176610 write(5, "\n", 1 <unfinished ...>
18463 14:14:05.176620 <... read resumed> "\n", 1) = 1
18465 14:14:05.176625 <... write resumed> ) = 1
18463 14:14:05.176631 close(5)          = 0
18463 14:14:05.176643 write(4, "\1", 1) = 1
18463 14:14:05.176653 read(4,  <unfinished ...>
18465 14:14:05.176660 read(5, "\1", 1)  = 1
18465 14:14:05.176671 close(4)          = 0
18465 14:14:05.176682 rt_sigaction(SIGALRM, {0x805cad0, ~[RTMIN RT_1], 0}, NULL, 8) = 0
18465 14:14:05.176708 alarm(300)        = 0
18465 14:14:05.176722 recv(0,  <unfinished ...>
18468 14:14:05.715349 <... recv resumed> "USER msfadmin\r\n", 4096, MSG_PEEK) = 15
18468 14:14:05.715390 read(0, "USER msfadmin\r\n", 15) = 15
18468 14:14:05.715415 write(0, "331 Any password will do.\r\n", 27) = 27
18468 14:14:05.715460 rt_sigaction(SIGALRM, {0x805cad0, ~[RTMIN RT_1], 0}, NULL, 8) = 0
18468 14:14:05.715478 alarm(300)        = 299
18468 14:14:05.715492 recv(0, "PASS msfadmin\r\n", 4096, MSG_PEEK) = 15
18468 14:14:05.715504 read(0, "PASS msfadmin\r\n", 15) = 15
18468 14:14:05.715520 write(0, "230 Already logged in.\r\n", 24) = 24
18468 14:14:05.715581 rt_sigaction(SIGALRM, {0x805cad0, ~[RTMIN RT_1], 0}, NULL, 8) = 0
18468 14:14:05.715597 alarm(300)        = 300
18468 14:14:05.715608 recv(0, "TYPE I\r\n", 4096, MSG_PEEK) = 8
18468 14:14:05.715620 read(0, "TYPE I\r\n", 8) = 8
18468 14:14:05.715634 write(0, "200 Switching to Binary mode.\r\n", 31) = 31
18468 14:14:05.715670 rt_sigaction(SIGALRM, {0x805cad0, ~[RTMIN RT_1], 0}, NULL, 8) = 0
18468 14:14:05.715684 alarm(300)        = 300
18468 14:14:05.715695 recv(0, "PASV\r\n", 4096, MSG_PEEK) = 6
18468 14:14:05.715706 read(0, "PASV\r\n", 6) = 6
18468 14:14:05.715718 write(5, "\n", 1) = 1
18468 14:14:05.715730 read(5,  <unfinished ...>
18466 14:14:05.715739 <... read resumed> "\n", 1) = 1
18466 14:14:05.715748 write(4, "\1", 1) = 1
18468 14:14:05.715759 <... read resumed> "\1", 1) = 1
18468 14:14:05.715766 write(5, "\f", 1) = 1
18468 14:14:05.715776 read(5,  <unfinished ...>
18466 14:14:05.715783 read(4, "\f", 1)  = 1
18466 14:14:05.715795 socket(PF_INET, SOCK_STREAM, IPPROTO_TCP) = 5
18466 14:14:05.715811 setsockopt(5, SOL_SOCKET, SO_REUSEADDR, [1], 4) = 0
18466 14:14:05.715826 bind(5, {sa_family=AF_INET, sin_port=htons(27145), sin_addr=inet_addr("127.0.0.1")}, 16) = 0
18466 14:14:05.715850 listen(5, 1)      = 0
18466 14:14:05.715864 write(4, "\tj\0\0", 4) = 4
18468 14:14:05.715874 <... read resumed> "\tj\0\0", 4) = 4
18468 14:14:05.715886 write(0, "227 Entering Passive Mode (127,0,0,1,106,9).\r\n", 46) = 46
18468 14:14:05.716000 rt_sigaction(SIGALRM, {0x805cad0, ~[RTMIN RT_1], 0}, NULL, 8) = 0
18468 14:14:05.716017 alarm(300)        = 300
18468 14:14:05.716028 recv(0, "RETR myfile1\r\n", 4096, MSG_PEEK) = 14
18468 14:14:05.716040 read(0, "RETR myfile1\r\n", 14) = 14
18468 14:14:05.716053 write(5, "\v", 1) = 1
18468 14:14:05.716063 read(5,  <unfinished ...>
18466 14:14:05.716091 read(4, "\v", 1)  = 1
18466 14:14:05.716107 write(4, "\1\0\0\0", 4) = 4
18468 14:14:05.716118 <... read resumed> "\1\0\0\0", 4) = 4
18468 14:14:05.716127 gettimeofday({1495649645, 716130}, NULL) = 0
18468 14:14:05.716147 getcwd("/home/msfadmin", 4096) = 15
18468 14:14:05.716161 open("myfile1", O_RDONLY|O_NONBLOCK|O_LARGEFILE) = 4
18468 14:14:05.716174 fcntl64(4, F_SETLKW64, {type=F_RDLCK, whence=SEEK_SET, start=0, len=0}, 0xbf890aa4) = 0
18468 14:14:05.716190 fstat64(4, {st_mode=S_IFREG|0644, st_size=17, ...}) = 0
18468 14:14:05.716207 fcntl64(4, F_GETFL) = 0x8800 (flags O_RDONLY|O_NONBLOCK|O_LARGEFILE)
18468 14:14:05.716218 fcntl64(4, F_SETFL, O_RDONLY|O_LARGEFILE) = 0
18468 14:14:05.716230 write(5, "\v", 1) = 1
18468 14:14:05.716240 read(5,  <unfinished ...>
18466 14:14:05.716247 read(4, "\v", 1)  = 1
18466 14:14:05.716258 write(4, "\1\0\0\0", 4) = 4
18468 14:14:05.716269 <... read resumed> "\1\0\0\0", 4) = 4
18468 14:14:05.716276 write(5, "\v", 1) = 1
18468 14:14:05.716286 read(5,  <unfinished ...>
18466 14:14:05.716293 read(4, "\v", 1)  = 1
18466 14:14:05.716303 write(4, "\1\0\0\0", 4) = 4
18468 14:14:05.716313 <... read resumed> "\1\0\0\0", 4) = 4
18468 14:14:05.716321 write(5, "\r", 1) = 1
18468 14:14:05.716331 read(5,  <unfinished ...>
18466 14:14:05.716337 read(4, "\r", 1)  = 1
18466 14:14:05.716349 select(6, [5], NULL, NULL, {60, 0}) = 1 (in [5], left {60, 0})
18466 14:14:05.716365 accept(5, {sa_family=AF_INET, sin_port=htons(55295), sin_addr=inet_addr("127.0.0.1")}, [16]) = 6
18466 14:14:05.716388 write(4, "\1", 1) = 1
18468 14:14:05.716398 <... read resumed> "\1", 1) = 1
18468 14:14:05.716407 recvmsg(5,  <unfinished ...>
18466 14:14:05.716415 sendmsg(4, {msg_name(0)=NULL, msg_iov(1)=[{"\0", 1}], msg_controllen=16, {cmsg_len=16, cmsg_level=SOL_SOCKET, cmsg_type=SCM_RIGHTS, {6}}, msg_flags=0}, 0) = 1
18468 14:14:05.716433 <... recvmsg resumed> {msg_name(0)=NULL, msg_iov(1)=[{"\0", 1}], msg_controllen=16, {cmsg_len=16, cmsg_level=SOL_SOCKET, cmsg_type=SCM_RIGHTS, {6}}, msg_flags=0}, 0) = 1
18468 14:14:05.716446 setsockopt(6, SOL_SOCKET, SO_KEEPALIVE, [1], 4) = 0
18468 14:14:05.716458 setsockopt(6, SOL_IP, IP_TOS, [8], 4) = 0
18468 14:14:05.716470 setsockopt(6, SOL_SOCKET, SO_LINGER, {onoff=1, linger=32767}, 8) = 0
18468 14:14:05.716481 rt_sigaction(SIGALRM, {0x805cad0, ~[RTMIN RT_1], 0}, NULL, 8) = 0
18468 14:14:05.716495 alarm(300)        = 300
18468 14:14:05.716508 write(0, "150 Opening BINARY mode data connection for myfile1 (17 bytes).\r\n", 65) = 65
18468 14:14:05.716550 _llseek(4, 0, [0], SEEK_CUR) = 0
18468 14:14:05.716563 fstat64(4, {st_mode=S_IFREG|0644, st_size=17, ...}) = 0
18468 14:14:05.716580 _llseek(4, 0, [0], SEEK_SET) = 0
18468 14:14:05.716591 sendfile(6, 4, NULL, 17) = 17
18468 14:14:05.716621 rt_sigaction(SIGALRM, {0x805cad0, ~[RTMIN RT_1], 0}, NULL, 8) = 0
18468 14:14:05.716636 alarm(300)        = 300
18468 14:14:05.716646 close(6)          = 0
18468 14:14:05.716655 alarm(0)          = 300
18468 14:14:05.716665 gettimeofday({1495649645, 716668}, NULL) = 0
18468 14:14:05.716680 gettimeofday({1495649645, 716683}, NULL) = 0
18468 14:14:05.716694 fcntl64(3, F_SETLKW64, {type=F_WRLCK, whence=SEEK_SET, start=0, len=0}, 0xbf890a44) = 0
18468 14:14:05.716709 write(3, "Wed May 24 14:14:05 2017 [pid 18468] [msfadmin] OK DOWNLOAD: Client \"127.0.0.1\", \"/home/msfadmin/myfile1\", 17 bytes, 30.02Kbyte/sec\n", 132) = 132
18468 14:14:05.716730 fcntl64(3, F_SETLK64, {type=F_UNLCK, whence=SEEK_SET, start=0, len=0}, 0xbf890a4c) = 0
18468 14:14:05.716749 write(0, "226 Transfer complete.\r\n", 24) = 24
18468 14:14:05.716764 write(5, "\n", 1) = 1
18468 14:14:05.716775 read(5,  <unfinished ...>
18466 14:14:05.716782 close(6)          = 0
18466 14:14:05.716864 read(4, "\n", 1)  = 1
18466 14:14:05.716877 close(5)          = 0
18466 14:14:05.716888 write(4, "\1", 1) = 1
18468 14:14:05.716899 <... read resumed> "\1", 1) = 1
18468 14:14:05.716906 close(4)          = 0
18468 14:14:05.716917 rt_sigaction(SIGALRM, {0x805cad0, ~[RTMIN RT_1], 0}, NULL, 8) = 0
18468 14:14:05.716931 alarm(300)        = 0
18468 14:14:05.716942 recv(0,  <unfinished ...>
18466 14:14:05.716949 read(4,  <unfinished ...>
18465 14:14:05.725385 <... recv resumed> "TYPE I\r\n", 4096, MSG_PEEK) = 8
18465 14:14:05.725416 read(0, "TYPE I\r\n", 8) = 8
18465 14:14:05.725437 write(0, "200 Switching to Binary mode.\r\n", 31) = 31
18465 14:14:05.725486 rt_sigaction(SIGALRM, {0x805cad0, ~[RTMIN RT_1], 0}, NULL, 8) = 0
18465 14:14:05.725504 alarm(300)        = 299
18465 14:14:05.725517 recv(0, "PASV\r\n", 4096, MSG_PEEK) = 6
18465 14:14:05.725528 read(0, "PASV\r\n", 6) = 6
18465 14:14:05.725540 write(5, "\n", 1 <unfinished ...>
18463 14:14:05.725552 <... read resumed> "\n", 1) = 1
18465 14:14:05.725557 <... write resumed> ) = 1
18463 14:14:05.725565 write(4, "\1", 1 <unfinished ...>
18465 14:14:05.725571 read(5,  <unfinished ...>
18463 14:14:05.725577 <... write resumed> ) = 1
18465 14:14:05.725581 <... read resumed> "\1", 1) = 1
18463 14:14:05.725589 read(4,  <unfinished ...>
18465 14:14:05.725594 write(5, "\f", 1 <unfinished ...>
18463 14:14:05.725601 <... read resumed> "\f", 1) = 1
18465 14:14:05.725606 <... write resumed> ) = 1
18463 14:14:05.725614 socket(PF_INET, SOCK_STREAM, IPPROTO_TCP <unfinished ...>
18465 14:14:05.725620 read(5,  <unfinished ...>
18463 14:14:05.725629 <... socket resumed> ) = 5
18463 14:14:05.725637 setsockopt(5, SOL_SOCKET, SO_REUSEADDR, [1], 4) = 0
18463 14:14:05.725651 bind(5, {sa_family=AF_INET, sin_port=htons(27454), sin_addr=inet_addr("127.0.0.1")}, 16) = 0
18463 14:14:05.725667 listen(5, 1)      = 0
18463 14:14:05.725681 write(4, ">k\0\0", 4 <unfinished ...>
18465 14:14:05.725689 <... read resumed> ">k\0\0", 4) = 4
18463 14:14:05.725694 <... write resumed> ) = 4
18465 14:14:05.725706 write(0, "227 Entering Passive Mode (127,0,0,1,107,62).\r\n", 47 <unfinished ...>
18463 14:14:05.725715 read(4,  <unfinished ...>
18465 14:14:05.725816 <... write resumed> ) = 47
18465 14:14:05.725828 rt_sigaction(SIGALRM, {0x805cad0, ~[RTMIN RT_1], 0}, NULL, 8) = 0
18465 14:14:05.725843 alarm(300)        = 300
18465 14:14:05.725855 recv(0, "STOR myfile12\r\n", 4096, MSG_PEEK) = 15
18465 14:14:05.725867 read(0, "STOR myfile12\r\n", 15) = 15
18465 14:14:05.725880 write(5, "\v", 1 <unfinished ...>
18463 14:14:05.725888 <... read resumed> "\v", 1) = 1
18465 14:14:05.725893 <... write resumed> ) = 1
18463 14:14:05.725900 write(4, "\1\0\0\0", 4 <unfinished ...>
18465 14:14:05.725906 read(5,  <unfinished ...>
18463 14:14:05.725912 <... write resumed> ) = 4
18465 14:14:05.725916 <... read resumed> "\1\0\0\0", 4) = 4
18463 14:14:05.725925 read(4,  <unfinished ...>
18465 14:14:05.725929 gettimeofday({1495649645, 725933}, NULL) = 0
18465 14:14:05.725941 getcwd("/home/msfadmin", 4096) = 15
18465 14:14:05.725953 open("myfile12", O_WRONLY|O_CREAT|O_NONBLOCK|O_LARGEFILE, 0666) = 4
18465 14:14:05.725968 fstat64(4, {st_mode=S_IFREG|0644, st_size=17, ...}) = 0
18465 14:14:05.725986 fcntl64(4, F_GETFL) = 0x8801 (flags O_WRONLY|O_NONBLOCK|O_LARGEFILE)
18465 14:14:05.725997 fcntl64(4, F_SETFL, O_WRONLY|O_LARGEFILE) = 0
18465 14:14:05.726007 fcntl64(4, F_SETLKW64, {type=F_WRLCK, whence=SEEK_SET, start=0, len=0}, 0xbf8c72b4) = 0
18465 14:14:05.726021 ftruncate64(4, 0) = 0
18465 14:14:05.726041 _llseek(4, 0, [0], SEEK_SET) = 0
18465 14:14:05.726052 write(5, "\v", 1 <unfinished ...>
18463 14:14:05.726059 <... read resumed> "\v", 1) = 1
18465 14:14:05.726064 <... write resumed> ) = 1
18463 14:14:05.726070 write(4, "\1\0\0\0", 4) = 4
18463 14:14:05.726109 read(4,  <unfinished ...>
18465 14:14:05.726126 read(5, "\1\0\0\0", 4) = 4
18465 14:14:05.726138 write(5, "\v", 1 <unfinished ...>
18463 14:14:05.726145 <... read resumed> "\v", 1) = 1
18465 14:14:05.726149 <... write resumed> ) = 1
18463 14:14:05.726155 write(4, "\1\0\0\0", 4) = 4
18463 14:14:05.726166 read(4,  <unfinished ...>
18465 14:14:05.726172 read(5, "\1\0\0\0", 4) = 4
18465 14:14:05.726184 write(5, "\r", 1 <unfinished ...>
18463 14:14:05.726191 <... read resumed> "\r", 1) = 1
18465 14:14:05.726195 <... write resumed> ) = 1
18463 14:14:05.726202 select(6, [5], NULL, NULL, {60, 0}) = 1 (in [5], left {60, 0})
18463 14:14:05.726218 accept(5, {sa_family=AF_INET, sin_port=htons(41581), sin_addr=inet_addr("127.0.0.1")}, [16]) = 6
18463 14:14:05.726241 write(4, "\1", 1) = 1
18463 14:14:05.726253 sendmsg(4, {msg_name(0)=NULL, msg_iov(1)=[{"\0", 1}], msg_controllen=16, {cmsg_len=16, cmsg_level=SOL_SOCKET, cmsg_type=SCM_RIGHTS, {6}}, msg_flags=0}, 0) = 1
18463 14:14:05.726270 close(6)          = 0
18463 14:14:05.726280 read(4,  <unfinished ...>
18465 14:14:05.726287 read(5, "\1", 1)  = 1
18465 14:14:05.726300 recvmsg(5, {msg_name(0)=NULL, msg_iov(1)=[{"\0", 1}], msg_controllen=16, {cmsg_len=16, cmsg_level=SOL_SOCKET, cmsg_type=SCM_RIGHTS, {6}}, msg_flags=0}, 0) = 1
18465 14:14:05.726318 setsockopt(6, SOL_SOCKET, SO_KEEPALIVE, [1], 4) = 0
18465 14:14:05.726330 setsockopt(6, SOL_IP, IP_TOS, [8], 4) = 0
18465 14:14:05.726342 setsockopt(6, SOL_SOCKET, SO_LINGER, {onoff=1, linger=32767}, 8) = 0
18465 14:14:05.726353 rt_sigaction(SIGALRM, {0x805cad0, ~[RTMIN RT_1], 0}, NULL, 8) = 0
18465 14:14:05.726367 alarm(300)        = 300
18465 14:14:05.726379 write(0, "150 Ok to send data.\r\n", 22) = 22
18465 14:14:05.726444 read(6, "assasaaa\na\na\na\na\n", 65536) = 17
18465 14:14:05.726459 write(4, "assasaaa\na\na\na\na\n", 17) = 17
18465 14:14:05.726474 read(6, "", 65536) = 0
18465 14:14:05.726485 rt_sigaction(SIGALRM, {0x805cad0, ~[RTMIN RT_1], 0}, NULL, 8) = 0
18465 14:14:05.726498 alarm(300)        = 300
18465 14:14:05.726508 close(6)          = 0
18465 14:14:05.726526 alarm(0)          = 300
18465 14:14:05.726536 gettimeofday({1495649645, 726540}, NULL) = 0
18465 14:14:05.726552 gettimeofday({1495649645, 726556}, NULL) = 0
18465 14:14:05.726566 fcntl64(3, F_SETLKW64, {type=F_WRLCK, whence=SEEK_SET, start=0, len=0}, 0xbf8c7254) = 0
18465 14:14:05.726581 write(3, "Wed May 24 14:14:05 2017 [pid 18465] [msfadmin] OK UPLOAD: Client \"127.0.0.1\", \"/home/msfadmin/myfile12\", 17 bytes, 26.65Kbyte/sec\n", 131) = 131
18465 14:14:05.726602 fcntl64(3, F_SETLK64, {type=F_UNLCK, whence=SEEK_SET, start=0, len=0}, 0xbf8c725c) = 0
18465 14:14:05.726617 write(0, "226 Transfer complete.\r\n", 24) = 24
18465 14:14:05.726659 write(5, "\n", 1 <unfinished ...>
18463 14:14:05.726668 <... read resumed> "\n", 1) = 1
18465 14:14:05.726673 <... write resumed> ) = 1
18463 14:14:05.726679 close(5)          = 0
18463 14:14:05.726691 write(4, "\1", 1) = 1
18463 14:14:05.726702 read(4,  <unfinished ...>
18465 14:14:05.726709 read(5, "\1", 1)  = 1
18465 14:14:05.726720 close(4)          = 0
18465 14:14:05.726731 rt_sigaction(SIGALRM, {0x805cad0, ~[RTMIN RT_1], 0}, NULL, 8) = 0
18465 14:14:05.726744 alarm(300)        = 0
18465 14:14:05.726755 recv(0, "TYPE I\r\n", 4096, MSG_PEEK) = 8
18465 14:14:06.265495 read(0, "TYPE I\r\n", 8) = 8
18465 14:14:06.265523 write(0, "200 Switching to Binary mode.\r\n", 31) = 31
18465 14:14:06.265571 rt_sigaction(SIGALRM, {0x805cad0, ~[RTMIN RT_1], 0}, NULL, 8) = 0
18465 14:14:06.265588 alarm(300)        = 299
18465 14:14:06.265601 recv(0, "PASV\r\n", 4096, MSG_PEEK) = 6
18465 14:14:06.265613 read(0, "PASV\r\n", 6) = 6
18465 14:14:06.265625 write(5, "\n", 1 <unfinished ...>
18463 14:14:06.265650 <... read resumed> "\n", 1) = 1
18465 14:14:06.265658 <... write resumed> ) = 1
18463 14:14:06.265665 write(4, "\1", 1) = 1
18463 14:14:06.265677 read(4,  <unfinished ...>
18465 14:14:06.265684 read(5, "\1", 1)  = 1
18465 14:14:06.265696 write(5, "\f", 1 <unfinished ...>
18463 14:14:06.265703 <... read resumed> "\f", 1) = 1
18465 14:14:06.265715 <... write resumed> ) = 1
18463 14:14:06.265723 socket(PF_INET, SOCK_STREAM, IPPROTO_TCP) = 5
18463 14:14:06.265740 setsockopt(5, SOL_SOCKET, SO_REUSEADDR, [1], 4) = 0
18463 14:14:06.265754 bind(5, {sa_family=AF_INET, sin_port=htons(11778), sin_addr=inet_addr("127.0.0.1")}, 16) = 0
18463 14:14:06.265771 listen(5, 1)      = 0
18463 14:14:06.265785 write(4, "\2.\0\0", 4) = 4
18463 14:14:06.265796 read(4,  <unfinished ...>
18465 14:14:06.265803 read(5, "\2.\0\0", 4) = 4
18465 14:14:06.265819 write(0, "227 Entering Passive Mode (127,0,0,1,46,2).\r\n", 45) = 45
18465 14:14:06.265933 rt_sigaction(SIGALRM, {0x805cad0, ~[RTMIN RT_1], 0}, NULL, 8) = 0
18465 14:14:06.265949 alarm(300)        = 300
18465 14:14:06.265961 recv(0, "STOR myfile13\r\n", 4096, MSG_PEEK) = 15
18465 14:14:06.265973 read(0, "STOR myfile13\r\n", 15) = 15
18465 14:14:06.265987 write(5, "\v", 1 <unfinished ...>
18463 14:14:06.265995 <... read resumed> "\v", 1) = 1
18465 14:14:06.266000 <... write resumed> ) = 1
18463 14:14:06.266006 write(4, "\1\0\0\0", 4) = 4
18463 14:14:06.266017 read(4,  <unfinished ...>
18465 14:14:06.266024 read(5, "\1\0\0\0", 4) = 4
18465 14:14:06.266036 gettimeofday({1495649646, 266040}, NULL) = 0
18465 14:14:06.266047 getcwd("/home/msfadmin", 4096) = 15
18465 14:14:06.266060 open("myfile13", O_WRONLY|O_CREAT|O_NONBLOCK|O_LARGEFILE, 0666) = 4
18465 14:14:06.266074 fstat64(4, {st_mode=S_IFREG|0644, st_size=17, ...}) = 0
18465 14:14:06.266091 fcntl64(4, F_GETFL) = 0x8801 (flags O_WRONLY|O_NONBLOCK|O_LARGEFILE)
18465 14:14:06.266103 fcntl64(4, F_SETFL, O_WRONLY|O_LARGEFILE) = 0
18465 14:14:06.266113 fcntl64(4, F_SETLKW64, {type=F_WRLCK, whence=SEEK_SET, start=0, len=0}, 0xbf8c72b4) = 0
18465 14:14:06.266127 ftruncate64(4, 0) = 0
18465 14:14:06.266180 _llseek(4, 0, [0], SEEK_SET) = 0
18465 14:14:06.266202 write(5, "\v", 1 <unfinished ...>
18463 14:14:06.266211 <... read resumed> "\v", 1) = 1
18465 14:14:06.266215 <... write resumed> ) = 1
18463 14:14:06.266222 write(4, "\1\0\0\0", 4) = 4
18463 14:14:06.266233 read(4,  <unfinished ...>
18465 14:14:06.266239 read(5, "\1\0\0\0", 4) = 4
18465 14:14:06.266251 write(5, "\v", 1 <unfinished ...>
18463 14:14:06.266258 <... read resumed> "\v", 1) = 1
18465 14:14:06.266262 <... write resumed> ) = 1
18463 14:14:06.266268 write(4, "\1\0\0\0", 4) = 4
18463 14:14:06.266279 read(4,  <unfinished ...>
18465 14:14:06.266285 read(5, "\1\0\0\0", 4) = 4
18465 14:14:06.266297 write(5, "\r", 1 <unfinished ...>
18463 14:14:06.266304 <... read resumed> "\r", 1) = 1
18465 14:14:06.266308 <... write resumed> ) = 1
18463 14:14:06.266315 select(6, [5], NULL, NULL, {60, 0}) = 1 (in [5], left {60, 0})
18463 14:14:06.266332 accept(5, {sa_family=AF_INET, sin_port=htons(41690), sin_addr=inet_addr("127.0.0.1")}, [16]) = 6
18463 14:14:06.266354 write(4, "\1", 1) = 1
18463 14:14:06.266366 sendmsg(4, {msg_name(0)=NULL, msg_iov(1)=[{"\0", 1}], msg_controllen=16, {cmsg_len=16, cmsg_level=SOL_SOCKET, cmsg_type=SCM_RIGHTS, {6}}, msg_flags=0}, 0) = 1
18463 14:14:06.266382 close(6)          = 0
18463 14:14:06.266392 read(4,  <unfinished ...>
18465 14:14:06.266399 read(5, "\1", 1)  = 1
