18166 14:11:04.253730 fcntl64(3, F_SETLK64, {type=F_UNLCK, whence=SEEK_SET, start=0, len=0}, 0xbfbe759c) = 0
18166 14:11:04.253744 write(0, "226 Transfer complete.\r\n", 24) = 24
18166 14:11:04.253759 write(5, "\n", 1) = 1
18166 14:11:04.253770 read(5,  <unfinished ...>
18164 14:11:04.253777 close(6)          = 0
18164 14:11:04.253853 read(4, "\n", 1)  = 1
18164 14:11:04.253866 close(5)          = 0
18164 14:11:04.253877 write(4, "\1", 1) = 1
18166 14:11:04.253888 <... read resumed> "\1", 1) = 1
18166 14:11:04.253895 close(4)          = 0
18166 14:11:04.253906 rt_sigaction(SIGALRM, {0x805cad0, ~[RTMIN RT_1], 0}, NULL, 8) = 0
18166 14:11:04.253919 alarm(300)        = 0
18166 14:11:04.253930 recv(0,  <unfinished ...>
18164 14:11:04.253938 read(4,  <unfinished ...>
18163 14:11:04.341320 <... recv resumed> "TYPE I\r\n", 4096, MSG_PEEK) = 8
18163 14:11:04.341390 read(0, "TYPE I\r\n", 8) = 8
18163 14:11:04.341450 write(0, "200 Switching to Binary mode.\r\n", 31) = 31
18163 14:11:04.341525 rt_sigaction(SIGALRM, {0x805cad0, ~[RTMIN RT_1], 0}, NULL, 8) = 0
18163 14:11:04.341554 alarm(300)        = 299
18163 14:11:04.341572 recv(0, "PASV\r\n", 4096, MSG_PEEK) = 6
18163 14:11:04.341584 read(0, "PASV\r\n", 6) = 6
18163 14:11:04.341596 write(5, "\n", 1 <unfinished ...>
18161 14:11:04.341608 <... read resumed> "\n", 1) = 1
18163 14:11:04.341613 <... write resumed> ) = 1
18161 14:11:04.341620 write(4, "\1", 1) = 1
18161 14:11:04.341631 read(4,  <unfinished ...>
18163 14:11:04.341638 read(5, "\1", 1)  = 1
18163 14:11:04.341649 write(5, "\f", 1 <unfinished ...>
18161 14:11:04.341656 <... read resumed> "\f", 1) = 1
18163 14:11:04.341661 <... write resumed> ) = 1
18161 14:11:04.341668 socket(PF_INET, SOCK_STREAM, IPPROTO_TCP) = 5
18161 14:11:04.341684 setsockopt(5, SOL_SOCKET, SO_REUSEADDR, [1], 4) = 0
18161 14:11:04.341698 bind(5, {sa_family=AF_INET, sin_port=htons(10128), sin_addr=inet_addr("127.0.0.1")}, 16) = 0
18161 14:11:04.341715 listen(5, 1)      = 0
18161 14:11:04.341729 write(4, "\220\'\0\0", 4) = 4
18161 14:11:04.341739 read(4,  <unfinished ...>
18163 14:11:04.341746 read(5, "\220\'\0\0", 4) = 4
18163 14:11:04.341762 write(0, "227 Entering Passive Mode (127,0,0,1,39,144).\r\n", 47) = 47
18163 14:11:04.341874 rt_sigaction(SIGALRM, {0x805cad0, ~[RTMIN RT_1], 0}, NULL, 8) = 0
18163 14:11:04.341891 alarm(300)        = 300
18163 14:11:04.341902 recv(0, "STOR myfile4\r\n", 4096, MSG_PEEK) = 14
18163 14:11:04.341915 read(0, "STOR myfile4\r\n", 14) = 14
18163 14:11:04.341928 write(5, "\v", 1 <unfinished ...>
18161 14:11:04.341936 <... read resumed> "\v", 1) = 1
18163 14:11:04.341941 <... write resumed> ) = 1
18161 14:11:04.341947 write(4, "\1\0\0\0", 4) = 4
18161 14:11:04.341958 read(4,  <unfinished ...>
18163 14:11:04.341964 read(5, "\1\0\0\0", 4) = 4
18163 14:11:04.341976 gettimeofday({1495649464, 341980}, NULL) = 0
18163 14:11:04.341987 getcwd("/home/msfadmin", 4096) = 15
18163 14:11:04.341999 open("myfile4", O_WRONLY|O_CREAT|O_NONBLOCK|O_LARGEFILE, 0666) = 4
18163 14:11:04.342013 fstat64(4, {st_mode=S_IFREG|0644, st_size=17, ...}) = 0
18163 14:11:04.342031 fcntl64(4, F_GETFL) = 0x8801 (flags O_WRONLY|O_NONBLOCK|O_LARGEFILE)
18163 14:11:04.342042 fcntl64(4, F_SETFL, O_WRONLY|O_LARGEFILE) = 0
18163 14:11:04.342052 fcntl64(4, F_SETLKW64, {type=F_WRLCK, whence=SEEK_SET, start=0, len=0}, 0xbfa78464) = 0
18163 14:11:04.342066 ftruncate64(4, 0) = 0
18163 14:11:04.342086 _llseek(4, 0, [0], SEEK_SET) = 0
18163 14:11:04.342097 write(5, "\v", 1 <unfinished ...>
18161 14:11:04.342104 <... read resumed> "\v", 1) = 1
18163 14:11:04.342109 <... write resumed> ) = 1
18161 14:11:04.342115 write(4, "\1\0\0\0", 4) = 4
18161 14:11:04.342126 read(4,  <unfinished ...>
18163 14:11:04.342133 read(5, "\1\0\0\0", 4) = 4
18163 14:11:04.342187 write(5, "\v", 1 <unfinished ...>
18161 14:11:04.342200 <... read resumed> "\v", 1) = 1
18163 14:11:04.342205 <... write resumed> ) = 1
18161 14:11:04.342212 write(4, "\1\0\0\0", 4) = 4
18161 14:11:04.342223 read(4,  <unfinished ...>
18163 14:11:04.342230 read(5, "\1\0\0\0", 4) = 4
18163 14:11:04.342241 write(5, "\r", 1 <unfinished ...>
18161 14:11:04.342255 <... read resumed> "\r", 1) = 1
18163 14:11:04.342260 <... write resumed> ) = 1
18161 14:11:04.342267 select(6, [5], NULL, NULL, {60, 0}) = 1 (in [5], left {60, 0})
18161 14:11:04.342284 accept(5, {sa_family=AF_INET, sin_port=htons(39084), sin_addr=inet_addr("127.0.0.1")}, [16]) = 6
18161 14:11:04.342308 write(4, "\1", 1) = 1
18161 14:11:04.342320 sendmsg(4, {msg_name(0)=NULL, msg_iov(1)=[{"\0", 1}], msg_controllen=16, {cmsg_len=16, cmsg_level=SOL_SOCKET, cmsg_type=SCM_RIGHTS, {6}}, msg_flags=0}, 0) = 1
18161 14:11:04.342339 close(6)          = 0
18161 14:11:04.342349 read(4,  <unfinished ...>
18163 14:11:04.342356 read(5, "\1", 1)  = 1
18163 14:11:04.342369 recvmsg(5, {msg_name(0)=NULL, msg_iov(1)=[{"\0", 1}], msg_controllen=16, {cmsg_len=16, cmsg_level=SOL_SOCKET, cmsg_type=SCM_RIGHTS, {6}}, msg_flags=0}, 0) = 1
18163 14:11:04.342387 setsockopt(6, SOL_SOCKET, SO_KEEPALIVE, [1], 4) = 0
18163 14:11:04.342400 setsockopt(6, SOL_IP, IP_TOS, [8], 4) = 0
18163 14:11:04.342413 setsockopt(6, SOL_SOCKET, SO_LINGER, {onoff=1, linger=32767}, 8) = 0
18163 14:11:04.342424 rt_sigaction(SIGALRM, {0x805cad0, ~[RTMIN RT_1], 0}, NULL, 8) = 0
18163 14:11:04.342438 alarm(300)        = 300
18163 14:11:04.342451 write(0, "150 Ok to send data.\r\n", 22) = 22
18163 14:11:04.342520 read(6, "assasaaa\na\na\na\na\n", 65536) = 17
18163 14:11:04.342535 write(4, "assasaaa\na\na\na\na\n", 17) = 17
18163 14:11:04.342552 read(6, "", 65536) = 0
18163 14:11:04.342563 rt_sigaction(SIGALRM, {0x805cad0, ~[RTMIN RT_1], 0}, NULL, 8) = 0
18163 14:11:04.342577 alarm(300)        = 300
18163 14:11:04.342587 close(6)          = 0
18163 14:11:04.342605 alarm(0)          = 300
18163 14:11:04.342615 gettimeofday({1495649464, 342619}, NULL) = 0
18163 14:11:04.342631 gettimeofday({1495649464, 342635}, NULL) = 0
18163 14:11:04.342646 fcntl64(3, F_SETLKW64, {type=F_WRLCK, whence=SEEK_SET, start=0, len=0}, 0xbfa78404) = 0
18163 14:11:04.342661 write(3, "Wed May 24 14:11:04 2017 [pid 18163] [msfadmin] OK UPLOAD: Client \"127.0.0.1\", \"/home/msfadmin/myfile4\", 17 bytes, 25.35Kbyte/sec\n", 130) = 130
18163 14:11:04.342683 fcntl64(3, F_SETLK64, {type=F_UNLCK, whence=SEEK_SET, start=0, len=0}, 0xbfa7840c) = 0
18163 14:11:04.342698 write(0, "226 Transfer complete.\r\n", 24) = 24
18163 14:11:04.342742 write(5, "\n", 1 <unfinished ...>
18161 14:11:04.342752 <... read resumed> "\n", 1) = 1
18163 14:11:04.342757 <... write resumed> ) = 1
18161 14:11:04.342763 close(5)          = 0
18161 14:11:04.342775 write(4, "\1", 1) = 1
18161 14:11:04.342786 read(4,  <unfinished ...>
18163 14:11:04.342794 read(5, "\1", 1)  = 1
18163 14:11:04.342805 close(4)          = 0
18163 14:11:04.342816 rt_sigaction(SIGALRM, {0x805cad0, ~[RTMIN RT_1], 0}, NULL, 8) = 0
18163 14:11:04.342829 alarm(300)        = 0
18163 14:11:04.342841 recv(0,  <unfinished ...>
18166 14:11:04.830746 <... recv resumed> "USER msfadmin\r\n", 4096, MSG_PEEK) = 15
18166 14:11:04.830844 read(0, "USER msfadmin\r\n", 15) = 15
18166 14:11:04.830926 write(0, "331 Any password will do.\r\n", 27) = 27
18166 14:11:04.831009 rt_sigaction(SIGALRM, {0x805cad0, ~[RTMIN RT_1], 0}, NULL, 8) = 0
18166 14:11:04.831040 alarm(300)        = 299
18166 14:11:04.831064 recv(0, "PASS msfadmin\r\n", 4096, MSG_PEEK) = 15
18166 14:11:04.831077 read(0, "PASS msfadmin\r\n", 15) = 15
18166 14:11:04.831093 write(0, "230 Already logged in.\r\n", 24) = 24
18166 14:11:04.831155 rt_sigaction(SIGALRM, {0x805cad0, ~[RTMIN RT_1], 0}, NULL, 8) = 0
18166 14:11:04.831171 alarm(300)        = 300
18166 14:11:04.831182 recv(0, "TYPE I\r\n", 4096, MSG_PEEK) = 8
18166 14:11:04.831193 read(0, "TYPE I\r\n", 8) = 8
18166 14:11:04.831208 write(0, "200 Switching to Binary mode.\r\n", 31) = 31
18166 14:11:04.831244 rt_sigaction(SIGALRM, {0x805cad0, ~[RTMIN RT_1], 0}, NULL, 8) = 0
18166 14:11:04.831258 alarm(300)        = 300
18166 14:11:04.831270 recv(0, "PASV\r\n", 4096, MSG_PEEK) = 6
18166 14:11:04.831281 read(0, "PASV\r\n", 6) = 6
18166 14:11:04.831292 write(5, "\n", 1) = 1
18166 14:11:04.831304 read(5,  <unfinished ...>
18164 14:11:04.831313 <... read resumed> "\n", 1) = 1
18164 14:11:04.831330 write(4, "\1", 1) = 1
18166 14:11:04.831341 <... read resumed> "\1", 1) = 1
18166 14:11:04.831349 write(5, "\f", 1) = 1
18166 14:11:04.831358 read(5,  <unfinished ...>
18164 14:11:04.831365 read(4, "\f", 1)  = 1
18164 14:11:04.831377 socket(PF_INET, SOCK_STREAM, IPPROTO_TCP) = 5
18164 14:11:04.831393 setsockopt(5, SOL_SOCKET, SO_REUSEADDR, [1], 4) = 0
18164 14:11:04.831407 bind(5, {sa_family=AF_INET, sin_port=htons(15703), sin_addr=inet_addr("127.0.0.1")}, 16) = 0
18164 14:11:04.831424 listen(5, 1)      = 0
18164 14:11:04.831437 write(4, "W=\0\0", 4) = 4
18166 14:11:04.831448 <... read resumed> "W=\0\0", 4) = 4
18166 14:11:04.831460 write(0, "227 Entering Passive Mode (127,0,0,1,61,87).\r\n", 46) = 46
18166 14:11:04.831573 rt_sigaction(SIGALRM, {0x805cad0, ~[RTMIN RT_1], 0}, NULL, 8) = 0
18166 14:11:04.831629 alarm(300)        = 300
18166 14:11:04.831642 recv(0, "RETR myfile0\r\n", 4096, MSG_PEEK) = 14
18166 14:11:04.831669 read(0, "RETR myfile0\r\n", 14) = 14
18166 14:11:04.831682 write(5, "\v", 1) = 1
18166 14:11:04.831692 read(5,  <unfinished ...>
18164 14:11:04.831699 read(4, "\v", 1)  = 1
18164 14:11:04.831710 write(4, "\1\0\0\0", 4) = 4
18166 14:11:04.831721 <... read resumed> "\1\0\0\0", 4) = 4
18166 14:11:04.831729 gettimeofday({1495649464, 831732}, NULL) = 0
18166 14:11:04.831740 getcwd("/home/msfadmin", 4096) = 15
18166 14:11:04.831752 open("myfile0", O_RDONLY|O_NONBLOCK|O_LARGEFILE) = 4
18166 14:11:04.831766 fcntl64(4, F_SETLKW64, {type=F_RDLCK, whence=SEEK_SET, start=0, len=0}, 0xbfbe75f4) = 0
18166 14:11:04.831781 fstat64(4, {st_mode=S_IFREG|0644, st_size=17, ...}) = 0
18166 14:11:04.831798 fcntl64(4, F_GETFL) = 0x8800 (flags O_RDONLY|O_NONBLOCK|O_LARGEFILE)
18166 14:11:04.831809 fcntl64(4, F_SETFL, O_RDONLY|O_LARGEFILE) = 0
18166 14:11:04.831820 write(5, "\v", 1) = 1
18166 14:11:04.831831 read(5,  <unfinished ...>
18164 14:11:04.831838 read(4, "\v", 1)  = 1
18164 14:11:04.831849 write(4, "\1\0\0\0", 4) = 4
18166 14:11:04.831859 <... read resumed> "\1\0\0\0", 4) = 4
18166 14:11:04.831866 write(5, "\v", 1) = 1
18166 14:11:04.831876 read(5,  <unfinished ...>
18164 14:11:04.831882 read(4, "\v", 1)  = 1
18164 14:11:04.831893 write(4, "\1\0\0\0", 4) = 4
18166 14:11:04.831903 <... read resumed> "\1\0\0\0", 4) = 4
18166 14:11:04.831910 write(5, "\r", 1) = 1
18166 14:11:04.831920 read(5,  <unfinished ...>
18164 14:11:04.831926 read(4, "\r", 1)  = 1
18164 14:11:04.831938 select(6, [5], NULL, NULL, {60, 0}) = 1 (in [5], left {60, 0})
18164 14:11:04.831955 accept(5, {sa_family=AF_INET, sin_port=htons(54116), sin_addr=inet_addr("127.0.0.1")}, [16]) = 6
18164 14:11:04.831977 write(4, "\1", 1) = 1
18166 14:11:04.831987 <... read resumed> "\1", 1) = 1
18166 14:11:04.831995 recvmsg(5,  <unfinished ...>
18164 14:11:04.832004 sendmsg(4, {msg_name(0)=NULL, msg_iov(1)=[{"\0", 1}], msg_controllen=16, {cmsg_len=16, cmsg_level=SOL_SOCKET, cmsg_type=SCM_RIGHTS, {6}}, msg_flags=0}, 0) = 1
18166 14:11:04.832021 <... recvmsg resumed> {msg_name(0)=NULL, msg_iov(1)=[{"\0", 1}], msg_controllen=16, {cmsg_len=16, cmsg_level=SOL_SOCKET, cmsg_type=SCM_RIGHTS, {6}}, msg_flags=0}, 0) = 1
18166 14:11:04.832034 setsockopt(6, SOL_SOCKET, SO_KEEPALIVE, [1], 4) = 0
18166 14:11:04.832046 setsockopt(6, SOL_IP, IP_TOS, [8], 4) = 0
18166 14:11:04.832058 setsockopt(6, SOL_SOCKET, SO_LINGER, {onoff=1, linger=32767}, 8) = 0
18166 14:11:04.832069 rt_sigaction(SIGALRM, {0x805cad0, ~[RTMIN RT_1], 0}, NULL, 8) = 0
18166 14:11:04.832082 alarm(300)        = 300
18166 14:11:04.832096 write(0, "150 Opening BINARY mode data connection for myfile0 (17 bytes).\r\n", 65) = 65
18166 14:11:04.832138 _llseek(4, 0, [0], SEEK_CUR) = 0
18166 14:11:04.832150 fstat64(4, {st_mode=S_IFREG|0644, st_size=17, ...}) = 0
18166 14:11:04.832167 _llseek(4, 0, [0], SEEK_SET) = 0
18166 14:11:04.832177 sendfile(6, 4, NULL, 17) = 17
18166 14:11:04.832207 rt_sigaction(SIGALRM, {0x805cad0, ~[RTMIN RT_1], 0}, NULL, 8) = 0
18166 14:11:04.832221 alarm(300)        = 300
18166 14:11:04.832231 close(6)          = 0
18166 14:11:04.832240 alarm(0)          = 300
18166 14:11:04.832254 gettimeofday({1495649464, 832258}, NULL) = 0
18166 14:11:04.832270 gettimeofday({1495649464, 832274}, NULL) = 0
18166 14:11:04.832284 fcntl64(3, F_SETLKW64, {type=F_WRLCK, whence=SEEK_SET, start=0, len=0}, 0xbfbe7594) = 0
18166 14:11:04.832298 write(3, "Wed May 24 14:11:04 2017 [pid 18166] [msfadmin] OK DOWNLOAD: Client \"127.0.0.1\", \"/home/msfadmin/myfile0\", 17 bytes, 30.63Kbyte/sec\n", 132) = 132
18166 14:11:04.832320 fcntl64(3, F_SETLK64, {type=F_UNLCK, whence=SEEK_SET, start=0, len=0}, 0xbfbe759c) = 0
18166 14:11:04.832333 write(0, "226 Transfer complete.\r\n", 24) = 24
18166 14:11:04.832348 write(5, "\n", 1) = 1
18166 14:11:04.832359 read(5,  <unfinished ...>
18164 14:11:04.832366 close(6)          = 0
18164 14:11:04.832447 read(4, "\n", 1)  = 1
18164 14:11:04.832460 close(5)          = 0
18164 14:11:04.832471 write(4, "\1", 1) = 1
18166 14:11:04.832482 <... read resumed> "\1", 1) = 1
18166 14:11:04.832489 close(4)          = 0
18166 14:11:04.832500 rt_sigaction(SIGALRM, {0x805cad0, ~[RTMIN RT_1], 0}, NULL, 8) = 0
18166 14:11:04.832513 alarm(300)        = 0
18166 14:11:04.832524 recv(0,  <unfinished ...>
18164 14:11:04.832531 read(4,  <unfinished ...>
18163 14:11:04.860366 <... recv resumed> "TYPE I\r\n", 4096, MSG_PEEK) = 8
18163 14:11:04.860397 read(0, "TYPE I\r\n", 8) = 8
18163 14:11:04.860418 write(0, "200 Switching to Binary mode.\r\n", 31) = 31
18163 14:11:04.860465 rt_sigaction(SIGALRM, {0x805cad0, ~[RTMIN RT_1], 0}, NULL, 8) = 0
18163 14:11:04.860483 alarm(300)        = 299
18163 14:11:04.860496 recv(0, "PASV\r\n", 4096, MSG_PEEK) = 6
18163 14:11:04.860507 read(0, "PASV\r\n", 6) = 6
18163 14:11:04.860519 write(5, "\n", 1 <unfinished ...>
18161 14:11:04.860530 <... read resumed> "\n", 1) = 1
18163 14:11:04.860535 <... write resumed> ) = 1
18161 14:11:04.860542 write(4, "\1", 1) = 1
18161 14:11:04.860553 read(4,  <unfinished ...>
18163 14:11:04.860560 read(5, "\1", 1)  = 1
18163 14:11:04.860570 write(5, "\f", 1 <unfinished ...>
18161 14:11:04.860577 <... read resumed> "\f", 1) = 1
18163 14:11:04.860582 <... write resumed> ) = 1
18161 14:11:04.860589 socket(PF_INET, SOCK_STREAM, IPPROTO_TCP) = 5
18161 14:11:04.860604 setsockopt(5, SOL_SOCKET, SO_REUSEADDR, [1], 4) = 0
18161 14:11:04.860618 bind(5, {sa_family=AF_INET, sin_port=htons(61698), sin_addr=inet_addr("127.0.0.1")}, 16) = 0
18161 14:11:04.860634 listen(5, 1)      = 0
18161 14:11:04.860647 write(4, "\2\361\0\0", 4) = 4
18161 14:11:04.860658 read(4,  <unfinished ...>
18163 14:11:04.860664 read(5, "\2\361\0\0", 4) = 4
18163 14:11:04.860680 write(0, "227 Entering Passive Mode (127,0,0,1,241,2).\r\n", 46) = 46
18163 14:11:04.860790 rt_sigaction(SIGALRM, {0x805cad0, ~[RTMIN RT_1], 0}, NULL, 8) = 0
18163 14:11:04.860806 alarm(300)        = 300
18163 14:11:04.860818 recv(0, "STOR myfile5\r\n", 4096, MSG_PEEK) = 14
18163 14:11:04.860829 read(0, "STOR myfile5\r\n", 14) = 14
18163 14:11:04.860843 write(5, "\v", 1 <unfinished ...>
18161 14:11:04.860850 <... read resumed> "\v", 1) = 1
18163 14:11:04.860855 <... write resumed> ) = 1
18161 14:11:04.860861 write(4, "\1\0\0\0", 4) = 4
18161 14:11:04.860871 read(4,  <unfinished ...>
18163 14:11:04.860878 read(5, "\1\0\0\0", 4) = 4
18163 14:11:04.860889 gettimeofday({1495649464, 860893}, NULL) = 0
18163 14:11:04.860901 getcwd("/home/msfadmin", 4096) = 15
18163 14:11:04.860913 open("myfile5", O_WRONLY|O_CREAT|O_NONBLOCK|O_LARGEFILE, 0666) = 4
18163 14:11:04.860926 fstat64(4, {st_mode=S_IFREG|0644, st_size=17, ...}) = 0
18163 14:11:04.860943 fcntl64(4, F_GETFL) = 0x8801 (flags O_WRONLY|O_NONBLOCK|O_LARGEFILE)
18163 14:11:04.860954 fcntl64(4, F_SETFL, O_WRONLY|O_LARGEFILE) = 0
18163 14:11:04.860964 fcntl64(4, F_SETLKW64, {type=F_WRLCK, whence=SEEK_SET, start=0, len=0}, 0xbfa78464) = 0
18163 14:11:04.860978 ftruncate64(4, 0) = 0
18163 14:11:04.860997 _llseek(4, 0, [0], SEEK_SET) = 0
18163 14:11:04.861008 write(5, "\v", 1 <unfinished ...>
18161 14:11:04.861015 <... read resumed> "\v", 1) = 1
18163 14:11:04.861019 <... write resumed> ) = 1
18161 14:11:04.861025 write(4, "\1\0\0\0", 4) = 4
18161 14:11:04.861080 read(4,  <unfinished ...>
18163 14:11:04.861089 read(5, "\1\0\0\0", 4) = 4
18163 14:11:04.861111 write(5, "\v", 1 <unfinished ...>
18161 14:11:04.861127 <... read resumed> "\v", 1) = 1
18163 14:11:04.861131 <... write resumed> ) = 1
18161 14:11:04.861137 write(4, "\1\0\0\0", 4) = 4
18161 14:11:04.861147 read(4,  <unfinished ...>
18163 14:11:04.861153 read(5, "\1\0\0\0", 4) = 4
18163 14:11:04.861164 write(5, "\r", 1 <unfinished ...>
18161 14:11:04.861171 <... read resumed> "\r", 1) = 1
18163 14:11:04.861175 <... write resumed> ) = 1
18161 14:11:04.861182 select(6, [5], NULL, NULL, {60, 0}) = 1 (in [5], left {60, 0})
18161 14:11:04.861207 accept(5, {sa_family=AF_INET, sin_port=htons(51038), sin_addr=inet_addr("127.0.0.1")}, [16]) = 6
18161 14:11:04.861229 write(4, "\1", 1) = 1
18161 14:11:04.861241 sendmsg(4, {msg_name(0)=NULL, msg_iov(1)=[{"\0", 1}], msg_controllen=16, {cmsg_len=16, cmsg_level=SOL_SOCKET, cmsg_type=SCM_RIGHTS, {6}}, msg_flags=0}, 0) = 1
18161 14:11:04.861257 close(6)          = 0
18161 14:11:04.861267 read(4,  <unfinished ...>
18163 14:11:04.861274 read(5, "\1", 1)  = 1
18163 14:11:04.861286 recvmsg(5, {msg_name(0)=NULL, msg_iov(1)=[{"\0", 1}], msg_controllen=16, {cmsg_len=16, cmsg_level=SOL_SOCKET, cmsg_type=SCM_RIGHTS, {6}}, msg_flags=0}, 0) = 1
18163 14:11:04.861304 setsockopt(6, SOL_SOCKET, SO_KEEPALIVE, [1], 4) = 0
18163 14:11:04.861316 setsockopt(6, SOL_IP, IP_TOS, [8], 4) = 0
18163 14:11:04.861328 setsockopt(6, SOL_SOCKET, SO_LINGER, {onoff=1, linger=32767}, 8) = 0
18163 14:11:04.861339 rt_sigaction(SIGALRM, {0x805cad0, ~[RTMIN RT_1], 0}, NULL, 8) = 0
18163 14:11:04.861352 alarm(300)        = 300
18163 14:11:04.861365 write(0, "150 Ok to send data.\r\n", 22) = 22
18163 14:11:04.861430 read(6, "assasaaa\na\na\na\na\n", 65536) = 17
18163 14:11:04.861444 write(4, "assasaaa\na\na\na\na\n", 17) = 17
18163 14:11:04.861461 read(6, "", 65536) = 0
18163 14:11:04.861472 rt_sigaction(SIGALRM, {0x805cad0, ~[RTMIN RT_1], 0}, NULL, 8) = 0
18163 14:11:04.861485 alarm(300)        = 300
18163 14:11:04.861495 close(6)          = 0
18163 14:11:04.861512 alarm(0)          = 300
18163 14:11:04.861522 gettimeofday({1495649464, 861525}, NULL) = 0
18163 14:11:04.861537 gettimeofday({1495649464, 861541}, NULL) = 0
18163 14:11:04.861551 fcntl64(3, F_SETLKW64, {type=F_WRLCK, whence=SEEK_SET, start=0, len=0}, 0xbfa78404) = 0
18163 14:11:04.861565 write(3, "Wed May 24 14:11:04 2017 [pid 18163] [msfadmin] OK UPLOAD: Client \"127.0.0.1\", \"/home/msfadmin/myfile5\", 17 bytes, 25.62Kbyte/sec\n", 130) = 130
18163 14:11:04.861587 fcntl64(3, F_SETLK64, {type=F_UNLCK, whence=SEEK_SET, start=0, len=0}, 0xbfa7840c) = 0
18163 14:11:04.861601 write(0, "226 Transfer complete.\r\n", 24) = 24
18163 14:11:04.861643 write(5, "\n", 1 <unfinished ...>
18161 14:11:04.861652 <... read resumed> "\n", 1) = 1
18163 14:11:04.861657 <... write resumed> ) = 1
18161 14:11:04.861663 close(5)          = 0
18161 14:11:04.861675 write(4, "\1", 1) = 1
18161 14:11:04.861685 read(4,  <unfinished ...>
18163 14:11:04.861692 read(5, "\1", 1)  = 1
18163 14:11:04.861703 close(4)          = 0
18163 14:11:04.861713 rt_sigaction(SIGALRM, {0x805cad0, ~[RTMIN RT_1], 0}, NULL, 8) = 0
18163 14:11:04.861726 alarm(300)        = 0
18163 14:11:04.861737 recv(0, "TYPE I\r\n", 4096, MSG_PEEK) = 8
18163 14:11:05.400389 read(0, "TYPE I\r\n", 8) = 8
18163 14:11:05.400417 write(0, "200 Switching to Binary mode.\r\n", 31) = 31
18163 14:11:05.400467 rt_sigaction(SIGALRM, {0x805cad0, ~[RTMIN RT_1], 0}, NULL, 8) = 0
18163 14:11:05.400485 alarm(300)        = 299
18163 14:11:05.400498 recv(0, "PASV\r\n", 4096, MSG_PEEK) = 6
18163 14:11:05.400510 read(0, "PASV\r\n", 6) = 6
18163 14:11:05.400523 write(5, "\n", 1 <unfinished ...>
18161 14:11:05.400534 <... read resumed> "\n", 1) = 1
18163 14:11:05.400539 <... write resumed> ) = 1
18161 14:11:05.400547 write(4, "\1", 1) = 1
18161 14:11:05.400558 read(4,  <unfinished ...>
18163 14:11:05.400565 read(5, "\1", 1)  = 1
18163 14:11:05.400577 write(5, "\f", 1 <unfinished ...>
18161 14:11:05.400584 <... read resumed> "\f", 1) = 1
18163 14:11:05.400596 <... write resumed> ) = 1
18161 14:11:05.400604 socket(PF_INET, SOCK_STREAM, IPPROTO_TCP) = 5
18161 14:11:05.400620 setsockopt(5, SOL_SOCKET, SO_REUSEADDR, [1], 4) = 0
18161 14:11:05.400635 bind(5, {sa_family=AF_INET, sin_port=htons(14233), sin_addr=inet_addr("127.0.0.1")}, 16) = 0
18161 14:11:05.400652 listen(5, 1)      = 0
18161 14:11:05.400666 write(4, "\2317\0\0", 4) = 4
18161 14:11:05.400677 read(4,  <unfinished ...>
18163 14:11:05.400684 read(5, "\2317\0\0", 4) = 4
18163 14:11:05.400701 write(0, "227 Entering Passive Mode (127,0,0,1,55,153).\r\n", 47) = 47
18163 14:11:05.400817 rt_sigaction(SIGALRM, {0x805cad0, ~[RTMIN RT_1], 0}, NULL, 8) = 0
18163 14:11:05.400834 alarm(300)        = 300
18163 14:11:05.400846 recv(0, "STOR myfile6\r\n", 4096, MSG_PEEK) = 14
18163 14:11:05.400859 read(0, "STOR myfile6\r\n", 14) = 14
18163 14:11:05.400873 write(5, "\v", 1 <unfinished ...>
18161 14:11:05.400881 <... read resumed> "\v", 1) = 1
18163 14:11:05.400886 <... write resumed> ) = 1
18161 14:11:05.400892 write(4, "\1\0\0\0", 4) = 4
18161 14:11:05.400903 read(4,  <unfinished ...>
18163 14:11:05.400910 read(5, "\1\0\0\0", 4) = 4
18163 14:11:05.400922 gettimeofday({1495649465, 400926}, NULL) = 0
18163 14:11:05.400933 getcwd("/home/msfadmin", 4096) = 15
18163 14:11:05.400946 open("myfile6", O_WRONLY|O_CREAT|O_NONBLOCK|O_LARGEFILE, 0666) = 4
18163 14:11:05.400960 fstat64(4, {st_mode=S_IFREG|0644, st_size=17, ...}) = 0
18163 14:11:05.400987 fcntl64(4, F_GETFL) = 0x8801 (flags O_WRONLY|O_NONBLOCK|O_LARGEFILE)
18163 14:11:05.401001 fcntl64(4, F_SETFL, O_WRONLY|O_LARGEFILE) = 0
18163 14:11:05.401011 fcntl64(4, F_SETLKW64, {type=F_WRLCK, whence=SEEK_SET, start=0, len=0}, 0xbfa78464) = 0
18163 14:11:05.401026 ftruncate64(4, 0) = 0
18163 14:11:05.401045 _llseek(4, 0, [0], SEEK_SET) = 0
18163 14:11:05.401057 write(5, "\v", 1 <unfinished ...>
18161 14:11:05.401065 <... read resumed> "\v", 1) = 1
18163 14:11:05.401070 <... write resumed> ) = 1
18161 14:11:05.401076 write(4, "\1\0\0\0", 4) = 4
18161 14:11:05.401087 read(4,  <unfinished ...>
18163 14:11:05.401094 read(5, "\1\0\0\0", 4) = 4
18163 14:11:05.401106 write(5, "\v", 1 <unfinished ...>
18161 14:11:05.401113 <... read resumed> "\v", 1) = 1
18163 14:11:05.401117 <... write resumed> ) = 1
18161 14:11:05.401123 write(4, "\1\0\0\0", 4) = 4
18161 14:11:05.401134 read(4,  <unfinished ...>
18163 14:11:05.401140 read(5, "\1\0\0\0", 4) = 4
18163 14:11:05.401152 write(5, "\r", 1 <unfinished ...>
18161 14:11:05.401159 <... read resumed> "\r", 1) = 1
18163 14:11:05.401164 <... write resumed> ) = 1
18161 14:11:05.401171 select(6, [5], NULL, NULL, {60, 0}) = 1 (in [5], left {60, 0})
18161 14:11:05.401188 accept(5, {sa_family=AF_INET, sin_port=htons(51142), sin_addr=inet_addr("127.0.0.1")}, [16]) = 6
18161 14:11:05.401210 write(4, "\1", 1) = 1
18161 14:11:05.401223 sendmsg(4, {msg_name(0)=NULL, msg_iov(1)=[{"\0", 1}], msg_controllen=16, {cmsg_len=16, cmsg_level=SOL_SOCKET, cmsg_type=SCM_RIGHTS, {6}}, msg_flags=0}, 0) = 1
18161 14:11:05.401240 close(6)          = 0
18161 14:11:05.401250 read(4,  <unfinished ...>
18163 14:11:05.401257 read(5, "\1", 1)  = 1
18163 14:11:05.401270 recvmsg(5, {msg_name(0)=NULL, msg_iov(1)=[{"\0", 1}], msg_controllen=16, {cmsg_len=16, cmsg_level=SOL_SOCKET, cmsg_type=SCM_RIGHTS, {6}}, msg_flags=0}, 0) = 1
18163 14:11:05.401288 setsockopt(6, SOL_SOCKET, SO_KEEPALIVE, [1], 4) = 0
18163 14:11:05.401301 setsockopt(6, SOL_IP, IP_TOS, [8], 4) = 0
18163 14:11:05.401313 setsockopt(6, SOL_SOCKET, SO_LINGER, {onoff=1, linger=32767}, 8) = 0
18163 14:11:05.401325 rt_sigaction(SIGALRM, {0x805cad0, ~[RTMIN RT_1], 0}, NULL, 8) = 0
18163 14:11:05.401338 alarm(300)        = 300
18163 14:11:05.401351 write(0, "150 Ok to send data.\r\n", 22) = 22
18163 14:11:05.401419 read(6, "assasaaa\na\na\na\na\n", 65536) = 17
18163 14:11:05.401433 write(4, "assasaaa\na\na\na\na\n", 17) = 17
18163 14:11:05.401450 read(6, "", 65536) = 0
18163 14:11:05.401461 rt_sigaction(SIGALRM, {0x805cad0, ~[RTMIN RT_1], 0}, NULL, 8) = 0
18163 14:11:05.401475 alarm(300)        = 300
18163 14:11:05.401487 close(6)          = 0
18163 14:11:05.401506 alarm(0)          = 300
18163 14:11:05.401516 gettimeofday({1495649465, 401520}, NULL) = 0
18163 14:11:05.401532 gettimeofday({1495649465, 401536}, NULL) = 0
18163 14:11:05.401546 fcntl64(3, F_SETLKW64, {type=F_WRLCK, whence=SEEK_SET, start=0, len=0}, 0xbfa78404) = 0
18163 14:11:05.401561 write(3, "Wed May 24 14:11:05 2017 [pid 18163] [msfadmin] OK UPLOAD: Client \"127.0.0.1\", \"/home/msfadmin/myfile6\", 17 bytes, 27.22Kbyte/sec\n", 130) = 130
18163 14:11:05.401583 fcntl64(3, F_SETLK64, {type=F_UNLCK, whence=SEEK_SET, start=0, len=0}, 0xbfa7840c) = 0
18163 14:11:05.401598 write(0, "226 Transfer complete.\r\n", 24) = 24
18163 14:11:05.401642 write(5, "\n", 1 <unfinished ...>
18161 14:11:05.401651 <... read resumed> "\n", 1) = 1
18163 14:11:05.401656 <... write resumed> ) = 1
18161 14:11:05.401662 close(5)          = 0
18161 14:11:05.401674 write(4, "\1", 1) = 1
18161 14:11:05.401685 read(4,  <unfinished ...>
18163 14:11:05.401692 read(5, "\1", 1)  = 1
18163 14:11:05.401703 close(4)          = 0
18163 14:11:05.401714 rt_sigaction(SIGALRM, {0x805cad0, ~[RTMIN RT_1], 0}, NULL, 8) = 0
18163 14:11:05.401727 alarm(300)        = 0
18163 14:11:05.401738 recv(0,  <unfinished ...>
18166 14:11:05.410335 <... recv resumed> "USER msfadmin\r\n", 4096, MSG_PEEK) = 15
18166 14:11:05.410374 read(0, "USER msfadmin\r\n", 15) = 15
18166 14:11:05.410399 write(0, "331 Any password will do.\r\n", 27) = 27
18166 14:11:05.410445 rt_sigaction(SIGALRM, {0x805cad0, ~[RTMIN RT_1], 0}, NULL, 8) = 0
18166 14:11:05.410462 alarm(300)        = 299
18166 14:11:05.410475 recv(0, "PASS msfadmin\r\n", 4096, MSG_PEEK) = 15
18166 14:11:05.410487 read(0, "PASS msfadmin\r\n", 15) = 15
18166 14:11:05.410503 write(0, "230 Already logged in.\r\n", 24) = 24
18166 14:11:05.410564 rt_sigaction(SIGALRM, {0x805cad0, ~[RTMIN RT_1], 0}, NULL, 8) = 0
18166 14:11:05.410579 alarm(300)        = 300
18166 14:11:05.410591 recv(0, "TYPE I\r\n", 4096, MSG_PEEK) = 8
18166 14:11:05.410602 read(0, "TYPE I\r\n", 8) = 8
18166 14:11:05.410616 write(0, "200 Switching to Binary mode.\r\n", 31) = 31
18166 14:11:05.410652 rt_sigaction(SIGALRM, {0x805cad0, ~[RTMIN RT_1], 0}, NULL, 8) = 0
18166 14:11:05.410666 alarm(300)        = 300
18166 14:11:05.410677 recv(0, "PASV\r\n", 4096, MSG_PEEK) = 6
18166 14:11:05.410688 read(0, "PASV\r\n", 6) = 6
18166 14:11:05.410700 write(5, "\n", 1) = 1
18166 14:11:05.410712 read(5,  <unfinished ...>
18164 14:11:05.410721 <... read resumed> "\n", 1) = 1
18164 14:11:05.410730 write(4, "\1", 1) = 1
18166 14:11:05.410741 <... read resumed> "\1", 1) = 1
18166 14:11:05.410748 write(5, "\f", 1) = 1
18166 14:11:05.410797 read(5,  <unfinished ...>
18164 14:11:05.410804 read(4, "\f", 1)  = 1
18164 14:11:05.410826 socket(PF_INET, SOCK_STREAM, IPPROTO_TCP) = 5
18164 14:11:05.410842 setsockopt(5, SOL_SOCKET, SO_REUSEADDR, [1], 4) = 0
18164 14:11:05.410857 bind(5, {sa_family=AF_INET, sin_port=htons(11475), sin_addr=inet_addr("127.0.0.1")}, 16) = 0
18164 14:11:05.410873 listen(5, 1)      = 0
18164 14:11:05.410887 write(4, "\323,\0\0", 4) = 4
18166 14:11:05.410898 <... read resumed> "\323,\0\0", 4) = 4
18166 14:11:05.410910 write(0, "227 Entering Passive Mode (127,0,0,1,44,211).\r\n", 47) = 47
18166 14:11:05.411024 rt_sigaction(SIGALRM, {0x805cad0, ~[RTMIN RT_1], 0}, NULL, 8) = 0
18166 14:11:05.411041 alarm(300)        = 300
18166 14:11:05.411052 recv(0, "RETR myfile1\r\n", 4096, MSG_PEEK) = 14
18166 14:11:05.411064 read(0, "RETR myfile1\r\n", 14) = 14
18166 14:11:05.411077 write(5, "\v", 1) = 1
18166 14:11:05.411088 read(5,  <unfinished ...>
18164 14:11:05.411095 read(4, "\v", 1)  = 1
18164 14:11:05.411106 write(4, "\1\0\0\0", 4) = 4
18166 14:11:05.411116 <... read resumed> "\1\0\0\0", 4) = 4
18166 14:11:05.411124 gettimeofday({1495649465, 411127}, NULL) = 0
18166 14:11:05.411135 getcwd("/home/msfadmin", 4096) = 15
18166 14:11:05.411147 open("myfile1", O_RDONLY|O_NONBLOCK|O_LARGEFILE) = 4
18166 14:11:05.411160 fcntl64(4, F_SETLKW64, {type=F_RDLCK, whence=SEEK_SET, start=0, len=0}, 0xbfbe75f4) = 0
18166 14:11:05.411176 fstat64(4, {st_mode=S_IFREG|0644, st_size=17, ...}) = 0
18166 14:11:05.411200 fcntl64(4, F_GETFL) = 0x8800 (flags O_RDONLY|O_NONBLOCK|O_LARGEFILE)
18166 14:11:05.411211 fcntl64(4, F_SETFL, O_RDONLY|O_LARGEFILE) = 0
18166 14:11:05.411223 write(5, "\v", 1) = 1
18166 14:11:05.411233 read(5,  <unfinished ...>
18164 14:11:05.411240 read(4, "\v", 1)  = 1
18164 14:11:05.411251 write(4, "\1\0\0\0", 4) = 4
18166 14:11:05.411261 <... read resumed> "\1\0\0\0", 4) = 4
18166 14:11:05.411269 write(5, "\v", 1) = 1
18166 14:11:05.411279 read(5,  <unfinished ...>
18164 14:11:05.411285 read(4, "\v", 1)  = 1
18164 14:11:05.411296 write(4, "\1\0\0\0", 4) = 4
18166 14:11:05.411306 <... read resumed> "\1\0\0\0", 4) = 4
18166 14:11:05.411313 write(5, "\r", 1) = 1
18166 14:11:05.411323 read(5,  <unfinished ...>
18164 14:11:05.411329 read(4, "\r", 1)  = 1
18164 14:11:05.411341 select(6, [5], NULL, NULL, {60, 0}) = 1 (in [5], left {60, 0})
18164 14:11:05.411357 accept(5, {sa_family=AF_INET, sin_port=htons(45049), sin_addr=inet_addr("127.0.0.1")}, [16]) = 6
18164 14:11:05.411379 write(4, "\1", 1) = 1
18166 14:11:05.411389 <... read resumed> "\1", 1) = 1
18166 14:11:05.411397 recvmsg(5,  <unfinished ...>
18164 14:11:05.411406 sendmsg(4, {msg_name(0)=NULL, msg_iov(1)=[{"\0", 1}], msg_controllen=16, {cmsg_len=16, cmsg_level=SOL_SOCKET, cmsg_type=SCM_RIGHTS, {6}}, msg_flags=0}, 0) = 1
18166 14:11:05.411423 <... recvmsg resumed> {msg_name(0)=NULL, msg_iov(1)=[{"\0", 1}], msg_controllen=16, {cmsg_len=16, cmsg_level=SOL_SOCKET, cmsg_type=SCM_RIGHTS, {6}}, msg_flags=0}, 0) = 1
18166 14:11:05.411435 setsockopt(6, SOL_SOCKET, SO_KEEPALIVE, [1], 4) = 0
18166 14:11:05.411447 setsockopt(6, SOL_IP, IP_TOS, [8], 4) = 0
18166 14:11:05.411459 setsockopt(6, SOL_SOCKET, SO_LINGER, {onoff=1, linger=32767}, 8) = 0
18166 14:11:05.411470 rt_sigaction(SIGALRM, {0x805cad0, ~[RTMIN RT_1], 0}, NULL, 8) = 0
18166 14:11:05.411483 alarm(300)        = 300
18166 14:11:05.411497 write(0, "150 Opening BINARY mode data connection for myfile1 (17 bytes).\r\n", 65) = 65
18166 14:11:05.411537 _llseek(4, 0, [0], SEEK_CUR) = 0
18166 14:11:05.411550 fstat64(4, {st_mode=S_IFREG|0644, st_size=17, ...}) = 0
18166 14:11:05.411567 _llseek(4, 0, [0], SEEK_SET) = 0
18166 14:11:05.411577 sendfile(6, 4, NULL, 17) = 17
18166 14:11:05.411608 rt_sigaction(SIGALRM, {0x805cad0, ~[RTMIN RT_1], 0}, NULL, 8) = 0
18166 14:11:05.411622 alarm(300)        = 300
18166 14:11:05.411632 close(6)          = 0
18166 14:11:05.411641 alarm(0)          = 300
18166 14:11:05.411650 gettimeofday({1495649465, 411654}, NULL) = 0
18166 14:11:05.411666 gettimeofday({1495649465, 411670}, NULL) = 0
18166 14:11:05.411680 fcntl64(3, F_SETLKW64, {type=F_WRLCK, whence=SEEK_SET, start=0, len=0}, 0xbfbe7594) = 0
18166 14:11:05.411694 write(3, "Wed May 24 14:11:05 2017 [pid 18166] [msfadmin] OK DOWNLOAD: Client \"127.0.0.1\", \"/home/msfadmin/myfile1\", 17 bytes, 30.57Kbyte/sec\n", 132) = 132
18166 14:11:05.411715 fcntl64(3, F_SETLK64, {type=F_UNLCK, whence=SEEK_SET, start=0, len=0}, 0xbfbe759c) = 0
18166 14:11:05.411755 write(0, "226 Transfer complete.\r\n", 24) = 24
18166 14:11:05.411782 write(5, "\n", 1) = 1
18166 14:11:05.411793 read(5,  <unfinished ...>
18164 14:11:05.411800 close(6)          = 0
18164 14:11:05.411883 read(4, "\n", 1)  = 1
18164 14:11:05.411896 close(5)          = 0
18164 14:11:05.411907 write(4, "\1", 1) = 1
18166 14:11:05.411918 <... read resumed> "\1", 1) = 1
18166 14:11:05.411925 close(4)          = 0
18166 14:11:05.411936 rt_sigaction(SIGALRM, {0x805cad0, ~[RTMIN RT_1], 0}, NULL, 8) = 0
18166 14:11:05.411949 alarm(300)        = 0
18166 14:11:05.411960 recv(0,  <unfinished ...>
18164 14:11:05.411968 read(4,  <unfinished ...>
18166 14:11:05.930398 <... recv resumed> "QUIT\r\n", 4096, MSG_PEEK) = 6
18166 14:11:05.930438 read(0, "QUIT\r\n", 6) = 6
18166 14:11:05.930460 shutdown(0, 0 /* receive */) = 0
18166 14:11:05.930475 fcntl64(0, F_GETFL) = 0x2 (flags O_RDWR)
18166 14:11:05.930486 fcntl64(0, F_SETFL, O_RDWR|O_NONBLOCK) = 0
18166 14:11:05.930497 write(0, "221 Goodbye.\r\n", 14) = 14
18166 14:11:05.930563 fcntl64(0, F_GETFL) = 0x802 (flags O_RDWR|O_NONBLOCK)
18166 14:11:05.930584 fcntl64(0, F_SETFL, O_RDWR) = 0
18166 14:11:05.930595 shutdown(0, 2 /* send and receive */) = 0
18166 14:11:05.930616 exit_group(0)     = ?
18164 14:11:05.930668 <... read resumed> 0xbfbe7687, 1) = ? ERESTARTSYS (To be restarted)
18164 14:11:05.930676 --- SIGCHLD (Child exited) @ 0 (0) ---
18164 14:11:05.930688 alarm(1)          = 0
18164 14:11:05.930699 sigreturn()       = ? (mask now [])
18164 14:11:05.930715 alarm(0)          = 1
18164 14:11:05.930725 wait4(-1, [{WIFEXITED(s) && WEXITSTATUS(s) == 0}], 0, NULL) = 18166
18164 14:11:05.930740 exit_group(0)     = ?
4380  14:11:05.930779 <... select resumed> ) = ? ERESTARTNOHAND (To be restarted)
4380  14:11:05.930786 --- SIGCHLD (Child exited) @ 0 (0) ---
4380  14:11:05.930794 write(4, "\21", 1) = 1
4380  14:11:05.930809 sigreturn()       = ? (mask now [])
4380  14:11:05.930842 select(13, [3 5 6 8 9 10 11 12], NULL, NULL, NULL) = 1 (in [3])
4380  14:11:05.930860 ioctl(3, FIONREAD, [1]) = 0
4380  14:11:05.930874 read(3, "\21", 1) = 1
4380  14:11:05.930887 waitpid(-1, [{WIFEXITED(s) && WEXITSTATUS(s) == 0}], WNOHANG) = 18164
4380  14:11:05.930903 close(-1)         = -1 EBADF (Bad file descriptor)
4380  14:11:05.930919 waitpid(-1, 0xbf9d5dbc, WNOHANG) = 0
4380  14:11:05.930929 select(13, [3 5 6 8 9 10 11 12], NULL, NULL, NULL <unfinished ...>
18163 14:11:05.950467 <... recv resumed> "TYPE I\r\n", 4096, MSG_PEEK) = 8
18163 14:11:05.950497 read(0, "TYPE I\r\n", 8) = 8
18163 14:11:05.950519 write(0, "200 Switching to Binary mode.\r\n", 31) = 31
18163 14:11:05.950566 rt_sigaction(SIGALRM, {0x805cad0, ~[RTMIN RT_1], 0}, NULL, 8) = 0
18163 14:11:05.950584 alarm(300)        = 299
18163 14:11:05.950597 recv(0, "PASV\r\n", 4096, MSG_PEEK) = 6
18163 14:11:05.950608 read(0, "PASV\r\n", 6) = 6
18163 14:11:05.950620 write(5, "\n", 1 <unfinished ...>
18161 14:11:05.950631 <... read resumed> "\n", 1) = 1
18163 14:11:05.950636 <... write resumed> ) = 1
18161 14:11:05.950643 write(4, "\1", 1) = 1
18161 14:11:05.950654 read(4,  <unfinished ...>
18163 14:11:05.950661 read(5, "\1", 1)  = 1
18163 14:11:05.950672 write(5, "\f", 1 <unfinished ...>
18161 14:11:05.950679 <... read resumed> "\f", 1) = 1
18163 14:11:05.950684 <... write resumed> ) = 1
18161 14:11:05.950691 socket(PF_INET, SOCK_STREAM, IPPROTO_TCP) = 5
18161 14:11:05.950706 setsockopt(5, SOL_SOCKET, SO_REUSEADDR, [1], 4) = 0
18161 14:11:05.950721 bind(5, {sa_family=AF_INET, sin_port=htons(22256), sin_addr=inet_addr("127.0.0.1")}, 16) = 0
18161 14:11:05.950737 listen(5, 1)      = 0
18161 14:11:05.950751 write(4, "\360V\0\0", 4) = 4
18161 14:11:05.950761 read(4,  <unfinished ...>
18163 14:11:05.950768 read(5, "\360V\0\0", 4) = 4
18163 14:11:05.950784 write(0, "227 Entering Passive Mode (127,0,0,1,86,240).\r\n", 47) = 47
18163 14:11:05.950895 rt_sigaction(SIGALRM, {0x805cad0, ~[RTMIN RT_1], 0}, NULL, 8) = 0
18163 14:11:05.950911 alarm(300)        = 300
18163 14:11:05.950923 recv(0, "STOR myfile7\r\n", 4096, MSG_PEEK) = 14
18163 14:11:05.950935 read(0, "STOR myfile7\r\n", 14) = 14
18163 14:11:05.950948 write(5, "\v", 1 <unfinished ...>
18161 14:11:05.950956 <... read resumed> "\v", 1) = 1
18163 14:11:05.950961 <... write resumed> ) = 1
18161 14:11:05.950967 write(4, "\1\0\0\0", 4) = 4
18161 14:11:05.950977 read(4,  <unfinished ...>
18163 14:11:05.950984 read(5, "\1\0\0\0", 4) = 4
18163 14:11:05.950996 gettimeofday({1495649465, 950999}, NULL) = 0
18163 14:11:05.951007 getcwd("/home/msfadmin", 4096) = 15
18163 14:11:05.951019 open("myfile7", O_WRONLY|O_CREAT|O_NONBLOCK|O_LARGEFILE, 0666) = 4
18163 14:11:05.951032 fstat64(4, {st_mode=S_IFREG|0644, st_size=17, ...}) = 0
18163 14:11:05.951050 fcntl64(4, F_GETFL) = 0x8801 (flags O_WRONLY|O_NONBLOCK|O_LARGEFILE)
18163 14:11:05.951061 fcntl64(4, F_SETFL, O_WRONLY|O_LARGEFILE) = 0
18163 14:11:05.951071 fcntl64(4, F_SETLKW64, {type=F_WRLCK, whence=SEEK_SET, start=0, len=0}, 0xbfa78464) = 0
18163 14:11:05.951085 ftruncate64(4, 0) = 0
18163 14:11:05.951104 _llseek(4, 0, [0], SEEK_SET) = 0
18163 14:11:05.951115 write(5, "\v", 1 <unfinished ...>
18161 14:11:05.951161 <... read resumed> "\v", 1) = 1
18163 14:11:05.951170 <... write resumed> ) = 1
18161 14:11:05.951176 write(4, "\1\0\0\0", 4) = 4
18161 14:11:05.951197 read(4,  <unfinished ...>
18163 14:11:05.951203 read(5, "\1\0\0\0", 4) = 4
18163 14:11:05.951215 write(5, "\v", 1 <unfinished ...>
18161 14:11:05.951221 <... read resumed> "\v", 1) = 1
18163 14:11:05.951226 <... write resumed> ) = 1
18161 14:11:05.951233 write(4, "\1\0\0\0", 4) = 4
18161 14:11:05.951243 read(4,  <unfinished ...>
18163 14:11:05.951249 read(5, "\1\0\0\0", 4) = 4
18163 14:11:05.951260 write(5, "\r", 1 <unfinished ...>
18161 14:11:05.951267 <... read resumed> "\r", 1) = 1
18163 14:11:05.951272 <... write resumed> ) = 1
18161 14:11:05.951279 select(6, [5], NULL, NULL, {60, 0}) = 1 (in [5], left {60, 0})
18161 14:11:05.951295 accept(5, {sa_family=AF_INET, sin_port=htons(41607), sin_addr=inet_addr("127.0.0.1")}, [16]) = 6
18161 14:11:05.951317 write(4, "\1", 1) = 1
18161 14:11:05.951329 sendmsg(4, {msg_name(0)=NULL, msg_iov(1)=[{"\0", 1}], msg_controllen=16, {cmsg_len=16, cmsg_level=SOL_SOCKET, cmsg_type=SCM_RIGHTS, {6}}, msg_flags=0}, 0) = 1
18161 14:11:05.951345 close(6)          = 0
18161 14:11:05.951355 read(4,  <unfinished ...>
18163 14:11:05.951361 read(5, "\1", 1)  = 1
18163 14:11:05.951374 recvmsg(5, {msg_name(0)=NULL, msg_iov(1)=[{"\0", 1}], msg_controllen=16, {cmsg_len=16, cmsg_level=SOL_SOCKET, cmsg_type=SCM_RIGHTS, {6}}, msg_flags=0}, 0) = 1
18163 14:11:05.951392 setsockopt(6, SOL_SOCKET, SO_KEEPALIVE, [1], 4) = 0
18163 14:11:05.951404 setsockopt(6, SOL_IP, IP_TOS, [8], 4) = 0
18163 14:11:05.951415 setsockopt(6, SOL_SOCKET, SO_LINGER, {onoff=1, linger=32767}, 8) = 0
18163 14:11:05.951426 rt_sigaction(SIGALRM, {0x805cad0, ~[RTMIN RT_1], 0}, NULL, 8) = 0
18163 14:11:05.951439 alarm(300)        = 300
18163 14:11:05.951452 write(0, "150 Ok to send data.\r\n", 22) = 22
18163 14:11:05.951517 read(6, "assasaaa\na\na\na\na\n", 65536) = 17
18163 14:11:05.951531 write(4, "assasaaa\na\na\na\na\n", 17) = 17
18163 14:11:05.951547 read(6, "", 65536) = 0
18163 14:11:05.951557 rt_sigaction(SIGALRM, {0x805cad0, ~[RTMIN RT_1], 0}, NULL, 8) = 0
18163 14:11:05.951571 alarm(300)        = 300
18163 14:11:05.951580 close(6)          = 0
18163 14:11:05.951598 alarm(0)          = 300
18163 14:11:05.951607 gettimeofday({1495649465, 951611}, NULL) = 0
18163 14:11:05.951622 gettimeofday({1495649465, 951626}, NULL) = 0
18163 14:11:05.951636 fcntl64(3, F_SETLKW64, {type=F_WRLCK, whence=SEEK_SET, start=0, len=0}, 0xbfa78404) = 0
18163 14:11:05.951651 write(3, "Wed May 24 14:11:05 2017 [pid 18163] [msfadmin] OK UPLOAD: Client \"127.0.0.1\", \"/home/msfadmin/myfile7\", 17 bytes, 26.48Kbyte/sec\n", 130) = 130
18163 14:11:05.951672 fcntl64(3, F_SETLK64, {type=F_UNLCK, whence=SEEK_SET, start=0, len=0}, 0xbfa7840c) = 0
18163 14:11:05.951686 write(0, "226 Transfer complete.\r\n", 24) = 24
18163 14:11:05.951728 write(5, "\n", 1 <unfinished ...>
18161 14:11:05.951737 <... read resumed> "\n", 1) = 1
18163 14:11:05.951742 <... write resumed> ) = 1
18161 14:11:05.951748 close(5)          = 0
18161 14:11:05.951760 write(4, "\1", 1) = 1
18161 14:11:05.951770 read(4,  <unfinished ...>
18163 14:11:05.951777 read(5, "\1", 1)  = 1
18163 14:11:05.951788 close(4)          = 0
18163 14:11:05.951798 rt_sigaction(SIGALRM, {0x805cad0, ~[RTMIN RT_1], 0}, NULL, 8) = 0
18163 14:11:05.951811 alarm(300)        = 0
18163 14:11:05.951822 recv(0,  <unfinished ...>
