22009 14:51:03.439243 mmap2(NULL, 1624, PROT_READ, MAP_SHARED, 5, 0) = 0xb7f37000
22009 14:51:03.439254 _llseek(5, 1624, [1624], SEEK_SET) = 0
22009 14:51:03.439270 munmap(0xb7f37000, 1624) = 0
22009 14:51:03.439279 close(5)          = 0
22009 14:51:03.439292 open("/etc/shadow", O_RDONLY|0x80000 /* O_??? */) = 5
22009 14:51:03.439328 _llseek(5, 0, [0], SEEK_CUR) = 0
22009 14:51:03.439340 fstat64(5, {st_mode=S_IFREG|0640, st_size=1233, ...}) = 0
22009 14:51:03.439366 mmap2(NULL, 1233, PROT_READ, MAP_SHARED, 5, 0) = 0xb7f37000
22009 14:51:03.439377 _llseek(5, 1233, [1233], SEEK_SET) = 0
22009 14:51:03.439393 munmap(0xb7f37000, 1233) = 0
22009 14:51:03.439403 close(5)          = 0
22009 14:51:03.439637 getuid32()        = 0
22009 14:51:03.439647 open("/etc/passwd", O_RDONLY|0x80000 /* O_??? */) = 5
22009 14:51:03.439660 _llseek(5, 0, [0], SEEK_CUR) = 0
22009 14:51:03.439670 fstat64(5, {st_mode=S_IFREG|0644, st_size=1624, ...}) = 0
22009 14:51:03.439686 mmap2(NULL, 1624, PROT_READ, MAP_SHARED, 5, 0) = 0xb7f37000
22009 14:51:03.439697 _llseek(5, 1624, [1624], SEEK_SET) = 0
22009 14:51:03.439712 munmap(0xb7f37000, 1624) = 0
22009 14:51:03.439721 close(5)          = 0
22009 14:51:03.439734 open("/etc/shadow", O_RDONLY|0x80000 /* O_??? */) = 5
22009 14:51:03.439747 _llseek(5, 0, [0], SEEK_CUR) = 0
22009 14:51:03.439757 fstat64(5, {st_mode=S_IFREG|0640, st_size=1233, ...}) = 0
22009 14:51:03.439773 mmap2(NULL, 1233, PROT_READ, MAP_SHARED, 5, 0) = 0xb7f37000
22009 14:51:03.439783 _llseek(5, 1233, [1233], SEEK_SET) = 0
22009 14:51:03.439799 munmap(0xb7f37000, 1233) = 0
22009 14:51:03.439809 close(5)          = 0
22009 14:51:03.439821 time(NULL)        = 1495651863
22009 14:51:03.439821 munmap(0xb7f34000, 12164) = 0
22009 14:51:03.439821 munmap(0xb7f32000, 7136) = 0
22009 14:51:03.439836 munmap(0xb7d67000, 95428) = 0
22009 14:51:03.439847 munmap(0xb7d2d000, 201052) = 0
22009 14:51:03.439859 munmap(0xb7d14000, 101180) = 0
22009 14:51:03.439875 gettimeofday({1495651863, 439879}, NULL) = 0
22009 14:51:03.439887 stat64("/usr/share/zoneinfo/UTC+04:00", 0xbfc73de4) = -1 ENOENT (No such file or directory)
22009 14:51:03.439902 open("/usr/share/zoneinfo/UTC+04:00", O_RDONLY) = -1 ENOENT (No such file or directory)
22009 14:51:03.439928 fcntl64(3, F_SETLKW64, {type=F_WRLCK, whence=SEEK_SET, start=0, len=0}, 0xbfc73f34) = 0
22009 14:51:03.439948 write(3, "Wed May 24 14:51:03 2017 [pid 22009] [msfadmin] OK LOGIN: Client \"127.0.0.1\"\n", 77) = 77
22009 14:51:03.439965 fcntl64(3, F_SETLK64, {type=F_UNLCK, whence=SEEK_SET, start=0, len=0}, 0xbfc73f3c) = 0
22009 14:51:03.439978 rt_sigaction(SIGCHLD, {0x805cad0, ~[RTMIN RT_1], 0}, NULL, 8) = 0
22009 14:51:03.439992 write(4, "\1", 1 <unfinished ...>
22010 14:51:03.440001 <... read resumed> "\1", 1) = 1
22009 14:51:03.440007 <... write resumed> ) = 1
22010 14:51:03.440014 exit_group(0)     = ?
22009 14:51:03.440041 --- SIGCHLD (Child exited) @ 0 (0) ---
22009 14:51:03.440049 sigreturn()       = ? (mask now [])
22009 14:51:03.440068 wait4(-1, [{WIFEXITED(s) && WEXITSTATUS(s) == 0}], 0, NULL) = 22010
22009 14:51:03.440081 close(4)          = 0
22009 14:51:03.440094 socketpair(PF_FILE, SOCK_STREAM, 0, [4, 5]) = 0
22009 14:51:03.440107 rt_sigaction(SIGCHLD, {0x805cad0, ~[RTMIN RT_1], 0}, NULL, 8) = 0
22009 14:51:03.440121 rt_sigaction(SIGALRM, {0x805cb10, ~[RTMIN RT_1], 0}, NULL, 8) = 0
22009 14:51:03.440135 clone(child_stack=0, flags=CLONE_CHILD_CLEARTID|CLONE_CHILD_SETTID|SIGCHLD, child_tidptr=0xb7d9d6f8) = 22011
22011 14:51:03.440183 prctl(0x1, 0x9, 0, 0, 0) = 0
22011 14:51:03.440213 close(4)          = 0
22011 14:51:03.440254 open("/etc/passwd", O_RDONLY|0x80000 /* O_??? */) = 4
22011 14:51:03.440272 _llseek(4, 0, [0], SEEK_CUR) = 0
22011 14:51:03.440287 fstat64(4, {st_mode=S_IFREG|0644, st_size=1624, ...}) = 0
22011 14:51:03.440305 mmap2(NULL, 1624, PROT_READ, MAP_SHARED, 4, 0) = 0xb7f37000
22011 14:51:03.440317 _llseek(4, 1624, [1624], SEEK_SET) = 0
22011 14:51:03.440339 munmap(0xb7f37000, 1624) = 0
22011 14:51:03.440351 close(4)          = 0
22011 14:51:03.440364 getuid32()        = 0
22011 14:51:03.440375 open("/etc/passwd", O_RDONLY|0x80000 /* O_??? */) = 4
22011 14:51:03.440388 _llseek(4, 0, [0], SEEK_CUR) = 0
22011 14:51:03.440398 fstat64(4, {st_mode=S_IFREG|0644, st_size=1624, ...}) = 0
22011 14:51:03.440414 mmap2(NULL, 1624, PROT_READ, MAP_SHARED, 4, 0) = 0xb7f37000
22011 14:51:03.440425 _llseek(4, 1624, [1624], SEEK_SET) = 0
22011 14:51:03.440441 munmap(0xb7f37000, 1624) = 0
22011 14:51:03.440450 close(4)          = 0
22011 14:51:03.440476 open("/proc/sys/kernel/ngroups_max", O_RDONLY) = 4
22011 14:51:03.440497 read(4, "65536\n", 31) = 6
22011 14:51:03.440509 close(4)          = 0
22011 14:51:03.440523 socket(PF_FILE, SOCK_STREAM, 0) = 4
22011 14:51:03.440535 fcntl64(4, F_SETFL, O_RDWR|O_NONBLOCK) = 0
22011 14:51:03.440546 connect(4, {sa_family=AF_FILE, path="/var/run/nscd/socket"}, 110) = -1 ENOENT (No such file or directory)
22011 14:51:03.440566 close(4)          = 0
22011 14:51:03.440578 socket(PF_FILE, SOCK_STREAM, 0) = 4
22011 14:51:03.440588 fcntl64(4, F_SETFL, O_RDWR|O_NONBLOCK) = 0
22011 14:51:03.440599 connect(4, {sa_family=AF_FILE, path="/var/run/nscd/socket"}, 110) = -1 ENOENT (No such file or directory)
22011 14:51:03.440616 close(4)          = 0
22011 14:51:03.440640 open("/etc/group", O_RDONLY|0x80000 /* O_??? */) = 4
22011 14:51:03.440655 _llseek(4, 0, [0], SEEK_CUR) = 0
22011 14:51:03.440665 fstat64(4, {st_mode=S_IFREG|0644, st_size=886, ...}) = 0
22011 14:51:03.440682 mmap2(NULL, 886, PROT_READ, MAP_SHARED, 4, 0) = 0xb7f37000
22011 14:51:03.440693 _llseek(4, 886, [886], SEEK_SET) = 0
22011 14:51:03.440717 fstat64(4, {st_mode=S_IFREG|0644, st_size=886, ...}) = 0
22011 14:51:03.440734 munmap(0xb7f37000, 886) = 0
22011 14:51:03.440744 close(4)          = 0
22011 14:51:03.440754 setgroups32(13, [1000, 4, 20, 24, 25, 29, 30, 44, 46, 107, 111, 112, 119]) = 0
22011 14:51:03.440771 geteuid32()       = 0
22011 14:51:03.440782 getegid32()       = 0
22011 14:51:03.440792 setregid32(-1, 1000) = 0
22011 14:51:03.440803 setreuid32(-1, 1000) = 0
22011 14:51:03.440814 chdir("/home/msfadmin") = 0
22011 14:51:03.440825 setreuid32(-1, 0) = 0
22011 14:51:03.440835 setregid32(-1, 0) = 0
22011 14:51:03.440845 setgid32(1000)    = 0
22011 14:51:03.440855 setuid32(1000)    = 0
22011 14:51:03.440865 setrlimit(RLIMIT_NPROC, {rlim_cur=0, rlim_max=0}) = 0
22011 14:51:03.440878 mmap2(NULL, 12288, PROT_READ|PROT_WRITE, MAP_PRIVATE|MAP_ANONYMOUS, -1, 0) = 0xb7f35000
22011 14:51:03.440894 mprotect(0xb7f37000, 4096, PROT_NONE) = 0
22011 14:51:03.440905 mprotect(0xb7f35000, 4096, PROT_NONE) = 0
22011 14:51:03.440916 getcwd("/home/msfadmin", 4096) = 15
22011 14:51:03.440929 umask(022)        = 077
22011 14:51:03.440939 getcwd("/home/msfadmin", 4096) = 15
22011 14:51:03.440953 open(".message", O_RDONLY|O_NONBLOCK|O_LARGEFILE) = -1 ENOENT (No such file or directory)
22011 14:51:03.440975 write(0, "230 Login successful.\r\n", 23) = 23
22011 14:51:03.441041 rt_sigaction(SIGALRM, {0x805cad0, ~[RTMIN RT_1], 0}, NULL, 8) = 0
22011 14:51:03.441058 alarm(300)        = 0
22011 14:51:03.441069 mmap2(NULL, 12288, PROT_READ|PROT_WRITE, MAP_PRIVATE|MAP_ANONYMOUS, -1, 0) = 0xb7f32000
22011 14:51:03.441081 mprotect(0xb7f34000, 4096, PROT_NONE) = 0
22011 14:51:03.441092 mprotect(0xb7f32000, 4096, PROT_NONE) = 0
22011 14:51:03.441105 recv(0, "TYPE I\r\n", 4096, MSG_PEEK) = 8
22011 14:51:03.441118 read(0, "TYPE I\r\n", 8) = 8
22011 14:51:03.441134 write(0, "200 Switching to Binary mode.\r\n", 31) = 31
22011 14:51:03.441206 rt_sigaction(SIGALRM, {0x805cad0, ~[RTMIN RT_1], 0}, NULL, 8) = 0
22011 14:51:03.441222 alarm(300)        = 300
22011 14:51:03.441233 recv(0, "PASV\r\n", 4096, MSG_PEEK) = 6
22011 14:51:03.441245 read(0, "PASV\r\n", 6) = 6
22011 14:51:03.441257 write(5, "\n", 1) = 1
22011 14:51:03.441268 read(5,  <unfinished ...>
22009 14:51:03.441280 close(5)          = 0
22009 14:51:03.441293 getuid32()        = 0
22009 14:51:03.441309 open("/etc/passwd", O_RDONLY|0x80000 /* O_??? */) = 5
22009 14:51:03.441323 _llseek(5, 0, [0], SEEK_CUR) = 0
22009 14:51:03.441336 fstat64(5, {st_mode=S_IFREG|0644, st_size=1624, ...}) = 0
22009 14:51:03.441353 mmap2(NULL, 1624, PROT_READ, MAP_SHARED, 5, 0) = 0xb7f37000
22009 14:51:03.441364 _llseek(5, 1624, [1624], SEEK_SET) = 0
22009 14:51:03.441382 munmap(0xb7f37000, 1624) = 0
22009 14:51:03.441393 close(5)          = 0
22009 14:51:03.441409 setgroups32(0, []) = 0
22009 14:51:03.441421 chdir("/usr/share/empty") = 0
22009 14:51:03.441433 chroot(".")       = 0
22009 14:51:03.441443 capset(NULL, NULL) = -1 EFAULT (Bad address)
22009 14:51:03.441457 prctl(0x8, 0, 0xbfc73f18, 0x80549a6, 0xbfc73f00) = 0
22009 14:51:03.441468 prctl(0x8, 0x1, 0xbfc73f18, 0x8054a49, 0xbfc73f00) = 0
22009 14:51:03.441478 setgid32(65534)   = 0
22009 14:51:03.441488 setuid32(65534)   = 0
22009 14:51:03.441497 capset(0x19980330, 0, {CAP_NET_BIND_SERVICE, CAP_NET_BIND_SERVICE, 0}) = 0
22009 14:51:03.441510 read(4, "\n", 1)  = 1
22009 14:51:03.441523 write(4, "\1", 1) = 1
22011 14:51:03.441534 <... read resumed> "\1", 1) = 1
22011 14:51:03.441542 write(5, "\f", 1) = 1
22011 14:51:03.441552 read(5,  <unfinished ...>
22009 14:51:03.441559 read(4, "\f", 1)  = 1
22009 14:51:03.441571 socket(PF_INET, SOCK_STREAM, IPPROTO_TCP) = 5
22009 14:51:03.441584 setsockopt(5, SOL_SOCKET, SO_REUSEADDR, [1], 4) = 0
22009 14:51:03.441596 gettimeofday({1495651863, 441599}, NULL) = 0
22009 14:51:03.441612 bind(5, {sa_family=AF_INET, sin_port=htons(30055), sin_addr=inet_addr("127.0.0.1")}, 16) = 0
22009 14:51:03.441628 listen(5, 1)      = 0
22009 14:51:03.441641 write(4, "gu\0\0", 4) = 4
22011 14:51:03.441652 <... read resumed> "gu\0\0", 4) = 4
22011 14:51:03.441665 write(0, "227 Entering Passive Mode (127,0,0,1,117,103).\r\n", 48) = 48
22011 14:51:03.441764 rt_sigaction(SIGALRM, {0x805cad0, ~[RTMIN RT_1], 0}, NULL, 8) = 0
22011 14:51:03.441781 alarm(300)        = 300
22011 14:51:03.441793 recv(0, "RETR myfile9\r\n", 4096, MSG_PEEK) = 14
22011 14:51:03.441805 read(0, "RETR myfile9\r\n", 14) = 14
22011 14:51:03.441820 write(5, "\v", 1) = 1
22011 14:51:03.441830 read(5,  <unfinished ...>
22009 14:51:03.441837 read(4, "\v", 1)  = 1
22009 14:51:03.441849 write(4, "\1\0\0\0", 4) = 4
22011 14:51:03.441859 <... read resumed> "\1\0\0\0", 4) = 4
22011 14:51:03.441867 gettimeofday({1495651863, 441871}, NULL) = 0
22011 14:51:03.441879 getcwd("/home/msfadmin", 4096) = 15
22011 14:51:03.441891 open("myfile9", O_RDONLY|O_NONBLOCK|O_LARGEFILE) = 4
22011 14:51:03.441904 fcntl64(4, F_SETLKW64, {type=F_RDLCK, whence=SEEK_SET, start=0, len=0}, 0xbfc73e84) = 0
22011 14:51:03.441921 fstat64(4, {st_mode=S_IFREG|0644, st_size=17, ...}) = 0
22011 14:51:03.441938 fcntl64(4, F_GETFL) = 0x8800 (flags O_RDONLY|O_NONBLOCK|O_LARGEFILE)
22011 14:51:03.441948 fcntl64(4, F_SETFL, O_RDONLY|O_LARGEFILE) = 0
22011 14:51:03.441961 write(5, "\v", 1) = 1
22011 14:51:03.441972 read(5,  <unfinished ...>
22009 14:51:03.441979 read(4, "\v", 1)  = 1
22009 14:51:03.441990 write(4, "\1\0\0\0", 4) = 4
22011 14:51:03.442000 <... read resumed> "\1\0\0\0", 4) = 4
22011 14:51:03.442008 write(5, "\v", 1) = 1
22011 14:51:03.442018 read(5,  <unfinished ...>
22009 14:51:03.442024 read(4, "\v", 1)  = 1
22009 14:51:03.442035 write(4, "\1\0\0\0", 4) = 4
22011 14:51:03.442045 <... read resumed> "\1\0\0\0", 4) = 4
22011 14:51:03.442053 write(5, "\r", 1) = 1
22011 14:51:03.442063 read(5,  <unfinished ...>
22009 14:51:03.442070 read(4, "\r", 1)  = 1
22009 14:51:03.442082 select(6, [5], NULL, NULL, {60, 0}) = 1 (in [5], left {60, 0})
22009 14:51:03.442099 accept(5, {sa_family=AF_INET, sin_port=htons(35831), sin_addr=inet_addr("127.0.0.1")}, [16]) = 6
22009 14:51:03.442145 write(4, "\1", 1) = 1
22011 14:51:03.442171 <... read resumed> "\1", 1) = 1
22011 14:51:03.442180 recvmsg(5,  <unfinished ...>
22009 14:51:03.442190 sendmsg(4, {msg_name(0)=NULL, msg_iov(1)=[{"\0", 1}], msg_controllen=16, {cmsg_len=16, cmsg_level=SOL_SOCKET, cmsg_type=SCM_RIGHTS, {6}}, msg_flags=0}, 0) = 1
22011 14:51:03.442207 <... recvmsg resumed> {msg_name(0)=NULL, msg_iov(1)=[{"\0", 1}], msg_controllen=16, {cmsg_len=16, cmsg_level=SOL_SOCKET, cmsg_type=SCM_RIGHTS, {6}}, msg_flags=0}, 0) = 1
22011 14:51:03.442220 setsockopt(6, SOL_SOCKET, SO_KEEPALIVE, [1], 4) = 0
22011 14:51:03.442232 setsockopt(6, SOL_IP, IP_TOS, [8], 4) = 0
22011 14:51:03.442244 setsockopt(6, SOL_SOCKET, SO_LINGER, {onoff=1, linger=32767}, 8) = 0
22011 14:51:03.442256 rt_sigaction(SIGALRM, {0x805cad0, ~[RTMIN RT_1], 0}, NULL, 8) = 0
22011 14:51:03.442269 alarm(300)        = 300
22011 14:51:03.442283 write(0, "150 Opening BINARY mode data connection for myfile9 (17 bytes).\r\n", 65) = 65
22011 14:51:03.442326 _llseek(4, 0, [0], SEEK_CUR) = 0
22011 14:51:03.442339 fstat64(4, {st_mode=S_IFREG|0644, st_size=17, ...}) = 0
22011 14:51:03.442356 _llseek(4, 0, [0], SEEK_SET) = 0
22011 14:51:03.442368 sendfile(6, 4, NULL, 17) = 17
22011 14:51:03.442397 rt_sigaction(SIGALRM, {0x805cad0, ~[RTMIN RT_1], 0}, NULL, 8) = 0
22011 14:51:03.442412 alarm(300)        = 300
22011 14:51:03.442422 close(6)          = 0
22011 14:51:03.442431 alarm(0)          = 300
22011 14:51:03.442440 gettimeofday({1495651863, 442444}, NULL) = 0
22011 14:51:03.442458 getpid()          = 22011
22011 14:51:03.442470 gettimeofday({1495651863, 442474}, NULL) = 0
22011 14:51:03.442487 fcntl64(3, F_SETLKW64, {type=F_WRLCK, whence=SEEK_SET, start=0, len=0}, 0xbfc73e24) = 0
22011 14:51:03.442502 write(3, "Wed May 24 14:51:03 2017 [pid 22011] [msfadmin] OK DOWNLOAD: Client \"127.0.0.1\", \"/home/msfadmin/myfile9\", 17 bytes, 27.53Kbyte/sec\n", 132) = 132
22011 14:51:03.442522 fcntl64(3, F_SETLK64, {type=F_UNLCK, whence=SEEK_SET, start=0, len=0}, 0xbfc73e2c) = 0
22011 14:51:03.442536 write(0, "226 Transfer complete.\r\n", 24) = 24
22011 14:51:03.442551 write(5, "\n", 1) = 1
22011 14:51:03.442562 read(5,  <unfinished ...>
22009 14:51:03.442569 close(6)          = 0
22009 14:51:03.442647 read(4, "\n", 1)  = 1
22009 14:51:03.442660 close(5)          = 0
22009 14:51:03.442672 write(4, "\1", 1) = 1
22011 14:51:03.442683 <... read resumed> "\1", 1) = 1
22011 14:51:03.442690 close(4)          = 0
22011 14:51:03.442701 rt_sigaction(SIGALRM, {0x805cad0, ~[RTMIN RT_1], 0}, NULL, 8) = 0
22011 14:51:03.442714 alarm(300)        = 0
22011 14:51:03.442725 recv(0,  <unfinished ...>
22009 14:51:03.442732 read(4,  <unfinished ...>
22008 14:51:03.479948 <... recv resumed> "TYPE I\r\n", 4096, MSG_PEEK) = 8
22008 14:51:03.479978 read(0, "TYPE I\r\n", 8) = 8
22008 14:51:03.480001 write(0, "200 Switching to Binary mode.\r\n", 31) = 31
22008 14:51:03.480049 rt_sigaction(SIGALRM, {0x805cad0, ~[RTMIN RT_1], 0}, NULL, 8) = 0
22008 14:51:03.480074 alarm(300)        = 299
22008 14:51:03.480088 recv(0, "PASV\r\n", 4096, MSG_PEEK) = 6
22008 14:51:03.480099 read(0, "PASV\r\n", 6) = 6
22008 14:51:03.480111 write(5, "\n", 1 <unfinished ...>
22006 14:51:03.480123 <... read resumed> "\n", 1) = 1
22008 14:51:03.480128 <... write resumed> ) = 1
22006 14:51:03.480136 write(4, "\1", 1 <unfinished ...>
22008 14:51:03.480142 read(5,  <unfinished ...>
22006 14:51:03.480148 <... write resumed> ) = 1
22008 14:51:03.480152 <... read resumed> "\1", 1) = 1
22006 14:51:03.480160 read(4,  <unfinished ...>
22008 14:51:03.480165 write(5, "\f", 1 <unfinished ...>
22006 14:51:03.480172 <... read resumed> "\f", 1) = 1
22008 14:51:03.480177 <... write resumed> ) = 1
22006 14:51:03.480185 socket(PF_INET, SOCK_STREAM, IPPROTO_TCP <unfinished ...>
22008 14:51:03.480190 read(5,  <unfinished ...>
22006 14:51:03.480199 <... socket resumed> ) = 5
22006 14:51:03.480207 setsockopt(5, SOL_SOCKET, SO_REUSEADDR, [1], 4) = 0
22006 14:51:03.480222 bind(5, {sa_family=AF_INET, sin_port=htons(58900), sin_addr=inet_addr("127.0.0.1")}, 16) = 0
22006 14:51:03.480238 listen(5, 1)      = 0
22006 14:51:03.480252 write(4, "\24\346\0\0", 4 <unfinished ...>
22008 14:51:03.480260 <... read resumed> "\24\346\0\0", 4) = 4
22006 14:51:03.480265 <... write resumed> ) = 4
22008 14:51:03.480277 write(0, "227 Entering Passive Mode (127,0,0,1,230,20).\r\n", 47 <unfinished ...>
22006 14:51:03.480285 read(4,  <unfinished ...>
22008 14:51:03.480298 <... write resumed> ) = 47
22008 14:51:03.480309 rt_sigaction(SIGALRM, {0x805cad0, ~[RTMIN RT_1], 0}, NULL, 8) = 0
22008 14:51:03.480324 alarm(300)        = 300
22008 14:51:03.480336 recv(0, "STOR myfile35\r\n", 4096, MSG_PEEK) = 15
22008 14:51:03.480348 read(0, "STOR myfile35\r\n", 15) = 15
22008 14:51:03.480361 write(5, "\v", 1 <unfinished ...>
22006 14:51:03.480369 <... read resumed> "\v", 1) = 1
22008 14:51:03.480374 <... write resumed> ) = 1
22006 14:51:03.480380 write(4, "\1\0\0\0", 4) = 4
22006 14:51:03.480391 read(4,  <unfinished ...>
22008 14:51:03.480398 read(5, "\1\0\0\0", 4) = 4
22008 14:51:03.480410 gettimeofday({1495651863, 480413}, NULL) = 0
22008 14:51:03.480421 getcwd("/home/msfadmin", 4096) = 15
22008 14:51:03.480433 open("myfile35", O_WRONLY|O_CREAT|O_NONBLOCK|O_LARGEFILE, 0666) = 4
22008 14:51:03.480448 fstat64(4, {st_mode=S_IFREG|0644, st_size=17, ...}) = 0
22008 14:51:03.480466 fcntl64(4, F_GETFL) = 0x8801 (flags O_WRONLY|O_NONBLOCK|O_LARGEFILE)
22008 14:51:03.480477 fcntl64(4, F_SETFL, O_WRONLY|O_LARGEFILE) = 0
22008 14:51:03.480487 fcntl64(4, F_SETLKW64, {type=F_WRLCK, whence=SEEK_SET, start=0, len=0}, 0xbfef78e4) = 0
22008 14:51:03.480537 ftruncate64(4, 0) = 0
22008 14:51:03.480568 _llseek(4, 0, [0], SEEK_SET) = 0
22008 14:51:03.480580 write(5, "\v", 1 <unfinished ...>
22006 14:51:03.480588 <... read resumed> "\v", 1) = 1
22008 14:51:03.480593 <... write resumed> ) = 1
22006 14:51:03.480600 write(4, "\1\0\0\0", 4) = 4
22006 14:51:03.480611 read(4,  <unfinished ...>
22008 14:51:03.480617 read(5, "\1\0\0\0", 4) = 4
22008 14:51:03.480629 write(5, "\v", 1 <unfinished ...>
22006 14:51:03.480636 <... read resumed> "\v", 1) = 1
22008 14:51:03.480640 <... write resumed> ) = 1
22006 14:51:03.480646 write(4, "\1\0\0\0", 4) = 4
22006 14:51:03.480657 read(4,  <unfinished ...>
22008 14:51:03.480663 read(5, "\1\0\0\0", 4) = 4
22008 14:51:03.480674 write(5, "\r", 1 <unfinished ...>
22006 14:51:03.480681 <... read resumed> "\r", 1) = 1
22008 14:51:03.480686 <... write resumed> ) = 1
22006 14:51:03.480693 select(6, [5], NULL, NULL, {60, 0}) = 1 (in [5], left {60, 0})
22006 14:51:03.480709 accept(5, {sa_family=AF_INET, sin_port=htons(50134), sin_addr=inet_addr("127.0.0.1")}, [16]) = 6
22006 14:51:03.480732 write(4, "\1", 1) = 1
22006 14:51:03.480744 sendmsg(4, {msg_name(0)=NULL, msg_iov(1)=[{"\0", 1}], msg_controllen=16, {cmsg_len=16, cmsg_level=SOL_SOCKET, cmsg_type=SCM_RIGHTS, {6}}, msg_flags=0}, 0) = 1
22006 14:51:03.480761 close(6)          = 0
22006 14:51:03.480771 read(4,  <unfinished ...>
22008 14:51:03.480782 read(5, "\1", 1)  = 1
22008 14:51:03.480795 recvmsg(5, {msg_name(0)=NULL, msg_iov(1)=[{"\0", 1}], msg_controllen=16, {cmsg_len=16, cmsg_level=SOL_SOCKET, cmsg_type=SCM_RIGHTS, {6}}, msg_flags=0}, 0) = 1
22008 14:51:03.480812 setsockopt(6, SOL_SOCKET, SO_KEEPALIVE, [1], 4) = 0
22008 14:51:03.480825 setsockopt(6, SOL_IP, IP_TOS, [8], 4) = 0
22008 14:51:03.480837 setsockopt(6, SOL_SOCKET, SO_LINGER, {onoff=1, linger=32767}, 8) = 0
22008 14:51:03.480848 rt_sigaction(SIGALRM, {0x805cad0, ~[RTMIN RT_1], 0}, NULL, 8) = 0
22008 14:51:03.480862 alarm(300)        = 300
22008 14:51:03.480874 write(0, "150 Ok to send data.\r\n", 22) = 22
22008 14:51:03.480941 read(6, "assasaaa\na\na\na\na\n", 65536) = 17
22008 14:51:03.480956 write(4, "assasaaa\na\na\na\na\n", 17) = 17
22008 14:51:03.480972 read(6, "", 65536) = 0
22008 14:51:03.480982 rt_sigaction(SIGALRM, {0x805cad0, ~[RTMIN RT_1], 0}, NULL, 8) = 0
22008 14:51:03.480996 alarm(300)        = 300
22008 14:51:03.481005 close(6)          = 0
22008 14:51:03.481023 alarm(0)          = 300
22008 14:51:03.481034 gettimeofday({1495651863, 481037}, NULL) = 0
22008 14:51:03.481049 gettimeofday({1495651863, 481053}, NULL) = 0
22008 14:51:03.481063 fcntl64(3, F_SETLKW64, {type=F_WRLCK, whence=SEEK_SET, start=0, len=0}, 0xbfef7884) = 0
22008 14:51:03.481078 write(3, "Wed May 24 14:51:03 2017 [pid 22008] [msfadmin] OK UPLOAD: Client \"127.0.0.1\", \"/home/msfadmin/myfile35\", 17 bytes, 25.94Kbyte/sec\n", 131) = 131
22008 14:51:03.481099 fcntl64(3, F_SETLK64, {type=F_UNLCK, whence=SEEK_SET, start=0, len=0}, 0xbfef788c) = 0
22008 14:51:03.481114 write(0, "226 Transfer complete.\r\n", 24) = 24
22008 14:51:03.481157 write(5, "\n", 1 <unfinished ...>
22006 14:51:03.481166 <... read resumed> "\n", 1) = 1
22008 14:51:03.481171 <... write resumed> ) = 1
22006 14:51:03.481177 close(5)          = 0
22006 14:51:03.481189 write(4, "\1", 1) = 1
22006 14:51:03.481200 read(4,  <unfinished ...>
22008 14:51:03.481207 read(5, "\1", 1)  = 1
22008 14:51:03.481218 close(4)          = 0
22008 14:51:03.481229 rt_sigaction(SIGALRM, {0x805cad0, ~[RTMIN RT_1], 0}, NULL, 8) = 0
22008 14:51:03.481242 alarm(300)        = 0
22008 14:51:03.481253 recv(0,  <unfinished ...>
22011 14:51:03.999942 <... recv resumed> "USER msfadmin\r\n", 4096, MSG_PEEK) = 15
22011 14:51:03.999982 read(0, "USER msfadmin\r\n", 15) = 15
22011 14:51:04.000007 write(0, "331 Any password will do.\r\n", 27) = 27
22011 14:51:04.000053 rt_sigaction(SIGALRM, {0x805cad0, ~[RTMIN RT_1], 0}, NULL, 8) = 0
22011 14:51:04.000071 alarm(300)        = 299
22011 14:51:04.000084 recv(0, "PASS msfadmin\r\n", 4096, MSG_PEEK) = 15
22011 14:51:04.000096 read(0, "PASS msfadmin\r\n", 15) = 15
22011 14:51:04.000112 write(0, "230 Already logged in.\r\n", 24) = 24
22011 14:51:04.000176 rt_sigaction(SIGALRM, {0x805cad0, ~[RTMIN RT_1], 0}, NULL, 8) = 0
22011 14:51:04.000191 alarm(300)        = 300
22011 14:51:04.000202 recv(0, "TYPE I\r\n", 4096, MSG_PEEK) = 8
22011 14:51:04.000214 read(0, "TYPE I\r\n", 8) = 8
22011 14:51:04.000228 write(0, "200 Switching to Binary mode.\r\n", 31) = 31
22011 14:51:04.000264 rt_sigaction(SIGALRM, {0x805cad0, ~[RTMIN RT_1], 0}, NULL, 8) = 0
22011 14:51:04.000278 alarm(300)        = 300
22011 14:51:04.000289 recv(0, "PASV\r\n", 4096, MSG_PEEK) = 6
22011 14:51:04.000300 read(0, "PASV\r\n", 6) = 6
22011 14:51:04.000312 write(5, "\n", 1) = 1
22011 14:51:04.000325 read(5,  <unfinished ...>
22009 14:51:04.000334 <... read resumed> "\n", 1) = 1
22009 14:51:04.000338 write(4, "\1", 1) = 1
22011 14:51:04.000339 <... read resumed> "\1", 1) = 1
22011 14:51:04.000339 write(5, "\f", 1) = 1
22011 14:51:04.000339 read(5,  <unfinished ...>
22009 14:51:04.000339 read(4, "\f", 1)  = 1
22009 14:51:04.000339 socket(PF_INET, SOCK_STREAM, IPPROTO_TCP) = 5
22009 14:51:04.000340 setsockopt(5, SOL_SOCKET, SO_REUSEADDR, [1], 4) = 0
22009 14:51:04.000344 bind(5, {sa_family=AF_INET, sin_port=htons(6798), sin_addr=inet_addr("127.0.0.1")}, 16) = 0
22009 14:51:04.000361 listen(5, 1)      = 0
22009 14:51:04.000375 write(4, "\216\32\0\0", 4) = 4
22011 14:51:04.000394 <... read resumed> "\216\32\0\0", 4) = 4
22011 14:51:04.000406 write(0, "227 Entering Passive Mode (127,0,0,1,26,142).\r\n", 47) = 47
22011 14:51:04.000562 rt_sigaction(SIGALRM, {0x805cad0, ~[RTMIN RT_1], 0}, NULL, 8) = 0
22011 14:51:04.000579 alarm(300)        = 300
22011 14:51:04.000591 recv(0, "RETR myfile10\r\n", 4096, MSG_PEEK) = 15
22011 14:51:04.000603 read(0, "RETR myfile10\r\n", 15) = 15
22011 14:51:04.000616 write(5, "\v", 1) = 1
22011 14:51:04.000627 read(5,  <unfinished ...>
22009 14:51:04.000634 read(4, "\v", 1)  = 1
22009 14:51:04.000646 write(4, "\1\0\0\0", 4) = 4
22011 14:51:04.000656 <... read resumed> "\1\0\0\0", 4) = 4
22011 14:51:04.000664 gettimeofday({1495651864, 668}, NULL) = 0
22011 14:51:04.000676 getcwd("/home/msfadmin", 4096) = 15
22011 14:51:04.000689 open("myfile10", O_RDONLY|O_NONBLOCK|O_LARGEFILE) = 4
22011 14:51:04.000703 fcntl64(4, F_SETLKW64, {type=F_RDLCK, whence=SEEK_SET, start=0, len=0}, 0xbfc73e84) = 0
22011 14:51:04.000718 fstat64(4, {st_mode=S_IFREG|0644, st_size=17, ...}) = 0
22011 14:51:04.000735 fcntl64(4, F_GETFL) = 0x8800 (flags O_RDONLY|O_NONBLOCK|O_LARGEFILE)
22011 14:51:04.000746 fcntl64(4, F_SETFL, O_RDONLY|O_LARGEFILE) = 0
22011 14:51:04.000758 write(5, "\v", 1) = 1
22011 14:51:04.000769 read(5,  <unfinished ...>
22009 14:51:04.000776 read(4, "\v", 1)  = 1
22009 14:51:04.000787 write(4, "\1\0\0\0", 4) = 4
22011 14:51:04.000798 <... read resumed> "\1\0\0\0", 4) = 4
22011 14:51:04.000805 write(5, "\v", 1) = 1
22011 14:51:04.000815 read(5,  <unfinished ...>
22009 14:51:04.000822 read(4, "\v", 1)  = 1
22009 14:51:04.000832 write(4, "\1\0\0\0", 4) = 4
22011 14:51:04.000842 <... read resumed> "\1\0\0\0", 4) = 4
22011 14:51:04.000850 write(5, "\r", 1) = 1
22011 14:51:04.000860 read(5,  <unfinished ...>
22009 14:51:04.000866 read(4, "\r", 1)  = 1
22009 14:51:04.000878 select(6, [5], NULL, NULL, {60, 0}) = 1 (in [5], left {60, 0})
22009 14:51:04.000895 accept(5, {sa_family=AF_INET, sin_port=htons(45668), sin_addr=inet_addr("127.0.0.1")}, [16]) = 6
22009 14:51:04.000916 write(4, "\1", 1) = 1
22011 14:51:04.000927 <... read resumed> "\1", 1) = 1
22011 14:51:04.000935 recvmsg(5,  <unfinished ...>
22009 14:51:04.000944 sendmsg(4, {msg_name(0)=NULL, msg_iov(1)=[{"\0", 1}], msg_controllen=16, {cmsg_len=16, cmsg_level=SOL_SOCKET, cmsg_type=SCM_RIGHTS, {6}}, msg_flags=0}, 0) = 1
22011 14:51:04.000961 <... recvmsg resumed> {msg_name(0)=NULL, msg_iov(1)=[{"\0", 1}], msg_controllen=16, {cmsg_len=16, cmsg_level=SOL_SOCKET, cmsg_type=SCM_RIGHTS, {6}}, msg_flags=0}, 0) = 1
22011 14:51:04.000974 setsockopt(6, SOL_SOCKET, SO_KEEPALIVE, [1], 4) = 0
22011 14:51:04.000987 setsockopt(6, SOL_IP, IP_TOS, [8], 4) = 0
22011 14:51:04.000999 setsockopt(6, SOL_SOCKET, SO_LINGER, {onoff=1, linger=32767}, 8) = 0
22011 14:51:04.001010 rt_sigaction(SIGALRM, {0x805cad0, ~[RTMIN RT_1], 0}, NULL, 8) = 0
22011 14:51:04.001023 alarm(300)        = 300
22011 14:51:04.001036 write(0, "150 Opening BINARY mode data connection for myfile10 (17 bytes).\r\n", 66) = 66
22011 14:51:04.001078 _llseek(4, 0, [0], SEEK_CUR) = 0
22011 14:51:04.001090 fstat64(4, {st_mode=S_IFREG|0644, st_size=17, ...}) = 0
22011 14:51:04.001107 _llseek(4, 0, [0], SEEK_SET) = 0
22011 14:51:04.001118 sendfile(6, 4, NULL, 17) = 17
22011 14:51:04.001148 rt_sigaction(SIGALRM, {0x805cad0, ~[RTMIN RT_1], 0}, NULL, 8) = 0
22011 14:51:04.001163 alarm(300)        = 300
22011 14:51:04.001173 close(6)          = 0
22011 14:51:04.001182 alarm(0)          = 300
22011 14:51:04.001192 gettimeofday({1495651864, 1196}, NULL) = 0
22011 14:51:04.001208 gettimeofday({1495651864, 1212}, NULL) = 0
22011 14:51:04.001222 fcntl64(3, F_SETLKW64, {type=F_WRLCK, whence=SEEK_SET, start=0, len=0}, 0xbfc73e24) = 0
22011 14:51:04.001237 write(3, "Wed May 24 14:51:04 2017 [pid 22011] [msfadmin] OK DOWNLOAD: Client \"127.0.0.1\", \"/home/msfadmin/myfile10\", 17 bytes, 30.52Kbyte/sec\n", 133) = 133
22011 14:51:04.001258 fcntl64(3, F_SETLK64, {type=F_UNLCK, whence=SEEK_SET, start=0, len=0}, 0xbfc73e2c) = 0
22011 14:51:04.001272 write(0, "226 Transfer complete.\r\n", 24) = 24
22011 14:51:04.001291 write(5, "\n", 1) = 1
22011 14:51:04.001302 read(5,  <unfinished ...>
22009 14:51:04.001309 close(6)          = 0
22009 14:51:04.001392 read(4, "\n", 1)  = 1
22009 14:51:04.001405 close(5)          = 0
22009 14:51:04.001417 write(4, "\1", 1) = 1
22011 14:51:04.001428 <... read resumed> "\1", 1) = 1
22011 14:51:04.001435 close(4)          = 0
22011 14:51:04.001446 rt_sigaction(SIGALRM, {0x805cad0, ~[RTMIN RT_1], 0}, NULL, 8) = 0
22011 14:51:04.001459 alarm(300)        = 0
22011 14:51:04.001484 recv(0,  <unfinished ...>
22009 14:51:04.001494 read(4,  <unfinished ...>
22008 14:51:04.019960 <... recv resumed> "TYPE I\r\n", 4096, MSG_PEEK) = 8
22008 14:51:04.019991 read(0, "TYPE I\r\n", 8) = 8
22008 14:51:04.020013 write(0, "200 Switching to Binary mode.\r\n", 31) = 31
22008 14:51:04.020062 rt_sigaction(SIGALRM, {0x805cad0, ~[RTMIN RT_1], 0}, NULL, 8) = 0
22008 14:51:04.020079 alarm(300)        = 299
22008 14:51:04.020092 recv(0, "PASV\r\n", 4096, MSG_PEEK) = 6
22008 14:51:04.020104 read(0, "PASV\r\n", 6) = 6
22008 14:51:04.020131 write(5, "\n", 1 <unfinished ...>
22006 14:51:04.020154 <... read resumed> "\n", 1) = 1
22008 14:51:04.020160 <... write resumed> ) = 1
22006 14:51:04.020167 write(4, "\1", 1) = 1
22006 14:51:04.020179 read(4,  <unfinished ...>
22008 14:51:04.020186 read(5, "\1", 1)  = 1
22008 14:51:04.020197 write(5, "\f", 1 <unfinished ...>
22006 14:51:04.020204 <... read resumed> "\f", 1) = 1
22008 14:51:04.020209 <... write resumed> ) = 1
22006 14:51:04.020217 socket(PF_INET, SOCK_STREAM, IPPROTO_TCP) = 5
22006 14:51:04.020232 setsockopt(5, SOL_SOCKET, SO_REUSEADDR, [1], 4) = 0
22006 14:51:04.020247 bind(5, {sa_family=AF_INET, sin_port=htons(23541), sin_addr=inet_addr("127.0.0.1")}, 16) = 0
22006 14:51:04.020263 listen(5, 1)      = 0
22006 14:51:04.020277 write(4, "\365[\0\0", 4) = 4
22006 14:51:04.020288 read(4,  <unfinished ...>
22008 14:51:04.020295 read(5, "\365[\0\0", 4) = 4
22008 14:51:04.020311 write(0, "227 Entering Passive Mode (127,0,0,1,91,245).\r\n", 47) = 47
22008 14:51:04.020424 rt_sigaction(SIGALRM, {0x805cad0, ~[RTMIN RT_1], 0}, NULL, 8) = 0
22008 14:51:04.020441 alarm(300)        = 300
22008 14:51:04.020452 recv(0, "STOR myfile36\r\n", 4096, MSG_PEEK) = 15
22008 14:51:04.020464 read(0, "STOR myfile36\r\n", 15) = 15
22008 14:51:04.020478 write(5, "\v", 1 <unfinished ...>
22006 14:51:04.020486 <... read resumed> "\v", 1) = 1
22008 14:51:04.020491 <... write resumed> ) = 1
22006 14:51:04.020497 write(4, "\1\0\0\0", 4) = 4
22006 14:51:04.020508 read(4,  <unfinished ...>
22008 14:51:04.020515 read(5, "\1\0\0\0", 4) = 4
22008 14:51:04.020527 gettimeofday({1495651864, 20531}, NULL) = 0
22008 14:51:04.020538 getcwd("/home/msfadmin", 4096) = 15
22008 14:51:04.020551 open("myfile36", O_WRONLY|O_CREAT|O_NONBLOCK|O_LARGEFILE, 0666) = 4
22008 14:51:04.020565 fstat64(4, {st_mode=S_IFREG|0644, st_size=17, ...}) = 0
22008 14:51:04.020583 fcntl64(4, F_GETFL) = 0x8801 (flags O_WRONLY|O_NONBLOCK|O_LARGEFILE)
22008 14:51:04.020594 fcntl64(4, F_SETFL, O_WRONLY|O_LARGEFILE) = 0
22008 14:51:04.020604 fcntl64(4, F_SETLKW64, {type=F_WRLCK, whence=SEEK_SET, start=0, len=0}, 0xbfef78e4) = 0
22008 14:51:04.020618 ftruncate64(4, 0) = 0
22008 14:51:04.020624 _llseek(4, 0, [0], SEEK_SET) = 0
22008 14:51:04.020624 write(5, "\v", 1 <unfinished ...>
22006 14:51:04.020624 <... read resumed> "\v", 1) = 1
22008 14:51:04.020624 <... write resumed> ) = 1
22006 14:51:04.020625 write(4, "\1\0\0\0", 4) = 4
22006 14:51:04.020625 read(4,  <unfinished ...>
22008 14:51:04.020625 read(5, "\1\0\0\0", 4) = 4
22008 14:51:04.020625 write(5, "\v", 1 <unfinished ...>
22006 14:51:04.020625 <... read resumed> "\v", 1) = 1
22008 14:51:04.020625 <... write resumed> ) = 1
22006 14:51:04.020625 write(4, "\1\0\0\0", 4) = 4
22006 14:51:04.020626 read(4,  <unfinished ...>
22008 14:51:04.020626 read(5, "\1\0\0\0", 4) = 4
22008 14:51:04.020626 write(5, "\r", 1 <unfinished ...>
22006 14:51:04.020626 <... read resumed> "\r", 1) = 1
22008 14:51:04.020626 <... write resumed> ) = 1
22006 14:51:04.020626 select(6, [5], NULL, NULL, {60, 0}) = 1 (in [5], left {60, 0})
22006 14:51:04.020627 accept(5, {sa_family=AF_INET, sin_port=htons(44474), sin_addr=inet_addr("127.0.0.1")}, [16]) = 6
22006 14:51:04.020627 write(4, "\1", 1) = 1
22006 14:51:04.020627 sendmsg(4, {msg_name(0)=NULL, msg_iov(1)=[{"\0", 1}], msg_controllen=16, {cmsg_len=16, cmsg_level=SOL_SOCKET, cmsg_type=SCM_RIGHTS, {6}}, msg_flags=0}, 0) = 1
22006 14:51:04.020627 close(6)          = 0
22006 14:51:04.020628 read(4,  <unfinished ...>
22008 14:51:04.020628 read(5, "\1", 1)  = 1
22008 14:51:04.020628 recvmsg(5, {msg_name(0)=NULL, msg_iov(1)=[{"\0", 1}], msg_controllen=16, {cmsg_len=16, cmsg_level=SOL_SOCKET, cmsg_type=SCM_RIGHTS, {6}}, msg_flags=0}, 0) = 1
22008 14:51:04.020651 setsockopt(6, SOL_SOCKET, SO_KEEPALIVE, [1], 4) = 0
22008 14:51:04.020664 setsockopt(6, SOL_IP, IP_TOS, [8], 4) = 0
22008 14:51:04.020686 setsockopt(6, SOL_SOCKET, SO_LINGER, {onoff=1, linger=32767}, 8) = 0
22008 14:51:04.020697 rt_sigaction(SIGALRM, {0x805cad0, ~[RTMIN RT_1], 0}, NULL, 8) = 0
22008 14:51:04.020711 alarm(300)        = 300
22008 14:51:04.020723 write(0, "150 Ok to send data.\r\n", 22) = 22
22008 14:51:04.020790 read(6, "assasaaa\na\na\na\na\n", 65536) = 17
22008 14:51:04.020804 write(4, "assasaaa\na\na\na\na\n", 17) = 17
22008 14:51:04.020821 read(6, "", 65536) = 0
22008 14:51:04.020831 rt_sigaction(SIGALRM, {0x805cad0, ~[RTMIN RT_1], 0}, NULL, 8) = 0
22008 14:51:04.020845 alarm(300)        = 300
22008 14:51:04.020855 close(6)          = 0
22008 14:51:04.020872 alarm(0)          = 300
22008 14:51:04.020883 gettimeofday({1495651864, 20886}, NULL) = 0
22008 14:51:04.020898 gettimeofday({1495651864, 20902}, NULL) = 0
22008 14:51:04.020912 fcntl64(3, F_SETLKW64, {type=F_WRLCK, whence=SEEK_SET, start=0, len=0}, 0xbfef7884) = 0
22008 14:51:04.020926 write(3, "Wed May 24 14:51:04 2017 [pid 22008] [msfadmin] OK UPLOAD: Client \"127.0.0.1\", \"/home/msfadmin/myfile36\", 17 bytes, 44.75Kbyte/sec\n", 131) = 131
22008 14:51:04.020948 fcntl64(3, F_SETLK64, {type=F_UNLCK, whence=SEEK_SET, start=0, len=0}, 0xbfef788c) = 0
22008 14:51:04.020962 write(0, "226 Transfer complete.\r\n", 24) = 24
22008 14:51:04.021005 write(5, "\n", 1 <unfinished ...>
22006 14:51:04.021015 <... read resumed> "\n", 1) = 1
22008 14:51:04.021020 <... write resumed> ) = 1
22006 14:51:04.021026 close(5)          = 0
22006 14:51:04.021038 write(4, "\1", 1) = 1
22006 14:51:04.021049 read(4,  <unfinished ...>
22008 14:51:04.021056 read(5, "\1", 1)  = 1
22008 14:51:04.021067 close(4)          = 0
22008 14:51:04.021078 rt_sigaction(SIGALRM, {0x805cad0, ~[RTMIN RT_1], 0}, NULL, 8) = 0
22008 14:51:04.021091 alarm(300)        = 0
22008 14:51:04.021102 recv(0, "TYPE I\r\n", 4096, MSG_PEEK) = 8
22008 14:51:04.560065 read(0, "TYPE I\r\n", 8) = 8
22008 14:51:04.560093 write(0, "200 Switching to Binary mode.\r\n", 31) = 31
22008 14:51:04.560140 rt_sigaction(SIGALRM, {0x805cad0, ~[RTMIN RT_1], 0}, NULL, 8) = 0
22008 14:51:04.560158 alarm(300)        = 299
22008 14:51:04.560171 recv(0, "PASV\r\n", 4096, MSG_PEEK) = 6
22008 14:51:04.560182 read(0, "PASV\r\n", 6) = 6
22008 14:51:04.560195 write(5, "\n", 1 <unfinished ...>
22006 14:51:04.560206 <... read resumed> "\n", 1) = 1
22008 14:51:04.560212 <... write resumed> ) = 1
22006 14:51:04.560219 write(4, "\1", 1) = 1
22006 14:51:04.560230 read(4,  <unfinished ...>
22008 14:51:04.560237 read(5, "\1", 1)  = 1
22008 14:51:04.560248 write(5, "\f", 1 <unfinished ...>
22006 14:51:04.560255 <... read resumed> "\f", 1) = 1
22008 14:51:04.560260 <... write resumed> ) = 1
22006 14:51:04.560267 socket(PF_INET, SOCK_STREAM, IPPROTO_TCP) = 5
22006 14:51:04.560283 setsockopt(5, SOL_SOCKET, SO_REUSEADDR, [1], 4) = 0
22006 14:51:04.560297 bind(5, {sa_family=AF_INET, sin_port=htons(57789), sin_addr=inet_addr("127.0.0.1")}, 16) = 0
22006 14:51:04.560313 listen(5, 1)      = 0
22006 14:51:04.560327 write(4, "\275\341\0\0", 4) = 4
22006 14:51:04.560338 read(4,  <unfinished ...>
22008 14:51:04.560345 read(5, "\275\341\0\0", 4) = 4
22008 14:51:04.560357 write(0, "227 Entering Passive Mode (127,0,0,1,225,189).\r\n", 48) = 48
22008 14:51:04.560357 rt_sigaction(SIGALRM, {0x805cad0, ~[RTMIN RT_1], 0}, NULL, 8) = 0
22008 14:51:04.560376 alarm(300)        = 300
22008 14:51:04.560387 recv(0, "STOR myfile37\r\n", 4096, MSG_PEEK) = 15
22008 14:51:04.560400 read(0, "STOR myfile37\r\n", 15) = 15
22008 14:51:04.560413 write(5, "\v", 1 <unfinished ...>
22006 14:51:04.560422 <... read resumed> "\v", 1) = 1
22008 14:51:04.560427 <... write resumed> ) = 1
22006 14:51:04.560433 write(4, "\1\0\0\0", 4) = 4
22006 14:51:04.560444 read(4,  <unfinished ...>
22008 14:51:04.560450 read(5, "\1\0\0\0", 4) = 4
22008 14:51:04.560462 gettimeofday({1495651864, 560466}, NULL) = 0
22008 14:51:04.560473 getcwd("/home/msfadmin", 4096) = 15
22008 14:51:04.560486 open("myfile37", O_WRONLY|O_CREAT|O_NONBLOCK|O_LARGEFILE, 0666) = 4
22008 14:51:04.560533 fstat64(4, {st_mode=S_IFREG|0644, st_size=17, ...}) = 0
22008 14:51:04.560566 fcntl64(4, F_GETFL) = 0x8801 (flags O_WRONLY|O_NONBLOCK|O_LARGEFILE)
22008 14:51:04.560578 fcntl64(4, F_SETFL, O_WRONLY|O_LARGEFILE) = 0
22008 14:51:04.560588 fcntl64(4, F_SETLKW64, {type=F_WRLCK, whence=SEEK_SET, start=0, len=0}, 0xbfef78e4) = 0
22008 14:51:04.560603 ftruncate64(4, 0) = 0
22008 14:51:04.560621 _llseek(4, 0, [0], SEEK_SET) = 0
22008 14:51:04.560633 write(5, "\v", 1 <unfinished ...>
22006 14:51:04.560641 <... read resumed> "\v", 1) = 1
22008 14:51:04.560646 <... write resumed> ) = 1
22006 14:51:04.560652 write(4, "\1\0\0\0", 4) = 4
22006 14:51:04.560663 read(4,  <unfinished ...>
22008 14:51:04.560670 read(5, "\1\0\0\0", 4) = 4
22008 14:51:04.560681 write(5, "\v", 1 <unfinished ...>
22006 14:51:04.560688 <... read resumed> "\v", 1) = 1
22008 14:51:04.560693 <... write resumed> ) = 1
22006 14:51:04.560699 write(4, "\1\0\0\0", 4) = 4
22006 14:51:04.560710 read(4,  <unfinished ...>
22008 14:51:04.560716 read(5, "\1\0\0\0", 4) = 4
22008 14:51:04.560728 write(5, "\r", 1 <unfinished ...>
22006 14:51:04.560735 <... read resumed> "\r", 1) = 1
22008 14:51:04.560740 <... write resumed> ) = 1
22006 14:51:04.560747 select(6, [5], NULL, NULL, {60, 0}) = 1 (in [5], left {60, 0})
22006 14:51:04.560763 accept(5, {sa_family=AF_INET, sin_port=htons(50526), sin_addr=inet_addr("127.0.0.1")}, [16]) = 6
22006 14:51:04.560785 write(4, "\1", 1) = 1
22006 14:51:04.560797 sendmsg(4, {msg_name(0)=NULL, msg_iov(1)=[{"\0", 1}], msg_controllen=16, {cmsg_len=16, cmsg_level=SOL_SOCKET, cmsg_type=SCM_RIGHTS, {6}}, msg_flags=0}, 0) = 1
22006 14:51:04.560815 close(6)          = 0
22006 14:51:04.560824 read(4,  <unfinished ...>
22008 14:51:04.560831 read(5, "\1", 1)  = 1
22008 14:51:04.560844 recvmsg(5, {msg_name(0)=NULL, msg_iov(1)=[{"\0", 1}], msg_controllen=16, {cmsg_len=16, cmsg_level=SOL_SOCKET, cmsg_type=SCM_RIGHTS, {6}}, msg_flags=0}, 0) = 1
22008 14:51:04.560862 setsockopt(6, SOL_SOCKET, SO_KEEPALIVE, [1], 4) = 0
22008 14:51:04.560874 setsockopt(6, SOL_IP, IP_TOS, [8], 4) = 0
22008 14:51:04.560886 setsockopt(6, SOL_SOCKET, SO_LINGER, {onoff=1, linger=32767}, 8) = 0
22008 14:51:04.560898 rt_sigaction(SIGALRM, {0x805cad0, ~[RTMIN RT_1], 0}, NULL, 8) = 0
22008 14:51:04.560911 alarm(300)        = 300
22008 14:51:04.560924 write(0, "150 Ok to send data.\r\n", 22) = 22
22008 14:51:04.560990 read(6, "assasaaa\na\na\na\na\n", 65536) = 17
22008 14:51:04.561004 write(4, "assasaaa\na\na\na\na\n", 17) = 17
22008 14:51:04.561020 read(6, "", 65536) = 0
22008 14:51:04.561031 rt_sigaction(SIGALRM, {0x805cad0, ~[RTMIN RT_1], 0}, NULL, 8) = 0
22008 14:51:04.561045 alarm(300)        = 300
22008 14:51:04.561055 close(6)          = 0
22008 14:51:04.561073 alarm(0)          = 300
22008 14:51:04.561084 gettimeofday({1495651864, 561087}, NULL) = 0
22011 14:51:04.561095 <... recv resumed> "USER msfadmin\r\n", 4096, MSG_PEEK) = 15
22008 14:51:04.561109 gettimeofday( <unfinished ...>
22011 14:51:04.561117 read(0, "USER msfadmin\r\n", 15) = 15
22008 14:51:04.561128 <... gettimeofday resumed> {1495651864, 561126}, NULL) = 0
22011 14:51:04.561143 write(0, "331 Any password will do.\r\n", 27 <unfinished ...>
22008 14:51:04.561156 fcntl64(3, F_SETLKW64, {type=F_WRLCK, whence=SEEK_SET, start=0, len=0}, 0xbfef7884) = 0
22008 14:51:04.561174 write(3, "Wed May 24 14:51:04 2017 [pid 22008] [msfadmin] OK UPLOAD: Client \"127.0.0.1\", \"/home/msfadmin/myfile37\", 17 bytes, 25.15Kbyte/sec\n", 131 <unfinished ...>
22011 14:51:04.561215 <... write resumed> ) = 27
22008 14:51:04.561226 <... write resumed> ) = 131
22011 14:51:04.561233 rt_sigaction(SIGALRM, {0x805cad0, ~[RTMIN RT_1], 0},  <unfinished ...>
22008 14:51:04.561244 fcntl64(3, F_SETLK64, {type=F_UNLCK, whence=SEEK_SET, start=0, len=0}, 0xbfef788c) = 0
22011 14:51:04.561257 <... rt_sigaction resumed> NULL, 8) = 0
22011 14:51:04.561263 alarm(300 <unfinished ...>
22008 14:51:04.561272 write(0, "226 Transfer complete.\r\n", 24 <unfinished ...>
22011 14:51:04.561280 <... alarm resumed> ) = 299
22011 14:51:04.561287 recv(0, "PASS msfadmin\r\n", 4096, MSG_PEEK) = 15
22008 14:51:04.561327 <... write resumed> ) = 24
22011 14:51:04.561336 read(0, "PASS msfadmin\r\n", 15) = 15
22008 14:51:04.561348 write(5, "\n", 1 <unfinished ...>
22011 14:51:04.561360 write(0, "230 Already logged in.\r\n", 24 <unfinished ...>
22006 14:51:04.561370 <... read resumed> "\n", 1) = 1
22008 14:51:04.561375 <... write resumed> ) = 1
22006 14:51:04.561381 close(5)          = 0
22006 14:51:04.561393 write(4, "\1", 1) = 1
22006 14:51:04.561404 read(4,  <unfinished ...>
22008 14:51:04.561411 read(5, "\1", 1)  = 1
22008 14:51:04.561422 close(4)          = 0
22011 14:51:04.561487 <... write resumed> ) = 24
22008 14:51:04.561501 rt_sigaction(SIGALRM, {0x805cad0, ~[RTMIN RT_1], 0}, NULL, 8) = 0
22011 14:51:04.561517 rt_sigaction(SIGALRM, {0x805cad0, ~[RTMIN RT_1], 0},  <unfinished ...>
22008 14:51:04.561527 alarm(300)        = 0
22011 14:51:04.561536 <... rt_sigaction resumed> NULL, 8) = 0
22011 14:51:04.561542 alarm(300 <unfinished ...>
22008 14:51:04.561550 recv(0,  <unfinished ...>
22011 14:51:04.561556 <... alarm resumed> ) = 300
22011 14:51:04.561565 recv(0, "TYPE I\r\n", 4096, MSG_PEEK) = 8
22011 14:51:04.561577 read(0, "TYPE I\r\n", 8) = 8
22011 14:51:04.561592 write(0, "200 Switching to Binary mode.\r\n", 31) = 31
22011 14:51:04.561631 rt_sigaction(SIGALRM, {0x805cad0, ~[RTMIN RT_1], 0}, NULL, 8) = 0
22011 14:51:04.561645 alarm(300)        = 300
22011 14:51:04.561657 recv(0, "PASV\r\n", 4096, MSG_PEEK) = 6
22011 14:51:04.561668 read(0, "PASV\r\n", 6) = 6
22011 14:51:04.561680 write(5, "\n", 1) = 1
22011 14:51:04.561691 read(5,  <unfinished ...>
22009 14:51:04.561699 <... read resumed> "\n", 1) = 1
22009 14:51:04.561708 write(4, "\1", 1) = 1
22011 14:51:04.561719 <... read resumed> "\1", 1) = 1
22011 14:51:04.561726 write(5, "\f", 1) = 1
22011 14:51:04.561736 read(5,  <unfinished ...>
22009 14:51:04.561753 read(4, "\f", 1)  = 1
22009 14:51:04.561768 socket(PF_INET, SOCK_STREAM, IPPROTO_TCP) = 5
22009 14:51:04.561782 setsockopt(5, SOL_SOCKET, SO_REUSEADDR, [1], 4) = 0
22009 14:51:04.561796 bind(5, {sa_family=AF_INET, sin_port=htons(54259), sin_addr=inet_addr("127.0.0.1")}, 16) = 0
22009 14:51:04.561811 listen(5, 1)      = 0
22009 14:51:04.561824 write(4, "\363\323\0\0", 4) = 4
22011 14:51:04.561836 <... read resumed> "\363\323\0\0", 4) = 4
22011 14:51:04.561848 write(0, "227 Entering Passive Mode (127,0,0,1,211,243).\r\n", 48) = 48
22011 14:51:04.561944 rt_sigaction(SIGALRM, {0x805cad0, ~[RTMIN RT_1], 0}, NULL, 8) = 0
22011 14:51:04.561961 alarm(300)        = 300
22011 14:51:04.561973 recv(0, "RETR myfile11\r\n", 4096, MSG_PEEK) = 15
22011 14:51:04.561985 read(0, "RETR myfile11\r\n", 15) = 15
22011 14:51:04.561998 write(5, "\v", 1) = 1
22011 14:51:04.562009 read(5,  <unfinished ...>
22009 14:51:04.562017 read(4, "\v", 1)  = 1
22009 14:51:04.562028 write(4, "\1\0\0\0", 4) = 4
22011 14:51:04.562039 <... read resumed> "\1\0\0\0", 4) = 4
22011 14:51:04.562047 gettimeofday({1495651864, 562051}, NULL) = 0
22011 14:51:04.562058 getcwd("/home/msfadmin", 4096) = 15
22011 14:51:04.562070 open("myfile11", O_RDONLY|O_NONBLOCK|O_LARGEFILE) = 4
22011 14:51:04.562084 fcntl64(4, F_SETLKW64, {type=F_RDLCK, whence=SEEK_SET, start=0, len=0}, 0xbfc73e84) = 0
22011 14:51:04.562098 fstat64(4, {st_mode=S_IFREG|0644, st_size=17, ...}) = 0
22011 14:51:04.562119 fcntl64(4, F_GETFL) = 0x8800 (flags O_RDONLY|O_NONBLOCK|O_LARGEFILE)
22011 14:51:04.562130 fcntl64(4, F_SETFL, O_RDONLY|O_LARGEFILE) = 0
22011 14:51:04.562153 write(5, "\v", 1) = 1
22011 14:51:04.562166 read(5,  <unfinished ...>
22009 14:51:04.562173 read(4, "\v", 1)  = 1
22009 14:51:04.562185 write(4, "\1\0\0\0", 4) = 4
22011 14:51:04.562196 <... read resumed> "\1\0\0\0", 4) = 4
22011 14:51:04.562203 write(5, "\v", 1) = 1
22011 14:51:04.562213 read(5,  <unfinished ...>
22009 14:51:04.562220 read(4, "\v", 1)  = 1
22009 14:51:04.562231 write(4, "\1\0\0\0", 4) = 4
22011 14:51:04.562242 <... read resumed> "\1\0\0\0", 4) = 4
22011 14:51:04.562249 write(5, "\r", 1) = 1
22011 14:51:04.562260 read(5,  <unfinished ...>
22009 14:51:04.562266 read(4, "\r", 1)  = 1
22009 14:51:04.562279 select(6, [5], NULL, NULL, {60, 0}) = 1 (in [5], left {60, 0})
22009 14:51:04.562295 accept(5, {sa_family=AF_INET, sin_port=htons(58130), sin_addr=inet_addr("127.0.0.1")}, [16]) = 6
22009 14:51:04.562317 write(4, "\1", 1) = 1
22011 14:51:04.562328 <... read resumed> "\1", 1) = 1
22011 14:51:04.562337 recvmsg(5,  <unfinished ...>
22009 14:51:04.562345 sendmsg(4, {msg_name(0)=NULL, msg_iov(1)=[{"\0", 1}], msg_controllen=16, {cmsg_len=16, cmsg_level=SOL_SOCKET, cmsg_type=SCM_RIGHTS, {6}}, msg_flags=0}, 0) = 1
22011 14:51:04.562362 <... recvmsg resumed> {msg_name(0)=NULL, msg_iov(1)=[{"\0", 1}], msg_controllen=16, {cmsg_len=16, cmsg_level=SOL_SOCKET, cmsg_type=SCM_RIGHTS, {6}}, msg_flags=0}, 0) = 1
22011 14:51:04.562376 setsockopt(6, SOL_SOCKET, SO_KEEPALIVE, [1], 4) = 0
22011 14:51:04.562388 setsockopt(6, SOL_IP, IP_TOS, [8], 4) = 0
22011 14:51:04.562400 setsockopt(6, SOL_SOCKET, SO_LINGER, {onoff=1, linger=32767}, 8) = 0
22011 14:51:04.562412 rt_sigaction(SIGALRM, {0x805cad0, ~[RTMIN RT_1], 0}, NULL, 8) = 0
22011 14:51:04.562425 alarm(300)        = 300
22011 14:51:04.562456 write(0, "150 Opening BINARY mode data connection for myfile11 (17 bytes).\r\n", 66) = 66
22011 14:51:04.562505 _llseek(4, 0, [0], SEEK_CUR) = 0
22011 14:51:04.562527 fstat64(4, {st_mode=S_IFREG|0644, st_size=17, ...}) = 0
22011 14:51:04.562544 _llseek(4, 0, [0], SEEK_SET) = 0
22011 14:51:04.562555 sendfile(6, 4, NULL, 17) = 17
22011 14:51:04.562584 rt_sigaction(SIGALRM, {0x805cad0, ~[RTMIN RT_1], 0}, NULL, 8) = 0
22011 14:51:04.562598 alarm(300)        = 300
22011 14:51:04.562608 close(6)          = 0
22011 14:51:04.562617 alarm(0)          = 300
22011 14:51:04.562627 gettimeofday({1495651864, 562631}, NULL) = 0
22011 14:51:04.562642 gettimeofday({1495651864, 562646}, NULL) = 0
22011 14:51:04.562655 fcntl64(3, F_SETLKW64, {type=F_WRLCK, whence=SEEK_SET, start=0, len=0}, 0xbfc73e24) = 0
22011 14:51:04.562670 write(3, "Wed May 24 14:51:04 2017 [pid 22011] [msfadmin] OK DOWNLOAD: Client \"127.0.0.1\", \"/home/msfadmin/myfile11\", 17 bytes, 27.90Kbyte/sec\n", 133) = 133
22011 14:51:04.562690 fcntl64(3, F_SETLK64, {type=F_UNLCK, whence=SEEK_SET, start=0, len=0}, 0xbfc73e2c) = 0
22011 14:51:04.562705 write(0, "226 Transfer complete.\r\n", 24) = 24
22011 14:51:04.562720 write(5, "\n", 1) = 1
22011 14:51:04.562730 read(5,  <unfinished ...>
22009 14:51:04.562737 close(6)          = 0
22009 14:51:04.562814 read(4, "\n", 1)  = 1
22009 14:51:04.562827 close(5)          = 0
22009 14:51:04.562839 write(4, "\1", 1) = 1
22011 14:51:04.562850 <... read resumed> "\1", 1) = 1
22011 14:51:04.562857 close(4)          = 0
22011 14:51:04.562868 rt_sigaction(SIGALRM, {0x805cad0, ~[RTMIN RT_1], 0}, NULL, 8) = 0
22011 14:51:04.562881 alarm(300)        = 0
22011 14:51:04.562892 recv(0,  <unfinished ...>
22009 14:51:04.562900 read(4,  <unfinished ...>
22008 14:51:05.100915 <... recv resumed> "TYPE I\r\n", 4096, MSG_PEEK) = 8
22008 14:51:05.101024 read(0, "TYPE I\r\n", 8) = 8
22008 14:51:05.101120 write(0, "200 Switching to Binary mode.\r\n", 31) = 31
22008 14:51:05.101213 rt_sigaction(SIGALRM, {0x805cad0, ~[RTMIN RT_1], 0}, NULL, 8) = 0
22008 14:51:05.101245 alarm(300)        = 299
22008 14:51:05.101271 recv(0, "PASV\r\n", 4096, MSG_PEEK) = 6
22008 14:51:05.101286 read(0, "PASV\r\n", 6) = 6
22008 14:51:05.101306 write(5, "\n", 1 <unfinished ...>
22006 14:51:05.101318 <... read resumed> "\n", 1) = 1
22008 14:51:05.101323 <... write resumed> ) = 1
22006 14:51:05.101330 write(4, "\1", 1) = 1
22006 14:51:05.101341 read(4,  <unfinished ...>
22008 14:51:05.101348 read(5, "\1", 1)  = 1
22008 14:51:05.101360 write(5, "\f", 1 <unfinished ...>
22006 14:51:05.101367 <... read resumed> "\f", 1) = 1
22008 14:51:05.101372 <... write resumed> ) = 1
22006 14:51:05.101379 socket(PF_INET, SOCK_STREAM, IPPROTO_TCP) = 5
22006 14:51:05.101395 setsockopt(5, SOL_SOCKET, SO_REUSEADDR, [1], 4) = 0
22006 14:51:05.101409 bind(5, {sa_family=AF_INET, sin_port=htons(44313), sin_addr=inet_addr("127.0.0.1")}, 16) = 0
22006 14:51:05.101425 listen(5, 1)      = 0
22006 14:51:05.101439 write(4, "\31\255\0\0", 4) = 4
22006 14:51:05.101451 read(4,  <unfinished ...>
22008 14:51:05.101458 read(5, "\31\255\0\0", 4) = 4
22008 14:51:05.101474 write(0, "227 Entering Passive Mode (127,0,0,1,173,25).\r\n", 47) = 47
22008 14:51:05.101589 rt_sigaction(SIGALRM, {0x805cad0, ~[RTMIN RT_1], 0}, NULL, 8) = 0
22008 14:51:05.101606 alarm(300)        = 300
22008 14:51:05.101617 recv(0, "STOR myfile38\r\n", 4096, MSG_PEEK) = 15
22008 14:51:05.101630 read(0, "STOR myfile38\r\n", 15) = 15
22008 14:51:05.101643 write(5, "\v", 1 <unfinished ...>
22006 14:51:05.101651 <... read resumed> "\v", 1) = 1
22008 14:51:05.101656 <... write resumed> ) = 1
22006 14:51:05.101662 write(4, "\1\0\0\0", 4) = 4
22006 14:51:05.101673 read(4,  <unfinished ...>
22008 14:51:05.101680 read(5, "\1\0\0\0", 4) = 4
22008 14:51:05.101691 gettimeofday({1495651865, 101695}, NULL) = 0
22008 14:51:05.101703 getcwd("/home/msfadmin", 4096) = 15
22008 14:51:05.101715 open("myfile38", O_WRONLY|O_CREAT|O_NONBLOCK|O_LARGEFILE, 0666) = 4
22008 14:51:05.101764 fstat64(4, {st_mode=S_IFREG|0644, st_size=17, ...}) = 0
22008 14:51:05.101793 fcntl64(4, F_GETFL) = 0x8801 (flags O_WRONLY|O_NONBLOCK|O_LARGEFILE)
22008 14:51:05.101804 fcntl64(4, F_SETFL, O_WRONLY|O_LARGEFILE) = 0
22008 14:51:05.101814 fcntl64(4, F_SETLKW64, {type=F_WRLCK, whence=SEEK_SET, start=0, len=0}, 0xbfef78e4) = 0
22008 14:51:05.101829 ftruncate64(4, 0) = 0
22008 14:51:05.101847 _llseek(4, 0, [0], SEEK_SET) = 0
22008 14:51:05.101859 write(5, "\v", 1 <unfinished ...>
22006 14:51:05.101867 <... read resumed> "\v", 1) = 1
22008 14:51:05.101872 <... write resumed> ) = 1
22006 14:51:05.101878 write(4, "\1\0\0\0", 4) = 4
22006 14:51:05.101889 read(4,  <unfinished ...>
22008 14:51:05.101896 read(5, "\1\0\0\0", 4) = 4
22008 14:51:05.101907 write(5, "\v", 1 <unfinished ...>
