19773 14:27:33.291998 mmap2(NULL, 1624, PROT_READ, MAP_SHARED, 5, 0) = 0xb7efd000
19773 14:27:33.292008 _llseek(5, 1624, [1624], SEEK_SET) = 0
19773 14:27:33.292024 munmap(0xb7efd000, 1624) = 0
19773 14:27:33.292034 close(5)          = 0
19773 14:27:33.292046 open("/etc/shadow", O_RDONLY|0x80000 /* O_??? */) = 5
19773 14:27:33.292062 _llseek(5, 0, [0], SEEK_CUR) = 0
19773 14:27:33.292072 fstat64(5, {st_mode=S_IFREG|0640, st_size=1233, ...}) = 0
19773 14:27:33.292088 mmap2(NULL, 1233, PROT_READ, MAP_SHARED, 5, 0) = 0xb7efd000
19773 14:27:33.292098 _llseek(5, 1233, [1233], SEEK_SET) = 0
19773 14:27:33.292114 munmap(0xb7efd000, 1233) = 0
19773 14:27:33.292124 close(5)          = 0
19773 14:27:33.292355 getuid32()        = 0
19773 14:27:33.292366 open("/etc/passwd", O_RDONLY|0x80000 /* O_??? */) = 5
19773 14:27:33.292378 _llseek(5, 0, [0], SEEK_CUR) = 0
19773 14:27:33.292388 fstat64(5, {st_mode=S_IFREG|0644, st_size=1624, ...}) = 0
19773 14:27:33.292404 mmap2(NULL, 1624, PROT_READ, MAP_SHARED, 5, 0) = 0xb7efd000
19773 14:27:33.292414 _llseek(5, 1624, [1624], SEEK_SET) = 0
19773 14:27:33.292430 munmap(0xb7efd000, 1624) = 0
19773 14:27:33.292439 close(5)          = 0
19773 14:27:33.292454 open("/etc/shadow", O_RDONLY|0x80000 /* O_??? */) = 5
19773 14:27:33.292467 _llseek(5, 0, [0], SEEK_CUR) = 0
19773 14:27:33.292477 fstat64(5, {st_mode=S_IFREG|0640, st_size=1233, ...}) = 0
19773 14:27:33.292494 mmap2(NULL, 1233, PROT_READ, MAP_SHARED, 5, 0) = 0xb7efd000
19773 14:27:33.292504 _llseek(5, 1233, [1233], SEEK_SET) = 0
19773 14:27:33.292521 munmap(0xb7efd000, 1233) = 0
19773 14:27:33.292530 close(5)          = 0
19773 14:27:33.292541 time(NULL)        = 1495650453
19773 14:27:33.292557 munmap(0xb7efa000, 12164) = 0
19773 14:27:33.292570 munmap(0xb7ef8000, 7136) = 0
19773 14:27:33.292584 munmap(0xb7d2d000, 95428) = 0
19773 14:27:33.292595 munmap(0xb7cf3000, 201052) = 0
19773 14:27:33.292606 munmap(0xb7cda000, 101180) = 0
19773 14:27:33.292622 gettimeofday({1495650453, 292626}, NULL) = 0
19773 14:27:33.292633 stat64("/usr/share/zoneinfo/UTC+04:00", 0xbf96b2d4) = -1 ENOENT (No such file or directory)
19773 14:27:33.292648 open("/usr/share/zoneinfo/UTC+04:00", O_RDONLY) = -1 ENOENT (No such file or directory)
19773 14:27:33.292673 fcntl64(3, F_SETLKW64, {type=F_WRLCK, whence=SEEK_SET, start=0, len=0}, 0xbf96b424) = 0
19773 14:27:33.292689 write(3, "Wed May 24 14:27:33 2017 [pid 19773] [msfadmin] OK LOGIN: Client \"127.0.0.1\"\n", 77) = 77
19773 14:27:33.292705 fcntl64(3, F_SETLK64, {type=F_UNLCK, whence=SEEK_SET, start=0, len=0}, 0xbf96b42c) = 0
19773 14:27:33.292718 rt_sigaction(SIGCHLD, {0x805cad0, ~[RTMIN RT_1], 0}, NULL, 8) = 0
19773 14:27:33.292732 write(4, "\1", 1 <unfinished ...>
19774 14:27:33.292742 <... read resumed> "\1", 1) = 1
19773 14:27:33.292747 <... write resumed> ) = 1
19774 14:27:33.292754 exit_group(0)     = ?
19773 14:27:33.292783 --- SIGCHLD (Child exited) @ 0 (0) ---
19773 14:27:33.292790 sigreturn()       = ? (mask now [])
19773 14:27:33.292809 wait4(-1, [{WIFEXITED(s) && WEXITSTATUS(s) == 0}], 0, NULL) = 19774
19773 14:27:33.292822 close(4)          = 0
19773 14:27:33.292834 socketpair(PF_FILE, SOCK_STREAM, 0, [4, 5]) = 0
19773 14:27:33.292848 rt_sigaction(SIGCHLD, {0x805cad0, ~[RTMIN RT_1], 0}, NULL, 8) = 0
19773 14:27:33.292893 rt_sigaction(SIGALRM, {0x805cb10, ~[RTMIN RT_1], 0}, NULL, 8) = 0
19773 14:27:33.292916 clone(child_stack=0, flags=CLONE_CHILD_CLEARTID|CLONE_CHILD_SETTID|SIGCHLD, child_tidptr=0xb7d636f8) = 19775
19775 14:27:33.292967 prctl(0x1, 0x9, 0, 0, 0) = 0
19775 14:27:33.292980 close(4)          = 0
19775 14:27:33.293007 open("/etc/passwd", O_RDONLY|0x80000 /* O_??? */) = 4
19775 14:27:33.293023 _llseek(4, 0, [0], SEEK_CUR) = 0
19775 14:27:33.293039 fstat64(4, {st_mode=S_IFREG|0644, st_size=1624, ...}) = 0
19775 14:27:33.293057 mmap2(NULL, 1624, PROT_READ, MAP_SHARED, 4, 0) = 0xb7efd000
19775 14:27:33.293068 _llseek(4, 1624, [1624], SEEK_SET) = 0
19775 14:27:33.293091 munmap(0xb7efd000, 1624) = 0
19775 14:27:33.293103 close(4)          = 0
19775 14:27:33.293115 getuid32()        = 0
19775 14:27:33.293125 open("/etc/passwd", O_RDONLY|0x80000 /* O_??? */) = 4
19775 14:27:33.293138 _llseek(4, 0, [0], SEEK_CUR) = 0
19775 14:27:33.293148 fstat64(4, {st_mode=S_IFREG|0644, st_size=1624, ...}) = 0
19775 14:27:33.293164 mmap2(NULL, 1624, PROT_READ, MAP_SHARED, 4, 0) = 0xb7efd000
19775 14:27:33.293175 _llseek(4, 1624, [1624], SEEK_SET) = 0
19775 14:27:33.293195 munmap(0xb7efd000, 1624) = 0
19775 14:27:33.293204 close(4)          = 0
19775 14:27:33.293229 open("/proc/sys/kernel/ngroups_max", O_RDONLY) = 4
19775 14:27:33.293251 read(4, "65536\n", 31) = 6
19775 14:27:33.293263 close(4)          = 0
19775 14:27:33.293276 socket(PF_FILE, SOCK_STREAM, 0) = 4
19775 14:27:33.293289 fcntl64(4, F_SETFL, O_RDWR|O_NONBLOCK) = 0
19775 14:27:33.293299 connect(4, {sa_family=AF_FILE, path="/var/run/nscd/socket"}, 110) = -1 ENOENT (No such file or directory)
19775 14:27:33.293320 close(4)          = 0
19775 14:27:33.293331 socket(PF_FILE, SOCK_STREAM, 0) = 4
19775 14:27:33.293341 fcntl64(4, F_SETFL, O_RDWR|O_NONBLOCK) = 0
19775 14:27:33.293351 connect(4, {sa_family=AF_FILE, path="/var/run/nscd/socket"}, 110) = -1 ENOENT (No such file or directory)
19775 14:27:33.293369 close(4)          = 0
19775 14:27:33.293394 open("/etc/group", O_RDONLY|0x80000 /* O_??? */) = 4
19775 14:27:33.293408 _llseek(4, 0, [0], SEEK_CUR) = 0
19775 14:27:33.293419 fstat64(4, {st_mode=S_IFREG|0644, st_size=886, ...}) = 0
19775 14:27:33.293435 mmap2(NULL, 886, PROT_READ, MAP_SHARED, 4, 0) = 0xb7efd000
19775 14:27:33.293446 _llseek(4, 886, [886], SEEK_SET) = 0
19775 14:27:33.293470 fstat64(4, {st_mode=S_IFREG|0644, st_size=886, ...}) = 0
19775 14:27:33.293487 munmap(0xb7efd000, 886) = 0
19775 14:27:33.293497 close(4)          = 0
19775 14:27:33.293507 setgroups32(13, [1000, 4, 20, 24, 25, 29, 30, 44, 46, 107, 111, 112, 119]) = 0
19775 14:27:33.293523 geteuid32()       = 0
19775 14:27:33.293533 getegid32()       = 0
19775 14:27:33.293544 setregid32(-1, 1000) = 0
19775 14:27:33.293554 setreuid32(-1, 1000) = 0
19775 14:27:33.293565 chdir("/home/msfadmin") = 0
19775 14:27:33.293577 setreuid32(-1, 0) = 0
19775 14:27:33.293586 setregid32(-1, 0) = 0
19775 14:27:33.293596 setgid32(1000)    = 0
19775 14:27:33.293606 setuid32(1000)    = 0
19775 14:27:33.293616 setrlimit(RLIMIT_NPROC, {rlim_cur=0, rlim_max=0}) = 0
19775 14:27:33.293629 mmap2(NULL, 12288, PROT_READ|PROT_WRITE, MAP_PRIVATE|MAP_ANONYMOUS, -1, 0) = 0xb7efb000
19775 14:27:33.293640 mprotect(0xb7efd000, 4096, PROT_NONE) = 0
19775 14:27:33.293651 mprotect(0xb7efb000, 4096, PROT_NONE) = 0
19775 14:27:33.293662 getcwd("/home/msfadmin", 4096) = 15
19775 14:27:33.293675 umask(022)        = 077
19775 14:27:33.293685 getcwd("/home/msfadmin", 4096) = 15
19775 14:27:33.293698 open(".message", O_RDONLY|O_NONBLOCK|O_LARGEFILE) = -1 ENOENT (No such file or directory)
19775 14:27:33.293720 write(0, "230 Login successful.\r\n", 23) = 23
19775 14:27:33.293801 rt_sigaction(SIGALRM, {0x805cad0, ~[RTMIN RT_1], 0}, NULL, 8) = 0
19775 14:27:33.293818 alarm(300)        = 0
19775 14:27:33.293856 mmap2(NULL, 12288, PROT_READ|PROT_WRITE, MAP_PRIVATE|MAP_ANONYMOUS, -1, 0) = 0xb7ef8000
19775 14:27:33.293869 mprotect(0xb7efa000, 4096, PROT_NONE) = 0
19775 14:27:33.293880 mprotect(0xb7ef8000, 4096, PROT_NONE) = 0
19775 14:27:33.293903 recv(0, "TYPE I\r\n", 4096, MSG_PEEK) = 8
19775 14:27:33.293916 read(0, "TYPE I\r\n", 8) = 8
19775 14:27:33.293933 write(0, "200 Switching to Binary mode.\r\n", 31) = 31
19775 14:27:33.293974 rt_sigaction(SIGALRM, {0x805cad0, ~[RTMIN RT_1], 0}, NULL, 8) = 0
19775 14:27:33.293989 alarm(300)        = 300
19775 14:27:33.294000 recv(0, "PASV\r\n", 4096, MSG_PEEK) = 6
19775 14:27:33.294011 read(0, "PASV\r\n", 6) = 6
19775 14:27:33.294023 write(5, "\n", 1) = 1
19775 14:27:33.294034 read(5,  <unfinished ...>
19773 14:27:33.294046 close(5)          = 0
19773 14:27:33.294058 getuid32()        = 0
19773 14:27:33.294073 open("/etc/passwd", O_RDONLY|0x80000 /* O_??? */) = 5
19773 14:27:33.294087 _llseek(5, 0, [0], SEEK_CUR) = 0
19773 14:27:33.294099 fstat64(5, {st_mode=S_IFREG|0644, st_size=1624, ...}) = 0
19773 14:27:33.294117 mmap2(NULL, 1624, PROT_READ, MAP_SHARED, 5, 0) = 0xb7efd000
19773 14:27:33.294128 _llseek(5, 1624, [1624], SEEK_SET) = 0
19773 14:27:33.294146 munmap(0xb7efd000, 1624) = 0
19773 14:27:33.294157 close(5)          = 0
19773 14:27:33.294172 setgroups32(0, []) = 0
19773 14:27:33.294184 chdir("/usr/share/empty") = 0
19773 14:27:33.294200 chroot(".")       = 0
19773 14:27:33.294211 capset(NULL, NULL) = -1 EFAULT (Bad address)
19773 14:27:33.294224 prctl(0x8, 0, 0xbf96b408, 0x80549a6, 0xbf96b3f0) = 0
19773 14:27:33.294235 prctl(0x8, 0x1, 0xbf96b408, 0x8054a49, 0xbf96b3f0) = 0
19773 14:27:33.294245 setgid32(65534)   = 0
19773 14:27:33.294255 setuid32(65534)   = 0
19773 14:27:33.294264 capset(0x19980330, 0, {CAP_NET_BIND_SERVICE, CAP_NET_BIND_SERVICE, 0}) = 0
19773 14:27:33.294277 read(4, "\n", 1)  = 1
19773 14:27:33.294290 write(4, "\1", 1) = 1
19775 14:27:33.294301 <... read resumed> "\1", 1) = 1
19775 14:27:33.294309 write(5, "\f", 1) = 1
19775 14:27:33.294319 read(5,  <unfinished ...>
19773 14:27:33.294325 read(4, "\f", 1)  = 1
19773 14:27:33.294337 socket(PF_INET, SOCK_STREAM, IPPROTO_TCP) = 5
19773 14:27:33.294351 setsockopt(5, SOL_SOCKET, SO_REUSEADDR, [1], 4) = 0
19773 14:27:33.294362 gettimeofday({1495650453, 294366}, NULL) = 0
19773 14:27:33.294378 bind(5, {sa_family=AF_INET, sin_port=htons(14099), sin_addr=inet_addr("127.0.0.1")}, 16) = 0
19773 14:27:33.294394 listen(5, 1)      = 0
19773 14:27:33.294407 write(4, "\0237\0\0", 4) = 4
19775 14:27:33.294418 <... read resumed> "\0237\0\0", 4) = 4
19775 14:27:33.294432 write(0, "227 Entering Passive Mode (127,0,0,1,55,19).\r\n", 46) = 46
19775 14:27:33.294536 rt_sigaction(SIGALRM, {0x805cad0, ~[RTMIN RT_1], 0}, NULL, 8) = 0
19775 14:27:33.294553 alarm(300)        = 300
19775 14:27:33.294565 recv(0, "STOR myfile31\r\n", 4096, MSG_PEEK) = 15
19775 14:27:33.294577 read(0, "STOR myfile31\r\n", 15) = 15
19775 14:27:33.294592 write(5, "\v", 1) = 1
19775 14:27:33.294602 read(5,  <unfinished ...>
19773 14:27:33.294609 read(4, "\v", 1)  = 1
19773 14:27:33.294620 write(4, "\1\0\0\0", 4) = 4
19775 14:27:33.294631 <... read resumed> "\1\0\0\0", 4) = 4
19775 14:27:33.294639 gettimeofday({1495650453, 294643}, NULL) = 0
19775 14:27:33.294650 getcwd("/home/msfadmin", 4096) = 15
19775 14:27:33.294662 open("myfile31", O_WRONLY|O_CREAT|O_NONBLOCK|O_LARGEFILE, 0666) = 4
19775 14:27:33.294675 fstat64(4, {st_mode=S_IFREG|0644, st_size=17, ...}) = 0
19775 14:27:33.294692 fcntl64(4, F_GETFL) = 0x8801 (flags O_WRONLY|O_NONBLOCK|O_LARGEFILE)
19775 14:27:33.294703 fcntl64(4, F_SETFL, O_WRONLY|O_LARGEFILE) = 0
19775 14:27:33.294712 fcntl64(4, F_SETLKW64, {type=F_WRLCK, whence=SEEK_SET, start=0, len=0}, 0xbf96b354) = 0
19775 14:27:33.294727 ftruncate64(4, 0) = 0
19775 14:27:33.294746 _llseek(4, 0, [0], SEEK_SET) = 0
19775 14:27:33.294757 write(5, "\v", 1) = 1
19775 14:27:33.294767 read(5,  <unfinished ...>
19773 14:27:33.294774 read(4, "\v", 1)  = 1
19773 14:27:33.294785 write(4, "\1\0\0\0", 4) = 4
19775 14:27:33.294824 <... read resumed> "\1\0\0\0", 4) = 4
19775 14:27:33.294833 write(5, "\v", 1) = 1
19775 14:27:33.294843 read(5,  <unfinished ...>
19773 14:27:33.294859 read(4, "\v", 1)  = 1
19773 14:27:33.294870 write(4, "\1\0\0\0", 4) = 4
19775 14:27:33.294880 <... read resumed> "\1\0\0\0", 4) = 4
19775 14:27:33.294887 write(5, "\r", 1) = 1
19775 14:27:33.294897 read(5,  <unfinished ...>
19773 14:27:33.294904 read(4, "\r", 1)  = 1
19773 14:27:33.294916 select(6, [5], NULL, NULL, {60, 0}) = 1 (in [5], left {60, 0})
19773 14:27:33.294933 accept(5, {sa_family=AF_INET, sin_port=htons(51139), sin_addr=inet_addr("127.0.0.1")}, [16]) = 6
19773 14:27:33.294955 write(4, "\1", 1) = 1
19775 14:27:33.294966 <... read resumed> "\1", 1) = 1
19775 14:27:33.294975 recvmsg(5,  <unfinished ...>
19773 14:27:33.294985 sendmsg(4, {msg_name(0)=NULL, msg_iov(1)=[{"\0", 1}], msg_controllen=16, {cmsg_len=16, cmsg_level=SOL_SOCKET, cmsg_type=SCM_RIGHTS, {6}}, msg_flags=0}, 0) = 1
19775 14:27:33.295002 <... recvmsg resumed> {msg_name(0)=NULL, msg_iov(1)=[{"\0", 1}], msg_controllen=16, {cmsg_len=16, cmsg_level=SOL_SOCKET, cmsg_type=SCM_RIGHTS, {6}}, msg_flags=0}, 0) = 1
19775 14:27:33.295015 setsockopt(6, SOL_SOCKET, SO_KEEPALIVE, [1], 4) = 0
19775 14:27:33.295027 setsockopt(6, SOL_IP, IP_TOS, [8], 4) = 0
19775 14:27:33.295038 setsockopt(6, SOL_SOCKET, SO_LINGER, {onoff=1, linger=32767}, 8) = 0
19775 14:27:33.295049 rt_sigaction(SIGALRM, {0x805cad0, ~[RTMIN RT_1], 0}, NULL, 8) = 0
19775 14:27:33.295067 alarm(300)        = 300
19775 14:27:33.295079 write(0, "150 Ok to send data.\r\n", 22) = 22
19775 14:27:33.295144 mmap2(NULL, 77824, PROT_READ|PROT_WRITE, MAP_PRIVATE|MAP_ANONYMOUS, -1, 0) = 0xb7d32000
19775 14:27:33.295157 mprotect(0xb7d44000, 4096, PROT_NONE) = 0
19775 14:27:33.295169 mprotect(0xb7d32000, 4096, PROT_NONE) = 0
19775 14:27:33.295179 read(6, "assasaaa\na\na\na\na\n", 65536) = 17
19775 14:27:33.295192 write(4, "assasaaa\na\na\na\na\n", 17) = 17
19775 14:27:33.295208 read(6, "", 65536) = 0
19775 14:27:33.295218 rt_sigaction(SIGALRM, {0x805cad0, ~[RTMIN RT_1], 0}, NULL, 8) = 0
19775 14:27:33.295231 alarm(300)        = 300
19775 14:27:33.295241 close(6)          = 0
19775 14:27:33.295250 alarm(0)          = 300
19775 14:27:33.295259 gettimeofday({1495650453, 295263}, NULL) = 0
19775 14:27:33.295276 getpid()          = 19775
19775 14:27:33.295288 gettimeofday({1495650453, 295291}, NULL) = 0
19775 14:27:33.295305 fcntl64(3, F_SETLKW64, {type=F_WRLCK, whence=SEEK_SET, start=0, len=0}, 0xbf96b2f4) = 0
19775 14:27:33.295320 write(3, "Wed May 24 14:27:33 2017 [pid 19775] [msfadmin] OK UPLOAD: Client \"127.0.0.1\", \"/home/msfadmin/myfile31\", 17 bytes, 25.62Kbyte/sec\n", 131) = 131
19775 14:27:33.295340 fcntl64(3, F_SETLK64, {type=F_UNLCK, whence=SEEK_SET, start=0, len=0}, 0xbf96b2fc) = 0
19775 14:27:33.295354 write(0, "226 Transfer complete.\r\n", 24) = 24
19775 14:27:33.295394 write(5, "\n", 1) = 1
19775 14:27:33.295406 read(5,  <unfinished ...>
19773 14:27:33.295413 close(6)          = 0
19773 14:27:33.295431 read(4, "\n", 1)  = 1
19773 14:27:33.295443 close(5)          = 0
19773 14:27:33.295453 write(4, "\1", 1) = 1
19775 14:27:33.295464 <... read resumed> "\1", 1) = 1
19775 14:27:33.295471 close(4)          = 0
19775 14:27:33.295481 rt_sigaction(SIGALRM, {0x805cad0, ~[RTMIN RT_1], 0}, NULL, 8) = 0
19775 14:27:33.295494 alarm(300)        = 0
19775 14:27:33.295505 recv(0,  <unfinished ...>
19773 14:27:33.295513 read(4,  <unfinished ...>
19768 14:27:33.812570 <... recv resumed> "USER msfadmin\r\n", 4096, MSG_PEEK) = 15
19768 14:27:33.812611 read(0, "USER msfadmin\r\n", 15) = 15
19768 14:27:33.812636 write(0, "331 Any password will do.\r\n", 27) = 27
19768 14:27:33.812682 rt_sigaction(SIGALRM, {0x805cad0, ~[RTMIN RT_1], 0}, NULL, 8) = 0
19768 14:27:33.812701 alarm(300)        = 299
19768 14:27:33.812714 recv(0, "PASS msfadmin\r\n", 4096, MSG_PEEK) = 15
19768 14:27:33.812726 read(0, "PASS msfadmin\r\n", 15) = 15
19768 14:27:33.812743 write(0, "230 Already logged in.\r\n", 24) = 24
19768 14:27:33.812807 rt_sigaction(SIGALRM, {0x805cad0, ~[RTMIN RT_1], 0}, NULL, 8) = 0
19768 14:27:33.812823 alarm(300)        = 300
19768 14:27:33.812835 recv(0, "TYPE I\r\n", 4096, MSG_PEEK) = 8
19768 14:27:33.812846 read(0, "TYPE I\r\n", 8) = 8
19768 14:27:33.812861 write(0, "200 Switching to Binary mode.\r\n", 31) = 31
19768 14:27:33.812898 rt_sigaction(SIGALRM, {0x805cad0, ~[RTMIN RT_1], 0}, NULL, 8) = 0
19768 14:27:33.812913 alarm(300)        = 300
19768 14:27:33.812924 recv(0, "PASV\r\n", 4096, MSG_PEEK) = 6
19768 14:27:33.812949 read(0, "PASV\r\n", 6) = 6
19768 14:27:33.812965 write(5, "\n", 1 <unfinished ...>
19766 14:27:33.812978 <... read resumed> "\n", 1) = 1
19768 14:27:33.812983 <... write resumed> ) = 1
19766 14:27:33.812990 write(4, "\1", 1) = 1
19766 14:27:33.813002 read(4,  <unfinished ...>
19768 14:27:33.813009 read(5, "\1", 1)  = 1
19768 14:27:33.813021 write(5, "\f", 1 <unfinished ...>
19766 14:27:33.813028 <... read resumed> "\f", 1) = 1
19768 14:27:33.813033 <... write resumed> ) = 1
19766 14:27:33.813041 socket(PF_INET, SOCK_STREAM, IPPROTO_TCP) = 5
19766 14:27:33.813057 setsockopt(5, SOL_SOCKET, SO_REUSEADDR, [1], 4) = 0
19766 14:27:33.813072 bind(5, {sa_family=AF_INET, sin_port=htons(5347), sin_addr=inet_addr("127.0.0.1")}, 16) = 0
19766 14:27:33.813089 listen(5, 1)      = 0
19766 14:27:33.813103 write(4, "\343\24\0\0", 4) = 4
19766 14:27:33.813115 read(4,  <unfinished ...>
19768 14:27:33.813122 read(5, "\343\24\0\0", 4) = 4
19768 14:27:33.813139 write(0, "227 Entering Passive Mode (127,0,0,1,20,227).\r\n", 47) = 47
19768 14:27:33.813264 rt_sigaction(SIGALRM, {0x805cad0, ~[RTMIN RT_1], 0}, NULL, 8) = 0
19768 14:27:33.813281 alarm(300)        = 300
19768 14:27:33.813293 recv(0, "RETR myfile19\r\n", 4096, MSG_PEEK) = 15
19768 14:27:33.813305 read(0, "RETR myfile19\r\n", 15) = 15
19768 14:27:33.813318 write(5, "\v", 1 <unfinished ...>
19766 14:27:33.813326 <... read resumed> "\v", 1) = 1
19768 14:27:33.813331 <... write resumed> ) = 1
19766 14:27:33.813338 write(4, "\1\0\0\0", 4) = 4
19766 14:27:33.813349 read(4,  <unfinished ...>
19768 14:27:33.813356 read(5, "\1\0\0\0", 4) = 4
19768 14:27:33.813368 gettimeofday({1495650453, 813372}, NULL) = 0
19768 14:27:33.813379 getcwd("/home/msfadmin", 4096) = 15
19768 14:27:33.813392 open("myfile19", O_RDONLY|O_NONBLOCK|O_LARGEFILE) = 4
19768 14:27:33.813406 fcntl64(4, F_SETLKW64, {type=F_RDLCK, whence=SEEK_SET, start=0, len=0}, 0xbfc44e54) = 0
19768 14:27:33.813422 fstat64(4, {st_mode=S_IFREG|0644, st_size=17, ...}) = 0
19768 14:27:33.813453 fcntl64(4, F_GETFL) = 0x8800 (flags O_RDONLY|O_NONBLOCK|O_LARGEFILE)
19768 14:27:33.813465 fcntl64(4, F_SETFL, O_RDONLY|O_LARGEFILE) = 0
19768 14:27:33.813477 write(5, "\v", 1 <unfinished ...>
19766 14:27:33.813486 <... read resumed> "\v", 1) = 1
19768 14:27:33.813491 <... write resumed> ) = 1
19766 14:27:33.813497 write(4, "\1\0\0\0", 4) = 4
19766 14:27:33.813509 read(4,  <unfinished ...>
19768 14:27:33.813516 read(5, "\1\0\0\0", 4) = 4
19768 14:27:33.813527 write(5, "\v", 1 <unfinished ...>
19766 14:27:33.813534 <... read resumed> "\v", 1) = 1
19768 14:27:33.813539 <... write resumed> ) = 1
19766 14:27:33.813545 write(4, "\1\0\0\0", 4) = 4
19766 14:27:33.813556 read(4,  <unfinished ...>
19768 14:27:33.813562 read(5, "\1\0\0\0", 4) = 4
19768 14:27:33.813574 write(5, "\r", 1 <unfinished ...>
19766 14:27:33.813581 <... read resumed> "\r", 1) = 1
19768 14:27:33.813586 <... write resumed> ) = 1
19766 14:27:33.813593 select(6, [5], NULL, NULL, {60, 0}) = 1 (in [5], left {60, 0})
19766 14:27:33.813610 accept(5, {sa_family=AF_INET, sin_port=htons(51037), sin_addr=inet_addr("127.0.0.1")}, [16]) = 6
19766 14:27:33.813633 write(4, "\1", 1) = 1
19766 14:27:33.813645 sendmsg(4, {msg_name(0)=NULL, msg_iov(1)=[{"\0", 1}], msg_controllen=16, {cmsg_len=16, cmsg_level=SOL_SOCKET, cmsg_type=SCM_RIGHTS, {6}}, msg_flags=0}, 0) = 1
19766 14:27:33.813662 close(6)          = 0
19766 14:27:33.813672 read(4,  <unfinished ...>
19768 14:27:33.813679 read(5, "\1", 1)  = 1
19768 14:27:33.813692 recvmsg(5, {msg_name(0)=NULL, msg_iov(1)=[{"\0", 1}], msg_controllen=16, {cmsg_len=16, cmsg_level=SOL_SOCKET, cmsg_type=SCM_RIGHTS, {6}}, msg_flags=0}, 0) = 1
19768 14:27:33.813711 setsockopt(6, SOL_SOCKET, SO_KEEPALIVE, [1], 4) = 0
19768 14:27:33.813723 setsockopt(6, SOL_IP, IP_TOS, [8], 4) = 0
19768 14:27:33.813735 setsockopt(6, SOL_SOCKET, SO_LINGER, {onoff=1, linger=32767}, 8) = 0
19768 14:27:33.813747 rt_sigaction(SIGALRM, {0x805cad0, ~[RTMIN RT_1], 0}, NULL, 8) = 0
19768 14:27:33.813760 alarm(300)        = 300
19768 14:27:33.813774 write(0, "150 Opening BINARY mode data connection for myfile19 (17 bytes).\r\n", 66) = 66
19768 14:27:33.813816 _llseek(4, 0, [0], SEEK_CUR) = 0
19768 14:27:33.813829 fstat64(4, {st_mode=S_IFREG|0644, st_size=17, ...}) = 0
19768 14:27:33.813847 _llseek(4, 0, [0], SEEK_SET) = 0
19768 14:27:33.813858 sendfile(6, 4, NULL, 17) = 17
19768 14:27:33.813889 rt_sigaction(SIGALRM, {0x805cad0, ~[RTMIN RT_1], 0}, NULL, 8) = 0
19768 14:27:33.813903 alarm(300)        = 300
19768 14:27:33.813913 close(6)          = 0
19768 14:27:33.813965 alarm(0)          = 300
19768 14:27:33.813977 gettimeofday({1495650453, 813980}, NULL) = 0
19768 14:27:33.813993 gettimeofday({1495650453, 813997}, NULL) = 0
19768 14:27:33.814008 fcntl64(3, F_SETLKW64, {type=F_WRLCK, whence=SEEK_SET, start=0, len=0}, 0xbfc44df4) = 0
19768 14:27:33.814023 write(3, "Wed May 24 14:27:33 2017 [pid 19768] [msfadmin] OK DOWNLOAD: Client \"127.0.0.1\", \"/home/msfadmin/myfile19\", 17 bytes, 26.56Kbyte/sec\n", 133) = 133
19768 14:27:33.814045 fcntl64(3, F_SETLK64, {type=F_UNLCK, whence=SEEK_SET, start=0, len=0}, 0xbfc44dfc) = 0
19768 14:27:33.814064 write(0, "226 Transfer complete.\r\n", 24) = 24
19768 14:27:33.814131 write(5, "\n", 1 <unfinished ...>
19766 14:27:33.814142 <... read resumed> "\n", 1) = 1
19768 14:27:33.814147 <... write resumed> ) = 1
19766 14:27:33.814153 close(5)          = 0
19766 14:27:33.814165 write(4, "\1", 1) = 1
19766 14:27:33.814176 read(4,  <unfinished ...>
19768 14:27:33.814184 read(5, "\1", 1)  = 1
19768 14:27:33.814195 close(4)          = 0
19768 14:27:33.814206 rt_sigaction(SIGALRM, {0x805cad0, ~[RTMIN RT_1], 0}, NULL, 8) = 0
19768 14:27:33.814219 alarm(300)        = 0
19768 14:27:33.814231 recv(0,  <unfinished ...>
19775 14:27:33.842592 <... recv resumed> "TYPE I\r\n", 4096, MSG_PEEK) = 8
19775 14:27:33.842623 read(0, "TYPE I\r\n", 8) = 8
19775 14:27:33.842646 write(0, "200 Switching to Binary mode.\r\n", 31) = 31
19775 14:27:33.842695 rt_sigaction(SIGALRM, {0x805cad0, ~[RTMIN RT_1], 0}, NULL, 8) = 0
19775 14:27:33.842714 alarm(300)        = 299
19775 14:27:33.842727 recv(0, "PASV\r\n", 4096, MSG_PEEK) = 6
19775 14:27:33.842739 read(0, "PASV\r\n", 6) = 6
19775 14:27:33.842751 write(5, "\n", 1) = 1
19775 14:27:33.842765 read(5,  <unfinished ...>
19773 14:27:33.842774 <... read resumed> "\n", 1) = 1
19773 14:27:33.842783 write(4, "\1", 1) = 1
19775 14:27:33.842795 <... read resumed> "\1", 1) = 1
19775 14:27:33.842802 write(5, "\f", 1) = 1
19775 14:27:33.842812 read(5,  <unfinished ...>
19773 14:27:33.842819 read(4, "\f", 1)  = 1
19773 14:27:33.842831 socket(PF_INET, SOCK_STREAM, IPPROTO_TCP) = 5
19773 14:27:33.842847 setsockopt(5, SOL_SOCKET, SO_REUSEADDR, [1], 4) = 0
19773 14:27:33.842862 bind(5, {sa_family=AF_INET, sin_port=htons(25468), sin_addr=inet_addr("127.0.0.1")}, 16) = 0
19773 14:27:33.842879 listen(5, 1)      = 0
19773 14:27:33.842893 write(4, "|c\0\0", 4) = 4
19775 14:27:33.842904 <... read resumed> "|c\0\0", 4) = 4
19775 14:27:33.842916 write(0, "227 Entering Passive Mode (127,0,0,1,99,124).\r\n", 47) = 47
19775 14:27:33.843069 rt_sigaction(SIGALRM, {0x805cad0, ~[RTMIN RT_1], 0}, NULL, 8) = 0
19775 14:27:33.843087 alarm(300)        = 300
19775 14:27:33.843099 recv(0, "STOR myfile32\r\n", 4096, MSG_PEEK) = 15
19775 14:27:33.843111 read(0, "STOR myfile32\r\n", 15) = 15
19775 14:27:33.843125 write(5, "\v", 1) = 1
19775 14:27:33.843136 read(5,  <unfinished ...>
19773 14:27:33.843143 read(4, "\v", 1)  = 1
19773 14:27:33.843155 write(4, "\1\0\0\0", 4) = 4
19775 14:27:33.843166 <... read resumed> "\1\0\0\0", 4) = 4
19775 14:27:33.843174 gettimeofday({1495650453, 843178}, NULL) = 0
19775 14:27:33.843185 getcwd("/home/msfadmin", 4096) = 15
19775 14:27:33.843199 open("myfile32", O_WRONLY|O_CREAT|O_NONBLOCK|O_LARGEFILE, 0666) = 4
19775 14:27:33.843213 fstat64(4, {st_mode=S_IFREG|0644, st_size=17, ...}) = 0
19775 14:27:33.843231 fcntl64(4, F_GETFL) = 0x8801 (flags O_WRONLY|O_NONBLOCK|O_LARGEFILE)
19775 14:27:33.843243 fcntl64(4, F_SETFL, O_WRONLY|O_LARGEFILE) = 0
19775 14:27:33.843253 fcntl64(4, F_SETLKW64, {type=F_WRLCK, whence=SEEK_SET, start=0, len=0}, 0xbf96b354) = 0
19775 14:27:33.843268 ftruncate64(4, 0) = 0
19775 14:27:33.843288 _llseek(4, 0, [0], SEEK_SET) = 0
19775 14:27:33.843299 write(5, "\v", 1) = 1
19775 14:27:33.843310 read(5,  <unfinished ...>
19773 14:27:33.843317 read(4, "\v", 1)  = 1
19773 14:27:33.843329 write(4, "\1\0\0\0", 4) = 4
19775 14:27:33.843340 <... read resumed> "\1\0\0\0", 4) = 4
19775 14:27:33.843347 write(5, "\v", 1) = 1
19775 14:27:33.843357 read(5,  <unfinished ...>
19773 14:27:33.843364 read(4, "\v", 1)  = 1
19773 14:27:33.843375 write(4, "\1\0\0\0", 4) = 4
19775 14:27:33.843385 <... read resumed> "\1\0\0\0", 4) = 4
19775 14:27:33.843393 write(5, "\r", 1) = 1
19775 14:27:33.843403 read(5,  <unfinished ...>
19773 14:27:33.843410 read(4, "\r", 1)  = 1
19773 14:27:33.843422 select(6, [5], NULL, NULL, {60, 0}) = 1 (in [5], left {60, 0})
19773 14:27:33.843439 accept(5, {sa_family=AF_INET, sin_port=htons(53320), sin_addr=inet_addr("127.0.0.1")}, [16]) = 6
19773 14:27:33.843462 write(4, "\1", 1) = 1
19775 14:27:33.843480 <... read resumed> "\1", 1) = 1
19775 14:27:33.843489 recvmsg(5,  <unfinished ...>
19773 14:27:33.843498 sendmsg(4, {msg_name(0)=NULL, msg_iov(1)=[{"\0", 1}], msg_controllen=16, {cmsg_len=16, cmsg_level=SOL_SOCKET, cmsg_type=SCM_RIGHTS, {6}}, msg_flags=0}, 0) = 1
19775 14:27:33.843515 <... recvmsg resumed> {msg_name(0)=NULL, msg_iov(1)=[{"\0", 1}], msg_controllen=16, {cmsg_len=16, cmsg_level=SOL_SOCKET, cmsg_type=SCM_RIGHTS, {6}}, msg_flags=0}, 0) = 1
19775 14:27:33.843529 setsockopt(6, SOL_SOCKET, SO_KEEPALIVE, [1], 4) = 0
19775 14:27:33.843542 setsockopt(6, SOL_IP, IP_TOS, [8], 4) = 0
19775 14:27:33.843554 setsockopt(6, SOL_SOCKET, SO_LINGER, {onoff=1, linger=32767}, 8) = 0
19775 14:27:33.843565 rt_sigaction(SIGALRM, {0x805cad0, ~[RTMIN RT_1], 0}, NULL, 8) = 0
19775 14:27:33.843579 alarm(300)        = 300
19775 14:27:33.843591 write(0, "150 Ok to send data.\r\n", 22) = 22
19775 14:27:33.843659 read(6, "assasaaa\na\na\na\na\n", 65536) = 17
19775 14:27:33.843673 write(4, "assasaaa\na\na\na\na\n", 17) = 17
19775 14:27:33.843690 read(6, "", 65536) = 0
19775 14:27:33.843701 rt_sigaction(SIGALRM, {0x805cad0, ~[RTMIN RT_1], 0}, NULL, 8) = 0
19775 14:27:33.843715 alarm(300)        = 300
19775 14:27:33.843725 close(6)          = 0
19775 14:27:33.843734 alarm(0)          = 300
19775 14:27:33.843744 gettimeofday({1495650453, 843748}, NULL) = 0
19775 14:27:33.843760 gettimeofday({1495650453, 843763}, NULL) = 0
19775 14:27:33.843774 fcntl64(3, F_SETLKW64, {type=F_WRLCK, whence=SEEK_SET, start=0, len=0}, 0xbf96b2f4) = 0
19775 14:27:33.843789 write(3, "Wed May 24 14:27:33 2017 [pid 19775] [msfadmin] OK UPLOAD: Client \"127.0.0.1\", \"/home/msfadmin/myfile32\", 17 bytes, 28.38Kbyte/sec\n", 131) = 131
19775 14:27:33.843811 fcntl64(3, F_SETLK64, {type=F_UNLCK, whence=SEEK_SET, start=0, len=0}, 0xbf96b2fc) = 0
19775 14:27:33.843825 write(0, "226 Transfer complete.\r\n", 24) = 24
19775 14:27:33.843870 write(5, "\n", 1) = 1
19775 14:27:33.843882 read(5,  <unfinished ...>
19773 14:27:33.843889 close(6)          = 0
19773 14:27:33.843908 read(4, "\n", 1)  = 1
19773 14:27:33.843920 close(5)          = 0
19773 14:27:33.843931 write(4, "\1", 1) = 1
19775 14:27:33.843942 <... read resumed> "\1", 1) = 1
19775 14:27:33.843959 close(4)          = 0
19775 14:27:33.843975 rt_sigaction(SIGALRM, {0x805cad0, ~[RTMIN RT_1], 0}, NULL, 8) = 0
19775 14:27:33.843989 alarm(300)        = 0
19775 14:27:33.844001 recv(0,  <unfinished ...>
19773 14:27:33.844009 read(4,  <unfinished ...>
19768 14:27:34.383771 <... recv resumed> "USER msfadmin\r\n", 4096, MSG_PEEK) = 15
19768 14:27:34.383945 read(0, "USER msfadmin\r\n", 15) = 15
19768 14:27:34.384054 write(0, "331 Any password will do.\r\n", 27) = 27
19768 14:27:34.384150 rt_sigaction(SIGALRM, {0x805cad0, ~[RTMIN RT_1], 0}, NULL, 8) = 0
19768 14:27:34.384183 alarm(300)        = 299
19768 14:27:34.384209 recv(0, "PASS msfadmin\r\n", 4096, MSG_PEEK) = 15
19768 14:27:34.384227 read(0, "PASS msfadmin\r\n", 15) = 15
19768 14:27:34.384243 write(0, "230 Already logged in.\r\n", 24) = 24
19768 14:27:34.384296 rt_sigaction(SIGALRM, {0x805cad0, ~[RTMIN RT_1], 0}, NULL, 8) = 0
19768 14:27:34.384312 alarm(300)        = 300
19768 14:27:34.384323 recv(0, "TYPE I\r\n", 4096, MSG_PEEK) = 8
19768 14:27:34.384334 read(0, "TYPE I\r\n", 8) = 8
19768 14:27:34.384348 write(0, "200 Switching to Binary mode.\r\n", 31) = 31
19768 14:27:34.384384 rt_sigaction(SIGALRM, {0x805cad0, ~[RTMIN RT_1], 0}, NULL, 8) = 0
19768 14:27:34.384398 alarm(300)        = 300
19768 14:27:34.384409 recv(0, "PASV\r\n", 4096, MSG_PEEK) = 6
19768 14:27:34.384419 read(0, "PASV\r\n", 6) = 6
19768 14:27:34.384431 write(5, "\n", 1 <unfinished ...>
19766 14:27:34.384443 <... read resumed> "\n", 1) = 1
19768 14:27:34.384448 <... write resumed> ) = 1
19766 14:27:34.384455 write(4, "\1", 1) = 1
19766 14:27:34.384466 read(4,  <unfinished ...>
19768 14:27:34.384473 read(5, "\1", 1)  = 1
19768 14:27:34.384484 write(5, "\f", 1 <unfinished ...>
19766 14:27:34.384492 <... read resumed> "\f", 1) = 1
19768 14:27:34.384496 <... write resumed> ) = 1
19766 14:27:34.384512 socket(PF_INET, SOCK_STREAM, IPPROTO_TCP) = 5
19766 14:27:34.384528 setsockopt(5, SOL_SOCKET, SO_REUSEADDR, [1], 4) = 0
19766 14:27:34.384542 bind(5, {sa_family=AF_INET, sin_port=htons(12375), sin_addr=inet_addr("127.0.0.1")}, 16) = 0
19766 14:27:34.384559 listen(5, 1)      = 0
19766 14:27:34.384573 write(4, "W0\0\0", 4) = 4
19766 14:27:34.384584 read(4,  <unfinished ...>
19768 14:27:34.384591 read(5, "W0\0\0", 4) = 4
19768 14:27:34.384606 write(0, "227 Entering Passive Mode (127,0,0,1,48,87).\r\n", 46) = 46
19768 14:27:34.384765 rt_sigaction(SIGALRM, {0x805cad0, ~[RTMIN RT_1], 0}, NULL, 8) = 0
19768 14:27:34.384782 alarm(300)        = 300
19768 14:27:34.384793 recv(0, "RETR myfile20\r\n", 4096, MSG_PEEK) = 15
19768 14:27:34.384805 read(0, "RETR myfile20\r\n", 15) = 15
19768 14:27:34.384818 write(5, "\v", 1 <unfinished ...>
19766 14:27:34.384827 <... read resumed> "\v", 1) = 1
19768 14:27:34.384832 <... write resumed> ) = 1
19766 14:27:34.384838 write(4, "\1\0\0\0", 4) = 4
19766 14:27:34.384849 read(4,  <unfinished ...>
19768 14:27:34.384855 read(5, "\1\0\0\0", 4) = 4
19768 14:27:34.384867 gettimeofday({1495650454, 384871}, NULL) = 0
19768 14:27:34.384878 getcwd("/home/msfadmin", 4096) = 15
19768 14:27:34.384891 open("myfile20", O_RDONLY|O_NONBLOCK|O_LARGEFILE) = 4
19768 14:27:34.384904 fcntl64(4, F_SETLKW64, {type=F_RDLCK, whence=SEEK_SET, start=0, len=0}, 0xbfc44e54) = 0
19768 14:27:34.384919 fstat64(4, {st_mode=S_IFREG|0644, st_size=17, ...}) = 0
19768 14:27:34.384937 fcntl64(4, F_GETFL) = 0x8800 (flags O_RDONLY|O_NONBLOCK|O_LARGEFILE)
19768 14:27:34.384948 fcntl64(4, F_SETFL, O_RDONLY|O_LARGEFILE) = 0
19768 14:27:34.384959 write(5, "\v", 1 <unfinished ...>
19766 14:27:34.384967 <... read resumed> "\v", 1) = 1
19768 14:27:34.384972 <... write resumed> ) = 1
19766 14:27:34.384978 write(4, "\1\0\0\0", 4) = 4
19766 14:27:34.384988 read(4,  <unfinished ...>
19768 14:27:34.384995 read(5, "\1\0\0\0", 4) = 4
19768 14:27:34.385006 write(5, "\v", 1 <unfinished ...>
19766 14:27:34.385013 <... read resumed> "\v", 1) = 1
19768 14:27:34.385018 <... write resumed> ) = 1
19766 14:27:34.385024 write(4, "\1\0\0\0", 4) = 4
19766 14:27:34.385034 read(4,  <unfinished ...>
19768 14:27:34.385041 read(5, "\1\0\0\0", 4) = 4
19768 14:27:34.385052 write(5, "\r", 1 <unfinished ...>
19766 14:27:34.385059 <... read resumed> "\r", 1) = 1
19768 14:27:34.385064 <... write resumed> ) = 1
19766 14:27:34.385071 select(6, [5], NULL, NULL, {60, 0}) = 1 (in [5], left {60, 0})
19766 14:27:34.385087 accept(5, {sa_family=AF_INET, sin_port=htons(49149), sin_addr=inet_addr("127.0.0.1")}, [16]) = 6
19766 14:27:34.385113 write(4, "\1", 1) = 1
19766 14:27:34.385125 sendmsg(4, {msg_name(0)=NULL, msg_iov(1)=[{"\0", 1}], msg_controllen=16, {cmsg_len=16, cmsg_level=SOL_SOCKET, cmsg_type=SCM_RIGHTS, {6}}, msg_flags=0}, 0) = 1
19766 14:27:34.385142 close(6)          = 0
19766 14:27:34.385151 read(4,  <unfinished ...>
19768 14:27:34.385158 read(5, "\1", 1)  = 1
19768 14:27:34.385171 recvmsg(5, {msg_name(0)=NULL, msg_iov(1)=[{"\0", 1}], msg_controllen=16, {cmsg_len=16, cmsg_level=SOL_SOCKET, cmsg_type=SCM_RIGHTS, {6}}, msg_flags=0}, 0) = 1
19768 14:27:34.385189 setsockopt(6, SOL_SOCKET, SO_KEEPALIVE, [1], 4) = 0
19768 14:27:34.385201 setsockopt(6, SOL_IP, IP_TOS, [8], 4) = 0
19768 14:27:34.385213 setsockopt(6, SOL_SOCKET, SO_LINGER, {onoff=1, linger=32767}, 8) = 0
19768 14:27:34.385224 rt_sigaction(SIGALRM, {0x805cad0, ~[RTMIN RT_1], 0}, NULL, 8) = 0
19768 14:27:34.385237 alarm(300)        = 300
19768 14:27:34.385250 write(0, "150 Opening BINARY mode data connection for myfile20 (17 bytes).\r\n", 66) = 66
19768 14:27:34.385289 _llseek(4, 0, [0], SEEK_CUR) = 0
19768 14:27:34.385302 fstat64(4, {st_mode=S_IFREG|0644, st_size=17, ...}) = 0
19768 14:27:34.385319 _llseek(4, 0, [0], SEEK_SET) = 0
19768 14:27:34.385329 sendfile(6, 4, NULL, 17) = 17
19775 14:27:34.385359 <... recv resumed> "TYPE I\r\n", 4096, MSG_PEEK) = 8
19768 14:27:34.385370 rt_sigaction(SIGALRM, {0x805cad0, ~[RTMIN RT_1], 0},  <unfinished ...>
19775 14:27:34.385382 read(0,  <unfinished ...>
19768 14:27:34.385387 <... rt_sigaction resumed> NULL, 8) = 0
19768 14:27:34.385397 alarm(300 <unfinished ...>
19775 14:27:34.385404 <... read resumed> "TYPE I\r\n", 8) = 8
19768 14:27:34.385411 <... alarm resumed> ) = 300
19768 14:27:34.385417 close(6 <unfinished ...>
19775 14:27:34.385429 write(0, "200 Switching to Binary mode.\r\n", 31 <unfinished ...>
19768 14:27:34.385485 <... close resumed> ) = 0
19775 14:27:34.385533 <... write resumed> ) = 31
19768 14:27:34.385541 alarm(0)          = 300
19768 14:27:34.385552 gettimeofday( <unfinished ...>
19775 14:27:34.385559 rt_sigaction(SIGALRM, {0x805cad0, ~[RTMIN RT_1], 0},  <unfinished ...>
19768 14:27:34.385569 <... gettimeofday resumed> {1495650454, 385567}, NULL) = 0
19775 14:27:34.385576 <... rt_sigaction resumed> NULL, 8) = 0
19768 14:27:34.385587 gettimeofday( <unfinished ...>
19775 14:27:34.385593 alarm(300)        = 299
19775 14:27:34.385604 recv(0, "PASV\r\n", 4096, MSG_PEEK) = 6
19775 14:27:34.385638 read(0,  <unfinished ...>
19768 14:27:34.385645 <... gettimeofday resumed> {1495650454, 385643}, NULL) = 0
19775 14:27:34.385652 <... read resumed> "PASV\r\n", 6) = 6
19768 14:27:34.385674 fcntl64(3, F_SETLKW64, {type=F_WRLCK, whence=SEEK_SET, start=0, len=0} <unfinished ...>
19775 14:27:34.385685 write(5, "\n", 1) = 1
19775 14:27:34.385697 read(5,  <unfinished ...>
19768 14:27:34.385704 <... fcntl64 resumed> , 0xbfc44df4) = 0
19768 14:27:34.385711 write(3, "Wed May 24 14:27:34 2017 [pid 19768] [msfadmin] OK DOWNLOAD: Client \"127.0.0.1\", \"/home/msfadmin/myfile20\", 17 bytes, 21.50Kbyte/sec\n", 133) = 133
19768 14:27:34.385733 fcntl64(3, F_SETLK64, {type=F_UNLCK, whence=SEEK_SET, start=0, len=0}, 0xbfc44dfc) = 0
19768 14:27:34.385747 write(0, "226 Transfer complete.\r\n", 24) = 24
19768 14:27:34.385813 write(5, "\n", 1 <unfinished ...>
19766 14:27:34.385823 <... read resumed> "\n", 1) = 1
19768 14:27:34.385828 <... write resumed> ) = 1
19766 14:27:34.385834 close(5)          = 0
19766 14:27:34.385846 write(4, "\1", 1) = 1
19766 14:27:34.385857 read(4,  <unfinished ...>
19768 14:27:34.385863 read(5, "\1", 1)  = 1
19768 14:27:34.385874 close(4)          = 0
19768 14:27:34.385885 rt_sigaction(SIGALRM, {0x805cad0, ~[RTMIN RT_1], 0}, NULL, 8) = 0
19768 14:27:34.385898 alarm(300)        = 0
19768 14:27:34.385909 recv(0,  <unfinished ...>
19773 14:27:34.385918 <... read resumed> "\n", 1) = 1
19773 14:27:34.385926 write(4, "\1", 1) = 1
19775 14:27:34.385937 <... read resumed> "\1", 1) = 1
19775 14:27:34.385944 write(5, "\f", 1) = 1
19775 14:27:34.385954 read(5,  <unfinished ...>
19773 14:27:34.385960 read(4, "\f", 1)  = 1
19773 14:27:34.385972 socket(PF_INET, SOCK_STREAM, IPPROTO_TCP) = 5
19773 14:27:34.385985 setsockopt(5, SOL_SOCKET, SO_REUSEADDR, [1], 4) = 0
19773 14:27:34.385999 bind(5, {sa_family=AF_INET, sin_port=htons(31062), sin_addr=inet_addr("127.0.0.1")}, 16) = 0
19773 14:27:34.386013 listen(5, 1)      = 0
19773 14:27:34.386025 write(4, "Vy\0\0", 4) = 4
19775 14:27:34.386036 <... read resumed> "Vy\0\0", 4) = 4
19775 14:27:34.386048 write(0, "227 Entering Passive Mode (127,0,0,1,121,86).\r\n", 47) = 47
19775 14:27:34.386128 rt_sigaction(SIGALRM, {0x805cad0, ~[RTMIN RT_1], 0}, NULL, 8) = 0
19775 14:27:34.386128 alarm(300)        = 300
19775 14:27:34.386128 recv(0, "STOR myfile33\r\n", 4096, MSG_PEEK) = 15
19775 14:27:34.386128 read(0, "STOR myfile33\r\n", 15) = 15
19775 14:27:34.386129 write(5, "\v", 1) = 1
19775 14:27:34.386129 read(5,  <unfinished ...>
19773 14:27:34.386129 read(4, "\v", 1)  = 1
19773 14:27:34.386129 write(4, "\1\0\0\0", 4) = 4
19775 14:27:34.386130 <... read resumed> "\1\0\0\0", 4) = 4
19775 14:27:34.386130 gettimeofday({1495650454, 386130}, NULL) = 0
19775 14:27:34.386130 getcwd("/home/msfadmin", 4096) = 15
19775 14:27:34.386130 open("myfile33", O_WRONLY|O_CREAT|O_NONBLOCK|O_LARGEFILE, 0666) = 4
19775 14:27:34.386130 fstat64(4, {st_mode=S_IFREG|0644, st_size=17, ...}) = 0
19775 14:27:34.386131 fcntl64(4, F_GETFL) = 0x8801 (flags O_WRONLY|O_NONBLOCK|O_LARGEFILE)
19775 14:27:34.386131 fcntl64(4, F_SETFL, O_WRONLY|O_LARGEFILE) = 0
19775 14:27:34.386131 fcntl64(4, F_SETLKW64, {type=F_WRLCK, whence=SEEK_SET, start=0, len=0}, 0xbf96b354) = 0
19775 14:27:34.386131 ftruncate64(4, 0) = 0
19775 14:27:34.386132 _llseek(4, 0, [0], SEEK_SET) = 0
19775 14:27:34.386132 write(5, "\v", 1) = 1
19775 14:27:34.386132 read(5,  <unfinished ...>
19773 14:27:34.386132 read(4, "\v", 1)  = 1
19773 14:27:34.386135 write(4, "\1\0\0\0", 4) = 4
19775 14:27:34.386150 <... read resumed> "\1\0\0\0", 4) = 4
19775 14:27:34.386157 write(5, "\v", 1) = 1
19775 14:27:34.386177 read(5,  <unfinished ...>
19773 14:27:34.386183 read(4, "\v", 1)  = 1
19773 14:27:34.386194 write(4, "\1\0\0\0", 4) = 4
19775 14:27:34.386204 <... read resumed> "\1\0\0\0", 4) = 4
19775 14:27:34.386211 write(5, "\r", 1) = 1
19775 14:27:34.386221 read(5,  <unfinished ...>
19773 14:27:34.386228 read(4, "\r", 1)  = 1
19773 14:27:34.386239 select(6, [5], NULL, NULL, {60, 0}) = 1 (in [5], left {60, 0})
19773 14:27:34.386255 accept(5, {sa_family=AF_INET, sin_port=htons(34808), sin_addr=inet_addr("127.0.0.1")}, [16]) = 6
19773 14:27:34.386277 write(4, "\1", 1) = 1
19775 14:27:34.386287 <... read resumed> "\1", 1) = 1
19775 14:27:34.386295 recvmsg(5,  <unfinished ...>
19773 14:27:34.386304 sendmsg(4, {msg_name(0)=NULL, msg_iov(1)=[{"\0", 1}], msg_controllen=16, {cmsg_len=16, cmsg_level=SOL_SOCKET, cmsg_type=SCM_RIGHTS, {6}}, msg_flags=0}, 0) = 1
19775 14:27:34.386320 <... recvmsg resumed> {msg_name(0)=NULL, msg_iov(1)=[{"\0", 1}], msg_controllen=16, {cmsg_len=16, cmsg_level=SOL_SOCKET, cmsg_type=SCM_RIGHTS, {6}}, msg_flags=0}, 0) = 1
19775 14:27:34.386333 setsockopt(6, SOL_SOCKET, SO_KEEPALIVE, [1], 4) = 0
19775 14:27:34.386345 setsockopt(6, SOL_IP, IP_TOS, [8], 4) = 0
19775 14:27:34.386356 setsockopt(6, SOL_SOCKET, SO_LINGER, {onoff=1, linger=32767}, 8) = 0
19775 14:27:34.386367 rt_sigaction(SIGALRM, {0x805cad0, ~[RTMIN RT_1], 0}, NULL, 8) = 0
19775 14:27:34.386380 alarm(300)        = 300
19775 14:27:34.386393 write(0, "150 Ok to send data.\r\n", 22) = 22
19775 14:27:34.386455 read(6, "assasaaa\na\na\na\na\n", 65536) = 17
19775 14:27:34.386470 write(4, "assasaaa\na\na\na\na\n", 17) = 17
19775 14:27:34.386485 read(6, "", 65536) = 0
19775 14:27:34.386496 rt_sigaction(SIGALRM, {0x805cad0, ~[RTMIN RT_1], 0}, NULL, 8) = 0
19775 14:27:34.386509 alarm(300)        = 300
19775 14:27:34.386519 close(6)          = 0
19775 14:27:34.386528 alarm(0)          = 300
19775 14:27:34.386537 gettimeofday({1495650454, 386541}, NULL) = 0
19775 14:27:34.386551 gettimeofday({1495650454, 386555}, NULL) = 0
19775 14:27:34.386564 fcntl64(3, F_SETLKW64, {type=F_WRLCK, whence=SEEK_SET, start=0, len=0}, 0xbf96b2f4) = 0
19775 14:27:34.386578 write(3, "Wed May 24 14:27:34 2017 [pid 19775] [msfadmin] OK UPLOAD: Client \"127.0.0.1\", \"/home/msfadmin/myfile33\", 17 bytes, 39.06Kbyte/sec\n", 131) = 131
19775 14:27:34.386598 fcntl64(3, F_SETLK64, {type=F_UNLCK, whence=SEEK_SET, start=0, len=0}, 0xbf96b2fc) = 0
19775 14:27:34.386612 write(0, "226 Transfer complete.\r\n", 24) = 24
19775 14:27:34.386651 write(5, "\n", 1) = 1
19775 14:27:34.386663 read(5,  <unfinished ...>
19773 14:27:34.386670 close(6)          = 0
19773 14:27:34.386687 read(4, "\n", 1)  = 1
19773 14:27:34.386699 close(5)          = 0
19773 14:27:34.386710 write(4, "\1", 1) = 1
19775 14:27:34.386720 <... read resumed> "\1", 1) = 1
19775 14:27:34.386727 close(4)          = 0
19775 14:27:34.386737 rt_sigaction(SIGALRM, {0x805cad0, ~[RTMIN RT_1], 0}, NULL, 8) = 0
19775 14:27:34.386750 alarm(300)        = 0
19775 14:27:34.386761 recv(0,  <unfinished ...>
19773 14:27:34.386769 read(4,  <unfinished ...>
