21891 14:49:49.163178 fstat64(6, {st_mode=S_IFREG|0644, st_size=372, ...}) = 0
21891 14:49:49.163194 mmap2(NULL, 4096, PROT_READ|PROT_WRITE, MAP_PRIVATE|MAP_ANONYMOUS, -1, 0) = 0xb7eef000
21891 14:49:49.163204 read(6, "#\n# /etc/pam.d/common-session - session-related modules common to all services\n#\n# This file is included from other service-specific PAM config files,\n# and should contain a list of modules that define tasks to be performed\n# at the start and end of sessions of *any* kind (both interactive and\n# non-interactive).  The default is pam_unix.\n#\nsession\trequired\tpam_unix.so\n", 4096) = 372
21891 14:49:49.163241 read(6, "", 4096) = 0
21891 14:49:49.163251 close(6)          = 0
21891 14:49:49.163260 munmap(0xb7eef000, 4096) = 0
21891 14:49:49.163270 read(5, "", 4096) = 0
21891 14:49:49.163279 close(5)          = 0
21891 14:49:49.163289 munmap(0xb7ef5000, 4096) = 0
21891 14:49:49.163301 time(NULL)        = 1495651789
21891 14:49:49.163312 lstat64("/etc/ftpusers", {st_mode=S_IFREG|0644, st_size=132, ...}) = 0
21891 14:49:49.163331 open("/etc/ftpusers", O_RDONLY|O_LARGEFILE) = 5
21891 14:49:49.163342 fstat64(5, {st_mode=S_IFREG|0644, st_size=132, ...}) = 0
21891 14:49:49.163358 mmap2(NULL, 4096, PROT_READ|PROT_WRITE, MAP_PRIVATE|MAP_ANONYMOUS, -1, 0) = 0xb7ef5000
21891 14:49:49.163368 read(5, "# /etc/ftpusers: list of users disallowed FTP access. See ftpusers(5).\n\nroot\ndaemon\nbin\nsys\nsync\ngames\nman\nlp\nmail\nnews\nuucp\nnobody\n", 4096) = 132
21891 14:49:49.163389 read(5, "", 4096) = 0
21891 14:49:49.163398 close(5)          = 0
21891 14:49:49.163407 munmap(0xb7ef5000, 4096) = 0
21891 14:49:49.163422 getuid32()        = 0
21891 14:49:49.163439 open("/etc/passwd", O_RDONLY|0x80000 /* O_??? */) = 5
21891 14:49:49.163453 _llseek(5, 0, [0], SEEK_CUR) = 0
21891 14:49:49.163464 fstat64(5, {st_mode=S_IFREG|0644, st_size=1624, ...}) = 0
21891 14:49:49.163480 mmap2(NULL, 1624, PROT_READ, MAP_SHARED, 5, 0) = 0xb7ef5000
21891 14:49:49.163491 _llseek(5, 1624, [1624], SEEK_SET) = 0
21891 14:49:49.163510 munmap(0xb7ef5000, 1624) = 0
21891 14:49:49.163521 close(5)          = 0
21891 14:49:49.163545 open("/etc/shadow", O_RDONLY|0x80000 /* O_??? */) = 5
21891 14:49:49.163565 _llseek(5, 0, [0], SEEK_CUR) = 0
21891 14:49:49.163576 fstat64(5, {st_mode=S_IFREG|0640, st_size=1233, ...}) = 0
21891 14:49:49.163606 mmap2(NULL, 1233, PROT_READ, MAP_SHARED, 5, 0) = 0xb7ef5000
21891 14:49:49.163618 _llseek(5, 1233, [1233], SEEK_SET) = 0
21891 14:49:49.163639 munmap(0xb7ef5000, 1233) = 0
21891 14:49:49.163650 close(5)          = 0
21891 14:49:49.163669 open("/etc/passwd", O_RDONLY|0x80000 /* O_??? */) = 5
21891 14:49:49.163683 _llseek(5, 0, [0], SEEK_CUR) = 0
21891 14:49:49.163693 fstat64(5, {st_mode=S_IFREG|0644, st_size=1624, ...}) = 0
21891 14:49:49.163709 mmap2(NULL, 1624, PROT_READ, MAP_SHARED, 5, 0) = 0xb7ef5000
21891 14:49:49.163720 _llseek(5, 1624, [1624], SEEK_SET) = 0
21891 14:49:49.163736 munmap(0xb7ef5000, 1624) = 0
21891 14:49:49.163746 close(5)          = 0
21891 14:49:49.163758 open("/etc/shadow", O_RDONLY|0x80000 /* O_??? */) = 5
21891 14:49:49.163771 _llseek(5, 0, [0], SEEK_CUR) = 0
21891 14:49:49.163781 fstat64(5, {st_mode=S_IFREG|0640, st_size=1233, ...}) = 0
21891 14:49:49.163797 mmap2(NULL, 1233, PROT_READ, MAP_SHARED, 5, 0) = 0xb7ef5000
21891 14:49:49.163808 _llseek(5, 1233, [1233], SEEK_SET) = 0
21891 14:49:49.163824 munmap(0xb7ef5000, 1233) = 0
21891 14:49:49.163859 close(5)          = 0
21891 14:49:49.164101 getuid32()        = 0
21891 14:49:49.164112 open("/etc/passwd", O_RDONLY|0x80000 /* O_??? */) = 5
21891 14:49:49.164125 _llseek(5, 0, [0], SEEK_CUR) = 0
21891 14:49:49.164136 fstat64(5, {st_mode=S_IFREG|0644, st_size=1624, ...}) = 0
21891 14:49:49.164152 mmap2(NULL, 1624, PROT_READ, MAP_SHARED, 5, 0) = 0xb7ef5000
21891 14:49:49.164162 _llseek(5, 1624, [1624], SEEK_SET) = 0
21891 14:49:49.164178 munmap(0xb7ef5000, 1624) = 0
21891 14:49:49.164188 close(5)          = 0
21891 14:49:49.164200 open("/etc/shadow", O_RDONLY|0x80000 /* O_??? */) = 5
21891 14:49:49.164213 _llseek(5, 0, [0], SEEK_CUR) = 0
21891 14:49:49.164223 fstat64(5, {st_mode=S_IFREG|0640, st_size=1233, ...}) = 0
21891 14:49:49.164239 mmap2(NULL, 1233, PROT_READ, MAP_SHARED, 5, 0) = 0xb7ef5000
21891 14:49:49.164249 _llseek(5, 1233, [1233], SEEK_SET) = 0
21891 14:49:49.164266 munmap(0xb7ef5000, 1233) = 0
21891 14:49:49.164275 close(5)          = 0
21891 14:49:49.164287 time(NULL)        = 1495651789
21891 14:49:49.164301 munmap(0xb7ef2000, 12164) = 0
21891 14:49:49.164314 munmap(0xb7ef0000, 7136) = 0
21891 14:49:49.164329 munmap(0xb7d25000, 95428) = 0
21891 14:49:49.164340 munmap(0xb7ceb000, 201052) = 0
21891 14:49:49.164351 munmap(0xb7cd2000, 101180) = 0
21891 14:49:49.164367 gettimeofday({1495651789, 164371}, NULL) = 0
21891 14:49:49.164379 stat64("/usr/share/zoneinfo/UTC+04:00", 0xbfdcf744) = -1 ENOENT (No such file or directory)
21891 14:49:49.164393 open("/usr/share/zoneinfo/UTC+04:00", O_RDONLY) = -1 ENOENT (No such file or directory)
21891 14:49:49.164418 fcntl64(3, F_SETLKW64, {type=F_WRLCK, whence=SEEK_SET, start=0, len=0}, 0xbfdcf894) = 0
21891 14:49:49.164434 write(3, "Wed May 24 14:49:49 2017 [pid 21891] [msfadmin] OK LOGIN: Client \"127.0.0.1\"\n", 77) = 77
21891 14:49:49.164451 fcntl64(3, F_SETLK64, {type=F_UNLCK, whence=SEEK_SET, start=0, len=0}, 0xbfdcf89c) = 0
21891 14:49:49.164464 rt_sigaction(SIGCHLD, {0x805cad0, ~[RTMIN RT_1], 0}, NULL, 8) = 0
21891 14:49:49.164478 write(4, "\1", 1 <unfinished ...>
21892 14:49:49.164487 <... read resumed> "\1", 1) = 1
21891 14:49:49.164492 <... write resumed> ) = 1
21892 14:49:49.164500 exit_group(0)     = ?
21891 14:49:49.164527 --- SIGCHLD (Child exited) @ 0 (0) ---
21891 14:49:49.164535 sigreturn()       = ? (mask now [])
21891 14:49:49.164554 wait4(-1, [{WIFEXITED(s) && WEXITSTATUS(s) == 0}], 0, NULL) = 21892
21891 14:49:49.164567 close(4)          = 0
21891 14:49:49.164578 socketpair(PF_FILE, SOCK_STREAM, 0, [4, 5]) = 0
21891 14:49:49.164592 rt_sigaction(SIGCHLD, {0x805cad0, ~[RTMIN RT_1], 0}, NULL, 8) = 0
21891 14:49:49.164605 rt_sigaction(SIGALRM, {0x805cb10, ~[RTMIN RT_1], 0}, NULL, 8) = 0
21891 14:49:49.164619 clone(child_stack=0, flags=CLONE_CHILD_CLEARTID|CLONE_CHILD_SETTID|SIGCHLD, child_tidptr=0xb7d5b6f8) = 21893
21893 14:49:49.164672 prctl(0x1, 0x9, 0, 0, 0) = 0
21893 14:49:49.164686 close(4)          = 0
21893 14:49:49.164713 open("/etc/passwd", O_RDONLY|0x80000 /* O_??? */) = 4
21893 14:49:49.164730 _llseek(4, 0, [0], SEEK_CUR) = 0
21893 14:49:49.164746 fstat64(4, {st_mode=S_IFREG|0644, st_size=1624, ...}) = 0
21893 14:49:49.164764 mmap2(NULL, 1624, PROT_READ, MAP_SHARED, 4, 0) = 0xb7ef5000
21893 14:49:49.164776 _llseek(4, 1624, [1624], SEEK_SET) = 0
21893 14:49:49.164798 munmap(0xb7ef5000, 1624) = 0
21893 14:49:49.164826 close(4)          = 0
21893 14:49:49.164841 getuid32()        = 0
21893 14:49:49.164862 open("/etc/passwd", O_RDONLY|0x80000 /* O_??? */) = 4
21893 14:49:49.164875 _llseek(4, 0, [0], SEEK_CUR) = 0
21893 14:49:49.164886 fstat64(4, {st_mode=S_IFREG|0644, st_size=1624, ...}) = 0
21893 14:49:49.164902 mmap2(NULL, 1624, PROT_READ, MAP_SHARED, 4, 0) = 0xb7ef5000
21893 14:49:49.164913 _llseek(4, 1624, [1624], SEEK_SET) = 0
21893 14:49:49.164929 munmap(0xb7ef5000, 1624) = 0
21893 14:49:49.164939 close(4)          = 0
21893 14:49:49.164965 open("/proc/sys/kernel/ngroups_max", O_RDONLY) = 4
21893 14:49:49.164985 read(4, "65536\n", 31) = 6
21893 14:49:49.164998 close(4)          = 0
21893 14:49:49.165012 socket(PF_FILE, SOCK_STREAM, 0) = 4
21893 14:49:49.165023 fcntl64(4, F_SETFL, O_RDWR|O_NONBLOCK) = 0
21893 14:49:49.165034 connect(4, {sa_family=AF_FILE, path="/var/run/nscd/socket"}, 110) = -1 ENOENT (No such file or directory)
21893 14:49:49.165055 close(4)          = 0
21893 14:49:49.165066 socket(PF_FILE, SOCK_STREAM, 0) = 4
21893 14:49:49.165076 fcntl64(4, F_SETFL, O_RDWR|O_NONBLOCK) = 0
21893 14:49:49.165086 connect(4, {sa_family=AF_FILE, path="/var/run/nscd/socket"}, 110) = -1 ENOENT (No such file or directory)
21893 14:49:49.165104 close(4)          = 0
21893 14:49:49.165128 open("/etc/group", O_RDONLY|0x80000 /* O_??? */) = 4
21893 14:49:49.165142 _llseek(4, 0, [0], SEEK_CUR) = 0
21893 14:49:49.165153 fstat64(4, {st_mode=S_IFREG|0644, st_size=886, ...}) = 0
21893 14:49:49.165169 mmap2(NULL, 886, PROT_READ, MAP_SHARED, 4, 0) = 0xb7ef5000
21893 14:49:49.165180 _llseek(4, 886, [886], SEEK_SET) = 0
21893 14:49:49.165205 fstat64(4, {st_mode=S_IFREG|0644, st_size=886, ...}) = 0
21893 14:49:49.165221 munmap(0xb7ef5000, 886) = 0
21893 14:49:49.165232 close(4)          = 0
21893 14:49:49.165241 setgroups32(13, [1000, 4, 20, 24, 25, 29, 30, 44, 46, 107, 111, 112, 119]) = 0
21893 14:49:49.165258 geteuid32()       = 0
21893 14:49:49.165268 getegid32()       = 0
21893 14:49:49.165279 setregid32(-1, 1000) = 0
21893 14:49:49.165289 setreuid32(-1, 1000) = 0
21893 14:49:49.165300 chdir("/home/msfadmin") = 0
21893 14:49:49.165312 setreuid32(-1, 0) = 0
21893 14:49:49.165321 setregid32(-1, 0) = 0
21893 14:49:49.165331 setgid32(1000)    = 0
21893 14:49:49.165341 setuid32(1000)    = 0
21893 14:49:49.165351 setrlimit(RLIMIT_NPROC, {rlim_cur=0, rlim_max=0}) = 0
21893 14:49:49.165364 mmap2(NULL, 12288, PROT_READ|PROT_WRITE, MAP_PRIVATE|MAP_ANONYMOUS, -1, 0) = 0xb7ef3000
21893 14:49:49.165376 mprotect(0xb7ef5000, 4096, PROT_NONE) = 0
21893 14:49:49.165387 mprotect(0xb7ef3000, 4096, PROT_NONE) = 0
21893 14:49:49.165398 getcwd("/home/msfadmin", 4096) = 15
21893 14:49:49.165411 umask(022)        = 077
21893 14:49:49.165421 getcwd("/home/msfadmin", 4096) = 15
21893 14:49:49.165435 open(".message", O_RDONLY|O_NONBLOCK|O_LARGEFILE) = -1 ENOENT (No such file or directory)
21893 14:49:49.165457 write(0, "230 Login successful.\r\n", 23) = 23
21893 14:49:49.165522 rt_sigaction(SIGALRM, {0x805cad0, ~[RTMIN RT_1], 0}, NULL, 8) = 0
21893 14:49:49.165538 alarm(300)        = 0
21893 14:49:49.165549 mmap2(NULL, 12288, PROT_READ|PROT_WRITE, MAP_PRIVATE|MAP_ANONYMOUS, -1, 0) = 0xb7ef0000
21893 14:49:49.165560 mprotect(0xb7ef2000, 4096, PROT_NONE) = 0
21893 14:49:49.165572 mprotect(0xb7ef0000, 4096, PROT_NONE) = 0
21893 14:49:49.165585 recv(0, "TYPE I\r\n", 4096, MSG_PEEK) = 8
21893 14:49:49.165597 read(0, "TYPE I\r\n", 8) = 8
21893 14:49:49.165614 write(0, "200 Switching to Binary mode.\r\n", 31) = 31
21893 14:49:49.165658 rt_sigaction(SIGALRM, {0x805cad0, ~[RTMIN RT_1], 0}, NULL, 8) = 0
21893 14:49:49.165673 alarm(300)        = 300
21893 14:49:49.165684 recv(0, "PASV\r\n", 4096, MSG_PEEK) = 6
21893 14:49:49.165695 read(0, "PASV\r\n", 6) = 6
21893 14:49:49.165707 write(5, "\n", 1) = 1
21893 14:49:49.165718 read(5,  <unfinished ...>
21891 14:49:49.165731 close(5)          = 0
21891 14:49:49.165743 getuid32()        = 0
21891 14:49:49.165758 open("/etc/passwd", O_RDONLY|0x80000 /* O_??? */) = 5
21891 14:49:49.165804 _llseek(5, 0, [0], SEEK_CUR) = 0
21891 14:49:49.165830 fstat64(5, {st_mode=S_IFREG|0644, st_size=1624, ...}) = 0
21891 14:49:49.165848 mmap2(NULL, 1624, PROT_READ, MAP_SHARED, 5, 0) = 0xb7ef5000
21891 14:49:49.165859 _llseek(5, 1624, [1624], SEEK_SET) = 0
21891 14:49:49.165877 munmap(0xb7ef5000, 1624) = 0
21891 14:49:49.165888 close(5)          = 0
21891 14:49:49.165904 setgroups32(0, []) = 0
21891 14:49:49.165916 chdir("/usr/share/empty") = 0
21891 14:49:49.165928 chroot(".")       = 0
21891 14:49:49.165939 capset(NULL, NULL) = -1 EFAULT (Bad address)
21891 14:49:49.165952 prctl(0x8, 0, 0xbfdcf878, 0x80549a6, 0xbfdcf860) = 0
21891 14:49:49.165963 prctl(0x8, 0x1, 0xbfdcf878, 0x8054a49, 0xbfdcf860) = 0
21891 14:49:49.165973 setgid32(65534)   = 0
21891 14:49:49.165983 setuid32(65534)   = 0
21891 14:49:49.165993 capset(0x19980330, 0, {CAP_NET_BIND_SERVICE, CAP_NET_BIND_SERVICE, 0}) = 0
21891 14:49:49.166005 read(4, "\n", 1)  = 1
21891 14:49:49.166019 write(4, "\1", 1) = 1
21893 14:49:49.166030 <... read resumed> "\1", 1) = 1
21893 14:49:49.166038 write(5, "\f", 1) = 1
21893 14:49:49.166048 read(5,  <unfinished ...>
21891 14:49:49.166055 read(4, "\f", 1)  = 1
21891 14:49:49.166067 socket(PF_INET, SOCK_STREAM, IPPROTO_TCP) = 5
21891 14:49:49.166081 setsockopt(5, SOL_SOCKET, SO_REUSEADDR, [1], 4) = 0
21891 14:49:49.166092 gettimeofday({1495651789, 166096}, NULL) = 0
21891 14:49:49.166108 bind(5, {sa_family=AF_INET, sin_port=htons(7475), sin_addr=inet_addr("127.0.0.1")}, 16) = 0
21891 14:49:49.166124 listen(5, 1)      = 0
21891 14:49:49.166137 write(4, "3\35\0\0", 4) = 4
21893 14:49:49.166148 <... read resumed> "3\35\0\0", 4) = 4
21893 14:49:49.166162 write(0, "227 Entering Passive Mode (127,0,0,1,29,51).\r\n", 46) = 46
21893 14:49:49.166262 rt_sigaction(SIGALRM, {0x805cad0, ~[RTMIN RT_1], 0}, NULL, 8) = 0
21893 14:49:49.166280 alarm(300)        = 300
21893 14:49:49.166291 recv(0, "RETR myfile13\r\n", 4096, MSG_PEEK) = 15
21893 14:49:49.166303 read(0, "RETR myfile13\r\n", 15) = 15
21893 14:49:49.166318 write(5, "\v", 1) = 1
21893 14:49:49.166328 read(5,  <unfinished ...>
21891 14:49:49.166336 read(4, "\v", 1)  = 1
21891 14:49:49.166347 write(4, "\1\0\0\0", 4) = 4
21893 14:49:49.166357 <... read resumed> "\1\0\0\0", 4) = 4
21893 14:49:49.166366 gettimeofday({1495651789, 166370}, NULL) = 0
21893 14:49:49.166377 getcwd("/home/msfadmin", 4096) = 15
21893 14:49:49.166389 open("myfile13", O_RDONLY|O_NONBLOCK|O_LARGEFILE) = 4
21893 14:49:49.166402 fcntl64(4, F_SETLKW64, {type=F_RDLCK, whence=SEEK_SET, start=0, len=0}, 0xbfdcf7e4) = 0
21893 14:49:49.166415 fstat64(4, {st_mode=S_IFREG|0644, st_size=17, ...}) = 0
21893 14:49:49.166432 fcntl64(4, F_GETFL) = 0x8800 (flags O_RDONLY|O_NONBLOCK|O_LARGEFILE)
21893 14:49:49.166442 fcntl64(4, F_SETFL, O_RDONLY|O_LARGEFILE) = 0
21893 14:49:49.166455 write(5, "\v", 1) = 1
21893 14:49:49.166465 read(5,  <unfinished ...>
21891 14:49:49.166472 read(4, "\v", 1)  = 1
21891 14:49:49.166483 write(4, "\1\0\0\0", 4) = 4
21893 14:49:49.166494 <... read resumed> "\1\0\0\0", 4) = 4
21893 14:49:49.166501 write(5, "\v", 1) = 1
21893 14:49:49.166511 read(5,  <unfinished ...>
21891 14:49:49.166517 read(4, "\v", 1)  = 1
21891 14:49:49.166528 write(4, "\1\0\0\0", 4) = 4
21893 14:49:49.166538 <... read resumed> "\1\0\0\0", 4) = 4
21893 14:49:49.166546 write(5, "\r", 1) = 1
21893 14:49:49.166556 read(5,  <unfinished ...>
21891 14:49:49.166562 read(4, "\r", 1)  = 1
21891 14:49:49.166575 select(6, [5], NULL, NULL, {60, 0}) = 1 (in [5], left {60, 0})
21891 14:49:49.166591 accept(5, {sa_family=AF_INET, sin_port=htons(40424), sin_addr=inet_addr("127.0.0.1")}, [16]) = 6
21891 14:49:49.166618 write(4, "\1", 1) = 1
21893 14:49:49.166629 <... read resumed> "\1", 1) = 1
21893 14:49:49.166639 recvmsg(5,  <unfinished ...>
21891 14:49:49.166648 sendmsg(4, {msg_name(0)=NULL, msg_iov(1)=[{"\0", 1}], msg_controllen=16, {cmsg_len=16, cmsg_level=SOL_SOCKET, cmsg_type=SCM_RIGHTS, {6}}, msg_flags=0}, 0) = 1
21893 14:49:49.166665 <... recvmsg resumed> {msg_name(0)=NULL, msg_iov(1)=[{"\0", 1}], msg_controllen=16, {cmsg_len=16, cmsg_level=SOL_SOCKET, cmsg_type=SCM_RIGHTS, {6}}, msg_flags=0}, 0) = 1
21893 14:49:49.166678 setsockopt(6, SOL_SOCKET, SO_KEEPALIVE, [1], 4) = 0
21893 14:49:49.166690 setsockopt(6, SOL_IP, IP_TOS, [8], 4) = 0
21893 14:49:49.166702 setsockopt(6, SOL_SOCKET, SO_LINGER, {onoff=1, linger=32767}, 8) = 0
21893 14:49:49.166714 rt_sigaction(SIGALRM, {0x805cad0, ~[RTMIN RT_1], 0}, NULL, 8) = 0
21893 14:49:49.166727 alarm(300)        = 300
21893 14:49:49.166755 write(0, "150 Opening BINARY mode data connection for myfile13 (17 bytes).\r\n", 66) = 66
21893 14:49:49.166810 _llseek(4, 0, [0], SEEK_CUR) = 0
21893 14:49:49.166823 fstat64(4, {st_mode=S_IFREG|0644, st_size=17, ...}) = 0
21893 14:49:49.166840 _llseek(4, 0, [0], SEEK_SET) = 0
21893 14:49:49.166853 sendfile(6, 4, NULL, 17) = 17
21893 14:49:49.166881 rt_sigaction(SIGALRM, {0x805cad0, ~[RTMIN RT_1], 0}, NULL, 8) = 0
21893 14:49:49.166895 alarm(300)        = 300
21893 14:49:49.166905 close(6)          = 0
21893 14:49:49.166914 alarm(0)          = 300
21893 14:49:49.166924 gettimeofday({1495651789, 166927}, NULL) = 0
21893 14:49:49.166941 getpid()          = 21893
21893 14:49:49.166955 gettimeofday({1495651789, 166960}, NULL) = 0
21893 14:49:49.166974 fcntl64(3, F_SETLKW64, {type=F_WRLCK, whence=SEEK_SET, start=0, len=0}, 0xbfdcf784) = 0
21893 14:49:49.166989 write(3, "Wed May 24 14:49:49 2017 [pid 21893] [msfadmin] OK DOWNLOAD: Client \"127.0.0.1\", \"/home/msfadmin/myfile13\", 17 bytes, 28.14Kbyte/sec\n", 133) = 133
21893 14:49:49.167009 fcntl64(3, F_SETLK64, {type=F_UNLCK, whence=SEEK_SET, start=0, len=0}, 0xbfdcf78c) = 0
21893 14:49:49.167023 write(0, "226 Transfer complete.\r\n", 24) = 24
21893 14:49:49.167038 write(5, "\n", 1) = 1
21893 14:49:49.167049 read(5,  <unfinished ...>
21891 14:49:49.167056 close(6)          = 0
21891 14:49:49.167134 read(4, "\n", 1)  = 1
21891 14:49:49.167147 close(5)          = 0
21891 14:49:49.167158 write(4, "\1", 1) = 1
21893 14:49:49.167169 <... read resumed> "\1", 1) = 1
21893 14:49:49.167177 close(4)          = 0
21893 14:49:49.167187 rt_sigaction(SIGALRM, {0x805cad0, ~[RTMIN RT_1], 0}, NULL, 8) = 0
21893 14:49:49.167201 alarm(300)        = 0
21893 14:49:49.167212 recv(0,  <unfinished ...>
21891 14:49:49.167219 read(4,  <unfinished ...>
21888 14:49:49.343744 <... recv resumed> "TYPE I\r\n", 4096, MSG_PEEK) = 8
21888 14:49:49.343775 read(0, "TYPE I\r\n", 8) = 8
21888 14:49:49.343797 write(0, "200 Switching to Binary mode.\r\n", 31) = 31
21888 14:49:49.343845 rt_sigaction(SIGALRM, {0x805cad0, ~[RTMIN RT_1], 0}, NULL, 8) = 0
21888 14:49:49.343862 alarm(300)        = 299
21888 14:49:49.343875 recv(0, "PASV\r\n", 4096, MSG_PEEK) = 6
21888 14:49:49.343887 read(0, "PASV\r\n", 6) = 6
21888 14:49:49.343899 write(5, "\n", 1 <unfinished ...>
21886 14:49:49.343910 <... read resumed> "\n", 1) = 1
21888 14:49:49.343915 <... write resumed> ) = 1
21886 14:49:49.343923 write(4, "\1", 1) = 1
21886 14:49:49.343933 read(4,  <unfinished ...>
21888 14:49:49.343941 read(5, "\1", 1)  = 1
21888 14:49:49.343952 write(5, "\f", 1 <unfinished ...>
21886 14:49:49.343963 <... read resumed> "\f", 1) = 1
21888 14:49:49.343968 <... write resumed> ) = 1
21886 14:49:49.343976 socket(PF_INET, SOCK_STREAM, IPPROTO_TCP) = 5
21886 14:49:49.343992 setsockopt(5, SOL_SOCKET, SO_REUSEADDR, [1], 4) = 0
21886 14:49:49.344006 bind(5, {sa_family=AF_INET, sin_port=htons(17903), sin_addr=inet_addr("127.0.0.1")}, 16) = 0
21888 14:49:49.344024 read(5,  <unfinished ...>
21886 14:49:49.344029 listen(5, 1)      = 0
21886 14:49:49.344044 write(4, "\357E\0\0", 4 <unfinished ...>
21888 14:49:49.344052 <... read resumed> "\357E\0\0", 4) = 4
21886 14:49:49.344065 <... write resumed> ) = 4
21888 14:49:49.344077 write(0, "227 Entering Passive Mode (127,0,0,1,69,239).\r\n", 47 <unfinished ...>
21886 14:49:49.344086 read(4,  <unfinished ...>
21888 14:49:49.344188 <... write resumed> ) = 47
21888 14:49:49.344200 rt_sigaction(SIGALRM, {0x805cad0, ~[RTMIN RT_1], 0}, NULL, 8) = 0
21888 14:49:49.344215 alarm(300)        = 300
21888 14:49:49.344227 recv(0, "STOR myfile36\r\n", 4096, MSG_PEEK) = 15
21888 14:49:49.344240 read(0, "STOR myfile36\r\n", 15) = 15
21888 14:49:49.344253 write(5, "\v", 1 <unfinished ...>
21886 14:49:49.344261 <... read resumed> "\v", 1) = 1
21888 14:49:49.344266 <... write resumed> ) = 1
21886 14:49:49.344272 write(4, "\1\0\0\0", 4 <unfinished ...>
21888 14:49:49.344420 read(5,  <unfinished ...>
21886 14:49:49.344425 <... write resumed> ) = 4
21888 14:49:49.344432 <... read resumed> "\1\0\0\0", 4) = 4
21886 14:49:49.344438 read(4,  <unfinished ...>
21888 14:49:49.344460 gettimeofday({1495651789, 344464}, NULL) = 0
21888 14:49:49.344471 getcwd("/home/msfadmin", 4096) = 15
21888 14:49:49.344484 open("myfile36", O_WRONLY|O_CREAT|O_NONBLOCK|O_LARGEFILE, 0666) = 4
21888 14:49:49.344498 fstat64(4, {st_mode=S_IFREG|0644, st_size=17, ...}) = 0
21888 14:49:49.344516 fcntl64(4, F_GETFL) = 0x8801 (flags O_WRONLY|O_NONBLOCK|O_LARGEFILE)
21888 14:49:49.344527 fcntl64(4, F_SETFL, O_WRONLY|O_LARGEFILE) = 0
21888 14:49:49.344537 fcntl64(4, F_SETLKW64, {type=F_WRLCK, whence=SEEK_SET, start=0, len=0}, 0xbfe21814) = 0
21888 14:49:49.344551 ftruncate64(4, 0) = 0
21888 14:49:49.344570 _llseek(4, 0, [0], SEEK_SET) = 0
21888 14:49:49.344582 write(5, "\v", 1 <unfinished ...>
21886 14:49:49.344589 <... read resumed> "\v", 1) = 1
21888 14:49:49.344594 <... write resumed> ) = 1
21886 14:49:49.344600 write(4, "\1\0\0\0", 4) = 4
21886 14:49:49.344611 read(4,  <unfinished ...>
21888 14:49:49.344618 read(5, "\1\0\0\0", 4) = 4
21888 14:49:49.344629 write(5, "\v", 1 <unfinished ...>
21886 14:49:49.344636 <... read resumed> "\v", 1) = 1
21888 14:49:49.344641 <... write resumed> ) = 1
21886 14:49:49.344647 write(4, "\1\0\0\0", 4) = 4
21886 14:49:49.344657 read(4,  <unfinished ...>
21888 14:49:49.344664 read(5, "\1\0\0\0", 4) = 4
21888 14:49:49.344675 write(5, "\r", 1 <unfinished ...>
21886 14:49:49.344682 <... read resumed> "\r", 1) = 1
21888 14:49:49.344687 <... write resumed> ) = 1
21886 14:49:49.344694 select(6, [5], NULL, NULL, {60, 0}) = 1 (in [5], left {60, 0})
21886 14:49:49.344710 accept(5, {sa_family=AF_INET, sin_port=htons(58840), sin_addr=inet_addr("127.0.0.1")}, [16]) = 6
21886 14:49:49.344733 write(4, "\1", 1) = 1
21886 14:49:49.344745 sendmsg(4, {msg_name(0)=NULL, msg_iov(1)=[{"\0", 1}], msg_controllen=16, {cmsg_len=16, cmsg_level=SOL_SOCKET, cmsg_type=SCM_RIGHTS, {6}}, msg_flags=0}, 0) = 1
21886 14:49:49.344762 close(6)          = 0
21886 14:49:49.344772 read(4,  <unfinished ...>
21888 14:49:49.344779 read(5, "\1", 1)  = 1
21888 14:49:49.344791 recvmsg(5, {msg_name(0)=NULL, msg_iov(1)=[{"\0", 1}], msg_controllen=16, {cmsg_len=16, cmsg_level=SOL_SOCKET, cmsg_type=SCM_RIGHTS, {6}}, msg_flags=0}, 0) = 1
21888 14:49:49.344809 setsockopt(6, SOL_SOCKET, SO_KEEPALIVE, [1], 4) = 0
21888 14:49:49.344822 setsockopt(6, SOL_IP, IP_TOS, [8], 4) = 0
21888 14:49:49.344833 setsockopt(6, SOL_SOCKET, SO_LINGER, {onoff=1, linger=32767}, 8) = 0
21888 14:49:49.344845 rt_sigaction(SIGALRM, {0x805cad0, ~[RTMIN RT_1], 0}, NULL, 8) = 0
21888 14:49:49.344858 alarm(300)        = 300
21888 14:49:49.344870 write(0, "150 Ok to send data.\r\n", 22) = 22
21888 14:49:49.344937 read(6, "assasaaa\na\na\na\na\n", 65536) = 17
21888 14:49:49.344951 write(4, "assasaaa\na\na\na\na\n", 17) = 17
21888 14:49:49.344967 read(6, "", 65536) = 0
21888 14:49:49.344977 rt_sigaction(SIGALRM, {0x805cad0, ~[RTMIN RT_1], 0}, NULL, 8) = 0
21888 14:49:49.344991 alarm(300)        = 300
21888 14:49:49.345000 close(6)          = 0
21888 14:49:49.345017 alarm(0)          = 300
21888 14:49:49.345027 gettimeofday({1495651789, 345031}, NULL) = 0
21888 14:49:49.345043 gettimeofday({1495651789, 345050}, NULL) = 0
21888 14:49:49.345061 fcntl64(3, F_SETLKW64, {type=F_WRLCK, whence=SEEK_SET, start=0, len=0}, 0xbfe217b4) = 0
21888 14:49:49.345076 write(3, "Wed May 24 14:49:49 2017 [pid 21888] [msfadmin] OK UPLOAD: Client \"127.0.0.1\", \"/home/msfadmin/myfile36\", 17 bytes, 28.33Kbyte/sec\n", 131) = 131
21888 14:49:49.345097 fcntl64(3, F_SETLK64, {type=F_UNLCK, whence=SEEK_SET, start=0, len=0}, 0xbfe217bc) = 0
21888 14:49:49.345112 write(0, "226 Transfer complete.\r\n", 24) = 24
21888 14:49:49.345154 write(5, "\n", 1 <unfinished ...>
21886 14:49:49.345164 <... read resumed> "\n", 1) = 1
21888 14:49:49.345169 <... write resumed> ) = 1
21886 14:49:49.345175 close(5)          = 0
21886 14:49:49.345186 write(4, "\1", 1) = 1
21886 14:49:49.345197 read(4,  <unfinished ...>
21888 14:49:49.345204 read(5, "\1", 1)  = 1
21888 14:49:49.345215 close(4)          = 0
21888 14:49:49.345226 rt_sigaction(SIGALRM, {0x805cad0, ~[RTMIN RT_1], 0}, NULL, 8) = 0
21888 14:49:49.345239 alarm(300)        = 0
21888 14:49:49.345250 recv(0,  <unfinished ...>
21893 14:49:49.734975 <... recv resumed> "USER msfadmin\r\n", 4096, MSG_PEEK) = 15
21893 14:49:49.735082 read(0, "USER msfadmin\r\n", 15) = 15
21893 14:49:49.735170 write(0, "331 Any password will do.\r\n", 27) = 27
21893 14:49:49.735256 rt_sigaction(SIGALRM, {0x805cad0, ~[RTMIN RT_1], 0}, NULL, 8) = 0
21893 14:49:49.735287 alarm(300)        = 299
21893 14:49:49.735312 recv(0, "PASS msfadmin\r\n", 4096, MSG_PEEK) = 15
21893 14:49:49.735326 read(0, "PASS msfadmin\r\n", 15) = 15
21893 14:49:49.735342 write(0, "230 Already logged in.\r\n", 24) = 24
21893 14:49:49.735405 rt_sigaction(SIGALRM, {0x805cad0, ~[RTMIN RT_1], 0}, NULL, 8) = 0
21893 14:49:49.735421 alarm(300)        = 300
21893 14:49:49.735432 recv(0, "TYPE I\r\n", 4096, MSG_PEEK) = 8
21893 14:49:49.735443 read(0, "TYPE I\r\n", 8) = 8
21893 14:49:49.735458 write(0, "200 Switching to Binary mode.\r\n", 31) = 31
21893 14:49:49.735494 rt_sigaction(SIGALRM, {0x805cad0, ~[RTMIN RT_1], 0}, NULL, 8) = 0
21893 14:49:49.735509 alarm(300)        = 300
21893 14:49:49.735520 recv(0, "PASV\r\n", 4096, MSG_PEEK) = 6
21893 14:49:49.735531 read(0, "PASV\r\n", 6) = 6
21893 14:49:49.735543 write(5, "\n", 1) = 1
21893 14:49:49.735555 read(5,  <unfinished ...>
21891 14:49:49.735564 <... read resumed> "\n", 1) = 1
21891 14:49:49.735574 write(4, "\1", 1) = 1
21893 14:49:49.735584 <... read resumed> "\1", 1) = 1
21893 14:49:49.735592 write(5, "\f", 1) = 1
21893 14:49:49.735602 read(5,  <unfinished ...>
21891 14:49:49.735609 read(4, "\f", 1)  = 1
21891 14:49:49.735621 socket(PF_INET, SOCK_STREAM, IPPROTO_TCP) = 5
21891 14:49:49.735636 setsockopt(5, SOL_SOCKET, SO_REUSEADDR, [1], 4) = 0
21891 14:49:49.735651 bind(5, {sa_family=AF_INET, sin_port=htons(29501), sin_addr=inet_addr("127.0.0.1")}, 16) = 0
21891 14:49:49.735667 listen(5, 1)      = 0
21891 14:49:49.735681 write(4, "=s\0\0", 4) = 4
21893 14:49:49.735692 <... read resumed> "=s\0\0", 4) = 4
21893 14:49:49.735704 write(0, "227 Entering Passive Mode (127,0,0,1,115,61).\r\n", 47) = 47
21893 14:49:49.735837 rt_sigaction(SIGALRM, {0x805cad0, ~[RTMIN RT_1], 0}, NULL, 8) = 0
21893 14:49:49.735853 alarm(300)        = 300
21893 14:49:49.735864 recv(0, "RETR myfile14\r\n", 4096, MSG_PEEK) = 15
21893 14:49:49.735876 read(0, "RETR myfile14\r\n", 15) = 15
21893 14:49:49.735889 write(5, "\v", 1) = 1
21893 14:49:49.735900 read(5,  <unfinished ...>
21891 14:49:49.735907 read(4, "\v", 1)  = 1
21891 14:49:49.735918 write(4, "\1\0\0\0", 4) = 4
21893 14:49:49.735958 <... read resumed> "\1\0\0\0", 4) = 4
21893 14:49:49.735983 gettimeofday({1495651789, 735988}, NULL) = 0
21893 14:49:49.735995 getcwd("/home/msfadmin", 4096) = 15
21893 14:49:49.736008 open("myfile14", O_RDONLY|O_NONBLOCK|O_LARGEFILE) = 4
21893 14:49:49.736022 fcntl64(4, F_SETLKW64, {type=F_RDLCK, whence=SEEK_SET, start=0, len=0}, 0xbfdcf7e4) = 0
21893 14:49:49.736037 fstat64(4, {st_mode=S_IFREG|0644, st_size=17, ...}) = 0
21893 14:49:49.736054 fcntl64(4, F_GETFL) = 0x8800 (flags O_RDONLY|O_NONBLOCK|O_LARGEFILE)
21893 14:49:49.736065 fcntl64(4, F_SETFL, O_RDONLY|O_LARGEFILE) = 0
21893 14:49:49.736083 write(5, "\v", 1) = 1
21893 14:49:49.736094 read(5,  <unfinished ...>
21891 14:49:49.736102 read(4, "\v", 1)  = 1
21891 14:49:49.736113 write(4, "\1\0\0\0", 4) = 4
21893 14:49:49.736123 <... read resumed> "\1\0\0\0", 4) = 4
21893 14:49:49.736131 write(5, "\v", 1) = 1
21893 14:49:49.736141 read(5,  <unfinished ...>
21891 14:49:49.736147 read(4, "\v", 1)  = 1
21891 14:49:49.736158 write(4, "\1\0\0\0", 4) = 4
21893 14:49:49.736168 <... read resumed> "\1\0\0\0", 4) = 4
21893 14:49:49.736176 write(5, "\r", 1) = 1
21893 14:49:49.736186 read(5,  <unfinished ...>
21891 14:49:49.736192 read(4, "\r", 1)  = 1
21891 14:49:49.736204 select(6, [5], NULL, NULL, {60, 0}) = 1 (in [5], left {60, 0})
21891 14:49:49.736221 accept(5, {sa_family=AF_INET, sin_port=htons(43413), sin_addr=inet_addr("127.0.0.1")}, [16]) = 6
21891 14:49:49.736243 write(4, "\1", 1) = 1
21893 14:49:49.736253 <... read resumed> "\1", 1) = 1
21893 14:49:49.736262 recvmsg(5,  <unfinished ...>
21891 14:49:49.736271 sendmsg(4, {msg_name(0)=NULL, msg_iov(1)=[{"\0", 1}], msg_controllen=16, {cmsg_len=16, cmsg_level=SOL_SOCKET, cmsg_type=SCM_RIGHTS, {6}}, msg_flags=0}, 0) = 1
21893 14:49:49.736288 <... recvmsg resumed> {msg_name(0)=NULL, msg_iov(1)=[{"\0", 1}], msg_controllen=16, {cmsg_len=16, cmsg_level=SOL_SOCKET, cmsg_type=SCM_RIGHTS, {6}}, msg_flags=0}, 0) = 1
21893 14:49:49.736301 setsockopt(6, SOL_SOCKET, SO_KEEPALIVE, [1], 4) = 0
21893 14:49:49.736313 setsockopt(6, SOL_IP, IP_TOS, [8], 4) = 0
21893 14:49:49.736325 setsockopt(6, SOL_SOCKET, SO_LINGER, {onoff=1, linger=32767}, 8) = 0
21893 14:49:49.736336 rt_sigaction(SIGALRM, {0x805cad0, ~[RTMIN RT_1], 0}, NULL, 8) = 0
21893 14:49:49.736350 alarm(300)        = 300
21893 14:49:49.736363 write(0, "150 Opening BINARY mode data connection for myfile14 (17 bytes).\r\n", 66) = 66
21893 14:49:49.736406 _llseek(4, 0, [0], SEEK_CUR) = 0
21893 14:49:49.736418 fstat64(4, {st_mode=S_IFREG|0644, st_size=17, ...}) = 0
21893 14:49:49.736435 _llseek(4, 0, [0], SEEK_SET) = 0
21893 14:49:49.736446 sendfile(6, 4, NULL, 17) = 17
21893 14:49:49.736491 rt_sigaction(SIGALRM, {0x805cad0, ~[RTMIN RT_1], 0}, NULL, 8) = 0
21893 14:49:49.736516 alarm(300)        = 300
21893 14:49:49.736539 close(6)          = 0
21893 14:49:49.736558 alarm(0)          = 300
21893 14:49:49.736568 gettimeofday({1495651789, 736584}, NULL) = 0
21893 14:49:49.736606 gettimeofday({1495651789, 736610}, NULL) = 0
21893 14:49:49.736633 fcntl64(3, F_SETLKW64, {type=F_WRLCK, whence=SEEK_SET, start=0, len=0}, 0xbfdcf784) = 0
21893 14:49:49.736657 write(3, "Wed May 24 14:49:49 2017 [pid 21893] [msfadmin] OK DOWNLOAD: Client \"127.0.0.1\", \"/home/msfadmin/myfile14\", 17 bytes, 26.69Kbyte/sec\n", 133) = 133
21893 14:49:49.736690 fcntl64(3, F_SETLK64, {type=F_UNLCK, whence=SEEK_SET, start=0, len=0}, 0xbfdcf78c) = 0
21893 14:49:49.736705 write(0, "226 Transfer complete.\r\n", 24) = 24
21893 14:49:49.736735 write(5, "\n", 1) = 1
21893 14:49:49.736757 read(5,  <unfinished ...>
21891 14:49:49.736774 close(6)          = 0
21891 14:49:49.736869 read(4, "\n", 1)  = 1
21891 14:49:49.736883 close(5)          = 0
21891 14:49:49.736900 write(4, "\1", 1) = 1
21893 14:49:49.736913 <... read resumed> "\1", 1) = 1
21893 14:49:49.736920 close(4)          = 0
21893 14:49:49.736932 rt_sigaction(SIGALRM, {0x805cad0, ~[RTMIN RT_1], 0}, NULL, 8) = 0
21893 14:49:49.736946 alarm(300)        = 0
21893 14:49:49.736957 recv(0,  <unfinished ...>
21891 14:49:49.736965 read(4,  <unfinished ...>
21888 14:49:49.883809 <... recv resumed> "TYPE I\r\n", 4096, MSG_PEEK) = 8
21888 14:49:49.883840 read(0, "TYPE I\r\n", 8) = 8
21888 14:49:49.883862 write(0, "200 Switching to Binary mode.\r\n", 31) = 31
21888 14:49:49.883910 rt_sigaction(SIGALRM, {0x805cad0, ~[RTMIN RT_1], 0}, NULL, 8) = 0
21888 14:49:49.883927 alarm(300)        = 299
21888 14:49:49.883940 recv(0, "PASV\r\n", 4096, MSG_PEEK) = 6
21888 14:49:49.883952 read(0, "PASV\r\n", 6) = 6
21888 14:49:49.883964 write(5, "\n", 1 <unfinished ...>
21886 14:49:49.883975 <... read resumed> "\n", 1) = 1
21888 14:49:49.883981 <... write resumed> ) = 1
21886 14:49:49.883997 write(4, "\1", 1 <unfinished ...>
21888 14:49:49.884003 read(5,  <unfinished ...>
21886 14:49:49.884010 <... write resumed> ) = 1
21888 14:49:49.884014 <... read resumed> "\1", 1) = 1
21886 14:49:49.884022 read(4,  <unfinished ...>
21888 14:49:49.884026 write(5, "\f", 1 <unfinished ...>
21886 14:49:49.884034 <... read resumed> "\f", 1) = 1
21888 14:49:49.884038 <... write resumed> ) = 1
21886 14:49:49.884046 socket(PF_INET, SOCK_STREAM, IPPROTO_TCP <unfinished ...>
21888 14:49:49.884052 read(5,  <unfinished ...>
21886 14:49:49.884061 <... socket resumed> ) = 5
21886 14:49:49.884069 setsockopt(5, SOL_SOCKET, SO_REUSEADDR, [1], 4) = 0
21886 14:49:49.884084 bind(5, {sa_family=AF_INET, sin_port=htons(24182), sin_addr=inet_addr("127.0.0.1")}, 16) = 0
21886 14:49:49.884101 listen(5, 1)      = 0
21886 14:49:49.884114 write(4, "v^\0\0", 4 <unfinished ...>
21888 14:49:49.884123 <... read resumed> "v^\0\0", 4) = 4
21886 14:49:49.884128 <... write resumed> ) = 4
21888 14:49:49.884139 write(0, "227 Entering Passive Mode (127,0,0,1,94,118).\r\n", 47 <unfinished ...>
21886 14:49:49.884148 read(4,  <unfinished ...>
21888 14:49:49.884250 <... write resumed> ) = 47
21888 14:49:49.884262 rt_sigaction(SIGALRM, {0x805cad0, ~[RTMIN RT_1], 0}, NULL, 8) = 0
21888 14:49:49.884277 alarm(300)        = 300
21888 14:49:49.884288 recv(0, "STOR myfile37\r\n", 4096, MSG_PEEK) = 15
21888 14:49:49.884300 read(0, "STOR myfile37\r\n", 15) = 15
21888 14:49:49.884314 write(5, "\v", 1 <unfinished ...>
21886 14:49:49.884322 <... read resumed> "\v", 1) = 1
21888 14:49:49.884327 <... write resumed> ) = 1
21886 14:49:49.884334 write(4, "\1\0\0\0", 4 <unfinished ...>
21888 14:49:49.884340 read(5,  <unfinished ...>
21886 14:49:49.884346 <... write resumed> ) = 4
21888 14:49:49.884350 <... read resumed> "\1\0\0\0", 4) = 4
21886 14:49:49.884358 read(4,  <unfinished ...>
21888 14:49:49.884363 gettimeofday({1495651789, 884367}, NULL) = 0
21888 14:49:49.884374 getcwd("/home/msfadmin", 4096) = 15
21888 14:49:49.884387 open("myfile37", O_WRONLY|O_CREAT|O_NONBLOCK|O_LARGEFILE, 0666) = 4
21888 14:49:49.884401 fstat64(4, {st_mode=S_IFREG|0644, st_size=17, ...}) = 0
21888 14:49:49.884419 fcntl64(4, F_GETFL) = 0x8801 (flags O_WRONLY|O_NONBLOCK|O_LARGEFILE)
21888 14:49:49.884430 fcntl64(4, F_SETFL, O_WRONLY|O_LARGEFILE) = 0
21888 14:49:49.884440 fcntl64(4, F_SETLKW64, {type=F_WRLCK, whence=SEEK_SET, start=0, len=0}, 0xbfe21814) = 0
21888 14:49:49.884454 ftruncate64(4, 0) = 0
21888 14:49:49.884473 _llseek(4, 0, [0], SEEK_SET) = 0
21888 14:49:49.884484 write(5, "\v", 1 <unfinished ...>
21886 14:49:49.884491 <... read resumed> "\v", 1) = 1
21888 14:49:49.884516 <... write resumed> ) = 1
21886 14:49:49.884523 write(4, "\1\0\0\0", 4) = 4
21888 14:49:49.884536 read(5,  <unfinished ...>
21886 14:49:49.884541 read(4,  <unfinished ...>
21888 14:49:49.884548 <... read resumed> "\1\0\0\0", 4) = 4
21888 14:49:49.884565 write(5, "\v", 1 <unfinished ...>
21886 14:49:49.884571 <... read resumed> "\v", 1) = 1
21888 14:49:49.884576 <... write resumed> ) = 1
21886 14:49:49.884582 write(4, "\1\0\0\0", 4 <unfinished ...>
21888 14:49:49.884590 read(5,  <unfinished ...>
21886 14:49:49.884594 <... write resumed> ) = 4
21888 14:49:49.884600 <... read resumed> "\1\0\0\0", 4) = 4
21886 14:49:49.884606 read(4,  <unfinished ...>
21888 14:49:49.884612 write(5, "\r", 1 <unfinished ...>
21886 14:49:49.884619 <... read resumed> "\r", 1) = 1
21888 14:49:49.884624 <... write resumed> ) = 1
21886 14:49:49.884632 select(6, [5], NULL, NULL, {60, 0} <unfinished ...>
21888 14:49:49.884639 read(5,  <unfinished ...>
21886 14:49:49.884645 <... select resumed> ) = 1 (in [5], left {60, 0})
21886 14:49:49.884656 accept(5, {sa_family=AF_INET, sin_port=htons(51110), sin_addr=inet_addr("127.0.0.1")}, [16]) = 6
21886 14:49:49.884678 write(4, "\1", 1 <unfinished ...>
21888 14:49:49.884686 <... read resumed> "\1", 1) = 1
21886 14:49:49.884691 <... write resumed> ) = 1
21888 14:49:49.884699 recvmsg(5,  <unfinished ...>
21886 14:49:49.884705 sendmsg(4, {msg_name(0)=NULL, msg_iov(1)=[{"\0", 1}], msg_controllen=16, {cmsg_len=16, cmsg_level=SOL_SOCKET, cmsg_type=SCM_RIGHTS, {6}}, msg_flags=0}, 0 <unfinished ...>
21888 14:49:49.884724 <... recvmsg resumed> {msg_name(0)=NULL, msg_iov(1)=[{"\0", 1}], msg_controllen=16, {cmsg_len=16, cmsg_level=SOL_SOCKET, cmsg_type=SCM_RIGHTS, {6}}, msg_flags=0}, 0) = 1
21886 14:49:49.884734 <... sendmsg resumed> ) = 1
21888 14:49:49.884742 setsockopt(6, SOL_SOCKET, SO_KEEPALIVE, [1], 4 <unfinished ...>
21886 14:49:49.884748 close(6 <unfinished ...>
21888 14:49:49.884754 <... setsockopt resumed> ) = 0
21886 14:49:49.884758 <... close resumed> ) = 0
21888 14:49:49.884766 setsockopt(6, SOL_IP, IP_TOS, [8], 4 <unfinished ...>
21886 14:49:49.884772 read(4,  <unfinished ...>
21888 14:49:49.884778 <... setsockopt resumed> ) = 0
21888 14:49:49.884786 setsockopt(6, SOL_SOCKET, SO_LINGER, {onoff=1, linger=32767}, 8) = 0
21888 14:49:49.884797 rt_sigaction(SIGALRM, {0x805cad0, ~[RTMIN RT_1], 0}, NULL, 8) = 0
21888 14:49:49.884810 alarm(300)        = 300
21888 14:49:49.884823 write(0, "150 Ok to send data.\r\n", 22) = 22
21888 14:49:49.884888 read(6, "assasaaa\na\na\na\na\n", 65536) = 17
21888 14:49:49.884903 write(4, "assasaaa\na\na\na\na\n", 17) = 17
21888 14:49:49.884918 read(6, "", 65536) = 0
21888 14:49:49.884929 rt_sigaction(SIGALRM, {0x805cad0, ~[RTMIN RT_1], 0}, NULL, 8) = 0
21888 14:49:49.884942 alarm(300)        = 300
21888 14:49:49.884952 close(6)          = 0
21888 14:49:49.884969 alarm(0)          = 300
21888 14:49:49.884979 gettimeofday({1495651789, 884982}, NULL) = 0
21888 14:49:49.884994 gettimeofday({1495651789, 884997}, NULL) = 0
21888 14:49:49.885009 fcntl64(3, F_SETLKW64, {type=F_WRLCK, whence=SEEK_SET, start=0, len=0}, 0xbfe217b4) = 0
21888 14:49:49.885024 write(3, "Wed May 24 14:49:49 2017 [pid 21888] [msfadmin] OK UPLOAD: Client \"127.0.0.1\", \"/home/msfadmin/myfile37\", 17 bytes, 26.35Kbyte/sec\n", 131) = 131
21888 14:49:49.885045 fcntl64(3, F_SETLK64, {type=F_UNLCK, whence=SEEK_SET, start=0, len=0}, 0xbfe217bc) = 0
21888 14:49:49.885059 write(0, "226 Transfer complete.\r\n", 24) = 24
21888 14:49:49.885102 write(5, "\n", 1 <unfinished ...>
21886 14:49:49.885111 <... read resumed> "\n", 1) = 1
21888 14:49:49.885116 <... write resumed> ) = 1
21886 14:49:49.885122 close(5)          = 0
21886 14:49:49.885134 write(4, "\1", 1) = 1
21886 14:49:49.885145 read(4,  <unfinished ...>
21888 14:49:49.885152 read(5, "\1", 1)  = 1
21888 14:49:49.885163 close(4)          = 0
21888 14:49:49.885173 rt_sigaction(SIGALRM, {0x805cad0, ~[RTMIN RT_1], 0}, NULL, 8) = 0
21888 14:49:49.885187 alarm(300)        = 0
21888 14:49:49.885197 recv(0,  <unfinished ...>
21893 14:49:50.334264 <... recv resumed> "USER msfadmin\r\n", 4096, MSG_PEEK) = 15
21893 14:49:50.334384 read(0, "USER msfadmin\r\n", 15) = 15
21893 14:49:50.334472 write(0, "331 Any password will do.\r\n", 27) = 27
21893 14:49:50.334569 rt_sigaction(SIGALRM, {0x805cad0, ~[RTMIN RT_1], 0}, NULL, 8) = 0
21893 14:49:50.334601 alarm(300)        = 299
21893 14:49:50.334635 recv(0, "PASS msfadmin\r\n", 4096, MSG_PEEK) = 15
21893 14:49:50.334647 read(0, "PASS msfadmin\r\n", 15) = 15
21893 14:49:50.334663 write(0, "230 Already logged in.\r\n", 24) = 24
21893 14:49:50.334726 rt_sigaction(SIGALRM, {0x805cad0, ~[RTMIN RT_1], 0}, NULL, 8) = 0
21893 14:49:50.334742 alarm(300)        = 300
21893 14:49:50.334753 recv(0, "TYPE I\r\n", 4096, MSG_PEEK) = 8
21893 14:49:50.334764 read(0, "TYPE I\r\n", 8) = 8
21893 14:49:50.334789 write(0, "200 Switching to Binary mode.\r\n", 31) = 31
21893 14:49:50.334825 rt_sigaction(SIGALRM, {0x805cad0, ~[RTMIN RT_1], 0}, NULL, 8) = 0
21893 14:49:50.334840 alarm(300)        = 300
21893 14:49:50.334851 recv(0, "PASV\r\n", 4096, MSG_PEEK) = 6
21893 14:49:50.334862 read(0, "PASV\r\n", 6) = 6
21893 14:49:50.334875 write(5, "\n", 1) = 1
21893 14:49:50.334887 read(5,  <unfinished ...>
21891 14:49:50.334896 <... read resumed> "\n", 1) = 1
21891 14:49:50.334906 write(4, "\1", 1) = 1
21893 14:49:50.334917 <... read resumed> "\1", 1) = 1
21893 14:49:50.334925 write(5, "\f", 1) = 1
21893 14:49:50.334935 read(5,  <unfinished ...>
21891 14:49:50.334964 read(4, "\f", 1)  = 1
21891 14:49:50.334979 socket(PF_INET, SOCK_STREAM, IPPROTO_TCP) = 5
21891 14:49:50.334995 setsockopt(5, SOL_SOCKET, SO_REUSEADDR, [1], 4) = 0
21891 14:49:50.335019 bind(5, {sa_family=AF_INET, sin_port=htons(56684), sin_addr=inet_addr("127.0.0.1")}, 16) = 0
21891 14:49:50.335036 listen(5, 1)      = 0
21891 14:49:50.335050 write(4, "l\335\0\0", 4) = 4
21893 14:49:50.335060 <... read resumed> "l\335\0\0", 4) = 4
21893 14:49:50.335073 write(0, "227 Entering Passive Mode (127,0,0,1,221,108).\r\n", 48) = 48
21893 14:49:50.335207 rt_sigaction(SIGALRM, {0x805cad0, ~[RTMIN RT_1], 0}, NULL, 8) = 0
21893 14:49:50.335223 alarm(300)        = 300
21893 14:49:50.335235 recv(0, "RETR myfile15\r\n", 4096, MSG_PEEK) = 15
21893 14:49:50.335247 read(0, "RETR myfile15\r\n", 15) = 15
21893 14:49:50.335260 write(5, "\v", 1) = 1
21893 14:49:50.335270 read(5,  <unfinished ...>
21891 14:49:50.335278 read(4, "\v", 1)  = 1
21891 14:49:50.335289 write(4, "\1\0\0\0", 4) = 4
21893 14:49:50.335299 <... read resumed> "\1\0\0\0", 4) = 4
21893 14:49:50.335307 gettimeofday({1495651790, 335311}, NULL) = 0
21893 14:49:50.335319 getcwd("/home/msfadmin", 4096) = 15
21893 14:49:50.335331 open("myfile15", O_RDONLY|O_NONBLOCK|O_LARGEFILE) = 4
21893 14:49:50.335345 fcntl64(4, F_SETLKW64, {type=F_RDLCK, whence=SEEK_SET, start=0, len=0}, 0xbfdcf7e4) = 0
21893 14:49:50.335360 fstat64(4, {st_mode=S_IFREG|0644, st_size=17, ...}) = 0
21893 14:49:50.335377 fcntl64(4, F_GETFL) = 0x8800 (flags O_RDONLY|O_NONBLOCK|O_LARGEFILE)
21893 14:49:50.335387 fcntl64(4, F_SETFL, O_RDONLY|O_LARGEFILE) = 0
21893 14:49:50.335398 write(5, "\v", 1) = 1
21893 14:49:50.335409 read(5,  <unfinished ...>
21891 14:49:50.335426 read(4, "\v", 1)  = 1
21891 14:49:50.335438 write(4, "\1\0\0\0", 4) = 4
21893 14:49:50.335448 <... read resumed> "\1\0\0\0", 4) = 4
21893 14:49:50.335456 write(5, "\v", 1) = 1
21893 14:49:50.335476 read(5,  <unfinished ...>
21891 14:49:50.335482 read(4, "\v", 1)  = 1
21891 14:49:50.335493 write(4, "\1\0\0\0", 4) = 4
21893 14:49:50.335503 <... read resumed> "\1\0\0\0", 4) = 4
21893 14:49:50.335511 write(5, "\r", 1) = 1
21893 14:49:50.335520 read(5,  <unfinished ...>
21891 14:49:50.335538 read(4, "\r", 1)  = 1
21891 14:49:50.335550 select(6, [5], NULL, NULL, {60, 0}) = 1 (in [5], left {60, 0})
21891 14:49:50.335567 accept(5, {sa_family=AF_INET, sin_port=htons(41275), sin_addr=inet_addr("127.0.0.1")}, [16]) = 6
21891 14:49:50.335589 write(4, "\1", 1) = 1
21893 14:49:50.335600 <... read resumed> "\1", 1) = 1
21893 14:49:50.335609 recvmsg(5,  <unfinished ...>
21891 14:49:50.335617 sendmsg(4, {msg_name(0)=NULL, msg_iov(1)=[{"\0", 1}], msg_controllen=16, {cmsg_len=16, cmsg_level=SOL_SOCKET, cmsg_type=SCM_RIGHTS, {6}}, msg_flags=0}, 0) = 1
21893 14:49:50.335635 <... recvmsg resumed> {msg_name(0)=NULL, msg_iov(1)=[{"\0", 1}], msg_controllen=16, {cmsg_len=16, cmsg_level=SOL_SOCKET, cmsg_type=SCM_RIGHTS, {6}}, msg_flags=0}, 0) = 1
21893 14:49:50.335648 setsockopt(6, SOL_SOCKET, SO_KEEPALIVE, [1], 4) = 0
21893 14:49:50.335661 setsockopt(6, SOL_IP, IP_TOS, [8], 4) = 0
21893 14:49:50.335673 setsockopt(6, SOL_SOCKET, SO_LINGER, {onoff=1, linger=32767}, 8) = 0
21893 14:49:50.335684 rt_sigaction(SIGALRM, {0x805cad0, ~[RTMIN RT_1], 0}, NULL, 8) = 0
21893 14:49:50.335698 alarm(300)        = 300
21893 14:49:50.335711 write(0, "150 Opening BINARY mode data connection for myfile15 (17 bytes).\r\n", 66) = 66
21893 14:49:50.335752 _llseek(4, 0, [0], SEEK_CUR) = 0
21893 14:49:50.335765 fstat64(4, {st_mode=S_IFREG|0644, st_size=17, ...}) = 0
21893 14:49:50.335782 _llseek(4, 0, [0], SEEK_SET) = 0
21893 14:49:50.335793 sendfile(6, 4, NULL, 17) = 17
21893 14:49:50.335824 rt_sigaction(SIGALRM, {0x805cad0, ~[RTMIN RT_1], 0}, NULL, 8) = 0
21893 14:49:50.335839 alarm(300)        = 300
21893 14:49:50.335849 close(6)          = 0
21893 14:49:50.335858 alarm(0)          = 300
21893 14:49:50.335868 gettimeofday({1495651790, 335871}, NULL) = 0
21893 14:49:50.335883 gettimeofday({1495651790, 335887}, NULL) = 0
21893 14:49:50.335897 fcntl64(3, F_SETLKW64, {type=F_WRLCK, whence=SEEK_SET, start=0, len=0}, 0xbfdcf784) = 0
21893 14:49:50.335941 write(3, "Wed May 24 14:49:50 2017 [pid 21893] [msfadmin] OK DOWNLOAD: Client \"127.0.0.1\", \"/home/msfadmin/myfile15\", 17 bytes, 28.82Kbyte/sec\n", 133) = 133
21893 14:49:50.335974 fcntl64(3, F_SETLK64, {type=F_UNLCK, whence=SEEK_SET, start=0, len=0}, 0xbfdcf78c) = 0
21893 14:49:50.335990 write(0, "226 Transfer complete.\r\n", 24) = 24
21893 14:49:50.336016 write(5, "\n", 1) = 1
21893 14:49:50.336027 read(5,  <unfinished ...>
21891 14:49:50.336045 close(6)          = 0
21891 14:49:50.336131 read(4, "\n", 1)  = 1
21891 14:49:50.336145 close(5)          = 0
21891 14:49:50.336157 write(4, "\1", 1) = 1
21893 14:49:50.336168 <... read resumed> "\1", 1) = 1
21893 14:49:50.336176 close(4)          = 0
21893 14:49:50.336187 rt_sigaction(SIGALRM, {0x805cad0, ~[RTMIN RT_1], 0}, NULL, 8) = 0
21893 14:49:50.336201 alarm(300)        = 0
21893 14:49:50.336212 recv(0,  <unfinished ...>
21891 14:49:50.336220 read(4,  <unfinished ...>
21888 14:49:50.413866 <... recv resumed> "TYPE I\r\n", 4096, MSG_PEEK) = 8
21888 14:49:50.413897 read(0, "TYPE I\r\n", 8) = 8
21888 14:49:50.413919 write(0, "200 Switching to Binary mode.\r\n", 31) = 31
21888 14:49:50.413968 rt_sigaction(SIGALRM, {0x805cad0, ~[RTMIN RT_1], 0}, NULL, 8) = 0
21888 14:49:50.413986 alarm(300)        = 299
21888 14:49:50.413999 recv(0, "PASV\r\n", 4096, MSG_PEEK) = 6
21888 14:49:50.414011 read(0, "PASV\r\n", 6) = 6
21888 14:49:50.414023 write(5, "\n", 1 <unfinished ...>
21886 14:49:50.414034 <... read resumed> "\n", 1) = 1
21888 14:49:50.414039 <... write resumed> ) = 1
21886 14:49:50.414048 write(4, "\1", 1 <unfinished ...>
21888 14:49:50.414053 read(5,  <unfinished ...>
21886 14:49:50.414060 <... write resumed> ) = 1
21888 14:49:50.414064 <... read resumed> "\1", 1) = 1
21886 14:49:50.414071 read(4,  <unfinished ...>
21888 14:49:50.414076 write(5, "\f", 1 <unfinished ...>
21886 14:49:50.414083 <... read resumed> "\f", 1) = 1
21888 14:49:50.414088 <... write resumed> ) = 1
21886 14:49:50.414109 socket(PF_INET, SOCK_STREAM, IPPROTO_TCP <unfinished ...>
21888 14:49:50.414117 read(5,  <unfinished ...>
21886 14:49:50.414127 <... socket resumed> ) = 5
21886 14:49:50.414135 setsockopt(5, SOL_SOCKET, SO_REUSEADDR, [1], 4) = 0
21886 14:49:50.414150 bind(5, {sa_family=AF_INET, sin_port=htons(34392), sin_addr=inet_addr("127.0.0.1")}, 16) = 0
21886 14:49:50.414167 listen(5, 1)      = 0
21886 14:49:50.414180 write(4, "X\206\0\0", 4 <unfinished ...>
21888 14:49:50.414189 <... read resumed> "X\206\0\0", 4) = 4
21886 14:49:50.414194 <... write resumed> ) = 4
21888 14:49:50.414206 write(0, "227 Entering Passive Mode (127,0,0,1,134,88).\r\n", 47 <unfinished ...>
21886 14:49:50.414215 read(4,  <unfinished ...>
21888 14:49:50.414318 <... write resumed> ) = 47
21888 14:49:50.414331 rt_sigaction(SIGALRM, {0x805cad0, ~[RTMIN RT_1], 0}, NULL, 8) = 0
21888 14:49:50.414345 alarm(300)        = 300
21888 14:49:50.414357 recv(0, "STOR myfile38\r\n", 4096, MSG_PEEK) = 15
21888 14:49:50.414369 read(0, "STOR myfile38\r\n", 15) = 15
21888 14:49:50.414382 write(5, "\v", 1 <unfinished ...>
21886 14:49:50.414390 <... read resumed> "\v", 1) = 1
21888 14:49:50.414395 <... write resumed> ) = 1
21886 14:49:50.414402 write(4, "\1\0\0\0", 4 <unfinished ...>
21888 14:49:50.414408 read(5,  <unfinished ...>
21886 14:49:50.414414 <... write resumed> ) = 4
21888 14:49:50.414418 <... read resumed> "\1\0\0\0", 4) = 4
21886 14:49:50.414427 read(4,  <unfinished ...>
21888 14:49:50.414431 gettimeofday({1495651790, 414435}, NULL) = 0
21888 14:49:50.414443 getcwd("/home/msfadmin", 4096) = 15
21888 14:49:50.414455 open("myfile38", O_WRONLY|O_CREAT|O_NONBLOCK|O_LARGEFILE, 0666) = 4
21888 14:49:50.414469 fstat64(4, {st_mode=S_IFREG|0644, st_size=17, ...}) = 0
21888 14:49:50.414487 fcntl64(4, F_GETFL) = 0x8801 (flags O_WRONLY|O_NONBLOCK|O_LARGEFILE)
21888 14:49:50.414498 fcntl64(4, F_SETFL, O_WRONLY|O_LARGEFILE) = 0
21888 14:49:50.414508 fcntl64(4, F_SETLKW64, {type=F_WRLCK, whence=SEEK_SET, start=0, len=0}, 0xbfe21814) = 0
21888 14:49:50.414522 ftruncate64(4, 0) = 0
21888 14:49:50.414547 _llseek(4, 0, [0], SEEK_SET) = 0
21888 14:49:50.414559 write(5, "\v", 1 <unfinished ...>
21886 14:49:50.414567 <... read resumed> "\v", 1) = 1
21888 14:49:50.414571 <... write resumed> ) = 1
21886 14:49:50.414579 write(4, "\1\0\0\0", 4 <unfinished ...>
21888 14:49:50.414584 read(5,  <unfinished ...>
21886 14:49:50.414610 <... write resumed> ) = 4
21888 14:49:50.414615 <... read resumed> "\1\0\0\0", 4) = 4
21886 14:49:50.414624 read(4,  <unfinished ...>
21888 14:49:50.414628 write(5, "\v", 1 <unfinished ...>
21886 14:49:50.414636 <... read resumed> "\v", 1) = 1
21888 14:49:50.414640 <... write resumed> ) = 1
21886 14:49:50.414661 write(4, "\1\0\0\0", 4 <unfinished ...>
21888 14:49:50.414666 read(5,  <unfinished ...>
21886 14:49:50.414672 <... write resumed> ) = 4
21888 14:49:50.414676 <... read resumed> "\1\0\0\0", 4) = 4
21886 14:49:50.414684 read(4,  <unfinished ...>
21888 14:49:50.414689 write(5, "\r", 1 <unfinished ...>
21886 14:49:50.414696 <... read resumed> "\r", 1) = 1
21888 14:49:50.414700 <... write resumed> ) = 1
21886 14:49:50.414709 select(6, [5], NULL, NULL, {60, 0} <unfinished ...>
21888 14:49:50.414715 read(5,  <unfinished ...>
21886 14:49:50.414722 <... select resumed> ) = 1 (in [5], left {60, 0})
21886 14:49:50.414732 accept(5, {sa_family=AF_INET, sin_port=htons(38476), sin_addr=inet_addr("127.0.0.1")}, [16]) = 6
21886 14:49:50.414754 write(4, "\1", 1 <unfinished ...>
21888 14:49:50.414762 <... read resumed> "\1", 1) = 1
21886 14:49:50.414767 <... write resumed> ) = 1
21888 14:49:50.414776 recvmsg(5,  <unfinished ...>
21886 14:49:50.414782 sendmsg(4, {msg_name(0)=NULL, msg_iov(1)=[{"\0", 1}], msg_controllen=16, {cmsg_len=16, cmsg_level=SOL_SOCKET, cmsg_type=SCM_RIGHTS, {6}}, msg_flags=0}, 0 <unfinished ...>
21888 14:49:50.414796 <... recvmsg resumed> {msg_name(0)=NULL, msg_iov(1)=[{"\0", 1}], msg_controllen=16, {cmsg_len=16, cmsg_level=SOL_SOCKET, cmsg_type=SCM_RIGHTS, {6}}, msg_flags=0}, 0) = 1
21886 14:49:50.414806 <... sendmsg resumed> ) = 1
21888 14:49:50.414814 setsockopt(6, SOL_SOCKET, SO_KEEPALIVE, [1], 4 <unfinished ...>
21886 14:49:50.414819 close(6 <unfinished ...>
21888 14:49:50.414826 <... setsockopt resumed> ) = 0
21886 14:49:50.414830 <... close resumed> ) = 0
21888 14:49:50.414838 setsockopt(6, SOL_IP, IP_TOS, [8], 4 <unfinished ...>
21886 14:49:50.414843 read(4,  <unfinished ...>
21888 14:49:50.414850 <... setsockopt resumed> ) = 0
21888 14:49:50.414857 setsockopt(6, SOL_SOCKET, SO_LINGER, {onoff=1, linger=32767}, 8) = 0
21888 14:49:50.414868 rt_sigaction(SIGALRM, {0x805cad0, ~[RTMIN RT_1], 0}, NULL, 8) = 0
21888 14:49:50.414881 alarm(300)        = 300
21888 14:49:50.414894 write(0, "150 Ok to send data.\r\n", 22) = 22
