22741 14:58:23.246660 mmap2(NULL, 1624, PROT_READ, MAP_SHARED, 5, 0) = 0xb7f8c000
22741 14:58:23.246670 _llseek(5, 1624, [1624], SEEK_SET) = 0
22741 14:58:23.246686 munmap(0xb7f8c000, 1624) = 0
22741 14:58:23.246696 close(5)          = 0
22741 14:58:23.246708 open("/etc/shadow", O_RDONLY|0x80000 /* O_??? */) = 5
22741 14:58:23.246720 _llseek(5, 0, [0], SEEK_CUR) = 0
22741 14:58:23.246730 fstat64(5, {st_mode=S_IFREG|0640, st_size=1233, ...}) = 0
22741 14:58:23.246746 mmap2(NULL, 1233, PROT_READ, MAP_SHARED, 5, 0) = 0xb7f8c000
22741 14:58:23.246786 _llseek(5, 1233, [1233], SEEK_SET) = 0
22741 14:58:23.246814 munmap(0xb7f8c000, 1233) = 0
22741 14:58:23.246824 close(5)          = 0
22741 14:58:23.247057 getuid32()        = 0
22741 14:58:23.247068 open("/etc/passwd", O_RDONLY|0x80000 /* O_??? */) = 5
22741 14:58:23.247080 _llseek(5, 0, [0], SEEK_CUR) = 0
22741 14:58:23.247091 fstat64(5, {st_mode=S_IFREG|0644, st_size=1624, ...}) = 0
22741 14:58:23.247107 mmap2(NULL, 1624, PROT_READ, MAP_SHARED, 5, 0) = 0xb7f8c000
22741 14:58:23.247117 _llseek(5, 1624, [1624], SEEK_SET) = 0
22741 14:58:23.247132 munmap(0xb7f8c000, 1624) = 0
22741 14:58:23.247142 close(5)          = 0
22741 14:58:23.247154 open("/etc/shadow", O_RDONLY|0x80000 /* O_??? */) = 5
22741 14:58:23.247167 _llseek(5, 0, [0], SEEK_CUR) = 0
22741 14:58:23.247177 fstat64(5, {st_mode=S_IFREG|0640, st_size=1233, ...}) = 0
22741 14:58:23.247193 mmap2(NULL, 1233, PROT_READ, MAP_SHARED, 5, 0) = 0xb7f8c000
22741 14:58:23.247203 _llseek(5, 1233, [1233], SEEK_SET) = 0
22741 14:58:23.247219 munmap(0xb7f8c000, 1233) = 0
22741 14:58:23.247228 close(5)          = 0
22741 14:58:23.247239 time(NULL)        = 1495652303
22741 14:58:23.247254 munmap(0xb7f89000, 12164) = 0
22741 14:58:23.247267 munmap(0xb7f87000, 7136) = 0
22741 14:58:23.247281 munmap(0xb7dbc000, 95428) = 0
22741 14:58:23.247292 munmap(0xb7d82000, 201052) = 0
22741 14:58:23.247303 munmap(0xb7d69000, 101180) = 0
22741 14:58:23.247318 gettimeofday({1495652303, 247322}, NULL) = 0
22741 14:58:23.247330 stat64("/usr/share/zoneinfo/UTC+04:00", 0xbfcf6664) = -1 ENOENT (No such file or directory)
22741 14:58:23.247344 open("/usr/share/zoneinfo/UTC+04:00", O_RDONLY) = -1 ENOENT (No such file or directory)
22741 14:58:23.247369 fcntl64(3, F_SETLKW64, {type=F_WRLCK, whence=SEEK_SET, start=0, len=0}, 0xbfcf67b4) = 0
22741 14:58:23.247385 write(3, "Wed May 24 14:58:23 2017 [pid 22741] [msfadmin] OK LOGIN: Client \"127.0.0.1\"\n", 77) = 77
22741 14:58:23.247402 fcntl64(3, F_SETLK64, {type=F_UNLCK, whence=SEEK_SET, start=0, len=0}, 0xbfcf67bc) = 0
22741 14:58:23.247414 rt_sigaction(SIGCHLD, {0x805cad0, ~[RTMIN RT_1], 0}, NULL, 8) = 0
22741 14:58:23.247428 write(4, "\1", 1 <unfinished ...>
22742 14:58:23.247438 <... read resumed> "\1", 1) = 1
22741 14:58:23.247443 <... write resumed> ) = 1
22742 14:58:23.247450 exit_group(0)     = ?
22741 14:58:23.247478 --- SIGCHLD (Child exited) @ 0 (0) ---
22741 14:58:23.247485 sigreturn()       = ? (mask now [])
22741 14:58:23.247504 wait4(-1, [{WIFEXITED(s) && WEXITSTATUS(s) == 0}], 0, NULL) = 22742
22741 14:58:23.247521 close(4)          = 0
22741 14:58:23.247533 socketpair(PF_FILE, SOCK_STREAM, 0, [4, 5]) = 0
22741 14:58:23.247546 rt_sigaction(SIGCHLD, {0x805cad0, ~[RTMIN RT_1], 0}, NULL, 8) = 0
22741 14:58:23.247560 rt_sigaction(SIGALRM, {0x805cb10, ~[RTMIN RT_1], 0}, NULL, 8) = 0
22741 14:58:23.247573 clone(child_stack=0, flags=CLONE_CHILD_CLEARTID|CLONE_CHILD_SETTID|SIGCHLD, child_tidptr=0xb7df26f8) = 22743
22743 14:58:23.247623 prctl(0x1, 0x9, 0, 0, 0) = 0
22743 14:58:23.247636 close(4)          = 0
22743 14:58:23.247662 open("/etc/passwd", O_RDONLY|0x80000 /* O_??? */) = 4
22743 14:58:23.247679 _llseek(4, 0, [0], SEEK_CUR) = 0
22743 14:58:23.247694 fstat64(4, {st_mode=S_IFREG|0644, st_size=1624, ...}) = 0
22743 14:58:23.247713 mmap2(NULL, 1624, PROT_READ, MAP_SHARED, 4, 0) = 0xb7f8c000
22743 14:58:23.247746 _llseek(4, 1624, [1624], SEEK_SET) = 0
22743 14:58:23.247782 munmap(0xb7f8c000, 1624) = 0
22743 14:58:23.247794 close(4)          = 0
22743 14:58:23.247807 getuid32()        = 0
22743 14:58:23.247817 open("/etc/passwd", O_RDONLY|0x80000 /* O_??? */) = 4
22743 14:58:23.247830 _llseek(4, 0, [0], SEEK_CUR) = 0
22743 14:58:23.247840 fstat64(4, {st_mode=S_IFREG|0644, st_size=1624, ...}) = 0
22743 14:58:23.247856 mmap2(NULL, 1624, PROT_READ, MAP_SHARED, 4, 0) = 0xb7f8c000
22743 14:58:23.247867 _llseek(4, 1624, [1624], SEEK_SET) = 0
22743 14:58:23.247883 munmap(0xb7f8c000, 1624) = 0
22743 14:58:23.247892 close(4)          = 0
22743 14:58:23.247918 open("/proc/sys/kernel/ngroups_max", O_RDONLY) = 4
22743 14:58:23.247937 read(4, "65536\n", 31) = 6
22743 14:58:23.247950 close(4)          = 0
22743 14:58:23.247963 socket(PF_FILE, SOCK_STREAM, 0) = 4
22743 14:58:23.247975 fcntl64(4, F_SETFL, O_RDWR|O_NONBLOCK) = 0
22743 14:58:23.247986 connect(4, {sa_family=AF_FILE, path="/var/run/nscd/socket"}, 110) = -1 ENOENT (No such file or directory)
22743 14:58:23.248007 close(4)          = 0
22743 14:58:23.248018 socket(PF_FILE, SOCK_STREAM, 0) = 4
22743 14:58:23.248028 fcntl64(4, F_SETFL, O_RDWR|O_NONBLOCK) = 0
22743 14:58:23.248038 connect(4, {sa_family=AF_FILE, path="/var/run/nscd/socket"}, 110) = -1 ENOENT (No such file or directory)
22743 14:58:23.248056 close(4)          = 0
22743 14:58:23.248080 open("/etc/group", O_RDONLY|0x80000 /* O_??? */) = 4
22743 14:58:23.248094 _llseek(4, 0, [0], SEEK_CUR) = 0
22743 14:58:23.248104 fstat64(4, {st_mode=S_IFREG|0644, st_size=886, ...}) = 0
22743 14:58:23.248121 mmap2(NULL, 886, PROT_READ, MAP_SHARED, 4, 0) = 0xb7f8c000
22743 14:58:23.248132 _llseek(4, 886, [886], SEEK_SET) = 0
22743 14:58:23.248156 fstat64(4, {st_mode=S_IFREG|0644, st_size=886, ...}) = 0
22743 14:58:23.248173 munmap(0xb7f8c000, 886) = 0
22743 14:58:23.248183 close(4)          = 0
22743 14:58:23.248193 setgroups32(13, [1000, 4, 20, 24, 25, 29, 30, 44, 46, 107, 111, 112, 119]) = 0
22743 14:58:23.248209 geteuid32()       = 0
22743 14:58:23.248219 getegid32()       = 0
22743 14:58:23.248230 setregid32(-1, 1000) = 0
22743 14:58:23.248240 setreuid32(-1, 1000) = 0
22743 14:58:23.248250 chdir("/home/msfadmin") = 0
22743 14:58:23.248262 setreuid32(-1, 0) = 0
22743 14:58:23.248271 setregid32(-1, 0) = 0
22743 14:58:23.248282 setgid32(1000)    = 0
22743 14:58:23.248291 setuid32(1000)    = 0
22743 14:58:23.248301 setrlimit(RLIMIT_NPROC, {rlim_cur=0, rlim_max=0}) = 0
22743 14:58:23.248315 mmap2(NULL, 12288, PROT_READ|PROT_WRITE, MAP_PRIVATE|MAP_ANONYMOUS, -1, 0) = 0xb7f8a000
22743 14:58:23.248326 mprotect(0xb7f8c000, 4096, PROT_NONE) = 0
22743 14:58:23.248337 mprotect(0xb7f8a000, 4096, PROT_NONE) = 0
22743 14:58:23.248348 getcwd("/home/msfadmin", 4096) = 15
22743 14:58:23.248361 umask(022)        = 077
22743 14:58:23.248371 getcwd("/home/msfadmin", 4096) = 15
22743 14:58:23.248384 open(".message", O_RDONLY|O_NONBLOCK|O_LARGEFILE) = -1 ENOENT (No such file or directory)
22743 14:58:23.248408 write(0, "230 Login successful.\r\n", 23) = 23
22743 14:58:23.248478 rt_sigaction(SIGALRM, {0x805cad0, ~[RTMIN RT_1], 0}, NULL, 8) = 0
22743 14:58:23.248495 alarm(300)        = 0
22743 14:58:23.248506 mmap2(NULL, 12288, PROT_READ|PROT_WRITE, MAP_PRIVATE|MAP_ANONYMOUS, -1, 0) = 0xb7f87000
22743 14:58:23.248521 mprotect(0xb7f89000, 4096, PROT_NONE) = 0
22743 14:58:23.248532 mprotect(0xb7f87000, 4096, PROT_NONE) = 0
22743 14:58:23.248545 recv(0, "TYPE I\r\n", 4096, MSG_PEEK) = 8
22743 14:58:23.248558 read(0, "TYPE I\r\n", 8) = 8
22743 14:58:23.248574 write(0, "200 Switching to Binary mode.\r\n", 31) = 31
22743 14:58:23.248614 rt_sigaction(SIGALRM, {0x805cad0, ~[RTMIN RT_1], 0}, NULL, 8) = 0
22743 14:58:23.248628 alarm(300)        = 300
22743 14:58:23.248639 recv(0, "PASV\r\n", 4096, MSG_PEEK) = 6
22743 14:58:23.248650 read(0, "PASV\r\n", 6) = 6
22743 14:58:23.248662 write(5, "\n", 1) = 1
22743 14:58:23.248673 read(5,  <unfinished ...>
22741 14:58:23.248685 close(5)          = 0
22741 14:58:23.248722 getuid32()        = 0
22741 14:58:23.248747 open("/etc/passwd", O_RDONLY|0x80000 /* O_??? */) = 5
22741 14:58:23.248762 _llseek(5, 0, [0], SEEK_CUR) = 0
22741 14:58:23.248774 fstat64(5, {st_mode=S_IFREG|0644, st_size=1624, ...}) = 0
22741 14:58:23.248792 mmap2(NULL, 1624, PROT_READ, MAP_SHARED, 5, 0) = 0xb7f8c000
22741 14:58:23.248803 _llseek(5, 1624, [1624], SEEK_SET) = 0
22741 14:58:23.248821 munmap(0xb7f8c000, 1624) = 0
22741 14:58:23.248832 close(5)          = 0
22741 14:58:23.248848 setgroups32(0, []) = 0
22741 14:58:23.248859 chdir("/usr/share/empty") = 0
22741 14:58:23.248871 chroot(".")       = 0
22741 14:58:23.248882 capset(NULL, NULL) = -1 EFAULT (Bad address)
22741 14:58:23.248895 prctl(0x8, 0, 0xbfcf6798, 0x80549a6, 0xbfcf6780) = 0
22741 14:58:23.248906 prctl(0x8, 0x1, 0xbfcf6798, 0x8054a49, 0xbfcf6780) = 0
22741 14:58:23.248916 setgid32(65534)   = 0
22741 14:58:23.248926 setuid32(65534)   = 0
22741 14:58:23.248935 capset(0x19980330, 0, {CAP_NET_BIND_SERVICE, CAP_NET_BIND_SERVICE, 0}) = 0
22741 14:58:23.248948 read(4, "\n", 1)  = 1
22741 14:58:23.248961 write(4, "\1", 1) = 1
22743 14:58:23.248972 <... read resumed> "\1", 1) = 1
22743 14:58:23.248979 write(5, "\f", 1) = 1
22743 14:58:23.248989 read(5,  <unfinished ...>
22741 14:58:23.248996 read(4, "\f", 1)  = 1
22741 14:58:23.249008 socket(PF_INET, SOCK_STREAM, IPPROTO_TCP) = 5
22741 14:58:23.249021 setsockopt(5, SOL_SOCKET, SO_REUSEADDR, [1], 4) = 0
22741 14:58:23.249032 gettimeofday({1495652303, 249036}, NULL) = 0
22741 14:58:23.249048 bind(5, {sa_family=AF_INET, sin_port=htons(54942), sin_addr=inet_addr("127.0.0.1")}, 16) = 0
22741 14:58:23.249064 listen(5, 1)      = 0
22741 14:58:23.249077 write(4, "\236\326\0\0", 4) = 4
22743 14:58:23.249088 <... read resumed> "\236\326\0\0", 4) = 4
22743 14:58:23.249101 write(0, "227 Entering Passive Mode (127,0,0,1,214,158).\r\n", 48) = 48
22743 14:58:23.249195 rt_sigaction(SIGALRM, {0x805cad0, ~[RTMIN RT_1], 0}, NULL, 8) = 0
22743 14:58:23.249212 alarm(300)        = 300
22743 14:58:23.249223 recv(0, "RETR myfile8\r\n", 4096, MSG_PEEK) = 14
22743 14:58:23.249236 read(0, "RETR myfile8\r\n", 14) = 14
22743 14:58:23.249250 write(5, "\v", 1) = 1
22743 14:58:23.249261 read(5,  <unfinished ...>
22741 14:58:23.249268 read(4, "\v", 1)  = 1
22741 14:58:23.249279 write(4, "\1\0\0\0", 4) = 4
22743 14:58:23.249289 <... read resumed> "\1\0\0\0", 4) = 4
22743 14:58:23.249297 gettimeofday({1495652303, 249301}, NULL) = 0
22743 14:58:23.249308 getcwd("/home/msfadmin", 4096) = 15
22743 14:58:23.249320 open("myfile8", O_RDONLY|O_NONBLOCK|O_LARGEFILE) = 4
22743 14:58:23.249333 fcntl64(4, F_SETLKW64, {type=F_RDLCK, whence=SEEK_SET, start=0, len=0}, 0xbfcf6704) = 0
22743 14:58:23.249347 fstat64(4, {st_mode=S_IFREG|0644, st_size=17, ...}) = 0
22743 14:58:23.249363 fcntl64(4, F_GETFL) = 0x8800 (flags O_RDONLY|O_NONBLOCK|O_LARGEFILE)
22743 14:58:23.249374 fcntl64(4, F_SETFL, O_RDONLY|O_LARGEFILE) = 0
22743 14:58:23.249386 write(5, "\v", 1) = 1
22743 14:58:23.249396 read(5,  <unfinished ...>
22741 14:58:23.249403 read(4, "\v", 1)  = 1
22741 14:58:23.249414 write(4, "\1\0\0\0", 4) = 4
22743 14:58:23.249424 <... read resumed> "\1\0\0\0", 4) = 4
22743 14:58:23.249431 write(5, "\v", 1) = 1
22743 14:58:23.249441 read(5,  <unfinished ...>
22741 14:58:23.249448 read(4, "\v", 1)  = 1
22741 14:58:23.249462 write(4, "\1\0\0\0", 4) = 4
22743 14:58:23.249473 <... read resumed> "\1\0\0\0", 4) = 4
22743 14:58:23.249480 write(5, "\r", 1) = 1
22743 14:58:23.249490 read(5,  <unfinished ...>
22741 14:58:23.249496 read(4, "\r", 1)  = 1
22741 14:58:23.249509 select(6, [5], NULL, NULL, {60, 0}) = 1 (in [5], left {60, 0})
22741 14:58:23.249525 accept(5, {sa_family=AF_INET, sin_port=htons(36567), sin_addr=inet_addr("127.0.0.1")}, [16]) = 6
22741 14:58:23.249547 write(4, "\1", 1) = 1
22743 14:58:23.249557 <... read resumed> "\1", 1) = 1
22743 14:58:23.249567 recvmsg(5,  <unfinished ...>
22741 14:58:23.249576 sendmsg(4, {msg_name(0)=NULL, msg_iov(1)=[{"\0", 1}], msg_controllen=16, {cmsg_len=16, cmsg_level=SOL_SOCKET, cmsg_type=SCM_RIGHTS, {6}}, msg_flags=0}, 0) = 1
22743 14:58:23.249593 <... recvmsg resumed> {msg_name(0)=NULL, msg_iov(1)=[{"\0", 1}], msg_controllen=16, {cmsg_len=16, cmsg_level=SOL_SOCKET, cmsg_type=SCM_RIGHTS, {6}}, msg_flags=0}, 0) = 1
22743 14:58:23.249606 setsockopt(6, SOL_SOCKET, SO_KEEPALIVE, [1], 4) = 0
22743 14:58:23.249618 setsockopt(6, SOL_IP, IP_TOS, [8], 4) = 0
22743 14:58:23.249630 setsockopt(6, SOL_SOCKET, SO_LINGER, {onoff=1, linger=32767}, 8) = 0
22743 14:58:23.249641 rt_sigaction(SIGALRM, {0x805cad0, ~[RTMIN RT_1], 0}, NULL, 8) = 0
22743 14:58:23.249654 alarm(300)        = 300
22743 14:58:23.249694 write(0, "150 Opening BINARY mode data connection for myfile8 (17 bytes).\r\n", 65) = 65
22743 14:58:23.249748 _llseek(4, 0, [0], SEEK_CUR) = 0
22743 14:58:23.249760 fstat64(4, {st_mode=S_IFREG|0644, st_size=17, ...}) = 0
22743 14:58:23.249778 _llseek(4, 0, [0], SEEK_SET) = 0
22743 14:58:23.249790 sendfile(6, 4, NULL, 17) = 17
22743 14:58:23.249819 rt_sigaction(SIGALRM, {0x805cad0, ~[RTMIN RT_1], 0}, NULL, 8) = 0
22743 14:58:23.249833 alarm(300)        = 300
22743 14:58:23.249842 close(6)          = 0
22743 14:58:23.249851 alarm(0)          = 300
22743 14:58:23.249861 gettimeofday({1495652303, 249864}, NULL) = 0
22743 14:58:23.249878 getpid()          = 22743
22743 14:58:23.249889 gettimeofday({1495652303, 249893}, NULL) = 0
22743 14:58:23.249907 fcntl64(3, F_SETLKW64, {type=F_WRLCK, whence=SEEK_SET, start=0, len=0}, 0xbfcf66a4) = 0
22743 14:58:23.249922 write(3, "Wed May 24 14:58:23 2017 [pid 22743] [msfadmin] OK DOWNLOAD: Client \"127.0.0.1\", \"/home/msfadmin/myfile8\", 17 bytes, 28.04Kbyte/sec\n", 132) = 132
22743 14:58:23.249941 fcntl64(3, F_SETLK64, {type=F_UNLCK, whence=SEEK_SET, start=0, len=0}, 0xbfcf66ac) = 0
22743 14:58:23.249955 write(0, "226 Transfer complete.\r\n", 24) = 24
22743 14:58:23.249970 write(5, "\n", 1) = 1
22743 14:58:23.249981 read(5,  <unfinished ...>
22741 14:58:23.249988 close(6)          = 0
22741 14:58:23.250065 read(4, "\n", 1)  = 1
22741 14:58:23.250078 close(5)          = 0
22741 14:58:23.250089 write(4, "\1", 1) = 1
22743 14:58:23.250100 <... read resumed> "\1", 1) = 1
22743 14:58:23.250107 close(4)          = 0
22743 14:58:23.250117 rt_sigaction(SIGALRM, {0x805cad0, ~[RTMIN RT_1], 0}, NULL, 8) = 0
22743 14:58:23.250130 alarm(300)        = 0
22743 14:58:23.250141 recv(0,  <unfinished ...>
22741 14:58:23.250148 read(4,  <unfinished ...>
22740 14:58:23.266544 <... recv resumed> "TYPE I\r\n", 4096, MSG_PEEK) = 8
22740 14:58:23.266574 read(0, "TYPE I\r\n", 8) = 8
22740 14:58:23.266597 write(0, "200 Switching to Binary mode.\r\n", 31) = 31
22740 14:58:23.266644 rt_sigaction(SIGALRM, {0x805cad0, ~[RTMIN RT_1], 0}, NULL, 8) = 0
22740 14:58:23.266661 alarm(300)        = 299
22740 14:58:23.266674 recv(0, "PASV\r\n", 4096, MSG_PEEK) = 6
22740 14:58:23.266686 read(0, "PASV\r\n", 6) = 6
22740 14:58:23.266698 write(5, "\n", 1 <unfinished ...>
22738 14:58:23.266709 <... read resumed> "\n", 1) = 1
22740 14:58:23.266714 <... write resumed> ) = 1
22738 14:58:23.266722 write(4, "\1", 1 <unfinished ...>
22740 14:58:23.266727 read(5,  <unfinished ...>
22738 14:58:23.266734 <... write resumed> ) = 1
22740 14:58:23.266738 <... read resumed> "\1", 1) = 1
22738 14:58:23.266745 read(4,  <unfinished ...>
22740 14:58:23.266750 write(5, "\f", 1 <unfinished ...>
22738 14:58:23.266757 <... read resumed> "\f", 1) = 1
22740 14:58:23.266769 <... write resumed> ) = 1
22738 14:58:23.266778 socket(PF_INET, SOCK_STREAM, IPPROTO_TCP <unfinished ...>
22740 14:58:23.266783 read(5,  <unfinished ...>
22738 14:58:23.266792 <... socket resumed> ) = 5
22738 14:58:23.266800 setsockopt(5, SOL_SOCKET, SO_REUSEADDR, [1], 4) = 0
22738 14:58:23.266815 bind(5, {sa_family=AF_INET, sin_port=htons(11732), sin_addr=inet_addr("127.0.0.1")}, 16) = 0
22738 14:58:23.266831 listen(5, 1)      = 0
22738 14:58:23.266845 write(4, "\324-\0\0", 4 <unfinished ...>
22740 14:58:23.266853 <... read resumed> "\324-\0\0", 4) = 4
22738 14:58:23.266858 <... write resumed> ) = 4
22740 14:58:23.266870 write(0, "227 Entering Passive Mode (127,0,0,1,45,212).\r\n", 47 <unfinished ...>
22738 14:58:23.266878 read(4,  <unfinished ...>
22740 14:58:23.266978 <... write resumed> ) = 47
22740 14:58:23.266990 rt_sigaction(SIGALRM, {0x805cad0, ~[RTMIN RT_1], 0}, NULL, 8) = 0
22740 14:58:23.267005 alarm(300)        = 300
22740 14:58:23.267017 recv(0, "STOR myfile28\r\n", 4096, MSG_PEEK) = 15
22740 14:58:23.267029 read(0, "STOR myfile28\r\n", 15) = 15
22740 14:58:23.267042 write(5, "\v", 1 <unfinished ...>
22738 14:58:23.267050 <... read resumed> "\v", 1) = 1
22740 14:58:23.267054 <... write resumed> ) = 1
22738 14:58:23.267061 write(4, "\1\0\0\0", 4) = 4
22738 14:58:23.267072 read(4,  <unfinished ...>
22740 14:58:23.267078 read(5, "\1\0\0\0", 4) = 4
22740 14:58:23.267090 gettimeofday({1495652303, 267094}, NULL) = 0
22740 14:58:23.267101 getcwd("/home/msfadmin", 4096) = 15
22740 14:58:23.267113 open("myfile28", O_WRONLY|O_CREAT|O_NONBLOCK|O_LARGEFILE, 0666) = 4
22740 14:58:23.267128 fstat64(4, {st_mode=S_IFREG|0644, st_size=17, ...}) = 0
22740 14:58:23.267145 fcntl64(4, F_GETFL) = 0x8801 (flags O_WRONLY|O_NONBLOCK|O_LARGEFILE)
22740 14:58:23.267156 fcntl64(4, F_SETFL, O_WRONLY|O_LARGEFILE) = 0
22740 14:58:23.267166 fcntl64(4, F_SETLKW64, {type=F_WRLCK, whence=SEEK_SET, start=0, len=0}, 0xbfd006f4) = 0
22740 14:58:23.267180 ftruncate64(4, 0) = 0
22740 14:58:23.267198 _llseek(4, 0, [0], SEEK_SET) = 0
22740 14:58:23.267209 write(5, "\v", 1 <unfinished ...>
22738 14:58:23.267217 <... read resumed> "\v", 1) = 1
22740 14:58:23.267221 <... write resumed> ) = 1
22738 14:58:23.267227 write(4, "\1\0\0\0", 4) = 4
22738 14:58:23.267390 read(4,  <unfinished ...>
22740 14:58:23.267397 read(5, "\1\0\0\0", 4) = 4
22740 14:58:23.267418 write(5, "\v", 1 <unfinished ...>
22738 14:58:23.267425 <... read resumed> "\v", 1) = 1
22740 14:58:23.267429 <... write resumed> ) = 1
22738 14:58:23.267435 write(4, "\1\0\0\0", 4) = 4
22738 14:58:23.267445 read(4,  <unfinished ...>
22740 14:58:23.267452 read(5, "\1\0\0\0", 4) = 4
22740 14:58:23.267463 write(5, "\r", 1 <unfinished ...>
22738 14:58:23.267470 <... read resumed> "\r", 1) = 1
22740 14:58:23.267474 <... write resumed> ) = 1
22738 14:58:23.267481 select(6, [5], NULL, NULL, {60, 0}) = 1 (in [5], left {60, 0})
22738 14:58:23.267497 accept(5, {sa_family=AF_INET, sin_port=htons(49152), sin_addr=inet_addr("127.0.0.1")}, [16]) = 6
22738 14:58:23.267519 write(4, "\1", 1) = 1
22738 14:58:23.267531 sendmsg(4, {msg_name(0)=NULL, msg_iov(1)=[{"\0", 1}], msg_controllen=16, {cmsg_len=16, cmsg_level=SOL_SOCKET, cmsg_type=SCM_RIGHTS, {6}}, msg_flags=0}, 0) = 1
22738 14:58:23.267548 close(6)          = 0
22738 14:58:23.267558 read(4,  <unfinished ...>
22740 14:58:23.267564 read(5, "\1", 1)  = 1
22740 14:58:23.267577 recvmsg(5, {msg_name(0)=NULL, msg_iov(1)=[{"\0", 1}], msg_controllen=16, {cmsg_len=16, cmsg_level=SOL_SOCKET, cmsg_type=SCM_RIGHTS, {6}}, msg_flags=0}, 0) = 1
22740 14:58:23.267594 setsockopt(6, SOL_SOCKET, SO_KEEPALIVE, [1], 4) = 0
22740 14:58:23.267606 setsockopt(6, SOL_IP, IP_TOS, [8], 4) = 0
22740 14:58:23.267618 setsockopt(6, SOL_SOCKET, SO_LINGER, {onoff=1, linger=32767}, 8) = 0
22740 14:58:23.267629 rt_sigaction(SIGALRM, {0x805cad0, ~[RTMIN RT_1], 0}, NULL, 8) = 0
22740 14:58:23.267642 alarm(300)        = 300
22740 14:58:23.267654 write(0, "150 Ok to send data.\r\n", 22) = 22
22740 14:58:23.267721 read(6, "assasaaa\na\na\na\na\n", 65536) = 17
22740 14:58:23.267739 write(4, "assasaaa\na\na\na\na\n", 17) = 17
22740 14:58:23.267755 read(6, "", 65536) = 0
22740 14:58:23.267765 rt_sigaction(SIGALRM, {0x805cad0, ~[RTMIN RT_1], 0}, NULL, 8) = 0
22740 14:58:23.267779 alarm(300)        = 300
22740 14:58:23.267788 close(6)          = 0
22740 14:58:23.267805 alarm(0)          = 300
22740 14:58:23.267814 gettimeofday({1495652303, 267818}, NULL) = 0
22740 14:58:23.267829 gettimeofday({1495652303, 267833}, NULL) = 0
22740 14:58:23.267843 fcntl64(3, F_SETLKW64, {type=F_WRLCK, whence=SEEK_SET, start=0, len=0}, 0xbfd00694) = 0
22740 14:58:23.267858 write(3, "Wed May 24 14:58:23 2017 [pid 22740] [msfadmin] OK UPLOAD: Client \"127.0.0.1\", \"/home/msfadmin/myfile28\", 17 bytes, 22.46Kbyte/sec\n", 131) = 131
22740 14:58:23.267879 fcntl64(3, F_SETLK64, {type=F_UNLCK, whence=SEEK_SET, start=0, len=0}, 0xbfd0069c) = 0
22740 14:58:23.267893 write(0, "226 Transfer complete.\r\n", 24) = 24
22740 14:58:23.267935 write(5, "\n", 1 <unfinished ...>
22738 14:58:23.267944 <... read resumed> "\n", 1) = 1
22740 14:58:23.267949 <... write resumed> ) = 1
22738 14:58:23.267955 close(5)          = 0
22738 14:58:23.267966 write(4, "\1", 1) = 1
22738 14:58:23.267977 read(4,  <unfinished ...>
22740 14:58:23.267984 read(5, "\1", 1)  = 1
22740 14:58:23.267995 close(4)          = 0
22740 14:58:23.268005 rt_sigaction(SIGALRM, {0x805cad0, ~[RTMIN RT_1], 0}, NULL, 8) = 0
22740 14:58:23.268019 alarm(300)        = 0
22740 14:58:23.268029 recv(0, "TYPE I\r\n", 4096, MSG_PEEK) = 8
22740 14:58:23.776592 read(0, "TYPE I\r\n", 8) = 8
22740 14:58:23.776620 write(0, "200 Switching to Binary mode.\r\n", 31) = 31
22740 14:58:23.776668 rt_sigaction(SIGALRM, {0x805cad0, ~[RTMIN RT_1], 0}, NULL, 8) = 0
22740 14:58:23.776686 alarm(300)        = 299
22740 14:58:23.776699 recv(0, "PASV\r\n", 4096, MSG_PEEK) = 6
22740 14:58:23.776710 read(0, "PASV\r\n", 6) = 6
22740 14:58:23.776722 write(5, "\n", 1 <unfinished ...>
22738 14:58:23.776733 <... read resumed> "\n", 1) = 1
22740 14:58:23.776738 <... write resumed> ) = 1
22738 14:58:23.776746 write(4, "\1", 1) = 1
22738 14:58:23.776757 read(4,  <unfinished ...>
22740 14:58:23.776764 read(5, "\1", 1)  = 1
22740 14:58:23.776775 write(5, "\f", 1 <unfinished ...>
22738 14:58:23.776782 <... read resumed> "\f", 1) = 1
22740 14:58:23.776787 <... write resumed> ) = 1
22738 14:58:23.776794 socket(PF_INET, SOCK_STREAM, IPPROTO_TCP) = 5
22738 14:58:23.776810 setsockopt(5, SOL_SOCKET, SO_REUSEADDR, [1], 4) = 0
22738 14:58:23.776824 bind(5, {sa_family=AF_INET, sin_port=htons(6768), sin_addr=inet_addr("127.0.0.1")}, 16) = 0
22738 14:58:23.776841 listen(5, 1)      = 0
22738 14:58:23.776855 write(4, "p\32\0\0", 4) = 4
22738 14:58:23.776865 read(4,  <unfinished ...>
22740 14:58:23.776872 read(5, "p\32\0\0", 4) = 4
22740 14:58:23.776888 write(0, "227 Entering Passive Mode (127,0,0,1,26,112).\r\n", 47) = 47
22740 14:58:23.776999 rt_sigaction(SIGALRM, {0x805cad0, ~[RTMIN RT_1], 0}, NULL, 8) = 0
22740 14:58:23.777016 alarm(300)        = 300
22740 14:58:23.777027 recv(0, "STOR myfile29\r\n", 4096, MSG_PEEK) = 15
22740 14:58:23.777039 read(0, "STOR myfile29\r\n", 15) = 15
22740 14:58:23.777053 write(5, "\v", 1 <unfinished ...>
22738 14:58:23.777060 <... read resumed> "\v", 1) = 1
22740 14:58:23.777065 <... write resumed> ) = 1
22738 14:58:23.777072 write(4, "\1\0\0\0", 4) = 4
22738 14:58:23.777082 read(4,  <unfinished ...>
22740 14:58:23.777089 read(5, "\1\0\0\0", 4) = 4
22740 14:58:23.777101 gettimeofday({1495652303, 777104}, NULL) = 0
22740 14:58:23.777112 getcwd("/home/msfadmin", 4096) = 15
22740 14:58:23.777124 open("myfile29", O_WRONLY|O_CREAT|O_NONBLOCK|O_LARGEFILE, 0666) = 4
22740 14:58:23.777138 fstat64(4, {st_mode=S_IFREG|0644, st_size=17, ...}) = 0
22740 14:58:23.777156 fcntl64(4, F_GETFL) = 0x8801 (flags O_WRONLY|O_NONBLOCK|O_LARGEFILE)
22740 14:58:23.777167 fcntl64(4, F_SETFL, O_WRONLY|O_LARGEFILE) = 0
22740 14:58:23.777177 fcntl64(4, F_SETLKW64, {type=F_WRLCK, whence=SEEK_SET, start=0, len=0}, 0xbfd006f4) = 0
22740 14:58:23.777191 ftruncate64(4, 0) = 0
22740 14:58:23.777217 _llseek(4, 0, [0], SEEK_SET) = 0
22740 14:58:23.777228 write(5, "\v", 1 <unfinished ...>
22738 14:58:23.777236 <... read resumed> "\v", 1) = 1
22740 14:58:23.777241 <... write resumed> ) = 1
22738 14:58:23.777247 write(4, "\1\0\0\0", 4) = 4
22738 14:58:23.777258 read(4,  <unfinished ...>
22740 14:58:23.777264 read(5, "\1\0\0\0", 4) = 4
22740 14:58:23.777275 write(5, "\v", 1 <unfinished ...>
22738 14:58:23.777282 <... read resumed> "\v", 1) = 1
22740 14:58:23.777287 <... write resumed> ) = 1
22738 14:58:23.777293 write(4, "\1\0\0\0", 4) = 4
22738 14:58:23.777303 read(4,  <unfinished ...>
22740 14:58:23.777310 read(5, "\1\0\0\0", 4) = 4
22740 14:58:23.777321 write(5, "\r", 1 <unfinished ...>
22738 14:58:23.777327 <... read resumed> "\r", 1) = 1
22740 14:58:23.777332 <... write resumed> ) = 1
22738 14:58:23.777339 select(6, [5], NULL, NULL, {60, 0}) = 1 (in [5], left {60, 0})
22738 14:58:23.777355 accept(5, {sa_family=AF_INET, sin_port=htons(53372), sin_addr=inet_addr("127.0.0.1")}, [16]) = 6
22738 14:58:23.777377 write(4, "\1", 1) = 1
22738 14:58:23.777389 sendmsg(4, {msg_name(0)=NULL, msg_iov(1)=[{"\0", 1}], msg_controllen=16, {cmsg_len=16, cmsg_level=SOL_SOCKET, cmsg_type=SCM_RIGHTS, {6}}, msg_flags=0}, 0) = 1
22738 14:58:23.777405 close(6)          = 0
22738 14:58:23.777415 read(4,  <unfinished ...>
22740 14:58:23.777422 read(5, "\1", 1)  = 1
22740 14:58:23.777434 recvmsg(5, {msg_name(0)=NULL, msg_iov(1)=[{"\0", 1}], msg_controllen=16, {cmsg_len=16, cmsg_level=SOL_SOCKET, cmsg_type=SCM_RIGHTS, {6}}, msg_flags=0}, 0) = 1
22740 14:58:23.777452 setsockopt(6, SOL_SOCKET, SO_KEEPALIVE, [1], 4) = 0
22740 14:58:23.777464 setsockopt(6, SOL_IP, IP_TOS, [8], 4) = 0
22740 14:58:23.777476 setsockopt(6, SOL_SOCKET, SO_LINGER, {onoff=1, linger=32767}, 8) = 0
22740 14:58:23.777500 rt_sigaction(SIGALRM, {0x805cad0, ~[RTMIN RT_1], 0}, NULL, 8) = 0
22740 14:58:23.777519 alarm(300)        = 300
22740 14:58:23.777532 write(0, "150 Ok to send data.\r\n", 22) = 22
22740 14:58:23.777650 read(6, "assasaaa\na\na\na\na\n", 65536) = 17
22740 14:58:23.777675 write(4, "assasaaa\na\na\na\na\n", 17) = 17
22740 14:58:23.777715 read(6, "", 65536) = 0
22740 14:58:23.777735 rt_sigaction(SIGALRM, {0x805cad0, ~[RTMIN RT_1], 0}, NULL, 8) = 0
22740 14:58:23.777762 alarm(300)        = 300
22740 14:58:23.777781 close(6)          = 0
22740 14:58:23.777808 alarm(0)          = 300
22740 14:58:23.777818 gettimeofday({1495652303, 777822}, NULL) = 0
22740 14:58:23.777834 gettimeofday({1495652303, 777838}, NULL) = 0
22740 14:58:23.777848 fcntl64(3, F_SETLKW64, {type=F_WRLCK, whence=SEEK_SET, start=0, len=0}, 0xbfd00694) = 0
22740 14:58:23.777863 write(3, "Wed May 24 14:58:23 2017 [pid 22740] [msfadmin] OK UPLOAD: Client \"127.0.0.1\", \"/home/msfadmin/myfile29\", 17 bytes, 22.62Kbyte/sec\n", 131) = 131
22740 14:58:23.777885 fcntl64(3, F_SETLK64, {type=F_UNLCK, whence=SEEK_SET, start=0, len=0}, 0xbfd0069c) = 0
22740 14:58:23.777900 write(0, "226 Transfer complete.\r\n", 24) = 24
22740 14:58:23.777944 write(5, "\n", 1 <unfinished ...>
22738 14:58:23.777954 <... read resumed> "\n", 1) = 1
22740 14:58:23.777959 <... write resumed> ) = 1
22738 14:58:23.777965 close(5)          = 0
22738 14:58:23.777986 write(4, "\1", 1) = 1
22738 14:58:23.777997 read(4,  <unfinished ...>
22740 14:58:23.778003 read(5, "\1", 1)  = 1
22740 14:58:23.778014 close(4)          = 0
22740 14:58:23.778025 rt_sigaction(SIGALRM, {0x805cad0, ~[RTMIN RT_1], 0}, NULL, 8) = 0
22740 14:58:23.778038 alarm(300)        = 0
22740 14:58:23.778048 recv(0,  <unfinished ...>
22743 14:58:23.817513 <... recv resumed> "USER msfadmin\r\n", 4096, MSG_PEEK) = 15
22743 14:58:23.817553 read(0, "USER msfadmin\r\n", 15) = 15
22743 14:58:23.817579 write(0, "331 Any password will do.\r\n", 27) = 27
22743 14:58:23.817624 rt_sigaction(SIGALRM, {0x805cad0, ~[RTMIN RT_1], 0}, NULL, 8) = 0
22743 14:58:23.817641 alarm(300)        = 299
22743 14:58:23.817654 recv(0, "PASS msfadmin\r\n", 4096, MSG_PEEK) = 15
22743 14:58:23.817666 read(0, "PASS msfadmin\r\n", 15) = 15
22743 14:58:23.817681 write(0, "230 Already logged in.\r\n", 24) = 24
22743 14:58:23.817750 rt_sigaction(SIGALRM, {0x805cad0, ~[RTMIN RT_1], 0}, NULL, 8) = 0
22743 14:58:23.817766 alarm(300)        = 300
22743 14:58:23.817777 recv(0, "TYPE I\r\n", 4096, MSG_PEEK) = 8
22743 14:58:23.817788 read(0, "TYPE I\r\n", 8) = 8
22743 14:58:23.817802 write(0, "200 Switching to Binary mode.\r\n", 31) = 31
22743 14:58:23.817838 rt_sigaction(SIGALRM, {0x805cad0, ~[RTMIN RT_1], 0}, NULL, 8) = 0
22743 14:58:23.817852 alarm(300)        = 300
22743 14:58:23.817862 recv(0, "PASV\r\n", 4096, MSG_PEEK) = 6
22743 14:58:23.817873 read(0, "PASV\r\n", 6) = 6
22743 14:58:23.817884 write(5, "\n", 1) = 1
22743 14:58:23.817897 read(5,  <unfinished ...>
22741 14:58:23.817905 <... read resumed> "\n", 1) = 1
22741 14:58:23.817914 write(4, "\1", 1) = 1
22743 14:58:23.817925 <... read resumed> "\1", 1) = 1
22743 14:58:23.817932 write(5, "\f", 1) = 1
22743 14:58:23.817942 read(5,  <unfinished ...>
22741 14:58:23.817948 read(4, "\f", 1)  = 1
22741 14:58:23.817960 socket(PF_INET, SOCK_STREAM, IPPROTO_TCP) = 5
22741 14:58:23.817976 setsockopt(5, SOL_SOCKET, SO_REUSEADDR, [1], 4) = 0
22741 14:58:23.817990 bind(5, {sa_family=AF_INET, sin_port=htons(50588), sin_addr=inet_addr("127.0.0.1")}, 16) = 0
22741 14:58:23.818007 listen(5, 1)      = 0
22741 14:58:23.818020 write(4, "\234\305\0\0", 4) = 4
22743 14:58:23.818031 <... read resumed> "\234\305\0\0", 4) = 4
22743 14:58:23.818043 write(0, "227 Entering Passive Mode (127,0,0,1,197,156).\r\n", 48) = 48
22743 14:58:23.818154 rt_sigaction(SIGALRM, {0x805cad0, ~[RTMIN RT_1], 0}, NULL, 8) = 0
22743 14:58:23.818170 alarm(300)        = 300
22743 14:58:23.818182 recv(0, "RETR myfile9\r\n", 4096, MSG_PEEK) = 14
22743 14:58:23.818193 read(0, "RETR myfile9\r\n", 14) = 14
22743 14:58:23.818206 write(5, "\v", 1) = 1
22743 14:58:23.818216 read(5,  <unfinished ...>
22741 14:58:23.818223 read(4, "\v", 1)  = 1
22741 14:58:23.818268 write(4, "\1\0\0\0", 4) = 4
22743 14:58:23.818282 <... read resumed> "\1\0\0\0", 4) = 4
22743 14:58:23.818290 gettimeofday({1495652303, 818294}, NULL) = 0
22743 14:58:23.818316 getcwd("/home/msfadmin", 4096) = 15
22743 14:58:23.818329 open("myfile9", O_RDONLY|O_NONBLOCK|O_LARGEFILE) = 4
22743 14:58:23.818343 fcntl64(4, F_SETLKW64, {type=F_RDLCK, whence=SEEK_SET, start=0, len=0}, 0xbfcf6704) = 0
22743 14:58:23.818358 fstat64(4, {st_mode=S_IFREG|0644, st_size=17, ...}) = 0
22743 14:58:23.818375 fcntl64(4, F_GETFL) = 0x8800 (flags O_RDONLY|O_NONBLOCK|O_LARGEFILE)
22743 14:58:23.818386 fcntl64(4, F_SETFL, O_RDONLY|O_LARGEFILE) = 0
22743 14:58:23.818397 write(5, "\v", 1) = 1
22743 14:58:23.818408 read(5,  <unfinished ...>
22741 14:58:23.818415 read(4, "\v", 1)  = 1
22741 14:58:23.818425 write(4, "\1\0\0\0", 4) = 4
22743 14:58:23.818436 <... read resumed> "\1\0\0\0", 4) = 4
22743 14:58:23.818443 write(5, "\v", 1) = 1
22743 14:58:23.818452 read(5,  <unfinished ...>
22741 14:58:23.818459 read(4, "\v", 1)  = 1
22741 14:58:23.818469 write(4, "\1\0\0\0", 4) = 4
22743 14:58:23.818479 <... read resumed> "\1\0\0\0", 4) = 4
22743 14:58:23.818486 write(5, "\r", 1) = 1
22743 14:58:23.818496 read(5,  <unfinished ...>
22741 14:58:23.818502 read(4, "\r", 1)  = 1
22741 14:58:23.818514 select(6, [5], NULL, NULL, {60, 0}) = 1 (in [5], left {60, 0})
22741 14:58:23.818530 accept(5, {sa_family=AF_INET, sin_port=htons(42944), sin_addr=inet_addr("127.0.0.1")}, [16]) = 6
22741 14:58:23.818552 write(4, "\1", 1) = 1
22743 14:58:23.818563 <... read resumed> "\1", 1) = 1
22743 14:58:23.818571 recvmsg(5,  <unfinished ...>
22741 14:58:23.818580 sendmsg(4, {msg_name(0)=NULL, msg_iov(1)=[{"\0", 1}], msg_controllen=16, {cmsg_len=16, cmsg_level=SOL_SOCKET, cmsg_type=SCM_RIGHTS, {6}}, msg_flags=0}, 0) = 1
22743 14:58:23.818597 <... recvmsg resumed> {msg_name(0)=NULL, msg_iov(1)=[{"\0", 1}], msg_controllen=16, {cmsg_len=16, cmsg_level=SOL_SOCKET, cmsg_type=SCM_RIGHTS, {6}}, msg_flags=0}, 0) = 1
22743 14:58:23.818610 setsockopt(6, SOL_SOCKET, SO_KEEPALIVE, [1], 4) = 0
22743 14:58:23.818622 setsockopt(6, SOL_IP, IP_TOS, [8], 4) = 0
22743 14:58:23.818634 setsockopt(6, SOL_SOCKET, SO_LINGER, {onoff=1, linger=32767}, 8) = 0
22743 14:58:23.818650 rt_sigaction(SIGALRM, {0x805cad0, ~[RTMIN RT_1], 0}, NULL, 8) = 0
22743 14:58:23.818663 alarm(300)        = 300
22743 14:58:23.818676 write(0, "150 Opening BINARY mode data connection for myfile9 (17 bytes).\r\n", 65) = 65
22743 14:58:23.818718 _llseek(4, 0, [0], SEEK_CUR) = 0
22743 14:58:23.818730 fstat64(4, {st_mode=S_IFREG|0644, st_size=17, ...}) = 0
22743 14:58:23.818747 _llseek(4, 0, [0], SEEK_SET) = 0
22743 14:58:23.818758 sendfile(6, 4, NULL, 17) = 17
22743 14:58:23.818788 rt_sigaction(SIGALRM, {0x805cad0, ~[RTMIN RT_1], 0}, NULL, 8) = 0
22743 14:58:23.818803 alarm(300)        = 300
22743 14:58:23.818812 close(6)          = 0
22743 14:58:23.818821 alarm(0)          = 300
22743 14:58:23.818831 gettimeofday({1495652303, 818834}, NULL) = 0
22743 14:58:23.818846 gettimeofday({1495652303, 818849}, NULL) = 0
22743 14:58:23.818860 fcntl64(3, F_SETLKW64, {type=F_WRLCK, whence=SEEK_SET, start=0, len=0}, 0xbfcf66a4) = 0
22743 14:58:23.818875 write(3, "Wed May 24 14:58:23 2017 [pid 22743] [msfadmin] OK DOWNLOAD: Client \"127.0.0.1\", \"/home/msfadmin/myfile9\", 17 bytes, 29.91Kbyte/sec\n", 132) = 132
22743 14:58:23.818895 fcntl64(3, F_SETLK64, {type=F_UNLCK, whence=SEEK_SET, start=0, len=0}, 0xbfcf66ac) = 0
22743 14:58:23.818910 write(0, "226 Transfer complete.\r\n", 24) = 24
22743 14:58:23.818924 write(5, "\n", 1) = 1
22743 14:58:23.818935 read(5,  <unfinished ...>
22741 14:58:23.818942 close(6)          = 0
22741 14:58:23.819025 read(4, "\n", 1)  = 1
22741 14:58:23.819038 close(5)          = 0
22741 14:58:23.819049 write(4, "\1", 1) = 1
22743 14:58:23.819060 <... read resumed> "\1", 1) = 1
22743 14:58:23.819067 close(4)          = 0
22743 14:58:23.819078 rt_sigaction(SIGALRM, {0x805cad0, ~[RTMIN RT_1], 0}, NULL, 8) = 0
22743 14:58:23.819091 alarm(300)        = 0
22743 14:58:23.819102 recv(0,  <unfinished ...>
22741 14:58:23.819109 read(4,  <unfinished ...>
22740 14:58:24.296641 <... recv resumed> "TYPE I\r\n", 4096, MSG_PEEK) = 8
22740 14:58:24.296672 read(0, "TYPE I\r\n", 8) = 8
22740 14:58:24.296694 write(0, "200 Switching to Binary mode.\r\n", 31) = 31
22740 14:58:24.296740 rt_sigaction(SIGALRM, {0x805cad0, ~[RTMIN RT_1], 0}, NULL, 8) = 0
22740 14:58:24.296758 alarm(300)        = 299
22740 14:58:24.296770 recv(0, "PASV\r\n", 4096, MSG_PEEK) = 6
22740 14:58:24.296781 read(0, "PASV\r\n", 6) = 6
22740 14:58:24.296792 write(5, "\n", 1 <unfinished ...>
22738 14:58:24.296803 <... read resumed> "\n", 1) = 1
22740 14:58:24.296808 <... write resumed> ) = 1
22738 14:58:24.296815 write(4, "\1", 1) = 1
22738 14:58:24.296825 read(4,  <unfinished ...>
22740 14:58:24.296832 read(5, "\1", 1)  = 1
22740 14:58:24.296843 write(5, "\f", 1 <unfinished ...>
22738 14:58:24.296850 <... read resumed> "\f", 1) = 1
22740 14:58:24.296854 <... write resumed> ) = 1
22738 14:58:24.296861 socket(PF_INET, SOCK_STREAM, IPPROTO_TCP) = 5
22738 14:58:24.296877 setsockopt(5, SOL_SOCKET, SO_REUSEADDR, [1], 4) = 0
22738 14:58:24.296891 bind(5, {sa_family=AF_INET, sin_port=htons(51707), sin_addr=inet_addr("127.0.0.1")}, 16) = 0
22738 14:58:24.296907 listen(5, 1)      = 0
22738 14:58:24.296920 write(4, "\373\311\0\0", 4) = 4
22738 14:58:24.296931 read(4,  <unfinished ...>
22740 14:58:24.296938 read(5, "\373\311\0\0", 4) = 4
22740 14:58:24.296953 write(0, "227 Entering Passive Mode (127,0,0,1,201,251).\r\n", 48) = 48
22740 14:58:24.297061 rt_sigaction(SIGALRM, {0x805cad0, ~[RTMIN RT_1], 0}, NULL, 8) = 0
22740 14:58:24.297078 alarm(300)        = 300
22740 14:58:24.297089 recv(0, "STOR myfile30\r\n", 4096, MSG_PEEK) = 15
22740 14:58:24.297100 read(0, "STOR myfile30\r\n", 15) = 15
22740 14:58:24.297113 write(5, "\v", 1 <unfinished ...>
22738 14:58:24.297121 <... read resumed> "\v", 1) = 1
22740 14:58:24.297125 <... write resumed> ) = 1
22738 14:58:24.297131 write(4, "\1\0\0\0", 4) = 4
22738 14:58:24.297142 read(4,  <unfinished ...>
22740 14:58:24.297148 read(5, "\1\0\0\0", 4) = 4
22740 14:58:24.297160 gettimeofday({1495652304, 297163}, NULL) = 0
22740 14:58:24.297170 getcwd("/home/msfadmin", 4096) = 15
22740 14:58:24.297183 open("myfile30", O_WRONLY|O_CREAT|O_NONBLOCK|O_LARGEFILE, 0666) = 4
22740 14:58:24.297204 fstat64(4, {st_mode=S_IFREG|0644, st_size=17, ...}) = 0
22740 14:58:24.297221 fcntl64(4, F_GETFL) = 0x8801 (flags O_WRONLY|O_NONBLOCK|O_LARGEFILE)
22740 14:58:24.297232 fcntl64(4, F_SETFL, O_WRONLY|O_LARGEFILE) = 0
22740 14:58:24.297241 fcntl64(4, F_SETLKW64, {type=F_WRLCK, whence=SEEK_SET, start=0, len=0}, 0xbfd006f4) = 0
22740 14:58:24.297255 ftruncate64(4, 0) = 0
22740 14:58:24.297273 _llseek(4, 0, [0], SEEK_SET) = 0
22740 14:58:24.297283 write(5, "\v", 1 <unfinished ...>
22738 14:58:24.297291 <... read resumed> "\v", 1) = 1
22740 14:58:24.297295 <... write resumed> ) = 1
22738 14:58:24.297301 write(4, "\1\0\0\0", 4) = 4
22738 14:58:24.297311 read(4,  <unfinished ...>
22740 14:58:24.297357 read(5, "\1\0\0\0", 4) = 4
22740 14:58:24.297369 write(5, "\v", 1 <unfinished ...>
22738 14:58:24.297377 <... read resumed> "\v", 1) = 1
22740 14:58:24.297391 <... write resumed> ) = 1
22738 14:58:24.297398 write(4, "\1\0\0\0", 4) = 4
22738 14:58:24.297417 read(4,  <unfinished ...>
22740 14:58:24.297434 read(5, "\1\0\0\0", 4) = 4
22740 14:58:24.297445 write(5, "\r", 1 <unfinished ...>
22738 14:58:24.297452 <... read resumed> "\r", 1) = 1
22740 14:58:24.297457 <... write resumed> ) = 1
22738 14:58:24.297464 select(6, [5], NULL, NULL, {60, 0}) = 1 (in [5], left {60, 0})
22738 14:58:24.297480 accept(5, {sa_family=AF_INET, sin_port=htons(60318), sin_addr=inet_addr("127.0.0.1")}, [16]) = 6
22738 14:58:24.297511 write(4, "\1", 1) = 1
22738 14:58:24.297522 sendmsg(4, {msg_name(0)=NULL, msg_iov(1)=[{"\0", 1}], msg_controllen=16, {cmsg_len=16, cmsg_level=SOL_SOCKET, cmsg_type=SCM_RIGHTS, {6}}, msg_flags=0}, 0) = 1
22738 14:58:24.297539 close(6)          = 0
22738 14:58:24.297548 read(4,  <unfinished ...>
22740 14:58:24.297554 read(5, "\1", 1)  = 1
22740 14:58:24.297566 recvmsg(5, {msg_name(0)=NULL, msg_iov(1)=[{"\0", 1}], msg_controllen=16, {cmsg_len=16, cmsg_level=SOL_SOCKET, cmsg_type=SCM_RIGHTS, {6}}, msg_flags=0}, 0) = 1
22740 14:58:24.297583 setsockopt(6, SOL_SOCKET, SO_KEEPALIVE, [1], 4) = 0
22740 14:58:24.297595 setsockopt(6, SOL_IP, IP_TOS, [8], 4) = 0
22740 14:58:24.297607 setsockopt(6, SOL_SOCKET, SO_LINGER, {onoff=1, linger=32767}, 8) = 0
22740 14:58:24.297617 rt_sigaction(SIGALRM, {0x805cad0, ~[RTMIN RT_1], 0}, NULL, 8) = 0
22740 14:58:24.297630 alarm(300)        = 300
22740 14:58:24.297642 write(0, "150 Ok to send data.\r\n", 22) = 22
22740 14:58:24.297707 read(6, "assasaaa\na\na\na\na\n", 65536) = 17
22740 14:58:24.297721 write(4, "assasaaa\na\na\na\na\n", 17) = 17
22740 14:58:24.297737 read(6, "", 65536) = 0
22740 14:58:24.297747 rt_sigaction(SIGALRM, {0x805cad0, ~[RTMIN RT_1], 0}, NULL, 8) = 0
22740 14:58:24.297760 alarm(300)        = 300
22740 14:58:24.297769 close(6)          = 0
22740 14:58:24.297785 alarm(0)          = 300
22740 14:58:24.297795 gettimeofday({1495652304, 297798}, NULL) = 0
22740 14:58:24.297810 gettimeofday({1495652304, 297813}, NULL) = 0
22740 14:58:24.297823 fcntl64(3, F_SETLKW64, {type=F_WRLCK, whence=SEEK_SET, start=0, len=0}, 0xbfd00694) = 0
22740 14:58:24.297838 write(3, "Wed May 24 14:58:24 2017 [pid 22740] [msfadmin] OK UPLOAD: Client \"127.0.0.1\", \"/home/msfadmin/myfile30\", 17 bytes, 25.54Kbyte/sec\n", 131) = 131
22740 14:58:24.297859 fcntl64(3, F_SETLK64, {type=F_UNLCK, whence=SEEK_SET, start=0, len=0}, 0xbfd0069c) = 0
22740 14:58:24.297873 write(0, "226 Transfer complete.\r\n", 24) = 24
22740 14:58:24.297914 write(5, "\n", 1 <unfinished ...>
22738 14:58:24.297922 <... read resumed> "\n", 1) = 1
22740 14:58:24.297927 <... write resumed> ) = 1
22738 14:58:24.297933 close(5)          = 0
22738 14:58:24.297944 write(4, "\1", 1) = 1
22738 14:58:24.297954 read(4,  <unfinished ...>
22740 14:58:24.297961 read(5, "\1", 1)  = 1
22740 14:58:24.297971 close(4)          = 0
22740 14:58:24.297981 rt_sigaction(SIGALRM, {0x805cad0, ~[RTMIN RT_1], 0}, NULL, 8) = 0
22740 14:58:24.297994 alarm(300)        = 0
22740 14:58:24.298004 recv(0,  <unfinished ...>
22743 14:58:24.326588 <... recv resumed> "USER msfadmin\r\n", 4096, MSG_PEEK) = 15
22743 14:58:24.326638 read(0, "USER msfadmin\r\n", 15) = 15
22743 14:58:24.326663 write(0, "331 Any password will do.\r\n", 27) = 27
22743 14:58:24.326708 rt_sigaction(SIGALRM, {0x805cad0, ~[RTMIN RT_1], 0}, NULL, 8) = 0
22743 14:58:24.326726 alarm(300)        = 299
22743 14:58:24.326739 recv(0, "PASS msfadmin\r\n", 4096, MSG_PEEK) = 15
22743 14:58:24.326751 read(0, "PASS msfadmin\r\n", 15) = 15
22743 14:58:24.326767 write(0, "230 Already logged in.\r\n", 24) = 24
22743 14:58:24.326827 rt_sigaction(SIGALRM, {0x805cad0, ~[RTMIN RT_1], 0}, NULL, 8) = 0
22743 14:58:24.326843 alarm(300)        = 300
22743 14:58:24.326854 recv(0, "TYPE I\r\n", 4096, MSG_PEEK) = 8
22743 14:58:24.326881 read(0, "TYPE I\r\n", 8) = 8
22743 14:58:24.326896 write(0, "200 Switching to Binary mode.\r\n", 31) = 31
22743 14:58:24.326934 rt_sigaction(SIGALRM, {0x805cad0, ~[RTMIN RT_1], 0}, NULL, 8) = 0
22743 14:58:24.326949 alarm(300)        = 300
22743 14:58:24.326960 recv(0, "PASV\r\n", 4096, MSG_PEEK) = 6
22743 14:58:24.326971 read(0, "PASV\r\n", 6) = 6
22743 14:58:24.326982 write(5, "\n", 1) = 1
22743 14:58:24.326994 read(5,  <unfinished ...>
22741 14:58:24.327003 <... read resumed> "\n", 1) = 1
22741 14:58:24.327012 write(4, "\1", 1) = 1
22743 14:58:24.327022 <... read resumed> "\1", 1) = 1
22743 14:58:24.327029 write(5, "\f", 1) = 1
22743 14:58:24.327039 read(5,  <unfinished ...>
22741 14:58:24.327046 read(4, "\f", 1)  = 1
22741 14:58:24.327057 socket(PF_INET, SOCK_STREAM, IPPROTO_TCP) = 5
22741 14:58:24.327073 setsockopt(5, SOL_SOCKET, SO_REUSEADDR, [1], 4) = 0
22741 14:58:24.327088 bind(5, {sa_family=AF_INET, sin_port=htons(51231), sin_addr=inet_addr("127.0.0.1")}, 16) = 0
22741 14:58:24.327104 listen(5, 1)      = 0
22741 14:58:24.327118 write(4, "\37\310\0\0", 4) = 4
22743 14:58:24.327129 <... read resumed> "\37\310\0\0", 4) = 4
22743 14:58:24.327141 write(0, "227 Entering Passive Mode (127,0,0,1,200,31).\r\n", 47) = 47
22743 14:58:24.327252 rt_sigaction(SIGALRM, {0x805cad0, ~[RTMIN RT_1], 0}, NULL, 8) = 0
22743 14:58:24.327269 alarm(300)        = 300
22743 14:58:24.327280 recv(0, "RETR myfile10\r\n", 4096, MSG_PEEK) = 15
22743 14:58:24.327291 read(0, "RETR myfile10\r\n", 15) = 15
22743 14:58:24.327304 write(5, "\v", 1) = 1
22743 14:58:24.327314 read(5,  <unfinished ...>
22741 14:58:24.327321 read(4, "\v", 1)  = 1
22741 14:58:24.327332 write(4, "\1\0\0\0", 4) = 4
22743 14:58:24.327343 <... read resumed> "\1\0\0\0", 4) = 4
22743 14:58:24.327372 gettimeofday({1495652304, 327378}, NULL) = 0
22743 14:58:24.327386 getcwd("/home/msfadmin", 4096) = 15
22743 14:58:24.327411 open("myfile10", O_RDONLY|O_NONBLOCK|O_LARGEFILE) = 4
22743 14:58:24.327425 fcntl64(4, F_SETLKW64, {type=F_RDLCK, whence=SEEK_SET, start=0, len=0}, 0xbfcf6704) = 0
22743 14:58:24.327441 fstat64(4, {st_mode=S_IFREG|0644, st_size=17, ...}) = 0
22743 14:58:24.327458 fcntl64(4, F_GETFL) = 0x8800 (flags O_RDONLY|O_NONBLOCK|O_LARGEFILE)
22743 14:58:24.327469 fcntl64(4, F_SETFL, O_RDONLY|O_LARGEFILE) = 0
22743 14:58:24.327481 write(5, "\v", 1) = 1
22743 14:58:24.327492 read(5,  <unfinished ...>
22741 14:58:24.327499 read(4, "\v", 1)  = 1
22741 14:58:24.327510 write(4, "\1\0\0\0", 4) = 4
22743 14:58:24.327520 <... read resumed> "\1\0\0\0", 4) = 4
22743 14:58:24.327527 write(5, "\v", 1) = 1
22743 14:58:24.327537 read(5,  <unfinished ...>
22741 14:58:24.327543 read(4, "\v", 1)  = 1
22741 14:58:24.327553 write(4, "\1\0\0\0", 4) = 4
22743 14:58:24.327563 <... read resumed> "\1\0\0\0", 4) = 4
22743 14:58:24.327571 write(5, "\r", 1) = 1
22743 14:58:24.327580 read(5,  <unfinished ...>
22741 14:58:24.327587 read(4, "\r", 1)  = 1
22741 14:58:24.327598 select(6, [5], NULL, NULL, {60, 0}) = 1 (in [5], left {60, 0})
22741 14:58:24.327614 accept(5, {sa_family=AF_INET, sin_port=htons(46564), sin_addr=inet_addr("127.0.0.1")}, [16]) = 6
22741 14:58:24.327637 write(4, "\1", 1) = 1
22743 14:58:24.327647 <... read resumed> "\1", 1) = 1
22743 14:58:24.327656 recvmsg(5,  <unfinished ...>
22741 14:58:24.327664 sendmsg(4, {msg_name(0)=NULL, msg_iov(1)=[{"\0", 1}], msg_controllen=16, {cmsg_len=16, cmsg_level=SOL_SOCKET, cmsg_type=SCM_RIGHTS, {6}}, msg_flags=0}, 0) = 1
22743 14:58:24.327686 <... recvmsg resumed> {msg_name(0)=NULL, msg_iov(1)=[{"\0", 1}], msg_controllen=16, {cmsg_len=16, cmsg_level=SOL_SOCKET, cmsg_type=SCM_RIGHTS, {6}}, msg_flags=0}, 0) = 1
22743 14:58:24.327699 setsockopt(6, SOL_SOCKET, SO_KEEPALIVE, [1], 4) = 0
22743 14:58:24.327712 setsockopt(6, SOL_IP, IP_TOS, [8], 4) = 0
22743 14:58:24.327724 setsockopt(6, SOL_SOCKET, SO_LINGER, {onoff=1, linger=32767}, 8) = 0
22743 14:58:24.327735 rt_sigaction(SIGALRM, {0x805cad0, ~[RTMIN RT_1], 0}, NULL, 8) = 0
22743 14:58:24.327748 alarm(300)        = 300
22743 14:58:24.327761 write(0, "150 Opening BINARY mode data connection for myfile10 (17 bytes).\r\n", 66) = 66
22743 14:58:24.327802 _llseek(4, 0, [0], SEEK_CUR) = 0
22743 14:58:24.327815 fstat64(4, {st_mode=S_IFREG|0644, st_size=17, ...}) = 0
22743 14:58:24.327832 _llseek(4, 0, [0], SEEK_SET) = 0
22743 14:58:24.327842 sendfile(6, 4, NULL, 17) = 17
22743 14:58:24.327903 rt_sigaction(SIGALRM, {0x805cad0, ~[RTMIN RT_1], 0}, NULL, 8) = 0
22743 14:58:24.327918 alarm(300)        = 300
22743 14:58:24.327928 close(6)          = 0
22743 14:58:24.327937 alarm(0)          = 300
22743 14:58:24.327946 gettimeofday({1495652304, 327950}, NULL) = 0
22743 14:58:24.327962 gettimeofday({1495652304, 327965}, NULL) = 0
22743 14:58:24.327976 fcntl64(3, F_SETLKW64, {type=F_WRLCK, whence=SEEK_SET, start=0, len=0}, 0xbfcf66a4) = 0
22743 14:58:24.327991 write(3, "Wed May 24 14:58:24 2017 [pid 22743] [msfadmin] OK DOWNLOAD: Client \"127.0.0.1\", \"/home/msfadmin/myfile10\", 17 bytes, 28.28Kbyte/sec\n", 133) = 133
22743 14:58:24.328012 fcntl64(3, F_SETLK64, {type=F_UNLCK, whence=SEEK_SET, start=0, len=0}, 0xbfcf66ac) = 0
22743 14:58:24.328026 write(0, "226 Transfer complete.\r\n", 24) = 24
22743 14:58:24.328041 write(5, "\n", 1) = 1
22743 14:58:24.328052 read(5,  <unfinished ...>
22741 14:58:24.328059 close(6)          = 0
22741 14:58:24.328143 read(4, "\n", 1)  = 1
22741 14:58:24.328156 close(5)          = 0
22741 14:58:24.328167 write(4, "\1", 1) = 1
22743 14:58:24.328178 <... read resumed> "\1", 1) = 1
22743 14:58:24.328185 close(4)          = 0
22743 14:58:24.328195 rt_sigaction(SIGALRM, {0x805cad0, ~[RTMIN RT_1], 0}, NULL, 8) = 0
22743 14:58:24.328209 alarm(300)        = 0
22743 14:58:24.328219 recv(0,  <unfinished ...>
22741 14:58:24.328227 read(4,  <unfinished ...>
22740 14:58:24.807156 <... recv resumed> "TYPE I\r\n", 4096, MSG_PEEK) = 8
22740 14:58:24.807287 read(0, "TYPE I\r\n", 8) = 8
22740 14:58:24.807402 write(0, "200 Switching to Binary mode.\r\n", 31) = 31
22740 14:58:24.807504 rt_sigaction(SIGALRM, {0x805cad0, ~[RTMIN RT_1], 0}, NULL, 8) = 0
22740 14:58:24.807539 alarm(300)        = 299
22740 14:58:24.807565 recv(0, "PASV\r\n", 4096, MSG_PEEK) = 6
22740 14:58:24.807583 read(0, "PASV\r\n", 6) = 6
22740 14:58:24.807596 write(5, "\n", 1 <unfinished ...>
22738 14:58:24.807607 <... read resumed> "\n", 1) = 1
22740 14:58:24.807612 <... write resumed> ) = 1
22738 14:58:24.807620 write(4, "\1", 1) = 1
22738 14:58:24.807631 read(4,  <unfinished ...>
22740 14:58:24.807638 read(5, "\1", 1)  = 1
22740 14:58:24.807649 write(5, "\f", 1 <unfinished ...>
22738 14:58:24.807656 <... read resumed> "\f", 1) = 1
22740 14:58:24.807661 <... write resumed> ) = 1
22738 14:58:24.807668 socket(PF_INET, SOCK_STREAM, IPPROTO_TCP) = 5
22738 14:58:24.807684 setsockopt(5, SOL_SOCKET, SO_REUSEADDR, [1], 4) = 0
22738 14:58:24.807698 bind(5, {sa_family=AF_INET, sin_port=htons(45517), sin_addr=inet_addr("127.0.0.1")}, 16) = 0
22738 14:58:24.807715 listen(5, 1)      = 0
22738 14:58:24.807728 write(4, "\315\261\0\0", 4) = 4
22738 14:58:24.807740 read(4,  <unfinished ...>
22740 14:58:24.807747 read(5, "\315\261\0\0", 4) = 4
22740 14:58:24.807763 write(0, "227 Entering Passive Mode (127,0,0,1,177,205).\r\n", 48) = 48
22740 14:58:24.807873 rt_sigaction(SIGALRM, {0x805cad0, ~[RTMIN RT_1], 0}, NULL, 8) = 0
22740 14:58:24.807890 alarm(300)        = 300
22740 14:58:24.807902 recv(0, "STOR myfile31\r\n", 4096, MSG_PEEK) = 15
22740 14:58:24.807914 read(0, "STOR myfile31\r\n", 15) = 15
22740 14:58:24.807935 write(5, "\v", 1 <unfinished ...>
22738 14:58:24.807944 <... read resumed> "\v", 1) = 1
22740 14:58:24.807949 <... write resumed> ) = 1
22738 14:58:24.807955 write(4, "\1\0\0\0", 4) = 4
22738 14:58:24.807966 read(4,  <unfinished ...>
22740 14:58:24.807972 read(5, "\1\0\0\0", 4) = 4
22740 14:58:24.807984 gettimeofday({1495652304, 807988}, NULL) = 0
22740 14:58:24.807995 getcwd("/home/msfadmin", 4096) = 15
22740 14:58:24.808007 open("myfile31", O_WRONLY|O_CREAT|O_NONBLOCK|O_LARGEFILE, 0666) = 4
22740 14:58:24.808021 fstat64(4, {st_mode=S_IFREG|0644, st_size=17, ...}) = 0
22740 14:58:24.808039 fcntl64(4, F_GETFL) = 0x8801 (flags O_WRONLY|O_NONBLOCK|O_LARGEFILE)
22740 14:58:24.808050 fcntl64(4, F_SETFL, O_WRONLY|O_LARGEFILE) = 0
22740 14:58:24.808060 fcntl64(4, F_SETLKW64, {type=F_WRLCK, whence=SEEK_SET, start=0, len=0}, 0xbfd006f4) = 0
22740 14:58:24.808107 ftruncate64(4, 0) = 0
22740 14:58:24.808127 _llseek(4, 0, [0], SEEK_SET) = 0
22740 14:58:24.808148 write(5, "\v", 1 <unfinished ...>
22738 14:58:24.808156 <... read resumed> "\v", 1) = 1
22740 14:58:24.808161 <... write resumed> ) = 1
22738 14:58:24.808167 write(4, "\1\0\0\0", 4) = 4
22738 14:58:24.808178 read(4,  <unfinished ...>
22740 14:58:24.808185 read(5, "\1\0\0\0", 4) = 4
22740 14:58:24.808196 write(5, "\v", 1 <unfinished ...>
22738 14:58:24.808203 <... read resumed> "\v", 1) = 1
22740 14:58:24.808207 <... write resumed> ) = 1
22738 14:58:24.808213 write(4, "\1\0\0\0", 4) = 4
22738 14:58:24.808223 read(4,  <unfinished ...>
22740 14:58:24.808230 read(5, "\1\0\0\0", 4) = 4
22740 14:58:24.808241 write(5, "\r", 1 <unfinished ...>
22738 14:58:24.808248 <... read resumed> "\r", 1) = 1
22740 14:58:24.808252 <... write resumed> ) = 1
22738 14:58:24.808259 select(6, [5], NULL, NULL, {60, 0}) = 1 (in [5], left {60, 0})
