22629 14:57:09.559101 mmap2(0xb7cf1000, 8192, PROT_READ|PROT_WRITE, MAP_PRIVATE|MAP_FIXED|MAP_DENYWRITE, 7, 0x8) = 0xb7cf1000
22629 14:57:09.559117 mmap2(0xb7cf3000, 155996, PROT_READ|PROT_WRITE, MAP_PRIVATE|MAP_FIXED|MAP_ANONYMOUS, -1, 0) = 0xb7cf3000
22629 14:57:09.559133 close(7)          = 0
22629 14:57:09.559146 access("/etc/ld.so.nohwcap", F_OK) = -1 ENOENT (No such file or directory)
22629 14:57:09.559160 open("/lib/libselinux.so.1", O_RDONLY) = 7
22629 14:57:09.559173 read(7, "\177ELF\1\1\1\0\0\0\0\0\0\0\0\0\3\0\3\0\1\0\0\0\300@\0\0004\0\0\0\224r\1\0\0\0\0\0004\0 \0\6\0(\0\33\0\32\0\1\0\0\0\0\0\0\0\0\0\0\0\0\0\0\0\230f\1\0\230f\1\0\5\0\0\0\0\20\0\0\1\0\0\0\240n\1\0\240~\1\0\240~\1\0\20\3\0\0\234\f\0\0\6\0\0\0\0\20\0\0\2\0\0\0\320n\1\0\320~\1\0\320~\1\0\340\0\0\0\340\0\0\0\6\0\0\0\4\0\0\0\7\0\0\0\240n\1\0\240~\1\0\240~\1\0\0\0\0\0\\\0\0\0\4\0\0\0 \0\0\0Q\345td\0\0\0\0\0\0\0\0\0\0\0\0\0\0\0\0\0\0\0\0\6\0\0\0\4\0\0\0R\345td\240n\1\0\240~\1\0\240~\1\0T\1\0\0T\1\0\0\4\0\0\0\1\0\0\0\7\1\0\0#\1\0\0\0\0\0\0\24\0\0\0\v\1\0\0\306\0\0\0\0\0\0\0\36\1\0\0\330\0\0\0 \1\0\0001\0\0\0\345\0\0\0\34\0\0\0\206\0\0\0\212\0\0\0\234\0\0\0\0\0\0\0*\0\0\0\0\0\0\0\0\0\0\0\370\0\0\0004\0\0\0\0\0\0\0\0\0\0\0\0\0\0\0\0\0\0\0\0\0\0\0\224\0\0\0\0\0\0\0\0\0\0\0\0\0\0\0\244\0\0\0\347\0\0\0\373\0\0\0\0\0\0\0\304\0\0\0\257\0\0\0\0\0\0\0!\1\0\0\0\0\0\0\307\0\0\0\235\0\0\0\25\1\0\0`\0\0\0\0\0\0\0\256\0\0\0\374\0\0\0O\0\0\0i\0\0\0^\0\0\0\337\0\0\0-\0\0\0m\0\0\0\0\0\0\0\0\0\0\0\0\0\0\0\0\0\0\0\260\0\0\0\314\0\0\0\6\0\0\0\276\0\0\0{\0\0\0\226\0\0\0\0\0\0\0E\0\0\0\33\0\0\0\371\0\0\0", 512) = 512
22629 14:57:09.559261 fstat64(7, {st_mode=S_IFREG|0644, st_size=95948, ...}) = 0
22629 14:57:09.559279 mmap2(NULL, 101180, PROT_READ|PROT_EXEC, MAP_PRIVATE|MAP_DENYWRITE, 7, 0) = 0xb7ccf000
22629 14:57:09.559295 mmap2(0xb7ce6000, 8192, PROT_READ|PROT_WRITE, MAP_PRIVATE|MAP_FIXED|MAP_DENYWRITE, 7, 0x16) = 0xb7ce6000
22629 14:57:09.559313 close(7)          = 0
22629 14:57:09.559457 open("/etc/selinux/config", O_RDONLY|O_LARGEFILE) = -1 ENOENT (No such file or directory)
22629 14:57:09.559486 statfs64("/selinux", 84, 0xbffbda4c) = -1 ENOENT (No such file or directory)
22629 14:57:09.559499 open("/proc/mounts", O_RDONLY|O_LARGEFILE) = 7
22629 14:57:09.559526 fstat64(7, {st_mode=S_IFREG|0444, st_size=0, ...}) = 0
22629 14:57:09.559544 mmap2(NULL, 4096, PROT_READ|PROT_WRITE, MAP_PRIVATE|MAP_ANONYMOUS, -1, 0) = 0xb7eeb000
22629 14:57:09.559556 read(7, "rootfs / rootfs rw 0 0\nnone /sys sysfs rw,nosuid,nodev,noexec 0 0\nnone /proc proc rw,nosuid,nodev,noexec 0 0\nudev /dev tmpfs rw,relatime 0 0\nfusectl /sys/fs/fuse/connections fusectl rw,relatime 0 0\n/dev/mapper/metasploitable-root / ext3 rw,relatime,errors=remount-ro,data=ordered 0 0\n/dev/mapper/metasploitable-root /dev/.static/dev ext3 rw,relatime,errors=remount-ro,data=ordered 0 0\ntmpfs /var/run tmpfs rw,nosuid,nodev,noexec 0 0\ntmpfs /var/lock tmpfs rw,nosuid,nodev,noexec 0 0\ntmpfs /dev/shm tmpfs rw,relatime 0 0\ndevpts /dev/pts devpts rw,relatime 0 0\ntmpfs /var/run tmpfs rw,nosuid,nodev,noexec 0 0\ntmpfs /var/lock tmpfs rw,nosuid,nodev,noexec 0 0\n/dev/sda1 /boot ext3 rw,relatime,data=ordered 0 0\nsecurityfs /sys/kernel/security securityfs rw,relatime 0 0\nrpc_pipefs /var/lib/nfs/rpc_pipefs rpc_pipefs rw,relatime 0 0\nnfsd /proc/fs/nfsd nfsd rw,relatime 0 0\n", 1024) = 866
22629 14:57:09.559640 read(7, "", 1024) = 0
22629 14:57:09.559651 close(7)          = 0
22629 14:57:09.559662 munmap(0xb7eeb000, 4096) = 0
22629 14:57:09.559678 munmap(0xb7d1a000, 29913) = 0
22629 14:57:09.559692 read(6, "", 4096) = 0
22629 14:57:09.559704 close(6)          = 0
22629 14:57:09.559714 munmap(0xb7eec000, 4096) = 0
22629 14:57:09.559725 stat64("/etc/pam.d", {st_mode=S_IFDIR|0755, st_size=4096, ...}) = 0
22629 14:57:09.559745 open("/etc/pam.d/common-account", O_RDONLY|O_LARGEFILE) = 6
22629 14:57:09.559759 fstat64(6, {st_mode=S_IFREG|0644, st_size=392, ...}) = 0
22629 14:57:09.559775 mmap2(NULL, 4096, PROT_READ|PROT_WRITE, MAP_PRIVATE|MAP_ANONYMOUS, -1, 0) = 0xb7eec000
22629 14:57:09.559786 read(6, "#\n# /etc/pam.d/common-account - authorization settings common to all services\n#\n# This file is included from other service-specific PAM config files,\n# and should contain a list of the authorization modules that define\n# the central access policy for use on the system.  The default is to\n# only deny service to users whose accounts are expired in /etc/shadow.\n#\naccount\trequired\tpam_unix.so\n", 4096) = 392
22629 14:57:09.559827 read(6, "", 4096) = 0
22629 14:57:09.559838 close(6)          = 0
22629 14:57:09.559848 munmap(0xb7eec000, 4096) = 0
22629 14:57:09.559859 stat64("/etc/pam.d", {st_mode=S_IFDIR|0755, st_size=4096, ...}) = 0
22629 14:57:09.559878 open("/etc/pam.d/common-session", O_RDONLY|O_LARGEFILE) = 6
22629 14:57:09.559922 fstat64(6, {st_mode=S_IFREG|0644, st_size=372, ...}) = 0
22629 14:57:09.559949 mmap2(NULL, 4096, PROT_READ|PROT_WRITE, MAP_PRIVATE|MAP_ANONYMOUS, -1, 0) = 0xb7eec000
22629 14:57:09.559960 read(6, "#\n# /etc/pam.d/common-session - session-related modules common to all services\n#\n# This file is included from other service-specific PAM config files,\n# and should contain a list of modules that define tasks to be performed\n# at the start and end of sessions of *any* kind (both interactive and\n# non-interactive).  The default is pam_unix.\n#\nsession\trequired\tpam_unix.so\n", 4096) = 372
22629 14:57:09.560001 read(6, "", 4096) = 0
22629 14:57:09.560011 close(6)          = 0
22629 14:57:09.560021 munmap(0xb7eec000, 4096) = 0
22629 14:57:09.560032 read(5, "", 4096) = 0
22629 14:57:09.560042 close(5)          = 0
22629 14:57:09.560052 munmap(0xb7ef2000, 4096) = 0
22629 14:57:09.560063 open("/etc/pam.d/other", O_RDONLY|O_LARGEFILE) = 5
22629 14:57:09.560076 fstat64(5, {st_mode=S_IFREG|0644, st_size=520, ...}) = 0
22629 14:57:09.560093 mmap2(NULL, 4096, PROT_READ|PROT_WRITE, MAP_PRIVATE|MAP_ANONYMOUS, -1, 0) = 0xb7ef2000
22629 14:57:09.560107 read(5, "#\n# /etc/pam.d/other - specify the PAM fallback behaviour\n#\n# Note that this file is used for any unspecified service; for example\n#if /etc/pam.d/cron  specifies no session modules but cron calls\n#pam_open_session, the session module out of /etc/pam.d/other is\n#used.  If you really want nothing to happen then use pam_permit.so or\n#pam_deny.so as appropriate.\n\n# We fall back to the system default in /etc/pam.d/common-*\n# \n\n@include common-auth\n@include common-account\n@include common-password\n@include common-session\n", 4096) = 520
22629 14:57:09.560153 stat64("/etc/pam.d", {st_mode=S_IFDIR|0755, st_size=4096, ...}) = 0
22629 14:57:09.560172 open("/etc/pam.d/common-auth", O_RDONLY|O_LARGEFILE) = 6
22629 14:57:09.560185 fstat64(6, {st_mode=S_IFREG|0644, st_size=476, ...}) = 0
22629 14:57:09.560201 mmap2(NULL, 4096, PROT_READ|PROT_WRITE, MAP_PRIVATE|MAP_ANONYMOUS, -1, 0) = 0xb7eec000
22629 14:57:09.560212 read(6, "#\n# /etc/pam.d/common-auth - authentication settings common to all services\n#\n# This file is included from other service-specific PAM config files,\n# and should contain a list of the authentication modules that define\n# the central authentication scheme for use on the system\n# (e.g., /etc/shadow, LDAP, Kerberos, etc.).  The default is to use the\n# traditional Unix authentication mechanisms.\n#\nauth\trequisite\tpam_unix.so nullok_secure\n# auth\toptional\tpam_smbpass.so migrate\n", 4096) = 476
22629 14:57:09.560259 read(6, "", 4096) = 0
22629 14:57:09.560269 close(6)          = 0
22629 14:57:09.560279 munmap(0xb7eec000, 4096) = 0
22629 14:57:09.560291 stat64("/etc/pam.d", {st_mode=S_IFDIR|0755, st_size=4096, ...}) = 0
22629 14:57:09.560310 open("/etc/pam.d/common-account", O_RDONLY|O_LARGEFILE) = 6
22629 14:57:09.560323 fstat64(6, {st_mode=S_IFREG|0644, st_size=392, ...}) = 0
22629 14:57:09.560339 mmap2(NULL, 4096, PROT_READ|PROT_WRITE, MAP_PRIVATE|MAP_ANONYMOUS, -1, 0) = 0xb7eec000
22629 14:57:09.560350 read(6, "#\n# /etc/pam.d/common-account - authorization settings common to all services\n#\n# This file is included from other service-specific PAM config files,\n# and should contain a list of the authorization modules that define\n# the central access policy for use on the system.  The default is to\n# only deny service to users whose accounts are expired in /etc/shadow.\n#\naccount\trequired\tpam_unix.so\n", 4096) = 392
22629 14:57:09.560376 read(6, "", 4096) = 0
22629 14:57:09.560376 close(6)          = 0
22629 14:57:09.560376 munmap(0xb7eec000, 4096) = 0
22629 14:57:09.560376 stat64("/etc/pam.d", {st_mode=S_IFDIR|0755, st_size=4096, ...}) = 0
22629 14:57:09.560376 open("/etc/pam.d/common-password", O_RDONLY|O_LARGEFILE) = 6
22629 14:57:09.560386 fstat64(6, {st_mode=S_IFREG|0644, st_size=1563, ...}) = 0
22629 14:57:09.560402 mmap2(NULL, 4096, PROT_READ|PROT_WRITE, MAP_PRIVATE|MAP_ANONYMOUS, -1, 0) = 0xb7eec000
22629 14:57:09.560413 read(6, "#\n# /etc/pam.d/common-password - password-related modules common to all services\n#\n# This file is included from other service-specific PAM config files,\n# and should contain a list of modules that define the services to be\n# used to change user passwords.  The default is pam_unix.\n\n# Explanation of pam_unix options:\n#\n# The \"nullok\" option allows users to change an empty password, else\n# empty passwords are treated as locked accounts.\n#\n# The \"md5\" option enables MD5 passwords.  Without this option, the\n# default is Unix crypt.\n#\n# The \"obscure\" option replaces the old `OBSCURE_CHECKS_ENAB\' option in\n# login.defs.\n#\n# You can also use the \"min\" option to enforce the length of the new\n# password.\n#\n# See the pam_unix manpage for other options.\n\npassword   requisite   pam_unix.so nullok obscure md5\n\n# Alternate strength checking for password. Note that this\n# requires the libpam-cracklib package to be installed.\n# You will need to comment out the password line above and\n# uncomment the next two in order to use this.\n# (Replaces the `OBSCURE_CHECKS_ENAB\', `CRACKLIB_DICTPATH\')\n#\n# password required\t  pam_cracklib.so retry=3 minlen=6 difok=3\n# password required\t  pam_unix.so use_authtok nullok md5\n\n# minimally-intrusive inclusion of smbpass in the stack for\n# synchronization.  If the module is absent or the passwords don\'t\n# match, this module will be ignored without prompting; and if the \n# passwords do match, the NTLM hash for the user will be updated\n# automatically.\n# password   optional   pam_smbpass.so nullok use_authtok use_first_pass\n", 4096) = 1563
22629 14:57:09.560533 read(6, "", 4096) = 0
22629 14:57:09.560544 close(6)          = 0
22629 14:57:09.560554 munmap(0xb7eec000, 4096) = 0
22629 14:57:09.560565 stat64("/etc/pam.d", {st_mode=S_IFDIR|0755, st_size=4096, ...}) = 0
22629 14:57:09.560584 open("/etc/pam.d/common-session", O_RDONLY|O_LARGEFILE) = 6
22629 14:57:09.560597 fstat64(6, {st_mode=S_IFREG|0644, st_size=372, ...}) = 0
22629 14:57:09.560614 mmap2(NULL, 4096, PROT_READ|PROT_WRITE, MAP_PRIVATE|MAP_ANONYMOUS, -1, 0) = 0xb7eec000
22629 14:57:09.560624 read(6, "#\n# /etc/pam.d/common-session - session-related modules common to all services\n#\n# This file is included from other service-specific PAM config files,\n# and should contain a list of modules that define tasks to be performed\n# at the start and end of sessions of *any* kind (both interactive and\n# non-interactive).  The default is pam_unix.\n#\nsession\trequired\tpam_unix.so\n", 4096) = 372
22629 14:57:09.560663 read(6, "", 4096) = 0
22629 14:57:09.560673 close(6)          = 0
22629 14:57:09.560683 munmap(0xb7eec000, 4096) = 0
22629 14:57:09.560693 read(5, "", 4096) = 0
22629 14:57:09.560703 close(5)          = 0
22629 14:57:09.560745 munmap(0xb7ef2000, 4096) = 0
22629 14:57:09.560771 time(NULL)        = 1495652229
22629 14:57:09.560783 lstat64("/etc/ftpusers", {st_mode=S_IFREG|0644, st_size=132, ...}) = 0
22629 14:57:09.560802 open("/etc/ftpusers", O_RDONLY|O_LARGEFILE) = 5
22629 14:57:09.560815 fstat64(5, {st_mode=S_IFREG|0644, st_size=132, ...}) = 0
22629 14:57:09.560831 mmap2(NULL, 4096, PROT_READ|PROT_WRITE, MAP_PRIVATE|MAP_ANONYMOUS, -1, 0) = 0xb7ef2000
22629 14:57:09.560842 read(5, "# /etc/ftpusers: list of users disallowed FTP access. See ftpusers(5).\n\nroot\ndaemon\nbin\nsys\nsync\ngames\nman\nlp\nmail\nnews\nuucp\nnobody\n", 4096) = 132
22629 14:57:09.560864 read(5, "", 4096) = 0
22629 14:57:09.560874 close(5)          = 0
22629 14:57:09.560884 munmap(0xb7ef2000, 4096) = 0
22629 14:57:09.560900 getuid32()        = 0
22629 14:57:09.560917 open("/etc/passwd", O_RDONLY|0x80000 /* O_??? */) = 5
22629 14:57:09.560932 _llseek(5, 0, [0], SEEK_CUR) = 0
22629 14:57:09.560944 fstat64(5, {st_mode=S_IFREG|0644, st_size=1624, ...}) = 0
22629 14:57:09.560960 mmap2(NULL, 1624, PROT_READ, MAP_SHARED, 5, 0) = 0xb7ef2000
22629 14:57:09.560972 _llseek(5, 1624, [1624], SEEK_SET) = 0
22629 14:57:09.560991 munmap(0xb7ef2000, 1624) = 0
22629 14:57:09.561002 close(5)          = 0
22629 14:57:09.561026 open("/etc/shadow", O_RDONLY|0x80000 /* O_??? */) = 5
22629 14:57:09.561044 _llseek(5, 0, [0], SEEK_CUR) = 0
22629 14:57:09.561055 fstat64(5, {st_mode=S_IFREG|0640, st_size=1233, ...}) = 0
22629 14:57:09.561072 mmap2(NULL, 1233, PROT_READ, MAP_SHARED, 5, 0) = 0xb7ef2000
22629 14:57:09.561083 _llseek(5, 1233, [1233], SEEK_SET) = 0
22629 14:57:09.561103 munmap(0xb7ef2000, 1233) = 0
22629 14:57:09.561113 close(5)          = 0
22629 14:57:09.561132 open("/etc/passwd", O_RDONLY|0x80000 /* O_??? */) = 5
22629 14:57:09.561146 _llseek(5, 0, [0], SEEK_CUR) = 0
22629 14:57:09.561156 fstat64(5, {st_mode=S_IFREG|0644, st_size=1624, ...}) = 0
22629 14:57:09.561173 mmap2(NULL, 1624, PROT_READ, MAP_SHARED, 5, 0) = 0xb7ef2000
22629 14:57:09.561184 _llseek(5, 1624, [1624], SEEK_SET) = 0
22629 14:57:09.561200 munmap(0xb7ef2000, 1624) = 0
22629 14:57:09.561240 close(5)          = 0
22629 14:57:09.561255 open("/etc/shadow", O_RDONLY|0x80000 /* O_??? */) = 5
22629 14:57:09.561279 _llseek(5, 0, [0], SEEK_CUR) = 0
22629 14:57:09.561290 fstat64(5, {st_mode=S_IFREG|0640, st_size=1233, ...}) = 0
22629 14:57:09.561310 mmap2(NULL, 1233, PROT_READ, MAP_SHARED, 5, 0) = 0xb7ef2000
22629 14:57:09.561321 _llseek(5, 1233, [1233], SEEK_SET) = 0
22629 14:57:09.561339 munmap(0xb7ef2000, 1233) = 0
22629 14:57:09.561349 close(5)          = 0
22629 14:57:09.561583 getuid32()        = 0
22629 14:57:09.561594 open("/etc/passwd", O_RDONLY|0x80000 /* O_??? */) = 5
22629 14:57:09.561607 _llseek(5, 0, [0], SEEK_CUR) = 0
22629 14:57:09.561617 fstat64(5, {st_mode=S_IFREG|0644, st_size=1624, ...}) = 0
22629 14:57:09.561634 mmap2(NULL, 1624, PROT_READ, MAP_SHARED, 5, 0) = 0xb7ef2000
22629 14:57:09.561645 _llseek(5, 1624, [1624], SEEK_SET) = 0
22629 14:57:09.561661 munmap(0xb7ef2000, 1624) = 0
22629 14:57:09.561671 close(5)          = 0
22629 14:57:09.561684 open("/etc/shadow", O_RDONLY|0x80000 /* O_??? */) = 5
22629 14:57:09.561697 _llseek(5, 0, [0], SEEK_CUR) = 0
22629 14:57:09.561853 fstat64(5, {st_mode=S_IFREG|0640, st_size=1233, ...}) = 0
22629 14:57:09.561881 mmap2(NULL, 1233, PROT_READ, MAP_SHARED, 5, 0) = 0xb7ef2000
22629 14:57:09.561893 _llseek(5, 1233, [1233], SEEK_SET) = 0
22629 14:57:09.561910 munmap(0xb7ef2000, 1233) = 0
22629 14:57:09.561920 close(5)          = 0
22629 14:57:09.561933 time(NULL)        = 1495652229
22629 14:57:09.561948 munmap(0xb7eef000, 12164) = 0
22629 14:57:09.561962 munmap(0xb7eed000, 7136) = 0
22629 14:57:09.561977 munmap(0xb7d22000, 95428) = 0
22629 14:57:09.561988 munmap(0xb7ce8000, 201052) = 0
22629 14:57:09.562000 munmap(0xb7ccf000, 101180) = 0
22629 14:57:09.562017 gettimeofday({1495652229, 562021}, NULL) = 0
22629 14:57:09.562029 stat64("/usr/share/zoneinfo/UTC+04:00", 0xbffbf924) = -1 ENOENT (No such file or directory)
22629 14:57:09.562045 open("/usr/share/zoneinfo/UTC+04:00", O_RDONLY) = -1 ENOENT (No such file or directory)
22629 14:57:09.562070 fcntl64(3, F_SETLKW64, {type=F_WRLCK, whence=SEEK_SET, start=0, len=0}, 0xbffbfa74) = 0
22629 14:57:09.562086 write(3, "Wed May 24 14:57:09 2017 [pid 22629] [msfadmin] OK LOGIN: Client \"127.0.0.1\"\n", 77) = 77
22629 14:57:09.562103 fcntl64(3, F_SETLK64, {type=F_UNLCK, whence=SEEK_SET, start=0, len=0}, 0xbffbfa7c) = 0
22629 14:57:09.562116 rt_sigaction(SIGCHLD, {0x805cad0, ~[RTMIN RT_1], 0}, NULL, 8) = 0
22629 14:57:09.562131 write(4, "\1", 1 <unfinished ...>
22630 14:57:09.562140 <... read resumed> "\1", 1) = 1
22629 14:57:09.562146 <... write resumed> ) = 1
22630 14:57:09.562154 exit_group(0)     = ?
22629 14:57:09.562181 --- SIGCHLD (Child exited) @ 0 (0) ---
22629 14:57:09.562189 sigreturn()       = ? (mask now [])
22629 14:57:09.562208 wait4(-1, [{WIFEXITED(s) && WEXITSTATUS(s) == 0}], 0, NULL) = 22630
22629 14:57:09.562222 close(4)          = 0
22629 14:57:09.562234 socketpair(PF_FILE, SOCK_STREAM, 0, [4, 5]) = 0
22629 14:57:09.562248 rt_sigaction(SIGCHLD, {0x805cad0, ~[RTMIN RT_1], 0}, NULL, 8) = 0
22629 14:57:09.562262 rt_sigaction(SIGALRM, {0x805cb10, ~[RTMIN RT_1], 0}, NULL, 8) = 0
22629 14:57:09.562276 clone(child_stack=0, flags=CLONE_CHILD_CLEARTID|CLONE_CHILD_SETTID|SIGCHLD, child_tidptr=0xb7d586f8) = 22631
22631 14:57:09.562354 prctl(0x1, 0x9, 0, 0, 0) = 0
22631 14:57:09.562378 close(4)          = 0
22631 14:57:09.562405 open("/etc/passwd", O_RDONLY|0x80000 /* O_??? */) = 4
22631 14:57:09.562423 _llseek(4, 0, [0], SEEK_CUR) = 0
22631 14:57:09.562439 fstat64(4, {st_mode=S_IFREG|0644, st_size=1624, ...}) = 0
22631 14:57:09.562458 mmap2(NULL, 1624, PROT_READ, MAP_SHARED, 4, 0) = 0xb7ef2000
22631 14:57:09.562470 _llseek(4, 1624, [1624], SEEK_SET) = 0
22631 14:57:09.562493 munmap(0xb7ef2000, 1624) = 0
22631 14:57:09.562504 close(4)          = 0
22631 14:57:09.562518 getuid32()        = 0
22631 14:57:09.562528 open("/etc/passwd", O_RDONLY|0x80000 /* O_??? */) = 4
22631 14:57:09.562541 _llseek(4, 0, [0], SEEK_CUR) = 0
22631 14:57:09.562552 fstat64(4, {st_mode=S_IFREG|0644, st_size=1624, ...}) = 0
22631 14:57:09.562569 mmap2(NULL, 1624, PROT_READ, MAP_SHARED, 4, 0) = 0xb7ef2000
22631 14:57:09.562580 _llseek(4, 1624, [1624], SEEK_SET) = 0
22631 14:57:09.562596 munmap(0xb7ef2000, 1624) = 0
22631 14:57:09.562605 close(4)          = 0
22631 14:57:09.562635 open("/proc/sys/kernel/ngroups_max", O_RDONLY) = 4
22631 14:57:09.562657 read(4, "65536\n", 31) = 6
22631 14:57:09.562670 close(4)          = 0
22631 14:57:09.562685 socket(PF_FILE, SOCK_STREAM, 0) = 4
22631 14:57:09.562697 fcntl64(4, F_SETFL, O_RDWR|O_NONBLOCK) = 0
22631 14:57:09.562708 connect(4, {sa_family=AF_FILE, path="/var/run/nscd/socket"}, 110) = -1 ENOENT (No such file or directory)
22631 14:57:09.562729 close(4)          = 0
22631 14:57:09.562741 socket(PF_FILE, SOCK_STREAM, 0) = 4
22631 14:57:09.562752 fcntl64(4, F_SETFL, O_RDWR|O_NONBLOCK) = 0
22631 14:57:09.562763 connect(4, {sa_family=AF_FILE, path="/var/run/nscd/socket"}, 110) = -1 ENOENT (No such file or directory)
22631 14:57:09.562781 close(4)          = 0
22631 14:57:09.562805 open("/etc/group", O_RDONLY|0x80000 /* O_??? */) = 4
22631 14:57:09.562875 _llseek(4, 0, [0], SEEK_CUR) = 0
22631 14:57:09.562886 fstat64(4, {st_mode=S_IFREG|0644, st_size=886, ...}) = 0
22631 14:57:09.562904 mmap2(NULL, 886, PROT_READ, MAP_SHARED, 4, 0) = 0xb7ef2000
22631 14:57:09.562915 _llseek(4, 886, [886], SEEK_SET) = 0
22631 14:57:09.562941 fstat64(4, {st_mode=S_IFREG|0644, st_size=886, ...}) = 0
22631 14:57:09.562958 munmap(0xb7ef2000, 886) = 0
22631 14:57:09.562969 close(4)          = 0
22631 14:57:09.562979 setgroups32(13, [1000, 4, 20, 24, 25, 29, 30, 44, 46, 107, 111, 112, 119]) = 0
22631 14:57:09.562996 geteuid32()       = 0
22631 14:57:09.563007 getegid32()       = 0
22631 14:57:09.563018 setregid32(-1, 1000) = 0
22631 14:57:09.563030 setreuid32(-1, 1000) = 0
22631 14:57:09.563041 chdir("/home/msfadmin") = 0
22631 14:57:09.563053 setreuid32(-1, 0) = 0
22631 14:57:09.563063 setregid32(-1, 0) = 0
22631 14:57:09.563074 setgid32(1000)    = 0
22631 14:57:09.563084 setuid32(1000)    = 0
22631 14:57:09.563094 setrlimit(RLIMIT_NPROC, {rlim_cur=0, rlim_max=0}) = 0
22631 14:57:09.563108 mmap2(NULL, 12288, PROT_READ|PROT_WRITE, MAP_PRIVATE|MAP_ANONYMOUS, -1, 0) = 0xb7ef0000
22631 14:57:09.563120 mprotect(0xb7ef2000, 4096, PROT_NONE) = 0
22631 14:57:09.563132 mprotect(0xb7ef0000, 4096, PROT_NONE) = 0
22631 14:57:09.563143 getcwd("/home/msfadmin", 4096) = 15
22631 14:57:09.563157 umask(022)        = 077
22631 14:57:09.563167 getcwd("/home/msfadmin", 4096) = 15
22631 14:57:09.563181 open(".message", O_RDONLY|O_NONBLOCK|O_LARGEFILE) = -1 ENOENT (No such file or directory)
22631 14:57:09.563203 write(0, "230 Login successful.\r\n", 23) = 23
22631 14:57:09.563285 rt_sigaction(SIGALRM, {0x805cad0, ~[RTMIN RT_1], 0}, NULL, 8) = 0
22631 14:57:09.563331 alarm(300)        = 0
22631 14:57:09.563345 mmap2(NULL, 12288, PROT_READ|PROT_WRITE, MAP_PRIVATE|MAP_ANONYMOUS, -1, 0) = 0xb7eed000
22631 14:57:09.563368 mprotect(0xb7eef000, 4096, PROT_NONE) = 0
22631 14:57:09.563380 mprotect(0xb7eed000, 4096, PROT_NONE) = 0
22631 14:57:09.563393 recv(0, "TYPE I\r\n", 4096, MSG_PEEK) = 8
22631 14:57:09.563407 read(0, "TYPE I\r\n", 8) = 8
22631 14:57:09.563425 write(0, "200 Switching to Binary mode.\r\n", 31) = 31
22631 14:57:09.563466 rt_sigaction(SIGALRM, {0x805cad0, ~[RTMIN RT_1], 0}, NULL, 8) = 0
22631 14:57:09.563481 alarm(300)        = 300
22631 14:57:09.563493 recv(0, "PASV\r\n", 4096, MSG_PEEK) = 6
22631 14:57:09.563505 read(0, "PASV\r\n", 6) = 6
22631 14:57:09.563518 write(5, "\n", 1) = 1
22631 14:57:09.563529 read(5,  <unfinished ...>
22629 14:57:09.563542 close(5)          = 0
22629 14:57:09.563555 getuid32()        = 0
22629 14:57:09.563570 open("/etc/passwd", O_RDONLY|0x80000 /* O_??? */) = 5
22629 14:57:09.563585 _llseek(5, 0, [0], SEEK_CUR) = 0
22629 14:57:09.563598 fstat64(5, {st_mode=S_IFREG|0644, st_size=1624, ...}) = 0
22629 14:57:09.563616 mmap2(NULL, 1624, PROT_READ, MAP_SHARED, 5, 0) = 0xb7ef2000
22629 14:57:09.563628 _llseek(5, 1624, [1624], SEEK_SET) = 0
22629 14:57:09.563646 munmap(0xb7ef2000, 1624) = 0
22629 14:57:09.563658 close(5)          = 0
22629 14:57:09.563674 setgroups32(0, []) = 0
22629 14:57:09.563686 chdir("/usr/share/empty") = 0
22629 14:57:09.563698 chroot(".")       = 0
22629 14:57:09.563709 capset(NULL, NULL) = -1 EFAULT (Bad address)
22629 14:57:09.563723 prctl(0x8, 0, 0xbffbfa58, 0x80549a6, 0xbffbfa40) = 0
22629 14:57:09.563738 prctl(0x8, 0x1, 0xbffbfa58, 0x8054a49, 0xbffbfa40) = 0
22629 14:57:09.563749 setgid32(65534)   = 0
22629 14:57:09.563759 setuid32(65534)   = 0
22629 14:57:09.563769 capset(0x19980330, 0, {CAP_NET_BIND_SERVICE, CAP_NET_BIND_SERVICE, 0}) = 0
22629 14:57:09.563782 read(4, "\n", 1)  = 1
22629 14:57:09.563806 write(4, "\1", 1) = 1
22631 14:57:09.563839 <... read resumed> "\1", 1) = 1
22631 14:57:09.563858 write(5, "\f", 1) = 1
22631 14:57:09.563869 read(5,  <unfinished ...>
22629 14:57:09.563876 read(4, "\f", 1)  = 1
22629 14:57:09.563889 socket(PF_INET, SOCK_STREAM, IPPROTO_TCP) = 5
22629 14:57:09.563903 setsockopt(5, SOL_SOCKET, SO_REUSEADDR, [1], 4) = 0
22629 14:57:09.563915 gettimeofday({1495652229, 563919}, NULL) = 0
22629 14:57:09.563932 bind(5, {sa_family=AF_INET, sin_port=htons(25670), sin_addr=inet_addr("127.0.0.1")}, 16) = 0
22629 14:57:09.563948 listen(5, 1)      = 0
22629 14:57:09.563962 write(4, "Fd\0\0", 4) = 4
22631 14:57:09.563973 <... read resumed> "Fd\0\0", 4) = 4
22631 14:57:09.563987 write(0, "227 Entering Passive Mode (127,0,0,1,100,70).\r\n", 47) = 47
22631 14:57:09.564081 rt_sigaction(SIGALRM, {0x805cad0, ~[RTMIN RT_1], 0}, NULL, 8) = 0
22631 14:57:09.564098 alarm(300)        = 300
22631 14:57:09.564110 recv(0, "STOR myfile27\r\n", 4096, MSG_PEEK) = 15
22631 14:57:09.564123 read(0, "STOR myfile27\r\n", 15) = 15
22631 14:57:09.564139 write(5, "\v", 1) = 1
22631 14:57:09.564150 read(5,  <unfinished ...>
22629 14:57:09.564158 read(4, "\v", 1)  = 1
22629 14:57:09.564170 write(4, "\1\0\0\0", 4) = 4
22631 14:57:09.564181 <... read resumed> "\1\0\0\0", 4) = 4
22631 14:57:09.564190 gettimeofday({1495652229, 564193}, NULL) = 0
22631 14:57:09.564201 getcwd("/home/msfadmin", 4096) = 15
22631 14:57:09.564213 open("myfile27", O_WRONLY|O_CREAT|O_NONBLOCK|O_LARGEFILE, 0666) = 4
22631 14:57:09.564227 fstat64(4, {st_mode=S_IFREG|0644, st_size=17, ...}) = 0
22631 14:57:09.564245 fcntl64(4, F_GETFL) = 0x8801 (flags O_WRONLY|O_NONBLOCK|O_LARGEFILE)
22631 14:57:09.564256 fcntl64(4, F_SETFL, O_WRONLY|O_LARGEFILE) = 0
22631 14:57:09.564266 fcntl64(4, F_SETLKW64, {type=F_WRLCK, whence=SEEK_SET, start=0, len=0}, 0xbffbf9a4) = 0
22631 14:57:09.564282 ftruncate64(4, 0) = 0
22631 14:57:09.564826 _llseek(4, 0, [0], SEEK_SET) = 0
22631 14:57:09.564946 write(5, "\v", 1) = 1
22631 14:57:09.565005 read(5,  <unfinished ...>
22629 14:57:09.565030 read(4, "\v", 1)  = 1
22629 14:57:09.565062 write(4, "\1\0\0\0", 4) = 4
22631 14:57:09.565085 <... read resumed> "\1\0\0\0", 4) = 4
22631 14:57:09.565098 write(5, "\v", 1) = 1
22631 14:57:09.565110 read(5,  <unfinished ...>
22629 14:57:09.565117 read(4, "\v", 1)  = 1
22629 14:57:09.565128 write(4, "\1\0\0\0", 4) = 4
22631 14:57:09.565139 <... read resumed> "\1\0\0\0", 4) = 4
22631 14:57:09.565147 write(5, "\r", 1) = 1
22631 14:57:09.565157 read(5,  <unfinished ...>
22629 14:57:09.565164 read(4, "\r", 1)  = 1
22629 14:57:09.565177 select(6, [5], NULL, NULL, {60, 0}) = 1 (in [5], left {60, 0})
22629 14:57:09.565194 accept(5, {sa_family=AF_INET, sin_port=htons(56284), sin_addr=inet_addr("127.0.0.1")}, [16]) = 6
22629 14:57:09.565217 write(4, "\1", 1) = 1
22631 14:57:09.565228 <... read resumed> "\1", 1) = 1
22631 14:57:09.565238 recvmsg(5,  <unfinished ...>
22629 14:57:09.565248 sendmsg(4, {msg_name(0)=NULL, msg_iov(1)=[{"\0", 1}], msg_controllen=16, {cmsg_len=16, cmsg_level=SOL_SOCKET, cmsg_type=SCM_RIGHTS, {6}}, msg_flags=0}, 0) = 1
22631 14:57:09.565265 <... recvmsg resumed> {msg_name(0)=NULL, msg_iov(1)=[{"\0", 1}], msg_controllen=16, {cmsg_len=16, cmsg_level=SOL_SOCKET, cmsg_type=SCM_RIGHTS, {6}}, msg_flags=0}, 0) = 1
22631 14:57:09.565278 setsockopt(6, SOL_SOCKET, SO_KEEPALIVE, [1], 4) = 0
22631 14:57:09.565291 setsockopt(6, SOL_IP, IP_TOS, [8], 4) = 0
22631 14:57:09.565303 setsockopt(6, SOL_SOCKET, SO_LINGER, {onoff=1, linger=32767}, 8) = 0
22631 14:57:09.565315 rt_sigaction(SIGALRM, {0x805cad0, ~[RTMIN RT_1], 0}, NULL, 8) = 0
22631 14:57:09.565329 alarm(300)        = 300
22631 14:57:09.565342 write(0, "150 Ok to send data.\r\n", 22) = 22
22631 14:57:09.565442 mmap2(NULL, 77824, PROT_READ|PROT_WRITE, MAP_PRIVATE|MAP_ANONYMOUS, -1, 0) = 0xb7d27000
22631 14:57:09.565467 mprotect(0xb7d39000, 4096, PROT_NONE) = 0
22631 14:57:09.565480 mprotect(0xb7d27000, 4096, PROT_NONE) = 0
22631 14:57:09.565490 read(6, "assasaaa\na\na\na\na\n", 65536) = 17
22631 14:57:09.565504 write(4, "assasaaa\na\na\na\na\n", 17) = 17
22631 14:57:09.565521 read(6, "", 65536) = 0
22631 14:57:09.565532 rt_sigaction(SIGALRM, {0x805cad0, ~[RTMIN RT_1], 0}, NULL, 8) = 0
22631 14:57:09.565547 alarm(300)        = 300
22631 14:57:09.565557 close(6)          = 0
22631 14:57:09.565566 alarm(0)          = 300
22631 14:57:09.565576 gettimeofday({1495652229, 565580}, NULL) = 0
22631 14:57:09.565594 getpid()          = 22631
22631 14:57:09.565606 gettimeofday({1495652229, 565610}, NULL) = 0
22631 14:57:09.565627 fcntl64(3, F_SETLKW64, {type=F_WRLCK, whence=SEEK_SET, start=0, len=0}, 0xbffbf944) = 0
22631 14:57:09.565643 write(3, "Wed May 24 14:57:09 2017 [pid 22631] [msfadmin] OK UPLOAD: Client \"127.0.0.1\", \"/home/msfadmin/myfile27\", 17 bytes, 11.72Kbyte/sec\n", 131) = 131
22631 14:57:09.565663 fcntl64(3, F_SETLK64, {type=F_UNLCK, whence=SEEK_SET, start=0, len=0}, 0xbffbf94c) = 0
22631 14:57:09.565678 write(0, "226 Transfer complete.\r\n", 24) = 24
22631 14:57:09.565720 write(5, "\n", 1) = 1
22631 14:57:09.565732 read(5,  <unfinished ...>
22629 14:57:09.565739 close(6)          = 0
22629 14:57:09.565758 read(4, "\n", 1)  = 1
22629 14:57:09.565770 close(5)          = 0
22629 14:57:09.565782 write(4, "\1", 1) = 1
22631 14:57:09.565793 <... read resumed> "\1", 1) = 1
22631 14:57:09.565801 close(4)          = 0
22631 14:57:09.565812 rt_sigaction(SIGALRM, {0x805cad0, ~[RTMIN RT_1], 0}, NULL, 8) = 0
22631 14:57:09.565826 alarm(300)        = 0
22631 14:57:09.565837 recv(0,  <unfinished ...>
22629 14:57:09.565845 read(4,  <unfinished ...>
22622 14:57:09.981225 <... recv resumed> "USER msfadmin\r\n", 4096, MSG_PEEK) = 15
22622 14:57:09.981314 read(0, "USER msfadmin\r\n", 15) = 15
22622 14:57:09.981388 write(0, "331 Any password will do.\r\n", 27) = 27
22622 14:57:09.981467 rt_sigaction(SIGALRM, {0x805cad0, ~[RTMIN RT_1], 0}, NULL, 8) = 0
22622 14:57:09.981497 alarm(300)        = 299
22622 14:57:09.981519 recv(0, "PASS msfadmin\r\n", 4096, MSG_PEEK) = 15
22622 14:57:09.981531 read(0, "PASS msfadmin\r\n", 15) = 15
22622 14:57:09.981548 write(0, "230 Already logged in.\r\n", 24) = 24
22622 14:57:09.981616 rt_sigaction(SIGALRM, {0x805cad0, ~[RTMIN RT_1], 0}, NULL, 8) = 0
22622 14:57:09.981632 alarm(300)        = 300
22622 14:57:09.981643 recv(0, "TYPE I\r\n", 4096, MSG_PEEK) = 8
22622 14:57:09.981655 read(0, "TYPE I\r\n", 8) = 8
22622 14:57:09.981670 write(0, "200 Switching to Binary mode.\r\n", 31) = 31
22622 14:57:09.981706 rt_sigaction(SIGALRM, {0x805cad0, ~[RTMIN RT_1], 0}, NULL, 8) = 0
22622 14:57:09.981721 alarm(300)        = 300
22622 14:57:09.981732 recv(0, "PASV\r\n", 4096, MSG_PEEK) = 6
22622 14:57:09.981743 read(0, "PASV\r\n", 6) = 6
22622 14:57:09.981756 write(5, "\n", 1 <unfinished ...>
22620 14:57:09.981767 <... read resumed> "\n", 1) = 1
22622 14:57:09.981773 <... write resumed> ) = 1
22620 14:57:09.981781 write(4, "\1", 1) = 1
22620 14:57:09.981792 read(4,  <unfinished ...>
22622 14:57:09.981799 read(5, "\1", 1)  = 1
22622 14:57:09.981811 write(5, "\f", 1 <unfinished ...>
22620 14:57:09.981819 <... read resumed> "\f", 1) = 1
22622 14:57:09.981824 <... write resumed> ) = 1
22620 14:57:09.981831 socket(PF_INET, SOCK_STREAM, IPPROTO_TCP) = 5
22620 14:57:09.981847 setsockopt(5, SOL_SOCKET, SO_REUSEADDR, [1], 4) = 0
22620 14:57:09.981862 bind(5, {sa_family=AF_INET, sin_port=htons(31152), sin_addr=inet_addr("127.0.0.1")}, 16) = 0
22620 14:57:09.981878 listen(5, 1)      = 0
22620 14:57:09.981892 write(4, "\260y\0\0", 4) = 4
22620 14:57:09.981904 read(4,  <unfinished ...>
22622 14:57:09.981911 read(5, "\260y\0\0", 4) = 4
22622 14:57:09.981928 write(0, "227 Entering Passive Mode (127,0,0,1,121,176).\r\n", 48) = 48
22622 14:57:09.982039 rt_sigaction(SIGALRM, {0x805cad0, ~[RTMIN RT_1], 0}, NULL, 8) = 0
22622 14:57:09.982226 alarm(300)        = 300
22622 14:57:09.982239 recv(0, "RETR myfile14\r\n", 4096, MSG_PEEK) = 15
22622 14:57:09.982251 read(0, "RETR myfile14\r\n", 15) = 15
22622 14:57:09.982265 write(5, "\v", 1 <unfinished ...>
22620 14:57:09.982274 <... read resumed> "\v", 1) = 1
22622 14:57:09.982279 <... write resumed> ) = 1
22620 14:57:09.982285 write(4, "\1\0\0\0", 4) = 4
22620 14:57:09.982297 read(4,  <unfinished ...>
22622 14:57:09.982303 read(5, "\1\0\0\0", 4) = 4
22622 14:57:09.982316 gettimeofday({1495652229, 982320}, NULL) = 0
22622 14:57:09.982327 getcwd("/home/msfadmin", 4096) = 15
22622 14:57:09.982340 open("myfile14", O_RDONLY|O_NONBLOCK|O_LARGEFILE) = 4
22622 14:57:09.982354 fcntl64(4, F_SETLKW64, {type=F_RDLCK, whence=SEEK_SET, start=0, len=0}, 0xbfc6fe84) = 0
22622 14:57:09.982370 fstat64(4, {st_mode=S_IFREG|0644, st_size=17, ...}) = 0
22622 14:57:09.982388 fcntl64(4, F_GETFL) = 0x8800 (flags O_RDONLY|O_NONBLOCK|O_LARGEFILE)
22622 14:57:09.982399 fcntl64(4, F_SETFL, O_RDONLY|O_LARGEFILE) = 0
22622 14:57:09.982410 write(5, "\v", 1 <unfinished ...>
22620 14:57:09.982419 <... read resumed> "\v", 1) = 1
22622 14:57:09.982424 <... write resumed> ) = 1
22620 14:57:09.982430 write(4, "\1\0\0\0", 4) = 4
22620 14:57:09.982441 read(4,  <unfinished ...>
22622 14:57:09.982448 read(5, "\1\0\0\0", 4) = 4
22622 14:57:09.982460 write(5, "\v", 1 <unfinished ...>
22620 14:57:09.982467 <... read resumed> "\v", 1) = 1
22622 14:57:09.982472 <... write resumed> ) = 1
22620 14:57:09.982478 write(4, "\1\0\0\0", 4) = 4
22620 14:57:09.982489 read(4,  <unfinished ...>
22622 14:57:09.982496 read(5, "\1\0\0\0", 4) = 4
22622 14:57:09.982507 write(5, "\r", 1 <unfinished ...>
22620 14:57:09.982515 <... read resumed> "\r", 1) = 1
22622 14:57:09.982519 <... write resumed> ) = 1
22620 14:57:09.982527 select(6, [5], NULL, NULL, {60, 0}) = 1 (in [5], left {60, 0})
22620 14:57:09.982543 accept(5, {sa_family=AF_INET, sin_port=htons(47535), sin_addr=inet_addr("127.0.0.1")}, [16]) = 6
22620 14:57:09.982565 write(4, "\1", 1) = 1
22620 14:57:09.982578 sendmsg(4, {msg_name(0)=NULL, msg_iov(1)=[{"\0", 1}], msg_controllen=16, {cmsg_len=16, cmsg_level=SOL_SOCKET, cmsg_type=SCM_RIGHTS, {6}}, msg_flags=0}, 0) = 1
22620 14:57:09.982595 close(6)          = 0
22620 14:57:09.982605 read(4,  <unfinished ...>
22622 14:57:09.982612 read(5, "\1", 1)  = 1
22622 14:57:09.982625 recvmsg(5, {msg_name(0)=NULL, msg_iov(1)=[{"\0", 1}], msg_controllen=16, {cmsg_len=16, cmsg_level=SOL_SOCKET, cmsg_type=SCM_RIGHTS, {6}}, msg_flags=0}, 0) = 1
22622 14:57:09.982644 setsockopt(6, SOL_SOCKET, SO_KEEPALIVE, [1], 4) = 0
22622 14:57:09.982656 setsockopt(6, SOL_IP, IP_TOS, [8], 4) = 0
22622 14:57:09.982668 setsockopt(6, SOL_SOCKET, SO_LINGER, {onoff=1, linger=32767}, 8) = 0
22622 14:57:09.982680 rt_sigaction(SIGALRM, {0x805cad0, ~[RTMIN RT_1], 0}, NULL, 8) = 0
22622 14:57:09.982693 alarm(300)        = 300
22622 14:57:09.982707 write(0, "150 Opening BINARY mode data connection for myfile14 (17 bytes).\r\n", 66) = 66
22622 14:57:09.982749 _llseek(4, 0, [0], SEEK_CUR) = 0
22622 14:57:09.982762 fstat64(4, {st_mode=S_IFREG|0644, st_size=17, ...}) = 0
22622 14:57:09.982779 _llseek(4, 0, [0], SEEK_SET) = 0
22622 14:57:09.982790 sendfile(6, 4, NULL, 17) = 17
22622 14:57:09.982821 rt_sigaction(SIGALRM, {0x805cad0, ~[RTMIN RT_1], 0}, NULL, 8) = 0
22622 14:57:09.982836 alarm(300)        = 300
22622 14:57:09.982846 close(6)          = 0
22622 14:57:09.982882 alarm(0)          = 300
22622 14:57:09.982893 gettimeofday({1495652229, 982897}, NULL) = 0
22622 14:57:09.982909 gettimeofday({1495652229, 982913}, NULL) = 0
22622 14:57:09.982924 fcntl64(3, F_SETLKW64, {type=F_WRLCK, whence=SEEK_SET, start=0, len=0}, 0xbfc6fe24) = 0
22622 14:57:09.982939 write(3, "Wed May 24 14:57:09 2017 [pid 22622] [msfadmin] OK DOWNLOAD: Client \"127.0.0.1\", \"/home/msfadmin/myfile14\", 17 bytes, 28.00Kbyte/sec\n", 133) = 133
22622 14:57:09.982961 fcntl64(3, F_SETLK64, {type=F_UNLCK, whence=SEEK_SET, start=0, len=0}, 0xbfc6fe2c) = 0
22622 14:57:09.982975 write(0, "226 Transfer complete.\r\n", 24) = 24
22622 14:57:09.983045 write(5, "\n", 1 <unfinished ...>
22620 14:57:09.983055 <... read resumed> "\n", 1) = 1
22622 14:57:09.983060 <... write resumed> ) = 1
22620 14:57:09.983067 close(5)          = 0
22620 14:57:09.983079 write(4, "\1", 1) = 1
22620 14:57:09.983091 read(4,  <unfinished ...>
22622 14:57:09.983098 read(5, "\1", 1)  = 1
22622 14:57:09.983109 close(4)          = 0
22622 14:57:09.983121 rt_sigaction(SIGALRM, {0x805cad0, ~[RTMIN RT_1], 0}, NULL, 8) = 0
22622 14:57:09.983176 alarm(300)        = 0
22622 14:57:09.983200 recv(0,  <unfinished ...>
22631 14:57:10.110454 <... recv resumed> "TYPE I\r\n", 4096, MSG_PEEK) = 8
22631 14:57:10.110486 read(0, "TYPE I\r\n", 8) = 8
22631 14:57:10.110508 write(0, "200 Switching to Binary mode.\r\n", 31) = 31
22631 14:57:10.110557 rt_sigaction(SIGALRM, {0x805cad0, ~[RTMIN RT_1], 0}, NULL, 8) = 0
22631 14:57:10.110574 alarm(300)        = 299
22631 14:57:10.110588 recv(0, "PASV\r\n", 4096, MSG_PEEK) = 6
22631 14:57:10.110600 read(0, "PASV\r\n", 6) = 6
22631 14:57:10.110613 write(5, "\n", 1) = 1
22631 14:57:10.110626 read(5,  <unfinished ...>
22629 14:57:10.110635 <... read resumed> "\n", 1) = 1
22629 14:57:10.110644 write(4, "\1", 1) = 1
22631 14:57:10.110656 <... read resumed> "\1", 1) = 1
22631 14:57:10.110663 write(5, "\f", 1) = 1
22631 14:57:10.110674 read(5,  <unfinished ...>
22629 14:57:10.110681 read(4, "\f", 1)  = 1
22629 14:57:10.110693 socket(PF_INET, SOCK_STREAM, IPPROTO_TCP) = 5
22629 14:57:10.110710 setsockopt(5, SOL_SOCKET, SO_REUSEADDR, [1], 4) = 0
22629 14:57:10.110725 bind(5, {sa_family=AF_INET, sin_port=htons(39435), sin_addr=inet_addr("127.0.0.1")}, 16) = 0
22629 14:57:10.110742 listen(5, 1)      = 0
22629 14:57:10.110756 write(4, "\v\232\0\0", 4) = 4
22631 14:57:10.110767 <... read resumed> "\v\232\0\0", 4) = 4
22631 14:57:10.110779 write(0, "227 Entering Passive Mode (127,0,0,1,154,11).\r\n", 47) = 47
22631 14:57:10.110890 rt_sigaction(SIGALRM, {0x805cad0, ~[RTMIN RT_1], 0}, NULL, 8) = 0
22631 14:57:10.110908 alarm(300)        = 300
22631 14:57:10.110920 recv(0, "STOR myfile28\r\n", 4096, MSG_PEEK) = 15
22631 14:57:10.110932 read(0, "STOR myfile28\r\n", 15) = 15
22631 14:57:10.110946 write(5, "\v", 1) = 1
22631 14:57:10.110958 read(5,  <unfinished ...>
22629 14:57:10.110965 read(4, "\v", 1)  = 1
22629 14:57:10.110977 write(4, "\1\0\0\0", 4) = 4
22631 14:57:10.110988 <... read resumed> "\1\0\0\0", 4) = 4
22631 14:57:10.110996 gettimeofday({1495652230, 111000}, NULL) = 0
22631 14:57:10.111007 getcwd("/home/msfadmin", 4096) = 15
22631 14:57:10.111020 open("myfile28", O_WRONLY|O_CREAT|O_NONBLOCK|O_LARGEFILE, 0666) = 4
22631 14:57:10.111035 fstat64(4, {st_mode=S_IFREG|0644, st_size=17, ...}) = 0
22631 14:57:10.111053 fcntl64(4, F_GETFL) = 0x8801 (flags O_WRONLY|O_NONBLOCK|O_LARGEFILE)
22631 14:57:10.111065 fcntl64(4, F_SETFL, O_WRONLY|O_LARGEFILE) = 0
22631 14:57:10.111075 fcntl64(4, F_SETLKW64, {type=F_WRLCK, whence=SEEK_SET, start=0, len=0}, 0xbffbf9a4) = 0
22631 14:57:10.111090 ftruncate64(4, 0) = 0
22631 14:57:10.111110 _llseek(4, 0, [0], SEEK_SET) = 0
22631 14:57:10.111121 write(5, "\v", 1) = 1
22631 14:57:10.111132 read(5,  <unfinished ...>
22629 14:57:10.111140 read(4, "\v", 1)  = 1
22629 14:57:10.111151 write(4, "\1\0\0\0", 4) = 4
22631 14:57:10.111162 <... read resumed> "\1\0\0\0", 4) = 4
22631 14:57:10.111170 write(5, "\v", 1) = 1
22631 14:57:10.111181 read(5,  <unfinished ...>
22629 14:57:10.111216 read(4, "\v", 1)  = 1
22629 14:57:10.111239 write(4, "\1\0\0\0", 4) = 4
22631 14:57:10.111250 <... read resumed> "\1\0\0\0", 4) = 4
22631 14:57:10.111258 write(5, "\r", 1) = 1
22631 14:57:10.111268 read(5,  <unfinished ...>
22629 14:57:10.111275 read(4, "\r", 1)  = 1
22629 14:57:10.111288 select(6, [5], NULL, NULL, {60, 0}) = 1 (in [5], left {60, 0})
22629 14:57:10.111305 accept(5, {sa_family=AF_INET, sin_port=htons(51966), sin_addr=inet_addr("127.0.0.1")}, [16]) = 6
22629 14:57:10.111328 write(4, "\1", 1) = 1
22631 14:57:10.111339 <... read resumed> "\1", 1) = 1
22631 14:57:10.111348 recvmsg(5,  <unfinished ...>
22629 14:57:10.111357 sendmsg(4, {msg_name(0)=NULL, msg_iov(1)=[{"\0", 1}], msg_controllen=16, {cmsg_len=16, cmsg_level=SOL_SOCKET, cmsg_type=SCM_RIGHTS, {6}}, msg_flags=0}, 0) = 1
22631 14:57:10.111381 <... recvmsg resumed> {msg_name(0)=NULL, msg_iov(1)=[{"\0", 1}], msg_controllen=16, {cmsg_len=16, cmsg_level=SOL_SOCKET, cmsg_type=SCM_RIGHTS, {6}}, msg_flags=0}, 0) = 1
22631 14:57:10.111395 setsockopt(6, SOL_SOCKET, SO_KEEPALIVE, [1], 4) = 0
22631 14:57:10.111407 setsockopt(6, SOL_IP, IP_TOS, [8], 4) = 0
22631 14:57:10.111420 setsockopt(6, SOL_SOCKET, SO_LINGER, {onoff=1, linger=32767}, 8) = 0
22631 14:57:10.111432 rt_sigaction(SIGALRM, {0x805cad0, ~[RTMIN RT_1], 0}, NULL, 8) = 0
22631 14:57:10.111445 alarm(300)        = 300
22631 14:57:10.111458 write(0, "150 Ok to send data.\r\n", 22) = 22
22631 14:57:10.111526 read(6, "assasaaa\na\na\na\na\n", 65536) = 17
22631 14:57:10.111541 write(4, "assasaaa\na\na\na\na\n", 17) = 17
22631 14:57:10.111558 read(6, "", 65536) = 0
22631 14:57:10.111569 rt_sigaction(SIGALRM, {0x805cad0, ~[RTMIN RT_1], 0}, NULL, 8) = 0
22631 14:57:10.111583 alarm(300)        = 300
22631 14:57:10.111593 close(6)          = 0
22631 14:57:10.111603 alarm(0)          = 300
22631 14:57:10.111613 gettimeofday({1495652230, 111617}, NULL) = 0
22631 14:57:10.111629 gettimeofday({1495652230, 111633}, NULL) = 0
22631 14:57:10.111644 fcntl64(3, F_SETLKW64, {type=F_WRLCK, whence=SEEK_SET, start=0, len=0}, 0xbffbf944) = 0
22631 14:57:10.111659 write(3, "Wed May 24 14:57:10 2017 [pid 22631] [msfadmin] OK UPLOAD: Client \"127.0.0.1\", \"/home/msfadmin/myfile28\", 17 bytes, 26.23Kbyte/sec\n", 131) = 131
22631 14:57:10.111681 fcntl64(3, F_SETLK64, {type=F_UNLCK, whence=SEEK_SET, start=0, len=0}, 0xbffbf94c) = 0
22631 14:57:10.111696 write(0, "226 Transfer complete.\r\n", 24) = 24
22631 14:57:10.111739 write(5, "\n", 1) = 1
22631 14:57:10.111752 read(5,  <unfinished ...>
22629 14:57:10.111759 close(6)          = 0
22629 14:57:10.111778 read(4, "\n", 1)  = 1
22629 14:57:10.111791 close(5)          = 0
22629 14:57:10.111803 write(4, "\1", 1) = 1
22631 14:57:10.111814 <... read resumed> "\1", 1) = 1
22631 14:57:10.111821 close(4)          = 0
22631 14:57:10.111833 rt_sigaction(SIGALRM, {0x805cad0, ~[RTMIN RT_1], 0}, NULL, 8) = 0
22631 14:57:10.111846 alarm(300)        = 0
22631 14:57:10.111858 recv(0,  <unfinished ...>
22629 14:57:10.111865 read(4,  <unfinished ...>
22622 14:57:10.520453 <... recv resumed> "USER msfadmin\r\n", 4096, MSG_PEEK) = 15
22622 14:57:10.520492 read(0, "USER msfadmin\r\n", 15) = 15
22622 14:57:10.520522 write(0, "331 Any password will do.\r\n", 27) = 27
22622 14:57:10.520567 rt_sigaction(SIGALRM, {0x805cad0, ~[RTMIN RT_1], 0}, NULL, 8) = 0
22622 14:57:10.520586 alarm(300)        = 299
22622 14:57:10.520599 recv(0, "PASS msfadmin\r\n", 4096, MSG_PEEK) = 15
22622 14:57:10.520611 read(0, "PASS msfadmin\r\n", 15) = 15
22622 14:57:10.520627 write(0, "230 Already logged in.\r\n", 24) = 24
22622 14:57:10.520690 rt_sigaction(SIGALRM, {0x805cad0, ~[RTMIN RT_1], 0}, NULL, 8) = 0
22622 14:57:10.520706 alarm(300)        = 300
22622 14:57:10.520717 recv(0, "TYPE I\r\n", 4096, MSG_PEEK) = 8
22622 14:57:10.520729 read(0, "TYPE I\r\n", 8) = 8
22622 14:57:10.520744 write(0, "200 Switching to Binary mode.\r\n", 31) = 31
22622 14:57:10.520780 rt_sigaction(SIGALRM, {0x805cad0, ~[RTMIN RT_1], 0}, NULL, 8) = 0
22622 14:57:10.520794 alarm(300)        = 300
22622 14:57:10.520806 recv(0, "PASV\r\n", 4096, MSG_PEEK) = 6
22622 14:57:10.520817 read(0, "PASV\r\n", 6) = 6
22622 14:57:10.520829 write(5, "\n", 1 <unfinished ...>
22620 14:57:10.520842 <... read resumed> "\n", 1) = 1
22622 14:57:10.520847 <... write resumed> ) = 1
22620 14:57:10.520855 write(4, "\1", 1) = 1
22620 14:57:10.520866 read(4,  <unfinished ...>
22622 14:57:10.520874 read(5, "\1", 1)  = 1
22622 14:57:10.520886 write(5, "\f", 1 <unfinished ...>
22620 14:57:10.520893 <... read resumed> "\f", 1) = 1
22622 14:57:10.520898 <... write resumed> ) = 1
22620 14:57:10.520905 socket(PF_INET, SOCK_STREAM, IPPROTO_TCP) = 5
22620 14:57:10.520921 setsockopt(5, SOL_SOCKET, SO_REUSEADDR, [1], 4) = 0
22620 14:57:10.520943 bind(5, {sa_family=AF_INET, sin_port=htons(30431), sin_addr=inet_addr("127.0.0.1")}, 16) = 0
22620 14:57:10.520960 listen(5, 1)      = 0
22620 14:57:10.520974 write(4, "\337v\0\0", 4) = 4
22620 14:57:10.520986 read(4,  <unfinished ...>
22622 14:57:10.520993 read(5, "\337v\0\0", 4) = 4
22622 14:57:10.521010 write(0, "227 Entering Passive Mode (127,0,0,1,118,223).\r\n", 48) = 48
22622 14:57:10.521121 rt_sigaction(SIGALRM, {0x805cad0, ~[RTMIN RT_1], 0}, NULL, 8) = 0
22622 14:57:10.521138 alarm(300)        = 300
22622 14:57:10.521149 recv(0, "RETR myfile15\r\n", 4096, MSG_PEEK) = 15
22622 14:57:10.521162 read(0, "RETR myfile15\r\n", 15) = 15
22622 14:57:10.521175 write(5, "\v", 1 <unfinished ...>
22620 14:57:10.521243 <... read resumed> "\v", 1) = 1
22622 14:57:10.521253 <... write resumed> ) = 1
22620 14:57:10.521263 write(4, "\1\0\0\0", 4) = 4
22620 14:57:10.521284 read(4,  <unfinished ...>
22622 14:57:10.521292 read(5, "\1\0\0\0", 4) = 4
22622 14:57:10.521304 gettimeofday({1495652230, 521308}, NULL) = 0
22622 14:57:10.521316 getcwd("/home/msfadmin", 4096) = 15
22622 14:57:10.521329 open("myfile15", O_RDONLY|O_NONBLOCK|O_LARGEFILE) = 4
22622 14:57:10.521343 fcntl64(4, F_SETLKW64, {type=F_RDLCK, whence=SEEK_SET, start=0, len=0}, 0xbfc6fe84) = 0
22622 14:57:10.521359 fstat64(4, {st_mode=S_IFREG|0644, st_size=17, ...}) = 0
22622 14:57:10.521376 fcntl64(4, F_GETFL) = 0x8800 (flags O_RDONLY|O_NONBLOCK|O_LARGEFILE)
22622 14:57:10.521387 fcntl64(4, F_SETFL, O_RDONLY|O_LARGEFILE) = 0
22622 14:57:10.521398 write(5, "\v", 1 <unfinished ...>
22620 14:57:10.521407 <... read resumed> "\v", 1) = 1
22622 14:57:10.521412 <... write resumed> ) = 1
22620 14:57:10.521418 write(4, "\1\0\0\0", 4) = 4
22620 14:57:10.521429 read(4,  <unfinished ...>
22622 14:57:10.521436 read(5, "\1\0\0\0", 4) = 4
22622 14:57:10.521448 write(5, "\v", 1 <unfinished ...>
22620 14:57:10.521455 <... read resumed> "\v", 1) = 1
22622 14:57:10.521460 <... write resumed> ) = 1
22620 14:57:10.521466 write(4, "\1\0\0\0", 4) = 4
22620 14:57:10.521477 read(4,  <unfinished ...>
22622 14:57:10.521484 read(5, "\1\0\0\0", 4) = 4
22622 14:57:10.521496 write(5, "\r", 1 <unfinished ...>
22620 14:57:10.521503 <... read resumed> "\r", 1) = 1
22622 14:57:10.521508 <... write resumed> ) = 1
22620 14:57:10.521515 select(6, [5], NULL, NULL, {60, 0}) = 1 (in [5], left {60, 0})
22620 14:57:10.521532 accept(5, {sa_family=AF_INET, sin_port=htons(56772), sin_addr=inet_addr("127.0.0.1")}, [16]) = 6
22620 14:57:10.521554 write(4, "\1", 1) = 1
22620 14:57:10.521567 sendmsg(4, {msg_name(0)=NULL, msg_iov(1)=[{"\0", 1}], msg_controllen=16, {cmsg_len=16, cmsg_level=SOL_SOCKET, cmsg_type=SCM_RIGHTS, {6}}, msg_flags=0}, 0) = 1
22620 14:57:10.521584 close(6)          = 0
22620 14:57:10.521594 read(4,  <unfinished ...>
22622 14:57:10.521601 read(5, "\1", 1)  = 1
22622 14:57:10.521614 recvmsg(5, {msg_name(0)=NULL, msg_iov(1)=[{"\0", 1}], msg_controllen=16, {cmsg_len=16, cmsg_level=SOL_SOCKET, cmsg_type=SCM_RIGHTS, {6}}, msg_flags=0}, 0) = 1
22622 14:57:10.521632 setsockopt(6, SOL_SOCKET, SO_KEEPALIVE, [1], 4) = 0
22622 14:57:10.521645 setsockopt(6, SOL_IP, IP_TOS, [8], 4) = 0
22622 14:57:10.521657 setsockopt(6, SOL_SOCKET, SO_LINGER, {onoff=1, linger=32767}, 8) = 0
22622 14:57:10.521669 rt_sigaction(SIGALRM, {0x805cad0, ~[RTMIN RT_1], 0}, NULL, 8) = 0
22622 14:57:10.521682 alarm(300)        = 300
22622 14:57:10.521696 write(0, "150 Opening BINARY mode data connection for myfile15 (17 bytes).\r\n", 66) = 66
22622 14:57:10.521738 _llseek(4, 0, [0], SEEK_CUR) = 0
22622 14:57:10.521750 fstat64(4, {st_mode=S_IFREG|0644, st_size=17, ...}) = 0
22622 14:57:10.521768 _llseek(4, 0, [0], SEEK_SET) = 0
22622 14:57:10.521779 sendfile(6, 4, NULL, 17) = 17
22622 14:57:10.521809 rt_sigaction(SIGALRM, {0x805cad0, ~[RTMIN RT_1], 0}, NULL, 8) = 0
22622 14:57:10.521823 alarm(300)        = 300
22622 14:57:10.521833 close(6)          = 0
22622 14:57:10.521869 alarm(0)          = 300
22622 14:57:10.521880 gettimeofday({1495652230, 521884}, NULL) = 0
22622 14:57:10.521896 gettimeofday({1495652230, 521905}, NULL) = 0
22622 14:57:10.521916 fcntl64(3, F_SETLKW64, {type=F_WRLCK, whence=SEEK_SET, start=0, len=0}, 0xbfc6fe24) = 0
22622 14:57:10.521932 write(3, "Wed May 24 14:57:10 2017 [pid 22622] [msfadmin] OK DOWNLOAD: Client \"127.0.0.1\", \"/home/msfadmin/myfile15\", 17 bytes, 27.81Kbyte/sec\n", 133) = 133
22622 14:57:10.521954 fcntl64(3, F_SETLK64, {type=F_UNLCK, whence=SEEK_SET, start=0, len=0}, 0xbfc6fe2c) = 0
22622 14:57:10.521968 write(0, "226 Transfer complete.\r\n", 24) = 24
22622 14:57:10.522033 write(5, "\n", 1 <unfinished ...>
22620 14:57:10.522043 <... read resumed> "\n", 1) = 1
22622 14:57:10.522049 <... write resumed> ) = 1
22620 14:57:10.522055 close(5)          = 0
22620 14:57:10.522067 write(4, "\1", 1) = 1
22620 14:57:10.522079 read(4,  <unfinished ...>
22622 14:57:10.522086 read(5, "\1", 1)  = 1
22622 14:57:10.522098 close(4)          = 0
22622 14:57:10.522109 rt_sigaction(SIGALRM, {0x805cad0, ~[RTMIN RT_1], 0}, NULL, 8) = 0
22622 14:57:10.522123 alarm(300)        = 0
22622 14:57:10.522134 recv(0,  <unfinished ...>
22631 14:57:10.651555 <... recv resumed> "TYPE I\r\n", 4096, MSG_PEEK) = 8
22631 14:57:10.651808 read(0, "TYPE I\r\n", 8) = 8
22631 14:57:10.652000 write(0, "200 Switching to Binary mode.\r\n", 31) = 31
22631 14:57:10.652141 rt_sigaction(SIGALRM, {0x805cad0, ~[RTMIN RT_1], 0}, NULL, 8) = 0
22631 14:57:10.652184 alarm(300)        = 299
22631 14:57:10.652215 recv(0, "PASV\r\n", 4096, MSG_PEEK) = 6
22631 14:57:10.652237 read(0, "PASV\r\n", 6) = 6
22631 14:57:10.652254 write(5, "\n", 1) = 1
22631 14:57:10.652267 read(5,  <unfinished ...>
22629 14:57:10.652276 <... read resumed> "\n", 1) = 1
22629 14:57:10.652285 write(4, "\1", 1) = 1
22631 14:57:10.652297 <... read resumed> "\1", 1) = 1
22631 14:57:10.652304 write(5, "\f", 1) = 1
22631 14:57:10.652315 read(5,  <unfinished ...>
22629 14:57:10.652322 read(4, "\f", 1)  = 1
22629 14:57:10.652335 socket(PF_INET, SOCK_STREAM, IPPROTO_TCP) = 5
22629 14:57:10.652351 setsockopt(5, SOL_SOCKET, SO_REUSEADDR, [1], 4) = 0
22629 14:57:10.652366 bind(5, {sa_family=AF_INET, sin_port=htons(23533), sin_addr=inet_addr("127.0.0.1")}, 16) = 0
22629 14:57:10.652383 listen(5, 1)      = 0
22629 14:57:10.652397 write(4, "\355[\0\0", 4) = 4
22631 14:57:10.652408 <... read resumed> "\355[\0\0", 4) = 4
22631 14:57:10.652421 write(0, "227 Entering Passive Mode (127,0,0,1,91,237).\r\n", 47) = 47
22631 14:57:10.652535 rt_sigaction(SIGALRM, {0x805cad0, ~[RTMIN RT_1], 0}, NULL, 8) = 0
22631 14:57:10.652552 alarm(300)        = 300
22631 14:57:10.652564 recv(0, "STOR myfile29\r\n", 4096, MSG_PEEK) = 15
22631 14:57:10.652577 read(0, "STOR myfile29\r\n", 15) = 15
22631 14:57:10.652591 write(5, "\v", 1) = 1
22631 14:57:10.652602 read(5,  <unfinished ...>
22629 14:57:10.652609 read(4, "\v", 1)  = 1
22629 14:57:10.652621 write(4, "\1\0\0\0", 4) = 4
22631 14:57:10.652632 <... read resumed> "\1\0\0\0", 4) = 4
22631 14:57:10.652641 gettimeofday({1495652230, 652645}, NULL) = 0
22631 14:57:10.652652 getcwd("/home/msfadmin", 4096) = 15
22631 14:57:10.652691 open("myfile29", O_WRONLY|O_CREAT|O_NONBLOCK|O_LARGEFILE, 0666) = 4
