23491 15:06:04.844737 read(6, "#\n# /etc/pam.d/common-auth - authentication settings common to all services\n#\n# This file is included from other service-specific PAM config files,\n# and should contain a list of the authentication modules that define\n# the central authentication scheme for use on the system\n# (e.g., /etc/shadow, LDAP, Kerberos, etc.).  The default is to use the\n# traditional Unix authentication mechanisms.\n#\nauth\trequisite\tpam_unix.so nullok_secure\n# auth\toptional\tpam_smbpass.so migrate\n", 4096) = 476
23491 15:06:04.844784 read(6, "", 4096) = 0
23491 15:06:04.844795 close(6)          = 0
23491 15:06:04.844805 munmap(0xb7f54000, 4096) = 0
23491 15:06:04.844816 stat64("/etc/pam.d", {st_mode=S_IFDIR|0755, st_size=4096, ...}) = 0
23491 15:06:04.844844 open("/etc/pam.d/common-account", O_RDONLY|O_LARGEFILE) = 6
23491 15:06:04.844857 fstat64(6, {st_mode=S_IFREG|0644, st_size=392, ...}) = 0
23491 15:06:04.844874 mmap2(NULL, 4096, PROT_READ|PROT_WRITE, MAP_PRIVATE|MAP_ANONYMOUS, -1, 0) = 0xb7f54000
23491 15:06:04.844884 read(6, "#\n# /etc/pam.d/common-account - authorization settings common to all services\n#\n# This file is included from other service-specific PAM config files,\n# and should contain a list of the authorization modules that define\n# the central access policy for use on the system.  The default is to\n# only deny service to users whose accounts are expired in /etc/shadow.\n#\naccount\trequired\tpam_unix.so\n", 4096) = 392
23491 15:06:04.844923 read(6, "", 4096) = 0
23491 15:06:04.844932 close(6)          = 0
23491 15:06:04.844942 munmap(0xb7f54000, 4096) = 0
23491 15:06:04.844953 stat64("/etc/pam.d", {st_mode=S_IFDIR|0755, st_size=4096, ...}) = 0
23491 15:06:04.844971 open("/etc/pam.d/common-password", O_RDONLY|O_LARGEFILE) = 6
23491 15:06:04.844984 fstat64(6, {st_mode=S_IFREG|0644, st_size=1563, ...}) = 0
23491 15:06:04.845000 mmap2(NULL, 4096, PROT_READ|PROT_WRITE, MAP_PRIVATE|MAP_ANONYMOUS, -1, 0) = 0xb7f54000
23491 15:06:04.845011 read(6, "#\n# /etc/pam.d/common-password - password-related modules common to all services\n#\n# This file is included from other service-specific PAM config files,\n# and should contain a list of modules that define the services to be\n# used to change user passwords.  The default is pam_unix.\n\n# Explanation of pam_unix options:\n#\n# The \"nullok\" option allows users to change an empty password, else\n# empty passwords are treated as locked accounts.\n#\n# The \"md5\" option enables MD5 passwords.  Without this option, the\n# default is Unix crypt.\n#\n# The \"obscure\" option replaces the old `OBSCURE_CHECKS_ENAB\' option in\n# login.defs.\n#\n# You can also use the \"min\" option to enforce the length of the new\n# password.\n#\n# See the pam_unix manpage for other options.\n\npassword   requisite   pam_unix.so nullok obscure md5\n\n# Alternate strength checking for password. Note that this\n# requires the libpam-cracklib package to be installed.\n# You will need to comment out the password line above and\n# uncomment the next two in order to use this.\n# (Replaces the `OBSCURE_CHECKS_ENAB\', `CRACKLIB_DICTPATH\')\n#\n# password required\t  pam_cracklib.so retry=3 minlen=6 difok=3\n# password required\t  pam_unix.so use_authtok nullok md5\n\n# minimally-intrusive inclusion of smbpass in the stack for\n# synchronization.  If the module is absent or the passwords don\'t\n# match, this module will be ignored without prompting; and if the \n# passwords do match, the NTLM hash for the user will be updated\n# automatically.\n# password   optional   pam_smbpass.so nullok use_authtok use_first_pass\n", 4096) = 1563
23491 15:06:04.845036 read(6, "", 4096) = 0
23491 15:06:04.845036 close(6)          = 0
23491 15:06:04.845037 munmap(0xb7f54000, 4096) = 0
23491 15:06:04.845037 stat64("/etc/pam.d", {st_mode=S_IFDIR|0755, st_size=4096, ...}) = 0
23491 15:06:04.845037 open("/etc/pam.d/common-session", O_RDONLY|O_LARGEFILE) = 6
23491 15:06:04.845037 fstat64(6, {st_mode=S_IFREG|0644, st_size=372, ...}) = 0
23491 15:06:04.845051 mmap2(NULL, 4096, PROT_READ|PROT_WRITE, MAP_PRIVATE|MAP_ANONYMOUS, -1, 0) = 0xb7f54000
23491 15:06:04.845062 read(6, "#\n# /etc/pam.d/common-session - session-related modules common to all services\n#\n# This file is included from other service-specific PAM config files,\n# and should contain a list of modules that define tasks to be performed\n# at the start and end of sessions of *any* kind (both interactive and\n# non-interactive).  The default is pam_unix.\n#\nsession\trequired\tpam_unix.so\n", 4096) = 372
23491 15:06:04.845111 read(6, "", 4096) = 0
23491 15:06:04.845121 close(6)          = 0
23491 15:06:04.845130 munmap(0xb7f54000, 4096) = 0
23491 15:06:04.845141 read(5, "", 4096) = 0
23491 15:06:04.845150 close(5)          = 0
23491 15:06:04.845160 munmap(0xb7f5a000, 4096) = 0
23491 15:06:04.845172 time(NULL)        = 1495652764
23491 15:06:04.845184 lstat64("/etc/ftpusers", {st_mode=S_IFREG|0644, st_size=132, ...}) = 0
23491 15:06:04.845203 open("/etc/ftpusers", O_RDONLY|O_LARGEFILE) = 5
23491 15:06:04.845215 fstat64(5, {st_mode=S_IFREG|0644, st_size=132, ...}) = 0
23491 15:06:04.845260 mmap2(NULL, 4096, PROT_READ|PROT_WRITE, MAP_PRIVATE|MAP_ANONYMOUS, -1, 0) = 0xb7f5a000
23491 15:06:04.845283 read(5, "# /etc/ftpusers: list of users disallowed FTP access. See ftpusers(5).\n\nroot\ndaemon\nbin\nsys\nsync\ngames\nman\nlp\nmail\nnews\nuucp\nnobody\n", 4096) = 132
23491 15:06:04.845305 read(5, "", 4096) = 0
23491 15:06:04.845315 close(5)          = 0
23491 15:06:04.845324 munmap(0xb7f5a000, 4096) = 0
23491 15:06:04.845341 getuid32()        = 0
23491 15:06:04.845358 open("/etc/passwd", O_RDONLY|0x80000 /* O_??? */) = 5
23491 15:06:04.845373 _llseek(5, 0, [0], SEEK_CUR) = 0
23491 15:06:04.845385 fstat64(5, {st_mode=S_IFREG|0644, st_size=1624, ...}) = 0
23491 15:06:04.845401 mmap2(NULL, 1624, PROT_READ, MAP_SHARED, 5, 0) = 0xb7f5a000
23491 15:06:04.845412 _llseek(5, 1624, [1624], SEEK_SET) = 0
23491 15:06:04.845431 munmap(0xb7f5a000, 1624) = 0
23491 15:06:04.845443 close(5)          = 0
23491 15:06:04.845468 open("/etc/shadow", O_RDONLY|0x80000 /* O_??? */) = 5
23491 15:06:04.845489 _llseek(5, 0, [0], SEEK_CUR) = 0
23491 15:06:04.845500 fstat64(5, {st_mode=S_IFREG|0640, st_size=1233, ...}) = 0
23491 15:06:04.845517 mmap2(NULL, 1233, PROT_READ, MAP_SHARED, 5, 0) = 0xb7f5a000
23491 15:06:04.845528 _llseek(5, 1233, [1233], SEEK_SET) = 0
23491 15:06:04.845548 munmap(0xb7f5a000, 1233) = 0
23491 15:06:04.845558 close(5)          = 0
23491 15:06:04.845576 open("/etc/passwd", O_RDONLY|0x80000 /* O_??? */) = 5
23491 15:06:04.845590 _llseek(5, 0, [0], SEEK_CUR) = 0
23491 15:06:04.845600 fstat64(5, {st_mode=S_IFREG|0644, st_size=1624, ...}) = 0
23491 15:06:04.845617 mmap2(NULL, 1624, PROT_READ, MAP_SHARED, 5, 0) = 0xb7f5a000
23491 15:06:04.845627 _llseek(5, 1624, [1624], SEEK_SET) = 0
23491 15:06:04.845643 munmap(0xb7f5a000, 1624) = 0
23491 15:06:04.845653 close(5)          = 0
23491 15:06:04.845666 open("/etc/shadow", O_RDONLY|0x80000 /* O_??? */) = 5
23491 15:06:04.845679 _llseek(5, 0, [0], SEEK_CUR) = 0
23491 15:06:04.845689 fstat64(5, {st_mode=S_IFREG|0640, st_size=1233, ...}) = 0
23491 15:06:04.845706 mmap2(NULL, 1233, PROT_READ, MAP_SHARED, 5, 0) = 0xb7f5a000
23491 15:06:04.845716 _llseek(5, 1233, [1233], SEEK_SET) = 0
23491 15:06:04.845733 munmap(0xb7f5a000, 1233) = 0
23491 15:06:04.845742 close(5)          = 0
23491 15:06:04.845996 getuid32()        = 0
23491 15:06:04.846007 open("/etc/passwd", O_RDONLY|0x80000 /* O_??? */) = 5
23491 15:06:04.846020 _llseek(5, 0, [0], SEEK_CUR) = 0
23491 15:06:04.846030 fstat64(5, {st_mode=S_IFREG|0644, st_size=1624, ...}) = 0
23491 15:06:04.846047 mmap2(NULL, 1624, PROT_READ, MAP_SHARED, 5, 0) = 0xb7f5a000
23491 15:06:04.846057 _llseek(5, 1624, [1624], SEEK_SET) = 0
23491 15:06:04.846073 munmap(0xb7f5a000, 1624) = 0
23491 15:06:04.846083 close(5)          = 0
23491 15:06:04.846095 open("/etc/shadow", O_RDONLY|0x80000 /* O_??? */) = 5
23491 15:06:04.846109 _llseek(5, 0, [0], SEEK_CUR) = 0
23491 15:06:04.846119 fstat64(5, {st_mode=S_IFREG|0640, st_size=1233, ...}) = 0
23491 15:06:04.846135 mmap2(NULL, 1233, PROT_READ, MAP_SHARED, 5, 0) = 0xb7f5a000
23491 15:06:04.846146 _llseek(5, 1233, [1233], SEEK_SET) = 0
23491 15:06:04.846162 munmap(0xb7f5a000, 1233) = 0
23491 15:06:04.846172 close(5)          = 0
23491 15:06:04.846184 time(NULL)        = 1495652764
23491 15:06:04.846213 munmap(0xb7f57000, 12164) = 0
23491 15:06:04.846230 munmap(0xb7f55000, 7136) = 0
23491 15:06:04.846254 munmap(0xb7d8a000, 95428) = 0
23491 15:06:04.846265 munmap(0xb7d50000, 201052) = 0
23491 15:06:04.846276 munmap(0xb7d37000, 101180) = 0
23491 15:06:04.846293 gettimeofday({1495652764, 846297}, NULL) = 0
23491 15:06:04.846305 stat64("/usr/share/zoneinfo/UTC+04:00", 0xbfdad714) = -1 ENOENT (No such file or directory)
23491 15:06:04.846320 open("/usr/share/zoneinfo/UTC+04:00", O_RDONLY) = -1 ENOENT (No such file or directory)
23491 15:06:04.846346 fcntl64(3, F_SETLKW64, {type=F_WRLCK, whence=SEEK_SET, start=0, len=0}, 0xbfdad864) = 0
23491 15:06:04.846362 write(3, "Wed May 24 15:06:04 2017 [pid 23491] [msfadmin] OK LOGIN: Client \"127.0.0.1\"\n", 77) = 77
23491 15:06:04.846380 fcntl64(3, F_SETLK64, {type=F_UNLCK, whence=SEEK_SET, start=0, len=0}, 0xbfdad86c) = 0
23491 15:06:04.846393 rt_sigaction(SIGCHLD, {0x805cad0, ~[RTMIN RT_1], 0}, NULL, 8) = 0
23491 15:06:04.846408 write(4, "\1", 1 <unfinished ...>
23492 15:06:04.846418 <... read resumed> "\1", 1) = 1
23491 15:06:04.846423 <... write resumed> ) = 1
23492 15:06:04.846431 exit_group(0)     = ?
23491 15:06:04.846464 --- SIGCHLD (Child exited) @ 0 (0) ---
23491 15:06:04.846472 sigreturn()       = ? (mask now [])
23491 15:06:04.846491 wait4(-1, [{WIFEXITED(s) && WEXITSTATUS(s) == 0}], 0, NULL) = 23492
23491 15:06:04.846505 close(4)          = 0
23491 15:06:04.846517 socketpair(PF_FILE, SOCK_STREAM, 0, [4, 5]) = 0
23491 15:06:04.846541 rt_sigaction(SIGCHLD, {0x805cad0, ~[RTMIN RT_1], 0}, NULL, 8) = 0
23491 15:06:04.846555 rt_sigaction(SIGALRM, {0x805cb10, ~[RTMIN RT_1], 0}, NULL, 8) = 0
23491 15:06:04.846570 clone(child_stack=0, flags=CLONE_CHILD_CLEARTID|CLONE_CHILD_SETTID|SIGCHLD, child_tidptr=0xb7dc06f8) = 23493
23493 15:06:04.846636 prctl(0x1, 0x9, 0, 0, 0) = 0
23493 15:06:04.846650 close(4)          = 0
23493 15:06:04.846677 open("/etc/passwd", O_RDONLY|0x80000 /* O_??? */) = 4
23493 15:06:04.846694 _llseek(4, 0, [0], SEEK_CUR) = 0
23493 15:06:04.846710 fstat64(4, {st_mode=S_IFREG|0644, st_size=1624, ...}) = 0
23493 15:06:04.846729 mmap2(NULL, 1624, PROT_READ, MAP_SHARED, 4, 0) = 0xb7f5a000
23493 15:06:04.846741 _llseek(4, 1624, [1624], SEEK_SET) = 0
23493 15:06:04.846763 munmap(0xb7f5a000, 1624) = 0
23493 15:06:04.846775 close(4)          = 0
23493 15:06:04.846789 getuid32()        = 0
23493 15:06:04.846799 open("/etc/passwd", O_RDONLY|0x80000 /* O_??? */) = 4
23493 15:06:04.846812 _llseek(4, 0, [0], SEEK_CUR) = 0
23493 15:06:04.846823 fstat64(4, {st_mode=S_IFREG|0644, st_size=1624, ...}) = 0
23493 15:06:04.846839 mmap2(NULL, 1624, PROT_READ, MAP_SHARED, 4, 0) = 0xb7f5a000
23493 15:06:04.846850 _llseek(4, 1624, [1624], SEEK_SET) = 0
23493 15:06:04.846866 munmap(0xb7f5a000, 1624) = 0
23493 15:06:04.846876 close(4)          = 0
23493 15:06:04.846902 open("/proc/sys/kernel/ngroups_max", O_RDONLY) = 4
23493 15:06:04.846923 read(4, "65536\n", 31) = 6
23493 15:06:04.846935 close(4)          = 0
23493 15:06:04.846949 socket(PF_FILE, SOCK_STREAM, 0) = 4
23493 15:06:04.846961 fcntl64(4, F_SETFL, O_RDWR|O_NONBLOCK) = 0
23493 15:06:04.846972 connect(4, {sa_family=AF_FILE, path="/var/run/nscd/socket"}, 110) = -1 ENOENT (No such file or directory)
23493 15:06:04.846994 close(4)          = 0
23493 15:06:04.847005 socket(PF_FILE, SOCK_STREAM, 0) = 4
23493 15:06:04.847015 fcntl64(4, F_SETFL, O_RDWR|O_NONBLOCK) = 0
23493 15:06:04.847026 connect(4, {sa_family=AF_FILE, path="/var/run/nscd/socket"}, 110) = -1 ENOENT (No such file or directory)
23493 15:06:04.847044 close(4)          = 0
23493 15:06:04.847068 open("/etc/group", O_RDONLY|0x80000 /* O_??? */) = 4
23493 15:06:04.847083 _llseek(4, 0, [0], SEEK_CUR) = 0
23493 15:06:04.847094 fstat64(4, {st_mode=S_IFREG|0644, st_size=886, ...}) = 0
23493 15:06:04.847110 mmap2(NULL, 886, PROT_READ, MAP_SHARED, 4, 0) = 0xb7f5a000
23493 15:06:04.847121 _llseek(4, 886, [886], SEEK_SET) = 0
23493 15:06:04.847146 fstat64(4, {st_mode=S_IFREG|0644, st_size=886, ...}) = 0
23493 15:06:04.847175 munmap(0xb7f5a000, 886) = 0
23493 15:06:04.847190 close(4)          = 0
23493 15:06:04.847201 setgroups32(13, [1000, 4, 20, 24, 25, 29, 30, 44, 46, 107, 111, 112, 119]) = 0
23493 15:06:04.847238 geteuid32()       = 0
23493 15:06:04.847249 getegid32()       = 0
23493 15:06:04.847260 setregid32(-1, 1000) = 0
23493 15:06:04.847271 setreuid32(-1, 1000) = 0
23493 15:06:04.847291 chdir("/home/msfadmin") = 0
23493 15:06:04.847303 setreuid32(-1, 0) = 0
23493 15:06:04.847312 setregid32(-1, 0) = 0
23493 15:06:04.847323 setgid32(1000)    = 0
23493 15:06:04.847333 setuid32(1000)    = 0
23493 15:06:04.847343 setrlimit(RLIMIT_NPROC, {rlim_cur=0, rlim_max=0}) = 0
23493 15:06:04.847357 mmap2(NULL, 12288, PROT_READ|PROT_WRITE, MAP_PRIVATE|MAP_ANONYMOUS, -1, 0) = 0xb7f58000
23493 15:06:04.847368 mprotect(0xb7f5a000, 4096, PROT_NONE) = 0
23493 15:06:04.847380 mprotect(0xb7f58000, 4096, PROT_NONE) = 0
23493 15:06:04.847391 getcwd("/home/msfadmin", 4096) = 15
23493 15:06:04.847405 umask(022)        = 077
23493 15:06:04.847415 getcwd("/home/msfadmin", 4096) = 15
23493 15:06:04.847429 open(".message", O_RDONLY|O_NONBLOCK|O_LARGEFILE) = -1 ENOENT (No such file or directory)
23493 15:06:04.847451 write(0, "230 Login successful.\r\n", 23) = 23
23493 15:06:04.847547 rt_sigaction(SIGALRM, {0x805cad0, ~[RTMIN RT_1], 0}, NULL, 8) = 0
23493 15:06:04.847564 alarm(300)        = 0
23493 15:06:04.847575 mmap2(NULL, 12288, PROT_READ|PROT_WRITE, MAP_PRIVATE|MAP_ANONYMOUS, -1, 0) = 0xb7f55000
23493 15:06:04.847586 mprotect(0xb7f57000, 4096, PROT_NONE) = 0
23493 15:06:04.847597 mprotect(0xb7f55000, 4096, PROT_NONE) = 0
23493 15:06:04.847610 recv(0, "TYPE I\r\n", 4096, MSG_PEEK) = 8
23493 15:06:04.847623 read(0, "TYPE I\r\n", 8) = 8
23493 15:06:04.847640 write(0, "200 Switching to Binary mode.\r\n", 31) = 31
23493 15:06:04.847681 rt_sigaction(SIGALRM, {0x805cad0, ~[RTMIN RT_1], 0}, NULL, 8) = 0
23493 15:06:04.847700 alarm(300)        = 300
23493 15:06:04.847711 recv(0, "PASV\r\n", 4096, MSG_PEEK) = 6
23493 15:06:04.847723 read(0, "PASV\r\n", 6) = 6
23493 15:06:04.847735 write(5, "\n", 1) = 1
23493 15:06:04.847746 read(5,  <unfinished ...>
23491 15:06:04.847758 close(5)          = 0
23491 15:06:04.847771 getuid32()        = 0
23491 15:06:04.847786 open("/etc/passwd", O_RDONLY|0x80000 /* O_??? */) = 5
23491 15:06:04.847800 _llseek(5, 0, [0], SEEK_CUR) = 0
23491 15:06:04.847813 fstat64(5, {st_mode=S_IFREG|0644, st_size=1624, ...}) = 0
23491 15:06:04.847831 mmap2(NULL, 1624, PROT_READ, MAP_SHARED, 5, 0) = 0xb7f5a000
23491 15:06:04.847843 _llseek(5, 1624, [1624], SEEK_SET) = 0
23491 15:06:04.847860 munmap(0xb7f5a000, 1624) = 0
23491 15:06:04.847872 close(5)          = 0
23491 15:06:04.847888 setgroups32(0, []) = 0
23491 15:06:04.847900 chdir("/usr/share/empty") = 0
23491 15:06:04.847912 chroot(".")       = 0
23491 15:06:04.847933 capset(NULL, NULL) = -1 EFAULT (Bad address)
23491 15:06:04.847947 prctl(0x8, 0, 0xbfdad848, 0x80549a6, 0xbfdad830) = 0
23491 15:06:04.847959 prctl(0x8, 0x1, 0xbfdad848, 0x8054a49, 0xbfdad830) = 0
23491 15:06:04.847969 setgid32(65534)   = 0
23491 15:06:04.847979 setuid32(65534)   = 0
23491 15:06:04.847990 capset(0x19980330, 0, {CAP_NET_BIND_SERVICE, CAP_NET_BIND_SERVICE, 0}) = 0
23491 15:06:04.848003 read(4, "\n", 1)  = 1
23491 15:06:04.848016 write(4, "\1", 1) = 1
23493 15:06:04.848038 <... read resumed> "\1", 1) = 1
23493 15:06:04.848045 write(5, "\f", 1) = 1
23493 15:06:04.848056 read(5,  <unfinished ...>
23491 15:06:04.848063 read(4, "\f", 1)  = 1
23491 15:06:04.848075 socket(PF_INET, SOCK_STREAM, IPPROTO_TCP) = 5
23491 15:06:04.848089 setsockopt(5, SOL_SOCKET, SO_REUSEADDR, [1], 4) = 0
23491 15:06:04.848100 gettimeofday({1495652764, 848104}, NULL) = 0
23491 15:06:04.848116 bind(5, {sa_family=AF_INET, sin_port=htons(40688), sin_addr=inet_addr("127.0.0.1")}, 16) = 0
23491 15:06:04.848147 listen(5, 1)      = 0
23491 15:06:04.848164 write(4, "\360\236\0\0", 4) = 4
23493 15:06:04.848176 <... read resumed> "\360\236\0\0", 4) = 4
23493 15:06:04.848190 write(0, "227 Entering Passive Mode (127,0,0,1,158,240).\r\n", 48) = 48
23493 15:06:04.848312 rt_sigaction(SIGALRM, {0x805cad0, ~[RTMIN RT_1], 0}, NULL, 8) = 0
23493 15:06:04.848330 alarm(300)        = 300
23493 15:06:04.848341 recv(0, "STOR myfile14\r\n", 4096, MSG_PEEK) = 15
23493 15:06:04.848354 read(0, "STOR myfile14\r\n", 15) = 15
23493 15:06:04.848369 write(5, "\v", 1) = 1
23493 15:06:04.848380 read(5,  <unfinished ...>
23491 15:06:04.848387 read(4, "\v", 1)  = 1
23491 15:06:04.848398 write(4, "\1\0\0\0", 4) = 4
23493 15:06:04.848409 <... read resumed> "\1\0\0\0", 4) = 4
23493 15:06:04.848417 gettimeofday({1495652764, 848421}, NULL) = 0
23493 15:06:04.848428 getcwd("/home/msfadmin", 4096) = 15
23493 15:06:04.848440 open("myfile14", O_WRONLY|O_CREAT|O_NONBLOCK|O_LARGEFILE, 0666) = 4
23493 15:06:04.848454 fstat64(4, {st_mode=S_IFREG|0644, st_size=17, ...}) = 0
23493 15:06:04.848471 fcntl64(4, F_GETFL) = 0x8801 (flags O_WRONLY|O_NONBLOCK|O_LARGEFILE)
23493 15:06:04.848482 fcntl64(4, F_SETFL, O_WRONLY|O_LARGEFILE) = 0
23493 15:06:04.848492 fcntl64(4, F_SETLKW64, {type=F_WRLCK, whence=SEEK_SET, start=0, len=0}, 0xbfdad794) = 0
23493 15:06:04.848507 ftruncate64(4, 0) = 0
23493 15:06:04.848526 _llseek(4, 0, [0], SEEK_SET) = 0
23493 15:06:04.848538 write(5, "\v", 1) = 1
23493 15:06:04.848548 read(5,  <unfinished ...>
23491 15:06:04.848555 read(4, "\v", 1)  = 1
23491 15:06:04.848566 write(4, "\1\0\0\0", 4) = 4
23493 15:06:04.848576 <... read resumed> "\1\0\0\0", 4) = 4
23493 15:06:04.848584 write(5, "\v", 1) = 1
23493 15:06:04.848594 read(5,  <unfinished ...>
23491 15:06:04.848600 read(4, "\v", 1)  = 1
23491 15:06:04.848611 write(4, "\1\0\0\0", 4) = 4
23493 15:06:04.848621 <... read resumed> "\1\0\0\0", 4) = 4
23493 15:06:04.848629 write(5, "\r", 1) = 1
23493 15:06:04.848639 read(5,  <unfinished ...>
23491 15:06:04.848645 read(4, "\r", 1)  = 1
23491 15:06:04.848658 select(6, [5], NULL, NULL, {60, 0}) = 1 (in [5], left {60, 0})
23491 15:06:04.848678 accept(5, {sa_family=AF_INET, sin_port=htons(52411), sin_addr=inet_addr("127.0.0.1")}, [16]) = 6
23491 15:06:04.848701 write(4, "\1", 1) = 1
23493 15:06:04.848711 <... read resumed> "\1", 1) = 1
23493 15:06:04.848721 recvmsg(5,  <unfinished ...>
23491 15:06:04.848730 sendmsg(4, {msg_name(0)=NULL, msg_iov(1)=[{"\0", 1}], msg_controllen=16, {cmsg_len=16, cmsg_level=SOL_SOCKET, cmsg_type=SCM_RIGHTS, {6}}, msg_flags=0}, 0) = 1
23493 15:06:04.848747 <... recvmsg resumed> {msg_name(0)=NULL, msg_iov(1)=[{"\0", 1}], msg_controllen=16, {cmsg_len=16, cmsg_level=SOL_SOCKET, cmsg_type=SCM_RIGHTS, {6}}, msg_flags=0}, 0) = 1
23493 15:06:04.848761 setsockopt(6, SOL_SOCKET, SO_KEEPALIVE, [1], 4) = 0
23493 15:06:04.848773 setsockopt(6, SOL_IP, IP_TOS, [8], 4) = 0
23493 15:06:04.848785 setsockopt(6, SOL_SOCKET, SO_LINGER, {onoff=1, linger=32767}, 8) = 0
23493 15:06:04.848796 rt_sigaction(SIGALRM, {0x805cad0, ~[RTMIN RT_1], 0}, NULL, 8) = 0
23493 15:06:04.848809 alarm(300)        = 300
23493 15:06:04.848825 write(0, "150 Ok to send data.\r\n", 22) = 22
23493 15:06:04.848902 mmap2(NULL, 77824, PROT_READ|PROT_WRITE, MAP_PRIVATE|MAP_ANONYMOUS, -1, 0) = 0xb7d8f000
23493 15:06:04.848926 mprotect(0xb7da1000, 4096, PROT_NONE) = 0
23493 15:06:04.848938 mprotect(0xb7d8f000, 4096, PROT_NONE) = 0
23493 15:06:04.848948 read(6, "assasaaa\na\na\na\na\n", 65536) = 17
23493 15:06:04.848961 write(4, "assasaaa\na\na\na\na\n", 17) = 17
23493 15:06:04.848978 read(6, "", 65536) = 0
23493 15:06:04.848988 rt_sigaction(SIGALRM, {0x805cad0, ~[RTMIN RT_1], 0}, NULL, 8) = 0
23493 15:06:04.849002 alarm(300)        = 300
23493 15:06:04.849011 close(6)          = 0
23493 15:06:04.849021 alarm(0)          = 300
23493 15:06:04.849030 gettimeofday({1495652764, 849034}, NULL) = 0
23493 15:06:04.849047 getpid()          = 23493
23493 15:06:04.849059 gettimeofday({1495652764, 849063}, NULL) = 0
23493 15:06:04.849077 fcntl64(3, F_SETLKW64, {type=F_WRLCK, whence=SEEK_SET, start=0, len=0}, 0xbfdad734) = 0
23493 15:06:04.849092 write(3, "Wed May 24 15:06:04 2017 [pid 23493] [msfadmin] OK UPLOAD: Client \"127.0.0.1\", \"/home/msfadmin/myfile14\", 17 bytes, 25.86Kbyte/sec\n", 131) = 131
23493 15:06:04.849137 fcntl64(3, F_SETLK64, {type=F_UNLCK, whence=SEEK_SET, start=0, len=0}, 0xbfdad73c) = 0
23493 15:06:04.849163 write(0, "226 Transfer complete.\r\n", 24) = 24
23493 15:06:04.849206 write(5, "\n", 1) = 1
23493 15:06:04.849218 read(5,  <unfinished ...>
23491 15:06:04.849225 close(6)          = 0
23491 15:06:04.849244 read(4, "\n", 1)  = 1
23491 15:06:04.849256 close(5)          = 0
23491 15:06:04.849267 write(4, "\1", 1) = 1
23493 15:06:04.849278 <... read resumed> "\1", 1) = 1
23493 15:06:04.849285 close(4)          = 0
23493 15:06:04.849295 rt_sigaction(SIGALRM, {0x805cad0, ~[RTMIN RT_1], 0}, NULL, 8) = 0
23493 15:06:04.849309 alarm(300)        = 0
23493 15:06:04.849320 recv(0,  <unfinished ...>
23491 15:06:04.849328 read(4,  <unfinished ...>
23490 15:06:05.244945 <... recv resumed> "USER msfadmin\r\n", 4096, MSG_PEEK) = 15
23490 15:06:05.244986 read(0, "USER msfadmin\r\n", 15) = 15
23490 15:06:05.245012 write(0, "331 Any password will do.\r\n", 27) = 27
23490 15:06:05.245057 rt_sigaction(SIGALRM, {0x805cad0, ~[RTMIN RT_1], 0}, NULL, 8) = 0
23490 15:06:05.245075 alarm(300)        = 299
23490 15:06:05.245088 recv(0, "PASS msfadmin\r\n", 4096, MSG_PEEK) = 15
23490 15:06:05.245100 read(0, "PASS msfadmin\r\n", 15) = 15
23490 15:06:05.245116 write(0, "230 Already logged in.\r\n", 24) = 24
23490 15:06:05.245178 rt_sigaction(SIGALRM, {0x805cad0, ~[RTMIN RT_1], 0}, NULL, 8) = 0
23490 15:06:05.245193 alarm(300)        = 300
23490 15:06:05.245204 recv(0, "TYPE I\r\n", 4096, MSG_PEEK) = 8
23490 15:06:05.245216 read(0, "TYPE I\r\n", 8) = 8
23490 15:06:05.245230 write(0, "200 Switching to Binary mode.\r\n", 31) = 31
23490 15:06:05.245266 rt_sigaction(SIGALRM, {0x805cad0, ~[RTMIN RT_1], 0}, NULL, 8) = 0
23490 15:06:05.245280 alarm(300)        = 300
23490 15:06:05.245291 recv(0, "PASV\r\n", 4096, MSG_PEEK) = 6
23490 15:06:05.245302 read(0, "PASV\r\n", 6) = 6
23490 15:06:05.245321 write(5, "\n", 1 <unfinished ...>
23488 15:06:05.245333 <... read resumed> "\n", 1) = 1
23490 15:06:05.245338 <... write resumed> ) = 1
23488 15:06:05.245345 write(4, "\1", 1) = 1
23488 15:06:05.245356 read(4,  <unfinished ...>
23490 15:06:05.245363 read(5, "\1", 1)  = 1
23490 15:06:05.245374 write(5, "\f", 1 <unfinished ...>
23488 15:06:05.245381 <... read resumed> "\f", 1) = 1
23490 15:06:05.245386 <... write resumed> ) = 1
23488 15:06:05.245393 socket(PF_INET, SOCK_STREAM, IPPROTO_TCP) = 5
23488 15:06:05.245408 setsockopt(5, SOL_SOCKET, SO_REUSEADDR, [1], 4) = 0
23488 15:06:05.245423 bind(5, {sa_family=AF_INET, sin_port=htons(12376), sin_addr=inet_addr("127.0.0.1")}, 16) = 0
23488 15:06:05.245439 listen(5, 1)      = 0
23488 15:06:05.245453 write(4, "X0\0\0", 4) = 4
23488 15:06:05.245463 read(4,  <unfinished ...>
23490 15:06:05.245470 read(5, "X0\0\0", 4) = 4
23490 15:06:05.245486 write(0, "227 Entering Passive Mode (127,0,0,1,48,88).\r\n", 46) = 46
23490 15:06:05.245603 rt_sigaction(SIGALRM, {0x805cad0, ~[RTMIN RT_1], 0}, NULL, 8) = 0
23490 15:06:05.245619 alarm(300)        = 300
23490 15:06:05.245631 recv(0, "RETR myfile2\r\n", 4096, MSG_PEEK) = 14
23490 15:06:05.245643 read(0, "RETR myfile2\r\n", 14) = 14
23490 15:06:05.245692 write(5, "\v", 1 <unfinished ...>
23488 15:06:05.245704 <... read resumed> "\v", 1) = 1
23490 15:06:05.245709 <... write resumed> ) = 1
23488 15:06:05.245715 write(4, "\1\0\0\0", 4) = 4
23488 15:06:05.245736 read(4,  <unfinished ...>
23490 15:06:05.245743 read(5, "\1\0\0\0", 4) = 4
23490 15:06:05.245754 gettimeofday({1495652765, 245758}, NULL) = 0
23490 15:06:05.245766 getcwd("/home/msfadmin", 4096) = 15
23490 15:06:05.245778 open("myfile2", O_RDONLY|O_NONBLOCK|O_LARGEFILE) = 4
23490 15:06:05.245792 fcntl64(4, F_SETLKW64, {type=F_RDLCK, whence=SEEK_SET, start=0, len=0}, 0xbfe75884) = 0
23490 15:06:05.245807 fstat64(4, {st_mode=S_IFREG|0644, st_size=17, ...}) = 0
23490 15:06:05.245825 fcntl64(4, F_GETFL) = 0x8800 (flags O_RDONLY|O_NONBLOCK|O_LARGEFILE)
23490 15:06:05.245835 fcntl64(4, F_SETFL, O_RDONLY|O_LARGEFILE) = 0
23490 15:06:05.245847 write(5, "\v", 1 <unfinished ...>
23488 15:06:05.245854 <... read resumed> "\v", 1) = 1
23490 15:06:05.245859 <... write resumed> ) = 1
23488 15:06:05.245865 write(4, "\1\0\0\0", 4) = 4
23488 15:06:05.245876 read(4,  <unfinished ...>
23490 15:06:05.245883 read(5, "\1\0\0\0", 4) = 4
23490 15:06:05.245894 write(5, "\v", 1 <unfinished ...>
23488 15:06:05.245901 <... read resumed> "\v", 1) = 1
23490 15:06:05.245906 <... write resumed> ) = 1
23488 15:06:05.245912 write(4, "\1\0\0\0", 4) = 4
23488 15:06:05.245922 read(4,  <unfinished ...>
23490 15:06:05.245929 read(5, "\1\0\0\0", 4) = 4
23490 15:06:05.245940 write(5, "\r", 1 <unfinished ...>
23488 15:06:05.245947 <... read resumed> "\r", 1) = 1
23490 15:06:05.245952 <... write resumed> ) = 1
23488 15:06:05.245958 select(6, [5], NULL, NULL, {60, 0}) = 1 (in [5], left {60, 0})
23488 15:06:05.245975 accept(5, {sa_family=AF_INET, sin_port=htons(59310), sin_addr=inet_addr("127.0.0.1")}, [16]) = 6
23488 15:06:05.245997 write(4, "\1", 1) = 1
23488 15:06:05.246009 sendmsg(4, {msg_name(0)=NULL, msg_iov(1)=[{"\0", 1}], msg_controllen=16, {cmsg_len=16, cmsg_level=SOL_SOCKET, cmsg_type=SCM_RIGHTS, {6}}, msg_flags=0}, 0) = 1
23488 15:06:05.246026 close(6)          = 0
23488 15:06:05.246035 read(4,  <unfinished ...>
23490 15:06:05.246042 read(5, "\1", 1)  = 1
23490 15:06:05.246055 recvmsg(5, {msg_name(0)=NULL, msg_iov(1)=[{"\0", 1}], msg_controllen=16, {cmsg_len=16, cmsg_level=SOL_SOCKET, cmsg_type=SCM_RIGHTS, {6}}, msg_flags=0}, 0) = 1
23490 15:06:05.246073 setsockopt(6, SOL_SOCKET, SO_KEEPALIVE, [1], 4) = 0
23490 15:06:05.246085 setsockopt(6, SOL_IP, IP_TOS, [8], 4) = 0
23490 15:06:05.246097 setsockopt(6, SOL_SOCKET, SO_LINGER, {onoff=1, linger=32767}, 8) = 0
23490 15:06:05.246108 rt_sigaction(SIGALRM, {0x805cad0, ~[RTMIN RT_1], 0}, NULL, 8) = 0
23490 15:06:05.246121 alarm(300)        = 300
23490 15:06:05.246135 write(0, "150 Opening BINARY mode data connection for myfile2 (17 bytes).\r\n", 65) = 65
23490 15:06:05.246179 _llseek(4, 0, [0], SEEK_CUR) = 0
23490 15:06:05.246193 fstat64(4, {st_mode=S_IFREG|0644, st_size=17, ...}) = 0
23490 15:06:05.246210 _llseek(4, 0, [0], SEEK_SET) = 0
23490 15:06:05.246220 sendfile(6, 4, NULL, 17) = 17
23490 15:06:05.246250 rt_sigaction(SIGALRM, {0x805cad0, ~[RTMIN RT_1], 0}, NULL, 8) = 0
23490 15:06:05.246265 alarm(300)        = 300
23490 15:06:05.246275 close(6)          = 0
23490 15:06:05.246310 alarm(0)          = 300
23490 15:06:05.246321 gettimeofday({1495652765, 246325}, NULL) = 0
23490 15:06:05.246337 gettimeofday({1495652765, 246341}, NULL) = 0
23490 15:06:05.246352 fcntl64(3, F_SETLKW64, {type=F_WRLCK, whence=SEEK_SET, start=0, len=0}, 0xbfe75824) = 0
23490 15:06:05.246367 write(3, "Wed May 24 15:06:05 2017 [pid 23490] [msfadmin] OK DOWNLOAD: Client \"127.0.0.1\", \"/home/msfadmin/myfile2\", 17 bytes, 28.48Kbyte/sec\n", 132) = 132
23490 15:06:05.246388 fcntl64(3, F_SETLK64, {type=F_UNLCK, whence=SEEK_SET, start=0, len=0}, 0xbfe7582c) = 0
23490 15:06:05.246403 write(0, "226 Transfer complete.\r\n", 24) = 24
23490 15:06:05.246467 write(5, "\n", 1 <unfinished ...>
23488 15:06:05.246477 <... read resumed> "\n", 1) = 1
23490 15:06:05.246482 <... write resumed> ) = 1
23488 15:06:05.246488 close(5)          = 0
23488 15:06:05.246500 write(4, "\1", 1) = 1
23488 15:06:05.246511 read(4,  <unfinished ...>
23490 15:06:05.246518 read(5, "\1", 1)  = 1
23490 15:06:05.246529 close(4)          = 0
23490 15:06:05.246540 rt_sigaction(SIGALRM, {0x805cad0, ~[RTMIN RT_1], 0}, NULL, 8) = 0
23490 15:06:05.246553 alarm(300)        = 0
23490 15:06:05.246564 recv(0,  <unfinished ...>
23493 15:06:05.384994 <... recv resumed> "TYPE I\r\n", 4096, MSG_PEEK) = 8
23493 15:06:05.385025 read(0, "TYPE I\r\n", 8) = 8
23493 15:06:05.385047 write(0, "200 Switching to Binary mode.\r\n", 31) = 31
23493 15:06:05.385095 rt_sigaction(SIGALRM, {0x805cad0, ~[RTMIN RT_1], 0}, NULL, 8) = 0
23493 15:06:05.385113 alarm(300)        = 299
23493 15:06:05.385126 recv(0, "PASV\r\n", 4096, MSG_PEEK) = 6
23493 15:06:05.385138 read(0, "PASV\r\n", 6) = 6
23493 15:06:05.385150 write(5, "\n", 1) = 1
23493 15:06:05.385163 read(5,  <unfinished ...>
23491 15:06:05.385171 <... read resumed> "\n", 1) = 1
23491 15:06:05.385180 write(4, "\1", 1) = 1
23493 15:06:05.385191 <... read resumed> "\1", 1) = 1
23493 15:06:05.385198 write(5, "\f", 1) = 1
23493 15:06:05.385208 read(5,  <unfinished ...>
23491 15:06:05.385215 read(4, "\f", 1)  = 1
23491 15:06:05.385227 socket(PF_INET, SOCK_STREAM, IPPROTO_TCP) = 5
23491 15:06:05.385243 setsockopt(5, SOL_SOCKET, SO_REUSEADDR, [1], 4) = 0
23491 15:06:05.385258 bind(5, {sa_family=AF_INET, sin_port=htons(13883), sin_addr=inet_addr("127.0.0.1")}, 16) = 0
23491 15:06:05.385274 listen(5, 1)      = 0
23491 15:06:05.385288 write(4, ";6\0\0", 4) = 4
23493 15:06:05.385299 <... read resumed> ";6\0\0", 4) = 4
23493 15:06:05.385311 write(0, "227 Entering Passive Mode (127,0,0,1,54,59).\r\n", 46) = 46
23493 15:06:05.385425 rt_sigaction(SIGALRM, {0x805cad0, ~[RTMIN RT_1], 0}, NULL, 8) = 0
23493 15:06:05.385442 alarm(300)        = 300
23493 15:06:05.385453 recv(0, "STOR myfile15\r\n", 4096, MSG_PEEK) = 15
23493 15:06:05.385465 read(0, "STOR myfile15\r\n", 15) = 15
23493 15:06:05.385479 write(5, "\v", 1) = 1
23493 15:06:05.385489 read(5,  <unfinished ...>
23491 15:06:05.385497 read(4, "\v", 1)  = 1
23491 15:06:05.385508 write(4, "\1\0\0\0", 4) = 4
23493 15:06:05.385518 <... read resumed> "\1\0\0\0", 4) = 4
23493 15:06:05.385526 gettimeofday({1495652765, 385530}, NULL) = 0
23493 15:06:05.385537 getcwd("/home/msfadmin", 4096) = 15
23493 15:06:05.385550 open("myfile15", O_WRONLY|O_CREAT|O_NONBLOCK|O_LARGEFILE, 0666) = 4
23493 15:06:05.385565 fstat64(4, {st_mode=S_IFREG|0644, st_size=17, ...}) = 0
23493 15:06:05.385583 fcntl64(4, F_GETFL) = 0x8801 (flags O_WRONLY|O_NONBLOCK|O_LARGEFILE)
23493 15:06:05.385594 fcntl64(4, F_SETFL, O_WRONLY|O_LARGEFILE) = 0
23493 15:06:05.385604 fcntl64(4, F_SETLKW64, {type=F_WRLCK, whence=SEEK_SET, start=0, len=0}, 0xbfdad794) = 0
23493 15:06:05.385618 ftruncate64(4, 0) = 0
23493 15:06:05.385638 _llseek(4, 0, [0], SEEK_SET) = 0
23493 15:06:05.385656 write(5, "\v", 1) = 1
23493 15:06:05.385666 read(5,  <unfinished ...>
23491 15:06:05.385673 read(4, "\v", 1)  = 1
23491 15:06:05.385684 write(4, "\1\0\0\0", 4) = 4
23493 15:06:05.385695 <... read resumed> "\1\0\0\0", 4) = 4
23493 15:06:05.385702 write(5, "\v", 1) = 1
23493 15:06:05.385712 read(5,  <unfinished ...>
23491 15:06:05.385718 read(4, "\v", 1)  = 1
23491 15:06:05.385762 write(4, "\1\0\0\0", 4) = 4
23493 15:06:05.385774 <... read resumed> "\1\0\0\0", 4) = 4
23493 15:06:05.385782 write(5, "\r", 1) = 1
23493 15:06:05.385801 read(5,  <unfinished ...>
23491 15:06:05.385808 read(4, "\r", 1)  = 1
23491 15:06:05.385820 select(6, [5], NULL, NULL, {60, 0}) = 1 (in [5], left {60, 0})
23491 15:06:05.385836 accept(5, {sa_family=AF_INET, sin_port=htons(54530), sin_addr=inet_addr("127.0.0.1")}, [16]) = 6
23491 15:06:05.385858 write(4, "\1", 1) = 1
23493 15:06:05.385869 <... read resumed> "\1", 1) = 1
23493 15:06:05.385877 recvmsg(5,  <unfinished ...>
23491 15:06:05.385886 sendmsg(4, {msg_name(0)=NULL, msg_iov(1)=[{"\0", 1}], msg_controllen=16, {cmsg_len=16, cmsg_level=SOL_SOCKET, cmsg_type=SCM_RIGHTS, {6}}, msg_flags=0}, 0) = 1
23493 15:06:05.385903 <... recvmsg resumed> {msg_name(0)=NULL, msg_iov(1)=[{"\0", 1}], msg_controllen=16, {cmsg_len=16, cmsg_level=SOL_SOCKET, cmsg_type=SCM_RIGHTS, {6}}, msg_flags=0}, 0) = 1
23493 15:06:05.385916 setsockopt(6, SOL_SOCKET, SO_KEEPALIVE, [1], 4) = 0
23493 15:06:05.385929 setsockopt(6, SOL_IP, IP_TOS, [8], 4) = 0
23493 15:06:05.385941 setsockopt(6, SOL_SOCKET, SO_LINGER, {onoff=1, linger=32767}, 8) = 0
23493 15:06:05.385952 rt_sigaction(SIGALRM, {0x805cad0, ~[RTMIN RT_1], 0}, NULL, 8) = 0
23493 15:06:05.385965 alarm(300)        = 300
23493 15:06:05.385978 write(0, "150 Ok to send data.\r\n", 22) = 22
23493 15:06:05.386045 read(6, "assasaaa\na\na\na\na\n", 65536) = 17
23493 15:06:05.386059 write(4, "assasaaa\na\na\na\na\n", 17) = 17
23493 15:06:05.386076 read(6, "", 65536) = 0
23493 15:06:05.386086 rt_sigaction(SIGALRM, {0x805cad0, ~[RTMIN RT_1], 0}, NULL, 8) = 0
23493 15:06:05.386100 alarm(300)        = 300
23493 15:06:05.386110 close(6)          = 0
23493 15:06:05.386119 alarm(0)          = 300
23493 15:06:05.386128 gettimeofday({1495652765, 386132}, NULL) = 0
23493 15:06:05.386144 gettimeofday({1495652765, 386148}, NULL) = 0
23493 15:06:05.386158 fcntl64(3, F_SETLKW64, {type=F_WRLCK, whence=SEEK_SET, start=0, len=0}, 0xbfdad734) = 0
23493 15:06:05.386173 write(3, "Wed May 24 15:06:05 2017 [pid 23493] [msfadmin] OK UPLOAD: Client \"127.0.0.1\", \"/home/msfadmin/myfile15\", 17 bytes, 26.86Kbyte/sec\n", 131) = 131
23493 15:06:05.386195 fcntl64(3, F_SETLK64, {type=F_UNLCK, whence=SEEK_SET, start=0, len=0}, 0xbfdad73c) = 0
23493 15:06:05.386209 write(0, "226 Transfer complete.\r\n", 24) = 24
23493 15:06:05.386252 write(5, "\n", 1) = 1
23493 15:06:05.386264 read(5,  <unfinished ...>
23491 15:06:05.386271 close(6)          = 0
23491 15:06:05.386289 read(4, "\n", 1)  = 1
23491 15:06:05.386301 close(5)          = 0
23491 15:06:05.386312 write(4, "\1", 1) = 1
23493 15:06:05.386322 <... read resumed> "\1", 1) = 1
23493 15:06:05.386330 close(4)          = 0
23493 15:06:05.386340 rt_sigaction(SIGALRM, {0x805cad0, ~[RTMIN RT_1], 0}, NULL, 8) = 0
23493 15:06:05.386353 alarm(300)        = 0
23493 15:06:05.386364 recv(0,  <unfinished ...>
23491 15:06:05.386372 read(4,  <unfinished ...>
23490 15:06:05.764982 <... recv resumed> "USER msfadmin\r\n", 4096, MSG_PEEK) = 15
23490 15:06:05.765021 read(0, "USER msfadmin\r\n", 15) = 15
23490 15:06:05.765046 write(0, "331 Any password will do.\r\n", 27) = 27
23490 15:06:05.765092 rt_sigaction(SIGALRM, {0x805cad0, ~[RTMIN RT_1], 0}, NULL, 8) = 0
23490 15:06:05.765110 alarm(300)        = 299
23490 15:06:05.765123 recv(0, "PASS msfadmin\r\n", 4096, MSG_PEEK) = 15
23490 15:06:05.765134 read(0, "PASS msfadmin\r\n", 15) = 15
23490 15:06:05.765150 write(0, "230 Already logged in.\r\n", 24) = 24
23490 15:06:05.765217 rt_sigaction(SIGALRM, {0x805cad0, ~[RTMIN RT_1], 0}, NULL, 8) = 0
23490 15:06:05.765233 alarm(300)        = 300
23490 15:06:05.765265 recv(0, "TYPE I\r\n", 4096, MSG_PEEK) = 8
23490 15:06:05.765278 read(0, "TYPE I\r\n", 8) = 8
23490 15:06:05.765293 write(0, "200 Switching to Binary mode.\r\n", 31) = 31
23490 15:06:05.765332 rt_sigaction(SIGALRM, {0x805cad0, ~[RTMIN RT_1], 0}, NULL, 8) = 0
23490 15:06:05.765347 alarm(300)        = 300
23490 15:06:05.765357 recv(0, "PASV\r\n", 4096, MSG_PEEK) = 6
23490 15:06:05.765368 read(0, "PASV\r\n", 6) = 6
23490 15:06:05.765380 write(5, "\n", 1 <unfinished ...>
23488 15:06:05.765392 <... read resumed> "\n", 1) = 1
23490 15:06:05.765397 <... write resumed> ) = 1
23488 15:06:05.765405 write(4, "\1", 1) = 1
23488 15:06:05.765415 read(4,  <unfinished ...>
23490 15:06:05.765422 read(5, "\1", 1)  = 1
23490 15:06:05.765433 write(5, "\f", 1 <unfinished ...>
23488 15:06:05.765441 <... read resumed> "\f", 1) = 1
23490 15:06:05.765445 <... write resumed> ) = 1
23488 15:06:05.765452 socket(PF_INET, SOCK_STREAM, IPPROTO_TCP) = 5
23488 15:06:05.765467 setsockopt(5, SOL_SOCKET, SO_REUSEADDR, [1], 4) = 0
23488 15:06:05.765482 bind(5, {sa_family=AF_INET, sin_port=htons(7179), sin_addr=inet_addr("127.0.0.1")}, 16) = 0
23488 15:06:05.765499 listen(5, 1)      = 0
23488 15:06:05.765512 write(4, "\v\34\0\0", 4) = 4
23488 15:06:05.765523 read(4,  <unfinished ...>
23490 15:06:05.765530 read(5, "\v\34\0\0", 4) = 4
23490 15:06:05.765546 write(0, "227 Entering Passive Mode (127,0,0,1,28,11).\r\n", 46) = 46
23490 15:06:05.765659 rt_sigaction(SIGALRM, {0x805cad0, ~[RTMIN RT_1], 0}, NULL, 8) = 0
23490 15:06:05.765675 alarm(300)        = 300
23490 15:06:05.765687 recv(0, "RETR myfile3\r\n", 4096, MSG_PEEK) = 14
23490 15:06:05.765699 read(0, "RETR myfile3\r\n", 14) = 14
23490 15:06:05.765711 write(5, "\v", 1 <unfinished ...>
23488 15:06:05.765719 <... read resumed> "\v", 1) = 1
23490 15:06:05.765724 <... write resumed> ) = 1
23488 15:06:05.765730 write(4, "\1\0\0\0", 4) = 4
23488 15:06:05.765877 read(4,  <unfinished ...>
23490 15:06:05.765885 read(5, "\1\0\0\0", 4) = 4
23490 15:06:05.765907 gettimeofday({1495652765, 765911}, NULL) = 0
23490 15:06:05.765918 getcwd("/home/msfadmin", 4096) = 15
23490 15:06:05.765931 open("myfile3", O_RDONLY|O_NONBLOCK|O_LARGEFILE) = 4
23490 15:06:05.765944 fcntl64(4, F_SETLKW64, {type=F_RDLCK, whence=SEEK_SET, start=0, len=0}, 0xbfe75884) = 0
23490 15:06:05.765960 fstat64(4, {st_mode=S_IFREG|0644, st_size=17, ...}) = 0
23490 15:06:05.765977 fcntl64(4, F_GETFL) = 0x8800 (flags O_RDONLY|O_NONBLOCK|O_LARGEFILE)
23490 15:06:05.765988 fcntl64(4, F_SETFL, O_RDONLY|O_LARGEFILE) = 0
23490 15:06:05.765999 write(5, "\v", 1 <unfinished ...>
23488 15:06:05.766007 <... read resumed> "\v", 1) = 1
23490 15:06:05.766011 <... write resumed> ) = 1
23488 15:06:05.766017 write(4, "\1\0\0\0", 4) = 4
23488 15:06:05.766028 read(4,  <unfinished ...>
23490 15:06:05.766035 read(5, "\1\0\0\0", 4) = 4
23490 15:06:05.766046 write(5, "\v", 1 <unfinished ...>
23488 15:06:05.766053 <... read resumed> "\v", 1) = 1
23490 15:06:05.766057 <... write resumed> ) = 1
23488 15:06:05.766063 write(4, "\1\0\0\0", 4) = 4
23488 15:06:05.766073 read(4,  <unfinished ...>
23490 15:06:05.766080 read(5, "\1\0\0\0", 4) = 4
23490 15:06:05.766091 write(5, "\r", 1 <unfinished ...>
23488 15:06:05.766098 <... read resumed> "\r", 1) = 1
23490 15:06:05.766103 <... write resumed> ) = 1
23488 15:06:05.766110 select(6, [5], NULL, NULL, {60, 0}) = 1 (in [5], left {60, 0})
23488 15:06:05.766126 accept(5, {sa_family=AF_INET, sin_port=htons(36002), sin_addr=inet_addr("127.0.0.1")}, [16]) = 6
23488 15:06:05.766148 write(4, "\1", 1) = 1
23488 15:06:05.766160 sendmsg(4, {msg_name(0)=NULL, msg_iov(1)=[{"\0", 1}], msg_controllen=16, {cmsg_len=16, cmsg_level=SOL_SOCKET, cmsg_type=SCM_RIGHTS, {6}}, msg_flags=0}, 0) = 1
23488 15:06:05.766177 close(6)          = 0
23488 15:06:05.766186 read(4,  <unfinished ...>
23490 15:06:05.766193 read(5, "\1", 1)  = 1
23490 15:06:05.766205 recvmsg(5, {msg_name(0)=NULL, msg_iov(1)=[{"\0", 1}], msg_controllen=16, {cmsg_len=16, cmsg_level=SOL_SOCKET, cmsg_type=SCM_RIGHTS, {6}}, msg_flags=0}, 0) = 1
23490 15:06:05.766223 setsockopt(6, SOL_SOCKET, SO_KEEPALIVE, [1], 4) = 0
23490 15:06:05.766240 setsockopt(6, SOL_IP, IP_TOS, [8], 4) = 0
23490 15:06:05.766252 setsockopt(6, SOL_SOCKET, SO_LINGER, {onoff=1, linger=32767}, 8) = 0
23490 15:06:05.766263 rt_sigaction(SIGALRM, {0x805cad0, ~[RTMIN RT_1], 0}, NULL, 8) = 0
23490 15:06:05.766276 alarm(300)        = 300
23490 15:06:05.766290 write(0, "150 Opening BINARY mode data connection for myfile3 (17 bytes).\r\n", 65) = 65
23490 15:06:05.766331 _llseek(4, 0, [0], SEEK_CUR) = 0
23490 15:06:05.766363 fstat64(4, {st_mode=S_IFREG|0644, st_size=17, ...}) = 0
23490 15:06:05.766384 _llseek(4, 0, [0], SEEK_SET) = 0
23490 15:06:05.766407 sendfile(6, 4, NULL, 17) = 17
23490 15:06:05.766439 rt_sigaction(SIGALRM, {0x805cad0, ~[RTMIN RT_1], 0}, NULL, 8) = 0
23490 15:06:05.766453 alarm(300)        = 300
23490 15:06:05.766463 close(6)          = 0
23490 15:06:05.766499 alarm(0)          = 300
23490 15:06:05.766510 gettimeofday({1495652765, 766514}, NULL) = 0
23490 15:06:05.766526 gettimeofday({1495652765, 766530}, NULL) = 0
23490 15:06:05.766540 fcntl64(3, F_SETLKW64, {type=F_WRLCK, whence=SEEK_SET, start=0, len=0}, 0xbfe75824) = 0
23490 15:06:05.766555 write(3, "Wed May 24 15:06:05 2017 [pid 23490] [msfadmin] OK DOWNLOAD: Client \"127.0.0.1\", \"/home/msfadmin/myfile3\", 17 bytes, 26.82Kbyte/sec\n", 132) = 132
23490 15:06:05.766576 fcntl64(3, F_SETLK64, {type=F_UNLCK, whence=SEEK_SET, start=0, len=0}, 0xbfe7582c) = 0
23490 15:06:05.766590 write(0, "226 Transfer complete.\r\n", 24) = 24
23490 15:06:05.766655 write(5, "\n", 1 <unfinished ...>
23488 15:06:05.766665 <... read resumed> "\n", 1) = 1
23490 15:06:05.766670 <... write resumed> ) = 1
23488 15:06:05.766676 close(5)          = 0
23488 15:06:05.766688 write(4, "\1", 1) = 1
23488 15:06:05.766699 read(4,  <unfinished ...>
23490 15:06:05.766706 read(5, "\1", 1)  = 1
23490 15:06:05.766717 close(4)          = 0
23490 15:06:05.766727 rt_sigaction(SIGALRM, {0x805cad0, ~[RTMIN RT_1], 0}, NULL, 8) = 0
23490 15:06:05.766740 alarm(300)        = 0
23490 15:06:05.766751 recv(0,  <unfinished ...>
23493 15:06:05.925776 <... recv resumed> "TYPE I\r\n", 4096, MSG_PEEK) = 8
23493 15:06:05.925868 read(0, "TYPE I\r\n", 8) = 8
23493 15:06:05.925948 write(0, "200 Switching to Binary mode.\r\n", 31) = 31
23493 15:06:05.926035 rt_sigaction(SIGALRM, {0x805cad0, ~[RTMIN RT_1], 0}, NULL, 8) = 0
23493 15:06:05.926067 alarm(300)        = 299
23493 15:06:05.926092 recv(0, "PASV\r\n", 4096, MSG_PEEK) = 6
23493 15:06:05.926106 read(0, "PASV\r\n", 6) = 6
23493 15:06:05.926118 write(5, "\n", 1) = 1
23493 15:06:05.926131 read(5,  <unfinished ...>
23491 15:06:05.926140 <... read resumed> "\n", 1) = 1
23491 15:06:05.926149 write(4, "\1", 1) = 1
23493 15:06:05.926160 <... read resumed> "\1", 1) = 1
23493 15:06:05.926168 write(5, "\f", 1) = 1
23493 15:06:05.926178 read(5,  <unfinished ...>
23491 15:06:05.926185 read(4, "\f", 1)  = 1
23491 15:06:05.926197 socket(PF_INET, SOCK_STREAM, IPPROTO_TCP) = 5
23491 15:06:05.926213 setsockopt(5, SOL_SOCKET, SO_REUSEADDR, [1], 4) = 0
23491 15:06:05.926228 bind(5, {sa_family=AF_INET, sin_port=htons(33455), sin_addr=inet_addr("127.0.0.1")}, 16) = 0
23491 15:06:05.926245 listen(5, 1)      = 0
23491 15:06:05.926259 write(4, "\257\202\0\0", 4) = 4
23493 15:06:05.926270 <... read resumed> "\257\202\0\0", 4) = 4
23493 15:06:05.926283 write(0, "227 Entering Passive Mode (127,0,0,1,130,175).\r\n", 48) = 48
23493 15:06:05.926398 rt_sigaction(SIGALRM, {0x805cad0, ~[RTMIN RT_1], 0}, NULL, 8) = 0
23493 15:06:05.926415 alarm(300)        = 300
23493 15:06:05.926427 recv(0, "STOR myfile16\r\n", 4096, MSG_PEEK) = 15
23493 15:06:05.926440 read(0, "STOR myfile16\r\n", 15) = 15
23493 15:06:05.926454 write(5, "\v", 1) = 1
23493 15:06:05.926464 read(5,  <unfinished ...>
23491 15:06:05.926472 read(4, "\v", 1)  = 1
23491 15:06:05.926483 write(4, "\1\0\0\0", 4) = 4
23493 15:06:05.926494 <... read resumed> "\1\0\0\0", 4) = 4
23493 15:06:05.926503 gettimeofday({1495652765, 926507}, NULL) = 0
23493 15:06:05.926514 getcwd("/home/msfadmin", 4096) = 15
23493 15:06:05.926527 open("myfile16", O_WRONLY|O_CREAT|O_NONBLOCK|O_LARGEFILE, 0666) = 4
23493 15:06:05.926550 fstat64(4, {st_mode=S_IFREG|0644, st_size=17, ...}) = 0
23493 15:06:05.926568 fcntl64(4, F_GETFL) = 0x8801 (flags O_WRONLY|O_NONBLOCK|O_LARGEFILE)
23493 15:06:05.926580 fcntl64(4, F_SETFL, O_WRONLY|O_LARGEFILE) = 0
23493 15:06:05.926591 fcntl64(4, F_SETLKW64, {type=F_WRLCK, whence=SEEK_SET, start=0, len=0}, 0xbfdad794) = 0
23493 15:06:05.926605 ftruncate64(4, 0) = 0
23493 15:06:05.926624 _llseek(4, 0, [0], SEEK_SET) = 0
23493 15:06:05.926636 write(5, "\v", 1) = 1
23493 15:06:05.926646 read(5,  <unfinished ...>
23491 15:06:05.926654 read(4, "\v", 1)  = 1
23491 15:06:05.926665 write(4, "\1\0\0\0", 4) = 4
23493 15:06:05.926676 <... read resumed> "\1\0\0\0", 4) = 4
23493 15:06:05.926684 write(5, "\v", 1) = 1
23493 15:06:05.926694 read(5,  <unfinished ...>
23491 15:06:05.926701 read(4, "\v", 1)  = 1
23491 15:06:05.926727 write(4, "\1\0\0\0", 4) = 4
23493 15:06:05.926739 <... read resumed> "\1\0\0\0", 4) = 4
23493 15:06:05.926747 write(5, "\r", 1) = 1
23493 15:06:05.926757 read(5,  <unfinished ...>
23491 15:06:05.926764 read(4, "\r", 1)  = 1
23491 15:06:05.926776 select(6, [5], NULL, NULL, {60, 0}) = 1 (in [5], left {60, 0})
23491 15:06:05.926793 accept(5, {sa_family=AF_INET, sin_port=htons(48861), sin_addr=inet_addr("127.0.0.1")}, [16]) = 6
23491 15:06:05.926817 write(4, "\1", 1) = 1
23493 15:06:05.926828 <... read resumed> "\1", 1) = 1
23493 15:06:05.926837 recvmsg(5,  <unfinished ...>
23491 15:06:05.926845 sendmsg(4, {msg_name(0)=NULL, msg_iov(1)=[{"\0", 1}], msg_controllen=16, {cmsg_len=16, cmsg_level=SOL_SOCKET, cmsg_type=SCM_RIGHTS, {6}}, msg_flags=0}, 0) = 1
23493 15:06:05.926863 <... recvmsg resumed> {msg_name(0)=NULL, msg_iov(1)=[{"\0", 1}], msg_controllen=16, {cmsg_len=16, cmsg_level=SOL_SOCKET, cmsg_type=SCM_RIGHTS, {6}}, msg_flags=0}, 0) = 1
23493 15:06:05.926876 setsockopt(6, SOL_SOCKET, SO_KEEPALIVE, [1], 4) = 0
23493 15:06:05.926889 setsockopt(6, SOL_IP, IP_TOS, [8], 4) = 0
23493 15:06:05.926901 setsockopt(6, SOL_SOCKET, SO_LINGER, {onoff=1, linger=32767}, 8) = 0
23493 15:06:05.926913 rt_sigaction(SIGALRM, {0x805cad0, ~[RTMIN RT_1], 0}, NULL, 8) = 0
23493 15:06:05.926927 alarm(300)        = 300
23493 15:06:05.926940 write(0, "150 Ok to send data.\r\n", 22) = 22
23493 15:06:05.927007 read(6, "assasaaa\na\na\na\na\n", 65536) = 17
23493 15:06:05.927022 write(4, "assasaaa\na\na\na\na\n", 17) = 17
23493 15:06:05.927039 read(6, "", 65536) = 0
23493 15:06:05.927050 rt_sigaction(SIGALRM, {0x805cad0, ~[RTMIN RT_1], 0}, NULL, 8) = 0
23493 15:06:05.927064 alarm(300)        = 300
23493 15:06:05.927074 close(6)          = 0
23493 15:06:05.927084 alarm(0)          = 300
23493 15:06:05.927093 gettimeofday({1495652765, 927097}, NULL) = 0
23493 15:06:05.927109 gettimeofday({1495652765, 927113}, NULL) = 0
23493 15:06:05.927125 fcntl64(3, F_SETLKW64, {type=F_WRLCK, whence=SEEK_SET, start=0, len=0}, 0xbfdad734) = 0
23493 15:06:05.927140 write(3, "Wed May 24 15:06:05 2017 [pid 23493] [msfadmin] OK UPLOAD: Client \"127.0.0.1\", \"/home/msfadmin/myfile16\", 17 bytes, 27.40Kbyte/sec\n", 131) = 131
23493 15:06:05.927162 fcntl64(3, F_SETLK64, {type=F_UNLCK, whence=SEEK_SET, start=0, len=0}, 0xbfdad73c) = 0
23493 15:06:05.927177 write(0, "226 Transfer complete.\r\n", 24) = 24
23493 15:06:05.927222 write(5, "\n", 1) = 1
23493 15:06:05.927234 read(5,  <unfinished ...>
23491 15:06:05.927241 close(6)          = 0
23491 15:06:05.927260 read(4, "\n", 1)  = 1
23491 15:06:05.927272 close(5)          = 0
23491 15:06:05.927283 write(4, "\1", 1) = 1
23493 15:06:05.927294 <... read resumed> "\1", 1) = 1
23493 15:06:05.927302 close(4)          = 0
23493 15:06:05.927313 rt_sigaction(SIGALRM, {0x805cad0, ~[RTMIN RT_1], 0}, NULL, 8) = 0
23493 15:06:05.927326 alarm(300)        = 0
23493 15:06:05.927338 recv(0,  <unfinished ...>
23491 15:06:05.927345 read(4,  <unfinished ...>
