21650 14:47:12.700953 mmap2(NULL, 1624, PROT_READ, MAP_SHARED, 5, 0) = 0xb7f8c000
21650 14:47:12.700964 _llseek(5, 1624, [1624], SEEK_SET) = 0
21650 14:47:12.700983 munmap(0xb7f8c000, 1624) = 0
21650 14:47:12.701024 close(5)          = 0
21650 14:47:12.701060 open("/etc/shadow", O_RDONLY|0x80000 /* O_??? */) = 5
21650 14:47:12.701078 _llseek(5, 0, [0], SEEK_CUR) = 0
21650 14:47:12.701089 fstat64(5, {st_mode=S_IFREG|0640, st_size=1233, ...}) = 0
21650 14:47:12.701105 mmap2(NULL, 1233, PROT_READ, MAP_SHARED, 5, 0) = 0xb7f8c000
21650 14:47:12.701116 _llseek(5, 1233, [1233], SEEK_SET) = 0
21650 14:47:12.701136 munmap(0xb7f8c000, 1233) = 0
21650 14:47:12.701146 close(5)          = 0
21650 14:47:12.701165 open("/etc/passwd", O_RDONLY|0x80000 /* O_??? */) = 5
21650 14:47:12.701179 _llseek(5, 0, [0], SEEK_CUR) = 0
21650 14:47:12.701189 fstat64(5, {st_mode=S_IFREG|0644, st_size=1624, ...}) = 0
21650 14:47:12.701206 mmap2(NULL, 1624, PROT_READ, MAP_SHARED, 5, 0) = 0xb7f8c000
21650 14:47:12.701216 _llseek(5, 1624, [1624], SEEK_SET) = 0
21650 14:47:12.701233 munmap(0xb7f8c000, 1624) = 0
21650 14:47:12.701242 close(5)          = 0
21650 14:47:12.701255 open("/etc/shadow", O_RDONLY|0x80000 /* O_??? */) = 5
21650 14:47:12.701268 _llseek(5, 0, [0], SEEK_CUR) = 0
21650 14:47:12.701279 fstat64(5, {st_mode=S_IFREG|0640, st_size=1233, ...}) = 0
21650 14:47:12.701295 mmap2(NULL, 1233, PROT_READ, MAP_SHARED, 5, 0) = 0xb7f8c000
21650 14:47:12.701305 _llseek(5, 1233, [1233], SEEK_SET) = 0
21650 14:47:12.701322 munmap(0xb7f8c000, 1233) = 0
21650 14:47:12.701332 close(5)          = 0
21650 14:47:12.701564 getuid32()        = 0
21650 14:47:12.701575 open("/etc/passwd", O_RDONLY|0x80000 /* O_??? */) = 5
21650 14:47:12.701588 _llseek(5, 0, [0], SEEK_CUR) = 0
21650 14:47:12.701598 fstat64(5, {st_mode=S_IFREG|0644, st_size=1624, ...}) = 0
21650 14:47:12.701615 mmap2(NULL, 1624, PROT_READ, MAP_SHARED, 5, 0) = 0xb7f8c000
21650 14:47:12.701625 _llseek(5, 1624, [1624], SEEK_SET) = 0
21650 14:47:12.701641 munmap(0xb7f8c000, 1624) = 0
21650 14:47:12.701650 close(5)          = 0
21650 14:47:12.701663 open("/etc/shadow", O_RDONLY|0x80000 /* O_??? */) = 5
21650 14:47:12.701676 _llseek(5, 0, [0], SEEK_CUR) = 0
21650 14:47:12.701687 fstat64(5, {st_mode=S_IFREG|0640, st_size=1233, ...}) = 0
21650 14:47:12.701703 mmap2(NULL, 1233, PROT_READ, MAP_SHARED, 5, 0) = 0xb7f8c000
21650 14:47:12.701713 _llseek(5, 1233, [1233], SEEK_SET) = 0
21650 14:47:12.701730 munmap(0xb7f8c000, 1233) = 0
21650 14:47:12.701739 close(5)          = 0
21650 14:47:12.701751 time(NULL)        = 1495651632
21650 14:47:12.701766 munmap(0xb7f89000, 12164) = 0
21650 14:47:12.701780 munmap(0xb7f87000, 7136) = 0
21650 14:47:12.701794 munmap(0xb7dbc000, 95428) = 0
21650 14:47:12.701805 munmap(0xb7d82000, 201052) = 0
21650 14:47:12.701816 munmap(0xb7d69000, 101180) = 0
21650 14:47:12.701836 gettimeofday({1495651632, 701841}, NULL) = 0
21650 14:47:12.701848 stat64("/usr/share/zoneinfo/UTC+04:00", 0xbff3e8a4) = -1 ENOENT (No such file or directory)
21650 14:47:12.701863 open("/usr/share/zoneinfo/UTC+04:00", O_RDONLY) = -1 ENOENT (No such file or directory)
21650 14:47:12.701889 fcntl64(3, F_SETLKW64, {type=F_WRLCK, whence=SEEK_SET, start=0, len=0}, 0xbff3e9f4) = 0
21650 14:47:12.701905 write(3, "Wed May 24 14:47:12 2017 [pid 21650] [msfadmin] OK LOGIN: Client \"127.0.0.1\"\n", 77) = 77
21650 14:47:12.701922 fcntl64(3, F_SETLK64, {type=F_UNLCK, whence=SEEK_SET, start=0, len=0}, 0xbff3e9fc) = 0
21650 14:47:12.701935 rt_sigaction(SIGCHLD, {0x805cad0, ~[RTMIN RT_1], 0}, NULL, 8) = 0
21650 14:47:12.701949 write(4, "\1", 1 <unfinished ...>
21651 14:47:12.701958 <... read resumed> "\1", 1) = 1
21650 14:47:12.702005 <... write resumed> ) = 1
21651 14:47:12.702015 exit_group(0)     = ?
21650 14:47:12.702087 --- SIGCHLD (Child exited) @ 0 (0) ---
21650 14:47:12.702095 sigreturn()       = ? (mask now [])
21650 14:47:12.702146 wait4(-1, [{WIFEXITED(s) && WEXITSTATUS(s) == 0}], 0, NULL) = 21651
21650 14:47:12.702169 close(4)          = 0
21650 14:47:12.702191 socketpair(PF_FILE, SOCK_STREAM, 0, [4, 5]) = 0
21650 14:47:12.702224 rt_sigaction(SIGCHLD, {0x805cad0, ~[RTMIN RT_1], 0}, NULL, 8) = 0
21650 14:47:12.702257 rt_sigaction(SIGALRM, {0x805cb10, ~[RTMIN RT_1], 0}, NULL, 8) = 0
21650 14:47:12.702285 clone(child_stack=0, flags=CLONE_CHILD_CLEARTID|CLONE_CHILD_SETTID|SIGCHLD, child_tidptr=0xb7df26f8) = 21652
21652 14:47:12.702376 prctl(0x1, 0x9, 0, 0, 0) = 0
21652 14:47:12.702390 close(4)          = 0
21652 14:47:12.702437 open("/etc/passwd", O_RDONLY|0x80000 /* O_??? */) = 4
21652 14:47:12.702474 _llseek(4, 0, [0], SEEK_CUR) = 0
21652 14:47:12.702499 fstat64(4, {st_mode=S_IFREG|0644, st_size=1624, ...}) = 0
21652 14:47:12.702518 mmap2(NULL, 1624, PROT_READ, MAP_SHARED, 4, 0) = 0xb7f8c000
21652 14:47:12.702530 _llseek(4, 1624, [1624], SEEK_SET) = 0
21652 14:47:12.702552 munmap(0xb7f8c000, 1624) = 0
21652 14:47:12.702564 close(4)          = 0
21652 14:47:12.702577 getuid32()        = 0
21652 14:47:12.702587 open("/etc/passwd", O_RDONLY|0x80000 /* O_??? */) = 4
21652 14:47:12.702601 _llseek(4, 0, [0], SEEK_CUR) = 0
21652 14:47:12.702611 fstat64(4, {st_mode=S_IFREG|0644, st_size=1624, ...}) = 0
21652 14:47:12.702628 mmap2(NULL, 1624, PROT_READ, MAP_SHARED, 4, 0) = 0xb7f8c000
21652 14:47:12.702639 _llseek(4, 1624, [1624], SEEK_SET) = 0
21652 14:47:12.702654 munmap(0xb7f8c000, 1624) = 0
21652 14:47:12.702664 close(4)          = 0
21652 14:47:12.702689 open("/proc/sys/kernel/ngroups_max", O_RDONLY) = 4
21652 14:47:12.702711 read(4, "65536\n", 31) = 6
21652 14:47:12.702723 close(4)          = 0
21652 14:47:12.702737 socket(PF_FILE, SOCK_STREAM, 0) = 4
21652 14:47:12.702749 fcntl64(4, F_SETFL, O_RDWR|O_NONBLOCK) = 0
21652 14:47:12.702760 connect(4, {sa_family=AF_FILE, path="/var/run/nscd/socket"}, 110) = -1 ENOENT (No such file or directory)
21652 14:47:12.702781 close(4)          = 0
21652 14:47:12.702792 socket(PF_FILE, SOCK_STREAM, 0) = 4
21652 14:47:12.702803 fcntl64(4, F_SETFL, O_RDWR|O_NONBLOCK) = 0
21652 14:47:12.702813 connect(4, {sa_family=AF_FILE, path="/var/run/nscd/socket"}, 110) = -1 ENOENT (No such file or directory)
21652 14:47:12.702831 close(4)          = 0
21652 14:47:12.702855 open("/etc/group", O_RDONLY|0x80000 /* O_??? */) = 4
21652 14:47:12.702870 _llseek(4, 0, [0], SEEK_CUR) = 0
21652 14:47:12.702881 fstat64(4, {st_mode=S_IFREG|0644, st_size=886, ...}) = 0
21652 14:47:12.702897 mmap2(NULL, 886, PROT_READ, MAP_SHARED, 4, 0) = 0xb7f8c000
21652 14:47:12.702908 _llseek(4, 886, [886], SEEK_SET) = 0
21652 14:47:12.702956 fstat64(4, {st_mode=S_IFREG|0644, st_size=886, ...}) = 0
21652 14:47:12.702978 munmap(0xb7f8c000, 886) = 0
21652 14:47:12.702988 close(4)          = 0
21652 14:47:12.703025 setgroups32(13, [1000, 4, 20, 24, 25, 29, 30, 44, 46, 107, 111, 112, 119]) = 0
21652 14:47:12.703052 geteuid32()       = 0
21652 14:47:12.703063 getegid32()       = 0
21652 14:47:12.703078 setregid32(-1, 1000) = 0
21652 14:47:12.703088 setreuid32(-1, 1000) = 0
21652 14:47:12.703099 chdir("/home/msfadmin") = 0
21652 14:47:12.703111 setreuid32(-1, 0) = 0
21652 14:47:12.703120 setregid32(-1, 0) = 0
21652 14:47:12.703131 setgid32(1000)    = 0
21652 14:47:12.703141 setuid32(1000)    = 0
21652 14:47:12.703151 setrlimit(RLIMIT_NPROC, {rlim_cur=0, rlim_max=0}) = 0
21652 14:47:12.703165 mmap2(NULL, 12288, PROT_READ|PROT_WRITE, MAP_PRIVATE|MAP_ANONYMOUS, -1, 0) = 0xb7f8a000
21652 14:47:12.703176 mprotect(0xb7f8c000, 4096, PROT_NONE) = 0
21652 14:47:12.703188 mprotect(0xb7f8a000, 4096, PROT_NONE) = 0
21652 14:47:12.703199 getcwd("/home/msfadmin", 4096) = 15
21652 14:47:12.703213 umask(022)        = 077
21652 14:47:12.703223 getcwd("/home/msfadmin", 4096) = 15
21652 14:47:12.703236 open(".message", O_RDONLY|O_NONBLOCK|O_LARGEFILE) = -1 ENOENT (No such file or directory)
21652 14:47:12.703259 write(0, "230 Login successful.\r\n", 23) = 23
21652 14:47:12.703342 rt_sigaction(SIGALRM, {0x805cad0, ~[RTMIN RT_1], 0}, NULL, 8) = 0
21652 14:47:12.703359 alarm(300)        = 0
21652 14:47:12.703370 mmap2(NULL, 12288, PROT_READ|PROT_WRITE, MAP_PRIVATE|MAP_ANONYMOUS, -1, 0) = 0xb7f87000
21652 14:47:12.703381 mprotect(0xb7f89000, 4096, PROT_NONE) = 0
21652 14:47:12.703393 mprotect(0xb7f87000, 4096, PROT_NONE) = 0
21652 14:47:12.703406 recv(0, "TYPE I\r\n", 4096, MSG_PEEK) = 8
21652 14:47:12.703418 read(0, "TYPE I\r\n", 8) = 8
21652 14:47:12.703435 write(0, "200 Switching to Binary mode.\r\n", 31) = 31
21652 14:47:12.703475 rt_sigaction(SIGALRM, {0x805cad0, ~[RTMIN RT_1], 0}, NULL, 8) = 0
21652 14:47:12.703490 alarm(300)        = 300
21652 14:47:12.703501 recv(0, "PASV\r\n", 4096, MSG_PEEK) = 6
21652 14:47:12.703513 read(0, "PASV\r\n", 6) = 6
21652 14:47:12.703525 write(5, "\n", 1) = 1
21652 14:47:12.703536 read(5,  <unfinished ...>
21650 14:47:12.703549 close(5)          = 0
21650 14:47:12.703561 getuid32()        = 0
21650 14:47:12.703576 open("/etc/passwd", O_RDONLY|0x80000 /* O_??? */) = 5
21650 14:47:12.703591 _llseek(5, 0, [0], SEEK_CUR) = 0
21650 14:47:12.703603 fstat64(5, {st_mode=S_IFREG|0644, st_size=1624, ...}) = 0
21650 14:47:12.703621 mmap2(NULL, 1624, PROT_READ, MAP_SHARED, 5, 0) = 0xb7f8c000
21650 14:47:12.703633 _llseek(5, 1624, [1624], SEEK_SET) = 0
21650 14:47:12.703650 munmap(0xb7f8c000, 1624) = 0
21650 14:47:12.703662 close(5)          = 0
21650 14:47:12.703678 setgroups32(0, []) = 0
21650 14:47:12.703689 chdir("/usr/share/empty") = 0
21650 14:47:12.703702 chroot(".")       = 0
21650 14:47:12.703713 capset(NULL, NULL) = -1 EFAULT (Bad address)
21650 14:47:12.703726 prctl(0x8, 0, 0xbff3e9d8, 0x80549a6, 0xbff3e9c0) = 0
21650 14:47:12.703738 prctl(0x8, 0x1, 0xbff3e9d8, 0x8054a49, 0xbff3e9c0) = 0
21650 14:47:12.703748 setgid32(65534)   = 0
21650 14:47:12.703758 setuid32(65534)   = 0
21650 14:47:12.703768 capset(0x19980330, 0, {CAP_NET_BIND_SERVICE, CAP_NET_BIND_SERVICE, 0}) = 0
21650 14:47:12.703781 read(4, "\n", 1)  = 1
21650 14:47:12.703794 write(4, "\1", 1) = 1
21652 14:47:12.703806 <... read resumed> "\1", 1) = 1
21652 14:47:12.703813 write(5, "\f", 1) = 1
21652 14:47:12.703823 read(5,  <unfinished ...>
21650 14:47:12.703830 read(4, "\f", 1)  = 1
21650 14:47:12.703843 socket(PF_INET, SOCK_STREAM, IPPROTO_TCP) = 5
21650 14:47:12.703856 setsockopt(5, SOL_SOCKET, SO_REUSEADDR, [1], 4) = 0
21650 14:47:12.703867 gettimeofday({1495651632, 703871}, NULL) = 0
21650 14:47:12.703883 bind(5, {sa_family=AF_INET, sin_port=htons(48833), sin_addr=inet_addr("127.0.0.1")}, 16) = 0
21650 14:47:12.703922 listen(5, 1)      = 0
21650 14:47:12.703939 write(4, "\301\276\0\0", 4) = 4
21652 14:47:12.703965 <... read resumed> "\301\276\0\0", 4) = 4
21652 14:47:12.703979 write(0, "227 Entering Passive Mode (127,0,0,1,190,193).\r\n", 48) = 48
21652 14:47:12.704079 rt_sigaction(SIGALRM, {0x805cad0, ~[RTMIN RT_1], 0}, NULL, 8) = 0
21652 14:47:12.704097 alarm(300)        = 300
21652 14:47:12.704109 recv(0, "STOR myfile20\r\n", 4096, MSG_PEEK) = 15
21652 14:47:12.704121 read(0, "STOR myfile20\r\n", 15) = 15
21652 14:47:12.704136 write(5, "\v", 1) = 1
21652 14:47:12.704151 read(5,  <unfinished ...>
21650 14:47:12.704159 read(4, "\v", 1)  = 1
21650 14:47:12.704170 write(4, "\1\0\0\0", 4) = 4
21652 14:47:12.704181 <... read resumed> "\1\0\0\0", 4) = 4
21652 14:47:12.704189 gettimeofday({1495651632, 704193}, NULL) = 0
21652 14:47:12.704200 getcwd("/home/msfadmin", 4096) = 15
21652 14:47:12.704213 open("myfile20", O_WRONLY|O_CREAT|O_NONBLOCK|O_LARGEFILE, 0666) = 4
21652 14:47:12.704227 fstat64(4, {st_mode=S_IFREG|0644, st_size=17, ...}) = 0
21652 14:47:12.704244 fcntl64(4, F_GETFL) = 0x8801 (flags O_WRONLY|O_NONBLOCK|O_LARGEFILE)
21652 14:47:12.704255 fcntl64(4, F_SETFL, O_WRONLY|O_LARGEFILE) = 0
21652 14:47:12.704266 fcntl64(4, F_SETLKW64, {type=F_WRLCK, whence=SEEK_SET, start=0, len=0}, 0xbff3e924) = 0
21652 14:47:12.704281 ftruncate64(4, 0) = 0
21652 14:47:12.704300 _llseek(4, 0, [0], SEEK_SET) = 0
21652 14:47:12.704311 write(5, "\v", 1) = 1
21652 14:47:12.704322 read(5,  <unfinished ...>
21650 14:47:12.704329 read(4, "\v", 1)  = 1
21650 14:47:12.704340 write(4, "\1\0\0\0", 4) = 4
21652 14:47:12.704351 <... read resumed> "\1\0\0\0", 4) = 4
21652 14:47:12.704358 write(5, "\v", 1) = 1
21652 14:47:12.704368 read(5,  <unfinished ...>
21650 14:47:12.704375 read(4, "\v", 1)  = 1
21650 14:47:12.704386 write(4, "\1\0\0\0", 4) = 4
21652 14:47:12.704396 <... read resumed> "\1\0\0\0", 4) = 4
21652 14:47:12.704404 write(5, "\r", 1) = 1
21652 14:47:12.704414 read(5,  <unfinished ...>
21650 14:47:12.704421 read(4, "\r", 1)  = 1
21650 14:47:12.704433 select(6, [5], NULL, NULL, {60, 0}) = 1 (in [5], left {60, 0})
21650 14:47:12.704450 accept(5, {sa_family=AF_INET, sin_port=htons(56584), sin_addr=inet_addr("127.0.0.1")}, [16]) = 6
21650 14:47:12.704472 write(4, "\1", 1) = 1
21652 14:47:12.704483 <... read resumed> "\1", 1) = 1
21652 14:47:12.704492 recvmsg(5,  <unfinished ...>
21650 14:47:12.704502 sendmsg(4, {msg_name(0)=NULL, msg_iov(1)=[{"\0", 1}], msg_controllen=16, {cmsg_len=16, cmsg_level=SOL_SOCKET, cmsg_type=SCM_RIGHTS, {6}}, msg_flags=0}, 0) = 1
21652 14:47:12.704519 <... recvmsg resumed> {msg_name(0)=NULL, msg_iov(1)=[{"\0", 1}], msg_controllen=16, {cmsg_len=16, cmsg_level=SOL_SOCKET, cmsg_type=SCM_RIGHTS, {6}}, msg_flags=0}, 0) = 1
21652 14:47:12.704533 setsockopt(6, SOL_SOCKET, SO_KEEPALIVE, [1], 4) = 0
21652 14:47:12.704545 setsockopt(6, SOL_IP, IP_TOS, [8], 4) = 0
21652 14:47:12.704557 setsockopt(6, SOL_SOCKET, SO_LINGER, {onoff=1, linger=32767}, 8) = 0
21652 14:47:12.704568 rt_sigaction(SIGALRM, {0x805cad0, ~[RTMIN RT_1], 0}, NULL, 8) = 0
21652 14:47:12.704582 alarm(300)        = 300
21652 14:47:12.704594 write(0, "150 Ok to send data.\r\n", 22) = 22
21652 14:47:12.704657 mmap2(NULL, 77824, PROT_READ|PROT_WRITE, MAP_PRIVATE|MAP_ANONYMOUS, -1, 0) = 0xb7dc1000
21652 14:47:12.704671 mprotect(0xb7dd3000, 4096, PROT_NONE) = 0
21652 14:47:12.704683 mprotect(0xb7dc1000, 4096, PROT_NONE) = 0
21652 14:47:12.704693 read(6, "assasaaa\na\na\na\na\n", 65536) = 17
21652 14:47:12.704707 write(4, "assasaaa\na\na\na\na\n", 17) = 17
21652 14:47:12.704723 read(6, "", 65536) = 0
21652 14:47:12.704733 rt_sigaction(SIGALRM, {0x805cad0, ~[RTMIN RT_1], 0}, NULL, 8) = 0
21652 14:47:12.704747 alarm(300)        = 300
21652 14:47:12.704757 close(6)          = 0
21652 14:47:12.704766 alarm(0)          = 300
21652 14:47:12.704776 gettimeofday({1495651632, 704780}, NULL) = 0
21652 14:47:12.704793 getpid()          = 21652
21652 14:47:12.704805 gettimeofday({1495651632, 704809}, NULL) = 0
21652 14:47:12.704826 fcntl64(3, F_SETLKW64, {type=F_WRLCK, whence=SEEK_SET, start=0, len=0}, 0xbff3e8c4) = 0
21652 14:47:12.704842 write(3, "Wed May 24 14:47:12 2017 [pid 21652] [msfadmin] OK UPLOAD: Client \"127.0.0.1\", \"/home/msfadmin/myfile20\", 17 bytes, 26.95Kbyte/sec\n", 131) = 131
21652 14:47:12.704862 fcntl64(3, F_SETLK64, {type=F_UNLCK, whence=SEEK_SET, start=0, len=0}, 0xbff3e8cc) = 0
21652 14:47:12.704902 write(0, "226 Transfer complete.\r\n", 24) = 24
21652 14:47:12.704955 write(5, "\n", 1) = 1
21652 14:47:12.704967 read(5,  <unfinished ...>
21650 14:47:12.704974 close(6)          = 0
21650 14:47:12.704997 read(4, "\n", 1)  = 1
21650 14:47:12.705009 close(5)          = 0
21650 14:47:12.705020 write(4, "\1", 1) = 1
21652 14:47:12.705031 <... read resumed> "\1", 1) = 1
21652 14:47:12.705038 close(4)          = 0
21652 14:47:12.705049 rt_sigaction(SIGALRM, {0x805cad0, ~[RTMIN RT_1], 0}, NULL, 8) = 0
21652 14:47:12.705062 alarm(300)        = 0
21652 14:47:12.705074 recv(0,  <unfinished ...>
21650 14:47:12.705081 read(4,  <unfinished ...>
21649 14:47:13.071188 <... recv resumed> "USER msfadmin\r\n", 4096, MSG_PEEK) = 15
21649 14:47:13.071311 read(0, "USER msfadmin\r\n", 15) = 15
21649 14:47:13.071414 write(0, "331 Any password will do.\r\n", 27) = 27
21649 14:47:13.071514 rt_sigaction(SIGALRM, {0x805cad0, ~[RTMIN RT_1], 0}, NULL, 8) = 0
21649 14:47:13.071546 alarm(300)        = 299
21649 14:47:13.071572 recv(0, "PASS msfadmin\r\n", 4096, MSG_PEEK) = 15
21649 14:47:13.071586 read(0, "PASS msfadmin\r\n", 15) = 15
21649 14:47:13.071603 write(0, "230 Already logged in.\r\n", 24) = 24
21649 14:47:13.071688 rt_sigaction(SIGALRM, {0x805cad0, ~[RTMIN RT_1], 0}, NULL, 8) = 0
21649 14:47:13.071704 alarm(300)        = 300
21649 14:47:13.071716 recv(0, "TYPE I\r\n", 4096, MSG_PEEK) = 8
21649 14:47:13.071728 read(0, "TYPE I\r\n", 8) = 8
21649 14:47:13.071743 write(0, "200 Switching to Binary mode.\r\n", 31) = 31
21649 14:47:13.071779 rt_sigaction(SIGALRM, {0x805cad0, ~[RTMIN RT_1], 0}, NULL, 8) = 0
21649 14:47:13.071794 alarm(300)        = 300
21649 14:47:13.071805 recv(0, "PASV\r\n", 4096, MSG_PEEK) = 6
21649 14:47:13.071816 read(0, "PASV\r\n", 6) = 6
21649 14:47:13.071828 write(5, "\n", 1 <unfinished ...>
21647 14:47:13.071840 <... read resumed> "\n", 1) = 1
21649 14:47:13.071845 <... write resumed> ) = 1
21647 14:47:13.071853 write(4, "\1", 1) = 1
21647 14:47:13.071864 read(4,  <unfinished ...>
21649 14:47:13.071871 read(5, "\1", 1)  = 1
21649 14:47:13.071883 write(5, "\f", 1 <unfinished ...>
21647 14:47:13.071890 <... read resumed> "\f", 1) = 1
21649 14:47:13.071895 <... write resumed> ) = 1
21647 14:47:13.071903 socket(PF_INET, SOCK_STREAM, IPPROTO_TCP) = 5
21647 14:47:13.071918 setsockopt(5, SOL_SOCKET, SO_REUSEADDR, [1], 4) = 0
21647 14:47:13.071933 bind(5, {sa_family=AF_INET, sin_port=htons(56767), sin_addr=inet_addr("127.0.0.1")}, 16) = 0
21647 14:47:13.071950 listen(5, 1)      = 0
21647 14:47:13.071964 write(4, "\277\335\0\0", 4) = 4
21647 14:47:13.071975 read(4,  <unfinished ...>
21649 14:47:13.071982 read(5, "\277\335\0\0", 4) = 4
21649 14:47:13.071998 write(0, "227 Entering Passive Mode (127,0,0,1,221,191).\r\n", 48) = 48
21649 14:47:13.072139 rt_sigaction(SIGALRM, {0x805cad0, ~[RTMIN RT_1], 0}, NULL, 8) = 0
21649 14:47:13.072159 alarm(300)        = 300
21649 14:47:13.072180 recv(0, "RETR myfile12\r\n", 4096, MSG_PEEK) = 15
21649 14:47:13.072193 read(0, "RETR myfile12\r\n", 15) = 15
21649 14:47:13.072207 write(5, "\v", 1 <unfinished ...>
21647 14:47:13.072215 <... read resumed> "\v", 1) = 1
21649 14:47:13.072220 <... write resumed> ) = 1
21647 14:47:13.072227 write(4, "\1\0\0\0", 4) = 4
21647 14:47:13.072238 read(4,  <unfinished ...>
21649 14:47:13.072245 read(5, "\1\0\0\0", 4) = 4
21649 14:47:13.072257 gettimeofday({1495651633, 72261}, NULL) = 0
21649 14:47:13.072268 getcwd("/home/msfadmin", 4096) = 15
21649 14:47:13.072281 open("myfile12", O_RDONLY|O_NONBLOCK|O_LARGEFILE) = 4
21649 14:47:13.072296 fcntl64(4, F_SETLKW64, {type=F_RDLCK, whence=SEEK_SET, start=0, len=0}, 0xbfb8f5a4) = 0
21649 14:47:13.072311 fstat64(4, {st_mode=S_IFREG|0644, st_size=17, ...}) = 0
21649 14:47:13.072328 fcntl64(4, F_GETFL) = 0x8800 (flags O_RDONLY|O_NONBLOCK|O_LARGEFILE)
21649 14:47:13.072340 fcntl64(4, F_SETFL, O_RDONLY|O_LARGEFILE) = 0
21649 14:47:13.072351 write(5, "\v", 1 <unfinished ...>
21647 14:47:13.072360 <... read resumed> "\v", 1) = 1
21649 14:47:13.072365 <... write resumed> ) = 1
21647 14:47:13.072371 write(4, "\1\0\0\0", 4) = 4
21647 14:47:13.072382 read(4,  <unfinished ...>
21649 14:47:13.072389 read(5, "\1\0\0\0", 4) = 4
21649 14:47:13.072400 write(5, "\v", 1 <unfinished ...>
21647 14:47:13.072407 <... read resumed> "\v", 1) = 1
21649 14:47:13.072422 <... write resumed> ) = 1
21647 14:47:13.072429 write(4, "\1\0\0\0", 4) = 4
21647 14:47:13.072440 read(4,  <unfinished ...>
21649 14:47:13.072447 read(5, "\1\0\0\0", 4) = 4
21649 14:47:13.072458 write(5, "\r", 1 <unfinished ...>
21647 14:47:13.072465 <... read resumed> "\r", 1) = 1
21649 14:47:13.072470 <... write resumed> ) = 1
21647 14:47:13.072478 select(6, [5], NULL, NULL, {60, 0}) = 1 (in [5], left {60, 0})
21647 14:47:13.072495 accept(5, {sa_family=AF_INET, sin_port=htons(39980), sin_addr=inet_addr("127.0.0.1")}, [16]) = 6
21647 14:47:13.072517 write(4, "\1", 1) = 1
21647 14:47:13.072530 sendmsg(4, {msg_name(0)=NULL, msg_iov(1)=[{"\0", 1}], msg_controllen=16, {cmsg_len=16, cmsg_level=SOL_SOCKET, cmsg_type=SCM_RIGHTS, {6}}, msg_flags=0}, 0) = 1
21647 14:47:13.072547 close(6)          = 0
21647 14:47:13.072556 read(4,  <unfinished ...>
21649 14:47:13.072564 read(5, "\1", 1)  = 1
21649 14:47:13.072577 recvmsg(5, {msg_name(0)=NULL, msg_iov(1)=[{"\0", 1}], msg_controllen=16, {cmsg_len=16, cmsg_level=SOL_SOCKET, cmsg_type=SCM_RIGHTS, {6}}, msg_flags=0}, 0) = 1
21649 14:47:13.072595 setsockopt(6, SOL_SOCKET, SO_KEEPALIVE, [1], 4) = 0
21649 14:47:13.072633 setsockopt(6, SOL_IP, IP_TOS, [8], 4) = 0
21649 14:47:13.072649 setsockopt(6, SOL_SOCKET, SO_LINGER, {onoff=1, linger=32767}, 8) = 0
21649 14:47:13.072670 rt_sigaction(SIGALRM, {0x805cad0, ~[RTMIN RT_1], 0}, NULL, 8) = 0
21649 14:47:13.072684 alarm(300)        = 300
21649 14:47:13.072698 write(0, "150 Opening BINARY mode data connection for myfile12 (17 bytes).\r\n", 66) = 66
21649 14:47:13.072740 _llseek(4, 0, [0], SEEK_CUR) = 0
21649 14:47:13.072753 fstat64(4, {st_mode=S_IFREG|0644, st_size=17, ...}) = 0
21649 14:47:13.072770 _llseek(4, 0, [0], SEEK_SET) = 0
21649 14:47:13.072781 sendfile(6, 4, NULL, 17) = 17
21649 14:47:13.072811 rt_sigaction(SIGALRM, {0x805cad0, ~[RTMIN RT_1], 0}, NULL, 8) = 0
21649 14:47:13.072826 alarm(300)        = 300
21649 14:47:13.072836 close(6)          = 0
21649 14:47:13.072874 alarm(0)          = 300
21649 14:47:13.072885 gettimeofday({1495651633, 72889}, NULL) = 0
21649 14:47:13.072901 gettimeofday({1495651633, 72905}, NULL) = 0
21649 14:47:13.072915 fcntl64(3, F_SETLKW64, {type=F_WRLCK, whence=SEEK_SET, start=0, len=0}, 0xbfb8f544) = 0
21649 14:47:13.072930 write(3, "Wed May 24 14:47:13 2017 [pid 21649] [msfadmin] OK DOWNLOAD: Client \"127.0.0.1\", \"/home/msfadmin/myfile12\", 17 bytes, 25.78Kbyte/sec\n", 133) = 133
21649 14:47:13.072953 fcntl64(3, F_SETLK64, {type=F_UNLCK, whence=SEEK_SET, start=0, len=0}, 0xbfb8f54c) = 0
21649 14:47:13.072967 write(0, "226 Transfer complete.\r\n", 24) = 24
21649 14:47:13.073032 write(5, "\n", 1 <unfinished ...>
21647 14:47:13.073043 <... read resumed> "\n", 1) = 1
21649 14:47:13.073048 <... write resumed> ) = 1
21647 14:47:13.073054 close(5)          = 0
21647 14:47:13.073066 write(4, "\1", 1) = 1
21647 14:47:13.073077 read(4,  <unfinished ...>
21649 14:47:13.073084 read(5, "\1", 1)  = 1
21649 14:47:13.073096 close(4)          = 0
21649 14:47:13.073136 rt_sigaction(SIGALRM, {0x805cad0, ~[RTMIN RT_1], 0}, NULL, 8) = 0
21649 14:47:13.073152 alarm(300)        = 0
21649 14:47:13.073173 recv(0,  <unfinished ...>
21652 14:47:13.250763 <... recv resumed> "TYPE I\r\n", 4096, MSG_PEEK) = 8
21652 14:47:13.250795 read(0, "TYPE I\r\n", 8) = 8
21652 14:47:13.250817 write(0, "200 Switching to Binary mode.\r\n", 31) = 31
21652 14:47:13.250866 rt_sigaction(SIGALRM, {0x805cad0, ~[RTMIN RT_1], 0}, NULL, 8) = 0
21652 14:47:13.250884 alarm(300)        = 299
21652 14:47:13.250897 recv(0, "PASV\r\n", 4096, MSG_PEEK) = 6
21652 14:47:13.250909 read(0, "PASV\r\n", 6) = 6
21652 14:47:13.250921 write(5, "\n", 1) = 1
21652 14:47:13.250934 read(5,  <unfinished ...>
21650 14:47:13.250943 <... read resumed> "\n", 1) = 1
21650 14:47:13.250952 write(4, "\1", 1) = 1
21652 14:47:13.250963 <... read resumed> "\1", 1) = 1
21652 14:47:13.250970 write(5, "\f", 1) = 1
21652 14:47:13.250980 read(5,  <unfinished ...>
21650 14:47:13.250987 read(4, "\f", 1)  = 1
21650 14:47:13.250999 socket(PF_INET, SOCK_STREAM, IPPROTO_TCP) = 5
21650 14:47:13.251024 setsockopt(5, SOL_SOCKET, SO_REUSEADDR, [1], 4) = 0
21650 14:47:13.251039 bind(5, {sa_family=AF_INET, sin_port=htons(54218), sin_addr=inet_addr("127.0.0.1")}, 16) = 0
21650 14:47:13.251056 listen(5, 1)      = 0
21650 14:47:13.251069 write(4, "\312\323\0\0", 4) = 4
21652 14:47:13.251081 <... read resumed> "\312\323\0\0", 4) = 4
21652 14:47:13.251093 write(0, "227 Entering Passive Mode (127,0,0,1,211,202).\r\n", 48) = 48
21652 14:47:13.251207 rt_sigaction(SIGALRM, {0x805cad0, ~[RTMIN RT_1], 0}, NULL, 8) = 0
21652 14:47:13.251224 alarm(300)        = 300
21652 14:47:13.251236 recv(0, "STOR myfile21\r\n", 4096, MSG_PEEK) = 15
21652 14:47:13.251248 read(0, "STOR myfile21\r\n", 15) = 15
21652 14:47:13.251262 write(5, "\v", 1) = 1
21652 14:47:13.251272 read(5,  <unfinished ...>
21650 14:47:13.251280 read(4, "\v", 1)  = 1
21650 14:47:13.251291 write(4, "\1\0\0\0", 4) = 4
21652 14:47:13.251302 <... read resumed> "\1\0\0\0", 4) = 4
21652 14:47:13.251310 gettimeofday({1495651633, 251314}, NULL) = 0
21652 14:47:13.251321 getcwd("/home/msfadmin", 4096) = 15
21652 14:47:13.251334 open("myfile21", O_WRONLY|O_CREAT|O_NONBLOCK|O_LARGEFILE, 0666) = 4
21652 14:47:13.251348 fstat64(4, {st_mode=S_IFREG|0644, st_size=17, ...}) = 0
21652 14:47:13.251366 fcntl64(4, F_GETFL) = 0x8801 (flags O_WRONLY|O_NONBLOCK|O_LARGEFILE)
21652 14:47:13.251378 fcntl64(4, F_SETFL, O_WRONLY|O_LARGEFILE) = 0
21652 14:47:13.251388 fcntl64(4, F_SETLKW64, {type=F_WRLCK, whence=SEEK_SET, start=0, len=0}, 0xbff3e924) = 0
21652 14:47:13.251402 ftruncate64(4, 0) = 0
21652 14:47:13.251422 _llseek(4, 0, [0], SEEK_SET) = 0
21652 14:47:13.251433 write(5, "\v", 1) = 1
21652 14:47:13.251444 read(5,  <unfinished ...>
21650 14:47:13.251451 read(4, "\v", 1)  = 1
21650 14:47:13.251462 write(4, "\1\0\0\0", 4) = 4
21652 14:47:13.251473 <... read resumed> "\1\0\0\0", 4) = 4
21652 14:47:13.251480 write(5, "\v", 1) = 1
21652 14:47:13.251490 read(5,  <unfinished ...>
21650 14:47:13.251497 read(4, "\v", 1)  = 1
21650 14:47:13.251508 write(4, "\1\0\0\0", 4) = 4
21652 14:47:13.251518 <... read resumed> "\1\0\0\0", 4) = 4
21652 14:47:13.251526 write(5, "\r", 1) = 1
21652 14:47:13.251536 read(5,  <unfinished ...>
21650 14:47:13.251573 read(4, "\r", 1)  = 1
21650 14:47:13.251586 select(6, [5], NULL, NULL, {60, 0}) = 1 (in [5], left {60, 0})
21650 14:47:13.251613 accept(5, {sa_family=AF_INET, sin_port=htons(55039), sin_addr=inet_addr("127.0.0.1")}, [16]) = 6
21650 14:47:13.251636 write(4, "\1", 1) = 1
21652 14:47:13.251646 <... read resumed> "\1", 1) = 1
21652 14:47:13.251655 recvmsg(5,  <unfinished ...>
21650 14:47:13.251664 sendmsg(4, {msg_name(0)=NULL, msg_iov(1)=[{"\0", 1}], msg_controllen=16, {cmsg_len=16, cmsg_level=SOL_SOCKET, cmsg_type=SCM_RIGHTS, {6}}, msg_flags=0}, 0) = 1
21652 14:47:13.251681 <... recvmsg resumed> {msg_name(0)=NULL, msg_iov(1)=[{"\0", 1}], msg_controllen=16, {cmsg_len=16, cmsg_level=SOL_SOCKET, cmsg_type=SCM_RIGHTS, {6}}, msg_flags=0}, 0) = 1
21652 14:47:13.251695 setsockopt(6, SOL_SOCKET, SO_KEEPALIVE, [1], 4) = 0
21652 14:47:13.251707 setsockopt(6, SOL_IP, IP_TOS, [8], 4) = 0
21652 14:47:13.251719 setsockopt(6, SOL_SOCKET, SO_LINGER, {onoff=1, linger=32767}, 8) = 0
21652 14:47:13.251730 rt_sigaction(SIGALRM, {0x805cad0, ~[RTMIN RT_1], 0}, NULL, 8) = 0
21652 14:47:13.251744 alarm(300)        = 300
21652 14:47:13.251757 write(0, "150 Ok to send data.\r\n", 22) = 22
21652 14:47:13.251823 read(6, "assasaaa\na\na\na\na\n", 65536) = 17
21652 14:47:13.251838 write(4, "assasaaa\na\na\na\na\n", 17) = 17
21652 14:47:13.251854 read(6, "", 65536) = 0
21652 14:47:13.251865 rt_sigaction(SIGALRM, {0x805cad0, ~[RTMIN RT_1], 0}, NULL, 8) = 0
21652 14:47:13.251879 alarm(300)        = 300
21652 14:47:13.251888 close(6)          = 0
21652 14:47:13.251898 alarm(0)          = 300
21652 14:47:13.251907 gettimeofday({1495651633, 251911}, NULL) = 0
21652 14:47:13.251923 gettimeofday({1495651633, 251927}, NULL) = 0
21652 14:47:13.251937 fcntl64(3, F_SETLKW64, {type=F_WRLCK, whence=SEEK_SET, start=0, len=0}, 0xbff3e8c4) = 0
21652 14:47:13.251957 write(3, "Wed May 24 14:47:13 2017 [pid 21652] [msfadmin] OK UPLOAD: Client \"127.0.0.1\", \"/home/msfadmin/myfile21\", 17 bytes, 27.08Kbyte/sec\n", 131) = 131
21652 14:47:13.251979 fcntl64(3, F_SETLK64, {type=F_UNLCK, whence=SEEK_SET, start=0, len=0}, 0xbff3e8cc) = 0
21652 14:47:13.251994 write(0, "226 Transfer complete.\r\n", 24) = 24
21652 14:47:13.252038 write(5, "\n", 1) = 1
21652 14:47:13.252050 read(5,  <unfinished ...>
21650 14:47:13.252057 close(6)          = 0
21650 14:47:13.252076 read(4, "\n", 1)  = 1
21650 14:47:13.252088 close(5)          = 0
21650 14:47:13.252099 write(4, "\1", 1) = 1
21652 14:47:13.252110 <... read resumed> "\1", 1) = 1
21652 14:47:13.252117 close(4)          = 0
21652 14:47:13.252127 rt_sigaction(SIGALRM, {0x805cad0, ~[RTMIN RT_1], 0}, NULL, 8) = 0
21652 14:47:13.252141 alarm(300)        = 0
21652 14:47:13.252152 recv(0,  <unfinished ...>
21650 14:47:13.252160 read(4,  <unfinished ...>
21649 14:47:13.590747 <... recv resumed> "USER msfadmin\r\n", 4096, MSG_PEEK) = 15
21649 14:47:13.590790 read(0, "USER msfadmin\r\n", 15) = 15
21649 14:47:13.590816 write(0, "331 Any password will do.\r\n", 27) = 27
21649 14:47:13.590862 rt_sigaction(SIGALRM, {0x805cad0, ~[RTMIN RT_1], 0}, NULL, 8) = 0
21649 14:47:13.590881 alarm(300)        = 299
21649 14:47:13.590894 recv(0, "PASS msfadmin\r\n", 4096, MSG_PEEK) = 15
21649 14:47:13.590906 read(0, "PASS msfadmin\r\n", 15) = 15
21649 14:47:13.590922 write(0, "230 Already logged in.\r\n", 24) = 24
21649 14:47:13.590986 rt_sigaction(SIGALRM, {0x805cad0, ~[RTMIN RT_1], 0}, NULL, 8) = 0
21649 14:47:13.591001 alarm(300)        = 300
21649 14:47:13.591012 recv(0, "TYPE I\r\n", 4096, MSG_PEEK) = 8
21649 14:47:13.591024 read(0, "TYPE I\r\n", 8) = 8
21649 14:47:13.591038 write(0, "200 Switching to Binary mode.\r\n", 31) = 31
21649 14:47:13.591075 rt_sigaction(SIGALRM, {0x805cad0, ~[RTMIN RT_1], 0}, NULL, 8) = 0
21649 14:47:13.591089 alarm(300)        = 300
21649 14:47:13.591100 recv(0, "PASV\r\n", 4096, MSG_PEEK) = 6
21649 14:47:13.591111 read(0, "PASV\r\n", 6) = 6
21649 14:47:13.591123 write(5, "\n", 1 <unfinished ...>
21647 14:47:13.591135 <... read resumed> "\n", 1) = 1
21649 14:47:13.591141 <... write resumed> ) = 1
21647 14:47:13.591148 write(4, "\1", 1) = 1
21647 14:47:13.591159 read(4,  <unfinished ...>
21649 14:47:13.591167 read(5, "\1", 1)  = 1
21649 14:47:13.591178 write(5, "\f", 1 <unfinished ...>
21647 14:47:13.591185 <... read resumed> "\f", 1) = 1
21649 14:47:13.591190 <... write resumed> ) = 1
21647 14:47:13.591198 socket(PF_INET, SOCK_STREAM, IPPROTO_TCP) = 5
21647 14:47:13.591213 setsockopt(5, SOL_SOCKET, SO_REUSEADDR, [1], 4) = 0
21647 14:47:13.591228 bind(5, {sa_family=AF_INET, sin_port=htons(51866), sin_addr=inet_addr("127.0.0.1")}, 16) = 0
21647 14:47:13.591245 listen(5, 1)      = 0
21647 14:47:13.591258 write(4, "\232\312\0\0", 4) = 4
21647 14:47:13.591270 read(4,  <unfinished ...>
21649 14:47:13.591277 read(5, "\232\312\0\0", 4) = 4
21649 14:47:13.591293 write(0, "227 Entering Passive Mode (127,0,0,1,202,154).\r\n", 48) = 48
21649 14:47:13.591406 rt_sigaction(SIGALRM, {0x805cad0, ~[RTMIN RT_1], 0}, NULL, 8) = 0
21649 14:47:13.591423 alarm(300)        = 300
21649 14:47:13.591434 recv(0, "RETR myfile13\r\n", 4096, MSG_PEEK) = 15
21649 14:47:13.591446 read(0, "RETR myfile13\r\n", 15) = 15
21649 14:47:13.591459 write(5, "\v", 1 <unfinished ...>
21647 14:47:13.591467 <... read resumed> "\v", 1) = 1
21649 14:47:13.591472 <... write resumed> ) = 1
21647 14:47:13.591479 write(4, "\1\0\0\0", 4) = 4
21647 14:47:13.591490 read(4,  <unfinished ...>
21649 14:47:13.591497 read(5, "\1\0\0\0", 4) = 4
21649 14:47:13.591509 gettimeofday({1495651633, 591514}, NULL) = 0
21649 14:47:13.591521 getcwd("/home/msfadmin", 4096) = 15
21649 14:47:13.591534 open("myfile13", O_RDONLY|O_NONBLOCK|O_LARGEFILE) = 4
21649 14:47:13.591566 fcntl64(4, F_SETLKW64, {type=F_RDLCK, whence=SEEK_SET, start=0, len=0}, 0xbfb8f5a4) = 0
21649 14:47:13.591616 fstat64(4, {st_mode=S_IFREG|0644, st_size=17, ...}) = 0
21649 14:47:13.591634 fcntl64(4, F_GETFL) = 0x8800 (flags O_RDONLY|O_NONBLOCK|O_LARGEFILE)
21649 14:47:13.591653 fcntl64(4, F_SETFL, O_RDONLY|O_LARGEFILE) = 0
21649 14:47:13.591665 write(5, "\v", 1 <unfinished ...>
21647 14:47:13.591674 <... read resumed> "\v", 1) = 1
21649 14:47:13.591679 <... write resumed> ) = 1
21647 14:47:13.591685 write(4, "\1\0\0\0", 4) = 4
21647 14:47:13.591696 read(4,  <unfinished ...>
21649 14:47:13.591703 read(5, "\1\0\0\0", 4) = 4
21649 14:47:13.591715 write(5, "\v", 1 <unfinished ...>
21647 14:47:13.591722 <... read resumed> "\v", 1) = 1
21649 14:47:13.591727 <... write resumed> ) = 1
21647 14:47:13.591733 write(4, "\1\0\0\0", 4) = 4
21647 14:47:13.591743 read(4,  <unfinished ...>
21649 14:47:13.591750 read(5, "\1\0\0\0", 4) = 4
21649 14:47:13.591761 write(5, "\r", 1 <unfinished ...>
21647 14:47:13.591769 <... read resumed> "\r", 1) = 1
21649 14:47:13.591774 <... write resumed> ) = 1
21647 14:47:13.591781 select(6, [5], NULL, NULL, {60, 0}) = 1 (in [5], left {60, 0})
21647 14:47:13.591798 accept(5, {sa_family=AF_INET, sin_port=htons(42827), sin_addr=inet_addr("127.0.0.1")}, [16]) = 6
21647 14:47:13.591820 write(4, "\1", 1) = 1
21647 14:47:13.591832 sendmsg(4, {msg_name(0)=NULL, msg_iov(1)=[{"\0", 1}], msg_controllen=16, {cmsg_len=16, cmsg_level=SOL_SOCKET, cmsg_type=SCM_RIGHTS, {6}}, msg_flags=0}, 0) = 1
21647 14:47:13.591850 close(6)          = 0
21647 14:47:13.591859 read(4,  <unfinished ...>
21649 14:47:13.591866 read(5, "\1", 1)  = 1
21649 14:47:13.591879 recvmsg(5, {msg_name(0)=NULL, msg_iov(1)=[{"\0", 1}], msg_controllen=16, {cmsg_len=16, cmsg_level=SOL_SOCKET, cmsg_type=SCM_RIGHTS, {6}}, msg_flags=0}, 0) = 1
21649 14:47:13.591897 setsockopt(6, SOL_SOCKET, SO_KEEPALIVE, [1], 4) = 0
21649 14:47:13.591910 setsockopt(6, SOL_IP, IP_TOS, [8], 4) = 0
21649 14:47:13.591922 setsockopt(6, SOL_SOCKET, SO_LINGER, {onoff=1, linger=32767}, 8) = 0
21649 14:47:13.591933 rt_sigaction(SIGALRM, {0x805cad0, ~[RTMIN RT_1], 0}, NULL, 8) = 0
21649 14:47:13.591947 alarm(300)        = 300
21649 14:47:13.591960 write(0, "150 Opening BINARY mode data connection for myfile13 (17 bytes).\r\n", 66) = 66
21649 14:47:13.592003 _llseek(4, 0, [0], SEEK_CUR) = 0
21649 14:47:13.592015 fstat64(4, {st_mode=S_IFREG|0644, st_size=17, ...}) = 0
21649 14:47:13.592033 _llseek(4, 0, [0], SEEK_SET) = 0
21649 14:47:13.592044 sendfile(6, 4, NULL, 17) = 17
21649 14:47:13.592075 rt_sigaction(SIGALRM, {0x805cad0, ~[RTMIN RT_1], 0}, NULL, 8) = 0
21649 14:47:13.592089 alarm(300)        = 300
21649 14:47:13.592099 close(6)          = 0
21649 14:47:13.592135 alarm(0)          = 300
21649 14:47:13.592146 gettimeofday({1495651633, 592150}, NULL) = 0
21649 14:47:13.592162 gettimeofday({1495651633, 592166}, NULL) = 0
21649 14:47:13.592177 fcntl64(3, F_SETLKW64, {type=F_WRLCK, whence=SEEK_SET, start=0, len=0}, 0xbfb8f544) = 0
21649 14:47:13.592191 write(3, "Wed May 24 14:47:13 2017 [pid 21649] [msfadmin] OK DOWNLOAD: Client \"127.0.0.1\", \"/home/msfadmin/myfile13\", 17 bytes, 25.46Kbyte/sec\n", 133) = 133
21649 14:47:13.592213 fcntl64(3, F_SETLK64, {type=F_UNLCK, whence=SEEK_SET, start=0, len=0}, 0xbfb8f54c) = 0
21649 14:47:13.592227 write(0, "226 Transfer complete.\r\n", 24) = 24
21649 14:47:13.592292 write(5, "\n", 1 <unfinished ...>
21647 14:47:13.592302 <... read resumed> "\n", 1) = 1
21649 14:47:13.592307 <... write resumed> ) = 1
21647 14:47:13.592313 close(5)          = 0
21647 14:47:13.592325 write(4, "\1", 1) = 1
21647 14:47:13.592336 read(4,  <unfinished ...>
21649 14:47:13.592343 read(5, "\1", 1)  = 1
21649 14:47:13.592355 close(4)          = 0
21649 14:47:13.592365 rt_sigaction(SIGALRM, {0x805cad0, ~[RTMIN RT_1], 0}, NULL, 8) = 0
21649 14:47:13.592379 alarm(300)        = 0
21649 14:47:13.592390 recv(0,  <unfinished ...>
21652 14:47:13.790832 <... recv resumed> "TYPE I\r\n", 4096, MSG_PEEK) = 8
21652 14:47:13.790864 read(0, "TYPE I\r\n", 8) = 8
21652 14:47:13.790886 write(0, "200 Switching to Binary mode.\r\n", 31) = 31
21652 14:47:13.790935 rt_sigaction(SIGALRM, {0x805cad0, ~[RTMIN RT_1], 0}, NULL, 8) = 0
21652 14:47:13.790953 alarm(300)        = 299
21652 14:47:13.790966 recv(0, "PASV\r\n", 4096, MSG_PEEK) = 6
21652 14:47:13.790985 read(0, "PASV\r\n", 6) = 6
21652 14:47:13.790998 write(5, "\n", 1) = 1
21652 14:47:13.791010 read(5,  <unfinished ...>
21650 14:47:13.791019 <... read resumed> "\n", 1) = 1
21650 14:47:13.791029 write(4, "\1", 1) = 1
21652 14:47:13.791040 <... read resumed> "\1", 1) = 1
21652 14:47:13.791047 write(5, "\f", 1) = 1
21652 14:47:13.791057 read(5,  <unfinished ...>
21650 14:47:13.791064 read(4, "\f", 1)  = 1
21650 14:47:13.791077 socket(PF_INET, SOCK_STREAM, IPPROTO_TCP) = 5
21650 14:47:13.791092 setsockopt(5, SOL_SOCKET, SO_REUSEADDR, [1], 4) = 0
21650 14:47:13.791107 bind(5, {sa_family=AF_INET, sin_port=htons(11634), sin_addr=inet_addr("127.0.0.1")}, 16) = 0
21650 14:47:13.791123 listen(5, 1)      = 0
21650 14:47:13.791137 write(4, "r-\0\0", 4) = 4
21652 14:47:13.791148 <... read resumed> "r-\0\0", 4) = 4
21652 14:47:13.791160 write(0, "227 Entering Passive Mode (127,0,0,1,45,114).\r\n", 47) = 47
21652 14:47:13.791273 rt_sigaction(SIGALRM, {0x805cad0, ~[RTMIN RT_1], 0}, NULL, 8) = 0
21652 14:47:13.791290 alarm(300)        = 300
21652 14:47:13.791302 recv(0, "STOR myfile22\r\n", 4096, MSG_PEEK) = 15
21652 14:47:13.791314 read(0, "STOR myfile22\r\n", 15) = 15
21652 14:47:13.791328 write(5, "\v", 1) = 1
21652 14:47:13.791339 read(5,  <unfinished ...>
21650 14:47:13.791346 read(4, "\v", 1)  = 1
21650 14:47:13.791357 write(4, "\1\0\0\0", 4) = 4
21652 14:47:13.791368 <... read resumed> "\1\0\0\0", 4) = 4
21652 14:47:13.791376 gettimeofday({1495651633, 791380}, NULL) = 0
21652 14:47:13.791387 getcwd("/home/msfadmin", 4096) = 15
21652 14:47:13.791400 open("myfile22", O_WRONLY|O_CREAT|O_NONBLOCK|O_LARGEFILE, 0666) = 4
21652 14:47:13.791415 fstat64(4, {st_mode=S_IFREG|0644, st_size=17, ...}) = 0
21652 14:47:13.791433 fcntl64(4, F_GETFL) = 0x8801 (flags O_WRONLY|O_NONBLOCK|O_LARGEFILE)
21652 14:47:13.791445 fcntl64(4, F_SETFL, O_WRONLY|O_LARGEFILE) = 0
21652 14:47:13.791455 fcntl64(4, F_SETLKW64, {type=F_WRLCK, whence=SEEK_SET, start=0, len=0}, 0xbff3e924) = 0
21652 14:47:13.791470 ftruncate64(4, 0) = 0
21652 14:47:13.791490 _llseek(4, 0, [0], SEEK_SET) = 0
21652 14:47:13.791501 write(5, "\v", 1) = 1
21652 14:47:13.791512 read(5,  <unfinished ...>
21650 14:47:13.791519 read(4, "\v", 1)  = 1
21650 14:47:13.791530 write(4, "\1\0\0\0", 4) = 4
21652 14:47:13.791541 <... read resumed> "\1\0\0\0", 4) = 4
21652 14:47:13.791549 write(5, "\v", 1) = 1
21652 14:47:13.791559 read(5,  <unfinished ...>
21650 14:47:13.791565 read(4, "\v", 1)  = 1
21650 14:47:13.791603 write(4, "\1\0\0\0", 4) = 4
21652 14:47:13.791624 <... read resumed> "\1\0\0\0", 4) = 4
21652 14:47:13.791642 write(5, "\r", 1) = 1
21652 14:47:13.791652 read(5,  <unfinished ...>
21650 14:47:13.791659 read(4, "\r", 1)  = 1
21650 14:47:13.791671 select(6, [5], NULL, NULL, {60, 0}) = 1 (in [5], left {60, 0})
21650 14:47:13.791688 accept(5, {sa_family=AF_INET, sin_port=htons(36163), sin_addr=inet_addr("127.0.0.1")}, [16]) = 6
21650 14:47:13.791710 write(4, "\1", 1) = 1
21652 14:47:13.791721 <... read resumed> "\1", 1) = 1
21652 14:47:13.791730 recvmsg(5,  <unfinished ...>
21650 14:47:13.791739 sendmsg(4, {msg_name(0)=NULL, msg_iov(1)=[{"\0", 1}], msg_controllen=16, {cmsg_len=16, cmsg_level=SOL_SOCKET, cmsg_type=SCM_RIGHTS, {6}}, msg_flags=0}, 0) = 1
21652 14:47:13.791756 <... recvmsg resumed> {msg_name(0)=NULL, msg_iov(1)=[{"\0", 1}], msg_controllen=16, {cmsg_len=16, cmsg_level=SOL_SOCKET, cmsg_type=SCM_RIGHTS, {6}}, msg_flags=0}, 0) = 1
21652 14:47:13.791769 setsockopt(6, SOL_SOCKET, SO_KEEPALIVE, [1], 4) = 0
21652 14:47:13.791782 setsockopt(6, SOL_IP, IP_TOS, [8], 4) = 0
21652 14:47:13.791793 setsockopt(6, SOL_SOCKET, SO_LINGER, {onoff=1, linger=32767}, 8) = 0
21652 14:47:13.791805 rt_sigaction(SIGALRM, {0x805cad0, ~[RTMIN RT_1], 0}, NULL, 8) = 0
21652 14:47:13.791818 alarm(300)        = 300
21652 14:47:13.791831 write(0, "150 Ok to send data.\r\n", 22) = 22
21652 14:47:13.791897 read(6, "assasaaa\na\na\na\na\n", 65536) = 17
21652 14:47:13.791912 write(4, "assasaaa\na\na\na\na\n", 17) = 17
21652 14:47:13.791928 read(6, "", 65536) = 0
21652 14:47:13.791941 rt_sigaction(SIGALRM, {0x805cad0, ~[RTMIN RT_1], 0}, NULL, 8) = 0
21652 14:47:13.791955 alarm(300)        = 300
21652 14:47:13.791965 close(6)          = 0
21652 14:47:13.791975 alarm(0)          = 300
21652 14:47:13.791984 gettimeofday({1495651633, 791988}, NULL) = 0
21652 14:47:13.792000 gettimeofday({1495651633, 792004}, NULL) = 0
21652 14:47:13.792014 fcntl64(3, F_SETLKW64, {type=F_WRLCK, whence=SEEK_SET, start=0, len=0}, 0xbff3e8c4) = 0
21652 14:47:13.792029 write(3, "Wed May 24 14:47:13 2017 [pid 21652] [msfadmin] OK UPLOAD: Client \"127.0.0.1\", \"/home/msfadmin/myfile22\", 17 bytes, 26.61Kbyte/sec\n", 131) = 131
21652 14:47:13.792051 fcntl64(3, F_SETLK64, {type=F_UNLCK, whence=SEEK_SET, start=0, len=0}, 0xbff3e8cc) = 0
21652 14:47:13.792066 write(0, "226 Transfer complete.\r\n", 24) = 24
21652 14:47:13.792110 write(5, "\n", 1) = 1
21652 14:47:13.792123 read(5,  <unfinished ...>
21650 14:47:13.792130 close(6)          = 0
21650 14:47:13.792148 read(4, "\n", 1)  = 1
21650 14:47:13.792160 close(5)          = 0
21650 14:47:13.792171 write(4, "\1", 1) = 1
21652 14:47:13.792182 <... read resumed> "\1", 1) = 1
21652 14:47:13.792189 close(4)          = 0
21652 14:47:13.792199 rt_sigaction(SIGALRM, {0x805cad0, ~[RTMIN RT_1], 0}, NULL, 8) = 0
21652 14:47:13.792213 alarm(300)        = 0
21652 14:47:13.792224 recv(0,  <unfinished ...>
21650 14:47:13.792231 read(4,  <unfinished ...>
21649 14:47:14.101769 <... recv resumed> "USER msfadmin\r\n", 4096, MSG_PEEK) = 15
21649 14:47:14.101939 read(0, "USER msfadmin\r\n", 15) = 15
21649 14:47:14.102084 write(0, "331 Any password will do.\r\n", 27) = 27
21649 14:47:14.102196 rt_sigaction(SIGALRM, {0x805cad0, ~[RTMIN RT_1], 0}, NULL, 8) = 0
21649 14:47:14.102233 alarm(300)        = 299
21649 14:47:14.102275 recv(0, "PASS msfadmin\r\n", 4096, MSG_PEEK) = 15
21649 14:47:14.102300 read(0, "PASS msfadmin\r\n", 15) = 15
21649 14:47:14.102328 write(0, "230 Already logged in.\r\n", 24) = 24
21649 14:47:14.102403 rt_sigaction(SIGALRM, {0x805cad0, ~[RTMIN RT_1], 0}, NULL, 8) = 0
21649 14:47:14.102419 alarm(300)        = 300
21649 14:47:14.102430 recv(0, "TYPE I\r\n", 4096, MSG_PEEK) = 8
21649 14:47:14.102442 read(0, "TYPE I\r\n", 8) = 8
21649 14:47:14.102456 write(0, "200 Switching to Binary mode.\r\n", 31) = 31
21649 14:47:14.102492 rt_sigaction(SIGALRM, {0x805cad0, ~[RTMIN RT_1], 0}, NULL, 8) = 0
21649 14:47:14.102507 alarm(300)        = 300
21649 14:47:14.102518 recv(0, "PASV\r\n", 4096, MSG_PEEK) = 6
21649 14:47:14.102529 read(0, "PASV\r\n", 6) = 6
21649 14:47:14.102541 write(5, "\n", 1 <unfinished ...>
21647 14:47:14.102553 <... read resumed> "\n", 1) = 1
21649 14:47:14.102558 <... write resumed> ) = 1
21647 14:47:14.102565 write(4, "\1", 1) = 1
21647 14:47:14.102576 read(4,  <unfinished ...>
21649 14:47:14.102584 read(5, "\1", 1)  = 1
21649 14:47:14.102596 write(5, "\f", 1 <unfinished ...>
21647 14:47:14.102603 <... read resumed> "\f", 1) = 1
21649 14:47:14.102607 <... write resumed> ) = 1
21647 14:47:14.102615 socket(PF_INET, SOCK_STREAM, IPPROTO_TCP) = 5
21647 14:47:14.102631 setsockopt(5, SOL_SOCKET, SO_REUSEADDR, [1], 4) = 0
21647 14:47:14.102645 bind(5, {sa_family=AF_INET, sin_port=htons(28312), sin_addr=inet_addr("127.0.0.1")}, 16) = 0
21647 14:47:14.102663 listen(5, 1)      = 0
21647 14:47:14.102677 write(4, "\230n\0\0", 4) = 4
21647 14:47:14.102688 read(4,  <unfinished ...>
21649 14:47:14.102695 read(5, "\230n\0\0", 4) = 4
21649 14:47:14.102711 write(0, "227 Entering Passive Mode (127,0,0,1,110,152).\r\n", 48) = 48
21649 14:47:14.102883 rt_sigaction(SIGALRM, {0x805cad0, ~[RTMIN RT_1], 0}, NULL, 8) = 0
21649 14:47:14.102900 alarm(300)        = 300
21649 14:47:14.102912 recv(0, "RETR myfile14\r\n", 4096, MSG_PEEK) = 15
21649 14:47:14.102924 read(0, "RETR myfile14\r\n", 15) = 15
21649 14:47:14.102937 write(5, "\v", 1 <unfinished ...>
21647 14:47:14.102946 <... read resumed> "\v", 1) = 1
21649 14:47:14.102951 <... write resumed> ) = 1
21647 14:47:14.102957 write(4, "\1\0\0\0", 4) = 4
21647 14:47:14.102968 read(4,  <unfinished ...>
21649 14:47:14.102975 read(5, "\1\0\0\0", 4) = 4
21649 14:47:14.102994 gettimeofday({1495651634, 102998}, NULL) = 0
21649 14:47:14.103005 getcwd("/home/msfadmin", 4096) = 15
21649 14:47:14.103018 open("myfile14", O_RDONLY|O_NONBLOCK|O_LARGEFILE) = 4
21649 14:47:14.103033 fcntl64(4, F_SETLKW64, {type=F_RDLCK, whence=SEEK_SET, start=0, len=0}, 0xbfb8f5a4) = 0
21649 14:47:14.103048 fstat64(4, {st_mode=S_IFREG|0644, st_size=17, ...}) = 0
21649 14:47:14.103066 fcntl64(4, F_GETFL) = 0x8800 (flags O_RDONLY|O_NONBLOCK|O_LARGEFILE)
21649 14:47:14.103077 fcntl64(4, F_SETFL, O_RDONLY|O_LARGEFILE) = 0
21649 14:47:14.103089 write(5, "\v", 1 <unfinished ...>
21647 14:47:14.103097 <... read resumed> "\v", 1) = 1
21649 14:47:14.103102 <... write resumed> ) = 1
21647 14:47:14.103108 write(4, "\1\0\0\0", 4) = 4
21647 14:47:14.103119 read(4,  <unfinished ...>
21649 14:47:14.103126 read(5, "\1\0\0\0", 4) = 4
21649 14:47:14.103137 write(5, "\v", 1 <unfinished ...>
21647 14:47:14.103144 <... read resumed> "\v", 1) = 1
21649 14:47:14.103149 <... write resumed> ) = 1
21647 14:47:14.103155 write(4, "\1\0\0\0", 4) = 4
21647 14:47:14.103166 read(4,  <unfinished ...>
21649 14:47:14.103173 read(5, "\1\0\0\0", 4) = 4
21649 14:47:14.103184 write(5, "\r", 1 <unfinished ...>
21647 14:47:14.103191 <... read resumed> "\r", 1) = 1
21649 14:47:14.103196 <... write resumed> ) = 1
21647 14:47:14.103203 select(6, [5], NULL, NULL, {60, 0}) = 1 (in [5], left {60, 0})
21647 14:47:14.103220 accept(5, {sa_family=AF_INET, sin_port=htons(55957), sin_addr=inet_addr("127.0.0.1")}, [16]) = 6
21647 14:47:14.103242 write(4, "\1", 1) = 1
21647 14:47:14.103254 sendmsg(4, {msg_name(0)=NULL, msg_iov(1)=[{"\0", 1}], msg_controllen=16, {cmsg_len=16, cmsg_level=SOL_SOCKET, cmsg_type=SCM_RIGHTS, {6}}, msg_flags=0}, 0) = 1
21647 14:47:14.103271 close(6)          = 0
21647 14:47:14.103281 read(4,  <unfinished ...>
21649 14:47:14.103288 read(5, "\1", 1)  = 1
21649 14:47:14.103301 recvmsg(5, {msg_name(0)=NULL, msg_iov(1)=[{"\0", 1}], msg_controllen=16, {cmsg_len=16, cmsg_level=SOL_SOCKET, cmsg_type=SCM_RIGHTS, {6}}, msg_flags=0}, 0) = 1
21649 14:47:14.103319 setsockopt(6, SOL_SOCKET, SO_KEEPALIVE, [1], 4) = 0
21649 14:47:14.103331 setsockopt(6, SOL_IP, IP_TOS, [8], 4) = 0
21649 14:47:14.103343 setsockopt(6, SOL_SOCKET, SO_LINGER, {onoff=1, linger=32767}, 8) = 0
21649 14:47:14.103355 rt_sigaction(SIGALRM, {0x805cad0, ~[RTMIN RT_1], 0}, NULL, 8) = 0
21649 14:47:14.103368 alarm(300)        = 300
21649 14:47:14.103381 write(0, "150 Opening BINARY mode data connection for myfile14 (17 bytes).\r\n", 66) = 66
21649 14:47:14.103423 _llseek(4, 0, [0], SEEK_CUR) = 0
21649 14:47:14.103435 fstat64(4, {st_mode=S_IFREG|0644, st_size=17, ...}) = 0
21649 14:47:14.103453 _llseek(4, 0, [0], SEEK_SET) = 0
21649 14:47:14.103464 sendfile(6, 4, NULL, 17) = 17
21649 14:47:14.103495 rt_sigaction(SIGALRM, {0x805cad0, ~[RTMIN RT_1], 0}, NULL, 8) = 0
21649 14:47:14.103509 alarm(300)        = 300
21649 14:47:14.103519 close(6)          = 0
21649 14:47:14.103555 alarm(0)          = 300
21649 14:47:14.103566 gettimeofday({1495651634, 103569}, NULL) = 0
21649 14:47:14.103581 gettimeofday({1495651634, 103585}, NULL) = 0
21649 14:47:14.103596 fcntl64(3, F_SETLKW64, {type=F_WRLCK, whence=SEEK_SET, start=0, len=0}, 0xbfb8f544) = 0
21649 14:47:14.103611 write(3, "Wed May 24 14:47:14 2017 [pid 21649] [msfadmin] OK DOWNLOAD: Client \"127.0.0.1\", \"/home/msfadmin/myfile14\", 17 bytes, 28.28Kbyte/sec\n", 133) = 133
21649 14:47:14.103632 fcntl64(3, F_SETLK64, {type=F_UNLCK, whence=SEEK_SET, start=0, len=0}, 0xbfb8f54c) = 0
21649 14:47:14.103647 write(0, "226 Transfer complete.\r\n", 24) = 24
21649 14:47:14.103711 write(5, "\n", 1 <unfinished ...>
21647 14:47:14.103721 <... read resumed> "\n", 1) = 1
21649 14:47:14.103726 <... write resumed> ) = 1
21647 14:47:14.103732 close(5)          = 0
21647 14:47:14.103745 write(4, "\1", 1) = 1
21647 14:47:14.103784 read(4,  <unfinished ...>
21649 14:47:14.103793 read(5, "\1", 1)  = 1
21649 14:47:14.103805 close(4)          = 0
21649 14:47:14.103826 rt_sigaction(SIGALRM, {0x805cad0, ~[RTMIN RT_1], 0}, NULL, 8) = 0
21649 14:47:14.103843 alarm(300)        = 0
21649 14:47:14.103854 recv(0,  <unfinished ...>
21652 14:47:14.341720 <... recv resumed> "TYPE I\r\n", 4096, MSG_PEEK) = 8
21652 14:47:14.341864 read(0, "TYPE I\r\n", 8) = 8
21652 14:47:14.341991 write(0, "200 Switching to Binary mode.\r\n", 31) = 31
21652 14:47:14.342098 rt_sigaction(SIGALRM, {0x805cad0, ~[RTMIN RT_1], 0}, NULL, 8) = 0
21652 14:47:14.342134 alarm(300)        = 299
21652 14:47:14.342161 recv(0, "PASV\r\n", 4096, MSG_PEEK) = 6
21652 14:47:14.342179 read(0, "PASV\r\n", 6) = 6
21652 14:47:14.342192 write(5, "\n", 1) = 1
21652 14:47:14.342205 read(5,  <unfinished ...>
21650 14:47:14.342213 <... read resumed> "\n", 1) = 1
21650 14:47:14.342223 write(4, "\1", 1) = 1
21652 14:47:14.342233 <... read resumed> "\1", 1) = 1
21652 14:47:14.342241 write(5, "\f", 1) = 1
21652 14:47:14.342251 read(5,  <unfinished ...>
21650 14:47:14.342258 read(4, "\f", 1)  = 1
21650 14:47:14.342270 socket(PF_INET, SOCK_STREAM, IPPROTO_TCP) = 5
21650 14:47:14.342286 setsockopt(5, SOL_SOCKET, SO_REUSEADDR, [1], 4) = 0
21650 14:47:14.342301 bind(5, {sa_family=AF_INET, sin_port=htons(21548), sin_addr=inet_addr("127.0.0.1")}, 16) = 0
21650 14:47:14.342318 listen(5, 1)      = 0
21650 14:47:14.342331 write(4, ",T\0\0", 4) = 4
21652 14:47:14.342342 <... read resumed> ",T\0\0", 4) = 4
21652 14:47:14.342354 write(0, "227 Entering Passive Mode (127,0,0,1,84,44).\r\n", 46) = 46
21652 14:47:14.342470 rt_sigaction(SIGALRM, {0x805cad0, ~[RTMIN RT_1], 0}, NULL, 8) = 0
21652 14:47:14.342487 alarm(300)        = 300
21652 14:47:14.342499 recv(0, "STOR myfile23\r\n", 4096, MSG_PEEK) = 15
21652 14:47:14.342511 read(0, "STOR myfile23\r\n", 15) = 15
21652 14:47:14.342525 write(5, "\v", 1) = 1
21652 14:47:14.342535 read(5,  <unfinished ...>
21650 14:47:14.342542 read(4, "\v", 1)  = 1
21650 14:47:14.342554 write(4, "\1\0\0\0", 4) = 4
21652 14:47:14.342564 <... read resumed> "\1\0\0\0", 4) = 4
21652 14:47:14.342572 gettimeofday({1495651634, 342576}, NULL) = 0
21652 14:47:14.342584 getcwd("/home/msfadmin", 4096) = 15
21652 14:47:14.342596 open("myfile23", O_WRONLY|O_CREAT|O_NONBLOCK|O_LARGEFILE, 0666) = 4
