23522 15:06:24.627160 mmap2(NULL, 1624, PROT_READ, MAP_SHARED, 5, 0) = 0xb7ee9000
23522 15:06:24.627170 _llseek(5, 1624, [1624], SEEK_SET) = 0
23522 15:06:24.627187 munmap(0xb7ee9000, 1624) = 0
23522 15:06:24.627196 close(5)          = 0
23522 15:06:24.627209 open("/etc/shadow", O_RDONLY|0x80000 /* O_??? */) = 5
23522 15:06:24.627222 _llseek(5, 0, [0], SEEK_CUR) = 0
23522 15:06:24.627232 fstat64(5, {st_mode=S_IFREG|0640, st_size=1233, ...}) = 0
23522 15:06:24.627248 mmap2(NULL, 1233, PROT_READ, MAP_SHARED, 5, 0) = 0xb7ee9000
23522 15:06:24.627259 _llseek(5, 1233, [1233], SEEK_SET) = 0
23522 15:06:24.627276 munmap(0xb7ee9000, 1233) = 0
23522 15:06:24.627285 close(5)          = 0
23522 15:06:24.627518 getuid32()        = 0
23522 15:06:24.627528 open("/etc/passwd", O_RDONLY|0x80000 /* O_??? */) = 5
23522 15:06:24.627541 _llseek(5, 0, [0], SEEK_CUR) = 0
23522 15:06:24.627552 fstat64(5, {st_mode=S_IFREG|0644, st_size=1624, ...}) = 0
23522 15:06:24.627568 mmap2(NULL, 1624, PROT_READ, MAP_SHARED, 5, 0) = 0xb7ee9000
23522 15:06:24.627578 _llseek(5, 1624, [1624], SEEK_SET) = 0
23522 15:06:24.627594 munmap(0xb7ee9000, 1624) = 0
23522 15:06:24.627604 close(5)          = 0
23522 15:06:24.627633 open("/etc/shadow", O_RDONLY|0x80000 /* O_??? */) = 5
23522 15:06:24.627658 _llseek(5, 0, [0], SEEK_CUR) = 0
23522 15:06:24.627669 fstat64(5, {st_mode=S_IFREG|0640, st_size=1233, ...}) = 0
23522 15:06:24.627685 mmap2(NULL, 1233, PROT_READ, MAP_SHARED, 5, 0) = 0xb7ee9000
23522 15:06:24.627700 _llseek(5, 1233, [1233], SEEK_SET) = 0
23522 15:06:24.627717 munmap(0xb7ee9000, 1233) = 0
23522 15:06:24.627727 close(5)          = 0
23522 15:06:24.627739 time(NULL)        = 1495652784
23522 15:06:24.627754 munmap(0xb7ee6000, 12164) = 0
23522 15:06:24.627767 munmap(0xb7ee4000, 7136) = 0
23522 15:06:24.627781 munmap(0xb7d19000, 95428) = 0
23522 15:06:24.627792 munmap(0xb7cdf000, 201052) = 0
23522 15:06:24.627803 munmap(0xb7cc6000, 101180) = 0
23522 15:06:24.627819 gettimeofday({1495652784, 627823}, NULL) = 0
23522 15:06:24.627830 stat64("/usr/share/zoneinfo/UTC+04:00", 0xbffc0934) = -1 ENOENT (No such file or directory)
23522 15:06:24.627846 open("/usr/share/zoneinfo/UTC+04:00", O_RDONLY) = -1 ENOENT (No such file or directory)
23522 15:06:24.627872 fcntl64(3, F_SETLKW64, {type=F_WRLCK, whence=SEEK_SET, start=0, len=0}, 0xbffc0a84) = 0
23522 15:06:24.627888 write(3, "Wed May 24 15:06:24 2017 [pid 23522] [msfadmin] OK LOGIN: Client \"127.0.0.1\"\n", 77) = 77
23522 15:06:24.627905 fcntl64(3, F_SETLK64, {type=F_UNLCK, whence=SEEK_SET, start=0, len=0}, 0xbffc0a8c) = 0
23522 15:06:24.627918 rt_sigaction(SIGCHLD, {0x805cad0, ~[RTMIN RT_1], 0}, NULL, 8) = 0
23522 15:06:24.627933 write(4, "\1", 1 <unfinished ...>
23523 15:06:24.627943 <... read resumed> "\1", 1) = 1
23522 15:06:24.627948 <... write resumed> ) = 1
23523 15:06:24.627956 exit_group(0)     = ?
23522 15:06:24.627983 --- SIGCHLD (Child exited) @ 0 (0) ---
23522 15:06:24.627991 sigreturn()       = ? (mask now [])
23522 15:06:24.628010 wait4(-1, [{WIFEXITED(s) && WEXITSTATUS(s) == 0}], 0, NULL) = 23523
23522 15:06:24.628023 close(4)          = 0
23522 15:06:24.628035 socketpair(PF_FILE, SOCK_STREAM, 0, [4, 5]) = 0
23522 15:06:24.628049 rt_sigaction(SIGCHLD, {0x805cad0, ~[RTMIN RT_1], 0}, NULL, 8) = 0
23522 15:06:24.628063 rt_sigaction(SIGALRM, {0x805cb10, ~[RTMIN RT_1], 0}, NULL, 8) = 0
23522 15:06:24.628077 clone(child_stack=0, flags=CLONE_CHILD_CLEARTID|CLONE_CHILD_SETTID|SIGCHLD, child_tidptr=0xb7d4f6f8) = 23524
23524 15:06:24.628127 prctl(0x1, 0x9, 0, 0, 0) = 0
23524 15:06:24.628141 close(4)          = 0
23524 15:06:24.628168 open("/etc/passwd", O_RDONLY|0x80000 /* O_??? */) = 4
23524 15:06:24.628185 _llseek(4, 0, [0], SEEK_CUR) = 0
23524 15:06:24.628201 fstat64(4, {st_mode=S_IFREG|0644, st_size=1624, ...}) = 0
23524 15:06:24.628219 mmap2(NULL, 1624, PROT_READ, MAP_SHARED, 4, 0) = 0xb7ee9000
23524 15:06:24.628231 _llseek(4, 1624, [1624], SEEK_SET) = 0
23524 15:06:24.628254 munmap(0xb7ee9000, 1624) = 0
23524 15:06:24.628265 close(4)          = 0
23524 15:06:24.628278 getuid32()        = 0
23524 15:06:24.628288 open("/etc/passwd", O_RDONLY|0x80000 /* O_??? */) = 4
23524 15:06:24.628301 _llseek(4, 0, [0], SEEK_CUR) = 0
23524 15:06:24.628312 fstat64(4, {st_mode=S_IFREG|0644, st_size=1624, ...}) = 0
23524 15:06:24.628328 mmap2(NULL, 1624, PROT_READ, MAP_SHARED, 4, 0) = 0xb7ee9000
23524 15:06:24.628339 _llseek(4, 1624, [1624], SEEK_SET) = 0
23524 15:06:24.628355 munmap(0xb7ee9000, 1624) = 0
23524 15:06:24.628365 close(4)          = 0
23524 15:06:24.628390 open("/proc/sys/kernel/ngroups_max", O_RDONLY) = 4
23524 15:06:24.628411 read(4, "65536\n", 31) = 6
23524 15:06:24.628424 close(4)          = 0
23524 15:06:24.628438 socket(PF_FILE, SOCK_STREAM, 0) = 4
23524 15:06:24.628450 fcntl64(4, F_SETFL, O_RDWR|O_NONBLOCK) = 0
23524 15:06:24.628461 connect(4, {sa_family=AF_FILE, path="/var/run/nscd/socket"}, 110) = -1 ENOENT (No such file or directory)
23524 15:06:24.628481 close(4)          = 0
23524 15:06:24.628493 socket(PF_FILE, SOCK_STREAM, 0) = 4
23524 15:06:24.628503 fcntl64(4, F_SETFL, O_RDWR|O_NONBLOCK) = 0
23524 15:06:24.628514 connect(4, {sa_family=AF_FILE, path="/var/run/nscd/socket"}, 110) = -1 ENOENT (No such file or directory)
23524 15:06:24.628532 close(4)          = 0
23524 15:06:24.628556 open("/etc/group", O_RDONLY|0x80000 /* O_??? */) = 4
23524 15:06:24.628570 _llseek(4, 0, [0], SEEK_CUR) = 0
23524 15:06:24.628715 fstat64(4, {st_mode=S_IFREG|0644, st_size=886, ...}) = 0
23524 15:06:24.628743 mmap2(NULL, 886, PROT_READ, MAP_SHARED, 4, 0) = 0xb7ee9000
23524 15:06:24.628758 _llseek(4, 886, [886], SEEK_SET) = 0
23524 15:06:24.628784 fstat64(4, {st_mode=S_IFREG|0644, st_size=886, ...}) = 0
23524 15:06:24.628801 munmap(0xb7ee9000, 886) = 0
23524 15:06:24.628812 close(4)          = 0
23524 15:06:24.628822 setgroups32(13, [1000, 4, 20, 24, 25, 29, 30, 44, 46, 107, 111, 112, 119]) = 0
23524 15:06:24.628839 geteuid32()       = 0
23524 15:06:24.628850 getegid32()       = 0
23524 15:06:24.628861 setregid32(-1, 1000) = 0
23524 15:06:24.628871 setreuid32(-1, 1000) = 0
23524 15:06:24.628881 chdir("/home/msfadmin") = 0
23524 15:06:24.628893 setreuid32(-1, 0) = 0
23524 15:06:24.628902 setregid32(-1, 0) = 0
23524 15:06:24.628913 setgid32(1000)    = 0
23524 15:06:24.628922 setuid32(1000)    = 0
23524 15:06:24.628933 setrlimit(RLIMIT_NPROC, {rlim_cur=0, rlim_max=0}) = 0
23524 15:06:24.628946 mmap2(NULL, 12288, PROT_READ|PROT_WRITE, MAP_PRIVATE|MAP_ANONYMOUS, -1, 0) = 0xb7ee7000
23524 15:06:24.628958 mprotect(0xb7ee9000, 4096, PROT_NONE) = 0
23524 15:06:24.628969 mprotect(0xb7ee7000, 4096, PROT_NONE) = 0
23524 15:06:24.628980 getcwd("/home/msfadmin", 4096) = 15
23524 15:06:24.628994 umask(022)        = 077
23524 15:06:24.629004 getcwd("/home/msfadmin", 4096) = 15
23524 15:06:24.629018 open(".message", O_RDONLY|O_NONBLOCK|O_LARGEFILE) = -1 ENOENT (No such file or directory)
23524 15:06:24.629040 write(0, "230 Login successful.\r\n", 23) = 23
23524 15:06:24.629123 rt_sigaction(SIGALRM, {0x805cad0, ~[RTMIN RT_1], 0}, NULL, 8) = 0
23524 15:06:24.629140 alarm(300)        = 0
23524 15:06:24.629151 mmap2(NULL, 12288, PROT_READ|PROT_WRITE, MAP_PRIVATE|MAP_ANONYMOUS, -1, 0) = 0xb7ee4000
23524 15:06:24.629162 mprotect(0xb7ee6000, 4096, PROT_NONE) = 0
23524 15:06:24.629174 mprotect(0xb7ee4000, 4096, PROT_NONE) = 0
23524 15:06:24.629186 recv(0, "TYPE I\r\n", 4096, MSG_PEEK) = 8
23524 15:06:24.629200 read(0, "TYPE I\r\n", 8) = 8
23524 15:06:24.629217 write(0, "200 Switching to Binary mode.\r\n", 31) = 31
23524 15:06:24.629257 rt_sigaction(SIGALRM, {0x805cad0, ~[RTMIN RT_1], 0}, NULL, 8) = 0
23524 15:06:24.629272 alarm(300)        = 300
23524 15:06:24.629283 recv(0, "PASV\r\n", 4096, MSG_PEEK) = 6
23524 15:06:24.629295 read(0, "PASV\r\n", 6) = 6
23524 15:06:24.629307 write(5, "\n", 1) = 1
23524 15:06:24.629318 read(5,  <unfinished ...>
23522 15:06:24.629330 close(5)          = 0
23522 15:06:24.629343 getuid32()        = 0
23522 15:06:24.629358 open("/etc/passwd", O_RDONLY|0x80000 /* O_??? */) = 5
23522 15:06:24.629373 _llseek(5, 0, [0], SEEK_CUR) = 0
23522 15:06:24.629386 fstat64(5, {st_mode=S_IFREG|0644, st_size=1624, ...}) = 0
23522 15:06:24.629403 mmap2(NULL, 1624, PROT_READ, MAP_SHARED, 5, 0) = 0xb7ee9000
23522 15:06:24.629415 _llseek(5, 1624, [1624], SEEK_SET) = 0
23522 15:06:24.629433 munmap(0xb7ee9000, 1624) = 0
23522 15:06:24.629445 close(5)          = 0
23522 15:06:24.629460 setgroups32(0, []) = 0
23522 15:06:24.629472 chdir("/usr/share/empty") = 0
23522 15:06:24.629484 chroot(".")       = 0
23522 15:06:24.629495 capset(NULL, NULL) = -1 EFAULT (Bad address)
23522 15:06:24.629509 prctl(0x8, 0, 0xbffc0a68, 0x80549a6, 0xbffc0a50) = 0
23522 15:06:24.629520 prctl(0x8, 0x1, 0xbffc0a68, 0x8054a49, 0xbffc0a50) = 0
23522 15:06:24.629530 setgid32(65534)   = 0
23522 15:06:24.629540 setuid32(65534)   = 0
23522 15:06:24.629549 capset(0x19980330, 0, {CAP_NET_BIND_SERVICE, CAP_NET_BIND_SERVICE, 0}) = 0
23522 15:06:24.629562 read(4, "\n", 1)  = 1
23522 15:06:24.629576 write(4, "\1", 1) = 1
23524 15:06:24.629587 <... read resumed> "\1", 1) = 1
23524 15:06:24.629595 write(5, "\f", 1) = 1
23524 15:06:24.629605 read(5,  <unfinished ...>
23522 15:06:24.629612 read(4, "\f", 1)  = 1
23522 15:06:24.629624 socket(PF_INET, SOCK_STREAM, IPPROTO_TCP) = 5
23522 15:06:24.629638 setsockopt(5, SOL_SOCKET, SO_REUSEADDR, [1], 4) = 0
23522 15:06:24.629650 gettimeofday({1495652784, 629654}, NULL) = 0
23522 15:06:24.629710 bind(5, {sa_family=AF_INET, sin_port=htons(38178), sin_addr=inet_addr("127.0.0.1")}, 16) = 0
23522 15:06:24.629728 listen(5, 1)      = 0
23522 15:06:24.629742 write(4, "\"\225\0\0", 4) = 4
23524 15:06:24.629758 <... read resumed> "\"\225\0\0", 4) = 4
23524 15:06:24.629772 write(0, "227 Entering Passive Mode (127,0,0,1,149,34).\r\n", 47) = 47
23524 15:06:24.629872 rt_sigaction(SIGALRM, {0x805cad0, ~[RTMIN RT_1], 0}, NULL, 8) = 0
23524 15:06:24.629889 alarm(300)        = 300
23524 15:06:24.629900 recv(0, "STOR myfile6\r\n", 4096, MSG_PEEK) = 14
23524 15:06:24.629913 read(0, "STOR myfile6\r\n", 14) = 14
23524 15:06:24.629928 write(5, "\v", 1) = 1
23524 15:06:24.629939 read(5,  <unfinished ...>
23522 15:06:24.629946 read(4, "\v", 1)  = 1
23522 15:06:24.629957 write(4, "\1\0\0\0", 4) = 4
23524 15:06:24.629968 <... read resumed> "\1\0\0\0", 4) = 4
23524 15:06:24.629977 gettimeofday({1495652784, 629980}, NULL) = 0
23524 15:06:24.629988 getcwd("/home/msfadmin", 4096) = 15
23524 15:06:24.630000 open("myfile6", O_WRONLY|O_CREAT|O_NONBLOCK|O_LARGEFILE, 0666) = 4
23524 15:06:24.630014 fstat64(4, {st_mode=S_IFREG|0644, st_size=17, ...}) = 0
23524 15:06:24.630031 fcntl64(4, F_GETFL) = 0x8801 (flags O_WRONLY|O_NONBLOCK|O_LARGEFILE)
23524 15:06:24.630042 fcntl64(4, F_SETFL, O_WRONLY|O_LARGEFILE) = 0
23524 15:06:24.630052 fcntl64(4, F_SETLKW64, {type=F_WRLCK, whence=SEEK_SET, start=0, len=0}, 0xbffc09b4) = 0
23524 15:06:24.630067 ftruncate64(4, 0) = 0
23524 15:06:24.630087 _llseek(4, 0, [0], SEEK_SET) = 0
23524 15:06:24.630098 write(5, "\v", 1) = 1
23524 15:06:24.630108 read(5,  <unfinished ...>
23522 15:06:24.630116 read(4, "\v", 1)  = 1
23522 15:06:24.630127 write(4, "\1\0\0\0", 4) = 4
23524 15:06:24.630137 <... read resumed> "\1\0\0\0", 4) = 4
23524 15:06:24.630145 write(5, "\v", 1) = 1
23524 15:06:24.630155 read(5,  <unfinished ...>
23522 15:06:24.630162 read(4, "\v", 1)  = 1
23522 15:06:24.630172 write(4, "\1\0\0\0", 4) = 4
23524 15:06:24.630183 <... read resumed> "\1\0\0\0", 4) = 4
23524 15:06:24.630190 write(5, "\r", 1) = 1
23524 15:06:24.630201 read(5,  <unfinished ...>
23522 15:06:24.630207 read(4, "\r", 1)  = 1
23522 15:06:24.630220 select(6, [5], NULL, NULL, {60, 0}) = 1 (in [5], left {60, 0})
23522 15:06:24.630237 accept(5, {sa_family=AF_INET, sin_port=htons(41944), sin_addr=inet_addr("127.0.0.1")}, [16]) = 6
23522 15:06:24.630259 write(4, "\1", 1) = 1
23524 15:06:24.630270 <... read resumed> "\1", 1) = 1
23524 15:06:24.630279 recvmsg(5,  <unfinished ...>
23522 15:06:24.630289 sendmsg(4, {msg_name(0)=NULL, msg_iov(1)=[{"\0", 1}], msg_controllen=16, {cmsg_len=16, cmsg_level=SOL_SOCKET, cmsg_type=SCM_RIGHTS, {6}}, msg_flags=0}, 0) = 1
23524 15:06:24.630306 <... recvmsg resumed> {msg_name(0)=NULL, msg_iov(1)=[{"\0", 1}], msg_controllen=16, {cmsg_len=16, cmsg_level=SOL_SOCKET, cmsg_type=SCM_RIGHTS, {6}}, msg_flags=0}, 0) = 1
23524 15:06:24.630320 setsockopt(6, SOL_SOCKET, SO_KEEPALIVE, [1], 4) = 0
23524 15:06:24.630332 setsockopt(6, SOL_IP, IP_TOS, [8], 4) = 0
23524 15:06:24.630344 setsockopt(6, SOL_SOCKET, SO_LINGER, {onoff=1, linger=32767}, 8) = 0
23524 15:06:24.630356 rt_sigaction(SIGALRM, {0x805cad0, ~[RTMIN RT_1], 0}, NULL, 8) = 0
23524 15:06:24.630369 alarm(300)        = 300
23524 15:06:24.630382 write(0, "150 Ok to send data.\r\n", 22) = 22
23524 15:06:24.630444 mmap2(NULL, 77824, PROT_READ|PROT_WRITE, MAP_PRIVATE|MAP_ANONYMOUS, -1, 0) = 0xb7d1e000
23524 15:06:24.630458 mprotect(0xb7d30000, 4096, PROT_NONE) = 0
23524 15:06:24.630470 mprotect(0xb7d1e000, 4096, PROT_NONE) = 0
23524 15:06:24.630480 read(6, "assasaaa\na\na\na\na\n", 65536) = 17
23524 15:06:24.630493 write(4, "assasaaa\na\na\na\na\n", 17) = 17
23524 15:06:24.630510 read(6, "", 65536) = 0
23524 15:06:24.630520 rt_sigaction(SIGALRM, {0x805cad0, ~[RTMIN RT_1], 0}, NULL, 8) = 0
23524 15:06:24.630534 alarm(300)        = 300
23524 15:06:24.630543 close(6)          = 0
23524 15:06:24.630552 alarm(0)          = 300
23524 15:06:24.630562 gettimeofday({1495652784, 630565}, NULL) = 0
23524 15:06:24.630579 getpid()          = 23524
23524 15:06:24.630591 gettimeofday({1495652784, 630594}, NULL) = 0
23524 15:06:24.630611 fcntl64(3, F_SETLKW64, {type=F_WRLCK, whence=SEEK_SET, start=0, len=0}, 0xbffc0954) = 0
23524 15:06:24.630650 write(3, "Wed May 24 15:06:24 2017 [pid 23524] [msfadmin] OK UPLOAD: Client \"127.0.0.1\", \"/home/msfadmin/myfile6\", 17 bytes, 27.04Kbyte/sec\n", 130) = 130
23524 15:06:24.630686 fcntl64(3, F_SETLK64, {type=F_UNLCK, whence=SEEK_SET, start=0, len=0}, 0xbffc095c) = 0
23524 15:06:24.630701 write(0, "226 Transfer complete.\r\n", 24) = 24
23524 15:06:24.630744 write(5, "\n", 1) = 1
23524 15:06:24.630756 read(5,  <unfinished ...>
23522 15:06:24.630763 close(6)          = 0
23522 15:06:24.630782 read(4, "\n", 1)  = 1
23522 15:06:24.630793 close(5)          = 0
23522 15:06:24.630805 write(4, "\1", 1) = 1
23524 15:06:24.630816 <... read resumed> "\1", 1) = 1
23524 15:06:24.630823 close(4)          = 0
23524 15:06:24.630833 rt_sigaction(SIGALRM, {0x805cad0, ~[RTMIN RT_1], 0}, NULL, 8) = 0
23524 15:06:24.630847 alarm(300)        = 0
23524 15:06:24.630858 recv(0,  <unfinished ...>
23522 15:06:24.630866 read(4,  <unfinished ...>
23521 15:06:25.167489 <... recv resumed> "USER msfadmin\r\n", 4096, MSG_PEEK) = 15
23521 15:06:25.167611 read(0, "USER msfadmin\r\n", 15) = 15
23521 15:06:25.167721 write(0, "331 Any password will do.\r\n", 27) = 27
23521 15:06:25.167818 rt_sigaction(SIGALRM, {0x805cad0, ~[RTMIN RT_1], 0}, NULL, 8) = 0
23521 15:06:25.167859 alarm(300)        = 299
23521 15:06:25.167885 recv(0, "PASS msfadmin\r\n", 4096, MSG_PEEK) = 15
23521 15:06:25.167900 read(0, "PASS msfadmin\r\n", 15) = 15
23521 15:06:25.167918 write(0, "230 Already logged in.\r\n", 24) = 24
23521 15:06:25.167975 rt_sigaction(SIGALRM, {0x805cad0, ~[RTMIN RT_1], 0}, NULL, 8) = 0
23521 15:06:25.167991 alarm(300)        = 300
23521 15:06:25.168003 recv(0, "TYPE I\r\n", 4096, MSG_PEEK) = 8
23521 15:06:25.168015 read(0, "TYPE I\r\n", 8) = 8
23521 15:06:25.168030 write(0, "200 Switching to Binary mode.\r\n", 31) = 31
23521 15:06:25.168067 rt_sigaction(SIGALRM, {0x805cad0, ~[RTMIN RT_1], 0}, NULL, 8) = 0
23521 15:06:25.168082 alarm(300)        = 300
23521 15:06:25.168094 recv(0, "PASV\r\n", 4096, MSG_PEEK) = 6
23521 15:06:25.168105 read(0, "PASV\r\n", 6) = 6
23521 15:06:25.168117 write(5, "\n", 1 <unfinished ...>
23519 15:06:25.168129 <... read resumed> "\n", 1) = 1
23521 15:06:25.168135 <... write resumed> ) = 1
23519 15:06:25.168143 write(4, "\1", 1) = 1
23519 15:06:25.168154 read(4,  <unfinished ...>
23521 15:06:25.168161 read(5, "\1", 1)  = 1
23521 15:06:25.168173 write(5, "\f", 1 <unfinished ...>
23519 15:06:25.168180 <... read resumed> "\f", 1) = 1
23521 15:06:25.168185 <... write resumed> ) = 1
23519 15:06:25.168193 socket(PF_INET, SOCK_STREAM, IPPROTO_TCP) = 5
23519 15:06:25.168209 setsockopt(5, SOL_SOCKET, SO_REUSEADDR, [1], 4) = 0
23519 15:06:25.168224 bind(5, {sa_family=AF_INET, sin_port=htons(50179), sin_addr=inet_addr("127.0.0.1")}, 16) = 0
23519 15:06:25.168241 listen(5, 1)      = 0
23519 15:06:25.168256 write(4, "\3\304\0\0", 4) = 4
23519 15:06:25.168267 read(4,  <unfinished ...>
23521 15:06:25.168275 read(5, "\3\304\0\0", 4) = 4
23521 15:06:25.168291 write(0, "227 Entering Passive Mode (127,0,0,1,196,3).\r\n", 46) = 46
23521 15:06:25.168408 rt_sigaction(SIGALRM, {0x805cad0, ~[RTMIN RT_1], 0}, NULL, 8) = 0
23521 15:06:25.168425 alarm(300)        = 300
23521 15:06:25.168437 recv(0, "RETR myfile33\r\n", 4096, MSG_PEEK) = 15
23521 15:06:25.168450 read(0, "RETR myfile33\r\n", 15) = 15
23521 15:06:25.168463 write(5, "\v", 1 <unfinished ...>
23519 15:06:25.168494 <... read resumed> "\v", 1) = 1
23521 15:06:25.168503 <... write resumed> ) = 1
23519 15:06:25.168511 write(4, "\1\0\0\0", 4) = 4
23519 15:06:25.168522 read(4,  <unfinished ...>
23521 15:06:25.168530 read(5, "\1\0\0\0", 4) = 4
23521 15:06:25.168542 gettimeofday({1495652785, 168546}, NULL) = 0
23521 15:06:25.168554 getcwd("/home/msfadmin", 4096) = 15
23521 15:06:25.168568 open("myfile33", O_RDONLY|O_NONBLOCK|O_LARGEFILE) = 4
23521 15:06:25.168582 fcntl64(4, F_SETLKW64, {type=F_RDLCK, whence=SEEK_SET, start=0, len=0}, 0xbfec50d4) = 0
23521 15:06:25.168598 fstat64(4, {st_mode=S_IFREG|0644, st_size=17, ...}) = 0
23521 15:06:25.168616 fcntl64(4, F_GETFL) = 0x8800 (flags O_RDONLY|O_NONBLOCK|O_LARGEFILE)
23521 15:06:25.168635 fcntl64(4, F_SETFL, O_RDONLY|O_LARGEFILE) = 0
23521 15:06:25.168647 write(5, "\v", 1 <unfinished ...>
23519 15:06:25.168656 <... read resumed> "\v", 1) = 1
23521 15:06:25.168661 <... write resumed> ) = 1
23519 15:06:25.168667 write(4, "\1\0\0\0", 4) = 4
23519 15:06:25.168679 read(4,  <unfinished ...>
23521 15:06:25.168685 read(5, "\1\0\0\0", 4) = 4
23521 15:06:25.168697 write(5, "\v", 1 <unfinished ...>
23519 15:06:25.168704 <... read resumed> "\v", 1) = 1
23521 15:06:25.168709 <... write resumed> ) = 1
23519 15:06:25.168716 write(4, "\1\0\0\0", 4) = 4
23519 15:06:25.168727 read(4,  <unfinished ...>
23521 15:06:25.168733 read(5, "\1\0\0\0", 4) = 4
23521 15:06:25.168745 write(5, "\r", 1 <unfinished ...>
23519 15:06:25.168753 <... read resumed> "\r", 1) = 1
23521 15:06:25.168758 <... write resumed> ) = 1
23519 15:06:25.168765 select(6, [5], NULL, NULL, {60, 0}) = 1 (in [5], left {60, 0})
23519 15:06:25.168782 accept(5, {sa_family=AF_INET, sin_port=htons(34642), sin_addr=inet_addr("127.0.0.1")}, [16]) = 6
23519 15:06:25.168806 write(4, "\1", 1) = 1
23519 15:06:25.168819 sendmsg(4, {msg_name(0)=NULL, msg_iov(1)=[{"\0", 1}], msg_controllen=16, {cmsg_len=16, cmsg_level=SOL_SOCKET, cmsg_type=SCM_RIGHTS, {6}}, msg_flags=0}, 0) = 1
23519 15:06:25.168837 close(6)          = 0
23519 15:06:25.168847 read(4,  <unfinished ...>
23521 15:06:25.168854 read(5, "\1", 1)  = 1
23521 15:06:25.168867 recvmsg(5, {msg_name(0)=NULL, msg_iov(1)=[{"\0", 1}], msg_controllen=16, {cmsg_len=16, cmsg_level=SOL_SOCKET, cmsg_type=SCM_RIGHTS, {6}}, msg_flags=0}, 0) = 1
23521 15:06:25.168886 setsockopt(6, SOL_SOCKET, SO_KEEPALIVE, [1], 4) = 0
23521 15:06:25.168899 setsockopt(6, SOL_IP, IP_TOS, [8], 4) = 0
23521 15:06:25.168911 setsockopt(6, SOL_SOCKET, SO_LINGER, {onoff=1, linger=32767}, 8) = 0
23521 15:06:25.168923 rt_sigaction(SIGALRM, {0x805cad0, ~[RTMIN RT_1], 0}, NULL, 8) = 0
23521 15:06:25.168937 alarm(300)        = 300
23521 15:06:25.168951 write(0, "150 Opening BINARY mode data connection for myfile33 (17 bytes).\r\n", 66) = 66
23521 15:06:25.168995 _llseek(4, 0, [0], SEEK_CUR) = 0
23521 15:06:25.169007 fstat64(4, {st_mode=S_IFREG|0644, st_size=17, ...}) = 0
23521 15:06:25.169025 _llseek(4, 0, [0], SEEK_SET) = 0
23521 15:06:25.169036 sendfile(6, 4, NULL, 17) = 17
23521 15:06:25.169068 rt_sigaction(SIGALRM, {0x805cad0, ~[RTMIN RT_1], 0}, NULL, 8) = 0
23521 15:06:25.169083 alarm(300)        = 300
23521 15:06:25.169093 close(6)          = 0
23521 15:06:25.169132 alarm(0)          = 300
23521 15:06:25.169142 gettimeofday({1495652785, 169146}, NULL) = 0
23521 15:06:25.169159 gettimeofday({1495652785, 169163}, NULL) = 0
23521 15:06:25.169173 fcntl64(3, F_SETLKW64, {type=F_WRLCK, whence=SEEK_SET, start=0, len=0}, 0xbfec5074) = 0
23521 15:06:25.169189 write(3, "Wed May 24 15:06:25 2017 [pid 23521] [msfadmin] OK DOWNLOAD: Client \"127.0.0.1\", \"/home/msfadmin/myfile33\", 17 bytes, 26.91Kbyte/sec\n", 133) = 133
23521 15:06:25.169212 fcntl64(3, F_SETLK64, {type=F_UNLCK, whence=SEEK_SET, start=0, len=0}, 0xbfec507c) = 0
23521 15:06:25.169227 write(0, "226 Transfer complete.\r\n", 24) = 24
23521 15:06:25.169295 write(5, "\n", 1 <unfinished ...>
23519 15:06:25.169305 <... read resumed> "\n", 1) = 1
23521 15:06:25.169311 <... write resumed> ) = 1
23519 15:06:25.169317 close(5)          = 0
23519 15:06:25.169329 write(4, "\1", 1) = 1
23519 15:06:25.169340 read(4,  <unfinished ...>
23521 15:06:25.169348 read(5, "\1", 1)  = 1
23521 15:06:25.169359 close(4)          = 0
23521 15:06:25.169370 rt_sigaction(SIGALRM, {0x805cad0, ~[RTMIN RT_1], 0}, NULL, 8) = 0
23521 15:06:25.169384 alarm(300)        = 0
23521 15:06:25.169396 recv(0,  <unfinished ...>
23524 15:06:25.169404 <... recv resumed> "TYPE I\r\n", 4096, MSG_PEEK) = 8
23524 15:06:25.169414 read(0, "TYPE I\r\n", 8) = 8
23524 15:06:25.169443 write(0, "200 Switching to Binary mode.\r\n", 31) = 31
23524 15:06:25.169494 rt_sigaction(SIGALRM, {0x805cad0, ~[RTMIN RT_1], 0}, NULL, 8) = 0
23524 15:06:25.169510 alarm(300)        = 299
23524 15:06:25.169521 recv(0, "PASV\r\n", 4096, MSG_PEEK) = 6
23524 15:06:25.169533 read(0, "PASV\r\n", 6) = 6
23524 15:06:25.169550 write(5, "\n", 1) = 1
23524 15:06:25.169562 read(5,  <unfinished ...>
23522 15:06:25.169570 <... read resumed> "\n", 1) = 1
23522 15:06:25.169579 write(4, "\1", 1) = 1
23524 15:06:25.169590 <... read resumed> "\1", 1) = 1
23524 15:06:25.169598 write(5, "\f", 1) = 1
23524 15:06:25.169609 read(5,  <unfinished ...>
23522 15:06:25.169616 read(4, "\f", 1)  = 1
23522 15:06:25.169629 socket(PF_INET, SOCK_STREAM, IPPROTO_TCP) = 5
23522 15:06:25.169642 setsockopt(5, SOL_SOCKET, SO_REUSEADDR, [1], 4) = 0
23522 15:06:25.169656 bind(5, {sa_family=AF_INET, sin_port=htons(58763), sin_addr=inet_addr("127.0.0.1")}, 16) = 0
23522 15:06:25.169671 listen(5, 1)      = 0
23522 15:06:25.169684 write(4, "\213\345\0\0", 4) = 4
23524 15:06:25.169696 <... read resumed> "\213\345\0\0", 4) = 4
23524 15:06:25.169709 write(0, "227 Entering Passive Mode (127,0,0,1,229,139).\r\n", 48) = 48
23524 15:06:25.169806 rt_sigaction(SIGALRM, {0x805cad0, ~[RTMIN RT_1], 0}, NULL, 8) = 0
23524 15:06:25.169823 alarm(300)        = 300
23524 15:06:25.169835 recv(0, "STOR myfile7\r\n", 4096, MSG_PEEK) = 14
23524 15:06:25.169847 read(0, "STOR myfile7\r\n", 14) = 14
23524 15:06:25.169861 write(5, "\v", 1) = 1
23524 15:06:25.169872 read(5,  <unfinished ...>
23522 15:06:25.169880 read(4, "\v", 1)  = 1
23522 15:06:25.169891 write(4, "\1\0\0\0", 4) = 4
23524 15:06:25.169902 <... read resumed> "\1\0\0\0", 4) = 4
23524 15:06:25.169910 gettimeofday({1495652785, 169913}, NULL) = 0
23524 15:06:25.169913 getcwd("/home/msfadmin", 4096) = 15
23524 15:06:25.169913 open("myfile7", O_WRONLY|O_CREAT|O_NONBLOCK|O_LARGEFILE, 0666) = 4
23524 15:06:25.169914 fstat64(4, {st_mode=S_IFREG|0644, st_size=17, ...}) = 0
23524 15:06:25.169914 fcntl64(4, F_GETFL) = 0x8801 (flags O_WRONLY|O_NONBLOCK|O_LARGEFILE)
23524 15:06:25.169914 fcntl64(4, F_SETFL, O_WRONLY|O_LARGEFILE) = 0
23524 15:06:25.169914 fcntl64(4, F_SETLKW64, {type=F_WRLCK, whence=SEEK_SET, start=0, len=0}, 0xbffc09b4) = 0
23524 15:06:25.169915 ftruncate64(4, 0) = 0
23524 15:06:25.169915 _llseek(4, 0, [0], SEEK_SET) = 0
23524 15:06:25.169915 write(5, "\v", 1) = 1
23524 15:06:25.169915 read(5,  <unfinished ...>
23522 15:06:25.169922 read(4, "\v", 1)  = 1
23522 15:06:25.169934 write(4, "\1\0\0\0", 4) = 4
23524 15:06:25.169946 <... read resumed> "\1\0\0\0", 4) = 4
23524 15:06:25.169954 write(5, "\v", 1) = 1
23524 15:06:25.169964 read(5,  <unfinished ...>
23522 15:06:25.169971 read(4, "\v", 1)  = 1
23522 15:06:25.169982 write(4, "\1\0\0\0", 4) = 4
23524 15:06:25.169993 <... read resumed> "\1\0\0\0", 4) = 4
23524 15:06:25.170001 write(5, "\r", 1) = 1
23524 15:06:25.170011 read(5,  <unfinished ...>
23522 15:06:25.170018 read(4, "\r", 1)  = 1
23522 15:06:25.170030 select(6, [5], NULL, NULL, {60, 0}) = 1 (in [5], left {60, 0})
23522 15:06:25.170046 accept(5, {sa_family=AF_INET, sin_port=htons(54242), sin_addr=inet_addr("127.0.0.1")}, [16]) = 6
23522 15:06:25.170069 write(4, "\1", 1) = 1
23524 15:06:25.170080 <... read resumed> "\1", 1) = 1
23524 15:06:25.170089 recvmsg(5,  <unfinished ...>
23522 15:06:25.170098 sendmsg(4, {msg_name(0)=NULL, msg_iov(1)=[{"\0", 1}], msg_controllen=16, {cmsg_len=16, cmsg_level=SOL_SOCKET, cmsg_type=SCM_RIGHTS, {6}}, msg_flags=0}, 0) = 1
23524 15:06:25.170116 <... recvmsg resumed> {msg_name(0)=NULL, msg_iov(1)=[{"\0", 1}], msg_controllen=16, {cmsg_len=16, cmsg_level=SOL_SOCKET, cmsg_type=SCM_RIGHTS, {6}}, msg_flags=0}, 0) = 1
23524 15:06:25.170130 setsockopt(6, SOL_SOCKET, SO_KEEPALIVE, [1], 4) = 0
23524 15:06:25.170153 setsockopt(6, SOL_IP, IP_TOS, [8], 4) = 0
23524 15:06:25.170167 setsockopt(6, SOL_SOCKET, SO_LINGER, {onoff=1, linger=32767}, 8) = 0
23524 15:06:25.170178 rt_sigaction(SIGALRM, {0x805cad0, ~[RTMIN RT_1], 0}, NULL, 8) = 0
23524 15:06:25.170192 alarm(300)        = 300
23524 15:06:25.170205 write(0, "150 Ok to send data.\r\n", 22) = 22
23524 15:06:25.170273 read(6, "assasaaa\na\na\na\na\n", 65536) = 17
23524 15:06:25.170288 write(4, "assasaaa\na\na\na\na\n", 17) = 17
23524 15:06:25.170305 read(6, "", 65536) = 0
23524 15:06:25.170316 rt_sigaction(SIGALRM, {0x805cad0, ~[RTMIN RT_1], 0}, NULL, 8) = 0
23524 15:06:25.170334 alarm(300)        = 300
23524 15:06:25.170344 close(6)          = 0
23524 15:06:25.170354 alarm(0)          = 300
23524 15:06:25.170363 gettimeofday({1495652785, 170367}, NULL) = 0
23524 15:06:25.170378 gettimeofday({1495652785, 170382}, NULL) = 0
23524 15:06:25.170392 fcntl64(3, F_SETLKW64, {type=F_WRLCK, whence=SEEK_SET, start=0, len=0}, 0xbffc0954) = 0
23524 15:06:25.170407 write(3, "Wed May 24 15:06:25 2017 [pid 23524] [msfadmin] OK UPLOAD: Client \"127.0.0.1\", \"/home/msfadmin/myfile7\", 17 bytes, 35.40Kbyte/sec\n", 130) = 130
23524 15:06:25.170427 fcntl64(3, F_SETLK64, {type=F_UNLCK, whence=SEEK_SET, start=0, len=0}, 0xbffc095c) = 0
23524 15:06:25.170443 write(0, "226 Transfer complete.\r\n", 24) = 24
23524 15:06:25.170484 write(5, "\n", 1) = 1
23524 15:06:25.170496 read(5,  <unfinished ...>
23522 15:06:25.170504 close(6)          = 0
23522 15:06:25.170522 read(4, "\n", 1)  = 1
23522 15:06:25.170535 close(5)          = 0
23522 15:06:25.170546 write(4, "\1", 1) = 1
23524 15:06:25.170557 <... read resumed> "\1", 1) = 1
23524 15:06:25.170565 close(4)          = 0
23524 15:06:25.170576 rt_sigaction(SIGALRM, {0x805cad0, ~[RTMIN RT_1], 0}, NULL, 8) = 0
23524 15:06:25.170590 alarm(300)        = 0
23524 15:06:25.170601 recv(0,  <unfinished ...>
23522 15:06:25.170609 read(4,  <unfinished ...>
23524 15:06:25.697485 <... recv resumed> "TYPE I\r\n", 4096, MSG_PEEK) = 8
23524 15:06:25.697553 read(0, "TYPE I\r\n", 8) = 8
23524 15:06:25.697610 write(0, "200 Switching to Binary mode.\r\n", 31) = 31
23524 15:06:25.697684 rt_sigaction(SIGALRM, {0x805cad0, ~[RTMIN RT_1], 0}, NULL, 8) = 0
23524 15:06:25.697712 alarm(300)        = 299
23524 15:06:25.697728 recv(0, "PASV\r\n", 4096, MSG_PEEK) = 6
23524 15:06:25.697740 read(0, "PASV\r\n", 6) = 6
23524 15:06:25.697752 write(5, "\n", 1) = 1
23524 15:06:25.697765 read(5,  <unfinished ...>
23522 15:06:25.697774 <... read resumed> "\n", 1) = 1
23522 15:06:25.697784 write(4, "\1", 1) = 1
23524 15:06:25.697795 <... read resumed> "\1", 1) = 1
23524 15:06:25.697802 write(5, "\f", 1) = 1
23524 15:06:25.697813 read(5,  <unfinished ...>
23522 15:06:25.697820 read(4, "\f", 1)  = 1
23522 15:06:25.697832 socket(PF_INET, SOCK_STREAM, IPPROTO_TCP) = 5
23522 15:06:25.697848 setsockopt(5, SOL_SOCKET, SO_REUSEADDR, [1], 4) = 0
23522 15:06:25.697863 bind(5, {sa_family=AF_INET, sin_port=htons(38284), sin_addr=inet_addr("127.0.0.1")}, 16) = 0
23522 15:06:25.697880 listen(5, 1)      = 0
23522 15:06:25.697894 write(4, "\214\225\0\0", 4) = 4
23524 15:06:25.697905 <... read resumed> "\214\225\0\0", 4) = 4
23524 15:06:25.697918 write(0, "227 Entering Passive Mode (127,0,0,1,149,140).\r\n", 48) = 48
23524 15:06:25.698030 rt_sigaction(SIGALRM, {0x805cad0, ~[RTMIN RT_1], 0}, NULL, 8) = 0
23524 15:06:25.698047 alarm(300)        = 300
23524 15:06:25.698058 recv(0, "STOR myfile8\r\n", 4096, MSG_PEEK) = 14
23524 15:06:25.698071 read(0, "STOR myfile8\r\n", 14) = 14
23524 15:06:25.698084 write(5, "\v", 1) = 1
23524 15:06:25.698095 read(5,  <unfinished ...>
23522 15:06:25.698103 read(4, "\v", 1)  = 1
23522 15:06:25.698114 write(4, "\1\0\0\0", 4) = 4
23524 15:06:25.698125 <... read resumed> "\1\0\0\0", 4) = 4
23524 15:06:25.698133 gettimeofday({1495652785, 698137}, NULL) = 0
23524 15:06:25.698144 getcwd("/home/msfadmin", 4096) = 15
23524 15:06:25.698157 open("myfile8", O_WRONLY|O_CREAT|O_NONBLOCK|O_LARGEFILE, 0666) = 4
23524 15:06:25.698172 fstat64(4, {st_mode=S_IFREG|0644, st_size=17, ...}) = 0
23524 15:06:25.698189 fcntl64(4, F_GETFL) = 0x8801 (flags O_WRONLY|O_NONBLOCK|O_LARGEFILE)
23524 15:06:25.698201 fcntl64(4, F_SETFL, O_WRONLY|O_LARGEFILE) = 0
23524 15:06:25.698211 fcntl64(4, F_SETLKW64, {type=F_WRLCK, whence=SEEK_SET, start=0, len=0}, 0xbffc09b4) = 0
23524 15:06:25.698225 ftruncate64(4, 0) = 0
23524 15:06:25.698281 _llseek(4, 0, [0], SEEK_SET) = 0
23524 15:06:25.698303 write(5, "\v", 1) = 1
23524 15:06:25.698314 read(5,  <unfinished ...>
23522 15:06:25.698322 read(4, "\v", 1)  = 1
23522 15:06:25.698333 write(4, "\1\0\0\0", 4) = 4
23524 15:06:25.698351 <... read resumed> "\1\0\0\0", 4) = 4
23524 15:06:25.698359 write(5, "\v", 1) = 1
23524 15:06:25.698369 read(5,  <unfinished ...>
23522 15:06:25.698376 read(4, "\v", 1)  = 1
23522 15:06:25.698387 write(4, "\1\0\0\0", 4) = 4
23524 15:06:25.698397 <... read resumed> "\1\0\0\0", 4) = 4
23524 15:06:25.698405 write(5, "\r", 1) = 1
23524 15:06:25.698415 read(5,  <unfinished ...>
23522 15:06:25.698422 read(4, "\r", 1)  = 1
23522 15:06:25.698434 select(6, [5], NULL, NULL, {60, 0}) = 1 (in [5], left {60, 0})
23522 15:06:25.698451 accept(5, {sa_family=AF_INET, sin_port=htons(34846), sin_addr=inet_addr("127.0.0.1")}, [16]) = 6
23522 15:06:25.698473 write(4, "\1", 1) = 1
23524 15:06:25.698484 <... read resumed> "\1", 1) = 1
23524 15:06:25.698493 recvmsg(5,  <unfinished ...>
23522 15:06:25.698502 sendmsg(4, {msg_name(0)=NULL, msg_iov(1)=[{"\0", 1}], msg_controllen=16, {cmsg_len=16, cmsg_level=SOL_SOCKET, cmsg_type=SCM_RIGHTS, {6}}, msg_flags=0}, 0) = 1
23524 15:06:25.698519 <... recvmsg resumed> {msg_name(0)=NULL, msg_iov(1)=[{"\0", 1}], msg_controllen=16, {cmsg_len=16, cmsg_level=SOL_SOCKET, cmsg_type=SCM_RIGHTS, {6}}, msg_flags=0}, 0) = 1
23524 15:06:25.698533 setsockopt(6, SOL_SOCKET, SO_KEEPALIVE, [1], 4) = 0
23524 15:06:25.698546 setsockopt(6, SOL_IP, IP_TOS, [8], 4) = 0
23524 15:06:25.698558 setsockopt(6, SOL_SOCKET, SO_LINGER, {onoff=1, linger=32767}, 8) = 0
23524 15:06:25.698569 rt_sigaction(SIGALRM, {0x805cad0, ~[RTMIN RT_1], 0}, NULL, 8) = 0
23524 15:06:25.698583 alarm(300)        = 300
23524 15:06:25.698595 write(0, "150 Ok to send data.\r\n", 22) = 22
23524 15:06:25.698662 read(6, "assasaaa\na\na\na\na\n", 65536) = 17
23524 15:06:25.698676 write(4, "assasaaa\na\na\na\na\n", 17) = 17
23524 15:06:25.698694 read(6, "", 65536) = 0
23524 15:06:25.698704 rt_sigaction(SIGALRM, {0x805cad0, ~[RTMIN RT_1], 0}, NULL, 8) = 0
23524 15:06:25.698718 alarm(300)        = 300
23524 15:06:25.698728 close(6)          = 0
23524 15:06:25.698737 alarm(0)          = 300
23524 15:06:25.698746 gettimeofday({1495652785, 698750}, NULL) = 0
23524 15:06:25.698762 gettimeofday({1495652785, 698766}, NULL) = 0
23524 15:06:25.698776 fcntl64(3, F_SETLKW64, {type=F_WRLCK, whence=SEEK_SET, start=0, len=0}, 0xbffc0954) = 0
23524 15:06:25.698791 write(3, "Wed May 24 15:06:25 2017 [pid 23524] [msfadmin] OK UPLOAD: Client \"127.0.0.1\", \"/home/msfadmin/myfile8\", 17 bytes, 26.39Kbyte/sec\n", 130) = 130
23524 15:06:25.698812 fcntl64(3, F_SETLK64, {type=F_UNLCK, whence=SEEK_SET, start=0, len=0}, 0xbffc095c) = 0
23524 15:06:25.698827 write(0, "226 Transfer complete.\r\n", 24) = 24
23524 15:06:25.698871 write(5, "\n", 1) = 1
23524 15:06:25.698883 read(5,  <unfinished ...>
23522 15:06:25.698890 close(6)          = 0
23522 15:06:25.698909 read(4, "\n", 1)  = 1
23522 15:06:25.698920 close(5)          = 0
23522 15:06:25.698932 write(4, "\1", 1) = 1
23524 15:06:25.698942 <... read resumed> "\1", 1) = 1
23524 15:06:25.698950 close(4)          = 0
23524 15:06:25.698960 rt_sigaction(SIGALRM, {0x805cad0, ~[RTMIN RT_1], 0}, NULL, 8) = 0
23524 15:06:25.698973 alarm(300)        = 0
23524 15:06:25.698984 recv(0,  <unfinished ...>
23522 15:06:25.698992 read(4,  <unfinished ...>
23521 15:06:25.737811 <... recv resumed> "USER msfadmin\r\n", 4096, MSG_PEEK) = 15
23521 15:06:25.737935 read(0, "USER msfadmin\r\n", 15) = 15
23521 15:06:25.738038 write(0, "331 Any password will do.\r\n", 27) = 27
23521 15:06:25.738130 rt_sigaction(SIGALRM, {0x805cad0, ~[RTMIN RT_1], 0}, NULL, 8) = 0
23521 15:06:25.738163 alarm(300)        = 299
23521 15:06:25.738189 recv(0, "PASS msfadmin\r\n", 4096, MSG_PEEK) = 15
23521 15:06:25.738205 read(0, "PASS msfadmin\r\n", 15) = 15
23521 15:06:25.738221 write(0, "230 Already logged in.\r\n", 24) = 24
23521 15:06:25.738284 rt_sigaction(SIGALRM, {0x805cad0, ~[RTMIN RT_1], 0}, NULL, 8) = 0
23521 15:06:25.738300 alarm(300)        = 300
23521 15:06:25.738311 recv(0, "TYPE I\r\n", 4096, MSG_PEEK) = 8
23521 15:06:25.738323 read(0, "TYPE I\r\n", 8) = 8
23521 15:06:25.738337 write(0, "200 Switching to Binary mode.\r\n", 31) = 31
23521 15:06:25.738373 rt_sigaction(SIGALRM, {0x805cad0, ~[RTMIN RT_1], 0}, NULL, 8) = 0
23521 15:06:25.738395 alarm(300)        = 300
23521 15:06:25.738406 recv(0, "PASV\r\n", 4096, MSG_PEEK) = 6
23521 15:06:25.738418 read(0, "PASV\r\n", 6) = 6
23521 15:06:25.738430 write(5, "\n", 1 <unfinished ...>
23519 15:06:25.738442 <... read resumed> "\n", 1) = 1
23521 15:06:25.738448 <... write resumed> ) = 1
23519 15:06:25.738455 write(4, "\1", 1) = 1
23519 15:06:25.738467 read(4,  <unfinished ...>
23521 15:06:25.738474 read(5, "\1", 1)  = 1
23521 15:06:25.738485 write(5, "\f", 1 <unfinished ...>
23519 15:06:25.738492 <... read resumed> "\f", 1) = 1
23521 15:06:25.738497 <... write resumed> ) = 1
23519 15:06:25.738505 socket(PF_INET, SOCK_STREAM, IPPROTO_TCP) = 5
23519 15:06:25.738521 setsockopt(5, SOL_SOCKET, SO_REUSEADDR, [1], 4) = 0
23519 15:06:25.738535 bind(5, {sa_family=AF_INET, sin_port=htons(56826), sin_addr=inet_addr("127.0.0.1")}, 16) = 0
23519 15:06:25.738552 listen(5, 1)      = 0
23519 15:06:25.738566 write(4, "\372\335\0\0", 4) = 4
23519 15:06:25.738609 read(4,  <unfinished ...>
23521 15:06:25.738619 read(5, "\372\335\0\0", 4) = 4
23521 15:06:25.738637 write(0, "227 Entering Passive Mode (127,0,0,1,221,250).\r\n", 48) = 48
23521 15:06:25.738762 rt_sigaction(SIGALRM, {0x805cad0, ~[RTMIN RT_1], 0}, NULL, 8) = 0
23521 15:06:25.738779 alarm(300)        = 300
23521 15:06:25.738790 recv(0, "RETR myfile34\r\n", 4096, MSG_PEEK) = 15
23521 15:06:25.738803 read(0, "RETR myfile34\r\n", 15) = 15
23521 15:06:25.738816 write(5, "\v", 1 <unfinished ...>
23519 15:06:25.738824 <... read resumed> "\v", 1) = 1
23521 15:06:25.738829 <... write resumed> ) = 1
23519 15:06:25.738835 write(4, "\1\0\0\0", 4) = 4
23519 15:06:25.738847 read(4,  <unfinished ...>
23521 15:06:25.738853 read(5, "\1\0\0\0", 4) = 4
23521 15:06:25.738865 gettimeofday({1495652785, 738869}, NULL) = 0
23521 15:06:25.738876 getcwd("/home/msfadmin", 4096) = 15
23521 15:06:25.738890 open("myfile34", O_RDONLY|O_NONBLOCK|O_LARGEFILE) = 4
23521 15:06:25.738903 fcntl64(4, F_SETLKW64, {type=F_RDLCK, whence=SEEK_SET, start=0, len=0}, 0xbfec50d4) = 0
23521 15:06:25.738919 fstat64(4, {st_mode=S_IFREG|0644, st_size=17, ...}) = 0
23521 15:06:25.738936 fcntl64(4, F_GETFL) = 0x8800 (flags O_RDONLY|O_NONBLOCK|O_LARGEFILE)
23521 15:06:25.738947 fcntl64(4, F_SETFL, O_RDONLY|O_LARGEFILE) = 0
23521 15:06:25.738958 write(5, "\v", 1 <unfinished ...>
23519 15:06:25.738966 <... read resumed> "\v", 1) = 1
23521 15:06:25.738971 <... write resumed> ) = 1
23519 15:06:25.738977 write(4, "\1\0\0\0", 4) = 4
23519 15:06:25.738988 read(4,  <unfinished ...>
23521 15:06:25.738995 read(5, "\1\0\0\0", 4) = 4
23521 15:06:25.739006 write(5, "\v", 1 <unfinished ...>
23519 15:06:25.739013 <... read resumed> "\v", 1) = 1
23521 15:06:25.739018 <... write resumed> ) = 1
23519 15:06:25.739024 write(4, "\1\0\0\0", 4) = 4
23519 15:06:25.739035 read(4,  <unfinished ...>
23521 15:06:25.739042 read(5, "\1\0\0\0", 4) = 4
23521 15:06:25.739053 write(5, "\r", 1 <unfinished ...>
23519 15:06:25.739060 <... read resumed> "\r", 1) = 1
23521 15:06:25.739065 <... write resumed> ) = 1
23519 15:06:25.739072 select(6, [5], NULL, NULL, {60, 0}) = 1 (in [5], left {60, 0})
23519 15:06:25.739088 accept(5, {sa_family=AF_INET, sin_port=htons(44060), sin_addr=inet_addr("127.0.0.1")}, [16]) = 6
23519 15:06:25.739111 write(4, "\1", 1) = 1
23519 15:06:25.739123 sendmsg(4, {msg_name(0)=NULL, msg_iov(1)=[{"\0", 1}], msg_controllen=16, {cmsg_len=16, cmsg_level=SOL_SOCKET, cmsg_type=SCM_RIGHTS, {6}}, msg_flags=0}, 0) = 1
23519 15:06:25.739140 close(6)          = 0
23519 15:06:25.739150 read(4,  <unfinished ...>
23521 15:06:25.739156 read(5, "\1", 1)  = 1
23521 15:06:25.739169 recvmsg(5, {msg_name(0)=NULL, msg_iov(1)=[{"\0", 1}], msg_controllen=16, {cmsg_len=16, cmsg_level=SOL_SOCKET, cmsg_type=SCM_RIGHTS, {6}}, msg_flags=0}, 0) = 1
23521 15:06:25.739188 setsockopt(6, SOL_SOCKET, SO_KEEPALIVE, [1], 4) = 0
23521 15:06:25.739200 setsockopt(6, SOL_IP, IP_TOS, [8], 4) = 0
23521 15:06:25.739213 setsockopt(6, SOL_SOCKET, SO_LINGER, {onoff=1, linger=32767}, 8) = 0
23521 15:06:25.739224 rt_sigaction(SIGALRM, {0x805cad0, ~[RTMIN RT_1], 0}, NULL, 8) = 0
23521 15:06:25.739243 alarm(300)        = 300
23521 15:06:25.739257 write(0, "150 Opening BINARY mode data connection for myfile34 (17 bytes).\r\n", 66) = 66
23521 15:06:25.739297 _llseek(4, 0, [0], SEEK_CUR) = 0
23521 15:06:25.739310 fstat64(4, {st_mode=S_IFREG|0644, st_size=17, ...}) = 0
23521 15:06:25.739327 _llseek(4, 0, [0], SEEK_SET) = 0
23521 15:06:25.739338 sendfile(6, 4, NULL, 17) = 17
23521 15:06:25.739371 rt_sigaction(SIGALRM, {0x805cad0, ~[RTMIN RT_1], 0}, NULL, 8) = 0
23521 15:06:25.739385 alarm(300)        = 300
23521 15:06:25.739395 close(6)          = 0
23521 15:06:25.739431 alarm(0)          = 300
23521 15:06:25.739442 gettimeofday({1495652785, 739446}, NULL) = 0
23521 15:06:25.739458 gettimeofday({1495652785, 739462}, NULL) = 0
23521 15:06:25.739472 fcntl64(3, F_SETLKW64, {type=F_WRLCK, whence=SEEK_SET, start=0, len=0}, 0xbfec5074) = 0
23521 15:06:25.739487 write(3, "Wed May 24 15:06:25 2017 [pid 23521] [msfadmin] OK DOWNLOAD: Client \"127.0.0.1\", \"/home/msfadmin/myfile34\", 17 bytes, 28.00Kbyte/sec\n", 133) = 133
23521 15:06:25.739509 fcntl64(3, F_SETLK64, {type=F_UNLCK, whence=SEEK_SET, start=0, len=0}, 0xbfec507c) = 0
23521 15:06:25.739523 write(0, "226 Transfer complete.\r\n", 24) = 24
23521 15:06:25.739623 write(5, "\n", 1 <unfinished ...>
23519 15:06:25.739634 <... read resumed> "\n", 1) = 1
23521 15:06:25.739639 <... write resumed> ) = 1
23519 15:06:25.739645 close(5)          = 0
23519 15:06:25.739658 write(4, "\1", 1) = 1
23519 15:06:25.739669 read(4,  <unfinished ...>
23521 15:06:25.739676 read(5, "\1", 1)  = 1
23521 15:06:25.739688 close(4)          = 0
23521 15:06:25.739699 rt_sigaction(SIGALRM, {0x805cad0, ~[RTMIN RT_1], 0}, NULL, 8) = 0
23521 15:06:25.739712 alarm(300)        = 0
23521 15:06:25.739723 recv(0,  <unfinished ...>
23524 15:06:26.246720 <... recv resumed> "TYPE I\r\n", 4096, MSG_PEEK) = 8
23524 15:06:26.246751 read(0, "TYPE I\r\n", 8) = 8
23524 15:06:26.246774 write(0, "200 Switching to Binary mode.\r\n", 31) = 31
23524 15:06:26.246824 rt_sigaction(SIGALRM, {0x805cad0, ~[RTMIN RT_1], 0}, NULL, 8) = 0
23524 15:06:26.246844 alarm(300)        = 299
23524 15:06:26.246857 recv(0, "PASV\r\n", 4096, MSG_PEEK) = 6
23524 15:06:26.246869 read(0, "PASV\r\n", 6) = 6
23524 15:06:26.246882 write(5, "\n", 1) = 1
23524 15:06:26.246896 read(5,  <unfinished ...>
23522 15:06:26.246905 <... read resumed> "\n", 1) = 1
23522 15:06:26.246915 write(4, "\1", 1) = 1
23524 15:06:26.246926 <... read resumed> "\1", 1) = 1
23524 15:06:26.246934 write(5, "\f", 1) = 1
23524 15:06:26.246944 read(5,  <unfinished ...>
23522 15:06:26.246951 read(4, "\f", 1)  = 1
23522 15:06:26.246964 socket(PF_INET, SOCK_STREAM, IPPROTO_TCP) = 5
23522 15:06:26.246980 setsockopt(5, SOL_SOCKET, SO_REUSEADDR, [1], 4) = 0
23522 15:06:26.246995 bind(5, {sa_family=AF_INET, sin_port=htons(35530), sin_addr=inet_addr("127.0.0.1")}, 16) = 0
23522 15:06:26.247013 listen(5, 1)      = 0
23522 15:06:26.247027 write(4, "\312\212\0\0", 4) = 4
23524 15:06:26.247039 <... read resumed> "\312\212\0\0", 4) = 4
23524 15:06:26.247051 write(0, "227 Entering Passive Mode (127,0,0,1,138,202).\r\n", 48) = 48
23524 15:06:26.247169 rt_sigaction(SIGALRM, {0x805cad0, ~[RTMIN RT_1], 0}, NULL, 8) = 0
23524 15:06:26.247187 alarm(300)        = 300
23524 15:06:26.247198 recv(0, "STOR myfile9\r\n", 4096, MSG_PEEK) = 14
23524 15:06:26.247211 read(0, "STOR myfile9\r\n", 14) = 14
23524 15:06:26.247226 write(5, "\v", 1) = 1
23524 15:06:26.247237 read(5,  <unfinished ...>
23522 15:06:26.247244 read(4, "\v", 1)  = 1
23522 15:06:26.247256 write(4, "\1\0\0\0", 4) = 4
23524 15:06:26.247267 <... read resumed> "\1\0\0\0", 4) = 4
23524 15:06:26.247275 gettimeofday({1495652786, 247279}, NULL) = 0
23524 15:06:26.247287 getcwd("/home/msfadmin", 4096) = 15
23524 15:06:26.247300 open("myfile9", O_WRONLY|O_CREAT|O_NONBLOCK|O_LARGEFILE, 0666) = 4
23524 15:06:26.247315 fstat64(4, {st_mode=S_IFREG|0644, st_size=17, ...}) = 0
23524 15:06:26.247333 fcntl64(4, F_GETFL) = 0x8801 (flags O_WRONLY|O_NONBLOCK|O_LARGEFILE)
23524 15:06:26.247353 fcntl64(4, F_SETFL, O_WRONLY|O_LARGEFILE) = 0
23524 15:06:26.247364 fcntl64(4, F_SETLKW64, {type=F_WRLCK, whence=SEEK_SET, start=0, len=0}, 0xbffc09b4) = 0
23524 15:06:26.247379 ftruncate64(4, 0) = 0
23524 15:06:26.247398 _llseek(4, 0, [0], SEEK_SET) = 0
23524 15:06:26.247410 write(5, "\v", 1) = 1
23524 15:06:26.247420 read(5,  <unfinished ...>
23522 15:06:26.247428 read(4, "\v", 1)  = 1
23522 15:06:26.247439 write(4, "\1\0\0\0", 4) = 4
23524 15:06:26.247451 <... read resumed> "\1\0\0\0", 4) = 4
23524 15:06:26.247458 write(5, "\v", 1) = 1
23524 15:06:26.247469 read(5,  <unfinished ...>
23522 15:06:26.247476 read(4, "\v", 1)  = 1
23522 15:06:26.247487 write(4, "\1\0\0\0", 4) = 4
23524 15:06:26.247498 <... read resumed> "\1\0\0\0", 4) = 4
23524 15:06:26.247517 write(5, "\r", 1) = 1
23524 15:06:26.247530 read(5,  <unfinished ...>
23522 15:06:26.247537 read(4, "\r", 1)  = 1
23522 15:06:26.247550 select(6, [5], NULL, NULL, {60, 0}) = 1 (in [5], left {60, 0})
23522 15:06:26.247567 accept(5, {sa_family=AF_INET, sin_port=htons(58221), sin_addr=inet_addr("127.0.0.1")}, [16]) = 6
23522 15:06:26.247591 write(4, "\1", 1) = 1
23524 15:06:26.247602 <... read resumed> "\1", 1) = 1
23524 15:06:26.247611 recvmsg(5,  <unfinished ...>
23522 15:06:26.247620 sendmsg(4, {msg_name(0)=NULL, msg_iov(1)=[{"\0", 1}], msg_controllen=16, {cmsg_len=16, cmsg_level=SOL_SOCKET, cmsg_type=SCM_RIGHTS, {6}}, msg_flags=0}, 0) = 1
23524 15:06:26.247638 <... recvmsg resumed> {msg_name(0)=NULL, msg_iov(1)=[{"\0", 1}], msg_controllen=16, {cmsg_len=16, cmsg_level=SOL_SOCKET, cmsg_type=SCM_RIGHTS, {6}}, msg_flags=0}, 0) = 1
23524 15:06:26.247652 setsockopt(6, SOL_SOCKET, SO_KEEPALIVE, [1], 4) = 0
23524 15:06:26.247665 setsockopt(6, SOL_IP, IP_TOS, [8], 4) = 0
23524 15:06:26.247678 setsockopt(6, SOL_SOCKET, SO_LINGER, {onoff=1, linger=32767}, 8) = 0
23524 15:06:26.247689 rt_sigaction(SIGALRM, {0x805cad0, ~[RTMIN RT_1], 0}, NULL, 8) = 0
23524 15:06:26.247703 alarm(300)        = 300
23524 15:06:26.247716 write(0, "150 Ok to send data.\r\n", 22) = 22
23524 15:06:26.247786 read(6, "assasaaa\na\na\na\na\n", 65536) = 17
23524 15:06:26.247801 write(4, "assasaaa\na\na\na\na\n", 17) = 17
23524 15:06:26.247819 read(6, "", 65536) = 0
23524 15:06:26.247829 rt_sigaction(SIGALRM, {0x805cad0, ~[RTMIN RT_1], 0}, NULL, 8) = 0
23524 15:06:26.247843 alarm(300)        = 300
23524 15:06:26.247853 close(6)          = 0
23524 15:06:26.247863 alarm(0)          = 300
23524 15:06:26.247872 gettimeofday({1495652786, 247876}, NULL) = 0
23524 15:06:26.247888 gettimeofday({1495652786, 247892}, NULL) = 0
23524 15:06:26.247903 fcntl64(3, F_SETLKW64, {type=F_WRLCK, whence=SEEK_SET, start=0, len=0}, 0xbffc0954) = 0
23524 15:06:26.247918 write(3, "Wed May 24 15:06:26 2017 [pid 23524] [msfadmin] OK UPLOAD: Client \"127.0.0.1\", \"/home/msfadmin/myfile9\", 17 bytes, 27.08Kbyte/sec\n", 130) = 130
23524 15:06:26.247940 fcntl64(3, F_SETLK64, {type=F_UNLCK, whence=SEEK_SET, start=0, len=0}, 0xbffc095c) = 0
23524 15:06:26.247955 write(0, "226 Transfer complete.\r\n", 24) = 24
23524 15:06:26.248000 write(5, "\n", 1) = 1
23524 15:06:26.248012 read(5,  <unfinished ...>
23522 15:06:26.248019 close(6)          = 0
23522 15:06:26.248038 read(4, "\n", 1)  = 1
23522 15:06:26.248050 close(5)          = 0
23522 15:06:26.248061 write(4, "\1", 1) = 1
23524 15:06:26.248073 <... read resumed> "\1", 1) = 1
23524 15:06:26.248080 close(4)          = 0
23524 15:06:26.248091 rt_sigaction(SIGALRM, {0x805cad0, ~[RTMIN RT_1], 0}, NULL, 8) = 0
23524 15:06:26.248105 alarm(300)        = 0
23524 15:06:26.248116 recv(0,  <unfinished ...>
23522 15:06:26.248124 read(4,  <unfinished ...>
23521 15:06:26.296694 <... recv resumed> "USER msfadmin\r\n", 4096, MSG_PEEK) = 15
23521 15:06:26.296733 read(0, "USER msfadmin\r\n", 15) = 15
23521 15:06:26.296758 write(0, "331 Any password will do.\r\n", 27) = 27
23521 15:06:26.296804 rt_sigaction(SIGALRM, {0x805cad0, ~[RTMIN RT_1], 0}, NULL, 8) = 0
23521 15:06:26.296822 alarm(300)        = 299
23521 15:06:26.296835 recv(0, "PASS msfadmin\r\n", 4096, MSG_PEEK) = 15
23521 15:06:26.296856 read(0, "PASS msfadmin\r\n", 15) = 15
23521 15:06:26.296873 write(0, "230 Already logged in.\r\n", 24) = 24
23521 15:06:26.296935 rt_sigaction(SIGALRM, {0x805cad0, ~[RTMIN RT_1], 0}, NULL, 8) = 0
23521 15:06:26.296950 alarm(300)        = 300
23521 15:06:26.296961 recv(0, "TYPE I\r\n", 4096, MSG_PEEK) = 8
23521 15:06:26.296973 read(0, "TYPE I\r\n", 8) = 8
23521 15:06:26.296988 write(0, "200 Switching to Binary mode.\r\n", 31) = 31
23521 15:06:26.297024 rt_sigaction(SIGALRM, {0x805cad0, ~[RTMIN RT_1], 0}, NULL, 8) = 0
23521 15:06:26.297039 alarm(300)        = 300
23521 15:06:26.297050 recv(0, "PASV\r\n", 4096, MSG_PEEK) = 6
23521 15:06:26.297061 read(0, "PASV\r\n", 6) = 6
23521 15:06:26.297073 write(5, "\n", 1 <unfinished ...>
23519 15:06:26.297085 <... read resumed> "\n", 1) = 1
23521 15:06:26.297090 <... write resumed> ) = 1
23519 15:06:26.297098 write(4, "\1", 1) = 1
23519 15:06:26.297109 read(4,  <unfinished ...>
23521 15:06:26.297116 read(5, "\1", 1)  = 1
23521 15:06:26.297127 write(5, "\f", 1 <unfinished ...>
23519 15:06:26.297135 <... read resumed> "\f", 1) = 1
23521 15:06:26.297139 <... write resumed> ) = 1
23519 15:06:26.297147 socket(PF_INET, SOCK_STREAM, IPPROTO_TCP) = 5
23519 15:06:26.297163 setsockopt(5, SOL_SOCKET, SO_REUSEADDR, [1], 4) = 0
23519 15:06:26.297178 bind(5, {sa_family=AF_INET, sin_port=htons(50377), sin_addr=inet_addr("127.0.0.1")}, 16) = 0
23519 15:06:26.297194 listen(5, 1)      = 0
23519 15:06:26.297209 write(4, "\311\304\0\0", 4) = 4
23519 15:06:26.297220 read(4,  <unfinished ...>
23521 15:06:26.297227 read(5, "\311\304\0\0", 4) = 4
23521 15:06:26.297243 write(0, "227 Entering Passive Mode (127,0,0,1,196,201).\r\n", 48) = 48
23521 15:06:26.297355 rt_sigaction(SIGALRM, {0x805cad0, ~[RTMIN RT_1], 0}, NULL, 8) = 0
23521 15:06:26.297372 alarm(300)        = 300
23521 15:06:26.297383 recv(0, "RETR myfile35\r\n", 4096, MSG_PEEK) = 15
23521 15:06:26.297395 read(0, "RETR myfile35\r\n", 15) = 15
23521 15:06:26.297408 write(5, "\v", 1 <unfinished ...>
23519 15:06:26.297416 <... read resumed> "\v", 1) = 1
23521 15:06:26.297422 <... write resumed> ) = 1
23519 15:06:26.297450 write(4, "\1\0\0\0", 4) = 4
23519 15:06:26.297464 read(4,  <unfinished ...>
23521 15:06:26.297484 read(5, "\1\0\0\0", 4) = 4
23521 15:06:26.297496 gettimeofday({1495652786, 297499}, NULL) = 0
23521 15:06:26.297507 getcwd("/home/msfadmin", 4096) = 15
23521 15:06:26.297520 open("myfile35", O_RDONLY|O_NONBLOCK|O_LARGEFILE) = 4
23521 15:06:26.297534 fcntl64(4, F_SETLKW64, {type=F_RDLCK, whence=SEEK_SET, start=0, len=0}, 0xbfec50d4) = 0
23521 15:06:26.297549 fstat64(4, {st_mode=S_IFREG|0644, st_size=17, ...}) = 0
23521 15:06:26.297567 fcntl64(4, F_GETFL) = 0x8800 (flags O_RDONLY|O_NONBLOCK|O_LARGEFILE)
23521 15:06:26.297578 fcntl64(4, F_SETFL, O_RDONLY|O_LARGEFILE) = 0
23521 15:06:26.297589 write(5, "\v", 1 <unfinished ...>
23519 15:06:26.297597 <... read resumed> "\v", 1) = 1
23521 15:06:26.297602 <... write resumed> ) = 1
23519 15:06:26.297608 write(4, "\1\0\0\0", 4) = 4
23519 15:06:26.297619 read(4,  <unfinished ...>
23521 15:06:26.297626 read(5, "\1\0\0\0", 4) = 4
23521 15:06:26.297637 write(5, "\v", 1 <unfinished ...>
23519 15:06:26.297644 <... read resumed> "\v", 1) = 1
23521 15:06:26.297649 <... write resumed> ) = 1
23519 15:06:26.297655 write(4, "\1\0\0\0", 4) = 4
23519 15:06:26.297666 read(4,  <unfinished ...>
23521 15:06:26.297672 read(5, "\1\0\0\0", 4) = 4
23521 15:06:26.297683 write(5, "\r", 1 <unfinished ...>
