24234 15:17:06.970579 geteuid32()       = 0
24234 15:17:06.970590 getegid32()       = 0
24234 15:17:06.970600 setregid32(-1, 1000) = 0
24234 15:17:06.970610 setreuid32(-1, 1000) = 0
24234 15:17:06.970621 chdir("/home/msfadmin") = 0
24234 15:17:06.970632 setreuid32(-1, 0) = 0
24234 15:17:06.970641 setregid32(-1, 0) = 0
24234 15:17:06.970651 setgid32(1000)    = 0
24234 15:17:06.970661 setuid32(1000)    = 0
24234 15:17:06.970670 setrlimit(RLIMIT_NPROC, {rlim_cur=0, rlim_max=0}) = 0
24234 15:17:06.970683 mmap2(NULL, 12288, PROT_READ|PROT_WRITE, MAP_PRIVATE|MAP_ANONYMOUS, -1, 0) = 0xb7fd8000
24234 15:17:06.970694 mprotect(0xb7fda000, 4096, PROT_NONE) = 0
24234 15:17:06.970705 mprotect(0xb7fd8000, 4096, PROT_NONE) = 0
24234 15:17:06.970716 getcwd("/home/msfadmin", 4096) = 15
24234 15:17:06.970729 umask(022)        = 077
24234 15:17:06.970739 getcwd("/home/msfadmin", 4096) = 15
24234 15:17:06.970752 open(".message", O_RDONLY|O_NONBLOCK|O_LARGEFILE) = -1 ENOENT (No such file or directory)
24234 15:17:06.970774 write(0, "230 Login successful.\r\n", 23) = 23
24234 15:17:06.970854 rt_sigaction(SIGALRM, {0x805cad0, ~[RTMIN RT_1], 0}, NULL, 8) = 0
24234 15:17:06.970871 alarm(300)        = 0
24234 15:17:06.970881 mmap2(NULL, 12288, PROT_READ|PROT_WRITE, MAP_PRIVATE|MAP_ANONYMOUS, -1, 0) = 0xb7fd5000
24234 15:17:06.970892 mprotect(0xb7fd7000, 4096, PROT_NONE) = 0
24234 15:17:06.970903 mprotect(0xb7fd5000, 4096, PROT_NONE) = 0
24234 15:17:06.970916 recv(0, "TYPE I\r\n", 4096, MSG_PEEK) = 8
24234 15:17:06.970928 read(0, "TYPE I\r\n", 8) = 8
24234 15:17:06.970945 write(0, "200 Switching to Binary mode.\r\n", 31) = 31
24234 15:17:06.970983 rt_sigaction(SIGALRM, {0x805cad0, ~[RTMIN RT_1], 0}, NULL, 8) = 0
24234 15:17:06.971001 alarm(300)        = 300
24234 15:17:06.971012 recv(0, "PASV\r\n", 4096, MSG_PEEK) = 6
24234 15:17:06.971023 read(0, "PASV\r\n", 6) = 6
24234 15:17:06.971035 write(5, "\n", 1) = 1
24234 15:17:06.971046 read(5,  <unfinished ...>
24232 15:17:06.971058 close(5)          = 0
24232 15:17:06.971070 getuid32()        = 0
24232 15:17:06.971085 open("/etc/passwd", O_RDONLY|0x80000 /* O_??? */) = 5
24232 15:17:06.971099 _llseek(5, 0, [0], SEEK_CUR) = 0
24232 15:17:06.971111 fstat64(5, {st_mode=S_IFREG|0644, st_size=1624, ...}) = 0
24232 15:17:06.971128 mmap2(NULL, 1624, PROT_READ, MAP_SHARED, 5, 0) = 0xb7fda000
24232 15:17:06.971140 _llseek(5, 1624, [1624], SEEK_SET) = 0
24232 15:17:06.971157 munmap(0xb7fda000, 1624) = 0
24232 15:17:06.971168 close(5)          = 0
24232 15:17:06.971183 setgroups32(0, []) = 0
24232 15:17:06.971194 chdir("/usr/share/empty") = 0
24232 15:17:06.971206 chroot(".")       = 0
24232 15:17:06.971217 capset(NULL, NULL) = -1 EFAULT (Bad address)
24232 15:17:06.971230 prctl(0x8, 0, 0xbff169b8, 0x80549a6, 0xbff169a0) = 0
24232 15:17:06.971241 prctl(0x8, 0x1, 0xbff169b8, 0x8054a49, 0xbff169a0) = 0
24232 15:17:06.971250 setgid32(65534)   = 0
24232 15:17:06.971260 setuid32(65534)   = 0
24232 15:17:06.971270 capset(0x19980330, 0, {CAP_NET_BIND_SERVICE, CAP_NET_BIND_SERVICE, 0}) = 0
24232 15:17:06.971298 read(4, "\n", 1)  = 1
24232 15:17:06.971315 write(4, "\1", 1) = 1
24234 15:17:06.971338 <... read resumed> "\1", 1) = 1
24234 15:17:06.971345 write(5, "\f", 1) = 1
24234 15:17:06.971355 read(5,  <unfinished ...>
24232 15:17:06.971362 read(4, "\f", 1)  = 1
24232 15:17:06.971374 socket(PF_INET, SOCK_STREAM, IPPROTO_TCP) = 5
24232 15:17:06.971387 setsockopt(5, SOL_SOCKET, SO_REUSEADDR, [1], 4) = 0
24232 15:17:06.971398 gettimeofday({1495653426, 971402}, NULL) = 0
24232 15:17:06.971414 bind(5, {sa_family=AF_INET, sin_port=htons(44377), sin_addr=inet_addr("127.0.0.1")}, 16) = 0
24232 15:17:06.971430 listen(5, 1)      = 0
24232 15:17:06.971442 write(4, "Y\255\0\0", 4) = 4
24234 15:17:06.971453 <... read resumed> "Y\255\0\0", 4) = 4
24234 15:17:06.971467 write(0, "227 Entering Passive Mode (127,0,0,1,173,89).\r\n", 47) = 47
24234 15:17:06.971564 rt_sigaction(SIGALRM, {0x805cad0, ~[RTMIN RT_1], 0}, NULL, 8) = 0
24234 15:17:06.971581 alarm(300)        = 300
24234 15:17:06.971592 recv(0, "STOR myfile14\r\n", 4096, MSG_PEEK) = 15
24234 15:17:06.971604 read(0, "STOR myfile14\r\n", 15) = 15
24234 15:17:06.971619 write(5, "\v", 1) = 1
24234 15:17:06.971629 read(5,  <unfinished ...>
24232 15:17:06.971636 read(4, "\v", 1)  = 1
24232 15:17:06.971647 write(4, "\1\0\0\0", 4) = 4
24234 15:17:06.971657 <... read resumed> "\1\0\0\0", 4) = 4
24234 15:17:06.971666 gettimeofday({1495653426, 971669}, NULL) = 0
24234 15:17:06.971676 getcwd("/home/msfadmin", 4096) = 15
24234 15:17:06.971688 open("myfile14", O_WRONLY|O_CREAT|O_NONBLOCK|O_LARGEFILE, 0666) = 4
24234 15:17:06.971702 fstat64(4, {st_mode=S_IFREG|0644, st_size=17, ...}) = 0
24234 15:17:06.971718 fcntl64(4, F_GETFL) = 0x8801 (flags O_WRONLY|O_NONBLOCK|O_LARGEFILE)
24234 15:17:06.971729 fcntl64(4, F_SETFL, O_WRONLY|O_LARGEFILE) = 0
24234 15:17:06.971738 fcntl64(4, F_SETLKW64, {type=F_WRLCK, whence=SEEK_SET, start=0, len=0}, 0xbff16904) = 0
24234 15:17:06.971753 ftruncate64(4, 0) = 0
24234 15:17:06.971772 _llseek(4, 0, [0], SEEK_SET) = 0
24234 15:17:06.971783 write(5, "\v", 1) = 1
24234 15:17:06.971793 read(5,  <unfinished ...>
24232 15:17:06.971800 read(4, "\v", 1)  = 1
24232 15:17:06.971811 write(4, "\1\0\0\0", 4) = 4
24234 15:17:06.971822 <... read resumed> "\1\0\0\0", 4) = 4
24234 15:17:06.971829 write(5, "\v", 1) = 1
24234 15:17:06.971838 read(5,  <unfinished ...>
24232 15:17:06.971845 read(4, "\v", 1)  = 1
24232 15:17:06.971855 write(4, "\1\0\0\0", 4) = 4
24234 15:17:06.971865 <... read resumed> "\1\0\0\0", 4) = 4
24234 15:17:06.971872 write(5, "\r", 1) = 1
24234 15:17:06.971882 read(5,  <unfinished ...>
24232 15:17:06.971889 read(4, "\r", 1)  = 1
24232 15:17:06.971901 select(6, [5], NULL, NULL, {60, 0}) = 1 (in [5], left {60, 0})
24232 15:17:06.971921 accept(5, {sa_family=AF_INET, sin_port=htons(36101), sin_addr=inet_addr("127.0.0.1")}, [16]) = 6
24232 15:17:06.971943 write(4, "\1", 1) = 1
24234 15:17:06.971953 <... read resumed> "\1", 1) = 1
24234 15:17:06.971962 recvmsg(5,  <unfinished ...>
24232 15:17:06.971972 sendmsg(4, {msg_name(0)=NULL, msg_iov(1)=[{"\0", 1}], msg_controllen=16, {cmsg_len=16, cmsg_level=SOL_SOCKET, cmsg_type=SCM_RIGHTS, {6}}, msg_flags=0}, 0) = 1
24234 15:17:06.971989 <... recvmsg resumed> {msg_name(0)=NULL, msg_iov(1)=[{"\0", 1}], msg_controllen=16, {cmsg_len=16, cmsg_level=SOL_SOCKET, cmsg_type=SCM_RIGHTS, {6}}, msg_flags=0}, 0) = 1
24234 15:17:06.972001 setsockopt(6, SOL_SOCKET, SO_KEEPALIVE, [1], 4) = 0
24234 15:17:06.972014 setsockopt(6, SOL_IP, IP_TOS, [8], 4) = 0
24234 15:17:06.972025 setsockopt(6, SOL_SOCKET, SO_LINGER, {onoff=1, linger=32767}, 8) = 0
24234 15:17:06.972036 rt_sigaction(SIGALRM, {0x805cad0, ~[RTMIN RT_1], 0}, NULL, 8) = 0
24234 15:17:06.972049 alarm(300)        = 300
24234 15:17:06.972061 write(0, "150 Ok to send data.\r\n", 22) = 22
24234 15:17:06.972122 mmap2(NULL, 77824, PROT_READ|PROT_WRITE, MAP_PRIVATE|MAP_ANONYMOUS, -1, 0) = 0xb7e0f000
24234 15:17:06.972136 mprotect(0xb7e21000, 4096, PROT_NONE) = 0
24234 15:17:06.972147 mprotect(0xb7e0f000, 4096, PROT_NONE) = 0
24234 15:17:06.972157 read(6, "assasaaa\na\na\na\na\n", 65536) = 17
24234 15:17:06.972171 write(4, "assasaaa\na\na\na\na\n", 17) = 17
24234 15:17:06.972186 read(6, "", 65536) = 0
24234 15:17:06.972196 rt_sigaction(SIGALRM, {0x805cad0, ~[RTMIN RT_1], 0}, NULL, 8) = 0
24234 15:17:06.972209 alarm(300)        = 300
24234 15:17:06.972219 close(6)          = 0
24234 15:17:06.972228 alarm(0)          = 300
24234 15:17:06.972237 gettimeofday({1495653426, 972240}, NULL) = 0
24234 15:17:06.972268 getpid()          = 24234
24234 15:17:06.972291 gettimeofday({1495653426, 972295}, NULL) = 0
24234 15:17:06.972311 fcntl64(3, F_SETLKW64, {type=F_WRLCK, whence=SEEK_SET, start=0, len=0}, 0xbff168a4) = 0
24234 15:17:06.972326 write(3, "Wed May 24 15:17:06 2017 [pid 24234] [msfadmin] OK UPLOAD: Client \"127.0.0.1\", \"/home/msfadmin/myfile14\", 17 bytes, 26.52Kbyte/sec\n", 131) = 131
24234 15:17:06.972346 fcntl64(3, F_SETLK64, {type=F_UNLCK, whence=SEEK_SET, start=0, len=0}, 0xbff168ac) = 0
24234 15:17:06.972360 write(0, "226 Transfer complete.\r\n", 24) = 24
24234 15:17:06.972400 write(5, "\n", 1) = 1
24234 15:17:06.972412 read(5,  <unfinished ...>
24232 15:17:06.972419 close(6)          = 0
24232 15:17:06.972437 read(4, "\n", 1)  = 1
24232 15:17:06.972448 close(5)          = 0
24232 15:17:06.972459 write(4, "\1", 1) = 1
24234 15:17:06.972469 <... read resumed> "\1", 1) = 1
24234 15:17:06.972476 close(4)          = 0
24234 15:17:06.972486 rt_sigaction(SIGALRM, {0x805cad0, ~[RTMIN RT_1], 0}, NULL, 8) = 0
24234 15:17:06.972499 alarm(300)        = 0
24234 15:17:06.972510 recv(0,  <unfinished ...>
24232 15:17:06.972518 read(4,  <unfinished ...>
24234 15:17:07.510080 <... recv resumed> "TYPE I\r\n", 4096, MSG_PEEK) = 8
24234 15:17:07.510110 read(0, "TYPE I\r\n", 8) = 8
24234 15:17:07.510131 write(0, "200 Switching to Binary mode.\r\n", 31) = 31
24234 15:17:07.510178 rt_sigaction(SIGALRM, {0x805cad0, ~[RTMIN RT_1], 0}, NULL, 8) = 0
24234 15:17:07.510196 alarm(300)        = 299
24234 15:17:07.510208 recv(0, "PASV\r\n", 4096, MSG_PEEK) = 6
24234 15:17:07.510219 read(0, "PASV\r\n", 6) = 6
24234 15:17:07.510231 write(5, "\n", 1) = 1
24234 15:17:07.510244 read(5,  <unfinished ...>
24232 15:17:07.510252 <... read resumed> "\n", 1) = 1
24232 15:17:07.510261 write(4, "\1", 1) = 1
24234 15:17:07.510272 <... read resumed> "\1", 1) = 1
24234 15:17:07.510289 write(5, "\f", 1) = 1
24234 15:17:07.510303 read(5,  <unfinished ...>
24232 15:17:07.510310 read(4, "\f", 1)  = 1
24232 15:17:07.510322 socket(PF_INET, SOCK_STREAM, IPPROTO_TCP) = 5
24232 15:17:07.510338 setsockopt(5, SOL_SOCKET, SO_REUSEADDR, [1], 4) = 0
24232 15:17:07.510353 bind(5, {sa_family=AF_INET, sin_port=htons(59622), sin_addr=inet_addr("127.0.0.1")}, 16) = 0
24232 15:17:07.510370 listen(5, 1)      = 0
24232 15:17:07.510392 write(4, "\346\350\0\0", 4) = 4
24234 15:17:07.510404 <... read resumed> "\346\350\0\0", 4) = 4
24234 15:17:07.510416 write(0, "227 Entering Passive Mode (127,0,0,1,232,230).\r\n", 48) = 48
24234 15:17:07.510531 rt_sigaction(SIGALRM, {0x805cad0, ~[RTMIN RT_1], 0}, NULL, 8) = 0
24234 15:17:07.510547 alarm(300)        = 300
24234 15:17:07.510558 recv(0, "STOR myfile15\r\n", 4096, MSG_PEEK) = 15
24234 15:17:07.510570 read(0, "STOR myfile15\r\n", 15) = 15
24234 15:17:07.510584 write(5, "\v", 1) = 1
24234 15:17:07.510594 read(5,  <unfinished ...>
24232 15:17:07.510601 read(4, "\v", 1)  = 1
24232 15:17:07.510612 write(4, "\1\0\0\0", 4) = 4
24234 15:17:07.510622 <... read resumed> "\1\0\0\0", 4) = 4
24234 15:17:07.510629 gettimeofday({1495653427, 510633}, NULL) = 0
24234 15:17:07.510641 getcwd("/home/msfadmin", 4096) = 15
24234 15:17:07.510653 open("myfile15", O_WRONLY|O_CREAT|O_NONBLOCK|O_LARGEFILE, 0666) = 4
24234 15:17:07.510667 fstat64(4, {st_mode=S_IFREG|0644, st_size=17, ...}) = 0
24234 15:17:07.510685 fcntl64(4, F_GETFL) = 0x8801 (flags O_WRONLY|O_NONBLOCK|O_LARGEFILE)
24234 15:17:07.510696 fcntl64(4, F_SETFL, O_WRONLY|O_LARGEFILE) = 0
24234 15:17:07.510705 fcntl64(4, F_SETLKW64, {type=F_WRLCK, whence=SEEK_SET, start=0, len=0}, 0xbff16904) = 0
24234 15:17:07.510719 ftruncate64(4, 0) = 0
24234 15:17:07.510737 _llseek(4, 0, [0], SEEK_SET) = 0
24234 15:17:07.510748 write(5, "\v", 1) = 1
24234 15:17:07.510758 read(5,  <unfinished ...>
24232 15:17:07.510765 read(4, "\v", 1)  = 1
24232 15:17:07.510792 write(4, "\1\0\0\0", 4) = 4
24234 15:17:07.510806 <... read resumed> "\1\0\0\0", 4) = 4
24234 15:17:07.510814 write(5, "\v", 1) = 1
24234 15:17:07.510835 read(5,  <unfinished ...>
24232 15:17:07.510842 read(4, "\v", 1)  = 1
24232 15:17:07.510852 write(4, "\1\0\0\0", 4) = 4
24234 15:17:07.510862 <... read resumed> "\1\0\0\0", 4) = 4
24234 15:17:07.510870 write(5, "\r", 1) = 1
24234 15:17:07.510879 read(5,  <unfinished ...>
24232 15:17:07.510885 read(4, "\r", 1)  = 1
24232 15:17:07.510897 select(6, [5], NULL, NULL, {60, 0}) = 1 (in [5], left {60, 0})
24232 15:17:07.510913 accept(5, {sa_family=AF_INET, sin_port=htons(60659), sin_addr=inet_addr("127.0.0.1")}, [16]) = 6
24232 15:17:07.510935 write(4, "\1", 1) = 1
24234 15:17:07.510945 <... read resumed> "\1", 1) = 1
24234 15:17:07.510954 recvmsg(5,  <unfinished ...>
24232 15:17:07.510962 sendmsg(4, {msg_name(0)=NULL, msg_iov(1)=[{"\0", 1}], msg_controllen=16, {cmsg_len=16, cmsg_level=SOL_SOCKET, cmsg_type=SCM_RIGHTS, {6}}, msg_flags=0}, 0) = 1
24234 15:17:07.510978 <... recvmsg resumed> {msg_name(0)=NULL, msg_iov(1)=[{"\0", 1}], msg_controllen=16, {cmsg_len=16, cmsg_level=SOL_SOCKET, cmsg_type=SCM_RIGHTS, {6}}, msg_flags=0}, 0) = 1
24234 15:17:07.510991 setsockopt(6, SOL_SOCKET, SO_KEEPALIVE, [1], 4) = 0
24234 15:17:07.511004 setsockopt(6, SOL_IP, IP_TOS, [8], 4) = 0
24234 15:17:07.511015 setsockopt(6, SOL_SOCKET, SO_LINGER, {onoff=1, linger=32767}, 8) = 0
24234 15:17:07.511026 rt_sigaction(SIGALRM, {0x805cad0, ~[RTMIN RT_1], 0}, NULL, 8) = 0
24234 15:17:07.511039 alarm(300)        = 300
24234 15:17:07.511052 write(0, "150 Ok to send data.\r\n", 22) = 22
24234 15:17:07.511117 read(6, "assasaaa\na\na\na\na\n", 65536) = 17
24234 15:17:07.511131 write(4, "assasaaa\na\na\na\na\n", 17) = 17
24234 15:17:07.511147 read(6, "", 65536) = 0
24234 15:17:07.511157 rt_sigaction(SIGALRM, {0x805cad0, ~[RTMIN RT_1], 0}, NULL, 8) = 0
24234 15:17:07.511170 alarm(300)        = 300
24234 15:17:07.511180 close(6)          = 0
24234 15:17:07.511189 alarm(0)          = 300
24234 15:17:07.511198 gettimeofday({1495653427, 511202}, NULL) = 0
24234 15:17:07.511213 gettimeofday({1495653427, 511217}, NULL) = 0
24234 15:17:07.511227 fcntl64(3, F_SETLKW64, {type=F_WRLCK, whence=SEEK_SET, start=0, len=0}, 0xbff168a4) = 0
24234 15:17:07.511242 write(3, "Wed May 24 15:17:07 2017 [pid 24234] [msfadmin] OK UPLOAD: Client \"127.0.0.1\", \"/home/msfadmin/myfile15\", 17 bytes, 28.43Kbyte/sec\n", 131) = 131
24234 15:17:07.511263 fcntl64(3, F_SETLK64, {type=F_UNLCK, whence=SEEK_SET, start=0, len=0}, 0xbff168ac) = 0
24234 15:17:07.511300 write(0, "226 Transfer complete.\r\n", 24) = 24
24234 15:17:07.511355 write(5, "\n", 1) = 1
24234 15:17:07.511366 read(5,  <unfinished ...>
24232 15:17:07.511373 close(6)          = 0
24232 15:17:07.511391 read(4, "\n", 1)  = 1
24232 15:17:07.511402 close(5)          = 0
24232 15:17:07.511412 write(4, "\1", 1) = 1
24234 15:17:07.511423 <... read resumed> "\1", 1) = 1
24234 15:17:07.511430 close(4)          = 0
24234 15:17:07.511440 rt_sigaction(SIGALRM, {0x805cad0, ~[RTMIN RT_1], 0}, NULL, 8) = 0
24234 15:17:07.511453 alarm(300)        = 0
24234 15:17:07.511464 recv(0,  <unfinished ...>
24232 15:17:07.511471 read(4,  <unfinished ...>
24234 15:17:08.021319 <... recv resumed> "TYPE I\r\n", 4096, MSG_PEEK) = 8
24234 15:17:08.021415 read(0, "TYPE I\r\n", 8) = 8
24234 15:17:08.021499 write(0, "200 Switching to Binary mode.\r\n", 31) = 31
24234 15:17:08.021586 rt_sigaction(SIGALRM, {0x805cad0, ~[RTMIN RT_1], 0}, NULL, 8) = 0
24234 15:17:08.021617 alarm(300)        = 299
24234 15:17:08.021642 recv(0, "PASV\r\n", 4096, MSG_PEEK) = 6
24234 15:17:08.021655 read(0, "PASV\r\n", 6) = 6
24234 15:17:08.021667 write(5, "\n", 1) = 1
24234 15:17:08.021680 read(5,  <unfinished ...>
24232 15:17:08.021688 <... read resumed> "\n", 1) = 1
24232 15:17:08.021697 write(4, "\1", 1) = 1
24234 15:17:08.021708 <... read resumed> "\1", 1) = 1
24234 15:17:08.021715 write(5, "\f", 1) = 1
24234 15:17:08.021724 read(5,  <unfinished ...>
24232 15:17:08.021731 read(4, "\f", 1)  = 1
24232 15:17:08.021743 socket(PF_INET, SOCK_STREAM, IPPROTO_TCP) = 5
24232 15:17:08.021759 setsockopt(5, SOL_SOCKET, SO_REUSEADDR, [1], 4) = 0
24232 15:17:08.021773 bind(5, {sa_family=AF_INET, sin_port=htons(59764), sin_addr=inet_addr("127.0.0.1")}, 16) = 0
24232 15:17:08.021790 listen(5, 1)      = 0
24232 15:17:08.021804 write(4, "t\351\0\0", 4) = 4
24234 15:17:08.021814 <... read resumed> "t\351\0\0", 4) = 4
24234 15:17:08.021826 write(0, "227 Entering Passive Mode (127,0,0,1,233,116).\r\n", 48) = 48
24234 15:17:08.021938 rt_sigaction(SIGALRM, {0x805cad0, ~[RTMIN RT_1], 0}, NULL, 8) = 0
24234 15:17:08.021955 alarm(300)        = 300
24234 15:17:08.021966 recv(0, "STOR myfile16\r\n", 4096, MSG_PEEK) = 15
24234 15:17:08.021978 read(0, "STOR myfile16\r\n", 15) = 15
24234 15:17:08.021992 write(5, "\v", 1) = 1
24234 15:17:08.022002 read(5,  <unfinished ...>
24232 15:17:08.022009 read(4, "\v", 1)  = 1
24232 15:17:08.022020 write(4, "\1\0\0\0", 4) = 4
24234 15:17:08.022030 <... read resumed> "\1\0\0\0", 4) = 4
24234 15:17:08.022038 gettimeofday({1495653428, 22041}, NULL) = 0
24234 15:17:08.022049 getcwd("/home/msfadmin", 4096) = 15
24234 15:17:08.022061 open("myfile16", O_WRONLY|O_CREAT|O_NONBLOCK|O_LARGEFILE, 0666) = 4
24234 15:17:08.022076 fstat64(4, {st_mode=S_IFREG|0644, st_size=17, ...}) = 0
24234 15:17:08.022093 fcntl64(4, F_GETFL) = 0x8801 (flags O_WRONLY|O_NONBLOCK|O_LARGEFILE)
24234 15:17:08.022104 fcntl64(4, F_SETFL, O_WRONLY|O_LARGEFILE) = 0
24234 15:17:08.022114 fcntl64(4, F_SETLKW64, {type=F_WRLCK, whence=SEEK_SET, start=0, len=0}, 0xbff16904) = 0
24234 15:17:08.022128 ftruncate64(4, 0) = 0
24234 15:17:08.022170 _llseek(4, 0, [0], SEEK_SET) = 0
24234 15:17:08.022183 write(5, "\v", 1) = 1
24234 15:17:08.022203 read(5,  <unfinished ...>
24232 15:17:08.022210 read(4, "\v", 1)  = 1
24232 15:17:08.022221 write(4, "\1\0\0\0", 4) = 4
24234 15:17:08.022231 <... read resumed> "\1\0\0\0", 4) = 4
24234 15:17:08.022238 write(5, "\v", 1) = 1
24234 15:17:08.022248 read(5,  <unfinished ...>
24232 15:17:08.022255 read(4, "\v", 1)  = 1
24232 15:17:08.022265 write(4, "\1\0\0\0", 4) = 4
24234 15:17:08.022275 <... read resumed> "\1\0\0\0", 4) = 4
24234 15:17:08.022282 write(5, "\r", 1) = 1
24234 15:17:08.022292 read(5,  <unfinished ...>
24232 15:17:08.022298 read(4, "\r", 1)  = 1
24232 15:17:08.022310 select(6, [5], NULL, NULL, {60, 0}) = 1 (in [5], left {60, 0})
24232 15:17:08.022326 accept(5, {sa_family=AF_INET, sin_port=htons(39269), sin_addr=inet_addr("127.0.0.1")}, [16]) = 6
24232 15:17:08.022348 write(4, "\1", 1) = 1
24234 15:17:08.022358 <... read resumed> "\1", 1) = 1
24234 15:17:08.022372 recvmsg(5,  <unfinished ...>
24232 15:17:08.022381 sendmsg(4, {msg_name(0)=NULL, msg_iov(1)=[{"\0", 1}], msg_controllen=16, {cmsg_len=16, cmsg_level=SOL_SOCKET, cmsg_type=SCM_RIGHTS, {6}}, msg_flags=0}, 0) = 1
24234 15:17:08.022398 <... recvmsg resumed> {msg_name(0)=NULL, msg_iov(1)=[{"\0", 1}], msg_controllen=16, {cmsg_len=16, cmsg_level=SOL_SOCKET, cmsg_type=SCM_RIGHTS, {6}}, msg_flags=0}, 0) = 1
24234 15:17:08.022412 setsockopt(6, SOL_SOCKET, SO_KEEPALIVE, [1], 4) = 0
24234 15:17:08.022424 setsockopt(6, SOL_IP, IP_TOS, [8], 4) = 0
24234 15:17:08.022435 setsockopt(6, SOL_SOCKET, SO_LINGER, {onoff=1, linger=32767}, 8) = 0
24234 15:17:08.022447 rt_sigaction(SIGALRM, {0x805cad0, ~[RTMIN RT_1], 0}, NULL, 8) = 0
24234 15:17:08.022460 alarm(300)        = 300
24234 15:17:08.022472 write(0, "150 Ok to send data.\r\n", 22) = 22
24234 15:17:08.022539 read(6, "assasaaa\na\na\na\na\n", 65536) = 17
24234 15:17:08.022553 write(4, "assasaaa\na\na\na\na\n", 17) = 17
24234 15:17:08.022569 read(6, "", 65536) = 0
24234 15:17:08.022579 rt_sigaction(SIGALRM, {0x805cad0, ~[RTMIN RT_1], 0}, NULL, 8) = 0
24234 15:17:08.022592 alarm(300)        = 300
24234 15:17:08.022602 close(6)          = 0
24234 15:17:08.022611 alarm(0)          = 300
24234 15:17:08.022620 gettimeofday({1495653428, 22624}, NULL) = 0
24234 15:17:08.022635 gettimeofday({1495653428, 22639}, NULL) = 0
24234 15:17:08.022649 fcntl64(3, F_SETLKW64, {type=F_WRLCK, whence=SEEK_SET, start=0, len=0}, 0xbff168a4) = 0
24234 15:17:08.022664 write(3, "Wed May 24 15:17:08 2017 [pid 24234] [msfadmin] OK UPLOAD: Client \"127.0.0.1\", \"/home/msfadmin/myfile16\", 17 bytes, 27.76Kbyte/sec\n", 131) = 131
24234 15:17:08.022685 fcntl64(3, F_SETLK64, {type=F_UNLCK, whence=SEEK_SET, start=0, len=0}, 0xbff168ac) = 0
24234 15:17:08.022699 write(0, "226 Transfer complete.\r\n", 24) = 24
24234 15:17:08.022742 write(5, "\n", 1) = 1
24234 15:17:08.022753 read(5,  <unfinished ...>
24232 15:17:08.022760 close(6)          = 0
24232 15:17:08.022777 read(4, "\n", 1)  = 1
24232 15:17:08.022789 close(5)          = 0
24232 15:17:08.022799 write(4, "\1", 1) = 1
24234 15:17:08.022809 <... read resumed> "\1", 1) = 1
24234 15:17:08.022816 close(4)          = 0
24234 15:17:08.022826 rt_sigaction(SIGALRM, {0x805cad0, ~[RTMIN RT_1], 0}, NULL, 8) = 0
24234 15:17:08.022839 alarm(300)        = 0
24234 15:17:08.022850 recv(0,  <unfinished ...>
24232 15:17:08.022857 read(4,  <unfinished ...>
24234 15:17:08.560189 <... recv resumed> "TYPE I\r\n", 4096, MSG_PEEK) = 8
24234 15:17:08.560218 read(0, "TYPE I\r\n", 8) = 8
24234 15:17:08.560240 write(0, "200 Switching to Binary mode.\r\n", 31) = 31
24234 15:17:08.560287 rt_sigaction(SIGALRM, {0x805cad0, ~[RTMIN RT_1], 0}, NULL, 8) = 0
24234 15:17:08.560304 alarm(300)        = 299
24234 15:17:08.560317 recv(0, "PASV\r\n", 4096, MSG_PEEK) = 6
24234 15:17:08.560328 read(0, "PASV\r\n", 6) = 6
24234 15:17:08.560340 write(5, "\n", 1) = 1
24234 15:17:08.560352 read(5,  <unfinished ...>
24232 15:17:08.560361 <... read resumed> "\n", 1) = 1
24232 15:17:08.560370 write(4, "\1", 1) = 1
24234 15:17:08.560380 <... read resumed> "\1", 1) = 1
24234 15:17:08.560387 write(5, "\f", 1) = 1
24234 15:17:08.560397 read(5,  <unfinished ...>
24232 15:17:08.560404 read(4, "\f", 1)  = 1
24232 15:17:08.560415 socket(PF_INET, SOCK_STREAM, IPPROTO_TCP) = 5
24232 15:17:08.560431 setsockopt(5, SOL_SOCKET, SO_REUSEADDR, [1], 4) = 0
24232 15:17:08.560445 bind(5, {sa_family=AF_INET, sin_port=htons(42301), sin_addr=inet_addr("127.0.0.1")}, 16) = 0
24232 15:17:08.560462 listen(5, 1)      = 0
24232 15:17:08.560476 write(4, "=\245\0\0", 4) = 4
24234 15:17:08.560486 <... read resumed> "=\245\0\0", 4) = 4
24234 15:17:08.560498 write(0, "227 Entering Passive Mode (127,0,0,1,165,61).\r\n", 47) = 47
24234 15:17:08.560610 rt_sigaction(SIGALRM, {0x805cad0, ~[RTMIN RT_1], 0}, NULL, 8) = 0
24234 15:17:08.560627 alarm(300)        = 300
24234 15:17:08.560638 recv(0, "STOR myfile17\r\n", 4096, MSG_PEEK) = 15
24234 15:17:08.560650 read(0, "STOR myfile17\r\n", 15) = 15
24234 15:17:08.560663 write(5, "\v", 1) = 1
24234 15:17:08.560683 read(5,  <unfinished ...>
24232 15:17:08.560690 read(4, "\v", 1)  = 1
24232 15:17:08.560701 write(4, "\1\0\0\0", 4) = 4
24234 15:17:08.560711 <... read resumed> "\1\0\0\0", 4) = 4
24234 15:17:08.560719 gettimeofday({1495653428, 560723}, NULL) = 0
24234 15:17:08.560730 getcwd("/home/msfadmin", 4096) = 15
24234 15:17:08.560742 open("myfile17", O_WRONLY|O_CREAT|O_NONBLOCK|O_LARGEFILE, 0666) = 4
24234 15:17:08.560756 fstat64(4, {st_mode=S_IFREG|0644, st_size=17, ...}) = 0
24234 15:17:08.560774 fcntl64(4, F_GETFL) = 0x8801 (flags O_WRONLY|O_NONBLOCK|O_LARGEFILE)
24234 15:17:08.560785 fcntl64(4, F_SETFL, O_WRONLY|O_LARGEFILE) = 0
24234 15:17:08.560795 fcntl64(4, F_SETLKW64, {type=F_WRLCK, whence=SEEK_SET, start=0, len=0}, 0xbff16904) = 0
24234 15:17:08.560809 ftruncate64(4, 0) = 0
24234 15:17:08.560826 _llseek(4, 0, [0], SEEK_SET) = 0
24234 15:17:08.560837 write(5, "\v", 1) = 1
24234 15:17:08.560847 read(5,  <unfinished ...>
24232 15:17:08.560854 read(4, "\v", 1)  = 1
24232 15:17:08.561003 write(4, "\1\0\0\0", 4) = 4
24234 15:17:08.561023 <... read resumed> "\1\0\0\0", 4) = 4
24234 15:17:08.561030 write(5, "\v", 1) = 1
24234 15:17:08.561040 read(5,  <unfinished ...>
24232 15:17:08.561047 read(4, "\v", 1)  = 1
24232 15:17:08.561057 write(4, "\1\0\0\0", 4) = 4
24234 15:17:08.561067 <... read resumed> "\1\0\0\0", 4) = 4
24234 15:17:08.561074 write(5, "\r", 1) = 1
24234 15:17:08.561084 read(5,  <unfinished ...>
24232 15:17:08.561090 read(4, "\r", 1)  = 1
24232 15:17:08.561102 select(6, [5], NULL, NULL, {60, 0}) = 1 (in [5], left {60, 0})
24232 15:17:08.561118 accept(5, {sa_family=AF_INET, sin_port=htons(51468), sin_addr=inet_addr("127.0.0.1")}, [16]) = 6
24232 15:17:08.561139 write(4, "\1", 1) = 1
24234 15:17:08.561150 <... read resumed> "\1", 1) = 1
24234 15:17:08.561158 recvmsg(5,  <unfinished ...>
24232 15:17:08.561166 sendmsg(4, {msg_name(0)=NULL, msg_iov(1)=[{"\0", 1}], msg_controllen=16, {cmsg_len=16, cmsg_level=SOL_SOCKET, cmsg_type=SCM_RIGHTS, {6}}, msg_flags=0}, 0) = 1
24234 15:17:08.561183 <... recvmsg resumed> {msg_name(0)=NULL, msg_iov(1)=[{"\0", 1}], msg_controllen=16, {cmsg_len=16, cmsg_level=SOL_SOCKET, cmsg_type=SCM_RIGHTS, {6}}, msg_flags=0}, 0) = 1
24234 15:17:08.561196 setsockopt(6, SOL_SOCKET, SO_KEEPALIVE, [1], 4) = 0
24234 15:17:08.561208 setsockopt(6, SOL_IP, IP_TOS, [8], 4) = 0
24234 15:17:08.561220 setsockopt(6, SOL_SOCKET, SO_LINGER, {onoff=1, linger=32767}, 8) = 0
24234 15:17:08.561231 rt_sigaction(SIGALRM, {0x805cad0, ~[RTMIN RT_1], 0}, NULL, 8) = 0
24234 15:17:08.561244 alarm(300)        = 300
24234 15:17:08.561256 write(0, "150 Ok to send data.\r\n", 22) = 22
24234 15:17:08.561323 read(6, "assasaaa\na\na\na\na\n", 65536) = 17
24234 15:17:08.561337 write(4, "assasaaa\na\na\na\na\n", 17) = 17
24234 15:17:08.561353 read(6, "", 65536) = 0
24234 15:17:08.561364 rt_sigaction(SIGALRM, {0x805cad0, ~[RTMIN RT_1], 0}, NULL, 8) = 0
24234 15:17:08.561377 alarm(300)        = 300
24234 15:17:08.561387 close(6)          = 0
24234 15:17:08.561396 alarm(0)          = 300
24234 15:17:08.561405 gettimeofday({1495653428, 561409}, NULL) = 0
24234 15:17:08.561421 gettimeofday({1495653428, 561425}, NULL) = 0
24234 15:17:08.561435 fcntl64(3, F_SETLKW64, {type=F_WRLCK, whence=SEEK_SET, start=0, len=0}, 0xbff168a4) = 0
24234 15:17:08.561449 write(3, "Wed May 24 15:17:08 2017 [pid 24234] [msfadmin] OK UPLOAD: Client \"127.0.0.1\", \"/home/msfadmin/myfile17\", 17 bytes, 23.65Kbyte/sec\n", 131) = 131
24234 15:17:08.561470 fcntl64(3, F_SETLK64, {type=F_UNLCK, whence=SEEK_SET, start=0, len=0}, 0xbff168ac) = 0
24234 15:17:08.561484 write(0, "226 Transfer complete.\r\n", 24) = 24
24234 15:17:08.561527 write(5, "\n", 1) = 1
24234 15:17:08.561539 read(5,  <unfinished ...>
24232 15:17:08.561546 close(6)          = 0
24232 15:17:08.561563 read(4, "\n", 1)  = 1
24232 15:17:08.561574 close(5)          = 0
24232 15:17:08.561585 write(4, "\1", 1) = 1
24234 15:17:08.561595 <... read resumed> "\1", 1) = 1
24234 15:17:08.561602 close(4)          = 0
24234 15:17:08.561612 rt_sigaction(SIGALRM, {0x805cad0, ~[RTMIN RT_1], 0}, NULL, 8) = 0
24234 15:17:08.561631 alarm(300)        = 0
24234 15:17:08.561642 recv(0,  <unfinished ...>
24232 15:17:08.561650 read(4,  <unfinished ...>
24234 15:17:09.071086 <... recv resumed> "TYPE I\r\n", 4096, MSG_PEEK) = 8
24234 15:17:09.071233 read(0, "TYPE I\r\n", 8) = 8
24234 15:17:09.071363 write(0, "200 Switching to Binary mode.\r\n", 31) = 31
24234 15:17:09.071472 rt_sigaction(SIGALRM, {0x805cad0, ~[RTMIN RT_1], 0}, NULL, 8) = 0
24234 15:17:09.071508 alarm(300)        = 299
24234 15:17:09.071535 recv(0, "PASV\r\n", 4096, MSG_PEEK) = 6
24234 15:17:09.071554 read(0, "PASV\r\n", 6) = 6
24234 15:17:09.071566 write(5, "\n", 1) = 1
24234 15:17:09.071579 read(5,  <unfinished ...>
24232 15:17:09.071587 <... read resumed> "\n", 1) = 1
24232 15:17:09.071596 write(4, "\1", 1) = 1
24234 15:17:09.071607 <... read resumed> "\1", 1) = 1
24234 15:17:09.071614 write(5, "\f", 1) = 1
24234 15:17:09.071624 read(5,  <unfinished ...>
24232 15:17:09.071630 read(4, "\f", 1)  = 1
24232 15:17:09.071642 socket(PF_INET, SOCK_STREAM, IPPROTO_TCP) = 5
24232 15:17:09.071658 setsockopt(5, SOL_SOCKET, SO_REUSEADDR, [1], 4) = 0
24232 15:17:09.071672 bind(5, {sa_family=AF_INET, sin_port=htons(58348), sin_addr=inet_addr("127.0.0.1")}, 16) = 0
24232 15:17:09.071689 listen(5, 1)      = 0
24232 15:17:09.071702 write(4, "\354\343\0\0", 4) = 4
24234 15:17:09.071713 <... read resumed> "\354\343\0\0", 4) = 4
24234 15:17:09.071725 write(0, "227 Entering Passive Mode (127,0,0,1,227,236).\r\n", 48) = 48
24234 15:17:09.071838 rt_sigaction(SIGALRM, {0x805cad0, ~[RTMIN RT_1], 0}, NULL, 8) = 0
24234 15:17:09.071854 alarm(300)        = 300
24234 15:17:09.071866 recv(0, "STOR myfile18\r\n", 4096, MSG_PEEK) = 15
24234 15:17:09.071878 read(0, "STOR myfile18\r\n", 15) = 15
24234 15:17:09.071891 write(5, "\v", 1) = 1
24234 15:17:09.071901 read(5,  <unfinished ...>
24232 15:17:09.071908 read(4, "\v", 1)  = 1
24232 15:17:09.071919 write(4, "\1\0\0\0", 4) = 4
24234 15:17:09.071930 <... read resumed> "\1\0\0\0", 4) = 4
24234 15:17:09.071937 gettimeofday({1495653429, 71941}, NULL) = 0
24234 15:17:09.071948 getcwd("/home/msfadmin", 4096) = 15
24234 15:17:09.071961 open("myfile18", O_WRONLY|O_CREAT|O_NONBLOCK|O_LARGEFILE, 0666) = 4
24234 15:17:09.071976 fstat64(4, {st_mode=S_IFREG|0644, st_size=17, ...}) = 0
24234 15:17:09.071993 fcntl64(4, F_GETFL) = 0x8801 (flags O_WRONLY|O_NONBLOCK|O_LARGEFILE)
24234 15:17:09.072005 fcntl64(4, F_SETFL, O_WRONLY|O_LARGEFILE) = 0
24234 15:17:09.072015 fcntl64(4, F_SETLKW64, {type=F_WRLCK, whence=SEEK_SET, start=0, len=0}, 0xbff16904) = 0
24234 15:17:09.072049 ftruncate64(4, 0) = 0
24234 15:17:09.072072 _llseek(4, 0, [0], SEEK_SET) = 0
24234 15:17:09.072093 write(5, "\v", 1) = 1
24234 15:17:09.072103 read(5,  <unfinished ...>
24232 15:17:09.072110 read(4, "\v", 1)  = 1
24232 15:17:09.072121 write(4, "\1\0\0\0", 4) = 4
24234 15:17:09.072132 <... read resumed> "\1\0\0\0", 4) = 4
24234 15:17:09.072139 write(5, "\v", 1) = 1
24234 15:17:09.072148 read(5,  <unfinished ...>
24232 15:17:09.072155 read(4, "\v", 1)  = 1
24232 15:17:09.072165 write(4, "\1\0\0\0", 4) = 4
24234 15:17:09.072175 <... read resumed> "\1\0\0\0", 4) = 4
24234 15:17:09.072182 write(5, "\r", 1) = 1
24234 15:17:09.072192 read(5,  <unfinished ...>
24232 15:17:09.072199 read(4, "\r", 1)  = 1
24232 15:17:09.072210 select(6, [5], NULL, NULL, {60, 0}) = 1 (in [5], left {60, 0})
24232 15:17:09.072226 accept(5, {sa_family=AF_INET, sin_port=htons(43724), sin_addr=inet_addr("127.0.0.1")}, [16]) = 6
24232 15:17:09.072248 write(4, "\1", 1) = 1
24234 15:17:09.072258 <... read resumed> "\1", 1) = 1
24234 15:17:09.072267 recvmsg(5,  <unfinished ...>
24232 15:17:09.072275 sendmsg(4, {msg_name(0)=NULL, msg_iov(1)=[{"\0", 1}], msg_controllen=16, {cmsg_len=16, cmsg_level=SOL_SOCKET, cmsg_type=SCM_RIGHTS, {6}}, msg_flags=0}, 0) = 1
24234 15:17:09.072292 <... recvmsg resumed> {msg_name(0)=NULL, msg_iov(1)=[{"\0", 1}], msg_controllen=16, {cmsg_len=16, cmsg_level=SOL_SOCKET, cmsg_type=SCM_RIGHTS, {6}}, msg_flags=0}, 0) = 1
24234 15:17:09.072305 setsockopt(6, SOL_SOCKET, SO_KEEPALIVE, [1], 4) = 0
24234 15:17:09.072323 setsockopt(6, SOL_IP, IP_TOS, [8], 4) = 0
24234 15:17:09.072335 setsockopt(6, SOL_SOCKET, SO_LINGER, {onoff=1, linger=32767}, 8) = 0
24234 15:17:09.072346 rt_sigaction(SIGALRM, {0x805cad0, ~[RTMIN RT_1], 0}, NULL, 8) = 0
24234 15:17:09.072359 alarm(300)        = 300
24234 15:17:09.072371 write(0, "150 Ok to send data.\r\n", 22) = 22
24234 15:17:09.072438 read(6, "assasaaa\na\na\na\na\n", 65536) = 17
24234 15:17:09.072452 write(4, "assasaaa\na\na\na\na\n", 17) = 17
24234 15:17:09.072468 read(6, "", 65536) = 0
24234 15:17:09.072478 rt_sigaction(SIGALRM, {0x805cad0, ~[RTMIN RT_1], 0}, NULL, 8) = 0
24234 15:17:09.072491 alarm(300)        = 300
24234 15:17:09.072501 close(6)          = 0
24234 15:17:09.072510 alarm(0)          = 300
24234 15:17:09.072519 gettimeofday({1495653429, 72522}, NULL) = 0
24234 15:17:09.072534 gettimeofday({1495653429, 72538}, NULL) = 0
24234 15:17:09.072548 fcntl64(3, F_SETLKW64, {type=F_WRLCK, whence=SEEK_SET, start=0, len=0}, 0xbff168a4) = 0
24234 15:17:09.072562 write(3, "Wed May 24 15:17:09 2017 [pid 24234] [msfadmin] OK UPLOAD: Client \"127.0.0.1\", \"/home/msfadmin/myfile18\", 17 bytes, 27.81Kbyte/sec\n", 131) = 131
24234 15:17:09.072584 fcntl64(3, F_SETLK64, {type=F_UNLCK, whence=SEEK_SET, start=0, len=0}, 0xbff168ac) = 0
24234 15:17:09.072598 write(0, "226 Transfer complete.\r\n", 24) = 24
24234 15:17:09.072641 write(5, "\n", 1) = 1
24234 15:17:09.072652 read(5,  <unfinished ...>
24232 15:17:09.072659 close(6)          = 0
24232 15:17:09.072677 read(4, "\n", 1)  = 1
24232 15:17:09.072688 close(5)          = 0
24232 15:17:09.072698 write(4, "\1", 1) = 1
24234 15:17:09.072709 <... read resumed> "\1", 1) = 1
24234 15:17:09.072716 close(4)          = 0
24234 15:17:09.072726 rt_sigaction(SIGALRM, {0x805cad0, ~[RTMIN RT_1], 0}, NULL, 8) = 0
24234 15:17:09.072739 alarm(300)        = 0
24234 15:17:09.072750 recv(0,  <unfinished ...>
24232 15:17:09.072757 read(4,  <unfinished ...>
24234 15:17:09.600256 <... recv resumed> "TYPE I\r\n", 4096, MSG_PEEK) = 8
24234 15:17:09.600287 read(0, "TYPE I\r\n", 8) = 8
24234 15:17:09.600309 write(0, "200 Switching to Binary mode.\r\n", 31) = 31
24234 15:17:09.600357 rt_sigaction(SIGALRM, {0x805cad0, ~[RTMIN RT_1], 0}, NULL, 8) = 0
24234 15:17:09.600375 alarm(300)        = 299
24234 15:17:09.600388 recv(0, "PASV\r\n", 4096, MSG_PEEK) = 6
24234 15:17:09.600400 read(0, "PASV\r\n", 6) = 6
24234 15:17:09.600412 write(5, "\n", 1) = 1
24234 15:17:09.600424 read(5,  <unfinished ...>
24232 15:17:09.600434 <... read resumed> "\n", 1) = 1
24232 15:17:09.600443 write(4, "\1", 1) = 1
24234 15:17:09.600453 <... read resumed> "\1", 1) = 1
24234 15:17:09.600461 write(5, "\f", 1) = 1
24234 15:17:09.600471 read(5,  <unfinished ...>
24232 15:17:09.600477 read(4, "\f", 1)  = 1
24232 15:17:09.600490 socket(PF_INET, SOCK_STREAM, IPPROTO_TCP) = 5
24232 15:17:09.600505 setsockopt(5, SOL_SOCKET, SO_REUSEADDR, [1], 4) = 0
24232 15:17:09.600520 bind(5, {sa_family=AF_INET, sin_port=htons(24375), sin_addr=inet_addr("127.0.0.1")}, 16) = 0
24232 15:17:09.600537 listen(5, 1)      = 0
24232 15:17:09.600551 write(4, "7_\0\0", 4) = 4
24234 15:17:09.600562 <... read resumed> "7_\0\0", 4) = 4
24234 15:17:09.600573 write(0, "227 Entering Passive Mode (127,0,0,1,95,55).\r\n", 46) = 46
24234 15:17:09.600686 rt_sigaction(SIGALRM, {0x805cad0, ~[RTMIN RT_1], 0}, NULL, 8) = 0
24234 15:17:09.600703 alarm(300)        = 300
24234 15:17:09.600714 recv(0, "STOR myfile19\r\n", 4096, MSG_PEEK) = 15
24234 15:17:09.600727 read(0, "STOR myfile19\r\n", 15) = 15
24234 15:17:09.600740 write(5, "\v", 1) = 1
24234 15:17:09.600751 read(5,  <unfinished ...>
24232 15:17:09.600758 read(4, "\v", 1)  = 1
24232 15:17:09.600769 write(4, "\1\0\0\0", 4) = 4
24234 15:17:09.600780 <... read resumed> "\1\0\0\0", 4) = 4
24234 15:17:09.600788 gettimeofday({1495653429, 600791}, NULL) = 0
24234 15:17:09.600799 getcwd("/home/msfadmin", 4096) = 15
24234 15:17:09.600812 open("myfile19", O_WRONLY|O_CREAT|O_NONBLOCK|O_LARGEFILE, 0666) = 4
24234 15:17:09.600826 fstat64(4, {st_mode=S_IFREG|0644, st_size=17, ...}) = 0
24234 15:17:09.600852 fcntl64(4, F_GETFL) = 0x8801 (flags O_WRONLY|O_NONBLOCK|O_LARGEFILE)
24234 15:17:09.600864 fcntl64(4, F_SETFL, O_WRONLY|O_LARGEFILE) = 0
24234 15:17:09.600874 fcntl64(4, F_SETLKW64, {type=F_WRLCK, whence=SEEK_SET, start=0, len=0}, 0xbff16904) = 0
24234 15:17:09.600889 ftruncate64(4, 0) = 0
24234 15:17:09.600906 _llseek(4, 0, [0], SEEK_SET) = 0
24234 15:17:09.600918 write(5, "\v", 1) = 1
24234 15:17:09.600928 read(5,  <unfinished ...>
24232 15:17:09.600935 read(4, "\v", 1)  = 1
24232 15:17:09.600955 write(4, "\1\0\0\0", 4) = 4
24234 15:17:09.600969 <... read resumed> "\1\0\0\0", 4) = 4
24234 15:17:09.600977 write(5, "\v", 1) = 1
24234 15:17:09.600987 read(5,  <unfinished ...>
24232 15:17:09.600993 read(4, "\v", 1)  = 1
24232 15:17:09.601004 write(4, "\1\0\0\0", 4) = 4
24234 15:17:09.601014 <... read resumed> "\1\0\0\0", 4) = 4
24234 15:17:09.601022 write(5, "\r", 1) = 1
24234 15:17:09.601032 read(5,  <unfinished ...>
24232 15:17:09.601038 read(4, "\r", 1)  = 1
24232 15:17:09.601050 select(6, [5], NULL, NULL, {60, 0}) = 1 (in [5], left {60, 0})
24232 15:17:09.601067 accept(5, {sa_family=AF_INET, sin_port=htons(38637), sin_addr=inet_addr("127.0.0.1")}, [16]) = 6
24232 15:17:09.601089 write(4, "\1", 1) = 1
24234 15:17:09.601100 <... read resumed> "\1", 1) = 1
24234 15:17:09.601109 recvmsg(5,  <unfinished ...>
24232 15:17:09.601117 sendmsg(4, {msg_name(0)=NULL, msg_iov(1)=[{"\0", 1}], msg_controllen=16, {cmsg_len=16, cmsg_level=SOL_SOCKET, cmsg_type=SCM_RIGHTS, {6}}, msg_flags=0}, 0) = 1
24234 15:17:09.601135 <... recvmsg resumed> {msg_name(0)=NULL, msg_iov(1)=[{"\0", 1}], msg_controllen=16, {cmsg_len=16, cmsg_level=SOL_SOCKET, cmsg_type=SCM_RIGHTS, {6}}, msg_flags=0}, 0) = 1
24234 15:17:09.601148 setsockopt(6, SOL_SOCKET, SO_KEEPALIVE, [1], 4) = 0
24234 15:17:09.601161 setsockopt(6, SOL_IP, IP_TOS, [8], 4) = 0
24234 15:17:09.601173 setsockopt(6, SOL_SOCKET, SO_LINGER, {onoff=1, linger=32767}, 8) = 0
24234 15:17:09.601184 rt_sigaction(SIGALRM, {0x805cad0, ~[RTMIN RT_1], 0}, NULL, 8) = 0
24234 15:17:09.601197 alarm(300)        = 300
24234 15:17:09.601210 write(0, "150 Ok to send data.\r\n", 22) = 22
24234 15:17:09.601277 read(6, "assasaaa\na\na\na\na\n", 65536) = 17
24234 15:17:09.601291 write(4, "assasaaa\na\na\na\na\n", 17) = 17
24234 15:17:09.601308 read(6, "", 65536) = 0
24234 15:17:09.601318 rt_sigaction(SIGALRM, {0x805cad0, ~[RTMIN RT_1], 0}, NULL, 8) = 0
24234 15:17:09.601332 alarm(300)        = 300
24234 15:17:09.601342 close(6)          = 0
24234 15:17:09.601351 alarm(0)          = 300
24234 15:17:09.601361 gettimeofday({1495653429, 601365}, NULL) = 0
24234 15:17:09.601376 gettimeofday({1495653429, 601380}, NULL) = 0
24234 15:17:09.601391 fcntl64(3, F_SETLKW64, {type=F_WRLCK, whence=SEEK_SET, start=0, len=0}, 0xbff168a4) = 0
24234 15:17:09.601406 write(3, "Wed May 24 15:17:09 2017 [pid 24234] [msfadmin] OK UPLOAD: Client \"127.0.0.1\", \"/home/msfadmin/myfile19\", 17 bytes, 28.19Kbyte/sec\n", 131) = 131
24234 15:17:09.601427 fcntl64(3, F_SETLK64, {type=F_UNLCK, whence=SEEK_SET, start=0, len=0}, 0xbff168ac) = 0
24234 15:17:09.601442 write(0, "226 Transfer complete.\r\n", 24) = 24
24234 15:17:09.601486 write(5, "\n", 1) = 1
24234 15:17:09.601498 read(5,  <unfinished ...>
24232 15:17:09.601505 close(6)          = 0
24232 15:17:09.601523 read(4, "\n", 1)  = 1
24232 15:17:09.601534 close(5)          = 0
24232 15:17:09.601545 write(4, "\1", 1) = 1
24234 15:17:09.601556 <... read resumed> "\1", 1) = 1
24234 15:17:09.601563 close(4)          = 0
24234 15:17:09.601574 rt_sigaction(SIGALRM, {0x805cad0, ~[RTMIN RT_1], 0}, NULL, 8) = 0
24234 15:17:09.601587 alarm(300)        = 0
24234 15:17:09.601598 recv(0,  <unfinished ...>
24232 15:17:09.601606 read(4,  <unfinished ...>
