21967 14:50:41.395192 read(7, "\177ELF\1\1\1\0\0\0\0\0\0\0\0\0\3\0\3\0\1\0\0\0\300@\0\0004\0\0\0\224r\1\0\0\0\0\0004\0 \0\6\0(\0\33\0\32\0\1\0\0\0\0\0\0\0\0\0\0\0\0\0\0\0\230f\1\0\230f\1\0\5\0\0\0\0\20\0\0\1\0\0\0\240n\1\0\240~\1\0\240~\1\0\20\3\0\0\234\f\0\0\6\0\0\0\0\20\0\0\2\0\0\0\320n\1\0\320~\1\0\320~\1\0\340\0\0\0\340\0\0\0\6\0\0\0\4\0\0\0\7\0\0\0\240n\1\0\240~\1\0\240~\1\0\0\0\0\0\\\0\0\0\4\0\0\0 \0\0\0Q\345td\0\0\0\0\0\0\0\0\0\0\0\0\0\0\0\0\0\0\0\0\6\0\0\0\4\0\0\0R\345td\240n\1\0\240~\1\0\240~\1\0T\1\0\0T\1\0\0\4\0\0\0\1\0\0\0\7\1\0\0#\1\0\0\0\0\0\0\24\0\0\0\v\1\0\0\306\0\0\0\0\0\0\0\36\1\0\0\330\0\0\0 \1\0\0001\0\0\0\345\0\0\0\34\0\0\0\206\0\0\0\212\0\0\0\234\0\0\0\0\0\0\0*\0\0\0\0\0\0\0\0\0\0\0\370\0\0\0004\0\0\0\0\0\0\0\0\0\0\0\0\0\0\0\0\0\0\0\0\0\0\0\224\0\0\0\0\0\0\0\0\0\0\0\0\0\0\0\244\0\0\0\347\0\0\0\373\0\0\0\0\0\0\0\304\0\0\0\257\0\0\0\0\0\0\0!\1\0\0\0\0\0\0\307\0\0\0\235\0\0\0\25\1\0\0`\0\0\0\0\0\0\0\256\0\0\0\374\0\0\0O\0\0\0i\0\0\0^\0\0\0\337\0\0\0-\0\0\0m\0\0\0\0\0\0\0\0\0\0\0\0\0\0\0\0\0\0\0\260\0\0\0\314\0\0\0\6\0\0\0\276\0\0\0{\0\0\0\226\0\0\0\0\0\0\0E\0\0\0\33\0\0\0\371\0\0\0", 512) = 512
21967 14:50:41.395279 fstat64(7, {st_mode=S_IFREG|0644, st_size=95948, ...}) = 0
21967 14:50:41.395296 mmap2(NULL, 101180, PROT_READ|PROT_EXEC, MAP_PRIVATE|MAP_DENYWRITE, 7, 0) = 0xb7da4000
21967 14:50:41.395308 mmap2(0xb7dbb000, 8192, PROT_READ|PROT_WRITE, MAP_PRIVATE|MAP_FIXED|MAP_DENYWRITE, 7, 0x16) = 0xb7dbb000
21967 14:50:41.395325 close(7)          = 0
21967 14:50:41.395461 open("/etc/selinux/config", O_RDONLY|O_LARGEFILE) = -1 ENOENT (No such file or directory)
21967 14:50:41.395489 statfs64("/selinux", 84, 0xbf80229c) = -1 ENOENT (No such file or directory)
21967 14:50:41.395502 open("/proc/mounts", O_RDONLY|O_LARGEFILE) = 7
21967 14:50:41.395528 fstat64(7, {st_mode=S_IFREG|0444, st_size=0, ...}) = 0
21967 14:50:41.395545 mmap2(NULL, 4096, PROT_READ|PROT_WRITE, MAP_PRIVATE|MAP_ANONYMOUS, -1, 0) = 0xb7fc0000
21967 14:50:41.395560 read(7, "rootfs / rootfs rw 0 0\nnone /sys sysfs rw,nosuid,nodev,noexec 0 0\nnone /proc proc rw,nosuid,nodev,noexec 0 0\nudev /dev tmpfs rw,relatime 0 0\nfusectl /sys/fs/fuse/connections fusectl rw,relatime 0 0\n/dev/mapper/metasploitable-root / ext3 rw,relatime,errors=remount-ro,data=ordered 0 0\n/dev/mapper/metasploitable-root /dev/.static/dev ext3 rw,relatime,errors=remount-ro,data=ordered 0 0\ntmpfs /var/run tmpfs rw,nosuid,nodev,noexec 0 0\ntmpfs /var/lock tmpfs rw,nosuid,nodev,noexec 0 0\ntmpfs /dev/shm tmpfs rw,relatime 0 0\ndevpts /dev/pts devpts rw,relatime 0 0\ntmpfs /var/run tmpfs rw,nosuid,nodev,noexec 0 0\ntmpfs /var/lock tmpfs rw,nosuid,nodev,noexec 0 0\n/dev/sda1 /boot ext3 rw,relatime,data=ordered 0 0\nsecurityfs /sys/kernel/security securityfs rw,relatime 0 0\nrpc_pipefs /var/lib/nfs/rpc_pipefs rpc_pipefs rw,relatime 0 0\nnfsd /proc/fs/nfsd nfsd rw,relatime 0 0\n", 1024) = 866
21967 14:50:41.395645 read(7, "", 1024) = 0
21967 14:50:41.395655 close(7)          = 0
21967 14:50:41.395665 munmap(0xb7fc0000, 4096) = 0
21967 14:50:41.395681 munmap(0xb7def000, 29913) = 0
21967 14:50:41.395695 read(6, "", 4096) = 0
21967 14:50:41.395707 close(6)          = 0
21967 14:50:41.395716 munmap(0xb7fc1000, 4096) = 0
21967 14:50:41.395728 stat64("/etc/pam.d", {st_mode=S_IFDIR|0755, st_size=4096, ...}) = 0
21967 14:50:41.395747 open("/etc/pam.d/common-account", O_RDONLY|O_LARGEFILE) = 6
21967 14:50:41.395761 fstat64(6, {st_mode=S_IFREG|0644, st_size=392, ...}) = 0
21967 14:50:41.395777 mmap2(NULL, 4096, PROT_READ|PROT_WRITE, MAP_PRIVATE|MAP_ANONYMOUS, -1, 0) = 0xb7fc1000
21967 14:50:41.395788 read(6, "#\n# /etc/pam.d/common-account - authorization settings common to all services\n#\n# This file is included from other service-specific PAM config files,\n# and should contain a list of the authorization modules that define\n# the central access policy for use on the system.  The default is to\n# only deny service to users whose accounts are expired in /etc/shadow.\n#\naccount\trequired\tpam_unix.so\n", 4096) = 392
21967 14:50:41.395829 read(6, "", 4096) = 0
21967 14:50:41.395839 close(6)          = 0
21967 14:50:41.395848 munmap(0xb7fc1000, 4096) = 0
21967 14:50:41.395859 stat64("/etc/pam.d", {st_mode=S_IFDIR|0755, st_size=4096, ...}) = 0
21967 14:50:41.395878 open("/etc/pam.d/common-session", O_RDONLY|O_LARGEFILE) = 6
21967 14:50:41.395891 fstat64(6, {st_mode=S_IFREG|0644, st_size=372, ...}) = 0
21967 14:50:41.395907 mmap2(NULL, 4096, PROT_READ|PROT_WRITE, MAP_PRIVATE|MAP_ANONYMOUS, -1, 0) = 0xb7fc1000
21967 14:50:41.395917 read(6, "#\n# /etc/pam.d/common-session - session-related modules common to all services\n#\n# This file is included from other service-specific PAM config files,\n# and should contain a list of modules that define tasks to be performed\n# at the start and end of sessions of *any* kind (both interactive and\n# non-interactive).  The default is pam_unix.\n#\nsession\trequired\tpam_unix.so\n", 4096) = 372
21967 14:50:41.395955 read(6, "", 4096) = 0
21967 14:50:41.395965 close(6)          = 0
21967 14:50:41.395975 munmap(0xb7fc1000, 4096) = 0
21967 14:50:41.395985 read(5, "", 4096) = 0
21967 14:50:41.395995 close(5)          = 0
21967 14:50:41.396004 munmap(0xb7fc7000, 4096) = 0
21967 14:50:41.396014 open("/etc/pam.d/other", O_RDONLY|O_LARGEFILE) = 5
21967 14:50:41.396027 fstat64(5, {st_mode=S_IFREG|0644, st_size=520, ...}) = 0
21967 14:50:41.396044 mmap2(NULL, 4096, PROT_READ|PROT_WRITE, MAP_PRIVATE|MAP_ANONYMOUS, -1, 0) = 0xb7fc7000
21967 14:50:41.396054 read(5, "#\n# /etc/pam.d/other - specify the PAM fallback behaviour\n#\n# Note that this file is used for any unspecified service; for example\n#if /etc/pam.d/cron  specifies no session modules but cron calls\n#pam_open_session, the session module out of /etc/pam.d/other is\n#used.  If you really want nothing to happen then use pam_permit.so or\n#pam_deny.so as appropriate.\n\n# We fall back to the system default in /etc/pam.d/common-*\n# \n\n@include common-auth\n@include common-account\n@include common-password\n@include common-session\n", 4096) = 520
21967 14:50:41.396102 stat64("/etc/pam.d", {st_mode=S_IFDIR|0755, st_size=4096, ...}) = 0
21967 14:50:41.396120 open("/etc/pam.d/common-auth", O_RDONLY|O_LARGEFILE) = 6
21967 14:50:41.396133 fstat64(6, {st_mode=S_IFREG|0644, st_size=476, ...}) = 0
21967 14:50:41.396149 mmap2(NULL, 4096, PROT_READ|PROT_WRITE, MAP_PRIVATE|MAP_ANONYMOUS, -1, 0) = 0xb7fc1000
21967 14:50:41.396159 read(6, "#\n# /etc/pam.d/common-auth - authentication settings common to all services\n#\n# This file is included from other service-specific PAM config files,\n# and should contain a list of the authentication modules that define\n# the central authentication scheme for use on the system\n# (e.g., /etc/shadow, LDAP, Kerberos, etc.).  The default is to use the\n# traditional Unix authentication mechanisms.\n#\nauth\trequisite\tpam_unix.so nullok_secure\n# auth\toptional\tpam_smbpass.so migrate\n", 4096) = 476
21967 14:50:41.396205 read(6, "", 4096) = 0
21967 14:50:41.396216 close(6)          = 0
21967 14:50:41.396225 munmap(0xb7fc1000, 4096) = 0
21967 14:50:41.396236 stat64("/etc/pam.d", {st_mode=S_IFDIR|0755, st_size=4096, ...}) = 0
21967 14:50:41.396255 open("/etc/pam.d/common-account", O_RDONLY|O_LARGEFILE) = 6
21967 14:50:41.396267 fstat64(6, {st_mode=S_IFREG|0644, st_size=392, ...}) = 0
21967 14:50:41.396283 mmap2(NULL, 4096, PROT_READ|PROT_WRITE, MAP_PRIVATE|MAP_ANONYMOUS, -1, 0) = 0xb7fc1000
21967 14:50:41.396293 read(6, "#\n# /etc/pam.d/common-account - authorization settings common to all services\n#\n# This file is included from other service-specific PAM config files,\n# and should contain a list of the authorization modules that define\n# the central access policy for use on the system.  The default is to\n# only deny service to users whose accounts are expired in /etc/shadow.\n#\naccount\trequired\tpam_unix.so\n", 4096) = 392
21967 14:50:41.396350 read(6, "", 4096) = 0
21967 14:50:41.396361 close(6)          = 0
21967 14:50:41.396384 munmap(0xb7fc1000, 4096) = 0
21967 14:50:41.396395 stat64("/etc/pam.d", {st_mode=S_IFDIR|0755, st_size=4096, ...}) = 0
21967 14:50:41.396414 open("/etc/pam.d/common-password", O_RDONLY|O_LARGEFILE) = 6
21967 14:50:41.396427 fstat64(6, {st_mode=S_IFREG|0644, st_size=1563, ...}) = 0
21967 14:50:41.396442 mmap2(NULL, 4096, PROT_READ|PROT_WRITE, MAP_PRIVATE|MAP_ANONYMOUS, -1, 0) = 0xb7fc1000
21967 14:50:41.396453 read(6, "#\n# /etc/pam.d/common-password - password-related modules common to all services\n#\n# This file is included from other service-specific PAM config files,\n# and should contain a list of modules that define the services to be\n# used to change user passwords.  The default is pam_unix.\n\n# Explanation of pam_unix options:\n#\n# The \"nullok\" option allows users to change an empty password, else\n# empty passwords are treated as locked accounts.\n#\n# The \"md5\" option enables MD5 passwords.  Without this option, the\n# default is Unix crypt.\n#\n# The \"obscure\" option replaces the old `OBSCURE_CHECKS_ENAB\' option in\n# login.defs.\n#\n# You can also use the \"min\" option to enforce the length of the new\n# password.\n#\n# See the pam_unix manpage for other options.\n\npassword   requisite   pam_unix.so nullok obscure md5\n\n# Alternate strength checking for password. Note that this\n# requires the libpam-cracklib package to be installed.\n# You will need to comment out the password line above and\n# uncomment the next two in order to use this.\n# (Replaces the `OBSCURE_CHECKS_ENAB\', `CRACKLIB_DICTPATH\')\n#\n# password required\t  pam_cracklib.so retry=3 minlen=6 difok=3\n# password required\t  pam_unix.so use_authtok nullok md5\n\n# minimally-intrusive inclusion of smbpass in the stack for\n# synchronization.  If the module is absent or the passwords don\'t\n# match, this module will be ignored without prompting; and if the \n# passwords do match, the NTLM hash for the user will be updated\n# automatically.\n# password   optional   pam_smbpass.so nullok use_authtok use_first_pass\n", 4096) = 1563
21967 14:50:41.396569 read(6, "", 4096) = 0
21967 14:50:41.396583 close(6)          = 0
21967 14:50:41.396593 munmap(0xb7fc1000, 4096) = 0
21967 14:50:41.396603 stat64("/etc/pam.d", {st_mode=S_IFDIR|0755, st_size=4096, ...}) = 0
21967 14:50:41.396622 open("/etc/pam.d/common-session", O_RDONLY|O_LARGEFILE) = 6
21967 14:50:41.396635 fstat64(6, {st_mode=S_IFREG|0644, st_size=372, ...}) = 0
21967 14:50:41.396651 mmap2(NULL, 4096, PROT_READ|PROT_WRITE, MAP_PRIVATE|MAP_ANONYMOUS, -1, 0) = 0xb7fc1000
21967 14:50:41.396661 read(6, "#\n# /etc/pam.d/common-session - session-related modules common to all services\n#\n# This file is included from other service-specific PAM config files,\n# and should contain a list of modules that define tasks to be performed\n# at the start and end of sessions of *any* kind (both interactive and\n# non-interactive).  The default is pam_unix.\n#\nsession\trequired\tpam_unix.so\n", 4096) = 372
21967 14:50:41.396699 read(6, "", 4096) = 0
21967 14:50:41.396709 close(6)          = 0
21967 14:50:41.396718 munmap(0xb7fc1000, 4096) = 0
21967 14:50:41.396728 read(5, "", 4096) = 0
21967 14:50:41.396738 close(5)          = 0
21967 14:50:41.396747 munmap(0xb7fc7000, 4096) = 0
21967 14:50:41.396759 time(NULL)        = 1495651841
21967 14:50:41.396771 lstat64("/etc/ftpusers", {st_mode=S_IFREG|0644, st_size=132, ...}) = 0
21967 14:50:41.396790 open("/etc/ftpusers", O_RDONLY|O_LARGEFILE) = 5
21967 14:50:41.396802 fstat64(5, {st_mode=S_IFREG|0644, st_size=132, ...}) = 0
21967 14:50:41.396817 mmap2(NULL, 4096, PROT_READ|PROT_WRITE, MAP_PRIVATE|MAP_ANONYMOUS, -1, 0) = 0xb7fc7000
21967 14:50:41.396827 read(5, "# /etc/ftpusers: list of users disallowed FTP access. See ftpusers(5).\n\nroot\ndaemon\nbin\nsys\nsync\ngames\nman\nlp\nmail\nnews\nuucp\nnobody\n", 4096) = 132
21967 14:50:41.396848 read(5, "", 4096) = 0
21967 14:50:41.396858 close(5)          = 0
21967 14:50:41.396867 munmap(0xb7fc7000, 4096) = 0
21967 14:50:41.396882 getuid32()        = 0
21967 14:50:41.396899 open("/etc/passwd", O_RDONLY|0x80000 /* O_??? */) = 5
21967 14:50:41.396914 _llseek(5, 0, [0], SEEK_CUR) = 0
21967 14:50:41.396925 fstat64(5, {st_mode=S_IFREG|0644, st_size=1624, ...}) = 0
21967 14:50:41.396941 mmap2(NULL, 1624, PROT_READ, MAP_SHARED, 5, 0) = 0xb7fc7000
21967 14:50:41.396952 _llseek(5, 1624, [1624], SEEK_SET) = 0
21967 14:50:41.396970 munmap(0xb7fc7000, 1624) = 0
21967 14:50:41.396981 close(5)          = 0
21967 14:50:41.397005 open("/etc/shadow", O_RDONLY|0x80000 /* O_??? */) = 5
21967 14:50:41.397022 _llseek(5, 0, [0], SEEK_CUR) = 0
21967 14:50:41.397033 fstat64(5, {st_mode=S_IFREG|0640, st_size=1233, ...}) = 0
21967 14:50:41.397049 mmap2(NULL, 1233, PROT_READ, MAP_SHARED, 5, 0) = 0xb7fc7000
21967 14:50:41.397060 _llseek(5, 1233, [1233], SEEK_SET) = 0
21967 14:50:41.397079 munmap(0xb7fc7000, 1233) = 0
21967 14:50:41.397089 close(5)          = 0
21967 14:50:41.397108 open("/etc/passwd", O_RDONLY|0x80000 /* O_??? */) = 5
21967 14:50:41.397121 _llseek(5, 0, [0], SEEK_CUR) = 0
21967 14:50:41.397131 fstat64(5, {st_mode=S_IFREG|0644, st_size=1624, ...}) = 0
21967 14:50:41.397147 mmap2(NULL, 1624, PROT_READ, MAP_SHARED, 5, 0) = 0xb7fc7000
21967 14:50:41.397157 _llseek(5, 1624, [1624], SEEK_SET) = 0
21967 14:50:41.397173 munmap(0xb7fc7000, 1624) = 0
21967 14:50:41.397183 close(5)          = 0
21967 14:50:41.397195 open("/etc/shadow", O_RDONLY|0x80000 /* O_??? */) = 5
21967 14:50:41.397208 _llseek(5, 0, [0], SEEK_CUR) = 0
21967 14:50:41.397218 fstat64(5, {st_mode=S_IFREG|0640, st_size=1233, ...}) = 0
21967 14:50:41.397234 mmap2(NULL, 1233, PROT_READ, MAP_SHARED, 5, 0) = 0xb7fc7000
21967 14:50:41.397244 _llseek(5, 1233, [1233], SEEK_SET) = 0
21967 14:50:41.397261 munmap(0xb7fc7000, 1233) = 0
21967 14:50:41.397270 close(5)          = 0
21967 14:50:41.397528 getuid32()        = 0
21967 14:50:41.397542 open("/etc/passwd", O_RDONLY|0x80000 /* O_??? */) = 5
21967 14:50:41.397555 _llseek(5, 0, [0], SEEK_CUR) = 0
21967 14:50:41.397566 fstat64(5, {st_mode=S_IFREG|0644, st_size=1624, ...}) = 0
21967 14:50:41.397582 mmap2(NULL, 1624, PROT_READ, MAP_SHARED, 5, 0) = 0xb7fc7000
21967 14:50:41.397596 _llseek(5, 1624, [1624], SEEK_SET) = 0
21967 14:50:41.397612 munmap(0xb7fc7000, 1624) = 0
21967 14:50:41.397622 close(5)          = 0
21967 14:50:41.397635 open("/etc/shadow", O_RDONLY|0x80000 /* O_??? */) = 5
21967 14:50:41.397648 _llseek(5, 0, [0], SEEK_CUR) = 0
21967 14:50:41.397659 fstat64(5, {st_mode=S_IFREG|0640, st_size=1233, ...}) = 0
21967 14:50:41.397675 mmap2(NULL, 1233, PROT_READ, MAP_SHARED, 5, 0) = 0xb7fc7000
21967 14:50:41.397685 _llseek(5, 1233, [1233], SEEK_SET) = 0
21967 14:50:41.397702 munmap(0xb7fc7000, 1233) = 0
21967 14:50:41.397711 close(5)          = 0
21967 14:50:41.397723 time(NULL)        = 1495651841
21967 14:50:41.397738 munmap(0xb7fc4000, 12164) = 0
21967 14:50:41.397752 munmap(0xb7fc2000, 7136) = 0
21967 14:50:41.397766 munmap(0xb7df7000, 95428) = 0
21967 14:50:41.397777 munmap(0xb7dbd000, 201052) = 0
21967 14:50:41.397788 munmap(0xb7da4000, 101180) = 0
21967 14:50:41.397805 gettimeofday({1495651841, 397809}, NULL) = 0
21967 14:50:41.397817 stat64("/usr/share/zoneinfo/UTC+04:00", 0xbf804174) = -1 ENOENT (No such file or directory)
21967 14:50:41.397832 open("/usr/share/zoneinfo/UTC+04:00", O_RDONLY) = -1 ENOENT (No such file or directory)
21967 14:50:41.397857 fcntl64(3, F_SETLKW64, {type=F_WRLCK, whence=SEEK_SET, start=0, len=0}, 0xbf8042c4) = 0
21967 14:50:41.397873 write(3, "Wed May 24 14:50:41 2017 [pid 21967] [msfadmin] OK LOGIN: Client \"127.0.0.1\"\n", 77) = 77
21967 14:50:41.397890 fcntl64(3, F_SETLK64, {type=F_UNLCK, whence=SEEK_SET, start=0, len=0}, 0xbf8042cc) = 0
21967 14:50:41.397903 rt_sigaction(SIGCHLD, {0x805cad0, ~[RTMIN RT_1], 0}, NULL, 8) = 0
21967 14:50:41.397917 write(4, "\1", 1 <unfinished ...>
21968 14:50:41.397936 <... read resumed> "\1", 1) = 1
21967 14:50:41.397945 <... write resumed> ) = 1
21968 14:50:41.397953 exit_group(0)     = ?
21967 14:50:41.397981 --- SIGCHLD (Child exited) @ 0 (0) ---
21967 14:50:41.397989 sigreturn()       = ? (mask now [])
21967 14:50:41.398008 wait4(-1, [{WIFEXITED(s) && WEXITSTATUS(s) == 0}], 0, NULL) = 21968
21967 14:50:41.398021 close(4)          = 0
21967 14:50:41.398033 socketpair(PF_FILE, SOCK_STREAM, 0, [4, 5]) = 0
21967 14:50:41.398047 rt_sigaction(SIGCHLD, {0x805cad0, ~[RTMIN RT_1], 0}, NULL, 8) = 0
21967 14:50:41.398061 rt_sigaction(SIGALRM, {0x805cb10, ~[RTMIN RT_1], 0}, NULL, 8) = 0
21967 14:50:41.398074 clone(child_stack=0, flags=CLONE_CHILD_CLEARTID|CLONE_CHILD_SETTID|SIGCHLD, child_tidptr=0xb7e2d6f8) = 21969
21969 14:50:41.398123 prctl(0x1, 0x9, 0, 0, 0) = 0
21969 14:50:41.398136 close(4)          = 0
21969 14:50:41.398162 open("/etc/passwd", O_RDONLY|0x80000 /* O_??? */) = 4
21969 14:50:41.398179 _llseek(4, 0, [0], SEEK_CUR) = 0
21969 14:50:41.398195 fstat64(4, {st_mode=S_IFREG|0644, st_size=1624, ...}) = 0
21969 14:50:41.398213 mmap2(NULL, 1624, PROT_READ, MAP_SHARED, 4, 0) = 0xb7fc7000
21969 14:50:41.398225 _llseek(4, 1624, [1624], SEEK_SET) = 0
21969 14:50:41.398270 munmap(0xb7fc7000, 1624) = 0
21969 14:50:41.398283 close(4)          = 0
21969 14:50:41.398308 getuid32()        = 0
21969 14:50:41.398318 open("/etc/passwd", O_RDONLY|0x80000 /* O_??? */) = 4
21969 14:50:41.398331 _llseek(4, 0, [0], SEEK_CUR) = 0
21969 14:50:41.398342 fstat64(4, {st_mode=S_IFREG|0644, st_size=1624, ...}) = 0
21969 14:50:41.398358 mmap2(NULL, 1624, PROT_READ, MAP_SHARED, 4, 0) = 0xb7fc7000
21969 14:50:41.398369 _llseek(4, 1624, [1624], SEEK_SET) = 0
21969 14:50:41.398385 munmap(0xb7fc7000, 1624) = 0
21969 14:50:41.398394 close(4)          = 0
21969 14:50:41.398420 open("/proc/sys/kernel/ngroups_max", O_RDONLY) = 4
21969 14:50:41.398440 read(4, "65536\n", 31) = 6
21969 14:50:41.398453 close(4)          = 0
21969 14:50:41.398469 socket(PF_FILE, SOCK_STREAM, 0) = 4
21969 14:50:41.398481 fcntl64(4, F_SETFL, O_RDWR|O_NONBLOCK) = 0
21969 14:50:41.398492 connect(4, {sa_family=AF_FILE, path="/var/run/nscd/socket"}, 110) = -1 ENOENT (No such file or directory)
21969 14:50:41.398513 close(4)          = 0
21969 14:50:41.398525 socket(PF_FILE, SOCK_STREAM, 0) = 4
21969 14:50:41.398535 fcntl64(4, F_SETFL, O_RDWR|O_NONBLOCK) = 0
21969 14:50:41.398545 connect(4, {sa_family=AF_FILE, path="/var/run/nscd/socket"}, 110) = -1 ENOENT (No such file or directory)
21969 14:50:41.398567 close(4)          = 0
21969 14:50:41.398590 open("/etc/group", O_RDONLY|0x80000 /* O_??? */) = 4
21969 14:50:41.398605 _llseek(4, 0, [0], SEEK_CUR) = 0
21969 14:50:41.398616 fstat64(4, {st_mode=S_IFREG|0644, st_size=886, ...}) = 0
21969 14:50:41.398632 mmap2(NULL, 886, PROT_READ, MAP_SHARED, 4, 0) = 0xb7fc7000
21969 14:50:41.398643 _llseek(4, 886, [886], SEEK_SET) = 0
21969 14:50:41.398667 fstat64(4, {st_mode=S_IFREG|0644, st_size=886, ...}) = 0
21969 14:50:41.398685 munmap(0xb7fc7000, 886) = 0
21969 14:50:41.398695 close(4)          = 0
21969 14:50:41.398705 setgroups32(13, [1000, 4, 20, 24, 25, 29, 30, 44, 46, 107, 111, 112, 119]) = 0
21969 14:50:41.398721 geteuid32()       = 0
21969 14:50:41.398732 getegid32()       = 0
21969 14:50:41.398743 setregid32(-1, 1000) = 0
21969 14:50:41.398754 setreuid32(-1, 1000) = 0
21969 14:50:41.398765 chdir("/home/msfadmin") = 0
21969 14:50:41.398776 setreuid32(-1, 0) = 0
21969 14:50:41.398786 setregid32(-1, 0) = 0
21969 14:50:41.398796 setgid32(1000)    = 0
21969 14:50:41.398806 setuid32(1000)    = 0
21969 14:50:41.398816 setrlimit(RLIMIT_NPROC, {rlim_cur=0, rlim_max=0}) = 0
21969 14:50:41.398830 mmap2(NULL, 12288, PROT_READ|PROT_WRITE, MAP_PRIVATE|MAP_ANONYMOUS, -1, 0) = 0xb7fc5000
21969 14:50:41.398841 mprotect(0xb7fc7000, 4096, PROT_NONE) = 0
21969 14:50:41.398853 mprotect(0xb7fc5000, 4096, PROT_NONE) = 0
21969 14:50:41.398863 getcwd("/home/msfadmin", 4096) = 15
21969 14:50:41.398877 umask(022)        = 077
21969 14:50:41.398887 getcwd("/home/msfadmin", 4096) = 15
21969 14:50:41.398901 open(".message", O_RDONLY|O_NONBLOCK|O_LARGEFILE) = -1 ENOENT (No such file or directory)
21969 14:50:41.398923 write(0, "230 Login successful.\r\n", 23) = 23
21969 14:50:41.399001 rt_sigaction(SIGALRM, {0x805cad0, ~[RTMIN RT_1], 0}, NULL, 8) = 0
21969 14:50:41.399018 alarm(300)        = 0
21969 14:50:41.399029 mmap2(NULL, 12288, PROT_READ|PROT_WRITE, MAP_PRIVATE|MAP_ANONYMOUS, -1, 0) = 0xb7fc2000
21969 14:50:41.399040 mprotect(0xb7fc4000, 4096, PROT_NONE) = 0
21969 14:50:41.399051 mprotect(0xb7fc2000, 4096, PROT_NONE) = 0
21969 14:50:41.399064 recv(0, "TYPE I\r\n", 4096, MSG_PEEK) = 8
21969 14:50:41.399077 read(0, "TYPE I\r\n", 8) = 8
21969 14:50:41.399094 write(0, "200 Switching to Binary mode.\r\n", 31) = 31
21969 14:50:41.399133 rt_sigaction(SIGALRM, {0x805cad0, ~[RTMIN RT_1], 0}, NULL, 8) = 0
21969 14:50:41.399148 alarm(300)        = 300
21969 14:50:41.399159 recv(0, "PASV\r\n", 4096, MSG_PEEK) = 6
21969 14:50:41.399170 read(0, "PASV\r\n", 6) = 6
21969 14:50:41.399182 write(5, "\n", 1) = 1
21969 14:50:41.399193 read(5,  <unfinished ...>
21967 14:50:41.399205 close(5)          = 0
21967 14:50:41.399230 getuid32()        = 0
21967 14:50:41.399247 open("/etc/passwd", O_RDONLY|0x80000 /* O_??? */) = 5
21967 14:50:41.399272 _llseek(5, 0, [0], SEEK_CUR) = 0
21967 14:50:41.399285 fstat64(5, {st_mode=S_IFREG|0644, st_size=1624, ...}) = 0
21967 14:50:41.399303 mmap2(NULL, 1624, PROT_READ, MAP_SHARED, 5, 0) = 0xb7fc7000
21967 14:50:41.399314 _llseek(5, 1624, [1624], SEEK_SET) = 0
21967 14:50:41.399331 munmap(0xb7fc7000, 1624) = 0
21967 14:50:41.399343 close(5)          = 0
21967 14:50:41.399359 setgroups32(0, []) = 0
21967 14:50:41.399371 chdir("/usr/share/empty") = 0
21967 14:50:41.399383 chroot(".")       = 0
21967 14:50:41.399394 capset(NULL, NULL) = -1 EFAULT (Bad address)
21967 14:50:41.399407 prctl(0x8, 0, 0xbf8042a8, 0x80549a6, 0xbf804290) = 0
21967 14:50:41.399418 prctl(0x8, 0x1, 0xbf8042a8, 0x8054a49, 0xbf804290) = 0
21967 14:50:41.399428 setgid32(65534)   = 0
21967 14:50:41.399438 setuid32(65534)   = 0
21967 14:50:41.399448 capset(0x19980330, 0, {CAP_NET_BIND_SERVICE, CAP_NET_BIND_SERVICE, 0}) = 0
21967 14:50:41.399461 read(4, "\n", 1)  = 1
21967 14:50:41.399474 write(4, "\1", 1) = 1
21969 14:50:41.399485 <... read resumed> "\1", 1) = 1
21969 14:50:41.399493 write(5, "\f", 1) = 1
21969 14:50:41.399503 read(5,  <unfinished ...>
21967 14:50:41.399510 read(4, "\f", 1)  = 1
21967 14:50:41.399527 socket(PF_INET, SOCK_STREAM, IPPROTO_TCP) = 5
21967 14:50:41.399541 setsockopt(5, SOL_SOCKET, SO_REUSEADDR, [1], 4) = 0
21967 14:50:41.399552 gettimeofday({1495651841, 399556}, NULL) = 0
21967 14:50:41.399568 bind(5, {sa_family=AF_INET, sin_port=htons(41640), sin_addr=inet_addr("127.0.0.1")}, 16) = 0
21967 14:50:41.399585 listen(5, 1)      = 0
21967 14:50:41.399598 write(4, "\250\242\0\0", 4) = 4
21969 14:50:41.399609 <... read resumed> "\250\242\0\0", 4) = 4
21969 14:50:41.399623 write(0, "227 Entering Passive Mode (127,0,0,1,162,168).\r\n", 48) = 48
21969 14:50:41.399722 rt_sigaction(SIGALRM, {0x805cad0, ~[RTMIN RT_1], 0}, NULL, 8) = 0
21969 14:50:41.399739 alarm(300)        = 300
21969 14:50:41.399751 recv(0, "STOR myfile0\r\n", 4096, MSG_PEEK) = 14
21969 14:50:41.399763 read(0, "STOR myfile0\r\n", 14) = 14
21969 14:50:41.399778 write(5, "\v", 1) = 1
21969 14:50:41.399788 read(5,  <unfinished ...>
21967 14:50:41.399796 read(4, "\v", 1)  = 1
21967 14:50:41.399807 write(4, "\1\0\0\0", 4) = 4
21969 14:50:41.399818 <... read resumed> "\1\0\0\0", 4) = 4
21969 14:50:41.399826 gettimeofday({1495651841, 399830}, NULL) = 0
21969 14:50:41.399837 getcwd("/home/msfadmin", 4096) = 15
21969 14:50:41.399849 open("myfile0", O_WRONLY|O_CREAT|O_NONBLOCK|O_LARGEFILE, 0666) = 4
21969 14:50:41.399863 fstat64(4, {st_mode=S_IFREG|0644, st_size=17, ...}) = 0
21969 14:50:41.399879 fcntl64(4, F_GETFL) = 0x8801 (flags O_WRONLY|O_NONBLOCK|O_LARGEFILE)
21969 14:50:41.399890 fcntl64(4, F_SETFL, O_WRONLY|O_LARGEFILE) = 0
21969 14:50:41.399900 fcntl64(4, F_SETLKW64, {type=F_WRLCK, whence=SEEK_SET, start=0, len=0}, 0xbf8041f4) = 0
21969 14:50:41.399915 ftruncate64(4, 0) = 0
21969 14:50:41.399935 _llseek(4, 0, [0], SEEK_SET) = 0
21969 14:50:41.399946 write(5, "\v", 1) = 1
21969 14:50:41.399970 read(5,  <unfinished ...>
21967 14:50:41.399979 read(4, "\v", 1)  = 1
21967 14:50:41.399991 write(4, "\1\0\0\0", 4) = 4
21969 14:50:41.400001 <... read resumed> "\1\0\0\0", 4) = 4
21969 14:50:41.400009 write(5, "\v", 1) = 1
21969 14:50:41.400019 read(5,  <unfinished ...>
21967 14:50:41.400025 read(4, "\v", 1)  = 1
21967 14:50:41.400036 write(4, "\1\0\0\0", 4) = 4
21969 14:50:41.400046 <... read resumed> "\1\0\0\0", 4) = 4
21969 14:50:41.400053 write(5, "\r", 1) = 1
21969 14:50:41.400063 read(5,  <unfinished ...>
21967 14:50:41.400070 read(4, "\r", 1)  = 1
21967 14:50:41.400082 select(6, [5], NULL, NULL, {60, 0}) = 1 (in [5], left {60, 0})
21967 14:50:41.400100 accept(5, {sa_family=AF_INET, sin_port=htons(40139), sin_addr=inet_addr("127.0.0.1")}, [16]) = 6
21967 14:50:41.400122 write(4, "\1", 1) = 1
21969 14:50:41.400132 <... read resumed> "\1", 1) = 1
21969 14:50:41.400141 recvmsg(5,  <unfinished ...>
21967 14:50:41.400151 sendmsg(4, {msg_name(0)=NULL, msg_iov(1)=[{"\0", 1}], msg_controllen=16, {cmsg_len=16, cmsg_level=SOL_SOCKET, cmsg_type=SCM_RIGHTS, {6}}, msg_flags=0}, 0) = 1
21969 14:50:41.400186 <... recvmsg resumed> {msg_name(0)=NULL, msg_iov(1)=[{"\0", 1}], msg_controllen=16, {cmsg_len=16, cmsg_level=SOL_SOCKET, cmsg_type=SCM_RIGHTS, {6}}, msg_flags=0}, 0) = 1
21969 14:50:41.400202 setsockopt(6, SOL_SOCKET, SO_KEEPALIVE, [1], 4) = 0
21969 14:50:41.400215 setsockopt(6, SOL_IP, IP_TOS, [8], 4) = 0
21969 14:50:41.400236 setsockopt(6, SOL_SOCKET, SO_LINGER, {onoff=1, linger=32767}, 8) = 0
21969 14:50:41.400248 rt_sigaction(SIGALRM, {0x805cad0, ~[RTMIN RT_1], 0}, NULL, 8) = 0
21969 14:50:41.400261 alarm(300)        = 300
21969 14:50:41.400274 write(0, "150 Ok to send data.\r\n", 22) = 22
21969 14:50:41.400337 mmap2(NULL, 77824, PROT_READ|PROT_WRITE, MAP_PRIVATE|MAP_ANONYMOUS, -1, 0) = 0xb7dfc000
21969 14:50:41.400351 mprotect(0xb7e0e000, 4096, PROT_NONE) = 0
21969 14:50:41.400363 mprotect(0xb7dfc000, 4096, PROT_NONE) = 0
21969 14:50:41.400373 read(6, "assasaaa\na\na\na\na\n", 65536) = 17
21969 14:50:41.400386 write(4, "assasaaa\na\na\na\na\n", 17) = 17
21969 14:50:41.400402 read(6, "", 65536) = 0
21969 14:50:41.400412 rt_sigaction(SIGALRM, {0x805cad0, ~[RTMIN RT_1], 0}, NULL, 8) = 0
21969 14:50:41.400426 alarm(300)        = 300
21969 14:50:41.400438 close(6)          = 0
21969 14:50:41.400448 alarm(0)          = 300
21969 14:50:41.400457 gettimeofday({1495651841, 400461}, NULL) = 0
21969 14:50:41.400474 getpid()          = 21969
21969 14:50:41.400486 gettimeofday({1495651841, 400490}, NULL) = 0
21969 14:50:41.400504 fcntl64(3, F_SETLKW64, {type=F_WRLCK, whence=SEEK_SET, start=0, len=0}, 0xbf804194) = 0
21969 14:50:41.400518 write(3, "Wed May 24 14:50:41 2017 [pid 21969] [msfadmin] OK UPLOAD: Client \"127.0.0.1\", \"/home/msfadmin/myfile0\", 17 bytes, 25.15Kbyte/sec\n", 130) = 130
21969 14:50:41.400538 fcntl64(3, F_SETLK64, {type=F_UNLCK, whence=SEEK_SET, start=0, len=0}, 0xbf80419c) = 0
21969 14:50:41.400552 write(0, "226 Transfer complete.\r\n", 24) = 24
21969 14:50:41.400592 write(5, "\n", 1) = 1
21969 14:50:41.400604 read(5,  <unfinished ...>
21967 14:50:41.400611 close(6)          = 0
21967 14:50:41.400629 read(4, "\n", 1)  = 1
21967 14:50:41.400641 close(5)          = 0
21967 14:50:41.400652 write(4, "\1", 1) = 1
21969 14:50:41.400662 <... read resumed> "\1", 1) = 1
21969 14:50:41.400669 close(4)          = 0
21969 14:50:41.400680 rt_sigaction(SIGALRM, {0x805cad0, ~[RTMIN RT_1], 0}, NULL, 8) = 0
21969 14:50:41.400693 alarm(300)        = 0
21969 14:50:41.400704 recv(0,  <unfinished ...>
21967 14:50:41.400712 read(4,  <unfinished ...>
21966 14:50:41.918932 <... recv resumed> "USER msfadmin\r\n", 4096, MSG_PEEK) = 15
21966 14:50:41.918984 read(0, "USER msfadmin\r\n", 15) = 15
21966 14:50:41.919032 write(0, "331 Any password will do.\r\n", 27) = 27
21966 14:50:41.919098 rt_sigaction(SIGALRM, {0x805cad0, ~[RTMIN RT_1], 0}, NULL, 8) = 0
21966 14:50:41.919118 alarm(300)        = 299
21966 14:50:41.919132 recv(0, "PASS msfadmin\r\n", 4096, MSG_PEEK) = 15
21966 14:50:41.919144 read(0, "PASS msfadmin\r\n", 15) = 15
21966 14:50:41.919160 write(0, "230 Already logged in.\r\n", 24) = 24
21966 14:50:41.919214 rt_sigaction(SIGALRM, {0x805cad0, ~[RTMIN RT_1], 0}, NULL, 8) = 0
21966 14:50:41.919229 alarm(300)        = 300
21966 14:50:41.919240 recv(0, "TYPE I\r\n", 4096, MSG_PEEK) = 8
21966 14:50:41.919252 read(0, "TYPE I\r\n", 8) = 8
21966 14:50:41.919266 write(0, "200 Switching to Binary mode.\r\n", 31) = 31
21966 14:50:41.919301 rt_sigaction(SIGALRM, {0x805cad0, ~[RTMIN RT_1], 0}, NULL, 8) = 0
21966 14:50:41.919315 alarm(300)        = 300
21966 14:50:41.919326 recv(0, "PASV\r\n", 4096, MSG_PEEK) = 6
21966 14:50:41.919337 read(0, "PASV\r\n", 6) = 6
21966 14:50:41.919349 write(5, "\n", 1 <unfinished ...>
21964 14:50:41.919360 <... read resumed> "\n", 1) = 1
21966 14:50:41.919365 <... write resumed> ) = 1
21964 14:50:41.919373 write(4, "\1", 1) = 1
21964 14:50:41.919384 read(4,  <unfinished ...>
21966 14:50:41.919391 read(5, "\1", 1)  = 1
21966 14:50:41.919402 write(5, "\f", 1 <unfinished ...>
21964 14:50:41.919409 <... read resumed> "\f", 1) = 1
21966 14:50:41.919413 <... write resumed> ) = 1
21964 14:50:41.919420 socket(PF_INET, SOCK_STREAM, IPPROTO_TCP) = 5
21964 14:50:41.919436 setsockopt(5, SOL_SOCKET, SO_REUSEADDR, [1], 4) = 0
21964 14:50:41.919450 bind(5, {sa_family=AF_INET, sin_port=htons(45905), sin_addr=inet_addr("127.0.0.1")}, 16) = 0
21964 14:50:41.919467 listen(5, 1)      = 0
21964 14:50:41.919481 write(4, "Q\263\0\0", 4) = 4
21964 14:50:41.919492 read(4,  <unfinished ...>
21966 14:50:41.919499 read(5, "Q\263\0\0", 4) = 4
21966 14:50:41.919515 write(0, "227 Entering Passive Mode (127,0,0,1,179,81).\r\n", 47) = 47
21966 14:50:41.919626 rt_sigaction(SIGALRM, {0x805cad0, ~[RTMIN RT_1], 0}, NULL, 8) = 0
21966 14:50:41.919642 alarm(300)        = 300
21966 14:50:41.919654 recv(0, "RETR myfile16\r\n", 4096, MSG_PEEK) = 15
21966 14:50:41.919692 read(0, "RETR myfile16\r\n", 15) = 15
21966 14:50:41.919716 write(5, "\v", 1 <unfinished ...>
21964 14:50:41.919724 <... read resumed> "\v", 1) = 1
21966 14:50:41.919729 <... write resumed> ) = 1
21964 14:50:41.919736 write(4, "\1\0\0\0", 4) = 4
21964 14:50:41.919747 read(4,  <unfinished ...>
21966 14:50:41.919753 read(5, "\1\0\0\0", 4) = 4
21966 14:50:41.919765 gettimeofday({1495651841, 919769}, NULL) = 0
21966 14:50:41.919783 getcwd("/home/msfadmin", 4096) = 15
21966 14:50:41.919796 open("myfile16", O_RDONLY|O_NONBLOCK|O_LARGEFILE) = 4
21966 14:50:41.919810 fcntl64(4, F_SETLKW64, {type=F_RDLCK, whence=SEEK_SET, start=0, len=0}, 0xbf9ad3b4) = 0
21966 14:50:41.919825 fstat64(4, {st_mode=S_IFREG|0644, st_size=17, ...}) = 0
21966 14:50:41.919842 fcntl64(4, F_GETFL) = 0x8800 (flags O_RDONLY|O_NONBLOCK|O_LARGEFILE)
21966 14:50:41.919853 fcntl64(4, F_SETFL, O_RDONLY|O_LARGEFILE) = 0
21966 14:50:41.919864 write(5, "\v", 1 <unfinished ...>
21964 14:50:41.919872 <... read resumed> "\v", 1) = 1
21966 14:50:41.919877 <... write resumed> ) = 1
21964 14:50:41.919883 write(4, "\1\0\0\0", 4) = 4
21964 14:50:41.919893 read(4,  <unfinished ...>
21966 14:50:41.919900 read(5, "\1\0\0\0", 4) = 4
21966 14:50:41.919911 write(5, "\v", 1 <unfinished ...>
21964 14:50:41.919918 <... read resumed> "\v", 1) = 1
21966 14:50:41.919923 <... write resumed> ) = 1
21964 14:50:41.919929 write(4, "\1\0\0\0", 4) = 4
21964 14:50:41.919939 read(4,  <unfinished ...>
21966 14:50:41.919946 read(5, "\1\0\0\0", 4) = 4
21966 14:50:41.919957 write(5, "\r", 1 <unfinished ...>
21964 14:50:41.919964 <... read resumed> "\r", 1) = 1
21966 14:50:41.919968 <... write resumed> ) = 1
21964 14:50:41.919975 select(6, [5], NULL, NULL, {60, 0}) = 1 (in [5], left {60, 0})
21964 14:50:41.919992 accept(5, {sa_family=AF_INET, sin_port=htons(41708), sin_addr=inet_addr("127.0.0.1")}, [16]) = 6
21964 14:50:41.920014 write(4, "\1", 1) = 1
21964 14:50:41.920026 sendmsg(4, {msg_name(0)=NULL, msg_iov(1)=[{"\0", 1}], msg_controllen=16, {cmsg_len=16, cmsg_level=SOL_SOCKET, cmsg_type=SCM_RIGHTS, {6}}, msg_flags=0}, 0) = 1
21964 14:50:41.920043 close(6)          = 0
21964 14:50:41.920052 read(4,  <unfinished ...>
21966 14:50:41.920059 read(5, "\1", 1)  = 1
21966 14:50:41.920072 recvmsg(5, {msg_name(0)=NULL, msg_iov(1)=[{"\0", 1}], msg_controllen=16, {cmsg_len=16, cmsg_level=SOL_SOCKET, cmsg_type=SCM_RIGHTS, {6}}, msg_flags=0}, 0) = 1
21966 14:50:41.920089 setsockopt(6, SOL_SOCKET, SO_KEEPALIVE, [1], 4) = 0
21966 14:50:41.920102 setsockopt(6, SOL_IP, IP_TOS, [8], 4) = 0
21966 14:50:41.920113 setsockopt(6, SOL_SOCKET, SO_LINGER, {onoff=1, linger=32767}, 8) = 0
21966 14:50:41.920125 rt_sigaction(SIGALRM, {0x805cad0, ~[RTMIN RT_1], 0}, NULL, 8) = 0
21966 14:50:41.920138 alarm(300)        = 300
21966 14:50:41.920151 write(0, "150 Opening BINARY mode data connection for myfile16 (17 bytes).\r\n", 66) = 66
21966 14:50:41.920180 _llseek(4, 0, [0], SEEK_CUR) = 0
21966 14:50:41.920180 fstat64(4, {st_mode=S_IFREG|0644, st_size=17, ...}) = 0
21966 14:50:41.920180 _llseek(4, 0, [0], SEEK_SET) = 0
21966 14:50:41.920180 sendfile(6, 4, NULL, 17) = 17
21966 14:50:41.920181 rt_sigaction(SIGALRM, {0x805cad0, ~[RTMIN RT_1], 0}, NULL, 8) = 0
21966 14:50:41.920181 alarm(300)        = 300
21966 14:50:41.920181 close(6)          = 0
21966 14:50:41.920192 alarm(0)          = 300
21966 14:50:41.920203 gettimeofday({1495651841, 920207}, NULL) = 0
21966 14:50:41.920219 gettimeofday({1495651841, 920222}, NULL) = 0
21966 14:50:41.920233 fcntl64(3, F_SETLKW64, {type=F_WRLCK, whence=SEEK_SET, start=0, len=0}, 0xbf9ad354) = 0
21966 14:50:41.920248 write(3, "Wed May 24 14:50:41 2017 [pid 21966] [msfadmin] OK DOWNLOAD: Client \"127.0.0.1\", \"/home/msfadmin/myfile16\", 17 bytes, 36.65Kbyte/sec\n", 133) = 133
21966 14:50:41.920269 fcntl64(3, F_SETLK64, {type=F_UNLCK, whence=SEEK_SET, start=0, len=0}, 0xbf9ad35c) = 0
21966 14:50:41.920283 write(0, "226 Transfer complete.\r\n", 24) = 24
21966 14:50:41.920347 write(5, "\n", 1 <unfinished ...>
21964 14:50:41.920357 <... read resumed> "\n", 1) = 1
21966 14:50:41.920362 <... write resumed> ) = 1
21964 14:50:41.920368 close(5)          = 0
21964 14:50:41.920379 write(4, "\1", 1) = 1
21964 14:50:41.920410 read(4,  <unfinished ...>
21966 14:50:41.920421 read(5, "\1", 1)  = 1
21966 14:50:41.920433 close(4)          = 0
21966 14:50:41.920453 rt_sigaction(SIGALRM, {0x805cad0, ~[RTMIN RT_1], 0}, NULL, 8) = 0
21966 14:50:41.920467 alarm(300)        = 0
21966 14:50:41.920478 recv(0,  <unfinished ...>
21969 14:50:41.920486 <... recv resumed> "TYPE I\r\n", 4096, MSG_PEEK) = 8
21969 14:50:41.920499 read(0, "TYPE I\r\n", 8) = 8
21969 14:50:41.920517 write(0, "200 Switching to Binary mode.\r\n", 31) = 31
21969 14:50:41.920561 rt_sigaction(SIGALRM, {0x805cad0, ~[RTMIN RT_1], 0}, NULL, 8) = 0
21969 14:50:41.920575 alarm(300)        = 299
21969 14:50:41.920586 recv(0, "PASV\r\n", 4096, MSG_PEEK) = 6
21969 14:50:41.920598 read(0, "PASV\r\n", 6) = 6
21969 14:50:41.920609 write(5, "\n", 1) = 1
21969 14:50:41.920620 read(5,  <unfinished ...>
21967 14:50:41.920628 <... read resumed> "\n", 1) = 1
21967 14:50:41.920637 write(4, "\1", 1) = 1
21969 14:50:41.920647 <... read resumed> "\1", 1) = 1
21969 14:50:41.920654 write(5, "\f", 1) = 1
21969 14:50:41.920664 read(5,  <unfinished ...>
21967 14:50:41.920670 read(4, "\f", 1)  = 1
21967 14:50:41.920682 socket(PF_INET, SOCK_STREAM, IPPROTO_TCP) = 5
21967 14:50:41.920695 setsockopt(5, SOL_SOCKET, SO_REUSEADDR, [1], 4) = 0
21967 14:50:41.920708 bind(5, {sa_family=AF_INET, sin_port=htons(9068), sin_addr=inet_addr("127.0.0.1")}, 16) = 0
21967 14:50:41.920723 listen(5, 1)      = 0
21967 14:50:41.920734 write(4, "l#\0\0", 4) = 4
21969 14:50:41.920745 <... read resumed> "l#\0\0", 4) = 4
21969 14:50:41.920757 write(0, "227 Entering Passive Mode (127,0,0,1,35,108).\r\n", 47) = 47
21969 14:50:41.920850 rt_sigaction(SIGALRM, {0x805cad0, ~[RTMIN RT_1], 0}, NULL, 8) = 0
21969 14:50:41.920866 alarm(300)        = 300
21969 14:50:41.920877 recv(0, "STOR myfile1\r\n", 4096, MSG_PEEK) = 14
21969 14:50:41.920889 read(0, "STOR myfile1\r\n", 14) = 14
21969 14:50:41.920902 write(5, "\v", 1) = 1
21969 14:50:41.920912 read(5,  <unfinished ...>
21967 14:50:41.920919 read(4, "\v", 1)  = 1
21967 14:50:41.920930 write(4, "\1\0\0\0", 4) = 4
21969 14:50:41.920941 <... read resumed> "\1\0\0\0", 4) = 4
21969 14:50:41.920948 gettimeofday({1495651841, 920952}, NULL) = 0
21969 14:50:41.920958 getcwd("/home/msfadmin", 4096) = 15
21969 14:50:41.920970 open("myfile1", O_WRONLY|O_CREAT|O_NONBLOCK|O_LARGEFILE, 0666) = 4
21969 14:50:41.920983 fstat64(4, {st_mode=S_IFREG|0644, st_size=17, ...}) = 0
21969 14:50:41.921000 fcntl64(4, F_GETFL) = 0x8801 (flags O_WRONLY|O_NONBLOCK|O_LARGEFILE)
21969 14:50:41.921010 fcntl64(4, F_SETFL, O_WRONLY|O_LARGEFILE) = 0
21969 14:50:41.921020 fcntl64(4, F_SETLKW64, {type=F_WRLCK, whence=SEEK_SET, start=0, len=0}, 0xbf8041f4) = 0
21969 14:50:41.921033 ftruncate64(4, 0) = 0
21969 14:50:41.921049 _llseek(4, 0, [0], SEEK_SET) = 0
21969 14:50:41.921060 write(5, "\v", 1) = 1
21969 14:50:41.921070 read(5,  <unfinished ...>
21967 14:50:41.921077 read(4, "\v", 1)  = 1
21967 14:50:41.921088 write(4, "\1\0\0\0", 4) = 4
21969 14:50:41.921098 <... read resumed> "\1\0\0\0", 4) = 4
21969 14:50:41.921105 write(5, "\v", 1) = 1
21969 14:50:41.921115 read(5,  <unfinished ...>
21967 14:50:41.921121 read(4, "\v", 1)  = 1
21967 14:50:41.921132 write(4, "\1\0\0\0", 4) = 4
21969 14:50:41.921142 <... read resumed> "\1\0\0\0", 4) = 4
21969 14:50:41.921149 write(5, "\r", 1) = 1
21969 14:50:41.921159 read(5,  <unfinished ...>
21967 14:50:41.921165 read(4, "\r", 1)  = 1
21967 14:50:41.921178 select(6, [5], NULL, NULL, {60, 0}) = 1 (in [5], left {60, 0})
21967 14:50:41.921193 accept(5, {sa_family=AF_INET, sin_port=htons(50484), sin_addr=inet_addr("127.0.0.1")}, [16]) = 6
21967 14:50:41.921215 write(4, "\1", 1) = 1
21969 14:50:41.921225 <... read resumed> "\1", 1) = 1
21969 14:50:41.921234 recvmsg(5,  <unfinished ...>
21967 14:50:41.921242 sendmsg(4, {msg_name(0)=NULL, msg_iov(1)=[{"\0", 1}], msg_controllen=16, {cmsg_len=16, cmsg_level=SOL_SOCKET, cmsg_type=SCM_RIGHTS, {6}}, msg_flags=0}, 0) = 1
21969 14:50:41.921258 <... recvmsg resumed> {msg_name(0)=NULL, msg_iov(1)=[{"\0", 1}], msg_controllen=16, {cmsg_len=16, cmsg_level=SOL_SOCKET, cmsg_type=SCM_RIGHTS, {6}}, msg_flags=0}, 0) = 1
21969 14:50:41.921271 setsockopt(6, SOL_SOCKET, SO_KEEPALIVE, [1], 4) = 0
21969 14:50:41.921283 setsockopt(6, SOL_IP, IP_TOS, [8], 4) = 0
21969 14:50:41.921294 setsockopt(6, SOL_SOCKET, SO_LINGER, {onoff=1, linger=32767}, 8) = 0
21969 14:50:41.921305 rt_sigaction(SIGALRM, {0x805cad0, ~[RTMIN RT_1], 0}, NULL, 8) = 0
21969 14:50:41.921322 alarm(300)        = 300
21969 14:50:41.921334 write(0, "150 Ok to send data.\r\n", 22) = 22
21969 14:50:41.921442 read(6, "assasaaa\na\na\na\na\n", 65536) = 17
21969 14:50:41.921457 write(4, "assasaaa\na\na\na\na\n", 17) = 17
21969 14:50:41.921473 read(6, "", 65536) = 0
21969 14:50:41.921483 rt_sigaction(SIGALRM, {0x805cad0, ~[RTMIN RT_1], 0}, NULL, 8) = 0
21969 14:50:41.921497 alarm(300)        = 300
21969 14:50:41.921507 close(6)          = 0
21969 14:50:41.921516 alarm(0)          = 300
21969 14:50:41.921525 gettimeofday({1495651841, 921529}, NULL) = 0
21969 14:50:41.921540 gettimeofday({1495651841, 921544}, NULL) = 0
21969 14:50:41.921553 fcntl64(3, F_SETLKW64, {type=F_WRLCK, whence=SEEK_SET, start=0, len=0}, 0xbf804194) = 0
21969 14:50:41.921567 write(3, "Wed May 24 14:50:41 2017 [pid 21969] [msfadmin] OK UPLOAD: Client \"127.0.0.1\", \"/home/msfadmin/myfile1\", 17 bytes, 28.04Kbyte/sec\n", 130) = 130
21969 14:50:41.921587 fcntl64(3, F_SETLK64, {type=F_UNLCK, whence=SEEK_SET, start=0, len=0}, 0xbf80419c) = 0
21969 14:50:41.921601 write(0, "226 Transfer complete.\r\n", 24) = 24
21969 14:50:41.921641 write(5, "\n", 1) = 1
21969 14:50:41.921652 read(5,  <unfinished ...>
21967 14:50:41.921660 close(6)          = 0
21967 14:50:41.921677 read(4, "\n", 1)  = 1
21967 14:50:41.921689 close(5)          = 0
21967 14:50:41.921699 write(4, "\1", 1) = 1
21969 14:50:41.921710 <... read resumed> "\1", 1) = 1
21969 14:50:41.921717 close(4)          = 0
21969 14:50:41.921727 rt_sigaction(SIGALRM, {0x805cad0, ~[RTMIN RT_1], 0}, NULL, 8) = 0
21969 14:50:41.921741 alarm(300)        = 0
21969 14:50:41.921751 recv(0,  <unfinished ...>
21967 14:50:41.921759 read(4,  <unfinished ...>
21969 14:50:42.428163 <... recv resumed> "TYPE I\r\n", 4096, MSG_PEEK) = 8
21969 14:50:42.428193 read(0, "TYPE I\r\n", 8) = 8
21969 14:50:42.428216 write(0, "200 Switching to Binary mode.\r\n", 31) = 31
21969 14:50:42.428264 rt_sigaction(SIGALRM, {0x805cad0, ~[RTMIN RT_1], 0}, NULL, 8) = 0
21969 14:50:42.428281 alarm(300)        = 299
21969 14:50:42.428294 recv(0, "PASV\r\n", 4096, MSG_PEEK) = 6
21969 14:50:42.428306 read(0, "PASV\r\n", 6) = 6
21969 14:50:42.428319 write(5, "\n", 1) = 1
21969 14:50:42.428331 read(5,  <unfinished ...>
21967 14:50:42.428340 <... read resumed> "\n", 1) = 1
21967 14:50:42.428349 write(4, "\1", 1) = 1
21969 14:50:42.428395 <... read resumed> "\1", 1) = 1
21969 14:50:42.428404 write(5, "\f", 1) = 1
21969 14:50:42.428423 read(5,  <unfinished ...>
21967 14:50:42.428430 read(4, "\f", 1)  = 1
21967 14:50:42.428443 socket(PF_INET, SOCK_STREAM, IPPROTO_TCP) = 5
21967 14:50:42.428459 setsockopt(5, SOL_SOCKET, SO_REUSEADDR, [1], 4) = 0
21967 14:50:42.428473 bind(5, {sa_family=AF_INET, sin_port=htons(49122), sin_addr=inet_addr("127.0.0.1")}, 16) = 0
21967 14:50:42.428490 listen(5, 1)      = 0
21967 14:50:42.428504 write(4, "\342\277\0\0", 4) = 4
21969 14:50:42.428515 <... read resumed> "\342\277\0\0", 4) = 4
21969 14:50:42.428528 write(0, "227 Entering Passive Mode (127,0,0,1,191,226).\r\n", 48) = 48
21969 14:50:42.428641 rt_sigaction(SIGALRM, {0x805cad0, ~[RTMIN RT_1], 0}, NULL, 8) = 0
21969 14:50:42.428658 alarm(300)        = 300
21969 14:50:42.428670 recv(0, "STOR myfile2\r\n", 4096, MSG_PEEK) = 14
21969 14:50:42.428682 read(0, "STOR myfile2\r\n", 14) = 14
21969 14:50:42.428696 write(5, "\v", 1) = 1
21969 14:50:42.428707 read(5,  <unfinished ...>
21967 14:50:42.428714 read(4, "\v", 1)  = 1
21967 14:50:42.428725 write(4, "\1\0\0\0", 4) = 4
21969 14:50:42.428736 <... read resumed> "\1\0\0\0", 4) = 4
21969 14:50:42.428743 gettimeofday({1495651842, 428747}, NULL) = 0
21969 14:50:42.428755 getcwd("/home/msfadmin", 4096) = 15
21969 14:50:42.428767 open("myfile2", O_WRONLY|O_CREAT|O_NONBLOCK|O_LARGEFILE, 0666) = 4
21969 14:50:42.428781 fstat64(4, {st_mode=S_IFREG|0644, st_size=17, ...}) = 0
21969 14:50:42.428799 fcntl64(4, F_GETFL) = 0x8801 (flags O_WRONLY|O_NONBLOCK|O_LARGEFILE)
21969 14:50:42.428811 fcntl64(4, F_SETFL, O_WRONLY|O_LARGEFILE) = 0
21969 14:50:42.428829 fcntl64(4, F_SETLKW64, {type=F_WRLCK, whence=SEEK_SET, start=0, len=0}, 0xbf8041f4) = 0
21969 14:50:42.428843 ftruncate64(4, 0) = 0
21969 14:50:42.428861 _llseek(4, 0, [0], SEEK_SET) = 0
21969 14:50:42.428872 write(5, "\v", 1) = 1
21969 14:50:42.428882 read(5,  <unfinished ...>
21967 14:50:42.428889 read(4, "\v", 1)  = 1
21967 14:50:42.428901 write(4, "\1\0\0\0", 4) = 4
21969 14:50:42.428911 <... read resumed> "\1\0\0\0", 4) = 4
21969 14:50:42.428918 write(5, "\v", 1) = 1
21969 14:50:42.428928 read(5,  <unfinished ...>
21967 14:50:42.428935 read(4, "\v", 1)  = 1
21967 14:50:42.428946 write(4, "\1\0\0\0", 4) = 4
21969 14:50:42.428956 <... read resumed> "\1\0\0\0", 4) = 4
21969 14:50:42.428963 write(5, "\r", 1) = 1
21969 14:50:42.428973 read(5,  <unfinished ...>
21967 14:50:42.428980 read(4, "\r", 1)  = 1
21967 14:50:42.428992 select(6, [5], NULL, NULL, {60, 0}) = 1 (in [5], left {60, 0})
21967 14:50:42.429009 accept(5, {sa_family=AF_INET, sin_port=htons(43174), sin_addr=inet_addr("127.0.0.1")}, [16]) = 6
21967 14:50:42.429031 write(4, "\1", 1) = 1
21969 14:50:42.429042 <... read resumed> "\1", 1) = 1
21969 14:50:42.429050 recvmsg(5,  <unfinished ...>
21967 14:50:42.429058 sendmsg(4, {msg_name(0)=NULL, msg_iov(1)=[{"\0", 1}], msg_controllen=16, {cmsg_len=16, cmsg_level=SOL_SOCKET, cmsg_type=SCM_RIGHTS, {6}}, msg_flags=0}, 0) = 1
21969 14:50:42.429075 <... recvmsg resumed> {msg_name(0)=NULL, msg_iov(1)=[{"\0", 1}], msg_controllen=16, {cmsg_len=16, cmsg_level=SOL_SOCKET, cmsg_type=SCM_RIGHTS, {6}}, msg_flags=0}, 0) = 1
21969 14:50:42.429089 setsockopt(6, SOL_SOCKET, SO_KEEPALIVE, [1], 4) = 0
21969 14:50:42.429101 setsockopt(6, SOL_IP, IP_TOS, [8], 4) = 0
21969 14:50:42.429113 setsockopt(6, SOL_SOCKET, SO_LINGER, {onoff=1, linger=32767}, 8) = 0
21969 14:50:42.429124 rt_sigaction(SIGALRM, {0x805cad0, ~[RTMIN RT_1], 0}, NULL, 8) = 0
21969 14:50:42.429137 alarm(300)        = 300
21969 14:50:42.429150 write(0, "150 Ok to send data.\r\n", 22) = 22
21969 14:50:42.429215 read(6, "assasaaa\na\na\na\na\n", 65536) = 17
21969 14:50:42.429229 write(4, "assasaaa\na\na\na\na\n", 17) = 17
21969 14:50:42.429245 read(6, "", 65536) = 0
21969 14:50:42.429256 rt_sigaction(SIGALRM, {0x805cad0, ~[RTMIN RT_1], 0}, NULL, 8) = 0
21969 14:50:42.429269 alarm(300)        = 300
21969 14:50:42.429279 close(6)          = 0
21969 14:50:42.429288 alarm(0)          = 300
21969 14:50:42.429297 gettimeofday({1495651842, 429301}, NULL) = 0
21969 14:50:42.429312 gettimeofday({1495651842, 429316}, NULL) = 0
21969 14:50:42.429331 fcntl64(3, F_SETLKW64, {type=F_WRLCK, whence=SEEK_SET, start=0, len=0}, 0xbf804194) = 0
21969 14:50:42.429367 write(3, "Wed May 24 14:50:42 2017 [pid 21969] [msfadmin] OK UPLOAD: Client \"127.0.0.1\", \"/home/msfadmin/myfile2\", 17 bytes, 29.18Kbyte/sec\n", 130) = 130
21969 14:50:42.429389 fcntl64(3, F_SETLK64, {type=F_UNLCK, whence=SEEK_SET, start=0, len=0}, 0xbf80419c) = 0
21969 14:50:42.429413 write(0, "226 Transfer complete.\r\n", 24) = 24
21969 14:50:42.429459 write(5, "\n", 1) = 1
21969 14:50:42.429471 read(5,  <unfinished ...>
21967 14:50:42.429478 close(6)          = 0
21967 14:50:42.429497 read(4, "\n", 1)  = 1
21967 14:50:42.429508 close(5)          = 0
21967 14:50:42.429519 write(4, "\1", 1) = 1
21969 14:50:42.429530 <... read resumed> "\1", 1) = 1
21969 14:50:42.429537 close(4)          = 0
21969 14:50:42.429548 rt_sigaction(SIGALRM, {0x805cad0, ~[RTMIN RT_1], 0}, NULL, 8) = 0
21969 14:50:42.429561 alarm(300)        = 0
21969 14:50:42.429572 recv(0,  <unfinished ...>
21967 14:50:42.429580 read(4,  <unfinished ...>
21966 14:50:42.448157 <... recv resumed> "USER msfadmin\r\n", 4096, MSG_PEEK) = 15
21966 14:50:42.448196 read(0, "USER msfadmin\r\n", 15) = 15
21966 14:50:42.448221 write(0, "331 Any password will do.\r\n", 27) = 27
21966 14:50:42.448266 rt_sigaction(SIGALRM, {0x805cad0, ~[RTMIN RT_1], 0}, NULL, 8) = 0
21966 14:50:42.448284 alarm(300)        = 299
21966 14:50:42.448298 recv(0, "PASS msfadmin\r\n", 4096, MSG_PEEK) = 15
21966 14:50:42.448310 read(0, "PASS msfadmin\r\n", 15) = 15
21966 14:50:42.448326 write(0, "230 Already logged in.\r\n", 24) = 24
21966 14:50:42.448394 rt_sigaction(SIGALRM, {0x805cad0, ~[RTMIN RT_1], 0}, NULL, 8) = 0
21966 14:50:42.448409 alarm(300)        = 300
21966 14:50:42.448421 recv(0, "TYPE I\r\n", 4096, MSG_PEEK) = 8
21966 14:50:42.448432 read(0, "TYPE I\r\n", 8) = 8
21966 14:50:42.448446 write(0, "200 Switching to Binary mode.\r\n", 31) = 31
21966 14:50:42.448482 rt_sigaction(SIGALRM, {0x805cad0, ~[RTMIN RT_1], 0}, NULL, 8) = 0
21966 14:50:42.448496 alarm(300)        = 300
21966 14:50:42.448507 recv(0, "PASV\r\n", 4096, MSG_PEEK) = 6
21966 14:50:42.448518 read(0, "PASV\r\n", 6) = 6
21966 14:50:42.448529 write(5, "\n", 1 <unfinished ...>
21964 14:50:42.448541 <... read resumed> "\n", 1) = 1
21966 14:50:42.448546 <... write resumed> ) = 1
21964 14:50:42.448554 write(4, "\1", 1 <unfinished ...>
21966 14:50:42.448560 read(5,  <unfinished ...>
21964 14:50:42.448567 <... write resumed> ) = 1
21966 14:50:42.448571 <... read resumed> "\1", 1) = 1
21964 14:50:42.448579 read(4,  <unfinished ...>
21966 14:50:42.448583 write(5, "\f", 1 <unfinished ...>
21964 14:50:42.448590 <... read resumed> "\f", 1) = 1
21966 14:50:42.448595 <... write resumed> ) = 1
21964 14:50:42.448603 socket(PF_INET, SOCK_STREAM, IPPROTO_TCP <unfinished ...>
21966 14:50:42.448608 read(5,  <unfinished ...>
21964 14:50:42.448618 <... socket resumed> ) = 5
21964 14:50:42.448626 setsockopt(5, SOL_SOCKET, SO_REUSEADDR, [1], 4) = 0
21964 14:50:42.448640 bind(5, {sa_family=AF_INET, sin_port=htons(12825), sin_addr=inet_addr("127.0.0.1")}, 16) = 0
21964 14:50:42.448656 listen(5, 1)      = 0
21964 14:50:42.448670 write(4, "\0312\0\0", 4 <unfinished ...>
21966 14:50:42.448678 <... read resumed> "\0312\0\0", 4) = 4
21964 14:50:42.448683 <... write resumed> ) = 4
21966 14:50:42.448695 write(0, "227 Entering Passive Mode (127,0,0,1,50,25).\r\n", 46 <unfinished ...>
21964 14:50:42.448703 read(4,  <unfinished ...>
21966 14:50:42.448803 <... write resumed> ) = 46
21966 14:50:42.448815 rt_sigaction(SIGALRM, {0x805cad0, ~[RTMIN RT_1], 0}, NULL, 8) = 0
21966 14:50:42.448830 alarm(300)        = 300
21966 14:50:42.448841 recv(0, "RETR myfile17\r\n", 4096, MSG_PEEK) = 15
21966 14:50:42.448853 read(0, "RETR myfile17\r\n", 15) = 15
21966 14:50:42.448866 write(5, "\v", 1 <unfinished ...>
21964 14:50:42.448874 <... read resumed> "\v", 1) = 1
21966 14:50:42.448879 <... write resumed> ) = 1
21964 14:50:42.448896 write(4, "\1\0\0\0", 4 <unfinished ...>
21966 14:50:42.448905 read(5,  <unfinished ...>
21964 14:50:42.448921 <... write resumed> ) = 4
21966 14:50:42.448925 <... read resumed> "\1\0\0\0", 4) = 4
21964 14:50:42.448933 read(4,  <unfinished ...>
21966 14:50:42.448940 gettimeofday({1495651842, 448944}, NULL) = 0
21966 14:50:42.448951 getcwd("/home/msfadmin", 4096) = 15
21966 14:50:42.448964 open("myfile17", O_RDONLY|O_NONBLOCK|O_LARGEFILE) = 4
21966 14:50:42.448977 fcntl64(4, F_SETLKW64, {type=F_RDLCK, whence=SEEK_SET, start=0, len=0}, 0xbf9ad3b4) = 0
