18714 14:16:36.579759 mmap2(NULL, 1624, PROT_READ, MAP_SHARED, 5, 0) = 0xb7f54000
18714 14:16:36.579774 _llseek(5, 1624, [1624], SEEK_SET) = 0
18714 14:16:36.579791 munmap(0xb7f54000, 1624) = 0
18714 14:16:36.579801 close(5)          = 0
18714 14:16:36.579814 open("/etc/shadow", O_RDONLY|0x80000 /* O_??? */) = 5
18714 14:16:36.579827 _llseek(5, 0, [0], SEEK_CUR) = 0
18714 14:16:36.579838 fstat64(5, {st_mode=S_IFREG|0640, st_size=1233, ...}) = 0
18714 14:16:36.579855 mmap2(NULL, 1233, PROT_READ, MAP_SHARED, 5, 0) = 0xb7f54000
18714 14:16:36.579865 _llseek(5, 1233, [1233], SEEK_SET) = 0
18714 14:16:36.579883 munmap(0xb7f54000, 1233) = 0
18714 14:16:36.579892 close(5)          = 0
18714 14:16:36.580133 getuid32()        = 0
18714 14:16:36.580144 open("/etc/passwd", O_RDONLY|0x80000 /* O_??? */) = 5
18714 14:16:36.580157 _llseek(5, 0, [0], SEEK_CUR) = 0
18714 14:16:36.580179 fstat64(5, {st_mode=S_IFREG|0644, st_size=1624, ...}) = 0
18714 14:16:36.580197 mmap2(NULL, 1624, PROT_READ, MAP_SHARED, 5, 0) = 0xb7f54000
18714 14:16:36.580208 _llseek(5, 1624, [1624], SEEK_SET) = 0
18714 14:16:36.580225 munmap(0xb7f54000, 1624) = 0
18714 14:16:36.580235 close(5)          = 0
18714 14:16:36.580249 open("/etc/shadow", O_RDONLY|0x80000 /* O_??? */) = 5
18714 14:16:36.580263 _llseek(5, 0, [0], SEEK_CUR) = 0
18714 14:16:36.580274 fstat64(5, {st_mode=S_IFREG|0640, st_size=1233, ...}) = 0
18714 14:16:36.580291 mmap2(NULL, 1233, PROT_READ, MAP_SHARED, 5, 0) = 0xb7f54000
18714 14:16:36.580301 _llseek(5, 1233, [1233], SEEK_SET) = 0
18714 14:16:36.580318 munmap(0xb7f54000, 1233) = 0
18714 14:16:36.580328 close(5)          = 0
18714 14:16:36.580340 time(NULL)        = 1495649796
18714 14:16:36.580357 munmap(0xb7f51000, 12164) = 0
18714 14:16:36.580372 munmap(0xb7f4f000, 7136) = 0
18714 14:16:36.580387 munmap(0xb7d84000, 95428) = 0
18714 14:16:36.580399 munmap(0xb7d4a000, 201052) = 0
18714 14:16:36.580410 munmap(0xb7d31000, 101180) = 0
18714 14:16:36.580428 gettimeofday({1495649796, 580433}, NULL) = 0
18714 14:16:36.580441 stat64("/usr/share/zoneinfo/UTC+04:00", 0xbffb0124) = -1 ENOENT (No such file or directory)
18714 14:16:36.580457 open("/usr/share/zoneinfo/UTC+04:00", O_RDONLY) = -1 ENOENT (No such file or directory)
18714 14:16:36.580487 fcntl64(3, F_SETLKW64, {type=F_WRLCK, whence=SEEK_SET, start=0, len=0}, 0xbffb0274) = 0
18714 14:16:36.580505 write(3, "Wed May 24 14:16:36 2017 [pid 18714] [msfadmin] OK LOGIN: Client \"127.0.0.1\"\n", 77) = 77
18714 14:16:36.580523 fcntl64(3, F_SETLK64, {type=F_UNLCK, whence=SEEK_SET, start=0, len=0}, 0xbffb027c) = 0
18714 14:16:36.580537 rt_sigaction(SIGCHLD, {0x805cad0, ~[RTMIN RT_1], 0}, NULL, 8) = 0
18714 14:16:36.580552 write(4, "\1", 1 <unfinished ...>
18715 14:16:36.580566 <... read resumed> "\1", 1) = 1
18714 14:16:36.580572 <... write resumed> ) = 1
18715 14:16:36.580582 exit_group(0)     = ?
18714 14:16:36.580622 --- SIGCHLD (Child exited) @ 0 (0) ---
18714 14:16:36.580630 sigreturn()       = ? (mask now [])
18714 14:16:36.580651 wait4(-1, [{WIFEXITED(s) && WEXITSTATUS(s) == 0}], 0, NULL) = 18715
18714 14:16:36.580665 close(4)          = 0
18714 14:16:36.580677 socketpair(PF_FILE, SOCK_STREAM, 0, [4, 5]) = 0
18714 14:16:36.580693 rt_sigaction(SIGCHLD, {0x805cad0, ~[RTMIN RT_1], 0}, NULL, 8) = 0
18714 14:16:36.580707 rt_sigaction(SIGALRM, {0x805cb10, ~[RTMIN RT_1], 0}, NULL, 8) = 0
18714 14:16:36.580722 clone(child_stack=0, flags=CLONE_CHILD_CLEARTID|CLONE_CHILD_SETTID|SIGCHLD, child_tidptr=0xb7dba6f8) = 18716
18716 14:16:36.580782 prctl(0x1, 0x9, 0, 0, 0) = 0
18716 14:16:36.580796 close(4)          = 0
18716 14:16:36.580826 open("/etc/passwd", O_RDONLY|0x80000 /* O_??? */) = 4
18716 14:16:36.580843 _llseek(4, 0, [0], SEEK_CUR) = 0
18716 14:16:36.580860 fstat64(4, {st_mode=S_IFREG|0644, st_size=1624, ...}) = 0
18716 14:16:36.580879 mmap2(NULL, 1624, PROT_READ, MAP_SHARED, 4, 0) = 0xb7f54000
18716 14:16:36.580891 _llseek(4, 1624, [1624], SEEK_SET) = 0
18716 14:16:36.580915 munmap(0xb7f54000, 1624) = 0
18716 14:16:36.580927 close(4)          = 0
18716 14:16:36.580940 getuid32()        = 0
18716 14:16:36.580951 open("/etc/passwd", O_RDONLY|0x80000 /* O_??? */) = 4
18716 14:16:36.580969 _llseek(4, 0, [0], SEEK_CUR) = 0
18716 14:16:36.580982 fstat64(4, {st_mode=S_IFREG|0644, st_size=1624, ...}) = 0
18716 14:16:36.581000 mmap2(NULL, 1624, PROT_READ, MAP_SHARED, 4, 0) = 0xb7f54000
18716 14:16:36.581011 _llseek(4, 1624, [1624], SEEK_SET) = 0
18716 14:16:36.581027 munmap(0xb7f54000, 1624) = 0
18716 14:16:36.581037 close(4)          = 0
18716 14:16:36.581065 open("/proc/sys/kernel/ngroups_max", O_RDONLY) = 4
18716 14:16:36.581087 read(4, "65536\n", 31) = 6
18716 14:16:36.581100 close(4)          = 0
18716 14:16:36.581115 socket(PF_FILE, SOCK_STREAM, 0) = 4
18716 14:16:36.581134 fcntl64(4, F_SETFL, O_RDWR|O_NONBLOCK) = 0
18716 14:16:36.581153 connect(4, {sa_family=AF_FILE, path="/var/run/nscd/socket"}, 110) = -1 ENOENT (No such file or directory)
18716 14:16:36.581178 close(4)          = 0
18716 14:16:36.581190 socket(PF_FILE, SOCK_STREAM, 0) = 4
18716 14:16:36.581200 fcntl64(4, F_SETFL, O_RDWR|O_NONBLOCK) = 0
18716 14:16:36.581211 connect(4, {sa_family=AF_FILE, path="/var/run/nscd/socket"}, 110) = -1 ENOENT (No such file or directory)
18716 14:16:36.581230 close(4)          = 0
18716 14:16:36.581256 open("/etc/group", O_RDONLY|0x80000 /* O_??? */) = 4
18716 14:16:36.581271 _llseek(4, 0, [0], SEEK_CUR) = 0
18716 14:16:36.581282 fstat64(4, {st_mode=S_IFREG|0644, st_size=886, ...}) = 0
18716 14:16:36.581299 mmap2(NULL, 886, PROT_READ, MAP_SHARED, 4, 0) = 0xb7f54000
18716 14:16:36.581311 _llseek(4, 886, [886], SEEK_SET) = 0
18716 14:16:36.581336 fstat64(4, {st_mode=S_IFREG|0644, st_size=886, ...}) = 0
18716 14:16:36.581353 munmap(0xb7f54000, 886) = 0
18716 14:16:36.581364 close(4)          = 0
18716 14:16:36.581374 setgroups32(13, [1000, 4, 20, 24, 25, 29, 30, 44, 46, 107, 111, 112, 119]) = 0
18716 14:16:36.581392 geteuid32()       = 0
18716 14:16:36.581403 getegid32()       = 0
18716 14:16:36.581414 setregid32(-1, 1000) = 0
18716 14:16:36.581425 setreuid32(-1, 1000) = 0
18716 14:16:36.581436 chdir("/home/msfadmin") = 0
18716 14:16:36.581449 setreuid32(-1, 0) = 0
18716 14:16:36.581458 setregid32(-1, 0) = 0
18716 14:16:36.581469 setgid32(1000)    = 0
18716 14:16:36.581479 setuid32(1000)    = 0
18716 14:16:36.581490 setrlimit(RLIMIT_NPROC, {rlim_cur=0, rlim_max=0}) = 0
18716 14:16:36.581504 mmap2(NULL, 12288, PROT_READ|PROT_WRITE, MAP_PRIVATE|MAP_ANONYMOUS, -1, 0) = 0xb7f52000
18716 14:16:36.581516 mprotect(0xb7f54000, 4096, PROT_NONE) = 0
18716 14:16:36.581528 mprotect(0xb7f52000, 4096, PROT_NONE) = 0
18716 14:16:36.581539 getcwd("/home/msfadmin", 4096) = 15
18716 14:16:36.581553 umask(022)        = 077
18716 14:16:36.581563 getcwd("/home/msfadmin", 4096) = 15
18716 14:16:36.581577 open(".message", O_RDONLY|O_NONBLOCK|O_LARGEFILE) = -1 ENOENT (No such file or directory)
18716 14:16:36.581600 write(0, "230 Login successful.\r\n", 23) = 23
18716 14:16:36.581711 rt_sigaction(SIGALRM, {0x805cad0, ~[RTMIN RT_1], 0}, NULL, 8) = 0
18716 14:16:36.581730 alarm(300)        = 0
18716 14:16:36.581742 mmap2(NULL, 12288, PROT_READ|PROT_WRITE, MAP_PRIVATE|MAP_ANONYMOUS, -1, 0) = 0xb7f4f000
18716 14:16:36.581753 mprotect(0xb7f51000, 4096, PROT_NONE) = 0
18716 14:16:36.581765 mprotect(0xb7f4f000, 4096, PROT_NONE) = 0
18716 14:16:36.581778 recv(0, "TYPE I\r\n", 4096, MSG_PEEK) = 8
18716 14:16:36.581791 read(0, "TYPE I\r\n", 8) = 8
18716 14:16:36.581809 write(0, "200 Switching to Binary mode.\r\n", 31) = 31
18716 14:16:36.581851 rt_sigaction(SIGALRM, {0x805cad0, ~[RTMIN RT_1], 0}, NULL, 8) = 0
18716 14:16:36.581866 alarm(300)        = 300
18716 14:16:36.581877 recv(0, "PASV\r\n", 4096, MSG_PEEK) = 6
18716 14:16:36.581889 read(0, "PASV\r\n", 6) = 6
18716 14:16:36.581901 write(5, "\n", 1) = 1
18716 14:16:36.581912 read(5,  <unfinished ...>
18714 14:16:36.581926 close(5)          = 0
18714 14:16:36.581939 getuid32()        = 0
18714 14:16:36.581955 open("/etc/passwd", O_RDONLY|0x80000 /* O_??? */) = 5
18714 14:16:36.581970 _llseek(5, 0, [0], SEEK_CUR) = 0
18714 14:16:36.581983 fstat64(5, {st_mode=S_IFREG|0644, st_size=1624, ...}) = 0
18714 14:16:36.582002 mmap2(NULL, 1624, PROT_READ, MAP_SHARED, 5, 0) = 0xb7f54000
18714 14:16:36.582018 _llseek(5, 1624, [1624], SEEK_SET) = 0
18714 14:16:36.582037 munmap(0xb7f54000, 1624) = 0
18714 14:16:36.582048 close(5)          = 0
18714 14:16:36.582065 setgroups32(0, []) = 0
18714 14:16:36.582077 chdir("/usr/share/empty") = 0
18714 14:16:36.582090 chroot(".")       = 0
18714 14:16:36.582115 capset(NULL, NULL) = -1 EFAULT (Bad address)
18714 14:16:36.582130 prctl(0x8, 0, 0xbffb0258, 0x80549a6, 0xbffb0240) = 0
18714 14:16:36.582142 prctl(0x8, 0x1, 0xbffb0258, 0x8054a49, 0xbffb0240) = 0
18714 14:16:36.582153 setgid32(65534)   = 0
18714 14:16:36.582163 setuid32(65534)   = 0
18714 14:16:36.582173 capset(0x19980330, 0, {CAP_NET_BIND_SERVICE, CAP_NET_BIND_SERVICE, 0}) = 0
18714 14:16:36.582186 read(4, "\n", 1)  = 1
18714 14:16:36.582202 write(4, "\1", 1) = 1
18716 14:16:36.582214 <... read resumed> "\1", 1) = 1
18716 14:16:36.582222 write(5, "\f", 1) = 1
18716 14:16:36.582232 read(5,  <unfinished ...>
18714 14:16:36.582239 read(4, "\f", 1)  = 1
18714 14:16:36.582252 socket(PF_INET, SOCK_STREAM, IPPROTO_TCP) = 5
18714 14:16:36.582267 setsockopt(5, SOL_SOCKET, SO_REUSEADDR, [1], 4) = 0
18714 14:16:36.582279 gettimeofday({1495649796, 582283}, NULL) = 0
18714 14:16:36.582296 bind(5, {sa_family=AF_INET, sin_port=htons(31168), sin_addr=inet_addr("127.0.0.1")}, 16) = 0
18714 14:16:36.582314 listen(5, 1)      = 0
18714 14:16:36.582327 write(4, "\300y\0\0", 4) = 4
18716 14:16:36.582339 <... read resumed> "\300y\0\0", 4) = 4
18716 14:16:36.582354 write(0, "227 Entering Passive Mode (127,0,0,1,121,192).\r\n", 48) = 48
18716 14:16:36.582480 rt_sigaction(SIGALRM, {0x805cad0, ~[RTMIN RT_1], 0}, NULL, 8) = 0
18716 14:16:36.582499 alarm(300)        = 300
18716 14:16:36.582510 recv(0, "RETR myfile33\r\n", 4096, MSG_PEEK) = 15
18716 14:16:36.582523 read(0, "RETR myfile33\r\n", 15) = 15
18716 14:16:36.582538 write(5, "\v", 1) = 1
18716 14:16:36.582549 read(5,  <unfinished ...>
18714 14:16:36.582556 read(4, "\v", 1)  = 1
18714 14:16:36.582568 write(4, "\1\0\0\0", 4) = 4
18716 14:16:36.582579 <... read resumed> "\1\0\0\0", 4) = 4
18716 14:16:36.582588 gettimeofday({1495649796, 582592}, NULL) = 0
18716 14:16:36.582599 getcwd("/home/msfadmin", 4096) = 15
18716 14:16:36.582612 open("myfile33", O_RDONLY|O_NONBLOCK|O_LARGEFILE) = 4
18716 14:16:36.582626 fcntl64(4, F_SETLKW64, {type=F_RDLCK, whence=SEEK_SET, start=0, len=0}, 0xbffb01c4) = 0
18716 14:16:36.582640 fstat64(4, {st_mode=S_IFREG|0644, st_size=17, ...}) = 0
18716 14:16:36.582658 fcntl64(4, F_GETFL) = 0x8800 (flags O_RDONLY|O_NONBLOCK|O_LARGEFILE)
18716 14:16:36.582669 fcntl64(4, F_SETFL, O_RDONLY|O_LARGEFILE) = 0
18716 14:16:36.582681 write(5, "\v", 1) = 1
18716 14:16:36.582692 read(5,  <unfinished ...>
18714 14:16:36.582699 read(4, "\v", 1)  = 1
18714 14:16:36.582711 write(4, "\1\0\0\0", 4) = 4
18716 14:16:36.582722 <... read resumed> "\1\0\0\0", 4) = 4
18716 14:16:36.582729 write(5, "\v", 1) = 1
18716 14:16:36.582739 read(5,  <unfinished ...>
18714 14:16:36.582746 read(4, "\v", 1)  = 1
18714 14:16:36.582757 write(4, "\1\0\0\0", 4) = 4
18716 14:16:36.582768 <... read resumed> "\1\0\0\0", 4) = 4
18716 14:16:36.582775 write(5, "\r", 1) = 1
18716 14:16:36.582785 read(5,  <unfinished ...>
18714 14:16:36.582792 read(4, "\r", 1)  = 1
18714 14:16:36.582805 select(6, [5], NULL, NULL, {60, 0}) = 1 (in [5], left {60, 0})
18714 14:16:36.582823 accept(5, {sa_family=AF_INET, sin_port=htons(41318), sin_addr=inet_addr("127.0.0.1")}, [16]) = 6
18714 14:16:36.582846 write(4, "\1", 1) = 1
18716 14:16:36.582857 <... read resumed> "\1", 1) = 1
18716 14:16:36.582866 recvmsg(5,  <unfinished ...>
18714 14:16:36.582876 sendmsg(4, {msg_name(0)=NULL, msg_iov(1)=[{"\0", 1}], msg_controllen=16, {cmsg_len=16, cmsg_level=SOL_SOCKET, cmsg_type=SCM_RIGHTS, {6}}, msg_flags=0}, 0) = 1
18716 14:16:36.582894 <... recvmsg resumed> {msg_name(0)=NULL, msg_iov(1)=[{"\0", 1}], msg_controllen=16, {cmsg_len=16, cmsg_level=SOL_SOCKET, cmsg_type=SCM_RIGHTS, {6}}, msg_flags=0}, 0) = 1
18716 14:16:36.582908 setsockopt(6, SOL_SOCKET, SO_KEEPALIVE, [1], 4) = 0
18716 14:16:36.582920 setsockopt(6, SOL_IP, IP_TOS, [8], 4) = 0
18716 14:16:36.582937 setsockopt(6, SOL_SOCKET, SO_LINGER, {onoff=1, linger=32767}, 8) = 0
18716 14:16:36.582949 rt_sigaction(SIGALRM, {0x805cad0, ~[RTMIN RT_1], 0}, NULL, 8) = 0
18716 14:16:36.582962 alarm(300)        = 300
18716 14:16:36.582977 write(0, "150 Opening BINARY mode data connection for myfile33 (17 bytes).\r\n", 66) = 66
18716 14:16:36.583020 _llseek(4, 0, [0], SEEK_CUR) = 0
18716 14:16:36.583033 fstat64(4, {st_mode=S_IFREG|0644, st_size=17, ...}) = 0
18716 14:16:36.583051 _llseek(4, 0, [0], SEEK_SET) = 0
18716 14:16:36.583191 sendfile(6, 4, NULL, 17) = 17
18716 14:16:36.583228 rt_sigaction(SIGALRM, {0x805cad0, ~[RTMIN RT_1], 0}, NULL, 8) = 0
18716 14:16:36.583244 alarm(300)        = 300
18716 14:16:36.583254 close(6)          = 0
18716 14:16:36.583264 alarm(0)          = 300
18716 14:16:36.583273 gettimeofday({1495649796, 583277}, NULL) = 0
18716 14:16:36.583293 getpid()          = 18716
18716 14:16:36.583305 gettimeofday({1495649796, 583309}, NULL) = 0
18716 14:16:36.583324 fcntl64(3, F_SETLKW64, {type=F_WRLCK, whence=SEEK_SET, start=0, len=0}, 0xbffb0164) = 0
18716 14:16:36.583339 write(3, "Wed May 24 14:16:36 2017 [pid 18716] [msfadmin] OK DOWNLOAD: Client \"127.0.0.1\", \"/home/msfadmin/myfile33\", 17 bytes, 23.15Kbyte/sec\n", 133) = 133
18716 14:16:36.583360 fcntl64(3, F_SETLK64, {type=F_UNLCK, whence=SEEK_SET, start=0, len=0}, 0xbffb016c) = 0
18716 14:16:36.583375 write(0, "226 Transfer complete.\r\n", 24) = 24
18716 14:16:36.583391 write(5, "\n", 1) = 1
18716 14:16:36.583402 read(5,  <unfinished ...>
18714 14:16:36.583409 close(6)          = 0
18714 14:16:36.583498 read(4, "\n", 1)  = 1
18714 14:16:36.583512 close(5)          = 0
18714 14:16:36.583523 write(4, "\1", 1) = 1
18716 14:16:36.583535 <... read resumed> "\1", 1) = 1
18716 14:16:36.583542 close(4)          = 0
18716 14:16:36.583553 rt_sigaction(SIGALRM, {0x805cad0, ~[RTMIN RT_1], 0}, NULL, 8) = 0
18716 14:16:36.583567 alarm(300)        = 0
18716 14:16:36.583578 recv(0,  <unfinished ...>
18714 14:16:36.583586 read(4,  <unfinished ...>
18710 14:16:36.857973 <... recv resumed> "TYPE I\r\n", 4096, MSG_PEEK) = 8
18710 14:16:36.858003 read(0, "TYPE I\r\n", 8) = 8
18710 14:16:36.858025 write(0, "200 Switching to Binary mode.\r\n", 31) = 31
18710 14:16:36.858075 rt_sigaction(SIGALRM, {0x805cad0, ~[RTMIN RT_1], 0}, NULL, 8) = 0
18710 14:16:36.858093 alarm(300)        = 299
18710 14:16:36.858106 recv(0, "PASV\r\n", 4096, MSG_PEEK) = 6
18710 14:16:36.858118 read(0, "PASV\r\n", 6) = 6
18710 14:16:36.858130 write(5, "\n", 1 <unfinished ...>
18708 14:16:36.858142 <... read resumed> "\n", 1) = 1
18710 14:16:36.858147 <... write resumed> ) = 1
18708 14:16:36.858154 write(4, "\1", 1) = 1
18708 14:16:36.858165 read(4,  <unfinished ...>
18710 14:16:36.858172 read(5, "\1", 1)  = 1
18710 14:16:36.858183 write(5, "\f", 1 <unfinished ...>
18708 14:16:36.858190 <... read resumed> "\f", 1) = 1
18710 14:16:36.858195 <... write resumed> ) = 1
18708 14:16:36.858202 socket(PF_INET, SOCK_STREAM, IPPROTO_TCP) = 5
18708 14:16:36.858218 setsockopt(5, SOL_SOCKET, SO_REUSEADDR, [1], 4) = 0
18708 14:16:36.858232 bind(5, {sa_family=AF_INET, sin_port=htons(60835), sin_addr=inet_addr("127.0.0.1")}, 16) = 0
18710 14:16:36.858250 read(5,  <unfinished ...>
18708 14:16:36.858255 listen(5, 1)      = 0
18708 14:16:36.858269 write(4, "\243\355\0\0", 4 <unfinished ...>
18710 14:16:36.858277 <... read resumed> "\243\355\0\0", 4) = 4
18708 14:16:36.858283 <... write resumed> ) = 4
18710 14:16:36.858295 write(0, "227 Entering Passive Mode (127,0,0,1,237,163).\r\n", 48 <unfinished ...>
18708 14:16:36.858303 read(4,  <unfinished ...>
18710 14:16:36.858406 <... write resumed> ) = 48
18710 14:16:36.858418 rt_sigaction(SIGALRM, {0x805cad0, ~[RTMIN RT_1], 0}, NULL, 8) = 0
18710 14:16:36.858433 alarm(300)        = 300
18710 14:16:36.858444 recv(0, "STOR myfile16\r\n", 4096, MSG_PEEK) = 15
18710 14:16:36.858456 read(0, "STOR myfile16\r\n", 15) = 15
18710 14:16:36.858470 write(5, "\v", 1 <unfinished ...>
18708 14:16:36.858478 <... read resumed> "\v", 1) = 1
18710 14:16:36.858491 <... write resumed> ) = 1
18708 14:16:36.858497 write(4, "\1\0\0\0", 4) = 4
18708 14:16:36.858508 read(4,  <unfinished ...>
18710 14:16:36.858515 read(5, "\1\0\0\0", 4) = 4
18710 14:16:36.858527 gettimeofday({1495649796, 858531}, NULL) = 0
18710 14:16:36.858538 getcwd("/home/msfadmin", 4096) = 15
18710 14:16:36.858551 open("myfile16", O_WRONLY|O_CREAT|O_NONBLOCK|O_LARGEFILE, 0666) = 4
18710 14:16:36.858565 fstat64(4, {st_mode=S_IFREG|0644, st_size=17, ...}) = 0
18710 14:16:36.858583 fcntl64(4, F_GETFL) = 0x8801 (flags O_WRONLY|O_NONBLOCK|O_LARGEFILE)
18710 14:16:36.858594 fcntl64(4, F_SETFL, O_WRONLY|O_LARGEFILE) = 0
18710 14:16:36.858604 fcntl64(4, F_SETLKW64, {type=F_WRLCK, whence=SEEK_SET, start=0, len=0}, 0xbfe48834) = 0
18710 14:16:36.858618 ftruncate64(4, 0) = 0
18710 14:16:36.858636 _llseek(4, 0, [0], SEEK_SET) = 0
18710 14:16:36.858684 write(5, "\v", 1 <unfinished ...>
18708 14:16:36.858694 <... read resumed> "\v", 1) = 1
18710 14:16:36.858699 <... write resumed> ) = 1
18708 14:16:36.858705 write(4, "\1\0\0\0", 4) = 4
18708 14:16:36.858730 read(4,  <unfinished ...>
18710 14:16:36.858737 read(5, "\1\0\0\0", 4) = 4
18710 14:16:36.858748 write(5, "\v", 1 <unfinished ...>
18708 14:16:36.858755 <... read resumed> "\v", 1) = 1
18710 14:16:36.858759 <... write resumed> ) = 1
18708 14:16:36.858765 write(4, "\1\0\0\0", 4) = 4
18708 14:16:36.858775 read(4,  <unfinished ...>
18710 14:16:36.858782 read(5, "\1\0\0\0", 4) = 4
18710 14:16:36.858793 write(5, "\r", 1 <unfinished ...>
18708 14:16:36.858800 <... read resumed> "\r", 1) = 1
18710 14:16:36.858805 <... write resumed> ) = 1
18708 14:16:36.858812 select(6, [5], NULL, NULL, {60, 0}) = 1 (in [5], left {60, 0})
18708 14:16:36.858828 accept(5, {sa_family=AF_INET, sin_port=htons(49550), sin_addr=inet_addr("127.0.0.1")}, [16]) = 6
18708 14:16:36.858850 write(4, "\1", 1) = 1
18708 14:16:36.858862 sendmsg(4, {msg_name(0)=NULL, msg_iov(1)=[{"\0", 1}], msg_controllen=16, {cmsg_len=16, cmsg_level=SOL_SOCKET, cmsg_type=SCM_RIGHTS, {6}}, msg_flags=0}, 0) = 1
18708 14:16:36.858879 close(6)          = 0
18708 14:16:36.858888 read(4,  <unfinished ...>
18710 14:16:36.858895 read(5, "\1", 1)  = 1
18710 14:16:36.858908 recvmsg(5, {msg_name(0)=NULL, msg_iov(1)=[{"\0", 1}], msg_controllen=16, {cmsg_len=16, cmsg_level=SOL_SOCKET, cmsg_type=SCM_RIGHTS, {6}}, msg_flags=0}, 0) = 1
18710 14:16:36.858926 setsockopt(6, SOL_SOCKET, SO_KEEPALIVE, [1], 4) = 0
18710 14:16:36.858938 setsockopt(6, SOL_IP, IP_TOS, [8], 4) = 0
18710 14:16:36.858950 setsockopt(6, SOL_SOCKET, SO_LINGER, {onoff=1, linger=32767}, 8) = 0
18710 14:16:36.858961 rt_sigaction(SIGALRM, {0x805cad0, ~[RTMIN RT_1], 0}, NULL, 8) = 0
18710 14:16:36.858974 alarm(300)        = 300
18710 14:16:36.858987 write(0, "150 Ok to send data.\r\n", 22) = 22
18710 14:16:36.859052 read(6, "assasaaa\na\na\na\na\n", 65536) = 17
18710 14:16:36.859067 write(4, "assasaaa\na\na\na\na\n", 17) = 17
18710 14:16:36.859087 read(6, "", 65536) = 0
18710 14:16:36.859098 rt_sigaction(SIGALRM, {0x805cad0, ~[RTMIN RT_1], 0}, NULL, 8) = 0
18710 14:16:36.859111 alarm(300)        = 300
18710 14:16:36.859121 close(6)          = 0
18710 14:16:36.859138 alarm(0)          = 300
18710 14:16:36.859148 gettimeofday({1495649796, 859152}, NULL) = 0
18710 14:16:36.859164 gettimeofday({1495649796, 859167}, NULL) = 0
18710 14:16:36.859881 fcntl64(3, F_SETLKW64, {type=F_WRLCK, whence=SEEK_SET, start=0, len=0}, 0xbfe487d4) = 0
18710 14:16:36.859901 write(3, "Wed May 24 14:16:36 2017 [pid 18710] [msfadmin] OK UPLOAD: Client \"127.0.0.1\", \"/home/msfadmin/myfile16\", 17 bytes, 26.10Kbyte/sec\n", 131) = 131
18710 14:16:36.859922 fcntl64(3, F_SETLK64, {type=F_UNLCK, whence=SEEK_SET, start=0, len=0}, 0xbfe487dc) = 0
18710 14:16:36.859937 write(0, "226 Transfer complete.\r\n", 24) = 24
18710 14:16:36.859983 write(5, "\n", 1 <unfinished ...>
18708 14:16:36.859992 <... read resumed> "\n", 1) = 1
18710 14:16:36.859997 <... write resumed> ) = 1
18708 14:16:36.860003 close(5)          = 0
18708 14:16:36.860015 write(4, "\1", 1) = 1
18708 14:16:36.860026 read(4,  <unfinished ...>
18710 14:16:36.860037 read(5, "\1", 1)  = 1
18710 14:16:36.860048 close(4)          = 0
18710 14:16:36.860059 rt_sigaction(SIGALRM, {0x805cad0, ~[RTMIN RT_1], 0}, NULL, 8) = 0
18710 14:16:36.860072 alarm(300)        = 0
18710 14:16:36.860083 recv(0,  <unfinished ...>
18716 14:16:37.088924 <... recv resumed> "USER msfadmin\r\n", 4096, MSG_PEEK) = 15
18716 14:16:37.088966 read(0, "USER msfadmin\r\n", 15) = 15
18716 14:16:37.088991 write(0, "331 Any password will do.\r\n", 27) = 27
18716 14:16:37.089038 rt_sigaction(SIGALRM, {0x805cad0, ~[RTMIN RT_1], 0}, NULL, 8) = 0
18716 14:16:37.089056 alarm(300)        = 299
18716 14:16:37.089069 recv(0, "PASS msfadmin\r\n", 4096, MSG_PEEK) = 15
18716 14:16:37.089081 read(0, "PASS msfadmin\r\n", 15) = 15
18716 14:16:37.089096 write(0, "230 Already logged in.\r\n", 24) = 24
18716 14:16:37.089158 rt_sigaction(SIGALRM, {0x805cad0, ~[RTMIN RT_1], 0}, NULL, 8) = 0
18716 14:16:37.089174 alarm(300)        = 300
18716 14:16:37.089185 recv(0, "TYPE I\r\n", 4096, MSG_PEEK) = 8
18716 14:16:37.089196 read(0, "TYPE I\r\n", 8) = 8
18716 14:16:37.089210 write(0, "200 Switching to Binary mode.\r\n", 31) = 31
18716 14:16:37.089246 rt_sigaction(SIGALRM, {0x805cad0, ~[RTMIN RT_1], 0}, NULL, 8) = 0
18716 14:16:37.089260 alarm(300)        = 300
18716 14:16:37.089271 recv(0, "PASV\r\n", 4096, MSG_PEEK) = 6
18716 14:16:37.089282 read(0, "PASV\r\n", 6) = 6
18716 14:16:37.089294 write(5, "\n", 1) = 1
18716 14:16:37.089306 read(5,  <unfinished ...>
18714 14:16:37.089314 <... read resumed> "\n", 1) = 1
18714 14:16:37.089324 write(4, "\1", 1) = 1
18716 14:16:37.089334 <... read resumed> "\1", 1) = 1
18716 14:16:37.089342 write(5, "\f", 1) = 1
18716 14:16:37.089352 read(5,  <unfinished ...>
18714 14:16:37.089358 read(4, "\f", 1)  = 1
18714 14:16:37.089371 socket(PF_INET, SOCK_STREAM, IPPROTO_TCP) = 5
18714 14:16:37.089386 setsockopt(5, SOL_SOCKET, SO_REUSEADDR, [1], 4) = 0
18714 14:16:37.089401 bind(5, {sa_family=AF_INET, sin_port=htons(53091), sin_addr=inet_addr("127.0.0.1")}, 16) = 0
18714 14:16:37.089417 listen(5, 1)      = 0
18714 14:16:37.089431 write(4, "c\317\0\0", 4) = 4
18716 14:16:37.089442 <... read resumed> "c\317\0\0", 4) = 4
18716 14:16:37.089454 write(0, "227 Entering Passive Mode (127,0,0,1,207,99).\r\n", 47) = 47
18716 14:16:37.089568 rt_sigaction(SIGALRM, {0x805cad0, ~[RTMIN RT_1], 0}, NULL, 8) = 0
18716 14:16:37.089584 alarm(300)        = 300
18716 14:16:37.089595 recv(0, "RETR myfile34\r\n", 4096, MSG_PEEK) = 15
18716 14:16:37.089608 read(0, "RETR myfile34\r\n", 15) = 15
18716 14:16:37.089620 write(5, "\v", 1) = 1
18716 14:16:37.089631 read(5,  <unfinished ...>
18714 14:16:37.089638 read(4, "\v", 1)  = 1
18714 14:16:37.089649 write(4, "\1\0\0\0", 4) = 4
18716 14:16:37.089660 <... read resumed> "\1\0\0\0", 4) = 4
18716 14:16:37.089668 gettimeofday({1495649797, 89672}, NULL) = 0
18716 14:16:37.089679 getcwd("/home/msfadmin", 4096) = 15
18716 14:16:37.089702 open("myfile34", O_RDONLY|O_NONBLOCK|O_LARGEFILE) = 4
18716 14:16:37.089734 fcntl64(4, F_SETLKW64, {type=F_RDLCK, whence=SEEK_SET, start=0, len=0}, 0xbffb01c4) = 0
18716 14:16:37.089759 fstat64(4, {st_mode=S_IFREG|0644, st_size=17, ...}) = 0
18716 14:16:37.089777 fcntl64(4, F_GETFL) = 0x8800 (flags O_RDONLY|O_NONBLOCK|O_LARGEFILE)
18716 14:16:37.089788 fcntl64(4, F_SETFL, O_RDONLY|O_LARGEFILE) = 0
18716 14:16:37.089799 write(5, "\v", 1) = 1
18716 14:16:37.089811 read(5,  <unfinished ...>
18714 14:16:37.089818 read(4, "\v", 1)  = 1
18714 14:16:37.089829 write(4, "\1\0\0\0", 4) = 4
18716 14:16:37.089840 <... read resumed> "\1\0\0\0", 4) = 4
18716 14:16:37.089848 write(5, "\v", 1) = 1
18716 14:16:37.089857 read(5,  <unfinished ...>
18714 14:16:37.089864 read(4, "\v", 1)  = 1
18714 14:16:37.089875 write(4, "\1\0\0\0", 4) = 4
18716 14:16:37.089885 <... read resumed> "\1\0\0\0", 4) = 4
18716 14:16:37.089893 write(5, "\r", 1) = 1
18716 14:16:37.089903 read(5,  <unfinished ...>
18714 14:16:37.089909 read(4, "\r", 1)  = 1
18714 14:16:37.089921 select(6, [5], NULL, NULL, {60, 0}) = 1 (in [5], left {60, 0})
18714 14:16:37.089938 accept(5, {sa_family=AF_INET, sin_port=htons(46246), sin_addr=inet_addr("127.0.0.1")}, [16]) = 6
18714 14:16:37.089967 write(4, "\1", 1) = 1
18716 14:16:37.089978 <... read resumed> "\1", 1) = 1
18716 14:16:37.089987 recvmsg(5,  <unfinished ...>
18714 14:16:37.089995 sendmsg(4, {msg_name(0)=NULL, msg_iov(1)=[{"\0", 1}], msg_controllen=16, {cmsg_len=16, cmsg_level=SOL_SOCKET, cmsg_type=SCM_RIGHTS, {6}}, msg_flags=0}, 0) = 1
18716 14:16:37.090013 <... recvmsg resumed> {msg_name(0)=NULL, msg_iov(1)=[{"\0", 1}], msg_controllen=16, {cmsg_len=16, cmsg_level=SOL_SOCKET, cmsg_type=SCM_RIGHTS, {6}}, msg_flags=0}, 0) = 1
18716 14:16:37.090026 setsockopt(6, SOL_SOCKET, SO_KEEPALIVE, [1], 4) = 0
18716 14:16:37.090038 setsockopt(6, SOL_IP, IP_TOS, [8], 4) = 0
18716 14:16:37.090050 setsockopt(6, SOL_SOCKET, SO_LINGER, {onoff=1, linger=32767}, 8) = 0
18716 14:16:37.090062 rt_sigaction(SIGALRM, {0x805cad0, ~[RTMIN RT_1], 0}, NULL, 8) = 0
18716 14:16:37.090075 alarm(300)        = 300
18716 14:16:37.090088 write(0, "150 Opening BINARY mode data connection for myfile34 (17 bytes).\r\n", 66) = 66
18716 14:16:37.090131 _llseek(4, 0, [0], SEEK_CUR) = 0
18716 14:16:37.090143 fstat64(4, {st_mode=S_IFREG|0644, st_size=17, ...}) = 0
18716 14:16:37.090160 _llseek(4, 0, [0], SEEK_SET) = 0
18716 14:16:37.090171 sendfile(6, 4, NULL, 17) = 17
18716 14:16:37.090202 rt_sigaction(SIGALRM, {0x805cad0, ~[RTMIN RT_1], 0}, NULL, 8) = 0
18716 14:16:37.090216 alarm(300)        = 300
18716 14:16:37.090226 close(6)          = 0
18716 14:16:37.090235 alarm(0)          = 300
18716 14:16:37.090245 gettimeofday({1495649797, 90248}, NULL) = 0
18716 14:16:37.090260 gettimeofday({1495649797, 90264}, NULL) = 0
18716 14:16:37.090274 fcntl64(3, F_SETLKW64, {type=F_WRLCK, whence=SEEK_SET, start=0, len=0}, 0xbffb0164) = 0
18716 14:16:37.090289 write(3, "Wed May 24 14:16:37 2017 [pid 18716] [msfadmin] OK DOWNLOAD: Client \"127.0.0.1\", \"/home/msfadmin/myfile34\", 17 bytes, 28.04Kbyte/sec\n", 133) = 133
18716 14:16:37.090318 fcntl64(3, F_SETLK64, {type=F_UNLCK, whence=SEEK_SET, start=0, len=0}, 0xbffb016c) = 0
18716 14:16:37.090332 write(0, "226 Transfer complete.\r\n", 24) = 24
18716 14:16:37.090348 write(5, "\n", 1) = 1
18716 14:16:37.090359 read(5,  <unfinished ...>
18714 14:16:37.090366 close(6)          = 0
18714 14:16:37.090447 read(4, "\n", 1)  = 1
18714 14:16:37.090461 close(5)          = 0
18714 14:16:37.090472 write(4, "\1", 1) = 1
18716 14:16:37.090483 <... read resumed> "\1", 1) = 1
18716 14:16:37.090491 close(4)          = 0
18716 14:16:37.090502 rt_sigaction(SIGALRM, {0x805cad0, ~[RTMIN RT_1], 0}, NULL, 8) = 0
18716 14:16:37.090515 alarm(300)        = 0
18716 14:16:37.090526 recv(0,  <unfinished ...>
18714 14:16:37.090534 read(4,  <unfinished ...>
18710 14:16:37.368020 <... recv resumed> "TYPE I\r\n", 4096, MSG_PEEK) = 8
18710 14:16:37.368050 read(0, "TYPE I\r\n", 8) = 8
18710 14:16:37.368072 write(0, "200 Switching to Binary mode.\r\n", 31) = 31
18710 14:16:37.368120 rt_sigaction(SIGALRM, {0x805cad0, ~[RTMIN RT_1], 0}, NULL, 8) = 0
18710 14:16:37.368138 alarm(300)        = 299
18710 14:16:37.368151 recv(0, "PASV\r\n", 4096, MSG_PEEK) = 6
18710 14:16:37.368162 read(0, "PASV\r\n", 6) = 6
18710 14:16:37.368174 write(5, "\n", 1 <unfinished ...>
18708 14:16:37.368185 <... read resumed> "\n", 1) = 1
18710 14:16:37.368191 <... write resumed> ) = 1
18708 14:16:37.368199 write(4, "\1", 1 <unfinished ...>
18710 14:16:37.368205 read(5,  <unfinished ...>
18708 14:16:37.368211 <... write resumed> ) = 1
18710 14:16:37.368215 <... read resumed> "\1", 1) = 1
18708 14:16:37.368223 read(4,  <unfinished ...>
18710 14:16:37.368228 write(5, "\f", 1 <unfinished ...>
18708 14:16:37.368235 <... read resumed> "\f", 1) = 1
18710 14:16:37.368240 <... write resumed> ) = 1
18708 14:16:37.368248 socket(PF_INET, SOCK_STREAM, IPPROTO_TCP <unfinished ...>
18710 14:16:37.368253 read(5,  <unfinished ...>
18708 14:16:37.368262 <... socket resumed> ) = 5
18708 14:16:37.368270 setsockopt(5, SOL_SOCKET, SO_REUSEADDR, [1], 4) = 0
18708 14:16:37.368285 bind(5, {sa_family=AF_INET, sin_port=htons(38853), sin_addr=inet_addr("127.0.0.1")}, 16) = 0
18708 14:16:37.368309 listen(5, 1)      = 0
18708 14:16:37.368323 write(4, "\305\227\0\0", 4 <unfinished ...>
18710 14:16:37.368332 <... read resumed> "\305\227\0\0", 4) = 4
18708 14:16:37.368337 <... write resumed> ) = 4
18710 14:16:37.368349 write(0, "227 Entering Passive Mode (127,0,0,1,151,197).\r\n", 48 <unfinished ...>
18708 14:16:37.368357 read(4,  <unfinished ...>
18710 14:16:37.368460 <... write resumed> ) = 48
18710 14:16:37.368472 rt_sigaction(SIGALRM, {0x805cad0, ~[RTMIN RT_1], 0}, NULL, 8) = 0
18710 14:16:37.368487 alarm(300)        = 300
18710 14:16:37.368498 recv(0, "STOR myfile17\r\n", 4096, MSG_PEEK) = 15
18710 14:16:37.368511 read(0, "STOR myfile17\r\n", 15) = 15
18710 14:16:37.368524 write(5, "\v", 1 <unfinished ...>
18708 14:16:37.368532 <... read resumed> "\v", 1) = 1
18710 14:16:37.368537 <... write resumed> ) = 1
18708 14:16:37.368544 write(4, "\1\0\0\0", 4 <unfinished ...>
18710 14:16:37.368550 read(5,  <unfinished ...>
18708 14:16:37.368556 <... write resumed> ) = 4
18710 14:16:37.368560 <... read resumed> "\1\0\0\0", 4) = 4
18708 14:16:37.368568 read(4,  <unfinished ...>
18710 14:16:37.368573 gettimeofday({1495649797, 368577}, NULL) = 0
18710 14:16:37.368584 getcwd("/home/msfadmin", 4096) = 15
18710 14:16:37.368597 open("myfile17", O_WRONLY|O_CREAT|O_NONBLOCK|O_LARGEFILE, 0666) = 4
18710 14:16:37.368611 fstat64(4, {st_mode=S_IFREG|0644, st_size=17, ...}) = 0
18710 14:16:37.368629 fcntl64(4, F_GETFL) = 0x8801 (flags O_WRONLY|O_NONBLOCK|O_LARGEFILE)
18710 14:16:37.368641 fcntl64(4, F_SETFL, O_WRONLY|O_LARGEFILE) = 0
18710 14:16:37.368651 fcntl64(4, F_SETLKW64, {type=F_WRLCK, whence=SEEK_SET, start=0, len=0}, 0xbfe48834) = 0
18710 14:16:37.368665 ftruncate64(4, 0) = 0
18710 14:16:37.368684 _llseek(4, 0, [0], SEEK_SET) = 0
18710 14:16:37.368715 write(5, "\v", 1 <unfinished ...>
18708 14:16:37.368724 <... read resumed> "\v", 1) = 1
18710 14:16:37.368729 <... write resumed> ) = 1
18708 14:16:37.368746 write(4, "\1\0\0\0", 4 <unfinished ...>
18710 14:16:37.368752 read(5,  <unfinished ...>
18708 14:16:37.368758 <... write resumed> ) = 4
18710 14:16:37.368762 <... read resumed> "\1\0\0\0", 4) = 4
18708 14:16:37.368770 read(4,  <unfinished ...>
18710 14:16:37.368774 write(5, "\v", 1 <unfinished ...>
18708 14:16:37.368781 <... read resumed> "\v", 1) = 1
18710 14:16:37.368786 <... write resumed> ) = 1
18708 14:16:37.368792 write(4, "\1\0\0\0", 4 <unfinished ...>
18710 14:16:37.368798 read(5,  <unfinished ...>
18708 14:16:37.368804 <... write resumed> ) = 4
18710 14:16:37.368808 <... read resumed> "\1\0\0\0", 4) = 4
18708 14:16:37.368816 read(4,  <unfinished ...>
18710 14:16:37.368820 write(5, "\r", 1 <unfinished ...>
18708 14:16:37.368827 <... read resumed> "\r", 1) = 1
18710 14:16:37.368832 <... write resumed> ) = 1
18708 14:16:37.368840 select(6, [5], NULL, NULL, {60, 0} <unfinished ...>
18710 14:16:37.368846 read(5,  <unfinished ...>
18708 14:16:37.368853 <... select resumed> ) = 1 (in [5], left {60, 0})
18708 14:16:37.368863 accept(5, {sa_family=AF_INET, sin_port=htons(50401), sin_addr=inet_addr("127.0.0.1")}, [16]) = 6
18708 14:16:37.368885 write(4, "\1", 1 <unfinished ...>
18710 14:16:37.368893 <... read resumed> "\1", 1) = 1
18708 14:16:37.368898 <... write resumed> ) = 1
18710 14:16:37.368906 recvmsg(5,  <unfinished ...>
18708 14:16:37.368912 sendmsg(4, {msg_name(0)=NULL, msg_iov(1)=[{"\0", 1}], msg_controllen=16, {cmsg_len=16, cmsg_level=SOL_SOCKET, cmsg_type=SCM_RIGHTS, {6}}, msg_flags=0}, 0 <unfinished ...>
18710 14:16:37.368926 <... recvmsg resumed> {msg_name(0)=NULL, msg_iov(1)=[{"\0", 1}], msg_controllen=16, {cmsg_len=16, cmsg_level=SOL_SOCKET, cmsg_type=SCM_RIGHTS, {6}}, msg_flags=0}, 0) = 1
18708 14:16:37.368936 <... sendmsg resumed> ) = 1
18710 14:16:37.368944 setsockopt(6, SOL_SOCKET, SO_KEEPALIVE, [1], 4 <unfinished ...>
18708 14:16:37.368949 close(6 <unfinished ...>
18710 14:16:37.368956 <... setsockopt resumed> ) = 0
18708 14:16:37.368960 <... close resumed> ) = 0
18710 14:16:37.368968 setsockopt(6, SOL_IP, IP_TOS, [8], 4 <unfinished ...>
18708 14:16:37.368973 read(4,  <unfinished ...>
18710 14:16:37.368984 <... setsockopt resumed> ) = 0
18710 14:16:37.368991 setsockopt(6, SOL_SOCKET, SO_LINGER, {onoff=1, linger=32767}, 8) = 0
18710 14:16:37.369003 rt_sigaction(SIGALRM, {0x805cad0, ~[RTMIN RT_1], 0}, NULL, 8) = 0
18710 14:16:37.369016 alarm(300)        = 300
18710 14:16:37.369029 write(0, "150 Ok to send data.\r\n", 22) = 22
18710 14:16:37.369095 read(6, "assasaaa\na\na\na\na\n", 65536) = 17
18710 14:16:37.369109 write(4, "assasaaa\na\na\na\na\n", 17) = 17
18710 14:16:37.369125 read(6, "", 65536) = 0
18710 14:16:37.369136 rt_sigaction(SIGALRM, {0x805cad0, ~[RTMIN RT_1], 0}, NULL, 8) = 0
18710 14:16:37.369149 alarm(300)        = 300
18710 14:16:37.369159 close(6)          = 0
18710 14:16:37.369176 alarm(0)          = 300
18710 14:16:37.369185 gettimeofday({1495649797, 369189}, NULL) = 0
18710 14:16:37.369201 gettimeofday({1495649797, 369502}, NULL) = 0
18710 14:16:37.369622 fcntl64(3, F_SETLKW64, {type=F_WRLCK, whence=SEEK_SET, start=0, len=0}, 0xbfe487d4) = 0
18710 14:16:37.369705 write(3, "Wed May 24 14:16:37 2017 [pid 18710] [msfadmin] OK UPLOAD: Client \"127.0.0.1\", \"/home/msfadmin/myfile17\", 17 bytes, 17.95Kbyte/sec\n", 131) = 131
18710 14:16:37.369757 fcntl64(3, F_SETLK64, {type=F_UNLCK, whence=SEEK_SET, start=0, len=0}, 0xbfe487dc) = 0
18710 14:16:37.369789 write(0, "226 Transfer complete.\r\n", 24) = 24
18710 14:16:37.369849 write(5, "\n", 1 <unfinished ...>
18708 14:16:37.369859 <... read resumed> "\n", 1) = 1
18710 14:16:37.369863 <... write resumed> ) = 1
18708 14:16:37.369869 close(5)          = 0
18708 14:16:37.369881 write(4, "\1", 1) = 1
18708 14:16:37.369892 read(4,  <unfinished ...>
18710 14:16:37.369899 read(5, "\1", 1)  = 1
18710 14:16:37.369910 close(4)          = 0
18710 14:16:37.369920 rt_sigaction(SIGALRM, {0x805cad0, ~[RTMIN RT_1], 0}, NULL, 8) = 0
18710 14:16:37.369934 alarm(300)        = 0
18710 14:16:37.369945 recv(0,  <unfinished ...>
18716 14:16:37.618990 <... recv resumed> "USER msfadmin\r\n", 4096, MSG_PEEK) = 15
18716 14:16:37.619029 read(0, "USER msfadmin\r\n", 15) = 15
18716 14:16:37.619055 write(0, "331 Any password will do.\r\n", 27) = 27
18716 14:16:37.619100 rt_sigaction(SIGALRM, {0x805cad0, ~[RTMIN RT_1], 0}, NULL, 8) = 0
18716 14:16:37.619118 alarm(300)        = 299
18716 14:16:37.619131 recv(0, "PASS msfadmin\r\n", 4096, MSG_PEEK) = 15
18716 14:16:37.619143 read(0, "PASS msfadmin\r\n", 15) = 15
18716 14:16:37.619159 write(0, "230 Already logged in.\r\n", 24) = 24
18716 14:16:37.619221 rt_sigaction(SIGALRM, {0x805cad0, ~[RTMIN RT_1], 0}, NULL, 8) = 0
18716 14:16:37.619236 alarm(300)        = 300
18716 14:16:37.619247 recv(0, "TYPE I\r\n", 4096, MSG_PEEK) = 8
18716 14:16:37.619259 read(0, "TYPE I\r\n", 8) = 8
18716 14:16:37.619273 write(0, "200 Switching to Binary mode.\r\n", 31) = 31
18716 14:16:37.619309 rt_sigaction(SIGALRM, {0x805cad0, ~[RTMIN RT_1], 0}, NULL, 8) = 0
18716 14:16:37.619323 alarm(300)        = 300
18716 14:16:37.619333 recv(0, "PASV\r\n", 4096, MSG_PEEK) = 6
18716 14:16:37.619344 read(0, "PASV\r\n", 6) = 6
18716 14:16:37.619356 write(5, "\n", 1) = 1
18716 14:16:37.619369 read(5,  <unfinished ...>
18714 14:16:37.619377 <... read resumed> "\n", 1) = 1
18714 14:16:37.619386 write(4, "\1", 1) = 1
18716 14:16:37.619397 <... read resumed> "\1", 1) = 1
18716 14:16:37.619404 write(5, "\f", 1) = 1
18716 14:16:37.619414 read(5,  <unfinished ...>
18714 14:16:37.619421 read(4, "\f", 1)  = 1
18714 14:16:37.619433 socket(PF_INET, SOCK_STREAM, IPPROTO_TCP) = 5
18714 14:16:37.619449 setsockopt(5, SOL_SOCKET, SO_REUSEADDR, [1], 4) = 0
18714 14:16:37.619464 bind(5, {sa_family=AF_INET, sin_port=htons(57740), sin_addr=inet_addr("127.0.0.1")}, 16) = 0
18714 14:16:37.619481 listen(5, 1)      = 0
18714 14:16:37.619494 write(4, "\214\341\0\0", 4) = 4
18716 14:16:37.619506 <... read resumed> "\214\341\0\0", 4) = 4
18716 14:16:37.619518 write(0, "227 Entering Passive Mode (127,0,0,1,225,140).\r\n", 48) = 48
18716 14:16:37.619631 rt_sigaction(SIGALRM, {0x805cad0, ~[RTMIN RT_1], 0}, NULL, 8) = 0
18716 14:16:37.619648 alarm(300)        = 300
18716 14:16:37.619665 recv(0, "RETR myfile35\r\n", 4096, MSG_PEEK) = 15
18716 14:16:37.619678 read(0, "RETR myfile35\r\n", 15) = 15
18716 14:16:37.619691 write(5, "\v", 1) = 1
18716 14:16:37.619724 read(5,  <unfinished ...>
18714 14:16:37.619736 read(4, "\v", 1)  = 1
18714 14:16:37.619758 write(4, "\1\0\0\0", 4) = 4
18716 14:16:37.619769 <... read resumed> "\1\0\0\0", 4) = 4
18716 14:16:37.619777 gettimeofday({1495649797, 619780}, NULL) = 0
18716 14:16:37.619788 getcwd("/home/msfadmin", 4096) = 15
18716 14:16:37.619801 open("myfile35", O_RDONLY|O_NONBLOCK|O_LARGEFILE) = 4
18716 14:16:37.619814 fcntl64(4, F_SETLKW64, {type=F_RDLCK, whence=SEEK_SET, start=0, len=0}, 0xbffb01c4) = 0
18716 14:16:37.619829 fstat64(4, {st_mode=S_IFREG|0644, st_size=17, ...}) = 0
18716 14:16:37.619847 fcntl64(4, F_GETFL) = 0x8800 (flags O_RDONLY|O_NONBLOCK|O_LARGEFILE)
18716 14:16:37.619858 fcntl64(4, F_SETFL, O_RDONLY|O_LARGEFILE) = 0
18716 14:16:37.619869 write(5, "\v", 1) = 1
18716 14:16:37.619880 read(5,  <unfinished ...>
18714 14:16:37.619887 read(4, "\v", 1)  = 1
18714 14:16:37.619898 write(4, "\1\0\0\0", 4) = 4
18716 14:16:37.619908 <... read resumed> "\1\0\0\0", 4) = 4
18716 14:16:37.619916 write(5, "\v", 1) = 1
18716 14:16:37.619925 read(5,  <unfinished ...>
18714 14:16:37.619932 read(4, "\v", 1)  = 1
18714 14:16:37.619943 write(4, "\1\0\0\0", 4) = 4
18716 14:16:37.619953 <... read resumed> "\1\0\0\0", 4) = 4
18716 14:16:37.619960 write(5, "\r", 1) = 1
18716 14:16:37.619970 read(5,  <unfinished ...>
18714 14:16:37.619977 read(4, "\r", 1)  = 1
18714 14:16:37.619988 select(6, [5], NULL, NULL, {60, 0}) = 1 (in [5], left {60, 0})
18714 14:16:37.620005 accept(5, {sa_family=AF_INET, sin_port=htons(46791), sin_addr=inet_addr("127.0.0.1")}, [16]) = 6
18714 14:16:37.620027 write(4, "\1", 1) = 1
18716 14:16:37.620037 <... read resumed> "\1", 1) = 1
18716 14:16:37.620046 recvmsg(5,  <unfinished ...>
18714 14:16:37.620054 sendmsg(4, {msg_name(0)=NULL, msg_iov(1)=[{"\0", 1}], msg_controllen=16, {cmsg_len=16, cmsg_level=SOL_SOCKET, cmsg_type=SCM_RIGHTS, {6}}, msg_flags=0}, 0) = 1
18716 14:16:37.620071 <... recvmsg resumed> {msg_name(0)=NULL, msg_iov(1)=[{"\0", 1}], msg_controllen=16, {cmsg_len=16, cmsg_level=SOL_SOCKET, cmsg_type=SCM_RIGHTS, {6}}, msg_flags=0}, 0) = 1
18716 14:16:37.620084 setsockopt(6, SOL_SOCKET, SO_KEEPALIVE, [1], 4) = 0
18716 14:16:37.620097 setsockopt(6, SOL_IP, IP_TOS, [8], 4) = 0
18716 14:16:37.620108 setsockopt(6, SOL_SOCKET, SO_LINGER, {onoff=1, linger=32767}, 8) = 0
18716 14:16:37.620119 rt_sigaction(SIGALRM, {0x805cad0, ~[RTMIN RT_1], 0}, NULL, 8) = 0
18716 14:16:37.620133 alarm(300)        = 300
18716 14:16:37.620146 write(0, "150 Opening BINARY mode data connection for myfile35 (17 bytes).\r\n", 66) = 66
18716 14:16:37.620187 _llseek(4, 0, [0], SEEK_CUR) = 0
18716 14:16:37.620200 fstat64(4, {st_mode=S_IFREG|0644, st_size=17, ...}) = 0
18716 14:16:37.620217 _llseek(4, 0, [0], SEEK_SET) = 0
18716 14:16:37.620228 sendfile(6, 4, NULL, 17) = 17
18716 14:16:37.620258 rt_sigaction(SIGALRM, {0x805cad0, ~[RTMIN RT_1], 0}, NULL, 8) = 0
18716 14:16:37.620272 alarm(300)        = 300
18716 14:16:37.620282 close(6)          = 0
18716 14:16:37.620291 alarm(0)          = 300
18716 14:16:37.620301 gettimeofday({1495649797, 620304}, NULL) = 0
18716 14:16:37.620315 gettimeofday({1495649797, 620320}, NULL) = 0
18716 14:16:37.620330 fcntl64(3, F_SETLKW64, {type=F_WRLCK, whence=SEEK_SET, start=0, len=0}, 0xbffb0164) = 0
18716 14:16:37.620344 write(3, "Wed May 24 14:16:37 2017 [pid 18716] [msfadmin] OK DOWNLOAD: Client \"127.0.0.1\", \"/home/msfadmin/myfile35\", 17 bytes, 30.74Kbyte/sec\n", 133) = 133
18716 14:16:37.620365 fcntl64(3, F_SETLK64, {type=F_UNLCK, whence=SEEK_SET, start=0, len=0}, 0xbffb016c) = 0
18716 14:16:37.620379 write(0, "226 Transfer complete.\r\n", 24) = 24
18716 14:16:37.620395 write(5, "\n", 1) = 1
18716 14:16:37.620405 read(5,  <unfinished ...>
18714 14:16:37.620412 close(6)          = 0
18714 14:16:37.620495 read(4, "\n", 1)  = 1
18714 14:16:37.620508 close(5)          = 0
18714 14:16:37.620519 write(4, "\1", 1) = 1
18716 14:16:37.620534 <... read resumed> "\1", 1) = 1
18716 14:16:37.620541 close(4)          = 0
18716 14:16:37.620552 rt_sigaction(SIGALRM, {0x805cad0, ~[RTMIN RT_1], 0}, NULL, 8) = 0
18716 14:16:37.620566 alarm(300)        = 0
18716 14:16:37.620577 recv(0,  <unfinished ...>
18714 14:16:37.620584 read(4,  <unfinished ...>
18710 14:16:37.888071 <... recv resumed> "TYPE I\r\n", 4096, MSG_PEEK) = 8
18710 14:16:37.888101 read(0, "TYPE I\r\n", 8) = 8
18710 14:16:37.888123 write(0, "200 Switching to Binary mode.\r\n", 31) = 31
18710 14:16:37.888170 rt_sigaction(SIGALRM, {0x805cad0, ~[RTMIN RT_1], 0}, NULL, 8) = 0
18710 14:16:37.888188 alarm(300)        = 299
18710 14:16:37.888200 recv(0, "PASV\r\n", 4096, MSG_PEEK) = 6
18710 14:16:37.888212 read(0, "PASV\r\n", 6) = 6
18710 14:16:37.888224 write(5, "\n", 1 <unfinished ...>
18708 14:16:37.888235 <... read resumed> "\n", 1) = 1
18710 14:16:37.888240 <... write resumed> ) = 1
18708 14:16:37.888248 write(4, "\1", 1) = 1
18708 14:16:37.888259 read(4,  <unfinished ...>
18710 14:16:37.888266 read(5, "\1", 1)  = 1
18710 14:16:37.888277 write(5, "\f", 1 <unfinished ...>
18708 14:16:37.888284 <... read resumed> "\f", 1) = 1
18710 14:16:37.888289 <... write resumed> ) = 1
18708 14:16:37.888296 socket(PF_INET, SOCK_STREAM, IPPROTO_TCP) = 5
18708 14:16:37.888312 setsockopt(5, SOL_SOCKET, SO_REUSEADDR, [1], 4) = 0
18708 14:16:37.888327 bind(5, {sa_family=AF_INET, sin_port=htons(50983), sin_addr=inet_addr("127.0.0.1")}, 16) = 0
18708 14:16:37.888344 listen(5, 1)      = 0
18708 14:16:37.888357 write(4, "\'\307\0\0", 4) = 4
18708 14:16:37.888368 read(4,  <unfinished ...>
18710 14:16:37.888375 read(5, "\'\307\0\0", 4) = 4
18710 14:16:37.888391 write(0, "227 Entering Passive Mode (127,0,0,1,199,39).\r\n", 47) = 47
18710 14:16:37.888503 rt_sigaction(SIGALRM, {0x805cad0, ~[RTMIN RT_1], 0}, NULL, 8) = 0
18710 14:16:37.888519 alarm(300)        = 300
18710 14:16:37.888531 recv(0, "STOR myfile18\r\n", 4096, MSG_PEEK) = 15
18710 14:16:37.888543 read(0, "STOR myfile18\r\n", 15) = 15
18710 14:16:37.888556 write(5, "\v", 1 <unfinished ...>
18708 14:16:37.888565 <... read resumed> "\v", 1) = 1
18710 14:16:37.888569 <... write resumed> ) = 1
18708 14:16:37.888576 write(4, "\1\0\0\0", 4) = 4
18708 14:16:37.888586 read(4,  <unfinished ...>
18710 14:16:37.888593 read(5, "\1\0\0\0", 4) = 4
18710 14:16:37.888605 gettimeofday({1495649797, 888609}, NULL) = 0
18710 14:16:37.888616 getcwd("/home/msfadmin", 4096) = 15
18710 14:16:37.888628 open("myfile18", O_WRONLY|O_CREAT|O_NONBLOCK|O_LARGEFILE, 0666) = 4
18710 14:16:37.888643 fstat64(4, {st_mode=S_IFREG|0644, st_size=17, ...}) = 0
18710 14:16:37.888660 fcntl64(4, F_GETFL) = 0x8801 (flags O_WRONLY|O_NONBLOCK|O_LARGEFILE)
18710 14:16:37.888671 fcntl64(4, F_SETFL, O_WRONLY|O_LARGEFILE) = 0
18710 14:16:37.888681 fcntl64(4, F_SETLKW64, {type=F_WRLCK, whence=SEEK_SET, start=0, len=0}, 0xbfe48834) = 0
18710 14:16:37.888695 ftruncate64(4, 0) = 0
18710 14:16:37.888715 _llseek(4, 0, [0], SEEK_SET) = 0
18710 14:16:37.888726 write(5, "\v", 1 <unfinished ...>
18708 14:16:37.888733 <... read resumed> "\v", 1) = 1
18710 14:16:37.888738 <... write resumed> ) = 1
18708 14:16:37.888762 write(4, "\1\0\0\0", 4) = 4
18708 14:16:37.888776 read(4,  <unfinished ...>
18710 14:16:37.888784 read(5, "\1\0\0\0", 4) = 4
18710 14:16:37.888804 write(5, "\v", 1 <unfinished ...>
18708 14:16:37.888811 <... read resumed> "\v", 1) = 1
18710 14:16:37.888816 <... write resumed> ) = 1
18708 14:16:37.888822 write(4, "\1\0\0\0", 4) = 4
18708 14:16:37.888832 read(4,  <unfinished ...>
18710 14:16:37.888839 read(5, "\1\0\0\0", 4) = 4
18710 14:16:37.888850 write(5, "\r", 1 <unfinished ...>
18708 14:16:37.888857 <... read resumed> "\r", 1) = 1
18710 14:16:37.888862 <... write resumed> ) = 1
18708 14:16:37.888869 select(6, [5], NULL, NULL, {60, 0}) = 1 (in [5], left {60, 0})
18708 14:16:37.888885 accept(5, {sa_family=AF_INET, sin_port=htons(44692), sin_addr=inet_addr("127.0.0.1")}, [16]) = 6
18708 14:16:37.888907 write(4, "\1", 1) = 1
18708 14:16:37.888919 sendmsg(4, {msg_name(0)=NULL, msg_iov(1)=[{"\0", 1}], msg_controllen=16, {cmsg_len=16, cmsg_level=SOL_SOCKET, cmsg_type=SCM_RIGHTS, {6}}, msg_flags=0}, 0) = 1
18708 14:16:37.888942 close(6)          = 0
18708 14:16:37.888951 read(4,  <unfinished ...>
18710 14:16:37.888958 read(5, "\1", 1)  = 1
18710 14:16:37.888971 recvmsg(5, {msg_name(0)=NULL, msg_iov(1)=[{"\0", 1}], msg_controllen=16, {cmsg_len=16, cmsg_level=SOL_SOCKET, cmsg_type=SCM_RIGHTS, {6}}, msg_flags=0}, 0) = 1
18710 14:16:37.888989 setsockopt(6, SOL_SOCKET, SO_KEEPALIVE, [1], 4) = 0
18710 14:16:37.889002 setsockopt(6, SOL_IP, IP_TOS, [8], 4) = 0
18710 14:16:37.889014 setsockopt(6, SOL_SOCKET, SO_LINGER, {onoff=1, linger=32767}, 8) = 0
18710 14:16:37.889025 rt_sigaction(SIGALRM, {0x805cad0, ~[RTMIN RT_1], 0}, NULL, 8) = 0
18710 14:16:37.889038 alarm(300)        = 300
18710 14:16:37.889051 write(0, "150 Ok to send data.\r\n", 22) = 22
18710 14:16:37.889117 read(6, "assasaaa\na\na\na\na\n", 65536) = 17
18710 14:16:37.889131 write(4, "assasaaa\na\na\na\na\n", 17) = 17
18710 14:16:37.889147 read(6, "", 65536) = 0
18710 14:16:37.889157 rt_sigaction(SIGALRM, {0x805cad0, ~[RTMIN RT_1], 0}, NULL, 8) = 0
18710 14:16:37.889171 alarm(300)        = 300
18710 14:16:37.889180 close(6)          = 0
18710 14:16:37.889198 alarm(0)          = 300
18710 14:16:37.889207 gettimeofday({1495649797, 889211}, NULL) = 0
18710 14:16:37.889223 gettimeofday({1495649797, 889227}, NULL) = 0
18710 14:16:37.889237 fcntl64(3, F_SETLKW64, {type=F_WRLCK, whence=SEEK_SET, start=0, len=0}, 0xbfe487d4) = 0
18710 14:16:37.889251 write(3, "Wed May 24 14:16:37 2017 [pid 18710] [msfadmin] OK UPLOAD: Client \"127.0.0.1\", \"/home/msfadmin/myfile18\", 17 bytes, 26.86Kbyte/sec\n", 131) = 131
18710 14:16:37.889741 fcntl64(3, F_SETLK64, {type=F_UNLCK, whence=SEEK_SET, start=0, len=0}, 0xbfe487dc) = 0
18710 14:16:37.889758 write(0, "226 Transfer complete.\r\n", 24) = 24
18710 14:16:37.889803 write(5, "\n", 1 <unfinished ...>
18708 14:16:37.889812 <... read resumed> "\n", 1) = 1
18710 14:16:37.889818 <... write resumed> ) = 1
18708 14:16:37.889824 close(5)          = 0
18708 14:16:37.889836 write(4, "\1", 1) = 1
18708 14:16:37.889847 read(4,  <unfinished ...>
18710 14:16:37.889854 read(5, "\1", 1)  = 1
18710 14:16:37.889864 close(4)          = 0
18710 14:16:37.889875 rt_sigaction(SIGALRM, {0x805cad0, ~[RTMIN RT_1], 0}, NULL, 8) = 0
18710 14:16:37.889889 alarm(300)        = 0
18710 14:16:37.889900 recv(0,  <unfinished ...>
18716 14:16:38.198047 <... recv resumed> "USER msfadmin\r\n", 4096, MSG_PEEK) = 15
18716 14:16:38.198088 read(0, "USER msfadmin\r\n", 15) = 15
18716 14:16:38.198113 write(0, "331 Any password will do.\r\n", 27) = 27
18716 14:16:38.198158 rt_sigaction(SIGALRM, {0x805cad0, ~[RTMIN RT_1], 0}, NULL, 8) = 0
18716 14:16:38.198176 alarm(300)        = 299
18716 14:16:38.198189 recv(0, "PASS msfadmin\r\n", 4096, MSG_PEEK) = 15
18716 14:16:38.198201 read(0, "PASS msfadmin\r\n", 15) = 15
18716 14:16:38.198216 write(0, "230 Already logged in.\r\n", 24) = 24
18716 14:16:38.198278 rt_sigaction(SIGALRM, {0x805cad0, ~[RTMIN RT_1], 0}, NULL, 8) = 0
18716 14:16:38.198293 alarm(300)        = 300
18716 14:16:38.198321 recv(0, "TYPE I\r\n", 4096, MSG_PEEK) = 8
18716 14:16:38.198334 read(0, "TYPE I\r\n", 8) = 8
18716 14:16:38.198349 write(0, "200 Switching to Binary mode.\r\n", 31) = 31
18716 14:16:38.198387 rt_sigaction(SIGALRM, {0x805cad0, ~[RTMIN RT_1], 0}, NULL, 8) = 0
18716 14:16:38.198402 alarm(300)        = 300
18716 14:16:38.198413 recv(0, "PASV\r\n", 4096, MSG_PEEK) = 6
18716 14:16:38.198424 read(0, "PASV\r\n", 6) = 6
18716 14:16:38.198436 write(5, "\n", 1) = 1
18716 14:16:38.198448 read(5,  <unfinished ...>
18714 14:16:38.198457 <... read resumed> "\n", 1) = 1
18714 14:16:38.198466 write(4, "\1", 1) = 1
18716 14:16:38.198477 <... read resumed> "\1", 1) = 1
18716 14:16:38.198484 write(5, "\f", 1) = 1
18716 14:16:38.198494 read(5,  <unfinished ...>
18714 14:16:38.198501 read(4, "\f", 1)  = 1
18714 14:16:38.198513 socket(PF_INET, SOCK_STREAM, IPPROTO_TCP) = 5
18714 14:16:38.198529 setsockopt(5, SOL_SOCKET, SO_REUSEADDR, [1], 4) = 0
18714 14:16:38.198544 bind(5, {sa_family=AF_INET, sin_port=htons(39944), sin_addr=inet_addr("127.0.0.1")}, 16) = 0
18714 14:16:38.198568 listen(5, 1)      = 0
18714 14:16:38.198582 write(4, "\10\234\0\0", 4) = 4
18716 14:16:38.198593 <... read resumed> "\10\234\0\0", 4) = 4
18716 14:16:38.198606 write(0, "227 Entering Passive Mode (127,0,0,1,156,8).\r\n", 46) = 46
18716 14:16:38.198717 rt_sigaction(SIGALRM, {0x805cad0, ~[RTMIN RT_1], 0}, NULL, 8) = 0
18716 14:16:38.198734 alarm(300)        = 300
18716 14:16:38.198745 recv(0, "RETR myfile36\r\n", 4096, MSG_PEEK) = 15
18716 14:16:38.198757 read(0, "RETR myfile36\r\n", 15) = 15
18716 14:16:38.198770 write(5, "\v", 1) = 1
18716 14:16:38.198781 read(5,  <unfinished ...>
18714 14:16:38.198788 read(4, "\v", 1)  = 1
18714 14:16:38.198829 write(4, "\1\0\0\0", 4) = 4
