21076 14:41:09.608841 open("/etc/pam.d/common-auth", O_RDONLY|O_LARGEFILE) = 6
21076 14:41:09.608855 fstat64(6, {st_mode=S_IFREG|0644, st_size=476, ...}) = 0
21076 14:41:09.608871 mmap2(NULL, 4096, PROT_READ|PROT_WRITE, MAP_PRIVATE|MAP_ANONYMOUS, -1, 0) = 0xb7f5b000
21076 14:41:09.608892 read(6, "#\n# /etc/pam.d/common-auth - authentication settings common to all services\n#\n# This file is included from other service-specific PAM config files,\n# and should contain a list of the authentication modules that define\n# the central authentication scheme for use on the system\n# (e.g., /etc/shadow, LDAP, Kerberos, etc.).  The default is to use the\n# traditional Unix authentication mechanisms.\n#\nauth\trequisite\tpam_unix.so nullok_secure\n# auth\toptional\tpam_smbpass.so migrate\n", 4096) = 476
21076 14:41:09.608940 open("/lib/security/pam_unix.so", O_RDONLY) = 7
21076 14:41:09.608953 read(7, "\177ELF\1\1\1\0\0\0\0\0\0\0\0\0\3\0\3\0\1\0\0\0\20\37\0\0004\0\0\0\374\264\0\0\0\0\0\0004\0 \0\4\0(\0\32\0\31\0\1\0\0\0\0\0\0\0\0\0\0\0\0\0\0\0x\257\0\0x\257\0\0\5\0\0\0\0\20\0\0\1\0\0\0\0\260\0\0\0\260\0\0\0\260\0\0$\4\0\0\304\304\0\0\6\0\0\0\0\20\0\0\2\0\0\0d\261\0\0d\261\0\0d\261\0\0\360\0\0\0\360\0\0\0\6\0\0\0\4\0\0\0Q\345td\0\0\0\0\0\0\0\0\0\0\0\0\0\0\0\0\0\0\0\0\6\0\0\0\4\0\0\0\333\0\0\0p\0\0\0\0\0\0\0\0\0\0\0\0\0\0\0\0\0\0\0Z\0\0\0\0\0\0\0[\0\0\0\0\0\0\0\0\0\0\0\0\0\0\0>\0\0\0Y\0\0\0\0\0\0\0\0\0\0\0\n\0\0\0\0\0\0\0\0\0\0\0\0\0\0\0\0\0\0\0\0\0\0\0\0\0\0\0\0\0\0\0\f\0\0\0]\0\0\0\30\0\0\0\0\0\0\0\5\0\0\0\36\0\0\0,\0\0\0k\0\0\0\33\0\0\0_\0\0\0\0\0\0\0\0\0\0\0U\0\0\0\0\0\0\0d\0\0\0\0\0\0\0\27\0\0\0f\0\0\0^\0\0\0\0\0\0\0\0\0\0\0B\0\0\0\0\0\0\0\0\0\0\0\0\0\0\0a\0\0\0\10\0\0\0\0\0\0\0\0\0\0\0\0\0\0\0\0\0\0\0\17\0\0\0\0\0\0\0\0\0\0\0\0\0\0\0`\0\0\0\t\0\0\0\35\0\0\0$\0\0\0\0\0\0\0004\0\0\0002\0\0\0\21\0\0\0W\0\0\0\r\0\0\0\0\0\0\0001\0\0\0n\0\0\0\0\0\0\0006\0\0\0\0\0\0\0\0\0\0\0\0\0\0\0\32\0\0\0\37\0\0\0\0\0\0\0\0\0\0\0.\0\0\0!\0\0\0", 512) = 512
21076 14:41:09.609041 fstat64(7, {st_mode=S_IFREG|0644, st_size=47372, ...}) = 0
21076 14:41:09.609058 mmap2(NULL, 95428, PROT_READ|PROT_EXEC, MAP_PRIVATE|MAP_DENYWRITE, 7, 0) = 0xb7d91000
21076 14:41:09.609070 mmap2(0xb7d9c000, 4096, PROT_READ|PROT_WRITE, MAP_PRIVATE|MAP_FIXED|MAP_DENYWRITE, 7, 0xb) = 0xb7d9c000
21076 14:41:09.609085 mmap2(0xb7d9d000, 46276, PROT_READ|PROT_WRITE, MAP_PRIVATE|MAP_FIXED|MAP_ANONYMOUS, -1, 0) = 0xb7d9d000
21076 14:41:09.609096 close(7)          = 0
21076 14:41:09.609109 open("/etc/ld.so.cache", O_RDONLY) = 7
21076 14:41:09.609121 fstat64(7, {st_mode=S_IFREG|0644, st_size=29913, ...}) = 0
21076 14:41:09.609137 mmap2(NULL, 29913, PROT_READ, MAP_PRIVATE, 7, 0) = 0xb7d89000
21076 14:41:09.609148 close(7)          = 0
21076 14:41:09.609158 access("/etc/ld.so.nohwcap", F_OK) = -1 ENOENT (No such file or directory)
21076 14:41:09.609175 open("/lib/tls/i686/cmov/libcrypt.so.1", O_RDONLY) = 7
21076 14:41:09.609189 read(7, "\177ELF\1\1\1\0\0\0\0\0\0\0\0\0\3\0\3\0\1\0\0\0000\7\0\0004\0\0\0<\221\0\0\0\0\0\0004\0 \0\10\0(\0\34\0\33\0\6\0\0\0004\0\0\0004\0\0\0004\0\0\0\0\1\0\0\0\1\0\0\5\0\0\0\4\0\0\0\3\0\0\0\340\210\0\0\340\210\0\0\340\210\0\0\23\0\0\0\23\0\0\0\4\0\0\0\1\0\0\0\1\0\0\0\0\0\0\0\0\0\0\0\0\0\0\0\f\212\0\0\f\212\0\0\5\0\0\0\0\20\0\0\1\0\0\0\350\216\0\0\350\236\0\0\350\236\0\0`\1\0\0tr\2\0\6\0\0\0\0\20\0\0\2\0\0\0\374\216\0\0\374\236\0\0\374\236\0\0\340\0\0\0\340\0\0\0\6\0\0\0\4\0\0\0\4\0\0\0004\1\0\0004\1\0\0004\1\0\0 \0\0\0 \0\0\0\4\0\0\0\4\0\0\0Q\345td\0\0\0\0\0\0\0\0\0\0\0\0\0\0\0\0\0\0\0\0\6\0\0\0\4\0\0\0R\345td\350\216\0\0\350\236\0\0\350\236\0\0\f\1\0\0\f\1\0\0\4\0\0\0\1\0\0\0\4\0\0\0\20\0\0\0\1\0\0\0GNU\0\0\0\0\0\2\0\0\0\6\0\0\0\10\0\0\0\17\0\0\0\22\0\0\0\2\0\0\0\6\0\0\0\4\311\240, \4\0\0\0\0\0\0\0\0\0\0\0\0\0\0\22\0\0\0\23\0\0\0\24\0\0\0\0\0\0\0\25\0\0\0\26\0\0\0\0\0\0\0\27\0\0\0\0\0\0\0\30\0\0\0\31\0\0\0\0\0\0\0k\31Qj\233(\375B\233`\205\33\327\16?\17I->\333\235C\r\375\313\373_\22\325=l\366\0\0\0\0\0\0\0\0\0\0\0\0\0\0\0\0o\0\0\0\0\0\0\0\35\0\0\0\22\0\0\0\1\0\0\0\0\0\0\0\0\0\0\0 \0\0\0\37\0\0\0\0\0\0\0", 512) = 512
21076 14:41:09.609277 fstat64(7, {st_mode=S_IFREG|0644, st_size=38300, ...}) = 0
21076 14:41:09.609295 mmap2(NULL, 201052, PROT_READ|PROT_EXEC, MAP_PRIVATE|MAP_DENYWRITE, 7, 0) = 0xb7d57000
21076 14:41:09.609307 mmap2(0xb7d60000, 8192, PROT_READ|PROT_WRITE, MAP_PRIVATE|MAP_FIXED|MAP_DENYWRITE, 7, 0x8) = 0xb7d60000
21076 14:41:09.609322 mmap2(0xb7d62000, 155996, PROT_READ|PROT_WRITE, MAP_PRIVATE|MAP_FIXED|MAP_ANONYMOUS, -1, 0) = 0xb7d62000
21076 14:41:09.609357 close(7)          = 0
21076 14:41:09.609387 access("/etc/ld.so.nohwcap", F_OK) = -1 ENOENT (No such file or directory)
21076 14:41:09.609406 open("/lib/libselinux.so.1", O_RDONLY) = 7
21076 14:41:09.609419 read(7, "\177ELF\1\1\1\0\0\0\0\0\0\0\0\0\3\0\3\0\1\0\0\0\300@\0\0004\0\0\0\224r\1\0\0\0\0\0004\0 \0\6\0(\0\33\0\32\0\1\0\0\0\0\0\0\0\0\0\0\0\0\0\0\0\230f\1\0\230f\1\0\5\0\0\0\0\20\0\0\1\0\0\0\240n\1\0\240~\1\0\240~\1\0\20\3\0\0\234\f\0\0\6\0\0\0\0\20\0\0\2\0\0\0\320n\1\0\320~\1\0\320~\1\0\340\0\0\0\340\0\0\0\6\0\0\0\4\0\0\0\7\0\0\0\240n\1\0\240~\1\0\240~\1\0\0\0\0\0\\\0\0\0\4\0\0\0 \0\0\0Q\345td\0\0\0\0\0\0\0\0\0\0\0\0\0\0\0\0\0\0\0\0\6\0\0\0\4\0\0\0R\345td\240n\1\0\240~\1\0\240~\1\0T\1\0\0T\1\0\0\4\0\0\0\1\0\0\0\7\1\0\0#\1\0\0\0\0\0\0\24\0\0\0\v\1\0\0\306\0\0\0\0\0\0\0\36\1\0\0\330\0\0\0 \1\0\0001\0\0\0\345\0\0\0\34\0\0\0\206\0\0\0\212\0\0\0\234\0\0\0\0\0\0\0*\0\0\0\0\0\0\0\0\0\0\0\370\0\0\0004\0\0\0\0\0\0\0\0\0\0\0\0\0\0\0\0\0\0\0\0\0\0\0\224\0\0\0\0\0\0\0\0\0\0\0\0\0\0\0\244\0\0\0\347\0\0\0\373\0\0\0\0\0\0\0\304\0\0\0\257\0\0\0\0\0\0\0!\1\0\0\0\0\0\0\307\0\0\0\235\0\0\0\25\1\0\0`\0\0\0\0\0\0\0\256\0\0\0\374\0\0\0O\0\0\0i\0\0\0^\0\0\0\337\0\0\0-\0\0\0m\0\0\0\0\0\0\0\0\0\0\0\0\0\0\0\0\0\0\0\260\0\0\0\314\0\0\0\6\0\0\0\276\0\0\0{\0\0\0\226\0\0\0\0\0\0\0E\0\0\0\33\0\0\0\371\0\0\0", 512) = 512
21076 14:41:09.609507 fstat64(7, {st_mode=S_IFREG|0644, st_size=95948, ...}) = 0
21076 14:41:09.609524 mmap2(NULL, 101180, PROT_READ|PROT_EXEC, MAP_PRIVATE|MAP_DENYWRITE, 7, 0) = 0xb7d3e000
21076 14:41:09.609541 mmap2(0xb7d55000, 8192, PROT_READ|PROT_WRITE, MAP_PRIVATE|MAP_FIXED|MAP_DENYWRITE, 7, 0x16) = 0xb7d55000
21076 14:41:09.609558 close(7)          = 0
21076 14:41:09.609679 open("/etc/selinux/config", O_RDONLY|O_LARGEFILE) = -1 ENOENT (No such file or directory)
21076 14:41:09.609705 statfs64("/selinux", 84, 0xbf8152ac) = -1 ENOENT (No such file or directory)
21076 14:41:09.609718 open("/proc/mounts", O_RDONLY|O_LARGEFILE) = 7
21076 14:41:09.609744 fstat64(7, {st_mode=S_IFREG|0444, st_size=0, ...}) = 0
21076 14:41:09.609761 mmap2(NULL, 4096, PROT_READ|PROT_WRITE, MAP_PRIVATE|MAP_ANONYMOUS, -1, 0) = 0xb7f5a000
21076 14:41:09.609772 read(7, "rootfs / rootfs rw 0 0\nnone /sys sysfs rw,nosuid,nodev,noexec 0 0\nnone /proc proc rw,nosuid,nodev,noexec 0 0\nudev /dev tmpfs rw,relatime 0 0\nfusectl /sys/fs/fuse/connections fusectl rw,relatime 0 0\n/dev/mapper/metasploitable-root / ext3 rw,relatime,errors=remount-ro,data=ordered 0 0\n/dev/mapper/metasploitable-root /dev/.static/dev ext3 rw,relatime,errors=remount-ro,data=ordered 0 0\ntmpfs /var/run tmpfs rw,nosuid,nodev,noexec 0 0\ntmpfs /var/lock tmpfs rw,nosuid,nodev,noexec 0 0\ntmpfs /dev/shm tmpfs rw,relatime 0 0\ndevpts /dev/pts devpts rw,relatime 0 0\ntmpfs /var/run tmpfs rw,nosuid,nodev,noexec 0 0\ntmpfs /var/lock tmpfs rw,nosuid,nodev,noexec 0 0\n/dev/sda1 /boot ext3 rw,relatime,data=ordered 0 0\nsecurityfs /sys/kernel/security securityfs rw,relatime 0 0\nrpc_pipefs /var/lib/nfs/rpc_pipefs rpc_pipefs rw,relatime 0 0\nnfsd /proc/fs/nfsd nfsd rw,relatime 0 0\n", 1024) = 866
21076 14:41:09.609856 read(7, "", 1024) = 0
21076 14:41:09.609866 close(7)          = 0
21076 14:41:09.609877 munmap(0xb7f5a000, 4096) = 0
21076 14:41:09.609893 munmap(0xb7d89000, 29913) = 0
21076 14:41:09.609907 read(6, "", 4096) = 0
21076 14:41:09.609918 close(6)          = 0
21076 14:41:09.609927 munmap(0xb7f5b000, 4096) = 0
21076 14:41:09.609938 stat64("/etc/pam.d", {st_mode=S_IFDIR|0755, st_size=4096, ...}) = 0
21076 14:41:09.609958 open("/etc/pam.d/common-account", O_RDONLY|O_LARGEFILE) = 6
21076 14:41:09.609971 fstat64(6, {st_mode=S_IFREG|0644, st_size=392, ...}) = 0
21076 14:41:09.609987 mmap2(NULL, 4096, PROT_READ|PROT_WRITE, MAP_PRIVATE|MAP_ANONYMOUS, -1, 0) = 0xb7f5b000
21076 14:41:09.609998 read(6, "#\n# /etc/pam.d/common-account - authorization settings common to all services\n#\n# This file is included from other service-specific PAM config files,\n# and should contain a list of the authorization modules that define\n# the central access policy for use on the system.  The default is to\n# only deny service to users whose accounts are expired in /etc/shadow.\n#\naccount\trequired\tpam_unix.so\n", 4096) = 392
21076 14:41:09.610038 read(6, "", 4096) = 0
21076 14:41:09.610048 close(6)          = 0
21076 14:41:09.610058 munmap(0xb7f5b000, 4096) = 0
21076 14:41:09.610069 stat64("/etc/pam.d", {st_mode=S_IFDIR|0755, st_size=4096, ...}) = 0
21076 14:41:09.610087 open("/etc/pam.d/common-session", O_RDONLY|O_LARGEFILE) = 6
21076 14:41:09.610100 fstat64(6, {st_mode=S_IFREG|0644, st_size=372, ...}) = 0
21076 14:41:09.610116 mmap2(NULL, 4096, PROT_READ|PROT_WRITE, MAP_PRIVATE|MAP_ANONYMOUS, -1, 0) = 0xb7f5b000
21076 14:41:09.610127 read(6, "#\n# /etc/pam.d/common-session - session-related modules common to all services\n#\n# This file is included from other service-specific PAM config files,\n# and should contain a list of modules that define tasks to be performed\n# at the start and end of sessions of *any* kind (both interactive and\n# non-interactive).  The default is pam_unix.\n#\nsession\trequired\tpam_unix.so\n", 4096) = 372
21076 14:41:09.610165 read(6, "", 4096) = 0
21076 14:41:09.610175 close(6)          = 0
21076 14:41:09.610184 munmap(0xb7f5b000, 4096) = 0
21076 14:41:09.610194 read(5, "", 4096) = 0
21076 14:41:09.610204 close(5)          = 0
21076 14:41:09.610213 munmap(0xb7f61000, 4096) = 0
21076 14:41:09.610223 open("/etc/pam.d/other", O_RDONLY|O_LARGEFILE) = 5
21076 14:41:09.610236 fstat64(5, {st_mode=S_IFREG|0644, st_size=520, ...}) = 0
21076 14:41:09.610267 mmap2(NULL, 4096, PROT_READ|PROT_WRITE, MAP_PRIVATE|MAP_ANONYMOUS, -1, 0) = 0xb7f61000
21076 14:41:09.610278 read(5, "#\n# /etc/pam.d/other - specify the PAM fallback behaviour\n#\n# Note that this file is used for any unspecified service; for example\n#if /etc/pam.d/cron  specifies no session modules but cron calls\n#pam_open_session, the session module out of /etc/pam.d/other is\n#used.  If you really want nothing to happen then use pam_permit.so or\n#pam_deny.so as appropriate.\n\n# We fall back to the system default in /etc/pam.d/common-*\n# \n\n@include common-auth\n@include common-account\n@include common-password\n@include common-session\n", 4096) = 520
21076 14:41:09.610355 stat64("/etc/pam.d", {st_mode=S_IFDIR|0755, st_size=4096, ...}) = 0
21076 14:41:09.610385 open("/etc/pam.d/common-auth", O_RDONLY|O_LARGEFILE) = 6
21076 14:41:09.610398 fstat64(6, {st_mode=S_IFREG|0644, st_size=476, ...}) = 0
21076 14:41:09.610414 mmap2(NULL, 4096, PROT_READ|PROT_WRITE, MAP_PRIVATE|MAP_ANONYMOUS, -1, 0) = 0xb7f5b000
21076 14:41:09.610425 read(6, "#\n# /etc/pam.d/common-auth - authentication settings common to all services\n#\n# This file is included from other service-specific PAM config files,\n# and should contain a list of the authentication modules that define\n# the central authentication scheme for use on the system\n# (e.g., /etc/shadow, LDAP, Kerberos, etc.).  The default is to use the\n# traditional Unix authentication mechanisms.\n#\nauth\trequisite\tpam_unix.so nullok_secure\n# auth\toptional\tpam_smbpass.so migrate\n", 4096) = 476
21076 14:41:09.610472 read(6, "", 4096) = 0
21076 14:41:09.610482 close(6)          = 0
21076 14:41:09.610491 munmap(0xb7f5b000, 4096) = 0
21076 14:41:09.610503 stat64("/etc/pam.d", {st_mode=S_IFDIR|0755, st_size=4096, ...}) = 0
21076 14:41:09.610521 open("/etc/pam.d/common-account", O_RDONLY|O_LARGEFILE) = 6
21076 14:41:09.610534 fstat64(6, {st_mode=S_IFREG|0644, st_size=392, ...}) = 0
21076 14:41:09.610550 mmap2(NULL, 4096, PROT_READ|PROT_WRITE, MAP_PRIVATE|MAP_ANONYMOUS, -1, 0) = 0xb7f5b000
21076 14:41:09.610560 read(6, "#\n# /etc/pam.d/common-account - authorization settings common to all services\n#\n# This file is included from other service-specific PAM config files,\n# and should contain a list of the authorization modules that define\n# the central access policy for use on the system.  The default is to\n# only deny service to users whose accounts are expired in /etc/shadow.\n#\naccount\trequired\tpam_unix.so\n", 4096) = 392
21076 14:41:09.610599 read(6, "", 4096) = 0
21076 14:41:09.610609 close(6)          = 0
21076 14:41:09.610618 munmap(0xb7f5b000, 4096) = 0
21076 14:41:09.610629 stat64("/etc/pam.d", {st_mode=S_IFDIR|0755, st_size=4096, ...}) = 0
21076 14:41:09.610647 open("/etc/pam.d/common-password", O_RDONLY|O_LARGEFILE) = 6
21076 14:41:09.610660 fstat64(6, {st_mode=S_IFREG|0644, st_size=1563, ...}) = 0
21076 14:41:09.610675 mmap2(NULL, 4096, PROT_READ|PROT_WRITE, MAP_PRIVATE|MAP_ANONYMOUS, -1, 0) = 0xb7f5b000
21076 14:41:09.610686 read(6, "#\n# /etc/pam.d/common-password - password-related modules common to all services\n#\n# This file is included from other service-specific PAM config files,\n# and should contain a list of modules that define the services to be\n# used to change user passwords.  The default is pam_unix.\n\n# Explanation of pam_unix options:\n#\n# The \"nullok\" option allows users to change an empty password, else\n# empty passwords are treated as locked accounts.\n#\n# The \"md5\" option enables MD5 passwords.  Without this option, the\n# default is Unix crypt.\n#\n# The \"obscure\" option replaces the old `OBSCURE_CHECKS_ENAB\' option in\n# login.defs.\n#\n# You can also use the \"min\" option to enforce the length of the new\n# password.\n#\n# See the pam_unix manpage for other options.\n\npassword   requisite   pam_unix.so nullok obscure md5\n\n# Alternate strength checking for password. Note that this\n# requires the libpam-cracklib package to be installed.\n# You will need to comment out the password line above and\n# uncomment the next two in order to use this.\n# (Replaces the `OBSCURE_CHECKS_ENAB\', `CRACKLIB_DICTPATH\')\n#\n# password required\t  pam_cracklib.so retry=3 minlen=6 difok=3\n# password required\t  pam_unix.so use_authtok nullok md5\n\n# minimally-intrusive inclusion of smbpass in the stack for\n# synchronization.  If the module is absent or the passwords don\'t\n# match, this module will be ignored without prompting; and if the \n# passwords do match, the NTLM hash for the user will be updated\n# automatically.\n# password   optional   pam_smbpass.so nullok use_authtok use_first_pass\n", 4096) = 1563
21076 14:41:09.610804 read(6, "", 4096) = 0
21076 14:41:09.610814 close(6)          = 0
21076 14:41:09.610814 munmap(0xb7f5b000, 4096) = 0
21076 14:41:09.610814 stat64("/etc/pam.d", {st_mode=S_IFDIR|0755, st_size=4096, ...}) = 0
21076 14:41:09.610815 open("/etc/pam.d/common-session", O_RDONLY|O_LARGEFILE) = 6
21076 14:41:09.610815 fstat64(6, {st_mode=S_IFREG|0644, st_size=372, ...}) = 0
21076 14:41:09.610815 mmap2(NULL, 4096, PROT_READ|PROT_WRITE, MAP_PRIVATE|MAP_ANONYMOUS, -1, 0) = 0xb7f5b000
21076 14:41:09.610815 read(6, "#\n# /etc/pam.d/common-session - session-related modules common to all services\n#\n# This file is included from other service-specific PAM config files,\n# and should contain a list of modules that define tasks to be performed\n# at the start and end of sessions of *any* kind (both interactive and\n# non-interactive).  The default is pam_unix.\n#\nsession\trequired\tpam_unix.so\n", 4096) = 372
21076 14:41:09.610815 read(6, "", 4096) = 0
21076 14:41:09.610816 close(6)          = 0
21076 14:41:09.610816 munmap(0xb7f5b000, 4096) = 0
21076 14:41:09.610816 read(5, "", 4096) = 0
21076 14:41:09.610816 close(5)          = 0
21076 14:41:09.610817 munmap(0xb7f61000, 4096) = 0
21076 14:41:09.610817 time(NULL)        = 1495651269
21076 14:41:09.610817 lstat64("/etc/ftpusers", {st_mode=S_IFREG|0644, st_size=132, ...}) = 0
21076 14:41:09.610817 open("/etc/ftpusers", O_RDONLY|O_LARGEFILE) = 5
21076 14:41:09.610817 fstat64(5, {st_mode=S_IFREG|0644, st_size=132, ...}) = 0
21076 14:41:09.610818 mmap2(NULL, 4096, PROT_READ|PROT_WRITE, MAP_PRIVATE|MAP_ANONYMOUS, -1, 0) = 0xb7f61000
21076 14:41:09.610818 read(5, "# /etc/ftpusers: list of users disallowed FTP access. See ftpusers(5).\n\nroot\ndaemon\nbin\nsys\nsync\ngames\nman\nlp\nmail\nnews\nuucp\nnobody\n", 4096) = 132
21076 14:41:09.610846 read(5, "", 4096) = 0
21076 14:41:09.610856 close(5)          = 0
21076 14:41:09.610865 munmap(0xb7f61000, 4096) = 0
21076 14:41:09.610881 getuid32()        = 0
21076 14:41:09.610898 open("/etc/passwd", O_RDONLY|0x80000 /* O_??? */) = 5
21076 14:41:09.610913 _llseek(5, 0, [0], SEEK_CUR) = 0
21076 14:41:09.610924 fstat64(5, {st_mode=S_IFREG|0644, st_size=1624, ...}) = 0
21076 14:41:09.610940 mmap2(NULL, 1624, PROT_READ, MAP_SHARED, 5, 0) = 0xb7f61000
21076 14:41:09.610951 _llseek(5, 1624, [1624], SEEK_SET) = 0
21076 14:41:09.610970 munmap(0xb7f61000, 1624) = 0
21076 14:41:09.610981 close(5)          = 0
21076 14:41:09.611004 open("/etc/shadow", O_RDONLY|0x80000 /* O_??? */) = 5
21076 14:41:09.611021 _llseek(5, 0, [0], SEEK_CUR) = 0
21076 14:41:09.611032 fstat64(5, {st_mode=S_IFREG|0640, st_size=1233, ...}) = 0
21076 14:41:09.611048 mmap2(NULL, 1233, PROT_READ, MAP_SHARED, 5, 0) = 0xb7f61000
21076 14:41:09.611059 _llseek(5, 1233, [1233], SEEK_SET) = 0
21076 14:41:09.611078 munmap(0xb7f61000, 1233) = 0
21076 14:41:09.611088 close(5)          = 0
21076 14:41:09.611106 open("/etc/passwd", O_RDONLY|0x80000 /* O_??? */) = 5
21076 14:41:09.611119 _llseek(5, 0, [0], SEEK_CUR) = 0
21076 14:41:09.611129 fstat64(5, {st_mode=S_IFREG|0644, st_size=1624, ...}) = 0
21076 14:41:09.611145 mmap2(NULL, 1624, PROT_READ, MAP_SHARED, 5, 0) = 0xb7f61000
21076 14:41:09.611156 _llseek(5, 1624, [1624], SEEK_SET) = 0
21076 14:41:09.611172 munmap(0xb7f61000, 1624) = 0
21076 14:41:09.611181 close(5)          = 0
21076 14:41:09.611194 open("/etc/shadow", O_RDONLY|0x80000 /* O_??? */) = 5
21076 14:41:09.611207 _llseek(5, 0, [0], SEEK_CUR) = 0
21076 14:41:09.611221 fstat64(5, {st_mode=S_IFREG|0640, st_size=1233, ...}) = 0
21076 14:41:09.611237 mmap2(NULL, 1233, PROT_READ, MAP_SHARED, 5, 0) = 0xb7f61000
21076 14:41:09.611258 _llseek(5, 1233, [1233], SEEK_SET) = 0
21076 14:41:09.611275 munmap(0xb7f61000, 1233) = 0
21076 14:41:09.611285 close(5)          = 0
21076 14:41:09.611527 getuid32()        = 0
21076 14:41:09.611538 open("/etc/passwd", O_RDONLY|0x80000 /* O_??? */) = 5
21076 14:41:09.611550 _llseek(5, 0, [0], SEEK_CUR) = 0
21076 14:41:09.611560 fstat64(5, {st_mode=S_IFREG|0644, st_size=1624, ...}) = 0
21076 14:41:09.611576 mmap2(NULL, 1624, PROT_READ, MAP_SHARED, 5, 0) = 0xb7f61000
21076 14:41:09.611587 _llseek(5, 1624, [1624], SEEK_SET) = 0
21076 14:41:09.611602 munmap(0xb7f61000, 1624) = 0
21076 14:41:09.611612 close(5)          = 0
21076 14:41:09.611624 open("/etc/shadow", O_RDONLY|0x80000 /* O_??? */) = 5
21076 14:41:09.611637 _llseek(5, 0, [0], SEEK_CUR) = 0
21076 14:41:09.611647 fstat64(5, {st_mode=S_IFREG|0640, st_size=1233, ...}) = 0
21076 14:41:09.611663 mmap2(NULL, 1233, PROT_READ, MAP_SHARED, 5, 0) = 0xb7f61000
21076 14:41:09.611673 _llseek(5, 1233, [1233], SEEK_SET) = 0
21076 14:41:09.611689 munmap(0xb7f61000, 1233) = 0
21076 14:41:09.611699 close(5)          = 0
21076 14:41:09.611710 time(NULL)        = 1495651269
21076 14:41:09.611725 munmap(0xb7f5e000, 12164) = 0
21076 14:41:09.611738 munmap(0xb7f5c000, 7136) = 0
21076 14:41:09.611763 munmap(0xb7d91000, 95428) = 0
21076 14:41:09.611778 munmap(0xb7d57000, 201052) = 0
21076 14:41:09.611789 munmap(0xb7d3e000, 101180) = 0
21076 14:41:09.611815 gettimeofday({1495651269, 611819}, NULL) = 0
21076 14:41:09.611827 stat64("/usr/share/zoneinfo/UTC+04:00", 0xbf817184) = -1 ENOENT (No such file or directory)
21076 14:41:09.611842 open("/usr/share/zoneinfo/UTC+04:00", O_RDONLY) = -1 ENOENT (No such file or directory)
21076 14:41:09.611867 fcntl64(3, F_SETLKW64, {type=F_WRLCK, whence=SEEK_SET, start=0, len=0}, 0xbf8172d4) = 0
21076 14:41:09.611883 write(3, "Wed May 24 14:41:09 2017 [pid 21076] [msfadmin] OK LOGIN: Client \"127.0.0.1\"\n", 77) = 77
21076 14:41:09.611900 fcntl64(3, F_SETLK64, {type=F_UNLCK, whence=SEEK_SET, start=0, len=0}, 0xbf8172dc) = 0
21076 14:41:09.611913 rt_sigaction(SIGCHLD, {0x805cad0, ~[RTMIN RT_1], 0}, NULL, 8) = 0
21076 14:41:09.611928 write(4, "\1", 1 <unfinished ...>
21077 14:41:09.611937 <... read resumed> "\1", 1) = 1
21076 14:41:09.611943 <... write resumed> ) = 1
21077 14:41:09.611950 exit_group(0)     = ?
21076 14:41:09.611980 --- SIGCHLD (Child exited) @ 0 (0) ---
21076 14:41:09.611988 sigreturn()       = ? (mask now [])
21076 14:41:09.612006 wait4(-1, [{WIFEXITED(s) && WEXITSTATUS(s) == 0}], 0, NULL) = 21077
21076 14:41:09.612030 close(4)          = 0
21076 14:41:09.612042 socketpair(PF_FILE, SOCK_STREAM, 0, [4, 5]) = 0
21076 14:41:09.612056 rt_sigaction(SIGCHLD, {0x805cad0, ~[RTMIN RT_1], 0}, NULL, 8) = 0
21076 14:41:09.612079 rt_sigaction(SIGALRM, {0x805cb10, ~[RTMIN RT_1], 0}, NULL, 8) = 0
21076 14:41:09.612093 clone(child_stack=0, flags=CLONE_CHILD_CLEARTID|CLONE_CHILD_SETTID|SIGCHLD, child_tidptr=0xb7dc76f8) = 21078
21078 14:41:09.612143 prctl(0x1, 0x9, 0, 0, 0) = 0
21078 14:41:09.612157 close(4)          = 0
21078 14:41:09.612184 open("/etc/passwd", O_RDONLY|0x80000 /* O_??? */) = 4
21078 14:41:09.612201 _llseek(4, 0, [0], SEEK_CUR) = 0
21078 14:41:09.612216 fstat64(4, {st_mode=S_IFREG|0644, st_size=1624, ...}) = 0
21078 14:41:09.612234 mmap2(NULL, 1624, PROT_READ, MAP_SHARED, 4, 0) = 0xb7f61000
21078 14:41:09.612246 _llseek(4, 1624, [1624], SEEK_SET) = 0
21078 14:41:09.612269 munmap(0xb7f61000, 1624) = 0
21078 14:41:09.612280 close(4)          = 0
21078 14:41:09.612293 getuid32()        = 0
21078 14:41:09.612303 open("/etc/passwd", O_RDONLY|0x80000 /* O_??? */) = 4
21078 14:41:09.612316 _llseek(4, 0, [0], SEEK_CUR) = 0
21078 14:41:09.612326 fstat64(4, {st_mode=S_IFREG|0644, st_size=1624, ...}) = 0
21078 14:41:09.612342 mmap2(NULL, 1624, PROT_READ, MAP_SHARED, 4, 0) = 0xb7f61000
21078 14:41:09.612353 _llseek(4, 1624, [1624], SEEK_SET) = 0
21078 14:41:09.612372 munmap(0xb7f61000, 1624) = 0
21078 14:41:09.612382 close(4)          = 0
21078 14:41:09.612408 open("/proc/sys/kernel/ngroups_max", O_RDONLY) = 4
21078 14:41:09.612428 read(4, "65536\n", 31) = 6
21078 14:41:09.612441 close(4)          = 0
21078 14:41:09.612457 socket(PF_FILE, SOCK_STREAM, 0) = 4
21078 14:41:09.612469 fcntl64(4, F_SETFL, O_RDWR|O_NONBLOCK) = 0
21078 14:41:09.612480 connect(4, {sa_family=AF_FILE, path="/var/run/nscd/socket"}, 110) = -1 ENOENT (No such file or directory)
21078 14:41:09.612501 close(4)          = 0
21078 14:41:09.612513 socket(PF_FILE, SOCK_STREAM, 0) = 4
21078 14:41:09.612523 fcntl64(4, F_SETFL, O_RDWR|O_NONBLOCK) = 0
21078 14:41:09.612533 connect(4, {sa_family=AF_FILE, path="/var/run/nscd/socket"}, 110) = -1 ENOENT (No such file or directory)
21078 14:41:09.612551 close(4)          = 0
21078 14:41:09.612574 open("/etc/group", O_RDONLY|0x80000 /* O_??? */) = 4
21078 14:41:09.612589 _llseek(4, 0, [0], SEEK_CUR) = 0
21078 14:41:09.612599 fstat64(4, {st_mode=S_IFREG|0644, st_size=886, ...}) = 0
21078 14:41:09.612616 mmap2(NULL, 886, PROT_READ, MAP_SHARED, 4, 0) = 0xb7f61000
21078 14:41:09.612627 _llseek(4, 886, [886], SEEK_SET) = 0
21078 14:41:09.612651 fstat64(4, {st_mode=S_IFREG|0644, st_size=886, ...}) = 0
21078 14:41:09.612679 munmap(0xb7f61000, 886) = 0
21078 14:41:09.612689 close(4)          = 0
21078 14:41:09.612699 setgroups32(13, [1000, 4, 20, 24, 25, 29, 30, 44, 46, 107, 111, 112, 119]) = 0
21078 14:41:09.612761 geteuid32()       = 0
21078 14:41:09.612774 getegid32()       = 0
21078 14:41:09.612794 setregid32(-1, 1000) = 0
21078 14:41:09.612805 setreuid32(-1, 1000) = 0
21078 14:41:09.612815 chdir("/home/msfadmin") = 0
21078 14:41:09.612827 setreuid32(-1, 0) = 0
21078 14:41:09.612836 setregid32(-1, 0) = 0
21078 14:41:09.612847 setgid32(1000)    = 0
21078 14:41:09.612857 setuid32(1000)    = 0
21078 14:41:09.612867 setrlimit(RLIMIT_NPROC, {rlim_cur=0, rlim_max=0}) = 0
21078 14:41:09.612881 mmap2(NULL, 12288, PROT_READ|PROT_WRITE, MAP_PRIVATE|MAP_ANONYMOUS, -1, 0) = 0xb7f5f000
21078 14:41:09.612892 mprotect(0xb7f61000, 4096, PROT_NONE) = 0
21078 14:41:09.612904 mprotect(0xb7f5f000, 4096, PROT_NONE) = 0
21078 14:41:09.612915 getcwd("/home/msfadmin", 4096) = 15
21078 14:41:09.612928 umask(022)        = 077
21078 14:41:09.612938 getcwd("/home/msfadmin", 4096) = 15
21078 14:41:09.612952 open(".message", O_RDONLY|O_NONBLOCK|O_LARGEFILE) = -1 ENOENT (No such file or directory)
21078 14:41:09.612974 write(0, "230 Login successful.\r\n", 23) = 23
21078 14:41:09.613041 rt_sigaction(SIGALRM, {0x805cad0, ~[RTMIN RT_1], 0}, NULL, 8) = 0
21078 14:41:09.613058 alarm(300)        = 0
21078 14:41:09.613069 mmap2(NULL, 12288, PROT_READ|PROT_WRITE, MAP_PRIVATE|MAP_ANONYMOUS, -1, 0) = 0xb7f5c000
21078 14:41:09.613081 mprotect(0xb7f5e000, 4096, PROT_NONE) = 0
21078 14:41:09.613092 mprotect(0xb7f5c000, 4096, PROT_NONE) = 0
21078 14:41:09.613104 recv(0, "TYPE I\r\n", 4096, MSG_PEEK) = 8
21078 14:41:09.613117 read(0, "TYPE I\r\n", 8) = 8
21078 14:41:09.613134 write(0, "200 Switching to Binary mode.\r\n", 31) = 31
21078 14:41:09.613173 rt_sigaction(SIGALRM, {0x805cad0, ~[RTMIN RT_1], 0}, NULL, 8) = 0
21078 14:41:09.613187 alarm(300)        = 300
21078 14:41:09.613198 recv(0, "PASV\r\n", 4096, MSG_PEEK) = 6
21078 14:41:09.613209 read(0, "PASV\r\n", 6) = 6
21078 14:41:09.613221 write(5, "\n", 1) = 1
21078 14:41:09.613232 read(5,  <unfinished ...>
21076 14:41:09.613245 close(5)          = 0
21076 14:41:09.613257 getuid32()        = 0
21076 14:41:09.613272 open("/etc/passwd", O_RDONLY|0x80000 /* O_??? */) = 5
21076 14:41:09.613287 _llseek(5, 0, [0], SEEK_CUR) = 0
21076 14:41:09.613300 fstat64(5, {st_mode=S_IFREG|0644, st_size=1624, ...}) = 0
21076 14:41:09.613318 mmap2(NULL, 1624, PROT_READ, MAP_SHARED, 5, 0) = 0xb7f61000
21076 14:41:09.613329 _llseek(5, 1624, [1624], SEEK_SET) = 0
21076 14:41:09.613346 munmap(0xb7f61000, 1624) = 0
21076 14:41:09.613358 close(5)          = 0
21076 14:41:09.613374 setgroups32(0, []) = 0
21076 14:41:09.613385 chdir("/usr/share/empty") = 0
21076 14:41:09.613397 chroot(".")       = 0
21076 14:41:09.613412 capset(NULL, NULL) = -1 EFAULT (Bad address)
21076 14:41:09.613426 prctl(0x8, 0, 0xbf8172b8, 0x80549a6, 0xbf8172a0) = 0
21076 14:41:09.613438 prctl(0x8, 0x1, 0xbf8172b8, 0x8054a49, 0xbf8172a0) = 0
21076 14:41:09.613448 setgid32(65534)   = 0
21076 14:41:09.613458 setuid32(65534)   = 0
21076 14:41:09.613467 capset(0x19980330, 0, {CAP_NET_BIND_SERVICE, CAP_NET_BIND_SERVICE, 0}) = 0
21076 14:41:09.613491 read(4, "\n", 1)  = 1
21076 14:41:09.613504 write(4, "\1", 1) = 1
21078 14:41:09.613516 <... read resumed> "\1", 1) = 1
21078 14:41:09.613533 write(5, "\f", 1) = 1
21078 14:41:09.613543 read(5,  <unfinished ...>
21076 14:41:09.613550 read(4, "\f", 1)  = 1
21076 14:41:09.613563 socket(PF_INET, SOCK_STREAM, IPPROTO_TCP) = 5
21076 14:41:09.613576 setsockopt(5, SOL_SOCKET, SO_REUSEADDR, [1], 4) = 0
21076 14:41:09.613588 gettimeofday({1495651269, 613591}, NULL) = 0
21076 14:41:09.613604 bind(5, {sa_family=AF_INET, sin_port=htons(35617), sin_addr=inet_addr("127.0.0.1")}, 16) = 0
21076 14:41:09.613620 listen(5, 1)      = 0
21076 14:41:09.613633 write(4, "!\213\0\0", 4) = 4
21078 14:41:09.613644 <... read resumed> "!\213\0\0", 4) = 4
21078 14:41:09.613657 write(0, "227 Entering Passive Mode (127,0,0,1,139,33).\r\n", 47) = 47
21078 14:41:09.613793 rt_sigaction(SIGALRM, {0x805cad0, ~[RTMIN RT_1], 0}, NULL, 8) = 0
21078 14:41:09.613811 alarm(300)        = 300
21078 14:41:09.613822 recv(0, "RETR myfile7\r\n", 4096, MSG_PEEK) = 14
21078 14:41:09.613834 read(0, "RETR myfile7\r\n", 14) = 14
21078 14:41:09.613849 write(5, "\v", 1) = 1
21078 14:41:09.613860 read(5,  <unfinished ...>
21076 14:41:09.613867 read(4, "\v", 1)  = 1
21076 14:41:09.613878 write(4, "\1\0\0\0", 4) = 4
21078 14:41:09.613888 <... read resumed> "\1\0\0\0", 4) = 4
21078 14:41:09.613897 gettimeofday({1495651269, 613901}, NULL) = 0
21078 14:41:09.613908 getcwd("/home/msfadmin", 4096) = 15
21078 14:41:09.613920 open("myfile7", O_RDONLY|O_NONBLOCK|O_LARGEFILE) = 4
21078 14:41:09.613933 fcntl64(4, F_SETLKW64, {type=F_RDLCK, whence=SEEK_SET, start=0, len=0}, 0xbf817224) = 0
21078 14:41:09.613946 fstat64(4, {st_mode=S_IFREG|0644, st_size=17, ...}) = 0
21078 14:41:09.613962 fcntl64(4, F_GETFL) = 0x8800 (flags O_RDONLY|O_NONBLOCK|O_LARGEFILE)
21078 14:41:09.613973 fcntl64(4, F_SETFL, O_RDONLY|O_LARGEFILE) = 0
21078 14:41:09.613985 write(5, "\v", 1) = 1
21078 14:41:09.613996 read(5,  <unfinished ...>
21076 14:41:09.614003 read(4, "\v", 1)  = 1
21076 14:41:09.614014 write(4, "\1\0\0\0", 4) = 4
21078 14:41:09.614024 <... read resumed> "\1\0\0\0", 4) = 4
21078 14:41:09.614031 write(5, "\v", 1) = 1
21078 14:41:09.614041 read(5,  <unfinished ...>
21076 14:41:09.614047 read(4, "\v", 1)  = 1
21076 14:41:09.614058 write(4, "\1\0\0\0", 4) = 4
21078 14:41:09.614068 <... read resumed> "\1\0\0\0", 4) = 4
21078 14:41:09.614076 write(5, "\r", 1) = 1
21078 14:41:09.614085 read(5,  <unfinished ...>
21076 14:41:09.614092 read(4, "\r", 1)  = 1
21076 14:41:09.614105 select(6, [5], NULL, NULL, {60, 0}) = 1 (in [5], left {60, 0})
21076 14:41:09.614121 accept(5, {sa_family=AF_INET, sin_port=htons(37478), sin_addr=inet_addr("127.0.0.1")}, [16]) = 6
21076 14:41:09.614154 write(4, "\1", 1) = 1
21078 14:41:09.614165 <... read resumed> "\1", 1) = 1
21078 14:41:09.614174 recvmsg(5,  <unfinished ...>
21076 14:41:09.614184 sendmsg(4, {msg_name(0)=NULL, msg_iov(1)=[{"\0", 1}], msg_controllen=16, {cmsg_len=16, cmsg_level=SOL_SOCKET, cmsg_type=SCM_RIGHTS, {6}}, msg_flags=0}, 0) = 1
21078 14:41:09.614210 <... recvmsg resumed> {msg_name(0)=NULL, msg_iov(1)=[{"\0", 1}], msg_controllen=16, {cmsg_len=16, cmsg_level=SOL_SOCKET, cmsg_type=SCM_RIGHTS, {6}}, msg_flags=0}, 0) = 1
21078 14:41:09.614213 setsockopt(6, SOL_SOCKET, SO_KEEPALIVE, [1], 4) = 0
21078 14:41:09.614214 setsockopt(6, SOL_IP, IP_TOS, [8], 4) = 0
21078 14:41:09.614214 setsockopt(6, SOL_SOCKET, SO_LINGER, {onoff=1, linger=32767}, 8) = 0
21078 14:41:09.614214 rt_sigaction(SIGALRM, {0x805cad0, ~[RTMIN RT_1], 0}, NULL, 8) = 0
21078 14:41:09.614214 alarm(300)        = 300
21078 14:41:09.614215 write(0, "150 Opening BINARY mode data connection for myfile7 (17 bytes).\r\n", 65) = 65
21078 14:41:09.614248 _llseek(4, 0, [0], SEEK_CUR) = 0
21078 14:41:09.614261 fstat64(4, {st_mode=S_IFREG|0644, st_size=17, ...}) = 0
21078 14:41:09.614278 _llseek(4, 0, [0], SEEK_SET) = 0
21078 14:41:09.614290 sendfile(6, 4, NULL, 17) = 17
21078 14:41:09.614318 rt_sigaction(SIGALRM, {0x805cad0, ~[RTMIN RT_1], 0}, NULL, 8) = 0
21078 14:41:09.614332 alarm(300)        = 300
21078 14:41:09.614342 close(6)          = 0
21078 14:41:09.614351 alarm(0)          = 300
21078 14:41:09.614360 gettimeofday({1495651269, 614364}, NULL) = 0
21078 14:41:09.614377 getpid()          = 21078
21078 14:41:09.614389 gettimeofday({1495651269, 614393}, NULL) = 0
21078 14:41:09.614406 fcntl64(3, F_SETLKW64, {type=F_WRLCK, whence=SEEK_SET, start=0, len=0}, 0xbf8171c4) = 0
21078 14:41:09.614421 write(3, "Wed May 24 14:41:09 2017 [pid 21078] [msfadmin] OK DOWNLOAD: Client \"127.0.0.1\", \"/home/msfadmin/myfile7\", 17 bytes, 33.74Kbyte/sec\n", 132) = 132
21078 14:41:09.614441 fcntl64(3, F_SETLK64, {type=F_UNLCK, whence=SEEK_SET, start=0, len=0}, 0xbf8171cc) = 0
21078 14:41:09.614455 write(0, "226 Transfer complete.\r\n", 24) = 24
21078 14:41:09.614470 write(5, "\n", 1) = 1
21078 14:41:09.614480 read(5,  <unfinished ...>
21076 14:41:09.614624 close(6)          = 0
21076 14:41:09.614715 read(4, "\n", 1)  = 1
21076 14:41:09.614729 close(5)          = 0
21076 14:41:09.614740 write(4, "\1", 1) = 1
21078 14:41:09.614751 <... read resumed> "\1", 1) = 1
21078 14:41:09.614758 close(4)          = 0
21078 14:41:09.614768 rt_sigaction(SIGALRM, {0x805cad0, ~[RTMIN RT_1], 0}, NULL, 8) = 0
21078 14:41:09.614782 alarm(300)        = 0
21078 14:41:09.614793 recv(0,  <unfinished ...>
21076 14:41:09.614800 read(4,  <unfinished ...>
21075 14:41:09.750537 <... recv resumed> "TYPE I\r\n", 4096, MSG_PEEK) = 8
21075 14:41:09.750567 read(0, "TYPE I\r\n", 8) = 8
21075 14:41:09.750590 write(0, "200 Switching to Binary mode.\r\n", 31) = 31
21075 14:41:09.750638 rt_sigaction(SIGALRM, {0x805cad0, ~[RTMIN RT_1], 0}, NULL, 8) = 0
21075 14:41:09.750656 alarm(300)        = 299
21075 14:41:09.750669 recv(0, "PASV\r\n", 4096, MSG_PEEK) = 6
21075 14:41:09.750680 read(0, "PASV\r\n", 6) = 6
21075 14:41:09.750692 write(5, "\n", 1 <unfinished ...>
21073 14:41:09.750704 <... read resumed> "\n", 1) = 1
21075 14:41:09.750709 <... write resumed> ) = 1
21073 14:41:09.750717 write(4, "\1", 1 <unfinished ...>
21075 14:41:09.750723 read(5,  <unfinished ...>
21073 14:41:09.750729 <... write resumed> ) = 1
21075 14:41:09.750733 <... read resumed> "\1", 1) = 1
21073 14:41:09.750757 read(4,  <unfinished ...>
21075 14:41:09.750762 write(5, "\f", 1 <unfinished ...>
21073 14:41:09.750769 <... read resumed> "\f", 1) = 1
21075 14:41:09.750774 <... write resumed> ) = 1
21073 14:41:09.750782 socket(PF_INET, SOCK_STREAM, IPPROTO_TCP <unfinished ...>
21075 14:41:09.750788 read(5,  <unfinished ...>
21073 14:41:09.750797 <... socket resumed> ) = 5
21073 14:41:09.750805 setsockopt(5, SOL_SOCKET, SO_REUSEADDR, [1], 4) = 0
21073 14:41:09.750819 bind(5, {sa_family=AF_INET, sin_port=htons(35289), sin_addr=inet_addr("127.0.0.1")}, 16) = 0
21073 14:41:09.750836 listen(5, 1)      = 0
21073 14:41:09.750850 write(4, "\331\211\0\0", 4 <unfinished ...>
21075 14:41:09.750859 <... read resumed> "\331\211\0\0", 4) = 4
21073 14:41:09.750864 <... write resumed> ) = 4
21075 14:41:09.750876 write(0, "227 Entering Passive Mode (127,0,0,1,137,217).\r\n", 48 <unfinished ...>
21073 14:41:09.750884 read(4,  <unfinished ...>
21075 14:41:09.750988 <... write resumed> ) = 48
21075 14:41:09.751000 rt_sigaction(SIGALRM, {0x805cad0, ~[RTMIN RT_1], 0}, NULL, 8) = 0
21075 14:41:09.751015 alarm(300)        = 300
21075 14:41:09.751026 recv(0, "STOR myfile32\r\n", 4096, MSG_PEEK) = 15
21075 14:41:09.751039 read(0, "STOR myfile32\r\n", 15) = 15
21075 14:41:09.751052 write(5, "\v", 1 <unfinished ...>
21073 14:41:09.751060 <... read resumed> "\v", 1) = 1
21075 14:41:09.751065 <... write resumed> ) = 1
21073 14:41:09.751071 write(4, "\1\0\0\0", 4) = 4
21073 14:41:09.751082 read(4,  <unfinished ...>
21075 14:41:09.751096 read(5, "\1\0\0\0", 4) = 4
21075 14:41:09.751108 gettimeofday({1495651269, 751112}, NULL) = 0
21075 14:41:09.751119 getcwd("/home/msfadmin", 4096) = 15
21075 14:41:09.751132 open("myfile32", O_WRONLY|O_CREAT|O_NONBLOCK|O_LARGEFILE, 0666) = 4
21075 14:41:09.751146 fstat64(4, {st_mode=S_IFREG|0644, st_size=17, ...}) = 0
21075 14:41:09.751164 fcntl64(4, F_GETFL) = 0x8801 (flags O_WRONLY|O_NONBLOCK|O_LARGEFILE)
21075 14:41:09.751176 fcntl64(4, F_SETFL, O_WRONLY|O_LARGEFILE) = 0
21075 14:41:09.751185 fcntl64(4, F_SETLKW64, {type=F_WRLCK, whence=SEEK_SET, start=0, len=0}, 0xbfaa8494) = 0
21075 14:41:09.751200 ftruncate64(4, 0) = 0
21075 14:41:09.751218 _llseek(4, 0, [0], SEEK_SET) = 0
21075 14:41:09.751229 write(5, "\v", 1 <unfinished ...>
21073 14:41:09.751257 <... read resumed> "\v", 1) = 1
21075 14:41:09.751262 <... write resumed> ) = 1
21073 14:41:09.751269 write(4, "\1\0\0\0", 4) = 4
21073 14:41:09.751293 read(4,  <unfinished ...>
21075 14:41:09.751300 read(5, "\1\0\0\0", 4) = 4
21075 14:41:09.751311 write(5, "\v", 1 <unfinished ...>
21073 14:41:09.751318 <... read resumed> "\v", 1) = 1
21075 14:41:09.751322 <... write resumed> ) = 1
21073 14:41:09.751328 write(4, "\1\0\0\0", 4) = 4
21073 14:41:09.751339 read(4,  <unfinished ...>
21075 14:41:09.751345 read(5, "\1\0\0\0", 4) = 4
21075 14:41:09.751356 write(5, "\r", 1 <unfinished ...>
21073 14:41:09.751363 <... read resumed> "\r", 1) = 1
21075 14:41:09.751368 <... write resumed> ) = 1
21073 14:41:09.751374 select(6, [5], NULL, NULL, {60, 0}) = 1 (in [5], left {60, 0})
21073 14:41:09.751391 accept(5, {sa_family=AF_INET, sin_port=htons(36411), sin_addr=inet_addr("127.0.0.1")}, [16]) = 6
21073 14:41:09.751413 write(4, "\1", 1) = 1
21073 14:41:09.751425 sendmsg(4, {msg_name(0)=NULL, msg_iov(1)=[{"\0", 1}], msg_controllen=16, {cmsg_len=16, cmsg_level=SOL_SOCKET, cmsg_type=SCM_RIGHTS, {6}}, msg_flags=0}, 0) = 1
21073 14:41:09.751442 close(6)          = 0
21073 14:41:09.751452 read(4,  <unfinished ...>
21075 14:41:09.751459 read(5, "\1", 1)  = 1
21075 14:41:09.751471 recvmsg(5, {msg_name(0)=NULL, msg_iov(1)=[{"\0", 1}], msg_controllen=16, {cmsg_len=16, cmsg_level=SOL_SOCKET, cmsg_type=SCM_RIGHTS, {6}}, msg_flags=0}, 0) = 1
21075 14:41:09.751489 setsockopt(6, SOL_SOCKET, SO_KEEPALIVE, [1], 4) = 0
21075 14:41:09.751501 setsockopt(6, SOL_IP, IP_TOS, [8], 4) = 0
21075 14:41:09.751513 setsockopt(6, SOL_SOCKET, SO_LINGER, {onoff=1, linger=32767}, 8) = 0
21075 14:41:09.751524 rt_sigaction(SIGALRM, {0x805cad0, ~[RTMIN RT_1], 0}, NULL, 8) = 0
21075 14:41:09.751537 alarm(300)        = 300
21075 14:41:09.751550 write(0, "150 Ok to send data.\r\n", 22) = 22
21075 14:41:09.751616 read(6, "assasaaa\na\na\na\na\n", 65536) = 17
21075 14:41:09.751630 write(4, "assasaaa\na\na\na\na\n", 17) = 17
21075 14:41:09.751647 read(6, "", 65536) = 0
21075 14:41:09.751657 rt_sigaction(SIGALRM, {0x805cad0, ~[RTMIN RT_1], 0}, NULL, 8) = 0
21075 14:41:09.751671 alarm(300)        = 300
21075 14:41:09.751681 close(6)          = 0
21075 14:41:09.751698 alarm(0)          = 300
21075 14:41:09.751708 gettimeofday({1495651269, 751711}, NULL) = 0
21075 14:41:09.751723 gettimeofday({1495651269, 751746}, NULL) = 0
21075 14:41:09.751761 fcntl64(3, F_SETLKW64, {type=F_WRLCK, whence=SEEK_SET, start=0, len=0}, 0xbfaa8434) = 0
21075 14:41:09.751786 write(3, "Wed May 24 14:41:09 2017 [pid 21075] [msfadmin] OK UPLOAD: Client \"127.0.0.1\", \"/home/msfadmin/myfile32\", 17 bytes, 26.19Kbyte/sec\n", 131) = 131
21075 14:41:09.751808 fcntl64(3, F_SETLK64, {type=F_UNLCK, whence=SEEK_SET, start=0, len=0}, 0xbfaa843c) = 0
21075 14:41:09.751822 write(0, "226 Transfer complete.\r\n", 24) = 24
21075 14:41:09.751867 write(5, "\n", 1 <unfinished ...>
21073 14:41:09.751876 <... read resumed> "\n", 1) = 1
21075 14:41:09.751881 <... write resumed> ) = 1
21073 14:41:09.751887 close(5)          = 0
21073 14:41:09.751899 write(4, "\1", 1) = 1
21073 14:41:09.751910 read(4,  <unfinished ...>
21075 14:41:09.751917 read(5, "\1", 1)  = 1
21075 14:41:09.751928 close(4)          = 0
21075 14:41:09.751938 rt_sigaction(SIGALRM, {0x805cad0, ~[RTMIN RT_1], 0}, NULL, 8) = 0
21075 14:41:09.751955 alarm(300)        = 0
21075 14:41:09.751966 recv(0,  <unfinished ...>
21078 14:41:10.141209 <... recv resumed> "USER msfadmin\r\n", 4096, MSG_PEEK) = 15
21078 14:41:10.141295 read(0, "USER msfadmin\r\n", 15) = 15
21078 14:41:10.141365 write(0, "331 Any password will do.\r\n", 27) = 27
21078 14:41:10.141440 rt_sigaction(SIGALRM, {0x805cad0, ~[RTMIN RT_1], 0}, NULL, 8) = 0
21078 14:41:10.141470 alarm(300)        = 299
21078 14:41:10.141491 recv(0, "PASS msfadmin\r\n", 4096, MSG_PEEK) = 15
21078 14:41:10.141503 read(0, "PASS msfadmin\r\n", 15) = 15
21078 14:41:10.141519 write(0, "230 Already logged in.\r\n", 24) = 24
21078 14:41:10.141581 rt_sigaction(SIGALRM, {0x805cad0, ~[RTMIN RT_1], 0}, NULL, 8) = 0
21078 14:41:10.141597 alarm(300)        = 300
21078 14:41:10.141608 recv(0, "TYPE I\r\n", 4096, MSG_PEEK) = 8
21078 14:41:10.141620 read(0, "TYPE I\r\n", 8) = 8
21078 14:41:10.141634 write(0, "200 Switching to Binary mode.\r\n", 31) = 31
21078 14:41:10.141670 rt_sigaction(SIGALRM, {0x805cad0, ~[RTMIN RT_1], 0}, NULL, 8) = 0
21078 14:41:10.141684 alarm(300)        = 300
21078 14:41:10.141695 recv(0, "PASV\r\n", 4096, MSG_PEEK) = 6
21078 14:41:10.141706 read(0, "PASV\r\n", 6) = 6
21078 14:41:10.141718 write(5, "\n", 1) = 1
21078 14:41:10.141730 read(5,  <unfinished ...>
21076 14:41:10.141738 <... read resumed> "\n", 1) = 1
21076 14:41:10.141748 write(4, "\1", 1) = 1
21078 14:41:10.141758 <... read resumed> "\1", 1) = 1
21078 14:41:10.141766 write(5, "\f", 1) = 1
21078 14:41:10.141776 read(5,  <unfinished ...>
21076 14:41:10.141782 read(4, "\f", 1)  = 1
21076 14:41:10.141794 socket(PF_INET, SOCK_STREAM, IPPROTO_TCP) = 5
21076 14:41:10.141810 setsockopt(5, SOL_SOCKET, SO_REUSEADDR, [1], 4) = 0
21076 14:41:10.141825 bind(5, {sa_family=AF_INET, sin_port=htons(65095), sin_addr=inet_addr("127.0.0.1")}, 16) = 0
21076 14:41:10.141842 listen(5, 1)      = 0
21076 14:41:10.141855 write(4, "G\376\0\0", 4) = 4
21078 14:41:10.141866 <... read resumed> "G\376\0\0", 4) = 4
21078 14:41:10.141878 write(0, "227 Entering Passive Mode (127,0,0,1,254,71).\r\n", 47) = 47
21078 14:41:10.141989 rt_sigaction(SIGALRM, {0x805cad0, ~[RTMIN RT_1], 0}, NULL, 8) = 0
21078 14:41:10.142144 alarm(300)        = 300
21078 14:41:10.142160 recv(0, "RETR myfile8\r\n", 4096, MSG_PEEK) = 14
21078 14:41:10.142182 read(0, "RETR myfile8\r\n", 14) = 14
21078 14:41:10.142195 write(5, "\v", 1) = 1
21078 14:41:10.142205 read(5,  <unfinished ...>
21076 14:41:10.142212 read(4, "\v", 1)  = 1
21076 14:41:10.142224 write(4, "\1\0\0\0", 4) = 4
21078 14:41:10.142234 <... read resumed> "\1\0\0\0", 4) = 4
21078 14:41:10.142242 gettimeofday({1495651270, 142246}, NULL) = 0
21078 14:41:10.142253 getcwd("/home/msfadmin", 4096) = 15
21078 14:41:10.142266 open("myfile8", O_RDONLY|O_NONBLOCK|O_LARGEFILE) = 4
21078 14:41:10.142279 fcntl64(4, F_SETLKW64, {type=F_RDLCK, whence=SEEK_SET, start=0, len=0}, 0xbf817224) = 0
21078 14:41:10.142295 fstat64(4, {st_mode=S_IFREG|0644, st_size=17, ...}) = 0
21078 14:41:10.142312 fcntl64(4, F_GETFL) = 0x8800 (flags O_RDONLY|O_NONBLOCK|O_LARGEFILE)
21078 14:41:10.142322 fcntl64(4, F_SETFL, O_RDONLY|O_LARGEFILE) = 0
21078 14:41:10.142334 write(5, "\v", 1) = 1
21078 14:41:10.142344 read(5,  <unfinished ...>
21076 14:41:10.142351 read(4, "\v", 1)  = 1
21076 14:41:10.142362 write(4, "\1\0\0\0", 4) = 4
21078 14:41:10.142372 <... read resumed> "\1\0\0\0", 4) = 4
21078 14:41:10.142380 write(5, "\v", 1) = 1
21078 14:41:10.142390 read(5,  <unfinished ...>
21076 14:41:10.142396 read(4, "\v", 1)  = 1
21076 14:41:10.142407 write(4, "\1\0\0\0", 4) = 4
21078 14:41:10.142417 <... read resumed> "\1\0\0\0", 4) = 4
21078 14:41:10.142424 write(5, "\r", 1) = 1
21078 14:41:10.142434 read(5,  <unfinished ...>
21076 14:41:10.142441 read(4, "\r", 1)  = 1
21076 14:41:10.142452 select(6, [5], NULL, NULL, {60, 0}) = 1 (in [5], left {60, 0})
21076 14:41:10.142469 accept(5, {sa_family=AF_INET, sin_port=htons(38890), sin_addr=inet_addr("127.0.0.1")}, [16]) = 6
21076 14:41:10.142491 write(4, "\1", 1) = 1
21078 14:41:10.142509 <... read resumed> "\1", 1) = 1
21078 14:41:10.142518 recvmsg(5,  <unfinished ...>
21076 14:41:10.142526 sendmsg(4, {msg_name(0)=NULL, msg_iov(1)=[{"\0", 1}], msg_controllen=16, {cmsg_len=16, cmsg_level=SOL_SOCKET, cmsg_type=SCM_RIGHTS, {6}}, msg_flags=0}, 0) = 1
21078 14:41:10.142544 <... recvmsg resumed> {msg_name(0)=NULL, msg_iov(1)=[{"\0", 1}], msg_controllen=16, {cmsg_len=16, cmsg_level=SOL_SOCKET, cmsg_type=SCM_RIGHTS, {6}}, msg_flags=0}, 0) = 1
21078 14:41:10.142557 setsockopt(6, SOL_SOCKET, SO_KEEPALIVE, [1], 4) = 0
21078 14:41:10.142569 setsockopt(6, SOL_IP, IP_TOS, [8], 4) = 0
21078 14:41:10.142581 setsockopt(6, SOL_SOCKET, SO_LINGER, {onoff=1, linger=32767}, 8) = 0
21078 14:41:10.142592 rt_sigaction(SIGALRM, {0x805cad0, ~[RTMIN RT_1], 0}, NULL, 8) = 0
21078 14:41:10.142605 alarm(300)        = 300
21078 14:41:10.142618 write(0, "150 Opening BINARY mode data connection for myfile8 (17 bytes).\r\n", 65) = 65
21078 14:41:10.142694 _llseek(4, 0, [0], SEEK_CUR) = 0
21078 14:41:10.142707 fstat64(4, {st_mode=S_IFREG|0644, st_size=17, ...}) = 0
21078 14:41:10.142725 _llseek(4, 0, [0], SEEK_SET) = 0
21078 14:41:10.142735 sendfile(6, 4, NULL, 17) = 17
21078 14:41:10.142765 rt_sigaction(SIGALRM, {0x805cad0, ~[RTMIN RT_1], 0}, NULL, 8) = 0
21078 14:41:10.142779 alarm(300)        = 300
21078 14:41:10.142789 close(6)          = 0
21078 14:41:10.142799 alarm(0)          = 300
21078 14:41:10.142808 gettimeofday({1495651270, 142812}, NULL) = 0
21078 14:41:10.142823 gettimeofday({1495651270, 142827}, NULL) = 0
21078 14:41:10.142837 fcntl64(3, F_SETLKW64, {type=F_WRLCK, whence=SEEK_SET, start=0, len=0}, 0xbf8171c4) = 0
21078 14:41:10.142852 write(3, "Wed May 24 14:41:10 2017 [pid 21078] [msfadmin] OK DOWNLOAD: Client \"127.0.0.1\", \"/home/msfadmin/myfile8\", 17 bytes, 28.57Kbyte/sec\n", 132) = 132
21078 14:41:10.142874 fcntl64(3, F_SETLK64, {type=F_UNLCK, whence=SEEK_SET, start=0, len=0}, 0xbf8171cc) = 0
21078 14:41:10.142888 write(0, "226 Transfer complete.\r\n", 24) = 24
21078 14:41:10.142903 write(5, "\n", 1) = 1
21078 14:41:10.142914 read(5,  <unfinished ...>
21076 14:41:10.142921 close(6)          = 0
21076 14:41:10.143002 read(4, "\n", 1)  = 1
21076 14:41:10.143015 close(5)          = 0
21076 14:41:10.143027 write(4, "\1", 1) = 1
21078 14:41:10.143038 <... read resumed> "\1", 1) = 1
21078 14:41:10.143045 close(4)          = 0
21078 14:41:10.143055 rt_sigaction(SIGALRM, {0x805cad0, ~[RTMIN RT_1], 0}, NULL, 8) = 0
21078 14:41:10.143068 alarm(300)        = 0
21078 14:41:10.143079 recv(0,  <unfinished ...>
21076 14:41:10.143087 read(4,  <unfinished ...>
21075 14:41:10.260575 <... recv resumed> "TYPE I\r\n", 4096, MSG_PEEK) = 8
21075 14:41:10.260605 read(0, "TYPE I\r\n", 8) = 8
21075 14:41:10.260627 write(0, "200 Switching to Binary mode.\r\n", 31) = 31
21075 14:41:10.260676 rt_sigaction(SIGALRM, {0x805cad0, ~[RTMIN RT_1], 0}, NULL, 8) = 0
21075 14:41:10.260694 alarm(300)        = 299
21075 14:41:10.260707 recv(0, "PASV\r\n", 4096, MSG_PEEK) = 6
21075 14:41:10.260718 read(0, "PASV\r\n", 6) = 6
21075 14:41:10.260730 write(5, "\n", 1 <unfinished ...>
21073 14:41:10.260742 <... read resumed> "\n", 1) = 1
21075 14:41:10.260747 <... write resumed> ) = 1
21073 14:41:10.260756 write(4, "\1", 1 <unfinished ...>
21075 14:41:10.260761 read(5,  <unfinished ...>
21073 14:41:10.260768 <... write resumed> ) = 1
21075 14:41:10.260772 <... read resumed> "\1", 1) = 1
21073 14:41:10.260780 read(4,  <unfinished ...>
21075 14:41:10.260784 write(5, "\f", 1 <unfinished ...>
21073 14:41:10.260791 <... read resumed> "\f", 1) = 1
21075 14:41:10.260796 <... write resumed> ) = 1
21073 14:41:10.260804 socket(PF_INET, SOCK_STREAM, IPPROTO_TCP <unfinished ...>
21075 14:41:10.260809 read(5,  <unfinished ...>
21073 14:41:10.260819 <... socket resumed> ) = 5
21073 14:41:10.260826 setsockopt(5, SOL_SOCKET, SO_REUSEADDR, [1], 4) = 0
21073 14:41:10.260841 bind(5, {sa_family=AF_INET, sin_port=htons(45803), sin_addr=inet_addr("127.0.0.1")}, 16) = 0
21073 14:41:10.260857 listen(5, 1)      = 0
21073 14:41:10.260871 write(4, "\353\262\0\0", 4 <unfinished ...>
21075 14:41:10.260879 <... read resumed> "\353\262\0\0", 4) = 4
21073 14:41:10.260892 <... write resumed> ) = 4
21075 14:41:10.260904 write(0, "227 Entering Passive Mode (127,0,0,1,178,235).\r\n", 48 <unfinished ...>
21073 14:41:10.260913 read(4,  <unfinished ...>
21075 14:41:10.261011 <... write resumed> ) = 48
21075 14:41:10.261023 rt_sigaction(SIGALRM, {0x805cad0, ~[RTMIN RT_1], 0}, NULL, 8) = 0
21075 14:41:10.261038 alarm(300)        = 300
21075 14:41:10.261050 recv(0, "STOR myfile33\r\n", 4096, MSG_PEEK) = 15
21075 14:41:10.261062 read(0, "STOR myfile33\r\n", 15) = 15
21075 14:41:10.261076 write(5, "\v", 1 <unfinished ...>
21073 14:41:10.261083 <... read resumed> "\v", 1) = 1
21075 14:41:10.261088 <... write resumed> ) = 1
21073 14:41:10.261095 write(4, "\1\0\0\0", 4 <unfinished ...>
21075 14:41:10.261101 read(5,  <unfinished ...>
21073 14:41:10.261107 <... write resumed> ) = 4
21075 14:41:10.261111 <... read resumed> "\1\0\0\0", 4) = 4
21073 14:41:10.261120 read(4,  <unfinished ...>
21075 14:41:10.261124 gettimeofday({1495651270, 261128}, NULL) = 0
21075 14:41:10.261136 getcwd("/home/msfadmin", 4096) = 15
21075 14:41:10.261148 open("myfile33", O_WRONLY|O_CREAT|O_NONBLOCK|O_LARGEFILE, 0666) = 4
21075 14:41:10.261162 fstat64(4, {st_mode=S_IFREG|0644, st_size=17, ...}) = 0
21075 14:41:10.261179 fcntl64(4, F_GETFL) = 0x8801 (flags O_WRONLY|O_NONBLOCK|O_LARGEFILE)
21075 14:41:10.261191 fcntl64(4, F_SETFL, O_WRONLY|O_LARGEFILE) = 0
21075 14:41:10.261201 fcntl64(4, F_SETLKW64, {type=F_WRLCK, whence=SEEK_SET, start=0, len=0}, 0xbfaa8494) = 0
21075 14:41:10.261215 ftruncate64(4, 0) = 0
21075 14:41:10.261233 _llseek(4, 0, [0], SEEK_SET) = 0
21075 14:41:10.261244 write(5, "\v", 1 <unfinished ...>
21073 14:41:10.261252 <... read resumed> "\v", 1) = 1
21075 14:41:10.261257 <... write resumed> ) = 1
21073 14:41:10.261291 write(4, "\1\0\0\0", 4) = 4
21073 14:41:10.261308 read(4,  <unfinished ...>
21075 14:41:10.261316 read(5, "\1\0\0\0", 4) = 4
21075 14:41:10.261337 write(5, "\v", 1 <unfinished ...>
21073 14:41:10.261344 <... read resumed> "\v", 1) = 1
21075 14:41:10.261349 <... write resumed> ) = 1
21073 14:41:10.261355 write(4, "\1\0\0\0", 4) = 4
21073 14:41:10.261365 read(4,  <unfinished ...>
21075 14:41:10.261372 read(5, "\1\0\0\0", 4) = 4
21075 14:41:10.261383 write(5, "\r", 1 <unfinished ...>
21073 14:41:10.261390 <... read resumed> "\r", 1) = 1
21075 14:41:10.261395 <... write resumed> ) = 1
21073 14:41:10.261402 select(6, [5], NULL, NULL, {60, 0}) = 1 (in [5], left {60, 0})
21073 14:41:10.261418 accept(5, {sa_family=AF_INET, sin_port=htons(42516), sin_addr=inet_addr("127.0.0.1")}, [16]) = 6
21073 14:41:10.261440 write(4, "\1", 1) = 1
21073 14:41:10.261452 sendmsg(4, {msg_name(0)=NULL, msg_iov(1)=[{"\0", 1}], msg_controllen=16, {cmsg_len=16, cmsg_level=SOL_SOCKET, cmsg_type=SCM_RIGHTS, {6}}, msg_flags=0}, 0) = 1
21073 14:41:10.261469 close(6)          = 0
21073 14:41:10.261479 read(4,  <unfinished ...>
21075 14:41:10.261485 read(5, "\1", 1)  = 1
