21516 14:45:54.931062 read(7, "\177ELF\1\1\1\0\0\0\0\0\0\0\0\0\3\0\3\0\1\0\0\0\20\37\0\0004\0\0\0\374\264\0\0\0\0\0\0004\0 \0\4\0(\0\32\0\31\0\1\0\0\0\0\0\0\0\0\0\0\0\0\0\0\0x\257\0\0x\257\0\0\5\0\0\0\0\20\0\0\1\0\0\0\0\260\0\0\0\260\0\0\0\260\0\0$\4\0\0\304\304\0\0\6\0\0\0\0\20\0\0\2\0\0\0d\261\0\0d\261\0\0d\261\0\0\360\0\0\0\360\0\0\0\6\0\0\0\4\0\0\0Q\345td\0\0\0\0\0\0\0\0\0\0\0\0\0\0\0\0\0\0\0\0\6\0\0\0\4\0\0\0\333\0\0\0p\0\0\0\0\0\0\0\0\0\0\0\0\0\0\0\0\0\0\0Z\0\0\0\0\0\0\0[\0\0\0\0\0\0\0\0\0\0\0\0\0\0\0>\0\0\0Y\0\0\0\0\0\0\0\0\0\0\0\n\0\0\0\0\0\0\0\0\0\0\0\0\0\0\0\0\0\0\0\0\0\0\0\0\0\0\0\0\0\0\0\f\0\0\0]\0\0\0\30\0\0\0\0\0\0\0\5\0\0\0\36\0\0\0,\0\0\0k\0\0\0\33\0\0\0_\0\0\0\0\0\0\0\0\0\0\0U\0\0\0\0\0\0\0d\0\0\0\0\0\0\0\27\0\0\0f\0\0\0^\0\0\0\0\0\0\0\0\0\0\0B\0\0\0\0\0\0\0\0\0\0\0\0\0\0\0a\0\0\0\10\0\0\0\0\0\0\0\0\0\0\0\0\0\0\0\0\0\0\0\17\0\0\0\0\0\0\0\0\0\0\0\0\0\0\0`\0\0\0\t\0\0\0\35\0\0\0$\0\0\0\0\0\0\0004\0\0\0002\0\0\0\21\0\0\0W\0\0\0\r\0\0\0\0\0\0\0001\0\0\0n\0\0\0\0\0\0\0006\0\0\0\0\0\0\0\0\0\0\0\0\0\0\0\32\0\0\0\37\0\0\0\0\0\0\0\0\0\0\0.\0\0\0!\0\0\0", 512) = 512
21516 14:45:54.931147 fstat64(7, {st_mode=S_IFREG|0644, st_size=47372, ...}) = 0
21516 14:45:54.931164 mmap2(NULL, 95428, PROT_READ|PROT_EXEC, MAP_PRIVATE|MAP_DENYWRITE, 7, 0) = 0xb7dce000
21516 14:45:54.931176 mmap2(0xb7dd9000, 4096, PROT_READ|PROT_WRITE, MAP_PRIVATE|MAP_FIXED|MAP_DENYWRITE, 7, 0xb) = 0xb7dd9000
21516 14:45:54.931191 mmap2(0xb7dda000, 46276, PROT_READ|PROT_WRITE, MAP_PRIVATE|MAP_FIXED|MAP_ANONYMOUS, -1, 0) = 0xb7dda000
21516 14:45:54.931202 close(7)          = 0
21516 14:45:54.931214 open("/etc/ld.so.cache", O_RDONLY) = 7
21516 14:45:54.931226 fstat64(7, {st_mode=S_IFREG|0644, st_size=29913, ...}) = 0
21516 14:45:54.931241 mmap2(NULL, 29913, PROT_READ, MAP_PRIVATE, 7, 0) = 0xb7dc6000
21516 14:45:54.931252 close(7)          = 0
21516 14:45:54.931262 access("/etc/ld.so.nohwcap", F_OK) = -1 ENOENT (No such file or directory)
21516 14:45:54.931278 open("/lib/tls/i686/cmov/libcrypt.so.1", O_RDONLY) = 7
21516 14:45:54.931292 read(7, "\177ELF\1\1\1\0\0\0\0\0\0\0\0\0\3\0\3\0\1\0\0\0000\7\0\0004\0\0\0<\221\0\0\0\0\0\0004\0 \0\10\0(\0\34\0\33\0\6\0\0\0004\0\0\0004\0\0\0004\0\0\0\0\1\0\0\0\1\0\0\5\0\0\0\4\0\0\0\3\0\0\0\340\210\0\0\340\210\0\0\340\210\0\0\23\0\0\0\23\0\0\0\4\0\0\0\1\0\0\0\1\0\0\0\0\0\0\0\0\0\0\0\0\0\0\0\f\212\0\0\f\212\0\0\5\0\0\0\0\20\0\0\1\0\0\0\350\216\0\0\350\236\0\0\350\236\0\0`\1\0\0tr\2\0\6\0\0\0\0\20\0\0\2\0\0\0\374\216\0\0\374\236\0\0\374\236\0\0\340\0\0\0\340\0\0\0\6\0\0\0\4\0\0\0\4\0\0\0004\1\0\0004\1\0\0004\1\0\0 \0\0\0 \0\0\0\4\0\0\0\4\0\0\0Q\345td\0\0\0\0\0\0\0\0\0\0\0\0\0\0\0\0\0\0\0\0\6\0\0\0\4\0\0\0R\345td\350\216\0\0\350\236\0\0\350\236\0\0\f\1\0\0\f\1\0\0\4\0\0\0\1\0\0\0\4\0\0\0\20\0\0\0\1\0\0\0GNU\0\0\0\0\0\2\0\0\0\6\0\0\0\10\0\0\0\17\0\0\0\22\0\0\0\2\0\0\0\6\0\0\0\4\311\240, \4\0\0\0\0\0\0\0\0\0\0\0\0\0\0\22\0\0\0\23\0\0\0\24\0\0\0\0\0\0\0\25\0\0\0\26\0\0\0\0\0\0\0\27\0\0\0\0\0\0\0\30\0\0\0\31\0\0\0\0\0\0\0k\31Qj\233(\375B\233`\205\33\327\16?\17I->\333\235C\r\375\313\373_\22\325=l\366\0\0\0\0\0\0\0\0\0\0\0\0\0\0\0\0o\0\0\0\0\0\0\0\35\0\0\0\22\0\0\0\1\0\0\0\0\0\0\0\0\0\0\0 \0\0\0\37\0\0\0\0\0\0\0", 512) = 512
21516 14:45:54.931379 fstat64(7, {st_mode=S_IFREG|0644, st_size=38300, ...}) = 0
21516 14:45:54.931397 mmap2(NULL, 201052, PROT_READ|PROT_EXEC, MAP_PRIVATE|MAP_DENYWRITE, 7, 0) = 0xb7d94000
21516 14:45:54.931412 mmap2(0xb7d9d000, 8192, PROT_READ|PROT_WRITE, MAP_PRIVATE|MAP_FIXED|MAP_DENYWRITE, 7, 0x8) = 0xb7d9d000
21516 14:45:54.931427 mmap2(0xb7d9f000, 155996, PROT_READ|PROT_WRITE, MAP_PRIVATE|MAP_FIXED|MAP_ANONYMOUS, -1, 0) = 0xb7d9f000
21516 14:45:54.931442 close(7)          = 0
21516 14:45:54.931455 access("/etc/ld.so.nohwcap", F_OK) = -1 ENOENT (No such file or directory)
21516 14:45:54.931468 open("/lib/libselinux.so.1", O_RDONLY) = 7
21516 14:45:54.931481 read(7, "\177ELF\1\1\1\0\0\0\0\0\0\0\0\0\3\0\3\0\1\0\0\0\300@\0\0004\0\0\0\224r\1\0\0\0\0\0004\0 \0\6\0(\0\33\0\32\0\1\0\0\0\0\0\0\0\0\0\0\0\0\0\0\0\230f\1\0\230f\1\0\5\0\0\0\0\20\0\0\1\0\0\0\240n\1\0\240~\1\0\240~\1\0\20\3\0\0\234\f\0\0\6\0\0\0\0\20\0\0\2\0\0\0\320n\1\0\320~\1\0\320~\1\0\340\0\0\0\340\0\0\0\6\0\0\0\4\0\0\0\7\0\0\0\240n\1\0\240~\1\0\240~\1\0\0\0\0\0\\\0\0\0\4\0\0\0 \0\0\0Q\345td\0\0\0\0\0\0\0\0\0\0\0\0\0\0\0\0\0\0\0\0\6\0\0\0\4\0\0\0R\345td\240n\1\0\240~\1\0\240~\1\0T\1\0\0T\1\0\0\4\0\0\0\1\0\0\0\7\1\0\0#\1\0\0\0\0\0\0\24\0\0\0\v\1\0\0\306\0\0\0\0\0\0\0\36\1\0\0\330\0\0\0 \1\0\0001\0\0\0\345\0\0\0\34\0\0\0\206\0\0\0\212\0\0\0\234\0\0\0\0\0\0\0*\0\0\0\0\0\0\0\0\0\0\0\370\0\0\0004\0\0\0\0\0\0\0\0\0\0\0\0\0\0\0\0\0\0\0\0\0\0\0\224\0\0\0\0\0\0\0\0\0\0\0\0\0\0\0\244\0\0\0\347\0\0\0\373\0\0\0\0\0\0\0\304\0\0\0\257\0\0\0\0\0\0\0!\1\0\0\0\0\0\0\307\0\0\0\235\0\0\0\25\1\0\0`\0\0\0\0\0\0\0\256\0\0\0\374\0\0\0O\0\0\0i\0\0\0^\0\0\0\337\0\0\0-\0\0\0m\0\0\0\0\0\0\0\0\0\0\0\0\0\0\0\0\0\0\0\260\0\0\0\314\0\0\0\6\0\0\0\276\0\0\0{\0\0\0\226\0\0\0\0\0\0\0E\0\0\0\33\0\0\0\371\0\0\0", 512) = 512
21516 14:45:54.931567 fstat64(7, {st_mode=S_IFREG|0644, st_size=95948, ...}) = 0
21516 14:45:54.931584 mmap2(NULL, 101180, PROT_READ|PROT_EXEC, MAP_PRIVATE|MAP_DENYWRITE, 7, 0) = 0xb7d7b000
21516 14:45:54.931595 mmap2(0xb7d92000, 8192, PROT_READ|PROT_WRITE, MAP_PRIVATE|MAP_FIXED|MAP_DENYWRITE, 7, 0x16) = 0xb7d92000
21516 14:45:54.931613 close(7)          = 0
21516 14:45:54.931717 open("/etc/selinux/config", O_RDONLY|O_LARGEFILE) = -1 ENOENT (No such file or directory)
21516 14:45:54.931743 statfs64("/selinux", 84, 0xbfd65ffc) = -1 ENOENT (No such file or directory)
21516 14:45:54.931755 open("/proc/mounts", O_RDONLY|O_LARGEFILE) = 7
21516 14:45:54.931782 fstat64(7, {st_mode=S_IFREG|0444, st_size=0, ...}) = 0
21516 14:45:54.931799 mmap2(NULL, 4096, PROT_READ|PROT_WRITE, MAP_PRIVATE|MAP_ANONYMOUS, -1, 0) = 0xb7f97000
21516 14:45:54.931810 read(7, "rootfs / rootfs rw 0 0\nnone /sys sysfs rw,nosuid,nodev,noexec 0 0\nnone /proc proc rw,nosuid,nodev,noexec 0 0\nudev /dev tmpfs rw,relatime 0 0\nfusectl /sys/fs/fuse/connections fusectl rw,relatime 0 0\n/dev/mapper/metasploitable-root / ext3 rw,relatime,errors=remount-ro,data=ordered 0 0\n/dev/mapper/metasploitable-root /dev/.static/dev ext3 rw,relatime,errors=remount-ro,data=ordered 0 0\ntmpfs /var/run tmpfs rw,nosuid,nodev,noexec 0 0\ntmpfs /var/lock tmpfs rw,nosuid,nodev,noexec 0 0\ntmpfs /dev/shm tmpfs rw,relatime 0 0\ndevpts /dev/pts devpts rw,relatime 0 0\ntmpfs /var/run tmpfs rw,nosuid,nodev,noexec 0 0\ntmpfs /var/lock tmpfs rw,nosuid,nodev,noexec 0 0\n/dev/sda1 /boot ext3 rw,relatime,data=ordered 0 0\nsecurityfs /sys/kernel/security securityfs rw,relatime 0 0\nrpc_pipefs /var/lib/nfs/rpc_pipefs rpc_pipefs rw,relatime 0 0\nnfsd /proc/fs/nfsd nfsd rw,relatime 0 0\n", 1024) = 866
21516 14:45:54.931922 read(7, "", 1024) = 0
21516 14:45:54.931934 close(7)          = 0
21516 14:45:54.931943 munmap(0xb7f97000, 4096) = 0
21516 14:45:54.931959 munmap(0xb7dc6000, 29913) = 0
21516 14:45:54.931973 read(6, "", 4096) = 0
21516 14:45:54.931984 close(6)          = 0
21516 14:45:54.931993 munmap(0xb7f98000, 4096) = 0
21516 14:45:54.932004 stat64("/etc/pam.d", {st_mode=S_IFDIR|0755, st_size=4096, ...}) = 0
21516 14:45:54.932024 open("/etc/pam.d/common-account", O_RDONLY|O_LARGEFILE) = 6
21516 14:45:54.932037 fstat64(6, {st_mode=S_IFREG|0644, st_size=392, ...}) = 0
21516 14:45:54.932053 mmap2(NULL, 4096, PROT_READ|PROT_WRITE, MAP_PRIVATE|MAP_ANONYMOUS, -1, 0) = 0xb7f98000
21516 14:45:54.932068 read(6, "#\n# /etc/pam.d/common-account - authorization settings common to all services\n#\n# This file is included from other service-specific PAM config files,\n# and should contain a list of the authorization modules that define\n# the central access policy for use on the system.  The default is to\n# only deny service to users whose accounts are expired in /etc/shadow.\n#\naccount\trequired\tpam_unix.so\n", 4096) = 392
21516 14:45:54.932107 read(6, "", 4096) = 0
21516 14:45:54.932117 close(6)          = 0
21516 14:45:54.932126 munmap(0xb7f98000, 4096) = 0
21516 14:45:54.932137 stat64("/etc/pam.d", {st_mode=S_IFDIR|0755, st_size=4096, ...}) = 0
21516 14:45:54.932155 open("/etc/pam.d/common-session", O_RDONLY|O_LARGEFILE) = 6
21516 14:45:54.932168 fstat64(6, {st_mode=S_IFREG|0644, st_size=372, ...}) = 0
21516 14:45:54.932184 mmap2(NULL, 4096, PROT_READ|PROT_WRITE, MAP_PRIVATE|MAP_ANONYMOUS, -1, 0) = 0xb7f98000
21516 14:45:54.932194 read(6, "#\n# /etc/pam.d/common-session - session-related modules common to all services\n#\n# This file is included from other service-specific PAM config files,\n# and should contain a list of modules that define tasks to be performed\n# at the start and end of sessions of *any* kind (both interactive and\n# non-interactive).  The default is pam_unix.\n#\nsession\trequired\tpam_unix.so\n", 4096) = 372
21516 14:45:54.932232 read(6, "", 4096) = 0
21516 14:45:54.932241 close(6)          = 0
21516 14:45:54.932251 munmap(0xb7f98000, 4096) = 0
21516 14:45:54.932260 read(5, "", 4096) = 0
21516 14:45:54.932270 close(5)          = 0
21516 14:45:54.932278 munmap(0xb7f9e000, 4096) = 0
21516 14:45:54.932288 open("/etc/pam.d/other", O_RDONLY|O_LARGEFILE) = 5
21516 14:45:54.932301 fstat64(5, {st_mode=S_IFREG|0644, st_size=520, ...}) = 0
21516 14:45:54.932317 mmap2(NULL, 4096, PROT_READ|PROT_WRITE, MAP_PRIVATE|MAP_ANONYMOUS, -1, 0) = 0xb7f9e000
21516 14:45:54.932327 read(5, "#\n# /etc/pam.d/other - specify the PAM fallback behaviour\n#\n# Note that this file is used for any unspecified service; for example\n#if /etc/pam.d/cron  specifies no session modules but cron calls\n#pam_open_session, the session module out of /etc/pam.d/other is\n#used.  If you really want nothing to happen then use pam_permit.so or\n#pam_deny.so as appropriate.\n\n# We fall back to the system default in /etc/pam.d/common-*\n# \n\n@include common-auth\n@include common-account\n@include common-password\n@include common-session\n", 4096) = 520
21516 14:45:54.932371 stat64("/etc/pam.d", {st_mode=S_IFDIR|0755, st_size=4096, ...}) = 0
21516 14:45:54.932389 open("/etc/pam.d/common-auth", O_RDONLY|O_LARGEFILE) = 6
21516 14:45:54.932401 fstat64(6, {st_mode=S_IFREG|0644, st_size=476, ...}) = 0
21516 14:45:54.932417 mmap2(NULL, 4096, PROT_READ|PROT_WRITE, MAP_PRIVATE|MAP_ANONYMOUS, -1, 0) = 0xb7f98000
21516 14:45:54.932427 read(6, "#\n# /etc/pam.d/common-auth - authentication settings common to all services\n#\n# This file is included from other service-specific PAM config files,\n# and should contain a list of the authentication modules that define\n# the central authentication scheme for use on the system\n# (e.g., /etc/shadow, LDAP, Kerberos, etc.).  The default is to use the\n# traditional Unix authentication mechanisms.\n#\nauth\trequisite\tpam_unix.so nullok_secure\n# auth\toptional\tpam_smbpass.so migrate\n", 4096) = 476
21516 14:45:54.932472 read(6, "", 4096) = 0
21516 14:45:54.932482 close(6)          = 0
21516 14:45:54.932491 munmap(0xb7f98000, 4096) = 0
21516 14:45:54.932501 stat64("/etc/pam.d", {st_mode=S_IFDIR|0755, st_size=4096, ...}) = 0
21516 14:45:54.932519 open("/etc/pam.d/common-account", O_RDONLY|O_LARGEFILE) = 6
21516 14:45:54.932532 fstat64(6, {st_mode=S_IFREG|0644, st_size=392, ...}) = 0
21516 14:45:54.932547 mmap2(NULL, 4096, PROT_READ|PROT_WRITE, MAP_PRIVATE|MAP_ANONYMOUS, -1, 0) = 0xb7f98000
21516 14:45:54.932557 read(6, "#\n# /etc/pam.d/common-account - authorization settings common to all services\n#\n# This file is included from other service-specific PAM config files,\n# and should contain a list of the authorization modules that define\n# the central access policy for use on the system.  The default is to\n# only deny service to users whose accounts are expired in /etc/shadow.\n#\naccount\trequired\tpam_unix.so\n", 4096) = 392
21516 14:45:54.932598 read(6, "", 4096) = 0
21516 14:45:54.932608 close(6)          = 0
21516 14:45:54.932617 munmap(0xb7f98000, 4096) = 0
21516 14:45:54.932627 stat64("/etc/pam.d", {st_mode=S_IFDIR|0755, st_size=4096, ...}) = 0
21516 14:45:54.932645 open("/etc/pam.d/common-password", O_RDONLY|O_LARGEFILE) = 6
21516 14:45:54.932658 fstat64(6, {st_mode=S_IFREG|0644, st_size=1563, ...}) = 0
21516 14:45:54.932673 mmap2(NULL, 4096, PROT_READ|PROT_WRITE, MAP_PRIVATE|MAP_ANONYMOUS, -1, 0) = 0xb7f98000
21516 14:45:54.932683 read(6, "#\n# /etc/pam.d/common-password - password-related modules common to all services\n#\n# This file is included from other service-specific PAM config files,\n# and should contain a list of modules that define the services to be\n# used to change user passwords.  The default is pam_unix.\n\n# Explanation of pam_unix options:\n#\n# The \"nullok\" option allows users to change an empty password, else\n# empty passwords are treated as locked accounts.\n#\n# The \"md5\" option enables MD5 passwords.  Without this option, the\n# default is Unix crypt.\n#\n# The \"obscure\" option replaces the old `OBSCURE_CHECKS_ENAB\' option in\n# login.defs.\n#\n# You can also use the \"min\" option to enforce the length of the new\n# password.\n#\n# See the pam_unix manpage for other options.\n\npassword   requisite   pam_unix.so nullok obscure md5\n\n# Alternate strength checking for password. Note that this\n# requires the libpam-cracklib package to be installed.\n# You will need to comment out the password line above and\n# uncomment the next two in order to use this.\n# (Replaces the `OBSCURE_CHECKS_ENAB\', `CRACKLIB_DICTPATH\')\n#\n# password required\t  pam_cracklib.so retry=3 minlen=6 difok=3\n# password required\t  pam_unix.so use_authtok nullok md5\n\n# minimally-intrusive inclusion of smbpass in the stack for\n# synchronization.  If the module is absent or the passwords don\'t\n# match, this module will be ignored without prompting; and if the \n# passwords do match, the NTLM hash for the user will be updated\n# automatically.\n# password   optional   pam_smbpass.so nullok use_authtok use_first_pass\n", 4096) = 1563
21516 14:45:54.932808 read(6, "", 4096) = 0
21516 14:45:54.932821 close(6)          = 0
21516 14:45:54.932831 munmap(0xb7f98000, 4096) = 0
21516 14:45:54.932851 stat64("/etc/pam.d", {st_mode=S_IFDIR|0755, st_size=4096, ...}) = 0
21516 14:45:54.932869 open("/etc/pam.d/common-session", O_RDONLY|O_LARGEFILE) = 6
21516 14:45:54.932882 fstat64(6, {st_mode=S_IFREG|0644, st_size=372, ...}) = 0
21516 14:45:54.932898 mmap2(NULL, 4096, PROT_READ|PROT_WRITE, MAP_PRIVATE|MAP_ANONYMOUS, -1, 0) = 0xb7f98000
21516 14:45:54.932908 read(6, "#\n# /etc/pam.d/common-session - session-related modules common to all services\n#\n# This file is included from other service-specific PAM config files,\n# and should contain a list of modules that define tasks to be performed\n# at the start and end of sessions of *any* kind (both interactive and\n# non-interactive).  The default is pam_unix.\n#\nsession\trequired\tpam_unix.so\n", 4096) = 372
21516 14:45:54.932946 read(6, "", 4096) = 0
21516 14:45:54.932955 close(6)          = 0
21516 14:45:54.932964 munmap(0xb7f98000, 4096) = 0
21516 14:45:54.932974 read(5, "", 4096) = 0
21516 14:45:54.932983 close(5)          = 0
21516 14:45:54.932992 munmap(0xb7f9e000, 4096) = 0
21516 14:45:54.933004 time(NULL)        = 1495651554
21516 14:45:54.933016 lstat64("/etc/ftpusers", {st_mode=S_IFREG|0644, st_size=132, ...}) = 0
21516 14:45:54.933034 open("/etc/ftpusers", O_RDONLY|O_LARGEFILE) = 5
21516 14:45:54.933046 fstat64(5, {st_mode=S_IFREG|0644, st_size=132, ...}) = 0
21516 14:45:54.933061 mmap2(NULL, 4096, PROT_READ|PROT_WRITE, MAP_PRIVATE|MAP_ANONYMOUS, -1, 0) = 0xb7f9e000
21516 14:45:54.933071 read(5, "# /etc/ftpusers: list of users disallowed FTP access. See ftpusers(5).\n\nroot\ndaemon\nbin\nsys\nsync\ngames\nman\nlp\nmail\nnews\nuucp\nnobody\n", 4096) = 132
21516 14:45:54.933095 read(5, "", 4096) = 0
21516 14:45:54.933105 close(5)          = 0
21516 14:45:54.933114 munmap(0xb7f9e000, 4096) = 0
21516 14:45:54.933128 getuid32()        = 0
21516 14:45:54.933145 open("/etc/passwd", O_RDONLY|0x80000 /* O_??? */) = 5
21516 14:45:54.933159 _llseek(5, 0, [0], SEEK_CUR) = 0
21516 14:45:54.933170 fstat64(5, {st_mode=S_IFREG|0644, st_size=1624, ...}) = 0
21516 14:45:54.933186 mmap2(NULL, 1624, PROT_READ, MAP_SHARED, 5, 0) = 0xb7f9e000
21516 14:45:54.933196 _llseek(5, 1624, [1624], SEEK_SET) = 0
21516 14:45:54.933215 munmap(0xb7f9e000, 1624) = 0
21516 14:45:54.933225 close(5)          = 0
21516 14:45:54.933249 open("/etc/shadow", O_RDONLY|0x80000 /* O_??? */) = 5
21516 14:45:54.933265 _llseek(5, 0, [0], SEEK_CUR) = 0
21516 14:45:54.933276 fstat64(5, {st_mode=S_IFREG|0640, st_size=1233, ...}) = 0
21516 14:45:54.933292 mmap2(NULL, 1233, PROT_READ, MAP_SHARED, 5, 0) = 0xb7f9e000
21516 14:45:54.933302 _llseek(5, 1233, [1233], SEEK_SET) = 0
21516 14:45:54.933321 munmap(0xb7f9e000, 1233) = 0
21516 14:45:54.933331 close(5)          = 0
21516 14:45:54.933348 open("/etc/passwd", O_RDONLY|0x80000 /* O_??? */) = 5
21516 14:45:54.933361 _llseek(5, 0, [0], SEEK_CUR) = 0
21516 14:45:54.933371 fstat64(5, {st_mode=S_IFREG|0644, st_size=1624, ...}) = 0
21516 14:45:54.933387 mmap2(NULL, 1624, PROT_READ, MAP_SHARED, 5, 0) = 0xb7f9e000
21516 14:45:54.933397 _llseek(5, 1624, [1624], SEEK_SET) = 0
21516 14:45:54.933413 munmap(0xb7f9e000, 1624) = 0
21516 14:45:54.933422 close(5)          = 0
21516 14:45:54.933434 open("/etc/shadow", O_RDONLY|0x80000 /* O_??? */) = 5
21516 14:45:54.933446 _llseek(5, 0, [0], SEEK_CUR) = 0
21516 14:45:54.933456 fstat64(5, {st_mode=S_IFREG|0640, st_size=1233, ...}) = 0
21516 14:45:54.933472 mmap2(NULL, 1233, PROT_READ, MAP_SHARED, 5, 0) = 0xb7f9e000
21516 14:45:54.933482 _llseek(5, 1233, [1233], SEEK_SET) = 0
21516 14:45:54.933498 munmap(0xb7f9e000, 1233) = 0
21516 14:45:54.933507 close(5)          = 0
21516 14:45:54.933739 getuid32()        = 0
21516 14:45:54.933750 open("/etc/passwd", O_RDONLY|0x80000 /* O_??? */) = 5
21516 14:45:54.933762 _llseek(5, 0, [0], SEEK_CUR) = 0
21516 14:45:54.933785 fstat64(5, {st_mode=S_IFREG|0644, st_size=1624, ...}) = 0
21516 14:45:54.933812 mmap2(NULL, 1624, PROT_READ, MAP_SHARED, 5, 0) = 0xb7f9e000
21516 14:45:54.933823 _llseek(5, 1624, [1624], SEEK_SET) = 0
21516 14:45:54.933838 munmap(0xb7f9e000, 1624) = 0
21516 14:45:54.933848 close(5)          = 0
21516 14:45:54.933861 open("/etc/shadow", O_RDONLY|0x80000 /* O_??? */) = 5
21516 14:45:54.933873 _llseek(5, 0, [0], SEEK_CUR) = 0
21516 14:45:54.933883 fstat64(5, {st_mode=S_IFREG|0640, st_size=1233, ...}) = 0
21516 14:45:54.933899 mmap2(NULL, 1233, PROT_READ, MAP_SHARED, 5, 0) = 0xb7f9e000
21516 14:45:54.933909 _llseek(5, 1233, [1233], SEEK_SET) = 0
21516 14:45:54.933925 munmap(0xb7f9e000, 1233) = 0
21516 14:45:54.933934 close(5)          = 0
21516 14:45:54.933946 time(NULL)        = 1495651554
21516 14:45:54.933960 munmap(0xb7f9b000, 12164) = 0
21516 14:45:54.933973 munmap(0xb7f99000, 7136) = 0
21516 14:45:54.933987 munmap(0xb7dce000, 95428) = 0
21516 14:45:54.933998 munmap(0xb7d94000, 201052) = 0
21516 14:45:54.934009 munmap(0xb7d7b000, 101180) = 0
21516 14:45:54.934024 gettimeofday({1495651554, 934028}, NULL) = 0
21516 14:45:54.934036 stat64("/usr/share/zoneinfo/UTC+04:00", 0xbfd67ed4) = -1 ENOENT (No such file or directory)
21516 14:45:54.934051 open("/usr/share/zoneinfo/UTC+04:00", O_RDONLY) = -1 ENOENT (No such file or directory)
21516 14:45:54.934075 fcntl64(3, F_SETLKW64, {type=F_WRLCK, whence=SEEK_SET, start=0, len=0}, 0xbfd68024) = 0
21516 14:45:54.934091 write(3, "Wed May 24 14:45:54 2017 [pid 21516] [msfadmin] OK LOGIN: Client \"127.0.0.1\"\n", 77) = 77
21516 14:45:54.934107 fcntl64(3, F_SETLK64, {type=F_UNLCK, whence=SEEK_SET, start=0, len=0}, 0xbfd6802c) = 0
21516 14:45:54.934120 rt_sigaction(SIGCHLD, {0x805cad0, ~[RTMIN RT_1], 0}, NULL, 8) = 0
21516 14:45:54.934134 write(4, "\1", 1 <unfinished ...>
21517 14:45:54.934147 <... read resumed> "\1", 1) = 1
21516 14:45:54.934152 <... write resumed> ) = 1
21517 14:45:54.934159 exit_group(0)     = ?
21516 14:45:54.934187 --- SIGCHLD (Child exited) @ 0 (0) ---
21516 14:45:54.934197 sigreturn()       = ? (mask now [])
21516 14:45:54.934216 wait4(-1, [{WIFEXITED(s) && WEXITSTATUS(s) == 0}], 0, NULL) = 21517
21516 14:45:54.934229 close(4)          = 0
21516 14:45:54.934241 socketpair(PF_FILE, SOCK_STREAM, 0, [4, 5]) = 0
21516 14:45:54.934254 rt_sigaction(SIGCHLD, {0x805cad0, ~[RTMIN RT_1], 0}, NULL, 8) = 0
21516 14:45:54.934268 rt_sigaction(SIGALRM, {0x805cb10, ~[RTMIN RT_1], 0}, NULL, 8) = 0
21516 14:45:54.934928 clone(child_stack=0, flags=CLONE_CHILD_CLEARTID|CLONE_CHILD_SETTID|SIGCHLD, child_tidptr=0xb7e046f8) = 21518
21518 14:45:54.934980 prctl(0x1, 0x9, 0, 0, 0) = 0
21518 14:45:54.934993 close(4)          = 0
21518 14:45:54.935019 open("/etc/passwd", O_RDONLY|0x80000 /* O_??? */) = 4
21518 14:45:54.935036 _llseek(4, 0, [0], SEEK_CUR) = 0
21518 14:45:54.935051 fstat64(4, {st_mode=S_IFREG|0644, st_size=1624, ...}) = 0
21518 14:45:54.935069 mmap2(NULL, 1624, PROT_READ, MAP_SHARED, 4, 0) = 0xb7f9e000
21518 14:45:54.935080 _llseek(4, 1624, [1624], SEEK_SET) = 0
21518 14:45:54.935102 munmap(0xb7f9e000, 1624) = 0
21518 14:45:54.935113 close(4)          = 0
21518 14:45:54.935126 getuid32()        = 0
21518 14:45:54.935136 open("/etc/passwd", O_RDONLY|0x80000 /* O_??? */) = 4
21518 14:45:54.935148 _llseek(4, 0, [0], SEEK_CUR) = 0
21518 14:45:54.935158 fstat64(4, {st_mode=S_IFREG|0644, st_size=1624, ...}) = 0
21518 14:45:54.935174 mmap2(NULL, 1624, PROT_READ, MAP_SHARED, 4, 0) = 0xb7f9e000
21518 14:45:54.935185 _llseek(4, 1624, [1624], SEEK_SET) = 0
21518 14:45:54.935200 munmap(0xb7f9e000, 1624) = 0
21518 14:45:54.935209 close(4)          = 0
21518 14:45:54.935234 open("/proc/sys/kernel/ngroups_max", O_RDONLY) = 4
21518 14:45:54.935254 read(4, "65536\n", 31) = 6
21518 14:45:54.935266 close(4)          = 0
21518 14:45:54.935280 socket(PF_FILE, SOCK_STREAM, 0) = 4
21518 14:45:54.935291 fcntl64(4, F_SETFL, O_RDWR|O_NONBLOCK) = 0
21518 14:45:54.935302 connect(4, {sa_family=AF_FILE, path="/var/run/nscd/socket"}, 110) = -1 ENOENT (No such file or directory)
21518 14:45:54.935322 close(4)          = 0
21518 14:45:54.935333 socket(PF_FILE, SOCK_STREAM, 0) = 4
21518 14:45:54.935343 fcntl64(4, F_SETFL, O_RDWR|O_NONBLOCK) = 0
21518 14:45:54.935370 connect(4, {sa_family=AF_FILE, path="/var/run/nscd/socket"}, 110) = -1 ENOENT (No such file or directory)
21518 14:45:54.935392 close(4)          = 0
21518 14:45:54.935427 open("/etc/group", O_RDONLY|0x80000 /* O_??? */) = 4
21518 14:45:54.935441 _llseek(4, 0, [0], SEEK_CUR) = 0
21518 14:45:54.935451 fstat64(4, {st_mode=S_IFREG|0644, st_size=886, ...}) = 0
21518 14:45:54.935467 mmap2(NULL, 886, PROT_READ, MAP_SHARED, 4, 0) = 0xb7f9e000
21518 14:45:54.935478 _llseek(4, 886, [886], SEEK_SET) = 0
21518 14:45:54.935502 fstat64(4, {st_mode=S_IFREG|0644, st_size=886, ...}) = 0
21518 14:45:54.935518 munmap(0xb7f9e000, 886) = 0
21518 14:45:54.935528 close(4)          = 0
21518 14:45:54.935538 setgroups32(13, [1000, 4, 20, 24, 25, 29, 30, 44, 46, 107, 111, 112, 119]) = 0
21518 14:45:54.935554 geteuid32()       = 0
21518 14:45:54.935565 getegid32()       = 0
21518 14:45:54.935576 setregid32(-1, 1000) = 0
21518 14:45:54.935586 setreuid32(-1, 1000) = 0
21518 14:45:54.935597 chdir("/home/msfadmin") = 0
21518 14:45:54.935608 setreuid32(-1, 0) = 0
21518 14:45:54.935617 setregid32(-1, 0) = 0
21518 14:45:54.935628 setgid32(1000)    = 0
21518 14:45:54.935637 setuid32(1000)    = 0
21518 14:45:54.935647 setrlimit(RLIMIT_NPROC, {rlim_cur=0, rlim_max=0}) = 0
21518 14:45:54.935660 mmap2(NULL, 12288, PROT_READ|PROT_WRITE, MAP_PRIVATE|MAP_ANONYMOUS, -1, 0) = 0xb7f9c000
21518 14:45:54.935671 mprotect(0xb7f9e000, 4096, PROT_NONE) = 0
21518 14:45:54.935683 mprotect(0xb7f9c000, 4096, PROT_NONE) = 0
21518 14:45:54.935693 getcwd("/home/msfadmin", 4096) = 15
21518 14:45:54.935706 umask(022)        = 077
21518 14:45:54.935716 getcwd("/home/msfadmin", 4096) = 15
21518 14:45:54.935733 open(".message", O_RDONLY|O_NONBLOCK|O_LARGEFILE) = -1 ENOENT (No such file or directory)
21518 14:45:54.935755 write(0, "230 Login successful.\r\n", 23) = 23
21518 14:45:54.935820 rt_sigaction(SIGALRM, {0x805cad0, ~[RTMIN RT_1], 0}, NULL, 8) = 0
21518 14:45:54.935836 alarm(300)        = 0
21518 14:45:54.935847 mmap2(NULL, 12288, PROT_READ|PROT_WRITE, MAP_PRIVATE|MAP_ANONYMOUS, -1, 0) = 0xb7f99000
21518 14:45:54.935858 mprotect(0xb7f9b000, 4096, PROT_NONE) = 0
21518 14:45:54.935869 mprotect(0xb7f99000, 4096, PROT_NONE) = 0
21518 14:45:54.935882 recv(0, "TYPE I\r\n", 4096, MSG_PEEK) = 8
21518 14:45:54.935894 read(0, "TYPE I\r\n", 8) = 8
21518 14:45:54.935911 write(0, "200 Switching to Binary mode.\r\n", 31) = 31
21518 14:45:54.935950 rt_sigaction(SIGALRM, {0x805cad0, ~[RTMIN RT_1], 0}, NULL, 8) = 0
21518 14:45:54.935964 alarm(300)        = 300
21518 14:45:54.935975 recv(0, "PASV\r\n", 4096, MSG_PEEK) = 6
21518 14:45:54.935986 read(0, "PASV\r\n", 6) = 6
21518 14:45:54.935998 write(5, "\n", 1) = 1
21518 14:45:54.936009 read(5,  <unfinished ...>
21516 14:45:54.936022 close(5)          = 0
21516 14:45:54.936034 getuid32()        = 0
21516 14:45:54.936049 open("/etc/passwd", O_RDONLY|0x80000 /* O_??? */) = 5
21516 14:45:54.936063 _llseek(5, 0, [0], SEEK_CUR) = 0
21516 14:45:54.936075 fstat64(5, {st_mode=S_IFREG|0644, st_size=1624, ...}) = 0
21516 14:45:54.936092 mmap2(NULL, 1624, PROT_READ, MAP_SHARED, 5, 0) = 0xb7f9e000
21516 14:45:54.936103 _llseek(5, 1624, [1624], SEEK_SET) = 0
21516 14:45:54.936120 munmap(0xb7f9e000, 1624) = 0
21516 14:45:54.936132 close(5)          = 0
21516 14:45:54.936147 setgroups32(0, []) = 0
21516 14:45:54.936158 chdir("/usr/share/empty") = 0
21516 14:45:54.936170 chroot(".")       = 0
21516 14:45:54.936181 capset(NULL, NULL) = -1 EFAULT (Bad address)
21516 14:45:54.936195 prctl(0x8, 0, 0xbfd68008, 0x80549a6, 0xbfd67ff0) = 0
21516 14:45:54.936206 prctl(0x8, 0x1, 0xbfd68008, 0x8054a49, 0xbfd67ff0) = 0
21516 14:45:54.936216 setgid32(65534)   = 0
21516 14:45:54.936225 setuid32(65534)   = 0
21516 14:45:54.936235 capset(0x19980330, 0, {CAP_NET_BIND_SERVICE, CAP_NET_BIND_SERVICE, 0}) = 0
21516 14:45:54.936248 read(4, "\n", 1)  = 1
21516 14:45:54.936261 write(4, "\1", 1) = 1
21518 14:45:54.936272 <... read resumed> "\1", 1) = 1
21518 14:45:54.936279 write(5, "\f", 1) = 1
21518 14:45:54.936289 read(5,  <unfinished ...>
21516 14:45:54.936296 read(4, "\f", 1)  = 1
21516 14:45:54.936308 socket(PF_INET, SOCK_STREAM, IPPROTO_TCP) = 5
21516 14:45:54.936321 setsockopt(5, SOL_SOCKET, SO_REUSEADDR, [1], 4) = 0
21516 14:45:54.936351 gettimeofday({1495651554, 936355}, NULL) = 0
21516 14:45:54.936380 bind(5, {sa_family=AF_INET, sin_port=htons(14704), sin_addr=inet_addr("127.0.0.1")}, 16) = 0
21516 14:45:54.936396 listen(5, 1)      = 0
21516 14:45:54.936409 write(4, "p9\0\0", 4) = 4
21518 14:45:54.936420 <... read resumed> "p9\0\0", 4) = 4
21518 14:45:54.936433 write(0, "227 Entering Passive Mode (127,0,0,1,57,112).\r\n", 47) = 47
21518 14:45:54.936533 rt_sigaction(SIGALRM, {0x805cad0, ~[RTMIN RT_1], 0}, NULL, 8) = 0
21518 14:45:54.936550 alarm(300)        = 300
21518 14:45:54.936561 recv(0, "RETR myfile13\r\n", 4096, MSG_PEEK) = 15
21518 14:45:54.936573 read(0, "RETR myfile13\r\n", 15) = 15
21518 14:45:54.936588 write(5, "\v", 1) = 1
21518 14:45:54.936598 read(5,  <unfinished ...>
21516 14:45:54.936605 read(4, "\v", 1)  = 1
21516 14:45:54.936616 write(4, "\1\0\0\0", 4) = 4
21518 14:45:54.936626 <... read resumed> "\1\0\0\0", 4) = 4
21518 14:45:54.936635 gettimeofday({1495651554, 936638}, NULL) = 0
21518 14:45:54.936645 getcwd("/home/msfadmin", 4096) = 15
21518 14:45:54.936657 open("myfile13", O_RDONLY|O_NONBLOCK|O_LARGEFILE) = 4
21518 14:45:54.936670 fcntl64(4, F_SETLKW64, {type=F_RDLCK, whence=SEEK_SET, start=0, len=0}, 0xbfd67f74) = 0
21518 14:45:54.936683 fstat64(4, {st_mode=S_IFREG|0644, st_size=17, ...}) = 0
21518 14:45:54.936699 fcntl64(4, F_GETFL) = 0x8800 (flags O_RDONLY|O_NONBLOCK|O_LARGEFILE)
21518 14:45:54.936710 fcntl64(4, F_SETFL, O_RDONLY|O_LARGEFILE) = 0
21518 14:45:54.936722 write(5, "\v", 1) = 1
21518 14:45:54.936736 read(5,  <unfinished ...>
21516 14:45:54.936743 read(4, "\v", 1)  = 1
21516 14:45:54.936755 write(4, "\1\0\0\0", 4) = 4
21518 14:45:54.936765 <... read resumed> "\1\0\0\0", 4) = 4
21518 14:45:54.936772 write(5, "\v", 1) = 1
21518 14:45:54.936782 read(5,  <unfinished ...>
21516 14:45:54.936788 read(4, "\v", 1)  = 1
21516 14:45:54.936799 write(4, "\1\0\0\0", 4) = 4
21518 14:45:54.936809 <... read resumed> "\1\0\0\0", 4) = 4
21518 14:45:54.936816 write(5, "\r", 1) = 1
21518 14:45:54.936826 read(5,  <unfinished ...>
21516 14:45:54.936832 read(4, "\r", 1)  = 1
21516 14:45:54.936845 select(6, [5], NULL, NULL, {60, 0}) = 1 (in [5], left {60, 0})
21516 14:45:54.936861 accept(5, {sa_family=AF_INET, sin_port=htons(47308), sin_addr=inet_addr("127.0.0.1")}, [16]) = 6
21516 14:45:54.936883 write(4, "\1", 1) = 1
21518 14:45:54.936893 <... read resumed> "\1", 1) = 1
21518 14:45:54.936903 recvmsg(5,  <unfinished ...>
21516 14:45:54.936912 sendmsg(4, {msg_name(0)=NULL, msg_iov(1)=[{"\0", 1}], msg_controllen=16, {cmsg_len=16, cmsg_level=SOL_SOCKET, cmsg_type=SCM_RIGHTS, {6}}, msg_flags=0}, 0) = 1
21518 14:45:54.936929 <... recvmsg resumed> {msg_name(0)=NULL, msg_iov(1)=[{"\0", 1}], msg_controllen=16, {cmsg_len=16, cmsg_level=SOL_SOCKET, cmsg_type=SCM_RIGHTS, {6}}, msg_flags=0}, 0) = 1
21518 14:45:54.936942 setsockopt(6, SOL_SOCKET, SO_KEEPALIVE, [1], 4) = 0
21518 14:45:54.936954 setsockopt(6, SOL_IP, IP_TOS, [8], 4) = 0
21518 14:45:54.936965 setsockopt(6, SOL_SOCKET, SO_LINGER, {onoff=1, linger=32767}, 8) = 0
21518 14:45:54.936976 rt_sigaction(SIGALRM, {0x805cad0, ~[RTMIN RT_1], 0}, NULL, 8) = 0
21518 14:45:54.936989 alarm(300)        = 300
21518 14:45:54.937010 write(0, "150 Opening BINARY mode data connection for myfile13 (17 bytes).\r\n", 66) = 66
21518 14:45:54.937058 _llseek(4, 0, [0], SEEK_CUR) = 0
21518 14:45:54.937070 fstat64(4, {st_mode=S_IFREG|0644, st_size=17, ...}) = 0
21518 14:45:54.937087 _llseek(4, 0, [0], SEEK_SET) = 0
21518 14:45:54.937100 sendfile(6, 4, NULL, 17) = 17
21518 14:45:54.937128 rt_sigaction(SIGALRM, {0x805cad0, ~[RTMIN RT_1], 0}, NULL, 8) = 0
21518 14:45:54.937143 alarm(300)        = 300
21518 14:45:54.937152 close(6)          = 0
21518 14:45:54.937161 alarm(0)          = 300
21518 14:45:54.937171 gettimeofday({1495651554, 937174}, NULL) = 0
21518 14:45:54.937188 getpid()          = 21518
21518 14:45:54.937199 gettimeofday({1495651554, 937203}, NULL) = 0
21518 14:45:54.937216 fcntl64(3, F_SETLKW64, {type=F_WRLCK, whence=SEEK_SET, start=0, len=0}, 0xbfd67f14) = 0
21518 14:45:54.937231 write(3, "Wed May 24 14:45:54 2017 [pid 21518] [msfadmin] OK DOWNLOAD: Client \"127.0.0.1\", \"/home/msfadmin/myfile13\", 17 bytes, 29.38Kbyte/sec\n", 133) = 133
21518 14:45:54.937250 fcntl64(3, F_SETLK64, {type=F_UNLCK, whence=SEEK_SET, start=0, len=0}, 0xbfd67f1c) = 0
21518 14:45:54.937264 write(0, "226 Transfer complete.\r\n", 24) = 24
21518 14:45:54.937300 write(5, "\n", 1) = 1
21518 14:45:54.937312 read(5,  <unfinished ...>
21516 14:45:54.937328 close(6)          = 0
21516 14:45:54.937406 read(4, "\n", 1)  = 1
21516 14:45:54.937419 close(5)          = 0
21516 14:45:54.937430 write(4, "\1", 1) = 1
21518 14:45:54.937441 <... read resumed> "\1", 1) = 1
21518 14:45:54.937448 close(4)          = 0
21518 14:45:54.937458 rt_sigaction(SIGALRM, {0x805cad0, ~[RTMIN RT_1], 0}, NULL, 8) = 0
21518 14:45:54.937472 alarm(300)        = 0
21518 14:45:54.937483 recv(0,  <unfinished ...>
21516 14:45:54.937490 read(4,  <unfinished ...>
21518 14:45:55.535139 <... recv resumed> "USER msfadmin\r\n", 4096, MSG_PEEK) = 15
21518 14:45:55.535253 read(0, "USER msfadmin\r\n", 15) = 15
21518 14:45:55.535349 write(0, "331 Any password will do.\r\n", 27) = 27
21518 14:45:55.535436 rt_sigaction(SIGALRM, {0x805cad0, ~[RTMIN RT_1], 0}, NULL, 8) = 0
21518 14:45:55.535468 alarm(300)        = 299
21518 14:45:55.535494 recv(0, "PASS msfadmin\r\n", 4096, MSG_PEEK) = 15
21518 14:45:55.535508 read(0, "PASS msfadmin\r\n", 15) = 15
21518 14:45:55.535524 write(0, "230 Already logged in.\r\n", 24) = 24
21518 14:45:55.535586 rt_sigaction(SIGALRM, {0x805cad0, ~[RTMIN RT_1], 0}, NULL, 8) = 0
21518 14:45:55.535609 alarm(300)        = 300
21518 14:45:55.535621 recv(0, "TYPE I\r\n", 4096, MSG_PEEK) = 8
21518 14:45:55.535632 read(0, "TYPE I\r\n", 8) = 8
21518 14:45:55.535647 write(0, "200 Switching to Binary mode.\r\n", 31) = 31
21518 14:45:55.535683 rt_sigaction(SIGALRM, {0x805cad0, ~[RTMIN RT_1], 0}, NULL, 8) = 0
21518 14:45:55.535698 alarm(300)        = 300
21518 14:45:55.535708 recv(0, "PASV\r\n", 4096, MSG_PEEK) = 6
21518 14:45:55.535719 read(0, "PASV\r\n", 6) = 6
21518 14:45:55.535731 write(5, "\n", 1 <unfinished ...>
21516 14:45:55.535742 <... read resumed> "\n", 1) = 1
21518 14:45:55.535747 <... write resumed> ) = 1
21516 14:45:55.535755 write(4, "\1", 1) = 1
21516 14:45:55.535766 read(4,  <unfinished ...>
21518 14:45:55.535773 read(5, "\1", 1)  = 1
21518 14:45:55.535784 write(5, "\f", 1 <unfinished ...>
21516 14:45:55.535791 <... read resumed> "\f", 1) = 1
21518 14:45:55.535796 <... write resumed> ) = 1
21516 14:45:55.535803 socket(PF_INET, SOCK_STREAM, IPPROTO_TCP) = 5
21516 14:45:55.535818 setsockopt(5, SOL_SOCKET, SO_REUSEADDR, [1], 4) = 0
21516 14:45:55.535833 bind(5, {sa_family=AF_INET, sin_port=htons(25219), sin_addr=inet_addr("127.0.0.1")}, 16) = 0
21516 14:45:55.535849 listen(5, 1)      = 0
21516 14:45:55.535863 write(4, "\203b\0\0", 4) = 4
21516 14:45:55.535874 read(4,  <unfinished ...>
21518 14:45:55.535881 read(5, "\203b\0\0", 4) = 4
21518 14:45:55.535896 write(0, "227 Entering Passive Mode (127,0,0,1,98,131).\r\n", 47) = 47
21518 14:45:55.536008 rt_sigaction(SIGALRM, {0x805cad0, ~[RTMIN RT_1], 0}, NULL, 8) = 0
21518 14:45:55.542029 alarm(300)        = 300
21518 14:45:55.542042 recv(0, "RETR myfile14\r\n", 4096, MSG_PEEK) = 15
21518 14:45:55.542055 read(0, "RETR myfile14\r\n", 15) = 15
21518 14:45:55.542068 write(5, "\v", 1 <unfinished ...>
21516 14:45:55.542077 <... read resumed> "\v", 1) = 1
21518 14:45:55.542082 <... write resumed> ) = 1
21516 14:45:55.542089 write(4, "\1\0\0\0", 4 <unfinished ...>
21518 14:45:55.542095 read(5,  <unfinished ...>
21516 14:45:55.542101 <... write resumed> ) = 4
21518 14:45:55.542105 <... read resumed> "\1\0\0\0", 4) = 4
21516 14:45:55.542113 read(4,  <unfinished ...>
21518 14:45:55.542117 gettimeofday({1495651555, 542122}, NULL) = 0
21518 14:45:55.542129 getcwd("/home/msfadmin", 4096) = 15
21518 14:45:55.542142 open("myfile14", O_RDONLY|O_NONBLOCK|O_LARGEFILE) = 4
21518 14:45:55.542155 fcntl64(4, F_SETLKW64, {type=F_RDLCK, whence=SEEK_SET, start=0, len=0}, 0xbfd67f74) = 0
21518 14:45:55.542170 fstat64(4, {st_mode=S_IFREG|0644, st_size=17, ...}) = 0
21518 14:45:55.542187 fcntl64(4, F_GETFL) = 0x8800 (flags O_RDONLY|O_NONBLOCK|O_LARGEFILE)
21518 14:45:55.542197 fcntl64(4, F_SETFL, O_RDONLY|O_LARGEFILE) = 0
21518 14:45:55.542209 write(5, "\v", 1 <unfinished ...>
21516 14:45:55.542216 <... read resumed> "\v", 1) = 1
21518 14:45:55.542221 <... write resumed> ) = 1
21516 14:45:55.542228 write(4, "\1\0\0\0", 4 <unfinished ...>
21518 14:45:55.542233 read(5,  <unfinished ...>
21516 14:45:55.542239 <... write resumed> ) = 4
21518 14:45:55.542243 <... read resumed> "\1\0\0\0", 4) = 4
21516 14:45:55.542251 read(4,  <unfinished ...>
21518 14:45:55.542255 write(5, "\v", 1 <unfinished ...>
21516 14:45:55.542262 <... read resumed> "\v", 1) = 1
21518 14:45:55.542267 <... write resumed> ) = 1
21516 14:45:55.542273 write(4, "\1\0\0\0", 4 <unfinished ...>
21518 14:45:55.542279 read(5,  <unfinished ...>
21516 14:45:55.542284 <... write resumed> ) = 4
21518 14:45:55.542288 <... read resumed> "\1\0\0\0", 4) = 4
21516 14:45:55.542296 read(4,  <unfinished ...>
21518 14:45:55.542300 write(5, "\r", 1 <unfinished ...>
21516 14:45:55.542307 <... read resumed> "\r", 1) = 1
21518 14:45:55.542312 <... write resumed> ) = 1
21516 14:45:55.542319 select(6, [5], NULL, NULL, {60, 0} <unfinished ...>
21518 14:45:55.542326 read(5,  <unfinished ...>
21516 14:45:55.542332 <... select resumed> ) = 1 (in [5], left {60, 0})
21516 14:45:55.542342 accept(5, {sa_family=AF_INET, sin_port=htons(56362), sin_addr=inet_addr("127.0.0.1")}, [16]) = 6
21516 14:45:55.542369 write(4, "\1", 1 <unfinished ...>
21518 14:45:55.542377 <... read resumed> "\1", 1) = 1
21516 14:45:55.542382 <... write resumed> ) = 1
21518 14:45:55.542390 recvmsg(5,  <unfinished ...>
21516 14:45:55.542396 sendmsg(4, {msg_name(0)=NULL, msg_iov(1)=[{"\0", 1}], msg_controllen=16, {cmsg_len=16, cmsg_level=SOL_SOCKET, cmsg_type=SCM_RIGHTS, {6}}, msg_flags=0}, 0 <unfinished ...>
21518 14:45:55.542410 <... recvmsg resumed> {msg_name(0)=NULL, msg_iov(1)=[{"\0", 1}], msg_controllen=16, {cmsg_len=16, cmsg_level=SOL_SOCKET, cmsg_type=SCM_RIGHTS, {6}}, msg_flags=0}, 0) = 1
21516 14:45:55.542420 <... sendmsg resumed> ) = 1
21518 14:45:55.542428 setsockopt(6, SOL_SOCKET, SO_KEEPALIVE, [1], 4 <unfinished ...>
21516 14:45:55.542433 close(6 <unfinished ...>
21518 14:45:55.542440 <... setsockopt resumed> ) = 0
21516 14:45:55.542444 <... close resumed> ) = 0
21518 14:45:55.542452 setsockopt(6, SOL_IP, IP_TOS, [8], 4 <unfinished ...>
21516 14:45:55.542457 read(4,  <unfinished ...>
21518 14:45:55.542463 <... setsockopt resumed> ) = 0
21518 14:45:55.542470 setsockopt(6, SOL_SOCKET, SO_LINGER, {onoff=1, linger=32767}, 8) = 0
21518 14:45:55.542481 rt_sigaction(SIGALRM, {0x805cad0, ~[RTMIN RT_1], 0}, NULL, 8) = 0
21518 14:45:55.542494 alarm(300)        = 300
21518 14:45:55.542508 write(0, "150 Opening BINARY mode data connection for myfile14 (17 bytes).\r\n", 66) = 66
21518 14:45:55.542550 _llseek(4, 0, [0], SEEK_CUR) = 0
21518 14:45:55.542562 fstat64(4, {st_mode=S_IFREG|0644, st_size=17, ...}) = 0
21518 14:45:55.542579 _llseek(4, 0, [0], SEEK_SET) = 0
21518 14:45:55.542589 sendfile(6, 4, NULL, 17) = 17
21518 14:45:55.542620 rt_sigaction(SIGALRM, {0x805cad0, ~[RTMIN RT_1], 0}, NULL, 8) = 0
21518 14:45:55.542634 alarm(300)        = 300
21518 14:45:55.542644 close(6)          = 0
21518 14:45:55.542680 alarm(0)          = 300
21518 14:45:55.542691 gettimeofday({1495651555, 542695}, NULL) = 0
21518 14:45:55.542706 gettimeofday({1495651555, 542710}, NULL) = 0
21518 14:45:55.542720 fcntl64(3, F_SETLKW64, {type=F_WRLCK, whence=SEEK_SET, start=0, len=0}, 0xbfd67f14) = 0
21518 14:45:55.542734 write(3, "Wed May 24 14:45:55 2017 [pid 21518] [msfadmin] OK DOWNLOAD: Client \"127.0.0.1\", \"/home/msfadmin/myfile14\", 17 bytes, 28.23Kbyte/sec\n", 133) = 133
21518 14:45:55.542755 fcntl64(3, F_SETLK64, {type=F_UNLCK, whence=SEEK_SET, start=0, len=0}, 0xbfd67f1c) = 0
21518 14:45:55.542769 write(0, "226 Transfer complete.\r\n", 24) = 24
21518 14:45:55.542834 write(5, "\n", 1 <unfinished ...>
21516 14:45:55.542844 <... read resumed> "\n", 1) = 1
21518 14:45:55.542849 <... write resumed> ) = 1
21516 14:45:55.542856 close(5 <unfinished ...>
21518 14:45:55.542860 read(5,  <unfinished ...>
21516 14:45:55.542868 <... close resumed> ) = 0
21516 14:45:55.542875 write(4, "\1", 1 <unfinished ...>
21518 14:45:55.542882 <... read resumed> "\1", 1) = 1
21516 14:45:55.542887 <... write resumed> ) = 1
21518 14:45:55.542894 close(4 <unfinished ...>
21516 14:45:55.542898 read(4,  <unfinished ...>
21518 14:45:55.542919 <... close resumed> ) = 0
21518 14:45:55.542926 rt_sigaction(SIGALRM, {0x805cad0, ~[RTMIN RT_1], 0}, NULL, 8) = 0
21518 14:45:55.542949 alarm(300)        = 0
21518 14:45:55.542961 recv(0, "USER msfadmin\r\n", 4096, MSG_PEEK) = 15
21518 14:45:56.114316 read(0, "USER msfadmin\r\n", 15) = 15
21518 14:45:56.114348 write(0, "331 Any password will do.\r\n", 27) = 27
21518 14:45:56.114395 rt_sigaction(SIGALRM, {0x805cad0, ~[RTMIN RT_1], 0}, NULL, 8) = 0
21518 14:45:56.114412 alarm(300)        = 299
21518 14:45:56.114425 recv(0, "PASS msfadmin\r\n", 4096, MSG_PEEK) = 15
21518 14:45:56.114437 read(0, "PASS msfadmin\r\n", 15) = 15
21518 14:45:56.114453 write(0, "230 Already logged in.\r\n", 24) = 24
21518 14:45:56.114513 rt_sigaction(SIGALRM, {0x805cad0, ~[RTMIN RT_1], 0}, NULL, 8) = 0
21518 14:45:56.114529 alarm(300)        = 300
21518 14:45:56.114540 recv(0, "TYPE I\r\n", 4096, MSG_PEEK) = 8
21518 14:45:56.114551 read(0, "TYPE I\r\n", 8) = 8
21518 14:45:56.114565 write(0, "200 Switching to Binary mode.\r\n", 31) = 31
21518 14:45:56.114611 rt_sigaction(SIGALRM, {0x805cad0, ~[RTMIN RT_1], 0}, NULL, 8) = 0
21518 14:45:56.114646 alarm(300)        = 300
21518 14:45:56.114668 recv(0, "PASV\r\n", 4096, MSG_PEEK) = 6
21518 14:45:56.114680 read(0, "PASV\r\n", 6) = 6
21518 14:45:56.114691 write(5, "\n", 1 <unfinished ...>
21516 14:45:56.114703 <... read resumed> "\n", 1) = 1
21518 14:45:56.114708 <... write resumed> ) = 1
21516 14:45:56.114717 write(4, "\1", 1 <unfinished ...>
21518 14:45:56.114722 read(5,  <unfinished ...>
21516 14:45:56.114729 <... write resumed> ) = 1
21518 14:45:56.114733 <... read resumed> "\1", 1) = 1
21516 14:45:56.114740 read(4,  <unfinished ...>
21518 14:45:56.114745 write(5, "\f", 1 <unfinished ...>
21516 14:45:56.114752 <... read resumed> "\f", 1) = 1
21518 14:45:56.114756 <... write resumed> ) = 1
21516 14:45:56.114765 socket(PF_INET, SOCK_STREAM, IPPROTO_TCP <unfinished ...>
21518 14:45:56.114770 read(5,  <unfinished ...>
21516 14:45:56.114780 <... socket resumed> ) = 5
21516 14:45:56.114787 setsockopt(5, SOL_SOCKET, SO_REUSEADDR, [1], 4) = 0
21516 14:45:56.114802 bind(5, {sa_family=AF_INET, sin_port=htons(21136), sin_addr=inet_addr("127.0.0.1")}, 16) = 0
21516 14:45:56.114819 listen(5, 1)      = 0
21516 14:45:56.114832 write(4, "\220R\0\0", 4 <unfinished ...>
21518 14:45:56.114840 <... read resumed> "\220R\0\0", 4) = 4
21516 14:45:56.114845 <... write resumed> ) = 4
21518 14:45:56.114857 write(0, "227 Entering Passive Mode (127,0,0,1,82,144).\r\n", 47 <unfinished ...>
21516 14:45:56.114865 read(4,  <unfinished ...>
21518 14:45:56.114966 <... write resumed> ) = 47
21518 14:45:56.114978 rt_sigaction(SIGALRM, {0x805cad0, ~[RTMIN RT_1], 0}, NULL, 8) = 0
21518 14:45:56.114993 alarm(300)        = 300
21518 14:45:56.115004 recv(0, "RETR myfile15\r\n", 4096, MSG_PEEK) = 15
21518 14:45:56.115016 read(0, "RETR myfile15\r\n", 15) = 15
21518 14:45:56.115028 write(5, "\v", 1 <unfinished ...>
21516 14:45:56.115036 <... read resumed> "\v", 1) = 1
21518 14:45:56.115041 <... write resumed> ) = 1
21516 14:45:56.115048 write(4, "\1\0\0\0", 4 <unfinished ...>
21518 14:45:56.115054 read(5,  <unfinished ...>
21516 14:45:56.115060 <... write resumed> ) = 4
21518 14:45:56.115063 <... read resumed> "\1\0\0\0", 4) = 4
21516 14:45:56.115072 read(4,  <unfinished ...>
21518 14:45:56.115076 gettimeofday({1495651556, 115080}, NULL) = 0
21518 14:45:56.115088 getcwd("/home/msfadmin", 4096) = 15
21518 14:45:56.115100 open("myfile15", O_RDONLY|O_NONBLOCK|O_LARGEFILE) = 4
21518 14:45:56.115113 fcntl64(4, F_SETLKW64, {type=F_RDLCK, whence=SEEK_SET, start=0, len=0}, 0xbfd67f74) = 0
21518 14:45:56.115147 fstat64(4, {st_mode=S_IFREG|0644, st_size=17, ...}) = 0
21518 14:45:56.115166 fcntl64(4, F_GETFL) = 0x8800 (flags O_RDONLY|O_NONBLOCK|O_LARGEFILE)
21518 14:45:56.115186 fcntl64(4, F_SETFL, O_RDONLY|O_LARGEFILE) = 0
21518 14:45:56.115197 write(5, "\v", 1 <unfinished ...>
21516 14:45:56.115205 <... read resumed> "\v", 1) = 1
21518 14:45:56.115210 <... write resumed> ) = 1
21516 14:45:56.115217 write(4, "\1\0\0\0", 4 <unfinished ...>
21518 14:45:56.115222 read(5,  <unfinished ...>
21516 14:45:56.115229 <... write resumed> ) = 4
21518 14:45:56.115232 <... read resumed> "\1\0\0\0", 4) = 4
21516 14:45:56.115240 read(4,  <unfinished ...>
21518 14:45:56.115245 write(5, "\v", 1 <unfinished ...>
21516 14:45:56.115251 <... read resumed> "\v", 1) = 1
21518 14:45:56.115256 <... write resumed> ) = 1
21516 14:45:56.115263 write(4, "\1\0\0\0", 4 <unfinished ...>
21518 14:45:56.115268 read(5,  <unfinished ...>
21516 14:45:56.115274 <... write resumed> ) = 4
21518 14:45:56.115278 <... read resumed> "\1\0\0\0", 4) = 4
21516 14:45:56.115286 read(4,  <unfinished ...>
21518 14:45:56.115290 write(5, "\r", 1 <unfinished ...>
21516 14:45:56.115297 <... read resumed> "\r", 1) = 1
21518 14:45:56.115301 <... write resumed> ) = 1
21516 14:45:56.115309 select(6, [5], NULL, NULL, {60, 0} <unfinished ...>
21518 14:45:56.115316 read(5,  <unfinished ...>
21516 14:45:56.115322 <... select resumed> ) = 1 (in [5], left {60, 0})
21516 14:45:56.115332 accept(5, {sa_family=AF_INET, sin_port=htons(48709), sin_addr=inet_addr("127.0.0.1")}, [16]) = 6
21516 14:45:56.115359 write(4, "\1", 1 <unfinished ...>
21518 14:45:56.115367 <... read resumed> "\1", 1) = 1
21516 14:45:56.115372 <... write resumed> ) = 1
21518 14:45:56.115380 recvmsg(5,  <unfinished ...>
21516 14:45:56.115386 sendmsg(4, {msg_name(0)=NULL, msg_iov(1)=[{"\0", 1}], msg_controllen=16, {cmsg_len=16, cmsg_level=SOL_SOCKET, cmsg_type=SCM_RIGHTS, {6}}, msg_flags=0}, 0 <unfinished ...>
21518 14:45:56.115400 <... recvmsg resumed> {msg_name(0)=NULL, msg_iov(1)=[{"\0", 1}], msg_controllen=16, {cmsg_len=16, cmsg_level=SOL_SOCKET, cmsg_type=SCM_RIGHTS, {6}}, msg_flags=0}, 0) = 1
21516 14:45:56.115410 <... sendmsg resumed> ) = 1
21518 14:45:56.115418 setsockopt(6, SOL_SOCKET, SO_KEEPALIVE, [1], 4 <unfinished ...>
21516 14:45:56.115423 close(6 <unfinished ...>
21518 14:45:56.115429 <... setsockopt resumed> ) = 0
21516 14:45:56.115433 <... close resumed> ) = 0
21518 14:45:56.115441 setsockopt(6, SOL_IP, IP_TOS, [8], 4 <unfinished ...>
21516 14:45:56.115447 read(4,  <unfinished ...>
21518 14:45:56.115453 <... setsockopt resumed> ) = 0
21518 14:45:56.115460 setsockopt(6, SOL_SOCKET, SO_LINGER, {onoff=1, linger=32767}, 8) = 0
21518 14:45:56.115471 rt_sigaction(SIGALRM, {0x805cad0, ~[RTMIN RT_1], 0}, NULL, 8) = 0
21518 14:45:56.115484 alarm(300)        = 300
21518 14:45:56.115497 write(0, "150 Opening BINARY mode data connection for myfile15 (17 bytes).\r\n", 66) = 66
21518 14:45:56.115538 _llseek(4, 0, [0], SEEK_CUR) = 0
21518 14:45:56.115550 fstat64(4, {st_mode=S_IFREG|0644, st_size=17, ...}) = 0
21518 14:45:56.115567 _llseek(4, 0, [0], SEEK_SET) = 0
21518 14:45:56.115578 sendfile(6, 4, NULL, 17) = 17
21518 14:45:56.115608 rt_sigaction(SIGALRM, {0x805cad0, ~[RTMIN RT_1], 0}, NULL, 8) = 0
21518 14:45:56.115644 alarm(300)        = 300
21518 14:45:56.115655 close(6)          = 0
21518 14:45:56.115703 alarm(0)          = 300
21518 14:45:56.115714 gettimeofday({1495651556, 115717}, NULL) = 0
21518 14:45:56.115729 gettimeofday({1495651556, 115733}, NULL) = 0
21518 14:45:56.115743 fcntl64(3, F_SETLKW64, {type=F_WRLCK, whence=SEEK_SET, start=0, len=0}, 0xbfd67f14) = 0
21518 14:45:56.115758 write(3, "Wed May 24 14:45:56 2017 [pid 21518] [msfadmin] OK DOWNLOAD: Client \"127.0.0.1\", \"/home/msfadmin/myfile15\", 17 bytes, 25.42Kbyte/sec\n", 133) = 133
21518 14:45:56.115780 fcntl64(3, F_SETLK64, {type=F_UNLCK, whence=SEEK_SET, start=0, len=0}, 0xbfd67f1c) = 0
21518 14:45:56.115794 write(0, "226 Transfer complete.\r\n", 24) = 24
21518 14:45:56.115858 write(5, "\n", 1 <unfinished ...>
21516 14:45:56.115868 <... read resumed> "\n", 1) = 1
21518 14:45:56.115873 <... write resumed> ) = 1
21516 14:45:56.115880 close(5 <unfinished ...>
21518 14:45:56.115885 read(5,  <unfinished ...>
21516 14:45:56.115892 <... close resumed> ) = 0
21516 14:45:56.115899 write(4, "\1", 1 <unfinished ...>
21518 14:45:56.115906 <... read resumed> "\1", 1) = 1
21516 14:45:56.115911 <... write resumed> ) = 1
21518 14:45:56.115918 close(4 <unfinished ...>
21516 14:45:56.115922 read(4,  <unfinished ...>
21518 14:45:56.115928 <... close resumed> ) = 0
21518 14:45:56.115935 rt_sigaction(SIGALRM, {0x805cad0, ~[RTMIN RT_1], 0}, NULL, 8) = 0
21518 14:45:56.115948 alarm(300)        = 0
21518 14:45:56.115959 recv(0,  <unfinished ...>
4380  14:45:56.234522 <... select resumed> ) = ? ERESTARTNOHAND (To be restarted)
4380  14:45:56.234548 --- SIGCHLD (Child exited) @ 0 (0) ---
4380  14:45:56.234558 write(4, "\21", 1) = 1
4380  14:45:56.234576 sigreturn()       = ? (mask now [])
4380  14:45:56.234610 select(13, [3 5 6 8 9 10 11 12], NULL, NULL, NULL) = 1 (in [3])
4380  14:45:56.234628 ioctl(3, FIONREAD, [1]) = 0
4380  14:45:56.234647 read(3, "\21", 1) = 1
4380  14:45:56.234661 waitpid(-1, [{WIFEXITED(s) && WEXITSTATUS(s) == 0}], WNOHANG) = 21511
4380  14:45:56.234680 close(-1)         = -1 EBADF (Bad file descriptor)
4380  14:45:56.234693 waitpid(-1, 0xbf9d5dbc, WNOHANG) = 0
4380  14:45:56.234703 select(13, [3 5 6 8 9 10 11 12], NULL, NULL, NULL <unfinished ...>
21518 14:45:56.705605 <... recv resumed> "USER msfadmin\r\n", 4096, MSG_PEEK) = 15
21518 14:45:56.705702 read(0, "USER msfadmin\r\n", 15) = 15
21518 14:45:56.705773 write(0, "331 Any password will do.\r\n", 27) = 27
21518 14:45:56.705849 rt_sigaction(SIGALRM, {0x805cad0, ~[RTMIN RT_1], 0}, NULL, 8) = 0
21518 14:45:56.705879 alarm(300)        = 299
21518 14:45:56.705900 recv(0, "PASS msfadmin\r\n", 4096, MSG_PEEK) = 15
21518 14:45:56.705912 read(0, "PASS msfadmin\r\n", 15) = 15
21518 14:45:56.705928 write(0, "230 Already logged in.\r\n", 24) = 24
21518 14:45:56.705987 rt_sigaction(SIGALRM, {0x805cad0, ~[RTMIN RT_1], 0}, NULL, 8) = 0
21518 14:45:56.706003 alarm(300)        = 300
21518 14:45:56.706014 recv(0, "TYPE I\r\n", 4096, MSG_PEEK) = 8
21518 14:45:56.706025 read(0, "TYPE I\r\n", 8) = 8
21518 14:45:56.706040 write(0, "200 Switching to Binary mode.\r\n", 31) = 31
21518 14:45:56.706075 rt_sigaction(SIGALRM, {0x805cad0, ~[RTMIN RT_1], 0}, NULL, 8) = 0
21518 14:45:56.706089 alarm(300)        = 300
21518 14:45:56.706100 recv(0, "PASV\r\n", 4096, MSG_PEEK) = 6
21518 14:45:56.706111 read(0, "PASV\r\n", 6) = 6
21518 14:45:56.706122 write(5, "\n", 1 <unfinished ...>
21516 14:45:56.706134 <... read resumed> "\n", 1) = 1
21518 14:45:56.706139 <... write resumed> ) = 1
21516 14:45:56.706147 write(4, "\1", 1 <unfinished ...>
21518 14:45:56.706153 read(5,  <unfinished ...>
21516 14:45:56.706159 <... write resumed> ) = 1
21518 14:45:56.706163 <... read resumed> "\1", 1) = 1
21516 14:45:56.706171 read(4,  <unfinished ...>
21518 14:45:56.706175 write(5, "\f", 1 <unfinished ...>
21516 14:45:56.706182 <... read resumed> "\f", 1) = 1
21518 14:45:56.706187 <... write resumed> ) = 1
