17646 14:06:07.814898 munmap(0xb7f29000, 4096) = 0
17646 14:06:07.814909 stat64("/etc/pam.d", {st_mode=S_IFDIR|0755, st_size=4096, ...}) = 0
17646 14:06:07.814928 open("/etc/pam.d/common-account", O_RDONLY|O_LARGEFILE) = 6
17646 14:06:07.814941 fstat64(6, {st_mode=S_IFREG|0644, st_size=392, ...}) = 0
17646 14:06:07.814957 mmap2(NULL, 4096, PROT_READ|PROT_WRITE, MAP_PRIVATE|MAP_ANONYMOUS, -1, 0) = 0xb7f29000
17646 14:06:07.814968 read(6, "#\n# /etc/pam.d/common-account - authorization settings common to all services\n#\n# This file is included from other service-specific PAM config files,\n# and should contain a list of the authorization modules that define\n# the central access policy for use on the system.  The default is to\n# only deny service to users whose accounts are expired in /etc/shadow.\n#\naccount\trequired\tpam_unix.so\n", 4096) = 392
17646 14:06:07.815006 read(6, "", 4096) = 0
17646 14:06:07.815016 close(6)          = 0
17646 14:06:07.815026 munmap(0xb7f29000, 4096) = 0
17646 14:06:07.815037 stat64("/etc/pam.d", {st_mode=S_IFDIR|0755, st_size=4096, ...}) = 0
17646 14:06:07.815056 open("/etc/pam.d/common-password", O_RDONLY|O_LARGEFILE) = 6
17646 14:06:07.815069 fstat64(6, {st_mode=S_IFREG|0644, st_size=1563, ...}) = 0
17646 14:06:07.815085 mmap2(NULL, 4096, PROT_READ|PROT_WRITE, MAP_PRIVATE|MAP_ANONYMOUS, -1, 0) = 0xb7f29000
17646 14:06:07.815096 read(6, "#\n# /etc/pam.d/common-password - password-related modules common to all services\n#\n# This file is included from other service-specific PAM config files,\n# and should contain a list of modules that define the services to be\n# used to change user passwords.  The default is pam_unix.\n\n# Explanation of pam_unix options:\n#\n# The \"nullok\" option allows users to change an empty password, else\n# empty passwords are treated as locked accounts.\n#\n# The \"md5\" option enables MD5 passwords.  Without this option, the\n# default is Unix crypt.\n#\n# The \"obscure\" option replaces the old `OBSCURE_CHECKS_ENAB\' option in\n# login.defs.\n#\n# You can also use the \"min\" option to enforce the length of the new\n# password.\n#\n# See the pam_unix manpage for other options.\n\npassword   requisite   pam_unix.so nullok obscure md5\n\n# Alternate strength checking for password. Note that this\n# requires the libpam-cracklib package to be installed.\n# You will need to comment out the password line above and\n# uncomment the next two in order to use this.\n# (Replaces the `OBSCURE_CHECKS_ENAB\', `CRACKLIB_DICTPATH\')\n#\n# password required\t  pam_cracklib.so retry=3 minlen=6 difok=3\n# password required\t  pam_unix.so use_authtok nullok md5\n\n# minimally-intrusive inclusion of smbpass in the stack for\n# synchronization.  If the module is absent or the passwords don\'t\n# match, this module will be ignored without prompting; and if the \n# passwords do match, the NTLM hash for the user will be updated\n# automatically.\n# password   optional   pam_smbpass.so nullok use_authtok use_first_pass\n", 4096) = 1563
17646 14:06:07.815216 read(6, "", 4096) = 0
17646 14:06:07.815227 close(6)          = 0
17646 14:06:07.815236 munmap(0xb7f29000, 4096) = 0
17646 14:06:07.815247 stat64("/etc/pam.d", {st_mode=S_IFDIR|0755, st_size=4096, ...}) = 0
17646 14:06:07.815266 open("/etc/pam.d/common-session", O_RDONLY|O_LARGEFILE) = 6
17646 14:06:07.815279 fstat64(6, {st_mode=S_IFREG|0644, st_size=372, ...}) = 0
17646 14:06:07.815295 mmap2(NULL, 4096, PROT_READ|PROT_WRITE, MAP_PRIVATE|MAP_ANONYMOUS, -1, 0) = 0xb7f29000
17646 14:06:07.815306 read(6, "#\n# /etc/pam.d/common-session - session-related modules common to all services\n#\n# This file is included from other service-specific PAM config files,\n# and should contain a list of modules that define tasks to be performed\n# at the start and end of sessions of *any* kind (both interactive and\n# non-interactive).  The default is pam_unix.\n#\nsession\trequired\tpam_unix.so\n", 4096) = 372
17646 14:06:07.815344 read(6, "", 4096) = 0
17646 14:06:07.815354 close(6)          = 0
17646 14:06:07.815364 munmap(0xb7f29000, 4096) = 0
17646 14:06:07.815374 read(5, "", 4096) = 0
17646 14:06:07.815384 close(5)          = 0
17646 14:06:07.815393 munmap(0xb7f2f000, 4096) = 0
17646 14:06:07.815406 time(NULL)        = 1495649167
17646 14:06:07.815418 lstat64("/etc/ftpusers", {st_mode=S_IFREG|0644, st_size=132, ...}) = 0
17646 14:06:07.815437 open("/etc/ftpusers", O_RDONLY|O_LARGEFILE) = 5
17646 14:06:07.815466 fstat64(5, {st_mode=S_IFREG|0644, st_size=132, ...}) = 0
17646 14:06:07.815485 mmap2(NULL, 4096, PROT_READ|PROT_WRITE, MAP_PRIVATE|MAP_ANONYMOUS, -1, 0) = 0xb7f2f000
17646 14:06:07.815496 read(5, "# /etc/ftpusers: list of users disallowed FTP access. See ftpusers(5).\n\nroot\ndaemon\nbin\nsys\nsync\ngames\nman\nlp\nmail\nnews\nuucp\nnobody\n", 4096) = 132
17646 14:06:07.815517 read(5, "", 4096) = 0
17646 14:06:07.815527 close(5)          = 0
17646 14:06:07.815537 munmap(0xb7f2f000, 4096) = 0
17646 14:06:07.815554 getuid32()        = 0
17646 14:06:07.815571 open("/etc/passwd", O_RDONLY|0x80000 /* O_??? */) = 5
17646 14:06:07.815597 _llseek(5, 0, [0], SEEK_CUR) = 0
17646 14:06:07.815630 fstat64(5, {st_mode=S_IFREG|0644, st_size=1624, ...}) = 0
17646 14:06:07.815647 mmap2(NULL, 1624, PROT_READ, MAP_SHARED, 5, 0) = 0xb7f2f000
17646 14:06:07.815659 _llseek(5, 1624, [1624], SEEK_SET) = 0
17646 14:06:07.815679 munmap(0xb7f2f000, 1624) = 0
17646 14:06:07.815691 close(5)          = 0
17646 14:06:07.815737 open("/etc/shadow", O_RDONLY|0x80000 /* O_??? */) = 5
17646 14:06:07.815756 _llseek(5, 0, [0], SEEK_CUR) = 0
17646 14:06:07.815776 fstat64(5, {st_mode=S_IFREG|0640, st_size=1233, ...}) = 0
17646 14:06:07.815792 mmap2(NULL, 1233, PROT_READ, MAP_SHARED, 5, 0) = 0xb7f2f000
17646 14:06:07.815803 _llseek(5, 1233, [1233], SEEK_SET) = 0
17646 14:06:07.815823 munmap(0xb7f2f000, 1233) = 0
17646 14:06:07.815833 close(5)          = 0
17646 14:06:07.815852 open("/etc/passwd", O_RDONLY|0x80000 /* O_??? */) = 5
17646 14:06:07.815866 _llseek(5, 0, [0], SEEK_CUR) = 0
17646 14:06:07.815877 fstat64(5, {st_mode=S_IFREG|0644, st_size=1624, ...}) = 0
17646 14:06:07.815893 mmap2(NULL, 1624, PROT_READ, MAP_SHARED, 5, 0) = 0xb7f2f000
17646 14:06:07.815904 _llseek(5, 1624, [1624], SEEK_SET) = 0
17646 14:06:07.815920 munmap(0xb7f2f000, 1624) = 0
17646 14:06:07.815930 close(5)          = 0
17646 14:06:07.815943 open("/etc/shadow", O_RDONLY|0x80000 /* O_??? */) = 5
17646 14:06:07.815956 _llseek(5, 0, [0], SEEK_CUR) = 0
17646 14:06:07.815966 fstat64(5, {st_mode=S_IFREG|0640, st_size=1233, ...}) = 0
17646 14:06:07.815983 mmap2(NULL, 1233, PROT_READ, MAP_SHARED, 5, 0) = 0xb7f2f000
17646 14:06:07.815997 _llseek(5, 1233, [1233], SEEK_SET) = 0
17646 14:06:07.816014 munmap(0xb7f2f000, 1233) = 0
17646 14:06:07.816024 close(5)          = 0
17646 14:06:07.816258 getuid32()        = 0
17646 14:06:07.816269 open("/etc/passwd", O_RDONLY|0x80000 /* O_??? */) = 5
17646 14:06:07.816282 _llseek(5, 0, [0], SEEK_CUR) = 0
17646 14:06:07.816293 fstat64(5, {st_mode=S_IFREG|0644, st_size=1624, ...}) = 0
17646 14:06:07.816320 mmap2(NULL, 1624, PROT_READ, MAP_SHARED, 5, 0) = 0xb7f2f000
17646 14:06:07.816340 _llseek(5, 1624, [1624], SEEK_SET) = 0
17646 14:06:07.816356 munmap(0xb7f2f000, 1624) = 0
17646 14:06:07.816365 close(5)          = 0
17646 14:06:07.816379 open("/etc/shadow", O_RDONLY|0x80000 /* O_??? */) = 5
17646 14:06:07.816392 _llseek(5, 0, [0], SEEK_CUR) = 0
17646 14:06:07.816402 fstat64(5, {st_mode=S_IFREG|0640, st_size=1233, ...}) = 0
17646 14:06:07.816418 mmap2(NULL, 1233, PROT_READ, MAP_SHARED, 5, 0) = 0xb7f2f000
17646 14:06:07.816429 _llseek(5, 1233, [1233], SEEK_SET) = 0
17646 14:06:07.816446 munmap(0xb7f2f000, 1233) = 0
17646 14:06:07.816457 close(5)          = 0
17646 14:06:07.816469 time(NULL)        = 1495649167
17646 14:06:07.816485 munmap(0xb7f2c000, 12164) = 0
17646 14:06:07.816498 munmap(0xb7f2a000, 7136) = 0
17646 14:06:07.816513 munmap(0xb7d5f000, 95428) = 0
17646 14:06:07.816525 munmap(0xb7d25000, 201052) = 0
17646 14:06:07.816536 munmap(0xb7d0c000, 101180) = 0
17646 14:06:07.816553 gettimeofday({1495649167, 816558}, NULL) = 0
17646 14:06:07.816581 stat64("/usr/share/zoneinfo/UTC+04:00", 0xbf994304) = -1 ENOENT (No such file or directory)
17646 14:06:07.816600 open("/usr/share/zoneinfo/UTC+04:00", O_RDONLY) = -1 ENOENT (No such file or directory)
17646 14:06:07.816637 fcntl64(3, F_SETLKW64, {type=F_WRLCK, whence=SEEK_SET, start=0, len=0}, 0xbf994454) = 0
17646 14:06:07.816665 write(3, "Wed May 24 14:06:07 2017 [pid 17646] [msfadmin] OK LOGIN: Client \"127.0.0.1\"\n", 77) = 77
17646 14:06:07.816692 fcntl64(3, F_SETLK64, {type=F_UNLCK, whence=SEEK_SET, start=0, len=0}, 0xbf99445c) = 0
17646 14:06:07.816706 rt_sigaction(SIGCHLD, {0x805cad0, ~[RTMIN RT_1], 0}, NULL, 8) = 0
17646 14:06:07.816721 write(4, "\1", 1 <unfinished ...>
17647 14:06:07.816731 <... read resumed> "\1", 1) = 1
17646 14:06:07.816737 <... write resumed> ) = 1
17647 14:06:07.816746 exit_group(0)     = ?
17646 14:06:07.816781 --- SIGCHLD (Child exited) @ 0 (0) ---
17646 14:06:07.816789 sigreturn()       = ? (mask now [])
17646 14:06:07.816809 wait4(-1, [{WIFEXITED(s) && WEXITSTATUS(s) == 0}], 0, NULL) = 17647
17646 14:06:07.816823 close(4)          = 0
17646 14:06:07.816835 socketpair(PF_FILE, SOCK_STREAM, 0, [4, 5]) = 0
17646 14:06:07.816850 rt_sigaction(SIGCHLD, {0x805cad0, ~[RTMIN RT_1], 0}, NULL, 8) = 0
17646 14:06:07.816864 rt_sigaction(SIGALRM, {0x805cb10, ~[RTMIN RT_1], 0}, NULL, 8) = 0
17646 14:06:07.816878 clone(child_stack=0, flags=CLONE_CHILD_CLEARTID|CLONE_CHILD_SETTID|SIGCHLD, child_tidptr=0xb7d956f8) = 17648
17648 14:06:07.816932 prctl(0x1, 0x9, 0, 0, 0) = 0
17648 14:06:07.816946 close(4)          = 0
17648 14:06:07.816974 open("/etc/passwd", O_RDONLY|0x80000 /* O_??? */) = 4
17648 14:06:07.816992 _llseek(4, 0, [0], SEEK_CUR) = 0
17648 14:06:07.817008 fstat64(4, {st_mode=S_IFREG|0644, st_size=1624, ...}) = 0
17648 14:06:07.817026 mmap2(NULL, 1624, PROT_READ, MAP_SHARED, 4, 0) = 0xb7f2f000
17648 14:06:07.817039 _llseek(4, 1624, [1624], SEEK_SET) = 0
17648 14:06:07.817063 munmap(0xb7f2f000, 1624) = 0
17648 14:06:07.817085 close(4)          = 0
17648 14:06:07.817108 getuid32()        = 0
17648 14:06:07.817119 open("/etc/passwd", O_RDONLY|0x80000 /* O_??? */) = 4
17648 14:06:07.817132 _llseek(4, 0, [0], SEEK_CUR) = 0
17648 14:06:07.817143 fstat64(4, {st_mode=S_IFREG|0644, st_size=1624, ...}) = 0
17648 14:06:07.817159 mmap2(NULL, 1624, PROT_READ, MAP_SHARED, 4, 0) = 0xb7f2f000
17648 14:06:07.817170 _llseek(4, 1624, [1624], SEEK_SET) = 0
17648 14:06:07.817186 munmap(0xb7f2f000, 1624) = 0
17648 14:06:07.817196 close(4)          = 0
17648 14:06:07.817223 open("/proc/sys/kernel/ngroups_max", O_RDONLY) = 4
17648 14:06:07.817245 read(4, "65536\n", 31) = 6
17648 14:06:07.817273 close(4)          = 0
17648 14:06:07.817297 socket(PF_FILE, SOCK_STREAM, 0) = 4
17648 14:06:07.817320 fcntl64(4, F_SETFL, O_RDWR|O_NONBLOCK) = 0
17648 14:06:07.817332 connect(4, {sa_family=AF_FILE, path="/var/run/nscd/socket"}, 110) = -1 ENOENT (No such file or directory)
17648 14:06:07.817364 close(4)          = 0
17648 14:06:07.817376 socket(PF_FILE, SOCK_STREAM, 0) = 4
17648 14:06:07.817387 fcntl64(4, F_SETFL, O_RDWR|O_NONBLOCK) = 0
17648 14:06:07.817397 connect(4, {sa_family=AF_FILE, path="/var/run/nscd/socket"}, 110) = -1 ENOENT (No such file or directory)
17648 14:06:07.817416 close(4)          = 0
17648 14:06:07.817452 open("/etc/group", O_RDONLY|0x80000 /* O_??? */) = 4
17648 14:06:07.817477 _llseek(4, 0, [0], SEEK_CUR) = 0
17648 14:06:07.817499 fstat64(4, {st_mode=S_IFREG|0644, st_size=886, ...}) = 0
17648 14:06:07.817525 mmap2(NULL, 886, PROT_READ, MAP_SHARED, 4, 0) = 0xb7f2f000
17648 14:06:07.817555 _llseek(4, 886, [886], SEEK_SET) = 0
17648 14:06:07.817592 fstat64(4, {st_mode=S_IFREG|0644, st_size=886, ...}) = 0
17648 14:06:07.817610 munmap(0xb7f2f000, 886) = 0
17648 14:06:07.817621 close(4)          = 0
17648 14:06:07.817631 setgroups32(13, [1000, 4, 20, 24, 25, 29, 30, 44, 46, 107, 111, 112, 119]) = 0
17648 14:06:07.817650 geteuid32()       = 0
17648 14:06:07.817661 getegid32()       = 0
17648 14:06:07.817672 setregid32(-1, 1000) = 0
17648 14:06:07.817684 setreuid32(-1, 1000) = 0
17648 14:06:07.817695 chdir("/home/msfadmin") = 0
17648 14:06:07.817708 setreuid32(-1, 0) = 0
17648 14:06:07.817727 setregid32(-1, 0) = 0
17648 14:06:07.817739 setgid32(1000)    = 0
17648 14:06:07.817749 setuid32(1000)    = 0
17648 14:06:07.817760 setrlimit(RLIMIT_NPROC, {rlim_cur=0, rlim_max=0}) = 0
17648 14:06:07.817775 mmap2(NULL, 12288, PROT_READ|PROT_WRITE, MAP_PRIVATE|MAP_ANONYMOUS, -1, 0) = 0xb7f2d000
17648 14:06:07.817787 mprotect(0xb7f2f000, 4096, PROT_NONE) = 0
17648 14:06:07.817800 mprotect(0xb7f2d000, 4096, PROT_NONE) = 0
17648 14:06:07.817812 getcwd("/home/msfadmin", 4096) = 15
17648 14:06:07.817827 umask(022)        = 077
17648 14:06:07.817838 getcwd("/home/msfadmin", 4096) = 15
17648 14:06:07.817853 open(".message", O_RDONLY|O_NONBLOCK|O_LARGEFILE) = -1 ENOENT (No such file or directory)
17648 14:06:07.817877 write(0, "230 Login successful.\r\n", 23) = 23
17648 14:06:07.817994 rt_sigaction(SIGALRM, {0x805cad0, ~[RTMIN RT_1], 0}, NULL, 8) = 0
17648 14:06:07.818012 alarm(300)        = 0
17648 14:06:07.818024 mmap2(NULL, 12288, PROT_READ|PROT_WRITE, MAP_PRIVATE|MAP_ANONYMOUS, -1, 0) = 0xb7f2a000
17648 14:06:07.818035 mprotect(0xb7f2c000, 4096, PROT_NONE) = 0
17648 14:06:07.818047 mprotect(0xb7f2a000, 4096, PROT_NONE) = 0
17648 14:06:07.818060 recv(0, "TYPE I\r\n", 4096, MSG_PEEK) = 8
17648 14:06:07.818074 read(0, "TYPE I\r\n", 8) = 8
17648 14:06:07.818091 write(0, "200 Switching to Binary mode.\r\n", 31) = 31
17648 14:06:07.818132 rt_sigaction(SIGALRM, {0x805cad0, ~[RTMIN RT_1], 0}, NULL, 8) = 0
17648 14:06:07.818147 alarm(300)        = 300
17648 14:06:07.818159 recv(0, "PASV\r\n", 4096, MSG_PEEK) = 6
17648 14:06:07.818170 read(0, "PASV\r\n", 6) = 6
17648 14:06:07.818183 write(5, "\n", 1) = 1
17648 14:06:07.818194 read(5,  <unfinished ...>
17646 14:06:07.818208 close(5)          = 0
17646 14:06:07.818221 getuid32()        = 0
17646 14:06:07.818237 open("/etc/passwd", O_RDONLY|0x80000 /* O_??? */) = 5
17646 14:06:07.818252 _llseek(5, 0, [0], SEEK_CUR) = 0
17646 14:06:07.818264 fstat64(5, {st_mode=S_IFREG|0644, st_size=1624, ...}) = 0
17646 14:06:07.818282 mmap2(NULL, 1624, PROT_READ, MAP_SHARED, 5, 0) = 0xb7f2f000
17646 14:06:07.818294 _llseek(5, 1624, [1624], SEEK_SET) = 0
17646 14:06:07.818312 munmap(0xb7f2f000, 1624) = 0
17646 14:06:07.818324 close(5)          = 0
17646 14:06:07.818340 setgroups32(0, []) = 0
17646 14:06:07.818353 chdir("/usr/share/empty") = 0
17646 14:06:07.818366 chroot(".")       = 0
17646 14:06:07.818377 capset(NULL, NULL) = -1 EFAULT (Bad address)
17646 14:06:07.818390 prctl(0x8, 0, 0xbf994438, 0x80549a6, 0xbf994420) = 0
17646 14:06:07.818403 prctl(0x8, 0x1, 0xbf994438, 0x8054a49, 0xbf994420) = 0
17646 14:06:07.818417 setgid32(65534)   = 0
17646 14:06:07.818428 setuid32(65534)   = 0
17646 14:06:07.818438 capset(0x19980330, 0, {CAP_NET_BIND_SERVICE, CAP_NET_BIND_SERVICE, 0}) = 0
17646 14:06:07.818451 read(4, "\n", 1)  = 1
17646 14:06:07.818465 write(4, "\1", 1) = 1
17648 14:06:07.818476 <... read resumed> "\1", 1) = 1
17648 14:06:07.818484 write(5, "\f", 1) = 1
17648 14:06:07.818496 read(5,  <unfinished ...>
17646 14:06:07.818527 read(4, "\f", 1)  = 1
17646 14:06:07.818551 socket(PF_INET, SOCK_STREAM, IPPROTO_TCP) = 5
17646 14:06:07.818565 setsockopt(5, SOL_SOCKET, SO_REUSEADDR, [1], 4) = 0
17646 14:06:07.818577 gettimeofday({1495649167, 818581}, NULL) = 0
17646 14:06:07.818595 bind(5, {sa_family=AF_INET, sin_port=htons(17662), sin_addr=inet_addr("127.0.0.1")}, 16) = 0
17646 14:06:07.818611 listen(5, 1)      = 0
17646 14:06:07.818625 write(4, "\376D\0\0", 4) = 4
17648 14:06:07.818637 <... read resumed> "\376D\0\0", 4) = 4
17648 14:06:07.818651 write(0, "227 Entering Passive Mode (127,0,0,1,68,254).\r\n", 47) = 47
17648 14:06:07.818767 rt_sigaction(SIGALRM, {0x805cad0, ~[RTMIN RT_1], 0}, NULL, 8) = 0
17648 14:06:07.818786 alarm(300)        = 300
17648 14:06:07.818798 recv(0, "RETR myfile19\r\n", 4096, MSG_PEEK) = 15
17648 14:06:07.818810 read(0, "RETR myfile19\r\n", 15) = 15
17648 14:06:07.818825 write(5, "\v", 1) = 1
17648 14:06:07.818836 read(5,  <unfinished ...>
17646 14:06:07.818844 read(4, "\v", 1)  = 1
17646 14:06:07.818856 write(4, "\1\0\0\0", 4) = 4
17648 14:06:07.818867 <... read resumed> "\1\0\0\0", 4) = 4
17648 14:06:07.818876 gettimeofday({1495649167, 818880}, NULL) = 0
17648 14:06:07.818887 getcwd("/home/msfadmin", 4096) = 15
17648 14:06:07.818900 open("myfile19", O_RDONLY|O_NONBLOCK|O_LARGEFILE) = 4
17648 14:06:07.818914 fcntl64(4, F_SETLKW64, {type=F_RDLCK, whence=SEEK_SET, start=0, len=0}, 0xbf9943a4) = 0
17648 14:06:07.818928 fstat64(4, {st_mode=S_IFREG|0644, st_size=17, ...}) = 0
17648 14:06:07.818945 fcntl64(4, F_GETFL) = 0x8800 (flags O_RDONLY|O_NONBLOCK|O_LARGEFILE)
17648 14:06:07.818956 fcntl64(4, F_SETFL, O_RDONLY|O_LARGEFILE) = 0
17648 14:06:07.818969 write(5, "\v", 1) = 1
17648 14:06:07.818980 read(5,  <unfinished ...>
17646 14:06:07.818987 read(4, "\v", 1)  = 1
17646 14:06:07.818999 write(4, "\1\0\0\0", 4) = 4
17648 14:06:07.819010 <... read resumed> "\1\0\0\0", 4) = 4
17648 14:06:07.819017 write(5, "\v", 1) = 1
17648 14:06:07.819028 read(5,  <unfinished ...>
17646 14:06:07.819035 read(4, "\v", 1)  = 1
17646 14:06:07.819046 write(4, "\1\0\0\0", 4) = 4
17648 14:06:07.819057 <... read resumed> "\1\0\0\0", 4) = 4
17648 14:06:07.819064 write(5, "\r", 1) = 1
17648 14:06:07.819075 read(5,  <unfinished ...>
17646 14:06:07.819082 read(4, "\r", 1)  = 1
17646 14:06:07.819095 select(6, [5], NULL, NULL, {60, 0}) = 1 (in [5], left {60, 0})
17646 14:06:07.819113 accept(5, {sa_family=AF_INET, sin_port=htons(59286), sin_addr=inet_addr("127.0.0.1")}, [16]) = 6
17646 14:06:07.819135 write(4, "\1", 1) = 1
17648 14:06:07.819146 <... read resumed> "\1", 1) = 1
17648 14:06:07.819156 recvmsg(5,  <unfinished ...>
17646 14:06:07.819166 sendmsg(4, {msg_name(0)=NULL, msg_iov(1)=[{"\0", 1}], msg_controllen=16, {cmsg_len=16, cmsg_level=SOL_SOCKET, cmsg_type=SCM_RIGHTS, {6}}, msg_flags=0}, 0) = 1
17648 14:06:07.819184 <... recvmsg resumed> {msg_name(0)=NULL, msg_iov(1)=[{"\0", 1}], msg_controllen=16, {cmsg_len=16, cmsg_level=SOL_SOCKET, cmsg_type=SCM_RIGHTS, {6}}, msg_flags=0}, 0) = 1
17648 14:06:07.819197 setsockopt(6, SOL_SOCKET, SO_KEEPALIVE, [1], 4) = 0
17648 14:06:07.819210 setsockopt(6, SOL_IP, IP_TOS, [8], 4) = 0
17648 14:06:07.819223 setsockopt(6, SOL_SOCKET, SO_LINGER, {onoff=1, linger=32767}, 8) = 0
17648 14:06:07.819234 rt_sigaction(SIGALRM, {0x805cad0, ~[RTMIN RT_1], 0}, NULL, 8) = 0
17648 14:06:07.819248 alarm(300)        = 300
17648 14:06:07.819262 write(0, "150 Opening BINARY mode data connection for myfile19 (17 bytes).\r\n", 66) = 66
17648 14:06:07.819304 _llseek(4, 0, [0], SEEK_CUR) = 0
17648 14:06:07.819317 fstat64(4, {st_mode=S_IFREG|0644, st_size=17, ...}) = 0
17648 14:06:07.819338 _llseek(4, 0, [0], SEEK_SET) = 0
17648 14:06:07.819352 sendfile(6, 4, NULL, 17) = 17
17648 14:06:07.819381 rt_sigaction(SIGALRM, {0x805cad0, ~[RTMIN RT_1], 0}, NULL, 8) = 0
17648 14:06:07.819396 alarm(300)        = 300
17648 14:06:07.819406 close(6)          = 0
17648 14:06:07.819416 alarm(0)          = 300
17648 14:06:07.819426 gettimeofday({1495649167, 819430}, NULL) = 0
17648 14:06:07.819444 getpid()          = 17648
17648 14:06:07.819457 gettimeofday({1495649167, 819461}, NULL) = 0
17648 14:06:07.819501 fcntl64(3, F_SETLKW64, {type=F_WRLCK, whence=SEEK_SET, start=0, len=0}, 0xbf994344) = 0
17648 14:06:07.819528 write(3, "Wed May 24 14:06:07 2017 [pid 17648] [msfadmin] OK DOWNLOAD: Client \"127.0.0.1\", \"/home/msfadmin/myfile19\", 17 bytes, 28.57Kbyte/sec\n", 133) = 133
17648 14:06:07.819548 fcntl64(3, F_SETLK64, {type=F_UNLCK, whence=SEEK_SET, start=0, len=0}, 0xbf99434c) = 0
17648 14:06:07.819563 write(0, "226 Transfer complete.\r\n", 24) = 24
17648 14:06:07.819579 write(5, "\n", 1) = 1
17648 14:06:07.819591 read(5,  <unfinished ...>
17646 14:06:07.819598 close(6)          = 0
17646 14:06:07.819679 read(4, "\n", 1)  = 1
17646 14:06:07.819693 close(5)          = 0
17646 14:06:07.819705 write(4, "\1", 1) = 1
17648 14:06:07.819717 <... read resumed> "\1", 1) = 1
17648 14:06:07.819724 close(4)          = 0
17648 14:06:07.819735 rt_sigaction(SIGALRM, {0x805cad0, ~[RTMIN RT_1], 0}, NULL, 8) = 0
17648 14:06:07.819749 alarm(300)        = 0
17648 14:06:07.819761 recv(0,  <unfinished ...>
17646 14:06:07.819768 read(4,  <unfinished ...>
17645 14:06:07.825615 <... recv resumed> "TYPE I\r\n", 4096, MSG_PEEK) = 8
17645 14:06:07.825646 read(0, "TYPE I\r\n", 8) = 8
17645 14:06:07.825668 write(0, "200 Switching to Binary mode.\r\n", 31) = 31
17645 14:06:07.825716 rt_sigaction(SIGALRM, {0x805cad0, ~[RTMIN RT_1], 0}, NULL, 8) = 0
17645 14:06:07.825734 alarm(300)        = 299
17645 14:06:07.825748 recv(0, "PASV\r\n", 4096, MSG_PEEK) = 6
17645 14:06:07.825760 read(0, "PASV\r\n", 6) = 6
17645 14:06:07.825772 write(5, "\n", 1 <unfinished ...>
17643 14:06:07.825784 <... read resumed> "\n", 1) = 1
17645 14:06:07.825789 <... write resumed> ) = 1
17643 14:06:07.825798 write(4, "\1", 1 <unfinished ...>
17645 14:06:07.825804 read(5,  <unfinished ...>
17643 14:06:07.825811 <... write resumed> ) = 1
17645 14:06:07.825815 <... read resumed> "\1", 1) = 1
17643 14:06:07.825824 read(4,  <unfinished ...>
17645 14:06:07.825828 write(5, "\f", 1 <unfinished ...>
17643 14:06:07.825836 <... read resumed> "\f", 1) = 1
17645 14:06:07.825841 <... write resumed> ) = 1
17643 14:06:07.825850 socket(PF_INET, SOCK_STREAM, IPPROTO_TCP <unfinished ...>
17645 14:06:07.825855 read(5,  <unfinished ...>
17643 14:06:07.825865 <... socket resumed> ) = 5
17643 14:06:07.825873 setsockopt(5, SOL_SOCKET, SO_REUSEADDR, [1], 4) = 0
17643 14:06:07.825888 bind(5, {sa_family=AF_INET, sin_port=htons(26997), sin_addr=inet_addr("127.0.0.1")}, 16) = 0
17643 14:06:07.825905 listen(5, 1)      = 0
17643 14:06:07.825919 write(4, "ui\0\0", 4 <unfinished ...>
17645 14:06:07.825928 <... read resumed> "ui\0\0", 4) = 4
17643 14:06:07.825934 <... write resumed> ) = 4
17645 14:06:07.825946 write(0, "227 Entering Passive Mode (127,0,0,1,105,117).\r\n", 48 <unfinished ...>
17643 14:06:07.825954 read(4,  <unfinished ...>
17645 14:06:07.826056 <... write resumed> ) = 48
17645 14:06:07.826068 rt_sigaction(SIGALRM, {0x805cad0, ~[RTMIN RT_1], 0}, NULL, 8) = 0
17645 14:06:07.826084 alarm(300)        = 300
17645 14:06:07.826096 recv(0, "STOR myfile3\r\n", 4096, MSG_PEEK) = 14
17645 14:06:07.826108 read(0, "STOR myfile3\r\n", 14) = 14
17645 14:06:07.826122 write(5, "\v", 1 <unfinished ...>
17643 14:06:07.826131 <... read resumed> "\v", 1) = 1
17645 14:06:07.826136 <... write resumed> ) = 1
17643 14:06:07.826143 write(4, "\1\0\0\0", 4) = 4
17643 14:06:07.826154 read(4,  <unfinished ...>
17645 14:06:07.826161 read(5, "\1\0\0\0", 4) = 4
17645 14:06:07.826174 gettimeofday({1495649167, 826178}, NULL) = 0
17645 14:06:07.826185 getcwd("/home/msfadmin", 4096) = 15
17645 14:06:07.826206 open("myfile3", O_WRONLY|O_CREAT|O_NONBLOCK|O_LARGEFILE, 0666) = 4
17645 14:06:07.826220 fstat64(4, {st_mode=S_IFREG|0644, st_size=17, ...}) = 0
17645 14:06:07.826239 fcntl64(4, F_GETFL) = 0x8801 (flags O_WRONLY|O_NONBLOCK|O_LARGEFILE)
17645 14:06:07.826250 fcntl64(4, F_SETFL, O_WRONLY|O_LARGEFILE) = 0
17645 14:06:07.826261 fcntl64(4, F_SETLKW64, {type=F_WRLCK, whence=SEEK_SET, start=0, len=0}, 0xbfe4b034) = 0
17645 14:06:07.826275 ftruncate64(4, 0) = 0
17645 14:06:07.826294 _llseek(4, 0, [0], SEEK_SET) = 0
17645 14:06:07.826306 write(5, "\v", 1 <unfinished ...>
17643 14:06:07.826332 <... read resumed> "\v", 1) = 1
17645 14:06:07.826340 <... write resumed> ) = 1
17643 14:06:07.826347 write(4, "\1\0\0\0", 4) = 4
17643 14:06:07.826368 read(4,  <unfinished ...>
17645 14:06:07.826376 read(5, "\1\0\0\0", 4) = 4
17645 14:06:07.826388 write(5, "\v", 1 <unfinished ...>
17643 14:06:07.826395 <... read resumed> "\v", 1) = 1
17645 14:06:07.826400 <... write resumed> ) = 1
17643 14:06:07.826406 write(4, "\1\0\0\0", 4) = 4
17643 14:06:07.826417 read(4,  <unfinished ...>
17645 14:06:07.826424 read(5, "\1\0\0\0", 4) = 4
17645 14:06:07.826436 write(5, "\r", 1 <unfinished ...>
17643 14:06:07.826444 <... read resumed> "\r", 1) = 1
17645 14:06:07.826449 <... write resumed> ) = 1
17643 14:06:07.826456 select(6, [5], NULL, NULL, {60, 0}) = 1 (in [5], left {60, 0})
17643 14:06:07.826473 accept(5, {sa_family=AF_INET, sin_port=htons(32984), sin_addr=inet_addr("127.0.0.1")}, [16]) = 6
17643 14:06:07.826496 write(4, "\1", 1) = 1
17643 14:06:07.826509 sendmsg(4, {msg_name(0)=NULL, msg_iov(1)=[{"\0", 1}], msg_controllen=16, {cmsg_len=16, cmsg_level=SOL_SOCKET, cmsg_type=SCM_RIGHTS, {6}}, msg_flags=0}, 0) = 1
17643 14:06:07.826526 close(6)          = 0
17643 14:06:07.826537 read(4,  <unfinished ...>
17645 14:06:07.826544 read(5, "\1", 1)  = 1
17645 14:06:07.826557 recvmsg(5, {msg_name(0)=NULL, msg_iov(1)=[{"\0", 1}], msg_controllen=16, {cmsg_len=16, cmsg_level=SOL_SOCKET, cmsg_type=SCM_RIGHTS, {6}}, msg_flags=0}, 0) = 1
17645 14:06:07.826576 setsockopt(6, SOL_SOCKET, SO_KEEPALIVE, [1], 4) = 0
17645 14:06:07.826589 setsockopt(6, SOL_IP, IP_TOS, [8], 4) = 0
17645 14:06:07.826601 setsockopt(6, SOL_SOCKET, SO_LINGER, {onoff=1, linger=32767}, 8) = 0
17645 14:06:07.826613 rt_sigaction(SIGALRM, {0x805cad0, ~[RTMIN RT_1], 0}, NULL, 8) = 0
17645 14:06:07.826627 alarm(300)        = 300
17645 14:06:07.826640 write(0, "150 Ok to send data.\r\n", 22) = 22
17645 14:06:07.826706 read(6, "assasaaa\na\na\na\na\n", 65536) = 17
17645 14:06:07.826720 write(4, "assasaaa\na\na\na\na\n", 17) = 17
17645 14:06:07.826737 read(6, "", 65536) = 0
17645 14:06:07.826748 rt_sigaction(SIGALRM, {0x805cad0, ~[RTMIN RT_1], 0}, NULL, 8) = 0
17645 14:06:07.826762 alarm(300)        = 300
17645 14:06:07.826773 close(6)          = 0
17645 14:06:07.826790 alarm(0)          = 300
17645 14:06:07.826800 gettimeofday({1495649167, 826804}, NULL) = 0
17645 14:06:07.826816 gettimeofday({1495649167, 826820}, NULL) = 0
17645 14:06:07.826830 fcntl64(3, F_SETLKW64, {type=F_WRLCK, whence=SEEK_SET, start=0, len=0}, 0xbfe4afd4) = 0
17645 14:06:07.826845 write(3, "Wed May 24 14:06:07 2017 [pid 17645] [msfadmin] OK UPLOAD: Client \"127.0.0.1\", \"/home/msfadmin/myfile3\", 17 bytes, 25.86Kbyte/sec\n", 130) = 130
17645 14:06:07.826867 fcntl64(3, F_SETLK64, {type=F_UNLCK, whence=SEEK_SET, start=0, len=0}, 0xbfe4afdc) = 0
17645 14:06:07.826882 write(0, "226 Transfer complete.\r\n", 24) = 24
17645 14:06:07.826925 write(5, "\n", 1 <unfinished ...>
17643 14:06:07.826935 <... read resumed> "\n", 1) = 1
17645 14:06:07.826940 <... write resumed> ) = 1
17643 14:06:07.826947 close(5)          = 0
17643 14:06:07.826959 write(4, "\1", 1) = 1
17643 14:06:07.826970 read(4,  <unfinished ...>
17645 14:06:07.826978 read(5, "\1", 1)  = 1
17645 14:06:07.826989 close(4)          = 0
17645 14:06:07.827001 rt_sigaction(SIGALRM, {0x805cad0, ~[RTMIN RT_1], 0}, NULL, 8) = 0
17645 14:06:07.827014 alarm(300)        = 0
17645 14:06:07.827026 recv(0, "TYPE I\r\n", 4096, MSG_PEEK) = 8
17645 14:06:08.335731 read(0, "TYPE I\r\n", 8) = 8
17645 14:06:08.335768 write(0, "200 Switching to Binary mode.\r\n", 31) = 31
17645 14:06:08.335817 rt_sigaction(SIGALRM, {0x805cad0, ~[RTMIN RT_1], 0}, NULL, 8) = 0
17645 14:06:08.335836 alarm(300)        = 299
17645 14:06:08.335849 recv(0, "PASV\r\n", 4096, MSG_PEEK) = 6
17645 14:06:08.335861 read(0, "PASV\r\n", 6) = 6
17645 14:06:08.335874 write(5, "\n", 1 <unfinished ...>
17643 14:06:08.335885 <... read resumed> "\n", 1) = 1
17645 14:06:08.335891 <... write resumed> ) = 1
17643 14:06:08.335899 write(4, "\1", 1) = 1
17643 14:06:08.335910 read(4,  <unfinished ...>
17645 14:06:08.335918 read(5, "\1", 1)  = 1
17645 14:06:08.335929 write(5, "\f", 1 <unfinished ...>
17643 14:06:08.335937 <... read resumed> "\f", 1) = 1
17645 14:06:08.335942 <... write resumed> ) = 1
17643 14:06:08.335950 socket(PF_INET, SOCK_STREAM, IPPROTO_TCP) = 5
17643 14:06:08.335995 setsockopt(5, SOL_SOCKET, SO_REUSEADDR, [1], 4) = 0
17643 14:06:08.336013 bind(5, {sa_family=AF_INET, sin_port=htons(23278), sin_addr=inet_addr("127.0.0.1")}, 16) = 0
17643 14:06:08.336040 listen(5, 1)      = 0
17643 14:06:08.336054 write(4, "\356Z\0\0", 4) = 4
17643 14:06:08.336066 read(4,  <unfinished ...>
17645 14:06:08.336074 read(5, "\356Z\0\0", 4) = 4
17645 14:06:08.336091 write(0, "227 Entering Passive Mode (127,0,0,1,90,238).\r\n", 47) = 47
17645 14:06:08.336239 rt_sigaction(SIGALRM, {0x805cad0, ~[RTMIN RT_1], 0}, NULL, 8) = 0
17645 14:06:08.336266 alarm(300)        = 300
17645 14:06:08.336302 recv(0, "STOR myfile4\r\n", 4096, MSG_PEEK) = 14
17645 14:06:08.336315 read(0, "STOR myfile4\r\n", 14) = 14
17645 14:06:08.336329 write(5, "\v", 1 <unfinished ...>
17643 14:06:08.336338 <... read resumed> "\v", 1) = 1
17645 14:06:08.336343 <... write resumed> ) = 1
17643 14:06:08.336349 write(4, "\1\0\0\0", 4) = 4
17643 14:06:08.336361 read(4,  <unfinished ...>
17645 14:06:08.336368 read(5, "\1\0\0\0", 4) = 4
17645 14:06:08.336380 gettimeofday({1495649168, 336384}, NULL) = 0
17645 14:06:08.336392 getcwd("/home/msfadmin", 4096) = 15
17645 14:06:08.336405 open("myfile4", O_WRONLY|O_CREAT|O_NONBLOCK|O_LARGEFILE, 0666) = 4
17645 14:06:08.336434 fstat64(4, {st_mode=S_IFREG|0644, st_size=17, ...}) = 0
17645 14:06:08.336494 fcntl64(4, F_GETFL) = 0x8801 (flags O_WRONLY|O_NONBLOCK|O_LARGEFILE)
17645 14:06:08.336507 fcntl64(4, F_SETFL, O_WRONLY|O_LARGEFILE) = 0
17645 14:06:08.336518 fcntl64(4, F_SETLKW64, {type=F_WRLCK, whence=SEEK_SET, start=0, len=0}, 0xbfe4b034) = 0
17645 14:06:08.336533 ftruncate64(4, 0) = 0
17645 14:06:08.336565 _llseek(4, 0, [0], SEEK_SET) = 0
17645 14:06:08.336576 write(5, "\v", 1 <unfinished ...>
17643 14:06:08.336585 <... read resumed> "\v", 1) = 1
17645 14:06:08.336590 <... write resumed> ) = 1
17643 14:06:08.336597 write(4, "\1\0\0\0", 4) = 4
17643 14:06:08.336609 read(4,  <unfinished ...>
17645 14:06:08.336616 read(5, "\1\0\0\0", 4) = 4
17645 14:06:08.336627 write(5, "\v", 1 <unfinished ...>
17643 14:06:08.336645 <... read resumed> "\v", 1) = 1
17645 14:06:08.336651 <... write resumed> ) = 1
17643 14:06:08.336667 write(4, "\1\0\0\0", 4) = 4
17643 14:06:08.336678 read(4,  <unfinished ...>
17645 14:06:08.336685 read(5, "\1\0\0\0", 4) = 4
17645 14:06:08.336706 write(5, "\r", 1 <unfinished ...>
17643 14:06:08.336723 <... read resumed> "\r", 1) = 1
17645 14:06:08.336728 <... write resumed> ) = 1
17643 14:06:08.336746 select(6, [5], NULL, NULL, {60, 0}) = 1 (in [5], left {60, 0})
17643 14:06:08.336773 accept(5, {sa_family=AF_INET, sin_port=htons(36450), sin_addr=inet_addr("127.0.0.1")}, [16]) = 6
17643 14:06:08.336796 write(4, "\1", 1) = 1
17643 14:06:08.336809 sendmsg(4, {msg_name(0)=NULL, msg_iov(1)=[{"\0", 1}], msg_controllen=16, {cmsg_len=16, cmsg_level=SOL_SOCKET, cmsg_type=SCM_RIGHTS, {6}}, msg_flags=0}, 0) = 1
17643 14:06:08.336827 close(6)          = 0
17643 14:06:08.336837 read(4,  <unfinished ...>
17645 14:06:08.336844 read(5, "\1", 1)  = 1
17645 14:06:08.336857 recvmsg(5, {msg_name(0)=NULL, msg_iov(1)=[{"\0", 1}], msg_controllen=16, {cmsg_len=16, cmsg_level=SOL_SOCKET, cmsg_type=SCM_RIGHTS, {6}}, msg_flags=0}, 0) = 1
17645 14:06:08.336875 setsockopt(6, SOL_SOCKET, SO_KEEPALIVE, [1], 4) = 0
17645 14:06:08.336893 setsockopt(6, SOL_IP, IP_TOS, [8], 4) = 0
17645 14:06:08.336907 setsockopt(6, SOL_SOCKET, SO_LINGER, {onoff=1, linger=32767}, 8) = 0
17645 14:06:08.336919 rt_sigaction(SIGALRM, {0x805cad0, ~[RTMIN RT_1], 0}, NULL, 8) = 0
17645 14:06:08.336934 alarm(300)        = 300
17645 14:06:08.336967 write(0, "150 Ok to send data.\r\n", 22) = 22
17645 14:06:08.337061 read(6, "assasaaa\na\na\na\na\n", 65536) = 17
17645 14:06:08.337077 write(4, "assasaaa\na\na\na\na\n", 17) = 17
17645 14:06:08.337094 read(6, "", 65536) = 0
17645 14:06:08.337105 rt_sigaction(SIGALRM, {0x805cad0, ~[RTMIN RT_1], 0}, NULL, 8) = 0
17645 14:06:08.337120 alarm(300)        = 300
17645 14:06:08.337140 close(6)          = 0
17645 14:06:08.337178 alarm(0)          = 300
17645 14:06:08.337211 gettimeofday({1495649168, 337215}, NULL) = 0
17645 14:06:08.337241 gettimeofday({1495649168, 337245}, NULL) = 0
17645 14:06:08.337277 fcntl64(3, F_SETLKW64, {type=F_WRLCK, whence=SEEK_SET, start=0, len=0}, 0xbfe4afd4) = 0
17645 14:06:08.337302 write(3, "Wed May 24 14:06:08 2017 [pid 17645] [msfadmin] OK UPLOAD: Client \"127.0.0.1\", \"/home/msfadmin/myfile4\", 17 bytes, 19.28Kbyte/sec\n", 130) = 130
17645 14:06:08.337324 fcntl64(3, F_SETLK64, {type=F_UNLCK, whence=SEEK_SET, start=0, len=0}, 0xbfe4afdc) = 0
17645 14:06:08.337363 write(0, "226 Transfer complete.\r\n", 24) = 24
17645 14:06:08.337483 write(5, "\n", 1 <unfinished ...>
17643 14:06:08.337499 <... read resumed> "\n", 1) = 1
17645 14:06:08.337509 <... write resumed> ) = 1
17643 14:06:08.337533 close(5)          = 0
17643 14:06:08.337552 write(4, "\1", 1) = 1
17643 14:06:08.337591 read(4,  <unfinished ...>
17645 14:06:08.337611 read(5, "\1", 1)  = 1
17645 14:06:08.337636 close(4)          = 0
17645 14:06:08.337651 rt_sigaction(SIGALRM, {0x805cad0, ~[RTMIN RT_1], 0}, NULL, 8) = 0
17645 14:06:08.337671 alarm(300)        = 0
17645 14:06:08.337687 recv(0,  <unfinished ...>
17648 14:06:08.346463 <... recv resumed> "USER msfadmin\r\n", 4096, MSG_PEEK) = 15
17648 14:06:08.346589 read(0, "USER msfadmin\r\n", 15) = 15
17648 14:06:08.346691 write(0, "331 Any password will do.\r\n", 27) = 27
17648 14:06:08.346804 rt_sigaction(SIGALRM, {0x805cad0, ~[RTMIN RT_1], 0}, NULL, 8) = 0
17648 14:06:08.346839 alarm(300)        = 299
17648 14:06:08.346865 recv(0, "PASS msfadmin\r\n", 4096, MSG_PEEK) = 15
17648 14:06:08.346881 read(0, "PASS msfadmin\r\n", 15) = 15
17648 14:06:08.346899 write(0, "230 Already logged in.\r\n", 24) = 24
17648 14:06:08.346988 rt_sigaction(SIGALRM, {0x805cad0, ~[RTMIN RT_1], 0}, NULL, 8) = 0
17648 14:06:08.347006 alarm(300)        = 300
17648 14:06:08.347019 recv(0, "TYPE I\r\n", 4096, MSG_PEEK) = 8
17648 14:06:08.347031 read(0, "TYPE I\r\n", 8) = 8
17648 14:06:08.347047 write(0, "200 Switching to Binary mode.\r\n", 31) = 31
17648 14:06:08.347089 rt_sigaction(SIGALRM, {0x805cad0, ~[RTMIN RT_1], 0}, NULL, 8) = 0
17648 14:06:08.347114 alarm(300)        = 300
17648 14:06:08.347135 recv(0, "PASV\r\n", 4096, MSG_PEEK) = 6
17648 14:06:08.347147 read(0, "PASV\r\n", 6) = 6
17648 14:06:08.347160 write(5, "\n", 1) = 1
17648 14:06:08.347173 read(5,  <unfinished ...>
17646 14:06:08.347182 <... read resumed> "\n", 1) = 1
17646 14:06:08.347192 write(4, "\1", 1) = 1
17648 14:06:08.347203 <... read resumed> "\1", 1) = 1
17648 14:06:08.347211 write(5, "\f", 1) = 1
17648 14:06:08.347222 read(5,  <unfinished ...>
17646 14:06:08.347229 read(4, "\f", 1)  = 1
17646 14:06:08.347242 socket(PF_INET, SOCK_STREAM, IPPROTO_TCP) = 5
17646 14:06:08.347259 setsockopt(5, SOL_SOCKET, SO_REUSEADDR, [1], 4) = 0
17646 14:06:08.347274 bind(5, {sa_family=AF_INET, sin_port=htons(58834), sin_addr=inet_addr("127.0.0.1")}, 16) = 0
17646 14:06:08.347293 listen(5, 1)      = 0
17646 14:06:08.347307 write(4, "\322\345\0\0", 4) = 4
17648 14:06:08.347319 <... read resumed> "\322\345\0\0", 4) = 4
17648 14:06:08.347332 write(0, "227 Entering Passive Mode (127,0,0,1,229,210).\r\n", 48) = 48
17648 14:06:08.347465 rt_sigaction(SIGALRM, {0x805cad0, ~[RTMIN RT_1], 0}, NULL, 8) = 0
17648 14:06:08.347484 alarm(300)        = 300
17648 14:06:08.347504 recv(0, "RETR myfile20\r\n", 4096, MSG_PEEK) = 15
17648 14:06:08.347518 read(0, "RETR myfile20\r\n", 15) = 15
17648 14:06:08.347532 write(5, "\v", 1) = 1
17648 14:06:08.347544 read(5,  <unfinished ...>
17646 14:06:08.347551 read(4, "\v", 1)  = 1
17646 14:06:08.347564 write(4, "\1\0\0\0", 4) = 4
17648 14:06:08.347575 <... read resumed> "\1\0\0\0", 4) = 4
17648 14:06:08.347584 gettimeofday({1495649168, 347588}, NULL) = 0
17648 14:06:08.347596 getcwd("/home/msfadmin", 4096) = 15
17648 14:06:08.347610 open("myfile20", O_RDONLY|O_NONBLOCK|O_LARGEFILE) = 4
17648 14:06:08.347624 fcntl64(4, F_SETLKW64, {type=F_RDLCK, whence=SEEK_SET, start=0, len=0}, 0xbf9943a4) = 0
17648 14:06:08.347641 fstat64(4, {st_mode=S_IFREG|0644, st_size=17, ...}) = 0
17648 14:06:08.347659 fcntl64(4, F_GETFL) = 0x8800 (flags O_RDONLY|O_NONBLOCK|O_LARGEFILE)
17648 14:06:08.347670 fcntl64(4, F_SETFL, O_RDONLY|O_LARGEFILE) = 0
17648 14:06:08.347683 write(5, "\v", 1) = 1
17648 14:06:08.347694 read(5,  <unfinished ...>
17646 14:06:08.347701 read(4, "\v", 1)  = 1
17646 14:06:08.347713 write(4, "\1\0\0\0", 4) = 4
17648 14:06:08.347724 <... read resumed> "\1\0\0\0", 4) = 4
17648 14:06:08.347733 write(5, "\v", 1) = 1
17648 14:06:08.347743 read(5,  <unfinished ...>
17646 14:06:08.347750 read(4, "\v", 1)  = 1
17646 14:06:08.347762 write(4, "\1\0\0\0", 4) = 4
17648 14:06:08.347772 <... read resumed> "\1\0\0\0", 4) = 4
17648 14:06:08.347781 write(5, "\r", 1) = 1
17648 14:06:08.347791 read(5,  <unfinished ...>
17646 14:06:08.347798 read(4, "\r", 1)  = 1
17646 14:06:08.347811 select(6, [5], NULL, NULL, {60, 0}) = 1 (in [5], left {60, 0})
17646 14:06:08.347829 accept(5, {sa_family=AF_INET, sin_port=htons(44352), sin_addr=inet_addr("127.0.0.1")}, [16]) = 6
17646 14:06:08.347852 write(4, "\1", 1) = 1
17648 14:06:08.347863 <... read resumed> "\1", 1) = 1
17648 14:06:08.347872 recvmsg(5,  <unfinished ...>
17646 14:06:08.347881 sendmsg(4, {msg_name(0)=NULL, msg_iov(1)=[{"\0", 1}], msg_controllen=16, {cmsg_len=16, cmsg_level=SOL_SOCKET, cmsg_type=SCM_RIGHTS, {6}}, msg_flags=0}, 0) = 1
17648 14:06:08.347899 <... recvmsg resumed> {msg_name(0)=NULL, msg_iov(1)=[{"\0", 1}], msg_controllen=16, {cmsg_len=16, cmsg_level=SOL_SOCKET, cmsg_type=SCM_RIGHTS, {6}}, msg_flags=0}, 0) = 1
17648 14:06:08.347913 setsockopt(6, SOL_SOCKET, SO_KEEPALIVE, [1], 4) = 0
17648 14:06:08.347927 setsockopt(6, SOL_IP, IP_TOS, [8], 4) = 0
17648 14:06:08.347968 setsockopt(6, SOL_SOCKET, SO_LINGER, {onoff=1, linger=32767}, 8) = 0
17648 14:06:08.347981 rt_sigaction(SIGALRM, {0x805cad0, ~[RTMIN RT_1], 0}, NULL, 8) = 0
17648 14:06:08.348005 alarm(300)        = 300
17648 14:06:08.348020 write(0, "150 Opening BINARY mode data connection for myfile20 (17 bytes).\r\n", 66) = 66
17648 14:06:08.348064 _llseek(4, 0, [0], SEEK_CUR) = 0
17648 14:06:08.348077 fstat64(4, {st_mode=S_IFREG|0644, st_size=17, ...}) = 0
17648 14:06:08.348095 _llseek(4, 0, [0], SEEK_SET) = 0
17648 14:06:08.348106 sendfile(6, 4, NULL, 17) = 17
17648 14:06:08.348137 rt_sigaction(SIGALRM, {0x805cad0, ~[RTMIN RT_1], 0}, NULL, 8) = 0
17648 14:06:08.348152 alarm(300)        = 300
17648 14:06:08.348162 close(6)          = 0
17648 14:06:08.348172 alarm(0)          = 300
17648 14:06:08.348182 gettimeofday({1495649168, 348186}, NULL) = 0
17648 14:06:08.348198 gettimeofday({1495649168, 348203}, NULL) = 0
17648 14:06:08.348214 fcntl64(3, F_SETLKW64, {type=F_WRLCK, whence=SEEK_SET, start=0, len=0}, 0xbf994344) = 0
17648 14:06:08.348229 write(3, "Wed May 24 14:06:08 2017 [pid 17648] [msfadmin] OK DOWNLOAD: Client \"127.0.0.1\", \"/home/msfadmin/myfile20\", 17 bytes, 26.99Kbyte/sec\n", 133) = 133
17648 14:06:08.348250 fcntl64(3, F_SETLK64, {type=F_UNLCK, whence=SEEK_SET, start=0, len=0}, 0xbf99434c) = 0
17648 14:06:08.348265 write(0, "226 Transfer complete.\r\n", 24) = 24
17648 14:06:08.348281 write(5, "\n", 1) = 1
17648 14:06:08.348292 read(5,  <unfinished ...>
17646 14:06:08.348299 close(6)          = 0
17646 14:06:08.348384 read(4, "\n", 1)  = 1
17646 14:06:08.348398 close(5)          = 0
17646 14:06:08.348410 write(4, "\1", 1) = 1
17648 14:06:08.348424 <... read resumed> "\1", 1) = 1
17648 14:06:08.348432 close(4)          = 0
17648 14:06:08.348479 rt_sigaction(SIGALRM, {0x805cad0, ~[RTMIN RT_1], 0}, NULL, 8) = 0
17648 14:06:08.348503 alarm(300)        = 0
17648 14:06:08.348515 recv(0,  <unfinished ...>
17646 14:06:08.348524 read(4,  <unfinished ...>
17645 14:06:08.875673 <... recv resumed> "TYPE I\r\n", 4096, MSG_PEEK) = 8
17645 14:06:08.875704 read(0, "TYPE I\r\n", 8) = 8
17645 14:06:08.875727 write(0, "200 Switching to Binary mode.\r\n", 31) = 31
17645 14:06:08.875777 rt_sigaction(SIGALRM, {0x805cad0, ~[RTMIN RT_1], 0}, NULL, 8) = 0
17645 14:06:08.875796 alarm(300)        = 299
17645 14:06:08.875810 recv(0, "PASV\r\n", 4096, MSG_PEEK) = 6
17645 14:06:08.875822 read(0, "PASV\r\n", 6) = 6
17645 14:06:08.875835 write(5, "\n", 1 <unfinished ...>
17643 14:06:08.875847 <... read resumed> "\n", 1) = 1
17645 14:06:08.875853 <... write resumed> ) = 1
17643 14:06:08.875861 write(4, "\1", 1) = 1
17643 14:06:08.875873 read(4,  <unfinished ...>
17645 14:06:08.875881 read(5, "\1", 1)  = 1
17645 14:06:08.875893 write(5, "\f", 1 <unfinished ...>
17643 14:06:08.875901 <... read resumed> "\f", 1) = 1
17645 14:06:08.875906 <... write resumed> ) = 1
17643 14:06:08.875914 socket(PF_INET, SOCK_STREAM, IPPROTO_TCP) = 5
17643 14:06:08.875931 setsockopt(5, SOL_SOCKET, SO_REUSEADDR, [1], 4) = 0
17643 14:06:08.875946 bind(5, {sa_family=AF_INET, sin_port=htons(24851), sin_addr=inet_addr("127.0.0.1")}, 16) = 0
17643 14:06:08.875964 listen(5, 1)      = 0
17643 14:06:08.875979 write(4, "\23a\0\0", 4) = 4
17643 14:06:08.875990 read(4,  <unfinished ...>
17645 14:06:08.875998 read(5, "\23a\0\0", 4) = 4
17645 14:06:08.876015 write(0, "227 Entering Passive Mode (127,0,0,1,97,19).\r\n", 46) = 46
17645 14:06:08.876130 rt_sigaction(SIGALRM, {0x805cad0, ~[RTMIN RT_1], 0}, NULL, 8) = 0
17645 14:06:08.876148 alarm(300)        = 300
17645 14:06:08.876161 recv(0, "STOR myfile5\r\n", 4096, MSG_PEEK) = 14
17645 14:06:08.876174 read(0, "STOR myfile5\r\n", 14) = 14
17645 14:06:08.876188 write(5, "\v", 1 <unfinished ...>
17643 14:06:08.876197 <... read resumed> "\v", 1) = 1
17645 14:06:08.876202 <... write resumed> ) = 1
17643 14:06:08.876209 write(4, "\1\0\0\0", 4) = 4
17643 14:06:08.876221 read(4,  <unfinished ...>
17645 14:06:08.876228 read(5, "\1\0\0\0", 4) = 4
17645 14:06:08.876241 gettimeofday({1495649168, 876245}, NULL) = 0
17645 14:06:08.876252 getcwd("/home/msfadmin", 4096) = 15
17645 14:06:08.876266 open("myfile5", O_WRONLY|O_CREAT|O_NONBLOCK|O_LARGEFILE, 0666) = 4
17645 14:06:08.876281 fstat64(4, {st_mode=S_IFREG|0644, st_size=17, ...}) = 0
17645 14:06:08.876299 fcntl64(4, F_GETFL) = 0x8801 (flags O_WRONLY|O_NONBLOCK|O_LARGEFILE)
17645 14:06:08.876311 fcntl64(4, F_SETFL, O_WRONLY|O_LARGEFILE) = 0
17645 14:06:08.876322 fcntl64(4, F_SETLKW64, {type=F_WRLCK, whence=SEEK_SET, start=0, len=0}, 0xbfe4b034) = 0
17645 14:06:08.876337 ftruncate64(4, 0) = 0
17645 14:06:08.876357 _llseek(4, 0, [0], SEEK_SET) = 0
17645 14:06:08.876369 write(5, "\v", 1 <unfinished ...>
17643 14:06:08.876377 <... read resumed> "\v", 1) = 1
17645 14:06:08.876383 <... write resumed> ) = 1
17643 14:06:08.876389 write(4, "\1\0\0\0", 4) = 4
17643 14:06:08.876401 read(4,  <unfinished ...>
17645 14:06:08.876408 read(5, "\1\0\0\0", 4) = 4
17645 14:06:08.876420 write(5, "\v", 1 <unfinished ...>
17643 14:06:08.876428 <... read resumed> "\v", 1) = 1
17645 14:06:08.876433 <... write resumed> ) = 1
17643 14:06:08.876440 write(4, "\1\0\0\0", 4) = 4
17643 14:06:08.876573 read(4,  <unfinished ...>
17645 14:06:08.876582 read(5, "\1\0\0\0", 4) = 4
17645 14:06:08.876595 write(5, "\r", 1 <unfinished ...>
17643 14:06:08.876603 <... read resumed> "\r", 1) = 1
17645 14:06:08.876608 <... write resumed> ) = 1
17643 14:06:08.876615 select(6, [5], NULL, NULL, {60, 0}) = 1 (in [5], left {60, 0})
17643 14:06:08.876633 accept(5, {sa_family=AF_INET, sin_port=htons(59613), sin_addr=inet_addr("127.0.0.1")}, [16]) = 6
17643 14:06:08.876656 write(4, "\1", 1) = 1
17643 14:06:08.876669 sendmsg(4, {msg_name(0)=NULL, msg_iov(1)=[{"\0", 1}], msg_controllen=16, {cmsg_len=16, cmsg_level=SOL_SOCKET, cmsg_type=SCM_RIGHTS, {6}}, msg_flags=0}, 0) = 1
17643 14:06:08.876694 close(6)          = 0
17643 14:06:08.876705 read(4,  <unfinished ...>
17645 14:06:08.876712 read(5, "\1", 1)  = 1
17645 14:06:08.876726 recvmsg(5, {msg_name(0)=NULL, msg_iov(1)=[{"\0", 1}], msg_controllen=16, {cmsg_len=16, cmsg_level=SOL_SOCKET, cmsg_type=SCM_RIGHTS, {6}}, msg_flags=0}, 0) = 1
17645 14:06:08.876745 setsockopt(6, SOL_SOCKET, SO_KEEPALIVE, [1], 4) = 0
17645 14:06:08.876758 setsockopt(6, SOL_IP, IP_TOS, [8], 4) = 0
17645 14:06:08.876771 setsockopt(6, SOL_SOCKET, SO_LINGER, {onoff=1, linger=32767}, 8) = 0
17645 14:06:08.876783 rt_sigaction(SIGALRM, {0x805cad0, ~[RTMIN RT_1], 0}, NULL, 8) = 0
17645 14:06:08.876797 alarm(300)        = 300
17645 14:06:08.876810 write(0, "150 Ok to send data.\r\n", 22) = 22
17645 14:06:08.876879 read(6, "assasaaa\na\na\na\na\n", 65536) = 17
17645 14:06:08.876894 write(4, "assasaaa\na\na\na\na\n", 17) = 17
17645 14:06:08.876911 read(6, "", 65536) = 0
17645 14:06:08.876922 rt_sigaction(SIGALRM, {0x805cad0, ~[RTMIN RT_1], 0}, NULL, 8) = 0
17645 14:06:08.876937 alarm(300)        = 300
17645 14:06:08.876947 close(6)          = 0
17645 14:06:08.876965 alarm(0)          = 300
17645 14:06:08.876977 gettimeofday({1495649168, 876981}, NULL) = 0
17645 14:06:08.876993 gettimeofday({1495649168, 876997}, NULL) = 0
17645 14:06:08.877008 fcntl64(3, F_SETLKW64, {type=F_WRLCK, whence=SEEK_SET, start=0, len=0}, 0xbfe4afd4) = 0
17645 14:06:08.877023 write(3, "Wed May 24 14:06:08 2017 [pid 17645] [msfadmin] OK UPLOAD: Client \"127.0.0.1\", \"/home/msfadmin/myfile5\", 17 bytes, 22.08Kbyte/sec\n", 130) = 130
17645 14:06:08.877046 fcntl64(3, F_SETLK64, {type=F_UNLCK, whence=SEEK_SET, start=0, len=0}, 0xbfe4afdc) = 0
17645 14:06:08.877061 write(0, "226 Transfer complete.\r\n", 24) = 24
17645 14:06:08.877106 write(5, "\n", 1 <unfinished ...>
17643 14:06:08.877116 <... read resumed> "\n", 1) = 1
17645 14:06:08.877121 <... write resumed> ) = 1
17643 14:06:08.877128 close(5)          = 0
17643 14:06:08.877140 write(4, "\1", 1) = 1
17643 14:06:08.877152 read(4,  <unfinished ...>
17645 14:06:08.877160 read(5, "\1", 1)  = 1
17645 14:06:08.877171 close(4)          = 0
17645 14:06:08.877183 rt_sigaction(SIGALRM, {0x805cad0, ~[RTMIN RT_1], 0}, NULL, 8) = 0
17645 14:06:08.877197 alarm(300)        = 0
17645 14:06:08.877208 recv(0,  <unfinished ...>
17648 14:06:08.896715 <... recv resumed> "USER msfadmin\r\n", 4096, MSG_PEEK) = 15
17648 14:06:08.896868 read(0, "USER msfadmin\r\n", 15) = 15
17648 14:06:08.896999 write(0, "331 Any password will do.\r\n", 27) = 27
17648 14:06:08.897105 rt_sigaction(SIGALRM, {0x805cad0, ~[RTMIN RT_1], 0}, NULL, 8) = 0
17648 14:06:08.897140 alarm(300)        = 299
17648 14:06:08.897168 recv(0, "PASS msfadmin\r\n", 4096, MSG_PEEK) = 15
17648 14:06:08.897187 read(0, "PASS msfadmin\r\n", 15) = 15
17648 14:06:08.897204 write(0, "230 Already logged in.\r\n", 24) = 24
17648 14:06:08.897267 rt_sigaction(SIGALRM, {0x805cad0, ~[RTMIN RT_1], 0}, NULL, 8) = 0
17648 14:06:08.897283 alarm(300)        = 300
17648 14:06:08.897295 recv(0, "TYPE I\r\n", 4096, MSG_PEEK) = 8
17648 14:06:08.897306 read(0, "TYPE I\r\n", 8) = 8
17648 14:06:08.897321 write(0, "200 Switching to Binary mode.\r\n", 31) = 31
17648 14:06:08.897357 rt_sigaction(SIGALRM, {0x805cad0, ~[RTMIN RT_1], 0}, NULL, 8) = 0
17648 14:06:08.897372 alarm(300)        = 300
17648 14:06:08.897383 recv(0, "PASV\r\n", 4096, MSG_PEEK) = 6
17648 14:06:08.897394 read(0, "PASV\r\n", 6) = 6
17648 14:06:08.897406 write(5, "\n", 1) = 1
17648 14:06:08.897419 read(5,  <unfinished ...>
17646 14:06:08.897428 <... read resumed> "\n", 1) = 1
17646 14:06:08.897438 write(4, "\1", 1) = 1
17648 14:06:08.897449 <... read resumed> "\1", 1) = 1
17648 14:06:08.897457 write(5, "\f", 1) = 1
17648 14:06:08.897467 read(5,  <unfinished ...>
17646 14:06:08.897474 read(4, "\f", 1)  = 1
17646 14:06:08.897487 socket(PF_INET, SOCK_STREAM, IPPROTO_TCP) = 5
17646 14:06:08.897503 setsockopt(5, SOL_SOCKET, SO_REUSEADDR, [1], 4) = 0
17646 14:06:08.897526 bind(5, {sa_family=AF_INET, sin_port=htons(30863), sin_addr=inet_addr("127.0.0.1")}, 16) = 0
17646 14:06:08.897543 listen(5, 1)      = 0
17646 14:06:08.897557 write(4, "\217x\0\0", 4) = 4
17648 14:06:08.897569 <... read resumed> "\217x\0\0", 4) = 4
17648 14:06:08.897582 write(0, "227 Entering Passive Mode (127,0,0,1,120,143).\r\n", 48) = 48
17648 14:06:08.897695 rt_sigaction(SIGALRM, {0x805cad0, ~[RTMIN RT_1], 0}, NULL, 8) = 0
17648 14:06:08.897744 alarm(300)        = 300
17648 14:06:08.897768 recv(0, "RETR myfile21\r\n", 4096, MSG_PEEK) = 15
17648 14:06:08.897781 read(0, "RETR myfile21\r\n", 15) = 15
17648 14:06:08.897795 write(5, "\v", 1) = 1
17648 14:06:08.897806 read(5,  <unfinished ...>
17646 14:06:08.897813 read(4, "\v", 1)  = 1
17646 14:06:08.897825 write(4, "\1\0\0\0", 4) = 4
17648 14:06:08.897836 <... read resumed> "\1\0\0\0", 4) = 4
17648 14:06:08.897845 gettimeofday({1495649168, 897849}, NULL) = 0
17648 14:06:08.897856 getcwd("/home/msfadmin", 4096) = 15
17648 14:06:08.897869 open("myfile21", O_RDONLY|O_NONBLOCK|O_LARGEFILE) = 4
17648 14:06:08.897883 fcntl64(4, F_SETLKW64, {type=F_RDLCK, whence=SEEK_SET, start=0, len=0}, 0xbf9943a4) = 0
17648 14:06:08.897899 fstat64(4, {st_mode=S_IFREG|0644, st_size=17, ...}) = 0
17648 14:06:08.897917 fcntl64(4, F_GETFL) = 0x8800 (flags O_RDONLY|O_NONBLOCK|O_LARGEFILE)
17648 14:06:08.897928 fcntl64(4, F_SETFL, O_RDONLY|O_LARGEFILE) = 0
17648 14:06:08.897940 write(5, "\v", 1) = 1
17648 14:06:08.897951 read(5,  <unfinished ...>
17646 14:06:08.897958 read(4, "\v", 1)  = 1
17646 14:06:08.897969 write(4, "\1\0\0\0", 4) = 4
17648 14:06:08.897980 <... read resumed> "\1\0\0\0", 4) = 4
17648 14:06:08.897988 write(5, "\v", 1) = 1
17648 14:06:08.897998 read(5,  <unfinished ...>
17646 14:06:08.898005 read(4, "\v", 1)  = 1
17646 14:06:08.898017 write(4, "\1\0\0\0", 4) = 4
17648 14:06:08.898027 <... read resumed> "\1\0\0\0", 4) = 4
17648 14:06:08.898035 write(5, "\r", 1) = 1
17648 14:06:08.898045 read(5,  <unfinished ...>
17646 14:06:08.898052 read(4, "\r", 1)  = 1
17646 14:06:08.898065 select(6, [5], NULL, NULL, {60, 0}) = 1 (in [5], left {60, 0})
17646 14:06:08.898082 accept(5, {sa_family=AF_INET, sin_port=htons(41493), sin_addr=inet_addr("127.0.0.1")}, [16]) = 6
17646 14:06:08.898104 write(4, "\1", 1) = 1
17648 14:06:08.898115 <... read resumed> "\1", 1) = 1
