23691 15:08:22.618931 read(4, "\f", 1)  = 1
23691 15:08:22.618943 socket(PF_INET, SOCK_STREAM, IPPROTO_TCP) = 5
23691 15:08:22.618956 setsockopt(5, SOL_SOCKET, SO_REUSEADDR, [1], 4) = 0
23691 15:08:22.618967 gettimeofday({1495652902, 618971}, NULL) = 0
23691 15:08:22.618983 bind(5, {sa_family=AF_INET, sin_port=htons(58287), sin_addr=inet_addr("127.0.0.1")}, 16) = 0
23691 15:08:22.618999 listen(5, 1)      = 0
23691 15:08:22.619012 write(4, "\257\343\0\0", 4) = 4
23693 15:08:22.619023 <... read resumed> "\257\343\0\0", 4) = 4
23693 15:08:22.619036 write(0, "227 Entering Passive Mode (127,0,0,1,227,175).\r\n", 48) = 48
23693 15:08:22.619140 rt_sigaction(SIGALRM, {0x805cad0, ~[RTMIN RT_1], 0}, NULL, 8) = 0
23693 15:08:22.619157 alarm(300)        = 300
23693 15:08:22.619168 recv(0, "STOR myfile39\r\n", 4096, MSG_PEEK) = 15
23693 15:08:22.619180 read(0, "STOR myfile39\r\n", 15) = 15
23693 15:08:22.619195 write(5, "\v", 1) = 1
23693 15:08:22.619205 read(5,  <unfinished ...>
23691 15:08:22.619212 read(4, "\v", 1)  = 1
23691 15:08:22.619223 write(4, "\1\0\0\0", 4) = 4
23693 15:08:22.619234 <... read resumed> "\1\0\0\0", 4) = 4
23693 15:08:22.619247 gettimeofday({1495652902, 619251}, NULL) = 0
23693 15:08:22.619258 getcwd("/home/msfadmin", 4096) = 15
23693 15:08:22.619270 open("myfile39", O_WRONLY|O_CREAT|O_NONBLOCK|O_LARGEFILE, 0666) = 4
23693 15:08:22.619283 fstat64(4, {st_mode=S_IFREG|0644, st_size=17, ...}) = 0
23693 15:08:22.619300 fcntl64(4, F_GETFL) = 0x8801 (flags O_WRONLY|O_NONBLOCK|O_LARGEFILE)
23693 15:08:22.619310 fcntl64(4, F_SETFL, O_WRONLY|O_LARGEFILE) = 0
23693 15:08:22.619320 fcntl64(4, F_SETLKW64, {type=F_WRLCK, whence=SEEK_SET, start=0, len=0}, 0xbf8f02e4) = 0
23693 15:08:22.619335 ftruncate64(4, 0) = 0
23693 15:08:22.619353 _llseek(4, 0, [0], SEEK_SET) = 0
23693 15:08:22.619364 write(5, "\v", 1) = 1
23693 15:08:22.619374 read(5,  <unfinished ...>
23691 15:08:22.619381 read(4, "\v", 1)  = 1
23691 15:08:22.619392 write(4, "\1\0\0\0", 4) = 4
23693 15:08:22.619402 <... read resumed> "\1\0\0\0", 4) = 4
23693 15:08:22.619410 write(5, "\v", 1) = 1
23693 15:08:22.619419 read(5,  <unfinished ...>
23691 15:08:22.619426 read(4, "\v", 1)  = 1
23691 15:08:22.619436 write(4, "\1\0\0\0", 4) = 4
23693 15:08:22.619446 <... read resumed> "\1\0\0\0", 4) = 4
23693 15:08:22.619453 write(5, "\r", 1) = 1
23693 15:08:22.619463 read(5,  <unfinished ...>
23691 15:08:22.619470 read(4, "\r", 1)  = 1
23691 15:08:22.619482 select(6, [5], NULL, NULL, {60, 0}) = 1 (in [5], left {60, 0})
23691 15:08:22.619498 accept(5, {sa_family=AF_INET, sin_port=htons(59721), sin_addr=inet_addr("127.0.0.1")}, [16]) = 6
23691 15:08:22.619519 write(4, "\1", 1) = 1
23693 15:08:22.619529 <... read resumed> "\1", 1) = 1
23693 15:08:22.619538 recvmsg(5,  <unfinished ...>
23691 15:08:22.619548 sendmsg(4, {msg_name(0)=NULL, msg_iov(1)=[{"\0", 1}], msg_controllen=16, {cmsg_len=16, cmsg_level=SOL_SOCKET, cmsg_type=SCM_RIGHTS, {6}}, msg_flags=0}, 0) = 1
23693 15:08:22.619564 <... recvmsg resumed> {msg_name(0)=NULL, msg_iov(1)=[{"\0", 1}], msg_controllen=16, {cmsg_len=16, cmsg_level=SOL_SOCKET, cmsg_type=SCM_RIGHTS, {6}}, msg_flags=0}, 0) = 1
23693 15:08:22.619577 setsockopt(6, SOL_SOCKET, SO_KEEPALIVE, [1], 4) = 0
23693 15:08:22.619603 setsockopt(6, SOL_IP, IP_TOS, [8], 4) = 0
23693 15:08:22.619618 setsockopt(6, SOL_SOCKET, SO_LINGER, {onoff=1, linger=32767}, 8) = 0
23693 15:08:22.619639 rt_sigaction(SIGALRM, {0x805cad0, ~[RTMIN RT_1], 0}, NULL, 8) = 0
23693 15:08:22.619652 alarm(300)        = 300
23693 15:08:22.619664 write(0, "150 Ok to send data.\r\n", 22) = 22
23693 15:08:22.619729 mmap2(NULL, 77824, PROT_READ|PROT_WRITE, MAP_PRIVATE|MAP_ANONYMOUS, -1, 0) = 0xb7d71000
23693 15:08:22.619743 mprotect(0xb7d83000, 4096, PROT_NONE) = 0
23693 15:08:22.619754 mprotect(0xb7d71000, 4096, PROT_NONE) = 0
23693 15:08:22.619764 read(6, "assasaaa\na\na\na\na\n", 65536) = 17
23693 15:08:22.619777 write(4, "assasaaa\na\na\na\na\n", 17) = 17
23693 15:08:22.619792 read(6, "", 65536) = 0
23693 15:08:22.619802 rt_sigaction(SIGALRM, {0x805cad0, ~[RTMIN RT_1], 0}, NULL, 8) = 0
23693 15:08:22.619816 alarm(300)        = 300
23693 15:08:22.619825 close(6)          = 0
23693 15:08:22.619834 alarm(0)          = 300
23693 15:08:22.619843 gettimeofday({1495652902, 619847}, NULL) = 0
23693 15:08:22.619860 getpid()          = 23693
23693 15:08:22.619872 gettimeofday({1495652902, 619875}, NULL) = 0
23693 15:08:22.619888 fcntl64(3, F_SETLKW64, {type=F_WRLCK, whence=SEEK_SET, start=0, len=0}, 0xbf8f0284) = 0
23693 15:08:22.619903 write(3, "Wed May 24 15:08:22 2017 [pid 23693] [msfadmin] OK UPLOAD: Client \"127.0.0.1\", \"/home/msfadmin/myfile39\", 17 bytes, 26.61Kbyte/sec\n", 131) = 131
23693 15:08:22.619922 fcntl64(3, F_SETLK64, {type=F_UNLCK, whence=SEEK_SET, start=0, len=0}, 0xbf8f028c) = 0
23693 15:08:22.619936 write(0, "226 Transfer complete.\r\n", 24) = 24
23693 15:08:22.619976 write(5, "\n", 1) = 1
23693 15:08:22.619988 read(5,  <unfinished ...>
23691 15:08:22.619995 close(6)          = 0
23691 15:08:22.620013 read(4, "\n", 1)  = 1
23691 15:08:22.620024 close(5)          = 0
23691 15:08:22.620035 write(4, "\1", 1) = 1
23693 15:08:22.620045 <... read resumed> "\1", 1) = 1
23693 15:08:22.620056 close(4)          = 0
23693 15:08:22.620066 rt_sigaction(SIGALRM, {0x805cad0, ~[RTMIN RT_1], 0}, NULL, 8) = 0
23693 15:08:22.620079 alarm(300)        = 0
23693 15:08:22.620090 recv(0,  <unfinished ...>
23691 15:08:22.620097 read(4,  <unfinished ...>
23690 15:08:22.997068 <... recv resumed> "USER msfadmin\r\n", 4096, MSG_PEEK) = 15
23690 15:08:22.997172 read(0, "USER msfadmin\r\n", 15) = 15
23690 15:08:22.997269 write(0, "331 Any password will do.\r\n", 27) = 27
23690 15:08:22.997348 rt_sigaction(SIGALRM, {0x805cad0, ~[RTMIN RT_1], 0}, NULL, 8) = 0
23690 15:08:22.997378 alarm(300)        = 299
23690 15:08:22.997400 recv(0, "PASS msfadmin\r\n", 4096, MSG_PEEK) = 15
23690 15:08:22.997413 read(0, "PASS msfadmin\r\n", 15) = 15
23690 15:08:22.997428 write(0, "230 Already logged in.\r\n", 24) = 24
23690 15:08:22.997491 rt_sigaction(SIGALRM, {0x805cad0, ~[RTMIN RT_1], 0}, NULL, 8) = 0
23690 15:08:22.997506 alarm(300)        = 300
23690 15:08:22.997517 recv(0, "TYPE I\r\n", 4096, MSG_PEEK) = 8
23690 15:08:22.997528 read(0, "TYPE I\r\n", 8) = 8
23690 15:08:22.997542 write(0, "200 Switching to Binary mode.\r\n", 31) = 31
23690 15:08:22.997578 rt_sigaction(SIGALRM, {0x805cad0, ~[RTMIN RT_1], 0}, NULL, 8) = 0
23690 15:08:22.997591 alarm(300)        = 300
23690 15:08:22.997602 recv(0, "PASV\r\n", 4096, MSG_PEEK) = 6
23690 15:08:22.997613 read(0, "PASV\r\n", 6) = 6
23690 15:08:22.997624 write(5, "\n", 1 <unfinished ...>
23688 15:08:22.997636 <... read resumed> "\n", 1) = 1
23690 15:08:22.997641 <... write resumed> ) = 1
23688 15:08:22.997648 write(4, "\1", 1) = 1
23688 15:08:22.997659 read(4,  <unfinished ...>
23690 15:08:22.997666 read(5, "\1", 1)  = 1
23690 15:08:22.997677 write(5, "\f", 1 <unfinished ...>
23688 15:08:22.997684 <... read resumed> "\f", 1) = 1
23690 15:08:22.997688 <... write resumed> ) = 1
23688 15:08:22.997696 socket(PF_INET, SOCK_STREAM, IPPROTO_TCP) = 5
23688 15:08:22.997711 setsockopt(5, SOL_SOCKET, SO_REUSEADDR, [1], 4) = 0
23688 15:08:22.997725 bind(5, {sa_family=AF_INET, sin_port=htons(48508), sin_addr=inet_addr("127.0.0.1")}, 16) = 0
23688 15:08:22.997741 listen(5, 1)      = 0
23688 15:08:22.997755 write(4, "|\275\0\0", 4) = 4
23688 15:08:22.997766 read(4,  <unfinished ...>
23690 15:08:22.997772 read(5, "|\275\0\0", 4) = 4
23690 15:08:22.997789 write(0, "227 Entering Passive Mode (127,0,0,1,189,124).\r\n", 48) = 48
23690 15:08:22.997900 rt_sigaction(SIGALRM, {0x805cad0, ~[RTMIN RT_1], 0}, NULL, 8) = 0
23690 15:08:22.997916 alarm(300)        = 300
23690 15:08:22.997966 recv(0, "RETR myfile17\r\n", 4096, MSG_PEEK) = 15
23690 15:08:22.997988 read(0, "RETR myfile17\r\n", 15) = 15
23690 15:08:22.998001 write(5, "\v", 1 <unfinished ...>
23688 15:08:22.998009 <... read resumed> "\v", 1) = 1
23690 15:08:22.998014 <... write resumed> ) = 1
23688 15:08:22.998020 write(4, "\1\0\0\0", 4) = 4
23688 15:08:22.998031 read(4,  <unfinished ...>
23690 15:08:22.998038 read(5, "\1\0\0\0", 4) = 4
23690 15:08:22.998049 gettimeofday({1495652902, 998053}, NULL) = 0
23690 15:08:22.998060 getcwd("/home/msfadmin", 4096) = 15
23690 15:08:22.998072 open("myfile17", O_RDONLY|O_NONBLOCK|O_LARGEFILE) = 4
23690 15:08:22.998086 fcntl64(4, F_SETLKW64, {type=F_RDLCK, whence=SEEK_SET, start=0, len=0}, 0xbf9acbb4) = 0
23690 15:08:22.998101 fstat64(4, {st_mode=S_IFREG|0644, st_size=17, ...}) = 0
23690 15:08:22.998118 fcntl64(4, F_GETFL) = 0x8800 (flags O_RDONLY|O_NONBLOCK|O_LARGEFILE)
23690 15:08:22.998129 fcntl64(4, F_SETFL, O_RDONLY|O_LARGEFILE) = 0
23690 15:08:22.998140 write(5, "\v", 1 <unfinished ...>
23688 15:08:22.998148 <... read resumed> "\v", 1) = 1
23690 15:08:22.998152 <... write resumed> ) = 1
23688 15:08:22.998158 write(4, "\1\0\0\0", 4) = 4
23688 15:08:22.998169 read(4,  <unfinished ...>
23690 15:08:22.998175 read(5, "\1\0\0\0", 4) = 4
23690 15:08:22.998186 write(5, "\v", 1 <unfinished ...>
23688 15:08:22.998193 <... read resumed> "\v", 1) = 1
23690 15:08:22.998198 <... write resumed> ) = 1
23688 15:08:22.998203 write(4, "\1\0\0\0", 4) = 4
23688 15:08:22.998214 read(4,  <unfinished ...>
23690 15:08:22.998220 read(5, "\1\0\0\0", 4) = 4
23690 15:08:22.998239 write(5, "\r", 1 <unfinished ...>
23688 15:08:22.998246 <... read resumed> "\r", 1) = 1
23690 15:08:22.998251 <... write resumed> ) = 1
23688 15:08:22.998257 select(6, [5], NULL, NULL, {60, 0}) = 1 (in [5], left {60, 0})
23688 15:08:22.998273 accept(5, {sa_family=AF_INET, sin_port=htons(43618), sin_addr=inet_addr("127.0.0.1")}, [16]) = 6
23688 15:08:22.998295 write(4, "\1", 1) = 1
23688 15:08:22.998307 sendmsg(4, {msg_name(0)=NULL, msg_iov(1)=[{"\0", 1}], msg_controllen=16, {cmsg_len=16, cmsg_level=SOL_SOCKET, cmsg_type=SCM_RIGHTS, {6}}, msg_flags=0}, 0) = 1
23688 15:08:22.998324 close(6)          = 0
23688 15:08:22.998333 read(4,  <unfinished ...>
23690 15:08:22.998340 read(5, "\1", 1)  = 1
23690 15:08:22.998352 recvmsg(5, {msg_name(0)=NULL, msg_iov(1)=[{"\0", 1}], msg_controllen=16, {cmsg_len=16, cmsg_level=SOL_SOCKET, cmsg_type=SCM_RIGHTS, {6}}, msg_flags=0}, 0) = 1
23690 15:08:22.998370 setsockopt(6, SOL_SOCKET, SO_KEEPALIVE, [1], 4) = 0
23690 15:08:22.998382 setsockopt(6, SOL_IP, IP_TOS, [8], 4) = 0
23690 15:08:22.998394 setsockopt(6, SOL_SOCKET, SO_LINGER, {onoff=1, linger=32767}, 8) = 0
23690 15:08:22.998405 rt_sigaction(SIGALRM, {0x805cad0, ~[RTMIN RT_1], 0}, NULL, 8) = 0
23690 15:08:22.998418 alarm(300)        = 300
23690 15:08:22.998430 write(0, "150 Opening BINARY mode data connection for myfile17 (17 bytes).\r\n", 66) = 66
23690 15:08:22.998472 _llseek(4, 0, [0], SEEK_CUR) = 0
23690 15:08:22.998484 fstat64(4, {st_mode=S_IFREG|0644, st_size=17, ...}) = 0
23690 15:08:22.998501 _llseek(4, 0, [0], SEEK_SET) = 0
23690 15:08:22.998511 sendfile(6, 4, NULL, 17) = 17
23690 15:08:22.998541 rt_sigaction(SIGALRM, {0x805cad0, ~[RTMIN RT_1], 0}, NULL, 8) = 0
23690 15:08:22.998555 alarm(300)        = 300
23690 15:08:22.998565 close(6)          = 0
23690 15:08:22.998601 alarm(0)          = 300
23690 15:08:22.998611 gettimeofday({1495652902, 998615}, NULL) = 0
23690 15:08:22.998626 gettimeofday({1495652902, 998630}, NULL) = 0
23690 15:08:22.998640 fcntl64(3, F_SETLKW64, {type=F_WRLCK, whence=SEEK_SET, start=0, len=0}, 0xbf9acb54) = 0
23690 15:08:22.998655 write(3, "Wed May 24 15:08:22 2017 [pid 23690] [msfadmin] OK DOWNLOAD: Client \"127.0.0.1\", \"/home/msfadmin/myfile17\", 17 bytes, 28.77Kbyte/sec\n", 133) = 133
23690 15:08:22.998676 fcntl64(3, F_SETLK64, {type=F_UNLCK, whence=SEEK_SET, start=0, len=0}, 0xbf9acb5c) = 0
23690 15:08:22.998690 write(0, "226 Transfer complete.\r\n", 24) = 24
23690 15:08:22.998754 write(5, "\n", 1 <unfinished ...>
23688 15:08:22.998764 <... read resumed> "\n", 1) = 1
23690 15:08:22.998769 <... write resumed> ) = 1
23688 15:08:22.998775 close(5)          = 0
23688 15:08:22.998786 write(4, "\1", 1) = 1
23688 15:08:22.998797 read(4,  <unfinished ...>
23690 15:08:22.998804 read(5, "\1", 1)  = 1
23690 15:08:22.998815 close(4)          = 0
23690 15:08:22.998825 rt_sigaction(SIGALRM, {0x805cad0, ~[RTMIN RT_1], 0}, NULL, 8) = 0
23690 15:08:22.998838 alarm(300)        = 0
23690 15:08:22.998849 recv(0,  <unfinished ...>
23693 15:08:23.146465 <... recv resumed> "TYPE I\r\n", 4096, MSG_PEEK) = 8
23693 15:08:23.146496 read(0, "TYPE I\r\n", 8) = 8
23693 15:08:23.146517 write(0, "200 Switching to Binary mode.\r\n", 31) = 31
23693 15:08:23.146564 rt_sigaction(SIGALRM, {0x805cad0, ~[RTMIN RT_1], 0}, NULL, 8) = 0
23693 15:08:23.146582 alarm(300)        = 299
23693 15:08:23.146594 recv(0, "PASV\r\n", 4096, MSG_PEEK) = 6
23693 15:08:23.146606 read(0, "PASV\r\n", 6) = 6
23693 15:08:23.146618 write(5, "\n", 1) = 1
23693 15:08:23.146630 read(5,  <unfinished ...>
23691 15:08:23.146638 <... read resumed> "\n", 1) = 1
23691 15:08:23.146648 write(4, "\1", 1) = 1
23693 15:08:23.146658 <... read resumed> "\1", 1) = 1
23693 15:08:23.146665 write(5, "\f", 1) = 1
23693 15:08:23.146675 read(5,  <unfinished ...>
23691 15:08:23.146681 read(4, "\f", 1)  = 1
23691 15:08:23.146694 socket(PF_INET, SOCK_STREAM, IPPROTO_TCP) = 5
23691 15:08:23.146709 setsockopt(5, SOL_SOCKET, SO_REUSEADDR, [1], 4) = 0
23691 15:08:23.146723 bind(5, {sa_family=AF_INET, sin_port=htons(56228), sin_addr=inet_addr("127.0.0.1")}, 16) = 0
23691 15:08:23.146748 listen(5, 1)      = 0
23691 15:08:23.146762 write(4, "\244\333\0\0", 4) = 4
23693 15:08:23.146773 <... read resumed> "\244\333\0\0", 4) = 4
23693 15:08:23.146785 write(0, "227 Entering Passive Mode (127,0,0,1,219,164).\r\n", 48) = 48
23693 15:08:23.146897 rt_sigaction(SIGALRM, {0x805cad0, ~[RTMIN RT_1], 0}, NULL, 8) = 0
23693 15:08:23.146913 alarm(300)        = 300
23693 15:08:23.146925 recv(0, "STOR myfile40\r\n", 4096, MSG_PEEK) = 15
23693 15:08:23.146937 read(0, "STOR myfile40\r\n", 15) = 15
23693 15:08:23.146950 write(5, "\v", 1) = 1
23693 15:08:23.146961 read(5,  <unfinished ...>
23691 15:08:23.146968 read(4, "\v", 1)  = 1
23691 15:08:23.146979 write(4, "\1\0\0\0", 4) = 4
23693 15:08:23.146989 <... read resumed> "\1\0\0\0", 4) = 4
23693 15:08:23.146997 gettimeofday({1495652903, 147001}, NULL) = 0
23693 15:08:23.147008 getcwd("/home/msfadmin", 4096) = 15
23693 15:08:23.147021 open("myfile40", O_WRONLY|O_CREAT|O_NONBLOCK|O_LARGEFILE, 0666) = 4
23693 15:08:23.147035 fstat64(4, {st_mode=S_IFREG|0644, st_size=17, ...}) = 0
23693 15:08:23.147052 fcntl64(4, F_GETFL) = 0x8801 (flags O_WRONLY|O_NONBLOCK|O_LARGEFILE)
23693 15:08:23.147063 fcntl64(4, F_SETFL, O_WRONLY|O_LARGEFILE) = 0
23693 15:08:23.147073 fcntl64(4, F_SETLKW64, {type=F_WRLCK, whence=SEEK_SET, start=0, len=0}, 0xbf8f02e4) = 0
23693 15:08:23.147087 ftruncate64(4, 0) = 0
23693 15:08:23.147105 _llseek(4, 0, [0], SEEK_SET) = 0
23693 15:08:23.147117 write(5, "\v", 1) = 1
23693 15:08:23.147127 read(5,  <unfinished ...>
23691 15:08:23.147134 read(4, "\v", 1)  = 1
23691 15:08:23.147145 write(4, "\1\0\0\0", 4) = 4
23693 15:08:23.147190 <... read resumed> "\1\0\0\0", 4) = 4
23693 15:08:23.147200 write(5, "\v", 1) = 1
23693 15:08:23.147210 read(5,  <unfinished ...>
23691 15:08:23.147217 read(4, "\v", 1)  = 1
23691 15:08:23.147237 write(4, "\1\0\0\0", 4) = 4
23693 15:08:23.147257 <... read resumed> "\1\0\0\0", 4) = 4
23693 15:08:23.147274 write(5, "\r", 1) = 1
23693 15:08:23.147294 read(5,  <unfinished ...>
23691 15:08:23.147301 read(4, "\r", 1)  = 1
23691 15:08:23.147322 select(6, [5], NULL, NULL, {60, 0}) = 1 (in [5], left {60, 0})
23691 15:08:23.147338 accept(5, {sa_family=AF_INET, sin_port=htons(58809), sin_addr=inet_addr("127.0.0.1")}, [16]) = 6
23691 15:08:23.147361 write(4, "\1", 1) = 1
23693 15:08:23.147371 <... read resumed> "\1", 1) = 1
23693 15:08:23.147380 recvmsg(5,  <unfinished ...>
23691 15:08:23.147388 sendmsg(4, {msg_name(0)=NULL, msg_iov(1)=[{"\0", 1}], msg_controllen=16, {cmsg_len=16, cmsg_level=SOL_SOCKET, cmsg_type=SCM_RIGHTS, {6}}, msg_flags=0}, 0) = 1
23693 15:08:23.147405 <... recvmsg resumed> {msg_name(0)=NULL, msg_iov(1)=[{"\0", 1}], msg_controllen=16, {cmsg_len=16, cmsg_level=SOL_SOCKET, cmsg_type=SCM_RIGHTS, {6}}, msg_flags=0}, 0) = 1
23693 15:08:23.147418 setsockopt(6, SOL_SOCKET, SO_KEEPALIVE, [1], 4) = 0
23693 15:08:23.147430 setsockopt(6, SOL_IP, IP_TOS, [8], 4) = 0
23693 15:08:23.147442 setsockopt(6, SOL_SOCKET, SO_LINGER, {onoff=1, linger=32767}, 8) = 0
23693 15:08:23.147453 rt_sigaction(SIGALRM, {0x805cad0, ~[RTMIN RT_1], 0}, NULL, 8) = 0
23693 15:08:23.147466 alarm(300)        = 300
23693 15:08:23.147478 write(0, "150 Ok to send data.\r\n", 22) = 22
23693 15:08:23.147545 read(6, "assasaaa\na\na\na\na\n", 65536) = 17
23693 15:08:23.147559 write(4, "assasaaa\na\na\na\na\n", 17) = 17
23693 15:08:23.147575 read(6, "", 65536) = 0
23693 15:08:23.147585 rt_sigaction(SIGALRM, {0x805cad0, ~[RTMIN RT_1], 0}, NULL, 8) = 0
23693 15:08:23.147599 alarm(300)        = 300
23693 15:08:23.147609 close(6)          = 0
23693 15:08:23.147618 alarm(0)          = 300
23693 15:08:23.147627 gettimeofday({1495652903, 147631}, NULL) = 0
23693 15:08:23.147643 gettimeofday({1495652903, 147646}, NULL) = 0
23693 15:08:23.147657 fcntl64(3, F_SETLKW64, {type=F_WRLCK, whence=SEEK_SET, start=0, len=0}, 0xbf8f0284) = 0
23693 15:08:23.147671 write(3, "Wed May 24 15:08:23 2017 [pid 23693] [msfadmin] OK UPLOAD: Client \"127.0.0.1\", \"/home/msfadmin/myfile40\", 17 bytes, 25.74Kbyte/sec\n", 131) = 131
23693 15:08:23.147693 fcntl64(3, F_SETLK64, {type=F_UNLCK, whence=SEEK_SET, start=0, len=0}, 0xbf8f028c) = 0
23693 15:08:23.147711 write(0, "226 Transfer complete.\r\n", 24) = 24
23693 15:08:23.147764 write(5, "\n", 1) = 1
23693 15:08:23.147776 read(5,  <unfinished ...>
23691 15:08:23.147783 close(6)          = 0
23691 15:08:23.147801 read(4, "\n", 1)  = 1
23691 15:08:23.147813 close(5)          = 0
23691 15:08:23.147824 write(4, "\1", 1) = 1
23693 15:08:23.147834 <... read resumed> "\1", 1) = 1
23693 15:08:23.147841 close(4)          = 0
23693 15:08:23.147852 rt_sigaction(SIGALRM, {0x805cad0, ~[RTMIN RT_1], 0}, NULL, 8) = 0
23693 15:08:23.147865 alarm(300)        = 0
23693 15:08:23.147876 recv(0,  <unfinished ...>
23691 15:08:23.147883 read(4,  <unfinished ...>
23690 15:08:23.567599 <... recv resumed> "USER msfadmin\r\n", 4096, MSG_PEEK) = 15
23690 15:08:23.567690 read(0, "USER msfadmin\r\n", 15) = 15
23690 15:08:23.567742 write(0, "331 Any password will do.\r\n", 27) = 27
23690 15:08:23.567793 rt_sigaction(SIGALRM, {0x805cad0, ~[RTMIN RT_1], 0}, NULL, 8) = 0
23690 15:08:23.567811 alarm(300)        = 299
23690 15:08:23.567824 recv(0, "PASS msfadmin\r\n", 4096, MSG_PEEK) = 15
23690 15:08:23.567835 read(0, "PASS msfadmin\r\n", 15) = 15
23690 15:08:23.567851 write(0, "230 Already logged in.\r\n", 24) = 24
23690 15:08:23.567913 rt_sigaction(SIGALRM, {0x805cad0, ~[RTMIN RT_1], 0}, NULL, 8) = 0
23690 15:08:23.567928 alarm(300)        = 300
23690 15:08:23.567940 recv(0, "TYPE I\r\n", 4096, MSG_PEEK) = 8
23690 15:08:23.567951 read(0, "TYPE I\r\n", 8) = 8
23690 15:08:23.567965 write(0, "200 Switching to Binary mode.\r\n", 31) = 31
23690 15:08:23.568000 rt_sigaction(SIGALRM, {0x805cad0, ~[RTMIN RT_1], 0}, NULL, 8) = 0
23690 15:08:23.568014 alarm(300)        = 300
23690 15:08:23.568024 recv(0, "PASV\r\n", 4096, MSG_PEEK) = 6
23690 15:08:23.568035 read(0, "PASV\r\n", 6) = 6
23690 15:08:23.568046 write(5, "\n", 1 <unfinished ...>
23688 15:08:23.568058 <... read resumed> "\n", 1) = 1
23690 15:08:23.568063 <... write resumed> ) = 1
23688 15:08:23.568070 write(4, "\1", 1) = 1
23688 15:08:23.568081 read(4,  <unfinished ...>
23690 15:08:23.568088 read(5, "\1", 1)  = 1
23690 15:08:23.568099 write(5, "\f", 1 <unfinished ...>
23688 15:08:23.568106 <... read resumed> "\f", 1) = 1
23690 15:08:23.568111 <... write resumed> ) = 1
23688 15:08:23.568118 socket(PF_INET, SOCK_STREAM, IPPROTO_TCP) = 5
23688 15:08:23.568133 setsockopt(5, SOL_SOCKET, SO_REUSEADDR, [1], 4) = 0
23688 15:08:23.568147 bind(5, {sa_family=AF_INET, sin_port=htons(39577), sin_addr=inet_addr("127.0.0.1")}, 16) = 0
23688 15:08:23.568164 listen(5, 1)      = 0
23688 15:08:23.568177 write(4, "\231\232\0\0", 4) = 4
23688 15:08:23.568188 read(4,  <unfinished ...>
23690 15:08:23.568195 read(5, "\231\232\0\0", 4) = 4
23690 15:08:23.568210 write(0, "227 Entering Passive Mode (127,0,0,1,154,153).\r\n", 48) = 48
23690 15:08:23.568322 rt_sigaction(SIGALRM, {0x805cad0, ~[RTMIN RT_1], 0}, NULL, 8) = 0
23690 15:08:23.568338 alarm(300)        = 300
23690 15:08:23.568349 recv(0, "RETR myfile18\r\n", 4096, MSG_PEEK) = 15
23690 15:08:23.568361 read(0, "RETR myfile18\r\n", 15) = 15
23690 15:08:23.568374 write(5, "\v", 1 <unfinished ...>
23688 15:08:23.568382 <... read resumed> "\v", 1) = 1
23690 15:08:23.568411 <... write resumed> ) = 1
23688 15:08:23.568419 write(4, "\1\0\0\0", 4) = 4
23688 15:08:23.568431 read(4,  <unfinished ...>
23690 15:08:23.568447 read(5, "\1\0\0\0", 4) = 4
23690 15:08:23.568459 gettimeofday({1495652903, 568463}, NULL) = 0
23690 15:08:23.568470 getcwd("/home/msfadmin", 4096) = 15
23690 15:08:23.568483 open("myfile18", O_RDONLY|O_NONBLOCK|O_LARGEFILE) = 4
23690 15:08:23.568497 fcntl64(4, F_SETLKW64, {type=F_RDLCK, whence=SEEK_SET, start=0, len=0}, 0xbf9acbb4) = 0
23690 15:08:23.568512 fstat64(4, {st_mode=S_IFREG|0644, st_size=17, ...}) = 0
23690 15:08:23.568529 fcntl64(4, F_GETFL) = 0x8800 (flags O_RDONLY|O_NONBLOCK|O_LARGEFILE)
23690 15:08:23.568539 fcntl64(4, F_SETFL, O_RDONLY|O_LARGEFILE) = 0
23690 15:08:23.568550 write(5, "\v", 1 <unfinished ...>
23688 15:08:23.568558 <... read resumed> "\v", 1) = 1
23690 15:08:23.568570 <... write resumed> ) = 1
23688 15:08:23.568576 write(4, "\1\0\0\0", 4) = 4
23688 15:08:23.568587 read(4,  <unfinished ...>
23690 15:08:23.568594 read(5, "\1\0\0\0", 4) = 4
23690 15:08:23.568605 write(5, "\v", 1 <unfinished ...>
23688 15:08:23.568611 <... read resumed> "\v", 1) = 1
23690 15:08:23.568616 <... write resumed> ) = 1
23688 15:08:23.568622 write(4, "\1\0\0\0", 4) = 4
23688 15:08:23.568632 read(4,  <unfinished ...>
23690 15:08:23.568638 read(5, "\1\0\0\0", 4) = 4
23690 15:08:23.568649 write(5, "\r", 1 <unfinished ...>
23688 15:08:23.568656 <... read resumed> "\r", 1) = 1
23690 15:08:23.568660 <... write resumed> ) = 1
23688 15:08:23.568667 select(6, [5], NULL, NULL, {60, 0}) = 1 (in [5], left {60, 0})
23688 15:08:23.568683 accept(5, {sa_family=AF_INET, sin_port=htons(43467), sin_addr=inet_addr("127.0.0.1")}, [16]) = 6
23688 15:08:23.568705 write(4, "\1", 1) = 1
23688 15:08:23.568717 sendmsg(4, {msg_name(0)=NULL, msg_iov(1)=[{"\0", 1}], msg_controllen=16, {cmsg_len=16, cmsg_level=SOL_SOCKET, cmsg_type=SCM_RIGHTS, {6}}, msg_flags=0}, 0) = 1
23688 15:08:23.568734 close(6)          = 0
23688 15:08:23.568744 read(4,  <unfinished ...>
23690 15:08:23.568750 read(5, "\1", 1)  = 1
23690 15:08:23.568763 recvmsg(5, {msg_name(0)=NULL, msg_iov(1)=[{"\0", 1}], msg_controllen=16, {cmsg_len=16, cmsg_level=SOL_SOCKET, cmsg_type=SCM_RIGHTS, {6}}, msg_flags=0}, 0) = 1
23690 15:08:23.568780 setsockopt(6, SOL_SOCKET, SO_KEEPALIVE, [1], 4) = 0
23690 15:08:23.568793 setsockopt(6, SOL_IP, IP_TOS, [8], 4) = 0
23690 15:08:23.568804 setsockopt(6, SOL_SOCKET, SO_LINGER, {onoff=1, linger=32767}, 8) = 0
23690 15:08:23.568815 rt_sigaction(SIGALRM, {0x805cad0, ~[RTMIN RT_1], 0}, NULL, 8) = 0
23690 15:08:23.568828 alarm(300)        = 300
23690 15:08:23.568841 write(0, "150 Opening BINARY mode data connection for myfile18 (17 bytes).\r\n", 66) = 66
23690 15:08:23.568882 _llseek(4, 0, [0], SEEK_CUR) = 0
23690 15:08:23.568894 fstat64(4, {st_mode=S_IFREG|0644, st_size=17, ...}) = 0
23690 15:08:23.568911 _llseek(4, 0, [0], SEEK_SET) = 0
23690 15:08:23.568922 sendfile(6, 4, NULL, 17) = 17
23690 15:08:23.568952 rt_sigaction(SIGALRM, {0x805cad0, ~[RTMIN RT_1], 0}, NULL, 8) = 0
23690 15:08:23.568966 alarm(300)        = 300
23690 15:08:23.568976 close(6)          = 0
23690 15:08:23.569012 alarm(0)          = 300
23690 15:08:23.569022 gettimeofday({1495652903, 569026}, NULL) = 0
23690 15:08:23.569038 gettimeofday({1495652903, 569042}, NULL) = 0
23690 15:08:23.569052 fcntl64(3, F_SETLKW64, {type=F_WRLCK, whence=SEEK_SET, start=0, len=0}, 0xbf9acb54) = 0
23690 15:08:23.569066 write(3, "Wed May 24 15:08:23 2017 [pid 23690] [msfadmin] OK DOWNLOAD: Client \"127.0.0.1\", \"/home/msfadmin/myfile18\", 17 bytes, 28.67Kbyte/sec\n", 133) = 133
23690 15:08:23.569088 fcntl64(3, F_SETLK64, {type=F_UNLCK, whence=SEEK_SET, start=0, len=0}, 0xbf9acb5c) = 0
23690 15:08:23.569102 write(0, "226 Transfer complete.\r\n", 24) = 24
23690 15:08:23.569166 write(5, "\n", 1 <unfinished ...>
23688 15:08:23.569176 <... read resumed> "\n", 1) = 1
23690 15:08:23.569181 <... write resumed> ) = 1
23688 15:08:23.569187 close(5)          = 0
23688 15:08:23.569199 write(4, "\1", 1) = 1
23688 15:08:23.569209 read(4,  <unfinished ...>
23690 15:08:23.569216 read(5, "\1", 1)  = 1
23690 15:08:23.569227 close(4)          = 0
23690 15:08:23.569237 rt_sigaction(SIGALRM, {0x805cad0, ~[RTMIN RT_1], 0}, NULL, 8) = 0
23690 15:08:23.569250 alarm(300)        = 0
23690 15:08:23.569261 recv(0,  <unfinished ...>
23693 15:08:23.698403 <... recv resumed> "TYPE I\r\n", 4096, MSG_PEEK) = 8
23693 15:08:23.698483 read(0, "TYPE I\r\n", 8) = 8
23693 15:08:23.698532 write(0, "200 Switching to Binary mode.\r\n", 31) = 31
23693 15:08:23.698586 rt_sigaction(SIGALRM, {0x805cad0, ~[RTMIN RT_1], 0}, NULL, 8) = 0
23693 15:08:23.698604 alarm(300)        = 299
23693 15:08:23.698616 recv(0, "PASV\r\n", 4096, MSG_PEEK) = 6
23693 15:08:23.698628 read(0, "PASV\r\n", 6) = 6
23693 15:08:23.698639 write(5, "\n", 1) = 1
23693 15:08:23.698652 read(5,  <unfinished ...>
23691 15:08:23.698661 <... read resumed> "\n", 1) = 1
23691 15:08:23.698678 write(4, "\1", 1) = 1
23693 15:08:23.698689 <... read resumed> "\1", 1) = 1
23693 15:08:23.698696 write(5, "\f", 1) = 1
23693 15:08:23.698706 read(5,  <unfinished ...>
23691 15:08:23.698712 read(4, "\f", 1)  = 1
23691 15:08:23.698724 socket(PF_INET, SOCK_STREAM, IPPROTO_TCP) = 5
23691 15:08:23.698740 setsockopt(5, SOL_SOCKET, SO_REUSEADDR, [1], 4) = 0
23691 15:08:23.698755 bind(5, {sa_family=AF_INET, sin_port=htons(21357), sin_addr=inet_addr("127.0.0.1")}, 16) = 0
23691 15:08:23.698771 listen(5, 1)      = 0
23691 15:08:23.698785 write(4, "mS\0\0", 4) = 4
23693 15:08:23.698795 <... read resumed> "mS\0\0", 4) = 4
23693 15:08:23.698807 write(0, "227 Entering Passive Mode (127,0,0,1,83,109).\r\n", 47) = 47
23693 15:08:23.698922 rt_sigaction(SIGALRM, {0x805cad0, ~[RTMIN RT_1], 0}, NULL, 8) = 0
23693 15:08:23.698938 alarm(300)        = 300
23693 15:08:23.698950 recv(0, "STOR myfile0\r\n", 4096, MSG_PEEK) = 14
23693 15:08:23.698962 read(0, "STOR myfile0\r\n", 14) = 14
23693 15:08:23.698975 write(5, "\v", 1) = 1
23693 15:08:23.698985 read(5,  <unfinished ...>
23691 15:08:23.698992 read(4, "\v", 1)  = 1
23691 15:08:23.699003 write(4, "\1\0\0\0", 4) = 4
23693 15:08:23.699013 <... read resumed> "\1\0\0\0", 4) = 4
23693 15:08:23.699021 gettimeofday({1495652903, 699025}, NULL) = 0
23693 15:08:23.699032 getcwd("/home/msfadmin", 4096) = 15
23693 15:08:23.699044 open("myfile0", O_WRONLY|O_CREAT|O_NONBLOCK|O_LARGEFILE, 0666) = 4
23693 15:08:23.699058 fstat64(4, {st_mode=S_IFREG|0644, st_size=17, ...}) = 0
23693 15:08:23.699076 fcntl64(4, F_GETFL) = 0x8801 (flags O_WRONLY|O_NONBLOCK|O_LARGEFILE)
23693 15:08:23.699087 fcntl64(4, F_SETFL, O_WRONLY|O_LARGEFILE) = 0
23693 15:08:23.699123 fcntl64(4, F_SETLKW64, {type=F_WRLCK, whence=SEEK_SET, start=0, len=0}, 0xbf8f02e4) = 0
23693 15:08:23.699150 ftruncate64(4, 0) = 0
23693 15:08:23.699170 _llseek(4, 0, [0], SEEK_SET) = 0
23693 15:08:23.699181 write(5, "\v", 1) = 1
23693 15:08:23.699192 read(5,  <unfinished ...>
23691 15:08:23.699199 read(4, "\v", 1)  = 1
23691 15:08:23.699210 write(4, "\1\0\0\0", 4) = 4
23693 15:08:23.699220 <... read resumed> "\1\0\0\0", 4) = 4
23693 15:08:23.699228 write(5, "\v", 1) = 1
23693 15:08:23.699237 read(5,  <unfinished ...>
23691 15:08:23.699244 read(4, "\v", 1)  = 1
23691 15:08:23.699254 write(4, "\1\0\0\0", 4) = 4
23693 15:08:23.699264 <... read resumed> "\1\0\0\0", 4) = 4
23693 15:08:23.699271 write(5, "\r", 1) = 1
23693 15:08:23.699281 read(5,  <unfinished ...>
23691 15:08:23.699287 read(4, "\r", 1)  = 1
23691 15:08:23.699299 select(6, [5], NULL, NULL, {60, 0}) = 1 (in [5], left {60, 0})
23691 15:08:23.699315 accept(5, {sa_family=AF_INET, sin_port=htons(37767), sin_addr=inet_addr("127.0.0.1")}, [16]) = 6
23691 15:08:23.699337 write(4, "\1", 1) = 1
23693 15:08:23.699348 <... read resumed> "\1", 1) = 1
23693 15:08:23.699356 recvmsg(5,  <unfinished ...>
23691 15:08:23.699364 sendmsg(4, {msg_name(0)=NULL, msg_iov(1)=[{"\0", 1}], msg_controllen=16, {cmsg_len=16, cmsg_level=SOL_SOCKET, cmsg_type=SCM_RIGHTS, {6}}, msg_flags=0}, 0) = 1
23693 15:08:23.699382 <... recvmsg resumed> {msg_name(0)=NULL, msg_iov(1)=[{"\0", 1}], msg_controllen=16, {cmsg_len=16, cmsg_level=SOL_SOCKET, cmsg_type=SCM_RIGHTS, {6}}, msg_flags=0}, 0) = 1
23693 15:08:23.699395 setsockopt(6, SOL_SOCKET, SO_KEEPALIVE, [1], 4) = 0
23693 15:08:23.699407 setsockopt(6, SOL_IP, IP_TOS, [8], 4) = 0
23693 15:08:23.699419 setsockopt(6, SOL_SOCKET, SO_LINGER, {onoff=1, linger=32767}, 8) = 0
23693 15:08:23.699430 rt_sigaction(SIGALRM, {0x805cad0, ~[RTMIN RT_1], 0}, NULL, 8) = 0
23693 15:08:23.699443 alarm(300)        = 300
23693 15:08:23.699455 write(0, "150 Ok to send data.\r\n", 22) = 22
23693 15:08:23.699521 read(6, "assasaaa\na\na\na\na\n", 65536) = 17
23693 15:08:23.699535 write(4, "assasaaa\na\na\na\na\n", 17) = 17
23693 15:08:23.699551 read(6, "", 65536) = 0
23693 15:08:23.699561 rt_sigaction(SIGALRM, {0x805cad0, ~[RTMIN RT_1], 0}, NULL, 8) = 0
23693 15:08:23.699575 alarm(300)        = 300
23693 15:08:23.699584 close(6)          = 0
23693 15:08:23.699593 alarm(0)          = 300
23693 15:08:23.699606 gettimeofday({1495652903, 699609}, NULL) = 0
23693 15:08:23.699621 gettimeofday({1495652903, 699625}, NULL) = 0
23693 15:08:23.699635 fcntl64(3, F_SETLKW64, {type=F_WRLCK, whence=SEEK_SET, start=0, len=0}, 0xbf8f0284) = 0
23693 15:08:23.699649 write(3, "Wed May 24 15:08:23 2017 [pid 23693] [msfadmin] OK UPLOAD: Client \"127.0.0.1\", \"/home/msfadmin/myfile0\", 17 bytes, 27.67Kbyte/sec\n", 130) = 130
23693 15:08:23.699670 fcntl64(3, F_SETLK64, {type=F_UNLCK, whence=SEEK_SET, start=0, len=0}, 0xbf8f028c) = 0
23693 15:08:23.699684 write(0, "226 Transfer complete.\r\n", 24) = 24
23693 15:08:23.699727 write(5, "\n", 1) = 1
23693 15:08:23.699739 read(5,  <unfinished ...>
23691 15:08:23.699746 close(6)          = 0
23691 15:08:23.699764 read(4, "\n", 1)  = 1
23691 15:08:23.699775 close(5)          = 0
23691 15:08:23.699786 write(4, "\1", 1) = 1
23693 15:08:23.699796 <... read resumed> "\1", 1) = 1
23693 15:08:23.699803 close(4)          = 0
23693 15:08:23.699814 rt_sigaction(SIGALRM, {0x805cad0, ~[RTMIN RT_1], 0}, NULL, 8) = 0
23693 15:08:23.699827 alarm(300)        = 0
23693 15:08:23.699838 recv(0,  <unfinished ...>
23691 15:08:23.699845 read(4,  <unfinished ...>
23690 15:08:24.107266 <... recv resumed> "QUIT\r\n", 4096, MSG_PEEK) = 6
23690 15:08:24.107362 read(0, "QUIT\r\n", 6) = 6
23690 15:08:24.107436 shutdown(0, 0 /* receive */) = 0
23690 15:08:24.107476 fcntl64(0, F_GETFL) = 0x2 (flags O_RDWR)
23690 15:08:24.107502 fcntl64(0, F_SETFL, O_RDWR|O_NONBLOCK) = 0
23690 15:08:24.107523 write(0, "221 Goodbye.\r\n", 14) = 14
23690 15:08:24.107596 fcntl64(0, F_GETFL) = 0x802 (flags O_RDWR|O_NONBLOCK)
23690 15:08:24.107608 fcntl64(0, F_SETFL, O_RDWR) = 0
23690 15:08:24.107618 shutdown(0, 2 /* send and receive */) = 0
23690 15:08:24.107639 exit_group(0)     = ?
23688 15:08:24.107688 <... read resumed> 0xbf9acc47, 1) = ? ERESTARTSYS (To be restarted)
23688 15:08:24.107696 --- SIGCHLD (Child exited) @ 0 (0) ---
23688 15:08:24.107707 alarm(1)          = 0
23688 15:08:24.107719 sigreturn()       = ? (mask now [])
23688 15:08:24.107736 alarm(0)          = 1
23688 15:08:24.107746 wait4(-1, [{WIFEXITED(s) && WEXITSTATUS(s) == 0}], 0, NULL) = 23690
23688 15:08:24.107761 exit_group(0)     = ?
4380  15:08:24.107798 <... select resumed> ) = ? ERESTARTNOHAND (To be restarted)
4380  15:08:24.107806 --- SIGCHLD (Child exited) @ 0 (0) ---
4380  15:08:24.107813 write(4, "\21", 1) = 1
4380  15:08:24.107828 sigreturn()       = ? (mask now [])
4380  15:08:24.107861 select(13, [3 5 6 8 9 10 11 12], NULL, NULL, NULL) = 1 (in [3])
4380  15:08:24.107878 ioctl(3, FIONREAD, [1]) = 0
4380  15:08:24.107892 read(3, "\21", 1) = 1
4380  15:08:24.107905 waitpid(-1, [{WIFEXITED(s) && WEXITSTATUS(s) == 0}], WNOHANG) = 23688
4380  15:08:24.107925 close(-1)         = -1 EBADF (Bad file descriptor)
4380  15:08:24.107937 waitpid(-1, 0xbf9d5dbc, WNOHANG) = 0
4380  15:08:24.107947 select(13, [3 5 6 8 9 10 11 12], NULL, NULL, NULL <unfinished ...>
23693 15:08:24.207377 <... recv resumed> "TYPE I\r\n", 4096, MSG_PEEK) = 8
23693 15:08:24.207456 read(0, "TYPE I\r\n", 8) = 8
23693 15:08:24.207523 write(0, "200 Switching to Binary mode.\r\n", 31) = 31
23693 15:08:24.207601 rt_sigaction(SIGALRM, {0x805cad0, ~[RTMIN RT_1], 0}, NULL, 8) = 0
23693 15:08:24.207630 alarm(300)        = 299
23693 15:08:24.207651 recv(0, "PASV\r\n", 4096, MSG_PEEK) = 6
23693 15:08:24.207662 read(0, "PASV\r\n", 6) = 6
23693 15:08:24.207674 write(5, "\n", 1) = 1
23693 15:08:24.207686 read(5,  <unfinished ...>
23691 15:08:24.207695 <... read resumed> "\n", 1) = 1
23691 15:08:24.207704 write(4, "\1", 1) = 1
23693 15:08:24.207714 <... read resumed> "\1", 1) = 1
23693 15:08:24.207721 write(5, "\f", 1) = 1
23693 15:08:24.207731 read(5,  <unfinished ...>
23691 15:08:24.207737 read(4, "\f", 1)  = 1
23691 15:08:24.207749 socket(PF_INET, SOCK_STREAM, IPPROTO_TCP) = 5
23691 15:08:24.207764 setsockopt(5, SOL_SOCKET, SO_REUSEADDR, [1], 4) = 0
23691 15:08:24.207779 bind(5, {sa_family=AF_INET, sin_port=htons(40159), sin_addr=inet_addr("127.0.0.1")}, 16) = 0
23691 15:08:24.207795 listen(5, 1)      = 0
23691 15:08:24.207816 write(4, "\337\234\0\0", 4) = 4
23693 15:08:24.207827 <... read resumed> "\337\234\0\0", 4) = 4
23693 15:08:24.207839 write(0, "227 Entering Passive Mode (127,0,0,1,156,223).\r\n", 48) = 48
23693 15:08:24.207952 rt_sigaction(SIGALRM, {0x805cad0, ~[RTMIN RT_1], 0}, NULL, 8) = 0
23693 15:08:24.207969 alarm(300)        = 300
23693 15:08:24.207980 recv(0, "STOR myfile1\r\n", 4096, MSG_PEEK) = 14
23693 15:08:24.207992 read(0, "STOR myfile1\r\n", 14) = 14
23693 15:08:24.208005 write(5, "\v", 1) = 1
23693 15:08:24.208015 read(5,  <unfinished ...>
23691 15:08:24.208022 read(4, "\v", 1)  = 1
23691 15:08:24.208033 write(4, "\1\0\0\0", 4) = 4
23693 15:08:24.208043 <... read resumed> "\1\0\0\0", 4) = 4
23693 15:08:24.208051 gettimeofday({1495652904, 208055}, NULL) = 0
23693 15:08:24.208062 getcwd("/home/msfadmin", 4096) = 15
23693 15:08:24.208074 open("myfile1", O_WRONLY|O_CREAT|O_NONBLOCK|O_LARGEFILE, 0666) = 4
23693 15:08:24.208088 fstat64(4, {st_mode=S_IFREG|0644, st_size=17, ...}) = 0
23693 15:08:24.208105 fcntl64(4, F_GETFL) = 0x8801 (flags O_WRONLY|O_NONBLOCK|O_LARGEFILE)
23693 15:08:24.208116 fcntl64(4, F_SETFL, O_WRONLY|O_LARGEFILE) = 0
23693 15:08:24.208126 fcntl64(4, F_SETLKW64, {type=F_WRLCK, whence=SEEK_SET, start=0, len=0}, 0xbf8f02e4) = 0
23693 15:08:24.208287 ftruncate64(4, 0) = 0
23693 15:08:24.208319 _llseek(4, 0, [0], SEEK_SET) = 0
23693 15:08:24.208331 write(5, "\v", 1) = 1
23693 15:08:24.208341 read(5,  <unfinished ...>
23691 15:08:24.208348 read(4, "\v", 1)  = 1
23691 15:08:24.208359 write(4, "\1\0\0\0", 4) = 4
23693 15:08:24.208369 <... read resumed> "\1\0\0\0", 4) = 4
23693 15:08:24.208377 write(5, "\v", 1) = 1
23693 15:08:24.208386 read(5,  <unfinished ...>
23691 15:08:24.208392 read(4, "\v", 1)  = 1
23691 15:08:24.208403 write(4, "\1\0\0\0", 4) = 4
23693 15:08:24.208413 <... read resumed> "\1\0\0\0", 4) = 4
23693 15:08:24.208420 write(5, "\r", 1) = 1
23693 15:08:24.208429 read(5,  <unfinished ...>
23691 15:08:24.208436 read(4, "\r", 1)  = 1
23691 15:08:24.208447 select(6, [5], NULL, NULL, {60, 0}) = 1 (in [5], left {60, 0})
23691 15:08:24.208463 accept(5, {sa_family=AF_INET, sin_port=htons(33016), sin_addr=inet_addr("127.0.0.1")}, [16]) = 6
23691 15:08:24.208485 write(4, "\1", 1) = 1
23693 15:08:24.208495 <... read resumed> "\1", 1) = 1
23693 15:08:24.208503 recvmsg(5,  <unfinished ...>
23691 15:08:24.208512 sendmsg(4, {msg_name(0)=NULL, msg_iov(1)=[{"\0", 1}], msg_controllen=16, {cmsg_len=16, cmsg_level=SOL_SOCKET, cmsg_type=SCM_RIGHTS, {6}}, msg_flags=0}, 0) = 1
23693 15:08:24.208529 <... recvmsg resumed> {msg_name(0)=NULL, msg_iov(1)=[{"\0", 1}], msg_controllen=16, {cmsg_len=16, cmsg_level=SOL_SOCKET, cmsg_type=SCM_RIGHTS, {6}}, msg_flags=0}, 0) = 1
23693 15:08:24.208542 setsockopt(6, SOL_SOCKET, SO_KEEPALIVE, [1], 4) = 0
23693 15:08:24.208554 setsockopt(6, SOL_IP, IP_TOS, [8], 4) = 0
23693 15:08:24.208565 setsockopt(6, SOL_SOCKET, SO_LINGER, {onoff=1, linger=32767}, 8) = 0
23693 15:08:24.208576 rt_sigaction(SIGALRM, {0x805cad0, ~[RTMIN RT_1], 0}, NULL, 8) = 0
23693 15:08:24.208589 alarm(300)        = 300
23693 15:08:24.208602 write(0, "150 Ok to send data.\r\n", 22) = 22
23693 15:08:24.208667 read(6, "assasaaa\na\na\na\na\n", 65536) = 17
23693 15:08:24.208681 write(4, "assasaaa\na\na\na\na\n", 17) = 17
23693 15:08:24.208697 read(6, "", 65536) = 0
23693 15:08:24.208707 rt_sigaction(SIGALRM, {0x805cad0, ~[RTMIN RT_1], 0}, NULL, 8) = 0
23693 15:08:24.208720 alarm(300)        = 300
23693 15:08:24.208730 close(6)          = 0
23693 15:08:24.208739 alarm(0)          = 300
23693 15:08:24.208748 gettimeofday({1495652904, 208752}, NULL) = 0
23693 15:08:24.208763 gettimeofday({1495652904, 208767}, NULL) = 0
23693 15:08:24.208777 fcntl64(3, F_SETLKW64, {type=F_WRLCK, whence=SEEK_SET, start=0, len=0}, 0xbf8f0284) = 0
23693 15:08:24.208791 write(3, "Wed May 24 15:08:24 2017 [pid 23693] [msfadmin] OK UPLOAD: Client \"127.0.0.1\", \"/home/msfadmin/myfile1\", 17 bytes, 23.32Kbyte/sec\n", 130) = 130
23693 15:08:24.208812 fcntl64(3, F_SETLK64, {type=F_UNLCK, whence=SEEK_SET, start=0, len=0}, 0xbf8f028c) = 0
23693 15:08:24.208830 write(0, "226 Transfer complete.\r\n", 24) = 24
23693 15:08:24.208873 write(5, "\n", 1) = 1
23693 15:08:24.208884 read(5,  <unfinished ...>
23691 15:08:24.208891 close(6)          = 0
23691 15:08:24.208909 read(4, "\n", 1)  = 1
23691 15:08:24.208920 close(5)          = 0
23691 15:08:24.208930 write(4, "\1", 1) = 1
23693 15:08:24.208941 <... read resumed> "\1", 1) = 1
23693 15:08:24.208948 close(4)          = 0
23693 15:08:24.208958 rt_sigaction(SIGALRM, {0x805cad0, ~[RTMIN RT_1], 0}, NULL, 8) = 0
23693 15:08:24.208971 alarm(300)        = 0
23693 15:08:24.208982 recv(0,  <unfinished ...>
23691 15:08:24.208989 read(4,  <unfinished ...>
4380  15:08:24.676679 <... select resumed> ) = 1 (in [5])
4380  15:08:24.676718 accept(5, {sa_family=AF_INET, sin_port=htons(51647), sin_addr=inet_addr("127.0.0.1")}, [16]) = 13
4380  15:08:24.676770 time(NULL)        = 1495652904
4380  15:08:24.676783 clone(child_stack=0, flags=CLONE_CHILD_CLEARTID|CLONE_CHILD_SETTID|SIGCHLD, child_tidptr=0xb7dd26f8) = 23695
23695 15:08:24.676893 rt_sigaction(SIGPIPE, {SIG_DFL}, {SIG_IGN}, 8) = 0
23695 15:08:24.676931 rt_sigaction(SIGTSTP, {SIG_DFL}, {SIG_IGN}, 8) = 0
23695 15:08:24.676943 rt_sigaction(SIGTTIN, {SIG_DFL}, {SIG_IGN}, 8) = 0
23695 15:08:24.676955 rt_sigaction(SIGTTOU, {SIG_DFL}, {SIG_IGN}, 8) = 0
23695 15:08:24.676970 rt_sigprocmask(SIG_SETMASK, [], NULL, 8) = 0
23695 15:08:24.676983 close(3)          = 0
23695 15:08:24.676992 close(4)          = 0
23695 15:08:24.677002 open("/dev/null", O_RDONLY) = 3
23695 15:08:24.677018 dup2(3, 0)        = 0
23695 15:08:24.677028 dup2(3, 1)        = 1
23695 15:08:24.677036 dup2(3, 2)        = 2
23695 15:08:24.677045 close(3)          = 0
23695 15:08:24.677057 setgid32(0)       = 0
23695 15:08:24.677069 setgroups32(0, []) = 0
23695 15:08:24.677080 setuid32(0)       = 0
23695 15:08:24.677092 getpriority(PRIO_PROCESS, 0) = 20
23695 15:08:24.677101 setpriority(PRIO_PROCESS, 0, 10) = 0
23695 15:08:24.677111 getpriority(PRIO_PROCESS, 0) = 10
23695 15:08:24.677148 getpeername(13, {sa_family=AF_INET, sin_port=htons(51647), sin_addr=inet_addr("127.0.0.1")}, [16]) = 0
23695 15:08:24.677170 getsockname(13, {sa_family=AF_INET, sin_port=htons(21), sin_addr=inet_addr("127.0.0.1")}, [16]) = 0
23695 15:08:24.677198 open("/etc/hosts.allow", O_RDONLY) = 3
23695 15:08:24.677217 fstat64(3, {st_mode=S_IFREG|0644, st_size=588, ...}) = 0
23695 15:08:24.677236 mmap2(NULL, 4096, PROT_READ|PROT_WRITE, MAP_PRIVATE|MAP_ANONYMOUS, -1, 0) = 0xb7fa1000
23695 15:08:24.677250 read(3, "# /etc/hosts.allow: list of hosts that are allowed to access the system.\n#                   See the manual pages hosts_access(5) and hosts_options(5).\n#\n# Example:    ALL: LOCAL @some_netgroup\n#             ALL: .foobar.edu EXCEPT terminalserver.foobar.edu\n#\n# If you\'re going to protect the portmapper use the name \"portmap\" for the\n# daemon name. Remember that you can only use the keyword \"ALL\" and IP\n# addresses (NOT host or domain names) for the portmapper, as well as for\n# rpc.mountd (the NFS mount daemon). See portmap(8) and rpc.mountd(8)\n# for further information.\n#\n\nALL:ALL\n", 4096) = 588
23695 15:08:24.677322 close(3)          = 0
23695 15:08:24.677333 munmap(0xb7fa1000, 4096) = 0
23695 15:08:24.677381 fcntl64(13, F_SETFD, 0) = 0
23695 15:08:24.677398 close(7)          = 0
23695 15:08:24.677417 dup2(13, 0)       = 0
23695 15:08:24.677426 dup2(13, 1)       = 1
23695 15:08:24.677435 dup2(13, 2)       = 2
23695 15:08:24.677444 setrlimit(RLIMIT_NOFILE, {rlim_cur=1024, rlim_max=1024}) = 0
23695 15:08:24.677456 close(13)         = 0
23695 15:08:24.677465 setsid()          = 23695
23695 15:08:24.677475 execve("/usr/sbin/vsftpd", ["vsftpd"], [/* 15 vars */]) = 0
23695 15:08:24.677554 brk(0)            = 0x8064000
23695 15:08:24.677575 access("/etc/ld.so.nohwcap", F_OK) = -1 ENOENT (No such file or directory)
23695 15:08:24.677592 mmap2(NULL, 8192, PROT_READ|PROT_WRITE, MAP_PRIVATE|MAP_ANONYMOUS, -1, 0) = 0xb7fcd000
23695 15:08:24.677605 access("/etc/ld.so.preload", R_OK) = -1 ENOENT (No such file or directory)
23695 15:08:24.677629 open("/etc/ld.so.cache", O_RDONLY) = 3
23695 15:08:24.677642 fstat64(3, {st_mode=S_IFREG|0644, st_size=29913, ...}) = 0
23695 15:08:24.677659 mmap2(NULL, 29913, PROT_READ, MAP_PRIVATE, 3, 0) = 0xb7fc5000
23695 15:08:24.677669 close(3)          = 0
23695 15:08:24.677680 access("/etc/ld.so.nohwcap", F_OK) = -1 ENOENT (No such file or directory)
23695 15:08:24.677695 open("/lib/libpam.so.0", O_RDONLY) = 3
23695 15:08:24.677708 read(3, "\177ELF\1\1\1\0\0\0\0\0\0\0\0\0\3\0\3\0\1\0\0\0\320\30\0\0004\0\0\0\f\220\0\0\0\0\0\0004\0 \0\4\0(\0\33\0\32\0\1\0\0\0\0\0\0\0\0\0\0\0\0\0\0\0t\214\0\0t\214\0\0\5\0\0\0\0\20\0\0\1\0\0\0t\214\0\0t\234\0\0t\234\0\0\250\2\0\0\254\2\0\0\6\0\0\0\0\20\0\0\2\0\0\0D\215\0\0D\235\0\0D\235\0\0\350\0\0\0\350\0\0\0\6\0\0\0\4\0\0\0Q\345td\0\0\0\0\0\0\0\0\0\0\0\0\0\0\0\0\0\0\0\0\6\0\0\0\4\0\0\0\254\0\0\0X\0\0\0D\0\0\0\0\0\0\0G\0\0\0\7\0\0\0*\0\0\0\v\0\0\0\36\0\0\0\0\0\0\0K\0\0\0L\0\0\0\34\0\0\0\0\0\0\0\0\0\0\0V\0\0\0\0\0\0\0\0\0\0\0\21\0\0\0\33\0\0\0\0\0\0\0\0\0\0\0\0\0\0\0>\0\0\0O\0\0\0\0\0\0\0\0\0\0\0\0\0\0\0\2\0\0\0\0\0\0\0\0\0\0\0P\0\0\0R\0\0\0\0\0\0\0A\0\0\0?\0\0\0\0\0\0\0\0\0\0\0;\0\0\0\r\0\0\0\0\0\0\0\0\0\0\0\0\0\0\0006\0\0\0(\0\0\0\0\0\0\0.\0\0\0\16\0\0\0,\0\0\0\0\0\0\0!\0\0\0\30\0\0\0\0\0\0\0\0\0\0\0\0\0\0\0\0\0\0\0\0\0\0\0\31\0\0\0\0\0\0\0<\0\0\0W\0\0\0+\0\0\0M\0\0\0\0\0\0\0\0\0\0\0&\0\0\0\0\0\0\0N\0\0\0\0\0\0\0\0\0\0\0\27\0\0\0\0\0\0\0\0\0\0\0\0\0\0\0001\0\0\0%\0\0\0\35\0\0\0\0\0\0\0/\0\0\0\0\0\0\0\0\0\0\0\0\0\0\0B\0\0\0", 512) = 512
23695 15:08:24.677797 fstat64(3, {st_mode=S_IFREG|0644, st_size=37956, ...}) = 0
23695 15:08:24.677814 mmap2(NULL, 40736, PROT_READ|PROT_EXEC, MAP_PRIVATE|MAP_DENYWRITE, 3, 0) = 0xb7fbb000
23695 15:08:24.677826 mmap2(0xb7fc4000, 4096, PROT_READ|PROT_WRITE, MAP_PRIVATE|MAP_FIXED|MAP_DENYWRITE, 3, 0x8) = 0xb7fc4000
23695 15:08:24.677841 close(3)          = 0
23695 15:08:24.677853 access("/etc/ld.so.nohwcap", F_OK) = -1 ENOENT (No such file or directory)
23695 15:08:24.677867 open("/lib/tls/i686/cmov/libdl.so.2", O_RDONLY) = 3
23695 15:08:24.677881 read(3, "\177ELF\1\1\1\0\0\0\0\0\0\0\0\0\3\0\3\0\1\0\0\0p\n\0\0004\0\0\0L!\0\0\0\0\0\0004\0 \0\10\0(\0\35\0\34\0\6\0\0\0004\0\0\0004\0\0\0004\0\0\0\0\1\0\0\0\1\0\0\5\0\0\0\4\0\0\0\3\0\0\0003\33\0\0003\33\0\0003\33\0\0\23\0\0\0\23\0\0\0\4\0\0\0\1\0\0\0\1\0\0\0\0\0\0\0\0\0\0\0\0\0\0\0\374\34\0\0\374\34\0\0\5\0\0\0\0\20\0\0\1\0\0\0\264\36\0\0\264.\0\0\264.\0\0\230\1\0\0\310\1\0\0\6\0\0\0\0\20\0\0\2\0\0\0\320\36\0\0\320.\0\0\320.\0\0\370\0\0\0\370\0\0\0\6\0\0\0\4\0\0\0\4\0\0\0004\1\0\0004\1\0\0004\1\0\0 \0\0\0 \0\0\0\4\0\0\0\4\0\0\0Q\345td\0\0\0\0\0\0\0\0\0\0\0\0\0\0\0\0\0\0\0\0\6\0\0\0\4\0\0\0R\345td\264\36\0\0\264.\0\0\264.\0\0@\1\0\0@\1\0\0\4\0\0\0\1\0\0\0\4\0\0\0\20\0\0\0\1\0\0\0GNU\0\0\0\0\0\2\0\0\0\6\0\0\0\10\0\0\0\26\0\0\0\31\0\0\0\4\0\0\0\7\0\0\0\230\0\21\0\0B\0\0\202\0`\10\223(\10\336\31\0\0\0\0\0\0\0\0\0\0\0\0\0\0\0\32\0\0\0\0\0\0\0\33\0\0\0\34\0\0\0\0\0\0\0\36\0\0\0\0\0\0\0\0\0\0\0\37\0\0\0!\0\0\0\"\0\0\0\0\0\0\0\0\0\0\0#\0\0\0%\0\0\0&\0\0\0\0\0\0\0(\0\0\0\221!\374\370\225\263_\31\5\350\7\371\6\2\4\371\7\2\4\371\301S\200\30\256\304M\17a\242\222\6\325=l\366\327=l\366\370\31sB\353\26\251\30\373\31sB", 512) = 512
23695 15:08:24.677968 fstat64(3, {st_mode=S_IFREG|0644, st_size=9684, ...}) = 0
23695 15:08:24.677984 mmap2(NULL, 12412, PROT_READ|PROT_EXEC, MAP_PRIVATE|MAP_DENYWRITE, 3, 0) = 0xb7fb7000
23695 15:08:24.677995 mmap2(0xb7fb9000, 8192, PROT_READ|PROT_WRITE, MAP_PRIVATE|MAP_FIXED|MAP_DENYWRITE, 3, 0x1) = 0xb7fb9000
23695 15:08:24.678012 close(3)          = 0
23695 15:08:24.678023 access("/etc/ld.so.nohwcap", F_OK) = -1 ENOENT (No such file or directory)
23695 15:08:24.678036 open("/lib/tls/i686/cmov/libnsl.so.1", O_RDONLY) = 3
23695 15:08:24.678050 read(3, "\177ELF\1\1\1\0\0\0\0\0\0\0\0\0\3\0\3\0\1\0\0\00001\0\0004\0\0\0\234B\1\0\0\0\0\0004\0 \0\10\0(\0\34\0\33\0\6\0\0\0004\0\0\0004\0\0\0004\0\0\0\0\1\0\0\0\1\0\0\5\0\0\0\4\0\0\0\3\0\0\0\340,\1\0\340,\1\0\340,\1\0\23\0\0\0\23\0\0\0\4\0\0\0\1\0\0\0\1\0\0\0\0\0\0\0\0\0\0\0\0\0\0\0\3407\1\0\3407\1\0\5\0\0\0\0\20\0\0\1\0\0\0\300>\1\0\300N\1\0\300N\1\0\350\2\0\0()\0\0\6\0\0\0\0\20\0\0\2\0\0\0\324>\1\0\324N\1\0\324N\1\0\340\0\0\0\340\0\0\0\6\0\0\0\4\0\0\0\4\0\0\0004\1\0\0004\1\0\0004\1\0\0 \0\0\0 \0\0\0\4\0\0\0\4\0\0\0Q\345td\0\0\0\0\0\0\0\0\0\0\0\0\0\0\0\0\0\0\0\0\6\0\0\0\4\0\0\0R\345td\300>\1\0\300N\1\0\300N\1\0004\1\0\0004\1\0\0\4\0\0\0\1\0\0\0\4\0\0\0\20\0\0\0\1\0\0\0GNU\0\0\0\0\0\2\0\0\0\6\0\0\0\10\0\0\0\374\0\0\0q\0\0\0 \0\0\0\n\0\0\0\1\1$\232 \'Q\0@ \0\0\f\1\1\n\1\n\0\0\240:X\0@\1\16$\10\4\200\n`\260\23 @\24\21\20@\3442\324\4H\346\0\1`\3@\260\272\2019\30\235\340\0\0\332\200\0044\2\201J\20{\203+\200\22 d\21\1\0\2\200\306 d`A\n\4\4\4\v\4PD@\200\20\0\22 \4\340@\1\32 \4\2\20\10\0\0\204\260\200\0\340\23\0\212$\0\206\210\0\2`@q\0\0\0\0\0\0\0\0\0\0\0r\0\0\0\0\0\0\0t\0\0\0\0\0\0\0", 512) = 512
23695 15:08:24.678137 fstat64(3, {st_mode=S_IFREG|0644, st_size=83708, ...}) = 0
23695 15:08:24.678153 mmap2(NULL, 4096, PROT_READ|PROT_WRITE, MAP_PRIVATE|MAP_ANONYMOUS, -1, 0) = 0xb7fb6000
23695 15:08:24.678166 mmap2(NULL, 96232, PROT_READ|PROT_EXEC, MAP_PRIVATE|MAP_DENYWRITE, 3, 0) = 0xb7f9e000
23695 15:08:24.678176 mmap2(0xb7fb2000, 8192, PROT_READ|PROT_WRITE, MAP_PRIVATE|MAP_FIXED|MAP_DENYWRITE, 3, 0x13) = 0xb7fb2000
23695 15:08:24.678192 mmap2(0xb7fb4000, 6120, PROT_READ|PROT_WRITE, MAP_PRIVATE|MAP_FIXED|MAP_ANONYMOUS, -1, 0) = 0xb7fb4000
23695 15:08:24.678206 close(3)          = 0
23695 15:08:24.678218 access("/etc/ld.so.nohwcap", F_OK) = -1 ENOENT (No such file or directory)
23695 15:08:24.678232 open("/lib/tls/i686/cmov/libresolv.so.2", O_RDONLY) = 3
23695 15:08:24.678247 read(3, "\177ELF\1\1\1\0\0\0\0\0\0\0\0\0\3\0\3\0\1\0\0\0@!\0\0004\0\0\0\310\2\1\0\0\0\0\0004\0 \0\10\0(\0\35\0\34\0\6\0\0\0004\0\0\0004\0\0\0004\0\0\0\0\1\0\0\0\1\0\0\5\0\0\0\4\0\0\0\3\0\0\0\264\346\0\0\264\346\0\0\264\346\0\0\23\0\0\0\23\0\0\0\4\0\0\0\1\0\0\0\1\0\0\0\0\0\0\0\0\0\0\0\0\0\0\0H\355\0\0H\355\0\0\5\0\0\0\0\20\0\0\1\0\0\0h\372\0\0h\372\0\0h\372\0\0X\7\0\0\\.\0\0\6\0\0\0\0\20\0\0\2\0\0\0\0\377\0\0\0\377\0\0\0\377\0\0\340\0\0\0\340\0\0\0\6\0\0\0\4\0\0\0\4\0\0\0004\1\0\0004\1\0\0004\1\0\0 \0\0\0 \0\0\0\4\0\0\0\4\0\0\0Q\345td\0\0\0\0\0\0\0\0\0\0\0\0\0\0\0\0\0\0\0\0\6\0\0\0\4\0\0\0R\345tdh\372\0\0h\372\0\0h\372\0\0\214\5\0\0\214\5\0\0\4\0\0\0\1\0\0\0\4\0\0\0\20\0\0\0\1\0\0\0GNU\0\0\0\0\0\2\0\0\0\6\0\0\0\10\0\0\0\235\0\0\0;\0\0\0\20\0\0\0\t\0\0\0\244RH\260<\23\340\6\200\4\24\227\221\3\366\225\2@\20\0B\201\205A\20\6\30@A\20U\205\0B\0@\220\204\10\n\0J\0\25\4\21\200\2$\210\4\4P\220\0\2\"]\260D\4\221\t\31;\0\0\0\0\0\0\0\0\0\0\0<\0\0\0>\0\0\0?\0\0\0\0\0\0\0\0\0\0\0\0\0\0\0\0\0\0\0\0\0\0\0\0\0\0\0\0\0\0\0@\0\0\0B\0\0\0C\0\0\0D\0\0\0\0\0\0\0E\0\0\0F\0\0\0\0\0\0\0H\0\0\0\0\0\0\0", 512) = 512
23695 15:08:24.678359 fstat64(3, {st_mode=S_IFREG|0644, st_size=67408, ...}) = 0
23695 15:08:24.678390 mmap2(NULL, 75972, PROT_READ|PROT_EXEC, MAP_PRIVATE|MAP_DENYWRITE, 3, 0) = 0xb7f8b000
23695 15:08:24.678401 mmap2(0xb7f9a000, 8192, PROT_READ|PROT_WRITE, MAP_PRIVATE|MAP_FIXED|MAP_DENYWRITE, 3, 0xf) = 0xb7f9a000
23695 15:08:24.678416 mmap2(0xb7f9c000, 6340, PROT_READ|PROT_WRITE, MAP_PRIVATE|MAP_FIXED|MAP_ANONYMOUS, -1, 0) = 0xb7f9c000
23695 15:08:24.678430 close(3)          = 0
23695 15:08:24.678443 access("/etc/ld.so.nohwcap", F_OK) = -1 ENOENT (No such file or directory)
23695 15:08:24.678456 open("/lib/tls/i686/cmov/libutil.so.1", O_RDONLY) = 3
