17270 14:02:09.515018 open("/etc/passwd", O_RDONLY|0x80000 /* O_??? */) = 5
17270 14:02:09.515032 _llseek(5, 0, [0], SEEK_CUR) = 0
17270 14:02:09.515044 fstat64(5, {st_mode=S_IFREG|0644, st_size=1624, ...}) = 0
17270 14:02:09.515060 mmap2(NULL, 1624, PROT_READ, MAP_SHARED, 5, 0) = 0xb7fd2000
17270 14:02:09.515071 _llseek(5, 1624, [1624], SEEK_SET) = 0
17270 14:02:09.515089 munmap(0xb7fd2000, 1624) = 0
17270 14:02:09.515100 close(5)          = 0
17270 14:02:09.515124 open("/etc/shadow", O_RDONLY|0x80000 /* O_??? */) = 5
17270 14:02:09.515141 _llseek(5, 0, [0], SEEK_CUR) = 0
17270 14:02:09.515152 fstat64(5, {st_mode=S_IFREG|0640, st_size=1233, ...}) = 0
17270 14:02:09.515168 mmap2(NULL, 1233, PROT_READ, MAP_SHARED, 5, 0) = 0xb7fd2000
17270 14:02:09.515179 _llseek(5, 1233, [1233], SEEK_SET) = 0
17270 14:02:09.515199 munmap(0xb7fd2000, 1233) = 0
17270 14:02:09.515209 close(5)          = 0
17270 14:02:09.515227 open("/etc/passwd", O_RDONLY|0x80000 /* O_??? */) = 5
17270 14:02:09.515240 _llseek(5, 0, [0], SEEK_CUR) = 0
17270 14:02:09.515250 fstat64(5, {st_mode=S_IFREG|0644, st_size=1624, ...}) = 0
17270 14:02:09.515266 mmap2(NULL, 1624, PROT_READ, MAP_SHARED, 5, 0) = 0xb7fd2000
17270 14:02:09.515276 _llseek(5, 1624, [1624], SEEK_SET) = 0
17270 14:02:09.515293 munmap(0xb7fd2000, 1624) = 0
17270 14:02:09.515302 close(5)          = 0
17270 14:02:09.515314 open("/etc/shadow", O_RDONLY|0x80000 /* O_??? */) = 5
17270 14:02:09.515327 _llseek(5, 0, [0], SEEK_CUR) = 0
17270 14:02:09.515364 fstat64(5, {st_mode=S_IFREG|0640, st_size=1233, ...}) = 0
17270 14:02:09.515381 mmap2(NULL, 1233, PROT_READ, MAP_SHARED, 5, 0) = 0xb7fd2000
17270 14:02:09.515403 _llseek(5, 1233, [1233], SEEK_SET) = 0
17270 14:02:09.515420 munmap(0xb7fd2000, 1233) = 0
17270 14:02:09.515430 close(5)          = 0
17270 14:02:09.515663 getuid32()        = 0
17270 14:02:09.515674 open("/etc/passwd", O_RDONLY|0x80000 /* O_??? */) = 5
17270 14:02:09.515687 _llseek(5, 0, [0], SEEK_CUR) = 0
17270 14:02:09.515697 fstat64(5, {st_mode=S_IFREG|0644, st_size=1624, ...}) = 0
17270 14:02:09.515714 mmap2(NULL, 1624, PROT_READ, MAP_SHARED, 5, 0) = 0xb7fd2000
17270 14:02:09.515724 _llseek(5, 1624, [1624], SEEK_SET) = 0
17270 14:02:09.515740 munmap(0xb7fd2000, 1624) = 0
17270 14:02:09.515750 close(5)          = 0
17270 14:02:09.515762 open("/etc/shadow", O_RDONLY|0x80000 /* O_??? */) = 5
17270 14:02:09.515775 _llseek(5, 0, [0], SEEK_CUR) = 0
17270 14:02:09.515785 fstat64(5, {st_mode=S_IFREG|0640, st_size=1233, ...}) = 0
17270 14:02:09.515801 mmap2(NULL, 1233, PROT_READ, MAP_SHARED, 5, 0) = 0xb7fd2000
17270 14:02:09.515811 _llseek(5, 1233, [1233], SEEK_SET) = 0
17270 14:02:09.515828 munmap(0xb7fd2000, 1233) = 0
17270 14:02:09.515837 close(5)          = 0
17270 14:02:09.515848 time(NULL)        = 1495648929
17270 14:02:09.515849 munmap(0xb7fcf000, 12164) = 0
17270 14:02:09.515849 munmap(0xb7fcd000, 7136) = 0
17270 14:02:09.515850 munmap(0xb7e02000, 95428) = 0
17270 14:02:09.515850 munmap(0xb7dc8000, 201052) = 0
17270 14:02:09.515850 munmap(0xb7daf000, 101180) = 0
17270 14:02:09.515850 gettimeofday({1495648929, 515850}, NULL) = 0
17270 14:02:09.515851 stat64("/usr/share/zoneinfo/UTC+04:00", 0xbfac9c34) = -1 ENOENT (No such file or directory)
17270 14:02:09.515851 open("/usr/share/zoneinfo/UTC+04:00", O_RDONLY) = -1 ENOENT (No such file or directory)
17270 14:02:09.515857 fcntl64(3, F_SETLKW64, {type=F_WRLCK, whence=SEEK_SET, start=0, len=0}, 0xbfac9d84) = 0
17270 14:02:09.515873 write(3, "Wed May 24 14:02:09 2017 [pid 17270] [msfadmin] OK LOGIN: Client \"127.0.0.1\"\n", 77) = 77
17270 14:02:09.515890 fcntl64(3, F_SETLK64, {type=F_UNLCK, whence=SEEK_SET, start=0, len=0}, 0xbfac9d8c) = 0
17270 14:02:09.515903 rt_sigaction(SIGCHLD, {0x805cad0, ~[RTMIN RT_1], 0}, NULL, 8) = 0
17270 14:02:09.515918 write(4, "\1", 1 <unfinished ...>
17271 14:02:09.515927 <... read resumed> "\1", 1) = 1
17270 14:02:09.515933 <... write resumed> ) = 1
17271 14:02:09.515940 exit_group(0)     = ?
17270 14:02:09.515968 --- SIGCHLD (Child exited) @ 0 (0) ---
17270 14:02:09.515975 sigreturn()       = ? (mask now [])
17270 14:02:09.515994 wait4(-1, [{WIFEXITED(s) && WEXITSTATUS(s) == 0}], 0, NULL) = 17271
17270 14:02:09.516007 close(4)          = 0
17270 14:02:09.516019 socketpair(PF_FILE, SOCK_STREAM, 0, [4, 5]) = 0
17270 14:02:09.516033 rt_sigaction(SIGCHLD, {0x805cad0, ~[RTMIN RT_1], 0}, NULL, 8) = 0
17270 14:02:09.516059 rt_sigaction(SIGALRM, {0x805cb10, ~[RTMIN RT_1], 0}, NULL, 8) = 0
17270 14:02:09.516094 clone(child_stack=0, flags=CLONE_CHILD_CLEARTID|CLONE_CHILD_SETTID|SIGCHLD, child_tidptr=0xb7e386f8) = 17272
17272 14:02:09.516154 prctl(0x1, 0x9, 0, 0, 0) = 0
17272 14:02:09.516167 close(4)          = 0
17272 14:02:09.516194 open("/etc/passwd", O_RDONLY|0x80000 /* O_??? */) = 4
17272 14:02:09.516211 _llseek(4, 0, [0], SEEK_CUR) = 0
17272 14:02:09.516227 fstat64(4, {st_mode=S_IFREG|0644, st_size=1624, ...}) = 0
17272 14:02:09.516245 mmap2(NULL, 1624, PROT_READ, MAP_SHARED, 4, 0) = 0xb7fd2000
17272 14:02:09.516257 _llseek(4, 1624, [1624], SEEK_SET) = 0
17272 14:02:09.516280 munmap(0xb7fd2000, 1624) = 0
17272 14:02:09.516291 close(4)          = 0
17272 14:02:09.516304 getuid32()        = 0
17272 14:02:09.516314 open("/etc/passwd", O_RDONLY|0x80000 /* O_??? */) = 4
17272 14:02:09.516327 _llseek(4, 0, [0], SEEK_CUR) = 0
17272 14:02:09.516337 fstat64(4, {st_mode=S_IFREG|0644, st_size=1624, ...}) = 0
17272 14:02:09.516354 mmap2(NULL, 1624, PROT_READ, MAP_SHARED, 4, 0) = 0xb7fd2000
17272 14:02:09.516364 _llseek(4, 1624, [1624], SEEK_SET) = 0
17272 14:02:09.516380 munmap(0xb7fd2000, 1624) = 0
17272 14:02:09.516389 close(4)          = 0
17272 14:02:09.516414 open("/proc/sys/kernel/ngroups_max", O_RDONLY) = 4
17272 14:02:09.516436 read(4, "65536\n", 31) = 6
17272 14:02:09.516448 close(4)          = 0
17272 14:02:09.516462 socket(PF_FILE, SOCK_STREAM, 0) = 4
17272 14:02:09.516474 fcntl64(4, F_SETFL, O_RDWR|O_NONBLOCK) = 0
17272 14:02:09.516484 connect(4, {sa_family=AF_FILE, path="/var/run/nscd/socket"}, 110) = -1 ENOENT (No such file or directory)
17272 14:02:09.516505 close(4)          = 0
17272 14:02:09.516516 socket(PF_FILE, SOCK_STREAM, 0) = 4
17272 14:02:09.516526 fcntl64(4, F_SETFL, O_RDWR|O_NONBLOCK) = 0
17272 14:02:09.516537 connect(4, {sa_family=AF_FILE, path="/var/run/nscd/socket"}, 110) = -1 ENOENT (No such file or directory)
17272 14:02:09.516555 close(4)          = 0
17272 14:02:09.516578 open("/etc/group", O_RDONLY|0x80000 /* O_??? */) = 4
17272 14:02:09.516593 _llseek(4, 0, [0], SEEK_CUR) = 0
17272 14:02:09.516603 fstat64(4, {st_mode=S_IFREG|0644, st_size=886, ...}) = 0
17272 14:02:09.516620 mmap2(NULL, 886, PROT_READ, MAP_SHARED, 4, 0) = 0xb7fd2000
17272 14:02:09.516631 _llseek(4, 886, [886], SEEK_SET) = 0
17272 14:02:09.516655 fstat64(4, {st_mode=S_IFREG|0644, st_size=886, ...}) = 0
17272 14:02:09.516672 munmap(0xb7fd2000, 886) = 0
17272 14:02:09.516686 close(4)          = 0
17272 14:02:09.516696 setgroups32(13, [1000, 4, 20, 24, 25, 29, 30, 44, 46, 107, 111, 112, 119]) = 0
17272 14:02:09.516712 geteuid32()       = 0
17272 14:02:09.516723 getegid32()       = 0
17272 14:02:09.516733 setregid32(-1, 1000) = 0
17272 14:02:09.516744 setreuid32(-1, 1000) = 0
17272 14:02:09.516754 chdir("/home/msfadmin") = 0
17272 14:02:09.516766 setreuid32(-1, 0) = 0
17272 14:02:09.516775 setregid32(-1, 0) = 0
17272 14:02:09.516785 setgid32(1000)    = 0
17272 14:02:09.516795 setuid32(1000)    = 0
17272 14:02:09.516805 setrlimit(RLIMIT_NPROC, {rlim_cur=0, rlim_max=0}) = 0
17272 14:02:09.516818 mmap2(NULL, 12288, PROT_READ|PROT_WRITE, MAP_PRIVATE|MAP_ANONYMOUS, -1, 0) = 0xb7fd0000
17272 14:02:09.516829 mprotect(0xb7fd2000, 4096, PROT_NONE) = 0
17272 14:02:09.516840 mprotect(0xb7fd0000, 4096, PROT_NONE) = 0
17272 14:02:09.516851 getcwd("/home/msfadmin", 4096) = 15
17272 14:02:09.516864 umask(022)        = 077
17272 14:02:09.516874 getcwd("/home/msfadmin", 4096) = 15
17272 14:02:09.516887 open(".message", O_RDONLY|O_NONBLOCK|O_LARGEFILE) = -1 ENOENT (No such file or directory)
17272 14:02:09.516909 write(0, "230 Login successful.\r\n", 23) = 23
17272 14:02:09.516974 rt_sigaction(SIGALRM, {0x805cad0, ~[RTMIN RT_1], 0}, NULL, 8) = 0
17272 14:02:09.516991 alarm(300)        = 0
17272 14:02:09.517002 mmap2(NULL, 12288, PROT_READ|PROT_WRITE, MAP_PRIVATE|MAP_ANONYMOUS, -1, 0) = 0xb7fcd000
17272 14:02:09.517013 mprotect(0xb7fcf000, 4096, PROT_NONE) = 0
17272 14:02:09.517047 mprotect(0xb7fcd000, 4096, PROT_NONE) = 0
17272 14:02:09.517064 recv(0, "TYPE I\r\n", 4096, MSG_PEEK) = 8
17272 14:02:09.517087 read(0, "TYPE I\r\n", 8) = 8
17272 14:02:09.517104 write(0, "200 Switching to Binary mode.\r\n", 31) = 31
17272 14:02:09.517146 rt_sigaction(SIGALRM, {0x805cad0, ~[RTMIN RT_1], 0}, NULL, 8) = 0
17272 14:02:09.517160 alarm(300)        = 300
17272 14:02:09.517172 recv(0, "PASV\r\n", 4096, MSG_PEEK) = 6
17272 14:02:09.517183 read(0, "PASV\r\n", 6) = 6
17272 14:02:09.517195 write(5, "\n", 1) = 1
17272 14:02:09.517206 read(5,  <unfinished ...>
17270 14:02:09.517219 close(5)          = 0
17270 14:02:09.517231 getuid32()        = 0
17270 14:02:09.517246 open("/etc/passwd", O_RDONLY|0x80000 /* O_??? */) = 5
17270 14:02:09.517261 _llseek(5, 0, [0], SEEK_CUR) = 0
17270 14:02:09.517273 fstat64(5, {st_mode=S_IFREG|0644, st_size=1624, ...}) = 0
17270 14:02:09.517291 mmap2(NULL, 1624, PROT_READ, MAP_SHARED, 5, 0) = 0xb7fd2000
17270 14:02:09.517302 _llseek(5, 1624, [1624], SEEK_SET) = 0
17270 14:02:09.517319 munmap(0xb7fd2000, 1624) = 0
17270 14:02:09.517331 close(5)          = 0
17270 14:02:09.517346 setgroups32(0, []) = 0
17270 14:02:09.517358 chdir("/usr/share/empty") = 0
17270 14:02:09.517370 chroot(".")       = 0
17270 14:02:09.517380 capset(NULL, NULL) = -1 EFAULT (Bad address)
17270 14:02:09.517394 prctl(0x8, 0, 0xbfac9d68, 0x80549a6, 0xbfac9d50) = 0
17270 14:02:09.517405 prctl(0x8, 0x1, 0xbfac9d68, 0x8054a49, 0xbfac9d50) = 0
17270 14:02:09.517414 setgid32(65534)   = 0
17270 14:02:09.517424 setuid32(65534)   = 0
17270 14:02:09.517434 capset(0x19980330, 0, {CAP_NET_BIND_SERVICE, CAP_NET_BIND_SERVICE, 0}) = 0
17270 14:02:09.517446 read(4, "\n", 1)  = 1
17270 14:02:09.517459 write(4, "\1", 1) = 1
17272 14:02:09.517471 <... read resumed> "\1", 1) = 1
17272 14:02:09.517478 write(5, "\f", 1) = 1
17272 14:02:09.517488 read(5,  <unfinished ...>
17270 14:02:09.517495 read(4, "\f", 1)  = 1
17270 14:02:09.517507 socket(PF_INET, SOCK_STREAM, IPPROTO_TCP) = 5
17270 14:02:09.517521 setsockopt(5, SOL_SOCKET, SO_REUSEADDR, [1], 4) = 0
17270 14:02:09.517532 gettimeofday({1495648929, 517536}, NULL) = 0
17270 14:02:09.517548 bind(5, {sa_family=AF_INET, sin_port=htons(57347), sin_addr=inet_addr("127.0.0.1")}, 16) = 0
17270 14:02:09.517564 listen(5, 1)      = 0
17270 14:02:09.517577 write(4, "\3\340\0\0", 4) = 4
17272 14:02:09.517588 <... read resumed> "\3\340\0\0", 4) = 4
17272 14:02:09.517602 write(0, "227 Entering Passive Mode (127,0,0,1,224,3).\r\n", 46) = 46
17272 14:02:09.517696 rt_sigaction(SIGALRM, {0x805cad0, ~[RTMIN RT_1], 0}, NULL, 8) = 0
17272 14:02:09.517716 alarm(300)        = 300
17272 14:02:09.517728 recv(0, "RETR myfile11\r\n", 4096, MSG_PEEK) = 15
17272 14:02:09.517740 read(0, "RETR myfile11\r\n", 15) = 15
17272 14:02:09.517755 write(5, "\v", 1) = 1
17272 14:02:09.517766 read(5,  <unfinished ...>
17270 14:02:09.517773 read(4, "\v", 1)  = 1
17270 14:02:09.517784 write(4, "\1\0\0\0", 4) = 4
17272 14:02:09.517795 <... read resumed> "\1\0\0\0", 4) = 4
17272 14:02:09.517803 gettimeofday({1495648929, 517807}, NULL) = 0
17272 14:02:09.517814 getcwd("/home/msfadmin", 4096) = 15
17272 14:02:09.517827 open("myfile11", O_RDONLY|O_NONBLOCK|O_LARGEFILE) = 4
17272 14:02:09.517840 fcntl64(4, F_SETLKW64, {type=F_RDLCK, whence=SEEK_SET, start=0, len=0}, 0xbfac9cd4) = 0
17272 14:02:09.517854 fstat64(4, {st_mode=S_IFREG|0644, st_size=17, ...}) = 0
17272 14:02:09.517870 fcntl64(4, F_GETFL) = 0x8800 (flags O_RDONLY|O_NONBLOCK|O_LARGEFILE)
17272 14:02:09.517881 fcntl64(4, F_SETFL, O_RDONLY|O_LARGEFILE) = 0
17272 14:02:09.517893 write(5, "\v", 1) = 1
17272 14:02:09.517904 read(5,  <unfinished ...>
17270 14:02:09.517911 read(4, "\v", 1)  = 1
17270 14:02:09.517922 write(4, "\1\0\0\0", 4) = 4
17272 14:02:09.517932 <... read resumed> "\1\0\0\0", 4) = 4
17272 14:02:09.517939 write(5, "\v", 1) = 1
17272 14:02:09.517949 read(5,  <unfinished ...>
17270 14:02:09.517956 read(4, "\v", 1)  = 1
17270 14:02:09.517967 write(4, "\1\0\0\0", 4) = 4
17272 14:02:09.517977 <... read resumed> "\1\0\0\0", 4) = 4
17272 14:02:09.517984 write(5, "\r", 1) = 1
17272 14:02:09.518020 read(5,  <unfinished ...>
17270 14:02:09.518028 read(4, "\r", 1)  = 1
17270 14:02:09.518051 select(6, [5], NULL, NULL, {60, 0}) = 1 (in [5], left {60, 0})
17270 14:02:09.518068 accept(5, {sa_family=AF_INET, sin_port=htons(53868), sin_addr=inet_addr("127.0.0.1")}, [16]) = 6
17270 14:02:09.518090 write(4, "\1", 1) = 1
17272 14:02:09.518103 <... read resumed> "\1", 1) = 1
17272 14:02:09.518113 recvmsg(5,  <unfinished ...>
17270 14:02:09.518122 sendmsg(4, {msg_name(0)=NULL, msg_iov(1)=[{"\0", 1}], msg_controllen=16, {cmsg_len=16, cmsg_level=SOL_SOCKET, cmsg_type=SCM_RIGHTS, {6}}, msg_flags=0}, 0) = 1
17272 14:02:09.518140 <... recvmsg resumed> {msg_name(0)=NULL, msg_iov(1)=[{"\0", 1}], msg_controllen=16, {cmsg_len=16, cmsg_level=SOL_SOCKET, cmsg_type=SCM_RIGHTS, {6}}, msg_flags=0}, 0) = 1
17272 14:02:09.518153 setsockopt(6, SOL_SOCKET, SO_KEEPALIVE, [1], 4) = 0
17272 14:02:09.518165 setsockopt(6, SOL_IP, IP_TOS, [8], 4) = 0
17272 14:02:09.518177 setsockopt(6, SOL_SOCKET, SO_LINGER, {onoff=1, linger=32767}, 8) = 0
17272 14:02:09.518188 rt_sigaction(SIGALRM, {0x805cad0, ~[RTMIN RT_1], 0}, NULL, 8) = 0
17272 14:02:09.518202 alarm(300)        = 300
17272 14:02:09.518215 write(0, "150 Opening BINARY mode data connection for myfile11 (17 bytes).\r\n", 66) = 66
17272 14:02:09.518258 _llseek(4, 0, [0], SEEK_CUR) = 0
17272 14:02:09.518271 fstat64(4, {st_mode=S_IFREG|0644, st_size=17, ...}) = 0
17272 14:02:09.518288 _llseek(4, 0, [0], SEEK_SET) = 0
17272 14:02:09.518301 sendfile(6, 4, NULL, 17) = 17
17272 14:02:09.518328 rt_sigaction(SIGALRM, {0x805cad0, ~[RTMIN RT_1], 0}, NULL, 8) = 0
17272 14:02:09.518343 alarm(300)        = 300
17272 14:02:09.518352 close(6)          = 0
17272 14:02:09.518361 alarm(0)          = 300
17272 14:02:09.518371 gettimeofday({1495648929, 518374}, NULL) = 0
17272 14:02:09.518388 getpid()          = 17272
17272 14:02:09.518399 gettimeofday({1495648929, 518403}, NULL) = 0
17272 14:02:09.518417 fcntl64(3, F_SETLKW64, {type=F_WRLCK, whence=SEEK_SET, start=0, len=0}, 0xbfac9c74) = 0
17272 14:02:09.518431 write(3, "Wed May 24 14:02:09 2017 [pid 17272] [msfadmin] OK DOWNLOAD: Client \"127.0.0.1\", \"/home/msfadmin/myfile11\", 17 bytes, 27.85Kbyte/sec\n", 133) = 133
17272 14:02:09.518451 fcntl64(3, F_SETLK64, {type=F_UNLCK, whence=SEEK_SET, start=0, len=0}, 0xbfac9c7c) = 0
17272 14:02:09.518465 write(0, "226 Transfer complete.\r\n", 24) = 24
17272 14:02:09.518480 write(5, "\n", 1) = 1
17272 14:02:09.518491 read(5,  <unfinished ...>
17270 14:02:09.518498 close(6)          = 0
17270 14:02:09.518578 read(4, "\n", 1)  = 1
17270 14:02:09.518591 close(5)          = 0
17270 14:02:09.518602 write(4, "\1", 1) = 1
17272 14:02:09.518613 <... read resumed> "\1", 1) = 1
17272 14:02:09.518620 close(4)          = 0
17272 14:02:09.518631 rt_sigaction(SIGALRM, {0x805cad0, ~[RTMIN RT_1], 0}, NULL, 8) = 0
17272 14:02:09.518644 alarm(300)        = 0
17272 14:02:09.518655 recv(0,  <unfinished ...>
17270 14:02:09.518663 read(4,  <unfinished ...>
17269 14:02:09.596575 <... recv resumed> "TYPE I\r\n", 4096, MSG_PEEK) = 8
17269 14:02:09.596761 read(0, "TYPE I\r\n", 8) = 8
17269 14:02:09.596926 write(0, "200 Switching to Binary mode.\r\n", 31) = 31
17269 14:02:09.597052 rt_sigaction(SIGALRM, {0x805cad0, ~[RTMIN RT_1], 0}, NULL, 8) = 0
17269 14:02:09.597091 alarm(300)        = 299
17269 14:02:09.597120 recv(0, "PASV\r\n", 4096, MSG_PEEK) = 6
17269 14:02:09.597142 read(0, "PASV\r\n", 6) = 6
17269 14:02:09.597156 write(5, "\n", 1 <unfinished ...>
17267 14:02:09.597169 <... read resumed> "\n", 1) = 1
17269 14:02:09.597174 <... write resumed> ) = 1
17267 14:02:09.597182 write(4, "\1", 1) = 1
17267 14:02:09.597193 read(4,  <unfinished ...>
17269 14:02:09.597200 read(5, "\1", 1)  = 1
17269 14:02:09.597211 write(5, "\f", 1 <unfinished ...>
17267 14:02:09.597218 <... read resumed> "\f", 1) = 1
17269 14:02:09.597223 <... write resumed> ) = 1
17267 14:02:09.597230 socket(PF_INET, SOCK_STREAM, IPPROTO_TCP) = 5
17267 14:02:09.597247 setsockopt(5, SOL_SOCKET, SO_REUSEADDR, [1], 4) = 0
17267 14:02:09.597261 bind(5, {sa_family=AF_INET, sin_port=htons(43830), sin_addr=inet_addr("127.0.0.1")}, 16) = 0
17267 14:02:09.597279 listen(5, 1)      = 0
17267 14:02:09.597293 write(4, "6\253\0\0", 4) = 4
17267 14:02:09.597304 read(4,  <unfinished ...>
17269 14:02:09.597311 read(5, "6\253\0\0", 4) = 4
17269 14:02:09.597326 write(0, "227 Entering Passive Mode (127,0,0,1,171,54).\r\n", 47) = 47
17269 14:02:09.597441 rt_sigaction(SIGALRM, {0x805cad0, ~[RTMIN RT_1], 0}, NULL, 8) = 0
17269 14:02:09.597458 alarm(300)        = 300
17269 14:02:09.597469 recv(0, "STOR myfile17\r\n", 4096, MSG_PEEK) = 15
17269 14:02:09.597481 read(0, "STOR myfile17\r\n", 15) = 15
17269 14:02:09.597495 write(5, "\v", 1 <unfinished ...>
17267 14:02:09.597503 <... read resumed> "\v", 1) = 1
17269 14:02:09.597508 <... write resumed> ) = 1
17267 14:02:09.597514 write(4, "\1\0\0\0", 4) = 4
17267 14:02:09.597525 read(4,  <unfinished ...>
17269 14:02:09.597532 read(5, "\1\0\0\0", 4) = 4
17269 14:02:09.597544 gettimeofday({1495648929, 597548}, NULL) = 0
17269 14:02:09.597555 getcwd("/home/msfadmin", 4096) = 15
17269 14:02:09.597568 open("myfile17", O_WRONLY|O_CREAT|O_NONBLOCK|O_LARGEFILE, 0666) = 4
17269 14:02:09.597582 fstat64(4, {st_mode=S_IFREG|0644, st_size=17, ...}) = 0
17269 14:02:09.597600 fcntl64(4, F_GETFL) = 0x8801 (flags O_WRONLY|O_NONBLOCK|O_LARGEFILE)
17269 14:02:09.597648 fcntl64(4, F_SETFL, O_WRONLY|O_LARGEFILE) = 0
17269 14:02:09.597668 fcntl64(4, F_SETLKW64, {type=F_WRLCK, whence=SEEK_SET, start=0, len=0}, 0xbf940b34) = 0
17269 14:02:09.597683 ftruncate64(4, 0) = 0
17269 14:02:09.597702 _llseek(4, 0, [0], SEEK_SET) = 0
17269 14:02:09.597713 write(5, "\v", 1 <unfinished ...>
17267 14:02:09.597722 <... read resumed> "\v", 1) = 1
17269 14:02:09.597727 <... write resumed> ) = 1
17267 14:02:09.597733 write(4, "\1\0\0\0", 4) = 4
17267 14:02:09.597744 read(4,  <unfinished ...>
17269 14:02:09.597751 read(5, "\1\0\0\0", 4) = 4
17269 14:02:09.597762 write(5, "\v", 1 <unfinished ...>
17267 14:02:09.597769 <... read resumed> "\v", 1) = 1
17269 14:02:09.597774 <... write resumed> ) = 1
17267 14:02:09.597780 write(4, "\1\0\0\0", 4) = 4
17267 14:02:09.597790 read(4,  <unfinished ...>
17269 14:02:09.597797 read(5, "\1\0\0\0", 4) = 4
17269 14:02:09.597808 write(5, "\r", 1 <unfinished ...>
17267 14:02:09.597815 <... read resumed> "\r", 1) = 1
17269 14:02:09.597820 <... write resumed> ) = 1
17267 14:02:09.597827 select(6, [5], NULL, NULL, {60, 0}) = 1 (in [5], left {60, 0})
17267 14:02:09.597843 accept(5, {sa_family=AF_INET, sin_port=htons(49189), sin_addr=inet_addr("127.0.0.1")}, [16]) = 6
17267 14:02:09.597873 write(4, "\1", 1) = 1
17267 14:02:09.597885 sendmsg(4, {msg_name(0)=NULL, msg_iov(1)=[{"\0", 1}], msg_controllen=16, {cmsg_len=16, cmsg_level=SOL_SOCKET, cmsg_type=SCM_RIGHTS, {6}}, msg_flags=0}, 0) = 1
17267 14:02:09.597903 close(6)          = 0
17267 14:02:09.597913 read(4,  <unfinished ...>
17269 14:02:09.597919 read(5, "\1", 1)  = 1
17269 14:02:09.597932 recvmsg(5, {msg_name(0)=NULL, msg_iov(1)=[{"\0", 1}], msg_controllen=16, {cmsg_len=16, cmsg_level=SOL_SOCKET, cmsg_type=SCM_RIGHTS, {6}}, msg_flags=0}, 0) = 1
17269 14:02:09.597950 setsockopt(6, SOL_SOCKET, SO_KEEPALIVE, [1], 4) = 0
17269 14:02:09.597962 setsockopt(6, SOL_IP, IP_TOS, [8], 4) = 0
17269 14:02:09.597974 setsockopt(6, SOL_SOCKET, SO_LINGER, {onoff=1, linger=32767}, 8) = 0
17269 14:02:09.597986 rt_sigaction(SIGALRM, {0x805cad0, ~[RTMIN RT_1], 0}, NULL, 8) = 0
17269 14:02:09.597999 alarm(300)        = 300
17269 14:02:09.598011 write(0, "150 Ok to send data.\r\n", 22) = 22
17269 14:02:09.598077 read(6, "assasaaa\na\na\na\na\n", 65536) = 17
17269 14:02:09.598091 write(4, "assasaaa\na\na\na\na\n", 17) = 17
17269 14:02:09.598108 read(6, "", 65536) = 0
17269 14:02:09.598118 rt_sigaction(SIGALRM, {0x805cad0, ~[RTMIN RT_1], 0}, NULL, 8) = 0
17269 14:02:09.598131 alarm(300)        = 300
17269 14:02:09.598141 close(6)          = 0
17269 14:02:09.598158 alarm(0)          = 300
17269 14:02:09.598167 gettimeofday({1495648929, 598171}, NULL) = 0
17269 14:02:09.598183 gettimeofday({1495648929, 598187}, NULL) = 0
17269 14:02:09.598197 fcntl64(3, F_SETLKW64, {type=F_WRLCK, whence=SEEK_SET, start=0, len=0}, 0xbf940ad4) = 0
17269 14:02:09.598212 write(3, "Wed May 24 14:02:09 2017 [pid 17269] [msfadmin] OK UPLOAD: Client \"127.0.0.1\", \"/home/msfadmin/myfile17\", 17 bytes, 25.98Kbyte/sec\n", 131) = 131
17269 14:02:09.598234 fcntl64(3, F_SETLK64, {type=F_UNLCK, whence=SEEK_SET, start=0, len=0}, 0xbf940adc) = 0
17269 14:02:09.598248 write(0, "226 Transfer complete.\r\n", 24) = 24
17269 14:02:09.598291 write(5, "\n", 1 <unfinished ...>
17267 14:02:09.598301 <... read resumed> "\n", 1) = 1
17269 14:02:09.598306 <... write resumed> ) = 1
17267 14:02:09.598312 close(5)          = 0
17267 14:02:09.598324 write(4, "\1", 1) = 1
17267 14:02:09.598335 read(4,  <unfinished ...>
17269 14:02:09.598342 read(5, "\1", 1)  = 1
17269 14:02:09.598353 close(4)          = 0
17269 14:02:09.598363 rt_sigaction(SIGALRM, {0x805cad0, ~[RTMIN RT_1], 0}, NULL, 8) = 0
17269 14:02:09.598376 alarm(300)        = 0
17269 14:02:09.598387 recv(0,  <unfinished ...>
17272 14:02:10.065812 <... recv resumed> "USER msfadmin\r\n", 4096, MSG_PEEK) = 15
17272 14:02:10.065853 read(0, "USER msfadmin\r\n", 15) = 15
17272 14:02:10.065878 write(0, "331 Any password will do.\r\n", 27) = 27
17272 14:02:10.065923 rt_sigaction(SIGALRM, {0x805cad0, ~[RTMIN RT_1], 0}, NULL, 8) = 0
17272 14:02:10.065940 alarm(300)        = 299
17272 14:02:10.065953 recv(0, "PASS msfadmin\r\n", 4096, MSG_PEEK) = 15
17272 14:02:10.065965 read(0, "PASS msfadmin\r\n", 15) = 15
17272 14:02:10.065982 write(0, "230 Already logged in.\r\n", 24) = 24
17272 14:02:10.066055 rt_sigaction(SIGALRM, {0x805cad0, ~[RTMIN RT_1], 0}, NULL, 8) = 0
17272 14:02:10.066073 alarm(300)        = 300
17272 14:02:10.066085 recv(0, "TYPE I\r\n", 4096, MSG_PEEK) = 8
17272 14:02:10.066097 read(0, "TYPE I\r\n", 8) = 8
17272 14:02:10.066112 write(0, "200 Switching to Binary mode.\r\n", 31) = 31
17272 14:02:10.066150 rt_sigaction(SIGALRM, {0x805cad0, ~[RTMIN RT_1], 0}, NULL, 8) = 0
17272 14:02:10.066164 alarm(300)        = 300
17272 14:02:10.066176 recv(0, "PASV\r\n", 4096, MSG_PEEK) = 6
17272 14:02:10.066187 read(0, "PASV\r\n", 6) = 6
17272 14:02:10.066199 write(5, "\n", 1) = 1
17272 14:02:10.066212 read(5,  <unfinished ...>
17270 14:02:10.066221 <... read resumed> "\n", 1) = 1
17270 14:02:10.066230 write(4, "\1", 1) = 1
17272 14:02:10.066241 <... read resumed> "\1", 1) = 1
17272 14:02:10.066248 write(5, "\f", 1) = 1
17272 14:02:10.066259 read(5,  <unfinished ...>
17270 14:02:10.066266 read(4, "\f", 1)  = 1
17270 14:02:10.066278 socket(PF_INET, SOCK_STREAM, IPPROTO_TCP) = 5
17270 14:02:10.066301 setsockopt(5, SOL_SOCKET, SO_REUSEADDR, [1], 4) = 0
17270 14:02:10.066317 bind(5, {sa_family=AF_INET, sin_port=htons(40298), sin_addr=inet_addr("127.0.0.1")}, 16) = 0
17270 14:02:10.066334 listen(5, 1)      = 0
17270 14:02:10.066348 write(4, "j\235\0\0", 4) = 4
17272 14:02:10.066359 <... read resumed> "j\235\0\0", 4) = 4
17272 14:02:10.066371 write(0, "227 Entering Passive Mode (127,0,0,1,157,106).\r\n", 48) = 48
17272 14:02:10.066484 rt_sigaction(SIGALRM, {0x805cad0, ~[RTMIN RT_1], 0}, NULL, 8) = 0
17272 14:02:10.066501 alarm(300)        = 300
17272 14:02:10.066512 recv(0, "RETR myfile12\r\n", 4096, MSG_PEEK) = 15
17272 14:02:10.066524 read(0, "RETR myfile12\r\n", 15) = 15
17272 14:02:10.066558 write(5, "\v", 1) = 1
17272 14:02:10.066572 read(5,  <unfinished ...>
17270 14:02:10.066580 read(4, "\v", 1)  = 1
17270 14:02:10.066606 write(4, "\1\0\0\0", 4) = 4
17272 14:02:10.066617 <... read resumed> "\1\0\0\0", 4) = 4
17272 14:02:10.066625 gettimeofday({1495648930, 66629}, NULL) = 0
17272 14:02:10.066636 getcwd("/home/msfadmin", 4096) = 15
17272 14:02:10.066649 open("myfile12", O_RDONLY|O_NONBLOCK|O_LARGEFILE) = 4
17272 14:02:10.066663 fcntl64(4, F_SETLKW64, {type=F_RDLCK, whence=SEEK_SET, start=0, len=0}, 0xbfac9cd4) = 0
17272 14:02:10.066679 fstat64(4, {st_mode=S_IFREG|0644, st_size=17, ...}) = 0
17272 14:02:10.066696 fcntl64(4, F_GETFL) = 0x8800 (flags O_RDONLY|O_NONBLOCK|O_LARGEFILE)
17272 14:02:10.066707 fcntl64(4, F_SETFL, O_RDONLY|O_LARGEFILE) = 0
17272 14:02:10.066719 write(5, "\v", 1) = 1
17272 14:02:10.066729 read(5,  <unfinished ...>
17270 14:02:10.066736 read(4, "\v", 1)  = 1
17270 14:02:10.066747 write(4, "\1\0\0\0", 4) = 4
17272 14:02:10.066758 <... read resumed> "\1\0\0\0", 4) = 4
17272 14:02:10.066765 write(5, "\v", 1) = 1
17272 14:02:10.066776 read(5,  <unfinished ...>
17270 14:02:10.066782 read(4, "\v", 1)  = 1
17270 14:02:10.066793 write(4, "\1\0\0\0", 4) = 4
17272 14:02:10.066804 <... read resumed> "\1\0\0\0", 4) = 4
17272 14:02:10.066811 write(5, "\r", 1) = 1
17272 14:02:10.066822 read(5,  <unfinished ...>
17270 14:02:10.066828 read(4, "\r", 1)  = 1
17270 14:02:10.066840 select(6, [5], NULL, NULL, {60, 0}) = 1 (in [5], left {60, 0})
17270 14:02:10.066857 accept(5, {sa_family=AF_INET, sin_port=htons(53865), sin_addr=inet_addr("127.0.0.1")}, [16]) = 6
17270 14:02:10.066880 write(4, "\1", 1) = 1
17272 14:02:10.066891 <... read resumed> "\1", 1) = 1
17272 14:02:10.066900 recvmsg(5,  <unfinished ...>
17270 14:02:10.066908 sendmsg(4, {msg_name(0)=NULL, msg_iov(1)=[{"\0", 1}], msg_controllen=16, {cmsg_len=16, cmsg_level=SOL_SOCKET, cmsg_type=SCM_RIGHTS, {6}}, msg_flags=0}, 0) = 1
17272 14:02:10.066926 <... recvmsg resumed> {msg_name(0)=NULL, msg_iov(1)=[{"\0", 1}], msg_controllen=16, {cmsg_len=16, cmsg_level=SOL_SOCKET, cmsg_type=SCM_RIGHTS, {6}}, msg_flags=0}, 0) = 1
17272 14:02:10.066939 setsockopt(6, SOL_SOCKET, SO_KEEPALIVE, [1], 4) = 0
17272 14:02:10.066951 setsockopt(6, SOL_IP, IP_TOS, [8], 4) = 0
17272 14:02:10.066963 setsockopt(6, SOL_SOCKET, SO_LINGER, {onoff=1, linger=32767}, 8) = 0
17272 14:02:10.066975 rt_sigaction(SIGALRM, {0x805cad0, ~[RTMIN RT_1], 0}, NULL, 8) = 0
17272 14:02:10.066988 alarm(300)        = 300
17272 14:02:10.067001 write(0, "150 Opening BINARY mode data connection for myfile12 (17 bytes).\r\n", 66) = 66
17272 14:02:10.067067 _llseek(4, 0, [0], SEEK_CUR) = 0
17272 14:02:10.067092 fstat64(4, {st_mode=S_IFREG|0644, st_size=17, ...}) = 0
17272 14:02:10.067109 _llseek(4, 0, [0], SEEK_SET) = 0
17272 14:02:10.067120 sendfile(6, 4, NULL, 17) = 17
17272 14:02:10.067151 rt_sigaction(SIGALRM, {0x805cad0, ~[RTMIN RT_1], 0}, NULL, 8) = 0
17272 14:02:10.067166 alarm(300)        = 300
17272 14:02:10.067176 close(6)          = 0
17272 14:02:10.067185 alarm(0)          = 300
17272 14:02:10.067195 gettimeofday({1495648930, 67199}, NULL) = 0
17272 14:02:10.067210 gettimeofday({1495648930, 67214}, NULL) = 0
17272 14:02:10.067224 fcntl64(3, F_SETLKW64, {type=F_WRLCK, whence=SEEK_SET, start=0, len=0}, 0xbfac9c74) = 0
17272 14:02:10.067239 write(3, "Wed May 24 14:02:10 2017 [pid 17272] [msfadmin] OK DOWNLOAD: Client \"127.0.0.1\", \"/home/msfadmin/myfile12\", 17 bytes, 28.38Kbyte/sec\n", 133) = 133
17272 14:02:10.067271 fcntl64(3, F_SETLK64, {type=F_UNLCK, whence=SEEK_SET, start=0, len=0}, 0xbfac9c7c) = 0
17272 14:02:10.067286 write(0, "226 Transfer complete.\r\n", 24) = 24
17272 14:02:10.067301 write(5, "\n", 1) = 1
17272 14:02:10.067312 read(5,  <unfinished ...>
17270 14:02:10.067320 close(6)          = 0
17270 14:02:10.067402 read(4, "\n", 1)  = 1
17270 14:02:10.067415 close(5)          = 0
17270 14:02:10.067427 write(4, "\1", 1) = 1
17272 14:02:10.067438 <... read resumed> "\1", 1) = 1
17272 14:02:10.067445 close(4)          = 0
17272 14:02:10.067456 rt_sigaction(SIGALRM, {0x805cad0, ~[RTMIN RT_1], 0}, NULL, 8) = 0
17272 14:02:10.067469 alarm(300)        = 0
17272 14:02:10.067481 recv(0,  <unfinished ...>
17270 14:02:10.067488 read(4,  <unfinished ...>
17269 14:02:10.115868 <... recv resumed> "TYPE I\r\n", 4096, MSG_PEEK) = 8
17269 14:02:10.115898 read(0, "TYPE I\r\n", 8) = 8
17269 14:02:10.115920 write(0, "200 Switching to Binary mode.\r\n", 31) = 31
17269 14:02:10.115967 rt_sigaction(SIGALRM, {0x805cad0, ~[RTMIN RT_1], 0}, NULL, 8) = 0
17269 14:02:10.115985 alarm(300)        = 299
17269 14:02:10.115998 recv(0, "PASV\r\n", 4096, MSG_PEEK) = 6
17269 14:02:10.116009 read(0, "PASV\r\n", 6) = 6
17269 14:02:10.116022 write(5, "\n", 1 <unfinished ...>
17267 14:02:10.116034 <... read resumed> "\n", 1) = 1
17269 14:02:10.116039 <... write resumed> ) = 1
17267 14:02:10.116047 write(4, "\1", 1) = 1
17267 14:02:10.116057 read(4,  <unfinished ...>
17269 14:02:10.116065 read(5, "\1", 1)  = 1
17269 14:02:10.116076 write(5, "\f", 1 <unfinished ...>
17267 14:02:10.116084 <... read resumed> "\f", 1) = 1
17269 14:02:10.116088 <... write resumed> ) = 1
17267 14:02:10.116096 socket(PF_INET, SOCK_STREAM, IPPROTO_TCP) = 5
17267 14:02:10.116112 setsockopt(5, SOL_SOCKET, SO_REUSEADDR, [1], 4) = 0
17267 14:02:10.116127 bind(5, {sa_family=AF_INET, sin_port=htons(43967), sin_addr=inet_addr("127.0.0.1")}, 16) = 0
17267 14:02:10.116143 listen(5, 1)      = 0
17267 14:02:10.116157 write(4, "\277\253\0\0", 4) = 4
17267 14:02:10.116168 read(4,  <unfinished ...>
17269 14:02:10.116175 read(5, "\277\253\0\0", 4) = 4
17269 14:02:10.116191 write(0, "227 Entering Passive Mode (127,0,0,1,171,191).\r\n", 48) = 48
17269 14:02:10.116302 rt_sigaction(SIGALRM, {0x805cad0, ~[RTMIN RT_1], 0}, NULL, 8) = 0
17269 14:02:10.116319 alarm(300)        = 300
17269 14:02:10.116331 recv(0, "STOR myfile18\r\n", 4096, MSG_PEEK) = 15
17269 14:02:10.116343 read(0, "STOR myfile18\r\n", 15) = 15
17269 14:02:10.116357 write(5, "\v", 1 <unfinished ...>
17267 14:02:10.116365 <... read resumed> "\v", 1) = 1
17269 14:02:10.116370 <... write resumed> ) = 1
17267 14:02:10.116376 write(4, "\1\0\0\0", 4) = 4
17267 14:02:10.116387 read(4,  <unfinished ...>
17269 14:02:10.116394 read(5, "\1\0\0\0", 4) = 4
17269 14:02:10.116406 gettimeofday({1495648930, 116410}, NULL) = 0
17269 14:02:10.116417 getcwd("/home/msfadmin", 4096) = 15
17269 14:02:10.116430 open("myfile18", O_WRONLY|O_CREAT|O_NONBLOCK|O_LARGEFILE, 0666) = 4
17269 14:02:10.116444 fstat64(4, {st_mode=S_IFREG|0644, st_size=17, ...}) = 0
17269 14:02:10.116462 fcntl64(4, F_GETFL) = 0x8801 (flags O_WRONLY|O_NONBLOCK|O_LARGEFILE)
17269 14:02:10.116473 fcntl64(4, F_SETFL, O_WRONLY|O_LARGEFILE) = 0
17269 14:02:10.116483 fcntl64(4, F_SETLKW64, {type=F_WRLCK, whence=SEEK_SET, start=0, len=0}, 0xbf940b34) = 0
17269 14:02:10.116498 ftruncate64(4, 0) = 0
17269 14:02:10.116517 _llseek(4, 0, [0], SEEK_SET) = 0
17269 14:02:10.116528 write(5, "\v", 1 <unfinished ...>
17267 14:02:10.116536 <... read resumed> "\v", 1) = 1
17269 14:02:10.116541 <... write resumed> ) = 1
17267 14:02:10.116573 write(4, "\1\0\0\0", 4) = 4
17267 14:02:10.116585 read(4,  <unfinished ...>
17269 14:02:10.116602 read(5, "\1\0\0\0", 4) = 4
17269 14:02:10.116614 write(5, "\v", 1 <unfinished ...>
17267 14:02:10.116621 <... read resumed> "\v", 1) = 1
17269 14:02:10.116626 <... write resumed> ) = 1
17267 14:02:10.116632 write(4, "\1\0\0\0", 4) = 4
17267 14:02:10.116650 read(4,  <unfinished ...>
17269 14:02:10.116657 read(5, "\1\0\0\0", 4) = 4
17269 14:02:10.116668 write(5, "\r", 1 <unfinished ...>
17267 14:02:10.116675 <... read resumed> "\r", 1) = 1
17269 14:02:10.116680 <... write resumed> ) = 1
17267 14:02:10.116687 select(6, [5], NULL, NULL, {60, 0}) = 1 (in [5], left {60, 0})
17267 14:02:10.116704 accept(5, {sa_family=AF_INET, sin_port=htons(59701), sin_addr=inet_addr("127.0.0.1")}, [16]) = 6
17267 14:02:10.116726 write(4, "\1", 1) = 1
17267 14:02:10.116738 sendmsg(4, {msg_name(0)=NULL, msg_iov(1)=[{"\0", 1}], msg_controllen=16, {cmsg_len=16, cmsg_level=SOL_SOCKET, cmsg_type=SCM_RIGHTS, {6}}, msg_flags=0}, 0) = 1
17267 14:02:10.116756 close(6)          = 0
17267 14:02:10.116766 read(4,  <unfinished ...>
17269 14:02:10.116772 read(5, "\1", 1)  = 1
17269 14:02:10.116785 recvmsg(5, {msg_name(0)=NULL, msg_iov(1)=[{"\0", 1}], msg_controllen=16, {cmsg_len=16, cmsg_level=SOL_SOCKET, cmsg_type=SCM_RIGHTS, {6}}, msg_flags=0}, 0) = 1
17269 14:02:10.116803 setsockopt(6, SOL_SOCKET, SO_KEEPALIVE, [1], 4) = 0
17269 14:02:10.116815 setsockopt(6, SOL_IP, IP_TOS, [8], 4) = 0
17269 14:02:10.116827 setsockopt(6, SOL_SOCKET, SO_LINGER, {onoff=1, linger=32767}, 8) = 0
17269 14:02:10.116839 rt_sigaction(SIGALRM, {0x805cad0, ~[RTMIN RT_1], 0}, NULL, 8) = 0
17269 14:02:10.116852 alarm(300)        = 300
17269 14:02:10.116865 write(0, "150 Ok to send data.\r\n", 22) = 22
17269 14:02:10.116931 read(6, "assasaaa\na\na\na\na\n", 65536) = 17
17269 14:02:10.116945 write(4, "assasaaa\na\na\na\na\n", 17) = 17
17269 14:02:10.116961 read(6, "", 65536) = 0
17269 14:02:10.116972 rt_sigaction(SIGALRM, {0x805cad0, ~[RTMIN RT_1], 0}, NULL, 8) = 0
17269 14:02:10.116985 alarm(300)        = 300
17269 14:02:10.116995 close(6)          = 0
17269 14:02:10.117011 alarm(0)          = 300
17269 14:02:10.117021 gettimeofday({1495648930, 117025}, NULL) = 0
17269 14:02:10.117037 gettimeofday({1495648930, 117041}, NULL) = 0
17269 14:02:10.117051 fcntl64(3, F_SETLKW64, {type=F_WRLCK, whence=SEEK_SET, start=0, len=0}, 0xbf940ad4) = 0
17269 14:02:10.117066 write(3, "Wed May 24 14:02:10 2017 [pid 17269] [msfadmin] OK UPLOAD: Client \"127.0.0.1\", \"/home/msfadmin/myfile18\", 17 bytes, 26.31Kbyte/sec\n", 131) = 131
17269 14:02:10.117088 fcntl64(3, F_SETLK64, {type=F_UNLCK, whence=SEEK_SET, start=0, len=0}, 0xbf940adc) = 0
17269 14:02:10.117102 write(0, "226 Transfer complete.\r\n", 24) = 24
17269 14:02:10.117145 write(5, "\n", 1 <unfinished ...>
17267 14:02:10.117155 <... read resumed> "\n", 1) = 1
17269 14:02:10.117160 <... write resumed> ) = 1
17267 14:02:10.117166 close(5)          = 0
17267 14:02:10.117178 write(4, "\1", 1) = 1
17267 14:02:10.117189 read(4,  <unfinished ...>
17269 14:02:10.117196 read(5, "\1", 1)  = 1
17269 14:02:10.117207 close(4)          = 0
17269 14:02:10.117217 rt_sigaction(SIGALRM, {0x805cad0, ~[RTMIN RT_1], 0}, NULL, 8) = 0
17269 14:02:10.117230 alarm(300)        = 0
17269 14:02:10.117241 recv(0,  <unfinished ...>
