18681 14:16:17.175643 mmap2(NULL, 1624, PROT_READ, MAP_SHARED, 5, 0) = 0xb7fd0000
18681 14:16:17.175654 _llseek(5, 1624, [1624], SEEK_SET) = 0
18681 14:16:17.175673 munmap(0xb7fd0000, 1624) = 0
18681 14:16:17.175684 close(5)          = 0
18681 14:16:17.175708 open("/etc/shadow", O_RDONLY|0x80000 /* O_??? */) = 5
18681 14:16:17.175725 _llseek(5, 0, [0], SEEK_CUR) = 0
18681 14:16:17.175736 fstat64(5, {st_mode=S_IFREG|0640, st_size=1233, ...}) = 0
18681 14:16:17.175752 mmap2(NULL, 1233, PROT_READ, MAP_SHARED, 5, 0) = 0xb7fd0000
18681 14:16:17.175763 _llseek(5, 1233, [1233], SEEK_SET) = 0
18681 14:16:17.175783 munmap(0xb7fd0000, 1233) = 0
18681 14:16:17.175793 close(5)          = 0
18681 14:16:17.175811 open("/etc/passwd", O_RDONLY|0x80000 /* O_??? */) = 5
18681 14:16:17.175825 _llseek(5, 0, [0], SEEK_CUR) = 0
18681 14:16:17.175835 fstat64(5, {st_mode=S_IFREG|0644, st_size=1624, ...}) = 0
18681 14:16:17.175851 mmap2(NULL, 1624, PROT_READ, MAP_SHARED, 5, 0) = 0xb7fd0000
18681 14:16:17.175862 _llseek(5, 1624, [1624], SEEK_SET) = 0
18681 14:16:17.175878 munmap(0xb7fd0000, 1624) = 0
18681 14:16:17.175916 close(5)          = 0
18681 14:16:17.175940 open("/etc/shadow", O_RDONLY|0x80000 /* O_??? */) = 5
18681 14:16:17.175954 _llseek(5, 0, [0], SEEK_CUR) = 0
18681 14:16:17.175965 fstat64(5, {st_mode=S_IFREG|0640, st_size=1233, ...}) = 0
18681 14:16:17.175981 mmap2(NULL, 1233, PROT_READ, MAP_SHARED, 5, 0) = 0xb7fd0000
18681 14:16:17.175992 _llseek(5, 1233, [1233], SEEK_SET) = 0
18681 14:16:17.176009 munmap(0xb7fd0000, 1233) = 0
18681 14:16:17.176018 close(5)          = 0
18681 14:16:17.176251 getuid32()        = 0
18681 14:16:17.176262 open("/etc/passwd", O_RDONLY|0x80000 /* O_??? */) = 5
18681 14:16:17.176275 _llseek(5, 0, [0], SEEK_CUR) = 0
18681 14:16:17.176286 fstat64(5, {st_mode=S_IFREG|0644, st_size=1624, ...}) = 0
18681 14:16:17.176302 mmap2(NULL, 1624, PROT_READ, MAP_SHARED, 5, 0) = 0xb7fd0000
18681 14:16:17.176312 _llseek(5, 1624, [1624], SEEK_SET) = 0
18681 14:16:17.176328 munmap(0xb7fd0000, 1624) = 0
18681 14:16:17.176338 close(5)          = 0
18681 14:16:17.176351 open("/etc/shadow", O_RDONLY|0x80000 /* O_??? */) = 5
18681 14:16:17.176363 _llseek(5, 0, [0], SEEK_CUR) = 0
18681 14:16:17.176373 fstat64(5, {st_mode=S_IFREG|0640, st_size=1233, ...}) = 0
18681 14:16:17.176378 mmap2(NULL, 1233, PROT_READ, MAP_SHARED, 5, 0) = 0xb7fd0000
18681 14:16:17.176379 _llseek(5, 1233, [1233], SEEK_SET) = 0
18681 14:16:17.176379 munmap(0xb7fd0000, 1233) = 0
18681 14:16:17.176379 close(5)          = 0
18681 14:16:17.176379 time(NULL)        = 1495649777
18681 14:16:17.176380 munmap(0xb7fcd000, 12164) = 0
18681 14:16:17.176380 munmap(0xb7fcb000, 7136) = 0
18681 14:16:17.176380 munmap(0xb7e00000, 95428) = 0
18681 14:16:17.176382 munmap(0xb7dc6000, 201052) = 0
18681 14:16:17.176395 munmap(0xb7dad000, 101180) = 0
18681 14:16:17.176415 gettimeofday({1495649777, 176420}, NULL) = 0
18681 14:16:17.176427 stat64("/usr/share/zoneinfo/UTC+04:00", 0xbfc7fdf4) = -1 ENOENT (No such file or directory)
18681 14:16:17.176443 open("/usr/share/zoneinfo/UTC+04:00", O_RDONLY) = -1 ENOENT (No such file or directory)
18681 14:16:17.176468 fcntl64(3, F_SETLKW64, {type=F_WRLCK, whence=SEEK_SET, start=0, len=0}, 0xbfc7ff44) = 0
18681 14:16:17.176483 write(3, "Wed May 24 14:16:17 2017 [pid 18681] [msfadmin] OK LOGIN: Client \"127.0.0.1\"\n", 77) = 77
18681 14:16:17.176500 fcntl64(3, F_SETLK64, {type=F_UNLCK, whence=SEEK_SET, start=0, len=0}, 0xbfc7ff4c) = 0
18681 14:16:17.176513 rt_sigaction(SIGCHLD, {0x805cad0, ~[RTMIN RT_1], 0}, NULL, 8) = 0
18681 14:16:17.176527 write(4, "\1", 1 <unfinished ...>
18682 14:16:17.176537 <... read resumed> "\1", 1) = 1
18681 14:16:17.176542 <... write resumed> ) = 1
18682 14:16:17.176550 exit_group(0)     = ?
18681 14:16:17.176577 --- SIGCHLD (Child exited) @ 0 (0) ---
18681 14:16:17.176585 sigreturn()       = ? (mask now [])
18681 14:16:17.176604 wait4(-1, [{WIFEXITED(s) && WEXITSTATUS(s) == 0}], 0, NULL) = 18682
18681 14:16:17.176617 close(4)          = 0
18681 14:16:17.176629 socketpair(PF_FILE, SOCK_STREAM, 0, [4, 5]) = 0
18681 14:16:17.176676 rt_sigaction(SIGCHLD, {0x805cad0, ~[RTMIN RT_1], 0}, NULL, 8) = 0
18681 14:16:17.176691 rt_sigaction(SIGALRM, {0x805cb10, ~[RTMIN RT_1], 0}, NULL, 8) = 0
18681 14:16:17.176715 clone(child_stack=0, flags=CLONE_CHILD_CLEARTID|CLONE_CHILD_SETTID|SIGCHLD, child_tidptr=0xb7e366f8) = 18683
18683 14:16:17.176764 prctl(0x1, 0x9, 0, 0, 0) = 0
18683 14:16:17.176777 close(4)          = 0
18683 14:16:17.176805 open("/etc/passwd", O_RDONLY|0x80000 /* O_??? */) = 4
18683 14:16:17.176822 _llseek(4, 0, [0], SEEK_CUR) = 0
18683 14:16:17.176837 fstat64(4, {st_mode=S_IFREG|0644, st_size=1624, ...}) = 0
18683 14:16:17.176855 mmap2(NULL, 1624, PROT_READ, MAP_SHARED, 4, 0) = 0xb7fd0000
18683 14:16:17.176867 _llseek(4, 1624, [1624], SEEK_SET) = 0
18683 14:16:17.176890 munmap(0xb7fd0000, 1624) = 0
18683 14:16:17.176901 close(4)          = 0
18683 14:16:17.176914 getuid32()        = 0
18683 14:16:17.176924 open("/etc/passwd", O_RDONLY|0x80000 /* O_??? */) = 4
18683 14:16:17.176937 _llseek(4, 0, [0], SEEK_CUR) = 0
18683 14:16:17.176948 fstat64(4, {st_mode=S_IFREG|0644, st_size=1624, ...}) = 0
18683 14:16:17.176964 mmap2(NULL, 1624, PROT_READ, MAP_SHARED, 4, 0) = 0xb7fd0000
18683 14:16:17.176975 _llseek(4, 1624, [1624], SEEK_SET) = 0
18683 14:16:17.176990 munmap(0xb7fd0000, 1624) = 0
18683 14:16:17.177000 close(4)          = 0
18683 14:16:17.177025 open("/proc/sys/kernel/ngroups_max", O_RDONLY) = 4
18683 14:16:17.177046 read(4, "65536\n", 31) = 6
18683 14:16:17.177059 close(4)          = 0
18683 14:16:17.177073 socket(PF_FILE, SOCK_STREAM, 0) = 4
18683 14:16:17.177085 fcntl64(4, F_SETFL, O_RDWR|O_NONBLOCK) = 0
18683 14:16:17.177096 connect(4, {sa_family=AF_FILE, path="/var/run/nscd/socket"}, 110) = -1 ENOENT (No such file or directory)
18683 14:16:17.177116 close(4)          = 0
18683 14:16:17.177128 socket(PF_FILE, SOCK_STREAM, 0) = 4
18683 14:16:17.177168 fcntl64(4, F_SETFL, O_RDWR|O_NONBLOCK) = 0
18683 14:16:17.177180 connect(4, {sa_family=AF_FILE, path="/var/run/nscd/socket"}, 110) = -1 ENOENT (No such file or directory)
18683 14:16:17.177209 close(4)          = 0
18683 14:16:17.177233 open("/etc/group", O_RDONLY|0x80000 /* O_??? */) = 4
18683 14:16:17.177247 _llseek(4, 0, [0], SEEK_CUR) = 0
18683 14:16:17.177258 fstat64(4, {st_mode=S_IFREG|0644, st_size=886, ...}) = 0
18683 14:16:17.177275 mmap2(NULL, 886, PROT_READ, MAP_SHARED, 4, 0) = 0xb7fd0000
18683 14:16:17.177286 _llseek(4, 886, [886], SEEK_SET) = 0
18683 14:16:17.177311 fstat64(4, {st_mode=S_IFREG|0644, st_size=886, ...}) = 0
18683 14:16:17.177328 munmap(0xb7fd0000, 886) = 0
18683 14:16:17.177338 close(4)          = 0
18683 14:16:17.177348 setgroups32(13, [1000, 4, 20, 24, 25, 29, 30, 44, 46, 107, 111, 112, 119]) = 0
18683 14:16:17.177364 geteuid32()       = 0
18683 14:16:17.177375 getegid32()       = 0
18683 14:16:17.177390 setregid32(-1, 1000) = 0
18683 14:16:17.177400 setreuid32(-1, 1000) = 0
18683 14:16:17.177411 chdir("/home/msfadmin") = 0
18683 14:16:17.177423 setreuid32(-1, 0) = 0
18683 14:16:17.177432 setregid32(-1, 0) = 0
18683 14:16:17.177443 setgid32(1000)    = 0
18683 14:16:17.177452 setuid32(1000)    = 0
18683 14:16:17.177463 setrlimit(RLIMIT_NPROC, {rlim_cur=0, rlim_max=0}) = 0
18683 14:16:17.177476 mmap2(NULL, 12288, PROT_READ|PROT_WRITE, MAP_PRIVATE|MAP_ANONYMOUS, -1, 0) = 0xb7fce000
18683 14:16:17.177487 mprotect(0xb7fd0000, 4096, PROT_NONE) = 0
18683 14:16:17.177498 mprotect(0xb7fce000, 4096, PROT_NONE) = 0
18683 14:16:17.177509 getcwd("/home/msfadmin", 4096) = 15
18683 14:16:17.177522 umask(022)        = 077
18683 14:16:17.177532 getcwd("/home/msfadmin", 4096) = 15
18683 14:16:17.177546 open(".message", O_RDONLY|O_NONBLOCK|O_LARGEFILE) = -1 ENOENT (No such file or directory)
18683 14:16:17.177567 write(0, "230 Login successful.\r\n", 23) = 23
18683 14:16:17.177693 rt_sigaction(SIGALRM, {0x805cad0, ~[RTMIN RT_1], 0}, NULL, 8) = 0
18683 14:16:17.177710 alarm(300)        = 0
18683 14:16:17.177721 mmap2(NULL, 12288, PROT_READ|PROT_WRITE, MAP_PRIVATE|MAP_ANONYMOUS, -1, 0) = 0xb7fcb000
18683 14:16:17.177733 mprotect(0xb7fcd000, 4096, PROT_NONE) = 0
18683 14:16:17.177744 mprotect(0xb7fcb000, 4096, PROT_NONE) = 0
18683 14:16:17.177757 recv(0, "TYPE I\r\n", 4096, MSG_PEEK) = 8
18683 14:16:17.177770 read(0, "TYPE I\r\n", 8) = 8
18683 14:16:17.177787 write(0, "200 Switching to Binary mode.\r\n", 31) = 31
18683 14:16:17.177827 rt_sigaction(SIGALRM, {0x805cad0, ~[RTMIN RT_1], 0}, NULL, 8) = 0
18683 14:16:17.177841 alarm(300)        = 300
18683 14:16:17.177853 recv(0, "PASV\r\n", 4096, MSG_PEEK) = 6
18683 14:16:17.177864 read(0, "PASV\r\n", 6) = 6
18683 14:16:17.177876 write(5, "\n", 1) = 1
18683 14:16:17.177887 read(5,  <unfinished ...>
18681 14:16:17.177900 close(5)          = 0
18681 14:16:17.177913 getuid32()        = 0
18681 14:16:17.177928 open("/etc/passwd", O_RDONLY|0x80000 /* O_??? */) = 5
18681 14:16:17.177943 _llseek(5, 0, [0], SEEK_CUR) = 0
18681 14:16:17.177955 fstat64(5, {st_mode=S_IFREG|0644, st_size=1624, ...}) = 0
18681 14:16:17.177973 mmap2(NULL, 1624, PROT_READ, MAP_SHARED, 5, 0) = 0xb7fd0000
18681 14:16:17.177985 _llseek(5, 1624, [1624], SEEK_SET) = 0
18681 14:16:17.178002 munmap(0xb7fd0000, 1624) = 0
18681 14:16:17.178014 close(5)          = 0
18681 14:16:17.178030 setgroups32(0, []) = 0
18681 14:16:17.178041 chdir("/usr/share/empty") = 0
18681 14:16:17.178053 chroot(".")       = 0
18681 14:16:17.178064 capset(NULL, NULL) = -1 EFAULT (Bad address)
18681 14:16:17.178077 prctl(0x8, 0, 0xbfc7ff28, 0x80549a6, 0xbfc7ff10) = 0
18681 14:16:17.178088 prctl(0x8, 0x1, 0xbfc7ff28, 0x8054a49, 0xbfc7ff10) = 0
18681 14:16:17.178099 setgid32(65534)   = 0
18681 14:16:17.178109 setuid32(65534)   = 0
18681 14:16:17.178118 capset(0x19980330, 0, {CAP_NET_BIND_SERVICE, CAP_NET_BIND_SERVICE, 0}) = 0
18681 14:16:17.178162 read(4, "\n", 1)  = 1
18681 14:16:17.178177 write(4, "\1", 1) = 1
18683 14:16:17.178197 <... read resumed> "\1", 1) = 1
18683 14:16:17.178205 write(5, "\f", 1) = 1
18683 14:16:17.178215 read(5,  <unfinished ...>
18681 14:16:17.178222 read(4, "\f", 1)  = 1
18681 14:16:17.178235 socket(PF_INET, SOCK_STREAM, IPPROTO_TCP) = 5
18681 14:16:17.178248 setsockopt(5, SOL_SOCKET, SO_REUSEADDR, [1], 4) = 0
18681 14:16:17.178260 gettimeofday({1495649777, 178264}, NULL) = 0
18681 14:16:17.178276 bind(5, {sa_family=AF_INET, sin_port=htons(62153), sin_addr=inet_addr("127.0.0.1")}, 16) = 0
18681 14:16:17.178291 listen(5, 1)      = 0
18681 14:16:17.178305 write(4, "\311\362\0\0", 4) = 4
18683 14:16:17.178316 <... read resumed> "\311\362\0\0", 4) = 4
18683 14:16:17.178330 write(0, "227 Entering Passive Mode (127,0,0,1,242,201).\r\n", 48) = 48
18683 14:16:17.178423 rt_sigaction(SIGALRM, {0x805cad0, ~[RTMIN RT_1], 0}, NULL, 8) = 0
18683 14:16:17.178439 alarm(300)        = 300
18683 14:16:17.178451 recv(0, "STOR myfile24\r\n", 4096, MSG_PEEK) = 15
18683 14:16:17.178463 read(0, "STOR myfile24\r\n", 15) = 15
18683 14:16:17.178478 write(5, "\v", 1) = 1
18683 14:16:17.178493 read(5,  <unfinished ...>
18681 14:16:17.178501 read(4, "\v", 1)  = 1
18681 14:16:17.178512 write(4, "\1\0\0\0", 4) = 4
18683 14:16:17.178523 <... read resumed> "\1\0\0\0", 4) = 4
18683 14:16:17.178532 gettimeofday({1495649777, 178536}, NULL) = 0
18683 14:16:17.178543 getcwd("/home/msfadmin", 4096) = 15
18683 14:16:17.178555 open("myfile24", O_WRONLY|O_CREAT|O_NONBLOCK|O_LARGEFILE, 0666) = 4
18683 14:16:17.178569 fstat64(4, {st_mode=S_IFREG|0644, st_size=17, ...}) = 0
18683 14:16:17.178585 fcntl64(4, F_GETFL) = 0x8801 (flags O_WRONLY|O_NONBLOCK|O_LARGEFILE)
18683 14:16:17.178596 fcntl64(4, F_SETFL, O_WRONLY|O_LARGEFILE) = 0
18683 14:16:17.178606 fcntl64(4, F_SETLKW64, {type=F_WRLCK, whence=SEEK_SET, start=0, len=0}, 0xbfc7fe74) = 0
18683 14:16:17.178651 ftruncate64(4, 0) = 0
18683 14:16:17.178682 _llseek(4, 0, [0], SEEK_SET) = 0
18683 14:16:17.178694 write(5, "\v", 1) = 1
18683 14:16:17.178704 read(5,  <unfinished ...>
18681 14:16:17.178712 read(4, "\v", 1)  = 1
18681 14:16:17.178723 write(4, "\1\0\0\0", 4) = 4
18683 14:16:17.178734 <... read resumed> "\1\0\0\0", 4) = 4
18683 14:16:17.178742 write(5, "\v", 1) = 1
18683 14:16:17.178752 read(5,  <unfinished ...>
18681 14:16:17.178758 read(4, "\v", 1)  = 1
18681 14:16:17.178769 write(4, "\1\0\0\0", 4) = 4
18683 14:16:17.178780 <... read resumed> "\1\0\0\0", 4) = 4
18683 14:16:17.178787 write(5, "\r", 1) = 1
18683 14:16:17.178797 read(5,  <unfinished ...>
18681 14:16:17.178804 read(4, "\r", 1)  = 1
18681 14:16:17.178816 select(6, [5], NULL, NULL, {60, 0}) = 1 (in [5], left {60, 0})
18681 14:16:17.178833 accept(5, {sa_family=AF_INET, sin_port=htons(39270), sin_addr=inet_addr("127.0.0.1")}, [16]) = 6
18681 14:16:17.178855 write(4, "\1", 1) = 1
18683 14:16:17.178866 <... read resumed> "\1", 1) = 1
18683 14:16:17.178875 recvmsg(5,  <unfinished ...>
18681 14:16:17.178885 sendmsg(4, {msg_name(0)=NULL, msg_iov(1)=[{"\0", 1}], msg_controllen=16, {cmsg_len=16, cmsg_level=SOL_SOCKET, cmsg_type=SCM_RIGHTS, {6}}, msg_flags=0}, 0) = 1
18683 14:16:17.178902 <... recvmsg resumed> {msg_name(0)=NULL, msg_iov(1)=[{"\0", 1}], msg_controllen=16, {cmsg_len=16, cmsg_level=SOL_SOCKET, cmsg_type=SCM_RIGHTS, {6}}, msg_flags=0}, 0) = 1
18683 14:16:17.178915 setsockopt(6, SOL_SOCKET, SO_KEEPALIVE, [1], 4) = 0
18683 14:16:17.178928 setsockopt(6, SOL_IP, IP_TOS, [8], 4) = 0
18683 14:16:17.178939 setsockopt(6, SOL_SOCKET, SO_LINGER, {onoff=1, linger=32767}, 8) = 0
18683 14:16:17.178951 rt_sigaction(SIGALRM, {0x805cad0, ~[RTMIN RT_1], 0}, NULL, 8) = 0
18683 14:16:17.178964 alarm(300)        = 300
18683 14:16:17.178976 write(0, "150 Ok to send data.\r\n", 22) = 22
18683 14:16:17.179041 mmap2(NULL, 77824, PROT_READ|PROT_WRITE, MAP_PRIVATE|MAP_ANONYMOUS, -1, 0) = 0xb7e05000
18683 14:16:17.179055 mprotect(0xb7e17000, 4096, PROT_NONE) = 0
18683 14:16:17.179066 mprotect(0xb7e05000, 4096, PROT_NONE) = 0
18683 14:16:17.179076 read(6, "assasaaa\na\na\na\na\n", 65536) = 17
18683 14:16:17.179090 write(4, "assasaaa\na\na\na\na\n", 17) = 17
18683 14:16:17.179106 read(6, "", 65536) = 0
18683 14:16:17.179611 rt_sigaction(SIGALRM, {0x805cad0, ~[RTMIN RT_1], 0}, NULL, 8) = 0
18683 14:16:17.179733 alarm(300)        = 300
18683 14:16:17.179796 close(6)          = 0
18683 14:16:17.179827 alarm(0)          = 300
18683 14:16:17.179850 gettimeofday({1495649777, 179858}, NULL) = 0
18683 14:16:17.179878 getpid()          = 18683
18683 14:16:17.179890 gettimeofday({1495649777, 179893}, NULL) = 0
18683 14:16:17.179907 fcntl64(3, F_SETLKW64, {type=F_WRLCK, whence=SEEK_SET, start=0, len=0}, 0xbfc7fe14) = 0
18683 14:16:17.179922 write(3, "Wed May 24 14:16:17 2017 [pid 18683] [msfadmin] OK UPLOAD: Client \"127.0.0.1\", \"/home/msfadmin/myfile24\", 17 bytes, 12.23Kbyte/sec\n", 131) = 131
18683 14:16:17.179942 fcntl64(3, F_SETLK64, {type=F_UNLCK, whence=SEEK_SET, start=0, len=0}, 0xbfc7fe1c) = 0
18683 14:16:17.179956 write(0, "226 Transfer complete.\r\n", 24) = 24
18683 14:16:17.179998 write(5, "\n", 1) = 1
18683 14:16:17.180010 read(5,  <unfinished ...>
18681 14:16:17.180017 close(6)          = 0
18681 14:16:17.180040 read(4, "\n", 1)  = 1
18681 14:16:17.180052 close(5)          = 0
18681 14:16:17.180063 write(4, "\1", 1) = 1
18683 14:16:17.180074 <... read resumed> "\1", 1) = 1
18683 14:16:17.180081 close(4)          = 0
18683 14:16:17.180092 rt_sigaction(SIGALRM, {0x805cad0, ~[RTMIN RT_1], 0}, NULL, 8) = 0
18683 14:16:17.180106 alarm(300)        = 0
18683 14:16:17.180117 recv(0,  <unfinished ...>
18681 14:16:17.180124 read(4,  <unfinished ...>
18680 14:16:17.506289 <... recv resumed> "USER msfadmin\r\n", 4096, MSG_PEEK) = 15
18680 14:16:17.506336 read(0, "USER msfadmin\r\n", 15) = 15
18680 14:16:17.506362 write(0, "331 Any password will do.\r\n", 27) = 27
18680 14:16:17.506410 rt_sigaction(SIGALRM, {0x805cad0, ~[RTMIN RT_1], 0}, NULL, 8) = 0
18680 14:16:17.506429 alarm(300)        = 299
18680 14:16:17.506442 recv(0, "PASS msfadmin\r\n", 4096, MSG_PEEK) = 15
18680 14:16:17.506454 read(0, "PASS msfadmin\r\n", 15) = 15
18680 14:16:17.506471 write(0, "230 Already logged in.\r\n", 24) = 24
18680 14:16:17.506535 rt_sigaction(SIGALRM, {0x805cad0, ~[RTMIN RT_1], 0}, NULL, 8) = 0
18680 14:16:17.506552 alarm(300)        = 300
18680 14:16:17.506564 recv(0, "TYPE I\r\n", 4096, MSG_PEEK) = 8
18680 14:16:17.506575 read(0, "TYPE I\r\n", 8) = 8
18680 14:16:17.506591 write(0, "200 Switching to Binary mode.\r\n", 31) = 31
18680 14:16:17.506627 rt_sigaction(SIGALRM, {0x805cad0, ~[RTMIN RT_1], 0}, NULL, 8) = 0
18680 14:16:17.506643 alarm(300)        = 300
18680 14:16:17.506654 recv(0, "PASV\r\n", 4096, MSG_PEEK) = 6
18680 14:16:17.506666 read(0, "PASV\r\n", 6) = 6
18680 14:16:17.506678 write(5, "\n", 1 <unfinished ...>
18678 14:16:17.506690 <... read resumed> "\n", 1) = 1
18680 14:16:17.506695 <... write resumed> ) = 1
18678 14:16:17.506704 write(4, "\1", 1 <unfinished ...>
18680 14:16:17.506710 read(5,  <unfinished ...>
18678 14:16:17.506717 <... write resumed> ) = 1
18680 14:16:17.506721 <... read resumed> "\1", 1) = 1
18678 14:16:17.506730 read(4,  <unfinished ...>
18680 14:16:17.506734 write(5, "\f", 1 <unfinished ...>
18678 14:16:17.506742 <... read resumed> "\f", 1) = 1
18680 14:16:17.506747 <... write resumed> ) = 1
18678 14:16:17.506755 socket(PF_INET, SOCK_STREAM, IPPROTO_TCP <unfinished ...>
18680 14:16:17.506761 read(5,  <unfinished ...>
18678 14:16:17.506771 <... socket resumed> ) = 5
18678 14:16:17.506779 setsockopt(5, SOL_SOCKET, SO_REUSEADDR, [1], 4) = 0
18678 14:16:17.506794 bind(5, {sa_family=AF_INET, sin_port=htons(60109), sin_addr=inet_addr("127.0.0.1")}, 16) = 0
18678 14:16:17.506811 listen(5, 1)      = 0
18678 14:16:17.506825 write(4, "\315\352\0\0", 4 <unfinished ...>
18680 14:16:17.506834 <... read resumed> "\315\352\0\0", 4) = 4
18678 14:16:17.506840 <... write resumed> ) = 4
18680 14:16:17.506851 write(0, "227 Entering Passive Mode (127,0,0,1,234,205).\r\n", 48 <unfinished ...>
18678 14:16:17.506860 read(4,  <unfinished ...>
18680 14:16:17.506963 <... write resumed> ) = 48
18680 14:16:17.506976 rt_sigaction(SIGALRM, {0x805cad0, ~[RTMIN RT_1], 0}, NULL, 8) = 0
18680 14:16:17.506991 alarm(300)        = 300
18680 14:16:17.507003 recv(0, "RETR myfile4\r\n", 4096, MSG_PEEK) = 14
18680 14:16:17.507016 read(0, "RETR myfile4\r\n", 14) = 14
18680 14:16:17.507029 write(5, "\v", 1 <unfinished ...>
18678 14:16:17.507038 <... read resumed> "\v", 1) = 1
18680 14:16:17.507043 <... write resumed> ) = 1
18678 14:16:17.507050 write(4, "\1\0\0\0", 4 <unfinished ...>
18680 14:16:17.507056 read(5,  <unfinished ...>
18678 14:16:17.507062 <... write resumed> ) = 4
18680 14:16:17.507067 <... read resumed> "\1\0\0\0", 4) = 4
18678 14:16:17.507075 read(4,  <unfinished ...>
18680 14:16:17.507080 gettimeofday({1495649777, 507084}, NULL) = 0
18680 14:16:17.507092 getcwd("/home/msfadmin", 4096) = 15
18680 14:16:17.507105 open("myfile4", O_RDONLY|O_NONBLOCK|O_LARGEFILE) = 4
18680 14:16:17.507119 fcntl64(4, F_SETLKW64, {type=F_RDLCK, whence=SEEK_SET, start=0, len=0}, 0xbfb33d44) = 0
18680 14:16:17.507135 fstat64(4, {st_mode=S_IFREG|0644, st_size=17, ...}) = 0
18680 14:16:17.507173 fcntl64(4, F_GETFL) = 0x8800 (flags O_RDONLY|O_NONBLOCK|O_LARGEFILE)
18680 14:16:17.507192 fcntl64(4, F_SETFL, O_RDONLY|O_LARGEFILE) = 0
18680 14:16:17.507205 write(5, "\v", 1 <unfinished ...>
18678 14:16:17.507214 <... read resumed> "\v", 1) = 1
18680 14:16:17.507219 <... write resumed> ) = 1
18678 14:16:17.507226 write(4, "\1\0\0\0", 4 <unfinished ...>
18680 14:16:17.507232 read(5,  <unfinished ...>
18678 14:16:17.507239 <... write resumed> ) = 4
18680 14:16:17.507243 <... read resumed> "\1\0\0\0", 4) = 4
18678 14:16:17.507252 read(4,  <unfinished ...>
18680 14:16:17.507256 write(5, "\v", 1 <unfinished ...>
18678 14:16:17.507264 <... read resumed> "\v", 1) = 1
18680 14:16:17.507269 <... write resumed> ) = 1
18678 14:16:17.507276 write(4, "\1\0\0\0", 4 <unfinished ...>
18680 14:16:17.507281 read(5,  <unfinished ...>
18678 14:16:17.507288 <... write resumed> ) = 4
18680 14:16:17.507292 <... read resumed> "\1\0\0\0", 4) = 4
18678 14:16:17.507300 read(4,  <unfinished ...>
18680 14:16:17.507305 write(5, "\r", 1 <unfinished ...>
18678 14:16:17.507312 <... read resumed> "\r", 1) = 1
18680 14:16:17.507317 <... write resumed> ) = 1
18678 14:16:17.507325 select(6, [5], NULL, NULL, {60, 0} <unfinished ...>
18680 14:16:17.507332 read(5,  <unfinished ...>
18678 14:16:17.507339 <... select resumed> ) = 1 (in [5], left {60, 0})
18678 14:16:17.507350 accept(5, {sa_family=AF_INET, sin_port=htons(45125), sin_addr=inet_addr("127.0.0.1")}, [16]) = 6
18678 14:16:17.507373 write(4, "\1", 1 <unfinished ...>
18680 14:16:17.507381 <... read resumed> "\1", 1) = 1
18678 14:16:17.507386 <... write resumed> ) = 1
18680 14:16:17.507395 recvmsg(5,  <unfinished ...>
18678 14:16:17.507401 sendmsg(4, {msg_name(0)=NULL, msg_iov(1)=[{"\0", 1}], msg_controllen=16, {cmsg_len=16, cmsg_level=SOL_SOCKET, cmsg_type=SCM_RIGHTS, {6}}, msg_flags=0}, 0 <unfinished ...>
18680 14:16:17.507416 <... recvmsg resumed> {msg_name(0)=NULL, msg_iov(1)=[{"\0", 1}], msg_controllen=16, {cmsg_len=16, cmsg_level=SOL_SOCKET, cmsg_type=SCM_RIGHTS, {6}}, msg_flags=0}, 0) = 1
18678 14:16:17.507427 <... sendmsg resumed> ) = 1
18680 14:16:17.507435 setsockopt(6, SOL_SOCKET, SO_KEEPALIVE, [1], 4 <unfinished ...>
18678 14:16:17.507441 close(6 <unfinished ...>
18680 14:16:17.507447 <... setsockopt resumed> ) = 0
18678 14:16:17.507452 <... close resumed> ) = 0
18680 14:16:17.507460 setsockopt(6, SOL_IP, IP_TOS, [8], 4 <unfinished ...>
18678 14:16:17.507466 read(4,  <unfinished ...>
18680 14:16:17.507472 <... setsockopt resumed> ) = 0
18680 14:16:17.507480 setsockopt(6, SOL_SOCKET, SO_LINGER, {onoff=1, linger=32767}, 8) = 0
18680 14:16:17.507492 rt_sigaction(SIGALRM, {0x805cad0, ~[RTMIN RT_1], 0}, NULL, 8) = 0
18680 14:16:17.507506 alarm(300)        = 300
18680 14:16:17.507520 write(0, "150 Opening BINARY mode data connection for myfile4 (17 bytes).\r\n", 65) = 65
18680 14:16:17.507563 _llseek(4, 0, [0], SEEK_CUR) = 0
18680 14:16:17.507576 fstat64(4, {st_mode=S_IFREG|0644, st_size=17, ...}) = 0
18680 14:16:17.507594 _llseek(4, 0, [0], SEEK_SET) = 0
18680 14:16:17.507605 sendfile(6, 4, NULL, 17) = 17
18680 14:16:17.507638 rt_sigaction(SIGALRM, {0x805cad0, ~[RTMIN RT_1], 0}, NULL, 8) = 0
18680 14:16:17.507653 alarm(300)        = 300
18680 14:16:17.507664 close(6)          = 0
18680 14:16:17.507703 alarm(0)          = 300
18680 14:16:17.507714 gettimeofday({1495649777, 507718}, NULL) = 0
18680 14:16:17.507731 gettimeofday({1495649777, 507735}, NULL) = 0
18680 14:16:17.507746 fcntl64(3, F_SETLKW64, {type=F_WRLCK, whence=SEEK_SET, start=0, len=0}, 0xbfb33ce4) = 0
18680 14:16:17.507762 write(3, "Wed May 24 14:16:17 2017 [pid 18680] [msfadmin] OK DOWNLOAD: Client \"127.0.0.1\", \"/home/msfadmin/myfile4\", 17 bytes, 25.50Kbyte/sec\n", 132) = 132
18680 14:16:17.507783 fcntl64(3, F_SETLK64, {type=F_UNLCK, whence=SEEK_SET, start=0, len=0}, 0xbfb33cec) = 0
18680 14:16:17.507798 write(0, "226 Transfer complete.\r\n", 24) = 24
18680 14:16:17.507868 write(5, "\n", 1 <unfinished ...>
18678 14:16:17.507878 <... read resumed> "\n", 1) = 1
18680 14:16:17.507883 <... write resumed> ) = 1
18678 14:16:17.507890 close(5)          = 0
18678 14:16:17.507902 write(4, "\1", 1) = 1
18678 14:16:17.507917 read(4,  <unfinished ...>
18680 14:16:17.507924 read(5, "\1", 1)  = 1
18680 14:16:17.507936 close(4)          = 0
18680 14:16:17.507947 rt_sigaction(SIGALRM, {0x805cad0, ~[RTMIN RT_1], 0}, NULL, 8) = 0
18680 14:16:17.507961 alarm(300)        = 0
18680 14:16:17.507973 recv(0,  <unfinished ...>
18683 14:16:17.726337 <... recv resumed> "QUIT\r\n", 4096, MSG_PEEK) = 6
18683 14:16:17.726376 read(0, "QUIT\r\n", 6) = 6
18683 14:16:17.726398 shutdown(0, 0 /* receive */) = 0
18683 14:16:17.726413 fcntl64(0, F_GETFL) = 0x2 (flags O_RDWR)
18683 14:16:17.726424 fcntl64(0, F_SETFL, O_RDWR|O_NONBLOCK) = 0
18683 14:16:17.726435 write(0, "221 Goodbye.\r\n", 14) = 14
18683 14:16:17.726496 fcntl64(0, F_GETFL) = 0x802 (flags O_RDWR|O_NONBLOCK)
18683 14:16:17.726508 fcntl64(0, F_SETFL, O_RDWR) = 0
18683 14:16:17.726519 shutdown(0, 2 /* send and receive */) = 0
18683 14:16:17.726539 exit_group(0)     = ?
18681 14:16:17.726589 <... read resumed> 0xbfc7ff27, 1) = ? ERESTARTSYS (To be restarted)
18681 14:16:17.726597 --- SIGCHLD (Child exited) @ 0 (0) ---
18681 14:16:17.726608 alarm(1)          = 0
18681 14:16:17.726619 sigreturn()       = ? (mask now [])
18681 14:16:17.726635 alarm(0)          = 1
18681 14:16:17.726646 wait4(-1, [{WIFEXITED(s) && WEXITSTATUS(s) == 0}], 0, NULL) = 18683
18681 14:16:17.726661 exit_group(0)     = ?
4380  14:16:17.726697 <... select resumed> ) = ? ERESTARTNOHAND (To be restarted)
4380  14:16:17.726704 --- SIGCHLD (Child exited) @ 0 (0) ---
4380  14:16:17.726712 write(4, "\21", 1) = 1
4380  14:16:17.726727 sigreturn()       = ? (mask now [])
4380  14:16:17.726760 select(13, [3 5 6 8 9 10 11 12], NULL, NULL, NULL) = 1 (in [3])
4380  14:16:17.726778 ioctl(3, FIONREAD, [1]) = 0
4380  14:16:17.726792 read(3, "\21", 1) = 1
4380  14:16:17.726806 waitpid(-1, [{WIFEXITED(s) && WEXITSTATUS(s) == 0}], WNOHANG) = 18681
4380  14:16:17.726823 close(-1)         = -1 EBADF (Bad file descriptor)
4380  14:16:17.726838 waitpid(-1, 0xbf9d5dbc, WNOHANG) = 0
4380  14:16:17.726849 select(13, [3 5 6 8 9 10 11 12], NULL, NULL, NULL <unfinished ...>
18680 14:16:18.086377 <... recv resumed> "USER msfadmin\r\n", 4096, MSG_PEEK) = 15
18680 14:16:18.086418 read(0, "USER msfadmin\r\n", 15) = 15
18680 14:16:18.086443 write(0, "331 Any password will do.\r\n", 27) = 27
18680 14:16:18.086489 rt_sigaction(SIGALRM, {0x805cad0, ~[RTMIN RT_1], 0}, NULL, 8) = 0
18680 14:16:18.086507 alarm(300)        = 299
18680 14:16:18.086520 recv(0, "PASS msfadmin\r\n", 4096, MSG_PEEK) = 15
18680 14:16:18.086533 read(0, "PASS msfadmin\r\n", 15) = 15
18680 14:16:18.086549 write(0, "230 Already logged in.\r\n", 24) = 24
18680 14:16:18.086610 rt_sigaction(SIGALRM, {0x805cad0, ~[RTMIN RT_1], 0}, NULL, 8) = 0
18680 14:16:18.086640 alarm(300)        = 300
18680 14:16:18.086653 recv(0, "TYPE I\r\n", 4096, MSG_PEEK) = 8
18680 14:16:18.086665 read(0, "TYPE I\r\n", 8) = 8
18680 14:16:18.086679 write(0, "200 Switching to Binary mode.\r\n", 31) = 31
18680 14:16:18.086718 rt_sigaction(SIGALRM, {0x805cad0, ~[RTMIN RT_1], 0}, NULL, 8) = 0
18680 14:16:18.086733 alarm(300)        = 300
18680 14:16:18.086744 recv(0, "PASV\r\n", 4096, MSG_PEEK) = 6
18680 14:16:18.086755 read(0, "PASV\r\n", 6) = 6
18680 14:16:18.086767 write(5, "\n", 1 <unfinished ...>
18678 14:16:18.086778 <... read resumed> "\n", 1) = 1
18680 14:16:18.086784 <... write resumed> ) = 1
18678 14:16:18.086791 write(4, "\1", 1) = 1
18678 14:16:18.086802 read(4,  <unfinished ...>
18680 14:16:18.086810 read(5, "\1", 1)  = 1
18680 14:16:18.086821 write(5, "\f", 1 <unfinished ...>
18678 14:16:18.086828 <... read resumed> "\f", 1) = 1
18680 14:16:18.086833 <... write resumed> ) = 1
18678 14:16:18.086840 socket(PF_INET, SOCK_STREAM, IPPROTO_TCP) = 5
18678 14:16:18.086856 setsockopt(5, SOL_SOCKET, SO_REUSEADDR, [1], 4) = 0
18678 14:16:18.086871 bind(5, {sa_family=AF_INET, sin_port=htons(52644), sin_addr=inet_addr("127.0.0.1")}, 16) = 0
18678 14:16:18.086888 listen(5, 1)      = 0
18678 14:16:18.086901 write(4, "\244\315\0\0", 4) = 4
18678 14:16:18.086913 read(4,  <unfinished ...>
18680 14:16:18.086920 read(5, "\244\315\0\0", 4) = 4
18680 14:16:18.086944 write(0, "227 Entering Passive Mode (127,0,0,1,205,164).\r\n", 48) = 48
18680 14:16:18.087057 rt_sigaction(SIGALRM, {0x805cad0, ~[RTMIN RT_1], 0}, NULL, 8) = 0
18680 14:16:18.087074 alarm(300)        = 300
18680 14:16:18.087085 recv(0, "RETR myfile5\r\n", 4096, MSG_PEEK) = 14
18680 14:16:18.087097 read(0, "RETR myfile5\r\n", 14) = 14
18680 14:16:18.087110 write(5, "\v", 1 <unfinished ...>
18678 14:16:18.087118 <... read resumed> "\v", 1) = 1
18680 14:16:18.087157 <... write resumed> ) = 1
18678 14:16:18.087164 write(4, "\1\0\0\0", 4) = 4
18678 14:16:18.087175 read(4,  <unfinished ...>
18680 14:16:18.087192 read(5, "\1\0\0\0", 4) = 4
18680 14:16:18.087204 gettimeofday({1495649778, 87208}, NULL) = 0
18680 14:16:18.087215 getcwd("/home/msfadmin", 4096) = 15
18680 14:16:18.087228 open("myfile5", O_RDONLY|O_NONBLOCK|O_LARGEFILE) = 4
18680 14:16:18.087242 fcntl64(4, F_SETLKW64, {type=F_RDLCK, whence=SEEK_SET, start=0, len=0}, 0xbfb33d44) = 0
18680 14:16:18.087257 fstat64(4, {st_mode=S_IFREG|0644, st_size=17, ...}) = 0
18680 14:16:18.087274 fcntl64(4, F_GETFL) = 0x8800 (flags O_RDONLY|O_NONBLOCK|O_LARGEFILE)
18680 14:16:18.087285 fcntl64(4, F_SETFL, O_RDONLY|O_LARGEFILE) = 0
18680 14:16:18.087296 write(5, "\v", 1 <unfinished ...>
18678 14:16:18.087305 <... read resumed> "\v", 1) = 1
18680 14:16:18.087310 <... write resumed> ) = 1
18678 14:16:18.087316 write(4, "\1\0\0\0", 4) = 4
18678 14:16:18.087327 read(4,  <unfinished ...>
18680 14:16:18.087334 read(5, "\1\0\0\0", 4) = 4
18680 14:16:18.087345 write(5, "\v", 1 <unfinished ...>
18678 14:16:18.087352 <... read resumed> "\v", 1) = 1
18680 14:16:18.087357 <... write resumed> ) = 1
18678 14:16:18.087363 write(4, "\1\0\0\0", 4) = 4
18678 14:16:18.087373 read(4,  <unfinished ...>
18680 14:16:18.087380 read(5, "\1\0\0\0", 4) = 4
18680 14:16:18.087391 write(5, "\r", 1 <unfinished ...>
18678 14:16:18.087398 <... read resumed> "\r", 1) = 1
18680 14:16:18.087403 <... write resumed> ) = 1
18678 14:16:18.087410 select(6, [5], NULL, NULL, {60, 0}) = 1 (in [5], left {60, 0})
18678 14:16:18.087426 accept(5, {sa_family=AF_INET, sin_port=htons(56632), sin_addr=inet_addr("127.0.0.1")}, [16]) = 6
18678 14:16:18.087449 write(4, "\1", 1) = 1
18678 14:16:18.087461 sendmsg(4, {msg_name(0)=NULL, msg_iov(1)=[{"\0", 1}], msg_controllen=16, {cmsg_len=16, cmsg_level=SOL_SOCKET, cmsg_type=SCM_RIGHTS, {6}}, msg_flags=0}, 0) = 1
18678 14:16:18.087478 close(6)          = 0
18678 14:16:18.087488 read(4,  <unfinished ...>
18680 14:16:18.087494 read(5, "\1", 1)  = 1
18680 14:16:18.087507 recvmsg(5, {msg_name(0)=NULL, msg_iov(1)=[{"\0", 1}], msg_controllen=16, {cmsg_len=16, cmsg_level=SOL_SOCKET, cmsg_type=SCM_RIGHTS, {6}}, msg_flags=0}, 0) = 1
18680 14:16:18.087525 setsockopt(6, SOL_SOCKET, SO_KEEPALIVE, [1], 4) = 0
18680 14:16:18.087537 setsockopt(6, SOL_IP, IP_TOS, [8], 4) = 0
18680 14:16:18.087549 setsockopt(6, SOL_SOCKET, SO_LINGER, {onoff=1, linger=32767}, 8) = 0
18680 14:16:18.087560 rt_sigaction(SIGALRM, {0x805cad0, ~[RTMIN RT_1], 0}, NULL, 8) = 0
18680 14:16:18.087574 alarm(300)        = 300
18680 14:16:18.087587 write(0, "150 Opening BINARY mode data connection for myfile5 (17 bytes).\r\n", 65) = 65
18680 14:16:18.087661 _llseek(4, 0, [0], SEEK_CUR) = 0
18680 14:16:18.087684 fstat64(4, {st_mode=S_IFREG|0644, st_size=17, ...}) = 0
18680 14:16:18.087701 _llseek(4, 0, [0], SEEK_SET) = 0
18680 14:16:18.087711 sendfile(6, 4, NULL, 17) = 17
18680 14:16:18.087744 rt_sigaction(SIGALRM, {0x805cad0, ~[RTMIN RT_1], 0}, NULL, 8) = 0
18680 14:16:18.087759 alarm(300)        = 300
18680 14:16:18.087769 close(6)          = 0
18680 14:16:18.087806 alarm(0)          = 300
18680 14:16:18.087817 gettimeofday({1495649778, 87821}, NULL) = 0
18680 14:16:18.087833 gettimeofday({1495649778, 87837}, NULL) = 0
18680 14:16:18.087848 fcntl64(3, F_SETLKW64, {type=F_WRLCK, whence=SEEK_SET, start=0, len=0}, 0xbfb33ce4) = 0
18680 14:16:18.087862 write(3, "Wed May 24 14:16:18 2017 [pid 18680] [msfadmin] OK DOWNLOAD: Client \"127.0.0.1\", \"/home/msfadmin/myfile5\", 17 bytes, 26.39Kbyte/sec\n", 132) = 132
18680 14:16:18.087889 fcntl64(3, F_SETLK64, {type=F_UNLCK, whence=SEEK_SET, start=0, len=0}, 0xbfb33cec) = 0
18680 14:16:18.087903 write(0, "226 Transfer complete.\r\n", 24) = 24
18680 14:16:18.087967 write(5, "\n", 1 <unfinished ...>
18678 14:16:18.087978 <... read resumed> "\n", 1) = 1
18680 14:16:18.087983 <... write resumed> ) = 1
18678 14:16:18.087989 close(5)          = 0
18678 14:16:18.088001 write(4, "\1", 1) = 1
18678 14:16:18.088012 read(4,  <unfinished ...>
18680 14:16:18.088019 read(5, "\1", 1)  = 1
18680 14:16:18.088030 close(4)          = 0
18680 14:16:18.088041 rt_sigaction(SIGALRM, {0x805cad0, ~[RTMIN RT_1], 0}, NULL, 8) = 0
18680 14:16:18.088055 alarm(300)        = 0
18680 14:16:18.088066 recv(0,  <unfinished ...>
4380  14:16:18.277305 <... select resumed> ) = 1 (in [5])
4380  14:16:18.277408 accept(5, {sa_family=AF_INET, sin_port=htons(58668), sin_addr=inet_addr("127.0.0.1")}, [16]) = 13
4380  14:16:18.277520 time(NULL)        = 1495649778
4380  14:16:18.277562 clone(child_stack=0, flags=CLONE_CHILD_CLEARTID|CLONE_CHILD_SETTID|SIGCHLD, child_tidptr=0xb7dd26f8) = 18684
18684 14:16:18.277715 rt_sigaction(SIGPIPE, {SIG_DFL}, {SIG_IGN}, 8) = 0
18684 14:16:18.277731 rt_sigaction(SIGTSTP, {SIG_DFL}, {SIG_IGN}, 8) = 0
18684 14:16:18.277743 rt_sigaction(SIGTTIN, {SIG_DFL}, {SIG_IGN}, 8) = 0
18684 14:16:18.277755 rt_sigaction(SIGTTOU, {SIG_DFL}, {SIG_IGN}, 8) = 0
18684 14:16:18.277770 rt_sigprocmask(SIG_SETMASK, [], NULL, 8) = 0
18684 14:16:18.277783 close(3)          = 0
18684 14:16:18.277793 close(4)          = 0
18684 14:16:18.277803 open("/dev/null", O_RDONLY) = 3
18684 14:16:18.277820 dup2(3, 0)        = 0
18684 14:16:18.277830 dup2(3, 1)        = 1
18684 14:16:18.277839 dup2(3, 2)        = 2
18684 14:16:18.277848 close(3)          = 0
18684 14:16:18.277860 setgid32(0)       = 0
18684 14:16:18.277873 setgroups32(0, []) = 0
18684 14:16:18.277884 setuid32(0)       = 0
18684 14:16:18.277896 getpriority(PRIO_PROCESS, 0) = 20
18684 14:16:18.277906 setpriority(PRIO_PROCESS, 0, 10) = 0
18684 14:16:18.277915 getpriority(PRIO_PROCESS, 0) = 10
18684 14:16:18.277952 getpeername(13, {sa_family=AF_INET, sin_port=htons(58668), sin_addr=inet_addr("127.0.0.1")}, [16]) = 0
18684 14:16:18.277975 getsockname(13, {sa_family=AF_INET, sin_port=htons(21), sin_addr=inet_addr("127.0.0.1")}, [16]) = 0
18684 14:16:18.278003 open("/etc/hosts.allow", O_RDONLY) = 3
18684 14:16:18.278022 fstat64(3, {st_mode=S_IFREG|0644, st_size=588, ...}) = 0
18684 14:16:18.278042 mmap2(NULL, 4096, PROT_READ|PROT_WRITE, MAP_PRIVATE|MAP_ANONYMOUS, -1, 0) = 0xb7fa1000
18684 14:16:18.278056 read(3, "# /etc/hosts.allow: list of hosts that are allowed to access the system.\n#                   See the manual pages hosts_access(5) and hosts_options(5).\n#\n# Example:    ALL: LOCAL @some_netgroup\n#             ALL: .foobar.edu EXCEPT terminalserver.foobar.edu\n#\n# If you\'re going to protect the portmapper use the name \"portmap\" for the\n# daemon name. Remember that you can only use the keyword \"ALL\" and IP\n# addresses (NOT host or domain names) for the portmapper, as well as for\n# rpc.mountd (the NFS mount daemon). See portmap(8) and rpc.mountd(8)\n# for further information.\n#\n\nALL:ALL\n", 4096) = 588
18684 14:16:18.278168 close(3)          = 0
18684 14:16:18.278181 munmap(0xb7fa1000, 4096) = 0
18684 14:16:18.278209 fcntl64(13, F_SETFD, 0) = 0
18684 14:16:18.278223 close(7)          = 0
18684 14:16:18.278233 dup2(13, 0)       = 0
18684 14:16:18.278243 dup2(13, 1)       = 1
18684 14:16:18.278252 dup2(13, 2)       = 2
18684 14:16:18.278262 setrlimit(RLIMIT_NOFILE, {rlim_cur=1024, rlim_max=1024}) = 0
18684 14:16:18.278274 close(13)         = 0
18684 14:16:18.278283 setsid()          = 18684
18684 14:16:18.278294 execve("/usr/sbin/vsftpd", ["vsftpd"], [/* 15 vars */]) = 0
18684 14:16:18.278372 brk(0)            = 0x8064000
18684 14:16:18.278392 access("/etc/ld.so.nohwcap", F_OK) = -1 ENOENT (No such file or directory)
18684 14:16:18.278409 mmap2(NULL, 8192, PROT_READ|PROT_WRITE, MAP_PRIVATE|MAP_ANONYMOUS, -1, 0) = 0xb7fb5000
18684 14:16:18.278431 access("/etc/ld.so.preload", R_OK) = -1 ENOENT (No such file or directory)
18684 14:16:18.278448 open("/etc/ld.so.cache", O_RDONLY) = 3
18684 14:16:18.278460 fstat64(3, {st_mode=S_IFREG|0644, st_size=29913, ...}) = 0
18684 14:16:18.278478 mmap2(NULL, 29913, PROT_READ, MAP_PRIVATE, 3, 0) = 0xb7fad000
18684 14:16:18.278488 close(3)          = 0
18684 14:16:18.278499 access("/etc/ld.so.nohwcap", F_OK) = -1 ENOENT (No such file or directory)
18684 14:16:18.278514 open("/lib/libpam.so.0", O_RDONLY) = 3
18684 14:16:18.278528 read(3, "\177ELF\1\1\1\0\0\0\0\0\0\0\0\0\3\0\3\0\1\0\0\0\320\30\0\0004\0\0\0\f\220\0\0\0\0\0\0004\0 \0\4\0(\0\33\0\32\0\1\0\0\0\0\0\0\0\0\0\0\0\0\0\0\0t\214\0\0t\214\0\0\5\0\0\0\0\20\0\0\1\0\0\0t\214\0\0t\234\0\0t\234\0\0\250\2\0\0\254\2\0\0\6\0\0\0\0\20\0\0\2\0\0\0D\215\0\0D\235\0\0D\235\0\0\350\0\0\0\350\0\0\0\6\0\0\0\4\0\0\0Q\345td\0\0\0\0\0\0\0\0\0\0\0\0\0\0\0\0\0\0\0\0\6\0\0\0\4\0\0\0\254\0\0\0X\0\0\0D\0\0\0\0\0\0\0G\0\0\0\7\0\0\0*\0\0\0\v\0\0\0\36\0\0\0\0\0\0\0K\0\0\0L\0\0\0\34\0\0\0\0\0\0\0\0\0\0\0V\0\0\0\0\0\0\0\0\0\0\0\21\0\0\0\33\0\0\0\0\0\0\0\0\0\0\0\0\0\0\0>\0\0\0O\0\0\0\0\0\0\0\0\0\0\0\0\0\0\0\2\0\0\0\0\0\0\0\0\0\0\0P\0\0\0R\0\0\0\0\0\0\0A\0\0\0?\0\0\0\0\0\0\0\0\0\0\0;\0\0\0\r\0\0\0\0\0\0\0\0\0\0\0\0\0\0\0006\0\0\0(\0\0\0\0\0\0\0.\0\0\0\16\0\0\0,\0\0\0\0\0\0\0!\0\0\0\30\0\0\0\0\0\0\0\0\0\0\0\0\0\0\0\0\0\0\0\0\0\0\0\31\0\0\0\0\0\0\0<\0\0\0W\0\0\0+\0\0\0M\0\0\0\0\0\0\0\0\0\0\0&\0\0\0\0\0\0\0N\0\0\0\0\0\0\0\0\0\0\0\27\0\0\0\0\0\0\0\0\0\0\0\0\0\0\0001\0\0\0%\0\0\0\35\0\0\0\0\0\0\0/\0\0\0\0\0\0\0\0\0\0\0\0\0\0\0B\0\0\0", 512) = 512
18684 14:16:18.278652 fstat64(3, {st_mode=S_IFREG|0644, st_size=37956, ...}) = 0
18684 14:16:18.278670 mmap2(NULL, 40736, PROT_READ|PROT_EXEC, MAP_PRIVATE|MAP_DENYWRITE, 3, 0) = 0xb7fa3000
18684 14:16:18.278683 mmap2(0xb7fac000, 4096, PROT_READ|PROT_WRITE, MAP_PRIVATE|MAP_FIXED|MAP_DENYWRITE, 3, 0x8) = 0xb7fac000
18684 14:16:18.278699 close(3)          = 0
18684 14:16:18.278711 access("/etc/ld.so.nohwcap", F_OK) = -1 ENOENT (No such file or directory)
18684 14:16:18.278725 open("/lib/tls/i686/cmov/libdl.so.2", O_RDONLY) = 3
18684 14:16:18.278740 read(3, "\177ELF\1\1\1\0\0\0\0\0\0\0\0\0\3\0\3\0\1\0\0\0p\n\0\0004\0\0\0L!\0\0\0\0\0\0004\0 \0\10\0(\0\35\0\34\0\6\0\0\0004\0\0\0004\0\0\0004\0\0\0\0\1\0\0\0\1\0\0\5\0\0\0\4\0\0\0\3\0\0\0003\33\0\0003\33\0\0003\33\0\0\23\0\0\0\23\0\0\0\4\0\0\0\1\0\0\0\1\0\0\0\0\0\0\0\0\0\0\0\0\0\0\0\374\34\0\0\374\34\0\0\5\0\0\0\0\20\0\0\1\0\0\0\264\36\0\0\264.\0\0\264.\0\0\230\1\0\0\310\1\0\0\6\0\0\0\0\20\0\0\2\0\0\0\320\36\0\0\320.\0\0\320.\0\0\370\0\0\0\370\0\0\0\6\0\0\0\4\0\0\0\4\0\0\0004\1\0\0004\1\0\0004\1\0\0 \0\0\0 \0\0\0\4\0\0\0\4\0\0\0Q\345td\0\0\0\0\0\0\0\0\0\0\0\0\0\0\0\0\0\0\0\0\6\0\0\0\4\0\0\0R\345td\264\36\0\0\264.\0\0\264.\0\0@\1\0\0@\1\0\0\4\0\0\0\1\0\0\0\4\0\0\0\20\0\0\0\1\0\0\0GNU\0\0\0\0\0\2\0\0\0\6\0\0\0\10\0\0\0\26\0\0\0\31\0\0\0\4\0\0\0\7\0\0\0\230\0\21\0\0B\0\0\202\0`\10\223(\10\336\31\0\0\0\0\0\0\0\0\0\0\0\0\0\0\0\32\0\0\0\0\0\0\0\33\0\0\0\34\0\0\0\0\0\0\0\36\0\0\0\0\0\0\0\0\0\0\0\37\0\0\0!\0\0\0\"\0\0\0\0\0\0\0\0\0\0\0#\0\0\0%\0\0\0&\0\0\0\0\0\0\0(\0\0\0\221!\374\370\225\263_\31\5\350\7\371\6\2\4\371\7\2\4\371\301S\200\30\256\304M\17a\242\222\6\325=l\366\327=l\366\370\31sB\353\26\251\30\373\31sB", 512) = 512
18684 14:16:18.278828 fstat64(3, {st_mode=S_IFREG|0644, st_size=9684, ...}) = 0
18684 14:16:18.278845 mmap2(NULL, 12412, PROT_READ|PROT_EXEC, MAP_PRIVATE|MAP_DENYWRITE, 3, 0) = 0xb7f9f000
18684 14:16:18.278857 mmap2(0xb7fa1000, 8192, PROT_READ|PROT_WRITE, MAP_PRIVATE|MAP_FIXED|MAP_DENYWRITE, 3, 0x1) = 0xb7fa1000
18684 14:16:18.278874 close(3)          = 0
18684 14:16:18.278885 access("/etc/ld.so.nohwcap", F_OK) = -1 ENOENT (No such file or directory)
18684 14:16:18.278899 open("/lib/tls/i686/cmov/libnsl.so.1", O_RDONLY) = 3
18684 14:16:18.278913 read(3, "\177ELF\1\1\1\0\0\0\0\0\0\0\0\0\3\0\3\0\1\0\0\00001\0\0004\0\0\0\234B\1\0\0\0\0\0004\0 \0\10\0(\0\34\0\33\0\6\0\0\0004\0\0\0004\0\0\0004\0\0\0\0\1\0\0\0\1\0\0\5\0\0\0\4\0\0\0\3\0\0\0\340,\1\0\340,\1\0\340,\1\0\23\0\0\0\23\0\0\0\4\0\0\0\1\0\0\0\1\0\0\0\0\0\0\0\0\0\0\0\0\0\0\0\3407\1\0\3407\1\0\5\0\0\0\0\20\0\0\1\0\0\0\300>\1\0\300N\1\0\300N\1\0\350\2\0\0()\0\0\6\0\0\0\0\20\0\0\2\0\0\0\324>\1\0\324N\1\0\324N\1\0\340\0\0\0\340\0\0\0\6\0\0\0\4\0\0\0\4\0\0\0004\1\0\0004\1\0\0004\1\0\0 \0\0\0 \0\0\0\4\0\0\0\4\0\0\0Q\345td\0\0\0\0\0\0\0\0\0\0\0\0\0\0\0\0\0\0\0\0\6\0\0\0\4\0\0\0R\345td\300>\1\0\300N\1\0\300N\1\0004\1\0\0004\1\0\0\4\0\0\0\1\0\0\0\4\0\0\0\20\0\0\0\1\0\0\0GNU\0\0\0\0\0\2\0\0\0\6\0\0\0\10\0\0\0\374\0\0\0q\0\0\0 \0\0\0\n\0\0\0\1\1$\232 \'Q\0@ \0\0\f\1\1\n\1\n\0\0\240:X\0@\1\16$\10\4\200\n`\260\23 @\24\21\20@\3442\324\4H\346\0\1`\3@\260\272\2019\30\235\340\0\0\332\200\0044\2\201J\20{\203+\200\22 d\21\1\0\2\200\306 d`A\n\4\4\4\v\4PD@\200\20\0\22 \4\340@\1\32 \4\2\20\10\0\0\204\260\200\0\340\23\0\212$\0\206\210\0\2`@q\0\0\0\0\0\0\0\0\0\0\0r\0\0\0\0\0\0\0t\0\0\0\0\0\0\0", 512) = 512
18684 14:16:18.279001 fstat64(3, {st_mode=S_IFREG|0644, st_size=83708, ...}) = 0
18684 14:16:18.279018 mmap2(NULL, 4096, PROT_READ|PROT_WRITE, MAP_PRIVATE|MAP_ANONYMOUS, -1, 0) = 0xb7f9e000
18684 14:16:18.279031 mmap2(NULL, 96232, PROT_READ|PROT_EXEC, MAP_PRIVATE|MAP_DENYWRITE, 3, 0) = 0xb7f86000
18684 14:16:18.279042 mmap2(0xb7f9a000, 8192, PROT_READ|PROT_WRITE, MAP_PRIVATE|MAP_FIXED|MAP_DENYWRITE, 3, 0x13) = 0xb7f9a000
18684 14:16:18.279058 mmap2(0xb7f9c000, 6120, PROT_READ|PROT_WRITE, MAP_PRIVATE|MAP_FIXED|MAP_ANONYMOUS, -1, 0) = 0xb7f9c000
18684 14:16:18.279073 close(3)          = 0
18684 14:16:18.279077 access("/etc/ld.so.nohwcap", F_OK) = -1 ENOENT (No such file or directory)
18684 14:16:18.279077 open("/lib/tls/i686/cmov/libresolv.so.2", O_RDONLY) = 3
18684 14:16:18.279078 read(3, "\177ELF\1\1\1\0\0\0\0\0\0\0\0\0\3\0\3\0\1\0\0\0@!\0\0004\0\0\0\310\2\1\0\0\0\0\0004\0 \0\10\0(\0\35\0\34\0\6\0\0\0004\0\0\0004\0\0\0004\0\0\0\0\1\0\0\0\1\0\0\5\0\0\0\4\0\0\0\3\0\0\0\264\346\0\0\264\346\0\0\264\346\0\0\23\0\0\0\23\0\0\0\4\0\0\0\1\0\0\0\1\0\0\0\0\0\0\0\0\0\0\0\0\0\0\0H\355\0\0H\355\0\0\5\0\0\0\0\20\0\0\1\0\0\0h\372\0\0h\372\0\0h\372\0\0X\7\0\0\\.\0\0\6\0\0\0\0\20\0\0\2\0\0\0\0\377\0\0\0\377\0\0\0\377\0\0\340\0\0\0\340\0\0\0\6\0\0\0\4\0\0\0\4\0\0\0004\1\0\0004\1\0\0004\1\0\0 \0\0\0 \0\0\0\4\0\0\0\4\0\0\0Q\345td\0\0\0\0\0\0\0\0\0\0\0\0\0\0\0\0\0\0\0\0\6\0\0\0\4\0\0\0R\345tdh\372\0\0h\372\0\0h\372\0\0\214\5\0\0\214\5\0\0\4\0\0\0\1\0\0\0\4\0\0\0\20\0\0\0\1\0\0\0GNU\0\0\0\0\0\2\0\0\0\6\0\0\0\10\0\0\0\235\0\0\0;\0\0\0\20\0\0\0\t\0\0\0\244RH\260<\23\340\6\200\4\24\227\221\3\366\225\2@\20\0B\201\205A\20\6\30@A\20U\205\0B\0@\220\204\10\n\0J\0\25\4\21\200\2$\210\4\4P\220\0\2\"]\260D\4\221\t\31;\0\0\0\0\0\0\0\0\0\0\0<\0\0\0>\0\0\0?\0\0\0\0\0\0\0\0\0\0\0\0\0\0\0\0\0\0\0\0\0\0\0\0\0\0\0\0\0\0\0@\0\0\0B\0\0\0C\0\0\0D\0\0\0\0\0\0\0E\0\0\0F\0\0\0\0\0\0\0H\0\0\0\0\0\0\0", 512) = 512
18684 14:16:18.279078 fstat64(3, {st_mode=S_IFREG|0644, st_size=67408, ...}) = 0
18684 14:16:18.279078 mmap2(NULL, 75972, PROT_READ|PROT_EXEC, MAP_PRIVATE|MAP_DENYWRITE, 3, 0) = 0xb7f73000
18684 14:16:18.279078 mmap2(0xb7f82000, 8192, PROT_READ|PROT_WRITE, MAP_PRIVATE|MAP_FIXED|MAP_DENYWRITE, 3, 0xf) = 0xb7f82000
18684 14:16:18.279078 mmap2(0xb7f84000, 6340, PROT_READ|PROT_WRITE, MAP_PRIVATE|MAP_FIXED|MAP_ANONYMOUS, -1, 0) = 0xb7f84000
18684 14:16:18.279079 close(3)          = 0
18684 14:16:18.279079 access("/etc/ld.so.nohwcap", F_OK) = -1 ENOENT (No such file or directory)
18684 14:16:18.279079 open("/lib/tls/i686/cmov/libutil.so.1", O_RDONLY) = 3
18684 14:16:18.279079 read(3, "\177ELF\1\1\1\0\0\0\0\0\0\0\0\0\3\0\3\0\1\0\0\0@\n\0\0004\0\0\0\200!\0\0\0\0\0\0004\0 \0\10\0(\0\34\0\33\0\6\0\0\0004\0\0\0004\0\0\0004\0\0\0\0\1\0\0\0\1\0\0\5\0\0\0\4\0\0\0\3\0\0\0R\23\0\0R\23\0\0R\23\0\0\23\0\0\0\23\0\0\0\4\0\0\0\1\0\0\0\1\0\0\0\0\0\0\0\0\0\0\0\0\0\0\0`\25\0\0`\25\0\0\5\0\0\0\0\20\0\0\1\0\0\0\364\36\0\0\364.\0\0\364.\0\0\230\1\0\0\234\1\0\0\6\0\0\0\0\20\0\0\2\0\0\0\10\37\0\0\10/\0\0\10/\0\0\340\0\0\0\340\0\0\0\6\0\0\0\4\0\0\0\4\0\0\0004\1\0\0004\1\0\0004\1\0\0 \0\0\0 \0\0\0\4\0\0\0\4\0\0\0Q\345td\0\0\0\0\0\0\0\0\0\0\0\0\0\0\0\0\0\0\0\0\6\0\0\0\4\0\0\0R\345td\364\36\0\0\364.\0\0\364.\0\0\0\1\0\0\0\1\0\0\4\0\0\0\1\0\0\0\4\0\0\0\20\0\0\0\1\0\0\0GNU\0\0\0\0\0\2\0\0\0\6\0\0\0\10\0\0\0\r\0\0\0#\0\0\0\2\0\0\0\6\0\0\0\0\240\344\300\204\200\20@\0\0\0\0\0\0\0\0#\0\0\0\0\0\0\0\0\0\0\0$\0\0\0&\0\0\0\'\0\0\0(\0\0\0\0\0\0\0\0\0\0\0\0\0\0\0)\0\0\0\217\365\310\207\364\361\253\272_+\337\v\325=l\366\237<\300|\365\243\343p\277\370\337\17\0\0\0\0\0\0\0\0\0\0\0\0\0\0\0\0S\0\0\0\0\0\0\0\35\0\0\0\22\0\0\0/\1\0\0\0\0\0\0z\0\0\0\22\0\0\0\226\0\0\0\0\0\0\0*\0\0\0\22\0\0\0v\0\0\0", 512) = 512
18684 14:16:18.279153 fstat64(3, {st_mode=S_IFREG|0644, st_size=9696, ...}) = 0
18684 14:16:18.279195 mmap2(NULL, 12432, PROT_READ|PROT_EXEC, MAP_PRIVATE|MAP_DENYWRITE, 3, 0) = 0xb7f6f000
18684 14:16:18.279209 mmap2(0xb7f71000, 8192, PROT_READ|PROT_WRITE, MAP_PRIVATE|MAP_FIXED|MAP_DENYWRITE, 3, 0x1) = 0xb7f71000
18684 14:16:18.279236 close(3)          = 0
18684 14:16:18.279249 access("/etc/ld.so.nohwcap", F_OK) = -1 ENOENT (No such file or directory)
18684 14:16:18.279262 open("/lib/libcap.so.1", O_RDONLY) = 3
18684 14:16:18.279276 read(3, "\177ELF\1\1\1\0\0\0\0\0\0\0\0\0\3\0\3\0\1\0\0\0\220\t\0\0004\0\0\0d$\0\0\0\0\0\0004\0 \0\4\0(\0\31\0\30\0\1\0\0\0\0\0\0\0\0\0\0\0\0\0\0\0\250!\0\0\250!\0\0\5\0\0\0\0\20\0\0\1\0\0\0\250!\0\0\2501\0\0\2501\0\0\354\1\0\0L\4\0\0\6\0\0\0\0\20\0\0\2\0\0\0\274!\0\0\2741\0\0\2741\0\0\320\0\0\0\320\0\0\0\6\0\0\0\4\0\0\0Q\345td\0\0\0\0\0\0\0\0\0\0\0\0\0\0\0\0\0\0\0\0\6\0\0\0\4\0\0\0\21\0\0\0$\0\0\0\1\0\0\0\r\0\0\0\0\0\0\0\10\0\0\0\v\0\0\0\0\0\0\0\f\0\0\0\33\0\0\0\"\0\0\0\17\0\0\0\21\0\0\0\20\0\0\0\t\0\0\0\23\0\0\0\22\0\0\0\25\0\0\0\5\0\0\0\0\0\0\0\0\0\0\0\0\0\0\0\0\0\0\0\0\0\0\0\0\0\0\0\0\0\0\0\0\0\0\0\34\0\0\0\6\0\0\0\2\0\0\0\0\0\0\0\37\0\0\0\27\0\0\0\0\0\0\0\24\0\0\0\26\0\0\0\n\0\0\0\0\0\0\0\0\0\0\0#\0\0\0\36\0\0\0\35\0\0\0!\0\0\0\3\0\0\0\30\0\0\0\0\0\0\0\0\0\0\0\4\0\0\0\32\0\0\0\31\0\0\0\7\0\0\0\16\0\0\0\0\0\0\0 \0\0\0\0\0\0\0\21\0\0\0\16\0\0\0\4\0\0\0\7\0\0\0\10\33\260\200\210\32\1\t\10\204\10\243\246\4\22$\0\0\0\0\16\0\0\0\17\0\0\0\20\0\0\0\23\0\0\0\24\0\0\0\25\0\0\0\26\0\0\0\30\0\0\0\34\0\0\0\35\0\0\0\36\0\0\0\0\0\0\0 \0\0\0\0\0\0\0!\0\0\0#\0\0\0\353\323\357\16\271\215\361\16\330qX\34", 512) = 512
18684 14:16:18.279364 fstat64(3, {st_mode=S_IFREG|0644, st_size=10316, ...}) = 0
18684 14:16:18.279381 mmap2(NULL, 13812, PROT_READ|PROT_EXEC, MAP_PRIVATE|MAP_DENYWRITE, 3, 0) = 0xb7f6b000
18684 14:16:18.279393 mmap2(0xb7f6e000, 4096, PROT_READ|PROT_WRITE, MAP_PRIVATE|MAP_FIXED|MAP_DENYWRITE, 3, 0x2) = 0xb7f6e000
18684 14:16:18.279407 close(3)          = 0
18684 14:16:18.279419 access("/etc/ld.so.nohwcap", F_OK) = -1 ENOENT (No such file or directory)
18684 14:16:18.279432 open("/lib/tls/i686/cmov/libc.so.6", O_RDONLY) = 3
18684 14:16:18.279446 read(3, "\177ELF\1\1\1\0\0\0\0\0\0\0\0\0\3\0\3\0\1\0\0\0\260e\1\0004\0\0\0\4\307\24\0\0\0\0\0004\0 \0\n\0(\0D\0C\0\6\0\0\0004\0\0\0004\0\0\0004\0\0\0@\1\0\0@\1\0\0\5\0\0\0\4\0\0\0\3\0\0\0\2200\23\0\2200\23\0\2200\23\0\23\0\0\0\23\0\0\0\4\0\0\0\1\0\0\0\1\0\0\0\0\0\0\0\0\0\0\0\0\0\0\0(\215\24\0(\215\24\0\5\0\0\0\0\20\0\0\1\0\0\0\354\221\24\0\354\221\24\0\354\221\24\0\260\'\0\0\204T\0\0\6\0\0\0\0\20\0\0\2\0\0\0\234\255\24\0\234\255\24\0\234\255\24\0\360\0\0\0\360\0\0\0\6\0\0\0\4\0\0\0\4\0\0\0t\1\0\0t\1\0\0t\1\0\0 \0\0\0 \0\0\0\4\0\0\0\4\0\0\0\7\0\0\0\354\221\24\0\354\221\24\0\354\221\24\0\10\0\0\0,\0\0\0\4\0\0\0\4\0\0\0P\345td\2440\23\0\2440\23\0\2440\23\0\354+\0\0\354+\0\0\4\0\0\0\4\0\0\0Q\345td\0\0\0\0\0\0\0\0\0\0\0\0\0\0\0\0\0\0\0\0\6\0\0\0\4\0\0\0R\345td\354\221\24\0\354\221\24\0\354\221\24\0\10\36\0\0\10\36\0\0\4\0\0\0\1\0\0\0\4\0\0\0\20\0\0\0\1\0\0\0GNU\0\0\0\0\0\2\0\0\0\6\0\0\0\10\0\0\0\363\3\0\0\n\0\0\0\0\2\0\0\16\0\0\0\2400\20D\200 \2\1\214\3\346\220AE\210\0\204\0\10\0A\200\0@\300\200\0\f\2\f\0\0010\0\10@\"\10\246\4\210H6l\240\0260\0&\204\200\216\4\10B$\2\f\246\244\32\6c\310\0\302 \1\300\0R\0!\201\10\4\n  \250\24\0\24(`\0\0P\240\312DB", 512) = 512
18684 14:16:18.279532 fstat64(3, {st_mode=S_IFREG|0755, st_size=1364388, ...}) = 0
18684 14:16:18.279551 mmap2(NULL, 1369712, PROT_READ|PROT_EXEC, MAP_PRIVATE|MAP_DENYWRITE, 3, 0) = 0xb7e1c000
18684 14:16:18.279563 mmap2(0xb7f65000, 12288, PROT_READ|PROT_WRITE, MAP_PRIVATE|MAP_FIXED|MAP_DENYWRITE, 3, 0x149) = 0xb7f65000
18684 14:16:18.279582 mmap2(0xb7f68000, 9840, PROT_READ|PROT_WRITE, MAP_PRIVATE|MAP_FIXED|MAP_ANONYMOUS, -1, 0) = 0xb7f68000
18684 14:16:18.279597 close(3)          = 0
18684 14:16:18.279619 mmap2(NULL, 4096, PROT_READ|PROT_WRITE, MAP_PRIVATE|MAP_ANONYMOUS, -1, 0) = 0xb7e1b000
18684 14:16:18.279637 mmap2(NULL, 4096, PROT_READ|PROT_WRITE, MAP_PRIVATE|MAP_ANONYMOUS, -1, 0) = 0xb7e1a000
18684 14:16:18.279648 set_thread_area({entry_number:-1 -> 6, base_addr:0xb7e1a6b0, limit:1048575, seg_32bit:1, contents:0, read_exec_only:0, limit_in_pages:1, seg_not_present:0, useable:1}) = 0
18684 14:16:18.279837 mprotect(0xb7f65000, 4096, PROT_READ) = 0
18684 14:16:18.279871 munmap(0xb7fad000, 29913) = 0
18684 14:16:18.279931 brk(0)            = 0x8064000
18684 14:16:18.279941 brk(0x8085000)    = 0x8085000
18684 14:16:18.279957 stat64("/etc/vsftpd.conf", {st_mode=S_IFREG|0644, st_size=4430, ...}) = 0
18684 14:16:18.279981 open("/etc/vsftpd.conf", O_RDONLY|O_NONBLOCK|O_LARGEFILE) = 3
18684 14:16:18.279996 fstat64(3, {st_mode=S_IFREG|0644, st_size=4430, ...}) = 0
18684 14:16:18.280016 mmap2(NULL, 16384, PROT_READ|PROT_WRITE, MAP_PRIVATE|MAP_ANONYMOUS, -1, 0) = 0xb7fb1000
18684 14:16:18.280028 mprotect(0xb7fb4000, 4096, PROT_NONE) = 0
18684 14:16:18.280039 mprotect(0xb7fb1000, 4096, PROT_NONE) = 0
