17340 14:02:49.099226 open("/etc/passwd", O_RDONLY|0x80000 /* O_??? */) = 5
17340 14:02:49.099242 _llseek(5, 0, [0], SEEK_CUR) = 0
17340 14:02:49.099254 fstat64(5, {st_mode=S_IFREG|0644, st_size=1624, ...}) = 0
17340 14:02:49.099270 mmap2(NULL, 1624, PROT_READ, MAP_SHARED, 5, 0) = 0xb7fb6000
17340 14:02:49.099282 _llseek(5, 1624, [1624], SEEK_SET) = 0
17340 14:02:49.099302 munmap(0xb7fb6000, 1624) = 0
17340 14:02:49.099312 close(5)          = 0
17340 14:02:49.099339 open("/etc/shadow", O_RDONLY|0x80000 /* O_??? */) = 5
17340 14:02:49.099355 _llseek(5, 0, [0], SEEK_CUR) = 0
17340 14:02:49.099356 fstat64(5, {st_mode=S_IFREG|0640, st_size=1233, ...}) = 0
17340 14:02:49.099356 mmap2(NULL, 1233, PROT_READ, MAP_SHARED, 5, 0) = 0xb7fb6000
17340 14:02:49.099356 _llseek(5, 1233, [1233], SEEK_SET) = 0
17340 14:02:49.099356 munmap(0xb7fb6000, 1233) = 0
17340 14:02:49.099356 close(5)          = 0
17340 14:02:49.099357 open("/etc/passwd", O_RDONLY|0x80000 /* O_??? */) = 5
17340 14:02:49.099357 _llseek(5, 0, [0], SEEK_CUR) = 0
17340 14:02:49.099357 fstat64(5, {st_mode=S_IFREG|0644, st_size=1624, ...}) = 0
17340 14:02:49.099357 mmap2(NULL, 1624, PROT_READ, MAP_SHARED, 5, 0) = 0xb7fb6000
17340 14:02:49.099358 _llseek(5, 1624, [1624], SEEK_SET) = 0
17340 14:02:49.099358 munmap(0xb7fb6000, 1624) = 0
17340 14:02:49.099358 close(5)          = 0
17340 14:02:49.099358 open("/etc/shadow", O_RDONLY|0x80000 /* O_??? */) = 5
17340 14:02:49.099358 _llseek(5, 0, [0], SEEK_CUR) = 0
17340 14:02:49.099359 fstat64(5, {st_mode=S_IFREG|0640, st_size=1233, ...}) = 0
17340 14:02:49.099359 mmap2(NULL, 1233, PROT_READ, MAP_SHARED, 5, 0) = 0xb7fb6000
17340 14:02:49.099359 _llseek(5, 1233, [1233], SEEK_SET) = 0
17340 14:02:49.099359 munmap(0xb7fb6000, 1233) = 0
17340 14:02:49.099370 close(5)          = 0
17340 14:02:49.099639 getuid32()        = 0
17340 14:02:49.099652 open("/etc/passwd", O_RDONLY|0x80000 /* O_??? */) = 5
17340 14:02:49.099665 _llseek(5, 0, [0], SEEK_CUR) = 0
17340 14:02:49.099675 fstat64(5, {st_mode=S_IFREG|0644, st_size=1624, ...}) = 0
17340 14:02:49.099691 mmap2(NULL, 1624, PROT_READ, MAP_SHARED, 5, 0) = 0xb7fb6000
17340 14:02:49.099702 _llseek(5, 1624, [1624], SEEK_SET) = 0
17340 14:02:49.099718 munmap(0xb7fb6000, 1624) = 0
17340 14:02:49.099727 close(5)          = 0
17340 14:02:49.099740 open("/etc/shadow", O_RDONLY|0x80000 /* O_??? */) = 5
17340 14:02:49.099753 _llseek(5, 0, [0], SEEK_CUR) = 0
17340 14:02:49.099763 fstat64(5, {st_mode=S_IFREG|0640, st_size=1233, ...}) = 0
17340 14:02:49.099779 mmap2(NULL, 1233, PROT_READ, MAP_SHARED, 5, 0) = 0xb7fb6000
17340 14:02:49.099789 _llseek(5, 1233, [1233], SEEK_SET) = 0
17340 14:02:49.099806 munmap(0xb7fb6000, 1233) = 0
17340 14:02:49.099815 close(5)          = 0
17340 14:02:49.099826 time(NULL)        = 1495648969
17340 14:02:49.099846 munmap(0xb7fb3000, 12164) = 0
17340 14:02:49.099860 munmap(0xb7fb1000, 7136) = 0
17340 14:02:49.099874 munmap(0xb7de6000, 95428) = 0
17340 14:02:49.099906 munmap(0xb7dac000, 201052) = 0
17340 14:02:49.099921 munmap(0xb7d93000, 101180) = 0
17340 14:02:49.099939 gettimeofday({1495648969, 99943}, NULL) = 0
17340 14:02:49.099952 stat64("/usr/share/zoneinfo/UTC+04:00", 0xbff4c0b4) = -1 ENOENT (No such file or directory)
17340 14:02:49.099977 open("/usr/share/zoneinfo/UTC+04:00", O_RDONLY) = -1 ENOENT (No such file or directory)
17340 14:02:49.100006 fcntl64(3, F_SETLKW64, {type=F_WRLCK, whence=SEEK_SET, start=0, len=0}, 0xbff4c204) = 0
17340 14:02:49.100023 write(3, "Wed May 24 14:02:49 2017 [pid 17340] [msfadmin] OK LOGIN: Client \"127.0.0.1\"\n", 77) = 77
17340 14:02:49.100041 fcntl64(3, F_SETLK64, {type=F_UNLCK, whence=SEEK_SET, start=0, len=0}, 0xbff4c20c) = 0
17340 14:02:49.100054 rt_sigaction(SIGCHLD, {0x805cad0, ~[RTMIN RT_1], 0}, NULL, 8) = 0
17340 14:02:49.100069 write(4, "\1", 1 <unfinished ...>
17341 14:02:49.100080 <... read resumed> "\1", 1) = 1
17340 14:02:49.100086 <... write resumed> ) = 1
17341 14:02:49.100094 exit_group(0)     = ?
17340 14:02:49.100135 --- SIGCHLD (Child exited) @ 0 (0) ---
17340 14:02:49.100143 sigreturn()       = ? (mask now [])
17340 14:02:49.100162 wait4(-1, [{WIFEXITED(s) && WEXITSTATUS(s) == 0}], 0, NULL) = 17341
17340 14:02:49.100175 close(4)          = 0
17340 14:02:49.100187 socketpair(PF_FILE, SOCK_STREAM, 0, [4, 5]) = 0
17340 14:02:49.100201 rt_sigaction(SIGCHLD, {0x805cad0, ~[RTMIN RT_1], 0}, NULL, 8) = 0
17340 14:02:49.100215 rt_sigaction(SIGALRM, {0x805cb10, ~[RTMIN RT_1], 0}, NULL, 8) = 0
17340 14:02:49.100229 clone(child_stack=0, flags=CLONE_CHILD_CLEARTID|CLONE_CHILD_SETTID|SIGCHLD, child_tidptr=0xb7e1c6f8) = 17342
17342 14:02:49.100295 prctl(0x1, 0x9, 0, 0, 0) = 0
17342 14:02:49.100309 close(4)          = 0
17342 14:02:49.100338 open("/etc/passwd", O_RDONLY|0x80000 /* O_??? */) = 4
17342 14:02:49.100355 _llseek(4, 0, [0], SEEK_CUR) = 0
17342 14:02:49.100372 fstat64(4, {st_mode=S_IFREG|0644, st_size=1624, ...}) = 0
17342 14:02:49.101041 mmap2(NULL, 1624, PROT_READ, MAP_SHARED, 4, 0) = 0xb7fb6000
17342 14:02:49.101146 _llseek(4, 1624, [1624], SEEK_SET) = 0
17342 14:02:49.101212 munmap(0xb7fb6000, 1624) = 0
17342 14:02:49.101245 close(4)          = 0
17342 14:02:49.101272 getuid32()        = 0
17342 14:02:49.101293 open("/etc/passwd", O_RDONLY|0x80000 /* O_??? */) = 4
17342 14:02:49.101309 _llseek(4, 0, [0], SEEK_CUR) = 0
17342 14:02:49.101320 fstat64(4, {st_mode=S_IFREG|0644, st_size=1624, ...}) = 0
17342 14:02:49.101337 mmap2(NULL, 1624, PROT_READ, MAP_SHARED, 4, 0) = 0xb7fb6000
17342 14:02:49.101348 _llseek(4, 1624, [1624], SEEK_SET) = 0
17342 14:02:49.101364 munmap(0xb7fb6000, 1624) = 0
17342 14:02:49.101373 close(4)          = 0
17342 14:02:49.101401 open("/proc/sys/kernel/ngroups_max", O_RDONLY) = 4
17342 14:02:49.101422 read(4, "65536\n", 31) = 6
17342 14:02:49.101435 close(4)          = 0
17342 14:02:49.101449 socket(PF_FILE, SOCK_STREAM, 0) = 4
17342 14:02:49.101462 fcntl64(4, F_SETFL, O_RDWR|O_NONBLOCK) = 0
17342 14:02:49.101473 connect(4, {sa_family=AF_FILE, path="/var/run/nscd/socket"}, 110) = -1 ENOENT (No such file or directory)
17342 14:02:49.101496 close(4)          = 0
17342 14:02:49.101508 socket(PF_FILE, SOCK_STREAM, 0) = 4
17342 14:02:49.101518 fcntl64(4, F_SETFL, O_RDWR|O_NONBLOCK) = 0
17342 14:02:49.101528 connect(4, {sa_family=AF_FILE, path="/var/run/nscd/socket"}, 110) = -1 ENOENT (No such file or directory)
17342 14:02:49.101546 close(4)          = 0
17342 14:02:49.101571 open("/etc/group", O_RDONLY|0x80000 /* O_??? */) = 4
17342 14:02:49.101585 _llseek(4, 0, [0], SEEK_CUR) = 0
17342 14:02:49.101596 fstat64(4, {st_mode=S_IFREG|0644, st_size=886, ...}) = 0
17342 14:02:49.101613 mmap2(NULL, 886, PROT_READ, MAP_SHARED, 4, 0) = 0xb7fb6000
17342 14:02:49.101638 _llseek(4, 886, [886], SEEK_SET) = 0
17342 14:02:49.101665 fstat64(4, {st_mode=S_IFREG|0644, st_size=886, ...}) = 0
17342 14:02:49.101682 munmap(0xb7fb6000, 886) = 0
17342 14:02:49.101697 close(4)          = 0
17342 14:02:49.101708 setgroups32(13, [1000, 4, 20, 24, 25, 29, 30, 44, 46, 107, 111, 112, 119]) = 0
17342 14:02:49.101725 geteuid32()       = 0
17342 14:02:49.101736 getegid32()       = 0
17342 14:02:49.101747 setregid32(-1, 1000) = 0
17342 14:02:49.101758 setreuid32(-1, 1000) = 0
17342 14:02:49.101769 chdir("/home/msfadmin") = 0
17342 14:02:49.101781 setreuid32(-1, 0) = 0
17342 14:02:49.101790 setregid32(-1, 0) = 0
17342 14:02:49.101801 setgid32(1000)    = 0
17342 14:02:49.101811 setuid32(1000)    = 0
17342 14:02:49.101821 setrlimit(RLIMIT_NPROC, {rlim_cur=0, rlim_max=0}) = 0
17342 14:02:49.101836 mmap2(NULL, 12288, PROT_READ|PROT_WRITE, MAP_PRIVATE|MAP_ANONYMOUS, -1, 0) = 0xb7fb4000
17342 14:02:49.101847 mprotect(0xb7fb6000, 4096, PROT_NONE) = 0
17342 14:02:49.101859 mprotect(0xb7fb4000, 4096, PROT_NONE) = 0
17342 14:02:49.101870 getcwd("/home/msfadmin", 4096) = 15
17342 14:02:49.101884 umask(022)        = 077
17342 14:02:49.101894 getcwd("/home/msfadmin", 4096) = 15
17342 14:02:49.101908 open(".message", O_RDONLY|O_NONBLOCK|O_LARGEFILE) = -1 ENOENT (No such file or directory)
17342 14:02:49.101932 write(0, "230 Login successful.\r\n", 23) = 23
17342 14:02:49.102034 rt_sigaction(SIGALRM, {0x805cad0, ~[RTMIN RT_1], 0}, NULL, 8) = 0
17342 14:02:49.102051 alarm(300)        = 0
17342 14:02:49.102063 mmap2(NULL, 12288, PROT_READ|PROT_WRITE, MAP_PRIVATE|MAP_ANONYMOUS, -1, 0) = 0xb7fb1000
17342 14:02:49.102075 mprotect(0xb7fb3000, 4096, PROT_NONE) = 0
17342 14:02:49.102086 mprotect(0xb7fb1000, 4096, PROT_NONE) = 0
17342 14:02:49.102099 recv(0, "TYPE I\r\n", 4096, MSG_PEEK) = 8
17342 14:02:49.102127 read(0, "TYPE I\r\n", 8) = 8
17342 14:02:49.102149 write(0, "200 Switching to Binary mode.\r\n", 31) = 31
17342 14:02:49.102193 rt_sigaction(SIGALRM, {0x805cad0, ~[RTMIN RT_1], 0}, NULL, 8) = 0
17342 14:02:49.102208 alarm(300)        = 300
17342 14:02:49.102219 recv(0, "PASV\r\n", 4096, MSG_PEEK) = 6
17342 14:02:49.102231 read(0, "PASV\r\n", 6) = 6
17342 14:02:49.102243 write(5, "\n", 1) = 1
17342 14:02:49.102254 read(5,  <unfinished ...>
17340 14:02:49.102267 close(5)          = 0
17340 14:02:49.102280 getuid32()        = 0
17340 14:02:49.102296 open("/etc/passwd", O_RDONLY|0x80000 /* O_??? */) = 5
17340 14:02:49.102311 _llseek(5, 0, [0], SEEK_CUR) = 0
17340 14:02:49.102324 fstat64(5, {st_mode=S_IFREG|0644, st_size=1624, ...}) = 0
17340 14:02:49.102342 mmap2(NULL, 1624, PROT_READ, MAP_SHARED, 5, 0) = 0xb7fb6000
17340 14:02:49.102354 _llseek(5, 1624, [1624], SEEK_SET) = 0
17340 14:02:49.102371 munmap(0xb7fb6000, 1624) = 0
17340 14:02:49.102383 close(5)          = 0
17340 14:02:49.102399 setgroups32(0, []) = 0
17340 14:02:49.102410 chdir("/usr/share/empty") = 0
17340 14:02:49.102423 chroot(".")       = 0
17340 14:02:49.102434 capset(NULL, NULL) = -1 EFAULT (Bad address)
17340 14:02:49.102448 prctl(0x8, 0, 0xbff4c1e8, 0x80549a6, 0xbff4c1d0) = 0
17340 14:02:49.102459 prctl(0x8, 0x1, 0xbff4c1e8, 0x8054a49, 0xbff4c1d0) = 0
17340 14:02:49.102469 setgid32(65534)   = 0
17340 14:02:49.102480 setuid32(65534)   = 0
17340 14:02:49.102489 capset(0x19980330, 0, {CAP_NET_BIND_SERVICE, CAP_NET_BIND_SERVICE, 0}) = 0
17340 14:02:49.102502 read(4, "\n", 1)  = 1
17340 14:02:49.102515 write(4, "\1", 1) = 1
17342 14:02:49.102526 <... read resumed> "\1", 1) = 1
17342 14:02:49.102534 write(5, "\f", 1) = 1
17342 14:02:49.102544 read(5,  <unfinished ...>
17340 14:02:49.102551 read(4, "\f", 1)  = 1
17340 14:02:49.102564 socket(PF_INET, SOCK_STREAM, IPPROTO_TCP) = 5
17340 14:02:49.102578 setsockopt(5, SOL_SOCKET, SO_REUSEADDR, [1], 4) = 0
17340 14:02:49.102591 gettimeofday({1495648969, 102595}, NULL) = 0
17340 14:02:49.102619 bind(5, {sa_family=AF_INET, sin_port=htons(62833), sin_addr=inet_addr("127.0.0.1")}, 16) = 0
17340 14:02:49.102641 listen(5, 1)      = 0
17340 14:02:49.102654 write(4, "q\365\0\0", 4) = 4
17342 14:02:49.102666 <... read resumed> "q\365\0\0", 4) = 4
17342 14:02:49.102681 write(0, "227 Entering Passive Mode (127,0,0,1,245,113).\r\n", 48) = 48
17342 14:02:49.102796 rt_sigaction(SIGALRM, {0x805cad0, ~[RTMIN RT_1], 0}, NULL, 8) = 0
17342 14:02:49.102817 alarm(300)        = 300
17342 14:02:49.102829 recv(0, "RETR myfile29\r\n", 4096, MSG_PEEK) = 15
17342 14:02:49.102842 read(0, "RETR myfile29\r\n", 15) = 15
17342 14:02:49.102856 write(5, "\v", 1) = 1
17342 14:02:49.102867 read(5,  <unfinished ...>
17340 14:02:49.102874 read(4, "\v", 1)  = 1
17340 14:02:49.102885 write(4, "\1\0\0\0", 4) = 4
17342 14:02:49.102896 <... read resumed> "\1\0\0\0", 4) = 4
17342 14:02:49.102905 gettimeofday({1495648969, 102909}, NULL) = 0
17342 14:02:49.102916 getcwd("/home/msfadmin", 4096) = 15
17342 14:02:49.102928 open("myfile29", O_RDONLY|O_NONBLOCK|O_LARGEFILE) = 4
17342 14:02:49.102941 fcntl64(4, F_SETLKW64, {type=F_RDLCK, whence=SEEK_SET, start=0, len=0}, 0xbff4c154) = 0
17342 14:02:49.102955 fstat64(4, {st_mode=S_IFREG|0644, st_size=17, ...}) = 0
17342 14:02:49.102972 fcntl64(4, F_GETFL) = 0x8800 (flags O_RDONLY|O_NONBLOCK|O_LARGEFILE)
17342 14:02:49.102983 fcntl64(4, F_SETFL, O_RDONLY|O_LARGEFILE) = 0
17342 14:02:49.102995 write(5, "\v", 1) = 1
17342 14:02:49.103006 read(5,  <unfinished ...>
17340 14:02:49.103013 read(4, "\v", 1)  = 1
17340 14:02:49.103024 write(4, "\1\0\0\0", 4) = 4
17342 14:02:49.103035 <... read resumed> "\1\0\0\0", 4) = 4
17342 14:02:49.103042 write(5, "\v", 1) = 1
17342 14:02:49.103052 read(5,  <unfinished ...>
17340 14:02:49.103059 read(4, "\v", 1)  = 1
17340 14:02:49.103070 write(4, "\1\0\0\0", 4) = 4
17342 14:02:49.103080 <... read resumed> "\1\0\0\0", 4) = 4
17342 14:02:49.103088 write(5, "\r", 1) = 1
17342 14:02:49.103097 read(5,  <unfinished ...>
17340 14:02:49.103116 read(4, "\r", 1)  = 1
17340 14:02:49.103132 select(6, [5], NULL, NULL, {60, 0}) = 1 (in [5], left {60, 0})
17340 14:02:49.103150 accept(5, {sa_family=AF_INET, sin_port=htons(37249), sin_addr=inet_addr("127.0.0.1")}, [16]) = 6
17340 14:02:49.103173 write(4, "\1", 1) = 1
17342 14:02:49.103184 <... read resumed> "\1", 1) = 1
17342 14:02:49.103194 recvmsg(5,  <unfinished ...>
17340 14:02:49.103204 sendmsg(4, {msg_name(0)=NULL, msg_iov(1)=[{"\0", 1}], msg_controllen=16, {cmsg_len=16, cmsg_level=SOL_SOCKET, cmsg_type=SCM_RIGHTS, {6}}, msg_flags=0}, 0) = 1
17342 14:02:49.103221 <... recvmsg resumed> {msg_name(0)=NULL, msg_iov(1)=[{"\0", 1}], msg_controllen=16, {cmsg_len=16, cmsg_level=SOL_SOCKET, cmsg_type=SCM_RIGHTS, {6}}, msg_flags=0}, 0) = 1
17342 14:02:49.103235 setsockopt(6, SOL_SOCKET, SO_KEEPALIVE, [1], 4) = 0
17342 14:02:49.103247 setsockopt(6, SOL_IP, IP_TOS, [8], 4) = 0
17342 14:02:49.103259 setsockopt(6, SOL_SOCKET, SO_LINGER, {onoff=1, linger=32767}, 8) = 0
17342 14:02:49.103270 rt_sigaction(SIGALRM, {0x805cad0, ~[RTMIN RT_1], 0}, NULL, 8) = 0
17342 14:02:49.103284 alarm(300)        = 300
17342 14:02:49.103298 write(0, "150 Opening BINARY mode data connection for myfile29 (17 bytes).\r\n", 66) = 66
17342 14:02:49.103342 _llseek(4, 0, [0], SEEK_CUR) = 0
17342 14:02:49.103355 fstat64(4, {st_mode=S_IFREG|0644, st_size=17, ...}) = 0
17342 14:02:49.103373 _llseek(4, 0, [0], SEEK_SET) = 0
17342 14:02:49.103386 sendfile(6, 4, NULL, 17) = 17
17342 14:02:49.103414 rt_sigaction(SIGALRM, {0x805cad0, ~[RTMIN RT_1], 0}, NULL, 8) = 0
17342 14:02:49.103429 alarm(300)        = 300
17342 14:02:49.103439 close(6)          = 0
17342 14:02:49.103448 alarm(0)          = 300
17342 14:02:49.103458 gettimeofday({1495648969, 103462}, NULL) = 0
17342 14:02:49.103476 getpid()          = 17342
17342 14:02:49.103488 gettimeofday({1495648969, 103492}, NULL) = 0
17342 14:02:49.103506 fcntl64(3, F_SETLKW64, {type=F_WRLCK, whence=SEEK_SET, start=0, len=0}, 0xbff4c0f4) = 0
17342 14:02:49.103521 write(3, "Wed May 24 14:02:49 2017 [pid 17342] [msfadmin] OK DOWNLOAD: Client \"127.0.0.1\", \"/home/msfadmin/myfile29\", 17 bytes, 28.48Kbyte/sec\n", 133) = 133
17342 14:02:49.103542 fcntl64(3, F_SETLK64, {type=F_UNLCK, whence=SEEK_SET, start=0, len=0}, 0xbff4c0fc) = 0
17342 14:02:49.103556 write(0, "226 Transfer complete.\r\n", 24) = 24
17342 14:02:49.103571 write(5, "\n", 1) = 1
17342 14:02:49.103582 read(5,  <unfinished ...>
17340 14:02:49.103589 close(6)          = 0
17340 14:02:49.103698 read(4, "\n", 1)  = 1
17340 14:02:49.103713 close(5)          = 0
17340 14:02:49.103724 write(4, "\1", 1) = 1
17342 14:02:49.103735 <... read resumed> "\1", 1) = 1
17342 14:02:49.103743 close(4)          = 0
17342 14:02:49.103753 rt_sigaction(SIGALRM, {0x805cad0, ~[RTMIN RT_1], 0}, NULL, 8) = 0
17342 14:02:49.103767 alarm(300)        = 0
17342 14:02:49.103778 recv(0,  <unfinished ...>
17340 14:02:49.103786 read(4,  <unfinished ...>
17339 14:02:49.480045 <... recv resumed> "TYPE I\r\n", 4096, MSG_PEEK) = 8
17339 14:02:49.480077 read(0, "TYPE I\r\n", 8) = 8
17339 14:02:49.480098 write(0, "200 Switching to Binary mode.\r\n", 31) = 31
17339 14:02:49.480145 rt_sigaction(SIGALRM, {0x805cad0, ~[RTMIN RT_1], 0}, NULL, 8) = 0
17339 14:02:49.480163 alarm(300)        = 299
17339 14:02:49.480176 recv(0, "PASV\r\n", 4096, MSG_PEEK) = 6
17339 14:02:49.480187 read(0, "PASV\r\n", 6) = 6
17339 14:02:49.480199 write(5, "\n", 1 <unfinished ...>
17337 14:02:49.480211 <... read resumed> "\n", 1) = 1
17339 14:02:49.480216 <... write resumed> ) = 1
17337 14:02:49.480224 write(4, "\1", 1 <unfinished ...>
17339 14:02:49.480229 read(5,  <unfinished ...>
17337 14:02:49.480236 <... write resumed> ) = 1
17339 14:02:49.480240 <... read resumed> "\1", 1) = 1
17337 14:02:49.480248 read(4,  <unfinished ...>
17339 14:02:49.480252 write(5, "\f", 1 <unfinished ...>
17337 14:02:49.480259 <... read resumed> "\f", 1) = 1
17339 14:02:49.480264 <... write resumed> ) = 1
17337 14:02:49.480272 socket(PF_INET, SOCK_STREAM, IPPROTO_TCP <unfinished ...>
17339 14:02:49.480277 read(5,  <unfinished ...>
17337 14:02:49.480286 <... socket resumed> ) = 5
17337 14:02:49.480305 setsockopt(5, SOL_SOCKET, SO_REUSEADDR, [1], 4) = 0
17337 14:02:49.480319 bind(5, {sa_family=AF_INET, sin_port=htons(16646), sin_addr=inet_addr("127.0.0.1")}, 16) = 0
17337 14:02:49.480336 listen(5, 1)      = 0
17337 14:02:49.480360 write(4, "\6A\0\0", 4 <unfinished ...>
17339 14:02:49.480368 <... read resumed> "\6A\0\0", 4) = 4
17337 14:02:49.480374 <... write resumed> ) = 4
17339 14:02:49.480385 write(0, "227 Entering Passive Mode (127,0,0,1,65,6).\r\n", 45 <unfinished ...>
17337 14:02:49.480393 read(4,  <unfinished ...>
17339 14:02:49.480449 <... write resumed> ) = 45
17339 14:02:49.480462 rt_sigaction(SIGALRM, {0x805cad0, ~[RTMIN RT_1], 0}, NULL, 8) = 0
17339 14:02:49.480477 alarm(300)        = 300
17339 14:02:49.480489 recv(0, "STOR myfile2\r\n", 4096, MSG_PEEK) = 14
17339 14:02:49.480502 read(0, "STOR myfile2\r\n", 14) = 14
17339 14:02:49.480515 write(5, "\v", 1 <unfinished ...>
17337 14:02:49.480523 <... read resumed> "\v", 1) = 1
17339 14:02:49.480528 <... write resumed> ) = 1
17337 14:02:49.480535 write(4, "\1\0\0\0", 4 <unfinished ...>
17339 14:02:49.480541 read(5,  <unfinished ...>
17337 14:02:49.480547 <... write resumed> ) = 4
17339 14:02:49.480551 <... read resumed> "\1\0\0\0", 4) = 4
17337 14:02:49.480560 read(4,  <unfinished ...>
17339 14:02:49.480564 gettimeofday({1495648969, 480568}, NULL) = 0
17339 14:02:49.480575 getcwd("/home/msfadmin", 4096) = 15
17339 14:02:49.480588 open("myfile2", O_WRONLY|O_CREAT|O_NONBLOCK|O_LARGEFILE, 0666) = 4
17339 14:02:49.480602 fstat64(4, {st_mode=S_IFREG|0644, st_size=17, ...}) = 0
17339 14:02:49.480620 fcntl64(4, F_GETFL) = 0x8801 (flags O_WRONLY|O_NONBLOCK|O_LARGEFILE)
17339 14:02:49.480631 fcntl64(4, F_SETFL, O_WRONLY|O_LARGEFILE) = 0
17339 14:02:49.480641 fcntl64(4, F_SETLKW64, {type=F_WRLCK, whence=SEEK_SET, start=0, len=0}, 0xbfccc6b4) = 0
17339 14:02:49.480655 ftruncate64(4, 0) = 0
17339 14:02:49.480674 _llseek(4, 0, [0], SEEK_SET) = 0
17339 14:02:49.480685 write(5, "\v", 1 <unfinished ...>
17337 14:02:49.480693 <... read resumed> "\v", 1) = 1
17339 14:02:49.480698 <... write resumed> ) = 1
17337 14:02:49.480705 write(4, "\1\0\0\0", 4 <unfinished ...>
17339 14:02:49.480720 read(5,  <unfinished ...>
17337 14:02:49.480746 <... write resumed> ) = 4
17339 14:02:49.480753 <... read resumed> "\1\0\0\0", 4) = 4
17337 14:02:49.480774 read(4,  <unfinished ...>
17339 14:02:49.480780 write(5, "\v", 1 <unfinished ...>
17337 14:02:49.480790 <... read resumed> "\v", 1) = 1
17339 14:02:49.480805 <... write resumed> ) = 1
17337 14:02:49.480815 write(4, "\1\0\0\0", 4 <unfinished ...>
17339 14:02:49.480824 read(5,  <unfinished ...>
17337 14:02:49.480832 <... write resumed> ) = 4
17339 14:02:49.480838 <... read resumed> "\1\0\0\0", 4) = 4
17337 14:02:49.480850 read(4,  <unfinished ...>
17339 14:02:49.480858 write(5, "\r", 1 <unfinished ...>
17337 14:02:49.480871 <... read resumed> "\r", 1) = 1
17339 14:02:49.480880 <... write resumed> ) = 1
17337 14:02:49.480903 select(6, [5], NULL, NULL, {60, 0} <unfinished ...>
17339 14:02:49.480915 read(5,  <unfinished ...>
17337 14:02:49.480927 <... select resumed> ) = 1 (in [5], left {60, 0})
17337 14:02:49.480953 accept(5, {sa_family=AF_INET, sin_port=htons(33422), sin_addr=inet_addr("127.0.0.1")}, [16]) = 6
17337 14:02:49.480990 write(4, "\1", 1 <unfinished ...>
17339 14:02:49.481004 <... read resumed> "\1", 1) = 1
17337 14:02:49.481013 <... write resumed> ) = 1
17339 14:02:49.481027 recvmsg(5,  <unfinished ...>
17337 14:02:49.481037 sendmsg(4, {msg_name(0)=NULL, msg_iov(1)=[{"\0", 1}], msg_controllen=16, {cmsg_len=16, cmsg_level=SOL_SOCKET, cmsg_type=SCM_RIGHTS, {6}}, msg_flags=0}, 0 <unfinished ...>
17339 14:02:49.481060 <... recvmsg resumed> {msg_name(0)=NULL, msg_iov(1)=[{"\0", 1}], msg_controllen=16, {cmsg_len=16, cmsg_level=SOL_SOCKET, cmsg_type=SCM_RIGHTS, {6}}, msg_flags=0}, 0) = 1
17337 14:02:49.481078 <... sendmsg resumed> ) = 1
17339 14:02:49.481092 setsockopt(6, SOL_SOCKET, SO_KEEPALIVE, [1], 4 <unfinished ...>
17337 14:02:49.481101 close(6 <unfinished ...>
17339 14:02:49.481112 <... setsockopt resumed> ) = 0
17337 14:02:49.481119 <... close resumed> ) = 0
17339 14:02:49.481132 setsockopt(6, SOL_IP, IP_TOS, [8], 4 <unfinished ...>
17337 14:02:49.481139 read(4,  <unfinished ...>
17339 14:02:49.481146 <... setsockopt resumed> ) = 0
17339 14:02:49.481154 setsockopt(6, SOL_SOCKET, SO_LINGER, {onoff=1, linger=32767}, 8) = 0
17339 14:02:49.481165 rt_sigaction(SIGALRM, {0x805cad0, ~[RTMIN RT_1], 0}, NULL, 8) = 0
17339 14:02:49.481179 alarm(300)        = 300
17339 14:02:49.481192 write(0, "150 Ok to send data.\r\n", 22) = 22
17339 14:02:49.481261 read(6, "assasaaa\na\na\na\na\n", 65536) = 17
17339 14:02:49.481275 write(4, "assasaaa\na\na\na\na\n", 17) = 17
17339 14:02:49.481291 read(6, "", 65536) = 0
17339 14:02:49.481301 rt_sigaction(SIGALRM, {0x805cad0, ~[RTMIN RT_1], 0}, NULL, 8) = 0
17339 14:02:49.481315 alarm(300)        = 300
17339 14:02:49.481325 close(6)          = 0
17339 14:02:49.481342 alarm(0)          = 300
17339 14:02:49.481352 gettimeofday({1495648969, 481355}, NULL) = 0
17339 14:02:49.481367 gettimeofday({1495648969, 481371}, NULL) = 0
17339 14:02:49.481382 fcntl64(3, F_SETLKW64, {type=F_WRLCK, whence=SEEK_SET, start=0, len=0}, 0xbfccc654) = 0
17339 14:02:49.481396 write(3, "Wed May 24 14:02:49 2017 [pid 17339] [msfadmin] OK UPLOAD: Client \"127.0.0.1\", \"/home/msfadmin/myfile2\", 17 bytes, 20.67Kbyte/sec\n", 130) = 130
17339 14:02:49.481417 fcntl64(3, F_SETLK64, {type=F_UNLCK, whence=SEEK_SET, start=0, len=0}, 0xbfccc65c) = 0
17339 14:02:49.481432 write(0, "226 Transfer complete.\r\n", 24) = 24
17339 14:02:49.481474 write(5, "\n", 1 <unfinished ...>
17337 14:02:49.481484 <... read resumed> "\n", 1) = 1
17339 14:02:49.481488 <... write resumed> ) = 1
17337 14:02:49.481495 close(5 <unfinished ...>
17339 14:02:49.481500 read(5,  <unfinished ...>
17337 14:02:49.481507 <... close resumed> ) = 0
17337 14:02:49.481514 write(4, "\1", 1 <unfinished ...>
17339 14:02:49.481521 <... read resumed> "\1", 1) = 1
17337 14:02:49.481526 <... write resumed> ) = 1
17339 14:02:49.481533 close(4 <unfinished ...>
17337 14:02:49.481537 read(4,  <unfinished ...>
17339 14:02:49.481543 <... close resumed> ) = 0
17339 14:02:49.481550 rt_sigaction(SIGALRM, {0x805cad0, ~[RTMIN RT_1], 0}, NULL, 8) = 0
17339 14:02:49.481563 alarm(300)        = 0
17339 14:02:49.481574 recv(0,  <unfinished ...>
17342 14:02:49.700015 <... recv resumed> "USER msfadmin\r\n", 4096, MSG_PEEK) = 15
17342 14:02:49.700055 read(0, "USER msfadmin\r\n", 15) = 15
17342 14:02:49.700088 write(0, "331 Any password will do.\r\n", 27) = 27
17342 14:02:49.700134 rt_sigaction(SIGALRM, {0x805cad0, ~[RTMIN RT_1], 0}, NULL, 8) = 0
17342 14:02:49.700152 alarm(300)        = 299
17342 14:02:49.700165 recv(0, "PASS msfadmin\r\n", 4096, MSG_PEEK) = 15
17342 14:02:49.700177 read(0, "PASS msfadmin\r\n", 15) = 15
17342 14:02:49.700192 write(0, "230 Already logged in.\r\n", 24) = 24
17342 14:02:49.700252 rt_sigaction(SIGALRM, {0x805cad0, ~[RTMIN RT_1], 0}, NULL, 8) = 0
17342 14:02:49.700267 alarm(300)        = 300
17342 14:02:49.700278 recv(0, "TYPE I\r\n", 4096, MSG_PEEK) = 8
17342 14:02:49.700290 read(0, "TYPE I\r\n", 8) = 8
17342 14:02:49.700304 write(0, "200 Switching to Binary mode.\r\n", 31) = 31
17342 14:02:49.700390 rt_sigaction(SIGALRM, {0x805cad0, ~[RTMIN RT_1], 0}, NULL, 8) = 0
17342 14:02:49.700405 alarm(300)        = 300
17342 14:02:49.700416 recv(0, "PASV\r\n", 4096, MSG_PEEK) = 6
17342 14:02:49.700428 read(0, "PASV\r\n", 6) = 6
17342 14:02:49.700440 write(5, "\n", 1) = 1
17342 14:02:49.700452 read(5,  <unfinished ...>
17340 14:02:49.700461 <... read resumed> "\n", 1) = 1
17340 14:02:49.700470 write(4, "\1", 1) = 1
17342 14:02:49.700480 <... read resumed> "\1", 1) = 1
17342 14:02:49.700487 write(5, "\f", 1) = 1
17342 14:02:49.700497 read(5,  <unfinished ...>
17340 14:02:49.700504 read(4, "\f", 1)  = 1
17340 14:02:49.700516 socket(PF_INET, SOCK_STREAM, IPPROTO_TCP) = 5
17340 14:02:49.700531 setsockopt(5, SOL_SOCKET, SO_REUSEADDR, [1], 4) = 0
17340 14:02:49.700545 bind(5, {sa_family=AF_INET, sin_port=htons(51485), sin_addr=inet_addr("127.0.0.1")}, 16) = 0
17340 14:02:49.700562 listen(5, 1)      = 0
17340 14:02:49.700576 write(4, "\35\311\0\0", 4) = 4
17342 14:02:49.700587 <... read resumed> "\35\311\0\0", 4) = 4
17342 14:02:49.700599 write(0, "227 Entering Passive Mode (127,0,0,1,201,29).\r\n", 47) = 47
17342 14:02:49.700713 rt_sigaction(SIGALRM, {0x805cad0, ~[RTMIN RT_1], 0}, NULL, 8) = 0
17342 14:02:49.700729 alarm(300)        = 300
17342 14:02:49.700740 recv(0, "RETR myfile30\r\n", 4096, MSG_PEEK) = 15
17342 14:02:49.700752 read(0, "RETR myfile30\r\n", 15) = 15
17342 14:02:49.700765 write(5, "\v", 1) = 1
17342 14:02:49.700775 read(5,  <unfinished ...>
17340 14:02:49.700782 read(4, "\v", 1)  = 1
17340 14:02:49.700793 write(4, "\1\0\0\0", 4) = 4
17342 14:02:49.700804 <... read resumed> "\1\0\0\0", 4) = 4
17342 14:02:49.700811 gettimeofday({1495648969, 700815}, NULL) = 0
17342 14:02:49.700846 getcwd("/home/msfadmin", 4096) = 15
17342 14:02:49.700861 open("myfile30", O_RDONLY|O_NONBLOCK|O_LARGEFILE) = 4
17342 14:02:49.700884 fcntl64(4, F_SETLKW64, {type=F_RDLCK, whence=SEEK_SET, start=0, len=0}, 0xbff4c154) = 0
17342 14:02:49.700899 fstat64(4, {st_mode=S_IFREG|0644, st_size=17, ...}) = 0
17342 14:02:49.700916 fcntl64(4, F_GETFL) = 0x8800 (flags O_RDONLY|O_NONBLOCK|O_LARGEFILE)
17342 14:02:49.700927 fcntl64(4, F_SETFL, O_RDONLY|O_LARGEFILE) = 0
17342 14:02:49.700938 write(5, "\v", 1) = 1
17342 14:02:49.700949 read(5,  <unfinished ...>
17340 14:02:49.700956 read(4, "\v", 1)  = 1
17340 14:02:49.700967 write(4, "\1\0\0\0", 4) = 4
17342 14:02:49.700977 <... read resumed> "\1\0\0\0", 4) = 4
17342 14:02:49.700984 write(5, "\v", 1) = 1
17342 14:02:49.700994 read(5,  <unfinished ...>
17340 14:02:49.701001 read(4, "\v", 1)  = 1
17340 14:02:49.701011 write(4, "\1\0\0\0", 4) = 4
17342 14:02:49.701021 <... read resumed> "\1\0\0\0", 4) = 4
17342 14:02:49.701028 write(5, "\r", 1) = 1
17342 14:02:49.701038 read(5,  <unfinished ...>
17340 14:02:49.701044 read(4, "\r", 1)  = 1
17340 14:02:49.701056 select(6, [5], NULL, NULL, {60, 0}) = 1 (in [5], left {60, 0})
17340 14:02:49.701072 accept(5, {sa_family=AF_INET, sin_port=htons(58484), sin_addr=inet_addr("127.0.0.1")}, [16]) = 6
17340 14:02:49.701094 write(4, "\1", 1) = 1
17342 14:02:49.701104 <... read resumed> "\1", 1) = 1
17342 14:02:49.701112 recvmsg(5,  <unfinished ...>
17340 14:02:49.701121 sendmsg(4, {msg_name(0)=NULL, msg_iov(1)=[{"\0", 1}], msg_controllen=16, {cmsg_len=16, cmsg_level=SOL_SOCKET, cmsg_type=SCM_RIGHTS, {6}}, msg_flags=0}, 0) = 1
17342 14:02:49.701142 <... recvmsg resumed> {msg_name(0)=NULL, msg_iov(1)=[{"\0", 1}], msg_controllen=16, {cmsg_len=16, cmsg_level=SOL_SOCKET, cmsg_type=SCM_RIGHTS, {6}}, msg_flags=0}, 0) = 1
17342 14:02:49.701156 setsockopt(6, SOL_SOCKET, SO_KEEPALIVE, [1], 4) = 0
17342 14:02:49.701168 setsockopt(6, SOL_IP, IP_TOS, [8], 4) = 0
17342 14:02:49.701180 setsockopt(6, SOL_SOCKET, SO_LINGER, {onoff=1, linger=32767}, 8) = 0
17342 14:02:49.701191 rt_sigaction(SIGALRM, {0x805cad0, ~[RTMIN RT_1], 0}, NULL, 8) = 0
17342 14:02:49.701204 alarm(300)        = 300
17342 14:02:49.701217 write(0, "150 Opening BINARY mode data connection for myfile30 (17 bytes).\r\n", 66) = 66
17342 14:02:49.701258 _llseek(4, 0, [0], SEEK_CUR) = 0
17342 14:02:49.701271 fstat64(4, {st_mode=S_IFREG|0644, st_size=17, ...}) = 0
17342 14:02:49.701287 _llseek(4, 0, [0], SEEK_SET) = 0
17342 14:02:49.701298 sendfile(6, 4, NULL, 17) = 17
17342 14:02:49.701357 rt_sigaction(SIGALRM, {0x805cad0, ~[RTMIN RT_1], 0}, NULL, 8) = 0
17342 14:02:49.701390 alarm(300)        = 300
17342 14:02:49.701405 close(6)          = 0
17342 14:02:49.701420 alarm(0)          = 300
17342 14:02:49.701434 gettimeofday({1495648969, 701440}, NULL) = 0
17342 14:02:49.701456 gettimeofday({1495648969, 701463}, NULL) = 0
17342 14:02:49.701477 fcntl64(3, F_SETLKW64, {type=F_WRLCK, whence=SEEK_SET, start=0, len=0}, 0xbff4c0f4) = 0
17342 14:02:49.701499 write(3, "Wed May 24 14:02:49 2017 [pid 17342] [msfadmin] OK DOWNLOAD: Client \"127.0.0.1\", \"/home/msfadmin/myfile30\", 17 bytes, 25.62Kbyte/sec\n", 133) = 133
17342 14:02:49.701532 fcntl64(3, F_SETLK64, {type=F_UNLCK, whence=SEEK_SET, start=0, len=0}, 0xbff4c0fc) = 0
17342 14:02:49.701553 write(0, "226 Transfer complete.\r\n", 24) = 24
17342 14:02:49.701576 write(5, "\n", 1) = 1
17342 14:02:49.701592 read(5,  <unfinished ...>
17340 14:02:49.701603 close(6)          = 0
17340 14:02:49.701692 read(4, "\n", 1)  = 1
17340 14:02:49.701705 close(5)          = 0
17340 14:02:49.701717 write(4, "\1", 1) = 1
17342 14:02:49.701727 <... read resumed> "\1", 1) = 1
17342 14:02:49.701734 close(4)          = 0
17342 14:02:49.701745 rt_sigaction(SIGALRM, {0x805cad0, ~[RTMIN RT_1], 0}, NULL, 8) = 0
17342 14:02:49.701758 alarm(300)        = 0
17342 14:02:49.701769 recv(0,  <unfinished ...>
17340 14:02:49.701777 read(4,  <unfinished ...>
17339 14:02:50.010392 <... recv resumed> "TYPE I\r\n", 4096, MSG_PEEK) = 8
17339 14:02:50.010420 read(0, "TYPE I\r\n", 8) = 8
17339 14:02:50.010442 write(0, "200 Switching to Binary mode.\r\n", 31) = 31
17339 14:02:50.010492 rt_sigaction(SIGALRM, {0x805cad0, ~[RTMIN RT_1], 0}, NULL, 8) = 0
17339 14:02:50.010509 alarm(300)        = 299
17339 14:02:50.010522 recv(0, "PASV\r\n", 4096, MSG_PEEK) = 6
17339 14:02:50.010533 read(0, "PASV\r\n", 6) = 6
17339 14:02:50.010546 write(5, "\n", 1 <unfinished ...>
17337 14:02:50.010556 <... read resumed> "\n", 1) = 1
17339 14:02:50.010562 <... write resumed> ) = 1
17337 14:02:50.010570 write(4, "\1", 1 <unfinished ...>
17339 14:02:50.010575 read(5,  <unfinished ...>
17337 14:02:50.010582 <... write resumed> ) = 1
17339 14:02:50.010586 <... read resumed> "\1", 1) = 1
17337 14:02:50.010594 read(4,  <unfinished ...>
17339 14:02:50.010598 write(5, "\f", 1 <unfinished ...>
17337 14:02:50.010605 <... read resumed> "\f", 1) = 1
17339 14:02:50.010610 <... write resumed> ) = 1
17337 14:02:50.010618 socket(PF_INET, SOCK_STREAM, IPPROTO_TCP <unfinished ...>
17339 14:02:50.010623 read(5,  <unfinished ...>
17337 14:02:50.010633 <... socket resumed> ) = 5
17337 14:02:50.010641 setsockopt(5, SOL_SOCKET, SO_REUSEADDR, [1], 4) = 0
17337 14:02:50.010655 bind(5, {sa_family=AF_INET, sin_port=htons(59634), sin_addr=inet_addr("127.0.0.1")}, 16) = 0
17337 14:02:50.010672 listen(5, 1)      = 0
17337 14:02:50.010685 write(4, "\362\350\0\0", 4 <unfinished ...>
17339 14:02:50.010694 <... read resumed> "\362\350\0\0", 4) = 4
17337 14:02:50.010699 <... write resumed> ) = 4
17339 14:02:50.010710 write(0, "227 Entering Passive Mode (127,0,0,1,232,242).\r\n", 48 <unfinished ...>
17337 14:02:50.010719 read(4,  <unfinished ...>
17339 14:02:50.010817 <... write resumed> ) = 48
17339 14:02:50.010832 rt_sigaction(SIGALRM, {0x805cad0, ~[RTMIN RT_1], 0}, NULL, 8) = 0
17339 14:02:50.010832 alarm(300)        = 300
17339 14:02:50.010832 recv(0, "STOR myfile3\r\n", 4096, MSG_PEEK) = 14
17339 14:02:50.010832 read(0, "STOR myfile3\r\n", 14) = 14
17339 14:02:50.010833 write(5, "\v", 1 <unfinished ...>
17337 14:02:50.010833 <... read resumed> "\v", 1) = 1
17339 14:02:50.010833 <... write resumed> ) = 1
17337 14:02:50.010833 write(4, "\1\0\0\0", 4 <unfinished ...>
17339 14:02:50.010833 read(5,  <unfinished ...>
17337 14:02:50.010833 <... write resumed> ) = 4
17339 14:02:50.010833 <... read resumed> "\1\0\0\0", 4) = 4
17337 14:02:50.010833 read(4,  <unfinished ...>
17339 14:02:50.010833 gettimeofday({1495648970, 10833}, NULL) = 0
17339 14:02:50.010834 getcwd("/home/msfadmin", 4096) = 15
17339 14:02:50.010834 open("myfile3", O_WRONLY|O_CREAT|O_NONBLOCK|O_LARGEFILE, 0666) = 4
17339 14:02:50.010834 fstat64(4, {st_mode=S_IFREG|0644, st_size=17, ...}) = 0
17339 14:02:50.010834 fcntl64(4, F_GETFL) = 0x8801 (flags O_WRONLY|O_NONBLOCK|O_LARGEFILE)
17339 14:02:50.010835 fcntl64(4, F_SETFL, O_WRONLY|O_LARGEFILE) = 0
17339 14:02:50.010835 fcntl64(4, F_SETLKW64, {type=F_WRLCK, whence=SEEK_SET, start=0, len=0}, 0xbfccc6b4) = 0
17339 14:02:50.010835 ftruncate64(4, 0) = 0
17339 14:02:50.010835 _llseek(4, 0, [0], SEEK_SET) = 0
17339 14:02:50.010835 write(5, "\v", 1 <unfinished ...>
17337 14:02:50.010836 <... read resumed> "\v", 1) = 1
17339 14:02:50.010836 <... write resumed> ) = 1
17337 14:02:50.010836 write(4, "\1\0\0\0", 4 <unfinished ...>
17339 14:02:50.010836 read(5,  <unfinished ...>
17337 14:02:50.010839 <... write resumed> ) = 4
17339 14:02:50.010843 <... read resumed> "\1\0\0\0", 4) = 4
17337 14:02:50.010852 read(4,  <unfinished ...>
17339 14:02:50.010856 write(5, "\v", 1 <unfinished ...>
17337 14:02:50.010863 <... read resumed> "\v", 1) = 1
17339 14:02:50.010867 <... write resumed> ) = 1
17337 14:02:50.010874 write(4, "\1\0\0\0", 4 <unfinished ...>
17339 14:02:50.010879 read(5,  <unfinished ...>
17337 14:02:50.010885 <... write resumed> ) = 4
17339 14:02:50.010889 <... read resumed> "\1\0\0\0", 4) = 4
17337 14:02:50.010897 read(4,  <unfinished ...>
17339 14:02:50.010901 write(5, "\r", 1 <unfinished ...>
17337 14:02:50.010909 <... read resumed> "\r", 1) = 1
17339 14:02:50.010913 <... write resumed> ) = 1
17337 14:02:50.010921 select(6, [5], NULL, NULL, {60, 0} <unfinished ...>
17339 14:02:50.010927 read(5,  <unfinished ...>
17337 14:02:50.010934 <... select resumed> ) = 1 (in [5], left {60, 0})
17337 14:02:50.010944 accept(5, {sa_family=AF_INET, sin_port=htons(50000), sin_addr=inet_addr("127.0.0.1")}, [16]) = 6
17337 14:02:50.010966 write(4, "\1", 1 <unfinished ...>
17339 14:02:50.010973 <... read resumed> "\1", 1) = 1
17337 14:02:50.010978 <... write resumed> ) = 1
17339 14:02:50.010986 recvmsg(5,  <unfinished ...>
17337 14:02:50.010992 sendmsg(4, {msg_name(0)=NULL, msg_iov(1)=[{"\0", 1}], msg_controllen=16, {cmsg_len=16, cmsg_level=SOL_SOCKET, cmsg_type=SCM_RIGHTS, {6}}, msg_flags=0}, 0 <unfinished ...>
17339 14:02:50.011006 <... recvmsg resumed> {msg_name(0)=NULL, msg_iov(1)=[{"\0", 1}], msg_controllen=16, {cmsg_len=16, cmsg_level=SOL_SOCKET, cmsg_type=SCM_RIGHTS, {6}}, msg_flags=0}, 0) = 1
17337 14:02:50.011016 <... sendmsg resumed> ) = 1
17339 14:02:50.011024 setsockopt(6, SOL_SOCKET, SO_KEEPALIVE, [1], 4 <unfinished ...>
17337 14:02:50.011029 close(6 <unfinished ...>
17339 14:02:50.011036 <... setsockopt resumed> ) = 0
17337 14:02:50.011040 <... close resumed> ) = 0
17339 14:02:50.011048 setsockopt(6, SOL_IP, IP_TOS, [8], 4 <unfinished ...>
17337 14:02:50.011053 read(4,  <unfinished ...>
17339 14:02:50.011059 <... setsockopt resumed> ) = 0
17339 14:02:50.011066 setsockopt(6, SOL_SOCKET, SO_LINGER, {onoff=1, linger=32767}, 8) = 0
17339 14:02:50.011078 rt_sigaction(SIGALRM, {0x805cad0, ~[RTMIN RT_1], 0}, NULL, 8) = 0
17339 14:02:50.011091 alarm(300)        = 300
17339 14:02:50.011103 write(0, "150 Ok to send data.\r\n", 22) = 22
17339 14:02:50.011168 read(6, "assasaaa\na\na\na\na\n", 65536) = 17
17339 14:02:50.011186 write(4, "assasaaa\na\na\na\na\n", 17) = 17
17339 14:02:50.011201 read(6, "", 65536) = 0
17339 14:02:50.011211 rt_sigaction(SIGALRM, {0x805cad0, ~[RTMIN RT_1], 0}, NULL, 8) = 0
17339 14:02:50.011225 alarm(300)        = 300
17339 14:02:50.011235 close(6)          = 0
17339 14:02:50.011251 alarm(0)          = 300
17339 14:02:50.011262 gettimeofday({1495648970, 11265}, NULL) = 0
17339 14:02:50.011277 gettimeofday({1495648970, 11281}, NULL) = 0
17339 14:02:50.011291 fcntl64(3, F_SETLKW64, {type=F_WRLCK, whence=SEEK_SET, start=0, len=0}, 0xbfccc654) = 0
17339 14:02:50.011306 write(3, "Wed May 24 14:02:50 2017 [pid 17339] [msfadmin] OK UPLOAD: Client \"127.0.0.1\", \"/home/msfadmin/myfile3\", 17 bytes, 37.06Kbyte/sec\n", 130) = 130
17339 14:02:50.011327 fcntl64(3, F_SETLK64, {type=F_UNLCK, whence=SEEK_SET, start=0, len=0}, 0xbfccc65c) = 0
17339 14:02:50.011489 write(0, "226 Transfer complete.\r\n", 24) = 24
17339 14:02:50.011544 write(5, "\n", 1 <unfinished ...>
17337 14:02:50.011553 <... read resumed> "\n", 1) = 1
17339 14:02:50.011558 <... write resumed> ) = 1
17337 14:02:50.011565 close(5 <unfinished ...>
17339 14:02:50.011570 read(5,  <unfinished ...>
17337 14:02:50.011578 <... close resumed> ) = 0
17337 14:02:50.011584 write(4, "\1", 1 <unfinished ...>
17339 14:02:50.011592 <... read resumed> "\1", 1) = 1
17337 14:02:50.011597 <... write resumed> ) = 1
17339 14:02:50.011604 close(4 <unfinished ...>
17337 14:02:50.011608 read(4,  <unfinished ...>
17339 14:02:50.011614 <... close resumed> ) = 0
17339 14:02:50.011621 rt_sigaction(SIGALRM, {0x805cad0, ~[RTMIN RT_1], 0}, NULL, 8) = 0
17339 14:02:50.011634 alarm(300)        = 0
17339 14:02:50.011646 recv(0,  <unfinished ...>
17342 14:02:50.249918 <... recv resumed> "USER msfadmin\r\n", 4096, MSG_PEEK) = 15
17342 14:02:50.249958 read(0, "USER msfadmin\r\n", 15) = 15
17342 14:02:50.249983 write(0, "331 Any password will do.\r\n", 27) = 27
17342 14:02:50.250027 rt_sigaction(SIGALRM, {0x805cad0, ~[RTMIN RT_1], 0}, NULL, 8) = 0
17342 14:02:50.250045 alarm(300)        = 299
17342 14:02:50.250058 recv(0, "PASS msfadmin\r\n", 4096, MSG_PEEK) = 15
17342 14:02:50.250070 read(0, "PASS msfadmin\r\n", 15) = 15
17342 14:02:50.250086 write(0, "230 Already logged in.\r\n", 24) = 24
17342 14:02:50.250147 rt_sigaction(SIGALRM, {0x805cad0, ~[RTMIN RT_1], 0}, NULL, 8) = 0
17342 14:02:50.250162 alarm(300)        = 300
17342 14:02:50.250173 recv(0, "TYPE I\r\n", 4096, MSG_PEEK) = 8
17342 14:02:50.250184 read(0, "TYPE I\r\n", 8) = 8
17342 14:02:50.250199 write(0, "200 Switching to Binary mode.\r\n", 31) = 31
17342 14:02:50.250234 rt_sigaction(SIGALRM, {0x805cad0, ~[RTMIN RT_1], 0}, NULL, 8) = 0
17342 14:02:50.250248 alarm(300)        = 300
17342 14:02:50.250259 recv(0, "PASV\r\n", 4096, MSG_PEEK) = 6
17342 14:02:50.250270 read(0, "PASV\r\n", 6) = 6
17342 14:02:50.250282 write(5, "\n", 1) = 1
17342 14:02:50.250294 read(5,  <unfinished ...>
17340 14:02:50.250302 <... read resumed> "\n", 1) = 1
17340 14:02:50.250311 write(4, "\1", 1) = 1
17342 14:02:50.250322 <... read resumed> "\1", 1) = 1
17342 14:02:50.250329 write(5, "\f", 1) = 1
17342 14:02:50.250339 read(5,  <unfinished ...>
17340 14:02:50.250346 read(4, "\f", 1)  = 1
17340 14:02:50.250358 socket(PF_INET, SOCK_STREAM, IPPROTO_TCP) = 5
17340 14:02:50.250374 setsockopt(5, SOL_SOCKET, SO_REUSEADDR, [1], 4) = 0
17340 14:02:50.250388 bind(5, {sa_family=AF_INET, sin_port=htons(43171), sin_addr=inet_addr("127.0.0.1")}, 16) = 0
17340 14:02:50.250405 listen(5, 1)      = 0
17340 14:02:50.250418 write(4, "\243\250\0\0", 4) = 4
17342 14:02:50.250429 <... read resumed> "\243\250\0\0", 4) = 4
17342 14:02:50.250441 write(0, "227 Entering Passive Mode (127,0,0,1,168,163).\r\n", 48) = 48
17342 14:02:50.250555 rt_sigaction(SIGALRM, {0x805cad0, ~[RTMIN RT_1], 0}, NULL, 8) = 0
17342 14:02:50.250571 alarm(300)        = 300
17342 14:02:50.250582 recv(0, "RETR myfile31\r\n", 4096, MSG_PEEK) = 15
17342 14:02:50.250594 read(0, "RETR myfile31\r\n", 15) = 15
17342 14:02:50.250607 write(5, "\v", 1) = 1
17342 14:02:50.250625 read(5,  <unfinished ...>
17340 14:02:50.250632 read(4, "\v", 1)  = 1
17340 14:02:50.250643 write(4, "\1\0\0\0", 4) = 4
17342 14:02:50.250654 <... read resumed> "\1\0\0\0", 4) = 4
17342 14:02:50.250661 gettimeofday({1495648970, 250665}, NULL) = 0
17342 14:02:50.250672 getcwd("/home/msfadmin", 4096) = 15
17342 14:02:50.250685 open("myfile31", O_RDONLY|O_NONBLOCK|O_LARGEFILE) = 4
17342 14:02:50.250698 fcntl64(4, F_SETLKW64, {type=F_RDLCK, whence=SEEK_SET, start=0, len=0}, 0xbff4c154) = 0
17342 14:02:50.250707 fstat64(4, {st_mode=S_IFREG|0644, st_size=17, ...}) = 0
17342 14:02:50.250708 fcntl64(4, F_GETFL) = 0x8800 (flags O_RDONLY|O_NONBLOCK|O_LARGEFILE)
17342 14:02:50.250708 fcntl64(4, F_SETFL, O_RDONLY|O_LARGEFILE) = 0
17342 14:02:50.250708 write(5, "\v", 1) = 1
17342 14:02:50.250708 read(5,  <unfinished ...>
17340 14:02:50.250708 read(4, "\v", 1)  = 1
17340 14:02:50.250709 write(4, "\1\0\0\0", 4) = 4
17342 14:02:50.250709 <... read resumed> "\1\0\0\0", 4) = 4
17342 14:02:50.250709 write(5, "\v", 1) = 1
17342 14:02:50.250709 read(5,  <unfinished ...>
17340 14:02:50.250709 read(4, "\v", 1)  = 1
17340 14:02:50.250710 write(4, "\1\0\0\0", 4) = 4
17342 14:02:50.250710 <... read resumed> "\1\0\0\0", 4) = 4
17342 14:02:50.250710 write(5, "\r", 1) = 1
17342 14:02:50.250710 read(5,  <unfinished ...>
17340 14:02:50.250710 read(4, "\r", 1)  = 1
17340 14:02:50.250711 select(6, [5], NULL, NULL, {60, 0}) = 1 (in [5], left {60, 0})
17340 14:02:50.250711 accept(5, {sa_family=AF_INET, sin_port=htons(51371), sin_addr=inet_addr("127.0.0.1")}, [16]) = 6
17340 14:02:50.250730 write(4, "\1", 1) = 1
17342 14:02:50.250740 <... read resumed> "\1", 1) = 1
17342 14:02:50.250748 recvmsg(5,  <unfinished ...>
17340 14:02:50.250757 sendmsg(4, {msg_name(0)=NULL, msg_iov(1)=[{"\0", 1}], msg_controllen=16, {cmsg_len=16, cmsg_level=SOL_SOCKET, cmsg_type=SCM_RIGHTS, {6}}, msg_flags=0}, 0) = 1
17342 14:02:50.250774 <... recvmsg resumed> {msg_name(0)=NULL, msg_iov(1)=[{"\0", 1}], msg_controllen=16, {cmsg_len=16, cmsg_level=SOL_SOCKET, cmsg_type=SCM_RIGHTS, {6}}, msg_flags=0}, 0) = 1
17342 14:02:50.250787 setsockopt(6, SOL_SOCKET, SO_KEEPALIVE, [1], 4) = 0
17342 14:02:50.250799 setsockopt(6, SOL_IP, IP_TOS, [8], 4) = 0
17342 14:02:50.250811 setsockopt(6, SOL_SOCKET, SO_LINGER, {onoff=1, linger=32767}, 8) = 0
17342 14:02:50.250822 rt_sigaction(SIGALRM, {0x805cad0, ~[RTMIN RT_1], 0}, NULL, 8) = 0
17342 14:02:50.250835 alarm(300)        = 300
17342 14:02:50.250848 write(0, "150 Opening BINARY mode data connection for myfile31 (17 bytes).\r\n", 66) = 66
17342 14:02:50.250890 _llseek(4, 0, [0], SEEK_CUR) = 0
17342 14:02:50.250902 fstat64(4, {st_mode=S_IFREG|0644, st_size=17, ...}) = 0
17342 14:02:50.250919 _llseek(4, 0, [0], SEEK_SET) = 0
17342 14:02:50.250929 sendfile(6, 4, NULL, 17) = 17
17342 14:02:50.250959 rt_sigaction(SIGALRM, {0x805cad0, ~[RTMIN RT_1], 0}, NULL, 8) = 0
17342 14:02:50.250973 alarm(300)        = 300
17342 14:02:50.250982 close(6)          = 0
17342 14:02:50.250992 alarm(0)          = 300
17342 14:02:50.251001 gettimeofday({1495648970, 251005}, NULL) = 0
17342 14:02:50.251016 gettimeofday({1495648970, 251020}, NULL) = 0
17342 14:02:50.251030 fcntl64(3, F_SETLKW64, {type=F_WRLCK, whence=SEEK_SET, start=0, len=0}, 0xbff4c0f4) = 0
17342 14:02:50.251044 write(3, "Wed May 24 14:02:50 2017 [pid 17342] [msfadmin] OK DOWNLOAD: Client \"127.0.0.1\", \"/home/msfadmin/myfile31\", 17 bytes, 46.76Kbyte/sec\n", 133) = 133
17342 14:02:50.251065 fcntl64(3, F_SETLK64, {type=F_UNLCK, whence=SEEK_SET, start=0, len=0}, 0xbff4c0fc) = 0
17342 14:02:50.251079 write(0, "226 Transfer complete.\r\n", 24) = 24
17342 14:02:50.251094 write(5, "\n", 1) = 1
17342 14:02:50.251104 read(5,  <unfinished ...>
17340 14:02:50.251111 close(6)          = 0
17340 14:02:50.251193 read(4, "\n", 1)  = 1
17340 14:02:50.251206 close(5)          = 0
17340 14:02:50.251217 write(4, "\1", 1) = 1
17342 14:02:50.251228 <... read resumed> "\1", 1) = 1
17342 14:02:50.251235 close(4)          = 0
17342 14:02:50.251245 rt_sigaction(SIGALRM, {0x805cad0, ~[RTMIN RT_1], 0}, NULL, 8) = 0
17342 14:02:50.251261 alarm(300)        = 0
17342 14:02:50.251272 recv(0,  <unfinished ...>
17340 14:02:50.251280 read(4,  <unfinished ...>
