27257 16:10:10.536600 geteuid32()       = 0
27257 16:10:10.536611 getegid32()       = 0
27257 16:10:10.536621 setregid32(-1, 1000) = 0
27257 16:10:10.536631 setreuid32(-1, 1000) = 0
27257 16:10:10.536642 chdir("/home/msfadmin") = 0
27257 16:10:10.536653 setreuid32(-1, 0) = 0
27257 16:10:10.536662 setregid32(-1, 0) = 0
27257 16:10:10.536673 setgid32(1000)    = 0
27257 16:10:10.536682 setuid32(1000)    = 0
27257 16:10:10.536692 setrlimit(RLIMIT_NPROC, {rlim_cur=0, rlim_max=0}) = 0
27257 16:10:10.536705 mmap2(NULL, 12288, PROT_READ|PROT_WRITE, MAP_PRIVATE|MAP_ANONYMOUS, -1, 0) = 0xb7f04000
27257 16:10:10.536716 mprotect(0xb7f06000, 4096, PROT_NONE) = 0
27257 16:10:10.536727 mprotect(0xb7f04000, 4096, PROT_NONE) = 0
27257 16:10:10.536737 getcwd("/home/msfadmin", 4096) = 15
27257 16:10:10.536750 umask(022)        = 077
27257 16:10:10.536760 getcwd("/home/msfadmin", 4096) = 15
27257 16:10:10.536773 open(".message", O_RDONLY|O_NONBLOCK|O_LARGEFILE) = -1 ENOENT (No such file or directory)
27257 16:10:10.536795 write(0, "230 Login successful.\r\n", 23) = 23
27257 16:10:10.536876 rt_sigaction(SIGALRM, {0x805cad0, ~[RTMIN RT_1], 0}, NULL, 8) = 0
27257 16:10:10.536892 alarm(300)        = 0
27257 16:10:10.536903 mmap2(NULL, 12288, PROT_READ|PROT_WRITE, MAP_PRIVATE|MAP_ANONYMOUS, -1, 0) = 0xb7f01000
27257 16:10:10.536914 mprotect(0xb7f03000, 4096, PROT_NONE) = 0
27257 16:10:10.536925 mprotect(0xb7f01000, 4096, PROT_NONE) = 0
27257 16:10:10.536938 recv(0, "TYPE I\r\n", 4096, MSG_PEEK) = 8
27257 16:10:10.536950 read(0, "TYPE I\r\n", 8) = 8
27257 16:10:10.536967 write(0, "200 Switching to Binary mode.\r\n", 31) = 31
27257 16:10:10.537006 rt_sigaction(SIGALRM, {0x805cad0, ~[RTMIN RT_1], 0}, NULL, 8) = 0
27257 16:10:10.537024 alarm(300)        = 300
27257 16:10:10.537035 recv(0, "PASV\r\n", 4096, MSG_PEEK) = 6
27257 16:10:10.537046 read(0, "PASV\r\n", 6) = 6
27257 16:10:10.537058 write(5, "\n", 1) = 1
27257 16:10:10.537069 read(5,  <unfinished ...>
27255 16:10:10.537081 close(5)          = 0
27255 16:10:10.537093 getuid32()        = 0
27255 16:10:10.537108 open("/etc/passwd", O_RDONLY|0x80000 /* O_??? */) = 5
27255 16:10:10.537273 _llseek(5, 0, [0], SEEK_CUR) = 0
27255 16:10:10.537286 fstat64(5, {st_mode=S_IFREG|0644, st_size=1624, ...}) = 0
27255 16:10:10.537314 mmap2(NULL, 1624, PROT_READ, MAP_SHARED, 5, 0) = 0xb7f06000
27255 16:10:10.537326 _llseek(5, 1624, [1624], SEEK_SET) = 0
27255 16:10:10.537343 munmap(0xb7f06000, 1624) = 0
27255 16:10:10.537355 close(5)          = 0
27255 16:10:10.537370 setgroups32(0, []) = 0
27255 16:10:10.537382 chdir("/usr/share/empty") = 0
27255 16:10:10.537394 chroot(".")       = 0
27255 16:10:10.537404 capset(NULL, NULL) = -1 EFAULT (Bad address)
27255 16:10:10.537417 prctl(0x8, 0, 0xbfe3c8d8, 0x80549a6, 0xbfe3c8c0) = 0
27255 16:10:10.537428 prctl(0x8, 0x1, 0xbfe3c8d8, 0x8054a49, 0xbfe3c8c0) = 0
27255 16:10:10.537438 setgid32(65534)   = 0
27255 16:10:10.537448 setuid32(65534)   = 0
27255 16:10:10.537458 capset(0x19980330, 0, {CAP_NET_BIND_SERVICE, CAP_NET_BIND_SERVICE, 0}) = 0
27255 16:10:10.537470 read(4, "\n", 1)  = 1
27255 16:10:10.537483 write(4, "\1", 1) = 1
27257 16:10:10.537494 <... read resumed> "\1", 1) = 1
27257 16:10:10.537501 write(5, "\f", 1) = 1
27257 16:10:10.537511 read(5,  <unfinished ...>
27255 16:10:10.537518 read(4, "\f", 1)  = 1
27255 16:10:10.537530 socket(PF_INET, SOCK_STREAM, IPPROTO_TCP) = 5
27255 16:10:10.537544 setsockopt(5, SOL_SOCKET, SO_REUSEADDR, [1], 4) = 0
27255 16:10:10.537555 gettimeofday({1495656610, 537558}, NULL) = 0
27255 16:10:10.537571 bind(5, {sa_family=AF_INET, sin_port=htons(34322), sin_addr=inet_addr("127.0.0.1")}, 16) = 0
27255 16:10:10.537587 listen(5, 1)      = 0
27255 16:10:10.537599 write(4, "\22\206\0\0", 4) = 4
27257 16:10:10.537610 <... read resumed> "\22\206\0\0", 4) = 4
27257 16:10:10.537624 write(0, "227 Entering Passive Mode (127,0,0,1,134,18).\r\n", 47) = 47
27257 16:10:10.537717 rt_sigaction(SIGALRM, {0x805cad0, ~[RTMIN RT_1], 0}, NULL, 8) = 0
27257 16:10:10.537733 alarm(300)        = 300
27257 16:10:10.537744 recv(0, "STOR myfile7\r\n", 4096, MSG_PEEK) = 14
27257 16:10:10.537756 read(0, "STOR myfile7\r\n", 14) = 14
27257 16:10:10.537771 write(5, "\v", 1) = 1
27257 16:10:10.537781 read(5,  <unfinished ...>
27255 16:10:10.537788 read(4, "\v", 1)  = 1
27255 16:10:10.537799 write(4, "\1\0\0\0", 4) = 4
27257 16:10:10.537810 <... read resumed> "\1\0\0\0", 4) = 4
27257 16:10:10.537818 gettimeofday({1495656610, 537822}, NULL) = 0
27257 16:10:10.537828 getcwd("/home/msfadmin", 4096) = 15
27257 16:10:10.537841 open("myfile7", O_WRONLY|O_CREAT|O_NONBLOCK|O_LARGEFILE, 0666) = 4
27257 16:10:10.537854 fstat64(4, {st_mode=S_IFREG|0644, st_size=17, ...}) = 0
27257 16:10:10.537870 fcntl64(4, F_GETFL) = 0x8801 (flags O_WRONLY|O_NONBLOCK|O_LARGEFILE)
27257 16:10:10.537881 fcntl64(4, F_SETFL, O_WRONLY|O_LARGEFILE) = 0
27257 16:10:10.537890 fcntl64(4, F_SETLKW64, {type=F_WRLCK, whence=SEEK_SET, start=0, len=0}, 0xbfe3c824) = 0
27257 16:10:10.537905 ftruncate64(4, 0) = 0
27257 16:10:10.537925 _llseek(4, 0, [0], SEEK_SET) = 0
27257 16:10:10.537936 write(5, "\v", 1) = 1
27257 16:10:10.537946 read(5,  <unfinished ...>
27255 16:10:10.537953 read(4, "\v", 1)  = 1
27255 16:10:10.537963 write(4, "\1\0\0\0", 4) = 4
27257 16:10:10.537974 <... read resumed> "\1\0\0\0", 4) = 4
27257 16:10:10.537981 write(5, "\v", 1) = 1
27257 16:10:10.537990 read(5,  <unfinished ...>
27255 16:10:10.537997 read(4, "\v", 1)  = 1
27255 16:10:10.538007 write(4, "\1\0\0\0", 4) = 4
27257 16:10:10.538017 <... read resumed> "\1\0\0\0", 4) = 4
27257 16:10:10.538024 write(5, "\r", 1) = 1
27257 16:10:10.538034 read(5,  <unfinished ...>
27255 16:10:10.538041 read(4, "\r", 1)  = 1
27255 16:10:10.538053 select(6, [5], NULL, NULL, {60, 0}) = 1 (in [5], left {60, 0})
27255 16:10:10.538073 accept(5, {sa_family=AF_INET, sin_port=htons(39878), sin_addr=inet_addr("127.0.0.1")}, [16]) = 6
27255 16:10:10.538095 write(4, "\1", 1) = 1
27257 16:10:10.538106 <... read resumed> "\1", 1) = 1
27257 16:10:10.538115 recvmsg(5,  <unfinished ...>
27255 16:10:10.538124 sendmsg(4, {msg_name(0)=NULL, msg_iov(1)=[{"\0", 1}], msg_controllen=16, {cmsg_len=16, cmsg_level=SOL_SOCKET, cmsg_type=SCM_RIGHTS, {6}}, msg_flags=0}, 0) = 1
27257 16:10:10.538141 <... recvmsg resumed> {msg_name(0)=NULL, msg_iov(1)=[{"\0", 1}], msg_controllen=16, {cmsg_len=16, cmsg_level=SOL_SOCKET, cmsg_type=SCM_RIGHTS, {6}}, msg_flags=0}, 0) = 1
27257 16:10:10.538153 setsockopt(6, SOL_SOCKET, SO_KEEPALIVE, [1], 4) = 0
27257 16:10:10.538165 setsockopt(6, SOL_IP, IP_TOS, [8], 4) = 0
27257 16:10:10.538177 setsockopt(6, SOL_SOCKET, SO_LINGER, {onoff=1, linger=32767}, 8) = 0
27257 16:10:10.538188 rt_sigaction(SIGALRM, {0x805cad0, ~[RTMIN RT_1], 0}, NULL, 8) = 0
27257 16:10:10.538201 alarm(300)        = 300
27257 16:10:10.538240 write(0, "150 Ok to send data.\r\n", 22) = 22
27257 16:10:10.538318 mmap2(NULL, 77824, PROT_READ|PROT_WRITE, MAP_PRIVATE|MAP_ANONYMOUS, -1, 0) = 0xb7d3b000
27257 16:10:10.538332 mprotect(0xb7d4d000, 4096, PROT_NONE) = 0
27257 16:10:10.538343 mprotect(0xb7d3b000, 4096, PROT_NONE) = 0
27257 16:10:10.538353 read(6, "assasaaa\na\na\na\na\n", 65536) = 17
27257 16:10:10.538366 write(4, "assasaaa\na\na\na\na\n", 17) = 17
27257 16:10:10.538382 read(6, "", 65536) = 0
27257 16:10:10.538392 rt_sigaction(SIGALRM, {0x805cad0, ~[RTMIN RT_1], 0}, NULL, 8) = 0
27257 16:10:10.538405 alarm(300)        = 300
27257 16:10:10.538414 close(6)          = 0
27257 16:10:10.538423 alarm(0)          = 300
27257 16:10:10.538432 gettimeofday({1495656610, 538436}, NULL) = 0
27257 16:10:10.538449 getpid()          = 27257
27257 16:10:10.538461 gettimeofday({1495656610, 538464}, NULL) = 0
27257 16:10:10.538481 fcntl64(3, F_SETLKW64, {type=F_WRLCK, whence=SEEK_SET, start=0, len=0}, 0xbfe3c7c4) = 0
27257 16:10:10.538496 write(3, "Wed May 24 16:10:10 2017 [pid 27257] [msfadmin] OK UPLOAD: Client \"127.0.0.1\", \"/home/msfadmin/myfile7\", 17 bytes, 25.86Kbyte/sec\n", 130) = 130
27257 16:10:10.538516 fcntl64(3, F_SETLK64, {type=F_UNLCK, whence=SEEK_SET, start=0, len=0}, 0xbfe3c7cc) = 0
27257 16:10:10.538530 write(0, "226 Transfer complete.\r\n", 24) = 24
27257 16:10:10.538571 write(5, "\n", 1) = 1
27257 16:10:10.538583 read(5,  <unfinished ...>
27255 16:10:10.538590 close(6)          = 0
27255 16:10:10.538608 read(4, "\n", 1)  = 1
27255 16:10:10.538620 close(5)          = 0
27255 16:10:10.538630 write(4, "\1", 1) = 1
27257 16:10:10.538641 <... read resumed> "\1", 1) = 1
27257 16:10:10.538647 close(4)          = 0
27257 16:10:10.538658 rt_sigaction(SIGALRM, {0x805cad0, ~[RTMIN RT_1], 0}, NULL, 8) = 0
27257 16:10:10.538671 alarm(300)        = 0
27257 16:10:10.538682 recv(0,  <unfinished ...>
27255 16:10:10.538689 read(4,  <unfinished ...>
27257 16:10:11.075007 <... recv resumed> "TYPE I\r\n", 4096, MSG_PEEK) = 8
27257 16:10:11.075038 read(0, "TYPE I\r\n", 8) = 8
27257 16:10:11.075061 write(0, "200 Switching to Binary mode.\r\n", 31) = 31
27257 16:10:11.075108 rt_sigaction(SIGALRM, {0x805cad0, ~[RTMIN RT_1], 0}, NULL, 8) = 0
27257 16:10:11.075126 alarm(300)        = 299
27257 16:10:11.075138 recv(0, "PASV\r\n", 4096, MSG_PEEK) = 6
27257 16:10:11.075150 read(0, "PASV\r\n", 6) = 6
27257 16:10:11.075162 write(5, "\n", 1) = 1
27257 16:10:11.075174 read(5,  <unfinished ...>
27255 16:10:11.075182 <... read resumed> "\n", 1) = 1
27255 16:10:11.075191 write(4, "\1", 1) = 1
27257 16:10:11.075202 <... read resumed> "\1", 1) = 1
27257 16:10:11.075209 write(5, "\f", 1) = 1
27257 16:10:11.075219 read(5,  <unfinished ...>
27255 16:10:11.075225 read(4, "\f", 1)  = 1
27255 16:10:11.075237 socket(PF_INET, SOCK_STREAM, IPPROTO_TCP) = 5
27255 16:10:11.075253 setsockopt(5, SOL_SOCKET, SO_REUSEADDR, [1], 4) = 0
27255 16:10:11.075268 bind(5, {sa_family=AF_INET, sin_port=htons(7186), sin_addr=inet_addr("127.0.0.1")}, 16) = 0
27255 16:10:11.075284 listen(5, 1)      = 0
27255 16:10:11.075306 write(4, "\22\34\0\0", 4) = 4
27257 16:10:11.075317 <... read resumed> "\22\34\0\0", 4) = 4
27257 16:10:11.075330 write(0, "227 Entering Passive Mode (127,0,0,1,28,18).\r\n", 46) = 46
27257 16:10:11.075443 rt_sigaction(SIGALRM, {0x805cad0, ~[RTMIN RT_1], 0}, NULL, 8) = 0
27257 16:10:11.075459 alarm(300)        = 300
27257 16:10:11.075471 recv(0, "STOR myfile8\r\n", 4096, MSG_PEEK) = 14
27257 16:10:11.075483 read(0, "STOR myfile8\r\n", 14) = 14
27257 16:10:11.075496 write(5, "\v", 1) = 1
27257 16:10:11.075506 read(5,  <unfinished ...>
27255 16:10:11.075513 read(4, "\v", 1)  = 1
27255 16:10:11.075524 write(4, "\1\0\0\0", 4) = 4
27257 16:10:11.075534 <... read resumed> "\1\0\0\0", 4) = 4
27257 16:10:11.075542 gettimeofday({1495656611, 75546}, NULL) = 0
27257 16:10:11.075553 getcwd("/home/msfadmin", 4096) = 15
27257 16:10:11.075565 open("myfile8", O_WRONLY|O_CREAT|O_NONBLOCK|O_LARGEFILE, 0666) = 4
27257 16:10:11.075579 fstat64(4, {st_mode=S_IFREG|0644, st_size=17, ...}) = 0
27257 16:10:11.075597 fcntl64(4, F_GETFL) = 0x8801 (flags O_WRONLY|O_NONBLOCK|O_LARGEFILE)
27257 16:10:11.075608 fcntl64(4, F_SETFL, O_WRONLY|O_LARGEFILE) = 0
27257 16:10:11.075618 fcntl64(4, F_SETLKW64, {type=F_WRLCK, whence=SEEK_SET, start=0, len=0}, 0xbfe3c824) = 0
27257 16:10:11.075632 ftruncate64(4, 0) = 0
27257 16:10:11.075650 _llseek(4, 0, [0], SEEK_SET) = 0
27257 16:10:11.075661 write(5, "\v", 1) = 1
27257 16:10:11.075671 read(5,  <unfinished ...>
27255 16:10:11.075678 read(4, "\v", 1)  = 1
27255 16:10:11.075717 write(4, "\1\0\0\0", 4) = 4
27257 16:10:11.075731 <... read resumed> "\1\0\0\0", 4) = 4
27257 16:10:11.075738 write(5, "\v", 1) = 1
27257 16:10:11.075757 read(5,  <unfinished ...>
27255 16:10:11.075764 read(4, "\v", 1)  = 1
27255 16:10:11.075775 write(4, "\1\0\0\0", 4) = 4
27257 16:10:11.075784 <... read resumed> "\1\0\0\0", 4) = 4
27257 16:10:11.075792 write(5, "\r", 1) = 1
27257 16:10:11.075801 read(5,  <unfinished ...>
27255 16:10:11.075807 read(4, "\r", 1)  = 1
27255 16:10:11.075819 select(6, [5], NULL, NULL, {60, 0}) = 1 (in [5], left {60, 0})
27255 16:10:11.075835 accept(5, {sa_family=AF_INET, sin_port=htons(54907), sin_addr=inet_addr("127.0.0.1")}, [16]) = 6
27255 16:10:11.075857 write(4, "\1", 1) = 1
27257 16:10:11.075867 <... read resumed> "\1", 1) = 1
27257 16:10:11.075876 recvmsg(5,  <unfinished ...>
27255 16:10:11.075884 sendmsg(4, {msg_name(0)=NULL, msg_iov(1)=[{"\0", 1}], msg_controllen=16, {cmsg_len=16, cmsg_level=SOL_SOCKET, cmsg_type=SCM_RIGHTS, {6}}, msg_flags=0}, 0) = 1
27257 16:10:11.075901 <... recvmsg resumed> {msg_name(0)=NULL, msg_iov(1)=[{"\0", 1}], msg_controllen=16, {cmsg_len=16, cmsg_level=SOL_SOCKET, cmsg_type=SCM_RIGHTS, {6}}, msg_flags=0}, 0) = 1
27257 16:10:11.075914 setsockopt(6, SOL_SOCKET, SO_KEEPALIVE, [1], 4) = 0
27257 16:10:11.075926 setsockopt(6, SOL_IP, IP_TOS, [8], 4) = 0
27257 16:10:11.075937 setsockopt(6, SOL_SOCKET, SO_LINGER, {onoff=1, linger=32767}, 8) = 0
27257 16:10:11.075948 rt_sigaction(SIGALRM, {0x805cad0, ~[RTMIN RT_1], 0}, NULL, 8) = 0
27257 16:10:11.075961 alarm(300)        = 300
27257 16:10:11.075974 write(0, "150 Ok to send data.\r\n", 22) = 22
27257 16:10:11.076040 read(6, "assasaaa\na\na\na\na\n", 65536) = 17
27257 16:10:11.076054 write(4, "assasaaa\na\na\na\na\n", 17) = 17
27257 16:10:11.076070 read(6, "", 65536) = 0
27257 16:10:11.076080 rt_sigaction(SIGALRM, {0x805cad0, ~[RTMIN RT_1], 0}, NULL, 8) = 0
27257 16:10:11.076093 alarm(300)        = 300
27257 16:10:11.076103 close(6)          = 0
27257 16:10:11.076112 alarm(0)          = 300
27257 16:10:11.076121 gettimeofday({1495656611, 76125}, NULL) = 0
27257 16:10:11.076136 gettimeofday({1495656611, 76140}, NULL) = 0
27257 16:10:11.076150 fcntl64(3, F_SETLKW64, {type=F_WRLCK, whence=SEEK_SET, start=0, len=0}, 0xbfe3c7c4) = 0
27257 16:10:11.076165 write(3, "Wed May 24 16:10:11 2017 [pid 27257] [msfadmin] OK UPLOAD: Client \"127.0.0.1\", \"/home/msfadmin/myfile8\", 17 bytes, 27.95Kbyte/sec\n", 130) = 130
27257 16:10:11.076186 fcntl64(3, F_SETLK64, {type=F_UNLCK, whence=SEEK_SET, start=0, len=0}, 0xbfe3c7cc) = 0
27257 16:10:11.076204 write(0, "226 Transfer complete.\r\n", 24) = 24
27257 16:10:11.076247 write(5, "\n", 1) = 1
27257 16:10:11.076259 read(5,  <unfinished ...>
27255 16:10:11.076266 close(6)          = 0
27255 16:10:11.076284 read(4, "\n", 1)  = 1
27255 16:10:11.076295 close(5)          = 0
27255 16:10:11.076306 write(4, "\1", 1) = 1
27257 16:10:11.076316 <... read resumed> "\1", 1) = 1
27257 16:10:11.076323 close(4)          = 0
27257 16:10:11.076333 rt_sigaction(SIGALRM, {0x805cad0, ~[RTMIN RT_1], 0}, NULL, 8) = 0
27257 16:10:11.076346 alarm(300)        = 0
27257 16:10:11.076357 recv(0,  <unfinished ...>
27255 16:10:11.076364 read(4,  <unfinished ...>
27257 16:10:11.595061 <... recv resumed> "TYPE I\r\n", 4096, MSG_PEEK) = 8
27257 16:10:11.595091 read(0, "TYPE I\r\n", 8) = 8
27257 16:10:11.595113 write(0, "200 Switching to Binary mode.\r\n", 31) = 31
27257 16:10:11.595160 rt_sigaction(SIGALRM, {0x805cad0, ~[RTMIN RT_1], 0}, NULL, 8) = 0
27257 16:10:11.595177 alarm(300)        = 299
27257 16:10:11.595189 recv(0, "PASV\r\n", 4096, MSG_PEEK) = 6
27257 16:10:11.595200 read(0, "PASV\r\n", 6) = 6
27257 16:10:11.595212 write(5, "\n", 1) = 1
27257 16:10:11.595224 read(5,  <unfinished ...>
27255 16:10:11.595233 <... read resumed> "\n", 1) = 1
27255 16:10:11.595241 write(4, "\1", 1) = 1
27257 16:10:11.595252 <... read resumed> "\1", 1) = 1
27257 16:10:11.595259 write(5, "\f", 1) = 1
27257 16:10:11.595269 read(5,  <unfinished ...>
27255 16:10:11.595275 read(4, "\f", 1)  = 1
27255 16:10:11.595287 socket(PF_INET, SOCK_STREAM, IPPROTO_TCP) = 5
27255 16:10:11.595303 setsockopt(5, SOL_SOCKET, SO_REUSEADDR, [1], 4) = 0
27255 16:10:11.595317 bind(5, {sa_family=AF_INET, sin_port=htons(54181), sin_addr=inet_addr("127.0.0.1")}, 16) = 0
27255 16:10:11.595333 listen(5, 1)      = 0
27255 16:10:11.595347 write(4, "\245\323\0\0", 4) = 4
27257 16:10:11.595358 <... read resumed> "\245\323\0\0", 4) = 4
27257 16:10:11.595370 write(0, "227 Entering Passive Mode (127,0,0,1,211,165).\r\n", 48) = 48
27257 16:10:11.595483 rt_sigaction(SIGALRM, {0x805cad0, ~[RTMIN RT_1], 0}, NULL, 8) = 0
27257 16:10:11.595500 alarm(300)        = 300
27257 16:10:11.595511 recv(0, "STOR myfile9\r\n", 4096, MSG_PEEK) = 14
27257 16:10:11.595523 read(0, "STOR myfile9\r\n", 14) = 14
27257 16:10:11.595536 write(5, "\v", 1) = 1
27257 16:10:11.595547 read(5,  <unfinished ...>
27255 16:10:11.595554 read(4, "\v", 1)  = 1
27255 16:10:11.595564 write(4, "\1\0\0\0", 4) = 4
27257 16:10:11.595574 <... read resumed> "\1\0\0\0", 4) = 4
27257 16:10:11.595582 gettimeofday({1495656611, 595586}, NULL) = 0
27257 16:10:11.595593 getcwd("/home/msfadmin", 4096) = 15
27257 16:10:11.595605 open("myfile9", O_WRONLY|O_CREAT|O_NONBLOCK|O_LARGEFILE, 0666) = 4
27257 16:10:11.595620 fstat64(4, {st_mode=S_IFREG|0644, st_size=17, ...}) = 0
27257 16:10:11.595637 fcntl64(4, F_GETFL) = 0x8801 (flags O_WRONLY|O_NONBLOCK|O_LARGEFILE)
27257 16:10:11.595649 fcntl64(4, F_SETFL, O_WRONLY|O_LARGEFILE) = 0
27257 16:10:11.595658 fcntl64(4, F_SETLKW64, {type=F_WRLCK, whence=SEEK_SET, start=0, len=0}, 0xbfe3c824) = 0
27257 16:10:11.595672 ftruncate64(4, 0) = 0
27257 16:10:11.595691 _llseek(4, 0, [0], SEEK_SET) = 0
27257 16:10:11.595702 write(5, "\v", 1) = 1
27257 16:10:11.595712 read(5,  <unfinished ...>
27255 16:10:11.595719 read(4, "\v", 1)  = 1
27255 16:10:11.595729 write(4, "\1\0\0\0", 4) = 4
27257 16:10:11.595740 <... read resumed> "\1\0\0\0", 4) = 4
27257 16:10:11.595764 write(5, "\v", 1) = 1
27257 16:10:11.595778 read(5,  <unfinished ...>
27255 16:10:11.595785 read(4, "\v", 1)  = 1
27255 16:10:11.595805 write(4, "\1\0\0\0", 4) = 4
27257 16:10:11.595815 <... read resumed> "\1\0\0\0", 4) = 4
27257 16:10:11.595822 write(5, "\r", 1) = 1
27257 16:10:11.595832 read(5,  <unfinished ...>
27255 16:10:11.595838 read(4, "\r", 1)  = 1
27255 16:10:11.595850 select(6, [5], NULL, NULL, {60, 0}) = 1 (in [5], left {60, 0})
27255 16:10:11.595866 accept(5, {sa_family=AF_INET, sin_port=htons(44336), sin_addr=inet_addr("127.0.0.1")}, [16]) = 6
27255 16:10:11.595888 write(4, "\1", 1) = 1
27257 16:10:11.595898 <... read resumed> "\1", 1) = 1
27257 16:10:11.595913 recvmsg(5,  <unfinished ...>
27255 16:10:11.595922 sendmsg(4, {msg_name(0)=NULL, msg_iov(1)=[{"\0", 1}], msg_controllen=16, {cmsg_len=16, cmsg_level=SOL_SOCKET, cmsg_type=SCM_RIGHTS, {6}}, msg_flags=0}, 0) = 1
27257 16:10:11.595939 <... recvmsg resumed> {msg_name(0)=NULL, msg_iov(1)=[{"\0", 1}], msg_controllen=16, {cmsg_len=16, cmsg_level=SOL_SOCKET, cmsg_type=SCM_RIGHTS, {6}}, msg_flags=0}, 0) = 1
27257 16:10:11.595952 setsockopt(6, SOL_SOCKET, SO_KEEPALIVE, [1], 4) = 0
27257 16:10:11.595964 setsockopt(6, SOL_IP, IP_TOS, [8], 4) = 0
27257 16:10:11.595976 setsockopt(6, SOL_SOCKET, SO_LINGER, {onoff=1, linger=32767}, 8) = 0
27257 16:10:11.595987 rt_sigaction(SIGALRM, {0x805cad0, ~[RTMIN RT_1], 0}, NULL, 8) = 0
27257 16:10:11.595999 alarm(300)        = 300
27257 16:10:11.596012 write(0, "150 Ok to send data.\r\n", 22) = 22
27257 16:10:11.596076 read(6, "assasaaa\na\na\na\na\n", 65536) = 17
27257 16:10:11.596090 write(4, "assasaaa\na\na\na\na\n", 17) = 17
27257 16:10:11.596106 read(6, "", 65536) = 0
27257 16:10:11.596116 rt_sigaction(SIGALRM, {0x805cad0, ~[RTMIN RT_1], 0}, NULL, 8) = 0
27257 16:10:11.596129 alarm(300)        = 300
27257 16:10:11.596139 close(6)          = 0
27257 16:10:11.596148 alarm(0)          = 300
27257 16:10:11.596157 gettimeofday({1495656611, 596161}, NULL) = 0
27257 16:10:11.596172 gettimeofday({1495656611, 596176}, NULL) = 0
27257 16:10:11.596186 fcntl64(3, F_SETLKW64, {type=F_WRLCK, whence=SEEK_SET, start=0, len=0}, 0xbfe3c7c4) = 0
27257 16:10:11.596200 write(3, "Wed May 24 16:10:11 2017 [pid 27257] [msfadmin] OK UPLOAD: Client \"127.0.0.1\", \"/home/msfadmin/myfile9\", 17 bytes, 28.14Kbyte/sec\n", 130) = 130
27257 16:10:11.596221 fcntl64(3, F_SETLK64, {type=F_UNLCK, whence=SEEK_SET, start=0, len=0}, 0xbfe3c7cc) = 0
27257 16:10:11.596236 write(0, "226 Transfer complete.\r\n", 24) = 24
27257 16:10:11.596279 write(5, "\n", 1) = 1
27257 16:10:11.596290 read(5,  <unfinished ...>
27255 16:10:11.596297 close(6)          = 0
27255 16:10:11.596315 read(4, "\n", 1)  = 1
27255 16:10:11.596326 close(5)          = 0
27255 16:10:11.596337 write(4, "\1", 1) = 1
27257 16:10:11.596347 <... read resumed> "\1", 1) = 1
27257 16:10:11.596354 close(4)          = 0
27257 16:10:11.596364 rt_sigaction(SIGALRM, {0x805cad0, ~[RTMIN RT_1], 0}, NULL, 8) = 0
27257 16:10:11.596377 alarm(300)        = 0
27257 16:10:11.596388 recv(0,  <unfinished ...>
27255 16:10:11.596395 read(4,  <unfinished ...>
27257 16:10:12.105069 <... recv resumed> "TYPE I\r\n", 4096, MSG_PEEK) = 8
27257 16:10:12.105100 read(0, "TYPE I\r\n", 8) = 8
27257 16:10:12.105121 write(0, "200 Switching to Binary mode.\r\n", 31) = 31
27257 16:10:12.105169 rt_sigaction(SIGALRM, {0x805cad0, ~[RTMIN RT_1], 0}, NULL, 8) = 0
27257 16:10:12.105187 alarm(300)        = 299
27257 16:10:12.105199 recv(0, "PASV\r\n", 4096, MSG_PEEK) = 6
27257 16:10:12.105210 read(0, "PASV\r\n", 6) = 6
27257 16:10:12.105222 write(5, "\n", 1) = 1
27257 16:10:12.105234 read(5,  <unfinished ...>
27255 16:10:12.105243 <... read resumed> "\n", 1) = 1
27255 16:10:12.105252 write(4, "\1", 1) = 1
27257 16:10:12.105262 <... read resumed> "\1", 1) = 1
27257 16:10:12.105269 write(5, "\f", 1) = 1
27257 16:10:12.105279 read(5,  <unfinished ...>
27255 16:10:12.105285 read(4, "\f", 1)  = 1
27255 16:10:12.105297 socket(PF_INET, SOCK_STREAM, IPPROTO_TCP) = 5
27255 16:10:12.105313 setsockopt(5, SOL_SOCKET, SO_REUSEADDR, [1], 4) = 0
27255 16:10:12.105327 bind(5, {sa_family=AF_INET, sin_port=htons(27458), sin_addr=inet_addr("127.0.0.1")}, 16) = 0
27255 16:10:12.105344 listen(5, 1)      = 0
27255 16:10:12.105358 write(4, "Bk\0\0", 4) = 4
27257 16:10:12.105368 <... read resumed> "Bk\0\0", 4) = 4
27257 16:10:12.105380 write(0, "227 Entering Passive Mode (127,0,0,1,107,66).\r\n", 47) = 47
27257 16:10:12.105492 rt_sigaction(SIGALRM, {0x805cad0, ~[RTMIN RT_1], 0}, NULL, 8) = 0
27257 16:10:12.105509 alarm(300)        = 300
27257 16:10:12.105520 recv(0, "STOR myfile10\r\n", 4096, MSG_PEEK) = 15
27257 16:10:12.105532 read(0, "STOR myfile10\r\n", 15) = 15
27257 16:10:12.105546 write(5, "\v", 1) = 1
27257 16:10:12.105565 read(5,  <unfinished ...>
27255 16:10:12.105572 read(4, "\v", 1)  = 1
27255 16:10:12.105583 write(4, "\1\0\0\0", 4) = 4
27257 16:10:12.105593 <... read resumed> "\1\0\0\0", 4) = 4
27257 16:10:12.105601 gettimeofday({1495656612, 105605}, NULL) = 0
27257 16:10:12.105612 getcwd("/home/msfadmin", 4096) = 15
27257 16:10:12.105625 open("myfile10", O_WRONLY|O_CREAT|O_NONBLOCK|O_LARGEFILE, 0666) = 4
27257 16:10:12.105639 fstat64(4, {st_mode=S_IFREG|0644, st_size=17, ...}) = 0
27257 16:10:12.105657 fcntl64(4, F_GETFL) = 0x8801 (flags O_WRONLY|O_NONBLOCK|O_LARGEFILE)
27257 16:10:12.105668 fcntl64(4, F_SETFL, O_WRONLY|O_LARGEFILE) = 0
27257 16:10:12.105678 fcntl64(4, F_SETLKW64, {type=F_WRLCK, whence=SEEK_SET, start=0, len=0}, 0xbfe3c824) = 0
27257 16:10:12.105724 ftruncate64(4, 0) = 0
27257 16:10:12.105753 _llseek(4, 0, [0], SEEK_SET) = 0
27257 16:10:12.105764 write(5, "\v", 1) = 1
27257 16:10:12.105774 read(5,  <unfinished ...>
27255 16:10:12.105781 read(4, "\v", 1)  = 1
27255 16:10:12.105792 write(4, "\1\0\0\0", 4) = 4
27257 16:10:12.105803 <... read resumed> "\1\0\0\0", 4) = 4
27257 16:10:12.105810 write(5, "\v", 1) = 1
27257 16:10:12.105819 read(5,  <unfinished ...>
27255 16:10:12.105826 read(4, "\v", 1)  = 1
27255 16:10:12.105836 write(4, "\1\0\0\0", 4) = 4
27257 16:10:12.105846 <... read resumed> "\1\0\0\0", 4) = 4
27257 16:10:12.105854 write(5, "\r", 1) = 1
27257 16:10:12.105863 read(5,  <unfinished ...>
27255 16:10:12.105870 read(4, "\r", 1)  = 1
27255 16:10:12.105881 select(6, [5], NULL, NULL, {60, 0}) = 1 (in [5], left {60, 0})
27255 16:10:12.105897 accept(5, {sa_family=AF_INET, sin_port=htons(41470), sin_addr=inet_addr("127.0.0.1")}, [16]) = 6
27255 16:10:12.105919 write(4, "\1", 1) = 1
27257 16:10:12.105929 <... read resumed> "\1", 1) = 1
27257 16:10:12.105938 recvmsg(5,  <unfinished ...>
27255 16:10:12.105946 sendmsg(4, {msg_name(0)=NULL, msg_iov(1)=[{"\0", 1}], msg_controllen=16, {cmsg_len=16, cmsg_level=SOL_SOCKET, cmsg_type=SCM_RIGHTS, {6}}, msg_flags=0}, 0) = 1
27257 16:10:12.105963 <... recvmsg resumed> {msg_name(0)=NULL, msg_iov(1)=[{"\0", 1}], msg_controllen=16, {cmsg_len=16, cmsg_level=SOL_SOCKET, cmsg_type=SCM_RIGHTS, {6}}, msg_flags=0}, 0) = 1
27257 16:10:12.105976 setsockopt(6, SOL_SOCKET, SO_KEEPALIVE, [1], 4) = 0
27257 16:10:12.105988 setsockopt(6, SOL_IP, IP_TOS, [8], 4) = 0
27257 16:10:12.106000 setsockopt(6, SOL_SOCKET, SO_LINGER, {onoff=1, linger=32767}, 8) = 0
27257 16:10:12.106011 rt_sigaction(SIGALRM, {0x805cad0, ~[RTMIN RT_1], 0}, NULL, 8) = 0
27257 16:10:12.106024 alarm(300)        = 300
27257 16:10:12.106036 write(0, "150 Ok to send data.\r\n", 22) = 22
27257 16:10:12.106103 read(6, "assasaaa\na\na\na\na\n", 65536) = 17
27257 16:10:12.106117 write(4, "assasaaa\na\na\na\na\n", 17) = 17
27257 16:10:12.106133 read(6, "", 65536) = 0
27257 16:10:12.106143 rt_sigaction(SIGALRM, {0x805cad0, ~[RTMIN RT_1], 0}, NULL, 8) = 0
27257 16:10:12.106156 alarm(300)        = 300
27257 16:10:12.106165 close(6)          = 0
27257 16:10:12.106174 alarm(0)          = 300
27257 16:10:12.106184 gettimeofday({1495656612, 106187}, NULL) = 0
27257 16:10:12.106199 gettimeofday({1495656612, 106202}, NULL) = 0
27257 16:10:12.106213 fcntl64(3, F_SETLKW64, {type=F_WRLCK, whence=SEEK_SET, start=0, len=0}, 0xbfe3c7c4) = 0
27257 16:10:12.106227 write(3, "Wed May 24 16:10:12 2017 [pid 27257] [msfadmin] OK UPLOAD: Client \"127.0.0.1\", \"/home/msfadmin/myfile10\", 17 bytes, 27.81Kbyte/sec\n", 131) = 131
27257 16:10:12.106249 fcntl64(3, F_SETLK64, {type=F_UNLCK, whence=SEEK_SET, start=0, len=0}, 0xbfe3c7cc) = 0
27257 16:10:12.106263 write(0, "226 Transfer complete.\r\n", 24) = 24
27257 16:10:12.106306 write(5, "\n", 1) = 1
27257 16:10:12.106317 read(5,  <unfinished ...>
27255 16:10:12.106324 close(6)          = 0
27255 16:10:12.106342 read(4, "\n", 1)  = 1
27255 16:10:12.106353 close(5)          = 0
27255 16:10:12.106364 write(4, "\1", 1) = 1
27257 16:10:12.106374 <... read resumed> "\1", 1) = 1
27257 16:10:12.106381 close(4)          = 0
27257 16:10:12.106392 rt_sigaction(SIGALRM, {0x805cad0, ~[RTMIN RT_1], 0}, NULL, 8) = 0
27257 16:10:12.106408 alarm(300)        = 0
27257 16:10:12.106419 recv(0,  <unfinished ...>
27255 16:10:12.106427 read(4,  <unfinished ...>
27257 16:10:12.645925 <... recv resumed> "TYPE I\r\n", 4096, MSG_PEEK) = 8
27257 16:10:12.646062 read(0, "TYPE I\r\n", 8) = 8
27257 16:10:12.646182 write(0, "200 Switching to Binary mode.\r\n", 31) = 31
27257 16:10:12.646286 rt_sigaction(SIGALRM, {0x805cad0, ~[RTMIN RT_1], 0}, NULL, 8) = 0
27257 16:10:12.646321 alarm(300)        = 299
27257 16:10:12.646346 recv(0, "PASV\r\n", 4096, MSG_PEEK) = 6
27257 16:10:12.646364 read(0, "PASV\r\n", 6) = 6
27257 16:10:12.646395 write(5, "\n", 1) = 1
27257 16:10:12.646408 read(5,  <unfinished ...>
27255 16:10:12.646417 <... read resumed> "\n", 1) = 1
27255 16:10:12.646426 write(4, "\1", 1) = 1
27257 16:10:12.646437 <... read resumed> "\1", 1) = 1
27257 16:10:12.646444 write(5, "\f", 1) = 1
27257 16:10:12.646453 read(5,  <unfinished ...>
27255 16:10:12.646460 read(4, "\f", 1)  = 1
27255 16:10:12.646472 socket(PF_INET, SOCK_STREAM, IPPROTO_TCP) = 5
27255 16:10:12.646487 setsockopt(5, SOL_SOCKET, SO_REUSEADDR, [1], 4) = 0
27255 16:10:12.646502 bind(5, {sa_family=AF_INET, sin_port=htons(31574), sin_addr=inet_addr("127.0.0.1")}, 16) = 0
27255 16:10:12.646518 listen(5, 1)      = 0
27255 16:10:12.646532 write(4, "V{\0\0", 4) = 4
27257 16:10:12.646542 <... read resumed> "V{\0\0", 4) = 4
27257 16:10:12.646554 write(0, "227 Entering Passive Mode (127,0,0,1,123,86).\r\n", 47) = 47
27257 16:10:12.646667 rt_sigaction(SIGALRM, {0x805cad0, ~[RTMIN RT_1], 0}, NULL, 8) = 0
27257 16:10:12.646684 alarm(300)        = 300
27257 16:10:12.646695 recv(0, "STOR myfile11\r\n", 4096, MSG_PEEK) = 15
27257 16:10:12.646707 read(0, "STOR myfile11\r\n", 15) = 15
27257 16:10:12.646720 write(5, "\v", 1) = 1
27257 16:10:12.646731 read(5,  <unfinished ...>
27255 16:10:12.646738 read(4, "\v", 1)  = 1
27255 16:10:12.646748 write(4, "\1\0\0\0", 4) = 4
27257 16:10:12.646759 <... read resumed> "\1\0\0\0", 4) = 4
27257 16:10:12.646766 gettimeofday({1495656612, 646770}, NULL) = 0
27257 16:10:12.646777 getcwd("/home/msfadmin", 4096) = 15
27257 16:10:12.646790 open("myfile11", O_WRONLY|O_CREAT|O_NONBLOCK|O_LARGEFILE, 0666) = 4
27257 16:10:12.646804 fstat64(4, {st_mode=S_IFREG|0644, st_size=17, ...}) = 0
27257 16:10:12.646821 fcntl64(4, F_GETFL) = 0x8801 (flags O_WRONLY|O_NONBLOCK|O_LARGEFILE)
27257 16:10:12.646833 fcntl64(4, F_SETFL, O_WRONLY|O_LARGEFILE) = 0
27257 16:10:12.646842 fcntl64(4, F_SETLKW64, {type=F_WRLCK, whence=SEEK_SET, start=0, len=0}, 0xbfe3c824) = 0
27257 16:10:12.646856 ftruncate64(4, 0) = 0
27257 16:10:12.646907 _llseek(4, 0, [0], SEEK_SET) = 0
27257 16:10:12.646929 write(5, "\v", 1) = 1
27257 16:10:12.646940 read(5,  <unfinished ...>
27255 16:10:12.646947 read(4, "\v", 1)  = 1
27255 16:10:12.646958 write(4, "\1\0\0\0", 4) = 4
27257 16:10:12.646968 <... read resumed> "\1\0\0\0", 4) = 4
27257 16:10:12.646975 write(5, "\v", 1) = 1
27257 16:10:12.646985 read(5,  <unfinished ...>
27255 16:10:12.646991 read(4, "\v", 1)  = 1
27255 16:10:12.647002 write(4, "\1\0\0\0", 4) = 4
27257 16:10:12.647012 <... read resumed> "\1\0\0\0", 4) = 4
27257 16:10:12.647019 write(5, "\r", 1) = 1
27257 16:10:12.647029 read(5,  <unfinished ...>
27255 16:10:12.647035 read(4, "\r", 1)  = 1
27255 16:10:12.647047 select(6, [5], NULL, NULL, {60, 0}) = 1 (in [5], left {60, 0})
27255 16:10:12.647063 accept(5, {sa_family=AF_INET, sin_port=htons(53780), sin_addr=inet_addr("127.0.0.1")}, [16]) = 6
27255 16:10:12.647085 write(4, "\1", 1) = 1
27257 16:10:12.647095 <... read resumed> "\1", 1) = 1
27257 16:10:12.647104 recvmsg(5,  <unfinished ...>
27255 16:10:12.647112 sendmsg(4, {msg_name(0)=NULL, msg_iov(1)=[{"\0", 1}], msg_controllen=16, {cmsg_len=16, cmsg_level=SOL_SOCKET, cmsg_type=SCM_RIGHTS, {6}}, msg_flags=0}, 0) = 1
27257 16:10:12.647129 <... recvmsg resumed> {msg_name(0)=NULL, msg_iov(1)=[{"\0", 1}], msg_controllen=16, {cmsg_len=16, cmsg_level=SOL_SOCKET, cmsg_type=SCM_RIGHTS, {6}}, msg_flags=0}, 0) = 1
27257 16:10:12.647142 setsockopt(6, SOL_SOCKET, SO_KEEPALIVE, [1], 4) = 0
27257 16:10:12.647161 setsockopt(6, SOL_IP, IP_TOS, [8], 4) = 0
27257 16:10:12.647172 setsockopt(6, SOL_SOCKET, SO_LINGER, {onoff=1, linger=32767}, 8) = 0
27257 16:10:12.647183 rt_sigaction(SIGALRM, {0x805cad0, ~[RTMIN RT_1], 0}, NULL, 8) = 0
27257 16:10:12.647197 alarm(300)        = 300
27257 16:10:12.647209 write(0, "150 Ok to send data.\r\n", 22) = 22
27257 16:10:12.647275 read(6, "assasaaa\na\na\na\na\n", 65536) = 17
27257 16:10:12.647289 write(4, "assasaaa\na\na\na\na\n", 17) = 17
27257 16:10:12.647305 read(6, "", 65536) = 0
27257 16:10:12.647315 rt_sigaction(SIGALRM, {0x805cad0, ~[RTMIN RT_1], 0}, NULL, 8) = 0
27257 16:10:12.647328 alarm(300)        = 300
27257 16:10:12.647338 close(6)          = 0
27257 16:10:12.647347 alarm(0)          = 300
27257 16:10:12.647356 gettimeofday({1495656612, 647360}, NULL) = 0
27257 16:10:12.647429 gettimeofday({1495656612, 647434}, NULL) = 0
27257 16:10:12.647444 fcntl64(3, F_SETLKW64, {type=F_WRLCK, whence=SEEK_SET, start=0, len=0}, 0xbfe3c7c4) = 0
27257 16:10:12.647459 write(3, "Wed May 24 16:10:12 2017 [pid 27257] [msfadmin] OK UPLOAD: Client \"127.0.0.1\", \"/home/msfadmin/myfile11\", 17 bytes, 25.00Kbyte/sec\n", 131) = 131
27257 16:10:12.647480 fcntl64(3, F_SETLK64, {type=F_UNLCK, whence=SEEK_SET, start=0, len=0}, 0xbfe3c7cc) = 0
27257 16:10:12.647495 write(0, "226 Transfer complete.\r\n", 24) = 24
27257 16:10:12.647540 write(5, "\n", 1) = 1
27257 16:10:12.647552 read(5,  <unfinished ...>
27255 16:10:12.647559 close(6)          = 0
27255 16:10:12.647577 read(4, "\n", 1)  = 1
27255 16:10:12.647589 close(5)          = 0
27255 16:10:12.647599 write(4, "\1", 1) = 1
27257 16:10:12.647609 <... read resumed> "\1", 1) = 1
27257 16:10:12.647616 close(4)          = 0
27257 16:10:12.647627 rt_sigaction(SIGALRM, {0x805cad0, ~[RTMIN RT_1], 0}, NULL, 8) = 0
27257 16:10:12.647640 alarm(300)        = 0
27257 16:10:12.647651 recv(0,  <unfinished ...>
27255 16:10:12.647658 read(4,  <unfinished ...>
27257 16:10:13.155179 <... recv resumed> "TYPE I\r\n", 4096, MSG_PEEK) = 8
27257 16:10:13.155211 read(0, "TYPE I\r\n", 8) = 8
27257 16:10:13.155232 write(0, "200 Switching to Binary mode.\r\n", 31) = 31
27257 16:10:13.155279 rt_sigaction(SIGALRM, {0x805cad0, ~[RTMIN RT_1], 0}, NULL, 8) = 0
27257 16:10:13.155296 alarm(300)        = 299
27257 16:10:13.155309 recv(0, "PASV\r\n", 4096, MSG_PEEK) = 6
27257 16:10:13.155320 read(0, "PASV\r\n", 6) = 6
27257 16:10:13.155332 write(5, "\n", 1) = 1
27257 16:10:13.155344 read(5,  <unfinished ...>
27255 16:10:13.155353 <... read resumed> "\n", 1) = 1
27255 16:10:13.155362 write(4, "\1", 1) = 1
27257 16:10:13.155372 <... read resumed> "\1", 1) = 1
27257 16:10:13.155379 write(5, "\f", 1) = 1
27257 16:10:13.155403 read(5,  <unfinished ...>
27255 16:10:13.155413 read(4, "\f", 1)  = 1
27255 16:10:13.155426 socket(PF_INET, SOCK_STREAM, IPPROTO_TCP) = 5
27255 16:10:13.155441 setsockopt(5, SOL_SOCKET, SO_REUSEADDR, [1], 4) = 0
27255 16:10:13.155455 bind(5, {sa_family=AF_INET, sin_port=htons(40519), sin_addr=inet_addr("127.0.0.1")}, 16) = 0
27255 16:10:13.155473 listen(5, 1)      = 0
27255 16:10:13.155486 write(4, "G\236\0\0", 4) = 4
27257 16:10:13.155498 <... read resumed> "G\236\0\0", 4) = 4
27257 16:10:13.155510 write(0, "227 Entering Passive Mode (127,0,0,1,158,71).\r\n", 47) = 47
27257 16:10:13.155621 rt_sigaction(SIGALRM, {0x805cad0, ~[RTMIN RT_1], 0}, NULL, 8) = 0
27257 16:10:13.155638 alarm(300)        = 300
27257 16:10:13.155649 recv(0, "STOR myfile12\r\n", 4096, MSG_PEEK) = 15
27257 16:10:13.155661 read(0, "STOR myfile12\r\n", 15) = 15
27257 16:10:13.155675 write(5, "\v", 1) = 1
27257 16:10:13.155685 read(5,  <unfinished ...>
27255 16:10:13.155692 read(4, "\v", 1)  = 1
27255 16:10:13.155703 write(4, "\1\0\0\0", 4) = 4
27257 16:10:13.155714 <... read resumed> "\1\0\0\0", 4) = 4
27257 16:10:13.155721 gettimeofday({1495656613, 155725}, NULL) = 0
27257 16:10:13.155732 getcwd("/home/msfadmin", 4096) = 15
27257 16:10:13.155745 open("myfile12", O_WRONLY|O_CREAT|O_NONBLOCK|O_LARGEFILE, 0666) = 4
27257 16:10:13.155759 fstat64(4, {st_mode=S_IFREG|0644, st_size=17, ...}) = 0
27257 16:10:13.155785 fcntl64(4, F_GETFL) = 0x8801 (flags O_WRONLY|O_NONBLOCK|O_LARGEFILE)
27257 16:10:13.155796 fcntl64(4, F_SETFL, O_WRONLY|O_LARGEFILE) = 0
27257 16:10:13.155806 fcntl64(4, F_SETLKW64, {type=F_WRLCK, whence=SEEK_SET, start=0, len=0}, 0xbfe3c824) = 0
27257 16:10:13.155820 ftruncate64(4, 0) = 0
27257 16:10:13.155837 _llseek(4, 0, [0], SEEK_SET) = 0
27257 16:10:13.155848 write(5, "\v", 1) = 1
27257 16:10:13.155859 read(5,  <unfinished ...>
27255 16:10:13.155866 read(4, "\v", 1)  = 1
27255 16:10:13.155876 write(4, "\1\0\0\0", 4) = 4
27257 16:10:13.155915 <... read resumed> "\1\0\0\0", 4) = 4
27257 16:10:13.155924 write(5, "\v", 1) = 1
27257 16:10:13.155934 read(5,  <unfinished ...>
27255 16:10:13.155951 read(4, "\v", 1)  = 1
27255 16:10:13.155962 write(4, "\1\0\0\0", 4) = 4
27257 16:10:13.155972 <... read resumed> "\1\0\0\0", 4) = 4
27257 16:10:13.155979 write(5, "\r", 1) = 1
27257 16:10:13.155988 read(5,  <unfinished ...>
27255 16:10:13.155995 read(4, "\r", 1)  = 1
27255 16:10:13.156007 select(6, [5], NULL, NULL, {60, 0}) = 1 (in [5], left {60, 0})
27255 16:10:13.156023 accept(5, {sa_family=AF_INET, sin_port=htons(36206), sin_addr=inet_addr("127.0.0.1")}, [16]) = 6
27255 16:10:13.156045 write(4, "\1", 1) = 1
27257 16:10:13.156056 <... read resumed> "\1", 1) = 1
27257 16:10:13.156064 recvmsg(5,  <unfinished ...>
27255 16:10:13.156072 sendmsg(4, {msg_name(0)=NULL, msg_iov(1)=[{"\0", 1}], msg_controllen=16, {cmsg_len=16, cmsg_level=SOL_SOCKET, cmsg_type=SCM_RIGHTS, {6}}, msg_flags=0}, 0) = 1
27257 16:10:13.156089 <... recvmsg resumed> {msg_name(0)=NULL, msg_iov(1)=[{"\0", 1}], msg_controllen=16, {cmsg_len=16, cmsg_level=SOL_SOCKET, cmsg_type=SCM_RIGHTS, {6}}, msg_flags=0}, 0) = 1
27257 16:10:13.156102 setsockopt(6, SOL_SOCKET, SO_KEEPALIVE, [1], 4) = 0
27257 16:10:13.156114 setsockopt(6, SOL_IP, IP_TOS, [8], 4) = 0
27257 16:10:13.156126 setsockopt(6, SOL_SOCKET, SO_LINGER, {onoff=1, linger=32767}, 8) = 0
27257 16:10:13.156137 rt_sigaction(SIGALRM, {0x805cad0, ~[RTMIN RT_1], 0}, NULL, 8) = 0
27257 16:10:13.156150 alarm(300)        = 300
27257 16:10:13.156162 write(0, "150 Ok to send data.\r\n", 22) = 22
27257 16:10:13.156229 read(6, "assasaaa\na\na\na\na\n", 65536) = 17
27257 16:10:13.156243 write(4, "assasaaa\na\na\na\na\n", 17) = 17
27257 16:10:13.156259 read(6, "", 65536) = 0
27257 16:10:13.156269 rt_sigaction(SIGALRM, {0x805cad0, ~[RTMIN RT_1], 0}, NULL, 8) = 0
27257 16:10:13.156282 alarm(300)        = 300
27257 16:10:13.156292 close(6)          = 0
27257 16:10:13.156301 alarm(0)          = 300
27257 16:10:13.156310 gettimeofday({1495656613, 156314}, NULL) = 0
27257 16:10:13.156325 gettimeofday({1495656613, 156329}, NULL) = 0
27257 16:10:13.156340 fcntl64(3, F_SETLKW64, {type=F_WRLCK, whence=SEEK_SET, start=0, len=0}, 0xbfe3c7c4) = 0
27257 16:10:13.156354 write(3, "Wed May 24 16:10:13 2017 [pid 27257] [msfadmin] OK UPLOAD: Client \"127.0.0.1\", \"/home/msfadmin/myfile12\", 17 bytes, 27.49Kbyte/sec\n", 131) = 131
27257 16:10:13.156376 fcntl64(3, F_SETLK64, {type=F_UNLCK, whence=SEEK_SET, start=0, len=0}, 0xbfe3c7cc) = 0
27257 16:10:13.156419 write(0, "226 Transfer complete.\r\n", 24) = 24
27257 16:10:13.156475 write(5, "\n", 1) = 1
27257 16:10:13.156488 read(5,  <unfinished ...>
27255 16:10:13.156495 close(6)          = 0
27255 16:10:13.156513 read(4, "\n", 1)  = 1
27255 16:10:13.156525 close(5)          = 0
27255 16:10:13.156536 write(4, "\1", 1) = 1
27257 16:10:13.156546 <... read resumed> "\1", 1) = 1
27257 16:10:13.156553 close(4)          = 0
27257 16:10:13.156563 rt_sigaction(SIGALRM, {0x805cad0, ~[RTMIN RT_1], 0}, NULL, 8) = 0
27257 16:10:13.156576 alarm(300)        = 0
27257 16:10:13.156587 recv(0,  <unfinished ...>
27255 16:10:13.156594 read(4,  <unfinished ...>
27257 16:10:13.695819 <... recv resumed> "TYPE I\r\n", 4096, MSG_PEEK) = 8
27257 16:10:13.695946 read(0, "TYPE I\r\n", 8) = 8
27257 16:10:13.696058 write(0, "200 Switching to Binary mode.\r\n", 31) = 31
27257 16:10:13.696159 rt_sigaction(SIGALRM, {0x805cad0, ~[RTMIN RT_1], 0}, NULL, 8) = 0
27257 16:10:13.696193 alarm(300)        = 299
27257 16:10:13.696227 recv(0, "PASV\r\n", 4096, MSG_PEEK) = 6
27257 16:10:13.696243 read(0, "PASV\r\n", 6) = 6
27257 16:10:13.696256 write(5, "\n", 1) = 1
27257 16:10:13.696268 read(5,  <unfinished ...>
27255 16:10:13.696276 <... read resumed> "\n", 1) = 1
27255 16:10:13.696285 write(4, "\1", 1) = 1
27257 16:10:13.696296 <... read resumed> "\1", 1) = 1
27257 16:10:13.696303 write(5, "\f", 1) = 1
27257 16:10:13.696313 read(5,  <unfinished ...>
27255 16:10:13.696319 read(4, "\f", 1)  = 1
27255 16:10:13.696331 socket(PF_INET, SOCK_STREAM, IPPROTO_TCP) = 5
27255 16:10:13.696346 setsockopt(5, SOL_SOCKET, SO_REUSEADDR, [1], 4) = 0
27255 16:10:13.696360 bind(5, {sa_family=AF_INET, sin_port=htons(55344), sin_addr=inet_addr("127.0.0.1")}, 16) = 0
27255 16:10:13.696377 listen(5, 1)      = 0
27255 16:10:13.696391 write(4, "0\330\0\0", 4) = 4
27257 16:10:13.696402 <... read resumed> "0\330\0\0", 4) = 4
27257 16:10:13.696414 write(0, "227 Entering Passive Mode (127,0,0,1,216,48).\r\n", 47) = 47
27257 16:10:13.696528 rt_sigaction(SIGALRM, {0x805cad0, ~[RTMIN RT_1], 0}, NULL, 8) = 0
27257 16:10:13.696545 alarm(300)        = 300
27257 16:10:13.696556 recv(0, "STOR myfile13\r\n", 4096, MSG_PEEK) = 15
27257 16:10:13.696568 read(0, "STOR myfile13\r\n", 15) = 15
27257 16:10:13.696581 write(5, "\v", 1) = 1
27257 16:10:13.696592 read(5,  <unfinished ...>
27255 16:10:13.696599 read(4, "\v", 1)  = 1
27255 16:10:13.696610 write(4, "\1\0\0\0", 4) = 4
27257 16:10:13.696620 <... read resumed> "\1\0\0\0", 4) = 4
27257 16:10:13.696628 gettimeofday({1495656613, 696632}, NULL) = 0
27257 16:10:13.696639 getcwd("/home/msfadmin", 4096) = 15
27257 16:10:13.696651 open("myfile13", O_WRONLY|O_CREAT|O_NONBLOCK|O_LARGEFILE, 0666) = 4
27257 16:10:13.696666 fstat64(4, {st_mode=S_IFREG|0644, st_size=17, ...}) = 0
27257 16:10:13.696683 fcntl64(4, F_GETFL) = 0x8801 (flags O_WRONLY|O_NONBLOCK|O_LARGEFILE)
27257 16:10:13.696695 fcntl64(4, F_SETFL, O_WRONLY|O_LARGEFILE) = 0
27257 16:10:13.696704 fcntl64(4, F_SETLKW64, {type=F_WRLCK, whence=SEEK_SET, start=0, len=0}, 0xbfe3c824) = 0
27257 16:10:13.696718 ftruncate64(4, 0) = 0
27257 16:10:13.696736 _llseek(4, 0, [0], SEEK_SET) = 0
27257 16:10:13.696747 write(5, "\v", 1) = 1
27257 16:10:13.696757 read(5,  <unfinished ...>
27255 16:10:13.696764 read(4, "\v", 1)  = 1
27255 16:10:13.696810 write(4, "\1\0\0\0", 4) = 4
27257 16:10:13.696823 <... read resumed> "\1\0\0\0", 4) = 4
27257 16:10:13.696839 write(5, "\v", 1) = 1
27257 16:10:13.696849 read(5,  <unfinished ...>
27255 16:10:13.696856 read(4, "\v", 1)  = 1
27255 16:10:13.696866 write(4, "\1\0\0\0", 4) = 4
27257 16:10:13.696876 <... read resumed> "\1\0\0\0", 4) = 4
27257 16:10:13.696883 write(5, "\r", 1) = 1
27257 16:10:13.696893 read(5,  <unfinished ...>
27255 16:10:13.696899 read(4, "\r", 1)  = 1
27255 16:10:13.696911 select(6, [5], NULL, NULL, {60, 0}) = 1 (in [5], left {60, 0})
27255 16:10:13.696927 accept(5, {sa_family=AF_INET, sin_port=htons(52426), sin_addr=inet_addr("127.0.0.1")}, [16]) = 6
27255 16:10:13.696949 write(4, "\1", 1) = 1
27257 16:10:13.696959 <... read resumed> "\1", 1) = 1
27257 16:10:13.696967 recvmsg(5,  <unfinished ...>
27255 16:10:13.696976 sendmsg(4, {msg_name(0)=NULL, msg_iov(1)=[{"\0", 1}], msg_controllen=16, {cmsg_len=16, cmsg_level=SOL_SOCKET, cmsg_type=SCM_RIGHTS, {6}}, msg_flags=0}, 0) = 1
27257 16:10:13.696993 <... recvmsg resumed> {msg_name(0)=NULL, msg_iov(1)=[{"\0", 1}], msg_controllen=16, {cmsg_len=16, cmsg_level=SOL_SOCKET, cmsg_type=SCM_RIGHTS, {6}}, msg_flags=0}, 0) = 1
27257 16:10:13.697005 setsockopt(6, SOL_SOCKET, SO_KEEPALIVE, [1], 4) = 0
27257 16:10:13.697017 setsockopt(6, SOL_IP, IP_TOS, [8], 4) = 0
27257 16:10:13.697029 setsockopt(6, SOL_SOCKET, SO_LINGER, {onoff=1, linger=32767}, 8) = 0
27257 16:10:13.697040 rt_sigaction(SIGALRM, {0x805cad0, ~[RTMIN RT_1], 0}, NULL, 8) = 0
27257 16:10:13.697053 alarm(300)        = 300
27257 16:10:13.697065 write(0, "150 Ok to send data.\r\n", 22) = 22
27257 16:10:13.697131 read(6, "assasaaa\na\na\na\na\n", 65536) = 17
27257 16:10:13.697145 write(4, "assasaaa\na\na\na\na\n", 17) = 17
27257 16:10:13.697161 read(6, "", 65536) = 0
27257 16:10:13.697174 rt_sigaction(SIGALRM, {0x805cad0, ~[RTMIN RT_1], 0}, NULL, 8) = 0
27257 16:10:13.697187 alarm(300)        = 300
27257 16:10:13.697197 close(6)          = 0
27257 16:10:13.697206 alarm(0)          = 300
27257 16:10:13.697215 gettimeofday({1495656613, 697219}, NULL) = 0
27257 16:10:13.697230 gettimeofday({1495656613, 697234}, NULL) = 0
27257 16:10:13.697244 fcntl64(3, F_SETLKW64, {type=F_WRLCK, whence=SEEK_SET, start=0, len=0}, 0xbfe3c7c4) = 0
27257 16:10:13.697258 write(3, "Wed May 24 16:10:13 2017 [pid 27257] [msfadmin] OK UPLOAD: Client \"127.0.0.1\", \"/home/msfadmin/myfile13\", 17 bytes, 27.58Kbyte/sec\n", 131) = 131
27257 16:10:13.697279 fcntl64(3, F_SETLK64, {type=F_UNLCK, whence=SEEK_SET, start=0, len=0}, 0xbfe3c7cc) = 0
27257 16:10:13.697293 write(0, "226 Transfer complete.\r\n", 24) = 24
27257 16:10:13.697336 write(5, "\n", 1) = 1
27257 16:10:13.697347 read(5,  <unfinished ...>
27255 16:10:13.697354 close(6)          = 0
27255 16:10:13.697372 read(4, "\n", 1)  = 1
27255 16:10:13.697383 close(5)          = 0
27255 16:10:13.697394 write(4, "\1", 1) = 1
27257 16:10:13.697404 <... read resumed> "\1", 1) = 1
27257 16:10:13.697411 close(4)          = 0
27257 16:10:13.697421 rt_sigaction(SIGALRM, {0x805cad0, ~[RTMIN RT_1], 0}, NULL, 8) = 0
27257 16:10:13.697434 alarm(300)        = 0
27257 16:10:13.697445 recv(0,  <unfinished ...>
27255 16:10:13.697452 read(4,  <unfinished ...>
