22223 14:53:17.239674 fstat64(6, {st_mode=S_IFREG|0644, st_size=372, ...}) = 0
22223 14:53:17.239689 mmap2(NULL, 4096, PROT_READ|PROT_WRITE, MAP_PRIVATE|MAP_ANONYMOUS, -1, 0) = 0xb7f7a000
22223 14:53:17.239700 read(6, "#\n# /etc/pam.d/common-session - session-related modules common to all services\n#\n# This file is included from other service-specific PAM config files,\n# and should contain a list of modules that define tasks to be performed\n# at the start and end of sessions of *any* kind (both interactive and\n# non-interactive).  The default is pam_unix.\n#\nsession\trequired\tpam_unix.so\n", 4096) = 372
22223 14:53:17.239737 read(6, "", 4096) = 0
22223 14:53:17.239747 close(6)          = 0
22223 14:53:17.239756 munmap(0xb7f7a000, 4096) = 0
22223 14:53:17.239766 read(5, "", 4096) = 0
22223 14:53:17.239775 close(5)          = 0
22223 14:53:17.239784 munmap(0xb7f80000, 4096) = 0
22223 14:53:17.239797 time(NULL)        = 1495651997
22223 14:53:17.239809 lstat64("/etc/ftpusers", {st_mode=S_IFREG|0644, st_size=132, ...}) = 0
22223 14:53:17.239826 open("/etc/ftpusers", O_RDONLY|O_LARGEFILE) = 5
22223 14:53:17.239838 fstat64(5, {st_mode=S_IFREG|0644, st_size=132, ...}) = 0
22223 14:53:17.239854 mmap2(NULL, 4096, PROT_READ|PROT_WRITE, MAP_PRIVATE|MAP_ANONYMOUS, -1, 0) = 0xb7f80000
22223 14:53:17.239864 read(5, "# /etc/ftpusers: list of users disallowed FTP access. See ftpusers(5).\n\nroot\ndaemon\nbin\nsys\nsync\ngames\nman\nlp\nmail\nnews\nuucp\nnobody\n", 4096) = 132
22223 14:53:17.239904 read(5, "", 4096) = 0
22223 14:53:17.239915 close(5)          = 0
22223 14:53:17.239934 munmap(0xb7f80000, 4096) = 0
22223 14:53:17.239950 getuid32()        = 0
22223 14:53:17.239967 open("/etc/passwd", O_RDONLY|0x80000 /* O_??? */) = 5
22223 14:53:17.239985 _llseek(5, 0, [0], SEEK_CUR) = 0
22223 14:53:17.239996 fstat64(5, {st_mode=S_IFREG|0644, st_size=1624, ...}) = 0
22223 14:53:17.240012 mmap2(NULL, 1624, PROT_READ, MAP_SHARED, 5, 0) = 0xb7f80000
22223 14:53:17.240037 _llseek(5, 1624, [1624], SEEK_SET) = 0
22223 14:53:17.240070 munmap(0xb7f80000, 1624) = 0
22223 14:53:17.240081 close(5)          = 0
22223 14:53:17.240105 open("/etc/shadow", O_RDONLY|0x80000 /* O_??? */) = 5
22223 14:53:17.240122 _llseek(5, 0, [0], SEEK_CUR) = 0
22223 14:53:17.240132 fstat64(5, {st_mode=S_IFREG|0640, st_size=1233, ...}) = 0
22223 14:53:17.240148 mmap2(NULL, 1233, PROT_READ, MAP_SHARED, 5, 0) = 0xb7f80000
22223 14:53:17.240159 _llseek(5, 1233, [1233], SEEK_SET) = 0
22223 14:53:17.240202 munmap(0xb7f80000, 1233) = 0
22223 14:53:17.240211 close(5)          = 0
22223 14:53:17.240229 open("/etc/passwd", O_RDONLY|0x80000 /* O_??? */) = 5
22223 14:53:17.240242 _llseek(5, 0, [0], SEEK_CUR) = 0
22223 14:53:17.240253 fstat64(5, {st_mode=S_IFREG|0644, st_size=1624, ...}) = 0
22223 14:53:17.240268 mmap2(NULL, 1624, PROT_READ, MAP_SHARED, 5, 0) = 0xb7f80000
22223 14:53:17.240279 _llseek(5, 1624, [1624], SEEK_SET) = 0
22223 14:53:17.240295 munmap(0xb7f80000, 1624) = 0
22223 14:53:17.240304 close(5)          = 0
22223 14:53:17.240316 open("/etc/shadow", O_RDONLY|0x80000 /* O_??? */) = 5
22223 14:53:17.240329 _llseek(5, 0, [0], SEEK_CUR) = 0
22223 14:53:17.240339 fstat64(5, {st_mode=S_IFREG|0640, st_size=1233, ...}) = 0
22223 14:53:17.240355 mmap2(NULL, 1233, PROT_READ, MAP_SHARED, 5, 0) = 0xb7f80000
22223 14:53:17.240365 _llseek(5, 1233, [1233], SEEK_SET) = 0
22223 14:53:17.240382 munmap(0xb7f80000, 1233) = 0
22223 14:53:17.240391 close(5)          = 0
22223 14:53:17.240623 getuid32()        = 0
22223 14:53:17.240634 open("/etc/passwd", O_RDONLY|0x80000 /* O_??? */) = 5
22223 14:53:17.240646 _llseek(5, 0, [0], SEEK_CUR) = 0
22223 14:53:17.240657 fstat64(5, {st_mode=S_IFREG|0644, st_size=1624, ...}) = 0
22223 14:53:17.240672 mmap2(NULL, 1624, PROT_READ, MAP_SHARED, 5, 0) = 0xb7f80000
22223 14:53:17.240682 _llseek(5, 1624, [1624], SEEK_SET) = 0
22223 14:53:17.240698 munmap(0xb7f80000, 1624) = 0
22223 14:53:17.240707 close(5)          = 0
22223 14:53:17.240720 open("/etc/shadow", O_RDONLY|0x80000 /* O_??? */) = 5
22223 14:53:17.240733 _llseek(5, 0, [0], SEEK_CUR) = 0
22223 14:53:17.240743 fstat64(5, {st_mode=S_IFREG|0640, st_size=1233, ...}) = 0
22223 14:53:17.240758 mmap2(NULL, 1233, PROT_READ, MAP_SHARED, 5, 0) = 0xb7f80000
22223 14:53:17.240768 _llseek(5, 1233, [1233], SEEK_SET) = 0
22223 14:53:17.240784 munmap(0xb7f80000, 1233) = 0
22223 14:53:17.240794 close(5)          = 0
22223 14:53:17.240805 time(NULL)        = 1495651997
22223 14:53:17.240820 munmap(0xb7f7d000, 12164) = 0
22223 14:53:17.240833 munmap(0xb7f7b000, 7136) = 0
22223 14:53:17.240869 munmap(0xb7db0000, 95428) = 0
22223 14:53:17.240883 munmap(0xb7d76000, 201052) = 0
22223 14:53:17.240904 munmap(0xb7d5d000, 101180) = 0
22223 14:53:17.240920 gettimeofday({1495651997, 240923}, NULL) = 0
22223 14:53:17.240931 stat64("/usr/share/zoneinfo/UTC+04:00", 0xbfb85cf4) = -1 ENOENT (No such file or directory)
22223 14:53:17.240946 open("/usr/share/zoneinfo/UTC+04:00", O_RDONLY) = -1 ENOENT (No such file or directory)
22223 14:53:17.240971 fcntl64(3, F_SETLKW64, {type=F_WRLCK, whence=SEEK_SET, start=0, len=0}, 0xbfb85e44) = 0
22223 14:53:17.240987 write(3, "Wed May 24 14:53:17 2017 [pid 22223] [msfadmin] OK LOGIN: Client \"127.0.0.1\"\n", 77) = 77
22223 14:53:17.241003 fcntl64(3, F_SETLK64, {type=F_UNLCK, whence=SEEK_SET, start=0, len=0}, 0xbfb85e4c) = 0
22223 14:53:17.241016 rt_sigaction(SIGCHLD, {0x805cad0, ~[RTMIN RT_1], 0}, NULL, 8) = 0
22223 14:53:17.241030 write(4, "\1", 1 <unfinished ...>
22224 14:53:17.241039 <... read resumed> "\1", 1) = 1
22223 14:53:17.241045 <... write resumed> ) = 1
22224 14:53:17.241052 exit_group(0)     = ?
22223 14:53:17.241079 --- SIGCHLD (Child exited) @ 0 (0) ---
22223 14:53:17.241086 sigreturn()       = ? (mask now [])
22223 14:53:17.241105 wait4(-1, [{WIFEXITED(s) && WEXITSTATUS(s) == 0}], 0, NULL) = 22224
22223 14:53:17.241122 close(4)          = 0
22223 14:53:17.241133 socketpair(PF_FILE, SOCK_STREAM, 0, [4, 5]) = 0
22223 14:53:17.241147 rt_sigaction(SIGCHLD, {0x805cad0, ~[RTMIN RT_1], 0}, NULL, 8) = 0
22223 14:53:17.241161 rt_sigaction(SIGALRM, {0x805cb10, ~[RTMIN RT_1], 0}, NULL, 8) = 0
22223 14:53:17.241174 clone(child_stack=0, flags=CLONE_CHILD_CLEARTID|CLONE_CHILD_SETTID|SIGCHLD, child_tidptr=0xb7de66f8) = 22225
22225 14:53:17.241222 prctl(0x1, 0x9, 0, 0, 0) = 0
22225 14:53:17.241235 close(4)          = 0
22225 14:53:17.241264 open("/etc/passwd", O_RDONLY|0x80000 /* O_??? */) = 4
22225 14:53:17.241280 _llseek(4, 0, [0], SEEK_CUR) = 0
22225 14:53:17.241295 fstat64(4, {st_mode=S_IFREG|0644, st_size=1624, ...}) = 0
22225 14:53:17.241313 mmap2(NULL, 1624, PROT_READ, MAP_SHARED, 4, 0) = 0xb7f80000
22225 14:53:17.241325 _llseek(4, 1624, [1624], SEEK_SET) = 0
22225 14:53:17.241347 munmap(0xb7f80000, 1624) = 0
22225 14:53:17.241570 close(4)          = 0
22225 14:53:17.241588 getuid32()        = 0
22225 14:53:17.241598 open("/etc/passwd", O_RDONLY|0x80000 /* O_??? */) = 4
22225 14:53:17.241612 _llseek(4, 0, [0], SEEK_CUR) = 0
22225 14:53:17.241622 fstat64(4, {st_mode=S_IFREG|0644, st_size=1624, ...}) = 0
22225 14:53:17.241638 mmap2(NULL, 1624, PROT_READ, MAP_SHARED, 4, 0) = 0xb7f80000
22225 14:53:17.241650 _llseek(4, 1624, [1624], SEEK_SET) = 0
22225 14:53:17.241666 munmap(0xb7f80000, 1624) = 0
22225 14:53:17.241676 close(4)          = 0
22225 14:53:17.241701 open("/proc/sys/kernel/ngroups_max", O_RDONLY) = 4
22225 14:53:17.241721 read(4, "65536\n", 31) = 6
22225 14:53:17.241733 close(4)          = 0
22225 14:53:17.241747 socket(PF_FILE, SOCK_STREAM, 0) = 4
22225 14:53:17.241759 fcntl64(4, F_SETFL, O_RDWR|O_NONBLOCK) = 0
22225 14:53:17.241769 connect(4, {sa_family=AF_FILE, path="/var/run/nscd/socket"}, 110) = -1 ENOENT (No such file or directory)
22225 14:53:17.241790 close(4)          = 0
22225 14:53:17.241801 socket(PF_FILE, SOCK_STREAM, 0) = 4
22225 14:53:17.241811 fcntl64(4, F_SETFL, O_RDWR|O_NONBLOCK) = 0
22225 14:53:17.241821 connect(4, {sa_family=AF_FILE, path="/var/run/nscd/socket"}, 110) = -1 ENOENT (No such file or directory)
22225 14:53:17.241839 close(4)          = 0
22225 14:53:17.241862 open("/etc/group", O_RDONLY|0x80000 /* O_??? */) = 4
22225 14:53:17.241876 _llseek(4, 0, [0], SEEK_CUR) = 0
22225 14:53:17.241886 fstat64(4, {st_mode=S_IFREG|0644, st_size=886, ...}) = 0
22225 14:53:17.241902 mmap2(NULL, 886, PROT_READ, MAP_SHARED, 4, 0) = 0xb7f80000
22225 14:53:17.241913 _llseek(4, 886, [886], SEEK_SET) = 0
22225 14:53:17.241937 fstat64(4, {st_mode=S_IFREG|0644, st_size=886, ...}) = 0
22225 14:53:17.241954 munmap(0xb7f80000, 886) = 0
22225 14:53:17.241964 close(4)          = 0
22225 14:53:17.242005 setgroups32(13, [1000, 4, 20, 24, 25, 29, 30, 44, 46, 107, 111, 112, 119]) = 0
22225 14:53:17.242042 geteuid32()       = 0
22225 14:53:17.242053 getegid32()       = 0
22225 14:53:17.242064 setregid32(-1, 1000) = 0
22225 14:53:17.242074 setreuid32(-1, 1000) = 0
22225 14:53:17.242085 chdir("/home/msfadmin") = 0
22225 14:53:17.242096 setreuid32(-1, 0) = 0
22225 14:53:17.242105 setregid32(-1, 0) = 0
22225 14:53:17.242115 setgid32(1000)    = 0
22225 14:53:17.242125 setuid32(1000)    = 0
22225 14:53:17.242135 setrlimit(RLIMIT_NPROC, {rlim_cur=0, rlim_max=0}) = 0
22225 14:53:17.242148 mmap2(NULL, 12288, PROT_READ|PROT_WRITE, MAP_PRIVATE|MAP_ANONYMOUS, -1, 0) = 0xb7f7e000
22225 14:53:17.242160 mprotect(0xb7f80000, 4096, PROT_NONE) = 0
22225 14:53:17.242171 mprotect(0xb7f7e000, 4096, PROT_NONE) = 0
22225 14:53:17.242182 getcwd("/home/msfadmin", 4096) = 15
22225 14:53:17.242195 umask(022)        = 077
22225 14:53:17.242204 getcwd("/home/msfadmin", 4096) = 15
22225 14:53:17.242218 open(".message", O_RDONLY|O_NONBLOCK|O_LARGEFILE) = -1 ENOENT (No such file or directory)
22225 14:53:17.242240 write(0, "230 Login successful.\r\n", 23) = 23
22225 14:53:17.242320 rt_sigaction(SIGALRM, {0x805cad0, ~[RTMIN RT_1], 0}, NULL, 8) = 0
22225 14:53:17.242337 alarm(300)        = 0
22225 14:53:17.242347 mmap2(NULL, 12288, PROT_READ|PROT_WRITE, MAP_PRIVATE|MAP_ANONYMOUS, -1, 0) = 0xb7f7b000
22225 14:53:17.242362 mprotect(0xb7f7d000, 4096, PROT_NONE) = 0
22225 14:53:17.242373 mprotect(0xb7f7b000, 4096, PROT_NONE) = 0
22225 14:53:17.242386 recv(0, "TYPE I\r\n", 4096, MSG_PEEK) = 8
22225 14:53:17.242398 read(0, "TYPE I\r\n", 8) = 8
22225 14:53:17.242415 write(0, "200 Switching to Binary mode.\r\n", 31) = 31
22225 14:53:17.242454 rt_sigaction(SIGALRM, {0x805cad0, ~[RTMIN RT_1], 0}, NULL, 8) = 0
22225 14:53:17.242468 alarm(300)        = 300
22225 14:53:17.242479 recv(0, "PASV\r\n", 4096, MSG_PEEK) = 6
22225 14:53:17.242490 read(0, "PASV\r\n", 6) = 6
22225 14:53:17.242502 write(5, "\n", 1) = 1
22225 14:53:17.242513 read(5,  <unfinished ...>
22223 14:53:17.242525 close(5)          = 0
22223 14:53:17.242538 getuid32()        = 0
22223 14:53:17.242553 open("/etc/passwd", O_RDONLY|0x80000 /* O_??? */) = 5
22223 14:53:17.242567 _llseek(5, 0, [0], SEEK_CUR) = 0
22223 14:53:17.242579 fstat64(5, {st_mode=S_IFREG|0644, st_size=1624, ...}) = 0
22223 14:53:17.242597 mmap2(NULL, 1624, PROT_READ, MAP_SHARED, 5, 0) = 0xb7f80000
22223 14:53:17.242608 _llseek(5, 1624, [1624], SEEK_SET) = 0
22223 14:53:17.242625 munmap(0xb7f80000, 1624) = 0
22223 14:53:17.242637 close(5)          = 0
22223 14:53:17.242652 setgroups32(0, []) = 0
22223 14:53:17.242664 chdir("/usr/share/empty") = 0
22223 14:53:17.242676 chroot(".")       = 0
22223 14:53:17.242686 capset(NULL, NULL) = -1 EFAULT (Bad address)
22223 14:53:17.242699 prctl(0x8, 0, 0xbfb85e28, 0x80549a6, 0xbfb85e10) = 0
22223 14:53:17.242710 prctl(0x8, 0x1, 0xbfb85e28, 0x8054a49, 0xbfb85e10) = 0
22223 14:53:17.242720 setgid32(65534)   = 0
22223 14:53:17.242730 setuid32(65534)   = 0
22223 14:53:17.242740 capset(0x19980330, 0, {CAP_NET_BIND_SERVICE, CAP_NET_BIND_SERVICE, 0}) = 0
22223 14:53:17.242752 read(4, "\n", 1)  = 1
22223 14:53:17.242765 write(4, "\1", 1) = 1
22225 14:53:17.242776 <... read resumed> "\1", 1) = 1
22225 14:53:17.242784 write(5, "\f", 1) = 1
22225 14:53:17.242794 read(5,  <unfinished ...>
22223 14:53:17.242801 read(4, "\f", 1)  = 1
22223 14:53:17.242813 socket(PF_INET, SOCK_STREAM, IPPROTO_TCP) = 5
22223 14:53:17.242826 setsockopt(5, SOL_SOCKET, SO_REUSEADDR, [1], 4) = 0
22223 14:53:17.242837 gettimeofday({1495651997, 242841}, NULL) = 0
22223 14:53:17.242853 bind(5, {sa_family=AF_INET, sin_port=htons(42156), sin_addr=inet_addr("127.0.0.1")}, 16) = 0
22223 14:53:17.242869 listen(5, 1)      = 0
22223 14:53:17.242882 write(4, "\254\244\0\0", 4) = 4
22225 14:53:17.242893 <... read resumed> "\254\244\0\0", 4) = 4
22225 14:53:17.242906 write(0, "227 Entering Passive Mode (127,0,0,1,164,172).\r\n", 48) = 48
22225 14:53:17.243166 rt_sigaction(SIGALRM, {0x805cad0, ~[RTMIN RT_1], 0}, NULL, 8) = 0
22225 14:53:17.243184 alarm(300)        = 300
22225 14:53:17.243195 recv(0, "STOR myfile13\r\n", 4096, MSG_PEEK) = 15
22225 14:53:17.243207 read(0, "STOR myfile13\r\n", 15) = 15
22225 14:53:17.243223 write(5, "\v", 1) = 1
22225 14:53:17.243233 read(5,  <unfinished ...>
22223 14:53:17.243240 read(4, "\v", 1)  = 1
22223 14:53:17.243251 write(4, "\1\0\0\0", 4) = 4
22225 14:53:17.243262 <... read resumed> "\1\0\0\0", 4) = 4
22225 14:53:17.243270 gettimeofday({1495651997, 243274}, NULL) = 0
22225 14:53:17.243281 getcwd("/home/msfadmin", 4096) = 15
22225 14:53:17.243293 open("myfile13", O_WRONLY|O_CREAT|O_NONBLOCK|O_LARGEFILE, 0666) = 4
22225 14:53:17.243307 fstat64(4, {st_mode=S_IFREG|0644, st_size=17, ...}) = 0
22225 14:53:17.243324 fcntl64(4, F_GETFL) = 0x8801 (flags O_WRONLY|O_NONBLOCK|O_LARGEFILE)
22225 14:53:17.243334 fcntl64(4, F_SETFL, O_WRONLY|O_LARGEFILE) = 0
22225 14:53:17.243344 fcntl64(4, F_SETLKW64, {type=F_WRLCK, whence=SEEK_SET, start=0, len=0}, 0xbfb85d74) = 0
22225 14:53:17.243359 ftruncate64(4, 0) = 0
22225 14:53:17.243377 _llseek(4, 0, [0], SEEK_SET) = 0
22225 14:53:17.243388 write(5, "\v", 1) = 1
22225 14:53:17.243398 read(5,  <unfinished ...>
22223 14:53:17.243405 read(4, "\v", 1)  = 1
22223 14:53:17.243416 write(4, "\1\0\0\0", 4) = 4
22225 14:53:17.243426 <... read resumed> "\1\0\0\0", 4) = 4
22225 14:53:17.243433 write(5, "\v", 1) = 1
22225 14:53:17.243447 read(5,  <unfinished ...>
22223 14:53:17.243454 read(4, "\v", 1)  = 1
22223 14:53:17.243464 write(4, "\1\0\0\0", 4) = 4
22225 14:53:17.243474 <... read resumed> "\1\0\0\0", 4) = 4
22225 14:53:17.243482 write(5, "\r", 1) = 1
22225 14:53:17.243491 read(5,  <unfinished ...>
22223 14:53:17.243498 read(4, "\r", 1)  = 1
22223 14:53:17.243510 select(6, [5], NULL, NULL, {60, 0}) = 1 (in [5], left {60, 0})
22223 14:53:17.243526 accept(5, {sa_family=AF_INET, sin_port=htons(40068), sin_addr=inet_addr("127.0.0.1")}, [16]) = 6
22223 14:53:17.243548 write(4, "\1", 1) = 1
22225 14:53:17.243558 <... read resumed> "\1", 1) = 1
22225 14:53:17.243568 recvmsg(5,  <unfinished ...>
22223 14:53:17.243577 sendmsg(4, {msg_name(0)=NULL, msg_iov(1)=[{"\0", 1}], msg_controllen=16, {cmsg_len=16, cmsg_level=SOL_SOCKET, cmsg_type=SCM_RIGHTS, {6}}, msg_flags=0}, 0) = 1
22225 14:53:17.243593 <... recvmsg resumed> {msg_name(0)=NULL, msg_iov(1)=[{"\0", 1}], msg_controllen=16, {cmsg_len=16, cmsg_level=SOL_SOCKET, cmsg_type=SCM_RIGHTS, {6}}, msg_flags=0}, 0) = 1
22225 14:53:17.243607 setsockopt(6, SOL_SOCKET, SO_KEEPALIVE, [1], 4) = 0
22225 14:53:17.243618 setsockopt(6, SOL_IP, IP_TOS, [8], 4) = 0
22225 14:53:17.243630 setsockopt(6, SOL_SOCKET, SO_LINGER, {onoff=1, linger=32767}, 8) = 0
22225 14:53:17.243641 rt_sigaction(SIGALRM, {0x805cad0, ~[RTMIN RT_1], 0}, NULL, 8) = 0
22225 14:53:17.243654 alarm(300)        = 300
22225 14:53:17.243666 write(0, "150 Ok to send data.\r\n", 22) = 22
22225 14:53:17.243727 mmap2(NULL, 77824, PROT_READ|PROT_WRITE, MAP_PRIVATE|MAP_ANONYMOUS, -1, 0) = 0xb7db5000
22225 14:53:17.243741 mprotect(0xb7dc7000, 4096, PROT_NONE) = 0
22225 14:53:17.243752 mprotect(0xb7db5000, 4096, PROT_NONE) = 0
22225 14:53:17.243762 read(6, "assasaaa\na\na\na\na\n", 65536) = 17
22225 14:53:17.243776 write(4, "assasaaa\na\na\na\na\n", 17) = 17
22225 14:53:17.243791 read(6, "", 65536) = 0
22225 14:53:17.243801 rt_sigaction(SIGALRM, {0x805cad0, ~[RTMIN RT_1], 0}, NULL, 8) = 0
22225 14:53:17.243814 alarm(300)        = 300
22225 14:53:17.243824 close(6)          = 0
22225 14:53:17.243833 alarm(0)          = 300
22225 14:53:17.243842 gettimeofday({1495651997, 243846}, NULL) = 0
22225 14:53:17.243859 getpid()          = 22225
22225 14:53:17.243871 gettimeofday({1495651997, 243875}, NULL) = 0
22225 14:53:17.243888 fcntl64(3, F_SETLKW64, {type=F_WRLCK, whence=SEEK_SET, start=0, len=0}, 0xbfb85d14) = 0
22225 14:53:17.243903 write(3, "Wed May 24 14:53:17 2017 [pid 22225] [msfadmin] OK UPLOAD: Client \"127.0.0.1\", \"/home/msfadmin/myfile13\", 17 bytes, 27.62Kbyte/sec\n", 131) = 131
22225 14:53:17.243923 fcntl64(3, F_SETLK64, {type=F_UNLCK, whence=SEEK_SET, start=0, len=0}, 0xbfb85d1c) = 0
22225 14:53:17.243937 write(0, "226 Transfer complete.\r\n", 24) = 24
22225 14:53:17.243976 write(5, "\n", 1) = 1
22225 14:53:17.243988 read(5,  <unfinished ...>
22223 14:53:17.243995 close(6)          = 0
22223 14:53:17.244013 read(4, "\n", 1)  = 1
22223 14:53:17.244024 close(5)          = 0
22223 14:53:17.244068 write(4, "\1", 1) = 1
22225 14:53:17.244092 <... read resumed> "\1", 1) = 1
22225 14:53:17.244099 close(4)          = 0
22225 14:53:17.244110 rt_sigaction(SIGALRM, {0x805cad0, ~[RTMIN RT_1], 0}, NULL, 8) = 0
22225 14:53:17.244123 alarm(300)        = 0
22225 14:53:17.244134 recv(0,  <unfinished ...>
22223 14:53:17.244142 read(4,  <unfinished ...>
22222 14:53:17.651064 <... recv resumed> "USER msfadmin\r\n", 4096, MSG_PEEK) = 15
22222 14:53:17.651103 read(0, "USER msfadmin\r\n", 15) = 15
22222 14:53:17.651129 write(0, "331 Any password will do.\r\n", 27) = 27
22222 14:53:17.651177 rt_sigaction(SIGALRM, {0x805cad0, ~[RTMIN RT_1], 0}, NULL, 8) = 0
22222 14:53:17.651196 alarm(300)        = 299
22222 14:53:17.651209 recv(0, "PASS msfadmin\r\n", 4096, MSG_PEEK) = 15
22222 14:53:17.651221 read(0, "PASS msfadmin\r\n", 15) = 15
22222 14:53:17.651237 write(0, "230 Already logged in.\r\n", 24) = 24
22222 14:53:17.651298 rt_sigaction(SIGALRM, {0x805cad0, ~[RTMIN RT_1], 0}, NULL, 8) = 0
22222 14:53:17.651313 alarm(300)        = 300
22222 14:53:17.651331 recv(0, "TYPE I\r\n", 4096, MSG_PEEK) = 8
22222 14:53:17.651342 read(0, "TYPE I\r\n", 8) = 8
22222 14:53:17.651357 write(0, "200 Switching to Binary mode.\r\n", 31) = 31
22222 14:53:17.651393 rt_sigaction(SIGALRM, {0x805cad0, ~[RTMIN RT_1], 0}, NULL, 8) = 0
22222 14:53:17.651407 alarm(300)        = 300
22222 14:53:17.651418 recv(0, "PASV\r\n", 4096, MSG_PEEK) = 6
22222 14:53:17.651429 read(0, "PASV\r\n", 6) = 6
22222 14:53:17.651440 write(5, "\n", 1 <unfinished ...>
22220 14:53:17.651452 <... read resumed> "\n", 1) = 1
22222 14:53:17.651457 <... write resumed> ) = 1
22220 14:53:17.651464 write(4, "\1", 1) = 1
22220 14:53:17.651475 read(4,  <unfinished ...>
22222 14:53:17.651482 read(5, "\1", 1)  = 1
22222 14:53:17.651493 write(5, "\f", 1 <unfinished ...>
22220 14:53:17.651500 <... read resumed> "\f", 1) = 1
22222 14:53:17.651505 <... write resumed> ) = 1
22220 14:53:17.651512 socket(PF_INET, SOCK_STREAM, IPPROTO_TCP) = 5
22220 14:53:17.651528 setsockopt(5, SOL_SOCKET, SO_REUSEADDR, [1], 4) = 0
22220 14:53:17.651542 bind(5, {sa_family=AF_INET, sin_port=htons(32849), sin_addr=inet_addr("127.0.0.1")}, 16) = 0
22220 14:53:17.651559 listen(5, 1)      = 0
22220 14:53:17.651573 write(4, "Q\200\0\0", 4) = 4
22220 14:53:17.651592 read(4,  <unfinished ...>
22222 14:53:17.651600 read(5, "Q\200\0\0", 4) = 4
22222 14:53:17.651616 write(0, "227 Entering Passive Mode (127,0,0,1,128,81).\r\n", 47) = 47
22222 14:53:17.651731 rt_sigaction(SIGALRM, {0x805cad0, ~[RTMIN RT_1], 0}, NULL, 8) = 0
22222 14:53:17.651900 alarm(300)        = 300
22222 14:53:17.651913 recv(0, "RETR myfile13\r\n", 4096, MSG_PEEK) = 15
22222 14:53:17.651936 read(0, "RETR myfile13\r\n", 15) = 15
22222 14:53:17.651949 write(5, "\v", 1 <unfinished ...>
22220 14:53:17.651957 <... read resumed> "\v", 1) = 1
22222 14:53:17.651962 <... write resumed> ) = 1
22220 14:53:17.651968 write(4, "\1\0\0\0", 4) = 4
22220 14:53:17.651979 read(4,  <unfinished ...>
22222 14:53:17.651985 read(5, "\1\0\0\0", 4) = 4
22222 14:53:17.651997 gettimeofday({1495651997, 652001}, NULL) = 0
22222 14:53:17.652008 getcwd("/home/msfadmin", 4096) = 15
22222 14:53:17.652020 open("myfile13", O_RDONLY|O_NONBLOCK|O_LARGEFILE) = 4
22222 14:53:17.652034 fcntl64(4, F_SETLKW64, {type=F_RDLCK, whence=SEEK_SET, start=0, len=0}, 0xbfd62774) = 0
22222 14:53:17.652049 fstat64(4, {st_mode=S_IFREG|0644, st_size=17, ...}) = 0
22222 14:53:17.652066 fcntl64(4, F_GETFL) = 0x8800 (flags O_RDONLY|O_NONBLOCK|O_LARGEFILE)
22222 14:53:17.652077 fcntl64(4, F_SETFL, O_RDONLY|O_LARGEFILE) = 0
22222 14:53:17.652088 write(5, "\v", 1 <unfinished ...>
22220 14:53:17.652096 <... read resumed> "\v", 1) = 1
22222 14:53:17.652101 <... write resumed> ) = 1
22220 14:53:17.652107 write(4, "\1\0\0\0", 4) = 4
22220 14:53:17.652118 read(4,  <unfinished ...>
22222 14:53:17.652124 read(5, "\1\0\0\0", 4) = 4
22222 14:53:17.652135 write(5, "\v", 1 <unfinished ...>
22220 14:53:17.652142 <... read resumed> "\v", 1) = 1
22222 14:53:17.652147 <... write resumed> ) = 1
22220 14:53:17.652152 write(4, "\1\0\0\0", 4) = 4
22220 14:53:17.652163 read(4,  <unfinished ...>
22222 14:53:17.652169 read(5, "\1\0\0\0", 4) = 4
22222 14:53:17.652180 write(5, "\r", 1 <unfinished ...>
22220 14:53:17.652187 <... read resumed> "\r", 1) = 1
22222 14:53:17.652192 <... write resumed> ) = 1
22220 14:53:17.652199 select(6, [5], NULL, NULL, {60, 0}) = 1 (in [5], left {60, 0})
22220 14:53:17.652214 accept(5, {sa_family=AF_INET, sin_port=htons(39416), sin_addr=inet_addr("127.0.0.1")}, [16]) = 6
22220 14:53:17.652237 write(4, "\1", 1) = 1
22220 14:53:17.652248 sendmsg(4, {msg_name(0)=NULL, msg_iov(1)=[{"\0", 1}], msg_controllen=16, {cmsg_len=16, cmsg_level=SOL_SOCKET, cmsg_type=SCM_RIGHTS, {6}}, msg_flags=0}, 0) = 1
22220 14:53:17.652265 close(6)          = 0
22220 14:53:17.652275 read(4,  <unfinished ...>
22222 14:53:17.652282 read(5, "\1", 1)  = 1
22222 14:53:17.652294 recvmsg(5, {msg_name(0)=NULL, msg_iov(1)=[{"\0", 1}], msg_controllen=16, {cmsg_len=16, cmsg_level=SOL_SOCKET, cmsg_type=SCM_RIGHTS, {6}}, msg_flags=0}, 0) = 1
22222 14:53:17.652312 setsockopt(6, SOL_SOCKET, SO_KEEPALIVE, [1], 4) = 0
22222 14:53:17.652330 setsockopt(6, SOL_IP, IP_TOS, [8], 4) = 0
22222 14:53:17.652342 setsockopt(6, SOL_SOCKET, SO_LINGER, {onoff=1, linger=32767}, 8) = 0
22222 14:53:17.652353 rt_sigaction(SIGALRM, {0x805cad0, ~[RTMIN RT_1], 0}, NULL, 8) = 0
22222 14:53:17.652366 alarm(300)        = 300
22222 14:53:17.652379 write(0, "150 Opening BINARY mode data connection for myfile13 (17 bytes).\r\n", 66) = 66
22222 14:53:17.652421 _llseek(4, 0, [0], SEEK_CUR) = 0
22222 14:53:17.652433 fstat64(4, {st_mode=S_IFREG|0644, st_size=17, ...}) = 0
22222 14:53:17.652450 _llseek(4, 0, [0], SEEK_SET) = 0
22222 14:53:17.652460 sendfile(6, 4, NULL, 17) = 17
22222 14:53:17.652491 rt_sigaction(SIGALRM, {0x805cad0, ~[RTMIN RT_1], 0}, NULL, 8) = 0
22222 14:53:17.652505 alarm(300)        = 300
22222 14:53:17.652515 close(6)          = 0
22222 14:53:17.652551 alarm(0)          = 300
22222 14:53:17.652561 gettimeofday({1495651997, 652565}, NULL) = 0
22222 14:53:17.652577 gettimeofday({1495651997, 652581}, NULL) = 0
22222 14:53:17.652591 fcntl64(3, F_SETLKW64, {type=F_WRLCK, whence=SEEK_SET, start=0, len=0}, 0xbfd62714) = 0
22222 14:53:17.652605 write(3, "Wed May 24 14:53:17 2017 [pid 22222] [msfadmin] OK DOWNLOAD: Client \"127.0.0.1\", \"/home/msfadmin/myfile13\", 17 bytes, 28.62Kbyte/sec\n", 133) = 133
22222 14:53:17.652626 fcntl64(3, F_SETLK64, {type=F_UNLCK, whence=SEEK_SET, start=0, len=0}, 0xbfd6271c) = 0
22222 14:53:17.652640 write(0, "226 Transfer complete.\r\n", 24) = 24
22222 14:53:17.652704 write(5, "\n", 1 <unfinished ...>
22220 14:53:17.652714 <... read resumed> "\n", 1) = 1
22222 14:53:17.652719 <... write resumed> ) = 1
22220 14:53:17.652725 close(5)          = 0
22220 14:53:17.652736 write(4, "\1", 1) = 1
22220 14:53:17.652747 read(4,  <unfinished ...>
22222 14:53:17.652754 read(5, "\1", 1)  = 1
22222 14:53:17.652765 close(4)          = 0
22222 14:53:17.652775 rt_sigaction(SIGALRM, {0x805cad0, ~[RTMIN RT_1], 0}, NULL, 8) = 0
22222 14:53:17.652788 alarm(300)        = 0
22222 14:53:17.652799 recv(0,  <unfinished ...>
22225 14:53:17.771127 <... recv resumed> "TYPE I\r\n", 4096, MSG_PEEK) = 8
22225 14:53:17.771158 read(0, "TYPE I\r\n", 8) = 8
22225 14:53:17.771179 write(0, "200 Switching to Binary mode.\r\n", 31) = 31
22225 14:53:17.771227 rt_sigaction(SIGALRM, {0x805cad0, ~[RTMIN RT_1], 0}, NULL, 8) = 0
22225 14:53:17.771244 alarm(300)        = 299
22225 14:53:17.771257 recv(0, "PASV\r\n", 4096, MSG_PEEK) = 6
22225 14:53:17.771268 read(0, "PASV\r\n", 6) = 6
22225 14:53:17.771280 write(5, "\n", 1) = 1
22225 14:53:17.771292 read(5,  <unfinished ...>
22223 14:53:17.771301 <... read resumed> "\n", 1) = 1
22223 14:53:17.771309 write(4, "\1", 1) = 1
22225 14:53:17.771320 <... read resumed> "\1", 1) = 1
22225 14:53:17.771327 write(5, "\f", 1) = 1
22225 14:53:17.771338 read(5,  <unfinished ...>
22223 14:53:17.771344 read(4, "\f", 1)  = 1
22223 14:53:17.771356 socket(PF_INET, SOCK_STREAM, IPPROTO_TCP) = 5
22223 14:53:17.771372 setsockopt(5, SOL_SOCKET, SO_REUSEADDR, [1], 4) = 0
22223 14:53:17.771386 bind(5, {sa_family=AF_INET, sin_port=htons(8511), sin_addr=inet_addr("127.0.0.1")}, 16) = 0
22223 14:53:17.771402 listen(5, 1)      = 0
22223 14:53:17.771416 write(4, "?!\0\0", 4) = 4
22225 14:53:17.771426 <... read resumed> "?!\0\0", 4) = 4
22225 14:53:17.771438 write(0, "227 Entering Passive Mode (127,0,0,1,33,63).\r\n", 46) = 46
22225 14:53:17.771551 rt_sigaction(SIGALRM, {0x805cad0, ~[RTMIN RT_1], 0}, NULL, 8) = 0
22225 14:53:17.771568 alarm(300)        = 300
22225 14:53:17.771583 recv(0, "STOR myfile14\r\n", 4096, MSG_PEEK) = 15
22225 14:53:17.771599 read(0, "STOR myfile14\r\n", 15) = 15
22225 14:53:17.771613 write(5, "\v", 1) = 1
22225 14:53:17.771623 read(5,  <unfinished ...>
22223 14:53:17.771630 read(4, "\v", 1)  = 1
22223 14:53:17.771641 write(4, "\1\0\0\0", 4) = 4
22225 14:53:17.771652 <... read resumed> "\1\0\0\0", 4) = 4
22225 14:53:17.771659 gettimeofday({1495651997, 771663}, NULL) = 0
22225 14:53:17.771670 getcwd("/home/msfadmin", 4096) = 15
22225 14:53:17.771683 open("myfile14", O_WRONLY|O_CREAT|O_NONBLOCK|O_LARGEFILE, 0666) = 4
22225 14:53:17.771705 fstat64(4, {st_mode=S_IFREG|0644, st_size=17, ...}) = 0
22225 14:53:17.771723 fcntl64(4, F_GETFL) = 0x8801 (flags O_WRONLY|O_NONBLOCK|O_LARGEFILE)
22225 14:53:17.771734 fcntl64(4, F_SETFL, O_WRONLY|O_LARGEFILE) = 0
22225 14:53:17.771744 fcntl64(4, F_SETLKW64, {type=F_WRLCK, whence=SEEK_SET, start=0, len=0}, 0xbfb85d74) = 0
22225 14:53:17.771758 ftruncate64(4, 0) = 0
22225 14:53:17.771776 _llseek(4, 0, [0], SEEK_SET) = 0
22225 14:53:17.771822 write(5, "\v", 1) = 1
22225 14:53:17.771833 read(5,  <unfinished ...>
22223 14:53:17.771850 read(4, "\v", 1)  = 1
22223 14:53:17.771861 write(4, "\1\0\0\0", 4) = 4
22225 14:53:17.771871 <... read resumed> "\1\0\0\0", 4) = 4
22225 14:53:17.771879 write(5, "\v", 1) = 1
22225 14:53:17.771888 read(5,  <unfinished ...>
22223 14:53:17.771895 read(4, "\v", 1)  = 1
22223 14:53:17.771905 write(4, "\1\0\0\0", 4) = 4
22225 14:53:17.771915 <... read resumed> "\1\0\0\0", 4) = 4
22225 14:53:17.771922 write(5, "\r", 1) = 1
22225 14:53:17.771932 read(5,  <unfinished ...>
22223 14:53:17.771938 read(4, "\r", 1)  = 1
22223 14:53:17.771950 select(6, [5], NULL, NULL, {60, 0}) = 1 (in [5], left {60, 0})
22223 14:53:17.771966 accept(5, {sa_family=AF_INET, sin_port=htons(48672), sin_addr=inet_addr("127.0.0.1")}, [16]) = 6
22223 14:53:17.771988 write(4, "\1", 1) = 1
22225 14:53:17.771998 <... read resumed> "\1", 1) = 1
22225 14:53:17.772007 recvmsg(5,  <unfinished ...>
22223 14:53:17.772015 sendmsg(4, {msg_name(0)=NULL, msg_iov(1)=[{"\0", 1}], msg_controllen=16, {cmsg_len=16, cmsg_level=SOL_SOCKET, cmsg_type=SCM_RIGHTS, {6}}, msg_flags=0}, 0) = 1
22225 14:53:17.772032 <... recvmsg resumed> {msg_name(0)=NULL, msg_iov(1)=[{"\0", 1}], msg_controllen=16, {cmsg_len=16, cmsg_level=SOL_SOCKET, cmsg_type=SCM_RIGHTS, {6}}, msg_flags=0}, 0) = 1
22225 14:53:17.772045 setsockopt(6, SOL_SOCKET, SO_KEEPALIVE, [1], 4) = 0
22225 14:53:17.772057 setsockopt(6, SOL_IP, IP_TOS, [8], 4) = 0
22225 14:53:17.772068 setsockopt(6, SOL_SOCKET, SO_LINGER, {onoff=1, linger=32767}, 8) = 0
22225 14:53:17.772079 rt_sigaction(SIGALRM, {0x805cad0, ~[RTMIN RT_1], 0}, NULL, 8) = 0
22225 14:53:17.772092 alarm(300)        = 300
22225 14:53:17.772104 write(0, "150 Ok to send data.\r\n", 22) = 22
22225 14:53:17.772172 read(6, "assasaaa\na\na\na\na\n", 65536) = 17
22225 14:53:17.772186 write(4, "assasaaa\na\na\na\na\n", 17) = 17
22225 14:53:17.772202 read(6, "", 65536) = 0
22225 14:53:17.772212 rt_sigaction(SIGALRM, {0x805cad0, ~[RTMIN RT_1], 0}, NULL, 8) = 0
22225 14:53:17.772225 alarm(300)        = 300
22225 14:53:17.772235 close(6)          = 0
22225 14:53:17.772244 alarm(0)          = 300
22225 14:53:17.772253 gettimeofday({1495651997, 772257}, NULL) = 0
22225 14:53:17.772268 gettimeofday({1495651997, 772272}, NULL) = 0
22225 14:53:17.772283 fcntl64(3, F_SETLKW64, {type=F_WRLCK, whence=SEEK_SET, start=0, len=0}, 0xbfb85d14) = 0
22225 14:53:17.772297 write(3, "Wed May 24 14:53:17 2017 [pid 22225] [msfadmin] OK UPLOAD: Client \"127.0.0.1\", \"/home/msfadmin/myfile14\", 17 bytes, 27.26Kbyte/sec\n", 131) = 131
22225 14:53:17.772318 fcntl64(3, F_SETLK64, {type=F_UNLCK, whence=SEEK_SET, start=0, len=0}, 0xbfb85d1c) = 0
22225 14:53:17.772332 write(0, "226 Transfer complete.\r\n", 24) = 24
22225 14:53:17.772375 write(5, "\n", 1) = 1
22225 14:53:17.772387 read(5,  <unfinished ...>
22223 14:53:17.772394 close(6)          = 0
22223 14:53:17.772412 read(4, "\n", 1)  = 1
22223 14:53:17.772423 close(5)          = 0
22223 14:53:17.772434 write(4, "\1", 1) = 1
22225 14:53:17.772445 <... read resumed> "\1", 1) = 1
22225 14:53:17.772451 close(4)          = 0
22225 14:53:17.772462 rt_sigaction(SIGALRM, {0x805cad0, ~[RTMIN RT_1], 0}, NULL, 8) = 0
22225 14:53:17.772475 alarm(300)        = 0
22225 14:53:17.772485 recv(0,  <unfinished ...>
22223 14:53:17.772493 read(4,  <unfinished ...>
22222 14:53:18.251112 <... recv resumed> "USER msfadmin\r\n", 4096, MSG_PEEK) = 15
22222 14:53:18.251152 read(0, "USER msfadmin\r\n", 15) = 15
22222 14:53:18.251177 write(0, "331 Any password will do.\r\n", 27) = 27
22222 14:53:18.251230 rt_sigaction(SIGALRM, {0x805cad0, ~[RTMIN RT_1], 0}, NULL, 8) = 0
22222 14:53:18.251248 alarm(300)        = 299
22222 14:53:18.251261 recv(0, "PASS msfadmin\r\n", 4096, MSG_PEEK) = 15
22222 14:53:18.251273 read(0, "PASS msfadmin\r\n", 15) = 15
22222 14:53:18.251289 write(0, "230 Already logged in.\r\n", 24) = 24
22222 14:53:18.251349 rt_sigaction(SIGALRM, {0x805cad0, ~[RTMIN RT_1], 0}, NULL, 8) = 0
22222 14:53:18.251364 alarm(300)        = 300
22222 14:53:18.251375 recv(0, "TYPE I\r\n", 4096, MSG_PEEK) = 8
22222 14:53:18.251386 read(0, "TYPE I\r\n", 8) = 8
22222 14:53:18.251401 write(0, "200 Switching to Binary mode.\r\n", 31) = 31
22222 14:53:18.251436 rt_sigaction(SIGALRM, {0x805cad0, ~[RTMIN RT_1], 0}, NULL, 8) = 0
22222 14:53:18.251450 alarm(300)        = 300
22222 14:53:18.251461 recv(0, "PASV\r\n", 4096, MSG_PEEK) = 6
22222 14:53:18.251472 read(0, "PASV\r\n", 6) = 6
22222 14:53:18.251483 write(5, "\n", 1 <unfinished ...>
22220 14:53:18.251495 <... read resumed> "\n", 1) = 1
22222 14:53:18.251500 <... write resumed> ) = 1
22220 14:53:18.251507 write(4, "\1", 1) = 1
22220 14:53:18.251518 read(4,  <unfinished ...>
22222 14:53:18.251525 read(5, "\1", 1)  = 1
22222 14:53:18.251537 write(5, "\f", 1 <unfinished ...>
22220 14:53:18.251543 <... read resumed> "\f", 1) = 1
22222 14:53:18.251548 <... write resumed> ) = 1
22220 14:53:18.251555 socket(PF_INET, SOCK_STREAM, IPPROTO_TCP) = 5
22220 14:53:18.251571 setsockopt(5, SOL_SOCKET, SO_REUSEADDR, [1], 4) = 0
22220 14:53:18.251601 bind(5, {sa_family=AF_INET, sin_port=htons(5378), sin_addr=inet_addr("127.0.0.1")}, 16) = 0
22220 14:53:18.251620 listen(5, 1)      = 0
22220 14:53:18.251634 write(4, "\2\25\0\0", 4) = 4
22220 14:53:18.251646 read(4,  <unfinished ...>
22222 14:53:18.251653 read(5, "\2\25\0\0", 4) = 4
22222 14:53:18.251669 write(0, "227 Entering Passive Mode (127,0,0,1,21,2).\r\n", 45) = 45
22222 14:53:18.251784 rt_sigaction(SIGALRM, {0x805cad0, ~[RTMIN RT_1], 0}, NULL, 8) = 0
22222 14:53:18.251801 alarm(300)        = 300
22222 14:53:18.251842 recv(0, "RETR myfile14\r\n", 4096, MSG_PEEK) = 15
22222 14:53:18.251859 read(0, "RETR myfile14\r\n", 15) = 15
22222 14:53:18.251884 write(5, "\v", 1 <unfinished ...>
22220 14:53:18.251893 <... read resumed> "\v", 1) = 1
22222 14:53:18.251898 <... write resumed> ) = 1
22220 14:53:18.251904 write(4, "\1\0\0\0", 4) = 4
22220 14:53:18.251915 read(4,  <unfinished ...>
22222 14:53:18.251922 read(5, "\1\0\0\0", 4) = 4
22222 14:53:18.251933 gettimeofday({1495651998, 251937}, NULL) = 0
22222 14:53:18.251944 getcwd("/home/msfadmin", 4096) = 15
22222 14:53:18.251957 open("myfile14", O_RDONLY|O_NONBLOCK|O_LARGEFILE) = 4
22222 14:53:18.251970 fcntl64(4, F_SETLKW64, {type=F_RDLCK, whence=SEEK_SET, start=0, len=0}, 0xbfd62774) = 0
22222 14:53:18.251985 fstat64(4, {st_mode=S_IFREG|0644, st_size=17, ...}) = 0
22222 14:53:18.252003 fcntl64(4, F_GETFL) = 0x8800 (flags O_RDONLY|O_NONBLOCK|O_LARGEFILE)
22222 14:53:18.252013 fcntl64(4, F_SETFL, O_RDONLY|O_LARGEFILE) = 0
22222 14:53:18.252025 write(5, "\v", 1 <unfinished ...>
22220 14:53:18.252032 <... read resumed> "\v", 1) = 1
22222 14:53:18.252037 <... write resumed> ) = 1
22220 14:53:18.252043 write(4, "\1\0\0\0", 4) = 4
22220 14:53:18.252054 read(4,  <unfinished ...>
22222 14:53:18.252060 read(5, "\1\0\0\0", 4) = 4
22222 14:53:18.252071 write(5, "\v", 1 <unfinished ...>
22220 14:53:18.252078 <... read resumed> "\v", 1) = 1
22222 14:53:18.252083 <... write resumed> ) = 1
22220 14:53:18.252089 write(4, "\1\0\0\0", 4) = 4
22220 14:53:18.252099 read(4,  <unfinished ...>
22222 14:53:18.252106 read(5, "\1\0\0\0", 4) = 4
22222 14:53:18.252117 write(5, "\r", 1 <unfinished ...>
22220 14:53:18.252124 <... read resumed> "\r", 1) = 1
22222 14:53:18.252128 <... write resumed> ) = 1
22220 14:53:18.252135 select(6, [5], NULL, NULL, {60, 0}) = 1 (in [5], left {60, 0})
22220 14:53:18.252151 accept(5, {sa_family=AF_INET, sin_port=htons(37656), sin_addr=inet_addr("127.0.0.1")}, [16]) = 6
22220 14:53:18.252173 write(4, "\1", 1) = 1
22220 14:53:18.252185 sendmsg(4, {msg_name(0)=NULL, msg_iov(1)=[{"\0", 1}], msg_controllen=16, {cmsg_len=16, cmsg_level=SOL_SOCKET, cmsg_type=SCM_RIGHTS, {6}}, msg_flags=0}, 0) = 1
22220 14:53:18.252206 close(6)          = 0
22220 14:53:18.252216 read(4,  <unfinished ...>
22222 14:53:18.252222 read(5, "\1", 1)  = 1
22222 14:53:18.252235 recvmsg(5, {msg_name(0)=NULL, msg_iov(1)=[{"\0", 1}], msg_controllen=16, {cmsg_len=16, cmsg_level=SOL_SOCKET, cmsg_type=SCM_RIGHTS, {6}}, msg_flags=0}, 0) = 1
22222 14:53:18.252253 setsockopt(6, SOL_SOCKET, SO_KEEPALIVE, [1], 4) = 0
22222 14:53:18.252265 setsockopt(6, SOL_IP, IP_TOS, [8], 4) = 0
22222 14:53:18.252277 setsockopt(6, SOL_SOCKET, SO_LINGER, {onoff=1, linger=32767}, 8) = 0
22222 14:53:18.252288 rt_sigaction(SIGALRM, {0x805cad0, ~[RTMIN RT_1], 0}, NULL, 8) = 0
22222 14:53:18.252301 alarm(300)        = 300
22222 14:53:18.252314 write(0, "150 Opening BINARY mode data connection for myfile14 (17 bytes).\r\n", 66) = 66
22222 14:53:18.252356 _llseek(4, 0, [0], SEEK_CUR) = 0
22222 14:53:18.252368 fstat64(4, {st_mode=S_IFREG|0644, st_size=17, ...}) = 0
22222 14:53:18.252385 _llseek(4, 0, [0], SEEK_SET) = 0
22222 14:53:18.252395 sendfile(6, 4, NULL, 17) = 17
22222 14:53:18.252426 rt_sigaction(SIGALRM, {0x805cad0, ~[RTMIN RT_1], 0}, NULL, 8) = 0
22222 14:53:18.252440 alarm(300)        = 300
22222 14:53:18.252449 close(6)          = 0
22222 14:53:18.252486 alarm(0)          = 300
22222 14:53:18.252496 gettimeofday({1495651998, 252500}, NULL) = 0
22222 14:53:18.252512 gettimeofday({1495651998, 252516}, NULL) = 0
22222 14:53:18.252526 fcntl64(3, F_SETLKW64, {type=F_WRLCK, whence=SEEK_SET, start=0, len=0}, 0xbfd62714) = 0
22222 14:53:18.252540 write(3, "Wed May 24 14:53:18 2017 [pid 22222] [msfadmin] OK DOWNLOAD: Client \"127.0.0.1\", \"/home/msfadmin/myfile14\", 17 bytes, 28.67Kbyte/sec\n", 133) = 133
22222 14:53:18.252562 fcntl64(3, F_SETLK64, {type=F_UNLCK, whence=SEEK_SET, start=0, len=0}, 0xbfd6271c) = 0
22222 14:53:18.252576 write(0, "226 Transfer complete.\r\n", 24) = 24
22222 14:53:18.252639 write(5, "\n", 1 <unfinished ...>
22220 14:53:18.252649 <... read resumed> "\n", 1) = 1
22222 14:53:18.252654 <... write resumed> ) = 1
22220 14:53:18.252660 close(5)          = 0
22220 14:53:18.252672 write(4, "\1", 1) = 1
22220 14:53:18.252683 read(4,  <unfinished ...>
22222 14:53:18.252690 read(5, "\1", 1)  = 1
22222 14:53:18.252701 close(4)          = 0
22222 14:53:18.252712 rt_sigaction(SIGALRM, {0x805cad0, ~[RTMIN RT_1], 0}, NULL, 8) = 0
22222 14:53:18.252725 alarm(300)        = 0
22222 14:53:18.252736 recv(0,  <unfinished ...>
22225 14:53:18.311195 <... recv resumed> "TYPE I\r\n", 4096, MSG_PEEK) = 8
22225 14:53:18.311225 read(0, "TYPE I\r\n", 8) = 8
22225 14:53:18.311246 write(0, "200 Switching to Binary mode.\r\n", 31) = 31
22225 14:53:18.311294 rt_sigaction(SIGALRM, {0x805cad0, ~[RTMIN RT_1], 0}, NULL, 8) = 0
22225 14:53:18.311312 alarm(300)        = 299
22225 14:53:18.311324 recv(0, "PASV\r\n", 4096, MSG_PEEK) = 6
22225 14:53:18.311335 read(0, "PASV\r\n", 6) = 6
22225 14:53:18.311347 write(5, "\n", 1) = 1
22225 14:53:18.311359 read(5,  <unfinished ...>
22223 14:53:18.311367 <... read resumed> "\n", 1) = 1
22223 14:53:18.311376 write(4, "\1", 1) = 1
22225 14:53:18.311387 <... read resumed> "\1", 1) = 1
22225 14:53:18.311394 write(5, "\f", 1) = 1
22225 14:53:18.311404 read(5,  <unfinished ...>
22223 14:53:18.311411 read(4, "\f", 1)  = 1
22223 14:53:18.311422 socket(PF_INET, SOCK_STREAM, IPPROTO_TCP) = 5
22223 14:53:18.311438 setsockopt(5, SOL_SOCKET, SO_REUSEADDR, [1], 4) = 0
22223 14:53:18.311452 bind(5, {sa_family=AF_INET, sin_port=htons(5150), sin_addr=inet_addr("127.0.0.1")}, 16) = 0
22223 14:53:18.311468 listen(5, 1)      = 0
22223 14:53:18.311482 write(4, "\36\24\0\0", 4) = 4
22225 14:53:18.311493 <... read resumed> "\36\24\0\0", 4) = 4
22225 14:53:18.311505 write(0, "227 Entering Passive Mode (127,0,0,1,20,30).\r\n", 46) = 46
22225 14:53:18.311621 rt_sigaction(SIGALRM, {0x805cad0, ~[RTMIN RT_1], 0}, NULL, 8) = 0
22225 14:53:18.311638 alarm(300)        = 300
22225 14:53:18.311649 recv(0, "STOR myfile15\r\n", 4096, MSG_PEEK) = 15
22225 14:53:18.311661 read(0, "STOR myfile15\r\n", 15) = 15
22225 14:53:18.311683 write(5, "\v", 1) = 1
22225 14:53:18.311693 read(5,  <unfinished ...>
22223 14:53:18.311700 read(4, "\v", 1)  = 1
22223 14:53:18.311711 write(4, "\1\0\0\0", 4) = 4
22225 14:53:18.311722 <... read resumed> "\1\0\0\0", 4) = 4
22225 14:53:18.311730 gettimeofday({1495651998, 311733}, NULL) = 0
22225 14:53:18.311741 getcwd("/home/msfadmin", 4096) = 15
22225 14:53:18.311753 open("myfile15", O_WRONLY|O_CREAT|O_NONBLOCK|O_LARGEFILE, 0666) = 4
22225 14:53:18.311768 fstat64(4, {st_mode=S_IFREG|0644, st_size=17, ...}) = 0
22225 14:53:18.311785 fcntl64(4, F_GETFL) = 0x8801 (flags O_WRONLY|O_NONBLOCK|O_LARGEFILE)
22225 14:53:18.311796 fcntl64(4, F_SETFL, O_WRONLY|O_LARGEFILE) = 0
22225 14:53:18.311806 fcntl64(4, F_SETLKW64, {type=F_WRLCK, whence=SEEK_SET, start=0, len=0}, 0xbfb85d74) = 0
22225 14:53:18.311820 ftruncate64(4, 0) = 0
22225 14:53:18.311876 _llseek(4, 0, [0], SEEK_SET) = 0
22225 14:53:18.311898 write(5, "\v", 1) = 1
22225 14:53:18.311908 read(5,  <unfinished ...>
22223 14:53:18.311915 read(4, "\v", 1)  = 1
22223 14:53:18.311926 write(4, "\1\0\0\0", 4) = 4
22225 14:53:18.311937 <... read resumed> "\1\0\0\0", 4) = 4
22225 14:53:18.311944 write(5, "\v", 1) = 1
22225 14:53:18.311954 read(5,  <unfinished ...>
22223 14:53:18.311960 read(4, "\v", 1)  = 1
22223 14:53:18.311971 write(4, "\1\0\0\0", 4) = 4
22225 14:53:18.311980 <... read resumed> "\1\0\0\0", 4) = 4
22225 14:53:18.311988 write(5, "\r", 1) = 1
22225 14:53:18.311997 read(5,  <unfinished ...>
22223 14:53:18.312004 read(4, "\r", 1)  = 1
22223 14:53:18.312015 select(6, [5], NULL, NULL, {60, 0}) = 1 (in [5], left {60, 0})
22223 14:53:18.312031 accept(5, {sa_family=AF_INET, sin_port=htons(52999), sin_addr=inet_addr("127.0.0.1")}, [16]) = 6
22223 14:53:18.312054 write(4, "\1", 1) = 1
22225 14:53:18.312064 <... read resumed> "\1", 1) = 1
22225 14:53:18.312072 recvmsg(5,  <unfinished ...>
22223 14:53:18.312080 sendmsg(4, {msg_name(0)=NULL, msg_iov(1)=[{"\0", 1}], msg_controllen=16, {cmsg_len=16, cmsg_level=SOL_SOCKET, cmsg_type=SCM_RIGHTS, {6}}, msg_flags=0}, 0) = 1
22225 14:53:18.312097 <... recvmsg resumed> {msg_name(0)=NULL, msg_iov(1)=[{"\0", 1}], msg_controllen=16, {cmsg_len=16, cmsg_level=SOL_SOCKET, cmsg_type=SCM_RIGHTS, {6}}, msg_flags=0}, 0) = 1
22225 14:53:18.312110 setsockopt(6, SOL_SOCKET, SO_KEEPALIVE, [1], 4) = 0
22225 14:53:18.312122 setsockopt(6, SOL_IP, IP_TOS, [8], 4) = 0
22225 14:53:18.312134 setsockopt(6, SOL_SOCKET, SO_LINGER, {onoff=1, linger=32767}, 8) = 0
22225 14:53:18.312145 rt_sigaction(SIGALRM, {0x805cad0, ~[RTMIN RT_1], 0}, NULL, 8) = 0
22225 14:53:18.312158 alarm(300)        = 300
22225 14:53:18.312171 write(0, "150 Ok to send data.\r\n", 22) = 22
22225 14:53:18.312237 read(6, "assasaaa\na\na\na\na\n", 65536) = 17
22225 14:53:18.312251 write(4, "assasaaa\na\na\na\na\n", 17) = 17
22225 14:53:18.312267 read(6, "", 65536) = 0
22225 14:53:18.312277 rt_sigaction(SIGALRM, {0x805cad0, ~[RTMIN RT_1], 0}, NULL, 8) = 0
22225 14:53:18.312290 alarm(300)        = 300
22225 14:53:18.312300 close(6)          = 0
22225 14:53:18.312309 alarm(0)          = 300
22225 14:53:18.312318 gettimeofday({1495651998, 312322}, NULL) = 0
22225 14:53:18.312333 gettimeofday({1495651998, 312337}, NULL) = 0
22225 14:53:18.312347 fcntl64(3, F_SETLKW64, {type=F_WRLCK, whence=SEEK_SET, start=0, len=0}, 0xbfb85d14) = 0
22225 14:53:18.312361 write(3, "Wed May 24 14:53:18 2017 [pid 22225] [msfadmin] OK UPLOAD: Client \"127.0.0.1\", \"/home/msfadmin/myfile15\", 17 bytes, 27.49Kbyte/sec\n", 131) = 131
22225 14:53:18.312382 fcntl64(3, F_SETLK64, {type=F_UNLCK, whence=SEEK_SET, start=0, len=0}, 0xbfb85d1c) = 0
22225 14:53:18.312396 write(0, "226 Transfer complete.\r\n", 24) = 24
22225 14:53:18.312439 write(5, "\n", 1) = 1
22225 14:53:18.312451 read(5,  <unfinished ...>
22223 14:53:18.312458 close(6)          = 0
22223 14:53:18.312476 read(4, "\n", 1)  = 1
22223 14:53:18.312487 close(5)          = 0
22223 14:53:18.312498 write(4, "\1", 1) = 1
22225 14:53:18.312509 <... read resumed> "\1", 1) = 1
22225 14:53:18.312515 close(4)          = 0
22225 14:53:18.312529 rt_sigaction(SIGALRM, {0x805cad0, ~[RTMIN RT_1], 0}, NULL, 8) = 0
22225 14:53:18.312542 alarm(300)        = 0
22225 14:53:18.312553 recv(0,  <unfinished ...>
22223 14:53:18.312561 read(4,  <unfinished ...>
