25393 15:37:29.673325 connect(4, {sa_family=AF_FILE, path="/var/run/nscd/socket"}, 110) = -1 ENOENT (No such file or directory)
25393 15:37:29.673342 close(4)          = 0
25393 15:37:29.673365 open("/etc/group", O_RDONLY|0x80000 /* O_??? */) = 4
25393 15:37:29.673380 _llseek(4, 0, [0], SEEK_CUR) = 0
25393 15:37:29.673390 fstat64(4, {st_mode=S_IFREG|0644, st_size=886, ...}) = 0
25393 15:37:29.673406 mmap2(NULL, 886, PROT_READ, MAP_SHARED, 4, 0) = 0xb7f98000
25393 15:37:29.673417 _llseek(4, 886, [886], SEEK_SET) = 0
25393 15:37:29.673441 fstat64(4, {st_mode=S_IFREG|0644, st_size=886, ...}) = 0
25393 15:37:29.673458 munmap(0xb7f98000, 886) = 0
25393 15:37:29.673468 close(4)          = 0
25393 15:37:29.673477 setgroups32(13, [1000, 4, 20, 24, 25, 29, 30, 44, 46, 107, 111, 112, 119]) = 0
25393 15:37:29.673493 geteuid32()       = 0
25393 15:37:29.673504 getegid32()       = 0
25393 15:37:29.673514 setregid32(-1, 1000) = 0
25393 15:37:29.673524 setreuid32(-1, 1000) = 0
25393 15:37:29.673534 chdir("/home/msfadmin") = 0
25393 15:37:29.673546 setreuid32(-1, 0) = 0
25393 15:37:29.673555 setregid32(-1, 0) = 0
25393 15:37:29.673565 setgid32(1000)    = 0
25393 15:37:29.673574 setuid32(1000)    = 0
25393 15:37:29.673584 setrlimit(RLIMIT_NPROC, {rlim_cur=0, rlim_max=0}) = 0
25393 15:37:29.673597 mmap2(NULL, 12288, PROT_READ|PROT_WRITE, MAP_PRIVATE|MAP_ANONYMOUS, -1, 0) = 0xb7f96000
25393 15:37:29.673608 mprotect(0xb7f98000, 4096, PROT_NONE) = 0
25393 15:37:29.673619 mprotect(0xb7f96000, 4096, PROT_NONE) = 0
25393 15:37:29.673630 getcwd("/home/msfadmin", 4096) = 15
25393 15:37:29.673643 umask(022)        = 077
25393 15:37:29.673652 getcwd("/home/msfadmin", 4096) = 15
25393 15:37:29.673666 open(".message", O_RDONLY|O_NONBLOCK|O_LARGEFILE) = -1 ENOENT (No such file or directory)
25393 15:37:29.673692 write(0, "230 Login successful.\r\n", 23) = 23
25393 15:37:29.673773 rt_sigaction(SIGALRM, {0x805cad0, ~[RTMIN RT_1], 0}, NULL, 8) = 0
25393 15:37:29.673789 alarm(300)        = 0
25393 15:37:29.673800 mmap2(NULL, 12288, PROT_READ|PROT_WRITE, MAP_PRIVATE|MAP_ANONYMOUS, -1, 0) = 0xb7f93000
25393 15:37:29.673811 mprotect(0xb7f95000, 4096, PROT_NONE) = 0
25393 15:37:29.673822 mprotect(0xb7f93000, 4096, PROT_NONE) = 0
25393 15:37:29.673834 recv(0, "TYPE I\r\n", 4096, MSG_PEEK) = 8
25393 15:37:29.673847 read(0, "TYPE I\r\n", 8) = 8
25393 15:37:29.673863 write(0, "200 Switching to Binary mode.\r\n", 31) = 31
25393 15:37:29.673903 rt_sigaction(SIGALRM, {0x805cad0, ~[RTMIN RT_1], 0}, NULL, 8) = 0
25393 15:37:29.673917 alarm(300)        = 300
25393 15:37:29.673928 recv(0, "PASV\r\n", 4096, MSG_PEEK) = 6
25393 15:37:29.673939 read(0, "PASV\r\n", 6) = 6
25393 15:37:29.673951 write(5, "\n", 1) = 1
25393 15:37:29.673961 read(5,  <unfinished ...>
25391 15:37:29.673973 close(5)          = 0
25391 15:37:29.673985 getuid32()        = 0
25391 15:37:29.674026 open("/etc/passwd", O_RDONLY|0x80000 /* O_??? */) = 5
25391 15:37:29.674051 _llseek(5, 0, [0], SEEK_CUR) = 0
25391 15:37:29.674063 fstat64(5, {st_mode=S_IFREG|0644, st_size=1624, ...}) = 0
25391 15:37:29.674081 mmap2(NULL, 1624, PROT_READ, MAP_SHARED, 5, 0) = 0xb7f98000
25391 15:37:29.674092 _llseek(5, 1624, [1624], SEEK_SET) = 0
25391 15:37:29.674109 munmap(0xb7f98000, 1624) = 0
25391 15:37:29.674121 close(5)          = 0
25391 15:37:29.674136 setgroups32(0, []) = 0
25391 15:37:29.674147 chdir("/usr/share/empty") = 0
25391 15:37:29.674159 chroot(".")       = 0
25391 15:37:29.674169 capset(NULL, NULL) = -1 EFAULT (Bad address)
25391 15:37:29.674182 prctl(0x8, 0, 0xbfa46ce8, 0x80549a6, 0xbfa46cd0) = 0
25391 15:37:29.674193 prctl(0x8, 0x1, 0xbfa46ce8, 0x8054a49, 0xbfa46cd0) = 0
25391 15:37:29.674203 setgid32(65534)   = 0
25391 15:37:29.674212 setuid32(65534)   = 0
25391 15:37:29.674222 capset(0x19980330, 0, {CAP_NET_BIND_SERVICE, CAP_NET_BIND_SERVICE, 0}) = 0
25391 15:37:29.674234 read(4, "\n", 1)  = 1
25391 15:37:29.674247 write(4, "\1", 1) = 1
25393 15:37:29.674258 <... read resumed> "\1", 1) = 1
25393 15:37:29.674266 write(5, "\f", 1) = 1
25393 15:37:29.674276 read(5,  <unfinished ...>
25391 15:37:29.674282 read(4, "\f", 1)  = 1
25391 15:37:29.674294 socket(PF_INET, SOCK_STREAM, IPPROTO_TCP) = 5
25391 15:37:29.674307 setsockopt(5, SOL_SOCKET, SO_REUSEADDR, [1], 4) = 0
25391 15:37:29.674318 gettimeofday({1495654649, 674322}, NULL) = 0
25391 15:37:29.674334 bind(5, {sa_family=AF_INET, sin_port=htons(42634), sin_addr=inet_addr("127.0.0.1")}, 16) = 0
25391 15:37:29.674350 listen(5, 1)      = 0
25391 15:37:29.674362 write(4, "\212\246\0\0", 4) = 4
25393 15:37:29.674373 <... read resumed> "\212\246\0\0", 4) = 4
25393 15:37:29.674386 write(0, "227 Entering Passive Mode (127,0,0,1,166,138).\r\n", 48) = 48
25393 15:37:29.674485 rt_sigaction(SIGALRM, {0x805cad0, ~[RTMIN RT_1], 0}, NULL, 8) = 0
25393 15:37:29.674502 alarm(300)        = 300
25393 15:37:29.674513 recv(0, "STOR myfile35\r\n", 4096, MSG_PEEK) = 15
25393 15:37:29.674525 read(0, "STOR myfile35\r\n", 15) = 15
25393 15:37:29.674540 write(5, "\v", 1) = 1
25393 15:37:29.674550 read(5,  <unfinished ...>
25391 15:37:29.674557 read(4, "\v", 1)  = 1
25391 15:37:29.674568 write(4, "\1\0\0\0", 4) = 4
25393 15:37:29.674578 <... read resumed> "\1\0\0\0", 4) = 4
25393 15:37:29.674586 gettimeofday({1495654649, 674590}, NULL) = 0
25393 15:37:29.674597 getcwd("/home/msfadmin", 4096) = 15
25393 15:37:29.674609 open("myfile35", O_WRONLY|O_CREAT|O_NONBLOCK|O_LARGEFILE, 0666) = 4
25393 15:37:29.674622 fstat64(4, {st_mode=S_IFREG|0644, st_size=17, ...}) = 0
25393 15:37:29.674639 fcntl64(4, F_GETFL) = 0x8801 (flags O_WRONLY|O_NONBLOCK|O_LARGEFILE)
25393 15:37:29.674649 fcntl64(4, F_SETFL, O_WRONLY|O_LARGEFILE) = 0
25393 15:37:29.674659 fcntl64(4, F_SETLKW64, {type=F_WRLCK, whence=SEEK_SET, start=0, len=0}, 0xbfa46c34) = 0
25393 15:37:29.674674 ftruncate64(4, 0) = 0
25393 15:37:29.674694 _llseek(4, 0, [0], SEEK_SET) = 0
25393 15:37:29.674708 write(5, "\v", 1) = 1
25393 15:37:29.674719 read(5,  <unfinished ...>
25391 15:37:29.674726 read(4, "\v", 1)  = 1
25391 15:37:29.674737 write(4, "\1\0\0\0", 4) = 4
25393 15:37:29.674747 <... read resumed> "\1\0\0\0", 4) = 4
25393 15:37:29.674754 write(5, "\v", 1) = 1
25393 15:37:29.674764 read(5,  <unfinished ...>
25391 15:37:29.674770 read(4, "\v", 1)  = 1
25391 15:37:29.674781 write(4, "\1\0\0\0", 4) = 4
25393 15:37:29.674790 <... read resumed> "\1\0\0\0", 4) = 4
25393 15:37:29.674797 write(5, "\r", 1) = 1
25393 15:37:29.674807 read(5,  <unfinished ...>
25391 15:37:29.674814 read(4, "\r", 1)  = 1
25391 15:37:29.674826 select(6, [5], NULL, NULL, {60, 0}) = 1 (in [5], left {60, 0})
25391 15:37:29.674842 accept(5, {sa_family=AF_INET, sin_port=htons(56968), sin_addr=inet_addr("127.0.0.1")}, [16]) = 6
25391 15:37:29.674863 write(4, "\1", 1) = 1
25393 15:37:29.674873 <... read resumed> "\1", 1) = 1
25393 15:37:29.674882 recvmsg(5,  <unfinished ...>
25391 15:37:29.674891 sendmsg(4, {msg_name(0)=NULL, msg_iov(1)=[{"\0", 1}], msg_controllen=16, {cmsg_len=16, cmsg_level=SOL_SOCKET, cmsg_type=SCM_RIGHTS, {6}}, msg_flags=0}, 0) = 1
25393 15:37:29.674908 <... recvmsg resumed> {msg_name(0)=NULL, msg_iov(1)=[{"\0", 1}], msg_controllen=16, {cmsg_len=16, cmsg_level=SOL_SOCKET, cmsg_type=SCM_RIGHTS, {6}}, msg_flags=0}, 0) = 1
25393 15:37:29.674921 setsockopt(6, SOL_SOCKET, SO_KEEPALIVE, [1], 4) = 0
25393 15:37:29.674933 setsockopt(6, SOL_IP, IP_TOS, [8], 4) = 0
25393 15:37:29.674945 setsockopt(6, SOL_SOCKET, SO_LINGER, {onoff=1, linger=32767}, 8) = 0
25393 15:37:29.674956 rt_sigaction(SIGALRM, {0x805cad0, ~[RTMIN RT_1], 0}, NULL, 8) = 0
25393 15:37:29.674996 alarm(300)        = 300
25393 15:37:29.675021 write(0, "150 Ok to send data.\r\n", 22) = 22
25393 15:37:29.675085 mmap2(NULL, 77824, PROT_READ|PROT_WRITE, MAP_PRIVATE|MAP_ANONYMOUS, -1, 0) = 0xb7dcd000
25393 15:37:29.675099 mprotect(0xb7ddf000, 4096, PROT_NONE) = 0
25393 15:37:29.675110 mprotect(0xb7dcd000, 4096, PROT_NONE) = 0
25393 15:37:29.675120 read(6, "assasaaa\na\na\na\na\n", 65536) = 17
25393 15:37:29.675133 write(4, "assasaaa\na\na\na\na\n", 17) = 17
25393 15:37:29.675149 read(6, "", 65536) = 0
25393 15:37:29.675159 rt_sigaction(SIGALRM, {0x805cad0, ~[RTMIN RT_1], 0}, NULL, 8) = 0
25393 15:37:29.675173 alarm(300)        = 300
25393 15:37:29.675182 close(6)          = 0
25393 15:37:29.675191 alarm(0)          = 300
25393 15:37:29.675200 gettimeofday({1495654649, 675203}, NULL) = 0
25393 15:37:29.675217 getpid()          = 25393
25393 15:37:29.675228 gettimeofday({1495654649, 675232}, NULL) = 0
25393 15:37:29.675246 fcntl64(3, F_SETLKW64, {type=F_WRLCK, whence=SEEK_SET, start=0, len=0}, 0xbfa46bd4) = 0
25393 15:37:29.675260 write(3, "Wed May 24 15:37:29 2017 [pid 25393] [msfadmin] OK UPLOAD: Client \"127.0.0.1\", \"/home/msfadmin/myfile35\", 17 bytes, 25.86Kbyte/sec\n", 131) = 131
25393 15:37:29.675286 fcntl64(3, F_SETLK64, {type=F_UNLCK, whence=SEEK_SET, start=0, len=0}, 0xbfa46bdc) = 0
25393 15:37:29.675301 write(0, "226 Transfer complete.\r\n", 24) = 24
25393 15:37:29.675341 write(5, "\n", 1) = 1
25393 15:37:29.675352 read(5,  <unfinished ...>
25391 15:37:29.675359 close(6)          = 0
25391 15:37:29.675377 read(4, "\n", 1)  = 1
25391 15:37:29.675389 close(5)          = 0
25391 15:37:29.675399 write(4, "\1", 1) = 1
25393 15:37:29.675409 <... read resumed> "\1", 1) = 1
25393 15:37:29.675416 close(4)          = 0
25393 15:37:29.675427 rt_sigaction(SIGALRM, {0x805cad0, ~[RTMIN RT_1], 0}, NULL, 8) = 0
25393 15:37:29.675440 alarm(300)        = 0
25393 15:37:29.675450 recv(0,  <unfinished ...>
25391 15:37:29.675458 read(4,  <unfinished ...>
25393 15:37:30.181839 <... recv resumed> "TYPE I\r\n", 4096, MSG_PEEK) = 8
25393 15:37:30.181870 read(0, "TYPE I\r\n", 8) = 8
25393 15:37:30.181891 write(0, "200 Switching to Binary mode.\r\n", 31) = 31
25393 15:37:30.181939 rt_sigaction(SIGALRM, {0x805cad0, ~[RTMIN RT_1], 0}, NULL, 8) = 0
25393 15:37:30.181957 alarm(300)        = 299
25393 15:37:30.181969 recv(0, "PASV\r\n", 4096, MSG_PEEK) = 6
25393 15:37:30.181989 read(0, "PASV\r\n", 6) = 6
25393 15:37:30.182002 write(5, "\n", 1) = 1
25393 15:37:30.182014 read(5,  <unfinished ...>
25391 15:37:30.182023 <... read resumed> "\n", 1) = 1
25391 15:37:30.182031 write(4, "\1", 1) = 1
25393 15:37:30.182042 <... read resumed> "\1", 1) = 1
25393 15:37:30.182049 write(5, "\f", 1) = 1
25393 15:37:30.182059 read(5,  <unfinished ...>
25391 15:37:30.182065 read(4, "\f", 1)  = 1
25391 15:37:30.182077 socket(PF_INET, SOCK_STREAM, IPPROTO_TCP) = 5
25391 15:37:30.182093 setsockopt(5, SOL_SOCKET, SO_REUSEADDR, [1], 4) = 0
25391 15:37:30.182107 bind(5, {sa_family=AF_INET, sin_port=htons(59936), sin_addr=inet_addr("127.0.0.1")}, 16) = 0
25391 15:37:30.182123 listen(5, 1)      = 0
25391 15:37:30.182137 write(4, " \352\0\0", 4) = 4
25393 15:37:30.182148 <... read resumed> " \352\0\0", 4) = 4
25393 15:37:30.182159 write(0, "227 Entering Passive Mode (127,0,0,1,234,32).\r\n", 47) = 47
25393 15:37:30.182273 rt_sigaction(SIGALRM, {0x805cad0, ~[RTMIN RT_1], 0}, NULL, 8) = 0
25393 15:37:30.182289 alarm(300)        = 300
25393 15:37:30.182301 recv(0, "STOR myfile36\r\n", 4096, MSG_PEEK) = 15
25393 15:37:30.182313 read(0, "STOR myfile36\r\n", 15) = 15
25393 15:37:30.182326 write(5, "\v", 1) = 1
25393 15:37:30.182336 read(5,  <unfinished ...>
25391 15:37:30.182343 read(4, "\v", 1)  = 1
25391 15:37:30.182354 write(4, "\1\0\0\0", 4) = 4
25393 15:37:30.182365 <... read resumed> "\1\0\0\0", 4) = 4
25393 15:37:30.182373 gettimeofday({1495654650, 182376}, NULL) = 0
25393 15:37:30.182384 getcwd("/home/msfadmin", 4096) = 15
25393 15:37:30.182396 open("myfile36", O_WRONLY|O_CREAT|O_NONBLOCK|O_LARGEFILE, 0666) = 4
25393 15:37:30.182410 fstat64(4, {st_mode=S_IFREG|0644, st_size=17, ...}) = 0
25393 15:37:30.182428 fcntl64(4, F_GETFL) = 0x8801 (flags O_WRONLY|O_NONBLOCK|O_LARGEFILE)
25393 15:37:30.182439 fcntl64(4, F_SETFL, O_WRONLY|O_LARGEFILE) = 0
25393 15:37:30.182449 fcntl64(4, F_SETLKW64, {type=F_WRLCK, whence=SEEK_SET, start=0, len=0}, 0xbfa46c34) = 0
25393 15:37:30.182463 ftruncate64(4, 0) = 0
25393 15:37:30.182481 _llseek(4, 0, [0], SEEK_SET) = 0
25393 15:37:30.182492 write(5, "\v", 1) = 1
25393 15:37:30.182502 read(5,  <unfinished ...>
25391 15:37:30.182509 read(4, "\v", 1)  = 1
25391 15:37:30.182520 write(4, "\1\0\0\0", 4) = 4
25393 15:37:30.182530 <... read resumed> "\1\0\0\0", 4) = 4
25393 15:37:30.182537 write(5, "\v", 1) = 1
25393 15:37:30.182547 read(5,  <unfinished ...>
25391 15:37:30.182553 read(4, "\v", 1)  = 1
25391 15:37:30.182564 write(4, "\1\0\0\0", 4) = 4
25393 15:37:30.182574 <... read resumed> "\1\0\0\0", 4) = 4
25393 15:37:30.182581 write(5, "\r", 1) = 1
25393 15:37:30.182590 read(5,  <unfinished ...>
25391 15:37:30.182617 read(4, "\r", 1)  = 1
25391 15:37:30.182630 select(6, [5], NULL, NULL, {60, 0}) = 1 (in [5], left {60, 0})
25391 15:37:30.182657 accept(5, {sa_family=AF_INET, sin_port=htons(58428), sin_addr=inet_addr("127.0.0.1")}, [16]) = 6
25391 15:37:30.182679 write(4, "\1", 1) = 1
25393 15:37:30.182689 <... read resumed> "\1", 1) = 1
25393 15:37:30.182697 recvmsg(5,  <unfinished ...>
25391 15:37:30.182706 sendmsg(4, {msg_name(0)=NULL, msg_iov(1)=[{"\0", 1}], msg_controllen=16, {cmsg_len=16, cmsg_level=SOL_SOCKET, cmsg_type=SCM_RIGHTS, {6}}, msg_flags=0}, 0) = 1
25393 15:37:30.182723 <... recvmsg resumed> {msg_name(0)=NULL, msg_iov(1)=[{"\0", 1}], msg_controllen=16, {cmsg_len=16, cmsg_level=SOL_SOCKET, cmsg_type=SCM_RIGHTS, {6}}, msg_flags=0}, 0) = 1
25393 15:37:30.182736 setsockopt(6, SOL_SOCKET, SO_KEEPALIVE, [1], 4) = 0
25393 15:37:30.182748 setsockopt(6, SOL_IP, IP_TOS, [8], 4) = 0
25393 15:37:30.182760 setsockopt(6, SOL_SOCKET, SO_LINGER, {onoff=1, linger=32767}, 8) = 0
25393 15:37:30.182771 rt_sigaction(SIGALRM, {0x805cad0, ~[RTMIN RT_1], 0}, NULL, 8) = 0
25393 15:37:30.182784 alarm(300)        = 300
25393 15:37:30.182796 write(0, "150 Ok to send data.\r\n", 22) = 22
25393 15:37:30.182862 read(6, "assasaaa\na\na\na\na\n", 65536) = 17
25393 15:37:30.182876 write(4, "assasaaa\na\na\na\na\n", 17) = 17
25393 15:37:30.182893 read(6, "", 65536) = 0
25393 15:37:30.182903 rt_sigaction(SIGALRM, {0x805cad0, ~[RTMIN RT_1], 0}, NULL, 8) = 0
25393 15:37:30.182920 alarm(300)        = 300
25393 15:37:30.182930 close(6)          = 0
25393 15:37:30.182939 alarm(0)          = 300
25393 15:37:30.182949 gettimeofday({1495654650, 182952}, NULL) = 0
25393 15:37:30.182964 gettimeofday({1495654650, 182967}, NULL) = 0
25393 15:37:30.182978 fcntl64(3, F_SETLKW64, {type=F_WRLCK, whence=SEEK_SET, start=0, len=0}, 0xbfa46bd4) = 0
25393 15:37:30.182993 write(3, "Wed May 24 15:37:30 2017 [pid 25393] [msfadmin] OK UPLOAD: Client \"127.0.0.1\", \"/home/msfadmin/myfile36\", 17 bytes, 28.09Kbyte/sec\n", 131) = 131
25393 15:37:30.183014 fcntl64(3, F_SETLK64, {type=F_UNLCK, whence=SEEK_SET, start=0, len=0}, 0xbfa46bdc) = 0
25393 15:37:30.183028 write(0, "226 Transfer complete.\r\n", 24) = 24
25393 15:37:30.183072 write(5, "\n", 1) = 1
25393 15:37:30.183083 read(5,  <unfinished ...>
25391 15:37:30.183090 close(6)          = 0
25391 15:37:30.183108 read(4, "\n", 1)  = 1
25391 15:37:30.183119 close(5)          = 0
25391 15:37:30.183130 write(4, "\1", 1) = 1
25393 15:37:30.183140 <... read resumed> "\1", 1) = 1
25393 15:37:30.183147 close(4)          = 0
25393 15:37:30.183157 rt_sigaction(SIGALRM, {0x805cad0, ~[RTMIN RT_1], 0}, NULL, 8) = 0
25393 15:37:30.183170 alarm(300)        = 0
25393 15:37:30.183181 recv(0,  <unfinished ...>
25391 15:37:30.183188 read(4,  <unfinished ...>
25393 15:37:30.691857 <... recv resumed> "TYPE I\r\n", 4096, MSG_PEEK) = 8
25393 15:37:30.691888 read(0, "TYPE I\r\n", 8) = 8
25393 15:37:30.691909 write(0, "200 Switching to Binary mode.\r\n", 31) = 31
25393 15:37:30.691957 rt_sigaction(SIGALRM, {0x805cad0, ~[RTMIN RT_1], 0}, NULL, 8) = 0
25393 15:37:30.691975 alarm(300)        = 299
25393 15:37:30.691987 recv(0, "PASV\r\n", 4096, MSG_PEEK) = 6
25393 15:37:30.691999 read(0, "PASV\r\n", 6) = 6
25393 15:37:30.692011 write(5, "\n", 1) = 1
25393 15:37:30.692023 read(5,  <unfinished ...>
25391 15:37:30.692031 <... read resumed> "\n", 1) = 1
25391 15:37:30.692040 write(4, "\1", 1) = 1
25393 15:37:30.692050 <... read resumed> "\1", 1) = 1
25393 15:37:30.692057 write(5, "\f", 1) = 1
25393 15:37:30.692067 read(5,  <unfinished ...>
25391 15:37:30.692074 read(4, "\f", 1)  = 1
25391 15:37:30.692086 socket(PF_INET, SOCK_STREAM, IPPROTO_TCP) = 5
25391 15:37:30.692101 setsockopt(5, SOL_SOCKET, SO_REUSEADDR, [1], 4) = 0
25391 15:37:30.692115 bind(5, {sa_family=AF_INET, sin_port=htons(58486), sin_addr=inet_addr("127.0.0.1")}, 16) = 0
25391 15:37:30.692132 listen(5, 1)      = 0
25391 15:37:30.692145 write(4, "v\344\0\0", 4) = 4
25393 15:37:30.692156 <... read resumed> "v\344\0\0", 4) = 4
25393 15:37:30.692168 write(0, "227 Entering Passive Mode (127,0,0,1,228,118).\r\n", 48) = 48
25393 15:37:30.692280 rt_sigaction(SIGALRM, {0x805cad0, ~[RTMIN RT_1], 0}, NULL, 8) = 0
25393 15:37:30.692297 alarm(300)        = 300
25393 15:37:30.692308 recv(0, "STOR myfile37\r\n", 4096, MSG_PEEK) = 15
25393 15:37:30.692320 read(0, "STOR myfile37\r\n", 15) = 15
25393 15:37:30.692334 write(5, "\v", 1) = 1
25393 15:37:30.692344 read(5,  <unfinished ...>
25391 15:37:30.692351 read(4, "\v", 1)  = 1
25391 15:37:30.692362 write(4, "\1\0\0\0", 4) = 4
25393 15:37:30.692373 <... read resumed> "\1\0\0\0", 4) = 4
25393 15:37:30.692380 gettimeofday({1495654650, 692384}, NULL) = 0
25393 15:37:30.692391 getcwd("/home/msfadmin", 4096) = 15
25393 15:37:30.692404 open("myfile37", O_WRONLY|O_CREAT|O_NONBLOCK|O_LARGEFILE, 0666) = 4
25393 15:37:30.692418 fstat64(4, {st_mode=S_IFREG|0644, st_size=17, ...}) = 0
25393 15:37:30.692435 fcntl64(4, F_GETFL) = 0x8801 (flags O_WRONLY|O_NONBLOCK|O_LARGEFILE)
25393 15:37:30.692446 fcntl64(4, F_SETFL, O_WRONLY|O_LARGEFILE) = 0
25393 15:37:30.692456 fcntl64(4, F_SETLKW64, {type=F_WRLCK, whence=SEEK_SET, start=0, len=0}, 0xbfa46c34) = 0
25393 15:37:30.692470 ftruncate64(4, 0) = 0
25393 15:37:30.692489 _llseek(4, 0, [0], SEEK_SET) = 0
25393 15:37:30.692500 write(5, "\v", 1) = 1
25393 15:37:30.692510 read(5,  <unfinished ...>
25391 15:37:30.692517 read(4, "\v", 1)  = 1
25391 15:37:30.692528 write(4, "\1\0\0\0", 4) = 4
25393 15:37:30.692538 <... read resumed> "\1\0\0\0", 4) = 4
25393 15:37:30.692552 write(5, "\v", 1) = 1
25393 15:37:30.692562 read(5,  <unfinished ...>
25391 15:37:30.692568 read(4, "\v", 1)  = 1
25391 15:37:30.692579 write(4, "\1\0\0\0", 4) = 4
25393 15:37:30.692589 <... read resumed> "\1\0\0\0", 4) = 4
25393 15:37:30.692597 write(5, "\r", 1) = 1
25393 15:37:30.692606 read(5,  <unfinished ...>
25391 15:37:30.692613 read(4, "\r", 1)  = 1
25391 15:37:30.692624 select(6, [5], NULL, NULL, {60, 0}) = 1 (in [5], left {60, 0})
25391 15:37:30.692661 accept(5, {sa_family=AF_INET, sin_port=htons(60274), sin_addr=inet_addr("127.0.0.1")}, [16]) = 6
25391 15:37:30.692694 write(4, "\1", 1) = 1
25393 15:37:30.692705 <... read resumed> "\1", 1) = 1
25393 15:37:30.692714 recvmsg(5,  <unfinished ...>
25391 15:37:30.692722 sendmsg(4, {msg_name(0)=NULL, msg_iov(1)=[{"\0", 1}], msg_controllen=16, {cmsg_len=16, cmsg_level=SOL_SOCKET, cmsg_type=SCM_RIGHTS, {6}}, msg_flags=0}, 0) = 1
25393 15:37:30.692739 <... recvmsg resumed> {msg_name(0)=NULL, msg_iov(1)=[{"\0", 1}], msg_controllen=16, {cmsg_len=16, cmsg_level=SOL_SOCKET, cmsg_type=SCM_RIGHTS, {6}}, msg_flags=0}, 0) = 1
25393 15:37:30.692752 setsockopt(6, SOL_SOCKET, SO_KEEPALIVE, [1], 4) = 0
25393 15:37:30.692764 setsockopt(6, SOL_IP, IP_TOS, [8], 4) = 0
25393 15:37:30.692776 setsockopt(6, SOL_SOCKET, SO_LINGER, {onoff=1, linger=32767}, 8) = 0
25393 15:37:30.692787 rt_sigaction(SIGALRM, {0x805cad0, ~[RTMIN RT_1], 0}, NULL, 8) = 0
25393 15:37:30.692800 alarm(300)        = 300
25393 15:37:30.692812 write(0, "150 Ok to send data.\r\n", 22) = 22
25393 15:37:30.692879 read(6, "assasaaa\na\na\na\na\n", 65536) = 17
25393 15:37:30.692893 write(4, "assasaaa\na\na\na\na\n", 17) = 17
25393 15:37:30.692912 read(6, "", 65536) = 0
25393 15:37:30.692923 rt_sigaction(SIGALRM, {0x805cad0, ~[RTMIN RT_1], 0}, NULL, 8) = 0
25393 15:37:30.692936 alarm(300)        = 300
25393 15:37:30.692946 close(6)          = 0
25393 15:37:30.692955 alarm(0)          = 300
25393 15:37:30.692965 gettimeofday({1495654650, 692968}, NULL) = 0
25393 15:37:30.692980 gettimeofday({1495654650, 692983}, NULL) = 0
25393 15:37:30.692994 fcntl64(3, F_SETLKW64, {type=F_WRLCK, whence=SEEK_SET, start=0, len=0}, 0xbfa46bd4) = 0
25393 15:37:30.693008 write(3, "Wed May 24 15:37:30 2017 [pid 25393] [msfadmin] OK UPLOAD: Client \"127.0.0.1\", \"/home/msfadmin/myfile37\", 17 bytes, 27.72Kbyte/sec\n", 131) = 131
25393 15:37:30.693029 fcntl64(3, F_SETLK64, {type=F_UNLCK, whence=SEEK_SET, start=0, len=0}, 0xbfa46bdc) = 0
25393 15:37:30.693043 write(0, "226 Transfer complete.\r\n", 24) = 24
25393 15:37:30.693087 write(5, "\n", 1) = 1
25393 15:37:30.693099 read(5,  <unfinished ...>
25391 15:37:30.693105 close(6)          = 0
25391 15:37:30.693123 read(4, "\n", 1)  = 1
25391 15:37:30.693135 close(5)          = 0
25391 15:37:30.693145 write(4, "\1", 1) = 1
25393 15:37:30.693156 <... read resumed> "\1", 1) = 1
25393 15:37:30.693163 close(4)          = 0
25393 15:37:30.693173 rt_sigaction(SIGALRM, {0x805cad0, ~[RTMIN RT_1], 0}, NULL, 8) = 0
25393 15:37:30.693186 alarm(300)        = 0
25393 15:37:30.693197 recv(0,  <unfinished ...>
25391 15:37:30.693204 read(4,  <unfinished ...>
25393 15:37:31.222845 <... recv resumed> "TYPE I\r\n", 4096, MSG_PEEK) = 8
25393 15:37:31.222883 read(0, "TYPE I\r\n", 8) = 8
25393 15:37:31.222907 write(0, "200 Switching to Binary mode.\r\n", 31) = 31
25393 15:37:31.222995 rt_sigaction(SIGALRM, {0x805cad0, ~[RTMIN RT_1], 0}, NULL, 8) = 0
25393 15:37:31.223015 alarm(300)        = 299
25393 15:37:31.223028 recv(0, "PASV\r\n", 4096, MSG_PEEK) = 6
25393 15:37:31.223040 read(0, "PASV\r\n", 6) = 6
25393 15:37:31.223052 write(5, "\n", 1) = 1
25393 15:37:31.223066 read(5,  <unfinished ...>
25391 15:37:31.223091 <... read resumed> "\n", 1) = 1
25391 15:37:31.223104 write(4, "\1", 1) = 1
25393 15:37:31.223115 <... read resumed> "\1", 1) = 1
25393 15:37:31.223123 write(5, "\f", 1) = 1
25393 15:37:31.223133 read(5,  <unfinished ...>
25391 15:37:31.223140 read(4, "\f", 1)  = 1
25391 15:37:31.223152 socket(PF_INET, SOCK_STREAM, IPPROTO_TCP) = 5
25391 15:37:31.223170 setsockopt(5, SOL_SOCKET, SO_REUSEADDR, [1], 4) = 0
25391 15:37:31.223199 bind(5, {sa_family=AF_INET, sin_port=htons(18338), sin_addr=inet_addr("127.0.0.1")}, 16) = 0
25391 15:37:31.223217 listen(5, 1)      = 0
25391 15:37:31.223231 write(4, "\242G\0\0", 4) = 4
25393 15:37:31.223243 <... read resumed> "\242G\0\0", 4) = 4
25393 15:37:31.223255 write(0, "227 Entering Passive Mode (127,0,0,1,71,162).\r\n", 47) = 47
25393 15:37:31.223382 rt_sigaction(SIGALRM, {0x805cad0, ~[RTMIN RT_1], 0}, NULL, 8) = 0
25393 15:37:31.223400 alarm(300)        = 300
25393 15:37:31.223411 recv(0, "STOR myfile38\r\n", 4096, MSG_PEEK) = 15
25393 15:37:31.223424 read(0, "STOR myfile38\r\n", 15) = 15
25393 15:37:31.223438 write(5, "\v", 1) = 1
25393 15:37:31.223449 read(5,  <unfinished ...>
25391 15:37:31.223456 read(4, "\v", 1)  = 1
25391 15:37:31.223467 write(4, "\1\0\0\0", 4) = 4
25393 15:37:31.223478 <... read resumed> "\1\0\0\0", 4) = 4
25393 15:37:31.223486 gettimeofday({1495654651, 223490}, NULL) = 0
25393 15:37:31.223497 getcwd("/home/msfadmin", 4096) = 15
25393 15:37:31.223510 open("myfile38", O_WRONLY|O_CREAT|O_NONBLOCK|O_LARGEFILE, 0666) = 4
25393 15:37:31.223525 fstat64(4, {st_mode=S_IFREG|0644, st_size=17, ...}) = 0
25393 15:37:31.223543 fcntl64(4, F_GETFL) = 0x8801 (flags O_WRONLY|O_NONBLOCK|O_LARGEFILE)
25393 15:37:31.223554 fcntl64(4, F_SETFL, O_WRONLY|O_LARGEFILE) = 0
25393 15:37:31.223564 fcntl64(4, F_SETLKW64, {type=F_WRLCK, whence=SEEK_SET, start=0, len=0}, 0xbfa46c34) = 0
25393 15:37:31.223603 ftruncate64(4, 0) = 0
25393 15:37:31.223627 _llseek(4, 0, [0], SEEK_SET) = 0
25393 15:37:31.223639 write(5, "\v", 1) = 1
25393 15:37:31.223650 read(5,  <unfinished ...>
25391 15:37:31.223657 read(4, "\v", 1)  = 1
25391 15:37:31.223668 write(4, "\1\0\0\0", 4) = 4
25393 15:37:31.223679 <... read resumed> "\1\0\0\0", 4) = 4
25393 15:37:31.223686 write(5, "\v", 1) = 1
25393 15:37:31.223696 read(5,  <unfinished ...>
25391 15:37:31.223703 read(4, "\v", 1)  = 1
25391 15:37:31.223714 write(4, "\1\0\0\0", 4) = 4
25393 15:37:31.223724 <... read resumed> "\1\0\0\0", 4) = 4
25393 15:37:31.223731 write(5, "\r", 1) = 1
25393 15:37:31.223741 read(5,  <unfinished ...>
25391 15:37:31.223748 read(4, "\r", 1)  = 1
25391 15:37:31.223760 select(6, [5], NULL, NULL, {60, 0}) = 1 (in [5], left {60, 0})
25391 15:37:31.223777 accept(5, {sa_family=AF_INET, sin_port=htons(38850), sin_addr=inet_addr("127.0.0.1")}, [16]) = 6
25391 15:37:31.223800 write(4, "\1", 1) = 1
25393 15:37:31.223811 <... read resumed> "\1", 1) = 1
25393 15:37:31.223819 recvmsg(5,  <unfinished ...>
25391 15:37:31.223828 sendmsg(4, {msg_name(0)=NULL, msg_iov(1)=[{"\0", 1}], msg_controllen=16, {cmsg_len=16, cmsg_level=SOL_SOCKET, cmsg_type=SCM_RIGHTS, {6}}, msg_flags=0}, 0) = 1
25393 15:37:31.223845 <... recvmsg resumed> {msg_name(0)=NULL, msg_iov(1)=[{"\0", 1}], msg_controllen=16, {cmsg_len=16, cmsg_level=SOL_SOCKET, cmsg_type=SCM_RIGHTS, {6}}, msg_flags=0}, 0) = 1
25393 15:37:31.223859 setsockopt(6, SOL_SOCKET, SO_KEEPALIVE, [1], 4) = 0
25393 15:37:31.223871 setsockopt(6, SOL_IP, IP_TOS, [8], 4) = 0
25393 15:37:31.223883 setsockopt(6, SOL_SOCKET, SO_LINGER, {onoff=1, linger=32767}, 8) = 0
25393 15:37:31.223894 rt_sigaction(SIGALRM, {0x805cad0, ~[RTMIN RT_1], 0}, NULL, 8) = 0
25393 15:37:31.223908 alarm(300)        = 300
25393 15:37:31.223920 write(0, "150 Ok to send data.\r\n", 22) = 22
25393 15:37:31.223997 read(6, "assasaaa\na\na\na\na\n", 65536) = 17
25393 15:37:31.224011 write(4, "assasaaa\na\na\na\na\n", 17) = 17
25393 15:37:31.224029 read(6, "", 65536) = 0
25393 15:37:31.224040 rt_sigaction(SIGALRM, {0x805cad0, ~[RTMIN RT_1], 0}, NULL, 8) = 0
25393 15:37:31.224053 alarm(300)        = 300
25393 15:37:31.224074 close(6)          = 0
25393 15:37:31.224084 alarm(0)          = 300
25393 15:37:31.224094 gettimeofday({1495654651, 224098}, NULL) = 0
25393 15:37:31.224110 gettimeofday({1495654651, 224114}, NULL) = 0
25393 15:37:31.224126 fcntl64(3, F_SETLKW64, {type=F_WRLCK, whence=SEEK_SET, start=0, len=0}, 0xbfa46bd4) = 0
25393 15:37:31.224141 write(3, "Wed May 24 15:37:31 2017 [pid 25393] [msfadmin] OK UPLOAD: Client \"127.0.0.1\", \"/home/msfadmin/myfile38\", 17 bytes, 26.61Kbyte/sec\n", 131) = 131
25393 15:37:31.224168 fcntl64(3, F_SETLK64, {type=F_UNLCK, whence=SEEK_SET, start=0, len=0}, 0xbfa46bdc) = 0
25393 15:37:31.224183 write(0, "226 Transfer complete.\r\n", 24) = 24
25393 15:37:31.224234 write(5, "\n", 1) = 1
25393 15:37:31.224246 read(5,  <unfinished ...>
25391 15:37:31.224254 close(6)          = 0
25391 15:37:31.224273 read(4, "\n", 1)  = 1
25391 15:37:31.224285 close(5)          = 0
25391 15:37:31.224297 write(4, "\1", 1) = 1
25393 15:37:31.224308 <... read resumed> "\1", 1) = 1
25393 15:37:31.224315 close(4)          = 0
25393 15:37:31.224325 rt_sigaction(SIGALRM, {0x805cad0, ~[RTMIN RT_1], 0}, NULL, 8) = 0
25393 15:37:31.224339 alarm(300)        = 0
25393 15:37:31.224350 recv(0,  <unfinished ...>
25391 15:37:31.224358 read(4,  <unfinished ...>
25393 15:37:31.731978 <... recv resumed> "TYPE I\r\n", 4096, MSG_PEEK) = 8
25393 15:37:31.732008 read(0, "TYPE I\r\n", 8) = 8
25393 15:37:31.732030 write(0, "200 Switching to Binary mode.\r\n", 31) = 31
25393 15:37:31.732078 rt_sigaction(SIGALRM, {0x805cad0, ~[RTMIN RT_1], 0}, NULL, 8) = 0
25393 15:37:31.732095 alarm(300)        = 299
25393 15:37:31.732108 recv(0, "PASV\r\n", 4096, MSG_PEEK) = 6
25393 15:37:31.732119 read(0, "PASV\r\n", 6) = 6
25393 15:37:31.732131 write(5, "\n", 1) = 1
25393 15:37:31.732143 read(5,  <unfinished ...>
25391 15:37:31.732152 <... read resumed> "\n", 1) = 1
25391 15:37:31.732160 write(4, "\1", 1) = 1
25393 15:37:31.732171 <... read resumed> "\1", 1) = 1
25393 15:37:31.732178 write(5, "\f", 1) = 1
25393 15:37:31.732188 read(5,  <unfinished ...>
25391 15:37:31.732194 read(4, "\f", 1)  = 1
25391 15:37:31.732206 socket(PF_INET, SOCK_STREAM, IPPROTO_TCP) = 5
25391 15:37:31.732222 setsockopt(5, SOL_SOCKET, SO_REUSEADDR, [1], 4) = 0
25391 15:37:31.732236 bind(5, {sa_family=AF_INET, sin_port=htons(15253), sin_addr=inet_addr("127.0.0.1")}, 16) = 0
25391 15:37:31.732252 listen(5, 1)      = 0
25391 15:37:31.732265 write(4, "\225;\0\0", 4) = 4
25393 15:37:31.732276 <... read resumed> "\225;\0\0", 4) = 4
25393 15:37:31.732288 write(0, "227 Entering Passive Mode (127,0,0,1,59,149).\r\n", 47) = 47
25393 15:37:31.732402 rt_sigaction(SIGALRM, {0x805cad0, ~[RTMIN RT_1], 0}, NULL, 8) = 0
25393 15:37:31.732419 alarm(300)        = 300
25393 15:37:31.732430 recv(0, "STOR myfile39\r\n", 4096, MSG_PEEK) = 15
25393 15:37:31.732442 read(0, "STOR myfile39\r\n", 15) = 15
25393 15:37:31.732455 write(5, "\v", 1) = 1
25393 15:37:31.732465 read(5,  <unfinished ...>
25391 15:37:31.732472 read(4, "\v", 1)  = 1
25391 15:37:31.732483 write(4, "\1\0\0\0", 4) = 4
25393 15:37:31.732494 <... read resumed> "\1\0\0\0", 4) = 4
25393 15:37:31.732501 gettimeofday({1495654651, 732505}, NULL) = 0
25393 15:37:31.732512 getcwd("/home/msfadmin", 4096) = 15
25393 15:37:31.732525 open("myfile39", O_WRONLY|O_CREAT|O_NONBLOCK|O_LARGEFILE, 0666) = 4
25393 15:37:31.732539 fstat64(4, {st_mode=S_IFREG|0644, st_size=17, ...}) = 0
25393 15:37:31.732557 fcntl64(4, F_GETFL) = 0x8801 (flags O_WRONLY|O_NONBLOCK|O_LARGEFILE)
25393 15:37:31.732568 fcntl64(4, F_SETFL, O_WRONLY|O_LARGEFILE) = 0
25393 15:37:31.732577 fcntl64(4, F_SETLKW64, {type=F_WRLCK, whence=SEEK_SET, start=0, len=0}, 0xbfa46c34) = 0
25393 15:37:31.732591 ftruncate64(4, 0) = 0
25393 15:37:31.732610 _llseek(4, 0, [0], SEEK_SET) = 0
25393 15:37:31.732621 write(5, "\v", 1) = 1
25393 15:37:31.732631 read(5,  <unfinished ...>
25391 15:37:31.732638 read(4, "\v", 1)  = 1
25391 15:37:31.732649 write(4, "\1\0\0\0", 4) = 4
25393 15:37:31.732682 <... read resumed> "\1\0\0\0", 4) = 4
25393 15:37:31.732692 write(5, "\v", 1) = 1
25393 15:37:31.732711 read(5,  <unfinished ...>
25391 15:37:31.732718 read(4, "\v", 1)  = 1
25391 15:37:31.732729 write(4, "\1\0\0\0", 4) = 4
25393 15:37:31.732739 <... read resumed> "\1\0\0\0", 4) = 4
25393 15:37:31.732746 write(5, "\r", 1) = 1
25393 15:37:31.732756 read(5,  <unfinished ...>
25391 15:37:31.732762 read(4, "\r", 1)  = 1
25391 15:37:31.732774 select(6, [5], NULL, NULL, {60, 0}) = 1 (in [5], left {60, 0})
25391 15:37:31.732796 accept(5, {sa_family=AF_INET, sin_port=htons(54569), sin_addr=inet_addr("127.0.0.1")}, [16]) = 6
25391 15:37:31.732819 write(4, "\1", 1) = 1
25393 15:37:31.732829 <... read resumed> "\1", 1) = 1
25393 15:37:31.732837 recvmsg(5,  <unfinished ...>
25391 15:37:31.732846 sendmsg(4, {msg_name(0)=NULL, msg_iov(1)=[{"\0", 1}], msg_controllen=16, {cmsg_len=16, cmsg_level=SOL_SOCKET, cmsg_type=SCM_RIGHTS, {6}}, msg_flags=0}, 0) = 1
25393 15:37:31.732863 <... recvmsg resumed> {msg_name(0)=NULL, msg_iov(1)=[{"\0", 1}], msg_controllen=16, {cmsg_len=16, cmsg_level=SOL_SOCKET, cmsg_type=SCM_RIGHTS, {6}}, msg_flags=0}, 0) = 1
25393 15:37:31.732876 setsockopt(6, SOL_SOCKET, SO_KEEPALIVE, [1], 4) = 0
25393 15:37:31.732888 setsockopt(6, SOL_IP, IP_TOS, [8], 4) = 0
25393 15:37:31.732900 setsockopt(6, SOL_SOCKET, SO_LINGER, {onoff=1, linger=32767}, 8) = 0
25393 15:37:31.732911 rt_sigaction(SIGALRM, {0x805cad0, ~[RTMIN RT_1], 0}, NULL, 8) = 0
25393 15:37:31.732924 alarm(300)        = 300
25393 15:37:31.732936 write(0, "150 Ok to send data.\r\n", 22) = 22
25393 15:37:31.733002 read(6, "assasaaa\na\na\na\na\n", 65536) = 17
25393 15:37:31.733017 write(4, "assasaaa\na\na\na\na\n", 17) = 17
25393 15:37:31.733033 read(6, "", 65536) = 0
25393 15:37:31.733043 rt_sigaction(SIGALRM, {0x805cad0, ~[RTMIN RT_1], 0}, NULL, 8) = 0
25393 15:37:31.733057 alarm(300)        = 300
25393 15:37:31.733066 close(6)          = 0
25393 15:37:31.733075 alarm(0)          = 300
25393 15:37:31.733084 gettimeofday({1495654651, 733088}, NULL) = 0
25393 15:37:31.733100 gettimeofday({1495654651, 733103}, NULL) = 0
25393 15:37:31.733114 fcntl64(3, F_SETLKW64, {type=F_WRLCK, whence=SEEK_SET, start=0, len=0}, 0xbfa46bd4) = 0
25393 15:37:31.733128 write(3, "Wed May 24 15:37:31 2017 [pid 25393] [msfadmin] OK UPLOAD: Client \"127.0.0.1\", \"/home/msfadmin/myfile39\", 17 bytes, 27.76Kbyte/sec\n", 131) = 131
25393 15:37:31.733149 fcntl64(3, F_SETLK64, {type=F_UNLCK, whence=SEEK_SET, start=0, len=0}, 0xbfa46bdc) = 0
25393 15:37:31.733163 write(0, "226 Transfer complete.\r\n", 24) = 24
25393 15:37:31.733206 write(5, "\n", 1) = 1
25393 15:37:31.733218 read(5,  <unfinished ...>
25391 15:37:31.733225 close(6)          = 0
25391 15:37:31.733243 read(4, "\n", 1)  = 1
25391 15:37:31.733254 close(5)          = 0
25391 15:37:31.733265 write(4, "\1", 1) = 1
25393 15:37:31.733275 <... read resumed> "\1", 1) = 1
25393 15:37:31.733282 close(4)          = 0
25393 15:37:31.733292 rt_sigaction(SIGALRM, {0x805cad0, ~[RTMIN RT_1], 0}, NULL, 8) = 0
25393 15:37:31.733305 alarm(300)        = 0
25393 15:37:31.733316 recv(0,  <unfinished ...>
25391 15:37:31.733323 read(4,  <unfinished ...>
