20479 14:35:04.659546 read(6, "#\n# /etc/pam.d/common-auth - authentication settings common to all services\n#\n# This file is included from other service-specific PAM config files,\n# and should contain a list of the authentication modules that define\n# the central authentication scheme for use on the system\n# (e.g., /etc/shadow, LDAP, Kerberos, etc.).  The default is to use the\n# traditional Unix authentication mechanisms.\n#\nauth\trequisite\tpam_unix.so nullok_secure\n# auth\toptional\tpam_smbpass.so migrate\n", 4096) = 476
20479 14:35:04.659592 read(6, "", 4096) = 0
20479 14:35:04.659601 close(6)          = 0
20479 14:35:04.659611 munmap(0xb7f47000, 4096) = 0
20479 14:35:04.659621 stat64("/etc/pam.d", {st_mode=S_IFDIR|0755, st_size=4096, ...}) = 0
20479 14:35:04.659639 open("/etc/pam.d/common-account", O_RDONLY|O_LARGEFILE) = 6
20479 14:35:04.659652 fstat64(6, {st_mode=S_IFREG|0644, st_size=392, ...}) = 0
20479 14:35:04.659668 mmap2(NULL, 4096, PROT_READ|PROT_WRITE, MAP_PRIVATE|MAP_ANONYMOUS, -1, 0) = 0xb7f47000
20479 14:35:04.659678 read(6, "#\n# /etc/pam.d/common-account - authorization settings common to all services\n#\n# This file is included from other service-specific PAM config files,\n# and should contain a list of the authorization modules that define\n# the central access policy for use on the system.  The default is to\n# only deny service to users whose accounts are expired in /etc/shadow.\n#\naccount\trequired\tpam_unix.so\n", 4096) = 392
20479 14:35:04.659716 read(6, "", 4096) = 0
20479 14:35:04.659726 close(6)          = 0
20479 14:35:04.659735 munmap(0xb7f47000, 4096) = 0
20479 14:35:04.659746 stat64("/etc/pam.d", {st_mode=S_IFDIR|0755, st_size=4096, ...}) = 0
20479 14:35:04.659764 open("/etc/pam.d/common-password", O_RDONLY|O_LARGEFILE) = 6
20479 14:35:04.659777 fstat64(6, {st_mode=S_IFREG|0644, st_size=1563, ...}) = 0
20479 14:35:04.659793 mmap2(NULL, 4096, PROT_READ|PROT_WRITE, MAP_PRIVATE|MAP_ANONYMOUS, -1, 0) = 0xb7f47000
20479 14:35:04.659803 read(6, "#\n# /etc/pam.d/common-password - password-related modules common to all services\n#\n# This file is included from other service-specific PAM config files,\n# and should contain a list of modules that define the services to be\n# used to change user passwords.  The default is pam_unix.\n\n# Explanation of pam_unix options:\n#\n# The \"nullok\" option allows users to change an empty password, else\n# empty passwords are treated as locked accounts.\n#\n# The \"md5\" option enables MD5 passwords.  Without this option, the\n# default is Unix crypt.\n#\n# The \"obscure\" option replaces the old `OBSCURE_CHECKS_ENAB\' option in\n# login.defs.\n#\n# You can also use the \"min\" option to enforce the length of the new\n# password.\n#\n# See the pam_unix manpage for other options.\n\npassword   requisite   pam_unix.so nullok obscure md5\n\n# Alternate strength checking for password. Note that this\n# requires the libpam-cracklib package to be installed.\n# You will need to comment out the password line above and\n# uncomment the next two in order to use this.\n# (Replaces the `OBSCURE_CHECKS_ENAB\', `CRACKLIB_DICTPATH\')\n#\n# password required\t  pam_cracklib.so retry=3 minlen=6 difok=3\n# password required\t  pam_unix.so use_authtok nullok md5\n\n# minimally-intrusive inclusion of smbpass in the stack for\n# synchronization.  If the module is absent or the passwords don\'t\n# match, this module will be ignored without prompting; and if the \n# passwords do match, the NTLM hash for the user will be updated\n# automatically.\n# password   optional   pam_smbpass.so nullok use_authtok use_first_pass\n", 4096) = 1563
20479 14:35:04.659950 read(6, "", 4096) = 0
20479 14:35:04.659961 close(6)          = 0
20479 14:35:04.659971 munmap(0xb7f47000, 4096) = 0
20479 14:35:04.659982 stat64("/etc/pam.d", {st_mode=S_IFDIR|0755, st_size=4096, ...}) = 0
20479 14:35:04.660000 open("/etc/pam.d/common-session", O_RDONLY|O_LARGEFILE) = 6
20479 14:35:04.660013 fstat64(6, {st_mode=S_IFREG|0644, st_size=372, ...}) = 0
20479 14:35:04.660029 mmap2(NULL, 4096, PROT_READ|PROT_WRITE, MAP_PRIVATE|MAP_ANONYMOUS, -1, 0) = 0xb7f47000
20479 14:35:04.660040 read(6, "#\n# /etc/pam.d/common-session - session-related modules common to all services\n#\n# This file is included from other service-specific PAM config files,\n# and should contain a list of modules that define tasks to be performed\n# at the start and end of sessions of *any* kind (both interactive and\n# non-interactive).  The default is pam_unix.\n#\nsession\trequired\tpam_unix.so\n", 4096) = 372
20479 14:35:04.660077 read(6, "", 4096) = 0
20479 14:35:04.660087 close(6)          = 0
20479 14:35:04.660096 munmap(0xb7f47000, 4096) = 0
20479 14:35:04.660106 read(5, "", 4096) = 0
20479 14:35:04.660116 close(5)          = 0
20479 14:35:04.660125 munmap(0xb7f4d000, 4096) = 0
20479 14:35:04.660137 time(NULL)        = 1495650904
20479 14:35:04.660149 lstat64("/etc/ftpusers", {st_mode=S_IFREG|0644, st_size=132, ...}) = 0
20479 14:35:04.660167 open("/etc/ftpusers", O_RDONLY|O_LARGEFILE) = 5
20479 14:35:04.660178 fstat64(5, {st_mode=S_IFREG|0644, st_size=132, ...}) = 0
20479 14:35:04.660194 mmap2(NULL, 4096, PROT_READ|PROT_WRITE, MAP_PRIVATE|MAP_ANONYMOUS, -1, 0) = 0xb7f4d000
20479 14:35:04.660205 read(5, "# /etc/ftpusers: list of users disallowed FTP access. See ftpusers(5).\n\nroot\ndaemon\nbin\nsys\nsync\ngames\nman\nlp\nmail\nnews\nuucp\nnobody\n", 4096) = 132
20479 14:35:04.660225 read(5, "", 4096) = 0
20479 14:35:04.660235 close(5)          = 0
20479 14:35:04.660244 munmap(0xb7f4d000, 4096) = 0
20479 14:35:04.660259 getuid32()        = 0
20479 14:35:04.660275 open("/etc/passwd", O_RDONLY|0x80000 /* O_??? */) = 5
20479 14:35:04.660290 _llseek(5, 0, [0], SEEK_CUR) = 0
20479 14:35:04.660301 fstat64(5, {st_mode=S_IFREG|0644, st_size=1624, ...}) = 0
20479 14:35:04.660317 mmap2(NULL, 1624, PROT_READ, MAP_SHARED, 5, 0) = 0xb7f4d000
20479 14:35:04.660328 _llseek(5, 1624, [1624], SEEK_SET) = 0
20479 14:35:04.660347 munmap(0xb7f4d000, 1624) = 0
20479 14:35:04.660352 close(5)          = 0
20479 14:35:04.660352 open("/etc/shadow", O_RDONLY|0x80000 /* O_??? */) = 5
20479 14:35:04.660353 _llseek(5, 0, [0], SEEK_CUR) = 0
20479 14:35:04.660353 fstat64(5, {st_mode=S_IFREG|0640, st_size=1233, ...}) = 0
20479 14:35:04.660353 mmap2(NULL, 1233, PROT_READ, MAP_SHARED, 5, 0) = 0xb7f4d000
20479 14:35:04.660353 _llseek(5, 1233, [1233], SEEK_SET) = 0
20479 14:35:04.660354 munmap(0xb7f4d000, 1233) = 0
20479 14:35:04.660354 close(5)          = 0
20479 14:35:04.660354 open("/etc/passwd", O_RDONLY|0x80000 /* O_??? */) = 5
20479 14:35:04.660354 _llseek(5, 0, [0], SEEK_CUR) = 0
20479 14:35:04.660354 fstat64(5, {st_mode=S_IFREG|0644, st_size=1624, ...}) = 0
20479 14:35:04.660355 mmap2(NULL, 1624, PROT_READ, MAP_SHARED, 5, 0) = 0xb7f4d000
20479 14:35:04.660355 _llseek(5, 1624, [1624], SEEK_SET) = 0
20479 14:35:04.660355 munmap(0xb7f4d000, 1624) = 0
20479 14:35:04.660355 close(5)          = 0
20479 14:35:04.660364 open("/etc/shadow", O_RDONLY|0x80000 /* O_??? */) = 5
20479 14:35:04.660378 _llseek(5, 0, [0], SEEK_CUR) = 0
20479 14:35:04.660388 fstat64(5, {st_mode=S_IFREG|0640, st_size=1233, ...}) = 0
20479 14:35:04.660404 mmap2(NULL, 1233, PROT_READ, MAP_SHARED, 5, 0) = 0xb7f4d000
20479 14:35:04.660557 _llseek(5, 1233, [1233], SEEK_SET) = 0
20479 14:35:04.660585 munmap(0xb7f4d000, 1233) = 0
20479 14:35:04.660595 close(5)          = 0
20479 14:35:04.660828 getuid32()        = 0
20479 14:35:04.660838 open("/etc/passwd", O_RDONLY|0x80000 /* O_??? */) = 5
20479 14:35:04.660852 _llseek(5, 0, [0], SEEK_CUR) = 0
20479 14:35:04.660862 fstat64(5, {st_mode=S_IFREG|0644, st_size=1624, ...}) = 0
20479 14:35:04.660878 mmap2(NULL, 1624, PROT_READ, MAP_SHARED, 5, 0) = 0xb7f4d000
20479 14:35:04.660890 _llseek(5, 1624, [1624], SEEK_SET) = 0
20479 14:35:04.660905 munmap(0xb7f4d000, 1624) = 0
20479 14:35:04.660915 close(5)          = 0
20479 14:35:04.660928 open("/etc/shadow", O_RDONLY|0x80000 /* O_??? */) = 5
20479 14:35:04.660940 _llseek(5, 0, [0], SEEK_CUR) = 0
20479 14:35:04.660950 fstat64(5, {st_mode=S_IFREG|0640, st_size=1233, ...}) = 0
20479 14:35:04.660966 mmap2(NULL, 1233, PROT_READ, MAP_SHARED, 5, 0) = 0xb7f4d000
20479 14:35:04.660977 _llseek(5, 1233, [1233], SEEK_SET) = 0
20479 14:35:04.660993 munmap(0xb7f4d000, 1233) = 0
20479 14:35:04.661002 close(5)          = 0
20479 14:35:04.661014 time(NULL)        = 1495650904
20479 14:35:04.661029 munmap(0xb7f4a000, 12164) = 0
20479 14:35:04.661042 munmap(0xb7f48000, 7136) = 0
20479 14:35:04.661056 munmap(0xb7d7d000, 95428) = 0
20479 14:35:04.661067 munmap(0xb7d43000, 201052) = 0
20479 14:35:04.661078 munmap(0xb7d2a000, 101180) = 0
20479 14:35:04.661094 gettimeofday({1495650904, 661098}, NULL) = 0
20479 14:35:04.661106 stat64("/usr/share/zoneinfo/UTC+04:00", 0xbf816984) = -1 ENOENT (No such file or directory)
20479 14:35:04.661121 open("/usr/share/zoneinfo/UTC+04:00", O_RDONLY) = -1 ENOENT (No such file or directory)
20479 14:35:04.661146 fcntl64(3, F_SETLKW64, {type=F_WRLCK, whence=SEEK_SET, start=0, len=0}, 0xbf816ad4) = 0
20479 14:35:04.661162 write(3, "Wed May 24 14:35:04 2017 [pid 20479] [msfadmin] OK LOGIN: Client \"127.0.0.1\"\n", 77) = 77
20479 14:35:04.661178 fcntl64(3, F_SETLK64, {type=F_UNLCK, whence=SEEK_SET, start=0, len=0}, 0xbf816adc) = 0
20479 14:35:04.661191 rt_sigaction(SIGCHLD, {0x805cad0, ~[RTMIN RT_1], 0}, NULL, 8) = 0
20479 14:35:04.661205 write(4, "\1", 1 <unfinished ...>
20480 14:35:04.661214 <... read resumed> "\1", 1) = 1
20479 14:35:04.661220 <... write resumed> ) = 1
20480 14:35:04.661227 exit_group(0)     = ?
20479 14:35:04.661254 --- SIGCHLD (Child exited) @ 0 (0) ---
20479 14:35:04.661262 sigreturn()       = ? (mask now [])
20479 14:35:04.661280 wait4(-1, [{WIFEXITED(s) && WEXITSTATUS(s) == 0}], 0, NULL) = 20480
20479 14:35:04.661293 close(4)          = 0
20479 14:35:04.661305 socketpair(PF_FILE, SOCK_STREAM, 0, [4, 5]) = 0
20479 14:35:04.661319 rt_sigaction(SIGCHLD, {0x805cad0, ~[RTMIN RT_1], 0}, NULL, 8) = 0
20479 14:35:04.661332 rt_sigaction(SIGALRM, {0x805cb10, ~[RTMIN RT_1], 0}, NULL, 8) = 0
20479 14:35:04.661346 clone(child_stack=0, flags=CLONE_CHILD_CLEARTID|CLONE_CHILD_SETTID|SIGCHLD, child_tidptr=0xb7db36f8) = 20481
20481 14:35:04.661399 prctl(0x1, 0x9, 0, 0, 0) = 0
20481 14:35:04.661413 close(4)          = 0
20481 14:35:04.661439 open("/etc/passwd", O_RDONLY|0x80000 /* O_??? */) = 4
20481 14:35:04.661456 _llseek(4, 0, [0], SEEK_CUR) = 0
20481 14:35:04.661472 fstat64(4, {st_mode=S_IFREG|0644, st_size=1624, ...}) = 0
20481 14:35:04.661490 mmap2(NULL, 1624, PROT_READ, MAP_SHARED, 4, 0) = 0xb7f4d000
20481 14:35:04.661515 _llseek(4, 1624, [1624], SEEK_SET) = 0
20481 14:35:04.661549 munmap(0xb7f4d000, 1624) = 0
20481 14:35:04.661560 close(4)          = 0
20481 14:35:04.661574 getuid32()        = 0
20481 14:35:04.661584 open("/etc/passwd", O_RDONLY|0x80000 /* O_??? */) = 4
20481 14:35:04.661597 _llseek(4, 0, [0], SEEK_CUR) = 0
20481 14:35:04.661608 fstat64(4, {st_mode=S_IFREG|0644, st_size=1624, ...}) = 0
20481 14:35:04.661624 mmap2(NULL, 1624, PROT_READ, MAP_SHARED, 4, 0) = 0xb7f4d000
20481 14:35:04.661635 _llseek(4, 1624, [1624], SEEK_SET) = 0
20481 14:35:04.661651 munmap(0xb7f4d000, 1624) = 0
20481 14:35:04.661661 close(4)          = 0
20481 14:35:04.661686 open("/proc/sys/kernel/ngroups_max", O_RDONLY) = 4
20481 14:35:04.661706 read(4, "65536\n", 31) = 6
20481 14:35:04.661719 close(4)          = 0
20481 14:35:04.661732 socket(PF_FILE, SOCK_STREAM, 0) = 4
20481 14:35:04.661744 fcntl64(4, F_SETFL, O_RDWR|O_NONBLOCK) = 0
20481 14:35:04.661755 connect(4, {sa_family=AF_FILE, path="/var/run/nscd/socket"}, 110) = -1 ENOENT (No such file or directory)
20481 14:35:04.661776 close(4)          = 0
20481 14:35:04.661787 socket(PF_FILE, SOCK_STREAM, 0) = 4
20481 14:35:04.661797 fcntl64(4, F_SETFL, O_RDWR|O_NONBLOCK) = 0
20481 14:35:04.661807 connect(4, {sa_family=AF_FILE, path="/var/run/nscd/socket"}, 110) = -1 ENOENT (No such file or directory)
20481 14:35:04.661825 close(4)          = 0
20481 14:35:04.661849 open("/etc/group", O_RDONLY|0x80000 /* O_??? */) = 4
20481 14:35:04.661863 _llseek(4, 0, [0], SEEK_CUR) = 0
20481 14:35:04.661874 fstat64(4, {st_mode=S_IFREG|0644, st_size=886, ...}) = 0
20481 14:35:04.661890 mmap2(NULL, 886, PROT_READ, MAP_SHARED, 4, 0) = 0xb7f4d000
20481 14:35:04.661901 _llseek(4, 886, [886], SEEK_SET) = 0
20481 14:35:04.661926 fstat64(4, {st_mode=S_IFREG|0644, st_size=886, ...}) = 0
20481 14:35:04.661943 munmap(0xb7f4d000, 886) = 0
20481 14:35:04.661953 close(4)          = 0
20481 14:35:04.661963 setgroups32(13, [1000, 4, 20, 24, 25, 29, 30, 44, 46, 107, 111, 112, 119]) = 0
20481 14:35:04.661979 geteuid32()       = 0
20481 14:35:04.661990 getegid32()       = 0
20481 14:35:04.662000 setregid32(-1, 1000) = 0
20481 14:35:04.662011 setreuid32(-1, 1000) = 0
20481 14:35:04.662021 chdir("/home/msfadmin") = 0
20481 14:35:04.662033 setreuid32(-1, 0) = 0
20481 14:35:04.662042 setregid32(-1, 0) = 0
20481 14:35:04.662053 setgid32(1000)    = 0
20481 14:35:04.662062 setuid32(1000)    = 0
20481 14:35:04.662072 setrlimit(RLIMIT_NPROC, {rlim_cur=0, rlim_max=0}) = 0
20481 14:35:04.662085 mmap2(NULL, 12288, PROT_READ|PROT_WRITE, MAP_PRIVATE|MAP_ANONYMOUS, -1, 0) = 0xb7f4b000
20481 14:35:04.662097 mprotect(0xb7f4d000, 4096, PROT_NONE) = 0
20481 14:35:04.662108 mprotect(0xb7f4b000, 4096, PROT_NONE) = 0
20481 14:35:04.662119 getcwd("/home/msfadmin", 4096) = 15
20481 14:35:04.662132 umask(022)        = 077
20481 14:35:04.662142 getcwd("/home/msfadmin", 4096) = 15
20481 14:35:04.662155 open(".message", O_RDONLY|O_NONBLOCK|O_LARGEFILE) = -1 ENOENT (No such file or directory)
20481 14:35:04.662177 write(0, "230 Login successful.\r\n", 23) = 23
20481 14:35:04.662256 rt_sigaction(SIGALRM, {0x805cad0, ~[RTMIN RT_1], 0}, NULL, 8) = 0
20481 14:35:04.662273 alarm(300)        = 0
20481 14:35:04.662284 mmap2(NULL, 12288, PROT_READ|PROT_WRITE, MAP_PRIVATE|MAP_ANONYMOUS, -1, 0) = 0xb7f48000
20481 14:35:04.662296 mprotect(0xb7f4a000, 4096, PROT_NONE) = 0
20481 14:35:04.662307 mprotect(0xb7f48000, 4096, PROT_NONE) = 0
20481 14:35:04.662319 recv(0, "TYPE I\r\n", 4096, MSG_PEEK) = 8
20481 14:35:04.662332 read(0, "TYPE I\r\n", 8) = 8
20481 14:35:04.662349 write(0, "200 Switching to Binary mode.\r\n", 31) = 31
20481 14:35:04.662388 rt_sigaction(SIGALRM, {0x805cad0, ~[RTMIN RT_1], 0}, NULL, 8) = 0
20481 14:35:04.662406 alarm(300)        = 300
20481 14:35:04.662418 recv(0, "PASV\r\n", 4096, MSG_PEEK) = 6
20481 14:35:04.662429 read(0, "PASV\r\n", 6) = 6
20481 14:35:04.662441 write(5, "\n", 1) = 1
20481 14:35:04.662452 read(5,  <unfinished ...>
20479 14:35:04.662464 close(5)          = 0
20479 14:35:04.662490 getuid32()        = 0
20479 14:35:04.662515 open("/etc/passwd", O_RDONLY|0x80000 /* O_??? */) = 5
20479 14:35:04.662529 _llseek(5, 0, [0], SEEK_CUR) = 0
20479 14:35:04.662542 fstat64(5, {st_mode=S_IFREG|0644, st_size=1624, ...}) = 0
20479 14:35:04.662560 mmap2(NULL, 1624, PROT_READ, MAP_SHARED, 5, 0) = 0xb7f4d000
20479 14:35:04.662571 _llseek(5, 1624, [1624], SEEK_SET) = 0
20479 14:35:04.662589 munmap(0xb7f4d000, 1624) = 0
20479 14:35:04.662600 close(5)          = 0
20479 14:35:04.662616 setgroups32(0, []) = 0
20479 14:35:04.662627 chdir("/usr/share/empty") = 0
20479 14:35:04.662639 chroot(".")       = 0
20479 14:35:04.662650 capset(NULL, NULL) = -1 EFAULT (Bad address)
20479 14:35:04.662663 prctl(0x8, 0, 0xbf816ab8, 0x80549a6, 0xbf816aa0) = 0
20479 14:35:04.662674 prctl(0x8, 0x1, 0xbf816ab8, 0x8054a49, 0xbf816aa0) = 0
20479 14:35:04.662684 setgid32(65534)   = 0
20479 14:35:04.662694 setuid32(65534)   = 0
20479 14:35:04.662703 capset(0x19980330, 0, {CAP_NET_BIND_SERVICE, CAP_NET_BIND_SERVICE, 0}) = 0
20479 14:35:04.662716 read(4, "\n", 1)  = 1
20479 14:35:04.662729 write(4, "\1", 1) = 1
20481 14:35:04.662740 <... read resumed> "\1", 1) = 1
20481 14:35:04.662748 write(5, "\f", 1) = 1
20481 14:35:04.662758 read(5,  <unfinished ...>
20479 14:35:04.662765 read(4, "\f", 1)  = 1
20479 14:35:04.662777 socket(PF_INET, SOCK_STREAM, IPPROTO_TCP) = 5
20479 14:35:04.662790 setsockopt(5, SOL_SOCKET, SO_REUSEADDR, [1], 4) = 0
20479 14:35:04.662801 gettimeofday({1495650904, 662805}, NULL) = 0
20479 14:35:04.662817 bind(5, {sa_family=AF_INET, sin_port=htons(12195), sin_addr=inet_addr("127.0.0.1")}, 16) = 0
20479 14:35:04.662833 listen(5, 1)      = 0
20479 14:35:04.662846 write(4, "\243/\0\0", 4) = 4
20481 14:35:04.662857 <... read resumed> "\243/\0\0", 4) = 4
20481 14:35:04.662871 write(0, "227 Entering Passive Mode (127,0,0,1,47,163).\r\n", 47) = 47
20481 14:35:04.662969 rt_sigaction(SIGALRM, {0x805cad0, ~[RTMIN RT_1], 0}, NULL, 8) = 0
20481 14:35:04.662987 alarm(300)        = 300
20481 14:35:04.662998 recv(0, "STOR myfile7\r\n", 4096, MSG_PEEK) = 14
20481 14:35:04.663011 read(0, "STOR myfile7\r\n", 14) = 14
20481 14:35:04.663026 write(5, "\v", 1) = 1
20481 14:35:04.663036 read(5,  <unfinished ...>
20479 14:35:04.663043 read(4, "\v", 1)  = 1
20479 14:35:04.663054 write(4, "\1\0\0\0", 4) = 4
20481 14:35:04.663065 <... read resumed> "\1\0\0\0", 4) = 4
20481 14:35:04.663073 gettimeofday({1495650904, 663077}, NULL) = 0
20481 14:35:04.663084 getcwd("/home/msfadmin", 4096) = 15
20481 14:35:04.663096 open("myfile7", O_WRONLY|O_CREAT|O_NONBLOCK|O_LARGEFILE, 0666) = 4
20481 14:35:04.663109 fstat64(4, {st_mode=S_IFREG|0644, st_size=17, ...}) = 0
20481 14:35:04.663126 fcntl64(4, F_GETFL) = 0x8801 (flags O_WRONLY|O_NONBLOCK|O_LARGEFILE)
20481 14:35:04.663137 fcntl64(4, F_SETFL, O_WRONLY|O_LARGEFILE) = 0
20481 14:35:04.663147 fcntl64(4, F_SETLKW64, {type=F_WRLCK, whence=SEEK_SET, start=0, len=0}, 0xbf816a04) = 0
20481 14:35:04.663162 ftruncate64(4, 0) = 0
20481 14:35:04.663181 _llseek(4, 0, [0], SEEK_SET) = 0
20481 14:35:04.663192 write(5, "\v", 1) = 1
20481 14:35:04.663203 read(5,  <unfinished ...>
20479 14:35:04.663210 read(4, "\v", 1)  = 1
20479 14:35:04.663221 write(4, "\1\0\0\0", 4) = 4
20481 14:35:04.663231 <... read resumed> "\1\0\0\0", 4) = 4
20481 14:35:04.663238 write(5, "\v", 1) = 1
20481 14:35:04.663248 read(5,  <unfinished ...>
20479 14:35:04.663255 read(4, "\v", 1)  = 1
20479 14:35:04.663265 write(4, "\1\0\0\0", 4) = 4
20481 14:35:04.663275 <... read resumed> "\1\0\0\0", 4) = 4
20481 14:35:04.663283 write(5, "\r", 1) = 1
20481 14:35:04.663293 read(5,  <unfinished ...>
20479 14:35:04.663299 read(4, "\r", 1)  = 1
20479 14:35:04.663312 select(6, [5], NULL, NULL, {60, 0}) = 1 (in [5], left {60, 0})
20479 14:35:04.663332 accept(5, {sa_family=AF_INET, sin_port=htons(39668), sin_addr=inet_addr("127.0.0.1")}, [16]) = 6
20479 14:35:04.663354 write(4, "\1", 1) = 1
20481 14:35:04.663365 <... read resumed> "\1", 1) = 1
20481 14:35:04.663374 recvmsg(5,  <unfinished ...>
20479 14:35:04.663383 sendmsg(4, {msg_name(0)=NULL, msg_iov(1)=[{"\0", 1}], msg_controllen=16, {cmsg_len=16, cmsg_level=SOL_SOCKET, cmsg_type=SCM_RIGHTS, {6}}, msg_flags=0}, 0) = 1
20481 14:35:04.663400 <... recvmsg resumed> {msg_name(0)=NULL, msg_iov(1)=[{"\0", 1}], msg_controllen=16, {cmsg_len=16, cmsg_level=SOL_SOCKET, cmsg_type=SCM_RIGHTS, {6}}, msg_flags=0}, 0) = 1
20481 14:35:04.663413 setsockopt(6, SOL_SOCKET, SO_KEEPALIVE, [1], 4) = 0
20481 14:35:04.663425 setsockopt(6, SOL_IP, IP_TOS, [8], 4) = 0
20481 14:35:04.663451 setsockopt(6, SOL_SOCKET, SO_LINGER, {onoff=1, linger=32767}, 8) = 0
20481 14:35:04.663464 rt_sigaction(SIGALRM, {0x805cad0, ~[RTMIN RT_1], 0}, NULL, 8) = 0
20481 14:35:04.663487 alarm(300)        = 300
20481 14:35:04.663500 write(0, "150 Ok to send data.\r\n", 22) = 22
20481 14:35:04.663563 mmap2(NULL, 77824, PROT_READ|PROT_WRITE, MAP_PRIVATE|MAP_ANONYMOUS, -1, 0) = 0xb7d82000
20481 14:35:04.663577 mprotect(0xb7d94000, 4096, PROT_NONE) = 0
20481 14:35:04.663589 mprotect(0xb7d82000, 4096, PROT_NONE) = 0
20481 14:35:04.663599 read(6, "assasaaa\na\na\na\na\n", 65536) = 17
20481 14:35:04.663612 write(4, "assasaaa\na\na\na\na\n", 17) = 17
20481 14:35:04.663628 read(6, "", 65536) = 0
20481 14:35:04.663638 rt_sigaction(SIGALRM, {0x805cad0, ~[RTMIN RT_1], 0}, NULL, 8) = 0
20481 14:35:04.663652 alarm(300)        = 300
20481 14:35:04.663662 close(6)          = 0
20481 14:35:04.663671 alarm(0)          = 300
20481 14:35:04.663680 gettimeofday({1495650904, 663684}, NULL) = 0
20481 14:35:04.663698 getpid()          = 20481
20481 14:35:04.663709 gettimeofday({1495650904, 663713}, NULL) = 0
20481 14:35:04.663729 fcntl64(3, F_SETLKW64, {type=F_WRLCK, whence=SEEK_SET, start=0, len=0}, 0xbf8169a4) = 0
20481 14:35:04.663745 write(3, "Wed May 24 14:35:04 2017 [pid 20481] [msfadmin] OK UPLOAD: Client \"127.0.0.1\", \"/home/msfadmin/myfile7\", 17 bytes, 26.10Kbyte/sec\n", 130) = 130
20481 14:35:04.663765 fcntl64(3, F_SETLK64, {type=F_UNLCK, whence=SEEK_SET, start=0, len=0}, 0xbf8169ac) = 0
20481 14:35:04.663779 write(0, "226 Transfer complete.\r\n", 24) = 24
20481 14:35:04.663820 write(5, "\n", 1) = 1
20481 14:35:04.663832 read(5,  <unfinished ...>
20479 14:35:04.663839 close(6)          = 0
20479 14:35:04.663857 read(4, "\n", 1)  = 1
20479 14:35:04.663869 close(5)          = 0
20479 14:35:04.663879 write(4, "\1", 1) = 1
20481 14:35:04.663890 <... read resumed> "\1", 1) = 1
20481 14:35:04.663897 close(4)          = 0
20481 14:35:04.663907 rt_sigaction(SIGALRM, {0x805cad0, ~[RTMIN RT_1], 0}, NULL, 8) = 0
20481 14:35:04.663921 alarm(300)        = 0
20481 14:35:04.663932 recv(0,  <unfinished ...>
20479 14:35:04.663939 read(4,  <unfinished ...>
20478 14:35:04.830119 <... recv resumed> "USER msfadmin\r\n", 4096, MSG_PEEK) = 15
20478 14:35:04.830160 read(0, "USER msfadmin\r\n", 15) = 15
20478 14:35:04.830185 write(0, "331 Any password will do.\r\n", 27) = 27
20478 14:35:04.830229 rt_sigaction(SIGALRM, {0x805cad0, ~[RTMIN RT_1], 0}, NULL, 8) = 0
20478 14:35:04.830247 alarm(300)        = 299
20478 14:35:04.830260 recv(0, "PASS msfadmin\r\n", 4096, MSG_PEEK) = 15
20478 14:35:04.830272 read(0, "PASS msfadmin\r\n", 15) = 15
20478 14:35:04.830288 write(0, "230 Already logged in.\r\n", 24) = 24
20478 14:35:04.830349 rt_sigaction(SIGALRM, {0x805cad0, ~[RTMIN RT_1], 0}, NULL, 8) = 0
20478 14:35:04.830355 alarm(300)        = 300
20478 14:35:04.830356 recv(0, "TYPE I\r\n", 4096, MSG_PEEK) = 8
20478 14:35:04.830369 read(0, "TYPE I\r\n", 8) = 8
20478 14:35:04.830384 write(0, "200 Switching to Binary mode.\r\n", 31) = 31
20478 14:35:04.830423 rt_sigaction(SIGALRM, {0x805cad0, ~[RTMIN RT_1], 0}, NULL, 8) = 0
20478 14:35:04.830438 alarm(300)        = 300
20478 14:35:04.830449 recv(0, "PASV\r\n", 4096, MSG_PEEK) = 6
20478 14:35:04.830460 read(0, "PASV\r\n", 6) = 6
20478 14:35:04.830479 write(5, "\n", 1 <unfinished ...>
20476 14:35:04.830491 <... read resumed> "\n", 1) = 1
20478 14:35:04.830496 <... write resumed> ) = 1
20476 14:35:04.830503 write(4, "\1", 1) = 1
20476 14:35:04.830514 read(4,  <unfinished ...>
20478 14:35:04.830521 read(5, "\1", 1)  = 1
20478 14:35:04.830533 write(5, "\f", 1 <unfinished ...>
20476 14:35:04.830540 <... read resumed> "\f", 1) = 1
20478 14:35:04.830545 <... write resumed> ) = 1
20476 14:35:04.830552 socket(PF_INET, SOCK_STREAM, IPPROTO_TCP) = 5
20476 14:35:04.830568 setsockopt(5, SOL_SOCKET, SO_REUSEADDR, [1], 4) = 0
20476 14:35:04.830582 bind(5, {sa_family=AF_INET, sin_port=htons(33021), sin_addr=inet_addr("127.0.0.1")}, 16) = 0
20476 14:35:04.830599 listen(5, 1)      = 0
20476 14:35:04.830613 write(4, "\375\200\0\0", 4) = 4
20476 14:35:04.830624 read(4,  <unfinished ...>
20478 14:35:04.830631 read(5, "\375\200\0\0", 4) = 4
20478 14:35:04.830647 write(0, "227 Entering Passive Mode (127,0,0,1,128,253).\r\n", 48) = 48
20478 14:35:04.830759 rt_sigaction(SIGALRM, {0x805cad0, ~[RTMIN RT_1], 0}, NULL, 8) = 0
20478 14:35:04.830776 alarm(300)        = 300
20478 14:35:04.830816 recv(0, "RETR myfile36\r\n", 4096, MSG_PEEK) = 15
20478 14:35:04.830839 read(0, "RETR myfile36\r\n", 15) = 15
20478 14:35:04.830852 write(5, "\v", 1 <unfinished ...>
20476 14:35:04.830860 <... read resumed> "\v", 1) = 1
20478 14:35:04.830865 <... write resumed> ) = 1
20476 14:35:04.830871 write(4, "\1\0\0\0", 4) = 4
20476 14:35:04.830882 read(4,  <unfinished ...>
20478 14:35:04.830889 read(5, "\1\0\0\0", 4) = 4
20478 14:35:04.830900 gettimeofday({1495650904, 830904}, NULL) = 0
20478 14:35:04.830912 getcwd("/home/msfadmin", 4096) = 15
20478 14:35:04.830924 open("myfile36", O_RDONLY|O_NONBLOCK|O_LARGEFILE) = 4
20478 14:35:04.830938 fcntl64(4, F_SETLKW64, {type=F_RDLCK, whence=SEEK_SET, start=0, len=0}, 0xbfa50c64) = 0
20478 14:35:04.830953 fstat64(4, {st_mode=S_IFREG|0644, st_size=17, ...}) = 0
20478 14:35:04.830970 fcntl64(4, F_GETFL) = 0x8800 (flags O_RDONLY|O_NONBLOCK|O_LARGEFILE)
20478 14:35:04.830981 fcntl64(4, F_SETFL, O_RDONLY|O_LARGEFILE) = 0
20478 14:35:04.830992 write(5, "\v", 1 <unfinished ...>
20476 14:35:04.831000 <... read resumed> "\v", 1) = 1
20478 14:35:04.831004 <... write resumed> ) = 1
20476 14:35:04.831010 write(4, "\1\0\0\0", 4) = 4
20476 14:35:04.831021 read(4,  <unfinished ...>
20478 14:35:04.831028 read(5, "\1\0\0\0", 4) = 4
20478 14:35:04.831039 write(5, "\v", 1 <unfinished ...>
20476 14:35:04.831046 <... read resumed> "\v", 1) = 1
20478 14:35:04.831050 <... write resumed> ) = 1
20476 14:35:04.831056 write(4, "\1\0\0\0", 4) = 4
20476 14:35:04.831067 read(4,  <unfinished ...>
20478 14:35:04.831073 read(5, "\1\0\0\0", 4) = 4
20478 14:35:04.831084 write(5, "\r", 1 <unfinished ...>
20476 14:35:04.831091 <... read resumed> "\r", 1) = 1
20478 14:35:04.831096 <... write resumed> ) = 1
20476 14:35:04.831103 select(6, [5], NULL, NULL, {60, 0}) = 1 (in [5], left {60, 0})
20476 14:35:04.831119 accept(5, {sa_family=AF_INET, sin_port=htons(48559), sin_addr=inet_addr("127.0.0.1")}, [16]) = 6
20476 14:35:04.831141 write(4, "\1", 1) = 1
20476 14:35:04.831154 sendmsg(4, {msg_name(0)=NULL, msg_iov(1)=[{"\0", 1}], msg_controllen=16, {cmsg_len=16, cmsg_level=SOL_SOCKET, cmsg_type=SCM_RIGHTS, {6}}, msg_flags=0}, 0) = 1
20476 14:35:04.831170 close(6)          = 0
20476 14:35:04.831180 read(4,  <unfinished ...>
20478 14:35:04.831187 read(5, "\1", 1)  = 1
20478 14:35:04.831200 recvmsg(5, {msg_name(0)=NULL, msg_iov(1)=[{"\0", 1}], msg_controllen=16, {cmsg_len=16, cmsg_level=SOL_SOCKET, cmsg_type=SCM_RIGHTS, {6}}, msg_flags=0}, 0) = 1
20478 14:35:04.831217 setsockopt(6, SOL_SOCKET, SO_KEEPALIVE, [1], 4) = 0
20478 14:35:04.831229 setsockopt(6, SOL_IP, IP_TOS, [8], 4) = 0
20478 14:35:04.831241 setsockopt(6, SOL_SOCKET, SO_LINGER, {onoff=1, linger=32767}, 8) = 0
20478 14:35:04.831252 rt_sigaction(SIGALRM, {0x805cad0, ~[RTMIN RT_1], 0}, NULL, 8) = 0
20478 14:35:04.831265 alarm(300)        = 300
20478 14:35:04.831304 write(0, "150 Opening BINARY mode data connection for myfile36 (17 bytes).\r\n", 66) = 66
20478 14:35:04.831362 _llseek(4, 0, [0], SEEK_CUR) = 0
20478 14:35:04.831375 fstat64(4, {st_mode=S_IFREG|0644, st_size=17, ...}) = 0
20478 14:35:04.831392 _llseek(4, 0, [0], SEEK_SET) = 0
20478 14:35:04.831402 sendfile(6, 4, NULL, 17) = 17
20478 14:35:04.831432 rt_sigaction(SIGALRM, {0x805cad0, ~[RTMIN RT_1], 0}, NULL, 8) = 0
20478 14:35:04.831447 alarm(300)        = 300
20478 14:35:04.831456 close(6)          = 0
20478 14:35:04.831493 alarm(0)          = 300
20478 14:35:04.831503 gettimeofday({1495650904, 831507}, NULL) = 0
20478 14:35:04.831519 gettimeofday({1495650904, 831523}, NULL) = 0
20478 14:35:04.831533 fcntl64(3, F_SETLKW64, {type=F_WRLCK, whence=SEEK_SET, start=0, len=0}, 0xbfa50c04) = 0
20478 14:35:04.831548 write(3, "Wed May 24 14:35:04 2017 [pid 20478] [msfadmin] OK DOWNLOAD: Client \"127.0.0.1\", \"/home/msfadmin/myfile36\", 17 bytes, 26.82Kbyte/sec\n", 133) = 133
20478 14:35:04.831569 fcntl64(3, F_SETLK64, {type=F_UNLCK, whence=SEEK_SET, start=0, len=0}, 0xbfa50c0c) = 0
20478 14:35:04.831583 write(0, "226 Transfer complete.\r\n", 24) = 24
20478 14:35:04.831646 write(5, "\n", 1 <unfinished ...>
20476 14:35:04.831656 <... read resumed> "\n", 1) = 1
20478 14:35:04.831661 <... write resumed> ) = 1
20476 14:35:04.831667 close(5)          = 0
20476 14:35:04.831679 write(4, "\1", 1) = 1
20476 14:35:04.831690 read(4,  <unfinished ...>
20478 14:35:04.831697 read(5, "\1", 1)  = 1
20478 14:35:04.831708 close(4)          = 0
20478 14:35:04.831718 rt_sigaction(SIGALRM, {0x805cad0, ~[RTMIN RT_1], 0}, NULL, 8) = 0
20478 14:35:04.831732 alarm(300)        = 0
20478 14:35:04.831743 recv(0,  <unfinished ...>
20481 14:35:05.170204 <... recv resumed> "TYPE I\r\n", 4096, MSG_PEEK) = 8
20481 14:35:05.170235 read(0, "TYPE I\r\n", 8) = 8
20481 14:35:05.170256 write(0, "200 Switching to Binary mode.\r\n", 31) = 31
20481 14:35:05.170304 rt_sigaction(SIGALRM, {0x805cad0, ~[RTMIN RT_1], 0}, NULL, 8) = 0
20481 14:35:05.170322 alarm(300)        = 299
20481 14:35:05.170335 recv(0, "PASV\r\n", 4096, MSG_PEEK) = 6
20481 14:35:05.170347 read(0, "PASV\r\n", 6) = 6
20481 14:35:05.170359 write(5, "\n", 1) = 1
20481 14:35:05.170371 read(5,  <unfinished ...>
20479 14:35:05.170380 <... read resumed> "\n", 1) = 1
20479 14:35:05.170388 write(4, "\1", 1) = 1
20481 14:35:05.170399 <... read resumed> "\1", 1) = 1
20481 14:35:05.170406 write(5, "\f", 1) = 1
20481 14:35:05.170416 read(5,  <unfinished ...>
20479 14:35:05.170423 read(4, "\f", 1)  = 1
20479 14:35:05.170435 socket(PF_INET, SOCK_STREAM, IPPROTO_TCP) = 5
20479 14:35:05.170450 setsockopt(5, SOL_SOCKET, SO_REUSEADDR, [1], 4) = 0
20479 14:35:05.170465 bind(5, {sa_family=AF_INET, sin_port=htons(31530), sin_addr=inet_addr("127.0.0.1")}, 16) = 0
20479 14:35:05.170481 listen(5, 1)      = 0
20479 14:35:05.170495 write(4, "*{\0\0", 4) = 4
20481 14:35:05.170506 <... read resumed> "*{\0\0", 4) = 4
20481 14:35:05.170518 write(0, "227 Entering Passive Mode (127,0,0,1,123,42).\r\n", 47) = 47
20481 14:35:05.171147 rt_sigaction(SIGALRM, {0x805cad0, ~[RTMIN RT_1], 0}, NULL, 8) = 0
20481 14:35:05.171210 alarm(300)        = 300
20481 14:35:05.171248 recv(0, "STOR myfile8\r\n", 4096, MSG_PEEK) = 14
20481 14:35:05.171274 read(0, "STOR myfile8\r\n", 14) = 14
20481 14:35:05.171298 write(5, "\v", 1) = 1
20481 14:35:05.171310 read(5,  <unfinished ...>
20479 14:35:05.171318 read(4, "\v", 1)  = 1
20479 14:35:05.171329 write(4, "\1\0\0\0", 4) = 4
20481 14:35:05.171339 <... read resumed> "\1\0\0\0", 4) = 4
20481 14:35:05.171347 gettimeofday({1495650905, 171351}, NULL) = 0
20481 14:35:05.171358 getcwd("/home/msfadmin", 4096) = 15
20481 14:35:05.171371 open("myfile8", O_WRONLY|O_CREAT|O_NONBLOCK|O_LARGEFILE, 0666) = 4
20481 14:35:05.171385 fstat64(4, {st_mode=S_IFREG|0644, st_size=17, ...}) = 0
20481 14:35:05.171403 fcntl64(4, F_GETFL) = 0x8801 (flags O_WRONLY|O_NONBLOCK|O_LARGEFILE)
20481 14:35:05.171445 fcntl64(4, F_SETFL, O_WRONLY|O_LARGEFILE) = 0
20481 14:35:05.171457 fcntl64(4, F_SETLKW64, {type=F_WRLCK, whence=SEEK_SET, start=0, len=0}, 0xbf816a04) = 0
20481 14:35:05.171484 ftruncate64(4, 0) = 0
20481 14:35:05.171509 _llseek(4, 0, [0], SEEK_SET) = 0
20481 14:35:05.171520 write(5, "\v", 1) = 1
20481 14:35:05.171531 read(5,  <unfinished ...>
20479 14:35:05.171538 read(4, "\v", 1)  = 1
20479 14:35:05.171550 write(4, "\1\0\0\0", 4) = 4
20481 14:35:05.171560 <... read resumed> "\1\0\0\0", 4) = 4
20481 14:35:05.171567 write(5, "\v", 1) = 1
20481 14:35:05.171577 read(5,  <unfinished ...>
20479 14:35:05.171583 read(4, "\v", 1)  = 1
20479 14:35:05.171594 write(4, "\1\0\0\0", 4) = 4
20481 14:35:05.171604 <... read resumed> "\1\0\0\0", 4) = 4
20481 14:35:05.171611 write(5, "\r", 1) = 1
20481 14:35:05.171621 read(5,  <unfinished ...>
20479 14:35:05.171628 read(4, "\r", 1)  = 1
20479 14:35:05.171639 select(6, [5], NULL, NULL, {60, 0}) = 1 (in [5], left {60, 0})
20479 14:35:05.171655 accept(5, {sa_family=AF_INET, sin_port=htons(35508), sin_addr=inet_addr("127.0.0.1")}, [16]) = 6
20479 14:35:05.171678 write(4, "\1", 1) = 1
20481 14:35:05.171688 <... read resumed> "\1", 1) = 1
20481 14:35:05.171696 recvmsg(5,  <unfinished ...>
20479 14:35:05.171705 sendmsg(4, {msg_name(0)=NULL, msg_iov(1)=[{"\0", 1}], msg_controllen=16, {cmsg_len=16, cmsg_level=SOL_SOCKET, cmsg_type=SCM_RIGHTS, {6}}, msg_flags=0}, 0) = 1
20481 14:35:05.171722 <... recvmsg resumed> {msg_name(0)=NULL, msg_iov(1)=[{"\0", 1}], msg_controllen=16, {cmsg_len=16, cmsg_level=SOL_SOCKET, cmsg_type=SCM_RIGHTS, {6}}, msg_flags=0}, 0) = 1
20481 14:35:05.171735 setsockopt(6, SOL_SOCKET, SO_KEEPALIVE, [1], 4) = 0
20481 14:35:05.171747 setsockopt(6, SOL_IP, IP_TOS, [8], 4) = 0
20481 14:35:05.171759 setsockopt(6, SOL_SOCKET, SO_LINGER, {onoff=1, linger=32767}, 8) = 0
20481 14:35:05.171770 rt_sigaction(SIGALRM, {0x805cad0, ~[RTMIN RT_1], 0}, NULL, 8) = 0
20481 14:35:05.171783 alarm(300)        = 300
20481 14:35:05.171796 write(0, "150 Ok to send data.\r\n", 22) = 22
20481 14:35:05.171863 read(6, "assasaaa\na\na\na\na\n", 65536) = 17
20481 14:35:05.171877 write(4, "assasaaa\na\na\na\na\n", 17) = 17
20481 14:35:05.171893 read(6, "", 65536) = 0
20481 14:35:05.171903 rt_sigaction(SIGALRM, {0x805cad0, ~[RTMIN RT_1], 0}, NULL, 8) = 0
20481 14:35:05.171917 alarm(300)        = 300
20481 14:35:05.171927 close(6)          = 0
20481 14:35:05.171936 alarm(0)          = 300
20481 14:35:05.171946 gettimeofday({1495650905, 171949}, NULL) = 0
20481 14:35:05.171961 gettimeofday({1495650905, 171965}, NULL) = 0
20481 14:35:05.171975 fcntl64(3, F_SETLKW64, {type=F_WRLCK, whence=SEEK_SET, start=0, len=0}, 0xbf8169a4) = 0
20481 14:35:05.171989 write(3, "Wed May 24 14:35:05 2017 [pid 20481] [msfadmin] OK UPLOAD: Client \"127.0.0.1\", \"/home/msfadmin/myfile8\", 17 bytes, 27.04Kbyte/sec\n", 130) = 130
20481 14:35:05.172010 fcntl64(3, F_SETLK64, {type=F_UNLCK, whence=SEEK_SET, start=0, len=0}, 0xbf8169ac) = 0
20481 14:35:05.172025 write(0, "226 Transfer complete.\r\n", 24) = 24
20481 14:35:05.172068 write(5, "\n", 1) = 1
20481 14:35:05.172079 read(5,  <unfinished ...>
20479 14:35:05.172086 close(6)          = 0
20479 14:35:05.172104 read(4, "\n", 1)  = 1
20479 14:35:05.172116 close(5)          = 0
20479 14:35:05.172126 write(4, "\1", 1) = 1
20481 14:35:05.172137 <... read resumed> "\1", 1) = 1
20481 14:35:05.172144 close(4)          = 0
20481 14:35:05.172154 rt_sigaction(SIGALRM, {0x805cad0, ~[RTMIN RT_1], 0}, NULL, 8) = 0
20481 14:35:05.172167 alarm(300)        = 0
20481 14:35:05.172178 recv(0,  <unfinished ...>
20479 14:35:05.172186 read(4,  <unfinished ...>
20478 14:35:05.380162 <... recv resumed> "USER msfadmin\r\n", 4096, MSG_PEEK) = 15
20478 14:35:05.380203 read(0, "USER msfadmin\r\n", 15) = 15
20478 14:35:05.380227 write(0, "331 Any password will do.\r\n", 27) = 27
20478 14:35:05.380272 rt_sigaction(SIGALRM, {0x805cad0, ~[RTMIN RT_1], 0}, NULL, 8) = 0
20478 14:35:05.380290 alarm(300)        = 299
20478 14:35:05.380303 recv(0, "PASS msfadmin\r\n", 4096, MSG_PEEK) = 15
20478 14:35:05.380315 read(0, "PASS msfadmin\r\n", 15) = 15
20478 14:35:05.380331 write(0, "230 Already logged in.\r\n", 24) = 24
20478 14:35:05.380392 rt_sigaction(SIGALRM, {0x805cad0, ~[RTMIN RT_1], 0}, NULL, 8) = 0
20478 14:35:05.380408 alarm(300)        = 300
20478 14:35:05.380426 recv(0, "TYPE I\r\n", 4096, MSG_PEEK) = 8
20478 14:35:05.380437 read(0, "TYPE I\r\n", 8) = 8
20478 14:35:05.380452 write(0, "200 Switching to Binary mode.\r\n", 31) = 31
20478 14:35:05.380488 rt_sigaction(SIGALRM, {0x805cad0, ~[RTMIN RT_1], 0}, NULL, 8) = 0
20478 14:35:05.380503 alarm(300)        = 300
20478 14:35:05.380513 recv(0, "PASV\r\n", 4096, MSG_PEEK) = 6
20478 14:35:05.380525 read(0, "PASV\r\n", 6) = 6
20478 14:35:05.380536 write(5, "\n", 1 <unfinished ...>
20476 14:35:05.380548 <... read resumed> "\n", 1) = 1
20478 14:35:05.380553 <... write resumed> ) = 1
20476 14:35:05.380559 write(4, "\1", 1) = 1
20476 14:35:05.380560 read(4,  <unfinished ...>
20478 14:35:05.380560 read(5, "\1", 1)  = 1
20478 14:35:05.380560 write(5, "\f", 1 <unfinished ...>
20476 14:35:05.380560 <... read resumed> "\f", 1) = 1
20478 14:35:05.380560 <... write resumed> ) = 1
20476 14:35:05.380560 socket(PF_INET, SOCK_STREAM, IPPROTO_TCP) = 5
20476 14:35:05.380560 setsockopt(5, SOL_SOCKET, SO_REUSEADDR, [1], 4) = 0
20476 14:35:05.380561 bind(5, {sa_family=AF_INET, sin_port=htons(48256), sin_addr=inet_addr("127.0.0.1")}, 16) = 0
20476 14:35:05.380561 listen(5, 1)      = 0
20476 14:35:05.380561 write(4, "\200\274\0\0", 4) = 4
20476 14:35:05.380561 read(4,  <unfinished ...>
20478 14:35:05.380562 read(5, "\200\274\0\0", 4) = 4
20478 14:35:05.380564 write(0, "227 Entering Passive Mode (127,0,0,1,188,128).\r\n", 48) = 48
20478 14:35:05.380842 rt_sigaction(SIGALRM, {0x805cad0, ~[RTMIN RT_1], 0}, NULL, 8) = 0
20478 14:35:05.380860 alarm(300)        = 300
20478 14:35:05.380871 recv(0, "RETR myfile37\r\n", 4096, MSG_PEEK) = 15
20478 14:35:05.380883 read(0, "RETR myfile37\r\n", 15) = 15
20478 14:35:05.380896 write(5, "\v", 1 <unfinished ...>
20476 14:35:05.380904 <... read resumed> "\v", 1) = 1
20478 14:35:05.380909 <... write resumed> ) = 1
20476 14:35:05.380916 write(4, "\1\0\0\0", 4) = 4
20476 14:35:05.380926 read(4,  <unfinished ...>
20478 14:35:05.380933 read(5, "\1\0\0\0", 4) = 4
20478 14:35:05.380945 gettimeofday({1495650905, 380949}, NULL) = 0
20478 14:35:05.380956 getcwd("/home/msfadmin", 4096) = 15
20478 14:35:05.380969 open("myfile37", O_RDONLY|O_NONBLOCK|O_LARGEFILE) = 4
20478 14:35:05.380982 fcntl64(4, F_SETLKW64, {type=F_RDLCK, whence=SEEK_SET, start=0, len=0}, 0xbfa50c64) = 0
20478 14:35:05.380997 fstat64(4, {st_mode=S_IFREG|0644, st_size=17, ...}) = 0
20478 14:35:05.381014 fcntl64(4, F_GETFL) = 0x8800 (flags O_RDONLY|O_NONBLOCK|O_LARGEFILE)
20478 14:35:05.381025 fcntl64(4, F_SETFL, O_RDONLY|O_LARGEFILE) = 0
20478 14:35:05.381036 write(5, "\v", 1 <unfinished ...>
20476 14:35:05.381044 <... read resumed> "\v", 1) = 1
20478 14:35:05.381049 <... write resumed> ) = 1
20476 14:35:05.381055 write(4, "\1\0\0\0", 4) = 4
20476 14:35:05.381065 read(4,  <unfinished ...>
20478 14:35:05.381072 read(5, "\1\0\0\0", 4) = 4
20478 14:35:05.381083 write(5, "\v", 1 <unfinished ...>
20476 14:35:05.381090 <... read resumed> "\v", 1) = 1
20478 14:35:05.381094 <... write resumed> ) = 1
20476 14:35:05.381100 write(4, "\1\0\0\0", 4) = 4
20476 14:35:05.381111 read(4,  <unfinished ...>
20478 14:35:05.381117 read(5, "\1\0\0\0", 4) = 4
20478 14:35:05.381128 write(5, "\r", 1 <unfinished ...>
20476 14:35:05.381135 <... read resumed> "\r", 1) = 1
20478 14:35:05.381140 <... write resumed> ) = 1
20476 14:35:05.381147 select(6, [5], NULL, NULL, {60, 0}) = 1 (in [5], left {60, 0})
20476 14:35:05.381163 accept(5, {sa_family=AF_INET, sin_port=htons(52098), sin_addr=inet_addr("127.0.0.1")}, [16]) = 6
20476 14:35:05.381184 write(4, "\1", 1) = 1
20476 14:35:05.381196 sendmsg(4, {msg_name(0)=NULL, msg_iov(1)=[{"\0", 1}], msg_controllen=16, {cmsg_len=16, cmsg_level=SOL_SOCKET, cmsg_type=SCM_RIGHTS, {6}}, msg_flags=0}, 0) = 1
20476 14:35:05.381213 close(6)          = 0
20476 14:35:05.381222 read(4,  <unfinished ...>
20478 14:35:05.381229 read(5, "\1", 1)  = 1
20478 14:35:05.381242 recvmsg(5, {msg_name(0)=NULL, msg_iov(1)=[{"\0", 1}], msg_controllen=16, {cmsg_len=16, cmsg_level=SOL_SOCKET, cmsg_type=SCM_RIGHTS, {6}}, msg_flags=0}, 0) = 1
20478 14:35:05.381264 setsockopt(6, SOL_SOCKET, SO_KEEPALIVE, [1], 4) = 0
20478 14:35:05.381276 setsockopt(6, SOL_IP, IP_TOS, [8], 4) = 0
20478 14:35:05.381288 setsockopt(6, SOL_SOCKET, SO_LINGER, {onoff=1, linger=32767}, 8) = 0
20478 14:35:05.381299 rt_sigaction(SIGALRM, {0x805cad0, ~[RTMIN RT_1], 0}, NULL, 8) = 0
20478 14:35:05.381313 alarm(300)        = 300
20478 14:35:05.381326 write(0, "150 Opening BINARY mode data connection for myfile37 (17 bytes).\r\n", 66) = 66
20478 14:35:05.381366 _llseek(4, 0, [0], SEEK_CUR) = 0
20478 14:35:05.381378 fstat64(4, {st_mode=S_IFREG|0644, st_size=17, ...}) = 0
20478 14:35:05.381395 _llseek(4, 0, [0], SEEK_SET) = 0
20478 14:35:05.381406 sendfile(6, 4, NULL, 17) = 17
20478 14:35:05.381436 rt_sigaction(SIGALRM, {0x805cad0, ~[RTMIN RT_1], 0}, NULL, 8) = 0
20478 14:35:05.381450 alarm(300)        = 300
20478 14:35:05.381460 close(6)          = 0
20478 14:35:05.381496 alarm(0)          = 300
20478 14:35:05.381506 gettimeofday({1495650905, 381510}, NULL) = 0
20478 14:35:05.381522 gettimeofday({1495650905, 381526}, NULL) = 0
20478 14:35:05.381536 fcntl64(3, F_SETLKW64, {type=F_WRLCK, whence=SEEK_SET, start=0, len=0}, 0xbfa50c04) = 0
20478 14:35:05.381551 write(3, "Wed May 24 14:35:05 2017 [pid 20478] [msfadmin] OK DOWNLOAD: Client \"127.0.0.1\", \"/home/msfadmin/myfile37\", 17 bytes, 28.77Kbyte/sec\n", 133) = 133
20478 14:35:05.381572 fcntl64(3, F_SETLK64, {type=F_UNLCK, whence=SEEK_SET, start=0, len=0}, 0xbfa50c0c) = 0
20478 14:35:05.381586 write(0, "226 Transfer complete.\r\n", 24) = 24
20478 14:35:05.381649 write(5, "\n", 1 <unfinished ...>
20476 14:35:05.381659 <... read resumed> "\n", 1) = 1
20478 14:35:05.381664 <... write resumed> ) = 1
20476 14:35:05.381670 close(5)          = 0
20476 14:35:05.381682 write(4, "\1", 1) = 1
20476 14:35:05.381693 read(4,  <unfinished ...>
20478 14:35:05.381700 read(5, "\1", 1)  = 1
20478 14:35:05.381711 close(4)          = 0
20478 14:35:05.381746 rt_sigaction(SIGALRM, {0x805cad0, ~[RTMIN RT_1], 0}, NULL, 8) = 0
20478 14:35:05.381771 alarm(300)        = 0
20478 14:35:05.381782 recv(0,  <unfinished ...>
20481 14:35:05.700230 <... recv resumed> "TYPE I\r\n", 4096, MSG_PEEK) = 8
20481 14:35:05.700262 read(0, "TYPE I\r\n", 8) = 8
20481 14:35:05.700283 write(0, "200 Switching to Binary mode.\r\n", 31) = 31
20481 14:35:05.700331 rt_sigaction(SIGALRM, {0x805cad0, ~[RTMIN RT_1], 0}, NULL, 8) = 0
20481 14:35:05.700348 alarm(300)        = 299
20481 14:35:05.700362 recv(0, "PASV\r\n", 4096, MSG_PEEK) = 6
20481 14:35:05.700373 read(0, "PASV\r\n", 6) = 6
20481 14:35:05.700385 write(5, "\n", 1) = 1
20481 14:35:05.700398 read(5,  <unfinished ...>
20479 14:35:05.700406 <... read resumed> "\n", 1) = 1
20479 14:35:05.700415 write(4, "\1", 1) = 1
20481 14:35:05.700426 <... read resumed> "\1", 1) = 1
20481 14:35:05.700433 write(5, "\f", 1) = 1
20481 14:35:05.700443 read(5,  <unfinished ...>
20479 14:35:05.700450 read(4, "\f", 1)  = 1
20479 14:35:05.700462 socket(PF_INET, SOCK_STREAM, IPPROTO_TCP) = 5
20479 14:35:05.700478 setsockopt(5, SOL_SOCKET, SO_REUSEADDR, [1], 4) = 0
20479 14:35:05.700492 bind(5, {sa_family=AF_INET, sin_port=htons(40526), sin_addr=inet_addr("127.0.0.1")}, 16) = 0
20479 14:35:05.700509 listen(5, 1)      = 0
20479 14:35:05.700522 write(4, "N\236\0\0", 4) = 4
20481 14:35:05.700533 <... read resumed> "N\236\0\0", 4) = 4
20481 14:35:05.700545 write(0, "227 Entering Passive Mode (127,0,0,1,158,78).\r\n", 47) = 47
20481 14:35:05.700585 rt_sigaction(SIGALRM, {0x805cad0, ~[RTMIN RT_1], 0}, NULL, 8) = 0
20481 14:35:05.700585 alarm(300)        = 300
20481 14:35:05.700585 recv(0, "STOR myfile9\r\n", 4096, MSG_PEEK) = 14
20481 14:35:05.700586 read(0, "STOR myfile9\r\n", 14) = 14
20481 14:35:05.700586 write(5, "\v", 1) = 1
20481 14:35:05.700586 read(5,  <unfinished ...>
20479 14:35:05.700586 read(4, "\v", 1)  = 1
20479 14:35:05.700587 write(4, "\1\0\0\0", 4) = 4
20481 14:35:05.700587 <... read resumed> "\1\0\0\0", 4) = 4
20481 14:35:05.700592 gettimeofday({1495650905, 700596}, NULL) = 0
20481 14:35:05.700603 getcwd("/home/msfadmin", 4096) = 15
20481 14:35:05.700647 open("myfile9", O_WRONLY|O_CREAT|O_NONBLOCK|O_LARGEFILE, 0666) = 4
20481 14:35:05.700680 fstat64(4, {st_mode=S_IFREG|0644, st_size=17, ...}) = 0
20481 14:35:05.700698 fcntl64(4, F_GETFL) = 0x8801 (flags O_WRONLY|O_NONBLOCK|O_LARGEFILE)
20481 14:35:05.700709 fcntl64(4, F_SETFL, O_WRONLY|O_LARGEFILE) = 0
20481 14:35:05.700719 fcntl64(4, F_SETLKW64, {type=F_WRLCK, whence=SEEK_SET, start=0, len=0}, 0xbf816a04) = 0
20481 14:35:05.700733 ftruncate64(4, 0) = 0
20481 14:35:05.700752 _llseek(4, 0, [0], SEEK_SET) = 0
20481 14:35:05.700763 write(5, "\v", 1) = 1
20481 14:35:05.700774 read(5,  <unfinished ...>
20479 14:35:05.700781 read(4, "\v", 1)  = 1
20479 14:35:05.700793 write(4, "\1\0\0\0", 4) = 4
20481 14:35:05.700803 <... read resumed> "\1\0\0\0", 4) = 4
20481 14:35:05.700811 write(5, "\v", 1) = 1
20481 14:35:05.700820 read(5,  <unfinished ...>
20479 14:35:05.700827 read(4, "\v", 1)  = 1
20479 14:35:05.700838 write(4, "\1\0\0\0", 4) = 4
20481 14:35:05.700848 <... read resumed> "\1\0\0\0", 4) = 4
20481 14:35:05.700855 write(5, "\r", 1) = 1
20481 14:35:05.700866 read(5,  <unfinished ...>
20479 14:35:05.700872 read(4, "\r", 1)  = 1
20479 14:35:05.700884 select(6, [5], NULL, NULL, {60, 0}) = 1 (in [5], left {60, 0})
20479 14:35:05.700900 accept(5, {sa_family=AF_INET, sin_port=htons(53628), sin_addr=inet_addr("127.0.0.1")}, [16]) = 6
20479 14:35:05.700923 write(4, "\1", 1) = 1
20481 14:35:05.700933 <... read resumed> "\1", 1) = 1
20481 14:35:05.700942 recvmsg(5,  <unfinished ...>
20479 14:35:05.700950 sendmsg(4, {msg_name(0)=NULL, msg_iov(1)=[{"\0", 1}], msg_controllen=16, {cmsg_len=16, cmsg_level=SOL_SOCKET, cmsg_type=SCM_RIGHTS, {6}}, msg_flags=0}, 0) = 1
20481 14:35:05.700967 <... recvmsg resumed> {msg_name(0)=NULL, msg_iov(1)=[{"\0", 1}], msg_controllen=16, {cmsg_len=16, cmsg_level=SOL_SOCKET, cmsg_type=SCM_RIGHTS, {6}}, msg_flags=0}, 0) = 1
20481 14:35:05.700980 setsockopt(6, SOL_SOCKET, SO_KEEPALIVE, [1], 4) = 0
20481 14:35:05.700993 setsockopt(6, SOL_IP, IP_TOS, [8], 4) = 0
20481 14:35:05.701004 setsockopt(6, SOL_SOCKET, SO_LINGER, {onoff=1, linger=32767}, 8) = 0
20481 14:35:05.701015 rt_sigaction(SIGALRM, {0x805cad0, ~[RTMIN RT_1], 0}, NULL, 8) = 0
20481 14:35:05.701029 alarm(300)        = 300
20481 14:35:05.701041 write(0, "150 Ok to send data.\r\n", 22) = 22
20481 14:35:05.701107 read(6, "assasaaa\na\na\na\na\n", 65536) = 17
20481 14:35:05.701122 write(4, "assasaaa\na\na\na\na\n", 17) = 17
20481 14:35:05.701137 read(6, "", 65536) = 0
20481 14:35:05.701148 rt_sigaction(SIGALRM, {0x805cad0, ~[RTMIN RT_1], 0}, NULL, 8) = 0
20481 14:35:05.701161 alarm(300)        = 300
20481 14:35:05.701171 close(6)          = 0
20481 14:35:05.701180 alarm(0)          = 300
20481 14:35:05.701190 gettimeofday({1495650905, 701194}, NULL) = 0
20481 14:35:05.701205 gettimeofday({1495650905, 701209}, NULL) = 0
20481 14:35:05.701220 fcntl64(3, F_SETLKW64, {type=F_WRLCK, whence=SEEK_SET, start=0, len=0}, 0xbf8169a4) = 0
20481 14:35:05.701234 write(3, "Wed May 24 14:35:05 2017 [pid 20481] [msfadmin] OK UPLOAD: Client \"127.0.0.1\", \"/home/msfadmin/myfile9\", 17 bytes, 27.08Kbyte/sec\n", 130) = 130
20481 14:35:05.701255 fcntl64(3, F_SETLK64, {type=F_UNLCK, whence=SEEK_SET, start=0, len=0}, 0xbf8169ac) = 0
20481 14:35:05.701270 write(0, "226 Transfer complete.\r\n", 24) = 24
20481 14:35:05.701312 write(5, "\n", 1) = 1
20481 14:35:05.701324 read(5,  <unfinished ...>
20479 14:35:05.701331 close(6)          = 0
20479 14:35:05.701350 read(4, "\n", 1)  = 1
20479 14:35:05.701361 close(5)          = 0
20479 14:35:05.701372 write(4, "\1", 1) = 1
20481 14:35:05.701382 <... read resumed> "\1", 1) = 1
20481 14:35:05.701389 close(4)          = 0
20481 14:35:05.701400 rt_sigaction(SIGALRM, {0x805cad0, ~[RTMIN RT_1], 0}, NULL, 8) = 0
20481 14:35:05.701413 alarm(300)        = 0
20481 14:35:05.701424 recv(0,  <unfinished ...>
20479 14:35:05.701431 read(4,  <unfinished ...>
20478 14:35:05.920193 <... recv resumed> "USER msfadmin\r\n", 4096, MSG_PEEK) = 15
20478 14:35:05.920233 read(0, "USER msfadmin\r\n", 15) = 15
20478 14:35:05.920258 write(0, "331 Any password will do.\r\n", 27) = 27
20478 14:35:05.920311 rt_sigaction(SIGALRM, {0x805cad0, ~[RTMIN RT_1], 0}, NULL, 8) = 0
20478 14:35:05.920329 alarm(300)        = 299
20478 14:35:05.920342 recv(0, "PASS msfadmin\r\n", 4096, MSG_PEEK) = 15
20478 14:35:05.920354 read(0, "PASS msfadmin\r\n", 15) = 15
20478 14:35:05.920370 write(0, "230 Already logged in.\r\n", 24) = 24
20478 14:35:05.920425 rt_sigaction(SIGALRM, {0x805cad0, ~[RTMIN RT_1], 0}, NULL, 8) = 0
20478 14:35:05.920425 alarm(300)        = 300
20478 14:35:05.920425 recv(0, "TYPE I\r\n", 4096, MSG_PEEK) = 8
20478 14:35:05.920425 read(0, "TYPE I\r\n", 8) = 8
20478 14:35:05.920431 write(0, "200 Switching to Binary mode.\r\n", 31) = 31
20478 14:35:05.920471 rt_sigaction(SIGALRM, {0x805cad0, ~[RTMIN RT_1], 0}, NULL, 8) = 0
20478 14:35:05.920485 alarm(300)        = 300
20478 14:35:05.920496 recv(0, "PASV\r\n", 4096, MSG_PEEK) = 6
20478 14:35:05.920507 read(0, "PASV\r\n", 6) = 6
20478 14:35:05.920519 write(5, "\n", 1 <unfinished ...>
20476 14:35:05.920530 <... read resumed> "\n", 1) = 1
20478 14:35:05.920535 <... write resumed> ) = 1
20476 14:35:05.920542 write(4, "\1", 1) = 1
20476 14:35:05.920553 read(4,  <unfinished ...>
20478 14:35:05.920560 read(5, "\1", 1)  = 1
20478 14:35:05.920572 write(5, "\f", 1 <unfinished ...>
20476 14:35:05.920579 <... read resumed> "\f", 1) = 1
20478 14:35:05.920583 <... write resumed> ) = 1
20476 14:35:05.920590 socket(PF_INET, SOCK_STREAM, IPPROTO_TCP) = 5
20476 14:35:05.920606 setsockopt(5, SOL_SOCKET, SO_REUSEADDR, [1], 4) = 0
20476 14:35:05.920620 bind(5, {sa_family=AF_INET, sin_port=htons(33335), sin_addr=inet_addr("127.0.0.1")}, 16) = 0
20476 14:35:05.920637 listen(5, 1)      = 0
20476 14:35:05.920651 write(4, "7\202\0\0", 4) = 4
20476 14:35:05.920662 read(4,  <unfinished ...>
20478 14:35:05.920669 read(5, "7\202\0\0", 4) = 4
20478 14:35:05.920684 write(0, "227 Entering Passive Mode (127,0,0,1,130,55).\r\n", 47) = 47
20478 14:35:05.920838 rt_sigaction(SIGALRM, {0x805cad0, ~[RTMIN RT_1], 0}, NULL, 8) = 0
20478 14:35:05.920855 alarm(300)        = 300
20478 14:35:05.920866 recv(0, "RETR myfile38\r\n", 4096, MSG_PEEK) = 15
20478 14:35:05.920878 read(0, "RETR myfile38\r\n", 15) = 15
20478 14:35:05.920891 write(5, "\v", 1 <unfinished ...>
20476 14:35:05.920900 <... read resumed> "\v", 1) = 1
20478 14:35:05.920904 <... write resumed> ) = 1
20476 14:35:05.920910 write(4, "\1\0\0\0", 4) = 4
20476 14:35:05.920921 read(4,  <unfinished ...>
20478 14:35:05.920928 read(5, "\1\0\0\0", 4) = 4
20478 14:35:05.920940 gettimeofday({1495650905, 920943}, NULL) = 0
20478 14:35:05.920951 getcwd("/home/msfadmin", 4096) = 15
20478 14:35:05.920963 open("myfile38", O_RDONLY|O_NONBLOCK|O_LARGEFILE) = 4
20478 14:35:05.920977 fcntl64(4, F_SETLKW64, {type=F_RDLCK, whence=SEEK_SET, start=0, len=0}, 0xbfa50c64) = 0
20478 14:35:05.920992 fstat64(4, {st_mode=S_IFREG|0644, st_size=17, ...}) = 0
