17592 14:05:32.901745 mmap2(NULL, 1624, PROT_READ, MAP_SHARED, 5, 0) = 0xb7fa3000
17592 14:05:32.901755 _llseek(5, 1624, [1624], SEEK_SET) = 0
17592 14:05:32.901773 munmap(0xb7fa3000, 1624) = 0
17592 14:05:32.901784 close(5)          = 0
17592 14:05:32.901807 open("/etc/shadow", O_RDONLY|0x80000 /* O_??? */) = 5
17592 14:05:32.901824 _llseek(5, 0, [0], SEEK_CUR) = 0
17592 14:05:32.901834 fstat64(5, {st_mode=S_IFREG|0640, st_size=1233, ...}) = 0
17592 14:05:32.901850 mmap2(NULL, 1233, PROT_READ, MAP_SHARED, 5, 0) = 0xb7fa3000
17592 14:05:32.901860 _llseek(5, 1233, [1233], SEEK_SET) = 0
17592 14:05:32.901879 munmap(0xb7fa3000, 1233) = 0
17592 14:05:32.901889 close(5)          = 0
17592 14:05:32.901907 open("/etc/passwd", O_RDONLY|0x80000 /* O_??? */) = 5
17592 14:05:32.901920 _llseek(5, 0, [0], SEEK_CUR) = 0
17592 14:05:32.901930 fstat64(5, {st_mode=S_IFREG|0644, st_size=1624, ...}) = 0
17592 14:05:32.901945 mmap2(NULL, 1624, PROT_READ, MAP_SHARED, 5, 0) = 0xb7fa3000
17592 14:05:32.901956 _llseek(5, 1624, [1624], SEEK_SET) = 0
17592 14:05:32.901971 munmap(0xb7fa3000, 1624) = 0
17592 14:05:32.901980 close(5)          = 0
17592 14:05:32.901992 open("/etc/shadow", O_RDONLY|0x80000 /* O_??? */) = 5
17592 14:05:32.902032 _llseek(5, 0, [0], SEEK_CUR) = 0
17592 14:05:32.902046 fstat64(5, {st_mode=S_IFREG|0640, st_size=1233, ...}) = 0
17592 14:05:32.902082 mmap2(NULL, 1233, PROT_READ, MAP_SHARED, 5, 0) = 0xb7fa3000
17592 14:05:32.902092 _llseek(5, 1233, [1233], SEEK_SET) = 0
17592 14:05:32.902109 munmap(0xb7fa3000, 1233) = 0
17592 14:05:32.902118 close(5)          = 0
17592 14:05:32.902344 getuid32()        = 0
17592 14:05:32.902355 open("/etc/passwd", O_RDONLY|0x80000 /* O_??? */) = 5
17592 14:05:32.902368 _llseek(5, 0, [0], SEEK_CUR) = 0
17592 14:05:32.902378 fstat64(5, {st_mode=S_IFREG|0644, st_size=1624, ...}) = 0
17592 14:05:32.902393 mmap2(NULL, 1624, PROT_READ, MAP_SHARED, 5, 0) = 0xb7fa3000
17592 14:05:32.902403 _llseek(5, 1624, [1624], SEEK_SET) = 0
17592 14:05:32.902419 munmap(0xb7fa3000, 1624) = 0
17592 14:05:32.902428 close(5)          = 0
17592 14:05:32.902441 open("/etc/shadow", O_RDONLY|0x80000 /* O_??? */) = 5
17592 14:05:32.902453 _llseek(5, 0, [0], SEEK_CUR) = 0
17592 14:05:32.902463 fstat64(5, {st_mode=S_IFREG|0640, st_size=1233, ...}) = 0
17592 14:05:32.902478 mmap2(NULL, 1233, PROT_READ, MAP_SHARED, 5, 0) = 0xb7fa3000
17592 14:05:32.902488 _llseek(5, 1233, [1233], SEEK_SET) = 0
17592 14:05:32.902498 munmap(0xb7fa3000, 1233) = 0
17592 14:05:32.902498 close(5)          = 0
17592 14:05:32.902498 time(NULL)        = 1495649132
17592 14:05:32.902499 munmap(0xb7fa0000, 12164) = 0
17592 14:05:32.902499 munmap(0xb7f9e000, 7136) = 0
17592 14:05:32.902499 munmap(0xb7dd3000, 95428) = 0
17592 14:05:32.902499 munmap(0xb7d99000, 201052) = 0
17592 14:05:32.902499 munmap(0xb7d80000, 101180) = 0
17592 14:05:32.902500 gettimeofday({1495649132, 902500}, NULL) = 0
17592 14:05:32.902500 stat64("/usr/share/zoneinfo/UTC+04:00", 0xbfcea654) = -1 ENOENT (No such file or directory)
17592 14:05:32.902500 open("/usr/share/zoneinfo/UTC+04:00", O_RDONLY) = -1 ENOENT (No such file or directory)
17592 14:05:32.902500 fcntl64(3, F_SETLKW64, {type=F_WRLCK, whence=SEEK_SET, start=0, len=0}, 0xbfcea7a4) = 0
17592 14:05:32.902501 write(3, "Wed May 24 14:05:32 2017 [pid 17592] [msfadmin] OK LOGIN: Client \"127.0.0.1\"\n", 77) = 77
17592 14:05:32.902501 fcntl64(3, F_SETLK64, {type=F_UNLCK, whence=SEEK_SET, start=0, len=0}, 0xbfcea7ac) = 0
17592 14:05:32.902501 rt_sigaction(SIGCHLD, {0x805cad0, ~[RTMIN RT_1], 0}, NULL, 8) = 0
17592 14:05:32.902501 write(4, "\1", 1 <unfinished ...>
17593 14:05:32.902501 <... read resumed> "\1", 1) = 1
17592 14:05:32.902501 <... write resumed> ) = 1
17593 14:05:32.902502 exit_group(0)     = ?
17592 14:05:32.902502 --- SIGCHLD (Child exited) @ 0 (0) ---
17592 14:05:32.902545 sigreturn()       = ? (mask now [])
17592 14:05:32.902568 wait4(-1, [{WIFEXITED(s) && WEXITSTATUS(s) == 0}], 0, NULL) = 17593
17592 14:05:32.902591 close(4)          = 0
17592 14:05:32.902612 socketpair(PF_FILE, SOCK_STREAM, 0, [4, 5]) = 0
17592 14:05:32.902626 rt_sigaction(SIGCHLD, {0x805cad0, ~[RTMIN RT_1], 0}, NULL, 8) = 0
17592 14:05:32.902640 rt_sigaction(SIGALRM, {0x805cb10, ~[RTMIN RT_1], 0}, NULL, 8) = 0
17592 14:05:32.902653 clone(child_stack=0, flags=CLONE_CHILD_CLEARTID|CLONE_CHILD_SETTID|SIGCHLD, child_tidptr=0xb7e096f8) = 17594
17594 14:05:32.902702 prctl(0x1, 0x9, 0, 0, 0) = 0
17594 14:05:32.902715 close(4)          = 0
17594 14:05:32.902741 open("/etc/passwd", O_RDONLY|0x80000 /* O_??? */) = 4
17594 14:05:32.902758 _llseek(4, 0, [0], SEEK_CUR) = 0
17594 14:05:32.902773 fstat64(4, {st_mode=S_IFREG|0644, st_size=1624, ...}) = 0
17594 14:05:32.902791 mmap2(NULL, 1624, PROT_READ, MAP_SHARED, 4, 0) = 0xb7fa3000
17594 14:05:32.902803 _llseek(4, 1624, [1624], SEEK_SET) = 0
17594 14:05:32.902824 munmap(0xb7fa3000, 1624) = 0
17594 14:05:32.902836 close(4)          = 0
17594 14:05:32.902849 getuid32()        = 0
17594 14:05:32.902859 open("/etc/passwd", O_RDONLY|0x80000 /* O_??? */) = 4
17594 14:05:32.902872 _llseek(4, 0, [0], SEEK_CUR) = 0
17594 14:05:32.902882 fstat64(4, {st_mode=S_IFREG|0644, st_size=1624, ...}) = 0
17594 14:05:32.902898 mmap2(NULL, 1624, PROT_READ, MAP_SHARED, 4, 0) = 0xb7fa3000
17594 14:05:32.902908 _llseek(4, 1624, [1624], SEEK_SET) = 0
17594 14:05:32.902923 munmap(0xb7fa3000, 1624) = 0
17594 14:05:32.902933 close(4)          = 0
17594 14:05:32.902957 open("/proc/sys/kernel/ngroups_max", O_RDONLY) = 4
17594 14:05:32.902978 read(4, "65536\n", 31) = 6
17594 14:05:32.902989 close(4)          = 0
17594 14:05:32.903003 socket(PF_FILE, SOCK_STREAM, 0) = 4
17594 14:05:32.903578 fcntl64(4, F_SETFL, O_RDWR|O_NONBLOCK) = 0
17594 14:05:32.903591 connect(4, {sa_family=AF_FILE, path="/var/run/nscd/socket"}, 110) = -1 ENOENT (No such file or directory)
17594 14:05:32.903612 close(4)          = 0
17594 14:05:32.903624 socket(PF_FILE, SOCK_STREAM, 0) = 4
17594 14:05:32.903634 fcntl64(4, F_SETFL, O_RDWR|O_NONBLOCK) = 0
17594 14:05:32.903644 connect(4, {sa_family=AF_FILE, path="/var/run/nscd/socket"}, 110) = -1 ENOENT (No such file or directory)
17594 14:05:32.903662 close(4)          = 0
17594 14:05:32.903686 open("/etc/group", O_RDONLY|0x80000 /* O_??? */) = 4
17594 14:05:32.903700 _llseek(4, 0, [0], SEEK_CUR) = 0
17594 14:05:32.903711 fstat64(4, {st_mode=S_IFREG|0644, st_size=886, ...}) = 0
17594 14:05:32.903727 mmap2(NULL, 886, PROT_READ, MAP_SHARED, 4, 0) = 0xb7fa3000
17594 14:05:32.903738 _llseek(4, 886, [886], SEEK_SET) = 0
17594 14:05:32.903761 fstat64(4, {st_mode=S_IFREG|0644, st_size=886, ...}) = 0
17594 14:05:32.903778 munmap(0xb7fa3000, 886) = 0
17594 14:05:32.903788 close(4)          = 0
17594 14:05:32.903798 setgroups32(13, [1000, 4, 20, 24, 25, 29, 30, 44, 46, 107, 111, 112, 119]) = 0
17594 14:05:32.903814 geteuid32()       = 0
17594 14:05:32.903825 getegid32()       = 0
17594 14:05:32.903839 setregid32(-1, 1000) = 0
17594 14:05:32.903850 setreuid32(-1, 1000) = 0
17594 14:05:32.903860 chdir("/home/msfadmin") = 0
17594 14:05:32.903872 setreuid32(-1, 0) = 0
17594 14:05:32.903881 setregid32(-1, 0) = 0
17594 14:05:32.903891 setgid32(1000)    = 0
17594 14:05:32.903900 setuid32(1000)    = 0
17594 14:05:32.903910 setrlimit(RLIMIT_NPROC, {rlim_cur=0, rlim_max=0}) = 0
17594 14:05:32.903923 mmap2(NULL, 12288, PROT_READ|PROT_WRITE, MAP_PRIVATE|MAP_ANONYMOUS, -1, 0) = 0xb7fa1000
17594 14:05:32.903934 mprotect(0xb7fa3000, 4096, PROT_NONE) = 0
17594 14:05:32.903945 mprotect(0xb7fa1000, 4096, PROT_NONE) = 0
17594 14:05:32.903956 getcwd("/home/msfadmin", 4096) = 15
17594 14:05:32.903969 umask(022)        = 077
17594 14:05:32.903979 getcwd("/home/msfadmin", 4096) = 15
17594 14:05:32.904025 open(".message", O_RDONLY|O_NONBLOCK|O_LARGEFILE) = -1 ENOENT (No such file or directory)
17594 14:05:32.904061 write(0, "230 Login successful.\r\n", 23) = 23
17594 14:05:32.904151 rt_sigaction(SIGALRM, {0x805cad0, ~[RTMIN RT_1], 0}, NULL, 8) = 0
17594 14:05:32.904168 alarm(300)        = 0
17594 14:05:32.904178 mmap2(NULL, 12288, PROT_READ|PROT_WRITE, MAP_PRIVATE|MAP_ANONYMOUS, -1, 0) = 0xb7f9e000
17594 14:05:32.904190 mprotect(0xb7fa0000, 4096, PROT_NONE) = 0
17594 14:05:32.904201 mprotect(0xb7f9e000, 4096, PROT_NONE) = 0
17594 14:05:32.904213 recv(0, "TYPE I\r\n", 4096, MSG_PEEK) = 8
17594 14:05:32.904225 read(0, "TYPE I\r\n", 8) = 8
17594 14:05:32.904242 write(0, "200 Switching to Binary mode.\r\n", 31) = 31
17594 14:05:32.904280 rt_sigaction(SIGALRM, {0x805cad0, ~[RTMIN RT_1], 0}, NULL, 8) = 0
17594 14:05:32.904295 alarm(300)        = 300
17594 14:05:32.904306 recv(0, "PASV\r\n", 4096, MSG_PEEK) = 6
17594 14:05:32.904317 read(0, "PASV\r\n", 6) = 6
17594 14:05:32.904328 write(5, "\n", 1) = 1
17594 14:05:32.904339 read(5,  <unfinished ...>
17592 14:05:32.904351 close(5)          = 0
17592 14:05:32.904364 getuid32()        = 0
17592 14:05:32.904378 open("/etc/passwd", O_RDONLY|0x80000 /* O_??? */) = 5
17592 14:05:32.904392 _llseek(5, 0, [0], SEEK_CUR) = 0
17592 14:05:32.904405 fstat64(5, {st_mode=S_IFREG|0644, st_size=1624, ...}) = 0
17592 14:05:32.904422 mmap2(NULL, 1624, PROT_READ, MAP_SHARED, 5, 0) = 0xb7fa3000
17592 14:05:32.904433 _llseek(5, 1624, [1624], SEEK_SET) = 0
17592 14:05:32.904449 munmap(0xb7fa3000, 1624) = 0
17592 14:05:32.904461 close(5)          = 0
17592 14:05:32.904476 setgroups32(0, []) = 0
17592 14:05:32.904520 chdir("/usr/share/empty") = 0
17592 14:05:32.904534 chroot(".")       = 0
17592 14:05:32.904554 capset(NULL, NULL) = -1 EFAULT (Bad address)
17592 14:05:32.904568 prctl(0x8, 0, 0xbfcea788, 0x80549a6, 0xbfcea770) = 0
17592 14:05:32.904579 prctl(0x8, 0x1, 0xbfcea788, 0x8054a49, 0xbfcea770) = 0
17592 14:05:32.904588 setgid32(65534)   = 0
17592 14:05:32.904598 setuid32(65534)   = 0
17592 14:05:32.904607 capset(0x19980330, 0, {CAP_NET_BIND_SERVICE, CAP_NET_BIND_SERVICE, 0}) = 0
17592 14:05:32.904620 read(4, "\n", 1)  = 1
17592 14:05:32.904633 write(4, "\1", 1) = 1
17594 14:05:32.904644 <... read resumed> "\1", 1) = 1
17594 14:05:32.904652 write(5, "\f", 1) = 1
17594 14:05:32.904662 read(5,  <unfinished ...>
17592 14:05:32.904668 read(4, "\f", 1)  = 1
17592 14:05:32.904680 socket(PF_INET, SOCK_STREAM, IPPROTO_TCP) = 5
17592 14:05:32.904693 setsockopt(5, SOL_SOCKET, SO_REUSEADDR, [1], 4) = 0
17592 14:05:32.904705 gettimeofday({1495649132, 904708}, NULL) = 0
17592 14:05:32.904720 bind(5, {sa_family=AF_INET, sin_port=htons(51868), sin_addr=inet_addr("127.0.0.1")}, 16) = 0
17592 14:05:32.904736 listen(5, 1)      = 0
17592 14:05:32.904749 write(4, "\234\312\0\0", 4) = 4
17594 14:05:32.904760 <... read resumed> "\234\312\0\0", 4) = 4
17594 14:05:32.904773 write(0, "227 Entering Passive Mode (127,0,0,1,202,156).\r\n", 48) = 48
17594 14:05:32.904870 rt_sigaction(SIGALRM, {0x805cad0, ~[RTMIN RT_1], 0}, NULL, 8) = 0
17594 14:05:32.904887 alarm(300)        = 300
17594 14:05:32.904899 recv(0, "STOR myfile25\r\n", 4096, MSG_PEEK) = 15
17594 14:05:32.904911 read(0, "STOR myfile25\r\n", 15) = 15
17594 14:05:32.904925 write(5, "\v", 1) = 1
17594 14:05:32.904939 read(5,  <unfinished ...>
17592 14:05:32.904946 read(4, "\v", 1)  = 1
17592 14:05:32.904957 write(4, "\1\0\0\0", 4) = 4
17594 14:05:32.904968 <... read resumed> "\1\0\0\0", 4) = 4
17594 14:05:32.905006 gettimeofday({1495649132, 905013}, NULL) = 0
17594 14:05:32.905021 getcwd("/home/msfadmin", 4096) = 15
17594 14:05:32.905043 open("myfile25", O_WRONLY|O_CREAT|O_NONBLOCK|O_LARGEFILE, 0666) = 4
17594 14:05:32.905066 fstat64(4, {st_mode=S_IFREG|0644, st_size=17, ...}) = 0
17594 14:05:32.905083 fcntl64(4, F_GETFL) = 0x8801 (flags O_WRONLY|O_NONBLOCK|O_LARGEFILE)
17594 14:05:32.905093 fcntl64(4, F_SETFL, O_WRONLY|O_LARGEFILE) = 0
17594 14:05:32.905103 fcntl64(4, F_SETLKW64, {type=F_WRLCK, whence=SEEK_SET, start=0, len=0}, 0xbfcea6d4) = 0
17594 14:05:32.905118 ftruncate64(4, 0) = 0
17594 14:05:32.905137 _llseek(4, 0, [0], SEEK_SET) = 0
17594 14:05:32.905148 write(5, "\v", 1) = 1
17594 14:05:32.905159 read(5,  <unfinished ...>
17592 14:05:32.905166 read(4, "\v", 1)  = 1
17592 14:05:32.905177 write(4, "\1\0\0\0", 4) = 4
17594 14:05:32.905187 <... read resumed> "\1\0\0\0", 4) = 4
17594 14:05:32.905195 write(5, "\v", 1) = 1
17594 14:05:32.905204 read(5,  <unfinished ...>
17592 14:05:32.905211 read(4, "\v", 1)  = 1
17592 14:05:32.905221 write(4, "\1\0\0\0", 4) = 4
17594 14:05:32.905231 <... read resumed> "\1\0\0\0", 4) = 4
17594 14:05:32.905239 write(5, "\r", 1) = 1
17594 14:05:32.905248 read(5,  <unfinished ...>
17592 14:05:32.905255 read(4, "\r", 1)  = 1
17592 14:05:32.905267 select(6, [5], NULL, NULL, {60, 0}) = 1 (in [5], left {60, 0})
17592 14:05:32.905283 accept(5, {sa_family=AF_INET, sin_port=htons(54582), sin_addr=inet_addr("127.0.0.1")}, [16]) = 6
17592 14:05:32.905304 write(4, "\1", 1) = 1
17594 14:05:32.905315 <... read resumed> "\1", 1) = 1
17594 14:05:32.905324 recvmsg(5,  <unfinished ...>
17592 14:05:32.905333 sendmsg(4, {msg_name(0)=NULL, msg_iov(1)=[{"\0", 1}], msg_controllen=16, {cmsg_len=16, cmsg_level=SOL_SOCKET, cmsg_type=SCM_RIGHTS, {6}}, msg_flags=0}, 0) = 1
17594 14:05:32.905350 <... recvmsg resumed> {msg_name(0)=NULL, msg_iov(1)=[{"\0", 1}], msg_controllen=16, {cmsg_len=16, cmsg_level=SOL_SOCKET, cmsg_type=SCM_RIGHTS, {6}}, msg_flags=0}, 0) = 1
17594 14:05:32.905363 setsockopt(6, SOL_SOCKET, SO_KEEPALIVE, [1], 4) = 0
17594 14:05:32.905375 setsockopt(6, SOL_IP, IP_TOS, [8], 4) = 0
17594 14:05:32.905387 setsockopt(6, SOL_SOCKET, SO_LINGER, {onoff=1, linger=32767}, 8) = 0
17594 14:05:32.905398 rt_sigaction(SIGALRM, {0x805cad0, ~[RTMIN RT_1], 0}, NULL, 8) = 0
17594 14:05:32.905411 alarm(300)        = 300
17594 14:05:32.905423 write(0, "150 Ok to send data.\r\n", 22) = 22
17594 14:05:32.905522 mmap2(NULL, 77824, PROT_READ|PROT_WRITE, MAP_PRIVATE|MAP_ANONYMOUS, -1, 0) = 0xb7dd8000
17594 14:05:32.905546 mprotect(0xb7dea000, 4096, PROT_NONE) = 0
17594 14:05:32.905558 mprotect(0xb7dd8000, 4096, PROT_NONE) = 0
17594 14:05:32.905568 read(6, "assasaaa\na\na\na\na\n", 65536) = 17
17594 14:05:32.905581 write(4, "assasaaa\na\na\na\na\n", 17) = 17
17594 14:05:32.905597 read(6, "", 65536) = 0
17594 14:05:32.905607 rt_sigaction(SIGALRM, {0x805cad0, ~[RTMIN RT_1], 0}, NULL, 8) = 0
17594 14:05:32.905621 alarm(300)        = 300
17594 14:05:32.905631 close(6)          = 0
17594 14:05:32.905640 alarm(0)          = 300
17594 14:05:32.905649 gettimeofday({1495649132, 905652}, NULL) = 0
17594 14:05:32.905666 getpid()          = 17594
17594 14:05:32.905677 gettimeofday({1495649132, 905681}, NULL) = 0
17594 14:05:32.905695 fcntl64(3, F_SETLKW64, {type=F_WRLCK, whence=SEEK_SET, start=0, len=0}, 0xbfcea674) = 0
17594 14:05:32.905710 write(3, "Wed May 24 14:05:32 2017 [pid 17594] [msfadmin] OK UPLOAD: Client \"127.0.0.1\", \"/home/msfadmin/myfile25\", 17 bytes, 24.85Kbyte/sec\n", 131) = 131
17594 14:05:32.905730 fcntl64(3, F_SETLK64, {type=F_UNLCK, whence=SEEK_SET, start=0, len=0}, 0xbfcea67c) = 0
17594 14:05:32.905744 write(0, "226 Transfer complete.\r\n", 24) = 24
17594 14:05:32.905783 write(5, "\n", 1) = 1
17594 14:05:32.905794 read(5,  <unfinished ...>
17592 14:05:32.905801 close(6)          = 0
17592 14:05:32.905823 read(4, "\n", 1)  = 1
17592 14:05:32.905835 close(5)          = 0
17592 14:05:32.905846 write(4, "\1", 1) = 1
17594 14:05:32.905856 <... read resumed> "\1", 1) = 1
17594 14:05:32.905863 close(4)          = 0
17594 14:05:32.905874 rt_sigaction(SIGALRM, {0x805cad0, ~[RTMIN RT_1], 0}, NULL, 8) = 0
17594 14:05:32.905887 alarm(300)        = 0
17594 14:05:32.905897 recv(0,  <unfinished ...>
17592 14:05:32.905905 read(4,  <unfinished ...>
17591 14:05:32.922640 <... recv resumed> "USER msfadmin\r\n", 4096, MSG_PEEK) = 15
17591 14:05:32.922680 read(0, "USER msfadmin\r\n", 15) = 15
17591 14:05:32.922706 write(0, "331 Any password will do.\r\n", 27) = 27
17591 14:05:32.922751 rt_sigaction(SIGALRM, {0x805cad0, ~[RTMIN RT_1], 0}, NULL, 8) = 0
17591 14:05:32.922769 alarm(300)        = 299
17591 14:05:32.922781 recv(0, "PASS msfadmin\r\n", 4096, MSG_PEEK) = 15
17591 14:05:32.922794 read(0, "PASS msfadmin\r\n", 15) = 15
17591 14:05:32.922810 write(0, "230 Already logged in.\r\n", 24) = 24
17591 14:05:32.922870 rt_sigaction(SIGALRM, {0x805cad0, ~[RTMIN RT_1], 0}, NULL, 8) = 0
17591 14:05:32.922886 alarm(300)        = 300
17591 14:05:32.922897 recv(0, "TYPE I\r\n", 4096, MSG_PEEK) = 8
17591 14:05:32.922908 read(0, "TYPE I\r\n", 8) = 8
17591 14:05:32.922923 write(0, "200 Switching to Binary mode.\r\n", 31) = 31
17591 14:05:32.922959 rt_sigaction(SIGALRM, {0x805cad0, ~[RTMIN RT_1], 0}, NULL, 8) = 0
17591 14:05:32.922973 alarm(300)        = 300
17591 14:05:32.922984 recv(0, "PASV\r\n", 4096, MSG_PEEK) = 6
17591 14:05:32.922995 read(0, "PASV\r\n", 6) = 6
17591 14:05:32.923030 write(5, "\n", 1 <unfinished ...>
17589 14:05:32.923044 <... read resumed> "\n", 1) = 1
17591 14:05:32.923059 <... write resumed> ) = 1
17589 14:05:32.923067 write(4, "\1", 1) = 1
17589 14:05:32.923078 read(4,  <unfinished ...>
17591 14:05:32.923085 read(5, "\1", 1)  = 1
17591 14:05:32.923096 write(5, "\f", 1 <unfinished ...>
17589 14:05:32.923103 <... read resumed> "\f", 1) = 1
17591 14:05:32.923108 <... write resumed> ) = 1
17589 14:05:32.923115 socket(PF_INET, SOCK_STREAM, IPPROTO_TCP) = 5
17589 14:05:32.923131 setsockopt(5, SOL_SOCKET, SO_REUSEADDR, [1], 4) = 0
17589 14:05:32.923146 bind(5, {sa_family=AF_INET, sin_port=htons(48299), sin_addr=inet_addr("127.0.0.1")}, 16) = 0
17589 14:05:32.923163 listen(5, 1)      = 0
17589 14:05:32.923177 write(4, "\253\274\0\0", 4) = 4
17589 14:05:32.923189 read(4,  <unfinished ...>
17591 14:05:32.923196 read(5, "\253\274\0\0", 4) = 4
17591 14:05:32.923212 write(0, "227 Entering Passive Mode (127,0,0,1,188,171).\r\n", 48) = 48
17591 14:05:32.923324 rt_sigaction(SIGALRM, {0x805cad0, ~[RTMIN RT_1], 0}, NULL, 8) = 0
17591 14:05:32.923341 alarm(300)        = 300
17591 14:05:32.923353 recv(0, "RETR myfile6\r\n", 4096, MSG_PEEK) = 14
17591 14:05:32.923365 read(0, "RETR myfile6\r\n", 14) = 14
17591 14:05:32.923378 write(5, "\v", 1 <unfinished ...>
17589 14:05:32.923386 <... read resumed> "\v", 1) = 1
17591 14:05:32.923391 <... write resumed> ) = 1
17589 14:05:32.923397 write(4, "\1\0\0\0", 4) = 4
17589 14:05:32.923408 read(4,  <unfinished ...>
17591 14:05:32.923415 read(5, "\1\0\0\0", 4) = 4
17591 14:05:32.923427 gettimeofday({1495649132, 923431}, NULL) = 0
17591 14:05:32.923438 getcwd("/home/msfadmin", 4096) = 15
17591 14:05:32.923451 open("myfile6", O_RDONLY|O_NONBLOCK|O_LARGEFILE) = 4
17591 14:05:32.923464 fcntl64(4, F_SETLKW64, {type=F_RDLCK, whence=SEEK_SET, start=0, len=0}, 0xbf9d53e4) = 0
17591 14:05:32.923479 fstat64(4, {st_mode=S_IFREG|0644, st_size=17, ...}) = 0
17591 14:05:32.923497 fcntl64(4, F_GETFL) = 0x8800 (flags O_RDONLY|O_NONBLOCK|O_LARGEFILE)
17591 14:05:32.923508 fcntl64(4, F_SETFL, O_RDONLY|O_LARGEFILE) = 0
17591 14:05:32.923519 write(5, "\v", 1 <unfinished ...>
17589 14:05:32.923527 <... read resumed> "\v", 1) = 1
17591 14:05:32.923532 <... write resumed> ) = 1
17589 14:05:32.923538 write(4, "\1\0\0\0", 4) = 4
17589 14:05:32.923549 read(4,  <unfinished ...>
17591 14:05:32.923555 read(5, "\1\0\0\0", 4) = 4
17591 14:05:32.923567 write(5, "\v", 1 <unfinished ...>
17589 14:05:32.923574 <... read resumed> "\v", 1) = 1
17591 14:05:32.923587 <... write resumed> ) = 1
17589 14:05:32.923594 write(4, "\1\0\0\0", 4) = 4
17589 14:05:32.923604 read(4,  <unfinished ...>
17591 14:05:32.923611 read(5, "\1\0\0\0", 4) = 4
17591 14:05:32.923623 write(5, "\r", 1 <unfinished ...>
17589 14:05:32.923630 <... read resumed> "\r", 1) = 1
17591 14:05:32.923634 <... write resumed> ) = 1
17589 14:05:32.923641 select(6, [5], NULL, NULL, {60, 0}) = 1 (in [5], left {60, 0})
17589 14:05:32.923658 accept(5, {sa_family=AF_INET, sin_port=htons(46352), sin_addr=inet_addr("127.0.0.1")}, [16]) = 6
17589 14:05:32.923680 write(4, "\1", 1) = 1
17589 14:05:32.923692 sendmsg(4, {msg_name(0)=NULL, msg_iov(1)=[{"\0", 1}], msg_controllen=16, {cmsg_len=16, cmsg_level=SOL_SOCKET, cmsg_type=SCM_RIGHTS, {6}}, msg_flags=0}, 0) = 1
17589 14:05:32.923709 close(6)          = 0
17589 14:05:32.923719 read(4,  <unfinished ...>
17591 14:05:32.923725 read(5, "\1", 1)  = 1
17591 14:05:32.923738 recvmsg(5, {msg_name(0)=NULL, msg_iov(1)=[{"\0", 1}], msg_controllen=16, {cmsg_len=16, cmsg_level=SOL_SOCKET, cmsg_type=SCM_RIGHTS, {6}}, msg_flags=0}, 0) = 1
17591 14:05:32.923757 setsockopt(6, SOL_SOCKET, SO_KEEPALIVE, [1], 4) = 0
17591 14:05:32.923769 setsockopt(6, SOL_IP, IP_TOS, [8], 4) = 0
17591 14:05:32.923781 setsockopt(6, SOL_SOCKET, SO_LINGER, {onoff=1, linger=32767}, 8) = 0
17591 14:05:32.923792 rt_sigaction(SIGALRM, {0x805cad0, ~[RTMIN RT_1], 0}, NULL, 8) = 0
17591 14:05:32.923805 alarm(300)        = 300
17591 14:05:32.923819 write(0, "150 Opening BINARY mode data connection for myfile6 (17 bytes).\r\n", 65) = 65
17591 14:05:32.923859 _llseek(4, 0, [0], SEEK_CUR) = 0
17591 14:05:32.923872 fstat64(4, {st_mode=S_IFREG|0644, st_size=17, ...}) = 0
17591 14:05:32.923889 _llseek(4, 0, [0], SEEK_SET) = 0
17591 14:05:32.923899 sendfile(6, 4, NULL, 17) = 17
17591 14:05:32.923929 rt_sigaction(SIGALRM, {0x805cad0, ~[RTMIN RT_1], 0}, NULL, 8) = 0
17591 14:05:32.923943 alarm(300)        = 300
17591 14:05:32.923953 close(6)          = 0
17591 14:05:32.924024 alarm(0)          = 300
17591 14:05:32.924035 gettimeofday({1495649132, 924039}, NULL) = 0
17591 14:05:32.924051 gettimeofday({1495649132, 924055}, NULL) = 0
17591 14:05:32.924066 fcntl64(3, F_SETLKW64, {type=F_WRLCK, whence=SEEK_SET, start=0, len=0}, 0xbf9d5384) = 0
17591 14:05:32.924081 write(3, "Wed May 24 14:05:32 2017 [pid 17591] [msfadmin] OK DOWNLOAD: Client \"127.0.0.1\", \"/home/msfadmin/myfile6\", 17 bytes, 26.61Kbyte/sec\n", 132) = 132
17591 14:05:32.924102 fcntl64(3, F_SETLK64, {type=F_UNLCK, whence=SEEK_SET, start=0, len=0}, 0xbf9d538c) = 0
17591 14:05:32.924116 write(0, "226 Transfer complete.\r\n", 24) = 24
17591 14:05:32.924180 write(5, "\n", 1 <unfinished ...>
17589 14:05:32.924190 <... read resumed> "\n", 1) = 1
17591 14:05:32.924195 <... write resumed> ) = 1
17589 14:05:32.924201 close(5)          = 0
17589 14:05:32.924213 write(4, "\1", 1) = 1
17589 14:05:32.924224 read(4,  <unfinished ...>
17591 14:05:32.924231 read(5, "\1", 1)  = 1
17591 14:05:32.924242 close(4)          = 0
17591 14:05:32.924253 rt_sigaction(SIGALRM, {0x805cad0, ~[RTMIN RT_1], 0}, NULL, 8) = 0
17591 14:05:32.924266 alarm(300)        = 0
17591 14:05:32.924277 recv(0,  <unfinished ...>
17594 14:05:33.442724 <... recv resumed> "TYPE I\r\n", 4096, MSG_PEEK) = 8
17594 14:05:33.442755 read(0, "TYPE I\r\n", 8) = 8
17594 14:05:33.442777 write(0, "200 Switching to Binary mode.\r\n", 31) = 31
17594 14:05:33.442827 rt_sigaction(SIGALRM, {0x805cad0, ~[RTMIN RT_1], 0}, NULL, 8) = 0
17594 14:05:33.442844 alarm(300)        = 299
17594 14:05:33.442857 recv(0, "PASV\r\n", 4096, MSG_PEEK) = 6
17594 14:05:33.442907 read(0, "PASV\r\n", 6) = 6
17594 14:05:33.442937 write(5, "\n", 1) = 1
17594 14:05:33.442950 read(5,  <unfinished ...>
17592 14:05:33.442959 <... read resumed> "\n", 1) = 1
17592 14:05:33.442969 write(4, "\1", 1) = 1
17594 14:05:33.442979 <... read resumed> "\1", 1) = 1
17594 14:05:33.442986 write(5, "\f", 1) = 1
17594 14:05:33.442996 read(5,  <unfinished ...>
17592 14:05:33.443003 read(4, "\f", 1)  = 1
17592 14:05:33.443015 socket(PF_INET, SOCK_STREAM, IPPROTO_TCP) = 5
17592 14:05:33.443040 setsockopt(5, SOL_SOCKET, SO_REUSEADDR, [1], 4) = 0
17592 14:05:33.443055 bind(5, {sa_family=AF_INET, sin_port=htons(41845), sin_addr=inet_addr("127.0.0.1")}, 16) = 0
17592 14:05:33.443072 listen(5, 1)      = 0
17592 14:05:33.443086 write(4, "u\243\0\0", 4) = 4
17594 14:05:33.443097 <... read resumed> "u\243\0\0", 4) = 4
17594 14:05:33.443109 write(0, "227 Entering Passive Mode (127,0,0,1,163,117).\r\n", 48) = 48
17594 14:05:33.443227 rt_sigaction(SIGALRM, {0x805cad0, ~[RTMIN RT_1], 0}, NULL, 8) = 0
17594 14:05:33.443244 alarm(300)        = 300
17594 14:05:33.443255 recv(0, "STOR myfile26\r\n", 4096, MSG_PEEK) = 15
17594 14:05:33.443267 read(0, "STOR myfile26\r\n", 15) = 15
17594 14:05:33.443281 write(5, "\v", 1) = 1
17594 14:05:33.443292 read(5,  <unfinished ...>
17592 14:05:33.443299 read(4, "\v", 1)  = 1
17592 14:05:33.443310 write(4, "\1\0\0\0", 4) = 4
17594 14:05:33.443321 <... read resumed> "\1\0\0\0", 4) = 4
17594 14:05:33.443329 gettimeofday({1495649133, 443332}, NULL) = 0
17594 14:05:33.443340 getcwd("/home/msfadmin", 4096) = 15
17594 14:05:33.443353 open("myfile26", O_WRONLY|O_CREAT|O_NONBLOCK|O_LARGEFILE, 0666) = 4
17594 14:05:33.443367 fstat64(4, {st_mode=S_IFREG|0644, st_size=17, ...}) = 0
17594 14:05:33.443385 fcntl64(4, F_GETFL) = 0x8801 (flags O_WRONLY|O_NONBLOCK|O_LARGEFILE)
17594 14:05:33.443397 fcntl64(4, F_SETFL, O_WRONLY|O_LARGEFILE) = 0
17594 14:05:33.443407 fcntl64(4, F_SETLKW64, {type=F_WRLCK, whence=SEEK_SET, start=0, len=0}, 0xbfcea6d4) = 0
17594 14:05:33.443422 ftruncate64(4, 0) = 0
17594 14:05:33.443441 _llseek(4, 0, [0], SEEK_SET) = 0
17594 14:05:33.443452 write(5, "\v", 1) = 1
17594 14:05:33.443463 read(5,  <unfinished ...>
17592 14:05:33.443470 read(4, "\v", 1)  = 1
17592 14:05:33.443481 write(4, "\1\0\0\0", 4) = 4
17594 14:05:33.443491 <... read resumed> "\1\0\0\0", 4) = 4
17594 14:05:33.443499 write(5, "\v", 1) = 1
17594 14:05:33.443508 read(5,  <unfinished ...>
17592 14:05:33.443515 read(4, "\v", 1)  = 1
17592 14:05:33.443526 write(4, "\1\0\0\0", 4) = 4
17594 14:05:33.443536 <... read resumed> "\1\0\0\0", 4) = 4
17594 14:05:33.443543 write(5, "\r", 1) = 1
17594 14:05:33.443553 read(5,  <unfinished ...>
17592 14:05:33.443560 read(4, "\r", 1)  = 1
17592 14:05:33.443571 select(6, [5], NULL, NULL, {60, 0}) = 1 (in [5], left {60, 0})
17592 14:05:33.443588 accept(5, {sa_family=AF_INET, sin_port=htons(41603), sin_addr=inet_addr("127.0.0.1")}, [16]) = 6
17592 14:05:33.443610 write(4, "\1", 1) = 1
17594 14:05:33.443621 <... read resumed> "\1", 1) = 1
17594 14:05:33.443629 recvmsg(5,  <unfinished ...>
17592 14:05:33.443637 sendmsg(4, {msg_name(0)=NULL, msg_iov(1)=[{"\0", 1}], msg_controllen=16, {cmsg_len=16, cmsg_level=SOL_SOCKET, cmsg_type=SCM_RIGHTS, {6}}, msg_flags=0}, 0) = 1
17594 14:05:33.443655 <... recvmsg resumed> {msg_name(0)=NULL, msg_iov(1)=[{"\0", 1}], msg_controllen=16, {cmsg_len=16, cmsg_level=SOL_SOCKET, cmsg_type=SCM_RIGHTS, {6}}, msg_flags=0}, 0) = 1
17594 14:05:33.443668 setsockopt(6, SOL_SOCKET, SO_KEEPALIVE, [1], 4) = 0
17594 14:05:33.443680 setsockopt(6, SOL_IP, IP_TOS, [8], 4) = 0
17594 14:05:33.443692 setsockopt(6, SOL_SOCKET, SO_LINGER, {onoff=1, linger=32767}, 8) = 0
17594 14:05:33.443704 rt_sigaction(SIGALRM, {0x805cad0, ~[RTMIN RT_1], 0}, NULL, 8) = 0
17594 14:05:33.443717 alarm(300)        = 300
17594 14:05:33.443729 write(0, "150 Ok to send data.\r\n", 22) = 22
17594 14:05:33.443794 read(6, "assasaaa\na\na\na\na\n", 65536) = 17
17594 14:05:33.443809 write(4, "assasaaa\na\na\na\na\n", 17) = 17
17594 14:05:33.443825 read(6, "", 65536) = 0
17594 14:05:33.443836 rt_sigaction(SIGALRM, {0x805cad0, ~[RTMIN RT_1], 0}, NULL, 8) = 0
17594 14:05:33.443987 alarm(300)        = 300
17594 14:05:33.444003 close(6)          = 0
17594 14:05:33.444026 alarm(0)          = 300
17594 14:05:33.444039 gettimeofday({1495649133, 444044}, NULL) = 0
17594 14:05:33.444060 gettimeofday({1495649133, 444065}, NULL) = 0
17594 14:05:33.444079 fcntl64(3, F_SETLKW64, {type=F_WRLCK, whence=SEEK_SET, start=0, len=0}, 0xbfcea674) = 0
17594 14:05:33.444101 write(3, "Wed May 24 14:05:33 2017 [pid 17594] [msfadmin] OK UPLOAD: Client \"127.0.0.1\", \"/home/msfadmin/myfile26\", 17 bytes, 22.65Kbyte/sec\n", 131) = 131
17594 14:05:33.444143 fcntl64(3, F_SETLK64, {type=F_UNLCK, whence=SEEK_SET, start=0, len=0}, 0xbfcea67c) = 0
17594 14:05:33.444169 write(0, "226 Transfer complete.\r\n", 24) = 24
17594 14:05:33.444233 write(5, "\n", 1) = 1
17594 14:05:33.444254 read(5,  <unfinished ...>
17592 14:05:33.444266 close(6)          = 0
17592 14:05:33.444296 read(4, "\n", 1)  = 1
17592 14:05:33.444317 close(5)          = 0
17592 14:05:33.444336 write(4, "\1", 1) = 1
17594 14:05:33.444354 <... read resumed> "\1", 1) = 1
17594 14:05:33.444364 close(4)          = 0
17594 14:05:33.444376 rt_sigaction(SIGALRM, {0x805cad0, ~[RTMIN RT_1], 0}, NULL, 8) = 0
17594 14:05:33.444389 alarm(300)        = 0
17594 14:05:33.444400 recv(0,  <unfinished ...>
17592 14:05:33.444408 read(4,  <unfinished ...>
17591 14:05:33.462679 <... recv resumed> "USER msfadmin\r\n", 4096, MSG_PEEK) = 15
17591 14:05:33.462718 read(0, "USER msfadmin\r\n", 15) = 15
17591 14:05:33.462780 write(0, "331 Any password will do.\r\n", 27) = 27
17591 14:05:33.462841 rt_sigaction(SIGALRM, {0x805cad0, ~[RTMIN RT_1], 0}, NULL, 8) = 0
17591 14:05:33.462858 alarm(300)        = 299
17591 14:05:33.462871 recv(0, "PASS msfadmin\r\n", 4096, MSG_PEEK) = 15
17591 14:05:33.462883 read(0, "PASS msfadmin\r\n", 15) = 15
17591 14:05:33.462899 write(0, "230 Already logged in.\r\n", 24) = 24
17591 14:05:33.462962 rt_sigaction(SIGALRM, {0x805cad0, ~[RTMIN RT_1], 0}, NULL, 8) = 0
17591 14:05:33.462977 alarm(300)        = 300
17591 14:05:33.462989 recv(0, "TYPE I\r\n", 4096, MSG_PEEK) = 8
17591 14:05:33.463000 read(0, "TYPE I\r\n", 8) = 8
17591 14:05:33.463014 write(0, "200 Switching to Binary mode.\r\n", 31) = 31
17591 14:05:33.463050 rt_sigaction(SIGALRM, {0x805cad0, ~[RTMIN RT_1], 0}, NULL, 8) = 0
17591 14:05:33.463064 alarm(300)        = 300
17591 14:05:33.463075 recv(0, "PASV\r\n", 4096, MSG_PEEK) = 6
17591 14:05:33.463086 read(0, "PASV\r\n", 6) = 6
17591 14:05:33.463098 write(5, "\n", 1 <unfinished ...>
17589 14:05:33.463109 <... read resumed> "\n", 1) = 1
17591 14:05:33.463115 <... write resumed> ) = 1
17589 14:05:33.463122 write(4, "\1", 1) = 1
17589 14:05:33.463133 read(4,  <unfinished ...>
17591 14:05:33.463140 read(5, "\1", 1)  = 1
17591 14:05:33.463152 write(5, "\f", 1 <unfinished ...>
17589 14:05:33.463159 <... read resumed> "\f", 1) = 1
17591 14:05:33.463164 <... write resumed> ) = 1
17589 14:05:33.463171 socket(PF_INET, SOCK_STREAM, IPPROTO_TCP) = 5
17589 14:05:33.463186 setsockopt(5, SOL_SOCKET, SO_REUSEADDR, [1], 4) = 0
17589 14:05:33.463201 bind(5, {sa_family=AF_INET, sin_port=htons(57842), sin_addr=inet_addr("127.0.0.1")}, 16) = 0
17589 14:05:33.463218 listen(5, 1)      = 0
17589 14:05:33.463231 write(4, "\362\341\0\0", 4) = 4
17589 14:05:33.463242 read(4,  <unfinished ...>
17591 14:05:33.463249 read(5, "\362\341\0\0", 4) = 4
17591 14:05:33.463265 write(0, "227 Entering Passive Mode (127,0,0,1,225,242).\r\n", 48) = 48
17591 14:05:33.463377 rt_sigaction(SIGALRM, {0x805cad0, ~[RTMIN RT_1], 0}, NULL, 8) = 0
17591 14:05:33.463394 alarm(300)        = 300
17591 14:05:33.463405 recv(0, "RETR myfile7\r\n", 4096, MSG_PEEK) = 14
17591 14:05:33.463417 read(0, "RETR myfile7\r\n", 14) = 14
17591 14:05:33.463430 write(5, "\v", 1 <unfinished ...>
17589 14:05:33.463438 <... read resumed> "\v", 1) = 1
17591 14:05:33.463443 <... write resumed> ) = 1
17589 14:05:33.463450 write(4, "\1\0\0\0", 4) = 4
17589 14:05:33.463460 read(4,  <unfinished ...>
17591 14:05:33.463467 read(5, "\1\0\0\0", 4) = 4
17591 14:05:33.463479 gettimeofday({1495649133, 463483}, NULL) = 0
17591 14:05:33.463490 getcwd("/home/msfadmin", 4096) = 15
17591 14:05:33.463503 open("myfile7", O_RDONLY|O_NONBLOCK|O_LARGEFILE) = 4
17591 14:05:33.463516 fcntl64(4, F_SETLKW64, {type=F_RDLCK, whence=SEEK_SET, start=0, len=0}, 0xbf9d53e4) = 0
17591 14:05:33.463531 fstat64(4, {st_mode=S_IFREG|0644, st_size=17, ...}) = 0
17591 14:05:33.463549 fcntl64(4, F_GETFL) = 0x8800 (flags O_RDONLY|O_NONBLOCK|O_LARGEFILE)
17591 14:05:33.463566 fcntl64(4, F_SETFL, O_RDONLY|O_LARGEFILE) = 0
17591 14:05:33.463578 write(5, "\v", 1 <unfinished ...>
17589 14:05:33.463586 <... read resumed> "\v", 1) = 1
17591 14:05:33.463591 <... write resumed> ) = 1
17589 14:05:33.463597 write(4, "\1\0\0\0", 4) = 4
17589 14:05:33.463608 read(4,  <unfinished ...>
17591 14:05:33.463614 read(5, "\1\0\0\0", 4) = 4
17591 14:05:33.463626 write(5, "\v", 1 <unfinished ...>
17589 14:05:33.463633 <... read resumed> "\v", 1) = 1
17591 14:05:33.463637 <... write resumed> ) = 1
17589 14:05:33.463643 write(4, "\1\0\0\0", 4) = 4
17589 14:05:33.463654 read(4,  <unfinished ...>
17591 14:05:33.463660 read(5, "\1\0\0\0", 4) = 4
17591 14:05:33.463671 write(5, "\r", 1 <unfinished ...>
17589 14:05:33.463678 <... read resumed> "\r", 1) = 1
17591 14:05:33.463683 <... write resumed> ) = 1
17589 14:05:33.463690 select(6, [5], NULL, NULL, {60, 0}) = 1 (in [5], left {60, 0})
17589 14:05:33.463706 accept(5, {sa_family=AF_INET, sin_port=htons(36805), sin_addr=inet_addr("127.0.0.1")}, [16]) = 6
17589 14:05:33.463756 write(4, "\1", 1) = 1
17589 14:05:33.463780 sendmsg(4, {msg_name(0)=NULL, msg_iov(1)=[{"\0", 1}], msg_controllen=16, {cmsg_len=16, cmsg_level=SOL_SOCKET, cmsg_type=SCM_RIGHTS, {6}}, msg_flags=0}, 0) = 1
17589 14:05:33.463797 close(6)          = 0
17589 14:05:33.463807 read(4,  <unfinished ...>
17591 14:05:33.463814 read(5, "\1", 1)  = 1
17591 14:05:33.463827 recvmsg(5, {msg_name(0)=NULL, msg_iov(1)=[{"\0", 1}], msg_controllen=16, {cmsg_len=16, cmsg_level=SOL_SOCKET, cmsg_type=SCM_RIGHTS, {6}}, msg_flags=0}, 0) = 1
17591 14:05:33.463845 setsockopt(6, SOL_SOCKET, SO_KEEPALIVE, [1], 4) = 0
17591 14:05:33.463858 setsockopt(6, SOL_IP, IP_TOS, [8], 4) = 0
17591 14:05:33.463870 setsockopt(6, SOL_SOCKET, SO_LINGER, {onoff=1, linger=32767}, 8) = 0
17591 14:05:33.463881 rt_sigaction(SIGALRM, {0x805cad0, ~[RTMIN RT_1], 0}, NULL, 8) = 0
17591 14:05:33.463894 alarm(300)        = 300
17591 14:05:33.463908 write(0, "150 Opening BINARY mode data connection for myfile7 (17 bytes).\r\n", 65) = 65
17591 14:05:33.463950 _llseek(4, 0, [0], SEEK_CUR) = 0
17591 14:05:33.463962 fstat64(4, {st_mode=S_IFREG|0644, st_size=17, ...}) = 0
17591 14:05:33.463980 _llseek(4, 0, [0], SEEK_SET) = 0
17591 14:05:33.463990 sendfile(6, 4, NULL, 17) = 17
17591 14:05:33.464020 rt_sigaction(SIGALRM, {0x805cad0, ~[RTMIN RT_1], 0}, NULL, 8) = 0
17591 14:05:33.464035 alarm(300)        = 300
17591 14:05:33.464044 close(6)          = 0
17591 14:05:33.464080 alarm(0)          = 300
17591 14:05:33.464091 gettimeofday({1495649133, 464094}, NULL) = 0
17591 14:05:33.464106 gettimeofday({1495649133, 464110}, NULL) = 0
17591 14:05:33.464121 fcntl64(3, F_SETLKW64, {type=F_WRLCK, whence=SEEK_SET, start=0, len=0}, 0xbf9d5384) = 0
17591 14:05:33.464135 write(3, "Wed May 24 14:05:33 2017 [pid 17591] [msfadmin] OK DOWNLOAD: Client \"127.0.0.1\", \"/home/msfadmin/myfile7\", 17 bytes, 26.48Kbyte/sec\n", 132) = 132
17591 14:05:33.464156 fcntl64(3, F_SETLK64, {type=F_UNLCK, whence=SEEK_SET, start=0, len=0}, 0xbf9d538c) = 0
17591 14:05:33.464171 write(0, "226 Transfer complete.\r\n", 24) = 24
17591 14:05:33.464234 write(5, "\n", 1 <unfinished ...>
17589 14:05:33.464245 <... read resumed> "\n", 1) = 1
17591 14:05:33.464250 <... write resumed> ) = 1
17589 14:05:33.464256 close(5)          = 0
17589 14:05:33.464268 write(4, "\1", 1) = 1
17589 14:05:33.464278 read(4,  <unfinished ...>
17591 14:05:33.464285 read(5, "\1", 1)  = 1
17591 14:05:33.464296 close(4)          = 0
17591 14:05:33.464307 rt_sigaction(SIGALRM, {0x805cad0, ~[RTMIN RT_1], 0}, NULL, 8) = 0
17591 14:05:33.464321 alarm(300)        = 0
17591 14:05:33.464332 recv(0,  <unfinished ...>
17594 14:05:33.972770 <... recv resumed> "TYPE I\r\n", 4096, MSG_PEEK) = 8
17594 14:05:33.972800 read(0, "TYPE I\r\n", 8) = 8
17594 14:05:33.972822 write(0, "200 Switching to Binary mode.\r\n", 31) = 31
17594 14:05:33.972894 rt_sigaction(SIGALRM, {0x805cad0, ~[RTMIN RT_1], 0}, NULL, 8) = 0
17594 14:05:33.972912 alarm(300)        = 299
17594 14:05:33.972924 recv(0, "PASV\r\n", 4096, MSG_PEEK) = 6
17594 14:05:33.972944 read(0, "PASV\r\n", 6) = 6
17594 14:05:33.972956 write(5, "\n", 1) = 1
17594 14:05:33.972969 read(5,  <unfinished ...>
17592 14:05:33.972978 <... read resumed> "\n", 1) = 1
17592 14:05:33.973020 write(4, "\1", 1) = 1
17594 14:05:33.973033 <... read resumed> "\1", 1) = 1
17594 14:05:33.973041 write(5, "\f", 1) = 1
17594 14:05:33.973061 read(5,  <unfinished ...>
17592 14:05:33.973068 read(4, "\f", 1)  = 1
17592 14:05:33.973080 socket(PF_INET, SOCK_STREAM, IPPROTO_TCP) = 5
17592 14:05:33.973096 setsockopt(5, SOL_SOCKET, SO_REUSEADDR, [1], 4) = 0
17592 14:05:33.973110 bind(5, {sa_family=AF_INET, sin_port=htons(33609), sin_addr=inet_addr("127.0.0.1")}, 16) = 0
17592 14:05:33.973127 listen(5, 1)      = 0
17592 14:05:33.973141 write(4, "I\203\0\0", 4) = 4
17594 14:05:33.973152 <... read resumed> "I\203\0\0", 4) = 4
17594 14:05:33.973164 write(0, "227 Entering Passive Mode (127,0,0,1,131,73).\r\n", 47) = 47
17594 14:05:33.973301 rt_sigaction(SIGALRM, {0x805cad0, ~[RTMIN RT_1], 0}, NULL, 8) = 0
17594 14:05:33.973318 alarm(300)        = 300
17594 14:05:33.973329 recv(0, "STOR myfile27\r\n", 4096, MSG_PEEK) = 15
17594 14:05:33.973342 read(0, "STOR myfile27\r\n", 15) = 15
17594 14:05:33.973355 write(5, "\v", 1) = 1
17594 14:05:33.973366 read(5,  <unfinished ...>
17592 14:05:33.973387 read(4, "\v", 1)  = 1
17592 14:05:33.973409 write(4, "\1\0\0\0", 4) = 4
17594 14:05:33.973419 <... read resumed> "\1\0\0\0", 4) = 4
17594 14:05:33.973427 gettimeofday({1495649133, 973446}, NULL) = 0
17594 14:05:33.973463 getcwd("/home/msfadmin", 4096) = 15
17594 14:05:33.973486 open("myfile27", O_WRONLY|O_CREAT|O_NONBLOCK|O_LARGEFILE, 0666) = 4
17594 14:05:33.973518 fstat64(4, {st_mode=S_IFREG|0644, st_size=17, ...}) = 0
17594 14:05:33.973537 fcntl64(4, F_GETFL) = 0x8801 (flags O_WRONLY|O_NONBLOCK|O_LARGEFILE)
17594 14:05:33.973577 fcntl64(4, F_SETFL, O_WRONLY|O_LARGEFILE) = 0
17594 14:05:33.973587 fcntl64(4, F_SETLKW64, {type=F_WRLCK, whence=SEEK_SET, start=0, len=0}, 0xbfcea6d4) = 0
17594 14:05:33.973610 ftruncate64(4, 0) = 0
17594 14:05:33.973641 _llseek(4, 0, [0], SEEK_SET) = 0
17594 14:05:33.973655 write(5, "\v", 1) = 1
17594 14:05:33.973668 read(5,  <unfinished ...>
17592 14:05:33.973676 read(4, "\v", 1)  = 1
17592 14:05:33.973687 write(4, "\1\0\0\0", 4) = 4
17594 14:05:33.973698 <... read resumed> "\1\0\0\0", 4) = 4
17594 14:05:33.973705 write(5, "\v", 1) = 1
17594 14:05:33.973715 read(5,  <unfinished ...>
17592 14:05:33.973722 read(4, "\v", 1)  = 1
17592 14:05:33.973733 write(4, "\1\0\0\0", 4) = 4
17594 14:05:33.973743 <... read resumed> "\1\0\0\0", 4) = 4
17594 14:05:33.973751 write(5, "\r", 1) = 1
17594 14:05:33.973760 read(5,  <unfinished ...>
17592 14:05:33.973767 read(4, "\r", 1)  = 1
17592 14:05:33.973779 select(6, [5], NULL, NULL, {60, 0}) = 1 (in [5], left {60, 0})
17592 14:05:33.973796 accept(5, {sa_family=AF_INET, sin_port=htons(55652), sin_addr=inet_addr("127.0.0.1")}, [16]) = 6
17592 14:05:33.973818 write(4, "\1", 1) = 1
17594 14:05:33.973829 <... read resumed> "\1", 1) = 1
17594 14:05:33.973837 recvmsg(5,  <unfinished ...>
17592 14:05:33.973846 sendmsg(4, {msg_name(0)=NULL, msg_iov(1)=[{"\0", 1}], msg_controllen=16, {cmsg_len=16, cmsg_level=SOL_SOCKET, cmsg_type=SCM_RIGHTS, {6}}, msg_flags=0}, 0) = 1
17594 14:05:33.973863 <... recvmsg resumed> {msg_name(0)=NULL, msg_iov(1)=[{"\0", 1}], msg_controllen=16, {cmsg_len=16, cmsg_level=SOL_SOCKET, cmsg_type=SCM_RIGHTS, {6}}, msg_flags=0}, 0) = 1
17594 14:05:33.973876 setsockopt(6, SOL_SOCKET, SO_KEEPALIVE, [1], 4) = 0
17594 14:05:33.973889 setsockopt(6, SOL_IP, IP_TOS, [8], 4) = 0
17594 14:05:33.973901 setsockopt(6, SOL_SOCKET, SO_LINGER, {onoff=1, linger=32767}, 8) = 0
17594 14:05:33.973912 rt_sigaction(SIGALRM, {0x805cad0, ~[RTMIN RT_1], 0}, NULL, 8) = 0
17594 14:05:33.973925 alarm(300)        = 300
17594 14:05:33.973938 write(0, "150 Ok to send data.\r\n", 22) = 22
17594 14:05:33.974059 read(6, "assasaaa\na\na\na\na\n", 65536) = 17
17594 14:05:33.974075 write(4, "assasaaa\na\na\na\na\n", 17) = 17
17594 14:05:33.974091 read(6, "", 65536) = 0
17594 14:05:33.974101 rt_sigaction(SIGALRM, {0x805cad0, ~[RTMIN RT_1], 0}, NULL, 8) = 0
17594 14:05:33.974118 alarm(300)        = 300
17594 14:05:33.974128 close(6)          = 0
17594 14:05:33.974138 alarm(0)          = 300
17594 14:05:33.974147 gettimeofday({1495649133, 974151}, NULL) = 0
17594 14:05:33.974163 gettimeofday({1495649133, 974167}, NULL) = 0
17594 14:05:33.974178 fcntl64(3, F_SETLKW64, {type=F_WRLCK, whence=SEEK_SET, start=0, len=0}, 0xbfcea674) = 0
17594 14:05:33.974193 write(3, "Wed May 24 14:05:33 2017 [pid 17594] [msfadmin] OK UPLOAD: Client \"127.0.0.1\", \"/home/msfadmin/myfile27\", 17 bytes, 23.03Kbyte/sec\n", 131) = 131
17594 14:05:33.974214 fcntl64(3, F_SETLK64, {type=F_UNLCK, whence=SEEK_SET, start=0, len=0}, 0xbfcea67c) = 0
17594 14:05:33.974228 write(0, "226 Transfer complete.\r\n", 24) = 24
17594 14:05:33.974272 write(5, "\n", 1) = 1
17594 14:05:33.974284 read(5,  <unfinished ...>
17592 14:05:33.974291 close(6)          = 0
17592 14:05:33.974309 read(4, "\n", 1)  = 1
17592 14:05:33.974321 close(5)          = 0
17592 14:05:33.974332 write(4, "\1", 1) = 1
17594 14:05:33.974343 <... read resumed> "\1", 1) = 1
17594 14:05:33.974350 close(4)          = 0
17594 14:05:33.974361 rt_sigaction(SIGALRM, {0x805cad0, ~[RTMIN RT_1], 0}, NULL, 8) = 0
17594 14:05:33.974374 alarm(300)        = 0
17594 14:05:33.974385 recv(0,  <unfinished ...>
17592 14:05:33.974393 read(4,  <unfinished ...>
17591 14:05:34.052728 <... recv resumed> "USER msfadmin\r\n", 4096, MSG_PEEK) = 15
17591 14:05:34.052768 read(0, "USER msfadmin\r\n", 15) = 15
17591 14:05:34.052794 write(0, "331 Any password will do.\r\n", 27) = 27
17591 14:05:34.052839 rt_sigaction(SIGALRM, {0x805cad0, ~[RTMIN RT_1], 0}, NULL, 8) = 0
17591 14:05:34.052857 alarm(300)        = 299
17591 14:05:34.052870 recv(0, "PASS msfadmin\r\n", 4096, MSG_PEEK) = 15
17591 14:05:34.052882 read(0, "PASS msfadmin\r\n", 15) = 15
17591 14:05:34.052898 write(0, "230 Already logged in.\r\n", 24) = 24
17591 14:05:34.052959 rt_sigaction(SIGALRM, {0x805cad0, ~[RTMIN RT_1], 0}, NULL, 8) = 0
17591 14:05:34.052975 alarm(300)        = 300
17591 14:05:34.052986 recv(0, "TYPE I\r\n", 4096, MSG_PEEK) = 8
17591 14:05:34.053030 read(0, "TYPE I\r\n", 8) = 8
17591 14:05:34.053047 write(0, "200 Switching to Binary mode.\r\n", 31) = 31
17591 14:05:34.053095 rt_sigaction(SIGALRM, {0x805cad0, ~[RTMIN RT_1], 0}, NULL, 8) = 0
17591 14:05:34.053110 alarm(300)        = 300
17591 14:05:34.053121 recv(0, "PASV\r\n", 4096, MSG_PEEK) = 6
17591 14:05:34.053133 read(0, "PASV\r\n", 6) = 6
17591 14:05:34.053144 write(5, "\n", 1 <unfinished ...>
17589 14:05:34.053156 <... read resumed> "\n", 1) = 1
17591 14:05:34.053161 <... write resumed> ) = 1
17589 14:05:34.053169 write(4, "\1", 1) = 1
17589 14:05:34.053180 read(4,  <unfinished ...>
17591 14:05:34.053187 read(5, "\1", 1)  = 1
17591 14:05:34.053199 write(5, "\f", 1 <unfinished ...>
17589 14:05:34.053206 <... read resumed> "\f", 1) = 1
17591 14:05:34.053211 <... write resumed> ) = 1
17589 14:05:34.053218 socket(PF_INET, SOCK_STREAM, IPPROTO_TCP) = 5
17589 14:05:34.053234 setsockopt(5, SOL_SOCKET, SO_REUSEADDR, [1], 4) = 0
17589 14:05:34.053248 bind(5, {sa_family=AF_INET, sin_port=htons(12738), sin_addr=inet_addr("127.0.0.1")}, 16) = 0
17589 14:05:34.053265 listen(5, 1)      = 0
17589 14:05:34.053279 write(4, "\3021\0\0", 4) = 4
17589 14:05:34.053290 read(4,  <unfinished ...>
17591 14:05:34.053297 read(5, "\3021\0\0", 4) = 4
17591 14:05:34.053313 write(0, "227 Entering Passive Mode (127,0,0,1,49,194).\r\n", 47) = 47
17591 14:05:34.053425 rt_sigaction(SIGALRM, {0x805cad0, ~[RTMIN RT_1], 0}, NULL, 8) = 0
17591 14:05:34.053441 alarm(300)        = 300
17591 14:05:34.053453 recv(0, "RETR myfile8\r\n", 4096, MSG_PEEK) = 14
17591 14:05:34.053465 read(0, "RETR myfile8\r\n", 14) = 14
17591 14:05:34.053478 write(5, "\v", 1 <unfinished ...>
17589 14:05:34.053487 <... read resumed> "\v", 1) = 1
17591 14:05:34.053492 <... write resumed> ) = 1
17589 14:05:34.053498 write(4, "\1\0\0\0", 4) = 4
17589 14:05:34.053509 read(4,  <unfinished ...>
17591 14:05:34.053516 read(5, "\1\0\0\0", 4) = 4
17591 14:05:34.053535 gettimeofday({1495649134, 53539}, NULL) = 0
17591 14:05:34.053547 getcwd("/home/msfadmin", 4096) = 15
17591 14:05:34.053560 open("myfile8", O_RDONLY|O_NONBLOCK|O_LARGEFILE) = 4
17591 14:05:34.053575 fcntl64(4, F_SETLKW64, {type=F_RDLCK, whence=SEEK_SET, start=0, len=0}, 0xbf9d53e4) = 0
17591 14:05:34.053590 fstat64(4, {st_mode=S_IFREG|0644, st_size=17, ...}) = 0
17591 14:05:34.053608 fcntl64(4, F_GETFL) = 0x8800 (flags O_RDONLY|O_NONBLOCK|O_LARGEFILE)
17591 14:05:34.053620 fcntl64(4, F_SETFL, O_RDONLY|O_LARGEFILE) = 0
17591 14:05:34.053632 write(5, "\v", 1 <unfinished ...>
17589 14:05:34.053640 <... read resumed> "\v", 1) = 1
17591 14:05:34.053646 <... write resumed> ) = 1
17589 14:05:34.053652 write(4, "\1\0\0\0", 4) = 4
17589 14:05:34.053664 read(4,  <unfinished ...>
17591 14:05:34.053671 read(5, "\1\0\0\0", 4) = 4
17591 14:05:34.053683 write(5, "\v", 1 <unfinished ...>
17589 14:05:34.053691 <... read resumed> "\v", 1) = 1
17591 14:05:34.053696 <... write resumed> ) = 1
17589 14:05:34.053702 write(4, "\1\0\0\0", 4) = 4
17589 14:05:34.053713 read(4,  <unfinished ...>
17591 14:05:34.053719 read(5, "\1\0\0\0", 4) = 4
17591 14:05:34.053731 write(5, "\r", 1 <unfinished ...>
17589 14:05:34.053738 <... read resumed> "\r", 1) = 1
17591 14:05:34.053743 <... write resumed> ) = 1
17589 14:05:34.053750 select(6, [5], NULL, NULL, {60, 0}) = 1 (in [5], left {60, 0})
17589 14:05:34.053767 accept(5, {sa_family=AF_INET, sin_port=htons(34961), sin_addr=inet_addr("127.0.0.1")}, [16]) = 6
17589 14:05:34.053789 write(4, "\1", 1) = 1
17589 14:05:34.053802 sendmsg(4, {msg_name(0)=NULL, msg_iov(1)=[{"\0", 1}], msg_controllen=16, {cmsg_len=16, cmsg_level=SOL_SOCKET, cmsg_type=SCM_RIGHTS, {6}}, msg_flags=0}, 0) = 1
17589 14:05:34.053819 close(6)          = 0
17589 14:05:34.053829 read(4,  <unfinished ...>
17591 14:05:34.053837 read(5, "\1", 1)  = 1
17591 14:05:34.053850 recvmsg(5, {msg_name(0)=NULL, msg_iov(1)=[{"\0", 1}], msg_controllen=16, {cmsg_len=16, cmsg_level=SOL_SOCKET, cmsg_type=SCM_RIGHTS, {6}}, msg_flags=0}, 0) = 1
17591 14:05:34.053870 setsockopt(6, SOL_SOCKET, SO_KEEPALIVE, [1], 4) = 0
17591 14:05:34.053883 setsockopt(6, SOL_IP, IP_TOS, [8], 4) = 0
17591 14:05:34.053896 setsockopt(6, SOL_SOCKET, SO_LINGER, {onoff=1, linger=32767}, 8) = 0
17591 14:05:34.053907 rt_sigaction(SIGALRM, {0x805cad0, ~[RTMIN RT_1], 0}, NULL, 8) = 0
17591 14:05:34.053921 alarm(300)        = 300
17591 14:05:34.053935 write(0, "150 Opening BINARY mode data connection for myfile8 (17 bytes).\r\n", 65) = 65
17591 14:05:34.053999 _llseek(4, 0, [0], SEEK_CUR) = 0
17591 14:05:34.054022 fstat64(4, {st_mode=S_IFREG|0644, st_size=17, ...}) = 0
17591 14:05:34.054040 _llseek(4, 0, [0], SEEK_SET) = 0
17591 14:05:34.054050 sendfile(6, 4, NULL, 17) = 17
17591 14:05:34.054083 rt_sigaction(SIGALRM, {0x805cad0, ~[RTMIN RT_1], 0}, NULL, 8) = 0
17591 14:05:34.054097 alarm(300)        = 300
17591 14:05:34.054108 close(6)          = 0
17591 14:05:34.054144 alarm(0)          = 300
17591 14:05:34.054155 gettimeofday({1495649134, 54159}, NULL) = 0
17591 14:05:34.054171 gettimeofday({1495649134, 54175}, NULL) = 0
17591 14:05:34.054186 fcntl64(3, F_SETLKW64, {type=F_WRLCK, whence=SEEK_SET, start=0, len=0}, 0xbf9d5384) = 0
17591 14:05:34.054201 write(3, "Wed May 24 14:05:34 2017 [pid 17591] [msfadmin] OK DOWNLOAD: Client \"127.0.0.1\", \"/home/msfadmin/myfile8\", 17 bytes, 26.10Kbyte/sec\n", 132) = 132
17591 14:05:34.054222 fcntl64(3, F_SETLK64, {type=F_UNLCK, whence=SEEK_SET, start=0, len=0}, 0xbf9d538c) = 0
17591 14:05:34.054236 write(0, "226 Transfer complete.\r\n", 24) = 24
17591 14:05:34.054301 write(5, "\n", 1 <unfinished ...>
17589 14:05:34.054311 <... read resumed> "\n", 1) = 1
17591 14:05:34.054316 <... write resumed> ) = 1
17589 14:05:34.054322 close(5)          = 0
17589 14:05:34.054334 write(4, "\1", 1) = 1
17589 14:05:34.054345 read(4,  <unfinished ...>
17591 14:05:34.054352 read(5, "\1", 1)  = 1
17591 14:05:34.054364 close(4)          = 0
17591 14:05:34.054374 rt_sigaction(SIGALRM, {0x805cad0, ~[RTMIN RT_1], 0}, NULL, 8) = 0
17591 14:05:34.054388 alarm(300)        = 0
17591 14:05:34.054402 recv(0,  <unfinished ...>
