22435 14:55:12.504042 fstat64(6, {st_mode=S_IFREG|0644, st_size=372, ...}) = 0
22435 14:55:12.504058 mmap2(NULL, 4096, PROT_READ|PROT_WRITE, MAP_PRIVATE|MAP_ANONYMOUS, -1, 0) = 0xb7f4d000
22435 14:55:12.504068 read(6, "#\n# /etc/pam.d/common-session - session-related modules common to all services\n#\n# This file is included from other service-specific PAM config files,\n# and should contain a list of modules that define tasks to be performed\n# at the start and end of sessions of *any* kind (both interactive and\n# non-interactive).  The default is pam_unix.\n#\nsession\trequired\tpam_unix.so\n", 4096) = 372
22435 14:55:12.504106 read(6, "", 4096) = 0
22435 14:55:12.504116 close(6)          = 0
22435 14:55:12.504125 munmap(0xb7f4d000, 4096) = 0
22435 14:55:12.504135 read(5, "", 4096) = 0
22435 14:55:12.504147 close(5)          = 0
22435 14:55:12.504157 munmap(0xb7f53000, 4096) = 0
22435 14:55:12.504171 time(NULL)        = 1495652112
22435 14:55:12.504183 lstat64("/etc/ftpusers", {st_mode=S_IFREG|0644, st_size=132, ...}) = 0
22435 14:55:12.504201 open("/etc/ftpusers", O_RDONLY|O_LARGEFILE) = 5
22435 14:55:12.504213 fstat64(5, {st_mode=S_IFREG|0644, st_size=132, ...}) = 0
22435 14:55:12.504229 mmap2(NULL, 4096, PROT_READ|PROT_WRITE, MAP_PRIVATE|MAP_ANONYMOUS, -1, 0) = 0xb7f53000
22435 14:55:12.504239 read(5, "# /etc/ftpusers: list of users disallowed FTP access. See ftpusers(5).\n\nroot\ndaemon\nbin\nsys\nsync\ngames\nman\nlp\nmail\nnews\nuucp\nnobody\n", 4096) = 132
22435 14:55:12.504260 read(5, "", 4096) = 0
22435 14:55:12.504269 close(5)          = 0
22435 14:55:12.504278 munmap(0xb7f53000, 4096) = 0
22435 14:55:12.504294 getuid32()        = 0
22435 14:55:12.504312 open("/etc/passwd", O_RDONLY|0x80000 /* O_??? */) = 5
22435 14:55:12.504327 _llseek(5, 0, [0], SEEK_CUR) = 0
22435 14:55:12.504339 fstat64(5, {st_mode=S_IFREG|0644, st_size=1624, ...}) = 0
22435 14:55:12.504355 mmap2(NULL, 1624, PROT_READ, MAP_SHARED, 5, 0) = 0xb7f53000
22435 14:55:12.504366 _llseek(5, 1624, [1624], SEEK_SET) = 0
22435 14:55:12.504387 munmap(0xb7f53000, 1624) = 0
22435 14:55:12.504397 close(5)          = 0
22435 14:55:12.504425 open("/etc/shadow", O_RDONLY|0x80000 /* O_??? */) = 5
22435 14:55:12.504442 _llseek(5, 0, [0], SEEK_CUR) = 0
22435 14:55:12.504453 fstat64(5, {st_mode=S_IFREG|0640, st_size=1233, ...}) = 0
22435 14:55:12.504470 mmap2(NULL, 1233, PROT_READ, MAP_SHARED, 5, 0) = 0xb7f53000
22435 14:55:12.504480 _llseek(5, 1233, [1233], SEEK_SET) = 0
22435 14:55:12.504500 munmap(0xb7f53000, 1233) = 0
22435 14:55:12.504510 close(5)          = 0
22435 14:55:12.504529 open("/etc/passwd", O_RDONLY|0x80000 /* O_??? */) = 5
22435 14:55:12.504542 _llseek(5, 0, [0], SEEK_CUR) = 0
22435 14:55:12.504552 fstat64(5, {st_mode=S_IFREG|0644, st_size=1624, ...}) = 0
22435 14:55:12.504568 mmap2(NULL, 1624, PROT_READ, MAP_SHARED, 5, 0) = 0xb7f53000
22435 14:55:12.504578 _llseek(5, 1624, [1624], SEEK_SET) = 0
22435 14:55:12.504594 munmap(0xb7f53000, 1624) = 0
22435 14:55:12.504604 close(5)          = 0
22435 14:55:12.504616 open("/etc/shadow", O_RDONLY|0x80000 /* O_??? */) = 5
22435 14:55:12.504628 _llseek(5, 0, [0], SEEK_CUR) = 0
22435 14:55:12.504639 fstat64(5, {st_mode=S_IFREG|0640, st_size=1233, ...}) = 0
22435 14:55:12.504654 mmap2(NULL, 1233, PROT_READ, MAP_SHARED, 5, 0) = 0xb7f53000
22435 14:55:12.504665 _llseek(5, 1233, [1233], SEEK_SET) = 0
22435 14:55:12.504681 munmap(0xb7f53000, 1233) = 0
22435 14:55:12.504690 close(5)          = 0
22435 14:55:12.504937 getuid32()        = 0
22435 14:55:12.504959 open("/etc/passwd", O_RDONLY|0x80000 /* O_??? */) = 5
22435 14:55:12.504973 _llseek(5, 0, [0], SEEK_CUR) = 0
22435 14:55:12.504983 fstat64(5, {st_mode=S_IFREG|0644, st_size=1624, ...}) = 0
22435 14:55:12.504999 mmap2(NULL, 1624, PROT_READ, MAP_SHARED, 5, 0) = 0xb7f53000
22435 14:55:12.505010 _llseek(5, 1624, [1624], SEEK_SET) = 0
22435 14:55:12.505026 munmap(0xb7f53000, 1624) = 0
22435 14:55:12.505035 close(5)          = 0
22435 14:55:12.505048 open("/etc/shadow", O_RDONLY|0x80000 /* O_??? */) = 5
22435 14:55:12.505061 _llseek(5, 0, [0], SEEK_CUR) = 0
22435 14:55:12.505071 fstat64(5, {st_mode=S_IFREG|0640, st_size=1233, ...}) = 0
22435 14:55:12.505087 mmap2(NULL, 1233, PROT_READ, MAP_SHARED, 5, 0) = 0xb7f53000
22435 14:55:12.505097 _llseek(5, 1233, [1233], SEEK_SET) = 0
22435 14:55:12.505113 munmap(0xb7f53000, 1233) = 0
22435 14:55:12.505123 close(5)          = 0
22435 14:55:12.505134 time(NULL)        = 1495652112
22435 14:55:12.505149 munmap(0xb7f50000, 12164) = 0
22435 14:55:12.505162 munmap(0xb7f4e000, 7136) = 0
22435 14:55:12.505176 munmap(0xb7d83000, 95428) = 0
22435 14:55:12.505187 munmap(0xb7d49000, 201052) = 0
22435 14:55:12.505198 munmap(0xb7d30000, 101180) = 0
22435 14:55:12.505216 gettimeofday({1495652112, 505220}, NULL) = 0
22435 14:55:12.505227 stat64("/usr/share/zoneinfo/UTC+04:00", 0xbfdd3744) = -1 ENOENT (No such file or directory)
22435 14:55:12.505247 open("/usr/share/zoneinfo/UTC+04:00", O_RDONLY) = -1 ENOENT (No such file or directory)
22435 14:55:12.505276 fcntl64(3, F_SETLKW64, {type=F_WRLCK, whence=SEEK_SET, start=0, len=0}, 0xbfdd3894) = 0
22435 14:55:12.505294 write(3, "Wed May 24 14:55:12 2017 [pid 22435] [msfadmin] OK LOGIN: Client \"127.0.0.1\"\n", 77) = 77
22435 14:55:12.505312 fcntl64(3, F_SETLK64, {type=F_UNLCK, whence=SEEK_SET, start=0, len=0}, 0xbfdd389c) = 0
22435 14:55:12.505326 rt_sigaction(SIGCHLD, {0x805cad0, ~[RTMIN RT_1], 0}, NULL, 8) = 0
22435 14:55:12.505341 write(4, "\1", 1 <unfinished ...>
22436 14:55:12.505354 <... read resumed> "\1", 1) = 1
22435 14:55:12.505360 <... write resumed> ) = 1
22436 14:55:12.505369 exit_group(0)     = ?
22435 14:55:12.505413 --- SIGCHLD (Child exited) @ 0 (0) ---
22435 14:55:12.505421 sigreturn()       = ? (mask now [])
22435 14:55:12.505440 wait4(-1, [{WIFEXITED(s) && WEXITSTATUS(s) == 0}], 0, NULL) = 22436
22435 14:55:12.505453 close(4)          = 0
22435 14:55:12.505466 socketpair(PF_FILE, SOCK_STREAM, 0, [4, 5]) = 0
22435 14:55:12.505481 rt_sigaction(SIGCHLD, {0x805cad0, ~[RTMIN RT_1], 0}, NULL, 8) = 0
22435 14:55:12.505494 rt_sigaction(SIGALRM, {0x805cb10, ~[RTMIN RT_1], 0}, NULL, 8) = 0
22435 14:55:12.505508 clone(child_stack=0, flags=CLONE_CHILD_CLEARTID|CLONE_CHILD_SETTID|SIGCHLD, child_tidptr=0xb7db96f8) = 22437
22437 14:55:12.505565 prctl(0x1, 0x9, 0, 0, 0) = 0
22437 14:55:12.505579 close(4)          = 0
22437 14:55:12.505607 open("/etc/passwd", O_RDONLY|0x80000 /* O_??? */) = 4
22437 14:55:12.505624 _llseek(4, 0, [0], SEEK_CUR) = 0
22437 14:55:12.505639 fstat64(4, {st_mode=S_IFREG|0644, st_size=1624, ...}) = 0
22437 14:55:12.505658 mmap2(NULL, 1624, PROT_READ, MAP_SHARED, 4, 0) = 0xb7f53000
22437 14:55:12.505669 _llseek(4, 1624, [1624], SEEK_SET) = 0
22437 14:55:12.505692 munmap(0xb7f53000, 1624) = 0
22437 14:55:12.505703 close(4)          = 0
22437 14:55:12.505716 getuid32()        = 0
22437 14:55:12.505726 open("/etc/passwd", O_RDONLY|0x80000 /* O_??? */) = 4
22437 14:55:12.505739 _llseek(4, 0, [0], SEEK_CUR) = 0
22437 14:55:12.505749 fstat64(4, {st_mode=S_IFREG|0644, st_size=1624, ...}) = 0
22437 14:55:12.505765 mmap2(NULL, 1624, PROT_READ, MAP_SHARED, 4, 0) = 0xb7f53000
22437 14:55:12.505776 _llseek(4, 1624, [1624], SEEK_SET) = 0
22437 14:55:12.505791 munmap(0xb7f53000, 1624) = 0
22437 14:55:12.505801 close(4)          = 0
22437 14:55:12.505827 open("/proc/sys/kernel/ngroups_max", O_RDONLY) = 4
22437 14:55:12.505849 read(4, "65536\n", 31) = 6
22437 14:55:12.505861 close(4)          = 0
22437 14:55:12.505876 socket(PF_FILE, SOCK_STREAM, 0) = 4
22437 14:55:12.505906 fcntl64(4, F_SETFL, O_RDWR|O_NONBLOCK) = 0
22437 14:55:12.505928 connect(4, {sa_family=AF_FILE, path="/var/run/nscd/socket"}, 110) = -1 ENOENT (No such file or directory)
22437 14:55:12.505951 close(4)          = 0
22437 14:55:12.505962 socket(PF_FILE, SOCK_STREAM, 0) = 4
22437 14:55:12.505972 fcntl64(4, F_SETFL, O_RDWR|O_NONBLOCK) = 0
22437 14:55:12.505982 connect(4, {sa_family=AF_FILE, path="/var/run/nscd/socket"}, 110) = -1 ENOENT (No such file or directory)
22437 14:55:12.506000 close(4)          = 0
22437 14:55:12.506024 open("/etc/group", O_RDONLY|0x80000 /* O_??? */) = 4
22437 14:55:12.506039 _llseek(4, 0, [0], SEEK_CUR) = 0
22437 14:55:12.506049 fstat64(4, {st_mode=S_IFREG|0644, st_size=886, ...}) = 0
22437 14:55:12.506066 mmap2(NULL, 886, PROT_READ, MAP_SHARED, 4, 0) = 0xb7f53000
22437 14:55:12.506077 _llseek(4, 886, [886], SEEK_SET) = 0
22437 14:55:12.506102 fstat64(4, {st_mode=S_IFREG|0644, st_size=886, ...}) = 0
22437 14:55:12.506119 munmap(0xb7f53000, 886) = 0
22437 14:55:12.506129 close(4)          = 0
22437 14:55:12.506139 setgroups32(13, [1000, 4, 20, 24, 25, 29, 30, 44, 46, 107, 111, 112, 119]) = 0
22437 14:55:12.506156 geteuid32()       = 0
22437 14:55:12.506167 getegid32()       = 0
22437 14:55:12.506177 setregid32(-1, 1000) = 0
22437 14:55:12.506188 setreuid32(-1, 1000) = 0
22437 14:55:12.506199 chdir("/home/msfadmin") = 0
22437 14:55:12.506211 setreuid32(-1, 0) = 0
22437 14:55:12.506224 setregid32(-1, 0) = 0
22437 14:55:12.506235 setgid32(1000)    = 0
22437 14:55:12.506244 setuid32(1000)    = 0
22437 14:55:12.506255 setrlimit(RLIMIT_NPROC, {rlim_cur=0, rlim_max=0}) = 0
22437 14:55:12.506269 mmap2(NULL, 12288, PROT_READ|PROT_WRITE, MAP_PRIVATE|MAP_ANONYMOUS, -1, 0) = 0xb7f51000
22437 14:55:12.506280 mprotect(0xb7f53000, 4096, PROT_NONE) = 0
22437 14:55:12.506291 mprotect(0xb7f51000, 4096, PROT_NONE) = 0
22437 14:55:12.506302 getcwd("/home/msfadmin", 4096) = 15
22437 14:55:12.506315 umask(022)        = 077
22437 14:55:12.506325 getcwd("/home/msfadmin", 4096) = 15
22437 14:55:12.506339 open(".message", O_RDONLY|O_NONBLOCK|O_LARGEFILE) = -1 ENOENT (No such file or directory)
22437 14:55:12.506361 write(0, "230 Login successful.\r\n", 23) = 23
22437 14:55:12.506486 rt_sigaction(SIGALRM, {0x805cad0, ~[RTMIN RT_1], 0}, NULL, 8) = 0
22437 14:55:12.506503 alarm(300)        = 0
22437 14:55:12.506515 mmap2(NULL, 12288, PROT_READ|PROT_WRITE, MAP_PRIVATE|MAP_ANONYMOUS, -1, 0) = 0xb7f4e000
22437 14:55:12.506526 mprotect(0xb7f50000, 4096, PROT_NONE) = 0
22437 14:55:12.506538 mprotect(0xb7f4e000, 4096, PROT_NONE) = 0
22437 14:55:12.506551 recv(0, "TYPE I\r\n", 4096, MSG_PEEK) = 8
22437 14:55:12.506563 read(0, "TYPE I\r\n", 8) = 8
22437 14:55:12.506580 write(0, "200 Switching to Binary mode.\r\n", 31) = 31
22437 14:55:12.506622 rt_sigaction(SIGALRM, {0x805cad0, ~[RTMIN RT_1], 0}, NULL, 8) = 0
22437 14:55:12.506636 alarm(300)        = 300
22437 14:55:12.506647 recv(0, "PASV\r\n", 4096, MSG_PEEK) = 6
22437 14:55:12.506659 read(0, "PASV\r\n", 6) = 6
22437 14:55:12.506671 write(5, "\n", 1) = 1
22437 14:55:12.506681 read(5,  <unfinished ...>
22435 14:55:12.506694 close(5)          = 0
22435 14:55:12.506706 getuid32()        = 0
22435 14:55:12.506721 open("/etc/passwd", O_RDONLY|0x80000 /* O_??? */) = 5
22435 14:55:12.506736 _llseek(5, 0, [0], SEEK_CUR) = 0
22435 14:55:12.506748 fstat64(5, {st_mode=S_IFREG|0644, st_size=1624, ...}) = 0
22435 14:55:12.506766 mmap2(NULL, 1624, PROT_READ, MAP_SHARED, 5, 0) = 0xb7f53000
22435 14:55:12.506777 _llseek(5, 1624, [1624], SEEK_SET) = 0
22435 14:55:12.506794 munmap(0xb7f53000, 1624) = 0
22435 14:55:12.506806 close(5)          = 0
22435 14:55:12.506821 setgroups32(0, []) = 0
22435 14:55:12.506832 chdir("/usr/share/empty") = 0
22435 14:55:12.506845 chroot(".")       = 0
22435 14:55:12.506878 capset(NULL, NULL) = -1 EFAULT (Bad address)
22435 14:55:12.506894 prctl(0x8, 0, 0xbfdd3878, 0x80549a6, 0xbfdd3860) = 0
22435 14:55:12.506919 prctl(0x8, 0x1, 0xbfdd3878, 0x8054a49, 0xbfdd3860) = 0
22435 14:55:12.506929 setgid32(65534)   = 0
22435 14:55:12.506939 setuid32(65534)   = 0
22435 14:55:12.506949 capset(0x19980330, 0, {CAP_NET_BIND_SERVICE, CAP_NET_BIND_SERVICE, 0}) = 0
22435 14:55:12.506961 read(4, "\n", 1)  = 1
22435 14:55:12.506975 write(4, "\1", 1) = 1
22437 14:55:12.506986 <... read resumed> "\1", 1) = 1
22437 14:55:12.506993 write(5, "\f", 1) = 1
22437 14:55:12.507003 read(5,  <unfinished ...>
22435 14:55:12.507010 read(4, "\f", 1)  = 1
22435 14:55:12.507022 socket(PF_INET, SOCK_STREAM, IPPROTO_TCP) = 5
22435 14:55:12.507036 setsockopt(5, SOL_SOCKET, SO_REUSEADDR, [1], 4) = 0
22435 14:55:12.507047 gettimeofday({1495652112, 507051}, NULL) = 0
22435 14:55:12.507063 bind(5, {sa_family=AF_INET, sin_port=htons(50762), sin_addr=inet_addr("127.0.0.1")}, 16) = 0
22435 14:55:12.507080 listen(5, 1)      = 0
22435 14:55:12.507093 write(4, "J\306\0\0", 4) = 4
22437 14:55:12.507103 <... read resumed> "J\306\0\0", 4) = 4
22437 14:55:12.507117 write(0, "227 Entering Passive Mode (127,0,0,1,198,74).\r\n", 47) = 47
22437 14:55:12.507233 rt_sigaction(SIGALRM, {0x805cad0, ~[RTMIN RT_1], 0}, NULL, 8) = 0
22437 14:55:12.507250 alarm(300)        = 300
22437 14:55:12.507262 recv(0, "STOR myfile40\r\n", 4096, MSG_PEEK) = 15
22437 14:55:12.507274 read(0, "STOR myfile40\r\n", 15) = 15
22437 14:55:12.507289 write(5, "\v", 1) = 1
22437 14:55:12.507300 read(5,  <unfinished ...>
22435 14:55:12.507307 read(4, "\v", 1)  = 1
22435 14:55:12.507318 write(4, "\1\0\0\0", 4) = 4
22437 14:55:12.507329 <... read resumed> "\1\0\0\0", 4) = 4
22437 14:55:12.507341 gettimeofday({1495652112, 507345}, NULL) = 0
22437 14:55:12.507353 getcwd("/home/msfadmin", 4096) = 15
22437 14:55:12.507365 open("myfile40", O_WRONLY|O_CREAT|O_NONBLOCK|O_LARGEFILE, 0666) = 4
22437 14:55:12.507379 fstat64(4, {st_mode=S_IFREG|0644, st_size=17, ...}) = 0
22437 14:55:12.507395 fcntl64(4, F_GETFL) = 0x8801 (flags O_WRONLY|O_NONBLOCK|O_LARGEFILE)
22437 14:55:12.507406 fcntl64(4, F_SETFL, O_WRONLY|O_LARGEFILE) = 0
22437 14:55:12.507416 fcntl64(4, F_SETLKW64, {type=F_WRLCK, whence=SEEK_SET, start=0, len=0}, 0xbfdd37c4) = 0
22437 14:55:12.507430 ftruncate64(4, 0) = 0
22437 14:55:12.507449 _llseek(4, 0, [0], SEEK_SET) = 0
22437 14:55:12.507460 write(5, "\v", 1) = 1
22437 14:55:12.507470 read(5,  <unfinished ...>
22435 14:55:12.507477 read(4, "\v", 1)  = 1
22435 14:55:12.507488 write(4, "\1\0\0\0", 4) = 4
22437 14:55:12.507498 <... read resumed> "\1\0\0\0", 4) = 4
22437 14:55:12.507506 write(5, "\v", 1) = 1
22437 14:55:12.507515 read(5,  <unfinished ...>
22435 14:55:12.507522 read(4, "\v", 1)  = 1
22435 14:55:12.507532 write(4, "\1\0\0\0", 4) = 4
22437 14:55:12.507542 <... read resumed> "\1\0\0\0", 4) = 4
22437 14:55:12.507550 write(5, "\r", 1) = 1
22437 14:55:12.507559 read(5,  <unfinished ...>
22435 14:55:12.507566 read(4, "\r", 1)  = 1
22435 14:55:12.507578 select(6, [5], NULL, NULL, {60, 0}) = 1 (in [5], left {60, 0})
22435 14:55:12.507595 accept(5, {sa_family=AF_INET, sin_port=htons(40295), sin_addr=inet_addr("127.0.0.1")}, [16]) = 6
22435 14:55:12.507617 write(4, "\1", 1) = 1
22437 14:55:12.507627 <... read resumed> "\1", 1) = 1
22437 14:55:12.507637 recvmsg(5,  <unfinished ...>
22435 14:55:12.507646 sendmsg(4, {msg_name(0)=NULL, msg_iov(1)=[{"\0", 1}], msg_controllen=16, {cmsg_len=16, cmsg_level=SOL_SOCKET, cmsg_type=SCM_RIGHTS, {6}}, msg_flags=0}, 0) = 1
22437 14:55:12.507663 <... recvmsg resumed> {msg_name(0)=NULL, msg_iov(1)=[{"\0", 1}], msg_controllen=16, {cmsg_len=16, cmsg_level=SOL_SOCKET, cmsg_type=SCM_RIGHTS, {6}}, msg_flags=0}, 0) = 1
22437 14:55:12.507675 setsockopt(6, SOL_SOCKET, SO_KEEPALIVE, [1], 4) = 0
22437 14:55:12.507688 setsockopt(6, SOL_IP, IP_TOS, [8], 4) = 0
22437 14:55:12.507699 setsockopt(6, SOL_SOCKET, SO_LINGER, {onoff=1, linger=32767}, 8) = 0
22437 14:55:12.507710 rt_sigaction(SIGALRM, {0x805cad0, ~[RTMIN RT_1], 0}, NULL, 8) = 0
22437 14:55:12.507723 alarm(300)        = 300
22437 14:55:12.507739 write(0, "150 Ok to send data.\r\n", 22) = 22
22437 14:55:12.507804 mmap2(NULL, 77824, PROT_READ|PROT_WRITE, MAP_PRIVATE|MAP_ANONYMOUS, -1, 0) = 0xb7d88000
22437 14:55:12.507835 mprotect(0xb7d9a000, 4096, PROT_NONE) = 0
22437 14:55:12.507848 mprotect(0xb7d88000, 4096, PROT_NONE) = 0
22437 14:55:12.507859 read(6, "assasaaa\na\na\na\na\n", 65536) = 17
22437 14:55:12.507882 write(4, "assasaaa\na\na\na\na\n", 17) = 17
22437 14:55:12.507913 read(6, "", 65536) = 0
22437 14:55:12.507933 rt_sigaction(SIGALRM, {0x805cad0, ~[RTMIN RT_1], 0}, NULL, 8) = 0
22437 14:55:12.507947 alarm(300)        = 300
22437 14:55:12.507956 close(6)          = 0
22437 14:55:12.507966 alarm(0)          = 300
22437 14:55:12.507975 gettimeofday({1495652112, 507979}, NULL) = 0
22437 14:55:12.507993 getpid()          = 22437
22437 14:55:12.508004 gettimeofday({1495652112, 508008}, NULL) = 0
22437 14:55:12.508032 fcntl64(3, F_SETLKW64, {type=F_WRLCK, whence=SEEK_SET, start=0, len=0}, 0xbfdd3764) = 0
22437 14:55:12.508056 write(3, "Wed May 24 14:55:12 2017 [pid 22437] [msfadmin] OK UPLOAD: Client \"127.0.0.1\", \"/home/msfadmin/myfile40\", 17 bytes, 25.04Kbyte/sec\n", 131) = 131
22437 14:55:12.508076 fcntl64(3, F_SETLK64, {type=F_UNLCK, whence=SEEK_SET, start=0, len=0}, 0xbfdd376c) = 0
22437 14:55:12.508090 write(0, "226 Transfer complete.\r\n", 24) = 24
22437 14:55:12.508138 write(5, "\n", 1) = 1
22437 14:55:12.508150 read(5,  <unfinished ...>
22435 14:55:12.508157 close(6)          = 0
22435 14:55:12.508175 read(4, "\n", 1)  = 1
22435 14:55:12.508187 close(5)          = 0
22435 14:55:12.508198 write(4, "\1", 1) = 1
22437 14:55:12.508208 <... read resumed> "\1", 1) = 1
22437 14:55:12.508219 close(4)          = 0
22437 14:55:12.508229 rt_sigaction(SIGALRM, {0x805cad0, ~[RTMIN RT_1], 0}, NULL, 8) = 0
22437 14:55:12.508243 alarm(300)        = 0
22437 14:55:12.508253 recv(0,  <unfinished ...>
22435 14:55:12.508261 read(4,  <unfinished ...>
22437 14:55:13.020720 <... recv resumed> "TYPE I\r\n", 4096, MSG_PEEK) = 8
22437 14:55:13.020750 read(0, "TYPE I\r\n", 8) = 8
22437 14:55:13.020772 write(0, "200 Switching to Binary mode.\r\n", 31) = 31
22437 14:55:13.020820 rt_sigaction(SIGALRM, {0x805cad0, ~[RTMIN RT_1], 0}, NULL, 8) = 0
22437 14:55:13.020837 alarm(300)        = 299
22437 14:55:13.020850 recv(0, "PASV\r\n", 4096, MSG_PEEK) = 6
22437 14:55:13.020861 read(0, "PASV\r\n", 6) = 6
22437 14:55:13.020873 write(5, "\n", 1) = 1
22437 14:55:13.020886 read(5,  <unfinished ...>
22435 14:55:13.020894 <... read resumed> "\n", 1) = 1
22435 14:55:13.020904 write(4, "\1", 1) = 1
22437 14:55:13.020914 <... read resumed> "\1", 1) = 1
22437 14:55:13.020921 write(5, "\f", 1) = 1
22437 14:55:13.020931 read(5,  <unfinished ...>
22435 14:55:13.020938 read(4, "\f", 1)  = 1
22435 14:55:13.020950 socket(PF_INET, SOCK_STREAM, IPPROTO_TCP) = 5
22435 14:55:13.020965 setsockopt(5, SOL_SOCKET, SO_REUSEADDR, [1], 4) = 0
22435 14:55:13.020980 bind(5, {sa_family=AF_INET, sin_port=htons(52611), sin_addr=inet_addr("127.0.0.1")}, 16) = 0
22435 14:55:13.020996 listen(5, 1)      = 0
22435 14:55:13.021010 write(4, "\203\315\0\0", 4) = 4
22437 14:55:13.021021 <... read resumed> "\203\315\0\0", 4) = 4
22437 14:55:13.021033 write(0, "227 Entering Passive Mode (127,0,0,1,205,131).\r\n", 48) = 48
22437 14:55:13.021144 rt_sigaction(SIGALRM, {0x805cad0, ~[RTMIN RT_1], 0}, NULL, 8) = 0
22437 14:55:13.021161 alarm(300)        = 300
22437 14:55:13.021172 recv(0, "STOR myfile0\r\n", 4096, MSG_PEEK) = 14
22437 14:55:13.021185 read(0, "STOR myfile0\r\n", 14) = 14
22437 14:55:13.021198 write(5, "\v", 1) = 1
22437 14:55:13.021209 read(5,  <unfinished ...>
22435 14:55:13.021216 read(4, "\v", 1)  = 1
22435 14:55:13.021227 write(4, "\1\0\0\0", 4) = 4
22437 14:55:13.021237 <... read resumed> "\1\0\0\0", 4) = 4
22437 14:55:13.021245 gettimeofday({1495652113, 21249}, NULL) = 0
22437 14:55:13.021256 getcwd("/home/msfadmin", 4096) = 15
22437 14:55:13.021269 open("myfile0", O_WRONLY|O_CREAT|O_NONBLOCK|O_LARGEFILE, 0666) = 4
22437 14:55:13.021283 fstat64(4, {st_mode=S_IFREG|0644, st_size=17, ...}) = 0
22437 14:55:13.021300 fcntl64(4, F_GETFL) = 0x8801 (flags O_WRONLY|O_NONBLOCK|O_LARGEFILE)
22437 14:55:13.021311 fcntl64(4, F_SETFL, O_WRONLY|O_LARGEFILE) = 0
22437 14:55:13.021321 fcntl64(4, F_SETLKW64, {type=F_WRLCK, whence=SEEK_SET, start=0, len=0}, 0xbfdd37c4) = 0
22437 14:55:13.021335 ftruncate64(4, 0) = 0
22437 14:55:13.021355 _llseek(4, 0, [0], SEEK_SET) = 0
22437 14:55:13.021366 write(5, "\v", 1) = 1
22437 14:55:13.021376 read(5,  <unfinished ...>
22435 14:55:13.021383 read(4, "\v", 1)  = 1
22435 14:55:13.021416 write(4, "\1\0\0\0", 4) = 4
22437 14:55:13.021427 <... read resumed> "\1\0\0\0", 4) = 4
22437 14:55:13.021444 write(5, "\v", 1) = 1
22437 14:55:13.021454 read(5,  <unfinished ...>
22435 14:55:13.021460 read(4, "\v", 1)  = 1
22435 14:55:13.021471 write(4, "\1\0\0\0", 4) = 4
22437 14:55:13.021481 <... read resumed> "\1\0\0\0", 4) = 4
22437 14:55:13.021488 write(5, "\r", 1) = 1
22437 14:55:13.021498 read(5,  <unfinished ...>
22435 14:55:13.021505 read(4, "\r", 1)  = 1
22435 14:55:13.021516 select(6, [5], NULL, NULL, {60, 0}) = 1 (in [5], left {60, 0})
22435 14:55:13.021533 accept(5, {sa_family=AF_INET, sin_port=htons(56882), sin_addr=inet_addr("127.0.0.1")}, [16]) = 6
22435 14:55:13.021555 write(4, "\1", 1) = 1
22437 14:55:13.021565 <... read resumed> "\1", 1) = 1
22437 14:55:13.021574 recvmsg(5,  <unfinished ...>
22435 14:55:13.021582 sendmsg(4, {msg_name(0)=NULL, msg_iov(1)=[{"\0", 1}], msg_controllen=16, {cmsg_len=16, cmsg_level=SOL_SOCKET, cmsg_type=SCM_RIGHTS, {6}}, msg_flags=0}, 0) = 1
22437 14:55:13.021599 <... recvmsg resumed> {msg_name(0)=NULL, msg_iov(1)=[{"\0", 1}], msg_controllen=16, {cmsg_len=16, cmsg_level=SOL_SOCKET, cmsg_type=SCM_RIGHTS, {6}}, msg_flags=0}, 0) = 1
22437 14:55:13.021618 setsockopt(6, SOL_SOCKET, SO_KEEPALIVE, [1], 4) = 0
22437 14:55:13.021631 setsockopt(6, SOL_IP, IP_TOS, [8], 4) = 0
22437 14:55:13.021642 setsockopt(6, SOL_SOCKET, SO_LINGER, {onoff=1, linger=32767}, 8) = 0
22437 14:55:13.021654 rt_sigaction(SIGALRM, {0x805cad0, ~[RTMIN RT_1], 0}, NULL, 8) = 0
22437 14:55:13.021667 alarm(300)        = 300
22437 14:55:13.021680 write(0, "150 Ok to send data.\r\n", 22) = 22
22437 14:55:13.021747 read(6, "assasaaa\na\na\na\na\n", 65536) = 17
22437 14:55:13.021761 write(4, "assasaaa\na\na\na\na\n", 17) = 17
22437 14:55:13.021778 read(6, "", 65536) = 0
22437 14:55:13.021788 rt_sigaction(SIGALRM, {0x805cad0, ~[RTMIN RT_1], 0}, NULL, 8) = 0
22437 14:55:13.021802 alarm(300)        = 300
22437 14:55:13.021811 close(6)          = 0
22437 14:55:13.021821 alarm(0)          = 300
22437 14:55:13.021831 gettimeofday({1495652113, 21834}, NULL) = 0
22437 14:55:13.021846 gettimeofday({1495652113, 21850}, NULL) = 0
22437 14:55:13.021860 fcntl64(3, F_SETLKW64, {type=F_WRLCK, whence=SEEK_SET, start=0, len=0}, 0xbfdd3764) = 0
22437 14:55:13.021874 write(3, "Wed May 24 14:55:13 2017 [pid 22437] [msfadmin] OK UPLOAD: Client \"127.0.0.1\", \"/home/msfadmin/myfile0\", 17 bytes, 27.62Kbyte/sec\n", 130) = 130
22437 14:55:13.021896 fcntl64(3, F_SETLK64, {type=F_UNLCK, whence=SEEK_SET, start=0, len=0}, 0xbfdd376c) = 0
22437 14:55:13.021910 write(0, "226 Transfer complete.\r\n", 24) = 24
22437 14:55:13.021952 write(5, "\n", 1) = 1
22437 14:55:13.021964 read(5,  <unfinished ...>
22435 14:55:13.021971 close(6)          = 0
22435 14:55:13.021988 read(4, "\n", 1)  = 1
22435 14:55:13.022000 close(5)          = 0
22435 14:55:13.022011 write(4, "\1", 1) = 1
22437 14:55:13.022021 <... read resumed> "\1", 1) = 1
22437 14:55:13.022028 close(4)          = 0
22437 14:55:13.022038 rt_sigaction(SIGALRM, {0x805cad0, ~[RTMIN RT_1], 0}, NULL, 8) = 0
22437 14:55:13.022051 alarm(300)        = 0
22437 14:55:13.022062 recv(0,  <unfinished ...>
22435 14:55:13.022070 read(4,  <unfinished ...>
22434 14:55:13.060644 <... recv resumed> "USER msfadmin\r\n", 4096, MSG_PEEK) = 15
22434 14:55:13.060685 read(0, "USER msfadmin\r\n", 15) = 15
22434 14:55:13.060710 write(0, "331 Any password will do.\r\n", 27) = 27
22434 14:55:13.060755 rt_sigaction(SIGALRM, {0x805cad0, ~[RTMIN RT_1], 0}, NULL, 8) = 0
22434 14:55:13.060773 alarm(300)        = 299
22434 14:55:13.060786 recv(0, "PASS msfadmin\r\n", 4096, MSG_PEEK) = 15
22434 14:55:13.060808 read(0, "PASS msfadmin\r\n", 15) = 15
22434 14:55:13.060824 write(0, "230 Already logged in.\r\n", 24) = 24
22434 14:55:13.060896 rt_sigaction(SIGALRM, {0x805cad0, ~[RTMIN RT_1], 0}, NULL, 8) = 0
22434 14:55:13.060912 alarm(300)        = 300
22434 14:55:13.060923 recv(0, "TYPE I\r\n", 4096, MSG_PEEK) = 8
22434 14:55:13.060935 read(0, "TYPE I\r\n", 8) = 8
22434 14:55:13.060949 write(0, "200 Switching to Binary mode.\r\n", 31) = 31
22434 14:55:13.060984 rt_sigaction(SIGALRM, {0x805cad0, ~[RTMIN RT_1], 0}, NULL, 8) = 0
22434 14:55:13.060998 alarm(300)        = 300
22434 14:55:13.061009 recv(0, "PASV\r\n", 4096, MSG_PEEK) = 6
22434 14:55:13.061020 read(0, "PASV\r\n", 6) = 6
22434 14:55:13.061032 write(5, "\n", 1 <unfinished ...>
22432 14:55:13.061043 <... read resumed> "\n", 1) = 1
22434 14:55:13.061049 <... write resumed> ) = 1
22432 14:55:13.061057 write(4, "\1", 1 <unfinished ...>
22434 14:55:13.061062 read(5,  <unfinished ...>
22432 14:55:13.061069 <... write resumed> ) = 1
22434 14:55:13.061073 <... read resumed> "\1", 1) = 1
22432 14:55:13.061081 read(4,  <unfinished ...>
22434 14:55:13.061085 write(5, "\f", 1 <unfinished ...>
22432 14:55:13.061093 <... read resumed> "\f", 1) = 1
22434 14:55:13.061097 <... write resumed> ) = 1
22432 14:55:13.061105 socket(PF_INET, SOCK_STREAM, IPPROTO_TCP <unfinished ...>
22434 14:55:13.061110 read(5,  <unfinished ...>
22432 14:55:13.061120 <... socket resumed> ) = 5
22432 14:55:13.061128 setsockopt(5, SOL_SOCKET, SO_REUSEADDR, [1], 4) = 0
22432 14:55:13.061142 bind(5, {sa_family=AF_INET, sin_port=htons(6202), sin_addr=inet_addr("127.0.0.1")}, 16) = 0
22432 14:55:13.061167 listen(5, 1)      = 0
22432 14:55:13.061181 write(4, ":\30\0\0", 4 <unfinished ...>
22434 14:55:13.061189 <... read resumed> ":\30\0\0", 4) = 4
22432 14:55:13.061195 <... write resumed> ) = 4
22434 14:55:13.061206 write(0, "227 Entering Passive Mode (127,0,0,1,24,58).\r\n", 46 <unfinished ...>
22432 14:55:13.061215 read(4,  <unfinished ...>
22434 14:55:13.061314 <... write resumed> ) = 46
22434 14:55:13.061326 rt_sigaction(SIGALRM, {0x805cad0, ~[RTMIN RT_1], 0}, NULL, 8) = 0
22434 14:55:13.061341 alarm(300)        = 300
22434 14:55:13.061352 recv(0, "RETR myfile31\r\n", 4096, MSG_PEEK) = 15
22434 14:55:13.061365 read(0, "RETR myfile31\r\n", 15) = 15
22434 14:55:13.061377 write(5, "\v", 1 <unfinished ...>
22432 14:55:13.061385 <... read resumed> "\v", 1) = 1
22434 14:55:13.061390 <... write resumed> ) = 1
22432 14:55:13.061396 write(4, "\1\0\0\0", 4) = 4
22432 14:55:13.061407 read(4,  <unfinished ...>
22434 14:55:13.061414 read(5, "\1\0\0\0", 4) = 4
22434 14:55:13.061426 gettimeofday({1495652113, 61429}, NULL) = 0
22434 14:55:13.061437 getcwd("/home/msfadmin", 4096) = 15
22434 14:55:13.061459 open("myfile31", O_RDONLY|O_NONBLOCK|O_LARGEFILE) = 4
22434 14:55:13.061483 fcntl64(4, F_SETLKW64, {type=F_RDLCK, whence=SEEK_SET, start=0, len=0}, 0xbf9dfbf4) = 0
22434 14:55:13.061501 fstat64(4, {st_mode=S_IFREG|0644, st_size=17, ...}) = 0
22434 14:55:13.061528 fcntl64(4, F_GETFL) = 0x8800 (flags O_RDONLY|O_NONBLOCK|O_LARGEFILE)
22434 14:55:13.061539 fcntl64(4, F_SETFL, O_RDONLY|O_LARGEFILE) = 0
22434 14:55:13.061550 write(5, "\v", 1 <unfinished ...>
22432 14:55:13.061558 <... read resumed> "\v", 1) = 1
22434 14:55:13.061563 <... write resumed> ) = 1
22432 14:55:13.061569 write(4, "\1\0\0\0", 4) = 4
22432 14:55:13.061580 read(4,  <unfinished ...>
22434 14:55:13.061587 read(5, "\1\0\0\0", 4) = 4
22434 14:55:13.061598 write(5, "\v", 1 <unfinished ...>
22432 14:55:13.061605 <... read resumed> "\v", 1) = 1
22434 14:55:13.061609 <... write resumed> ) = 1
22432 14:55:13.061615 write(4, "\1\0\0\0", 4) = 4
22432 14:55:13.061625 read(4,  <unfinished ...>
22434 14:55:13.061632 read(5, "\1\0\0\0", 4) = 4
22434 14:55:13.061643 write(5, "\r", 1 <unfinished ...>
22432 14:55:13.061650 <... read resumed> "\r", 1) = 1
22434 14:55:13.061654 <... write resumed> ) = 1
22432 14:55:13.061661 select(6, [5], NULL, NULL, {60, 0}) = 1 (in [5], left {60, 0})
22432 14:55:13.061678 accept(5, {sa_family=AF_INET, sin_port=htons(58754), sin_addr=inet_addr("127.0.0.1")}, [16]) = 6
22432 14:55:13.061700 write(4, "\1", 1) = 1
22432 14:55:13.061712 sendmsg(4, {msg_name(0)=NULL, msg_iov(1)=[{"\0", 1}], msg_controllen=16, {cmsg_len=16, cmsg_level=SOL_SOCKET, cmsg_type=SCM_RIGHTS, {6}}, msg_flags=0}, 0) = 1
22432 14:55:13.061728 close(6)          = 0
22432 14:55:13.061738 read(4,  <unfinished ...>
22434 14:55:13.061745 read(5, "\1", 1)  = 1
22434 14:55:13.061757 recvmsg(5, {msg_name(0)=NULL, msg_iov(1)=[{"\0", 1}], msg_controllen=16, {cmsg_len=16, cmsg_level=SOL_SOCKET, cmsg_type=SCM_RIGHTS, {6}}, msg_flags=0}, 0) = 1
22434 14:55:13.061775 setsockopt(6, SOL_SOCKET, SO_KEEPALIVE, [1], 4) = 0
22434 14:55:13.061787 setsockopt(6, SOL_IP, IP_TOS, [8], 4) = 0
22434 14:55:13.061799 setsockopt(6, SOL_SOCKET, SO_LINGER, {onoff=1, linger=32767}, 8) = 0
22434 14:55:13.061810 rt_sigaction(SIGALRM, {0x805cad0, ~[RTMIN RT_1], 0}, NULL, 8) = 0
22434 14:55:13.061824 alarm(300)        = 300
22434 14:55:13.061837 write(0, "150 Opening BINARY mode data connection for myfile31 (17 bytes).\r\n", 66) = 66
22434 14:55:13.061878 _llseek(4, 0, [0], SEEK_CUR) = 0
22434 14:55:13.061890 fstat64(4, {st_mode=S_IFREG|0644, st_size=17, ...}) = 0
22434 14:55:13.061907 _llseek(4, 0, [0], SEEK_SET) = 0
22434 14:55:13.061918 sendfile(6, 4, NULL, 17) = 17
22434 14:55:13.061948 rt_sigaction(SIGALRM, {0x805cad0, ~[RTMIN RT_1], 0}, NULL, 8) = 0
22434 14:55:13.061962 alarm(300)        = 300
22434 14:55:13.061972 close(6)          = 0
22434 14:55:13.062008 alarm(0)          = 300
22434 14:55:13.062019 gettimeofday({1495652113, 62023}, NULL) = 0
22434 14:55:13.062034 gettimeofday({1495652113, 62046}, NULL) = 0
22434 14:55:13.062057 fcntl64(3, F_SETLKW64, {type=F_WRLCK, whence=SEEK_SET, start=0, len=0}, 0xbf9dfb94) = 0
22434 14:55:13.062072 write(3, "Wed May 24 14:55:13 2017 [pid 22434] [msfadmin] OK DOWNLOAD: Client \"127.0.0.1\", \"/home/msfadmin/myfile31\", 17 bytes, 26.91Kbyte/sec\n", 133) = 133
22434 14:55:13.062094 fcntl64(3, F_SETLK64, {type=F_UNLCK, whence=SEEK_SET, start=0, len=0}, 0xbf9dfb9c) = 0
22434 14:55:13.062108 write(0, "226 Transfer complete.\r\n", 24) = 24
22434 14:55:13.062172 write(5, "\n", 1 <unfinished ...>
22432 14:55:13.062182 <... read resumed> "\n", 1) = 1
22434 14:55:13.062187 <... write resumed> ) = 1
22432 14:55:13.062193 close(5)          = 0
22432 14:55:13.062205 write(4, "\1", 1) = 1
22432 14:55:13.062216 read(4,  <unfinished ...>
22434 14:55:13.062223 read(5, "\1", 1)  = 1
22434 14:55:13.062234 close(4)          = 0
22434 14:55:13.062255 rt_sigaction(SIGALRM, {0x805cad0, ~[RTMIN RT_1], 0}, NULL, 8) = 0
22434 14:55:13.062268 alarm(300)        = 0
22434 14:55:13.062280 recv(0,  <unfinished ...>
22437 14:55:13.550764 <... recv resumed> "TYPE I\r\n", 4096, MSG_PEEK) = 8
22437 14:55:13.550794 read(0, "TYPE I\r\n", 8) = 8
22437 14:55:13.550816 write(0, "200 Switching to Binary mode.\r\n", 31) = 31
22437 14:55:13.550863 rt_sigaction(SIGALRM, {0x805cad0, ~[RTMIN RT_1], 0}, NULL, 8) = 0
22437 14:55:13.550881 alarm(300)        = 299
22437 14:55:13.550893 recv(0, "PASV\r\n", 4096, MSG_PEEK) = 6
22437 14:55:13.550905 read(0, "PASV\r\n", 6) = 6
22437 14:55:13.550917 write(5, "\n", 1) = 1
22437 14:55:13.550929 read(5,  <unfinished ...>
22435 14:55:13.550938 <... read resumed> "\n", 1) = 1
22435 14:55:13.550947 write(4, "\1", 1) = 1
22437 14:55:13.550957 <... read resumed> "\1", 1) = 1
22437 14:55:13.550964 write(5, "\f", 1) = 1
22437 14:55:13.550974 read(5,  <unfinished ...>
22435 14:55:13.550981 read(4, "\f", 1)  = 1
22435 14:55:13.550992 socket(PF_INET, SOCK_STREAM, IPPROTO_TCP) = 5
22435 14:55:13.551008 setsockopt(5, SOL_SOCKET, SO_REUSEADDR, [1], 4) = 0
22435 14:55:13.551022 bind(5, {sa_family=AF_INET, sin_port=htons(27939), sin_addr=inet_addr("127.0.0.1")}, 16) = 0
22435 14:55:13.551067 listen(5, 1)      = 0
22435 14:55:13.551093 write(4, "#m\0\0", 4) = 4
22437 14:55:13.551104 <... read resumed> "#m\0\0", 4) = 4
22437 14:55:13.551116 write(0, "227 Entering Passive Mode (127,0,0,1,109,35).\r\n", 47) = 47
22437 14:55:13.551231 rt_sigaction(SIGALRM, {0x805cad0, ~[RTMIN RT_1], 0}, NULL, 8) = 0
22437 14:55:13.551247 alarm(300)        = 300
22437 14:55:13.551258 recv(0, "STOR myfile1\r\n", 4096, MSG_PEEK) = 14
22437 14:55:13.551271 read(0, "STOR myfile1\r\n", 14) = 14
22437 14:55:13.551284 write(5, "\v", 1) = 1
22437 14:55:13.551294 read(5,  <unfinished ...>
22435 14:55:13.551301 read(4, "\v", 1)  = 1
22435 14:55:13.551313 write(4, "\1\0\0\0", 4) = 4
22437 14:55:13.551323 <... read resumed> "\1\0\0\0", 4) = 4
22437 14:55:13.551331 gettimeofday({1495652113, 551334}, NULL) = 0
22437 14:55:13.551342 getcwd("/home/msfadmin", 4096) = 15
22437 14:55:13.551354 open("myfile1", O_WRONLY|O_CREAT|O_NONBLOCK|O_LARGEFILE, 0666) = 4
22437 14:55:13.551368 fstat64(4, {st_mode=S_IFREG|0644, st_size=17, ...}) = 0
22437 14:55:13.551385 fcntl64(4, F_GETFL) = 0x8801 (flags O_WRONLY|O_NONBLOCK|O_LARGEFILE)
22437 14:55:13.551396 fcntl64(4, F_SETFL, O_WRONLY|O_LARGEFILE) = 0
22437 14:55:13.551406 fcntl64(4, F_SETLKW64, {type=F_WRLCK, whence=SEEK_SET, start=0, len=0}, 0xbfdd37c4) = 0
22437 14:55:13.551420 ftruncate64(4, 0) = 0
22437 14:55:13.551439 _llseek(4, 0, [0], SEEK_SET) = 0
22437 14:55:13.551450 write(5, "\v", 1) = 1
22437 14:55:13.551460 read(5,  <unfinished ...>
22435 14:55:13.551467 read(4, "\v", 1)  = 1
22435 14:55:13.551478 write(4, "\1\0\0\0", 4) = 4
22437 14:55:13.551488 <... read resumed> "\1\0\0\0", 4) = 4
22437 14:55:13.551496 write(5, "\v", 1) = 1
22437 14:55:13.551505 read(5,  <unfinished ...>
22435 14:55:13.551512 read(4, "\v", 1)  = 1
22435 14:55:13.551522 write(4, "\1\0\0\0", 4) = 4
22437 14:55:13.551555 <... read resumed> "\1\0\0\0", 4) = 4
22437 14:55:13.551564 write(5, "\r", 1) = 1
22437 14:55:13.551590 read(5,  <unfinished ...>
22435 14:55:13.551596 read(4, "\r", 1)  = 1
22435 14:55:13.551608 select(6, [5], NULL, NULL, {60, 0}) = 1 (in [5], left {60, 0})
22435 14:55:13.551625 accept(5, {sa_family=AF_INET, sin_port=htons(35922), sin_addr=inet_addr("127.0.0.1")}, [16]) = 6
22435 14:55:13.551647 write(4, "\1", 1) = 1
22437 14:55:13.551657 <... read resumed> "\1", 1) = 1
22437 14:55:13.551665 recvmsg(5,  <unfinished ...>
22435 14:55:13.551673 sendmsg(4, {msg_name(0)=NULL, msg_iov(1)=[{"\0", 1}], msg_controllen=16, {cmsg_len=16, cmsg_level=SOL_SOCKET, cmsg_type=SCM_RIGHTS, {6}}, msg_flags=0}, 0) = 1
22437 14:55:13.551690 <... recvmsg resumed> {msg_name(0)=NULL, msg_iov(1)=[{"\0", 1}], msg_controllen=16, {cmsg_len=16, cmsg_level=SOL_SOCKET, cmsg_type=SCM_RIGHTS, {6}}, msg_flags=0}, 0) = 1
22437 14:55:13.551703 setsockopt(6, SOL_SOCKET, SO_KEEPALIVE, [1], 4) = 0
22437 14:55:13.551715 setsockopt(6, SOL_IP, IP_TOS, [8], 4) = 0
22437 14:55:13.551727 setsockopt(6, SOL_SOCKET, SO_LINGER, {onoff=1, linger=32767}, 8) = 0
22437 14:55:13.551738 rt_sigaction(SIGALRM, {0x805cad0, ~[RTMIN RT_1], 0}, NULL, 8) = 0
22437 14:55:13.551751 alarm(300)        = 300
22437 14:55:13.551763 write(0, "150 Ok to send data.\r\n", 22) = 22
22437 14:55:13.551829 read(6, "assasaaa\na\na\na\na\n", 65536) = 17
22437 14:55:13.551843 write(4, "assasaaa\na\na\na\na\n", 17) = 17
22437 14:55:13.551859 read(6, "", 65536) = 0
22437 14:55:13.551869 rt_sigaction(SIGALRM, {0x805cad0, ~[RTMIN RT_1], 0}, NULL, 8) = 0
22437 14:55:13.551882 alarm(300)        = 300
22437 14:55:13.551892 close(6)          = 0
22437 14:55:13.551901 alarm(0)          = 300
22437 14:55:13.551911 gettimeofday({1495652113, 551914}, NULL) = 0
22437 14:55:13.551926 gettimeofday({1495652113, 551929}, NULL) = 0
22437 14:55:13.551940 fcntl64(3, F_SETLKW64, {type=F_WRLCK, whence=SEEK_SET, start=0, len=0}, 0xbfdd3764) = 0
22437 14:55:13.551954 write(3, "Wed May 24 14:55:13 2017 [pid 22437] [msfadmin] OK UPLOAD: Client \"127.0.0.1\", \"/home/msfadmin/myfile1\", 17 bytes, 27.90Kbyte/sec\n", 130) = 130
22437 14:55:13.551975 fcntl64(3, F_SETLK64, {type=F_UNLCK, whence=SEEK_SET, start=0, len=0}, 0xbfdd376c) = 0
22437 14:55:13.551989 write(0, "226 Transfer complete.\r\n", 24) = 24
22437 14:55:13.552164 write(5, "\n", 1) = 1
22437 14:55:13.552187 read(5,  <unfinished ...>
22435 14:55:13.552194 close(6)          = 0
22435 14:55:13.552213 read(4, "\n", 1)  = 1
22435 14:55:13.552224 close(5)          = 0
22435 14:55:13.552235 write(4, "\1", 1) = 1
22437 14:55:13.552245 <... read resumed> "\1", 1) = 1
22437 14:55:13.552252 close(4)          = 0
22437 14:55:13.552263 rt_sigaction(SIGALRM, {0x805cad0, ~[RTMIN RT_1], 0}, NULL, 8) = 0
22437 14:55:13.552276 alarm(300)        = 0
22437 14:55:13.552287 recv(0,  <unfinished ...>
22435 14:55:13.552294 read(4,  <unfinished ...>
22434 14:55:13.611455 <... recv resumed> "USER msfadmin\r\n", 4096, MSG_PEEK) = 15
22434 14:55:13.611647 read(0, "USER msfadmin\r\n", 15) = 15
22434 14:55:13.611814 write(0, "331 Any password will do.\r\n", 27) = 27
22434 14:55:13.611936 rt_sigaction(SIGALRM, {0x805cad0, ~[RTMIN RT_1], 0}, NULL, 8) = 0
22434 14:55:13.611975 alarm(300)        = 299
22434 14:55:13.612003 recv(0, "PASS msfadmin\r\n", 4096, MSG_PEEK) = 15
22434 14:55:13.612025 read(0, "PASS msfadmin\r\n", 15) = 15
22434 14:55:13.612044 write(0, "230 Already logged in.\r\n", 24) = 24
22434 14:55:13.612106 rt_sigaction(SIGALRM, {0x805cad0, ~[RTMIN RT_1], 0}, NULL, 8) = 0
22434 14:55:13.612121 alarm(300)        = 300
22434 14:55:13.612132 recv(0, "TYPE I\r\n", 4096, MSG_PEEK) = 8
22434 14:55:13.612144 read(0, "TYPE I\r\n", 8) = 8
22434 14:55:13.612158 write(0, "200 Switching to Binary mode.\r\n", 31) = 31
22434 14:55:13.612193 rt_sigaction(SIGALRM, {0x805cad0, ~[RTMIN RT_1], 0}, NULL, 8) = 0
22434 14:55:13.612207 alarm(300)        = 300
22434 14:55:13.612218 recv(0, "PASV\r\n", 4096, MSG_PEEK) = 6
22434 14:55:13.612229 read(0, "PASV\r\n", 6) = 6
22434 14:55:13.612240 write(5, "\n", 1 <unfinished ...>
22432 14:55:13.612251 <... read resumed> "\n", 1) = 1
22434 14:55:13.612263 <... write resumed> ) = 1
22432 14:55:13.612271 write(4, "\1", 1) = 1
22432 14:55:13.612282 read(4,  <unfinished ...>
22434 14:55:13.612289 read(5, "\1", 1)  = 1
22434 14:55:13.612300 write(5, "\f", 1 <unfinished ...>
22432 14:55:13.612307 <... read resumed> "\f", 1) = 1
22434 14:55:13.612311 <... write resumed> ) = 1
22432 14:55:13.612319 socket(PF_INET, SOCK_STREAM, IPPROTO_TCP) = 5
22432 14:55:13.612334 setsockopt(5, SOL_SOCKET, SO_REUSEADDR, [1], 4) = 0
22432 14:55:13.612349 bind(5, {sa_family=AF_INET, sin_port=htons(52379), sin_addr=inet_addr("127.0.0.1")}, 16) = 0
22432 14:55:13.612365 listen(5, 1)      = 0
22432 14:55:13.612379 write(4, "\233\314\0\0", 4) = 4
22432 14:55:13.612390 read(4,  <unfinished ...>
22434 14:55:13.612397 read(5, "\233\314\0\0", 4) = 4
22434 14:55:13.612412 write(0, "227 Entering Passive Mode (127,0,0,1,204,155).\r\n", 48) = 48
22434 14:55:13.612522 rt_sigaction(SIGALRM, {0x805cad0, ~[RTMIN RT_1], 0}, NULL, 8) = 0
22434 14:55:13.612539 alarm(300)        = 300
22434 14:55:13.612550 recv(0, "RETR myfile32\r\n", 4096, MSG_PEEK) = 15
22434 14:55:13.612562 read(0, "RETR myfile32\r\n", 15) = 15
22434 14:55:13.612575 write(5, "\v", 1 <unfinished ...>
22432 14:55:13.612583 <... read resumed> "\v", 1) = 1
22434 14:55:13.612587 <... write resumed> ) = 1
22432 14:55:13.612594 write(4, "\1\0\0\0", 4) = 4
22432 14:55:13.612628 read(4,  <unfinished ...>
22434 14:55:13.612638 read(5, "\1\0\0\0", 4) = 4
22434 14:55:13.612651 gettimeofday({1495652113, 612664}, NULL) = 0
22434 14:55:13.612672 getcwd("/home/msfadmin", 4096) = 15
22434 14:55:13.612685 open("myfile32", O_RDONLY|O_NONBLOCK|O_LARGEFILE) = 4
22434 14:55:13.612698 fcntl64(4, F_SETLKW64, {type=F_RDLCK, whence=SEEK_SET, start=0, len=0}, 0xbf9dfbf4) = 0
22434 14:55:13.612714 fstat64(4, {st_mode=S_IFREG|0644, st_size=17, ...}) = 0
22434 14:55:13.612731 fcntl64(4, F_GETFL) = 0x8800 (flags O_RDONLY|O_NONBLOCK|O_LARGEFILE)
22434 14:55:13.612741 fcntl64(4, F_SETFL, O_RDONLY|O_LARGEFILE) = 0
22434 14:55:13.612752 write(5, "\v", 1 <unfinished ...>
22432 14:55:13.612760 <... read resumed> "\v", 1) = 1
22434 14:55:13.612765 <... write resumed> ) = 1
22432 14:55:13.612771 write(4, "\1\0\0\0", 4) = 4
22432 14:55:13.612781 read(4,  <unfinished ...>
22434 14:55:13.612788 read(5, "\1\0\0\0", 4) = 4
22434 14:55:13.612799 write(5, "\v", 1 <unfinished ...>
22432 14:55:13.612805 <... read resumed> "\v", 1) = 1
22434 14:55:13.612810 <... write resumed> ) = 1
22432 14:55:13.612816 write(4, "\1\0\0\0", 4) = 4
22432 14:55:13.612826 read(4,  <unfinished ...>
22434 14:55:13.612832 read(5, "\1\0\0\0", 4) = 4
22434 14:55:13.612843 write(5, "\r", 1 <unfinished ...>
22432 14:55:13.612850 <... read resumed> "\r", 1) = 1
22434 14:55:13.612854 <... write resumed> ) = 1
22432 14:55:13.612861 select(6, [5], NULL, NULL, {60, 0}) = 1 (in [5], left {60, 0})
22432 14:55:13.612877 accept(5, {sa_family=AF_INET, sin_port=htons(48497), sin_addr=inet_addr("127.0.0.1")}, [16]) = 6
22432 14:55:13.612899 write(4, "\1", 1) = 1
22432 14:55:13.612911 sendmsg(4, {msg_name(0)=NULL, msg_iov(1)=[{"\0", 1}], msg_controllen=16, {cmsg_len=16, cmsg_level=SOL_SOCKET, cmsg_type=SCM_RIGHTS, {6}}, msg_flags=0}, 0) = 1
22432 14:55:13.612928 close(6)          = 0
22432 14:55:13.612937 read(4,  <unfinished ...>
22434 14:55:13.612944 read(5, "\1", 1)  = 1
22434 14:55:13.612956 recvmsg(5, {msg_name(0)=NULL, msg_iov(1)=[{"\0", 1}], msg_controllen=16, {cmsg_len=16, cmsg_level=SOL_SOCKET, cmsg_type=SCM_RIGHTS, {6}}, msg_flags=0}, 0) = 1
22434 14:55:13.612974 setsockopt(6, SOL_SOCKET, SO_KEEPALIVE, [1], 4) = 0
22434 14:55:13.612986 setsockopt(6, SOL_IP, IP_TOS, [8], 4) = 0
22434 14:55:13.612998 setsockopt(6, SOL_SOCKET, SO_LINGER, {onoff=1, linger=32767}, 8) = 0
22434 14:55:13.613009 rt_sigaction(SIGALRM, {0x805cad0, ~[RTMIN RT_1], 0}, NULL, 8) = 0
22434 14:55:13.613022 alarm(300)        = 300
22434 14:55:13.613035 write(0, "150 Opening BINARY mode data connection for myfile32 (17 bytes).\r\n", 66) = 66
22434 14:55:13.613076 _llseek(4, 0, [0], SEEK_CUR) = 0
22434 14:55:13.613088 fstat64(4, {st_mode=S_IFREG|0644, st_size=17, ...}) = 0
22434 14:55:13.613110 _llseek(4, 0, [0], SEEK_SET) = 0
22434 14:55:13.613121 sendfile(6, 4, NULL, 17) = 17
22434 14:55:13.613125 rt_sigaction(SIGALRM, {0x805cad0, ~[RTMIN RT_1], 0}, NULL, 8) = 0
22434 14:55:13.613125 alarm(300)        = 300
22434 14:55:13.613125 close(6)          = 0
22434 14:55:13.613125 alarm(0)          = 300
22434 14:55:13.613126 gettimeofday({1495652113, 613126}, NULL) = 0
22434 14:55:13.613126 gettimeofday({1495652113, 613126}, NULL) = 0
22434 14:55:13.613126 fcntl64(3, F_SETLKW64, {type=F_WRLCK, whence=SEEK_SET, start=0, len=0}, 0xbf9dfb94) = 0
22434 14:55:13.613126 write(3, "Wed May 24 14:55:13 2017 [pid 22434] [msfadmin] OK DOWNLOAD: Client \"127.0.0.1\", \"/home/msfadmin/myfile32\", 17 bytes, 35.93Kbyte/sec\n", 133) = 133
22434 14:55:13.613127 fcntl64(3, F_SETLK64, {type=F_UNLCK, whence=SEEK_SET, start=0, len=0}, 0xbf9dfb9c) = 0
22434 14:55:13.613127 write(0, "226 Transfer complete.\r\n", 24) = 24
22434 14:55:13.613127 write(5, "\n", 1 <unfinished ...>
22432 14:55:13.613138 <... read resumed> "\n", 1) = 1
22434 14:55:13.613143 <... write resumed> ) = 1
22432 14:55:13.613149 close(5)          = 0
22432 14:55:13.613161 write(4, "\1", 1) = 1
22432 14:55:13.613172 read(4,  <unfinished ...>
22434 14:55:13.613178 read(5, "\1", 1)  = 1
22434 14:55:13.613210 close(4)          = 0
22434 14:55:13.613230 rt_sigaction(SIGALRM, {0x805cad0, ~[RTMIN RT_1], 0}, NULL, 8) = 0
22434 14:55:13.613259 alarm(300)        = 0
22434 14:55:13.613324 recv(0,  <unfinished ...>
22437 14:55:14.100770 <... recv resumed> "TYPE I\r\n", 4096, MSG_PEEK) = 8
22437 14:55:14.100801 read(0, "TYPE I\r\n", 8) = 8
22437 14:55:14.100822 write(0, "200 Switching to Binary mode.\r\n", 31) = 31
22437 14:55:14.100870 rt_sigaction(SIGALRM, {0x805cad0, ~[RTMIN RT_1], 0}, NULL, 8) = 0
22437 14:55:14.100887 alarm(300)        = 299
22437 14:55:14.100900 recv(0, "PASV\r\n", 4096, MSG_PEEK) = 6
22437 14:55:14.100912 read(0, "PASV\r\n", 6) = 6
22437 14:55:14.100924 write(5, "\n", 1) = 1
22437 14:55:14.100936 read(5,  <unfinished ...>
22435 14:55:14.100945 <... read resumed> "\n", 1) = 1
22435 14:55:14.100953 write(4, "\1", 1) = 1
22437 14:55:14.100964 <... read resumed> "\1", 1) = 1
22437 14:55:14.100971 write(5, "\f", 1) = 1
22437 14:55:14.100981 read(5,  <unfinished ...>
22435 14:55:14.100987 read(4, "\f", 1)  = 1
22435 14:55:14.100999 socket(PF_INET, SOCK_STREAM, IPPROTO_TCP) = 5
22435 14:55:14.101015 setsockopt(5, SOL_SOCKET, SO_REUSEADDR, [1], 4) = 0
22435 14:55:14.101029 bind(5, {sa_family=AF_INET, sin_port=htons(27829), sin_addr=inet_addr("127.0.0.1")}, 16) = 0
22435 14:55:14.101045 listen(5, 1)      = 0
22435 14:55:14.101059 write(4, "\265l\0\0", 4) = 4
22437 14:55:14.101070 <... read resumed> "\265l\0\0", 4) = 4
22437 14:55:14.101082 write(0, "227 Entering Passive Mode (127,0,0,1,108,181).\r\n", 48) = 48
22437 14:55:14.101195 rt_sigaction(SIGALRM, {0x805cad0, ~[RTMIN RT_1], 0}, NULL, 8) = 0
22437 14:55:14.101211 alarm(300)        = 300
22437 14:55:14.101223 recv(0, "STOR myfile2\r\n", 4096, MSG_PEEK) = 14
22437 14:55:14.101235 read(0, "STOR myfile2\r\n", 14) = 14
22437 14:55:14.101248 write(5, "\v", 1) = 1
22437 14:55:14.101259 read(5,  <unfinished ...>
22435 14:55:14.101266 read(4, "\v", 1)  = 1
22435 14:55:14.101277 write(4, "\1\0\0\0", 4) = 4
22437 14:55:14.101287 <... read resumed> "\1\0\0\0", 4) = 4
22437 14:55:14.101295 gettimeofday({1495652114, 101299}, NULL) = 0
22437 14:55:14.101306 getcwd("/home/msfadmin", 4096) = 15
22437 14:55:14.101319 open("myfile2", O_WRONLY|O_CREAT|O_NONBLOCK|O_LARGEFILE, 0666) = 4
22437 14:55:14.101332 fstat64(4, {st_mode=S_IFREG|0644, st_size=17, ...}) = 0
22437 14:55:14.101350 fcntl64(4, F_GETFL) = 0x8801 (flags O_WRONLY|O_NONBLOCK|O_LARGEFILE)
22437 14:55:14.101361 fcntl64(4, F_SETFL, O_WRONLY|O_LARGEFILE) = 0
22437 14:55:14.101371 fcntl64(4, F_SETLKW64, {type=F_WRLCK, whence=SEEK_SET, start=0, len=0}, 0xbfdd37c4) = 0
22437 14:55:14.101385 ftruncate64(4, 0) = 0
22437 14:55:14.101404 _llseek(4, 0, [0], SEEK_SET) = 0
22437 14:55:14.101415 write(5, "\v", 1) = 1
22437 14:55:14.101583 read(5,  <unfinished ...>
22435 14:55:14.101592 read(4, "\v", 1)  = 1
22435 14:55:14.101613 write(4, "\1\0\0\0", 4) = 4
22437 14:55:14.101623 <... read resumed> "\1\0\0\0", 4) = 4
22437 14:55:14.101631 write(5, "\v", 1) = 1
22437 14:55:14.101640 read(5,  <unfinished ...>
22435 14:55:14.101647 read(4, "\v", 1)  = 1
22435 14:55:14.101657 write(4, "\1\0\0\0", 4) = 4
22437 14:55:14.101667 <... read resumed> "\1\0\0\0", 4) = 4
22437 14:55:14.101674 write(5, "\r", 1) = 1
22437 14:55:14.101684 read(5,  <unfinished ...>
22435 14:55:14.101690 read(4, "\r", 1)  = 1
22435 14:55:14.101702 select(6, [5], NULL, NULL, {60, 0}) = 1 (in [5], left {60, 0})
22435 14:55:14.101718 accept(5, {sa_family=AF_INET, sin_port=htons(39901), sin_addr=inet_addr("127.0.0.1")}, [16]) = 6
22435 14:55:14.101740 write(4, "\1", 1) = 1
22437 14:55:14.101750 <... read resumed> "\1", 1) = 1
22437 14:55:14.101759 recvmsg(5,  <unfinished ...>
22435 14:55:14.101767 sendmsg(4, {msg_name(0)=NULL, msg_iov(1)=[{"\0", 1}], msg_controllen=16, {cmsg_len=16, cmsg_level=SOL_SOCKET, cmsg_type=SCM_RIGHTS, {6}}, msg_flags=0}, 0) = 1
22437 14:55:14.101784 <... recvmsg resumed> {msg_name(0)=NULL, msg_iov(1)=[{"\0", 1}], msg_controllen=16, {cmsg_len=16, cmsg_level=SOL_SOCKET, cmsg_type=SCM_RIGHTS, {6}}, msg_flags=0}, 0) = 1
22437 14:55:14.101797 setsockopt(6, SOL_SOCKET, SO_KEEPALIVE, [1], 4) = 0
22437 14:55:14.101809 setsockopt(6, SOL_IP, IP_TOS, [8], 4) = 0
22437 14:55:14.101821 setsockopt(6, SOL_SOCKET, SO_LINGER, {onoff=1, linger=32767}, 8) = 0
22437 14:55:14.101832 rt_sigaction(SIGALRM, {0x805cad0, ~[RTMIN RT_1], 0}, NULL, 8) = 0
22437 14:55:14.101845 alarm(300)        = 300
22437 14:55:14.101858 write(0, "150 Ok to send data.\r\n", 22) = 22
22437 14:55:14.101924 read(6, "assasaaa\na\na\na\na\n", 65536) = 17
22437 14:55:14.101939 write(4, "assasaaa\na\na\na\na\n", 17) = 17
22437 14:55:14.101955 read(6, "", 65536) = 0
22437 14:55:14.101965 rt_sigaction(SIGALRM, {0x805cad0, ~[RTMIN RT_1], 0}, NULL, 8) = 0
22437 14:55:14.101979 alarm(300)        = 300
22437 14:55:14.101988 close(6)          = 0
22437 14:55:14.101998 alarm(0)          = 300
22437 14:55:14.102007 gettimeofday({1495652114, 102011}, NULL) = 0
22437 14:55:14.102022 gettimeofday({1495652114, 102026}, NULL) = 0
22437 14:55:14.102036 fcntl64(3, F_SETLKW64, {type=F_WRLCK, whence=SEEK_SET, start=0, len=0}, 0xbfdd3764) = 0
22437 14:55:14.102051 write(3, "Wed May 24 14:55:14 2017 [pid 22437] [msfadmin] OK UPLOAD: Client \"127.0.0.1\", \"/home/msfadmin/myfile2\", 17 bytes, 22.84Kbyte/sec\n", 130) = 130
22437 14:55:14.102072 fcntl64(3, F_SETLK64, {type=F_UNLCK, whence=SEEK_SET, start=0, len=0}, 0xbfdd376c) = 0
22437 14:55:14.102086 write(0, "226 Transfer complete.\r\n", 24) = 24
22437 14:55:14.102128 write(5, "\n", 1) = 1
22437 14:55:14.102140 read(5,  <unfinished ...>
22435 14:55:14.102147 close(6)          = 0
22435 14:55:14.102164 read(4, "\n", 1)  = 1
22435 14:55:14.102176 close(5)          = 0
22435 14:55:14.102187 write(4, "\1", 1) = 1
22437 14:55:14.102197 <... read resumed> "\1", 1) = 1
22437 14:55:14.102204 close(4)          = 0
22437 14:55:14.102214 rt_sigaction(SIGALRM, {0x805cad0, ~[RTMIN RT_1], 0}, NULL, 8) = 0
22437 14:55:14.102227 alarm(300)        = 0
22437 14:55:14.102238 recv(0,  <unfinished ...>
22435 14:55:14.102245 read(4,  <unfinished ...>
22434 14:55:14.151572 <... recv resumed> "USER msfadmin\r\n", 4096, MSG_PEEK) = 15
22434 14:55:14.151617 read(0, "USER msfadmin\r\n", 15) = 15
22434 14:55:14.151643 write(0, "331 Any password will do.\r\n", 27) = 27
22434 14:55:14.151690 rt_sigaction(SIGALRM, {0x805cad0, ~[RTMIN RT_1], 0}, NULL, 8) = 0
22434 14:55:14.151708 alarm(300)        = 299
22434 14:55:14.151721 recv(0, "PASS msfadmin\r\n", 4096, MSG_PEEK) = 15
22434 14:55:14.151734 read(0, "PASS msfadmin\r\n", 15) = 15
22434 14:55:14.151750 write(0, "230 Already logged in.\r\n", 24) = 24
22434 14:55:14.151815 rt_sigaction(SIGALRM, {0x805cad0, ~[RTMIN RT_1], 0}, NULL, 8) = 0
22434 14:55:14.151831 alarm(300)        = 300
22434 14:55:14.151843 recv(0, "TYPE I\r\n", 4096, MSG_PEEK) = 8
22434 14:55:14.151861 read(0, "TYPE I\r\n", 8) = 8
