17756 14:07:32.562709 mmap2(NULL, 1624, PROT_READ, MAP_SHARED, 5, 0) = 0xb7f73000
17756 14:07:32.562721 _llseek(5, 1624, [1624], SEEK_SET) = 0
17756 14:07:32.562740 munmap(0xb7f73000, 1624) = 0
17756 14:07:32.562752 close(5)          = 0
17756 14:07:32.562777 open("/etc/shadow", O_RDONLY|0x80000 /* O_??? */) = 5
17756 14:07:32.562794 _llseek(5, 0, [0], SEEK_CUR) = 0
17756 14:07:32.562805 fstat64(5, {st_mode=S_IFREG|0640, st_size=1233, ...}) = 0
17756 14:07:32.562822 mmap2(NULL, 1233, PROT_READ, MAP_SHARED, 5, 0) = 0xb7f73000
17756 14:07:32.562833 _llseek(5, 1233, [1233], SEEK_SET) = 0
17756 14:07:32.562853 munmap(0xb7f73000, 1233) = 0
17756 14:07:32.562893 close(5)          = 0
17756 14:07:32.562924 open("/etc/passwd", O_RDONLY|0x80000 /* O_??? */) = 5
17756 14:07:32.562938 _llseek(5, 0, [0], SEEK_CUR) = 0
17756 14:07:32.562949 fstat64(5, {st_mode=S_IFREG|0644, st_size=1624, ...}) = 0
17756 14:07:32.562966 mmap2(NULL, 1624, PROT_READ, MAP_SHARED, 5, 0) = 0xb7f73000
17756 14:07:32.562978 _llseek(5, 1624, [1624], SEEK_SET) = 0
17756 14:07:32.562995 munmap(0xb7f73000, 1624) = 0
17756 14:07:32.563005 close(5)          = 0
17756 14:07:32.563018 open("/etc/shadow", O_RDONLY|0x80000 /* O_??? */) = 5
17756 14:07:32.563031 _llseek(5, 0, [0], SEEK_CUR) = 0
17756 14:07:32.563042 fstat64(5, {st_mode=S_IFREG|0640, st_size=1233, ...}) = 0
17756 14:07:32.563059 mmap2(NULL, 1233, PROT_READ, MAP_SHARED, 5, 0) = 0xb7f73000
17756 14:07:32.563070 _llseek(5, 1233, [1233], SEEK_SET) = 0
17756 14:07:32.563087 munmap(0xb7f73000, 1233) = 0
17756 14:07:32.563097 close(5)          = 0
17756 14:07:32.563330 getuid32()        = 0
17756 14:07:32.563341 open("/etc/passwd", O_RDONLY|0x80000 /* O_??? */) = 5
17756 14:07:32.563354 _llseek(5, 0, [0], SEEK_CUR) = 0
17756 14:07:32.563365 fstat64(5, {st_mode=S_IFREG|0644, st_size=1624, ...}) = 0
17756 14:07:32.563381 mmap2(NULL, 1624, PROT_READ, MAP_SHARED, 5, 0) = 0xb7f73000
17756 14:07:32.563381 _llseek(5, 1624, [1624], SEEK_SET) = 0
17756 14:07:32.563382 munmap(0xb7f73000, 1624) = 0
17756 14:07:32.563382 close(5)          = 0
17756 14:07:32.563382 open("/etc/shadow", O_RDONLY|0x80000 /* O_??? */) = 5
17756 14:07:32.563388 _llseek(5, 0, [0], SEEK_CUR) = 0
17756 14:07:32.563399 fstat64(5, {st_mode=S_IFREG|0640, st_size=1233, ...}) = 0
17756 14:07:32.563416 mmap2(NULL, 1233, PROT_READ, MAP_SHARED, 5, 0) = 0xb7f73000
17756 14:07:32.563427 _llseek(5, 1233, [1233], SEEK_SET) = 0
17756 14:07:32.563444 munmap(0xb7f73000, 1233) = 0
17756 14:07:32.563454 close(5)          = 0
17756 14:07:32.563467 time(NULL)        = 1495649252
17756 14:07:32.563482 munmap(0xb7f70000, 12164) = 0
17756 14:07:32.563496 munmap(0xb7f6e000, 7136) = 0
17756 14:07:32.563510 munmap(0xb7da3000, 95428) = 0
17756 14:07:32.563522 munmap(0xb7d69000, 201052) = 0
17756 14:07:32.563533 munmap(0xb7d50000, 101180) = 0
17756 14:07:32.563554 gettimeofday({1495649252, 563559}, NULL) = 0
17756 14:07:32.563566 stat64("/usr/share/zoneinfo/UTC+04:00", 0xbf9cdb44) = -1 ENOENT (No such file or directory)
17756 14:07:32.563582 open("/usr/share/zoneinfo/UTC+04:00", O_RDONLY) = -1 ENOENT (No such file or directory)
17756 14:07:32.563607 fcntl64(3, F_SETLKW64, {type=F_WRLCK, whence=SEEK_SET, start=0, len=0}, 0xbf9cdc94) = 0
17756 14:07:32.563624 write(3, "Wed May 24 14:07:32 2017 [pid 17756] [msfadmin] OK LOGIN: Client \"127.0.0.1\"\n", 77) = 77
17756 14:07:32.563641 fcntl64(3, F_SETLK64, {type=F_UNLCK, whence=SEEK_SET, start=0, len=0}, 0xbf9cdc9c) = 0
17756 14:07:32.563654 rt_sigaction(SIGCHLD, {0x805cad0, ~[RTMIN RT_1], 0}, NULL, 8) = 0
17756 14:07:32.563669 write(4, "\1", 1 <unfinished ...>
17757 14:07:32.563679 <... read resumed> "\1", 1) = 1
17756 14:07:32.563684 <... write resumed> ) = 1
17757 14:07:32.563692 exit_group(0)     = ?
17756 14:07:32.563750 --- SIGCHLD (Child exited) @ 0 (0) ---
17756 14:07:32.563760 sigreturn()       = ? (mask now [])
17756 14:07:32.563790 wait4(-1, [{WIFEXITED(s) && WEXITSTATUS(s) == 0}], 0, NULL) = 17757
17756 14:07:32.563803 close(4)          = 0
17756 14:07:32.563816 socketpair(PF_FILE, SOCK_STREAM, 0, [4, 5]) = 0
17756 14:07:32.563830 rt_sigaction(SIGCHLD, {0x805cad0, ~[RTMIN RT_1], 0}, NULL, 8) = 0
17756 14:07:32.563844 rt_sigaction(SIGALRM, {0x805cb10, ~[RTMIN RT_1], 0}, NULL, 8) = 0
17756 14:07:32.563858 clone(child_stack=0, flags=CLONE_CHILD_CLEARTID|CLONE_CHILD_SETTID|SIGCHLD, child_tidptr=0xb7dd96f8) = 17758
17758 14:07:32.563908 prctl(0x1, 0x9, 0, 0, 0) = 0
17758 14:07:32.563921 close(4)          = 0
17758 14:07:32.563949 open("/etc/passwd", O_RDONLY|0x80000 /* O_??? */) = 4
17758 14:07:32.563966 _llseek(4, 0, [0], SEEK_CUR) = 0
17758 14:07:32.563982 fstat64(4, {st_mode=S_IFREG|0644, st_size=1624, ...}) = 0
17758 14:07:32.564001 mmap2(NULL, 1624, PROT_READ, MAP_SHARED, 4, 0) = 0xb7f73000
17758 14:07:32.564013 _llseek(4, 1624, [1624], SEEK_SET) = 0
17758 14:07:32.564037 munmap(0xb7f73000, 1624) = 0
17758 14:07:32.564049 close(4)          = 0
17758 14:07:32.564063 getuid32()        = 0
17758 14:07:32.564073 open("/etc/passwd", O_RDONLY|0x80000 /* O_??? */) = 4
17758 14:07:32.564087 _llseek(4, 0, [0], SEEK_CUR) = 0
17758 14:07:32.564098 fstat64(4, {st_mode=S_IFREG|0644, st_size=1624, ...}) = 0
17758 14:07:32.564114 mmap2(NULL, 1624, PROT_READ, MAP_SHARED, 4, 0) = 0xb7f73000
17758 14:07:32.564126 _llseek(4, 1624, [1624], SEEK_SET) = 0
17758 14:07:32.564142 munmap(0xb7f73000, 1624) = 0
17758 14:07:32.564152 close(4)          = 0
17758 14:07:32.564178 open("/proc/sys/kernel/ngroups_max", O_RDONLY) = 4
17758 14:07:32.564199 read(4, "65536\n", 31) = 6
17758 14:07:32.564212 close(4)          = 0
17758 14:07:32.564226 socket(PF_FILE, SOCK_STREAM, 0) = 4
17758 14:07:32.564238 fcntl64(4, F_SETFL, O_RDWR|O_NONBLOCK) = 0
17758 14:07:32.564250 connect(4, {sa_family=AF_FILE, path="/var/run/nscd/socket"}, 110) = -1 ENOENT (No such file or directory)
17758 14:07:32.564271 close(4)          = 0
17758 14:07:32.564283 socket(PF_FILE, SOCK_STREAM, 0) = 4
17758 14:07:32.564294 fcntl64(4, F_SETFL, O_RDWR|O_NONBLOCK) = 0
17758 14:07:32.564304 connect(4, {sa_family=AF_FILE, path="/var/run/nscd/socket"}, 110) = -1 ENOENT (No such file or directory)
17758 14:07:32.564323 close(4)          = 0
17758 14:07:32.564347 open("/etc/group", O_RDONLY|0x80000 /* O_??? */) = 4
17758 14:07:32.564362 _llseek(4, 0, [0], SEEK_CUR) = 0
17758 14:07:32.564373 fstat64(4, {st_mode=S_IFREG|0644, st_size=886, ...}) = 0
17758 14:07:32.564390 mmap2(NULL, 886, PROT_READ, MAP_SHARED, 4, 0) = 0xb7f73000
17758 14:07:32.564402 _llseek(4, 886, [886], SEEK_SET) = 0
17758 14:07:32.564426 fstat64(4, {st_mode=S_IFREG|0644, st_size=886, ...}) = 0
17758 14:07:32.564444 munmap(0xb7f73000, 886) = 0
17758 14:07:32.564455 close(4)          = 0
17758 14:07:32.564465 setgroups32(13, [1000, 4, 20, 24, 25, 29, 30, 44, 46, 107, 111, 112, 119]) = 0
17758 14:07:32.564482 geteuid32()       = 0
17758 14:07:32.564493 getegid32()       = 0
17758 14:07:32.564508 setregid32(-1, 1000) = 0
17758 14:07:32.564519 setreuid32(-1, 1000) = 0
17758 14:07:32.564531 chdir("/home/msfadmin") = 0
17758 14:07:32.564543 setreuid32(-1, 0) = 0
17758 14:07:32.564553 setregid32(-1, 0) = 0
17758 14:07:32.564564 setgid32(1000)    = 0
17758 14:07:32.564574 setuid32(1000)    = 0
17758 14:07:32.564585 setrlimit(RLIMIT_NPROC, {rlim_cur=0, rlim_max=0}) = 0
17758 14:07:32.564599 mmap2(NULL, 12288, PROT_READ|PROT_WRITE, MAP_PRIVATE|MAP_ANONYMOUS, -1, 0) = 0xb7f71000
17758 14:07:32.564611 mprotect(0xb7f73000, 4096, PROT_NONE) = 0
17758 14:07:32.564622 mprotect(0xb7f71000, 4096, PROT_NONE) = 0
17758 14:07:32.564634 getcwd("/home/msfadmin", 4096) = 15
17758 14:07:32.564648 umask(022)        = 077
17758 14:07:32.564658 getcwd("/home/msfadmin", 4096) = 15
17758 14:07:32.564672 open(".message", O_RDONLY|O_NONBLOCK|O_LARGEFILE) = -1 ENOENT (No such file or directory)
17758 14:07:32.564720 write(0, "230 Login successful.\r\n", 23) = 23
17758 14:07:32.564850 rt_sigaction(SIGALRM, {0x805cad0, ~[RTMIN RT_1], 0}, NULL, 8) = 0
17758 14:07:32.564868 alarm(300)        = 0
17758 14:07:32.564880 mmap2(NULL, 12288, PROT_READ|PROT_WRITE, MAP_PRIVATE|MAP_ANONYMOUS, -1, 0) = 0xb7f6e000
17758 14:07:32.564892 mprotect(0xb7f70000, 4096, PROT_NONE) = 0
17758 14:07:32.564904 mprotect(0xb7f6e000, 4096, PROT_NONE) = 0
17758 14:07:32.564917 recv(0, "TYPE I\r\n", 4096, MSG_PEEK) = 8
17758 14:07:32.564930 read(0, "TYPE I\r\n", 8) = 8
17758 14:07:32.564948 write(0, "200 Switching to Binary mode.\r\n", 31) = 31
17758 14:07:32.564988 rt_sigaction(SIGALRM, {0x805cad0, ~[RTMIN RT_1], 0}, NULL, 8) = 0
17758 14:07:32.565003 alarm(300)        = 300
17758 14:07:32.565029 recv(0, "PASV\r\n", 4096, MSG_PEEK) = 6
17758 14:07:32.565050 read(0, "PASV\r\n", 6) = 6
17758 14:07:32.565063 write(5, "\n", 1) = 1
17758 14:07:32.565089 read(5,  <unfinished ...>
17756 14:07:32.565116 close(5)          = 0
17756 14:07:32.565129 getuid32()        = 0
17756 14:07:32.565145 open("/etc/passwd", O_RDONLY|0x80000 /* O_??? */) = 5
17756 14:07:32.565160 _llseek(5, 0, [0], SEEK_CUR) = 0
17756 14:07:32.565173 fstat64(5, {st_mode=S_IFREG|0644, st_size=1624, ...}) = 0
17756 14:07:32.565191 mmap2(NULL, 1624, PROT_READ, MAP_SHARED, 5, 0) = 0xb7f73000
17756 14:07:32.565203 _llseek(5, 1624, [1624], SEEK_SET) = 0
17756 14:07:32.565221 munmap(0xb7f73000, 1624) = 0
17756 14:07:32.565233 close(5)          = 0
17756 14:07:32.565250 setgroups32(0, []) = 0
17756 14:07:32.565262 chdir("/usr/share/empty") = 0
17756 14:07:32.565274 chroot(".")       = 0
17756 14:07:32.565299 capset(NULL, NULL) = -1 EFAULT (Bad address)
17756 14:07:32.565323 prctl(0x8, 0, 0xbf9cdc78, 0x80549a6, 0xbf9cdc60) = 0
17756 14:07:32.565334 prctl(0x8, 0x1, 0xbf9cdc78, 0x8054a49, 0xbf9cdc60) = 0
17756 14:07:32.565345 setgid32(65534)   = 0
17756 14:07:32.565356 setuid32(65534)   = 0
17756 14:07:32.565366 capset(0x19980330, 0, {CAP_NET_BIND_SERVICE, CAP_NET_BIND_SERVICE, 0}) = 0
17756 14:07:32.565379 read(4, "\n", 1)  = 1
17756 14:07:32.565393 write(4, "\1", 1) = 1
17758 14:07:32.565405 <... read resumed> "\1", 1) = 1
17758 14:07:32.565413 write(5, "\f", 1) = 1
17758 14:07:32.565424 read(5,  <unfinished ...>
17756 14:07:32.565431 read(4, "\f", 1)  = 1
17756 14:07:32.565444 socket(PF_INET, SOCK_STREAM, IPPROTO_TCP) = 5
17756 14:07:32.565458 setsockopt(5, SOL_SOCKET, SO_REUSEADDR, [1], 4) = 0
17756 14:07:32.565470 gettimeofday({1495649252, 565474}, NULL) = 0
17756 14:07:32.565486 bind(5, {sa_family=AF_INET, sin_port=htons(46918), sin_addr=inet_addr("127.0.0.1")}, 16) = 0
17756 14:07:32.565503 listen(5, 1)      = 0
17756 14:07:32.565531 write(4, "F\267\0\0", 4) = 4
17758 14:07:32.565552 <... read resumed> "F\267\0\0", 4) = 4
17758 14:07:32.565566 write(0, "227 Entering Passive Mode (127,0,0,1,183,70).\r\n", 47) = 47
17758 14:07:32.565694 rt_sigaction(SIGALRM, {0x805cad0, ~[RTMIN RT_1], 0}, NULL, 8) = 0
17758 14:07:32.565722 alarm(300)        = 300
17758 14:07:32.565734 recv(0, "STOR myfile24\r\n", 4096, MSG_PEEK) = 15
17758 14:07:32.565747 read(0, "STOR myfile24\r\n", 15) = 15
17758 14:07:32.565763 write(5, "\v", 1) = 1
17758 14:07:32.565778 read(5,  <unfinished ...>
17756 14:07:32.565786 read(4, "\v", 1)  = 1
17756 14:07:32.565798 write(4, "\1\0\0\0", 4) = 4
17758 14:07:32.565810 <... read resumed> "\1\0\0\0", 4) = 4
17758 14:07:32.565819 gettimeofday({1495649252, 565823}, NULL) = 0
17758 14:07:32.565830 getcwd("/home/msfadmin", 4096) = 15
17758 14:07:32.565857 open("myfile24", O_WRONLY|O_CREAT|O_NONBLOCK|O_LARGEFILE, 0666) = 4
17758 14:07:32.565881 fstat64(4, {st_mode=S_IFREG|0644, st_size=17, ...}) = 0
17758 14:07:32.565898 fcntl64(4, F_GETFL) = 0x8801 (flags O_WRONLY|O_NONBLOCK|O_LARGEFILE)
17758 14:07:32.565910 fcntl64(4, F_SETFL, O_WRONLY|O_LARGEFILE) = 0
17758 14:07:32.565920 fcntl64(4, F_SETLKW64, {type=F_WRLCK, whence=SEEK_SET, start=0, len=0}, 0xbf9cdbc4) = 0
17758 14:07:32.565936 ftruncate64(4, 0) = 0
17758 14:07:32.565955 _llseek(4, 0, [0], SEEK_SET) = 0
17758 14:07:32.565967 write(5, "\v", 1) = 1
17758 14:07:32.565978 read(5,  <unfinished ...>
17756 14:07:32.565985 read(4, "\v", 1)  = 1
17756 14:07:32.565997 write(4, "\1\0\0\0", 4) = 4
17758 14:07:32.566008 <... read resumed> "\1\0\0\0", 4) = 4
17758 14:07:32.566016 write(5, "\v", 1) = 1
17758 14:07:32.566026 read(5,  <unfinished ...>
17756 14:07:32.566033 read(4, "\v", 1)  = 1
17756 14:07:32.566044 write(4, "\1\0\0\0", 4) = 4
17758 14:07:32.566055 <... read resumed> "\1\0\0\0", 4) = 4
17758 14:07:32.566063 write(5, "\r", 1) = 1
17758 14:07:32.566073 read(5,  <unfinished ...>
17756 14:07:32.566080 read(4, "\r", 1)  = 1
17756 14:07:32.566094 select(6, [5], NULL, NULL, {60, 0}) = 1 (in [5], left {60, 0})
17756 14:07:32.566111 accept(5, {sa_family=AF_INET, sin_port=htons(49763), sin_addr=inet_addr("127.0.0.1")}, [16]) = 6
17756 14:07:32.566133 write(4, "\1", 1) = 1
17758 14:07:32.566144 <... read resumed> "\1", 1) = 1
17758 14:07:32.566154 recvmsg(5,  <unfinished ...>
17756 14:07:32.566164 sendmsg(4, {msg_name(0)=NULL, msg_iov(1)=[{"\0", 1}], msg_controllen=16, {cmsg_len=16, cmsg_level=SOL_SOCKET, cmsg_type=SCM_RIGHTS, {6}}, msg_flags=0}, 0) = 1
17758 14:07:32.566181 <... recvmsg resumed> {msg_name(0)=NULL, msg_iov(1)=[{"\0", 1}], msg_controllen=16, {cmsg_len=16, cmsg_level=SOL_SOCKET, cmsg_type=SCM_RIGHTS, {6}}, msg_flags=0}, 0) = 1
17758 14:07:32.566195 setsockopt(6, SOL_SOCKET, SO_KEEPALIVE, [1], 4) = 0
17758 14:07:32.566208 setsockopt(6, SOL_IP, IP_TOS, [8], 4) = 0
17758 14:07:32.566235 setsockopt(6, SOL_SOCKET, SO_LINGER, {onoff=1, linger=32767}, 8) = 0
17758 14:07:32.566256 rt_sigaction(SIGALRM, {0x805cad0, ~[RTMIN RT_1], 0}, NULL, 8) = 0
17758 14:07:32.566285 alarm(300)        = 300
17758 14:07:32.566311 write(0, "150 Ok to send data.\r\n", 22) = 22
17758 14:07:32.566375 mmap2(NULL, 77824, PROT_READ|PROT_WRITE, MAP_PRIVATE|MAP_ANONYMOUS, -1, 0) = 0xb7da8000
17758 14:07:32.566389 mprotect(0xb7dba000, 4096, PROT_NONE) = 0
17758 14:07:32.566402 mprotect(0xb7da8000, 4096, PROT_NONE) = 0
17758 14:07:32.566412 read(6, "assasaaa\na\na\na\na\n", 65536) = 17
17758 14:07:32.566426 write(4, "assasaaa\na\na\na\na\n", 17) = 17
17758 14:07:32.566442 read(6, "", 65536) = 0
17758 14:07:32.566453 rt_sigaction(SIGALRM, {0x805cad0, ~[RTMIN RT_1], 0}, NULL, 8) = 0
17758 14:07:32.566467 alarm(300)        = 300
17758 14:07:32.566478 close(6)          = 0
17758 14:07:32.566487 alarm(0)          = 300
17758 14:07:32.566498 gettimeofday({1495649252, 566502}, NULL) = 0
17758 14:07:32.566515 getpid()          = 17758
17758 14:07:32.566528 gettimeofday({1495649252, 566532}, NULL) = 0
17758 14:07:32.566545 fcntl64(3, F_SETLKW64, {type=F_WRLCK, whence=SEEK_SET, start=0, len=0}, 0xbf9cdb64) = 0
17758 14:07:32.566560 write(3, "Wed May 24 14:07:32 2017 [pid 17758] [msfadmin] OK UPLOAD: Client \"127.0.0.1\", \"/home/msfadmin/myfile24\", 17 bytes, 23.42Kbyte/sec\n", 131) = 131
17758 14:07:32.566581 fcntl64(3, F_SETLK64, {type=F_UNLCK, whence=SEEK_SET, start=0, len=0}, 0xbf9cdb6c) = 0
17758 14:07:32.566596 write(0, "226 Transfer complete.\r\n", 24) = 24
17758 14:07:32.566661 write(5, "\n", 1) = 1
17758 14:07:32.566687 read(5,  <unfinished ...>
17756 14:07:32.566695 close(6)          = 0
17756 14:07:32.566718 read(4, "\n", 1)  = 1
17756 14:07:32.566731 close(5)          = 0
17756 14:07:32.566742 write(4, "\1", 1) = 1
17758 14:07:32.566754 <... read resumed> "\1", 1) = 1
17758 14:07:32.566761 close(4)          = 0
17758 14:07:32.566773 rt_sigaction(SIGALRM, {0x805cad0, ~[RTMIN RT_1], 0}, NULL, 8) = 0
17758 14:07:32.566786 alarm(300)        = 0
17758 14:07:32.566798 recv(0,  <unfinished ...>
17756 14:07:32.566806 read(4,  <unfinished ...>
17755 14:07:32.832670 <... recv resumed> "USER msfadmin\r\n", 4096, MSG_PEEK) = 15
17755 14:07:32.832711 read(0, "USER msfadmin\r\n", 15) = 15
17755 14:07:32.832736 write(0, "331 Any password will do.\r\n", 27) = 27
17755 14:07:32.832782 rt_sigaction(SIGALRM, {0x805cad0, ~[RTMIN RT_1], 0}, NULL, 8) = 0
17755 14:07:32.832800 alarm(300)        = 299
17755 14:07:32.832814 recv(0, "PASS msfadmin\r\n", 4096, MSG_PEEK) = 15
17755 14:07:32.832827 read(0, "PASS msfadmin\r\n", 15) = 15
17755 14:07:32.832844 write(0, "230 Already logged in.\r\n", 24) = 24
17755 14:07:32.832905 rt_sigaction(SIGALRM, {0x805cad0, ~[RTMIN RT_1], 0}, NULL, 8) = 0
17755 14:07:32.832921 alarm(300)        = 300
17755 14:07:32.832933 recv(0, "TYPE I\r\n", 4096, MSG_PEEK) = 8
17755 14:07:32.832945 read(0, "TYPE I\r\n", 8) = 8
17755 14:07:32.832960 write(0, "200 Switching to Binary mode.\r\n", 31) = 31
17755 14:07:32.832997 rt_sigaction(SIGALRM, {0x805cad0, ~[RTMIN RT_1], 0}, NULL, 8) = 0
17755 14:07:32.833011 alarm(300)        = 300
17755 14:07:32.833023 recv(0, "PASV\r\n", 4096, MSG_PEEK) = 6
17755 14:07:32.833034 read(0, "PASV\r\n", 6) = 6
17755 14:07:32.833047 write(5, "\n", 1 <unfinished ...>
17753 14:07:32.833058 <... read resumed> "\n", 1) = 1
17755 14:07:32.833064 <... write resumed> ) = 1
17753 14:07:32.833071 write(4, "\1", 1) = 1
17753 14:07:32.833083 read(4,  <unfinished ...>
17755 14:07:32.833091 read(5, "\1", 1)  = 1
17755 14:07:32.833103 write(5, "\f", 1 <unfinished ...>
17753 14:07:32.833110 <... read resumed> "\f", 1) = 1
17755 14:07:32.833115 <... write resumed> ) = 1
17753 14:07:32.833123 socket(PF_INET, SOCK_STREAM, IPPROTO_TCP) = 5
17753 14:07:32.833139 setsockopt(5, SOL_SOCKET, SO_REUSEADDR, [1], 4) = 0
17753 14:07:32.833154 bind(5, {sa_family=AF_INET, sin_port=htons(39241), sin_addr=inet_addr("127.0.0.1")}, 16) = 0
17753 14:07:32.833171 listen(5, 1)      = 0
17753 14:07:32.833185 write(4, "I\231\0\0", 4) = 4
17753 14:07:32.833196 read(4,  <unfinished ...>
17755 14:07:32.833204 read(5, "I\231\0\0", 4) = 4
17755 14:07:32.833220 write(0, "227 Entering Passive Mode (127,0,0,1,153,73).\r\n", 47) = 47
17755 14:07:32.833348 rt_sigaction(SIGALRM, {0x805cad0, ~[RTMIN RT_1], 0}, NULL, 8) = 0
17755 14:07:32.833397 alarm(300)        = 300
17755 14:07:32.833412 recv(0, "RETR myfile35\r\n", 4096, MSG_PEEK) = 15
17755 14:07:32.833436 read(0, "RETR myfile35\r\n", 15) = 15
17755 14:07:32.833449 write(5, "\v", 1 <unfinished ...>
17753 14:07:32.833458 <... read resumed> "\v", 1) = 1
17755 14:07:32.833463 <... write resumed> ) = 1
17753 14:07:32.833470 write(4, "\1\0\0\0", 4) = 4
17753 14:07:32.833481 read(4,  <unfinished ...>
17755 14:07:32.833489 read(5, "\1\0\0\0", 4) = 4
17755 14:07:32.833501 gettimeofday({1495649252, 833505}, NULL) = 0
17755 14:07:32.833513 getcwd("/home/msfadmin", 4096) = 15
17755 14:07:32.833526 open("myfile35", O_RDONLY|O_NONBLOCK|O_LARGEFILE) = 4
17755 14:07:32.833540 fcntl64(4, F_SETLKW64, {type=F_RDLCK, whence=SEEK_SET, start=0, len=0}, 0xbffe01f4) = 0
17755 14:07:32.833555 fstat64(4, {st_mode=S_IFREG|0644, st_size=17, ...}) = 0
17755 14:07:32.833573 fcntl64(4, F_GETFL) = 0x8800 (flags O_RDONLY|O_NONBLOCK|O_LARGEFILE)
17755 14:07:32.833585 fcntl64(4, F_SETFL, O_RDONLY|O_LARGEFILE) = 0
17755 14:07:32.833597 write(5, "\v", 1 <unfinished ...>
17753 14:07:32.833605 <... read resumed> "\v", 1) = 1
17755 14:07:32.833610 <... write resumed> ) = 1
17753 14:07:32.833616 write(4, "\1\0\0\0", 4) = 4
17753 14:07:32.833628 read(4,  <unfinished ...>
17755 14:07:32.833635 read(5, "\1\0\0\0", 4) = 4
17755 14:07:32.833648 write(5, "\v", 1 <unfinished ...>
17753 14:07:32.833655 <... read resumed> "\v", 1) = 1
17755 14:07:32.833667 <... write resumed> ) = 1
17753 14:07:32.833673 write(4, "\1\0\0\0", 4) = 4
17753 14:07:32.833685 read(4,  <unfinished ...>
17755 14:07:32.833692 read(5, "\1\0\0\0", 4) = 4
17755 14:07:32.833704 write(5, "\r", 1 <unfinished ...>
17753 14:07:32.833711 <... read resumed> "\r", 1) = 1
17755 14:07:32.833716 <... write resumed> ) = 1
17753 14:07:32.833724 select(6, [5], NULL, NULL, {60, 0}) = 1 (in [5], left {60, 0})
17753 14:07:32.833741 accept(5, {sa_family=AF_INET, sin_port=htons(33760), sin_addr=inet_addr("127.0.0.1")}, [16]) = 6
17753 14:07:32.833763 write(4, "\1", 1) = 1
17753 14:07:32.833775 sendmsg(4, {msg_name(0)=NULL, msg_iov(1)=[{"\0", 1}], msg_controllen=16, {cmsg_len=16, cmsg_level=SOL_SOCKET, cmsg_type=SCM_RIGHTS, {6}}, msg_flags=0}, 0) = 1
17753 14:07:32.833792 close(6)          = 0
17753 14:07:32.833803 read(4,  <unfinished ...>
17755 14:07:32.833810 read(5, "\1", 1)  = 1
17755 14:07:32.833823 recvmsg(5, {msg_name(0)=NULL, msg_iov(1)=[{"\0", 1}], msg_controllen=16, {cmsg_len=16, cmsg_level=SOL_SOCKET, cmsg_type=SCM_RIGHTS, {6}}, msg_flags=0}, 0) = 1
17755 14:07:32.833841 setsockopt(6, SOL_SOCKET, SO_KEEPALIVE, [1], 4) = 0
17755 14:07:32.833854 setsockopt(6, SOL_IP, IP_TOS, [8], 4) = 0
17755 14:07:32.833867 setsockopt(6, SOL_SOCKET, SO_LINGER, {onoff=1, linger=32767}, 8) = 0
17755 14:07:32.833878 rt_sigaction(SIGALRM, {0x805cad0, ~[RTMIN RT_1], 0}, NULL, 8) = 0
17755 14:07:32.833892 alarm(300)        = 300
17755 14:07:32.833906 write(0, "150 Opening BINARY mode data connection for myfile35 (17 bytes).\r\n", 66) = 66
17755 14:07:32.833947 _llseek(4, 0, [0], SEEK_CUR) = 0
17755 14:07:32.833960 fstat64(4, {st_mode=S_IFREG|0644, st_size=17, ...}) = 0
17755 14:07:32.833978 _llseek(4, 0, [0], SEEK_SET) = 0
17755 14:07:32.833989 sendfile(6, 4, NULL, 17) = 17
17755 14:07:32.834020 rt_sigaction(SIGALRM, {0x805cad0, ~[RTMIN RT_1], 0}, NULL, 8) = 0
17755 14:07:32.834035 alarm(300)        = 300
17755 14:07:32.834045 close(6)          = 0
17755 14:07:32.834082 alarm(0)          = 300
17755 14:07:32.834093 gettimeofday({1495649252, 834097}, NULL) = 0
17755 14:07:32.834109 gettimeofday({1495649252, 834113}, NULL) = 0
17755 14:07:32.834124 fcntl64(3, F_SETLKW64, {type=F_WRLCK, whence=SEEK_SET, start=0, len=0}, 0xbffe0194) = 0
17755 14:07:32.834139 write(3, "Wed May 24 14:07:32 2017 [pid 17755] [msfadmin] OK DOWNLOAD: Client \"127.0.0.1\", \"/home/msfadmin/myfile35\", 17 bytes, 27.31Kbyte/sec\n", 133) = 133
17755 14:07:32.834160 fcntl64(3, F_SETLK64, {type=F_UNLCK, whence=SEEK_SET, start=0, len=0}, 0xbffe019c) = 0
17755 14:07:32.834175 write(0, "226 Transfer complete.\r\n", 24) = 24
17755 14:07:32.834240 write(5, "\n", 1 <unfinished ...>
17753 14:07:32.834250 <... read resumed> "\n", 1) = 1
17755 14:07:32.834256 <... write resumed> ) = 1
17753 14:07:32.834262 close(5)          = 0
17753 14:07:32.834275 write(4, "\1", 1) = 1
17753 14:07:32.834286 read(4,  <unfinished ...>
17755 14:07:32.834293 read(5, "\1", 1)  = 1
17755 14:07:32.834305 close(4)          = 0
17755 14:07:32.834317 rt_sigaction(SIGALRM, {0x805cad0, ~[RTMIN RT_1], 0}, NULL, 8) = 0
17755 14:07:32.834330 alarm(300)        = 0
17755 14:07:32.834364 recv(0,  <unfinished ...>
17758 14:07:33.112744 <... recv resumed> "TYPE I\r\n", 4096, MSG_PEEK) = 8
17758 14:07:33.112776 read(0, "TYPE I\r\n", 8) = 8
17758 14:07:33.112798 write(0, "200 Switching to Binary mode.\r\n", 31) = 31
17758 14:07:33.112846 rt_sigaction(SIGALRM, {0x805cad0, ~[RTMIN RT_1], 0}, NULL, 8) = 0
17758 14:07:33.112864 alarm(300)        = 299
17758 14:07:33.112878 recv(0, "PASV\r\n", 4096, MSG_PEEK) = 6
17758 14:07:33.112890 read(0, "PASV\r\n", 6) = 6
17758 14:07:33.112903 write(5, "\n", 1) = 1
17758 14:07:33.112916 read(5,  <unfinished ...>
17756 14:07:33.112925 <... read resumed> "\n", 1) = 1
17756 14:07:33.112934 write(4, "\1", 1) = 1
17758 14:07:33.112946 <... read resumed> "\1", 1) = 1
17758 14:07:33.112953 write(5, "\f", 1) = 1
17758 14:07:33.112964 read(5,  <unfinished ...>
17756 14:07:33.112971 read(4, "\f", 1)  = 1
17756 14:07:33.112984 socket(PF_INET, SOCK_STREAM, IPPROTO_TCP) = 5
17756 14:07:33.113008 setsockopt(5, SOL_SOCKET, SO_REUSEADDR, [1], 4) = 0
17756 14:07:33.113023 bind(5, {sa_family=AF_INET, sin_port=htons(26454), sin_addr=inet_addr("127.0.0.1")}, 16) = 0
17756 14:07:33.113040 listen(5, 1)      = 0
17756 14:07:33.113055 write(4, "Vg\0\0", 4) = 4
17758 14:07:33.113066 <... read resumed> "Vg\0\0", 4) = 4
17758 14:07:33.113078 write(0, "227 Entering Passive Mode (127,0,0,1,103,86).\r\n", 47) = 47
17758 14:07:33.113188 rt_sigaction(SIGALRM, {0x805cad0, ~[RTMIN RT_1], 0}, NULL, 8) = 0
17758 14:07:33.113206 alarm(300)        = 300
17758 14:07:33.113218 recv(0, "STOR myfile25\r\n", 4096, MSG_PEEK) = 15
17758 14:07:33.113231 read(0, "STOR myfile25\r\n", 15) = 15
17758 14:07:33.113245 write(5, "\v", 1) = 1
17758 14:07:33.113256 read(5,  <unfinished ...>
17756 14:07:33.113264 read(4, "\v", 1)  = 1
17756 14:07:33.113276 write(4, "\1\0\0\0", 4) = 4
17758 14:07:33.113287 <... read resumed> "\1\0\0\0", 4) = 4
17758 14:07:33.113297 gettimeofday({1495649253, 113306}, NULL) = 0
17758 14:07:33.113314 getcwd("/home/msfadmin", 4096) = 15
17758 14:07:33.113328 open("myfile25", O_WRONLY|O_CREAT|O_NONBLOCK|O_LARGEFILE, 0666) = 4
17758 14:07:33.113374 fstat64(4, {st_mode=S_IFREG|0644, st_size=17, ...}) = 0
17758 14:07:33.113396 fcntl64(4, F_GETFL) = 0x8801 (flags O_WRONLY|O_NONBLOCK|O_LARGEFILE)
17758 14:07:33.113418 fcntl64(4, F_SETFL, O_WRONLY|O_LARGEFILE) = 0
17758 14:07:33.113429 fcntl64(4, F_SETLKW64, {type=F_WRLCK, whence=SEEK_SET, start=0, len=0}, 0xbf9cdbc4) = 0
17758 14:07:33.113444 ftruncate64(4, 0) = 0
17758 14:07:33.113464 _llseek(4, 0, [0], SEEK_SET) = 0
17758 14:07:33.113476 write(5, "\v", 1) = 1
17758 14:07:33.113487 read(5,  <unfinished ...>
17756 14:07:33.113495 read(4, "\v", 1)  = 1
17756 14:07:33.113507 write(4, "\1\0\0\0", 4) = 4
17758 14:07:33.113518 <... read resumed> "\1\0\0\0", 4) = 4
17758 14:07:33.113526 write(5, "\v", 1) = 1
17758 14:07:33.113536 read(5,  <unfinished ...>
17756 14:07:33.113543 read(4, "\v", 1)  = 1
17756 14:07:33.113555 write(4, "\1\0\0\0", 4) = 4
17758 14:07:33.113565 <... read resumed> "\1\0\0\0", 4) = 4
17758 14:07:33.113573 write(5, "\r", 1) = 1
17758 14:07:33.113584 read(5,  <unfinished ...>
17756 14:07:33.113591 read(4, "\r", 1)  = 1
17756 14:07:33.113603 select(6, [5], NULL, NULL, {60, 0}) = 1 (in [5], left {60, 0})
17756 14:07:33.113620 accept(5, {sa_family=AF_INET, sin_port=htons(44432), sin_addr=inet_addr("127.0.0.1")}, [16]) = 6
17756 14:07:33.113643 write(4, "\1", 1) = 1
17758 14:07:33.113654 <... read resumed> "\1", 1) = 1
17758 14:07:33.113663 recvmsg(5,  <unfinished ...>
17756 14:07:33.113672 sendmsg(4, {msg_name(0)=NULL, msg_iov(1)=[{"\0", 1}], msg_controllen=16, {cmsg_len=16, cmsg_level=SOL_SOCKET, cmsg_type=SCM_RIGHTS, {6}}, msg_flags=0}, 0) = 1
17758 14:07:33.113689 <... recvmsg resumed> {msg_name(0)=NULL, msg_iov(1)=[{"\0", 1}], msg_controllen=16, {cmsg_len=16, cmsg_level=SOL_SOCKET, cmsg_type=SCM_RIGHTS, {6}}, msg_flags=0}, 0) = 1
17758 14:07:33.113703 setsockopt(6, SOL_SOCKET, SO_KEEPALIVE, [1], 4) = 0
17758 14:07:33.113716 setsockopt(6, SOL_IP, IP_TOS, [8], 4) = 0
17758 14:07:33.113728 setsockopt(6, SOL_SOCKET, SO_LINGER, {onoff=1, linger=32767}, 8) = 0
17758 14:07:33.113740 rt_sigaction(SIGALRM, {0x805cad0, ~[RTMIN RT_1], 0}, NULL, 8) = 0
17758 14:07:33.113754 alarm(300)        = 300
17758 14:07:33.113767 write(0, "150 Ok to send data.\r\n", 22) = 22
17758 14:07:33.113835 read(6, "assasaaa\na\na\na\na\n", 65536) = 17
17758 14:07:33.113850 write(4, "assasaaa\na\na\na\na\n", 17) = 17
17758 14:07:33.113867 read(6, "", 65536) = 0
17758 14:07:33.113878 rt_sigaction(SIGALRM, {0x805cad0, ~[RTMIN RT_1], 0}, NULL, 8) = 0
17758 14:07:33.113892 alarm(300)        = 300
17758 14:07:33.113902 close(6)          = 0
17758 14:07:33.113912 alarm(0)          = 300
17758 14:07:33.113922 gettimeofday({1495649253, 113926}, NULL) = 0
17758 14:07:33.113938 gettimeofday({1495649253, 113942}, NULL) = 0
17758 14:07:33.113953 fcntl64(3, F_SETLKW64, {type=F_WRLCK, whence=SEEK_SET, start=0, len=0}, 0xbf9cdb64) = 0
17758 14:07:33.113968 write(3, "Wed May 24 14:07:33 2017 [pid 17758] [msfadmin] OK UPLOAD: Client \"127.0.0.1\", \"/home/msfadmin/myfile25\", 17 bytes, 26.10Kbyte/sec\n", 131) = 131
17758 14:07:33.113993 fcntl64(3, F_SETLK64, {type=F_UNLCK, whence=SEEK_SET, start=0, len=0}, 0xbf9cdb6c) = 0
17758 14:07:33.114008 write(0, "226 Transfer complete.\r\n", 24) = 24
17758 14:07:33.114052 write(5, "\n", 1) = 1
17758 14:07:33.114065 read(5,  <unfinished ...>
17756 14:07:33.114072 close(6)          = 0
17756 14:07:33.114091 read(4, "\n", 1)  = 1
17756 14:07:33.114103 close(5)          = 0
17756 14:07:33.114115 write(4, "\1", 1) = 1
17758 14:07:33.114126 <... read resumed> "\1", 1) = 1
17758 14:07:33.114133 close(4)          = 0
17758 14:07:33.114144 rt_sigaction(SIGALRM, {0x805cad0, ~[RTMIN RT_1], 0}, NULL, 8) = 0
17758 14:07:33.114158 alarm(300)        = 0
17758 14:07:33.114170 recv(0,  <unfinished ...>
17756 14:07:33.114178 read(4,  <unfinished ...>
17755 14:07:33.432714 <... recv resumed> "USER msfadmin\r\n", 4096, MSG_PEEK) = 15
17755 14:07:33.432755 read(0, "USER msfadmin\r\n", 15) = 15
17755 14:07:33.432781 write(0, "331 Any password will do.\r\n", 27) = 27
17755 14:07:33.432827 rt_sigaction(SIGALRM, {0x805cad0, ~[RTMIN RT_1], 0}, NULL, 8) = 0
17755 14:07:33.432845 alarm(300)        = 299
17755 14:07:33.432858 recv(0, "PASS msfadmin\r\n", 4096, MSG_PEEK) = 15
17755 14:07:33.432871 read(0, "PASS msfadmin\r\n", 15) = 15
17755 14:07:33.432887 write(0, "230 Already logged in.\r\n", 24) = 24
17755 14:07:33.432949 rt_sigaction(SIGALRM, {0x805cad0, ~[RTMIN RT_1], 0}, NULL, 8) = 0
17755 14:07:33.432965 alarm(300)        = 300
17755 14:07:33.432977 recv(0, "TYPE I\r\n", 4096, MSG_PEEK) = 8
17755 14:07:33.432989 read(0, "TYPE I\r\n", 8) = 8
17755 14:07:33.433004 write(0, "200 Switching to Binary mode.\r\n", 31) = 31
17755 14:07:33.433039 rt_sigaction(SIGALRM, {0x805cad0, ~[RTMIN RT_1], 0}, NULL, 8) = 0
17755 14:07:33.433054 alarm(300)        = 300
17755 14:07:33.433065 recv(0, "PASV\r\n", 4096, MSG_PEEK) = 6
17755 14:07:33.433077 read(0, "PASV\r\n", 6) = 6
17755 14:07:33.433089 write(5, "\n", 1 <unfinished ...>
17753 14:07:33.433101 <... read resumed> "\n", 1) = 1
17755 14:07:33.433106 <... write resumed> ) = 1
17753 14:07:33.433114 write(4, "\1", 1) = 1
17753 14:07:33.433126 read(4,  <unfinished ...>
17755 14:07:33.433133 read(5, "\1", 1)  = 1
17755 14:07:33.433145 write(5, "\f", 1 <unfinished ...>
17753 14:07:33.433153 <... read resumed> "\f", 1) = 1
17755 14:07:33.433158 <... write resumed> ) = 1
17753 14:07:33.433165 socket(PF_INET, SOCK_STREAM, IPPROTO_TCP) = 5
17753 14:07:33.433181 setsockopt(5, SOL_SOCKET, SO_REUSEADDR, [1], 4) = 0
17753 14:07:33.433196 bind(5, {sa_family=AF_INET, sin_port=htons(59309), sin_addr=inet_addr("127.0.0.1")}, 16) = 0
17753 14:07:33.433213 listen(5, 1)      = 0
17753 14:07:33.433227 write(4, "\255\347\0\0", 4) = 4
17753 14:07:33.433239 read(4,  <unfinished ...>
17755 14:07:33.433246 read(5, "\255\347\0\0", 4) = 4
17755 14:07:33.433262 write(0, "227 Entering Passive Mode (127,0,0,1,231,173).\r\n", 48) = 48
17755 14:07:33.433393 rt_sigaction(SIGALRM, {0x805cad0, ~[RTMIN RT_1], 0}, NULL, 8) = 0
17755 14:07:33.433410 alarm(300)        = 300
17755 14:07:33.433462 recv(0, "RETR myfile36\r\n", 4096, MSG_PEEK) = 15
17755 14:07:33.433476 read(0, "RETR myfile36\r\n", 15) = 15
17755 14:07:33.433499 write(5, "\v", 1 <unfinished ...>
17753 14:07:33.433507 <... read resumed> "\v", 1) = 1
17755 14:07:33.433513 <... write resumed> ) = 1
17753 14:07:33.433519 write(4, "\1\0\0\0", 4) = 4
17753 14:07:33.433531 read(4,  <unfinished ...>
17755 14:07:33.433538 read(5, "\1\0\0\0", 4) = 4
17755 14:07:33.433550 gettimeofday({1495649253, 433555}, NULL) = 0
17755 14:07:33.433562 getcwd("/home/msfadmin", 4096) = 15
17755 14:07:33.433575 open("myfile36", O_RDONLY|O_NONBLOCK|O_LARGEFILE) = 4
17755 14:07:33.433590 fcntl64(4, F_SETLKW64, {type=F_RDLCK, whence=SEEK_SET, start=0, len=0}, 0xbffe01f4) = 0
17755 14:07:33.433605 fstat64(4, {st_mode=S_IFREG|0644, st_size=17, ...}) = 0
17755 14:07:33.433623 fcntl64(4, F_GETFL) = 0x8800 (flags O_RDONLY|O_NONBLOCK|O_LARGEFILE)
17755 14:07:33.433642 fcntl64(4, F_SETFL, O_RDONLY|O_LARGEFILE) = 0
17755 14:07:33.433654 write(5, "\v", 1 <unfinished ...>
17753 14:07:33.433662 <... read resumed> "\v", 1) = 1
17755 14:07:33.433667 <... write resumed> ) = 1
17753 14:07:33.433674 write(4, "\1\0\0\0", 4) = 4
17753 14:07:33.433685 read(4,  <unfinished ...>
17755 14:07:33.433692 read(5, "\1\0\0\0", 4) = 4
17755 14:07:33.433704 write(5, "\v", 1 <unfinished ...>
17753 14:07:33.433711 <... read resumed> "\v", 1) = 1
17755 14:07:33.433716 <... write resumed> ) = 1
17753 14:07:33.433722 write(4, "\1\0\0\0", 4) = 4
17753 14:07:33.433733 read(4,  <unfinished ...>
17755 14:07:33.433740 read(5, "\1\0\0\0", 4) = 4
17755 14:07:33.433752 write(5, "\r", 1 <unfinished ...>
17753 14:07:33.433760 <... read resumed> "\r", 1) = 1
17755 14:07:33.433765 <... write resumed> ) = 1
17753 14:07:33.433772 select(6, [5], NULL, NULL, {60, 0}) = 1 (in [5], left {60, 0})
17753 14:07:33.433789 accept(5, {sa_family=AF_INET, sin_port=htons(43235), sin_addr=inet_addr("127.0.0.1")}, [16]) = 6
17753 14:07:33.433811 write(4, "\1", 1) = 1
17753 14:07:33.433823 sendmsg(4, {msg_name(0)=NULL, msg_iov(1)=[{"\0", 1}], msg_controllen=16, {cmsg_len=16, cmsg_level=SOL_SOCKET, cmsg_type=SCM_RIGHTS, {6}}, msg_flags=0}, 0) = 1
17753 14:07:33.433841 close(6)          = 0
17753 14:07:33.433851 read(4,  <unfinished ...>
17755 14:07:33.433858 read(5, "\1", 1)  = 1
17755 14:07:33.433872 recvmsg(5, {msg_name(0)=NULL, msg_iov(1)=[{"\0", 1}], msg_controllen=16, {cmsg_len=16, cmsg_level=SOL_SOCKET, cmsg_type=SCM_RIGHTS, {6}}, msg_flags=0}, 0) = 1
17755 14:07:33.433890 setsockopt(6, SOL_SOCKET, SO_KEEPALIVE, [1], 4) = 0
17755 14:07:33.433903 setsockopt(6, SOL_IP, IP_TOS, [8], 4) = 0
17755 14:07:33.433915 setsockopt(6, SOL_SOCKET, SO_LINGER, {onoff=1, linger=32767}, 8) = 0
17755 14:07:33.433927 rt_sigaction(SIGALRM, {0x805cad0, ~[RTMIN RT_1], 0}, NULL, 8) = 0
17755 14:07:33.433941 alarm(300)        = 300
17755 14:07:33.433954 write(0, "150 Opening BINARY mode data connection for myfile36 (17 bytes).\r\n", 66) = 66
17755 14:07:33.433997 _llseek(4, 0, [0], SEEK_CUR) = 0
17755 14:07:33.434010 fstat64(4, {st_mode=S_IFREG|0644, st_size=17, ...}) = 0
17755 14:07:33.434027 _llseek(4, 0, [0], SEEK_SET) = 0
17755 14:07:33.434038 sendfile(6, 4, NULL, 17) = 17
17755 14:07:33.434069 rt_sigaction(SIGALRM, {0x805cad0, ~[RTMIN RT_1], 0}, NULL, 8) = 0
17755 14:07:33.434083 alarm(300)        = 300
17755 14:07:33.434094 close(6)          = 0
17755 14:07:33.434130 alarm(0)          = 300
17755 14:07:33.434141 gettimeofday({1495649253, 434145}, NULL) = 0
17755 14:07:33.434157 gettimeofday({1495649253, 434162}, NULL) = 0
17755 14:07:33.434172 fcntl64(3, F_SETLKW64, {type=F_WRLCK, whence=SEEK_SET, start=0, len=0}, 0xbffe0194) = 0
17755 14:07:33.434187 write(3, "Wed May 24 14:07:33 2017 [pid 17755] [msfadmin] OK DOWNLOAD: Client \"127.0.0.1\", \"/home/msfadmin/myfile36\", 17 bytes, 27.35Kbyte/sec\n", 133) = 133
17755 14:07:33.434209 fcntl64(3, F_SETLK64, {type=F_UNLCK, whence=SEEK_SET, start=0, len=0}, 0xbffe019c) = 0
17755 14:07:33.434223 write(0, "226 Transfer complete.\r\n", 24) = 24
17755 14:07:33.434288 write(5, "\n", 1 <unfinished ...>
17753 14:07:33.434298 <... read resumed> "\n", 1) = 1
17755 14:07:33.434304 <... write resumed> ) = 1
17753 14:07:33.434310 close(5)          = 0
17753 14:07:33.434322 write(4, "\1", 1) = 1
17753 14:07:33.434334 read(4,  <unfinished ...>
17755 14:07:33.434341 read(5, "\1", 1)  = 1
17755 14:07:33.434353 close(4)          = 0
17755 14:07:33.434364 rt_sigaction(SIGALRM, {0x805cad0, ~[RTMIN RT_1], 0}, NULL, 8) = 0
17755 14:07:33.434378 alarm(300)        = 0
17755 14:07:33.434413 recv(0,  <unfinished ...>
17758 14:07:33.652737 <... recv resumed> "TYPE I\r\n", 4096, MSG_PEEK) = 8
17758 14:07:33.652768 read(0, "TYPE I\r\n", 8) = 8
17758 14:07:33.652790 write(0, "200 Switching to Binary mode.\r\n", 31) = 31
17758 14:07:33.652838 rt_sigaction(SIGALRM, {0x805cad0, ~[RTMIN RT_1], 0}, NULL, 8) = 0
17758 14:07:33.652856 alarm(300)        = 299
17758 14:07:33.652870 recv(0, "PASV\r\n", 4096, MSG_PEEK) = 6
17758 14:07:33.652889 read(0, "PASV\r\n", 6) = 6
17758 14:07:33.652902 write(5, "\n", 1) = 1
17758 14:07:33.652916 read(5,  <unfinished ...>
17756 14:07:33.652925 <... read resumed> "\n", 1) = 1
17756 14:07:33.652935 write(4, "\1", 1) = 1
17758 14:07:33.652946 <... read resumed> "\1", 1) = 1
17758 14:07:33.652953 write(5, "\f", 1) = 1
17758 14:07:33.652964 read(5,  <unfinished ...>
17756 14:07:33.652971 read(4, "\f", 1)  = 1
17756 14:07:33.652984 socket(PF_INET, SOCK_STREAM, IPPROTO_TCP) = 5
17756 14:07:33.653000 setsockopt(5, SOL_SOCKET, SO_REUSEADDR, [1], 4) = 0
17756 14:07:33.653015 bind(5, {sa_family=AF_INET, sin_port=htons(11549), sin_addr=inet_addr("127.0.0.1")}, 16) = 0
17756 14:07:33.653032 listen(5, 1)      = 0
17756 14:07:33.653047 write(4, "\35-\0\0", 4) = 4
17758 14:07:33.653058 <... read resumed> "\35-\0\0", 4) = 4
17758 14:07:33.653071 write(0, "227 Entering Passive Mode (127,0,0,1,45,29).\r\n", 46) = 46
17758 14:07:33.653184 rt_sigaction(SIGALRM, {0x805cad0, ~[RTMIN RT_1], 0}, NULL, 8) = 0
17758 14:07:33.653201 alarm(300)        = 300
17758 14:07:33.653213 recv(0, "STOR myfile26\r\n", 4096, MSG_PEEK) = 15
17758 14:07:33.653226 read(0, "STOR myfile26\r\n", 15) = 15
17758 14:07:33.653240 write(5, "\v", 1) = 1
17758 14:07:33.653251 read(5,  <unfinished ...>
17756 14:07:33.653259 read(4, "\v", 1)  = 1
17756 14:07:33.653270 write(4, "\1\0\0\0", 4) = 4
17758 14:07:33.653329 <... read resumed> "\1\0\0\0", 4) = 4
17758 14:07:33.653343 gettimeofday({1495649253, 653347}, NULL) = 0
17758 14:07:33.653355 getcwd("/home/msfadmin", 4096) = 15
17758 14:07:33.653368 open("myfile26", O_WRONLY|O_CREAT|O_NONBLOCK|O_LARGEFILE, 0666) = 4
17758 14:07:33.653383 fstat64(4, {st_mode=S_IFREG|0644, st_size=17, ...}) = 0
17758 14:07:33.653401 fcntl64(4, F_GETFL) = 0x8801 (flags O_WRONLY|O_NONBLOCK|O_LARGEFILE)
17758 14:07:33.653413 fcntl64(4, F_SETFL, O_WRONLY|O_LARGEFILE) = 0
17758 14:07:33.653424 fcntl64(4, F_SETLKW64, {type=F_WRLCK, whence=SEEK_SET, start=0, len=0}, 0xbf9cdbc4) = 0
17758 14:07:33.653439 ftruncate64(4, 0) = 0
17758 14:07:33.653458 _llseek(4, 0, [0], SEEK_SET) = 0
17758 14:07:33.653470 write(5, "\v", 1) = 1
17758 14:07:33.653481 read(5,  <unfinished ...>
17756 14:07:33.653489 read(4, "\v", 1)  = 1
17756 14:07:33.653500 write(4, "\1\0\0\0", 4) = 4
17758 14:07:33.653511 <... read resumed> "\1\0\0\0", 4) = 4
17758 14:07:33.653519 write(5, "\v", 1) = 1
17758 14:07:33.653529 read(5,  <unfinished ...>
17756 14:07:33.653536 read(4, "\v", 1)  = 1
17756 14:07:33.653547 write(4, "\1\0\0\0", 4) = 4
17758 14:07:33.653558 <... read resumed> "\1\0\0\0", 4) = 4
17758 14:07:33.653565 write(5, "\r", 1) = 1
17758 14:07:33.653576 read(5,  <unfinished ...>
17756 14:07:33.653583 read(4, "\r", 1)  = 1
17756 14:07:33.653595 select(6, [5], NULL, NULL, {60, 0}) = 1 (in [5], left {60, 0})
17756 14:07:33.653612 accept(5, {sa_family=AF_INET, sin_port=htons(42159), sin_addr=inet_addr("127.0.0.1")}, [16]) = 6
17756 14:07:33.653634 write(4, "\1", 1) = 1
17758 14:07:33.653645 <... read resumed> "\1", 1) = 1
17758 14:07:33.653654 recvmsg(5,  <unfinished ...>
17756 14:07:33.653663 sendmsg(4, {msg_name(0)=NULL, msg_iov(1)=[{"\0", 1}], msg_controllen=16, {cmsg_len=16, cmsg_level=SOL_SOCKET, cmsg_type=SCM_RIGHTS, {6}}, msg_flags=0}, 0) = 1
17758 14:07:33.653681 <... recvmsg resumed> {msg_name(0)=NULL, msg_iov(1)=[{"\0", 1}], msg_controllen=16, {cmsg_len=16, cmsg_level=SOL_SOCKET, cmsg_type=SCM_RIGHTS, {6}}, msg_flags=0}, 0) = 1
17758 14:07:33.653694 setsockopt(6, SOL_SOCKET, SO_KEEPALIVE, [1], 4) = 0
17758 14:07:33.653707 setsockopt(6, SOL_IP, IP_TOS, [8], 4) = 0
17758 14:07:33.653719 setsockopt(6, SOL_SOCKET, SO_LINGER, {onoff=1, linger=32767}, 8) = 0
17758 14:07:33.653731 rt_sigaction(SIGALRM, {0x805cad0, ~[RTMIN RT_1], 0}, NULL, 8) = 0
17758 14:07:33.653745 alarm(300)        = 300
17758 14:07:33.653758 write(0, "150 Ok to send data.\r\n", 22) = 22
17758 14:07:33.653825 read(6, "assasaaa\na\na\na\na\n", 65536) = 17
17758 14:07:33.653840 write(4, "assasaaa\na\na\na\na\n", 17) = 17
17758 14:07:33.653856 read(6, "", 65536) = 0
17758 14:07:33.653867 rt_sigaction(SIGALRM, {0x805cad0, ~[RTMIN RT_1], 0}, NULL, 8) = 0
17758 14:07:33.653884 alarm(300)        = 300
17758 14:07:33.653894 close(6)          = 0
17758 14:07:33.653904 alarm(0)          = 300
17758 14:07:33.653914 gettimeofday({1495649253, 653918}, NULL) = 0
17758 14:07:33.653930 gettimeofday({1495649253, 653934}, NULL) = 0
17758 14:07:33.653945 fcntl64(3, F_SETLKW64, {type=F_WRLCK, whence=SEEK_SET, start=0, len=0}, 0xbf9cdb64) = 0
17758 14:07:33.653960 write(3, "Wed May 24 14:07:33 2017 [pid 17758] [msfadmin] OK UPLOAD: Client \"127.0.0.1\", \"/home/msfadmin/myfile26\", 17 bytes, 28.28Kbyte/sec\n", 131) = 131
17758 14:07:33.653981 fcntl64(3, F_SETLK64, {type=F_UNLCK, whence=SEEK_SET, start=0, len=0}, 0xbf9cdb6c) = 0
17758 14:07:33.653996 write(0, "226 Transfer complete.\r\n", 24) = 24
17758 14:07:33.654040 write(5, "\n", 1) = 1
17758 14:07:33.654052 read(5,  <unfinished ...>
17756 14:07:33.654060 close(6)          = 0
17756 14:07:33.654078 read(4, "\n", 1)  = 1
17756 14:07:33.654091 close(5)          = 0
17756 14:07:33.654102 write(4, "\1", 1) = 1
17758 14:07:33.654114 <... read resumed> "\1", 1) = 1
17758 14:07:33.654121 close(4)          = 0
17758 14:07:33.654132 rt_sigaction(SIGALRM, {0x805cad0, ~[RTMIN RT_1], 0}, NULL, 8) = 0
17758 14:07:33.654146 alarm(300)        = 0
17758 14:07:33.654158 recv(0,  <unfinished ...>
17756 14:07:33.654165 read(4,  <unfinished ...>
17755 14:07:34.032721 <... recv resumed> "USER msfadmin\r\n", 4096, MSG_PEEK) = 15
17755 14:07:34.032762 read(0, "USER msfadmin\r\n", 15) = 15
17755 14:07:34.032787 write(0, "331 Any password will do.\r\n", 27) = 27
17755 14:07:34.032834 rt_sigaction(SIGALRM, {0x805cad0, ~[RTMIN RT_1], 0}, NULL, 8) = 0
17755 14:07:34.032852 alarm(300)        = 299
17755 14:07:34.032865 recv(0, "PASS msfadmin\r\n", 4096, MSG_PEEK) = 15
17755 14:07:34.032878 read(0, "PASS msfadmin\r\n", 15) = 15
17755 14:07:34.032895 write(0, "230 Already logged in.\r\n", 24) = 24
17755 14:07:34.032976 rt_sigaction(SIGALRM, {0x805cad0, ~[RTMIN RT_1], 0}, NULL, 8) = 0
17755 14:07:34.032993 alarm(300)        = 300
17755 14:07:34.033005 recv(0, "TYPE I\r\n", 4096, MSG_PEEK) = 8
17755 14:07:34.033017 read(0, "TYPE I\r\n", 8) = 8
17755 14:07:34.033032 write(0, "200 Switching to Binary mode.\r\n", 31) = 31
17755 14:07:34.033069 rt_sigaction(SIGALRM, {0x805cad0, ~[RTMIN RT_1], 0}, NULL, 8) = 0
17755 14:07:34.033084 alarm(300)        = 300
17755 14:07:34.033096 recv(0, "PASV\r\n", 4096, MSG_PEEK) = 6
17755 14:07:34.033108 read(0, "PASV\r\n", 6) = 6
17755 14:07:34.033120 write(5, "\n", 1 <unfinished ...>
17753 14:07:34.033132 <... read resumed> "\n", 1) = 1
17755 14:07:34.033137 <... write resumed> ) = 1
17753 14:07:34.033145 write(4, "\1", 1) = 1
17753 14:07:34.033156 read(4,  <unfinished ...>
17755 14:07:34.033164 read(5, "\1", 1)  = 1
17755 14:07:34.033176 write(5, "\f", 1 <unfinished ...>
17753 14:07:34.033183 <... read resumed> "\f", 1) = 1
17755 14:07:34.033189 <... write resumed> ) = 1
17753 14:07:34.033196 socket(PF_INET, SOCK_STREAM, IPPROTO_TCP) = 5
17753 14:07:34.033212 setsockopt(5, SOL_SOCKET, SO_REUSEADDR, [1], 4) = 0
17753 14:07:34.033227 bind(5, {sa_family=AF_INET, sin_port=htons(49594), sin_addr=inet_addr("127.0.0.1")}, 16) = 0
17753 14:07:34.033244 listen(5, 1)      = 0
17753 14:07:34.033258 write(4, "\272\301\0\0", 4) = 4
17753 14:07:34.033270 read(4,  <unfinished ...>
17755 14:07:34.033277 read(5, "\272\301\0\0", 4) = 4
17755 14:07:34.033311 write(0, "227 Entering Passive Mode (127,0,0,1,193,186).\r\n", 48) = 48
17755 14:07:34.033441 rt_sigaction(SIGALRM, {0x805cad0, ~[RTMIN RT_1], 0}, NULL, 8) = 0
17755 14:07:34.033458 alarm(300)        = 300
17755 14:07:34.033470 recv(0, "RETR myfile37\r\n", 4096, MSG_PEEK) = 15
17755 14:07:34.033483 read(0, "RETR myfile37\r\n", 15) = 15
17755 14:07:34.033496 write(5, "\v", 1 <unfinished ...>
17753 14:07:34.033505 <... read resumed> "\v", 1) = 1
17755 14:07:34.033510 <... write resumed> ) = 1
17753 14:07:34.033517 write(4, "\1\0\0\0", 4) = 4
17753 14:07:34.033528 read(4,  <unfinished ...>
17755 14:07:34.033536 read(5, "\1\0\0\0", 4) = 4
17755 14:07:34.033555 gettimeofday({1495649254, 33560}, NULL) = 0
17755 14:07:34.033568 getcwd("/home/msfadmin", 4096) = 15
17755 14:07:34.033581 open("myfile37", O_RDONLY|O_NONBLOCK|O_LARGEFILE) = 4
17755 14:07:34.033595 fcntl64(4, F_SETLKW64, {type=F_RDLCK, whence=SEEK_SET, start=0, len=0}, 0xbffe01f4) = 0
17755 14:07:34.033611 fstat64(4, {st_mode=S_IFREG|0644, st_size=17, ...}) = 0
17755 14:07:34.033629 fcntl64(4, F_GETFL) = 0x8800 (flags O_RDONLY|O_NONBLOCK|O_LARGEFILE)
17755 14:07:34.033640 fcntl64(4, F_SETFL, O_RDONLY|O_LARGEFILE) = 0
17755 14:07:34.033652 write(5, "\v", 1 <unfinished ...>
17753 14:07:34.033660 <... read resumed> "\v", 1) = 1
17755 14:07:34.033666 <... write resumed> ) = 1
17753 14:07:34.033672 write(4, "\1\0\0\0", 4) = 4
17753 14:07:34.033683 read(4,  <unfinished ...>
17755 14:07:34.033690 read(5, "\1\0\0\0", 4) = 4
17755 14:07:34.033702 write(5, "\v", 1 <unfinished ...>
17753 14:07:34.033710 <... read resumed> "\v", 1) = 1
17755 14:07:34.033714 <... write resumed> ) = 1
17753 14:07:34.033721 write(4, "\1\0\0\0", 4) = 4
17753 14:07:34.033732 read(4,  <unfinished ...>
17755 14:07:34.033739 read(5, "\1\0\0\0", 4) = 4
17755 14:07:34.033751 write(5, "\r", 1 <unfinished ...>
17753 14:07:34.033758 <... read resumed> "\r", 1) = 1
17755 14:07:34.033763 <... write resumed> ) = 1
17753 14:07:34.033771 select(6, [5], NULL, NULL, {60, 0}) = 1 (in [5], left {60, 0})
17753 14:07:34.033787 accept(5, {sa_family=AF_INET, sin_port=htons(54938), sin_addr=inet_addr("127.0.0.1")}, [16]) = 6
17753 14:07:34.033809 write(4, "\1", 1) = 1
17753 14:07:34.033822 sendmsg(4, {msg_name(0)=NULL, msg_iov(1)=[{"\0", 1}], msg_controllen=16, {cmsg_len=16, cmsg_level=SOL_SOCKET, cmsg_type=SCM_RIGHTS, {6}}, msg_flags=0}, 0) = 1
17753 14:07:34.033839 close(6)          = 0
17753 14:07:34.033849 read(4,  <unfinished ...>
17755 14:07:34.033857 read(5, "\1", 1)  = 1
17755 14:07:34.033870 recvmsg(5, {msg_name(0)=NULL, msg_iov(1)=[{"\0", 1}], msg_controllen=16, {cmsg_len=16, cmsg_level=SOL_SOCKET, cmsg_type=SCM_RIGHTS, {6}}, msg_flags=0}, 0) = 1
17755 14:07:34.033889 setsockopt(6, SOL_SOCKET, SO_KEEPALIVE, [1], 4) = 0
17755 14:07:34.033901 setsockopt(6, SOL_IP, IP_TOS, [8], 4) = 0
17755 14:07:34.033914 setsockopt(6, SOL_SOCKET, SO_LINGER, {onoff=1, linger=32767}, 8) = 0
17755 14:07:34.033926 rt_sigaction(SIGALRM, {0x805cad0, ~[RTMIN RT_1], 0}, NULL, 8) = 0
17755 14:07:34.033940 alarm(300)        = 300
17755 14:07:34.033953 write(0, "150 Opening BINARY mode data connection for myfile37 (17 bytes).\r\n", 66) = 66
17755 14:07:34.033994 _llseek(4, 0, [0], SEEK_CUR) = 0
17755 14:07:34.034007 fstat64(4, {st_mode=S_IFREG|0644, st_size=17, ...}) = 0
17755 14:07:34.034025 _llseek(4, 0, [0], SEEK_SET) = 0
17755 14:07:34.034036 sendfile(6, 4, NULL, 17) = 17
17755 14:07:34.034067 rt_sigaction(SIGALRM, {0x805cad0, ~[RTMIN RT_1], 0}, NULL, 8) = 0
17755 14:07:34.034081 alarm(300)        = 300
17755 14:07:34.034092 close(6)          = 0
17755 14:07:34.034128 alarm(0)          = 300
17755 14:07:34.034140 gettimeofday({1495649254, 34144}, NULL) = 0
17755 14:07:34.034155 gettimeofday({1495649254, 34160}, NULL) = 0
17755 14:07:34.034171 fcntl64(3, F_SETLKW64, {type=F_WRLCK, whence=SEEK_SET, start=0, len=0}, 0xbffe0194) = 0
17755 14:07:34.034186 write(3, "Wed May 24 14:07:34 2017 [pid 17755] [msfadmin] OK DOWNLOAD: Client \"127.0.0.1\", \"/home/msfadmin/myfile37\", 17 bytes, 27.67Kbyte/sec\n", 133) = 133
17755 14:07:34.034208 fcntl64(3, F_SETLK64, {type=F_UNLCK, whence=SEEK_SET, start=0, len=0}, 0xbffe019c) = 0
17755 14:07:34.034223 write(0, "226 Transfer complete.\r\n", 24) = 24
17755 14:07:34.034429 write(5, "\n", 1 <unfinished ...>
17753 14:07:34.034440 <... read resumed> "\n", 1) = 1
17755 14:07:34.034446 <... write resumed> ) = 1
17753 14:07:34.034452 close(5)          = 0
17753 14:07:34.034465 write(4, "\1", 1) = 1
17753 14:07:34.034476 read(4,  <unfinished ...>
17755 14:07:34.034483 read(5, "\1", 1)  = 1
17755 14:07:34.034495 close(4)          = 0
17755 14:07:34.034506 rt_sigaction(SIGALRM, {0x805cad0, ~[RTMIN RT_1], 0}, NULL, 8) = 0
17755 14:07:34.034520 alarm(300)        = 0
17755 14:07:34.034535 recv(0,  <unfinished ...>
17758 14:07:34.192785 <... recv resumed> "TYPE I\r\n", 4096, MSG_PEEK) = 8
17758 14:07:34.192816 read(0, "TYPE I\r\n", 8) = 8
17758 14:07:34.192838 write(0, "200 Switching to Binary mode.\r\n", 31) = 31
17758 14:07:34.192888 rt_sigaction(SIGALRM, {0x805cad0, ~[RTMIN RT_1], 0}, NULL, 8) = 0
17758 14:07:34.192922 alarm(300)        = 299
17758 14:07:34.192937 recv(0, "PASV\r\n", 4096, MSG_PEEK) = 6
17758 14:07:34.192949 read(0, "PASV\r\n", 6) = 6
17758 14:07:34.192962 write(5, "\n", 1) = 1
17758 14:07:34.192975 read(5,  <unfinished ...>
17756 14:07:34.192985 <... read resumed> "\n", 1) = 1
17756 14:07:34.192994 write(4, "\1", 1) = 1
17758 14:07:34.193005 <... read resumed> "\1", 1) = 1
17758 14:07:34.193013 write(5, "\f", 1) = 1
17758 14:07:34.193023 read(5,  <unfinished ...>
17756 14:07:34.193031 read(4, "\f", 1)  = 1
17756 14:07:34.193043 socket(PF_INET, SOCK_STREAM, IPPROTO_TCP) = 5
17756 14:07:34.193060 setsockopt(5, SOL_SOCKET, SO_REUSEADDR, [1], 4) = 0
17756 14:07:34.193075 bind(5, {sa_family=AF_INET, sin_port=htons(59871), sin_addr=inet_addr("127.0.0.1")}, 16) = 0
17756 14:07:34.193092 listen(5, 1)      = 0
17756 14:07:34.193107 write(4, "\337\351\0\0", 4) = 4
17758 14:07:34.193119 <... read resumed> "\337\351\0\0", 4) = 4
17758 14:07:34.193131 write(0, "227 Entering Passive Mode (127,0,0,1,233,223).\r\n", 48) = 48
17758 14:07:34.193245 rt_sigaction(SIGALRM, {0x805cad0, ~[RTMIN RT_1], 0}, NULL, 8) = 0
17758 14:07:34.193262 alarm(300)        = 300
17758 14:07:34.193274 recv(0, "STOR myfile27\r\n", 4096, MSG_PEEK) = 15
17758 14:07:34.193287 read(0, "STOR myfile27\r\n", 15) = 15
17758 14:07:34.193301 write(5, "\v", 1) = 1
17758 14:07:34.193312 read(5,  <unfinished ...>
17756 14:07:34.193320 read(4, "\v", 1)  = 1
17756 14:07:34.193331 write(4, "\1\0\0\0", 4) = 4
17758 14:07:34.193342 <... read resumed> "\1\0\0\0", 4) = 4
17758 14:07:34.193350 gettimeofday({1495649254, 193355}, NULL) = 0
17758 14:07:34.193362 getcwd("/home/msfadmin", 4096) = 15
17758 14:07:34.193375 open("myfile27", O_WRONLY|O_CREAT|O_NONBLOCK|O_LARGEFILE, 0666) = 4
