24632 15:23:55.954711 connect(4, {sa_family=AF_FILE, path="/var/run/nscd/socket"}, 110) = -1 ENOENT (No such file or directory)
24632 15:23:55.954729 close(4)          = 0
24632 15:23:55.954752 open("/etc/group", O_RDONLY|0x80000 /* O_??? */) = 4
24632 15:23:55.954767 _llseek(4, 0, [0], SEEK_CUR) = 0
24632 15:23:55.954779 fstat64(4, {st_mode=S_IFREG|0644, st_size=886, ...}) = 0
24632 15:23:55.954797 mmap2(NULL, 886, PROT_READ, MAP_SHARED, 4, 0) = 0xb7fb9000
24632 15:23:55.954808 _llseek(4, 886, [886], SEEK_SET) = 0
24632 15:23:55.954832 fstat64(4, {st_mode=S_IFREG|0644, st_size=886, ...}) = 0
24632 15:23:55.954850 munmap(0xb7fb9000, 886) = 0
24632 15:23:55.954860 close(4)          = 0
24632 15:23:55.954870 setgroups32(13, [1000, 4, 20, 24, 25, 29, 30, 44, 46, 107, 111, 112, 119]) = 0
24632 15:23:55.954903 geteuid32()       = 0
24632 15:23:55.954915 getegid32()       = 0
24632 15:23:55.954935 setregid32(-1, 1000) = 0
24632 15:23:55.954946 setreuid32(-1, 1000) = 0
24632 15:23:55.954957 chdir("/home/msfadmin") = 0
24632 15:23:55.954969 setreuid32(-1, 0) = 0
24632 15:23:55.954978 setregid32(-1, 0) = 0
24632 15:23:55.954988 setgid32(1000)    = 0
24632 15:23:55.954998 setuid32(1000)    = 0
24632 15:23:55.955008 setrlimit(RLIMIT_NPROC, {rlim_cur=0, rlim_max=0}) = 0
24632 15:23:55.955022 mmap2(NULL, 12288, PROT_READ|PROT_WRITE, MAP_PRIVATE|MAP_ANONYMOUS, -1, 0) = 0xb7fb7000
24632 15:23:55.955033 mprotect(0xb7fb9000, 4096, PROT_NONE) = 0
24632 15:23:55.955045 mprotect(0xb7fb7000, 4096, PROT_NONE) = 0
24632 15:23:55.955056 getcwd("/home/msfadmin", 4096) = 15
24632 15:23:55.955069 umask(022)        = 077
24632 15:23:55.955079 getcwd("/home/msfadmin", 4096) = 15
24632 15:23:55.955093 open(".message", O_RDONLY|O_NONBLOCK|O_LARGEFILE) = -1 ENOENT (No such file or directory)
24632 15:23:55.955119 write(0, "230 Login successful.\r\n", 23) = 23
24632 15:23:55.955198 rt_sigaction(SIGALRM, {0x805cad0, ~[RTMIN RT_1], 0}, NULL, 8) = 0
24632 15:23:55.955215 alarm(300)        = 0
24632 15:23:55.955226 mmap2(NULL, 12288, PROT_READ|PROT_WRITE, MAP_PRIVATE|MAP_ANONYMOUS, -1, 0) = 0xb7fb4000
24632 15:23:55.955237 mprotect(0xb7fb6000, 4096, PROT_NONE) = 0
24632 15:23:55.955249 mprotect(0xb7fb4000, 4096, PROT_NONE) = 0
24632 15:23:55.955261 recv(0, "TYPE I\r\n", 4096, MSG_PEEK) = 8
24632 15:23:55.955274 read(0, "TYPE I\r\n", 8) = 8
24632 15:23:55.955291 write(0, "200 Switching to Binary mode.\r\n", 31) = 31
24632 15:23:55.955330 rt_sigaction(SIGALRM, {0x805cad0, ~[RTMIN RT_1], 0}, NULL, 8) = 0
24632 15:23:55.955345 alarm(300)        = 300
24632 15:23:55.955356 recv(0, "PASV\r\n", 4096, MSG_PEEK) = 6
24632 15:23:55.955367 read(0, "PASV\r\n", 6) = 6
24632 15:23:55.955402 write(5, "\n", 1) = 1
24632 15:23:55.955416 read(5,  <unfinished ...>
24630 15:23:55.955439 close(5)          = 0
24630 15:23:55.955451 getuid32()        = 0
24630 15:23:55.955466 open("/etc/passwd", O_RDONLY|0x80000 /* O_??? */) = 5
24630 15:23:55.955480 _llseek(5, 0, [0], SEEK_CUR) = 0
24630 15:23:55.955493 fstat64(5, {st_mode=S_IFREG|0644, st_size=1624, ...}) = 0
24630 15:23:55.955510 mmap2(NULL, 1624, PROT_READ, MAP_SHARED, 5, 0) = 0xb7fb9000
24630 15:23:55.955522 _llseek(5, 1624, [1624], SEEK_SET) = 0
24630 15:23:55.955539 munmap(0xb7fb9000, 1624) = 0
24630 15:23:55.955550 close(5)          = 0
24630 15:23:55.955566 setgroups32(0, []) = 0
24630 15:23:55.955577 chdir("/usr/share/empty") = 0
24630 15:23:55.955589 chroot(".")       = 0
24630 15:23:55.955600 capset(NULL, NULL) = -1 EFAULT (Bad address)
24630 15:23:55.955613 prctl(0x8, 0, 0xbfb8c628, 0x80549a6, 0xbfb8c610) = 0
24630 15:23:55.955624 prctl(0x8, 0x1, 0xbfb8c628, 0x8054a49, 0xbfb8c610) = 0
24630 15:23:55.955634 setgid32(65534)   = 0
24630 15:23:55.955644 setuid32(65534)   = 0
24630 15:23:55.955654 capset(0x19980330, 0, {CAP_NET_BIND_SERVICE, CAP_NET_BIND_SERVICE, 0}) = 0
24630 15:23:55.955666 read(4, "\n", 1)  = 1
24630 15:23:55.955679 write(4, "\1", 1) = 1
24632 15:23:55.955690 <... read resumed> "\1", 1) = 1
24632 15:23:55.955697 write(5, "\f", 1) = 1
24632 15:23:55.955708 read(5,  <unfinished ...>
24630 15:23:55.955714 read(4, "\f", 1)  = 1
24630 15:23:55.955727 socket(PF_INET, SOCK_STREAM, IPPROTO_TCP) = 5
24630 15:23:55.955740 setsockopt(5, SOL_SOCKET, SO_REUSEADDR, [1], 4) = 0
24630 15:23:55.955751 gettimeofday({1495653835, 955755}, NULL) = 0
24630 15:23:55.955767 bind(5, {sa_family=AF_INET, sin_port=htons(29080), sin_addr=inet_addr("127.0.0.1")}, 16) = 0
24630 15:23:55.955783 listen(5, 1)      = 0
24630 15:23:55.955795 write(4, "\230q\0\0", 4) = 4
24632 15:23:55.955806 <... read resumed> "\230q\0\0", 4) = 4
24632 15:23:55.955820 write(0, "227 Entering Passive Mode (127,0,0,1,113,152).\r\n", 48) = 48
24632 15:23:55.955960 rt_sigaction(SIGALRM, {0x805cad0, ~[RTMIN RT_1], 0}, NULL, 8) = 0
24632 15:23:55.955979 alarm(300)        = 300
24632 15:23:55.955990 recv(0, "STOR myfile34\r\n", 4096, MSG_PEEK) = 15
24632 15:23:55.956003 read(0, "STOR myfile34\r\n", 15) = 15
24632 15:23:55.956018 write(5, "\v", 1) = 1
24632 15:23:55.956029 read(5,  <unfinished ...>
24630 15:23:55.956036 read(4, "\v", 1)  = 1
24630 15:23:55.956047 write(4, "\1\0\0\0", 4) = 4
24632 15:23:55.956058 <... read resumed> "\1\0\0\0", 4) = 4
24632 15:23:55.956066 gettimeofday({1495653835, 956070}, NULL) = 0
24632 15:23:55.956077 getcwd("/home/msfadmin", 4096) = 15
24632 15:23:55.956090 open("myfile34", O_WRONLY|O_CREAT|O_NONBLOCK|O_LARGEFILE, 0666) = 4
24632 15:23:55.956104 fstat64(4, {st_mode=S_IFREG|0644, st_size=17, ...}) = 0
24632 15:23:55.956121 fcntl64(4, F_GETFL) = 0x8801 (flags O_WRONLY|O_NONBLOCK|O_LARGEFILE)
24632 15:23:55.956131 fcntl64(4, F_SETFL, O_WRONLY|O_LARGEFILE) = 0
24632 15:23:55.956141 fcntl64(4, F_SETLKW64, {type=F_WRLCK, whence=SEEK_SET, start=0, len=0}, 0xbfb8c574) = 0
24632 15:23:55.956156 ftruncate64(4, 0) = 0
24632 15:23:55.956176 _llseek(4, 0, [0], SEEK_SET) = 0
24632 15:23:55.956191 write(5, "\v", 1) = 1
24632 15:23:55.956202 read(5,  <unfinished ...>
24630 15:23:55.956209 read(4, "\v", 1)  = 1
24630 15:23:55.956220 write(4, "\1\0\0\0", 4) = 4
24632 15:23:55.956230 <... read resumed> "\1\0\0\0", 4) = 4
24632 15:23:55.956238 write(5, "\v", 1) = 1
24632 15:23:55.956248 read(5,  <unfinished ...>
24630 15:23:55.956255 read(4, "\v", 1)  = 1
24630 15:23:55.956265 write(4, "\1\0\0\0", 4) = 4
24632 15:23:55.956275 <... read resumed> "\1\0\0\0", 4) = 4
24632 15:23:55.956283 write(5, "\r", 1) = 1
24632 15:23:55.956293 read(5,  <unfinished ...>
24630 15:23:55.956299 read(4, "\r", 1)  = 1
24630 15:23:55.956312 select(6, [5], NULL, NULL, {60, 0}) = 1 (in [5], left {60, 0})
24630 15:23:55.956328 accept(5, {sa_family=AF_INET, sin_port=htons(54303), sin_addr=inet_addr("127.0.0.1")}, [16]) = 6
24630 15:23:55.956351 write(4, "\1", 1) = 1
24632 15:23:55.956382 <... read resumed> "\1", 1) = 1
24632 15:23:55.956396 recvmsg(5,  <unfinished ...>
24630 15:23:55.956407 sendmsg(4, {msg_name(0)=NULL, msg_iov(1)=[{"\0", 1}], msg_controllen=16, {cmsg_len=16, cmsg_level=SOL_SOCKET, cmsg_type=SCM_RIGHTS, {6}}, msg_flags=0}, 0) = 1
24632 15:23:55.956434 <... recvmsg resumed> {msg_name(0)=NULL, msg_iov(1)=[{"\0", 1}], msg_controllen=16, {cmsg_len=16, cmsg_level=SOL_SOCKET, cmsg_type=SCM_RIGHTS, {6}}, msg_flags=0}, 0) = 1
24632 15:23:55.956448 setsockopt(6, SOL_SOCKET, SO_KEEPALIVE, [1], 4) = 0
24632 15:23:55.956460 setsockopt(6, SOL_IP, IP_TOS, [8], 4) = 0
24632 15:23:55.956472 setsockopt(6, SOL_SOCKET, SO_LINGER, {onoff=1, linger=32767}, 8) = 0
24632 15:23:55.956483 rt_sigaction(SIGALRM, {0x805cad0, ~[RTMIN RT_1], 0}, NULL, 8) = 0
24632 15:23:55.956497 alarm(300)        = 300
24632 15:23:55.956509 write(0, "150 Ok to send data.\r\n", 22) = 22
24632 15:23:55.956577 mmap2(NULL, 77824, PROT_READ|PROT_WRITE, MAP_PRIVATE|MAP_ANONYMOUS, -1, 0) = 0xb7dee000
24632 15:23:55.956592 mprotect(0xb7e00000, 4096, PROT_NONE) = 0
24632 15:23:55.956604 mprotect(0xb7dee000, 4096, PROT_NONE) = 0
24632 15:23:55.956614 read(6, "assasaaa\na\na\na\na\n", 65536) = 17
24632 15:23:55.956627 write(4, "assasaaa\na\na\na\na\n", 17) = 17
24632 15:23:55.956645 read(6, "", 65536) = 0
24632 15:23:55.956656 rt_sigaction(SIGALRM, {0x805cad0, ~[RTMIN RT_1], 0}, NULL, 8) = 0
24632 15:23:55.956669 alarm(300)        = 300
24632 15:23:55.956679 close(6)          = 0
24632 15:23:55.956688 alarm(0)          = 300
24632 15:23:55.956697 gettimeofday({1495653835, 956701}, NULL) = 0
24632 15:23:55.956715 getpid()          = 24632
24632 15:23:55.956726 gettimeofday({1495653835, 956751}, NULL) = 0
24632 15:23:55.956775 fcntl64(3, F_SETLKW64, {type=F_WRLCK, whence=SEEK_SET, start=0, len=0}, 0xbfb8c514) = 0
24632 15:23:55.956791 write(3, "Wed May 24 15:23:55 2017 [pid 24632] [msfadmin] OK UPLOAD: Client \"127.0.0.1\", \"/home/msfadmin/myfile34\", 17 bytes, 24.38Kbyte/sec\n", 131) = 131
24632 15:23:55.956812 fcntl64(3, F_SETLK64, {type=F_UNLCK, whence=SEEK_SET, start=0, len=0}, 0xbfb8c51c) = 0
24632 15:23:55.956826 write(0, "226 Transfer complete.\r\n", 24) = 24
24632 15:23:55.956894 write(5, "\n", 1) = 1
24632 15:23:55.956917 read(5,  <unfinished ...>
24630 15:23:55.956924 close(6)          = 0
24630 15:23:55.956944 read(4, "\n", 1)  = 1
24630 15:23:55.956956 close(5)          = 0
24630 15:23:55.956967 write(4, "\1", 1) = 1
24632 15:23:55.956977 <... read resumed> "\1", 1) = 1
24632 15:23:55.956984 close(4)          = 0
24632 15:23:55.956995 rt_sigaction(SIGALRM, {0x805cad0, ~[RTMIN RT_1], 0}, NULL, 8) = 0
24632 15:23:55.957009 alarm(300)        = 0
24632 15:23:55.957020 recv(0,  <unfinished ...>
24630 15:23:55.957027 read(4,  <unfinished ...>
24632 15:23:56.494132 <... recv resumed> "TYPE I\r\n", 4096, MSG_PEEK) = 8
24632 15:23:56.494162 read(0, "TYPE I\r\n", 8) = 8
24632 15:23:56.494183 write(0, "200 Switching to Binary mode.\r\n", 31) = 31
24632 15:23:56.494231 rt_sigaction(SIGALRM, {0x805cad0, ~[RTMIN RT_1], 0}, NULL, 8) = 0
24632 15:23:56.494248 alarm(300)        = 299
24632 15:23:56.494261 recv(0, "PASV\r\n", 4096, MSG_PEEK) = 6
24632 15:23:56.494273 read(0, "PASV\r\n", 6) = 6
24632 15:23:56.494293 write(5, "\n", 1) = 1
24632 15:23:56.494306 read(5,  <unfinished ...>
24630 15:23:56.494314 <... read resumed> "\n", 1) = 1
24630 15:23:56.494324 write(4, "\1", 1) = 1
24632 15:23:56.494334 <... read resumed> "\1", 1) = 1
24632 15:23:56.494342 write(5, "\f", 1) = 1
24632 15:23:56.494351 read(5,  <unfinished ...>
24630 15:23:56.494358 read(4, "\f", 1)  = 1
24630 15:23:56.494370 socket(PF_INET, SOCK_STREAM, IPPROTO_TCP) = 5
24630 15:23:56.494386 setsockopt(5, SOL_SOCKET, SO_REUSEADDR, [1], 4) = 0
24630 15:23:56.494401 bind(5, {sa_family=AF_INET, sin_port=htons(37833), sin_addr=inet_addr("127.0.0.1")}, 16) = -1 EADDRINUSE (Address already in use)
24630 15:23:56.494421 bind(5, {sa_family=AF_INET, sin_port=htons(30824), sin_addr=inet_addr("127.0.0.1")}, 16) = 0
24630 15:23:56.494434 listen(5, 1)      = 0
24630 15:23:56.494447 write(4, "hx\0\0", 4) = 4
24632 15:23:56.494458 <... read resumed> "hx\0\0", 4) = 4
24632 15:23:56.494470 write(0, "227 Entering Passive Mode (127,0,0,1,120,104).\r\n", 48) = 48
24632 15:23:56.494583 rt_sigaction(SIGALRM, {0x805cad0, ~[RTMIN RT_1], 0}, NULL, 8) = 0
24632 15:23:56.494600 alarm(300)        = 300
24632 15:23:56.494611 recv(0, "STOR myfile35\r\n", 4096, MSG_PEEK) = 15
24632 15:23:56.494623 read(0, "STOR myfile35\r\n", 15) = 15
24632 15:23:56.494637 write(5, "\v", 1) = 1
24632 15:23:56.494647 read(5,  <unfinished ...>
24630 15:23:56.494654 read(4, "\v", 1)  = 1
24630 15:23:56.494666 write(4, "\1\0\0\0", 4) = 4
24632 15:23:56.494676 <... read resumed> "\1\0\0\0", 4) = 4
24632 15:23:56.494684 gettimeofday({1495653836, 494688}, NULL) = 0
24632 15:23:56.494695 getcwd("/home/msfadmin", 4096) = 15
24632 15:23:56.494708 open("myfile35", O_WRONLY|O_CREAT|O_NONBLOCK|O_LARGEFILE, 0666) = 4
24632 15:23:56.494722 fstat64(4, {st_mode=S_IFREG|0644, st_size=17, ...}) = 0
24632 15:23:56.494740 fcntl64(4, F_GETFL) = 0x8801 (flags O_WRONLY|O_NONBLOCK|O_LARGEFILE)
24632 15:23:56.494751 fcntl64(4, F_SETFL, O_WRONLY|O_LARGEFILE) = 0
24632 15:23:56.494761 fcntl64(4, F_SETLKW64, {type=F_WRLCK, whence=SEEK_SET, start=0, len=0}, 0xbfb8c574) = 0
24632 15:23:56.494775 ftruncate64(4, 0) = 0
24632 15:23:56.494794 _llseek(4, 0, [0], SEEK_SET) = 0
24632 15:23:56.494824 write(5, "\v", 1) = 1
24632 15:23:56.494838 read(5,  <unfinished ...>
24630 15:23:56.494845 read(4, "\v", 1)  = 1
24630 15:23:56.494866 write(4, "\1\0\0\0", 4) = 4
24632 15:23:56.494876 <... read resumed> "\1\0\0\0", 4) = 4
24632 15:23:56.494884 write(5, "\v", 1) = 1
24632 15:23:56.494894 read(5,  <unfinished ...>
24630 15:23:56.494900 read(4, "\v", 1)  = 1
24630 15:23:56.494911 write(4, "\1\0\0\0", 4) = 4
24632 15:23:56.494921 <... read resumed> "\1\0\0\0", 4) = 4
24632 15:23:56.494928 write(5, "\r", 1) = 1
24632 15:23:56.494938 read(5,  <unfinished ...>
24630 15:23:56.494945 read(4, "\r", 1)  = 1
24630 15:23:56.494957 select(6, [5], NULL, NULL, {60, 0}) = 1 (in [5], left {60, 0})
24630 15:23:56.494973 accept(5, {sa_family=AF_INET, sin_port=htons(40993), sin_addr=inet_addr("127.0.0.1")}, [16]) = 6
24630 15:23:56.494995 write(4, "\1", 1) = 1
24632 15:23:56.495005 <... read resumed> "\1", 1) = 1
24632 15:23:56.495014 recvmsg(5,  <unfinished ...>
24630 15:23:56.495022 sendmsg(4, {msg_name(0)=NULL, msg_iov(1)=[{"\0", 1}], msg_controllen=16, {cmsg_len=16, cmsg_level=SOL_SOCKET, cmsg_type=SCM_RIGHTS, {6}}, msg_flags=0}, 0) = 1
24632 15:23:56.495040 <... recvmsg resumed> {msg_name(0)=NULL, msg_iov(1)=[{"\0", 1}], msg_controllen=16, {cmsg_len=16, cmsg_level=SOL_SOCKET, cmsg_type=SCM_RIGHTS, {6}}, msg_flags=0}, 0) = 1
24632 15:23:56.495053 setsockopt(6, SOL_SOCKET, SO_KEEPALIVE, [1], 4) = 0
24632 15:23:56.495066 setsockopt(6, SOL_IP, IP_TOS, [8], 4) = 0
24632 15:23:56.495078 setsockopt(6, SOL_SOCKET, SO_LINGER, {onoff=1, linger=32767}, 8) = 0
24632 15:23:56.495089 rt_sigaction(SIGALRM, {0x805cad0, ~[RTMIN RT_1], 0}, NULL, 8) = 0
24632 15:23:56.495102 alarm(300)        = 300
24632 15:23:56.495115 write(0, "150 Ok to send data.\r\n", 22) = 22
24632 15:23:56.495181 read(6, "assasaaa\na\na\na\na\n", 65536) = 17
24632 15:23:56.495199 write(4, "assasaaa\na\na\na\na\n", 17) = 17
24632 15:23:56.495214 read(6, "", 65536) = 0
24632 15:23:56.495225 rt_sigaction(SIGALRM, {0x805cad0, ~[RTMIN RT_1], 0}, NULL, 8) = 0
24632 15:23:56.495238 alarm(300)        = 300
24632 15:23:56.495248 close(6)          = 0
24632 15:23:56.495257 alarm(0)          = 300
24632 15:23:56.495267 gettimeofday({1495653836, 495270}, NULL) = 0
24632 15:23:56.495282 gettimeofday({1495653836, 495286}, NULL) = 0
24632 15:23:56.495296 fcntl64(3, F_SETLKW64, {type=F_WRLCK, whence=SEEK_SET, start=0, len=0}, 0xbfb8c514) = 0
24632 15:23:56.495310 write(3, "Wed May 24 15:23:56 2017 [pid 24632] [msfadmin] OK UPLOAD: Client \"127.0.0.1\", \"/home/msfadmin/myfile35\", 17 bytes, 27.76Kbyte/sec\n", 131) = 131
24632 15:23:56.495332 fcntl64(3, F_SETLK64, {type=F_UNLCK, whence=SEEK_SET, start=0, len=0}, 0xbfb8c51c) = 0
24632 15:23:56.495346 write(0, "226 Transfer complete.\r\n", 24) = 24
24632 15:23:56.495389 write(5, "\n", 1) = 1
24632 15:23:56.495401 read(5,  <unfinished ...>
24630 15:23:56.495408 close(6)          = 0
24630 15:23:56.495425 read(4, "\n", 1)  = 1
24630 15:23:56.495436 close(5)          = 0
24630 15:23:56.495447 write(4, "\1", 1) = 1
24632 15:23:56.495458 <... read resumed> "\1", 1) = 1
24632 15:23:56.495465 close(4)          = 0
24632 15:23:56.495475 rt_sigaction(SIGALRM, {0x805cad0, ~[RTMIN RT_1], 0}, NULL, 8) = 0
24632 15:23:56.495488 alarm(300)        = 0
24632 15:23:56.495499 recv(0,  <unfinished ...>
24630 15:23:56.495507 read(4,  <unfinished ...>
24632 15:23:57.014180 <... recv resumed> "TYPE I\r\n", 4096, MSG_PEEK) = 8
24632 15:23:57.014211 read(0, "TYPE I\r\n", 8) = 8
24632 15:23:57.014232 write(0, "200 Switching to Binary mode.\r\n", 31) = 31
24632 15:23:57.014280 rt_sigaction(SIGALRM, {0x805cad0, ~[RTMIN RT_1], 0}, NULL, 8) = 0
24632 15:23:57.014298 alarm(300)        = 299
24632 15:23:57.014310 recv(0, "PASV\r\n", 4096, MSG_PEEK) = 6
24632 15:23:57.014322 read(0, "PASV\r\n", 6) = 6
24632 15:23:57.014334 write(5, "\n", 1) = 1
24632 15:23:57.014347 read(5,  <unfinished ...>
24630 15:23:57.014355 <... read resumed> "\n", 1) = 1
24630 15:23:57.014364 write(4, "\1", 1) = 1
24632 15:23:57.014375 <... read resumed> "\1", 1) = 1
24632 15:23:57.014382 write(5, "\f", 1) = 1
24632 15:23:57.014392 read(5,  <unfinished ...>
24630 15:23:57.014399 read(4, "\f", 1)  = 1
24630 15:23:57.014411 socket(PF_INET, SOCK_STREAM, IPPROTO_TCP) = 5
24630 15:23:57.014427 setsockopt(5, SOL_SOCKET, SO_REUSEADDR, [1], 4) = 0
24630 15:23:57.014441 bind(5, {sa_family=AF_INET, sin_port=htons(58877), sin_addr=inet_addr("127.0.0.1")}, 16) = 0
24630 15:23:57.014458 listen(5, 1)      = 0
24630 15:23:57.014472 write(4, "\375\345\0\0", 4) = 4
24632 15:23:57.014483 <... read resumed> "\375\345\0\0", 4) = 4
24632 15:23:57.014495 write(0, "227 Entering Passive Mode (127,0,0,1,229,253).\r\n", 48) = 48
24632 15:23:57.014604 rt_sigaction(SIGALRM, {0x805cad0, ~[RTMIN RT_1], 0}, NULL, 8) = 0
24632 15:23:57.014621 alarm(300)        = 300
24632 15:23:57.014632 recv(0, "STOR myfile36\r\n", 4096, MSG_PEEK) = 15
24632 15:23:57.014645 read(0, "STOR myfile36\r\n", 15) = 15
24632 15:23:57.014659 write(5, "\v", 1) = 1
24632 15:23:57.014669 read(5,  <unfinished ...>
24630 15:23:57.014677 read(4, "\v", 1)  = 1
24630 15:23:57.014688 write(4, "\1\0\0\0", 4) = 4
24632 15:23:57.014699 <... read resumed> "\1\0\0\0", 4) = 4
24632 15:23:57.014707 gettimeofday({1495653837, 14711}, NULL) = 0
24632 15:23:57.014718 getcwd("/home/msfadmin", 4096) = 15
24632 15:23:57.014731 open("myfile36", O_WRONLY|O_CREAT|O_NONBLOCK|O_LARGEFILE, 0666) = 4
24632 15:23:57.014745 fstat64(4, {st_mode=S_IFREG|0644, st_size=17, ...}) = 0
24632 15:23:57.014763 fcntl64(4, F_GETFL) = 0x8801 (flags O_WRONLY|O_NONBLOCK|O_LARGEFILE)
24632 15:23:57.014774 fcntl64(4, F_SETFL, O_WRONLY|O_LARGEFILE) = 0
24632 15:23:57.014784 fcntl64(4, F_SETLKW64, {type=F_WRLCK, whence=SEEK_SET, start=0, len=0}, 0xbfb8c574) = 0
24632 15:23:57.014798 ftruncate64(4, 0) = 0
24632 15:23:57.014817 _llseek(4, 0, [0], SEEK_SET) = 0
24632 15:23:57.014828 write(5, "\v", 1) = 1
24632 15:23:57.014845 read(5,  <unfinished ...>
24630 15:23:57.014853 read(4, "\v", 1)  = 1
24630 15:23:57.014907 write(4, "\1\0\0\0", 4) = 4
24632 15:23:57.014918 <... read resumed> "\1\0\0\0", 4) = 4
24632 15:23:57.014926 write(5, "\v", 1) = 1
24632 15:23:57.014936 read(5,  <unfinished ...>
24630 15:23:57.014943 read(4, "\v", 1)  = 1
24630 15:23:57.014954 write(4, "\1\0\0\0", 4) = 4
24632 15:23:57.014964 <... read resumed> "\1\0\0\0", 4) = 4
24632 15:23:57.014971 write(5, "\r", 1) = 1
24632 15:23:57.014981 read(5,  <unfinished ...>
24630 15:23:57.014988 read(4, "\r", 1)  = 1
24630 15:23:57.015000 select(6, [5], NULL, NULL, {60, 0}) = 1 (in [5], left {60, 0})
24630 15:23:57.015016 accept(5, {sa_family=AF_INET, sin_port=htons(45986), sin_addr=inet_addr("127.0.0.1")}, [16]) = 6
24630 15:23:57.015038 write(4, "\1", 1) = 1
24632 15:23:57.015049 <... read resumed> "\1", 1) = 1
24632 15:23:57.015057 recvmsg(5,  <unfinished ...>
24630 15:23:57.015066 sendmsg(4, {msg_name(0)=NULL, msg_iov(1)=[{"\0", 1}], msg_controllen=16, {cmsg_len=16, cmsg_level=SOL_SOCKET, cmsg_type=SCM_RIGHTS, {6}}, msg_flags=0}, 0) = 1
24632 15:23:57.015083 <... recvmsg resumed> {msg_name(0)=NULL, msg_iov(1)=[{"\0", 1}], msg_controllen=16, {cmsg_len=16, cmsg_level=SOL_SOCKET, cmsg_type=SCM_RIGHTS, {6}}, msg_flags=0}, 0) = 1
24632 15:23:57.015097 setsockopt(6, SOL_SOCKET, SO_KEEPALIVE, [1], 4) = 0
24632 15:23:57.015109 setsockopt(6, SOL_IP, IP_TOS, [8], 4) = 0
24632 15:23:57.015122 setsockopt(6, SOL_SOCKET, SO_LINGER, {onoff=1, linger=32767}, 8) = 0
24632 15:23:57.015133 rt_sigaction(SIGALRM, {0x805cad0, ~[RTMIN RT_1], 0}, NULL, 8) = 0
24632 15:23:57.015147 alarm(300)        = 300
24632 15:23:57.015159 write(0, "150 Ok to send data.\r\n", 22) = 22
24632 15:23:57.015225 read(6, "assasaaa\na\na\na\na\n", 65536) = 17
24632 15:23:57.015240 write(4, "assasaaa\na\na\na\na\n", 17) = 17
24632 15:23:57.015256 read(6, "", 65536) = 0
24632 15:23:57.015266 rt_sigaction(SIGALRM, {0x805cad0, ~[RTMIN RT_1], 0}, NULL, 8) = 0
24632 15:23:57.015280 alarm(300)        = 300
24632 15:23:57.015290 close(6)          = 0
24632 15:23:57.015299 alarm(0)          = 300
24632 15:23:57.015308 gettimeofday({1495653837, 15312}, NULL) = 0
24632 15:23:57.015324 gettimeofday({1495653837, 15327}, NULL) = 0
24632 15:23:57.015338 fcntl64(3, F_SETLKW64, {type=F_WRLCK, whence=SEEK_SET, start=0, len=0}, 0xbfb8c514) = 0
24632 15:23:57.015352 write(3, "Wed May 24 15:23:57 2017 [pid 24632] [msfadmin] OK UPLOAD: Client \"127.0.0.1\", \"/home/msfadmin/myfile36\", 17 bytes, 26.95Kbyte/sec\n", 131) = 131
24632 15:23:57.015374 fcntl64(3, F_SETLK64, {type=F_UNLCK, whence=SEEK_SET, start=0, len=0}, 0xbfb8c51c) = 0
24632 15:23:57.015388 write(0, "226 Transfer complete.\r\n", 24) = 24
24632 15:23:57.015431 write(5, "\n", 1) = 1
24632 15:23:57.015443 read(5,  <unfinished ...>
24630 15:23:57.015450 close(6)          = 0
24630 15:23:57.015469 read(4, "\n", 1)  = 1
24630 15:23:57.015480 close(5)          = 0
24630 15:23:57.015491 write(4, "\1", 1) = 1
24632 15:23:57.015502 <... read resumed> "\1", 1) = 1
24632 15:23:57.015509 close(4)          = 0
24632 15:23:57.015519 rt_sigaction(SIGALRM, {0x805cad0, ~[RTMIN RT_1], 0}, NULL, 8) = 0
24632 15:23:57.015533 alarm(300)        = 0
24632 15:23:57.015544 recv(0,  <unfinished ...>
24630 15:23:57.015552 read(4,  <unfinished ...>
