23635 15:07:44.932652 mmap2(NULL, 1624, PROT_READ, MAP_SHARED, 5, 0) = 0xb7f63000
23635 15:07:44.932663 _llseek(5, 1624, [1624], SEEK_SET) = 0
23635 15:07:44.932679 munmap(0xb7f63000, 1624) = 0
23635 15:07:44.932689 close(5)          = 0
23635 15:07:44.932701 open("/etc/shadow", O_RDONLY|0x80000 /* O_??? */) = 5
23635 15:07:44.932714 _llseek(5, 0, [0], SEEK_CUR) = 0
23635 15:07:44.932724 fstat64(5, {st_mode=S_IFREG|0640, st_size=1233, ...}) = 0
23635 15:07:44.932740 mmap2(NULL, 1233, PROT_READ, MAP_SHARED, 5, 0) = 0xb7f63000
23635 15:07:44.932751 _llseek(5, 1233, [1233], SEEK_SET) = 0
23635 15:07:44.932767 munmap(0xb7f63000, 1233) = 0
23635 15:07:44.932777 close(5)          = 0
23635 15:07:44.933035 getuid32()        = 0
23635 15:07:44.933049 open("/etc/passwd", O_RDONLY|0x80000 /* O_??? */) = 5
23635 15:07:44.933063 _llseek(5, 0, [0], SEEK_CUR) = 0
23635 15:07:44.933073 fstat64(5, {st_mode=S_IFREG|0644, st_size=1624, ...}) = 0
23635 15:07:44.933090 mmap2(NULL, 1624, PROT_READ, MAP_SHARED, 5, 0) = 0xb7f63000
23635 15:07:44.933101 _llseek(5, 1624, [1624], SEEK_SET) = 0
23635 15:07:44.933116 munmap(0xb7f63000, 1624) = 0
23635 15:07:44.933126 close(5)          = 0
23635 15:07:44.933140 open("/etc/shadow", O_RDONLY|0x80000 /* O_??? */) = 5
23635 15:07:44.933152 _llseek(5, 0, [0], SEEK_CUR) = 0
23635 15:07:44.933163 fstat64(5, {st_mode=S_IFREG|0640, st_size=1233, ...}) = 0
23635 15:07:44.933179 mmap2(NULL, 1233, PROT_READ, MAP_SHARED, 5, 0) = 0xb7f63000
23635 15:07:44.933190 _llseek(5, 1233, [1233], SEEK_SET) = 0
23635 15:07:44.933207 munmap(0xb7f63000, 1233) = 0
23635 15:07:44.933216 close(5)          = 0
23635 15:07:44.933228 time(NULL)        = 1495652864
23635 15:07:44.933243 munmap(0xb7f60000, 12164) = 0
23635 15:07:44.933256 munmap(0xb7f5e000, 7136) = 0
23635 15:07:44.933270 munmap(0xb7d93000, 95428) = 0
23635 15:07:44.933281 munmap(0xb7d59000, 201052) = 0
23635 15:07:44.933292 munmap(0xb7d40000, 101180) = 0
23635 15:07:44.933308 gettimeofday({1495652864, 933312}, NULL) = 0
23635 15:07:44.933320 stat64("/usr/share/zoneinfo/UTC+04:00", 0xbfdc3f34) = -1 ENOENT (No such file or directory)
23635 15:07:44.933335 open("/usr/share/zoneinfo/UTC+04:00", O_RDONLY) = -1 ENOENT (No such file or directory)
23635 15:07:44.933361 fcntl64(3, F_SETLKW64, {type=F_WRLCK, whence=SEEK_SET, start=0, len=0}, 0xbfdc4084) = 0
23635 15:07:44.933363 write(3, "Wed May 24 15:07:44 2017 [pid 23635] [msfadmin] OK LOGIN: Client \"127.0.0.1\"\n", 77) = 77
23635 15:07:44.933363 fcntl64(3, F_SETLK64, {type=F_UNLCK, whence=SEEK_SET, start=0, len=0}, 0xbfdc408c) = 0
23635 15:07:44.933364 rt_sigaction(SIGCHLD, {0x805cad0, ~[RTMIN RT_1], 0}, NULL, 8) = 0
23635 15:07:44.933364 write(4, "\1", 1 <unfinished ...>
23636 15:07:44.933364 <... read resumed> "\1", 1) = 1
23635 15:07:44.933364 <... write resumed> ) = 1
23636 15:07:44.933364 exit_group(0)     = ?
23635 15:07:44.933364 --- SIGCHLD (Child exited) @ 0 (0) ---
23635 15:07:44.933364 sigreturn()       = ? (mask now [])
23635 15:07:44.933365 wait4(-1, [{WIFEXITED(s) && WEXITSTATUS(s) == 0}], 0, NULL) = 23636
23635 15:07:44.933365 close(4)          = 0
23635 15:07:44.933365 socketpair(PF_FILE, SOCK_STREAM, 0, [4, 5]) = 0
23635 15:07:44.933380 rt_sigaction(SIGCHLD, {0x805cad0, ~[RTMIN RT_1], 0}, NULL, 8) = 0
23635 15:07:44.933394 rt_sigaction(SIGALRM, {0x805cb10, ~[RTMIN RT_1], 0}, NULL, 8) = 0
23635 15:07:44.933408 clone(child_stack=0, flags=CLONE_CHILD_CLEARTID|CLONE_CHILD_SETTID|SIGCHLD, child_tidptr=0xb7dc96f8) = 23637
23637 15:07:44.933458 prctl(0x1, 0x9, 0, 0, 0) = 0
23637 15:07:44.933472 close(4)          = 0
23637 15:07:44.933500 open("/etc/passwd", O_RDONLY|0x80000 /* O_??? */) = 4
23637 15:07:44.933517 _llseek(4, 0, [0], SEEK_CUR) = 0
23637 15:07:44.933532 fstat64(4, {st_mode=S_IFREG|0644, st_size=1624, ...}) = 0
23637 15:07:44.933577 mmap2(NULL, 1624, PROT_READ, MAP_SHARED, 4, 0) = 0xb7f63000
23637 15:07:44.933606 _llseek(4, 1624, [1624], SEEK_SET) = 0
23637 15:07:44.933629 munmap(0xb7f63000, 1624) = 0
23637 15:07:44.933641 close(4)          = 0
23637 15:07:44.933654 getuid32()        = 0
23637 15:07:44.933665 open("/etc/passwd", O_RDONLY|0x80000 /* O_??? */) = 4
23637 15:07:44.933678 _llseek(4, 0, [0], SEEK_CUR) = 0
23637 15:07:44.933688 fstat64(4, {st_mode=S_IFREG|0644, st_size=1624, ...}) = 0
23637 15:07:44.933705 mmap2(NULL, 1624, PROT_READ, MAP_SHARED, 4, 0) = 0xb7f63000
23637 15:07:44.933716 _llseek(4, 1624, [1624], SEEK_SET) = 0
23637 15:07:44.933732 munmap(0xb7f63000, 1624) = 0
23637 15:07:44.933741 close(4)          = 0
23637 15:07:44.933767 open("/proc/sys/kernel/ngroups_max", O_RDONLY) = 4
23637 15:07:44.933788 read(4, "65536\n", 31) = 6
23637 15:07:44.933800 close(4)          = 0
23637 15:07:44.933814 socket(PF_FILE, SOCK_STREAM, 0) = 4
23637 15:07:44.933826 fcntl64(4, F_SETFL, O_RDWR|O_NONBLOCK) = 0
23637 15:07:44.933837 connect(4, {sa_family=AF_FILE, path="/var/run/nscd/socket"}, 110) = -1 ENOENT (No such file or directory)
23637 15:07:44.933858 close(4)          = 0
23637 15:07:44.933870 socket(PF_FILE, SOCK_STREAM, 0) = 4
23637 15:07:44.933880 fcntl64(4, F_SETFL, O_RDWR|O_NONBLOCK) = 0
23637 15:07:44.933891 connect(4, {sa_family=AF_FILE, path="/var/run/nscd/socket"}, 110) = -1 ENOENT (No such file or directory)
23637 15:07:44.933909 close(4)          = 0
23637 15:07:44.933933 open("/etc/group", O_RDONLY|0x80000 /* O_??? */) = 4
23637 15:07:44.933947 _llseek(4, 0, [0], SEEK_CUR) = 0
23637 15:07:44.933958 fstat64(4, {st_mode=S_IFREG|0644, st_size=886, ...}) = 0
23637 15:07:44.933975 mmap2(NULL, 886, PROT_READ, MAP_SHARED, 4, 0) = 0xb7f63000
23637 15:07:44.933986 _llseek(4, 886, [886], SEEK_SET) = 0
23637 15:07:44.934010 fstat64(4, {st_mode=S_IFREG|0644, st_size=886, ...}) = 0
23637 15:07:44.934028 munmap(0xb7f63000, 886) = 0
23637 15:07:44.934038 close(4)          = 0
23637 15:07:44.934048 setgroups32(13, [1000, 4, 20, 24, 25, 29, 30, 44, 46, 107, 111, 112, 119]) = 0
23637 15:07:44.934064 geteuid32()       = 0
23637 15:07:44.934075 getegid32()       = 0
23637 15:07:44.934086 setregid32(-1, 1000) = 0
23637 15:07:44.934097 setreuid32(-1, 1000) = 0
23637 15:07:44.934107 chdir("/home/msfadmin") = 0
23637 15:07:44.934119 setreuid32(-1, 0) = 0
23637 15:07:44.934129 setregid32(-1, 0) = 0
23637 15:07:44.934139 setgid32(1000)    = 0
23637 15:07:44.934149 setuid32(1000)    = 0
23637 15:07:44.934159 setrlimit(RLIMIT_NPROC, {rlim_cur=0, rlim_max=0}) = 0
23637 15:07:44.934173 mmap2(NULL, 12288, PROT_READ|PROT_WRITE, MAP_PRIVATE|MAP_ANONYMOUS, -1, 0) = 0xb7f61000
23637 15:07:44.934184 mprotect(0xb7f63000, 4096, PROT_NONE) = 0
23637 15:07:44.934196 mprotect(0xb7f61000, 4096, PROT_NONE) = 0
23637 15:07:44.934207 getcwd("/home/msfadmin", 4096) = 15
23637 15:07:44.934220 umask(022)        = 077
23637 15:07:44.934230 getcwd("/home/msfadmin", 4096) = 15
23637 15:07:44.934244 open(".message", O_RDONLY|O_NONBLOCK|O_LARGEFILE) = -1 ENOENT (No such file or directory)
23637 15:07:44.934267 write(0, "230 Login successful.\r\n", 23) = 23
23637 15:07:44.934346 rt_sigaction(SIGALRM, {0x805cad0, ~[RTMIN RT_1], 0}, NULL, 8) = 0
23637 15:07:44.934363 alarm(300)        = 0
23637 15:07:44.934375 mmap2(NULL, 12288, PROT_READ|PROT_WRITE, MAP_PRIVATE|MAP_ANONYMOUS, -1, 0) = 0xb7f5e000
23637 15:07:44.934386 mprotect(0xb7f60000, 4096, PROT_NONE) = 0
23637 15:07:44.934397 mprotect(0xb7f5e000, 4096, PROT_NONE) = 0
23637 15:07:44.934410 recv(0, "TYPE I\r\n", 4096, MSG_PEEK) = 8
23637 15:07:44.934423 read(0, "TYPE I\r\n", 8) = 8
23637 15:07:44.934440 write(0, "200 Switching to Binary mode.\r\n", 31) = 31
23637 15:07:44.934480 rt_sigaction(SIGALRM, {0x805cad0, ~[RTMIN RT_1], 0}, NULL, 8) = 0
23637 15:07:44.934494 alarm(300)        = 300
23637 15:07:44.934506 recv(0, "PASV\r\n", 4096, MSG_PEEK) = 6
23637 15:07:44.934536 read(0, "PASV\r\n", 6) = 6
23637 15:07:44.934560 write(5, "\n", 1) = 1
23637 15:07:44.934571 read(5,  <unfinished ...>
23635 15:07:44.934583 close(5)          = 0
23635 15:07:44.934601 getuid32()        = 0
23635 15:07:44.934615 open("/etc/passwd", O_RDONLY|0x80000 /* O_??? */) = 5
23635 15:07:44.934630 _llseek(5, 0, [0], SEEK_CUR) = 0
23635 15:07:44.934643 fstat64(5, {st_mode=S_IFREG|0644, st_size=1624, ...}) = 0
23635 15:07:44.934660 mmap2(NULL, 1624, PROT_READ, MAP_SHARED, 5, 0) = 0xb7f63000
23635 15:07:44.934672 _llseek(5, 1624, [1624], SEEK_SET) = 0
23635 15:07:44.934689 munmap(0xb7f63000, 1624) = 0
23635 15:07:44.934701 close(5)          = 0
23635 15:07:44.934717 setgroups32(0, []) = 0
23635 15:07:44.934728 chdir("/usr/share/empty") = 0
23635 15:07:44.934740 chroot(".")       = 0
23635 15:07:44.934751 capset(NULL, NULL) = -1 EFAULT (Bad address)
23635 15:07:44.934765 prctl(0x8, 0, 0xbfdc4068, 0x80549a6, 0xbfdc4050) = 0
23635 15:07:44.934776 prctl(0x8, 0x1, 0xbfdc4068, 0x8054a49, 0xbfdc4050) = 0
23635 15:07:44.934786 setgid32(65534)   = 0
23635 15:07:44.934796 setuid32(65534)   = 0
23635 15:07:44.934805 capset(0x19980330, 0, {CAP_NET_BIND_SERVICE, CAP_NET_BIND_SERVICE, 0}) = 0
23635 15:07:44.934818 read(4, "\n", 1)  = 1
23635 15:07:44.934832 write(4, "\1", 1) = 1
23637 15:07:44.934843 <... read resumed> "\1", 1) = 1
23637 15:07:44.934851 write(5, "\f", 1) = 1
23637 15:07:44.934862 read(5,  <unfinished ...>
23635 15:07:44.934868 read(4, "\f", 1)  = 1
23635 15:07:44.934881 socket(PF_INET, SOCK_STREAM, IPPROTO_TCP) = 5
23635 15:07:44.934895 setsockopt(5, SOL_SOCKET, SO_REUSEADDR, [1], 4) = 0
23635 15:07:44.934906 gettimeofday({1495652864, 934910}, NULL) = 0
23635 15:07:44.934922 bind(5, {sa_family=AF_INET, sin_port=htons(10749), sin_addr=inet_addr("127.0.0.1")}, 16) = 0
23635 15:07:44.934938 listen(5, 1)      = 0
23635 15:07:44.934952 write(4, "\375)\0\0", 4) = 4
23637 15:07:44.934963 <... read resumed> "\375)\0\0", 4) = 4
23637 15:07:44.934977 write(0, "227 Entering Passive Mode (127,0,0,1,41,253).\r\n", 47) = 47
23637 15:07:44.935075 rt_sigaction(SIGALRM, {0x805cad0, ~[RTMIN RT_1], 0}, NULL, 8) = 0
23637 15:07:44.935093 alarm(300)        = 300
23637 15:07:44.935104 recv(0, "STOR myfile16\r\n", 4096, MSG_PEEK) = 15
23637 15:07:44.935117 read(0, "STOR myfile16\r\n", 15) = 15
23637 15:07:44.935132 write(5, "\v", 1) = 1
23637 15:07:44.935143 read(5,  <unfinished ...>
23635 15:07:44.935150 read(4, "\v", 1)  = 1
23635 15:07:44.935162 write(4, "\1\0\0\0", 4) = 4
23637 15:07:44.935173 <... read resumed> "\1\0\0\0", 4) = 4
23637 15:07:44.935181 gettimeofday({1495652864, 935185}, NULL) = 0
23637 15:07:44.935192 getcwd("/home/msfadmin", 4096) = 15
23637 15:07:44.935205 open("myfile16", O_WRONLY|O_CREAT|O_NONBLOCK|O_LARGEFILE, 0666) = 4
23637 15:07:44.935219 fstat64(4, {st_mode=S_IFREG|0644, st_size=17, ...}) = 0
23637 15:07:44.935236 fcntl64(4, F_GETFL) = 0x8801 (flags O_WRONLY|O_NONBLOCK|O_LARGEFILE)
23637 15:07:44.935247 fcntl64(4, F_SETFL, O_WRONLY|O_LARGEFILE) = 0
23637 15:07:44.935257 fcntl64(4, F_SETLKW64, {type=F_WRLCK, whence=SEEK_SET, start=0, len=0}, 0xbfdc3fb4) = 0
23637 15:07:44.935272 ftruncate64(4, 0) = 0
23637 15:07:44.935291 _llseek(4, 0, [0], SEEK_SET) = 0
23637 15:07:44.935302 write(5, "\v", 1) = 1
23637 15:07:44.935313 read(5,  <unfinished ...>
23635 15:07:44.935320 read(4, "\v", 1)  = 1
23635 15:07:44.935331 write(4, "\1\0\0\0", 4) = 4
23637 15:07:44.935342 <... read resumed> "\1\0\0\0", 4) = 4
23637 15:07:44.935350 write(5, "\v", 1) = 1
23637 15:07:44.935360 read(5,  <unfinished ...>
23635 15:07:44.935366 read(4, "\v", 1)  = 1
23635 15:07:44.935377 write(4, "\1\0\0\0", 4) = 4
23637 15:07:44.935387 <... read resumed> "\1\0\0\0", 4) = 4
23637 15:07:44.935395 write(5, "\r", 1) = 1
23637 15:07:44.935405 read(5,  <unfinished ...>
23635 15:07:44.935412 read(4, "\r", 1)  = 1
23635 15:07:44.935425 select(6, [5], NULL, NULL, {60, 0}) = 1 (in [5], left {60, 0})
23635 15:07:44.935441 accept(5, {sa_family=AF_INET, sin_port=htons(35996), sin_addr=inet_addr("127.0.0.1")}, [16]) = 6
23635 15:07:44.935463 write(4, "\1", 1) = 1
23637 15:07:44.935474 <... read resumed> "\1", 1) = 1
23637 15:07:44.935616 recvmsg(5,  <unfinished ...>
23635 15:07:44.935640 sendmsg(4, {msg_name(0)=NULL, msg_iov(1)=[{"\0", 1}], msg_controllen=16, {cmsg_len=16, cmsg_level=SOL_SOCKET, cmsg_type=SCM_RIGHTS, {6}}, msg_flags=0}, 0) = 1
23637 15:07:44.935663 <... recvmsg resumed> {msg_name(0)=NULL, msg_iov(1)=[{"\0", 1}], msg_controllen=16, {cmsg_len=16, cmsg_level=SOL_SOCKET, cmsg_type=SCM_RIGHTS, {6}}, msg_flags=0}, 0) = 1
23637 15:07:44.935676 setsockopt(6, SOL_SOCKET, SO_KEEPALIVE, [1], 4) = 0
23637 15:07:44.935689 setsockopt(6, SOL_IP, IP_TOS, [8], 4) = 0
23637 15:07:44.935701 setsockopt(6, SOL_SOCKET, SO_LINGER, {onoff=1, linger=32767}, 8) = 0
23637 15:07:44.935712 rt_sigaction(SIGALRM, {0x805cad0, ~[RTMIN RT_1], 0}, NULL, 8) = 0
23637 15:07:44.935726 alarm(300)        = 300
23637 15:07:44.935739 write(0, "150 Ok to send data.\r\n", 22) = 22
23637 15:07:44.935803 mmap2(NULL, 77824, PROT_READ|PROT_WRITE, MAP_PRIVATE|MAP_ANONYMOUS, -1, 0) = 0xb7d98000
23637 15:07:44.935817 mprotect(0xb7daa000, 4096, PROT_NONE) = 0
23637 15:07:44.935829 mprotect(0xb7d98000, 4096, PROT_NONE) = 0
23637 15:07:44.935839 read(6, "assasaaa\na\na\na\na\n", 65536) = 17
23637 15:07:44.935853 write(4, "assasaaa\na\na\na\na\n", 17) = 17
23637 15:07:44.935869 read(6, "", 65536) = 0
23637 15:07:44.935879 rt_sigaction(SIGALRM, {0x805cad0, ~[RTMIN RT_1], 0}, NULL, 8) = 0
23637 15:07:44.935893 alarm(300)        = 300
23637 15:07:44.935903 close(6)          = 0
23637 15:07:44.935912 alarm(0)          = 300
23637 15:07:44.935922 gettimeofday({1495652864, 935925}, NULL) = 0
23637 15:07:44.935939 getpid()          = 23637
23637 15:07:44.935951 gettimeofday({1495652864, 935955}, NULL) = 0
23637 15:07:44.935969 fcntl64(3, F_SETLKW64, {type=F_WRLCK, whence=SEEK_SET, start=0, len=0}, 0xbfdc3f54) = 0
23637 15:07:44.935984 write(3, "Wed May 24 15:07:44 2017 [pid 23637] [msfadmin] OK UPLOAD: Client \"127.0.0.1\", \"/home/msfadmin/myfile16\", 17 bytes, 21.56Kbyte/sec\n", 131) = 131
23637 15:07:44.936004 fcntl64(3, F_SETLK64, {type=F_UNLCK, whence=SEEK_SET, start=0, len=0}, 0xbfdc3f5c) = 0
23637 15:07:44.936019 write(0, "226 Transfer complete.\r\n", 24) = 24
23637 15:07:44.936059 write(5, "\n", 1) = 1
23637 15:07:44.936071 read(5,  <unfinished ...>
23635 15:07:44.936078 close(6)          = 0
23635 15:07:44.936097 read(4, "\n", 1)  = 1
23635 15:07:44.936109 close(5)          = 0
23635 15:07:44.936120 write(4, "\1", 1) = 1
23637 15:07:44.936131 <... read resumed> "\1", 1) = 1
23637 15:07:44.936138 close(4)          = 0
23637 15:07:44.936149 rt_sigaction(SIGALRM, {0x805cad0, ~[RTMIN RT_1], 0}, NULL, 8) = 0
23637 15:07:44.936163 alarm(300)        = 0
23637 15:07:44.936174 recv(0,  <unfinished ...>
23635 15:07:44.936182 read(4,  <unfinished ...>
23631 15:07:45.003405 <... recv resumed> "USER msfadmin\r\n", 4096, MSG_PEEK) = 15
23631 15:07:45.003439 read(0, "USER msfadmin\r\n", 15) = 15
23631 15:07:45.003464 write(0, "331 Any password will do.\r\n", 27) = 27
23631 15:07:45.003511 rt_sigaction(SIGALRM, {0x805cad0, ~[RTMIN RT_1], 0}, NULL, 8) = 0
23631 15:07:45.003529 alarm(300)        = 299
23631 15:07:45.003543 recv(0, "PASS msfadmin\r\n", 4096, MSG_PEEK) = 15
23631 15:07:45.003555 read(0, "PASS msfadmin\r\n", 15) = 15
23631 15:07:45.003571 write(0, "230 Already logged in.\r\n", 24) = 24
23631 15:07:45.003633 rt_sigaction(SIGALRM, {0x805cad0, ~[RTMIN RT_1], 0}, NULL, 8) = 0
23631 15:07:45.003649 alarm(300)        = 300
23631 15:07:45.003661 recv(0, "TYPE I\r\n", 4096, MSG_PEEK) = 8
23631 15:07:45.003672 read(0, "TYPE I\r\n", 8) = 8
23631 15:07:45.003687 write(0, "200 Switching to Binary mode.\r\n", 31) = 31
23631 15:07:45.003723 rt_sigaction(SIGALRM, {0x805cad0, ~[RTMIN RT_1], 0}, NULL, 8) = 0
23631 15:07:45.003738 alarm(300)        = 300
23631 15:07:45.003749 recv(0, "PASV\r\n", 4096, MSG_PEEK) = 6
23631 15:07:45.003761 read(0, "PASV\r\n", 6) = 6
23631 15:07:45.003772 write(5, "\n", 1 <unfinished ...>
23629 15:07:45.003782 <... read resumed> "\n", 1) = 1
23631 15:07:45.003788 <... write resumed> ) = 1
23629 15:07:45.003796 write(4, "\1", 1) = 1
23629 15:07:45.003807 read(4,  <unfinished ...>
23631 15:07:45.003814 read(5, "\1", 1)  = 1
23631 15:07:45.003826 write(5, "\f", 1 <unfinished ...>
23629 15:07:45.003841 <... read resumed> "\f", 1) = 1
23631 15:07:45.003846 <... write resumed> ) = 1
23629 15:07:45.003854 socket(PF_INET, SOCK_STREAM, IPPROTO_TCP) = 5
23629 15:07:45.003869 setsockopt(5, SOL_SOCKET, SO_REUSEADDR, [1], 4) = 0
23629 15:07:45.003884 bind(5, {sa_family=AF_INET, sin_port=htons(43459), sin_addr=inet_addr("127.0.0.1")}, 16) = 0
23629 15:07:45.003901 listen(5, 1)      = 0
23629 15:07:45.003915 write(4, "\303\251\0\0", 4) = 4
23629 15:07:45.003926 read(4,  <unfinished ...>
23631 15:07:45.003934 read(5, "\303\251\0\0", 4) = 4
23631 15:07:45.003950 write(0, "227 Entering Passive Mode (127,0,0,1,169,195).\r\n", 48) = 48
23631 15:07:45.004105 rt_sigaction(SIGALRM, {0x805cad0, ~[RTMIN RT_1], 0}, NULL, 8) = 0
23631 15:07:45.004122 alarm(300)        = 300
23631 15:07:45.004134 recv(0, "RETR myfile40\r\n", 4096, MSG_PEEK) = 15
23631 15:07:45.004146 read(0, "RETR myfile40\r\n", 15) = 15
23631 15:07:45.004159 write(5, "\v", 1 <unfinished ...>
23629 15:07:45.004168 <... read resumed> "\v", 1) = 1
23631 15:07:45.004173 <... write resumed> ) = 1
23629 15:07:45.004179 write(4, "\1\0\0\0", 4) = 4
23629 15:07:45.004190 read(4,  <unfinished ...>
23631 15:07:45.004197 read(5, "\1\0\0\0", 4) = 4
23631 15:07:45.004210 gettimeofday({1495652865, 4214}, NULL) = 0
23631 15:07:45.004221 getcwd("/home/msfadmin", 4096) = 15
23631 15:07:45.004234 open("myfile40", O_RDONLY|O_NONBLOCK|O_LARGEFILE) = 4
23631 15:07:45.004248 fcntl64(4, F_SETLKW64, {type=F_RDLCK, whence=SEEK_SET, start=0, len=0}, 0xbfb965a4) = 0
23631 15:07:45.004263 fstat64(4, {st_mode=S_IFREG|0644, st_size=17, ...}) = 0
23631 15:07:45.004281 fcntl64(4, F_GETFL) = 0x8800 (flags O_RDONLY|O_NONBLOCK|O_LARGEFILE)
23631 15:07:45.004292 fcntl64(4, F_SETFL, O_RDONLY|O_LARGEFILE) = 0
23631 15:07:45.004303 write(5, "\v", 1 <unfinished ...>
23629 15:07:45.004311 <... read resumed> "\v", 1) = 1
23631 15:07:45.004316 <... write resumed> ) = 1
23629 15:07:45.004323 write(4, "\1\0\0\0", 4) = 4
23629 15:07:45.004334 read(4,  <unfinished ...>
23631 15:07:45.004340 read(5, "\1\0\0\0", 4) = 4
23631 15:07:45.004352 write(5, "\v", 1 <unfinished ...>
23629 15:07:45.004359 <... read resumed> "\v", 1) = 1
23631 15:07:45.004364 <... write resumed> ) = 1
23629 15:07:45.004370 write(4, "\1\0\0\0", 4) = 4
23629 15:07:45.004381 read(4,  <unfinished ...>
23631 15:07:45.004387 read(5, "\1\0\0\0", 4) = 4
23631 15:07:45.004399 write(5, "\r", 1 <unfinished ...>
23629 15:07:45.004406 <... read resumed> "\r", 1) = 1
23631 15:07:45.004411 <... write resumed> ) = 1
23629 15:07:45.004418 select(6, [5], NULL, NULL, {60, 0}) = 1 (in [5], left {60, 0})
23629 15:07:45.004434 accept(5, {sa_family=AF_INET, sin_port=htons(44357), sin_addr=inet_addr("127.0.0.1")}, [16]) = 6
23629 15:07:45.004456 write(4, "\1", 1) = 1
23629 15:07:45.004469 sendmsg(4, {msg_name(0)=NULL, msg_iov(1)=[{"\0", 1}], msg_controllen=16, {cmsg_len=16, cmsg_level=SOL_SOCKET, cmsg_type=SCM_RIGHTS, {6}}, msg_flags=0}, 0) = 1
23629 15:07:45.004486 close(6)          = 0
23629 15:07:45.004496 read(4,  <unfinished ...>
23631 15:07:45.004502 read(5, "\1", 1)  = 1
23631 15:07:45.004515 recvmsg(5, {msg_name(0)=NULL, msg_iov(1)=[{"\0", 1}], msg_controllen=16, {cmsg_len=16, cmsg_level=SOL_SOCKET, cmsg_type=SCM_RIGHTS, {6}}, msg_flags=0}, 0) = 1
23631 15:07:45.004533 setsockopt(6, SOL_SOCKET, SO_KEEPALIVE, [1], 4) = 0
23631 15:07:45.004546 setsockopt(6, SOL_IP, IP_TOS, [8], 4) = 0
23631 15:07:45.004558 setsockopt(6, SOL_SOCKET, SO_LINGER, {onoff=1, linger=32767}, 8) = 0
23631 15:07:45.004569 rt_sigaction(SIGALRM, {0x805cad0, ~[RTMIN RT_1], 0}, NULL, 8) = 0
23631 15:07:45.004583 alarm(300)        = 300
23631 15:07:45.004596 write(0, "150 Opening BINARY mode data connection for myfile40 (17 bytes).\r\n", 66) = 66
23631 15:07:45.004637 _llseek(4, 0, [0], SEEK_CUR) = 0
23631 15:07:45.004649 fstat64(4, {st_mode=S_IFREG|0644, st_size=17, ...}) = 0
23631 15:07:45.004666 _llseek(4, 0, [0], SEEK_SET) = 0
23631 15:07:45.004677 sendfile(6, 4, NULL, 17) = 17
23631 15:07:45.004706 rt_sigaction(SIGALRM, {0x805cad0, ~[RTMIN RT_1], 0}, NULL, 8) = 0
23631 15:07:45.004724 alarm(300)        = 300
23631 15:07:45.004734 close(6)          = 0
23631 15:07:45.004771 alarm(0)          = 300
23631 15:07:45.004782 gettimeofday({1495652865, 4786}, NULL) = 0
23631 15:07:45.004798 gettimeofday({1495652865, 4801}, NULL) = 0
23631 15:07:45.004812 fcntl64(3, F_SETLKW64, {type=F_WRLCK, whence=SEEK_SET, start=0, len=0}, 0xbfb96544) = 0
23631 15:07:45.004827 write(3, "Wed May 24 15:07:45 2017 [pid 23631] [msfadmin] OK DOWNLOAD: Client \"127.0.0.1\", \"/home/msfadmin/myfile40\", 17 bytes, 28.28Kbyte/sec\n", 133) = 133
23631 15:07:45.004849 fcntl64(3, F_SETLK64, {type=F_UNLCK, whence=SEEK_SET, start=0, len=0}, 0xbfb9654c) = 0
23631 15:07:45.004864 write(0, "226 Transfer complete.\r\n", 24) = 24
23631 15:07:45.004926 write(5, "\n", 1 <unfinished ...>
23629 15:07:45.004961 <... read resumed> "\n", 1) = 1
23631 15:07:45.004969 <... write resumed> ) = 1
23629 15:07:45.004976 close(5)          = 0
23629 15:07:45.004998 write(4, "\1", 1) = 1
23629 15:07:45.005009 read(4,  <unfinished ...>
23631 15:07:45.005017 read(5, "\1", 1)  = 1
23631 15:07:45.005028 close(4)          = 0
23631 15:07:45.005039 rt_sigaction(SIGALRM, {0x805cad0, ~[RTMIN RT_1], 0}, NULL, 8) = 0
23631 15:07:45.005053 alarm(300)        = 0
23631 15:07:45.005064 recv(0,  <unfinished ...>
23637 15:07:45.473322 <... recv resumed> "TYPE I\r\n", 4096, MSG_PEEK) = 8
23637 15:07:45.473353 read(0, "TYPE I\r\n", 8) = 8
23637 15:07:45.473375 write(0, "200 Switching to Binary mode.\r\n", 31) = 31
23637 15:07:45.473424 rt_sigaction(SIGALRM, {0x805cad0, ~[RTMIN RT_1], 0}, NULL, 8) = 0
23637 15:07:45.473442 alarm(300)        = 299
23637 15:07:45.473455 recv(0, "PASV\r\n", 4096, MSG_PEEK) = 6
23637 15:07:45.473467 read(0, "PASV\r\n", 6) = 6
23637 15:07:45.473479 write(5, "\n", 1) = 1
23637 15:07:45.473492 read(5,  <unfinished ...>
23635 15:07:45.473501 <... read resumed> "\n", 1) = 1
23635 15:07:45.473511 write(4, "\1", 1) = 1
23637 15:07:45.473521 <... read resumed> "\1", 1) = 1
23637 15:07:45.473529 write(5, "\f", 1) = 1
23637 15:07:45.473539 read(5,  <unfinished ...>
23635 15:07:45.473546 read(4, "\f", 1)  = 1
23635 15:07:45.473558 socket(PF_INET, SOCK_STREAM, IPPROTO_TCP) = 5
23635 15:07:45.473574 setsockopt(5, SOL_SOCKET, SO_REUSEADDR, [1], 4) = 0
23635 15:07:45.473588 bind(5, {sa_family=AF_INET, sin_port=htons(13835), sin_addr=inet_addr("127.0.0.1")}, 16) = 0
23635 15:07:45.473605 listen(5, 1)      = 0
23635 15:07:45.473619 write(4, "\v6\0\0", 4) = 4
23637 15:07:45.473630 <... read resumed> "\v6\0\0", 4) = 4
23637 15:07:45.473643 write(0, "227 Entering Passive Mode (127,0,0,1,54,11).\r\n", 46) = 46
23637 15:07:45.473757 rt_sigaction(SIGALRM, {0x805cad0, ~[RTMIN RT_1], 0}, NULL, 8) = 0
23637 15:07:45.473774 alarm(300)        = 300
23637 15:07:45.473787 recv(0, "STOR myfile17\r\n", 4096, MSG_PEEK) = 15
23637 15:07:45.473799 read(0, "STOR myfile17\r\n", 15) = 15
23637 15:07:45.473813 write(5, "\v", 1) = 1
23637 15:07:45.473824 read(5,  <unfinished ...>
23635 15:07:45.473831 read(4, "\v", 1)  = 1
23635 15:07:45.473842 write(4, "\1\0\0\0", 4) = 4
23637 15:07:45.473853 <... read resumed> "\1\0\0\0", 4) = 4
23637 15:07:45.473861 gettimeofday({1495652865, 473865}, NULL) = 0
23637 15:07:45.473873 getcwd("/home/msfadmin", 4096) = 15
23637 15:07:45.473886 open("myfile17", O_WRONLY|O_CREAT|O_NONBLOCK|O_LARGEFILE, 0666) = 4
23637 15:07:45.473901 fstat64(4, {st_mode=S_IFREG|0644, st_size=17, ...}) = 0
23637 15:07:45.473919 fcntl64(4, F_GETFL) = 0x8801 (flags O_WRONLY|O_NONBLOCK|O_LARGEFILE)
23637 15:07:45.473930 fcntl64(4, F_SETFL, O_WRONLY|O_LARGEFILE) = 0
23637 15:07:45.473940 fcntl64(4, F_SETLKW64, {type=F_WRLCK, whence=SEEK_SET, start=0, len=0}, 0xbfdc3fb4) = 0
23637 15:07:45.473954 ftruncate64(4, 0) = 0
23637 15:07:45.473974 _llseek(4, 0, [0], SEEK_SET) = 0
23637 15:07:45.473985 write(5, "\v", 1) = 1
23637 15:07:45.473996 read(5,  <unfinished ...>
23635 15:07:45.474003 read(4, "\v", 1)  = 1
23635 15:07:45.474036 write(4, "\1\0\0\0", 4) = 4
23637 15:07:45.474051 <... read resumed> "\1\0\0\0", 4) = 4
23637 15:07:45.474071 write(5, "\v", 1) = 1
23637 15:07:45.474088 read(5,  <unfinished ...>
23635 15:07:45.474095 read(4, "\v", 1)  = 1
23635 15:07:45.474106 write(4, "\1\0\0\0", 4) = 4
23637 15:07:45.474117 <... read resumed> "\1\0\0\0", 4) = 4
23637 15:07:45.474124 write(5, "\r", 1) = 1
23637 15:07:45.474134 read(5,  <unfinished ...>
23635 15:07:45.474141 read(4, "\r", 1)  = 1
23635 15:07:45.474153 select(6, [5], NULL, NULL, {60, 0}) = 1 (in [5], left {60, 0})
23635 15:07:45.474170 accept(5, {sa_family=AF_INET, sin_port=htons(46261), sin_addr=inet_addr("127.0.0.1")}, [16]) = 6
23635 15:07:45.474192 write(4, "\1", 1) = 1
23637 15:07:45.474203 <... read resumed> "\1", 1) = 1
23637 15:07:45.474212 recvmsg(5,  <unfinished ...>
23635 15:07:45.474220 sendmsg(4, {msg_name(0)=NULL, msg_iov(1)=[{"\0", 1}], msg_controllen=16, {cmsg_len=16, cmsg_level=SOL_SOCKET, cmsg_type=SCM_RIGHTS, {6}}, msg_flags=0}, 0) = 1
23637 15:07:45.474238 <... recvmsg resumed> {msg_name(0)=NULL, msg_iov(1)=[{"\0", 1}], msg_controllen=16, {cmsg_len=16, cmsg_level=SOL_SOCKET, cmsg_type=SCM_RIGHTS, {6}}, msg_flags=0}, 0) = 1
23637 15:07:45.474251 setsockopt(6, SOL_SOCKET, SO_KEEPALIVE, [1], 4) = 0
23637 15:07:45.474264 setsockopt(6, SOL_IP, IP_TOS, [8], 4) = 0
23637 15:07:45.474276 setsockopt(6, SOL_SOCKET, SO_LINGER, {onoff=1, linger=32767}, 8) = 0
23637 15:07:45.474287 rt_sigaction(SIGALRM, {0x805cad0, ~[RTMIN RT_1], 0}, NULL, 8) = 0
23637 15:07:45.474301 alarm(300)        = 300
23637 15:07:45.474314 write(0, "150 Ok to send data.\r\n", 22) = 22
23637 15:07:45.474381 read(6, "assasaaa\na\na\na\na\n", 65536) = 17
23637 15:07:45.474396 write(4, "assasaaa\na\na\na\na\n", 17) = 17
23637 15:07:45.474413 read(6, "", 65536) = 0
23637 15:07:45.474423 rt_sigaction(SIGALRM, {0x805cad0, ~[RTMIN RT_1], 0}, NULL, 8) = 0
23637 15:07:45.474437 alarm(300)        = 300
23637 15:07:45.474447 close(6)          = 0
23637 15:07:45.474456 alarm(0)          = 300
23637 15:07:45.474466 gettimeofday({1495652865, 474470}, NULL) = 0
23637 15:07:45.474481 gettimeofday({1495652865, 474485}, NULL) = 0
23637 15:07:45.474496 fcntl64(3, F_SETLKW64, {type=F_WRLCK, whence=SEEK_SET, start=0, len=0}, 0xbfdc3f54) = 0
23637 15:07:45.474510 write(3, "Wed May 24 15:07:45 2017 [pid 23637] [msfadmin] OK UPLOAD: Client \"127.0.0.1\", \"/home/msfadmin/myfile17\", 17 bytes, 26.78Kbyte/sec\n", 131) = 131
23637 15:07:45.474532 fcntl64(3, F_SETLK64, {type=F_UNLCK, whence=SEEK_SET, start=0, len=0}, 0xbfdc3f5c) = 0
23637 15:07:45.474546 write(0, "226 Transfer complete.\r\n", 24) = 24
23637 15:07:45.474593 write(5, "\n", 1) = 1
23637 15:07:45.474604 read(5,  <unfinished ...>
23635 15:07:45.474612 close(6)          = 0
23635 15:07:45.474630 read(4, "\n", 1)  = 1
23635 15:07:45.474642 close(5)          = 0
23635 15:07:45.474653 write(4, "\1", 1) = 1
23637 15:07:45.474664 <... read resumed> "\1", 1) = 1
23637 15:07:45.474671 close(4)          = 0
23637 15:07:45.474681 rt_sigaction(SIGALRM, {0x805cad0, ~[RTMIN RT_1], 0}, NULL, 8) = 0
23637 15:07:45.474695 alarm(300)        = 0
23637 15:07:45.474706 recv(0,  <unfinished ...>
23635 15:07:45.474713 read(4,  <unfinished ...>
23631 15:07:45.584107 <... recv resumed> "USER msfadmin\r\n", 4096, MSG_PEEK) = 15
23631 15:07:45.584260 read(0, "USER msfadmin\r\n", 15) = 15
23631 15:07:45.584392 write(0, "331 Any password will do.\r\n", 27) = 27
23631 15:07:45.584498 rt_sigaction(SIGALRM, {0x805cad0, ~[RTMIN RT_1], 0}, NULL, 8) = 0
23631 15:07:45.584535 alarm(300)        = 299
23631 15:07:45.584562 recv(0, "PASS msfadmin\r\n", 4096, MSG_PEEK) = 15
23631 15:07:45.584581 read(0, "PASS msfadmin\r\n", 15) = 15
23631 15:07:45.584597 write(0, "230 Already logged in.\r\n", 24) = 24
23631 15:07:45.584660 rt_sigaction(SIGALRM, {0x805cad0, ~[RTMIN RT_1], 0}, NULL, 8) = 0
23631 15:07:45.584676 alarm(300)        = 300
23631 15:07:45.584687 recv(0, "TYPE I\r\n", 4096, MSG_PEEK) = 8
23631 15:07:45.584699 read(0, "TYPE I\r\n", 8) = 8
23631 15:07:45.584713 write(0, "200 Switching to Binary mode.\r\n", 31) = 31
23631 15:07:45.584749 rt_sigaction(SIGALRM, {0x805cad0, ~[RTMIN RT_1], 0}, NULL, 8) = 0
23631 15:07:45.584764 alarm(300)        = 300
23631 15:07:45.584783 recv(0, "PASV\r\n", 4096, MSG_PEEK) = 6
23631 15:07:45.584795 read(0, "PASV\r\n", 6) = 6
23631 15:07:45.584807 write(5, "\n", 1 <unfinished ...>
23629 15:07:45.584819 <... read resumed> "\n", 1) = 1
23631 15:07:45.584824 <... write resumed> ) = 1
23629 15:07:45.584832 write(4, "\1", 1) = 1
23629 15:07:45.584843 read(4,  <unfinished ...>
23631 15:07:45.584850 read(5, "\1", 1)  = 1
23631 15:07:45.584862 write(5, "\f", 1 <unfinished ...>
23629 15:07:45.584869 <... read resumed> "\f", 1) = 1
23631 15:07:45.584874 <... write resumed> ) = 1
23629 15:07:45.584881 socket(PF_INET, SOCK_STREAM, IPPROTO_TCP) = 5
23629 15:07:45.584897 setsockopt(5, SOL_SOCKET, SO_REUSEADDR, [1], 4) = 0
23629 15:07:45.584912 bind(5, {sa_family=AF_INET, sin_port=htons(42249), sin_addr=inet_addr("127.0.0.1")}, 16) = 0
23629 15:07:45.584929 listen(5, 1)      = 0
23629 15:07:45.584943 write(4, "\t\245\0\0", 4) = 4
23629 15:07:45.584954 read(4,  <unfinished ...>
23631 15:07:45.584961 read(5, "\t\245\0\0", 4) = 4
23631 15:07:45.584977 write(0, "227 Entering Passive Mode (127,0,0,1,165,9).\r\n", 46) = 46
23631 15:07:45.585090 rt_sigaction(SIGALRM, {0x805cad0, ~[RTMIN RT_1], 0}, NULL, 8) = 0
23631 15:07:45.585107 alarm(300)        = 300
23631 15:07:45.585118 recv(0, "RETR myfile0\r\n", 4096, MSG_PEEK) = 14
23631 15:07:45.585131 read(0, "RETR myfile0\r\n", 14) = 14
23631 15:07:45.585144 write(5, "\v", 1 <unfinished ...>
23629 15:07:45.585152 <... read resumed> "\v", 1) = 1
23631 15:07:45.585157 <... write resumed> ) = 1
23629 15:07:45.585164 write(4, "\1\0\0\0", 4) = 4
23629 15:07:45.585175 read(4,  <unfinished ...>
23631 15:07:45.585192 read(5, "\1\0\0\0", 4) = 4
23631 15:07:45.585220 gettimeofday({1495652865, 585224}, NULL) = 0
23631 15:07:45.585241 getcwd("/home/msfadmin", 4096) = 15
23631 15:07:45.585255 open("myfile0", O_RDONLY|O_NONBLOCK|O_LARGEFILE) = 4
23631 15:07:45.585270 fcntl64(4, F_SETLKW64, {type=F_RDLCK, whence=SEEK_SET, start=0, len=0}, 0xbfb965a4) = 0
23631 15:07:45.585286 fstat64(4, {st_mode=S_IFREG|0644, st_size=17, ...}) = 0
23631 15:07:45.585303 fcntl64(4, F_GETFL) = 0x8800 (flags O_RDONLY|O_NONBLOCK|O_LARGEFILE)
23631 15:07:45.585314 fcntl64(4, F_SETFL, O_RDONLY|O_LARGEFILE) = 0
23631 15:07:45.585326 write(5, "\v", 1 <unfinished ...>
23629 15:07:45.585334 <... read resumed> "\v", 1) = 1
23631 15:07:45.585339 <... write resumed> ) = 1
23629 15:07:45.585345 write(4, "\1\0\0\0", 4) = 4
23629 15:07:45.585356 read(4,  <unfinished ...>
23631 15:07:45.585363 read(5, "\1\0\0\0", 4) = 4
23631 15:07:45.585374 write(5, "\v", 1 <unfinished ...>
23629 15:07:45.585382 <... read resumed> "\v", 1) = 1
23631 15:07:45.585386 <... write resumed> ) = 1
23629 15:07:45.585392 write(4, "\1\0\0\0", 4) = 4
23629 15:07:45.585403 read(4,  <unfinished ...>
23631 15:07:45.585410 read(5, "\1\0\0\0", 4) = 4
23631 15:07:45.585421 write(5, "\r", 1 <unfinished ...>
23629 15:07:45.585428 <... read resumed> "\r", 1) = 1
23631 15:07:45.585433 <... write resumed> ) = 1
23629 15:07:45.585440 select(6, [5], NULL, NULL, {60, 0}) = 1 (in [5], left {60, 0})
23629 15:07:45.585457 accept(5, {sa_family=AF_INET, sin_port=htons(34743), sin_addr=inet_addr("127.0.0.1")}, [16]) = 6
23629 15:07:45.585479 write(4, "\1", 1) = 1
23629 15:07:45.585491 sendmsg(4, {msg_name(0)=NULL, msg_iov(1)=[{"\0", 1}], msg_controllen=16, {cmsg_len=16, cmsg_level=SOL_SOCKET, cmsg_type=SCM_RIGHTS, {6}}, msg_flags=0}, 0) = 1
23629 15:07:45.585508 close(6)          = 0
23629 15:07:45.585518 read(4,  <unfinished ...>
23631 15:07:45.585525 read(5, "\1", 1)  = 1
23631 15:07:45.585538 recvmsg(5, {msg_name(0)=NULL, msg_iov(1)=[{"\0", 1}], msg_controllen=16, {cmsg_len=16, cmsg_level=SOL_SOCKET, cmsg_type=SCM_RIGHTS, {6}}, msg_flags=0}, 0) = 1
23631 15:07:45.585555 setsockopt(6, SOL_SOCKET, SO_KEEPALIVE, [1], 4) = 0
23631 15:07:45.585568 setsockopt(6, SOL_IP, IP_TOS, [8], 4) = 0
23631 15:07:45.585580 setsockopt(6, SOL_SOCKET, SO_LINGER, {onoff=1, linger=32767}, 8) = 0
23631 15:07:45.585591 rt_sigaction(SIGALRM, {0x805cad0, ~[RTMIN RT_1], 0}, NULL, 8) = 0
23631 15:07:45.585605 alarm(300)        = 300
23631 15:07:45.585623 write(0, "150 Opening BINARY mode data connection for myfile0 (17 bytes).\r\n", 65) = 65
23631 15:07:45.585665 _llseek(4, 0, [0], SEEK_CUR) = 0
23631 15:07:45.585678 fstat64(4, {st_mode=S_IFREG|0644, st_size=17, ...}) = 0
23631 15:07:45.585695 _llseek(4, 0, [0], SEEK_SET) = 0
23631 15:07:45.585706 sendfile(6, 4, NULL, 17) = 17
23631 15:07:45.585747 rt_sigaction(SIGALRM, {0x805cad0, ~[RTMIN RT_1], 0}, NULL, 8) = 0
23631 15:07:45.585762 alarm(300)        = 300
23631 15:07:45.585772 close(6)          = 0
23631 15:07:45.585810 alarm(0)          = 300
23631 15:07:45.585821 gettimeofday({1495652865, 585824}, NULL) = 0
23631 15:07:45.585836 gettimeofday({1495652865, 585840}, NULL) = 0
23631 15:07:45.585851 fcntl64(3, F_SETLKW64, {type=F_WRLCK, whence=SEEK_SET, start=0, len=0}, 0xbfb96544) = 0
23631 15:07:45.585866 write(3, "Wed May 24 15:07:45 2017 [pid 23631] [msfadmin] OK DOWNLOAD: Client \"127.0.0.1\", \"/home/msfadmin/myfile0\", 17 bytes, 26.95Kbyte/sec\n", 132) = 132
23631 15:07:45.585887 fcntl64(3, F_SETLK64, {type=F_UNLCK, whence=SEEK_SET, start=0, len=0}, 0xbfb9654c) = 0
23631 15:07:45.585901 write(0, "226 Transfer complete.\r\n", 24) = 24
23631 15:07:45.585966 write(5, "\n", 1 <unfinished ...>
23629 15:07:45.585976 <... read resumed> "\n", 1) = 1
23631 15:07:45.585982 <... write resumed> ) = 1
23629 15:07:45.585988 close(5)          = 0
23629 15:07:45.586000 write(4, "\1", 1) = 1
23629 15:07:45.586011 read(4,  <unfinished ...>
23631 15:07:45.586018 read(5, "\1", 1)  = 1
23631 15:07:45.586029 close(4)          = 0
23631 15:07:45.586040 rt_sigaction(SIGALRM, {0x805cad0, ~[RTMIN RT_1], 0}, NULL, 8) = 0
23631 15:07:45.586053 alarm(300)        = 0
23631 15:07:45.586064 recv(0,  <unfinished ...>
23637 15:07:45.984183 <... recv resumed> "TYPE I\r\n", 4096, MSG_PEEK) = 8
23637 15:07:45.984324 read(0, "TYPE I\r\n", 8) = 8
23637 15:07:45.984449 write(0, "200 Switching to Binary mode.\r\n", 31) = 31
23637 15:07:45.984556 rt_sigaction(SIGALRM, {0x805cad0, ~[RTMIN RT_1], 0}, NULL, 8) = 0
23637 15:07:45.984591 alarm(300)        = 299
23637 15:07:45.984618 recv(0, "PASV\r\n", 4096, MSG_PEEK) = 6
23637 15:07:45.984637 read(0, "PASV\r\n", 6) = 6
23637 15:07:45.984650 write(5, "\n", 1) = 1
23637 15:07:45.984662 read(5,  <unfinished ...>
23635 15:07:45.984672 <... read resumed> "\n", 1) = 1
23635 15:07:45.984681 write(4, "\1", 1) = 1
23637 15:07:45.984692 <... read resumed> "\1", 1) = 1
23637 15:07:45.984700 write(5, "\f", 1) = 1
23637 15:07:45.984710 read(5,  <unfinished ...>
23635 15:07:45.984717 read(4, "\f", 1)  = 1
23635 15:07:45.984729 socket(PF_INET, SOCK_STREAM, IPPROTO_TCP) = 5
23635 15:07:45.984744 setsockopt(5, SOL_SOCKET, SO_REUSEADDR, [1], 4) = 0
23635 15:07:45.984759 bind(5, {sa_family=AF_INET, sin_port=htons(37191), sin_addr=inet_addr("127.0.0.1")}, 16) = 0
23635 15:07:45.984776 listen(5, 1)      = 0
23635 15:07:45.984789 write(4, "G\221\0\0", 4) = 4
23637 15:07:45.984800 <... read resumed> "G\221\0\0", 4) = 4
23637 15:07:45.984813 write(0, "227 Entering Passive Mode (127,0,0,1,145,71).\r\n", 47) = 47
23637 15:07:45.984928 rt_sigaction(SIGALRM, {0x805cad0, ~[RTMIN RT_1], 0}, NULL, 8) = 0
23637 15:07:45.984945 alarm(300)        = 300
23637 15:07:45.984956 recv(0, "STOR myfile18\r\n", 4096, MSG_PEEK) = 15
23637 15:07:45.984969 read(0, "STOR myfile18\r\n", 15) = 15
23637 15:07:45.984983 write(5, "\v", 1) = 1
23637 15:07:45.984993 read(5,  <unfinished ...>
23635 15:07:45.985001 read(4, "\v", 1)  = 1
23635 15:07:45.985012 write(4, "\1\0\0\0", 4) = 4
23637 15:07:45.985023 <... read resumed> "\1\0\0\0", 4) = 4
23637 15:07:45.985031 gettimeofday({1495652865, 985035}, NULL) = 0
23637 15:07:45.985042 getcwd("/home/msfadmin", 4096) = 15
23637 15:07:45.985056 open("myfile18", O_WRONLY|O_CREAT|O_NONBLOCK|O_LARGEFILE, 0666) = 4
23637 15:07:45.985071 fstat64(4, {st_mode=S_IFREG|0644, st_size=17, ...}) = 0
23637 15:07:45.985088 fcntl64(4, F_GETFL) = 0x8801 (flags O_WRONLY|O_NONBLOCK|O_LARGEFILE)
23637 15:07:45.985100 fcntl64(4, F_SETFL, O_WRONLY|O_LARGEFILE) = 0
23637 15:07:45.985136 fcntl64(4, F_SETLKW64, {type=F_WRLCK, whence=SEEK_SET, start=0, len=0}, 0xbfdc3fb4) = 0
23637 15:07:45.985180 ftruncate64(4, 0) = 0
23637 15:07:45.985200 _llseek(4, 0, [0], SEEK_SET) = 0
23637 15:07:45.985211 write(5, "\v", 1) = 1
23637 15:07:45.985222 read(5,  <unfinished ...>
23635 15:07:45.985230 read(4, "\v", 1)  = 1
23635 15:07:45.985241 write(4, "\1\0\0\0", 4) = 4
23637 15:07:45.985252 <... read resumed> "\1\0\0\0", 4) = 4
23637 15:07:45.985260 write(5, "\v", 1) = 1
23637 15:07:45.985270 read(5,  <unfinished ...>
23635 15:07:45.985277 read(4, "\v", 1)  = 1
23635 15:07:45.985288 write(4, "\1\0\0\0", 4) = 4
23637 15:07:45.985298 <... read resumed> "\1\0\0\0", 4) = 4
23637 15:07:45.985306 write(5, "\r", 1) = 1
23637 15:07:45.985316 read(5,  <unfinished ...>
23635 15:07:45.985322 read(4, "\r", 1)  = 1
23635 15:07:45.985334 select(6, [5], NULL, NULL, {60, 0}) = 1 (in [5], left {60, 0})
23635 15:07:45.985351 accept(5, {sa_family=AF_INET, sin_port=htons(56799), sin_addr=inet_addr("127.0.0.1")}, [16]) = 6
23635 15:07:45.985374 write(4, "\1", 1) = 1
23637 15:07:45.985384 <... read resumed> "\1", 1) = 1
23637 15:07:45.985393 recvmsg(5,  <unfinished ...>
23635 15:07:45.985402 sendmsg(4, {msg_name(0)=NULL, msg_iov(1)=[{"\0", 1}], msg_controllen=16, {cmsg_len=16, cmsg_level=SOL_SOCKET, cmsg_type=SCM_RIGHTS, {6}}, msg_flags=0}, 0) = 1
23637 15:07:45.985419 <... recvmsg resumed> {msg_name(0)=NULL, msg_iov(1)=[{"\0", 1}], msg_controllen=16, {cmsg_len=16, cmsg_level=SOL_SOCKET, cmsg_type=SCM_RIGHTS, {6}}, msg_flags=0}, 0) = 1
23637 15:07:45.985433 setsockopt(6, SOL_SOCKET, SO_KEEPALIVE, [1], 4) = 0
23637 15:07:45.985445 setsockopt(6, SOL_IP, IP_TOS, [8], 4) = 0
23637 15:07:45.985457 setsockopt(6, SOL_SOCKET, SO_LINGER, {onoff=1, linger=32767}, 8) = 0
23637 15:07:45.985469 rt_sigaction(SIGALRM, {0x805cad0, ~[RTMIN RT_1], 0}, NULL, 8) = 0
23637 15:07:45.985482 alarm(300)        = 300
23637 15:07:45.985495 write(0, "150 Ok to send data.\r\n", 22) = 22
23637 15:07:45.985561 read(6, "assasaaa\na\na\na\na\n", 65536) = 17
23637 15:07:45.985576 write(4, "assasaaa\na\na\na\na\n", 17) = 17
23637 15:07:45.985592 read(6, "", 65536) = 0
23637 15:07:45.985603 rt_sigaction(SIGALRM, {0x805cad0, ~[RTMIN RT_1], 0}, NULL, 8) = 0
23637 15:07:45.985617 alarm(300)        = 300
23637 15:07:45.985627 close(6)          = 0
23637 15:07:45.985636 alarm(0)          = 300
23637 15:07:45.985646 gettimeofday({1495652865, 985649}, NULL) = 0
23637 15:07:45.985661 gettimeofday({1495652865, 985665}, NULL) = 0
23637 15:07:45.985675 fcntl64(3, F_SETLKW64, {type=F_WRLCK, whence=SEEK_SET, start=0, len=0}, 0xbfdc3f54) = 0
23637 15:07:45.985690 write(3, "Wed May 24 15:07:45 2017 [pid 23637] [msfadmin] OK UPLOAD: Client \"127.0.0.1\", \"/home/msfadmin/myfile18\", 17 bytes, 26.35Kbyte/sec\n", 131) = 131
23637 15:07:45.985711 fcntl64(3, F_SETLK64, {type=F_UNLCK, whence=SEEK_SET, start=0, len=0}, 0xbfdc3f5c) = 0
23637 15:07:45.985726 write(0, "226 Transfer complete.\r\n", 24) = 24
23637 15:07:45.985770 write(5, "\n", 1) = 1
23637 15:07:45.985781 read(5,  <unfinished ...>
23635 15:07:45.985789 close(6)          = 0
23635 15:07:45.985807 read(4, "\n", 1)  = 1
23635 15:07:45.985819 close(5)          = 0
23635 15:07:45.985830 write(4, "\1", 1) = 1
23637 15:07:45.985841 <... read resumed> "\1", 1) = 1
23637 15:07:45.985848 close(4)          = 0
23637 15:07:45.985858 rt_sigaction(SIGALRM, {0x805cad0, ~[RTMIN RT_1], 0}, NULL, 8) = 0
23637 15:07:45.985872 alarm(300)        = 0
23637 15:07:45.985883 recv(0,  <unfinished ...>
23635 15:07:45.985891 read(4,  <unfinished ...>
23631 15:07:46.143325 <... recv resumed> "USER msfadmin\r\n", 4096, MSG_PEEK) = 15
23631 15:07:46.143366 read(0, "USER msfadmin\r\n", 15) = 15
23631 15:07:46.143391 write(0, "331 Any password will do.\r\n", 27) = 27
23631 15:07:46.143436 rt_sigaction(SIGALRM, {0x805cad0, ~[RTMIN RT_1], 0}, NULL, 8) = 0
23631 15:07:46.143454 alarm(300)        = 299
23631 15:07:46.143467 recv(0, "PASS msfadmin\r\n", 4096, MSG_PEEK) = 15
23631 15:07:46.143479 read(0, "PASS msfadmin\r\n", 15) = 15
23631 15:07:46.143495 write(0, "230 Already logged in.\r\n", 24) = 24
23631 15:07:46.143567 rt_sigaction(SIGALRM, {0x805cad0, ~[RTMIN RT_1], 0}, NULL, 8) = 0
23631 15:07:46.143582 alarm(300)        = 300
23631 15:07:46.143594 recv(0, "TYPE I\r\n", 4096, MSG_PEEK) = 8
23631 15:07:46.143605 read(0, "TYPE I\r\n", 8) = 8
23631 15:07:46.143620 write(0, "200 Switching to Binary mode.\r\n", 31) = 31
23631 15:07:46.143656 rt_sigaction(SIGALRM, {0x805cad0, ~[RTMIN RT_1], 0}, NULL, 8) = 0
23631 15:07:46.143670 alarm(300)        = 300
23631 15:07:46.143682 recv(0, "PASV\r\n", 4096, MSG_PEEK) = 6
23631 15:07:46.143693 read(0, "PASV\r\n", 6) = 6
23631 15:07:46.143705 write(5, "\n", 1 <unfinished ...>
23629 15:07:46.143716 <... read resumed> "\n", 1) = 1
23631 15:07:46.143722 <... write resumed> ) = 1
23629 15:07:46.143730 write(4, "\1", 1) = 1
23629 15:07:46.143741 read(4,  <unfinished ...>
23631 15:07:46.143748 read(5, "\1", 1)  = 1
23631 15:07:46.143760 write(5, "\f", 1 <unfinished ...>
23629 15:07:46.143767 <... read resumed> "\f", 1) = 1
23631 15:07:46.143772 <... write resumed> ) = 1
23629 15:07:46.143779 socket(PF_INET, SOCK_STREAM, IPPROTO_TCP) = 5
23629 15:07:46.143795 setsockopt(5, SOL_SOCKET, SO_REUSEADDR, [1], 4) = 0
23629 15:07:46.143810 bind(5, {sa_family=AF_INET, sin_port=htons(9498), sin_addr=inet_addr("127.0.0.1")}, 16) = 0
23629 15:07:46.143827 listen(5, 1)      = 0
23629 15:07:46.143841 write(4, "\32%\0\0", 4) = 4
23629 15:07:46.143852 read(4,  <unfinished ...>
23631 15:07:46.143859 read(5, "\32%\0\0", 4) = 4
23631 15:07:46.143875 write(0, "227 Entering Passive Mode (127,0,0,1,37,26).\r\n", 46) = 46
23631 15:07:46.143986 rt_sigaction(SIGALRM, {0x805cad0, ~[RTMIN RT_1], 0}, NULL, 8) = 0
23631 15:07:46.144002 alarm(300)        = 300
23631 15:07:46.144014 recv(0, "RETR myfile1\r\n", 4096, MSG_PEEK) = 14
23631 15:07:46.144026 read(0, "RETR myfile1\r\n", 14) = 14
23631 15:07:46.144039 write(5, "\v", 1 <unfinished ...>
23629 15:07:46.144048 <... read resumed> "\v", 1) = 1
23631 15:07:46.144053 <... write resumed> ) = 1
23629 15:07:46.144090 write(4, "\1\0\0\0", 4) = 4
23629 15:07:46.144110 read(4,  <unfinished ...>
23631 15:07:46.144121 read(5, "\1\0\0\0", 4) = 4
23631 15:07:46.144143 gettimeofday({1495652866, 144147}, NULL) = 0
23631 15:07:46.144154 getcwd("/home/msfadmin", 4096) = 15
23631 15:07:46.144167 open("myfile1", O_RDONLY|O_NONBLOCK|O_LARGEFILE) = 4
23631 15:07:46.144181 fcntl64(4, F_SETLKW64, {type=F_RDLCK, whence=SEEK_SET, start=0, len=0}, 0xbfb965a4) = 0
23631 15:07:46.144196 fstat64(4, {st_mode=S_IFREG|0644, st_size=17, ...}) = 0
23631 15:07:46.144214 fcntl64(4, F_GETFL) = 0x8800 (flags O_RDONLY|O_NONBLOCK|O_LARGEFILE)
23631 15:07:46.144225 fcntl64(4, F_SETFL, O_RDONLY|O_LARGEFILE) = 0
23631 15:07:46.144236 write(5, "\v", 1 <unfinished ...>
23629 15:07:46.144244 <... read resumed> "\v", 1) = 1
23631 15:07:46.144249 <... write resumed> ) = 1
23629 15:07:46.144256 write(4, "\1\0\0\0", 4) = 4
23629 15:07:46.144267 read(4,  <unfinished ...>
23631 15:07:46.144274 read(5, "\1\0\0\0", 4) = 4
23631 15:07:46.144285 write(5, "\v", 1 <unfinished ...>
23629 15:07:46.144292 <... read resumed> "\v", 1) = 1
23631 15:07:46.144297 <... write resumed> ) = 1
23629 15:07:46.144303 write(4, "\1\0\0\0", 4) = 4
23629 15:07:46.144314 read(4,  <unfinished ...>
23631 15:07:46.144320 read(5, "\1\0\0\0", 4) = 4
23631 15:07:46.144332 write(5, "\r", 1 <unfinished ...>
23629 15:07:46.144339 <... read resumed> "\r", 1) = 1
23631 15:07:46.144344 <... write resumed> ) = 1
23629 15:07:46.144351 select(6, [5], NULL, NULL, {60, 0}) = 1 (in [5], left {60, 0})
23629 15:07:46.144368 accept(5, {sa_family=AF_INET, sin_port=htons(58722), sin_addr=inet_addr("127.0.0.1")}, [16]) = 6
23629 15:07:46.144390 write(4, "\1", 1) = 1
23629 15:07:46.144402 sendmsg(4, {msg_name(0)=NULL, msg_iov(1)=[{"\0", 1}], msg_controllen=16, {cmsg_len=16, cmsg_level=SOL_SOCKET, cmsg_type=SCM_RIGHTS, {6}}, msg_flags=0}, 0) = 1
23629 15:07:46.144420 close(6)          = 0
23629 15:07:46.144430 read(4,  <unfinished ...>
23631 15:07:46.144436 read(5, "\1", 1)  = 1
23631 15:07:46.144449 recvmsg(5, {msg_name(0)=NULL, msg_iov(1)=[{"\0", 1}], msg_controllen=16, {cmsg_len=16, cmsg_level=SOL_SOCKET, cmsg_type=SCM_RIGHTS, {6}}, msg_flags=0}, 0) = 1
23631 15:07:46.144471 setsockopt(6, SOL_SOCKET, SO_KEEPALIVE, [1], 4) = 0
23631 15:07:46.144484 setsockopt(6, SOL_IP, IP_TOS, [8], 4) = 0
23631 15:07:46.144496 setsockopt(6, SOL_SOCKET, SO_LINGER, {onoff=1, linger=32767}, 8) = 0
23631 15:07:46.144508 rt_sigaction(SIGALRM, {0x805cad0, ~[RTMIN RT_1], 0}, NULL, 8) = 0
23631 15:07:46.144521 alarm(300)        = 300
23631 15:07:46.144535 write(0, "150 Opening BINARY mode data connection for myfile1 (17 bytes).\r\n", 65) = 65
23631 15:07:46.144576 _llseek(4, 0, [0], SEEK_CUR) = 0
23631 15:07:46.144589 fstat64(4, {st_mode=S_IFREG|0644, st_size=17, ...}) = 0
23631 15:07:46.144606 _llseek(4, 0, [0], SEEK_SET) = 0
23631 15:07:46.144617 sendfile(6, 4, NULL, 17) = 17
23631 15:07:46.144647 rt_sigaction(SIGALRM, {0x805cad0, ~[RTMIN RT_1], 0}, NULL, 8) = 0
23631 15:07:46.144662 alarm(300)        = 300
23631 15:07:46.144672 close(6)          = 0
23631 15:07:46.144708 alarm(0)          = 300
23631 15:07:46.144719 gettimeofday({1495652866, 144723}, NULL) = 0
23631 15:07:46.144735 gettimeofday({1495652866, 144738}, NULL) = 0
23631 15:07:46.144749 fcntl64(3, F_SETLKW64, {type=F_WRLCK, whence=SEEK_SET, start=0, len=0}, 0xbfb96544) = 0
23631 15:07:46.144764 write(3, "Wed May 24 15:07:46 2017 [pid 23631] [msfadmin] OK DOWNLOAD: Client \"127.0.0.1\", \"/home/msfadmin/myfile1\", 17 bytes, 28.09Kbyte/sec\n", 132) = 132
23631 15:07:46.144785 fcntl64(3, F_SETLK64, {type=F_UNLCK, whence=SEEK_SET, start=0, len=0}, 0xbfb9654c) = 0
23631 15:07:46.144800 write(0, "226 Transfer complete.\r\n", 24) = 24
23631 15:07:46.144864 write(5, "\n", 1 <unfinished ...>
23629 15:07:46.144874 <... read resumed> "\n", 1) = 1
23631 15:07:46.144879 <... write resumed> ) = 1
23629 15:07:46.144886 close(5)          = 0
23629 15:07:46.144898 write(4, "\1", 1) = 1
23629 15:07:46.144909 read(4,  <unfinished ...>
23631 15:07:46.144916 read(5, "\1", 1)  = 1
23631 15:07:46.144927 close(4)          = 0
23631 15:07:46.144938 rt_sigaction(SIGALRM, {0x805cad0, ~[RTMIN RT_1], 0}, NULL, 8) = 0
23631 15:07:46.144951 alarm(300)        = 0
23631 15:07:46.144962 recv(0,  <unfinished ...>
23637 15:07:46.503953 <... recv resumed> "TYPE I\r\n", 4096, MSG_PEEK) = 8
23637 15:07:46.504110 read(0, "TYPE I\r\n", 8) = 8
23637 15:07:46.504248 write(0, "200 Switching to Binary mode.\r\n", 31) = 31
23637 15:07:46.504364 rt_sigaction(SIGALRM, {0x805cad0, ~[RTMIN RT_1], 0}, NULL, 8) = 0
23637 15:07:46.504402 alarm(300)        = 299
23637 15:07:46.504430 recv(0, "PASV\r\n", 4096, MSG_PEEK) = 6
23637 15:07:46.504452 read(0, "PASV\r\n", 6) = 6
23637 15:07:46.504465 write(5, "\n", 1) = 1
23637 15:07:46.504479 read(5,  <unfinished ...>
23635 15:07:46.504488 <... read resumed> "\n", 1) = 1
23635 15:07:46.504498 write(4, "\1", 1) = 1
23637 15:07:46.504509 <... read resumed> "\1", 1) = 1
23637 15:07:46.504516 write(5, "\f", 1) = 1
23637 15:07:46.504527 read(5,  <unfinished ...>
23635 15:07:46.504534 read(4, "\f", 1)  = 1
23635 15:07:46.504547 socket(PF_INET, SOCK_STREAM, IPPROTO_TCP) = 5
23635 15:07:46.504565 setsockopt(5, SOL_SOCKET, SO_REUSEADDR, [1], 4) = 0
23635 15:07:46.504580 bind(5, {sa_family=AF_INET, sin_port=htons(24012), sin_addr=inet_addr("127.0.0.1")}, 16) = 0
23635 15:07:46.504597 listen(5, 1)      = 0
23635 15:07:46.504611 write(4, "\314]\0\0", 4) = 4
23637 15:07:46.504623 <... read resumed> "\314]\0\0", 4) = 4
23637 15:07:46.504635 write(0, "227 Entering Passive Mode (127,0,0,1,93,204).\r\n", 47) = 47
23637 15:07:46.504753 rt_sigaction(SIGALRM, {0x805cad0, ~[RTMIN RT_1], 0}, NULL, 8) = 0
23637 15:07:46.504770 alarm(300)        = 300
23637 15:07:46.504782 recv(0, "STOR myfile19\r\n", 4096, MSG_PEEK) = 15
23637 15:07:46.504795 read(0, "STOR myfile19\r\n", 15) = 15
23637 15:07:46.504809 write(5, "\v", 1) = 1
23637 15:07:46.504820 read(5,  <unfinished ...>
23635 15:07:46.504828 read(4, "\v", 1)  = 1
23635 15:07:46.504840 write(4, "\1\0\0\0", 4) = 4
23637 15:07:46.504851 <... read resumed> "\1\0\0\0", 4) = 4
23637 15:07:46.504859 gettimeofday({1495652866, 504871}, NULL) = 0
23637 15:07:46.504879 getcwd("/home/msfadmin", 4096) = 15
23637 15:07:46.504893 open("myfile19", O_WRONLY|O_CREAT|O_NONBLOCK|O_LARGEFILE, 0666) = 4
23637 15:07:46.504908 fstat64(4, {st_mode=S_IFREG|0644, st_size=17, ...}) = 0
23637 15:07:46.504926 fcntl64(4, F_GETFL) = 0x8801 (flags O_WRONLY|O_NONBLOCK|O_LARGEFILE)
23637 15:07:46.504938 fcntl64(4, F_SETFL, O_WRONLY|O_LARGEFILE) = 0
23637 15:07:46.504948 fcntl64(4, F_SETLKW64, {type=F_WRLCK, whence=SEEK_SET, start=0, len=0}, 0xbfdc3fb4) = 0
23637 15:07:46.504963 ftruncate64(4, 0) = 0
23637 15:07:46.504982 _llseek(4, 0, [0], SEEK_SET) = 0
23637 15:07:46.504994 write(5, "\v", 1) = 1
23637 15:07:46.505005 read(5,  <unfinished ...>
23635 15:07:46.505012 read(4, "\v", 1)  = 1
23635 15:07:46.505024 write(4, "\1\0\0\0", 4) = 4
23637 15:07:46.505035 <... read resumed> "\1\0\0\0", 4) = 4
23637 15:07:46.505043 write(5, "\v", 1) = 1
23637 15:07:46.505053 read(5,  <unfinished ...>
23635 15:07:46.505060 read(4, "\v", 1)  = 1
23635 15:07:46.505071 write(4, "\1\0\0\0", 4) = 4
