17960 14:09:25.330634 mmap2(NULL, 101180, PROT_READ|PROT_EXEC, MAP_PRIVATE|MAP_DENYWRITE, 7, 0) = 0xb7cc0000
17960 14:09:25.330645 mmap2(0xb7cd7000, 8192, PROT_READ|PROT_WRITE, MAP_PRIVATE|MAP_FIXED|MAP_DENYWRITE, 7, 0x16) = 0xb7cd7000
17960 14:09:25.330662 close(7)          = 0
17960 14:09:25.330785 open("/etc/selinux/config", O_RDONLY|O_LARGEFILE) = -1 ENOENT (No such file or directory)
17960 14:09:25.330812 statfs64("/selinux", 84, 0xbf9a343c) = -1 ENOENT (No such file or directory)
17960 14:09:25.330825 open("/proc/mounts", O_RDONLY|O_LARGEFILE) = 7
17960 14:09:25.330851 fstat64(7, {st_mode=S_IFREG|0444, st_size=0, ...}) = 0
17960 14:09:25.330868 mmap2(NULL, 4096, PROT_READ|PROT_WRITE, MAP_PRIVATE|MAP_ANONYMOUS, -1, 0) = 0xb7edc000
17960 14:09:25.330880 read(7, "rootfs / rootfs rw 0 0\nnone /sys sysfs rw,nosuid,nodev,noexec 0 0\nnone /proc proc rw,nosuid,nodev,noexec 0 0\nudev /dev tmpfs rw,relatime 0 0\nfusectl /sys/fs/fuse/connections fusectl rw,relatime 0 0\n/dev/mapper/metasploitable-root / ext3 rw,relatime,errors=remount-ro,data=ordered 0 0\n/dev/mapper/metasploitable-root /dev/.static/dev ext3 rw,relatime,errors=remount-ro,data=ordered 0 0\ntmpfs /var/run tmpfs rw,nosuid,nodev,noexec 0 0\ntmpfs /var/lock tmpfs rw,nosuid,nodev,noexec 0 0\ntmpfs /dev/shm tmpfs rw,relatime 0 0\ndevpts /dev/pts devpts rw,relatime 0 0\ntmpfs /var/run tmpfs rw,nosuid,nodev,noexec 0 0\ntmpfs /var/lock tmpfs rw,nosuid,nodev,noexec 0 0\n/dev/sda1 /boot ext3 rw,relatime,data=ordered 0 0\nsecurityfs /sys/kernel/security securityfs rw,relatime 0 0\nrpc_pipefs /var/lib/nfs/rpc_pipefs rpc_pipefs rw,relatime 0 0\nnfsd /proc/fs/nfsd nfsd rw,relatime 0 0\n", 1024) = 866
17960 14:09:25.330965 read(7, "", 1024) = 0
17960 14:09:25.330975 close(7)          = 0
17960 14:09:25.330985 munmap(0xb7edc000, 4096) = 0
17960 14:09:25.331004 munmap(0xb7d0b000, 29913) = 0
17960 14:09:25.331018 read(6, "", 4096) = 0
17960 14:09:25.331029 close(6)          = 0
17960 14:09:25.331039 munmap(0xb7edd000, 4096) = 0
17960 14:09:25.331050 stat64("/etc/pam.d", {st_mode=S_IFDIR|0755, st_size=4096, ...}) = 0
17960 14:09:25.331069 open("/etc/pam.d/common-account", O_RDONLY|O_LARGEFILE) = 6
17960 14:09:25.331083 fstat64(6, {st_mode=S_IFREG|0644, st_size=392, ...}) = 0
17960 14:09:25.331100 mmap2(NULL, 4096, PROT_READ|PROT_WRITE, MAP_PRIVATE|MAP_ANONYMOUS, -1, 0) = 0xb7edd000
17960 14:09:25.331111 read(6, "#\n# /etc/pam.d/common-account - authorization settings common to all services\n#\n# This file is included from other service-specific PAM config files,\n# and should contain a list of the authorization modules that define\n# the central access policy for use on the system.  The default is to\n# only deny service to users whose accounts are expired in /etc/shadow.\n#\naccount\trequired\tpam_unix.so\n", 4096) = 392
17960 14:09:25.331151 read(6, "", 4096) = 0
17960 14:09:25.331161 close(6)          = 0
17960 14:09:25.331170 munmap(0xb7edd000, 4096) = 0
17960 14:09:25.331181 stat64("/etc/pam.d", {st_mode=S_IFDIR|0755, st_size=4096, ...}) = 0
17960 14:09:25.331200 open("/etc/pam.d/common-session", O_RDONLY|O_LARGEFILE) = 6
17960 14:09:25.331213 fstat64(6, {st_mode=S_IFREG|0644, st_size=372, ...}) = 0
17960 14:09:25.331229 mmap2(NULL, 4096, PROT_READ|PROT_WRITE, MAP_PRIVATE|MAP_ANONYMOUS, -1, 0) = 0xb7edd000
17960 14:09:25.331239 read(6, "#\n# /etc/pam.d/common-session - session-related modules common to all services\n#\n# This file is included from other service-specific PAM config files,\n# and should contain a list of modules that define tasks to be performed\n# at the start and end of sessions of *any* kind (both interactive and\n# non-interactive).  The default is pam_unix.\n#\nsession\trequired\tpam_unix.so\n", 4096) = 372
17960 14:09:25.331278 read(6, "", 4096) = 0
17960 14:09:25.331287 close(6)          = 0
17960 14:09:25.331297 munmap(0xb7edd000, 4096) = 0
17960 14:09:25.331307 read(5, "", 4096) = 0
17960 14:09:25.331316 close(5)          = 0
17960 14:09:25.331325 munmap(0xb7ee3000, 4096) = 0
17960 14:09:25.331335 open("/etc/pam.d/other", O_RDONLY|O_LARGEFILE) = 5
17960 14:09:25.331349 fstat64(5, {st_mode=S_IFREG|0644, st_size=520, ...}) = 0
17960 14:09:25.331365 mmap2(NULL, 4096, PROT_READ|PROT_WRITE, MAP_PRIVATE|MAP_ANONYMOUS, -1, 0) = 0xb7ee3000
17960 14:09:25.331375 read(5, "#\n# /etc/pam.d/other - specify the PAM fallback behaviour\n#\n# Note that this file is used for any unspecified service; for example\n#if /etc/pam.d/cron  specifies no session modules but cron calls\n#pam_open_session, the session module out of /etc/pam.d/other is\n#used.  If you really want nothing to happen then use pam_permit.so or\n#pam_deny.so as appropriate.\n\n# We fall back to the system default in /etc/pam.d/common-*\n# \n\n@include common-auth\n@include common-account\n@include common-password\n@include common-session\n", 4096) = 520
17960 14:09:25.331420 stat64("/etc/pam.d", {st_mode=S_IFDIR|0755, st_size=4096, ...}) = 0
17960 14:09:25.331438 open("/etc/pam.d/common-auth", O_RDONLY|O_LARGEFILE) = 6
17960 14:09:25.331451 fstat64(6, {st_mode=S_IFREG|0644, st_size=476, ...}) = 0
17960 14:09:25.331466 mmap2(NULL, 4096, PROT_READ|PROT_WRITE, MAP_PRIVATE|MAP_ANONYMOUS, -1, 0) = 0xb7edd000
17960 14:09:25.331477 read(6, "#\n# /etc/pam.d/common-auth - authentication settings common to all services\n#\n# This file is included from other service-specific PAM config files,\n# and should contain a list of the authentication modules that define\n# the central authentication scheme for use on the system\n# (e.g., /etc/shadow, LDAP, Kerberos, etc.).  The default is to use the\n# traditional Unix authentication mechanisms.\n#\nauth\trequisite\tpam_unix.so nullok_secure\n# auth\toptional\tpam_smbpass.so migrate\n", 4096) = 476
17960 14:09:25.331523 read(6, "", 4096) = 0
17960 14:09:25.331533 close(6)          = 0
17960 14:09:25.331542 munmap(0xb7edd000, 4096) = 0
17960 14:09:25.331556 stat64("/etc/pam.d", {st_mode=S_IFDIR|0755, st_size=4096, ...}) = 0
17960 14:09:25.331574 open("/etc/pam.d/common-account", O_RDONLY|O_LARGEFILE) = 6
17960 14:09:25.331587 fstat64(6, {st_mode=S_IFREG|0644, st_size=392, ...}) = 0
17960 14:09:25.331603 mmap2(NULL, 4096, PROT_READ|PROT_WRITE, MAP_PRIVATE|MAP_ANONYMOUS, -1, 0) = 0xb7edd000
17960 14:09:25.331613 read(6, "#\n# /etc/pam.d/common-account - authorization settings common to all services\n#\n# This file is included from other service-specific PAM config files,\n# and should contain a list of the authorization modules that define\n# the central access policy for use on the system.  The default is to\n# only deny service to users whose accounts are expired in /etc/shadow.\n#\naccount\trequired\tpam_unix.so\n", 4096) = 392
17960 14:09:25.331668 read(6, "", 4096) = 0
17960 14:09:25.331681 close(6)          = 0
17960 14:09:25.331700 munmap(0xb7edd000, 4096) = 0
17960 14:09:25.331711 stat64("/etc/pam.d", {st_mode=S_IFDIR|0755, st_size=4096, ...}) = 0
17960 14:09:25.331730 open("/etc/pam.d/common-password", O_RDONLY|O_LARGEFILE) = 6
17960 14:09:25.331743 fstat64(6, {st_mode=S_IFREG|0644, st_size=1563, ...}) = 0
17960 14:09:25.331759 mmap2(NULL, 4096, PROT_READ|PROT_WRITE, MAP_PRIVATE|MAP_ANONYMOUS, -1, 0) = 0xb7edd000
17960 14:09:25.331770 read(6, "#\n# /etc/pam.d/common-password - password-related modules common to all services\n#\n# This file is included from other service-specific PAM config files,\n# and should contain a list of modules that define the services to be\n# used to change user passwords.  The default is pam_unix.\n\n# Explanation of pam_unix options:\n#\n# The \"nullok\" option allows users to change an empty password, else\n# empty passwords are treated as locked accounts.\n#\n# The \"md5\" option enables MD5 passwords.  Without this option, the\n# default is Unix crypt.\n#\n# The \"obscure\" option replaces the old `OBSCURE_CHECKS_ENAB\' option in\n# login.defs.\n#\n# You can also use the \"min\" option to enforce the length of the new\n# password.\n#\n# See the pam_unix manpage for other options.\n\npassword   requisite   pam_unix.so nullok obscure md5\n\n# Alternate strength checking for password. Note that this\n# requires the libpam-cracklib package to be installed.\n# You will need to comment out the password line above and\n# uncomment the next two in order to use this.\n# (Replaces the `OBSCURE_CHECKS_ENAB\', `CRACKLIB_DICTPATH\')\n#\n# password required\t  pam_cracklib.so retry=3 minlen=6 difok=3\n# password required\t  pam_unix.so use_authtok nullok md5\n\n# minimally-intrusive inclusion of smbpass in the stack for\n# synchronization.  If the module is absent or the passwords don\'t\n# match, this module will be ignored without prompting; and if the \n# passwords do match, the NTLM hash for the user will be updated\n# automatically.\n# password   optional   pam_smbpass.so nullok use_authtok use_first_pass\n", 4096) = 1563
17960 14:09:25.331885 read(6, "", 4096) = 0
17960 14:09:25.331895 close(6)          = 0
17960 14:09:25.331904 munmap(0xb7edd000, 4096) = 0
17960 14:09:25.331915 stat64("/etc/pam.d", {st_mode=S_IFDIR|0755, st_size=4096, ...}) = 0
17960 14:09:25.331933 open("/etc/pam.d/common-session", O_RDONLY|O_LARGEFILE) = 6
17960 14:09:25.331946 fstat64(6, {st_mode=S_IFREG|0644, st_size=372, ...}) = 0
17960 14:09:25.331962 mmap2(NULL, 4096, PROT_READ|PROT_WRITE, MAP_PRIVATE|MAP_ANONYMOUS, -1, 0) = 0xb7edd000
17960 14:09:25.331972 read(6, "#\n# /etc/pam.d/common-session - session-related modules common to all services\n#\n# This file is included from other service-specific PAM config files,\n# and should contain a list of modules that define tasks to be performed\n# at the start and end of sessions of *any* kind (both interactive and\n# non-interactive).  The default is pam_unix.\n#\nsession\trequired\tpam_unix.so\n", 4096) = 372
17960 14:09:25.332010 read(6, "", 4096) = 0
17960 14:09:25.332019 close(6)          = 0
17960 14:09:25.332028 munmap(0xb7edd000, 4096) = 0
17960 14:09:25.332039 read(5, "", 4096) = 0
17960 14:09:25.332048 close(5)          = 0
17960 14:09:25.332061 munmap(0xb7ee3000, 4096) = 0
17960 14:09:25.332074 time(NULL)        = 1495649365
17960 14:09:25.332085 lstat64("/etc/ftpusers", {st_mode=S_IFREG|0644, st_size=132, ...}) = 0
17960 14:09:25.332104 open("/etc/ftpusers", O_RDONLY|O_LARGEFILE) = 5
17960 14:09:25.332116 fstat64(5, {st_mode=S_IFREG|0644, st_size=132, ...}) = 0
17960 14:09:25.332132 mmap2(NULL, 4096, PROT_READ|PROT_WRITE, MAP_PRIVATE|MAP_ANONYMOUS, -1, 0) = 0xb7ee3000
17960 14:09:25.332142 read(5, "# /etc/ftpusers: list of users disallowed FTP access. See ftpusers(5).\n\nroot\ndaemon\nbin\nsys\nsync\ngames\nman\nlp\nmail\nnews\nuucp\nnobody\n", 4096) = 132
17960 14:09:25.332158 read(5, "", 4096) = 0
17960 14:09:25.332159 close(5)          = 0
17960 14:09:25.332159 munmap(0xb7ee3000, 4096) = 0
17960 14:09:25.332159 getuid32()        = 0
17960 14:09:25.332159 open("/etc/passwd", O_RDONLY|0x80000 /* O_??? */) = 5
17960 14:09:25.332159 _llseek(5, 0, [0], SEEK_CUR) = 0
17960 14:09:25.332160 fstat64(5, {st_mode=S_IFREG|0644, st_size=1624, ...}) = 0
17960 14:09:25.332160 mmap2(NULL, 1624, PROT_READ, MAP_SHARED, 5, 0) = 0xb7ee3000
17960 14:09:25.332160 _llseek(5, 1624, [1624], SEEK_SET) = 0
17960 14:09:25.332160 munmap(0xb7ee3000, 1624) = 0
17960 14:09:25.332161 close(5)          = 0
17960 14:09:25.332164 open("/etc/shadow", O_RDONLY|0x80000 /* O_??? */) = 5
17960 14:09:25.332182 _llseek(5, 0, [0], SEEK_CUR) = 0
17960 14:09:25.332193 fstat64(5, {st_mode=S_IFREG|0640, st_size=1233, ...}) = 0
17960 14:09:25.332209 mmap2(NULL, 1233, PROT_READ, MAP_SHARED, 5, 0) = 0xb7ee3000
17960 14:09:25.332220 _llseek(5, 1233, [1233], SEEK_SET) = 0
17960 14:09:25.332240 munmap(0xb7ee3000, 1233) = 0
17960 14:09:25.332250 close(5)          = 0
17960 14:09:25.332268 open("/etc/passwd", O_RDONLY|0x80000 /* O_??? */) = 5
17960 14:09:25.332282 _llseek(5, 0, [0], SEEK_CUR) = 0
17960 14:09:25.332292 fstat64(5, {st_mode=S_IFREG|0644, st_size=1624, ...}) = 0
17960 14:09:25.332308 mmap2(NULL, 1624, PROT_READ, MAP_SHARED, 5, 0) = 0xb7ee3000
17960 14:09:25.332318 _llseek(5, 1624, [1624], SEEK_SET) = 0
17960 14:09:25.332356 munmap(0xb7ee3000, 1624) = 0
17960 14:09:25.332367 close(5)          = 0
17960 14:09:25.332390 open("/etc/shadow", O_RDONLY|0x80000 /* O_??? */) = 5
17960 14:09:25.332403 _llseek(5, 0, [0], SEEK_CUR) = 0
17960 14:09:25.332414 fstat64(5, {st_mode=S_IFREG|0640, st_size=1233, ...}) = 0
17960 14:09:25.332429 mmap2(NULL, 1233, PROT_READ, MAP_SHARED, 5, 0) = 0xb7ee3000
17960 14:09:25.332440 _llseek(5, 1233, [1233], SEEK_SET) = 0
17960 14:09:25.332456 munmap(0xb7ee3000, 1233) = 0
17960 14:09:25.332466 close(5)          = 0
17960 14:09:25.332698 getuid32()        = 0
17960 14:09:25.332710 open("/etc/passwd", O_RDONLY|0x80000 /* O_??? */) = 5
17960 14:09:25.332722 _llseek(5, 0, [0], SEEK_CUR) = 0
17960 14:09:25.332732 fstat64(5, {st_mode=S_IFREG|0644, st_size=1624, ...}) = 0
17960 14:09:25.332748 mmap2(NULL, 1624, PROT_READ, MAP_SHARED, 5, 0) = 0xb7ee3000
17960 14:09:25.332759 _llseek(5, 1624, [1624], SEEK_SET) = 0
17960 14:09:25.332774 munmap(0xb7ee3000, 1624) = 0
17960 14:09:25.332784 close(5)          = 0
17960 14:09:25.332796 open("/etc/shadow", O_RDONLY|0x80000 /* O_??? */) = 5
17960 14:09:25.332809 _llseek(5, 0, [0], SEEK_CUR) = 0
17960 14:09:25.332819 fstat64(5, {st_mode=S_IFREG|0640, st_size=1233, ...}) = 0
17960 14:09:25.332835 mmap2(NULL, 1233, PROT_READ, MAP_SHARED, 5, 0) = 0xb7ee3000
17960 14:09:25.332845 _llseek(5, 1233, [1233], SEEK_SET) = 0
17960 14:09:25.332862 munmap(0xb7ee3000, 1233) = 0
17960 14:09:25.332871 close(5)          = 0
17960 14:09:25.332882 time(NULL)        = 1495649365
17960 14:09:25.332897 munmap(0xb7ee0000, 12164) = 0
17960 14:09:25.332910 munmap(0xb7ede000, 7136) = 0
17960 14:09:25.332924 munmap(0xb7d13000, 95428) = 0
17960 14:09:25.332935 munmap(0xb7cd9000, 201052) = 0
17960 14:09:25.332946 munmap(0xb7cc0000, 101180) = 0
17960 14:09:25.332962 gettimeofday({1495649365, 332966}, NULL) = 0
17960 14:09:25.332974 stat64("/usr/share/zoneinfo/UTC+04:00", 0xbf9a5314) = -1 ENOENT (No such file or directory)
17960 14:09:25.332993 open("/usr/share/zoneinfo/UTC+04:00", O_RDONLY) = -1 ENOENT (No such file or directory)
17960 14:09:25.333018 fcntl64(3, F_SETLKW64, {type=F_WRLCK, whence=SEEK_SET, start=0, len=0}, 0xbf9a5464) = 0
17960 14:09:25.333034 write(3, "Wed May 24 14:09:25 2017 [pid 17960] [msfadmin] OK LOGIN: Client \"127.0.0.1\"\n", 77) = 77
17960 14:09:25.333051 fcntl64(3, F_SETLK64, {type=F_UNLCK, whence=SEEK_SET, start=0, len=0}, 0xbf9a546c) = 0
17960 14:09:25.333064 rt_sigaction(SIGCHLD, {0x805cad0, ~[RTMIN RT_1], 0}, NULL, 8) = 0
17960 14:09:25.333079 write(4, "\1", 1 <unfinished ...>
17961 14:09:25.333088 <... read resumed> "\1", 1) = 1
17960 14:09:25.333094 <... write resumed> ) = 1
17961 14:09:25.333101 exit_group(0)     = ?
17960 14:09:25.333129 --- SIGCHLD (Child exited) @ 0 (0) ---
17960 14:09:25.333136 sigreturn()       = ? (mask now [])
17960 14:09:25.333155 wait4(-1, [{WIFEXITED(s) && WEXITSTATUS(s) == 0}], 0, NULL) = 17961
17960 14:09:25.333168 close(4)          = 0
17960 14:09:25.333180 socketpair(PF_FILE, SOCK_STREAM, 0, [4, 5]) = 0
17960 14:09:25.333193 rt_sigaction(SIGCHLD, {0x805cad0, ~[RTMIN RT_1], 0}, NULL, 8) = 0
17960 14:09:25.333206 rt_sigaction(SIGALRM, {0x805cb10, ~[RTMIN RT_1], 0}, NULL, 8) = 0
17960 14:09:25.333220 clone(child_stack=0, flags=CLONE_CHILD_CLEARTID|CLONE_CHILD_SETTID|SIGCHLD, child_tidptr=0xb7d496f8) = 17962
17962 14:09:25.333269 prctl(0x1, 0x9, 0, 0, 0) = 0
17962 14:09:25.333282 close(4)          = 0
17962 14:09:25.333436 open("/etc/passwd", O_RDONLY|0x80000 /* O_??? */) = 4
17962 14:09:25.333465 _llseek(4, 0, [0], SEEK_CUR) = 0
17962 14:09:25.333480 fstat64(4, {st_mode=S_IFREG|0644, st_size=1624, ...}) = 0
17962 14:09:25.333499 mmap2(NULL, 1624, PROT_READ, MAP_SHARED, 4, 0) = 0xb7ee3000
17962 14:09:25.333510 _llseek(4, 1624, [1624], SEEK_SET) = 0
17962 14:09:25.333533 munmap(0xb7ee3000, 1624) = 0
17962 14:09:25.333544 close(4)          = 0
17962 14:09:25.333558 getuid32()        = 0
17962 14:09:25.333568 open("/etc/passwd", O_RDONLY|0x80000 /* O_??? */) = 4
17962 14:09:25.333581 _llseek(4, 0, [0], SEEK_CUR) = 0
17962 14:09:25.333591 fstat64(4, {st_mode=S_IFREG|0644, st_size=1624, ...}) = 0
17962 14:09:25.333607 mmap2(NULL, 1624, PROT_READ, MAP_SHARED, 4, 0) = 0xb7ee3000
17962 14:09:25.333618 _llseek(4, 1624, [1624], SEEK_SET) = 0
17962 14:09:25.333633 munmap(0xb7ee3000, 1624) = 0
17962 14:09:25.333642 close(4)          = 0
17962 14:09:25.333668 open("/proc/sys/kernel/ngroups_max", O_RDONLY) = 4
17962 14:09:25.333688 read(4, "65536\n", 31) = 6
17962 14:09:25.333701 close(4)          = 0
17962 14:09:25.333714 socket(PF_FILE, SOCK_STREAM, 0) = 4
17962 14:09:25.333726 fcntl64(4, F_SETFL, O_RDWR|O_NONBLOCK) = 0
17962 14:09:25.333737 connect(4, {sa_family=AF_FILE, path="/var/run/nscd/socket"}, 110) = -1 ENOENT (No such file or directory)
17962 14:09:25.333758 close(4)          = 0
17962 14:09:25.333769 socket(PF_FILE, SOCK_STREAM, 0) = 4
17962 14:09:25.333779 fcntl64(4, F_SETFL, O_RDWR|O_NONBLOCK) = 0
17962 14:09:25.333790 connect(4, {sa_family=AF_FILE, path="/var/run/nscd/socket"}, 110) = -1 ENOENT (No such file or directory)
17962 14:09:25.333807 close(4)          = 0
17962 14:09:25.333831 open("/etc/group", O_RDONLY|0x80000 /* O_??? */) = 4
17962 14:09:25.333848 _llseek(4, 0, [0], SEEK_CUR) = 0
17962 14:09:25.333859 fstat64(4, {st_mode=S_IFREG|0644, st_size=886, ...}) = 0
17962 14:09:25.333875 mmap2(NULL, 886, PROT_READ, MAP_SHARED, 4, 0) = 0xb7ee3000
17962 14:09:25.333886 _llseek(4, 886, [886], SEEK_SET) = 0
17962 14:09:25.333911 fstat64(4, {st_mode=S_IFREG|0644, st_size=886, ...}) = 0
17962 14:09:25.333927 munmap(0xb7ee3000, 886) = 0
17962 14:09:25.333937 close(4)          = 0
17962 14:09:25.333947 setgroups32(13, [1000, 4, 20, 24, 25, 29, 30, 44, 46, 107, 111, 112, 119]) = 0
17962 14:09:25.333963 geteuid32()       = 0
17962 14:09:25.333974 getegid32()       = 0
17962 14:09:25.333985 setregid32(-1, 1000) = 0
17962 14:09:25.333996 setreuid32(-1, 1000) = 0
17962 14:09:25.334006 chdir("/home/msfadmin") = 0
17962 14:09:25.334018 setreuid32(-1, 0) = 0
17962 14:09:25.334027 setregid32(-1, 0) = 0
17962 14:09:25.334042 setgid32(1000)    = 0
17962 14:09:25.334052 setuid32(1000)    = 0
17962 14:09:25.334062 setrlimit(RLIMIT_NPROC, {rlim_cur=0, rlim_max=0}) = 0
17962 14:09:25.334075 mmap2(NULL, 12288, PROT_READ|PROT_WRITE, MAP_PRIVATE|MAP_ANONYMOUS, -1, 0) = 0xb7ee1000
17962 14:09:25.334087 mprotect(0xb7ee3000, 4096, PROT_NONE) = 0
17962 14:09:25.334098 mprotect(0xb7ee1000, 4096, PROT_NONE) = 0
17962 14:09:25.334109 getcwd("/home/msfadmin", 4096) = 15
17962 14:09:25.334122 umask(022)        = 077
17962 14:09:25.334132 getcwd("/home/msfadmin", 4096) = 15
17962 14:09:25.334146 open(".message", O_RDONLY|O_NONBLOCK|O_LARGEFILE) = -1 ENOENT (No such file or directory)
17962 14:09:25.334168 write(0, "230 Login successful.\r\n", 23) = 23
17962 14:09:25.334234 rt_sigaction(SIGALRM, {0x805cad0, ~[RTMIN RT_1], 0}, NULL, 8) = 0
17962 14:09:25.334251 alarm(300)        = 0
17962 14:09:25.334262 mmap2(NULL, 12288, PROT_READ|PROT_WRITE, MAP_PRIVATE|MAP_ANONYMOUS, -1, 0) = 0xb7ede000
17962 14:09:25.334273 mprotect(0xb7ee0000, 4096, PROT_NONE) = 0
17962 14:09:25.334284 mprotect(0xb7ede000, 4096, PROT_NONE) = 0
17962 14:09:25.334297 recv(0, "TYPE I\r\n", 4096, MSG_PEEK) = 8
17962 14:09:25.334309 read(0, "TYPE I\r\n", 8) = 8
17962 14:09:25.334326 write(0, "200 Switching to Binary mode.\r\n", 31) = 31
17962 14:09:25.334366 rt_sigaction(SIGALRM, {0x805cad0, ~[RTMIN RT_1], 0}, NULL, 8) = 0
17962 14:09:25.334395 alarm(300)        = 300
17962 14:09:25.334408 recv(0, "PASV\r\n", 4096, MSG_PEEK) = 6
17962 14:09:25.334429 read(0, "PASV\r\n", 6) = 6
17962 14:09:25.334442 write(5, "\n", 1) = 1
17962 14:09:25.334453 read(5,  <unfinished ...>
17960 14:09:25.334465 close(5)          = 0
17960 14:09:25.334477 getuid32()        = 0
17960 14:09:25.334493 open("/etc/passwd", O_RDONLY|0x80000 /* O_??? */) = 5
17960 14:09:25.334507 _llseek(5, 0, [0], SEEK_CUR) = 0
17960 14:09:25.334520 fstat64(5, {st_mode=S_IFREG|0644, st_size=1624, ...}) = 0
17960 14:09:25.334537 mmap2(NULL, 1624, PROT_READ, MAP_SHARED, 5, 0) = 0xb7ee3000
17960 14:09:25.334549 _llseek(5, 1624, [1624], SEEK_SET) = 0
17960 14:09:25.334566 munmap(0xb7ee3000, 1624) = 0
17960 14:09:25.334578 close(5)          = 0
17960 14:09:25.334593 setgroups32(0, []) = 0
17960 14:09:25.334605 chdir("/usr/share/empty") = 0
17960 14:09:25.334617 chroot(".")       = 0
17960 14:09:25.334628 capset(NULL, NULL) = -1 EFAULT (Bad address)
17960 14:09:25.334641 prctl(0x8, 0, 0xbf9a5448, 0x80549a6, 0xbf9a5430) = 0
17960 14:09:25.334652 prctl(0x8, 0x1, 0xbf9a5448, 0x8054a49, 0xbf9a5430) = 0
17960 14:09:25.334663 setgid32(65534)   = 0
17960 14:09:25.334673 setuid32(65534)   = 0
17960 14:09:25.334682 capset(0x19980330, 0, {CAP_NET_BIND_SERVICE, CAP_NET_BIND_SERVICE, 0}) = 0
17960 14:09:25.334695 read(4, "\n", 1)  = 1
17960 14:09:25.334708 write(4, "\1", 1) = 1
17962 14:09:25.334719 <... read resumed> "\1", 1) = 1
17962 14:09:25.334726 write(5, "\f", 1) = 1
17962 14:09:25.334736 read(5,  <unfinished ...>
17960 14:09:25.334743 read(4, "\f", 1)  = 1
17960 14:09:25.334756 socket(PF_INET, SOCK_STREAM, IPPROTO_TCP) = 5
17960 14:09:25.334769 setsockopt(5, SOL_SOCKET, SO_REUSEADDR, [1], 4) = 0
17960 14:09:25.334780 gettimeofday({1495649365, 334784}, NULL) = 0
17960 14:09:25.334796 bind(5, {sa_family=AF_INET, sin_port=htons(19372), sin_addr=inet_addr("127.0.0.1")}, 16) = 0
17960 14:09:25.334812 listen(5, 1)      = 0
17960 14:09:25.334826 write(4, "\254K\0\0", 4) = 4
17962 14:09:25.334837 <... read resumed> "\254K\0\0", 4) = 4
17962 14:09:25.334850 write(0, "227 Entering Passive Mode (127,0,0,1,75,172).\r\n", 47) = 47
17962 14:09:25.335277 rt_sigaction(SIGALRM, {0x805cad0, ~[RTMIN RT_1], 0}, NULL, 8) = 0
17962 14:09:25.335342 alarm(300)        = 300
17962 14:09:25.335380 recv(0, "RETR myfile7\r\n", 4096, MSG_PEEK) = 14
17962 14:09:25.335406 read(0, "RETR myfile7\r\n", 14) = 14
17962 14:09:25.335430 write(5, "\v", 1) = 1
17962 14:09:25.335443 read(5,  <unfinished ...>
17960 14:09:25.335451 read(4, "\v", 1)  = 1
17960 14:09:25.335462 write(4, "\1\0\0\0", 4) = 4
17962 14:09:25.335473 <... read resumed> "\1\0\0\0", 4) = 4
17962 14:09:25.335486 gettimeofday({1495649365, 335490}, NULL) = 0
17962 14:09:25.335497 getcwd("/home/msfadmin", 4096) = 15
17962 14:09:25.335509 open("myfile7", O_RDONLY|O_NONBLOCK|O_LARGEFILE) = 4
17962 14:09:25.335522 fcntl64(4, F_SETLKW64, {type=F_RDLCK, whence=SEEK_SET, start=0, len=0}, 0xbf9a53b4) = 0
17962 14:09:25.335535 fstat64(4, {st_mode=S_IFREG|0644, st_size=17, ...}) = 0
17962 14:09:25.335552 fcntl64(4, F_GETFL) = 0x8800 (flags O_RDONLY|O_NONBLOCK|O_LARGEFILE)
17962 14:09:25.335562 fcntl64(4, F_SETFL, O_RDONLY|O_LARGEFILE) = 0
17962 14:09:25.335575 write(5, "\v", 1) = 1
17962 14:09:25.335586 read(5,  <unfinished ...>
17960 14:09:25.335593 read(4, "\v", 1)  = 1
17960 14:09:25.335604 write(4, "\1\0\0\0", 4) = 4
17962 14:09:25.335614 <... read resumed> "\1\0\0\0", 4) = 4
17962 14:09:25.335621 write(5, "\v", 1) = 1
17962 14:09:25.335631 read(5,  <unfinished ...>
17960 14:09:25.335638 read(4, "\v", 1)  = 1
17960 14:09:25.335649 write(4, "\1\0\0\0", 4) = 4
17962 14:09:25.335659 <... read resumed> "\1\0\0\0", 4) = 4
17962 14:09:25.335667 write(5, "\r", 1) = 1
17962 14:09:25.335677 read(5,  <unfinished ...>
17960 14:09:25.335683 read(4, "\r", 1)  = 1
17960 14:09:25.335718 select(6, [5], NULL, NULL, {60, 0}) = 1 (in [5], left {60, 0})
17960 14:09:25.335746 accept(5, {sa_family=AF_INET, sin_port=htons(54595), sin_addr=inet_addr("127.0.0.1")}, [16]) = 6
17960 14:09:25.335768 write(4, "\1", 1) = 1
17962 14:09:25.335780 <... read resumed> "\1", 1) = 1
17962 14:09:25.335789 recvmsg(5,  <unfinished ...>
17960 14:09:25.335799 sendmsg(4, {msg_name(0)=NULL, msg_iov(1)=[{"\0", 1}], msg_controllen=16, {cmsg_len=16, cmsg_level=SOL_SOCKET, cmsg_type=SCM_RIGHTS, {6}}, msg_flags=0}, 0) = 1
17962 14:09:25.335816 <... recvmsg resumed> {msg_name(0)=NULL, msg_iov(1)=[{"\0", 1}], msg_controllen=16, {cmsg_len=16, cmsg_level=SOL_SOCKET, cmsg_type=SCM_RIGHTS, {6}}, msg_flags=0}, 0) = 1
17962 14:09:25.335829 setsockopt(6, SOL_SOCKET, SO_KEEPALIVE, [1], 4) = 0
17962 14:09:25.335841 setsockopt(6, SOL_IP, IP_TOS, [8], 4) = 0
17962 14:09:25.335853 setsockopt(6, SOL_SOCKET, SO_LINGER, {onoff=1, linger=32767}, 8) = 0
17962 14:09:25.335864 rt_sigaction(SIGALRM, {0x805cad0, ~[RTMIN RT_1], 0}, NULL, 8) = 0
17962 14:09:25.335877 alarm(300)        = 300
17962 14:09:25.335891 write(0, "150 Opening BINARY mode data connection for myfile7 (17 bytes).\r\n", 65) = 65
17962 14:09:25.335935 _llseek(4, 0, [0], SEEK_CUR) = 0
17962 14:09:25.335948 fstat64(4, {st_mode=S_IFREG|0644, st_size=17, ...}) = 0
17962 14:09:25.335965 _llseek(4, 0, [0], SEEK_SET) = 0
17962 14:09:25.335977 sendfile(6, 4, NULL, 17) = 17
17962 14:09:25.336006 rt_sigaction(SIGALRM, {0x805cad0, ~[RTMIN RT_1], 0}, NULL, 8) = 0
17962 14:09:25.336020 alarm(300)        = 300
17962 14:09:25.336030 close(6)          = 0
17962 14:09:25.336039 alarm(0)          = 300
17962 14:09:25.336049 gettimeofday({1495649365, 336052}, NULL) = 0
17962 14:09:25.336066 getpid()          = 17962
17962 14:09:25.336078 gettimeofday({1495649365, 336082}, NULL) = 0
17962 14:09:25.336095 fcntl64(3, F_SETLKW64, {type=F_WRLCK, whence=SEEK_SET, start=0, len=0}, 0xbf9a5354) = 0
17962 14:09:25.336110 write(3, "Wed May 24 14:09:25 2017 [pid 17962] [msfadmin] OK DOWNLOAD: Client \"127.0.0.1\", \"/home/msfadmin/myfile7\", 17 bytes, 28.04Kbyte/sec\n", 132) = 132
17962 14:09:25.336130 fcntl64(3, F_SETLK64, {type=F_UNLCK, whence=SEEK_SET, start=0, len=0}, 0xbf9a535c) = 0
17962 14:09:25.336144 write(0, "226 Transfer complete.\r\n", 24) = 24
17962 14:09:25.336159 write(5, "\n", 1) = 1
17962 14:09:25.336170 read(5,  <unfinished ...>
17960 14:09:25.336177 close(6)          = 0
17960 14:09:25.336257 read(4, "\n", 1)  = 1
17960 14:09:25.336271 close(5)          = 0
17960 14:09:25.336282 write(4, "\1", 1) = 1
17962 14:09:25.336293 <... read resumed> "\1", 1) = 1
17962 14:09:25.336300 close(4)          = 0
17962 14:09:25.336311 rt_sigaction(SIGALRM, {0x805cad0, ~[RTMIN RT_1], 0}, NULL, 8) = 0
17962 14:09:25.336324 alarm(300)        = 0
17962 14:09:25.336335 recv(0,  <unfinished ...>
17960 14:09:25.336343 read(4,  <unfinished ...>
17958 14:09:25.453062 <... recv resumed> "TYPE I\r\n", 4096, MSG_PEEK) = 8
17958 14:09:25.453141 read(0, "TYPE I\r\n", 8) = 8
17958 14:09:25.453188 write(0, "200 Switching to Binary mode.\r\n", 31) = 31
17958 14:09:25.453239 rt_sigaction(SIGALRM, {0x805cad0, ~[RTMIN RT_1], 0}, NULL, 8) = 0
17958 14:09:25.453257 alarm(300)        = 299
17958 14:09:25.453270 recv(0, "PASV\r\n", 4096, MSG_PEEK) = 6
17958 14:09:25.453281 read(0, "PASV\r\n", 6) = 6
17958 14:09:25.453293 write(5, "\n", 1 <unfinished ...>
17956 14:09:25.453304 <... read resumed> "\n", 1) = 1
17958 14:09:25.453309 <... write resumed> ) = 1
17956 14:09:25.453317 write(4, "\1", 1) = 1
17956 14:09:25.453328 read(4,  <unfinished ...>
17958 14:09:25.453335 read(5, "\1", 1)  = 1
17958 14:09:25.453346 write(5, "\f", 1 <unfinished ...>
17956 14:09:25.453353 <... read resumed> "\f", 1) = 1
17958 14:09:25.453358 <... write resumed> ) = 1
17956 14:09:25.453365 socket(PF_INET, SOCK_STREAM, IPPROTO_TCP) = 5
17956 14:09:25.453381 setsockopt(5, SOL_SOCKET, SO_REUSEADDR, [1], 4) = 0
17956 14:09:25.453395 bind(5, {sa_family=AF_INET, sin_port=htons(38988), sin_addr=inet_addr("127.0.0.1")}, 16) = 0
17956 14:09:25.453412 listen(5, 1)      = 0
17956 14:09:25.453425 write(4, "L\230\0\0", 4) = 4
17956 14:09:25.453437 read(4,  <unfinished ...>
17958 14:09:25.453443 read(5, "L\230\0\0", 4) = 4
17958 14:09:25.453459 write(0, "227 Entering Passive Mode (127,0,0,1,152,76).\r\n", 47) = 47
17958 14:09:25.453572 rt_sigaction(SIGALRM, {0x805cad0, ~[RTMIN RT_1], 0}, NULL, 8) = 0
17958 14:09:25.453589 alarm(300)        = 300
17958 14:09:25.453601 recv(0, "STOR myfile7\r\n", 4096, MSG_PEEK) = 14
17958 14:09:25.453613 read(0, "STOR myfile7\r\n", 14) = 14
17958 14:09:25.453626 write(5, "\v", 1 <unfinished ...>
17956 14:09:25.453634 <... read resumed> "\v", 1) = 1
17958 14:09:25.453639 <... write resumed> ) = 1
17956 14:09:25.453645 write(4, "\1\0\0\0", 4) = 4
17956 14:09:25.453655 read(4,  <unfinished ...>
17958 14:09:25.453662 read(5, "\1\0\0\0", 4) = 4
17958 14:09:25.453674 gettimeofday({1495649365, 453677}, NULL) = 0
17958 14:09:25.453685 getcwd("/home/msfadmin", 4096) = 15
17958 14:09:25.453697 open("myfile7", O_WRONLY|O_CREAT|O_NONBLOCK|O_LARGEFILE, 0666) = 4
17958 14:09:25.453711 fstat64(4, {st_mode=S_IFREG|0644, st_size=17, ...}) = 0
17958 14:09:25.453729 fcntl64(4, F_GETFL) = 0x8801 (flags O_WRONLY|O_NONBLOCK|O_LARGEFILE)
17958 14:09:25.453740 fcntl64(4, F_SETFL, O_WRONLY|O_LARGEFILE) = 0
17958 14:09:25.453750 fcntl64(4, F_SETLKW64, {type=F_WRLCK, whence=SEEK_SET, start=0, len=0}, 0xbfcf46e4) = 0
17958 14:09:25.453764 ftruncate64(4, 0) = 0
17958 14:09:25.453818 _llseek(4, 0, [0], SEEK_SET) = 0
17958 14:09:25.453840 write(5, "\v", 1 <unfinished ...>
17956 14:09:25.453848 <... read resumed> "\v", 1) = 1
17958 14:09:25.453853 <... write resumed> ) = 1
17956 14:09:25.453859 write(4, "\1\0\0\0", 4) = 4
17956 14:09:25.453870 read(4,  <unfinished ...>
17958 14:09:25.453877 read(5, "\1\0\0\0", 4) = 4
17958 14:09:25.453888 write(5, "\v", 1 <unfinished ...>
17956 14:09:25.453894 <... read resumed> "\v", 1) = 1
17958 14:09:25.453899 <... write resumed> ) = 1
17956 14:09:25.453905 write(4, "\1\0\0\0", 4) = 4
17956 14:09:25.453915 read(4,  <unfinished ...>
17958 14:09:25.453922 read(5, "\1\0\0\0", 4) = 4
17958 14:09:25.453933 write(5, "\r", 1 <unfinished ...>
17956 14:09:25.453940 <... read resumed> "\r", 1) = 1
17958 14:09:25.453944 <... write resumed> ) = 1
17956 14:09:25.453951 select(6, [5], NULL, NULL, {60, 0}) = 1 (in [5], left {60, 0})
17956 14:09:25.453968 accept(5, {sa_family=AF_INET, sin_port=htons(38541), sin_addr=inet_addr("127.0.0.1")}, [16]) = 6
17956 14:09:25.453991 write(4, "\1", 1) = 1
17956 14:09:25.454002 sendmsg(4, {msg_name(0)=NULL, msg_iov(1)=[{"\0", 1}], msg_controllen=16, {cmsg_len=16, cmsg_level=SOL_SOCKET, cmsg_type=SCM_RIGHTS, {6}}, msg_flags=0}, 0) = 1
17956 14:09:25.454019 close(6)          = 0
17956 14:09:25.454029 read(4,  <unfinished ...>
17958 14:09:25.454035 read(5, "\1", 1)  = 1
17958 14:09:25.454048 recvmsg(5, {msg_name(0)=NULL, msg_iov(1)=[{"\0", 1}], msg_controllen=16, {cmsg_len=16, cmsg_level=SOL_SOCKET, cmsg_type=SCM_RIGHTS, {6}}, msg_flags=0}, 0) = 1
17958 14:09:25.454069 setsockopt(6, SOL_SOCKET, SO_KEEPALIVE, [1], 4) = 0
17958 14:09:25.454082 setsockopt(6, SOL_IP, IP_TOS, [8], 4) = 0
17958 14:09:25.454094 setsockopt(6, SOL_SOCKET, SO_LINGER, {onoff=1, linger=32767}, 8) = 0
17958 14:09:25.454105 rt_sigaction(SIGALRM, {0x805cad0, ~[RTMIN RT_1], 0}, NULL, 8) = 0
17958 14:09:25.454119 alarm(300)        = 300
17958 14:09:25.454131 write(0, "150 Ok to send data.\r\n", 22) = 22
17958 14:09:25.454197 read(6, "assasaaa\na\na\na\na\n", 65536) = 17
17958 14:09:25.454211 write(4, "assasaaa\na\na\na\na\n", 17) = 17
17958 14:09:25.454228 read(6, "", 65536) = 0
17958 14:09:25.454238 rt_sigaction(SIGALRM, {0x805cad0, ~[RTMIN RT_1], 0}, NULL, 8) = 0
17958 14:09:25.454251 alarm(300)        = 300
17958 14:09:25.454261 close(6)          = 0
17958 14:09:25.454278 alarm(0)          = 300
17958 14:09:25.454288 gettimeofday({1495649365, 454292}, NULL) = 0
17958 14:09:25.454303 gettimeofday({1495649365, 454307}, NULL) = 0
17958 14:09:25.454318 fcntl64(3, F_SETLKW64, {type=F_WRLCK, whence=SEEK_SET, start=0, len=0}, 0xbfcf4684) = 0
17958 14:09:25.454332 write(3, "Wed May 24 14:09:25 2017 [pid 17958] [msfadmin] OK UPLOAD: Client \"127.0.0.1\", \"/home/msfadmin/myfile7\", 17 bytes, 26.35Kbyte/sec\n", 130) = 130
17958 14:09:25.454353 fcntl64(3, F_SETLK64, {type=F_UNLCK, whence=SEEK_SET, start=0, len=0}, 0xbfcf468c) = 0
17958 14:09:25.454368 write(0, "226 Transfer complete.\r\n", 24) = 24
17958 14:09:25.454410 write(5, "\n", 1 <unfinished ...>
17956 14:09:25.454420 <... read resumed> "\n", 1) = 1
17958 14:09:25.454425 <... write resumed> ) = 1
17956 14:09:25.454431 close(5)          = 0
17956 14:09:25.454442 write(4, "\1", 1) = 1
17956 14:09:25.454454 read(4,  <unfinished ...>
17958 14:09:25.454462 read(5, "\1", 1)  = 1
17958 14:09:25.454474 close(4)          = 0
17958 14:09:25.454485 rt_sigaction(SIGALRM, {0x805cad0, ~[RTMIN RT_1], 0}, NULL, 8) = 0
17958 14:09:25.454499 alarm(300)        = 0
17958 14:09:25.454510 recv(0,  <unfinished ...>
17962 14:09:25.922845 <... recv resumed> "USER msfadmin\r\n", 4096, MSG_PEEK) = 15
17962 14:09:25.922923 read(0, "USER msfadmin\r\n", 15) = 15
17962 14:09:25.922986 write(0, "331 Any password will do.\r\n", 27) = 27
17962 14:09:25.923058 rt_sigaction(SIGALRM, {0x805cad0, ~[RTMIN RT_1], 0}, NULL, 8) = 0
17962 14:09:25.923087 alarm(300)        = 299
17962 14:09:25.923104 recv(0, "PASS msfadmin\r\n", 4096, MSG_PEEK) = 15
17962 14:09:25.923117 read(0, "PASS msfadmin\r\n", 15) = 15
17962 14:09:25.923133 write(0, "230 Already logged in.\r\n", 24) = 24
17962 14:09:25.923196 rt_sigaction(SIGALRM, {0x805cad0, ~[RTMIN RT_1], 0}, NULL, 8) = 0
17962 14:09:25.923212 alarm(300)        = 300
17962 14:09:25.923223 recv(0, "TYPE I\r\n", 4096, MSG_PEEK) = 8
17962 14:09:25.923235 read(0, "TYPE I\r\n", 8) = 8
17962 14:09:25.923250 write(0, "200 Switching to Binary mode.\r\n", 31) = 31
17962 14:09:25.923285 rt_sigaction(SIGALRM, {0x805cad0, ~[RTMIN RT_1], 0}, NULL, 8) = 0
17962 14:09:25.923300 alarm(300)        = 300
17962 14:09:25.923311 recv(0, "PASV\r\n", 4096, MSG_PEEK) = 6
17962 14:09:25.923322 read(0, "PASV\r\n", 6) = 6
17962 14:09:25.923333 write(5, "\n", 1) = 1
17962 14:09:25.923346 read(5,  <unfinished ...>
17960 14:09:25.923355 <... read resumed> "\n", 1) = 1
17960 14:09:25.923364 write(4, "\1", 1) = 1
17962 14:09:25.923375 <... read resumed> "\1", 1) = 1
17962 14:09:25.923382 write(5, "\f", 1) = 1
17962 14:09:25.923392 read(5,  <unfinished ...>
17960 14:09:25.923399 read(4, "\f", 1)  = 1
17960 14:09:25.923411 socket(PF_INET, SOCK_STREAM, IPPROTO_TCP) = 5
17960 14:09:25.923426 setsockopt(5, SOL_SOCKET, SO_REUSEADDR, [1], 4) = 0
17960 14:09:25.923441 bind(5, {sa_family=AF_INET, sin_port=htons(12216), sin_addr=inet_addr("127.0.0.1")}, 16) = 0
17960 14:09:25.923457 listen(5, 1)      = 0
17960 14:09:25.923471 write(4, "\270/\0\0", 4) = 4
17962 14:09:25.923482 <... read resumed> "\270/\0\0", 4) = 4
17962 14:09:25.923495 write(0, "227 Entering Passive Mode (127,0,0,1,47,184).\r\n", 47) = 47
17962 14:09:25.923614 rt_sigaction(SIGALRM, {0x805cad0, ~[RTMIN RT_1], 0}, NULL, 8) = 0
17962 14:09:25.923658 alarm(300)        = 300
17962 14:09:25.923680 recv(0, "RETR myfile8\r\n", 4096, MSG_PEEK) = 14
17962 14:09:25.923693 read(0, "RETR myfile8\r\n", 14) = 14
17962 14:09:25.923706 write(5, "\v", 1) = 1
17962 14:09:25.923717 read(5,  <unfinished ...>
17960 14:09:25.923724 read(4, "\v", 1)  = 1
17960 14:09:25.923735 write(4, "\1\0\0\0", 4) = 4
17962 14:09:25.923746 <... read resumed> "\1\0\0\0", 4) = 4
17962 14:09:25.923753 gettimeofday({1495649365, 923757}, NULL) = 0
17962 14:09:25.923765 getcwd("/home/msfadmin", 4096) = 15
17962 14:09:25.923777 open("myfile8", O_RDONLY|O_NONBLOCK|O_LARGEFILE) = 4
17962 14:09:25.923790 fcntl64(4, F_SETLKW64, {type=F_RDLCK, whence=SEEK_SET, start=0, len=0}, 0xbf9a53b4) = 0
17962 14:09:25.923806 fstat64(4, {st_mode=S_IFREG|0644, st_size=17, ...}) = 0
17962 14:09:25.923823 fcntl64(4, F_GETFL) = 0x8800 (flags O_RDONLY|O_NONBLOCK|O_LARGEFILE)
17962 14:09:25.923833 fcntl64(4, F_SETFL, O_RDONLY|O_LARGEFILE) = 0
17962 14:09:25.923845 write(5, "\v", 1) = 1
17962 14:09:25.923856 read(5,  <unfinished ...>
17960 14:09:25.923863 read(4, "\v", 1)  = 1
17960 14:09:25.923874 write(4, "\1\0\0\0", 4) = 4
17962 14:09:25.923884 <... read resumed> "\1\0\0\0", 4) = 4
17962 14:09:25.923891 write(5, "\v", 1) = 1
17962 14:09:25.923901 read(5,  <unfinished ...>
17960 14:09:25.923908 read(4, "\v", 1)  = 1
17960 14:09:25.923919 write(4, "\1\0\0\0", 4) = 4
17962 14:09:25.923929 <... read resumed> "\1\0\0\0", 4) = 4
17962 14:09:25.923936 write(5, "\r", 1) = 1
17962 14:09:25.923946 read(5,  <unfinished ...>
17960 14:09:25.923953 read(4, "\r", 1)  = 1
17960 14:09:25.923965 select(6, [5], NULL, NULL, {60, 0}) = 1 (in [5], left {60, 0})
17960 14:09:25.923981 accept(5, {sa_family=AF_INET, sin_port=htons(41496), sin_addr=inet_addr("127.0.0.1")}, [16]) = 6
17960 14:09:25.924004 write(4, "\1", 1) = 1
17962 14:09:25.924014 <... read resumed> "\1", 1) = 1
17962 14:09:25.924023 recvmsg(5,  <unfinished ...>
17960 14:09:25.924031 sendmsg(4, {msg_name(0)=NULL, msg_iov(1)=[{"\0", 1}], msg_controllen=16, {cmsg_len=16, cmsg_level=SOL_SOCKET, cmsg_type=SCM_RIGHTS, {6}}, msg_flags=0}, 0) = 1
17962 14:09:25.924049 <... recvmsg resumed> {msg_name(0)=NULL, msg_iov(1)=[{"\0", 1}], msg_controllen=16, {cmsg_len=16, cmsg_level=SOL_SOCKET, cmsg_type=SCM_RIGHTS, {6}}, msg_flags=0}, 0) = 1
17962 14:09:25.924062 setsockopt(6, SOL_SOCKET, SO_KEEPALIVE, [1], 4) = 0
17962 14:09:25.924074 setsockopt(6, SOL_IP, IP_TOS, [8], 4) = 0
17962 14:09:25.924086 setsockopt(6, SOL_SOCKET, SO_LINGER, {onoff=1, linger=32767}, 8) = 0
17962 14:09:25.924097 rt_sigaction(SIGALRM, {0x805cad0, ~[RTMIN RT_1], 0}, NULL, 8) = 0
17962 14:09:25.924110 alarm(300)        = 300
17962 14:09:25.924123 write(0, "150 Opening BINARY mode data connection for myfile8 (17 bytes).\r\n", 65) = 65
17962 14:09:25.924164 _llseek(4, 0, [0], SEEK_CUR) = 0
17962 14:09:25.924177 fstat64(4, {st_mode=S_IFREG|0644, st_size=17, ...}) = 0
17962 14:09:25.924194 _llseek(4, 0, [0], SEEK_SET) = 0
17962 14:09:25.924205 sendfile(6, 4, NULL, 17) = 17
17962 14:09:25.924235 rt_sigaction(SIGALRM, {0x805cad0, ~[RTMIN RT_1], 0}, NULL, 8) = 0
17962 14:09:25.924250 alarm(300)        = 300
17962 14:09:25.924259 close(6)          = 0
17962 14:09:25.924268 alarm(0)          = 300
17962 14:09:25.924278 gettimeofday({1495649365, 924281}, NULL) = 0
17962 14:09:25.924293 gettimeofday({1495649365, 924297}, NULL) = 0
17962 14:09:25.924307 fcntl64(3, F_SETLKW64, {type=F_WRLCK, whence=SEEK_SET, start=0, len=0}, 0xbf9a5354) = 0
17962 14:09:25.924322 write(3, "Wed May 24 14:09:25 2017 [pid 17962] [msfadmin] OK DOWNLOAD: Client \"127.0.0.1\", \"/home/msfadmin/myfile8\", 17 bytes, 30.74Kbyte/sec\n", 132) = 132
17962 14:09:25.924344 fcntl64(3, F_SETLK64, {type=F_UNLCK, whence=SEEK_SET, start=0, len=0}, 0xbf9a535c) = 0
17962 14:09:25.924358 write(0, "226 Transfer complete.\r\n", 24) = 24
17962 14:09:25.924373 write(5, "\n", 1) = 1
17962 14:09:25.924384 read(5,  <unfinished ...>
17960 14:09:25.924391 close(6)          = 0
17960 14:09:25.924492 read(4, "\n", 1)  = 1
17960 14:09:25.924509 close(5)          = 0
17960 14:09:25.924521 write(4, "\1", 1) = 1
17962 14:09:25.924532 <... read resumed> "\1", 1) = 1
17962 14:09:25.924539 close(4)          = 0
17962 14:09:25.924550 rt_sigaction(SIGALRM, {0x805cad0, ~[RTMIN RT_1], 0}, NULL, 8) = 0
17962 14:09:25.924563 alarm(300)        = 0
17962 14:09:25.924574 recv(0,  <unfinished ...>
17960 14:09:25.924582 read(4,  <unfinished ...>
17958 14:09:26.003346 <... recv resumed> "TYPE I\r\n", 4096, MSG_PEEK) = 8
17958 14:09:26.003387 read(0, "TYPE I\r\n", 8) = 8
17958 14:09:26.003419 write(0, "200 Switching to Binary mode.\r\n", 31) = 31
17958 14:09:26.003496 rt_sigaction(SIGALRM, {0x805cad0, ~[RTMIN RT_1], 0}, NULL, 8) = 0
17958 14:09:26.003523 alarm(300)        = 299
17958 14:09:26.003542 recv(0, "PASV\r\n", 4096, MSG_PEEK) = 6
17958 14:09:26.003560 read(0, "PASV\r\n", 6) = 6
17958 14:09:26.003578 write(5, "\n", 1 <unfinished ...>
17956 14:09:26.003593 <... read resumed> "\n", 1) = 1
17958 14:09:26.003601 <... write resumed> ) = 1
17956 14:09:26.003613 write(4, "\1", 1) = 1
17956 14:09:26.003630 read(4,  <unfinished ...>
17958 14:09:26.003642 read(5, "\1", 1)  = 1
17958 14:09:26.003660 write(5, "\f", 1 <unfinished ...>
17956 14:09:26.003672 <... read resumed> "\f", 1) = 1
17958 14:09:26.003680 <... write resumed> ) = 1
17956 14:09:26.003692 socket(PF_INET, SOCK_STREAM, IPPROTO_TCP) = 5
17956 14:09:26.003716 setsockopt(5, SOL_SOCKET, SO_REUSEADDR, [1], 4) = 0
17956 14:09:26.003741 bind(5, {sa_family=AF_INET, sin_port=htons(56463), sin_addr=inet_addr("127.0.0.1")}, 16) = 0
17956 14:09:26.003767 listen(5, 1)      = 0
17956 14:09:26.003806 write(4, "\217\334\0\0", 4) = 4
17956 14:09:26.003828 read(4,  <unfinished ...>
17958 14:09:26.003840 read(5, "\217\334\0\0", 4) = 4
17958 14:09:26.003866 write(0, "227 Entering Passive Mode (127,0,0,1,220,143).\r\n", 48) = 48
17958 14:09:26.004029 rt_sigaction(SIGALRM, {0x805cad0, ~[RTMIN RT_1], 0}, NULL, 8) = 0
17958 14:09:26.004056 alarm(300)        = 300
17958 14:09:26.004075 recv(0, "STOR myfile8\r\n", 4096, MSG_PEEK) = 14
17958 14:09:26.004094 read(0, "STOR myfile8\r\n", 14) = 14
17958 14:09:26.004116 write(5, "\v", 1 <unfinished ...>
17956 14:09:26.004129 <... read resumed> "\v", 1) = 1
17958 14:09:26.004137 <... write resumed> ) = 1
17956 14:09:26.004147 write(4, "\1\0\0\0", 4) = 4
17956 14:09:26.004165 read(4,  <unfinished ...>
17958 14:09:26.004175 read(5, "\1\0\0\0", 4) = 4
17958 14:09:26.004194 gettimeofday({1495649366, 4200}, NULL) = 0
17958 14:09:26.004211 getcwd("/home/msfadmin", 4096) = 15
17958 14:09:26.004230 open("myfile8", O_WRONLY|O_CREAT|O_NONBLOCK|O_LARGEFILE, 0666) = 4
17958 14:09:26.004252 fstat64(4, {st_mode=S_IFREG|0644, st_size=17, ...}) = 0
17958 14:09:26.004279 fcntl64(4, F_GETFL) = 0x8801 (flags O_WRONLY|O_NONBLOCK|O_LARGEFILE)
17958 14:09:26.004305 fcntl64(4, F_SETFL, O_WRONLY|O_LARGEFILE) = 0
17958 14:09:26.004320 fcntl64(4, F_SETLKW64, {type=F_WRLCK, whence=SEEK_SET, start=0, len=0}, 0xbfcf46e4) = 0
17958 14:09:26.004341 ftruncate64(4, 0) = 0
17958 14:09:26.004368 _llseek(4, 0, [0], SEEK_SET) = 0
17958 14:09:26.004384 write(5, "\v", 1 <unfinished ...>
17956 14:09:26.004396 <... read resumed> "\v", 1) = 1
17958 14:09:26.004404 <... write resumed> ) = 1
17956 14:09:26.004413 write(4, "\1\0\0\0", 4) = 4
17956 14:09:26.004430 read(4,  <unfinished ...>
17958 14:09:26.004468 read(5, "\1\0\0\0", 4) = 4
17958 14:09:26.004490 write(5, "\v", 1 <unfinished ...>
17956 14:09:26.004501 <... read resumed> "\v", 1) = 1
17958 14:09:26.004508 <... write resumed> ) = 1
17956 14:09:26.004517 write(4, "\1\0\0\0", 4) = 4
17956 14:09:26.004533 read(4,  <unfinished ...>
17958 14:09:26.004543 read(5, "\1\0\0\0", 4) = 4
17958 14:09:26.004561 write(5, "\r", 1 <unfinished ...>
17956 14:09:26.004572 <... read resumed> "\r", 1) = 1
17958 14:09:26.004580 <... write resumed> ) = 1
17956 14:09:26.004590 select(6, [5], NULL, NULL, {60, 0}) = 1 (in [5], left {60, 0})
17956 14:09:26.004613 accept(5, {sa_family=AF_INET, sin_port=htons(58844), sin_addr=inet_addr("127.0.0.1")}, [16]) = 6
17956 14:09:26.004657 write(4, "\1", 1) = 1
17956 14:09:26.004677 sendmsg(4, {msg_name(0)=NULL, msg_iov(1)=[{"\0", 1}], msg_controllen=16, {cmsg_len=16, cmsg_level=SOL_SOCKET, cmsg_type=SCM_RIGHTS, {6}}, msg_flags=0}, 0) = 1
17956 14:09:26.004701 close(6)          = 0
17956 14:09:26.004726 read(4,  <unfinished ...>
17958 14:09:26.004752 read(5, "\1", 1)  = 1
17958 14:09:26.004783 recvmsg(5, {msg_name(0)=NULL, msg_iov(1)=[{"\0", 1}], msg_controllen=16, {cmsg_len=16, cmsg_level=SOL_SOCKET, cmsg_type=SCM_RIGHTS, {6}}, msg_flags=0}, 0) = 1
17958 14:09:26.004811 setsockopt(6, SOL_SOCKET, SO_KEEPALIVE, [1], 4) = 0
17958 14:09:26.004830 setsockopt(6, SOL_IP, IP_TOS, [8], 4) = 0
17958 14:09:26.004849 setsockopt(6, SOL_SOCKET, SO_LINGER, {onoff=1, linger=32767}, 8) = 0
17958 14:09:26.004866 rt_sigaction(SIGALRM, {0x805cad0, ~[RTMIN RT_1], 0}, NULL, 8) = 0
17958 14:09:26.004887 alarm(300)        = 300
17958 14:09:26.004906 write(0, "150 Ok to send data.\r\n", 22) = 22
17958 14:09:26.005000 read(6, "assasaaa\na\na\na\na\n", 65536) = 17
17958 14:09:26.005021 write(4, "assasaaa\na\na\na\na\n", 17) = 17
17958 14:09:26.005046 read(6, "", 65536) = 0
17958 14:09:26.005062 rt_sigaction(SIGALRM, {0x805cad0, ~[RTMIN RT_1], 0}, NULL, 8) = 0
17958 14:09:26.005084 alarm(300)        = 300
17958 14:09:26.005099 close(6)          = 0
17958 14:09:26.005126 alarm(0)          = 300
17958 14:09:26.005142 gettimeofday({1495649366, 5148}, NULL) = 0
17958 14:09:26.005165 gettimeofday({1495649366, 5172}, NULL) = 0
17958 14:09:26.005187 fcntl64(3, F_SETLKW64, {type=F_WRLCK, whence=SEEK_SET, start=0, len=0}, 0xbfcf4684) = 0
17958 14:09:26.005211 write(3, "Wed May 24 14:09:26 2017 [pid 17958] [msfadmin] OK UPLOAD: Client \"127.0.0.1\", \"/home/msfadmin/myfile8\", 17 bytes, 17.08Kbyte/sec\n", 130) = 130
17958 14:09:26.005244 fcntl64(3, F_SETLK64, {type=F_UNLCK, whence=SEEK_SET, start=0, len=0}, 0xbfcf468c) = 0
17958 14:09:26.005267 write(0, "226 Transfer complete.\r\n", 24) = 24
17958 14:09:26.005328 write(5, "\n", 1 <unfinished ...>
17956 14:09:26.005343 <... read resumed> "\n", 1) = 1
17958 14:09:26.005351 <... write resumed> ) = 1
17956 14:09:26.005361 close(5)          = 0
17956 14:09:26.005391 write(4, "\1", 1) = 1
17956 14:09:26.005410 read(4,  <unfinished ...>
17958 14:09:26.005421 read(5, "\1", 1)  = 1
17958 14:09:26.005439 close(4)          = 0
17958 14:09:26.005455 rt_sigaction(SIGALRM, {0x805cad0, ~[RTMIN RT_1], 0}, NULL, 8) = 0
17958 14:09:26.005477 alarm(300)        = 0
17958 14:09:26.005493 recv(0,  <unfinished ...>
