23605 15:07:23.689801 read(6, "#\n# /etc/pam.d/common-auth - authentication settings common to all services\n#\n# This file is included from other service-specific PAM config files,\n# and should contain a list of the authentication modules that define\n# the central authentication scheme for use on the system\n# (e.g., /etc/shadow, LDAP, Kerberos, etc.).  The default is to use the\n# traditional Unix authentication mechanisms.\n#\nauth\trequisite\tpam_unix.so nullok_secure\n# auth\toptional\tpam_smbpass.so migrate\n", 4096) = 476
23605 15:07:23.689847 read(6, "", 4096) = 0
23605 15:07:23.689857 close(6)          = 0
23605 15:07:23.689866 munmap(0xb7f6a000, 4096) = 0
23605 15:07:23.689877 stat64("/etc/pam.d", {st_mode=S_IFDIR|0755, st_size=4096, ...}) = 0
23605 15:07:23.689895 open("/etc/pam.d/common-account", O_RDONLY|O_LARGEFILE) = 6
23605 15:07:23.689907 fstat64(6, {st_mode=S_IFREG|0644, st_size=392, ...}) = 0
23605 15:07:23.689923 mmap2(NULL, 4096, PROT_READ|PROT_WRITE, MAP_PRIVATE|MAP_ANONYMOUS, -1, 0) = 0xb7f6a000
23605 15:07:23.689934 read(6, "#\n# /etc/pam.d/common-account - authorization settings common to all services\n#\n# This file is included from other service-specific PAM config files,\n# and should contain a list of the authorization modules that define\n# the central access policy for use on the system.  The default is to\n# only deny service to users whose accounts are expired in /etc/shadow.\n#\naccount\trequired\tpam_unix.so\n", 4096) = 392
23605 15:07:23.689972 read(6, "", 4096) = 0
23605 15:07:23.689982 close(6)          = 0
23605 15:07:23.689991 munmap(0xb7f6a000, 4096) = 0
23605 15:07:23.690002 stat64("/etc/pam.d", {st_mode=S_IFDIR|0755, st_size=4096, ...}) = 0
23605 15:07:23.690020 open("/etc/pam.d/common-password", O_RDONLY|O_LARGEFILE) = 6
23605 15:07:23.690033 fstat64(6, {st_mode=S_IFREG|0644, st_size=1563, ...}) = 0
23605 15:07:23.690049 mmap2(NULL, 4096, PROT_READ|PROT_WRITE, MAP_PRIVATE|MAP_ANONYMOUS, -1, 0) = 0xb7f6a000
23605 15:07:23.690059 read(6, "#\n# /etc/pam.d/common-password - password-related modules common to all services\n#\n# This file is included from other service-specific PAM config files,\n# and should contain a list of modules that define the services to be\n# used to change user passwords.  The default is pam_unix.\n\n# Explanation of pam_unix options:\n#\n# The \"nullok\" option allows users to change an empty password, else\n# empty passwords are treated as locked accounts.\n#\n# The \"md5\" option enables MD5 passwords.  Without this option, the\n# default is Unix crypt.\n#\n# The \"obscure\" option replaces the old `OBSCURE_CHECKS_ENAB\' option in\n# login.defs.\n#\n# You can also use the \"min\" option to enforce the length of the new\n# password.\n#\n# See the pam_unix manpage for other options.\n\npassword   requisite   pam_unix.so nullok obscure md5\n\n# Alternate strength checking for password. Note that this\n# requires the libpam-cracklib package to be installed.\n# You will need to comment out the password line above and\n# uncomment the next two in order to use this.\n# (Replaces the `OBSCURE_CHECKS_ENAB\', `CRACKLIB_DICTPATH\')\n#\n# password required\t  pam_cracklib.so retry=3 minlen=6 difok=3\n# password required\t  pam_unix.so use_authtok nullok md5\n\n# minimally-intrusive inclusion of smbpass in the stack for\n# synchronization.  If the module is absent or the passwords don\'t\n# match, this module will be ignored without prompting; and if the \n# passwords do match, the NTLM hash for the user will be updated\n# automatically.\n# password   optional   pam_smbpass.so nullok use_authtok use_first_pass\n", 4096) = 1563
23605 15:07:23.690232 read(6, "", 4096) = 0
23605 15:07:23.690243 close(6)          = 0
23605 15:07:23.690253 munmap(0xb7f6a000, 4096) = 0
23605 15:07:23.690264 stat64("/etc/pam.d", {st_mode=S_IFDIR|0755, st_size=4096, ...}) = 0
23605 15:07:23.690283 open("/etc/pam.d/common-session", O_RDONLY|O_LARGEFILE) = 6
23605 15:07:23.690296 fstat64(6, {st_mode=S_IFREG|0644, st_size=372, ...}) = 0
23605 15:07:23.690312 mmap2(NULL, 4096, PROT_READ|PROT_WRITE, MAP_PRIVATE|MAP_ANONYMOUS, -1, 0) = 0xb7f6a000
23605 15:07:23.690323 read(6, "#\n# /etc/pam.d/common-session - session-related modules common to all services\n#\n# This file is included from other service-specific PAM config files,\n# and should contain a list of modules that define tasks to be performed\n# at the start and end of sessions of *any* kind (both interactive and\n# non-interactive).  The default is pam_unix.\n#\nsession\trequired\tpam_unix.so\n", 4096) = 372
23605 15:07:23.690361 read(6, "", 4096) = 0
23605 15:07:23.690371 close(6)          = 0
23605 15:07:23.690380 munmap(0xb7f6a000, 4096) = 0
23605 15:07:23.690390 read(5, "", 4096) = 0
23605 15:07:23.690399 close(5)          = 0
23605 15:07:23.690408 munmap(0xb7f70000, 4096) = 0
23605 15:07:23.690421 time(NULL)        = 1495652843
23605 15:07:23.690433 lstat64("/etc/ftpusers", {st_mode=S_IFREG|0644, st_size=132, ...}) = 0
23605 15:07:23.690451 open("/etc/ftpusers", O_RDONLY|O_LARGEFILE) = 5
23605 15:07:23.690463 fstat64(5, {st_mode=S_IFREG|0644, st_size=132, ...}) = 0
23605 15:07:23.690479 mmap2(NULL, 4096, PROT_READ|PROT_WRITE, MAP_PRIVATE|MAP_ANONYMOUS, -1, 0) = 0xb7f70000
23605 15:07:23.690489 read(5, "# /etc/ftpusers: list of users disallowed FTP access. See ftpusers(5).\n\nroot\ndaemon\nbin\nsys\nsync\ngames\nman\nlp\nmail\nnews\nuucp\nnobody\n", 4096) = 132
23605 15:07:23.690511 read(5, "", 4096) = 0
23605 15:07:23.690520 close(5)          = 0
23605 15:07:23.690529 munmap(0xb7f70000, 4096) = 0
23605 15:07:23.690544 getuid32()        = 0
23605 15:07:23.690561 open("/etc/passwd", O_RDONLY|0x80000 /* O_??? */) = 5
23605 15:07:23.690575 _llseek(5, 0, [0], SEEK_CUR) = 0
23605 15:07:23.690586 fstat64(5, {st_mode=S_IFREG|0644, st_size=1624, ...}) = 0
23605 15:07:23.690597 mmap2(NULL, 1624, PROT_READ, MAP_SHARED, 5, 0) = 0xb7f70000
23605 15:07:23.690597 _llseek(5, 1624, [1624], SEEK_SET) = 0
23605 15:07:23.690597 munmap(0xb7f70000, 1624) = 0
23605 15:07:23.690597 close(5)          = 0
23605 15:07:23.690598 open("/etc/shadow", O_RDONLY|0x80000 /* O_??? */) = 5
23605 15:07:23.690598 _llseek(5, 0, [0], SEEK_CUR) = 0
23605 15:07:23.690598 fstat64(5, {st_mode=S_IFREG|0640, st_size=1233, ...}) = 0
23605 15:07:23.690598 mmap2(NULL, 1233, PROT_READ, MAP_SHARED, 5, 0) = 0xb7f70000
23605 15:07:23.690599 _llseek(5, 1233, [1233], SEEK_SET) = 0
23605 15:07:23.690599 munmap(0xb7f70000, 1233) = 0
23605 15:07:23.690599 close(5)          = 0
23605 15:07:23.690599 open("/etc/passwd", O_RDONLY|0x80000 /* O_??? */) = 5
23605 15:07:23.690604 _llseek(5, 0, [0], SEEK_CUR) = 0
23605 15:07:23.690614 fstat64(5, {st_mode=S_IFREG|0644, st_size=1624, ...}) = 0
23605 15:07:23.690630 mmap2(NULL, 1624, PROT_READ, MAP_SHARED, 5, 0) = 0xb7f70000
23605 15:07:23.690641 _llseek(5, 1624, [1624], SEEK_SET) = 0
23605 15:07:23.690657 munmap(0xb7f70000, 1624) = 0
23605 15:07:23.690667 close(5)          = 0
23605 15:07:23.690679 open("/etc/shadow", O_RDONLY|0x80000 /* O_??? */) = 5
23605 15:07:23.690692 _llseek(5, 0, [0], SEEK_CUR) = 0
23605 15:07:23.690735 fstat64(5, {st_mode=S_IFREG|0640, st_size=1233, ...}) = 0
23605 15:07:23.690753 mmap2(NULL, 1233, PROT_READ, MAP_SHARED, 5, 0) = 0xb7f70000
23605 15:07:23.690774 _llseek(5, 1233, [1233], SEEK_SET) = 0
23605 15:07:23.690791 munmap(0xb7f70000, 1233) = 0
23605 15:07:23.690801 close(5)          = 0
23605 15:07:23.691034 getuid32()        = 0
23605 15:07:23.691045 open("/etc/passwd", O_RDONLY|0x80000 /* O_??? */) = 5
23605 15:07:23.691058 _llseek(5, 0, [0], SEEK_CUR) = 0
23605 15:07:23.691068 fstat64(5, {st_mode=S_IFREG|0644, st_size=1624, ...}) = 0
23605 15:07:23.691084 mmap2(NULL, 1624, PROT_READ, MAP_SHARED, 5, 0) = 0xb7f70000
23605 15:07:23.691094 _llseek(5, 1624, [1624], SEEK_SET) = 0
23605 15:07:23.691110 munmap(0xb7f70000, 1624) = 0
23605 15:07:23.691119 close(5)          = 0
23605 15:07:23.691132 open("/etc/shadow", O_RDONLY|0x80000 /* O_??? */) = 5
23605 15:07:23.691144 _llseek(5, 0, [0], SEEK_CUR) = 0
23605 15:07:23.691155 fstat64(5, {st_mode=S_IFREG|0640, st_size=1233, ...}) = 0
23605 15:07:23.691170 mmap2(NULL, 1233, PROT_READ, MAP_SHARED, 5, 0) = 0xb7f70000
23605 15:07:23.691181 _llseek(5, 1233, [1233], SEEK_SET) = 0
23605 15:07:23.691197 munmap(0xb7f70000, 1233) = 0
23605 15:07:23.691207 close(5)          = 0
23605 15:07:23.691218 time(NULL)        = 1495652843
23605 15:07:23.691233 munmap(0xb7f6d000, 12164) = 0
23605 15:07:23.691246 munmap(0xb7f6b000, 7136) = 0
23605 15:07:23.691260 munmap(0xb7da0000, 95428) = 0
23605 15:07:23.691271 munmap(0xb7d66000, 201052) = 0
23605 15:07:23.691282 munmap(0xb7d4d000, 101180) = 0
23605 15:07:23.691298 gettimeofday({1495652843, 691302}, NULL) = 0
23605 15:07:23.691309 stat64("/usr/share/zoneinfo/UTC+04:00", 0xbfb22494) = -1 ENOENT (No such file or directory)
23605 15:07:23.691324 open("/usr/share/zoneinfo/UTC+04:00", O_RDONLY) = -1 ENOENT (No such file or directory)
23605 15:07:23.691348 fcntl64(3, F_SETLKW64, {type=F_WRLCK, whence=SEEK_SET, start=0, len=0}, 0xbfb225e4) = 0
23605 15:07:23.691411 write(3, "Wed May 24 15:07:23 2017 [pid 23605] [msfadmin] OK LOGIN: Client \"127.0.0.1\"\n", 77) = 77
23605 15:07:23.691428 fcntl64(3, F_SETLK64, {type=F_UNLCK, whence=SEEK_SET, start=0, len=0}, 0xbfb225ec) = 0
23605 15:07:23.691442 rt_sigaction(SIGCHLD, {0x805cad0, ~[RTMIN RT_1], 0}, NULL, 8) = 0
23605 15:07:23.691456 write(4, "\1", 1 <unfinished ...>
23606 15:07:23.691465 <... read resumed> "\1", 1) = 1
23605 15:07:23.691471 <... write resumed> ) = 1
23606 15:07:23.691478 exit_group(0)     = ?
23605 15:07:23.691507 --- SIGCHLD (Child exited) @ 0 (0) ---
23605 15:07:23.691515 sigreturn()       = ? (mask now [])
23605 15:07:23.691533 wait4(-1, [{WIFEXITED(s) && WEXITSTATUS(s) == 0}], 0, NULL) = 23606
23605 15:07:23.691546 close(4)          = 0
23605 15:07:23.691558 socketpair(PF_FILE, SOCK_STREAM, 0, [4, 5]) = 0
23605 15:07:23.691571 rt_sigaction(SIGCHLD, {0x805cad0, ~[RTMIN RT_1], 0}, NULL, 8) = 0
23605 15:07:23.691585 rt_sigaction(SIGALRM, {0x805cb10, ~[RTMIN RT_1], 0}, NULL, 8) = 0
23605 15:07:23.691599 clone(child_stack=0, flags=CLONE_CHILD_CLEARTID|CLONE_CHILD_SETTID|SIGCHLD, child_tidptr=0xb7dd66f8) = 23607
23607 15:07:23.691681 prctl(0x1, 0x9, 0, 0, 0) = 0
23607 15:07:23.691707 close(4)          = 0
23607 15:07:23.691733 open("/etc/passwd", O_RDONLY|0x80000 /* O_??? */) = 4
23607 15:07:23.691751 _llseek(4, 0, [0], SEEK_CUR) = 0
23607 15:07:23.691766 fstat64(4, {st_mode=S_IFREG|0644, st_size=1624, ...}) = 0
23607 15:07:23.691785 mmap2(NULL, 1624, PROT_READ, MAP_SHARED, 4, 0) = 0xb7f70000
23607 15:07:23.691797 _llseek(4, 1624, [1624], SEEK_SET) = 0
23607 15:07:23.691819 munmap(0xb7f70000, 1624) = 0
23607 15:07:23.691831 close(4)          = 0
23607 15:07:23.691844 getuid32()        = 0
23607 15:07:23.691854 open("/etc/passwd", O_RDONLY|0x80000 /* O_??? */) = 4
23607 15:07:23.691867 _llseek(4, 0, [0], SEEK_CUR) = 0
23607 15:07:23.691877 fstat64(4, {st_mode=S_IFREG|0644, st_size=1624, ...}) = 0
23607 15:07:23.691893 mmap2(NULL, 1624, PROT_READ, MAP_SHARED, 4, 0) = 0xb7f70000
23607 15:07:23.691904 _llseek(4, 1624, [1624], SEEK_SET) = 0
23607 15:07:23.691919 munmap(0xb7f70000, 1624) = 0
23607 15:07:23.691929 close(4)          = 0
23607 15:07:23.691954 open("/proc/sys/kernel/ngroups_max", O_RDONLY) = 4
23607 15:07:23.691976 read(4, "65536\n", 31) = 6
23607 15:07:23.691988 close(4)          = 0
23607 15:07:23.692002 socket(PF_FILE, SOCK_STREAM, 0) = 4
23607 15:07:23.692014 fcntl64(4, F_SETFL, O_RDWR|O_NONBLOCK) = 0
23607 15:07:23.692024 connect(4, {sa_family=AF_FILE, path="/var/run/nscd/socket"}, 110) = -1 ENOENT (No such file or directory)
23607 15:07:23.692045 close(4)          = 0
23607 15:07:23.692057 socket(PF_FILE, SOCK_STREAM, 0) = 4
23607 15:07:23.692067 fcntl64(4, F_SETFL, O_RDWR|O_NONBLOCK) = 0
23607 15:07:23.692077 connect(4, {sa_family=AF_FILE, path="/var/run/nscd/socket"}, 110) = -1 ENOENT (No such file or directory)
23607 15:07:23.692095 close(4)          = 0
23607 15:07:23.692119 open("/etc/group", O_RDONLY|0x80000 /* O_??? */) = 4
23607 15:07:23.692135 _llseek(4, 0, [0], SEEK_CUR) = 0
23607 15:07:23.692147 fstat64(4, {st_mode=S_IFREG|0644, st_size=886, ...}) = 0
23607 15:07:23.692163 mmap2(NULL, 886, PROT_READ, MAP_SHARED, 4, 0) = 0xb7f70000
23607 15:07:23.692174 _llseek(4, 886, [886], SEEK_SET) = 0
23607 15:07:23.692199 fstat64(4, {st_mode=S_IFREG|0644, st_size=886, ...}) = 0
23607 15:07:23.692217 munmap(0xb7f70000, 886) = 0
23607 15:07:23.692227 close(4)          = 0
23607 15:07:23.692236 setgroups32(13, [1000, 4, 20, 24, 25, 29, 30, 44, 46, 107, 111, 112, 119]) = 0
23607 15:07:23.692253 geteuid32()       = 0
23607 15:07:23.692264 getegid32()       = 0
23607 15:07:23.692274 setregid32(-1, 1000) = 0
23607 15:07:23.692284 setreuid32(-1, 1000) = 0
23607 15:07:23.692295 chdir("/home/msfadmin") = 0
23607 15:07:23.692307 setreuid32(-1, 0) = 0
23607 15:07:23.692316 setregid32(-1, 0) = 0
23607 15:07:23.692326 setgid32(1000)    = 0
23607 15:07:23.692336 setuid32(1000)    = 0
23607 15:07:23.692346 setrlimit(RLIMIT_NPROC, {rlim_cur=0, rlim_max=0}) = 0
23607 15:07:23.692359 mmap2(NULL, 12288, PROT_READ|PROT_WRITE, MAP_PRIVATE|MAP_ANONYMOUS, -1, 0) = 0xb7f6e000
23607 15:07:23.692370 mprotect(0xb7f70000, 4096, PROT_NONE) = 0
23607 15:07:23.692382 mprotect(0xb7f6e000, 4096, PROT_NONE) = 0
23607 15:07:23.692393 getcwd("/home/msfadmin", 4096) = 15
23607 15:07:23.692406 umask(022)        = 077
23607 15:07:23.692416 getcwd("/home/msfadmin", 4096) = 15
23607 15:07:23.692429 open(".message", O_RDONLY|O_NONBLOCK|O_LARGEFILE) = -1 ENOENT (No such file or directory)
23607 15:07:23.692451 write(0, "230 Login successful.\r\n", 23) = 23
23607 15:07:23.692532 rt_sigaction(SIGALRM, {0x805cad0, ~[RTMIN RT_1], 0}, NULL, 8) = 0
23607 15:07:23.692549 alarm(300)        = 0
23607 15:07:23.692560 mmap2(NULL, 12288, PROT_READ|PROT_WRITE, MAP_PRIVATE|MAP_ANONYMOUS, -1, 0) = 0xb7f6b000
23607 15:07:23.692572 mprotect(0xb7f6d000, 4096, PROT_NONE) = 0
23607 15:07:23.692583 mprotect(0xb7f6b000, 4096, PROT_NONE) = 0
23607 15:07:23.692596 recv(0, "TYPE I\r\n", 4096, MSG_PEEK) = 8
23607 15:07:23.692608 read(0, "TYPE I\r\n", 8) = 8
23607 15:07:23.692651 write(0, "200 Switching to Binary mode.\r\n", 31) = 31
23607 15:07:23.692704 rt_sigaction(SIGALRM, {0x805cad0, ~[RTMIN RT_1], 0}, NULL, 8) = 0
23607 15:07:23.692723 alarm(300)        = 300
23607 15:07:23.692735 recv(0, "PASV\r\n", 4096, MSG_PEEK) = 6
23607 15:07:23.692746 read(0, "PASV\r\n", 6) = 6
23607 15:07:23.692758 write(5, "\n", 1) = 1
23607 15:07:23.692769 read(5,  <unfinished ...>
23605 15:07:23.692781 close(5)          = 0
23605 15:07:23.692794 getuid32()        = 0
23605 15:07:23.692809 open("/etc/passwd", O_RDONLY|0x80000 /* O_??? */) = 5
23605 15:07:23.692824 _llseek(5, 0, [0], SEEK_CUR) = 0
23605 15:07:23.692836 fstat64(5, {st_mode=S_IFREG|0644, st_size=1624, ...}) = 0
23605 15:07:23.692854 mmap2(NULL, 1624, PROT_READ, MAP_SHARED, 5, 0) = 0xb7f70000
23605 15:07:23.692865 _llseek(5, 1624, [1624], SEEK_SET) = 0
23605 15:07:23.692883 munmap(0xb7f70000, 1624) = 0
23605 15:07:23.692894 close(5)          = 0
23605 15:07:23.692910 setgroups32(0, []) = 0
23605 15:07:23.692922 chdir("/usr/share/empty") = 0
23605 15:07:23.692934 chroot(".")       = 0
23605 15:07:23.692944 capset(NULL, NULL) = -1 EFAULT (Bad address)
23605 15:07:23.692958 prctl(0x8, 0, 0xbfb225c8, 0x80549a6, 0xbfb225b0) = 0
23605 15:07:23.692969 prctl(0x8, 0x1, 0xbfb225c8, 0x8054a49, 0xbfb225b0) = 0
23605 15:07:23.692979 setgid32(65534)   = 0
23605 15:07:23.692989 setuid32(65534)   = 0
23605 15:07:23.692998 capset(0x19980330, 0, {CAP_NET_BIND_SERVICE, CAP_NET_BIND_SERVICE, 0}) = 0
23605 15:07:23.693011 read(4, "\n", 1)  = 1
23605 15:07:23.693024 write(4, "\1", 1) = 1
23607 15:07:23.693035 <... read resumed> "\1", 1) = 1
23607 15:07:23.693043 write(5, "\f", 1) = 1
23607 15:07:23.693053 read(5,  <unfinished ...>
23605 15:07:23.693060 read(4, "\f", 1)  = 1
23605 15:07:23.693072 socket(PF_INET, SOCK_STREAM, IPPROTO_TCP) = 5
23605 15:07:23.693085 setsockopt(5, SOL_SOCKET, SO_REUSEADDR, [1], 4) = 0
23605 15:07:23.693097 gettimeofday({1495652843, 693101}, NULL) = 0
23605 15:07:23.693113 bind(5, {sa_family=AF_INET, sin_port=htons(20493), sin_addr=inet_addr("127.0.0.1")}, 16) = 0
23605 15:07:23.693129 listen(5, 1)      = 0
23605 15:07:23.693142 write(4, "\rP\0\0", 4) = 4
23607 15:07:23.693153 <... read resumed> "\rP\0\0", 4) = 4
23607 15:07:23.693167 write(0, "227 Entering Passive Mode (127,0,0,1,80,13).\r\n", 46) = 46
23607 15:07:23.693262 rt_sigaction(SIGALRM, {0x805cad0, ~[RTMIN RT_1], 0}, NULL, 8) = 0
23607 15:07:23.693278 alarm(300)        = 300
23607 15:07:23.693290 recv(0, "STOR myfile22\r\n", 4096, MSG_PEEK) = 15
23607 15:07:23.693302 read(0, "STOR myfile22\r\n", 15) = 15
23607 15:07:23.693317 write(5, "\v", 1) = 1
23607 15:07:23.693328 read(5,  <unfinished ...>
23605 15:07:23.693335 read(4, "\v", 1)  = 1
23605 15:07:23.693346 write(4, "\1\0\0\0", 4) = 4
23607 15:07:23.693357 <... read resumed> "\1\0\0\0", 4) = 4
23607 15:07:23.693365 gettimeofday({1495652843, 693369}, NULL) = 0
23607 15:07:23.693376 getcwd("/home/msfadmin", 4096) = 15
23607 15:07:23.693388 open("myfile22", O_WRONLY|O_CREAT|O_NONBLOCK|O_LARGEFILE, 0666) = 4
23607 15:07:23.693402 fstat64(4, {st_mode=S_IFREG|0644, st_size=17, ...}) = 0
23607 15:07:23.693419 fcntl64(4, F_GETFL) = 0x8801 (flags O_WRONLY|O_NONBLOCK|O_LARGEFILE)
23607 15:07:23.693429 fcntl64(4, F_SETFL, O_WRONLY|O_LARGEFILE) = 0
23607 15:07:23.693439 fcntl64(4, F_SETLKW64, {type=F_WRLCK, whence=SEEK_SET, start=0, len=0}, 0xbfb22514) = 0
23607 15:07:23.693454 ftruncate64(4, 0) = 0
23607 15:07:23.693473 _llseek(4, 0, [0], SEEK_SET) = 0
23607 15:07:23.693484 write(5, "\v", 1) = 1
23607 15:07:23.693494 read(5,  <unfinished ...>
23605 15:07:23.693501 read(4, "\v", 1)  = 1
23605 15:07:23.693513 write(4, "\1\0\0\0", 4) = 4
23607 15:07:23.693523 <... read resumed> "\1\0\0\0", 4) = 4
23607 15:07:23.693531 write(5, "\v", 1) = 1
23607 15:07:23.693540 read(5,  <unfinished ...>
23605 15:07:23.693547 read(4, "\v", 1)  = 1
23605 15:07:23.693558 write(4, "\1\0\0\0", 4) = 4
23607 15:07:23.693568 <... read resumed> "\1\0\0\0", 4) = 4
23607 15:07:23.693576 write(5, "\r", 1) = 1
23607 15:07:23.693610 read(5,  <unfinished ...>
23605 15:07:23.693620 read(4, "\r", 1)  = 1
23605 15:07:23.693633 select(6, [5], NULL, NULL, {60, 0}) = 1 (in [5], left {60, 0})
23605 15:07:23.693664 accept(5, {sa_family=AF_INET, sin_port=htons(48342), sin_addr=inet_addr("127.0.0.1")}, [16]) = 6
23605 15:07:23.693687 write(4, "\1", 1) = 1
23607 15:07:23.693697 <... read resumed> "\1", 1) = 1
23607 15:07:23.693707 recvmsg(5,  <unfinished ...>
23605 15:07:23.693716 sendmsg(4, {msg_name(0)=NULL, msg_iov(1)=[{"\0", 1}], msg_controllen=16, {cmsg_len=16, cmsg_level=SOL_SOCKET, cmsg_type=SCM_RIGHTS, {6}}, msg_flags=0}, 0) = 1
23607 15:07:23.693733 <... recvmsg resumed> {msg_name(0)=NULL, msg_iov(1)=[{"\0", 1}], msg_controllen=16, {cmsg_len=16, cmsg_level=SOL_SOCKET, cmsg_type=SCM_RIGHTS, {6}}, msg_flags=0}, 0) = 1
23607 15:07:23.693747 setsockopt(6, SOL_SOCKET, SO_KEEPALIVE, [1], 4) = 0
23607 15:07:23.693759 setsockopt(6, SOL_IP, IP_TOS, [8], 4) = 0
23607 15:07:23.693771 setsockopt(6, SOL_SOCKET, SO_LINGER, {onoff=1, linger=32767}, 8) = 0
23607 15:07:23.693782 rt_sigaction(SIGALRM, {0x805cad0, ~[RTMIN RT_1], 0}, NULL, 8) = 0
23607 15:07:23.693795 alarm(300)        = 300
23607 15:07:23.693808 write(0, "150 Ok to send data.\r\n", 22) = 22
23607 15:07:23.693873 mmap2(NULL, 77824, PROT_READ|PROT_WRITE, MAP_PRIVATE|MAP_ANONYMOUS, -1, 0) = 0xb7da5000
23607 15:07:23.693886 mprotect(0xb7db7000, 4096, PROT_NONE) = 0
23607 15:07:23.693898 mprotect(0xb7da5000, 4096, PROT_NONE) = 0
23607 15:07:23.693908 read(6, "assasaaa\na\na\na\na\n", 65536) = 17
23607 15:07:23.693922 write(4, "assasaaa\na\na\na\na\n", 17) = 17
23607 15:07:23.693938 read(6, "", 65536) = 0
23607 15:07:23.693948 rt_sigaction(SIGALRM, {0x805cad0, ~[RTMIN RT_1], 0}, NULL, 8) = 0
23607 15:07:23.693962 alarm(300)        = 300
23607 15:07:23.693972 close(6)          = 0
23607 15:07:23.693981 alarm(0)          = 300
23607 15:07:23.693990 gettimeofday({1495652843, 693993}, NULL) = 0
23607 15:07:23.694007 getpid()          = 23607
23607 15:07:23.694019 gettimeofday({1495652843, 694022}, NULL) = 0
23607 15:07:23.694036 fcntl64(3, F_SETLKW64, {type=F_WRLCK, whence=SEEK_SET, start=0, len=0}, 0xbfb224b4) = 0
23607 15:07:23.694050 write(3, "Wed May 24 15:07:23 2017 [pid 23607] [msfadmin] OK UPLOAD: Client \"127.0.0.1\", \"/home/msfadmin/myfile22\", 17 bytes, 25.42Kbyte/sec\n", 131) = 131
23607 15:07:23.694070 fcntl64(3, F_SETLK64, {type=F_UNLCK, whence=SEEK_SET, start=0, len=0}, 0xbfb224bc) = 0
23607 15:07:23.694085 write(0, "226 Transfer complete.\r\n", 24) = 24
23607 15:07:23.694125 write(5, "\n", 1) = 1
23607 15:07:23.694137 read(5,  <unfinished ...>
23605 15:07:23.694144 close(6)          = 0
23605 15:07:23.694163 read(4, "\n", 1)  = 1
23605 15:07:23.694175 close(5)          = 0
23605 15:07:23.694185 write(4, "\1", 1) = 1
23607 15:07:23.694196 <... read resumed> "\1", 1) = 1
23607 15:07:23.694203 close(4)          = 0
23607 15:07:23.694214 rt_sigaction(SIGALRM, {0x805cad0, ~[RTMIN RT_1], 0}, NULL, 8) = 0
23607 15:07:23.694227 alarm(300)        = 0
23607 15:07:23.694238 recv(0,  <unfinished ...>
23605 15:07:23.694245 read(4,  <unfinished ...>
23604 15:07:23.852808 <... recv resumed> "USER msfadmin\r\n", 4096, MSG_PEEK) = 15
23604 15:07:23.852859 read(0, "USER msfadmin\r\n", 15) = 15
23604 15:07:23.852897 write(0, "331 Any password will do.\r\n", 27) = 27
23604 15:07:23.852946 rt_sigaction(SIGALRM, {0x805cad0, ~[RTMIN RT_1], 0}, NULL, 8) = 0
23604 15:07:23.852964 alarm(300)        = 299
23604 15:07:23.852976 recv(0, "PASS msfadmin\r\n", 4096, MSG_PEEK) = 15
23604 15:07:23.852988 read(0, "PASS msfadmin\r\n", 15) = 15
23604 15:07:23.853004 write(0, "230 Already logged in.\r\n", 24) = 24
23604 15:07:23.853067 rt_sigaction(SIGALRM, {0x805cad0, ~[RTMIN RT_1], 0}, NULL, 8) = 0
23604 15:07:23.853082 alarm(300)        = 300
23604 15:07:23.853093 recv(0, "TYPE I\r\n", 4096, MSG_PEEK) = 8
23604 15:07:23.853104 read(0, "TYPE I\r\n", 8) = 8
23604 15:07:23.853119 write(0, "200 Switching to Binary mode.\r\n", 31) = 31
23604 15:07:23.853154 rt_sigaction(SIGALRM, {0x805cad0, ~[RTMIN RT_1], 0}, NULL, 8) = 0
23604 15:07:23.853169 alarm(300)        = 300
23604 15:07:23.853179 recv(0, "PASV\r\n", 4096, MSG_PEEK) = 6
23604 15:07:23.853190 read(0, "PASV\r\n", 6) = 6
23604 15:07:23.853202 write(5, "\n", 1 <unfinished ...>
23602 15:07:23.853221 <... read resumed> "\n", 1) = 1
23604 15:07:23.853227 <... write resumed> ) = 1
23602 15:07:23.853235 write(4, "\1", 1) = 1
23602 15:07:23.853246 read(4,  <unfinished ...>
23604 15:07:23.853253 read(5, "\1", 1)  = 1
23604 15:07:23.853264 write(5, "\f", 1 <unfinished ...>
23602 15:07:23.853272 <... read resumed> "\f", 1) = 1
23604 15:07:23.853276 <... write resumed> ) = 1
23602 15:07:23.853284 socket(PF_INET, SOCK_STREAM, IPPROTO_TCP) = 5
23602 15:07:23.853299 setsockopt(5, SOL_SOCKET, SO_REUSEADDR, [1], 4) = 0
23602 15:07:23.853314 bind(5, {sa_family=AF_INET, sin_port=htons(29191), sin_addr=inet_addr("127.0.0.1")}, 16) = 0
23602 15:07:23.853331 listen(5, 1)      = 0
23602 15:07:23.853345 write(4, "\7r\0\0", 4) = 4
23602 15:07:23.853355 read(4,  <unfinished ...>
23604 15:07:23.853362 read(5, "\7r\0\0", 4) = 4
23604 15:07:23.853378 write(0, "227 Entering Passive Mode (127,0,0,1,114,7).\r\n", 46) = 46
23604 15:07:23.853490 rt_sigaction(SIGALRM, {0x805cad0, ~[RTMIN RT_1], 0}, NULL, 8) = 0
23604 15:07:23.853507 alarm(300)        = 300
23604 15:07:23.853518 recv(0, "RETR myfile5\r\n", 4096, MSG_PEEK) = 14
23604 15:07:23.853552 read(0, "RETR myfile5\r\n", 14) = 14
23604 15:07:23.853577 write(5, "\v", 1 <unfinished ...>
23602 15:07:23.853585 <... read resumed> "\v", 1) = 1
23604 15:07:23.853590 <... write resumed> ) = 1
23602 15:07:23.853597 write(4, "\1\0\0\0", 4) = 4
23602 15:07:23.853608 read(4,  <unfinished ...>
23604 15:07:23.853614 read(5, "\1\0\0\0", 4) = 4
23604 15:07:23.853626 gettimeofday({1495652843, 853630}, NULL) = 0
23604 15:07:23.853637 getcwd("/home/msfadmin", 4096) = 15
23604 15:07:23.853650 open("myfile5", O_RDONLY|O_NONBLOCK|O_LARGEFILE) = 4
23604 15:07:23.853663 fcntl64(4, F_SETLKW64, {type=F_RDLCK, whence=SEEK_SET, start=0, len=0}, 0xbfe30844) = 0
23604 15:07:23.853678 fstat64(4, {st_mode=S_IFREG|0644, st_size=17, ...}) = 0
23604 15:07:23.853696 fcntl64(4, F_GETFL) = 0x8800 (flags O_RDONLY|O_NONBLOCK|O_LARGEFILE)
23604 15:07:23.853707 fcntl64(4, F_SETFL, O_RDONLY|O_LARGEFILE) = 0
23604 15:07:23.853718 write(5, "\v", 1 <unfinished ...>
23602 15:07:23.853726 <... read resumed> "\v", 1) = 1
23604 15:07:23.853731 <... write resumed> ) = 1
23602 15:07:23.853737 write(4, "\1\0\0\0", 4) = 4
23602 15:07:23.853748 read(4,  <unfinished ...>
23604 15:07:23.853755 read(5, "\1\0\0\0", 4) = 4
23604 15:07:23.853766 write(5, "\v", 1 <unfinished ...>
23602 15:07:23.853773 <... read resumed> "\v", 1) = 1
23604 15:07:23.853777 <... write resumed> ) = 1
23602 15:07:23.853783 write(4, "\1\0\0\0", 4) = 4
23602 15:07:23.853794 read(4,  <unfinished ...>
23604 15:07:23.853801 read(5, "\1\0\0\0", 4) = 4
23604 15:07:23.853812 write(5, "\r", 1 <unfinished ...>
23602 15:07:23.853819 <... read resumed> "\r", 1) = 1
23604 15:07:23.853824 <... write resumed> ) = 1
23602 15:07:23.853831 select(6, [5], NULL, NULL, {60, 0}) = 1 (in [5], left {60, 0})
23602 15:07:23.853847 accept(5, {sa_family=AF_INET, sin_port=htons(35883), sin_addr=inet_addr("127.0.0.1")}, [16]) = 6
23602 15:07:23.853869 write(4, "\1", 1) = 1
23602 15:07:23.853881 sendmsg(4, {msg_name(0)=NULL, msg_iov(1)=[{"\0", 1}], msg_controllen=16, {cmsg_len=16, cmsg_level=SOL_SOCKET, cmsg_type=SCM_RIGHTS, {6}}, msg_flags=0}, 0) = 1
23602 15:07:23.853898 close(6)          = 0
23602 15:07:23.853908 read(4,  <unfinished ...>
23604 15:07:23.853915 read(5, "\1", 1)  = 1
23604 15:07:23.853928 recvmsg(5, {msg_name(0)=NULL, msg_iov(1)=[{"\0", 1}], msg_controllen=16, {cmsg_len=16, cmsg_level=SOL_SOCKET, cmsg_type=SCM_RIGHTS, {6}}, msg_flags=0}, 0) = 1
23604 15:07:23.853945 setsockopt(6, SOL_SOCKET, SO_KEEPALIVE, [1], 4) = 0
23604 15:07:23.853958 setsockopt(6, SOL_IP, IP_TOS, [8], 4) = 0
23604 15:07:23.853970 setsockopt(6, SOL_SOCKET, SO_LINGER, {onoff=1, linger=32767}, 8) = 0
23604 15:07:23.853981 rt_sigaction(SIGALRM, {0x805cad0, ~[RTMIN RT_1], 0}, NULL, 8) = 0
23604 15:07:23.853994 alarm(300)        = 300
23604 15:07:23.854007 write(0, "150 Opening BINARY mode data connection for myfile5 (17 bytes).\r\n", 65) = 65
23604 15:07:23.854048 _llseek(4, 0, [0], SEEK_CUR) = 0
23604 15:07:23.854068 fstat64(4, {st_mode=S_IFREG|0644, st_size=17, ...}) = 0
23604 15:07:23.854085 _llseek(4, 0, [0], SEEK_SET) = 0
23604 15:07:23.854095 sendfile(6, 4, NULL, 17) = 17
23604 15:07:23.854126 rt_sigaction(SIGALRM, {0x805cad0, ~[RTMIN RT_1], 0}, NULL, 8) = 0
23604 15:07:23.854140 alarm(300)        = 300
23604 15:07:23.854150 close(6)          = 0
23604 15:07:23.854186 alarm(0)          = 300
23604 15:07:23.854197 gettimeofday({1495652843, 854201}, NULL) = 0
23604 15:07:23.854212 gettimeofday({1495652843, 854216}, NULL) = 0
23604 15:07:23.854226 fcntl64(3, F_SETLKW64, {type=F_WRLCK, whence=SEEK_SET, start=0, len=0}, 0xbfe307e4) = 0
23604 15:07:23.854241 write(3, "Wed May 24 15:07:23 2017 [pid 23604] [msfadmin] OK DOWNLOAD: Client \"127.0.0.1\", \"/home/msfadmin/myfile5\", 17 bytes, 28.33Kbyte/sec\n", 132) = 132
23604 15:07:23.854262 fcntl64(3, F_SETLK64, {type=F_UNLCK, whence=SEEK_SET, start=0, len=0}, 0xbfe307ec) = 0
23604 15:07:23.854276 write(0, "226 Transfer complete.\r\n", 24) = 24
23604 15:07:23.854342 write(5, "\n", 1 <unfinished ...>
23602 15:07:23.854352 <... read resumed> "\n", 1) = 1
23604 15:07:23.854357 <... write resumed> ) = 1
23602 15:07:23.854363 close(5)          = 0
23602 15:07:23.854376 write(4, "\1", 1) = 1
23602 15:07:23.854387 read(4,  <unfinished ...>
23604 15:07:23.854394 read(5, "\1", 1)  = 1
23604 15:07:23.854405 close(4)          = 0
23604 15:07:23.854416 rt_sigaction(SIGALRM, {0x805cad0, ~[RTMIN RT_1], 0}, NULL, 8) = 0
23604 15:07:23.854429 alarm(300)        = 0
23604 15:07:23.854440 recv(0,  <unfinished ...>
23607 15:07:24.222470 <... recv resumed> "TYPE I\r\n", 4096, MSG_PEEK) = 8
23607 15:07:24.222587 read(0, "TYPE I\r\n", 8) = 8
23607 15:07:24.222691 write(0, "200 Switching to Binary mode.\r\n", 31) = 31
23607 15:07:24.222788 rt_sigaction(SIGALRM, {0x805cad0, ~[RTMIN RT_1], 0}, NULL, 8) = 0
23607 15:07:24.222822 alarm(300)        = 299
23607 15:07:24.222848 recv(0, "PASV\r\n", 4096, MSG_PEEK) = 6
23607 15:07:24.222864 read(0, "PASV\r\n", 6) = 6
23607 15:07:24.222876 write(5, "\n", 1) = 1
23607 15:07:24.222889 read(5,  <unfinished ...>
23605 15:07:24.222897 <... read resumed> "\n", 1) = 1
23605 15:07:24.222906 write(4, "\1", 1) = 1
23607 15:07:24.222917 <... read resumed> "\1", 1) = 1
23607 15:07:24.222924 write(5, "\f", 1) = 1
23607 15:07:24.222934 read(5,  <unfinished ...>
23605 15:07:24.222941 read(4, "\f", 1)  = 1
23605 15:07:24.222953 socket(PF_INET, SOCK_STREAM, IPPROTO_TCP) = 5
23605 15:07:24.222970 setsockopt(5, SOL_SOCKET, SO_REUSEADDR, [1], 4) = 0
23605 15:07:24.222985 bind(5, {sa_family=AF_INET, sin_port=htons(50961), sin_addr=inet_addr("127.0.0.1")}, 16) = 0
23605 15:07:24.223001 listen(5, 1)      = 0
23605 15:07:24.223015 write(4, "\21\307\0\0", 4) = 4
23607 15:07:24.223027 <... read resumed> "\21\307\0\0", 4) = 4
23607 15:07:24.223039 write(0, "227 Entering Passive Mode (127,0,0,1,199,17).\r\n", 47) = 47
23607 15:07:24.223154 rt_sigaction(SIGALRM, {0x805cad0, ~[RTMIN RT_1], 0}, NULL, 8) = 0
23607 15:07:24.223171 alarm(300)        = 300
23607 15:07:24.223183 recv(0, "STOR myfile23\r\n", 4096, MSG_PEEK) = 15
23607 15:07:24.223195 read(0, "STOR myfile23\r\n", 15) = 15
23607 15:07:24.223208 write(5, "\v", 1) = 1
23607 15:07:24.223219 read(5,  <unfinished ...>
23605 15:07:24.223226 read(4, "\v", 1)  = 1
23605 15:07:24.223237 write(4, "\1\0\0\0", 4) = 4
23607 15:07:24.223248 <... read resumed> "\1\0\0\0", 4) = 4
23607 15:07:24.223256 gettimeofday({1495652844, 223260}, NULL) = 0
23607 15:07:24.223267 getcwd("/home/msfadmin", 4096) = 15
23607 15:07:24.223280 open("myfile23", O_WRONLY|O_CREAT|O_NONBLOCK|O_LARGEFILE, 0666) = 4
23607 15:07:24.223294 fstat64(4, {st_mode=S_IFREG|0644, st_size=17, ...}) = 0
23607 15:07:24.223312 fcntl64(4, F_GETFL) = 0x8801 (flags O_WRONLY|O_NONBLOCK|O_LARGEFILE)
23607 15:07:24.223324 fcntl64(4, F_SETFL, O_WRONLY|O_LARGEFILE) = 0
23607 15:07:24.223333 fcntl64(4, F_SETLKW64, {type=F_WRLCK, whence=SEEK_SET, start=0, len=0}, 0xbfb22514) = 0
23607 15:07:24.223348 ftruncate64(4, 0) = 0
23607 15:07:24.223408 _llseek(4, 0, [0], SEEK_SET) = 0
23607 15:07:24.223426 write(5, "\v", 1) = 1
23607 15:07:24.223437 read(5,  <unfinished ...>
23605 15:07:24.223444 read(4, "\v", 1)  = 1
23605 15:07:24.223455 write(4, "\1\0\0\0", 4) = 4
23607 15:07:24.223466 <... read resumed> "\1\0\0\0", 4) = 4
23607 15:07:24.223474 write(5, "\v", 1) = 1
23607 15:07:24.223484 read(5,  <unfinished ...>
23605 15:07:24.223490 read(4, "\v", 1)  = 1
23605 15:07:24.223501 write(4, "\1\0\0\0", 4) = 4
23607 15:07:24.223511 <... read resumed> "\1\0\0\0", 4) = 4
23607 15:07:24.223519 write(5, "\r", 1) = 1
23607 15:07:24.223528 read(5,  <unfinished ...>
23605 15:07:24.223535 read(4, "\r", 1)  = 1
23605 15:07:24.223547 select(6, [5], NULL, NULL, {60, 0}) = 1 (in [5], left {60, 0})
23605 15:07:24.223563 accept(5, {sa_family=AF_INET, sin_port=htons(57499), sin_addr=inet_addr("127.0.0.1")}, [16]) = 6
23605 15:07:24.223585 write(4, "\1", 1) = 1
23607 15:07:24.223596 <... read resumed> "\1", 1) = 1
23607 15:07:24.223605 recvmsg(5,  <unfinished ...>
23605 15:07:24.223613 sendmsg(4, {msg_name(0)=NULL, msg_iov(1)=[{"\0", 1}], msg_controllen=16, {cmsg_len=16, cmsg_level=SOL_SOCKET, cmsg_type=SCM_RIGHTS, {6}}, msg_flags=0}, 0) = 1
23607 15:07:24.223630 <... recvmsg resumed> {msg_name(0)=NULL, msg_iov(1)=[{"\0", 1}], msg_controllen=16, {cmsg_len=16, cmsg_level=SOL_SOCKET, cmsg_type=SCM_RIGHTS, {6}}, msg_flags=0}, 0) = 1
23607 15:07:24.223643 setsockopt(6, SOL_SOCKET, SO_KEEPALIVE, [1], 4) = 0
23607 15:07:24.223656 setsockopt(6, SOL_IP, IP_TOS, [8], 4) = 0
23607 15:07:24.223668 setsockopt(6, SOL_SOCKET, SO_LINGER, {onoff=1, linger=32767}, 8) = 0
23607 15:07:24.223679 rt_sigaction(SIGALRM, {0x805cad0, ~[RTMIN RT_1], 0}, NULL, 8) = 0
23607 15:07:24.223693 alarm(300)        = 300
23607 15:07:24.223705 write(0, "150 Ok to send data.\r\n", 22) = 22
23607 15:07:24.223772 read(6, "assasaaa\na\na\na\na\n", 65536) = 17
23607 15:07:24.223786 write(4, "assasaaa\na\na\na\na\n", 17) = 17
23607 15:07:24.223803 read(6, "", 65536) = 0
23607 15:07:24.223813 rt_sigaction(SIGALRM, {0x805cad0, ~[RTMIN RT_1], 0}, NULL, 8) = 0
23607 15:07:24.223827 alarm(300)        = 300
23607 15:07:24.223837 close(6)          = 0
23607 15:07:24.223846 alarm(0)          = 300
23607 15:07:24.223855 gettimeofday({1495652844, 223859}, NULL) = 0
23607 15:07:24.223870 gettimeofday({1495652844, 223874}, NULL) = 0
23607 15:07:24.223884 fcntl64(3, F_SETLKW64, {type=F_WRLCK, whence=SEEK_SET, start=0, len=0}, 0xbfb224b4) = 0
23607 15:07:24.223899 write(3, "Wed May 24 15:07:24 2017 [pid 23607] [msfadmin] OK UPLOAD: Client \"127.0.0.1\", \"/home/msfadmin/myfile23\", 17 bytes, 27.04Kbyte/sec\n", 131) = 131
23607 15:07:24.223920 fcntl64(3, F_SETLK64, {type=F_UNLCK, whence=SEEK_SET, start=0, len=0}, 0xbfb224bc) = 0
23607 15:07:24.223934 write(0, "226 Transfer complete.\r\n", 24) = 24
23607 15:07:24.223978 write(5, "\n", 1) = 1
23607 15:07:24.223990 read(5,  <unfinished ...>
23605 15:07:24.223997 close(6)          = 0
23605 15:07:24.224016 read(4, "\n", 1)  = 1
23605 15:07:24.224028 close(5)          = 0
23605 15:07:24.224038 write(4, "\1", 1) = 1
23607 15:07:24.224049 <... read resumed> "\1", 1) = 1
23607 15:07:24.224056 close(4)          = 0
23607 15:07:24.224067 rt_sigaction(SIGALRM, {0x805cad0, ~[RTMIN RT_1], 0}, NULL, 8) = 0
23607 15:07:24.224080 alarm(300)        = 0
23607 15:07:24.224091 recv(0,  <unfinished ...>
23605 15:07:24.224098 read(4,  <unfinished ...>
23604 15:07:24.391497 <... recv resumed> "USER msfadmin\r\n", 4096, MSG_PEEK) = 15
23604 15:07:24.391537 read(0, "USER msfadmin\r\n", 15) = 15
23604 15:07:24.391562 write(0, "331 Any password will do.\r\n", 27) = 27
23604 15:07:24.391607 rt_sigaction(SIGALRM, {0x805cad0, ~[RTMIN RT_1], 0}, NULL, 8) = 0
23604 15:07:24.391625 alarm(300)        = 299
23604 15:07:24.391638 recv(0, "PASS msfadmin\r\n", 4096, MSG_PEEK) = 15
23604 15:07:24.391650 read(0, "PASS msfadmin\r\n", 15) = 15
23604 15:07:24.391667 write(0, "230 Already logged in.\r\n", 24) = 24
23604 15:07:24.391728 rt_sigaction(SIGALRM, {0x805cad0, ~[RTMIN RT_1], 0}, NULL, 8) = 0
23604 15:07:24.391744 alarm(300)        = 300
23604 15:07:24.391763 recv(0, "TYPE I\r\n", 4096, MSG_PEEK) = 8
23604 15:07:24.391774 read(0, "TYPE I\r\n", 8) = 8
23604 15:07:24.391789 write(0, "200 Switching to Binary mode.\r\n", 31) = 31
23604 15:07:24.391826 rt_sigaction(SIGALRM, {0x805cad0, ~[RTMIN RT_1], 0}, NULL, 8) = 0
23604 15:07:24.391841 alarm(300)        = 300
23604 15:07:24.391852 recv(0, "PASV\r\n", 4096, MSG_PEEK) = 6
23604 15:07:24.391863 read(0, "PASV\r\n", 6) = 6
23604 15:07:24.391875 write(5, "\n", 1 <unfinished ...>
23602 15:07:24.391887 <... read resumed> "\n", 1) = 1
23604 15:07:24.391892 <... write resumed> ) = 1
23602 15:07:24.391900 write(4, "\1", 1) = 1
23602 15:07:24.391911 read(4,  <unfinished ...>
23604 15:07:24.391918 read(5, "\1", 1)  = 1
23604 15:07:24.391930 write(5, "\f", 1 <unfinished ...>
23602 15:07:24.391937 <... read resumed> "\f", 1) = 1
23604 15:07:24.391942 <... write resumed> ) = 1
23602 15:07:24.391949 socket(PF_INET, SOCK_STREAM, IPPROTO_TCP) = 5
23602 15:07:24.391965 setsockopt(5, SOL_SOCKET, SO_REUSEADDR, [1], 4) = 0
23602 15:07:24.391980 bind(5, {sa_family=AF_INET, sin_port=htons(13880), sin_addr=inet_addr("127.0.0.1")}, 16) = 0
23602 15:07:24.391996 listen(5, 1)      = 0
23602 15:07:24.392010 write(4, "86\0\0", 4) = 4
23602 15:07:24.392021 read(4,  <unfinished ...>
23604 15:07:24.392028 read(5, "86\0\0", 4) = 4
23604 15:07:24.392043 write(0, "227 Entering Passive Mode (127,0,0,1,54,56).\r\n", 46) = 46
23604 15:07:24.392155 rt_sigaction(SIGALRM, {0x805cad0, ~[RTMIN RT_1], 0}, NULL, 8) = 0
23604 15:07:24.392172 alarm(300)        = 300
23604 15:07:24.392183 recv(0, "RETR myfile6\r\n", 4096, MSG_PEEK) = 14
23604 15:07:24.392225 read(0, "RETR myfile6\r\n", 14) = 14
23604 15:07:24.392250 write(5, "\v", 1 <unfinished ...>
23602 15:07:24.392258 <... read resumed> "\v", 1) = 1
23604 15:07:24.392263 <... write resumed> ) = 1
23602 15:07:24.392270 write(4, "\1\0\0\0", 4) = 4
23602 15:07:24.392281 read(4,  <unfinished ...>
23604 15:07:24.392288 read(5, "\1\0\0\0", 4) = 4
23604 15:07:24.392299 gettimeofday({1495652844, 392303}, NULL) = 0
23604 15:07:24.392311 getcwd("/home/msfadmin", 4096) = 15
23604 15:07:24.392323 open("myfile6", O_RDONLY|O_NONBLOCK|O_LARGEFILE) = 4
23604 15:07:24.392337 fcntl64(4, F_SETLKW64, {type=F_RDLCK, whence=SEEK_SET, start=0, len=0}, 0xbfe30844) = 0
23604 15:07:24.392352 fstat64(4, {st_mode=S_IFREG|0644, st_size=17, ...}) = 0
23604 15:07:24.392369 fcntl64(4, F_GETFL) = 0x8800 (flags O_RDONLY|O_NONBLOCK|O_LARGEFILE)
23604 15:07:24.392380 fcntl64(4, F_SETFL, O_RDONLY|O_LARGEFILE) = 0
23604 15:07:24.392392 write(5, "\v", 1 <unfinished ...>
23602 15:07:24.392399 <... read resumed> "\v", 1) = 1
23604 15:07:24.392404 <... write resumed> ) = 1
23602 15:07:24.392411 write(4, "\1\0\0\0", 4) = 4
23602 15:07:24.392421 read(4,  <unfinished ...>
23604 15:07:24.392428 read(5, "\1\0\0\0", 4) = 4
23604 15:07:24.392440 write(5, "\v", 1 <unfinished ...>
23602 15:07:24.392447 <... read resumed> "\v", 1) = 1
23604 15:07:24.392451 <... write resumed> ) = 1
23602 15:07:24.392457 write(4, "\1\0\0\0", 4) = 4
23602 15:07:24.392468 read(4,  <unfinished ...>
23604 15:07:24.392475 read(5, "\1\0\0\0", 4) = 4
23604 15:07:24.392486 write(5, "\r", 1 <unfinished ...>
23602 15:07:24.392493 <... read resumed> "\r", 1) = 1
23604 15:07:24.392498 <... write resumed> ) = 1
23602 15:07:24.392505 select(6, [5], NULL, NULL, {60, 0}) = 1 (in [5], left {60, 0})
23602 15:07:24.392521 accept(5, {sa_family=AF_INET, sin_port=htons(47873), sin_addr=inet_addr("127.0.0.1")}, [16]) = 6
23602 15:07:24.392544 write(4, "\1", 1) = 1
23602 15:07:24.392556 sendmsg(4, {msg_name(0)=NULL, msg_iov(1)=[{"\0", 1}], msg_controllen=16, {cmsg_len=16, cmsg_level=SOL_SOCKET, cmsg_type=SCM_RIGHTS, {6}}, msg_flags=0}, 0) = 1
23602 15:07:24.392572 close(6)          = 0
23602 15:07:24.392582 read(4,  <unfinished ...>
23604 15:07:24.392589 read(5, "\1", 1)  = 1
23604 15:07:24.392602 recvmsg(5, {msg_name(0)=NULL, msg_iov(1)=[{"\0", 1}], msg_controllen=16, {cmsg_len=16, cmsg_level=SOL_SOCKET, cmsg_type=SCM_RIGHTS, {6}}, msg_flags=0}, 0) = 1
23604 15:07:24.392620 setsockopt(6, SOL_SOCKET, SO_KEEPALIVE, [1], 4) = 0
23604 15:07:24.392637 setsockopt(6, SOL_IP, IP_TOS, [8], 4) = 0
23604 15:07:24.392649 setsockopt(6, SOL_SOCKET, SO_LINGER, {onoff=1, linger=32767}, 8) = 0
23604 15:07:24.392660 rt_sigaction(SIGALRM, {0x805cad0, ~[RTMIN RT_1], 0}, NULL, 8) = 0
23604 15:07:24.392673 alarm(300)        = 300
23604 15:07:24.392687 write(0, "150 Opening BINARY mode data connection for myfile6 (17 bytes).\r\n", 65) = 65
23604 15:07:24.392727 _llseek(4, 0, [0], SEEK_CUR) = 0
23604 15:07:24.392740 fstat64(4, {st_mode=S_IFREG|0644, st_size=17, ...}) = 0
23604 15:07:24.392757 _llseek(4, 0, [0], SEEK_SET) = 0
23604 15:07:24.392767 sendfile(6, 4, NULL, 17) = 17
23604 15:07:24.392798 rt_sigaction(SIGALRM, {0x805cad0, ~[RTMIN RT_1], 0}, NULL, 8) = 0
23604 15:07:24.392812 alarm(300)        = 300
23604 15:07:24.392822 close(6)          = 0
23604 15:07:24.392858 alarm(0)          = 300
23604 15:07:24.392869 gettimeofday({1495652844, 392872}, NULL) = 0
23604 15:07:24.392885 gettimeofday({1495652844, 392888}, NULL) = 0
23604 15:07:24.392899 fcntl64(3, F_SETLKW64, {type=F_WRLCK, whence=SEEK_SET, start=0, len=0}, 0xbfe307e4) = 0
23604 15:07:24.392913 write(3, "Wed May 24 15:07:24 2017 [pid 23604] [msfadmin] OK DOWNLOAD: Client \"127.0.0.1\", \"/home/msfadmin/myfile6\", 17 bytes, 28.38Kbyte/sec\n", 132) = 132
23604 15:07:24.392935 fcntl64(3, F_SETLK64, {type=F_UNLCK, whence=SEEK_SET, start=0, len=0}, 0xbfe307ec) = 0
23604 15:07:24.392949 write(0, "226 Transfer complete.\r\n", 24) = 24
23604 15:07:24.393015 write(5, "\n", 1 <unfinished ...>
23602 15:07:24.393025 <... read resumed> "\n", 1) = 1
23604 15:07:24.393031 <... write resumed> ) = 1
23602 15:07:24.393037 close(5)          = 0
23602 15:07:24.393049 write(4, "\1", 1) = 1
23602 15:07:24.393060 read(4,  <unfinished ...>
23604 15:07:24.393067 read(5, "\1", 1)  = 1
23604 15:07:24.393078 close(4)          = 0
23604 15:07:24.393089 rt_sigaction(SIGALRM, {0x805cad0, ~[RTMIN RT_1], 0}, NULL, 8) = 0
23604 15:07:24.393102 alarm(300)        = 0
23604 15:07:24.393113 recv(0,  <unfinished ...>
23607 15:07:24.763125 <... recv resumed> "TYPE I\r\n", 4096, MSG_PEEK) = 8
23607 15:07:24.763167 read(0, "TYPE I\r\n", 8) = 8
23607 15:07:24.763193 write(0, "200 Switching to Binary mode.\r\n", 31) = 31
23607 15:07:24.763242 rt_sigaction(SIGALRM, {0x805cad0, ~[RTMIN RT_1], 0}, NULL, 8) = 0
23607 15:07:24.763260 alarm(300)        = 299
23607 15:07:24.763273 recv(0, "PASV\r\n", 4096, MSG_PEEK) = 6
23607 15:07:24.763284 read(0, "PASV\r\n", 6) = 6
23607 15:07:24.763296 write(5, "\n", 1) = 1
23607 15:07:24.763309 read(5,  <unfinished ...>
23605 15:07:24.763318 <... read resumed> "\n", 1) = 1
23605 15:07:24.763327 write(4, "\1", 1 <unfinished ...>
23607 15:07:24.763335 <... read resumed> "\1", 1) = 1
23605 15:07:24.763340 <... write resumed> ) = 1
23607 15:07:24.763346 write(5, "\f", 1) = 1
23607 15:07:24.763357 read(5,  <unfinished ...>
23605 15:07:24.763363 read(4, "\f", 1)  = 1
23605 15:07:24.763376 socket(PF_INET, SOCK_STREAM, IPPROTO_TCP) = 5
23605 15:07:24.763392 setsockopt(5, SOL_SOCKET, SO_REUSEADDR, [1], 4) = 0
23605 15:07:24.763407 bind(5, {sa_family=AF_INET, sin_port=htons(49974), sin_addr=inet_addr("127.0.0.1")}, 16) = 0
23605 15:07:24.763424 listen(5, 1)      = 0
23605 15:07:24.763437 write(4, "6\303\0\0", 4 <unfinished ...>
23607 15:07:24.763446 <... read resumed> "6\303\0\0", 4) = 4
23605 15:07:24.763451 <... write resumed> ) = 4
23607 15:07:24.763462 write(0, "227 Entering Passive Mode (127,0,0,1,195,54).\r\n", 47) = 47
23607 15:07:24.763578 rt_sigaction(SIGALRM, {0x805cad0, ~[RTMIN RT_1], 0}, NULL, 8) = 0
23607 15:07:24.763594 alarm(300)        = 300
23607 15:07:24.763606 recv(0, "STOR myfile24\r\n", 4096, MSG_PEEK) = 15
23607 15:07:24.763618 read(0, "STOR myfile24\r\n", 15) = 15
23607 15:07:24.763632 write(5, "\v", 1) = 1
23607 15:07:24.763642 read(5,  <unfinished ...>
23605 15:07:24.763650 read(4, "\v", 1)  = 1
23605 15:07:24.763661 write(4, "\1\0\0\0", 4 <unfinished ...>
23607 15:07:24.763669 <... read resumed> "\1\0\0\0", 4) = 4
23605 15:07:24.763674 <... write resumed> ) = 4
23607 15:07:24.763689 gettimeofday({1495652844, 763693}, NULL) = 0
23607 15:07:24.763701 getcwd("/home/msfadmin", 4096) = 15
23607 15:07:24.763713 open("myfile24", O_WRONLY|O_CREAT|O_NONBLOCK|O_LARGEFILE, 0666) = 4
23607 15:07:24.763728 fstat64(4, {st_mode=S_IFREG|0644, st_size=17, ...}) = 0
23607 15:07:24.763746 fcntl64(4, F_GETFL) = 0x8801 (flags O_WRONLY|O_NONBLOCK|O_LARGEFILE)
23607 15:07:24.763757 fcntl64(4, F_SETFL, O_WRONLY|O_LARGEFILE) = 0
23607 15:07:24.763767 fcntl64(4, F_SETLKW64, {type=F_WRLCK, whence=SEEK_SET, start=0, len=0}, 0xbfb22514) = 0
23607 15:07:24.763781 ftruncate64(4, 0) = 0
23607 15:07:24.763799 _llseek(4, 0, [0], SEEK_SET) = 0
23607 15:07:24.763811 write(5, "\v", 1) = 1
23607 15:07:24.763821 read(5,  <unfinished ...>
23605 15:07:24.763828 read(4, "\v", 1)  = 1
23605 15:07:24.763839 write(4, "\1\0\0\0", 4 <unfinished ...>
23607 15:07:24.763847 <... read resumed> "\1\0\0\0", 4) = 4
23605 15:07:24.763853 <... write resumed> ) = 4
23607 15:07:24.763859 write(5, "\v", 1) = 1
23607 15:07:24.763869 read(5,  <unfinished ...>
23605 15:07:24.763875 read(4, "\v", 1)  = 1
23605 15:07:24.763921 write(4, "\1\0\0\0", 4 <unfinished ...>
23607 15:07:24.763930 <... read resumed> "\1\0\0\0", 4) = 4
23605 15:07:24.763945 <... write resumed> ) = 4
23607 15:07:24.763951 write(5, "\r", 1) = 1
23607 15:07:24.763961 read(5,  <unfinished ...>
23605 15:07:24.763968 read(4, "\r", 1)  = 1
23605 15:07:24.763979 select(6, [5], NULL, NULL, {60, 0}) = 1 (in [5], left {60, 0})
23605 15:07:24.763996 accept(5, {sa_family=AF_INET, sin_port=htons(42236), sin_addr=inet_addr("127.0.0.1")}, [16]) = 6
23605 15:07:24.764018 write(4, "\1", 1 <unfinished ...>
23607 15:07:24.764026 <... read resumed> "\1", 1) = 1
23605 15:07:24.764031 <... write resumed> ) = 1
23607 15:07:24.764039 recvmsg(5,  <unfinished ...>
23605 15:07:24.764047 sendmsg(4, {msg_name(0)=NULL, msg_iov(1)=[{"\0", 1}], msg_controllen=16, {cmsg_len=16, cmsg_level=SOL_SOCKET, cmsg_type=SCM_RIGHTS, {6}}, msg_flags=0}, 0 <unfinished ...>
23607 15:07:24.764062 <... recvmsg resumed> {msg_name(0)=NULL, msg_iov(1)=[{"\0", 1}], msg_controllen=16, {cmsg_len=16, cmsg_level=SOL_SOCKET, cmsg_type=SCM_RIGHTS, {6}}, msg_flags=0}, 0) = 1
23605 15:07:24.764072 <... sendmsg resumed> ) = 1
23607 15:07:24.764079 setsockopt(6, SOL_SOCKET, SO_KEEPALIVE, [1], 4) = 0
23607 15:07:24.764092 setsockopt(6, SOL_IP, IP_TOS, [8], 4) = 0
23607 15:07:24.764104 setsockopt(6, SOL_SOCKET, SO_LINGER, {onoff=1, linger=32767}, 8) = 0
23607 15:07:24.764115 rt_sigaction(SIGALRM, {0x805cad0, ~[RTMIN RT_1], 0}, NULL, 8) = 0
23607 15:07:24.764128 alarm(300)        = 300
23607 15:07:24.764141 write(0, "150 Ok to send data.\r\n", 22) = 22
23607 15:07:24.764208 read(6, "assasaaa\na\na\na\na\n", 65536) = 17
23607 15:07:24.764222 write(4, "assasaaa\na\na\na\na\n", 17) = 17
23607 15:07:24.764239 read(6, "", 65536) = 0
23607 15:07:24.764250 rt_sigaction(SIGALRM, {0x805cad0, ~[RTMIN RT_1], 0}, NULL, 8) = 0
23607 15:07:24.764263 alarm(300)        = 300
23607 15:07:24.764273 close(6)          = 0
23607 15:07:24.764282 alarm(0)          = 300
23607 15:07:24.764292 gettimeofday({1495652844, 764295}, NULL) = 0
23607 15:07:24.764307 gettimeofday({1495652844, 764311}, NULL) = 0
23607 15:07:24.764321 fcntl64(3, F_SETLKW64, {type=F_WRLCK, whence=SEEK_SET, start=0, len=0}, 0xbfb224b4) = 0
23607 15:07:24.764336 write(3, "Wed May 24 15:07:24 2017 [pid 23607] [msfadmin] OK UPLOAD: Client \"127.0.0.1\", \"/home/msfadmin/myfile24\", 17 bytes, 26.86Kbyte/sec\n", 131) = 131
23607 15:07:24.764357 fcntl64(3, F_SETLK64, {type=F_UNLCK, whence=SEEK_SET, start=0, len=0}, 0xbfb224bc) = 0
23607 15:07:24.764371 write(0, "226 Transfer complete.\r\n", 24) = 24
23607 15:07:24.764414 write(5, "\n", 1) = 1
23607 15:07:24.764426 read(5,  <unfinished ...>
23605 15:07:24.764433 close(6)          = 0
23605 15:07:24.764451 read(4, "\n", 1)  = 1
23605 15:07:24.764463 close(5)          = 0
23605 15:07:24.764474 write(4, "\1", 1) = 1
23607 15:07:24.764485 <... read resumed> "\1", 1) = 1
23607 15:07:24.764492 close(4)          = 0
23607 15:07:24.764502 rt_sigaction(SIGALRM, {0x805cad0, ~[RTMIN RT_1], 0}, NULL, 8) = 0
23607 15:07:24.764519 alarm(300)        = 0
23607 15:07:24.764530 recv(0,  <unfinished ...>
23605 15:07:24.764538 read(4,  <unfinished ...>
23604 15:07:24.981922 <... recv resumed> "USER msfadmin\r\n", 4096, MSG_PEEK) = 15
23604 15:07:24.982039 read(0, "USER msfadmin\r\n", 15) = 15
23604 15:07:24.982136 write(0, "331 Any password will do.\r\n", 27) = 27
23604 15:07:24.982228 rt_sigaction(SIGALRM, {0x805cad0, ~[RTMIN RT_1], 0}, NULL, 8) = 0
23604 15:07:24.982261 alarm(300)        = 299
23604 15:07:24.982286 recv(0, "PASS msfadmin\r\n", 4096, MSG_PEEK) = 15
23604 15:07:24.982301 read(0, "PASS msfadmin\r\n", 15) = 15
23604 15:07:24.982318 write(0, "230 Already logged in.\r\n", 24) = 24
23604 15:07:24.982381 rt_sigaction(SIGALRM, {0x805cad0, ~[RTMIN RT_1], 0}, NULL, 8) = 0
23604 15:07:24.982397 alarm(300)        = 300
23604 15:07:24.982408 recv(0, "TYPE I\r\n", 4096, MSG_PEEK) = 8
23604 15:07:24.982420 read(0, "TYPE I\r\n", 8) = 8
23604 15:07:24.982434 write(0, "200 Switching to Binary mode.\r\n", 31) = 31
23604 15:07:24.982470 rt_sigaction(SIGALRM, {0x805cad0, ~[RTMIN RT_1], 0}, NULL, 8) = 0
23604 15:07:24.982485 alarm(300)        = 300
23604 15:07:24.982495 recv(0, "PASV\r\n", 4096, MSG_PEEK) = 6
23604 15:07:24.982506 read(0, "PASV\r\n", 6) = 6
23604 15:07:24.982518 write(5, "\n", 1 <unfinished ...>
23602 15:07:24.982530 <... read resumed> "\n", 1) = 1
23604 15:07:24.982535 <... write resumed> ) = 1
23602 15:07:24.982543 write(4, "\1", 1) = 1
23602 15:07:24.982554 read(4,  <unfinished ...>
23604 15:07:24.982561 read(5, "\1", 1)  = 1
23604 15:07:24.982573 write(5, "\f", 1 <unfinished ...>
23602 15:07:24.982580 <... read resumed> "\f", 1) = 1
23604 15:07:24.982585 <... write resumed> ) = 1
23602 15:07:24.982592 socket(PF_INET, SOCK_STREAM, IPPROTO_TCP) = 5
23602 15:07:24.982608 setsockopt(5, SOL_SOCKET, SO_REUSEADDR, [1], 4) = 0
23602 15:07:24.982623 bind(5, {sa_family=AF_INET, sin_port=htons(42947), sin_addr=inet_addr("127.0.0.1")}, 16) = 0
23602 15:07:24.982639 listen(5, 1)      = 0
23602 15:07:24.982653 write(4, "\303\247\0\0", 4) = 4
23602 15:07:24.982664 read(4,  <unfinished ...>
23604 15:07:24.982671 read(5, "\303\247\0\0", 4) = 4
23604 15:07:24.982687 write(0, "227 Entering Passive Mode (127,0,0,1,167,195).\r\n", 48) = 48
23604 15:07:24.982798 rt_sigaction(SIGALRM, {0x805cad0, ~[RTMIN RT_1], 0}, NULL, 8) = 0
23604 15:07:24.982839 alarm(300)        = 300
23604 15:07:24.982863 recv(0, "RETR myfile7\r\n", 4096, MSG_PEEK) = 14
23604 15:07:24.982875 read(0, "RETR myfile7\r\n", 14) = 14
23604 15:07:24.982889 write(5, "\v", 1 <unfinished ...>
23602 15:07:24.982897 <... read resumed> "\v", 1) = 1
23604 15:07:24.982902 <... write resumed> ) = 1
23602 15:07:24.982908 write(4, "\1\0\0\0", 4) = 4
23602 15:07:24.982919 read(4,  <unfinished ...>
23604 15:07:24.982926 read(5, "\1\0\0\0", 4) = 4
