20281 14:32:49.387017 mmap2(NULL, 101180, PROT_READ|PROT_EXEC, MAP_PRIVATE|MAP_DENYWRITE, 7, 0) = 0xb7d81000
20281 14:32:49.387029 mmap2(0xb7d98000, 8192, PROT_READ|PROT_WRITE, MAP_PRIVATE|MAP_FIXED|MAP_DENYWRITE, 7, 0x16) = 0xb7d98000
20281 14:32:49.387047 close(7)          = 0
20281 14:32:49.387144 open("/etc/selinux/config", O_RDONLY|O_LARGEFILE) = -1 ENOENT (No such file or directory)
20281 14:32:49.387170 statfs64("/selinux", 84, 0xbf914bac) = -1 ENOENT (No such file or directory)
20281 14:32:49.387183 open("/proc/mounts", O_RDONLY|O_LARGEFILE) = 7
20281 14:32:49.387208 fstat64(7, {st_mode=S_IFREG|0444, st_size=0, ...}) = 0
20281 14:32:49.387225 mmap2(NULL, 4096, PROT_READ|PROT_WRITE, MAP_PRIVATE|MAP_ANONYMOUS, -1, 0) = 0xb7f9d000
20281 14:32:49.387237 read(7, "rootfs / rootfs rw 0 0\nnone /sys sysfs rw,nosuid,nodev,noexec 0 0\nnone /proc proc rw,nosuid,nodev,noexec 0 0\nudev /dev tmpfs rw,relatime 0 0\nfusectl /sys/fs/fuse/connections fusectl rw,relatime 0 0\n/dev/mapper/metasploitable-root / ext3 rw,relatime,errors=remount-ro,data=ordered 0 0\n/dev/mapper/metasploitable-root /dev/.static/dev ext3 rw,relatime,errors=remount-ro,data=ordered 0 0\ntmpfs /var/run tmpfs rw,nosuid,nodev,noexec 0 0\ntmpfs /var/lock tmpfs rw,nosuid,nodev,noexec 0 0\ntmpfs /dev/shm tmpfs rw,relatime 0 0\ndevpts /dev/pts devpts rw,relatime 0 0\ntmpfs /var/run tmpfs rw,nosuid,nodev,noexec 0 0\ntmpfs /var/lock tmpfs rw,nosuid,nodev,noexec 0 0\n/dev/sda1 /boot ext3 rw,relatime,data=ordered 0 0\nsecurityfs /sys/kernel/security securityfs rw,relatime 0 0\nrpc_pipefs /var/lib/nfs/rpc_pipefs rpc_pipefs rw,relatime 0 0\nnfsd /proc/fs/nfsd nfsd rw,relatime 0 0\n", 1024) = 866
20281 14:32:49.387321 read(7, "", 1024) = 0
20281 14:32:49.387331 close(7)          = 0
20281 14:32:49.387341 munmap(0xb7f9d000, 4096) = 0
20281 14:32:49.387360 munmap(0xb7dcc000, 29913) = 0
20281 14:32:49.387374 read(6, "", 4096) = 0
20281 14:32:49.387385 close(6)          = 0
20281 14:32:49.387395 munmap(0xb7f9e000, 4096) = 0
20281 14:32:49.387406 stat64("/etc/pam.d", {st_mode=S_IFDIR|0755, st_size=4096, ...}) = 0
20281 14:32:49.387425 open("/etc/pam.d/common-account", O_RDONLY|O_LARGEFILE) = 6
20281 14:32:49.387439 fstat64(6, {st_mode=S_IFREG|0644, st_size=392, ...}) = 0
20281 14:32:49.387455 mmap2(NULL, 4096, PROT_READ|PROT_WRITE, MAP_PRIVATE|MAP_ANONYMOUS, -1, 0) = 0xb7f9e000
20281 14:32:49.387466 read(6, "#\n# /etc/pam.d/common-account - authorization settings common to all services\n#\n# This file is included from other service-specific PAM config files,\n# and should contain a list of the authorization modules that define\n# the central access policy for use on the system.  The default is to\n# only deny service to users whose accounts are expired in /etc/shadow.\n#\naccount\trequired\tpam_unix.so\n", 4096) = 392
20281 14:32:49.387506 read(6, "", 4096) = 0
20281 14:32:49.387516 close(6)          = 0
20281 14:32:49.387525 munmap(0xb7f9e000, 4096) = 0
20281 14:32:49.387536 stat64("/etc/pam.d", {st_mode=S_IFDIR|0755, st_size=4096, ...}) = 0
20281 14:32:49.387554 open("/etc/pam.d/common-session", O_RDONLY|O_LARGEFILE) = 6
20281 14:32:49.387567 fstat64(6, {st_mode=S_IFREG|0644, st_size=372, ...}) = 0
20281 14:32:49.387583 mmap2(NULL, 4096, PROT_READ|PROT_WRITE, MAP_PRIVATE|MAP_ANONYMOUS, -1, 0) = 0xb7f9e000
20281 14:32:49.387594 read(6, "#\n# /etc/pam.d/common-session - session-related modules common to all services\n#\n# This file is included from other service-specific PAM config files,\n# and should contain a list of modules that define tasks to be performed\n# at the start and end of sessions of *any* kind (both interactive and\n# non-interactive).  The default is pam_unix.\n#\nsession\trequired\tpam_unix.so\n", 4096) = 372
20281 14:32:49.387632 read(6, "", 4096) = 0
20281 14:32:49.387641 close(6)          = 0
20281 14:32:49.387651 munmap(0xb7f9e000, 4096) = 0
20281 14:32:49.387661 read(5, "", 4096) = 0
20281 14:32:49.387670 close(5)          = 0
20281 14:32:49.387679 munmap(0xb7fa4000, 4096) = 0
20281 14:32:49.387690 open("/etc/pam.d/other", O_RDONLY|O_LARGEFILE) = 5
20281 14:32:49.387702 fstat64(5, {st_mode=S_IFREG|0644, st_size=520, ...}) = 0
20281 14:32:49.387719 mmap2(NULL, 4096, PROT_READ|PROT_WRITE, MAP_PRIVATE|MAP_ANONYMOUS, -1, 0) = 0xb7fa4000
20281 14:32:49.387729 read(5, "#\n# /etc/pam.d/other - specify the PAM fallback behaviour\n#\n# Note that this file is used for any unspecified service; for example\n#if /etc/pam.d/cron  specifies no session modules but cron calls\n#pam_open_session, the session module out of /etc/pam.d/other is\n#used.  If you really want nothing to happen then use pam_permit.so or\n#pam_deny.so as appropriate.\n\n# We fall back to the system default in /etc/pam.d/common-*\n# \n\n@include common-auth\n@include common-account\n@include common-password\n@include common-session\n", 4096) = 520
20281 14:32:49.387774 stat64("/etc/pam.d", {st_mode=S_IFDIR|0755, st_size=4096, ...}) = 0
20281 14:32:49.387792 open("/etc/pam.d/common-auth", O_RDONLY|O_LARGEFILE) = 6
20281 14:32:49.387804 fstat64(6, {st_mode=S_IFREG|0644, st_size=476, ...}) = 0
20281 14:32:49.387820 mmap2(NULL, 4096, PROT_READ|PROT_WRITE, MAP_PRIVATE|MAP_ANONYMOUS, -1, 0) = 0xb7f9e000
20281 14:32:49.387831 read(6, "#\n# /etc/pam.d/common-auth - authentication settings common to all services\n#\n# This file is included from other service-specific PAM config files,\n# and should contain a list of the authentication modules that define\n# the central authentication scheme for use on the system\n# (e.g., /etc/shadow, LDAP, Kerberos, etc.).  The default is to use the\n# traditional Unix authentication mechanisms.\n#\nauth\trequisite\tpam_unix.so nullok_secure\n# auth\toptional\tpam_smbpass.so migrate\n", 4096) = 476
20281 14:32:49.387876 read(6, "", 4096) = 0
20281 14:32:49.387886 close(6)          = 0
20281 14:32:49.387896 munmap(0xb7f9e000, 4096) = 0
20281 14:32:49.387906 stat64("/etc/pam.d", {st_mode=S_IFDIR|0755, st_size=4096, ...}) = 0
20281 14:32:49.387949 open("/etc/pam.d/common-account", O_RDONLY|O_LARGEFILE) = 6
20281 14:32:49.387966 fstat64(6, {st_mode=S_IFREG|0644, st_size=392, ...}) = 0
20281 14:32:49.387992 mmap2(NULL, 4096, PROT_READ|PROT_WRITE, MAP_PRIVATE|MAP_ANONYMOUS, -1, 0) = 0xb7f9e000
20281 14:32:49.388003 read(6, "#\n# /etc/pam.d/common-account - authorization settings common to all services\n#\n# This file is included from other service-specific PAM config files,\n# and should contain a list of the authorization modules that define\n# the central access policy for use on the system.  The default is to\n# only deny service to users whose accounts are expired in /etc/shadow.\n#\naccount\trequired\tpam_unix.so\n", 4096) = 392
20281 14:32:49.388043 read(6, "", 4096) = 0
20281 14:32:49.388053 close(6)          = 0
20281 14:32:49.388063 munmap(0xb7f9e000, 4096) = 0
20281 14:32:49.388074 stat64("/etc/pam.d", {st_mode=S_IFDIR|0755, st_size=4096, ...}) = 0
20281 14:32:49.388092 open("/etc/pam.d/common-password", O_RDONLY|O_LARGEFILE) = 6
20281 14:32:49.388105 fstat64(6, {st_mode=S_IFREG|0644, st_size=1563, ...}) = 0
20281 14:32:49.388121 mmap2(NULL, 4096, PROT_READ|PROT_WRITE, MAP_PRIVATE|MAP_ANONYMOUS, -1, 0) = 0xb7f9e000
20281 14:32:49.388131 read(6, "#\n# /etc/pam.d/common-password - password-related modules common to all services\n#\n# This file is included from other service-specific PAM config files,\n# and should contain a list of modules that define the services to be\n# used to change user passwords.  The default is pam_unix.\n\n# Explanation of pam_unix options:\n#\n# The \"nullok\" option allows users to change an empty password, else\n# empty passwords are treated as locked accounts.\n#\n# The \"md5\" option enables MD5 passwords.  Without this option, the\n# default is Unix crypt.\n#\n# The \"obscure\" option replaces the old `OBSCURE_CHECKS_ENAB\' option in\n# login.defs.\n#\n# You can also use the \"min\" option to enforce the length of the new\n# password.\n#\n# See the pam_unix manpage for other options.\n\npassword   requisite   pam_unix.so nullok obscure md5\n\n# Alternate strength checking for password. Note that this\n# requires the libpam-cracklib package to be installed.\n# You will need to comment out the password line above and\n# uncomment the next two in order to use this.\n# (Replaces the `OBSCURE_CHECKS_ENAB\', `CRACKLIB_DICTPATH\')\n#\n# password required\t  pam_cracklib.so retry=3 minlen=6 difok=3\n# password required\t  pam_unix.so use_authtok nullok md5\n\n# minimally-intrusive inclusion of smbpass in the stack for\n# synchronization.  If the module is absent or the passwords don\'t\n# match, this module will be ignored without prompting; and if the \n# passwords do match, the NTLM hash for the user will be updated\n# automatically.\n# password   optional   pam_smbpass.so nullok use_authtok use_first_pass\n", 4096) = 1563
20281 14:32:49.388246 read(6, "", 4096) = 0
20281 14:32:49.388256 close(6)          = 0
20281 14:32:49.388265 munmap(0xb7f9e000, 4096) = 0
20281 14:32:49.388276 stat64("/etc/pam.d", {st_mode=S_IFDIR|0755, st_size=4096, ...}) = 0
20281 14:32:49.388294 open("/etc/pam.d/common-session", O_RDONLY|O_LARGEFILE) = 6
20281 14:32:49.388307 fstat64(6, {st_mode=S_IFREG|0644, st_size=372, ...}) = 0
20281 14:32:49.388323 mmap2(NULL, 4096, PROT_READ|PROT_WRITE, MAP_PRIVATE|MAP_ANONYMOUS, -1, 0) = 0xb7f9e000
20281 14:32:49.388333 read(6, "#\n# /etc/pam.d/common-session - session-related modules common to all services\n#\n# This file is included from other service-specific PAM config files,\n# and should contain a list of modules that define tasks to be performed\n# at the start and end of sessions of *any* kind (both interactive and\n# non-interactive).  The default is pam_unix.\n#\nsession\trequired\tpam_unix.so\n", 4096) = 372
20281 14:32:49.388371 read(6, "", 4096) = 0
20281 14:32:49.388381 close(6)          = 0
20281 14:32:49.388390 munmap(0xb7f9e000, 4096) = 0
20281 14:32:49.388400 read(5, "", 4096) = 0
20281 14:32:49.388409 close(5)          = 0
20281 14:32:49.388422 munmap(0xb7fa4000, 4096) = 0
20281 14:32:49.388434 time(NULL)        = 1495650769
20281 14:32:49.388446 lstat64("/etc/ftpusers", {st_mode=S_IFREG|0644, st_size=132, ...}) = 0
20281 14:32:49.388464 open("/etc/ftpusers", O_RDONLY|O_LARGEFILE) = 5
20281 14:32:49.388476 fstat64(5, {st_mode=S_IFREG|0644, st_size=132, ...}) = 0
20281 14:32:49.388492 mmap2(NULL, 4096, PROT_READ|PROT_WRITE, MAP_PRIVATE|MAP_ANONYMOUS, -1, 0) = 0xb7fa4000
20281 14:32:49.388502 read(5, "# /etc/ftpusers: list of users disallowed FTP access. See ftpusers(5).\n\nroot\ndaemon\nbin\nsys\nsync\ngames\nman\nlp\nmail\nnews\nuucp\nnobody\n", 4096) = 132
20281 14:32:49.388523 read(5, "", 4096) = 0
20281 14:32:49.388533 close(5)          = 0
20281 14:32:49.388542 munmap(0xb7fa4000, 4096) = 0
20281 14:32:49.388557 getuid32()        = 0
20281 14:32:49.388573 open("/etc/passwd", O_RDONLY|0x80000 /* O_??? */) = 5
20281 14:32:49.388588 _llseek(5, 0, [0], SEEK_CUR) = 0
20281 14:32:49.388599 fstat64(5, {st_mode=S_IFREG|0644, st_size=1624, ...}) = 0
20281 14:32:49.388615 mmap2(NULL, 1624, PROT_READ, MAP_SHARED, 5, 0) = 0xb7fa4000
20281 14:32:49.388626 _llseek(5, 1624, [1624], SEEK_SET) = 0
20281 14:32:49.388645 munmap(0xb7fa4000, 1624) = 0
20281 14:32:49.388656 close(5)          = 0
20281 14:32:49.388679 open("/etc/shadow", O_RDONLY|0x80000 /* O_??? */) = 5
20281 14:32:49.388696 _llseek(5, 0, [0], SEEK_CUR) = 0
20281 14:32:49.388707 fstat64(5, {st_mode=S_IFREG|0640, st_size=1233, ...}) = 0
20281 14:32:49.388723 mmap2(NULL, 1233, PROT_READ, MAP_SHARED, 5, 0) = 0xb7fa4000
20281 14:32:49.388734 _llseek(5, 1233, [1233], SEEK_SET) = 0
20281 14:32:49.388755 munmap(0xb7fa4000, 1233) = 0
20281 14:32:49.388766 close(5)          = 0
20281 14:32:49.388785 open("/etc/passwd", O_RDONLY|0x80000 /* O_??? */) = 5
20281 14:32:49.388799 _llseek(5, 0, [0], SEEK_CUR) = 0
20281 14:32:49.388809 fstat64(5, {st_mode=S_IFREG|0644, st_size=1624, ...}) = 0
20281 14:32:49.388825 mmap2(NULL, 1624, PROT_READ, MAP_SHARED, 5, 0) = 0xb7fa4000
20281 14:32:49.388836 _llseek(5, 1624, [1624], SEEK_SET) = 0
20281 14:32:49.388852 munmap(0xb7fa4000, 1624) = 0
20281 14:32:49.388873 close(5)          = 0
20281 14:32:49.388907 open("/etc/shadow", O_RDONLY|0x80000 /* O_??? */) = 5
20281 14:32:49.388930 _llseek(5, 0, [0], SEEK_CUR) = 0
20281 14:32:49.388941 fstat64(5, {st_mode=S_IFREG|0640, st_size=1233, ...}) = 0
20281 14:32:49.388957 mmap2(NULL, 1233, PROT_READ, MAP_SHARED, 5, 0) = 0xb7fa4000
20281 14:32:49.388968 _llseek(5, 1233, [1233], SEEK_SET) = 0
20281 14:32:49.388985 munmap(0xb7fa4000, 1233) = 0
20281 14:32:49.388995 close(5)          = 0
20281 14:32:49.389226 getuid32()        = 0
20281 14:32:49.389237 open("/etc/passwd", O_RDONLY|0x80000 /* O_??? */) = 5
20281 14:32:49.389249 _llseek(5, 0, [0], SEEK_CUR) = 0
20281 14:32:49.389260 fstat64(5, {st_mode=S_IFREG|0644, st_size=1624, ...}) = 0
20281 14:32:49.389276 mmap2(NULL, 1624, PROT_READ, MAP_SHARED, 5, 0) = 0xb7fa4000
20281 14:32:49.389287 _llseek(5, 1624, [1624], SEEK_SET) = 0
20281 14:32:49.389302 munmap(0xb7fa4000, 1624) = 0
20281 14:32:49.389312 close(5)          = 0
20281 14:32:49.389324 open("/etc/shadow", O_RDONLY|0x80000 /* O_??? */) = 5
20281 14:32:49.389337 _llseek(5, 0, [0], SEEK_CUR) = 0
20281 14:32:49.389347 fstat64(5, {st_mode=S_IFREG|0640, st_size=1233, ...}) = 0
20281 14:32:49.389363 mmap2(NULL, 1233, PROT_READ, MAP_SHARED, 5, 0) = 0xb7fa4000
20281 14:32:49.389373 _llseek(5, 1233, [1233], SEEK_SET) = 0
20281 14:32:49.389385 munmap(0xb7fa4000, 1233) = 0
20281 14:32:49.389385 close(5)          = 0
20281 14:32:49.389386 time(NULL)        = 1495650769
20281 14:32:49.389386 munmap(0xb7fa1000, 12164) = 0
20281 14:32:49.389386 munmap(0xb7f9f000, 7136) = 0
20281 14:32:49.389386 munmap(0xb7dd4000, 95428) = 0
20281 14:32:49.389386 munmap(0xb7d9a000, 201052) = 0
20281 14:32:49.389387 munmap(0xb7d81000, 101180) = 0
20281 14:32:49.389387 gettimeofday({1495650769, 389387}, NULL) = 0
20281 14:32:49.389387 stat64("/usr/share/zoneinfo/UTC+04:00", 0xbf916a84) = -1 ENOENT (No such file or directory)
20281 14:32:49.389387 open("/usr/share/zoneinfo/UTC+04:00", O_RDONLY) = -1 ENOENT (No such file or directory)
20281 14:32:49.389388 fcntl64(3, F_SETLKW64, {type=F_WRLCK, whence=SEEK_SET, start=0, len=0}, 0xbf916bd4) = 0
20281 14:32:49.389388 write(3, "Wed May 24 14:32:49 2017 [pid 20281] [msfadmin] OK LOGIN: Client \"127.0.0.1\"\n", 77) = 77
20281 14:32:49.389388 fcntl64(3, F_SETLK64, {type=F_UNLCK, whence=SEEK_SET, start=0, len=0}, 0xbf916bdc) = 0
20281 14:32:49.389388 rt_sigaction(SIGCHLD, {0x805cad0, ~[RTMIN RT_1], 0}, NULL, 8) = 0
20281 14:32:49.389388 write(4, "\1", 1 <unfinished ...>
20282 14:32:49.389389 <... read resumed> "\1", 1) = 1
20281 14:32:49.389389 <... write resumed> ) = 1
20282 14:32:49.389389 exit_group(0)     = ?
20281 14:32:49.389389 --- SIGCHLD (Child exited) @ 0 (0) ---
20281 14:32:49.389389 sigreturn()       = ? (mask now [])
20281 14:32:49.389410 wait4(-1, [{WIFEXITED(s) && WEXITSTATUS(s) == 0}], 0, NULL) = 20282
20281 14:32:49.389423 close(4)          = 0
20281 14:32:49.389436 socketpair(PF_FILE, SOCK_STREAM, 0, [4, 5]) = 0
20281 14:32:49.389450 rt_sigaction(SIGCHLD, {0x805cad0, ~[RTMIN RT_1], 0}, NULL, 8) = 0
20281 14:32:49.389464 rt_sigaction(SIGALRM, {0x805cb10, ~[RTMIN RT_1], 0}, NULL, 8) = 0
20281 14:32:49.389478 clone(child_stack=0, flags=CLONE_CHILD_CLEARTID|CLONE_CHILD_SETTID|SIGCHLD, child_tidptr=0xb7e0a6f8) = 20283
20283 14:32:49.389528 prctl(0x1, 0x9, 0, 0, 0) = 0
20283 14:32:49.389541 close(4)          = 0
20283 14:32:49.389568 open("/etc/passwd", O_RDONLY|0x80000 /* O_??? */) = 4
20283 14:32:49.389585 _llseek(4, 0, [0], SEEK_CUR) = 0
20283 14:32:49.389600 fstat64(4, {st_mode=S_IFREG|0644, st_size=1624, ...}) = 0
20283 14:32:49.389619 mmap2(NULL, 1624, PROT_READ, MAP_SHARED, 4, 0) = 0xb7fa4000
20283 14:32:49.389631 _llseek(4, 1624, [1624], SEEK_SET) = 0
20283 14:32:49.389654 munmap(0xb7fa4000, 1624) = 0
20283 14:32:49.389665 close(4)          = 0
20283 14:32:49.389678 getuid32()        = 0
20283 14:32:49.389688 open("/etc/passwd", O_RDONLY|0x80000 /* O_??? */) = 4
20283 14:32:49.389701 _llseek(4, 0, [0], SEEK_CUR) = 0
20283 14:32:49.389711 fstat64(4, {st_mode=S_IFREG|0644, st_size=1624, ...}) = 0
20283 14:32:49.389728 mmap2(NULL, 1624, PROT_READ, MAP_SHARED, 4, 0) = 0xb7fa4000
20283 14:32:49.389738 _llseek(4, 1624, [1624], SEEK_SET) = 0
20283 14:32:49.389754 munmap(0xb7fa4000, 1624) = 0
20283 14:32:49.389764 close(4)          = 0
20283 14:32:49.389789 open("/proc/sys/kernel/ngroups_max", O_RDONLY) = 4
20283 14:32:49.389809 read(4, "65536\n", 31) = 6
20283 14:32:49.389822 close(4)          = 0
20283 14:32:49.389835 socket(PF_FILE, SOCK_STREAM, 0) = 4
20283 14:32:49.389847 fcntl64(4, F_SETFL, O_RDWR|O_NONBLOCK) = 0
20283 14:32:49.389858 connect(4, {sa_family=AF_FILE, path="/var/run/nscd/socket"}, 110) = -1 ENOENT (No such file or directory)
20283 14:32:49.389879 close(4)          = 0
20283 14:32:49.389890 socket(PF_FILE, SOCK_STREAM, 0) = 4
20283 14:32:49.389900 fcntl64(4, F_SETFL, O_RDWR|O_NONBLOCK) = 0
20283 14:32:49.389911 connect(4, {sa_family=AF_FILE, path="/var/run/nscd/socket"}, 110) = -1 ENOENT (No such file or directory)
20283 14:32:49.389929 close(4)          = 0
20283 14:32:49.389952 open("/etc/group", O_RDONLY|0x80000 /* O_??? */) = 4
20283 14:32:49.389967 _llseek(4, 0, [0], SEEK_CUR) = 0
20283 14:32:49.389978 fstat64(4, {st_mode=S_IFREG|0644, st_size=886, ...}) = 0
20283 14:32:49.389994 mmap2(NULL, 886, PROT_READ, MAP_SHARED, 4, 0) = 0xb7fa4000
20283 14:32:49.390005 _llseek(4, 886, [886], SEEK_SET) = 0
20283 14:32:49.390030 fstat64(4, {st_mode=S_IFREG|0644, st_size=886, ...}) = 0
20283 14:32:49.390047 munmap(0xb7fa4000, 886) = 0
20283 14:32:49.390057 close(4)          = 0
20283 14:32:49.390067 setgroups32(13, [1000, 4, 20, 24, 25, 29, 30, 44, 46, 107, 111, 112, 119]) = 0
20283 14:32:49.390083 geteuid32()       = 0
20283 14:32:49.390094 getegid32()       = 0
20283 14:32:49.390104 setregid32(-1, 1000) = 0
20283 14:32:49.390115 setreuid32(-1, 1000) = 0
20283 14:32:49.390125 chdir("/home/msfadmin") = 0
20283 14:32:49.390137 setreuid32(-1, 0) = 0
20283 14:32:49.390146 setregid32(-1, 0) = 0
20283 14:32:49.390160 setgid32(1000)    = 0
20283 14:32:49.390170 setuid32(1000)    = 0
20283 14:32:49.390181 setrlimit(RLIMIT_NPROC, {rlim_cur=0, rlim_max=0}) = 0
20283 14:32:49.390194 mmap2(NULL, 12288, PROT_READ|PROT_WRITE, MAP_PRIVATE|MAP_ANONYMOUS, -1, 0) = 0xb7fa2000
20283 14:32:49.390205 mprotect(0xb7fa4000, 4096, PROT_NONE) = 0
20283 14:32:49.390216 mprotect(0xb7fa2000, 4096, PROT_NONE) = 0
20283 14:32:49.390227 getcwd("/home/msfadmin", 4096) = 15
20283 14:32:49.390241 umask(022)        = 077
20283 14:32:49.390251 getcwd("/home/msfadmin", 4096) = 15
20283 14:32:49.390264 open(".message", O_RDONLY|O_NONBLOCK|O_LARGEFILE) = -1 ENOENT (No such file or directory)
20283 14:32:49.390286 write(0, "230 Login successful.\r\n", 23) = 23
20283 14:32:49.390393 rt_sigaction(SIGALRM, {0x805cad0, ~[RTMIN RT_1], 0}, NULL, 8) = 0
20283 14:32:49.390411 alarm(300)        = 0
20283 14:32:49.390422 mmap2(NULL, 12288, PROT_READ|PROT_WRITE, MAP_PRIVATE|MAP_ANONYMOUS, -1, 0) = 0xb7f9f000
20283 14:32:49.390433 mprotect(0xb7fa1000, 4096, PROT_NONE) = 0
20283 14:32:49.390444 mprotect(0xb7f9f000, 4096, PROT_NONE) = 0
20283 14:32:49.390457 recv(0, "TYPE I\r\n", 4096, MSG_PEEK) = 8
20283 14:32:49.390470 read(0, "TYPE I\r\n", 8) = 8
20283 14:32:49.390487 write(0, "200 Switching to Binary mode.\r\n", 31) = 31
20283 14:32:49.390527 rt_sigaction(SIGALRM, {0x805cad0, ~[RTMIN RT_1], 0}, NULL, 8) = 0
20283 14:32:49.390542 alarm(300)        = 300
20283 14:32:49.390553 recv(0, "PASV\r\n", 4096, MSG_PEEK) = 6
20283 14:32:49.390564 read(0, "PASV\r\n", 6) = 6
20283 14:32:49.390576 write(5, "\n", 1) = 1
20283 14:32:49.390587 read(5,  <unfinished ...>
20281 14:32:49.390599 close(5)          = 0
20281 14:32:49.390612 getuid32()        = 0
20281 14:32:49.390627 open("/etc/passwd", O_RDONLY|0x80000 /* O_??? */) = 5
20281 14:32:49.390641 _llseek(5, 0, [0], SEEK_CUR) = 0
20281 14:32:49.390654 fstat64(5, {st_mode=S_IFREG|0644, st_size=1624, ...}) = 0
20281 14:32:49.390671 mmap2(NULL, 1624, PROT_READ, MAP_SHARED, 5, 0) = 0xb7fa4000
20281 14:32:49.390683 _llseek(5, 1624, [1624], SEEK_SET) = 0
20281 14:32:49.390700 munmap(0xb7fa4000, 1624) = 0
20281 14:32:49.390712 close(5)          = 0
20281 14:32:49.390727 setgroups32(0, []) = 0
20281 14:32:49.390739 chdir("/usr/share/empty") = 0
20281 14:32:49.390751 chroot(".")       = 0
20281 14:32:49.390762 capset(NULL, NULL) = -1 EFAULT (Bad address)
20281 14:32:49.390776 prctl(0x8, 0, 0xbf916bb8, 0x80549a6, 0xbf916ba0) = 0
20281 14:32:49.390787 prctl(0x8, 0x1, 0xbf916bb8, 0x8054a49, 0xbf916ba0) = 0
20281 14:32:49.390797 setgid32(65534)   = 0
20281 14:32:49.390807 setuid32(65534)   = 0
20281 14:32:49.390817 capset(0x19980330, 0, {CAP_NET_BIND_SERVICE, CAP_NET_BIND_SERVICE, 0}) = 0
20281 14:32:49.390830 read(4, "\n", 1)  = 1
20281 14:32:49.390843 write(4, "\1", 1) = 1
20283 14:32:49.390854 <... read resumed> "\1", 1) = 1
20283 14:32:49.390861 write(5, "\f", 1) = 1
20283 14:32:49.390871 read(5,  <unfinished ...>
20281 14:32:49.390878 read(4, "\f", 1)  = 1
20281 14:32:49.390891 socket(PF_INET, SOCK_STREAM, IPPROTO_TCP) = 5
20281 14:32:49.390904 setsockopt(5, SOL_SOCKET, SO_REUSEADDR, [1], 4) = 0
20281 14:32:49.390915 gettimeofday({1495650769, 390919}, NULL) = 0
20281 14:32:49.390931 bind(5, {sa_family=AF_INET, sin_port=htons(45482), sin_addr=inet_addr("127.0.0.1")}, 16) = 0
20281 14:32:49.390947 listen(5, 1)      = 0
20281 14:32:49.390961 write(4, "\252\261\0\0", 4) = 4
20283 14:32:49.390972 <... read resumed> "\252\261\0\0", 4) = 4
20283 14:32:49.390985 write(0, "227 Entering Passive Mode (127,0,0,1,177,170).\r\n", 48) = 48
20283 14:32:49.391084 rt_sigaction(SIGALRM, {0x805cad0, ~[RTMIN RT_1], 0}, NULL, 8) = 0
20283 14:32:49.391102 alarm(300)        = 300
20283 14:32:49.391113 recv(0, "RETR myfile22\r\n", 4096, MSG_PEEK) = 15
20283 14:32:49.391125 read(0, "RETR myfile22\r\n", 15) = 15
20283 14:32:49.391140 write(5, "\v", 1) = 1
20283 14:32:49.391151 read(5,  <unfinished ...>
20281 14:32:49.391158 read(4, "\v", 1)  = 1
20281 14:32:49.391169 write(4, "\1\0\0\0", 4) = 4
20283 14:32:49.391180 <... read resumed> "\1\0\0\0", 4) = 4
20283 14:32:49.391193 gettimeofday({1495650769, 391197}, NULL) = 0
20283 14:32:49.391204 getcwd("/home/msfadmin", 4096) = 15
20283 14:32:49.391216 open("myfile22", O_RDONLY|O_NONBLOCK|O_LARGEFILE) = 4
20283 14:32:49.391229 fcntl64(4, F_SETLKW64, {type=F_RDLCK, whence=SEEK_SET, start=0, len=0}, 0xbf916b24) = 0
20283 14:32:49.391243 fstat64(4, {st_mode=S_IFREG|0644, st_size=17, ...}) = 0
20283 14:32:49.391259 fcntl64(4, F_GETFL) = 0x8800 (flags O_RDONLY|O_NONBLOCK|O_LARGEFILE)
20283 14:32:49.391270 fcntl64(4, F_SETFL, O_RDONLY|O_LARGEFILE) = 0
20283 14:32:49.391418 write(5, "\v", 1) = 1
20283 14:32:49.391433 read(5,  <unfinished ...>
20281 14:32:49.391451 read(4, "\v", 1)  = 1
20281 14:32:49.391462 write(4, "\1\0\0\0", 4) = 4
20283 14:32:49.391473 <... read resumed> "\1\0\0\0", 4) = 4
20283 14:32:49.391480 write(5, "\v", 1) = 1
20283 14:32:49.391490 read(5,  <unfinished ...>
20281 14:32:49.391497 read(4, "\v", 1)  = 1
20281 14:32:49.391508 write(4, "\1\0\0\0", 4) = 4
20283 14:32:49.391518 <... read resumed> "\1\0\0\0", 4) = 4
20283 14:32:49.391525 write(5, "\r", 1) = 1
20283 14:32:49.391535 read(5,  <unfinished ...>
20281 14:32:49.391542 read(4, "\r", 1)  = 1
20281 14:32:49.391554 select(6, [5], NULL, NULL, {60, 0}) = 1 (in [5], left {60, 0})
20281 14:32:49.391571 accept(5, {sa_family=AF_INET, sin_port=htons(51876), sin_addr=inet_addr("127.0.0.1")}, [16]) = 6
20281 14:32:49.391593 write(4, "\1", 1) = 1
20283 14:32:49.391604 <... read resumed> "\1", 1) = 1
20283 14:32:49.391613 recvmsg(5,  <unfinished ...>
20281 14:32:49.391623 sendmsg(4, {msg_name(0)=NULL, msg_iov(1)=[{"\0", 1}], msg_controllen=16, {cmsg_len=16, cmsg_level=SOL_SOCKET, cmsg_type=SCM_RIGHTS, {6}}, msg_flags=0}, 0) = 1
20283 14:32:49.391640 <... recvmsg resumed> {msg_name(0)=NULL, msg_iov(1)=[{"\0", 1}], msg_controllen=16, {cmsg_len=16, cmsg_level=SOL_SOCKET, cmsg_type=SCM_RIGHTS, {6}}, msg_flags=0}, 0) = 1
20283 14:32:49.391653 setsockopt(6, SOL_SOCKET, SO_KEEPALIVE, [1], 4) = 0
20283 14:32:49.391665 setsockopt(6, SOL_IP, IP_TOS, [8], 4) = 0
20283 14:32:49.391677 setsockopt(6, SOL_SOCKET, SO_LINGER, {onoff=1, linger=32767}, 8) = 0
20283 14:32:49.391688 rt_sigaction(SIGALRM, {0x805cad0, ~[RTMIN RT_1], 0}, NULL, 8) = 0
20283 14:32:49.391702 alarm(300)        = 300
20283 14:32:49.391716 write(0, "150 Opening BINARY mode data connection for myfile22 (17 bytes).\r\n", 66) = 66
20283 14:32:49.391759 _llseek(4, 0, [0], SEEK_CUR) = 0
20283 14:32:49.391772 fstat64(4, {st_mode=S_IFREG|0644, st_size=17, ...}) = 0
20283 14:32:49.391789 _llseek(4, 0, [0], SEEK_SET) = 0
20283 14:32:49.391801 sendfile(6, 4, NULL, 17) = 17
20283 14:32:49.391829 rt_sigaction(SIGALRM, {0x805cad0, ~[RTMIN RT_1], 0}, NULL, 8) = 0
20283 14:32:49.391844 alarm(300)        = 300
20283 14:32:49.391853 close(6)          = 0
20283 14:32:49.391863 alarm(0)          = 300
20283 14:32:49.391872 gettimeofday({1495650769, 391876}, NULL) = 0
20283 14:32:49.391890 getpid()          = 20283
20283 14:32:49.391902 gettimeofday({1495650769, 391906}, NULL) = 0
20283 14:32:49.391919 fcntl64(3, F_SETLKW64, {type=F_WRLCK, whence=SEEK_SET, start=0, len=0}, 0xbf916ac4) = 0
20283 14:32:49.391934 write(3, "Wed May 24 14:32:49 2017 [pid 20283] [msfadmin] OK DOWNLOAD: Client \"127.0.0.1\", \"/home/msfadmin/myfile22\", 17 bytes, 23.42Kbyte/sec\n", 133) = 133
20283 14:32:49.391954 fcntl64(3, F_SETLK64, {type=F_UNLCK, whence=SEEK_SET, start=0, len=0}, 0xbf916acc) = 0
20283 14:32:49.391968 write(0, "226 Transfer complete.\r\n", 24) = 24
20283 14:32:49.391983 write(5, "\n", 1) = 1
20283 14:32:49.391994 read(5,  <unfinished ...>
20281 14:32:49.392001 close(6)          = 0
20281 14:32:49.392078 read(4, "\n", 1)  = 1
20281 14:32:49.392092 close(5)          = 0
20281 14:32:49.392103 write(4, "\1", 1) = 1
20283 14:32:49.392114 <... read resumed> "\1", 1) = 1
20283 14:32:49.392122 close(4)          = 0
20283 14:32:49.392132 rt_sigaction(SIGALRM, {0x805cad0, ~[RTMIN RT_1], 0}, NULL, 8) = 0
20283 14:32:49.392146 alarm(300)        = 0
20283 14:32:49.392157 recv(0,  <unfinished ...>
20281 14:32:49.392164 read(4,  <unfinished ...>
20280 14:32:49.398880 <... recv resumed> "TYPE I\r\n", 4096, MSG_PEEK) = 8
20280 14:32:49.398917 read(0, "TYPE I\r\n", 8) = 8
20280 14:32:49.398939 write(0, "200 Switching to Binary mode.\r\n", 31) = 31
20280 14:32:49.398988 rt_sigaction(SIGALRM, {0x805cad0, ~[RTMIN RT_1], 0}, NULL, 8) = 0
20280 14:32:49.399006 alarm(300)        = 299
20280 14:32:49.399018 recv(0, "PASV\r\n", 4096, MSG_PEEK) = 6
20280 14:32:49.399029 read(0, "PASV\r\n", 6) = 6
20280 14:32:49.399041 write(5, "\n", 1 <unfinished ...>
20278 14:32:49.399052 <... read resumed> "\n", 1) = 1
20280 14:32:49.399058 <... write resumed> ) = 1
20278 14:32:49.399066 write(4, "\1", 1 <unfinished ...>
20280 14:32:49.399071 read(5,  <unfinished ...>
20278 14:32:49.399078 <... write resumed> ) = 1
20280 14:32:49.399082 <... read resumed> "\1", 1) = 1
20278 14:32:49.399089 read(4,  <unfinished ...>
20280 14:32:49.399094 write(5, "\f", 1 <unfinished ...>
20278 14:32:49.399101 <... read resumed> "\f", 1) = 1
20280 14:32:49.399105 <... write resumed> ) = 1
20278 14:32:49.399113 socket(PF_INET, SOCK_STREAM, IPPROTO_TCP <unfinished ...>
20280 14:32:49.399119 read(5,  <unfinished ...>
20278 14:32:49.399128 <... socket resumed> ) = 5
20278 14:32:49.399136 setsockopt(5, SOL_SOCKET, SO_REUSEADDR, [1], 4) = 0
20278 14:32:49.399150 bind(5, {sa_family=AF_INET, sin_port=htons(8321), sin_addr=inet_addr("127.0.0.1")}, 16) = 0
20278 14:32:49.399166 listen(5, 1)      = 0
20278 14:32:49.399180 write(4, "\201 \0\0", 4 <unfinished ...>
20280 14:32:49.399188 <... read resumed> "\201 \0\0", 4) = 4
20278 14:32:49.399194 <... write resumed> ) = 4
20280 14:32:49.399205 write(0, "227 Entering Passive Mode (127,0,0,1,32,129).\r\n", 47 <unfinished ...>
20278 14:32:49.399213 read(4,  <unfinished ...>
20280 14:32:49.399224 <... write resumed> ) = 47
20280 14:32:49.399224 rt_sigaction(SIGALRM, {0x805cad0, ~[RTMIN RT_1], 0}, NULL, 8) = 0
20280 14:32:49.399224 alarm(300)        = 300
20280 14:32:49.399225 recv(0, "STOR myfile26\r\n", 4096, MSG_PEEK) = 15
20280 14:32:49.399225 read(0, "STOR myfile26\r\n", 15) = 15
20280 14:32:49.399225 write(5, "\v", 1 <unfinished ...>
20278 14:32:49.399225 <... read resumed> "\v", 1) = 1
20280 14:32:49.399225 <... write resumed> ) = 1
20278 14:32:49.399225 write(4, "\1\0\0\0", 4 <unfinished ...>
20280 14:32:49.399226 read(5,  <unfinished ...>
20278 14:32:49.399226 <... write resumed> ) = 4
20280 14:32:49.399231 <... read resumed> "\1\0\0\0", 4) = 4
20278 14:32:49.399240 read(4,  <unfinished ...>
20280 14:32:49.399244 gettimeofday({1495650769, 399248}, NULL) = 0
20280 14:32:49.399255 getcwd("/home/msfadmin", 4096) = 15
20280 14:32:49.399268 open("myfile26", O_WRONLY|O_CREAT|O_NONBLOCK|O_LARGEFILE, 0666) = 4
20280 14:32:49.399282 fstat64(4, {st_mode=S_IFREG|0644, st_size=17, ...}) = 0
20280 14:32:49.399299 fcntl64(4, F_GETFL) = 0x8801 (flags O_WRONLY|O_NONBLOCK|O_LARGEFILE)
20280 14:32:49.399310 fcntl64(4, F_SETFL, O_WRONLY|O_LARGEFILE) = 0
20280 14:32:49.399320 fcntl64(4, F_SETLKW64, {type=F_WRLCK, whence=SEEK_SET, start=0, len=0}, 0xbfef48e4) = 0
20280 14:32:49.399334 ftruncate64(4, 0) = 0
20280 14:32:49.399353 _llseek(4, 0, [0], SEEK_SET) = 0
20280 14:32:49.399363 write(5, "\v", 1 <unfinished ...>
20278 14:32:49.399371 <... read resumed> "\v", 1) = 1
20280 14:32:49.399375 <... write resumed> ) = 1
20278 14:32:49.399381 write(4, "\1\0\0\0", 4) = 4
20278 14:32:49.399392 read(4,  <unfinished ...>
20280 14:32:49.399398 read(5, "\1\0\0\0", 4) = 4
20280 14:32:49.399409 write(5, "\v", 1 <unfinished ...>
20278 14:32:49.399416 <... read resumed> "\v", 1) = 1
20280 14:32:49.399421 <... write resumed> ) = 1
20278 14:32:49.399426 write(4, "\1\0\0\0", 4) = 4
20278 14:32:49.399437 read(4,  <unfinished ...>
20280 14:32:49.399443 read(5, "\1\0\0\0", 4) = 4
20280 14:32:49.399454 write(5, "\r", 1 <unfinished ...>
20278 14:32:49.399461 <... read resumed> "\r", 1) = 1
20280 14:32:49.399465 <... write resumed> ) = 1
20278 14:32:49.399472 select(6, [5], NULL, NULL, {60, 0}) = 1 (in [5], left {60, 0})
20278 14:32:49.399488 accept(5, {sa_family=AF_INET, sin_port=htons(42960), sin_addr=inet_addr("127.0.0.1")}, [16]) = 6
20278 14:32:49.399513 write(4, "\1", 1) = 1
20278 14:32:49.399525 sendmsg(4, {msg_name(0)=NULL, msg_iov(1)=[{"\0", 1}], msg_controllen=16, {cmsg_len=16, cmsg_level=SOL_SOCKET, cmsg_type=SCM_RIGHTS, {6}}, msg_flags=0}, 0) = 1
20278 14:32:49.399542 close(6)          = 0
20278 14:32:49.399551 read(4,  <unfinished ...>
20280 14:32:49.399558 read(5, "\1", 1)  = 1
20280 14:32:49.399570 recvmsg(5, {msg_name(0)=NULL, msg_iov(1)=[{"\0", 1}], msg_controllen=16, {cmsg_len=16, cmsg_level=SOL_SOCKET, cmsg_type=SCM_RIGHTS, {6}}, msg_flags=0}, 0) = 1
20280 14:32:49.399587 setsockopt(6, SOL_SOCKET, SO_KEEPALIVE, [1], 4) = 0
20280 14:32:49.399600 setsockopt(6, SOL_IP, IP_TOS, [8], 4) = 0
20280 14:32:49.399611 setsockopt(6, SOL_SOCKET, SO_LINGER, {onoff=1, linger=32767}, 8) = 0
20280 14:32:49.399622 rt_sigaction(SIGALRM, {0x805cad0, ~[RTMIN RT_1], 0}, NULL, 8) = 0
20280 14:32:49.399635 alarm(300)        = 300
20280 14:32:49.399647 write(0, "150 Ok to send data.\r\n", 22) = 22
20280 14:32:49.399711 read(6, "assasaaa\na\na\na\na\n", 65536) = 17
20280 14:32:49.399725 write(4, "assasaaa\na\na\na\na\n", 17) = 17
20280 14:32:49.399741 read(6, "", 65536) = 0
20280 14:32:49.399751 rt_sigaction(SIGALRM, {0x805cad0, ~[RTMIN RT_1], 0}, NULL, 8) = 0
20280 14:32:49.399764 alarm(300)        = 300
20280 14:32:49.399774 close(6)          = 0
20280 14:32:49.399790 alarm(0)          = 300
20280 14:32:49.399800 gettimeofday({1495650769, 399804}, NULL) = 0
20280 14:32:49.399815 gettimeofday({1495650769, 399819}, NULL) = 0
20280 14:32:49.399829 fcntl64(3, F_SETLKW64, {type=F_WRLCK, whence=SEEK_SET, start=0, len=0}, 0xbfef4884) = 0
20280 14:32:49.399844 write(3, "Wed May 24 14:32:49 2017 [pid 20280] [msfadmin] OK UPLOAD: Client \"127.0.0.1\", \"/home/msfadmin/myfile26\", 17 bytes, 29.07Kbyte/sec\n", 131) = 131
20280 14:32:49.399864 fcntl64(3, F_SETLK64, {type=F_UNLCK, whence=SEEK_SET, start=0, len=0}, 0xbfef488c) = 0
20280 14:32:49.399878 write(0, "226 Transfer complete.\r\n", 24) = 24
20280 14:32:49.399920 write(5, "\n", 1 <unfinished ...>
20278 14:32:49.399930 <... read resumed> "\n", 1) = 1
20280 14:32:49.399935 <... write resumed> ) = 1
20278 14:32:49.399941 close(5)          = 0
20278 14:32:49.399984 write(4, "\1", 1) = 1
20278 14:32:49.399997 read(4,  <unfinished ...>
20280 14:32:49.400014 read(5, "\1", 1)  = 1
20280 14:32:49.400034 close(4)          = 0
20280 14:32:49.400045 rt_sigaction(SIGALRM, {0x805cad0, ~[RTMIN RT_1], 0}, NULL, 8) = 0
20280 14:32:49.400058 alarm(300)        = 0
20280 14:32:49.400068 recv(0, "TYPE I\r\n", 4096, MSG_PEEK) = 8
20280 14:32:49.918940 read(0, "TYPE I\r\n", 8) = 8
20280 14:32:49.918970 write(0, "200 Switching to Binary mode.\r\n", 31) = 31
20280 14:32:49.919019 rt_sigaction(SIGALRM, {0x805cad0, ~[RTMIN RT_1], 0}, NULL, 8) = 0
20280 14:32:49.919037 alarm(300)        = 299
20280 14:32:49.919050 recv(0, "PASV\r\n", 4096, MSG_PEEK) = 6
20280 14:32:49.919061 read(0, "PASV\r\n", 6) = 6
20280 14:32:49.919073 write(5, "\n", 1 <unfinished ...>
20278 14:32:49.919085 <... read resumed> "\n", 1) = 1
20280 14:32:49.919090 <... write resumed> ) = 1
20278 14:32:49.919097 write(4, "\1", 1) = 1
20278 14:32:49.919108 read(4,  <unfinished ...>
20280 14:32:49.919115 read(5, "\1", 1)  = 1
20280 14:32:49.919127 write(5, "\f", 1 <unfinished ...>
20278 14:32:49.919134 <... read resumed> "\f", 1) = 1
20280 14:32:49.919139 <... write resumed> ) = 1
20278 14:32:49.919146 socket(PF_INET, SOCK_STREAM, IPPROTO_TCP) = 5
20278 14:32:49.919154 setsockopt(5, SOL_SOCKET, SO_REUSEADDR, [1], 4) = 0
20278 14:32:49.919155 bind(5, {sa_family=AF_INET, sin_port=htons(37860), sin_addr=inet_addr("127.0.0.1")}, 16) = 0
20278 14:32:49.919155 listen(5, 1)      = 0
20278 14:32:49.919155 write(4, "\344\223\0\0", 4) = 4
20278 14:32:49.919155 read(4,  <unfinished ...>
20280 14:32:49.919155 read(5, "\344\223\0\0", 4) = 4
20280 14:32:49.919156 write(0, "227 Entering Passive Mode (127,0,0,1,147,228).\r\n", 48) = 48
20280 14:32:49.919202 rt_sigaction(SIGALRM, {0x805cad0, ~[RTMIN RT_1], 0}, NULL, 8) = 0
20280 14:32:49.919219 alarm(300)        = 300
20280 14:32:49.919239 recv(0, "STOR myfile27\r\n", 4096, MSG_PEEK) = 15
20280 14:32:49.919251 read(0, "STOR myfile27\r\n", 15) = 15
20280 14:32:49.919265 write(5, "\v", 1 <unfinished ...>
20278 14:32:49.919273 <... read resumed> "\v", 1) = 1
20280 14:32:49.919278 <... write resumed> ) = 1
20278 14:32:49.919284 write(4, "\1\0\0\0", 4) = 4
20278 14:32:49.919295 read(4,  <unfinished ...>
20280 14:32:49.919302 read(5, "\1\0\0\0", 4) = 4
20280 14:32:49.919314 gettimeofday({1495650769, 919317}, NULL) = 0
20280 14:32:49.919325 getcwd("/home/msfadmin", 4096) = 15
20280 14:32:49.919337 open("myfile27", O_WRONLY|O_CREAT|O_NONBLOCK|O_LARGEFILE, 0666) = 4
20280 14:32:49.919352 fstat64(4, {st_mode=S_IFREG|0644, st_size=17, ...}) = 0
20280 14:32:49.919370 fcntl64(4, F_GETFL) = 0x8801 (flags O_WRONLY|O_NONBLOCK|O_LARGEFILE)
20280 14:32:49.919381 fcntl64(4, F_SETFL, O_WRONLY|O_LARGEFILE) = 0
20280 14:32:49.919391 fcntl64(4, F_SETLKW64, {type=F_WRLCK, whence=SEEK_SET, start=0, len=0}, 0xbfef48e4) = 0
20280 14:32:49.919405 ftruncate64(4, 0) = 0
20280 14:32:49.919423 _llseek(4, 0, [0], SEEK_SET) = 0
20280 14:32:49.919434 write(5, "\v", 1 <unfinished ...>
20278 14:32:49.919442 <... read resumed> "\v", 1) = 1
20280 14:32:49.919446 <... write resumed> ) = 1
20278 14:32:49.919452 write(4, "\1\0\0\0", 4) = 4
20278 14:32:49.919463 read(4,  <unfinished ...>
20280 14:32:49.919470 read(5, "\1\0\0\0", 4) = 4
20280 14:32:49.919481 write(5, "\v", 1 <unfinished ...>
20278 14:32:49.919488 <... read resumed> "\v", 1) = 1
20280 14:32:49.919493 <... write resumed> ) = 1
20278 14:32:49.919499 write(4, "\1\0\0\0", 4) = 4
20278 14:32:49.919509 read(4,  <unfinished ...>
20280 14:32:49.919516 read(5, "\1\0\0\0", 4) = 4
20280 14:32:49.919527 write(5, "\r", 1 <unfinished ...>
20278 14:32:49.919534 <... read resumed> "\r", 1) = 1
20280 14:32:49.919538 <... write resumed> ) = 1
20278 14:32:49.919545 select(6, [5], NULL, NULL, {60, 0}) = 1 (in [5], left {60, 0})
20278 14:32:49.919561 accept(5, {sa_family=AF_INET, sin_port=htons(55911), sin_addr=inet_addr("127.0.0.1")}, [16]) = 6
20278 14:32:49.919583 write(4, "\1", 1) = 1
20278 14:32:49.919595 sendmsg(4, {msg_name(0)=NULL, msg_iov(1)=[{"\0", 1}], msg_controllen=16, {cmsg_len=16, cmsg_level=SOL_SOCKET, cmsg_type=SCM_RIGHTS, {6}}, msg_flags=0}, 0) = 1
20278 14:32:49.919612 close(6)          = 0
20278 14:32:49.919622 read(4,  <unfinished ...>
20280 14:32:49.919628 read(5, "\1", 1)  = 1
20280 14:32:49.919641 recvmsg(5, {msg_name(0)=NULL, msg_iov(1)=[{"\0", 1}], msg_controllen=16, {cmsg_len=16, cmsg_level=SOL_SOCKET, cmsg_type=SCM_RIGHTS, {6}}, msg_flags=0}, 0) = 1
20280 14:32:49.919659 setsockopt(6, SOL_SOCKET, SO_KEEPALIVE, [1], 4) = 0
20280 14:32:49.919671 setsockopt(6, SOL_IP, IP_TOS, [8], 4) = 0
20280 14:32:49.919683 setsockopt(6, SOL_SOCKET, SO_LINGER, {onoff=1, linger=32767}, 8) = 0
20280 14:32:49.919694 rt_sigaction(SIGALRM, {0x805cad0, ~[RTMIN RT_1], 0}, NULL, 8) = 0
20280 14:32:49.919708 alarm(300)        = 300
20280 14:32:49.919720 write(0, "150 Ok to send data.\r\n", 22) = 22
20280 14:32:49.919785 read(6, "assasaaa\na\na\na\na\n", 65536) = 17
20280 14:32:49.919799 write(4, "assasaaa\na\na\na\na\n", 17) = 17
20280 14:32:49.919815 read(6, "", 65536) = 0
20280 14:32:49.919826 rt_sigaction(SIGALRM, {0x805cad0, ~[RTMIN RT_1], 0}, NULL, 8) = 0
20280 14:32:49.919840 alarm(300)        = 300
20280 14:32:49.919849 close(6)          = 0
20280 14:32:49.919916 alarm(0)          = 300
20280 14:32:49.919927 gettimeofday({1495650769, 919930}, NULL) = 0
20280 14:32:49.919943 gettimeofday({1495650769, 919947}, NULL) = 0
20280 14:32:49.919957 fcntl64(3, F_SETLKW64, {type=F_WRLCK, whence=SEEK_SET, start=0, len=0}, 0xbfef4884) = 0
20280 14:32:49.919972 write(3, "Wed May 24 14:32:49 2017 [pid 20280] [msfadmin] OK UPLOAD: Client \"127.0.0.1\", \"/home/msfadmin/myfile27\", 17 bytes, 26.35Kbyte/sec\n", 131) = 131
20280 14:32:49.919993 fcntl64(3, F_SETLK64, {type=F_UNLCK, whence=SEEK_SET, start=0, len=0}, 0xbfef488c) = 0
20280 14:32:49.920008 write(0, "226 Transfer complete.\r\n", 24) = 24
20280 14:32:49.920051 write(5, "\n", 1 <unfinished ...>
20278 14:32:49.920061 <... read resumed> "\n", 1) = 1
20280 14:32:49.920069 <... write resumed> ) = 1
20278 14:32:49.920076 close(5)          = 0
20278 14:32:49.920088 write(4, "\1", 1) = 1
20278 14:32:49.920099 read(4,  <unfinished ...>
20280 14:32:49.920106 read(5, "\1", 1)  = 1
20280 14:32:49.920117 close(4)          = 0
20280 14:32:49.920127 rt_sigaction(SIGALRM, {0x805cad0, ~[RTMIN RT_1], 0}, NULL, 8) = 0
20280 14:32:49.920141 alarm(300)        = 0
20280 14:32:49.920152 recv(0,  <unfinished ...>
20283 14:32:49.928910 <... recv resumed> "USER msfadmin\r\n", 4096, MSG_PEEK) = 15
20283 14:32:49.928950 read(0, "USER msfadmin\r\n", 15) = 15
20283 14:32:49.928976 write(0, "331 Any password will do.\r\n", 27) = 27
20283 14:32:49.929021 rt_sigaction(SIGALRM, {0x805cad0, ~[RTMIN RT_1], 0}, NULL, 8) = 0
20283 14:32:49.929039 alarm(300)        = 299
20283 14:32:49.929052 recv(0, "PASS msfadmin\r\n", 4096, MSG_PEEK) = 15
20283 14:32:49.929064 read(0, "PASS msfadmin\r\n", 15) = 15
20283 14:32:49.929080 write(0, "230 Already logged in.\r\n", 24) = 24
20283 14:32:49.929142 rt_sigaction(SIGALRM, {0x805cad0, ~[RTMIN RT_1], 0}, NULL, 8) = 0
20283 14:32:49.929158 alarm(300)        = 300
20283 14:32:49.929169 recv(0, "TYPE I\r\n", 4096, MSG_PEEK) = 8
20283 14:32:49.929181 read(0, "TYPE I\r\n", 8) = 8
20283 14:32:49.929195 write(0, "200 Switching to Binary mode.\r\n", 31) = 31
20283 14:32:49.929231 rt_sigaction(SIGALRM, {0x805cad0, ~[RTMIN RT_1], 0}, NULL, 8) = 0
20283 14:32:49.929245 alarm(300)        = 300
20283 14:32:49.929256 recv(0, "PASV\r\n", 4096, MSG_PEEK) = 6
20283 14:32:49.929267 read(0, "PASV\r\n", 6) = 6
20283 14:32:49.929279 write(5, "\n", 1) = 1
20283 14:32:49.929291 read(5,  <unfinished ...>
20281 14:32:49.929300 <... read resumed> "\n", 1) = 1
20281 14:32:49.929880 write(4, "\1", 1 <unfinished ...>
20283 14:32:49.929893 <... read resumed> "\1", 1) = 1
20281 14:32:49.929898 <... write resumed> ) = 1
20283 14:32:49.929905 write(5, "\f", 1) = 1
20283 14:32:49.929915 read(5,  <unfinished ...>
20281 14:32:49.929922 read(4, "\f", 1)  = 1
20281 14:32:49.929934 socket(PF_INET, SOCK_STREAM, IPPROTO_TCP) = 5
20281 14:32:49.929950 setsockopt(5, SOL_SOCKET, SO_REUSEADDR, [1], 4) = 0
20281 14:32:49.929964 bind(5, {sa_family=AF_INET, sin_port=htons(49015), sin_addr=inet_addr("127.0.0.1")}, 16) = 0
20281 14:32:49.929981 listen(5, 1)      = 0
20281 14:32:49.929995 write(4, "w\277\0\0", 4 <unfinished ...>
20283 14:32:49.930003 <... read resumed> "w\277\0\0", 4) = 4
20281 14:32:49.930009 <... write resumed> ) = 4
20283 14:32:49.930019 write(0, "227 Entering Passive Mode (127,0,0,1,191,119).\r\n", 48) = 48
20283 14:32:49.930139 rt_sigaction(SIGALRM, {0x805cad0, ~[RTMIN RT_1], 0}, NULL, 8) = 0
20283 14:32:49.930157 alarm(300)        = 300
20283 14:32:49.930168 recv(0, "RETR myfile23\r\n", 4096, MSG_PEEK) = 15
20283 14:32:49.930181 read(0, "RETR myfile23\r\n", 15) = 15
20283 14:32:49.930193 write(5, "\v", 1) = 1
20283 14:32:49.930204 read(5,  <unfinished ...>
20281 14:32:49.930211 read(4, "\v", 1)  = 1
20281 14:32:49.930222 write(4, "\1\0\0\0", 4) = 4
20283 14:32:49.930233 <... read resumed> "\1\0\0\0", 4) = 4
20283 14:32:49.930241 gettimeofday({1495650769, 930245}, NULL) = 0
20283 14:32:49.930252 getcwd("/home/msfadmin", 4096) = 15
20283 14:32:49.930286 open("myfile23", O_RDONLY|O_NONBLOCK|O_LARGEFILE) = 4
20283 14:32:49.930302 fcntl64(4, F_SETLKW64, {type=F_RDLCK, whence=SEEK_SET, start=0, len=0}, 0xbf916b24) = 0
20283 14:32:49.930326 fstat64(4, {st_mode=S_IFREG|0644, st_size=17, ...}) = 0
20283 14:32:49.930344 fcntl64(4, F_GETFL) = 0x8800 (flags O_RDONLY|O_NONBLOCK|O_LARGEFILE)
20283 14:32:49.930355 fcntl64(4, F_SETFL, O_RDONLY|O_LARGEFILE) = 0
20283 14:32:49.930366 write(5, "\v", 1) = 1
20283 14:32:49.930377 read(5,  <unfinished ...>
20281 14:32:49.930384 read(4, "\v", 1)  = 1
20281 14:32:49.930395 write(4, "\1\0\0\0", 4) = 4
20283 14:32:49.930406 <... read resumed> "\1\0\0\0", 4) = 4
20283 14:32:49.930413 write(5, "\v", 1) = 1
20283 14:32:49.930423 read(5,  <unfinished ...>
20281 14:32:49.930430 read(4, "\v", 1)  = 1
20281 14:32:49.930440 write(4, "\1\0\0\0", 4) = 4
20283 14:32:49.930459 <... read resumed> "\1\0\0\0", 4) = 4
20283 14:32:49.930467 write(5, "\r", 1) = 1
20283 14:32:49.930477 read(5,  <unfinished ...>
20281 14:32:49.930484 read(4, "\r", 1)  = 1
20281 14:32:49.930495 select(6, [5], NULL, NULL, {60, 0}) = 1 (in [5], left {60, 0})
20281 14:32:49.930512 accept(5, {sa_family=AF_INET, sin_port=htons(55794), sin_addr=inet_addr("127.0.0.1")}, [16]) = 6
20281 14:32:49.930534 write(4, "\1", 1) = 1
20283 14:32:49.930545 <... read resumed> "\1", 1) = 1
20283 14:32:49.930553 recvmsg(5,  <unfinished ...>
20281 14:32:49.930562 sendmsg(4, {msg_name(0)=NULL, msg_iov(1)=[{"\0", 1}], msg_controllen=16, {cmsg_len=16, cmsg_level=SOL_SOCKET, cmsg_type=SCM_RIGHTS, {6}}, msg_flags=0}, 0) = 1
20283 14:32:49.930579 <... recvmsg resumed> {msg_name(0)=NULL, msg_iov(1)=[{"\0", 1}], msg_controllen=16, {cmsg_len=16, cmsg_level=SOL_SOCKET, cmsg_type=SCM_RIGHTS, {6}}, msg_flags=0}, 0) = 1
20283 14:32:49.930592 setsockopt(6, SOL_SOCKET, SO_KEEPALIVE, [1], 4) = 0
20283 14:32:49.930605 setsockopt(6, SOL_IP, IP_TOS, [8], 4) = 0
20283 14:32:49.930617 setsockopt(6, SOL_SOCKET, SO_LINGER, {onoff=1, linger=32767}, 8) = 0
20283 14:32:49.930628 rt_sigaction(SIGALRM, {0x805cad0, ~[RTMIN RT_1], 0}, NULL, 8) = 0
20283 14:32:49.930641 alarm(300)        = 300
20283 14:32:49.930654 write(0, "150 Opening BINARY mode data connection for myfile23 (17 bytes).\r\n", 66) = 66
20283 14:32:49.930697 _llseek(4, 0, [0], SEEK_CUR) = 0
20283 14:32:49.930709 fstat64(4, {st_mode=S_IFREG|0644, st_size=17, ...}) = 0
20283 14:32:49.930726 _llseek(4, 0, [0], SEEK_SET) = 0
20283 14:32:49.930737 sendfile(6, 4, NULL, 17) = 17
20283 14:32:49.930767 rt_sigaction(SIGALRM, {0x805cad0, ~[RTMIN RT_1], 0}, NULL, 8) = 0
20283 14:32:49.930781 alarm(300)        = 300
20283 14:32:49.930791 close(6)          = 0
20283 14:32:49.930800 alarm(0)          = 300
20283 14:32:49.930810 gettimeofday({1495650769, 930814}, NULL) = 0
20283 14:32:49.930826 gettimeofday({1495650769, 930830}, NULL) = 0
20283 14:32:49.930840 fcntl64(3, F_SETLKW64, {type=F_WRLCK, whence=SEEK_SET, start=0, len=0}, 0xbf916ac4) = 0
20283 14:32:49.930854 write(3, "Wed May 24 14:32:49 2017 [pid 20283] [msfadmin] OK DOWNLOAD: Client \"127.0.0.1\", \"/home/msfadmin/myfile23\", 17 bytes, 28.38Kbyte/sec\n", 133) = 133
20283 14:32:49.930875 fcntl64(3, F_SETLK64, {type=F_UNLCK, whence=SEEK_SET, start=0, len=0}, 0xbf916acc) = 0
20283 14:32:49.930890 write(0, "226 Transfer complete.\r\n", 24) = 24
20283 14:32:49.930905 write(5, "\n", 1) = 1
20283 14:32:49.930915 read(5,  <unfinished ...>
20281 14:32:49.930922 close(6)          = 0
20281 14:32:49.931003 read(4, "\n", 1)  = 1
20281 14:32:49.931017 close(5)          = 0
20281 14:32:49.931028 write(4, "\1", 1) = 1
20283 14:32:49.931039 <... read resumed> "\1", 1) = 1
20283 14:32:49.931046 close(4)          = 0
20283 14:32:49.931057 rt_sigaction(SIGALRM, {0x805cad0, ~[RTMIN RT_1], 0}, NULL, 8) = 0
20283 14:32:49.931070 alarm(300)        = 0
20283 14:32:49.931082 recv(0,  <unfinished ...>
20281 14:32:49.931089 read(4,  <unfinished ...>
20280 14:32:50.428974 <... recv resumed> "TYPE I\r\n", 4096, MSG_PEEK) = 8
20280 14:32:50.429005 read(0, "TYPE I\r\n", 8) = 8
20280 14:32:50.429027 write(0, "200 Switching to Binary mode.\r\n", 31) = 31
20280 14:32:50.429076 rt_sigaction(SIGALRM, {0x805cad0, ~[RTMIN RT_1], 0}, NULL, 8) = 0
20280 14:32:50.429094 alarm(300)        = 299
20280 14:32:50.429106 recv(0, "PASV\r\n", 4096, MSG_PEEK) = 6
20280 14:32:50.429118 read(0, "PASV\r\n", 6) = 6
20280 14:32:50.429130 write(5, "\n", 1 <unfinished ...>
20278 14:32:50.429144 <... read resumed> "\n", 1) = 1
20280 14:32:50.429149 <... write resumed> ) = 1
20278 14:32:50.429158 write(4, "\1", 1 <unfinished ...>
20280 14:32:50.429163 read(5,  <unfinished ...>
20278 14:32:50.429170 <... write resumed> ) = 1
20280 14:32:50.429174 <... read resumed> "\1", 1) = 1
20278 14:32:50.429182 read(4,  <unfinished ...>
20280 14:32:50.429186 write(5, "\f", 1 <unfinished ...>
20278 14:32:50.429193 <... read resumed> "\f", 1) = 1
20280 14:32:50.429198 <... write resumed> ) = 1
20278 14:32:50.429214 socket(PF_INET, SOCK_STREAM, IPPROTO_TCP <unfinished ...>
20280 14:32:50.429220 read(5,  <unfinished ...>
20278 14:32:50.429230 <... socket resumed> ) = 5
20278 14:32:50.429238 setsockopt(5, SOL_SOCKET, SO_REUSEADDR, [1], 4) = 0
20278 14:32:50.429252 bind(5, {sa_family=AF_INET, sin_port=htons(34281), sin_addr=inet_addr("127.0.0.1")}, 16) = 0
20278 14:32:50.429269 listen(5, 1)      = 0
20278 14:32:50.429283 write(4, "\351\205\0\0", 4 <unfinished ...>
20280 14:32:50.429292 <... read resumed> "\351\205\0\0", 4) = 4
20278 14:32:50.429297 <... write resumed> ) = 4
20280 14:32:50.429309 write(0, "227 Entering Passive Mode (127,0,0,1,133,233).\r\n", 48 <unfinished ...>
20278 14:32:50.429317 read(4,  <unfinished ...>
20280 14:32:50.429327 <... write resumed> ) = 48
20280 14:32:50.429327 rt_sigaction(SIGALRM, {0x805cad0, ~[RTMIN RT_1], 0}, NULL, 8) = 0
20280 14:32:50.429328 alarm(300)        = 300
20280 14:32:50.429328 recv(0, "STOR myfile28\r\n", 4096, MSG_PEEK) = 15
20280 14:32:50.429328 read(0, "STOR myfile28\r\n", 15) = 15
20280 14:32:50.429328 write(5, "\v", 1 <unfinished ...>
20278 14:32:50.429329 <... read resumed> "\v", 1) = 1
20280 14:32:50.429329 <... write resumed> ) = 1
20278 14:32:50.429329 write(4, "\1\0\0\0", 4) = 4
20278 14:32:50.429329 read(4,  <unfinished ...>
20280 14:32:50.429329 read(5, "\1\0\0\0", 4) = 4
20280 14:32:50.429329 gettimeofday({1495650770, 429329}, NULL) = 0
20280 14:32:50.429330 getcwd("/home/msfadmin", 4096) = 15
20280 14:32:50.429330 open("myfile28", O_WRONLY|O_CREAT|O_NONBLOCK|O_LARGEFILE, 0666) = 4
20280 14:32:50.429330 fstat64(4, {st_mode=S_IFREG|0644, st_size=17, ...}) = 0
20280 14:32:50.429354 fcntl64(4, F_GETFL) = 0x8801 (flags O_WRONLY|O_NONBLOCK|O_LARGEFILE)
20280 14:32:50.429365 fcntl64(4, F_SETFL, O_WRONLY|O_LARGEFILE) = 0
20280 14:32:50.429375 fcntl64(4, F_SETLKW64, {type=F_WRLCK, whence=SEEK_SET, start=0, len=0}, 0xbfef48e4) = 0
20280 14:32:50.429390 ftruncate64(4, 0) = 0
20280 14:32:50.429409 _llseek(4, 0, [0], SEEK_SET) = 0
20280 14:32:50.429420 write(5, "\v", 1 <unfinished ...>
20278 14:32:50.429428 <... read resumed> "\v", 1) = 1
20280 14:32:50.429433 <... write resumed> ) = 1
20278 14:32:50.429439 write(4, "\1\0\0\0", 4) = 4
20278 14:32:50.429450 read(4,  <unfinished ...>
20280 14:32:50.429457 read(5, "\1\0\0\0", 4) = 4
20280 14:32:50.429468 write(5, "\v", 1 <unfinished ...>
20278 14:32:50.429475 <... read resumed> "\v", 1) = 1
20280 14:32:50.429480 <... write resumed> ) = 1
20278 14:32:50.429486 write(4, "\1\0\0\0", 4) = 4
20278 14:32:50.429496 read(4,  <unfinished ...>
20280 14:32:50.429503 read(5, "\1\0\0\0", 4) = 4
20280 14:32:50.429514 write(5, "\r", 1 <unfinished ...>
20278 14:32:50.429521 <... read resumed> "\r", 1) = 1
20280 14:32:50.429526 <... write resumed> ) = 1
20278 14:32:50.429533 select(6, [5], NULL, NULL, {60, 0}) = 1 (in [5], left {60, 0})
20278 14:32:50.429549 accept(5, {sa_family=AF_INET, sin_port=htons(35241), sin_addr=inet_addr("127.0.0.1")}, [16]) = 6
20278 14:32:50.429571 write(4, "\1", 1) = 1
