19975 14:29:41.352023 read(6, "#\n# /etc/pam.d/common-session - session-related modules common to all services\n#\n# This file is included from other service-specific PAM config files,\n# and should contain a list of modules that define tasks to be performed\n# at the start and end of sessions of *any* kind (both interactive and\n# non-interactive).  The default is pam_unix.\n#\nsession\trequired\tpam_unix.so\n", 4096) = 372
19975 14:29:41.352062 read(6, "", 4096) = 0
19975 14:29:41.352072 close(6)          = 0
19975 14:29:41.352081 munmap(0xb7fda000, 4096) = 0
19975 14:29:41.352091 read(5, "", 4096) = 0
19975 14:29:41.352101 close(5)          = 0
19975 14:29:41.352110 munmap(0xb7fe0000, 4096) = 0
19975 14:29:41.352120 open("/etc/pam.d/other", O_RDONLY|O_LARGEFILE) = 5
19975 14:29:41.352133 fstat64(5, {st_mode=S_IFREG|0644, st_size=520, ...}) = 0
19975 14:29:41.352149 mmap2(NULL, 4096, PROT_READ|PROT_WRITE, MAP_PRIVATE|MAP_ANONYMOUS, -1, 0) = 0xb7fe0000
19975 14:29:41.352159 read(5, "#\n# /etc/pam.d/other - specify the PAM fallback behaviour\n#\n# Note that this file is used for any unspecified service; for example\n#if /etc/pam.d/cron  specifies no session modules but cron calls\n#pam_open_session, the session module out of /etc/pam.d/other is\n#used.  If you really want nothing to happen then use pam_permit.so or\n#pam_deny.so as appropriate.\n\n# We fall back to the system default in /etc/pam.d/common-*\n# \n\n@include common-auth\n@include common-account\n@include common-password\n@include common-session\n", 4096) = 520
19975 14:29:41.352208 stat64("/etc/pam.d", {st_mode=S_IFDIR|0755, st_size=4096, ...}) = 0
19975 14:29:41.352227 open("/etc/pam.d/common-auth", O_RDONLY|O_LARGEFILE) = 6
19975 14:29:41.352260 fstat64(6, {st_mode=S_IFREG|0644, st_size=476, ...}) = 0
19975 14:29:41.352282 mmap2(NULL, 4096, PROT_READ|PROT_WRITE, MAP_PRIVATE|MAP_ANONYMOUS, -1, 0) = 0xb7fda000
19975 14:29:41.352303 read(6, "#\n# /etc/pam.d/common-auth - authentication settings common to all services\n#\n# This file is included from other service-specific PAM config files,\n# and should contain a list of the authentication modules that define\n# the central authentication scheme for use on the system\n# (e.g., /etc/shadow, LDAP, Kerberos, etc.).  The default is to use the\n# traditional Unix authentication mechanisms.\n#\nauth\trequisite\tpam_unix.so nullok_secure\n# auth\toptional\tpam_smbpass.so migrate\n", 4096) = 476
19975 14:29:41.352352 read(6, "", 4096) = 0
19975 14:29:41.352362 close(6)          = 0
19975 14:29:41.352371 munmap(0xb7fda000, 4096) = 0
19975 14:29:41.352383 stat64("/etc/pam.d", {st_mode=S_IFDIR|0755, st_size=4096, ...}) = 0
19975 14:29:41.352402 open("/etc/pam.d/common-account", O_RDONLY|O_LARGEFILE) = 6
19975 14:29:41.352414 fstat64(6, {st_mode=S_IFREG|0644, st_size=392, ...}) = 0
19975 14:29:41.352430 mmap2(NULL, 4096, PROT_READ|PROT_WRITE, MAP_PRIVATE|MAP_ANONYMOUS, -1, 0) = 0xb7fda000
19975 14:29:41.352441 read(6, "#\n# /etc/pam.d/common-account - authorization settings common to all services\n#\n# This file is included from other service-specific PAM config files,\n# and should contain a list of the authorization modules that define\n# the central access policy for use on the system.  The default is to\n# only deny service to users whose accounts are expired in /etc/shadow.\n#\naccount\trequired\tpam_unix.so\n", 4096) = 392
19975 14:29:41.352480 read(6, "", 4096) = 0
19975 14:29:41.352490 close(6)          = 0
19975 14:29:41.352499 munmap(0xb7fda000, 4096) = 0
19975 14:29:41.352510 stat64("/etc/pam.d", {st_mode=S_IFDIR|0755, st_size=4096, ...}) = 0
19975 14:29:41.352528 open("/etc/pam.d/common-password", O_RDONLY|O_LARGEFILE) = 6
19975 14:29:41.352541 fstat64(6, {st_mode=S_IFREG|0644, st_size=1563, ...}) = 0
19975 14:29:41.352557 mmap2(NULL, 4096, PROT_READ|PROT_WRITE, MAP_PRIVATE|MAP_ANONYMOUS, -1, 0) = 0xb7fda000
19975 14:29:41.352567 read(6, "#\n# /etc/pam.d/common-password - password-related modules common to all services\n#\n# This file is included from other service-specific PAM config files,\n# and should contain a list of modules that define the services to be\n# used to change user passwords.  The default is pam_unix.\n\n# Explanation of pam_unix options:\n#\n# The \"nullok\" option allows users to change an empty password, else\n# empty passwords are treated as locked accounts.\n#\n# The \"md5\" option enables MD5 passwords.  Without this option, the\n# default is Unix crypt.\n#\n# The \"obscure\" option replaces the old `OBSCURE_CHECKS_ENAB\' option in\n# login.defs.\n#\n# You can also use the \"min\" option to enforce the length of the new\n# password.\n#\n# See the pam_unix manpage for other options.\n\npassword   requisite   pam_unix.so nullok obscure md5\n\n# Alternate strength checking for password. Note that this\n# requires the libpam-cracklib package to be installed.\n# You will need to comment out the password line above and\n# uncomment the next two in order to use this.\n# (Replaces the `OBSCURE_CHECKS_ENAB\', `CRACKLIB_DICTPATH\')\n#\n# password required\t  pam_cracklib.so retry=3 minlen=6 difok=3\n# password required\t  pam_unix.so use_authtok nullok md5\n\n# minimally-intrusive inclusion of smbpass in the stack for\n# synchronization.  If the module is absent or the passwords don\'t\n# match, this module will be ignored without prompting; and if the \n# passwords do match, the NTLM hash for the user will be updated\n# automatically.\n# password   optional   pam_smbpass.so nullok use_authtok use_first_pass\n", 4096) = 1563
19975 14:29:41.352689 read(6, "", 4096) = 0
19975 14:29:41.352699 close(6)          = 0
19975 14:29:41.352709 munmap(0xb7fda000, 4096) = 0
19975 14:29:41.352719 stat64("/etc/pam.d", {st_mode=S_IFDIR|0755, st_size=4096, ...}) = 0
19975 14:29:41.352738 open("/etc/pam.d/common-session", O_RDONLY|O_LARGEFILE) = 6
19975 14:29:41.352750 fstat64(6, {st_mode=S_IFREG|0644, st_size=372, ...}) = 0
19975 14:29:41.352766 mmap2(NULL, 4096, PROT_READ|PROT_WRITE, MAP_PRIVATE|MAP_ANONYMOUS, -1, 0) = 0xb7fda000
19975 14:29:41.352777 read(6, "#\n# /etc/pam.d/common-session - session-related modules common to all services\n#\n# This file is included from other service-specific PAM config files,\n# and should contain a list of modules that define tasks to be performed\n# at the start and end of sessions of *any* kind (both interactive and\n# non-interactive).  The default is pam_unix.\n#\nsession\trequired\tpam_unix.so\n", 4096) = 372
19975 14:29:41.352815 read(6, "", 4096) = 0
19975 14:29:41.352825 close(6)          = 0
19975 14:29:41.352834 munmap(0xb7fda000, 4096) = 0
19975 14:29:41.352844 read(5, "", 4096) = 0
19975 14:29:41.352854 close(5)          = 0
19975 14:29:41.352863 munmap(0xb7fe0000, 4096) = 0
19975 14:29:41.352875 time(NULL)        = 1495650581
19975 14:29:41.352887 lstat64("/etc/ftpusers", {st_mode=S_IFREG|0644, st_size=132, ...}) = 0
19975 14:29:41.352906 open("/etc/ftpusers", O_RDONLY|O_LARGEFILE) = 5
19975 14:29:41.352918 fstat64(5, {st_mode=S_IFREG|0644, st_size=132, ...}) = 0
19975 14:29:41.352934 mmap2(NULL, 4096, PROT_READ|PROT_WRITE, MAP_PRIVATE|MAP_ANONYMOUS, -1, 0) = 0xb7fe0000
19975 14:29:41.352944 read(5, "# /etc/ftpusers: list of users disallowed FTP access. See ftpusers(5).\n\nroot\ndaemon\nbin\nsys\nsync\ngames\nman\nlp\nmail\nnews\nuucp\nnobody\n", 4096) = 132
19975 14:29:41.352965 read(5, "", 4096) = 0
19975 14:29:41.352974 close(5)          = 0
19975 14:29:41.352983 munmap(0xb7fe0000, 4096) = 0
19975 14:29:41.352998 getuid32()        = 0
19975 14:29:41.353015 open("/etc/passwd", O_RDONLY|0x80000 /* O_??? */) = 5
19975 14:29:41.353030 _llseek(5, 0, [0], SEEK_CUR) = 0
19975 14:29:41.353041 fstat64(5, {st_mode=S_IFREG|0644, st_size=1624, ...}) = 0
19975 14:29:41.353057 mmap2(NULL, 1624, PROT_READ, MAP_SHARED, 5, 0) = 0xb7fe0000
19975 14:29:41.353068 _llseek(5, 1624, [1624], SEEK_SET) = 0
19975 14:29:41.353100 munmap(0xb7fe0000, 1624) = 0
19975 14:29:41.353112 close(5)          = 0
19975 14:29:41.353136 open("/etc/shadow", O_RDONLY|0x80000 /* O_??? */) = 5
19975 14:29:41.353154 _llseek(5, 0, [0], SEEK_CUR) = 0
19975 14:29:41.353165 fstat64(5, {st_mode=S_IFREG|0640, st_size=1233, ...}) = 0
19975 14:29:41.353181 mmap2(NULL, 1233, PROT_READ, MAP_SHARED, 5, 0) = 0xb7fe0000
19975 14:29:41.353192 _llseek(5, 1233, [1233], SEEK_SET) = 0
19975 14:29:41.353245 munmap(0xb7fe0000, 1233) = 0
19975 14:29:41.353265 close(5)          = 0
19975 14:29:41.353284 open("/etc/passwd", O_RDONLY|0x80000 /* O_??? */) = 5
19975 14:29:41.353298 _llseek(5, 0, [0], SEEK_CUR) = 0
19975 14:29:41.353308 fstat64(5, {st_mode=S_IFREG|0644, st_size=1624, ...}) = 0
19975 14:29:41.353325 mmap2(NULL, 1624, PROT_READ, MAP_SHARED, 5, 0) = 0xb7fe0000
19975 14:29:41.353335 _llseek(5, 1624, [1624], SEEK_SET) = 0
19975 14:29:41.353351 munmap(0xb7fe0000, 1624) = 0
19975 14:29:41.353360 close(5)          = 0
19975 14:29:41.353372 open("/etc/shadow", O_RDONLY|0x80000 /* O_??? */) = 5
19975 14:29:41.353385 _llseek(5, 0, [0], SEEK_CUR) = 0
19975 14:29:41.353395 fstat64(5, {st_mode=S_IFREG|0640, st_size=1233, ...}) = 0
19975 14:29:41.353411 mmap2(NULL, 1233, PROT_READ, MAP_SHARED, 5, 0) = 0xb7fe0000
19975 14:29:41.353421 _llseek(5, 1233, [1233], SEEK_SET) = 0
19975 14:29:41.353437 munmap(0xb7fe0000, 1233) = 0
19975 14:29:41.353446 close(5)          = 0
19975 14:29:41.353678 getuid32()        = 0
19975 14:29:41.353688 open("/etc/passwd", O_RDONLY|0x80000 /* O_??? */) = 5
19975 14:29:41.353705 _llseek(5, 0, [0], SEEK_CUR) = 0
19975 14:29:41.353716 fstat64(5, {st_mode=S_IFREG|0644, st_size=1624, ...}) = 0
19975 14:29:41.353732 mmap2(NULL, 1624, PROT_READ, MAP_SHARED, 5, 0) = 0xb7fe0000
19975 14:29:41.353742 _llseek(5, 1624, [1624], SEEK_SET) = 0
19975 14:29:41.353757 munmap(0xb7fe0000, 1624) = 0
19975 14:29:41.353767 close(5)          = 0
19975 14:29:41.353779 open("/etc/shadow", O_RDONLY|0x80000 /* O_??? */) = 5
19975 14:29:41.353792 _llseek(5, 0, [0], SEEK_CUR) = 0
19975 14:29:41.353802 fstat64(5, {st_mode=S_IFREG|0640, st_size=1233, ...}) = 0
19975 14:29:41.353818 mmap2(NULL, 1233, PROT_READ, MAP_SHARED, 5, 0) = 0xb7fe0000
19975 14:29:41.353828 _llseek(5, 1233, [1233], SEEK_SET) = 0
19975 14:29:41.353844 munmap(0xb7fe0000, 1233) = 0
19975 14:29:41.353853 close(5)          = 0
19975 14:29:41.353865 time(NULL)        = 1495650581
19975 14:29:41.353880 munmap(0xb7fdd000, 12164) = 0
19975 14:29:41.353893 munmap(0xb7fdb000, 7136) = 0
19975 14:29:41.353907 munmap(0xb7e10000, 95428) = 0
19975 14:29:41.353918 munmap(0xb7dd6000, 201052) = 0
19975 14:29:41.353929 munmap(0xb7dbd000, 101180) = 0
19975 14:29:41.353945 gettimeofday({1495650581, 353949}, NULL) = 0
19975 14:29:41.353956 stat64("/usr/share/zoneinfo/UTC+04:00", 0xbfd6eed4) = -1 ENOENT (No such file or directory)
19975 14:29:41.353971 open("/usr/share/zoneinfo/UTC+04:00", O_RDONLY) = -1 ENOENT (No such file or directory)
19975 14:29:41.353996 fcntl64(3, F_SETLKW64, {type=F_WRLCK, whence=SEEK_SET, start=0, len=0}, 0xbfd6f024) = 0
19975 14:29:41.354012 write(3, "Wed May 24 14:29:41 2017 [pid 19975] [msfadmin] OK LOGIN: Client \"127.0.0.1\"\n", 77) = 77
19975 14:29:41.354029 fcntl64(3, F_SETLK64, {type=F_UNLCK, whence=SEEK_SET, start=0, len=0}, 0xbfd6f02c) = 0
19975 14:29:41.354042 rt_sigaction(SIGCHLD, {0x805cad0, ~[RTMIN RT_1], 0}, NULL, 8) = 0
19975 14:29:41.354056 write(4, "\1", 1 <unfinished ...>
19976 14:29:41.354066 <... read resumed> "\1", 1) = 1
19975 14:29:41.354071 <... write resumed> ) = 1
19976 14:29:41.354078 exit_group(0)     = ?
19975 14:29:41.354106 --- SIGCHLD (Child exited) @ 0 (0) ---
19975 14:29:41.354113 sigreturn()       = ? (mask now [])
19975 14:29:41.354132 wait4(-1, [{WIFEXITED(s) && WEXITSTATUS(s) == 0}], 0, NULL) = 19976
19975 14:29:41.354145 close(4)          = 0
19975 14:29:41.354157 socketpair(PF_FILE, SOCK_STREAM, 0, [4, 5]) = 0
19975 14:29:41.354190 rt_sigaction(SIGCHLD, {0x805cad0, ~[RTMIN RT_1], 0}, NULL, 8) = 0
19975 14:29:41.354209 rt_sigaction(SIGALRM, {0x805cb10, ~[RTMIN RT_1], 0}, NULL, 8) = 0
19975 14:29:41.354233 clone(child_stack=0, flags=CLONE_CHILD_CLEARTID|CLONE_CHILD_SETTID|SIGCHLD, child_tidptr=0xb7e466f8) = 19977
19977 14:29:41.354284 prctl(0x1, 0x9, 0, 0, 0) = 0
19977 14:29:41.354298 close(4)          = 0
19977 14:29:41.354325 open("/etc/passwd", O_RDONLY|0x80000 /* O_??? */) = 4
19977 14:29:41.354342 _llseek(4, 0, [0], SEEK_CUR) = 0
19977 14:29:41.354357 fstat64(4, {st_mode=S_IFREG|0644, st_size=1624, ...}) = 0
19977 14:29:41.354375 mmap2(NULL, 1624, PROT_READ, MAP_SHARED, 4, 0) = 0xb7fe0000
19977 14:29:41.354387 _llseek(4, 1624, [1624], SEEK_SET) = 0
19977 14:29:41.354409 munmap(0xb7fe0000, 1624) = 0
19977 14:29:41.354421 close(4)          = 0
19977 14:29:41.354434 getuid32()        = 0
19977 14:29:41.354444 open("/etc/passwd", O_RDONLY|0x80000 /* O_??? */) = 4
19977 14:29:41.354456 _llseek(4, 0, [0], SEEK_CUR) = 0
19977 14:29:41.354467 fstat64(4, {st_mode=S_IFREG|0644, st_size=1624, ...}) = 0
19977 14:29:41.354483 mmap2(NULL, 1624, PROT_READ, MAP_SHARED, 4, 0) = 0xb7fe0000
19977 14:29:41.354493 _llseek(4, 1624, [1624], SEEK_SET) = 0
19977 14:29:41.354509 munmap(0xb7fe0000, 1624) = 0
19977 14:29:41.354518 close(4)          = 0
19977 14:29:41.354543 open("/proc/sys/kernel/ngroups_max", O_RDONLY) = 4
19977 14:29:41.354563 read(4, "65536\n", 31) = 6
19977 14:29:41.354576 close(4)          = 0
19977 14:29:41.354589 socket(PF_FILE, SOCK_STREAM, 0) = 4
19977 14:29:41.354601 fcntl64(4, F_SETFL, O_RDWR|O_NONBLOCK) = 0
19977 14:29:41.354612 connect(4, {sa_family=AF_FILE, path="/var/run/nscd/socket"}, 110) = -1 ENOENT (No such file or directory)
19977 14:29:41.354636 close(4)          = 0
19977 14:29:41.354648 socket(PF_FILE, SOCK_STREAM, 0) = 4
19977 14:29:41.354658 fcntl64(4, F_SETFL, O_RDWR|O_NONBLOCK) = 0
19977 14:29:41.354669 connect(4, {sa_family=AF_FILE, path="/var/run/nscd/socket"}, 110) = -1 ENOENT (No such file or directory)
19977 14:29:41.354687 close(4)          = 0
19977 14:29:41.354710 open("/etc/group", O_RDONLY|0x80000 /* O_??? */) = 4
19977 14:29:41.354724 _llseek(4, 0, [0], SEEK_CUR) = 0
19977 14:29:41.354735 fstat64(4, {st_mode=S_IFREG|0644, st_size=886, ...}) = 0
19977 14:29:41.354751 mmap2(NULL, 886, PROT_READ, MAP_SHARED, 4, 0) = 0xb7fe0000
19977 14:29:41.354762 _llseek(4, 886, [886], SEEK_SET) = 0
19977 14:29:41.354786 fstat64(4, {st_mode=S_IFREG|0644, st_size=886, ...}) = 0
19977 14:29:41.354803 munmap(0xb7fe0000, 886) = 0
19977 14:29:41.354813 close(4)          = 0
19977 14:29:41.354823 setgroups32(13, [1000, 4, 20, 24, 25, 29, 30, 44, 46, 107, 111, 112, 119]) = 0
19977 14:29:41.354839 geteuid32()       = 0
19977 14:29:41.354850 getegid32()       = 0
19977 14:29:41.354860 setregid32(-1, 1000) = 0
19977 14:29:41.354871 setreuid32(-1, 1000) = 0
19977 14:29:41.354881 chdir("/home/msfadmin") = 0
19977 14:29:41.354893 setreuid32(-1, 0) = 0
19977 14:29:41.354902 setregid32(-1, 0) = 0
19977 14:29:41.354912 setgid32(1000)    = 0
19977 14:29:41.354922 setuid32(1000)    = 0
19977 14:29:41.354932 setrlimit(RLIMIT_NPROC, {rlim_cur=0, rlim_max=0}) = 0
19977 14:29:41.354945 mmap2(NULL, 12288, PROT_READ|PROT_WRITE, MAP_PRIVATE|MAP_ANONYMOUS, -1, 0) = 0xb7fde000
19977 14:29:41.354956 mprotect(0xb7fe0000, 4096, PROT_NONE) = 0
19977 14:29:41.354968 mprotect(0xb7fde000, 4096, PROT_NONE) = 0
19977 14:29:41.354978 getcwd("/home/msfadmin", 4096) = 15
19977 14:29:41.354991 umask(022)        = 077
19977 14:29:41.355001 getcwd("/home/msfadmin", 4096) = 15
19977 14:29:41.355014 open(".message", O_RDONLY|O_NONBLOCK|O_LARGEFILE) = -1 ENOENT (No such file or directory)
19977 14:29:41.355036 write(0, "230 Login successful.\r\n", 23) = 23
19977 14:29:41.355100 rt_sigaction(SIGALRM, {0x805cad0, ~[RTMIN RT_1], 0}, NULL, 8) = 0
19977 14:29:41.355118 alarm(300)        = 0
19977 14:29:41.355128 mmap2(NULL, 12288, PROT_READ|PROT_WRITE, MAP_PRIVATE|MAP_ANONYMOUS, -1, 0) = 0xb7fdb000
19977 14:29:41.355277 mprotect(0xb7fdd000, 4096, PROT_NONE) = 0
19977 14:29:41.355290 mprotect(0xb7fdb000, 4096, PROT_NONE) = 0
19977 14:29:41.355313 recv(0, "TYPE I\r\n", 4096, MSG_PEEK) = 8
19977 14:29:41.355327 read(0, "TYPE I\r\n", 8) = 8
19977 14:29:41.355343 write(0, "200 Switching to Binary mode.\r\n", 31) = 31
19977 14:29:41.355385 rt_sigaction(SIGALRM, {0x805cad0, ~[RTMIN RT_1], 0}, NULL, 8) = 0
19977 14:29:41.355400 alarm(300)        = 300
19977 14:29:41.355412 recv(0, "PASV\r\n", 4096, MSG_PEEK) = 6
19977 14:29:41.355423 read(0, "PASV\r\n", 6) = 6
19977 14:29:41.355435 write(5, "\n", 1) = 1
19977 14:29:41.355446 read(5,  <unfinished ...>
19975 14:29:41.355459 close(5)          = 0
19975 14:29:41.355472 getuid32()        = 0
19975 14:29:41.355487 open("/etc/passwd", O_RDONLY|0x80000 /* O_??? */) = 5
19975 14:29:41.355501 _llseek(5, 0, [0], SEEK_CUR) = 0
19975 14:29:41.355514 fstat64(5, {st_mode=S_IFREG|0644, st_size=1624, ...}) = 0
19975 14:29:41.355531 mmap2(NULL, 1624, PROT_READ, MAP_SHARED, 5, 0) = 0xb7fe0000
19975 14:29:41.355543 _llseek(5, 1624, [1624], SEEK_SET) = 0
19975 14:29:41.355560 munmap(0xb7fe0000, 1624) = 0
19975 14:29:41.355571 close(5)          = 0
19975 14:29:41.355586 setgroups32(0, []) = 0
19975 14:29:41.355598 chdir("/usr/share/empty") = 0
19975 14:29:41.355610 chroot(".")       = 0
19975 14:29:41.355621 capset(NULL, NULL) = -1 EFAULT (Bad address)
19975 14:29:41.355634 prctl(0x8, 0, 0xbfd6f008, 0x80549a6, 0xbfd6eff0) = 0
19975 14:29:41.355645 prctl(0x8, 0x1, 0xbfd6f008, 0x8054a49, 0xbfd6eff0) = 0
19975 14:29:41.355655 setgid32(65534)   = 0
19975 14:29:41.355665 setuid32(65534)   = 0
19975 14:29:41.355675 capset(0x19980330, 0, {CAP_NET_BIND_SERVICE, CAP_NET_BIND_SERVICE, 0}) = 0
19975 14:29:41.355687 read(4, "\n", 1)  = 1
19975 14:29:41.355704 write(4, "\1", 1) = 1
19977 14:29:41.355716 <... read resumed> "\1", 1) = 1
19977 14:29:41.355723 write(5, "\f", 1) = 1
19977 14:29:41.355733 read(5,  <unfinished ...>
19975 14:29:41.355740 read(4, "\f", 1)  = 1
19975 14:29:41.355753 socket(PF_INET, SOCK_STREAM, IPPROTO_TCP) = 5
19975 14:29:41.355766 setsockopt(5, SOL_SOCKET, SO_REUSEADDR, [1], 4) = 0
19975 14:29:41.355777 gettimeofday({1495650581, 355781}, NULL) = 0
19975 14:29:41.355793 bind(5, {sa_family=AF_INET, sin_port=htons(11632), sin_addr=inet_addr("127.0.0.1")}, 16) = 0
19975 14:29:41.355809 listen(5, 1)      = 0
19975 14:29:41.355822 write(4, "p-\0\0", 4) = 4
19977 14:29:41.355833 <... read resumed> "p-\0\0", 4) = 4
19977 14:29:41.355846 write(0, "227 Entering Passive Mode (127,0,0,1,45,112).\r\n", 47) = 47
19977 14:29:41.355941 rt_sigaction(SIGALRM, {0x805cad0, ~[RTMIN RT_1], 0}, NULL, 8) = 0
19977 14:29:41.355957 alarm(300)        = 300
19977 14:29:41.355969 recv(0, "RETR myfile15\r\n", 4096, MSG_PEEK) = 15
19977 14:29:41.355981 read(0, "RETR myfile15\r\n", 15) = 15
19977 14:29:41.355996 write(5, "\v", 1) = 1
19977 14:29:41.356006 read(5,  <unfinished ...>
19975 14:29:41.356014 read(4, "\v", 1)  = 1
19975 14:29:41.356025 write(4, "\1\0\0\0", 4) = 4
19977 14:29:41.356036 <... read resumed> "\1\0\0\0", 4) = 4
19977 14:29:41.356044 gettimeofday({1495650581, 356048}, NULL) = 0
19977 14:29:41.356055 getcwd("/home/msfadmin", 4096) = 15
19977 14:29:41.356067 open("myfile15", O_RDONLY|O_NONBLOCK|O_LARGEFILE) = 4
19977 14:29:41.356080 fcntl64(4, F_SETLKW64, {type=F_RDLCK, whence=SEEK_SET, start=0, len=0}, 0xbfd6ef74) = 0
19977 14:29:41.356093 fstat64(4, {st_mode=S_IFREG|0644, st_size=17, ...}) = 0
19977 14:29:41.356109 fcntl64(4, F_GETFL) = 0x8800 (flags O_RDONLY|O_NONBLOCK|O_LARGEFILE)
19977 14:29:41.356120 fcntl64(4, F_SETFL, O_RDONLY|O_LARGEFILE) = 0
19977 14:29:41.356132 write(5, "\v", 1) = 1
19977 14:29:41.356143 read(5,  <unfinished ...>
19975 14:29:41.356150 read(4, "\v", 1)  = 1
19975 14:29:41.356161 write(4, "\1\0\0\0", 4) = 4
19977 14:29:41.356172 <... read resumed> "\1\0\0\0", 4) = 4
19977 14:29:41.356179 write(5, "\v", 1) = 1
19977 14:29:41.356189 read(5,  <unfinished ...>
19975 14:29:41.356196 read(4, "\v", 1)  = 1
19975 14:29:41.356206 write(4, "\1\0\0\0", 4) = 4
19977 14:29:41.356217 <... read resumed> "\1\0\0\0", 4) = 4
19977 14:29:41.356266 write(5, "\r", 1) = 1
19977 14:29:41.356278 read(5,  <unfinished ...>
19975 14:29:41.356302 read(4, "\r", 1)  = 1
19975 14:29:41.356328 select(6, [5], NULL, NULL, {60, 0}) = 1 (in [5], left {60, 0})
19975 14:29:41.356354 accept(5, {sa_family=AF_INET, sin_port=htons(60688), sin_addr=inet_addr("127.0.0.1")}, [16]) = 6
19975 14:29:41.356377 write(4, "\1", 1) = 1
19977 14:29:41.356387 <... read resumed> "\1", 1) = 1
19977 14:29:41.356397 recvmsg(5,  <unfinished ...>
19975 14:29:41.356406 sendmsg(4, {msg_name(0)=NULL, msg_iov(1)=[{"\0", 1}], msg_controllen=16, {cmsg_len=16, cmsg_level=SOL_SOCKET, cmsg_type=SCM_RIGHTS, {6}}, msg_flags=0}, 0) = 1
19977 14:29:41.356423 <... recvmsg resumed> {msg_name(0)=NULL, msg_iov(1)=[{"\0", 1}], msg_controllen=16, {cmsg_len=16, cmsg_level=SOL_SOCKET, cmsg_type=SCM_RIGHTS, {6}}, msg_flags=0}, 0) = 1
19977 14:29:41.356437 setsockopt(6, SOL_SOCKET, SO_KEEPALIVE, [1], 4) = 0
19977 14:29:41.356449 setsockopt(6, SOL_IP, IP_TOS, [8], 4) = 0
19977 14:29:41.356461 setsockopt(6, SOL_SOCKET, SO_LINGER, {onoff=1, linger=32767}, 8) = 0
19977 14:29:41.356472 rt_sigaction(SIGALRM, {0x805cad0, ~[RTMIN RT_1], 0}, NULL, 8) = 0
19977 14:29:41.356485 alarm(300)        = 300
19977 14:29:41.356500 write(0, "150 Opening BINARY mode data connection for myfile15 (17 bytes).\r\n", 66) = 66
19977 14:29:41.356543 _llseek(4, 0, [0], SEEK_CUR) = 0
19977 14:29:41.356556 fstat64(4, {st_mode=S_IFREG|0644, st_size=17, ...}) = 0
19977 14:29:41.356573 _llseek(4, 0, [0], SEEK_SET) = 0
19977 14:29:41.356585 sendfile(6, 4, NULL, 17) = 17
19977 14:29:41.356614 rt_sigaction(SIGALRM, {0x805cad0, ~[RTMIN RT_1], 0}, NULL, 8) = 0
19977 14:29:41.356628 alarm(300)        = 300
19977 14:29:41.356642 close(6)          = 0
19977 14:29:41.356651 alarm(0)          = 300
19977 14:29:41.356661 gettimeofday({1495650581, 356665}, NULL) = 0
19977 14:29:41.356678 getpid()          = 19977
19977 14:29:41.356690 gettimeofday({1495650581, 356694}, NULL) = 0
19977 14:29:41.356707 fcntl64(3, F_SETLKW64, {type=F_WRLCK, whence=SEEK_SET, start=0, len=0}, 0xbfd6ef14) = 0
19977 14:29:41.356722 write(3, "Wed May 24 14:29:41 2017 [pid 19977] [msfadmin] OK DOWNLOAD: Client \"127.0.0.1\", \"/home/msfadmin/myfile15\", 17 bytes, 25.70Kbyte/sec\n", 133) = 133
19977 14:29:41.356749 fcntl64(3, F_SETLK64, {type=F_UNLCK, whence=SEEK_SET, start=0, len=0}, 0xbfd6ef1c) = 0
19977 14:29:41.356763 write(0, "226 Transfer complete.\r\n", 24) = 24
19977 14:29:41.356778 write(5, "\n", 1) = 1
19977 14:29:41.356789 read(5,  <unfinished ...>
19975 14:29:41.356796 close(6)          = 0
19975 14:29:41.356873 read(4, "\n", 1)  = 1
19975 14:29:41.356886 close(5)          = 0
19975 14:29:41.356898 write(4, "\1", 1) = 1
19977 14:29:41.356909 <... read resumed> "\1", 1) = 1
19977 14:29:41.356916 close(4)          = 0
19977 14:29:41.356926 rt_sigaction(SIGALRM, {0x805cad0, ~[RTMIN RT_1], 0}, NULL, 8) = 0
19977 14:29:41.356940 alarm(300)        = 0
19977 14:29:41.356951 recv(0,  <unfinished ...>
19975 14:29:41.356958 read(4,  <unfinished ...>
19974 14:29:41.834014 <... recv resumed> "TYPE I\r\n", 4096, MSG_PEEK) = 8
19974 14:29:41.834176 read(0, "TYPE I\r\n", 8) = 8
19974 14:29:41.834337 write(0, "200 Switching to Binary mode.\r\n", 31) = 31
19974 14:29:41.834443 rt_sigaction(SIGALRM, {0x805cad0, ~[RTMIN RT_1], 0}, NULL, 8) = 0
19974 14:29:41.834478 alarm(300)        = 299
19974 14:29:41.834505 recv(0, "PASV\r\n", 4096, MSG_PEEK) = 6
19974 14:29:41.834523 read(0, "PASV\r\n", 6) = 6
19974 14:29:41.834536 write(5, "\n", 1 <unfinished ...>
19972 14:29:41.834548 <... read resumed> "\n", 1) = 1
19974 14:29:41.834553 <... write resumed> ) = 1
19972 14:29:41.834560 write(4, "\1", 1) = 1
19972 14:29:41.834571 read(4,  <unfinished ...>
19974 14:29:41.834579 read(5, "\1", 1)  = 1
19974 14:29:41.834590 write(5, "\f", 1 <unfinished ...>
19972 14:29:41.834597 <... read resumed> "\f", 1) = 1
19974 14:29:41.834601 <... write resumed> ) = 1
19972 14:29:41.834609 socket(PF_INET, SOCK_STREAM, IPPROTO_TCP) = 5
19972 14:29:41.834624 setsockopt(5, SOL_SOCKET, SO_REUSEADDR, [1], 4) = 0
19972 14:29:41.834639 bind(5, {sa_family=AF_INET, sin_port=htons(46322), sin_addr=inet_addr("127.0.0.1")}, 16) = 0
19972 14:29:41.834655 listen(5, 1)      = 0
19972 14:29:41.834669 write(4, "\362\264\0\0", 4) = 4
19972 14:29:41.834680 read(4,  <unfinished ...>
19974 14:29:41.834687 read(5, "\362\264\0\0", 4) = 4
19974 14:29:41.834703 write(0, "227 Entering Passive Mode (127,0,0,1,180,242).\r\n", 48) = 48
19974 14:29:41.834817 rt_sigaction(SIGALRM, {0x805cad0, ~[RTMIN RT_1], 0}, NULL, 8) = 0
19974 14:29:41.834834 alarm(300)        = 300
19974 14:29:41.834846 recv(0, "STOR myfile0\r\n", 4096, MSG_PEEK) = 14
19974 14:29:41.834858 read(0, "STOR myfile0\r\n", 14) = 14
19974 14:29:41.834872 write(5, "\v", 1 <unfinished ...>
19972 14:29:41.834880 <... read resumed> "\v", 1) = 1
19974 14:29:41.834884 <... write resumed> ) = 1
19972 14:29:41.834891 write(4, "\1\0\0\0", 4) = 4
19972 14:29:41.834902 read(4,  <unfinished ...>
19974 14:29:41.834908 read(5, "\1\0\0\0", 4) = 4
19974 14:29:41.834920 gettimeofday({1495650581, 834924}, NULL) = 0
19974 14:29:41.834931 getcwd("/home/msfadmin", 4096) = 15
19974 14:29:41.834944 open("myfile0", O_WRONLY|O_CREAT|O_NONBLOCK|O_LARGEFILE, 0666) = 4
19974 14:29:41.834958 fstat64(4, {st_mode=S_IFREG|0644, st_size=17, ...}) = 0
19974 14:29:41.834976 fcntl64(4, F_GETFL) = 0x8801 (flags O_WRONLY|O_NONBLOCK|O_LARGEFILE)
19974 14:29:41.835011 fcntl64(4, F_SETFL, O_WRONLY|O_LARGEFILE) = 0
19974 14:29:41.835023 fcntl64(4, F_SETLKW64, {type=F_WRLCK, whence=SEEK_SET, start=0, len=0}, 0xbfd0c6f4) = 0
19974 14:29:41.835047 ftruncate64(4, 0) = 0
19974 14:29:41.835067 _llseek(4, 0, [0], SEEK_SET) = 0
19974 14:29:41.835079 write(5, "\v", 1 <unfinished ...>
19972 14:29:41.835087 <... read resumed> "\v", 1) = 1
19974 14:29:41.835097 <... write resumed> ) = 1
19972 14:29:41.835103 write(4, "\1\0\0\0", 4) = 4
19972 14:29:41.835114 read(4,  <unfinished ...>
19974 14:29:41.835121 read(5, "\1\0\0\0", 4) = 4
19974 14:29:41.835132 write(5, "\v", 1 <unfinished ...>
19972 14:29:41.835139 <... read resumed> "\v", 1) = 1
19974 14:29:41.835144 <... write resumed> ) = 1
19972 14:29:41.835150 write(4, "\1\0\0\0", 4) = 4
19972 14:29:41.835160 read(4,  <unfinished ...>
19974 14:29:41.835167 read(5, "\1\0\0\0", 4) = 4
19974 14:29:41.835178 write(5, "\r", 1 <unfinished ...>
19972 14:29:41.835185 <... read resumed> "\r", 1) = 1
19974 14:29:41.835189 <... write resumed> ) = 1
19972 14:29:41.835196 select(6, [5], NULL, NULL, {60, 0}) = 1 (in [5], left {60, 0})
19972 14:29:41.835213 accept(5, {sa_family=AF_INET, sin_port=htons(44587), sin_addr=inet_addr("127.0.0.1")}, [16]) = 6
19972 14:29:41.835235 write(4, "\1", 1) = 1
19972 14:29:41.835247 sendmsg(4, {msg_name(0)=NULL, msg_iov(1)=[{"\0", 1}], msg_controllen=16, {cmsg_len=16, cmsg_level=SOL_SOCKET, cmsg_type=SCM_RIGHTS, {6}}, msg_flags=0}, 0) = 1
19972 14:29:41.835264 close(6)          = 0
19972 14:29:41.835274 read(4,  <unfinished ...>
19974 14:29:41.835281 read(5, "\1", 1)  = 1
19974 14:29:41.835293 recvmsg(5, {msg_name(0)=NULL, msg_iov(1)=[{"\0", 1}], msg_controllen=16, {cmsg_len=16, cmsg_level=SOL_SOCKET, cmsg_type=SCM_RIGHTS, {6}}, msg_flags=0}, 0) = 1
19974 14:29:41.835311 setsockopt(6, SOL_SOCKET, SO_KEEPALIVE, [1], 4) = 0
19974 14:29:41.835324 setsockopt(6, SOL_IP, IP_TOS, [8], 4) = 0
19974 14:29:41.835335 setsockopt(6, SOL_SOCKET, SO_LINGER, {onoff=1, linger=32767}, 8) = 0
19974 14:29:41.835347 rt_sigaction(SIGALRM, {0x805cad0, ~[RTMIN RT_1], 0}, NULL, 8) = 0
19974 14:29:41.835360 alarm(300)        = 300
19974 14:29:41.835373 write(0, "150 Ok to send data.\r\n", 22) = 22
19974 14:29:41.835440 read(6, "assasaaa\na\na\na\na\n", 65536) = 17
19974 14:29:41.835454 write(4, "assasaaa\na\na\na\na\n", 17) = 17
19974 14:29:41.835470 read(6, "", 65536) = 0
19974 14:29:41.835481 rt_sigaction(SIGALRM, {0x805cad0, ~[RTMIN RT_1], 0}, NULL, 8) = 0
19974 14:29:41.835494 alarm(300)        = 300
19974 14:29:41.835504 close(6)          = 0
19974 14:29:41.835521 alarm(0)          = 300
19974 14:29:41.835531 gettimeofday({1495650581, 835535}, NULL) = 0
19974 14:29:41.835546 gettimeofday({1495650581, 835551}, NULL) = 0
19974 14:29:41.835561 fcntl64(3, F_SETLKW64, {type=F_WRLCK, whence=SEEK_SET, start=0, len=0}, 0xbfd0c694) = 0
19974 14:29:41.835575 write(3, "Wed May 24 14:29:41 2017 [pid 19974] [msfadmin] OK UPLOAD: Client \"127.0.0.1\", \"/home/msfadmin/myfile0\", 17 bytes, 26.48Kbyte/sec\n", 130) = 130
19974 14:29:41.835596 fcntl64(3, F_SETLK64, {type=F_UNLCK, whence=SEEK_SET, start=0, len=0}, 0xbfd0c69c) = 0
19974 14:29:41.835611 write(0, "226 Transfer complete.\r\n", 24) = 24
19974 14:29:41.835653 write(5, "\n", 1 <unfinished ...>
19972 14:29:41.835663 <... read resumed> "\n", 1) = 1
19974 14:29:41.835668 <... write resumed> ) = 1
19972 14:29:41.835674 close(5)          = 0
19972 14:29:41.835685 write(4, "\1", 1) = 1
19972 14:29:41.835696 read(4,  <unfinished ...>
19974 14:29:41.835703 read(5, "\1", 1)  = 1
19974 14:29:41.835714 close(4)          = 0
19974 14:29:41.835724 rt_sigaction(SIGALRM, {0x805cad0, ~[RTMIN RT_1], 0}, NULL, 8) = 0
19974 14:29:41.835737 alarm(300)        = 0
19974 14:29:41.835749 recv(0,  <unfinished ...>
19977 14:29:41.883861 <... recv resumed> "USER msfadmin\r\n", 4096, MSG_PEEK) = 15
19977 14:29:41.884024 read(0, "USER msfadmin\r\n", 15) = 15
19977 14:29:41.884163 write(0, "331 Any password will do.\r\n", 27) = 27
19977 14:29:41.884273 rt_sigaction(SIGALRM, {0x805cad0, ~[RTMIN RT_1], 0}, NULL, 8) = 0
19977 14:29:41.884310 alarm(300)        = 299
19977 14:29:41.884338 recv(0, "PASS msfadmin\r\n", 4096, MSG_PEEK) = 15
19977 14:29:41.884359 read(0, "PASS msfadmin\r\n", 15) = 15
19977 14:29:41.884375 write(0, "230 Already logged in.\r\n", 24) = 24
19977 14:29:41.884459 rt_sigaction(SIGALRM, {0x805cad0, ~[RTMIN RT_1], 0}, NULL, 8) = 0
19977 14:29:41.884476 alarm(300)        = 300
19977 14:29:41.884495 recv(0, "TYPE I\r\n", 4096, MSG_PEEK) = 8
19977 14:29:41.884506 read(0, "TYPE I\r\n", 8) = 8
19977 14:29:41.884521 write(0, "200 Switching to Binary mode.\r\n", 31) = 31
19977 14:29:41.884558 rt_sigaction(SIGALRM, {0x805cad0, ~[RTMIN RT_1], 0}, NULL, 8) = 0
19977 14:29:41.884573 alarm(300)        = 300
19977 14:29:41.884584 recv(0, "PASV\r\n", 4096, MSG_PEEK) = 6
19977 14:29:41.884595 read(0, "PASV\r\n", 6) = 6
19977 14:29:41.884606 write(5, "\n", 1) = 1
19977 14:29:41.884619 read(5,  <unfinished ...>
19975 14:29:41.884627 <... read resumed> "\n", 1) = 1
19975 14:29:41.884637 write(4, "\1", 1) = 1
19977 14:29:41.884647 <... read resumed> "\1", 1) = 1
19977 14:29:41.884655 write(5, "\f", 1) = 1
19977 14:29:41.884665 read(5,  <unfinished ...>
19975 14:29:41.884672 read(4, "\f", 1)  = 1
19975 14:29:41.884684 socket(PF_INET, SOCK_STREAM, IPPROTO_TCP) = 5
19975 14:29:41.884699 setsockopt(5, SOL_SOCKET, SO_REUSEADDR, [1], 4) = 0
19975 14:29:41.884714 bind(5, {sa_family=AF_INET, sin_port=htons(55680), sin_addr=inet_addr("127.0.0.1")}, 16) = 0
19975 14:29:41.884730 listen(5, 1)      = 0
19975 14:29:41.884744 write(4, "\200\331\0\0", 4) = 4
19977 14:29:41.884755 <... read resumed> "\200\331\0\0", 4) = 4
19977 14:29:41.884767 write(0, "227 Entering Passive Mode (127,0,0,1,217,128).\r\n", 48) = 48
19977 14:29:41.884880 rt_sigaction(SIGALRM, {0x805cad0, ~[RTMIN RT_1], 0}, NULL, 8) = 0
19977 14:29:41.884896 alarm(300)        = 300
19977 14:29:41.884937 recv(0, "RETR myfile16\r\n", 4096, MSG_PEEK) = 15
19977 14:29:41.884951 read(0, "RETR myfile16\r\n", 15) = 15
19977 14:29:41.884974 write(5, "\v", 1) = 1
19977 14:29:41.884984 read(5,  <unfinished ...>
19975 14:29:41.884992 read(4, "\v", 1)  = 1
19975 14:29:41.885003 write(4, "\1\0\0\0", 4) = 4
19977 14:29:41.885014 <... read resumed> "\1\0\0\0", 4) = 4
19977 14:29:41.885022 gettimeofday({1495650581, 885025}, NULL) = 0
19977 14:29:41.885033 getcwd("/home/msfadmin", 4096) = 15
19977 14:29:41.885045 open("myfile16", O_RDONLY|O_NONBLOCK|O_LARGEFILE) = 4
19977 14:29:41.885059 fcntl64(4, F_SETLKW64, {type=F_RDLCK, whence=SEEK_SET, start=0, len=0}, 0xbfd6ef74) = 0
19977 14:29:41.885074 fstat64(4, {st_mode=S_IFREG|0644, st_size=17, ...}) = 0
19977 14:29:41.885091 fcntl64(4, F_GETFL) = 0x8800 (flags O_RDONLY|O_NONBLOCK|O_LARGEFILE)
19977 14:29:41.885102 fcntl64(4, F_SETFL, O_RDONLY|O_LARGEFILE) = 0
19977 14:29:41.885113 write(5, "\v", 1) = 1
19977 14:29:41.885124 read(5,  <unfinished ...>
19975 14:29:41.885131 read(4, "\v", 1)  = 1
19975 14:29:41.885142 write(4, "\1\0\0\0", 4) = 4
19977 14:29:41.885152 <... read resumed> "\1\0\0\0", 4) = 4
19977 14:29:41.885160 write(5, "\v", 1) = 1
19977 14:29:41.885170 read(5,  <unfinished ...>
19975 14:29:41.885176 read(4, "\v", 1)  = 1
19975 14:29:41.885187 write(4, "\1\0\0\0", 4) = 4
19977 14:29:41.885197 <... read resumed> "\1\0\0\0", 4) = 4
19977 14:29:41.885204 write(5, "\r", 1) = 1
19977 14:29:41.885214 read(5,  <unfinished ...>
19975 14:29:41.885221 read(4, "\r", 1)  = 1
19975 14:29:41.885233 select(6, [5], NULL, NULL, {60, 0}) = 1 (in [5], left {60, 0})
19975 14:29:41.885249 accept(5, {sa_family=AF_INET, sin_port=htons(42048), sin_addr=inet_addr("127.0.0.1")}, [16]) = 6
19975 14:29:41.885272 write(4, "\1", 1) = 1
19977 14:29:41.885282 <... read resumed> "\1", 1) = 1
19977 14:29:41.885291 recvmsg(5,  <unfinished ...>
19975 14:29:41.885299 sendmsg(4, {msg_name(0)=NULL, msg_iov(1)=[{"\0", 1}], msg_controllen=16, {cmsg_len=16, cmsg_level=SOL_SOCKET, cmsg_type=SCM_RIGHTS, {6}}, msg_flags=0}, 0) = 1
19977 14:29:41.885316 <... recvmsg resumed> {msg_name(0)=NULL, msg_iov(1)=[{"\0", 1}], msg_controllen=16, {cmsg_len=16, cmsg_level=SOL_SOCKET, cmsg_type=SCM_RIGHTS, {6}}, msg_flags=0}, 0) = 1
19977 14:29:41.885329 setsockopt(6, SOL_SOCKET, SO_KEEPALIVE, [1], 4) = 0
19977 14:29:41.885341 setsockopt(6, SOL_IP, IP_TOS, [8], 4) = 0
19977 14:29:41.885353 setsockopt(6, SOL_SOCKET, SO_LINGER, {onoff=1, linger=32767}, 8) = 0
19977 14:29:41.885364 rt_sigaction(SIGALRM, {0x805cad0, ~[RTMIN RT_1], 0}, NULL, 8) = 0
19977 14:29:41.885382 alarm(300)        = 300
19977 14:29:41.885396 write(0, "150 Opening BINARY mode data connection for myfile16 (17 bytes).\r\n", 66) = 66
19977 14:29:41.885476 _llseek(4, 0, [0], SEEK_CUR) = 0
19977 14:29:41.885489 fstat64(4, {st_mode=S_IFREG|0644, st_size=17, ...}) = 0
19977 14:29:41.885506 _llseek(4, 0, [0], SEEK_SET) = 0
19977 14:29:41.885517 sendfile(6, 4, NULL, 17) = 17
19977 14:29:41.885548 rt_sigaction(SIGALRM, {0x805cad0, ~[RTMIN RT_1], 0}, NULL, 8) = 0
19977 14:29:41.885563 alarm(300)        = 300
19977 14:29:41.885573 close(6)          = 0
19977 14:29:41.885582 alarm(0)          = 300
19977 14:29:41.885591 gettimeofday({1495650581, 885595}, NULL) = 0
19977 14:29:41.885607 gettimeofday({1495650581, 885611}, NULL) = 0
19977 14:29:41.885621 fcntl64(3, F_SETLKW64, {type=F_WRLCK, whence=SEEK_SET, start=0, len=0}, 0xbfd6ef14) = 0
19977 14:29:41.885636 write(3, "Wed May 24 14:29:41 2017 [pid 19977] [msfadmin] OK DOWNLOAD: Client \"127.0.0.1\", \"/home/msfadmin/myfile16\", 17 bytes, 28.33Kbyte/sec\n", 133) = 133
19977 14:29:41.885657 fcntl64(3, F_SETLK64, {type=F_UNLCK, whence=SEEK_SET, start=0, len=0}, 0xbfd6ef1c) = 0
19977 14:29:41.885671 write(0, "226 Transfer complete.\r\n", 24) = 24
19977 14:29:41.885686 write(5, "\n", 1) = 1
19977 14:29:41.885697 read(5,  <unfinished ...>
19975 14:29:41.885704 close(6)          = 0
19975 14:29:41.885786 read(4, "\n", 1)  = 1
19975 14:29:41.885800 close(5)          = 0
19975 14:29:41.885811 write(4, "\1", 1) = 1
19977 14:29:41.885822 <... read resumed> "\1", 1) = 1
19977 14:29:41.885829 close(4)          = 0
19977 14:29:41.885840 rt_sigaction(SIGALRM, {0x805cad0, ~[RTMIN RT_1], 0}, NULL, 8) = 0
19977 14:29:41.885853 alarm(300)        = 0
19977 14:29:41.885864 recv(0,  <unfinished ...>
19975 14:29:41.885872 read(4,  <unfinished ...>
19974 14:29:42.374023 <... recv resumed> "TYPE I\r\n", 4096, MSG_PEEK) = 8
19974 14:29:42.374095 read(0, "TYPE I\r\n", 8) = 8
19974 14:29:42.374157 write(0, "200 Switching to Binary mode.\r\n", 31) = 31
19974 14:29:42.374233 rt_sigaction(SIGALRM, {0x805cad0, ~[RTMIN RT_1], 0}, NULL, 8) = 0
19974 14:29:42.374262 alarm(300)        = 299
19974 14:29:42.374282 recv(0, "PASV\r\n", 4096, MSG_PEEK) = 6
19974 14:29:42.374294 read(0, "PASV\r\n", 6) = 6
19974 14:29:42.374306 write(5, "\n", 1 <unfinished ...>
19972 14:29:42.374317 <... read resumed> "\n", 1) = 1
19974 14:29:42.374322 <... write resumed> ) = 1
19972 14:29:42.374330 write(4, "\1", 1) = 1
19972 14:29:42.374341 read(4,  <unfinished ...>
19974 14:29:42.374348 read(5, "\1", 1)  = 1
19974 14:29:42.374359 write(5, "\f", 1 <unfinished ...>
19972 14:29:42.374366 <... read resumed> "\f", 1) = 1
19974 14:29:42.374371 <... write resumed> ) = 1
19972 14:29:42.374378 socket(PF_INET, SOCK_STREAM, IPPROTO_TCP) = 5
19972 14:29:42.374394 setsockopt(5, SOL_SOCKET, SO_REUSEADDR, [1], 4) = 0
19972 14:29:42.374408 bind(5, {sa_family=AF_INET, sin_port=htons(31793), sin_addr=inet_addr("127.0.0.1")}, 16) = 0
19972 14:29:42.374425 listen(5, 1)      = 0
19972 14:29:42.374439 write(4, "1|\0\0", 4) = 4
19972 14:29:42.374449 read(4,  <unfinished ...>
19974 14:29:42.374456 read(5, "1|\0\0", 4) = 4
19974 14:29:42.374472 write(0, "227 Entering Passive Mode (127,0,0,1,124,49).\r\n", 47) = 47
19974 14:29:42.374586 rt_sigaction(SIGALRM, {0x805cad0, ~[RTMIN RT_1], 0}, NULL, 8) = 0
19974 14:29:42.374603 alarm(300)        = 300
19974 14:29:42.374614 recv(0, "STOR myfile1\r\n", 4096, MSG_PEEK) = 14
19974 14:29:42.374627 read(0, "STOR myfile1\r\n", 14) = 14
19974 14:29:42.374640 write(5, "\v", 1 <unfinished ...>
19972 14:29:42.374648 <... read resumed> "\v", 1) = 1
19974 14:29:42.374653 <... write resumed> ) = 1
19972 14:29:42.374659 write(4, "\1\0\0\0", 4) = 4
19972 14:29:42.374670 read(4,  <unfinished ...>
19974 14:29:42.374677 read(5, "\1\0\0\0", 4) = 4
19974 14:29:42.374689 gettimeofday({1495650582, 374692}, NULL) = 0
19974 14:29:42.374700 getcwd("/home/msfadmin", 4096) = 15
19974 14:29:42.374713 open("myfile1", O_WRONLY|O_CREAT|O_NONBLOCK|O_LARGEFILE, 0666) = 4
19974 14:29:42.374727 fstat64(4, {st_mode=S_IFREG|0644, st_size=17, ...}) = 0
19974 14:29:42.374752 fcntl64(4, F_GETFL) = 0x8801 (flags O_WRONLY|O_NONBLOCK|O_LARGEFILE)
19974 14:29:42.374763 fcntl64(4, F_SETFL, O_WRONLY|O_LARGEFILE) = 0
19974 14:29:42.374773 fcntl64(4, F_SETLKW64, {type=F_WRLCK, whence=SEEK_SET, start=0, len=0}, 0xbfd0c6f4) = 0
19974 14:29:42.374822 ftruncate64(4, 0) = 0
19974 14:29:42.374851 _llseek(4, 0, [0], SEEK_SET) = 0
19974 14:29:42.374863 write(5, "\v", 1 <unfinished ...>
19972 14:29:42.374871 <... read resumed> "\v", 1) = 1
19974 14:29:42.374876 <... write resumed> ) = 1
19972 14:29:42.374882 write(4, "\1\0\0\0", 4) = 4
19972 14:29:42.374893 read(4,  <unfinished ...>
19974 14:29:42.374900 read(5, "\1\0\0\0", 4) = 4
19974 14:29:42.374911 write(5, "\v", 1 <unfinished ...>
19972 14:29:42.374918 <... read resumed> "\v", 1) = 1
19974 14:29:42.374922 <... write resumed> ) = 1
19972 14:29:42.374928 write(4, "\1\0\0\0", 4) = 4
19972 14:29:42.374938 read(4,  <unfinished ...>
19974 14:29:42.374945 read(5, "\1\0\0\0", 4) = 4
19974 14:29:42.374956 write(5, "\r", 1 <unfinished ...>
19972 14:29:42.374963 <... read resumed> "\r", 1) = 1
19974 14:29:42.374968 <... write resumed> ) = 1
19972 14:29:42.374975 select(6, [5], NULL, NULL, {60, 0}) = 1 (in [5], left {60, 0})
19972 14:29:42.374992 accept(5, {sa_family=AF_INET, sin_port=htons(52095), sin_addr=inet_addr("127.0.0.1")}, [16]) = 6
19972 14:29:42.375014 write(4, "\1", 1) = 1
19972 14:29:42.375026 sendmsg(4, {msg_name(0)=NULL, msg_iov(1)=[{"\0", 1}], msg_controllen=16, {cmsg_len=16, cmsg_level=SOL_SOCKET, cmsg_type=SCM_RIGHTS, {6}}, msg_flags=0}, 0) = 1
19972 14:29:42.375043 close(6)          = 0
19972 14:29:42.375053 read(4,  <unfinished ...>
19974 14:29:42.375060 read(5, "\1", 1)  = 1
19974 14:29:42.375073 recvmsg(5, {msg_name(0)=NULL, msg_iov(1)=[{"\0", 1}], msg_controllen=16, {cmsg_len=16, cmsg_level=SOL_SOCKET, cmsg_type=SCM_RIGHTS, {6}}, msg_flags=0}, 0) = 1
19974 14:29:42.375091 setsockopt(6, SOL_SOCKET, SO_KEEPALIVE, [1], 4) = 0
19974 14:29:42.375103 setsockopt(6, SOL_IP, IP_TOS, [8], 4) = 0
19974 14:29:42.375115 setsockopt(6, SOL_SOCKET, SO_LINGER, {onoff=1, linger=32767}, 8) = 0
19974 14:29:42.375126 rt_sigaction(SIGALRM, {0x805cad0, ~[RTMIN RT_1], 0}, NULL, 8) = 0
19974 14:29:42.375139 alarm(300)        = 300
19974 14:29:42.375152 write(0, "150 Ok to send data.\r\n", 22) = 22
19974 14:29:42.375220 read(6, "assasaaa\na\na\na\na\n", 65536) = 17
19974 14:29:42.375234 write(4, "assasaaa\na\na\na\na\n", 17) = 17
19974 14:29:42.375250 read(6, "", 65536) = 0
19974 14:29:42.375261 rt_sigaction(SIGALRM, {0x805cad0, ~[RTMIN RT_1], 0}, NULL, 8) = 0
19974 14:29:42.375274 alarm(300)        = 300
19974 14:29:42.375284 close(6)          = 0
19974 14:29:42.375301 alarm(0)          = 300
19974 14:29:42.375311 gettimeofday({1495650582, 375315}, NULL) = 0
19974 14:29:42.375327 gettimeofday({1495650582, 375331}, NULL) = 0
19974 14:29:42.375341 fcntl64(3, F_SETLKW64, {type=F_WRLCK, whence=SEEK_SET, start=0, len=0}, 0xbfd0c694) = 0
19974 14:29:42.375356 write(3, "Wed May 24 14:29:42 2017 [pid 19974] [msfadmin] OK UPLOAD: Client \"127.0.0.1\", \"/home/msfadmin/myfile1\", 17 bytes, 25.98Kbyte/sec\n", 130) = 130
19974 14:29:42.375377 fcntl64(3, F_SETLK64, {type=F_UNLCK, whence=SEEK_SET, start=0, len=0}, 0xbfd0c69c) = 0
19974 14:29:42.375391 write(0, "226 Transfer complete.\r\n", 24) = 24
19974 14:29:42.375434 write(5, "\n", 1 <unfinished ...>
19972 14:29:42.375443 <... read resumed> "\n", 1) = 1
19974 14:29:42.375448 <... write resumed> ) = 1
19972 14:29:42.375454 close(5)          = 0
19972 14:29:42.375466 write(4, "\1", 1) = 1
19972 14:29:42.375477 read(4,  <unfinished ...>
19974 14:29:42.375484 read(5, "\1", 1)  = 1
19974 14:29:42.375495 close(4)          = 0
19974 14:29:42.375505 rt_sigaction(SIGALRM, {0x805cad0, ~[RTMIN RT_1], 0}, NULL, 8) = 0
19974 14:29:42.375519 alarm(300)        = 0
19974 14:29:42.375529 recv(0,  <unfinished ...>
19977 14:29:42.433671 <... recv resumed> "USER msfadmin\r\n", 4096, MSG_PEEK) = 15
19977 14:29:42.433790 read(0, "USER msfadmin\r\n", 15) = 15
19977 14:29:42.433888 write(0, "331 Any password will do.\r\n", 27) = 27
19977 14:29:42.433986 rt_sigaction(SIGALRM, {0x805cad0, ~[RTMIN RT_1], 0}, NULL, 8) = 0
19977 14:29:42.434019 alarm(300)        = 299
19977 14:29:42.434045 recv(0, "PASS msfadmin\r\n", 4096, MSG_PEEK) = 15
19977 14:29:42.434060 read(0, "PASS msfadmin\r\n", 15) = 15
19977 14:29:42.434076 write(0, "230 Already logged in.\r\n", 24) = 24
19977 14:29:42.434137 rt_sigaction(SIGALRM, {0x805cad0, ~[RTMIN RT_1], 0}, NULL, 8) = 0
19977 14:29:42.434153 alarm(300)        = 300
19977 14:29:42.434164 recv(0, "TYPE I\r\n", 4096, MSG_PEEK) = 8
19977 14:29:42.434175 read(0, "TYPE I\r\n", 8) = 8
19977 14:29:42.434190 write(0, "200 Switching to Binary mode.\r\n", 31) = 31
19977 14:29:42.434226 rt_sigaction(SIGALRM, {0x805cad0, ~[RTMIN RT_1], 0}, NULL, 8) = 0
19977 14:29:42.434240 alarm(300)        = 300
19977 14:29:42.434251 recv(0, "PASV\r\n", 4096, MSG_PEEK) = 6
19977 14:29:42.434262 read(0, "PASV\r\n", 6) = 6
19977 14:29:42.434273 write(5, "\n", 1) = 1
19977 14:29:42.434286 read(5,  <unfinished ...>
19975 14:29:42.434295 <... read resumed> "\n", 1) = 1
19975 14:29:42.434304 write(4, "\1", 1) = 1
19977 14:29:42.434314 <... read resumed> "\1", 1) = 1
19977 14:29:42.434322 write(5, "\f", 1) = 1
19977 14:29:42.434332 read(5,  <unfinished ...>
19975 14:29:42.434338 read(4, "\f", 1)  = 1
19975 14:29:42.434350 socket(PF_INET, SOCK_STREAM, IPPROTO_TCP) = 5
19975 14:29:42.434366 setsockopt(5, SOL_SOCKET, SO_REUSEADDR, [1], 4) = 0
19975 14:29:42.434380 bind(5, {sa_family=AF_INET, sin_port=htons(55770), sin_addr=inet_addr("127.0.0.1")}, 16) = 0
19975 14:29:42.434397 listen(5, 1)      = 0
19975 14:29:42.434410 write(4, "\332\331\0\0", 4) = 4
19977 14:29:42.434421 <... read resumed> "\332\331\0\0", 4) = 4
19977 14:29:42.434433 write(0, "227 Entering Passive Mode (127,0,0,1,217,218).\r\n", 48) = 48
19977 14:29:42.434545 rt_sigaction(SIGALRM, {0x805cad0, ~[RTMIN RT_1], 0}, NULL, 8) = 0
19977 14:29:42.434561 alarm(300)        = 300
19977 14:29:42.434573 recv(0, "RETR myfile17\r\n", 4096, MSG_PEEK) = 15
19977 14:29:42.434617 read(0, "RETR myfile17\r\n", 15) = 15
19977 14:29:42.434636 write(5, "\v", 1) = 1
19977 14:29:42.434659 read(5,  <unfinished ...>
19975 14:29:42.434666 read(4, "\v", 1)  = 1
19975 14:29:42.434677 write(4, "\1\0\0\0", 4) = 4
19977 14:29:42.434688 <... read resumed> "\1\0\0\0", 4) = 4
19977 14:29:42.434696 gettimeofday({1495650582, 434700}, NULL) = 0
19977 14:29:42.434707 getcwd("/home/msfadmin", 4096) = 15
19977 14:29:42.434720 open("myfile17", O_RDONLY|O_NONBLOCK|O_LARGEFILE) = 4
19977 14:29:42.434734 fcntl64(4, F_SETLKW64, {type=F_RDLCK, whence=SEEK_SET, start=0, len=0}, 0xbfd6ef74) = 0
19977 14:29:42.434749 fstat64(4, {st_mode=S_IFREG|0644, st_size=17, ...}) = 0
19977 14:29:42.434766 fcntl64(4, F_GETFL) = 0x8800 (flags O_RDONLY|O_NONBLOCK|O_LARGEFILE)
19977 14:29:42.434777 fcntl64(4, F_SETFL, O_RDONLY|O_LARGEFILE) = 0
19977 14:29:42.434788 write(5, "\v", 1) = 1
19977 14:29:42.434799 read(5,  <unfinished ...>
19975 14:29:42.434806 read(4, "\v", 1)  = 1
19975 14:29:42.434817 write(4, "\1\0\0\0", 4) = 4
19977 14:29:42.434827 <... read resumed> "\1\0\0\0", 4) = 4
19977 14:29:42.434834 write(5, "\v", 1) = 1
19977 14:29:42.434844 read(5,  <unfinished ...>
19975 14:29:42.434851 read(4, "\v", 1)  = 1
19975 14:29:42.434862 write(4, "\1\0\0\0", 4) = 4
19977 14:29:42.434872 <... read resumed> "\1\0\0\0", 4) = 4
19977 14:29:42.434879 write(5, "\r", 1) = 1
19977 14:29:42.434889 read(5,  <unfinished ...>
19975 14:29:42.434896 read(4, "\r", 1)  = 1
19975 14:29:42.434908 select(6, [5], NULL, NULL, {60, 0}) = 1 (in [5], left {60, 0})
19975 14:29:42.434924 accept(5, {sa_family=AF_INET, sin_port=htons(43825), sin_addr=inet_addr("127.0.0.1")}, [16]) = 6
19975 14:29:42.434947 write(4, "\1", 1) = 1
19977 14:29:42.434957 <... read resumed> "\1", 1) = 1
19977 14:29:42.434966 recvmsg(5,  <unfinished ...>
19975 14:29:42.434974 sendmsg(4, {msg_name(0)=NULL, msg_iov(1)=[{"\0", 1}], msg_controllen=16, {cmsg_len=16, cmsg_level=SOL_SOCKET, cmsg_type=SCM_RIGHTS, {6}}, msg_flags=0}, 0) = 1
19977 14:29:42.434991 <... recvmsg resumed> {msg_name(0)=NULL, msg_iov(1)=[{"\0", 1}], msg_controllen=16, {cmsg_len=16, cmsg_level=SOL_SOCKET, cmsg_type=SCM_RIGHTS, {6}}, msg_flags=0}, 0) = 1
19977 14:29:42.435009 setsockopt(6, SOL_SOCKET, SO_KEEPALIVE, [1], 4) = 0
19977 14:29:42.435022 setsockopt(6, SOL_IP, IP_TOS, [8], 4) = 0
19977 14:29:42.435034 setsockopt(6, SOL_SOCKET, SO_LINGER, {onoff=1, linger=32767}, 8) = 0
19977 14:29:42.435045 rt_sigaction(SIGALRM, {0x805cad0, ~[RTMIN RT_1], 0}, NULL, 8) = 0
19977 14:29:42.435058 alarm(300)        = 300
19977 14:29:42.435071 write(0, "150 Opening BINARY mode data connection for myfile17 (17 bytes).\r\n", 66) = 66
19977 14:29:42.435113 _llseek(4, 0, [0], SEEK_CUR) = 0
19977 14:29:42.435126 fstat64(4, {st_mode=S_IFREG|0644, st_size=17, ...}) = 0
19977 14:29:42.435143 _llseek(4, 0, [0], SEEK_SET) = 0
19977 14:29:42.435154 sendfile(6, 4, NULL, 17) = 17
19977 14:29:42.435184 rt_sigaction(SIGALRM, {0x805cad0, ~[RTMIN RT_1], 0}, NULL, 8) = 0
19977 14:29:42.435199 alarm(300)        = 300
19977 14:29:42.435208 close(6)          = 0
19977 14:29:42.435218 alarm(0)          = 300
19977 14:29:42.435227 gettimeofday({1495650582, 435231}, NULL) = 0
19977 14:29:42.435243 gettimeofday({1495650582, 435246}, NULL) = 0
19977 14:29:42.435257 fcntl64(3, F_SETLKW64, {type=F_WRLCK, whence=SEEK_SET, start=0, len=0}, 0xbfd6ef14) = 0
19977 14:29:42.435271 write(3, "Wed May 24 14:29:42 2017 [pid 19977] [msfadmin] OK DOWNLOAD: Client \"127.0.0.1\", \"/home/msfadmin/myfile17\", 17 bytes, 30.41Kbyte/sec\n", 133) = 133
19977 14:29:42.435292 fcntl64(3, F_SETLK64, {type=F_UNLCK, whence=SEEK_SET, start=0, len=0}, 0xbfd6ef1c) = 0
19977 14:29:42.435306 write(0, "226 Transfer complete.\r\n", 24) = 24
19977 14:29:42.435321 write(5, "\n", 1) = 1
19977 14:29:42.435332 read(5,  <unfinished ...>
19975 14:29:42.435339 close(6)          = 0
19975 14:29:42.435422 read(4, "\n", 1)  = 1
19975 14:29:42.435436 close(5)          = 0
19975 14:29:42.435447 write(4, "\1", 1) = 1
19977 14:29:42.435458 <... read resumed> "\1", 1) = 1
19977 14:29:42.435465 close(4)          = 0
19977 14:29:42.435476 rt_sigaction(SIGALRM, {0x805cad0, ~[RTMIN RT_1], 0}, NULL, 8) = 0
19977 14:29:42.435489 alarm(300)        = 0
19977 14:29:42.435500 recv(0,  <unfinished ...>
19975 14:29:42.435508 read(4,  <unfinished ...>
