21758 14:48:29.107003 open("/etc/passwd", O_RDONLY|0x80000 /* O_??? */) = 5
21758 14:48:29.107018 _llseek(5, 0, [0], SEEK_CUR) = 0
21758 14:48:29.107029 fstat64(5, {st_mode=S_IFREG|0644, st_size=1624, ...}) = 0
21758 14:48:29.107045 mmap2(NULL, 1624, PROT_READ, MAP_SHARED, 5, 0) = 0xb7f82000
21758 14:48:29.107056 _llseek(5, 1624, [1624], SEEK_SET) = 0
21758 14:48:29.107074 munmap(0xb7f82000, 1624) = 0
21758 14:48:29.107085 close(5)          = 0
21758 14:48:29.107109 open("/etc/shadow", O_RDONLY|0x80000 /* O_??? */) = 5
21758 14:48:29.107126 _llseek(5, 0, [0], SEEK_CUR) = 0
21758 14:48:29.107136 fstat64(5, {st_mode=S_IFREG|0640, st_size=1233, ...}) = 0
21758 14:48:29.107152 mmap2(NULL, 1233, PROT_READ, MAP_SHARED, 5, 0) = 0xb7f82000
21758 14:48:29.107163 _llseek(5, 1233, [1233], SEEK_SET) = 0
21758 14:48:29.107182 munmap(0xb7f82000, 1233) = 0
21758 14:48:29.107192 close(5)          = 0
21758 14:48:29.107210 open("/etc/passwd", O_RDONLY|0x80000 /* O_??? */) = 5
21758 14:48:29.107223 _llseek(5, 0, [0], SEEK_CUR) = 0
21758 14:48:29.107234 fstat64(5, {st_mode=S_IFREG|0644, st_size=1624, ...}) = 0
21758 14:48:29.107250 mmap2(NULL, 1624, PROT_READ, MAP_SHARED, 5, 0) = 0xb7f82000
21758 14:48:29.107260 _llseek(5, 1624, [1624], SEEK_SET) = 0
21758 14:48:29.107276 munmap(0xb7f82000, 1624) = 0
21758 14:48:29.107286 close(5)          = 0
21758 14:48:29.107298 open("/etc/shadow", O_RDONLY|0x80000 /* O_??? */) = 5
21758 14:48:29.107310 _llseek(5, 0, [0], SEEK_CUR) = 0
21758 14:48:29.107320 fstat64(5, {st_mode=S_IFREG|0640, st_size=1233, ...}) = 0
21758 14:48:29.107336 mmap2(NULL, 1233, PROT_READ, MAP_SHARED, 5, 0) = 0xb7f82000
21758 14:48:29.107346 _llseek(5, 1233, [1233], SEEK_SET) = 0
21758 14:48:29.107381 munmap(0xb7f82000, 1233) = 0
21758 14:48:29.107394 close(5)          = 0
21758 14:48:29.107636 getuid32()        = 0
21758 14:48:29.107647 open("/etc/passwd", O_RDONLY|0x80000 /* O_??? */) = 5
21758 14:48:29.107660 _llseek(5, 0, [0], SEEK_CUR) = 0
21758 14:48:29.107670 fstat64(5, {st_mode=S_IFREG|0644, st_size=1624, ...}) = 0
21758 14:48:29.107686 mmap2(NULL, 1624, PROT_READ, MAP_SHARED, 5, 0) = 0xb7f82000
21758 14:48:29.107697 _llseek(5, 1624, [1624], SEEK_SET) = 0
21758 14:48:29.107712 munmap(0xb7f82000, 1624) = 0
21758 14:48:29.107722 close(5)          = 0
21758 14:48:29.107735 open("/etc/shadow", O_RDONLY|0x80000 /* O_??? */) = 5
21758 14:48:29.107747 _llseek(5, 0, [0], SEEK_CUR) = 0
21758 14:48:29.107757 fstat64(5, {st_mode=S_IFREG|0640, st_size=1233, ...}) = 0
21758 14:48:29.107773 mmap2(NULL, 1233, PROT_READ, MAP_SHARED, 5, 0) = 0xb7f82000
21758 14:48:29.107783 _llseek(5, 1233, [1233], SEEK_SET) = 0
21758 14:48:29.107799 munmap(0xb7f82000, 1233) = 0
21758 14:48:29.107808 close(5)          = 0
21758 14:48:29.107820 time(NULL)        = 1495651709
21758 14:48:29.107838 munmap(0xb7f7f000, 12164) = 0
21758 14:48:29.107852 munmap(0xb7f7d000, 7136) = 0
21758 14:48:29.107865 munmap(0xb7db2000, 95428) = 0
21758 14:48:29.107876 munmap(0xb7d78000, 201052) = 0
21758 14:48:29.107887 munmap(0xb7d5f000, 101180) = 0
21758 14:48:29.107903 gettimeofday({1495651709, 107907}, NULL) = 0
21758 14:48:29.107914 stat64("/usr/share/zoneinfo/UTC+04:00", 0xbfb1b484) = -1 ENOENT (No such file or directory)
21758 14:48:29.107929 open("/usr/share/zoneinfo/UTC+04:00", O_RDONLY) = -1 ENOENT (No such file or directory)
21758 14:48:29.107954 fcntl64(3, F_SETLKW64, {type=F_WRLCK, whence=SEEK_SET, start=0, len=0}, 0xbfb1b5d4) = 0
21758 14:48:29.107969 write(3, "Wed May 24 14:48:29 2017 [pid 21758] [msfadmin] OK LOGIN: Client \"127.0.0.1\"\n", 77) = 77
21758 14:48:29.107986 fcntl64(3, F_SETLK64, {type=F_UNLCK, whence=SEEK_SET, start=0, len=0}, 0xbfb1b5dc) = 0
21758 14:48:29.107999 rt_sigaction(SIGCHLD, {0x805cad0, ~[RTMIN RT_1], 0}, NULL, 8) = 0
21758 14:48:29.108013 write(4, "\1", 1 <unfinished ...>
21759 14:48:29.108022 <... read resumed> "\1", 1) = 1
21758 14:48:29.108028 <... write resumed> ) = 1
21759 14:48:29.108035 exit_group(0)     = ?
21758 14:48:29.108062 --- SIGCHLD (Child exited) @ 0 (0) ---
21758 14:48:29.108070 sigreturn()       = ? (mask now [])
21758 14:48:29.108088 wait4(-1, [{WIFEXITED(s) && WEXITSTATUS(s) == 0}], 0, NULL) = 21759
21758 14:48:29.108101 close(4)          = 0
21758 14:48:29.108113 socketpair(PF_FILE, SOCK_STREAM, 0, [4, 5]) = 0
21758 14:48:29.108126 rt_sigaction(SIGCHLD, {0x805cad0, ~[RTMIN RT_1], 0}, NULL, 8) = 0
21758 14:48:29.108140 rt_sigaction(SIGALRM, {0x805cb10, ~[RTMIN RT_1], 0}, NULL, 8) = 0
21758 14:48:29.108154 clone(child_stack=0, flags=CLONE_CHILD_CLEARTID|CLONE_CHILD_SETTID|SIGCHLD, child_tidptr=0xb7de86f8) = 21760
21760 14:48:29.108203 prctl(0x1, 0x9, 0, 0, 0) = 0
21760 14:48:29.108216 close(4)          = 0
21760 14:48:29.108242 open("/etc/passwd", O_RDONLY|0x80000 /* O_??? */) = 4
21760 14:48:29.108259 _llseek(4, 0, [0], SEEK_CUR) = 0
21760 14:48:29.108274 fstat64(4, {st_mode=S_IFREG|0644, st_size=1624, ...}) = 0
21760 14:48:29.108293 mmap2(NULL, 1624, PROT_READ, MAP_SHARED, 4, 0) = 0xb7f82000
21760 14:48:29.108304 _llseek(4, 1624, [1624], SEEK_SET) = 0
21760 14:48:29.108326 munmap(0xb7f82000, 1624) = 0
21760 14:48:29.108355 close(4)          = 0
21760 14:48:29.108382 getuid32()        = 0
21760 14:48:29.108392 open("/etc/passwd", O_RDONLY|0x80000 /* O_??? */) = 4
21760 14:48:29.108405 _llseek(4, 0, [0], SEEK_CUR) = 0
21760 14:48:29.108415 fstat64(4, {st_mode=S_IFREG|0644, st_size=1624, ...}) = 0
21760 14:48:29.108431 mmap2(NULL, 1624, PROT_READ, MAP_SHARED, 4, 0) = 0xb7f82000
21760 14:48:29.108442 _llseek(4, 1624, [1624], SEEK_SET) = 0
21760 14:48:29.108458 munmap(0xb7f82000, 1624) = 0
21760 14:48:29.108467 close(4)          = 0
21760 14:48:29.108492 open("/proc/sys/kernel/ngroups_max", O_RDONLY) = 4
21760 14:48:29.108512 read(4, "65536\n", 31) = 6
21760 14:48:29.108525 close(4)          = 0
21760 14:48:29.108538 socket(PF_FILE, SOCK_STREAM, 0) = 4
21760 14:48:29.108550 fcntl64(4, F_SETFL, O_RDWR|O_NONBLOCK) = 0
21760 14:48:29.108561 connect(4, {sa_family=AF_FILE, path="/var/run/nscd/socket"}, 110) = -1 ENOENT (No such file or directory)
21760 14:48:29.108581 close(4)          = 0
21760 14:48:29.108593 socket(PF_FILE, SOCK_STREAM, 0) = 4
21760 14:48:29.108603 fcntl64(4, F_SETFL, O_RDWR|O_NONBLOCK) = 0
21760 14:48:29.108613 connect(4, {sa_family=AF_FILE, path="/var/run/nscd/socket"}, 110) = -1 ENOENT (No such file or directory)
21760 14:48:29.108631 close(4)          = 0
21760 14:48:29.108654 open("/etc/group", O_RDONLY|0x80000 /* O_??? */) = 4
21760 14:48:29.108670 _llseek(4, 0, [0], SEEK_CUR) = 0
21760 14:48:29.108682 fstat64(4, {st_mode=S_IFREG|0644, st_size=886, ...}) = 0
21760 14:48:29.108698 mmap2(NULL, 886, PROT_READ, MAP_SHARED, 4, 0) = 0xb7f82000
21760 14:48:29.108709 _llseek(4, 886, [886], SEEK_SET) = 0
21760 14:48:29.108733 fstat64(4, {st_mode=S_IFREG|0644, st_size=886, ...}) = 0
21760 14:48:29.108750 munmap(0xb7f82000, 886) = 0
21760 14:48:29.108764 close(4)          = 0
21760 14:48:29.108774 setgroups32(13, [1000, 4, 20, 24, 25, 29, 30, 44, 46, 107, 111, 112, 119]) = 0
21760 14:48:29.108790 geteuid32()       = 0
21760 14:48:29.108801 getegid32()       = 0
21760 14:48:29.108811 setregid32(-1, 1000) = 0
21760 14:48:29.108822 setreuid32(-1, 1000) = 0
21760 14:48:29.108832 chdir("/home/msfadmin") = 0
21760 14:48:29.108844 setreuid32(-1, 0) = 0
21760 14:48:29.108844 setregid32(-1, 0) = 0
21760 14:48:29.108845 setgid32(1000)    = 0
21760 14:48:29.108845 setuid32(1000)    = 0
21760 14:48:29.108845 setrlimit(RLIMIT_NPROC, {rlim_cur=0, rlim_max=0}) = 0
21760 14:48:29.108845 mmap2(NULL, 12288, PROT_READ|PROT_WRITE, MAP_PRIVATE|MAP_ANONYMOUS, -1, 0) = 0xb7f80000
21760 14:48:29.108845 mprotect(0xb7f82000, 4096, PROT_NONE) = 0
21760 14:48:29.108846 mprotect(0xb7f80000, 4096, PROT_NONE) = 0
21760 14:48:29.108846 getcwd("/home/msfadmin", 4096) = 15
21760 14:48:29.108846 umask(022)        = 077
21760 14:48:29.108846 getcwd("/home/msfadmin", 4096) = 15
21760 14:48:29.108847 open(".message", O_RDONLY|O_NONBLOCK|O_LARGEFILE) = -1 ENOENT (No such file or directory)
21760 14:48:29.108847 write(0, "230 Login successful.\r\n", 23) = 23
21760 14:48:29.108914 rt_sigaction(SIGALRM, {0x805cad0, ~[RTMIN RT_1], 0}, NULL, 8) = 0
21760 14:48:29.108931 alarm(300)        = 0
21760 14:48:29.108942 mmap2(NULL, 12288, PROT_READ|PROT_WRITE, MAP_PRIVATE|MAP_ANONYMOUS, -1, 0) = 0xb7f7d000
21760 14:48:29.108953 mprotect(0xb7f7f000, 4096, PROT_NONE) = 0
21760 14:48:29.108964 mprotect(0xb7f7d000, 4096, PROT_NONE) = 0
21760 14:48:29.108977 recv(0, "TYPE I\r\n", 4096, MSG_PEEK) = 8
21760 14:48:29.108989 read(0, "TYPE I\r\n", 8) = 8
21760 14:48:29.109006 write(0, "200 Switching to Binary mode.\r\n", 31) = 31
21760 14:48:29.109090 rt_sigaction(SIGALRM, {0x805cad0, ~[RTMIN RT_1], 0}, NULL, 8) = 0
21760 14:48:29.109106 alarm(300)        = 300
21760 14:48:29.109117 recv(0, "PASV\r\n", 4096, MSG_PEEK) = 6
21760 14:48:29.109129 read(0, "PASV\r\n", 6) = 6
21760 14:48:29.109141 write(5, "\n", 1) = 1
21760 14:48:29.109152 read(5,  <unfinished ...>
21758 14:48:29.109164 close(5)          = 0
21758 14:48:29.109176 getuid32()        = 0
21758 14:48:29.109191 open("/etc/passwd", O_RDONLY|0x80000 /* O_??? */) = 5
21758 14:48:29.109205 _llseek(5, 0, [0], SEEK_CUR) = 0
21758 14:48:29.109217 fstat64(5, {st_mode=S_IFREG|0644, st_size=1624, ...}) = 0
21758 14:48:29.109235 mmap2(NULL, 1624, PROT_READ, MAP_SHARED, 5, 0) = 0xb7f82000
21758 14:48:29.109247 _llseek(5, 1624, [1624], SEEK_SET) = 0
21758 14:48:29.109264 munmap(0xb7f82000, 1624) = 0
21758 14:48:29.109275 close(5)          = 0
21758 14:48:29.109291 setgroups32(0, []) = 0
21758 14:48:29.109302 chdir("/usr/share/empty") = 0
21758 14:48:29.109314 chroot(".")       = 0
21758 14:48:29.109324 capset(NULL, NULL) = -1 EFAULT (Bad address)
21758 14:48:29.109338 prctl(0x8, 0, 0xbfb1b5b8, 0x80549a6, 0xbfb1b5a0) = 0
21758 14:48:29.109349 prctl(0x8, 0x1, 0xbfb1b5b8, 0x8054a49, 0xbfb1b5a0) = 0
21758 14:48:29.109359 setgid32(65534)   = 0
21758 14:48:29.109369 setuid32(65534)   = 0
21758 14:48:29.109378 capset(0x19980330, 0, {CAP_NET_BIND_SERVICE, CAP_NET_BIND_SERVICE, 0}) = 0
21758 14:48:29.109391 read(4, "\n", 1)  = 1
21758 14:48:29.109404 write(4, "\1", 1) = 1
21760 14:48:29.109415 <... read resumed> "\1", 1) = 1
21760 14:48:29.109422 write(5, "\f", 1) = 1
21760 14:48:29.109432 read(5,  <unfinished ...>
21758 14:48:29.109439 read(4, "\f", 1)  = 1
21758 14:48:29.109451 socket(PF_INET, SOCK_STREAM, IPPROTO_TCP) = 5
21758 14:48:29.109464 setsockopt(5, SOL_SOCKET, SO_REUSEADDR, [1], 4) = 0
21758 14:48:29.109476 gettimeofday({1495651709, 109479}, NULL) = 0
21758 14:48:29.109492 bind(5, {sa_family=AF_INET, sin_port=htons(60684), sin_addr=inet_addr("127.0.0.1")}, 16) = 0
21758 14:48:29.109508 listen(5, 1)      = 0
21758 14:48:29.109521 write(4, "\f\355\0\0", 4) = 4
21760 14:48:29.109532 <... read resumed> "\f\355\0\0", 4) = 4
21760 14:48:29.109546 write(0, "227 Entering Passive Mode (127,0,0,1,237,12).\r\n", 47) = 47
21760 14:48:29.109645 rt_sigaction(SIGALRM, {0x805cad0, ~[RTMIN RT_1], 0}, NULL, 8) = 0
21760 14:48:29.109666 alarm(300)        = 300
21760 14:48:29.109678 recv(0, "RETR myfile14\r\n", 4096, MSG_PEEK) = 15
21760 14:48:29.109690 read(0, "RETR myfile14\r\n", 15) = 15
21760 14:48:29.109705 write(5, "\v", 1) = 1
21760 14:48:29.109715 read(5,  <unfinished ...>
21758 14:48:29.109722 read(4, "\v", 1)  = 1
21758 14:48:29.109733 write(4, "\1\0\0\0", 4) = 4
21760 14:48:29.109744 <... read resumed> "\1\0\0\0", 4) = 4
21760 14:48:29.109752 gettimeofday({1495651709, 109756}, NULL) = 0
21760 14:48:29.109763 getcwd("/home/msfadmin", 4096) = 15
21760 14:48:29.109775 open("myfile14", O_RDONLY|O_NONBLOCK|O_LARGEFILE) = 4
21760 14:48:29.109788 fcntl64(4, F_SETLKW64, {type=F_RDLCK, whence=SEEK_SET, start=0, len=0}, 0xbfb1b524) = 0
21760 14:48:29.109801 fstat64(4, {st_mode=S_IFREG|0644, st_size=17, ...}) = 0
21760 14:48:29.109818 fcntl64(4, F_GETFL) = 0x8800 (flags O_RDONLY|O_NONBLOCK|O_LARGEFILE)
21760 14:48:29.109828 fcntl64(4, F_SETFL, O_RDONLY|O_LARGEFILE) = 0
21760 14:48:29.109840 write(5, "\v", 1) = 1
21760 14:48:29.109851 read(5,  <unfinished ...>
21758 14:48:29.109858 read(4, "\v", 1)  = 1
21758 14:48:29.109869 write(4, "\1\0\0\0", 4) = 4
21760 14:48:29.109879 <... read resumed> "\1\0\0\0", 4) = 4
21760 14:48:29.109887 write(5, "\v", 1) = 1
21760 14:48:29.109897 read(5,  <unfinished ...>
21758 14:48:29.109903 read(4, "\v", 1)  = 1
21758 14:48:29.109914 write(4, "\1\0\0\0", 4) = 4
21760 14:48:29.109924 <... read resumed> "\1\0\0\0", 4) = 4
21760 14:48:29.109931 write(5, "\r", 1) = 1
21760 14:48:29.109941 read(5,  <unfinished ...>
21758 14:48:29.109947 read(4, "\r", 1)  = 1
21758 14:48:29.109960 select(6, [5], NULL, NULL, {60, 0}) = 1 (in [5], left {60, 0})
21758 14:48:29.109976 accept(5, {sa_family=AF_INET, sin_port=htons(41216), sin_addr=inet_addr("127.0.0.1")}, [16]) = 6
21758 14:48:29.109998 write(4, "\1", 1) = 1
21760 14:48:29.110050 <... read resumed> "\1", 1) = 1
21760 14:48:29.110061 recvmsg(5,  <unfinished ...>
21758 14:48:29.110071 sendmsg(4, {msg_name(0)=NULL, msg_iov(1)=[{"\0", 1}], msg_controllen=16, {cmsg_len=16, cmsg_level=SOL_SOCKET, cmsg_type=SCM_RIGHTS, {6}}, msg_flags=0}, 0) = 1
21760 14:48:29.110088 <... recvmsg resumed> {msg_name(0)=NULL, msg_iov(1)=[{"\0", 1}], msg_controllen=16, {cmsg_len=16, cmsg_level=SOL_SOCKET, cmsg_type=SCM_RIGHTS, {6}}, msg_flags=0}, 0) = 1
21760 14:48:29.110102 setsockopt(6, SOL_SOCKET, SO_KEEPALIVE, [1], 4) = 0
21760 14:48:29.110114 setsockopt(6, SOL_IP, IP_TOS, [8], 4) = 0
21760 14:48:29.110126 setsockopt(6, SOL_SOCKET, SO_LINGER, {onoff=1, linger=32767}, 8) = 0
21760 14:48:29.110137 rt_sigaction(SIGALRM, {0x805cad0, ~[RTMIN RT_1], 0}, NULL, 8) = 0
21760 14:48:29.110150 alarm(300)        = 300
21760 14:48:29.110164 write(0, "150 Opening BINARY mode data connection for myfile14 (17 bytes).\r\n", 66) = 66
21760 14:48:29.110207 _llseek(4, 0, [0], SEEK_CUR) = 0
21760 14:48:29.110219 fstat64(4, {st_mode=S_IFREG|0644, st_size=17, ...}) = 0
21760 14:48:29.110236 _llseek(4, 0, [0], SEEK_SET) = 0
21760 14:48:29.110248 sendfile(6, 4, NULL, 17) = 17
21760 14:48:29.110276 rt_sigaction(SIGALRM, {0x805cad0, ~[RTMIN RT_1], 0}, NULL, 8) = 0
21760 14:48:29.110291 alarm(300)        = 300
21760 14:48:29.110300 close(6)          = 0
21760 14:48:29.110309 alarm(0)          = 300
21760 14:48:29.110318 gettimeofday({1495651709, 110322}, NULL) = 0
21760 14:48:29.110336 getpid()          = 21760
21760 14:48:29.110347 gettimeofday({1495651709, 110351}, NULL) = 0
21760 14:48:29.110365 fcntl64(3, F_SETLKW64, {type=F_WRLCK, whence=SEEK_SET, start=0, len=0}, 0xbfb1b4c4) = 0
21760 14:48:29.110379 write(3, "Wed May 24 14:48:29 2017 [pid 21760] [msfadmin] OK DOWNLOAD: Client \"127.0.0.1\", \"/home/msfadmin/myfile14\", 17 bytes, 27.90Kbyte/sec\n", 133) = 133
21760 14:48:29.110399 fcntl64(3, F_SETLK64, {type=F_UNLCK, whence=SEEK_SET, start=0, len=0}, 0xbfb1b4cc) = 0
21760 14:48:29.110413 write(0, "226 Transfer complete.\r\n", 24) = 24
21760 14:48:29.110428 write(5, "\n", 1) = 1
21760 14:48:29.110438 read(5,  <unfinished ...>
21758 14:48:29.110445 close(6)          = 0
21758 14:48:29.110526 read(4, "\n", 1)  = 1
21758 14:48:29.110540 close(5)          = 0
21758 14:48:29.110551 write(4, "\1", 1) = 1
21760 14:48:29.110562 <... read resumed> "\1", 1) = 1
21760 14:48:29.110569 close(4)          = 0
21760 14:48:29.110579 rt_sigaction(SIGALRM, {0x805cad0, ~[RTMIN RT_1], 0}, NULL, 8) = 0
21760 14:48:29.110593 alarm(300)        = 0
21760 14:48:29.110604 recv(0,  <unfinished ...>
21758 14:48:29.110611 read(4,  <unfinished ...>
21757 14:48:29.127073 <... recv resumed> "TYPE I\r\n", 4096, MSG_PEEK) = 8
21757 14:48:29.127103 read(0, "TYPE I\r\n", 8) = 8
21757 14:48:29.127125 write(0, "200 Switching to Binary mode.\r\n", 31) = 31
21757 14:48:29.127173 rt_sigaction(SIGALRM, {0x805cad0, ~[RTMIN RT_1], 0}, NULL, 8) = 0
21757 14:48:29.127190 alarm(300)        = 299
21757 14:48:29.127203 recv(0, "PASV\r\n", 4096, MSG_PEEK) = 6
21757 14:48:29.127214 read(0, "PASV\r\n", 6) = 6
21757 14:48:29.127226 write(5, "\n", 1 <unfinished ...>
21755 14:48:29.127238 <... read resumed> "\n", 1) = 1
21757 14:48:29.127243 <... write resumed> ) = 1
21755 14:48:29.127251 write(4, "\1", 1 <unfinished ...>
21757 14:48:29.127257 read(5,  <unfinished ...>
21755 14:48:29.127263 <... write resumed> ) = 1
21757 14:48:29.127267 <... read resumed> "\1", 1) = 1
21755 14:48:29.127275 read(4,  <unfinished ...>
21757 14:48:29.127280 write(5, "\f", 1 <unfinished ...>
21755 14:48:29.127287 <... read resumed> "\f", 1) = 1
21757 14:48:29.127291 <... write resumed> ) = 1
21755 14:48:29.127300 socket(PF_INET, SOCK_STREAM, IPPROTO_TCP <unfinished ...>
21757 14:48:29.127305 read(5,  <unfinished ...>
21755 14:48:29.127314 <... socket resumed> ) = 5
21755 14:48:29.127322 setsockopt(5, SOL_SOCKET, SO_REUSEADDR, [1], 4) = 0
21755 14:48:29.127336 bind(5, {sa_family=AF_INET, sin_port=htons(65269), sin_addr=inet_addr("127.0.0.1")}, 16) = 0
21755 14:48:29.127353 listen(5, 1)      = 0
21755 14:48:29.127367 write(4, "\365\376\0\0", 4 <unfinished ...>
21757 14:48:29.127375 <... read resumed> "\365\376\0\0", 4) = 4
21755 14:48:29.127381 <... write resumed> ) = 4
21757 14:48:29.127392 write(0, "227 Entering Passive Mode (127,0,0,1,254,245).\r\n", 48 <unfinished ...>
21755 14:48:29.127401 read(4,  <unfinished ...>
21757 14:48:29.127500 <... write resumed> ) = 48
21757 14:48:29.127513 rt_sigaction(SIGALRM, {0x805cad0, ~[RTMIN RT_1], 0}, NULL, 8) = 0
21757 14:48:29.127527 alarm(300)        = 300
21757 14:48:29.127539 recv(0, "STOR myfile24\r\n", 4096, MSG_PEEK) = 15
21757 14:48:29.127586 read(0, "STOR myfile24\r\n", 15) = 15
21757 14:48:29.127610 write(5, "\v", 1 <unfinished ...>
21755 14:48:29.127618 <... read resumed> "\v", 1) = 1
21757 14:48:29.127623 <... write resumed> ) = 1
21755 14:48:29.127629 write(4, "\1\0\0\0", 4) = 4
21755 14:48:29.127640 read(4,  <unfinished ...>
21757 14:48:29.127647 read(5, "\1\0\0\0", 4) = 4
21757 14:48:29.127658 gettimeofday({1495651709, 127662}, NULL) = 0
21757 14:48:29.127669 getcwd("/home/msfadmin", 4096) = 15
21757 14:48:29.127682 open("myfile24", O_WRONLY|O_CREAT|O_NONBLOCK|O_LARGEFILE, 0666) = 4
21757 14:48:29.127696 fstat64(4, {st_mode=S_IFREG|0644, st_size=17, ...}) = 0
21757 14:48:29.127714 fcntl64(4, F_GETFL) = 0x8801 (flags O_WRONLY|O_NONBLOCK|O_LARGEFILE)
21757 14:48:29.127726 fcntl64(4, F_SETFL, O_WRONLY|O_LARGEFILE) = 0
21757 14:48:29.127736 fcntl64(4, F_SETLKW64, {type=F_WRLCK, whence=SEEK_SET, start=0, len=0}, 0xbfd7bf64) = 0
21757 14:48:29.127750 ftruncate64(4, 0) = 0
21757 14:48:29.127769 _llseek(4, 0, [0], SEEK_SET) = 0
21757 14:48:29.127780 write(5, "\v", 1 <unfinished ...>
21755 14:48:29.127788 <... read resumed> "\v", 1) = 1
21757 14:48:29.127792 <... write resumed> ) = 1
21755 14:48:29.127798 write(4, "\1\0\0\0", 4) = 4
21755 14:48:29.127809 read(4,  <unfinished ...>
21757 14:48:29.127816 read(5, "\1\0\0\0", 4) = 4
21757 14:48:29.127827 write(5, "\v", 1 <unfinished ...>
21755 14:48:29.127834 <... read resumed> "\v", 1) = 1
21757 14:48:29.127838 <... write resumed> ) = 1
21755 14:48:29.127844 write(4, "\1\0\0\0", 4) = 4
21755 14:48:29.127854 read(4,  <unfinished ...>
21757 14:48:29.127861 read(5, "\1\0\0\0", 4) = 4
21757 14:48:29.127879 write(5, "\r", 1 <unfinished ...>
21755 14:48:29.127886 <... read resumed> "\r", 1) = 1
21757 14:48:29.127891 <... write resumed> ) = 1
21755 14:48:29.127898 select(6, [5], NULL, NULL, {60, 0}) = 1 (in [5], left {60, 0})
21755 14:48:29.127914 accept(5, {sa_family=AF_INET, sin_port=htons(57872), sin_addr=inet_addr("127.0.0.1")}, [16]) = 6
21755 14:48:29.127936 write(4, "\1", 1) = 1
21755 14:48:29.127948 sendmsg(4, {msg_name(0)=NULL, msg_iov(1)=[{"\0", 1}], msg_controllen=16, {cmsg_len=16, cmsg_level=SOL_SOCKET, cmsg_type=SCM_RIGHTS, {6}}, msg_flags=0}, 0) = 1
21755 14:48:29.127965 close(6)          = 0
21755 14:48:29.127975 read(4,  <unfinished ...>
21757 14:48:29.127982 read(5, "\1", 1)  = 1
21757 14:48:29.127994 recvmsg(5, {msg_name(0)=NULL, msg_iov(1)=[{"\0", 1}], msg_controllen=16, {cmsg_len=16, cmsg_level=SOL_SOCKET, cmsg_type=SCM_RIGHTS, {6}}, msg_flags=0}, 0) = 1
21757 14:48:29.128012 setsockopt(6, SOL_SOCKET, SO_KEEPALIVE, [1], 4) = 0
21757 14:48:29.128025 setsockopt(6, SOL_IP, IP_TOS, [8], 4) = 0
21757 14:48:29.128036 setsockopt(6, SOL_SOCKET, SO_LINGER, {onoff=1, linger=32767}, 8) = 0
21757 14:48:29.128048 rt_sigaction(SIGALRM, {0x805cad0, ~[RTMIN RT_1], 0}, NULL, 8) = 0
21757 14:48:29.128061 alarm(300)        = 300
21757 14:48:29.128073 write(0, "150 Ok to send data.\r\n", 22) = 22
21757 14:48:29.128139 read(6, "assasaaa\na\na\na\na\n", 65536) = 17
21757 14:48:29.128154 write(4, "assasaaa\na\na\na\na\n", 17) = 17
21757 14:48:29.128169 read(6, "", 65536) = 0
21757 14:48:29.128179 rt_sigaction(SIGALRM, {0x805cad0, ~[RTMIN RT_1], 0}, NULL, 8) = 0
21757 14:48:29.128193 alarm(300)        = 300
21757 14:48:29.128203 close(6)          = 0
21757 14:48:29.128220 alarm(0)          = 300
21757 14:48:29.128230 gettimeofday({1495651709, 128233}, NULL) = 0
21757 14:48:29.128245 gettimeofday({1495651709, 128249}, NULL) = 0
21757 14:48:29.128259 fcntl64(3, F_SETLKW64, {type=F_WRLCK, whence=SEEK_SET, start=0, len=0}, 0xbfd7bf04) = 0
21757 14:48:29.128273 write(3, "Wed May 24 14:48:29 2017 [pid 21757] [msfadmin] OK UPLOAD: Client \"127.0.0.1\", \"/home/msfadmin/myfile24\", 17 bytes, 28.28Kbyte/sec\n", 131) = 131
21757 14:48:29.128294 fcntl64(3, F_SETLK64, {type=F_UNLCK, whence=SEEK_SET, start=0, len=0}, 0xbfd7bf0c) = 0
21757 14:48:29.128308 write(0, "226 Transfer complete.\r\n", 24) = 24
21757 14:48:29.128350 write(5, "\n", 1 <unfinished ...>
21755 14:48:29.128359 <... read resumed> "\n", 1) = 1
21757 14:48:29.128364 <... write resumed> ) = 1
21755 14:48:29.128370 close(5)          = 0
21755 14:48:29.128381 write(4, "\1", 1) = 1
21755 14:48:29.128392 read(4,  <unfinished ...>
21757 14:48:29.128399 read(5, "\1", 1)  = 1
21757 14:48:29.128410 close(4)          = 0
21757 14:48:29.128420 rt_sigaction(SIGALRM, {0x805cad0, ~[RTMIN RT_1], 0}, NULL, 8) = 0
21757 14:48:29.128434 alarm(300)        = 0
21757 14:48:29.128444 recv(0,  <unfinished ...>
21760 14:48:29.638294 <... recv resumed> "USER msfadmin\r\n", 4096, MSG_PEEK) = 15
21760 14:48:29.638335 read(0, "USER msfadmin\r\n", 15) = 15
21760 14:48:29.638360 write(0, "331 Any password will do.\r\n", 27) = 27
21760 14:48:29.638405 rt_sigaction(SIGALRM, {0x805cad0, ~[RTMIN RT_1], 0}, NULL, 8) = 0
21760 14:48:29.638475 alarm(300)        = 299
21760 14:48:29.638488 recv(0, "PASS msfadmin\r\n", 4096, MSG_PEEK) = 15
21760 14:48:29.638500 read(0, "PASS msfadmin\r\n", 15) = 15
21760 14:48:29.638517 write(0, "230 Already logged in.\r\n", 24) = 24
21760 14:48:29.638582 rt_sigaction(SIGALRM, {0x805cad0, ~[RTMIN RT_1], 0}, NULL, 8) = 0
21760 14:48:29.638598 alarm(300)        = 300
21760 14:48:29.638609 recv(0, "TYPE I\r\n", 4096, MSG_PEEK) = 8
21760 14:48:29.638620 read(0, "TYPE I\r\n", 8) = 8
21760 14:48:29.638634 write(0, "200 Switching to Binary mode.\r\n", 31) = 31
21760 14:48:29.638671 rt_sigaction(SIGALRM, {0x805cad0, ~[RTMIN RT_1], 0}, NULL, 8) = 0
21760 14:48:29.638685 alarm(300)        = 300
21760 14:48:29.638696 recv(0, "PASV\r\n", 4096, MSG_PEEK) = 6
21760 14:48:29.638707 read(0, "PASV\r\n", 6) = 6
21760 14:48:29.638718 write(5, "\n", 1) = 1
21760 14:48:29.638738 read(5,  <unfinished ...>
21758 14:48:29.638746 <... read resumed> "\n", 1) = 1
21758 14:48:29.638755 write(4, "\1", 1) = 1
21760 14:48:29.638766 <... read resumed> "\1", 1) = 1
21760 14:48:29.638773 write(5, "\f", 1) = 1
21760 14:48:29.638783 read(5,  <unfinished ...>
21758 14:48:29.638790 read(4, "\f", 1)  = 1
21758 14:48:29.638802 socket(PF_INET, SOCK_STREAM, IPPROTO_TCP) = 5
21758 14:48:29.638817 setsockopt(5, SOL_SOCKET, SO_REUSEADDR, [1], 4) = 0
21758 14:48:29.638832 bind(5, {sa_family=AF_INET, sin_port=htons(38280), sin_addr=inet_addr("127.0.0.1")}, 16) = 0
21758 14:48:29.638848 listen(5, 1)      = 0
21758 14:48:29.638862 write(4, "\210\225\0\0", 4) = 4
21760 14:48:29.638874 <... read resumed> "\210\225\0\0", 4) = 4
21760 14:48:29.638886 write(0, "227 Entering Passive Mode (127,0,0,1,149,136).\r\n", 48) = 48
21760 14:48:29.638903 rt_sigaction(SIGALRM, {0x805cad0, ~[RTMIN RT_1], 0}, NULL, 8) = 0
21760 14:48:29.638904 alarm(300)        = 300
21760 14:48:29.638904 recv(0, "RETR myfile15\r\n", 4096, MSG_PEEK) = 15
21760 14:48:29.638904 read(0, "RETR myfile15\r\n", 15) = 15
21760 14:48:29.638904 write(5, "\v", 1) = 1
21760 14:48:29.638905 read(5,  <unfinished ...>
21758 14:48:29.638905 read(4, "\v", 1)  = 1
21758 14:48:29.638905 write(4, "\1\0\0\0", 4) = 4
21760 14:48:29.638911 <... read resumed> "\1\0\0\0", 4) = 4
21760 14:48:29.638919 gettimeofday({1495651709, 638923}, NULL) = 0
21760 14:48:29.638930 getcwd("/home/msfadmin", 4096) = 15
21760 14:48:29.638943 open("myfile15", O_RDONLY|O_NONBLOCK|O_LARGEFILE) = 4
21760 14:48:29.638956 fcntl64(4, F_SETLKW64, {type=F_RDLCK, whence=SEEK_SET, start=0, len=0}, 0xbfb1b524) = 0
21760 14:48:29.638971 fstat64(4, {st_mode=S_IFREG|0644, st_size=17, ...}) = 0
21760 14:48:29.638989 fcntl64(4, F_GETFL) = 0x8800 (flags O_RDONLY|O_NONBLOCK|O_LARGEFILE)
21760 14:48:29.639000 fcntl64(4, F_SETFL, O_RDONLY|O_LARGEFILE) = 0
21760 14:48:29.639011 write(5, "\v", 1) = 1
21760 14:48:29.639021 read(5,  <unfinished ...>
21758 14:48:29.639028 read(4, "\v", 1)  = 1
21758 14:48:29.639039 write(4, "\1\0\0\0", 4) = 4
21760 14:48:29.639050 <... read resumed> "\1\0\0\0", 4) = 4
21760 14:48:29.639057 write(5, "\v", 1) = 1
21760 14:48:29.639067 read(5,  <unfinished ...>
21758 14:48:29.639101 read(4, "\v", 1)  = 1
21758 14:48:29.639113 write(4, "\1\0\0\0", 4) = 4
21760 14:48:29.639133 <... read resumed> "\1\0\0\0", 4) = 4
21760 14:48:29.639141 write(5, "\r", 1) = 1
21760 14:48:29.639151 read(5,  <unfinished ...>
21758 14:48:29.639157 read(4, "\r", 1)  = 1
21758 14:48:29.639169 select(6, [5], NULL, NULL, {60, 0}) = 1 (in [5], left {60, 0})
21758 14:48:29.639185 accept(5, {sa_family=AF_INET, sin_port=htons(43568), sin_addr=inet_addr("127.0.0.1")}, [16]) = 6
21758 14:48:29.639208 write(4, "\1", 1) = 1
21760 14:48:29.639219 <... read resumed> "\1", 1) = 1
21760 14:48:29.639227 recvmsg(5,  <unfinished ...>
21758 14:48:29.639235 sendmsg(4, {msg_name(0)=NULL, msg_iov(1)=[{"\0", 1}], msg_controllen=16, {cmsg_len=16, cmsg_level=SOL_SOCKET, cmsg_type=SCM_RIGHTS, {6}}, msg_flags=0}, 0) = 1
21760 14:48:29.639253 <... recvmsg resumed> {msg_name(0)=NULL, msg_iov(1)=[{"\0", 1}], msg_controllen=16, {cmsg_len=16, cmsg_level=SOL_SOCKET, cmsg_type=SCM_RIGHTS, {6}}, msg_flags=0}, 0) = 1
21760 14:48:29.639266 setsockopt(6, SOL_SOCKET, SO_KEEPALIVE, [1], 4) = 0
21760 14:48:29.639278 setsockopt(6, SOL_IP, IP_TOS, [8], 4) = 0
21760 14:48:29.639290 setsockopt(6, SOL_SOCKET, SO_LINGER, {onoff=1, linger=32767}, 8) = 0
21760 14:48:29.639301 rt_sigaction(SIGALRM, {0x805cad0, ~[RTMIN RT_1], 0}, NULL, 8) = 0
21760 14:48:29.639314 alarm(300)        = 300
21760 14:48:29.639327 write(0, "150 Opening BINARY mode data connection for myfile15 (17 bytes).\r\n", 66) = 66
21760 14:48:29.639370 _llseek(4, 0, [0], SEEK_CUR) = 0
21760 14:48:29.639382 fstat64(4, {st_mode=S_IFREG|0644, st_size=17, ...}) = 0
21760 14:48:29.639399 _llseek(4, 0, [0], SEEK_SET) = 0
21760 14:48:29.639410 sendfile(6, 4, NULL, 17) = 17
21760 14:48:29.639440 rt_sigaction(SIGALRM, {0x805cad0, ~[RTMIN RT_1], 0}, NULL, 8) = 0
21760 14:48:29.639454 alarm(300)        = 300
21760 14:48:29.639468 close(6)          = 0
21760 14:48:29.639477 alarm(0)          = 300
21760 14:48:29.639487 gettimeofday({1495651709, 639490}, NULL) = 0
21760 14:48:29.639502 gettimeofday({1495651709, 639506}, NULL) = 0
21760 14:48:29.639516 fcntl64(3, F_SETLKW64, {type=F_WRLCK, whence=SEEK_SET, start=0, len=0}, 0xbfb1b4c4) = 0
21760 14:48:29.639530 write(3, "Wed May 24 14:48:29 2017 [pid 21760] [msfadmin] OK DOWNLOAD: Client \"127.0.0.1\", \"/home/msfadmin/myfile15\", 17 bytes, 28.48Kbyte/sec\n", 133) = 133
21760 14:48:29.639551 fcntl64(3, F_SETLK64, {type=F_UNLCK, whence=SEEK_SET, start=0, len=0}, 0xbfb1b4cc) = 0
21760 14:48:29.639565 write(0, "226 Transfer complete.\r\n", 24) = 24
21760 14:48:29.639614 write(5, "\n", 1) = 1
21760 14:48:29.639625 read(5,  <unfinished ...>
21758 14:48:29.639642 close(6)          = 0
21758 14:48:29.639729 read(4, "\n", 1)  = 1
21758 14:48:29.639743 close(5)          = 0
21758 14:48:29.639754 write(4, "\1", 1) = 1
21760 14:48:29.639765 <... read resumed> "\1", 1) = 1
21760 14:48:29.639772 close(4)          = 0
21760 14:48:29.639782 rt_sigaction(SIGALRM, {0x805cad0, ~[RTMIN RT_1], 0}, NULL, 8) = 0
21760 14:48:29.639796 alarm(300)        = 0
21760 14:48:29.639807 recv(0,  <unfinished ...>
21758 14:48:29.639814 read(4,  <unfinished ...>
21757 14:48:29.647114 <... recv resumed> "TYPE I\r\n", 4096, MSG_PEEK) = 8
21757 14:48:29.647144 read(0, "TYPE I\r\n", 8) = 8
21757 14:48:29.647166 write(0, "200 Switching to Binary mode.\r\n", 31) = 31
21757 14:48:29.647215 rt_sigaction(SIGALRM, {0x805cad0, ~[RTMIN RT_1], 0}, NULL, 8) = 0
21757 14:48:29.647247 alarm(300)        = 299
21757 14:48:29.647261 recv(0, "PASV\r\n", 4096, MSG_PEEK) = 6
21757 14:48:29.647273 read(0, "PASV\r\n", 6) = 6
21757 14:48:29.647285 write(5, "\n", 1 <unfinished ...>
21755 14:48:29.647297 <... read resumed> "\n", 1) = 1
21757 14:48:29.647302 <... write resumed> ) = 1
21755 14:48:29.647310 write(4, "\1", 1 <unfinished ...>
21757 14:48:29.647316 read(5,  <unfinished ...>
21755 14:48:29.647322 <... write resumed> ) = 1
21757 14:48:29.647327 <... read resumed> "\1", 1) = 1
21755 14:48:29.647335 read(4,  <unfinished ...>
21757 14:48:29.647339 write(5, "\f", 1 <unfinished ...>
21755 14:48:29.647346 <... read resumed> "\f", 1) = 1
21757 14:48:29.647351 <... write resumed> ) = 1
21755 14:48:29.647359 socket(PF_INET, SOCK_STREAM, IPPROTO_TCP <unfinished ...>
21757 14:48:29.647364 read(5,  <unfinished ...>
21755 14:48:29.647374 <... socket resumed> ) = 5
21755 14:48:29.647382 setsockopt(5, SOL_SOCKET, SO_REUSEADDR, [1], 4) = 0
21755 14:48:29.647396 bind(5, {sa_family=AF_INET, sin_port=htons(58070), sin_addr=inet_addr("127.0.0.1")}, 16) = 0
21755 14:48:29.647412 listen(5, 1)      = 0
21755 14:48:29.647426 write(4, "\326\342\0\0", 4 <unfinished ...>
21757 14:48:29.647435 <... read resumed> "\326\342\0\0", 4) = 4
21755 14:48:29.647440 <... write resumed> ) = 4
21757 14:48:29.647451 write(0, "227 Entering Passive Mode (127,0,0,1,226,214).\r\n", 48 <unfinished ...>
21755 14:48:29.647460 read(4,  <unfinished ...>
21757 14:48:29.647561 <... write resumed> ) = 48
21757 14:48:29.647573 rt_sigaction(SIGALRM, {0x805cad0, ~[RTMIN RT_1], 0}, NULL, 8) = 0
21757 14:48:29.647588 alarm(300)        = 300
21757 14:48:29.647599 recv(0, "STOR myfile25\r\n", 4096, MSG_PEEK) = 15
21757 14:48:29.647612 read(0, "STOR myfile25\r\n", 15) = 15
21757 14:48:29.647625 write(5, "\v", 1 <unfinished ...>
21755 14:48:29.647633 <... read resumed> "\v", 1) = 1
21757 14:48:29.647638 <... write resumed> ) = 1
21755 14:48:29.647644 write(4, "\1\0\0\0", 4) = 4
21755 14:48:29.647655 read(4,  <unfinished ...>
21757 14:48:29.647662 read(5, "\1\0\0\0", 4) = 4
21757 14:48:29.647673 gettimeofday({1495651709, 647677}, NULL) = 0
21757 14:48:29.647685 getcwd("/home/msfadmin", 4096) = 15
21757 14:48:29.647697 open("myfile25", O_WRONLY|O_CREAT|O_NONBLOCK|O_LARGEFILE, 0666) = 4
21757 14:48:29.647711 fstat64(4, {st_mode=S_IFREG|0644, st_size=17, ...}) = 0
21757 14:48:29.647746 fcntl64(4, F_GETFL) = 0x8801 (flags O_WRONLY|O_NONBLOCK|O_LARGEFILE)
21757 14:48:29.647760 fcntl64(4, F_SETFL, O_WRONLY|O_LARGEFILE) = 0
21757 14:48:29.647788 fcntl64(4, F_SETLKW64, {type=F_WRLCK, whence=SEEK_SET, start=0, len=0}, 0xbfd7bf64) = 0
21757 14:48:29.647803 ftruncate64(4, 0) = 0
21757 14:48:29.647821 _llseek(4, 0, [0], SEEK_SET) = 0
21757 14:48:29.647832 write(5, "\v", 1 <unfinished ...>
21755 14:48:29.647840 <... read resumed> "\v", 1) = 1
21757 14:48:29.647845 <... write resumed> ) = 1
21755 14:48:29.647851 write(4, "\1\0\0\0", 4) = 4
21755 14:48:29.647862 read(4,  <unfinished ...>
21757 14:48:29.647869 read(5, "\1\0\0\0", 4) = 4
21757 14:48:29.647880 write(5, "\v", 1 <unfinished ...>
21755 14:48:29.647887 <... read resumed> "\v", 1) = 1
21757 14:48:29.647891 <... write resumed> ) = 1
21755 14:48:29.647897 write(4, "\1\0\0\0", 4) = 4
21755 14:48:29.647908 read(4,  <unfinished ...>
21757 14:48:29.647914 read(5, "\1\0\0\0", 4) = 4
21757 14:48:29.647925 write(5, "\r", 1 <unfinished ...>
21755 14:48:29.647932 <... read resumed> "\r", 1) = 1
21757 14:48:29.647937 <... write resumed> ) = 1
21755 14:48:29.647944 select(6, [5], NULL, NULL, {60, 0}) = 1 (in [5], left {60, 0})
21755 14:48:29.647960 accept(5, {sa_family=AF_INET, sin_port=htons(33009), sin_addr=inet_addr("127.0.0.1")}, [16]) = 6
21755 14:48:29.647982 write(4, "\1", 1) = 1
21755 14:48:29.647994 sendmsg(4, {msg_name(0)=NULL, msg_iov(1)=[{"\0", 1}], msg_controllen=16, {cmsg_len=16, cmsg_level=SOL_SOCKET, cmsg_type=SCM_RIGHTS, {6}}, msg_flags=0}, 0) = 1
21755 14:48:29.648011 close(6)          = 0
21755 14:48:29.648021 read(4,  <unfinished ...>
21757 14:48:29.648028 read(5, "\1", 1)  = 1
21757 14:48:29.648041 recvmsg(5, {msg_name(0)=NULL, msg_iov(1)=[{"\0", 1}], msg_controllen=16, {cmsg_len=16, cmsg_level=SOL_SOCKET, cmsg_type=SCM_RIGHTS, {6}}, msg_flags=0}, 0) = 1
21757 14:48:29.648059 setsockopt(6, SOL_SOCKET, SO_KEEPALIVE, [1], 4) = 0
21757 14:48:29.648071 setsockopt(6, SOL_IP, IP_TOS, [8], 4) = 0
21757 14:48:29.648083 setsockopt(6, SOL_SOCKET, SO_LINGER, {onoff=1, linger=32767}, 8) = 0
21757 14:48:29.648094 rt_sigaction(SIGALRM, {0x805cad0, ~[RTMIN RT_1], 0}, NULL, 8) = 0
21757 14:48:29.648107 alarm(300)        = 300
21757 14:48:29.648120 write(0, "150 Ok to send data.\r\n", 22) = 22
21757 14:48:29.648185 read(6, "assasaaa\na\na\na\na\n", 65536) = 17
21757 14:48:29.648199 write(4, "assasaaa\na\na\na\na\n", 17) = 17
21757 14:48:29.648215 read(6, "", 65536) = 0
21757 14:48:29.648248 rt_sigaction(SIGALRM, {0x805cad0, ~[RTMIN RT_1], 0}, NULL, 8) = 0
21757 14:48:29.648263 alarm(300)        = 300
21757 14:48:29.648285 close(6)          = 0
21757 14:48:29.648304 alarm(0)          = 300
21757 14:48:29.648314 gettimeofday({1495651709, 648318}, NULL) = 0
21757 14:48:29.648330 gettimeofday({1495651709, 648333}, NULL) = 0
21757 14:48:29.648344 fcntl64(3, F_SETLKW64, {type=F_WRLCK, whence=SEEK_SET, start=0, len=0}, 0xbfd7bf04) = 0
21757 14:48:29.648358 write(3, "Wed May 24 14:48:29 2017 [pid 21757] [msfadmin] OK UPLOAD: Client \"127.0.0.1\", \"/home/msfadmin/myfile25\", 17 bytes, 25.31Kbyte/sec\n", 131) = 131
21757 14:48:29.648380 fcntl64(3, F_SETLK64, {type=F_UNLCK, whence=SEEK_SET, start=0, len=0}, 0xbfd7bf0c) = 0
21757 14:48:29.648394 write(0, "226 Transfer complete.\r\n", 24) = 24
21757 14:48:29.648438 write(5, "\n", 1 <unfinished ...>
21755 14:48:29.648447 <... read resumed> "\n", 1) = 1
21757 14:48:29.648452 <... write resumed> ) = 1
21755 14:48:29.648458 close(5)          = 0
21755 14:48:29.648470 write(4, "\1", 1) = 1
21755 14:48:29.648481 read(4,  <unfinished ...>
21757 14:48:29.648488 read(5, "\1", 1)  = 1
21757 14:48:29.648499 close(4)          = 0
21757 14:48:29.648509 rt_sigaction(SIGALRM, {0x805cad0, ~[RTMIN RT_1], 0}, NULL, 8) = 0
21757 14:48:29.648523 alarm(300)        = 0
21757 14:48:29.648533 recv(0, "TYPE I\r\n", 4096, MSG_PEEK) = 8
21757 14:48:30.167233 read(0, "TYPE I\r\n", 8) = 8
21757 14:48:30.167261 write(0, "200 Switching to Binary mode.\r\n", 31) = 31
21757 14:48:30.167309 rt_sigaction(SIGALRM, {0x805cad0, ~[RTMIN RT_1], 0}, NULL, 8) = 0
21757 14:48:30.167326 alarm(300)        = 299
21757 14:48:30.167340 recv(0, "PASV\r\n", 4096, MSG_PEEK) = 6
21757 14:48:30.167360 read(0, "PASV\r\n", 6) = 6
21757 14:48:30.167372 write(5, "\n", 1 <unfinished ...>
21755 14:48:30.167385 <... read resumed> "\n", 1) = 1
21757 14:48:30.167390 <... write resumed> ) = 1
21755 14:48:30.167397 write(4, "\1", 1) = 1
21755 14:48:30.167408 read(4,  <unfinished ...>
21757 14:48:30.167415 read(5, "\1", 1)  = 1
21757 14:48:30.167427 write(5, "\f", 1 <unfinished ...>
21755 14:48:30.167434 <... read resumed> "\f", 1) = 1
21757 14:48:30.167438 <... write resumed> ) = 1
21755 14:48:30.167446 socket(PF_INET, SOCK_STREAM, IPPROTO_TCP) = 5
21755 14:48:30.167461 setsockopt(5, SOL_SOCKET, SO_REUSEADDR, [1], 4) = 0
21755 14:48:30.167476 bind(5, {sa_family=AF_INET, sin_port=htons(45262), sin_addr=inet_addr("127.0.0.1")}, 16) = 0
21755 14:48:30.167492 listen(5, 1)      = 0
21755 14:48:30.167506 write(4, "\316\260\0\0", 4) = 4
21755 14:48:30.167517 read(4,  <unfinished ...>
21757 14:48:30.167524 read(5, "\316\260\0\0", 4) = 4
21757 14:48:30.167540 write(0, "227 Entering Passive Mode (127,0,0,1,176,206).\r\n", 48) = 48
21757 14:48:30.167653 rt_sigaction(SIGALRM, {0x805cad0, ~[RTMIN RT_1], 0}, NULL, 8) = 0
21757 14:48:30.167669 alarm(300)        = 300
21757 14:48:30.167681 recv(0, "STOR myfile26\r\n", 4096, MSG_PEEK) = 15
21757 14:48:30.167693 read(0, "STOR myfile26\r\n", 15) = 15
21757 14:48:30.167706 write(5, "\v", 1 <unfinished ...>
21755 14:48:30.167714 <... read resumed> "\v", 1) = 1
21757 14:48:30.167719 <... write resumed> ) = 1
21755 14:48:30.167725 write(4, "\1\0\0\0", 4) = 4
21755 14:48:30.167735 read(4,  <unfinished ...>
21757 14:48:30.167742 read(5, "\1\0\0\0", 4) = 4
21757 14:48:30.167753 gettimeofday({1495651710, 167757}, NULL) = 0
21757 14:48:30.167764 getcwd("/home/msfadmin", 4096) = 15
21757 14:48:30.167777 open("myfile26", O_WRONLY|O_CREAT|O_NONBLOCK|O_LARGEFILE, 0666) = 4
21757 14:48:30.167791 fstat64(4, {st_mode=S_IFREG|0644, st_size=17, ...}) = 0
21757 14:48:30.167809 fcntl64(4, F_GETFL) = 0x8801 (flags O_WRONLY|O_NONBLOCK|O_LARGEFILE)
21757 14:48:30.167820 fcntl64(4, F_SETFL, O_WRONLY|O_LARGEFILE) = 0
21757 14:48:30.167830 fcntl64(4, F_SETLKW64, {type=F_WRLCK, whence=SEEK_SET, start=0, len=0}, 0xbfd7bf64) = 0
21757 14:48:30.167844 ftruncate64(4, 0) = 0
21757 14:48:30.167862 _llseek(4, 0, [0], SEEK_SET) = 0
21757 14:48:30.167873 write(5, "\v", 1 <unfinished ...>
21755 14:48:30.167881 <... read resumed> "\v", 1) = 1
21757 14:48:30.167886 <... write resumed> ) = 1
21755 14:48:30.167925 write(4, "\1\0\0\0", 4) = 4
21755 14:48:30.167937 read(4,  <unfinished ...>
21757 14:48:30.167954 read(5, "\1\0\0\0", 4) = 4
21757 14:48:30.167966 write(5, "\v", 1 <unfinished ...>
21755 14:48:30.167973 <... read resumed> "\v", 1) = 1
21757 14:48:30.167978 <... write resumed> ) = 1
21755 14:48:30.167983 write(4, "\1\0\0\0", 4) = 4
21755 14:48:30.167994 read(4,  <unfinished ...>
21757 14:48:30.168000 read(5, "\1\0\0\0", 4) = 4
21757 14:48:30.168011 write(5, "\r", 1 <unfinished ...>
21755 14:48:30.168018 <... read resumed> "\r", 1) = 1
21757 14:48:30.168023 <... write resumed> ) = 1
21755 14:48:30.168030 select(6, [5], NULL, NULL, {60, 0}) = 1 (in [5], left {60, 0})
21755 14:48:30.168046 accept(5, {sa_family=AF_INET, sin_port=htons(57484), sin_addr=inet_addr("127.0.0.1")}, [16]) = 6
21755 14:48:30.168069 write(4, "\1", 1) = 1
21755 14:48:30.168081 sendmsg(4, {msg_name(0)=NULL, msg_iov(1)=[{"\0", 1}], msg_controllen=16, {cmsg_len=16, cmsg_level=SOL_SOCKET, cmsg_type=SCM_RIGHTS, {6}}, msg_flags=0}, 0) = 1
21755 14:48:30.168097 close(6)          = 0
21755 14:48:30.168107 read(4,  <unfinished ...>
21757 14:48:30.168114 read(5, "\1", 1)  = 1
21757 14:48:30.168126 recvmsg(5, {msg_name(0)=NULL, msg_iov(1)=[{"\0", 1}], msg_controllen=16, {cmsg_len=16, cmsg_level=SOL_SOCKET, cmsg_type=SCM_RIGHTS, {6}}, msg_flags=0}, 0) = 1
21757 14:48:30.168144 setsockopt(6, SOL_SOCKET, SO_KEEPALIVE, [1], 4) = 0
21757 14:48:30.168156 setsockopt(6, SOL_IP, IP_TOS, [8], 4) = 0
21757 14:48:30.168168 setsockopt(6, SOL_SOCKET, SO_LINGER, {onoff=1, linger=32767}, 8) = 0
21757 14:48:30.168179 rt_sigaction(SIGALRM, {0x805cad0, ~[RTMIN RT_1], 0}, NULL, 8) = 0
21757 14:48:30.168197 alarm(300)        = 300
21757 14:48:30.168209 write(0, "150 Ok to send data.\r\n", 22) = 22
21757 14:48:30.168276 read(6, "assasaaa\na\na\na\na\n", 65536) = 17
21757 14:48:30.168290 write(4, "assasaaa\na\na\na\na\n", 17) = 17
21757 14:48:30.168306 read(6, "", 65536) = 0
21757 14:48:30.168316 rt_sigaction(SIGALRM, {0x805cad0, ~[RTMIN RT_1], 0}, NULL, 8) = 0
21757 14:48:30.168330 alarm(300)        = 300
21757 14:48:30.168339 close(6)          = 0
21757 14:48:30.168357 alarm(0)          = 300
21757 14:48:30.168366 gettimeofday({1495651710, 168370}, NULL) = 0
21757 14:48:30.168382 gettimeofday({1495651710, 168385}, NULL) = 0
21757 14:48:30.168395 fcntl64(3, F_SETLKW64, {type=F_WRLCK, whence=SEEK_SET, start=0, len=0}, 0xbfd7bf04) = 0
21757 14:48:30.168410 write(3, "Wed May 24 14:48:30 2017 [pid 21757] [msfadmin] OK UPLOAD: Client \"127.0.0.1\", \"/home/msfadmin/myfile26\", 17 bytes, 26.44Kbyte/sec\n", 131) = 131
21757 14:48:30.168431 fcntl64(3, F_SETLK64, {type=F_UNLCK, whence=SEEK_SET, start=0, len=0}, 0xbfd7bf0c) = 0
21757 14:48:30.168445 write(0, "226 Transfer complete.\r\n", 24) = 24
21757 14:48:30.168488 write(5, "\n", 1 <unfinished ...>
21755 14:48:30.168497 <... read resumed> "\n", 1) = 1
21757 14:48:30.168502 <... write resumed> ) = 1
21755 14:48:30.168507 close(5)          = 0
21755 14:48:30.168519 write(4, "\1", 1) = 1
21755 14:48:30.168529 read(4,  <unfinished ...>
21757 14:48:30.168536 read(5, "\1", 1)  = 1
21757 14:48:30.168547 close(4)          = 0
21757 14:48:30.168558 rt_sigaction(SIGALRM, {0x805cad0, ~[RTMIN RT_1], 0}, NULL, 8) = 0
21757 14:48:30.168571 alarm(300)        = 0
21757 14:48:30.168581 recv(0,  <unfinished ...>
21760 14:48:30.217144 <... recv resumed> "USER msfadmin\r\n", 4096, MSG_PEEK) = 15
21760 14:48:30.217183 read(0, "USER msfadmin\r\n", 15) = 15
21760 14:48:30.217209 write(0, "331 Any password will do.\r\n", 27) = 27
21760 14:48:30.217254 rt_sigaction(SIGALRM, {0x805cad0, ~[RTMIN RT_1], 0}, NULL, 8) = 0
21760 14:48:30.217272 alarm(300)        = 299
21760 14:48:30.217285 recv(0, "PASS msfadmin\r\n", 4096, MSG_PEEK) = 15
21760 14:48:30.217297 read(0, "PASS msfadmin\r\n", 15) = 15
21760 14:48:30.217312 write(0, "230 Already logged in.\r\n", 24) = 24
21760 14:48:30.217374 rt_sigaction(SIGALRM, {0x805cad0, ~[RTMIN RT_1], 0}, NULL, 8) = 0
21760 14:48:30.217389 alarm(300)        = 300
21760 14:48:30.217400 recv(0, "TYPE I\r\n", 4096, MSG_PEEK) = 8
21760 14:48:30.217411 read(0, "TYPE I\r\n", 8) = 8
21760 14:48:30.217425 write(0, "200 Switching to Binary mode.\r\n", 31) = 31
21760 14:48:30.217461 rt_sigaction(SIGALRM, {0x805cad0, ~[RTMIN RT_1], 0}, NULL, 8) = 0
21760 14:48:30.217475 alarm(300)        = 300
21760 14:48:30.217486 recv(0, "PASV\r\n", 4096, MSG_PEEK) = 6
21760 14:48:30.217497 read(0, "PASV\r\n", 6) = 6
21760 14:48:30.217508 write(5, "\n", 1) = 1
21760 14:48:30.217521 read(5,  <unfinished ...>
21758 14:48:30.217529 <... read resumed> "\n", 1) = 1
21758 14:48:30.217538 write(4, "\1", 1) = 1
21760 14:48:30.217549 <... read resumed> "\1", 1) = 1
21760 14:48:30.217556 write(5, "\f", 1) = 1
21760 14:48:30.217566 read(5,  <unfinished ...>
21758 14:48:30.217573 read(4, "\f", 1)  = 1
21758 14:48:30.217585 socket(PF_INET, SOCK_STREAM, IPPROTO_TCP) = 5
21758 14:48:30.217601 setsockopt(5, SOL_SOCKET, SO_REUSEADDR, [1], 4) = 0
21758 14:48:30.217615 bind(5, {sa_family=AF_INET, sin_port=htons(33007), sin_addr=inet_addr("127.0.0.1")}, 16) = 0
21758 14:48:30.217632 listen(5, 1)      = 0
21758 14:48:30.217645 write(4, "\357\200\0\0", 4) = 4
21760 14:48:30.217656 <... read resumed> "\357\200\0\0", 4) = 4
21760 14:48:30.217668 write(0, "227 Entering Passive Mode (127,0,0,1,128,239).\r\n", 48) = 48
21760 14:48:30.217779 rt_sigaction(SIGALRM, {0x805cad0, ~[RTMIN RT_1], 0}, NULL, 8) = 0
21760 14:48:30.217796 alarm(300)        = 300
21760 14:48:30.217807 recv(0, "RETR myfile16\r\n", 4096, MSG_PEEK) = 15
21760 14:48:30.217819 read(0, "RETR myfile16\r\n", 15) = 15
21760 14:48:30.217832 write(5, "\v", 1) = 1
21760 14:48:30.217842 read(5,  <unfinished ...>
21758 14:48:30.217849 read(4, "\v", 1)  = 1
21758 14:48:30.217867 write(4, "\1\0\0\0", 4) = 4
21760 14:48:30.217898 <... read resumed> "\1\0\0\0", 4) = 4
21760 14:48:30.217907 gettimeofday({1495651710, 217911}, NULL) = 0
21760 14:48:30.217929 getcwd("/home/msfadmin", 4096) = 15
21760 14:48:30.217942 open("myfile16", O_RDONLY|O_NONBLOCK|O_LARGEFILE) = 4
21760 14:48:30.217955 fcntl64(4, F_SETLKW64, {type=F_RDLCK, whence=SEEK_SET, start=0, len=0}, 0xbfb1b524) = 0
21760 14:48:30.217970 fstat64(4, {st_mode=S_IFREG|0644, st_size=17, ...}) = 0
21760 14:48:30.217988 fcntl64(4, F_GETFL) = 0x8800 (flags O_RDONLY|O_NONBLOCK|O_LARGEFILE)
21760 14:48:30.217999 fcntl64(4, F_SETFL, O_RDONLY|O_LARGEFILE) = 0
21760 14:48:30.218010 write(5, "\v", 1) = 1
21760 14:48:30.218020 read(5,  <unfinished ...>
21758 14:48:30.218027 read(4, "\v", 1)  = 1
21758 14:48:30.218039 write(4, "\1\0\0\0", 4) = 4
21760 14:48:30.218049 <... read resumed> "\1\0\0\0", 4) = 4
21760 14:48:30.218057 write(5, "\v", 1) = 1
21760 14:48:30.218066 read(5,  <unfinished ...>
21758 14:48:30.218073 read(4, "\v", 1)  = 1
21758 14:48:30.218083 write(4, "\1\0\0\0", 4) = 4
21760 14:48:30.218093 <... read resumed> "\1\0\0\0", 4) = 4
21760 14:48:30.218101 write(5, "\r", 1) = 1
21760 14:48:30.218111 read(5,  <unfinished ...>
21758 14:48:30.218117 read(4, "\r", 1)  = 1
21758 14:48:30.218129 select(6, [5], NULL, NULL, {60, 0}) = 1 (in [5], left {60, 0})
21758 14:48:30.218146 accept(5, {sa_family=AF_INET, sin_port=htons(47837), sin_addr=inet_addr("127.0.0.1")}, [16]) = 6
21758 14:48:30.218168 write(4, "\1", 1) = 1
21760 14:48:30.218179 <... read resumed> "\1", 1) = 1
21760 14:48:30.218187 recvmsg(5,  <unfinished ...>
21758 14:48:30.218195 sendmsg(4, {msg_name(0)=NULL, msg_iov(1)=[{"\0", 1}], msg_controllen=16, {cmsg_len=16, cmsg_level=SOL_SOCKET, cmsg_type=SCM_RIGHTS, {6}}, msg_flags=0}, 0) = 1
21760 14:48:30.218213 <... recvmsg resumed> {msg_name(0)=NULL, msg_iov(1)=[{"\0", 1}], msg_controllen=16, {cmsg_len=16, cmsg_level=SOL_SOCKET, cmsg_type=SCM_RIGHTS, {6}}, msg_flags=0}, 0) = 1
21760 14:48:30.218226 setsockopt(6, SOL_SOCKET, SO_KEEPALIVE, [1], 4) = 0
21760 14:48:30.218238 setsockopt(6, SOL_IP, IP_TOS, [8], 4) = 0
21760 14:48:30.218250 setsockopt(6, SOL_SOCKET, SO_LINGER, {onoff=1, linger=32767}, 8) = 0
21760 14:48:30.218261 rt_sigaction(SIGALRM, {0x805cad0, ~[RTMIN RT_1], 0}, NULL, 8) = 0
21760 14:48:30.218274 alarm(300)        = 300
21760 14:48:30.218287 write(0, "150 Opening BINARY mode data connection for myfile16 (17 bytes).\r\n", 66) = 66
21760 14:48:30.218329 _llseek(4, 0, [0], SEEK_CUR) = 0
21760 14:48:30.218341 fstat64(4, {st_mode=S_IFREG|0644, st_size=17, ...}) = 0
21760 14:48:30.218358 _llseek(4, 0, [0], SEEK_SET) = 0
21760 14:48:30.218368 sendfile(6, 4, NULL, 17) = 17
21760 14:48:30.218398 rt_sigaction(SIGALRM, {0x805cad0, ~[RTMIN RT_1], 0}, NULL, 8) = 0
21760 14:48:30.218412 alarm(300)        = 300
21760 14:48:30.218422 close(6)          = 0
21760 14:48:30.218431 alarm(0)          = 300
21760 14:48:30.218441 gettimeofday({1495651710, 218444}, NULL) = 0
21760 14:48:30.218456 gettimeofday({1495651710, 218460}, NULL) = 0
21760 14:48:30.218470 fcntl64(3, F_SETLKW64, {type=F_WRLCK, whence=SEEK_SET, start=0, len=0}, 0xbfb1b4c4) = 0
21760 14:48:30.218484 write(3, "Wed May 24 14:48:30 2017 [pid 21760] [msfadmin] OK DOWNLOAD: Client \"127.0.0.1\", \"/home/msfadmin/myfile16\", 17 bytes, 30.24Kbyte/sec\n", 133) = 133
21760 14:48:30.218505 fcntl64(3, F_SETLK64, {type=F_UNLCK, whence=SEEK_SET, start=0, len=0}, 0xbfb1b4cc) = 0
21760 14:48:30.218519 write(0, "226 Transfer complete.\r\n", 24) = 24
21760 14:48:30.218534 write(5, "\n", 1) = 1
21760 14:48:30.218544 read(5,  <unfinished ...>
21758 14:48:30.218551 close(6)          = 0
21758 14:48:30.218662 read(4, "\n", 1)  = 1
21758 14:48:30.218676 close(5)          = 0
21758 14:48:30.218687 write(4, "\1", 1) = 1
21760 14:48:30.218698 <... read resumed> "\1", 1) = 1
21760 14:48:30.218705 close(4)          = 0
21760 14:48:30.218716 rt_sigaction(SIGALRM, {0x805cad0, ~[RTMIN RT_1], 0}, NULL, 8) = 0
21760 14:48:30.218729 alarm(300)        = 0
21760 14:48:30.218744 recv(0,  <unfinished ...>
21758 14:48:30.218751 read(4,  <unfinished ...>
