20132 14:31:24.500978 read(6, "#\n# /etc/pam.d/common-auth - authentication settings common to all services\n#\n# This file is included from other service-specific PAM config files,\n# and should contain a list of the authentication modules that define\n# the central authentication scheme for use on the system\n# (e.g., /etc/shadow, LDAP, Kerberos, etc.).  The default is to use the\n# traditional Unix authentication mechanisms.\n#\nauth\trequisite\tpam_unix.so nullok_secure\n# auth\toptional\tpam_smbpass.so migrate\n", 4096) = 476
20132 14:31:24.501024 read(6, "", 4096) = 0
20132 14:31:24.501033 close(6)          = 0
20132 14:31:24.501043 munmap(0xb7f6d000, 4096) = 0
20132 14:31:24.501053 stat64("/etc/pam.d", {st_mode=S_IFDIR|0755, st_size=4096, ...}) = 0
20132 14:31:24.501071 open("/etc/pam.d/common-account", O_RDONLY|O_LARGEFILE) = 6
20132 14:31:24.501083 fstat64(6, {st_mode=S_IFREG|0644, st_size=392, ...}) = 0
20132 14:31:24.501099 mmap2(NULL, 4096, PROT_READ|PROT_WRITE, MAP_PRIVATE|MAP_ANONYMOUS, -1, 0) = 0xb7f6d000
20132 14:31:24.501109 read(6, "#\n# /etc/pam.d/common-account - authorization settings common to all services\n#\n# This file is included from other service-specific PAM config files,\n# and should contain a list of the authorization modules that define\n# the central access policy for use on the system.  The default is to\n# only deny service to users whose accounts are expired in /etc/shadow.\n#\naccount\trequired\tpam_unix.so\n", 4096) = 392
20132 14:31:24.501175 read(6, "", 4096) = 0
20132 14:31:24.501199 close(6)          = 0
20132 14:31:24.501209 munmap(0xb7f6d000, 4096) = 0
20132 14:31:24.501219 stat64("/etc/pam.d", {st_mode=S_IFDIR|0755, st_size=4096, ...}) = 0
20132 14:31:24.501238 open("/etc/pam.d/common-password", O_RDONLY|O_LARGEFILE) = 6
20132 14:31:24.501251 fstat64(6, {st_mode=S_IFREG|0644, st_size=1563, ...}) = 0
20132 14:31:24.501266 mmap2(NULL, 4096, PROT_READ|PROT_WRITE, MAP_PRIVATE|MAP_ANONYMOUS, -1, 0) = 0xb7f6d000
20132 14:31:24.501277 read(6, "#\n# /etc/pam.d/common-password - password-related modules common to all services\n#\n# This file is included from other service-specific PAM config files,\n# and should contain a list of modules that define the services to be\n# used to change user passwords.  The default is pam_unix.\n\n# Explanation of pam_unix options:\n#\n# The \"nullok\" option allows users to change an empty password, else\n# empty passwords are treated as locked accounts.\n#\n# The \"md5\" option enables MD5 passwords.  Without this option, the\n# default is Unix crypt.\n#\n# The \"obscure\" option replaces the old `OBSCURE_CHECKS_ENAB\' option in\n# login.defs.\n#\n# You can also use the \"min\" option to enforce the length of the new\n# password.\n#\n# See the pam_unix manpage for other options.\n\npassword   requisite   pam_unix.so nullok obscure md5\n\n# Alternate strength checking for password. Note that this\n# requires the libpam-cracklib package to be installed.\n# You will need to comment out the password line above and\n# uncomment the next two in order to use this.\n# (Replaces the `OBSCURE_CHECKS_ENAB\', `CRACKLIB_DICTPATH\')\n#\n# password required\t  pam_cracklib.so retry=3 minlen=6 difok=3\n# password required\t  pam_unix.so use_authtok nullok md5\n\n# minimally-intrusive inclusion of smbpass in the stack for\n# synchronization.  If the module is absent or the passwords don\'t\n# match, this module will be ignored without prompting; and if the \n# passwords do match, the NTLM hash for the user will be updated\n# automatically.\n# password   optional   pam_smbpass.so nullok use_authtok use_first_pass\n", 4096) = 1563
20132 14:31:24.501395 read(6, "", 4096) = 0
20132 14:31:24.501405 close(6)          = 0
20132 14:31:24.501414 munmap(0xb7f6d000, 4096) = 0
20132 14:31:24.501425 stat64("/etc/pam.d", {st_mode=S_IFDIR|0755, st_size=4096, ...}) = 0
20132 14:31:24.501443 open("/etc/pam.d/common-session", O_RDONLY|O_LARGEFILE) = 6
20132 14:31:24.501456 fstat64(6, {st_mode=S_IFREG|0644, st_size=372, ...}) = 0
20132 14:31:24.501471 mmap2(NULL, 4096, PROT_READ|PROT_WRITE, MAP_PRIVATE|MAP_ANONYMOUS, -1, 0) = 0xb7f6d000
20132 14:31:24.501482 read(6, "#\n# /etc/pam.d/common-session - session-related modules common to all services\n#\n# This file is included from other service-specific PAM config files,\n# and should contain a list of modules that define tasks to be performed\n# at the start and end of sessions of *any* kind (both interactive and\n# non-interactive).  The default is pam_unix.\n#\nsession\trequired\tpam_unix.so\n", 4096) = 372
20132 14:31:24.501519 read(6, "", 4096) = 0
20132 14:31:24.501529 close(6)          = 0
20132 14:31:24.501538 munmap(0xb7f6d000, 4096) = 0
20132 14:31:24.501548 read(5, "", 4096) = 0
20132 14:31:24.501557 close(5)          = 0
20132 14:31:24.501566 munmap(0xb7f73000, 4096) = 0
20132 14:31:24.501578 time(NULL)        = 1495650684
20132 14:31:24.501590 lstat64("/etc/ftpusers", {st_mode=S_IFREG|0644, st_size=132, ...}) = 0
20132 14:31:24.501608 open("/etc/ftpusers", O_RDONLY|O_LARGEFILE) = 5
20132 14:31:24.501620 fstat64(5, {st_mode=S_IFREG|0644, st_size=132, ...}) = 0
20132 14:31:24.501662 mmap2(NULL, 4096, PROT_READ|PROT_WRITE, MAP_PRIVATE|MAP_ANONYMOUS, -1, 0) = 0xb7f73000
20132 14:31:24.501674 read(5, "# /etc/ftpusers: list of users disallowed FTP access. See ftpusers(5).\n\nroot\ndaemon\nbin\nsys\nsync\ngames\nman\nlp\nmail\nnews\nuucp\nnobody\n", 4096) = 132
20132 14:31:24.501704 read(5, "", 4096) = 0
20132 14:31:24.501714 close(5)          = 0
20132 14:31:24.501723 munmap(0xb7f73000, 4096) = 0
20132 14:31:24.501739 getuid32()        = 0
20132 14:31:24.501756 open("/etc/passwd", O_RDONLY|0x80000 /* O_??? */) = 5
20132 14:31:24.501770 _llseek(5, 0, [0], SEEK_CUR) = 0
20132 14:31:24.501781 fstat64(5, {st_mode=S_IFREG|0644, st_size=1624, ...}) = 0
20132 14:31:24.501797 mmap2(NULL, 1624, PROT_READ, MAP_SHARED, 5, 0) = 0xb7f73000
20132 14:31:24.501808 _llseek(5, 1624, [1624], SEEK_SET) = 0
20132 14:31:24.501826 munmap(0xb7f73000, 1624) = 0
20132 14:31:24.501837 close(5)          = 0
20132 14:31:24.501861 open("/etc/shadow", O_RDONLY|0x80000 /* O_??? */) = 5
20132 14:31:24.501877 _llseek(5, 0, [0], SEEK_CUR) = 0
20132 14:31:24.501891 fstat64(5, {st_mode=S_IFREG|0640, st_size=1233, ...}) = 0
20132 14:31:24.501907 mmap2(NULL, 1233, PROT_READ, MAP_SHARED, 5, 0) = 0xb7f73000
20132 14:31:24.501918 _llseek(5, 1233, [1233], SEEK_SET) = 0
20132 14:31:24.501937 munmap(0xb7f73000, 1233) = 0
20132 14:31:24.501947 close(5)          = 0
20132 14:31:24.501965 open("/etc/passwd", O_RDONLY|0x80000 /* O_??? */) = 5
20132 14:31:24.501978 _llseek(5, 0, [0], SEEK_CUR) = 0
20132 14:31:24.501988 fstat64(5, {st_mode=S_IFREG|0644, st_size=1624, ...}) = 0
20132 14:31:24.502004 mmap2(NULL, 1624, PROT_READ, MAP_SHARED, 5, 0) = 0xb7f73000
20132 14:31:24.502014 _llseek(5, 1624, [1624], SEEK_SET) = 0
20132 14:31:24.502030 munmap(0xb7f73000, 1624) = 0
20132 14:31:24.502039 close(5)          = 0
20132 14:31:24.502051 open("/etc/shadow", O_RDONLY|0x80000 /* O_??? */) = 5
20132 14:31:24.502064 _llseek(5, 0, [0], SEEK_CUR) = 0
20132 14:31:24.502074 fstat64(5, {st_mode=S_IFREG|0640, st_size=1233, ...}) = 0
20132 14:31:24.502090 mmap2(NULL, 1233, PROT_READ, MAP_SHARED, 5, 0) = 0xb7f73000
20132 14:31:24.502100 _llseek(5, 1233, [1233], SEEK_SET) = 0
20132 14:31:24.502116 munmap(0xb7f73000, 1233) = 0
20132 14:31:24.502125 close(5)          = 0
20132 14:31:24.502141 getuid32()        = 0
20132 14:31:24.502142 open("/etc/passwd", O_RDONLY|0x80000 /* O_??? */) = 5
20132 14:31:24.502142 _llseek(5, 0, [0], SEEK_CUR) = 0
20132 14:31:24.502142 fstat64(5, {st_mode=S_IFREG|0644, st_size=1624, ...}) = 0
20132 14:31:24.502142 mmap2(NULL, 1624, PROT_READ, MAP_SHARED, 5, 0) = 0xb7f73000
20132 14:31:24.502143 _llseek(5, 1624, [1624], SEEK_SET) = 0
20132 14:31:24.502143 munmap(0xb7f73000, 1624) = 0
20132 14:31:24.502143 close(5)          = 0
20132 14:31:24.502143 open("/etc/shadow", O_RDONLY|0x80000 /* O_??? */) = 5
20132 14:31:24.502143 _llseek(5, 0, [0], SEEK_CUR) = 0
20132 14:31:24.502144 fstat64(5, {st_mode=S_IFREG|0640, st_size=1233, ...}) = 0
20132 14:31:24.502156 mmap2(NULL, 1233, PROT_READ, MAP_SHARED, 5, 0) = 0xb7f73000
20132 14:31:24.502166 _llseek(5, 1233, [1233], SEEK_SET) = 0
20132 14:31:24.502183 munmap(0xb7f73000, 1233) = 0
20132 14:31:24.502193 close(5)          = 0
20132 14:31:24.502205 time(NULL)        = 1495650684
20132 14:31:24.502220 munmap(0xb7f70000, 12164) = 0
20132 14:31:24.502233 munmap(0xb7f6e000, 7136) = 0
20132 14:31:24.502246 munmap(0xb7da3000, 95428) = 0
20132 14:31:24.502257 munmap(0xb7d69000, 201052) = 0
20132 14:31:24.502268 munmap(0xb7d50000, 101180) = 0
20132 14:31:24.502284 gettimeofday({1495650684, 502288}, NULL) = 0
20132 14:31:24.502295 stat64("/usr/share/zoneinfo/UTC+04:00", 0xbf8e2254) = -1 ENOENT (No such file or directory)
20132 14:31:24.502310 open("/usr/share/zoneinfo/UTC+04:00", O_RDONLY) = -1 ENOENT (No such file or directory)
20132 14:31:24.502335 fcntl64(3, F_SETLKW64, {type=F_WRLCK, whence=SEEK_SET, start=0, len=0}, 0xbf8e23a4) = 0
20132 14:31:24.502351 write(3, "Wed May 24 14:31:24 2017 [pid 20132] [msfadmin] OK LOGIN: Client \"127.0.0.1\"\n", 77) = 77
20132 14:31:24.502367 fcntl64(3, F_SETLK64, {type=F_UNLCK, whence=SEEK_SET, start=0, len=0}, 0xbf8e23ac) = 0
20132 14:31:24.502380 rt_sigaction(SIGCHLD, {0x805cad0, ~[RTMIN RT_1], 0}, NULL, 8) = 0
20132 14:31:24.502394 write(4, "\1", 1 <unfinished ...>
20133 14:31:24.502403 <... read resumed> "\1", 1) = 1
20132 14:31:24.502408 <... write resumed> ) = 1
20133 14:31:24.502416 exit_group(0)     = ?
20132 14:31:24.502443 --- SIGCHLD (Child exited) @ 0 (0) ---
20132 14:31:24.502450 sigreturn()       = ? (mask now [])
20132 14:31:24.502469 wait4(-1, [{WIFEXITED(s) && WEXITSTATUS(s) == 0}], 0, NULL) = 20133
20132 14:31:24.502482 close(4)          = 0
20132 14:31:24.502493 socketpair(PF_FILE, SOCK_STREAM, 0, [4, 5]) = 0
20132 14:31:24.502507 rt_sigaction(SIGCHLD, {0x805cad0, ~[RTMIN RT_1], 0}, NULL, 8) = 0
20132 14:31:24.502521 rt_sigaction(SIGALRM, {0x805cb10, ~[RTMIN RT_1], 0}, NULL, 8) = 0
20132 14:31:24.502534 clone(child_stack=0, flags=CLONE_CHILD_CLEARTID|CLONE_CHILD_SETTID|SIGCHLD, child_tidptr=0xb7dd96f8) = 20134
20134 14:31:24.502583 prctl(0x1, 0x9, 0, 0, 0) = 0
20134 14:31:24.502600 close(4)          = 0
20134 14:31:24.502627 open("/etc/passwd", O_RDONLY|0x80000 /* O_??? */) = 4
20134 14:31:24.502644 _llseek(4, 0, [0], SEEK_CUR) = 0
20134 14:31:24.502659 fstat64(4, {st_mode=S_IFREG|0644, st_size=1624, ...}) = 0
20134 14:31:24.502677 mmap2(NULL, 1624, PROT_READ, MAP_SHARED, 4, 0) = 0xb7f73000
20134 14:31:24.502689 _llseek(4, 1624, [1624], SEEK_SET) = 0
20134 14:31:24.502711 munmap(0xb7f73000, 1624) = 0
20134 14:31:24.502723 close(4)          = 0
20134 14:31:24.502736 getuid32()        = 0
20134 14:31:24.502746 open("/etc/passwd", O_RDONLY|0x80000 /* O_??? */) = 4
20134 14:31:24.502758 _llseek(4, 0, [0], SEEK_CUR) = 0
20134 14:31:24.502768 fstat64(4, {st_mode=S_IFREG|0644, st_size=1624, ...}) = 0
20134 14:31:24.502785 mmap2(NULL, 1624, PROT_READ, MAP_SHARED, 4, 0) = 0xb7f73000
20134 14:31:24.502795 _llseek(4, 1624, [1624], SEEK_SET) = 0
20134 14:31:24.502811 munmap(0xb7f73000, 1624) = 0
20134 14:31:24.502821 close(4)          = 0
20134 14:31:24.502846 open("/proc/sys/kernel/ngroups_max", O_RDONLY) = 4
20134 14:31:24.502866 read(4, "65536\n", 31) = 6
20134 14:31:24.502882 close(4)          = 0
20134 14:31:24.502895 socket(PF_FILE, SOCK_STREAM, 0) = 4
20134 14:31:24.502906 fcntl64(4, F_SETFL, O_RDWR|O_NONBLOCK) = 0
20134 14:31:24.502917 connect(4, {sa_family=AF_FILE, path="/var/run/nscd/socket"}, 110) = -1 ENOENT (No such file or directory)
20134 14:31:24.502937 close(4)          = 0
20134 14:31:24.502949 socket(PF_FILE, SOCK_STREAM, 0) = 4
20134 14:31:24.502959 fcntl64(4, F_SETFL, O_RDWR|O_NONBLOCK) = 0
20134 14:31:24.502969 connect(4, {sa_family=AF_FILE, path="/var/run/nscd/socket"}, 110) = -1 ENOENT (No such file or directory)
20134 14:31:24.502987 close(4)          = 0
20134 14:31:24.503012 open("/etc/group", O_RDONLY|0x80000 /* O_??? */) = 4
20134 14:31:24.503026 _llseek(4, 0, [0], SEEK_CUR) = 0
20134 14:31:24.503036 fstat64(4, {st_mode=S_IFREG|0644, st_size=886, ...}) = 0
20134 14:31:24.503053 mmap2(NULL, 886, PROT_READ, MAP_SHARED, 4, 0) = 0xb7f73000
20134 14:31:24.503063 _llseek(4, 886, [886], SEEK_SET) = 0
20134 14:31:24.503233 fstat64(4, {st_mode=S_IFREG|0644, st_size=886, ...}) = 0
20134 14:31:24.503261 munmap(0xb7f73000, 886) = 0
20134 14:31:24.503271 close(4)          = 0
20134 14:31:24.503281 setgroups32(13, [1000, 4, 20, 24, 25, 29, 30, 44, 46, 107, 111, 112, 119]) = 0
20134 14:31:24.503297 geteuid32()       = 0
20134 14:31:24.503307 getegid32()       = 0
20134 14:31:24.503318 setregid32(-1, 1000) = 0
20134 14:31:24.503328 setreuid32(-1, 1000) = 0
20134 14:31:24.503339 chdir("/home/msfadmin") = 0
20134 14:31:24.503350 setreuid32(-1, 0) = 0
20134 14:31:24.503359 setregid32(-1, 0) = 0
20134 14:31:24.503369 setgid32(1000)    = 0
20134 14:31:24.503379 setuid32(1000)    = 0
20134 14:31:24.503389 setrlimit(RLIMIT_NPROC, {rlim_cur=0, rlim_max=0}) = 0
20134 14:31:24.503402 mmap2(NULL, 12288, PROT_READ|PROT_WRITE, MAP_PRIVATE|MAP_ANONYMOUS, -1, 0) = 0xb7f71000
20134 14:31:24.503413 mprotect(0xb7f73000, 4096, PROT_NONE) = 0
20134 14:31:24.503425 mprotect(0xb7f71000, 4096, PROT_NONE) = 0
20134 14:31:24.503436 getcwd("/home/msfadmin", 4096) = 15
20134 14:31:24.503449 umask(022)        = 077
20134 14:31:24.503458 getcwd("/home/msfadmin", 4096) = 15
20134 14:31:24.503472 open(".message", O_RDONLY|O_NONBLOCK|O_LARGEFILE) = -1 ENOENT (No such file or directory)
20134 14:31:24.503494 write(0, "230 Login successful.\r\n", 23) = 23
20134 14:31:24.503573 rt_sigaction(SIGALRM, {0x805cad0, ~[RTMIN RT_1], 0}, NULL, 8) = 0
20134 14:31:24.503590 alarm(300)        = 0
20134 14:31:24.503601 mmap2(NULL, 12288, PROT_READ|PROT_WRITE, MAP_PRIVATE|MAP_ANONYMOUS, -1, 0) = 0xb7f6e000
20134 14:31:24.503612 mprotect(0xb7f70000, 4096, PROT_NONE) = 0
20134 14:31:24.503623 mprotect(0xb7f6e000, 4096, PROT_NONE) = 0
20134 14:31:24.503636 recv(0, "TYPE I\r\n", 4096, MSG_PEEK) = 8
20134 14:31:24.503648 read(0, "TYPE I\r\n", 8) = 8
20134 14:31:24.503665 write(0, "200 Switching to Binary mode.\r\n", 31) = 31
20134 14:31:24.503704 rt_sigaction(SIGALRM, {0x805cad0, ~[RTMIN RT_1], 0}, NULL, 8) = 0
20134 14:31:24.503719 alarm(300)        = 300
20134 14:31:24.503734 recv(0, "PASV\r\n", 4096, MSG_PEEK) = 6
20134 14:31:24.503745 read(0, "PASV\r\n", 6) = 6
20134 14:31:24.503757 write(5, "\n", 1) = 1
20134 14:31:24.503768 read(5,  <unfinished ...>
20132 14:31:24.503780 close(5)          = 0
20132 14:31:24.503793 getuid32()        = 0
20132 14:31:24.503807 open("/etc/passwd", O_RDONLY|0x80000 /* O_??? */) = 5
20132 14:31:24.503822 _llseek(5, 0, [0], SEEK_CUR) = 0
20132 14:31:24.503833 fstat64(5, {st_mode=S_IFREG|0644, st_size=1624, ...}) = 0
20132 14:31:24.503851 mmap2(NULL, 1624, PROT_READ, MAP_SHARED, 5, 0) = 0xb7f73000
20132 14:31:24.503862 _llseek(5, 1624, [1624], SEEK_SET) = 0
20132 14:31:24.503879 munmap(0xb7f73000, 1624) = 0
20132 14:31:24.503891 close(5)          = 0
20132 14:31:24.503906 setgroups32(0, []) = 0
20132 14:31:24.503917 chdir("/usr/share/empty") = 0
20132 14:31:24.503929 chroot(".")       = 0
20132 14:31:24.503940 capset(NULL, NULL) = -1 EFAULT (Bad address)
20132 14:31:24.503953 prctl(0x8, 0, 0xbf8e2388, 0x80549a6, 0xbf8e2370) = 0
20132 14:31:24.503964 prctl(0x8, 0x1, 0xbf8e2388, 0x8054a49, 0xbf8e2370) = 0
20132 14:31:24.503973 setgid32(65534)   = 0
20132 14:31:24.503983 setuid32(65534)   = 0
20132 14:31:24.503993 capset(0x19980330, 0, {CAP_NET_BIND_SERVICE, CAP_NET_BIND_SERVICE, 0}) = 0
20132 14:31:24.504005 read(4, "\n", 1)  = 1
20132 14:31:24.504018 write(4, "\1", 1) = 1
20134 14:31:24.504029 <... read resumed> "\1", 1) = 1
20134 14:31:24.504036 write(5, "\f", 1) = 1
20134 14:31:24.504046 read(5,  <unfinished ...>
20132 14:31:24.504053 read(4, "\f", 1)  = 1
20132 14:31:24.504065 socket(PF_INET, SOCK_STREAM, IPPROTO_TCP) = 5
20132 14:31:24.504078 setsockopt(5, SOL_SOCKET, SO_REUSEADDR, [1], 4) = 0
20132 14:31:24.504089 gettimeofday({1495650684, 504093}, NULL) = 0
20132 14:31:24.504105 bind(5, {sa_family=AF_INET, sin_port=htons(15404), sin_addr=inet_addr("127.0.0.1")}, 16) = 0
20132 14:31:24.504121 listen(5, 1)      = 0
20132 14:31:24.504134 write(4, ",<\0\0", 4) = 4
20134 14:31:24.504145 <... read resumed> ",<\0\0", 4) = 4
20134 14:31:24.504179 write(0, "227 Entering Passive Mode (127,0,0,1,60,44).\r\n", 46) = 46
20134 14:31:24.504288 rt_sigaction(SIGALRM, {0x805cad0, ~[RTMIN RT_1], 0}, NULL, 8) = 0
20134 14:31:24.504305 alarm(300)        = 300
20134 14:31:24.504316 recv(0, "STOR myfile8\r\n", 4096, MSG_PEEK) = 14
20134 14:31:24.504328 read(0, "STOR myfile8\r\n", 14) = 14
20134 14:31:24.504343 write(5, "\v", 1) = 1
20134 14:31:24.504353 read(5,  <unfinished ...>
20132 14:31:24.504360 read(4, "\v", 1)  = 1
20132 14:31:24.504372 write(4, "\1\0\0\0", 4) = 4
20134 14:31:24.504382 <... read resumed> "\1\0\0\0", 4) = 4
20134 14:31:24.504390 gettimeofday({1495650684, 504394}, NULL) = 0
20134 14:31:24.504401 getcwd("/home/msfadmin", 4096) = 15
20134 14:31:24.504413 open("myfile8", O_WRONLY|O_CREAT|O_NONBLOCK|O_LARGEFILE, 0666) = 4
20134 14:31:24.504426 fstat64(4, {st_mode=S_IFREG|0644, st_size=17, ...}) = 0
20134 14:31:24.504443 fcntl64(4, F_GETFL) = 0x8801 (flags O_WRONLY|O_NONBLOCK|O_LARGEFILE)
20134 14:31:24.504454 fcntl64(4, F_SETFL, O_WRONLY|O_LARGEFILE) = 0
20134 14:31:24.504463 fcntl64(4, F_SETLKW64, {type=F_WRLCK, whence=SEEK_SET, start=0, len=0}, 0xbf8e22d4) = 0
20134 14:31:24.504478 ftruncate64(4, 0) = 0
20134 14:31:24.504497 _llseek(4, 0, [0], SEEK_SET) = 0
20134 14:31:24.504508 write(5, "\v", 1) = 1
20134 14:31:24.504518 read(5,  <unfinished ...>
20132 14:31:24.504525 read(4, "\v", 1)  = 1
20132 14:31:24.504536 write(4, "\1\0\0\0", 4) = 4
20134 14:31:24.504546 <... read resumed> "\1\0\0\0", 4) = 4
20134 14:31:24.504553 write(5, "\v", 1) = 1
20134 14:31:24.504563 read(5,  <unfinished ...>
20132 14:31:24.504569 read(4, "\v", 1)  = 1
20132 14:31:24.504580 write(4, "\1\0\0\0", 4) = 4
20134 14:31:24.504590 <... read resumed> "\1\0\0\0", 4) = 4
20134 14:31:24.504597 write(5, "\r", 1) = 1
20134 14:31:24.504607 read(5,  <unfinished ...>
20132 14:31:24.504613 read(4, "\r", 1)  = 1
20132 14:31:24.504626 select(6, [5], NULL, NULL, {60, 0}) = 1 (in [5], left {60, 0})
20132 14:31:24.504642 accept(5, {sa_family=AF_INET, sin_port=htons(43426), sin_addr=inet_addr("127.0.0.1")}, [16]) = 6
20132 14:31:24.504668 write(4, "\1", 1) = 1
20134 14:31:24.504679 <... read resumed> "\1", 1) = 1
20134 14:31:24.504688 recvmsg(5,  <unfinished ...>
20132 14:31:24.504697 sendmsg(4, {msg_name(0)=NULL, msg_iov(1)=[{"\0", 1}], msg_controllen=16, {cmsg_len=16, cmsg_level=SOL_SOCKET, cmsg_type=SCM_RIGHTS, {6}}, msg_flags=0}, 0) = 1
20134 14:31:24.504714 <... recvmsg resumed> {msg_name(0)=NULL, msg_iov(1)=[{"\0", 1}], msg_controllen=16, {cmsg_len=16, cmsg_level=SOL_SOCKET, cmsg_type=SCM_RIGHTS, {6}}, msg_flags=0}, 0) = 1
20134 14:31:24.504727 setsockopt(6, SOL_SOCKET, SO_KEEPALIVE, [1], 4) = 0
20134 14:31:24.504739 setsockopt(6, SOL_IP, IP_TOS, [8], 4) = 0
20134 14:31:24.504751 setsockopt(6, SOL_SOCKET, SO_LINGER, {onoff=1, linger=32767}, 8) = 0
20134 14:31:24.504762 rt_sigaction(SIGALRM, {0x805cad0, ~[RTMIN RT_1], 0}, NULL, 8) = 0
20134 14:31:24.504775 alarm(300)        = 300
20134 14:31:24.504787 write(0, "150 Ok to send data.\r\n", 22) = 22
20134 14:31:24.504849 mmap2(NULL, 77824, PROT_READ|PROT_WRITE, MAP_PRIVATE|MAP_ANONYMOUS, -1, 0) = 0xb7da8000
20134 14:31:24.504863 mprotect(0xb7dba000, 4096, PROT_NONE) = 0
20134 14:31:24.504874 mprotect(0xb7da8000, 4096, PROT_NONE) = 0
20134 14:31:24.504884 read(6, "assasaaa\na\na\na\na\n", 65536) = 17
20134 14:31:24.504898 write(4, "assasaaa\na\na\na\na\n", 17) = 17
20134 14:31:24.504913 read(6, "", 65536) = 0
20134 14:31:24.504924 rt_sigaction(SIGALRM, {0x805cad0, ~[RTMIN RT_1], 0}, NULL, 8) = 0
20134 14:31:24.504937 alarm(300)        = 300
20134 14:31:24.504947 close(6)          = 0
20134 14:31:24.504956 alarm(0)          = 300
20134 14:31:24.504965 gettimeofday({1495650684, 504968}, NULL) = 0
20134 14:31:24.504982 getpid()          = 20134
20134 14:31:24.504994 gettimeofday({1495650684, 504997}, NULL) = 0
20134 14:31:24.505011 fcntl64(3, F_SETLKW64, {type=F_WRLCK, whence=SEEK_SET, start=0, len=0}, 0xbf8e2274) = 0
20134 14:31:24.505025 write(3, "Wed May 24 14:31:24 2017 [pid 20134] [msfadmin] OK UPLOAD: Client \"127.0.0.1\", \"/home/msfadmin/myfile8\", 17 bytes, 27.53Kbyte/sec\n", 130) = 130
20134 14:31:24.505045 fcntl64(3, F_SETLK64, {type=F_UNLCK, whence=SEEK_SET, start=0, len=0}, 0xbf8e227c) = 0
20134 14:31:24.505059 write(0, "226 Transfer complete.\r\n", 24) = 24
20134 14:31:24.505099 write(5, "\n", 1) = 1
20134 14:31:24.505111 read(5,  <unfinished ...>
20132 14:31:24.505118 close(6)          = 0
20132 14:31:24.505162 read(4, "\n", 1)  = 1
20132 14:31:24.505185 close(5)          = 0
20132 14:31:24.505196 write(4, "\1", 1) = 1
20134 14:31:24.505206 <... read resumed> "\1", 1) = 1
20134 14:31:24.505213 close(4)          = 0
20134 14:31:24.505224 rt_sigaction(SIGALRM, {0x805cad0, ~[RTMIN RT_1], 0}, NULL, 8) = 0
20134 14:31:24.505237 alarm(300)        = 0
20134 14:31:24.505248 recv(0,  <unfinished ...>
20132 14:31:24.505256 read(4,  <unfinished ...>
20130 14:31:24.542265 <... recv resumed> "USER msfadmin\r\n", 4096, MSG_PEEK) = 15
20130 14:31:24.542366 read(0, "USER msfadmin\r\n", 15) = 15
20130 14:31:24.542450 write(0, "331 Any password will do.\r\n", 27) = 27
20130 14:31:24.542533 rt_sigaction(SIGALRM, {0x805cad0, ~[RTMIN RT_1], 0}, NULL, 8) = 0
20130 14:31:24.542564 alarm(300)        = 299
20130 14:31:24.542588 recv(0, "PASS msfadmin\r\n", 4096, MSG_PEEK) = 15
20130 14:31:24.542602 read(0, "PASS msfadmin\r\n", 15) = 15
20130 14:31:24.542618 write(0, "230 Already logged in.\r\n", 24) = 24
20130 14:31:24.542680 rt_sigaction(SIGALRM, {0x805cad0, ~[RTMIN RT_1], 0}, NULL, 8) = 0
20130 14:31:24.542695 alarm(300)        = 300
20130 14:31:24.542707 recv(0, "TYPE I\r\n", 4096, MSG_PEEK) = 8
20130 14:31:24.542718 read(0, "TYPE I\r\n", 8) = 8
20130 14:31:24.542732 write(0, "200 Switching to Binary mode.\r\n", 31) = 31
20130 14:31:24.542768 rt_sigaction(SIGALRM, {0x805cad0, ~[RTMIN RT_1], 0}, NULL, 8) = 0
20130 14:31:24.542782 alarm(300)        = 300
20130 14:31:24.542793 recv(0, "PASV\r\n", 4096, MSG_PEEK) = 6
20130 14:31:24.542804 read(0, "PASV\r\n", 6) = 6
20130 14:31:24.542815 write(5, "\n", 1 <unfinished ...>
20128 14:31:24.542827 <... read resumed> "\n", 1) = 1
20130 14:31:24.542839 <... write resumed> ) = 1
20128 14:31:24.542847 write(4, "\1", 1) = 1
20128 14:31:24.542858 read(4,  <unfinished ...>
20130 14:31:24.542865 read(5, "\1", 1)  = 1
20130 14:31:24.542876 write(5, "\f", 1 <unfinished ...>
20128 14:31:24.542883 <... read resumed> "\f", 1) = 1
20130 14:31:24.542888 <... write resumed> ) = 1
20128 14:31:24.542895 socket(PF_INET, SOCK_STREAM, IPPROTO_TCP) = 5
20128 14:31:24.542910 setsockopt(5, SOL_SOCKET, SO_REUSEADDR, [1], 4) = 0
20128 14:31:24.542925 bind(5, {sa_family=AF_INET, sin_port=htons(59604), sin_addr=inet_addr("127.0.0.1")}, 16) = 0
20128 14:31:24.542941 listen(5, 1)      = 0
20128 14:31:24.542954 write(4, "\324\350\0\0", 4) = 4
20128 14:31:24.542965 read(4,  <unfinished ...>
20130 14:31:24.542972 read(5, "\324\350\0\0", 4) = 4
20130 14:31:24.542988 write(0, "227 Entering Passive Mode (127,0,0,1,232,212).\r\n", 48) = 48
20130 14:31:24.543097 rt_sigaction(SIGALRM, {0x805cad0, ~[RTMIN RT_1], 0}, NULL, 8) = 0
20130 14:31:24.543146 alarm(300)        = 300
20130 14:31:24.543159 recv(0, "RETR myfile15\r\n", 4096, MSG_PEEK) = 15
20130 14:31:24.543181 read(0, "RETR myfile15\r\n", 15) = 15
20130 14:31:24.543194 write(5, "\v", 1 <unfinished ...>
20128 14:31:24.543202 <... read resumed> "\v", 1) = 1
20130 14:31:24.543207 <... write resumed> ) = 1
20128 14:31:24.543213 write(4, "\1\0\0\0", 4) = 4
20128 14:31:24.543223 read(4,  <unfinished ...>
20130 14:31:24.543230 read(5, "\1\0\0\0", 4) = 4
20130 14:31:24.543242 gettimeofday({1495650684, 543245}, NULL) = 0
20130 14:31:24.543253 getcwd("/home/msfadmin", 4096) = 15
20130 14:31:24.543265 open("myfile15", O_RDONLY|O_NONBLOCK|O_LARGEFILE) = 4
20130 14:31:24.543279 fcntl64(4, F_SETLKW64, {type=F_RDLCK, whence=SEEK_SET, start=0, len=0}, 0xbfe5c864) = 0
20130 14:31:24.543294 fstat64(4, {st_mode=S_IFREG|0644, st_size=17, ...}) = 0
20130 14:31:24.543311 fcntl64(4, F_GETFL) = 0x8800 (flags O_RDONLY|O_NONBLOCK|O_LARGEFILE)
20130 14:31:24.543322 fcntl64(4, F_SETFL, O_RDONLY|O_LARGEFILE) = 0
20130 14:31:24.543333 write(5, "\v", 1 <unfinished ...>
20128 14:31:24.543341 <... read resumed> "\v", 1) = 1
20130 14:31:24.543346 <... write resumed> ) = 1
20128 14:31:24.543352 write(4, "\1\0\0\0", 4) = 4
20128 14:31:24.543362 read(4,  <unfinished ...>
20130 14:31:24.543369 read(5, "\1\0\0\0", 4) = 4
20130 14:31:24.543380 write(5, "\v", 1 <unfinished ...>
20128 14:31:24.543386 <... read resumed> "\v", 1) = 1
20130 14:31:24.543391 <... write resumed> ) = 1
20128 14:31:24.543397 write(4, "\1\0\0\0", 4) = 4
20128 14:31:24.543407 read(4,  <unfinished ...>
20130 14:31:24.543413 read(5, "\1\0\0\0", 4) = 4
20130 14:31:24.543424 write(5, "\r", 1 <unfinished ...>
20128 14:31:24.543431 <... read resumed> "\r", 1) = 1
20130 14:31:24.543436 <... write resumed> ) = 1
20128 14:31:24.543443 select(6, [5], NULL, NULL, {60, 0}) = 1 (in [5], left {60, 0})
20128 14:31:24.543458 accept(5, {sa_family=AF_INET, sin_port=htons(32985), sin_addr=inet_addr("127.0.0.1")}, [16]) = 6
20128 14:31:24.543480 write(4, "\1", 1) = 1
20128 14:31:24.543492 sendmsg(4, {msg_name(0)=NULL, msg_iov(1)=[{"\0", 1}], msg_controllen=16, {cmsg_len=16, cmsg_level=SOL_SOCKET, cmsg_type=SCM_RIGHTS, {6}}, msg_flags=0}, 0) = 1
20128 14:31:24.543509 close(6)          = 0
20128 14:31:24.543518 read(4,  <unfinished ...>
20130 14:31:24.543525 read(5, "\1", 1)  = 1
20130 14:31:24.543537 recvmsg(5, {msg_name(0)=NULL, msg_iov(1)=[{"\0", 1}], msg_controllen=16, {cmsg_len=16, cmsg_level=SOL_SOCKET, cmsg_type=SCM_RIGHTS, {6}}, msg_flags=0}, 0) = 1
20130 14:31:24.543556 setsockopt(6, SOL_SOCKET, SO_KEEPALIVE, [1], 4) = 0
20130 14:31:24.543568 setsockopt(6, SOL_IP, IP_TOS, [8], 4) = 0
20130 14:31:24.543579 setsockopt(6, SOL_SOCKET, SO_LINGER, {onoff=1, linger=32767}, 8) = 0
20130 14:31:24.543590 rt_sigaction(SIGALRM, {0x805cad0, ~[RTMIN RT_1], 0}, NULL, 8) = 0
20130 14:31:24.543603 alarm(300)        = 300
20130 14:31:24.543616 write(0, "150 Opening BINARY mode data connection for myfile15 (17 bytes).\r\n", 66) = 66
20130 14:31:24.543657 _llseek(4, 0, [0], SEEK_CUR) = 0
20130 14:31:24.543674 fstat64(4, {st_mode=S_IFREG|0644, st_size=17, ...}) = 0
20130 14:31:24.543692 _llseek(4, 0, [0], SEEK_SET) = 0
20130 14:31:24.543702 sendfile(6, 4, NULL, 17) = 17
20130 14:31:24.543733 rt_sigaction(SIGALRM, {0x805cad0, ~[RTMIN RT_1], 0}, NULL, 8) = 0
20130 14:31:24.543747 alarm(300)        = 300
20130 14:31:24.543756 close(6)          = 0
20130 14:31:24.543793 alarm(0)          = 300
20130 14:31:24.543803 gettimeofday({1495650684, 543807}, NULL) = 0
20130 14:31:24.543818 gettimeofday({1495650684, 543823}, NULL) = 0
20130 14:31:24.543833 fcntl64(3, F_SETLKW64, {type=F_WRLCK, whence=SEEK_SET, start=0, len=0}, 0xbfe5c804) = 0
20130 14:31:24.543847 write(3, "Wed May 24 14:31:24 2017 [pid 20130] [msfadmin] OK DOWNLOAD: Client \"127.0.0.1\", \"/home/msfadmin/myfile15\", 17 bytes, 28.72Kbyte/sec\n", 133) = 133
20130 14:31:24.543868 fcntl64(3, F_SETLK64, {type=F_UNLCK, whence=SEEK_SET, start=0, len=0}, 0xbfe5c80c) = 0
20130 14:31:24.543882 write(0, "226 Transfer complete.\r\n", 24) = 24
20130 14:31:24.543946 write(5, "\n", 1 <unfinished ...>
20128 14:31:24.543956 <... read resumed> "\n", 1) = 1
20130 14:31:24.543961 <... write resumed> ) = 1
20128 14:31:24.543967 close(5)          = 0
20128 14:31:24.543979 write(4, "\1", 1) = 1
20128 14:31:24.543990 read(4,  <unfinished ...>
20130 14:31:24.543996 read(5, "\1", 1)  = 1
20130 14:31:24.544007 close(4)          = 0
20130 14:31:24.544018 rt_sigaction(SIGALRM, {0x805cad0, ~[RTMIN RT_1], 0}, NULL, 8) = 0
20130 14:31:24.544031 alarm(300)        = 0
20130 14:31:24.544042 recv(0,  <unfinished ...>
20134 14:31:25.032407 <... recv resumed> "TYPE I\r\n", 4096, MSG_PEEK) = 8
20134 14:31:25.032476 read(0, "TYPE I\r\n", 8) = 8
20134 14:31:25.032526 write(0, "200 Switching to Binary mode.\r\n", 31) = 31
20134 14:31:25.032597 rt_sigaction(SIGALRM, {0x805cad0, ~[RTMIN RT_1], 0}, NULL, 8) = 0
20134 14:31:25.032622 alarm(300)        = 299
20134 14:31:25.032634 recv(0, "PASV\r\n", 4096, MSG_PEEK) = 6
20134 14:31:25.032646 read(0, "PASV\r\n", 6) = 6
20134 14:31:25.032658 write(5, "\n", 1) = 1
20134 14:31:25.032671 read(5,  <unfinished ...>
20132 14:31:25.032679 <... read resumed> "\n", 1) = 1
20132 14:31:25.032688 write(4, "\1", 1) = 1
20134 14:31:25.032699 <... read resumed> "\1", 1) = 1
20134 14:31:25.032706 write(5, "\f", 1) = 1
20134 14:31:25.032716 read(5,  <unfinished ...>
20132 14:31:25.032723 read(4, "\f", 1)  = 1
20132 14:31:25.032735 socket(PF_INET, SOCK_STREAM, IPPROTO_TCP) = 5
20132 14:31:25.032750 setsockopt(5, SOL_SOCKET, SO_REUSEADDR, [1], 4) = 0
20132 14:31:25.032765 bind(5, {sa_family=AF_INET, sin_port=htons(41001), sin_addr=inet_addr("127.0.0.1")}, 16) = 0
20132 14:31:25.032781 listen(5, 1)      = 0
20132 14:31:25.032795 write(4, ")\240\0\0", 4) = 4
20134 14:31:25.032806 <... read resumed> ")\240\0\0", 4) = 4
20134 14:31:25.032818 write(0, "227 Entering Passive Mode (127,0,0,1,160,41).\r\n", 47) = 47
20134 14:31:25.032928 rt_sigaction(SIGALRM, {0x805cad0, ~[RTMIN RT_1], 0}, NULL, 8) = 0
20134 14:31:25.032956 alarm(300)        = 300
20134 14:31:25.032967 recv(0, "STOR myfile9\r\n", 4096, MSG_PEEK) = 14
20134 14:31:25.032980 read(0, "STOR myfile9\r\n", 14) = 14
20134 14:31:25.033003 write(5, "\v", 1) = 1
20134 14:31:25.033014 read(5,  <unfinished ...>
20132 14:31:25.033021 read(4, "\v", 1)  = 1
20132 14:31:25.033032 write(4, "\1\0\0\0", 4) = 4
20134 14:31:25.033042 <... read resumed> "\1\0\0\0", 4) = 4
20134 14:31:25.033050 gettimeofday({1495650685, 33054}, NULL) = 0
20134 14:31:25.033062 getcwd("/home/msfadmin", 4096) = 15
20134 14:31:25.033074 open("myfile9", O_WRONLY|O_CREAT|O_NONBLOCK|O_LARGEFILE, 0666) = 4
20134 14:31:25.033088 fstat64(4, {st_mode=S_IFREG|0644, st_size=17, ...}) = 0
20134 14:31:25.033105 fcntl64(4, F_GETFL) = 0x8801 (flags O_WRONLY|O_NONBLOCK|O_LARGEFILE)
20134 14:31:25.033116 fcntl64(4, F_SETFL, O_WRONLY|O_LARGEFILE) = 0
20134 14:31:25.033126 fcntl64(4, F_SETLKW64, {type=F_WRLCK, whence=SEEK_SET, start=0, len=0}, 0xbf8e22d4) = 0
20134 14:31:25.033141 ftruncate64(4, 0) = 0
20134 14:31:25.033160 _llseek(4, 0, [0], SEEK_SET) = 0
20134 14:31:25.033197 write(5, "\v", 1) = 1
20134 14:31:25.033225 read(5,  <unfinished ...>
20132 14:31:25.033232 read(4, "\v", 1)  = 1
20132 14:31:25.033243 write(4, "\1\0\0\0", 4) = 4
20134 14:31:25.033254 <... read resumed> "\1\0\0\0", 4) = 4
20134 14:31:25.033261 write(5, "\v", 1) = 1
20134 14:31:25.033271 read(5,  <unfinished ...>
20132 14:31:25.033278 read(4, "\v", 1)  = 1
20132 14:31:25.033288 write(4, "\1\0\0\0", 4) = 4
20134 14:31:25.033298 <... read resumed> "\1\0\0\0", 4) = 4
20134 14:31:25.033306 write(5, "\r", 1) = 1
20134 14:31:25.033315 read(5,  <unfinished ...>
20132 14:31:25.033322 read(4, "\r", 1)  = 1
20132 14:31:25.033333 select(6, [5], NULL, NULL, {60, 0}) = 1 (in [5], left {60, 0})
20132 14:31:25.033349 accept(5, {sa_family=AF_INET, sin_port=htons(49765), sin_addr=inet_addr("127.0.0.1")}, [16]) = 6
20132 14:31:25.033372 write(4, "\1", 1) = 1
20134 14:31:25.033382 <... read resumed> "\1", 1) = 1
20134 14:31:25.033391 recvmsg(5,  <unfinished ...>
20132 14:31:25.033399 sendmsg(4, {msg_name(0)=NULL, msg_iov(1)=[{"\0", 1}], msg_controllen=16, {cmsg_len=16, cmsg_level=SOL_SOCKET, cmsg_type=SCM_RIGHTS, {6}}, msg_flags=0}, 0) = 1
20134 14:31:25.033417 <... recvmsg resumed> {msg_name(0)=NULL, msg_iov(1)=[{"\0", 1}], msg_controllen=16, {cmsg_len=16, cmsg_level=SOL_SOCKET, cmsg_type=SCM_RIGHTS, {6}}, msg_flags=0}, 0) = 1
20134 14:31:25.033430 setsockopt(6, SOL_SOCKET, SO_KEEPALIVE, [1], 4) = 0
20134 14:31:25.033442 setsockopt(6, SOL_IP, IP_TOS, [8], 4) = 0
20134 14:31:25.033454 setsockopt(6, SOL_SOCKET, SO_LINGER, {onoff=1, linger=32767}, 8) = 0
20134 14:31:25.033465 rt_sigaction(SIGALRM, {0x805cad0, ~[RTMIN RT_1], 0}, NULL, 8) = 0
20134 14:31:25.033478 alarm(300)        = 300
20134 14:31:25.033490 write(0, "150 Ok to send data.\r\n", 22) = 22
20134 14:31:25.033558 read(6, "assasaaa\na\na\na\na\n", 65536) = 17
20134 14:31:25.033572 write(4, "assasaaa\na\na\na\na\n", 17) = 17
20134 14:31:25.033589 read(6, "", 65536) = 0
20134 14:31:25.033599 rt_sigaction(SIGALRM, {0x805cad0, ~[RTMIN RT_1], 0}, NULL, 8) = 0
20134 14:31:25.033613 alarm(300)        = 300
20134 14:31:25.033623 close(6)          = 0
20134 14:31:25.033632 alarm(0)          = 300
20134 14:31:25.033641 gettimeofday({1495650685, 33645}, NULL) = 0
20134 14:31:25.033656 gettimeofday({1495650685, 33660}, NULL) = 0
20134 14:31:25.033670 fcntl64(3, F_SETLKW64, {type=F_WRLCK, whence=SEEK_SET, start=0, len=0}, 0xbf8e2274) = 0
20134 14:31:25.033685 write(3, "Wed May 24 14:31:25 2017 [pid 20134] [msfadmin] OK UPLOAD: Client \"127.0.0.1\", \"/home/msfadmin/myfile9\", 17 bytes, 27.40Kbyte/sec\n", 130) = 130
20134 14:31:25.033706 fcntl64(3, F_SETLK64, {type=F_UNLCK, whence=SEEK_SET, start=0, len=0}, 0xbf8e227c) = 0
20134 14:31:25.033720 write(0, "226 Transfer complete.\r\n", 24) = 24
20134 14:31:25.033774 write(5, "\n", 1) = 1
20134 14:31:25.033786 read(5,  <unfinished ...>
20132 14:31:25.033793 close(6)          = 0
20132 14:31:25.033812 read(4, "\n", 1)  = 1
20132 14:31:25.033845 close(5)          = 0
20132 14:31:25.033866 write(4, "\1", 1) = 1
20134 14:31:25.033887 <... read resumed> "\1", 1) = 1
20134 14:31:25.033903 close(4)          = 0
20134 14:31:25.033924 rt_sigaction(SIGALRM, {0x805cad0, ~[RTMIN RT_1], 0}, NULL, 8) = 0
20134 14:31:25.033956 alarm(300)        = 0
20134 14:31:25.033977 recv(0,  <unfinished ...>
20132 14:31:25.033994 read(4,  <unfinished ...>
20130 14:31:25.122566 <... recv resumed> "USER msfadmin\r\n", 4096, MSG_PEEK) = 15
20130 14:31:25.122701 read(0, "USER msfadmin\r\n", 15) = 15
20130 14:31:25.122815 write(0, "331 Any password will do.\r\n", 27) = 27
20130 14:31:25.122913 rt_sigaction(SIGALRM, {0x805cad0, ~[RTMIN RT_1], 0}, NULL, 8) = 0
20130 14:31:25.122947 alarm(300)        = 299
20130 14:31:25.122973 recv(0, "PASS msfadmin\r\n", 4096, MSG_PEEK) = 15
20130 14:31:25.122992 read(0, "PASS msfadmin\r\n", 15) = 15
20130 14:31:25.123008 write(0, "230 Already logged in.\r\n", 24) = 24
20130 14:31:25.123071 rt_sigaction(SIGALRM, {0x805cad0, ~[RTMIN RT_1], 0}, NULL, 8) = 0
20130 14:31:25.123086 alarm(300)        = 300
20130 14:31:25.123097 recv(0, "TYPE I\r\n", 4096, MSG_PEEK) = 8
20130 14:31:25.123115 read(0, "TYPE I\r\n", 8) = 8
20130 14:31:25.123130 write(0, "200 Switching to Binary mode.\r\n", 31) = 31
20130 14:31:25.123166 rt_sigaction(SIGALRM, {0x805cad0, ~[RTMIN RT_1], 0}, NULL, 8) = 0
20130 14:31:25.123180 alarm(300)        = 300
20130 14:31:25.123191 recv(0, "PASV\r\n", 4096, MSG_PEEK) = 6
20130 14:31:25.123202 read(0, "PASV\r\n", 6) = 6
20130 14:31:25.123214 write(5, "\n", 1 <unfinished ...>
20128 14:31:25.123225 <... read resumed> "\n", 1) = 1
20130 14:31:25.123230 <... write resumed> ) = 1
20128 14:31:25.123237 write(4, "\1", 1) = 1
20128 14:31:25.123248 read(4,  <unfinished ...>
20130 14:31:25.123255 read(5, "\1", 1)  = 1
20130 14:31:25.123266 write(5, "\f", 1 <unfinished ...>
20128 14:31:25.123273 <... read resumed> "\f", 1) = 1
20130 14:31:25.123277 <... write resumed> ) = 1
20128 14:31:25.123284 socket(PF_INET, SOCK_STREAM, IPPROTO_TCP) = 5
20128 14:31:25.123300 setsockopt(5, SOL_SOCKET, SO_REUSEADDR, [1], 4) = 0
20128 14:31:25.123314 bind(5, {sa_family=AF_INET, sin_port=htons(32356), sin_addr=inet_addr("127.0.0.1")}, 16) = 0
20128 14:31:25.123330 listen(5, 1)      = 0
20128 14:31:25.123344 write(4, "d~\0\0", 4) = 4
20128 14:31:25.123355 read(4,  <unfinished ...>
20130 14:31:25.123362 read(5, "d~\0\0", 4) = 4
20130 14:31:25.123377 write(0, "227 Entering Passive Mode (127,0,0,1,126,100).\r\n", 48) = 48
20130 14:31:25.123521 rt_sigaction(SIGALRM, {0x805cad0, ~[RTMIN RT_1], 0}, NULL, 8) = 0
20130 14:31:25.123549 alarm(300)        = 300
20130 14:31:25.123560 recv(0, "RETR myfile16\r\n", 4096, MSG_PEEK) = 15
20130 14:31:25.123573 read(0, "RETR myfile16\r\n", 15) = 15
20130 14:31:25.123586 write(5, "\v", 1 <unfinished ...>
20128 14:31:25.123594 <... read resumed> "\v", 1) = 1
20130 14:31:25.123598 <... write resumed> ) = 1
20128 14:31:25.123605 write(4, "\1\0\0\0", 4) = 4
20128 14:31:25.123615 read(4,  <unfinished ...>
20130 14:31:25.123622 read(5, "\1\0\0\0", 4) = 4
20130 14:31:25.123633 gettimeofday({1495650685, 123637}, NULL) = 0
20130 14:31:25.123644 getcwd("/home/msfadmin", 4096) = 15
20130 14:31:25.123657 open("myfile16", O_RDONLY|O_NONBLOCK|O_LARGEFILE) = 4
20130 14:31:25.123671 fcntl64(4, F_SETLKW64, {type=F_RDLCK, whence=SEEK_SET, start=0, len=0}, 0xbfe5c864) = 0
20130 14:31:25.123686 fstat64(4, {st_mode=S_IFREG|0644, st_size=17, ...}) = 0
20130 14:31:25.123703 fcntl64(4, F_GETFL) = 0x8800 (flags O_RDONLY|O_NONBLOCK|O_LARGEFILE)
20130 14:31:25.123714 fcntl64(4, F_SETFL, O_RDONLY|O_LARGEFILE) = 0
20130 14:31:25.123725 write(5, "\v", 1 <unfinished ...>
20128 14:31:25.123732 <... read resumed> "\v", 1) = 1
20130 14:31:25.123737 <... write resumed> ) = 1
20128 14:31:25.123743 write(4, "\1\0\0\0", 4) = 4
20128 14:31:25.123754 read(4,  <unfinished ...>
20130 14:31:25.123760 read(5, "\1\0\0\0", 4) = 4
20130 14:31:25.123771 write(5, "\v", 1 <unfinished ...>
20128 14:31:25.123778 <... read resumed> "\v", 1) = 1
20130 14:31:25.123782 <... write resumed> ) = 1
20128 14:31:25.123788 write(4, "\1\0\0\0", 4) = 4
20128 14:31:25.123798 read(4,  <unfinished ...>
20130 14:31:25.123805 read(5, "\1\0\0\0", 4) = 4
20130 14:31:25.123816 write(5, "\r", 1 <unfinished ...>
20128 14:31:25.123823 <... read resumed> "\r", 1) = 1
20130 14:31:25.123827 <... write resumed> ) = 1
20128 14:31:25.123834 select(6, [5], NULL, NULL, {60, 0}) = 1 (in [5], left {60, 0})
20128 14:31:25.123850 accept(5, {sa_family=AF_INET, sin_port=htons(49987), sin_addr=inet_addr("127.0.0.1")}, [16]) = 6
20128 14:31:25.123872 write(4, "\1", 1) = 1
20128 14:31:25.123884 sendmsg(4, {msg_name(0)=NULL, msg_iov(1)=[{"\0", 1}], msg_controllen=16, {cmsg_len=16, cmsg_level=SOL_SOCKET, cmsg_type=SCM_RIGHTS, {6}}, msg_flags=0}, 0) = 1
20128 14:31:25.123900 close(6)          = 0
20128 14:31:25.123910 read(4,  <unfinished ...>
20130 14:31:25.123916 read(5, "\1", 1)  = 1
20130 14:31:25.123929 recvmsg(5, {msg_name(0)=NULL, msg_iov(1)=[{"\0", 1}], msg_controllen=16, {cmsg_len=16, cmsg_level=SOL_SOCKET, cmsg_type=SCM_RIGHTS, {6}}, msg_flags=0}, 0) = 1
20130 14:31:25.123946 setsockopt(6, SOL_SOCKET, SO_KEEPALIVE, [1], 4) = 0
20130 14:31:25.123963 setsockopt(6, SOL_IP, IP_TOS, [8], 4) = 0
20130 14:31:25.123975 setsockopt(6, SOL_SOCKET, SO_LINGER, {onoff=1, linger=32767}, 8) = 0
20130 14:31:25.123986 rt_sigaction(SIGALRM, {0x805cad0, ~[RTMIN RT_1], 0}, NULL, 8) = 0
20130 14:31:25.123999 alarm(300)        = 300
20130 14:31:25.124012 write(0, "150 Opening BINARY mode data connection for myfile16 (17 bytes).\r\n", 66) = 66
20130 14:31:25.124053 _llseek(4, 0, [0], SEEK_CUR) = 0
20130 14:31:25.124066 fstat64(4, {st_mode=S_IFREG|0644, st_size=17, ...}) = 0
20130 14:31:25.124083 _llseek(4, 0, [0], SEEK_SET) = 0
20130 14:31:25.124093 sendfile(6, 4, NULL, 17) = 17
20130 14:31:25.124123 rt_sigaction(SIGALRM, {0x805cad0, ~[RTMIN RT_1], 0}, NULL, 8) = 0
20130 14:31:25.124137 alarm(300)        = 300
20130 14:31:25.124146 close(6)          = 0
20130 14:31:25.124182 alarm(0)          = 300
20130 14:31:25.124193 gettimeofday({1495650685, 124196}, NULL) = 0
20130 14:31:25.124208 gettimeofday({1495650685, 124212}, NULL) = 0
20130 14:31:25.124222 fcntl64(3, F_SETLKW64, {type=F_WRLCK, whence=SEEK_SET, start=0, len=0}, 0xbfe5c804) = 0
20130 14:31:25.124237 write(3, "Wed May 24 14:31:25 2017 [pid 20130] [msfadmin] OK DOWNLOAD: Client \"127.0.0.1\", \"/home/msfadmin/myfile16\", 17 bytes, 28.87Kbyte/sec\n", 133) = 133
20130 14:31:25.124258 fcntl64(3, F_SETLK64, {type=F_UNLCK, whence=SEEK_SET, start=0, len=0}, 0xbfe5c80c) = 0
20130 14:31:25.124272 write(0, "226 Transfer complete.\r\n", 24) = 24
20130 14:31:25.124334 write(5, "\n", 1 <unfinished ...>
20128 14:31:25.124344 <... read resumed> "\n", 1) = 1
20130 14:31:25.124349 <... write resumed> ) = 1
20128 14:31:25.124355 close(5)          = 0
20128 14:31:25.124367 write(4, "\1", 1) = 1
20128 14:31:25.124378 read(4,  <unfinished ...>
20130 14:31:25.124384 read(5, "\1", 1)  = 1
20130 14:31:25.124395 close(4)          = 0
20130 14:31:25.124406 rt_sigaction(SIGALRM, {0x805cad0, ~[RTMIN RT_1], 0}, NULL, 8) = 0
20130 14:31:25.124418 alarm(300)        = 0
20130 14:31:25.124429 recv(0,  <unfinished ...>
20134 14:31:25.582728 <... recv resumed> "TYPE I\r\n", 4096, MSG_PEEK) = 8
20134 14:31:25.582865 read(0, "TYPE I\r\n", 8) = 8
20134 14:31:25.582986 write(0, "200 Switching to Binary mode.\r\n", 31) = 31
20134 14:31:25.583090 rt_sigaction(SIGALRM, {0x805cad0, ~[RTMIN RT_1], 0}, NULL, 8) = 0
20134 14:31:25.583125 alarm(300)        = 299
20134 14:31:25.583152 recv(0, "PASV\r\n", 4096, MSG_PEEK) = 6
20134 14:31:25.583170 read(0, "PASV\r\n", 6) = 6
20134 14:31:25.583182 write(5, "\n", 1) = 1
20134 14:31:25.583194 read(5,  <unfinished ...>
20132 14:31:25.583203 <... read resumed> "\n", 1) = 1
20132 14:31:25.583212 write(4, "\1", 1) = 1
20134 14:31:25.583223 <... read resumed> "\1", 1) = 1
20134 14:31:25.583230 write(5, "\f", 1) = 1
20134 14:31:25.583240 read(5,  <unfinished ...>
20132 14:31:25.583246 read(4, "\f", 1)  = 1
20132 14:31:25.583258 socket(PF_INET, SOCK_STREAM, IPPROTO_TCP) = 5
20132 14:31:25.583273 setsockopt(5, SOL_SOCKET, SO_REUSEADDR, [1], 4) = 0
20132 14:31:25.583288 bind(5, {sa_family=AF_INET, sin_port=htons(30164), sin_addr=inet_addr("127.0.0.1")}, 16) = 0
20132 14:31:25.583304 listen(5, 1)      = 0
20132 14:31:25.583318 write(4, "\324u\0\0", 4) = 4
20134 14:31:25.583329 <... read resumed> "\324u\0\0", 4) = 4
20134 14:31:25.583341 write(0, "227 Entering Passive Mode (127,0,0,1,117,212).\r\n", 48) = 48
20134 14:31:25.583454 rt_sigaction(SIGALRM, {0x805cad0, ~[RTMIN RT_1], 0}, NULL, 8) = 0
20134 14:31:25.583470 alarm(300)        = 300
20134 14:31:25.583482 recv(0, "STOR myfile10\r\n", 4096, MSG_PEEK) = 15
20134 14:31:25.583494 read(0, "STOR myfile10\r\n", 15) = 15
20134 14:31:25.583508 write(5, "\v", 1) = 1
20134 14:31:25.583518 read(5,  <unfinished ...>
20132 14:31:25.583525 read(4, "\v", 1)  = 1
20132 14:31:25.583536 write(4, "\1\0\0\0", 4) = 4
20134 14:31:25.583547 <... read resumed> "\1\0\0\0", 4) = 4
20134 14:31:25.583554 gettimeofday({1495650685, 583558}, NULL) = 0
20134 14:31:25.583565 getcwd("/home/msfadmin", 4096) = 15
20134 14:31:25.583578 open("myfile10", O_WRONLY|O_CREAT|O_NONBLOCK|O_LARGEFILE, 0666) = 4
20134 14:31:25.583600 fstat64(4, {st_mode=S_IFREG|0644, st_size=17, ...}) = 0
20134 14:31:25.583618 fcntl64(4, F_GETFL) = 0x8801 (flags O_WRONLY|O_NONBLOCK|O_LARGEFILE)
20134 14:31:25.583630 fcntl64(4, F_SETFL, O_WRONLY|O_LARGEFILE) = 0
20134 14:31:25.583676 fcntl64(4, F_SETLKW64, {type=F_WRLCK, whence=SEEK_SET, start=0, len=0}, 0xbf8e22d4) = 0
20134 14:31:25.583693 ftruncate64(4, 0) = 0
20134 14:31:25.583721 _llseek(4, 0, [0], SEEK_SET) = 0
20134 14:31:25.583732 write(5, "\v", 1) = 1
20134 14:31:25.583742 read(5,  <unfinished ...>
20132 14:31:25.583749 read(4, "\v", 1)  = 1
20132 14:31:25.583761 write(4, "\1\0\0\0", 4) = 4
20134 14:31:25.583771 <... read resumed> "\1\0\0\0", 4) = 4
20134 14:31:25.583778 write(5, "\v", 1) = 1
20134 14:31:25.583788 read(5,  <unfinished ...>
20132 14:31:25.583794 read(4, "\v", 1)  = 1
20132 14:31:25.583805 write(4, "\1\0\0\0", 4) = 4
20134 14:31:25.583814 <... read resumed> "\1\0\0\0", 4) = 4
20134 14:31:25.583822 write(5, "\r", 1) = 1
20134 14:31:25.583831 read(5,  <unfinished ...>
20132 14:31:25.583838 read(4, "\r", 1)  = 1
20132 14:31:25.583849 select(6, [5], NULL, NULL, {60, 0}) = 1 (in [5], left {60, 0})
20132 14:31:25.583865 accept(5, {sa_family=AF_INET, sin_port=htons(47293), sin_addr=inet_addr("127.0.0.1")}, [16]) = 6
20132 14:31:25.583887 write(4, "\1", 1) = 1
20134 14:31:25.583898 <... read resumed> "\1", 1) = 1
20134 14:31:25.583906 recvmsg(5,  <unfinished ...>
20132 14:31:25.583914 sendmsg(4, {msg_name(0)=NULL, msg_iov(1)=[{"\0", 1}], msg_controllen=16, {cmsg_len=16, cmsg_level=SOL_SOCKET, cmsg_type=SCM_RIGHTS, {6}}, msg_flags=0}, 0) = 1
20134 14:31:25.583931 <... recvmsg resumed> {msg_name(0)=NULL, msg_iov(1)=[{"\0", 1}], msg_controllen=16, {cmsg_len=16, cmsg_level=SOL_SOCKET, cmsg_type=SCM_RIGHTS, {6}}, msg_flags=0}, 0) = 1
20134 14:31:25.583944 setsockopt(6, SOL_SOCKET, SO_KEEPALIVE, [1], 4) = 0
20134 14:31:25.583956 setsockopt(6, SOL_IP, IP_TOS, [8], 4) = 0
20134 14:31:25.583968 setsockopt(6, SOL_SOCKET, SO_LINGER, {onoff=1, linger=32767}, 8) = 0
20134 14:31:25.583979 rt_sigaction(SIGALRM, {0x805cad0, ~[RTMIN RT_1], 0}, NULL, 8) = 0
20134 14:31:25.583992 alarm(300)        = 300
20134 14:31:25.584005 write(0, "150 Ok to send data.\r\n", 22) = 22
20134 14:31:25.584071 read(6, "assasaaa\na\na\na\na\n", 65536) = 17
20134 14:31:25.584085 write(4, "assasaaa\na\na\na\na\n", 17) = 17
20134 14:31:25.584102 read(6, "", 65536) = 0
20134 14:31:25.584112 rt_sigaction(SIGALRM, {0x805cad0, ~[RTMIN RT_1], 0}, NULL, 8) = 0
20134 14:31:25.584125 alarm(300)        = 300
20134 14:31:25.584135 close(6)          = 0
20134 14:31:25.584144 alarm(0)          = 300
20134 14:31:25.584153 gettimeofday({1495650685, 584157}, NULL) = 0
20134 14:31:25.584168 gettimeofday({1495650685, 584172}, NULL) = 0
20134 14:31:25.584183 fcntl64(3, F_SETLKW64, {type=F_WRLCK, whence=SEEK_SET, start=0, len=0}, 0xbf8e2274) = 0
20134 14:31:25.584197 write(3, "Wed May 24 14:31:25 2017 [pid 20134] [msfadmin] OK UPLOAD: Client \"127.0.0.1\", \"/home/msfadmin/myfile10\", 17 bytes, 27.04Kbyte/sec\n", 131) = 131
20134 14:31:25.584218 fcntl64(3, F_SETLK64, {type=F_UNLCK, whence=SEEK_SET, start=0, len=0}, 0xbf8e227c) = 0
20134 14:31:25.584232 write(0, "226 Transfer complete.\r\n", 24) = 24
20134 14:31:25.584275 write(5, "\n", 1) = 1
20134 14:31:25.584286 read(5,  <unfinished ...>
20132 14:31:25.584293 close(6)          = 0
20132 14:31:25.584312 read(4, "\n", 1)  = 1
20132 14:31:25.584323 close(5)          = 0
20132 14:31:25.584333 write(4, "\1", 1) = 1
20134 14:31:25.584344 <... read resumed> "\1", 1) = 1
20134 14:31:25.584351 close(4)          = 0
20134 14:31:25.584361 rt_sigaction(SIGALRM, {0x805cad0, ~[RTMIN RT_1], 0}, NULL, 8) = 0
20134 14:31:25.584374 alarm(300)        = 0
20134 14:31:25.584385 recv(0,  <unfinished ...>
20132 14:31:25.584392 read(4,  <unfinished ...>
20130 14:31:25.721903 <... recv resumed> "USER msfadmin\r\n", 4096, MSG_PEEK) = 15
20130 14:31:25.721943 read(0, "USER msfadmin\r\n", 15) = 15
20130 14:31:25.721968 write(0, "331 Any password will do.\r\n", 27) = 27
20130 14:31:25.722013 rt_sigaction(SIGALRM, {0x805cad0, ~[RTMIN RT_1], 0}, NULL, 8) = 0
20130 14:31:25.722047 alarm(300)        = 299
20130 14:31:25.722060 recv(0, "PASS msfadmin\r\n", 4096, MSG_PEEK) = 15
20130 14:31:25.722072 read(0, "PASS msfadmin\r\n", 15) = 15
20130 14:31:25.722088 write(0, "230 Already logged in.\r\n", 24) = 24
20130 14:31:25.722149 rt_sigaction(SIGALRM, {0x805cad0, ~[RTMIN RT_1], 0}, NULL, 8) = 0
20130 14:31:25.722165 alarm(300)        = 300
20130 14:31:25.722176 recv(0, "TYPE I\r\n", 4096, MSG_PEEK) = 8
20130 14:31:25.722187 read(0, "TYPE I\r\n", 8) = 8
20130 14:31:25.722202 write(0, "200 Switching to Binary mode.\r\n", 31) = 31
20130 14:31:25.722237 rt_sigaction(SIGALRM, {0x805cad0, ~[RTMIN RT_1], 0}, NULL, 8) = 0
20130 14:31:25.722251 alarm(300)        = 300
20130 14:31:25.722262 recv(0, "PASV\r\n", 4096, MSG_PEEK) = 6
20130 14:31:25.722273 read(0, "PASV\r\n", 6) = 6
20130 14:31:25.722285 write(5, "\n", 1 <unfinished ...>
20128 14:31:25.722296 <... read resumed> "\n", 1) = 1
20130 14:31:25.722301 <... write resumed> ) = 1
20128 14:31:25.722309 write(4, "\1", 1) = 1
20128 14:31:25.722319 read(4,  <unfinished ...>
20130 14:31:25.722326 read(5, "\1", 1)  = 1
20130 14:31:25.722338 write(5, "\f", 1 <unfinished ...>
20128 14:31:25.722345 <... read resumed> "\f", 1) = 1
20130 14:31:25.722349 <... write resumed> ) = 1
20128 14:31:25.722356 socket(PF_INET, SOCK_STREAM, IPPROTO_TCP) = 5
20128 14:31:25.722372 setsockopt(5, SOL_SOCKET, SO_REUSEADDR, [1], 4) = 0
20128 14:31:25.722386 bind(5, {sa_family=AF_INET, sin_port=htons(35634), sin_addr=inet_addr("127.0.0.1")}, 16) = 0
20128 14:31:25.722402 listen(5, 1)      = 0
20128 14:31:25.722416 write(4, "2\213\0\0", 4) = 4
20128 14:31:25.722427 read(4,  <unfinished ...>
20130 14:31:25.722433 read(5, "2\213\0\0", 4) = 4
20130 14:31:25.722449 write(0, "227 Entering Passive Mode (127,0,0,1,139,50).\r\n", 47) = 47
20130 14:31:25.722562 rt_sigaction(SIGALRM, {0x805cad0, ~[RTMIN RT_1], 0}, NULL, 8) = 0
20130 14:31:25.722579 alarm(300)        = 300
20130 14:31:25.722590 recv(0, "RETR myfile17\r\n", 4096, MSG_PEEK) = 15
20130 14:31:25.722602 read(0, "RETR myfile17\r\n", 15) = 15
20130 14:31:25.722614 write(5, "\v", 1 <unfinished ...>
20128 14:31:25.722622 <... read resumed> "\v", 1) = 1
20130 14:31:25.722627 <... write resumed> ) = 1
20128 14:31:25.722669 write(4, "\1\0\0\0", 4) = 4
20128 14:31:25.722681 read(4,  <unfinished ...>
20130 14:31:25.722688 read(5, "\1\0\0\0", 4) = 4
20130 14:31:25.722709 gettimeofday({1495650685, 722713}, NULL) = 0
20130 14:31:25.722720 getcwd("/home/msfadmin", 4096) = 15
20130 14:31:25.722733 open("myfile17", O_RDONLY|O_NONBLOCK|O_LARGEFILE) = 4
20130 14:31:25.722747 fcntl64(4, F_SETLKW64, {type=F_RDLCK, whence=SEEK_SET, start=0, len=0}, 0xbfe5c864) = 0
20130 14:31:25.722762 fstat64(4, {st_mode=S_IFREG|0644, st_size=17, ...}) = 0
