19378 14:23:40.701264 munmap(0xb7f3a000, 4096) = 0
19378 14:23:40.701275 stat64("/etc/pam.d", {st_mode=S_IFDIR|0755, st_size=4096, ...}) = 0
19378 14:23:40.701293 open("/etc/pam.d/common-account", O_RDONLY|O_LARGEFILE) = 6
19378 14:23:40.701329 fstat64(6, {st_mode=S_IFREG|0644, st_size=392, ...}) = 0
19378 14:23:40.701357 mmap2(NULL, 4096, PROT_READ|PROT_WRITE, MAP_PRIVATE|MAP_ANONYMOUS, -1, 0) = 0xb7f3a000
19378 14:23:40.701367 read(6, "#\n# /etc/pam.d/common-account - authorization settings common to all services\n#\n# This file is included from other service-specific PAM config files,\n# and should contain a list of the authorization modules that define\n# the central access policy for use on the system.  The default is to\n# only deny service to users whose accounts are expired in /etc/shadow.\n#\naccount\trequired\tpam_unix.so\n", 4096) = 392
19378 14:23:40.701407 read(6, "", 4096) = 0
19378 14:23:40.701417 close(6)          = 0
19378 14:23:40.701427 munmap(0xb7f3a000, 4096) = 0
19378 14:23:40.701438 stat64("/etc/pam.d", {st_mode=S_IFDIR|0755, st_size=4096, ...}) = 0
19378 14:23:40.701456 open("/etc/pam.d/common-password", O_RDONLY|O_LARGEFILE) = 6
19378 14:23:40.701469 fstat64(6, {st_mode=S_IFREG|0644, st_size=1563, ...}) = 0
19378 14:23:40.701485 mmap2(NULL, 4096, PROT_READ|PROT_WRITE, MAP_PRIVATE|MAP_ANONYMOUS, -1, 0) = 0xb7f3a000
19378 14:23:40.701495 read(6, "#\n# /etc/pam.d/common-password - password-related modules common to all services\n#\n# This file is included from other service-specific PAM config files,\n# and should contain a list of modules that define the services to be\n# used to change user passwords.  The default is pam_unix.\n\n# Explanation of pam_unix options:\n#\n# The \"nullok\" option allows users to change an empty password, else\n# empty passwords are treated as locked accounts.\n#\n# The \"md5\" option enables MD5 passwords.  Without this option, the\n# default is Unix crypt.\n#\n# The \"obscure\" option replaces the old `OBSCURE_CHECKS_ENAB\' option in\n# login.defs.\n#\n# You can also use the \"min\" option to enforce the length of the new\n# password.\n#\n# See the pam_unix manpage for other options.\n\npassword   requisite   pam_unix.so nullok obscure md5\n\n# Alternate strength checking for password. Note that this\n# requires the libpam-cracklib package to be installed.\n# You will need to comment out the password line above and\n# uncomment the next two in order to use this.\n# (Replaces the `OBSCURE_CHECKS_ENAB\', `CRACKLIB_DICTPATH\')\n#\n# password required\t  pam_cracklib.so retry=3 minlen=6 difok=3\n# password required\t  pam_unix.so use_authtok nullok md5\n\n# minimally-intrusive inclusion of smbpass in the stack for\n# synchronization.  If the module is absent or the passwords don\'t\n# match, this module will be ignored without prompting; and if the \n# passwords do match, the NTLM hash for the user will be updated\n# automatically.\n# password   optional   pam_smbpass.so nullok use_authtok use_first_pass\n", 4096) = 1563
19378 14:23:40.701615 read(6, "", 4096) = 0
19378 14:23:40.701625 close(6)          = 0
19378 14:23:40.701634 munmap(0xb7f3a000, 4096) = 0
19378 14:23:40.701645 stat64("/etc/pam.d", {st_mode=S_IFDIR|0755, st_size=4096, ...}) = 0
19378 14:23:40.701663 open("/etc/pam.d/common-session", O_RDONLY|O_LARGEFILE) = 6
19378 14:23:40.701676 fstat64(6, {st_mode=S_IFREG|0644, st_size=372, ...}) = 0
19378 14:23:40.701692 mmap2(NULL, 4096, PROT_READ|PROT_WRITE, MAP_PRIVATE|MAP_ANONYMOUS, -1, 0) = 0xb7f3a000
19378 14:23:40.701702 read(6, "#\n# /etc/pam.d/common-session - session-related modules common to all services\n#\n# This file is included from other service-specific PAM config files,\n# and should contain a list of modules that define tasks to be performed\n# at the start and end of sessions of *any* kind (both interactive and\n# non-interactive).  The default is pam_unix.\n#\nsession\trequired\tpam_unix.so\n", 4096) = 372
19378 14:23:40.701740 read(6, "", 4096) = 0
19378 14:23:40.701749 close(6)          = 0
19378 14:23:40.701759 munmap(0xb7f3a000, 4096) = 0
19378 14:23:40.701769 read(5, "", 4096) = 0
19378 14:23:40.701778 close(5)          = 0
19378 14:23:40.701787 munmap(0xb7f40000, 4096) = 0
19378 14:23:40.701800 time(NULL)        = 1495650220
19378 14:23:40.701811 lstat64("/etc/ftpusers", {st_mode=S_IFREG|0644, st_size=132, ...}) = 0
19378 14:23:40.701829 open("/etc/ftpusers", O_RDONLY|O_LARGEFILE) = 5
19378 14:23:40.701841 fstat64(5, {st_mode=S_IFREG|0644, st_size=132, ...}) = 0
19378 14:23:40.701857 mmap2(NULL, 4096, PROT_READ|PROT_WRITE, MAP_PRIVATE|MAP_ANONYMOUS, -1, 0) = 0xb7f40000
19378 14:23:40.701867 read(5, "# /etc/ftpusers: list of users disallowed FTP access. See ftpusers(5).\n\nroot\ndaemon\nbin\nsys\nsync\ngames\nman\nlp\nmail\nnews\nuucp\nnobody\n", 4096) = 132
19378 14:23:40.701888 read(5, "", 4096) = 0
19378 14:23:40.701897 close(5)          = 0
19378 14:23:40.701907 munmap(0xb7f40000, 4096) = 0
19378 14:23:40.701922 getuid32()        = 0
19378 14:23:40.701938 open("/etc/passwd", O_RDONLY|0x80000 /* O_??? */) = 5
19378 14:23:40.701952 _llseek(5, 0, [0], SEEK_CUR) = 0
19378 14:23:40.701963 fstat64(5, {st_mode=S_IFREG|0644, st_size=1624, ...}) = 0
19378 14:23:40.701979 mmap2(NULL, 1624, PROT_READ, MAP_SHARED, 5, 0) = 0xb7f40000
19378 14:23:40.701990 _llseek(5, 1624, [1624], SEEK_SET) = 0
19378 14:23:40.702009 munmap(0xb7f40000, 1624) = 0
19378 14:23:40.702020 close(5)          = 0
19378 14:23:40.702043 open("/etc/shadow", O_RDONLY|0x80000 /* O_??? */) = 5
19378 14:23:40.702060 _llseek(5, 0, [0], SEEK_CUR) = 0
19378 14:23:40.702071 fstat64(5, {st_mode=S_IFREG|0640, st_size=1233, ...}) = 0
19378 14:23:40.702087 mmap2(NULL, 1233, PROT_READ, MAP_SHARED, 5, 0) = 0xb7f40000
19378 14:23:40.702097 _llseek(5, 1233, [1233], SEEK_SET) = 0
19378 14:23:40.702117 munmap(0xb7f40000, 1233) = 0
19378 14:23:40.702126 close(5)          = 0
19378 14:23:40.702144 open("/etc/passwd", O_RDONLY|0x80000 /* O_??? */) = 5
19378 14:23:40.702161 _llseek(5, 0, [0], SEEK_CUR) = 0
19378 14:23:40.702172 fstat64(5, {st_mode=S_IFREG|0644, st_size=1624, ...}) = 0
19378 14:23:40.702187 mmap2(NULL, 1624, PROT_READ, MAP_SHARED, 5, 0) = 0xb7f40000
19378 14:23:40.702198 _llseek(5, 1624, [1624], SEEK_SET) = 0
19378 14:23:40.702214 munmap(0xb7f40000, 1624) = 0
19378 14:23:40.702224 close(5)          = 0
19378 14:23:40.702236 open("/etc/shadow", O_RDONLY|0x80000 /* O_??? */) = 5
19378 14:23:40.702249 _llseek(5, 0, [0], SEEK_CUR) = 0
19378 14:23:40.702259 fstat64(5, {st_mode=S_IFREG|0640, st_size=1233, ...}) = 0
19378 14:23:40.702413 mmap2(NULL, 1233, PROT_READ, MAP_SHARED, 5, 0) = 0xb7f40000
19378 14:23:40.702427 _llseek(5, 1233, [1233], SEEK_SET) = 0
19378 14:23:40.702454 munmap(0xb7f40000, 1233) = 0
19378 14:23:40.702463 close(5)          = 0
19378 14:23:40.702696 getuid32()        = 0
19378 14:23:40.702707 open("/etc/passwd", O_RDONLY|0x80000 /* O_??? */) = 5
19378 14:23:40.702721 _llseek(5, 0, [0], SEEK_CUR) = 0
19378 14:23:40.702731 fstat64(5, {st_mode=S_IFREG|0644, st_size=1624, ...}) = 0
19378 14:23:40.702747 mmap2(NULL, 1624, PROT_READ, MAP_SHARED, 5, 0) = 0xb7f40000
19378 14:23:40.702757 _llseek(5, 1624, [1624], SEEK_SET) = 0
19378 14:23:40.702773 munmap(0xb7f40000, 1624) = 0
19378 14:23:40.702782 close(5)          = 0
19378 14:23:40.702795 open("/etc/shadow", O_RDONLY|0x80000 /* O_??? */) = 5
19378 14:23:40.702807 _llseek(5, 0, [0], SEEK_CUR) = 0
19378 14:23:40.702817 fstat64(5, {st_mode=S_IFREG|0640, st_size=1233, ...}) = 0
19378 14:23:40.702833 mmap2(NULL, 1233, PROT_READ, MAP_SHARED, 5, 0) = 0xb7f40000
19378 14:23:40.702843 _llseek(5, 1233, [1233], SEEK_SET) = 0
19378 14:23:40.702860 munmap(0xb7f40000, 1233) = 0
19378 14:23:40.702869 close(5)          = 0
19378 14:23:40.702881 time(NULL)        = 1495650220
19378 14:23:40.702895 munmap(0xb7f3d000, 12164) = 0
19378 14:23:40.702908 munmap(0xb7f3b000, 7136) = 0
19378 14:23:40.702922 munmap(0xb7d70000, 95428) = 0
19378 14:23:40.702933 munmap(0xb7d36000, 201052) = 0
19378 14:23:40.702944 munmap(0xb7d1d000, 101180) = 0
19378 14:23:40.702960 gettimeofday({1495650220, 702964}, NULL) = 0
19378 14:23:40.702972 stat64("/usr/share/zoneinfo/UTC+04:00", 0xbfcb5624) = -1 ENOENT (No such file or directory)
19378 14:23:40.702986 open("/usr/share/zoneinfo/UTC+04:00", O_RDONLY) = -1 ENOENT (No such file or directory)
19378 14:23:40.703011 fcntl64(3, F_SETLKW64, {type=F_WRLCK, whence=SEEK_SET, start=0, len=0}, 0xbfcb5774) = 0
19378 14:23:40.703027 write(3, "Wed May 24 14:23:40 2017 [pid 19378] [msfadmin] OK LOGIN: Client \"127.0.0.1\"\n", 77) = 77
19378 14:23:40.703043 fcntl64(3, F_SETLK64, {type=F_UNLCK, whence=SEEK_SET, start=0, len=0}, 0xbfcb577c) = 0
19378 14:23:40.703056 rt_sigaction(SIGCHLD, {0x805cad0, ~[RTMIN RT_1], 0}, NULL, 8) = 0
19378 14:23:40.703070 write(4, "\1", 1 <unfinished ...>
19379 14:23:40.703080 <... read resumed> "\1", 1) = 1
19378 14:23:40.703090 <... write resumed> ) = 1
19379 14:23:40.703115 exit_group(0)     = ?
19378 14:23:40.703143 --- SIGCHLD (Child exited) @ 0 (0) ---
19378 14:23:40.703151 sigreturn()       = ? (mask now [])
19378 14:23:40.703170 wait4(-1, [{WIFEXITED(s) && WEXITSTATUS(s) == 0}], 0, NULL) = 19379
19378 14:23:40.703183 close(4)          = 0
19378 14:23:40.703195 socketpair(PF_FILE, SOCK_STREAM, 0, [4, 5]) = 0
19378 14:23:40.703208 rt_sigaction(SIGCHLD, {0x805cad0, ~[RTMIN RT_1], 0}, NULL, 8) = 0
19378 14:23:40.703222 rt_sigaction(SIGALRM, {0x805cb10, ~[RTMIN RT_1], 0}, NULL, 8) = 0
19378 14:23:40.703235 clone(child_stack=0, flags=CLONE_CHILD_CLEARTID|CLONE_CHILD_SETTID|SIGCHLD, child_tidptr=0xb7da66f8) = 19380
19380 14:23:40.703284 prctl(0x1, 0x9, 0, 0, 0) = 0
19380 14:23:40.703297 close(4)          = 0
19380 14:23:40.703319 open("/etc/passwd", O_RDONLY|0x80000 /* O_??? */) = 4
19380 14:23:40.703320 _llseek(4, 0, [0], SEEK_CUR) = 0
19380 14:23:40.703337 fstat64(4, {st_mode=S_IFREG|0644, st_size=1624, ...}) = 0
19380 14:23:40.703356 mmap2(NULL, 1624, PROT_READ, MAP_SHARED, 4, 0) = 0xb7f40000
19380 14:23:40.703368 _llseek(4, 1624, [1624], SEEK_SET) = 0
19380 14:23:40.703394 munmap(0xb7f40000, 1624) = 0
19380 14:23:40.703406 close(4)          = 0
19380 14:23:40.703420 getuid32()        = 0
19380 14:23:40.703430 open("/etc/passwd", O_RDONLY|0x80000 /* O_??? */) = 4
19380 14:23:40.703443 _llseek(4, 0, [0], SEEK_CUR) = 0
19380 14:23:40.703453 fstat64(4, {st_mode=S_IFREG|0644, st_size=1624, ...}) = 0
19380 14:23:40.703469 mmap2(NULL, 1624, PROT_READ, MAP_SHARED, 4, 0) = 0xb7f40000
19380 14:23:40.703480 _llseek(4, 1624, [1624], SEEK_SET) = 0
19380 14:23:40.703496 munmap(0xb7f40000, 1624) = 0
19380 14:23:40.703505 close(4)          = 0
19380 14:23:40.703531 open("/proc/sys/kernel/ngroups_max", O_RDONLY) = 4
19380 14:23:40.703551 read(4, "65536\n", 31) = 6
19380 14:23:40.703564 close(4)          = 0
19380 14:23:40.703577 socket(PF_FILE, SOCK_STREAM, 0) = 4
19380 14:23:40.703589 fcntl64(4, F_SETFL, O_RDWR|O_NONBLOCK) = 0
19380 14:23:40.703600 connect(4, {sa_family=AF_FILE, path="/var/run/nscd/socket"}, 110) = -1 ENOENT (No such file or directory)
19380 14:23:40.703621 close(4)          = 0
19380 14:23:40.703632 socket(PF_FILE, SOCK_STREAM, 0) = 4
19380 14:23:40.703642 fcntl64(4, F_SETFL, O_RDWR|O_NONBLOCK) = 0
19380 14:23:40.703653 connect(4, {sa_family=AF_FILE, path="/var/run/nscd/socket"}, 110) = -1 ENOENT (No such file or directory)
19380 14:23:40.703671 close(4)          = 0
19380 14:23:40.703694 open("/etc/group", O_RDONLY|0x80000 /* O_??? */) = 4
19380 14:23:40.703708 _llseek(4, 0, [0], SEEK_CUR) = 0
19380 14:23:40.703719 fstat64(4, {st_mode=S_IFREG|0644, st_size=886, ...}) = 0
19380 14:23:40.703735 mmap2(NULL, 886, PROT_READ, MAP_SHARED, 4, 0) = 0xb7f40000
19380 14:23:40.703746 _llseek(4, 886, [886], SEEK_SET) = 0
19380 14:23:40.703771 fstat64(4, {st_mode=S_IFREG|0644, st_size=886, ...}) = 0
19380 14:23:40.703788 munmap(0xb7f40000, 886) = 0
19380 14:23:40.703798 close(4)          = 0
19380 14:23:40.703808 setgroups32(13, [1000, 4, 20, 24, 25, 29, 30, 44, 46, 107, 111, 112, 119]) = 0
19380 14:23:40.703824 geteuid32()       = 0
19380 14:23:40.703835 getegid32()       = 0
19380 14:23:40.703845 setregid32(-1, 1000) = 0
19380 14:23:40.703856 setreuid32(-1, 1000) = 0
19380 14:23:40.703866 chdir("/home/msfadmin") = 0
19380 14:23:40.703878 setreuid32(-1, 0) = 0
19380 14:23:40.703887 setregid32(-1, 0) = 0
19380 14:23:40.703897 setgid32(1000)    = 0
19380 14:23:40.703907 setuid32(1000)    = 0
19380 14:23:40.703917 setrlimit(RLIMIT_NPROC, {rlim_cur=0, rlim_max=0}) = 0
19380 14:23:40.703930 mmap2(NULL, 12288, PROT_READ|PROT_WRITE, MAP_PRIVATE|MAP_ANONYMOUS, -1, 0) = 0xb7f3e000
19380 14:23:40.703941 mprotect(0xb7f40000, 4096, PROT_NONE) = 0
19380 14:23:40.703953 mprotect(0xb7f3e000, 4096, PROT_NONE) = 0
19380 14:23:40.703963 getcwd("/home/msfadmin", 4096) = 15
19380 14:23:40.703977 umask(022)        = 077
19380 14:23:40.703986 getcwd("/home/msfadmin", 4096) = 15
19380 14:23:40.704000 open(".message", O_RDONLY|O_NONBLOCK|O_LARGEFILE) = -1 ENOENT (No such file or directory)
19380 14:23:40.704024 write(0, "230 Login successful.\r\n", 23) = 23
19380 14:23:40.704091 rt_sigaction(SIGALRM, {0x805cad0, ~[RTMIN RT_1], 0}, NULL, 8) = 0
19380 14:23:40.704108 alarm(300)        = 0
19380 14:23:40.704119 mmap2(NULL, 12288, PROT_READ|PROT_WRITE, MAP_PRIVATE|MAP_ANONYMOUS, -1, 0) = 0xb7f3b000
19380 14:23:40.704130 mprotect(0xb7f3d000, 4096, PROT_NONE) = 0
19380 14:23:40.704141 mprotect(0xb7f3b000, 4096, PROT_NONE) = 0
19380 14:23:40.704154 recv(0, "TYPE I\r\n", 4096, MSG_PEEK) = 8
19380 14:23:40.704166 read(0, "TYPE I\r\n", 8) = 8
19380 14:23:40.704183 write(0, "200 Switching to Binary mode.\r\n", 31) = 31
19380 14:23:40.704251 rt_sigaction(SIGALRM, {0x805cad0, ~[RTMIN RT_1], 0}, NULL, 8) = 0
19380 14:23:40.704277 alarm(300)        = 300
19380 14:23:40.704288 recv(0, "PASV\r\n", 4096, MSG_PEEK) = 6
19380 14:23:40.704300 read(0, "PASV\r\n", 6) = 6
19380 14:23:40.704312 write(5, "\n", 1) = 1
19380 14:23:40.704323 read(5,  <unfinished ...>
19378 14:23:40.704335 close(5)          = 0
19378 14:23:40.704347 getuid32()        = 0
19378 14:23:40.704362 open("/etc/passwd", O_RDONLY|0x80000 /* O_??? */) = 5
19378 14:23:40.704381 _llseek(5, 0, [0], SEEK_CUR) = 0
19378 14:23:40.704393 fstat64(5, {st_mode=S_IFREG|0644, st_size=1624, ...}) = 0
19378 14:23:40.704411 mmap2(NULL, 1624, PROT_READ, MAP_SHARED, 5, 0) = 0xb7f40000
19378 14:23:40.704422 _llseek(5, 1624, [1624], SEEK_SET) = 0
19378 14:23:40.704439 munmap(0xb7f40000, 1624) = 0
19378 14:23:40.704451 close(5)          = 0
19378 14:23:40.704466 setgroups32(0, []) = 0
19378 14:23:40.704478 chdir("/usr/share/empty") = 0
19378 14:23:40.704490 chroot(".")       = 0
19378 14:23:40.704500 capset(NULL, NULL) = -1 EFAULT (Bad address)
19378 14:23:40.704514 prctl(0x8, 0, 0xbfcb5758, 0x80549a6, 0xbfcb5740) = 0
19378 14:23:40.704525 prctl(0x8, 0x1, 0xbfcb5758, 0x8054a49, 0xbfcb5740) = 0
19378 14:23:40.704535 setgid32(65534)   = 0
19378 14:23:40.704544 setuid32(65534)   = 0
19378 14:23:40.704554 capset(0x19980330, 0, {CAP_NET_BIND_SERVICE, CAP_NET_BIND_SERVICE, 0}) = 0
19378 14:23:40.704566 read(4, "\n", 1)  = 1
19378 14:23:40.704580 write(4, "\1", 1) = 1
19380 14:23:40.704591 <... read resumed> "\1", 1) = 1
19380 14:23:40.704598 write(5, "\f", 1) = 1
19380 14:23:40.704608 read(5,  <unfinished ...>
19378 14:23:40.704615 read(4, "\f", 1)  = 1
19378 14:23:40.704627 socket(PF_INET, SOCK_STREAM, IPPROTO_TCP) = 5
19378 14:23:40.704640 setsockopt(5, SOL_SOCKET, SO_REUSEADDR, [1], 4) = 0
19378 14:23:40.704651 gettimeofday({1495650220, 704655}, NULL) = 0
19378 14:23:40.704667 bind(5, {sa_family=AF_INET, sin_port=htons(65419), sin_addr=inet_addr("127.0.0.1")}, 16) = 0
19378 14:23:40.704683 listen(5, 1)      = 0
19378 14:23:40.704696 write(4, "\213\377\0\0", 4) = 4
19380 14:23:40.704707 <... read resumed> "\213\377\0\0", 4) = 4
19380 14:23:40.704721 write(0, "227 Entering Passive Mode (127,0,0,1,255,139).\r\n", 48) = 48
19380 14:23:40.704821 rt_sigaction(SIGALRM, {0x805cad0, ~[RTMIN RT_1], 0}, NULL, 8) = 0
19380 14:23:40.704838 alarm(300)        = 300
19380 14:23:40.704850 recv(0, "RETR myfile17\r\n", 4096, MSG_PEEK) = 15
19380 14:23:40.704862 read(0, "RETR myfile17\r\n", 15) = 15
19380 14:23:40.704876 write(5, "\v", 1) = 1
19380 14:23:40.704887 read(5,  <unfinished ...>
19378 14:23:40.704894 read(4, "\v", 1)  = 1
19378 14:23:40.704905 write(4, "\1\0\0\0", 4) = 4
19380 14:23:40.704915 <... read resumed> "\1\0\0\0", 4) = 4
19380 14:23:40.704924 gettimeofday({1495650220, 704928}, NULL) = 0
19380 14:23:40.704935 getcwd("/home/msfadmin", 4096) = 15
19380 14:23:40.704947 open("myfile17", O_RDONLY|O_NONBLOCK|O_LARGEFILE) = 4
19380 14:23:40.704960 fcntl64(4, F_SETLKW64, {type=F_RDLCK, whence=SEEK_SET, start=0, len=0}, 0xbfcb56c4) = 0
19380 14:23:40.704974 fstat64(4, {st_mode=S_IFREG|0644, st_size=17, ...}) = 0
19380 14:23:40.704990 fcntl64(4, F_GETFL) = 0x8800 (flags O_RDONLY|O_NONBLOCK|O_LARGEFILE)
19380 14:23:40.705001 fcntl64(4, F_SETFL, O_RDONLY|O_LARGEFILE) = 0
19380 14:23:40.705013 write(5, "\v", 1) = 1
19380 14:23:40.705024 read(5,  <unfinished ...>
19378 14:23:40.705031 read(4, "\v", 1)  = 1
19378 14:23:40.705042 write(4, "\1\0\0\0", 4) = 4
19380 14:23:40.705052 <... read resumed> "\1\0\0\0", 4) = 4
19380 14:23:40.705059 write(5, "\v", 1) = 1
19380 14:23:40.705069 read(5,  <unfinished ...>
19378 14:23:40.705076 read(4, "\v", 1)  = 1
19378 14:23:40.705086 write(4, "\1\0\0\0", 4) = 4
19380 14:23:40.705096 <... read resumed> "\1\0\0\0", 4) = 4
19380 14:23:40.705104 write(5, "\r", 1) = 1
19380 14:23:40.705113 read(5,  <unfinished ...>
19378 14:23:40.705120 read(4, "\r", 1)  = 1
19378 14:23:40.705133 select(6, [5], NULL, NULL, {60, 0}) = 1 (in [5], left {60, 0})
19378 14:23:40.705149 accept(5, {sa_family=AF_INET, sin_port=htons(60269), sin_addr=inet_addr("127.0.0.1")}, [16]) = 6
19378 14:23:40.705171 write(4, "\1", 1) = 1
19380 14:23:40.705205 <... read resumed> "\1", 1) = 1
19380 14:23:40.705217 recvmsg(5,  <unfinished ...>
19378 14:23:40.705236 sendmsg(4, {msg_name(0)=NULL, msg_iov(1)=[{"\0", 1}], msg_controllen=16, {cmsg_len=16, cmsg_level=SOL_SOCKET, cmsg_type=SCM_RIGHTS, {6}}, msg_flags=0}, 0) = 1
19380 14:23:40.705254 <... recvmsg resumed> {msg_name(0)=NULL, msg_iov(1)=[{"\0", 1}], msg_controllen=16, {cmsg_len=16, cmsg_level=SOL_SOCKET, cmsg_type=SCM_RIGHTS, {6}}, msg_flags=0}, 0) = 1
19380 14:23:40.705271 setsockopt(6, SOL_SOCKET, SO_KEEPALIVE, [1], 4) = 0
19380 14:23:40.705283 setsockopt(6, SOL_IP, IP_TOS, [8], 4) = 0
19380 14:23:40.705295 setsockopt(6, SOL_SOCKET, SO_LINGER, {onoff=1, linger=32767}, 8) = 0
19380 14:23:40.705306 rt_sigaction(SIGALRM, {0x805cad0, ~[RTMIN RT_1], 0}, NULL, 8) = 0
19380 14:23:40.705320 alarm(300)        = 300
19380 14:23:40.705334 write(0, "150 Opening BINARY mode data connection for myfile17 (17 bytes).\r\n", 66) = 66
19380 14:23:40.705376 _llseek(4, 0, [0], SEEK_CUR) = 0
19380 14:23:40.705388 fstat64(4, {st_mode=S_IFREG|0644, st_size=17, ...}) = 0
19380 14:23:40.705405 _llseek(4, 0, [0], SEEK_SET) = 0
19380 14:23:40.705418 sendfile(6, 4, NULL, 17) = 17
19380 14:23:40.705445 rt_sigaction(SIGALRM, {0x805cad0, ~[RTMIN RT_1], 0}, NULL, 8) = 0
19380 14:23:40.705460 alarm(300)        = 300
19380 14:23:40.705469 close(6)          = 0
19380 14:23:40.705479 alarm(0)          = 300
19380 14:23:40.705488 gettimeofday({1495650220, 705492}, NULL) = 0
19380 14:23:40.705505 getpid()          = 19380
19380 14:23:40.705517 gettimeofday({1495650220, 705521}, NULL) = 0
19380 14:23:40.705534 fcntl64(3, F_SETLKW64, {type=F_WRLCK, whence=SEEK_SET, start=0, len=0}, 0xbfcb5664) = 0
19380 14:23:40.705549 write(3, "Wed May 24 14:23:40 2017 [pid 19380] [msfadmin] OK DOWNLOAD: Client \"127.0.0.1\", \"/home/msfadmin/myfile17\", 17 bytes, 28.00Kbyte/sec\n", 133) = 133
19380 14:23:40.705569 fcntl64(3, F_SETLK64, {type=F_UNLCK, whence=SEEK_SET, start=0, len=0}, 0xbfcb566c) = 0
19380 14:23:40.705583 write(0, "226 Transfer complete.\r\n", 24) = 24
19380 14:23:40.705598 write(5, "\n", 1) = 1
19380 14:23:40.705608 read(5,  <unfinished ...>
19378 14:23:40.705615 close(6)          = 0
19378 14:23:40.705692 read(4, "\n", 1)  = 1
19378 14:23:40.705705 close(5)          = 0
19378 14:23:40.705716 write(4, "\1", 1) = 1
19380 14:23:40.705727 <... read resumed> "\1", 1) = 1
19380 14:23:40.705734 close(4)          = 0
19380 14:23:40.705745 rt_sigaction(SIGALRM, {0x805cad0, ~[RTMIN RT_1], 0}, NULL, 8) = 0
19380 14:23:40.705758 alarm(300)        = 0
19380 14:23:40.705769 recv(0,  <unfinished ...>
19378 14:23:40.705777 read(4,  <unfinished ...>
19377 14:23:40.793269 <... recv resumed> "TYPE I\r\n", 4096, MSG_PEEK) = 8
19377 14:23:40.793300 read(0, "TYPE I\r\n", 8) = 8
19377 14:23:40.793322 write(0, "200 Switching to Binary mode.\r\n", 31) = 31
19377 14:23:40.793371 rt_sigaction(SIGALRM, {0x805cad0, ~[RTMIN RT_1], 0}, NULL, 8) = 0
19377 14:23:40.793393 alarm(300)        = 299
19377 14:23:40.793405 recv(0, "PASV\r\n", 4096, MSG_PEEK) = 6
19377 14:23:40.793417 read(0, "PASV\r\n", 6) = 6
19377 14:23:40.793429 write(5, "\n", 1 <unfinished ...>
19375 14:23:40.793441 <... read resumed> "\n", 1) = 1
19377 14:23:40.793446 <... write resumed> ) = 1
19375 14:23:40.793453 write(4, "\1", 1) = 1
19375 14:23:40.793464 read(4,  <unfinished ...>
19377 14:23:40.793471 read(5, "\1", 1)  = 1
19377 14:23:40.793482 write(5, "\f", 1 <unfinished ...>
19375 14:23:40.793489 <... read resumed> "\f", 1) = 1
19377 14:23:40.793494 <... write resumed> ) = 1
19375 14:23:40.793501 socket(PF_INET, SOCK_STREAM, IPPROTO_TCP) = 5
19375 14:23:40.793517 setsockopt(5, SOL_SOCKET, SO_REUSEADDR, [1], 4) = 0
19375 14:23:40.793531 bind(5, {sa_family=AF_INET, sin_port=htons(14650), sin_addr=inet_addr("127.0.0.1")}, 16) = 0
19375 14:23:40.793548 listen(5, 1)      = 0
19375 14:23:40.793562 write(4, ":9\0\0", 4) = 4
19375 14:23:40.793572 read(4,  <unfinished ...>
19377 14:23:40.793579 read(5, ":9\0\0", 4) = 4
19377 14:23:40.793595 write(0, "227 Entering Passive Mode (127,0,0,1,57,58).\r\n", 46) = 46
19377 14:23:40.794456 rt_sigaction(SIGALRM, {0x805cad0, ~[RTMIN RT_1], 0}, NULL, 8) = 0
19377 14:23:40.794473 alarm(300)        = 300
19377 14:23:40.794485 recv(0, "STOR myfile22\r\n", 4096, MSG_PEEK) = 15
19377 14:23:40.794515 read(0, "STOR myfile22\r\n", 15) = 15
19377 14:23:40.794530 write(5, "\v", 1 <unfinished ...>
19375 14:23:40.794538 <... read resumed> "\v", 1) = 1
19377 14:23:40.794550 <... write resumed> ) = 1
19375 14:23:40.794556 write(4, "\1\0\0\0", 4) = 4
19375 14:23:40.794567 read(4,  <unfinished ...>
19377 14:23:40.794574 read(5, "\1\0\0\0", 4) = 4
19377 14:23:40.794586 gettimeofday({1495650220, 794590}, NULL) = 0
19377 14:23:40.794597 getcwd("/home/msfadmin", 4096) = 15
19377 14:23:40.794610 open("myfile22", O_WRONLY|O_CREAT|O_NONBLOCK|O_LARGEFILE, 0666) = 4
19377 14:23:40.794624 fstat64(4, {st_mode=S_IFREG|0644, st_size=17, ...}) = 0
19377 14:23:40.794642 fcntl64(4, F_GETFL) = 0x8801 (flags O_WRONLY|O_NONBLOCK|O_LARGEFILE)
19377 14:23:40.794653 fcntl64(4, F_SETFL, O_WRONLY|O_LARGEFILE) = 0
19377 14:23:40.794698 fcntl64(4, F_SETLKW64, {type=F_WRLCK, whence=SEEK_SET, start=0, len=0}, 0xbfa4cc34) = 0
19377 14:23:40.794717 ftruncate64(4, 0) = 0
19377 14:23:40.794745 _llseek(4, 0, [0], SEEK_SET) = 0
19377 14:23:40.794756 write(5, "\v", 1 <unfinished ...>
19375 14:23:40.794764 <... read resumed> "\v", 1) = 1
19377 14:23:40.794768 <... write resumed> ) = 1
19375 14:23:40.794774 write(4, "\1\0\0\0", 4) = 4
19375 14:23:40.794785 read(4,  <unfinished ...>
19377 14:23:40.794792 read(5, "\1\0\0\0", 4) = 4
19377 14:23:40.794803 write(5, "\v", 1 <unfinished ...>
19375 14:23:40.794810 <... read resumed> "\v", 1) = 1
19377 14:23:40.794815 <... write resumed> ) = 1
19375 14:23:40.794820 write(4, "\1\0\0\0", 4) = 4
19375 14:23:40.794831 read(4,  <unfinished ...>
19377 14:23:40.794837 read(5, "\1\0\0\0", 4) = 4
19377 14:23:40.794848 write(5, "\r", 1 <unfinished ...>
19375 14:23:40.794855 <... read resumed> "\r", 1) = 1
19377 14:23:40.794860 <... write resumed> ) = 1
19375 14:23:40.794867 select(6, [5], NULL, NULL, {60, 0}) = 1 (in [5], left {60, 0})
19375 14:23:40.794883 accept(5, {sa_family=AF_INET, sin_port=htons(56223), sin_addr=inet_addr("127.0.0.1")}, [16]) = 6
19375 14:23:40.794905 write(4, "\1", 1) = 1
19375 14:23:40.794917 sendmsg(4, {msg_name(0)=NULL, msg_iov(1)=[{"\0", 1}], msg_controllen=16, {cmsg_len=16, cmsg_level=SOL_SOCKET, cmsg_type=SCM_RIGHTS, {6}}, msg_flags=0}, 0) = 1
19375 14:23:40.794934 close(6)          = 0
19375 14:23:40.794944 read(4,  <unfinished ...>
19377 14:23:40.794950 read(5, "\1", 1)  = 1
19377 14:23:40.794963 recvmsg(5, {msg_name(0)=NULL, msg_iov(1)=[{"\0", 1}], msg_controllen=16, {cmsg_len=16, cmsg_level=SOL_SOCKET, cmsg_type=SCM_RIGHTS, {6}}, msg_flags=0}, 0) = 1
19377 14:23:40.794981 setsockopt(6, SOL_SOCKET, SO_KEEPALIVE, [1], 4) = 0
19377 14:23:40.794993 setsockopt(6, SOL_IP, IP_TOS, [8], 4) = 0
19377 14:23:40.795005 setsockopt(6, SOL_SOCKET, SO_LINGER, {onoff=1, linger=32767}, 8) = 0
19377 14:23:40.795015 rt_sigaction(SIGALRM, {0x805cad0, ~[RTMIN RT_1], 0}, NULL, 8) = 0
19377 14:23:40.795029 alarm(300)        = 300
19377 14:23:40.795041 write(0, "150 Ok to send data.\r\n", 22) = 22
19377 14:23:40.795107 read(6, "assasaaa\na\na\na\na\n", 65536) = 17
19377 14:23:40.795122 write(4, "assasaaa\na\na\na\na\n", 17) = 17
19377 14:23:40.795140 read(6, "", 65536) = 0
19377 14:23:40.795150 rt_sigaction(SIGALRM, {0x805cad0, ~[RTMIN RT_1], 0}, NULL, 8) = 0
19377 14:23:40.795164 alarm(300)        = 300
19377 14:23:40.795173 close(6)          = 0
19377 14:23:40.795190 alarm(0)          = 300
19377 14:23:40.795200 gettimeofday({1495650220, 795203}, NULL) = 0
19377 14:23:40.795215 gettimeofday({1495650220, 795219}, NULL) = 0
19377 14:23:40.795229 fcntl64(3, F_SETLKW64, {type=F_WRLCK, whence=SEEK_SET, start=0, len=0}, 0xbfa4cbd4) = 0
19377 14:23:40.795244 write(3, "Wed May 24 14:23:40 2017 [pid 19377] [msfadmin] OK UPLOAD: Client \"127.0.0.1\", \"/home/msfadmin/myfile22\", 17 bytes, 26.39Kbyte/sec\n", 131) = 131
19377 14:23:40.795264 fcntl64(3, F_SETLK64, {type=F_UNLCK, whence=SEEK_SET, start=0, len=0}, 0xbfa4cbdc) = 0
19377 14:23:40.795279 write(0, "226 Transfer complete.\r\n", 24) = 24
19377 14:23:40.795321 write(5, "\n", 1 <unfinished ...>
19375 14:23:40.795332 <... read resumed> "\n", 1) = 1
19377 14:23:40.795337 <... write resumed> ) = 1
19375 14:23:40.795342 close(5)          = 0
19375 14:23:40.795354 write(4, "\1", 1) = 1
19375 14:23:40.795365 read(4,  <unfinished ...>
19377 14:23:40.795375 read(5, "\1", 1)  = 1
19377 14:23:40.795386 close(4)          = 0
19377 14:23:40.795397 rt_sigaction(SIGALRM, {0x805cad0, ~[RTMIN RT_1], 0}, NULL, 8) = 0
19377 14:23:40.795410 alarm(300)        = 0
19377 14:23:40.795421 recv(0,  <unfinished ...>
19380 14:23:41.264279 <... recv resumed> "USER msfadmin\r\n", 4096, MSG_PEEK) = 15
19380 14:23:41.264445 read(0, "USER msfadmin\r\n", 15) = 15
19380 14:23:41.264588 write(0, "331 Any password will do.\r\n", 27) = 27
19380 14:23:41.264699 rt_sigaction(SIGALRM, {0x805cad0, ~[RTMIN RT_1], 0}, NULL, 8) = 0
19380 14:23:41.264736 alarm(300)        = 299
19380 14:23:41.264763 recv(0, "PASS msfadmin\r\n", 4096, MSG_PEEK) = 15
19380 14:23:41.264784 read(0, "PASS msfadmin\r\n", 15) = 15
19380 14:23:41.264801 write(0, "230 Already logged in.\r\n", 24) = 24
19380 14:23:41.264863 rt_sigaction(SIGALRM, {0x805cad0, ~[RTMIN RT_1], 0}, NULL, 8) = 0
19380 14:23:41.264879 alarm(300)        = 300
19380 14:23:41.264890 recv(0, "TYPE I\r\n", 4096, MSG_PEEK) = 8
19380 14:23:41.264902 read(0, "TYPE I\r\n", 8) = 8
19380 14:23:41.264916 write(0, "200 Switching to Binary mode.\r\n", 31) = 31
19380 14:23:41.264951 rt_sigaction(SIGALRM, {0x805cad0, ~[RTMIN RT_1], 0}, NULL, 8) = 0
19380 14:23:41.264965 alarm(300)        = 300
19380 14:23:41.264976 recv(0, "PASV\r\n", 4096, MSG_PEEK) = 6
19380 14:23:41.264987 read(0, "PASV\r\n", 6) = 6
19380 14:23:41.264999 write(5, "\n", 1) = 1
19380 14:23:41.265011 read(5,  <unfinished ...>
19378 14:23:41.265020 <... read resumed> "\n", 1) = 1
19378 14:23:41.265029 write(4, "\1", 1) = 1
19380 14:23:41.265039 <... read resumed> "\1", 1) = 1
19380 14:23:41.265046 write(5, "\f", 1) = 1
19380 14:23:41.265056 read(5,  <unfinished ...>
19378 14:23:41.265063 read(4, "\f", 1)  = 1
19378 14:23:41.265075 socket(PF_INET, SOCK_STREAM, IPPROTO_TCP) = 5
19378 14:23:41.265090 setsockopt(5, SOL_SOCKET, SO_REUSEADDR, [1], 4) = 0
19378 14:23:41.265105 bind(5, {sa_family=AF_INET, sin_port=htons(17773), sin_addr=inet_addr("127.0.0.1")}, 16) = 0
19378 14:23:41.265122 listen(5, 1)      = 0
19378 14:23:41.265135 write(4, "mE\0\0", 4) = 4
19380 14:23:41.265146 <... read resumed> "mE\0\0", 4) = 4
19380 14:23:41.265158 write(0, "227 Entering Passive Mode (127,0,0,1,69,109).\r\n", 47) = 47
19380 14:23:41.265294 rt_sigaction(SIGALRM, {0x805cad0, ~[RTMIN RT_1], 0}, NULL, 8) = 0
19380 14:23:41.265323 alarm(300)        = 300
19380 14:23:41.265335 recv(0, "RETR myfile18\r\n", 4096, MSG_PEEK) = 15
19380 14:23:41.265347 read(0, "RETR myfile18\r\n", 15) = 15
19380 14:23:41.265360 write(5, "\v", 1) = 1
19380 14:23:41.265371 read(5,  <unfinished ...>
19378 14:23:41.265378 read(4, "\v", 1)  = 1
19378 14:23:41.265390 write(4, "\1\0\0\0", 4) = 4
19380 14:23:41.265400 <... read resumed> "\1\0\0\0", 4) = 4
19380 14:23:41.265408 gettimeofday({1495650221, 265412}, NULL) = 0
19380 14:23:41.265419 getcwd("/home/msfadmin", 4096) = 15
19380 14:23:41.265432 open("myfile18", O_RDONLY|O_NONBLOCK|O_LARGEFILE) = 4
19380 14:23:41.265446 fcntl64(4, F_SETLKW64, {type=F_RDLCK, whence=SEEK_SET, start=0, len=0}, 0xbfcb56c4) = 0
19380 14:23:41.265462 fstat64(4, {st_mode=S_IFREG|0644, st_size=17, ...}) = 0
19380 14:23:41.265479 fcntl64(4, F_GETFL) = 0x8800 (flags O_RDONLY|O_NONBLOCK|O_LARGEFILE)
19380 14:23:41.265490 fcntl64(4, F_SETFL, O_RDONLY|O_LARGEFILE) = 0
19380 14:23:41.265501 write(5, "\v", 1) = 1
19380 14:23:41.265511 read(5,  <unfinished ...>
19378 14:23:41.265518 read(4, "\v", 1)  = 1
19378 14:23:41.265529 write(4, "\1\0\0\0", 4) = 4
19380 14:23:41.265540 <... read resumed> "\1\0\0\0", 4) = 4
19380 14:23:41.265547 write(5, "\v", 1) = 1
19380 14:23:41.265557 read(5,  <unfinished ...>
19378 14:23:41.265564 read(4, "\v", 1)  = 1
19378 14:23:41.265574 write(4, "\1\0\0\0", 4) = 4
19380 14:23:41.265584 <... read resumed> "\1\0\0\0", 4) = 4
19380 14:23:41.265592 write(5, "\r", 1) = 1
19380 14:23:41.265602 read(5,  <unfinished ...>
19378 14:23:41.265609 read(4, "\r", 1)  = 1
19378 14:23:41.265620 select(6, [5], NULL, NULL, {60, 0}) = 1 (in [5], left {60, 0})
19378 14:23:41.265637 accept(5, {sa_family=AF_INET, sin_port=htons(41623), sin_addr=inet_addr("127.0.0.1")}, [16]) = 6
19378 14:23:41.265666 write(4, "\1", 1) = 1
19380 14:23:41.265677 <... read resumed> "\1", 1) = 1
19380 14:23:41.265685 recvmsg(5,  <unfinished ...>
19378 14:23:41.265694 sendmsg(4, {msg_name(0)=NULL, msg_iov(1)=[{"\0", 1}], msg_controllen=16, {cmsg_len=16, cmsg_level=SOL_SOCKET, cmsg_type=SCM_RIGHTS, {6}}, msg_flags=0}, 0) = 1
19380 14:23:41.265711 <... recvmsg resumed> {msg_name(0)=NULL, msg_iov(1)=[{"\0", 1}], msg_controllen=16, {cmsg_len=16, cmsg_level=SOL_SOCKET, cmsg_type=SCM_RIGHTS, {6}}, msg_flags=0}, 0) = 1
19380 14:23:41.265724 setsockopt(6, SOL_SOCKET, SO_KEEPALIVE, [1], 4) = 0
19380 14:23:41.265736 setsockopt(6, SOL_IP, IP_TOS, [8], 4) = 0
19380 14:23:41.265748 setsockopt(6, SOL_SOCKET, SO_LINGER, {onoff=1, linger=32767}, 8) = 0
19380 14:23:41.265759 rt_sigaction(SIGALRM, {0x805cad0, ~[RTMIN RT_1], 0}, NULL, 8) = 0
19380 14:23:41.265772 alarm(300)        = 300
19380 14:23:41.265785 write(0, "150 Opening BINARY mode data connection for myfile18 (17 bytes).\r\n", 66) = 66
19380 14:23:41.265827 _llseek(4, 0, [0], SEEK_CUR) = 0
19380 14:23:41.265840 fstat64(4, {st_mode=S_IFREG|0644, st_size=17, ...}) = 0
19380 14:23:41.265857 _llseek(4, 0, [0], SEEK_SET) = 0
19380 14:23:41.265867 sendfile(6, 4, NULL, 17) = 17
19380 14:23:41.265897 rt_sigaction(SIGALRM, {0x805cad0, ~[RTMIN RT_1], 0}, NULL, 8) = 0
19380 14:23:41.265911 alarm(300)        = 300
19380 14:23:41.265921 close(6)          = 0
19380 14:23:41.265930 alarm(0)          = 300
19380 14:23:41.265939 gettimeofday({1495650221, 265943}, NULL) = 0
19380 14:23:41.265955 gettimeofday({1495650221, 265958}, NULL) = 0
19380 14:23:41.265968 fcntl64(3, F_SETLKW64, {type=F_WRLCK, whence=SEEK_SET, start=0, len=0}, 0xbfcb5664) = 0
19380 14:23:41.265983 write(3, "Wed May 24 14:23:41 2017 [pid 19380] [msfadmin] OK DOWNLOAD: Client \"127.0.0.1\", \"/home/msfadmin/myfile18\", 17 bytes, 30.41Kbyte/sec\n", 133) = 133
19380 14:23:41.266004 fcntl64(3, F_SETLK64, {type=F_UNLCK, whence=SEEK_SET, start=0, len=0}, 0xbfcb566c) = 0
19380 14:23:41.266018 write(0, "226 Transfer complete.\r\n", 24) = 24
19380 14:23:41.266033 write(5, "\n", 1) = 1
19380 14:23:41.266043 read(5,  <unfinished ...>
19378 14:23:41.266050 close(6)          = 0
19378 14:23:41.266131 read(4, "\n", 1)  = 1
19378 14:23:41.266145 close(5)          = 0
19378 14:23:41.266156 write(4, "\1", 1) = 1
19380 14:23:41.266167 <... read resumed> "\1", 1) = 1
19380 14:23:41.266174 close(4)          = 0
19380 14:23:41.266184 rt_sigaction(SIGALRM, {0x805cad0, ~[RTMIN RT_1], 0}, NULL, 8) = 0
19380 14:23:41.266198 alarm(300)        = 0
19380 14:23:41.266209 recv(0,  <unfinished ...>
19378 14:23:41.266216 read(4,  <unfinished ...>
19377 14:23:41.333265 <... recv resumed> "TYPE I\r\n", 4096, MSG_PEEK) = 8
19377 14:23:41.333295 read(0, "TYPE I\r\n", 8) = 8
19377 14:23:41.333317 write(0, "200 Switching to Binary mode.\r\n", 31) = 31
19377 14:23:41.333365 rt_sigaction(SIGALRM, {0x805cad0, ~[RTMIN RT_1], 0}, NULL, 8) = 0
19377 14:23:41.333383 alarm(300)        = 299
19377 14:23:41.333396 recv(0, "PASV\r\n", 4096, MSG_PEEK) = 6
19377 14:23:41.333407 read(0, "PASV\r\n", 6) = 6
19377 14:23:41.333419 write(5, "\n", 1 <unfinished ...>
19375 14:23:41.333431 <... read resumed> "\n", 1) = 1
19377 14:23:41.333436 <... write resumed> ) = 1
19375 14:23:41.333443 write(4, "\1", 1) = 1
19375 14:23:41.333455 read(4,  <unfinished ...>
19377 14:23:41.333462 read(5, "\1", 1)  = 1
19377 14:23:41.333473 write(5, "\f", 1 <unfinished ...>
19375 14:23:41.333480 <... read resumed> "\f", 1) = 1
19377 14:23:41.333484 <... write resumed> ) = 1
19375 14:23:41.333492 socket(PF_INET, SOCK_STREAM, IPPROTO_TCP) = 5
19375 14:23:41.333507 setsockopt(5, SOL_SOCKET, SO_REUSEADDR, [1], 4) = 0
19375 14:23:41.333522 bind(5, {sa_family=AF_INET, sin_port=htons(46740), sin_addr=inet_addr("127.0.0.1")}, 16) = 0
19375 14:23:41.333538 listen(5, 1)      = 0
19375 14:23:41.333552 write(4, "\224\266\0\0", 4) = 4
19375 14:23:41.333563 read(4,  <unfinished ...>
19377 14:23:41.333570 read(5, "\224\266\0\0", 4) = 4
19377 14:23:41.333595 write(0, "227 Entering Passive Mode (127,0,0,1,182,148).\r\n", 48) = 48
19377 14:23:41.333619 rt_sigaction(SIGALRM, {0x805cad0, ~[RTMIN RT_1], 0}, NULL, 8) = 0
19377 14:23:41.333619 alarm(300)        = 300
19377 14:23:41.333619 recv(0, "STOR myfile23\r\n", 4096, MSG_PEEK) = 15
19377 14:23:41.333619 read(0, "STOR myfile23\r\n", 15) = 15
19377 14:23:41.333620 write(5, "\v", 1 <unfinished ...>
19375 14:23:41.333620 <... read resumed> "\v", 1) = 1
19377 14:23:41.333620 <... write resumed> ) = 1
19375 14:23:41.333620 write(4, "\1\0\0\0", 4) = 4
19375 14:23:41.333620 read(4,  <unfinished ...>
19377 14:23:41.333620 read(5, "\1\0\0\0", 4) = 4
19377 14:23:41.333621 gettimeofday({1495650221, 333621}, NULL) = 0
19377 14:23:41.333621 getcwd("/home/msfadmin", 4096) = 15
19377 14:23:41.333621 open("myfile23", O_WRONLY|O_CREAT|O_NONBLOCK|O_LARGEFILE, 0666) = 4
19377 14:23:41.333621 fstat64(4, {st_mode=S_IFREG|0644, st_size=17, ...}) = 0
19377 14:23:41.333637 fcntl64(4, F_GETFL) = 0x8801 (flags O_WRONLY|O_NONBLOCK|O_LARGEFILE)
19377 14:23:41.333648 fcntl64(4, F_SETFL, O_WRONLY|O_LARGEFILE) = 0
19377 14:23:41.333658 fcntl64(4, F_SETLKW64, {type=F_WRLCK, whence=SEEK_SET, start=0, len=0}, 0xbfa4cc34) = 0
19377 14:23:41.333673 ftruncate64(4, 0) = 0
19377 14:23:41.333691 _llseek(4, 0, [0], SEEK_SET) = 0
19377 14:23:41.333703 write(5, "\v", 1 <unfinished ...>
19375 14:23:41.333710 <... read resumed> "\v", 1) = 1
19377 14:23:41.333715 <... write resumed> ) = 1
19375 14:23:41.333721 write(4, "\1\0\0\0", 4) = 4
19375 14:23:41.333732 read(4,  <unfinished ...>
19377 14:23:41.333739 read(5, "\1\0\0\0", 4) = 4
19377 14:23:41.333750 write(5, "\v", 1 <unfinished ...>
19375 14:23:41.333757 <... read resumed> "\v", 1) = 1
19377 14:23:41.333761 <... write resumed> ) = 1
19375 14:23:41.333767 write(4, "\1\0\0\0", 4) = 4
19375 14:23:41.333777 read(4,  <unfinished ...>
19377 14:23:41.333784 read(5, "\1\0\0\0", 4) = 4
19377 14:23:41.333795 write(5, "\r", 1 <unfinished ...>
19375 14:23:41.333802 <... read resumed> "\r", 1) = 1
19377 14:23:41.333806 <... write resumed> ) = 1
19375 14:23:41.333813 select(6, [5], NULL, NULL, {60, 0}) = 1 (in [5], left {60, 0})
19375 14:23:41.333830 accept(5, {sa_family=AF_INET, sin_port=htons(58102), sin_addr=inet_addr("127.0.0.1")}, [16]) = 6
19375 14:23:41.333852 write(4, "\1", 1) = 1
19375 14:23:41.333864 sendmsg(4, {msg_name(0)=NULL, msg_iov(1)=[{"\0", 1}], msg_controllen=16, {cmsg_len=16, cmsg_level=SOL_SOCKET, cmsg_type=SCM_RIGHTS, {6}}, msg_flags=0}, 0) = 1
19375 14:23:41.333880 close(6)          = 0
19375 14:23:41.333890 read(4,  <unfinished ...>
19377 14:23:41.333897 read(5, "\1", 1)  = 1
19377 14:23:41.333910 recvmsg(5, {msg_name(0)=NULL, msg_iov(1)=[{"\0", 1}], msg_controllen=16, {cmsg_len=16, cmsg_level=SOL_SOCKET, cmsg_type=SCM_RIGHTS, {6}}, msg_flags=0}, 0) = 1
19377 14:23:41.333927 setsockopt(6, SOL_SOCKET, SO_KEEPALIVE, [1], 4) = 0
19377 14:23:41.333940 setsockopt(6, SOL_IP, IP_TOS, [8], 4) = 0
19377 14:23:41.333952 setsockopt(6, SOL_SOCKET, SO_LINGER, {onoff=1, linger=32767}, 8) = 0
19377 14:23:41.333963 rt_sigaction(SIGALRM, {0x805cad0, ~[RTMIN RT_1], 0}, NULL, 8) = 0
19377 14:23:41.333976 alarm(300)        = 300
19377 14:23:41.333988 write(0, "150 Ok to send data.\r\n", 22) = 22
19377 14:23:41.334055 read(6, "assasaaa\na\na\na\na\n", 65536) = 17
19377 14:23:41.334069 write(4, "assasaaa\na\na\na\na\n", 17) = 17
19377 14:23:41.334085 read(6, "", 65536) = 0
19377 14:23:41.334096 rt_sigaction(SIGALRM, {0x805cad0, ~[RTMIN RT_1], 0}, NULL, 8) = 0
19377 14:23:41.334109 alarm(300)        = 300
19377 14:23:41.334119 close(6)          = 0
19377 14:23:41.334135 alarm(0)          = 300
19377 14:23:41.334145 gettimeofday({1495650221, 334149}, NULL) = 0
19377 14:23:41.334160 gettimeofday({1495650221, 334164}, NULL) = 0
19377 14:23:41.334175 fcntl64(3, F_SETLKW64, {type=F_WRLCK, whence=SEEK_SET, start=0, len=0}, 0xbfa4cbd4) = 0
19377 14:23:41.334189 write(3, "Wed May 24 14:23:41 2017 [pid 19377] [msfadmin] OK UPLOAD: Client \"127.0.0.1\", \"/home/msfadmin/myfile23\", 17 bytes, 30.57Kbyte/sec\n", 131) = 131
19377 14:23:41.334214 fcntl64(3, F_SETLK64, {type=F_UNLCK, whence=SEEK_SET, start=0, len=0}, 0xbfa4cbdc) = 0
19377 14:23:41.334229 write(0, "226 Transfer complete.\r\n", 24) = 24
19377 14:23:41.334272 write(5, "\n", 1 <unfinished ...>
19375 14:23:41.334282 <... read resumed> "\n", 1) = 1
19377 14:23:41.334287 <... write resumed> ) = 1
19375 14:23:41.334293 close(5)          = 0
19375 14:23:41.334305 write(4, "\1", 1) = 1
19375 14:23:41.334315 read(4,  <unfinished ...>
19377 14:23:41.334322 read(5, "\1", 1)  = 1
19377 14:23:41.334333 close(4)          = 0
19377 14:23:41.334344 rt_sigaction(SIGALRM, {0x805cad0, ~[RTMIN RT_1], 0}, NULL, 8) = 0
19377 14:23:41.334357 alarm(300)        = 0
19377 14:23:41.334368 recv(0,  <unfinished ...>
19380 14:23:41.784384 <... recv resumed> "USER msfadmin\r\n", 4096, MSG_PEEK) = 15
19380 14:23:41.784633 read(0, "USER msfadmin\r\n", 15) = 15
19380 14:23:41.784782 write(0, "331 Any password will do.\r\n", 27) = 27
19380 14:23:41.784896 rt_sigaction(SIGALRM, {0x805cad0, ~[RTMIN RT_1], 0}, NULL, 8) = 0
19380 14:23:41.784934 alarm(300)        = 299
19380 14:23:41.784961 recv(0, "PASS msfadmin\r\n", 4096, MSG_PEEK) = 15
19380 14:23:41.784983 read(0, "PASS msfadmin\r\n", 15) = 15
19380 14:23:41.784999 write(0, "230 Already logged in.\r\n", 24) = 24
19380 14:23:41.785062 rt_sigaction(SIGALRM, {0x805cad0, ~[RTMIN RT_1], 0}, NULL, 8) = 0
19380 14:23:41.785078 alarm(300)        = 300
19380 14:23:41.785089 recv(0, "TYPE I\r\n", 4096, MSG_PEEK) = 8
19380 14:23:41.785100 read(0, "TYPE I\r\n", 8) = 8
19380 14:23:41.785115 write(0, "200 Switching to Binary mode.\r\n", 31) = 31
19380 14:23:41.785151 rt_sigaction(SIGALRM, {0x805cad0, ~[RTMIN RT_1], 0}, NULL, 8) = 0
19380 14:23:41.785165 alarm(300)        = 300
19380 14:23:41.785176 recv(0, "PASV\r\n", 4096, MSG_PEEK) = 6
19380 14:23:41.785187 read(0, "PASV\r\n", 6) = 6
19380 14:23:41.785198 write(5, "\n", 1) = 1
19380 14:23:41.785210 read(5,  <unfinished ...>
19378 14:23:41.785219 <... read resumed> "\n", 1) = 1
19378 14:23:41.785228 write(4, "\1", 1) = 1
19380 14:23:41.785239 <... read resumed> "\1", 1) = 1
19380 14:23:41.785246 write(5, "\f", 1) = 1
19380 14:23:41.785256 read(5,  <unfinished ...>
19378 14:23:41.785262 read(4, "\f", 1)  = 1
19378 14:23:41.785274 socket(PF_INET, SOCK_STREAM, IPPROTO_TCP) = 5
19378 14:23:41.785290 setsockopt(5, SOL_SOCKET, SO_REUSEADDR, [1], 4) = 0
19378 14:23:41.785304 bind(5, {sa_family=AF_INET, sin_port=htons(24281), sin_addr=inet_addr("127.0.0.1")}, 16) = 0
19378 14:23:41.785321 listen(5, 1)      = 0
19378 14:23:41.785335 write(4, "\331^\0\0", 4) = 4
19380 14:23:41.785345 <... read resumed> "\331^\0\0", 4) = 4
19380 14:23:41.785357 write(0, "227 Entering Passive Mode (127,0,0,1,94,217).\r\n", 47) = 47
19380 14:23:41.785557 rt_sigaction(SIGALRM, {0x805cad0, ~[RTMIN RT_1], 0}, NULL, 8) = 0
19380 14:23:41.785574 alarm(300)        = 300
19380 14:23:41.785586 recv(0, "RETR myfile19\r\n", 4096, MSG_PEEK) = 15
19380 14:23:41.785599 read(0, "RETR myfile19\r\n", 15) = 15
19380 14:23:41.785612 write(5, "\v", 1) = 1
19380 14:23:41.785622 read(5,  <unfinished ...>
19378 14:23:41.785629 read(4, "\v", 1)  = 1
19378 14:23:41.785641 write(4, "\1\0\0\0", 4) = 4
19380 14:23:41.785651 <... read resumed> "\1\0\0\0", 4) = 4
19380 14:23:41.785659 gettimeofday({1495650221, 785663}, NULL) = 0
19380 14:23:41.785670 getcwd("/home/msfadmin", 4096) = 15
19380 14:23:41.785683 open("myfile19", O_RDONLY|O_NONBLOCK|O_LARGEFILE) = 4
19380 14:23:41.785697 fcntl64(4, F_SETLKW64, {type=F_RDLCK, whence=SEEK_SET, start=0, len=0}, 0xbfcb56c4) = 0
19380 14:23:41.785713 fstat64(4, {st_mode=S_IFREG|0644, st_size=17, ...}) = 0
19380 14:23:41.785731 fcntl64(4, F_GETFL) = 0x8800 (flags O_RDONLY|O_NONBLOCK|O_LARGEFILE)
19380 14:23:41.785742 fcntl64(4, F_SETFL, O_RDONLY|O_LARGEFILE) = 0
19380 14:23:41.785753 write(5, "\v", 1) = 1
19380 14:23:41.785764 read(5,  <unfinished ...>
19378 14:23:41.785771 read(4, "\v", 1)  = 1
19378 14:23:41.785782 write(4, "\1\0\0\0", 4) = 4
19380 14:23:41.785792 <... read resumed> "\1\0\0\0", 4) = 4
19380 14:23:41.785800 write(5, "\v", 1) = 1
19380 14:23:41.785817 read(5,  <unfinished ...>
19378 14:23:41.785824 read(4, "\v", 1)  = 1
19378 14:23:41.785835 write(4, "\1\0\0\0", 4) = 4
19380 14:23:41.785845 <... read resumed> "\1\0\0\0", 4) = 4
19380 14:23:41.785852 write(5, "\r", 1) = 1
19380 14:23:41.785862 read(5,  <unfinished ...>
19378 14:23:41.785869 read(4, "\r", 1)  = 1
19378 14:23:41.785880 select(6, [5], NULL, NULL, {60, 0}) = 1 (in [5], left {60, 0})
19378 14:23:41.785897 accept(5, {sa_family=AF_INET, sin_port=htons(37869), sin_addr=inet_addr("127.0.0.1")}, [16]) = 6
19378 14:23:41.785920 write(4, "\1", 1) = 1
19380 14:23:41.785930 <... read resumed> "\1", 1) = 1
19380 14:23:41.785938 recvmsg(5,  <unfinished ...>
19378 14:23:41.785947 sendmsg(4, {msg_name(0)=NULL, msg_iov(1)=[{"\0", 1}], msg_controllen=16, {cmsg_len=16, cmsg_level=SOL_SOCKET, cmsg_type=SCM_RIGHTS, {6}}, msg_flags=0}, 0) = 1
19380 14:23:41.785974 <... recvmsg resumed> {msg_name(0)=NULL, msg_iov(1)=[{"\0", 1}], msg_controllen=16, {cmsg_len=16, cmsg_level=SOL_SOCKET, cmsg_type=SCM_RIGHTS, {6}}, msg_flags=0}, 0) = 1
19380 14:23:41.785988 setsockopt(6, SOL_SOCKET, SO_KEEPALIVE, [1], 4) = 0
19380 14:23:41.786000 setsockopt(6, SOL_IP, IP_TOS, [8], 4) = 0
19380 14:23:41.786013 setsockopt(6, SOL_SOCKET, SO_LINGER, {onoff=1, linger=32767}, 8) = 0
19380 14:23:41.786024 rt_sigaction(SIGALRM, {0x805cad0, ~[RTMIN RT_1], 0}, NULL, 8) = 0
19380 14:23:41.786037 alarm(300)        = 300
19380 14:23:41.786051 write(0, "150 Opening BINARY mode data connection for myfile19 (17 bytes).\r\n", 66) = 66
19380 14:23:41.786103 _llseek(4, 0, [0], SEEK_CUR) = 0
19380 14:23:41.786115 fstat64(4, {st_mode=S_IFREG|0644, st_size=17, ...}) = 0
19380 14:23:41.786132 _llseek(4, 0, [0], SEEK_SET) = 0
19380 14:23:41.786143 sendfile(6, 4, NULL, 17) = 17
19380 14:23:41.786173 rt_sigaction(SIGALRM, {0x805cad0, ~[RTMIN RT_1], 0}, NULL, 8) = 0
19380 14:23:41.786187 alarm(300)        = 300
19380 14:23:41.786197 close(6)          = 0
19380 14:23:41.786206 alarm(0)          = 300
19380 14:23:41.786216 gettimeofday({1495650221, 786219}, NULL) = 0
19380 14:23:41.786231 gettimeofday({1495650221, 786234}, NULL) = 0
19380 14:23:41.786245 fcntl64(3, F_SETLKW64, {type=F_WRLCK, whence=SEEK_SET, start=0, len=0}, 0xbfcb5664) = 0
19380 14:23:41.786259 write(3, "Wed May 24 14:23:41 2017 [pid 19380] [msfadmin] OK DOWNLOAD: Client \"127.0.0.1\", \"/home/msfadmin/myfile19\", 17 bytes, 29.07Kbyte/sec\n", 133) = 133
19380 14:23:41.786280 fcntl64(3, F_SETLK64, {type=F_UNLCK, whence=SEEK_SET, start=0, len=0}, 0xbfcb566c) = 0
19380 14:23:41.786294 write(0, "226 Transfer complete.\r\n", 24) = 24
19380 14:23:41.786309 write(5, "\n", 1) = 1
19380 14:23:41.786320 read(5,  <unfinished ...>
19378 14:23:41.786327 close(6)          = 0
19378 14:23:41.786443 read(4, "\n", 1)  = 1
19378 14:23:41.786456 close(5)          = 0
19378 14:23:41.786468 write(4, "\1", 1) = 1
19380 14:23:41.786479 <... read resumed> "\1", 1) = 1
19380 14:23:41.786486 close(4)          = 0
19380 14:23:41.786497 rt_sigaction(SIGALRM, {0x805cad0, ~[RTMIN RT_1], 0}, NULL, 8) = 0
19380 14:23:41.786510 alarm(300)        = 0
19380 14:23:41.786521 recv(0,  <unfinished ...>
19378 14:23:41.786529 read(4,  <unfinished ...>
19377 14:23:41.873334 <... recv resumed> "TYPE I\r\n", 4096, MSG_PEEK) = 8
19377 14:23:41.873365 read(0, "TYPE I\r\n", 8) = 8
19377 14:23:41.873386 write(0, "200 Switching to Binary mode.\r\n", 31) = 31
19377 14:23:41.873434 rt_sigaction(SIGALRM, {0x805cad0, ~[RTMIN RT_1], 0}, NULL, 8) = 0
19377 14:23:41.873452 alarm(300)        = 299
19377 14:23:41.873465 recv(0, "PASV\r\n", 4096, MSG_PEEK) = 6
19377 14:23:41.873476 read(0, "PASV\r\n", 6) = 6
19377 14:23:41.873489 write(5, "\n", 1 <unfinished ...>
19375 14:23:41.873500 <... read resumed> "\n", 1) = 1
19377 14:23:41.873505 <... write resumed> ) = 1
19375 14:23:41.873513 write(4, "\1", 1 <unfinished ...>
19377 14:23:41.873519 read(5,  <unfinished ...>
19375 14:23:41.873525 <... write resumed> ) = 1
19377 14:23:41.873529 <... read resumed> "\1", 1) = 1
19375 14:23:41.873537 read(4,  <unfinished ...>
19377 14:23:41.873541 write(5, "\f", 1 <unfinished ...>
19375 14:23:41.873556 <... read resumed> "\f", 1) = 1
19377 14:23:41.873561 <... write resumed> ) = 1
19375 14:23:41.873569 socket(PF_INET, SOCK_STREAM, IPPROTO_TCP <unfinished ...>
19377 14:23:41.873575 read(5,  <unfinished ...>
19375 14:23:41.873584 <... socket resumed> ) = 5
19375 14:23:41.873592 setsockopt(5, SOL_SOCKET, SO_REUSEADDR, [1], 4) = 0
19375 14:23:41.873606 bind(5, {sa_family=AF_INET, sin_port=htons(20884), sin_addr=inet_addr("127.0.0.1")}, 16) = 0
19375 14:23:41.874412 listen(5, 1)      = 0
19375 14:23:41.874437 write(4, "\224Q\0\0", 4 <unfinished ...>
19377 14:23:41.874447 <... read resumed> "\224Q\0\0", 4) = 4
19375 14:23:41.874452 <... write resumed> ) = 4
19377 14:23:41.874463 write(0, "227 Entering Passive Mode (127,0,0,1,81,148).\r\n", 47) = 47
19377 14:23:41.874579 rt_sigaction(SIGALRM, {0x805cad0, ~[RTMIN RT_1], 0}, NULL, 8) = 0
19377 14:23:41.874596 alarm(300)        = 300
19377 14:23:41.874607 recv(0, "STOR myfile24\r\n", 4096, MSG_PEEK) = 15
19377 14:23:41.874619 read(0, "STOR myfile24\r\n", 15) = 15
19377 14:23:41.874633 write(5, "\v", 1) = 1
19377 14:23:41.874643 read(5,  <unfinished ...>
19375 14:23:41.874650 read(4, "\v", 1)  = 1
19375 14:23:41.874662 write(4, "\1\0\0\0", 4 <unfinished ...>
19377 14:23:41.874670 <... read resumed> "\1\0\0\0", 4) = 4
19375 14:23:41.874675 <... write resumed> ) = 4
19377 14:23:41.874681 gettimeofday({1495650221, 874685}, NULL) = 0
19377 14:23:41.874693 getcwd("/home/msfadmin", 4096) = 15
19377 14:23:41.874705 open("myfile24", O_WRONLY|O_CREAT|O_NONBLOCK|O_LARGEFILE, 0666) = 4
19377 14:23:41.874720 fstat64(4, {st_mode=S_IFREG|0644, st_size=17, ...}) = 0
19377 14:23:41.874737 fcntl64(4, F_GETFL) = 0x8801 (flags O_WRONLY|O_NONBLOCK|O_LARGEFILE)
19377 14:23:41.874749 fcntl64(4, F_SETFL, O_WRONLY|O_LARGEFILE) = 0
19377 14:23:41.874759 fcntl64(4, F_SETLKW64, {type=F_WRLCK, whence=SEEK_SET, start=0, len=0}, 0xbfa4cc34) = 0
19377 14:23:41.874773 ftruncate64(4, 0) = 0
19377 14:23:41.874791 _llseek(4, 0, [0], SEEK_SET) = 0
19377 14:23:41.874802 write(5, "\v", 1) = 1
19377 14:23:41.874812 read(5,  <unfinished ...>
19375 14:23:41.874819 read(4, "\v", 1)  = 1
19375 14:23:41.874830 write(4, "\1\0\0\0", 4) = 4
19377 14:23:41.874841 <... read resumed> "\1\0\0\0", 4) = 4
19377 14:23:41.874848 write(5, "\v", 1) = 1
19377 14:23:41.874989 read(5,  <unfinished ...>
19375 14:23:41.875000 read(4, "\v", 1)  = 1
19375 14:23:41.875012 write(4, "\1\0\0\0", 4 <unfinished ...>
19377 14:23:41.875029 <... read resumed> "\1\0\0\0", 4) = 4
19375 14:23:41.875034 <... write resumed> ) = 4
19377 14:23:41.875040 write(5, "\r", 1) = 1
19377 14:23:41.875050 read(5,  <unfinished ...>
19375 14:23:41.875057 read(4, "\r", 1)  = 1
19375 14:23:41.875068 select(6, [5], NULL, NULL, {60, 0}) = 1 (in [5], left {60, 0})
19375 14:23:41.875085 accept(5, {sa_family=AF_INET, sin_port=htons(58010), sin_addr=inet_addr("127.0.0.1")}, [16]) = 6
19375 14:23:41.875107 write(4, "\1", 1 <unfinished ...>
19377 14:23:41.875115 <... read resumed> "\1", 1) = 1
