22893 14:59:44.302382 read(6, "#\n# /etc/pam.d/common-auth - authentication settings common to all services\n#\n# This file is included from other service-specific PAM config files,\n# and should contain a list of the authentication modules that define\n# the central authentication scheme for use on the system\n# (e.g., /etc/shadow, LDAP, Kerberos, etc.).  The default is to use the\n# traditional Unix authentication mechanisms.\n#\nauth\trequisite\tpam_unix.so nullok_secure\n# auth\toptional\tpam_smbpass.so migrate\n", 4096) = 476
22893 14:59:44.302428 read(6, "", 4096) = 0
22893 14:59:44.302438 close(6)          = 0
22893 14:59:44.302471 munmap(0xb7f2c000, 4096) = 0
22893 14:59:44.302484 stat64("/etc/pam.d", {st_mode=S_IFDIR|0755, st_size=4096, ...}) = 0
22893 14:59:44.302504 open("/etc/pam.d/common-account", O_RDONLY|O_LARGEFILE) = 6
22893 14:59:44.302517 fstat64(6, {st_mode=S_IFREG|0644, st_size=392, ...}) = 0
22893 14:59:44.302543 mmap2(NULL, 4096, PROT_READ|PROT_WRITE, MAP_PRIVATE|MAP_ANONYMOUS, -1, 0) = 0xb7f2c000
22893 14:59:44.302554 read(6, "#\n# /etc/pam.d/common-account - authorization settings common to all services\n#\n# This file is included from other service-specific PAM config files,\n# and should contain a list of the authorization modules that define\n# the central access policy for use on the system.  The default is to\n# only deny service to users whose accounts are expired in /etc/shadow.\n#\naccount\trequired\tpam_unix.so\n", 4096) = 392
22893 14:59:44.302593 read(6, "", 4096) = 0
22893 14:59:44.302602 close(6)          = 0
22893 14:59:44.302612 munmap(0xb7f2c000, 4096) = 0
22893 14:59:44.302622 stat64("/etc/pam.d", {st_mode=S_IFDIR|0755, st_size=4096, ...}) = 0
22893 14:59:44.302641 open("/etc/pam.d/common-password", O_RDONLY|O_LARGEFILE) = 6
22893 14:59:44.302654 fstat64(6, {st_mode=S_IFREG|0644, st_size=1563, ...}) = 0
22893 14:59:44.302670 mmap2(NULL, 4096, PROT_READ|PROT_WRITE, MAP_PRIVATE|MAP_ANONYMOUS, -1, 0) = 0xb7f2c000
22893 14:59:44.302680 read(6, "#\n# /etc/pam.d/common-password - password-related modules common to all services\n#\n# This file is included from other service-specific PAM config files,\n# and should contain a list of modules that define the services to be\n# used to change user passwords.  The default is pam_unix.\n\n# Explanation of pam_unix options:\n#\n# The \"nullok\" option allows users to change an empty password, else\n# empty passwords are treated as locked accounts.\n#\n# The \"md5\" option enables MD5 passwords.  Without this option, the\n# default is Unix crypt.\n#\n# The \"obscure\" option replaces the old `OBSCURE_CHECKS_ENAB\' option in\n# login.defs.\n#\n# You can also use the \"min\" option to enforce the length of the new\n# password.\n#\n# See the pam_unix manpage for other options.\n\npassword   requisite   pam_unix.so nullok obscure md5\n\n# Alternate strength checking for password. Note that this\n# requires the libpam-cracklib package to be installed.\n# You will need to comment out the password line above and\n# uncomment the next two in order to use this.\n# (Replaces the `OBSCURE_CHECKS_ENAB\', `CRACKLIB_DICTPATH\')\n#\n# password required\t  pam_cracklib.so retry=3 minlen=6 difok=3\n# password required\t  pam_unix.so use_authtok nullok md5\n\n# minimally-intrusive inclusion of smbpass in the stack for\n# synchronization.  If the module is absent or the passwords don\'t\n# match, this module will be ignored without prompting; and if the \n# passwords do match, the NTLM hash for the user will be updated\n# automatically.\n# password   optional   pam_smbpass.so nullok use_authtok use_first_pass\n", 4096) = 1563
22893 14:59:44.302813 read(6, "", 4096) = 0
22893 14:59:44.302824 close(6)          = 0
22893 14:59:44.302834 munmap(0xb7f2c000, 4096) = 0
22893 14:59:44.302845 stat64("/etc/pam.d", {st_mode=S_IFDIR|0755, st_size=4096, ...}) = 0
22893 14:59:44.302864 open("/etc/pam.d/common-session", O_RDONLY|O_LARGEFILE) = 6
22893 14:59:44.302877 fstat64(6, {st_mode=S_IFREG|0644, st_size=372, ...}) = 0
22893 14:59:44.302893 mmap2(NULL, 4096, PROT_READ|PROT_WRITE, MAP_PRIVATE|MAP_ANONYMOUS, -1, 0) = 0xb7f2c000
22893 14:59:44.302904 read(6, "#\n# /etc/pam.d/common-session - session-related modules common to all services\n#\n# This file is included from other service-specific PAM config files,\n# and should contain a list of modules that define tasks to be performed\n# at the start and end of sessions of *any* kind (both interactive and\n# non-interactive).  The default is pam_unix.\n#\nsession\trequired\tpam_unix.so\n", 4096) = 372
22893 14:59:44.303077 read(6, "", 4096) = 0
22893 14:59:44.303092 close(6)          = 0
22893 14:59:44.303102 munmap(0xb7f2c000, 4096) = 0
22893 14:59:44.303124 read(5, "", 4096) = 0
22893 14:59:44.303134 close(5)          = 0
22893 14:59:44.303153 munmap(0xb7f32000, 4096) = 0
22893 14:59:44.303166 time(NULL)        = 1495652384
22893 14:59:44.303189 lstat64("/etc/ftpusers", {st_mode=S_IFREG|0644, st_size=132, ...}) = 0
22893 14:59:44.303219 open("/etc/ftpusers", O_RDONLY|O_LARGEFILE) = 5
22893 14:59:44.303242 fstat64(5, {st_mode=S_IFREG|0644, st_size=132, ...}) = 0
22893 14:59:44.303267 mmap2(NULL, 4096, PROT_READ|PROT_WRITE, MAP_PRIVATE|MAP_ANONYMOUS, -1, 0) = 0xb7f32000
22893 14:59:44.303278 read(5, "# /etc/ftpusers: list of users disallowed FTP access. See ftpusers(5).\n\nroot\ndaemon\nbin\nsys\nsync\ngames\nman\nlp\nmail\nnews\nuucp\nnobody\n", 4096) = 132
22893 14:59:44.303300 read(5, "", 4096) = 0
22893 14:59:44.303310 close(5)          = 0
22893 14:59:44.303319 munmap(0xb7f32000, 4096) = 0
22893 14:59:44.303345 getuid32()        = 0
22893 14:59:44.303372 open("/etc/passwd", O_RDONLY|0x80000 /* O_??? */) = 5
22893 14:59:44.303388 _llseek(5, 0, [0], SEEK_CUR) = 0
22893 14:59:44.303399 fstat64(5, {st_mode=S_IFREG|0644, st_size=1624, ...}) = 0
22893 14:59:44.303416 mmap2(NULL, 1624, PROT_READ, MAP_SHARED, 5, 0) = 0xb7f32000
22893 14:59:44.303427 _llseek(5, 1624, [1624], SEEK_SET) = 0
22893 14:59:44.303871 munmap(0xb7f32000, 1624) = 0
22893 14:59:44.303920 close(5)          = 0
22893 14:59:44.303967 open("/etc/shadow", O_RDONLY|0x80000 /* O_??? */) = 5
22893 14:59:44.304002 _llseek(5, 0, [0], SEEK_CUR) = 0
22893 14:59:44.304022 fstat64(5, {st_mode=S_IFREG|0640, st_size=1233, ...}) = 0
22893 14:59:44.304039 mmap2(NULL, 1233, PROT_READ, MAP_SHARED, 5, 0) = 0xb7f32000
22893 14:59:44.304050 _llseek(5, 1233, [1233], SEEK_SET) = 0
22893 14:59:44.304070 munmap(0xb7f32000, 1233) = 0
22893 14:59:44.304080 close(5)          = 0
22893 14:59:44.304099 open("/etc/passwd", O_RDONLY|0x80000 /* O_??? */) = 5
22893 14:59:44.304112 _llseek(5, 0, [0], SEEK_CUR) = 0
22893 14:59:44.304123 fstat64(5, {st_mode=S_IFREG|0644, st_size=1624, ...}) = 0
22893 14:59:44.304139 mmap2(NULL, 1624, PROT_READ, MAP_SHARED, 5, 0) = 0xb7f32000
22893 14:59:44.304149 _llseek(5, 1624, [1624], SEEK_SET) = 0
22893 14:59:44.304165 munmap(0xb7f32000, 1624) = 0
22893 14:59:44.304175 close(5)          = 0
22893 14:59:44.304187 open("/etc/shadow", O_RDONLY|0x80000 /* O_??? */) = 5
22893 14:59:44.304200 _llseek(5, 0, [0], SEEK_CUR) = 0
22893 14:59:44.304210 fstat64(5, {st_mode=S_IFREG|0640, st_size=1233, ...}) = 0
22893 14:59:44.304226 mmap2(NULL, 1233, PROT_READ, MAP_SHARED, 5, 0) = 0xb7f32000
22893 14:59:44.304236 _llseek(5, 1233, [1233], SEEK_SET) = 0
22893 14:59:44.304253 munmap(0xb7f32000, 1233) = 0
22893 14:59:44.304262 close(5)          = 0
22893 14:59:44.304538 getuid32()        = 0
22893 14:59:44.304552 open("/etc/passwd", O_RDONLY|0x80000 /* O_??? */) = 5
22893 14:59:44.304565 _llseek(5, 0, [0], SEEK_CUR) = 0
22893 14:59:44.304576 fstat64(5, {st_mode=S_IFREG|0644, st_size=1624, ...}) = 0
22893 14:59:44.304592 mmap2(NULL, 1624, PROT_READ, MAP_SHARED, 5, 0) = 0xb7f32000
22893 14:59:44.304603 _llseek(5, 1624, [1624], SEEK_SET) = 0
22893 14:59:44.304619 munmap(0xb7f32000, 1624) = 0
22893 14:59:44.304629 close(5)          = 0
22893 14:59:44.304642 open("/etc/shadow", O_RDONLY|0x80000 /* O_??? */) = 5
22893 14:59:44.304655 _llseek(5, 0, [0], SEEK_CUR) = 0
22893 14:59:44.304665 fstat64(5, {st_mode=S_IFREG|0640, st_size=1233, ...}) = 0
22893 14:59:44.304681 mmap2(NULL, 1233, PROT_READ, MAP_SHARED, 5, 0) = 0xb7f32000
22893 14:59:44.304691 _llseek(5, 1233, [1233], SEEK_SET) = 0
22893 14:59:44.304708 munmap(0xb7f32000, 1233) = 0
22893 14:59:44.304717 close(5)          = 0
22893 14:59:44.304728 time(NULL)        = 1495652384
22893 14:59:44.304744 munmap(0xb7f2f000, 12164) = 0
22893 14:59:44.304758 munmap(0xb7f2d000, 7136) = 0
22893 14:59:44.304772 munmap(0xb7d62000, 95428) = 0
22893 14:59:44.304783 munmap(0xb7d28000, 201052) = 0
22893 14:59:44.304794 munmap(0xb7d0f000, 101180) = 0
22893 14:59:44.304811 gettimeofday({1495652384, 304815}, NULL) = 0
22893 14:59:44.304849 stat64("/usr/share/zoneinfo/UTC+04:00", 0xbfbb5d24) = -1 ENOENT (No such file or directory)
22893 14:59:44.304867 open("/usr/share/zoneinfo/UTC+04:00", O_RDONLY) = -1 ENOENT (No such file or directory)
22893 14:59:44.304906 fcntl64(3, F_SETLKW64, {type=F_WRLCK, whence=SEEK_SET, start=0, len=0}, 0xbfbb5e74) = 0
22893 14:59:44.304923 write(3, "Wed May 24 14:59:44 2017 [pid 22893] [msfadmin] OK LOGIN: Client \"127.0.0.1\"\n", 77) = 77
22893 14:59:44.304941 fcntl64(3, F_SETLK64, {type=F_UNLCK, whence=SEEK_SET, start=0, len=0}, 0xbfbb5e7c) = 0
22893 14:59:44.304955 rt_sigaction(SIGCHLD, {0x805cad0, ~[RTMIN RT_1], 0}, NULL, 8) = 0
22893 14:59:44.304970 write(4, "\1", 1 <unfinished ...>
22894 14:59:44.304982 <... read resumed> "\1", 1) = 1
22893 14:59:44.304987 <... write resumed> ) = 1
22894 14:59:44.304996 exit_group(0)     = ?
22893 14:59:44.305035 --- SIGCHLD (Child exited) @ 0 (0) ---
22893 14:59:44.305044 sigreturn()       = ? (mask now [])
22893 14:59:44.305063 wait4(-1, [{WIFEXITED(s) && WEXITSTATUS(s) == 0}], 0, NULL) = 22894
22893 14:59:44.305076 close(4)          = 0
22893 14:59:44.305088 socketpair(PF_FILE, SOCK_STREAM, 0, [4, 5]) = 0
22893 14:59:44.305103 rt_sigaction(SIGCHLD, {0x805cad0, ~[RTMIN RT_1], 0}, NULL, 8) = 0
22893 14:59:44.305117 rt_sigaction(SIGALRM, {0x805cb10, ~[RTMIN RT_1], 0}, NULL, 8) = 0
22893 14:59:44.305132 clone(child_stack=0, flags=CLONE_CHILD_CLEARTID|CLONE_CHILD_SETTID|SIGCHLD, child_tidptr=0xb7d986f8) = 22895
22895 14:59:44.305192 prctl(0x1, 0x9, 0, 0, 0) = 0
22895 14:59:44.305206 close(4)          = 0
22895 14:59:44.305237 open("/etc/passwd", O_RDONLY|0x80000 /* O_??? */) = 4
22895 14:59:44.305254 _llseek(4, 0, [0], SEEK_CUR) = 0
22895 14:59:44.305269 fstat64(4, {st_mode=S_IFREG|0644, st_size=1624, ...}) = 0
22895 14:59:44.305287 mmap2(NULL, 1624, PROT_READ, MAP_SHARED, 4, 0) = 0xb7f32000
22895 14:59:44.305299 _llseek(4, 1624, [1624], SEEK_SET) = 0
22895 14:59:44.305350 munmap(0xb7f32000, 1624) = 0
22895 14:59:44.305374 close(4)          = 0
22895 14:59:44.305388 getuid32()        = 0
22895 14:59:44.305398 open("/etc/passwd", O_RDONLY|0x80000 /* O_??? */) = 4
22895 14:59:44.305411 _llseek(4, 0, [0], SEEK_CUR) = 0
22895 14:59:44.305422 fstat64(4, {st_mode=S_IFREG|0644, st_size=1624, ...}) = 0
22895 14:59:44.305438 mmap2(NULL, 1624, PROT_READ, MAP_SHARED, 4, 0) = 0xb7f32000
22895 14:59:44.305449 _llseek(4, 1624, [1624], SEEK_SET) = 0
22895 14:59:44.305465 munmap(0xb7f32000, 1624) = 0
22895 14:59:44.305474 close(4)          = 0
22895 14:59:44.305501 open("/proc/sys/kernel/ngroups_max", O_RDONLY) = 4
22895 14:59:44.305522 read(4, "65536\n", 31) = 6
22895 14:59:44.305535 close(4)          = 0
22895 14:59:44.305550 socket(PF_FILE, SOCK_STREAM, 0) = 4
22895 14:59:44.305562 fcntl64(4, F_SETFL, O_RDWR|O_NONBLOCK) = 0
22895 14:59:44.305573 connect(4, {sa_family=AF_FILE, path="/var/run/nscd/socket"}, 110) = -1 ENOENT (No such file or directory)
22895 14:59:44.305595 close(4)          = 0
22895 14:59:44.305607 socket(PF_FILE, SOCK_STREAM, 0) = 4
22895 14:59:44.305617 fcntl64(4, F_SETFL, O_RDWR|O_NONBLOCK) = 0
22895 14:59:44.305627 connect(4, {sa_family=AF_FILE, path="/var/run/nscd/socket"}, 110) = -1 ENOENT (No such file or directory)
22895 14:59:44.305645 close(4)          = 0
22895 14:59:44.305669 open("/etc/group", O_RDONLY|0x80000 /* O_??? */) = 4
22895 14:59:44.305684 _llseek(4, 0, [0], SEEK_CUR) = 0
22895 14:59:44.305694 fstat64(4, {st_mode=S_IFREG|0644, st_size=886, ...}) = 0
22895 14:59:44.305711 mmap2(NULL, 886, PROT_READ, MAP_SHARED, 4, 0) = 0xb7f32000
22895 14:59:44.305722 _llseek(4, 886, [886], SEEK_SET) = 0
22895 14:59:44.305746 fstat64(4, {st_mode=S_IFREG|0644, st_size=886, ...}) = 0
22895 14:59:44.305763 munmap(0xb7f32000, 886) = 0
22895 14:59:44.305773 close(4)          = 0
22895 14:59:44.305784 setgroups32(13, [1000, 4, 20, 24, 25, 29, 30, 44, 46, 107, 111, 112, 119]) = 0
22895 14:59:44.305800 geteuid32()       = 0
22895 14:59:44.305809 getegid32()       = 0
22895 14:59:44.305809 setregid32(-1, 1000) = 0
22895 14:59:44.305810 setreuid32(-1, 1000) = 0
22895 14:59:44.305810 chdir("/home/msfadmin") = 0
22895 14:59:44.305810 setreuid32(-1, 0) = 0
22895 14:59:44.305810 setregid32(-1, 0) = 0
22895 14:59:44.305811 setgid32(1000)    = 0
22895 14:59:44.305811 setuid32(1000)    = 0
22895 14:59:44.305811 setrlimit(RLIMIT_NPROC, {rlim_cur=0, rlim_max=0}) = 0
22895 14:59:44.305811 mmap2(NULL, 12288, PROT_READ|PROT_WRITE, MAP_PRIVATE|MAP_ANONYMOUS, -1, 0) = 0xb7f30000
22895 14:59:44.305811 mprotect(0xb7f32000, 4096, PROT_NONE) = 0
22895 14:59:44.305812 mprotect(0xb7f30000, 4096, PROT_NONE) = 0
22895 14:59:44.305824 getcwd("/home/msfadmin", 4096) = 15
22895 14:59:44.305838 umask(022)        = 077
22895 14:59:44.305848 getcwd("/home/msfadmin", 4096) = 15
22895 14:59:44.305862 open(".message", O_RDONLY|O_NONBLOCK|O_LARGEFILE) = -1 ENOENT (No such file or directory)
22895 14:59:44.305885 write(0, "230 Login successful.\r\n", 23) = 23
22895 14:59:44.306003 rt_sigaction(SIGALRM, {0x805cad0, ~[RTMIN RT_1], 0}, NULL, 8) = 0
22895 14:59:44.306021 alarm(300)        = 0
22895 14:59:44.306063 mmap2(NULL, 12288, PROT_READ|PROT_WRITE, MAP_PRIVATE|MAP_ANONYMOUS, -1, 0) = 0xb7f2d000
22895 14:59:44.306076 mprotect(0xb7f2f000, 4096, PROT_NONE) = 0
22895 14:59:44.306098 mprotect(0xb7f2d000, 4096, PROT_NONE) = 0
22895 14:59:44.306111 recv(0, "TYPE I\r\n", 4096, MSG_PEEK) = 8
22895 14:59:44.306125 read(0, "TYPE I\r\n", 8) = 8
22895 14:59:44.306142 write(0, "200 Switching to Binary mode.\r\n", 31) = 31
22895 14:59:44.306185 rt_sigaction(SIGALRM, {0x805cad0, ~[RTMIN RT_1], 0}, NULL, 8) = 0
22895 14:59:44.306204 alarm(300)        = 300
22895 14:59:44.306216 recv(0, "PASV\r\n", 4096, MSG_PEEK) = 6
22895 14:59:44.306227 read(0, "PASV\r\n", 6) = 6
22895 14:59:44.306239 write(5, "\n", 1) = 1
22895 14:59:44.306250 read(5,  <unfinished ...>
22893 14:59:44.306263 close(5)          = 0
22893 14:59:44.306276 getuid32()        = 0
22893 14:59:44.306291 open("/etc/passwd", O_RDONLY|0x80000 /* O_??? */) = 5
22893 14:59:44.306306 _llseek(5, 0, [0], SEEK_CUR) = 0
22893 14:59:44.306318 fstat64(5, {st_mode=S_IFREG|0644, st_size=1624, ...}) = 0
22893 14:59:44.306336 mmap2(NULL, 1624, PROT_READ, MAP_SHARED, 5, 0) = 0xb7f32000
22893 14:59:44.306347 _llseek(5, 1624, [1624], SEEK_SET) = 0
22893 14:59:44.306365 munmap(0xb7f32000, 1624) = 0
22893 14:59:44.306376 close(5)          = 0
22893 14:59:44.306392 setgroups32(0, []) = 0
22893 14:59:44.306403 chdir("/usr/share/empty") = 0
22893 14:59:44.306416 chroot(".")       = 0
22893 14:59:44.306426 capset(NULL, NULL) = -1 EFAULT (Bad address)
22893 14:59:44.306440 prctl(0x8, 0, 0xbfbb5e58, 0x80549a6, 0xbfbb5e40) = 0
22893 14:59:44.306451 prctl(0x8, 0x1, 0xbfbb5e58, 0x8054a49, 0xbfbb5e40) = 0
22893 14:59:44.306461 setgid32(65534)   = 0
22893 14:59:44.306471 setuid32(65534)   = 0
22893 14:59:44.306481 capset(0x19980330, 0, {CAP_NET_BIND_SERVICE, CAP_NET_BIND_SERVICE, 0}) = 0
22893 14:59:44.306493 read(4, "\n", 1)  = 1
22893 14:59:44.306507 write(4, "\1", 1) = 1
22895 14:59:44.306518 <... read resumed> "\1", 1) = 1
22895 14:59:44.306556 write(5, "\f", 1) = 1
22895 14:59:44.306574 read(5,  <unfinished ...>
22893 14:59:44.306595 read(4, "\f", 1)  = 1
22893 14:59:44.306611 socket(PF_INET, SOCK_STREAM, IPPROTO_TCP) = 5
22893 14:59:44.306625 setsockopt(5, SOL_SOCKET, SO_REUSEADDR, [1], 4) = 0
22893 14:59:44.306637 gettimeofday({1495652384, 306641}, NULL) = 0
22893 14:59:44.306654 bind(5, {sa_family=AF_INET, sin_port=htons(31740), sin_addr=inet_addr("127.0.0.1")}, 16) = 0
22893 14:59:44.306671 listen(5, 1)      = 0
22893 14:59:44.306685 write(4, "\374{\0\0", 4) = 4
22895 14:59:44.306696 <... read resumed> "\374{\0\0", 4) = 4
22895 14:59:44.306711 write(0, "227 Entering Passive Mode (127,0,0,1,123,252).\r\n", 48) = 48
22895 14:59:44.306828 rt_sigaction(SIGALRM, {0x805cad0, ~[RTMIN RT_1], 0}, NULL, 8) = 0
22895 14:59:44.306845 alarm(300)        = 300
22895 14:59:44.306857 recv(0, "STOR myfile36\r\n", 4096, MSG_PEEK) = 15
22895 14:59:44.306869 read(0, "STOR myfile36\r\n", 15) = 15
22895 14:59:44.306884 write(5, "\v", 1) = 1
22895 14:59:44.306895 read(5,  <unfinished ...>
22893 14:59:44.306902 read(4, "\v", 1)  = 1
22893 14:59:44.306913 write(4, "\1\0\0\0", 4) = 4
22895 14:59:44.306924 <... read resumed> "\1\0\0\0", 4) = 4
22895 14:59:44.306932 gettimeofday({1495652384, 306936}, NULL) = 0
22895 14:59:44.306943 getcwd("/home/msfadmin", 4096) = 15
22895 14:59:44.306956 open("myfile36", O_WRONLY|O_CREAT|O_NONBLOCK|O_LARGEFILE, 0666) = 4
22895 14:59:44.306969 fstat64(4, {st_mode=S_IFREG|0644, st_size=17, ...}) = 0
22895 14:59:44.306986 fcntl64(4, F_GETFL) = 0x8801 (flags O_WRONLY|O_NONBLOCK|O_LARGEFILE)
22895 14:59:44.306997 fcntl64(4, F_SETFL, O_WRONLY|O_LARGEFILE) = 0
22895 14:59:44.307007 fcntl64(4, F_SETLKW64, {type=F_WRLCK, whence=SEEK_SET, start=0, len=0}, 0xbfbb5da4) = 0
22895 14:59:44.307052 ftruncate64(4, 0) = 0
22895 14:59:44.307075 _llseek(4, 0, [0], SEEK_SET) = 0
22895 14:59:44.307095 write(5, "\v", 1) = 1
22895 14:59:44.307106 read(5,  <unfinished ...>
22893 14:59:44.307113 read(4, "\v", 1)  = 1
22893 14:59:44.307125 write(4, "\1\0\0\0", 4) = 4
22895 14:59:44.307135 <... read resumed> "\1\0\0\0", 4) = 4
22895 14:59:44.307143 write(5, "\v", 1) = 1
22895 14:59:44.307153 read(5,  <unfinished ...>
22893 14:59:44.307159 read(4, "\v", 1)  = 1
22893 14:59:44.307170 write(4, "\1\0\0\0", 4) = 4
22895 14:59:44.307180 <... read resumed> "\1\0\0\0", 4) = 4
22895 14:59:44.307188 write(5, "\r", 1) = 1
22895 14:59:44.307198 read(5,  <unfinished ...>
22893 14:59:44.307204 read(4, "\r", 1)  = 1
22893 14:59:44.307217 select(6, [5], NULL, NULL, {60, 0}) = 1 (in [5], left {60, 0})
22893 14:59:44.307239 accept(5, {sa_family=AF_INET, sin_port=htons(44339), sin_addr=inet_addr("127.0.0.1")}, [16]) = 6
22893 14:59:44.307262 write(4, "\1", 1) = 1
22895 14:59:44.307273 <... read resumed> "\1", 1) = 1
22895 14:59:44.307282 recvmsg(5,  <unfinished ...>
22893 14:59:44.307292 sendmsg(4, {msg_name(0)=NULL, msg_iov(1)=[{"\0", 1}], msg_controllen=16, {cmsg_len=16, cmsg_level=SOL_SOCKET, cmsg_type=SCM_RIGHTS, {6}}, msg_flags=0}, 0) = 1
22895 14:59:44.307309 <... recvmsg resumed> {msg_name(0)=NULL, msg_iov(1)=[{"\0", 1}], msg_controllen=16, {cmsg_len=16, cmsg_level=SOL_SOCKET, cmsg_type=SCM_RIGHTS, {6}}, msg_flags=0}, 0) = 1
22895 14:59:44.307322 setsockopt(6, SOL_SOCKET, SO_KEEPALIVE, [1], 4) = 0
22895 14:59:44.307335 setsockopt(6, SOL_IP, IP_TOS, [8], 4) = 0
22895 14:59:44.307346 setsockopt(6, SOL_SOCKET, SO_LINGER, {onoff=1, linger=32767}, 8) = 0
22895 14:59:44.307358 rt_sigaction(SIGALRM, {0x805cad0, ~[RTMIN RT_1], 0}, NULL, 8) = 0
22895 14:59:44.307371 alarm(300)        = 300
22895 14:59:44.307383 write(0, "150 Ok to send data.\r\n", 22) = 22
22895 14:59:44.307447 mmap2(NULL, 77824, PROT_READ|PROT_WRITE, MAP_PRIVATE|MAP_ANONYMOUS, -1, 0) = 0xb7d67000
22895 14:59:44.307462 mprotect(0xb7d79000, 4096, PROT_NONE) = 0
22895 14:59:44.307473 mprotect(0xb7d67000, 4096, PROT_NONE) = 0
22895 14:59:44.307483 read(6, "assasaaa\na\na\na\na\n", 65536) = 17
22895 14:59:44.307497 write(4, "assasaaa\na\na\na\na\n", 17) = 17
22895 14:59:44.307512 read(6, "", 65536) = 0
22895 14:59:44.307551 rt_sigaction(SIGALRM, {0x805cad0, ~[RTMIN RT_1], 0}, NULL, 8) = 0
22895 14:59:44.307575 alarm(300)        = 300
22895 14:59:44.307585 close(6)          = 0
22895 14:59:44.307595 alarm(0)          = 300
22895 14:59:44.307604 gettimeofday({1495652384, 307607}, NULL) = 0
22895 14:59:44.307622 getpid()          = 22895
22895 14:59:44.307634 gettimeofday({1495652384, 307637}, NULL) = 0
22895 14:59:44.307651 fcntl64(3, F_SETLKW64, {type=F_WRLCK, whence=SEEK_SET, start=0, len=0}, 0xbfbb5d44) = 0
22895 14:59:44.307666 write(3, "Wed May 24 14:59:44 2017 [pid 22895] [msfadmin] OK UPLOAD: Client \"127.0.0.1\", \"/home/msfadmin/myfile36\", 17 bytes, 23.68Kbyte/sec\n", 131) = 131
22895 14:59:44.307686 fcntl64(3, F_SETLK64, {type=F_UNLCK, whence=SEEK_SET, start=0, len=0}, 0xbfbb5d4c) = 0
22895 14:59:44.307700 write(0, "226 Transfer complete.\r\n", 24) = 24
22895 14:59:44.307743 write(5, "\n", 1) = 1
22895 14:59:44.307755 read(5,  <unfinished ...>
22893 14:59:44.307762 close(6)          = 0
22893 14:59:44.307780 read(4, "\n", 1)  = 1
22893 14:59:44.307791 close(5)          = 0
22893 14:59:44.307802 write(4, "\1", 1) = 1
22895 14:59:44.307813 <... read resumed> "\1", 1) = 1
22895 14:59:44.307820 close(4)          = 0
22895 14:59:44.307831 rt_sigaction(SIGALRM, {0x805cad0, ~[RTMIN RT_1], 0}, NULL, 8) = 0
22895 14:59:44.307845 alarm(300)        = 0
22895 14:59:44.307856 recv(0,  <unfinished ...>
22893 14:59:44.307863 read(4,  <unfinished ...>
22892 14:59:44.384057 <... recv resumed> "USER msfadmin\r\n", 4096, MSG_PEEK) = 15
22892 14:59:44.384166 read(0, "USER msfadmin\r\n", 15) = 15
22892 14:59:44.384256 write(0, "331 Any password will do.\r\n", 27) = 27
22892 14:59:44.384342 rt_sigaction(SIGALRM, {0x805cad0, ~[RTMIN RT_1], 0}, NULL, 8) = 0
22892 14:59:44.384373 alarm(300)        = 299
22892 14:59:44.384398 recv(0, "PASS msfadmin\r\n", 4096, MSG_PEEK) = 15
22892 14:59:44.384413 read(0, "PASS msfadmin\r\n", 15) = 15
22892 14:59:44.384429 write(0, "230 Already logged in.\r\n", 24) = 24
22892 14:59:44.384494 rt_sigaction(SIGALRM, {0x805cad0, ~[RTMIN RT_1], 0}, NULL, 8) = 0
22892 14:59:44.384509 alarm(300)        = 300
22892 14:59:44.384521 recv(0, "TYPE I\r\n", 4096, MSG_PEEK) = 8
22892 14:59:44.384532 read(0, "TYPE I\r\n", 8) = 8
22892 14:59:44.384546 write(0, "200 Switching to Binary mode.\r\n", 31) = 31
22892 14:59:44.384582 rt_sigaction(SIGALRM, {0x805cad0, ~[RTMIN RT_1], 0}, NULL, 8) = 0
22892 14:59:44.384596 alarm(300)        = 300
22892 14:59:44.384607 recv(0, "PASV\r\n", 4096, MSG_PEEK) = 6
22892 14:59:44.384618 read(0, "PASV\r\n", 6) = 6
22892 14:59:44.384637 write(5, "\n", 1 <unfinished ...>
22890 14:59:44.384648 <... read resumed> "\n", 1) = 1
22892 14:59:44.384653 <... write resumed> ) = 1
22890 14:59:44.384661 write(4, "\1", 1) = 1
22890 14:59:44.384672 read(4,  <unfinished ...>
22892 14:59:44.384679 read(5, "\1", 1)  = 1
22892 14:59:44.384691 write(5, "\f", 1 <unfinished ...>
22890 14:59:44.384698 <... read resumed> "\f", 1) = 1
22892 14:59:44.384702 <... write resumed> ) = 1
22890 14:59:44.384710 socket(PF_INET, SOCK_STREAM, IPPROTO_TCP) = 5
22890 14:59:44.384726 setsockopt(5, SOL_SOCKET, SO_REUSEADDR, [1], 4) = 0
22890 14:59:44.384740 bind(5, {sa_family=AF_INET, sin_port=htons(55507), sin_addr=inet_addr("127.0.0.1")}, 16) = 0
22890 14:59:44.384757 listen(5, 1)      = 0
22890 14:59:44.384771 write(4, "\323\330\0\0", 4) = 4
22890 14:59:44.384783 read(4,  <unfinished ...>
22892 14:59:44.384789 read(5, "\323\330\0\0", 4) = 4
22892 14:59:44.384806 write(0, "227 Entering Passive Mode (127,0,0,1,216,211).\r\n", 48) = 48
22892 14:59:44.384941 rt_sigaction(SIGALRM, {0x805cad0, ~[RTMIN RT_1], 0}, NULL, 8) = 0
22892 14:59:44.384963 alarm(300)        = 300
22892 14:59:44.384976 recv(0, "RETR myfile14\r\n", 4096, MSG_PEEK) = 15
22892 14:59:44.385002 read(0, "RETR myfile14\r\n", 15) = 15
22892 14:59:44.385035 write(5, "\v", 1 <unfinished ...>
22890 14:59:44.385053 <... read resumed> "\v", 1) = 1
22892 14:59:44.385059 <... write resumed> ) = 1
22890 14:59:44.385074 write(4, "\1\0\0\0", 4) = 4
22890 14:59:44.385096 read(4,  <unfinished ...>
22892 14:59:44.385112 read(5, "\1\0\0\0", 4) = 4
22892 14:59:44.385134 gettimeofday({1495652384, 385138}, NULL) = 0
22892 14:59:44.385146 getcwd("/home/msfadmin", 4096) = 15
22892 14:59:44.385159 open("myfile14", O_RDONLY|O_NONBLOCK|O_LARGEFILE) = 4
22892 14:59:44.385182 fcntl64(4, F_SETLKW64, {type=F_RDLCK, whence=SEEK_SET, start=0, len=0}, 0xbf97b384) = 0
22892 14:59:44.385197 fstat64(4, {st_mode=S_IFREG|0644, st_size=17, ...}) = 0
22892 14:59:44.385215 fcntl64(4, F_GETFL) = 0x8800 (flags O_RDONLY|O_NONBLOCK|O_LARGEFILE)
22892 14:59:44.385226 fcntl64(4, F_SETFL, O_RDONLY|O_LARGEFILE) = 0
22892 14:59:44.385238 write(5, "\v", 1 <unfinished ...>
22890 14:59:44.385246 <... read resumed> "\v", 1) = 1
22892 14:59:44.385250 <... write resumed> ) = 1
22890 14:59:44.385256 write(4, "\1\0\0\0", 4) = 4
22890 14:59:44.385267 read(4,  <unfinished ...>
22892 14:59:44.385274 read(5, "\1\0\0\0", 4) = 4
22892 14:59:44.385286 write(5, "\v", 1 <unfinished ...>
22890 14:59:44.385292 <... read resumed> "\v", 1) = 1
22892 14:59:44.385297 <... write resumed> ) = 1
22890 14:59:44.385303 write(4, "\1\0\0\0", 4) = 4
22890 14:59:44.385314 read(4,  <unfinished ...>
22892 14:59:44.385320 read(5, "\1\0\0\0", 4) = 4
22892 14:59:44.385332 write(5, "\r", 1 <unfinished ...>
22890 14:59:44.385339 <... read resumed> "\r", 1) = 1
22892 14:59:44.385343 <... write resumed> ) = 1
22890 14:59:44.385350 select(6, [5], NULL, NULL, {60, 0}) = 1 (in [5], left {60, 0})
22890 14:59:44.385367 accept(5, {sa_family=AF_INET, sin_port=htons(60739), sin_addr=inet_addr("127.0.0.1")}, [16]) = 6
22890 14:59:44.385389 write(4, "\1", 1) = 1
22890 14:59:44.385401 sendmsg(4, {msg_name(0)=NULL, msg_iov(1)=[{"\0", 1}], msg_controllen=16, {cmsg_len=16, cmsg_level=SOL_SOCKET, cmsg_type=SCM_RIGHTS, {6}}, msg_flags=0}, 0) = 1
22890 14:59:44.385418 close(6)          = 0
22890 14:59:44.385428 read(4,  <unfinished ...>
22892 14:59:44.385434 read(5, "\1", 1)  = 1
22892 14:59:44.385447 recvmsg(5, {msg_name(0)=NULL, msg_iov(1)=[{"\0", 1}], msg_controllen=16, {cmsg_len=16, cmsg_level=SOL_SOCKET, cmsg_type=SCM_RIGHTS, {6}}, msg_flags=0}, 0) = 1
22892 14:59:44.385465 setsockopt(6, SOL_SOCKET, SO_KEEPALIVE, [1], 4) = 0
22892 14:59:44.385478 setsockopt(6, SOL_IP, IP_TOS, [8], 4) = 0
22892 14:59:44.385490 setsockopt(6, SOL_SOCKET, SO_LINGER, {onoff=1, linger=32767}, 8) = 0
22892 14:59:44.385501 rt_sigaction(SIGALRM, {0x805cad0, ~[RTMIN RT_1], 0}, NULL, 8) = 0
22892 14:59:44.385514 alarm(300)        = 300
22892 14:59:44.385527 write(0, "150 Opening BINARY mode data connection for myfile14 (17 bytes).\r\n", 66) = 66
22892 14:59:44.385573 _llseek(4, 0, [0], SEEK_CUR) = 0
22892 14:59:44.385585 fstat64(4, {st_mode=S_IFREG|0644, st_size=17, ...}) = 0
22892 14:59:44.385603 _llseek(4, 0, [0], SEEK_SET) = 0
22892 14:59:44.385614 sendfile(6, 4, NULL, 17) = 17
22892 14:59:44.385627 rt_sigaction(SIGALRM, {0x805cad0, ~[RTMIN RT_1], 0}, NULL, 8) = 0
22892 14:59:44.385627 alarm(300)        = 300
22892 14:59:44.385630 close(6)          = 0
22892 14:59:44.385668 alarm(0)          = 300
22892 14:59:44.385679 gettimeofday({1495652384, 385683}, NULL) = 0
22892 14:59:44.385695 gettimeofday({1495652384, 385699}, NULL) = 0
22892 14:59:44.385709 fcntl64(3, F_SETLKW64, {type=F_WRLCK, whence=SEEK_SET, start=0, len=0}, 0xbf97b324) = 0
22892 14:59:44.385725 write(3, "Wed May 24 14:59:44 2017 [pid 22892] [msfadmin] OK DOWNLOAD: Client \"127.0.0.1\", \"/home/msfadmin/myfile14\", 17 bytes, 29.59Kbyte/sec\n", 133) = 133
22892 14:59:44.385746 fcntl64(3, F_SETLK64, {type=F_UNLCK, whence=SEEK_SET, start=0, len=0}, 0xbf97b32c) = 0
22892 14:59:44.385760 write(0, "226 Transfer complete.\r\n", 24) = 24
22892 14:59:44.385866 write(5, "\n", 1 <unfinished ...>
22890 14:59:44.385877 <... read resumed> "\n", 1) = 1
22892 14:59:44.385882 <... write resumed> ) = 1
22890 14:59:44.385888 close(5)          = 0
22890 14:59:44.385900 write(4, "\1", 1) = 1
22890 14:59:44.385911 read(4,  <unfinished ...>
22892 14:59:44.385918 read(5, "\1", 1)  = 1
22892 14:59:44.385929 close(4)          = 0
22892 14:59:44.385940 rt_sigaction(SIGALRM, {0x805cad0, ~[RTMIN RT_1], 0}, NULL, 8) = 0
22892 14:59:44.385953 alarm(300)        = 0
22892 14:59:44.385964 recv(0,  <unfinished ...>
22895 14:59:44.833368 <... recv resumed> "TYPE I\r\n", 4096, MSG_PEEK) = 8
22895 14:59:44.833410 read(0, "TYPE I\r\n", 8) = 8
22895 14:59:44.833442 write(0, "200 Switching to Binary mode.\r\n", 31) = 31
22895 14:59:44.833512 rt_sigaction(SIGALRM, {0x805cad0, ~[RTMIN RT_1], 0}, NULL, 8) = 0
22895 14:59:44.833539 alarm(300)        = 299
22895 14:59:44.833559 recv(0, "PASV\r\n", 4096, MSG_PEEK) = 6
22895 14:59:44.833578 read(0, "PASV\r\n", 6) = 6
22895 14:59:44.833597 write(5, "\n", 1) = 1
22895 14:59:44.833617 read(5,  <unfinished ...>
22893 14:59:44.833630 <... read resumed> "\n", 1) = 1
22893 14:59:44.833644 write(4, "\1", 1) = 1
22895 14:59:44.833661 <... read resumed> "\1", 1) = 1
22895 14:59:44.833673 write(5, "\f", 1) = 1
22895 14:59:44.833689 read(5,  <unfinished ...>
22893 14:59:44.833700 read(4, "\f", 1)  = 1
22893 14:59:44.833720 socket(PF_INET, SOCK_STREAM, IPPROTO_TCP) = 5
22893 14:59:44.833744 setsockopt(5, SOL_SOCKET, SO_REUSEADDR, [1], 4) = 0
22893 14:59:44.833766 bind(5, {sa_family=AF_INET, sin_port=htons(47099), sin_addr=inet_addr("127.0.0.1")}, 16) = 0
22893 14:59:44.833791 listen(5, 1)      = 0
22893 14:59:44.833812 write(4, "\373\267\0\0", 4) = 4
22895 14:59:44.833830 <... read resumed> "\373\267\0\0", 4) = 4
22895 14:59:44.833849 write(0, "227 Entering Passive Mode (127,0,0,1,183,251).\r\n", 48) = 48
22895 14:59:44.834007 rt_sigaction(SIGALRM, {0x805cad0, ~[RTMIN RT_1], 0}, NULL, 8) = 0
22895 14:59:44.834033 alarm(300)        = 300
22895 14:59:44.834052 recv(0, "STOR myfile37\r\n", 4096, MSG_PEEK) = 15
22895 14:59:44.834072 read(0, "STOR myfile37\r\n", 15) = 15
22895 14:59:44.834093 write(5, "\v", 1) = 1
22895 14:59:44.834123 read(5,  <unfinished ...>
22893 14:59:44.834136 read(4, "\v", 1)  = 1
22893 14:59:44.834155 write(4, "\1\0\0\0", 4) = 4
22895 14:59:44.834172 <... read resumed> "\1\0\0\0", 4) = 4
22895 14:59:44.834186 gettimeofday({1495652384, 834192}, NULL) = 0
22895 14:59:44.834204 getcwd("/home/msfadmin", 4096) = 15
22895 14:59:44.834223 open("myfile37", O_WRONLY|O_CREAT|O_NONBLOCK|O_LARGEFILE, 0666) = 4
22895 14:59:44.834244 fstat64(4, {st_mode=S_IFREG|0644, st_size=17, ...}) = 0
22895 14:59:44.834274 fcntl64(4, F_GETFL) = 0x8801 (flags O_WRONLY|O_NONBLOCK|O_LARGEFILE)
22895 14:59:44.834293 fcntl64(4, F_SETFL, O_WRONLY|O_LARGEFILE) = 0
22895 14:59:44.834309 fcntl64(4, F_SETLKW64, {type=F_WRLCK, whence=SEEK_SET, start=0, len=0}, 0xbfbb5da4) = 0
22895 14:59:44.834332 ftruncate64(4, 0) = 0
22895 14:59:44.834370 _llseek(4, 0, [0], SEEK_SET) = 0
22895 14:59:44.834388 write(5, "\v", 1) = 1
22895 14:59:44.834405 read(5,  <unfinished ...>
22893 14:59:44.834416 read(4, "\v", 1)  = 1
22893 14:59:44.834434 write(4, "\1\0\0\0", 4) = 4
22895 14:59:44.834452 <... read resumed> "\1\0\0\0", 4) = 4
22895 14:59:44.834464 write(5, "\v", 1) = 1
22895 14:59:44.834480 read(5,  <unfinished ...>
22893 14:59:44.834491 read(4, "\v", 1)  = 1
22893 14:59:44.834508 write(4, "\1\0\0\0", 4) = 4
22895 14:59:44.834524 <... read resumed> "\1\0\0\0", 4) = 4
22895 14:59:44.834537 write(5, "\r", 1) = 1
22895 14:59:44.834553 read(5,  <unfinished ...>
22893 14:59:44.834563 read(4, "\r", 1)  = 1
22893 14:59:44.834581 select(6, [5], NULL, NULL, {60, 0}) = 1 (in [5], left {60, 0})
22893 14:59:44.834607 accept(5, {sa_family=AF_INET, sin_port=htons(41085), sin_addr=inet_addr("127.0.0.1")}, [16]) = 6
22893 14:59:44.834642 write(4, "\1", 1) = 1
22895 14:59:44.834659 <... read resumed> "\1", 1) = 1
22895 14:59:44.834673 recvmsg(5,  <unfinished ...>
22893 14:59:44.834686 sendmsg(4, {msg_name(0)=NULL, msg_iov(1)=[{"\0", 1}], msg_controllen=16, {cmsg_len=16, cmsg_level=SOL_SOCKET, cmsg_type=SCM_RIGHTS, {6}}, msg_flags=0}, 0) = 1
22895 14:59:44.834713 <... recvmsg resumed> {msg_name(0)=NULL, msg_iov(1)=[{"\0", 1}], msg_controllen=16, {cmsg_len=16, cmsg_level=SOL_SOCKET, cmsg_type=SCM_RIGHTS, {6}}, msg_flags=0}, 0) = 1
22895 14:59:44.834735 setsockopt(6, SOL_SOCKET, SO_KEEPALIVE, [1], 4) = 0
22895 14:59:44.834755 setsockopt(6, SOL_IP, IP_TOS, [8], 4) = 0
22895 14:59:44.834773 setsockopt(6, SOL_SOCKET, SO_LINGER, {onoff=1, linger=32767}, 8) = 0
22895 14:59:44.834791 rt_sigaction(SIGALRM, {0x805cad0, ~[RTMIN RT_1], 0}, NULL, 8) = 0
22895 14:59:44.834813 alarm(300)        = 300
22895 14:59:44.834832 write(0, "150 Ok to send data.\r\n", 22) = 22
22895 14:59:44.834927 read(6, "assasaaa\na\na\na\na\n", 65536) = 17
22895 14:59:44.834948 write(4, "assasaaa\na\na\na\na\n", 17) = 17
22895 14:59:44.834974 read(6, "", 65536) = 0
22895 14:59:44.834990 rt_sigaction(SIGALRM, {0x805cad0, ~[RTMIN RT_1], 0}, NULL, 8) = 0
22895 14:59:44.835013 alarm(300)        = 300
22895 14:59:44.835028 close(6)          = 0
22895 14:59:44.835042 alarm(0)          = 300
22895 14:59:44.835058 gettimeofday({1495652384, 835064}, NULL) = 0
22895 14:59:44.838050 gettimeofday({1495652384, 838075}, NULL) = 0
22895 14:59:44.838095 fcntl64(3, F_SETLKW64, {type=F_WRLCK, whence=SEEK_SET, start=0, len=0}, 0xbfbb5d44) = 0
22895 14:59:44.838123 write(3, "Wed May 24 14:59:44 2017 [pid 22895] [msfadmin] OK UPLOAD: Client \"127.0.0.1\", \"/home/msfadmin/myfile37\", 17 bytes, 4.28Kbyte/sec\n", 130) = 130
22895 14:59:44.838162 fcntl64(3, F_SETLK64, {type=F_UNLCK, whence=SEEK_SET, start=0, len=0}, 0xbfbb5d4c) = 0
22895 14:59:44.838187 write(0, "226 Transfer complete.\r\n", 24) = 24
22895 14:59:44.838286 write(5, "\n", 1) = 1
22895 14:59:44.838306 read(5,  <unfinished ...>
22893 14:59:44.838320 close(6)          = 0
22893 14:59:44.838355 read(4, "\n", 1)  = 1
22893 14:59:44.838375 close(5)          = 0
22893 14:59:44.838393 write(4, "\1", 1) = 1
22895 14:59:44.838411 <... read resumed> "\1", 1) = 1
22895 14:59:44.838422 close(4)          = 0
22895 14:59:44.838440 rt_sigaction(SIGALRM, {0x805cad0, ~[RTMIN RT_1], 0}, NULL, 8) = 0
22895 14:59:44.838464 alarm(300)        = 0
22895 14:59:44.838483 recv(0,  <unfinished ...>
22893 14:59:44.838495 read(4,  <unfinished ...>
22892 14:59:44.933264 <... recv resumed> "USER msfadmin\r\n", 4096, MSG_PEEK) = 15
22892 14:59:44.933307 read(0, "USER msfadmin\r\n", 15) = 15
22892 14:59:44.933333 write(0, "331 Any password will do.\r\n", 27) = 27
22892 14:59:44.933380 rt_sigaction(SIGALRM, {0x805cad0, ~[RTMIN RT_1], 0}, NULL, 8) = 0
22892 14:59:44.933398 alarm(300)        = 299
22892 14:59:44.933412 recv(0, "PASS msfadmin\r\n", 4096, MSG_PEEK) = 15
22892 14:59:44.933424 read(0, "PASS msfadmin\r\n", 15) = 15
22892 14:59:44.933441 write(0, "230 Already logged in.\r\n", 24) = 24
22892 14:59:44.933504 rt_sigaction(SIGALRM, {0x805cad0, ~[RTMIN RT_1], 0}, NULL, 8) = 0
22892 14:59:44.933520 alarm(300)        = 300
22892 14:59:44.933539 recv(0, "TYPE I\r\n", 4096, MSG_PEEK) = 8
22892 14:59:44.933551 read(0, "TYPE I\r\n", 8) = 8
22892 14:59:44.933566 write(0, "200 Switching to Binary mode.\r\n", 31) = 31
22892 14:59:44.933603 rt_sigaction(SIGALRM, {0x805cad0, ~[RTMIN RT_1], 0}, NULL, 8) = 0
22892 14:59:44.933618 alarm(300)        = 300
22892 14:59:44.933629 recv(0, "PASV\r\n", 4096, MSG_PEEK) = 6
22892 14:59:44.933640 read(0, "PASV\r\n", 6) = 6
22892 14:59:44.933652 write(5, "\n", 1 <unfinished ...>
22890 14:59:44.933664 <... read resumed> "\n", 1) = 1
22892 14:59:44.933669 <... write resumed> ) = 1
22890 14:59:44.933678 write(4, "\1", 1 <unfinished ...>
22892 14:59:44.933684 read(5,  <unfinished ...>
22890 14:59:44.933691 <... write resumed> ) = 1
22892 14:59:44.933695 <... read resumed> "\1", 1) = 1
22890 14:59:44.933703 read(4,  <unfinished ...>
22892 14:59:44.933708 write(5, "\f", 1 <unfinished ...>
22890 14:59:44.933715 <... read resumed> "\f", 1) = 1
22892 14:59:44.933720 <... write resumed> ) = 1
22890 14:59:44.933728 socket(PF_INET, SOCK_STREAM, IPPROTO_TCP <unfinished ...>
22892 14:59:44.933734 read(5,  <unfinished ...>
22890 14:59:44.933744 <... socket resumed> ) = 5
22890 14:59:44.933752 setsockopt(5, SOL_SOCKET, SO_REUSEADDR, [1], 4) = 0
22890 14:59:44.933767 bind(5, {sa_family=AF_INET, sin_port=htons(6282), sin_addr=inet_addr("127.0.0.1")}, 16) = 0
22890 14:59:44.933785 listen(5, 1)      = 0
22890 14:59:44.933799 write(4, "\212\30\0\0", 4 <unfinished ...>
22892 14:59:44.933808 <... read resumed> "\212\30\0\0", 4) = 4
22890 14:59:44.933814 <... write resumed> ) = 4
22892 14:59:44.933826 write(0, "227 Entering Passive Mode (127,0,0,1,24,138).\r\n", 47 <unfinished ...>
22890 14:59:44.933834 read(4,  <unfinished ...>
22892 14:59:44.933939 <... write resumed> ) = 47
22892 14:59:44.933951 rt_sigaction(SIGALRM, {0x805cad0, ~[RTMIN RT_1], 0}, NULL, 8) = 0
22892 14:59:44.933966 alarm(300)        = 300
22892 14:59:44.933978 recv(0, "RETR myfile15\r\n", 4096, MSG_PEEK) = 15
22892 14:59:44.933991 read(0, "RETR myfile15\r\n", 15) = 15
22892 14:59:44.934004 write(5, "\v", 1 <unfinished ...>
22890 14:59:44.934012 <... read resumed> "\v", 1) = 1
22892 14:59:44.934017 <... write resumed> ) = 1
22890 14:59:44.934024 write(4, "\1\0\0\0", 4 <unfinished ...>
22892 14:59:44.934030 read(5,  <unfinished ...>
22890 14:59:44.934036 <... write resumed> ) = 4
22892 14:59:44.934040 <... read resumed> "\1\0\0\0", 4) = 4
22890 14:59:44.934049 read(4,  <unfinished ...>
22892 14:59:44.934054 gettimeofday({1495652384, 934058}, NULL) = 0
22892 14:59:44.934065 getcwd("/home/msfadmin", 4096) = 15
22892 14:59:44.934088 open("myfile15", O_RDONLY|O_NONBLOCK|O_LARGEFILE) = 4
22892 14:59:44.934103 fcntl64(4, F_SETLKW64, {type=F_RDLCK, whence=SEEK_SET, start=0, len=0}, 0xbf97b384) = 0
22892 14:59:44.934119 fstat64(4, {st_mode=S_IFREG|0644, st_size=17, ...}) = 0
22892 14:59:44.934137 fcntl64(4, F_GETFL) = 0x8800 (flags O_RDONLY|O_NONBLOCK|O_LARGEFILE)
22892 14:59:44.934149 fcntl64(4, F_SETFL, O_RDONLY|O_LARGEFILE) = 0
22892 14:59:44.934161 write(5, "\v", 1 <unfinished ...>
22890 14:59:44.934170 <... read resumed> "\v", 1) = 1
22892 14:59:44.934175 <... write resumed> ) = 1
22890 14:59:44.934182 write(4, "\1\0\0\0", 4 <unfinished ...>
22892 14:59:44.934188 read(5,  <unfinished ...>
22890 14:59:44.934194 <... write resumed> ) = 4
22892 14:59:44.934199 <... read resumed> "\1\0\0\0", 4) = 4
22890 14:59:44.934207 read(4,  <unfinished ...>
22892 14:59:44.934211 write(5, "\v", 1 <unfinished ...>
22890 14:59:44.934219 <... read resumed> "\v", 1) = 1
22892 14:59:44.934223 <... write resumed> ) = 1
22890 14:59:44.934230 write(4, "\1\0\0\0", 4 <unfinished ...>
22892 14:59:44.934236 read(5,  <unfinished ...>
22890 14:59:44.934242 <... write resumed> ) = 4
22892 14:59:44.934246 <... read resumed> "\1\0\0\0", 4) = 4
22890 14:59:44.934255 read(4,  <unfinished ...>
22892 14:59:44.934259 write(5, "\r", 1 <unfinished ...>
22890 14:59:44.934266 <... read resumed> "\r", 1) = 1
22892 14:59:44.934271 <... write resumed> ) = 1
22890 14:59:44.934279 select(6, [5], NULL, NULL, {60, 0} <unfinished ...>
22892 14:59:44.934291 read(5,  <unfinished ...>
22890 14:59:44.934298 <... select resumed> ) = 1 (in [5], left {60, 0})
22890 14:59:44.934308 accept(5, {sa_family=AF_INET, sin_port=htons(51211), sin_addr=inet_addr("127.0.0.1")}, [16]) = 6
22890 14:59:44.934332 write(4, "\1", 1 <unfinished ...>
22892 14:59:44.934340 <... read resumed> "\1", 1) = 1
22890 14:59:44.934345 <... write resumed> ) = 1
22892 14:59:44.934354 recvmsg(5,  <unfinished ...>
22890 14:59:44.934360 sendmsg(4, {msg_name(0)=NULL, msg_iov(1)=[{"\0", 1}], msg_controllen=16, {cmsg_len=16, cmsg_level=SOL_SOCKET, cmsg_type=SCM_RIGHTS, {6}}, msg_flags=0}, 0 <unfinished ...>
22892 14:59:44.934374 <... recvmsg resumed> {msg_name(0)=NULL, msg_iov(1)=[{"\0", 1}], msg_controllen=16, {cmsg_len=16, cmsg_level=SOL_SOCKET, cmsg_type=SCM_RIGHTS, {6}}, msg_flags=0}, 0) = 1
22890 14:59:44.934384 <... sendmsg resumed> ) = 1
22892 14:59:44.934393 setsockopt(6, SOL_SOCKET, SO_KEEPALIVE, [1], 4 <unfinished ...>
22890 14:59:44.934398 close(6 <unfinished ...>
22892 14:59:44.934405 <... setsockopt resumed> ) = 0
22890 14:59:44.934409 <... close resumed> ) = 0
22892 14:59:44.934418 setsockopt(6, SOL_IP, IP_TOS, [8], 4 <unfinished ...>
22890 14:59:44.934423 read(4,  <unfinished ...>
22892 14:59:44.934429 <... setsockopt resumed> ) = 0
22892 14:59:44.934437 setsockopt(6, SOL_SOCKET, SO_LINGER, {onoff=1, linger=32767}, 8) = 0
22892 14:59:44.934448 rt_sigaction(SIGALRM, {0x805cad0, ~[RTMIN RT_1], 0}, NULL, 8) = 0
22892 14:59:44.934462 alarm(300)        = 300
22892 14:59:44.934476 write(0, "150 Opening BINARY mode data connection for myfile15 (17 bytes).\r\n", 66) = 66
22892 14:59:44.934519 _llseek(4, 0, [0], SEEK_CUR) = 0
22892 14:59:44.934532 fstat64(4, {st_mode=S_IFREG|0644, st_size=17, ...}) = 0
22892 14:59:44.934549 _llseek(4, 0, [0], SEEK_SET) = 0
22892 14:59:44.934560 sendfile(6, 4, NULL, 17) = 17
22892 14:59:44.934591 rt_sigaction(SIGALRM, {0x805cad0, ~[RTMIN RT_1], 0}, NULL, 8) = 0
22892 14:59:44.934606 alarm(300)        = 300
22892 14:59:44.934616 close(6)          = 0
22892 14:59:44.934653 alarm(0)          = 300
22892 14:59:44.934664 gettimeofday({1495652384, 934667}, NULL) = 0
22892 14:59:44.934679 gettimeofday({1495652384, 934684}, NULL) = 0
22892 14:59:44.934694 fcntl64(3, F_SETLKW64, {type=F_WRLCK, whence=SEEK_SET, start=0, len=0}, 0xbf97b324) = 0
22892 14:59:44.934709 write(3, "Wed May 24 14:59:44 2017 [pid 22892] [msfadmin] OK DOWNLOAD: Client \"127.0.0.1\", \"/home/msfadmin/myfile15\", 17 bytes, 26.52Kbyte/sec\n", 133) = 133
22892 14:59:44.934731 fcntl64(3, F_SETLK64, {type=F_UNLCK, whence=SEEK_SET, start=0, len=0}, 0xbf97b32c) = 0
22892 14:59:44.934746 write(0, "226 Transfer complete.\r\n", 24) = 24
22892 14:59:44.934813 write(5, "\n", 1 <unfinished ...>
22890 14:59:44.934823 <... read resumed> "\n", 1) = 1
22892 14:59:44.934828 <... write resumed> ) = 1
22890 14:59:44.934835 close(5 <unfinished ...>
22892 14:59:44.934840 read(5,  <unfinished ...>
22890 14:59:44.934848 <... close resumed> ) = 0
22890 14:59:44.934855 write(4, "\1", 1 <unfinished ...>
22892 14:59:44.934863 <... read resumed> "\1", 1) = 1
22890 14:59:44.934868 <... write resumed> ) = 1
22892 14:59:44.934875 close(4 <unfinished ...>
22890 14:59:44.934880 read(4,  <unfinished ...>
22892 14:59:44.934886 <... close resumed> ) = 0
22892 14:59:44.934893 rt_sigaction(SIGALRM, {0x805cad0, ~[RTMIN RT_1], 0}, NULL, 8) = 0
22892 14:59:44.934906 alarm(300)        = 0
22892 14:59:44.934917 recv(0,  <unfinished ...>
22895 14:59:45.384404 <... recv resumed> "TYPE I\r\n", 4096, MSG_PEEK) = 8
22895 14:59:45.384454 read(0, "TYPE I\r\n", 8) = 8
22895 14:59:45.384497 write(0, "200 Switching to Binary mode.\r\n", 31) = 31
22895 14:59:45.384564 rt_sigaction(SIGALRM, {0x805cad0, ~[RTMIN RT_1], 0}, NULL, 8) = 0
22895 14:59:45.384584 alarm(300)        = 299
22895 14:59:45.384597 recv(0, "PASV\r\n", 4096, MSG_PEEK) = 6
22895 14:59:45.384609 read(0, "PASV\r\n", 6) = 6
22895 14:59:45.384621 write(5, "\n", 1) = 1
22895 14:59:45.384633 read(5,  <unfinished ...>
22893 14:59:45.384642 <... read resumed> "\n", 1) = 1
22893 14:59:45.384659 write(4, "\1", 1) = 1
22895 14:59:45.384670 <... read resumed> "\1", 1) = 1
22895 14:59:45.384677 write(5, "\f", 1) = 1
22895 14:59:45.384687 read(5,  <unfinished ...>
22893 14:59:45.384694 read(4, "\f", 1)  = 1
22893 14:59:45.384706 socket(PF_INET, SOCK_STREAM, IPPROTO_TCP) = 5
22893 14:59:45.384722 setsockopt(5, SOL_SOCKET, SO_REUSEADDR, [1], 4) = 0
22893 14:59:45.384737 bind(5, {sa_family=AF_INET, sin_port=htons(11499), sin_addr=inet_addr("127.0.0.1")}, 16) = 0
22893 14:59:45.384753 listen(5, 1)      = 0
22893 14:59:45.384768 write(4, "\353,\0\0", 4) = 4
22895 14:59:45.384779 <... read resumed> "\353,\0\0", 4) = 4
22895 14:59:45.384791 write(0, "227 Entering Passive Mode (127,0,0,1,44,235).\r\n", 47) = 47
22895 14:59:45.384905 rt_sigaction(SIGALRM, {0x805cad0, ~[RTMIN RT_1], 0}, NULL, 8) = 0
22895 14:59:45.384922 alarm(300)        = 300
22895 14:59:45.384934 recv(0, "STOR myfile38\r\n", 4096, MSG_PEEK) = 15
22895 14:59:45.384946 read(0, "STOR myfile38\r\n", 15) = 15
22895 14:59:45.384960 write(5, "\v", 1) = 1
22895 14:59:45.384970 read(5,  <unfinished ...>
22893 14:59:45.384978 read(4, "\v", 1)  = 1
22893 14:59:45.384989 write(4, "\1\0\0\0", 4) = 4
22895 14:59:45.385000 <... read resumed> "\1\0\0\0", 4) = 4
22895 14:59:45.385008 gettimeofday({1495652385, 385011}, NULL) = 0
22895 14:59:45.385019 getcwd("/home/msfadmin", 4096) = 15
22895 14:59:45.385031 open("myfile38", O_WRONLY|O_CREAT|O_NONBLOCK|O_LARGEFILE, 0666) = 4
22895 14:59:45.385046 fstat64(4, {st_mode=S_IFREG|0644, st_size=17, ...}) = 0
22895 14:59:45.385064 fcntl64(4, F_GETFL) = 0x8801 (flags O_WRONLY|O_NONBLOCK|O_LARGEFILE)
22895 14:59:45.385075 fcntl64(4, F_SETFL, O_WRONLY|O_LARGEFILE) = 0
22895 14:59:45.385085 fcntl64(4, F_SETLKW64, {type=F_WRLCK, whence=SEEK_SET, start=0, len=0}, 0xbfbb5da4) = 0
22895 14:59:45.385123 ftruncate64(4, 0) = 0
22895 14:59:45.385157 _llseek(4, 0, [0], SEEK_SET) = 0
22895 14:59:45.385168 write(5, "\v", 1) = 1
22895 14:59:45.385178 read(5,  <unfinished ...>
22893 14:59:45.385185 read(4, "\v", 1)  = 1
22893 14:59:45.385197 write(4, "\1\0\0\0", 4) = 4
22895 14:59:45.385207 <... read resumed> "\1\0\0\0", 4) = 4
22895 14:59:45.385215 write(5, "\v", 1) = 1
22895 14:59:45.385225 read(5,  <unfinished ...>
22893 14:59:45.385231 read(4, "\v", 1)  = 1
22893 14:59:45.385242 write(4, "\1\0\0\0", 4) = 4
22895 14:59:45.385252 <... read resumed> "\1\0\0\0", 4) = 4
22895 14:59:45.385259 write(5, "\r", 1) = 1
22895 14:59:45.385269 read(5,  <unfinished ...>
22893 14:59:45.385276 read(4, "\r", 1)  = 1
22893 14:59:45.385287 select(6, [5], NULL, NULL, {60, 0}) = 1 (in [5], left {60, 0})
22893 14:59:45.385304 accept(5, {sa_family=AF_INET, sin_port=htons(37183), sin_addr=inet_addr("127.0.0.1")}, [16]) = 6
22893 14:59:45.385326 write(4, "\1", 1) = 1
22895 14:59:45.385337 <... read resumed> "\1", 1) = 1
22895 14:59:45.385345 recvmsg(5,  <unfinished ...>
22893 14:59:45.385354 sendmsg(4, {msg_name(0)=NULL, msg_iov(1)=[{"\0", 1}], msg_controllen=16, {cmsg_len=16, cmsg_level=SOL_SOCKET, cmsg_type=SCM_RIGHTS, {6}}, msg_flags=0}, 0) = 1
22895 14:59:45.385371 <... recvmsg resumed> {msg_name(0)=NULL, msg_iov(1)=[{"\0", 1}], msg_controllen=16, {cmsg_len=16, cmsg_level=SOL_SOCKET, cmsg_type=SCM_RIGHTS, {6}}, msg_flags=0}, 0) = 1
22895 14:59:45.385384 setsockopt(6, SOL_SOCKET, SO_KEEPALIVE, [1], 4) = 0
22895 14:59:45.385396 setsockopt(6, SOL_IP, IP_TOS, [8], 4) = 0
22895 14:59:45.385408 setsockopt(6, SOL_SOCKET, SO_LINGER, {onoff=1, linger=32767}, 8) = 0
22895 14:59:45.385419 rt_sigaction(SIGALRM, {0x805cad0, ~[RTMIN RT_1], 0}, NULL, 8) = 0
22895 14:59:45.385432 alarm(300)        = 300
22895 14:59:45.385445 write(0, "150 Ok to send data.\r\n", 22) = 22
22895 14:59:45.385511 read(6, "assasaaa\na\na\na\na\n", 65536) = 17
22895 14:59:45.385525 write(4, "assasaaa\na\na\na\na\n", 17) = 17
22895 14:59:45.385541 read(6, "", 65536) = 0
22895 14:59:45.385551 rt_sigaction(SIGALRM, {0x805cad0, ~[RTMIN RT_1], 0}, NULL, 8) = 0
22895 14:59:45.385565 alarm(300)        = 300
22895 14:59:45.385575 close(6)          = 0
22895 14:59:45.385584 alarm(0)          = 300
22895 14:59:45.385596 gettimeofday({1495652385, 385600}, NULL) = 0
22895 14:59:45.385609 gettimeofday({1495652385, 385610}, NULL) = 0
22895 14:59:45.385610 fcntl64(3, F_SETLKW64, {type=F_WRLCK, whence=SEEK_SET, start=0, len=0}, 0xbfbb5d44) = 0
22895 14:59:45.385621 write(3, "Wed May 24 14:59:45 2017 [pid 22895] [msfadmin] OK UPLOAD: Client \"127.0.0.1\", \"/home/msfadmin/myfile38\", 17 bytes, 27.72Kbyte/sec\n", 131) = 131
22895 14:59:45.385643 fcntl64(3, F_SETLK64, {type=F_UNLCK, whence=SEEK_SET, start=0, len=0}, 0xbfbb5d4c) = 0
22895 14:59:45.385658 write(0, "226 Transfer complete.\r\n", 24) = 24
22895 14:59:45.385703 write(5, "\n", 1) = 1
22895 14:59:45.385715 read(5,  <unfinished ...>
22893 14:59:45.385722 close(6)          = 0
22893 14:59:45.385740 read(4, "\n", 1)  = 1
22893 14:59:45.385752 close(5)          = 0
22893 14:59:45.385763 write(4, "\1", 1) = 1
22895 14:59:45.385774 <... read resumed> "\1", 1) = 1
22895 14:59:45.385781 close(4)          = 0
22895 14:59:45.385792 rt_sigaction(SIGALRM, {0x805cad0, ~[RTMIN RT_1], 0}, NULL, 8) = 0
22895 14:59:45.385806 alarm(300)        = 0
22895 14:59:45.385817 recv(0,  <unfinished ...>
22893 14:59:45.385824 read(4,  <unfinished ...>
22892 14:59:45.453859 <... recv resumed> "USER msfadmin\r\n", 4096, MSG_PEEK) = 15
22892 14:59:45.454009 read(0, "USER msfadmin\r\n", 15) = 15
22892 14:59:45.454136 write(0, "331 Any password will do.\r\n", 27) = 27
22892 14:59:45.454240 rt_sigaction(SIGALRM, {0x805cad0, ~[RTMIN RT_1], 0}, NULL, 8) = 0
22892 14:59:45.454276 alarm(300)        = 299
22892 14:59:45.454303 recv(0, "PASS msfadmin\r\n", 4096, MSG_PEEK) = 15
22892 14:59:45.454322 read(0, "PASS msfadmin\r\n", 15) = 15
22892 14:59:45.454338 write(0, "230 Already logged in.\r\n", 24) = 24
22892 14:59:45.454400 rt_sigaction(SIGALRM, {0x805cad0, ~[RTMIN RT_1], 0}, NULL, 8) = 0
22892 14:59:45.454416 alarm(300)        = 300
22892 14:59:45.454427 recv(0, "TYPE I\r\n", 4096, MSG_PEEK) = 8
22892 14:59:45.454438 read(0, "TYPE I\r\n", 8) = 8
22892 14:59:45.454453 write(0, "200 Switching to Binary mode.\r\n", 31) = 31
22892 14:59:45.454488 rt_sigaction(SIGALRM, {0x805cad0, ~[RTMIN RT_1], 0}, NULL, 8) = 0
22892 14:59:45.454502 alarm(300)        = 300
22892 14:59:45.454513 recv(0, "PASV\r\n", 4096, MSG_PEEK) = 6
22892 14:59:45.454524 read(0, "PASV\r\n", 6) = 6
22892 14:59:45.454536 write(5, "\n", 1 <unfinished ...>
22890 14:59:45.454547 <... read resumed> "\n", 1) = 1
22892 14:59:45.454552 <... write resumed> ) = 1
22890 14:59:45.454561 write(4, "\1", 1 <unfinished ...>
22892 14:59:45.454566 read(5,  <unfinished ...>
22890 14:59:45.454573 <... write resumed> ) = 1
22892 14:59:45.454577 <... read resumed> "\1", 1) = 1
22890 14:59:45.454585 read(4,  <unfinished ...>
22892 14:59:45.454590 write(5, "\f", 1 <unfinished ...>
22890 14:59:45.454597 <... read resumed> "\f", 1) = 1
