20845 14:38:52.238367 read(6, "#\n# /etc/pam.d/common-auth - authentication settings common to all services\n#\n# This file is included from other service-specific PAM config files,\n# and should contain a list of the authentication modules that define\n# the central authentication scheme for use on the system\n# (e.g., /etc/shadow, LDAP, Kerberos, etc.).  The default is to use the\n# traditional Unix authentication mechanisms.\n#\nauth\trequisite\tpam_unix.so nullok_secure\n# auth\toptional\tpam_smbpass.so migrate\n", 4096) = 476
20845 14:38:52.238414 read(6, "", 4096) = 0
20845 14:38:52.238424 close(6)          = 0
20845 14:38:52.238433 munmap(0xb7edc000, 4096) = 0
20845 14:38:52.238444 stat64("/etc/pam.d", {st_mode=S_IFDIR|0755, st_size=4096, ...}) = 0
20845 14:38:52.238462 open("/etc/pam.d/common-account", O_RDONLY|O_LARGEFILE) = 6
20845 14:38:52.238475 fstat64(6, {st_mode=S_IFREG|0644, st_size=392, ...}) = 0
20845 14:38:52.238492 mmap2(NULL, 4096, PROT_READ|PROT_WRITE, MAP_PRIVATE|MAP_ANONYMOUS, -1, 0) = 0xb7edc000
20845 14:38:52.238502 read(6, "#\n# /etc/pam.d/common-account - authorization settings common to all services\n#\n# This file is included from other service-specific PAM config files,\n# and should contain a list of the authorization modules that define\n# the central access policy for use on the system.  The default is to\n# only deny service to users whose accounts are expired in /etc/shadow.\n#\naccount\trequired\tpam_unix.so\n", 4096) = 392
20845 14:38:52.238541 read(6, "", 4096) = 0
20845 14:38:52.238551 close(6)          = 0
20845 14:38:52.238560 munmap(0xb7edc000, 4096) = 0
20845 14:38:52.238571 stat64("/etc/pam.d", {st_mode=S_IFDIR|0755, st_size=4096, ...}) = 0
20845 14:38:52.238589 open("/etc/pam.d/common-password", O_RDONLY|O_LARGEFILE) = 6
20845 14:38:52.238602 fstat64(6, {st_mode=S_IFREG|0644, st_size=1563, ...}) = 0
20845 14:38:52.238618 mmap2(NULL, 4096, PROT_READ|PROT_WRITE, MAP_PRIVATE|MAP_ANONYMOUS, -1, 0) = 0xb7edc000
20845 14:38:52.238628 read(6, "#\n# /etc/pam.d/common-password - password-related modules common to all services\n#\n# This file is included from other service-specific PAM config files,\n# and should contain a list of modules that define the services to be\n# used to change user passwords.  The default is pam_unix.\n\n# Explanation of pam_unix options:\n#\n# The \"nullok\" option allows users to change an empty password, else\n# empty passwords are treated as locked accounts.\n#\n# The \"md5\" option enables MD5 passwords.  Without this option, the\n# default is Unix crypt.\n#\n# The \"obscure\" option replaces the old `OBSCURE_CHECKS_ENAB\' option in\n# login.defs.\n#\n# You can also use the \"min\" option to enforce the length of the new\n# password.\n#\n# See the pam_unix manpage for other options.\n\npassword   requisite   pam_unix.so nullok obscure md5\n\n# Alternate strength checking for password. Note that this\n# requires the libpam-cracklib package to be installed.\n# You will need to comment out the password line above and\n# uncomment the next two in order to use this.\n# (Replaces the `OBSCURE_CHECKS_ENAB\', `CRACKLIB_DICTPATH\')\n#\n# password required\t  pam_cracklib.so retry=3 minlen=6 difok=3\n# password required\t  pam_unix.so use_authtok nullok md5\n\n# minimally-intrusive inclusion of smbpass in the stack for\n# synchronization.  If the module is absent or the passwords don\'t\n# match, this module will be ignored without prompting; and if the \n# passwords do match, the NTLM hash for the user will be updated\n# automatically.\n# password   optional   pam_smbpass.so nullok use_authtok use_first_pass\n", 4096) = 1563
20845 14:38:52.238788 read(6, "", 4096) = 0
20845 14:38:52.238799 close(6)          = 0
20845 14:38:52.238809 munmap(0xb7edc000, 4096) = 0
20845 14:38:52.238820 stat64("/etc/pam.d", {st_mode=S_IFDIR|0755, st_size=4096, ...}) = 0
20845 14:38:52.238839 open("/etc/pam.d/common-session", O_RDONLY|O_LARGEFILE) = 6
20845 14:38:52.238852 fstat64(6, {st_mode=S_IFREG|0644, st_size=372, ...}) = 0
20845 14:38:52.238868 mmap2(NULL, 4096, PROT_READ|PROT_WRITE, MAP_PRIVATE|MAP_ANONYMOUS, -1, 0) = 0xb7edc000
20845 14:38:52.238878 read(6, "#\n# /etc/pam.d/common-session - session-related modules common to all services\n#\n# This file is included from other service-specific PAM config files,\n# and should contain a list of modules that define tasks to be performed\n# at the start and end of sessions of *any* kind (both interactive and\n# non-interactive).  The default is pam_unix.\n#\nsession\trequired\tpam_unix.so\n", 4096) = 372
20845 14:38:52.238917 read(6, "", 4096) = 0
20845 14:38:52.238927 close(6)          = 0
20845 14:38:52.238936 munmap(0xb7edc000, 4096) = 0
20845 14:38:52.238946 read(5, "", 4096) = 0
20845 14:38:52.238955 close(5)          = 0
20845 14:38:52.238964 munmap(0xb7ee2000, 4096) = 0
20845 14:38:52.238977 time(NULL)        = 1495651132
20845 14:38:52.238989 lstat64("/etc/ftpusers", {st_mode=S_IFREG|0644, st_size=132, ...}) = 0
20845 14:38:52.239007 open("/etc/ftpusers", O_RDONLY|O_LARGEFILE) = 5
20845 14:38:52.239019 fstat64(5, {st_mode=S_IFREG|0644, st_size=132, ...}) = 0
20845 14:38:52.239035 mmap2(NULL, 4096, PROT_READ|PROT_WRITE, MAP_PRIVATE|MAP_ANONYMOUS, -1, 0) = 0xb7ee2000
20845 14:38:52.239045 read(5, "# /etc/ftpusers: list of users disallowed FTP access. See ftpusers(5).\n\nroot\ndaemon\nbin\nsys\nsync\ngames\nman\nlp\nmail\nnews\nuucp\nnobody\n", 4096) = 132
20845 14:38:52.239067 read(5, "", 4096) = 0
20845 14:38:52.239076 close(5)          = 0
20845 14:38:52.239085 munmap(0xb7ee2000, 4096) = 0
20845 14:38:52.239100 getuid32()        = 0
20845 14:38:52.239116 open("/etc/passwd", O_RDONLY|0x80000 /* O_??? */) = 5
20845 14:38:52.239131 _llseek(5, 0, [0], SEEK_CUR) = 0
20845 14:38:52.239142 fstat64(5, {st_mode=S_IFREG|0644, st_size=1624, ...}) = 0
20845 14:38:52.239158 mmap2(NULL, 1624, PROT_READ, MAP_SHARED, 5, 0) = 0xb7ee2000
20845 14:38:52.239169 _llseek(5, 1624, [1624], SEEK_SET) = 0
20845 14:38:52.239636 munmap(0xb7ee2000, 1624) = 0
20845 14:38:52.239713 close(5)          = 0
20845 14:38:52.239769 open("/etc/shadow", O_RDONLY|0x80000 /* O_??? */) = 5
20845 14:38:52.239808 _llseek(5, 0, [0], SEEK_CUR) = 0
20845 14:38:52.239831 fstat64(5, {st_mode=S_IFREG|0640, st_size=1233, ...}) = 0
20845 14:38:52.239854 mmap2(NULL, 1233, PROT_READ, MAP_SHARED, 5, 0) = 0xb7ee2000
20845 14:38:52.239865 _llseek(5, 1233, [1233], SEEK_SET) = 0
20845 14:38:52.239885 munmap(0xb7ee2000, 1233) = 0
20845 14:38:52.239894 close(5)          = 0
20845 14:38:52.239913 open("/etc/passwd", O_RDONLY|0x80000 /* O_??? */) = 5
20845 14:38:52.239927 _llseek(5, 0, [0], SEEK_CUR) = 0
20845 14:38:52.239937 fstat64(5, {st_mode=S_IFREG|0644, st_size=1624, ...}) = 0
20845 14:38:52.239953 mmap2(NULL, 1624, PROT_READ, MAP_SHARED, 5, 0) = 0xb7ee2000
20845 14:38:52.239963 _llseek(5, 1624, [1624], SEEK_SET) = 0
20845 14:38:52.239979 munmap(0xb7ee2000, 1624) = 0
20845 14:38:52.239989 close(5)          = 0
20845 14:38:52.240001 open("/etc/shadow", O_RDONLY|0x80000 /* O_??? */) = 5
20845 14:38:52.240014 _llseek(5, 0, [0], SEEK_CUR) = 0
20845 14:38:52.240024 fstat64(5, {st_mode=S_IFREG|0640, st_size=1233, ...}) = 0
20845 14:38:52.240040 mmap2(NULL, 1233, PROT_READ, MAP_SHARED, 5, 0) = 0xb7ee2000
20845 14:38:52.240050 _llseek(5, 1233, [1233], SEEK_SET) = 0
20845 14:38:52.240067 munmap(0xb7ee2000, 1233) = 0
20845 14:38:52.240076 close(5)          = 0
20845 14:38:52.240347 getuid32()        = 0
20845 14:38:52.240361 open("/etc/passwd", O_RDONLY|0x80000 /* O_??? */) = 5
20845 14:38:52.240375 _llseek(5, 0, [0], SEEK_CUR) = 0
20845 14:38:52.240385 fstat64(5, {st_mode=S_IFREG|0644, st_size=1624, ...}) = 0
20845 14:38:52.240401 mmap2(NULL, 1624, PROT_READ, MAP_SHARED, 5, 0) = 0xb7ee2000
20845 14:38:52.240412 _llseek(5, 1624, [1624], SEEK_SET) = 0
20845 14:38:52.240428 munmap(0xb7ee2000, 1624) = 0
20845 14:38:52.240437 close(5)          = 0
20845 14:38:52.240450 open("/etc/shadow", O_RDONLY|0x80000 /* O_??? */) = 5
20845 14:38:52.240463 _llseek(5, 0, [0], SEEK_CUR) = 0
20845 14:38:52.240473 fstat64(5, {st_mode=S_IFREG|0640, st_size=1233, ...}) = 0
20845 14:38:52.240489 mmap2(NULL, 1233, PROT_READ, MAP_SHARED, 5, 0) = 0xb7ee2000
20845 14:38:52.240499 _llseek(5, 1233, [1233], SEEK_SET) = 0
20845 14:38:52.240516 munmap(0xb7ee2000, 1233) = 0
20845 14:38:52.240525 close(5)          = 0
20845 14:38:52.240537 time(NULL)        = 1495651132
20845 14:38:52.240552 munmap(0xb7edf000, 12164) = 0
20845 14:38:52.240565 munmap(0xb7edd000, 7136) = 0
20845 14:38:52.240579 munmap(0xb7d12000, 95428) = 0
20845 14:38:52.240590 munmap(0xb7cd8000, 201052) = 0
20845 14:38:52.240601 munmap(0xb7cbf000, 101180) = 0
20845 14:38:52.240617 gettimeofday({1495651132, 240621}, NULL) = 0
20845 14:38:52.240629 stat64("/usr/share/zoneinfo/UTC+04:00", 0xbfe05774) = -1 ENOENT (No such file or directory)
20845 14:38:52.240643 open("/usr/share/zoneinfo/UTC+04:00", O_RDONLY) = -1 ENOENT (No such file or directory)
20845 14:38:52.240709 fcntl64(3, F_SETLKW64, {type=F_WRLCK, whence=SEEK_SET, start=0, len=0}, 0xbfe058c4) = 0
20845 14:38:52.240725 write(3, "Wed May 24 14:38:52 2017 [pid 20845] [msfadmin] OK LOGIN: Client \"127.0.0.1\"\n", 77) = 77
20845 14:38:52.240742 fcntl64(3, F_SETLK64, {type=F_UNLCK, whence=SEEK_SET, start=0, len=0}, 0xbfe058cc) = 0
20845 14:38:52.240755 rt_sigaction(SIGCHLD, {0x805cad0, ~[RTMIN RT_1], 0}, NULL, 8) = 0
20845 14:38:52.240769 write(4, "\1", 1 <unfinished ...>
20846 14:38:52.240779 <... read resumed> "\1", 1) = 1
20845 14:38:52.240784 <... write resumed> ) = 1
20846 14:38:52.240791 exit_group(0)     = ?
20845 14:38:52.240819 --- SIGCHLD (Child exited) @ 0 (0) ---
20845 14:38:52.240826 sigreturn()       = ? (mask now [])
20845 14:38:52.240845 wait4(-1, [{WIFEXITED(s) && WEXITSTATUS(s) == 0}], 0, NULL) = 20846
20845 14:38:52.240858 close(4)          = 0
20845 14:38:52.240869 socketpair(PF_FILE, SOCK_STREAM, 0, [4, 5]) = 0
20845 14:38:52.240883 rt_sigaction(SIGCHLD, {0x805cad0, ~[RTMIN RT_1], 0}, NULL, 8) = 0
20845 14:38:52.240897 rt_sigaction(SIGALRM, {0x805cb10, ~[RTMIN RT_1], 0}, NULL, 8) = 0
20845 14:38:52.240911 clone(child_stack=0, flags=CLONE_CHILD_CLEARTID|CLONE_CHILD_SETTID|SIGCHLD, child_tidptr=0xb7d486f8) = 20847
20847 14:38:52.240963 prctl(0x1, 0x9, 0, 0, 0) = 0
20847 14:38:52.240977 close(4)          = 0
20847 14:38:52.241003 open("/etc/passwd", O_RDONLY|0x80000 /* O_??? */) = 4
20847 14:38:52.241020 _llseek(4, 0, [0], SEEK_CUR) = 0
20847 14:38:52.241035 fstat64(4, {st_mode=S_IFREG|0644, st_size=1624, ...}) = 0
20847 14:38:52.241053 mmap2(NULL, 1624, PROT_READ, MAP_SHARED, 4, 0) = 0xb7ee2000
20847 14:38:52.241065 _llseek(4, 1624, [1624], SEEK_SET) = 0
20847 14:38:52.241087 munmap(0xb7ee2000, 1624) = 0
20847 14:38:52.241098 close(4)          = 0
20847 14:38:52.241111 getuid32()        = 0
20847 14:38:52.241121 open("/etc/passwd", O_RDONLY|0x80000 /* O_??? */) = 4
20847 14:38:52.241133 _llseek(4, 0, [0], SEEK_CUR) = 0
20847 14:38:52.241173 fstat64(4, {st_mode=S_IFREG|0644, st_size=1624, ...}) = 0
20847 14:38:52.241200 mmap2(NULL, 1624, PROT_READ, MAP_SHARED, 4, 0) = 0xb7ee2000
20847 14:38:52.241211 _llseek(4, 1624, [1624], SEEK_SET) = 0
20847 14:38:52.241227 munmap(0xb7ee2000, 1624) = 0
20847 14:38:52.241236 close(4)          = 0
20847 14:38:52.241262 open("/proc/sys/kernel/ngroups_max", O_RDONLY) = 4
20847 14:38:52.241282 read(4, "65536\n", 31) = 6
20847 14:38:52.241295 close(4)          = 0
20847 14:38:52.241308 socket(PF_FILE, SOCK_STREAM, 0) = 4
20847 14:38:52.241320 fcntl64(4, F_SETFL, O_RDWR|O_NONBLOCK) = 0
20847 14:38:52.241331 connect(4, {sa_family=AF_FILE, path="/var/run/nscd/socket"}, 110) = -1 ENOENT (No such file or directory)
20847 14:38:52.241351 close(4)          = 0
20847 14:38:52.241362 socket(PF_FILE, SOCK_STREAM, 0) = 4
20847 14:38:52.241372 fcntl64(4, F_SETFL, O_RDWR|O_NONBLOCK) = 0
20847 14:38:52.241383 connect(4, {sa_family=AF_FILE, path="/var/run/nscd/socket"}, 110) = -1 ENOENT (No such file or directory)
20847 14:38:52.241400 close(4)          = 0
20847 14:38:52.241424 open("/etc/group", O_RDONLY|0x80000 /* O_??? */) = 4
20847 14:38:52.241438 _llseek(4, 0, [0], SEEK_CUR) = 0
20847 14:38:52.241448 fstat64(4, {st_mode=S_IFREG|0644, st_size=886, ...}) = 0
20847 14:38:52.241465 mmap2(NULL, 886, PROT_READ, MAP_SHARED, 4, 0) = 0xb7ee2000
20847 14:38:52.241476 _llseek(4, 886, [886], SEEK_SET) = 0
20847 14:38:52.241500 fstat64(4, {st_mode=S_IFREG|0644, st_size=886, ...}) = 0
20847 14:38:52.241516 munmap(0xb7ee2000, 886) = 0
20847 14:38:52.241526 close(4)          = 0
20847 14:38:52.241536 setgroups32(13, [1000, 4, 20, 24, 25, 29, 30, 44, 46, 107, 111, 112, 119]) = 0
20847 14:38:52.241552 geteuid32()       = 0
20847 14:38:52.241563 getegid32()       = 0
20847 14:38:52.241573 setregid32(-1, 1000) = 0
20847 14:38:52.241583 setreuid32(-1, 1000) = 0
20847 14:38:52.241594 chdir("/home/msfadmin") = 0
20847 14:38:52.241605 setreuid32(-1, 0) = 0
20847 14:38:52.241614 setregid32(-1, 0) = 0
20847 14:38:52.241625 setgid32(1000)    = 0
20847 14:38:52.241642 setuid32(1000)    = 0
20847 14:38:52.241674 setrlimit(RLIMIT_NPROC, {rlim_cur=0, rlim_max=0}) = 0
20847 14:38:52.241698 mmap2(NULL, 12288, PROT_READ|PROT_WRITE, MAP_PRIVATE|MAP_ANONYMOUS, -1, 0) = 0xb7ee0000
20847 14:38:52.241709 mprotect(0xb7ee2000, 4096, PROT_NONE) = 0
20847 14:38:52.241721 mprotect(0xb7ee0000, 4096, PROT_NONE) = 0
20847 14:38:52.241732 getcwd("/home/msfadmin", 4096) = 15
20847 14:38:52.241745 umask(022)        = 077
20847 14:38:52.241755 getcwd("/home/msfadmin", 4096) = 15
20847 14:38:52.241768 open(".message", O_RDONLY|O_NONBLOCK|O_LARGEFILE) = -1 ENOENT (No such file or directory)
20847 14:38:52.241791 write(0, "230 Login successful.\r\n", 23) = 23
20847 14:38:52.241870 rt_sigaction(SIGALRM, {0x805cad0, ~[RTMIN RT_1], 0}, NULL, 8) = 0
20847 14:38:52.241887 alarm(300)        = 0
20847 14:38:52.241898 mmap2(NULL, 12288, PROT_READ|PROT_WRITE, MAP_PRIVATE|MAP_ANONYMOUS, -1, 0) = 0xb7edd000
20847 14:38:52.241909 mprotect(0xb7edf000, 4096, PROT_NONE) = 0
20847 14:38:52.241920 mprotect(0xb7edd000, 4096, PROT_NONE) = 0
20847 14:38:52.241932 recv(0, "TYPE I\r\n", 4096, MSG_PEEK) = 8
20847 14:38:52.241945 read(0, "TYPE I\r\n", 8) = 8
20847 14:38:52.241961 write(0, "200 Switching to Binary mode.\r\n", 31) = 31
20847 14:38:52.242001 rt_sigaction(SIGALRM, {0x805cad0, ~[RTMIN RT_1], 0}, NULL, 8) = 0
20847 14:38:52.242020 alarm(300)        = 300
20847 14:38:52.242031 recv(0, "PASV\r\n", 4096, MSG_PEEK) = 6
20847 14:38:52.242043 read(0, "PASV\r\n", 6) = 6
20847 14:38:52.242055 write(5, "\n", 1) = 1
20847 14:38:52.242065 read(5,  <unfinished ...>
20845 14:38:52.242078 close(5)          = 0
20845 14:38:52.242090 getuid32()        = 0
20845 14:38:52.242105 open("/etc/passwd", O_RDONLY|0x80000 /* O_??? */) = 5
20845 14:38:52.242119 _llseek(5, 0, [0], SEEK_CUR) = 0
20845 14:38:52.242160 fstat64(5, {st_mode=S_IFREG|0644, st_size=1624, ...}) = 0
20845 14:38:52.242181 mmap2(NULL, 1624, PROT_READ, MAP_SHARED, 5, 0) = 0xb7ee2000
20845 14:38:52.242203 _llseek(5, 1624, [1624], SEEK_SET) = 0
20845 14:38:52.242221 munmap(0xb7ee2000, 1624) = 0
20845 14:38:52.242233 close(5)          = 0
20845 14:38:52.242248 setgroups32(0, []) = 0
20845 14:38:52.242260 chdir("/usr/share/empty") = 0
20845 14:38:52.242272 chroot(".")       = 0
20845 14:38:52.242283 capset(NULL, NULL) = -1 EFAULT (Bad address)
20845 14:38:52.242296 prctl(0x8, 0, 0xbfe058a8, 0x80549a6, 0xbfe05890) = 0
20845 14:38:52.242307 prctl(0x8, 0x1, 0xbfe058a8, 0x8054a49, 0xbfe05890) = 0
20845 14:38:52.242317 setgid32(65534)   = 0
20845 14:38:52.242327 setuid32(65534)   = 0
20845 14:38:52.242336 capset(0x19980330, 0, {CAP_NET_BIND_SERVICE, CAP_NET_BIND_SERVICE, 0}) = 0
20845 14:38:52.242349 read(4, "\n", 1)  = 1
20845 14:38:52.242362 write(4, "\1", 1) = 1
20847 14:38:52.242374 <... read resumed> "\1", 1) = 1
20847 14:38:52.242381 write(5, "\f", 1) = 1
20847 14:38:52.242391 read(5,  <unfinished ...>
20845 14:38:52.242398 read(4, "\f", 1)  = 1
20845 14:38:52.242410 socket(PF_INET, SOCK_STREAM, IPPROTO_TCP) = 5
20845 14:38:52.242423 setsockopt(5, SOL_SOCKET, SO_REUSEADDR, [1], 4) = 0
20845 14:38:52.242434 gettimeofday({1495651132, 242438}, NULL) = 0
20845 14:38:52.242450 bind(5, {sa_family=AF_INET, sin_port=htons(11080), sin_addr=inet_addr("127.0.0.1")}, 16) = 0
20845 14:38:52.242466 listen(5, 1)      = 0
20845 14:38:52.242479 write(4, "H+\0\0", 4) = 4
20847 14:38:52.242490 <... read resumed> "H+\0\0", 4) = 4
20847 14:38:52.242504 write(0, "227 Entering Passive Mode (127,0,0,1,43,72).\r\n", 46) = 46
20847 14:38:52.242602 rt_sigaction(SIGALRM, {0x805cad0, ~[RTMIN RT_1], 0}, NULL, 8) = 0
20847 14:38:52.242619 alarm(300)        = 300
20847 14:38:52.242661 recv(0, "STOR myfile11\r\n", 4096, MSG_PEEK) = 15
20847 14:38:52.242675 read(0, "STOR myfile11\r\n", 15) = 15
20847 14:38:52.242700 write(5, "\v", 1) = 1
20847 14:38:52.242711 read(5,  <unfinished ...>
20845 14:38:52.242718 read(4, "\v", 1)  = 1
20845 14:38:52.242729 write(4, "\1\0\0\0", 4) = 4
20847 14:38:52.242739 <... read resumed> "\1\0\0\0", 4) = 4
20847 14:38:52.242748 gettimeofday({1495651132, 242751}, NULL) = 0
20847 14:38:52.242758 getcwd("/home/msfadmin", 4096) = 15
20847 14:38:52.242771 open("myfile11", O_WRONLY|O_CREAT|O_NONBLOCK|O_LARGEFILE, 0666) = 4
20847 14:38:52.242784 fstat64(4, {st_mode=S_IFREG|0644, st_size=17, ...}) = 0
20847 14:38:52.242801 fcntl64(4, F_GETFL) = 0x8801 (flags O_WRONLY|O_NONBLOCK|O_LARGEFILE)
20847 14:38:52.242811 fcntl64(4, F_SETFL, O_WRONLY|O_LARGEFILE) = 0
20847 14:38:52.242821 fcntl64(4, F_SETLKW64, {type=F_WRLCK, whence=SEEK_SET, start=0, len=0}, 0xbfe057f4) = 0
20847 14:38:52.242836 ftruncate64(4, 0) = 0
20847 14:38:52.242855 _llseek(4, 0, [0], SEEK_SET) = 0
20847 14:38:52.242866 write(5, "\v", 1) = 1
20847 14:38:52.242876 read(5,  <unfinished ...>
20845 14:38:52.242883 read(4, "\v", 1)  = 1
20845 14:38:52.242894 write(4, "\1\0\0\0", 4) = 4
20847 14:38:52.242904 <... read resumed> "\1\0\0\0", 4) = 4
20847 14:38:52.242912 write(5, "\v", 1) = 1
20847 14:38:52.242921 read(5,  <unfinished ...>
20845 14:38:52.242928 read(4, "\v", 1)  = 1
20845 14:38:52.242938 write(4, "\1\0\0\0", 4) = 4
20847 14:38:52.242949 <... read resumed> "\1\0\0\0", 4) = 4
20847 14:38:52.242956 write(5, "\r", 1) = 1
20847 14:38:52.242966 read(5,  <unfinished ...>
20845 14:38:52.242972 read(4, "\r", 1)  = 1
20845 14:38:52.242984 select(6, [5], NULL, NULL, {60, 0}) = 1 (in [5], left {60, 0})
20845 14:38:52.243005 accept(5, {sa_family=AF_INET, sin_port=htons(57160), sin_addr=inet_addr("127.0.0.1")}, [16]) = 6
20845 14:38:52.243027 write(4, "\1", 1) = 1
20847 14:38:52.243037 <... read resumed> "\1", 1) = 1
20847 14:38:52.243047 recvmsg(5,  <unfinished ...>
20845 14:38:52.243056 sendmsg(4, {msg_name(0)=NULL, msg_iov(1)=[{"\0", 1}], msg_controllen=16, {cmsg_len=16, cmsg_level=SOL_SOCKET, cmsg_type=SCM_RIGHTS, {6}}, msg_flags=0}, 0) = 1
20847 14:38:52.243073 <... recvmsg resumed> {msg_name(0)=NULL, msg_iov(1)=[{"\0", 1}], msg_controllen=16, {cmsg_len=16, cmsg_level=SOL_SOCKET, cmsg_type=SCM_RIGHTS, {6}}, msg_flags=0}, 0) = 1
20847 14:38:52.243086 setsockopt(6, SOL_SOCKET, SO_KEEPALIVE, [1], 4) = 0
20847 14:38:52.243098 setsockopt(6, SOL_IP, IP_TOS, [8], 4) = 0
20847 14:38:52.243109 setsockopt(6, SOL_SOCKET, SO_LINGER, {onoff=1, linger=32767}, 8) = 0
20847 14:38:52.243120 rt_sigaction(SIGALRM, {0x805cad0, ~[RTMIN RT_1], 0}, NULL, 8) = 0
20847 14:38:52.243120 alarm(300)        = 300
20847 14:38:52.243120 write(0, "150 Ok to send data.\r\n", 22) = 22
20847 14:38:52.243121 mmap2(NULL, 77824, PROT_READ|PROT_WRITE, MAP_PRIVATE|MAP_ANONYMOUS, -1, 0) = 0xb7d17000
20847 14:38:52.243121 mprotect(0xb7d29000, 4096, PROT_NONE) = 0
20847 14:38:52.243121 mprotect(0xb7d17000, 4096, PROT_NONE) = 0
20847 14:38:52.243121 read(6, "assasaaa\na\na\na\na\n", 65536) = 17
20847 14:38:52.243122 write(4, "assasaaa\na\na\na\na\n", 17) = 17
20847 14:38:52.243122 read(6, "", 65536) = 0
20847 14:38:52.243122 rt_sigaction(SIGALRM, {0x805cad0, ~[RTMIN RT_1], 0}, NULL, 8) = 0
20847 14:38:52.243122 alarm(300)        = 300
20847 14:38:52.243123 close(6)          = 0
20847 14:38:52.243123 alarm(0)          = 300
20847 14:38:52.243123 gettimeofday({1495651132, 243123}, NULL) = 0
20847 14:38:52.243123 getpid()          = 20847
20847 14:38:52.243124 gettimeofday({1495651132, 243124}, NULL) = 0
20847 14:38:52.243124 fcntl64(3, F_SETLKW64, {type=F_WRLCK, whence=SEEK_SET, start=0, len=0}, 0xbfe05794) = 0
20847 14:38:52.243124 write(3, "Wed May 24 14:38:52 2017 [pid 20847] [msfadmin] OK UPLOAD: Client \"127.0.0.1\", \"/home/msfadmin/myfile11\", 17 bytes, 44.51Kbyte/sec\n", 131) = 131
20847 14:38:52.243180 fcntl64(3, F_SETLK64, {type=F_UNLCK, whence=SEEK_SET, start=0, len=0}, 0xbfe0579c) = 0
20847 14:38:52.243205 write(0, "226 Transfer complete.\r\n", 24) = 24
20847 14:38:52.243248 write(5, "\n", 1) = 1
20847 14:38:52.243259 read(5,  <unfinished ...>
20845 14:38:52.243266 close(6)          = 0
20845 14:38:52.243285 read(4, "\n", 1)  = 1
20845 14:38:52.243296 close(5)          = 0
20845 14:38:52.243307 write(4, "\1", 1) = 1
20847 14:38:52.243318 <... read resumed> "\1", 1) = 1
20847 14:38:52.243325 close(4)          = 0
20847 14:38:52.243335 rt_sigaction(SIGALRM, {0x805cad0, ~[RTMIN RT_1], 0}, NULL, 8) = 0
20847 14:38:52.243349 alarm(300)        = 0
20847 14:38:52.243360 recv(0,  <unfinished ...>
20845 14:38:52.243367 read(4,  <unfinished ...>
20844 14:38:52.379897 <... recv resumed> "USER msfadmin\r\n", 4096, MSG_PEEK) = 15
20844 14:38:52.380114 read(0, "USER msfadmin\r\n", 15) = 15
20844 14:38:52.380302 write(0, "331 Any password will do.\r\n", 27) = 27
20844 14:38:52.380434 rt_sigaction(SIGALRM, {0x805cad0, ~[RTMIN RT_1], 0}, NULL, 8) = 0
20844 14:38:52.380476 alarm(300)        = 299
20844 14:38:52.380506 recv(0, "PASS msfadmin\r\n", 4096, MSG_PEEK) = 15
20844 14:38:52.380528 read(0, "PASS msfadmin\r\n", 15) = 15
20844 14:38:52.380547 write(0, "230 Already logged in.\r\n", 24) = 24
20844 14:38:52.380610 rt_sigaction(SIGALRM, {0x805cad0, ~[RTMIN RT_1], 0}, NULL, 8) = 0
20844 14:38:52.380626 alarm(300)        = 300
20844 14:38:52.380637 recv(0, "TYPE I\r\n", 4096, MSG_PEEK) = 8
20844 14:38:52.380648 read(0, "TYPE I\r\n", 8) = 8
20844 14:38:52.380663 write(0, "200 Switching to Binary mode.\r\n", 31) = 31
20844 14:38:52.380698 rt_sigaction(SIGALRM, {0x805cad0, ~[RTMIN RT_1], 0}, NULL, 8) = 0
20844 14:38:52.380712 alarm(300)        = 300
20844 14:38:52.380723 recv(0, "PASV\r\n", 4096, MSG_PEEK) = 6
20844 14:38:52.380734 read(0, "PASV\r\n", 6) = 6
20844 14:38:52.380745 write(5, "\n", 1 <unfinished ...>
20842 14:38:52.380764 <... read resumed> "\n", 1) = 1
20844 14:38:52.380770 <... write resumed> ) = 1
20842 14:38:52.380777 write(4, "\1", 1) = 1
20842 14:38:52.380788 read(4,  <unfinished ...>
20844 14:38:52.380796 read(5, "\1", 1)  = 1
20844 14:38:52.380807 write(5, "\f", 1 <unfinished ...>
20842 14:38:52.380814 <... read resumed> "\f", 1) = 1
20844 14:38:52.380818 <... write resumed> ) = 1
20842 14:38:52.380825 socket(PF_INET, SOCK_STREAM, IPPROTO_TCP) = 5
20842 14:38:52.380840 setsockopt(5, SOL_SOCKET, SO_REUSEADDR, [1], 4) = 0
20842 14:38:52.380855 bind(5, {sa_family=AF_INET, sin_port=htons(64710), sin_addr=inet_addr("127.0.0.1")}, 16) = 0
20842 14:38:52.380872 listen(5, 1)      = 0
20842 14:38:52.380886 write(4, "\306\374\0\0", 4) = 4
20842 14:38:52.380897 read(4,  <unfinished ...>
20844 14:38:52.380903 read(5, "\306\374\0\0", 4) = 4
20844 14:38:52.380919 write(0, "227 Entering Passive Mode (127,0,0,1,252,198).\r\n", 48) = 48
20844 14:38:52.381031 rt_sigaction(SIGALRM, {0x805cad0, ~[RTMIN RT_1], 0}, NULL, 8) = 0
20844 14:38:52.381047 alarm(300)        = 300
20844 14:38:52.381058 recv(0, "RETR myfile33\r\n", 4096, MSG_PEEK) = 15
20844 14:38:52.381070 read(0, "RETR myfile33\r\n", 15) = 15
20844 14:38:52.381083 write(5, "\v", 1 <unfinished ...>
20842 14:38:52.381091 <... read resumed> "\v", 1) = 1
20844 14:38:52.381095 <... write resumed> ) = 1
20842 14:38:52.381102 write(4, "\1\0\0\0", 4) = 4
20842 14:38:52.381113 read(4,  <unfinished ...>
20844 14:38:52.381138 read(5, "\1\0\0\0", 4) = 4
20844 14:38:52.381154 gettimeofday({1495651132, 381158}, NULL) = 0
20844 14:38:52.381166 getcwd("/home/msfadmin", 4096) = 15
20844 14:38:52.381188 open("myfile33", O_RDONLY|O_NONBLOCK|O_LARGEFILE) = 4
20844 14:38:52.381202 fcntl64(4, F_SETLKW64, {type=F_RDLCK, whence=SEEK_SET, start=0, len=0}, 0xbfb20d34) = 0
20844 14:38:52.381217 fstat64(4, {st_mode=S_IFREG|0644, st_size=17, ...}) = 0
20844 14:38:52.381234 fcntl64(4, F_GETFL) = 0x8800 (flags O_RDONLY|O_NONBLOCK|O_LARGEFILE)
20844 14:38:52.381245 fcntl64(4, F_SETFL, O_RDONLY|O_LARGEFILE) = 0
20844 14:38:52.381256 write(5, "\v", 1 <unfinished ...>
20842 14:38:52.381264 <... read resumed> "\v", 1) = 1
20844 14:38:52.381269 <... write resumed> ) = 1
20842 14:38:52.381275 write(4, "\1\0\0\0", 4) = 4
20842 14:38:52.381286 read(4,  <unfinished ...>
20844 14:38:52.381292 read(5, "\1\0\0\0", 4) = 4
20844 14:38:52.381303 write(5, "\v", 1 <unfinished ...>
20842 14:38:52.381310 <... read resumed> "\v", 1) = 1
20844 14:38:52.381314 <... write resumed> ) = 1
20842 14:38:52.381320 write(4, "\1\0\0\0", 4) = 4
20842 14:38:52.381331 read(4,  <unfinished ...>
20844 14:38:52.381337 read(5, "\1\0\0\0", 4) = 4
20844 14:38:52.381348 write(5, "\r", 1 <unfinished ...>
20842 14:38:52.381355 <... read resumed> "\r", 1) = 1
20844 14:38:52.381359 <... write resumed> ) = 1
20842 14:38:52.381366 select(6, [5], NULL, NULL, {60, 0}) = 1 (in [5], left {60, 0})
20842 14:38:52.381382 accept(5, {sa_family=AF_INET, sin_port=htons(50040), sin_addr=inet_addr("127.0.0.1")}, [16]) = 6
20842 14:38:52.381403 write(4, "\1", 1) = 1
20842 14:38:52.381415 sendmsg(4, {msg_name(0)=NULL, msg_iov(1)=[{"\0", 1}], msg_controllen=16, {cmsg_len=16, cmsg_level=SOL_SOCKET, cmsg_type=SCM_RIGHTS, {6}}, msg_flags=0}, 0) = 1
20842 14:38:52.381432 close(6)          = 0
20842 14:38:52.381441 read(4,  <unfinished ...>
20844 14:38:52.381448 read(5, "\1", 1)  = 1
20844 14:38:52.381461 recvmsg(5, {msg_name(0)=NULL, msg_iov(1)=[{"\0", 1}], msg_controllen=16, {cmsg_len=16, cmsg_level=SOL_SOCKET, cmsg_type=SCM_RIGHTS, {6}}, msg_flags=0}, 0) = 1
20844 14:38:52.381478 setsockopt(6, SOL_SOCKET, SO_KEEPALIVE, [1], 4) = 0
20844 14:38:52.381490 setsockopt(6, SOL_IP, IP_TOS, [8], 4) = 0
20844 14:38:52.381502 setsockopt(6, SOL_SOCKET, SO_LINGER, {onoff=1, linger=32767}, 8) = 0
20844 14:38:52.381513 rt_sigaction(SIGALRM, {0x805cad0, ~[RTMIN RT_1], 0}, NULL, 8) = 0
20844 14:38:52.381527 alarm(300)        = 300
20844 14:38:52.381540 write(0, "150 Opening BINARY mode data connection for myfile33 (17 bytes).\r\n", 66) = 66
20844 14:38:52.381586 _llseek(4, 0, [0], SEEK_CUR) = 0
20844 14:38:52.381598 fstat64(4, {st_mode=S_IFREG|0644, st_size=17, ...}) = 0
20844 14:38:52.381615 _llseek(4, 0, [0], SEEK_SET) = 0
20844 14:38:52.381626 sendfile(6, 4, NULL, 17) = 17
20844 14:38:52.381656 rt_sigaction(SIGALRM, {0x805cad0, ~[RTMIN RT_1], 0}, NULL, 8) = 0
20844 14:38:52.381670 alarm(300)        = 300
20844 14:38:52.381680 close(6)          = 0
20844 14:38:52.381716 alarm(0)          = 300
20844 14:38:52.381726 gettimeofday({1495651132, 381730}, NULL) = 0
20844 14:38:52.381742 gettimeofday({1495651132, 381746}, NULL) = 0
20844 14:38:52.381757 fcntl64(3, F_SETLKW64, {type=F_WRLCK, whence=SEEK_SET, start=0, len=0}, 0xbfb20cd4) = 0
20844 14:38:52.381771 write(3, "Wed May 24 14:38:52 2017 [pid 20844] [msfadmin] OK DOWNLOAD: Client \"127.0.0.1\", \"/home/msfadmin/myfile33\", 17 bytes, 28.23Kbyte/sec\n", 133) = 133
20844 14:38:52.381792 fcntl64(3, F_SETLK64, {type=F_UNLCK, whence=SEEK_SET, start=0, len=0}, 0xbfb20cdc) = 0
20844 14:38:52.381806 write(0, "226 Transfer complete.\r\n", 24) = 24
20844 14:38:52.381870 write(5, "\n", 1 <unfinished ...>
20842 14:38:52.381879 <... read resumed> "\n", 1) = 1
20844 14:38:52.381884 <... write resumed> ) = 1
20842 14:38:52.381890 close(5)          = 0
20842 14:38:52.381902 write(4, "\1", 1) = 1
20842 14:38:52.381913 read(4,  <unfinished ...>
20844 14:38:52.381919 read(5, "\1", 1)  = 1
20844 14:38:52.381930 close(4)          = 0
20844 14:38:52.381941 rt_sigaction(SIGALRM, {0x805cad0, ~[RTMIN RT_1], 0}, NULL, 8) = 0
20844 14:38:52.381954 alarm(300)        = 0
20844 14:38:52.381964 recv(0,  <unfinished ...>
20847 14:38:52.790553 <... recv resumed> "TYPE I\r\n", 4096, MSG_PEEK) = 8
20847 14:38:52.790646 read(0, "TYPE I\r\n", 8) = 8
20847 14:38:52.790702 write(0, "200 Switching to Binary mode.\r\n", 31) = 31
20847 14:38:52.790768 rt_sigaction(SIGALRM, {0x805cad0, ~[RTMIN RT_1], 0}, NULL, 8) = 0
20847 14:38:52.790786 alarm(300)        = 299
20847 14:38:52.790799 recv(0, "PASV\r\n", 4096, MSG_PEEK) = 6
20847 14:38:52.790810 read(0, "PASV\r\n", 6) = 6
20847 14:38:52.790822 write(5, "\n", 1) = 1
20847 14:38:52.790834 read(5,  <unfinished ...>
20845 14:38:52.790843 <... read resumed> "\n", 1) = 1
20845 14:38:52.790852 write(4, "\1", 1) = 1
20847 14:38:52.790863 <... read resumed> "\1", 1) = 1
20847 14:38:52.790870 write(5, "\f", 1) = 1
20847 14:38:52.790880 read(5,  <unfinished ...>
20845 14:38:52.790886 read(4, "\f", 1)  = 1
20845 14:38:52.790898 socket(PF_INET, SOCK_STREAM, IPPROTO_TCP) = 5
20845 14:38:52.790913 setsockopt(5, SOL_SOCKET, SO_REUSEADDR, [1], 4) = 0
20845 14:38:52.790928 bind(5, {sa_family=AF_INET, sin_port=htons(41431), sin_addr=inet_addr("127.0.0.1")}, 16) = 0
20845 14:38:52.790945 listen(5, 1)      = 0
20845 14:38:52.790958 write(4, "\327\241\0\0", 4) = 4
20847 14:38:52.790970 <... read resumed> "\327\241\0\0", 4) = 4
20847 14:38:52.790982 write(0, "227 Entering Passive Mode (127,0,0,1,161,215).\r\n", 48) = 48
20847 14:38:52.791094 rt_sigaction(SIGALRM, {0x805cad0, ~[RTMIN RT_1], 0}, NULL, 8) = 0
20847 14:38:52.791110 alarm(300)        = 300
20847 14:38:52.791122 recv(0, "STOR myfile12\r\n", 4096, MSG_PEEK) = 15
20847 14:38:52.791134 read(0, "STOR myfile12\r\n", 15) = 15
20847 14:38:52.791147 write(5, "\v", 1) = 1
20847 14:38:52.791157 read(5,  <unfinished ...>
20845 14:38:52.791164 read(4, "\v", 1)  = 1
20845 14:38:52.791176 write(4, "\1\0\0\0", 4) = 4
20847 14:38:52.791186 <... read resumed> "\1\0\0\0", 4) = 4
20847 14:38:52.791194 gettimeofday({1495651132, 791198}, NULL) = 0
20847 14:38:52.791205 getcwd("/home/msfadmin", 4096) = 15
20847 14:38:52.791218 open("myfile12", O_WRONLY|O_CREAT|O_NONBLOCK|O_LARGEFILE, 0666) = 4
20847 14:38:52.791231 fstat64(4, {st_mode=S_IFREG|0644, st_size=17, ...}) = 0
20847 14:38:52.791249 fcntl64(4, F_GETFL) = 0x8801 (flags O_WRONLY|O_NONBLOCK|O_LARGEFILE)
20847 14:38:52.791260 fcntl64(4, F_SETFL, O_WRONLY|O_LARGEFILE) = 0
20847 14:38:52.791270 fcntl64(4, F_SETLKW64, {type=F_WRLCK, whence=SEEK_SET, start=0, len=0}, 0xbfe057f4) = 0
20847 14:38:52.791284 ftruncate64(4, 0) = 0
20847 14:38:52.791309 _llseek(4, 0, [0], SEEK_SET) = 0
20847 14:38:52.791321 write(5, "\v", 1) = 1
20847 14:38:52.791331 read(5,  <unfinished ...>
20845 14:38:52.791338 read(4, "\v", 1)  = 1
20845 14:38:52.791349 write(4, "\1\0\0\0", 4) = 4
20847 14:38:52.791360 <... read resumed> "\1\0\0\0", 4) = 4
20847 14:38:52.791367 write(5, "\v", 1) = 1
20847 14:38:52.791377 read(5,  <unfinished ...>
20845 14:38:52.791383 read(4, "\v", 1)  = 1
20845 14:38:52.791394 write(4, "\1\0\0\0", 4) = 4
20847 14:38:52.791404 <... read resumed> "\1\0\0\0", 4) = 4
20847 14:38:52.791411 write(5, "\r", 1) = 1
20847 14:38:52.791421 read(5,  <unfinished ...>
20845 14:38:52.791427 read(4, "\r", 1)  = 1
20845 14:38:52.791462 select(6, [5], NULL, NULL, {60, 0}) = 1 (in [5], left {60, 0})
20845 14:38:52.791482 accept(5, {sa_family=AF_INET, sin_port=htons(57830), sin_addr=inet_addr("127.0.0.1")}, [16]) = 6
20845 14:38:52.791514 write(4, "\1", 1) = 1
20847 14:38:52.791525 <... read resumed> "\1", 1) = 1
20847 14:38:52.791534 recvmsg(5,  <unfinished ...>
20845 14:38:52.791542 sendmsg(4, {msg_name(0)=NULL, msg_iov(1)=[{"\0", 1}], msg_controllen=16, {cmsg_len=16, cmsg_level=SOL_SOCKET, cmsg_type=SCM_RIGHTS, {6}}, msg_flags=0}, 0) = 1
20847 14:38:52.791559 <... recvmsg resumed> {msg_name(0)=NULL, msg_iov(1)=[{"\0", 1}], msg_controllen=16, {cmsg_len=16, cmsg_level=SOL_SOCKET, cmsg_type=SCM_RIGHTS, {6}}, msg_flags=0}, 0) = 1
20847 14:38:52.791572 setsockopt(6, SOL_SOCKET, SO_KEEPALIVE, [1], 4) = 0
20847 14:38:52.791585 setsockopt(6, SOL_IP, IP_TOS, [8], 4) = 0
20847 14:38:52.791596 setsockopt(6, SOL_SOCKET, SO_LINGER, {onoff=1, linger=32767}, 8) = 0
20847 14:38:52.791607 rt_sigaction(SIGALRM, {0x805cad0, ~[RTMIN RT_1], 0}, NULL, 8) = 0
20847 14:38:52.791620 alarm(300)        = 300
20847 14:38:52.791633 write(0, "150 Ok to send data.\r\n", 22) = 22
20847 14:38:52.791699 read(6, "assasaaa\na\na\na\na\n", 65536) = 17
20847 14:38:52.791713 write(4, "assasaaa\na\na\na\na\n", 17) = 17
20847 14:38:52.791729 read(6, "", 65536) = 0
20847 14:38:52.791739 rt_sigaction(SIGALRM, {0x805cad0, ~[RTMIN RT_1], 0}, NULL, 8) = 0
20847 14:38:52.791753 alarm(300)        = 300
20847 14:38:52.791763 close(6)          = 0
20847 14:38:52.791772 alarm(0)          = 300
20847 14:38:52.791781 gettimeofday({1495651132, 791785}, NULL) = 0
20847 14:38:52.791797 gettimeofday({1495651132, 791800}, NULL) = 0
20847 14:38:52.791810 fcntl64(3, F_SETLKW64, {type=F_WRLCK, whence=SEEK_SET, start=0, len=0}, 0xbfe05794) = 0
20847 14:38:52.791824 write(3, "Wed May 24 14:38:52 2017 [pid 20847] [msfadmin] OK UPLOAD: Client \"127.0.0.1\", \"/home/msfadmin/myfile12\", 17 bytes, 27.58Kbyte/sec\n", 131) = 131
20847 14:38:52.791845 fcntl64(3, F_SETLK64, {type=F_UNLCK, whence=SEEK_SET, start=0, len=0}, 0xbfe0579c) = 0
20847 14:38:52.791859 write(0, "226 Transfer complete.\r\n", 24) = 24
20847 14:38:52.791902 write(5, "\n", 1) = 1
20847 14:38:52.791914 read(5,  <unfinished ...>
20845 14:38:52.791921 close(6)          = 0
20845 14:38:52.791939 read(4, "\n", 1)  = 1
20845 14:38:52.791950 close(5)          = 0
20845 14:38:52.791961 write(4, "\1", 1) = 1
20847 14:38:52.791971 <... read resumed> "\1", 1) = 1
20847 14:38:52.791978 close(4)          = 0
20847 14:38:52.791989 rt_sigaction(SIGALRM, {0x805cad0, ~[RTMIN RT_1], 0}, NULL, 8) = 0
20847 14:38:52.792002 alarm(300)        = 0
20847 14:38:52.792013 recv(0,  <unfinished ...>
20845 14:38:52.792020 read(4,  <unfinished ...>
20844 14:38:52.889101 <... recv resumed> "USER msfadmin\r\n", 4096, MSG_PEEK) = 15
20844 14:38:52.889143 read(0, "USER msfadmin\r\n", 15) = 15
20844 14:38:52.889169 write(0, "331 Any password will do.\r\n", 27) = 27
20844 14:38:52.889214 rt_sigaction(SIGALRM, {0x805cad0, ~[RTMIN RT_1], 0}, NULL, 8) = 0
20844 14:38:52.889232 alarm(300)        = 299
20844 14:38:52.889245 recv(0, "PASS msfadmin\r\n", 4096, MSG_PEEK) = 15
20844 14:38:52.889257 read(0, "PASS msfadmin\r\n", 15) = 15
20844 14:38:52.889273 write(0, "230 Already logged in.\r\n", 24) = 24
20844 14:38:52.889334 rt_sigaction(SIGALRM, {0x805cad0, ~[RTMIN RT_1], 0}, NULL, 8) = 0
20844 14:38:52.889350 alarm(300)        = 300
20844 14:38:52.889368 recv(0, "TYPE I\r\n", 4096, MSG_PEEK) = 8
20844 14:38:52.889379 read(0, "TYPE I\r\n", 8) = 8
20844 14:38:52.889394 write(0, "200 Switching to Binary mode.\r\n", 31) = 31
20844 14:38:52.889429 rt_sigaction(SIGALRM, {0x805cad0, ~[RTMIN RT_1], 0}, NULL, 8) = 0
20844 14:38:52.889443 alarm(300)        = 300
20844 14:38:52.889454 recv(0, "PASV\r\n", 4096, MSG_PEEK) = 6
20844 14:38:52.889465 read(0, "PASV\r\n", 6) = 6
20844 14:38:52.889476 write(5, "\n", 1 <unfinished ...>
20842 14:38:52.889488 <... read resumed> "\n", 1) = 1
20844 14:38:52.889493 <... write resumed> ) = 1
20842 14:38:52.889500 write(4, "\1", 1) = 1
20842 14:38:52.889511 read(4,  <unfinished ...>
20844 14:38:52.889518 read(5, "\1", 1)  = 1
20844 14:38:52.889530 write(5, "\f", 1 <unfinished ...>
20842 14:38:52.889537 <... read resumed> "\f", 1) = 1
20844 14:38:52.889541 <... write resumed> ) = 1
20842 14:38:52.889548 socket(PF_INET, SOCK_STREAM, IPPROTO_TCP) = 5
20842 14:38:52.889564 setsockopt(5, SOL_SOCKET, SO_REUSEADDR, [1], 4) = 0
20842 14:38:52.889578 bind(5, {sa_family=AF_INET, sin_port=htons(24935), sin_addr=inet_addr("127.0.0.1")}, 16) = 0
20842 14:38:52.889594 listen(5, 1)      = 0
20842 14:38:52.889608 write(4, "ga\0\0", 4) = 4
20842 14:38:52.889619 read(4,  <unfinished ...>
20844 14:38:52.889626 read(5, "ga\0\0", 4) = 4
20844 14:38:52.889641 write(0, "227 Entering Passive Mode (127,0,0,1,97,103).\r\n", 47) = 47
20844 14:38:52.889752 rt_sigaction(SIGALRM, {0x805cad0, ~[RTMIN RT_1], 0}, NULL, 8) = 0
20844 14:38:52.889768 alarm(300)        = 300
20844 14:38:52.889779 recv(0, "RETR myfile34\r\n", 4096, MSG_PEEK) = 15
20844 14:38:52.889791 read(0, "RETR myfile34\r\n", 15) = 15
20844 14:38:52.889804 write(5, "\v", 1 <unfinished ...>
20842 14:38:52.889812 <... read resumed> "\v", 1) = 1
20844 14:38:52.889817 <... write resumed> ) = 1
20842 14:38:52.889823 write(4, "\1\0\0\0", 4) = 4
20842 14:38:52.889833 read(4,  <unfinished ...>
20844 14:38:52.889840 read(5, "\1\0\0\0", 4) = 4
20844 14:38:52.889851 gettimeofday({1495651132, 889855}, NULL) = 0
20844 14:38:52.889863 getcwd("/home/msfadmin", 4096) = 15
20844 14:38:52.889875 open("myfile34", O_RDONLY|O_NONBLOCK|O_LARGEFILE) = 4
20844 14:38:52.889889 fcntl64(4, F_SETLKW64, {type=F_RDLCK, whence=SEEK_SET, start=0, len=0}, 0xbfb20d34) = 0
20844 14:38:52.889933 fstat64(4, {st_mode=S_IFREG|0644, st_size=17, ...}) = 0
20844 14:38:52.889960 fcntl64(4, F_GETFL) = 0x8800 (flags O_RDONLY|O_NONBLOCK|O_LARGEFILE)
20844 14:38:52.889984 fcntl64(4, F_SETFL, O_RDONLY|O_LARGEFILE) = 0
20844 14:38:52.889995 write(5, "\v", 1 <unfinished ...>
20842 14:38:52.890004 <... read resumed> "\v", 1) = 1
20844 14:38:52.890009 <... write resumed> ) = 1
20842 14:38:52.890015 write(4, "\1\0\0\0", 4) = 4
20842 14:38:52.890026 read(4,  <unfinished ...>
20844 14:38:52.890032 read(5, "\1\0\0\0", 4) = 4
20844 14:38:52.890054 write(5, "\v", 1 <unfinished ...>
20842 14:38:52.890061 <... read resumed> "\v", 1) = 1
20844 14:38:52.890065 <... write resumed> ) = 1
20842 14:38:52.890071 write(4, "\1\0\0\0", 4) = 4
20842 14:38:52.890082 read(4,  <unfinished ...>
20844 14:38:52.890089 read(5, "\1\0\0\0", 4) = 4
20844 14:38:52.890100 write(5, "\r", 1 <unfinished ...>
20842 14:38:52.890107 <... read resumed> "\r", 1) = 1
20844 14:38:52.890111 <... write resumed> ) = 1
20842 14:38:52.890119 select(6, [5], NULL, NULL, {60, 0}) = 1 (in [5], left {60, 0})
20842 14:38:52.890144 accept(5, {sa_family=AF_INET, sin_port=htons(58235), sin_addr=inet_addr("127.0.0.1")}, [16]) = 6
20842 14:38:52.890166 write(4, "\1", 1) = 1
20842 14:38:52.890178 sendmsg(4, {msg_name(0)=NULL, msg_iov(1)=[{"\0", 1}], msg_controllen=16, {cmsg_len=16, cmsg_level=SOL_SOCKET, cmsg_type=SCM_RIGHTS, {6}}, msg_flags=0}, 0) = 1
20842 14:38:52.890195 close(6)          = 0
20842 14:38:52.890205 read(4,  <unfinished ...>
20844 14:38:52.890211 read(5, "\1", 1)  = 1
20844 14:38:52.890224 recvmsg(5, {msg_name(0)=NULL, msg_iov(1)=[{"\0", 1}], msg_controllen=16, {cmsg_len=16, cmsg_level=SOL_SOCKET, cmsg_type=SCM_RIGHTS, {6}}, msg_flags=0}, 0) = 1
20844 14:38:52.890242 setsockopt(6, SOL_SOCKET, SO_KEEPALIVE, [1], 4) = 0
20844 14:38:52.890259 setsockopt(6, SOL_IP, IP_TOS, [8], 4) = 0
20844 14:38:52.890271 setsockopt(6, SOL_SOCKET, SO_LINGER, {onoff=1, linger=32767}, 8) = 0
20844 14:38:52.890282 rt_sigaction(SIGALRM, {0x805cad0, ~[RTMIN RT_1], 0}, NULL, 8) = 0
20844 14:38:52.890296 alarm(300)        = 300
20844 14:38:52.890309 write(0, "150 Opening BINARY mode data connection for myfile34 (17 bytes).\r\n", 66) = 66
20844 14:38:52.890352 _llseek(4, 0, [0], SEEK_CUR) = 0
20844 14:38:52.890365 fstat64(4, {st_mode=S_IFREG|0644, st_size=17, ...}) = 0
20844 14:38:52.890382 _llseek(4, 0, [0], SEEK_SET) = 0
20844 14:38:52.890392 sendfile(6, 4, NULL, 17) = 17
20844 14:38:52.890423 rt_sigaction(SIGALRM, {0x805cad0, ~[RTMIN RT_1], 0}, NULL, 8) = 0
20844 14:38:52.890437 alarm(300)        = 300
20844 14:38:52.890447 close(6)          = 0
20844 14:38:52.890483 alarm(0)          = 300
20844 14:38:52.890494 gettimeofday({1495651132, 890498}, NULL) = 0
20844 14:38:52.890509 gettimeofday({1495651132, 890513}, NULL) = 0
20844 14:38:52.890524 fcntl64(3, F_SETLKW64, {type=F_WRLCK, whence=SEEK_SET, start=0, len=0}, 0xbfb20cd4) = 0
20844 14:38:52.890538 write(3, "Wed May 24 14:38:52 2017 [pid 20844] [msfadmin] OK DOWNLOAD: Client \"127.0.0.1\", \"/home/msfadmin/myfile34\", 17 bytes, 25.23Kbyte/sec\n", 133) = 133
20844 14:38:52.890559 fcntl64(3, F_SETLK64, {type=F_UNLCK, whence=SEEK_SET, start=0, len=0}, 0xbfb20cdc) = 0
20844 14:38:52.890573 write(0, "226 Transfer complete.\r\n", 24) = 24
20844 14:38:52.890637 write(5, "\n", 1 <unfinished ...>
20842 14:38:52.890647 <... read resumed> "\n", 1) = 1
20844 14:38:52.890652 <... write resumed> ) = 1
20842 14:38:52.890658 close(5)          = 0
20842 14:38:52.890670 write(4, "\1", 1) = 1
20842 14:38:52.890681 read(4,  <unfinished ...>
20844 14:38:52.890688 read(5, "\1", 1)  = 1
20844 14:38:52.890699 close(4)          = 0
20844 14:38:52.890709 rt_sigaction(SIGALRM, {0x805cad0, ~[RTMIN RT_1], 0}, NULL, 8) = 0
20844 14:38:52.890723 alarm(300)        = 0
20844 14:38:52.890734 recv(0,  <unfinished ...>
20847 14:38:53.329182 <... recv resumed> "TYPE I\r\n", 4096, MSG_PEEK) = 8
20847 14:38:53.329212 read(0, "TYPE I\r\n", 8) = 8
20847 14:38:53.329234 write(0, "200 Switching to Binary mode.\r\n", 31) = 31
20847 14:38:53.329281 rt_sigaction(SIGALRM, {0x805cad0, ~[RTMIN RT_1], 0}, NULL, 8) = 0
20847 14:38:53.329299 alarm(300)        = 299
20847 14:38:53.329312 recv(0, "PASV\r\n", 4096, MSG_PEEK) = 6
20847 14:38:53.329323 read(0, "PASV\r\n", 6) = 6
20847 14:38:53.329335 write(5, "\n", 1) = 1
20847 14:38:53.329348 read(5,  <unfinished ...>
20845 14:38:53.329357 <... read resumed> "\n", 1) = 1
20845 14:38:53.329366 write(4, "\1", 1) = 1
20847 14:38:53.329376 <... read resumed> "\1", 1) = 1
20847 14:38:53.329384 write(5, "\f", 1) = 1
20847 14:38:53.329393 read(5,  <unfinished ...>
20845 14:38:53.329400 read(4, "\f", 1)  = 1
20845 14:38:53.329412 socket(PF_INET, SOCK_STREAM, IPPROTO_TCP) = 5
20845 14:38:53.329427 setsockopt(5, SOL_SOCKET, SO_REUSEADDR, [1], 4) = 0
20845 14:38:53.329442 bind(5, {sa_family=AF_INET, sin_port=htons(63251), sin_addr=inet_addr("127.0.0.1")}, 16) = 0
20845 14:38:53.329458 listen(5, 1)      = 0
20845 14:38:53.329472 write(4, "\23\367\0\0", 4) = 4
20847 14:38:53.329483 <... read resumed> "\23\367\0\0", 4) = 4
20847 14:38:53.329495 write(0, "227 Entering Passive Mode (127,0,0,1,247,19).\r\n", 47) = 47
20847 14:38:53.329606 rt_sigaction(SIGALRM, {0x805cad0, ~[RTMIN RT_1], 0}, NULL, 8) = 0
20847 14:38:53.329623 alarm(300)        = 300
20847 14:38:53.329634 recv(0, "STOR myfile13\r\n", 4096, MSG_PEEK) = 15
20847 14:38:53.329646 read(0, "STOR myfile13\r\n", 15) = 15
20847 14:38:53.329660 write(5, "\v", 1) = 1
20847 14:38:53.329670 read(5,  <unfinished ...>
20845 14:38:53.329677 read(4, "\v", 1)  = 1
20845 14:38:53.329688 write(4, "\1\0\0\0", 4) = 4
20847 14:38:53.329699 <... read resumed> "\1\0\0\0", 4) = 4
20847 14:38:53.329707 gettimeofday({1495651133, 329710}, NULL) = 0
20847 14:38:53.329718 getcwd("/home/msfadmin", 4096) = 15
20847 14:38:53.329730 open("myfile13", O_WRONLY|O_CREAT|O_NONBLOCK|O_LARGEFILE, 0666) = 4
20847 14:38:53.329752 fstat64(4, {st_mode=S_IFREG|0644, st_size=17, ...}) = 0
20847 14:38:53.329770 fcntl64(4, F_GETFL) = 0x8801 (flags O_WRONLY|O_NONBLOCK|O_LARGEFILE)
20847 14:38:53.329781 fcntl64(4, F_SETFL, O_WRONLY|O_LARGEFILE) = 0
20847 14:38:53.329791 fcntl64(4, F_SETLKW64, {type=F_WRLCK, whence=SEEK_SET, start=0, len=0}, 0xbfe057f4) = 0
20847 14:38:53.329805 ftruncate64(4, 0) = 0
20847 14:38:53.329823 _llseek(4, 0, [0], SEEK_SET) = 0
20847 14:38:53.329834 write(5, "\v", 1) = 1
20847 14:38:53.329844 read(5,  <unfinished ...>
20845 14:38:53.329851 read(4, "\v", 1)  = 1
20845 14:38:53.329885 write(4, "\1\0\0\0", 4) = 4
20847 14:38:53.329906 <... read resumed> "\1\0\0\0", 4) = 4
20847 14:38:53.329927 write(5, "\v", 1) = 1
20847 14:38:53.329939 read(5,  <unfinished ...>
20845 14:38:53.329946 read(4, "\v", 1)  = 1
20845 14:38:53.329957 write(4, "\1\0\0\0", 4) = 4
20847 14:38:53.329967 <... read resumed> "\1\0\0\0", 4) = 4
20847 14:38:53.329975 write(5, "\r", 1) = 1
20847 14:38:53.329984 read(5,  <unfinished ...>
20845 14:38:53.329991 read(4, "\r", 1)  = 1
20845 14:38:53.330003 select(6, [5], NULL, NULL, {60, 0}) = 1 (in [5], left {60, 0})
20845 14:38:53.330019 accept(5, {sa_family=AF_INET, sin_port=htons(51973), sin_addr=inet_addr("127.0.0.1")}, [16]) = 6
20845 14:38:53.330041 write(4, "\1", 1) = 1
20847 14:38:53.330052 <... read resumed> "\1", 1) = 1
20847 14:38:53.330061 recvmsg(5,  <unfinished ...>
20845 14:38:53.330069 sendmsg(4, {msg_name(0)=NULL, msg_iov(1)=[{"\0", 1}], msg_controllen=16, {cmsg_len=16, cmsg_level=SOL_SOCKET, cmsg_type=SCM_RIGHTS, {6}}, msg_flags=0}, 0) = 1
20847 14:38:53.330086 <... recvmsg resumed> {msg_name(0)=NULL, msg_iov(1)=[{"\0", 1}], msg_controllen=16, {cmsg_len=16, cmsg_level=SOL_SOCKET, cmsg_type=SCM_RIGHTS, {6}}, msg_flags=0}, 0) = 1
20847 14:38:53.330099 setsockopt(6, SOL_SOCKET, SO_KEEPALIVE, [1], 4) = 0
20847 14:38:53.330111 setsockopt(6, SOL_IP, IP_TOS, [8], 4) = 0
20847 14:38:53.330123 setsockopt(6, SOL_SOCKET, SO_LINGER, {onoff=1, linger=32767}, 8) = 0
20847 14:38:53.330134 rt_sigaction(SIGALRM, {0x805cad0, ~[RTMIN RT_1], 0}, NULL, 8) = 0
20847 14:38:53.330148 alarm(300)        = 300
20847 14:38:53.330160 write(0, "150 Ok to send data.\r\n", 22) = 22
20847 14:38:53.330226 read(6, "assasaaa\na\na\na\na\n", 65536) = 17
20847 14:38:53.330240 write(4, "assasaaa\na\na\na\na\n", 17) = 17
20847 14:38:53.330257 read(6, "", 65536) = 0
20847 14:38:53.330267 rt_sigaction(SIGALRM, {0x805cad0, ~[RTMIN RT_1], 0}, NULL, 8) = 0
20847 14:38:53.330281 alarm(300)        = 300
20847 14:38:53.330290 close(6)          = 0
20847 14:38:53.330299 alarm(0)          = 300
20847 14:38:53.330309 gettimeofday({1495651133, 330312}, NULL) = 0
20847 14:38:53.330324 gettimeofday({1495651133, 330328}, NULL) = 0
20847 14:38:53.330337 fcntl64(3, F_SETLKW64, {type=F_WRLCK, whence=SEEK_SET, start=0, len=0}, 0xbfe05794) = 0
20847 14:38:53.330352 write(3, "Wed May 24 14:38:53 2017 [pid 20847] [msfadmin] OK UPLOAD: Client \"127.0.0.1\", \"/home/msfadmin/myfile13\", 17 bytes, 26.86Kbyte/sec\n", 131) = 131
20847 14:38:53.330373 fcntl64(3, F_SETLK64, {type=F_UNLCK, whence=SEEK_SET, start=0, len=0}, 0xbfe0579c) = 0
20847 14:38:53.330387 write(0, "226 Transfer complete.\r\n", 24) = 24
20847 14:38:53.330429 write(5, "\n", 1) = 1
20847 14:38:53.330441 read(5,  <unfinished ...>
20845 14:38:53.330448 close(6)          = 0
20845 14:38:53.330466 read(4, "\n", 1)  = 1
20845 14:38:53.330478 close(5)          = 0
20845 14:38:53.330488 write(4, "\1", 1) = 1
20847 14:38:53.330499 <... read resumed> "\1", 1) = 1
20847 14:38:53.330506 close(4)          = 0
20847 14:38:53.330516 rt_sigaction(SIGALRM, {0x805cad0, ~[RTMIN RT_1], 0}, NULL, 8) = 0
20847 14:38:53.330530 alarm(300)        = 0
20847 14:38:53.330540 recv(0,  <unfinished ...>
20845 14:38:53.330548 read(4,  <unfinished ...>
20844 14:38:53.460019 <... recv resumed> "USER msfadmin\r\n", 4096, MSG_PEEK) = 15
20844 14:38:53.460135 read(0, "USER msfadmin\r\n", 15) = 15
20844 14:38:53.460232 write(0, "331 Any password will do.\r\n", 27) = 27
20844 14:38:53.460331 rt_sigaction(SIGALRM, {0x805cad0, ~[RTMIN RT_1], 0}, NULL, 8) = 0
20844 14:38:53.460363 alarm(300)        = 299
20844 14:38:53.460389 recv(0, "PASS msfadmin\r\n", 4096, MSG_PEEK) = 15
20844 14:38:53.460403 read(0, "PASS msfadmin\r\n", 15) = 15
20844 14:38:53.460420 write(0, "230 Already logged in.\r\n", 24) = 24
20844 14:38:53.460480 rt_sigaction(SIGALRM, {0x805cad0, ~[RTMIN RT_1], 0}, NULL, 8) = 0
20844 14:38:53.460496 alarm(300)        = 300
20844 14:38:53.460507 recv(0, "TYPE I\r\n", 4096, MSG_PEEK) = 8
20844 14:38:53.460518 read(0, "TYPE I\r\n", 8) = 8
20844 14:38:53.460532 write(0, "200 Switching to Binary mode.\r\n", 31) = 31
20844 14:38:53.460567 rt_sigaction(SIGALRM, {0x805cad0, ~[RTMIN RT_1], 0}, NULL, 8) = 0
20844 14:38:53.460581 alarm(300)        = 300
20844 14:38:53.460592 recv(0, "PASV\r\n", 4096, MSG_PEEK) = 6
20844 14:38:53.460603 read(0, "PASV\r\n", 6) = 6
20844 14:38:53.460614 write(5, "\n", 1 <unfinished ...>
20842 14:38:53.460625 <... read resumed> "\n", 1) = 1
20844 14:38:53.460630 <... write resumed> ) = 1
20842 14:38:53.460638 write(4, "\1", 1) = 1
20842 14:38:53.460648 read(4,  <unfinished ...>
20844 14:38:53.460655 read(5, "\1", 1)  = 1
20844 14:38:53.460667 write(5, "\f", 1 <unfinished ...>
20842 14:38:53.460673 <... read resumed> "\f", 1) = 1
20844 14:38:53.460678 <... write resumed> ) = 1
20842 14:38:53.460685 socket(PF_INET, SOCK_STREAM, IPPROTO_TCP) = 5
20842 14:38:53.460701 setsockopt(5, SOL_SOCKET, SO_REUSEADDR, [1], 4) = 0
20842 14:38:53.460715 bind(5, {sa_family=AF_INET, sin_port=htons(65274), sin_addr=inet_addr("127.0.0.1")}, 16) = 0
20842 14:38:53.460731 listen(5, 1)      = 0
20842 14:38:53.460745 write(4, "\372\376\0\0", 4) = 4
20842 14:38:53.460756 read(4,  <unfinished ...>
20844 14:38:53.460763 read(5, "\372\376\0\0", 4) = 4
20844 14:38:53.460779 write(0, "227 Entering Passive Mode (127,0,0,1,254,250).\r\n", 48) = 48
20844 14:38:53.460890 rt_sigaction(SIGALRM, {0x805cad0, ~[RTMIN RT_1], 0}, NULL, 8) = 0
20844 14:38:53.460933 alarm(300)        = 300
20844 14:38:53.460954 recv(0, "RETR myfile35\r\n", 4096, MSG_PEEK) = 15
20844 14:38:53.460967 read(0, "RETR myfile35\r\n", 15) = 15
20844 14:38:53.460980 write(5, "\v", 1 <unfinished ...>
20842 14:38:53.460988 <... read resumed> "\v", 1) = 1
20844 14:38:53.460993 <... write resumed> ) = 1
20842 14:38:53.460999 write(4, "\1\0\0\0", 4) = 4
20842 14:38:53.461010 read(4,  <unfinished ...>
20844 14:38:53.461017 read(5, "\1\0\0\0", 4) = 4
20844 14:38:53.461028 gettimeofday({1495651133, 461032}, NULL) = 0
20844 14:38:53.461039 getcwd("/home/msfadmin", 4096) = 15
20844 14:38:53.461052 open("myfile35", O_RDONLY|O_NONBLOCK|O_LARGEFILE) = 4
20844 14:38:53.461066 fcntl64(4, F_SETLKW64, {type=F_RDLCK, whence=SEEK_SET, start=0, len=0}, 0xbfb20d34) = 0
20844 14:38:53.461081 fstat64(4, {st_mode=S_IFREG|0644, st_size=17, ...}) = 0
