21766 14:48:35.947158 munmap(0xb7fb0000, 4096) = 0
21766 14:48:35.947169 stat64("/etc/pam.d", {st_mode=S_IFDIR|0755, st_size=4096, ...}) = 0
21766 14:48:35.947187 open("/etc/pam.d/common-account", O_RDONLY|O_LARGEFILE) = 6
21766 14:48:35.947199 fstat64(6, {st_mode=S_IFREG|0644, st_size=392, ...}) = 0
21766 14:48:35.947215 mmap2(NULL, 4096, PROT_READ|PROT_WRITE, MAP_PRIVATE|MAP_ANONYMOUS, -1, 0) = 0xb7fb0000
21766 14:48:35.947225 read(6, "#\n# /etc/pam.d/common-account - authorization settings common to all services\n#\n# This file is included from other service-specific PAM config files,\n# and should contain a list of the authorization modules that define\n# the central access policy for use on the system.  The default is to\n# only deny service to users whose accounts are expired in /etc/shadow.\n#\naccount\trequired\tpam_unix.so\n", 4096) = 392
21766 14:48:35.947263 read(6, "", 4096) = 0
21766 14:48:35.947272 close(6)          = 0
21766 14:48:35.947281 munmap(0xb7fb0000, 4096) = 0
21766 14:48:35.947291 stat64("/etc/pam.d", {st_mode=S_IFDIR|0755, st_size=4096, ...}) = 0
21766 14:48:35.947309 open("/etc/pam.d/common-password", O_RDONLY|O_LARGEFILE) = 6
21766 14:48:35.947322 fstat64(6, {st_mode=S_IFREG|0644, st_size=1563, ...}) = 0
21766 14:48:35.947337 mmap2(NULL, 4096, PROT_READ|PROT_WRITE, MAP_PRIVATE|MAP_ANONYMOUS, -1, 0) = 0xb7fb0000
21766 14:48:35.947347 read(6, "#\n# /etc/pam.d/common-password - password-related modules common to all services\n#\n# This file is included from other service-specific PAM config files,\n# and should contain a list of modules that define the services to be\n# used to change user passwords.  The default is pam_unix.\n\n# Explanation of pam_unix options:\n#\n# The \"nullok\" option allows users to change an empty password, else\n# empty passwords are treated as locked accounts.\n#\n# The \"md5\" option enables MD5 passwords.  Without this option, the\n# default is Unix crypt.\n#\n# The \"obscure\" option replaces the old `OBSCURE_CHECKS_ENAB\' option in\n# login.defs.\n#\n# You can also use the \"min\" option to enforce the length of the new\n# password.\n#\n# See the pam_unix manpage for other options.\n\npassword   requisite   pam_unix.so nullok obscure md5\n\n# Alternate strength checking for password. Note that this\n# requires the libpam-cracklib package to be installed.\n# You will need to comment out the password line above and\n# uncomment the next two in order to use this.\n# (Replaces the `OBSCURE_CHECKS_ENAB\', `CRACKLIB_DICTPATH\')\n#\n# password required\t  pam_cracklib.so retry=3 minlen=6 difok=3\n# password required\t  pam_unix.so use_authtok nullok md5\n\n# minimally-intrusive inclusion of smbpass in the stack for\n# synchronization.  If the module is absent or the passwords don\'t\n# match, this module will be ignored without prompting; and if the \n# passwords do match, the NTLM hash for the user will be updated\n# automatically.\n# password   optional   pam_smbpass.so nullok use_authtok use_first_pass\n", 4096) = 1563
21766 14:48:35.947495 read(6, "", 4096) = 0
21766 14:48:35.947506 close(6)          = 0
21766 14:48:35.947515 munmap(0xb7fb0000, 4096) = 0
21766 14:48:35.947526 stat64("/etc/pam.d", {st_mode=S_IFDIR|0755, st_size=4096, ...}) = 0
21766 14:48:35.947544 open("/etc/pam.d/common-session", O_RDONLY|O_LARGEFILE) = 6
21766 14:48:35.947557 fstat64(6, {st_mode=S_IFREG|0644, st_size=372, ...}) = 0
21766 14:48:35.947572 mmap2(NULL, 4096, PROT_READ|PROT_WRITE, MAP_PRIVATE|MAP_ANONYMOUS, -1, 0) = 0xb7fb0000
21766 14:48:35.947583 read(6, "#\n# /etc/pam.d/common-session - session-related modules common to all services\n#\n# This file is included from other service-specific PAM config files,\n# and should contain a list of modules that define tasks to be performed\n# at the start and end of sessions of *any* kind (both interactive and\n# non-interactive).  The default is pam_unix.\n#\nsession\trequired\tpam_unix.so\n", 4096) = 372
21766 14:48:35.947620 read(6, "", 4096) = 0
21766 14:48:35.947630 close(6)          = 0
21766 14:48:35.947639 munmap(0xb7fb0000, 4096) = 0
21766 14:48:35.947648 read(5, "", 4096) = 0
21766 14:48:35.947657 close(5)          = 0
21766 14:48:35.947666 munmap(0xb7fb6000, 4096) = 0
21766 14:48:35.947678 time(NULL)        = 1495651715
21766 14:48:35.947690 lstat64("/etc/ftpusers", {st_mode=S_IFREG|0644, st_size=132, ...}) = 0
21766 14:48:35.947708 open("/etc/ftpusers", O_RDONLY|O_LARGEFILE) = 5
21766 14:48:35.947719 fstat64(5, {st_mode=S_IFREG|0644, st_size=132, ...}) = 0
21766 14:48:35.947734 mmap2(NULL, 4096, PROT_READ|PROT_WRITE, MAP_PRIVATE|MAP_ANONYMOUS, -1, 0) = 0xb7fb6000
21766 14:48:35.947744 read(5, "# /etc/ftpusers: list of users disallowed FTP access. See ftpusers(5).\n\nroot\ndaemon\nbin\nsys\nsync\ngames\nman\nlp\nmail\nnews\nuucp\nnobody\n", 4096) = 132
21766 14:48:35.947765 read(5, "", 4096) = 0
21766 14:48:35.947774 close(5)          = 0
21766 14:48:35.947783 munmap(0xb7fb6000, 4096) = 0
21766 14:48:35.947798 getuid32()        = 0
21766 14:48:35.947814 open("/etc/passwd", O_RDONLY|0x80000 /* O_??? */) = 5
21766 14:48:35.947829 _llseek(5, 0, [0], SEEK_CUR) = 0
21766 14:48:35.947839 fstat64(5, {st_mode=S_IFREG|0644, st_size=1624, ...}) = 0
21766 14:48:35.947855 mmap2(NULL, 1624, PROT_READ, MAP_SHARED, 5, 0) = 0xb7fb6000
21766 14:48:35.947866 _llseek(5, 1624, [1624], SEEK_SET) = 0
21766 14:48:35.948214 munmap(0xb7fb6000, 1624) = 0
21766 14:48:35.948330 close(5)          = 0
21766 14:48:35.948402 open("/etc/shadow", O_RDONLY|0x80000 /* O_??? */) = 5
21766 14:48:35.948442 _llseek(5, 0, [0], SEEK_CUR) = 0
21766 14:48:35.948467 fstat64(5, {st_mode=S_IFREG|0640, st_size=1233, ...}) = 0
21766 14:48:35.948494 mmap2(NULL, 1233, PROT_READ, MAP_SHARED, 5, 0) = 0xb7fb6000
21766 14:48:35.948508 _llseek(5, 1233, [1233], SEEK_SET) = 0
21766 14:48:35.948527 munmap(0xb7fb6000, 1233) = 0
21766 14:48:35.948537 close(5)          = 0
21766 14:48:35.948555 open("/etc/passwd", O_RDONLY|0x80000 /* O_??? */) = 5
21766 14:48:35.948569 _llseek(5, 0, [0], SEEK_CUR) = 0
21766 14:48:35.948579 fstat64(5, {st_mode=S_IFREG|0644, st_size=1624, ...}) = 0
21766 14:48:35.948595 mmap2(NULL, 1624, PROT_READ, MAP_SHARED, 5, 0) = 0xb7fb6000
21766 14:48:35.948609 _llseek(5, 1624, [1624], SEEK_SET) = 0
21766 14:48:35.948625 munmap(0xb7fb6000, 1624) = 0
21766 14:48:35.948634 close(5)          = 0
21766 14:48:35.948647 open("/etc/shadow", O_RDONLY|0x80000 /* O_??? */) = 5
21766 14:48:35.948659 _llseek(5, 0, [0], SEEK_CUR) = 0
21766 14:48:35.948669 fstat64(5, {st_mode=S_IFREG|0640, st_size=1233, ...}) = 0
21766 14:48:35.948685 mmap2(NULL, 1233, PROT_READ, MAP_SHARED, 5, 0) = 0xb7fb6000
21766 14:48:35.948695 _llseek(5, 1233, [1233], SEEK_SET) = 0
21766 14:48:35.948711 munmap(0xb7fb6000, 1233) = 0
21766 14:48:35.948721 close(5)          = 0
21766 14:48:35.948843 getuid32()        = 0
21766 14:48:35.948857 open("/etc/passwd", O_RDONLY|0x80000 /* O_??? */) = 5
21766 14:48:35.948870 _llseek(5, 0, [0], SEEK_CUR) = 0
21766 14:48:35.948881 fstat64(5, {st_mode=S_IFREG|0644, st_size=1624, ...}) = 0
21766 14:48:35.948897 mmap2(NULL, 1624, PROT_READ, MAP_SHARED, 5, 0) = 0xb7fb6000
21766 14:48:35.948907 _llseek(5, 1624, [1624], SEEK_SET) = 0
21766 14:48:35.948923 munmap(0xb7fb6000, 1624) = 0
21766 14:48:35.948933 close(5)          = 0
21766 14:48:35.948946 open("/etc/shadow", O_RDONLY|0x80000 /* O_??? */) = 5
21766 14:48:35.948959 _llseek(5, 0, [0], SEEK_CUR) = 0
21766 14:48:35.948969 fstat64(5, {st_mode=S_IFREG|0640, st_size=1233, ...}) = 0
21766 14:48:35.948984 mmap2(NULL, 1233, PROT_READ, MAP_SHARED, 5, 0) = 0xb7fb6000
21766 14:48:35.948994 _llseek(5, 1233, [1233], SEEK_SET) = 0
21766 14:48:35.949011 munmap(0xb7fb6000, 1233) = 0
21766 14:48:35.949020 close(5)          = 0
21766 14:48:35.949031 time(NULL)        = 1495651715
21766 14:48:35.949046 munmap(0xb7fb3000, 12164) = 0
21766 14:48:35.949058 munmap(0xb7fb1000, 7136) = 0
21766 14:48:35.949072 munmap(0xb7de6000, 95428) = 0
21766 14:48:35.949083 munmap(0xb7dac000, 201052) = 0
21766 14:48:35.949093 munmap(0xb7d93000, 101180) = 0
21766 14:48:35.949109 gettimeofday({1495651715, 949113}, NULL) = 0
21766 14:48:35.949120 stat64("/usr/share/zoneinfo/UTC+04:00", 0xbfce8654) = -1 ENOENT (No such file or directory)
21766 14:48:35.949135 open("/usr/share/zoneinfo/UTC+04:00", O_RDONLY) = -1 ENOENT (No such file or directory)
21766 14:48:35.949184 fcntl64(3, F_SETLKW64, {type=F_WRLCK, whence=SEEK_SET, start=0, len=0}, 0xbfce87a4) = 0
21766 14:48:35.949212 write(3, "Wed May 24 14:48:35 2017 [pid 21766] [msfadmin] OK LOGIN: Client \"127.0.0.1\"\n", 77) = 77
21766 14:48:35.949229 fcntl64(3, F_SETLK64, {type=F_UNLCK, whence=SEEK_SET, start=0, len=0}, 0xbfce87ac) = 0
21766 14:48:35.949241 rt_sigaction(SIGCHLD, {0x805cad0, ~[RTMIN RT_1], 0}, NULL, 8) = 0
21766 14:48:35.949255 write(4, "\1", 1 <unfinished ...>
21767 14:48:35.949265 <... read resumed> "\1", 1) = 1
21766 14:48:35.949270 <... write resumed> ) = 1
21767 14:48:35.949277 exit_group(0)     = ?
21766 14:48:35.949305 --- SIGCHLD (Child exited) @ 0 (0) ---
21766 14:48:35.949312 sigreturn()       = ? (mask now [])
21766 14:48:35.949331 wait4(-1, [{WIFEXITED(s) && WEXITSTATUS(s) == 0}], 0, NULL) = 21767
21766 14:48:35.949344 close(4)          = 0
21766 14:48:35.949355 socketpair(PF_FILE, SOCK_STREAM, 0, [4, 5]) = 0
21766 14:48:35.949369 rt_sigaction(SIGCHLD, {0x805cad0, ~[RTMIN RT_1], 0}, NULL, 8) = 0
21766 14:48:35.949382 rt_sigaction(SIGALRM, {0x805cb10, ~[RTMIN RT_1], 0}, NULL, 8) = 0
21766 14:48:35.949396 clone(child_stack=0, flags=CLONE_CHILD_CLEARTID|CLONE_CHILD_SETTID|SIGCHLD, child_tidptr=0xb7e1c6f8) = 21768
21768 14:48:35.949443 prctl(0x1, 0x9, 0, 0, 0) = 0
21768 14:48:35.949456 close(4)          = 0
21768 14:48:35.949483 open("/etc/passwd", O_RDONLY|0x80000 /* O_??? */) = 4
21768 14:48:35.949500 _llseek(4, 0, [0], SEEK_CUR) = 0
21768 14:48:35.949515 fstat64(4, {st_mode=S_IFREG|0644, st_size=1624, ...}) = 0
21768 14:48:35.949533 mmap2(NULL, 1624, PROT_READ, MAP_SHARED, 4, 0) = 0xb7fb6000
21768 14:48:35.949545 _llseek(4, 1624, [1624], SEEK_SET) = 0
21768 14:48:35.949567 munmap(0xb7fb6000, 1624) = 0
21768 14:48:35.949578 close(4)          = 0
21768 14:48:35.949591 getuid32()        = 0
21768 14:48:35.949601 open("/etc/passwd", O_RDONLY|0x80000 /* O_??? */) = 4
21768 14:48:35.949617 _llseek(4, 0, [0], SEEK_CUR) = 0
21768 14:48:35.949628 fstat64(4, {st_mode=S_IFREG|0644, st_size=1624, ...}) = 0
21768 14:48:35.949667 mmap2(NULL, 1624, PROT_READ, MAP_SHARED, 4, 0) = 0xb7fb6000
21768 14:48:35.949679 _llseek(4, 1624, [1624], SEEK_SET) = 0
21768 14:48:35.949704 munmap(0xb7fb6000, 1624) = 0
21768 14:48:35.949714 close(4)          = 0
21768 14:48:35.949740 open("/proc/sys/kernel/ngroups_max", O_RDONLY) = 4
21768 14:48:35.949760 read(4, "65536\n", 31) = 6
21768 14:48:35.949772 close(4)          = 0
21768 14:48:35.949786 socket(PF_FILE, SOCK_STREAM, 0) = 4
21768 14:48:35.949798 fcntl64(4, F_SETFL, O_RDWR|O_NONBLOCK) = 0
21768 14:48:35.949808 connect(4, {sa_family=AF_FILE, path="/var/run/nscd/socket"}, 110) = -1 ENOENT (No such file or directory)
21768 14:48:35.949828 close(4)          = 0
21768 14:48:35.949840 socket(PF_FILE, SOCK_STREAM, 0) = 4
21768 14:48:35.949849 fcntl64(4, F_SETFL, O_RDWR|O_NONBLOCK) = 0
21768 14:48:35.949859 connect(4, {sa_family=AF_FILE, path="/var/run/nscd/socket"}, 110) = -1 ENOENT (No such file or directory)
21768 14:48:35.949877 close(4)          = 0
21768 14:48:35.949900 open("/etc/group", O_RDONLY|0x80000 /* O_??? */) = 4
21768 14:48:35.949914 _llseek(4, 0, [0], SEEK_CUR) = 0
21768 14:48:35.949924 fstat64(4, {st_mode=S_IFREG|0644, st_size=886, ...}) = 0
21768 14:48:35.949941 mmap2(NULL, 886, PROT_READ, MAP_SHARED, 4, 0) = 0xb7fb6000
21768 14:48:35.949952 _llseek(4, 886, [886], SEEK_SET) = 0
21768 14:48:35.949975 fstat64(4, {st_mode=S_IFREG|0644, st_size=886, ...}) = 0
21768 14:48:35.949992 munmap(0xb7fb6000, 886) = 0
21768 14:48:35.950002 close(4)          = 0
21768 14:48:35.950012 setgroups32(13, [1000, 4, 20, 24, 25, 29, 30, 44, 46, 107, 111, 112, 119]) = 0
21768 14:48:35.950027 geteuid32()       = 0
21768 14:48:35.950038 getegid32()       = 0
21768 14:48:35.950048 setregid32(-1, 1000) = 0
21768 14:48:35.950059 setreuid32(-1, 1000) = 0
21768 14:48:35.950069 chdir("/home/msfadmin") = 0
21768 14:48:35.950081 setreuid32(-1, 0) = 0
21768 14:48:35.950090 setregid32(-1, 0) = 0
21768 14:48:35.950100 setgid32(1000)    = 0
21768 14:48:35.950110 setuid32(1000)    = 0
21768 14:48:35.950120 setrlimit(RLIMIT_NPROC, {rlim_cur=0, rlim_max=0}) = 0
21768 14:48:35.950133 mmap2(NULL, 12288, PROT_READ|PROT_WRITE, MAP_PRIVATE|MAP_ANONYMOUS, -1, 0) = 0xb7fb4000
21768 14:48:35.950163 mprotect(0xb7fb6000, 4096, PROT_NONE) = 0
21768 14:48:35.950174 mprotect(0xb7fb4000, 4096, PROT_NONE) = 0
21768 14:48:35.950196 getcwd("/home/msfadmin", 4096) = 15
21768 14:48:35.950209 umask(022)        = 077
21768 14:48:35.950219 getcwd("/home/msfadmin", 4096) = 15
21768 14:48:35.950233 open(".message", O_RDONLY|O_NONBLOCK|O_LARGEFILE) = -1 ENOENT (No such file or directory)
21768 14:48:35.950257 write(0, "230 Login successful.\r\n", 23) = 23
21768 14:48:35.950338 rt_sigaction(SIGALRM, {0x805cad0, ~[RTMIN RT_1], 0}, NULL, 8) = 0
21768 14:48:35.950354 alarm(300)        = 0
21768 14:48:35.950365 mmap2(NULL, 12288, PROT_READ|PROT_WRITE, MAP_PRIVATE|MAP_ANONYMOUS, -1, 0) = 0xb7fb1000
21768 14:48:35.950377 mprotect(0xb7fb3000, 4096, PROT_NONE) = 0
21768 14:48:35.950388 mprotect(0xb7fb1000, 4096, PROT_NONE) = 0
21768 14:48:35.950400 recv(0, "TYPE I\r\n", 4096, MSG_PEEK) = 8
21768 14:48:35.950413 read(0, "TYPE I\r\n", 8) = 8
21768 14:48:35.950429 write(0, "200 Switching to Binary mode.\r\n", 31) = 31
21768 14:48:35.950468 rt_sigaction(SIGALRM, {0x805cad0, ~[RTMIN RT_1], 0}, NULL, 8) = 0
21768 14:48:35.950482 alarm(300)        = 300
21768 14:48:35.950493 recv(0, "PASV\r\n", 4096, MSG_PEEK) = 6
21768 14:48:35.950504 read(0, "PASV\r\n", 6) = 6
21768 14:48:35.950516 write(5, "\n", 1) = 1
21768 14:48:35.950527 read(5,  <unfinished ...>
21766 14:48:35.950539 close(5)          = 0
21766 14:48:35.950551 getuid32()        = 0
21766 14:48:35.950566 open("/etc/passwd", O_RDONLY|0x80000 /* O_??? */) = 5
21766 14:48:35.950580 _llseek(5, 0, [0], SEEK_CUR) = 0
21766 14:48:35.950592 fstat64(5, {st_mode=S_IFREG|0644, st_size=1624, ...}) = 0
21766 14:48:35.950610 mmap2(NULL, 1624, PROT_READ, MAP_SHARED, 5, 0) = 0xb7fb6000
21766 14:48:35.950625 _llseek(5, 1624, [1624], SEEK_SET) = 0
21766 14:48:35.950687 munmap(0xb7fb6000, 1624) = 0
21766 14:48:35.950700 close(5)          = 0
21766 14:48:35.950715 setgroups32(0, []) = 0
21766 14:48:35.950727 chdir("/usr/share/empty") = 0
21766 14:48:35.950739 chroot(".")       = 0
21766 14:48:35.950749 capset(NULL, NULL) = -1 EFAULT (Bad address)
21766 14:48:35.950762 prctl(0x8, 0, 0xbfce8788, 0x80549a6, 0xbfce8770) = 0
21766 14:48:35.950773 prctl(0x8, 0x1, 0xbfce8788, 0x8054a49, 0xbfce8770) = 0
21766 14:48:35.950783 setgid32(65534)   = 0
21766 14:48:35.950793 setuid32(65534)   = 0
21766 14:48:35.950802 capset(0x19980330, 0, {CAP_NET_BIND_SERVICE, CAP_NET_BIND_SERVICE, 0}) = 0
21766 14:48:35.950815 read(4, "\n", 1)  = 1
21766 14:48:35.950828 write(4, "\1", 1) = 1
21768 14:48:35.950838 <... read resumed> "\1", 1) = 1
21768 14:48:35.950846 write(5, "\f", 1) = 1
21768 14:48:35.950856 read(5,  <unfinished ...>
21766 14:48:35.950862 read(4, "\f", 1)  = 1
21766 14:48:35.950874 socket(PF_INET, SOCK_STREAM, IPPROTO_TCP) = 5
21766 14:48:35.950888 setsockopt(5, SOL_SOCKET, SO_REUSEADDR, [1], 4) = 0
21766 14:48:35.950899 gettimeofday({1495651715, 950902}, NULL) = 0
21766 14:48:35.950914 bind(5, {sa_family=AF_INET, sin_port=htons(8490), sin_addr=inet_addr("127.0.0.1")}, 16) = 0
21766 14:48:35.950930 listen(5, 1)      = 0
21766 14:48:35.950942 write(4, "*!\0\0", 4) = 4
21768 14:48:35.950953 <... read resumed> "*!\0\0", 4) = 4
21768 14:48:35.950967 write(0, "227 Entering Passive Mode (127,0,0,1,33,42).\r\n", 46) = 46
21768 14:48:35.951064 rt_sigaction(SIGALRM, {0x805cad0, ~[RTMIN RT_1], 0}, NULL, 8) = 0
21768 14:48:35.951081 alarm(300)        = 300
21768 14:48:35.951093 recv(0, "STOR myfile36\r\n", 4096, MSG_PEEK) = 15
21768 14:48:35.951105 read(0, "STOR myfile36\r\n", 15) = 15
21768 14:48:35.951120 write(5, "\v", 1) = 1
21768 14:48:35.951267 read(5,  <unfinished ...>
21766 14:48:35.951275 read(4, "\v", 1)  = 1
21766 14:48:35.951299 write(4, "\1\0\0\0", 4) = 4
21768 14:48:35.951309 <... read resumed> "\1\0\0\0", 4) = 4
21768 14:48:35.951318 gettimeofday({1495651715, 951321}, NULL) = 0
21768 14:48:35.951328 getcwd("/home/msfadmin", 4096) = 15
21768 14:48:35.951341 open("myfile36", O_WRONLY|O_CREAT|O_NONBLOCK|O_LARGEFILE, 0666) = 4
21768 14:48:35.951354 fstat64(4, {st_mode=S_IFREG|0644, st_size=17, ...}) = 0
21768 14:48:35.951370 fcntl64(4, F_GETFL) = 0x8801 (flags O_WRONLY|O_NONBLOCK|O_LARGEFILE)
21768 14:48:35.951381 fcntl64(4, F_SETFL, O_WRONLY|O_LARGEFILE) = 0
21768 14:48:35.951390 fcntl64(4, F_SETLKW64, {type=F_WRLCK, whence=SEEK_SET, start=0, len=0}, 0xbfce86d4) = 0
21768 14:48:35.951405 ftruncate64(4, 0) = 0
21768 14:48:35.951424 _llseek(4, 0, [0], SEEK_SET) = 0
21768 14:48:35.951435 write(5, "\v", 1) = 1
21768 14:48:35.951453 read(5,  <unfinished ...>
21766 14:48:35.951460 read(4, "\v", 1)  = 1
21766 14:48:35.951472 write(4, "\1\0\0\0", 4) = 4
21768 14:48:35.951482 <... read resumed> "\1\0\0\0", 4) = 4
21768 14:48:35.951489 write(5, "\v", 1) = 1
21768 14:48:35.951499 read(5,  <unfinished ...>
21766 14:48:35.951506 read(4, "\v", 1)  = 1
21766 14:48:35.951517 write(4, "\1\0\0\0", 4) = 4
21768 14:48:35.951527 <... read resumed> "\1\0\0\0", 4) = 4
21768 14:48:35.951534 write(5, "\r", 1) = 1
21768 14:48:35.951544 read(5,  <unfinished ...>
21766 14:48:35.951551 read(4, "\r", 1)  = 1
21766 14:48:35.951563 select(6, [5], NULL, NULL, {60, 0}) = 1 (in [5], left {60, 0})
21766 14:48:35.951580 accept(5, {sa_family=AF_INET, sin_port=htons(35757), sin_addr=inet_addr("127.0.0.1")}, [16]) = 6
21766 14:48:35.951602 write(4, "\1", 1) = 1
21768 14:48:35.951612 <... read resumed> "\1", 1) = 1
21768 14:48:35.951622 recvmsg(5,  <unfinished ...>
21766 14:48:35.951631 sendmsg(4, {msg_name(0)=NULL, msg_iov(1)=[{"\0", 1}], msg_controllen=16, {cmsg_len=16, cmsg_level=SOL_SOCKET, cmsg_type=SCM_RIGHTS, {6}}, msg_flags=0}, 0) = 1
21768 14:48:35.951649 <... recvmsg resumed> {msg_name(0)=NULL, msg_iov(1)=[{"\0", 1}], msg_controllen=16, {cmsg_len=16, cmsg_level=SOL_SOCKET, cmsg_type=SCM_RIGHTS, {6}}, msg_flags=0}, 0) = 1
21768 14:48:35.951662 setsockopt(6, SOL_SOCKET, SO_KEEPALIVE, [1], 4) = 0
21768 14:48:35.951678 setsockopt(6, SOL_IP, IP_TOS, [8], 4) = 0
21768 14:48:35.951690 setsockopt(6, SOL_SOCKET, SO_LINGER, {onoff=1, linger=32767}, 8) = 0
21768 14:48:35.951702 rt_sigaction(SIGALRM, {0x805cad0, ~[RTMIN RT_1], 0}, NULL, 8) = 0
21768 14:48:35.951715 alarm(300)        = 300
21768 14:48:35.951728 write(0, "150 Ok to send data.\r\n", 22) = 22
21768 14:48:35.951803 mmap2(NULL, 77824, PROT_READ|PROT_WRITE, MAP_PRIVATE|MAP_ANONYMOUS, -1, 0) = 0xb7deb000
21768 14:48:35.951817 mprotect(0xb7dfd000, 4096, PROT_NONE) = 0
21768 14:48:35.951829 mprotect(0xb7deb000, 4096, PROT_NONE) = 0
21768 14:48:35.951839 read(6, "assasaaa\na\na\na\na\n", 65536) = 17
21768 14:48:35.951853 write(4, "assasaaa\na\na\na\na\n", 17) = 17
21768 14:48:35.951869 read(6, "", 65536) = 0
21768 14:48:35.951879 rt_sigaction(SIGALRM, {0x805cad0, ~[RTMIN RT_1], 0}, NULL, 8) = 0
21768 14:48:35.951893 alarm(300)        = 300
21768 14:48:35.951903 close(6)          = 0
21768 14:48:35.951912 alarm(0)          = 300
21768 14:48:35.951922 gettimeofday({1495651715, 951925}, NULL) = 0
21768 14:48:35.951939 getpid()          = 21768
21768 14:48:35.951951 gettimeofday({1495651715, 951955}, NULL) = 0
21768 14:48:35.951969 fcntl64(3, F_SETLKW64, {type=F_WRLCK, whence=SEEK_SET, start=0, len=0}, 0xbfce8674) = 0
21768 14:48:35.951983 write(3, "Wed May 24 14:48:35 2017 [pid 21768] [msfadmin] OK UPLOAD: Client \"127.0.0.1\", \"/home/msfadmin/myfile36\", 17 bytes, 26.19Kbyte/sec\n", 131) = 131
21768 14:48:35.952003 fcntl64(3, F_SETLK64, {type=F_UNLCK, whence=SEEK_SET, start=0, len=0}, 0xbfce867c) = 0
21768 14:48:35.952018 write(0, "226 Transfer complete.\r\n", 24) = 24
21768 14:48:35.952058 write(5, "\n", 1) = 1
21768 14:48:35.952070 read(5,  <unfinished ...>
21766 14:48:35.952077 close(6)          = 0
21766 14:48:35.952095 read(4, "\n", 1)  = 1
21766 14:48:35.952107 close(5)          = 0
21766 14:48:35.952118 write(4, "\1", 1) = 1
21768 14:48:35.952129 <... read resumed> "\1", 1) = 1
21768 14:48:35.952136 close(4)          = 0
21768 14:48:35.952146 rt_sigaction(SIGALRM, {0x805cad0, ~[RTMIN RT_1], 0}, NULL, 8) = 0
21768 14:48:35.952159 alarm(300)        = 0
21768 14:48:35.952171 recv(0,  <unfinished ...>
21766 14:48:35.952178 read(4,  <unfinished ...>
21765 14:48:36.327668 <... recv resumed> "USER msfadmin\r\n", 4096, MSG_PEEK) = 15
21765 14:48:36.327709 read(0, "USER msfadmin\r\n", 15) = 15
21765 14:48:36.327734 write(0, "331 Any password will do.\r\n", 27) = 27
21765 14:48:36.327780 rt_sigaction(SIGALRM, {0x805cad0, ~[RTMIN RT_1], 0}, NULL, 8) = 0
21765 14:48:36.327797 alarm(300)        = 299
21765 14:48:36.327810 recv(0, "PASS msfadmin\r\n", 4096, MSG_PEEK) = 15
21765 14:48:36.327822 read(0, "PASS msfadmin\r\n", 15) = 15
21765 14:48:36.327838 write(0, "230 Already logged in.\r\n", 24) = 24
21765 14:48:36.327900 rt_sigaction(SIGALRM, {0x805cad0, ~[RTMIN RT_1], 0}, NULL, 8) = 0
21765 14:48:36.327915 alarm(300)        = 300
21765 14:48:36.327926 recv(0, "TYPE I\r\n", 4096, MSG_PEEK) = 8
21765 14:48:36.327937 read(0, "TYPE I\r\n", 8) = 8
21765 14:48:36.327953 write(0, "200 Switching to Binary mode.\r\n", 31) = 31
21765 14:48:36.327988 rt_sigaction(SIGALRM, {0x805cad0, ~[RTMIN RT_1], 0}, NULL, 8) = 0
21765 14:48:36.328002 alarm(300)        = 300
21765 14:48:36.328013 recv(0, "PASV\r\n", 4096, MSG_PEEK) = 6
21765 14:48:36.328024 read(0, "PASV\r\n", 6) = 6
21765 14:48:36.328036 write(5, "\n", 1 <unfinished ...>
21763 14:48:36.328047 <... read resumed> "\n", 1) = 1
21765 14:48:36.328052 <... write resumed> ) = 1
21763 14:48:36.328059 write(4, "\1", 1) = 1
21763 14:48:36.328070 read(4,  <unfinished ...>
21765 14:48:36.328077 read(5, "\1", 1)  = 1
21765 14:48:36.328088 write(5, "\f", 1 <unfinished ...>
21763 14:48:36.328095 <... read resumed> "\f", 1) = 1
21765 14:48:36.328099 <... write resumed> ) = 1
21763 14:48:36.328106 socket(PF_INET, SOCK_STREAM, IPPROTO_TCP) = 5
21763 14:48:36.328122 setsockopt(5, SOL_SOCKET, SO_REUSEADDR, [1], 4) = 0
21763 14:48:36.328136 bind(5, {sa_family=AF_INET, sin_port=htons(31051), sin_addr=inet_addr("127.0.0.1")}, 16) = 0
21763 14:48:36.328160 listen(5, 1)      = 0
21763 14:48:36.328174 write(4, "Ky\0\0", 4) = 4
21763 14:48:36.328184 read(4,  <unfinished ...>
21765 14:48:36.328191 read(5, "Ky\0\0", 4) = 4
21765 14:48:36.328206 write(0, "227 Entering Passive Mode (127,0,0,1,121,75).\r\n", 47) = 47
21765 14:48:36.328319 rt_sigaction(SIGALRM, {0x805cad0, ~[RTMIN RT_1], 0}, NULL, 8) = 0
21765 14:48:36.328335 alarm(300)        = 300
21765 14:48:36.328346 recv(0, "RETR myfile26\r\n", 4096, MSG_PEEK) = 15
21765 14:48:36.328358 read(0, "RETR myfile26\r\n", 15) = 15
21765 14:48:36.328371 write(5, "\v", 1 <unfinished ...>
21763 14:48:36.328378 <... read resumed> "\v", 1) = 1
21765 14:48:36.328383 <... write resumed> ) = 1
21763 14:48:36.328389 write(4, "\1\0\0\0", 4) = 4
21763 14:48:36.328434 read(4,  <unfinished ...>
21765 14:48:36.328443 read(5, "\1\0\0\0", 4) = 4
21765 14:48:36.328464 gettimeofday({1495651716, 328468}, NULL) = 0
21765 14:48:36.328476 getcwd("/home/msfadmin", 4096) = 15
21765 14:48:36.328488 open("myfile26", O_RDONLY|O_NONBLOCK|O_LARGEFILE) = 4
21765 14:48:36.328502 fcntl64(4, F_SETLKW64, {type=F_RDLCK, whence=SEEK_SET, start=0, len=0}, 0xbfc6be74) = 0
21765 14:48:36.328517 fstat64(4, {st_mode=S_IFREG|0644, st_size=17, ...}) = 0
21765 14:48:36.328534 fcntl64(4, F_GETFL) = 0x8800 (flags O_RDONLY|O_NONBLOCK|O_LARGEFILE)
21765 14:48:36.328545 fcntl64(4, F_SETFL, O_RDONLY|O_LARGEFILE) = 0
21765 14:48:36.328556 write(5, "\v", 1 <unfinished ...>
21763 14:48:36.328563 <... read resumed> "\v", 1) = 1
21765 14:48:36.328568 <... write resumed> ) = 1
21763 14:48:36.328574 write(4, "\1\0\0\0", 4) = 4
21763 14:48:36.328584 read(4,  <unfinished ...>
21765 14:48:36.328591 read(5, "\1\0\0\0", 4) = 4
21765 14:48:36.328602 write(5, "\v", 1 <unfinished ...>
21763 14:48:36.328609 <... read resumed> "\v", 1) = 1
21765 14:48:36.328613 <... write resumed> ) = 1
21763 14:48:36.328619 write(4, "\1\0\0\0", 4) = 4
21763 14:48:36.328629 read(4,  <unfinished ...>
21765 14:48:36.328635 read(5, "\1\0\0\0", 4) = 4
21765 14:48:36.328646 write(5, "\r", 1 <unfinished ...>
21763 14:48:36.328653 <... read resumed> "\r", 1) = 1
21765 14:48:36.328658 <... write resumed> ) = 1
21763 14:48:36.328664 select(6, [5], NULL, NULL, {60, 0}) = 1 (in [5], left {60, 0})
21763 14:48:36.328680 accept(5, {sa_family=AF_INET, sin_port=htons(46773), sin_addr=inet_addr("127.0.0.1")}, [16]) = 6
21763 14:48:36.328703 write(4, "\1", 1) = 1
21763 14:48:36.328714 sendmsg(4, {msg_name(0)=NULL, msg_iov(1)=[{"\0", 1}], msg_controllen=16, {cmsg_len=16, cmsg_level=SOL_SOCKET, cmsg_type=SCM_RIGHTS, {6}}, msg_flags=0}, 0) = 1
21763 14:48:36.328731 close(6)          = 0
21763 14:48:36.328741 read(4,  <unfinished ...>
21765 14:48:36.328747 read(5, "\1", 1)  = 1
21765 14:48:36.328759 recvmsg(5, {msg_name(0)=NULL, msg_iov(1)=[{"\0", 1}], msg_controllen=16, {cmsg_len=16, cmsg_level=SOL_SOCKET, cmsg_type=SCM_RIGHTS, {6}}, msg_flags=0}, 0) = 1
21765 14:48:36.328777 setsockopt(6, SOL_SOCKET, SO_KEEPALIVE, [1], 4) = 0
21765 14:48:36.328789 setsockopt(6, SOL_IP, IP_TOS, [8], 4) = 0
21765 14:48:36.328801 setsockopt(6, SOL_SOCKET, SO_LINGER, {onoff=1, linger=32767}, 8) = 0
21765 14:48:36.328812 rt_sigaction(SIGALRM, {0x805cad0, ~[RTMIN RT_1], 0}, NULL, 8) = 0
21765 14:48:36.328825 alarm(300)        = 300
21765 14:48:36.328838 write(0, "150 Opening BINARY mode data connection for myfile26 (17 bytes).\r\n", 66) = 66
21765 14:48:36.328879 _llseek(4, 0, [0], SEEK_CUR) = 0
21765 14:48:36.328891 fstat64(4, {st_mode=S_IFREG|0644, st_size=17, ...}) = 0
21765 14:48:36.328908 _llseek(4, 0, [0], SEEK_SET) = 0
21765 14:48:36.328917 sendfile(6, 4, NULL, 17) = 17
21765 14:48:36.328918 rt_sigaction(SIGALRM, {0x805cad0, ~[RTMIN RT_1], 0}, NULL, 8) = 0
21765 14:48:36.328918 alarm(300)        = 300
21765 14:48:36.328918 close(6)          = 0
21765 14:48:36.328919 alarm(0)          = 300
21765 14:48:36.328919 gettimeofday({1495651716, 328919}, NULL) = 0
21765 14:48:36.328919 gettimeofday({1495651716, 328919}, NULL) = 0
21765 14:48:36.328919 fcntl64(3, F_SETLKW64, {type=F_WRLCK, whence=SEEK_SET, start=0, len=0}, 0xbfc6be14) = 0
21765 14:48:36.328920 write(3, "Wed May 24 14:48:36 2017 [pid 21765] [msfadmin] OK DOWNLOAD: Client \"127.0.0.1\", \"/home/msfadmin/myfile26\", 17 bytes, 36.81Kbyte/sec\n", 133) = 133
21765 14:48:36.328938 fcntl64(3, F_SETLK64, {type=F_UNLCK, whence=SEEK_SET, start=0, len=0}, 0xbfc6be1c) = 0
21765 14:48:36.328952 write(0, "226 Transfer complete.\r\n", 24) = 24
21765 14:48:36.329016 write(5, "\n", 1 <unfinished ...>
21763 14:48:36.329026 <... read resumed> "\n", 1) = 1
21765 14:48:36.329031 <... write resumed> ) = 1
21763 14:48:36.329037 close(5)          = 0
21763 14:48:36.329049 write(4, "\1", 1) = 1
21763 14:48:36.329060 read(4,  <unfinished ...>
21765 14:48:36.329066 read(5, "\1", 1)  = 1
21765 14:48:36.329077 close(4)          = 0
21765 14:48:36.329088 rt_sigaction(SIGALRM, {0x805cad0, ~[RTMIN RT_1], 0}, NULL, 8) = 0
21765 14:48:36.329139 alarm(300)        = 0
21765 14:48:36.329150 recv(0,  <unfinished ...>
21768 14:48:36.467706 <... recv resumed> "TYPE I\r\n", 4096, MSG_PEEK) = 8
21768 14:48:36.467737 read(0, "TYPE I\r\n", 8) = 8
21768 14:48:36.467759 write(0, "200 Switching to Binary mode.\r\n", 31) = 31
21768 14:48:36.467807 rt_sigaction(SIGALRM, {0x805cad0, ~[RTMIN RT_1], 0}, NULL, 8) = 0
21768 14:48:36.467824 alarm(300)        = 299
21768 14:48:36.467837 recv(0, "PASV\r\n", 4096, MSG_PEEK) = 6
21768 14:48:36.467848 read(0, "PASV\r\n", 6) = 6
21768 14:48:36.467860 write(5, "\n", 1) = 1
21768 14:48:36.467873 read(5,  <unfinished ...>
21766 14:48:36.467881 <... read resumed> "\n", 1) = 1
21766 14:48:36.467890 write(4, "\1", 1) = 1
21768 14:48:36.467900 <... read resumed> "\1", 1) = 1
21768 14:48:36.467907 write(5, "\f", 1) = 1
21768 14:48:36.467917 read(5,  <unfinished ...>
21766 14:48:36.467924 read(4, "\f", 1)  = 1
21766 14:48:36.467935 socket(PF_INET, SOCK_STREAM, IPPROTO_TCP) = 5
21766 14:48:36.467950 setsockopt(5, SOL_SOCKET, SO_REUSEADDR, [1], 4) = 0
21766 14:48:36.467964 bind(5, {sa_family=AF_INET, sin_port=htons(34267), sin_addr=inet_addr("127.0.0.1")}, 16) = 0
21766 14:48:36.467981 listen(5, 1)      = 0
21766 14:48:36.467995 write(4, "\333\205\0\0", 4) = 4
21768 14:48:36.468005 <... read resumed> "\333\205\0\0", 4) = 4
21768 14:48:36.468017 write(0, "227 Entering Passive Mode (127,0,0,1,133,219).\r\n", 48) = 48
21768 14:48:36.468131 rt_sigaction(SIGALRM, {0x805cad0, ~[RTMIN RT_1], 0}, NULL, 8) = 0
21768 14:48:36.468148 alarm(300)        = 300
21768 14:48:36.468159 recv(0, "STOR myfile37\r\n", 4096, MSG_PEEK) = 15
21768 14:48:36.468171 read(0, "STOR myfile37\r\n", 15) = 15
21768 14:48:36.468184 write(5, "\v", 1) = 1
21768 14:48:36.468194 read(5,  <unfinished ...>
21766 14:48:36.468201 read(4, "\v", 1)  = 1
21766 14:48:36.468212 write(4, "\1\0\0\0", 4) = 4
21768 14:48:36.468222 <... read resumed> "\1\0\0\0", 4) = 4
21768 14:48:36.468230 gettimeofday({1495651716, 468234}, NULL) = 0
21768 14:48:36.468241 getcwd("/home/msfadmin", 4096) = 15
21768 14:48:36.468253 open("myfile37", O_WRONLY|O_CREAT|O_NONBLOCK|O_LARGEFILE, 0666) = 4
21768 14:48:36.468268 fstat64(4, {st_mode=S_IFREG|0644, st_size=17, ...}) = 0
21768 14:48:36.468285 fcntl64(4, F_GETFL) = 0x8801 (flags O_WRONLY|O_NONBLOCK|O_LARGEFILE)
21768 14:48:36.468297 fcntl64(4, F_SETFL, O_WRONLY|O_LARGEFILE) = 0
21768 14:48:36.468307 fcntl64(4, F_SETLKW64, {type=F_WRLCK, whence=SEEK_SET, start=0, len=0}, 0xbfce86d4) = 0
21768 14:48:36.468321 ftruncate64(4, 0) = 0
21768 14:48:36.468340 _llseek(4, 0, [0], SEEK_SET) = 0
21768 14:48:36.468351 write(5, "\v", 1) = 1
21768 14:48:36.468361 read(5,  <unfinished ...>
21766 14:48:36.468368 read(4, "\v", 1)  = 1
21766 14:48:36.468378 write(4, "\1\0\0\0", 4) = 4
21768 14:48:36.468389 <... read resumed> "\1\0\0\0", 4) = 4
21768 14:48:36.468396 write(5, "\v", 1) = 1
21768 14:48:36.468405 read(5,  <unfinished ...>
21766 14:48:36.468412 read(4, "\v", 1)  = 1
21766 14:48:36.468422 write(4, "\1\0\0\0", 4) = 4
21768 14:48:36.468432 <... read resumed> "\1\0\0\0", 4) = 4
21768 14:48:36.468439 write(5, "\r", 1) = 1
21768 14:48:36.468448 read(5,  <unfinished ...>
21766 14:48:36.468455 read(4, "\r", 1)  = 1
21766 14:48:36.468493 select(6, [5], NULL, NULL, {60, 0}) = 1 (in [5], left {60, 0})
21766 14:48:36.468523 accept(5, {sa_family=AF_INET, sin_port=htons(49359), sin_addr=inet_addr("127.0.0.1")}, [16]) = 6
21766 14:48:36.468545 write(4, "\1", 1) = 1
21768 14:48:36.468555 <... read resumed> "\1", 1) = 1
21768 14:48:36.468564 recvmsg(5,  <unfinished ...>
21766 14:48:36.468572 sendmsg(4, {msg_name(0)=NULL, msg_iov(1)=[{"\0", 1}], msg_controllen=16, {cmsg_len=16, cmsg_level=SOL_SOCKET, cmsg_type=SCM_RIGHTS, {6}}, msg_flags=0}, 0) = 1
21768 14:48:36.468589 <... recvmsg resumed> {msg_name(0)=NULL, msg_iov(1)=[{"\0", 1}], msg_controllen=16, {cmsg_len=16, cmsg_level=SOL_SOCKET, cmsg_type=SCM_RIGHTS, {6}}, msg_flags=0}, 0) = 1
21768 14:48:36.468601 setsockopt(6, SOL_SOCKET, SO_KEEPALIVE, [1], 4) = 0
21768 14:48:36.468613 setsockopt(6, SOL_IP, IP_TOS, [8], 4) = 0
21768 14:48:36.468625 setsockopt(6, SOL_SOCKET, SO_LINGER, {onoff=1, linger=32767}, 8) = 0
21768 14:48:36.468636 rt_sigaction(SIGALRM, {0x805cad0, ~[RTMIN RT_1], 0}, NULL, 8) = 0
21768 14:48:36.468649 alarm(300)        = 300
21768 14:48:36.468661 write(0, "150 Ok to send data.\r\n", 22) = 22
21768 14:48:36.468728 read(6, "assasaaa\na\na\na\na\n", 65536) = 17
21768 14:48:36.468742 write(4, "assasaaa\na\na\na\na\n", 17) = 17
21768 14:48:36.468758 read(6, "", 65536) = 0
21768 14:48:36.468768 rt_sigaction(SIGALRM, {0x805cad0, ~[RTMIN RT_1], 0}, NULL, 8) = 0
21768 14:48:36.468782 alarm(300)        = 300
21768 14:48:36.468791 close(6)          = 0
21768 14:48:36.468800 alarm(0)          = 300
21768 14:48:36.468810 gettimeofday({1495651716, 468813}, NULL) = 0
21768 14:48:36.468825 gettimeofday({1495651716, 468829}, NULL) = 0
21768 14:48:36.468839 fcntl64(3, F_SETLKW64, {type=F_WRLCK, whence=SEEK_SET, start=0, len=0}, 0xbfce8674) = 0
21768 14:48:36.468853 write(3, "Wed May 24 14:48:36 2017 [pid 21768] [msfadmin] OK UPLOAD: Client \"127.0.0.1\", \"/home/msfadmin/myfile37\", 17 bytes, 27.90Kbyte/sec\n", 131) = 131
21768 14:48:36.468874 fcntl64(3, F_SETLK64, {type=F_UNLCK, whence=SEEK_SET, start=0, len=0}, 0xbfce867c) = 0
21768 14:48:36.468888 write(0, "226 Transfer complete.\r\n", 24) = 24
21768 14:48:36.468931 write(5, "\n", 1) = 1
21768 14:48:36.468942 read(5,  <unfinished ...>
21766 14:48:36.468949 close(6)          = 0
21766 14:48:36.468968 read(4, "\n", 1)  = 1
21766 14:48:36.468979 close(5)          = 0
21766 14:48:36.468988 write(4, "\1", 1) = 1
21768 14:48:36.468988 <... read resumed> "\1", 1) = 1
21768 14:48:36.468988 close(4)          = 0
21768 14:48:36.468989 rt_sigaction(SIGALRM, {0x805cad0, ~[RTMIN RT_1], 0}, NULL, 8) = 0
21768 14:48:36.468989 alarm(300)        = 0
21768 14:48:36.468989 recv(0,  <unfinished ...>
21766 14:48:36.468989 read(4,  <unfinished ...>
21765 14:48:36.917673 <... recv resumed> "USER msfadmin\r\n", 4096, MSG_PEEK) = 15
21765 14:48:36.917713 read(0, "USER msfadmin\r\n", 15) = 15
21765 14:48:36.917737 write(0, "331 Any password will do.\r\n", 27) = 27
21765 14:48:36.917782 rt_sigaction(SIGALRM, {0x805cad0, ~[RTMIN RT_1], 0}, NULL, 8) = 0
21765 14:48:36.917800 alarm(300)        = 299
21765 14:48:36.917813 recv(0, "PASS msfadmin\r\n", 4096, MSG_PEEK) = 15
21765 14:48:36.917825 read(0, "PASS msfadmin\r\n", 15) = 15
21765 14:48:36.917840 write(0, "230 Already logged in.\r\n", 24) = 24
21765 14:48:36.917901 rt_sigaction(SIGALRM, {0x805cad0, ~[RTMIN RT_1], 0}, NULL, 8) = 0
21765 14:48:36.917916 alarm(300)        = 300
21765 14:48:36.917928 recv(0, "TYPE I\r\n", 4096, MSG_PEEK) = 8
21765 14:48:36.917939 read(0, "TYPE I\r\n", 8) = 8
21765 14:48:36.917953 write(0, "200 Switching to Binary mode.\r\n", 31) = 31
21765 14:48:36.917988 rt_sigaction(SIGALRM, {0x805cad0, ~[RTMIN RT_1], 0}, NULL, 8) = 0
21765 14:48:36.918002 alarm(300)        = 300
21765 14:48:36.918013 recv(0, "PASV\r\n", 4096, MSG_PEEK) = 6
21765 14:48:36.918024 read(0, "PASV\r\n", 6) = 6
21765 14:48:36.918068 write(5, "\n", 1 <unfinished ...>
21763 14:48:36.918082 <... read resumed> "\n", 1) = 1
21765 14:48:36.918088 <... write resumed> ) = 1
21763 14:48:36.918104 write(4, "\1", 1) = 1
21763 14:48:36.918115 read(4,  <unfinished ...>
21765 14:48:36.918130 read(5, "\1", 1)  = 1
21765 14:48:36.918142 write(5, "\f", 1 <unfinished ...>
21763 14:48:36.918149 <... read resumed> "\f", 1) = 1
21765 14:48:36.918153 <... write resumed> ) = 1
21763 14:48:36.918160 socket(PF_INET, SOCK_STREAM, IPPROTO_TCP) = 5
21763 14:48:36.918176 setsockopt(5, SOL_SOCKET, SO_REUSEADDR, [1], 4) = 0
21763 14:48:36.918190 bind(5, {sa_family=AF_INET, sin_port=htons(7059), sin_addr=inet_addr("127.0.0.1")}, 16) = 0
21763 14:48:36.918207 listen(5, 1)      = 0
21765 14:48:36.918221 read(5,  <unfinished ...>
21763 14:48:36.918226 write(4, "\223\33\0\0", 4 <unfinished ...>
21765 14:48:36.918233 <... read resumed> "\223\33\0\0", 4) = 4
21763 14:48:36.918239 <... write resumed> ) = 4
21765 14:48:36.918250 write(0, "227 Entering Passive Mode (127,0,0,1,27,147).\r\n", 47 <unfinished ...>
21763 14:48:36.918258 read(4,  <unfinished ...>
21765 14:48:36.918359 <... write resumed> ) = 47
21765 14:48:36.918371 rt_sigaction(SIGALRM, {0x805cad0, ~[RTMIN RT_1], 0}, NULL, 8) = 0
21765 14:48:36.918385 alarm(300)        = 300
21765 14:48:36.918397 recv(0, "RETR myfile27\r\n", 4096, MSG_PEEK) = 15
21765 14:48:36.918409 read(0, "RETR myfile27\r\n", 15) = 15
21765 14:48:36.918421 write(5, "\v", 1 <unfinished ...>
21763 14:48:36.918429 <... read resumed> "\v", 1) = 1
21765 14:48:36.918434 <... write resumed> ) = 1
21763 14:48:36.918440 write(4, "\1\0\0\0", 4) = 4
21763 14:48:36.918451 read(4,  <unfinished ...>
21765 14:48:36.918457 read(5, "\1\0\0\0", 4) = 4
21765 14:48:36.918469 gettimeofday({1495651716, 918473}, NULL) = 0
21765 14:48:36.918480 getcwd("/home/msfadmin", 4096) = 15
21765 14:48:36.918492 open("myfile27", O_RDONLY|O_NONBLOCK|O_LARGEFILE) = 4
21765 14:48:36.918505 fcntl64(4, F_SETLKW64, {type=F_RDLCK, whence=SEEK_SET, start=0, len=0}, 0xbfc6be74) = 0
21765 14:48:36.918521 fstat64(4, {st_mode=S_IFREG|0644, st_size=17, ...}) = 0
21765 14:48:36.918538 fcntl64(4, F_GETFL) = 0x8800 (flags O_RDONLY|O_NONBLOCK|O_LARGEFILE)
21765 14:48:36.918548 fcntl64(4, F_SETFL, O_RDONLY|O_LARGEFILE) = 0
21765 14:48:36.918559 write(5, "\v", 1 <unfinished ...>
21763 14:48:36.918567 <... read resumed> "\v", 1) = 1
21765 14:48:36.918572 <... write resumed> ) = 1
21763 14:48:36.918577 write(4, "\1\0\0\0", 4) = 4
21763 14:48:36.918588 read(4,  <unfinished ...>
21765 14:48:36.918595 read(5, "\1\0\0\0", 4) = 4
21765 14:48:36.918606 write(5, "\v", 1 <unfinished ...>
21763 14:48:36.918612 <... read resumed> "\v", 1) = 1
21765 14:48:36.918617 <... write resumed> ) = 1
21763 14:48:36.918623 write(4, "\1\0\0\0", 4) = 4
21763 14:48:36.918633 read(4,  <unfinished ...>
21765 14:48:36.918639 read(5, "\1\0\0\0", 4) = 4
21765 14:48:36.918650 write(5, "\r", 1 <unfinished ...>
21763 14:48:36.918657 <... read resumed> "\r", 1) = 1
21765 14:48:36.918662 <... write resumed> ) = 1
21763 14:48:36.918669 select(6, [5], NULL, NULL, {60, 0}) = 1 (in [5], left {60, 0})
21763 14:48:36.918685 accept(5, {sa_family=AF_INET, sin_port=htons(49250), sin_addr=inet_addr("127.0.0.1")}, [16]) = 6
21763 14:48:36.918710 write(4, "\1", 1) = 1
21763 14:48:36.918723 sendmsg(4, {msg_name(0)=NULL, msg_iov(1)=[{"\0", 1}], msg_controllen=16, {cmsg_len=16, cmsg_level=SOL_SOCKET, cmsg_type=SCM_RIGHTS, {6}}, msg_flags=0}, 0) = 1
21763 14:48:36.918739 close(6)          = 0
21763 14:48:36.918749 read(4,  <unfinished ...>
21765 14:48:36.918756 read(5, "\1", 1)  = 1
21765 14:48:36.918769 recvmsg(5, {msg_name(0)=NULL, msg_iov(1)=[{"\0", 1}], msg_controllen=16, {cmsg_len=16, cmsg_level=SOL_SOCKET, cmsg_type=SCM_RIGHTS, {6}}, msg_flags=0}, 0) = 1
21765 14:48:36.918786 setsockopt(6, SOL_SOCKET, SO_KEEPALIVE, [1], 4) = 0
21765 14:48:36.918799 setsockopt(6, SOL_IP, IP_TOS, [8], 4) = 0
21765 14:48:36.918810 setsockopt(6, SOL_SOCKET, SO_LINGER, {onoff=1, linger=32767}, 8) = 0
21765 14:48:36.918821 rt_sigaction(SIGALRM, {0x805cad0, ~[RTMIN RT_1], 0}, NULL, 8) = 0
21765 14:48:36.918834 alarm(300)        = 300
21765 14:48:36.918847 write(0, "150 Opening BINARY mode data connection for myfile27 (17 bytes).\r\n", 66) = 66
21765 14:48:36.918888 _llseek(4, 0, [0], SEEK_CUR) = 0
21765 14:48:36.918905 fstat64(4, {st_mode=S_IFREG|0644, st_size=17, ...}) = 0
21765 14:48:36.918923 _llseek(4, 0, [0], SEEK_SET) = 0
21765 14:48:36.918933 sendfile(6, 4, NULL, 17) = 17
21765 14:48:36.918963 rt_sigaction(SIGALRM, {0x805cad0, ~[RTMIN RT_1], 0}, NULL, 8) = 0
21765 14:48:36.919121 alarm(300)        = 300
21765 14:48:36.919132 close(6)          = 0
21765 14:48:36.919180 alarm(0)          = 300
21765 14:48:36.919191 gettimeofday({1495651716, 919194}, NULL) = 0
21765 14:48:36.919207 gettimeofday({1495651716, 919211}, NULL) = 0
21765 14:48:36.919221 fcntl64(3, F_SETLKW64, {type=F_WRLCK, whence=SEEK_SET, start=0, len=0}, 0xbfc6be14) = 0
21765 14:48:36.919236 write(3, "Wed May 24 14:48:36 2017 [pid 21765] [msfadmin] OK DOWNLOAD: Client \"127.0.0.1\", \"/home/msfadmin/myfile27\", 17 bytes, 22.50Kbyte/sec\n", 133) = 133
21765 14:48:36.919257 fcntl64(3, F_SETLK64, {type=F_UNLCK, whence=SEEK_SET, start=0, len=0}, 0xbfc6be1c) = 0
21765 14:48:36.919271 write(0, "226 Transfer complete.\r\n", 24) = 24
21765 14:48:36.919335 write(5, "\n", 1 <unfinished ...>
21763 14:48:36.919345 <... read resumed> "\n", 1) = 1
21765 14:48:36.919350 <... write resumed> ) = 1
21763 14:48:36.919356 close(5)          = 0
21763 14:48:36.919367 write(4, "\1", 1) = 1
21763 14:48:36.919378 read(4,  <unfinished ...>
21765 14:48:36.919385 read(5, "\1", 1)  = 1
21765 14:48:36.919396 close(4)          = 0
21765 14:48:36.919406 rt_sigaction(SIGALRM, {0x805cad0, ~[RTMIN RT_1], 0}, NULL, 8) = 0
21765 14:48:36.919419 alarm(300)        = 0
21765 14:48:36.919430 recv(0,  <unfinished ...>
21768 14:48:36.988452 <... recv resumed> "QUIT\r\n", 4096, MSG_PEEK) = 6
21768 14:48:36.988533 read(0, "QUIT\r\n", 6) = 6
21768 14:48:36.988594 shutdown(0, 0 /* receive */) = 0
21768 14:48:36.988629 fcntl64(0, F_GETFL) = 0x2 (flags O_RDWR)
21768 14:48:36.988653 fcntl64(0, F_SETFL, O_RDWR|O_NONBLOCK) = 0
21768 14:48:36.988687 write(0, "221 Goodbye.\r\n", 14) = 14
21768 14:48:36.988752 fcntl64(0, F_GETFL) = 0x802 (flags O_RDWR|O_NONBLOCK)
21768 14:48:36.988764 fcntl64(0, F_SETFL, O_RDWR) = 0
21768 14:48:36.988775 shutdown(0, 2 /* send and receive */) = 0
21768 14:48:36.988795 exit_group(0)     = ?
21766 14:48:36.988847 <... read resumed> 0xbfce8787, 1) = ? ERESTARTSYS (To be restarted)
21766 14:48:36.988855 --- SIGCHLD (Child exited) @ 0 (0) ---
21766 14:48:36.988866 alarm(1)          = 0
21766 14:48:36.988878 sigreturn()       = ? (mask now [])
21766 14:48:36.988894 alarm(0)          = 1
21766 14:48:36.988904 wait4(-1, [{WIFEXITED(s) && WEXITSTATUS(s) == 0}], 0, NULL) = 21768
21766 14:48:36.988919 exit_group(0)     = ?
4380  14:48:36.988956 <... select resumed> ) = ? ERESTARTNOHAND (To be restarted)
4380  14:48:36.988963 --- SIGCHLD (Child exited) @ 0 (0) ---
4380  14:48:36.988971 write(4, "\21", 1) = 1
4380  14:48:36.988986 sigreturn()       = ? (mask now [])
4380  14:48:36.989019 select(13, [3 5 6 8 9 10 11 12], NULL, NULL, NULL) = 1 (in [3])
4380  14:48:36.989036 ioctl(3, FIONREAD, [1]) = 0
4380  14:48:36.989050 read(3, "\21", 1) = 1
4380  14:48:36.989063 waitpid(-1, [{WIFEXITED(s) && WEXITSTATUS(s) == 0}], WNOHANG) = 21766
4380  14:48:36.989079 close(-1)         = -1 EBADF (Bad file descriptor)
4380  14:48:36.989091 waitpid(-1, 0xbf9d5dbc, WNOHANG) = 0
4380  14:48:36.989100 select(13, [3 5 6 8 9 10 11 12], NULL, NULL, NULL <unfinished ...>
21765 14:48:37.457768 <... recv resumed> "USER msfadmin\r\n", 4096, MSG_PEEK) = 15
21765 14:48:37.457808 read(0, "USER msfadmin\r\n", 15) = 15
21765 14:48:37.457833 write(0, "331 Any password will do.\r\n", 27) = 27
21765 14:48:37.457877 rt_sigaction(SIGALRM, {0x805cad0, ~[RTMIN RT_1], 0}, NULL, 8) = 0
21765 14:48:37.457894 alarm(300)        = 299
21765 14:48:37.457907 recv(0, "PASS msfadmin\r\n", 4096, MSG_PEEK) = 15
21765 14:48:37.457918 read(0, "PASS msfadmin\r\n", 15) = 15
21765 14:48:37.457934 write(0, "230 Already logged in.\r\n", 24) = 24
21765 14:48:37.457993 rt_sigaction(SIGALRM, {0x805cad0, ~[RTMIN RT_1], 0}, NULL, 8) = 0
21765 14:48:37.458008 alarm(300)        = 300
21765 14:48:37.458019 recv(0, "TYPE I\r\n", 4096, MSG_PEEK) = 8
21765 14:48:37.458037 read(0, "TYPE I\r\n", 8) = 8
21765 14:48:37.458052 write(0, "200 Switching to Binary mode.\r\n", 31) = 31
21765 14:48:37.458087 rt_sigaction(SIGALRM, {0x805cad0, ~[RTMIN RT_1], 0}, NULL, 8) = 0
21765 14:48:37.458101 alarm(300)        = 300
21765 14:48:37.458111 recv(0, "PASV\r\n", 4096, MSG_PEEK) = 6
21765 14:48:37.458122 read(0, "PASV\r\n", 6) = 6
21765 14:48:37.458133 write(5, "\n", 1 <unfinished ...>
21763 14:48:37.458144 <... read resumed> "\n", 1) = 1
21765 14:48:37.458149 <... write resumed> ) = 1
21763 14:48:37.458157 write(4, "\1", 1) = 1
21763 14:48:37.458167 read(4,  <unfinished ...>
21765 14:48:37.458174 read(5, "\1", 1)  = 1
21765 14:48:37.458185 write(5, "\f", 1 <unfinished ...>
21763 14:48:37.458192 <... read resumed> "\f", 1) = 1
21765 14:48:37.458196 <... write resumed> ) = 1
21763 14:48:37.458203 socket(PF_INET, SOCK_STREAM, IPPROTO_TCP) = 5
21763 14:48:37.458219 setsockopt(5, SOL_SOCKET, SO_REUSEADDR, [1], 4) = 0
21763 14:48:37.458233 bind(5, {sa_family=AF_INET, sin_port=htons(32571), sin_addr=inet_addr("127.0.0.1")}, 16) = 0
21763 14:48:37.458249 listen(5, 1)      = 0
21763 14:48:37.458263 write(4, ";\177\0\0", 4) = 4
21763 14:48:37.458274 read(4,  <unfinished ...>
21765 14:48:37.458280 read(5, ";\177\0\0", 4) = 4
21765 14:48:37.458295 write(0, "227 Entering Passive Mode (127,0,0,1,127,59).\r\n", 47) = 47
21765 14:48:37.458408 rt_sigaction(SIGALRM, {0x805cad0, ~[RTMIN RT_1], 0}, NULL, 8) = 0
21765 14:48:37.458424 alarm(300)        = 300
21765 14:48:37.458435 recv(0, "RETR myfile28\r\n", 4096, MSG_PEEK) = 15
21765 14:48:37.458447 read(0, "RETR myfile28\r\n", 15) = 15
21765 14:48:37.458459 write(5, "\v", 1 <unfinished ...>
21763 14:48:37.458467 <... read resumed> "\v", 1) = 1
21765 14:48:37.458472 <... write resumed> ) = 1
21763 14:48:37.458478 write(4, "\1\0\0\0", 4) = 4
21763 14:48:37.458488 read(4,  <unfinished ...>
21765 14:48:37.458495 read(5, "\1\0\0\0", 4) = 4
21765 14:48:37.458506 gettimeofday({1495651717, 458510}, NULL) = 0
21765 14:48:37.458517 getcwd("/home/msfadmin", 4096) = 15
21765 14:48:37.458529 open("myfile28", O_RDONLY|O_NONBLOCK|O_LARGEFILE) = 4
21765 14:48:37.458577 fcntl64(4, F_SETLKW64, {type=F_RDLCK, whence=SEEK_SET, start=0, len=0}, 0xbfc6be74) = 0
21765 14:48:37.458602 fstat64(4, {st_mode=S_IFREG|0644, st_size=17, ...}) = 0
21765 14:48:37.458619 fcntl64(4, F_GETFL) = 0x8800 (flags O_RDONLY|O_NONBLOCK|O_LARGEFILE)
21765 14:48:37.458630 fcntl64(4, F_SETFL, O_RDONLY|O_LARGEFILE) = 0
21765 14:48:37.458640 write(5, "\v", 1 <unfinished ...>
21763 14:48:37.458649 <... read resumed> "\v", 1) = 1
21765 14:48:37.458653 <... write resumed> ) = 1
21763 14:48:37.458659 write(4, "\1\0\0\0", 4) = 4
21763 14:48:37.458670 read(4,  <unfinished ...>
21765 14:48:37.458676 read(5, "\1\0\0\0", 4) = 4
21765 14:48:37.458687 write(5, "\v", 1 <unfinished ...>
21763 14:48:37.458694 <... read resumed> "\v", 1) = 1
21765 14:48:37.458698 <... write resumed> ) = 1
21763 14:48:37.458704 write(4, "\1\0\0\0", 4) = 4
21763 14:48:37.458714 read(4,  <unfinished ...>
21765 14:48:37.458720 read(5, "\1\0\0\0", 4) = 4
21765 14:48:37.458731 write(5, "\r", 1 <unfinished ...>
21763 14:48:37.458738 <... read resumed> "\r", 1) = 1
21765 14:48:37.458742 <... write resumed> ) = 1
21763 14:48:37.458749 select(6, [5], NULL, NULL, {60, 0}) = 1 (in [5], left {60, 0})
21763 14:48:37.458765 accept(5, {sa_family=AF_INET, sin_port=htons(60895), sin_addr=inet_addr("127.0.0.1")}, [16]) = 6
21763 14:48:37.458787 write(4, "\1", 1) = 1
21763 14:48:37.458798 sendmsg(4, {msg_name(0)=NULL, msg_iov(1)=[{"\0", 1}], msg_controllen=16, {cmsg_len=16, cmsg_level=SOL_SOCKET, cmsg_type=SCM_RIGHTS, {6}}, msg_flags=0}, 0) = 1
21763 14:48:37.458815 close(6)          = 0
21763 14:48:37.458824 read(4,  <unfinished ...>
21765 14:48:37.458831 read(5, "\1", 1)  = 1
21765 14:48:37.458843 recvmsg(5, {msg_name(0)=NULL, msg_iov(1)=[{"\0", 1}], msg_controllen=16, {cmsg_len=16, cmsg_level=SOL_SOCKET, cmsg_type=SCM_RIGHTS, {6}}, msg_flags=0}, 0) = 1
21765 14:48:37.458861 setsockopt(6, SOL_SOCKET, SO_KEEPALIVE, [1], 4) = 0
21765 14:48:37.458877 setsockopt(6, SOL_IP, IP_TOS, [8], 4) = 0
21765 14:48:37.458889 setsockopt(6, SOL_SOCKET, SO_LINGER, {onoff=1, linger=32767}, 8) = 0
21765 14:48:37.458900 rt_sigaction(SIGALRM, {0x805cad0, ~[RTMIN RT_1], 0}, NULL, 8) = 0
21765 14:48:37.458913 alarm(300)        = 300
21765 14:48:37.458926 write(0, "150 Opening BINARY mode data connection for myfile28 (17 bytes).\r\n", 66) = 66
21765 14:48:37.458966 _llseek(4, 0, [0], SEEK_CUR) = 0
21765 14:48:37.458978 fstat64(4, {st_mode=S_IFREG|0644, st_size=17, ...}) = 0
21765 14:48:37.458995 _llseek(4, 0, [0], SEEK_SET) = 0
21765 14:48:37.459005 sendfile(6, 4, NULL, 17) = 17
21765 14:48:37.459034 rt_sigaction(SIGALRM, {0x805cad0, ~[RTMIN RT_1], 0}, NULL, 8) = 0
21765 14:48:37.459048 alarm(300)        = 300
21765 14:48:37.459747 close(6)          = 0
21765 14:48:37.459790 alarm(0)          = 300
21765 14:48:37.459800 gettimeofday({1495651717, 459804}, NULL) = 0
21765 14:48:37.459816 gettimeofday({1495651717, 459821}, NULL) = 0
21765 14:48:37.459831 fcntl64(3, F_SETLKW64, {type=F_WRLCK, whence=SEEK_SET, start=0, len=0}, 0xbfc6be14) = 0
21765 14:48:37.459845 write(3, "Wed May 24 14:48:37 2017 [pid 21765] [msfadmin] OK DOWNLOAD: Client \"127.0.0.1\", \"/home/msfadmin/myfile28\", 17 bytes, 12.66Kbyte/sec\n", 133) = 133
21765 14:48:37.459867 fcntl64(3, F_SETLK64, {type=F_UNLCK, whence=SEEK_SET, start=0, len=0}, 0xbfc6be1c) = 0
21765 14:48:37.459881 write(0, "226 Transfer complete.\r\n", 24) = 24
21765 14:48:37.459945 write(5, "\n", 1 <unfinished ...>
21763 14:48:37.459955 <... read resumed> "\n", 1) = 1
21765 14:48:37.459960 <... write resumed> ) = 1
21763 14:48:37.459965 close(5)          = 0
21763 14:48:37.459977 write(4, "\1", 1) = 1
21763 14:48:37.459988 read(4,  <unfinished ...>
21765 14:48:37.459994 read(5, "\1", 1)  = 1
21765 14:48:37.460005 close(4)          = 0
21765 14:48:37.460015 rt_sigaction(SIGALRM, {0x805cad0, ~[RTMIN RT_1], 0}, NULL, 8) = 0
21765 14:48:37.460028 alarm(300)        = 0
21765 14:48:37.460039 recv(0,  <unfinished ...>
4380  14:48:37.497815 <... select resumed> ) = 1 (in [5])
4380  14:48:37.497855 accept(5, {sa_family=AF_INET, sin_port=htons(46159), sin_addr=inet_addr("127.0.0.1")}, [16]) = 13
4380  14:48:37.497905 time(NULL)        = 1495651717
4380  14:48:37.497919 clone(child_stack=0, flags=CLONE_CHILD_CLEARTID|CLONE_CHILD_SETTID|SIGCHLD, child_tidptr=0xb7dd26f8) = 21769
21769 14:48:37.498030 rt_sigaction(SIGPIPE, {SIG_DFL}, {SIG_IGN}, 8) = 0
21769 14:48:37.498046 rt_sigaction(SIGTSTP, {SIG_DFL}, {SIG_IGN}, 8) = 0
21769 14:48:37.498057 rt_sigaction(SIGTTIN, {SIG_DFL}, {SIG_IGN}, 8) = 0
21769 14:48:37.498069 rt_sigaction(SIGTTOU, {SIG_DFL}, {SIG_IGN}, 8) = 0
21769 14:48:37.498083 rt_sigprocmask(SIG_SETMASK, [], NULL, 8) = 0
21769 14:48:37.498097 close(3)          = 0
