22845 14:59:19.800757 munmap(0xb7f2d000, 4096) = 0
22845 14:59:19.800768 stat64("/etc/pam.d", {st_mode=S_IFDIR|0755, st_size=4096, ...}) = 0
22845 14:59:19.800786 open("/etc/pam.d/common-account", O_RDONLY|O_LARGEFILE) = 6
22845 14:59:19.800799 fstat64(6, {st_mode=S_IFREG|0644, st_size=392, ...}) = 0
22845 14:59:19.800815 mmap2(NULL, 4096, PROT_READ|PROT_WRITE, MAP_PRIVATE|MAP_ANONYMOUS, -1, 0) = 0xb7f2d000
22845 14:59:19.800825 read(6, "#\n# /etc/pam.d/common-account - authorization settings common to all services\n#\n# This file is included from other service-specific PAM config files,\n# and should contain a list of the authorization modules that define\n# the central access policy for use on the system.  The default is to\n# only deny service to users whose accounts are expired in /etc/shadow.\n#\naccount\trequired\tpam_unix.so\n", 4096) = 392
22845 14:59:19.800864 read(6, "", 4096) = 0
22845 14:59:19.800873 close(6)          = 0
22845 14:59:19.800883 munmap(0xb7f2d000, 4096) = 0
22845 14:59:19.800893 stat64("/etc/pam.d", {st_mode=S_IFDIR|0755, st_size=4096, ...}) = 0
22845 14:59:19.800911 open("/etc/pam.d/common-password", O_RDONLY|O_LARGEFILE) = 6
22845 14:59:19.800924 fstat64(6, {st_mode=S_IFREG|0644, st_size=1563, ...}) = 0
22845 14:59:19.800940 mmap2(NULL, 4096, PROT_READ|PROT_WRITE, MAP_PRIVATE|MAP_ANONYMOUS, -1, 0) = 0xb7f2d000
22845 14:59:19.800950 read(6, "#\n# /etc/pam.d/common-password - password-related modules common to all services\n#\n# This file is included from other service-specific PAM config files,\n# and should contain a list of modules that define the services to be\n# used to change user passwords.  The default is pam_unix.\n\n# Explanation of pam_unix options:\n#\n# The \"nullok\" option allows users to change an empty password, else\n# empty passwords are treated as locked accounts.\n#\n# The \"md5\" option enables MD5 passwords.  Without this option, the\n# default is Unix crypt.\n#\n# The \"obscure\" option replaces the old `OBSCURE_CHECKS_ENAB\' option in\n# login.defs.\n#\n# You can also use the \"min\" option to enforce the length of the new\n# password.\n#\n# See the pam_unix manpage for other options.\n\npassword   requisite   pam_unix.so nullok obscure md5\n\n# Alternate strength checking for password. Note that this\n# requires the libpam-cracklib package to be installed.\n# You will need to comment out the password line above and\n# uncomment the next two in order to use this.\n# (Replaces the `OBSCURE_CHECKS_ENAB\', `CRACKLIB_DICTPATH\')\n#\n# password required\t  pam_cracklib.so retry=3 minlen=6 difok=3\n# password required\t  pam_unix.so use_authtok nullok md5\n\n# minimally-intrusive inclusion of smbpass in the stack for\n# synchronization.  If the module is absent or the passwords don\'t\n# match, this module will be ignored without prompting; and if the \n# passwords do match, the NTLM hash for the user will be updated\n# automatically.\n# password   optional   pam_smbpass.so nullok use_authtok use_first_pass\n", 4096) = 1563
22845 14:59:19.801068 read(6, "", 4096) = 0
22845 14:59:19.801078 close(6)          = 0
22845 14:59:19.801088 munmap(0xb7f2d000, 4096) = 0
22845 14:59:19.801098 stat64("/etc/pam.d", {st_mode=S_IFDIR|0755, st_size=4096, ...}) = 0
22845 14:59:19.801116 open("/etc/pam.d/common-session", O_RDONLY|O_LARGEFILE) = 6
22845 14:59:19.801129 fstat64(6, {st_mode=S_IFREG|0644, st_size=372, ...}) = 0
22845 14:59:19.801145 mmap2(NULL, 4096, PROT_READ|PROT_WRITE, MAP_PRIVATE|MAP_ANONYMOUS, -1, 0) = 0xb7f2d000
22845 14:59:19.801155 read(6, "#\n# /etc/pam.d/common-session - session-related modules common to all services\n#\n# This file is included from other service-specific PAM config files,\n# and should contain a list of modules that define tasks to be performed\n# at the start and end of sessions of *any* kind (both interactive and\n# non-interactive).  The default is pam_unix.\n#\nsession\trequired\tpam_unix.so\n", 4096) = 372
22845 14:59:19.801192 read(6, "", 4096) = 0
22845 14:59:19.801202 close(6)          = 0
22845 14:59:19.801211 munmap(0xb7f2d000, 4096) = 0
22845 14:59:19.801213 read(5, "", 4096) = 0
22845 14:59:19.801213 close(5)          = 0
22845 14:59:19.801213 munmap(0xb7f33000, 4096) = 0
22845 14:59:19.801213 time(NULL)        = 1495652359
22845 14:59:19.801213 lstat64("/etc/ftpusers", {st_mode=S_IFREG|0644, st_size=132, ...}) = 0
22845 14:59:19.801217 open("/etc/ftpusers", O_RDONLY|O_LARGEFILE) = 5
22845 14:59:19.801229 fstat64(5, {st_mode=S_IFREG|0644, st_size=132, ...}) = 0
22845 14:59:19.801245 mmap2(NULL, 4096, PROT_READ|PROT_WRITE, MAP_PRIVATE|MAP_ANONYMOUS, -1, 0) = 0xb7f33000
22845 14:59:19.801256 read(5, "# /etc/ftpusers: list of users disallowed FTP access. See ftpusers(5).\n\nroot\ndaemon\nbin\nsys\nsync\ngames\nman\nlp\nmail\nnews\nuucp\nnobody\n", 4096) = 132
22845 14:59:19.801277 read(5, "", 4096) = 0
22845 14:59:19.801286 close(5)          = 0
22845 14:59:19.801296 munmap(0xb7f33000, 4096) = 0
22845 14:59:19.801311 getuid32()        = 0
22845 14:59:19.801327 open("/etc/passwd", O_RDONLY|0x80000 /* O_??? */) = 5
22845 14:59:19.801342 _llseek(5, 0, [0], SEEK_CUR) = 0
22845 14:59:19.801353 fstat64(5, {st_mode=S_IFREG|0644, st_size=1624, ...}) = 0
22845 14:59:19.801369 mmap2(NULL, 1624, PROT_READ, MAP_SHARED, 5, 0) = 0xb7f33000
22845 14:59:19.801380 _llseek(5, 1624, [1624], SEEK_SET) = 0
22845 14:59:19.801398 munmap(0xb7f33000, 1624) = 0
22845 14:59:19.801409 close(5)          = 0
22845 14:59:19.801433 open("/etc/shadow", O_RDONLY|0x80000 /* O_??? */) = 5
22845 14:59:19.801450 _llseek(5, 0, [0], SEEK_CUR) = 0
22845 14:59:19.801460 fstat64(5, {st_mode=S_IFREG|0640, st_size=1233, ...}) = 0
22845 14:59:19.801476 mmap2(NULL, 1233, PROT_READ, MAP_SHARED, 5, 0) = 0xb7f33000
22845 14:59:19.801495 _llseek(5, 1233, [1233], SEEK_SET) = 0
22845 14:59:19.801546 munmap(0xb7f33000, 1233) = 0
22845 14:59:19.801557 close(5)          = 0
22845 14:59:19.801576 open("/etc/passwd", O_RDONLY|0x80000 /* O_??? */) = 5
22845 14:59:19.801589 _llseek(5, 0, [0], SEEK_CUR) = 0
22845 14:59:19.801599 fstat64(5, {st_mode=S_IFREG|0644, st_size=1624, ...}) = 0
22845 14:59:19.801615 mmap2(NULL, 1624, PROT_READ, MAP_SHARED, 5, 0) = 0xb7f33000
22845 14:59:19.801626 _llseek(5, 1624, [1624], SEEK_SET) = 0
22845 14:59:19.801642 munmap(0xb7f33000, 1624) = 0
22845 14:59:19.801651 close(5)          = 0
22845 14:59:19.801664 open("/etc/shadow", O_RDONLY|0x80000 /* O_??? */) = 5
22845 14:59:19.801676 _llseek(5, 0, [0], SEEK_CUR) = 0
22845 14:59:19.801686 fstat64(5, {st_mode=S_IFREG|0640, st_size=1233, ...}) = 0
22845 14:59:19.801702 mmap2(NULL, 1233, PROT_READ, MAP_SHARED, 5, 0) = 0xb7f33000
22845 14:59:19.801716 _llseek(5, 1233, [1233], SEEK_SET) = 0
22845 14:59:19.801733 munmap(0xb7f33000, 1233) = 0
22845 14:59:19.801742 close(5)          = 0
22845 14:59:19.801974 getuid32()        = 0
22845 14:59:19.801984 open("/etc/passwd", O_RDONLY|0x80000 /* O_??? */) = 5
22845 14:59:19.801997 _llseek(5, 0, [0], SEEK_CUR) = 0
22845 14:59:19.802007 fstat64(5, {st_mode=S_IFREG|0644, st_size=1624, ...}) = 0
22845 14:59:19.802023 mmap2(NULL, 1624, PROT_READ, MAP_SHARED, 5, 0) = 0xb7f33000
22845 14:59:19.802033 _llseek(5, 1624, [1624], SEEK_SET) = 0
22845 14:59:19.802049 munmap(0xb7f33000, 1624) = 0
22845 14:59:19.802058 close(5)          = 0
22845 14:59:19.802071 open("/etc/shadow", O_RDONLY|0x80000 /* O_??? */) = 5
22845 14:59:19.802083 _llseek(5, 0, [0], SEEK_CUR) = 0
22845 14:59:19.802093 fstat64(5, {st_mode=S_IFREG|0640, st_size=1233, ...}) = 0
22845 14:59:19.802109 mmap2(NULL, 1233, PROT_READ, MAP_SHARED, 5, 0) = 0xb7f33000
22845 14:59:19.802119 _llseek(5, 1233, [1233], SEEK_SET) = 0
22845 14:59:19.802135 munmap(0xb7f33000, 1233) = 0
22845 14:59:19.802144 close(5)          = 0
22845 14:59:19.802156 time(NULL)        = 1495652359
22845 14:59:19.802170 munmap(0xb7f30000, 12164) = 0
22845 14:59:19.802183 munmap(0xb7f2e000, 7136) = 0
22845 14:59:19.802197 munmap(0xb7d63000, 95428) = 0
22845 14:59:19.802208 munmap(0xb7d29000, 201052) = 0
22845 14:59:19.802218 munmap(0xb7d10000, 101180) = 0
22845 14:59:19.802234 gettimeofday({1495652359, 802238}, NULL) = 0
22845 14:59:19.802245 stat64("/usr/share/zoneinfo/UTC+04:00", 0xbfc4a5b4) = -1 ENOENT (No such file or directory)
22845 14:59:19.802260 open("/usr/share/zoneinfo/UTC+04:00", O_RDONLY) = -1 ENOENT (No such file or directory)
22845 14:59:19.802285 fcntl64(3, F_SETLKW64, {type=F_WRLCK, whence=SEEK_SET, start=0, len=0}, 0xbfc4a704) = 0
22845 14:59:19.802300 write(3, "Wed May 24 14:59:19 2017 [pid 22845] [msfadmin] OK LOGIN: Client \"127.0.0.1\"\n", 77) = 77
22845 14:59:19.802317 fcntl64(3, F_SETLK64, {type=F_UNLCK, whence=SEEK_SET, start=0, len=0}, 0xbfc4a70c) = 0
22845 14:59:19.802330 rt_sigaction(SIGCHLD, {0x805cad0, ~[RTMIN RT_1], 0}, NULL, 8) = 0
22845 14:59:19.802344 write(4, "\1", 1 <unfinished ...>
22846 14:59:19.802353 <... read resumed> "\1", 1) = 1
22845 14:59:19.802358 <... write resumed> ) = 1
22846 14:59:19.802366 exit_group(0)     = ?
22845 14:59:19.802393 --- SIGCHLD (Child exited) @ 0 (0) ---
22845 14:59:19.802400 sigreturn()       = ? (mask now [])
22845 14:59:19.802419 wait4(-1, [{WIFEXITED(s) && WEXITSTATUS(s) == 0}], 0, NULL) = 22846
22845 14:59:19.802432 close(4)          = 0
22845 14:59:19.802444 socketpair(PF_FILE, SOCK_STREAM, 0, [4, 5]) = 0
22845 14:59:19.802457 rt_sigaction(SIGCHLD, {0x805cad0, ~[RTMIN RT_1], 0}, NULL, 8) = 0
22845 14:59:19.802495 rt_sigaction(SIGALRM, {0x805cb10, ~[RTMIN RT_1], 0}, NULL, 8) = 0
22845 14:59:19.802511 clone(child_stack=0, flags=CLONE_CHILD_CLEARTID|CLONE_CHILD_SETTID|SIGCHLD, child_tidptr=0xb7d996f8) = 22847
22847 14:59:19.802570 prctl(0x1, 0x9, 0, 0, 0) = 0
22847 14:59:19.802584 close(4)          = 0
22847 14:59:19.802611 open("/etc/passwd", O_RDONLY|0x80000 /* O_??? */) = 4
22847 14:59:19.802628 _llseek(4, 0, [0], SEEK_CUR) = 0
22847 14:59:19.802643 fstat64(4, {st_mode=S_IFREG|0644, st_size=1624, ...}) = 0
22847 14:59:19.802661 mmap2(NULL, 1624, PROT_READ, MAP_SHARED, 4, 0) = 0xb7f33000
22847 14:59:19.802672 _llseek(4, 1624, [1624], SEEK_SET) = 0
22847 14:59:19.802694 munmap(0xb7f33000, 1624) = 0
22847 14:59:19.802706 close(4)          = 0
22847 14:59:19.802719 getuid32()        = 0
22847 14:59:19.802729 open("/etc/passwd", O_RDONLY|0x80000 /* O_??? */) = 4
22847 14:59:19.802741 _llseek(4, 0, [0], SEEK_CUR) = 0
22847 14:59:19.802751 fstat64(4, {st_mode=S_IFREG|0644, st_size=1624, ...}) = 0
22847 14:59:19.802767 mmap2(NULL, 1624, PROT_READ, MAP_SHARED, 4, 0) = 0xb7f33000
22847 14:59:19.802778 _llseek(4, 1624, [1624], SEEK_SET) = 0
22847 14:59:19.802793 munmap(0xb7f33000, 1624) = 0
22847 14:59:19.802802 close(4)          = 0
22847 14:59:19.802827 open("/proc/sys/kernel/ngroups_max", O_RDONLY) = 4
22847 14:59:19.802851 read(4, "65536\n", 31) = 6
22847 14:59:19.802864 close(4)          = 0
22847 14:59:19.802877 socket(PF_FILE, SOCK_STREAM, 0) = 4
22847 14:59:19.802889 fcntl64(4, F_SETFL, O_RDWR|O_NONBLOCK) = 0
22847 14:59:19.802900 connect(4, {sa_family=AF_FILE, path="/var/run/nscd/socket"}, 110) = -1 ENOENT (No such file or directory)
22847 14:59:19.802921 close(4)          = 0
22847 14:59:19.802933 socket(PF_FILE, SOCK_STREAM, 0) = 4
22847 14:59:19.802943 fcntl64(4, F_SETFL, O_RDWR|O_NONBLOCK) = 0
22847 14:59:19.802953 connect(4, {sa_family=AF_FILE, path="/var/run/nscd/socket"}, 110) = -1 ENOENT (No such file or directory)
22847 14:59:19.802971 close(4)          = 0
22847 14:59:19.802995 open("/etc/group", O_RDONLY|0x80000 /* O_??? */) = 4
22847 14:59:19.803009 _llseek(4, 0, [0], SEEK_CUR) = 0
22847 14:59:19.803020 fstat64(4, {st_mode=S_IFREG|0644, st_size=886, ...}) = 0
22847 14:59:19.803036 mmap2(NULL, 886, PROT_READ, MAP_SHARED, 4, 0) = 0xb7f33000
22847 14:59:19.803047 _llseek(4, 886, [886], SEEK_SET) = 0
22847 14:59:19.803073 fstat64(4, {st_mode=S_IFREG|0644, st_size=886, ...}) = 0
22847 14:59:19.803091 munmap(0xb7f33000, 886) = 0
22847 14:59:19.803101 close(4)          = 0
22847 14:59:19.803111 setgroups32(13, [1000, 4, 20, 24, 25, 29, 30, 44, 46, 107, 111, 112, 119]) = 0
22847 14:59:19.803127 geteuid32()       = 0
22847 14:59:19.803138 getegid32()       = 0
22847 14:59:19.803148 setregid32(-1, 1000) = 0
22847 14:59:19.803159 setreuid32(-1, 1000) = 0
22847 14:59:19.803169 chdir("/home/msfadmin") = 0
22847 14:59:19.803181 setreuid32(-1, 0) = 0
22847 14:59:19.803190 setregid32(-1, 0) = 0
22847 14:59:19.803200 setgid32(1000)    = 0
22847 14:59:19.803210 setuid32(1000)    = 0
22847 14:59:19.803220 setrlimit(RLIMIT_NPROC, {rlim_cur=0, rlim_max=0}) = 0
22847 14:59:19.803233 mmap2(NULL, 12288, PROT_READ|PROT_WRITE, MAP_PRIVATE|MAP_ANONYMOUS, -1, 0) = 0xb7f31000
22847 14:59:19.803244 mprotect(0xb7f33000, 4096, PROT_NONE) = 0
22847 14:59:19.803256 mprotect(0xb7f31000, 4096, PROT_NONE) = 0
22847 14:59:19.803266 getcwd("/home/msfadmin", 4096) = 15
22847 14:59:19.803279 umask(022)        = 077
22847 14:59:19.803289 getcwd("/home/msfadmin", 4096) = 15
22847 14:59:19.803302 open(".message", O_RDONLY|O_NONBLOCK|O_LARGEFILE) = -1 ENOENT (No such file or directory)
22847 14:59:19.803324 write(0, "230 Login successful.\r\n", 23) = 23
22847 14:59:19.803389 rt_sigaction(SIGALRM, {0x805cad0, ~[RTMIN RT_1], 0}, NULL, 8) = 0
22847 14:59:19.803406 alarm(300)        = 0
22847 14:59:19.803416 mmap2(NULL, 12288, PROT_READ|PROT_WRITE, MAP_PRIVATE|MAP_ANONYMOUS, -1, 0) = 0xb7f2e000
22847 14:59:19.803428 mprotect(0xb7f30000, 4096, PROT_NONE) = 0
22847 14:59:19.803465 mprotect(0xb7f2e000, 4096, PROT_NONE) = 0
22847 14:59:19.803488 recv(0, "TYPE I\r\n", 4096, MSG_PEEK) = 8
22847 14:59:19.803501 read(0, "TYPE I\r\n", 8) = 8
22847 14:59:19.803518 write(0, "200 Switching to Binary mode.\r\n", 31) = 31
22847 14:59:19.803559 rt_sigaction(SIGALRM, {0x805cad0, ~[RTMIN RT_1], 0}, NULL, 8) = 0
22847 14:59:19.803574 alarm(300)        = 300
22847 14:59:19.803585 recv(0, "PASV\r\n", 4096, MSG_PEEK) = 6
22847 14:59:19.803596 read(0, "PASV\r\n", 6) = 6
22847 14:59:19.803608 write(5, "\n", 1) = 1
22847 14:59:19.803619 read(5,  <unfinished ...>
22845 14:59:19.803631 close(5)          = 0
22845 14:59:19.803644 getuid32()        = 0
22845 14:59:19.803659 open("/etc/passwd", O_RDONLY|0x80000 /* O_??? */) = 5
22845 14:59:19.803673 _llseek(5, 0, [0], SEEK_CUR) = 0
22845 14:59:19.803686 fstat64(5, {st_mode=S_IFREG|0644, st_size=1624, ...}) = 0
22845 14:59:19.803703 mmap2(NULL, 1624, PROT_READ, MAP_SHARED, 5, 0) = 0xb7f33000
22845 14:59:19.803715 _llseek(5, 1624, [1624], SEEK_SET) = 0
22845 14:59:19.803732 munmap(0xb7f33000, 1624) = 0
22845 14:59:19.803743 close(5)          = 0
22845 14:59:19.803758 setgroups32(0, []) = 0
22845 14:59:19.803770 chdir("/usr/share/empty") = 0
22845 14:59:19.803782 chroot(".")       = 0
22845 14:59:19.803792 capset(NULL, NULL) = -1 EFAULT (Bad address)
22845 14:59:19.803806 prctl(0x8, 0, 0xbfc4a6e8, 0x80549a6, 0xbfc4a6d0) = 0
22845 14:59:19.803821 prctl(0x8, 0x1, 0xbfc4a6e8, 0x8054a49, 0xbfc4a6d0) = 0
22845 14:59:19.803831 setgid32(65534)   = 0
22845 14:59:19.803841 setuid32(65534)   = 0
22845 14:59:19.803850 capset(0x19980330, 0, {CAP_NET_BIND_SERVICE, CAP_NET_BIND_SERVICE, 0}) = 0
22845 14:59:19.803863 read(4, "\n", 1)  = 1
22845 14:59:19.803877 write(4, "\1", 1) = 1
22847 14:59:19.803888 <... read resumed> "\1", 1) = 1
22847 14:59:19.803895 write(5, "\f", 1) = 1
22847 14:59:19.803905 read(5,  <unfinished ...>
22845 14:59:19.803912 read(4, "\f", 1)  = 1
22845 14:59:19.803924 socket(PF_INET, SOCK_STREAM, IPPROTO_TCP) = 5
22845 14:59:19.803937 setsockopt(5, SOL_SOCKET, SO_REUSEADDR, [1], 4) = 0
22845 14:59:19.803948 gettimeofday({1495652359, 803952}, NULL) = 0
22845 14:59:19.803964 bind(5, {sa_family=AF_INET, sin_port=htons(54883), sin_addr=inet_addr("127.0.0.1")}, 16) = 0
22845 14:59:19.803980 listen(5, 1)      = 0
22845 14:59:19.803996 write(4, "c\326\0\0", 4) = 4
22847 14:59:19.804007 <... read resumed> "c\326\0\0", 4) = 4
22847 14:59:19.804021 write(0, "227 Entering Passive Mode (127,0,0,1,214,99).\r\n", 47) = 47
22847 14:59:19.804119 rt_sigaction(SIGALRM, {0x805cad0, ~[RTMIN RT_1], 0}, NULL, 8) = 0
22847 14:59:19.804136 alarm(300)        = 300
22847 14:59:19.804148 recv(0, "RETR myfile16\r\n", 4096, MSG_PEEK) = 15
22847 14:59:19.804160 read(0, "RETR myfile16\r\n", 15) = 15
22847 14:59:19.804174 write(5, "\v", 1) = 1
22847 14:59:19.804185 read(5,  <unfinished ...>
22845 14:59:19.804192 read(4, "\v", 1)  = 1
22845 14:59:19.804203 write(4, "\1\0\0\0", 4) = 4
22847 14:59:19.804213 <... read resumed> "\1\0\0\0", 4) = 4
22847 14:59:19.804222 gettimeofday({1495652359, 804225}, NULL) = 0
22847 14:59:19.804232 getcwd("/home/msfadmin", 4096) = 15
22847 14:59:19.804244 open("myfile16", O_RDONLY|O_NONBLOCK|O_LARGEFILE) = 4
22847 14:59:19.804257 fcntl64(4, F_SETLKW64, {type=F_RDLCK, whence=SEEK_SET, start=0, len=0}, 0xbfc4a654) = 0
22847 14:59:19.804270 fstat64(4, {st_mode=S_IFREG|0644, st_size=17, ...}) = 0
22847 14:59:19.804287 fcntl64(4, F_GETFL) = 0x8800 (flags O_RDONLY|O_NONBLOCK|O_LARGEFILE)
22847 14:59:19.804297 fcntl64(4, F_SETFL, O_RDONLY|O_LARGEFILE) = 0
22847 14:59:19.804309 write(5, "\v", 1) = 1
22847 14:59:19.804320 read(5,  <unfinished ...>
22845 14:59:19.804327 read(4, "\v", 1)  = 1
22845 14:59:19.804337 write(4, "\1\0\0\0", 4) = 4
22847 14:59:19.804348 <... read resumed> "\1\0\0\0", 4) = 4
22847 14:59:19.804355 write(5, "\v", 1) = 1
22847 14:59:19.804364 read(5,  <unfinished ...>
22845 14:59:19.804371 read(4, "\v", 1)  = 1
22845 14:59:19.804382 write(4, "\1\0\0\0", 4) = 4
22847 14:59:19.804392 <... read resumed> "\1\0\0\0", 4) = 4
22847 14:59:19.804424 write(5, "\r", 1) = 1
22847 14:59:19.804436 read(5,  <unfinished ...>
22845 14:59:19.804453 read(4, "\r", 1)  = 1
22845 14:59:19.804466 select(6, [5], NULL, NULL, {60, 0}) = 1 (in [5], left {60, 0})
22845 14:59:19.804483 accept(5, {sa_family=AF_INET, sin_port=htons(46034), sin_addr=inet_addr("127.0.0.1")}, [16]) = 6
22845 14:59:19.804505 write(4, "\1", 1) = 1
22847 14:59:19.804515 <... read resumed> "\1", 1) = 1
22847 14:59:19.804525 recvmsg(5,  <unfinished ...>
22845 14:59:19.804534 sendmsg(4, {msg_name(0)=NULL, msg_iov(1)=[{"\0", 1}], msg_controllen=16, {cmsg_len=16, cmsg_level=SOL_SOCKET, cmsg_type=SCM_RIGHTS, {6}}, msg_flags=0}, 0) = 1
22847 14:59:19.804551 <... recvmsg resumed> {msg_name(0)=NULL, msg_iov(1)=[{"\0", 1}], msg_controllen=16, {cmsg_len=16, cmsg_level=SOL_SOCKET, cmsg_type=SCM_RIGHTS, {6}}, msg_flags=0}, 0) = 1
22847 14:59:19.804564 setsockopt(6, SOL_SOCKET, SO_KEEPALIVE, [1], 4) = 0
22847 14:59:19.804576 setsockopt(6, SOL_IP, IP_TOS, [8], 4) = 0
22847 14:59:19.804588 setsockopt(6, SOL_SOCKET, SO_LINGER, {onoff=1, linger=32767}, 8) = 0
22847 14:59:19.804599 rt_sigaction(SIGALRM, {0x805cad0, ~[RTMIN RT_1], 0}, NULL, 8) = 0
22847 14:59:19.804612 alarm(300)        = 300
22847 14:59:19.804626 write(0, "150 Opening BINARY mode data connection for myfile16 (17 bytes).\r\n", 66) = 66
22847 14:59:19.804669 _llseek(4, 0, [0], SEEK_CUR) = 0
22847 14:59:19.804681 fstat64(4, {st_mode=S_IFREG|0644, st_size=17, ...}) = 0
22847 14:59:19.804702 _llseek(4, 0, [0], SEEK_SET) = 0
22847 14:59:19.804715 sendfile(6, 4, NULL, 17) = 17
22847 14:59:19.804743 rt_sigaction(SIGALRM, {0x805cad0, ~[RTMIN RT_1], 0}, NULL, 8) = 0
22847 14:59:19.804757 alarm(300)        = 300
22847 14:59:19.804767 close(6)          = 0
22847 14:59:19.804776 alarm(0)          = 300
22847 14:59:19.804785 gettimeofday({1495652359, 804789}, NULL) = 0
22847 14:59:19.804802 getpid()          = 22847
22847 14:59:19.804814 gettimeofday({1495652359, 804817}, NULL) = 0
22847 14:59:19.804831 fcntl64(3, F_SETLKW64, {type=F_WRLCK, whence=SEEK_SET, start=0, len=0}, 0xbfc4a5f4) = 0
22847 14:59:19.804846 write(3, "Wed May 24 14:59:19 2017 [pid 22847] [msfadmin] OK DOWNLOAD: Client \"127.0.0.1\", \"/home/msfadmin/myfile16\", 17 bytes, 28.04Kbyte/sec\n", 133) = 133
22847 14:59:19.804865 fcntl64(3, F_SETLK64, {type=F_UNLCK, whence=SEEK_SET, start=0, len=0}, 0xbfc4a5fc) = 0
22847 14:59:19.804879 write(0, "226 Transfer complete.\r\n", 24) = 24
22847 14:59:19.804894 write(5, "\n", 1) = 1
22847 14:59:19.804905 read(5,  <unfinished ...>
22845 14:59:19.804912 close(6)          = 0
22845 14:59:19.804989 read(4, "\n", 1)  = 1
22845 14:59:19.805003 close(5)          = 0
22845 14:59:19.805014 write(4, "\1", 1) = 1
22847 14:59:19.805025 <... read resumed> "\1", 1) = 1
22847 14:59:19.805032 close(4)          = 0
22847 14:59:19.805042 rt_sigaction(SIGALRM, {0x805cad0, ~[RTMIN RT_1], 0}, NULL, 8) = 0
22847 14:59:19.805055 alarm(300)        = 0
22847 14:59:19.805066 recv(0,  <unfinished ...>
22845 14:59:19.805073 read(4,  <unfinished ...>
22841 14:59:19.841263 <... recv resumed> "TYPE I\r\n", 4096, MSG_PEEK) = 8
22841 14:59:19.841294 read(0, "TYPE I\r\n", 8) = 8
22841 14:59:19.841316 write(0, "200 Switching to Binary mode.\r\n", 31) = 31
22841 14:59:19.841364 rt_sigaction(SIGALRM, {0x805cad0, ~[RTMIN RT_1], 0}, NULL, 8) = 0
22841 14:59:19.841381 alarm(300)        = 299
22841 14:59:19.841394 recv(0, "PASV\r\n", 4096, MSG_PEEK) = 6
22841 14:59:19.841406 read(0, "PASV\r\n", 6) = 6
22841 14:59:19.841417 write(5, "\n", 1 <unfinished ...>
22839 14:59:19.841429 <... read resumed> "\n", 1) = 1
22841 14:59:19.841434 <... write resumed> ) = 1
22839 14:59:19.841442 write(4, "\1", 1) = 1
22841 14:59:19.841454 read(5,  <unfinished ...>
22839 14:59:19.841458 read(4,  <unfinished ...>
22841 14:59:19.841465 <... read resumed> "\1", 1) = 1
22841 14:59:19.841472 write(5, "\f", 1 <unfinished ...>
22839 14:59:19.841479 <... read resumed> "\f", 1) = 1
22841 14:59:19.841483 <... write resumed> ) = 1
22839 14:59:19.841491 socket(PF_INET, SOCK_STREAM, IPPROTO_TCP) = 5
22841 14:59:19.841506 read(5,  <unfinished ...>
22839 14:59:19.841512 setsockopt(5, SOL_SOCKET, SO_REUSEADDR, [1], 4) = 0
22839 14:59:19.841527 bind(5, {sa_family=AF_INET, sin_port=htons(13020), sin_addr=inet_addr("127.0.0.1")}, 16) = 0
22839 14:59:19.841543 listen(5, 1)      = 0
22839 14:59:19.841557 write(4, "\3342\0\0", 4 <unfinished ...>
22841 14:59:19.841565 <... read resumed> "\3342\0\0", 4) = 4
22839 14:59:19.841570 <... write resumed> ) = 4
22841 14:59:19.841582 write(0, "227 Entering Passive Mode (127,0,0,1,50,220).\r\n", 47 <unfinished ...>
22839 14:59:19.841590 read(4,  <unfinished ...>
22841 14:59:19.841690 <... write resumed> ) = 47
22841 14:59:19.841702 rt_sigaction(SIGALRM, {0x805cad0, ~[RTMIN RT_1], 0}, NULL, 8) = 0
22841 14:59:19.841717 alarm(300)        = 300
22841 14:59:19.841728 recv(0, "STOR myfile38\r\n", 4096, MSG_PEEK) = 15
22841 14:59:19.841740 read(0, "STOR myfile38\r\n", 15) = 15
22841 14:59:19.841754 write(5, "\v", 1 <unfinished ...>
22839 14:59:19.841761 <... read resumed> "\v", 1) = 1
22841 14:59:19.841766 <... write resumed> ) = 1
22839 14:59:19.841772 write(4, "\1\0\0\0", 4) = 4
22839 14:59:19.841783 read(4,  <unfinished ...>
22841 14:59:19.841789 read(5, "\1\0\0\0", 4) = 4
22841 14:59:19.841801 gettimeofday({1495652359, 841805}, NULL) = 0
22841 14:59:19.841812 getcwd("/home/msfadmin", 4096) = 15
22841 14:59:19.841825 open("myfile38", O_WRONLY|O_CREAT|O_NONBLOCK|O_LARGEFILE, 0666) = 4
22841 14:59:19.841839 fstat64(4, {st_mode=S_IFREG|0644, st_size=17, ...}) = 0
22841 14:59:19.841865 fcntl64(4, F_GETFL) = 0x8801 (flags O_WRONLY|O_NONBLOCK|O_LARGEFILE)
22841 14:59:19.841876 fcntl64(4, F_SETFL, O_WRONLY|O_LARGEFILE) = 0
22841 14:59:19.841886 fcntl64(4, F_SETLKW64, {type=F_WRLCK, whence=SEEK_SET, start=0, len=0}, 0xbffdc1c4) = 0
22841 14:59:19.841900 ftruncate64(4, 0) = 0
22841 14:59:19.841918 _llseek(4, 0, [0], SEEK_SET) = 0
22841 14:59:19.841929 write(5, "\v", 1 <unfinished ...>
22839 14:59:19.841937 <... read resumed> "\v", 1) = 1
22841 14:59:19.842101 <... write resumed> ) = 1
22839 14:59:19.842108 write(4, "\1\0\0\0", 4) = 4
22839 14:59:19.842129 read(4,  <unfinished ...>
22841 14:59:19.842136 read(5, "\1\0\0\0", 4) = 4
22841 14:59:19.842148 write(5, "\v", 1 <unfinished ...>
22839 14:59:19.842154 <... read resumed> "\v", 1) = 1
22841 14:59:19.842159 <... write resumed> ) = 1
22839 14:59:19.842165 write(4, "\1\0\0\0", 4) = 4
22839 14:59:19.842175 read(4,  <unfinished ...>
22841 14:59:19.842181 read(5, "\1\0\0\0", 4) = 4
22841 14:59:19.842193 write(5, "\r", 1 <unfinished ...>
22839 14:59:19.842199 <... read resumed> "\r", 1) = 1
22841 14:59:19.842204 <... write resumed> ) = 1
22839 14:59:19.842211 select(6, [5], NULL, NULL, {60, 0}) = 1 (in [5], left {60, 0})
22839 14:59:19.842228 accept(5, {sa_family=AF_INET, sin_port=htons(53774), sin_addr=inet_addr("127.0.0.1")}, [16]) = 6
22839 14:59:19.842250 write(4, "\1", 1) = 1
22839 14:59:19.842262 sendmsg(4, {msg_name(0)=NULL, msg_iov(1)=[{"\0", 1}], msg_controllen=16, {cmsg_len=16, cmsg_level=SOL_SOCKET, cmsg_type=SCM_RIGHTS, {6}}, msg_flags=0}, 0) = 1
22839 14:59:19.842279 close(6)          = 0
22839 14:59:19.842289 read(4,  <unfinished ...>
22841 14:59:19.842295 read(5, "\1", 1)  = 1
22841 14:59:19.842308 recvmsg(5, {msg_name(0)=NULL, msg_iov(1)=[{"\0", 1}], msg_controllen=16, {cmsg_len=16, cmsg_level=SOL_SOCKET, cmsg_type=SCM_RIGHTS, {6}}, msg_flags=0}, 0) = 1
22841 14:59:19.842325 setsockopt(6, SOL_SOCKET, SO_KEEPALIVE, [1], 4) = 0
22841 14:59:19.842338 setsockopt(6, SOL_IP, IP_TOS, [8], 4) = 0
22841 14:59:19.842349 setsockopt(6, SOL_SOCKET, SO_LINGER, {onoff=1, linger=32767}, 8) = 0
22841 14:59:19.842361 rt_sigaction(SIGALRM, {0x805cad0, ~[RTMIN RT_1], 0}, NULL, 8) = 0
22841 14:59:19.842374 alarm(300)        = 300
22841 14:59:19.842386 write(0, "150 Ok to send data.\r\n", 22) = 22
22841 14:59:19.842452 read(6, "assasaaa\na\na\na\na\n", 65536) = 17
22841 14:59:19.842466 write(4, "assasaaa\na\na\na\na\n", 17) = 17
22841 14:59:19.842483 read(6, "", 65536) = 0
22841 14:59:19.842493 rt_sigaction(SIGALRM, {0x805cad0, ~[RTMIN RT_1], 0}, NULL, 8) = 0
22841 14:59:19.842506 alarm(300)        = 300
22841 14:59:19.842516 close(6)          = 0
22841 14:59:19.842532 alarm(0)          = 300
22841 14:59:19.842542 gettimeofday({1495652359, 842545}, NULL) = 0
22841 14:59:19.842557 gettimeofday({1495652359, 842561}, NULL) = 0
22841 14:59:19.842570 fcntl64(3, F_SETLKW64, {type=F_WRLCK, whence=SEEK_SET, start=0, len=0}, 0xbffdc164) = 0
22841 14:59:19.842585 write(3, "Wed May 24 14:59:19 2017 [pid 22841] [msfadmin] OK UPLOAD: Client \"127.0.0.1\", \"/home/msfadmin/myfile38\", 17 bytes, 21.96Kbyte/sec\n", 131) = 131
22841 14:59:19.842606 fcntl64(3, F_SETLK64, {type=F_UNLCK, whence=SEEK_SET, start=0, len=0}, 0xbffdc16c) = 0
22841 14:59:19.842620 write(0, "226 Transfer complete.\r\n", 24) = 24
22841 14:59:19.842662 write(5, "\n", 1 <unfinished ...>
22839 14:59:19.842672 <... read resumed> "\n", 1) = 1
22841 14:59:19.842677 <... write resumed> ) = 1
22839 14:59:19.842682 close(5)          = 0
22839 14:59:19.842694 write(4, "\1", 1) = 1
22839 14:59:19.842704 read(4,  <unfinished ...>
22841 14:59:19.842711 read(5, "\1", 1)  = 1
22841 14:59:19.842722 close(4)          = 0
22841 14:59:19.842732 rt_sigaction(SIGALRM, {0x805cad0, ~[RTMIN RT_1], 0}, NULL, 8) = 0
22841 14:59:19.842746 alarm(300)        = 0
22841 14:59:19.842756 recv(0,  <unfinished ...>
22847 14:59:20.351271 <... recv resumed> "USER msfadmin\r\n", 4096, MSG_PEEK) = 15
22847 14:59:20.351312 read(0, "USER msfadmin\r\n", 15) = 15
22847 14:59:20.351347 write(0, "331 Any password will do.\r\n", 27) = 27
22847 14:59:20.351393 rt_sigaction(SIGALRM, {0x805cad0, ~[RTMIN RT_1], 0}, NULL, 8) = 0
22847 14:59:20.351410 alarm(300)        = 299
22847 14:59:20.351423 recv(0, "PASS msfadmin\r\n", 4096, MSG_PEEK) = 15
22847 14:59:20.351435 read(0, "PASS msfadmin\r\n", 15) = 15
22847 14:59:20.351451 write(0, "230 Already logged in.\r\n", 24) = 24
22847 14:59:20.351511 rt_sigaction(SIGALRM, {0x805cad0, ~[RTMIN RT_1], 0}, NULL, 8) = 0
22847 14:59:20.351527 alarm(300)        = 300
22847 14:59:20.351538 recv(0, "TYPE I\r\n", 4096, MSG_PEEK) = 8
22847 14:59:20.351549 read(0, "TYPE I\r\n", 8) = 8
22847 14:59:20.351563 write(0, "200 Switching to Binary mode.\r\n", 31) = 31
22847 14:59:20.351598 rt_sigaction(SIGALRM, {0x805cad0, ~[RTMIN RT_1], 0}, NULL, 8) = 0
22847 14:59:20.351612 alarm(300)        = 300
22847 14:59:20.351623 recv(0, "PASV\r\n", 4096, MSG_PEEK) = 6
22847 14:59:20.351634 read(0, "PASV\r\n", 6) = 6
22847 14:59:20.351645 write(5, "\n", 1) = 1
22847 14:59:20.351657 read(5,  <unfinished ...>
22845 14:59:20.351666 <... read resumed> "\n", 1) = 1
22845 14:59:20.351675 write(4, "\1", 1) = 1
22847 14:59:20.351686 <... read resumed> "\1", 1) = 1
22847 14:59:20.351693 write(5, "\f", 1) = 1
22847 14:59:20.351702 read(5,  <unfinished ...>
22845 14:59:20.351709 read(4, "\f", 1)  = 1
22845 14:59:20.351721 socket(PF_INET, SOCK_STREAM, IPPROTO_TCP) = 5
22845 14:59:20.351737 setsockopt(5, SOL_SOCKET, SO_REUSEADDR, [1], 4) = 0
22845 14:59:20.351751 bind(5, {sa_family=AF_INET, sin_port=htons(24126), sin_addr=inet_addr("127.0.0.1")}, 16) = 0
22845 14:59:20.351768 listen(5, 1)      = 0
22845 14:59:20.351782 write(4, ">^\0\0", 4) = 4
22847 14:59:20.351793 <... read resumed> ">^\0\0", 4) = 4
22847 14:59:20.351805 write(0, "227 Entering Passive Mode (127,0,0,1,94,62).\r\n", 46) = 46
22847 14:59:20.351917 rt_sigaction(SIGALRM, {0x805cad0, ~[RTMIN RT_1], 0}, NULL, 8) = 0
22847 14:59:20.351933 alarm(300)        = 300
22847 14:59:20.351963 recv(0, "RETR myfile17\r\n", 4096, MSG_PEEK) = 15
22847 14:59:20.351978 read(0, "RETR myfile17\r\n", 15) = 15
22847 14:59:20.352001 write(5, "\v", 1) = 1
22847 14:59:20.352011 read(5,  <unfinished ...>
22845 14:59:20.352019 read(4, "\v", 1)  = 1
22845 14:59:20.352030 write(4, "\1\0\0\0", 4) = 4
22847 14:59:20.352040 <... read resumed> "\1\0\0\0", 4) = 4
22847 14:59:20.352048 gettimeofday({1495652360, 352051}, NULL) = 0
22847 14:59:20.352059 getcwd("/home/msfadmin", 4096) = 15
22847 14:59:20.352072 open("myfile17", O_RDONLY|O_NONBLOCK|O_LARGEFILE) = 4
22847 14:59:20.352086 fcntl64(4, F_SETLKW64, {type=F_RDLCK, whence=SEEK_SET, start=0, len=0}, 0xbfc4a654) = 0
22847 14:59:20.352101 fstat64(4, {st_mode=S_IFREG|0644, st_size=17, ...}) = 0
22847 14:59:20.352118 fcntl64(4, F_GETFL) = 0x8800 (flags O_RDONLY|O_NONBLOCK|O_LARGEFILE)
22847 14:59:20.352129 fcntl64(4, F_SETFL, O_RDONLY|O_LARGEFILE) = 0
22847 14:59:20.352140 write(5, "\v", 1) = 1
22847 14:59:20.352151 read(5,  <unfinished ...>
22845 14:59:20.352158 read(4, "\v", 1)  = 1
22845 14:59:20.352169 write(4, "\1\0\0\0", 4) = 4
22847 14:59:20.352179 <... read resumed> "\1\0\0\0", 4) = 4
22847 14:59:20.352186 write(5, "\v", 1) = 1
22847 14:59:20.352196 read(5,  <unfinished ...>
22845 14:59:20.352202 read(4, "\v", 1)  = 1
22845 14:59:20.352213 write(4, "\1\0\0\0", 4) = 4
22847 14:59:20.352223 <... read resumed> "\1\0\0\0", 4) = 4
22847 14:59:20.352230 write(5, "\r", 1) = 1
22847 14:59:20.352239 read(5,  <unfinished ...>
22845 14:59:20.352246 read(4, "\r", 1)  = 1
22845 14:59:20.352258 select(6, [5], NULL, NULL, {60, 0}) = 1 (in [5], left {60, 0})
22845 14:59:20.352274 accept(5, {sa_family=AF_INET, sin_port=htons(43886), sin_addr=inet_addr("127.0.0.1")}, [16]) = 6
22845 14:59:20.352297 write(4, "\1", 1) = 1
22847 14:59:20.352307 <... read resumed> "\1", 1) = 1
22847 14:59:20.352315 recvmsg(5,  <unfinished ...>
22845 14:59:20.352324 sendmsg(4, {msg_name(0)=NULL, msg_iov(1)=[{"\0", 1}], msg_controllen=16, {cmsg_len=16, cmsg_level=SOL_SOCKET, cmsg_type=SCM_RIGHTS, {6}}, msg_flags=0}, 0) = 1
22847 14:59:20.352340 <... recvmsg resumed> {msg_name(0)=NULL, msg_iov(1)=[{"\0", 1}], msg_controllen=16, {cmsg_len=16, cmsg_level=SOL_SOCKET, cmsg_type=SCM_RIGHTS, {6}}, msg_flags=0}, 0) = 1
22847 14:59:20.352358 setsockopt(6, SOL_SOCKET, SO_KEEPALIVE, [1], 4) = 0
22847 14:59:20.352371 setsockopt(6, SOL_IP, IP_TOS, [8], 4) = 0
22847 14:59:20.352382 setsockopt(6, SOL_SOCKET, SO_LINGER, {onoff=1, linger=32767}, 8) = 0
22847 14:59:20.352393 rt_sigaction(SIGALRM, {0x805cad0, ~[RTMIN RT_1], 0}, NULL, 8) = 0
22847 14:59:20.352407 alarm(300)        = 300
22847 14:59:20.352420 write(0, "150 Opening BINARY mode data connection for myfile17 (17 bytes).\r\n", 66) = 66
22847 14:59:20.352462 _llseek(4, 0, [0], SEEK_CUR) = 0
22847 14:59:20.352474 fstat64(4, {st_mode=S_IFREG|0644, st_size=17, ...}) = 0
22847 14:59:20.352491 _llseek(4, 0, [0], SEEK_SET) = 0
22847 14:59:20.352501 sendfile(6, 4, NULL, 17) = 17
22847 14:59:20.352532 rt_sigaction(SIGALRM, {0x805cad0, ~[RTMIN RT_1], 0}, NULL, 8) = 0
22847 14:59:20.352546 alarm(300)        = 300
22847 14:59:20.352556 close(6)          = 0
22847 14:59:20.352565 alarm(0)          = 300
22847 14:59:20.352575 gettimeofday({1495652360, 352578}, NULL) = 0
22847 14:59:20.352590 gettimeofday({1495652360, 352594}, NULL) = 0
22847 14:59:20.352604 fcntl64(3, F_SETLKW64, {type=F_WRLCK, whence=SEEK_SET, start=0, len=0}, 0xbfc4a5f4) = 0
22847 14:59:20.352618 write(3, "Wed May 24 14:59:20 2017 [pid 22847] [msfadmin] OK DOWNLOAD: Client \"127.0.0.1\", \"/home/msfadmin/myfile17\", 17 bytes, 30.57Kbyte/sec\n", 133) = 133
22847 14:59:20.352639 fcntl64(3, F_SETLK64, {type=F_UNLCK, whence=SEEK_SET, start=0, len=0}, 0xbfc4a5fc) = 0
22847 14:59:20.352653 write(0, "226 Transfer complete.\r\n", 24) = 24
22847 14:59:20.352668 write(5, "\n", 1) = 1
22847 14:59:20.352678 read(5,  <unfinished ...>
22845 14:59:20.352685 close(6)          = 0
22845 14:59:20.352770 read(4, "\n", 1)  = 1
22845 14:59:20.352784 close(5)          = 0
22845 14:59:20.352795 write(4, "\1", 1) = 1
22847 14:59:20.352806 <... read resumed> "\1", 1) = 1
22847 14:59:20.352812 close(4)          = 0
22847 14:59:20.352823 rt_sigaction(SIGALRM, {0x805cad0, ~[RTMIN RT_1], 0}, NULL, 8) = 0
22847 14:59:20.352836 alarm(300)        = 0
22847 14:59:20.352847 recv(0,  <unfinished ...>
22845 14:59:20.352855 read(4,  <unfinished ...>
22841 14:59:20.371303 <... recv resumed> "TYPE I\r\n", 4096, MSG_PEEK) = 8
22841 14:59:20.371334 read(0, "TYPE I\r\n", 8) = 8
22841 14:59:20.371357 write(0, "200 Switching to Binary mode.\r\n", 31) = 31
22841 14:59:20.371405 rt_sigaction(SIGALRM, {0x805cad0, ~[RTMIN RT_1], 0}, NULL, 8) = 0
22841 14:59:20.371422 alarm(300)        = 299
22841 14:59:20.371435 recv(0, "PASV\r\n", 4096, MSG_PEEK) = 6
22841 14:59:20.371447 read(0, "PASV\r\n", 6) = 6
22841 14:59:20.371459 write(5, "\n", 1 <unfinished ...>
22839 14:59:20.371470 <... read resumed> "\n", 1) = 1
22841 14:59:20.371475 <... write resumed> ) = 1
22839 14:59:20.371484 write(4, "\1", 1 <unfinished ...>
22841 14:59:20.371489 read(5,  <unfinished ...>
22839 14:59:20.371496 <... write resumed> ) = 1
22841 14:59:20.371500 <... read resumed> "\1", 1) = 1
22839 14:59:20.371507 read(4,  <unfinished ...>
22841 14:59:20.371512 write(5, "\f", 1 <unfinished ...>
22839 14:59:20.371519 <... read resumed> "\f", 1) = 1
22841 14:59:20.371524 <... write resumed> ) = 1
22839 14:59:20.371532 socket(PF_INET, SOCK_STREAM, IPPROTO_TCP <unfinished ...>
22841 14:59:20.371537 read(5,  <unfinished ...>
22839 14:59:20.371546 <... socket resumed> ) = 5
22839 14:59:20.371555 setsockopt(5, SOL_SOCKET, SO_REUSEADDR, [1], 4) = 0
22839 14:59:20.371569 bind(5, {sa_family=AF_INET, sin_port=htons(26392), sin_addr=inet_addr("127.0.0.1")}, 16) = 0
22839 14:59:20.371585 listen(5, 1)      = 0
22839 14:59:20.371599 write(4, "\30g\0\0", 4 <unfinished ...>
22841 14:59:20.371607 <... read resumed> "\30g\0\0", 4) = 4
22839 14:59:20.371612 <... write resumed> ) = 4
22841 14:59:20.371624 write(0, "227 Entering Passive Mode (127,0,0,1,103,24).\r\n", 47 <unfinished ...>
22839 14:59:20.371632 read(4,  <unfinished ...>
22841 14:59:20.371734 <... write resumed> ) = 47
22841 14:59:20.371754 rt_sigaction(SIGALRM, {0x805cad0, ~[RTMIN RT_1], 0}, NULL, 8) = 0
22841 14:59:20.371769 alarm(300)        = 300
22841 14:59:20.371781 recv(0, "STOR myfile39\r\n", 4096, MSG_PEEK) = 15
22841 14:59:20.371793 read(0, "STOR myfile39\r\n", 15) = 15
22841 14:59:20.371806 write(5, "\v", 1 <unfinished ...>
22839 14:59:20.371814 <... read resumed> "\v", 1) = 1
22841 14:59:20.371819 <... write resumed> ) = 1
22839 14:59:20.371826 write(4, "\1\0\0\0", 4 <unfinished ...>
22841 14:59:20.371832 read(5,  <unfinished ...>
22839 14:59:20.371838 <... write resumed> ) = 4
22841 14:59:20.371842 <... read resumed> "\1\0\0\0", 4) = 4
22839 14:59:20.371850 read(4,  <unfinished ...>
22841 14:59:20.371855 gettimeofday({1495652360, 371859}, NULL) = 0
22841 14:59:20.371866 getcwd("/home/msfadmin", 4096) = 15
22841 14:59:20.371879 open("myfile39", O_WRONLY|O_CREAT|O_NONBLOCK|O_LARGEFILE, 0666) = 4
22841 14:59:20.371893 fstat64(4, {st_mode=S_IFREG|0644, st_size=17, ...}) = 0
22841 14:59:20.371911 fcntl64(4, F_GETFL) = 0x8801 (flags O_WRONLY|O_NONBLOCK|O_LARGEFILE)
22841 14:59:20.371922 fcntl64(4, F_SETFL, O_WRONLY|O_LARGEFILE) = 0
22841 14:59:20.371932 fcntl64(4, F_SETLKW64, {type=F_WRLCK, whence=SEEK_SET, start=0, len=0}, 0xbffdc1c4) = 0
22841 14:59:20.371946 ftruncate64(4, 0) = 0
22841 14:59:20.371965 _llseek(4, 0, [0], SEEK_SET) = 0
22841 14:59:20.371976 write(5, "\v", 1 <unfinished ...>
22839 14:59:20.371983 <... read resumed> "\v", 1) = 1
22841 14:59:20.372016 <... write resumed> ) = 1
22839 14:59:20.372026 write(4, "\1\0\0\0", 4) = 4
22839 14:59:20.372047 read(4,  <unfinished ...>
22841 14:59:20.372054 read(5, "\1\0\0\0", 4) = 4
22841 14:59:20.372066 write(5, "\v", 1 <unfinished ...>
22839 14:59:20.372073 <... read resumed> "\v", 1) = 1
22841 14:59:20.372077 <... write resumed> ) = 1
22839 14:59:20.372083 write(4, "\1\0\0\0", 4) = 4
22839 14:59:20.372093 read(4,  <unfinished ...>
22841 14:59:20.372100 read(5, "\1\0\0\0", 4) = 4
22841 14:59:20.372111 write(5, "\r", 1 <unfinished ...>
22839 14:59:20.372118 <... read resumed> "\r", 1) = 1
22841 14:59:20.372122 <... write resumed> ) = 1
22839 14:59:20.372129 select(6, [5], NULL, NULL, {60, 0}) = 1 (in [5], left {60, 0})
22839 14:59:20.372146 accept(5, {sa_family=AF_INET, sin_port=htons(58632), sin_addr=inet_addr("127.0.0.1")}, [16]) = 6
22839 14:59:20.372168 write(4, "\1", 1) = 1
22839 14:59:20.372180 sendmsg(4, {msg_name(0)=NULL, msg_iov(1)=[{"\0", 1}], msg_controllen=16, {cmsg_len=16, cmsg_level=SOL_SOCKET, cmsg_type=SCM_RIGHTS, {6}}, msg_flags=0}, 0) = 1
22839 14:59:20.372197 close(6)          = 0
22839 14:59:20.372206 read(4,  <unfinished ...>
22841 14:59:20.372213 read(5, "\1", 1)  = 1
22841 14:59:20.372225 recvmsg(5, {msg_name(0)=NULL, msg_iov(1)=[{"\0", 1}], msg_controllen=16, {cmsg_len=16, cmsg_level=SOL_SOCKET, cmsg_type=SCM_RIGHTS, {6}}, msg_flags=0}, 0) = 1
22841 14:59:20.372243 setsockopt(6, SOL_SOCKET, SO_KEEPALIVE, [1], 4) = 0
22841 14:59:20.372255 setsockopt(6, SOL_IP, IP_TOS, [8], 4) = 0
22841 14:59:20.372268 setsockopt(6, SOL_SOCKET, SO_LINGER, {onoff=1, linger=32767}, 8) = 0
22841 14:59:20.372279 rt_sigaction(SIGALRM, {0x805cad0, ~[RTMIN RT_1], 0}, NULL, 8) = 0
22841 14:59:20.372292 alarm(300)        = 300
22841 14:59:20.372304 write(0, "150 Ok to send data.\r\n", 22) = 22
22841 14:59:20.372371 read(6, "assasaaa\na\na\na\na\n", 65536) = 17
22841 14:59:20.372385 write(4, "assasaaa\na\na\na\na\n", 17) = 17
22841 14:59:20.372402 read(6, "", 65536) = 0
22841 14:59:20.372412 rt_sigaction(SIGALRM, {0x805cad0, ~[RTMIN RT_1], 0}, NULL, 8) = 0
22841 14:59:20.372425 alarm(300)        = 300
22841 14:59:20.372435 close(6)          = 0
22841 14:59:20.372452 alarm(0)          = 300
22841 14:59:20.372462 gettimeofday({1495652360, 372465}, NULL) = 0
22841 14:59:20.372477 gettimeofday({1495652360, 372481}, NULL) = 0
22841 14:59:20.372491 fcntl64(3, F_SETLKW64, {type=F_WRLCK, whence=SEEK_SET, start=0, len=0}, 0xbffdc164) = 0
22841 14:59:20.372505 write(3, "Wed May 24 14:59:20 2017 [pid 22841] [msfadmin] OK UPLOAD: Client \"127.0.0.1\", \"/home/msfadmin/myfile39\", 17 bytes, 26.69Kbyte/sec\n", 131) = 131
22841 14:59:20.372531 fcntl64(3, F_SETLK64, {type=F_UNLCK, whence=SEEK_SET, start=0, len=0}, 0xbffdc16c) = 0
22841 14:59:20.372546 write(0, "226 Transfer complete.\r\n", 24) = 24
22841 14:59:20.372589 write(5, "\n", 1 <unfinished ...>
22839 14:59:20.372599 <... read resumed> "\n", 1) = 1
22841 14:59:20.372603 <... write resumed> ) = 1
22839 14:59:20.372609 close(5)          = 0
22839 14:59:20.372621 write(4, "\1", 1) = 1
22839 14:59:20.372632 read(4,  <unfinished ...>
22841 14:59:20.372639 read(5, "\1", 1)  = 1
22841 14:59:20.372649 close(4)          = 0
22841 14:59:20.372660 rt_sigaction(SIGALRM, {0x805cad0, ~[RTMIN RT_1], 0}, NULL, 8) = 0
22841 14:59:20.372673 alarm(300)        = 0
22841 14:59:20.372684 recv(0,  <unfinished ...>
22847 14:59:20.892128 <... recv resumed> "QUIT\r\n", 4096, MSG_PEEK) = 6
22847 14:59:20.892229 read(0, "QUIT\r\n", 6) = 6
22847 14:59:20.892320 shutdown(0, 0 /* receive */) = 0
22847 14:59:20.892360 fcntl64(0, F_GETFL) = 0x2 (flags O_RDWR)
22847 14:59:20.892386 fcntl64(0, F_SETFL, O_RDWR|O_NONBLOCK) = 0
22847 14:59:20.892407 write(0, "221 Goodbye.\r\n", 14) = 14
22847 14:59:20.892479 fcntl64(0, F_GETFL) = 0x802 (flags O_RDWR|O_NONBLOCK)
22847 14:59:20.892491 fcntl64(0, F_SETFL, O_RDWR) = 0
22847 14:59:20.892501 shutdown(0, 2 /* send and receive */) = 0
22847 14:59:20.892520 exit_group(0)     = ?
22845 14:59:20.892573 <... read resumed> 0xbfc4a6e7, 1) = ? ERESTARTSYS (To be restarted)
22845 14:59:20.892581 --- SIGCHLD (Child exited) @ 0 (0) ---
22845 14:59:20.892592 alarm(1)          = 0
22845 14:59:20.892603 sigreturn()       = ? (mask now [])
22845 14:59:20.892620 alarm(0)          = 1
22845 14:59:20.892630 wait4(-1, [{WIFEXITED(s) && WEXITSTATUS(s) == 0}], 0, NULL) = 22847
22845 14:59:20.892645 exit_group(0)     = ?
4380  14:59:20.892686 <... select resumed> ) = ? ERESTARTNOHAND (To be restarted)
4380  14:59:20.892693 --- SIGCHLD (Child exited) @ 0 (0) ---
4380  14:59:20.892701 write(4, "\21", 1) = 1
4380  14:59:20.892716 sigreturn()       = ? (mask now [])
4380  14:59:20.892748 select(13, [3 5 6 8 9 10 11 12], NULL, NULL, NULL) = 1 (in [3])
4380  14:59:20.892766 ioctl(3, FIONREAD, [1]) = 0
4380  14:59:20.892780 read(3, "\21", 1) = 1
4380  14:59:20.892793 waitpid(-1, [{WIFEXITED(s) && WEXITSTATUS(s) == 0}], WNOHANG) = 22845
4380  14:59:20.892810 close(-1)         = -1 EBADF (Bad file descriptor)
4380  14:59:20.892825 waitpid(-1, 0xbf9d5dbc, WNOHANG) = 0
4380  14:59:20.892836 select(13, [3 5 6 8 9 10 11 12], NULL, NULL, NULL <unfinished ...>
22841 14:59:20.901997 <... recv resumed> "TYPE I\r\n", 4096, MSG_PEEK) = 8
22841 14:59:20.902069 read(0, "TYPE I\r\n", 8) = 8
22841 14:59:20.902131 write(0, "200 Switching to Binary mode.\r\n", 31) = 31
22841 14:59:20.902209 rt_sigaction(SIGALRM, {0x805cad0, ~[RTMIN RT_1], 0}, NULL, 8) = 0
22841 14:59:20.902237 alarm(300)        = 299
22841 14:59:20.902257 recv(0, "PASV\r\n", 4096, MSG_PEEK) = 6
22841 14:59:20.902268 read(0, "PASV\r\n", 6) = 6
22841 14:59:20.902280 write(5, "\n", 1 <unfinished ...>
22839 14:59:20.902291 <... read resumed> "\n", 1) = 1
22841 14:59:20.902296 <... write resumed> ) = 1
22839 14:59:20.902304 write(4, "\1", 1) = 1
22839 14:59:20.902314 read(4,  <unfinished ...>
22841 14:59:20.902321 read(5, "\1", 1)  = 1
22841 14:59:20.902332 write(5, "\f", 1 <unfinished ...>
22839 14:59:20.902339 <... read resumed> "\f", 1) = 1
22841 14:59:20.902344 <... write resumed> ) = 1
22839 14:59:20.902351 socket(PF_INET, SOCK_STREAM, IPPROTO_TCP) = 5
22839 14:59:20.902366 setsockopt(5, SOL_SOCKET, SO_REUSEADDR, [1], 4) = 0
22839 14:59:20.902380 bind(5, {sa_family=AF_INET, sin_port=htons(28670), sin_addr=inet_addr("127.0.0.1")}, 16) = 0
22839 14:59:20.902397 listen(5, 1)      = 0
22839 14:59:20.902410 write(4, "\376o\0\0", 4) = 4
22839 14:59:20.902421 read(4,  <unfinished ...>
22841 14:59:20.902428 read(5, "\376o\0\0", 4) = 4
22841 14:59:20.902443 write(0, "227 Entering Passive Mode (127,0,0,1,111,254).\r\n", 48) = 48
22841 14:59:20.902557 rt_sigaction(SIGALRM, {0x805cad0, ~[RTMIN RT_1], 0}, NULL, 8) = 0
22841 14:59:20.902582 alarm(300)        = 300
22841 14:59:20.902593 recv(0, "STOR myfile40\r\n", 4096, MSG_PEEK) = 15
22841 14:59:20.902605 read(0, "STOR myfile40\r\n", 15) = 15
22841 14:59:20.902619 write(5, "\v", 1 <unfinished ...>
22839 14:59:20.902627 <... read resumed> "\v", 1) = 1
22841 14:59:20.902631 <... write resumed> ) = 1
22839 14:59:20.902638 write(4, "\1\0\0\0", 4) = 4
22839 14:59:20.902648 read(4,  <unfinished ...>
22841 14:59:20.902655 read(5, "\1\0\0\0", 4) = 4
22841 14:59:20.902666 gettimeofday({1495652360, 902670}, NULL) = 0
22841 14:59:20.902677 getcwd("/home/msfadmin", 4096) = 15
22841 14:59:20.902690 open("myfile40", O_WRONLY|O_CREAT|O_NONBLOCK|O_LARGEFILE, 0666) = 4
22841 14:59:20.902704 fstat64(4, {st_mode=S_IFREG|0644, st_size=17, ...}) = 0
22841 14:59:20.902721 fcntl64(4, F_GETFL) = 0x8801 (flags O_WRONLY|O_NONBLOCK|O_LARGEFILE)
22841 14:59:20.902733 fcntl64(4, F_SETFL, O_WRONLY|O_LARGEFILE) = 0
22841 14:59:20.902742 fcntl64(4, F_SETLKW64, {type=F_WRLCK, whence=SEEK_SET, start=0, len=0}, 0xbffdc1c4) = 0
22841 14:59:20.902756 ftruncate64(4, 0) = 0
22841 14:59:20.902774 _llseek(4, 0, [0], SEEK_SET) = 0
22841 14:59:20.902785 write(5, "\v", 1 <unfinished ...>
22839 14:59:20.902793 <... read resumed> "\v", 1) = 1
22841 14:59:20.902797 <... write resumed> ) = 1
22839 14:59:20.902803 write(4, "\1\0\0\0", 4) = 4
22839 14:59:20.902814 read(4,  <unfinished ...>
22841 14:59:20.902820 read(5, "\1\0\0\0", 4) = 4
22841 14:59:20.902873 write(5, "\v", 1 <unfinished ...>
22839 14:59:20.902892 <... read resumed> "\v", 1) = 1
22841 14:59:20.902897 <... write resumed> ) = 1
22839 14:59:20.902903 write(4, "\1\0\0\0", 4) = 4
22839 14:59:20.902913 read(4,  <unfinished ...>
22841 14:59:20.902920 read(5, "\1\0\0\0", 4) = 4
22841 14:59:20.902931 write(5, "\r", 1 <unfinished ...>
22839 14:59:20.902938 <... read resumed> "\r", 1) = 1
22841 14:59:20.902942 <... write resumed> ) = 1
22839 14:59:20.902949 select(6, [5], NULL, NULL, {60, 0}) = 1 (in [5], left {60, 0})
22839 14:59:20.902965 accept(5, {sa_family=AF_INET, sin_port=htons(57245), sin_addr=inet_addr("127.0.0.1")}, [16]) = 6
22839 14:59:20.902987 write(4, "\1", 1) = 1
22839 14:59:20.902999 sendmsg(4, {msg_name(0)=NULL, msg_iov(1)=[{"\0", 1}], msg_controllen=16, {cmsg_len=16, cmsg_level=SOL_SOCKET, cmsg_type=SCM_RIGHTS, {6}}, msg_flags=0}, 0) = 1
22839 14:59:20.903016 close(6)          = 0
22839 14:59:20.903026 read(4,  <unfinished ...>
22841 14:59:20.903032 read(5, "\1", 1)  = 1
22841 14:59:20.903045 recvmsg(5, {msg_name(0)=NULL, msg_iov(1)=[{"\0", 1}], msg_controllen=16, {cmsg_len=16, cmsg_level=SOL_SOCKET, cmsg_type=SCM_RIGHTS, {6}}, msg_flags=0}, 0) = 1
22841 14:59:20.903062 setsockopt(6, SOL_SOCKET, SO_KEEPALIVE, [1], 4) = 0
22841 14:59:20.903075 setsockopt(6, SOL_IP, IP_TOS, [8], 4) = 0
22841 14:59:20.903086 setsockopt(6, SOL_SOCKET, SO_LINGER, {onoff=1, linger=32767}, 8) = 0
22841 14:59:20.903097 rt_sigaction(SIGALRM, {0x805cad0, ~[RTMIN RT_1], 0}, NULL, 8) = 0
22841 14:59:20.903110 alarm(300)        = 300
22841 14:59:20.903122 write(0, "150 Ok to send data.\r\n", 22) = 22
22841 14:59:20.903188 read(6, "assasaaa\na\na\na\na\n", 65536) = 17
22841 14:59:20.903202 write(4, "assasaaa\na\na\na\na\n", 17) = 17
22841 14:59:20.903219 read(6, "", 65536) = 0
22841 14:59:20.903229 rt_sigaction(SIGALRM, {0x805cad0, ~[RTMIN RT_1], 0}, NULL, 8) = 0
22841 14:59:20.903242 alarm(300)        = 300
22841 14:59:20.903252 close(6)          = 0
22841 14:59:20.903268 alarm(0)          = 300
22841 14:59:20.903277 gettimeofday({1495652360, 903281}, NULL) = 0
22841 14:59:20.903292 gettimeofday({1495652360, 903296}, NULL) = 0
22841 14:59:20.903306 fcntl64(3, F_SETLKW64, {type=F_WRLCK, whence=SEEK_SET, start=0, len=0}, 0xbffdc164) = 0
22841 14:59:20.903321 write(3, "Wed May 24 14:59:20 2017 [pid 22841] [msfadmin] OK UPLOAD: Client \"127.0.0.1\", \"/home/msfadmin/myfile40\", 17 bytes, 26.52Kbyte/sec\n", 131) = 131
22841 14:59:20.903342 fcntl64(3, F_SETLK64, {type=F_UNLCK, whence=SEEK_SET, start=0, len=0}, 0xbffdc16c) = 0
22841 14:59:20.903357 write(0, "226 Transfer complete.\r\n", 24) = 24
22841 14:59:20.903411 write(5, "\n", 1 <unfinished ...>
22839 14:59:20.903421 <... read resumed> "\n", 1) = 1
22841 14:59:20.903426 <... write resumed> ) = 1
22839 14:59:20.903432 close(5)          = 0
22839 14:59:20.903443 write(4, "\1", 1) = 1
22839 14:59:20.903453 read(4,  <unfinished ...>
22841 14:59:20.903460 read(5, "\1", 1)  = 1
22841 14:59:20.903471 close(4)          = 0
22841 14:59:20.903481 rt_sigaction(SIGALRM, {0x805cad0, ~[RTMIN RT_1], 0}, NULL, 8) = 0
22841 14:59:20.903494 alarm(300)        = 0
22841 14:59:20.903505 recv(0, "TYPE I\r\n", 4096, MSG_PEEK) = 8
22841 14:59:21.411392 read(0, "TYPE I\r\n", 8) = 8
22841 14:59:21.411420 write(0, "200 Switching to Binary mode.\r\n", 31) = 31
22841 14:59:21.411468 rt_sigaction(SIGALRM, {0x805cad0, ~[RTMIN RT_1], 0}, NULL, 8) = 0
22841 14:59:21.411485 alarm(300)        = 299
22841 14:59:21.411497 recv(0, "PASV\r\n", 4096, MSG_PEEK) = 6
22841 14:59:21.411509 read(0, "PASV\r\n", 6) = 6
22841 14:59:21.411521 write(5, "\n", 1 <unfinished ...>
22839 14:59:21.411532 <... read resumed> "\n", 1) = 1
22841 14:59:21.411537 <... write resumed> ) = 1
22839 14:59:21.411544 write(4, "\1", 1) = 1
22839 14:59:21.411555 read(4,  <unfinished ...>
22841 14:59:21.411562 read(5, "\1", 1)  = 1
22841 14:59:21.411573 write(5, "\f", 1 <unfinished ...>
22839 14:59:21.411580 <... read resumed> "\f", 1) = 1
22841 14:59:21.411585 <... write resumed> ) = 1
22839 14:59:21.411592 socket(PF_INET, SOCK_STREAM, IPPROTO_TCP) = 5
22839 14:59:21.411607 setsockopt(5, SOL_SOCKET, SO_REUSEADDR, [1], 4) = 0
22839 14:59:21.411622 bind(5, {sa_family=AF_INET, sin_port=htons(37292), sin_addr=inet_addr("127.0.0.1")}, 16) = 0
22839 14:59:21.411638 listen(5, 1)      = 0
22839 14:59:21.411651 write(4, "\254\221\0\0", 4) = 4
22839 14:59:21.411662 read(4,  <unfinished ...>
22841 14:59:21.411669 read(5, "\254\221\0\0", 4) = 4
22841 14:59:21.411685 write(0, "227 Entering Passive Mode (127,0,0,1,145,172).\r\n", 48) = 48
22841 14:59:21.411795 rt_sigaction(SIGALRM, {0x805cad0, ~[RTMIN RT_1], 0}, NULL, 8) = 0
22841 14:59:21.411811 alarm(300)        = 300
22841 14:59:21.411822 recv(0, "STOR myfile0\r\n", 4096, MSG_PEEK) = 14
22841 14:59:21.411834 read(0, "STOR myfile0\r\n", 14) = 14
22841 14:59:21.411848 write(5, "\v", 1 <unfinished ...>
22839 14:59:21.411856 <... read resumed> "\v", 1) = 1
22841 14:59:21.411860 <... write resumed> ) = 1
