17439 14:03:48.400726 read(6, "\177ELF\1\1\1\0\0\0\0\0\0\0\0\0\3\0\3\0\1\0\0\0@\5\0\0004\0\0\0\264\f\0\0\0\0\0\0004\0 \0\4\0(\0\32\0\31\0\1\0\0\0\0\0\0\0\0\0\0\0\0\0\0\0\240\n\0\0\240\n\0\0\5\0\0\0\0\20\0\0\1\0\0\0\240\n\0\0\240\32\0\0\240\32\0\0<\1\0\0@\1\0\0\6\0\0\0\0\20\0\0\2\0\0\0\274\n\0\0\274\32\0\0\274\32\0\0\330\0\0\0\330\0\0\0\6\0\0\0\4\0\0\0Q\345td\0\0\0\0\0\0\0\0\0\0\0\0\0\0\0\0\0\0\0\0\6\0\0\0\4\0\0\0\30\0\0\0\16\0\0\0\v\0\0\0\0\0\0\0\1\0\0\0\3\0\0\0\0\0\0\0\n\0\0\0\0\0\0\0\4\0\0\0\t\0\0\0\0\0\0\0\0\0\0\0\0\0\0\0\r\0\0\0\6\0\0\0\0\0\0\0\2\0\0\0\0\0\0\0\0\0\0\0\0\0\0\0\7\0\0\0\10\0\0\0\f\0\0\0\0\0\0\0\0\0\0\0\0\0\0\0\0\0\0\0\0\0\0\0\0\0\0\0\0\0\0\0\0\0\0\0\0\0\0\0\0\0\0\0\0\0\0\0\0\0\0\0\5\0\0\0\0\0\0\0\0\0\0\0\0\0\0\0\2\0\0\0\f\0\0\0\1\0\0\0\5\0\0\0\1H@\0\f\0\0\0\r\0\0\0\301\225Y\346\313\306\36\377\0\0\0\0\0\0\0\0\0\0\0\0\0\0\0\0V\0\0\0\0\0\0\0\354\2\0\0\22\0\0\0\1\0\0\0\0\0\0\0\0\0\0\0 \0\0\0\37\0\0\0\0\0\0\0\0\0\0\0 \0\0\0c\0\0\0\0\0\0\0;\0\0\0\22\0\0\0\225\0\0\0\0\0\0\0.\3\0\0\22\0\0\0y\0\0\0\0\0\0\0\343\0\0\0\22\0\0\0\216\0\0\0\0\0\0\0\22\1\0\0\22\0\0\0n\0\0\0\0\0\0\0", 512) = 512
17439 14:03:48.400812 fstat64(6, {st_mode=S_IFREG|0644, st_size=4292, ...}) = 0
17439 14:03:48.400829 mmap2(NULL, 7136, PROT_READ|PROT_EXEC, MAP_PRIVATE|MAP_DENYWRITE, 6, 0) = 0xb7fd0000
17439 14:03:48.400841 mmap2(0xb7fd1000, 4096, PROT_READ|PROT_WRITE, MAP_PRIVATE|MAP_FIXED|MAP_DENYWRITE, 6, 0) = 0xb7fd1000
17439 14:03:48.400854 close(6)          = 0
17439 14:03:48.400874 stat64("/etc/pam.d", {st_mode=S_IFDIR|0755, st_size=4096, ...}) = 0
17439 14:03:48.400894 open("/etc/pam.d/common-auth", O_RDONLY|O_LARGEFILE) = 6
17439 14:03:48.400907 fstat64(6, {st_mode=S_IFREG|0644, st_size=476, ...}) = 0
17439 14:03:48.400923 mmap2(NULL, 4096, PROT_READ|PROT_WRITE, MAP_PRIVATE|MAP_ANONYMOUS, -1, 0) = 0xb7fcf000
17439 14:03:48.400934 read(6, "#\n# /etc/pam.d/common-auth - authentication settings common to all services\n#\n# This file is included from other service-specific PAM config files,\n# and should contain a list of the authentication modules that define\n# the central authentication scheme for use on the system\n# (e.g., /etc/shadow, LDAP, Kerberos, etc.).  The default is to use the\n# traditional Unix authentication mechanisms.\n#\nauth\trequisite\tpam_unix.so nullok_secure\n# auth\toptional\tpam_smbpass.so migrate\n", 4096) = 476
17439 14:03:48.400985 open("/lib/security/pam_unix.so", O_RDONLY) = 7
17439 14:03:48.400998 read(7, "\177ELF\1\1\1\0\0\0\0\0\0\0\0\0\3\0\3\0\1\0\0\0\20\37\0\0004\0\0\0\374\264\0\0\0\0\0\0004\0 \0\4\0(\0\32\0\31\0\1\0\0\0\0\0\0\0\0\0\0\0\0\0\0\0x\257\0\0x\257\0\0\5\0\0\0\0\20\0\0\1\0\0\0\0\260\0\0\0\260\0\0\0\260\0\0$\4\0\0\304\304\0\0\6\0\0\0\0\20\0\0\2\0\0\0d\261\0\0d\261\0\0d\261\0\0\360\0\0\0\360\0\0\0\6\0\0\0\4\0\0\0Q\345td\0\0\0\0\0\0\0\0\0\0\0\0\0\0\0\0\0\0\0\0\6\0\0\0\4\0\0\0\333\0\0\0p\0\0\0\0\0\0\0\0\0\0\0\0\0\0\0\0\0\0\0Z\0\0\0\0\0\0\0[\0\0\0\0\0\0\0\0\0\0\0\0\0\0\0>\0\0\0Y\0\0\0\0\0\0\0\0\0\0\0\n\0\0\0\0\0\0\0\0\0\0\0\0\0\0\0\0\0\0\0\0\0\0\0\0\0\0\0\0\0\0\0\f\0\0\0]\0\0\0\30\0\0\0\0\0\0\0\5\0\0\0\36\0\0\0,\0\0\0k\0\0\0\33\0\0\0_\0\0\0\0\0\0\0\0\0\0\0U\0\0\0\0\0\0\0d\0\0\0\0\0\0\0\27\0\0\0f\0\0\0^\0\0\0\0\0\0\0\0\0\0\0B\0\0\0\0\0\0\0\0\0\0\0\0\0\0\0a\0\0\0\10\0\0\0\0\0\0\0\0\0\0\0\0\0\0\0\0\0\0\0\17\0\0\0\0\0\0\0\0\0\0\0\0\0\0\0`\0\0\0\t\0\0\0\35\0\0\0$\0\0\0\0\0\0\0004\0\0\0002\0\0\0\21\0\0\0W\0\0\0\r\0\0\0\0\0\0\0001\0\0\0n\0\0\0\0\0\0\0006\0\0\0\0\0\0\0\0\0\0\0\0\0\0\0\32\0\0\0\37\0\0\0\0\0\0\0\0\0\0\0.\0\0\0!\0\0\0", 512) = 512
17439 14:03:48.401082 fstat64(7, {st_mode=S_IFREG|0644, st_size=47372, ...}) = 0
17439 14:03:48.401099 mmap2(NULL, 95428, PROT_READ|PROT_EXEC, MAP_PRIVATE|MAP_DENYWRITE, 7, 0) = 0xb7e05000
17439 14:03:48.401111 mmap2(0xb7e10000, 4096, PROT_READ|PROT_WRITE, MAP_PRIVATE|MAP_FIXED|MAP_DENYWRITE, 7, 0xb) = 0xb7e10000
17439 14:03:48.401124 mmap2(0xb7e11000, 46276, PROT_READ|PROT_WRITE, MAP_PRIVATE|MAP_FIXED|MAP_ANONYMOUS, -1, 0) = 0xb7e11000
17439 14:03:48.401124 close(7)          = 0
17439 14:03:48.401124 open("/etc/ld.so.cache", O_RDONLY) = 7
17439 14:03:48.401125 fstat64(7, {st_mode=S_IFREG|0644, st_size=29913, ...}) = 0
17439 14:03:48.401125 mmap2(NULL, 29913, PROT_READ, MAP_PRIVATE, 7, 0) = 0xb7dfd000
17439 14:03:48.401125 close(7)          = 0
17439 14:03:48.401132 access("/etc/ld.so.nohwcap", F_OK) = -1 ENOENT (No such file or directory)
17439 14:03:48.401148 open("/lib/tls/i686/cmov/libcrypt.so.1", O_RDONLY) = 7
17439 14:03:48.401163 read(7, "\177ELF\1\1\1\0\0\0\0\0\0\0\0\0\3\0\3\0\1\0\0\0000\7\0\0004\0\0\0<\221\0\0\0\0\0\0004\0 \0\10\0(\0\34\0\33\0\6\0\0\0004\0\0\0004\0\0\0004\0\0\0\0\1\0\0\0\1\0\0\5\0\0\0\4\0\0\0\3\0\0\0\340\210\0\0\340\210\0\0\340\210\0\0\23\0\0\0\23\0\0\0\4\0\0\0\1\0\0\0\1\0\0\0\0\0\0\0\0\0\0\0\0\0\0\0\f\212\0\0\f\212\0\0\5\0\0\0\0\20\0\0\1\0\0\0\350\216\0\0\350\236\0\0\350\236\0\0`\1\0\0tr\2\0\6\0\0\0\0\20\0\0\2\0\0\0\374\216\0\0\374\236\0\0\374\236\0\0\340\0\0\0\340\0\0\0\6\0\0\0\4\0\0\0\4\0\0\0004\1\0\0004\1\0\0004\1\0\0 \0\0\0 \0\0\0\4\0\0\0\4\0\0\0Q\345td\0\0\0\0\0\0\0\0\0\0\0\0\0\0\0\0\0\0\0\0\6\0\0\0\4\0\0\0R\345td\350\216\0\0\350\236\0\0\350\236\0\0\f\1\0\0\f\1\0\0\4\0\0\0\1\0\0\0\4\0\0\0\20\0\0\0\1\0\0\0GNU\0\0\0\0\0\2\0\0\0\6\0\0\0\10\0\0\0\17\0\0\0\22\0\0\0\2\0\0\0\6\0\0\0\4\311\240, \4\0\0\0\0\0\0\0\0\0\0\0\0\0\0\22\0\0\0\23\0\0\0\24\0\0\0\0\0\0\0\25\0\0\0\26\0\0\0\0\0\0\0\27\0\0\0\0\0\0\0\30\0\0\0\31\0\0\0\0\0\0\0k\31Qj\233(\375B\233`\205\33\327\16?\17I->\333\235C\r\375\313\373_\22\325=l\366\0\0\0\0\0\0\0\0\0\0\0\0\0\0\0\0o\0\0\0\0\0\0\0\35\0\0\0\22\0\0\0\1\0\0\0\0\0\0\0\0\0\0\0 \0\0\0\37\0\0\0\0\0\0\0", 512) = 512
17439 14:03:48.401250 fstat64(7, {st_mode=S_IFREG|0644, st_size=38300, ...}) = 0
17439 14:03:48.401269 mmap2(NULL, 201052, PROT_READ|PROT_EXEC, MAP_PRIVATE|MAP_DENYWRITE, 7, 0) = 0xb7dcb000
17439 14:03:48.401281 mmap2(0xb7dd4000, 8192, PROT_READ|PROT_WRITE, MAP_PRIVATE|MAP_FIXED|MAP_DENYWRITE, 7, 0x8) = 0xb7dd4000
17439 14:03:48.401296 mmap2(0xb7dd6000, 155996, PROT_READ|PROT_WRITE, MAP_PRIVATE|MAP_FIXED|MAP_ANONYMOUS, -1, 0) = 0xb7dd6000
17439 14:03:48.401311 close(7)          = 0
17439 14:03:48.401324 access("/etc/ld.so.nohwcap", F_OK) = -1 ENOENT (No such file or directory)
17439 14:03:48.401338 open("/lib/libselinux.so.1", O_RDONLY) = 7
17439 14:03:48.401350 read(7, "\177ELF\1\1\1\0\0\0\0\0\0\0\0\0\3\0\3\0\1\0\0\0\300@\0\0004\0\0\0\224r\1\0\0\0\0\0004\0 \0\6\0(\0\33\0\32\0\1\0\0\0\0\0\0\0\0\0\0\0\0\0\0\0\230f\1\0\230f\1\0\5\0\0\0\0\20\0\0\1\0\0\0\240n\1\0\240~\1\0\240~\1\0\20\3\0\0\234\f\0\0\6\0\0\0\0\20\0\0\2\0\0\0\320n\1\0\320~\1\0\320~\1\0\340\0\0\0\340\0\0\0\6\0\0\0\4\0\0\0\7\0\0\0\240n\1\0\240~\1\0\240~\1\0\0\0\0\0\\\0\0\0\4\0\0\0 \0\0\0Q\345td\0\0\0\0\0\0\0\0\0\0\0\0\0\0\0\0\0\0\0\0\6\0\0\0\4\0\0\0R\345td\240n\1\0\240~\1\0\240~\1\0T\1\0\0T\1\0\0\4\0\0\0\1\0\0\0\7\1\0\0#\1\0\0\0\0\0\0\24\0\0\0\v\1\0\0\306\0\0\0\0\0\0\0\36\1\0\0\330\0\0\0 \1\0\0001\0\0\0\345\0\0\0\34\0\0\0\206\0\0\0\212\0\0\0\234\0\0\0\0\0\0\0*\0\0\0\0\0\0\0\0\0\0\0\370\0\0\0004\0\0\0\0\0\0\0\0\0\0\0\0\0\0\0\0\0\0\0\0\0\0\0\224\0\0\0\0\0\0\0\0\0\0\0\0\0\0\0\244\0\0\0\347\0\0\0\373\0\0\0\0\0\0\0\304\0\0\0\257\0\0\0\0\0\0\0!\1\0\0\0\0\0\0\307\0\0\0\235\0\0\0\25\1\0\0`\0\0\0\0\0\0\0\256\0\0\0\374\0\0\0O\0\0\0i\0\0\0^\0\0\0\337\0\0\0-\0\0\0m\0\0\0\0\0\0\0\0\0\0\0\0\0\0\0\0\0\0\0\260\0\0\0\314\0\0\0\6\0\0\0\276\0\0\0{\0\0\0\226\0\0\0\0\0\0\0E\0\0\0\33\0\0\0\371\0\0\0", 512) = 512
17439 14:03:48.401484 fstat64(7, {st_mode=S_IFREG|0644, st_size=95948, ...}) = 0
17439 14:03:48.401503 mmap2(NULL, 101180, PROT_READ|PROT_EXEC, MAP_PRIVATE|MAP_DENYWRITE, 7, 0) = 0xb7db2000
17439 14:03:48.401515 mmap2(0xb7dc9000, 8192, PROT_READ|PROT_WRITE, MAP_PRIVATE|MAP_FIXED|MAP_DENYWRITE, 7, 0x16) = 0xb7dc9000
17439 14:03:48.401533 close(7)          = 0
17439 14:03:48.401633 open("/etc/selinux/config", O_RDONLY|O_LARGEFILE) = -1 ENOENT (No such file or directory)
17439 14:03:48.401660 statfs64("/selinux", 84, 0xbf8b1b4c) = -1 ENOENT (No such file or directory)
17439 14:03:48.401673 open("/proc/mounts", O_RDONLY|O_LARGEFILE) = 7
17439 14:03:48.401699 fstat64(7, {st_mode=S_IFREG|0444, st_size=0, ...}) = 0
17439 14:03:48.401716 mmap2(NULL, 4096, PROT_READ|PROT_WRITE, MAP_PRIVATE|MAP_ANONYMOUS, -1, 0) = 0xb7fce000
17439 14:03:48.401727 read(7, "rootfs / rootfs rw 0 0\nnone /sys sysfs rw,nosuid,nodev,noexec 0 0\nnone /proc proc rw,nosuid,nodev,noexec 0 0\nudev /dev tmpfs rw,relatime 0 0\nfusectl /sys/fs/fuse/connections fusectl rw,relatime 0 0\n/dev/mapper/metasploitable-root / ext3 rw,relatime,errors=remount-ro,data=ordered 0 0\n/dev/mapper/metasploitable-root /dev/.static/dev ext3 rw,relatime,errors=remount-ro,data=ordered 0 0\ntmpfs /var/run tmpfs rw,nosuid,nodev,noexec 0 0\ntmpfs /var/lock tmpfs rw,nosuid,nodev,noexec 0 0\ntmpfs /dev/shm tmpfs rw,relatime 0 0\ndevpts /dev/pts devpts rw,relatime 0 0\ntmpfs /var/run tmpfs rw,nosuid,nodev,noexec 0 0\ntmpfs /var/lock tmpfs rw,nosuid,nodev,noexec 0 0\n/dev/sda1 /boot ext3 rw,relatime,data=ordered 0 0\nsecurityfs /sys/kernel/security securityfs rw,relatime 0 0\nrpc_pipefs /var/lib/nfs/rpc_pipefs rpc_pipefs rw,relatime 0 0\nnfsd /proc/fs/nfsd nfsd rw,relatime 0 0\n", 1024) = 866
17439 14:03:48.401811 read(7, "", 1024) = 0
17439 14:03:48.401821 close(7)          = 0
17439 14:03:48.401831 munmap(0xb7fce000, 4096) = 0
17439 14:03:48.401846 munmap(0xb7dfd000, 29913) = 0
17439 14:03:48.401860 read(6, "", 4096) = 0
17439 14:03:48.401871 close(6)          = 0
17439 14:03:48.401890 munmap(0xb7fcf000, 4096) = 0
17439 14:03:48.401901 stat64("/etc/pam.d", {st_mode=S_IFDIR|0755, st_size=4096, ...}) = 0
17439 14:03:48.401921 open("/etc/pam.d/common-account", O_RDONLY|O_LARGEFILE) = 6
17439 14:03:48.401944 fstat64(6, {st_mode=S_IFREG|0644, st_size=392, ...}) = 0
17439 14:03:48.401960 mmap2(NULL, 4096, PROT_READ|PROT_WRITE, MAP_PRIVATE|MAP_ANONYMOUS, -1, 0) = 0xb7fcf000
17439 14:03:48.401971 read(6, "#\n# /etc/pam.d/common-account - authorization settings common to all services\n#\n# This file is included from other service-specific PAM config files,\n# and should contain a list of the authorization modules that define\n# the central access policy for use on the system.  The default is to\n# only deny service to users whose accounts are expired in /etc/shadow.\n#\naccount\trequired\tpam_unix.so\n", 4096) = 392
17439 14:03:48.402010 read(6, "", 4096) = 0
17439 14:03:48.402020 close(6)          = 0
17439 14:03:48.402029 munmap(0xb7fcf000, 4096) = 0
17439 14:03:48.402040 stat64("/etc/pam.d", {st_mode=S_IFDIR|0755, st_size=4096, ...}) = 0
17439 14:03:48.402062 open("/etc/pam.d/common-session", O_RDONLY|O_LARGEFILE) = 6
17439 14:03:48.402075 fstat64(6, {st_mode=S_IFREG|0644, st_size=372, ...}) = 0
17439 14:03:48.402091 mmap2(NULL, 4096, PROT_READ|PROT_WRITE, MAP_PRIVATE|MAP_ANONYMOUS, -1, 0) = 0xb7fcf000
17439 14:03:48.402101 read(6, "#\n# /etc/pam.d/common-session - session-related modules common to all services\n#\n# This file is included from other service-specific PAM config files,\n# and should contain a list of modules that define tasks to be performed\n# at the start and end of sessions of *any* kind (both interactive and\n# non-interactive).  The default is pam_unix.\n#\nsession\trequired\tpam_unix.so\n", 4096) = 372
17439 14:03:48.402139 read(6, "", 4096) = 0
17439 14:03:48.402149 close(6)          = 0
17439 14:03:48.402158 munmap(0xb7fcf000, 4096) = 0
17439 14:03:48.402168 read(5, "", 4096) = 0
17439 14:03:48.402177 close(5)          = 0
17439 14:03:48.402186 munmap(0xb7fd5000, 4096) = 0
17439 14:03:48.402196 open("/etc/pam.d/other", O_RDONLY|O_LARGEFILE) = 5
17439 14:03:48.402209 fstat64(5, {st_mode=S_IFREG|0644, st_size=520, ...}) = 0
17439 14:03:48.402225 mmap2(NULL, 4096, PROT_READ|PROT_WRITE, MAP_PRIVATE|MAP_ANONYMOUS, -1, 0) = 0xb7fd5000
17439 14:03:48.402235 read(5, "#\n# /etc/pam.d/other - specify the PAM fallback behaviour\n#\n# Note that this file is used for any unspecified service; for example\n#if /etc/pam.d/cron  specifies no session modules but cron calls\n#pam_open_session, the session module out of /etc/pam.d/other is\n#used.  If you really want nothing to happen then use pam_permit.so or\n#pam_deny.so as appropriate.\n\n# We fall back to the system default in /etc/pam.d/common-*\n# \n\n@include common-auth\n@include common-account\n@include common-password\n@include common-session\n", 4096) = 520
17439 14:03:48.402291 stat64("/etc/pam.d", {st_mode=S_IFDIR|0755, st_size=4096, ...}) = 0
17439 14:03:48.402309 open("/etc/pam.d/common-auth", O_RDONLY|O_LARGEFILE) = 6
17439 14:03:48.402322 fstat64(6, {st_mode=S_IFREG|0644, st_size=476, ...}) = 0
17439 14:03:48.402338 mmap2(NULL, 4096, PROT_READ|PROT_WRITE, MAP_PRIVATE|MAP_ANONYMOUS, -1, 0) = 0xb7fcf000
17439 14:03:48.402349 read(6, "#\n# /etc/pam.d/common-auth - authentication settings common to all services\n#\n# This file is included from other service-specific PAM config files,\n# and should contain a list of the authentication modules that define\n# the central authentication scheme for use on the system\n# (e.g., /etc/shadow, LDAP, Kerberos, etc.).  The default is to use the\n# traditional Unix authentication mechanisms.\n#\nauth\trequisite\tpam_unix.so nullok_secure\n# auth\toptional\tpam_smbpass.so migrate\n", 4096) = 476
17439 14:03:48.402525 read(6, "", 4096) = 0
17439 14:03:48.402535 close(6)          = 0
17439 14:03:48.402545 munmap(0xb7fcf000, 4096) = 0
17439 14:03:48.402556 stat64("/etc/pam.d", {st_mode=S_IFDIR|0755, st_size=4096, ...}) = 0
17439 14:03:48.402574 open("/etc/pam.d/common-account", O_RDONLY|O_LARGEFILE) = 6
17439 14:03:48.402587 fstat64(6, {st_mode=S_IFREG|0644, st_size=392, ...}) = 0
17439 14:03:48.402603 mmap2(NULL, 4096, PROT_READ|PROT_WRITE, MAP_PRIVATE|MAP_ANONYMOUS, -1, 0) = 0xb7fcf000
17439 14:03:48.402613 read(6, "#\n# /etc/pam.d/common-account - authorization settings common to all services\n#\n# This file is included from other service-specific PAM config files,\n# and should contain a list of the authorization modules that define\n# the central access policy for use on the system.  The default is to\n# only deny service to users whose accounts are expired in /etc/shadow.\n#\naccount\trequired\tpam_unix.so\n", 4096) = 392
17439 14:03:48.402652 read(6, "", 4096) = 0
17439 14:03:48.402661 close(6)          = 0
17439 14:03:48.402670 munmap(0xb7fcf000, 4096) = 0
17439 14:03:48.402681 stat64("/etc/pam.d", {st_mode=S_IFDIR|0755, st_size=4096, ...}) = 0
17439 14:03:48.402699 open("/etc/pam.d/common-password", O_RDONLY|O_LARGEFILE) = 6
17439 14:03:48.402711 fstat64(6, {st_mode=S_IFREG|0644, st_size=1563, ...}) = 0
17439 14:03:48.402727 mmap2(NULL, 4096, PROT_READ|PROT_WRITE, MAP_PRIVATE|MAP_ANONYMOUS, -1, 0) = 0xb7fcf000
17439 14:03:48.402741 read(6, "#\n# /etc/pam.d/common-password - password-related modules common to all services\n#\n# This file is included from other service-specific PAM config files,\n# and should contain a list of modules that define the services to be\n# used to change user passwords.  The default is pam_unix.\n\n# Explanation of pam_unix options:\n#\n# The \"nullok\" option allows users to change an empty password, else\n# empty passwords are treated as locked accounts.\n#\n# The \"md5\" option enables MD5 passwords.  Without this option, the\n# default is Unix crypt.\n#\n# The \"obscure\" option replaces the old `OBSCURE_CHECKS_ENAB\' option in\n# login.defs.\n#\n# You can also use the \"min\" option to enforce the length of the new\n# password.\n#\n# See the pam_unix manpage for other options.\n\npassword   requisite   pam_unix.so nullok obscure md5\n\n# Alternate strength checking for password. Note that this\n# requires the libpam-cracklib package to be installed.\n# You will need to comment out the password line above and\n# uncomment the next two in order to use this.\n# (Replaces the `OBSCURE_CHECKS_ENAB\', `CRACKLIB_DICTPATH\')\n#\n# password required\t  pam_cracklib.so retry=3 minlen=6 difok=3\n# password required\t  pam_unix.so use_authtok nullok md5\n\n# minimally-intrusive inclusion of smbpass in the stack for\n# synchronization.  If the module is absent or the passwords don\'t\n# match, this module will be ignored without prompting; and if the \n# passwords do match, the NTLM hash for the user will be updated\n# automatically.\n# password   optional   pam_smbpass.so nullok use_authtok use_first_pass\n", 4096) = 1563
17439 14:03:48.402866 read(6, "", 4096) = 0
17439 14:03:48.402876 close(6)          = 0
17439 14:03:48.402886 munmap(0xb7fcf000, 4096) = 0
17439 14:03:48.402908 stat64("/etc/pam.d", {st_mode=S_IFDIR|0755, st_size=4096, ...}) = 0
17439 14:03:48.402956 open("/etc/pam.d/common-session", O_RDONLY|O_LARGEFILE) = 6
17439 14:03:48.402978 fstat64(6, {st_mode=S_IFREG|0644, st_size=372, ...}) = 0
17439 14:03:48.403014 mmap2(NULL, 4096, PROT_READ|PROT_WRITE, MAP_PRIVATE|MAP_ANONYMOUS, -1, 0) = 0xb7fcf000
17439 14:03:48.403034 read(6, "#\n# /etc/pam.d/common-session - session-related modules common to all services\n#\n# This file is included from other service-specific PAM config files,\n# and should contain a list of modules that define tasks to be performed\n# at the start and end of sessions of *any* kind (both interactive and\n# non-interactive).  The default is pam_unix.\n#\nsession\trequired\tpam_unix.so\n", 4096) = 372
17439 14:03:48.403111 read(6, "", 4096) = 0
17439 14:03:48.403130 close(6)          = 0
17439 14:03:48.403152 munmap(0xb7fcf000, 4096) = 0
17439 14:03:48.403171 read(5, "", 4096) = 0
17439 14:03:48.403200 close(5)          = 0
17439 14:03:48.403219 munmap(0xb7fd5000, 4096) = 0
17439 14:03:48.403241 time(NULL)        = 1495649028
17439 14:03:48.403263 lstat64("/etc/ftpusers", {st_mode=S_IFREG|0644, st_size=132, ...}) = 0
17439 14:03:48.403301 open("/etc/ftpusers", O_RDONLY|O_LARGEFILE) = 5
17439 14:03:48.403332 fstat64(5, {st_mode=S_IFREG|0644, st_size=132, ...}) = 0
17439 14:03:48.403357 mmap2(NULL, 4096, PROT_READ|PROT_WRITE, MAP_PRIVATE|MAP_ANONYMOUS, -1, 0) = 0xb7fd5000
17439 14:03:48.403388 read(5, "# /etc/ftpusers: list of users disallowed FTP access. See ftpusers(5).\n\nroot\ndaemon\nbin\nsys\nsync\ngames\nman\nlp\nmail\nnews\nuucp\nnobody\n", 4096) = 132
17439 14:03:48.403419 read(5, "", 4096) = 0
17439 14:03:48.403428 close(5)          = 0
17439 14:03:48.403438 munmap(0xb7fd5000, 4096) = 0
17439 14:03:48.403458 getuid32()        = 0
17439 14:03:48.403485 open("/etc/passwd", O_RDONLY|0x80000 /* O_??? */) = 5
17439 14:03:48.403499 _llseek(5, 0, [0], SEEK_CUR) = 0
17439 14:03:48.403510 fstat64(5, {st_mode=S_IFREG|0644, st_size=1624, ...}) = 0
17439 14:03:48.403526 mmap2(NULL, 1624, PROT_READ, MAP_SHARED, 5, 0) = 0xb7fd5000
17439 14:03:48.403537 _llseek(5, 1624, [1624], SEEK_SET) = 0
17439 14:03:48.403559 munmap(0xb7fd5000, 1624) = 0
17439 14:03:48.403571 close(5)          = 0
17439 14:03:48.403595 open("/etc/shadow", O_RDONLY|0x80000 /* O_??? */) = 5
17439 14:03:48.403612 _llseek(5, 0, [0], SEEK_CUR) = 0
17439 14:03:48.403622 fstat64(5, {st_mode=S_IFREG|0640, st_size=1233, ...}) = 0
17439 14:03:48.403638 mmap2(NULL, 1233, PROT_READ, MAP_SHARED, 5, 0) = 0xb7fd5000
17439 14:03:48.403649 _llseek(5, 1233, [1233], SEEK_SET) = 0
17439 14:03:48.403668 munmap(0xb7fd5000, 1233) = 0
17439 14:03:48.403678 close(5)          = 0
17439 14:03:48.403696 open("/etc/passwd", O_RDONLY|0x80000 /* O_??? */) = 5
17439 14:03:48.403709 _llseek(5, 0, [0], SEEK_CUR) = 0
17439 14:03:48.403719 fstat64(5, {st_mode=S_IFREG|0644, st_size=1624, ...}) = 0
17439 14:03:48.403735 mmap2(NULL, 1624, PROT_READ, MAP_SHARED, 5, 0) = 0xb7fd5000
17439 14:03:48.403745 _llseek(5, 1624, [1624], SEEK_SET) = 0
17439 14:03:48.403761 munmap(0xb7fd5000, 1624) = 0
17439 14:03:48.403770 close(5)          = 0
17439 14:03:48.403782 open("/etc/shadow", O_RDONLY|0x80000 /* O_??? */) = 5
17439 14:03:48.403795 _llseek(5, 0, [0], SEEK_CUR) = 0
17439 14:03:48.403805 fstat64(5, {st_mode=S_IFREG|0640, st_size=1233, ...}) = 0
17439 14:03:48.403820 mmap2(NULL, 1233, PROT_READ, MAP_SHARED, 5, 0) = 0xb7fd5000
17439 14:03:48.403830 _llseek(5, 1233, [1233], SEEK_SET) = 0
17439 14:03:48.403847 munmap(0xb7fd5000, 1233) = 0
17439 14:03:48.403856 close(5)          = 0
17439 14:03:48.404034 getuid32()        = 0
17439 14:03:48.404049 open("/etc/passwd", O_RDONLY|0x80000 /* O_??? */) = 5
17439 14:03:48.404062 _llseek(5, 0, [0], SEEK_CUR) = 0
17439 14:03:48.404073 fstat64(5, {st_mode=S_IFREG|0644, st_size=1624, ...}) = 0
17439 14:03:48.404089 mmap2(NULL, 1624, PROT_READ, MAP_SHARED, 5, 0) = 0xb7fd5000
17439 14:03:48.404100 _llseek(5, 1624, [1624], SEEK_SET) = 0
17439 14:03:48.404116 munmap(0xb7fd5000, 1624) = 0
17439 14:03:48.404125 close(5)          = 0
17439 14:03:48.404138 open("/etc/shadow", O_RDONLY|0x80000 /* O_??? */) = 5
17439 14:03:48.404151 _llseek(5, 0, [0], SEEK_CUR) = 0
17439 14:03:48.404171 fstat64(5, {st_mode=S_IFREG|0640, st_size=1233, ...}) = 0
17439 14:03:48.404188 mmap2(NULL, 1233, PROT_READ, MAP_SHARED, 5, 0) = 0xb7fd5000
17439 14:03:48.404198 _llseek(5, 1233, [1233], SEEK_SET) = 0
17439 14:03:48.404224 munmap(0xb7fd5000, 1233) = 0
17439 14:03:48.404234 close(5)          = 0
17439 14:03:48.404245 time(NULL)        = 1495649028
17439 14:03:48.404260 munmap(0xb7fd2000, 12164) = 0
17439 14:03:48.404274 munmap(0xb7fd0000, 7136) = 0
17439 14:03:48.404288 munmap(0xb7e05000, 95428) = 0
17439 14:03:48.404309 munmap(0xb7dcb000, 201052) = 0
17439 14:03:48.404331 munmap(0xb7db2000, 101180) = 0
17439 14:03:48.404349 gettimeofday({1495649028, 404362}, NULL) = 0
17439 14:03:48.404370 stat64("/usr/share/zoneinfo/UTC+04:00", 0xbf8b3a24) = -1 ENOENT (No such file or directory)
17439 14:03:48.404385 open("/usr/share/zoneinfo/UTC+04:00", O_RDONLY) = -1 ENOENT (No such file or directory)
17439 14:03:48.404411 fcntl64(3, F_SETLKW64, {type=F_WRLCK, whence=SEEK_SET, start=0, len=0}, 0xbf8b3b74) = 0
17439 14:03:48.404428 write(3, "Wed May 24 14:03:48 2017 [pid 17439] [msfadmin] OK LOGIN: Client \"127.0.0.1\"\n", 77) = 77
17439 14:03:48.404444 fcntl64(3, F_SETLK64, {type=F_UNLCK, whence=SEEK_SET, start=0, len=0}, 0xbf8b3b7c) = 0
17439 14:03:48.404457 rt_sigaction(SIGCHLD, {0x805cad0, ~[RTMIN RT_1], 0}, NULL, 8) = 0
17439 14:03:48.404471 write(4, "\1", 1 <unfinished ...>
17440 14:03:48.404481 <... read resumed> "\1", 1) = 1
17439 14:03:48.404486 <... write resumed> ) = 1
17440 14:03:48.404494 exit_group(0)     = ?
17439 14:03:48.404524 --- SIGCHLD (Child exited) @ 0 (0) ---
17439 14:03:48.404532 sigreturn()       = ? (mask now [])
17439 14:03:48.404550 wait4(-1, [{WIFEXITED(s) && WEXITSTATUS(s) == 0}], 0, NULL) = 17440
17439 14:03:48.404563 close(4)          = 0
17439 14:03:48.404575 socketpair(PF_FILE, SOCK_STREAM, 0, [4, 5]) = 0
17439 14:03:48.404589 rt_sigaction(SIGCHLD, {0x805cad0, ~[RTMIN RT_1], 0}, NULL, 8) = 0
17439 14:03:48.404602 rt_sigaction(SIGALRM, {0x805cb10, ~[RTMIN RT_1], 0}, NULL, 8) = 0
17439 14:03:48.404619 clone(child_stack=0, flags=CLONE_CHILD_CLEARTID|CLONE_CHILD_SETTID|SIGCHLD, child_tidptr=0xb7e3b6f8) = 17441
17441 14:03:48.404669 prctl(0x1, 0x9, 0, 0, 0) = 0
17441 14:03:48.404682 close(4)          = 0
17441 14:03:48.404718 open("/etc/passwd", O_RDONLY|0x80000 /* O_??? */) = 4
17441 14:03:48.404735 _llseek(4, 0, [0], SEEK_CUR) = 0
17441 14:03:48.404751 fstat64(4, {st_mode=S_IFREG|0644, st_size=1624, ...}) = 0
17441 14:03:48.404770 mmap2(NULL, 1624, PROT_READ, MAP_SHARED, 4, 0) = 0xb7fd5000
17441 14:03:48.404782 _llseek(4, 1624, [1624], SEEK_SET) = 0
17441 14:03:48.404814 munmap(0xb7fd5000, 1624) = 0
17441 14:03:48.404845 close(4)          = 0
17441 14:03:48.404869 getuid32()        = 0
17441 14:03:48.404888 open("/etc/passwd", O_RDONLY|0x80000 /* O_??? */) = 4
17441 14:03:48.404911 _llseek(4, 0, [0], SEEK_CUR) = 0
17441 14:03:48.404931 fstat64(4, {st_mode=S_IFREG|0644, st_size=1624, ...}) = 0
17441 14:03:48.404947 mmap2(NULL, 1624, PROT_READ, MAP_SHARED, 4, 0) = 0xb7fd5000
17441 14:03:48.404957 _llseek(4, 1624, [1624], SEEK_SET) = 0
17441 14:03:48.404973 munmap(0xb7fd5000, 1624) = 0
17441 14:03:48.404982 close(4)          = 0
17441 14:03:48.405007 open("/proc/sys/kernel/ngroups_max", O_RDONLY) = 4
17441 14:03:48.405028 read(4, "65536\n", 31) = 6
17441 14:03:48.405040 close(4)          = 0
17441 14:03:48.405053 socket(PF_FILE, SOCK_STREAM, 0) = 4
17441 14:03:48.405065 fcntl64(4, F_SETFL, O_RDWR|O_NONBLOCK) = 0
17441 14:03:48.405076 connect(4, {sa_family=AF_FILE, path="/var/run/nscd/socket"}, 110) = -1 ENOENT (No such file or directory)
17441 14:03:48.405097 close(4)          = 0
17441 14:03:48.405118 socket(PF_FILE, SOCK_STREAM, 0) = 4
17441 14:03:48.405129 fcntl64(4, F_SETFL, O_RDWR|O_NONBLOCK) = 0
17441 14:03:48.405139 connect(4, {sa_family=AF_FILE, path="/var/run/nscd/socket"}, 110) = -1 ENOENT (No such file or directory)
17441 14:03:48.405167 close(4)          = 0
17441 14:03:48.405191 open("/etc/group", O_RDONLY|0x80000 /* O_??? */) = 4
17441 14:03:48.405205 _llseek(4, 0, [0], SEEK_CUR) = 0
17441 14:03:48.405215 fstat64(4, {st_mode=S_IFREG|0644, st_size=886, ...}) = 0
17441 14:03:48.405231 mmap2(NULL, 886, PROT_READ, MAP_SHARED, 4, 0) = 0xb7fd5000
17441 14:03:48.405242 _llseek(4, 886, [886], SEEK_SET) = 0
17441 14:03:48.405266 fstat64(4, {st_mode=S_IFREG|0644, st_size=886, ...}) = 0
17441 14:03:48.405302 munmap(0xb7fd5000, 886) = 0
17441 14:03:48.405314 close(4)          = 0
17441 14:03:48.405324 setgroups32(13, [1000, 4, 20, 24, 25, 29, 30, 44, 46, 107, 111, 112, 119]) = 0
17441 14:03:48.405341 geteuid32()       = 0
17441 14:03:48.405352 getegid32()       = 0
17441 14:03:48.405363 setregid32(-1, 1000) = 0
17441 14:03:48.405383 setreuid32(-1, 1000) = 0
17441 14:03:48.405404 chdir("/home/msfadmin") = 0
17441 14:03:48.405425 setreuid32(-1, 0) = 0
17441 14:03:48.405444 setregid32(-1, 0) = 0
17441 14:03:48.405474 setgid32(1000)    = 0
17441 14:03:48.405484 setuid32(1000)    = 0
17441 14:03:48.405504 setrlimit(RLIMIT_NPROC, {rlim_cur=0, rlim_max=0}) = 0
17441 14:03:48.405517 mmap2(NULL, 12288, PROT_READ|PROT_WRITE, MAP_PRIVATE|MAP_ANONYMOUS, -1, 0) = 0xb7fd3000
17441 14:03:48.405528 mprotect(0xb7fd5000, 4096, PROT_NONE) = 0
17441 14:03:48.405540 mprotect(0xb7fd3000, 4096, PROT_NONE) = 0
17441 14:03:48.405551 getcwd("/home/msfadmin", 4096) = 15
17441 14:03:48.405564 umask(022)        = 077
17441 14:03:48.405574 getcwd("/home/msfadmin", 4096) = 15
17441 14:03:48.405588 open(".message", O_RDONLY|O_NONBLOCK|O_LARGEFILE) = -1 ENOENT (No such file or directory)
17441 14:03:48.405609 write(0, "230 Login successful.\r\n", 23) = 23
17441 14:03:48.405697 rt_sigaction(SIGALRM, {0x805cad0, ~[RTMIN RT_1], 0}, NULL, 8) = 0
17441 14:03:48.405714 alarm(300)        = 0
17441 14:03:48.405725 mmap2(NULL, 12288, PROT_READ|PROT_WRITE, MAP_PRIVATE|MAP_ANONYMOUS, -1, 0) = 0xb7fd0000
17441 14:03:48.405736 mprotect(0xb7fd2000, 4096, PROT_NONE) = 0
17441 14:03:48.405747 mprotect(0xb7fd0000, 4096, PROT_NONE) = 0
17441 14:03:48.405760 recv(0, "TYPE I\r\n", 4096, MSG_PEEK) = 8
17441 14:03:48.405773 read(0, "TYPE I\r\n", 8) = 8
17441 14:03:48.405794 write(0, "200 Switching to Binary mode.\r\n", 31) = 31
17441 14:03:48.405834 rt_sigaction(SIGALRM, {0x805cad0, ~[RTMIN RT_1], 0}, NULL, 8) = 0
17441 14:03:48.405859 alarm(300)        = 300
17441 14:03:48.405871 recv(0, "PASV\r\n", 4096, MSG_PEEK) = 6
17441 14:03:48.405882 read(0, "PASV\r\n", 6) = 6
17441 14:03:48.405895 write(5, "\n", 1) = 1
17441 14:03:48.405906 read(5,  <unfinished ...>
17439 14:03:48.405918 close(5)          = 0
17439 14:03:48.405931 getuid32()        = 0
17439 14:03:48.405946 open("/etc/passwd", O_RDONLY|0x80000 /* O_??? */) = 5
17439 14:03:48.405971 _llseek(5, 0, [0], SEEK_CUR) = 0
17439 14:03:48.405983 fstat64(5, {st_mode=S_IFREG|0644, st_size=1624, ...}) = 0
17439 14:03:48.406000 mmap2(NULL, 1624, PROT_READ, MAP_SHARED, 5, 0) = 0xb7fd5000
17439 14:03:48.406012 _llseek(5, 1624, [1624], SEEK_SET) = 0
17439 14:03:48.406029 munmap(0xb7fd5000, 1624) = 0
17439 14:03:48.406041 close(5)          = 0
17439 14:03:48.406056 setgroups32(0, []) = 0
17439 14:03:48.406067 chdir("/usr/share/empty") = 0
17439 14:03:48.406079 chroot(".")       = 0
17439 14:03:48.406090 capset(NULL, NULL) = -1 EFAULT (Bad address)
17439 14:03:48.406103 prctl(0x8, 0, 0xbf8b3b58, 0x80549a6, 0xbf8b3b40) = 0
17439 14:03:48.406114 prctl(0x8, 0x1, 0xbf8b3b58, 0x8054a49, 0xbf8b3b40) = 0
17439 14:03:48.406124 setgid32(65534)   = 0
17439 14:03:48.406134 setuid32(65534)   = 0
17439 14:03:48.406143 capset(0x19980330, 0, {CAP_NET_BIND_SERVICE, CAP_NET_BIND_SERVICE, 0}) = 0
17439 14:03:48.406156 read(4, "\n", 1)  = 1
17439 14:03:48.406169 write(4, "\1", 1) = 1
17441 14:03:48.406180 <... read resumed> "\1", 1) = 1
17441 14:03:48.406187 write(5, "\f", 1) = 1
17441 14:03:48.406198 read(5,  <unfinished ...>
17439 14:03:48.406204 read(4, "\f", 1)  = 1
17439 14:03:48.406217 socket(PF_INET, SOCK_STREAM, IPPROTO_TCP) = 5
17439 14:03:48.406230 setsockopt(5, SOL_SOCKET, SO_REUSEADDR, [1], 4) = 0
17439 14:03:48.406255 gettimeofday({1495649028, 406262}, NULL) = 0
17439 14:03:48.406279 bind(5, {sa_family=AF_INET, sin_port=htons(45215), sin_addr=inet_addr("127.0.0.1")}, 16) = 0
17439 14:03:48.406306 listen(5, 1)      = 0
17439 14:03:48.406320 write(4, "\237\260\0\0", 4) = 4
17441 14:03:48.406331 <... read resumed> "\237\260\0\0", 4) = 4
17441 14:03:48.406345 write(0, "227 Entering Passive Mode (127,0,0,1,176,159).\r\n", 48) = 48
17441 14:03:48.406452 rt_sigaction(SIGALRM, {0x805cad0, ~[RTMIN RT_1], 0}, NULL, 8) = 0
17441 14:03:48.406469 alarm(300)        = 300
17441 14:03:48.406480 recv(0, "STOR myfile16\r\n", 4096, MSG_PEEK) = 15
17441 14:03:48.406492 read(0, "STOR myfile16\r\n", 15) = 15
17441 14:03:48.406507 write(5, "\v", 1) = 1
17441 14:03:48.406518 read(5,  <unfinished ...>
17439 14:03:48.406525 read(4, "\v", 1)  = 1
17439 14:03:48.406547 write(4, "\1\0\0\0", 4) = 4
17441 14:03:48.406558 <... read resumed> "\1\0\0\0", 4) = 4
17441 14:03:48.406566 gettimeofday({1495649028, 406570}, NULL) = 0
17441 14:03:48.406577 getcwd("/home/msfadmin", 4096) = 15
17441 14:03:48.406590 open("myfile16", O_WRONLY|O_CREAT|O_NONBLOCK|O_LARGEFILE, 0666) = 4
17441 14:03:48.406604 fstat64(4, {st_mode=S_IFREG|0644, st_size=17, ...}) = 0
17441 14:03:48.406621 fcntl64(4, F_GETFL) = 0x8801 (flags O_WRONLY|O_NONBLOCK|O_LARGEFILE)
17441 14:03:48.406632 fcntl64(4, F_SETFL, O_WRONLY|O_LARGEFILE) = 0
17441 14:03:48.406642 fcntl64(4, F_SETLKW64, {type=F_WRLCK, whence=SEEK_SET, start=0, len=0}, 0xbf8b3aa4) = 0
17441 14:03:48.406657 ftruncate64(4, 0) = 0
17441 14:03:48.406677 _llseek(4, 0, [0], SEEK_SET) = 0
17441 14:03:48.406688 write(5, "\v", 1) = 1
17441 14:03:48.406699 read(5,  <unfinished ...>
17439 14:03:48.406706 read(4, "\v", 1)  = 1
17439 14:03:48.406717 write(4, "\1\0\0\0", 4) = 4
17441 14:03:48.406728 <... read resumed> "\1\0\0\0", 4) = 4
17441 14:03:48.406735 write(5, "\v", 1) = 1
17441 14:03:48.406745 read(5,  <unfinished ...>
17439 14:03:48.406751 read(4, "\v", 1)  = 1
17439 14:03:48.406762 write(4, "\1\0\0\0", 4) = 4
17441 14:03:48.406772 <... read resumed> "\1\0\0\0", 4) = 4
17441 14:03:48.406780 write(5, "\r", 1) = 1
17441 14:03:48.406790 read(5,  <unfinished ...>
17439 14:03:48.406800 read(4, "\r", 1)  = 1
17439 14:03:48.406814 select(6, [5], NULL, NULL, {60, 0}) = 1 (in [5], left {60, 0})
17439 14:03:48.406831 accept(5, {sa_family=AF_INET, sin_port=htons(50363), sin_addr=inet_addr("127.0.0.1")}, [16]) = 6
17439 14:03:48.406853 write(4, "\1", 1) = 1
17441 14:03:48.406864 <... read resumed> "\1", 1) = 1
17441 14:03:48.406873 recvmsg(5,  <unfinished ...>
17439 14:03:48.406883 sendmsg(4, {msg_name(0)=NULL, msg_iov(1)=[{"\0", 1}], msg_controllen=16, {cmsg_len=16, cmsg_level=SOL_SOCKET, cmsg_type=SCM_RIGHTS, {6}}, msg_flags=0}, 0) = 1
17441 14:03:48.406900 <... recvmsg resumed> {msg_name(0)=NULL, msg_iov(1)=[{"\0", 1}], msg_controllen=16, {cmsg_len=16, cmsg_level=SOL_SOCKET, cmsg_type=SCM_RIGHTS, {6}}, msg_flags=0}, 0) = 1
17441 14:03:48.406914 setsockopt(6, SOL_SOCKET, SO_KEEPALIVE, [1], 4) = 0
17441 14:03:48.406926 setsockopt(6, SOL_IP, IP_TOS, [8], 4) = 0
17441 14:03:48.406938 setsockopt(6, SOL_SOCKET, SO_LINGER, {onoff=1, linger=32767}, 8) = 0
17441 14:03:48.406949 rt_sigaction(SIGALRM, {0x805cad0, ~[RTMIN RT_1], 0}, NULL, 8) = 0
17441 14:03:48.406973 alarm(300)        = 300
17441 14:03:48.406986 write(0, "150 Ok to send data.\r\n", 22) = 22
17441 14:03:48.407058 mmap2(NULL, 77824, PROT_READ|PROT_WRITE, MAP_PRIVATE|MAP_ANONYMOUS, -1, 0) = 0xb7e0a000
17441 14:03:48.407072 mprotect(0xb7e1c000, 4096, PROT_NONE) = 0
17441 14:03:48.407084 mprotect(0xb7e0a000, 4096, PROT_NONE) = 0
17441 14:03:48.407093 read(6, "assasaaa\na\na\na\na\n", 65536) = 17
17441 14:03:48.407117 write(4, "assasaaa\na\na\na\na\n", 17) = 17
17441 14:03:48.407134 read(6, "", 65536) = 0
17441 14:03:48.407144 rt_sigaction(SIGALRM, {0x805cad0, ~[RTMIN RT_1], 0}, NULL, 8) = 0
17441 14:03:48.407168 alarm(300)        = 300
17441 14:03:48.407177 close(6)          = 0
17441 14:03:48.407186 alarm(0)          = 300
17441 14:03:48.407195 gettimeofday({1495649028, 407199}, NULL) = 0
17441 14:03:48.407232 getpid()          = 17441
17441 14:03:48.407248 gettimeofday({1495649028, 407252}, NULL) = 0
17441 14:03:48.407278 fcntl64(3, F_SETLKW64, {type=F_WRLCK, whence=SEEK_SET, start=0, len=0}, 0xbf8b3a44) = 0
17441 14:03:48.407294 write(3, "Wed May 24 14:03:48 2017 [pid 17441] [msfadmin] OK UPLOAD: Client \"127.0.0.1\", \"/home/msfadmin/myfile16\", 17 bytes, 24.34Kbyte/sec\n", 131) = 131
17441 14:03:48.407315 fcntl64(3, F_SETLK64, {type=F_UNLCK, whence=SEEK_SET, start=0, len=0}, 0xbf8b3a4c) = 0
17441 14:03:48.407330 write(0, "226 Transfer complete.\r\n", 24) = 24
17441 14:03:48.407374 write(5, "\n", 1) = 1
17441 14:03:48.407386 read(5,  <unfinished ...>
17439 14:03:48.407393 close(6)          = 0
17439 14:03:48.407411 read(4, "\n", 1)  = 1
17439 14:03:48.407422 close(5)          = 0
17439 14:03:48.407433 write(4, "\1", 1) = 1
17441 14:03:48.407444 <... read resumed> "\1", 1) = 1
17441 14:03:48.407451 close(4)          = 0
17441 14:03:48.407461 rt_sigaction(SIGALRM, {0x805cad0, ~[RTMIN RT_1], 0}, NULL, 8) = 0
17441 14:03:48.407474 alarm(300)        = 0
17441 14:03:48.407485 recv(0,  <unfinished ...>
17439 14:03:48.407493 read(4,  <unfinished ...>
17441 14:03:48.914082 <... recv resumed> "TYPE I\r\n", 4096, MSG_PEEK) = 8
17441 14:03:48.914112 read(0, "TYPE I\r\n", 8) = 8
17441 14:03:48.914133 write(0, "200 Switching to Binary mode.\r\n", 31) = 31
17441 14:03:48.914182 rt_sigaction(SIGALRM, {0x805cad0, ~[RTMIN RT_1], 0}, NULL, 8) = 0
17441 14:03:48.914200 alarm(300)        = 299
17441 14:03:48.914213 recv(0, "PASV\r\n", 4096, MSG_PEEK) = 6
17441 14:03:48.914224 read(0, "PASV\r\n", 6) = 6
17441 14:03:48.914236 write(5, "\n", 1) = 1
17441 14:03:48.914249 read(5,  <unfinished ...>
17439 14:03:48.914257 <... read resumed> "\n", 1) = 1
17439 14:03:48.914266 write(4, "\1", 1) = 1
17441 14:03:48.914277 <... read resumed> "\1", 1) = 1
17441 14:03:48.914284 write(5, "\f", 1) = 1
17441 14:03:48.914294 read(5,  <unfinished ...>
17439 14:03:48.914313 read(4, "\f", 1)  = 1
17439 14:03:48.914329 socket(PF_INET, SOCK_STREAM, IPPROTO_TCP) = 5
17439 14:03:48.914345 setsockopt(5, SOL_SOCKET, SO_REUSEADDR, [1], 4) = 0
17439 14:03:48.914368 bind(5, {sa_family=AF_INET, sin_port=htons(45239), sin_addr=inet_addr("127.0.0.1")}, 16) = 0
17439 14:03:48.914385 listen(5, 1)      = 0
17439 14:03:48.914399 write(4, "\267\260\0\0", 4) = 4
17441 14:03:48.914410 <... read resumed> "\267\260\0\0", 4) = 4
17441 14:03:48.914422 write(0, "227 Entering Passive Mode (127,0,0,1,176,183).\r\n", 48) = 48
17441 14:03:48.914536 rt_sigaction(SIGALRM, {0x805cad0, ~[RTMIN RT_1], 0}, NULL, 8) = 0
17441 14:03:48.914553 alarm(300)        = 300
17441 14:03:48.914565 recv(0, "STOR myfile17\r\n", 4096, MSG_PEEK) = 15
17441 14:03:48.914577 read(0, "STOR myfile17\r\n", 15) = 15
17441 14:03:48.914590 write(5, "\v", 1) = 1
17441 14:03:48.914601 read(5,  <unfinished ...>
17439 14:03:48.914608 read(4, "\v", 1)  = 1
17439 14:03:48.914619 write(4, "\1\0\0\0", 4) = 4
17441 14:03:48.914629 <... read resumed> "\1\0\0\0", 4) = 4
17441 14:03:48.914637 gettimeofday({1495649028, 914641}, NULL) = 0
17441 14:03:48.914648 getcwd("/home/msfadmin", 4096) = 15
17441 14:03:48.914661 open("myfile17", O_WRONLY|O_CREAT|O_NONBLOCK|O_LARGEFILE, 0666) = 4
17441 14:03:48.914675 fstat64(4, {st_mode=S_IFREG|0644, st_size=17, ...}) = 0
17441 14:03:48.914692 fcntl64(4, F_GETFL) = 0x8801 (flags O_WRONLY|O_NONBLOCK|O_LARGEFILE)
17441 14:03:48.914703 fcntl64(4, F_SETFL, O_WRONLY|O_LARGEFILE) = 0
17441 14:03:48.914713 fcntl64(4, F_SETLKW64, {type=F_WRLCK, whence=SEEK_SET, start=0, len=0}, 0xbf8b3aa4) = 0
17441 14:03:48.914727 ftruncate64(4, 0) = 0
17441 14:03:48.914745 _llseek(4, 0, [0], SEEK_SET) = 0
17441 14:03:48.914756 write(5, "\v", 1) = 1
17441 14:03:48.914766 read(5,  <unfinished ...>
17439 14:03:48.914773 read(4, "\v", 1)  = 1
17439 14:03:48.914784 write(4, "\1\0\0\0", 4) = 4
17441 14:03:48.914794 <... read resumed> "\1\0\0\0", 4) = 4
17441 14:03:48.914830 write(5, "\v", 1) = 1
17441 14:03:48.914841 read(5,  <unfinished ...>
17439 14:03:48.914848 read(4, "\v", 1)  = 1
17439 14:03:48.914859 write(4, "\1\0\0\0", 4) = 4
17441 14:03:48.914879 <... read resumed> "\1\0\0\0", 4) = 4
17441 14:03:48.914886 write(5, "\r", 1) = 1
17441 14:03:48.914896 read(5,  <unfinished ...>
17439 14:03:48.914902 read(4, "\r", 1)  = 1
17439 14:03:48.914914 select(6, [5], NULL, NULL, {60, 0}) = 1 (in [5], left {60, 0})
17439 14:03:48.914930 accept(5, {sa_family=AF_INET, sin_port=htons(42875), sin_addr=inet_addr("127.0.0.1")}, [16]) = 6
17439 14:03:48.914952 write(4, "\1", 1) = 1
17441 14:03:48.914962 <... read resumed> "\1", 1) = 1
17441 14:03:48.914971 recvmsg(5,  <unfinished ...>
17439 14:03:48.914979 sendmsg(4, {msg_name(0)=NULL, msg_iov(1)=[{"\0", 1}], msg_controllen=16, {cmsg_len=16, cmsg_level=SOL_SOCKET, cmsg_type=SCM_RIGHTS, {6}}, msg_flags=0}, 0) = 1
17441 14:03:48.914996 <... recvmsg resumed> {msg_name(0)=NULL, msg_iov(1)=[{"\0", 1}], msg_controllen=16, {cmsg_len=16, cmsg_level=SOL_SOCKET, cmsg_type=SCM_RIGHTS, {6}}, msg_flags=0}, 0) = 1
17441 14:03:48.915009 setsockopt(6, SOL_SOCKET, SO_KEEPALIVE, [1], 4) = 0
17441 14:03:48.915021 setsockopt(6, SOL_IP, IP_TOS, [8], 4) = 0
17441 14:03:48.915033 setsockopt(6, SOL_SOCKET, SO_LINGER, {onoff=1, linger=32767}, 8) = 0
17441 14:03:48.915044 rt_sigaction(SIGALRM, {0x805cad0, ~[RTMIN RT_1], 0}, NULL, 8) = 0
17441 14:03:48.915057 alarm(300)        = 300
17441 14:03:48.915070 write(0, "150 Ok to send data.\r\n", 22) = 22
17441 14:03:48.915136 read(6, "assasaaa\na\na\na\na\n", 65536) = 17
17441 14:03:48.915150 write(4, "assasaaa\na\na\na\na\n", 17) = 17
17441 14:03:48.915167 read(6, "", 65536) = 0
17441 14:03:48.915177 rt_sigaction(SIGALRM, {0x805cad0, ~[RTMIN RT_1], 0}, NULL, 8) = 0
17441 14:03:48.915191 alarm(300)        = 300
17441 14:03:48.915200 close(6)          = 0
17441 14:03:48.915210 alarm(0)          = 300
17441 14:03:48.915219 gettimeofday({1495649028, 915223}, NULL) = 0
17441 14:03:48.915234 gettimeofday({1495649028, 915238}, NULL) = 0
17441 14:03:48.915249 fcntl64(3, F_SETLKW64, {type=F_WRLCK, whence=SEEK_SET, start=0, len=0}, 0xbf8b3a44) = 0
17441 14:03:48.915263 write(3, "Wed May 24 14:03:48 2017 [pid 17441] [msfadmin] OK UPLOAD: Client \"127.0.0.1\", \"/home/msfadmin/myfile17\", 17 bytes, 27.81Kbyte/sec\n", 131) = 131
17441 14:03:48.915288 fcntl64(3, F_SETLK64, {type=F_UNLCK, whence=SEEK_SET, start=0, len=0}, 0xbf8b3a4c) = 0
17441 14:03:48.915331 write(0, "226 Transfer complete.\r\n", 24) = 24
17441 14:03:48.915387 write(5, "\n", 1) = 1
17441 14:03:48.915399 read(5,  <unfinished ...>
17439 14:03:48.915406 close(6)          = 0
17439 14:03:48.915425 read(4, "\n", 1)  = 1
17439 14:03:48.915436 close(5)          = 0
17439 14:03:48.915447 write(4, "\1", 1) = 1
17441 14:03:48.915457 <... read resumed> "\1", 1) = 1
17441 14:03:48.915464 close(4)          = 0
17441 14:03:48.915475 rt_sigaction(SIGALRM, {0x805cad0, ~[RTMIN RT_1], 0}, NULL, 8) = 0
17441 14:03:48.915488 alarm(300)        = 0
17441 14:03:48.915499 recv(0,  <unfinished ...>
17439 14:03:48.915506 read(4,  <unfinished ...>
17438 14:03:48.933990 <... recv resumed> "USER msfadmin\r\n", 4096, MSG_PEEK) = 15
17438 14:03:48.934030 read(0, "USER msfadmin\r\n", 15) = 15
17438 14:03:48.934056 write(0, "331 Any password will do.\r\n", 27) = 27
17438 14:03:48.934102 rt_sigaction(SIGALRM, {0x805cad0, ~[RTMIN RT_1], 0}, NULL, 8) = 0
17438 14:03:48.934120 alarm(300)        = 299
17438 14:03:48.934132 recv(0, "PASS msfadmin\r\n", 4096, MSG_PEEK) = 15
17438 14:03:48.934144 read(0, "PASS msfadmin\r\n", 15) = 15
17438 14:03:48.934160 write(0, "230 Already logged in.\r\n", 24) = 24
17438 14:03:48.934222 rt_sigaction(SIGALRM, {0x805cad0, ~[RTMIN RT_1], 0}, NULL, 8) = 0
17438 14:03:48.934238 alarm(300)        = 300
17438 14:03:48.934249 recv(0, "TYPE I\r\n", 4096, MSG_PEEK) = 8
17438 14:03:48.934260 read(0, "TYPE I\r\n", 8) = 8
17438 14:03:48.934274 write(0, "200 Switching to Binary mode.\r\n", 31) = 31
17438 14:03:48.934310 rt_sigaction(SIGALRM, {0x805cad0, ~[RTMIN RT_1], 0}, NULL, 8) = 0
17438 14:03:48.934324 alarm(300)        = 300
17438 14:03:48.934335 recv(0, "PASV\r\n", 4096, MSG_PEEK) = 6
17438 14:03:48.934346 read(0, "PASV\r\n", 6) = 6
17438 14:03:48.934357 write(5, "\n", 1 <unfinished ...>
17436 14:03:48.934369 <... read resumed> "\n", 1) = 1
17438 14:03:48.934374 <... write resumed> ) = 1
17436 14:03:48.934382 write(4, "\1", 1 <unfinished ...>
17438 14:03:48.934388 read(5,  <unfinished ...>
17436 14:03:48.934394 <... write resumed> ) = 1
17438 14:03:48.934398 <... read resumed> "\1", 1) = 1
17436 14:03:48.934406 read(4,  <unfinished ...>
17438 14:03:48.934410 write(5, "\f", 1 <unfinished ...>
17436 14:03:48.934417 <... read resumed> "\f", 1) = 1
17438 14:03:48.934422 <... write resumed> ) = 1
17436 14:03:48.934430 socket(PF_INET, SOCK_STREAM, IPPROTO_TCP <unfinished ...>
17438 14:03:48.934435 read(5,  <unfinished ...>
17436 14:03:48.934444 <... socket resumed> ) = 5
17436 14:03:48.934452 setsockopt(5, SOL_SOCKET, SO_REUSEADDR, [1], 4) = 0
17436 14:03:48.934467 bind(5, {sa_family=AF_INET, sin_port=htons(16108), sin_addr=inet_addr("127.0.0.1")}, 16) = 0
17436 14:03:48.934483 listen(5, 1)      = 0
17436 14:03:48.934497 write(4, "\354>\0\0", 4 <unfinished ...>
17438 14:03:48.934505 <... read resumed> "\354>\0\0", 4) = 4
17436 14:03:48.934510 <... write resumed> ) = 4
17438 14:03:48.934521 write(0, "227 Entering Passive Mode (127,0,0,1,62,236).\r\n", 47 <unfinished ...>
17436 14:03:48.934529 read(4,  <unfinished ...>
17438 14:03:48.934631 <... write resumed> ) = 47
17438 14:03:48.934643 rt_sigaction(SIGALRM, {0x805cad0, ~[RTMIN RT_1], 0}, NULL, 8) = 0
17438 14:03:48.934658 alarm(300)        = 300
17438 14:03:48.934669 recv(0, "RETR myfile1\r\n", 4096, MSG_PEEK) = 14
17438 14:03:48.934680 read(0, "RETR myfile1\r\n", 14) = 14
17438 14:03:48.934693 write(5, "\v", 1 <unfinished ...>
17436 14:03:48.934707 <... read resumed> "\v", 1) = 1
17438 14:03:48.934714 <... write resumed> ) = 1
17436 14:03:48.934722 write(4, "\1\0\0\0", 4 <unfinished ...>
17438 14:03:48.934728 read(5,  <unfinished ...>
17436 14:03:48.934734 <... write resumed> ) = 4
17438 14:03:48.934738 <... read resumed> "\1\0\0\0", 4) = 4
17436 14:03:48.934746 read(4,  <unfinished ...>
17438 14:03:48.934750 gettimeofday({1495649028, 934754}, NULL) = 0
17438 14:03:48.934762 getcwd("/home/msfadmin", 4096) = 15
17438 14:03:48.934782 open("myfile1", O_RDONLY|O_NONBLOCK|O_LARGEFILE) = 4
17438 14:03:48.934795 fcntl64(4, F_SETLKW64, {type=F_RDLCK, whence=SEEK_SET, start=0, len=0}, 0xbff5c164) = 0
17438 14:03:48.934810 fstat64(4, {st_mode=S_IFREG|0644, st_size=17, ...}) = 0
17438 14:03:48.934854 fcntl64(4, F_GETFL) = 0x8800 (flags O_RDONLY|O_NONBLOCK|O_LARGEFILE)
17438 14:03:48.934866 fcntl64(4, F_SETFL, O_RDONLY|O_LARGEFILE) = 0
17438 14:03:48.934887 write(5, "\v", 1 <unfinished ...>
17436 14:03:48.934896 <... read resumed> "\v", 1) = 1
17438 14:03:48.934900 <... write resumed> ) = 1
17436 14:03:48.934906 write(4, "\1\0\0\0", 4) = 4
17436 14:03:48.934917 read(4,  <unfinished ...>
17438 14:03:48.934924 read(5, "\1\0\0\0", 4) = 4
17438 14:03:48.934935 write(5, "\v", 1 <unfinished ...>
17436 14:03:48.934942 <... read resumed> "\v", 1) = 1
17438 14:03:48.934946 <... write resumed> ) = 1
17436 14:03:48.934952 write(4, "\1\0\0\0", 4) = 4
17436 14:03:48.934962 read(4,  <unfinished ...>
17438 14:03:48.934968 read(5, "\1\0\0\0", 4) = 4
17438 14:03:48.934979 write(5, "\r", 1 <unfinished ...>
17436 14:03:48.934986 <... read resumed> "\r", 1) = 1
17438 14:03:48.934991 <... write resumed> ) = 1
17436 14:03:48.934998 select(6, [5], NULL, NULL, {60, 0}) = 1 (in [5], left {60, 0})
17436 14:03:48.935014 accept(5, {sa_family=AF_INET, sin_port=htons(45511), sin_addr=inet_addr("127.0.0.1")}, [16]) = 6
17436 14:03:48.935036 write(4, "\1", 1) = 1
17436 14:03:48.935048 sendmsg(4, {msg_name(0)=NULL, msg_iov(1)=[{"\0", 1}], msg_controllen=16, {cmsg_len=16, cmsg_level=SOL_SOCKET, cmsg_type=SCM_RIGHTS, {6}}, msg_flags=0}, 0) = 1
17436 14:03:48.935065 close(6)          = 0
17436 14:03:48.935074 read(4,  <unfinished ...>
17438 14:03:48.935081 read(5, "\1", 1)  = 1
17438 14:03:48.935094 recvmsg(5, {msg_name(0)=NULL, msg_iov(1)=[{"\0", 1}], msg_controllen=16, {cmsg_len=16, cmsg_level=SOL_SOCKET, cmsg_type=SCM_RIGHTS, {6}}, msg_flags=0}, 0) = 1
17438 14:03:48.935111 setsockopt(6, SOL_SOCKET, SO_KEEPALIVE, [1], 4) = 0
17438 14:03:48.935123 setsockopt(6, SOL_IP, IP_TOS, [8], 4) = 0
17438 14:03:48.935135 setsockopt(6, SOL_SOCKET, SO_LINGER, {onoff=1, linger=32767}, 8) = 0
17438 14:03:48.935146 rt_sigaction(SIGALRM, {0x805cad0, ~[RTMIN RT_1], 0}, NULL, 8) = 0
17438 14:03:48.935159 alarm(300)        = 300
17438 14:03:48.935172 write(0, "150 Opening BINARY mode data connection for myfile1 (17 bytes).\r\n", 65) = 65
17438 14:03:48.935214 _llseek(4, 0, [0], SEEK_CUR) = 0
17438 14:03:48.935226 fstat64(4, {st_mode=S_IFREG|0644, st_size=17, ...}) = 0
17438 14:03:48.935243 _llseek(4, 0, [0], SEEK_SET) = 0
17438 14:03:48.935253 sendfile(6, 4, NULL, 17) = 17
17438 14:03:48.935284 rt_sigaction(SIGALRM, {0x805cad0, ~[RTMIN RT_1], 0}, NULL, 8) = 0
17438 14:03:48.935298 alarm(300)        = 300
17438 14:03:48.935307 close(6)          = 0
17438 14:03:48.935343 alarm(0)          = 300
17438 14:03:48.935354 gettimeofday({1495649028, 935357}, NULL) = 0
17438 14:03:48.935369 gettimeofday({1495649028, 935373}, NULL) = 0
17438 14:03:48.935383 fcntl64(3, F_SETLKW64, {type=F_WRLCK, whence=SEEK_SET, start=0, len=0}, 0xbff5c104) = 0
17438 14:03:48.935398 write(3, "Wed May 24 14:03:48 2017 [pid 17438] [msfadmin] OK DOWNLOAD: Client \"127.0.0.1\", \"/home/msfadmin/myfile1\", 17 bytes, 26.82Kbyte/sec\n", 132) = 132
17438 14:03:48.935418 fcntl64(3, F_SETLK64, {type=F_UNLCK, whence=SEEK_SET, start=0, len=0}, 0xbff5c10c) = 0
17438 14:03:48.935432 write(0, "226 Transfer complete.\r\n", 24) = 24
17438 14:03:48.935497 write(5, "\n", 1 <unfinished ...>
17436 14:03:48.935507 <... read resumed> "\n", 1) = 1
17438 14:03:48.935512 <... write resumed> ) = 1
17436 14:03:48.935518 close(5)          = 0
17436 14:03:48.935529 write(4, "\1", 1) = 1
17436 14:03:48.935540 read(4,  <unfinished ...>
17438 14:03:48.935547 read(5, "\1", 1)  = 1
17438 14:03:48.935558 close(4)          = 0
17438 14:03:48.935568 rt_sigaction(SIGALRM, {0x805cad0, ~[RTMIN RT_1], 0}, NULL, 8) = 0
17438 14:03:48.935581 alarm(300)        = 0
17438 14:03:48.935592 recv(0, "USER msfadmin\r\n", 4096, MSG_PEEK) = 15
17438 14:03:49.454654 read(0, "USER msfadmin\r\n", 15) = 15
17438 14:03:49.454743 write(0, "331 Any password will do.\r\n", 27) = 27
17438 14:03:49.454824 rt_sigaction(SIGALRM, {0x805cad0, ~[RTMIN RT_1], 0}, NULL, 8) = 0
17438 14:03:49.454866 alarm(300)        = 299
17438 14:03:49.454890 recv(0, "PASS msfadmin\r\n", 4096, MSG_PEEK) = 15
17438 14:03:49.454903 read(0, "PASS msfadmin\r\n", 15) = 15
17438 14:03:49.454929 write(0, "230 Already logged in.\r\n", 24) = 24
17438 14:03:49.454981 rt_sigaction(SIGALRM, {0x805cad0, ~[RTMIN RT_1], 0}, NULL, 8) = 0
17438 14:03:49.454997 alarm(300)        = 300
17438 14:03:49.455008 recv(0, "TYPE I\r\n", 4096, MSG_PEEK) = 8
17438 14:03:49.455019 read(0, "TYPE I\r\n", 8) = 8
17438 14:03:49.455034 write(0, "200 Switching to Binary mode.\r\n", 31) = 31
17438 14:03:49.455070 rt_sigaction(SIGALRM, {0x805cad0, ~[RTMIN RT_1], 0}, NULL, 8) = 0
17438 14:03:49.455084 alarm(300)        = 300
17438 14:03:49.455095 recv(0, "PASV\r\n", 4096, MSG_PEEK) = 6
17438 14:03:49.455106 read(0, "PASV\r\n", 6) = 6
17438 14:03:49.455117 write(5, "\n", 1 <unfinished ...>
17436 14:03:49.455128 <... read resumed> "\n", 1) = 1
17438 14:03:49.455134 <... write resumed> ) = 1
17436 14:03:49.455141 write(4, "\1", 1) = 1
17436 14:03:49.455152 read(4,  <unfinished ...>
17438 14:03:49.455159 read(5, "\1", 1)  = 1
17438 14:03:49.455170 write(5, "\f", 1 <unfinished ...>
17436 14:03:49.455177 <... read resumed> "\f", 1) = 1
17438 14:03:49.455182 <... write resumed> ) = 1
17436 14:03:49.455189 socket(PF_INET, SOCK_STREAM, IPPROTO_TCP) = 5
17436 14:03:49.455204 setsockopt(5, SOL_SOCKET, SO_REUSEADDR, [1], 4) = 0
17436 14:03:49.455219 bind(5, {sa_family=AF_INET, sin_port=htons(20164), sin_addr=inet_addr("127.0.0.1")}, 16) = 0
17436 14:03:49.455235 listen(5, 1)      = 0
17436 14:03:49.455248 write(4, "\304N\0\0", 4) = 4
17436 14:03:49.455259 read(4,  <unfinished ...>
17438 14:03:49.455266 read(5, "\304N\0\0", 4) = 4
17438 14:03:49.455281 write(0, "227 Entering Passive Mode (127,0,0,1,78,196).\r\n", 47) = 47
17438 14:03:49.455392 rt_sigaction(SIGALRM, {0x805cad0, ~[RTMIN RT_1], 0}, NULL, 8) = 0
17438 14:03:49.455409 alarm(300)        = 300
17438 14:03:49.455449 recv(0, "RETR myfile2\r\n", 4096, MSG_PEEK) = 14
17438 14:03:49.455463 read(0, "RETR myfile2\r\n", 14) = 14
17438 14:03:49.455485 write(5, "\v", 1 <unfinished ...>
17436 14:03:49.455493 <... read resumed> "\v", 1) = 1
17438 14:03:49.455498 <... write resumed> ) = 1
17436 14:03:49.455504 write(4, "\1\0\0\0", 4) = 4
17436 14:03:49.455515 read(4,  <unfinished ...>
17438 14:03:49.455522 read(5, "\1\0\0\0", 4) = 4
