22239 14:53:27.652005 open("/etc/passwd", O_RDONLY|0x80000 /* O_??? */) = 5
22239 14:53:27.652020 _llseek(5, 0, [0], SEEK_CUR) = 0
22239 14:53:27.652031 fstat64(5, {st_mode=S_IFREG|0644, st_size=1624, ...}) = 0
22239 14:53:27.652047 mmap2(NULL, 1624, PROT_READ, MAP_SHARED, 5, 0) = 0xb7f99000
22239 14:53:27.652058 _llseek(5, 1624, [1624], SEEK_SET) = 0
22239 14:53:27.652077 munmap(0xb7f99000, 1624) = 0
22239 14:53:27.652087 close(5)          = 0
22239 14:53:27.652112 open("/etc/shadow", O_RDONLY|0x80000 /* O_??? */) = 5
22239 14:53:27.652128 _llseek(5, 0, [0], SEEK_CUR) = 0
22239 14:53:27.652139 fstat64(5, {st_mode=S_IFREG|0640, st_size=1233, ...}) = 0
22239 14:53:27.652155 mmap2(NULL, 1233, PROT_READ, MAP_SHARED, 5, 0) = 0xb7f99000
22239 14:53:27.652165 _llseek(5, 1233, [1233], SEEK_SET) = 0
22239 14:53:27.652185 munmap(0xb7f99000, 1233) = 0
22239 14:53:27.652195 close(5)          = 0
22239 14:53:27.652203 open("/etc/passwd", O_RDONLY|0x80000 /* O_??? */) = 5
22239 14:53:27.652203 _llseek(5, 0, [0], SEEK_CUR) = 0
22239 14:53:27.652203 fstat64(5, {st_mode=S_IFREG|0644, st_size=1624, ...}) = 0
22239 14:53:27.652204 mmap2(NULL, 1624, PROT_READ, MAP_SHARED, 5, 0) = 0xb7f99000
22239 14:53:27.652204 _llseek(5, 1624, [1624], SEEK_SET) = 0
22239 14:53:27.652204 munmap(0xb7f99000, 1624) = 0
22239 14:53:27.652204 close(5)          = 0
22239 14:53:27.652204 open("/etc/shadow", O_RDONLY|0x80000 /* O_??? */) = 5
22239 14:53:27.652205 _llseek(5, 0, [0], SEEK_CUR) = 0
22239 14:53:27.652205 fstat64(5, {st_mode=S_IFREG|0640, st_size=1233, ...}) = 0
22239 14:53:27.652205 mmap2(NULL, 1233, PROT_READ, MAP_SHARED, 5, 0) = 0xb7f99000
22239 14:53:27.652205 _llseek(5, 1233, [1233], SEEK_SET) = 0
22239 14:53:27.652206 munmap(0xb7f99000, 1233) = 0
22239 14:53:27.652206 close(5)          = 0
22239 14:53:27.652330 getuid32()        = 0
22239 14:53:27.652341 open("/etc/passwd", O_RDONLY|0x80000 /* O_??? */) = 5
22239 14:53:27.652354 _llseek(5, 0, [0], SEEK_CUR) = 0
22239 14:53:27.652364 fstat64(5, {st_mode=S_IFREG|0644, st_size=1624, ...}) = 0
22239 14:53:27.652380 mmap2(NULL, 1624, PROT_READ, MAP_SHARED, 5, 0) = 0xb7f99000
22239 14:53:27.652391 _llseek(5, 1624, [1624], SEEK_SET) = 0
22239 14:53:27.652406 munmap(0xb7f99000, 1624) = 0
22239 14:53:27.652415 close(5)          = 0
22239 14:53:27.652428 open("/etc/shadow", O_RDONLY|0x80000 /* O_??? */) = 5
22239 14:53:27.652441 _llseek(5, 0, [0], SEEK_CUR) = 0
22239 14:53:27.652451 fstat64(5, {st_mode=S_IFREG|0640, st_size=1233, ...}) = 0
22239 14:53:27.652467 mmap2(NULL, 1233, PROT_READ, MAP_SHARED, 5, 0) = 0xb7f99000
22239 14:53:27.652477 _llseek(5, 1233, [1233], SEEK_SET) = 0
22239 14:53:27.652493 munmap(0xb7f99000, 1233) = 0
22239 14:53:27.652502 close(5)          = 0
22239 14:53:27.652514 time(NULL)        = 1495652007
22239 14:53:27.652533 munmap(0xb7f96000, 12164) = 0
22239 14:53:27.652547 munmap(0xb7f94000, 7136) = 0
22239 14:53:27.652561 munmap(0xb7dc9000, 95428) = 0
22239 14:53:27.652572 munmap(0xb7d8f000, 201052) = 0
22239 14:53:27.652583 munmap(0xb7d76000, 101180) = 0
22239 14:53:27.652599 gettimeofday({1495652007, 652603}, NULL) = 0
22239 14:53:27.652611 stat64("/usr/share/zoneinfo/UTC+04:00", 0xbfcde654) = -1 ENOENT (No such file or directory)
22239 14:53:27.652626 open("/usr/share/zoneinfo/UTC+04:00", O_RDONLY) = -1 ENOENT (No such file or directory)
22239 14:53:27.652651 fcntl64(3, F_SETLKW64, {type=F_WRLCK, whence=SEEK_SET, start=0, len=0}, 0xbfcde7a4) = 0
22239 14:53:27.652668 write(3, "Wed May 24 14:53:27 2017 [pid 22239] [msfadmin] OK LOGIN: Client \"127.0.0.1\"\n", 77) = 77
22239 14:53:27.652685 fcntl64(3, F_SETLK64, {type=F_UNLCK, whence=SEEK_SET, start=0, len=0}, 0xbfcde7ac) = 0
22239 14:53:27.652698 rt_sigaction(SIGCHLD, {0x805cad0, ~[RTMIN RT_1], 0}, NULL, 8) = 0
22239 14:53:27.652712 write(4, "\1", 1 <unfinished ...>
22240 14:53:27.652748 <... read resumed> "\1", 1) = 1
22239 14:53:27.652756 <... write resumed> ) = 1
22240 14:53:27.652764 exit_group(0)     = ?
22239 14:53:27.652805 --- SIGCHLD (Child exited) @ 0 (0) ---
22239 14:53:27.652813 sigreturn()       = ? (mask now [])
22239 14:53:27.652832 wait4(-1, [{WIFEXITED(s) && WEXITSTATUS(s) == 0}], 0, NULL) = 22240
22239 14:53:27.652845 close(4)          = 0
22239 14:53:27.652857 socketpair(PF_FILE, SOCK_STREAM, 0, [4, 5]) = 0
22239 14:53:27.652871 rt_sigaction(SIGCHLD, {0x805cad0, ~[RTMIN RT_1], 0}, NULL, 8) = 0
22239 14:53:27.652885 rt_sigaction(SIGALRM, {0x805cb10, ~[RTMIN RT_1], 0}, NULL, 8) = 0
22239 14:53:27.652898 clone(child_stack=0, flags=CLONE_CHILD_CLEARTID|CLONE_CHILD_SETTID|SIGCHLD, child_tidptr=0xb7dff6f8) = 22241
22241 14:53:27.652949 prctl(0x1, 0x9, 0, 0, 0) = 0
22241 14:53:27.652962 close(4)          = 0
22241 14:53:27.652989 open("/etc/passwd", O_RDONLY|0x80000 /* O_??? */) = 4
22241 14:53:27.653006 _llseek(4, 0, [0], SEEK_CUR) = 0
22241 14:53:27.653021 fstat64(4, {st_mode=S_IFREG|0644, st_size=1624, ...}) = 0
22241 14:53:27.653039 mmap2(NULL, 1624, PROT_READ, MAP_SHARED, 4, 0) = 0xb7f99000
22241 14:53:27.653051 _llseek(4, 1624, [1624], SEEK_SET) = 0
22241 14:53:27.653073 munmap(0xb7f99000, 1624) = 0
22241 14:53:27.653085 close(4)          = 0
22241 14:53:27.653098 getuid32()        = 0
22241 14:53:27.653108 open("/etc/passwd", O_RDONLY|0x80000 /* O_??? */) = 4
22241 14:53:27.653121 _llseek(4, 0, [0], SEEK_CUR) = 0
22241 14:53:27.653131 fstat64(4, {st_mode=S_IFREG|0644, st_size=1624, ...}) = 0
22241 14:53:27.653156 mmap2(NULL, 1624, PROT_READ, MAP_SHARED, 4, 0) = 0xb7f99000
22241 14:53:27.653168 _llseek(4, 1624, [1624], SEEK_SET) = 0
22241 14:53:27.653184 munmap(0xb7f99000, 1624) = 0
22241 14:53:27.653194 close(4)          = 0
22241 14:53:27.653220 open("/proc/sys/kernel/ngroups_max", O_RDONLY) = 4
22241 14:53:27.653240 read(4, "65536\n", 31) = 6
22241 14:53:27.653253 close(4)          = 0
22241 14:53:27.653267 socket(PF_FILE, SOCK_STREAM, 0) = 4
22241 14:53:27.653279 fcntl64(4, F_SETFL, O_RDWR|O_NONBLOCK) = 0
22241 14:53:27.653289 connect(4, {sa_family=AF_FILE, path="/var/run/nscd/socket"}, 110) = -1 ENOENT (No such file or directory)
22241 14:53:27.653311 close(4)          = 0
22241 14:53:27.653322 socket(PF_FILE, SOCK_STREAM, 0) = 4
22241 14:53:27.653333 fcntl64(4, F_SETFL, O_RDWR|O_NONBLOCK) = 0
22241 14:53:27.653343 connect(4, {sa_family=AF_FILE, path="/var/run/nscd/socket"}, 110) = -1 ENOENT (No such file or directory)
22241 14:53:27.653361 close(4)          = 0
22241 14:53:27.653385 open("/etc/group", O_RDONLY|0x80000 /* O_??? */) = 4
22241 14:53:27.653399 _llseek(4, 0, [0], SEEK_CUR) = 0
22241 14:53:27.653410 fstat64(4, {st_mode=S_IFREG|0644, st_size=886, ...}) = 0
22241 14:53:27.653426 mmap2(NULL, 886, PROT_READ, MAP_SHARED, 4, 0) = 0xb7f99000
22241 14:53:27.653437 _llseek(4, 886, [886], SEEK_SET) = 0
22241 14:53:27.653462 fstat64(4, {st_mode=S_IFREG|0644, st_size=886, ...}) = 0
22241 14:53:27.653479 munmap(0xb7f99000, 886) = 0
22241 14:53:27.653493 close(4)          = 0
22241 14:53:27.653503 setgroups32(13, [1000, 4, 20, 24, 25, 29, 30, 44, 46, 107, 111, 112, 119]) = 0
22241 14:53:27.653519 geteuid32()       = 0
22241 14:53:27.653530 getegid32()       = 0
22241 14:53:27.653541 setregid32(-1, 1000) = 0
22241 14:53:27.653551 setreuid32(-1, 1000) = 0
22241 14:53:27.653562 chdir("/home/msfadmin") = 0
22241 14:53:27.653574 setreuid32(-1, 0) = 0
22241 14:53:27.653583 setregid32(-1, 0) = 0
22241 14:53:27.653593 setgid32(1000)    = 0
22241 14:53:27.653603 setuid32(1000)    = 0
22241 14:53:27.653613 setrlimit(RLIMIT_NPROC, {rlim_cur=0, rlim_max=0}) = 0
22241 14:53:27.653627 mmap2(NULL, 12288, PROT_READ|PROT_WRITE, MAP_PRIVATE|MAP_ANONYMOUS, -1, 0) = 0xb7f97000
22241 14:53:27.653638 mprotect(0xb7f99000, 4096, PROT_NONE) = 0
22241 14:53:27.653650 mprotect(0xb7f97000, 4096, PROT_NONE) = 0
22241 14:53:27.653660 getcwd("/home/msfadmin", 4096) = 15
22241 14:53:27.653674 umask(022)        = 077
22241 14:53:27.653685 getcwd("/home/msfadmin", 4096) = 15
22241 14:53:27.653747 open(".message", O_RDONLY|O_NONBLOCK|O_LARGEFILE) = -1 ENOENT (No such file or directory)
22241 14:53:27.653773 write(0, "230 Login successful.\r\n", 23) = 23
22241 14:53:27.653852 rt_sigaction(SIGALRM, {0x805cad0, ~[RTMIN RT_1], 0}, NULL, 8) = 0
22241 14:53:27.653869 alarm(300)        = 0
22241 14:53:27.653880 mmap2(NULL, 12288, PROT_READ|PROT_WRITE, MAP_PRIVATE|MAP_ANONYMOUS, -1, 0) = 0xb7f94000
22241 14:53:27.653891 mprotect(0xb7f96000, 4096, PROT_NONE) = 0
22241 14:53:27.653903 mprotect(0xb7f94000, 4096, PROT_NONE) = 0
22241 14:53:27.653916 recv(0, "TYPE I\r\n", 4096, MSG_PEEK) = 8
22241 14:53:27.653929 read(0, "TYPE I\r\n", 8) = 8
22241 14:53:27.653945 write(0, "200 Switching to Binary mode.\r\n", 31) = 31
22241 14:53:27.653986 rt_sigaction(SIGALRM, {0x805cad0, ~[RTMIN RT_1], 0}, NULL, 8) = 0
22241 14:53:27.654000 alarm(300)        = 300
22241 14:53:27.654011 recv(0, "PASV\r\n", 4096, MSG_PEEK) = 6
22241 14:53:27.654022 read(0, "PASV\r\n", 6) = 6
22241 14:53:27.654034 write(5, "\n", 1) = 1
22241 14:53:27.654045 read(5,  <unfinished ...>
22239 14:53:27.654057 close(5)          = 0
22239 14:53:27.654070 getuid32()        = 0
22239 14:53:27.654085 open("/etc/passwd", O_RDONLY|0x80000 /* O_??? */) = 5
22239 14:53:27.654099 _llseek(5, 0, [0], SEEK_CUR) = 0
22239 14:53:27.654111 fstat64(5, {st_mode=S_IFREG|0644, st_size=1624, ...}) = 0
22239 14:53:27.654129 mmap2(NULL, 1624, PROT_READ, MAP_SHARED, 5, 0) = 0xb7f99000
22239 14:53:27.654140 _llseek(5, 1624, [1624], SEEK_SET) = 0
22239 14:53:27.654157 munmap(0xb7f99000, 1624) = 0
22239 14:53:27.654169 close(5)          = 0
22239 14:53:27.654184 setgroups32(0, []) = 0
22239 14:53:27.654196 chdir("/usr/share/empty") = 0
22239 14:53:27.654208 chroot(".")       = 0
22239 14:53:27.654218 capset(NULL, NULL) = -1 EFAULT (Bad address)
22239 14:53:27.654232 prctl(0x8, 0, 0xbfcde788, 0x80549a6, 0xbfcde770) = 0
22239 14:53:27.654243 prctl(0x8, 0x1, 0xbfcde788, 0x8054a49, 0xbfcde770) = 0
22239 14:53:27.654253 setgid32(65534)   = 0
22239 14:53:27.654263 setuid32(65534)   = 0
22239 14:53:27.654272 capset(0x19980330, 0, {CAP_NET_BIND_SERVICE, CAP_NET_BIND_SERVICE, 0}) = 0
22239 14:53:27.654285 read(4, "\n", 1)  = 1
22239 14:53:27.654298 write(4, "\1", 1) = 1
22241 14:53:27.654309 <... read resumed> "\1", 1) = 1
22241 14:53:27.654317 write(5, "\f", 1) = 1
22241 14:53:27.654327 read(5,  <unfinished ...>
22239 14:53:27.654333 read(4, "\f", 1)  = 1
22239 14:53:27.654346 socket(PF_INET, SOCK_STREAM, IPPROTO_TCP) = 5
22239 14:53:27.654359 setsockopt(5, SOL_SOCKET, SO_REUSEADDR, [1], 4) = 0
22239 14:53:27.654370 gettimeofday({1495652007, 654374}, NULL) = 0
22239 14:53:27.654387 bind(5, {sa_family=AF_INET, sin_port=htons(35549), sin_addr=inet_addr("127.0.0.1")}, 16) = 0
22239 14:53:27.654403 listen(5, 1)      = 0
22239 14:53:27.654416 write(4, "\335\212\0\0", 4) = 4
22241 14:53:27.654428 <... read resumed> "\335\212\0\0", 4) = 4
22241 14:53:27.654442 write(0, "227 Entering Passive Mode (127,0,0,1,138,221).\r\n", 48) = 48
22241 14:53:27.654556 rt_sigaction(SIGALRM, {0x805cad0, ~[RTMIN RT_1], 0}, NULL, 8) = 0
22241 14:53:27.654578 alarm(300)        = 300
22241 14:53:27.654589 recv(0, "RETR myfile29\r\n", 4096, MSG_PEEK) = 15
22241 14:53:27.654602 read(0, "RETR myfile29\r\n", 15) = 15
22241 14:53:27.654616 write(5, "\v", 1) = 1
22241 14:53:27.654627 read(5,  <unfinished ...>
22239 14:53:27.654634 read(4, "\v", 1)  = 1
22239 14:53:27.654645 write(4, "\1\0\0\0", 4) = 4
22241 14:53:27.654669 <... read resumed> "\1\0\0\0", 4) = 4
22241 14:53:27.654682 gettimeofday({1495652007, 654686}, NULL) = 0
22241 14:53:27.654694 getcwd("/home/msfadmin", 4096) = 15
22241 14:53:27.654716 open("myfile29", O_RDONLY|O_NONBLOCK|O_LARGEFILE) = 4
22241 14:53:27.654729 fcntl64(4, F_SETLKW64, {type=F_RDLCK, whence=SEEK_SET, start=0, len=0}, 0xbfcde6f4) = 0
22241 14:53:27.654743 fstat64(4, {st_mode=S_IFREG|0644, st_size=17, ...}) = 0
22241 14:53:27.654759 fcntl64(4, F_GETFL) = 0x8800 (flags O_RDONLY|O_NONBLOCK|O_LARGEFILE)
22241 14:53:27.654770 fcntl64(4, F_SETFL, O_RDONLY|O_LARGEFILE) = 0
22241 14:53:27.654782 write(5, "\v", 1) = 1
22241 14:53:27.654794 read(5,  <unfinished ...>
22239 14:53:27.654801 read(4, "\v", 1)  = 1
22239 14:53:27.654812 write(4, "\1\0\0\0", 4) = 4
22241 14:53:27.654822 <... read resumed> "\1\0\0\0", 4) = 4
22241 14:53:27.654830 write(5, "\v", 1) = 1
22241 14:53:27.654839 read(5,  <unfinished ...>
22239 14:53:27.654846 read(4, "\v", 1)  = 1
22239 14:53:27.654856 write(4, "\1\0\0\0", 4) = 4
22241 14:53:27.654866 <... read resumed> "\1\0\0\0", 4) = 4
22241 14:53:27.654874 write(5, "\r", 1) = 1
22241 14:53:27.654883 read(5,  <unfinished ...>
22239 14:53:27.654890 read(4, "\r", 1)  = 1
22239 14:53:27.654903 select(6, [5], NULL, NULL, {60, 0}) = 1 (in [5], left {60, 0})
22239 14:53:27.654920 accept(5, {sa_family=AF_INET, sin_port=htons(53176), sin_addr=inet_addr("127.0.0.1")}, [16]) = 6
22239 14:53:27.654942 write(4, "\1", 1) = 1
22241 14:53:27.654952 <... read resumed> "\1", 1) = 1
22241 14:53:27.654962 recvmsg(5,  <unfinished ...>
22239 14:53:27.654971 sendmsg(4, {msg_name(0)=NULL, msg_iov(1)=[{"\0", 1}], msg_controllen=16, {cmsg_len=16, cmsg_level=SOL_SOCKET, cmsg_type=SCM_RIGHTS, {6}}, msg_flags=0}, 0) = 1
22241 14:53:27.654988 <... recvmsg resumed> {msg_name(0)=NULL, msg_iov(1)=[{"\0", 1}], msg_controllen=16, {cmsg_len=16, cmsg_level=SOL_SOCKET, cmsg_type=SCM_RIGHTS, {6}}, msg_flags=0}, 0) = 1
22241 14:53:27.655001 setsockopt(6, SOL_SOCKET, SO_KEEPALIVE, [1], 4) = 0
22241 14:53:27.655014 setsockopt(6, SOL_IP, IP_TOS, [8], 4) = 0
22241 14:53:27.655025 setsockopt(6, SOL_SOCKET, SO_LINGER, {onoff=1, linger=32767}, 8) = 0
22241 14:53:27.655037 rt_sigaction(SIGALRM, {0x805cad0, ~[RTMIN RT_1], 0}, NULL, 8) = 0
22241 14:53:27.655050 alarm(300)        = 300
22241 14:53:27.655075 write(0, "150 Opening BINARY mode data connection for myfile29 (17 bytes).\r\n", 66) = 66
22241 14:53:27.655121 _llseek(4, 0, [0], SEEK_CUR) = 0
22241 14:53:27.655133 fstat64(4, {st_mode=S_IFREG|0644, st_size=17, ...}) = 0
22241 14:53:27.655150 _llseek(4, 0, [0], SEEK_SET) = 0
22241 14:53:27.655163 sendfile(6, 4, NULL, 17) = 17
22241 14:53:27.655191 rt_sigaction(SIGALRM, {0x805cad0, ~[RTMIN RT_1], 0}, NULL, 8) = 0
22241 14:53:27.655206 alarm(300)        = 300
22241 14:53:27.655216 close(6)          = 0
22241 14:53:27.655225 alarm(0)          = 300
22241 14:53:27.655234 gettimeofday({1495652007, 655238}, NULL) = 0
22241 14:53:27.655251 getpid()          = 22241
22241 14:53:27.655264 gettimeofday({1495652007, 655268}, NULL) = 0
22241 14:53:27.655282 fcntl64(3, F_SETLKW64, {type=F_WRLCK, whence=SEEK_SET, start=0, len=0}, 0xbfcde694) = 0
22241 14:53:27.655297 write(3, "Wed May 24 14:53:27 2017 [pid 22241] [msfadmin] OK DOWNLOAD: Client \"127.0.0.1\", \"/home/msfadmin/myfile29\", 17 bytes, 28.53Kbyte/sec\n", 133) = 133
22241 14:53:27.655325 fcntl64(3, F_SETLK64, {type=F_UNLCK, whence=SEEK_SET, start=0, len=0}, 0xbfcde69c) = 0
22241 14:53:27.655340 write(0, "226 Transfer complete.\r\n", 24) = 24
22241 14:53:27.655356 write(5, "\n", 1) = 1
22241 14:53:27.655366 read(5,  <unfinished ...>
22239 14:53:27.655373 close(6)          = 0
22239 14:53:27.655457 read(4, "\n", 1)  = 1
22239 14:53:27.655471 close(5)          = 0
22239 14:53:27.655482 write(4, "\1", 1) = 1
22241 14:53:27.655493 <... read resumed> "\1", 1) = 1
22241 14:53:27.655500 close(4)          = 0
22241 14:53:27.655511 rt_sigaction(SIGALRM, {0x805cad0, ~[RTMIN RT_1], 0}, NULL, 8) = 0
22241 14:53:27.655524 alarm(300)        = 0
22241 14:53:27.655535 recv(0,  <unfinished ...>
22239 14:53:27.655543 read(4,  <unfinished ...>
22238 14:53:27.821911 <... recv resumed> "TYPE I\r\n", 4096, MSG_PEEK) = 8
22238 14:53:27.821943 read(0, "TYPE I\r\n", 8) = 8
22238 14:53:27.821965 write(0, "200 Switching to Binary mode.\r\n", 31) = 31
22238 14:53:27.822013 rt_sigaction(SIGALRM, {0x805cad0, ~[RTMIN RT_1], 0}, NULL, 8) = 0
22238 14:53:27.822031 alarm(300)        = 299
22238 14:53:27.822044 recv(0, "PASV\r\n", 4096, MSG_PEEK) = 6
22238 14:53:27.822055 read(0, "PASV\r\n", 6) = 6
22238 14:53:27.822072 write(5, "\n", 1 <unfinished ...>
22236 14:53:27.822084 <... read resumed> "\n", 1) = 1
22238 14:53:27.822089 <... write resumed> ) = 1
22236 14:53:27.822097 write(4, "\1", 1 <unfinished ...>
22238 14:53:27.822103 read(5,  <unfinished ...>
22236 14:53:27.822109 <... write resumed> ) = 1
22238 14:53:27.822113 <... read resumed> "\1", 1) = 1
22236 14:53:27.822121 read(4,  <unfinished ...>
22238 14:53:27.822126 write(5, "\f", 1 <unfinished ...>
22236 14:53:27.822133 <... read resumed> "\f", 1) = 1
22238 14:53:27.822138 <... write resumed> ) = 1
22236 14:53:27.822146 socket(PF_INET, SOCK_STREAM, IPPROTO_TCP <unfinished ...>
22238 14:53:27.822151 read(5,  <unfinished ...>
22236 14:53:27.822161 <... socket resumed> ) = 5
22236 14:53:27.822169 setsockopt(5, SOL_SOCKET, SO_REUSEADDR, [1], 4) = 0
22236 14:53:27.822183 bind(5, {sa_family=AF_INET, sin_port=htons(10599), sin_addr=inet_addr("127.0.0.1")}, 16) = 0
22236 14:53:27.822199 listen(5, 1)      = 0
22236 14:53:27.822213 write(4, "g)\0\0", 4 <unfinished ...>
22238 14:53:27.822221 <... read resumed> "g)\0\0", 4) = 4
22236 14:53:27.822226 <... write resumed> ) = 4
22238 14:53:27.822239 write(0, "227 Entering Passive Mode (127,0,0,1,41,103).\r\n", 47 <unfinished ...>
22236 14:53:27.822247 read(4,  <unfinished ...>
22238 14:53:27.822346 <... write resumed> ) = 47
22238 14:53:27.822358 rt_sigaction(SIGALRM, {0x805cad0, ~[RTMIN RT_1], 0}, NULL, 8) = 0
22238 14:53:27.822373 alarm(300)        = 300
22238 14:53:27.822384 recv(0, "STOR myfile31\r\n", 4096, MSG_PEEK) = 15
22238 14:53:27.822396 read(0, "STOR myfile31\r\n", 15) = 15
22238 14:53:27.822410 write(5, "\v", 1 <unfinished ...>
22236 14:53:27.822417 <... read resumed> "\v", 1) = 1
22238 14:53:27.822422 <... write resumed> ) = 1
22236 14:53:27.822428 write(4, "\1\0\0\0", 4) = 4
22236 14:53:27.822439 read(4,  <unfinished ...>
22238 14:53:27.822446 read(5, "\1\0\0\0", 4) = 4
22238 14:53:27.822457 gettimeofday({1495652007, 822461}, NULL) = 0
22238 14:53:27.822468 getcwd("/home/msfadmin", 4096) = 15
22238 14:53:27.822481 open("myfile31", O_WRONLY|O_CREAT|O_NONBLOCK|O_LARGEFILE, 0666) = 4
22238 14:53:27.822496 fstat64(4, {st_mode=S_IFREG|0644, st_size=17, ...}) = 0
22238 14:53:27.822513 fcntl64(4, F_GETFL) = 0x8801 (flags O_WRONLY|O_NONBLOCK|O_LARGEFILE)
22238 14:53:27.822524 fcntl64(4, F_SETFL, O_WRONLY|O_LARGEFILE) = 0
22238 14:53:27.822534 fcntl64(4, F_SETLKW64, {type=F_WRLCK, whence=SEEK_SET, start=0, len=0}, 0xbfd45f34) = 0
22238 14:53:27.822548 ftruncate64(4, 0) = 0
22238 14:53:27.822588 _llseek(4, 0, [0], SEEK_SET) = 0
22238 14:53:27.822603 write(5, "\v", 1 <unfinished ...>
22236 14:53:27.822620 <... read resumed> "\v", 1) = 1
22238 14:53:27.822625 <... write resumed> ) = 1
22236 14:53:27.822631 write(4, "\1\0\0\0", 4) = 4
22236 14:53:27.822642 read(4,  <unfinished ...>
22238 14:53:27.822649 read(5, "\1\0\0\0", 4) = 4
22238 14:53:27.822660 write(5, "\v", 1 <unfinished ...>
22236 14:53:27.822667 <... read resumed> "\v", 1) = 1
22238 14:53:27.822672 <... write resumed> ) = 1
22236 14:53:27.822678 write(4, "\1\0\0\0", 4) = 4
22236 14:53:27.822689 read(4,  <unfinished ...>
22238 14:53:27.822695 read(5, "\1\0\0\0", 4) = 4
22238 14:53:27.822713 write(5, "\r", 1 <unfinished ...>
22236 14:53:27.822720 <... read resumed> "\r", 1) = 1
22238 14:53:27.822725 <... write resumed> ) = 1
22236 14:53:27.822732 select(6, [5], NULL, NULL, {60, 0}) = 1 (in [5], left {60, 0})
22236 14:53:27.822749 accept(5, {sa_family=AF_INET, sin_port=htons(45564), sin_addr=inet_addr("127.0.0.1")}, [16]) = 6
22236 14:53:27.822771 write(4, "\1", 1) = 1
22236 14:53:27.822783 sendmsg(4, {msg_name(0)=NULL, msg_iov(1)=[{"\0", 1}], msg_controllen=16, {cmsg_len=16, cmsg_level=SOL_SOCKET, cmsg_type=SCM_RIGHTS, {6}}, msg_flags=0}, 0) = 1
22236 14:53:27.822799 close(6)          = 0
22236 14:53:27.822809 read(4,  <unfinished ...>
22238 14:53:27.822816 read(5, "\1", 1)  = 1
22238 14:53:27.822829 recvmsg(5, {msg_name(0)=NULL, msg_iov(1)=[{"\0", 1}], msg_controllen=16, {cmsg_len=16, cmsg_level=SOL_SOCKET, cmsg_type=SCM_RIGHTS, {6}}, msg_flags=0}, 0) = 1
22238 14:53:27.822846 setsockopt(6, SOL_SOCKET, SO_KEEPALIVE, [1], 4) = 0
22238 14:53:27.822858 setsockopt(6, SOL_IP, IP_TOS, [8], 4) = 0
22238 14:53:27.822870 setsockopt(6, SOL_SOCKET, SO_LINGER, {onoff=1, linger=32767}, 8) = 0
22238 14:53:27.822881 rt_sigaction(SIGALRM, {0x805cad0, ~[RTMIN RT_1], 0}, NULL, 8) = 0
22238 14:53:27.822894 alarm(300)        = 300
22238 14:53:27.822907 write(0, "150 Ok to send data.\r\n", 22) = 22
22238 14:53:27.822971 read(6, "assasaaa\na\na\na\na\n", 65536) = 17
22238 14:53:27.822986 write(4, "assasaaa\na\na\na\na\n", 17) = 17
22238 14:53:27.823002 read(6, "", 65536) = 0
22238 14:53:27.823012 rt_sigaction(SIGALRM, {0x805cad0, ~[RTMIN RT_1], 0}, NULL, 8) = 0
22238 14:53:27.823025 alarm(300)        = 300
22238 14:53:27.823035 close(6)          = 0
22238 14:53:27.823052 alarm(0)          = 300
22238 14:53:27.823062 gettimeofday({1495652007, 823066}, NULL) = 0
22238 14:53:27.823078 gettimeofday({1495652007, 823082}, NULL) = 0
22238 14:53:27.823092 fcntl64(3, F_SETLKW64, {type=F_WRLCK, whence=SEEK_SET, start=0, len=0}, 0xbfd45ed4) = 0
22238 14:53:27.823107 write(3, "Wed May 24 14:53:27 2017 [pid 22238] [msfadmin] OK UPLOAD: Client \"127.0.0.1\", \"/home/msfadmin/myfile31\", 17 bytes, 26.73Kbyte/sec\n", 131) = 131
22238 14:53:27.823128 fcntl64(3, F_SETLK64, {type=F_UNLCK, whence=SEEK_SET, start=0, len=0}, 0xbfd45edc) = 0
22238 14:53:27.823142 write(0, "226 Transfer complete.\r\n", 24) = 24
22238 14:53:27.823185 write(5, "\n", 1 <unfinished ...>
22236 14:53:27.823194 <... read resumed> "\n", 1) = 1
22238 14:53:27.823199 <... write resumed> ) = 1
22236 14:53:27.823205 close(5)          = 0
22236 14:53:27.823217 write(4, "\1", 1) = 1
22236 14:53:27.823228 read(4,  <unfinished ...>
22238 14:53:27.823235 read(5, "\1", 1)  = 1
22238 14:53:27.823245 close(4)          = 0
22238 14:53:27.823256 rt_sigaction(SIGALRM, {0x805cad0, ~[RTMIN RT_1], 0}, NULL, 8) = 0
22238 14:53:27.823269 alarm(300)        = 0
22238 14:53:27.823280 recv(0,  <unfinished ...>
22241 14:53:28.171897 <... recv resumed> "USER msfadmin\r\n", 4096, MSG_PEEK) = 15
22241 14:53:28.171937 read(0, "USER msfadmin\r\n", 15) = 15
22241 14:53:28.171963 write(0, "331 Any password will do.\r\n", 27) = 27
22241 14:53:28.172008 rt_sigaction(SIGALRM, {0x805cad0, ~[RTMIN RT_1], 0}, NULL, 8) = 0
22241 14:53:28.172025 alarm(300)        = 299
22241 14:53:28.172038 recv(0, "PASS msfadmin\r\n", 4096, MSG_PEEK) = 15
22241 14:53:28.172050 read(0, "PASS msfadmin\r\n", 15) = 15
22241 14:53:28.172066 write(0, "230 Already logged in.\r\n", 24) = 24
22241 14:53:28.172128 rt_sigaction(SIGALRM, {0x805cad0, ~[RTMIN RT_1], 0}, NULL, 8) = 0
22241 14:53:28.172143 alarm(300)        = 300
22241 14:53:28.172154 recv(0, "TYPE I\r\n", 4096, MSG_PEEK) = 8
22241 14:53:28.172165 read(0, "TYPE I\r\n", 8) = 8
22241 14:53:28.172180 write(0, "200 Switching to Binary mode.\r\n", 31) = 31
22241 14:53:28.172216 rt_sigaction(SIGALRM, {0x805cad0, ~[RTMIN RT_1], 0}, NULL, 8) = 0
22241 14:53:28.172231 alarm(300)        = 300
22241 14:53:28.172242 recv(0, "PASV\r\n", 4096, MSG_PEEK) = 6
22241 14:53:28.172252 read(0, "PASV\r\n", 6) = 6
22241 14:53:28.172264 write(5, "\n", 1) = 1
22241 14:53:28.172283 read(5,  <unfinished ...>
22239 14:53:28.172292 <... read resumed> "\n", 1) = 1
22239 14:53:28.172301 write(4, "\1", 1) = 1
22241 14:53:28.172312 <... read resumed> "\1", 1) = 1
22241 14:53:28.172319 write(5, "\f", 1) = 1
22241 14:53:28.172329 read(5,  <unfinished ...>
22239 14:53:28.172335 read(4, "\f", 1)  = 1
22239 14:53:28.172347 socket(PF_INET, SOCK_STREAM, IPPROTO_TCP) = 5
22239 14:53:28.172363 setsockopt(5, SOL_SOCKET, SO_REUSEADDR, [1], 4) = 0
22239 14:53:28.172377 bind(5, {sa_family=AF_INET, sin_port=htons(8610), sin_addr=inet_addr("127.0.0.1")}, 16) = 0
22239 14:53:28.172394 listen(5, 1)      = 0
22239 14:53:28.172408 write(4, "\242!\0\0", 4) = 4
22241 14:53:28.172418 <... read resumed> "\242!\0\0", 4) = 4
22241 14:53:28.172431 write(0, "227 Entering Passive Mode (127,0,0,1,33,162).\r\n", 47) = 47
22241 14:53:28.172544 rt_sigaction(SIGALRM, {0x805cad0, ~[RTMIN RT_1], 0}, NULL, 8) = 0
22241 14:53:28.172560 alarm(300)        = 300
22241 14:53:28.172572 recv(0, "RETR myfile30\r\n", 4096, MSG_PEEK) = 15
22241 14:53:28.172584 read(0, "RETR myfile30\r\n", 15) = 15
22241 14:53:28.172596 write(5, "\v", 1) = 1
22241 14:53:28.172607 read(5,  <unfinished ...>
22239 14:53:28.172614 read(4, "\v", 1)  = 1
22239 14:53:28.172625 write(4, "\1\0\0\0", 4) = 4
22241 14:53:28.172636 <... read resumed> "\1\0\0\0", 4) = 4
22241 14:53:28.172643 gettimeofday({1495652008, 172647}, NULL) = 0
22241 14:53:28.172654 getcwd("/home/msfadmin", 4096) = 15
22241 14:53:28.172689 open("myfile30", O_RDONLY|O_NONBLOCK|O_LARGEFILE) = 4
22241 14:53:28.172704 fcntl64(4, F_SETLKW64, {type=F_RDLCK, whence=SEEK_SET, start=0, len=0}, 0xbfcde6f4) = 0
22241 14:53:28.172730 fstat64(4, {st_mode=S_IFREG|0644, st_size=17, ...}) = 0
22241 14:53:28.172747 fcntl64(4, F_GETFL) = 0x8800 (flags O_RDONLY|O_NONBLOCK|O_LARGEFILE)
22241 14:53:28.172758 fcntl64(4, F_SETFL, O_RDONLY|O_LARGEFILE) = 0
22241 14:53:28.172770 write(5, "\v", 1) = 1
22241 14:53:28.172781 read(5,  <unfinished ...>
22239 14:53:28.172788 read(4, "\v", 1)  = 1
22239 14:53:28.172799 write(4, "\1\0\0\0", 4) = 4
22241 14:53:28.172809 <... read resumed> "\1\0\0\0", 4) = 4
22241 14:53:28.172817 write(5, "\v", 1) = 1
22241 14:53:28.172826 read(5,  <unfinished ...>
22239 14:53:28.172833 read(4, "\v", 1)  = 1
22239 14:53:28.172843 write(4, "\1\0\0\0", 4) = 4
22241 14:53:28.172853 <... read resumed> "\1\0\0\0", 4) = 4
22241 14:53:28.172860 write(5, "\r", 1) = 1
22241 14:53:28.172870 read(5,  <unfinished ...>
22239 14:53:28.172877 read(4, "\r", 1)  = 1
22239 14:53:28.172888 select(6, [5], NULL, NULL, {60, 0}) = 1 (in [5], left {60, 0})
22239 14:53:28.172904 accept(5, {sa_family=AF_INET, sin_port=htons(49802), sin_addr=inet_addr("127.0.0.1")}, [16]) = 6
22239 14:53:28.172927 write(4, "\1", 1) = 1
22241 14:53:28.172937 <... read resumed> "\1", 1) = 1
22241 14:53:28.172945 recvmsg(5,  <unfinished ...>
22239 14:53:28.172953 sendmsg(4, {msg_name(0)=NULL, msg_iov(1)=[{"\0", 1}], msg_controllen=16, {cmsg_len=16, cmsg_level=SOL_SOCKET, cmsg_type=SCM_RIGHTS, {6}}, msg_flags=0}, 0) = 1
22241 14:53:28.172971 <... recvmsg resumed> {msg_name(0)=NULL, msg_iov(1)=[{"\0", 1}], msg_controllen=16, {cmsg_len=16, cmsg_level=SOL_SOCKET, cmsg_type=SCM_RIGHTS, {6}}, msg_flags=0}, 0) = 1
22241 14:53:28.172984 setsockopt(6, SOL_SOCKET, SO_KEEPALIVE, [1], 4) = 0
22241 14:53:28.172996 setsockopt(6, SOL_IP, IP_TOS, [8], 4) = 0
22241 14:53:28.173008 setsockopt(6, SOL_SOCKET, SO_LINGER, {onoff=1, linger=32767}, 8) = 0
22241 14:53:28.173020 rt_sigaction(SIGALRM, {0x805cad0, ~[RTMIN RT_1], 0}, NULL, 8) = 0
22241 14:53:28.173033 alarm(300)        = 300
22241 14:53:28.173046 write(0, "150 Opening BINARY mode data connection for myfile30 (17 bytes).\r\n", 66) = 66
22241 14:53:28.173088 _llseek(4, 0, [0], SEEK_CUR) = 0
22241 14:53:28.173100 fstat64(4, {st_mode=S_IFREG|0644, st_size=17, ...}) = 0
22241 14:53:28.173117 _llseek(4, 0, [0], SEEK_SET) = 0
22241 14:53:28.173128 sendfile(6, 4, NULL, 17) = 17
22241 14:53:28.173158 rt_sigaction(SIGALRM, {0x805cad0, ~[RTMIN RT_1], 0}, NULL, 8) = 0
22241 14:53:28.173172 alarm(300)        = 300
22241 14:53:28.173186 close(6)          = 0
22241 14:53:28.173196 alarm(0)          = 300
22241 14:53:28.173205 gettimeofday({1495652008, 173209}, NULL) = 0
22241 14:53:28.173221 gettimeofday({1495652008, 173225}, NULL) = 0
22241 14:53:28.173236 fcntl64(3, F_SETLKW64, {type=F_WRLCK, whence=SEEK_SET, start=0, len=0}, 0xbfcde694) = 0
22241 14:53:28.173250 write(3, "Wed May 24 14:53:28 2017 [pid 22241] [msfadmin] OK DOWNLOAD: Client \"127.0.0.1\", \"/home/msfadmin/myfile30\", 17 bytes, 28.72Kbyte/sec\n", 133) = 133
22241 14:53:28.173272 fcntl64(3, F_SETLK64, {type=F_UNLCK, whence=SEEK_SET, start=0, len=0}, 0xbfcde69c) = 0
22241 14:53:28.173286 write(0, "226 Transfer complete.\r\n", 24) = 24
22241 14:53:28.173302 write(5, "\n", 1) = 1
22241 14:53:28.173312 read(5,  <unfinished ...>
22239 14:53:28.173319 close(6)          = 0
22239 14:53:28.173400 read(4, "\n", 1)  = 1
22239 14:53:28.173414 close(5)          = 0
22239 14:53:28.173425 write(4, "\1", 1) = 1
22241 14:53:28.173436 <... read resumed> "\1", 1) = 1
22241 14:53:28.173444 close(4)          = 0
22241 14:53:28.173454 rt_sigaction(SIGALRM, {0x805cad0, ~[RTMIN RT_1], 0}, NULL, 8) = 0
22241 14:53:28.173467 alarm(300)        = 0
22241 14:53:28.173478 recv(0,  <unfinished ...>
22239 14:53:28.173486 read(4,  <unfinished ...>
22238 14:53:28.342008 <... recv resumed> "TYPE I\r\n", 4096, MSG_PEEK) = 8
22238 14:53:28.342038 read(0, "TYPE I\r\n", 8) = 8
22238 14:53:28.342060 write(0, "200 Switching to Binary mode.\r\n", 31) = 31
22238 14:53:28.342109 rt_sigaction(SIGALRM, {0x805cad0, ~[RTMIN RT_1], 0}, NULL, 8) = 0
22238 14:53:28.342127 alarm(300)        = 299
22238 14:53:28.342139 recv(0, "PASV\r\n", 4096, MSG_PEEK) = 6
22238 14:53:28.342151 read(0, "PASV\r\n", 6) = 6
22238 14:53:28.342163 write(5, "\n", 1 <unfinished ...>
22236 14:53:28.342175 <... read resumed> "\n", 1) = 1
22238 14:53:28.342180 <... write resumed> ) = 1
22236 14:53:28.342187 write(4, "\1", 1) = 1
22236 14:53:28.342198 read(4,  <unfinished ...>
22238 14:53:28.342205 read(5, "\1", 1)  = 1
22238 14:53:28.342217 write(5, "\f", 1 <unfinished ...>
22236 14:53:28.342224 <... read resumed> "\f", 1) = 1
22238 14:53:28.342228 <... write resumed> ) = 1
22236 14:53:28.342235 socket(PF_INET, SOCK_STREAM, IPPROTO_TCP) = 5
22236 14:53:28.342251 setsockopt(5, SOL_SOCKET, SO_REUSEADDR, [1], 4) = 0
22236 14:53:28.342265 bind(5, {sa_family=AF_INET, sin_port=htons(51308), sin_addr=inet_addr("127.0.0.1")}, 16) = 0
22236 14:53:28.342281 listen(5, 1 <unfinished ...>
22238 14:53:28.342292 read(5,  <unfinished ...>
22236 14:53:28.342296 <... listen resumed> ) = 0
22236 14:53:28.342303 write(4, "l\310\0\0", 4 <unfinished ...>
22238 14:53:28.342311 <... read resumed> "l\310\0\0", 4) = 4
22236 14:53:28.342316 <... write resumed> ) = 4
22238 14:53:28.342328 write(0, "227 Entering Passive Mode (127,0,0,1,200,108).\r\n", 48 <unfinished ...>
22236 14:53:28.342336 read(4,  <unfinished ...>
22238 14:53:28.342469 <... write resumed> ) = 48
22238 14:53:28.342482 rt_sigaction(SIGALRM, {0x805cad0, ~[RTMIN RT_1], 0}, NULL, 8) = 0
22238 14:53:28.342497 alarm(300)        = 300
22238 14:53:28.342508 recv(0, "STOR myfile32\r\n", 4096, MSG_PEEK) = 15
22238 14:53:28.342521 read(0, "STOR myfile32\r\n", 15) = 15
22238 14:53:28.342534 write(5, "\v", 1 <unfinished ...>
22236 14:53:28.342542 <... read resumed> "\v", 1) = 1
22238 14:53:28.342547 <... write resumed> ) = 1
22236 14:53:28.342553 write(4, "\1\0\0\0", 4) = 4
22236 14:53:28.342564 read(4,  <unfinished ...>
22238 14:53:28.342571 read(5, "\1\0\0\0", 4) = 4
22238 14:53:28.342583 gettimeofday({1495652008, 342586}, NULL) = 0
22238 14:53:28.342594 getcwd("/home/msfadmin", 4096) = 15
22238 14:53:28.342606 open("myfile32", O_WRONLY|O_CREAT|O_NONBLOCK|O_LARGEFILE, 0666) = 4
22238 14:53:28.342621 fstat64(4, {st_mode=S_IFREG|0644, st_size=17, ...}) = 0
22238 14:53:28.342638 fcntl64(4, F_GETFL) = 0x8801 (flags O_WRONLY|O_NONBLOCK|O_LARGEFILE)
22238 14:53:28.342650 fcntl64(4, F_SETFL, O_WRONLY|O_LARGEFILE) = 0
22238 14:53:28.342660 fcntl64(4, F_SETLKW64, {type=F_WRLCK, whence=SEEK_SET, start=0, len=0}, 0xbfd45f34) = 0
22238 14:53:28.342682 ftruncate64(4, 0) = 0
22238 14:53:28.342700 _llseek(4, 0, [0], SEEK_SET) = 0
22238 14:53:28.342712 write(5, "\v", 1 <unfinished ...>
22236 14:53:28.342719 <... read resumed> "\v", 1) = 1
22238 14:53:28.342724 <... write resumed> ) = 1
22236 14:53:28.342730 write(4, "\1\0\0\0", 4) = 4
22236 14:53:28.342741 read(4,  <unfinished ...>
22238 14:53:28.342748 read(5, "\1\0\0\0", 4) = 4
22238 14:53:28.342759 write(5, "\v", 1 <unfinished ...>
22236 14:53:28.342765 <... read resumed> "\v", 1) = 1
22238 14:53:28.342770 <... write resumed> ) = 1
22236 14:53:28.342776 write(4, "\1\0\0\0", 4) = 4
22236 14:53:28.342786 read(4,  <unfinished ...>
22238 14:53:28.342793 read(5, "\1\0\0\0", 4) = 4
22238 14:53:28.342804 write(5, "\r", 1 <unfinished ...>
22236 14:53:28.342811 <... read resumed> "\r", 1) = 1
22238 14:53:28.342816 <... write resumed> ) = 1
22236 14:53:28.342823 select(6, [5], NULL, NULL, {60, 0}) = 1 (in [5], left {60, 0})
22236 14:53:28.342838 accept(5, {sa_family=AF_INET, sin_port=htons(48524), sin_addr=inet_addr("127.0.0.1")}, [16]) = 6
22236 14:53:28.342860 write(4, "\1", 1) = 1
22236 14:53:28.342896 sendmsg(4, {msg_name(0)=NULL, msg_iov(1)=[{"\0", 1}], msg_controllen=16, {cmsg_len=16, cmsg_level=SOL_SOCKET, cmsg_type=SCM_RIGHTS, {6}}, msg_flags=0}, 0) = 1
22236 14:53:28.342924 close(6)          = 0
22236 14:53:28.342934 read(4,  <unfinished ...>
22238 14:53:28.342941 read(5, "\1", 1)  = 1
22238 14:53:28.342953 recvmsg(5, {msg_name(0)=NULL, msg_iov(1)=[{"\0", 1}], msg_controllen=16, {cmsg_len=16, cmsg_level=SOL_SOCKET, cmsg_type=SCM_RIGHTS, {6}}, msg_flags=0}, 0) = 1
22238 14:53:28.342971 setsockopt(6, SOL_SOCKET, SO_KEEPALIVE, [1], 4) = 0
22238 14:53:28.342984 setsockopt(6, SOL_IP, IP_TOS, [8], 4) = 0
22238 14:53:28.342995 setsockopt(6, SOL_SOCKET, SO_LINGER, {onoff=1, linger=32767}, 8) = 0
22238 14:53:28.343007 rt_sigaction(SIGALRM, {0x805cad0, ~[RTMIN RT_1], 0}, NULL, 8) = 0
22238 14:53:28.343020 alarm(300)        = 300
22238 14:53:28.343032 write(0, "150 Ok to send data.\r\n", 22) = 22
22238 14:53:28.343099 read(6, "assasaaa\na\na\na\na\n", 65536) = 17
22238 14:53:28.343113 write(4, "assasaaa\na\na\na\na\n", 17) = 17
22238 14:53:28.343129 read(6, "", 65536) = 0
22238 14:53:28.343139 rt_sigaction(SIGALRM, {0x805cad0, ~[RTMIN RT_1], 0}, NULL, 8) = 0
22238 14:53:28.343153 alarm(300)        = 300
22238 14:53:28.343163 close(6)          = 0
22238 14:53:28.343180 alarm(0)          = 300
22238 14:53:28.343190 gettimeofday({1495652008, 343193}, NULL) = 0
22238 14:53:28.343205 gettimeofday({1495652008, 343209}, NULL) = 0
22238 14:53:28.343219 fcntl64(3, F_SETLKW64, {type=F_WRLCK, whence=SEEK_SET, start=0, len=0}, 0xbfd45ed4) = 0
22238 14:53:28.343234 write(3, "Wed May 24 14:53:28 2017 [pid 22238] [msfadmin] OK UPLOAD: Client \"127.0.0.1\", \"/home/msfadmin/myfile32\", 17 bytes, 26.65Kbyte/sec\n", 131) = 131
22238 14:53:28.343255 fcntl64(3, F_SETLK64, {type=F_UNLCK, whence=SEEK_SET, start=0, len=0}, 0xbfd45edc) = 0
22238 14:53:28.343269 write(0, "226 Transfer complete.\r\n", 24) = 24
22238 14:53:28.343312 write(5, "\n", 1 <unfinished ...>
22236 14:53:28.343321 <... read resumed> "\n", 1) = 1
22238 14:53:28.343326 <... write resumed> ) = 1
22236 14:53:28.343332 close(5)          = 0
22236 14:53:28.343344 write(4, "\1", 1) = 1
22236 14:53:28.343354 read(4,  <unfinished ...>
22238 14:53:28.343381 read(5, "\1", 1)  = 1
22238 14:53:28.343395 close(4)          = 0
22238 14:53:28.343416 rt_sigaction(SIGALRM, {0x805cad0, ~[RTMIN RT_1], 0}, NULL, 8) = 0
22238 14:53:28.343429 alarm(300)        = 0
22238 14:53:28.343440 recv(0,  <unfinished ...>
22241 14:53:28.692461 <... recv resumed> "USER msfadmin\r\n", 4096, MSG_PEEK) = 15
22241 14:53:28.692575 read(0, "USER msfadmin\r\n", 15) = 15
22241 14:53:28.692669 write(0, "331 Any password will do.\r\n", 27) = 27
22241 14:53:28.692758 rt_sigaction(SIGALRM, {0x805cad0, ~[RTMIN RT_1], 0}, NULL, 8) = 0
22241 14:53:28.692789 alarm(300)        = 299
22241 14:53:28.692814 recv(0, "PASS msfadmin\r\n", 4096, MSG_PEEK) = 15
22241 14:53:28.692829 read(0, "PASS msfadmin\r\n", 15) = 15
22241 14:53:28.692855 write(0, "230 Already logged in.\r\n", 24) = 24
22241 14:53:28.692919 rt_sigaction(SIGALRM, {0x805cad0, ~[RTMIN RT_1], 0}, NULL, 8) = 0
22241 14:53:28.692934 alarm(300)        = 300
22241 14:53:28.692945 recv(0, "TYPE I\r\n", 4096, MSG_PEEK) = 8
22241 14:53:28.692957 read(0, "TYPE I\r\n", 8) = 8
22241 14:53:28.692971 write(0, "200 Switching to Binary mode.\r\n", 31) = 31
22241 14:53:28.693007 rt_sigaction(SIGALRM, {0x805cad0, ~[RTMIN RT_1], 0}, NULL, 8) = 0
22241 14:53:28.693021 alarm(300)        = 300
22241 14:53:28.693032 recv(0, "PASV\r\n", 4096, MSG_PEEK) = 6
22241 14:53:28.693043 read(0, "PASV\r\n", 6) = 6
22241 14:53:28.693054 write(5, "\n", 1) = 1
22241 14:53:28.693067 read(5,  <unfinished ...>
22239 14:53:28.693075 <... read resumed> "\n", 1) = 1
22239 14:53:28.693084 write(4, "\1", 1) = 1
22241 14:53:28.693095 <... read resumed> "\1", 1) = 1
22241 14:53:28.693102 write(5, "\f", 1) = 1
22241 14:53:28.693112 read(5,  <unfinished ...>
22239 14:53:28.693119 read(4, "\f", 1)  = 1
22239 14:53:28.693131 socket(PF_INET, SOCK_STREAM, IPPROTO_TCP) = 5
22239 14:53:28.693147 setsockopt(5, SOL_SOCKET, SO_REUSEADDR, [1], 4) = 0
22239 14:53:28.693161 bind(5, {sa_family=AF_INET, sin_port=htons(26477), sin_addr=inet_addr("127.0.0.1")}, 16) = 0
22239 14:53:28.693179 listen(5, 1)      = 0
22239 14:53:28.693196 write(4, "mg\0\0", 4) = 4
22241 14:53:28.693206 <... read resumed> "mg\0\0", 4) = 4
22241 14:53:28.693218 write(0, "227 Entering Passive Mode (127,0,0,1,103,109).\r\n", 48) = 48
22241 14:53:28.693335 rt_sigaction(SIGALRM, {0x805cad0, ~[RTMIN RT_1], 0}, NULL, 8) = 0
22241 14:53:28.693352 alarm(300)        = 300
22241 14:53:28.693363 recv(0, "RETR myfile31\r\n", 4096, MSG_PEEK) = 15
22241 14:53:28.693375 read(0, "RETR myfile31\r\n", 15) = 15
22241 14:53:28.693388 write(5, "\v", 1) = 1
22241 14:53:28.693399 read(5,  <unfinished ...>
22239 14:53:28.693406 read(4, "\v", 1)  = 1
22239 14:53:28.693439 write(4, "\1\0\0\0", 4) = 4
22241 14:53:28.693452 <... read resumed> "\1\0\0\0", 4) = 4
22241 14:53:28.693469 gettimeofday({1495652008, 693473}, NULL) = 0
22241 14:53:28.693480 getcwd("/home/msfadmin", 4096) = 15
22241 14:53:28.693493 open("myfile31", O_RDONLY|O_NONBLOCK|O_LARGEFILE) = 4
22241 14:53:28.693507 fcntl64(4, F_SETLKW64, {type=F_RDLCK, whence=SEEK_SET, start=0, len=0}, 0xbfcde6f4) = 0
22241 14:53:28.693523 fstat64(4, {st_mode=S_IFREG|0644, st_size=17, ...}) = 0
22241 14:53:28.693540 fcntl64(4, F_GETFL) = 0x8800 (flags O_RDONLY|O_NONBLOCK|O_LARGEFILE)
22241 14:53:28.693552 fcntl64(4, F_SETFL, O_RDONLY|O_LARGEFILE) = 0
22241 14:53:28.693563 write(5, "\v", 1) = 1
22241 14:53:28.693574 read(5,  <unfinished ...>
22239 14:53:28.693581 read(4, "\v", 1)  = 1
22239 14:53:28.693592 write(4, "\1\0\0\0", 4) = 4
22241 14:53:28.693602 <... read resumed> "\1\0\0\0", 4) = 4
22241 14:53:28.693609 write(5, "\v", 1) = 1
22241 14:53:28.693619 read(5,  <unfinished ...>
22239 14:53:28.693625 read(4, "\v", 1)  = 1
22239 14:53:28.693636 write(4, "\1\0\0\0", 4) = 4
22241 14:53:28.693646 <... read resumed> "\1\0\0\0", 4) = 4
22241 14:53:28.693653 write(5, "\r", 1) = 1
22241 14:53:28.693663 read(5,  <unfinished ...>
22239 14:53:28.693670 read(4, "\r", 1)  = 1
22239 14:53:28.693682 select(6, [5], NULL, NULL, {60, 0}) = 1 (in [5], left {60, 0})
22239 14:53:28.693698 accept(5, {sa_family=AF_INET, sin_port=htons(55525), sin_addr=inet_addr("127.0.0.1")}, [16]) = 6
22239 14:53:28.693720 write(4, "\1", 1) = 1
22241 14:53:28.693730 <... read resumed> "\1", 1) = 1
22241 14:53:28.693738 recvmsg(5,  <unfinished ...>
22239 14:53:28.693747 sendmsg(4, {msg_name(0)=NULL, msg_iov(1)=[{"\0", 1}], msg_controllen=16, {cmsg_len=16, cmsg_level=SOL_SOCKET, cmsg_type=SCM_RIGHTS, {6}}, msg_flags=0}, 0) = 1
22241 14:53:28.693764 <... recvmsg resumed> {msg_name(0)=NULL, msg_iov(1)=[{"\0", 1}], msg_controllen=16, {cmsg_len=16, cmsg_level=SOL_SOCKET, cmsg_type=SCM_RIGHTS, {6}}, msg_flags=0}, 0) = 1
22241 14:53:28.693777 setsockopt(6, SOL_SOCKET, SO_KEEPALIVE, [1], 4) = 0
22241 14:53:28.693790 setsockopt(6, SOL_IP, IP_TOS, [8], 4) = 0
22241 14:53:28.693802 setsockopt(6, SOL_SOCKET, SO_LINGER, {onoff=1, linger=32767}, 8) = 0
22241 14:53:28.693818 rt_sigaction(SIGALRM, {0x805cad0, ~[RTMIN RT_1], 0}, NULL, 8) = 0
22241 14:53:28.693831 alarm(300)        = 300
22241 14:53:28.693844 write(0, "150 Opening BINARY mode data connection for myfile31 (17 bytes).\r\n", 66) = 66
22241 14:53:28.693887 _llseek(4, 0, [0], SEEK_CUR) = 0
22241 14:53:28.693899 fstat64(4, {st_mode=S_IFREG|0644, st_size=17, ...}) = 0
22241 14:53:28.693917 _llseek(4, 0, [0], SEEK_SET) = 0
22241 14:53:28.693927 sendfile(6, 4, NULL, 17) = 17
22241 14:53:28.693957 rt_sigaction(SIGALRM, {0x805cad0, ~[RTMIN RT_1], 0}, NULL, 8) = 0
22241 14:53:28.693972 alarm(300)        = 300
22241 14:53:28.693981 close(6)          = 0
22241 14:53:28.693991 alarm(0)          = 300
22241 14:53:28.694000 gettimeofday({1495652008, 694004}, NULL) = 0
22241 14:53:28.694016 gettimeofday({1495652008, 694020}, NULL) = 0
22241 14:53:28.694030 fcntl64(3, F_SETLKW64, {type=F_WRLCK, whence=SEEK_SET, start=0, len=0}, 0xbfcde694) = 0
22241 14:53:28.694045 write(3, "Wed May 24 14:53:28 2017 [pid 22241] [msfadmin] OK DOWNLOAD: Client \"127.0.0.1\", \"/home/msfadmin/myfile31\", 17 bytes, 30.35Kbyte/sec\n", 133) = 133
22241 14:53:28.694066 fcntl64(3, F_SETLK64, {type=F_UNLCK, whence=SEEK_SET, start=0, len=0}, 0xbfcde69c) = 0
22241 14:53:28.694081 write(0, "226 Transfer complete.\r\n", 24) = 24
22241 14:53:28.694096 write(5, "\n", 1) = 1
22241 14:53:28.694106 read(5,  <unfinished ...>
22239 14:53:28.694113 close(6)          = 0
22239 14:53:28.694198 read(4, "\n", 1)  = 1
22239 14:53:28.694212 close(5)          = 0
22239 14:53:28.694223 write(4, "\1", 1) = 1
22241 14:53:28.694234 <... read resumed> "\1", 1) = 1
22241 14:53:28.694241 close(4)          = 0
22241 14:53:28.694251 rt_sigaction(SIGALRM, {0x805cad0, ~[RTMIN RT_1], 0}, NULL, 8) = 0
22241 14:53:28.694264 alarm(300)        = 0
22241 14:53:28.694275 recv(0,  <unfinished ...>
22239 14:53:28.694283 read(4,  <unfinished ...>
22238 14:53:28.892003 <... recv resumed> "TYPE I\r\n", 4096, MSG_PEEK) = 8
22238 14:53:28.892043 read(0, "TYPE I\r\n", 8) = 8
22238 14:53:28.892065 write(0, "200 Switching to Binary mode.\r\n", 31) = 31
22238 14:53:28.892123 rt_sigaction(SIGALRM, {0x805cad0, ~[RTMIN RT_1], 0}, NULL, 8) = 0
22238 14:53:28.892142 alarm(300)        = 299
22238 14:53:28.892155 recv(0, "PASV\r\n", 4096, MSG_PEEK) = 6
22238 14:53:28.892167 read(0, "PASV\r\n", 6) = 6
22238 14:53:28.892179 write(5, "\n", 1 <unfinished ...>
22236 14:53:28.892191 <... read resumed> "\n", 1) = 1
22238 14:53:28.892197 <... write resumed> ) = 1
22236 14:53:28.892204 write(4, "\1", 1) = 1
22236 14:53:28.892216 read(4,  <unfinished ...>
22238 14:53:28.892223 read(5, "\1", 1)  = 1
22238 14:53:28.892234 write(5, "\f", 1 <unfinished ...>
22236 14:53:28.892242 <... read resumed> "\f", 1) = 1
22238 14:53:28.892246 <... write resumed> ) = 1
22236 14:53:28.892254 socket(PF_INET, SOCK_STREAM, IPPROTO_TCP) = 5
22236 14:53:28.892270 setsockopt(5, SOL_SOCKET, SO_REUSEADDR, [1], 4) = 0
22236 14:53:28.892285 bind(5, {sa_family=AF_INET, sin_port=htons(29264), sin_addr=inet_addr("127.0.0.1")}, 16) = 0
22236 14:53:28.892302 listen(5, 1)      = 0
22236 14:53:28.892316 write(4, "Pr\0\0", 4) = 4
22236 14:53:28.892327 read(4,  <unfinished ...>
22238 14:53:28.892334 read(5, "Pr\0\0", 4) = 4
22238 14:53:28.892350 write(0, "227 Entering Passive Mode (127,0,0,1,114,80).\r\n", 47) = 47
22238 14:53:28.892466 rt_sigaction(SIGALRM, {0x805cad0, ~[RTMIN RT_1], 0}, NULL, 8) = 0
22238 14:53:28.892483 alarm(300)        = 300
22238 14:53:28.892495 recv(0, "STOR myfile33\r\n", 4096, MSG_PEEK) = 15
22238 14:53:28.892507 read(0, "STOR myfile33\r\n", 15) = 15
22238 14:53:28.892521 write(5, "\v", 1 <unfinished ...>
22236 14:53:28.892529 <... read resumed> "\v", 1) = 1
22238 14:53:28.892534 <... write resumed> ) = 1
22236 14:53:28.892541 write(4, "\1\0\0\0", 4) = 4
22236 14:53:28.892552 read(4,  <unfinished ...>
22238 14:53:28.892559 read(5, "\1\0\0\0", 4) = 4
22238 14:53:28.892571 gettimeofday({1495652008, 892574}, NULL) = 0
22238 14:53:28.892592 getcwd("/home/msfadmin", 4096) = 15
22238 14:53:28.892639 open("myfile33", O_WRONLY|O_CREAT|O_NONBLOCK|O_LARGEFILE, 0666) = 4
22238 14:53:28.892665 fstat64(4, {st_mode=S_IFREG|0644, st_size=17, ...}) = 0
22238 14:53:28.892683 fcntl64(4, F_GETFL) = 0x8801 (flags O_WRONLY|O_NONBLOCK|O_LARGEFILE)
22238 14:53:28.892694 fcntl64(4, F_SETFL, O_WRONLY|O_LARGEFILE) = 0
22238 14:53:28.892705 fcntl64(4, F_SETLKW64, {type=F_WRLCK, whence=SEEK_SET, start=0, len=0}, 0xbfd45f34) = 0
22238 14:53:28.892719 ftruncate64(4, 0) = 0
22238 14:53:28.892747 _llseek(4, 0, [0], SEEK_SET) = 0
22238 14:53:28.892759 write(5, "\v", 1 <unfinished ...>
22236 14:53:28.892767 <... read resumed> "\v", 1) = 1
22238 14:53:28.892772 <... write resumed> ) = 1
22236 14:53:28.892779 write(4, "\1\0\0\0", 4) = 4
22236 14:53:28.892790 read(4,  <unfinished ...>
22238 14:53:28.892797 read(5, "\1\0\0\0", 4) = 4
22238 14:53:28.892808 write(5, "\v", 1 <unfinished ...>
22236 14:53:28.892815 <... read resumed> "\v", 1) = 1
22238 14:53:28.892820 <... write resumed> ) = 1
22236 14:53:28.892826 write(4, "\1\0\0\0", 4) = 4
22236 14:53:28.892836 read(4,  <unfinished ...>
22238 14:53:28.892843 read(5, "\1\0\0\0", 4) = 4
22238 14:53:28.892854 write(5, "\r", 1 <unfinished ...>
22236 14:53:28.892861 <... read resumed> "\r", 1) = 1
22238 14:53:28.892866 <... write resumed> ) = 1
22236 14:53:28.892873 select(6, [5], NULL, NULL, {60, 0}) = 1 (in [5], left {60, 0})
22236 14:53:28.892890 accept(5, {sa_family=AF_INET, sin_port=htons(45509), sin_addr=inet_addr("127.0.0.1")}, [16]) = 6
22236 14:53:28.892913 write(4, "\1", 1) = 1
22236 14:53:28.892925 sendmsg(4, {msg_name(0)=NULL, msg_iov(1)=[{"\0", 1}], msg_controllen=16, {cmsg_len=16, cmsg_level=SOL_SOCKET, cmsg_type=SCM_RIGHTS, {6}}, msg_flags=0}, 0) = 1
22236 14:53:28.892942 close(6)          = 0
22236 14:53:28.892952 read(4,  <unfinished ...>
22238 14:53:28.892959 read(5, "\1", 1)  = 1
22238 14:53:28.892972 recvmsg(5, {msg_name(0)=NULL, msg_iov(1)=[{"\0", 1}], msg_controllen=16, {cmsg_len=16, cmsg_level=SOL_SOCKET, cmsg_type=SCM_RIGHTS, {6}}, msg_flags=0}, 0) = 1
22238 14:53:28.892990 setsockopt(6, SOL_SOCKET, SO_KEEPALIVE, [1], 4) = 0
22238 14:53:28.893003 setsockopt(6, SOL_IP, IP_TOS, [8], 4) = 0
22238 14:53:28.893015 setsockopt(6, SOL_SOCKET, SO_LINGER, {onoff=1, linger=32767}, 8) = 0
22238 14:53:28.893027 rt_sigaction(SIGALRM, {0x805cad0, ~[RTMIN RT_1], 0}, NULL, 8) = 0
22238 14:53:28.893041 alarm(300)        = 300
22238 14:53:28.893053 write(0, "150 Ok to send data.\r\n", 22) = 22
22238 14:53:28.893120 read(6, "assasaaa\na\na\na\na\n", 65536) = 17
22238 14:53:28.893135 write(4, "assasaaa\na\na\na\na\n", 17) = 17
22238 14:53:28.893151 read(6, "", 65536) = 0
22238 14:53:28.893162 rt_sigaction(SIGALRM, {0x805cad0, ~[RTMIN RT_1], 0}, NULL, 8) = 0
22238 14:53:28.893176 alarm(300)        = 300
22238 14:53:28.893186 close(6)          = 0
22238 14:53:28.893204 alarm(0)          = 300
22238 14:53:28.893214 gettimeofday({1495652008, 893217}, NULL) = 0
22238 14:53:28.893230 gettimeofday({1495652008, 893234}, NULL) = 0
22238 14:53:28.893245 fcntl64(3, F_SETLKW64, {type=F_WRLCK, whence=SEEK_SET, start=0, len=0}, 0xbfd45ed4) = 0
22238 14:53:28.893259 write(3, "Wed May 24 14:53:28 2017 [pid 22238] [msfadmin] OK UPLOAD: Client \"127.0.0.1\", \"/home/msfadmin/myfile33\", 17 bytes, 25.15Kbyte/sec\n", 131) = 131
22238 14:53:28.893281 fcntl64(3, F_SETLK64, {type=F_UNLCK, whence=SEEK_SET, start=0, len=0}, 0xbfd45edc) = 0
22238 14:53:28.893296 write(0, "226 Transfer complete.\r\n", 24) = 24
22238 14:53:28.893339 write(5, "\n", 1 <unfinished ...>
22236 14:53:28.893349 <... read resumed> "\n", 1) = 1
22238 14:53:28.893354 <... write resumed> ) = 1
22236 14:53:28.893360 close(5)          = 0
22236 14:53:28.893372 write(4, "\1", 1) = 1
22236 14:53:28.893383 read(4,  <unfinished ...>
22238 14:53:28.893390 read(5, "\1", 1)  = 1
22238 14:53:28.893401 close(4)          = 0
22238 14:53:28.893412 rt_sigaction(SIGALRM, {0x805cad0, ~[RTMIN RT_1], 0}, NULL, 8) = 0
22238 14:53:28.893425 alarm(300)        = 0
22238 14:53:28.893436 recv(0,  <unfinished ...>
22241 14:53:29.261980 <... recv resumed> "USER msfadmin\r\n", 4096, MSG_PEEK) = 15
22241 14:53:29.262029 read(0, "USER msfadmin\r\n", 15) = 15
22241 14:53:29.262055 write(0, "331 Any password will do.\r\n", 27) = 27
22241 14:53:29.262102 rt_sigaction(SIGALRM, {0x805cad0, ~[RTMIN RT_1], 0}, NULL, 8) = 0
22241 14:53:29.262120 alarm(300)        = 299
22241 14:53:29.262133 recv(0, "PASS msfadmin\r\n", 4096, MSG_PEEK) = 15
22241 14:53:29.262145 read(0, "PASS msfadmin\r\n", 15) = 15
22241 14:53:29.262161 write(0, "230 Already logged in.\r\n", 24) = 24
22241 14:53:29.262220 rt_sigaction(SIGALRM, {0x805cad0, ~[RTMIN RT_1], 0}, NULL, 8) = 0
22241 14:53:29.262235 alarm(300)        = 300
22241 14:53:29.262246 recv(0, "TYPE I\r\n", 4096, MSG_PEEK) = 8
22241 14:53:29.262258 read(0, "TYPE I\r\n", 8) = 8
22241 14:53:29.262272 write(0, "200 Switching to Binary mode.\r\n", 31) = 31
22241 14:53:29.262308 rt_sigaction(SIGALRM, {0x805cad0, ~[RTMIN RT_1], 0}, NULL, 8) = 0
22241 14:53:29.262322 alarm(300)        = 300
22241 14:53:29.262333 recv(0, "PASV\r\n", 4096, MSG_PEEK) = 6
22241 14:53:29.262344 read(0, "PASV\r\n", 6) = 6
22241 14:53:29.262356 write(5, "\n", 1) = 1
22241 14:53:29.262368 read(5,  <unfinished ...>
22239 14:53:29.262376 <... read resumed> "\n", 1) = 1
22239 14:53:29.262385 write(4, "\1", 1) = 1
22241 14:53:29.262396 <... read resumed> "\1", 1) = 1
22241 14:53:29.262403 write(5, "\f", 1) = 1
22241 14:53:29.262413 read(5,  <unfinished ...>
22239 14:53:29.262420 read(4, "\f", 1)  = 1
22239 14:53:29.262432 socket(PF_INET, SOCK_STREAM, IPPROTO_TCP) = 5
22239 14:53:29.262447 setsockopt(5, SOL_SOCKET, SO_REUSEADDR, [1], 4) = 0
22239 14:53:29.262462 bind(5, {sa_family=AF_INET, sin_port=htons(39348), sin_addr=inet_addr("127.0.0.1")}, 16) = 0
22239 14:53:29.262478 listen(5, 1)      = 0
22239 14:53:29.262492 write(4, "\264\231\0\0", 4) = 4
22241 14:53:29.262503 <... read resumed> "\264\231\0\0", 4) = 4
22241 14:53:29.262515 write(0, "227 Entering Passive Mode (127,0,0,1,153,180).\r\n", 48) = 48
22241 14:53:29.262666 rt_sigaction(SIGALRM, {0x805cad0, ~[RTMIN RT_1], 0}, NULL, 8) = 0
22241 14:53:29.262684 alarm(300)        = 300
