20960 14:39:51.482921 munmap(0xb7ee5000, 4096) = 0
20960 14:39:51.482933 stat64("/etc/pam.d", {st_mode=S_IFDIR|0755, st_size=4096, ...}) = 0
20960 14:39:51.482952 open("/etc/pam.d/common-account", O_RDONLY|O_LARGEFILE) = 6
20960 14:39:51.482966 fstat64(6, {st_mode=S_IFREG|0644, st_size=392, ...}) = 0
20960 14:39:51.482982 mmap2(NULL, 4096, PROT_READ|PROT_WRITE, MAP_PRIVATE|MAP_ANONYMOUS, -1, 0) = 0xb7ee5000
20960 14:39:51.482992 read(6, "#\n# /etc/pam.d/common-account - authorization settings common to all services\n#\n# This file is included from other service-specific PAM config files,\n# and should contain a list of the authorization modules that define\n# the central access policy for use on the system.  The default is to\n# only deny service to users whose accounts are expired in /etc/shadow.\n#\naccount\trequired\tpam_unix.so\n", 4096) = 392
20960 14:39:51.483032 read(6, "", 4096) = 0
20960 14:39:51.483042 close(6)          = 0
20960 14:39:51.483052 munmap(0xb7ee5000, 4096) = 0
20960 14:39:51.483062 stat64("/etc/pam.d", {st_mode=S_IFDIR|0755, st_size=4096, ...}) = 0
20960 14:39:51.483081 open("/etc/pam.d/common-password", O_RDONLY|O_LARGEFILE) = 6
20960 14:39:51.483094 fstat64(6, {st_mode=S_IFREG|0644, st_size=1563, ...}) = 0
20960 14:39:51.483110 mmap2(NULL, 4096, PROT_READ|PROT_WRITE, MAP_PRIVATE|MAP_ANONYMOUS, -1, 0) = 0xb7ee5000
20960 14:39:51.483121 read(6, "#\n# /etc/pam.d/common-password - password-related modules common to all services\n#\n# This file is included from other service-specific PAM config files,\n# and should contain a list of modules that define the services to be\n# used to change user passwords.  The default is pam_unix.\n\n# Explanation of pam_unix options:\n#\n# The \"nullok\" option allows users to change an empty password, else\n# empty passwords are treated as locked accounts.\n#\n# The \"md5\" option enables MD5 passwords.  Without this option, the\n# default is Unix crypt.\n#\n# The \"obscure\" option replaces the old `OBSCURE_CHECKS_ENAB\' option in\n# login.defs.\n#\n# You can also use the \"min\" option to enforce the length of the new\n# password.\n#\n# See the pam_unix manpage for other options.\n\npassword   requisite   pam_unix.so nullok obscure md5\n\n# Alternate strength checking for password. Note that this\n# requires the libpam-cracklib package to be installed.\n# You will need to comment out the password line above and\n# uncomment the next two in order to use this.\n# (Replaces the `OBSCURE_CHECKS_ENAB\', `CRACKLIB_DICTPATH\')\n#\n# password required\t  pam_cracklib.so retry=3 minlen=6 difok=3\n# password required\t  pam_unix.so use_authtok nullok md5\n\n# minimally-intrusive inclusion of smbpass in the stack for\n# synchronization.  If the module is absent or the passwords don\'t\n# match, this module will be ignored without prompting; and if the \n# passwords do match, the NTLM hash for the user will be updated\n# automatically.\n# password   optional   pam_smbpass.so nullok use_authtok use_first_pass\n", 4096) = 1563
20960 14:39:51.483283 read(6, "", 4096) = 0
20960 14:39:51.483299 close(6)          = 0
20960 14:39:51.483309 munmap(0xb7ee5000, 4096) = 0
20960 14:39:51.483321 stat64("/etc/pam.d", {st_mode=S_IFDIR|0755, st_size=4096, ...}) = 0
20960 14:39:51.483341 open("/etc/pam.d/common-session", O_RDONLY|O_LARGEFILE) = 6
20960 14:39:51.483355 fstat64(6, {st_mode=S_IFREG|0644, st_size=372, ...}) = 0
20960 14:39:51.483371 mmap2(NULL, 4096, PROT_READ|PROT_WRITE, MAP_PRIVATE|MAP_ANONYMOUS, -1, 0) = 0xb7ee5000
20960 14:39:51.483382 read(6, "#\n# /etc/pam.d/common-session - session-related modules common to all services\n#\n# This file is included from other service-specific PAM config files,\n# and should contain a list of modules that define tasks to be performed\n# at the start and end of sessions of *any* kind (both interactive and\n# non-interactive).  The default is pam_unix.\n#\nsession\trequired\tpam_unix.so\n", 4096) = 372
20960 14:39:51.483422 read(6, "", 4096) = 0
20960 14:39:51.483432 close(6)          = 0
20960 14:39:51.483441 munmap(0xb7ee5000, 4096) = 0
20960 14:39:51.483452 read(5, "", 4096) = 0
20960 14:39:51.483461 close(5)          = 0
20960 14:39:51.483470 munmap(0xb7eeb000, 4096) = 0
20960 14:39:51.483486 time(NULL)        = 1495651191
20960 14:39:51.483499 lstat64("/etc/ftpusers", {st_mode=S_IFREG|0644, st_size=132, ...}) = 0
20960 14:39:51.483518 open("/etc/ftpusers", O_RDONLY|O_LARGEFILE) = 5
20960 14:39:51.483530 fstat64(5, {st_mode=S_IFREG|0644, st_size=132, ...}) = 0
20960 14:39:51.483546 mmap2(NULL, 4096, PROT_READ|PROT_WRITE, MAP_PRIVATE|MAP_ANONYMOUS, -1, 0) = 0xb7eeb000
20960 14:39:51.483557 read(5, "# /etc/ftpusers: list of users disallowed FTP access. See ftpusers(5).\n\nroot\ndaemon\nbin\nsys\nsync\ngames\nman\nlp\nmail\nnews\nuucp\nnobody\n", 4096) = 132
20960 14:39:51.483578 read(5, "", 4096) = 0
20960 14:39:51.483588 close(5)          = 0
20960 14:39:51.483597 munmap(0xb7eeb000, 4096) = 0
20960 14:39:51.483616 getuid32()        = 0
20960 14:39:51.483635 open("/etc/passwd", O_RDONLY|0x80000 /* O_??? */) = 5
20960 14:39:51.483652 _llseek(5, 0, [0], SEEK_CUR) = 0
20960 14:39:51.483664 fstat64(5, {st_mode=S_IFREG|0644, st_size=1624, ...}) = 0
20960 14:39:51.483681 mmap2(NULL, 1624, PROT_READ, MAP_SHARED, 5, 0) = 0xb7eeb000
20960 14:39:51.483692 _llseek(5, 1624, [1624], SEEK_SET) = 0
20960 14:39:51.483713 munmap(0xb7eeb000, 1624) = 0
20960 14:39:51.483724 close(5)          = 0
20960 14:39:51.483771 open("/etc/shadow", O_RDONLY|0x80000 /* O_??? */) = 5
20960 14:39:51.483792 _llseek(5, 0, [0], SEEK_CUR) = 0
20960 14:39:51.483803 fstat64(5, {st_mode=S_IFREG|0640, st_size=1233, ...}) = 0
20960 14:39:51.483820 mmap2(NULL, 1233, PROT_READ, MAP_SHARED, 5, 0) = 0xb7eeb000
20960 14:39:51.483831 _llseek(5, 1233, [1233], SEEK_SET) = 0
20960 14:39:51.483852 munmap(0xb7eeb000, 1233) = 0
20960 14:39:51.483862 close(5)          = 0
20960 14:39:51.483883 open("/etc/passwd", O_RDONLY|0x80000 /* O_??? */) = 5
20960 14:39:51.483897 _llseek(5, 0, [0], SEEK_CUR) = 0
20960 14:39:51.483908 fstat64(5, {st_mode=S_IFREG|0644, st_size=1624, ...}) = 0
20960 14:39:51.483924 mmap2(NULL, 1624, PROT_READ, MAP_SHARED, 5, 0) = 0xb7eeb000
20960 14:39:51.483935 _llseek(5, 1624, [1624], SEEK_SET) = 0
20960 14:39:51.483951 munmap(0xb7eeb000, 1624) = 0
20960 14:39:51.483961 close(5)          = 0
20960 14:39:51.483973 open("/etc/shadow", O_RDONLY|0x80000 /* O_??? */) = 5
20960 14:39:51.483987 _llseek(5, 0, [0], SEEK_CUR) = 0
20960 14:39:51.483997 fstat64(5, {st_mode=S_IFREG|0640, st_size=1233, ...}) = 0
20960 14:39:51.484013 mmap2(NULL, 1233, PROT_READ, MAP_SHARED, 5, 0) = 0xb7eeb000
20960 14:39:51.484030 _llseek(5, 1233, [1233], SEEK_SET) = 0
20960 14:39:51.484047 munmap(0xb7eeb000, 1233) = 0
20960 14:39:51.484057 close(5)          = 0
20960 14:39:51.484225 getuid32()        = 0
20960 14:39:51.484225 open("/etc/passwd", O_RDONLY|0x80000 /* O_??? */) = 5
20960 14:39:51.484226 _llseek(5, 0, [0], SEEK_CUR) = 0
20960 14:39:51.484226 fstat64(5, {st_mode=S_IFREG|0644, st_size=1624, ...}) = 0
20960 14:39:51.484226 mmap2(NULL, 1624, PROT_READ, MAP_SHARED, 5, 0) = 0xb7eeb000
20960 14:39:51.484226 _llseek(5, 1624, [1624], SEEK_SET) = 0
20960 14:39:51.484226 munmap(0xb7eeb000, 1624) = 0
20960 14:39:51.484227 close(5)          = 0
20960 14:39:51.484227 open("/etc/shadow", O_RDONLY|0x80000 /* O_??? */) = 5
20960 14:39:51.484227 _llseek(5, 0, [0], SEEK_CUR) = 0
20960 14:39:51.484227 fstat64(5, {st_mode=S_IFREG|0640, st_size=1233, ...}) = 0
20960 14:39:51.484228 mmap2(NULL, 1233, PROT_READ, MAP_SHARED, 5, 0) = 0xb7eeb000
20960 14:39:51.484228 _llseek(5, 1233, [1233], SEEK_SET) = 0
20960 14:39:51.484234 munmap(0xb7eeb000, 1233) = 0
20960 14:39:51.484244 close(5)          = 0
20960 14:39:51.484256 time(NULL)        = 1495651191
20960 14:39:51.484276 munmap(0xb7ee8000, 12164) = 0
20960 14:39:51.484291 munmap(0xb7ee6000, 7136) = 0
20960 14:39:51.484309 munmap(0xb7d1b000, 95428) = 0
20960 14:39:51.484321 munmap(0xb7ce1000, 201052) = 0
20960 14:39:51.484361 munmap(0xb7cc8000, 101180) = 0
20960 14:39:51.484390 gettimeofday({1495651191, 484395}, NULL) = 0
20960 14:39:51.484404 stat64("/usr/share/zoneinfo/UTC+04:00", 0xbffca134) = -1 ENOENT (No such file or directory)
20960 14:39:51.484421 open("/usr/share/zoneinfo/UTC+04:00", O_RDONLY) = -1 ENOENT (No such file or directory)
20960 14:39:51.484455 fcntl64(3, F_SETLKW64, {type=F_WRLCK, whence=SEEK_SET, start=0, len=0}, 0xbffca284) = 0
20960 14:39:51.484474 write(3, "Wed May 24 14:39:51 2017 [pid 20960] [msfadmin] OK LOGIN: Client \"127.0.0.1\"\n", 77) = 77
20960 14:39:51.484494 fcntl64(3, F_SETLK64, {type=F_UNLCK, whence=SEEK_SET, start=0, len=0}, 0xbffca28c) = 0
20960 14:39:51.484508 rt_sigaction(SIGCHLD, {0x805cad0, ~[RTMIN RT_1], 0}, NULL, 8) = 0
20960 14:39:51.484523 write(4, "\1", 1 <unfinished ...>
20961 14:39:51.484538 <... read resumed> "\1", 1) = 1
20960 14:39:51.484544 <... write resumed> ) = 1
20961 14:39:51.484555 exit_group(0)     = ?
20960 14:39:51.484605 --- SIGCHLD (Child exited) @ 0 (0) ---
20960 14:39:51.484614 sigreturn()       = ? (mask now [])
20960 14:39:51.484634 wait4(-1, [{WIFEXITED(s) && WEXITSTATUS(s) == 0}], 0, NULL) = 20961
20960 14:39:51.484649 close(4)          = 0
20960 14:39:51.484662 socketpair(PF_FILE, SOCK_STREAM, 0, [4, 5]) = 0
20960 14:39:51.484678 rt_sigaction(SIGCHLD, {0x805cad0, ~[RTMIN RT_1], 0}, NULL, 8) = 0
20960 14:39:51.484692 rt_sigaction(SIGALRM, {0x805cb10, ~[RTMIN RT_1], 0}, NULL, 8) = 0
20960 14:39:51.484707 clone(child_stack=0, flags=CLONE_CHILD_CLEARTID|CLONE_CHILD_SETTID|SIGCHLD, child_tidptr=0xb7d516f8) = 20962
20962 14:39:51.484768 prctl(0x1, 0x9, 0, 0, 0) = 0
20962 14:39:51.484782 close(4)          = 0
20962 14:39:51.484812 open("/etc/passwd", O_RDONLY|0x80000 /* O_??? */) = 4
20962 14:39:51.484850 _llseek(4, 0, [0], SEEK_CUR) = 0
20962 14:39:51.484868 fstat64(4, {st_mode=S_IFREG|0644, st_size=1624, ...}) = 0
20962 14:39:51.484887 mmap2(NULL, 1624, PROT_READ, MAP_SHARED, 4, 0) = 0xb7eeb000
20962 14:39:51.484900 _llseek(4, 1624, [1624], SEEK_SET) = 0
20962 14:39:51.484925 munmap(0xb7eeb000, 1624) = 0
20962 14:39:51.484936 close(4)          = 0
20962 14:39:51.484951 getuid32()        = 0
20962 14:39:51.484961 open("/etc/passwd", O_RDONLY|0x80000 /* O_??? */) = 4
20962 14:39:51.484974 _llseek(4, 0, [0], SEEK_CUR) = 0
20962 14:39:51.484987 fstat64(4, {st_mode=S_IFREG|0644, st_size=1624, ...}) = 0
20962 14:39:51.485005 mmap2(NULL, 1624, PROT_READ, MAP_SHARED, 4, 0) = 0xb7eeb000
20962 14:39:51.485016 _llseek(4, 1624, [1624], SEEK_SET) = 0
20962 14:39:51.485032 munmap(0xb7eeb000, 1624) = 0
20962 14:39:51.485042 close(4)          = 0
20962 14:39:51.485072 open("/proc/sys/kernel/ngroups_max", O_RDONLY) = 4
20962 14:39:51.485105 read(4, "65536\n", 31) = 6
20962 14:39:51.485118 close(4)          = 0
20962 14:39:51.485132 socket(PF_FILE, SOCK_STREAM, 0) = 4
20962 14:39:51.485144 fcntl64(4, F_SETFL, O_RDWR|O_NONBLOCK) = 0
20962 14:39:51.485155 connect(4, {sa_family=AF_FILE, path="/var/run/nscd/socket"}, 110) = -1 ENOENT (No such file or directory)
20962 14:39:51.485180 close(4)          = 0
20962 14:39:51.485192 socket(PF_FILE, SOCK_STREAM, 0) = 4
20962 14:39:51.485202 fcntl64(4, F_SETFL, O_RDWR|O_NONBLOCK) = 0
20962 14:39:51.485213 connect(4, {sa_family=AF_FILE, path="/var/run/nscd/socket"}, 110) = -1 ENOENT (No such file or directory)
20962 14:39:51.485231 close(4)          = 0
20962 14:39:51.485258 open("/etc/group", O_RDONLY|0x80000 /* O_??? */) = 4
20962 14:39:51.485273 _llseek(4, 0, [0], SEEK_CUR) = 0
20962 14:39:51.485284 fstat64(4, {st_mode=S_IFREG|0644, st_size=886, ...}) = 0
20962 14:39:51.485300 mmap2(NULL, 886, PROT_READ, MAP_SHARED, 4, 0) = 0xb7eeb000
20962 14:39:51.485312 _llseek(4, 886, [886], SEEK_SET) = 0
20962 14:39:51.485337 fstat64(4, {st_mode=S_IFREG|0644, st_size=886, ...}) = 0
20962 14:39:51.485355 munmap(0xb7eeb000, 886) = 0
20962 14:39:51.485365 close(4)          = 0
20962 14:39:51.485375 setgroups32(13, [1000, 4, 20, 24, 25, 29, 30, 44, 46, 107, 111, 112, 119]) = 0
20962 14:39:51.485393 geteuid32()       = 0
20962 14:39:51.485404 getegid32()       = 0
20962 14:39:51.485416 setregid32(-1, 1000) = 0
20962 14:39:51.485427 setreuid32(-1, 1000) = 0
20962 14:39:51.485439 chdir("/home/msfadmin") = 0
20962 14:39:51.485451 setreuid32(-1, 0) = 0
20962 14:39:51.485461 setregid32(-1, 0) = 0
20962 14:39:51.485472 setgid32(1000)    = 0
20962 14:39:51.485482 setuid32(1000)    = 0
20962 14:39:51.485493 setrlimit(RLIMIT_NPROC, {rlim_cur=0, rlim_max=0}) = 0
20962 14:39:51.485507 mmap2(NULL, 12288, PROT_READ|PROT_WRITE, MAP_PRIVATE|MAP_ANONYMOUS, -1, 0) = 0xb7ee9000
20962 14:39:51.485519 mprotect(0xb7eeb000, 4096, PROT_NONE) = 0
20962 14:39:51.485531 mprotect(0xb7ee9000, 4096, PROT_NONE) = 0
20962 14:39:51.485542 getcwd("/home/msfadmin", 4096) = 15
20962 14:39:51.485557 umask(022)        = 077
20962 14:39:51.485568 getcwd("/home/msfadmin", 4096) = 15
20962 14:39:51.485582 open(".message", O_RDONLY|O_NONBLOCK|O_LARGEFILE) = -1 ENOENT (No such file or directory)
20962 14:39:51.485606 write(0, "230 Login successful.\r\n", 23) = 23
20962 14:39:51.485736 rt_sigaction(SIGALRM, {0x805cad0, ~[RTMIN RT_1], 0}, NULL, 8) = 0
20962 14:39:51.485754 alarm(300)        = 0
20962 14:39:51.485766 mmap2(NULL, 12288, PROT_READ|PROT_WRITE, MAP_PRIVATE|MAP_ANONYMOUS, -1, 0) = 0xb7ee6000
20962 14:39:51.485778 mprotect(0xb7ee8000, 4096, PROT_NONE) = 0
20962 14:39:51.485789 mprotect(0xb7ee6000, 4096, PROT_NONE) = 0
20962 14:39:51.485815 recv(0, "TYPE I\r\n", 4096, MSG_PEEK) = 8
20962 14:39:51.485837 read(0, "TYPE I\r\n", 8) = 8
20962 14:39:51.485861 write(0, "200 Switching to Binary mode.\r\n", 31) = 31
20962 14:39:51.485908 rt_sigaction(SIGALRM, {0x805cad0, ~[RTMIN RT_1], 0}, NULL, 8) = 0
20962 14:39:51.485923 alarm(300)        = 300
20962 14:39:51.485935 recv(0, "PASV\r\n", 4096, MSG_PEEK) = 6
20962 14:39:51.485946 read(0, "PASV\r\n", 6) = 6
20962 14:39:51.485958 write(5, "\n", 1) = 1
20962 14:39:51.485970 read(5,  <unfinished ...>
20960 14:39:51.485984 close(5)          = 0
20960 14:39:51.485997 getuid32()        = 0
20960 14:39:51.486013 open("/etc/passwd", O_RDONLY|0x80000 /* O_??? */) = 5
20960 14:39:51.486028 _llseek(5, 0, [0], SEEK_CUR) = 0
20960 14:39:51.486041 fstat64(5, {st_mode=S_IFREG|0644, st_size=1624, ...}) = 0
20960 14:39:51.486060 mmap2(NULL, 1624, PROT_READ, MAP_SHARED, 5, 0) = 0xb7eeb000
20960 14:39:51.486071 _llseek(5, 1624, [1624], SEEK_SET) = 0
20960 14:39:51.486089 munmap(0xb7eeb000, 1624) = 0
20960 14:39:51.486102 close(5)          = 0
20960 14:39:51.486119 setgroups32(0, []) = 0
20960 14:39:51.486131 chdir("/usr/share/empty") = 0
20960 14:39:51.486145 chroot(".")       = 0
20960 14:39:51.486156 capset(NULL, NULL) = -1 EFAULT (Bad address)
20960 14:39:51.486171 prctl(0x8, 0, 0xbffca268, 0x80549a6, 0xbffca250) = 0
20960 14:39:51.486187 prctl(0x8, 0x1, 0xbffca268, 0x8054a49, 0xbffca250) = 0
20960 14:39:51.486197 setgid32(65534)   = 0
20960 14:39:51.486208 setuid32(65534)   = 0
20960 14:39:51.486218 capset(0x19980330, 0, {CAP_NET_BIND_SERVICE, CAP_NET_BIND_SERVICE, 0}) = 0
20960 14:39:51.486231 read(4, "\n", 1)  = 1
20960 14:39:51.486245 write(4, "\1", 1) = 1
20962 14:39:51.486256 <... read resumed> "\1", 1) = 1
20962 14:39:51.486264 write(5, "\f", 1) = 1
20962 14:39:51.486274 read(5,  <unfinished ...>
20960 14:39:51.486281 read(4, "\f", 1)  = 1
20960 14:39:51.486294 socket(PF_INET, SOCK_STREAM, IPPROTO_TCP) = 5
20960 14:39:51.486309 setsockopt(5, SOL_SOCKET, SO_REUSEADDR, [1], 4) = 0
20960 14:39:51.486321 gettimeofday({1495651191, 486325}, NULL) = 0
20960 14:39:51.486339 bind(5, {sa_family=AF_INET, sin_port=htons(23000), sin_addr=inet_addr("127.0.0.1")}, 16) = 0
20960 14:39:51.486357 listen(5, 1)      = 0
20960 14:39:51.486371 write(4, "\330Y\0\0", 4) = 4
20962 14:39:51.486382 <... read resumed> "\330Y\0\0", 4) = 4
20962 14:39:51.486396 write(0, "227 Entering Passive Mode (127,0,0,1,89,216).\r\n", 47) = 47
20962 14:39:51.486526 rt_sigaction(SIGALRM, {0x805cad0, ~[RTMIN RT_1], 0}, NULL, 8) = 0
20962 14:39:51.486544 alarm(300)        = 300
20962 14:39:51.486556 recv(0, "RETR myfile3\r\n", 4096, MSG_PEEK) = 14
20962 14:39:51.486569 read(0, "RETR myfile3\r\n", 14) = 14
20962 14:39:51.486583 write(5, "\v", 1) = 1
20962 14:39:51.486594 read(5,  <unfinished ...>
20960 14:39:51.486601 read(4, "\v", 1)  = 1
20960 14:39:51.486613 write(4, "\1\0\0\0", 4) = 4
20962 14:39:51.486623 <... read resumed> "\1\0\0\0", 4) = 4
20962 14:39:51.486632 gettimeofday({1495651191, 486636}, NULL) = 0
20962 14:39:51.486643 getcwd("/home/msfadmin", 4096) = 15
20962 14:39:51.486656 open("myfile3", O_RDONLY|O_NONBLOCK|O_LARGEFILE) = 4
20962 14:39:51.486670 fcntl64(4, F_SETLKW64, {type=F_RDLCK, whence=SEEK_SET, start=0, len=0}, 0xbffca1d4) = 0
20962 14:39:51.486685 fstat64(4, {st_mode=S_IFREG|0644, st_size=17, ...}) = 0
20962 14:39:51.486702 fcntl64(4, F_GETFL) = 0x8800 (flags O_RDONLY|O_NONBLOCK|O_LARGEFILE)
20962 14:39:51.486713 fcntl64(4, F_SETFL, O_RDONLY|O_LARGEFILE) = 0
20962 14:39:51.486725 write(5, "\v", 1) = 1
20962 14:39:51.486736 read(5,  <unfinished ...>
20960 14:39:51.486743 read(4, "\v", 1)  = 1
20960 14:39:51.486754 write(4, "\1\0\0\0", 4) = 4
20962 14:39:51.486775 <... read resumed> "\1\0\0\0", 4) = 4
20962 14:39:51.486785 write(5, "\v", 1) = 1
20962 14:39:51.486796 read(5,  <unfinished ...>
20960 14:39:51.486803 read(4, "\v", 1)  = 1
20960 14:39:51.486814 write(4, "\1\0\0\0", 4) = 4
20962 14:39:51.486824 <... read resumed> "\1\0\0\0", 4) = 4
20962 14:39:51.486831 write(5, "\r", 1) = 1
20962 14:39:51.486841 read(5,  <unfinished ...>
20960 14:39:51.486848 read(4, "\r", 1)  = 1
20960 14:39:51.486861 select(6, [5], NULL, NULL, {60, 0}) = 1 (in [5], left {60, 0})
20960 14:39:51.486881 accept(5, {sa_family=AF_INET, sin_port=htons(53371), sin_addr=inet_addr("127.0.0.1")}, [16]) = 6
20960 14:39:51.486904 write(4, "\1", 1) = 1
20962 14:39:51.486915 <... read resumed> "\1", 1) = 1
20962 14:39:51.486925 recvmsg(5,  <unfinished ...>
20960 14:39:51.486935 sendmsg(4, {msg_name(0)=NULL, msg_iov(1)=[{"\0", 1}], msg_controllen=16, {cmsg_len=16, cmsg_level=SOL_SOCKET, cmsg_type=SCM_RIGHTS, {6}}, msg_flags=0}, 0) = 1
20962 14:39:51.486953 <... recvmsg resumed> {msg_name(0)=NULL, msg_iov(1)=[{"\0", 1}], msg_controllen=16, {cmsg_len=16, cmsg_level=SOL_SOCKET, cmsg_type=SCM_RIGHTS, {6}}, msg_flags=0}, 0) = 1
20962 14:39:51.486966 setsockopt(6, SOL_SOCKET, SO_KEEPALIVE, [1], 4) = 0
20962 14:39:51.486979 setsockopt(6, SOL_IP, IP_TOS, [8], 4) = 0
20962 14:39:51.486991 setsockopt(6, SOL_SOCKET, SO_LINGER, {onoff=1, linger=32767}, 8) = 0
20962 14:39:51.487002 rt_sigaction(SIGALRM, {0x805cad0, ~[RTMIN RT_1], 0}, NULL, 8) = 0
20962 14:39:51.487016 alarm(300)        = 300
20962 14:39:51.487030 write(0, "150 Opening BINARY mode data connection for myfile3 (17 bytes).\r\n", 65) = 65
20962 14:39:51.487074 _llseek(4, 0, [0], SEEK_CUR) = 0
20962 14:39:51.487087 fstat64(4, {st_mode=S_IFREG|0644, st_size=17, ...}) = 0
20962 14:39:51.487109 _llseek(4, 0, [0], SEEK_SET) = 0
20962 14:39:51.487123 sendfile(6, 4, NULL, 17) = 17
20962 14:39:51.487154 rt_sigaction(SIGALRM, {0x805cad0, ~[RTMIN RT_1], 0}, NULL, 8) = 0
20962 14:39:51.487168 alarm(300)        = 300
20962 14:39:51.487178 close(6)          = 0
20962 14:39:51.487187 alarm(0)          = 300
20962 14:39:51.487197 gettimeofday({1495651191, 487201}, NULL) = 0
20962 14:39:51.487216 getpid()          = 20962
20962 14:39:51.487228 gettimeofday({1495651191, 487232}, NULL) = 0
20962 14:39:51.487247 fcntl64(3, F_SETLKW64, {type=F_WRLCK, whence=SEEK_SET, start=0, len=0}, 0xbffca174) = 0
20962 14:39:51.487262 write(3, "Wed May 24 14:39:51 2017 [pid 20962] [msfadmin] OK DOWNLOAD: Client \"127.0.0.1\", \"/home/msfadmin/myfile3\", 17 bytes, 27.85Kbyte/sec\n", 132) = 132
20962 14:39:51.487283 fcntl64(3, F_SETLK64, {type=F_UNLCK, whence=SEEK_SET, start=0, len=0}, 0xbffca17c) = 0
20962 14:39:51.487297 write(0, "226 Transfer complete.\r\n", 24) = 24
20962 14:39:51.487312 write(5, "\n", 1) = 1
20962 14:39:51.487323 read(5,  <unfinished ...>
20960 14:39:51.487330 close(6)          = 0
20960 14:39:51.487420 read(4, "\n", 1)  = 1
20960 14:39:51.487434 close(5)          = 0
20960 14:39:51.487445 write(4, "\1", 1) = 1
20962 14:39:51.487456 <... read resumed> "\1", 1) = 1
20962 14:39:51.487464 close(4)          = 0
20962 14:39:51.487474 rt_sigaction(SIGALRM, {0x805cad0, ~[RTMIN RT_1], 0}, NULL, 8) = 0
20962 14:39:51.487488 alarm(300)        = 0
20962 14:39:51.487499 recv(0,  <unfinished ...>
20960 14:39:51.487507 read(4,  <unfinished ...>
20959 14:39:51.733990 <... recv resumed> "TYPE I\r\n", 4096, MSG_PEEK) = 8
20959 14:39:51.734021 read(0, "TYPE I\r\n", 8) = 8
20959 14:39:51.734042 write(0, "200 Switching to Binary mode.\r\n", 31) = 31
20959 14:39:51.734090 rt_sigaction(SIGALRM, {0x805cad0, ~[RTMIN RT_1], 0}, NULL, 8) = 0
20959 14:39:51.734107 alarm(300)        = 299
20959 14:39:51.734120 recv(0, "PASV\r\n", 4096, MSG_PEEK) = 6
20959 14:39:51.734131 read(0, "PASV\r\n", 6) = 6
20959 14:39:51.734143 write(5, "\n", 1 <unfinished ...>
20957 14:39:51.734154 <... read resumed> "\n", 1) = 1
20959 14:39:51.734159 <... write resumed> ) = 1
20957 14:39:51.734166 write(4, "\1", 1) = 1
20957 14:39:51.734177 read(4,  <unfinished ...>
20959 14:39:51.734184 read(5, "\1", 1)  = 1
20959 14:39:51.734195 write(5, "\f", 1 <unfinished ...>
20957 14:39:51.734202 <... read resumed> "\f", 1) = 1
20959 14:39:51.734207 <... write resumed> ) = 1
20957 14:39:51.734214 socket(PF_INET, SOCK_STREAM, IPPROTO_TCP) = 5
20957 14:39:51.734230 setsockopt(5, SOL_SOCKET, SO_REUSEADDR, [1], 4) = 0
20957 14:39:51.734265 bind(5, {sa_family=AF_INET, sin_port=htons(13651), sin_addr=inet_addr("127.0.0.1")}, 16) = 0
20957 14:39:51.734294 listen(5, 1 <unfinished ...>
20959 14:39:51.734306 read(5,  <unfinished ...>
20957 14:39:51.734310 <... listen resumed> ) = 0
20957 14:39:51.734316 write(4, "S5\0\0", 4 <unfinished ...>
20959 14:39:51.734324 <... read resumed> "S5\0\0", 4) = 4
20957 14:39:51.734329 <... write resumed> ) = 4
20959 14:39:51.734341 write(0, "227 Entering Passive Mode (127,0,0,1,53,83).\r\n", 46 <unfinished ...>
20957 14:39:51.734349 read(4,  <unfinished ...>
20959 14:39:51.734449 <... write resumed> ) = 46
20959 14:39:51.734461 rt_sigaction(SIGALRM, {0x805cad0, ~[RTMIN RT_1], 0}, NULL, 8) = 0
20959 14:39:51.734476 alarm(300)        = 300
20959 14:39:51.734487 recv(0, "STOR myfile26\r\n", 4096, MSG_PEEK) = 15
20959 14:39:51.734499 read(0, "STOR myfile26\r\n", 15) = 15
20959 14:39:51.734513 write(5, "\v", 1 <unfinished ...>
20957 14:39:51.734520 <... read resumed> "\v", 1) = 1
20959 14:39:51.734525 <... write resumed> ) = 1
20957 14:39:51.734531 write(4, "\1\0\0\0", 4) = 4
20957 14:39:51.734542 read(4,  <unfinished ...>
20959 14:39:51.734548 read(5, "\1\0\0\0", 4) = 4
20959 14:39:51.734560 gettimeofday({1495651191, 734563}, NULL) = 0
20959 14:39:51.734571 getcwd("/home/msfadmin", 4096) = 15
20959 14:39:51.734583 open("myfile26", O_WRONLY|O_CREAT|O_NONBLOCK|O_LARGEFILE, 0666) = 4
20959 14:39:51.734597 fstat64(4, {st_mode=S_IFREG|0644, st_size=17, ...}) = 0
20959 14:39:51.734622 fcntl64(4, F_GETFL) = 0x8801 (flags O_WRONLY|O_NONBLOCK|O_LARGEFILE)
20959 14:39:51.734633 fcntl64(4, F_SETFL, O_WRONLY|O_LARGEFILE) = 0
20959 14:39:51.734643 fcntl64(4, F_SETLKW64, {type=F_WRLCK, whence=SEEK_SET, start=0, len=0}, 0xbfc1f604) = 0
20959 14:39:51.734657 ftruncate64(4, 0) = 0
20959 14:39:51.734675 _llseek(4, 0, [0], SEEK_SET) = 0
20959 14:39:51.734686 write(5, "\v", 1 <unfinished ...>
20957 14:39:51.734694 <... read resumed> "\v", 1) = 1
20959 14:39:51.734698 <... write resumed> ) = 1
20957 14:39:51.734704 write(4, "\1\0\0\0", 4) = 4
20957 14:39:51.734715 read(4,  <unfinished ...>
20959 14:39:51.734722 read(5, "\1\0\0\0", 4) = 4
20959 14:39:51.734733 write(5, "\v", 1 <unfinished ...>
20957 14:39:51.734740 <... read resumed> "\v", 1) = 1
20959 14:39:51.734744 <... write resumed> ) = 1
20957 14:39:51.734750 write(4, "\1\0\0\0", 4) = 4
20957 14:39:51.734760 read(4,  <unfinished ...>
20959 14:39:51.734767 read(5, "\1\0\0\0", 4) = 4
20959 14:39:51.734778 write(5, "\r", 1 <unfinished ...>
20957 14:39:51.734785 <... read resumed> "\r", 1) = 1
20959 14:39:51.734789 <... write resumed> ) = 1
20957 14:39:51.734796 select(6, [5], NULL, NULL, {60, 0}) = 1 (in [5], left {60, 0})
20957 14:39:51.734812 accept(5, {sa_family=AF_INET, sin_port=htons(38982), sin_addr=inet_addr("127.0.0.1")}, [16]) = 6
20957 14:39:51.734834 write(4, "\1", 1) = 1
20957 14:39:51.734846 sendmsg(4, {msg_name(0)=NULL, msg_iov(1)=[{"\0", 1}], msg_controllen=16, {cmsg_len=16, cmsg_level=SOL_SOCKET, cmsg_type=SCM_RIGHTS, {6}}, msg_flags=0}, 0) = 1
20957 14:39:51.734862 close(6)          = 0
20957 14:39:51.734872 read(4,  <unfinished ...>
20959 14:39:51.734879 read(5, "\1", 1)  = 1
20959 14:39:51.734891 recvmsg(5, {msg_name(0)=NULL, msg_iov(1)=[{"\0", 1}], msg_controllen=16, {cmsg_len=16, cmsg_level=SOL_SOCKET, cmsg_type=SCM_RIGHTS, {6}}, msg_flags=0}, 0) = 1
20959 14:39:51.734909 setsockopt(6, SOL_SOCKET, SO_KEEPALIVE, [1], 4) = 0
20959 14:39:51.734921 setsockopt(6, SOL_IP, IP_TOS, [8], 4) = 0
20959 14:39:51.734933 setsockopt(6, SOL_SOCKET, SO_LINGER, {onoff=1, linger=32767}, 8) = 0
20959 14:39:51.734944 rt_sigaction(SIGALRM, {0x805cad0, ~[RTMIN RT_1], 0}, NULL, 8) = 0
20959 14:39:51.734957 alarm(300)        = 300
20959 14:39:51.734969 write(0, "150 Ok to send data.\r\n", 22) = 22
20959 14:39:51.735032 read(6, "assasaaa\na\na\na\na\n", 65536) = 17
20959 14:39:51.735046 write(4, "assasaaa\na\na\na\na\n", 17) = 17
20959 14:39:51.735062 read(6, "", 65536) = 0
20959 14:39:51.735072 rt_sigaction(SIGALRM, {0x805cad0, ~[RTMIN RT_1], 0}, NULL, 8) = 0
20959 14:39:51.735085 alarm(300)        = 300
20959 14:39:51.735095 close(6)          = 0
20959 14:39:51.735111 alarm(0)          = 300
20959 14:39:51.735121 gettimeofday({1495651191, 735124}, NULL) = 0
20959 14:39:51.735136 gettimeofday({1495651191, 735139}, NULL) = 0
20959 14:39:51.735150 fcntl64(3, F_SETLKW64, {type=F_WRLCK, whence=SEEK_SET, start=0, len=0}, 0xbfc1f5a4) = 0
20959 14:39:51.735164 write(3, "Wed May 24 14:39:51 2017 [pid 20959] [msfadmin] OK UPLOAD: Client \"127.0.0.1\", \"/home/msfadmin/myfile26\", 17 bytes, 28.82Kbyte/sec\n", 131) = 131
20959 14:39:51.735186 fcntl64(3, F_SETLK64, {type=F_UNLCK, whence=SEEK_SET, start=0, len=0}, 0xbfc1f5ac) = 0
20959 14:39:51.735200 write(0, "226 Transfer complete.\r\n", 24) = 24
20959 14:39:51.735271 write(5, "\n", 1 <unfinished ...>
20957 14:39:51.735282 <... read resumed> "\n", 1) = 1
20959 14:39:51.735287 <... write resumed> ) = 1
20957 14:39:51.735293 close(5)          = 0
20957 14:39:51.735305 write(4, "\1", 1) = 1
20957 14:39:51.735316 read(4,  <unfinished ...>
20959 14:39:51.735323 read(5, "\1", 1)  = 1
20959 14:39:51.735334 close(4)          = 0
20959 14:39:51.735344 rt_sigaction(SIGALRM, {0x805cad0, ~[RTMIN RT_1], 0}, NULL, 8) = 0
20959 14:39:51.735357 alarm(300)        = 0
20959 14:39:51.735368 recv(0,  <unfinished ...>
20962 14:39:52.033989 <... recv resumed> "USER msfadmin\r\n", 4096, MSG_PEEK) = 15
20962 14:39:52.034030 read(0, "USER msfadmin\r\n", 15) = 15
20962 14:39:52.034055 write(0, "331 Any password will do.\r\n", 27) = 27
20962 14:39:52.034108 rt_sigaction(SIGALRM, {0x805cad0, ~[RTMIN RT_1], 0}, NULL, 8) = 0
20962 14:39:52.034126 alarm(300)        = 299
20962 14:39:52.034139 recv(0, "PASS msfadmin\r\n", 4096, MSG_PEEK) = 15
20962 14:39:52.034151 read(0, "PASS msfadmin\r\n", 15) = 15
20962 14:39:52.034167 write(0, "230 Already logged in.\r\n", 24) = 24
20962 14:39:52.034253 rt_sigaction(SIGALRM, {0x805cad0, ~[RTMIN RT_1], 0}, NULL, 8) = 0
20962 14:39:52.034283 alarm(300)        = 300
20962 14:39:52.034294 recv(0, "TYPE I\r\n", 4096, MSG_PEEK) = 8
20962 14:39:52.034305 read(0, "TYPE I\r\n", 8) = 8
20962 14:39:52.034320 write(0, "200 Switching to Binary mode.\r\n", 31) = 31
20962 14:39:52.034357 rt_sigaction(SIGALRM, {0x805cad0, ~[RTMIN RT_1], 0}, NULL, 8) = 0
20962 14:39:52.034371 alarm(300)        = 300
20962 14:39:52.034382 recv(0, "PASV\r\n", 4096, MSG_PEEK) = 6
20962 14:39:52.034393 read(0, "PASV\r\n", 6) = 6
20962 14:39:52.034404 write(5, "\n", 1) = 1
20962 14:39:52.034416 read(5,  <unfinished ...>
20960 14:39:52.034425 <... read resumed> "\n", 1) = 1
20960 14:39:52.034434 write(4, "\1", 1) = 1
20962 14:39:52.034444 <... read resumed> "\1", 1) = 1
20962 14:39:52.034451 write(5, "\f", 1) = 1
20962 14:39:52.034461 read(5,  <unfinished ...>
20960 14:39:52.034468 read(4, "\f", 1)  = 1
20960 14:39:52.034480 socket(PF_INET, SOCK_STREAM, IPPROTO_TCP) = 5
20960 14:39:52.034495 setsockopt(5, SOL_SOCKET, SO_REUSEADDR, [1], 4) = 0
20960 14:39:52.034509 bind(5, {sa_family=AF_INET, sin_port=htons(62198), sin_addr=inet_addr("127.0.0.1")}, 16) = 0
20960 14:39:52.034526 listen(5, 1)      = 0
20960 14:39:52.034540 write(4, "\366\362\0\0", 4) = 4
20962 14:39:52.034550 <... read resumed> "\366\362\0\0", 4) = 4
20962 14:39:52.034563 write(0, "227 Entering Passive Mode (127,0,0,1,242,246).\r\n", 48) = 48
20962 14:39:52.034673 rt_sigaction(SIGALRM, {0x805cad0, ~[RTMIN RT_1], 0}, NULL, 8) = 0
20962 14:39:52.034690 alarm(300)        = 300
20962 14:39:52.034701 recv(0, "RETR myfile4\r\n", 4096, MSG_PEEK) = 14
20962 14:39:52.034713 read(0, "RETR myfile4\r\n", 14) = 14
20962 14:39:52.034725 write(5, "\v", 1) = 1
20962 14:39:52.034736 read(5,  <unfinished ...>
20960 14:39:52.034742 read(4, "\v", 1)  = 1
20960 14:39:52.034753 write(4, "\1\0\0\0", 4) = 4
20962 14:39:52.034764 <... read resumed> "\1\0\0\0", 4) = 4
20962 14:39:52.034772 gettimeofday({1495651192, 34775}, NULL) = 0
20962 14:39:52.034783 getcwd("/home/msfadmin", 4096) = 15
20962 14:39:52.034795 open("myfile4", O_RDONLY|O_NONBLOCK|O_LARGEFILE) = 4
20962 14:39:52.034808 fcntl64(4, F_SETLKW64, {type=F_RDLCK, whence=SEEK_SET, start=0, len=0}, 0xbffca1d4) = 0
20962 14:39:52.034824 fstat64(4, {st_mode=S_IFREG|0644, st_size=17, ...}) = 0
20962 14:39:52.034841 fcntl64(4, F_GETFL) = 0x8800 (flags O_RDONLY|O_NONBLOCK|O_LARGEFILE)
20962 14:39:52.034852 fcntl64(4, F_SETFL, O_RDONLY|O_LARGEFILE) = 0
20962 14:39:52.034862 write(5, "\v", 1) = 1
20962 14:39:52.034873 read(5,  <unfinished ...>
20960 14:39:52.034880 read(4, "\v", 1)  = 1
20960 14:39:52.034890 write(4, "\1\0\0\0", 4) = 4
20962 14:39:52.034900 <... read resumed> "\1\0\0\0", 4) = 4
20962 14:39:52.034908 write(5, "\v", 1) = 1
20962 14:39:52.034917 read(5,  <unfinished ...>
20960 14:39:52.034924 read(4, "\v", 1)  = 1
20960 14:39:52.034934 write(4, "\1\0\0\0", 4) = 4
20962 14:39:52.034944 <... read resumed> "\1\0\0\0", 4) = 4
20962 14:39:52.034952 write(5, "\r", 1) = 1
20962 14:39:52.034961 read(5,  <unfinished ...>
20960 14:39:52.034968 read(4, "\r", 1)  = 1
20960 14:39:52.034979 select(6, [5], NULL, NULL, {60, 0}) = 1 (in [5], left {60, 0})
20960 14:39:52.034995 accept(5, {sa_family=AF_INET, sin_port=htons(40543), sin_addr=inet_addr("127.0.0.1")}, [16]) = 6
20960 14:39:52.035017 write(4, "\1", 1) = 1
20962 14:39:52.035027 <... read resumed> "\1", 1) = 1
20962 14:39:52.035035 recvmsg(5,  <unfinished ...>
20960 14:39:52.035044 sendmsg(4, {msg_name(0)=NULL, msg_iov(1)=[{"\0", 1}], msg_controllen=16, {cmsg_len=16, cmsg_level=SOL_SOCKET, cmsg_type=SCM_RIGHTS, {6}}, msg_flags=0}, 0) = 1
20962 14:39:52.035061 <... recvmsg resumed> {msg_name(0)=NULL, msg_iov(1)=[{"\0", 1}], msg_controllen=16, {cmsg_len=16, cmsg_level=SOL_SOCKET, cmsg_type=SCM_RIGHTS, {6}}, msg_flags=0}, 0) = 1
20962 14:39:52.035078 setsockopt(6, SOL_SOCKET, SO_KEEPALIVE, [1], 4) = 0
20962 14:39:52.035091 setsockopt(6, SOL_IP, IP_TOS, [8], 4) = 0
20962 14:39:52.035102 setsockopt(6, SOL_SOCKET, SO_LINGER, {onoff=1, linger=32767}, 8) = 0
20962 14:39:52.035113 rt_sigaction(SIGALRM, {0x805cad0, ~[RTMIN RT_1], 0}, NULL, 8) = 0
20962 14:39:52.035126 alarm(300)        = 300
20962 14:39:52.035139 write(0, "150 Opening BINARY mode data connection for myfile4 (17 bytes).\r\n", 65) = 65
20962 14:39:52.035179 _llseek(4, 0, [0], SEEK_CUR) = 0
20962 14:39:52.035191 fstat64(4, {st_mode=S_IFREG|0644, st_size=17, ...}) = 0
20962 14:39:52.035232 _llseek(4, 0, [0], SEEK_SET) = 0
20962 14:39:52.035244 sendfile(6, 4, NULL, 17) = 17
20962 14:39:52.035277 rt_sigaction(SIGALRM, {0x805cad0, ~[RTMIN RT_1], 0}, NULL, 8) = 0
20962 14:39:52.035291 alarm(300)        = 300
20962 14:39:52.035302 close(6)          = 0
20962 14:39:52.035320 alarm(0)          = 300
20962 14:39:52.035329 gettimeofday({1495651192, 35333}, NULL) = 0
20962 14:39:52.035345 gettimeofday({1495651192, 35348}, NULL) = 0
20962 14:39:52.035359 fcntl64(3, F_SETLKW64, {type=F_WRLCK, whence=SEEK_SET, start=0, len=0}, 0xbffca174) = 0
20962 14:39:52.035373 write(3, "Wed May 24 14:39:52 2017 [pid 20962] [msfadmin] OK DOWNLOAD: Client \"127.0.0.1\", \"/home/msfadmin/myfile4\", 17 bytes, 28.97Kbyte/sec\n", 132) = 132
20962 14:39:52.035394 fcntl64(3, F_SETLK64, {type=F_UNLCK, whence=SEEK_SET, start=0, len=0}, 0xbffca17c) = 0
20962 14:39:52.035408 write(0, "226 Transfer complete.\r\n", 24) = 24
20962 14:39:52.035423 write(5, "\n", 1) = 1
20962 14:39:52.035433 read(5,  <unfinished ...>
20960 14:39:52.035440 close(6)          = 0
20960 14:39:52.035521 read(4, "\n", 1)  = 1
20960 14:39:52.035535 close(5)          = 0
20960 14:39:52.035546 write(4, "\1", 1) = 1
20962 14:39:52.035557 <... read resumed> "\1", 1) = 1
20962 14:39:52.035564 close(4)          = 0
20962 14:39:52.035574 rt_sigaction(SIGALRM, {0x805cad0, ~[RTMIN RT_1], 0}, NULL, 8) = 0
20962 14:39:52.035588 alarm(300)        = 0
20962 14:39:52.035599 recv(0,  <unfinished ...>
20960 14:39:52.035606 read(4,  <unfinished ...>
20959 14:39:52.264050 <... recv resumed> "TYPE I\r\n", 4096, MSG_PEEK) = 8
20959 14:39:52.264081 read(0, "TYPE I\r\n", 8) = 8
20959 14:39:52.264102 write(0, "200 Switching to Binary mode.\r\n", 31) = 31
20959 14:39:52.264149 rt_sigaction(SIGALRM, {0x805cad0, ~[RTMIN RT_1], 0}, NULL, 8) = 0
20959 14:39:52.264167 alarm(300)        = 299
20959 14:39:52.264179 recv(0, "PASV\r\n", 4096, MSG_PEEK) = 6
20959 14:39:52.264190 read(0, "PASV\r\n", 6) = 6
20959 14:39:52.264202 write(5, "\n", 1 <unfinished ...>
20957 14:39:52.264214 <... read resumed> "\n", 1) = 1
20959 14:39:52.264219 <... write resumed> ) = 1
20957 14:39:52.264227 write(4, "\1", 1 <unfinished ...>
20959 14:39:52.264232 read(5,  <unfinished ...>
20957 14:39:52.264239 <... write resumed> ) = 1
20959 14:39:52.264243 <... read resumed> "\1", 1) = 1
20957 14:39:52.264250 read(4,  <unfinished ...>
20959 14:39:52.264255 write(5, "\f", 1 <unfinished ...>
20957 14:39:52.264262 <... read resumed> "\f", 1) = 1
20959 14:39:52.264266 <... write resumed> ) = 1
20957 14:39:52.264274 socket(PF_INET, SOCK_STREAM, IPPROTO_TCP <unfinished ...>
20959 14:39:52.264280 read(5,  <unfinished ...>
20957 14:39:52.264289 <... socket resumed> ) = 5
20957 14:39:52.264296 setsockopt(5, SOL_SOCKET, SO_REUSEADDR, [1], 4) = 0
20957 14:39:52.264310 bind(5, {sa_family=AF_INET, sin_port=htons(63686), sin_addr=inet_addr("127.0.0.1")}, 16) = 0
20957 14:39:52.264327 listen(5, 1)      = 0
20957 14:39:52.264340 write(4, "\306\370\0\0", 4 <unfinished ...>
20959 14:39:52.264348 <... read resumed> "\306\370\0\0", 4) = 4
20957 14:39:52.264354 <... write resumed> ) = 4
20959 14:39:52.264365 write(0, "227 Entering Passive Mode (127,0,0,1,248,198).\r\n", 48 <unfinished ...>
20957 14:39:52.264373 read(4,  <unfinished ...>
20959 14:39:52.264470 <... write resumed> ) = 48
20959 14:39:52.264490 rt_sigaction(SIGALRM, {0x805cad0, ~[RTMIN RT_1], 0}, NULL, 8) = 0
20959 14:39:52.264505 alarm(300)        = 300
20959 14:39:52.264516 recv(0, "STOR myfile27\r\n", 4096, MSG_PEEK) = 15
20959 14:39:52.264528 read(0, "STOR myfile27\r\n", 15) = 15
20959 14:39:52.264541 write(5, "\v", 1 <unfinished ...>
20957 14:39:52.264549 <... read resumed> "\v", 1) = 1
20959 14:39:52.264554 <... write resumed> ) = 1
20957 14:39:52.264560 write(4, "\1\0\0\0", 4) = 4
20957 14:39:52.264571 read(4,  <unfinished ...>
20959 14:39:52.264577 read(5, "\1\0\0\0", 4) = 4
20959 14:39:52.264589 gettimeofday({1495651192, 264593}, NULL) = 0
20959 14:39:52.264600 getcwd("/home/msfadmin", 4096) = 15
20959 14:39:52.264612 open("myfile27", O_WRONLY|O_CREAT|O_NONBLOCK|O_LARGEFILE, 0666) = 4
20959 14:39:52.264626 fstat64(4, {st_mode=S_IFREG|0644, st_size=17, ...}) = 0
20959 14:39:52.264643 fcntl64(4, F_GETFL) = 0x8801 (flags O_WRONLY|O_NONBLOCK|O_LARGEFILE)
20959 14:39:52.264654 fcntl64(4, F_SETFL, O_WRONLY|O_LARGEFILE) = 0
20959 14:39:52.264664 fcntl64(4, F_SETLKW64, {type=F_WRLCK, whence=SEEK_SET, start=0, len=0}, 0xbfc1f604) = 0
20959 14:39:52.264678 ftruncate64(4, 0) = 0
20959 14:39:52.264696 _llseek(4, 0, [0], SEEK_SET) = 0
20959 14:39:52.264707 write(5, "\v", 1 <unfinished ...>
20957 14:39:52.264739 <... read resumed> "\v", 1) = 1
20959 14:39:52.264748 <... write resumed> ) = 1
20957 14:39:52.264755 write(4, "\1\0\0\0", 4) = 4
20957 14:39:52.264766 read(4,  <unfinished ...>
20959 14:39:52.264774 read(5, "\1\0\0\0", 4) = 4
20959 14:39:52.264794 write(5, "\v", 1 <unfinished ...>
20957 14:39:52.264801 <... read resumed> "\v", 1) = 1
20959 14:39:52.264806 <... write resumed> ) = 1
20957 14:39:52.264811 write(4, "\1\0\0\0", 4) = 4
20957 14:39:52.264822 read(4,  <unfinished ...>
20959 14:39:52.264828 read(5, "\1\0\0\0", 4) = 4
20959 14:39:52.264839 write(5, "\r", 1 <unfinished ...>
20957 14:39:52.264846 <... read resumed> "\r", 1) = 1
20959 14:39:52.264850 <... write resumed> ) = 1
20957 14:39:52.264857 select(6, [5], NULL, NULL, {60, 0}) = 1 (in [5], left {60, 0})
20957 14:39:52.264874 accept(5, {sa_family=AF_INET, sin_port=htons(49691), sin_addr=inet_addr("127.0.0.1")}, [16]) = 6
20957 14:39:52.264896 write(4, "\1", 1) = 1
20957 14:39:52.264907 sendmsg(4, {msg_name(0)=NULL, msg_iov(1)=[{"\0", 1}], msg_controllen=16, {cmsg_len=16, cmsg_level=SOL_SOCKET, cmsg_type=SCM_RIGHTS, {6}}, msg_flags=0}, 0) = 1
20957 14:39:52.264924 close(6)          = 0
20957 14:39:52.264933 read(4,  <unfinished ...>
20959 14:39:52.264940 read(5, "\1", 1)  = 1
20959 14:39:52.264953 recvmsg(5, {msg_name(0)=NULL, msg_iov(1)=[{"\0", 1}], msg_controllen=16, {cmsg_len=16, cmsg_level=SOL_SOCKET, cmsg_type=SCM_RIGHTS, {6}}, msg_flags=0}, 0) = 1
20959 14:39:52.264970 setsockopt(6, SOL_SOCKET, SO_KEEPALIVE, [1], 4) = 0
20959 14:39:52.264982 setsockopt(6, SOL_IP, IP_TOS, [8], 4) = 0
20959 14:39:52.264994 setsockopt(6, SOL_SOCKET, SO_LINGER, {onoff=1, linger=32767}, 8) = 0
20959 14:39:52.265005 rt_sigaction(SIGALRM, {0x805cad0, ~[RTMIN RT_1], 0}, NULL, 8) = 0
20959 14:39:52.265018 alarm(300)        = 300
20959 14:39:52.265030 write(0, "150 Ok to send data.\r\n", 22) = 22
20959 14:39:52.265095 read(6, "assasaaa\na\na\na\na\n", 65536) = 17
20959 14:39:52.265109 write(4, "assasaaa\na\na\na\na\n", 17) = 17
20959 14:39:52.265125 read(6, "", 65536) = 0
20959 14:39:52.265135 rt_sigaction(SIGALRM, {0x805cad0, ~[RTMIN RT_1], 0}, NULL, 8) = 0
20959 14:39:52.265149 alarm(300)        = 300
20959 14:39:52.265158 close(6)          = 0
20959 14:39:52.265175 alarm(0)          = 300
20959 14:39:52.265184 gettimeofday({1495651192, 265188}, NULL) = 0
20959 14:39:52.265200 gettimeofday({1495651192, 265203}, NULL) = 0
20959 14:39:52.265214 fcntl64(3, F_SETLKW64, {type=F_WRLCK, whence=SEEK_SET, start=0, len=0}, 0xbfc1f5a4) = 0
20959 14:39:52.265228 write(3, "Wed May 24 14:39:52 2017 [pid 20959] [msfadmin] OK UPLOAD: Client \"127.0.0.1\", \"/home/msfadmin/myfile27\", 17 bytes, 27.22Kbyte/sec\n", 131) = 131
20959 14:39:52.265250 fcntl64(3, F_SETLK64, {type=F_UNLCK, whence=SEEK_SET, start=0, len=0}, 0xbfc1f5ac) = 0
20959 14:39:52.265268 write(0, "226 Transfer complete.\r\n", 24) = 24
20959 14:39:52.265311 write(5, "\n", 1 <unfinished ...>
20957 14:39:52.265320 <... read resumed> "\n", 1) = 1
20959 14:39:52.265325 <... write resumed> ) = 1
20957 14:39:52.265331 close(5)          = 0
20957 14:39:52.265343 write(4, "\1", 1) = 1
20957 14:39:52.265353 read(4,  <unfinished ...>
20959 14:39:52.265360 read(5, "\1", 1)  = 1
20959 14:39:52.265371 close(4)          = 0
20959 14:39:52.265381 rt_sigaction(SIGALRM, {0x805cad0, ~[RTMIN RT_1], 0}, NULL, 8) = 0
20959 14:39:52.265394 alarm(300)        = 0
20959 14:39:52.265405 recv(0,  <unfinished ...>
20962 14:39:52.564022 <... recv resumed> "QUIT\r\n", 4096, MSG_PEEK) = 6
20962 14:39:52.564061 read(0, "QUIT\r\n", 6) = 6
20962 14:39:52.564083 shutdown(0, 0 /* receive */) = 0
20962 14:39:52.564098 fcntl64(0, F_GETFL) = 0x2 (flags O_RDWR)
20962 14:39:52.564109 fcntl64(0, F_SETFL, O_RDWR|O_NONBLOCK) = 0
20962 14:39:52.564120 write(0, "221 Goodbye.\r\n", 14) = 14
20962 14:39:52.564196 fcntl64(0, F_GETFL) = 0x802 (flags O_RDWR|O_NONBLOCK)
20962 14:39:52.564208 fcntl64(0, F_SETFL, O_RDWR) = 0
20962 14:39:52.564219 shutdown(0, 2 /* send and receive */) = 0
20962 14:39:52.564249 exit_group(0)     = ?
20960 14:39:52.564323 <... read resumed> 0xbffca267, 1) = ? ERESTARTSYS (To be restarted)
20960 14:39:52.564342 --- SIGCHLD (Child exited) @ 0 (0) ---
20960 14:39:52.564354 alarm(1)          = 0
20960 14:39:52.564365 sigreturn()       = ? (mask now [])
20960 14:39:52.564381 alarm(0)          = 1
20960 14:39:52.564392 wait4(-1, [{WIFEXITED(s) && WEXITSTATUS(s) == 0}], 0, NULL) = 20962
20960 14:39:52.564407 exit_group(0)     = ?
4380  14:39:52.564443 <... select resumed> ) = ? ERESTARTNOHAND (To be restarted)
4380  14:39:52.564450 --- SIGCHLD (Child exited) @ 0 (0) ---
4380  14:39:52.564458 write(4, "\21", 1) = 1
4380  14:39:52.564473 sigreturn()       = ? (mask now [])
4380  14:39:52.564506 select(13, [3 5 6 8 9 10 11 12], NULL, NULL, NULL) = 1 (in [3])
4380  14:39:52.564523 ioctl(3, FIONREAD, [1]) = 0
4380  14:39:52.564537 read(3, "\21", 1) = 1
4380  14:39:52.564550 waitpid(-1, [{WIFEXITED(s) && WEXITSTATUS(s) == 0}], WNOHANG) = 20960
4380  14:39:52.564578 close(-1)         = -1 EBADF (Bad file descriptor)
4380  14:39:52.564590 waitpid(-1, 0xbf9d5dbc, WNOHANG) = 0
4380  14:39:52.564609 select(13, [3 5 6 8 9 10 11 12], NULL, NULL, NULL <unfinished ...>
20959 14:39:52.804066 <... recv resumed> "QUIT\r\n", 4096, MSG_PEEK) = 6
20959 14:39:52.804104 read(0, "QUIT\r\n", 6) = 6
20959 14:39:52.804125 shutdown(0, 0 /* receive */) = 0
20959 14:39:52.804140 fcntl64(0, F_GETFL) = 0x2 (flags O_RDWR)
20959 14:39:52.804151 fcntl64(0, F_SETFL, O_RDWR|O_NONBLOCK) = 0
20959 14:39:52.804161 write(0, "221 Goodbye.\r\n", 14) = 14
20959 14:39:52.804223 fcntl64(0, F_GETFL) = 0x802 (flags O_RDWR|O_NONBLOCK)
20959 14:39:52.804235 fcntl64(0, F_SETFL, O_RDWR) = 0
20959 14:39:52.804245 shutdown(0, 2 /* send and receive */) = 0
20959 14:39:52.804264 exit_group(0)     = ?
20957 14:39:52.804315 <... read resumed> 0xbfc1f6b7, 1) = ? ERESTARTSYS (To be restarted)
20957 14:39:52.804323 --- SIGCHLD (Child exited) @ 0 (0) ---
20957 14:39:52.804334 alarm(1)          = 0
20957 14:39:52.804345 sigreturn()       = ? (mask now [])
20957 14:39:52.804361 alarm(0)          = 1
20957 14:39:52.804371 wait4(-1, [{WIFEXITED(s) && WEXITSTATUS(s) == 0}], 0, NULL) = 20959
20957 14:39:52.804386 exit_group(0)     = ?
4380  14:39:52.804427 <... select resumed> ) = ? ERESTARTNOHAND (To be restarted)
4380  14:39:52.804435 --- SIGCHLD (Child exited) @ 0 (0) ---
4380  14:39:52.804442 write(4, "\21", 1) = 1
4380  14:39:52.804457 sigreturn()       = ? (mask now [])
4380  14:39:52.804490 select(13, [3 5 6 8 9 10 11 12], NULL, NULL, NULL) = 1 (in [3])
4380  14:39:52.804507 ioctl(3, FIONREAD, [1]) = 0
4380  14:39:52.804521 read(3, "\21", 1) = 1
4380  14:39:52.804534 waitpid(-1, [{WIFEXITED(s) && WEXITSTATUS(s) == 0}], WNOHANG) = 20957
4380  14:39:52.804553 close(-1)         = -1 EBADF (Bad file descriptor)
4380  14:39:52.804565 waitpid(-1, 0xbf9d5dbc, WNOHANG) = -1 ECHILD (No child processes)
4380  14:39:52.804584 select(13, [3 5 6 8 9 10 11 12], NULL, NULL, NULL) = 1 (in [5])
4380  14:39:53.134191 accept(5, {sa_family=AF_INET, sin_port=htons(44738), sin_addr=inet_addr("127.0.0.1")}, [16]) = 13
4380  14:39:53.134273 time(NULL)        = 1495651193
4380  14:39:53.134298 clone(child_stack=0, flags=CLONE_CHILD_CLEARTID|CLONE_CHILD_SETTID|SIGCHLD, child_tidptr=0xb7dd26f8) = 20963
20963 14:39:53.134406 rt_sigaction(SIGPIPE, {SIG_DFL}, {SIG_IGN}, 8) = 0
20963 14:39:53.134422 rt_sigaction(SIGTSTP, {SIG_DFL}, {SIG_IGN}, 8) = 0
20963 14:39:53.134434 rt_sigaction(SIGTTIN, {SIG_DFL}, {SIG_IGN}, 8) = 0
20963 14:39:53.134445 rt_sigaction(SIGTTOU, {SIG_DFL}, {SIG_IGN}, 8) = 0
20963 14:39:53.134459 rt_sigprocmask(SIG_SETMASK, [], NULL, 8) = 0
20963 14:39:53.134473 close(3)          = 0
20963 14:39:53.134482 close(4)          = 0
20963 14:39:53.134492 open("/dev/null", O_RDONLY) = 3
20963 14:39:53.134508 dup2(3, 0)        = 0
20963 14:39:53.134517 dup2(3, 1)        = 1
20963 14:39:53.134525 dup2(3, 2)        = 2
20963 14:39:53.134534 close(3)          = 0
20963 14:39:53.134546 setgid32(0)       = 0
20963 14:39:53.134558 setgroups32(0, []) = 0
20963 14:39:53.134569 setuid32(0)       = 0
20963 14:39:53.134581 getpriority(PRIO_PROCESS, 0) = 20
20963 14:39:53.134590 setpriority(PRIO_PROCESS, 0, 10) = 0
20963 14:39:53.134599 getpriority(PRIO_PROCESS, 0) = 10
20963 14:39:53.134636 getpeername(13, {sa_family=AF_INET, sin_port=htons(44738), sin_addr=inet_addr("127.0.0.1")}, [16]) = 0
20963 14:39:53.134658 getsockname(13, {sa_family=AF_INET, sin_port=htons(21), sin_addr=inet_addr("127.0.0.1")}, [16]) = 0
20963 14:39:53.134686 open("/etc/hosts.allow", O_RDONLY) = 3
20963 14:39:53.134704 fstat64(3, {st_mode=S_IFREG|0644, st_size=588, ...}) = 0
20963 14:39:53.134724 mmap2(NULL, 4096, PROT_READ|PROT_WRITE, MAP_PRIVATE|MAP_ANONYMOUS, -1, 0) = 0xb7fa1000
20963 14:39:53.134737 read(3, "# /etc/hosts.allow: list of hosts that are allowed to access the system.\n#                   See the manual pages hosts_access(5) and hosts_options(5).\n#\n# Example:    ALL: LOCAL @some_netgroup\n#             ALL: .foobar.edu EXCEPT terminalserver.foobar.edu\n#\n# If you\'re going to protect the portmapper use the name \"portmap\" for the\n# daemon name. Remember that you can only use the keyword \"ALL\" and IP\n# addresses (NOT host or domain names) for the portmapper, as well as for\n# rpc.mountd (the NFS mount daemon). See portmap(8) and rpc.mountd(8)\n# for further information.\n#\n\nALL:ALL\n", 4096) = 588
20963 14:39:53.134810 close(3)          = 0
20963 14:39:53.134821 munmap(0xb7fa1000, 4096) = 0
20963 14:39:53.134847 fcntl64(13, F_SETFD, 0) = 0
20963 14:39:53.134861 close(7)          = 0
20963 14:39:53.134871 dup2(13, 0)       = 0
20963 14:39:53.134880 dup2(13, 1)       = 1
20963 14:39:53.134888 dup2(13, 2)       = 2
20963 14:39:53.134897 setrlimit(RLIMIT_NOFILE, {rlim_cur=1024, rlim_max=1024}) = 0
20963 14:39:53.134908 close(13)         = 0
20963 14:39:53.134918 setsid()          = 20963
20963 14:39:53.134928 execve("/usr/sbin/vsftpd", ["vsftpd"], [/* 15 vars */]) = 0
20963 14:39:53.135005 brk(0)            = 0x8064000
20963 14:39:53.135026 access("/etc/ld.so.nohwcap", F_OK) = -1 ENOENT (No such file or directory)
20963 14:39:53.135042 mmap2(NULL, 8192, PROT_READ|PROT_WRITE, MAP_PRIVATE|MAP_ANONYMOUS, -1, 0) = 0xb7f58000
20963 14:39:53.135055 access("/etc/ld.so.preload", R_OK) = -1 ENOENT (No such file or directory)
20963 14:39:53.135071 open("/etc/ld.so.cache", O_RDONLY) = 3
20963 14:39:53.135083 fstat64(3, {st_mode=S_IFREG|0644, st_size=29913, ...}) = 0
20963 14:39:53.135100 mmap2(NULL, 29913, PROT_READ, MAP_PRIVATE, 3, 0) = 0xb7f50000
20963 14:39:53.135110 close(3)          = 0
20963 14:39:53.135120 access("/etc/ld.so.nohwcap", F_OK) = -1 ENOENT (No such file or directory)
20963 14:39:53.135135 open("/lib/libpam.so.0", O_RDONLY) = 3
20963 14:39:53.135148 read(3, "\177ELF\1\1\1\0\0\0\0\0\0\0\0\0\3\0\3\0\1\0\0\0\320\30\0\0004\0\0\0\f\220\0\0\0\0\0\0004\0 \0\4\0(\0\33\0\32\0\1\0\0\0\0\0\0\0\0\0\0\0\0\0\0\0t\214\0\0t\214\0\0\5\0\0\0\0\20\0\0\1\0\0\0t\214\0\0t\234\0\0t\234\0\0\250\2\0\0\254\2\0\0\6\0\0\0\0\20\0\0\2\0\0\0D\215\0\0D\235\0\0D\235\0\0\350\0\0\0\350\0\0\0\6\0\0\0\4\0\0\0Q\345td\0\0\0\0\0\0\0\0\0\0\0\0\0\0\0\0\0\0\0\0\6\0\0\0\4\0\0\0\254\0\0\0X\0\0\0D\0\0\0\0\0\0\0G\0\0\0\7\0\0\0*\0\0\0\v\0\0\0\36\0\0\0\0\0\0\0K\0\0\0L\0\0\0\34\0\0\0\0\0\0\0\0\0\0\0V\0\0\0\0\0\0\0\0\0\0\0\21\0\0\0\33\0\0\0\0\0\0\0\0\0\0\0\0\0\0\0>\0\0\0O\0\0\0\0\0\0\0\0\0\0\0\0\0\0\0\2\0\0\0\0\0\0\0\0\0\0\0P\0\0\0R\0\0\0\0\0\0\0A\0\0\0?\0\0\0\0\0\0\0\0\0\0\0;\0\0\0\r\0\0\0\0\0\0\0\0\0\0\0\0\0\0\0006\0\0\0(\0\0\0\0\0\0\0.\0\0\0\16\0\0\0,\0\0\0\0\0\0\0!\0\0\0\30\0\0\0\0\0\0\0\0\0\0\0\0\0\0\0\0\0\0\0\0\0\0\0\31\0\0\0\0\0\0\0<\0\0\0W\0\0\0+\0\0\0M\0\0\0\0\0\0\0\0\0\0\0&\0\0\0\0\0\0\0N\0\0\0\0\0\0\0\0\0\0\0\27\0\0\0\0\0\0\0\0\0\0\0\0\0\0\0001\0\0\0%\0\0\0\35\0\0\0\0\0\0\0/\0\0\0\0\0\0\0\0\0\0\0\0\0\0\0B\0\0\0", 512) = 512
20963 14:39:53.135383 fstat64(3, {st_mode=S_IFREG|0644, st_size=37956, ...}) = 0
20963 14:39:53.135401 mmap2(NULL, 40736, PROT_READ|PROT_EXEC, MAP_PRIVATE|MAP_DENYWRITE, 3, 0) = 0xb7f46000
20963 14:39:53.135414 mmap2(0xb7f4f000, 4096, PROT_READ|PROT_WRITE, MAP_PRIVATE|MAP_FIXED|MAP_DENYWRITE, 3, 0x8) = 0xb7f4f000
20963 14:39:53.135429 close(3)          = 0
20963 14:39:53.135440 access("/etc/ld.so.nohwcap", F_OK) = -1 ENOENT (No such file or directory)
20963 14:39:53.135455 open("/lib/tls/i686/cmov/libdl.so.2", O_RDONLY) = 3
