22695 14:57:56.873347 munmap(0xb7f86000, 4096) = 0
22695 14:57:56.873358 stat64("/etc/pam.d", {st_mode=S_IFDIR|0755, st_size=4096, ...}) = 0
22695 14:57:56.873377 open("/etc/pam.d/common-account", O_RDONLY|O_LARGEFILE) = 6
22695 14:57:56.873390 fstat64(6, {st_mode=S_IFREG|0644, st_size=392, ...}) = 0
22695 14:57:56.873406 mmap2(NULL, 4096, PROT_READ|PROT_WRITE, MAP_PRIVATE|MAP_ANONYMOUS, -1, 0) = 0xb7f86000
22695 14:57:56.873417 read(6, "#\n# /etc/pam.d/common-account - authorization settings common to all services\n#\n# This file is included from other service-specific PAM config files,\n# and should contain a list of the authorization modules that define\n# the central access policy for use on the system.  The default is to\n# only deny service to users whose accounts are expired in /etc/shadow.\n#\naccount\trequired\tpam_unix.so\n", 4096) = 392
22695 14:57:56.873457 read(6, "", 4096) = 0
22695 14:57:56.873467 close(6)          = 0
22695 14:57:56.873476 munmap(0xb7f86000, 4096) = 0
22695 14:57:56.873487 stat64("/etc/pam.d", {st_mode=S_IFDIR|0755, st_size=4096, ...}) = 0
22695 14:57:56.873506 open("/etc/pam.d/common-password", O_RDONLY|O_LARGEFILE) = 6
22695 14:57:56.873519 fstat64(6, {st_mode=S_IFREG|0644, st_size=1563, ...}) = 0
22695 14:57:56.873535 mmap2(NULL, 4096, PROT_READ|PROT_WRITE, MAP_PRIVATE|MAP_ANONYMOUS, -1, 0) = 0xb7f86000
22695 14:57:56.873546 read(6, "#\n# /etc/pam.d/common-password - password-related modules common to all services\n#\n# This file is included from other service-specific PAM config files,\n# and should contain a list of modules that define the services to be\n# used to change user passwords.  The default is pam_unix.\n\n# Explanation of pam_unix options:\n#\n# The \"nullok\" option allows users to change an empty password, else\n# empty passwords are treated as locked accounts.\n#\n# The \"md5\" option enables MD5 passwords.  Without this option, the\n# default is Unix crypt.\n#\n# The \"obscure\" option replaces the old `OBSCURE_CHECKS_ENAB\' option in\n# login.defs.\n#\n# You can also use the \"min\" option to enforce the length of the new\n# password.\n#\n# See the pam_unix manpage for other options.\n\npassword   requisite   pam_unix.so nullok obscure md5\n\n# Alternate strength checking for password. Note that this\n# requires the libpam-cracklib package to be installed.\n# You will need to comment out the password line above and\n# uncomment the next two in order to use this.\n# (Replaces the `OBSCURE_CHECKS_ENAB\', `CRACKLIB_DICTPATH\')\n#\n# password required\t  pam_cracklib.so retry=3 minlen=6 difok=3\n# password required\t  pam_unix.so use_authtok nullok md5\n\n# minimally-intrusive inclusion of smbpass in the stack for\n# synchronization.  If the module is absent or the passwords don\'t\n# match, this module will be ignored without prompting; and if the \n# passwords do match, the NTLM hash for the user will be updated\n# automatically.\n# password   optional   pam_smbpass.so nullok use_authtok use_first_pass\n", 4096) = 1563
22695 14:57:56.873667 read(6, "", 4096) = 0
22695 14:57:56.873678 close(6)          = 0
22695 14:57:56.873687 munmap(0xb7f86000, 4096) = 0
22695 14:57:56.873698 stat64("/etc/pam.d", {st_mode=S_IFDIR|0755, st_size=4096, ...}) = 0
22695 14:57:56.873717 open("/etc/pam.d/common-session", O_RDONLY|O_LARGEFILE) = 6
22695 14:57:56.873730 fstat64(6, {st_mode=S_IFREG|0644, st_size=372, ...}) = 0
22695 14:57:56.873747 mmap2(NULL, 4096, PROT_READ|PROT_WRITE, MAP_PRIVATE|MAP_ANONYMOUS, -1, 0) = 0xb7f86000
22695 14:57:56.873758 read(6, "#\n# /etc/pam.d/common-session - session-related modules common to all services\n#\n# This file is included from other service-specific PAM config files,\n# and should contain a list of modules that define tasks to be performed\n# at the start and end of sessions of *any* kind (both interactive and\n# non-interactive).  The default is pam_unix.\n#\nsession\trequired\tpam_unix.so\n", 4096) = 372
22695 14:57:56.873796 read(6, "", 4096) = 0
22695 14:57:56.873807 close(6)          = 0
22695 14:57:56.873816 munmap(0xb7f86000, 4096) = 0
22695 14:57:56.873827 read(5, "", 4096) = 0
22695 14:57:56.873836 close(5)          = 0
22695 14:57:56.873845 munmap(0xb7f8c000, 4096) = 0
22695 14:57:56.873858 time(NULL)        = 1495652276
22695 14:57:56.873870 lstat64("/etc/ftpusers", {st_mode=S_IFREG|0644, st_size=132, ...}) = 0
22695 14:57:56.873889 open("/etc/ftpusers", O_RDONLY|O_LARGEFILE) = 5
22695 14:57:56.873901 fstat64(5, {st_mode=S_IFREG|0644, st_size=132, ...}) = 0
22695 14:57:56.873918 mmap2(NULL, 4096, PROT_READ|PROT_WRITE, MAP_PRIVATE|MAP_ANONYMOUS, -1, 0) = 0xb7f8c000
22695 14:57:56.873929 read(5, "# /etc/ftpusers: list of users disallowed FTP access. See ftpusers(5).\n\nroot\ndaemon\nbin\nsys\nsync\ngames\nman\nlp\nmail\nnews\nuucp\nnobody\n", 4096) = 132
22695 14:57:56.873950 read(5, "", 4096) = 0
22695 14:57:56.873960 close(5)          = 0
22695 14:57:56.873970 munmap(0xb7f8c000, 4096) = 0
22695 14:57:56.873985 getuid32()        = 0
22695 14:57:56.874030 open("/etc/passwd", O_RDONLY|0x80000 /* O_??? */) = 5
22695 14:57:56.874056 _llseek(5, 0, [0], SEEK_CUR) = 0
22695 14:57:56.874068 fstat64(5, {st_mode=S_IFREG|0644, st_size=1624, ...}) = 0
22695 14:57:56.874084 mmap2(NULL, 1624, PROT_READ, MAP_SHARED, 5, 0) = 0xb7f8c000
22695 14:57:56.874096 _llseek(5, 1624, [1624], SEEK_SET) = 0
22695 14:57:56.874116 munmap(0xb7f8c000, 1624) = 0
22695 14:57:56.874127 close(5)          = 0
22695 14:57:56.874153 open("/etc/shadow", O_RDONLY|0x80000 /* O_??? */) = 5
22695 14:57:56.874170 _llseek(5, 0, [0], SEEK_CUR) = 0
22695 14:57:56.874182 fstat64(5, {st_mode=S_IFREG|0640, st_size=1233, ...}) = 0
22695 14:57:56.874198 mmap2(NULL, 1233, PROT_READ, MAP_SHARED, 5, 0) = 0xb7f8c000
22695 14:57:56.874210 _llseek(5, 1233, [1233], SEEK_SET) = 0
22695 14:57:56.874229 munmap(0xb7f8c000, 1233) = 0
22695 14:57:56.874240 close(5)          = 0
22695 14:57:56.874258 open("/etc/passwd", O_RDONLY|0x80000 /* O_??? */) = 5
22695 14:57:56.874276 _llseek(5, 0, [0], SEEK_CUR) = 0
22695 14:57:56.874286 fstat64(5, {st_mode=S_IFREG|0644, st_size=1624, ...}) = 0
22695 14:57:56.874303 mmap2(NULL, 1624, PROT_READ, MAP_SHARED, 5, 0) = 0xb7f8c000
22695 14:57:56.874314 _llseek(5, 1624, [1624], SEEK_SET) = 0
22695 14:57:56.874331 munmap(0xb7f8c000, 1624) = 0
22695 14:57:56.874341 close(5)          = 0
22695 14:57:56.874354 open("/etc/shadow", O_RDONLY|0x80000 /* O_??? */) = 5
22695 14:57:56.874367 _llseek(5, 0, [0], SEEK_CUR) = 0
22695 14:57:56.874378 fstat64(5, {st_mode=S_IFREG|0640, st_size=1233, ...}) = 0
22695 14:57:56.874394 mmap2(NULL, 1233, PROT_READ, MAP_SHARED, 5, 0) = 0xb7f8c000
22695 14:57:56.874405 _llseek(5, 1233, [1233], SEEK_SET) = 0
22695 14:57:56.874422 munmap(0xb7f8c000, 1233) = 0
22695 14:57:56.874432 close(5)          = 0
22695 14:57:56.874512 getuid32()        = 0
22695 14:57:56.874512 open("/etc/passwd", O_RDONLY|0x80000 /* O_??? */) = 5
22695 14:57:56.874512 _llseek(5, 0, [0], SEEK_CUR) = 0
22695 14:57:56.874512 fstat64(5, {st_mode=S_IFREG|0644, st_size=1624, ...}) = 0
22695 14:57:56.874515 mmap2(NULL, 1624, PROT_READ, MAP_SHARED, 5, 0) = 0xb7f8c000
22695 14:57:56.874528 _llseek(5, 1624, [1624], SEEK_SET) = 0
22695 14:57:56.874545 munmap(0xb7f8c000, 1624) = 0
22695 14:57:56.874578 close(5)          = 0
22695 14:57:56.874618 open("/etc/shadow", O_RDONLY|0x80000 /* O_??? */) = 5
22695 14:57:56.874634 _llseek(5, 0, [0], SEEK_CUR) = 0
22695 14:57:56.874656 fstat64(5, {st_mode=S_IFREG|0640, st_size=1233, ...}) = 0
22695 14:57:56.874688 mmap2(NULL, 1233, PROT_READ, MAP_SHARED, 5, 0) = 0xb7f8c000
22695 14:57:56.874710 _llseek(5, 1233, [1233], SEEK_SET) = 0
22695 14:57:56.874852 munmap(0xb7f8c000, 1233) = 0
22695 14:57:56.874866 close(5)          = 0
22695 14:57:56.874881 time(NULL)        = 1495652276
22695 14:57:56.874907 munmap(0xb7f89000, 12164) = 0
22695 14:57:56.874924 munmap(0xb7f87000, 7136) = 0
22695 14:57:56.874948 munmap(0xb7dbc000, 95428) = 0
22695 14:57:56.874989 munmap(0xb7d82000, 201052) = 0
22695 14:57:56.875006 munmap(0xb7d69000, 101180) = 0
22695 14:57:56.875023 gettimeofday({1495652276, 875028}, NULL) = 0
22695 14:57:56.875036 stat64("/usr/share/zoneinfo/UTC+04:00", 0xbfe6d7d4) = -1 ENOENT (No such file or directory)
22695 14:57:56.875053 open("/usr/share/zoneinfo/UTC+04:00", O_RDONLY) = -1 ENOENT (No such file or directory)
22695 14:57:56.875080 fcntl64(3, F_SETLKW64, {type=F_WRLCK, whence=SEEK_SET, start=0, len=0}, 0xbfe6d924) = 0
22695 14:57:56.875097 write(3, "Wed May 24 14:57:56 2017 [pid 22695] [msfadmin] OK LOGIN: Client \"127.0.0.1\"\n", 77) = 77
22695 14:57:56.875115 fcntl64(3, F_SETLK64, {type=F_UNLCK, whence=SEEK_SET, start=0, len=0}, 0xbfe6d92c) = 0
22695 14:57:56.875129 rt_sigaction(SIGCHLD, {0x805cad0, ~[RTMIN RT_1], 0}, NULL, 8) = 0
22695 14:57:56.875144 write(4, "\1", 1 <unfinished ...>
22696 14:57:56.875155 <... read resumed> "\1", 1) = 1
22695 14:57:56.875161 <... write resumed> ) = 1
22696 14:57:56.875170 exit_group(0)     = ?
22695 14:57:56.875204 --- SIGCHLD (Child exited) @ 0 (0) ---
22695 14:57:56.875212 sigreturn()       = ? (mask now [])
22695 14:57:56.875231 wait4(-1, [{WIFEXITED(s) && WEXITSTATUS(s) == 0}], 0, NULL) = 22696
22695 14:57:56.875245 close(4)          = 0
22695 14:57:56.875258 socketpair(PF_FILE, SOCK_STREAM, 0, [4, 5]) = 0
22695 14:57:56.875273 rt_sigaction(SIGCHLD, {0x805cad0, ~[RTMIN RT_1], 0}, NULL, 8) = 0
22695 14:57:56.875287 rt_sigaction(SIGALRM, {0x805cb10, ~[RTMIN RT_1], 0}, NULL, 8) = 0
22695 14:57:56.875302 clone(child_stack=0, flags=CLONE_CHILD_CLEARTID|CLONE_CHILD_SETTID|SIGCHLD, child_tidptr=0xb7df26f8) = 22697
22697 14:57:56.875355 prctl(0x1, 0x9, 0, 0, 0) = 0
22697 14:57:56.875369 close(4)          = 0
22697 14:57:56.875396 open("/etc/passwd", O_RDONLY|0x80000 /* O_??? */) = 4
22697 14:57:56.875415 _llseek(4, 0, [0], SEEK_CUR) = 0
22697 14:57:56.875431 fstat64(4, {st_mode=S_IFREG|0644, st_size=1624, ...}) = 0
22697 14:57:56.875450 mmap2(NULL, 1624, PROT_READ, MAP_SHARED, 4, 0) = 0xb7f8c000
22697 14:57:56.875463 _llseek(4, 1624, [1624], SEEK_SET) = 0
22697 14:57:56.875491 munmap(0xb7f8c000, 1624) = 0
22697 14:57:56.875503 close(4)          = 0
22697 14:57:56.875517 getuid32()        = 0
22697 14:57:56.875528 open("/etc/passwd", O_RDONLY|0x80000 /* O_??? */) = 4
22697 14:57:56.875541 _llseek(4, 0, [0], SEEK_CUR) = 0
22697 14:57:56.875552 fstat64(4, {st_mode=S_IFREG|0644, st_size=1624, ...}) = 0
22697 14:57:56.875602 mmap2(NULL, 1624, PROT_READ, MAP_SHARED, 4, 0) = 0xb7f8c000
22697 14:57:56.875615 _llseek(4, 1624, [1624], SEEK_SET) = 0
22697 14:57:56.875649 munmap(0xb7f8c000, 1624) = 0
22697 14:57:56.875660 close(4)          = 0
22697 14:57:56.875687 open("/proc/sys/kernel/ngroups_max", O_RDONLY) = 4
22697 14:57:56.875708 read(4, "65536\n", 31) = 6
22697 14:57:56.875721 close(4)          = 0
22697 14:57:56.875736 socket(PF_FILE, SOCK_STREAM, 0) = 4
22697 14:57:56.875749 fcntl64(4, F_SETFL, O_RDWR|O_NONBLOCK) = 0
22697 14:57:56.875760 connect(4, {sa_family=AF_FILE, path="/var/run/nscd/socket"}, 110) = -1 ENOENT (No such file or directory)
22697 14:57:56.875782 close(4)          = 0
22697 14:57:56.875795 socket(PF_FILE, SOCK_STREAM, 0) = 4
22697 14:57:56.875805 fcntl64(4, F_SETFL, O_RDWR|O_NONBLOCK) = 0
22697 14:57:56.875816 connect(4, {sa_family=AF_FILE, path="/var/run/nscd/socket"}, 110) = -1 ENOENT (No such file or directory)
22697 14:57:56.875835 close(4)          = 0
22697 14:57:56.875860 open("/etc/group", O_RDONLY|0x80000 /* O_??? */) = 4
22697 14:57:56.875875 _llseek(4, 0, [0], SEEK_CUR) = 0
22697 14:57:56.875886 fstat64(4, {st_mode=S_IFREG|0644, st_size=886, ...}) = 0
22697 14:57:56.875903 mmap2(NULL, 886, PROT_READ, MAP_SHARED, 4, 0) = 0xb7f8c000
22697 14:57:56.875915 _llseek(4, 886, [886], SEEK_SET) = 0
22697 14:57:56.875940 fstat64(4, {st_mode=S_IFREG|0644, st_size=886, ...}) = 0
22697 14:57:56.875958 munmap(0xb7f8c000, 886) = 0
22697 14:57:56.875968 close(4)          = 0
22697 14:57:56.875979 setgroups32(13, [1000, 4, 20, 24, 25, 29, 30, 44, 46, 107, 111, 112, 119]) = 0
22697 14:57:56.875995 geteuid32()       = 0
22697 14:57:56.876007 getegid32()       = 0
22697 14:57:56.876018 setregid32(-1, 1000) = 0
22697 14:57:56.876029 setreuid32(-1, 1000) = 0
22697 14:57:56.876040 chdir("/home/msfadmin") = 0
22697 14:57:56.876052 setreuid32(-1, 0) = 0
22697 14:57:56.876062 setregid32(-1, 0) = 0
22697 14:57:56.876072 setgid32(1000)    = 0
22697 14:57:56.876083 setuid32(1000)    = 0
22697 14:57:56.876093 setrlimit(RLIMIT_NPROC, {rlim_cur=0, rlim_max=0}) = 0
22697 14:57:56.876107 mmap2(NULL, 12288, PROT_READ|PROT_WRITE, MAP_PRIVATE|MAP_ANONYMOUS, -1, 0) = 0xb7f8a000
22697 14:57:56.876119 mprotect(0xb7f8c000, 4096, PROT_NONE) = 0
22697 14:57:56.876131 mprotect(0xb7f8a000, 4096, PROT_NONE) = 0
22697 14:57:56.876142 getcwd("/home/msfadmin", 4096) = 15
22697 14:57:56.876156 umask(022)        = 077
22697 14:57:56.876166 getcwd("/home/msfadmin", 4096) = 15
22697 14:57:56.876180 open(".message", O_RDONLY|O_NONBLOCK|O_LARGEFILE) = -1 ENOENT (No such file or directory)
22697 14:57:56.876203 write(0, "230 Login successful.\r\n", 23) = 23
22697 14:57:56.876285 rt_sigaction(SIGALRM, {0x805cad0, ~[RTMIN RT_1], 0}, NULL, 8) = 0
22697 14:57:56.876302 alarm(300)        = 0
22697 14:57:56.876313 mmap2(NULL, 12288, PROT_READ|PROT_WRITE, MAP_PRIVATE|MAP_ANONYMOUS, -1, 0) = 0xb7f87000
22697 14:57:56.876325 mprotect(0xb7f89000, 4096, PROT_NONE) = 0
22697 14:57:56.876337 mprotect(0xb7f87000, 4096, PROT_NONE) = 0
22697 14:57:56.876351 recv(0, "TYPE I\r\n", 4096, MSG_PEEK) = 8
22697 14:57:56.876364 read(0, "TYPE I\r\n", 8) = 8
22697 14:57:56.876382 write(0, "200 Switching to Binary mode.\r\n", 31) = 31
22697 14:57:56.876423 rt_sigaction(SIGALRM, {0x805cad0, ~[RTMIN RT_1], 0}, NULL, 8) = 0
22697 14:57:56.876438 alarm(300)        = 300
22697 14:57:56.876450 recv(0, "PASV\r\n", 4096, MSG_PEEK) = 6
22697 14:57:56.876461 read(0, "PASV\r\n", 6) = 6
22697 14:57:56.876474 write(5, "\n", 1) = 1
22697 14:57:56.876486 read(5,  <unfinished ...>
22695 14:57:56.876499 close(5)          = 0
22695 14:57:56.876512 getuid32()        = 0
22695 14:57:56.876527 open("/etc/passwd", O_RDONLY|0x80000 /* O_??? */) = 5
22695 14:57:56.876582 _llseek(5, 0, [0], SEEK_CUR) = 0
22695 14:57:56.876595 fstat64(5, {st_mode=S_IFREG|0644, st_size=1624, ...}) = 0
22695 14:57:56.876614 mmap2(NULL, 1624, PROT_READ, MAP_SHARED, 5, 0) = 0xb7f8c000
22695 14:57:56.876626 _llseek(5, 1624, [1624], SEEK_SET) = 0
22695 14:57:56.876644 munmap(0xb7f8c000, 1624) = 0
22695 14:57:56.876657 close(5)          = 0
22695 14:57:56.876673 setgroups32(0, []) = 0
22695 14:57:56.876685 chdir("/usr/share/empty") = 0
22695 14:57:56.876698 chroot(".")       = 0
22695 14:57:56.876709 capset(NULL, NULL) = -1 EFAULT (Bad address)
22695 14:57:56.876723 prctl(0x8, 0, 0xbfe6d908, 0x80549a6, 0xbfe6d8f0) = 0
22695 14:57:56.876735 prctl(0x8, 0x1, 0xbfe6d908, 0x8054a49, 0xbfe6d8f0) = 0
22695 14:57:56.876745 setgid32(65534)   = 0
22695 14:57:56.876755 setuid32(65534)   = 0
22695 14:57:56.876765 capset(0x19980330, 0, {CAP_NET_BIND_SERVICE, CAP_NET_BIND_SERVICE, 0}) = 0
22695 14:57:56.876778 read(4, "\n", 1)  = 1
22695 14:57:56.876792 write(4, "\1", 1) = 1
22697 14:57:56.876804 <... read resumed> "\1", 1) = 1
22697 14:57:56.876812 write(5, "\f", 1) = 1
22697 14:57:56.876823 read(5,  <unfinished ...>
22695 14:57:56.876830 read(4, "\f", 1)  = 1
22695 14:57:56.876843 socket(PF_INET, SOCK_STREAM, IPPROTO_TCP) = 5
22695 14:57:56.876857 setsockopt(5, SOL_SOCKET, SO_REUSEADDR, [1], 4) = 0
22695 14:57:56.876869 gettimeofday({1495652276, 876873}, NULL) = 0
22695 14:57:56.876886 bind(5, {sa_family=AF_INET, sin_port=htons(45714), sin_addr=inet_addr("127.0.0.1")}, 16) = 0
22695 14:57:56.876903 listen(5, 1)      = 0
22695 14:57:56.876917 write(4, "\222\262\0\0", 4) = 4
22697 14:57:56.876929 <... read resumed> "\222\262\0\0", 4) = 4
22697 14:57:56.876943 write(0, "227 Entering Passive Mode (127,0,0,1,178,146).\r\n", 48) = 48
22697 14:57:56.877056 rt_sigaction(SIGALRM, {0x805cad0, ~[RTMIN RT_1], 0}, NULL, 8) = 0
22697 14:57:56.877073 alarm(300)        = 300
22697 14:57:56.877085 recv(0, "RETR myfile8\r\n", 4096, MSG_PEEK) = 14
22697 14:57:56.877097 read(0, "RETR myfile8\r\n", 14) = 14
22697 14:57:56.877113 write(5, "\v", 1) = 1
22697 14:57:56.877124 read(5,  <unfinished ...>
22695 14:57:56.877132 read(4, "\v", 1)  = 1
22695 14:57:56.877143 write(4, "\1\0\0\0", 4) = 4
22697 14:57:56.877154 <... read resumed> "\1\0\0\0", 4) = 4
22697 14:57:56.877163 gettimeofday({1495652276, 877167}, NULL) = 0
22697 14:57:56.877175 getcwd("/home/msfadmin", 4096) = 15
22697 14:57:56.877188 open("myfile8", O_RDONLY|O_NONBLOCK|O_LARGEFILE) = 4
22697 14:57:56.877201 fcntl64(4, F_SETLKW64, {type=F_RDLCK, whence=SEEK_SET, start=0, len=0}, 0xbfe6d874) = 0
22697 14:57:56.877215 fstat64(4, {st_mode=S_IFREG|0644, st_size=17, ...}) = 0
22697 14:57:56.877232 fcntl64(4, F_GETFL) = 0x8800 (flags O_RDONLY|O_NONBLOCK|O_LARGEFILE)
22697 14:57:56.877243 fcntl64(4, F_SETFL, O_RDONLY|O_LARGEFILE) = 0
22697 14:57:56.877256 write(5, "\v", 1) = 1
22697 14:57:56.877267 read(5,  <unfinished ...>
22695 14:57:56.877274 read(4, "\v", 1)  = 1
22695 14:57:56.877285 write(4, "\1\0\0\0", 4) = 4
22697 14:57:56.877296 <... read resumed> "\1\0\0\0", 4) = 4
22697 14:57:56.877304 write(5, "\v", 1) = 1
22697 14:57:56.877314 read(5,  <unfinished ...>
22695 14:57:56.877321 read(4, "\v", 1)  = 1
22695 14:57:56.877332 write(4, "\1\0\0\0", 4) = 4
22697 14:57:56.877343 <... read resumed> "\1\0\0\0", 4) = 4
22697 14:57:56.877351 write(5, "\r", 1) = 1
22697 14:57:56.877362 read(5,  <unfinished ...>
22695 14:57:56.877368 read(4, "\r", 1)  = 1
22695 14:57:56.877381 select(6, [5], NULL, NULL, {60, 0}) = 1 (in [5], left {60, 0})
22695 14:57:56.877399 accept(5, {sa_family=AF_INET, sin_port=htons(49611), sin_addr=inet_addr("127.0.0.1")}, [16]) = 6
22695 14:57:56.877421 write(4, "\1", 1) = 1
22697 14:57:56.877432 <... read resumed> "\1", 1) = 1
22697 14:57:56.877442 recvmsg(5,  <unfinished ...>
22695 14:57:56.877452 sendmsg(4, {msg_name(0)=NULL, msg_iov(1)=[{"\0", 1}], msg_controllen=16, {cmsg_len=16, cmsg_level=SOL_SOCKET, cmsg_type=SCM_RIGHTS, {6}}, msg_flags=0}, 0) = 1
22697 14:57:56.877470 <... recvmsg resumed> {msg_name(0)=NULL, msg_iov(1)=[{"\0", 1}], msg_controllen=16, {cmsg_len=16, cmsg_level=SOL_SOCKET, cmsg_type=SCM_RIGHTS, {6}}, msg_flags=0}, 0) = 1
22697 14:57:56.877488 setsockopt(6, SOL_SOCKET, SO_KEEPALIVE, [1], 4) = 0
22697 14:57:56.877644 setsockopt(6, SOL_IP, IP_TOS, [8], 4) = 0
22697 14:57:56.877658 setsockopt(6, SOL_SOCKET, SO_LINGER, {onoff=1, linger=32767}, 8) = 0
22697 14:57:56.877679 rt_sigaction(SIGALRM, {0x805cad0, ~[RTMIN RT_1], 0}, NULL, 8) = 0
22697 14:57:56.877693 alarm(300)        = 300
22697 14:57:56.877707 write(0, "150 Opening BINARY mode data connection for myfile8 (17 bytes).\r\n", 65) = 65
22697 14:57:56.877751 _llseek(4, 0, [0], SEEK_CUR) = 0
22697 14:57:56.877764 fstat64(4, {st_mode=S_IFREG|0644, st_size=17, ...}) = 0
22697 14:57:56.877781 _llseek(4, 0, [0], SEEK_SET) = 0
22697 14:57:56.877795 sendfile(6, 4, NULL, 17) = 17
22697 14:57:56.877824 rt_sigaction(SIGALRM, {0x805cad0, ~[RTMIN RT_1], 0}, NULL, 8) = 0
22697 14:57:56.877839 alarm(300)        = 300
22697 14:57:56.877849 close(6)          = 0
22697 14:57:56.877858 alarm(0)          = 300
22697 14:57:56.877868 gettimeofday({1495652276, 877871}, NULL) = 0
22697 14:57:56.877885 getpid()          = 22697
22697 14:57:56.877898 gettimeofday({1495652276, 877902}, NULL) = 0
22697 14:57:56.877919 fcntl64(3, F_SETLKW64, {type=F_WRLCK, whence=SEEK_SET, start=0, len=0}, 0xbfe6d814) = 0
22697 14:57:56.877936 write(3, "Wed May 24 14:57:56 2017 [pid 22697] [msfadmin] OK DOWNLOAD: Client \"127.0.0.1\", \"/home/msfadmin/myfile8\", 17 bytes, 22.59Kbyte/sec\n", 132) = 132
22697 14:57:56.877956 fcntl64(3, F_SETLK64, {type=F_UNLCK, whence=SEEK_SET, start=0, len=0}, 0xbfe6d81c) = 0
22697 14:57:56.877971 write(0, "226 Transfer complete.\r\n", 24) = 24
22697 14:57:56.877987 write(5, "\n", 1) = 1
22697 14:57:56.877999 read(5,  <unfinished ...>
22695 14:57:56.878006 close(6)          = 0
22695 14:57:56.878087 read(4, "\n", 1)  = 1
22695 14:57:56.878101 close(5)          = 0
22695 14:57:56.878113 write(4, "\1", 1) = 1
22697 14:57:56.878124 <... read resumed> "\1", 1) = 1
22697 14:57:56.878132 close(4)          = 0
22697 14:57:56.878144 rt_sigaction(SIGALRM, {0x805cad0, ~[RTMIN RT_1], 0}, NULL, 8) = 0
22697 14:57:56.878158 alarm(300)        = 0
22697 14:57:56.878169 recv(0,  <unfinished ...>
22695 14:57:56.878177 read(4,  <unfinished ...>
22694 14:57:57.204345 <... recv resumed> "TYPE I\r\n", 4096, MSG_PEEK) = 8
22694 14:57:57.204377 read(0, "TYPE I\r\n", 8) = 8
22694 14:57:57.204399 write(0, "200 Switching to Binary mode.\r\n", 31) = 31
22694 14:57:57.204447 rt_sigaction(SIGALRM, {0x805cad0, ~[RTMIN RT_1], 0}, NULL, 8) = 0
22694 14:57:57.204465 alarm(300)        = 299
22694 14:57:57.204478 recv(0, "PASV\r\n", 4096, MSG_PEEK) = 6
22694 14:57:57.204490 read(0, "PASV\r\n", 6) = 6
22694 14:57:57.204502 write(5, "\n", 1 <unfinished ...>
22692 14:57:57.204514 <... read resumed> "\n", 1) = 1
22694 14:57:57.204520 <... write resumed> ) = 1
22692 14:57:57.204529 write(4, "\1", 1 <unfinished ...>
22694 14:57:57.204534 read(5,  <unfinished ...>
22692 14:57:57.204541 <... write resumed> ) = 1
22694 14:57:57.204545 <... read resumed> "\1", 1) = 1
22692 14:57:57.204554 read(4,  <unfinished ...>
22694 14:57:57.204559 write(5, "\f", 1 <unfinished ...>
22692 14:57:57.204566 <... read resumed> "\f", 1) = 1
22694 14:57:57.204571 <... write resumed> ) = 1
22692 14:57:57.204580 socket(PF_INET, SOCK_STREAM, IPPROTO_TCP <unfinished ...>
22694 14:57:57.204586 read(5,  <unfinished ...>
22692 14:57:57.204595 <... socket resumed> ) = 5
22692 14:57:57.204604 setsockopt(5, SOL_SOCKET, SO_REUSEADDR, [1], 4) = 0
22692 14:57:57.204619 bind(5, {sa_family=AF_INET, sin_port=htons(43230), sin_addr=inet_addr("127.0.0.1")}, 16) = 0
22692 14:57:57.204636 listen(5, 1)      = 0
22692 14:57:57.204650 write(4, "\336\250\0\0", 4 <unfinished ...>
22694 14:57:57.204659 <... read resumed> "\336\250\0\0", 4) = 4
22692 14:57:57.204664 <... write resumed> ) = 4
22694 14:57:57.204673 write(0, "227 Entering Passive Mode (127,0,0,1,168,222).\r\n", 48 <unfinished ...>
22692 14:57:57.204673 read(4,  <unfinished ...>
22694 14:57:57.204673 <... write resumed> ) = 48
22694 14:57:57.204673 rt_sigaction(SIGALRM, {0x805cad0, ~[RTMIN RT_1], 0}, NULL, 8) = 0
22694 14:57:57.204674 alarm(300)        = 300
22694 14:57:57.204687 recv(0, "STOR myfile26\r\n", 4096, MSG_PEEK) = 15
22694 14:57:57.204700 read(0, "STOR myfile26\r\n", 15) = 15
22694 14:57:57.204714 write(5, "\v", 1 <unfinished ...>
22692 14:57:57.204723 <... read resumed> "\v", 1) = 1
22694 14:57:57.204728 <... write resumed> ) = 1
22692 14:57:57.204735 write(4, "\1\0\0\0", 4 <unfinished ...>
22694 14:57:57.204741 read(5,  <unfinished ...>
22692 14:57:57.204748 <... write resumed> ) = 4
22694 14:57:57.204752 <... read resumed> "\1\0\0\0", 4) = 4
22692 14:57:57.204761 read(4,  <unfinished ...>
22694 14:57:57.204766 gettimeofday({1495652277, 204770}, NULL) = 0
22694 14:57:57.204778 getcwd("/home/msfadmin", 4096) = 15
22694 14:57:57.204791 open("myfile26", O_WRONLY|O_CREAT|O_NONBLOCK|O_LARGEFILE, 0666) = 4
22694 14:57:57.204806 fstat64(4, {st_mode=S_IFREG|0644, st_size=17, ...}) = 0
22694 14:57:57.204824 fcntl64(4, F_GETFL) = 0x8801 (flags O_WRONLY|O_NONBLOCK|O_LARGEFILE)
22694 14:57:57.204835 fcntl64(4, F_SETFL, O_WRONLY|O_LARGEFILE) = 0
22694 14:57:57.204845 fcntl64(4, F_SETLKW64, {type=F_WRLCK, whence=SEEK_SET, start=0, len=0}, 0xbfc8ae74) = 0
22694 14:57:57.204860 ftruncate64(4, 0) = 0
22694 14:57:57.204879 _llseek(4, 0, [0], SEEK_SET) = 0
22694 14:57:57.204890 write(5, "\v", 1 <unfinished ...>
22692 14:57:57.204898 <... read resumed> "\v", 1) = 1
22694 14:57:57.204903 <... write resumed> ) = 1
22692 14:57:57.204911 write(4, "\1\0\0\0", 4 <unfinished ...>
22694 14:57:57.204917 read(5,  <unfinished ...>
22692 14:57:57.204951 <... write resumed> ) = 4
22694 14:57:57.204958 <... read resumed> "\1\0\0\0", 4) = 4
22692 14:57:57.204966 read(4,  <unfinished ...>
22694 14:57:57.204974 write(5, "\v", 1 <unfinished ...>
22692 14:57:57.204991 <... read resumed> "\v", 1) = 1
22694 14:57:57.204996 <... write resumed> ) = 1
22692 14:57:57.205002 write(4, "\1\0\0\0", 4) = 4
22694 14:57:57.205014 read(5,  <unfinished ...>
22692 14:57:57.205019 read(4,  <unfinished ...>
22694 14:57:57.205025 <... read resumed> "\1\0\0\0", 4) = 4
22694 14:57:57.205033 write(5, "\r", 1 <unfinished ...>
22692 14:57:57.205041 <... read resumed> "\r", 1) = 1
22694 14:57:57.205046 <... write resumed> ) = 1
22692 14:57:57.205053 select(6, [5], NULL, NULL, {60, 0} <unfinished ...>
22694 14:57:57.205064 read(5,  <unfinished ...>
22692 14:57:57.205068 <... select resumed> ) = 1 (in [5], left {60, 0})
22692 14:57:57.205078 accept(5, {sa_family=AF_INET, sin_port=htons(35592), sin_addr=inet_addr("127.0.0.1")}, [16]) = 6
22692 14:57:57.205101 write(4, "\1", 1 <unfinished ...>
22694 14:57:57.205110 <... read resumed> "\1", 1) = 1
22692 14:57:57.205115 <... write resumed> ) = 1
22694 14:57:57.205124 recvmsg(5,  <unfinished ...>
22692 14:57:57.205130 sendmsg(4, {msg_name(0)=NULL, msg_iov(1)=[{"\0", 1}], msg_controllen=16, {cmsg_len=16, cmsg_level=SOL_SOCKET, cmsg_type=SCM_RIGHTS, {6}}, msg_flags=0}, 0 <unfinished ...>
22694 14:57:57.205144 <... recvmsg resumed> {msg_name(0)=NULL, msg_iov(1)=[{"\0", 1}], msg_controllen=16, {cmsg_len=16, cmsg_level=SOL_SOCKET, cmsg_type=SCM_RIGHTS, {6}}, msg_flags=0}, 0) = 1
22692 14:57:57.205155 <... sendmsg resumed> ) = 1
22694 14:57:57.205163 setsockopt(6, SOL_SOCKET, SO_KEEPALIVE, [1], 4 <unfinished ...>
22692 14:57:57.205169 close(6 <unfinished ...>
22694 14:57:57.205176 <... setsockopt resumed> ) = 0
22692 14:57:57.205180 <... close resumed> ) = 0
22694 14:57:57.205188 setsockopt(6, SOL_IP, IP_TOS, [8], 4 <unfinished ...>
22692 14:57:57.205194 read(4,  <unfinished ...>
22694 14:57:57.205200 <... setsockopt resumed> ) = 0
22694 14:57:57.205208 setsockopt(6, SOL_SOCKET, SO_LINGER, {onoff=1, linger=32767}, 8) = 0
22694 14:57:57.205220 rt_sigaction(SIGALRM, {0x805cad0, ~[RTMIN RT_1], 0}, NULL, 8) = 0
22694 14:57:57.205233 alarm(300)        = 300
22694 14:57:57.205246 write(0, "150 Ok to send data.\r\n", 22) = 22
22694 14:57:57.205314 read(6, "assasaaa\na\na\na\na\n", 65536) = 17
22694 14:57:57.205329 write(4, "assasaaa\na\na\na\na\n", 17) = 17
22694 14:57:57.205353 read(6, "", 65536) = 0
22694 14:57:57.205364 rt_sigaction(SIGALRM, {0x805cad0, ~[RTMIN RT_1], 0}, NULL, 8) = 0
22694 14:57:57.205378 alarm(300)        = 300
22694 14:57:57.205389 close(6)          = 0
22694 14:57:57.205406 alarm(0)          = 300
22694 14:57:57.205416 gettimeofday({1495652277, 205446}, NULL) = 0
22694 14:57:57.205461 gettimeofday({1495652277, 205475}, NULL) = 0
22694 14:57:57.205486 fcntl64(3, F_SETLKW64, {type=F_WRLCK, whence=SEEK_SET, start=0, len=0}, 0xbfc8ae14) = 0
22694 14:57:57.205501 write(3, "Wed May 24 14:57:57 2017 [pid 22694] [msfadmin] OK UPLOAD: Client \"127.0.0.1\", \"/home/msfadmin/myfile26\", 17 bytes, 23.55Kbyte/sec\n", 131) = 131
22694 14:57:57.205523 fcntl64(3, F_SETLK64, {type=F_UNLCK, whence=SEEK_SET, start=0, len=0}, 0xbfc8ae1c) = 0
22694 14:57:57.205538 write(0, "226 Transfer complete.\r\n", 24) = 24
22694 14:57:57.205584 write(5, "\n", 1 <unfinished ...>
22692 14:57:57.205594 <... read resumed> "\n", 1) = 1
22694 14:57:57.205599 <... write resumed> ) = 1
22692 14:57:57.205605 close(5)          = 0
22692 14:57:57.205618 write(4, "\1", 1) = 1
22692 14:57:57.205629 read(4,  <unfinished ...>
22694 14:57:57.205636 read(5, "\1", 1)  = 1
22694 14:57:57.205648 close(4)          = 0
22694 14:57:57.205659 rt_sigaction(SIGALRM, {0x805cad0, ~[RTMIN RT_1], 0}, NULL, 8) = 0
22694 14:57:57.205673 alarm(300)        = 0
22694 14:57:57.205685 recv(0,  <unfinished ...>
22697 14:57:57.414353 <... recv resumed> "QUIT\r\n", 4096, MSG_PEEK) = 6
22697 14:57:57.414392 read(0, "QUIT\r\n", 6) = 6
22697 14:57:57.414415 shutdown(0, 0 /* receive */) = 0
22697 14:57:57.414430 fcntl64(0, F_GETFL) = 0x2 (flags O_RDWR)
22697 14:57:57.414442 fcntl64(0, F_SETFL, O_RDWR|O_NONBLOCK) = 0
22697 14:57:57.414452 write(0, "221 Goodbye.\r\n", 14) = 14
22697 14:57:57.414518 fcntl64(0, F_GETFL) = 0x802 (flags O_RDWR|O_NONBLOCK)
22697 14:57:57.414531 fcntl64(0, F_SETFL, O_RDWR) = 0
22697 14:57:57.414541 shutdown(0, 2 /* send and receive */) = 0
22697 14:57:57.414562 exit_group(0)     = ?
22695 14:57:57.414612 <... read resumed> 0xbfe6d907, 1) = ? ERESTARTSYS (To be restarted)
22695 14:57:57.414620 --- SIGCHLD (Child exited) @ 0 (0) ---
22695 14:57:57.414632 alarm(1)          = 0
22695 14:57:57.414643 sigreturn()       = ? (mask now [])
22695 14:57:57.414660 alarm(0)          = 1
22695 14:57:57.414670 wait4(-1, [{WIFEXITED(s) && WEXITSTATUS(s) == 0}], 0, NULL) = 22697
22695 14:57:57.414685 exit_group(0)     = ?
4380  14:57:57.414724 <... select resumed> ) = ? ERESTARTNOHAND (To be restarted)
4380  14:57:57.414731 --- SIGCHLD (Child exited) @ 0 (0) ---
4380  14:57:57.414739 write(4, "\21", 1) = 1
4380  14:57:57.415294 sigreturn()       = ? (mask now [])
4380  14:57:57.415328 select(13, [3 5 6 8 9 10 11 12], NULL, NULL, NULL) = 1 (in [3])
4380  14:57:57.415347 ioctl(3, FIONREAD, [1]) = 0
4380  14:57:57.415361 read(3, "\21", 1) = 1
4380  14:57:57.415375 waitpid(-1, [{WIFEXITED(s) && WEXITSTATUS(s) == 0}], WNOHANG) = 22695
4380  14:57:57.415393 close(-1)         = -1 EBADF (Bad file descriptor)
4380  14:57:57.415409 waitpid(-1, 0xbf9d5dbc, WNOHANG) = 0
4380  14:57:57.415420 select(13, [3 5 6 8 9 10 11 12], NULL, NULL, NULL <unfinished ...>
22694 14:57:57.714491 <... recv resumed> "TYPE I\r\n", 4096, MSG_PEEK) = 8
22694 14:57:57.714522 read(0, "TYPE I\r\n", 8) = 8
22694 14:57:57.714544 write(0, "200 Switching to Binary mode.\r\n", 31) = 31
22694 14:57:57.714592 rt_sigaction(SIGALRM, {0x805cad0, ~[RTMIN RT_1], 0}, NULL, 8) = 0
22694 14:57:57.714610 alarm(300)        = 299
22694 14:57:57.714623 recv(0, "PASV\r\n", 4096, MSG_PEEK) = 6
22694 14:57:57.714635 read(0, "PASV\r\n", 6) = 6
22694 14:57:57.714648 write(5, "\n", 1 <unfinished ...>
22692 14:57:57.714659 <... read resumed> "\n", 1) = 1
22694 14:57:57.714665 <... write resumed> ) = 1
22692 14:57:57.714674 write(4, "\1", 1 <unfinished ...>
22694 14:57:57.714680 read(5,  <unfinished ...>
22692 14:57:57.714687 <... write resumed> ) = 1
22694 14:57:57.714691 <... read resumed> "\1", 1) = 1
22692 14:57:57.714699 read(4,  <unfinished ...>
22694 14:57:57.714704 write(5, "\f", 1 <unfinished ...>
22692 14:57:57.714719 <... read resumed> "\f", 1) = 1
22694 14:57:57.714725 <... write resumed> ) = 1
22692 14:57:57.714734 socket(PF_INET, SOCK_STREAM, IPPROTO_TCP <unfinished ...>
22694 14:57:57.714739 read(5,  <unfinished ...>
22692 14:57:57.714749 <... socket resumed> ) = 5
22692 14:57:57.714757 setsockopt(5, SOL_SOCKET, SO_REUSEADDR, [1], 4) = 0
22692 14:57:57.714772 bind(5, {sa_family=AF_INET, sin_port=htons(25221), sin_addr=inet_addr("127.0.0.1")}, 16) = 0
22692 14:57:57.714789 listen(5, 1)      = 0
22692 14:57:57.714803 write(4, "\205b\0\0", 4 <unfinished ...>
22694 14:57:57.714812 <... read resumed> "\205b\0\0", 4) = 4
22692 14:57:57.714818 <... write resumed> ) = 4
22694 14:57:57.714830 write(0, "227 Entering Passive Mode (127,0,0,1,98,133).\r\n", 47 <unfinished ...>
22692 14:57:57.715510 read(4,  <unfinished ...>
22694 14:57:57.715614 <... write resumed> ) = 47
22694 14:57:57.715627 rt_sigaction(SIGALRM, {0x805cad0, ~[RTMIN RT_1], 0}, NULL, 8) = 0
22694 14:57:57.715642 alarm(300)        = 300
22694 14:57:57.715654 recv(0, "STOR myfile27\r\n", 4096, MSG_PEEK) = 15
22694 14:57:57.715667 read(0, "STOR myfile27\r\n", 15) = 15
22694 14:57:57.715681 write(5, "\v", 1 <unfinished ...>
22692 14:57:57.715690 <... read resumed> "\v", 1) = 1
22694 14:57:57.715695 <... write resumed> ) = 1
22692 14:57:57.715702 write(4, "\1\0\0\0", 4 <unfinished ...>
22694 14:57:57.715708 read(5,  <unfinished ...>
22692 14:57:57.715714 <... write resumed> ) = 4
22694 14:57:57.715719 <... read resumed> "\1\0\0\0", 4) = 4
22692 14:57:57.715752 read(4,  <unfinished ...>
22694 14:57:57.715761 gettimeofday({1495652277, 715766}, NULL) = 0
22694 14:57:57.715784 getcwd("/home/msfadmin", 4096) = 15
22694 14:57:57.715797 open("myfile27", O_WRONLY|O_CREAT|O_NONBLOCK|O_LARGEFILE, 0666) = 4
22694 14:57:57.715812 fstat64(4, {st_mode=S_IFREG|0644, st_size=17, ...}) = 0
22694 14:57:57.715830 fcntl64(4, F_GETFL) = 0x8801 (flags O_WRONLY|O_NONBLOCK|O_LARGEFILE)
22694 14:57:57.715842 fcntl64(4, F_SETFL, O_WRONLY|O_LARGEFILE) = 0
22694 14:57:57.715852 fcntl64(4, F_SETLKW64, {type=F_WRLCK, whence=SEEK_SET, start=0, len=0}, 0xbfc8ae74) = 0
22694 14:57:57.715866 ftruncate64(4, 0) = 0
22694 14:57:57.715885 _llseek(4, 0, [0], SEEK_SET) = 0
22694 14:57:57.715896 write(5, "\v", 1 <unfinished ...>
22692 14:57:57.715905 <... read resumed> "\v", 1) = 1
22694 14:57:57.715910 <... write resumed> ) = 1
22692 14:57:57.715917 write(4, "\1\0\0\0", 4 <unfinished ...>
22694 14:57:57.715923 read(5,  <unfinished ...>
22692 14:57:57.715930 <... write resumed> ) = 4
22694 14:57:57.715934 <... read resumed> "\1\0\0\0", 4) = 4
22692 14:57:57.715942 read(4,  <unfinished ...>
22694 14:57:57.715947 write(5, "\v", 1 <unfinished ...>
22692 14:57:57.715954 <... read resumed> "\v", 1) = 1
22694 14:57:57.715959 <... write resumed> ) = 1
22692 14:57:57.715966 write(4, "\1\0\0\0", 4 <unfinished ...>
22694 14:57:57.715972 read(5,  <unfinished ...>
22692 14:57:57.715978 <... write resumed> ) = 4
22694 14:57:57.715982 <... read resumed> "\1\0\0\0", 4) = 4
22692 14:57:57.715990 read(4,  <unfinished ...>
22694 14:57:57.715995 write(5, "\r", 1 <unfinished ...>
22692 14:57:57.716002 <... read resumed> "\r", 1) = 1
22694 14:57:57.716007 <... write resumed> ) = 1
22692 14:57:57.716015 select(6, [5], NULL, NULL, {60, 0} <unfinished ...>
22694 14:57:57.716022 read(5,  <unfinished ...>
22692 14:57:57.716029 <... select resumed> ) = 1 (in [5], left {60, 0})
22692 14:57:57.716039 accept(5, {sa_family=AF_INET, sin_port=htons(42009), sin_addr=inet_addr("127.0.0.1")}, [16]) = 6
22692 14:57:57.716062 write(4, "\1", 1 <unfinished ...>
22694 14:57:57.716070 <... read resumed> "\1", 1) = 1
22692 14:57:57.716075 <... write resumed> ) = 1
22694 14:57:57.716084 recvmsg(5,  <unfinished ...>
22692 14:57:57.716090 sendmsg(4, {msg_name(0)=NULL, msg_iov(1)=[{"\0", 1}], msg_controllen=16, {cmsg_len=16, cmsg_level=SOL_SOCKET, cmsg_type=SCM_RIGHTS, {6}}, msg_flags=0}, 0 <unfinished ...>
22694 14:57:57.716104 <... recvmsg resumed> {msg_name(0)=NULL, msg_iov(1)=[{"\0", 1}], msg_controllen=16, {cmsg_len=16, cmsg_level=SOL_SOCKET, cmsg_type=SCM_RIGHTS, {6}}, msg_flags=0}, 0) = 1
22692 14:57:57.716118 <... sendmsg resumed> ) = 1
22694 14:57:57.716127 setsockopt(6, SOL_SOCKET, SO_KEEPALIVE, [1], 4 <unfinished ...>
22692 14:57:57.716133 close(6 <unfinished ...>
22694 14:57:57.716140 <... setsockopt resumed> ) = 0
22692 14:57:57.716144 <... close resumed> ) = 0
22694 14:57:57.716152 setsockopt(6, SOL_IP, IP_TOS, [8], 4 <unfinished ...>
22692 14:57:57.716158 read(4,  <unfinished ...>
22694 14:57:57.716165 <... setsockopt resumed> ) = 0
22694 14:57:57.716173 setsockopt(6, SOL_SOCKET, SO_LINGER, {onoff=1, linger=32767}, 8) = 0
22694 14:57:57.716184 rt_sigaction(SIGALRM, {0x805cad0, ~[RTMIN RT_1], 0}, NULL, 8) = 0
22694 14:57:57.716198 alarm(300)        = 300
22694 14:57:57.716211 write(0, "150 Ok to send data.\r\n", 22) = 22
22694 14:57:57.716276 read(6, "assasaaa\na\na\na\na\n", 65536) = 17
22694 14:57:57.716291 write(4, "assasaaa\na\na\na\na\n", 17) = 17
22694 14:57:57.716307 read(6, "", 65536) = 0
22694 14:57:57.716318 rt_sigaction(SIGALRM, {0x805cad0, ~[RTMIN RT_1], 0}, NULL, 8) = 0
22694 14:57:57.716332 alarm(300)        = 300
22694 14:57:57.716342 close(6)          = 0
22694 14:57:57.716359 alarm(0)          = 300
22694 14:57:57.716369 gettimeofday({1495652277, 716373}, NULL) = 0
22694 14:57:57.716385 gettimeofday({1495652277, 716390}, NULL) = 0
22694 14:57:57.716400 fcntl64(3, F_SETLKW64, {type=F_WRLCK, whence=SEEK_SET, start=0, len=0}, 0xbfc8ae14) = 0
22694 14:57:57.716415 write(3, "Wed May 24 14:57:57 2017 [pid 22694] [msfadmin] OK UPLOAD: Client \"127.0.0.1\", \"/home/msfadmin/myfile27\", 17 bytes, 26.61Kbyte/sec\n", 131) = 131
22694 14:57:57.716437 fcntl64(3, F_SETLK64, {type=F_UNLCK, whence=SEEK_SET, start=0, len=0}, 0xbfc8ae1c) = 0
22694 14:57:57.716452 write(0, "226 Transfer complete.\r\n", 24) = 24
22694 14:57:57.716495 write(5, "\n", 1 <unfinished ...>
22692 14:57:57.716505 <... read resumed> "\n", 1) = 1
22694 14:57:57.716510 <... write resumed> ) = 1
22692 14:57:57.716516 close(5 <unfinished ...>
22694 14:57:57.716525 read(5,  <unfinished ...>
22692 14:57:57.716529 <... close resumed> ) = 0
22692 14:57:57.716536 write(4, "\1", 1 <unfinished ...>
22694 14:57:57.716544 <... read resumed> "\1", 1) = 1
22692 14:57:57.716549 <... write resumed> ) = 1
22694 14:57:57.716556 close(4 <unfinished ...>
22692 14:57:57.716561 read(4,  <unfinished ...>
22694 14:57:57.716567 <... close resumed> ) = 0
22694 14:57:57.716574 rt_sigaction(SIGALRM, {0x805cad0, ~[RTMIN RT_1], 0}, NULL, 8) = 0
22694 14:57:57.716588 alarm(300)        = 0
22694 14:57:57.716599 recv(0,  <unfinished ...>
4380  14:57:58.014480 <... select resumed> ) = 1 (in [5])
4380  14:57:58.014520 accept(5, {sa_family=AF_INET, sin_port=htons(46741), sin_addr=inet_addr("127.0.0.1")}, [16]) = 13
4380  14:57:58.014572 time(NULL)        = 1495652278
4380  14:57:58.014586 clone(child_stack=0, flags=CLONE_CHILD_CLEARTID|CLONE_CHILD_SETTID|SIGCHLD, child_tidptr=0xb7dd26f8) = 22698
22698 14:57:58.014694 rt_sigaction(SIGPIPE, {SIG_DFL}, {SIG_IGN}, 8) = 0
22698 14:57:58.014711 rt_sigaction(SIGTSTP, {SIG_DFL}, {SIG_IGN}, 8) = 0
22698 14:57:58.014723 rt_sigaction(SIGTTIN, {SIG_DFL}, {SIG_IGN}, 8) = 0
22698 14:57:58.014736 rt_sigaction(SIGTTOU, {SIG_DFL}, {SIG_IGN}, 8) = 0
22698 14:57:58.014751 rt_sigprocmask(SIG_SETMASK, [], NULL, 8) = 0
22698 14:57:58.014765 close(3)          = 0
22698 14:57:58.014775 close(4)          = 0
22698 14:57:58.015537 open("/dev/null", O_RDONLY) = 3
22698 14:57:58.015555 dup2(3, 0)        = 0
22698 14:57:58.015566 dup2(3, 1)        = 1
22698 14:57:58.015575 dup2(3, 2)        = 2
22698 14:57:58.015584 close(3)          = 0
22698 14:57:58.015596 setgid32(0)       = 0
22698 14:57:58.015610 setgroups32(0, []) = 0
22698 14:57:58.015621 setuid32(0)       = 0
22698 14:57:58.015633 getpriority(PRIO_PROCESS, 0) = 20
22698 14:57:58.015643 setpriority(PRIO_PROCESS, 0, 10) = 0
22698 14:57:58.015652 getpriority(PRIO_PROCESS, 0) = 10
22698 14:57:58.015690 getpeername(13, {sa_family=AF_INET, sin_port=htons(46741), sin_addr=inet_addr("127.0.0.1")}, [16]) = 0
22698 14:57:58.015722 getsockname(13, {sa_family=AF_INET, sin_port=htons(21), sin_addr=inet_addr("127.0.0.1")}, [16]) = 0
22698 14:57:58.015753 open("/etc/hosts.allow", O_RDONLY) = 3
22698 14:57:58.015774 fstat64(3, {st_mode=S_IFREG|0644, st_size=588, ...}) = 0
22698 14:57:58.015794 mmap2(NULL, 4096, PROT_READ|PROT_WRITE, MAP_PRIVATE|MAP_ANONYMOUS, -1, 0) = 0xb7fa1000
22698 14:57:58.015809 read(3, "# /etc/hosts.allow: list of hosts that are allowed to access the system.\n#                   See the manual pages hosts_access(5) and hosts_options(5).\n#\n# Example:    ALL: LOCAL @some_netgroup\n#             ALL: .foobar.edu EXCEPT terminalserver.foobar.edu\n#\n# If you\'re going to protect the portmapper use the name \"portmap\" for the\n# daemon name. Remember that you can only use the keyword \"ALL\" and IP\n# addresses (NOT host or domain names) for the portmapper, as well as for\n# rpc.mountd (the NFS mount daemon). See portmap(8) and rpc.mountd(8)\n# for further information.\n#\n\nALL:ALL\n", 4096) = 588
22698 14:57:58.015882 close(3)          = 0
22698 14:57:58.015893 munmap(0xb7fa1000, 4096) = 0
22698 14:57:58.015956 fcntl64(13, F_SETFD, 0) = 0
22698 14:57:58.015983 close(7)          = 0
22698 14:57:58.015994 dup2(13, 0)       = 0
22698 14:57:58.016004 dup2(13, 1)       = 1
22698 14:57:58.016013 dup2(13, 2)       = 2
22698 14:57:58.016023 setrlimit(RLIMIT_NOFILE, {rlim_cur=1024, rlim_max=1024}) = 0
22698 14:57:58.016035 close(13)         = 0
22698 14:57:58.016045 setsid()          = 22698
22698 14:57:58.016056 execve("/usr/sbin/vsftpd", ["vsftpd"], [/* 15 vars */]) = 0
22698 14:57:58.016137 brk(0)            = 0x8064000
22698 14:57:58.016159 access("/etc/ld.so.nohwcap", F_OK) = -1 ENOENT (No such file or directory)
22698 14:57:58.016177 mmap2(NULL, 8192, PROT_READ|PROT_WRITE, MAP_PRIVATE|MAP_ANONYMOUS, -1, 0) = 0xb7f21000
22698 14:57:58.016191 access("/etc/ld.so.preload", R_OK) = -1 ENOENT (No such file or directory)
22698 14:57:58.016208 open("/etc/ld.so.cache", O_RDONLY) = 3
22698 14:57:58.016221 fstat64(3, {st_mode=S_IFREG|0644, st_size=29913, ...}) = 0
22698 14:57:58.016239 mmap2(NULL, 29913, PROT_READ, MAP_PRIVATE, 3, 0) = 0xb7f19000
22698 14:57:58.016250 close(3)          = 0
22698 14:57:58.016261 access("/etc/ld.so.nohwcap", F_OK) = -1 ENOENT (No such file or directory)
22698 14:57:58.016277 open("/lib/libpam.so.0", O_RDONLY) = 3
22698 14:57:58.016291 read(3, "\177ELF\1\1\1\0\0\0\0\0\0\0\0\0\3\0\3\0\1\0\0\0\320\30\0\0004\0\0\0\f\220\0\0\0\0\0\0004\0 \0\4\0(\0\33\0\32\0\1\0\0\0\0\0\0\0\0\0\0\0\0\0\0\0t\214\0\0t\214\0\0\5\0\0\0\0\20\0\0\1\0\0\0t\214\0\0t\234\0\0t\234\0\0\250\2\0\0\254\2\0\0\6\0\0\0\0\20\0\0\2\0\0\0D\215\0\0D\235\0\0D\235\0\0\350\0\0\0\350\0\0\0\6\0\0\0\4\0\0\0Q\345td\0\0\0\0\0\0\0\0\0\0\0\0\0\0\0\0\0\0\0\0\6\0\0\0\4\0\0\0\254\0\0\0X\0\0\0D\0\0\0\0\0\0\0G\0\0\0\7\0\0\0*\0\0\0\v\0\0\0\36\0\0\0\0\0\0\0K\0\0\0L\0\0\0\34\0\0\0\0\0\0\0\0\0\0\0V\0\0\0\0\0\0\0\0\0\0\0\21\0\0\0\33\0\0\0\0\0\0\0\0\0\0\0\0\0\0\0>\0\0\0O\0\0\0\0\0\0\0\0\0\0\0\0\0\0\0\2\0\0\0\0\0\0\0\0\0\0\0P\0\0\0R\0\0\0\0\0\0\0A\0\0\0?\0\0\0\0\0\0\0\0\0\0\0;\0\0\0\r\0\0\0\0\0\0\0\0\0\0\0\0\0\0\0006\0\0\0(\0\0\0\0\0\0\0.\0\0\0\16\0\0\0,\0\0\0\0\0\0\0!\0\0\0\30\0\0\0\0\0\0\0\0\0\0\0\0\0\0\0\0\0\0\0\0\0\0\0\31\0\0\0\0\0\0\0<\0\0\0W\0\0\0+\0\0\0M\0\0\0\0\0\0\0\0\0\0\0&\0\0\0\0\0\0\0N\0\0\0\0\0\0\0\0\0\0\0\27\0\0\0\0\0\0\0\0\0\0\0\0\0\0\0001\0\0\0%\0\0\0\35\0\0\0\0\0\0\0/\0\0\0\0\0\0\0\0\0\0\0\0\0\0\0B\0\0\0", 512) = 512
22698 14:57:58.016381 fstat64(3, {st_mode=S_IFREG|0644, st_size=37956, ...}) = 0
22698 14:57:58.016399 mmap2(NULL, 40736, PROT_READ|PROT_EXEC, MAP_PRIVATE|MAP_DENYWRITE, 3, 0) = 0xb7f0f000
22698 14:57:58.016412 mmap2(0xb7f18000, 4096, PROT_READ|PROT_WRITE, MAP_PRIVATE|MAP_FIXED|MAP_DENYWRITE, 3, 0x8) = 0xb7f18000
22698 14:57:58.016428 close(3)          = 0
22698 14:57:58.016440 access("/etc/ld.so.nohwcap", F_OK) = -1 ENOENT (No such file or directory)
22698 14:57:58.016455 open("/lib/tls/i686/cmov/libdl.so.2", O_RDONLY) = 3
22698 14:57:58.016471 read(3, "\177ELF\1\1\1\0\0\0\0\0\0\0\0\0\3\0\3\0\1\0\0\0p\n\0\0004\0\0\0L!\0\0\0\0\0\0004\0 \0\10\0(\0\35\0\34\0\6\0\0\0004\0\0\0004\0\0\0004\0\0\0\0\1\0\0\0\1\0\0\5\0\0\0\4\0\0\0\3\0\0\0003\33\0\0003\33\0\0003\33\0\0\23\0\0\0\23\0\0\0\4\0\0\0\1\0\0\0\1\0\0\0\0\0\0\0\0\0\0\0\0\0\0\0\374\34\0\0\374\34\0\0\5\0\0\0\0\20\0\0\1\0\0\0\264\36\0\0\264.\0\0\264.\0\0\230\1\0\0\310\1\0\0\6\0\0\0\0\20\0\0\2\0\0\0\320\36\0\0\320.\0\0\320.\0\0\370\0\0\0\370\0\0\0\6\0\0\0\4\0\0\0\4\0\0\0004\1\0\0004\1\0\0004\1\0\0 \0\0\0 \0\0\0\4\0\0\0\4\0\0\0Q\345td\0\0\0\0\0\0\0\0\0\0\0\0\0\0\0\0\0\0\0\0\6\0\0\0\4\0\0\0R\345td\264\36\0\0\264.\0\0\264.\0\0@\1\0\0@\1\0\0\4\0\0\0\1\0\0\0\4\0\0\0\20\0\0\0\1\0\0\0GNU\0\0\0\0\0\2\0\0\0\6\0\0\0\10\0\0\0\26\0\0\0\31\0\0\0\4\0\0\0\7\0\0\0\230\0\21\0\0B\0\0\202\0`\10\223(\10\336\31\0\0\0\0\0\0\0\0\0\0\0\0\0\0\0\32\0\0\0\0\0\0\0\33\0\0\0\34\0\0\0\0\0\0\0\36\0\0\0\0\0\0\0\0\0\0\0\37\0\0\0!\0\0\0\"\0\0\0\0\0\0\0\0\0\0\0#\0\0\0%\0\0\0&\0\0\0\0\0\0\0(\0\0\0\221!\374\370\225\263_\31\5\350\7\371\6\2\4\371\7\2\4\371\301S\200\30\256\304M\17a\242\222\6\325=l\366\327=l\366\370\31sB\353\26\251\30\373\31sB", 512) = 512
22698 14:57:58.016562 fstat64(3, {st_mode=S_IFREG|0644, st_size=9684, ...}) = 0
22698 14:57:58.016580 mmap2(NULL, 12412, PROT_READ|PROT_EXEC, MAP_PRIVATE|MAP_DENYWRITE, 3, 0) = 0xb7f0b000
22698 14:57:58.016592 mmap2(0xb7f0d000, 8192, PROT_READ|PROT_WRITE, MAP_PRIVATE|MAP_FIXED|MAP_DENYWRITE, 3, 0x1) = 0xb7f0d000
22698 14:57:58.016609 close(3)          = 0
22698 14:57:58.016622 access("/etc/ld.so.nohwcap", F_OK) = -1 ENOENT (No such file or directory)
22698 14:57:58.016636 open("/lib/tls/i686/cmov/libnsl.so.1", O_RDONLY) = 3
22698 14:57:58.016651 read(3, "\177ELF\1\1\1\0\0\0\0\0\0\0\0\0\3\0\3\0\1\0\0\00001\0\0004\0\0\0\234B\1\0\0\0\0\0004\0 \0\10\0(\0\34\0\33\0\6\0\0\0004\0\0\0004\0\0\0004\0\0\0\0\1\0\0\0\1\0\0\5\0\0\0\4\0\0\0\3\0\0\0\340,\1\0\340,\1\0\340,\1\0\23\0\0\0\23\0\0\0\4\0\0\0\1\0\0\0\1\0\0\0\0\0\0\0\0\0\0\0\0\0\0\0\3407\1\0\3407\1\0\5\0\0\0\0\20\0\0\1\0\0\0\300>\1\0\300N\1\0\300N\1\0\350\2\0\0()\0\0\6\0\0\0\0\20\0\0\2\0\0\0\324>\1\0\324N\1\0\324N\1\0\340\0\0\0\340\0\0\0\6\0\0\0\4\0\0\0\4\0\0\0004\1\0\0004\1\0\0004\1\0\0 \0\0\0 \0\0\0\4\0\0\0\4\0\0\0Q\345td\0\0\0\0\0\0\0\0\0\0\0\0\0\0\0\0\0\0\0\0\6\0\0\0\4\0\0\0R\345td\300>\1\0\300N\1\0\300N\1\0004\1\0\0004\1\0\0\4\0\0\0\1\0\0\0\4\0\0\0\20\0\0\0\1\0\0\0GNU\0\0\0\0\0\2\0\0\0\6\0\0\0\10\0\0\0\374\0\0\0q\0\0\0 \0\0\0\n\0\0\0\1\1$\232 \'Q\0@ \0\0\f\1\1\n\1\n\0\0\240:X\0@\1\16$\10\4\200\n`\260\23 @\24\21\20@\3442\324\4H\346\0\1`\3@\260\272\2019\30\235\340\0\0\332\200\0044\2\201J\20{\203+\200\22 d\21\1\0\2\200\306 d`A\n\4\4\4\v\4PD@\200\20\0\22 \4\340@\1\32 \4\2\20\10\0\0\204\260\200\0\340\23\0\212$\0\206\210\0\2`@q\0\0\0\0\0\0\0\0\0\0\0r\0\0\0\0\0\0\0t\0\0\0\0\0\0\0", 512) = 512
22698 14:57:58.016736 fstat64(3, {st_mode=S_IFREG|0644, st_size=83708, ...}) = 0
22698 14:57:58.016753 mmap2(NULL, 4096, PROT_READ|PROT_WRITE, MAP_PRIVATE|MAP_ANONYMOUS, -1, 0) = 0xb7f0a000
22698 14:57:58.016766 mmap2(NULL, 96232, PROT_READ|PROT_EXEC, MAP_PRIVATE|MAP_DENYWRITE, 3, 0) = 0xb7ef2000
22698 14:57:58.016778 mmap2(0xb7f06000, 8192, PROT_READ|PROT_WRITE, MAP_PRIVATE|MAP_FIXED|MAP_DENYWRITE, 3, 0x13) = 0xb7f06000
22698 14:57:58.016793 mmap2(0xb7f08000, 6120, PROT_READ|PROT_WRITE, MAP_PRIVATE|MAP_FIXED|MAP_ANONYMOUS, -1, 0) = 0xb7f08000
22698 14:57:58.016809 close(3)          = 0
22698 14:57:58.016822 access("/etc/ld.so.nohwcap", F_OK) = -1 ENOENT (No such file or directory)
22698 14:57:58.016837 open("/lib/tls/i686/cmov/libresolv.so.2", O_RDONLY) = 3
22698 14:57:58.016852 read(3, "\177ELF\1\1\1\0\0\0\0\0\0\0\0\0\3\0\3\0\1\0\0\0@!\0\0004\0\0\0\310\2\1\0\0\0\0\0004\0 \0\10\0(\0\35\0\34\0\6\0\0\0004\0\0\0004\0\0\0004\0\0\0\0\1\0\0\0\1\0\0\5\0\0\0\4\0\0\0\3\0\0\0\264\346\0\0\264\346\0\0\264\346\0\0\23\0\0\0\23\0\0\0\4\0\0\0\1\0\0\0\1\0\0\0\0\0\0\0\0\0\0\0\0\0\0\0H\355\0\0H\355\0\0\5\0\0\0\0\20\0\0\1\0\0\0h\372\0\0h\372\0\0h\372\0\0X\7\0\0\\.\0\0\6\0\0\0\0\20\0\0\2\0\0\0\0\377\0\0\0\377\0\0\0\377\0\0\340\0\0\0\340\0\0\0\6\0\0\0\4\0\0\0\4\0\0\0004\1\0\0004\1\0\0004\1\0\0 \0\0\0 \0\0\0\4\0\0\0\4\0\0\0Q\345td\0\0\0\0\0\0\0\0\0\0\0\0\0\0\0\0\0\0\0\0\6\0\0\0\4\0\0\0R\345tdh\372\0\0h\372\0\0h\372\0\0\214\5\0\0\214\5\0\0\4\0\0\0\1\0\0\0\4\0\0\0\20\0\0\0\1\0\0\0GNU\0\0\0\0\0\2\0\0\0\6\0\0\0\10\0\0\0\235\0\0\0;\0\0\0\20\0\0\0\t\0\0\0\244RH\260<\23\340\6\200\4\24\227\221\3\366\225\2@\20\0B\201\205A\20\6\30@A\20U\205\0B\0@\220\204\10\n\0J\0\25\4\21\200\2$\210\4\4P\220\0\2\"]\260D\4\221\t\31;\0\0\0\0\0\0\0\0\0\0\0<\0\0\0>\0\0\0?\0\0\0\0\0\0\0\0\0\0\0\0\0\0\0\0\0\0\0\0\0\0\0\0\0\0\0\0\0\0\0@\0\0\0B\0\0\0C\0\0\0D\0\0\0\0\0\0\0E\0\0\0F\0\0\0\0\0\0\0H\0\0\0\0\0\0\0", 512) = 512
22698 14:57:58.016987 fstat64(3, {st_mode=S_IFREG|0644, st_size=67408, ...}) = 0
22698 14:57:58.017006 mmap2(NULL, 75972, PROT_READ|PROT_EXEC, MAP_PRIVATE|MAP_DENYWRITE, 3, 0) = 0xb7edf000
22698 14:57:58.017018 mmap2(0xb7eee000, 8192, PROT_READ|PROT_WRITE, MAP_PRIVATE|MAP_FIXED|MAP_DENYWRITE, 3, 0xf) = 0xb7eee000
22698 14:57:58.017034 mmap2(0xb7ef0000, 6340, PROT_READ|PROT_WRITE, MAP_PRIVATE|MAP_FIXED|MAP_ANONYMOUS, -1, 0) = 0xb7ef0000
22698 14:57:58.017049 close(3)          = 0
22698 14:57:58.017062 access("/etc/ld.so.nohwcap", F_OK) = -1 ENOENT (No such file or directory)
22698 14:57:58.017076 open("/lib/tls/i686/cmov/libutil.so.1", O_RDONLY) = 3
22698 14:57:58.017092 read(3, "\177ELF\1\1\1\0\0\0\0\0\0\0\0\0\3\0\3\0\1\0\0\0@\n\0\0004\0\0\0\200!\0\0\0\0\0\0004\0 \0\10\0(\0\34\0\33\0\6\0\0\0004\0\0\0004\0\0\0004\0\0\0\0\1\0\0\0\1\0\0\5\0\0\0\4\0\0\0\3\0\0\0R\23\0\0R\23\0\0R\23\0\0\23\0\0\0\23\0\0\0\4\0\0\0\1\0\0\0\1\0\0\0\0\0\0\0\0\0\0\0\0\0\0\0`\25\0\0`\25\0\0\5\0\0\0\0\20\0\0\1\0\0\0\364\36\0\0\364.\0\0\364.\0\0\230\1\0\0\234\1\0\0\6\0\0\0\0\20\0\0\2\0\0\0\10\37\0\0\10/\0\0\10/\0\0\340\0\0\0\340\0\0\0\6\0\0\0\4\0\0\0\4\0\0\0004\1\0\0004\1\0\0004\1\0\0 \0\0\0 \0\0\0\4\0\0\0\4\0\0\0Q\345td\0\0\0\0\0\0\0\0\0\0\0\0\0\0\0\0\0\0\0\0\6\0\0\0\4\0\0\0R\345td\364\36\0\0\364.\0\0\364.\0\0\0\1\0\0\0\1\0\0\4\0\0\0\1\0\0\0\4\0\0\0\20\0\0\0\1\0\0\0GNU\0\0\0\0\0\2\0\0\0\6\0\0\0\10\0\0\0\r\0\0\0#\0\0\0\2\0\0\0\6\0\0\0\0\240\344\300\204\200\20@\0\0\0\0\0\0\0\0#\0\0\0\0\0\0\0\0\0\0\0$\0\0\0&\0\0\0\'\0\0\0(\0\0\0\0\0\0\0\0\0\0\0\0\0\0\0)\0\0\0\217\365\310\207\364\361\253\272_+\337\v\325=l\366\237<\300|\365\243\343p\277\370\337\17\0\0\0\0\0\0\0\0\0\0\0\0\0\0\0\0S\0\0\0\0\0\0\0\35\0\0\0\22\0\0\0/\1\0\0\0\0\0\0z\0\0\0\22\0\0\0\226\0\0\0\0\0\0\0*\0\0\0\22\0\0\0v\0\0\0", 512) = 512
22698 14:57:58.017178 fstat64(3, {st_mode=S_IFREG|0644, st_size=9696, ...}) = 0
22698 14:57:58.017196 mmap2(NULL, 12432, PROT_READ|PROT_EXEC, MAP_PRIVATE|MAP_DENYWRITE, 3, 0) = 0xb7edb000
22698 14:57:58.017208 mmap2(0xb7edd000, 8192, PROT_READ|PROT_WRITE, MAP_PRIVATE|MAP_FIXED|MAP_DENYWRITE, 3, 0x1) = 0xb7edd000
22698 14:57:58.017225 close(3)          = 0
22698 14:57:58.017237 access("/etc/ld.so.nohwcap", F_OK) = -1 ENOENT (No such file or directory)
22698 14:57:58.017252 open("/lib/libcap.so.1", O_RDONLY) = 3
