18039 14:10:04.074650 open("/etc/passwd", O_RDONLY|0x80000 /* O_??? */) = 5
18039 14:10:04.074676 _llseek(5, 0, [0], SEEK_CUR) = 0
18039 14:10:04.074687 fstat64(5, {st_mode=S_IFREG|0644, st_size=1624, ...}) = 0
18039 14:10:04.074704 mmap2(NULL, 1624, PROT_READ, MAP_SHARED, 5, 0) = 0xb7fb1000
18039 14:10:04.074715 _llseek(5, 1624, [1624], SEEK_SET) = 0
18039 14:10:04.074734 munmap(0xb7fb1000, 1624) = 0
18039 14:10:04.074746 close(5)          = 0
18039 14:10:04.074771 open("/etc/shadow", O_RDONLY|0x80000 /* O_??? */) = 5
18039 14:10:04.074788 _llseek(5, 0, [0], SEEK_CUR) = 0
18039 14:10:04.074799 fstat64(5, {st_mode=S_IFREG|0640, st_size=1233, ...}) = 0
18039 14:10:04.074816 mmap2(NULL, 1233, PROT_READ, MAP_SHARED, 5, 0) = 0xb7fb1000
18039 14:10:04.074827 _llseek(5, 1233, [1233], SEEK_SET) = 0
18039 14:10:04.074846 munmap(0xb7fb1000, 1233) = 0
18039 14:10:04.074857 close(5)          = 0
18039 14:10:04.074876 open("/etc/passwd", O_RDONLY|0x80000 /* O_??? */) = 5
18039 14:10:04.074889 _llseek(5, 0, [0], SEEK_CUR) = 0
18039 14:10:04.074900 fstat64(5, {st_mode=S_IFREG|0644, st_size=1624, ...}) = 0
18039 14:10:04.074916 mmap2(NULL, 1624, PROT_READ, MAP_SHARED, 5, 0) = 0xb7fb1000
18039 14:10:04.074927 _llseek(5, 1624, [1624], SEEK_SET) = 0
18039 14:10:04.074943 munmap(0xb7fb1000, 1624) = 0
18039 14:10:04.074953 close(5)          = 0
18039 14:10:04.074966 open("/etc/shadow", O_RDONLY|0x80000 /* O_??? */) = 5
18039 14:10:04.074979 _llseek(5, 0, [0], SEEK_CUR) = 0
18039 14:10:04.074990 fstat64(5, {st_mode=S_IFREG|0640, st_size=1233, ...}) = 0
18039 14:10:04.075006 mmap2(NULL, 1233, PROT_READ, MAP_SHARED, 5, 0) = 0xb7fb1000
18039 14:10:04.075017 _llseek(5, 1233, [1233], SEEK_SET) = 0
18039 14:10:04.075033 munmap(0xb7fb1000, 1233) = 0
18039 14:10:04.075043 close(5)          = 0
18039 14:10:04.075129 getuid32()        = 0
18039 14:10:04.075129 open("/etc/passwd", O_RDONLY|0x80000 /* O_??? */) = 5
18039 14:10:04.075129 _llseek(5, 0, [0], SEEK_CUR) = 0
18039 14:10:04.075129 fstat64(5, {st_mode=S_IFREG|0644, st_size=1624, ...}) = 0
18039 14:10:04.075129 mmap2(NULL, 1624, PROT_READ, MAP_SHARED, 5, 0) = 0xb7fb1000
18039 14:10:04.075130 _llseek(5, 1624, [1624], SEEK_SET) = 0
18039 14:10:04.075144 munmap(0xb7fb1000, 1624) = 0
18039 14:10:04.075155 close(5)          = 0
18039 14:10:04.075170 open("/etc/shadow", O_RDONLY|0x80000 /* O_??? */) = 5
18039 14:10:04.075184 _llseek(5, 0, [0], SEEK_CUR) = 0
18039 14:10:04.075194 fstat64(5, {st_mode=S_IFREG|0640, st_size=1233, ...}) = 0
18039 14:10:04.075211 mmap2(NULL, 1233, PROT_READ, MAP_SHARED, 5, 0) = 0xb7fb1000
18039 14:10:04.075222 _llseek(5, 1233, [1233], SEEK_SET) = 0
18039 14:10:04.075239 munmap(0xb7fb1000, 1233) = 0
18039 14:10:04.075249 close(5)          = 0
18039 14:10:04.075294 time(NULL)        = 1495649404
18039 14:10:04.075317 munmap(0xb7fae000, 12164) = 0
18039 14:10:04.075341 munmap(0xb7fac000, 7136) = 0
18039 14:10:04.075355 munmap(0xb7de1000, 95428) = 0
18039 14:10:04.075367 munmap(0xb7da7000, 201052) = 0
18039 14:10:04.075379 munmap(0xb7d8e000, 101180) = 0
18039 14:10:04.075396 gettimeofday({1495649404, 75400}, NULL) = 0
18039 14:10:04.075408 stat64("/usr/share/zoneinfo/UTC+04:00", 0xbfda5714) = -1 ENOENT (No such file or directory)
18039 14:10:04.075423 open("/usr/share/zoneinfo/UTC+04:00", O_RDONLY) = -1 ENOENT (No such file or directory)
18039 14:10:04.075449 fcntl64(3, F_SETLKW64, {type=F_WRLCK, whence=SEEK_SET, start=0, len=0}, 0xbfda5864) = 0
18039 14:10:04.075465 write(3, "Wed May 24 14:10:04 2017 [pid 18039] [msfadmin] OK LOGIN: Client \"127.0.0.1\"\n", 77) = 77
18039 14:10:04.075482 fcntl64(3, F_SETLK64, {type=F_UNLCK, whence=SEEK_SET, start=0, len=0}, 0xbfda586c) = 0
18039 14:10:04.075495 rt_sigaction(SIGCHLD, {0x805cad0, ~[RTMIN RT_1], 0}, NULL, 8) = 0
18039 14:10:04.075510 write(4, "\1", 1 <unfinished ...>
18040 14:10:04.075520 <... read resumed> "\1", 1) = 1
18039 14:10:04.075525 <... write resumed> ) = 1
18040 14:10:04.075533 exit_group(0)     = ?
18039 14:10:04.075561 --- SIGCHLD (Child exited) @ 0 (0) ---
18039 14:10:04.075569 sigreturn()       = ? (mask now [])
18039 14:10:04.075588 wait4(-1, [{WIFEXITED(s) && WEXITSTATUS(s) == 0}], 0, NULL) = 18040
18039 14:10:04.075601 close(4)          = 0
18039 14:10:04.075613 socketpair(PF_FILE, SOCK_STREAM, 0, [4, 5]) = 0
18039 14:10:04.075626 rt_sigaction(SIGCHLD, {0x805cad0, ~[RTMIN RT_1], 0}, NULL, 8) = 0
18039 14:10:04.075640 rt_sigaction(SIGALRM, {0x805cb10, ~[RTMIN RT_1], 0}, NULL, 8) = 0
18039 14:10:04.075654 clone(child_stack=0, flags=CLONE_CHILD_CLEARTID|CLONE_CHILD_SETTID|SIGCHLD, child_tidptr=0xb7e176f8) = 18041
18041 14:10:04.075703 prctl(0x1, 0x9, 0, 0, 0) = 0
18041 14:10:04.075717 close(4)          = 0
18041 14:10:04.075744 open("/etc/passwd", O_RDONLY|0x80000 /* O_??? */) = 4
18041 14:10:04.075761 _llseek(4, 0, [0], SEEK_CUR) = 0
18041 14:10:04.075777 fstat64(4, {st_mode=S_IFREG|0644, st_size=1624, ...}) = 0
18041 14:10:04.075795 mmap2(NULL, 1624, PROT_READ, MAP_SHARED, 4, 0) = 0xb7fb1000
18041 14:10:04.075808 _llseek(4, 1624, [1624], SEEK_SET) = 0
18041 14:10:04.075830 munmap(0xb7fb1000, 1624) = 0
18041 14:10:04.075842 close(4)          = 0
18041 14:10:04.075855 getuid32()        = 0
18041 14:10:04.075866 open("/etc/passwd", O_RDONLY|0x80000 /* O_??? */) = 4
18041 14:10:04.075879 _llseek(4, 0, [0], SEEK_CUR) = 0
18041 14:10:04.075889 fstat64(4, {st_mode=S_IFREG|0644, st_size=1624, ...}) = 0
18041 14:10:04.075906 mmap2(NULL, 1624, PROT_READ, MAP_SHARED, 4, 0) = 0xb7fb1000
18041 14:10:04.075917 _llseek(4, 1624, [1624], SEEK_SET) = 0
18041 14:10:04.075933 munmap(0xb7fb1000, 1624) = 0
18041 14:10:04.075943 close(4)          = 0
18041 14:10:04.075969 open("/proc/sys/kernel/ngroups_max", O_RDONLY) = 4
18041 14:10:04.075989 read(4, "65536\n", 31) = 6
18041 14:10:04.076002 close(4)          = 0
18041 14:10:04.076016 socket(PF_FILE, SOCK_STREAM, 0) = 4
18041 14:10:04.076028 fcntl64(4, F_SETFL, O_RDWR|O_NONBLOCK) = 0
18041 14:10:04.076039 connect(4, {sa_family=AF_FILE, path="/var/run/nscd/socket"}, 110) = -1 ENOENT (No such file or directory)
18041 14:10:04.076060 close(4)          = 0
18041 14:10:04.076071 socket(PF_FILE, SOCK_STREAM, 0) = 4
18041 14:10:04.076082 fcntl64(4, F_SETFL, O_RDWR|O_NONBLOCK) = 0
18041 14:10:04.076092 connect(4, {sa_family=AF_FILE, path="/var/run/nscd/socket"}, 110) = -1 ENOENT (No such file or directory)
18041 14:10:04.076111 close(4)          = 0
18041 14:10:04.076134 open("/etc/group", O_RDONLY|0x80000 /* O_??? */) = 4
18041 14:10:04.076149 _llseek(4, 0, [0], SEEK_CUR) = 0
18041 14:10:04.076159 fstat64(4, {st_mode=S_IFREG|0644, st_size=886, ...}) = 0
18041 14:10:04.076176 mmap2(NULL, 886, PROT_READ, MAP_SHARED, 4, 0) = 0xb7fb1000
18041 14:10:04.076187 _llseek(4, 886, [886], SEEK_SET) = 0
18041 14:10:04.076211 fstat64(4, {st_mode=S_IFREG|0644, st_size=886, ...}) = 0
18041 14:10:04.076229 munmap(0xb7fb1000, 886) = 0
18041 14:10:04.076270 close(4)          = 0
18041 14:10:04.076282 setgroups32(13, [1000, 4, 20, 24, 25, 29, 30, 44, 46, 107, 111, 112, 119]) = 0
18041 14:10:04.076309 geteuid32()       = 0
18041 14:10:04.076320 getegid32()       = 0
18041 14:10:04.076331 setregid32(-1, 1000) = 0
18041 14:10:04.076342 setreuid32(-1, 1000) = 0
18041 14:10:04.076353 chdir("/home/msfadmin") = 0
18041 14:10:04.076365 setreuid32(-1, 0) = 0
18041 14:10:04.076375 setregid32(-1, 0) = 0
18041 14:10:04.076386 setgid32(1000)    = 0
18041 14:10:04.076396 setuid32(1000)    = 0
18041 14:10:04.076406 setrlimit(RLIMIT_NPROC, {rlim_cur=0, rlim_max=0}) = 0
18041 14:10:04.076420 mmap2(NULL, 12288, PROT_READ|PROT_WRITE, MAP_PRIVATE|MAP_ANONYMOUS, -1, 0) = 0xb7faf000
18041 14:10:04.076432 mprotect(0xb7fb1000, 4096, PROT_NONE) = 0
18041 14:10:04.076444 mprotect(0xb7faf000, 4096, PROT_NONE) = 0
18041 14:10:04.076455 getcwd("/home/msfadmin", 4096) = 15
18041 14:10:04.076469 umask(022)        = 077
18041 14:10:04.076479 getcwd("/home/msfadmin", 4096) = 15
18041 14:10:04.076493 open(".message", O_RDONLY|O_NONBLOCK|O_LARGEFILE) = -1 ENOENT (No such file or directory)
18041 14:10:04.076516 write(0, "230 Login successful.\r\n", 23) = 23
18041 14:10:04.076582 rt_sigaction(SIGALRM, {0x805cad0, ~[RTMIN RT_1], 0}, NULL, 8) = 0
18041 14:10:04.076599 alarm(300)        = 0
18041 14:10:04.076610 mmap2(NULL, 12288, PROT_READ|PROT_WRITE, MAP_PRIVATE|MAP_ANONYMOUS, -1, 0) = 0xb7fac000
18041 14:10:04.076622 mprotect(0xb7fae000, 4096, PROT_NONE) = 0
18041 14:10:04.076633 mprotect(0xb7fac000, 4096, PROT_NONE) = 0
18041 14:10:04.076646 recv(0, "TYPE I\r\n", 4096, MSG_PEEK) = 8
18041 14:10:04.076659 read(0, "TYPE I\r\n", 8) = 8
18041 14:10:04.076677 write(0, "200 Switching to Binary mode.\r\n", 31) = 31
18041 14:10:04.076717 rt_sigaction(SIGALRM, {0x805cad0, ~[RTMIN RT_1], 0}, NULL, 8) = 0
18041 14:10:04.076732 alarm(300)        = 300
18041 14:10:04.076744 recv(0, "PASV\r\n", 4096, MSG_PEEK) = 6
18041 14:10:04.076755 read(0, "PASV\r\n", 6) = 6
18041 14:10:04.076768 write(5, "\n", 1) = 1
18041 14:10:04.076779 read(5,  <unfinished ...>
18039 14:10:04.076792 close(5)          = 0
18039 14:10:04.076804 getuid32()        = 0
18039 14:10:04.076820 open("/etc/passwd", O_RDONLY|0x80000 /* O_??? */) = 5
18039 14:10:04.076835 _llseek(5, 0, [0], SEEK_CUR) = 0
18039 14:10:04.076847 fstat64(5, {st_mode=S_IFREG|0644, st_size=1624, ...}) = 0
18039 14:10:04.076865 mmap2(NULL, 1624, PROT_READ, MAP_SHARED, 5, 0) = 0xb7fb1000
18039 14:10:04.076877 _llseek(5, 1624, [1624], SEEK_SET) = 0
18039 14:10:04.076894 munmap(0xb7fb1000, 1624) = 0
18039 14:10:04.076906 close(5)          = 0
18039 14:10:04.076922 setgroups32(0, []) = 0
18039 14:10:04.076934 chdir("/usr/share/empty") = 0
18039 14:10:04.076947 chroot(".")       = 0
18039 14:10:04.076958 capset(NULL, NULL) = -1 EFAULT (Bad address)
18039 14:10:04.076971 prctl(0x8, 0, 0xbfda5848, 0x80549a6, 0xbfda5830) = 0
18039 14:10:04.076983 prctl(0x8, 0x1, 0xbfda5848, 0x8054a49, 0xbfda5830) = 0
18039 14:10:04.076993 setgid32(65534)   = 0
18039 14:10:04.077004 setuid32(65534)   = 0
18039 14:10:04.077014 capset(0x19980330, 0, {CAP_NET_BIND_SERVICE, CAP_NET_BIND_SERVICE, 0}) = 0
18039 14:10:04.077027 read(4, "\n", 1)  = 1
18039 14:10:04.077041 write(4, "\1", 1) = 1
18041 14:10:04.077052 <... read resumed> "\1", 1) = 1
18041 14:10:04.077060 write(5, "\f", 1) = 1
18041 14:10:04.077071 read(5,  <unfinished ...>
18039 14:10:04.077077 read(4, "\f", 1)  = 1
18039 14:10:04.077090 socket(PF_INET, SOCK_STREAM, IPPROTO_TCP) = 5
18039 14:10:04.077104 setsockopt(5, SOL_SOCKET, SO_REUSEADDR, [1], 4) = 0
18039 14:10:04.077115 gettimeofday({1495649404, 77119}, NULL) = 0
18039 14:10:04.077132 bind(5, {sa_family=AF_INET, sin_port=htons(42540), sin_addr=inet_addr("127.0.0.1")}, 16) = 0
18039 14:10:04.077148 listen(5, 1)      = 0
18039 14:10:04.077161 write(4, ",\246\0\0", 4) = 4
18041 14:10:04.077173 <... read resumed> ",\246\0\0", 4) = 4
18041 14:10:04.077187 write(0, "227 Entering Passive Mode (127,0,0,1,166,44).\r\n", 47) = 47
18041 14:10:04.077325 rt_sigaction(SIGALRM, {0x805cad0, ~[RTMIN RT_1], 0}, NULL, 8) = 0
18041 14:10:04.077348 alarm(300)        = 300
18041 14:10:04.077360 recv(0, "RETR myfile26\r\n", 4096, MSG_PEEK) = 15
18041 14:10:04.077373 read(0, "RETR myfile26\r\n", 15) = 15
18041 14:10:04.077388 write(5, "\v", 1) = 1
18041 14:10:04.077399 read(5,  <unfinished ...>
18039 14:10:04.077406 read(4, "\v", 1)  = 1
18039 14:10:04.077418 write(4, "\1\0\0\0", 4) = 4
18041 14:10:04.077429 <... read resumed> "\1\0\0\0", 4) = 4
18041 14:10:04.077438 gettimeofday({1495649404, 77441}, NULL) = 0
18041 14:10:04.077449 getcwd("/home/msfadmin", 4096) = 15
18041 14:10:04.077461 open("myfile26", O_RDONLY|O_NONBLOCK|O_LARGEFILE) = 4
18041 14:10:04.077475 fcntl64(4, F_SETLKW64, {type=F_RDLCK, whence=SEEK_SET, start=0, len=0}, 0xbfda57b4) = 0
18041 14:10:04.077489 fstat64(4, {st_mode=S_IFREG|0644, st_size=17, ...}) = 0
18041 14:10:04.077505 fcntl64(4, F_GETFL) = 0x8800 (flags O_RDONLY|O_NONBLOCK|O_LARGEFILE)
18041 14:10:04.077516 fcntl64(4, F_SETFL, O_RDONLY|O_LARGEFILE) = 0
18041 14:10:04.077529 write(5, "\v", 1) = 1
18041 14:10:04.077540 read(5,  <unfinished ...>
18039 14:10:04.077547 read(4, "\v", 1)  = 1
18039 14:10:04.077559 write(4, "\1\0\0\0", 4) = 4
18041 14:10:04.077570 <... read resumed> "\1\0\0\0", 4) = 4
18041 14:10:04.077577 write(5, "\v", 1) = 1
18041 14:10:04.077588 read(5,  <unfinished ...>
18039 14:10:04.077595 read(4, "\v", 1)  = 1
18039 14:10:04.077606 write(4, "\1\0\0\0", 4) = 4
18041 14:10:04.077616 <... read resumed> "\1\0\0\0", 4) = 4
18041 14:10:04.077624 write(5, "\r", 1) = 1
18041 14:10:04.077634 read(5,  <unfinished ...>
18039 14:10:04.077641 read(4, "\r", 1)  = 1
18039 14:10:04.077654 select(6, [5], NULL, NULL, {60, 0}) = 1 (in [5], left {60, 0})
18039 14:10:04.077670 accept(5, {sa_family=AF_INET, sin_port=htons(55397), sin_addr=inet_addr("127.0.0.1")}, [16]) = 6
18039 14:10:04.077692 write(4, "\1", 1) = 1
18041 14:10:04.077703 <... read resumed> "\1", 1) = 1
18041 14:10:04.077713 recvmsg(5,  <unfinished ...>
18039 14:10:04.077722 sendmsg(4, {msg_name(0)=NULL, msg_iov(1)=[{"\0", 1}], msg_controllen=16, {cmsg_len=16, cmsg_level=SOL_SOCKET, cmsg_type=SCM_RIGHTS, {6}}, msg_flags=0}, 0) = 1
18041 14:10:04.077740 <... recvmsg resumed> {msg_name(0)=NULL, msg_iov(1)=[{"\0", 1}], msg_controllen=16, {cmsg_len=16, cmsg_level=SOL_SOCKET, cmsg_type=SCM_RIGHTS, {6}}, msg_flags=0}, 0) = 1
18041 14:10:04.077754 setsockopt(6, SOL_SOCKET, SO_KEEPALIVE, [1], 4) = 0
18041 14:10:04.077766 setsockopt(6, SOL_IP, IP_TOS, [8], 4) = 0
18041 14:10:04.077778 setsockopt(6, SOL_SOCKET, SO_LINGER, {onoff=1, linger=32767}, 8) = 0
18041 14:10:04.077789 rt_sigaction(SIGALRM, {0x805cad0, ~[RTMIN RT_1], 0}, NULL, 8) = 0
18041 14:10:04.077803 alarm(300)        = 300
18041 14:10:04.077820 write(0, "150 Opening BINARY mode data connection for myfile26 (17 bytes).\r\n", 66) = 66
18041 14:10:04.077864 _llseek(4, 0, [0], SEEK_CUR) = 0
18041 14:10:04.077877 fstat64(4, {st_mode=S_IFREG|0644, st_size=17, ...}) = 0
18041 14:10:04.077894 _llseek(4, 0, [0], SEEK_SET) = 0
18041 14:10:04.077907 sendfile(6, 4, NULL, 17) = 17
18041 14:10:04.077935 rt_sigaction(SIGALRM, {0x805cad0, ~[RTMIN RT_1], 0}, NULL, 8) = 0
18041 14:10:04.077950 alarm(300)        = 300
18041 14:10:04.077960 close(6)          = 0
18041 14:10:04.077970 alarm(0)          = 300
18041 14:10:04.077979 gettimeofday({1495649404, 77983}, NULL) = 0
18041 14:10:04.077997 getpid()          = 18041
18041 14:10:04.078010 gettimeofday({1495649404, 78014}, NULL) = 0
18041 14:10:04.078028 fcntl64(3, F_SETLKW64, {type=F_WRLCK, whence=SEEK_SET, start=0, len=0}, 0xbfda5754) = 0
18041 14:10:04.078043 write(3, "Wed May 24 14:10:04 2017 [pid 18041] [msfadmin] OK DOWNLOAD: Client \"127.0.0.1\", \"/home/msfadmin/myfile26\", 17 bytes, 28.97Kbyte/sec\n", 133) = 133
18041 14:10:04.078063 fcntl64(3, F_SETLK64, {type=F_UNLCK, whence=SEEK_SET, start=0, len=0}, 0xbfda575c) = 0
18041 14:10:04.078077 write(0, "226 Transfer complete.\r\n", 24) = 24
18041 14:10:04.078093 write(5, "\n", 1) = 1
18041 14:10:04.078104 read(5,  <unfinished ...>
18039 14:10:04.078111 close(6)          = 0
18039 14:10:04.078336 read(4, "\n", 1)  = 1
18039 14:10:04.078360 close(5)          = 0
18039 14:10:04.078372 write(4, "\1", 1) = 1
18041 14:10:04.078383 <... read resumed> "\1", 1) = 1
18041 14:10:04.078391 close(4)          = 0
18041 14:10:04.078402 rt_sigaction(SIGALRM, {0x805cad0, ~[RTMIN RT_1], 0}, NULL, 8) = 0
18041 14:10:04.078415 alarm(300)        = 0
18041 14:10:04.078427 recv(0,  <unfinished ...>
18039 14:10:04.078435 read(4,  <unfinished ...>
18038 14:10:04.335266 <... recv resumed> "TYPE I\r\n", 4096, MSG_PEEK) = 8
18038 14:10:04.335298 read(0, "TYPE I\r\n", 8) = 8
18038 14:10:04.335320 write(0, "200 Switching to Binary mode.\r\n", 31) = 31
18038 14:10:04.335369 rt_sigaction(SIGALRM, {0x805cad0, ~[RTMIN RT_1], 0}, NULL, 8) = 0
18038 14:10:04.335388 alarm(300)        = 299
18038 14:10:04.335401 recv(0, "PASV\r\n", 4096, MSG_PEEK) = 6
18038 14:10:04.335413 read(0, "PASV\r\n", 6) = 6
18038 14:10:04.335425 write(5, "\n", 1 <unfinished ...>
18036 14:10:04.335437 <... read resumed> "\n", 1) = 1
18038 14:10:04.335443 <... write resumed> ) = 1
18036 14:10:04.335452 write(4, "\1", 1 <unfinished ...>
18038 14:10:04.335457 read(5,  <unfinished ...>
18036 14:10:04.335465 <... write resumed> ) = 1
18038 14:10:04.335469 <... read resumed> "\1", 1) = 1
18036 14:10:04.335477 read(4,  <unfinished ...>
18038 14:10:04.335481 write(5, "\f", 1 <unfinished ...>
18036 14:10:04.335489 <... read resumed> "\f", 1) = 1
18038 14:10:04.335494 <... write resumed> ) = 1
18036 14:10:04.335503 socket(PF_INET, SOCK_STREAM, IPPROTO_TCP <unfinished ...>
18038 14:10:04.335508 read(5,  <unfinished ...>
18036 14:10:04.335518 <... socket resumed> ) = 5
18036 14:10:04.335526 setsockopt(5, SOL_SOCKET, SO_REUSEADDR, [1], 4) = 0
18036 14:10:04.335541 bind(5, {sa_family=AF_INET, sin_port=htons(6412), sin_addr=inet_addr("127.0.0.1")}, 16) = 0
18036 14:10:04.335558 listen(5, 1)      = 0
18036 14:10:04.335573 write(4, "\f\31\0\0", 4 <unfinished ...>
18038 14:10:04.335581 <... read resumed> "\f\31\0\0", 4) = 4
18036 14:10:04.335587 <... write resumed> ) = 4
18038 14:10:04.335599 write(0, "227 Entering Passive Mode (127,0,0,1,25,12).\r\n", 46 <unfinished ...>
18036 14:10:04.335607 read(4,  <unfinished ...>
18038 14:10:04.335709 <... write resumed> ) = 46
18038 14:10:04.335722 rt_sigaction(SIGALRM, {0x805cad0, ~[RTMIN RT_1], 0}, NULL, 8) = 0
18038 14:10:04.335737 alarm(300)        = 300
18038 14:10:04.335749 recv(0, "STOR myfile30\r\n", 4096, MSG_PEEK) = 15
18038 14:10:04.335761 read(0, "STOR myfile30\r\n", 15) = 15
18038 14:10:04.335775 write(5, "\v", 1 <unfinished ...>
18036 14:10:04.335783 <... read resumed> "\v", 1) = 1
18038 14:10:04.335788 <... write resumed> ) = 1
18036 14:10:04.335795 write(4, "\1\0\0\0", 4) = 4
18036 14:10:04.335948 read(4,  <unfinished ...>
18038 14:10:04.335959 read(5, "\1\0\0\0", 4) = 4
18038 14:10:04.335973 gettimeofday({1495649404, 335977}, NULL) = 0
18038 14:10:04.335994 getcwd("/home/msfadmin", 4096) = 15
18038 14:10:04.336007 open("myfile30", O_WRONLY|O_CREAT|O_NONBLOCK|O_LARGEFILE, 0666) = 4
18038 14:10:04.336022 fstat64(4, {st_mode=S_IFREG|0644, st_size=17, ...}) = 0
18038 14:10:04.336040 fcntl64(4, F_GETFL) = 0x8801 (flags O_WRONLY|O_NONBLOCK|O_LARGEFILE)
18038 14:10:04.336052 fcntl64(4, F_SETFL, O_WRONLY|O_LARGEFILE) = 0
18038 14:10:04.336063 fcntl64(4, F_SETLKW64, {type=F_WRLCK, whence=SEEK_SET, start=0, len=0}, 0xbfd27714) = 0
18038 14:10:04.336077 ftruncate64(4, 0) = 0
18038 14:10:04.336097 _llseek(4, 0, [0], SEEK_SET) = 0
18038 14:10:04.336109 write(5, "\v", 1 <unfinished ...>
18036 14:10:04.336117 <... read resumed> "\v", 1) = 1
18038 14:10:04.336122 <... write resumed> ) = 1
18036 14:10:04.336128 write(4, "\1\0\0\0", 4) = 4
18036 14:10:04.336139 read(4,  <unfinished ...>
18038 14:10:04.336146 read(5, "\1\0\0\0", 4) = 4
18038 14:10:04.336158 write(5, "\v", 1 <unfinished ...>
18036 14:10:04.336165 <... read resumed> "\v", 1) = 1
18038 14:10:04.336169 <... write resumed> ) = 1
18036 14:10:04.336176 write(4, "\1\0\0\0", 4) = 4
18036 14:10:04.336186 read(4,  <unfinished ...>
18038 14:10:04.336193 read(5, "\1\0\0\0", 4) = 4
18038 14:10:04.336211 write(5, "\r", 1 <unfinished ...>
18036 14:10:04.336218 <... read resumed> "\r", 1) = 1
18038 14:10:04.336223 <... write resumed> ) = 1
18036 14:10:04.336230 select(6, [5], NULL, NULL, {60, 0}) = 1 (in [5], left {60, 0})
18036 14:10:04.336247 accept(5, {sa_family=AF_INET, sin_port=htons(51076), sin_addr=inet_addr("127.0.0.1")}, [16]) = 6
18036 14:10:04.336270 write(4, "\1", 1) = 1
18036 14:10:04.336282 sendmsg(4, {msg_name(0)=NULL, msg_iov(1)=[{"\0", 1}], msg_controllen=16, {cmsg_len=16, cmsg_level=SOL_SOCKET, cmsg_type=SCM_RIGHTS, {6}}, msg_flags=0}, 0) = 1
18036 14:10:04.336299 close(6)          = 0
18036 14:10:04.336310 read(4,  <unfinished ...>
18038 14:10:04.336316 read(5, "\1", 1)  = 1
18038 14:10:04.336330 recvmsg(5, {msg_name(0)=NULL, msg_iov(1)=[{"\0", 1}], msg_controllen=16, {cmsg_len=16, cmsg_level=SOL_SOCKET, cmsg_type=SCM_RIGHTS, {6}}, msg_flags=0}, 0) = 1
18038 14:10:04.336348 setsockopt(6, SOL_SOCKET, SO_KEEPALIVE, [1], 4) = 0
18038 14:10:04.336360 setsockopt(6, SOL_IP, IP_TOS, [8], 4) = 0
18038 14:10:04.336373 setsockopt(6, SOL_SOCKET, SO_LINGER, {onoff=1, linger=32767}, 8) = 0
18038 14:10:04.336384 rt_sigaction(SIGALRM, {0x805cad0, ~[RTMIN RT_1], 0}, NULL, 8) = 0
18038 14:10:04.336398 alarm(300)        = 300
18038 14:10:04.336411 write(0, "150 Ok to send data.\r\n", 22) = 22
18038 14:10:04.336478 read(6, "assasaaa\na\na\na\na\n", 65536) = 17
18038 14:10:04.336493 write(4, "assasaaa\na\na\na\na\n", 17) = 17
18038 14:10:04.336510 read(6, "", 65536) = 0
18038 14:10:04.336521 rt_sigaction(SIGALRM, {0x805cad0, ~[RTMIN RT_1], 0}, NULL, 8) = 0
18038 14:10:04.336534 alarm(300)        = 300
18038 14:10:04.336544 close(6)          = 0
18038 14:10:04.336562 alarm(0)          = 300
18038 14:10:04.336572 gettimeofday({1495649404, 336576}, NULL) = 0
18038 14:10:04.336588 gettimeofday({1495649404, 336592}, NULL) = 0
18038 14:10:04.336603 fcntl64(3, F_SETLKW64, {type=F_WRLCK, whence=SEEK_SET, start=0, len=0}, 0xbfd276b4) = 0
18038 14:10:04.336619 write(3, "Wed May 24 14:10:04 2017 [pid 18038] [msfadmin] OK UPLOAD: Client \"127.0.0.1\", \"/home/msfadmin/myfile30\", 17 bytes, 26.99Kbyte/sec\n", 131) = 131
18038 14:10:04.336640 fcntl64(3, F_SETLK64, {type=F_UNLCK, whence=SEEK_SET, start=0, len=0}, 0xbfd276bc) = 0
18038 14:10:04.336655 write(0, "226 Transfer complete.\r\n", 24) = 24
18038 14:10:04.336698 write(5, "\n", 1 <unfinished ...>
18036 14:10:04.336708 <... read resumed> "\n", 1) = 1
18038 14:10:04.336713 <... write resumed> ) = 1
18036 14:10:04.336719 close(5)          = 0
18036 14:10:04.336731 write(4, "\1", 1) = 1
18036 14:10:04.336742 read(4,  <unfinished ...>
18038 14:10:04.336749 read(5, "\1", 1)  = 1
18038 14:10:04.336761 close(4)          = 0
18038 14:10:04.336771 rt_sigaction(SIGALRM, {0x805cad0, ~[RTMIN RT_1], 0}, NULL, 8) = 0
18038 14:10:04.336785 alarm(300)        = 0
18038 14:10:04.336796 recv(0,  <unfinished ...>
18041 14:10:04.625241 <... recv resumed> "USER msfadmin\r\n", 4096, MSG_PEEK) = 15
18041 14:10:04.625283 read(0, "USER msfadmin\r\n", 15) = 15
18041 14:10:04.625308 write(0, "331 Any password will do.\r\n", 27) = 27
18041 14:10:04.625372 rt_sigaction(SIGALRM, {0x805cad0, ~[RTMIN RT_1], 0}, NULL, 8) = 0
18041 14:10:04.625391 alarm(300)        = 299
18041 14:10:04.625404 recv(0, "PASS msfadmin\r\n", 4096, MSG_PEEK) = 15
18041 14:10:04.625417 read(0, "PASS msfadmin\r\n", 15) = 15
18041 14:10:04.625434 write(0, "230 Already logged in.\r\n", 24) = 24
18041 14:10:04.625498 rt_sigaction(SIGALRM, {0x805cad0, ~[RTMIN RT_1], 0}, NULL, 8) = 0
18041 14:10:04.625513 alarm(300)        = 300
18041 14:10:04.625525 recv(0, "TYPE I\r\n", 4096, MSG_PEEK) = 8
18041 14:10:04.625537 read(0, "TYPE I\r\n", 8) = 8
18041 14:10:04.625552 write(0, "200 Switching to Binary mode.\r\n", 31) = 31
18041 14:10:04.625588 rt_sigaction(SIGALRM, {0x805cad0, ~[RTMIN RT_1], 0}, NULL, 8) = 0
18041 14:10:04.625603 alarm(300)        = 300
18041 14:10:04.625614 recv(0, "PASV\r\n", 4096, MSG_PEEK) = 6
18041 14:10:04.625625 read(0, "PASV\r\n", 6) = 6
18041 14:10:04.625638 write(5, "\n", 1) = 1
18041 14:10:04.625651 read(5,  <unfinished ...>
18039 14:10:04.625669 <... read resumed> "\n", 1) = 1
18039 14:10:04.625679 write(4, "\1", 1) = 1
18041 14:10:04.625691 <... read resumed> "\1", 1) = 1
18041 14:10:04.625699 write(5, "\f", 1) = 1
18041 14:10:04.625709 read(5,  <unfinished ...>
18039 14:10:04.625716 read(4, "\f", 1)  = 1
18039 14:10:04.625729 socket(PF_INET, SOCK_STREAM, IPPROTO_TCP) = 5
18039 14:10:04.625745 setsockopt(5, SOL_SOCKET, SO_REUSEADDR, [1], 4) = 0
18039 14:10:04.625760 bind(5, {sa_family=AF_INET, sin_port=htons(48989), sin_addr=inet_addr("127.0.0.1")}, 16) = 0
18039 14:10:04.625777 listen(5, 1)      = 0
18039 14:10:04.625795 write(4, "]\277\0\0", 4) = 4
18041 14:10:04.625806 <... read resumed> "]\277\0\0", 4) = 4
18041 14:10:04.625818 write(0, "227 Entering Passive Mode (127,0,0,1,191,93).\r\n", 47) = 47
18041 14:10:04.625983 rt_sigaction(SIGALRM, {0x805cad0, ~[RTMIN RT_1], 0}, NULL, 8) = 0
18041 14:10:04.626001 alarm(300)        = 300
18041 14:10:04.626012 recv(0, "RETR myfile27\r\n", 4096, MSG_PEEK) = 15
18041 14:10:04.626025 read(0, "RETR myfile27\r\n", 15) = 15
18041 14:10:04.626038 write(5, "\v", 1) = 1
18041 14:10:04.626049 read(5,  <unfinished ...>
18039 14:10:04.626056 read(4, "\v", 1)  = 1
18039 14:10:04.626067 write(4, "\1\0\0\0", 4) = 4
18041 14:10:04.626078 <... read resumed> "\1\0\0\0", 4) = 4
18041 14:10:04.626087 gettimeofday({1495649404, 626091}, NULL) = 0
18041 14:10:04.626098 getcwd("/home/msfadmin", 4096) = 15
18041 14:10:04.626112 open("myfile27", O_RDONLY|O_NONBLOCK|O_LARGEFILE) = 4
18041 14:10:04.626126 fcntl64(4, F_SETLKW64, {type=F_RDLCK, whence=SEEK_SET, start=0, len=0}, 0xbfda57b4) = 0
18041 14:10:04.626142 fstat64(4, {st_mode=S_IFREG|0644, st_size=17, ...}) = 0
18041 14:10:04.626160 fcntl64(4, F_GETFL) = 0x8800 (flags O_RDONLY|O_NONBLOCK|O_LARGEFILE)
18041 14:10:04.626171 fcntl64(4, F_SETFL, O_RDONLY|O_LARGEFILE) = 0
18041 14:10:04.626183 write(5, "\v", 1) = 1
18041 14:10:04.626194 read(5,  <unfinished ...>
18039 14:10:04.626201 read(4, "\v", 1)  = 1
18039 14:10:04.626212 write(4, "\1\0\0\0", 4) = 4
18041 14:10:04.626223 <... read resumed> "\1\0\0\0", 4) = 4
18041 14:10:04.626231 write(5, "\v", 1) = 1
18041 14:10:04.626241 read(5,  <unfinished ...>
18039 14:10:04.626248 read(4, "\v", 1)  = 1
18039 14:10:04.626259 write(4, "\1\0\0\0", 4) = 4
18041 14:10:04.626269 <... read resumed> "\1\0\0\0", 4) = 4
18041 14:10:04.626277 write(5, "\r", 1) = 1
18041 14:10:04.626287 read(5,  <unfinished ...>
18039 14:10:04.626293 read(4, "\r", 1)  = 1
18039 14:10:04.626306 select(6, [5], NULL, NULL, {60, 0}) = 1 (in [5], left {60, 0})
18039 14:10:04.626465 accept(5, {sa_family=AF_INET, sin_port=htons(37328), sin_addr=inet_addr("127.0.0.1")}, [16]) = 6
18039 14:10:04.626501 write(4, "\1", 1) = 1
18041 14:10:04.626513 <... read resumed> "\1", 1) = 1
18041 14:10:04.626521 recvmsg(5,  <unfinished ...>
18039 14:10:04.626530 sendmsg(4, {msg_name(0)=NULL, msg_iov(1)=[{"\0", 1}], msg_controllen=16, {cmsg_len=16, cmsg_level=SOL_SOCKET, cmsg_type=SCM_RIGHTS, {6}}, msg_flags=0}, 0) = 1
18041 14:10:04.626548 <... recvmsg resumed> {msg_name(0)=NULL, msg_iov(1)=[{"\0", 1}], msg_controllen=16, {cmsg_len=16, cmsg_level=SOL_SOCKET, cmsg_type=SCM_RIGHTS, {6}}, msg_flags=0}, 0) = 1
18041 14:10:04.626561 setsockopt(6, SOL_SOCKET, SO_KEEPALIVE, [1], 4) = 0
18041 14:10:04.626573 setsockopt(6, SOL_IP, IP_TOS, [8], 4) = 0
18041 14:10:04.626586 setsockopt(6, SOL_SOCKET, SO_LINGER, {onoff=1, linger=32767}, 8) = 0
18041 14:10:04.626598 rt_sigaction(SIGALRM, {0x805cad0, ~[RTMIN RT_1], 0}, NULL, 8) = 0
18041 14:10:04.626612 alarm(300)        = 300
18041 14:10:04.626626 write(0, "150 Opening BINARY mode data connection for myfile27 (17 bytes).\r\n", 66) = 66
18041 14:10:04.626668 _llseek(4, 0, [0], SEEK_CUR) = 0
18041 14:10:04.626681 fstat64(4, {st_mode=S_IFREG|0644, st_size=17, ...}) = 0
18041 14:10:04.626698 _llseek(4, 0, [0], SEEK_SET) = 0
18041 14:10:04.626709 sendfile(6, 4, NULL, 17) = 17
18041 14:10:04.626739 rt_sigaction(SIGALRM, {0x805cad0, ~[RTMIN RT_1], 0}, NULL, 8) = 0
18041 14:10:04.626754 alarm(300)        = 300
18041 14:10:04.626768 close(6)          = 0
18041 14:10:04.626778 alarm(0)          = 300
18041 14:10:04.626788 gettimeofday({1495649404, 626792}, NULL) = 0
18041 14:10:04.626804 gettimeofday({1495649404, 626808}, NULL) = 0
18041 14:10:04.626819 fcntl64(3, F_SETLKW64, {type=F_WRLCK, whence=SEEK_SET, start=0, len=0}, 0xbfda5754) = 0
18041 14:10:04.626834 write(3, "Wed May 24 14:10:04 2017 [pid 18041] [msfadmin] OK DOWNLOAD: Client \"127.0.0.1\", \"/home/msfadmin/myfile27\", 17 bytes, 23.15Kbyte/sec\n", 133) = 133
18041 14:10:04.626855 fcntl64(3, F_SETLK64, {type=F_UNLCK, whence=SEEK_SET, start=0, len=0}, 0xbfda575c) = 0
18041 14:10:04.626870 write(0, "226 Transfer complete.\r\n", 24) = 24
18041 14:10:04.626885 write(5, "\n", 1) = 1
18041 14:10:04.626896 read(5,  <unfinished ...>
18039 14:10:04.626903 close(6)          = 0
18039 14:10:04.627052 read(4, "\n", 1)  = 1
18039 14:10:04.627066 close(5)          = 0
18039 14:10:04.627078 write(4, "\1", 1) = 1
18041 14:10:04.627089 <... read resumed> "\1", 1) = 1
18041 14:10:04.627097 close(4)          = 0
18041 14:10:04.627108 rt_sigaction(SIGALRM, {0x805cad0, ~[RTMIN RT_1], 0}, NULL, 8) = 0
18041 14:10:04.627121 alarm(300)        = 0
18041 14:10:04.627133 recv(0,  <unfinished ...>
18039 14:10:04.627140 read(4,  <unfinished ...>
18038 14:10:04.855310 <... recv resumed> "TYPE I\r\n", 4096, MSG_PEEK) = 8
18038 14:10:04.855341 read(0, "TYPE I\r\n", 8) = 8
18038 14:10:04.855364 write(0, "200 Switching to Binary mode.\r\n", 31) = 31
18038 14:10:04.855415 rt_sigaction(SIGALRM, {0x805cad0, ~[RTMIN RT_1], 0}, NULL, 8) = 0
18038 14:10:04.855433 alarm(300)        = 299
18038 14:10:04.855446 recv(0, "PASV\r\n", 4096, MSG_PEEK) = 6
18038 14:10:04.855458 read(0, "PASV\r\n", 6) = 6
18038 14:10:04.855470 write(5, "\n", 1 <unfinished ...>
18036 14:10:04.855481 <... read resumed> "\n", 1) = 1
18038 14:10:04.855487 <... write resumed> ) = 1
18036 14:10:04.855495 write(4, "\1", 1 <unfinished ...>
18038 14:10:04.855501 read(5,  <unfinished ...>
18036 14:10:04.855507 <... write resumed> ) = 1
18038 14:10:04.855511 <... read resumed> "\1", 1) = 1
18036 14:10:04.855519 read(4,  <unfinished ...>
18038 14:10:04.855524 write(5, "\f", 1 <unfinished ...>
18036 14:10:04.855531 <... read resumed> "\f", 1) = 1
18038 14:10:04.855536 <... write resumed> ) = 1
18036 14:10:04.855544 socket(PF_INET, SOCK_STREAM, IPPROTO_TCP <unfinished ...>
18038 14:10:04.855550 read(5,  <unfinished ...>
18036 14:10:04.855559 <... socket resumed> ) = 5
18036 14:10:04.855567 setsockopt(5, SOL_SOCKET, SO_REUSEADDR, [1], 4) = 0
18036 14:10:04.855583 bind(5, {sa_family=AF_INET, sin_port=htons(14224), sin_addr=inet_addr("127.0.0.1")}, 16) = 0
18036 14:10:04.855622 listen(5, 1)      = 0
18036 14:10:04.855637 write(4, "\2207\0\0", 4 <unfinished ...>
18038 14:10:04.855656 <... read resumed> "\2207\0\0", 4) = 4
18036 14:10:04.855661 <... write resumed> ) = 4
18038 14:10:04.855674 write(0, "227 Entering Passive Mode (127,0,0,1,55,144).\r\n", 47 <unfinished ...>
18036 14:10:04.855682 read(4,  <unfinished ...>
18038 14:10:04.855788 <... write resumed> ) = 47
18038 14:10:04.855800 rt_sigaction(SIGALRM, {0x805cad0, ~[RTMIN RT_1], 0}, NULL, 8) = 0
18038 14:10:04.855815 alarm(300)        = 300
18038 14:10:04.855827 recv(0, "STOR myfile31\r\n", 4096, MSG_PEEK) = 15
18038 14:10:04.855840 read(0, "STOR myfile31\r\n", 15) = 15
18038 14:10:04.855853 write(5, "\v", 1 <unfinished ...>
18036 14:10:04.855861 <... read resumed> "\v", 1) = 1
18038 14:10:04.855866 <... write resumed> ) = 1
18036 14:10:04.855874 write(4, "\1\0\0\0", 4 <unfinished ...>
18038 14:10:04.855879 read(5,  <unfinished ...>
18036 14:10:04.855886 <... write resumed> ) = 4
18038 14:10:04.855890 <... read resumed> "\1\0\0\0", 4) = 4
18036 14:10:04.855898 read(4,  <unfinished ...>
18038 14:10:04.855903 gettimeofday({1495649404, 855907}, NULL) = 0
18038 14:10:04.855915 getcwd("/home/msfadmin", 4096) = 15
18038 14:10:04.855928 open("myfile31", O_WRONLY|O_CREAT|O_NONBLOCK|O_LARGEFILE, 0666) = 4
18038 14:10:04.855943 fstat64(4, {st_mode=S_IFREG|0644, st_size=17, ...}) = 0
18038 14:10:04.855961 fcntl64(4, F_GETFL) = 0x8801 (flags O_WRONLY|O_NONBLOCK|O_LARGEFILE)
18038 14:10:04.855982 fcntl64(4, F_SETFL, O_WRONLY|O_LARGEFILE) = 0
18038 14:10:04.855992 fcntl64(4, F_SETLKW64, {type=F_WRLCK, whence=SEEK_SET, start=0, len=0}, 0xbfd27714) = 0
18038 14:10:04.856007 ftruncate64(4, 0) = 0
18038 14:10:04.856026 _llseek(4, 0, [0], SEEK_SET) = 0
18038 14:10:04.856038 write(5, "\v", 1 <unfinished ...>
18036 14:10:04.856045 <... read resumed> "\v", 1) = 1
18038 14:10:04.856050 <... write resumed> ) = 1
18036 14:10:04.856057 write(4, "\1\0\0\0", 4 <unfinished ...>
18038 14:10:04.856063 read(5,  <unfinished ...>
18036 14:10:04.856069 <... write resumed> ) = 4
18038 14:10:04.856073 <... read resumed> "\1\0\0\0", 4) = 4
18036 14:10:04.856082 read(4,  <unfinished ...>
18038 14:10:04.856086 write(5, "\v", 1 <unfinished ...>
18036 14:10:04.856093 <... read resumed> "\v", 1) = 1
18038 14:10:04.856098 <... write resumed> ) = 1
18036 14:10:04.856105 write(4, "\1\0\0\0", 4 <unfinished ...>
18038 14:10:04.856110 read(5,  <unfinished ...>
18036 14:10:04.856116 <... write resumed> ) = 4
18038 14:10:04.856120 <... read resumed> "\1\0\0\0", 4) = 4
18036 14:10:04.856129 read(4,  <unfinished ...>
18038 14:10:04.856133 write(5, "\r", 1 <unfinished ...>
18036 14:10:04.856140 <... read resumed> "\r", 1) = 1
18038 14:10:04.856145 <... write resumed> ) = 1
18036 14:10:04.856153 select(6, [5], NULL, NULL, {60, 0} <unfinished ...>
18038 14:10:04.856160 read(5,  <unfinished ...>
18036 14:10:04.856167 <... select resumed> ) = 1 (in [5], left {60, 0})
18036 14:10:04.856177 accept(5, {sa_family=AF_INET, sin_port=htons(58977), sin_addr=inet_addr("127.0.0.1")}, [16]) = 6
18036 14:10:04.856199 write(4, "\1", 1 <unfinished ...>
18038 14:10:04.856207 <... read resumed> "\1", 1) = 1
18036 14:10:04.856212 <... write resumed> ) = 1
18038 14:10:04.856220 recvmsg(5,  <unfinished ...>
18036 14:10:04.856226 sendmsg(4, {msg_name(0)=NULL, msg_iov(1)=[{"\0", 1}], msg_controllen=16, {cmsg_len=16, cmsg_level=SOL_SOCKET, cmsg_type=SCM_RIGHTS, {6}}, msg_flags=0}, 0 <unfinished ...>
18038 14:10:04.856241 <... recvmsg resumed> {msg_name(0)=NULL, msg_iov(1)=[{"\0", 1}], msg_controllen=16, {cmsg_len=16, cmsg_level=SOL_SOCKET, cmsg_type=SCM_RIGHTS, {6}}, msg_flags=0}, 0) = 1
18036 14:10:04.856251 <... sendmsg resumed> ) = 1
18038 14:10:04.856259 setsockopt(6, SOL_SOCKET, SO_KEEPALIVE, [1], 4 <unfinished ...>
18036 14:10:04.856264 close(6 <unfinished ...>
18038 14:10:04.856271 <... setsockopt resumed> ) = 0
18036 14:10:04.856275 <... close resumed> ) = 0
18038 14:10:04.856283 setsockopt(6, SOL_IP, IP_TOS, [8], 4 <unfinished ...>
18036 14:10:04.856289 read(4,  <unfinished ...>
18038 14:10:04.856295 <... setsockopt resumed> ) = 0
18038 14:10:04.856302 setsockopt(6, SOL_SOCKET, SO_LINGER, {onoff=1, linger=32767}, 8) = 0
18038 14:10:04.856314 rt_sigaction(SIGALRM, {0x805cad0, ~[RTMIN RT_1], 0}, NULL, 8) = 0
18038 14:10:04.856327 alarm(300)        = 300
18038 14:10:04.856340 write(0, "150 Ok to send data.\r\n", 22) = 22
18038 14:10:04.856405 read(6, "assasaaa\na\na\na\na\n", 65536) = 17
18038 14:10:04.856419 write(4, "assasaaa\na\na\na\na\n", 17) = 17
18038 14:10:04.856436 read(6, "", 65536) = 0
18038 14:10:04.856446 rt_sigaction(SIGALRM, {0x805cad0, ~[RTMIN RT_1], 0}, NULL, 8) = 0
18038 14:10:04.856460 alarm(300)        = 300
18038 14:10:04.856470 close(6)          = 0
18038 14:10:04.856488 alarm(0)          = 300
18038 14:10:04.856498 gettimeofday({1495649404, 856502}, NULL) = 0
18038 14:10:04.856514 gettimeofday({1495649404, 856518}, NULL) = 0
18038 14:10:04.856529 fcntl64(3, F_SETLKW64, {type=F_WRLCK, whence=SEEK_SET, start=0, len=0}, 0xbfd276b4) = 0
18038 14:10:04.856544 write(3, "Wed May 24 14:10:04 2017 [pid 18038] [msfadmin] OK UPLOAD: Client \"127.0.0.1\", \"/home/msfadmin/myfile31\", 17 bytes, 27.17Kbyte/sec\n", 131) = 131
18038 14:10:04.856566 fcntl64(3, F_SETLK64, {type=F_UNLCK, whence=SEEK_SET, start=0, len=0}, 0xbfd276bc) = 0
18038 14:10:04.856597 write(0, "226 Transfer complete.\r\n", 24) = 24
18038 14:10:04.856652 write(5, "\n", 1 <unfinished ...>
18036 14:10:04.856662 <... read resumed> "\n", 1) = 1
18038 14:10:04.856670 <... write resumed> ) = 1
18036 14:10:04.856677 close(5)          = 0
18036 14:10:04.856689 write(4, "\1", 1) = 1
18036 14:10:04.856700 read(4,  <unfinished ...>
18038 14:10:04.856707 read(5, "\1", 1)  = 1
18038 14:10:04.856719 close(4)          = 0
18038 14:10:04.856730 rt_sigaction(SIGALRM, {0x805cad0, ~[RTMIN RT_1], 0}, NULL, 8) = 0
18038 14:10:04.856743 alarm(300)        = 0
18038 14:10:04.856754 recv(0,  <unfinished ...>
18041 14:10:05.165291 <... recv resumed> "USER msfadmin\r\n", 4096, MSG_PEEK) = 15
18041 14:10:05.165333 read(0, "USER msfadmin\r\n", 15) = 15
18041 14:10:05.165358 write(0, "331 Any password will do.\r\n", 27) = 27
18041 14:10:05.165405 rt_sigaction(SIGALRM, {0x805cad0, ~[RTMIN RT_1], 0}, NULL, 8) = 0
18041 14:10:05.165423 alarm(300)        = 299
18041 14:10:05.165436 recv(0, "PASS msfadmin\r\n", 4096, MSG_PEEK) = 15
18041 14:10:05.165448 read(0, "PASS msfadmin\r\n", 15) = 15
18041 14:10:05.165465 write(0, "230 Already logged in.\r\n", 24) = 24
18041 14:10:05.165527 rt_sigaction(SIGALRM, {0x805cad0, ~[RTMIN RT_1], 0}, NULL, 8) = 0
18041 14:10:05.165543 alarm(300)        = 300
18041 14:10:05.165555 recv(0, "TYPE I\r\n", 4096, MSG_PEEK) = 8
18041 14:10:05.165566 read(0, "TYPE I\r\n", 8) = 8
18041 14:10:05.165581 write(0, "200 Switching to Binary mode.\r\n", 31) = 31
18041 14:10:05.165618 rt_sigaction(SIGALRM, {0x805cad0, ~[RTMIN RT_1], 0}, NULL, 8) = 0
18041 14:10:05.165633 alarm(300)        = 300
18041 14:10:05.165644 recv(0, "PASV\r\n", 4096, MSG_PEEK) = 6
18041 14:10:05.165685 read(0, "PASV\r\n", 6) = 6
18041 14:10:05.165701 write(5, "\n", 1) = 1
18041 14:10:05.165724 read(5,  <unfinished ...>
18039 14:10:05.165733 <... read resumed> "\n", 1) = 1
18039 14:10:05.165743 write(4, "\1", 1) = 1
18041 14:10:05.165754 <... read resumed> "\1", 1) = 1
18041 14:10:05.165761 write(5, "\f", 1) = 1
18041 14:10:05.165772 read(5,  <unfinished ...>
18039 14:10:05.165778 read(4, "\f", 1)  = 1
18039 14:10:05.165791 socket(PF_INET, SOCK_STREAM, IPPROTO_TCP) = 5
18039 14:10:05.165807 setsockopt(5, SOL_SOCKET, SO_REUSEADDR, [1], 4) = 0
18039 14:10:05.165822 bind(5, {sa_family=AF_INET, sin_port=htons(29332), sin_addr=inet_addr("127.0.0.1")}, 16) = 0
18039 14:10:05.165839 listen(5, 1)      = 0
18039 14:10:05.165853 write(4, "\224r\0\0", 4) = 4
18041 14:10:05.165865 <... read resumed> "\224r\0\0", 4) = 4
18041 14:10:05.165877 write(0, "227 Entering Passive Mode (127,0,0,1,114,148).\r\n", 48) = 48
18041 14:10:05.165993 rt_sigaction(SIGALRM, {0x805cad0, ~[RTMIN RT_1], 0}, NULL, 8) = 0
18041 14:10:05.166010 alarm(300)        = 300
18041 14:10:05.166022 recv(0, "RETR myfile28\r\n", 4096, MSG_PEEK) = 15
18041 14:10:05.166034 read(0, "RETR myfile28\r\n", 15) = 15
18041 14:10:05.166052 write(5, "\v", 1) = 1
18041 14:10:05.166063 read(5,  <unfinished ...>
18039 14:10:05.166070 read(4, "\v", 1)  = 1
18039 14:10:05.166092 write(4, "\1\0\0\0", 4) = 4
18041 14:10:05.166104 <... read resumed> "\1\0\0\0", 4) = 4
18041 14:10:05.166112 gettimeofday({1495649405, 166116}, NULL) = 0
18041 14:10:05.166133 getcwd("/home/msfadmin", 4096) = 15
18041 14:10:05.166146 open("myfile28", O_RDONLY|O_NONBLOCK|O_LARGEFILE) = 4
18041 14:10:05.166160 fcntl64(4, F_SETLKW64, {type=F_RDLCK, whence=SEEK_SET, start=0, len=0}, 0xbfda57b4) = 0
18041 14:10:05.166176 fstat64(4, {st_mode=S_IFREG|0644, st_size=17, ...}) = 0
18041 14:10:05.166193 fcntl64(4, F_GETFL) = 0x8800 (flags O_RDONLY|O_NONBLOCK|O_LARGEFILE)
18041 14:10:05.166204 fcntl64(4, F_SETFL, O_RDONLY|O_LARGEFILE) = 0
18041 14:10:05.166216 write(5, "\v", 1) = 1
18041 14:10:05.166227 read(5,  <unfinished ...>
18039 14:10:05.166234 read(4, "\v", 1)  = 1
18039 14:10:05.166245 write(4, "\1\0\0\0", 4) = 4
18041 14:10:05.166256 <... read resumed> "\1\0\0\0", 4) = 4
18041 14:10:05.166264 write(5, "\v", 1) = 1
18041 14:10:05.166274 read(5,  <unfinished ...>
18039 14:10:05.166280 read(4, "\v", 1)  = 1
18039 14:10:05.166291 write(4, "\1\0\0\0", 4) = 4
18041 14:10:05.166302 <... read resumed> "\1\0\0\0", 4) = 4
18041 14:10:05.166310 write(5, "\r", 1) = 1
18041 14:10:05.166327 read(5,  <unfinished ...>
18039 14:10:05.166334 read(4, "\r", 1)  = 1
18039 14:10:05.166346 select(6, [5], NULL, NULL, {60, 0}) = 1 (in [5], left {60, 0})
18039 14:10:05.166363 accept(5, {sa_family=AF_INET, sin_port=htons(56513), sin_addr=inet_addr("127.0.0.1")}, [16]) = 6
18039 14:10:05.166385 write(4, "\1", 1) = 1
18041 14:10:05.166396 <... read resumed> "\1", 1) = 1
18041 14:10:05.166405 recvmsg(5,  <unfinished ...>
18039 14:10:05.166413 sendmsg(4, {msg_name(0)=NULL, msg_iov(1)=[{"\0", 1}], msg_controllen=16, {cmsg_len=16, cmsg_level=SOL_SOCKET, cmsg_type=SCM_RIGHTS, {6}}, msg_flags=0}, 0) = 1
18041 14:10:05.166431 <... recvmsg resumed> {msg_name(0)=NULL, msg_iov(1)=[{"\0", 1}], msg_controllen=16, {cmsg_len=16, cmsg_level=SOL_SOCKET, cmsg_type=SCM_RIGHTS, {6}}, msg_flags=0}, 0) = 1
18041 14:10:05.166444 setsockopt(6, SOL_SOCKET, SO_KEEPALIVE, [1], 4) = 0
18041 14:10:05.166456 setsockopt(6, SOL_IP, IP_TOS, [8], 4) = 0
18041 14:10:05.166469 setsockopt(6, SOL_SOCKET, SO_LINGER, {onoff=1, linger=32767}, 8) = 0
18041 14:10:05.166480 rt_sigaction(SIGALRM, {0x805cad0, ~[RTMIN RT_1], 0}, NULL, 8) = 0
18041 14:10:05.166493 alarm(300)        = 300
18041 14:10:05.166507 write(0, "150 Opening BINARY mode data connection for myfile28 (17 bytes).\r\n", 66) = 66
18041 14:10:05.166548 _llseek(4, 0, [0], SEEK_CUR) = 0
18041 14:10:05.166561 fstat64(4, {st_mode=S_IFREG|0644, st_size=17, ...}) = 0
18041 14:10:05.166578 _llseek(4, 0, [0], SEEK_SET) = 0
18041 14:10:05.166589 sendfile(6, 4, NULL, 17) = 17
18041 14:10:05.166620 rt_sigaction(SIGALRM, {0x805cad0, ~[RTMIN RT_1], 0}, NULL, 8) = 0
18041 14:10:05.166695 alarm(300)        = 300
18041 14:10:05.166707 close(6)          = 0
18041 14:10:05.166717 alarm(0)          = 300
18041 14:10:05.166726 gettimeofday({1495649405, 166730}, NULL) = 0
18041 14:10:05.166743 gettimeofday({1495649405, 166747}, NULL) = 0
18041 14:10:05.166757 fcntl64(3, F_SETLKW64, {type=F_WRLCK, whence=SEEK_SET, start=0, len=0}, 0xbfda5754) = 0
18041 14:10:05.166773 write(3, "Wed May 24 14:10:05 2017 [pid 18041] [msfadmin] OK DOWNLOAD: Client \"127.0.0.1\", \"/home/msfadmin/myfile28\", 17 bytes, 26.31Kbyte/sec\n", 133) = 133
18041 14:10:05.166794 fcntl64(3, F_SETLK64, {type=F_UNLCK, whence=SEEK_SET, start=0, len=0}, 0xbfda575c) = 0
18041 14:10:05.166809 write(0, "226 Transfer complete.\r\n", 24) = 24
18041 14:10:05.166826 write(5, "\n", 1) = 1
18041 14:10:05.166837 read(5,  <unfinished ...>
18039 14:10:05.166844 close(6)          = 0
18039 14:10:05.166929 read(4, "\n", 1)  = 1
18039 14:10:05.166943 close(5)          = 0
18039 14:10:05.166954 write(4, "\1", 1) = 1
18041 14:10:05.166966 <... read resumed> "\1", 1) = 1
18041 14:10:05.166973 close(4)          = 0
18041 14:10:05.166984 rt_sigaction(SIGALRM, {0x805cad0, ~[RTMIN RT_1], 0}, NULL, 8) = 0
18041 14:10:05.166997 alarm(300)        = 0
18041 14:10:05.167009 recv(0,  <unfinished ...>
18039 14:10:05.167016 read(4,  <unfinished ...>
18038 14:10:05.405348 <... recv resumed> "TYPE I\r\n", 4096, MSG_PEEK) = 8
18038 14:10:05.405378 read(0, "TYPE I\r\n", 8) = 8
18038 14:10:05.405405 write(0, "200 Switching to Binary mode.\r\n", 31) = 31
18038 14:10:05.405455 rt_sigaction(SIGALRM, {0x805cad0, ~[RTMIN RT_1], 0}, NULL, 8) = 0
18038 14:10:05.405473 alarm(300)        = 299
18038 14:10:05.405487 recv(0, "PASV\r\n", 4096, MSG_PEEK) = 6
18038 14:10:05.405498 read(0, "PASV\r\n", 6) = 6
18038 14:10:05.405511 write(5, "\n", 1 <unfinished ...>
18036 14:10:05.405523 <... read resumed> "\n", 1) = 1
18038 14:10:05.405528 <... write resumed> ) = 1
18036 14:10:05.405535 write(4, "\1", 1) = 1
18036 14:10:05.405547 read(4,  <unfinished ...>
18038 14:10:05.405554 read(5, "\1", 1)  = 1
18038 14:10:05.405566 write(5, "\f", 1 <unfinished ...>
18036 14:10:05.405573 <... read resumed> "\f", 1) = 1
18038 14:10:05.405578 <... write resumed> ) = 1
18036 14:10:05.405585 socket(PF_INET, SOCK_STREAM, IPPROTO_TCP) = 5
18036 14:10:05.405601 setsockopt(5, SOL_SOCKET, SO_REUSEADDR, [1], 4) = 0
18036 14:10:05.405616 bind(5, {sa_family=AF_INET, sin_port=htons(45025), sin_addr=inet_addr("127.0.0.1")}, 16) = 0
18036 14:10:05.405641 listen(5, 1)      = 0
18036 14:10:05.405655 write(4, "\341\257\0\0", 4) = 4
18036 14:10:05.405667 read(4,  <unfinished ...>
18038 14:10:05.405674 read(5, "\341\257\0\0", 4) = 4
18038 14:10:05.405690 write(0, "227 Entering Passive Mode (127,0,0,1,175,225).\r\n", 48) = 48
18038 14:10:05.405837 rt_sigaction(SIGALRM, {0x805cad0, ~[RTMIN RT_1], 0}, NULL, 8) = 0
18038 14:10:05.405865 alarm(300)        = 300
18038 14:10:05.405876 recv(0, "STOR myfile32\r\n", 4096, MSG_PEEK) = 15
18038 14:10:05.405889 read(0, "STOR myfile32\r\n", 15) = 15
18038 14:10:05.405903 write(5, "\v", 1 <unfinished ...>
18036 14:10:05.405912 <... read resumed> "\v", 1) = 1
18038 14:10:05.405917 <... write resumed> ) = 1
18036 14:10:05.405923 write(4, "\1\0\0\0", 4) = 4
18036 14:10:05.405934 read(4,  <unfinished ...>
18038 14:10:05.405941 read(5, "\1\0\0\0", 4) = 4
18038 14:10:05.405953 gettimeofday({1495649405, 405957}, NULL) = 0
18038 14:10:05.405965 getcwd("/home/msfadmin", 4096) = 15
18038 14:10:05.405978 open("myfile32", O_WRONLY|O_CREAT|O_NONBLOCK|O_LARGEFILE, 0666) = 4
18038 14:10:05.405993 fstat64(4, {st_mode=S_IFREG|0644, st_size=17, ...}) = 0
18038 14:10:05.406011 fcntl64(4, F_GETFL) = 0x8801 (flags O_WRONLY|O_NONBLOCK|O_LARGEFILE)
18038 14:10:05.406023 fcntl64(4, F_SETFL, O_WRONLY|O_LARGEFILE) = 0
18038 14:10:05.406033 fcntl64(4, F_SETLKW64, {type=F_WRLCK, whence=SEEK_SET, start=0, len=0}, 0xbfd27714) = 0
18038 14:10:05.406047 ftruncate64(4, 0) = 0
18038 14:10:05.406067 _llseek(4, 0, [0], SEEK_SET) = 0
18038 14:10:05.406079 write(5, "\v", 1 <unfinished ...>
18036 14:10:05.406086 <... read resumed> "\v", 1) = 1
18038 14:10:05.406091 <... write resumed> ) = 1
18036 14:10:05.406097 write(4, "\1\0\0\0", 4) = 4
18036 14:10:05.406109 read(4,  <unfinished ...>
18038 14:10:05.406116 read(5, "\1\0\0\0", 4) = 4
18038 14:10:05.406127 write(5, "\v", 1 <unfinished ...>
18036 14:10:05.406134 <... read resumed> "\v", 1) = 1
18038 14:10:05.406139 <... write resumed> ) = 1
18036 14:10:05.406145 write(4, "\1\0\0\0", 4) = 4
18036 14:10:05.406156 read(4,  <unfinished ...>
18038 14:10:05.406162 read(5, "\1\0\0\0", 4) = 4
18038 14:10:05.406174 write(5, "\r", 1 <unfinished ...>
18036 14:10:05.406181 <... read resumed> "\r", 1) = 1
18038 14:10:05.406185 <... write resumed> ) = 1
18036 14:10:05.406192 select(6, [5], NULL, NULL, {60, 0}) = 1 (in [5], left {60, 0})
18036 14:10:05.406209 accept(5, {sa_family=AF_INET, sin_port=htons(57395), sin_addr=inet_addr("127.0.0.1")}, [16]) = 6
18036 14:10:05.406231 write(4, "\1", 1) = 1
18036 14:10:05.406244 sendmsg(4, {msg_name(0)=NULL, msg_iov(1)=[{"\0", 1}], msg_controllen=16, {cmsg_len=16, cmsg_level=SOL_SOCKET, cmsg_type=SCM_RIGHTS, {6}}, msg_flags=0}, 0) = 1
18036 14:10:05.406261 close(6)          = 0
18036 14:10:05.406271 read(4,  <unfinished ...>
18038 14:10:05.406278 read(5, "\1", 1)  = 1
18038 14:10:05.406291 recvmsg(5, {msg_name(0)=NULL, msg_iov(1)=[{"\0", 1}], msg_controllen=16, {cmsg_len=16, cmsg_level=SOL_SOCKET, cmsg_type=SCM_RIGHTS, {6}}, msg_flags=0}, 0) = 1
18038 14:10:05.406309 setsockopt(6, SOL_SOCKET, SO_KEEPALIVE, [1], 4) = 0
18038 14:10:05.406322 setsockopt(6, SOL_IP, IP_TOS, [8], 4) = 0
18038 14:10:05.406334 setsockopt(6, SOL_SOCKET, SO_LINGER, {onoff=1, linger=32767}, 8) = 0
18038 14:10:05.406346 rt_sigaction(SIGALRM, {0x805cad0, ~[RTMIN RT_1], 0}, NULL, 8) = 0
18038 14:10:05.406359 alarm(300)        = 300
18038 14:10:05.406372 write(0, "150 Ok to send data.\r\n", 22) = 22
18038 14:10:05.406440 read(6, "assasaaa\na\na\na\na\n", 65536) = 17
18038 14:10:05.406455 write(4, "assasaaa\na\na\na\na\n", 17) = 17
18038 14:10:05.406471 read(6, "", 65536) = 0
18038 14:10:05.406482 rt_sigaction(SIGALRM, {0x805cad0, ~[RTMIN RT_1], 0}, NULL, 8) = 0
18038 14:10:05.406496 alarm(300)        = 300
18038 14:10:05.406506 close(6)          = 0
18038 14:10:05.406523 alarm(0)          = 300
18038 14:10:05.406534 gettimeofday({1495649405, 406537}, NULL) = 0
18038 14:10:05.406549 gettimeofday({1495649405, 406553}, NULL) = 0
18038 14:10:05.406564 fcntl64(3, F_SETLKW64, {type=F_WRLCK, whence=SEEK_SET, start=0, len=0}, 0xbfd276b4) = 0
18038 14:10:05.406583 write(3, "Wed May 24 14:10:05 2017 [pid 18038] [msfadmin] OK UPLOAD: Client \"127.0.0.1\", \"/home/msfadmin/myfile32\", 17 bytes, 27.85Kbyte/sec\n", 131) = 131
18038 14:10:05.406611 fcntl64(3, F_SETLK64, {type=F_UNLCK, whence=SEEK_SET, start=0, len=0}, 0xbfd276bc) = 0
18038 14:10:05.406626 write(0, "226 Transfer complete.\r\n", 24) = 24
18038 14:10:05.406670 write(5, "\n", 1 <unfinished ...>
18036 14:10:05.406679 <... read resumed> "\n", 1) = 1
18038 14:10:05.406684 <... write resumed> ) = 1
18036 14:10:05.406690 close(5)          = 0
18036 14:10:05.406702 write(4, "\1", 1) = 1
18036 14:10:05.406713 read(4,  <unfinished ...>
18038 14:10:05.406720 read(5, "\1", 1)  = 1
18038 14:10:05.406732 close(4)          = 0
18038 14:10:05.406742 rt_sigaction(SIGALRM, {0x805cad0, ~[RTMIN RT_1], 0}, NULL, 8) = 0
18038 14:10:05.406756 alarm(300)        = 0
18038 14:10:05.406808 recv(0,  <unfinished ...>
18041 14:10:05.675333 <... recv resumed> "USER msfadmin\r\n", 4096, MSG_PEEK) = 15
18041 14:10:05.675374 read(0, "USER msfadmin\r\n", 15) = 15
18041 14:10:05.675400 write(0, "331 Any password will do.\r\n", 27) = 27
18041 14:10:05.675446 rt_sigaction(SIGALRM, {0x805cad0, ~[RTMIN RT_1], 0}, NULL, 8) = 0
18041 14:10:05.675464 alarm(300)        = 299
18041 14:10:05.675477 recv(0, "PASS msfadmin\r\n", 4096, MSG_PEEK) = 15
18041 14:10:05.675489 read(0, "PASS msfadmin\r\n", 15) = 15
18041 14:10:05.675505 write(0, "230 Already logged in.\r\n", 24) = 24
18041 14:10:05.675575 rt_sigaction(SIGALRM, {0x805cad0, ~[RTMIN RT_1], 0}, NULL, 8) = 0
18041 14:10:05.675591 alarm(300)        = 300
18041 14:10:05.675603 recv(0, "TYPE I\r\n", 4096, MSG_PEEK) = 8
18041 14:10:05.675615 read(0, "TYPE I\r\n", 8) = 8
18041 14:10:05.675630 write(0, "200 Switching to Binary mode.\r\n", 31) = 31
18041 14:10:05.675667 rt_sigaction(SIGALRM, {0x805cad0, ~[RTMIN RT_1], 0}, NULL, 8) = 0
18041 14:10:05.675681 alarm(300)        = 300
18041 14:10:05.675692 recv(0, "PASV\r\n", 4096, MSG_PEEK) = 6
18041 14:10:05.675704 read(0, "PASV\r\n", 6) = 6
18041 14:10:05.675716 write(5, "\n", 1) = 1
18041 14:10:05.675729 read(5,  <unfinished ...>
