23363 15:05:13.240200 open("/etc/passwd", O_RDONLY|0x80000 /* O_??? */) = 5
23363 15:05:13.240215 _llseek(5, 0, [0], SEEK_CUR) = 0
23363 15:05:13.240226 fstat64(5, {st_mode=S_IFREG|0644, st_size=1624, ...}) = 0
23363 15:05:13.240242 mmap2(NULL, 1624, PROT_READ, MAP_SHARED, 5, 0) = 0xb7f3b000
23363 15:05:13.240254 _llseek(5, 1624, [1624], SEEK_SET) = 0
23363 15:05:13.240274 munmap(0xb7f3b000, 1624) = 0
23363 15:05:13.240285 close(5)          = 0
23363 15:05:13.240314 open("/etc/shadow", O_RDONLY|0x80000 /* O_??? */) = 5
23363 15:05:13.240333 _llseek(5, 0, [0], SEEK_CUR) = 0
23363 15:05:13.240361 fstat64(5, {st_mode=S_IFREG|0640, st_size=1233, ...}) = 0
23363 15:05:13.240379 mmap2(NULL, 1233, PROT_READ, MAP_SHARED, 5, 0) = 0xb7f3b000
23363 15:05:13.240390 _llseek(5, 1233, [1233], SEEK_SET) = 0
23363 15:05:13.240411 munmap(0xb7f3b000, 1233) = 0
23363 15:05:13.240422 close(5)          = 0
23363 15:05:13.240451 open("/etc/passwd", O_RDONLY|0x80000 /* O_??? */) = 5
23363 15:05:13.240475 _llseek(5, 0, [0], SEEK_CUR) = 0
23363 15:05:13.240486 fstat64(5, {st_mode=S_IFREG|0644, st_size=1624, ...}) = 0
23363 15:05:13.240512 mmap2(NULL, 1624, PROT_READ, MAP_SHARED, 5, 0) = 0xb7f3b000
23363 15:05:13.240522 _llseek(5, 1624, [1624], SEEK_SET) = 0
23363 15:05:13.240539 munmap(0xb7f3b000, 1624) = 0
23363 15:05:13.240549 close(5)          = 0
23363 15:05:13.240562 open("/etc/shadow", O_RDONLY|0x80000 /* O_??? */) = 5
23363 15:05:13.240576 _llseek(5, 0, [0], SEEK_CUR) = 0
23363 15:05:13.240587 fstat64(5, {st_mode=S_IFREG|0640, st_size=1233, ...}) = 0
23363 15:05:13.240603 mmap2(NULL, 1233, PROT_READ, MAP_SHARED, 5, 0) = 0xb7f3b000
23363 15:05:13.240615 _llseek(5, 1233, [1233], SEEK_SET) = 0
23363 15:05:13.240632 munmap(0xb7f3b000, 1233) = 0
23363 15:05:13.240641 close(5)          = 0
23363 15:05:13.241309 getuid32()        = 0
23363 15:05:13.241399 open("/etc/passwd", O_RDONLY|0x80000 /* O_??? */) = 5
23363 15:05:13.241448 _llseek(5, 0, [0], SEEK_CUR) = 0
23363 15:05:13.241477 fstat64(5, {st_mode=S_IFREG|0644, st_size=1624, ...}) = 0
23363 15:05:13.241506 mmap2(NULL, 1624, PROT_READ, MAP_SHARED, 5, 0) = 0xb7f3b000
23363 15:05:13.241527 _llseek(5, 1624, [1624], SEEK_SET) = 0
23363 15:05:13.241544 munmap(0xb7f3b000, 1624) = 0
23363 15:05:13.241555 close(5)          = 0
23363 15:05:13.241568 open("/etc/shadow", O_RDONLY|0x80000 /* O_??? */) = 5
23363 15:05:13.241582 _llseek(5, 0, [0], SEEK_CUR) = 0
23363 15:05:13.241592 fstat64(5, {st_mode=S_IFREG|0640, st_size=1233, ...}) = 0
23363 15:05:13.241608 mmap2(NULL, 1233, PROT_READ, MAP_SHARED, 5, 0) = 0xb7f3b000
23363 15:05:13.241618 _llseek(5, 1233, [1233], SEEK_SET) = 0
23363 15:05:13.241635 munmap(0xb7f3b000, 1233) = 0
23363 15:05:13.241645 close(5)          = 0
23363 15:05:13.241656 time(NULL)        = 1495652713
23363 15:05:13.241677 munmap(0xb7f38000, 12164) = 0
23363 15:05:13.241691 munmap(0xb7f36000, 7136) = 0
23363 15:05:13.241706 munmap(0xb7d6b000, 95428) = 0
23363 15:05:13.241718 munmap(0xb7d31000, 201052) = 0
23363 15:05:13.241729 munmap(0xb7d18000, 101180) = 0
23363 15:05:13.241770 gettimeofday({1495652713, 241776}, NULL) = 0
23363 15:05:13.241784 stat64("/usr/share/zoneinfo/UTC+04:00", 0xbfe15784) = -1 ENOENT (No such file or directory)
23363 15:05:13.241812 open("/usr/share/zoneinfo/UTC+04:00", O_RDONLY) = -1 ENOENT (No such file or directory)
23363 15:05:13.241841 fcntl64(3, F_SETLKW64, {type=F_WRLCK, whence=SEEK_SET, start=0, len=0}, 0xbfe158d4) = 0
23363 15:05:13.241858 write(3, "Wed May 24 15:05:13 2017 [pid 23363] [msfadmin] OK LOGIN: Client \"127.0.0.1\"\n", 77) = 77
23363 15:05:13.241876 fcntl64(3, F_SETLK64, {type=F_UNLCK, whence=SEEK_SET, start=0, len=0}, 0xbfe158dc) = 0
23363 15:05:13.241890 rt_sigaction(SIGCHLD, {0x805cad0, ~[RTMIN RT_1], 0}, NULL, 8) = 0
23363 15:05:13.241904 write(4, "\1", 1 <unfinished ...>
23364 15:05:13.241917 <... read resumed> "\1", 1) = 1
23363 15:05:13.241923 <... write resumed> ) = 1
23364 15:05:13.241932 exit_group(0)     = ?
23363 15:05:13.242235 --- SIGCHLD (Child exited) @ 0 (0) ---
23363 15:05:13.242243 sigreturn()       = ? (mask now [])
23363 15:05:13.242263 wait4(-1, [{WIFEXITED(s) && WEXITSTATUS(s) == 0}], 0, NULL) = 23364
23363 15:05:13.242278 close(4)          = 0
23363 15:05:13.242290 socketpair(PF_FILE, SOCK_STREAM, 0, [4, 5]) = 0
23363 15:05:13.242306 rt_sigaction(SIGCHLD, {0x805cad0, ~[RTMIN RT_1], 0}, NULL, 8) = 0
23363 15:05:13.242320 rt_sigaction(SIGALRM, {0x805cb10, ~[RTMIN RT_1], 0}, NULL, 8) = 0
23363 15:05:13.242334 clone(child_stack=0, flags=CLONE_CHILD_CLEARTID|CLONE_CHILD_SETTID|SIGCHLD, child_tidptr=0xb7da16f8) = 23365
23365 15:05:13.242646 prctl(0x1, 0x9, 0, 0, 0) = 0
23365 15:05:13.242661 close(4)          = 0
23365 15:05:13.242689 open("/etc/passwd", O_RDONLY|0x80000 /* O_??? */) = 4
23365 15:05:13.242706 _llseek(4, 0, [0], SEEK_CUR) = 0
23365 15:05:13.242735 fstat64(4, {st_mode=S_IFREG|0644, st_size=1624, ...}) = 0
23365 15:05:13.242756 mmap2(NULL, 1624, PROT_READ, MAP_SHARED, 4, 0) = 0xb7f3b000
23365 15:05:13.242778 _llseek(4, 1624, [1624], SEEK_SET) = 0
23365 15:05:13.242801 munmap(0xb7f3b000, 1624) = 0
23365 15:05:13.242813 close(4)          = 0
23365 15:05:13.242827 getuid32()        = 0
23365 15:05:13.242837 open("/etc/passwd", O_RDONLY|0x80000 /* O_??? */) = 4
23365 15:05:13.242850 _llseek(4, 0, [0], SEEK_CUR) = 0
23365 15:05:13.242861 fstat64(4, {st_mode=S_IFREG|0644, st_size=1624, ...}) = 0
23365 15:05:13.242877 mmap2(NULL, 1624, PROT_READ, MAP_SHARED, 4, 0) = 0xb7f3b000
23365 15:05:13.242887 _llseek(4, 1624, [1624], SEEK_SET) = 0
23365 15:05:13.242903 munmap(0xb7f3b000, 1624) = 0
23365 15:05:13.242913 close(4)          = 0
23365 15:05:13.242940 open("/proc/sys/kernel/ngroups_max", O_RDONLY) = 4
23365 15:05:13.242962 read(4, "65536\n", 31) = 6
23365 15:05:13.242974 close(4)          = 0
23365 15:05:13.242988 socket(PF_FILE, SOCK_STREAM, 0) = 4
23365 15:05:13.243000 fcntl64(4, F_SETFL, O_RDWR|O_NONBLOCK) = 0
23365 15:05:13.243011 connect(4, {sa_family=AF_FILE, path="/var/run/nscd/socket"}, 110) = -1 ENOENT (No such file or directory)
23365 15:05:13.243034 close(4)          = 0
23365 15:05:13.243045 socket(PF_FILE, SOCK_STREAM, 0) = 4
23365 15:05:13.243055 fcntl64(4, F_SETFL, O_RDWR|O_NONBLOCK) = 0
23365 15:05:13.243066 connect(4, {sa_family=AF_FILE, path="/var/run/nscd/socket"}, 110) = -1 ENOENT (No such file or directory)
23365 15:05:13.243084 close(4)          = 0
23365 15:05:13.243108 open("/etc/group", O_RDONLY|0x80000 /* O_??? */) = 4
23365 15:05:13.243122 _llseek(4, 0, [0], SEEK_CUR) = 0
23365 15:05:13.243133 fstat64(4, {st_mode=S_IFREG|0644, st_size=886, ...}) = 0
23365 15:05:13.243149 mmap2(NULL, 886, PROT_READ, MAP_SHARED, 4, 0) = 0xb7f3b000
23365 15:05:13.243160 _llseek(4, 886, [886], SEEK_SET) = 0
23365 15:05:13.243185 fstat64(4, {st_mode=S_IFREG|0644, st_size=886, ...}) = 0
23365 15:05:13.243202 munmap(0xb7f3b000, 886) = 0
23365 15:05:13.243217 close(4)          = 0
23365 15:05:13.243227 setgroups32(13, [1000, 4, 20, 24, 25, 29, 30, 44, 46, 107, 111, 112, 119]) = 0
23365 15:05:13.243244 geteuid32()       = 0
23365 15:05:13.243255 getegid32()       = 0
23365 15:05:13.243266 setregid32(-1, 1000) = 0
23365 15:05:13.243277 setreuid32(-1, 1000) = 0
23365 15:05:13.243288 chdir("/home/msfadmin") = 0
23365 15:05:13.243300 setreuid32(-1, 0) = 0
23365 15:05:13.243309 setregid32(-1, 0) = 0
23365 15:05:13.243320 setgid32(1000)    = 0
23365 15:05:13.243330 setuid32(1000)    = 0
23365 15:05:13.243341 setrlimit(RLIMIT_NPROC, {rlim_cur=0, rlim_max=0}) = 0
23365 15:05:13.243355 mmap2(NULL, 12288, PROT_READ|PROT_WRITE, MAP_PRIVATE|MAP_ANONYMOUS, -1, 0) = 0xb7f39000
23365 15:05:13.243366 mprotect(0xb7f3b000, 4096, PROT_NONE) = 0
23365 15:05:13.243378 mprotect(0xb7f39000, 4096, PROT_NONE) = 0
23365 15:05:13.243389 getcwd("/home/msfadmin", 4096) = 15
23365 15:05:13.243403 umask(022)        = 077
23365 15:05:13.243413 getcwd("/home/msfadmin", 4096) = 15
23365 15:05:13.243427 open(".message", O_RDONLY|O_NONBLOCK|O_LARGEFILE) = -1 ENOENT (No such file or directory)
23365 15:05:13.243449 write(0, "230 Login successful.\r\n", 23) = 23
23365 15:05:13.243547 rt_sigaction(SIGALRM, {0x805cad0, ~[RTMIN RT_1], 0}, NULL, 8) = 0
23365 15:05:13.243565 alarm(300)        = 0
23365 15:05:13.243576 mmap2(NULL, 12288, PROT_READ|PROT_WRITE, MAP_PRIVATE|MAP_ANONYMOUS, -1, 0) = 0xb7f36000
23365 15:05:13.243588 mprotect(0xb7f38000, 4096, PROT_NONE) = 0
23365 15:05:13.243599 mprotect(0xb7f36000, 4096, PROT_NONE) = 0
23365 15:05:13.243612 recv(0, "TYPE I\r\n", 4096, MSG_PEEK) = 8
23365 15:05:13.243626 read(0, "TYPE I\r\n", 8) = 8
23365 15:05:13.243643 write(0, "200 Switching to Binary mode.\r\n", 31) = 31
23365 15:05:13.243683 rt_sigaction(SIGALRM, {0x805cad0, ~[RTMIN RT_1], 0}, NULL, 8) = 0
23365 15:05:13.243717 alarm(300)        = 300
23365 15:05:13.243741 recv(0, "PASV\r\n", 4096, MSG_PEEK) = 6
23365 15:05:13.243753 read(0, "PASV\r\n", 6) = 6
23365 15:05:13.243765 write(5, "\n", 1) = 1
23365 15:05:13.243776 read(5,  <unfinished ...>
23363 15:05:13.243788 close(5)          = 0
23363 15:05:13.243801 getuid32()        = 0
23363 15:05:13.243816 open("/etc/passwd", O_RDONLY|0x80000 /* O_??? */) = 5
23363 15:05:13.243831 _llseek(5, 0, [0], SEEK_CUR) = 0
23363 15:05:13.243843 fstat64(5, {st_mode=S_IFREG|0644, st_size=1624, ...}) = 0
23363 15:05:13.243861 mmap2(NULL, 1624, PROT_READ, MAP_SHARED, 5, 0) = 0xb7f3b000
23363 15:05:13.243872 _llseek(5, 1624, [1624], SEEK_SET) = 0
23363 15:05:13.243890 munmap(0xb7f3b000, 1624) = 0
23363 15:05:13.243902 close(5)          = 0
23363 15:05:13.243918 setgroups32(0, []) = 0
23363 15:05:13.243930 chdir("/usr/share/empty") = 0
23363 15:05:13.243942 chroot(".")       = 0
23363 15:05:13.243953 capset(NULL, NULL) = -1 EFAULT (Bad address)
23363 15:05:13.243967 prctl(0x8, 0, 0xbfe158b8, 0x80549a6, 0xbfe158a0) = 0
23363 15:05:13.243978 prctl(0x8, 0x1, 0xbfe158b8, 0x8054a49, 0xbfe158a0) = 0
23363 15:05:13.243988 setgid32(65534)   = 0
23363 15:05:13.243998 setuid32(65534)   = 0
23363 15:05:13.244008 capset(0x19980330, 0, {CAP_NET_BIND_SERVICE, CAP_NET_BIND_SERVICE, 0}) = 0
23363 15:05:13.244021 read(4, "\n", 1)  = 1
23363 15:05:13.244034 write(4, "\1", 1) = 1
23365 15:05:13.244046 <... read resumed> "\1", 1) = 1
23365 15:05:13.244053 write(5, "\f", 1) = 1
23365 15:05:13.244063 read(5,  <unfinished ...>
23363 15:05:13.244070 read(4, "\f", 1)  = 1
23363 15:05:13.244083 socket(PF_INET, SOCK_STREAM, IPPROTO_TCP) = 5
23363 15:05:13.244097 setsockopt(5, SOL_SOCKET, SO_REUSEADDR, [1], 4) = 0
23363 15:05:13.244108 gettimeofday({1495652713, 244112}, NULL) = 0
23363 15:05:13.244125 bind(5, {sa_family=AF_INET, sin_port=htons(14171), sin_addr=inet_addr("127.0.0.1")}, 16) = 0
23363 15:05:13.244142 listen(5, 1)      = 0
23363 15:05:13.244156 write(4, "[7\0\0", 4) = 4
23365 15:05:13.244166 <... read resumed> "[7\0\0", 4) = 4
23365 15:05:13.244180 write(0, "227 Entering Passive Mode (127,0,0,1,55,91).\r\n", 46) = 46
23365 15:05:13.244288 rt_sigaction(SIGALRM, {0x805cad0, ~[RTMIN RT_1], 0}, NULL, 8) = 0
23365 15:05:13.244309 alarm(300)        = 300
23365 15:05:13.244321 recv(0, "RETR myfile4\r\n", 4096, MSG_PEEK) = 14
23365 15:05:13.244333 read(0, "RETR myfile4\r\n", 14) = 14
23365 15:05:13.244348 write(5, "\v", 1) = 1
23365 15:05:13.244359 read(5,  <unfinished ...>
23363 15:05:13.244366 read(4, "\v", 1)  = 1
23363 15:05:13.244377 write(4, "\1\0\0\0", 4) = 4
23365 15:05:13.244388 <... read resumed> "\1\0\0\0", 4) = 4
23365 15:05:13.244397 gettimeofday({1495652713, 244400}, NULL) = 0
23365 15:05:13.244407 getcwd("/home/msfadmin", 4096) = 15
23365 15:05:13.244420 open("myfile4", O_RDONLY|O_NONBLOCK|O_LARGEFILE) = 4
23365 15:05:13.244433 fcntl64(4, F_SETLKW64, {type=F_RDLCK, whence=SEEK_SET, start=0, len=0}, 0xbfe15824) = 0
23365 15:05:13.244446 fstat64(4, {st_mode=S_IFREG|0644, st_size=17, ...}) = 0
23365 15:05:13.244463 fcntl64(4, F_GETFL) = 0x8800 (flags O_RDONLY|O_NONBLOCK|O_LARGEFILE)
23365 15:05:13.244473 fcntl64(4, F_SETFL, O_RDONLY|O_LARGEFILE) = 0
23365 15:05:13.244486 write(5, "\v", 1) = 1
23365 15:05:13.244497 read(5,  <unfinished ...>
23363 15:05:13.244504 read(4, "\v", 1)  = 1
23363 15:05:13.244515 write(4, "\1\0\0\0", 4) = 4
23365 15:05:13.244525 <... read resumed> "\1\0\0\0", 4) = 4
23365 15:05:13.244533 write(5, "\v", 1) = 1
23365 15:05:13.244542 read(5,  <unfinished ...>
23363 15:05:13.244549 read(4, "\v", 1)  = 1
23363 15:05:13.244560 write(4, "\1\0\0\0", 4) = 4
23365 15:05:13.244570 <... read resumed> "\1\0\0\0", 4) = 4
23365 15:05:13.244577 write(5, "\r", 1) = 1
23365 15:05:13.244587 read(5,  <unfinished ...>
23363 15:05:13.244594 read(4, "\r", 1)  = 1
23363 15:05:13.244607 select(6, [5], NULL, NULL, {60, 0}) = 1 (in [5], left {60, 0})
23363 15:05:13.244624 accept(5, {sa_family=AF_INET, sin_port=htons(51026), sin_addr=inet_addr("127.0.0.1")}, [16]) = 6
23363 15:05:13.244645 write(4, "\1", 1) = 1
23365 15:05:13.244669 <... read resumed> "\1", 1) = 1
23365 15:05:13.244682 recvmsg(5,  <unfinished ...>
23363 15:05:13.244702 sendmsg(4, {msg_name(0)=NULL, msg_iov(1)=[{"\0", 1}], msg_controllen=16, {cmsg_len=16, cmsg_level=SOL_SOCKET, cmsg_type=SCM_RIGHTS, {6}}, msg_flags=0}, 0) = 1
23365 15:05:13.244719 <... recvmsg resumed> {msg_name(0)=NULL, msg_iov(1)=[{"\0", 1}], msg_controllen=16, {cmsg_len=16, cmsg_level=SOL_SOCKET, cmsg_type=SCM_RIGHTS, {6}}, msg_flags=0}, 0) = 1
23365 15:05:13.244732 setsockopt(6, SOL_SOCKET, SO_KEEPALIVE, [1], 4) = 0
23365 15:05:13.244745 setsockopt(6, SOL_IP, IP_TOS, [8], 4) = 0
23365 15:05:13.244757 setsockopt(6, SOL_SOCKET, SO_LINGER, {onoff=1, linger=32767}, 8) = 0
23365 15:05:13.244768 rt_sigaction(SIGALRM, {0x805cad0, ~[RTMIN RT_1], 0}, NULL, 8) = 0
23365 15:05:13.244781 alarm(300)        = 300
23365 15:05:13.244795 write(0, "150 Opening BINARY mode data connection for myfile4 (17 bytes).\r\n", 65) = 65
23365 15:05:13.244838 _llseek(4, 0, [0], SEEK_CUR) = 0
23365 15:05:13.244850 fstat64(4, {st_mode=S_IFREG|0644, st_size=17, ...}) = 0
23365 15:05:13.244867 _llseek(4, 0, [0], SEEK_SET) = 0
23365 15:05:13.244880 sendfile(6, 4, NULL, 17) = 17
23365 15:05:13.244909 rt_sigaction(SIGALRM, {0x805cad0, ~[RTMIN RT_1], 0}, NULL, 8) = 0
23365 15:05:13.244923 alarm(300)        = 300
23365 15:05:13.244933 close(6)          = 0
23365 15:05:13.244942 alarm(0)          = 300
23365 15:05:13.244952 gettimeofday({1495652713, 244955}, NULL) = 0
23365 15:05:13.244969 getpid()          = 23365
23365 15:05:13.244981 gettimeofday({1495652713, 244985}, NULL) = 0
23365 15:05:13.245002 fcntl64(3, F_SETLKW64, {type=F_WRLCK, whence=SEEK_SET, start=0, len=0}, 0xbfe157c4) = 0
23365 15:05:13.245018 write(3, "Wed May 24 15:05:13 2017 [pid 23365] [msfadmin] OK DOWNLOAD: Client \"127.0.0.1\", \"/home/msfadmin/myfile4\", 17 bytes, 28.38Kbyte/sec\n", 132) = 132
23365 15:05:13.245038 fcntl64(3, F_SETLK64, {type=F_UNLCK, whence=SEEK_SET, start=0, len=0}, 0xbfe157cc) = 0
23365 15:05:13.245052 write(0, "226 Transfer complete.\r\n", 24) = 24
23365 15:05:13.245068 write(5, "\n", 1) = 1
23365 15:05:13.245079 read(5,  <unfinished ...>
23363 15:05:13.245086 close(6)          = 0
23363 15:05:13.245170 read(4, "\n", 1)  = 1
23363 15:05:13.245184 close(5)          = 0
23363 15:05:13.245195 write(4, "\1", 1) = 1
23365 15:05:13.245206 <... read resumed> "\1", 1) = 1
23365 15:05:13.245213 close(4)          = 0
23365 15:05:13.245224 rt_sigaction(SIGALRM, {0x805cad0, ~[RTMIN RT_1], 0}, NULL, 8) = 0
23365 15:05:13.245237 alarm(300)        = 0
23365 15:05:13.245248 recv(0,  <unfinished ...>
23363 15:05:13.245256 read(4,  <unfinished ...>
23362 15:05:13.270691 <... recv resumed> "TYPE I\r\n", 4096, MSG_PEEK) = 8
23362 15:05:13.270723 read(0, "TYPE I\r\n", 8) = 8
23362 15:05:13.270746 write(0, "200 Switching to Binary mode.\r\n", 31) = 31
23362 15:05:13.270795 rt_sigaction(SIGALRM, {0x805cad0, ~[RTMIN RT_1], 0}, NULL, 8) = 0
23362 15:05:13.270813 alarm(300)        = 299
23362 15:05:13.270826 recv(0, "PASV\r\n", 4096, MSG_PEEK) = 6
23362 15:05:13.270838 read(0, "PASV\r\n", 6) = 6
23362 15:05:13.270850 write(5, "\n", 1 <unfinished ...>
23360 15:05:13.270861 <... read resumed> "\n", 1) = 1
23362 15:05:13.270867 <... write resumed> ) = 1
23360 15:05:13.270875 write(4, "\1", 1 <unfinished ...>
23362 15:05:13.270881 read(5,  <unfinished ...>
23360 15:05:13.270887 <... write resumed> ) = 1
23362 15:05:13.270891 <... read resumed> "\1", 1) = 1
23360 15:05:13.270899 read(4,  <unfinished ...>
23362 15:05:13.270903 write(5, "\f", 1 <unfinished ...>
23360 15:05:13.270910 <... read resumed> "\f", 1) = 1
23362 15:05:13.270915 <... write resumed> ) = 1
23360 15:05:13.270923 socket(PF_INET, SOCK_STREAM, IPPROTO_TCP <unfinished ...>
23362 15:05:13.270929 read(5,  <unfinished ...>
23360 15:05:13.270938 <... socket resumed> ) = 5
23360 15:05:13.270946 setsockopt(5, SOL_SOCKET, SO_REUSEADDR, [1], 4) = 0
23360 15:05:13.270961 bind(5, {sa_family=AF_INET, sin_port=htons(19510), sin_addr=inet_addr("127.0.0.1")}, 16) = 0
23360 15:05:13.270978 listen(5, 1)      = 0
23360 15:05:13.270992 write(4, "6L\0\0", 4 <unfinished ...>
23362 15:05:13.271000 <... read resumed> "6L\0\0", 4) = 4
23360 15:05:13.271005 <... write resumed> ) = 4
23362 15:05:13.271016 write(0, "227 Entering Passive Mode (127,0,0,1,76,54).\r\n", 46 <unfinished ...>
23360 15:05:13.271025 read(4,  <unfinished ...>
23362 15:05:13.271129 <... write resumed> ) = 46
23362 15:05:13.271141 rt_sigaction(SIGALRM, {0x805cad0, ~[RTMIN RT_1], 0}, NULL, 8) = 0
23362 15:05:13.271156 alarm(300)        = 300
23362 15:05:13.271167 recv(0, "STOR myfile10\r\n", 4096, MSG_PEEK) = 15
23362 15:05:13.271180 read(0, "STOR myfile10\r\n", 15) = 15
23362 15:05:13.271194 write(5, "\v", 1 <unfinished ...>
23360 15:05:13.271202 <... read resumed> "\v", 1) = 1
23362 15:05:13.271206 <... write resumed> ) = 1
23360 15:05:13.271214 write(4, "\1\0\0\0", 4 <unfinished ...>
23362 15:05:13.271219 read(5,  <unfinished ...>
23360 15:05:13.271226 <... write resumed> ) = 4
23362 15:05:13.271230 <... read resumed> "\1\0\0\0", 4) = 4
23360 15:05:13.271238 read(4,  <unfinished ...>
23362 15:05:13.271243 gettimeofday({1495652713, 271247}, NULL) = 0
23362 15:05:13.271254 getcwd("/home/msfadmin", 4096) = 15
23362 15:05:13.271268 open("myfile10", O_WRONLY|O_CREAT|O_NONBLOCK|O_LARGEFILE, 0666) = 4
23362 15:05:13.271283 fstat64(4, {st_mode=S_IFREG|0644, st_size=17, ...}) = 0
23362 15:05:13.271301 fcntl64(4, F_GETFL) = 0x8801 (flags O_WRONLY|O_NONBLOCK|O_LARGEFILE)
23362 15:05:13.271312 fcntl64(4, F_SETFL, O_WRONLY|O_LARGEFILE) = 0
23362 15:05:13.271322 fcntl64(4, F_SETLKW64, {type=F_WRLCK, whence=SEEK_SET, start=0, len=0}, 0xbfe53044) = 0
23362 15:05:13.271336 ftruncate64(4, 0) = 0
23362 15:05:13.271391 _llseek(4, 0, [0], SEEK_SET) = 0
23362 15:05:13.271405 write(5, "\v", 1 <unfinished ...>
23360 15:05:13.271423 <... read resumed> "\v", 1) = 1
23362 15:05:13.271428 <... write resumed> ) = 1
23360 15:05:13.271434 write(4, "\1\0\0\0", 4) = 4
23360 15:05:13.271445 read(4,  <unfinished ...>
23362 15:05:13.271452 read(5, "\1\0\0\0", 4) = 4
23362 15:05:13.271463 write(5, "\v", 1 <unfinished ...>
23360 15:05:13.271470 <... read resumed> "\v", 1) = 1
23362 15:05:13.271474 <... write resumed> ) = 1
23360 15:05:13.271480 write(4, "\1\0\0\0", 4) = 4
23360 15:05:13.271501 read(4,  <unfinished ...>
23362 15:05:13.271508 read(5, "\1\0\0\0", 4) = 4
23362 15:05:13.271519 write(5, "\r", 1 <unfinished ...>
23360 15:05:13.271526 <... read resumed> "\r", 1) = 1
23362 15:05:13.271530 <... write resumed> ) = 1
23360 15:05:13.271538 select(6, [5], NULL, NULL, {60, 0}) = 1 (in [5], left {60, 0})
23360 15:05:13.271555 accept(5, {sa_family=AF_INET, sin_port=htons(57804), sin_addr=inet_addr("127.0.0.1")}, [16]) = 6
23360 15:05:13.271577 write(4, "\1", 1) = 1
23360 15:05:13.271589 sendmsg(4, {msg_name(0)=NULL, msg_iov(1)=[{"\0", 1}], msg_controllen=16, {cmsg_len=16, cmsg_level=SOL_SOCKET, cmsg_type=SCM_RIGHTS, {6}}, msg_flags=0}, 0) = 1
23360 15:05:13.271606 close(6)          = 0
23360 15:05:13.271616 read(4,  <unfinished ...>
23362 15:05:13.271623 read(5, "\1", 1)  = 1
23362 15:05:13.271636 recvmsg(5, {msg_name(0)=NULL, msg_iov(1)=[{"\0", 1}], msg_controllen=16, {cmsg_len=16, cmsg_level=SOL_SOCKET, cmsg_type=SCM_RIGHTS, {6}}, msg_flags=0}, 0) = 1
23362 15:05:13.271654 setsockopt(6, SOL_SOCKET, SO_KEEPALIVE, [1], 4) = 0
23362 15:05:13.271666 setsockopt(6, SOL_IP, IP_TOS, [8], 4) = 0
23362 15:05:13.271679 setsockopt(6, SOL_SOCKET, SO_LINGER, {onoff=1, linger=32767}, 8) = 0
23362 15:05:13.271690 rt_sigaction(SIGALRM, {0x805cad0, ~[RTMIN RT_1], 0}, NULL, 8) = 0
23362 15:05:13.271703 alarm(300)        = 300
23362 15:05:13.271716 write(0, "150 Ok to send data.\r\n", 22) = 22
23362 15:05:13.271784 read(6, "assasaaa\na\na\na\na\n", 65536) = 17
23362 15:05:13.271798 write(4, "assasaaa\na\na\na\na\n", 17) = 17
23362 15:05:13.271815 read(6, "", 65536) = 0
23362 15:05:13.271825 rt_sigaction(SIGALRM, {0x805cad0, ~[RTMIN RT_1], 0}, NULL, 8) = 0
23362 15:05:13.271839 alarm(300)        = 300
23362 15:05:13.271849 close(6)          = 0
23362 15:05:13.271866 alarm(0)          = 300
23362 15:05:13.271876 gettimeofday({1495652713, 271880}, NULL) = 0
23362 15:05:13.271892 gettimeofday({1495652713, 271896}, NULL) = 0
23362 15:05:13.271906 fcntl64(3, F_SETLKW64, {type=F_WRLCK, whence=SEEK_SET, start=0, len=0}, 0xbfe52fe4) = 0
23362 15:05:13.271922 write(3, "Wed May 24 15:05:13 2017 [pid 23362] [msfadmin] OK UPLOAD: Client \"127.0.0.1\", \"/home/msfadmin/myfile10\", 17 bytes, 25.58Kbyte/sec\n", 131) = 131
23362 15:05:13.271943 fcntl64(3, F_SETLK64, {type=F_UNLCK, whence=SEEK_SET, start=0, len=0}, 0xbfe52fec) = 0
23362 15:05:13.271958 write(0, "226 Transfer complete.\r\n", 24) = 24
23362 15:05:13.272001 write(5, "\n", 1 <unfinished ...>
23360 15:05:13.272010 <... read resumed> "\n", 1) = 1
23362 15:05:13.272015 <... write resumed> ) = 1
23360 15:05:13.272021 close(5)          = 0
23360 15:05:13.272033 write(4, "\1", 1) = 1
23360 15:05:13.272044 read(4,  <unfinished ...>
23362 15:05:13.272051 read(5, "\1", 1)  = 1
23362 15:05:13.272062 close(4)          = 0
23362 15:05:13.272073 rt_sigaction(SIGALRM, {0x805cad0, ~[RTMIN RT_1], 0}, NULL, 8) = 0
23362 15:05:13.272086 alarm(300)        = 0
23362 15:05:13.272097 recv(0, "TYPE I\r\n", 4096, MSG_PEEK) = 8
23362 15:05:13.810727 read(0, "TYPE I\r\n", 8) = 8
23362 15:05:13.810755 write(0, "200 Switching to Binary mode.\r\n", 31) = 31
23362 15:05:13.810805 rt_sigaction(SIGALRM, {0x805cad0, ~[RTMIN RT_1], 0}, NULL, 8) = 0
23362 15:05:13.810823 alarm(300)        = 299
23362 15:05:13.810836 recv(0, "PASV\r\n", 4096, MSG_PEEK) = 6
23362 15:05:13.810848 read(0, "PASV\r\n", 6) = 6
23362 15:05:13.810860 write(5, "\n", 1 <unfinished ...>
23360 15:05:13.810871 <... read resumed> "\n", 1) = 1
23362 15:05:13.810877 <... write resumed> ) = 1
23360 15:05:13.810884 write(4, "\1", 1) = 1
23360 15:05:13.810895 read(4,  <unfinished ...>
23362 15:05:13.810902 read(5, "\1", 1)  = 1
23362 15:05:13.810913 write(5, "\f", 1 <unfinished ...>
23360 15:05:13.810920 <... read resumed> "\f", 1) = 1
23362 15:05:13.810924 <... write resumed> ) = 1
23360 15:05:13.810932 socket(PF_INET, SOCK_STREAM, IPPROTO_TCP) = 5
23360 15:05:13.810948 setsockopt(5, SOL_SOCKET, SO_REUSEADDR, [1], 4) = 0
23360 15:05:13.810962 bind(5, {sa_family=AF_INET, sin_port=htons(38459), sin_addr=inet_addr("127.0.0.1")}, 16) = 0
23360 15:05:13.811019 listen(5, 1)      = 0
23360 15:05:13.811045 write(4, ";\226\0\0", 4) = 4
23360 15:05:13.811057 read(4,  <unfinished ...>
23362 15:05:13.811064 read(5, ";\226\0\0", 4) = 4
23362 15:05:13.811081 write(0, "227 Entering Passive Mode (127,0,0,1,150,59).\r\n", 47) = 47
23362 15:05:13.811197 rt_sigaction(SIGALRM, {0x805cad0, ~[RTMIN RT_1], 0}, NULL, 8) = 0
23362 15:05:13.811214 alarm(300)        = 300
23362 15:05:13.811225 recv(0, "STOR myfile11\r\n", 4096, MSG_PEEK) = 15
23362 15:05:13.811238 read(0, "STOR myfile11\r\n", 15) = 15
23362 15:05:13.811251 write(5, "\v", 1 <unfinished ...>
23360 15:05:13.811260 <... read resumed> "\v", 1) = 1
23362 15:05:13.811265 <... write resumed> ) = 1
23360 15:05:13.811272 write(4, "\1\0\0\0", 4) = 4
23360 15:05:13.811282 read(4,  <unfinished ...>
23362 15:05:13.811289 read(5, "\1\0\0\0", 4) = 4
23362 15:05:13.811301 gettimeofday({1495652713, 811305}, NULL) = 0
23362 15:05:13.811312 getcwd("/home/msfadmin", 4096) = 15
23362 15:05:13.811325 open("myfile11", O_WRONLY|O_CREAT|O_NONBLOCK|O_LARGEFILE, 0666) = 4
23362 15:05:13.811339 fstat64(4, {st_mode=S_IFREG|0644, st_size=17, ...}) = 0
23362 15:05:13.811357 fcntl64(4, F_GETFL) = 0x8801 (flags O_WRONLY|O_NONBLOCK|O_LARGEFILE)
23362 15:05:13.811368 fcntl64(4, F_SETFL, O_WRONLY|O_LARGEFILE) = 0
23362 15:05:13.811378 fcntl64(4, F_SETLKW64, {type=F_WRLCK, whence=SEEK_SET, start=0, len=0}, 0xbfe53044) = 0
23362 15:05:13.811393 ftruncate64(4, 0) = 0
23362 15:05:13.811411 _llseek(4, 0, [0], SEEK_SET) = 0
23362 15:05:13.811422 write(5, "\v", 1 <unfinished ...>
23360 15:05:13.811429 <... read resumed> "\v", 1) = 1
23362 15:05:13.811434 <... write resumed> ) = 1
23360 15:05:13.811440 write(4, "\1\0\0\0", 4) = 4
23360 15:05:13.811451 read(4,  <unfinished ...>
23362 15:05:13.811458 read(5, "\1\0\0\0", 4) = 4
23362 15:05:13.811469 write(5, "\v", 1 <unfinished ...>
23360 15:05:13.811494 <... read resumed> "\v", 1) = 1
23362 15:05:13.811502 <... write resumed> ) = 1
23360 15:05:13.811508 write(4, "\1\0\0\0", 4) = 4
23360 15:05:13.811529 read(4,  <unfinished ...>
23362 15:05:13.811536 read(5, "\1\0\0\0", 4) = 4
23362 15:05:13.811547 write(5, "\r", 1 <unfinished ...>
23360 15:05:13.811554 <... read resumed> "\r", 1) = 1
23362 15:05:13.811559 <... write resumed> ) = 1
23360 15:05:13.811566 select(6, [5], NULL, NULL, {60, 0}) = 1 (in [5], left {60, 0})
23360 15:05:13.811582 accept(5, {sa_family=AF_INET, sin_port=htons(46609), sin_addr=inet_addr("127.0.0.1")}, [16]) = 6
23360 15:05:13.811604 write(4, "\1", 1) = 1
23360 15:05:13.811616 sendmsg(4, {msg_name(0)=NULL, msg_iov(1)=[{"\0", 1}], msg_controllen=16, {cmsg_len=16, cmsg_level=SOL_SOCKET, cmsg_type=SCM_RIGHTS, {6}}, msg_flags=0}, 0) = 1
23360 15:05:13.811633 close(6)          = 0
23360 15:05:13.811643 read(4,  <unfinished ...>
23362 15:05:13.811650 read(5, "\1", 1)  = 1
23362 15:05:13.811663 recvmsg(5, {msg_name(0)=NULL, msg_iov(1)=[{"\0", 1}], msg_controllen=16, {cmsg_len=16, cmsg_level=SOL_SOCKET, cmsg_type=SCM_RIGHTS, {6}}, msg_flags=0}, 0) = 1
23362 15:05:13.811681 setsockopt(6, SOL_SOCKET, SO_KEEPALIVE, [1], 4) = 0
23362 15:05:13.811693 setsockopt(6, SOL_IP, IP_TOS, [8], 4) = 0
23362 15:05:13.811705 setsockopt(6, SOL_SOCKET, SO_LINGER, {onoff=1, linger=32767}, 8) = 0
23362 15:05:13.811716 rt_sigaction(SIGALRM, {0x805cad0, ~[RTMIN RT_1], 0}, NULL, 8) = 0
23362 15:05:13.811729 alarm(300)        = 300
23362 15:05:13.811742 write(0, "150 Ok to send data.\r\n", 22) = 22
23362 15:05:13.811809 read(6, "assasaaa\na\na\na\na\n", 65536) = 17
23362 15:05:13.811823 write(4, "assasaaa\na\na\na\na\n", 17) = 17
23362 15:05:13.811840 read(6, "", 65536) = 0
23362 15:05:13.811851 rt_sigaction(SIGALRM, {0x805cad0, ~[RTMIN RT_1], 0}, NULL, 8) = 0
23362 15:05:13.811864 alarm(300)        = 300
23362 15:05:13.811874 close(6)          = 0
23362 15:05:13.811891 alarm(0)          = 300
23362 15:05:13.811901 gettimeofday({1495652713, 811905}, NULL) = 0
23362 15:05:13.811917 gettimeofday({1495652713, 811921}, NULL) = 0
23362 15:05:13.811931 fcntl64(3, F_SETLKW64, {type=F_WRLCK, whence=SEEK_SET, start=0, len=0}, 0xbfe52fe4) = 0
23362 15:05:13.811950 write(3, "Wed May 24 15:05:13 2017 [pid 23362] [msfadmin] OK UPLOAD: Client \"127.0.0.1\", \"/home/msfadmin/myfile11\", 17 bytes, 26.95Kbyte/sec\n", 131) = 131
23362 15:05:13.811994 fcntl64(3, F_SETLK64, {type=F_UNLCK, whence=SEEK_SET, start=0, len=0}, 0xbfe52fec) = 0
23362 15:05:13.812012 write(0, "226 Transfer complete.\r\n", 24) = 24
23362 15:05:13.812067 write(5, "\n", 1 <unfinished ...>
23360 15:05:13.812077 <... read resumed> "\n", 1) = 1
23362 15:05:13.812082 <... write resumed> ) = 1
23360 15:05:13.812088 close(5)          = 0
23360 15:05:13.812100 write(4, "\1", 1) = 1
23360 15:05:13.812110 read(4,  <unfinished ...>
23362 15:05:13.812117 read(5, "\1", 1)  = 1
23362 15:05:13.812128 close(4)          = 0
23362 15:05:13.812139 rt_sigaction(SIGALRM, {0x805cad0, ~[RTMIN RT_1], 0}, NULL, 8) = 0
23362 15:05:13.812152 alarm(300)        = 0
23362 15:05:13.812163 recv(0,  <unfinished ...>
23365 15:05:13.820611 <... recv resumed> "USER msfadmin\r\n", 4096, MSG_PEEK) = 15
23365 15:05:13.820652 read(0, "USER msfadmin\r\n", 15) = 15
23365 15:05:13.820678 write(0, "331 Any password will do.\r\n", 27) = 27
23365 15:05:13.820724 rt_sigaction(SIGALRM, {0x805cad0, ~[RTMIN RT_1], 0}, NULL, 8) = 0
23365 15:05:13.820742 alarm(300)        = 299
23365 15:05:13.820755 recv(0, "PASS msfadmin\r\n", 4096, MSG_PEEK) = 15
23365 15:05:13.820767 read(0, "PASS msfadmin\r\n", 15) = 15
23365 15:05:13.820783 write(0, "230 Already logged in.\r\n", 24) = 24
23365 15:05:13.820901 rt_sigaction(SIGALRM, {0x805cad0, ~[RTMIN RT_1], 0}, NULL, 8) = 0
23365 15:05:13.820918 alarm(300)        = 300
23365 15:05:13.820929 recv(0, "TYPE I\r\n", 4096, MSG_PEEK) = 8
23365 15:05:13.820941 read(0, "TYPE I\r\n", 8) = 8
23365 15:05:13.820955 write(0, "200 Switching to Binary mode.\r\n", 31) = 31
23365 15:05:13.820992 rt_sigaction(SIGALRM, {0x805cad0, ~[RTMIN RT_1], 0}, NULL, 8) = 0
23365 15:05:13.821007 alarm(300)        = 300
23365 15:05:13.821018 recv(0, "PASV\r\n", 4096, MSG_PEEK) = 6
23365 15:05:13.821029 read(0, "PASV\r\n", 6) = 6
23365 15:05:13.821040 write(5, "\n", 1) = 1
23365 15:05:13.821054 read(5,  <unfinished ...>
23363 15:05:13.821063 <... read resumed> "\n", 1) = 1
23363 15:05:13.821072 write(4, "\1", 1) = 1
23365 15:05:13.821083 <... read resumed> "\1", 1) = 1
23365 15:05:13.821090 write(5, "\f", 1) = 1
23365 15:05:13.821100 read(5,  <unfinished ...>
23363 15:05:13.821107 read(4, "\f", 1)  = 1
23363 15:05:13.821119 socket(PF_INET, SOCK_STREAM, IPPROTO_TCP) = 5
23363 15:05:13.821135 setsockopt(5, SOL_SOCKET, SO_REUSEADDR, [1], 4) = 0
23363 15:05:13.821150 bind(5, {sa_family=AF_INET, sin_port=htons(41758), sin_addr=inet_addr("127.0.0.1")}, 16) = 0
23363 15:05:13.821167 listen(5, 1)      = 0
23363 15:05:13.821181 write(4, "\36\243\0\0", 4) = 4
23365 15:05:13.821192 <... read resumed> "\36\243\0\0", 4) = 4
23365 15:05:13.821204 write(0, "227 Entering Passive Mode (127,0,0,1,163,30).\r\n", 47) = 47
23365 15:05:13.821344 rt_sigaction(SIGALRM, {0x805cad0, ~[RTMIN RT_1], 0}, NULL, 8) = 0
23365 15:05:13.821362 alarm(300)        = 300
23365 15:05:13.821404 recv(0, "RETR myfile5\r\n", 4096, MSG_PEEK) = 14
23365 15:05:13.821426 read(0, "RETR myfile5\r\n", 14) = 14
23365 15:05:13.821461 write(5, "\v", 1) = 1
23365 15:05:13.821482 read(5,  <unfinished ...>
23363 15:05:13.821490 read(4, "\v", 1)  = 1
23363 15:05:13.821502 write(4, "\1\0\0\0", 4) = 4
23365 15:05:13.821513 <... read resumed> "\1\0\0\0", 4) = 4
23365 15:05:13.821521 gettimeofday({1495652713, 821525}, NULL) = 0
23365 15:05:13.821533 getcwd("/home/msfadmin", 4096) = 15
23365 15:05:13.821546 open("myfile5", O_RDONLY|O_NONBLOCK|O_LARGEFILE) = 4
23365 15:05:13.821560 fcntl64(4, F_SETLKW64, {type=F_RDLCK, whence=SEEK_SET, start=0, len=0}, 0xbfe15824) = 0
23365 15:05:13.821576 fstat64(4, {st_mode=S_IFREG|0644, st_size=17, ...}) = 0
23365 15:05:13.821603 fcntl64(4, F_GETFL) = 0x8800 (flags O_RDONLY|O_NONBLOCK|O_LARGEFILE)
23365 15:05:13.821614 fcntl64(4, F_SETFL, O_RDONLY|O_LARGEFILE) = 0
23365 15:05:13.821625 write(5, "\v", 1) = 1
23365 15:05:13.821636 read(5,  <unfinished ...>
23363 15:05:13.821650 read(4, "\v", 1)  = 1
23363 15:05:13.821662 write(4, "\1\0\0\0", 4) = 4
23365 15:05:13.821684 <... read resumed> "\1\0\0\0", 4) = 4
23365 15:05:13.821701 write(5, "\v", 1) = 1
23365 15:05:13.821711 read(5,  <unfinished ...>
23363 15:05:13.821717 read(4, "\v", 1)  = 1
23363 15:05:13.821728 write(4, "\1\0\0\0", 4) = 4
23365 15:05:13.821738 <... read resumed> "\1\0\0\0", 4) = 4
23365 15:05:13.821746 write(5, "\r", 1) = 1
23365 15:05:13.821755 read(5,  <unfinished ...>
23363 15:05:13.821762 read(4, "\r", 1)  = 1
23363 15:05:13.821792 select(6, [5], NULL, NULL, {60, 0}) = 1 (in [5], left {60, 0})
23363 15:05:13.821812 accept(5, {sa_family=AF_INET, sin_port=htons(33191), sin_addr=inet_addr("127.0.0.1")}, [16]) = 6
23363 15:05:13.821857 write(4, "\1", 1) = 1
23365 15:05:13.821878 <... read resumed> "\1", 1) = 1
23365 15:05:13.821886 recvmsg(5,  <unfinished ...>
23363 15:05:13.821895 sendmsg(4, {msg_name(0)=NULL, msg_iov(1)=[{"\0", 1}], msg_controllen=16, {cmsg_len=16, cmsg_level=SOL_SOCKET, cmsg_type=SCM_RIGHTS, {6}}, msg_flags=0}, 0) = 1
23365 15:05:13.821912 <... recvmsg resumed> {msg_name(0)=NULL, msg_iov(1)=[{"\0", 1}], msg_controllen=16, {cmsg_len=16, cmsg_level=SOL_SOCKET, cmsg_type=SCM_RIGHTS, {6}}, msg_flags=0}, 0) = 1
23365 15:05:13.821925 setsockopt(6, SOL_SOCKET, SO_KEEPALIVE, [1], 4) = 0
23365 15:05:13.821938 setsockopt(6, SOL_IP, IP_TOS, [8], 4) = 0
23365 15:05:13.821950 setsockopt(6, SOL_SOCKET, SO_LINGER, {onoff=1, linger=32767}, 8) = 0
23365 15:05:13.821961 rt_sigaction(SIGALRM, {0x805cad0, ~[RTMIN RT_1], 0}, NULL, 8) = 0
23365 15:05:13.821974 alarm(300)        = 300
23365 15:05:13.821988 write(0, "150 Opening BINARY mode data connection for myfile5 (17 bytes).\r\n", 65) = 65
23365 15:05:13.822029 _llseek(4, 0, [0], SEEK_CUR) = 0
23365 15:05:13.822042 fstat64(4, {st_mode=S_IFREG|0644, st_size=17, ...}) = 0
23365 15:05:13.822059 _llseek(4, 0, [0], SEEK_SET) = 0
23365 15:05:13.822070 sendfile(6, 4, NULL, 17) = 17
23365 15:05:13.822100 rt_sigaction(SIGALRM, {0x805cad0, ~[RTMIN RT_1], 0}, NULL, 8) = 0
23365 15:05:13.822115 alarm(300)        = 300
23365 15:05:13.822125 close(6)          = 0
23365 15:05:13.822134 alarm(0)          = 300
23365 15:05:13.822144 gettimeofday({1495652713, 822147}, NULL) = 0
23365 15:05:13.822159 gettimeofday({1495652713, 822163}, NULL) = 0
23365 15:05:13.822173 fcntl64(3, F_SETLKW64, {type=F_WRLCK, whence=SEEK_SET, start=0, len=0}, 0xbfe157c4) = 0
23365 15:05:13.822187 write(3, "Wed May 24 15:05:13 2017 [pid 23365] [msfadmin] OK DOWNLOAD: Client \"127.0.0.1\", \"/home/msfadmin/myfile5\", 17 bytes, 26.02Kbyte/sec\n", 132) = 132
23365 15:05:13.822208 fcntl64(3, F_SETLK64, {type=F_UNLCK, whence=SEEK_SET, start=0, len=0}, 0xbfe157cc) = 0
23365 15:05:13.822222 write(0, "226 Transfer complete.\r\n", 24) = 24
23365 15:05:13.822238 write(5, "\n", 1) = 1
23365 15:05:13.822248 read(5,  <unfinished ...>
23363 15:05:13.822255 close(6)          = 0
23363 15:05:13.822829 read(4, "\n", 1)  = 1
23363 15:05:13.822845 close(5)          = 0
23363 15:05:13.822857 write(4, "\1", 1) = 1
23365 15:05:13.822868 <... read resumed> "\1", 1) = 1
23365 15:05:13.822875 close(4)          = 0
23365 15:05:13.822886 rt_sigaction(SIGALRM, {0x805cad0, ~[RTMIN RT_1], 0}, NULL, 8) = 0
23365 15:05:13.822900 alarm(300)        = 0
23365 15:05:13.822912 recv(0,  <unfinished ...>
23363 15:05:13.822920 read(4,  <unfinished ...>
23362 15:05:14.351543 <... recv resumed> "TYPE I\r\n", 4096, MSG_PEEK) = 8
23362 15:05:14.351610 read(0, "TYPE I\r\n", 8) = 8
23362 15:05:14.351667 write(0, "200 Switching to Binary mode.\r\n", 31) = 31
23362 15:05:14.351744 rt_sigaction(SIGALRM, {0x805cad0, ~[RTMIN RT_1], 0}, NULL, 8) = 0
23362 15:05:14.351772 alarm(300)        = 299
23362 15:05:14.351789 recv(0, "PASV\r\n", 4096, MSG_PEEK) = 6
23362 15:05:14.351801 read(0, "PASV\r\n", 6) = 6
23362 15:05:14.351813 write(5, "\n", 1 <unfinished ...>
23360 15:05:14.351825 <... read resumed> "\n", 1) = 1
23362 15:05:14.351830 <... write resumed> ) = 1
23360 15:05:14.351837 write(4, "\1", 1) = 1
23360 15:05:14.351848 read(4,  <unfinished ...>
23362 15:05:14.351863 read(5, "\1", 1)  = 1
23362 15:05:14.351875 write(5, "\f", 1 <unfinished ...>
23360 15:05:14.351882 <... read resumed> "\f", 1) = 1
23362 15:05:14.351887 <... write resumed> ) = 1
23360 15:05:14.351894 socket(PF_INET, SOCK_STREAM, IPPROTO_TCP) = 5
23360 15:05:14.351909 setsockopt(5, SOL_SOCKET, SO_REUSEADDR, [1], 4) = 0
23360 15:05:14.351924 bind(5, {sa_family=AF_INET, sin_port=htons(8680), sin_addr=inet_addr("127.0.0.1")}, 16) = 0
23360 15:05:14.351941 listen(5, 1)      = 0
23360 15:05:14.351954 write(4, "\350!\0\0", 4) = 4
23360 15:05:14.351966 read(4,  <unfinished ...>
23362 15:05:14.351972 read(5, "\350!\0\0", 4) = 4
23362 15:05:14.351988 write(0, "227 Entering Passive Mode (127,0,0,1,33,232).\r\n", 47) = 47
23362 15:05:14.352102 rt_sigaction(SIGALRM, {0x805cad0, ~[RTMIN RT_1], 0}, NULL, 8) = 0
23362 15:05:14.352119 alarm(300)        = 300
23362 15:05:14.352130 recv(0, "STOR myfile12\r\n", 4096, MSG_PEEK) = 15
23362 15:05:14.352142 read(0, "STOR myfile12\r\n", 15) = 15
23362 15:05:14.352156 write(5, "\v", 1 <unfinished ...>
23360 15:05:14.352164 <... read resumed> "\v", 1) = 1
23362 15:05:14.352169 <... write resumed> ) = 1
23360 15:05:14.352175 write(4, "\1\0\0\0", 4) = 4
23360 15:05:14.352186 read(4,  <unfinished ...>
23362 15:05:14.352192 read(5, "\1\0\0\0", 4) = 4
23362 15:05:14.352204 gettimeofday({1495652714, 352208}, NULL) = 0
23362 15:05:14.352215 getcwd("/home/msfadmin", 4096) = 15
23362 15:05:14.352228 open("myfile12", O_WRONLY|O_CREAT|O_NONBLOCK|O_LARGEFILE, 0666) = 4
23362 15:05:14.352242 fstat64(4, {st_mode=S_IFREG|0644, st_size=17, ...}) = 0
23362 15:05:14.352260 fcntl64(4, F_GETFL) = 0x8801 (flags O_WRONLY|O_NONBLOCK|O_LARGEFILE)
23362 15:05:14.352308 fcntl64(4, F_SETFL, O_WRONLY|O_LARGEFILE) = 0
23362 15:05:14.352319 fcntl64(4, F_SETLKW64, {type=F_WRLCK, whence=SEEK_SET, start=0, len=0}, 0xbfe53044) = 0
23362 15:05:14.352344 ftruncate64(4, 0) = 0
23362 15:05:14.352363 _llseek(4, 0, [0], SEEK_SET) = 0
23362 15:05:14.352374 write(5, "\v", 1 <unfinished ...>
23360 15:05:14.352382 <... read resumed> "\v", 1) = 1
23362 15:05:14.352387 <... write resumed> ) = 1
23360 15:05:14.352393 write(4, "\1\0\0\0", 4) = 4
23360 15:05:14.352404 read(4,  <unfinished ...>
23362 15:05:14.352411 read(5, "\1\0\0\0", 4) = 4
23362 15:05:14.352422 write(5, "\v", 1 <unfinished ...>
23360 15:05:14.352429 <... read resumed> "\v", 1) = 1
23362 15:05:14.352433 <... write resumed> ) = 1
23360 15:05:14.352439 write(4, "\1\0\0\0", 4) = 4
23360 15:05:14.352450 read(4,  <unfinished ...>
23362 15:05:14.352456 read(5, "\1\0\0\0", 4) = 4
23362 15:05:14.352467 write(5, "\r", 1 <unfinished ...>
23360 15:05:14.352474 <... read resumed> "\r", 1) = 1
23362 15:05:14.352479 <... write resumed> ) = 1
23360 15:05:14.352486 select(6, [5], NULL, NULL, {60, 0}) = 1 (in [5], left {60, 0})
23360 15:05:14.352502 accept(5, {sa_family=AF_INET, sin_port=htons(36096), sin_addr=inet_addr("127.0.0.1")}, [16]) = 6
23360 15:05:14.352524 write(4, "\1", 1) = 1
23360 15:05:14.352536 sendmsg(4, {msg_name(0)=NULL, msg_iov(1)=[{"\0", 1}], msg_controllen=16, {cmsg_len=16, cmsg_level=SOL_SOCKET, cmsg_type=SCM_RIGHTS, {6}}, msg_flags=0}, 0) = 1
23360 15:05:14.352553 close(6)          = 0
23360 15:05:14.352562 read(4,  <unfinished ...>
23362 15:05:14.352569 read(5, "\1", 1)  = 1
23362 15:05:14.352582 recvmsg(5, {msg_name(0)=NULL, msg_iov(1)=[{"\0", 1}], msg_controllen=16, {cmsg_len=16, cmsg_level=SOL_SOCKET, cmsg_type=SCM_RIGHTS, {6}}, msg_flags=0}, 0) = 1
23362 15:05:14.352600 setsockopt(6, SOL_SOCKET, SO_KEEPALIVE, [1], 4) = 0
23362 15:05:14.352612 setsockopt(6, SOL_IP, IP_TOS, [8], 4) = 0
23362 15:05:14.352625 setsockopt(6, SOL_SOCKET, SO_LINGER, {onoff=1, linger=32767}, 8) = 0
23362 15:05:14.352636 rt_sigaction(SIGALRM, {0x805cad0, ~[RTMIN RT_1], 0}, NULL, 8) = 0
23362 15:05:14.352649 alarm(300)        = 300
23362 15:05:14.352662 write(0, "150 Ok to send data.\r\n", 22) = 22
23362 15:05:14.352729 read(6, "assasaaa\na\na\na\na\n", 65536) = 17
23362 15:05:14.352743 write(4, "assasaaa\na\na\na\na\n", 17) = 17
23362 15:05:14.352759 read(6, "", 65536) = 0
23362 15:05:14.352772 rt_sigaction(SIGALRM, {0x805cad0, ~[RTMIN RT_1], 0}, NULL, 8) = 0
23362 15:05:14.352786 alarm(300)        = 300
23362 15:05:14.352796 close(6)          = 0
23362 15:05:14.352813 alarm(0)          = 300
23362 15:05:14.352823 gettimeofday({1495652714, 352827}, NULL) = 0
23362 15:05:14.352839 gettimeofday({1495652714, 352843}, NULL) = 0
23362 15:05:14.352853 fcntl64(3, F_SETLKW64, {type=F_WRLCK, whence=SEEK_SET, start=0, len=0}, 0xbfe52fe4) = 0
23362 15:05:14.352868 write(3, "Wed May 24 15:05:14 2017 [pid 23362] [msfadmin] OK UPLOAD: Client \"127.0.0.1\", \"/home/msfadmin/myfile12\", 17 bytes, 26.14Kbyte/sec\n", 131) = 131
23362 15:05:14.352890 fcntl64(3, F_SETLK64, {type=F_UNLCK, whence=SEEK_SET, start=0, len=0}, 0xbfe52fec) = 0
23362 15:05:14.352904 write(0, "226 Transfer complete.\r\n", 24) = 24
23362 15:05:14.352947 write(5, "\n", 1 <unfinished ...>
23360 15:05:14.352956 <... read resumed> "\n", 1) = 1
23362 15:05:14.352961 <... write resumed> ) = 1
23360 15:05:14.352967 close(5)          = 0
23360 15:05:14.352979 write(4, "\1", 1) = 1
23360 15:05:14.352990 read(4,  <unfinished ...>
23362 15:05:14.352996 read(5, "\1", 1)  = 1
23362 15:05:14.353007 close(4)          = 0
23362 15:05:14.353018 rt_sigaction(SIGALRM, {0x805cad0, ~[RTMIN RT_1], 0}, NULL, 8) = 0
23362 15:05:14.353031 alarm(300)        = 0
23362 15:05:14.353042 recv(0,  <unfinished ...>
23365 15:05:14.421607 <... recv resumed> "USER msfadmin\r\n", 4096, MSG_PEEK) = 15
23365 15:05:14.421648 read(0, "USER msfadmin\r\n", 15) = 15
23365 15:05:14.421673 write(0, "331 Any password will do.\r\n", 27) = 27
23365 15:05:14.421718 rt_sigaction(SIGALRM, {0x805cad0, ~[RTMIN RT_1], 0}, NULL, 8) = 0
23365 15:05:14.421736 alarm(300)        = 299
23365 15:05:14.421749 recv(0, "PASS msfadmin\r\n", 4096, MSG_PEEK) = 15
23365 15:05:14.421761 read(0, "PASS msfadmin\r\n", 15) = 15
23365 15:05:14.421777 write(0, "230 Already logged in.\r\n", 24) = 24
23365 15:05:14.421839 rt_sigaction(SIGALRM, {0x805cad0, ~[RTMIN RT_1], 0}, NULL, 8) = 0
23365 15:05:14.421855 alarm(300)        = 300
23365 15:05:14.421880 recv(0, "TYPE I\r\n", 4096, MSG_PEEK) = 8
23365 15:05:14.421893 read(0, "TYPE I\r\n", 8) = 8
23365 15:05:14.421907 write(0, "200 Switching to Binary mode.\r\n", 31) = 31
23365 15:05:14.421945 rt_sigaction(SIGALRM, {0x805cad0, ~[RTMIN RT_1], 0}, NULL, 8) = 0
23365 15:05:14.421960 alarm(300)        = 300
23365 15:05:14.421971 recv(0, "PASV\r\n", 4096, MSG_PEEK) = 6
23365 15:05:14.421982 read(0, "PASV\r\n", 6) = 6
23365 15:05:14.421994 write(5, "\n", 1) = 1
23365 15:05:14.422007 read(5,  <unfinished ...>
23363 15:05:14.422015 <... read resumed> "\n", 1) = 1
23363 15:05:14.422025 write(4, "\1", 1) = 1
23365 15:05:14.422036 <... read resumed> "\1", 1) = 1
23365 15:05:14.422043 write(5, "\f", 1) = 1
23365 15:05:14.422053 read(5,  <unfinished ...>
23363 15:05:14.422060 read(4, "\f", 1)  = 1
23363 15:05:14.422072 socket(PF_INET, SOCK_STREAM, IPPROTO_TCP) = 5
23363 15:05:14.422087 setsockopt(5, SOL_SOCKET, SO_REUSEADDR, [1], 4) = 0
23363 15:05:14.422102 bind(5, {sa_family=AF_INET, sin_port=htons(58041), sin_addr=inet_addr("127.0.0.1")}, 16) = 0
23363 15:05:14.422119 listen(5, 1)      = 0
23363 15:05:14.422132 write(4, "\271\342\0\0", 4) = 4
23365 15:05:14.422144 <... read resumed> "\271\342\0\0", 4) = 4
23365 15:05:14.422156 write(0, "227 Entering Passive Mode (127,0,0,1,226,185).\r\n", 48) = 48
23365 15:05:14.422269 rt_sigaction(SIGALRM, {0x805cad0, ~[RTMIN RT_1], 0}, NULL, 8) = 0
23365 15:05:14.422285 alarm(300)        = 300
23365 15:05:14.422296 recv(0, "RETR myfile6\r\n", 4096, MSG_PEEK) = 14
23365 15:05:14.422308 read(0, "RETR myfile6\r\n", 14) = 14
23365 15:05:14.422321 write(5, "\v", 1) = 1
23365 15:05:14.422332 read(5,  <unfinished ...>
23363 15:05:14.422339 read(4, "\v", 1)  = 1
23363 15:05:14.422350 write(4, "\1\0\0\0", 4) = 4
23365 15:05:14.422381 <... read resumed> "\1\0\0\0", 4) = 4
23365 15:05:14.422390 gettimeofday({1495652714, 422394}, NULL) = 0
23365 15:05:14.422402 getcwd("/home/msfadmin", 4096) = 15
23365 15:05:14.422424 open("myfile6", O_RDONLY|O_NONBLOCK|O_LARGEFILE) = 4
23365 15:05:14.422444 fcntl64(4, F_SETLKW64, {type=F_RDLCK, whence=SEEK_SET, start=0, len=0}, 0xbfe15824) = 0
23365 15:05:14.422459 fstat64(4, {st_mode=S_IFREG|0644, st_size=17, ...}) = 0
23365 15:05:14.422477 fcntl64(4, F_GETFL) = 0x8800 (flags O_RDONLY|O_NONBLOCK|O_LARGEFILE)
23365 15:05:14.422487 fcntl64(4, F_SETFL, O_RDONLY|O_LARGEFILE) = 0
23365 15:05:14.422499 write(5, "\v", 1) = 1
23365 15:05:14.422509 read(5,  <unfinished ...>
23363 15:05:14.422517 read(4, "\v", 1)  = 1
23363 15:05:14.422528 write(4, "\1\0\0\0", 4) = 4
23365 15:05:14.422538 <... read resumed> "\1\0\0\0", 4) = 4
23365 15:05:14.422546 write(5, "\v", 1) = 1
23365 15:05:14.422555 read(5,  <unfinished ...>
23363 15:05:14.422562 read(4, "\v", 1)  = 1
23363 15:05:14.422573 write(4, "\1\0\0\0", 4) = 4
23365 15:05:14.422583 <... read resumed> "\1\0\0\0", 4) = 4
23365 15:05:14.422590 write(5, "\r", 1) = 1
23365 15:05:14.422600 read(5,  <unfinished ...>
23363 15:05:14.422607 read(4, "\r", 1)  = 1
23363 15:05:14.422619 select(6, [5], NULL, NULL, {60, 0}) = 1 (in [5], left {60, 0})
23363 15:05:14.422635 accept(5, {sa_family=AF_INET, sin_port=htons(51256), sin_addr=inet_addr("127.0.0.1")}, [16]) = 6
23363 15:05:14.422657 write(4, "\1", 1) = 1
23365 15:05:14.422668 <... read resumed> "\1", 1) = 1
23365 15:05:14.422676 recvmsg(5,  <unfinished ...>
23363 15:05:14.422684 sendmsg(4, {msg_name(0)=NULL, msg_iov(1)=[{"\0", 1}], msg_controllen=16, {cmsg_len=16, cmsg_level=SOL_SOCKET, cmsg_type=SCM_RIGHTS, {6}}, msg_flags=0}, 0) = 1
23365 15:05:14.422701 <... recvmsg resumed> {msg_name(0)=NULL, msg_iov(1)=[{"\0", 1}], msg_controllen=16, {cmsg_len=16, cmsg_level=SOL_SOCKET, cmsg_type=SCM_RIGHTS, {6}}, msg_flags=0}, 0) = 1
23365 15:05:14.422715 setsockopt(6, SOL_SOCKET, SO_KEEPALIVE, [1], 4) = 0
23365 15:05:14.422727 setsockopt(6, SOL_IP, IP_TOS, [8], 4) = 0
23365 15:05:14.422739 setsockopt(6, SOL_SOCKET, SO_LINGER, {onoff=1, linger=32767}, 8) = 0
23365 15:05:14.422750 rt_sigaction(SIGALRM, {0x805cad0, ~[RTMIN RT_1], 0}, NULL, 8) = 0
23365 15:05:14.422763 alarm(300)        = 300
23365 15:05:14.422777 write(0, "150 Opening BINARY mode data connection for myfile6 (17 bytes).\r\n", 65) = 65
23365 15:05:14.422818 _llseek(4, 0, [0], SEEK_CUR) = 0
23365 15:05:14.422830 fstat64(4, {st_mode=S_IFREG|0644, st_size=17, ...}) = 0
23365 15:05:14.422864 _llseek(4, 0, [0], SEEK_SET) = 0
23365 15:05:14.422878 sendfile(6, 4, NULL, 17) = 17
23365 15:05:14.422920 rt_sigaction(SIGALRM, {0x805cad0, ~[RTMIN RT_1], 0}, NULL, 8) = 0
23365 15:05:14.422935 alarm(300)        = 300
23365 15:05:14.422945 close(6)          = 0
23365 15:05:14.422954 alarm(0)          = 300
23365 15:05:14.422964 gettimeofday({1495652714, 422968}, NULL) = 0
23365 15:05:14.422979 gettimeofday({1495652714, 422983}, NULL) = 0
23365 15:05:14.422993 fcntl64(3, F_SETLKW64, {type=F_WRLCK, whence=SEEK_SET, start=0, len=0}, 0xbfe157c4) = 0
23365 15:05:14.423008 write(3, "Wed May 24 15:05:14 2017 [pid 23365] [msfadmin] OK DOWNLOAD: Client \"127.0.0.1\", \"/home/msfadmin/myfile6\", 17 bytes, 28.19Kbyte/sec\n", 132) = 132
23365 15:05:14.423029 fcntl64(3, F_SETLK64, {type=F_UNLCK, whence=SEEK_SET, start=0, len=0}, 0xbfe157cc) = 0
23365 15:05:14.423043 write(0, "226 Transfer complete.\r\n", 24) = 24
23365 15:05:14.423058 write(5, "\n", 1) = 1
23365 15:05:14.423069 read(5,  <unfinished ...>
23363 15:05:14.423076 close(6)          = 0
23363 15:05:14.423159 read(4, "\n", 1)  = 1
23363 15:05:14.423173 close(5)          = 0
23363 15:05:14.423184 write(4, "\1", 1) = 1
23365 15:05:14.423195 <... read resumed> "\1", 1) = 1
23365 15:05:14.423202 close(4)          = 0
23365 15:05:14.423213 rt_sigaction(SIGALRM, {0x805cad0, ~[RTMIN RT_1], 0}, NULL, 8) = 0
23365 15:05:14.423226 alarm(300)        = 0
23365 15:05:14.423237 recv(0,  <unfinished ...>
23363 15:05:14.423245 read(4,  <unfinished ...>
23362 15:05:14.870743 <... recv resumed> "TYPE I\r\n", 4096, MSG_PEEK) = 8
23362 15:05:14.870774 read(0, "TYPE I\r\n", 8) = 8
23362 15:05:14.870796 write(0, "200 Switching to Binary mode.\r\n", 31) = 31
23362 15:05:14.870852 rt_sigaction(SIGALRM, {0x805cad0, ~[RTMIN RT_1], 0}, NULL, 8) = 0
23362 15:05:14.870870 alarm(300)        = 299
23362 15:05:14.870883 recv(0, "PASV\r\n", 4096, MSG_PEEK) = 6
23362 15:05:14.870895 read(0, "PASV\r\n", 6) = 6
23362 15:05:14.870953 write(5, "\n", 1 <unfinished ...>
23360 15:05:14.870979 <... read resumed> "\n", 1) = 1
23362 15:05:14.870984 <... write resumed> ) = 1
23360 15:05:14.870991 write(4, "\1", 1) = 1
23360 15:05:14.871002 read(4,  <unfinished ...>
23362 15:05:14.871010 read(5, "\1", 1)  = 1
23362 15:05:14.871021 write(5, "\f", 1 <unfinished ...>
23360 15:05:14.871028 <... read resumed> "\f", 1) = 1
23362 15:05:14.871033 <... write resumed> ) = 1
23360 15:05:14.871040 socket(PF_INET, SOCK_STREAM, IPPROTO_TCP) = 5
23360 15:05:14.871056 setsockopt(5, SOL_SOCKET, SO_REUSEADDR, [1], 4) = 0
23360 15:05:14.871071 bind(5, {sa_family=AF_INET, sin_port=htons(41781), sin_addr=inet_addr("127.0.0.1")}, 16) = 0
23360 15:05:14.871087 listen(5, 1)      = 0
23360 15:05:14.871101 write(4, "5\243\0\0", 4) = 4
23360 15:05:14.871112 read(4,  <unfinished ...>
23362 15:05:14.871119 read(5, "5\243\0\0", 4) = 4
23362 15:05:14.871136 write(0, "227 Entering Passive Mode (127,0,0,1,163,53).\r\n", 47) = 47
23362 15:05:14.871250 rt_sigaction(SIGALRM, {0x805cad0, ~[RTMIN RT_1], 0}, NULL, 8) = 0
23362 15:05:14.871267 alarm(300)        = 300
23362 15:05:14.871278 recv(0, "STOR myfile13\r\n", 4096, MSG_PEEK) = 15
23362 15:05:14.871291 read(0, "STOR myfile13\r\n", 15) = 15
23362 15:05:14.871305 write(5, "\v", 1 <unfinished ...>
23360 15:05:14.871313 <... read resumed> "\v", 1) = 1
23362 15:05:14.871317 <... write resumed> ) = 1
23360 15:05:14.871324 write(4, "\1\0\0\0", 4) = 4
23360 15:05:14.871334 read(4,  <unfinished ...>
23362 15:05:14.871341 read(5, "\1\0\0\0", 4) = 4
23362 15:05:14.871353 gettimeofday({1495652714, 871357}, NULL) = 0
23362 15:05:14.871364 getcwd("/home/msfadmin", 4096) = 15
23362 15:05:14.871377 open("myfile13", O_WRONLY|O_CREAT|O_NONBLOCK|O_LARGEFILE, 0666) = 4
23362 15:05:14.871391 fstat64(4, {st_mode=S_IFREG|0644, st_size=17, ...}) = 0
