20293 14:32:57.576339 open("/etc/pam.d/common-auth", O_RDONLY|O_LARGEFILE) = 6
20293 14:32:57.576352 fstat64(6, {st_mode=S_IFREG|0644, st_size=476, ...}) = 0
20293 14:32:57.576368 mmap2(NULL, 4096, PROT_READ|PROT_WRITE, MAP_PRIVATE|MAP_ANONYMOUS, -1, 0) = 0xb7f80000
20293 14:32:57.576379 read(6, "#\n# /etc/pam.d/common-auth - authentication settings common to all services\n#\n# This file is included from other service-specific PAM config files,\n# and should contain a list of the authentication modules that define\n# the central authentication scheme for use on the system\n# (e.g., /etc/shadow, LDAP, Kerberos, etc.).  The default is to use the\n# traditional Unix authentication mechanisms.\n#\nauth\trequisite\tpam_unix.so nullok_secure\n# auth\toptional\tpam_smbpass.so migrate\n", 4096) = 476
20293 14:32:57.576427 open("/lib/security/pam_unix.so", O_RDONLY) = 7
20293 14:32:57.576440 read(7, "\177ELF\1\1\1\0\0\0\0\0\0\0\0\0\3\0\3\0\1\0\0\0\20\37\0\0004\0\0\0\374\264\0\0\0\0\0\0004\0 \0\4\0(\0\32\0\31\0\1\0\0\0\0\0\0\0\0\0\0\0\0\0\0\0x\257\0\0x\257\0\0\5\0\0\0\0\20\0\0\1\0\0\0\0\260\0\0\0\260\0\0\0\260\0\0$\4\0\0\304\304\0\0\6\0\0\0\0\20\0\0\2\0\0\0d\261\0\0d\261\0\0d\261\0\0\360\0\0\0\360\0\0\0\6\0\0\0\4\0\0\0Q\345td\0\0\0\0\0\0\0\0\0\0\0\0\0\0\0\0\0\0\0\0\6\0\0\0\4\0\0\0\333\0\0\0p\0\0\0\0\0\0\0\0\0\0\0\0\0\0\0\0\0\0\0Z\0\0\0\0\0\0\0[\0\0\0\0\0\0\0\0\0\0\0\0\0\0\0>\0\0\0Y\0\0\0\0\0\0\0\0\0\0\0\n\0\0\0\0\0\0\0\0\0\0\0\0\0\0\0\0\0\0\0\0\0\0\0\0\0\0\0\0\0\0\0\f\0\0\0]\0\0\0\30\0\0\0\0\0\0\0\5\0\0\0\36\0\0\0,\0\0\0k\0\0\0\33\0\0\0_\0\0\0\0\0\0\0\0\0\0\0U\0\0\0\0\0\0\0d\0\0\0\0\0\0\0\27\0\0\0f\0\0\0^\0\0\0\0\0\0\0\0\0\0\0B\0\0\0\0\0\0\0\0\0\0\0\0\0\0\0a\0\0\0\10\0\0\0\0\0\0\0\0\0\0\0\0\0\0\0\0\0\0\0\17\0\0\0\0\0\0\0\0\0\0\0\0\0\0\0`\0\0\0\t\0\0\0\35\0\0\0$\0\0\0\0\0\0\0004\0\0\0002\0\0\0\21\0\0\0W\0\0\0\r\0\0\0\0\0\0\0001\0\0\0n\0\0\0\0\0\0\0006\0\0\0\0\0\0\0\0\0\0\0\0\0\0\0\32\0\0\0\37\0\0\0\0\0\0\0\0\0\0\0.\0\0\0!\0\0\0", 512) = 512
20293 14:32:57.576528 fstat64(7, {st_mode=S_IFREG|0644, st_size=47372, ...}) = 0
20293 14:32:57.576546 mmap2(NULL, 95428, PROT_READ|PROT_EXEC, MAP_PRIVATE|MAP_DENYWRITE, 7, 0) = 0xb7db6000
20293 14:32:57.576557 mmap2(0xb7dc1000, 4096, PROT_READ|PROT_WRITE, MAP_PRIVATE|MAP_FIXED|MAP_DENYWRITE, 7, 0xb) = 0xb7dc1000
20293 14:32:57.576572 mmap2(0xb7dc2000, 46276, PROT_READ|PROT_WRITE, MAP_PRIVATE|MAP_FIXED|MAP_ANONYMOUS, -1, 0) = 0xb7dc2000
20293 14:32:57.576583 close(7)          = 0
20293 14:32:57.576595 open("/etc/ld.so.cache", O_RDONLY) = 7
20293 14:32:57.576608 fstat64(7, {st_mode=S_IFREG|0644, st_size=29913, ...}) = 0
20293 14:32:57.576624 mmap2(NULL, 29913, PROT_READ, MAP_PRIVATE, 7, 0) = 0xb7dae000
20293 14:32:57.576634 close(7)          = 0
20293 14:32:57.576644 access("/etc/ld.so.nohwcap", F_OK) = -1 ENOENT (No such file or directory)
20293 14:32:57.576660 open("/lib/tls/i686/cmov/libcrypt.so.1", O_RDONLY) = 7
20293 14:32:57.576674 read(7, "\177ELF\1\1\1\0\0\0\0\0\0\0\0\0\3\0\3\0\1\0\0\0000\7\0\0004\0\0\0<\221\0\0\0\0\0\0004\0 \0\10\0(\0\34\0\33\0\6\0\0\0004\0\0\0004\0\0\0004\0\0\0\0\1\0\0\0\1\0\0\5\0\0\0\4\0\0\0\3\0\0\0\340\210\0\0\340\210\0\0\340\210\0\0\23\0\0\0\23\0\0\0\4\0\0\0\1\0\0\0\1\0\0\0\0\0\0\0\0\0\0\0\0\0\0\0\f\212\0\0\f\212\0\0\5\0\0\0\0\20\0\0\1\0\0\0\350\216\0\0\350\236\0\0\350\236\0\0`\1\0\0tr\2\0\6\0\0\0\0\20\0\0\2\0\0\0\374\216\0\0\374\236\0\0\374\236\0\0\340\0\0\0\340\0\0\0\6\0\0\0\4\0\0\0\4\0\0\0004\1\0\0004\1\0\0004\1\0\0 \0\0\0 \0\0\0\4\0\0\0\4\0\0\0Q\345td\0\0\0\0\0\0\0\0\0\0\0\0\0\0\0\0\0\0\0\0\6\0\0\0\4\0\0\0R\345td\350\216\0\0\350\236\0\0\350\236\0\0\f\1\0\0\f\1\0\0\4\0\0\0\1\0\0\0\4\0\0\0\20\0\0\0\1\0\0\0GNU\0\0\0\0\0\2\0\0\0\6\0\0\0\10\0\0\0\17\0\0\0\22\0\0\0\2\0\0\0\6\0\0\0\4\311\240, \4\0\0\0\0\0\0\0\0\0\0\0\0\0\0\22\0\0\0\23\0\0\0\24\0\0\0\0\0\0\0\25\0\0\0\26\0\0\0\0\0\0\0\27\0\0\0\0\0\0\0\30\0\0\0\31\0\0\0\0\0\0\0k\31Qj\233(\375B\233`\205\33\327\16?\17I->\333\235C\r\375\313\373_\22\325=l\366\0\0\0\0\0\0\0\0\0\0\0\0\0\0\0\0o\0\0\0\0\0\0\0\35\0\0\0\22\0\0\0\1\0\0\0\0\0\0\0\0\0\0\0 \0\0\0\37\0\0\0\0\0\0\0", 512) = 512
20293 14:32:57.576763 fstat64(7, {st_mode=S_IFREG|0644, st_size=38300, ...}) = 0
20293 14:32:57.576781 mmap2(NULL, 201052, PROT_READ|PROT_EXEC, MAP_PRIVATE|MAP_DENYWRITE, 7, 0) = 0xb7d7c000
20293 14:32:57.576793 mmap2(0xb7d85000, 8192, PROT_READ|PROT_WRITE, MAP_PRIVATE|MAP_FIXED|MAP_DENYWRITE, 7, 0x8) = 0xb7d85000
20293 14:32:57.576808 mmap2(0xb7d87000, 155996, PROT_READ|PROT_WRITE, MAP_PRIVATE|MAP_FIXED|MAP_ANONYMOUS, -1, 0) = 0xb7d87000
20293 14:32:57.576823 close(7)          = 0
20293 14:32:57.576848 access("/etc/ld.so.nohwcap", F_OK) = -1 ENOENT (No such file or directory)
20293 14:32:57.576872 open("/lib/libselinux.so.1", O_RDONLY) = 7
20293 14:32:57.576885 read(7, "\177ELF\1\1\1\0\0\0\0\0\0\0\0\0\3\0\3\0\1\0\0\0\300@\0\0004\0\0\0\224r\1\0\0\0\0\0004\0 \0\6\0(\0\33\0\32\0\1\0\0\0\0\0\0\0\0\0\0\0\0\0\0\0\230f\1\0\230f\1\0\5\0\0\0\0\20\0\0\1\0\0\0\240n\1\0\240~\1\0\240~\1\0\20\3\0\0\234\f\0\0\6\0\0\0\0\20\0\0\2\0\0\0\320n\1\0\320~\1\0\320~\1\0\340\0\0\0\340\0\0\0\6\0\0\0\4\0\0\0\7\0\0\0\240n\1\0\240~\1\0\240~\1\0\0\0\0\0\\\0\0\0\4\0\0\0 \0\0\0Q\345td\0\0\0\0\0\0\0\0\0\0\0\0\0\0\0\0\0\0\0\0\6\0\0\0\4\0\0\0R\345td\240n\1\0\240~\1\0\240~\1\0T\1\0\0T\1\0\0\4\0\0\0\1\0\0\0\7\1\0\0#\1\0\0\0\0\0\0\24\0\0\0\v\1\0\0\306\0\0\0\0\0\0\0\36\1\0\0\330\0\0\0 \1\0\0001\0\0\0\345\0\0\0\34\0\0\0\206\0\0\0\212\0\0\0\234\0\0\0\0\0\0\0*\0\0\0\0\0\0\0\0\0\0\0\370\0\0\0004\0\0\0\0\0\0\0\0\0\0\0\0\0\0\0\0\0\0\0\0\0\0\0\224\0\0\0\0\0\0\0\0\0\0\0\0\0\0\0\244\0\0\0\347\0\0\0\373\0\0\0\0\0\0\0\304\0\0\0\257\0\0\0\0\0\0\0!\1\0\0\0\0\0\0\307\0\0\0\235\0\0\0\25\1\0\0`\0\0\0\0\0\0\0\256\0\0\0\374\0\0\0O\0\0\0i\0\0\0^\0\0\0\337\0\0\0-\0\0\0m\0\0\0\0\0\0\0\0\0\0\0\0\0\0\0\0\0\0\0\260\0\0\0\314\0\0\0\6\0\0\0\276\0\0\0{\0\0\0\226\0\0\0\0\0\0\0E\0\0\0\33\0\0\0\371\0\0\0", 512) = 512
20293 14:32:57.576972 fstat64(7, {st_mode=S_IFREG|0644, st_size=95948, ...}) = 0
20293 14:32:57.576994 mmap2(NULL, 101180, PROT_READ|PROT_EXEC, MAP_PRIVATE|MAP_DENYWRITE, 7, 0) = 0xb7d63000
20293 14:32:57.577006 mmap2(0xb7d7a000, 8192, PROT_READ|PROT_WRITE, MAP_PRIVATE|MAP_FIXED|MAP_DENYWRITE, 7, 0x16) = 0xb7d7a000
20293 14:32:57.577023 close(7)          = 0
20293 14:32:57.577120 open("/etc/selinux/config", O_RDONLY|O_LARGEFILE) = -1 ENOENT (No such file or directory)
20293 14:32:57.577146 statfs64("/selinux", 84, 0xbfda403c) = -1 ENOENT (No such file or directory)
20293 14:32:57.577159 open("/proc/mounts", O_RDONLY|O_LARGEFILE) = 7
20293 14:32:57.577184 fstat64(7, {st_mode=S_IFREG|0444, st_size=0, ...}) = 0
20293 14:32:57.577201 mmap2(NULL, 4096, PROT_READ|PROT_WRITE, MAP_PRIVATE|MAP_ANONYMOUS, -1, 0) = 0xb7f7f000
20293 14:32:57.577212 read(7, "rootfs / rootfs rw 0 0\nnone /sys sysfs rw,nosuid,nodev,noexec 0 0\nnone /proc proc rw,nosuid,nodev,noexec 0 0\nudev /dev tmpfs rw,relatime 0 0\nfusectl /sys/fs/fuse/connections fusectl rw,relatime 0 0\n/dev/mapper/metasploitable-root / ext3 rw,relatime,errors=remount-ro,data=ordered 0 0\n/dev/mapper/metasploitable-root /dev/.static/dev ext3 rw,relatime,errors=remount-ro,data=ordered 0 0\ntmpfs /var/run tmpfs rw,nosuid,nodev,noexec 0 0\ntmpfs /var/lock tmpfs rw,nosuid,nodev,noexec 0 0\ntmpfs /dev/shm tmpfs rw,relatime 0 0\ndevpts /dev/pts devpts rw,relatime 0 0\ntmpfs /var/run tmpfs rw,nosuid,nodev,noexec 0 0\ntmpfs /var/lock tmpfs rw,nosuid,nodev,noexec 0 0\n/dev/sda1 /boot ext3 rw,relatime,data=ordered 0 0\nsecurityfs /sys/kernel/security securityfs rw,relatime 0 0\nrpc_pipefs /var/lib/nfs/rpc_pipefs rpc_pipefs rw,relatime 0 0\nnfsd /proc/fs/nfsd nfsd rw,relatime 0 0\n", 1024) = 866
20293 14:32:57.577296 read(7, "", 1024) = 0
20293 14:32:57.577306 close(7)          = 0
20293 14:32:57.577316 munmap(0xb7f7f000, 4096) = 0
20293 14:32:57.577332 munmap(0xb7dae000, 29913) = 0
20293 14:32:57.577346 read(6, "", 4096) = 0
20293 14:32:57.577356 close(6)          = 0
20293 14:32:57.577366 munmap(0xb7f80000, 4096) = 0
20293 14:32:57.577377 stat64("/etc/pam.d", {st_mode=S_IFDIR|0755, st_size=4096, ...}) = 0
20293 14:32:57.577396 open("/etc/pam.d/common-account", O_RDONLY|O_LARGEFILE) = 6
20293 14:32:57.577409 fstat64(6, {st_mode=S_IFREG|0644, st_size=392, ...}) = 0
20293 14:32:57.577426 mmap2(NULL, 4096, PROT_READ|PROT_WRITE, MAP_PRIVATE|MAP_ANONYMOUS, -1, 0) = 0xb7f80000
20293 14:32:57.577436 read(6, "#\n# /etc/pam.d/common-account - authorization settings common to all services\n#\n# This file is included from other service-specific PAM config files,\n# and should contain a list of the authorization modules that define\n# the central access policy for use on the system.  The default is to\n# only deny service to users whose accounts are expired in /etc/shadow.\n#\naccount\trequired\tpam_unix.so\n", 4096) = 392
20293 14:32:57.577476 read(6, "", 4096) = 0
20293 14:32:57.577486 close(6)          = 0
20293 14:32:57.577495 munmap(0xb7f80000, 4096) = 0
20293 14:32:57.577506 stat64("/etc/pam.d", {st_mode=S_IFDIR|0755, st_size=4096, ...}) = 0
20293 14:32:57.577524 open("/etc/pam.d/common-session", O_RDONLY|O_LARGEFILE) = 6
20293 14:32:57.577537 fstat64(6, {st_mode=S_IFREG|0644, st_size=372, ...}) = 0
20293 14:32:57.577553 mmap2(NULL, 4096, PROT_READ|PROT_WRITE, MAP_PRIVATE|MAP_ANONYMOUS, -1, 0) = 0xb7f80000
20293 14:32:57.577563 read(6, "#\n# /etc/pam.d/common-session - session-related modules common to all services\n#\n# This file is included from other service-specific PAM config files,\n# and should contain a list of modules that define tasks to be performed\n# at the start and end of sessions of *any* kind (both interactive and\n# non-interactive).  The default is pam_unix.\n#\nsession\trequired\tpam_unix.so\n", 4096) = 372
20293 14:32:57.577601 read(6, "", 4096) = 0
20293 14:32:57.577611 close(6)          = 0
20293 14:32:57.577620 munmap(0xb7f80000, 4096) = 0
20293 14:32:57.577630 read(5, "", 4096) = 0
20293 14:32:57.577640 close(5)          = 0
20293 14:32:57.577649 munmap(0xb7f86000, 4096) = 0
20293 14:32:57.577659 open("/etc/pam.d/other", O_RDONLY|O_LARGEFILE) = 5
20293 14:32:57.577675 fstat64(5, {st_mode=S_IFREG|0644, st_size=520, ...}) = 0
20293 14:32:57.577691 mmap2(NULL, 4096, PROT_READ|PROT_WRITE, MAP_PRIVATE|MAP_ANONYMOUS, -1, 0) = 0xb7f86000
20293 14:32:57.577702 read(5, "#\n# /etc/pam.d/other - specify the PAM fallback behaviour\n#\n# Note that this file is used for any unspecified service; for example\n#if /etc/pam.d/cron  specifies no session modules but cron calls\n#pam_open_session, the session module out of /etc/pam.d/other is\n#used.  If you really want nothing to happen then use pam_permit.so or\n#pam_deny.so as appropriate.\n\n# We fall back to the system default in /etc/pam.d/common-*\n# \n\n@include common-auth\n@include common-account\n@include common-password\n@include common-session\n", 4096) = 520
20293 14:32:57.577747 stat64("/etc/pam.d", {st_mode=S_IFDIR|0755, st_size=4096, ...}) = 0
20293 14:32:57.577765 open("/etc/pam.d/common-auth", O_RDONLY|O_LARGEFILE) = 6
20293 14:32:57.577777 fstat64(6, {st_mode=S_IFREG|0644, st_size=476, ...}) = 0
20293 14:32:57.577808 mmap2(NULL, 4096, PROT_READ|PROT_WRITE, MAP_PRIVATE|MAP_ANONYMOUS, -1, 0) = 0xb7f80000
20293 14:32:57.577822 read(6, "#\n# /etc/pam.d/common-auth - authentication settings common to all services\n#\n# This file is included from other service-specific PAM config files,\n# and should contain a list of the authentication modules that define\n# the central authentication scheme for use on the system\n# (e.g., /etc/shadow, LDAP, Kerberos, etc.).  The default is to use the\n# traditional Unix authentication mechanisms.\n#\nauth\trequisite\tpam_unix.so nullok_secure\n# auth\toptional\tpam_smbpass.so migrate\n", 4096) = 476
20293 14:32:57.577882 read(6, "", 4096) = 0
20293 14:32:57.577892 close(6)          = 0
20293 14:32:57.577901 munmap(0xb7f80000, 4096) = 0
20293 14:32:57.577912 stat64("/etc/pam.d", {st_mode=S_IFDIR|0755, st_size=4096, ...}) = 0
20293 14:32:57.577931 open("/etc/pam.d/common-account", O_RDONLY|O_LARGEFILE) = 6
20293 14:32:57.577944 fstat64(6, {st_mode=S_IFREG|0644, st_size=392, ...}) = 0
20293 14:32:57.577959 mmap2(NULL, 4096, PROT_READ|PROT_WRITE, MAP_PRIVATE|MAP_ANONYMOUS, -1, 0) = 0xb7f80000
20293 14:32:57.577970 read(6, "#\n# /etc/pam.d/common-account - authorization settings common to all services\n#\n# This file is included from other service-specific PAM config files,\n# and should contain a list of the authorization modules that define\n# the central access policy for use on the system.  The default is to\n# only deny service to users whose accounts are expired in /etc/shadow.\n#\naccount\trequired\tpam_unix.so\n", 4096) = 392
20293 14:32:57.578008 read(6, "", 4096) = 0
20293 14:32:57.578018 close(6)          = 0
20293 14:32:57.578027 munmap(0xb7f80000, 4096) = 0
20293 14:32:57.578038 stat64("/etc/pam.d", {st_mode=S_IFDIR|0755, st_size=4096, ...}) = 0
20293 14:32:57.578056 open("/etc/pam.d/common-password", O_RDONLY|O_LARGEFILE) = 6
20293 14:32:57.578069 fstat64(6, {st_mode=S_IFREG|0644, st_size=1563, ...}) = 0
20293 14:32:57.578084 mmap2(NULL, 4096, PROT_READ|PROT_WRITE, MAP_PRIVATE|MAP_ANONYMOUS, -1, 0) = 0xb7f80000
20293 14:32:57.578095 read(6, "#\n# /etc/pam.d/common-password - password-related modules common to all services\n#\n# This file is included from other service-specific PAM config files,\n# and should contain a list of modules that define the services to be\n# used to change user passwords.  The default is pam_unix.\n\n# Explanation of pam_unix options:\n#\n# The \"nullok\" option allows users to change an empty password, else\n# empty passwords are treated as locked accounts.\n#\n# The \"md5\" option enables MD5 passwords.  Without this option, the\n# default is Unix crypt.\n#\n# The \"obscure\" option replaces the old `OBSCURE_CHECKS_ENAB\' option in\n# login.defs.\n#\n# You can also use the \"min\" option to enforce the length of the new\n# password.\n#\n# See the pam_unix manpage for other options.\n\npassword   requisite   pam_unix.so nullok obscure md5\n\n# Alternate strength checking for password. Note that this\n# requires the libpam-cracklib package to be installed.\n# You will need to comment out the password line above and\n# uncomment the next two in order to use this.\n# (Replaces the `OBSCURE_CHECKS_ENAB\', `CRACKLIB_DICTPATH\')\n#\n# password required\t  pam_cracklib.so retry=3 minlen=6 difok=3\n# password required\t  pam_unix.so use_authtok nullok md5\n\n# minimally-intrusive inclusion of smbpass in the stack for\n# synchronization.  If the module is absent or the passwords don\'t\n# match, this module will be ignored without prompting; and if the \n# passwords do match, the NTLM hash for the user will be updated\n# automatically.\n# password   optional   pam_smbpass.so nullok use_authtok use_first_pass\n", 4096) = 1563
20293 14:32:57.578214 read(6, "", 4096) = 0
20293 14:32:57.578224 close(6)          = 0
20293 14:32:57.578233 munmap(0xb7f80000, 4096) = 0
20293 14:32:57.578244 stat64("/etc/pam.d", {st_mode=S_IFDIR|0755, st_size=4096, ...}) = 0
20293 14:32:57.578262 open("/etc/pam.d/common-session", O_RDONLY|O_LARGEFILE) = 6
20293 14:32:57.578274 fstat64(6, {st_mode=S_IFREG|0644, st_size=372, ...}) = 0
20293 14:32:57.578290 mmap2(NULL, 4096, PROT_READ|PROT_WRITE, MAP_PRIVATE|MAP_ANONYMOUS, -1, 0) = 0xb7f80000
20293 14:32:57.578300 read(6, "#\n# /etc/pam.d/common-session - session-related modules common to all services\n#\n# This file is included from other service-specific PAM config files,\n# and should contain a list of modules that define tasks to be performed\n# at the start and end of sessions of *any* kind (both interactive and\n# non-interactive).  The default is pam_unix.\n#\nsession\trequired\tpam_unix.so\n", 4096) = 372
20293 14:32:57.578338 read(6, "", 4096) = 0
20293 14:32:57.578347 close(6)          = 0
20293 14:32:57.578356 munmap(0xb7f80000, 4096) = 0
20293 14:32:57.578366 read(5, "", 4096) = 0
20293 14:32:57.578376 close(5)          = 0
20293 14:32:57.578385 munmap(0xb7f86000, 4096) = 0
20293 14:32:57.578397 time(NULL)        = 1495650777
20293 14:32:57.578409 lstat64("/etc/ftpusers", {st_mode=S_IFREG|0644, st_size=132, ...}) = 0
20293 14:32:57.578427 open("/etc/ftpusers", O_RDONLY|O_LARGEFILE) = 5
20293 14:32:57.578439 fstat64(5, {st_mode=S_IFREG|0644, st_size=132, ...}) = 0
20293 14:32:57.578455 mmap2(NULL, 4096, PROT_READ|PROT_WRITE, MAP_PRIVATE|MAP_ANONYMOUS, -1, 0) = 0xb7f86000
20293 14:32:57.578465 read(5, "# /etc/ftpusers: list of users disallowed FTP access. See ftpusers(5).\n\nroot\ndaemon\nbin\nsys\nsync\ngames\nman\nlp\nmail\nnews\nuucp\nnobody\n", 4096) = 132
20293 14:32:57.578486 read(5, "", 4096) = 0
20293 14:32:57.578495 close(5)          = 0
20293 14:32:57.578505 munmap(0xb7f86000, 4096) = 0
20293 14:32:57.578520 getuid32()        = 0
20293 14:32:57.578536 open("/etc/passwd", O_RDONLY|0x80000 /* O_??? */) = 5
20293 14:32:57.578550 _llseek(5, 0, [0], SEEK_CUR) = 0
20293 14:32:57.578561 fstat64(5, {st_mode=S_IFREG|0644, st_size=1624, ...}) = 0
20293 14:32:57.578577 mmap2(NULL, 1624, PROT_READ, MAP_SHARED, 5, 0) = 0xb7f86000
20293 14:32:57.578589 _llseek(5, 1624, [1624], SEEK_SET) = 0
20293 14:32:57.578607 munmap(0xb7f86000, 1624) = 0
20293 14:32:57.578618 close(5)          = 0
20293 14:32:57.578642 open("/etc/shadow", O_RDONLY|0x80000 /* O_??? */) = 5
20293 14:32:57.578659 _llseek(5, 0, [0], SEEK_CUR) = 0
20293 14:32:57.578670 fstat64(5, {st_mode=S_IFREG|0640, st_size=1233, ...}) = 0
20293 14:32:57.578686 mmap2(NULL, 1233, PROT_READ, MAP_SHARED, 5, 0) = 0xb7f86000
20293 14:32:57.578697 _llseek(5, 1233, [1233], SEEK_SET) = 0
20293 14:32:57.578716 munmap(0xb7f86000, 1233) = 0
20293 14:32:57.578727 close(5)          = 0
20293 14:32:57.578745 open("/etc/passwd", O_RDONLY|0x80000 /* O_??? */) = 5
20293 14:32:57.578758 _llseek(5, 0, [0], SEEK_CUR) = 0
20293 14:32:57.578786 fstat64(5, {st_mode=S_IFREG|0644, st_size=1624, ...}) = 0
20293 14:32:57.578813 mmap2(NULL, 1624, PROT_READ, MAP_SHARED, 5, 0) = 0xb7f86000
20293 14:32:57.578823 _llseek(5, 1624, [1624], SEEK_SET) = 0
20293 14:32:57.578840 munmap(0xb7f86000, 1624) = 0
20293 14:32:57.578850 close(5)          = 0
20293 14:32:57.578863 open("/etc/shadow", O_RDONLY|0x80000 /* O_??? */) = 5
20293 14:32:57.578879 _llseek(5, 0, [0], SEEK_CUR) = 0
20293 14:32:57.578890 fstat64(5, {st_mode=S_IFREG|0640, st_size=1233, ...}) = 0
20293 14:32:57.578906 mmap2(NULL, 1233, PROT_READ, MAP_SHARED, 5, 0) = 0xb7f86000
20293 14:32:57.578917 _llseek(5, 1233, [1233], SEEK_SET) = 0
20293 14:32:57.578934 munmap(0xb7f86000, 1233) = 0
20293 14:32:57.578944 close(5)          = 0
20293 14:32:57.579176 getuid32()        = 0
20293 14:32:57.579187 open("/etc/passwd", O_RDONLY|0x80000 /* O_??? */) = 5
20293 14:32:57.579200 _llseek(5, 0, [0], SEEK_CUR) = 0
20293 14:32:57.579210 fstat64(5, {st_mode=S_IFREG|0644, st_size=1624, ...}) = 0
20293 14:32:57.579226 mmap2(NULL, 1624, PROT_READ, MAP_SHARED, 5, 0) = 0xb7f86000
20293 14:32:57.579236 _llseek(5, 1624, [1624], SEEK_SET) = 0
20293 14:32:57.579252 munmap(0xb7f86000, 1624) = 0
20293 14:32:57.579262 close(5)          = 0
20293 14:32:57.579416 open("/etc/shadow", O_RDONLY|0x80000 /* O_??? */) = 5
20293 14:32:57.579434 _llseek(5, 0, [0], SEEK_CUR) = 0
20293 14:32:57.579444 fstat64(5, {st_mode=S_IFREG|0640, st_size=1233, ...}) = 0
20293 14:32:57.579461 mmap2(NULL, 1233, PROT_READ, MAP_SHARED, 5, 0) = 0xb7f86000
20293 14:32:57.579472 _llseek(5, 1233, [1233], SEEK_SET) = 0
20293 14:32:57.579489 munmap(0xb7f86000, 1233) = 0
20293 14:32:57.579499 close(5)          = 0
20293 14:32:57.579511 time(NULL)        = 1495650777
20293 14:32:57.579526 munmap(0xb7f83000, 12164) = 0
20293 14:32:57.579539 munmap(0xb7f81000, 7136) = 0
20293 14:32:57.579553 munmap(0xb7db6000, 95428) = 0
20293 14:32:57.579564 munmap(0xb7d7c000, 201052) = 0
20293 14:32:57.579575 munmap(0xb7d63000, 101180) = 0
20293 14:32:57.579591 gettimeofday({1495650777, 579595}, NULL) = 0
20293 14:32:57.579603 stat64("/usr/share/zoneinfo/UTC+04:00", 0xbfda5f14) = -1 ENOENT (No such file or directory)
20293 14:32:57.579618 open("/usr/share/zoneinfo/UTC+04:00", O_RDONLY) = -1 ENOENT (No such file or directory)
20293 14:32:57.579643 fcntl64(3, F_SETLKW64, {type=F_WRLCK, whence=SEEK_SET, start=0, len=0}, 0xbfda6064) = 0
20293 14:32:57.579659 write(3, "Wed May 24 14:32:57 2017 [pid 20293] [msfadmin] OK LOGIN: Client \"127.0.0.1\"\n", 77) = 77
20293 14:32:57.579675 fcntl64(3, F_SETLK64, {type=F_UNLCK, whence=SEEK_SET, start=0, len=0}, 0xbfda606c) = 0
20293 14:32:57.579688 rt_sigaction(SIGCHLD, {0x805cad0, ~[RTMIN RT_1], 0}, NULL, 8) = 0
20293 14:32:57.579703 write(4, "\1", 1 <unfinished ...>
20294 14:32:57.579712 <... read resumed> "\1", 1) = 1
20293 14:32:57.579717 <... write resumed> ) = 1
20294 14:32:57.579724 exit_group(0)     = ?
20293 14:32:57.579752 --- SIGCHLD (Child exited) @ 0 (0) ---
20293 14:32:57.579760 sigreturn()       = ? (mask now [])
20293 14:32:57.579778 wait4(-1, [{WIFEXITED(s) && WEXITSTATUS(s) == 0}], 0, NULL) = 20294
20293 14:32:57.579792 close(4)          = 0
20293 14:32:57.579803 socketpair(PF_FILE, SOCK_STREAM, 0, [4, 5]) = 0
20293 14:32:57.579817 rt_sigaction(SIGCHLD, {0x805cad0, ~[RTMIN RT_1], 0}, NULL, 8) = 0
20293 14:32:57.579852 rt_sigaction(SIGALRM, {0x805cb10, ~[RTMIN RT_1], 0}, NULL, 8) = 0
20293 14:32:57.579869 clone(child_stack=0, flags=CLONE_CHILD_CLEARTID|CLONE_CHILD_SETTID|SIGCHLD, child_tidptr=0xb7dec6f8) = 20295
20295 14:32:57.579931 prctl(0x1, 0x9, 0, 0, 0) = 0
20295 14:32:57.579944 close(4)          = 0
20295 14:32:57.579973 open("/etc/passwd", O_RDONLY|0x80000 /* O_??? */) = 4
20295 14:32:57.579990 _llseek(4, 0, [0], SEEK_CUR) = 0
20295 14:32:57.580005 fstat64(4, {st_mode=S_IFREG|0644, st_size=1624, ...}) = 0
20295 14:32:57.580023 mmap2(NULL, 1624, PROT_READ, MAP_SHARED, 4, 0) = 0xb7f86000
20295 14:32:57.580035 _llseek(4, 1624, [1624], SEEK_SET) = 0
20295 14:32:57.580058 munmap(0xb7f86000, 1624) = 0
20295 14:32:57.580069 close(4)          = 0
20295 14:32:57.580082 getuid32()        = 0
20295 14:32:57.580093 open("/etc/passwd", O_RDONLY|0x80000 /* O_??? */) = 4
20295 14:32:57.580105 _llseek(4, 0, [0], SEEK_CUR) = 0
20295 14:32:57.580116 fstat64(4, {st_mode=S_IFREG|0644, st_size=1624, ...}) = 0
20295 14:32:57.580132 mmap2(NULL, 1624, PROT_READ, MAP_SHARED, 4, 0) = 0xb7f86000
20295 14:32:57.580143 _llseek(4, 1624, [1624], SEEK_SET) = 0
20295 14:32:57.580163 munmap(0xb7f86000, 1624) = 0
20295 14:32:57.580173 close(4)          = 0
20295 14:32:57.580199 open("/proc/sys/kernel/ngroups_max", O_RDONLY) = 4
20295 14:32:57.580219 read(4, "65536\n", 31) = 6
20295 14:32:57.580231 close(4)          = 0
20295 14:32:57.580245 socket(PF_FILE, SOCK_STREAM, 0) = 4
20295 14:32:57.580257 fcntl64(4, F_SETFL, O_RDWR|O_NONBLOCK) = 0
20295 14:32:57.580268 connect(4, {sa_family=AF_FILE, path="/var/run/nscd/socket"}, 110) = -1 ENOENT (No such file or directory)
20295 14:32:57.580288 close(4)          = 0
20295 14:32:57.580300 socket(PF_FILE, SOCK_STREAM, 0) = 4
20295 14:32:57.580310 fcntl64(4, F_SETFL, O_RDWR|O_NONBLOCK) = 0
20295 14:32:57.580321 connect(4, {sa_family=AF_FILE, path="/var/run/nscd/socket"}, 110) = -1 ENOENT (No such file or directory)
20295 14:32:57.580339 close(4)          = 0
20295 14:32:57.580362 open("/etc/group", O_RDONLY|0x80000 /* O_??? */) = 4
20295 14:32:57.580377 _llseek(4, 0, [0], SEEK_CUR) = 0
20295 14:32:57.580387 fstat64(4, {st_mode=S_IFREG|0644, st_size=886, ...}) = 0
20295 14:32:57.580404 mmap2(NULL, 886, PROT_READ, MAP_SHARED, 4, 0) = 0xb7f86000
20295 14:32:57.580415 _llseek(4, 886, [886], SEEK_SET) = 0
20295 14:32:57.580439 fstat64(4, {st_mode=S_IFREG|0644, st_size=886, ...}) = 0
20295 14:32:57.580456 munmap(0xb7f86000, 886) = 0
20295 14:32:57.580466 close(4)          = 0
20295 14:32:57.580476 setgroups32(13, [1000, 4, 20, 24, 25, 29, 30, 44, 46, 107, 111, 112, 119]) = 0
20295 14:32:57.580492 geteuid32()       = 0
20295 14:32:57.580503 getegid32()       = 0
20295 14:32:57.580514 setregid32(-1, 1000) = 0
20295 14:32:57.580524 setreuid32(-1, 1000) = 0
20295 14:32:57.580535 chdir("/home/msfadmin") = 0
20295 14:32:57.580546 setreuid32(-1, 0) = 0
20295 14:32:57.580556 setregid32(-1, 0) = 0
20295 14:32:57.580566 setgid32(1000)    = 0
20295 14:32:57.580576 setuid32(1000)    = 0
20295 14:32:57.580586 setrlimit(RLIMIT_NPROC, {rlim_cur=0, rlim_max=0}) = 0
20295 14:32:57.580599 mmap2(NULL, 12288, PROT_READ|PROT_WRITE, MAP_PRIVATE|MAP_ANONYMOUS, -1, 0) = 0xb7f84000
20295 14:32:57.580611 mprotect(0xb7f86000, 4096, PROT_NONE) = 0
20295 14:32:57.580622 mprotect(0xb7f84000, 4096, PROT_NONE) = 0
20295 14:32:57.580633 getcwd("/home/msfadmin", 4096) = 15
20295 14:32:57.580647 umask(022)        = 077
20295 14:32:57.580657 getcwd("/home/msfadmin", 4096) = 15
20295 14:32:57.580670 open(".message", O_RDONLY|O_NONBLOCK|O_LARGEFILE) = -1 ENOENT (No such file or directory)
20295 14:32:57.580692 write(0, "230 Login successful.\r\n", 23) = 23
20295 14:32:57.580757 rt_sigaction(SIGALRM, {0x805cad0, ~[RTMIN RT_1], 0}, NULL, 8) = 0
20295 14:32:57.580774 alarm(300)        = 0
20295 14:32:57.580785 mmap2(NULL, 12288, PROT_READ|PROT_WRITE, MAP_PRIVATE|MAP_ANONYMOUS, -1, 0) = 0xb7f81000
20295 14:32:57.580796 mprotect(0xb7f83000, 4096, PROT_NONE) = 0
20295 14:32:57.580829 mprotect(0xb7f81000, 4096, PROT_NONE) = 0
20295 14:32:57.580856 recv(0, "TYPE I\r\n", 4096, MSG_PEEK) = 8
20295 14:32:57.580869 read(0, "TYPE I\r\n", 8) = 8
20295 14:32:57.580886 write(0, "200 Switching to Binary mode.\r\n", 31) = 31
20295 14:32:57.580927 rt_sigaction(SIGALRM, {0x805cad0, ~[RTMIN RT_1], 0}, NULL, 8) = 0
20295 14:32:57.580942 alarm(300)        = 300
20295 14:32:57.580954 recv(0, "PASV\r\n", 4096, MSG_PEEK) = 6
20295 14:32:57.580965 read(0, "PASV\r\n", 6) = 6
20295 14:32:57.580977 write(5, "\n", 1) = 1
20295 14:32:57.580988 read(5,  <unfinished ...>
20293 14:32:57.581000 close(5)          = 0
20293 14:32:57.581014 getuid32()        = 0
20293 14:32:57.581028 open("/etc/passwd", O_RDONLY|0x80000 /* O_??? */) = 5
20293 14:32:57.581043 _llseek(5, 0, [0], SEEK_CUR) = 0
20293 14:32:57.581055 fstat64(5, {st_mode=S_IFREG|0644, st_size=1624, ...}) = 0
20293 14:32:57.581073 mmap2(NULL, 1624, PROT_READ, MAP_SHARED, 5, 0) = 0xb7f86000
20293 14:32:57.581084 _llseek(5, 1624, [1624], SEEK_SET) = 0
20293 14:32:57.581102 munmap(0xb7f86000, 1624) = 0
20293 14:32:57.581113 close(5)          = 0
20293 14:32:57.581129 setgroups32(0, []) = 0
20293 14:32:57.581141 chdir("/usr/share/empty") = 0
20293 14:32:57.581157 chroot(".")       = 0
20293 14:32:57.581168 capset(NULL, NULL) = -1 EFAULT (Bad address)
20293 14:32:57.581181 prctl(0x8, 0, 0xbfda6048, 0x80549a6, 0xbfda6030) = 0
20293 14:32:57.581192 prctl(0x8, 0x1, 0xbfda6048, 0x8054a49, 0xbfda6030) = 0
20293 14:32:57.581202 setgid32(65534)   = 0
20293 14:32:57.581212 setuid32(65534)   = 0
20293 14:32:57.581222 capset(0x19980330, 0, {CAP_NET_BIND_SERVICE, CAP_NET_BIND_SERVICE, 0}) = 0
20293 14:32:57.581235 read(4, "\n", 1)  = 1
20293 14:32:57.581248 write(4, "\1", 1) = 1
20295 14:32:57.581260 <... read resumed> "\1", 1) = 1
20295 14:32:57.581267 write(5, "\f", 1) = 1
20295 14:32:57.581278 read(5,  <unfinished ...>
20293 14:32:57.581284 read(4, "\f", 1)  = 1
20293 14:32:57.581297 socket(PF_INET, SOCK_STREAM, IPPROTO_TCP) = 5
20293 14:32:57.581310 setsockopt(5, SOL_SOCKET, SO_REUSEADDR, [1], 4) = 0
20293 14:32:57.581321 gettimeofday({1495650777, 581325}, NULL) = 0
20293 14:32:57.581338 bind(5, {sa_family=AF_INET, sin_port=htons(59741), sin_addr=inet_addr("127.0.0.1")}, 16) = 0
20293 14:32:57.581353 listen(5, 1)      = 0
20293 14:32:57.581367 write(4, "]\351\0\0", 4) = 4
20295 14:32:57.581378 <... read resumed> "]\351\0\0", 4) = 4
20295 14:32:57.581391 write(0, "227 Entering Passive Mode (127,0,0,1,233,93).\r\n", 47) = 47
20295 14:32:57.581490 rt_sigaction(SIGALRM, {0x805cad0, ~[RTMIN RT_1], 0}, NULL, 8) = 0
20295 14:32:57.581508 alarm(300)        = 300
20295 14:32:57.581520 recv(0, "RETR myfile36\r\n", 4096, MSG_PEEK) = 15
20295 14:32:57.581532 read(0, "RETR myfile36\r\n", 15) = 15
20295 14:32:57.581546 write(5, "\v", 1) = 1
20295 14:32:57.581557 read(5,  <unfinished ...>
20293 14:32:57.581564 read(4, "\v", 1)  = 1
20293 14:32:57.581575 write(4, "\1\0\0\0", 4) = 4
20295 14:32:57.581586 <... read resumed> "\1\0\0\0", 4) = 4
20295 14:32:57.581594 gettimeofday({1495650777, 581598}, NULL) = 0
20295 14:32:57.581605 getcwd("/home/msfadmin", 4096) = 15
20295 14:32:57.581618 open("myfile36", O_RDONLY|O_NONBLOCK|O_LARGEFILE) = 4
20295 14:32:57.581631 fcntl64(4, F_SETLKW64, {type=F_RDLCK, whence=SEEK_SET, start=0, len=0}, 0xbfda5fb4) = 0
20295 14:32:57.581644 fstat64(4, {st_mode=S_IFREG|0644, st_size=17, ...}) = 0
20295 14:32:57.581661 fcntl64(4, F_GETFL) = 0x8800 (flags O_RDONLY|O_NONBLOCK|O_LARGEFILE)
20295 14:32:57.581672 fcntl64(4, F_SETFL, O_RDONLY|O_LARGEFILE) = 0
20295 14:32:57.581684 write(5, "\v", 1) = 1
20295 14:32:57.581694 read(5,  <unfinished ...>
20293 14:32:57.581701 read(4, "\v", 1)  = 1
20293 14:32:57.581712 write(4, "\1\0\0\0", 4) = 4
20295 14:32:57.581723 <... read resumed> "\1\0\0\0", 4) = 4
20295 14:32:57.581730 write(5, "\v", 1) = 1
20295 14:32:57.581740 read(5,  <unfinished ...>
20293 14:32:57.581747 read(4, "\v", 1)  = 1
20293 14:32:57.581757 write(4, "\1\0\0\0", 4) = 4
20295 14:32:57.581768 <... read resumed> "\1\0\0\0", 4) = 4
20295 14:32:57.581795 write(5, "\r", 1) = 1
20295 14:32:57.581807 read(5,  <unfinished ...>
20293 14:32:57.581826 read(4, "\r", 1)  = 1
20293 14:32:57.581839 select(6, [5], NULL, NULL, {60, 0}) = 1 (in [5], left {60, 0})
20293 14:32:57.581855 accept(5, {sa_family=AF_INET, sin_port=htons(50633), sin_addr=inet_addr("127.0.0.1")}, [16]) = 6
20293 14:32:57.581878 write(4, "\1", 1) = 1
20295 14:32:57.581888 <... read resumed> "\1", 1) = 1
20295 14:32:57.581898 recvmsg(5,  <unfinished ...>
20293 14:32:57.581907 sendmsg(4, {msg_name(0)=NULL, msg_iov(1)=[{"\0", 1}], msg_controllen=16, {cmsg_len=16, cmsg_level=SOL_SOCKET, cmsg_type=SCM_RIGHTS, {6}}, msg_flags=0}, 0) = 1
20295 14:32:57.581924 <... recvmsg resumed> {msg_name(0)=NULL, msg_iov(1)=[{"\0", 1}], msg_controllen=16, {cmsg_len=16, cmsg_level=SOL_SOCKET, cmsg_type=SCM_RIGHTS, {6}}, msg_flags=0}, 0) = 1
20295 14:32:57.581937 setsockopt(6, SOL_SOCKET, SO_KEEPALIVE, [1], 4) = 0
20295 14:32:57.581950 setsockopt(6, SOL_IP, IP_TOS, [8], 4) = 0
20295 14:32:57.581962 setsockopt(6, SOL_SOCKET, SO_LINGER, {onoff=1, linger=32767}, 8) = 0
20295 14:32:57.581974 rt_sigaction(SIGALRM, {0x805cad0, ~[RTMIN RT_1], 0}, NULL, 8) = 0
20295 14:32:57.581987 alarm(300)        = 300
20295 14:32:57.582001 write(0, "150 Opening BINARY mode data connection for myfile36 (17 bytes).\r\n", 66) = 66
20295 14:32:57.582048 _llseek(4, 0, [0], SEEK_CUR) = 0
20295 14:32:57.582061 fstat64(4, {st_mode=S_IFREG|0644, st_size=17, ...}) = 0
20295 14:32:57.582078 _llseek(4, 0, [0], SEEK_SET) = 0
20295 14:32:57.582090 sendfile(6, 4, NULL, 17) = 17
20295 14:32:57.582118 rt_sigaction(SIGALRM, {0x805cad0, ~[RTMIN RT_1], 0}, NULL, 8) = 0
20295 14:32:57.582133 alarm(300)        = 300
20295 14:32:57.582143 close(6)          = 0
20295 14:32:57.582152 alarm(0)          = 300
20295 14:32:57.582162 gettimeofday({1495650777, 582165}, NULL) = 0
20295 14:32:57.582179 getpid()          = 20295
20295 14:32:57.582191 gettimeofday({1495650777, 582194}, NULL) = 0
20295 14:32:57.582208 fcntl64(3, F_SETLKW64, {type=F_WRLCK, whence=SEEK_SET, start=0, len=0}, 0xbfda5f54) = 0
20295 14:32:57.582223 write(3, "Wed May 24 14:32:57 2017 [pid 20295] [msfadmin] OK DOWNLOAD: Client \"127.0.0.1\", \"/home/msfadmin/myfile36\", 17 bytes, 27.85Kbyte/sec\n", 133) = 133
20295 14:32:57.582243 fcntl64(3, F_SETLK64, {type=F_UNLCK, whence=SEEK_SET, start=0, len=0}, 0xbfda5f5c) = 0
20295 14:32:57.582257 write(0, "226 Transfer complete.\r\n", 24) = 24
20295 14:32:57.582272 write(5, "\n", 1) = 1
20295 14:32:57.582283 read(5,  <unfinished ...>
20293 14:32:57.582290 close(6)          = 0
20293 14:32:57.582367 read(4, "\n", 1)  = 1
20293 14:32:57.582380 close(5)          = 0
20293 14:32:57.582392 write(4, "\1", 1) = 1
20295 14:32:57.582403 <... read resumed> "\1", 1) = 1
20295 14:32:57.582410 close(4)          = 0
20295 14:32:57.582421 rt_sigaction(SIGALRM, {0x805cad0, ~[RTMIN RT_1], 0}, NULL, 8) = 0
20295 14:32:57.582435 alarm(300)        = 0
20295 14:32:57.582446 recv(0,  <unfinished ...>
20293 14:32:57.582453 read(4,  <unfinished ...>
20291 14:32:57.879596 <... recv resumed> "TYPE I\r\n", 4096, MSG_PEEK) = 8
20291 14:32:57.879627 read(0, "TYPE I\r\n", 8) = 8
20291 14:32:57.879649 write(0, "200 Switching to Binary mode.\r\n", 31) = 31
20291 14:32:57.879697 rt_sigaction(SIGALRM, {0x805cad0, ~[RTMIN RT_1], 0}, NULL, 8) = 0
20291 14:32:57.879715 alarm(300)        = 299
20291 14:32:57.879728 recv(0, "PASV\r\n", 4096, MSG_PEEK) = 6
20291 14:32:57.879739 read(0, "PASV\r\n", 6) = 6
20291 14:32:57.879751 write(5, "\n", 1 <unfinished ...>
20289 14:32:57.879763 <... read resumed> "\n", 1) = 1
20291 14:32:57.879768 <... write resumed> ) = 1
20289 14:32:57.879777 write(4, "\1", 1 <unfinished ...>
20291 14:32:57.879782 read(5,  <unfinished ...>
20289 14:32:57.879789 <... write resumed> ) = 1
20291 14:32:57.879793 <... read resumed> "\1", 1) = 1
20289 14:32:57.879801 read(4,  <unfinished ...>
20291 14:32:57.879805 write(5, "\f", 1 <unfinished ...>
20289 14:32:57.879812 <... read resumed> "\f", 1) = 1
20291 14:32:57.879817 <... write resumed> ) = 1
20289 14:32:57.879825 socket(PF_INET, SOCK_STREAM, IPPROTO_TCP <unfinished ...>
20291 14:32:57.879830 read(5,  <unfinished ...>
20289 14:32:57.879840 <... socket resumed> ) = 5
20289 14:32:57.879848 setsockopt(5, SOL_SOCKET, SO_REUSEADDR, [1], 4) = 0
20289 14:32:57.879863 bind(5, {sa_family=AF_INET, sin_port=htons(52159), sin_addr=inet_addr("127.0.0.1")}, 16) = 0
20289 14:32:57.879879 listen(5, 1)      = 0
20289 14:32:57.879893 write(4, "\277\313\0\0", 4 <unfinished ...>
20291 14:32:57.879901 <... read resumed> "\277\313\0\0", 4) = 4
20289 14:32:57.879906 <... write resumed> ) = 4
20291 14:32:57.879918 write(0, "227 Entering Passive Mode (127,0,0,1,203,191).\r\n", 48 <unfinished ...>
20289 14:32:57.879926 read(4,  <unfinished ...>
20291 14:32:57.880025 <... write resumed> ) = 48
20291 14:32:57.880037 rt_sigaction(SIGALRM, {0x805cad0, ~[RTMIN RT_1], 0}, NULL, 8) = 0
20291 14:32:57.880052 alarm(300)        = 300
20291 14:32:57.880063 recv(0, "STOR myfile40\r\n", 4096, MSG_PEEK) = 15
20291 14:32:57.880075 read(0, "STOR myfile40\r\n", 15) = 15
20291 14:32:57.880089 write(5, "\v", 1 <unfinished ...>
20289 14:32:57.880097 <... read resumed> "\v", 1) = 1
20291 14:32:57.880102 <... write resumed> ) = 1
20289 14:32:57.880108 write(4, "\1\0\0\0", 4) = 4
20289 14:32:57.880127 read(4,  <unfinished ...>
20291 14:32:57.880134 read(5, "\1\0\0\0", 4) = 4
20291 14:32:57.880146 gettimeofday({1495650777, 880150}, NULL) = 0
20291 14:32:57.880157 getcwd("/home/msfadmin", 4096) = 15
20291 14:32:57.880170 open("myfile40", O_WRONLY|O_CREAT|O_NONBLOCK|O_LARGEFILE, 0666) = 4
20291 14:32:57.880184 fstat64(4, {st_mode=S_IFREG|0644, st_size=17, ...}) = 0
20291 14:32:57.880202 fcntl64(4, F_GETFL) = 0x8801 (flags O_WRONLY|O_NONBLOCK|O_LARGEFILE)
20291 14:32:57.880213 fcntl64(4, F_SETFL, O_WRONLY|O_LARGEFILE) = 0
20291 14:32:57.880224 fcntl64(4, F_SETLKW64, {type=F_WRLCK, whence=SEEK_SET, start=0, len=0}, 0xbf9b8ba4) = 0
20291 14:32:57.880238 ftruncate64(4, 0) = 0
20291 14:32:57.880257 _llseek(4, 0, [0], SEEK_SET) = 0
20291 14:32:57.880268 write(5, "\v", 1 <unfinished ...>
20289 14:32:57.880275 <... read resumed> "\v", 1) = 1
20291 14:32:57.880280 <... write resumed> ) = 1
20289 14:32:57.880286 write(4, "\1\0\0\0", 4) = 4
20289 14:32:57.880297 read(4,  <unfinished ...>
20291 14:32:57.880304 read(5, "\1\0\0\0", 4) = 4
20291 14:32:57.880315 write(5, "\v", 1 <unfinished ...>
20289 14:32:57.880322 <... read resumed> "\v", 1) = 1
20291 14:32:57.880327 <... write resumed> ) = 1
20289 14:32:57.880333 write(4, "\1\0\0\0", 4) = 4
20289 14:32:57.880343 read(4,  <unfinished ...>
20291 14:32:57.880350 read(5, "\1\0\0\0", 4) = 4
20291 14:32:57.880361 write(5, "\r", 1 <unfinished ...>
20289 14:32:57.880368 <... read resumed> "\r", 1) = 1
20291 14:32:57.880373 <... write resumed> ) = 1
20289 14:32:57.880380 select(6, [5], NULL, NULL, {60, 0}) = 1 (in [5], left {60, 0})
20289 14:32:57.880396 accept(5, {sa_family=AF_INET, sin_port=htons(38925), sin_addr=inet_addr("127.0.0.1")}, [16]) = 6
20289 14:32:57.880435 write(4, "\1", 1) = 1
20289 14:32:57.880449 sendmsg(4, {msg_name(0)=NULL, msg_iov(1)=[{"\0", 1}], msg_controllen=16, {cmsg_len=16, cmsg_level=SOL_SOCKET, cmsg_type=SCM_RIGHTS, {6}}, msg_flags=0}, 0) = 1
20289 14:32:57.880475 close(6)          = 0
20289 14:32:57.880485 read(4,  <unfinished ...>
20291 14:32:57.880492 read(5, "\1", 1)  = 1
20291 14:32:57.880505 recvmsg(5, {msg_name(0)=NULL, msg_iov(1)=[{"\0", 1}], msg_controllen=16, {cmsg_len=16, cmsg_level=SOL_SOCKET, cmsg_type=SCM_RIGHTS, {6}}, msg_flags=0}, 0) = 1
20291 14:32:57.880523 setsockopt(6, SOL_SOCKET, SO_KEEPALIVE, [1], 4) = 0
20291 14:32:57.880536 setsockopt(6, SOL_IP, IP_TOS, [8], 4) = 0
20291 14:32:57.880548 setsockopt(6, SOL_SOCKET, SO_LINGER, {onoff=1, linger=32767}, 8) = 0
20291 14:32:57.880559 rt_sigaction(SIGALRM, {0x805cad0, ~[RTMIN RT_1], 0}, NULL, 8) = 0
20291 14:32:57.880572 alarm(300)        = 300
20291 14:32:57.880585 write(0, "150 Ok to send data.\r\n", 22) = 22
20291 14:32:57.880651 read(6, "assasaaa\na\na\na\na\n", 65536) = 17
20291 14:32:57.880665 write(4, "assasaaa\na\na\na\na\n", 17) = 17
20291 14:32:57.880682 read(6, "", 65536) = 0
20291 14:32:57.880693 rt_sigaction(SIGALRM, {0x805cad0, ~[RTMIN RT_1], 0}, NULL, 8) = 0
20291 14:32:57.880706 alarm(300)        = 300
20291 14:32:57.880716 close(6)          = 0
20291 14:32:57.880734 alarm(0)          = 300
20291 14:32:57.880744 gettimeofday({1495650777, 880747}, NULL) = 0
20291 14:32:57.880759 gettimeofday({1495650777, 880763}, NULL) = 0
20291 14:32:57.880773 fcntl64(3, F_SETLKW64, {type=F_WRLCK, whence=SEEK_SET, start=0, len=0}, 0xbf9b8b44) = 0
20291 14:32:57.880788 write(3, "Wed May 24 14:32:57 2017 [pid 20291] [msfadmin] OK UPLOAD: Client \"127.0.0.1\", \"/home/msfadmin/myfile40\", 17 bytes, 27.08Kbyte/sec\n", 131) = 131
20291 14:32:57.880810 fcntl64(3, F_SETLK64, {type=F_UNLCK, whence=SEEK_SET, start=0, len=0}, 0xbf9b8b4c) = 0
20291 14:32:57.880824 write(0, "226 Transfer complete.\r\n", 24) = 24
20291 14:32:57.880875 write(5, "\n", 1 <unfinished ...>
20289 14:32:57.880885 <... read resumed> "\n", 1) = 1
20291 14:32:57.880890 <... write resumed> ) = 1
20289 14:32:57.880896 close(5)          = 0
20289 14:32:57.880907 write(4, "\1", 1) = 1
20289 14:32:57.880918 read(4,  <unfinished ...>
20291 14:32:57.880925 read(5, "\1", 1)  = 1
20291 14:32:57.880936 close(4)          = 0
20291 14:32:57.880947 rt_sigaction(SIGALRM, {0x805cad0, ~[RTMIN RT_1], 0}, NULL, 8) = 0
20291 14:32:57.880964 alarm(300)        = 0
20291 14:32:57.880976 recv(0,  <unfinished ...>
20295 14:32:58.099535 <... recv resumed> "USER msfadmin\r\n", 4096, MSG_PEEK) = 15
20295 14:32:58.099575 read(0, "USER msfadmin\r\n", 15) = 15
20295 14:32:58.099601 write(0, "331 Any password will do.\r\n", 27) = 27
20295 14:32:58.099646 rt_sigaction(SIGALRM, {0x805cad0, ~[RTMIN RT_1], 0}, NULL, 8) = 0
20295 14:32:58.099664 alarm(300)        = 299
20295 14:32:58.099677 recv(0, "PASS msfadmin\r\n", 4096, MSG_PEEK) = 15
20295 14:32:58.099689 read(0, "PASS msfadmin\r\n", 15) = 15
20295 14:32:58.099705 write(0, "230 Already logged in.\r\n", 24) = 24
20295 14:32:58.099768 rt_sigaction(SIGALRM, {0x805cad0, ~[RTMIN RT_1], 0}, NULL, 8) = 0
20295 14:32:58.099783 alarm(300)        = 300
20295 14:32:58.099795 recv(0, "TYPE I\r\n", 4096, MSG_PEEK) = 8
20295 14:32:58.099806 read(0, "TYPE I\r\n", 8) = 8
20295 14:32:58.099821 write(0, "200 Switching to Binary mode.\r\n", 31) = 31
20295 14:32:58.099856 rt_sigaction(SIGALRM, {0x805cad0, ~[RTMIN RT_1], 0}, NULL, 8) = 0
20295 14:32:58.099871 alarm(300)        = 300
20295 14:32:58.099882 recv(0, "PASV\r\n", 4096, MSG_PEEK) = 6
20295 14:32:58.099893 read(0, "PASV\r\n", 6) = 6
20295 14:32:58.099905 write(5, "\n", 1) = 1
20295 14:32:58.099918 read(5,  <unfinished ...>
20293 14:32:58.099926 <... read resumed> "\n", 1) = 1
20293 14:32:58.099964 write(4, "\1", 1) = 1
20295 14:32:58.099980 <... read resumed> "\1", 1) = 1
20295 14:32:58.099990 write(5, "\f", 1) = 1
20295 14:32:58.100007 read(5,  <unfinished ...>
20293 14:32:58.100016 read(4, "\f", 1)  = 1
20293 14:32:58.100038 socket(PF_INET, SOCK_STREAM, IPPROTO_TCP) = 5
20293 14:32:58.100054 setsockopt(5, SOL_SOCKET, SO_REUSEADDR, [1], 4) = 0
20293 14:32:58.100069 bind(5, {sa_family=AF_INET, sin_port=htons(43081), sin_addr=inet_addr("127.0.0.1")}, 16) = 0
20293 14:32:58.100086 listen(5, 1)      = 0
20293 14:32:58.100100 write(4, "I\250\0\0", 4) = 4
20295 14:32:58.100110 <... read resumed> "I\250\0\0", 4) = 4
20295 14:32:58.100122 write(0, "227 Entering Passive Mode (127,0,0,1,168,73).\r\n", 47) = 47
20295 14:32:58.100238 rt_sigaction(SIGALRM, {0x805cad0, ~[RTMIN RT_1], 0}, NULL, 8) = 0
20295 14:32:58.100254 alarm(300)        = 300
20295 14:32:58.100266 recv(0, "RETR myfile37\r\n", 4096, MSG_PEEK) = 15
20295 14:32:58.100278 read(0, "RETR myfile37\r\n", 15) = 15
20295 14:32:58.100291 write(5, "\v", 1) = 1
20295 14:32:58.100302 read(5,  <unfinished ...>
20293 14:32:58.100309 read(4, "\v", 1)  = 1
20293 14:32:58.100320 write(4, "\1\0\0\0", 4) = 4
20295 14:32:58.100331 <... read resumed> "\1\0\0\0", 4) = 4
20295 14:32:58.100339 gettimeofday({1495650778, 100342}, NULL) = 0
20295 14:32:58.100350 getcwd("/home/msfadmin", 4096) = 15
20295 14:32:58.100363 open("myfile37", O_RDONLY|O_NONBLOCK|O_LARGEFILE) = 4
20295 14:32:58.100377 fcntl64(4, F_SETLKW64, {type=F_RDLCK, whence=SEEK_SET, start=0, len=0}, 0xbfda5fb4) = 0
20295 14:32:58.100392 fstat64(4, {st_mode=S_IFREG|0644, st_size=17, ...}) = 0
20295 14:32:58.100409 fcntl64(4, F_GETFL) = 0x8800 (flags O_RDONLY|O_NONBLOCK|O_LARGEFILE)
20295 14:32:58.100420 fcntl64(4, F_SETFL, O_RDONLY|O_LARGEFILE) = 0
20295 14:32:58.100431 write(5, "\v", 1) = 1
20295 14:32:58.100442 read(5,  <unfinished ...>
20293 14:32:58.100449 read(4, "\v", 1)  = 1
20293 14:32:58.100460 write(4, "\1\0\0\0", 4) = 4
20295 14:32:58.100470 <... read resumed> "\1\0\0\0", 4) = 4
20295 14:32:58.100477 write(5, "\v", 1) = 1
20295 14:32:58.100488 read(5,  <unfinished ...>
20293 14:32:58.100494 read(4, "\v", 1)  = 1
20293 14:32:58.100505 write(4, "\1\0\0\0", 4) = 4
20295 14:32:58.100515 <... read resumed> "\1\0\0\0", 4) = 4
20295 14:32:58.100523 write(5, "\r", 1) = 1
20295 14:32:58.100533 read(5,  <unfinished ...>
20293 14:32:58.100539 read(4, "\r", 1)  = 1
20293 14:32:58.100551 select(6, [5], NULL, NULL, {60, 0}) = 1 (in [5], left {60, 0})
20293 14:32:58.100568 accept(5, {sa_family=AF_INET, sin_port=htons(48279), sin_addr=inet_addr("127.0.0.1")}, [16]) = 6
20293 14:32:58.100590 write(4, "\1", 1) = 1
20295 14:32:58.100608 <... read resumed> "\1", 1) = 1
20295 14:32:58.100617 recvmsg(5,  <unfinished ...>
20293 14:32:58.100625 sendmsg(4, {msg_name(0)=NULL, msg_iov(1)=[{"\0", 1}], msg_controllen=16, {cmsg_len=16, cmsg_level=SOL_SOCKET, cmsg_type=SCM_RIGHTS, {6}}, msg_flags=0}, 0) = 1
20295 14:32:58.100642 <... recvmsg resumed> {msg_name(0)=NULL, msg_iov(1)=[{"\0", 1}], msg_controllen=16, {cmsg_len=16, cmsg_level=SOL_SOCKET, cmsg_type=SCM_RIGHTS, {6}}, msg_flags=0}, 0) = 1
20295 14:32:58.100655 setsockopt(6, SOL_SOCKET, SO_KEEPALIVE, [1], 4) = 0
20295 14:32:58.100668 setsockopt(6, SOL_IP, IP_TOS, [8], 4) = 0
20295 14:32:58.100680 setsockopt(6, SOL_SOCKET, SO_LINGER, {onoff=1, linger=32767}, 8) = 0
20295 14:32:58.100691 rt_sigaction(SIGALRM, {0x805cad0, ~[RTMIN RT_1], 0}, NULL, 8) = 0
20295 14:32:58.100704 alarm(300)        = 300
20295 14:32:58.100718 write(0, "150 Opening BINARY mode data connection for myfile37 (17 bytes).\r\n", 66) = 66
20295 14:32:58.100758 _llseek(4, 0, [0], SEEK_CUR) = 0
20295 14:32:58.100770 fstat64(4, {st_mode=S_IFREG|0644, st_size=17, ...}) = 0
20295 14:32:58.100788 _llseek(4, 0, [0], SEEK_SET) = 0
20295 14:32:58.100798 sendfile(6, 4, NULL, 17) = 17
20295 14:32:58.100829 rt_sigaction(SIGALRM, {0x805cad0, ~[RTMIN RT_1], 0}, NULL, 8) = 0
20295 14:32:58.100843 alarm(300)        = 300
20295 14:32:58.100854 close(6)          = 0
20295 14:32:58.100863 alarm(0)          = 300
20295 14:32:58.100873 gettimeofday({1495650778, 100876}, NULL) = 0
20295 14:32:58.100888 gettimeofday({1495650778, 100891}, NULL) = 0
20295 14:32:58.100902 fcntl64(3, F_SETLKW64, {type=F_WRLCK, whence=SEEK_SET, start=0, len=0}, 0xbfda5f54) = 0
20295 14:32:58.100942 write(3, "Wed May 24 14:32:58 2017 [pid 20295] [msfadmin] OK DOWNLOAD: Client \"127.0.0.1\", \"/home/msfadmin/myfile37\", 17 bytes, 30.24Kbyte/sec\n", 133) = 133
20295 14:32:58.100975 fcntl64(3, F_SETLK64, {type=F_UNLCK, whence=SEEK_SET, start=0, len=0}, 0xbfda5f5c) = 0
20295 14:32:58.100990 write(0, "226 Transfer complete.\r\n", 24) = 24
20295 14:32:58.101006 write(5, "\n", 1) = 1
20295 14:32:58.101017 read(5,  <unfinished ...>
20293 14:32:58.101024 close(6)          = 0
20293 14:32:58.101109 read(4, "\n", 1)  = 1
20293 14:32:58.101122 close(5)          = 0
20293 14:32:58.101134 write(4, "\1", 1) = 1
20295 14:32:58.101145 <... read resumed> "\1", 1) = 1
20295 14:32:58.101152 close(4)          = 0
20295 14:32:58.101163 rt_sigaction(SIGALRM, {0x805cad0, ~[RTMIN RT_1], 0}, NULL, 8) = 0
20295 14:32:58.101177 alarm(300)        = 0
20295 14:32:58.101188 recv(0,  <unfinished ...>
20293 14:32:58.101195 read(4,  <unfinished ...>
20291 14:32:58.389596 <... recv resumed> "TYPE I\r\n", 4096, MSG_PEEK) = 8
20291 14:32:58.389627 read(0, "TYPE I\r\n", 8) = 8
20291 14:32:58.389649 write(0, "200 Switching to Binary mode.\r\n", 31) = 31
20291 14:32:58.389697 rt_sigaction(SIGALRM, {0x805cad0, ~[RTMIN RT_1], 0}, NULL, 8) = 0
20291 14:32:58.389714 alarm(300)        = 299
20291 14:32:58.389727 recv(0, "PASV\r\n", 4096, MSG_PEEK) = 6
20291 14:32:58.389739 read(0, "PASV\r\n", 6) = 6
20291 14:32:58.389777 write(5, "\n", 1 <unfinished ...>
20289 14:32:58.389791 <... read resumed> "\n", 1) = 1
20291 14:32:58.389796 <... write resumed> ) = 1
20289 14:32:58.389816 write(4, "\1", 1) = 1
20289 14:32:58.389827 read(4,  <unfinished ...>
20291 14:32:58.389834 read(5, "\1", 1)  = 1
20291 14:32:58.389846 write(5, "\f", 1 <unfinished ...>
20289 14:32:58.389853 <... read resumed> "\f", 1) = 1
20291 14:32:58.389857 <... write resumed> ) = 1
20289 14:32:58.389865 socket(PF_INET, SOCK_STREAM, IPPROTO_TCP) = 5
20289 14:32:58.389880 setsockopt(5, SOL_SOCKET, SO_REUSEADDR, [1], 4) = 0
20289 14:32:58.389895 bind(5, {sa_family=AF_INET, sin_port=htons(35892), sin_addr=inet_addr("127.0.0.1")}, 16) = 0
20289 14:32:58.389911 listen(5, 1)      = 0
20289 14:32:58.389925 write(4, "4\214\0\0", 4) = 4
20289 14:32:58.389936 read(4,  <unfinished ...>
20291 14:32:58.389943 read(5, "4\214\0\0", 4) = 4
20291 14:32:58.389959 write(0, "227 Entering Passive Mode (127,0,0,1,140,52).\r\n", 47) = 47
20291 14:32:58.390071 rt_sigaction(SIGALRM, {0x805cad0, ~[RTMIN RT_1], 0}, NULL, 8) = 0
20291 14:32:58.390096 alarm(300)        = 300
20291 14:32:58.390108 recv(0, "STOR myfile0\r\n", 4096, MSG_PEEK) = 14
20291 14:32:58.390120 read(0, "STOR myfile0\r\n", 14) = 14
20291 14:32:58.390134 write(5, "\v", 1 <unfinished ...>
20289 14:32:58.390142 <... read resumed> "\v", 1) = 1
20291 14:32:58.390147 <... write resumed> ) = 1
20289 14:32:58.390154 write(4, "\1\0\0\0", 4) = 4
20289 14:32:58.390164 read(4,  <unfinished ...>
20291 14:32:58.390171 read(5, "\1\0\0\0", 4) = 4
20291 14:32:58.390183 gettimeofday({1495650778, 390187}, NULL) = 0
20291 14:32:58.390194 getcwd("/home/msfadmin", 4096) = 15
20291 14:32:58.390207 open("myfile0", O_WRONLY|O_CREAT|O_NONBLOCK|O_LARGEFILE, 0666) = 4
20291 14:32:58.390221 fstat64(4, {st_mode=S_IFREG|0644, st_size=17, ...}) = 0
20291 14:32:58.390239 fcntl64(4, F_GETFL) = 0x8801 (flags O_WRONLY|O_NONBLOCK|O_LARGEFILE)
20291 14:32:58.390250 fcntl64(4, F_SETFL, O_WRONLY|O_LARGEFILE) = 0
20291 14:32:58.390260 fcntl64(4, F_SETLKW64, {type=F_WRLCK, whence=SEEK_SET, start=0, len=0}, 0xbf9b8ba4) = 0
20291 14:32:58.390275 ftruncate64(4, 0) = 0
20291 14:32:58.390293 _llseek(4, 0, [0], SEEK_SET) = 0
20291 14:32:58.390305 write(5, "\v", 1 <unfinished ...>
20289 14:32:58.390312 <... read resumed> "\v", 1) = 1
20291 14:32:58.390317 <... write resumed> ) = 1
20289 14:32:58.390323 write(4, "\1\0\0\0", 4) = 4
20289 14:32:58.390334 read(4,  <unfinished ...>
20291 14:32:58.390341 read(5, "\1\0\0\0", 4) = 4
20291 14:32:58.390352 write(5, "\v", 1 <unfinished ...>
20289 14:32:58.390359 <... read resumed> "\v", 1) = 1
20291 14:32:58.390363 <... write resumed> ) = 1
20289 14:32:58.390369 write(4, "\1\0\0\0", 4) = 4
20289 14:32:58.390380 read(4,  <unfinished ...>
20291 14:32:58.390386 read(5, "\1\0\0\0", 4) = 4
20291 14:32:58.390397 write(5, "\r", 1 <unfinished ...>
20289 14:32:58.390404 <... read resumed> "\r", 1) = 1
20291 14:32:58.390409 <... write resumed> ) = 1
20289 14:32:58.390416 select(6, [5], NULL, NULL, {60, 0}) = 1 (in [5], left {60, 0})
20289 14:32:58.390432 accept(5, {sa_family=AF_INET, sin_port=htons(36594), sin_addr=inet_addr("127.0.0.1")}, [16]) = 6
20289 14:32:58.390454 write(4, "\1", 1) = 1
20289 14:32:58.390466 sendmsg(4, {msg_name(0)=NULL, msg_iov(1)=[{"\0", 1}], msg_controllen=16, {cmsg_len=16, cmsg_level=SOL_SOCKET, cmsg_type=SCM_RIGHTS, {6}}, msg_flags=0}, 0) = 1
20289 14:32:58.390483 close(6)          = 0
20289 14:32:58.390493 read(4,  <unfinished ...>
20291 14:32:58.390500 read(5, "\1", 1)  = 1
20291 14:32:58.390512 recvmsg(5, {msg_name(0)=NULL, msg_iov(1)=[{"\0", 1}], msg_controllen=16, {cmsg_len=16, cmsg_level=SOL_SOCKET, cmsg_type=SCM_RIGHTS, {6}}, msg_flags=0}, 0) = 1
20291 14:32:58.390530 setsockopt(6, SOL_SOCKET, SO_KEEPALIVE, [1], 4) = 0
20291 14:32:58.390543 setsockopt(6, SOL_IP, IP_TOS, [8], 4) = 0
20291 14:32:58.390555 setsockopt(6, SOL_SOCKET, SO_LINGER, {onoff=1, linger=32767}, 8) = 0
20291 14:32:58.390566 rt_sigaction(SIGALRM, {0x805cad0, ~[RTMIN RT_1], 0}, NULL, 8) = 0
20291 14:32:58.390579 alarm(300)        = 300
