21210 14:42:36.125510 open("/proc/mounts", O_RDONLY|O_LARGEFILE) = 7
21210 14:42:36.125535 fstat64(7, {st_mode=S_IFREG|0444, st_size=0, ...}) = 0
21210 14:42:36.125553 mmap2(NULL, 4096, PROT_READ|PROT_WRITE, MAP_PRIVATE|MAP_ANONYMOUS, -1, 0) = 0xb7f94000
21210 14:42:36.125564 read(7, "rootfs / rootfs rw 0 0\nnone /sys sysfs rw,nosuid,nodev,noexec 0 0\nnone /proc proc rw,nosuid,nodev,noexec 0 0\nudev /dev tmpfs rw,relatime 0 0\nfusectl /sys/fs/fuse/connections fusectl rw,relatime 0 0\n/dev/mapper/metasploitable-root / ext3 rw,relatime,errors=remount-ro,data=ordered 0 0\n/dev/mapper/metasploitable-root /dev/.static/dev ext3 rw,relatime,errors=remount-ro,data=ordered 0 0\ntmpfs /var/run tmpfs rw,nosuid,nodev,noexec 0 0\ntmpfs /var/lock tmpfs rw,nosuid,nodev,noexec 0 0\ntmpfs /dev/shm tmpfs rw,relatime 0 0\ndevpts /dev/pts devpts rw,relatime 0 0\ntmpfs /var/run tmpfs rw,nosuid,nodev,noexec 0 0\ntmpfs /var/lock tmpfs rw,nosuid,nodev,noexec 0 0\n/dev/sda1 /boot ext3 rw,relatime,data=ordered 0 0\nsecurityfs /sys/kernel/security securityfs rw,relatime 0 0\nrpc_pipefs /var/lib/nfs/rpc_pipefs rpc_pipefs rw,relatime 0 0\nnfsd /proc/fs/nfsd nfsd rw,relatime 0 0\n", 1024) = 866
21210 14:42:36.125648 read(7, "", 1024) = 0
21210 14:42:36.125658 close(7)          = 0
21210 14:42:36.125668 munmap(0xb7f94000, 4096) = 0
21210 14:42:36.125683 munmap(0xb7dc3000, 29913) = 0
21210 14:42:36.125696 read(6, "", 4096) = 0
21210 14:42:36.125707 close(6)          = 0
21210 14:42:36.125716 munmap(0xb7f95000, 4096) = 0
21210 14:42:36.125727 stat64("/etc/pam.d", {st_mode=S_IFDIR|0755, st_size=4096, ...}) = 0
21210 14:42:36.125746 open("/etc/pam.d/common-account", O_RDONLY|O_LARGEFILE) = 6
21210 14:42:36.125760 fstat64(6, {st_mode=S_IFREG|0644, st_size=392, ...}) = 0
21210 14:42:36.125776 mmap2(NULL, 4096, PROT_READ|PROT_WRITE, MAP_PRIVATE|MAP_ANONYMOUS, -1, 0) = 0xb7f95000
21210 14:42:36.125786 read(6, "#\n# /etc/pam.d/common-account - authorization settings common to all services\n#\n# This file is included from other service-specific PAM config files,\n# and should contain a list of the authorization modules that define\n# the central access policy for use on the system.  The default is to\n# only deny service to users whose accounts are expired in /etc/shadow.\n#\naccount\trequired\tpam_unix.so\n", 4096) = 392
21210 14:42:36.125830 read(6, "", 4096) = 0
21210 14:42:36.125840 close(6)          = 0
21210 14:42:36.125849 munmap(0xb7f95000, 4096) = 0
21210 14:42:36.125860 stat64("/etc/pam.d", {st_mode=S_IFDIR|0755, st_size=4096, ...}) = 0
21210 14:42:36.125878 open("/etc/pam.d/common-session", O_RDONLY|O_LARGEFILE) = 6
21210 14:42:36.125890 fstat64(6, {st_mode=S_IFREG|0644, st_size=372, ...}) = 0
21210 14:42:36.125906 mmap2(NULL, 4096, PROT_READ|PROT_WRITE, MAP_PRIVATE|MAP_ANONYMOUS, -1, 0) = 0xb7f95000
21210 14:42:36.125916 read(6, "#\n# /etc/pam.d/common-session - session-related modules common to all services\n#\n# This file is included from other service-specific PAM config files,\n# and should contain a list of modules that define tasks to be performed\n# at the start and end of sessions of *any* kind (both interactive and\n# non-interactive).  The default is pam_unix.\n#\nsession\trequired\tpam_unix.so\n", 4096) = 372
21210 14:42:36.125954 read(6, "", 4096) = 0
21210 14:42:36.125964 close(6)          = 0
21210 14:42:36.125973 munmap(0xb7f95000, 4096) = 0
21210 14:42:36.125982 read(5, "", 4096) = 0
21210 14:42:36.125992 close(5)          = 0
21210 14:42:36.126000 munmap(0xb7f9b000, 4096) = 0
21210 14:42:36.126011 open("/etc/pam.d/other", O_RDONLY|O_LARGEFILE) = 5
21210 14:42:36.126023 fstat64(5, {st_mode=S_IFREG|0644, st_size=520, ...}) = 0
21210 14:42:36.126039 mmap2(NULL, 4096, PROT_READ|PROT_WRITE, MAP_PRIVATE|MAP_ANONYMOUS, -1, 0) = 0xb7f9b000
21210 14:42:36.126049 read(5, "#\n# /etc/pam.d/other - specify the PAM fallback behaviour\n#\n# Note that this file is used for any unspecified service; for example\n#if /etc/pam.d/cron  specifies no session modules but cron calls\n#pam_open_session, the session module out of /etc/pam.d/other is\n#used.  If you really want nothing to happen then use pam_permit.so or\n#pam_deny.so as appropriate.\n\n# We fall back to the system default in /etc/pam.d/common-*\n# \n\n@include common-auth\n@include common-account\n@include common-password\n@include common-session\n", 4096) = 520
21210 14:42:36.126094 stat64("/etc/pam.d", {st_mode=S_IFDIR|0755, st_size=4096, ...}) = 0
21210 14:42:36.126112 open("/etc/pam.d/common-auth", O_RDONLY|O_LARGEFILE) = 6
21210 14:42:36.126123 fstat64(6, {st_mode=S_IFREG|0644, st_size=476, ...}) = 0
21210 14:42:36.126139 mmap2(NULL, 4096, PROT_READ|PROT_WRITE, MAP_PRIVATE|MAP_ANONYMOUS, -1, 0) = 0xb7f95000
21210 14:42:36.126149 read(6, "#\n# /etc/pam.d/common-auth - authentication settings common to all services\n#\n# This file is included from other service-specific PAM config files,\n# and should contain a list of the authentication modules that define\n# the central authentication scheme for use on the system\n# (e.g., /etc/shadow, LDAP, Kerberos, etc.).  The default is to use the\n# traditional Unix authentication mechanisms.\n#\nauth\trequisite\tpam_unix.so nullok_secure\n# auth\toptional\tpam_smbpass.so migrate\n", 4096) = 476
21210 14:42:36.126195 read(6, "", 4096) = 0
21210 14:42:36.126204 close(6)          = 0
21210 14:42:36.126214 munmap(0xb7f95000, 4096) = 0
21210 14:42:36.126224 stat64("/etc/pam.d", {st_mode=S_IFDIR|0755, st_size=4096, ...}) = 0
21210 14:42:36.126242 open("/etc/pam.d/common-account", O_RDONLY|O_LARGEFILE) = 6
21210 14:42:36.126254 fstat64(6, {st_mode=S_IFREG|0644, st_size=392, ...}) = 0
21210 14:42:36.126270 mmap2(NULL, 4096, PROT_READ|PROT_WRITE, MAP_PRIVATE|MAP_ANONYMOUS, -1, 0) = 0xb7f95000
21210 14:42:36.126280 read(6, "#\n# /etc/pam.d/common-account - authorization settings common to all services\n#\n# This file is included from other service-specific PAM config files,\n# and should contain a list of the authorization modules that define\n# the central access policy for use on the system.  The default is to\n# only deny service to users whose accounts are expired in /etc/shadow.\n#\naccount\trequired\tpam_unix.so\n", 4096) = 392
21210 14:42:36.126320 read(6, "", 4096) = 0
21210 14:42:36.126330 close(6)          = 0
21210 14:42:36.126339 munmap(0xb7f95000, 4096) = 0
21210 14:42:36.126349 stat64("/etc/pam.d", {st_mode=S_IFDIR|0755, st_size=4096, ...}) = 0
21210 14:42:36.126495 open("/etc/pam.d/common-password", O_RDONLY|O_LARGEFILE) = 6
21210 14:42:36.126510 fstat64(6, {st_mode=S_IFREG|0644, st_size=1563, ...}) = 0
21210 14:42:36.126537 mmap2(NULL, 4096, PROT_READ|PROT_WRITE, MAP_PRIVATE|MAP_ANONYMOUS, -1, 0) = 0xb7f95000
21210 14:42:36.126547 read(6, "#\n# /etc/pam.d/common-password - password-related modules common to all services\n#\n# This file is included from other service-specific PAM config files,\n# and should contain a list of modules that define the services to be\n# used to change user passwords.  The default is pam_unix.\n\n# Explanation of pam_unix options:\n#\n# The \"nullok\" option allows users to change an empty password, else\n# empty passwords are treated as locked accounts.\n#\n# The \"md5\" option enables MD5 passwords.  Without this option, the\n# default is Unix crypt.\n#\n# The \"obscure\" option replaces the old `OBSCURE_CHECKS_ENAB\' option in\n# login.defs.\n#\n# You can also use the \"min\" option to enforce the length of the new\n# password.\n#\n# See the pam_unix manpage for other options.\n\npassword   requisite   pam_unix.so nullok obscure md5\n\n# Alternate strength checking for password. Note that this\n# requires the libpam-cracklib package to be installed.\n# You will need to comment out the password line above and\n# uncomment the next two in order to use this.\n# (Replaces the `OBSCURE_CHECKS_ENAB\', `CRACKLIB_DICTPATH\')\n#\n# password required\t  pam_cracklib.so retry=3 minlen=6 difok=3\n# password required\t  pam_unix.so use_authtok nullok md5\n\n# minimally-intrusive inclusion of smbpass in the stack for\n# synchronization.  If the module is absent or the passwords don\'t\n# match, this module will be ignored without prompting; and if the \n# passwords do match, the NTLM hash for the user will be updated\n# automatically.\n# password   optional   pam_smbpass.so nullok use_authtok use_first_pass\n", 4096) = 1563
21210 14:42:36.126662 read(6, "", 4096) = 0
21210 14:42:36.126672 close(6)          = 0
21210 14:42:36.126681 munmap(0xb7f95000, 4096) = 0
21210 14:42:36.126692 stat64("/etc/pam.d", {st_mode=S_IFDIR|0755, st_size=4096, ...}) = 0
21210 14:42:36.126710 open("/etc/pam.d/common-session", O_RDONLY|O_LARGEFILE) = 6
21210 14:42:36.126722 fstat64(6, {st_mode=S_IFREG|0644, st_size=372, ...}) = 0
21210 14:42:36.126738 mmap2(NULL, 4096, PROT_READ|PROT_WRITE, MAP_PRIVATE|MAP_ANONYMOUS, -1, 0) = 0xb7f95000
21210 14:42:36.126748 read(6, "#\n# /etc/pam.d/common-session - session-related modules common to all services\n#\n# This file is included from other service-specific PAM config files,\n# and should contain a list of modules that define tasks to be performed\n# at the start and end of sessions of *any* kind (both interactive and\n# non-interactive).  The default is pam_unix.\n#\nsession\trequired\tpam_unix.so\n", 4096) = 372
21210 14:42:36.126785 read(6, "", 4096) = 0
21210 14:42:36.126794 close(6)          = 0
21210 14:42:36.126804 munmap(0xb7f95000, 4096) = 0
21210 14:42:36.126814 read(5, "", 4096) = 0
21210 14:42:36.126823 close(5)          = 0
21210 14:42:36.126832 munmap(0xb7f9b000, 4096) = 0
21210 14:42:36.126844 time(NULL)        = 1495651356
21210 14:42:36.126855 lstat64("/etc/ftpusers", {st_mode=S_IFREG|0644, st_size=132, ...}) = 0
21210 14:42:36.126873 open("/etc/ftpusers", O_RDONLY|O_LARGEFILE) = 5
21210 14:42:36.126884 fstat64(5, {st_mode=S_IFREG|0644, st_size=132, ...}) = 0
21210 14:42:36.126900 mmap2(NULL, 4096, PROT_READ|PROT_WRITE, MAP_PRIVATE|MAP_ANONYMOUS, -1, 0) = 0xb7f9b000
21210 14:42:36.126910 read(5, "# /etc/ftpusers: list of users disallowed FTP access. See ftpusers(5).\n\nroot\ndaemon\nbin\nsys\nsync\ngames\nman\nlp\nmail\nnews\nuucp\nnobody\n", 4096) = 132
21210 14:42:36.126931 read(5, "", 4096) = 0
21210 14:42:36.126943 close(5)          = 0
21210 14:42:36.126952 munmap(0xb7f9b000, 4096) = 0
21210 14:42:36.126967 getuid32()        = 0
21210 14:42:36.126983 open("/etc/passwd", O_RDONLY|0x80000 /* O_??? */) = 5
21210 14:42:36.126998 _llseek(5, 0, [0], SEEK_CUR) = 0
21210 14:42:36.127009 fstat64(5, {st_mode=S_IFREG|0644, st_size=1624, ...}) = 0
21210 14:42:36.127025 mmap2(NULL, 1624, PROT_READ, MAP_SHARED, 5, 0) = 0xb7f9b000
21210 14:42:36.127036 _llseek(5, 1624, [1624], SEEK_SET) = 0
21210 14:42:36.127054 munmap(0xb7f9b000, 1624) = 0
21210 14:42:36.127064 close(5)          = 0
21210 14:42:36.127088 open("/etc/shadow", O_RDONLY|0x80000 /* O_??? */) = 5
21210 14:42:36.127105 _llseek(5, 0, [0], SEEK_CUR) = 0
21210 14:42:36.127115 fstat64(5, {st_mode=S_IFREG|0640, st_size=1233, ...}) = 0
21210 14:42:36.127131 mmap2(NULL, 1233, PROT_READ, MAP_SHARED, 5, 0) = 0xb7f9b000
21210 14:42:36.127142 _llseek(5, 1233, [1233], SEEK_SET) = 0
21210 14:42:36.127161 munmap(0xb7f9b000, 1233) = 0
21210 14:42:36.127171 close(5)          = 0
21210 14:42:36.127189 open("/etc/passwd", O_RDONLY|0x80000 /* O_??? */) = 5
21210 14:42:36.127201 _llseek(5, 0, [0], SEEK_CUR) = 0
21210 14:42:36.127212 fstat64(5, {st_mode=S_IFREG|0644, st_size=1624, ...}) = 0
21210 14:42:36.127227 mmap2(NULL, 1624, PROT_READ, MAP_SHARED, 5, 0) = 0xb7f9b000
21210 14:42:36.127237 _llseek(5, 1624, [1624], SEEK_SET) = 0
21210 14:42:36.127253 munmap(0xb7f9b000, 1624) = 0
21210 14:42:36.127262 close(5)          = 0
21210 14:42:36.127274 open("/etc/shadow", O_RDONLY|0x80000 /* O_??? */) = 5
21210 14:42:36.127286 _llseek(5, 0, [0], SEEK_CUR) = 0
21210 14:42:36.127296 fstat64(5, {st_mode=S_IFREG|0640, st_size=1233, ...}) = 0
21210 14:42:36.127312 mmap2(NULL, 1233, PROT_READ, MAP_SHARED, 5, 0) = 0xb7f9b000
21210 14:42:36.127322 _llseek(5, 1233, [1233], SEEK_SET) = 0
21210 14:42:36.127338 munmap(0xb7f9b000, 1233) = 0
21210 14:42:36.127347 close(5)          = 0
21210 14:42:36.127609 getuid32()        = 0
21210 14:42:36.127622 open("/etc/passwd", O_RDONLY|0x80000 /* O_??? */) = 5
21210 14:42:36.127635 _llseek(5, 0, [0], SEEK_CUR) = 0
21210 14:42:36.127645 fstat64(5, {st_mode=S_IFREG|0644, st_size=1624, ...}) = 0
21210 14:42:36.127661 mmap2(NULL, 1624, PROT_READ, MAP_SHARED, 5, 0) = 0xb7f9b000
21210 14:42:36.127672 _llseek(5, 1624, [1624], SEEK_SET) = 0
21210 14:42:36.127688 munmap(0xb7f9b000, 1624) = 0
21210 14:42:36.127697 close(5)          = 0
21210 14:42:36.127710 open("/etc/shadow", O_RDONLY|0x80000 /* O_??? */) = 5
21210 14:42:36.127722 _llseek(5, 0, [0], SEEK_CUR) = 0
21210 14:42:36.127732 fstat64(5, {st_mode=S_IFREG|0640, st_size=1233, ...}) = 0
21210 14:42:36.127748 mmap2(NULL, 1233, PROT_READ, MAP_SHARED, 5, 0) = 0xb7f9b000
21210 14:42:36.127758 _llseek(5, 1233, [1233], SEEK_SET) = 0
21210 14:42:36.127774 munmap(0xb7f9b000, 1233) = 0
21210 14:42:36.127783 close(5)          = 0
21210 14:42:36.127795 time(NULL)        = 1495651356
21210 14:42:36.127809 munmap(0xb7f98000, 12164) = 0
21210 14:42:36.127822 munmap(0xb7f96000, 7136) = 0
21210 14:42:36.127836 munmap(0xb7dcb000, 95428) = 0
21210 14:42:36.127847 munmap(0xb7d91000, 201052) = 0
21210 14:42:36.127858 munmap(0xb7d78000, 101180) = 0
21210 14:42:36.127873 gettimeofday({1495651356, 127877}, NULL) = 0
21210 14:42:36.127885 stat64("/usr/share/zoneinfo/UTC+04:00", 0xbfa513c4) = -1 ENOENT (No such file or directory)
21210 14:42:36.127899 open("/usr/share/zoneinfo/UTC+04:00", O_RDONLY) = -1 ENOENT (No such file or directory)
21210 14:42:36.127924 fcntl64(3, F_SETLKW64, {type=F_WRLCK, whence=SEEK_SET, start=0, len=0}, 0xbfa51514) = 0
21210 14:42:36.127940 write(3, "Wed May 24 14:42:36 2017 [pid 21210] [msfadmin] OK LOGIN: Client \"127.0.0.1\"\n", 77) = 77
21210 14:42:36.127956 fcntl64(3, F_SETLK64, {type=F_UNLCK, whence=SEEK_SET, start=0, len=0}, 0xbfa5151c) = 0
21210 14:42:36.127958 rt_sigaction(SIGCHLD, {0x805cad0, ~[RTMIN RT_1], 0}, NULL, 8) = 0
21210 14:42:36.127959 write(4, "\1", 1 <unfinished ...>
21211 14:42:36.127959 <... read resumed> "\1", 1) = 1
21210 14:42:36.127959 <... write resumed> ) = 1
21211 14:42:36.127959 exit_group(0)     = ?
21210 14:42:36.127959 --- SIGCHLD (Child exited) @ 0 (0) ---
21210 14:42:36.127959 sigreturn()       = ? (mask now [])
21210 14:42:36.127960 wait4(-1, [{WIFEXITED(s) && WEXITSTATUS(s) == 0}], 0, NULL) = 21211
21210 14:42:36.127960 close(4)          = 0
21210 14:42:36.127960 socketpair(PF_FILE, SOCK_STREAM, 0, [4, 5]) = 0
21210 14:42:36.127960 rt_sigaction(SIGCHLD, {0x805cad0, ~[RTMIN RT_1], 0}, NULL, 8) = 0
21210 14:42:36.127960 rt_sigaction(SIGALRM, {0x805cb10, ~[RTMIN RT_1], 0}, NULL, 8) = 0
21210 14:42:36.127961 clone(child_stack=0, flags=CLONE_CHILD_CLEARTID|CLONE_CHILD_SETTID|SIGCHLD, child_tidptr=0xb7e016f8) = 21212
21212 14:42:36.127961 prctl(0x1, 0x9, 0, 0, 0) = 0
21212 14:42:36.127961 close(4)          = 0
21212 14:42:36.127961 open("/etc/passwd", O_RDONLY|0x80000 /* O_??? */) = 4
21212 14:42:36.127971 _llseek(4, 0, [0], SEEK_CUR) = 0
21212 14:42:36.128014 fstat64(4, {st_mode=S_IFREG|0644, st_size=1624, ...}) = 0
21212 14:42:36.128045 mmap2(NULL, 1624, PROT_READ, MAP_SHARED, 4, 0) = 0xb7f9b000
21212 14:42:36.128057 _llseek(4, 1624, [1624], SEEK_SET) = 0
21212 14:42:36.128079 munmap(0xb7f9b000, 1624) = 0
21212 14:42:36.128090 close(4)          = 0
21212 14:42:36.128103 getuid32()        = 0
21212 14:42:36.128114 open("/etc/passwd", O_RDONLY|0x80000 /* O_??? */) = 4
21212 14:42:36.128126 _llseek(4, 0, [0], SEEK_CUR) = 0
21212 14:42:36.128136 fstat64(4, {st_mode=S_IFREG|0644, st_size=1624, ...}) = 0
21212 14:42:36.128152 mmap2(NULL, 1624, PROT_READ, MAP_SHARED, 4, 0) = 0xb7f9b000
21212 14:42:36.128163 _llseek(4, 1624, [1624], SEEK_SET) = 0
21212 14:42:36.128178 munmap(0xb7f9b000, 1624) = 0
21212 14:42:36.128187 close(4)          = 0
21212 14:42:36.128213 open("/proc/sys/kernel/ngroups_max", O_RDONLY) = 4
21212 14:42:36.128232 read(4, "65536\n", 31) = 6
21212 14:42:36.128245 close(4)          = 0
21212 14:42:36.128258 socket(PF_FILE, SOCK_STREAM, 0) = 4
21212 14:42:36.128269 fcntl64(4, F_SETFL, O_RDWR|O_NONBLOCK) = 0
21212 14:42:36.128280 connect(4, {sa_family=AF_FILE, path="/var/run/nscd/socket"}, 110) = -1 ENOENT (No such file or directory)
21212 14:42:36.128301 close(4)          = 0
21212 14:42:36.128312 socket(PF_FILE, SOCK_STREAM, 0) = 4
21212 14:42:36.128322 fcntl64(4, F_SETFL, O_RDWR|O_NONBLOCK) = 0
21212 14:42:36.128332 connect(4, {sa_family=AF_FILE, path="/var/run/nscd/socket"}, 110) = -1 ENOENT (No such file or directory)
21212 14:42:36.128349 close(4)          = 0
21212 14:42:36.128373 open("/etc/group", O_RDONLY|0x80000 /* O_??? */) = 4
21212 14:42:36.128389 _llseek(4, 0, [0], SEEK_CUR) = 0
21212 14:42:36.128400 fstat64(4, {st_mode=S_IFREG|0644, st_size=886, ...}) = 0
21212 14:42:36.128416 mmap2(NULL, 886, PROT_READ, MAP_SHARED, 4, 0) = 0xb7f9b000
21212 14:42:36.128427 _llseek(4, 886, [886], SEEK_SET) = 0
21212 14:42:36.128451 fstat64(4, {st_mode=S_IFREG|0644, st_size=886, ...}) = 0
21212 14:42:36.128468 munmap(0xb7f9b000, 886) = 0
21212 14:42:36.128478 close(4)          = 0
21212 14:42:36.128487 setgroups32(13, [1000, 4, 20, 24, 25, 29, 30, 44, 46, 107, 111, 112, 119]) = 0
21212 14:42:36.128504 geteuid32()       = 0
21212 14:42:36.128514 getegid32()       = 0
21212 14:42:36.128525 setregid32(-1, 1000) = 0
21212 14:42:36.128535 setreuid32(-1, 1000) = 0
21212 14:42:36.128545 chdir("/home/msfadmin") = 0
21212 14:42:36.128557 setreuid32(-1, 0) = 0
21212 14:42:36.128566 setregid32(-1, 0) = 0
21212 14:42:36.128576 setgid32(1000)    = 0
21212 14:42:36.128586 setuid32(1000)    = 0
21212 14:42:36.128596 setrlimit(RLIMIT_NPROC, {rlim_cur=0, rlim_max=0}) = 0
21212 14:42:36.128608 mmap2(NULL, 12288, PROT_READ|PROT_WRITE, MAP_PRIVATE|MAP_ANONYMOUS, -1, 0) = 0xb7f99000
21212 14:42:36.128620 mprotect(0xb7f9b000, 4096, PROT_NONE) = 0
21212 14:42:36.128631 mprotect(0xb7f99000, 4096, PROT_NONE) = 0
21212 14:42:36.128641 getcwd("/home/msfadmin", 4096) = 15
21212 14:42:36.128654 umask(022)        = 077
21212 14:42:36.128664 getcwd("/home/msfadmin", 4096) = 15
21212 14:42:36.128677 open(".message", O_RDONLY|O_NONBLOCK|O_LARGEFILE) = -1 ENOENT (No such file or directory)
21212 14:42:36.128702 write(0, "230 Login successful.\r\n", 23) = 23
21212 14:42:36.128768 rt_sigaction(SIGALRM, {0x805cad0, ~[RTMIN RT_1], 0}, NULL, 8) = 0
21212 14:42:36.128784 alarm(300)        = 0
21212 14:42:36.128795 mmap2(NULL, 12288, PROT_READ|PROT_WRITE, MAP_PRIVATE|MAP_ANONYMOUS, -1, 0) = 0xb7f96000
21212 14:42:36.128806 mprotect(0xb7f98000, 4096, PROT_NONE) = 0
21212 14:42:36.128817 mprotect(0xb7f96000, 4096, PROT_NONE) = 0
21212 14:42:36.128830 recv(0, "TYPE I\r\n", 4096, MSG_PEEK) = 8
21212 14:42:36.128843 read(0, "TYPE I\r\n", 8) = 8
21212 14:42:36.128859 write(0, "200 Switching to Binary mode.\r\n", 31) = 31
21212 14:42:36.128898 rt_sigaction(SIGALRM, {0x805cad0, ~[RTMIN RT_1], 0}, NULL, 8) = 0
21212 14:42:36.128913 alarm(300)        = 300
21212 14:42:36.128924 recv(0, "PASV\r\n", 4096, MSG_PEEK) = 6
21212 14:42:36.128935 read(0, "PASV\r\n", 6) = 6
21212 14:42:36.128946 write(5, "\n", 1) = 1
21212 14:42:36.128974 read(5,  <unfinished ...>
21210 14:42:36.128989 close(5)          = 0
21210 14:42:36.129013 getuid32()        = 0
21210 14:42:36.129028 open("/etc/passwd", O_RDONLY|0x80000 /* O_??? */) = 5
21210 14:42:36.129042 _llseek(5, 0, [0], SEEK_CUR) = 0
21210 14:42:36.129054 fstat64(5, {st_mode=S_IFREG|0644, st_size=1624, ...}) = 0
21210 14:42:36.129072 mmap2(NULL, 1624, PROT_READ, MAP_SHARED, 5, 0) = 0xb7f9b000
21210 14:42:36.129083 _llseek(5, 1624, [1624], SEEK_SET) = 0
21210 14:42:36.129101 munmap(0xb7f9b000, 1624) = 0
21210 14:42:36.129112 close(5)          = 0
21210 14:42:36.129128 setgroups32(0, []) = 0
21210 14:42:36.129139 chdir("/usr/share/empty") = 0
21210 14:42:36.129151 chroot(".")       = 0
21210 14:42:36.129162 capset(NULL, NULL) = -1 EFAULT (Bad address)
21210 14:42:36.129175 prctl(0x8, 0, 0xbfa514f8, 0x80549a6, 0xbfa514e0) = 0
21210 14:42:36.129186 prctl(0x8, 0x1, 0xbfa514f8, 0x8054a49, 0xbfa514e0) = 0
21210 14:42:36.129195 setgid32(65534)   = 0
21210 14:42:36.129205 setuid32(65534)   = 0
21210 14:42:36.129215 capset(0x19980330, 0, {CAP_NET_BIND_SERVICE, CAP_NET_BIND_SERVICE, 0}) = 0
21210 14:42:36.129227 read(4, "\n", 1)  = 1
21210 14:42:36.129240 write(4, "\1", 1) = 1
21212 14:42:36.129251 <... read resumed> "\1", 1) = 1
21212 14:42:36.129259 write(5, "\f", 1) = 1
21212 14:42:36.129269 read(5,  <unfinished ...>
21210 14:42:36.129275 read(4, "\f", 1)  = 1
21210 14:42:36.129287 socket(PF_INET, SOCK_STREAM, IPPROTO_TCP) = 5
21210 14:42:36.129300 setsockopt(5, SOL_SOCKET, SO_REUSEADDR, [1], 4) = 0
21210 14:42:36.129312 gettimeofday({1495651356, 129315}, NULL) = 0
21210 14:42:36.129327 bind(5, {sa_family=AF_INET, sin_port=htons(46341), sin_addr=inet_addr("127.0.0.1")}, 16) = 0
21210 14:42:36.129343 listen(5, 1)      = 0
21210 14:42:36.129356 write(4, "\5\265\0\0", 4) = 4
21212 14:42:36.129367 <... read resumed> "\5\265\0\0", 4) = 4
21212 14:42:36.129381 write(0, "227 Entering Passive Mode (127,0,0,1,181,5).\r\n", 46) = 46
21212 14:42:36.129479 rt_sigaction(SIGALRM, {0x805cad0, ~[RTMIN RT_1], 0}, NULL, 8) = 0
21212 14:42:36.129496 alarm(300)        = 300
21212 14:42:36.129507 recv(0, "RETR myfile25\r\n", 4096, MSG_PEEK) = 15
21212 14:42:36.129519 read(0, "RETR myfile25\r\n", 15) = 15
21212 14:42:36.129533 write(5, "\v", 1) = 1
21212 14:42:36.129544 read(5,  <unfinished ...>
21210 14:42:36.129551 read(4, "\v", 1)  = 1
21210 14:42:36.129562 write(4, "\1\0\0\0", 4) = 4
21212 14:42:36.129572 <... read resumed> "\1\0\0\0", 4) = 4
21212 14:42:36.129580 gettimeofday({1495651356, 129584}, NULL) = 0
21212 14:42:36.129591 getcwd("/home/msfadmin", 4096) = 15
21212 14:42:36.129603 open("myfile25", O_RDONLY|O_NONBLOCK|O_LARGEFILE) = 4
21212 14:42:36.129616 fcntl64(4, F_SETLKW64, {type=F_RDLCK, whence=SEEK_SET, start=0, len=0}, 0xbfa51464) = 0
21212 14:42:36.129629 fstat64(4, {st_mode=S_IFREG|0644, st_size=17, ...}) = 0
21212 14:42:36.129646 fcntl64(4, F_GETFL) = 0x8800 (flags O_RDONLY|O_NONBLOCK|O_LARGEFILE)
21212 14:42:36.129656 fcntl64(4, F_SETFL, O_RDONLY|O_LARGEFILE) = 0
21212 14:42:36.129668 write(5, "\v", 1) = 1
21212 14:42:36.129678 read(5,  <unfinished ...>
21210 14:42:36.129685 read(4, "\v", 1)  = 1
21210 14:42:36.129700 write(4, "\1\0\0\0", 4) = 4
21212 14:42:36.129711 <... read resumed> "\1\0\0\0", 4) = 4
21212 14:42:36.129718 write(5, "\v", 1) = 1
21212 14:42:36.129728 read(5,  <unfinished ...>
21210 14:42:36.129734 read(4, "\v", 1)  = 1
21210 14:42:36.129745 write(4, "\1\0\0\0", 4) = 4
21212 14:42:36.129755 <... read resumed> "\1\0\0\0", 4) = 4
21212 14:42:36.129762 write(5, "\r", 1) = 1
21212 14:42:36.129772 read(5,  <unfinished ...>
21210 14:42:36.129778 read(4, "\r", 1)  = 1
21210 14:42:36.129791 select(6, [5], NULL, NULL, {60, 0}) = 1 (in [5], left {60, 0})
21210 14:42:36.129807 accept(5, {sa_family=AF_INET, sin_port=htons(55298), sin_addr=inet_addr("127.0.0.1")}, [16]) = 6
21210 14:42:36.129829 write(4, "\1", 1) = 1
21212 14:42:36.129839 <... read resumed> "\1", 1) = 1
21212 14:42:36.129848 recvmsg(5,  <unfinished ...>
21210 14:42:36.129857 sendmsg(4, {msg_name(0)=NULL, msg_iov(1)=[{"\0", 1}], msg_controllen=16, {cmsg_len=16, cmsg_level=SOL_SOCKET, cmsg_type=SCM_RIGHTS, {6}}, msg_flags=0}, 0) = 1
21212 14:42:36.129874 <... recvmsg resumed> {msg_name(0)=NULL, msg_iov(1)=[{"\0", 1}], msg_controllen=16, {cmsg_len=16, cmsg_level=SOL_SOCKET, cmsg_type=SCM_RIGHTS, {6}}, msg_flags=0}, 0) = 1
21212 14:42:36.129887 setsockopt(6, SOL_SOCKET, SO_KEEPALIVE, [1], 4) = 0
21212 14:42:36.129899 setsockopt(6, SOL_IP, IP_TOS, [8], 4) = 0
21212 14:42:36.129911 setsockopt(6, SOL_SOCKET, SO_LINGER, {onoff=1, linger=32767}, 8) = 0
21212 14:42:36.129934 rt_sigaction(SIGALRM, {0x805cad0, ~[RTMIN RT_1], 0}, NULL, 8) = 0
21212 14:42:36.129951 alarm(300)        = 300
21212 14:42:36.129975 write(0, "150 Opening BINARY mode data connection for myfile25 (17 bytes).\r\n", 66) = 66
21212 14:42:36.130017 _llseek(4, 0, [0], SEEK_CUR) = 0
21212 14:42:36.130030 fstat64(4, {st_mode=S_IFREG|0644, st_size=17, ...}) = 0
21212 14:42:36.130046 _llseek(4, 0, [0], SEEK_SET) = 0
21212 14:42:36.130059 sendfile(6, 4, NULL, 17) = 17
21212 14:42:36.130086 rt_sigaction(SIGALRM, {0x805cad0, ~[RTMIN RT_1], 0}, NULL, 8) = 0
21212 14:42:36.130101 alarm(300)        = 300
21212 14:42:36.130110 close(6)          = 0
21212 14:42:36.130119 alarm(0)          = 300
21212 14:42:36.130128 gettimeofday({1495651356, 130132}, NULL) = 0
21212 14:42:36.130145 getpid()          = 21212
21212 14:42:36.130157 gettimeofday({1495651356, 130161}, NULL) = 0
21212 14:42:36.130174 fcntl64(3, F_SETLKW64, {type=F_WRLCK, whence=SEEK_SET, start=0, len=0}, 0xbfa51404) = 0
21212 14:42:36.130189 write(3, "Wed May 24 14:42:36 2017 [pid 21212] [msfadmin] OK DOWNLOAD: Client \"127.0.0.1\", \"/home/msfadmin/myfile25\", 17 bytes, 28.77Kbyte/sec\n", 133) = 133
21212 14:42:36.130218 fcntl64(3, F_SETLK64, {type=F_UNLCK, whence=SEEK_SET, start=0, len=0}, 0xbfa5140c) = 0
21212 14:42:36.130232 write(0, "226 Transfer complete.\r\n", 24) = 24
21212 14:42:36.130248 write(5, "\n", 1) = 1
21212 14:42:36.130258 read(5,  <unfinished ...>
21210 14:42:36.130265 close(6)          = 0
21210 14:42:36.130342 read(4, "\n", 1)  = 1
21210 14:42:36.130355 close(5)          = 0
21210 14:42:36.130366 write(4, "\1", 1) = 1
21212 14:42:36.130377 <... read resumed> "\1", 1) = 1
21212 14:42:36.130384 close(4)          = 0
21212 14:42:36.130394 rt_sigaction(SIGALRM, {0x805cad0, ~[RTMIN RT_1], 0}, NULL, 8) = 0
21212 14:42:36.130408 alarm(300)        = 0
21212 14:42:36.130418 recv(0,  <unfinished ...>
21210 14:42:36.130426 read(4,  <unfinished ...>
21209 14:42:36.397746 <... recv resumed> "TYPE I\r\n", 4096, MSG_PEEK) = 8
21209 14:42:36.397776 read(0, "TYPE I\r\n", 8) = 8
21209 14:42:36.397798 write(0, "200 Switching to Binary mode.\r\n", 31) = 31
21209 14:42:36.397845 rt_sigaction(SIGALRM, {0x805cad0, ~[RTMIN RT_1], 0}, NULL, 8) = 0
21209 14:42:36.397863 alarm(300)        = 299
21209 14:42:36.397876 recv(0, "PASV\r\n", 4096, MSG_PEEK) = 6
21209 14:42:36.397887 read(0, "PASV\r\n", 6) = 6
21209 14:42:36.397899 write(5, "\n", 1 <unfinished ...>
21207 14:42:36.397911 <... read resumed> "\n", 1) = 1
21209 14:42:36.397916 <... write resumed> ) = 1
21207 14:42:36.397924 write(4, "\1", 1 <unfinished ...>
21209 14:42:36.397930 read(5,  <unfinished ...>
21207 14:42:36.397944 <... write resumed> ) = 1
21209 14:42:36.397948 <... read resumed> "\1", 1) = 1
21207 14:42:36.397972 read(4,  <unfinished ...>
21209 14:42:36.397976 write(5, "\f", 1 <unfinished ...>
21207 14:42:36.397984 <... read resumed> "\f", 1) = 1
21209 14:42:36.397988 <... write resumed> ) = 1
21207 14:42:36.397997 socket(PF_INET, SOCK_STREAM, IPPROTO_TCP <unfinished ...>
21209 14:42:36.398002 read(5,  <unfinished ...>
21207 14:42:36.398012 <... socket resumed> ) = 5
21207 14:42:36.398019 setsockopt(5, SOL_SOCKET, SO_REUSEADDR, [1], 4) = 0
21207 14:42:36.398034 bind(5, {sa_family=AF_INET, sin_port=htons(63253), sin_addr=inet_addr("127.0.0.1")}, 16) = 0
21207 14:42:36.398051 listen(5, 1)      = 0
21207 14:42:36.398064 write(4, "\25\367\0\0", 4 <unfinished ...>
21209 14:42:36.398073 <... read resumed> "\25\367\0\0", 4) = 4
21207 14:42:36.398078 <... write resumed> ) = 4
21209 14:42:36.398090 write(0, "227 Entering Passive Mode (127,0,0,1,247,21).\r\n", 47 <unfinished ...>
21207 14:42:36.398099 read(4,  <unfinished ...>
21209 14:42:36.398201 <... write resumed> ) = 47
21209 14:42:36.398214 rt_sigaction(SIGALRM, {0x805cad0, ~[RTMIN RT_1], 0}, NULL, 8) = 0
21209 14:42:36.398228 alarm(300)        = 300
21209 14:42:36.398240 recv(0, "STOR myfile9\r\n", 4096, MSG_PEEK) = 14
21209 14:42:36.398252 read(0, "STOR myfile9\r\n", 14) = 14
21209 14:42:36.398265 write(5, "\v", 1 <unfinished ...>
21207 14:42:36.398273 <... read resumed> "\v", 1) = 1
21209 14:42:36.398277 <... write resumed> ) = 1
21207 14:42:36.398284 write(4, "\1\0\0\0", 4) = 4
21207 14:42:36.398294 read(4,  <unfinished ...>
21209 14:42:36.398301 read(5, "\1\0\0\0", 4) = 4
21209 14:42:36.398317 gettimeofday({1495651356, 398321}, NULL) = 0
21209 14:42:36.398328 getcwd("/home/msfadmin", 4096) = 15
21209 14:42:36.398341 open("myfile9", O_WRONLY|O_CREAT|O_NONBLOCK|O_LARGEFILE, 0666) = 4
21209 14:42:36.398355 fstat64(4, {st_mode=S_IFREG|0644, st_size=17, ...}) = 0
21209 14:42:36.398373 fcntl64(4, F_GETFL) = 0x8801 (flags O_WRONLY|O_NONBLOCK|O_LARGEFILE)
21209 14:42:36.398384 fcntl64(4, F_SETFL, O_WRONLY|O_LARGEFILE) = 0
21209 14:42:36.398393 fcntl64(4, F_SETLKW64, {type=F_WRLCK, whence=SEEK_SET, start=0, len=0}, 0xbf886274) = 0
21209 14:42:36.398407 ftruncate64(4, 0) = 0
21209 14:42:36.398426 _llseek(4, 0, [0], SEEK_SET) = 0
21209 14:42:36.398437 write(5, "\v", 1 <unfinished ...>
21207 14:42:36.398466 <... read resumed> "\v", 1) = 1
21209 14:42:36.398474 <... write resumed> ) = 1
21207 14:42:36.398481 write(4, "\1\0\0\0", 4) = 4
21207 14:42:36.398502 read(4,  <unfinished ...>
21209 14:42:36.398509 read(5, "\1\0\0\0", 4) = 4
21209 14:42:36.398521 write(5, "\v", 1 <unfinished ...>
21207 14:42:36.398527 <... read resumed> "\v", 1) = 1
21209 14:42:36.398532 <... write resumed> ) = 1
21207 14:42:36.398538 write(4, "\1\0\0\0", 4) = 4
21207 14:42:36.398548 read(4,  <unfinished ...>
21209 14:42:36.398555 read(5, "\1\0\0\0", 4) = 4
21209 14:42:36.398566 write(5, "\r", 1 <unfinished ...>
21207 14:42:36.398573 <... read resumed> "\r", 1) = 1
21209 14:42:36.398577 <... write resumed> ) = 1
21207 14:42:36.398584 select(6, [5], NULL, NULL, {60, 0}) = 1 (in [5], left {60, 0})
21207 14:42:36.398600 accept(5, {sa_family=AF_INET, sin_port=htons(45654), sin_addr=inet_addr("127.0.0.1")}, [16]) = 6
21207 14:42:36.398622 write(4, "\1", 1) = 1
21207 14:42:36.398634 sendmsg(4, {msg_name(0)=NULL, msg_iov(1)=[{"\0", 1}], msg_controllen=16, {cmsg_len=16, cmsg_level=SOL_SOCKET, cmsg_type=SCM_RIGHTS, {6}}, msg_flags=0}, 0) = 1
21207 14:42:36.398651 close(6)          = 0
21207 14:42:36.398661 read(4,  <unfinished ...>
21209 14:42:36.398667 read(5, "\1", 1)  = 1
21209 14:42:36.398680 recvmsg(5, {msg_name(0)=NULL, msg_iov(1)=[{"\0", 1}], msg_controllen=16, {cmsg_len=16, cmsg_level=SOL_SOCKET, cmsg_type=SCM_RIGHTS, {6}}, msg_flags=0}, 0) = 1
21209 14:42:36.398697 setsockopt(6, SOL_SOCKET, SO_KEEPALIVE, [1], 4) = 0
21209 14:42:36.398710 setsockopt(6, SOL_IP, IP_TOS, [8], 4) = 0
21209 14:42:36.398722 setsockopt(6, SOL_SOCKET, SO_LINGER, {onoff=1, linger=32767}, 8) = 0
21209 14:42:36.398733 rt_sigaction(SIGALRM, {0x805cad0, ~[RTMIN RT_1], 0}, NULL, 8) = 0
21209 14:42:36.398750 alarm(300)        = 300
21209 14:42:36.398763 write(0, "150 Ok to send data.\r\n", 22) = 22
21209 14:42:36.398830 read(6, "assasaaa\na\na\na\na\n", 65536) = 17
21209 14:42:36.398844 write(4, "assasaaa\na\na\na\na\n", 17) = 17
21209 14:42:36.398861 read(6, "", 65536) = 0
21209 14:42:36.398871 rt_sigaction(SIGALRM, {0x805cad0, ~[RTMIN RT_1], 0}, NULL, 8) = 0
21209 14:42:36.398884 alarm(300)        = 300
21209 14:42:36.398894 close(6)          = 0
21209 14:42:36.398910 alarm(0)          = 300
21209 14:42:36.398920 gettimeofday({1495651356, 398923}, NULL) = 0
21209 14:42:36.398935 gettimeofday({1495651356, 398939}, NULL) = 0
21209 14:42:36.398972 fcntl64(3, F_SETLKW64, {type=F_WRLCK, whence=SEEK_SET, start=0, len=0}, 0xbf886214) = 0
21209 14:42:36.398997 write(3, "Wed May 24 14:42:36 2017 [pid 21209] [msfadmin] OK UPLOAD: Client \"127.0.0.1\", \"/home/msfadmin/myfile9\", 17 bytes, 26.86Kbyte/sec\n", 130) = 130
21209 14:42:36.399018 fcntl64(3, F_SETLK64, {type=F_UNLCK, whence=SEEK_SET, start=0, len=0}, 0xbf88621c) = 0
21209 14:42:36.399033 write(0, "226 Transfer complete.\r\n", 24) = 24
21209 14:42:36.399077 write(5, "\n", 1 <unfinished ...>
21207 14:42:36.399087 <... read resumed> "\n", 1) = 1
21209 14:42:36.399091 <... write resumed> ) = 1
21207 14:42:36.399097 close(5)          = 0
21207 14:42:36.399109 write(4, "\1", 1) = 1
21207 14:42:36.399120 read(4,  <unfinished ...>
21209 14:42:36.399127 read(5, "\1", 1)  = 1
21209 14:42:36.399138 close(4)          = 0
21209 14:42:36.399148 rt_sigaction(SIGALRM, {0x805cad0, ~[RTMIN RT_1], 0}, NULL, 8) = 0
21209 14:42:36.399161 alarm(300)        = 0
21209 14:42:36.399172 recv(0,  <unfinished ...>
21212 14:42:36.708150 <... recv resumed> "USER msfadmin\r\n", 4096, MSG_PEEK) = 15
21212 14:42:36.708248 read(0, "USER msfadmin\r\n", 15) = 15
21212 14:42:36.708329 write(0, "331 Any password will do.\r\n", 27) = 27
21212 14:42:36.708410 rt_sigaction(SIGALRM, {0x805cad0, ~[RTMIN RT_1], 0}, NULL, 8) = 0
21212 14:42:36.708440 alarm(300)        = 299
21212 14:42:36.708464 recv(0, "PASS msfadmin\r\n", 4096, MSG_PEEK) = 15
21212 14:42:36.708478 read(0, "PASS msfadmin\r\n", 15) = 15
21212 14:42:36.708494 write(0, "230 Already logged in.\r\n", 24) = 24
21212 14:42:36.708556 rt_sigaction(SIGALRM, {0x805cad0, ~[RTMIN RT_1], 0}, NULL, 8) = 0
21212 14:42:36.708572 alarm(300)        = 300
21212 14:42:36.708583 recv(0, "TYPE I\r\n", 4096, MSG_PEEK) = 8
21212 14:42:36.708594 read(0, "TYPE I\r\n", 8) = 8
21212 14:42:36.708608 write(0, "200 Switching to Binary mode.\r\n", 31) = 31
21212 14:42:36.708644 rt_sigaction(SIGALRM, {0x805cad0, ~[RTMIN RT_1], 0}, NULL, 8) = 0
21212 14:42:36.708658 alarm(300)        = 300
21212 14:42:36.708668 recv(0, "PASV\r\n", 4096, MSG_PEEK) = 6
21212 14:42:36.708679 read(0, "PASV\r\n", 6) = 6
21212 14:42:36.708691 write(5, "\n", 1) = 1
21212 14:42:36.708703 read(5,  <unfinished ...>
21210 14:42:36.708711 <... read resumed> "\n", 1) = 1
21210 14:42:36.708720 write(4, "\1", 1) = 1
21212 14:42:36.708731 <... read resumed> "\1", 1) = 1
21212 14:42:36.708738 write(5, "\f", 1) = 1
21212 14:42:36.708748 read(5,  <unfinished ...>
21210 14:42:36.708755 read(4, "\f", 1)  = 1
21210 14:42:36.708766 socket(PF_INET, SOCK_STREAM, IPPROTO_TCP) = 5
21210 14:42:36.708782 setsockopt(5, SOL_SOCKET, SO_REUSEADDR, [1], 4) = 0
21210 14:42:36.708796 bind(5, {sa_family=AF_INET, sin_port=htons(56406), sin_addr=inet_addr("127.0.0.1")}, 16) = 0
21210 14:42:36.708813 listen(5, 1)      = 0
21210 14:42:36.708826 write(4, "V\334\0\0", 4) = 4
21212 14:42:36.708837 <... read resumed> "V\334\0\0", 4) = 4
21212 14:42:36.708849 write(0, "227 Entering Passive Mode (127,0,0,1,220,86).\r\n", 47) = 47
21212 14:42:36.708960 rt_sigaction(SIGALRM, {0x805cad0, ~[RTMIN RT_1], 0}, NULL, 8) = 0
21212 14:42:36.708976 alarm(300)        = 300
21212 14:42:36.709011 recv(0, "RETR myfile26\r\n", 4096, MSG_PEEK) = 15
21212 14:42:36.709024 read(0, "RETR myfile26\r\n", 15) = 15
21212 14:42:36.709047 write(5, "\v", 1) = 1
21212 14:42:36.709068 read(5,  <unfinished ...>
21210 14:42:36.709092 read(4, "\v", 1)  = 1
21210 14:42:36.709128 write(4, "\1\0\0\0", 4) = 4
21212 14:42:36.709139 <... read resumed> "\1\0\0\0", 4) = 4
21212 14:42:36.709146 gettimeofday({1495651356, 709150}, NULL) = 0
21212 14:42:36.709158 getcwd("/home/msfadmin", 4096) = 15
21212 14:42:36.709170 open("myfile26", O_RDONLY|O_NONBLOCK|O_LARGEFILE) = 4
21212 14:42:36.709184 fcntl64(4, F_SETLKW64, {type=F_RDLCK, whence=SEEK_SET, start=0, len=0}, 0xbfa51464) = 0
21212 14:42:36.709199 fstat64(4, {st_mode=S_IFREG|0644, st_size=17, ...}) = 0
21212 14:42:36.709215 fcntl64(4, F_GETFL) = 0x8800 (flags O_RDONLY|O_NONBLOCK|O_LARGEFILE)
21212 14:42:36.709226 fcntl64(4, F_SETFL, O_RDONLY|O_LARGEFILE) = 0
21212 14:42:36.709237 write(5, "\v", 1) = 1
21212 14:42:36.709248 read(5,  <unfinished ...>
21210 14:42:36.709255 read(4, "\v", 1)  = 1
21210 14:42:36.709266 write(4, "\1\0\0\0", 4) = 4
21212 14:42:36.709276 <... read resumed> "\1\0\0\0", 4) = 4
21212 14:42:36.709283 write(5, "\v", 1) = 1
21212 14:42:36.709293 read(5,  <unfinished ...>
21210 14:42:36.709299 read(4, "\v", 1)  = 1
21210 14:42:36.709310 write(4, "\1\0\0\0", 4) = 4
21212 14:42:36.709320 <... read resumed> "\1\0\0\0", 4) = 4
21212 14:42:36.709327 write(5, "\r", 1) = 1
21212 14:42:36.709337 read(5,  <unfinished ...>
21210 14:42:36.709343 read(4, "\r", 1)  = 1
21210 14:42:36.709355 select(6, [5], NULL, NULL, {60, 0}) = 1 (in [5], left {60, 0})
21210 14:42:36.709371 accept(5, {sa_family=AF_INET, sin_port=htons(51734), sin_addr=inet_addr("127.0.0.1")}, [16]) = 6
21210 14:42:36.709393 write(4, "\1", 1) = 1
21212 14:42:36.709403 <... read resumed> "\1", 1) = 1
21212 14:42:36.709412 recvmsg(5,  <unfinished ...>
21210 14:42:36.709420 sendmsg(4, {msg_name(0)=NULL, msg_iov(1)=[{"\0", 1}], msg_controllen=16, {cmsg_len=16, cmsg_level=SOL_SOCKET, cmsg_type=SCM_RIGHTS, {6}}, msg_flags=0}, 0) = 1
21212 14:42:36.709437 <... recvmsg resumed> {msg_name(0)=NULL, msg_iov(1)=[{"\0", 1}], msg_controllen=16, {cmsg_len=16, cmsg_level=SOL_SOCKET, cmsg_type=SCM_RIGHTS, {6}}, msg_flags=0}, 0) = 1
21212 14:42:36.709450 setsockopt(6, SOL_SOCKET, SO_KEEPALIVE, [1], 4) = 0
21212 14:42:36.709462 setsockopt(6, SOL_IP, IP_TOS, [8], 4) = 0
21212 14:42:36.709473 setsockopt(6, SOL_SOCKET, SO_LINGER, {onoff=1, linger=32767}, 8) = 0
21212 14:42:36.709484 rt_sigaction(SIGALRM, {0x805cad0, ~[RTMIN RT_1], 0}, NULL, 8) = 0
21212 14:42:36.709497 alarm(300)        = 300
21212 14:42:36.709511 write(0, "150 Opening BINARY mode data connection for myfile26 (17 bytes).\r\n", 66) = 66
21212 14:42:36.709551 _llseek(4, 0, [0], SEEK_CUR) = 0
21212 14:42:36.709564 fstat64(4, {st_mode=S_IFREG|0644, st_size=17, ...}) = 0
21212 14:42:36.709580 _llseek(4, 0, [0], SEEK_SET) = 0
21212 14:42:36.709591 sendfile(6, 4, NULL, 17) = 17
21212 14:42:36.709621 rt_sigaction(SIGALRM, {0x805cad0, ~[RTMIN RT_1], 0}, NULL, 8) = 0
21212 14:42:36.709635 alarm(300)        = 300
21212 14:42:36.709645 close(6)          = 0
21212 14:42:36.709654 alarm(0)          = 300
21212 14:42:36.709663 gettimeofday({1495651356, 709667}, NULL) = 0
21212 14:42:36.709679 gettimeofday({1495651356, 709683}, NULL) = 0
21212 14:42:36.709694 fcntl64(3, F_SETLKW64, {type=F_WRLCK, whence=SEEK_SET, start=0, len=0}, 0xbfa51404) = 0
21212 14:42:36.709708 write(3, "Wed May 24 14:42:36 2017 [pid 21212] [msfadmin] OK DOWNLOAD: Client \"127.0.0.1\", \"/home/msfadmin/myfile26\", 17 bytes, 31.15Kbyte/sec\n", 133) = 133
21212 14:42:36.709729 fcntl64(3, F_SETLK64, {type=F_UNLCK, whence=SEEK_SET, start=0, len=0}, 0xbfa5140c) = 0
21212 14:42:36.709743 write(0, "226 Transfer complete.\r\n", 24) = 24
21212 14:42:36.709758 write(5, "\n", 1) = 1
21212 14:42:36.709768 read(5,  <unfinished ...>
21210 14:42:36.709775 close(6)          = 0
21210 14:42:36.709855 read(4, "\n", 1)  = 1
21210 14:42:36.709869 close(5)          = 0
21210 14:42:36.709880 write(4, "\1", 1) = 1
21212 14:42:36.709891 <... read resumed> "\1", 1) = 1
21212 14:42:36.709898 close(4)          = 0
21212 14:42:36.709908 rt_sigaction(SIGALRM, {0x805cad0, ~[RTMIN RT_1], 0}, NULL, 8) = 0
21212 14:42:36.709921 alarm(300)        = 0
21212 14:42:36.709935 recv(0,  <unfinished ...>
21210 14:42:36.709943 read(4,  <unfinished ...>
21209 14:42:36.938389 <... recv resumed> "TYPE I\r\n", 4096, MSG_PEEK) = 8
21209 14:42:36.938500 read(0, "TYPE I\r\n", 8) = 8
21209 14:42:36.938597 write(0, "200 Switching to Binary mode.\r\n", 31) = 31
21209 14:42:36.938690 rt_sigaction(SIGALRM, {0x805cad0, ~[RTMIN RT_1], 0}, NULL, 8) = 0
21209 14:42:36.938722 alarm(300)        = 299
21209 14:42:36.938747 recv(0, "PASV\r\n", 4096, MSG_PEEK) = 6
21209 14:42:36.938762 read(0, "PASV\r\n", 6) = 6
21209 14:42:36.938774 write(5, "\n", 1 <unfinished ...>
21207 14:42:36.938786 <... read resumed> "\n", 1) = 1
21209 14:42:36.938791 <... write resumed> ) = 1
21207 14:42:36.938799 write(4, "\1", 1) = 1
21207 14:42:36.938810 read(4,  <unfinished ...>
21209 14:42:36.938816 read(5, "\1", 1)  = 1
21209 14:42:36.938828 write(5, "\f", 1 <unfinished ...>
21207 14:42:36.938835 <... read resumed> "\f", 1) = 1
21209 14:42:36.938839 <... write resumed> ) = 1
21207 14:42:36.938847 socket(PF_INET, SOCK_STREAM, IPPROTO_TCP) = 5
21207 14:42:36.938862 setsockopt(5, SOL_SOCKET, SO_REUSEADDR, [1], 4) = 0
21207 14:42:36.938877 bind(5, {sa_family=AF_INET, sin_port=htons(14561), sin_addr=inet_addr("127.0.0.1")}, 16) = 0
21207 14:42:36.938894 listen(5, 1)      = 0
21207 14:42:36.938907 write(4, "\3418\0\0", 4) = 4
21207 14:42:36.938918 read(4,  <unfinished ...>
21209 14:42:36.938925 read(5, "\3418\0\0", 4) = 4
21209 14:42:36.938941 write(0, "227 Entering Passive Mode (127,0,0,1,56,225).\r\n", 47) = 47
21209 14:42:36.939052 rt_sigaction(SIGALRM, {0x805cad0, ~[RTMIN RT_1], 0}, NULL, 8) = 0
21209 14:42:36.939068 alarm(300)        = 300
21209 14:42:36.939080 recv(0, "STOR myfile10\r\n", 4096, MSG_PEEK) = 15
21209 14:42:36.939092 read(0, "STOR myfile10\r\n", 15) = 15
21209 14:42:36.939106 write(5, "\v", 1 <unfinished ...>
21207 14:42:36.939113 <... read resumed> "\v", 1) = 1
21209 14:42:36.939118 <... write resumed> ) = 1
21207 14:42:36.939124 write(4, "\1\0\0\0", 4) = 4
21207 14:42:36.939135 read(4,  <unfinished ...>
21209 14:42:36.939142 read(5, "\1\0\0\0", 4) = 4
21209 14:42:36.939154 gettimeofday({1495651356, 939157}, NULL) = 0
21209 14:42:36.939165 getcwd("/home/msfadmin", 4096) = 15
21209 14:42:36.939178 open("myfile10", O_WRONLY|O_CREAT|O_NONBLOCK|O_LARGEFILE, 0666) = 4
21209 14:42:36.939192 fstat64(4, {st_mode=S_IFREG|0644, st_size=17, ...}) = 0
21209 14:42:36.939209 fcntl64(4, F_GETFL) = 0x8801 (flags O_WRONLY|O_NONBLOCK|O_LARGEFILE)
21209 14:42:36.939221 fcntl64(4, F_SETFL, O_WRONLY|O_LARGEFILE) = 0
21209 14:42:36.939231 fcntl64(4, F_SETLKW64, {type=F_WRLCK, whence=SEEK_SET, start=0, len=0}, 0xbf886274) = 0
21209 14:42:36.939277 ftruncate64(4, 0) = 0
21209 14:42:36.939309 _llseek(4, 0, [0], SEEK_SET) = 0
21209 14:42:36.939320 write(5, "\v", 1 <unfinished ...>
21207 14:42:36.939328 <... read resumed> "\v", 1) = 1
21209 14:42:36.939333 <... write resumed> ) = 1
21207 14:42:36.939339 write(4, "\1\0\0\0", 4) = 4
21207 14:42:36.939350 read(4,  <unfinished ...>
21209 14:42:36.939357 read(5, "\1\0\0\0", 4) = 4
21209 14:42:36.939368 write(5, "\v", 1 <unfinished ...>
21207 14:42:36.939374 <... read resumed> "\v", 1) = 1
21209 14:42:36.939379 <... write resumed> ) = 1
21207 14:42:36.939385 write(4, "\1\0\0\0", 4) = 4
21207 14:42:36.939395 read(4,  <unfinished ...>
21209 14:42:36.939402 read(5, "\1\0\0\0", 4) = 4
21209 14:42:36.939413 write(5, "\r", 1 <unfinished ...>
21207 14:42:36.939420 <... read resumed> "\r", 1) = 1
21209 14:42:36.939424 <... write resumed> ) = 1
21207 14:42:36.939431 select(6, [5], NULL, NULL, {60, 0}) = 1 (in [5], left {60, 0})
21207 14:42:36.939447 accept(5, {sa_family=AF_INET, sin_port=htons(56634), sin_addr=inet_addr("127.0.0.1")}, [16]) = 6
21207 14:42:36.939469 write(4, "\1", 1) = 1
21207 14:42:36.939481 sendmsg(4, {msg_name(0)=NULL, msg_iov(1)=[{"\0", 1}], msg_controllen=16, {cmsg_len=16, cmsg_level=SOL_SOCKET, cmsg_type=SCM_RIGHTS, {6}}, msg_flags=0}, 0) = 1
21207 14:42:36.939498 close(6)          = 0
21207 14:42:36.939507 read(4,  <unfinished ...>
21209 14:42:36.939514 read(5, "\1", 1)  = 1
21209 14:42:36.939533 recvmsg(5, {msg_name(0)=NULL, msg_iov(1)=[{"\0", 1}], msg_controllen=16, {cmsg_len=16, cmsg_level=SOL_SOCKET, cmsg_type=SCM_RIGHTS, {6}}, msg_flags=0}, 0) = 1
21209 14:42:36.939551 setsockopt(6, SOL_SOCKET, SO_KEEPALIVE, [1], 4) = 0
21209 14:42:36.939563 setsockopt(6, SOL_IP, IP_TOS, [8], 4) = 0
21209 14:42:36.939575 setsockopt(6, SOL_SOCKET, SO_LINGER, {onoff=1, linger=32767}, 8) = 0
21209 14:42:36.939586 rt_sigaction(SIGALRM, {0x805cad0, ~[RTMIN RT_1], 0}, NULL, 8) = 0
21209 14:42:36.939599 alarm(300)        = 300
21209 14:42:36.939612 write(0, "150 Ok to send data.\r\n", 22) = 22
21209 14:42:36.939677 read(6, "assasaaa\na\na\na\na\n", 65536) = 17
21209 14:42:36.939691 write(4, "assasaaa\na\na\na\na\n", 17) = 17
21209 14:42:36.939707 read(6, "", 65536) = 0
21209 14:42:36.939718 rt_sigaction(SIGALRM, {0x805cad0, ~[RTMIN RT_1], 0}, NULL, 8) = 0
21209 14:42:36.939731 alarm(300)        = 300
21209 14:42:36.939741 close(6)          = 0
21209 14:42:36.939757 alarm(0)          = 300
21209 14:42:36.939767 gettimeofday({1495651356, 939771}, NULL) = 0
21209 14:42:36.939782 gettimeofday({1495651356, 939786}, NULL) = 0
21209 14:42:36.939796 fcntl64(3, F_SETLKW64, {type=F_WRLCK, whence=SEEK_SET, start=0, len=0}, 0xbf886214) = 0
21209 14:42:36.939811 write(3, "Wed May 24 14:42:36 2017 [pid 21209] [msfadmin] OK UPLOAD: Client \"127.0.0.1\", \"/home/msfadmin/myfile10\", 17 bytes, 26.39Kbyte/sec\n", 131) = 131
21209 14:42:36.939832 fcntl64(3, F_SETLK64, {type=F_UNLCK, whence=SEEK_SET, start=0, len=0}, 0xbf88621c) = 0
21209 14:42:36.939846 write(0, "226 Transfer complete.\r\n", 24) = 24
21209 14:42:36.939888 write(5, "\n", 1 <unfinished ...>
21207 14:42:36.939898 <... read resumed> "\n", 1) = 1
21209 14:42:36.939903 <... write resumed> ) = 1
21207 14:42:36.939908 close(5)          = 0
21207 14:42:36.939920 write(4, "\1", 1) = 1
21207 14:42:36.939931 read(4,  <unfinished ...>
21209 14:42:36.939937 read(5, "\1", 1)  = 1
21209 14:42:36.939948 close(4)          = 0
21209 14:42:36.939959 rt_sigaction(SIGALRM, {0x805cad0, ~[RTMIN RT_1], 0}, NULL, 8) = 0
21209 14:42:36.939972 alarm(300)        = 0
21209 14:42:36.939983 recv(0,  <unfinished ...>
21212 14:42:37.248413 <... recv resumed> "USER msfadmin\r\n", 4096, MSG_PEEK) = 15
21212 14:42:37.248539 read(0, "USER msfadmin\r\n", 15) = 15
21212 14:42:37.248645 write(0, "331 Any password will do.\r\n", 27) = 27
21212 14:42:37.248738 rt_sigaction(SIGALRM, {0x805cad0, ~[RTMIN RT_1], 0}, NULL, 8) = 0
21212 14:42:37.248771 alarm(300)        = 299
21212 14:42:37.248797 recv(0, "PASS msfadmin\r\n", 4096, MSG_PEEK) = 15
21212 14:42:37.248813 read(0, "PASS msfadmin\r\n", 15) = 15
21212 14:42:37.248829 write(0, "230 Already logged in.\r\n", 24) = 24
21212 14:42:37.248891 rt_sigaction(SIGALRM, {0x805cad0, ~[RTMIN RT_1], 0}, NULL, 8) = 0
21212 14:42:37.248907 alarm(300)        = 300
21212 14:42:37.248918 recv(0, "TYPE I\r\n", 4096, MSG_PEEK) = 8
21212 14:42:37.248929 read(0, "TYPE I\r\n", 8) = 8
21212 14:42:37.248943 write(0, "200 Switching to Binary mode.\r\n", 31) = 31
21212 14:42:37.248979 rt_sigaction(SIGALRM, {0x805cad0, ~[RTMIN RT_1], 0}, NULL, 8) = 0
21212 14:42:37.248992 alarm(300)        = 300
21212 14:42:37.249003 recv(0, "PASV\r\n", 4096, MSG_PEEK) = 6
21212 14:42:37.249014 read(0, "PASV\r\n", 6) = 6
21212 14:42:37.249025 write(5, "\n", 1) = 1
21212 14:42:37.249037 read(5,  <unfinished ...>
21210 14:42:37.249046 <... read resumed> "\n", 1) = 1
21210 14:42:37.249055 write(4, "\1", 1) = 1
21212 14:42:37.249066 <... read resumed> "\1", 1) = 1
21212 14:42:37.249073 write(5, "\f", 1) = 1
21212 14:42:37.249083 read(5,  <unfinished ...>
21210 14:42:37.249089 read(4, "\f", 1)  = 1
21210 14:42:37.249101 socket(PF_INET, SOCK_STREAM, IPPROTO_TCP) = 5
21210 14:42:37.249117 setsockopt(5, SOL_SOCKET, SO_REUSEADDR, [1], 4) = 0
21210 14:42:37.249131 bind(5, {sa_family=AF_INET, sin_port=htons(39246), sin_addr=inet_addr("127.0.0.1")}, 16) = 0
21210 14:42:37.249148 listen(5, 1)      = 0
21210 14:42:37.249161 write(4, "N\231\0\0", 4) = 4
21212 14:42:37.249172 <... read resumed> "N\231\0\0", 4) = 4
21212 14:42:37.249191 write(0, "227 Entering Passive Mode (127,0,0,1,153,78).\r\n", 47) = 47
21212 14:42:37.249303 rt_sigaction(SIGALRM, {0x805cad0, ~[RTMIN RT_1], 0}, NULL, 8) = 0
21212 14:42:37.249320 alarm(300)        = 300
21212 14:42:37.249365 recv(0, "RETR myfile27\r\n", 4096, MSG_PEEK) = 15
21212 14:42:37.249392 read(0, "RETR myfile27\r\n", 15) = 15
21212 14:42:37.249406 write(5, "\v", 1) = 1
21212 14:42:37.249416 read(5,  <unfinished ...>
21210 14:42:37.249423 read(4, "\v", 1)  = 1
21210 14:42:37.249434 write(4, "\1\0\0\0", 4) = 4
21212 14:42:37.249445 <... read resumed> "\1\0\0\0", 4) = 4
21212 14:42:37.249452 gettimeofday({1495651357, 249456}, NULL) = 0
21212 14:42:37.249463 getcwd("/home/msfadmin", 4096) = 15
21212 14:42:37.249477 open("myfile27", O_RDONLY|O_NONBLOCK|O_LARGEFILE) = 4
21212 14:42:37.249490 fcntl64(4, F_SETLKW64, {type=F_RDLCK, whence=SEEK_SET, start=0, len=0}, 0xbfa51464) = 0
21212 14:42:37.249505 fstat64(4, {st_mode=S_IFREG|0644, st_size=17, ...}) = 0
21212 14:42:37.249522 fcntl64(4, F_GETFL) = 0x8800 (flags O_RDONLY|O_NONBLOCK|O_LARGEFILE)
21212 14:42:37.249532 fcntl64(4, F_SETFL, O_RDONLY|O_LARGEFILE) = 0
21212 14:42:37.249543 write(5, "\v", 1) = 1
21212 14:42:37.249554 read(5,  <unfinished ...>
21210 14:42:37.249561 read(4, "\v", 1)  = 1
21210 14:42:37.249571 write(4, "\1\0\0\0", 4) = 4
21212 14:42:37.249581 <... read resumed> "\1\0\0\0", 4) = 4
21212 14:42:37.249589 write(5, "\v", 1) = 1
21212 14:42:37.249598 read(5,  <unfinished ...>
21210 14:42:37.249605 read(4, "\v", 1)  = 1
21210 14:42:37.249615 write(4, "\1\0\0\0", 4) = 4
21212 14:42:37.249625 <... read resumed> "\1\0\0\0", 4) = 4
21212 14:42:37.249633 write(5, "\r", 1) = 1
21212 14:42:37.249642 read(5,  <unfinished ...>
21210 14:42:37.249649 read(4, "\r", 1)  = 1
21210 14:42:37.249661 select(6, [5], NULL, NULL, {60, 0}) = 1 (in [5], left {60, 0})
21210 14:42:37.249677 accept(5, {sa_family=AF_INET, sin_port=htons(44077), sin_addr=inet_addr("127.0.0.1")}, [16]) = 6
21210 14:42:37.249699 write(4, "\1", 1) = 1
21212 14:42:37.249709 <... read resumed> "\1", 1) = 1
21212 14:42:37.249718 recvmsg(5,  <unfinished ...>
21210 14:42:37.249726 sendmsg(4, {msg_name(0)=NULL, msg_iov(1)=[{"\0", 1}], msg_controllen=16, {cmsg_len=16, cmsg_level=SOL_SOCKET, cmsg_type=SCM_RIGHTS, {6}}, msg_flags=0}, 0) = 1
21212 14:42:37.249743 <... recvmsg resumed> {msg_name(0)=NULL, msg_iov(1)=[{"\0", 1}], msg_controllen=16, {cmsg_len=16, cmsg_level=SOL_SOCKET, cmsg_type=SCM_RIGHTS, {6}}, msg_flags=0}, 0) = 1
21212 14:42:37.249756 setsockopt(6, SOL_SOCKET, SO_KEEPALIVE, [1], 4) = 0
21212 14:42:37.249768 setsockopt(6, SOL_IP, IP_TOS, [8], 4) = 0
21212 14:42:37.249780 setsockopt(6, SOL_SOCKET, SO_LINGER, {onoff=1, linger=32767}, 8) = 0
21212 14:42:37.249791 rt_sigaction(SIGALRM, {0x805cad0, ~[RTMIN RT_1], 0}, NULL, 8) = 0
21212 14:42:37.249804 alarm(300)        = 300
