19389 14:23:47.254401 open("/etc/passwd", O_RDONLY|0x80000 /* O_??? */) = 5
19389 14:23:47.254416 _llseek(5, 0, [0], SEEK_CUR) = 0
19389 14:23:47.254427 fstat64(5, {st_mode=S_IFREG|0644, st_size=1624, ...}) = 0
19389 14:23:47.254443 mmap2(NULL, 1624, PROT_READ, MAP_SHARED, 5, 0) = 0xb7fb3000
19389 14:23:47.254455 _llseek(5, 1624, [1624], SEEK_SET) = 0
19389 14:23:47.254474 munmap(0xb7fb3000, 1624) = 0
19389 14:23:47.254485 close(5)          = 0
19389 14:23:47.254509 open("/etc/shadow", O_RDONLY|0x80000 /* O_??? */) = 5
19389 14:23:47.254527 _llseek(5, 0, [0], SEEK_CUR) = 0
19389 14:23:47.254538 fstat64(5, {st_mode=S_IFREG|0640, st_size=1233, ...}) = 0
19389 14:23:47.254554 mmap2(NULL, 1233, PROT_READ, MAP_SHARED, 5, 0) = 0xb7fb3000
19389 14:23:47.254565 _llseek(5, 1233, [1233], SEEK_SET) = 0
19389 14:23:47.254585 munmap(0xb7fb3000, 1233) = 0
19389 14:23:47.254595 close(5)          = 0
19389 14:23:47.254614 open("/etc/passwd", O_RDONLY|0x80000 /* O_??? */) = 5
19389 14:23:47.254628 _llseek(5, 0, [0], SEEK_CUR) = 0
19389 14:23:47.254638 fstat64(5, {st_mode=S_IFREG|0644, st_size=1624, ...}) = 0
19389 14:23:47.254655 mmap2(NULL, 1624, PROT_READ, MAP_SHARED, 5, 0) = 0xb7fb3000
19389 14:23:47.254665 _llseek(5, 1624, [1624], SEEK_SET) = 0
19389 14:23:47.254712 munmap(0xb7fb3000, 1624) = 0
19389 14:23:47.254724 close(5)          = 0
19389 14:23:47.254747 open("/etc/shadow", O_RDONLY|0x80000 /* O_??? */) = 5
19389 14:23:47.254761 _llseek(5, 0, [0], SEEK_CUR) = 0
19389 14:23:47.254772 fstat64(5, {st_mode=S_IFREG|0640, st_size=1233, ...}) = 0
19389 14:23:47.254788 mmap2(NULL, 1233, PROT_READ, MAP_SHARED, 5, 0) = 0xb7fb3000
19389 14:23:47.254800 _llseek(5, 1233, [1233], SEEK_SET) = 0
19389 14:23:47.254816 munmap(0xb7fb3000, 1233) = 0
19389 14:23:47.254826 close(5)          = 0
19389 14:23:47.255060 getuid32()        = 0
19389 14:23:47.255071 open("/etc/passwd", O_RDONLY|0x80000 /* O_??? */) = 5
19389 14:23:47.255084 _llseek(5, 0, [0], SEEK_CUR) = 0
19389 14:23:47.255094 fstat64(5, {st_mode=S_IFREG|0644, st_size=1624, ...}) = 0
19389 14:23:47.255111 mmap2(NULL, 1624, PROT_READ, MAP_SHARED, 5, 0) = 0xb7fb3000
19389 14:23:47.255121 _llseek(5, 1624, [1624], SEEK_SET) = 0
19389 14:23:47.255137 munmap(0xb7fb3000, 1624) = 0
19389 14:23:47.255147 close(5)          = 0
19389 14:23:47.255160 open("/etc/shadow", O_RDONLY|0x80000 /* O_??? */) = 5
19389 14:23:47.255173 _llseek(5, 0, [0], SEEK_CUR) = 0
19389 14:23:47.255184 fstat64(5, {st_mode=S_IFREG|0640, st_size=1233, ...}) = 0
19389 14:23:47.255200 mmap2(NULL, 1233, PROT_READ, MAP_SHARED, 5, 0) = 0xb7fb3000
19389 14:23:47.255211 _llseek(5, 1233, [1233], SEEK_SET) = 0
19389 14:23:47.255227 munmap(0xb7fb3000, 1233) = 0
19389 14:23:47.255237 close(5)          = 0
19389 14:23:47.255249 time(NULL)        = 1495650227
19389 14:23:47.255269 munmap(0xb7fb0000, 12164) = 0
19389 14:23:47.255283 munmap(0xb7fae000, 7136) = 0
19389 14:23:47.255297 munmap(0xb7de3000, 95428) = 0
19389 14:23:47.255309 munmap(0xb7da9000, 201052) = 0
19389 14:23:47.255320 munmap(0xb7d90000, 101180) = 0
19389 14:23:47.255337 gettimeofday({1495650227, 255341}, NULL) = 0
19389 14:23:47.255349 stat64("/usr/share/zoneinfo/UTC+04:00", 0xbfb8a4f4) = -1 ENOENT (No such file or directory)
19389 14:23:47.255364 open("/usr/share/zoneinfo/UTC+04:00", O_RDONLY) = -1 ENOENT (No such file or directory)
19389 14:23:47.255390 fcntl64(3, F_SETLKW64, {type=F_WRLCK, whence=SEEK_SET, start=0, len=0}, 0xbfb8a644) = 0
19389 14:23:47.255406 write(3, "Wed May 24 14:23:47 2017 [pid 19389] [msfadmin] OK LOGIN: Client \"127.0.0.1\"\n", 77) = 77
19389 14:23:47.255423 fcntl64(3, F_SETLK64, {type=F_UNLCK, whence=SEEK_SET, start=0, len=0}, 0xbfb8a64c) = 0
19389 14:23:47.255436 rt_sigaction(SIGCHLD, {0x805cad0, ~[RTMIN RT_1], 0}, NULL, 8) = 0
19389 14:23:47.255450 write(4, "\1", 1 <unfinished ...>
19390 14:23:47.255460 <... read resumed> "\1", 1) = 1
19389 14:23:47.255466 <... write resumed> ) = 1
19390 14:23:47.255473 exit_group(0)     = ?
19389 14:23:47.255500 --- SIGCHLD (Child exited) @ 0 (0) ---
19389 14:23:47.255508 sigreturn()       = ? (mask now [])
19389 14:23:47.255527 wait4(-1, [{WIFEXITED(s) && WEXITSTATUS(s) == 0}], 0, NULL) = 19390
19389 14:23:47.255540 close(4)          = 0
19389 14:23:47.255561 socketpair(PF_FILE, SOCK_STREAM, 0, [4, 5]) = 0
19389 14:23:47.255574 rt_sigaction(SIGCHLD, {0x805cad0, ~[RTMIN RT_1], 0}, NULL, 8) = 0
19389 14:23:47.255588 rt_sigaction(SIGALRM, {0x805cb10, ~[RTMIN RT_1], 0}, NULL, 8) = 0
19389 14:23:47.255601 clone(child_stack=0, flags=CLONE_CHILD_CLEARTID|CLONE_CHILD_SETTID|SIGCHLD, child_tidptr=0xb7e196f8) = 19391
19391 14:23:47.255680 prctl(0x1, 0x9, 0, 0, 0) = 0
19391 14:23:47.255704 close(4)          = 0
19391 14:23:47.255738 open("/etc/passwd", O_RDONLY|0x80000 /* O_??? */) = 4
19391 14:23:47.255757 _llseek(4, 0, [0], SEEK_CUR) = 0
19391 14:23:47.255773 fstat64(4, {st_mode=S_IFREG|0644, st_size=1624, ...}) = 0
19391 14:23:47.255793 mmap2(NULL, 1624, PROT_READ, MAP_SHARED, 4, 0) = 0xb7fb3000
19391 14:23:47.255805 _llseek(4, 1624, [1624], SEEK_SET) = 0
19391 14:23:47.255838 munmap(0xb7fb3000, 1624) = 0
19391 14:23:47.255849 close(4)          = 0
19391 14:23:47.255872 getuid32()        = 0
19391 14:23:47.255883 open("/etc/passwd", O_RDONLY|0x80000 /* O_??? */) = 4
19391 14:23:47.255895 _llseek(4, 0, [0], SEEK_CUR) = 0
19391 14:23:47.255906 fstat64(4, {st_mode=S_IFREG|0644, st_size=1624, ...}) = 0
19391 14:23:47.255922 mmap2(NULL, 1624, PROT_READ, MAP_SHARED, 4, 0) = 0xb7fb3000
19391 14:23:47.255932 _llseek(4, 1624, [1624], SEEK_SET) = 0
19391 14:23:47.255948 munmap(0xb7fb3000, 1624) = 0
19391 14:23:47.255957 close(4)          = 0
19391 14:23:47.255983 open("/proc/sys/kernel/ngroups_max", O_RDONLY) = 4
19391 14:23:47.256003 read(4, "65536\n", 31) = 6
19391 14:23:47.256015 close(4)          = 0
19391 14:23:47.256029 socket(PF_FILE, SOCK_STREAM, 0) = 4
19391 14:23:47.256041 fcntl64(4, F_SETFL, O_RDWR|O_NONBLOCK) = 0
19391 14:23:47.256052 connect(4, {sa_family=AF_FILE, path="/var/run/nscd/socket"}, 110) = -1 ENOENT (No such file or directory)
19391 14:23:47.256073 close(4)          = 0
19391 14:23:47.256085 socket(PF_FILE, SOCK_STREAM, 0) = 4
19391 14:23:47.256095 fcntl64(4, F_SETFL, O_RDWR|O_NONBLOCK) = 0
19391 14:23:47.256105 connect(4, {sa_family=AF_FILE, path="/var/run/nscd/socket"}, 110) = -1 ENOENT (No such file or directory)
19391 14:23:47.256123 close(4)          = 0
19391 14:23:47.256147 open("/etc/group", O_RDONLY|0x80000 /* O_??? */) = 4
19391 14:23:47.256161 _llseek(4, 0, [0], SEEK_CUR) = 0
19391 14:23:47.256174 fstat64(4, {st_mode=S_IFREG|0644, st_size=886, ...}) = 0
19391 14:23:47.256191 mmap2(NULL, 886, PROT_READ, MAP_SHARED, 4, 0) = 0xb7fb3000
19391 14:23:47.256202 _llseek(4, 886, [886], SEEK_SET) = 0
19391 14:23:47.256226 fstat64(4, {st_mode=S_IFREG|0644, st_size=886, ...}) = 0
19391 14:23:47.256242 munmap(0xb7fb3000, 886) = 0
19391 14:23:47.256257 close(4)          = 0
19391 14:23:47.256267 setgroups32(13, [1000, 4, 20, 24, 25, 29, 30, 44, 46, 107, 111, 112, 119]) = 0
19391 14:23:47.256284 geteuid32()       = 0
19391 14:23:47.256295 getegid32()       = 0
19391 14:23:47.256306 setregid32(-1, 1000) = 0
19391 14:23:47.256316 setreuid32(-1, 1000) = 0
19391 14:23:47.256327 chdir("/home/msfadmin") = 0
19391 14:23:47.256338 setreuid32(-1, 0) = 0
19391 14:23:47.256348 setregid32(-1, 0) = 0
19391 14:23:47.256358 setgid32(1000)    = 0
19391 14:23:47.256368 setuid32(1000)    = 0
19391 14:23:47.256378 setrlimit(RLIMIT_NPROC, {rlim_cur=0, rlim_max=0}) = 0
19391 14:23:47.256391 mmap2(NULL, 12288, PROT_READ|PROT_WRITE, MAP_PRIVATE|MAP_ANONYMOUS, -1, 0) = 0xb7fb1000
19391 14:23:47.256402 mprotect(0xb7fb3000, 4096, PROT_NONE) = 0
19391 14:23:47.256414 mprotect(0xb7fb1000, 4096, PROT_NONE) = 0
19391 14:23:47.256424 getcwd("/home/msfadmin", 4096) = 15
19391 14:23:47.256438 umask(022)        = 077
19391 14:23:47.256448 getcwd("/home/msfadmin", 4096) = 15
19391 14:23:47.256461 open(".message", O_RDONLY|O_NONBLOCK|O_LARGEFILE) = -1 ENOENT (No such file or directory)
19391 14:23:47.256483 write(0, "230 Login successful.\r\n", 23) = 23
19391 14:23:47.256550 rt_sigaction(SIGALRM, {0x805cad0, ~[RTMIN RT_1], 0}, NULL, 8) = 0
19391 14:23:47.256567 alarm(300)        = 0
19391 14:23:47.256578 mmap2(NULL, 12288, PROT_READ|PROT_WRITE, MAP_PRIVATE|MAP_ANONYMOUS, -1, 0) = 0xb7fae000
19391 14:23:47.256589 mprotect(0xb7fb0000, 4096, PROT_NONE) = 0
19391 14:23:47.256600 mprotect(0xb7fae000, 4096, PROT_NONE) = 0
19391 14:23:47.256641 recv(0, "TYPE I\r\n", 4096, MSG_PEEK) = 8
19391 14:23:47.256656 read(0, "TYPE I\r\n", 8) = 8
19391 14:23:47.256692 write(0, "200 Switching to Binary mode.\r\n", 31) = 31
19391 14:23:47.256734 rt_sigaction(SIGALRM, {0x805cad0, ~[RTMIN RT_1], 0}, NULL, 8) = 0
19391 14:23:47.256749 alarm(300)        = 300
19391 14:23:47.256760 recv(0, "PASV\r\n", 4096, MSG_PEEK) = 6
19391 14:23:47.256771 read(0, "PASV\r\n", 6) = 6
19391 14:23:47.256783 write(5, "\n", 1) = 1
19391 14:23:47.256794 read(5,  <unfinished ...>
19389 14:23:47.256806 close(5)          = 0
19389 14:23:47.256819 getuid32()        = 0
19389 14:23:47.256834 open("/etc/passwd", O_RDONLY|0x80000 /* O_??? */) = 5
19389 14:23:47.256848 _llseek(5, 0, [0], SEEK_CUR) = 0
19389 14:23:47.256861 fstat64(5, {st_mode=S_IFREG|0644, st_size=1624, ...}) = 0
19389 14:23:47.256878 mmap2(NULL, 1624, PROT_READ, MAP_SHARED, 5, 0) = 0xb7fb3000
19389 14:23:47.256889 _llseek(5, 1624, [1624], SEEK_SET) = 0
19389 14:23:47.256906 munmap(0xb7fb3000, 1624) = 0
19389 14:23:47.256918 close(5)          = 0
19389 14:23:47.256934 setgroups32(0, []) = 0
19389 14:23:47.256945 chdir("/usr/share/empty") = 0
19389 14:23:47.256957 chroot(".")       = 0
19389 14:23:47.256968 capset(NULL, NULL) = -1 EFAULT (Bad address)
19389 14:23:47.256981 prctl(0x8, 0, 0xbfb8a628, 0x80549a6, 0xbfb8a610) = 0
19389 14:23:47.256993 prctl(0x8, 0x1, 0xbfb8a628, 0x8054a49, 0xbfb8a610) = 0
19389 14:23:47.257003 setgid32(65534)   = 0
19389 14:23:47.257013 setuid32(65534)   = 0
19389 14:23:47.257022 capset(0x19980330, 0, {CAP_NET_BIND_SERVICE, CAP_NET_BIND_SERVICE, 0}) = 0
19389 14:23:47.257035 read(4, "\n", 1)  = 1
19389 14:23:47.257048 write(4, "\1", 1) = 1
19391 14:23:47.257059 <... read resumed> "\1", 1) = 1
19391 14:23:47.257067 write(5, "\f", 1) = 1
19391 14:23:47.257077 read(5,  <unfinished ...>
19389 14:23:47.257084 read(4, "\f", 1)  = 1
19389 14:23:47.257096 socket(PF_INET, SOCK_STREAM, IPPROTO_TCP) = 5
19389 14:23:47.257109 setsockopt(5, SOL_SOCKET, SO_REUSEADDR, [1], 4) = 0
19389 14:23:47.257121 gettimeofday({1495650227, 257124}, NULL) = 0
19389 14:23:47.257137 bind(5, {sa_family=AF_INET, sin_port=htons(30439), sin_addr=inet_addr("127.0.0.1")}, 16) = 0
19389 14:23:47.257152 listen(5, 1)      = 0
19389 14:23:47.257165 write(4, "\347v\0\0", 4) = 4
19391 14:23:47.257176 <... read resumed> "\347v\0\0", 4) = 4
19391 14:23:47.257190 write(0, "227 Entering Passive Mode (127,0,0,1,118,231).\r\n", 48) = 48
19391 14:23:47.257284 rt_sigaction(SIGALRM, {0x805cad0, ~[RTMIN RT_1], 0}, NULL, 8) = 0
19391 14:23:47.257304 alarm(300)        = 300
19391 14:23:47.257315 recv(0, "RETR myfile28\r\n", 4096, MSG_PEEK) = 15
19391 14:23:47.257328 read(0, "RETR myfile28\r\n", 15) = 15
19391 14:23:47.257342 write(5, "\v", 1) = 1
19391 14:23:47.257353 read(5,  <unfinished ...>
19389 14:23:47.257360 read(4, "\v", 1)  = 1
19389 14:23:47.257371 write(4, "\1\0\0\0", 4) = 4
19391 14:23:47.257382 <... read resumed> "\1\0\0\0", 4) = 4
19391 14:23:47.257390 gettimeofday({1495650227, 257394}, NULL) = 0
19391 14:23:47.257401 getcwd("/home/msfadmin", 4096) = 15
19391 14:23:47.257414 open("myfile28", O_RDONLY|O_NONBLOCK|O_LARGEFILE) = 4
19391 14:23:47.257426 fcntl64(4, F_SETLKW64, {type=F_RDLCK, whence=SEEK_SET, start=0, len=0}, 0xbfb8a594) = 0
19391 14:23:47.257440 fstat64(4, {st_mode=S_IFREG|0644, st_size=17, ...}) = 0
19391 14:23:47.257456 fcntl64(4, F_GETFL) = 0x8800 (flags O_RDONLY|O_NONBLOCK|O_LARGEFILE)
19391 14:23:47.257467 fcntl64(4, F_SETFL, O_RDONLY|O_LARGEFILE) = 0
19391 14:23:47.257479 write(5, "\v", 1) = 1
19391 14:23:47.257490 read(5,  <unfinished ...>
19389 14:23:47.257497 read(4, "\v", 1)  = 1
19389 14:23:47.257508 write(4, "\1\0\0\0", 4) = 4
19391 14:23:47.257518 <... read resumed> "\1\0\0\0", 4) = 4
19391 14:23:47.257526 write(5, "\v", 1) = 1
19391 14:23:47.257535 read(5,  <unfinished ...>
19389 14:23:47.257542 read(4, "\v", 1)  = 1
19389 14:23:47.257553 write(4, "\1\0\0\0", 4) = 4
19391 14:23:47.257563 <... read resumed> "\1\0\0\0", 4) = 4
19391 14:23:47.257570 write(5, "\r", 1) = 1
19391 14:23:47.257607 read(5,  <unfinished ...>
19389 14:23:47.257615 read(4, "\r", 1)  = 1
19389 14:23:47.257639 select(6, [5], NULL, NULL, {60, 0}) = 1 (in [5], left {60, 0})
19389 14:23:47.257656 accept(5, {sa_family=AF_INET, sin_port=htons(40858), sin_addr=inet_addr("127.0.0.1")}, [16]) = 6
19389 14:23:47.257678 write(4, "\1", 1) = 1
19391 14:23:47.257688 <... read resumed> "\1", 1) = 1
19391 14:23:47.257698 recvmsg(5,  <unfinished ...>
19389 14:23:47.257707 sendmsg(4, {msg_name(0)=NULL, msg_iov(1)=[{"\0", 1}], msg_controllen=16, {cmsg_len=16, cmsg_level=SOL_SOCKET, cmsg_type=SCM_RIGHTS, {6}}, msg_flags=0}, 0) = 1
19391 14:23:47.257724 <... recvmsg resumed> {msg_name(0)=NULL, msg_iov(1)=[{"\0", 1}], msg_controllen=16, {cmsg_len=16, cmsg_level=SOL_SOCKET, cmsg_type=SCM_RIGHTS, {6}}, msg_flags=0}, 0) = 1
19391 14:23:47.257737 setsockopt(6, SOL_SOCKET, SO_KEEPALIVE, [1], 4) = 0
19391 14:23:47.257749 setsockopt(6, SOL_IP, IP_TOS, [8], 4) = 0
19391 14:23:47.257760 setsockopt(6, SOL_SOCKET, SO_LINGER, {onoff=1, linger=32767}, 8) = 0
19391 14:23:47.257771 rt_sigaction(SIGALRM, {0x805cad0, ~[RTMIN RT_1], 0}, NULL, 8) = 0
19391 14:23:47.257784 alarm(300)        = 300
19391 14:23:47.257798 write(0, "150 Opening BINARY mode data connection for myfile28 (17 bytes).\r\n", 66) = 66
19391 14:23:47.257841 _llseek(4, 0, [0], SEEK_CUR) = 0
19391 14:23:47.257853 fstat64(4, {st_mode=S_IFREG|0644, st_size=17, ...}) = 0
19391 14:23:47.257870 _llseek(4, 0, [0], SEEK_SET) = 0
19391 14:23:47.257882 sendfile(6, 4, NULL, 17) = 17
19391 14:23:47.257910 rt_sigaction(SIGALRM, {0x805cad0, ~[RTMIN RT_1], 0}, NULL, 8) = 0
19391 14:23:47.257925 alarm(300)        = 300
19391 14:23:47.257934 close(6)          = 0
19391 14:23:47.257944 alarm(0)          = 300
19391 14:23:47.257953 gettimeofday({1495650227, 257956}, NULL) = 0
19391 14:23:47.257970 getpid()          = 19391
19391 14:23:47.257982 gettimeofday({1495650227, 257985}, NULL) = 0
19391 14:23:47.257999 fcntl64(3, F_SETLKW64, {type=F_WRLCK, whence=SEEK_SET, start=0, len=0}, 0xbfb8a534) = 0
19391 14:23:47.258014 write(3, "Wed May 24 14:23:47 2017 [pid 19391] [msfadmin] OK DOWNLOAD: Client \"127.0.0.1\", \"/home/msfadmin/myfile28\", 17 bytes, 28.09Kbyte/sec\n", 133) = 133
19391 14:23:47.258033 fcntl64(3, F_SETLK64, {type=F_UNLCK, whence=SEEK_SET, start=0, len=0}, 0xbfb8a53c) = 0
19391 14:23:47.258047 write(0, "226 Transfer complete.\r\n", 24) = 24
19391 14:23:47.258062 write(5, "\n", 1) = 1
19391 14:23:47.258073 read(5,  <unfinished ...>
19389 14:23:47.258080 close(6)          = 0
19389 14:23:47.258159 read(4, "\n", 1)  = 1
19389 14:23:47.258173 close(5)          = 0
19389 14:23:47.258184 write(4, "\1", 1) = 1
19391 14:23:47.258195 <... read resumed> "\1", 1) = 1
19391 14:23:47.258202 close(4)          = 0
19391 14:23:47.258213 rt_sigaction(SIGALRM, {0x805cad0, ~[RTMIN RT_1], 0}, NULL, 8) = 0
19391 14:23:47.258226 alarm(300)        = 0
19391 14:23:47.258237 recv(0,  <unfinished ...>
19389 14:23:47.258245 read(4,  <unfinished ...>
19388 14:23:47.723782 <... recv resumed> "TYPE I\r\n", 4096, MSG_PEEK) = 8
19388 14:23:47.723813 read(0, "TYPE I\r\n", 8) = 8
19388 14:23:47.723835 write(0, "200 Switching to Binary mode.\r\n", 31) = 31
19388 14:23:47.723884 rt_sigaction(SIGALRM, {0x805cad0, ~[RTMIN RT_1], 0}, NULL, 8) = 0
19388 14:23:47.723902 alarm(300)        = 299
19388 14:23:47.723915 recv(0, "PASV\r\n", 4096, MSG_PEEK) = 6
19388 14:23:47.723926 read(0, "PASV\r\n", 6) = 6
19388 14:23:47.723939 write(5, "\n", 1 <unfinished ...>
19386 14:23:47.723951 <... read resumed> "\n", 1) = 1
19388 14:23:47.723956 <... write resumed> ) = 1
19386 14:23:47.723964 write(4, "\1", 1 <unfinished ...>
19388 14:23:47.723970 read(5,  <unfinished ...>
19386 14:23:47.723977 <... write resumed> ) = 1
19388 14:23:47.723981 <... read resumed> "\1", 1) = 1
19386 14:23:47.723989 read(4,  <unfinished ...>
19388 14:23:47.723994 write(5, "\f", 1 <unfinished ...>
19386 14:23:47.724001 <... read resumed> "\f", 1) = 1
19388 14:23:47.724006 <... write resumed> ) = 1
19386 14:23:47.724015 socket(PF_INET, SOCK_STREAM, IPPROTO_TCP <unfinished ...>
19388 14:23:47.724020 read(5,  <unfinished ...>
19386 14:23:47.724029 <... socket resumed> ) = 5
19386 14:23:47.724038 setsockopt(5, SOL_SOCKET, SO_REUSEADDR, [1], 4) = 0
19386 14:23:47.724052 bind(5, {sa_family=AF_INET, sin_port=htons(39149), sin_addr=inet_addr("127.0.0.1")}, 16) = 0
19386 14:23:47.724069 listen(5, 1)      = 0
19386 14:23:47.724083 write(4, "\355\230\0\0", 4 <unfinished ...>
19388 14:23:47.724092 <... read resumed> "\355\230\0\0", 4) = 4
19386 14:23:47.724097 <... write resumed> ) = 4
19388 14:23:47.724109 write(0, "227 Entering Passive Mode (127,0,0,1,152,237).\r\n", 48 <unfinished ...>
19386 14:23:47.724118 read(4,  <unfinished ...>
19388 14:23:47.724220 <... write resumed> ) = 48
19388 14:23:47.724232 rt_sigaction(SIGALRM, {0x805cad0, ~[RTMIN RT_1], 0}, NULL, 8) = 0
19388 14:23:47.724247 alarm(300)        = 300
19388 14:23:47.724259 recv(0, "STOR myfile33\r\n", 4096, MSG_PEEK) = 15
19388 14:23:47.724396 read(0, "STOR myfile33\r\n", 15) = 15
19388 14:23:47.724414 write(5, "\v", 1 <unfinished ...>
19386 14:23:47.724432 <... read resumed> "\v", 1) = 1
19388 14:23:47.724437 <... write resumed> ) = 1
19386 14:23:47.724444 write(4, "\1\0\0\0", 4 <unfinished ...>
19388 14:23:47.724450 read(5,  <unfinished ...>
19386 14:23:47.724456 <... write resumed> ) = 4
19388 14:23:47.724461 <... read resumed> "\1\0\0\0", 4) = 4
19386 14:23:47.724469 read(4,  <unfinished ...>
19388 14:23:47.724474 gettimeofday({1495650227, 724478}, NULL) = 0
19388 14:23:47.724486 getcwd("/home/msfadmin", 4096) = 15
19388 14:23:47.724499 open("myfile33", O_WRONLY|O_CREAT|O_NONBLOCK|O_LARGEFILE, 0666) = 4
19388 14:23:47.724514 fstat64(4, {st_mode=S_IFREG|0644, st_size=17, ...}) = 0
19388 14:23:47.724532 fcntl64(4, F_GETFL) = 0x8801 (flags O_WRONLY|O_NONBLOCK|O_LARGEFILE)
19388 14:23:47.724544 fcntl64(4, F_SETFL, O_WRONLY|O_LARGEFILE) = 0
19388 14:23:47.724554 fcntl64(4, F_SETLKW64, {type=F_WRLCK, whence=SEEK_SET, start=0, len=0}, 0xbfc66654) = 0
19388 14:23:47.724568 ftruncate64(4, 0) = 0
19388 14:23:47.724588 _llseek(4, 0, [0], SEEK_SET) = 0
19388 14:23:47.724600 write(5, "\v", 1 <unfinished ...>
19386 14:23:47.724607 <... read resumed> "\v", 1) = 1
19388 14:23:47.724612 <... write resumed> ) = 1
19386 14:23:47.724619 write(4, "\1\0\0\0", 4) = 4
19386 14:23:47.724630 read(4,  <unfinished ...>
19388 14:23:47.724637 read(5, "\1\0\0\0", 4) = 4
19388 14:23:47.724649 write(5, "\v", 1 <unfinished ...>
19386 14:23:47.724656 <... read resumed> "\v", 1) = 1
19388 14:23:47.724661 <... write resumed> ) = 1
19386 14:23:47.724673 write(4, "\1\0\0\0", 4) = 4
19386 14:23:47.724684 read(4,  <unfinished ...>
19388 14:23:47.724691 read(5, "\1\0\0\0", 4) = 4
19388 14:23:47.724703 write(5, "\r", 1 <unfinished ...>
19386 14:23:47.724710 <... read resumed> "\r", 1) = 1
19388 14:23:47.724715 <... write resumed> ) = 1
19386 14:23:47.724722 select(6, [5], NULL, NULL, {60, 0}) = 1 (in [5], left {60, 0})
19386 14:23:47.724739 accept(5, {sa_family=AF_INET, sin_port=htons(53974), sin_addr=inet_addr("127.0.0.1")}, [16]) = 6
19386 14:23:47.724762 write(4, "\1", 1 <unfinished ...>
19388 14:23:47.724770 read(5,  <unfinished ...>
19386 14:23:47.724774 <... write resumed> ) = 1
19388 14:23:47.724781 <... read resumed> "\1", 1) = 1
19386 14:23:47.724788 sendmsg(4, {msg_name(0)=NULL, msg_iov(1)=[{"\0", 1}], msg_controllen=16, {cmsg_len=16, cmsg_level=SOL_SOCKET, cmsg_type=SCM_RIGHTS, {6}}, msg_flags=0}, 0 <unfinished ...>
19388 14:23:47.724804 recvmsg(5,  <unfinished ...>
19386 14:23:47.724808 <... sendmsg resumed> ) = 1
19388 14:23:47.724815 <... recvmsg resumed> {msg_name(0)=NULL, msg_iov(1)=[{"\0", 1}], msg_controllen=16, {cmsg_len=16, cmsg_level=SOL_SOCKET, cmsg_type=SCM_RIGHTS, {6}}, msg_flags=0}, 0) = 1
19386 14:23:47.724825 close(6 <unfinished ...>
19388 14:23:47.724833 setsockopt(6, SOL_SOCKET, SO_KEEPALIVE, [1], 4 <unfinished ...>
19386 14:23:47.724838 <... close resumed> ) = 0
19388 14:23:47.724845 <... setsockopt resumed> ) = 0
19386 14:23:47.724850 read(4,  <unfinished ...>
19388 14:23:47.724858 setsockopt(6, SOL_IP, IP_TOS, [8], 4) = 0
19388 14:23:47.724870 setsockopt(6, SOL_SOCKET, SO_LINGER, {onoff=1, linger=32767}, 8) = 0
19388 14:23:47.724881 rt_sigaction(SIGALRM, {0x805cad0, ~[RTMIN RT_1], 0}, NULL, 8) = 0
19388 14:23:47.724895 alarm(300)        = 300
19388 14:23:47.724908 write(0, "150 Ok to send data.\r\n", 22) = 22
19388 14:23:47.724974 read(6, "assasaaa\na\na\na\na\n", 65536) = 17
19388 14:23:47.724989 write(4, "assasaaa\na\na\na\na\n", 17) = 17
19388 14:23:47.725005 read(6, "", 65536) = 0
19388 14:23:47.725015 rt_sigaction(SIGALRM, {0x805cad0, ~[RTMIN RT_1], 0}, NULL, 8) = 0
19388 14:23:47.725029 alarm(300)        = 300
19388 14:23:47.725039 close(6)          = 0
19388 14:23:47.725056 alarm(0)          = 300
19388 14:23:47.725067 gettimeofday({1495650227, 725070}, NULL) = 0
19388 14:23:47.725082 gettimeofday({1495650227, 725086}, NULL) = 0
19388 14:23:47.725097 fcntl64(3, F_SETLKW64, {type=F_WRLCK, whence=SEEK_SET, start=0, len=0}, 0xbfc665f4) = 0
19388 14:23:47.725112 write(3, "Wed May 24 14:23:47 2017 [pid 19388] [msfadmin] OK UPLOAD: Client \"127.0.0.1\", \"/home/msfadmin/myfile33\", 17 bytes, 27.31Kbyte/sec\n", 131) = 131
19388 14:23:47.725134 fcntl64(3, F_SETLK64, {type=F_UNLCK, whence=SEEK_SET, start=0, len=0}, 0xbfc665fc) = 0
19388 14:23:47.725149 write(0, "226 Transfer complete.\r\n", 24) = 24
19388 14:23:47.725192 write(5, "\n", 1 <unfinished ...>
19386 14:23:47.725201 <... read resumed> "\n", 1) = 1
19388 14:23:47.725206 <... write resumed> ) = 1
19386 14:23:47.725213 close(5)          = 0
19386 14:23:47.725225 write(4, "\1", 1) = 1
19386 14:23:47.725236 read(4,  <unfinished ...>
19388 14:23:47.725243 read(5, "\1", 1)  = 1
19388 14:23:47.725255 close(4)          = 0
19388 14:23:47.725266 rt_sigaction(SIGALRM, {0x805cad0, ~[RTMIN RT_1], 0}, NULL, 8) = 0
19388 14:23:47.725279 alarm(300)        = 0
19388 14:23:47.725291 recv(0,  <unfinished ...>
19391 14:23:47.853748 <... recv resumed> "USER msfadmin\r\n", 4096, MSG_PEEK) = 15
19391 14:23:47.853788 read(0, "USER msfadmin\r\n", 15) = 15
19391 14:23:47.853815 write(0, "331 Any password will do.\r\n", 27) = 27
19391 14:23:47.853862 rt_sigaction(SIGALRM, {0x805cad0, ~[RTMIN RT_1], 0}, NULL, 8) = 0
19391 14:23:47.853881 alarm(300)        = 299
19391 14:23:47.853894 recv(0, "PASS msfadmin\r\n", 4096, MSG_PEEK) = 15
19391 14:23:47.853907 read(0, "PASS msfadmin\r\n", 15) = 15
19391 14:23:47.853924 write(0, "230 Already logged in.\r\n", 24) = 24
19391 14:23:47.853988 rt_sigaction(SIGALRM, {0x805cad0, ~[RTMIN RT_1], 0}, NULL, 8) = 0
19391 14:23:47.854004 alarm(300)        = 300
19391 14:23:47.854024 recv(0, "TYPE I\r\n", 4096, MSG_PEEK) = 8
19391 14:23:47.854036 read(0, "TYPE I\r\n", 8) = 8
19391 14:23:47.854052 write(0, "200 Switching to Binary mode.\r\n", 31) = 31
19391 14:23:47.854091 rt_sigaction(SIGALRM, {0x805cad0, ~[RTMIN RT_1], 0}, NULL, 8) = 0
19391 14:23:47.854106 alarm(300)        = 300
19391 14:23:47.854118 recv(0, "PASV\r\n", 4096, MSG_PEEK) = 6
19391 14:23:47.854130 read(0, "PASV\r\n", 6) = 6
19391 14:23:47.854143 write(5, "\n", 1) = 1
19391 14:23:47.854156 read(5,  <unfinished ...>
19389 14:23:47.854166 <... read resumed> "\n", 1) = 1
19389 14:23:47.854175 write(4, "\1", 1) = 1
19391 14:23:47.854187 <... read resumed> "\1", 1) = 1
19391 14:23:47.854195 write(5, "\f", 1) = 1
19391 14:23:47.854205 read(5,  <unfinished ...>
19389 14:23:47.854213 read(4, "\f", 1)  = 1
19389 14:23:47.854226 socket(PF_INET, SOCK_STREAM, IPPROTO_TCP) = 5
19389 14:23:47.854243 setsockopt(5, SOL_SOCKET, SO_REUSEADDR, [1], 4) = 0
19389 14:23:47.854258 bind(5, {sa_family=AF_INET, sin_port=htons(19552), sin_addr=inet_addr("127.0.0.1")}, 16) = 0
19389 14:23:47.854276 listen(5, 1)      = 0
19389 14:23:47.854320 write(4, "`L\0\0", 4) = 4
19391 14:23:47.854336 <... read resumed> "`L\0\0", 4) = 4
19391 14:23:47.854358 write(0, "227 Entering Passive Mode (127,0,0,1,76,96).\r\n", 46) = 46
19391 14:23:47.854474 rt_sigaction(SIGALRM, {0x805cad0, ~[RTMIN RT_1], 0}, NULL, 8) = 0
19391 14:23:47.854491 alarm(300)        = 300
19391 14:23:47.854503 recv(0, "RETR myfile29\r\n", 4096, MSG_PEEK) = 15
19391 14:23:47.854516 read(0, "RETR myfile29\r\n", 15) = 15
19391 14:23:47.854529 write(5, "\v", 1) = 1
19391 14:23:47.854540 read(5,  <unfinished ...>
19389 14:23:47.854547 read(4, "\v", 1)  = 1
19389 14:23:47.854559 write(4, "\1\0\0\0", 4) = 4
19391 14:23:47.854570 <... read resumed> "\1\0\0\0", 4) = 4
19391 14:23:47.854578 gettimeofday({1495650227, 854582}, NULL) = 0
19391 14:23:47.854590 getcwd("/home/msfadmin", 4096) = 15
19391 14:23:47.854602 open("myfile29", O_RDONLY|O_NONBLOCK|O_LARGEFILE) = 4
19391 14:23:47.854617 fcntl64(4, F_SETLKW64, {type=F_RDLCK, whence=SEEK_SET, start=0, len=0}, 0xbfb8a594) = 0
19391 14:23:47.854632 fstat64(4, {st_mode=S_IFREG|0644, st_size=17, ...}) = 0
19391 14:23:47.854649 fcntl64(4, F_GETFL) = 0x8800 (flags O_RDONLY|O_NONBLOCK|O_LARGEFILE)
19391 14:23:47.854661 fcntl64(4, F_SETFL, O_RDONLY|O_LARGEFILE) = 0
19391 14:23:47.854672 write(5, "\v", 1) = 1
19391 14:23:47.854683 read(5,  <unfinished ...>
19389 14:23:47.854690 read(4, "\v", 1)  = 1
19389 14:23:47.854702 write(4, "\1\0\0\0", 4) = 4
19391 14:23:47.854713 <... read resumed> "\1\0\0\0", 4) = 4
19391 14:23:47.854720 write(5, "\v", 1) = 1
19391 14:23:47.854730 read(5,  <unfinished ...>
19389 14:23:47.854737 read(4, "\v", 1)  = 1
19389 14:23:47.854748 write(4, "\1\0\0\0", 4) = 4
19391 14:23:47.854758 <... read resumed> "\1\0\0\0", 4) = 4
19391 14:23:47.854766 write(5, "\r", 1) = 1
19391 14:23:47.854776 read(5,  <unfinished ...>
19389 14:23:47.854783 read(4, "\r", 1)  = 1
19389 14:23:47.854795 select(6, [5], NULL, NULL, {60, 0}) = 1 (in [5], left {60, 0})
19389 14:23:47.854812 accept(5, {sa_family=AF_INET, sin_port=htons(54439), sin_addr=inet_addr("127.0.0.1")}, [16]) = 6
19389 14:23:47.854834 write(4, "\1", 1) = 1
19391 14:23:47.854845 <... read resumed> "\1", 1) = 1
19391 14:23:47.854854 recvmsg(5,  <unfinished ...>
19389 14:23:47.854862 sendmsg(4, {msg_name(0)=NULL, msg_iov(1)=[{"\0", 1}], msg_controllen=16, {cmsg_len=16, cmsg_level=SOL_SOCKET, cmsg_type=SCM_RIGHTS, {6}}, msg_flags=0}, 0) = 1
19391 14:23:47.854880 <... recvmsg resumed> {msg_name(0)=NULL, msg_iov(1)=[{"\0", 1}], msg_controllen=16, {cmsg_len=16, cmsg_level=SOL_SOCKET, cmsg_type=SCM_RIGHTS, {6}}, msg_flags=0}, 0) = 1
19391 14:23:47.854893 setsockopt(6, SOL_SOCKET, SO_KEEPALIVE, [1], 4) = 0
19391 14:23:47.854905 setsockopt(6, SOL_IP, IP_TOS, [8], 4) = 0
19391 14:23:47.854918 setsockopt(6, SOL_SOCKET, SO_LINGER, {onoff=1, linger=32767}, 8) = 0
19391 14:23:47.854929 rt_sigaction(SIGALRM, {0x805cad0, ~[RTMIN RT_1], 0}, NULL, 8) = 0
19391 14:23:47.854943 alarm(300)        = 300
19391 14:23:47.854956 write(0, "150 Opening BINARY mode data connection for myfile29 (17 bytes).\r\n", 66) = 66
19391 14:23:47.855002 _llseek(4, 0, [0], SEEK_CUR) = 0
19391 14:23:47.855015 fstat64(4, {st_mode=S_IFREG|0644, st_size=17, ...}) = 0
19391 14:23:47.855032 _llseek(4, 0, [0], SEEK_SET) = 0
19391 14:23:47.855043 sendfile(6, 4, NULL, 17) = 17
19391 14:23:47.855073 rt_sigaction(SIGALRM, {0x805cad0, ~[RTMIN RT_1], 0}, NULL, 8) = 0
19391 14:23:47.855088 alarm(300)        = 300
19391 14:23:47.855098 close(6)          = 0
19391 14:23:47.855108 alarm(0)          = 300
19391 14:23:47.855117 gettimeofday({1495650227, 855121}, NULL) = 0
19391 14:23:47.855133 gettimeofday({1495650227, 855137}, NULL) = 0
19391 14:23:47.855147 fcntl64(3, F_SETLKW64, {type=F_WRLCK, whence=SEEK_SET, start=0, len=0}, 0xbfb8a534) = 0
19391 14:23:47.855162 write(3, "Wed May 24 14:23:47 2017 [pid 19391] [msfadmin] OK DOWNLOAD: Client \"127.0.0.1\", \"/home/msfadmin/myfile29\", 17 bytes, 29.91Kbyte/sec\n", 133) = 133
19391 14:23:47.855184 fcntl64(3, F_SETLK64, {type=F_UNLCK, whence=SEEK_SET, start=0, len=0}, 0xbfb8a53c) = 0
19391 14:23:47.855199 write(0, "226 Transfer complete.\r\n", 24) = 24
19391 14:23:47.855214 write(5, "\n", 1) = 1
19391 14:23:47.855225 read(5,  <unfinished ...>
19389 14:23:47.855232 close(6)          = 0
19389 14:23:47.855355 read(4, "\n", 1)  = 1
19389 14:23:47.855370 close(5)          = 0
19389 14:23:47.855381 write(4, "\1", 1) = 1
19391 14:23:47.855393 <... read resumed> "\1", 1) = 1
19391 14:23:47.855400 close(4)          = 0
19391 14:23:47.855411 rt_sigaction(SIGALRM, {0x805cad0, ~[RTMIN RT_1], 0}, NULL, 8) = 0
19391 14:23:47.855425 alarm(300)        = 0
19391 14:23:47.855436 recv(0,  <unfinished ...>
19389 14:23:47.855444 read(4,  <unfinished ...>
19388 14:23:48.243817 <... recv resumed> "TYPE I\r\n", 4096, MSG_PEEK) = 8
19388 14:23:48.243847 read(0, "TYPE I\r\n", 8) = 8
19388 14:23:48.243870 write(0, "200 Switching to Binary mode.\r\n", 31) = 31
19388 14:23:48.243919 rt_sigaction(SIGALRM, {0x805cad0, ~[RTMIN RT_1], 0}, NULL, 8) = 0
19388 14:23:48.243937 alarm(300)        = 299
19388 14:23:48.243951 recv(0, "PASV\r\n", 4096, MSG_PEEK) = 6
19388 14:23:48.243963 read(0, "PASV\r\n", 6) = 6
19388 14:23:48.243975 write(5, "\n", 1 <unfinished ...>
19386 14:23:48.243987 <... read resumed> "\n", 1) = 1
19388 14:23:48.243992 <... write resumed> ) = 1
19386 14:23:48.244001 write(4, "\1", 1 <unfinished ...>
19388 14:23:48.244007 read(5,  <unfinished ...>
19386 14:23:48.244013 <... write resumed> ) = 1
19388 14:23:48.244018 <... read resumed> "\1", 1) = 1
19386 14:23:48.244026 read(4,  <unfinished ...>
19388 14:23:48.244030 write(5, "\f", 1 <unfinished ...>
19386 14:23:48.244038 <... read resumed> "\f", 1) = 1
19388 14:23:48.244043 <... write resumed> ) = 1
19386 14:23:48.244051 socket(PF_INET, SOCK_STREAM, IPPROTO_TCP <unfinished ...>
19388 14:23:48.244057 read(5,  <unfinished ...>
19386 14:23:48.244066 <... socket resumed> ) = 5
19386 14:23:48.244074 setsockopt(5, SOL_SOCKET, SO_REUSEADDR, [1], 4) = 0
19386 14:23:48.244089 bind(5, {sa_family=AF_INET, sin_port=htons(47442), sin_addr=inet_addr("127.0.0.1")}, 16) = 0
19386 14:23:48.244106 listen(5, 1)      = 0
19386 14:23:48.244120 write(4, "R\271\0\0", 4 <unfinished ...>
19388 14:23:48.244128 <... read resumed> "R\271\0\0", 4) = 4
19386 14:23:48.244133 <... write resumed> ) = 4
19388 14:23:48.244145 write(0, "227 Entering Passive Mode (127,0,0,1,185,82).\r\n", 47 <unfinished ...>
19386 14:23:48.244153 read(4,  <unfinished ...>
19388 14:23:48.244281 <... write resumed> ) = 47
19388 14:23:48.244308 rt_sigaction(SIGALRM, {0x805cad0, ~[RTMIN RT_1], 0}, NULL, 8) = 0
19388 14:23:48.244324 alarm(300)        = 300
19388 14:23:48.244336 recv(0, "STOR myfile34\r\n", 4096, MSG_PEEK) = 15
19388 14:23:48.244348 read(0, "STOR myfile34\r\n", 15) = 15
19388 14:23:48.244362 write(5, "\v", 1 <unfinished ...>
19386 14:23:48.244370 <... read resumed> "\v", 1) = 1
19388 14:23:48.244375 <... write resumed> ) = 1
19386 14:23:48.244383 write(4, "\1\0\0\0", 4 <unfinished ...>
19388 14:23:48.244389 read(5,  <unfinished ...>
19386 14:23:48.244395 <... write resumed> ) = 4
19388 14:23:48.244406 <... read resumed> "\1\0\0\0", 4) = 4
19386 14:23:48.244416 read(4,  <unfinished ...>
19388 14:23:48.244420 gettimeofday({1495650228, 244424}, NULL) = 0
19388 14:23:48.244432 getcwd("/home/msfadmin", 4096) = 15
19388 14:23:48.244445 open("myfile34", O_WRONLY|O_CREAT|O_NONBLOCK|O_LARGEFILE, 0666) = 4
19388 14:23:48.244459 fstat64(4, {st_mode=S_IFREG|0644, st_size=17, ...}) = 0
19388 14:23:48.244477 fcntl64(4, F_GETFL) = 0x8801 (flags O_WRONLY|O_NONBLOCK|O_LARGEFILE)
19388 14:23:48.244489 fcntl64(4, F_SETFL, O_WRONLY|O_LARGEFILE) = 0
19388 14:23:48.244499 fcntl64(4, F_SETLKW64, {type=F_WRLCK, whence=SEEK_SET, start=0, len=0}, 0xbfc66654) = 0
19388 14:23:48.244514 ftruncate64(4, 0) = 0
19388 14:23:48.244532 _llseek(4, 0, [0], SEEK_SET) = 0
19388 14:23:48.244544 write(5, "\v", 1 <unfinished ...>
19386 14:23:48.244552 <... read resumed> "\v", 1) = 1
19388 14:23:48.244557 <... write resumed> ) = 1
19386 14:23:48.244564 write(4, "\1\0\0\0", 4 <unfinished ...>
19388 14:23:48.244570 read(5,  <unfinished ...>
19386 14:23:48.244576 <... write resumed> ) = 4
19388 14:23:48.244581 <... read resumed> "\1\0\0\0", 4) = 4
19386 14:23:48.244589 read(4,  <unfinished ...>
19388 14:23:48.244593 write(5, "\v", 1 <unfinished ...>
19386 14:23:48.244601 <... read resumed> "\v", 1) = 1
19388 14:23:48.244606 <... write resumed> ) = 1
19386 14:23:48.244613 write(4, "\1\0\0\0", 4 <unfinished ...>
19388 14:23:48.244618 read(5,  <unfinished ...>
19386 14:23:48.244624 <... write resumed> ) = 4
19388 14:23:48.244629 <... read resumed> "\1\0\0\0", 4) = 4
19386 14:23:48.244637 read(4,  <unfinished ...>
19388 14:23:48.244641 write(5, "\r", 1 <unfinished ...>
19386 14:23:48.244649 <... read resumed> "\r", 1) = 1
19388 14:23:48.244654 <... write resumed> ) = 1
19386 14:23:48.244662 select(6, [5], NULL, NULL, {60, 0} <unfinished ...>
19388 14:23:48.244668 read(5,  <unfinished ...>
19386 14:23:48.244675 <... select resumed> ) = 1 (in [5], left {60, 0})
19386 14:23:48.244686 accept(5, {sa_family=AF_INET, sin_port=htons(40408), sin_addr=inet_addr("127.0.0.1")}, [16]) = 6
19386 14:23:48.244708 write(4, "\1", 1 <unfinished ...>
19388 14:23:48.244716 <... read resumed> "\1", 1) = 1
19386 14:23:48.244722 <... write resumed> ) = 1
19388 14:23:48.244730 recvmsg(5,  <unfinished ...>
19386 14:23:48.244736 sendmsg(4, {msg_name(0)=NULL, msg_iov(1)=[{"\0", 1}], msg_controllen=16, {cmsg_len=16, cmsg_level=SOL_SOCKET, cmsg_type=SCM_RIGHTS, {6}}, msg_flags=0}, 0 <unfinished ...>
19388 14:23:48.244750 <... recvmsg resumed> {msg_name(0)=NULL, msg_iov(1)=[{"\0", 1}], msg_controllen=16, {cmsg_len=16, cmsg_level=SOL_SOCKET, cmsg_type=SCM_RIGHTS, {6}}, msg_flags=0}, 0) = 1
19386 14:23:48.244760 <... sendmsg resumed> ) = 1
19388 14:23:48.244768 setsockopt(6, SOL_SOCKET, SO_KEEPALIVE, [1], 4 <unfinished ...>
19386 14:23:48.244774 close(6 <unfinished ...>
19388 14:23:48.244780 <... setsockopt resumed> ) = 0
19386 14:23:48.244785 <... close resumed> ) = 0
19388 14:23:48.244793 setsockopt(6, SOL_IP, IP_TOS, [8], 4 <unfinished ...>
19386 14:23:48.244798 read(4,  <unfinished ...>
19388 14:23:48.244804 <... setsockopt resumed> ) = 0
19388 14:23:48.244812 setsockopt(6, SOL_SOCKET, SO_LINGER, {onoff=1, linger=32767}, 8) = 0
19388 14:23:48.244823 rt_sigaction(SIGALRM, {0x805cad0, ~[RTMIN RT_1], 0}, NULL, 8) = 0
19388 14:23:48.244837 alarm(300)        = 300
19388 14:23:48.244850 write(0, "150 Ok to send data.\r\n", 22) = 22
19388 14:23:48.244916 read(6, "assasaaa\na\na\na\na\n", 65536) = 17
19388 14:23:48.244931 write(4, "assasaaa\na\na\na\na\n", 17) = 17
19388 14:23:48.244947 read(6, "", 65536) = 0
19388 14:23:48.244958 rt_sigaction(SIGALRM, {0x805cad0, ~[RTMIN RT_1], 0}, NULL, 8) = 0
19388 14:23:48.244972 alarm(300)        = 300
19388 14:23:48.244982 close(6)          = 0
19388 14:23:48.245000 alarm(0)          = 300
19388 14:23:48.245010 gettimeofday({1495650228, 245014}, NULL) = 0
19388 14:23:48.245026 gettimeofday({1495650228, 245030}, NULL) = 0
19388 14:23:48.245041 fcntl64(3, F_SETLKW64, {type=F_WRLCK, whence=SEEK_SET, start=0, len=0}, 0xbfc665f4) = 0
19388 14:23:48.245064 write(3, "Wed May 24 14:23:48 2017 [pid 19388] [msfadmin] OK UPLOAD: Client \"127.0.0.1\", \"/home/msfadmin/myfile34\", 17 bytes, 27.40Kbyte/sec\n", 131) = 131
19388 14:23:48.245086 fcntl64(3, F_SETLK64, {type=F_UNLCK, whence=SEEK_SET, start=0, len=0}, 0xbfc665fc) = 0
19388 14:23:48.245101 write(0, "226 Transfer complete.\r\n", 24) = 24
19388 14:23:48.245144 write(5, "\n", 1 <unfinished ...>
19386 14:23:48.245154 <... read resumed> "\n", 1) = 1
19388 14:23:48.245159 <... write resumed> ) = 1
19386 14:23:48.245166 close(5)          = 0
19386 14:23:48.245178 write(4, "\1", 1) = 1
19386 14:23:48.245189 read(4,  <unfinished ...>
19388 14:23:48.245196 read(5, "\1", 1)  = 1
19388 14:23:48.245225 close(4)          = 0
19388 14:23:48.245239 rt_sigaction(SIGALRM, {0x805cad0, ~[RTMIN RT_1], 0}, NULL, 8) = 0
19388 14:23:48.245263 alarm(300)        = 0
19388 14:23:48.245275 recv(0,  <unfinished ...>
19391 14:23:48.403787 <... recv resumed> "USER msfadmin\r\n", 4096, MSG_PEEK) = 15
19391 14:23:48.403827 read(0, "USER msfadmin\r\n", 15) = 15
19391 14:23:48.403853 write(0, "331 Any password will do.\r\n", 27) = 27
19391 14:23:48.403900 rt_sigaction(SIGALRM, {0x805cad0, ~[RTMIN RT_1], 0}, NULL, 8) = 0
19391 14:23:48.403918 alarm(300)        = 299
19391 14:23:48.403931 recv(0, "PASS msfadmin\r\n", 4096, MSG_PEEK) = 15
19391 14:23:48.403944 read(0, "PASS msfadmin\r\n", 15) = 15
19391 14:23:48.403960 write(0, "230 Already logged in.\r\n", 24) = 24
19391 14:23:48.404024 rt_sigaction(SIGALRM, {0x805cad0, ~[RTMIN RT_1], 0}, NULL, 8) = 0
19391 14:23:48.404039 alarm(300)        = 300
19391 14:23:48.404051 recv(0, "TYPE I\r\n", 4096, MSG_PEEK) = 8
19391 14:23:48.404062 read(0, "TYPE I\r\n", 8) = 8
19391 14:23:48.404077 write(0, "200 Switching to Binary mode.\r\n", 31) = 31
19391 14:23:48.404113 rt_sigaction(SIGALRM, {0x805cad0, ~[RTMIN RT_1], 0}, NULL, 8) = 0
19391 14:23:48.404128 alarm(300)        = 300
19391 14:23:48.404139 recv(0, "PASV\r\n", 4096, MSG_PEEK) = 6
19391 14:23:48.404150 read(0, "PASV\r\n", 6) = 6
19391 14:23:48.404162 write(5, "\n", 1) = 1
19391 14:23:48.404175 read(5,  <unfinished ...>
19389 14:23:48.404184 <... read resumed> "\n", 1) = 1
19389 14:23:48.404193 write(4, "\1", 1) = 1
19391 14:23:48.404204 <... read resumed> "\1", 1) = 1
19391 14:23:48.404212 write(5, "\f", 1) = 1
19391 14:23:48.404222 read(5,  <unfinished ...>
19389 14:23:48.404229 read(4, "\f", 1)  = 1
19389 14:23:48.404241 socket(PF_INET, SOCK_STREAM, IPPROTO_TCP) = 5
19389 14:23:48.404257 setsockopt(5, SOL_SOCKET, SO_REUSEADDR, [1], 4) = 0
19389 14:23:48.404272 bind(5, {sa_family=AF_INET, sin_port=htons(14832), sin_addr=inet_addr("127.0.0.1")}, 16) = 0
19389 14:23:48.404289 listen(5, 1)      = 0
19389 14:23:48.404303 write(4, "\3609\0\0", 4) = 4
19391 14:23:48.404314 <... read resumed> "\3609\0\0", 4) = 4
19391 14:23:48.404349 write(0, "227 Entering Passive Mode (127,0,0,1,57,240).\r\n", 47) = 47
19391 14:23:48.404478 rt_sigaction(SIGALRM, {0x805cad0, ~[RTMIN RT_1], 0}, NULL, 8) = 0
19391 14:23:48.404494 alarm(300)        = 300
19391 14:23:48.404506 recv(0, "RETR myfile30\r\n", 4096, MSG_PEEK) = 15
19391 14:23:48.404518 read(0, "RETR myfile30\r\n", 15) = 15
19391 14:23:48.404532 write(5, "\v", 1) = 1
19391 14:23:48.404542 read(5,  <unfinished ...>
19389 14:23:48.404550 read(4, "\v", 1)  = 1
19389 14:23:48.404562 write(4, "\1\0\0\0", 4) = 4
19391 14:23:48.404573 <... read resumed> "\1\0\0\0", 4) = 4
19391 14:23:48.404581 gettimeofday({1495650228, 404584}, NULL) = 0
19391 14:23:48.404592 getcwd("/home/msfadmin", 4096) = 15
19391 14:23:48.404605 open("myfile30", O_RDONLY|O_NONBLOCK|O_LARGEFILE) = 4
19391 14:23:48.404619 fcntl64(4, F_SETLKW64, {type=F_RDLCK, whence=SEEK_SET, start=0, len=0}, 0xbfb8a594) = 0
19391 14:23:48.404634 fstat64(4, {st_mode=S_IFREG|0644, st_size=17, ...}) = 0
19391 14:23:48.404652 fcntl64(4, F_GETFL) = 0x8800 (flags O_RDONLY|O_NONBLOCK|O_LARGEFILE)
19391 14:23:48.404663 fcntl64(4, F_SETFL, O_RDONLY|O_LARGEFILE) = 0
19391 14:23:48.404675 write(5, "\v", 1) = 1
19391 14:23:48.404685 read(5,  <unfinished ...>
19389 14:23:48.404700 read(4, "\v", 1)  = 1
19389 14:23:48.404712 write(4, "\1\0\0\0", 4) = 4
19391 14:23:48.404722 <... read resumed> "\1\0\0\0", 4) = 4
19391 14:23:48.404730 write(5, "\v", 1) = 1
19391 14:23:48.404740 read(5,  <unfinished ...>
19389 14:23:48.404747 read(4, "\v", 1)  = 1
19389 14:23:48.404758 write(4, "\1\0\0\0", 4) = 4
19391 14:23:48.404768 <... read resumed> "\1\0\0\0", 4) = 4
19391 14:23:48.404776 write(5, "\r", 1) = 1
19391 14:23:48.404786 read(5,  <unfinished ...>
19389 14:23:48.404793 read(4, "\r", 1)  = 1
19389 14:23:48.404805 select(6, [5], NULL, NULL, {60, 0}) = 1 (in [5], left {60, 0})
19389 14:23:48.404822 accept(5, {sa_family=AF_INET, sin_port=htons(45005), sin_addr=inet_addr("127.0.0.1")}, [16]) = 6
19389 14:23:48.404844 write(4, "\1", 1) = 1
19391 14:23:48.404855 <... read resumed> "\1", 1) = 1
19391 14:23:48.404863 recvmsg(5,  <unfinished ...>
19389 14:23:48.404872 sendmsg(4, {msg_name(0)=NULL, msg_iov(1)=[{"\0", 1}], msg_controllen=16, {cmsg_len=16, cmsg_level=SOL_SOCKET, cmsg_type=SCM_RIGHTS, {6}}, msg_flags=0}, 0) = 1
19391 14:23:48.404889 <... recvmsg resumed> {msg_name(0)=NULL, msg_iov(1)=[{"\0", 1}], msg_controllen=16, {cmsg_len=16, cmsg_level=SOL_SOCKET, cmsg_type=SCM_RIGHTS, {6}}, msg_flags=0}, 0) = 1
19391 14:23:48.404902 setsockopt(6, SOL_SOCKET, SO_KEEPALIVE, [1], 4) = 0
19391 14:23:48.404915 setsockopt(6, SOL_IP, IP_TOS, [8], 4) = 0
19391 14:23:48.404927 setsockopt(6, SOL_SOCKET, SO_LINGER, {onoff=1, linger=32767}, 8) = 0
19391 14:23:48.404939 rt_sigaction(SIGALRM, {0x805cad0, ~[RTMIN RT_1], 0}, NULL, 8) = 0
19391 14:23:48.404952 alarm(300)        = 300
19391 14:23:48.404966 write(0, "150 Opening BINARY mode data connection for myfile30 (17 bytes).\r\n", 66) = 66
19391 14:23:48.405007 _llseek(4, 0, [0], SEEK_CUR) = 0
19391 14:23:48.405020 fstat64(4, {st_mode=S_IFREG|0644, st_size=17, ...}) = 0
19391 14:23:48.405037 _llseek(4, 0, [0], SEEK_SET) = 0
19391 14:23:48.405048 sendfile(6, 4, NULL, 17) = 17
19391 14:23:48.405079 rt_sigaction(SIGALRM, {0x805cad0, ~[RTMIN RT_1], 0}, NULL, 8) = 0
19391 14:23:48.405094 alarm(300)        = 300
19391 14:23:48.405104 close(6)          = 0
19391 14:23:48.405113 alarm(0)          = 300
19391 14:23:48.405123 gettimeofday({1495650228, 405127}, NULL) = 0
19391 14:23:48.405139 gettimeofday({1495650228, 405143}, NULL) = 0
19391 14:23:48.405154 fcntl64(3, F_SETLKW64, {type=F_WRLCK, whence=SEEK_SET, start=0, len=0}, 0xbfb8a534) = 0
19391 14:23:48.405169 write(3, "Wed May 24 14:23:48 2017 [pid 19391] [msfadmin] OK DOWNLOAD: Client \"127.0.0.1\", \"/home/msfadmin/myfile30\", 17 bytes, 29.70Kbyte/sec\n", 133) = 133
19391 14:23:48.405190 fcntl64(3, F_SETLK64, {type=F_UNLCK, whence=SEEK_SET, start=0, len=0}, 0xbfb8a53c) = 0
19391 14:23:48.405205 write(0, "226 Transfer complete.\r\n", 24) = 24
19391 14:23:48.405220 write(5, "\n", 1) = 1
19391 14:23:48.405231 read(5,  <unfinished ...>
19389 14:23:48.405238 close(6)          = 0
19389 14:23:48.405351 read(4, "\n", 1)  = 1
19389 14:23:48.405366 close(5)          = 0
19389 14:23:48.405378 write(4, "\1", 1) = 1
19391 14:23:48.405390 <... read resumed> "\1", 1) = 1
19391 14:23:48.405397 close(4)          = 0
19391 14:23:48.405408 rt_sigaction(SIGALRM, {0x805cad0, ~[RTMIN RT_1], 0}, NULL, 8) = 0
19391 14:23:48.405422 alarm(300)        = 0
19391 14:23:48.405433 recv(0,  <unfinished ...>
19389 14:23:48.405441 read(4,  <unfinished ...>
19388 14:23:48.783861 <... recv resumed> "TYPE I\r\n", 4096, MSG_PEEK) = 8
19388 14:23:48.783892 read(0, "TYPE I\r\n", 8) = 8
19388 14:23:48.783943 write(0, "200 Switching to Binary mode.\r\n", 31) = 31
19388 14:23:48.784005 rt_sigaction(SIGALRM, {0x805cad0, ~[RTMIN RT_1], 0}, NULL, 8) = 0
19388 14:23:48.784024 alarm(300)        = 299
19388 14:23:48.784037 recv(0, "PASV\r\n", 4096, MSG_PEEK) = 6
19388 14:23:48.784049 read(0, "PASV\r\n", 6) = 6
19388 14:23:48.784061 write(5, "\n", 1 <unfinished ...>
19386 14:23:48.784073 <... read resumed> "\n", 1) = 1
19388 14:23:48.784078 <... write resumed> ) = 1
19386 14:23:48.784086 write(4, "\1", 1 <unfinished ...>
19388 14:23:48.784092 read(5,  <unfinished ...>
19386 14:23:48.784106 <... write resumed> ) = 1
19388 14:23:48.784111 <... read resumed> "\1", 1) = 1
19386 14:23:48.784119 read(4,  <unfinished ...>
19388 14:23:48.784124 write(5, "\f", 1 <unfinished ...>
19386 14:23:48.784131 <... read resumed> "\f", 1) = 1
19388 14:23:48.784136 <... write resumed> ) = 1
19386 14:23:48.784145 socket(PF_INET, SOCK_STREAM, IPPROTO_TCP <unfinished ...>
19388 14:23:48.784151 read(5,  <unfinished ...>
19386 14:23:48.784161 <... socket resumed> ) = 5
19386 14:23:48.784169 setsockopt(5, SOL_SOCKET, SO_REUSEADDR, [1], 4) = 0
19386 14:23:48.784184 bind(5, {sa_family=AF_INET, sin_port=htons(54775), sin_addr=inet_addr("127.0.0.1")}, 16) = 0
19386 14:23:48.784201 listen(5, 1)      = 0
19386 14:23:48.784215 write(4, "\367\325\0\0", 4 <unfinished ...>
19388 14:23:48.784224 <... read resumed> "\367\325\0\0", 4) = 4
19386 14:23:48.784229 <... write resumed> ) = 4
19388 14:23:48.784241 write(0, "227 Entering Passive Mode (127,0,0,1,213,247).\r\n", 48 <unfinished ...>
19386 14:23:48.784250 read(4,  <unfinished ...>
19388 14:23:48.784351 <... write resumed> ) = 48
19388 14:23:48.784364 rt_sigaction(SIGALRM, {0x805cad0, ~[RTMIN RT_1], 0}, NULL, 8) = 0
19388 14:23:48.784379 alarm(300)        = 300
19388 14:23:48.784391 recv(0, "STOR myfile35\r\n", 4096, MSG_PEEK) = 15
19388 14:23:48.784426 read(0, "STOR myfile35\r\n", 15) = 15
19388 14:23:48.784452 write(5, "\v", 1 <unfinished ...>
19386 14:23:48.784460 <... read resumed> "\v", 1) = 1
19388 14:23:48.784465 <... write resumed> ) = 1
19386 14:23:48.784473 write(4, "\1\0\0\0", 4 <unfinished ...>
19388 14:23:48.784478 read(5,  <unfinished ...>
19386 14:23:48.784485 <... write resumed> ) = 4
19388 14:23:48.784489 <... read resumed> "\1\0\0\0", 4) = 4
19386 14:23:48.784498 read(4,  <unfinished ...>
19388 14:23:48.784503 gettimeofday({1495650228, 784507}, NULL) = 0
19388 14:23:48.784515 getcwd("/home/msfadmin", 4096) = 15
19388 14:23:48.784528 open("myfile35", O_WRONLY|O_CREAT|O_NONBLOCK|O_LARGEFILE, 0666) = 4
19388 14:23:48.784542 fstat64(4, {st_mode=S_IFREG|0644, st_size=17, ...}) = 0
19388 14:23:48.784561 fcntl64(4, F_GETFL) = 0x8801 (flags O_WRONLY|O_NONBLOCK|O_LARGEFILE)
19388 14:23:48.784572 fcntl64(4, F_SETFL, O_WRONLY|O_LARGEFILE) = 0
19388 14:23:48.784583 fcntl64(4, F_SETLKW64, {type=F_WRLCK, whence=SEEK_SET, start=0, len=0}, 0xbfc66654) = 0
19388 14:23:48.784597 ftruncate64(4, 0) = 0
19388 14:23:48.784616 _llseek(4, 0, [0], SEEK_SET) = 0
19388 14:23:48.784628 write(5, "\v", 1 <unfinished ...>
19386 14:23:48.784636 <... read resumed> "\v", 1) = 1
19388 14:23:48.784641 <... write resumed> ) = 1
19386 14:23:48.784647 write(4, "\1\0\0\0", 4) = 4
19386 14:23:48.784658 read(4,  <unfinished ...>
19388 14:23:48.784665 read(5, "\1\0\0\0", 4) = 4
19388 14:23:48.784677 write(5, "\v", 1 <unfinished ...>
19386 14:23:48.784684 <... read resumed> "\v", 1) = 1
19388 14:23:48.784689 <... write resumed> ) = 1
19386 14:23:48.784695 write(4, "\1\0\0\0", 4) = 4
19386 14:23:48.784706 read(4,  <unfinished ...>
19388 14:23:48.784713 read(5, "\1\0\0\0", 4) = 4
19388 14:23:48.784724 write(5, "\r", 1 <unfinished ...>
19386 14:23:48.784732 <... read resumed> "\r", 1) = 1
19388 14:23:48.784736 <... write resumed> ) = 1
19386 14:23:48.784743 select(6, [5], NULL, NULL, {60, 0}) = 1 (in [5], left {60, 0})
19386 14:23:48.784760 accept(5, {sa_family=AF_INET, sin_port=htons(57589), sin_addr=inet_addr("127.0.0.1")}, [16]) = 6
19386 14:23:48.784783 write(4, "\1", 1) = 1
19386 14:23:48.784795 sendmsg(4, {msg_name(0)=NULL, msg_iov(1)=[{"\0", 1}], msg_controllen=16, {cmsg_len=16, cmsg_level=SOL_SOCKET, cmsg_type=SCM_RIGHTS, {6}}, msg_flags=0}, 0) = 1
19386 14:23:48.784813 close(6)          = 0
19386 14:23:48.784823 read(4,  <unfinished ...>
19388 14:23:48.784830 read(5, "\1", 1)  = 1
19388 14:23:48.784843 recvmsg(5, {msg_name(0)=NULL, msg_iov(1)=[{"\0", 1}], msg_controllen=16, {cmsg_len=16, cmsg_level=SOL_SOCKET, cmsg_type=SCM_RIGHTS, {6}}, msg_flags=0}, 0) = 1
19388 14:23:48.784861 setsockopt(6, SOL_SOCKET, SO_KEEPALIVE, [1], 4) = 0
19388 14:23:48.784874 setsockopt(6, SOL_IP, IP_TOS, [8], 4) = 0
19388 14:23:48.784890 setsockopt(6, SOL_SOCKET, SO_LINGER, {onoff=1, linger=32767}, 8) = 0
19388 14:23:48.784924 rt_sigaction(SIGALRM, {0x805cad0, ~[RTMIN RT_1], 0}, NULL, 8) = 0
19388 14:23:48.784939 alarm(300)        = 300
19388 14:23:48.784964 write(0, "150 Ok to send data.\r\n", 22) = 22
19388 14:23:48.785032 read(6, "assasaaa\na\na\na\na\n", 65536) = 17
19388 14:23:48.785047 write(4, "assasaaa\na\na\na\na\n", 17) = 17
19388 14:23:48.785064 read(6, "", 65536) = 0
19388 14:23:48.785075 rt_sigaction(SIGALRM, {0x805cad0, ~[RTMIN RT_1], 0}, NULL, 8) = 0
19388 14:23:48.785089 alarm(300)        = 300
19388 14:23:48.785099 close(6)          = 0
19388 14:23:48.785117 alarm(0)          = 300
19388 14:23:48.785127 gettimeofday({1495650228, 785130}, NULL) = 0
19388 14:23:48.785143 gettimeofday({1495650228, 785147}, NULL) = 0
19388 14:23:48.785157 fcntl64(3, F_SETLKW64, {type=F_WRLCK, whence=SEEK_SET, start=0, len=0}, 0xbfc665f4) = 0
19388 14:23:48.785172 write(3, "Wed May 24 14:23:48 2017 [pid 19388] [msfadmin] OK UPLOAD: Client \"127.0.0.1\", \"/home/msfadmin/myfile35\", 17 bytes, 25.94Kbyte/sec\n", 131) = 131
19388 14:23:48.785194 fcntl64(3, F_SETLK64, {type=F_UNLCK, whence=SEEK_SET, start=0, len=0}, 0xbfc665fc) = 0
19388 14:23:48.785209 write(0, "226 Transfer complete.\r\n", 24) = 24
19388 14:23:48.785253 write(5, "\n", 1 <unfinished ...>
19386 14:23:48.785262 <... read resumed> "\n", 1) = 1
19388 14:23:48.785268 <... write resumed> ) = 1
19386 14:23:48.785274 close(5)          = 0
19386 14:23:48.785286 write(4, "\1", 1) = 1
19386 14:23:48.785297 read(4,  <unfinished ...>
19388 14:23:48.785304 read(5, "\1", 1)  = 1
19388 14:23:48.785316 close(4)          = 0
19388 14:23:48.785327 rt_sigaction(SIGALRM, {0x805cad0, ~[RTMIN RT_1], 0}, NULL, 8) = 0
19388 14:23:48.785341 alarm(300)        = 0
19388 14:23:48.785352 recv(0,  <unfinished ...>
19391 14:23:48.983833 <... recv resumed> "USER msfadmin\r\n", 4096, MSG_PEEK) = 15
19391 14:23:48.983873 read(0, "USER msfadmin\r\n", 15) = 15
19391 14:23:48.983899 write(0, "331 Any password will do.\r\n", 27) = 27
