20264 14:32:36.057996 mmap2(NULL, 1624, PROT_READ, MAP_SHARED, 5, 0) = 0xb7f6f000
20264 14:32:36.058007 _llseek(5, 1624, [1624], SEEK_SET) = 0
20264 14:32:36.058023 munmap(0xb7f6f000, 1624) = 0
20264 14:32:36.058033 close(5)          = 0
20264 14:32:36.058045 open("/etc/shadow", O_RDONLY|0x80000 /* O_??? */) = 5
20264 14:32:36.058058 _llseek(5, 0, [0], SEEK_CUR) = 0
20264 14:32:36.058068 fstat64(5, {st_mode=S_IFREG|0640, st_size=1233, ...}) = 0
20264 14:32:36.058087 mmap2(NULL, 1233, PROT_READ, MAP_SHARED, 5, 0) = 0xb7f6f000
20264 14:32:36.058131 _llseek(5, 1233, [1233], SEEK_SET) = 0
20264 14:32:36.058160 munmap(0xb7f6f000, 1233) = 0
20264 14:32:36.058170 close(5)          = 0
20264 14:32:36.058403 getuid32()        = 0
20264 14:32:36.058414 open("/etc/passwd", O_RDONLY|0x80000 /* O_??? */) = 5
20264 14:32:36.058427 _llseek(5, 0, [0], SEEK_CUR) = 0
20264 14:32:36.058437 fstat64(5, {st_mode=S_IFREG|0644, st_size=1624, ...}) = 0
20264 14:32:36.058454 mmap2(NULL, 1624, PROT_READ, MAP_SHARED, 5, 0) = 0xb7f6f000
20264 14:32:36.058465 _llseek(5, 1624, [1624], SEEK_SET) = 0
20264 14:32:36.058480 munmap(0xb7f6f000, 1624) = 0
20264 14:32:36.058490 close(5)          = 0
20264 14:32:36.058503 open("/etc/shadow", O_RDONLY|0x80000 /* O_??? */) = 5
20264 14:32:36.058515 _llseek(5, 0, [0], SEEK_CUR) = 0
20264 14:32:36.058525 fstat64(5, {st_mode=S_IFREG|0640, st_size=1233, ...}) = 0
20264 14:32:36.058542 mmap2(NULL, 1233, PROT_READ, MAP_SHARED, 5, 0) = 0xb7f6f000
20264 14:32:36.058552 _llseek(5, 1233, [1233], SEEK_SET) = 0
20264 14:32:36.058568 munmap(0xb7f6f000, 1233) = 0
20264 14:32:36.058578 close(5)          = 0
20264 14:32:36.058616 time(NULL)        = 1495650756
20264 14:32:36.058634 munmap(0xb7f6c000, 12164) = 0
20264 14:32:36.058658 munmap(0xb7f6a000, 7136) = 0
20264 14:32:36.058672 munmap(0xb7d9f000, 95428) = 0
20264 14:32:36.058683 munmap(0xb7d65000, 201052) = 0
20264 14:32:36.058694 munmap(0xb7d4c000, 101180) = 0
20264 14:32:36.058710 gettimeofday({1495650756, 58714}, NULL) = 0
20264 14:32:36.058721 stat64("/usr/share/zoneinfo/UTC+04:00", 0xbfb9b504) = -1 ENOENT (No such file or directory)
20264 14:32:36.058736 open("/usr/share/zoneinfo/UTC+04:00", O_RDONLY) = -1 ENOENT (No such file or directory)
20264 14:32:36.058762 fcntl64(3, F_SETLKW64, {type=F_WRLCK, whence=SEEK_SET, start=0, len=0}, 0xbfb9b654) = 0
20264 14:32:36.058778 write(3, "Wed May 24 14:32:36 2017 [pid 20264] [msfadmin] OK LOGIN: Client \"127.0.0.1\"\n", 77) = 77
20264 14:32:36.058795 fcntl64(3, F_SETLK64, {type=F_UNLCK, whence=SEEK_SET, start=0, len=0}, 0xbfb9b65c) = 0
20264 14:32:36.058808 rt_sigaction(SIGCHLD, {0x805cad0, ~[RTMIN RT_1], 0}, NULL, 8) = 0
20264 14:32:36.058822 write(4, "\1", 1 <unfinished ...>
20265 14:32:36.058831 <... read resumed> "\1", 1) = 1
20264 14:32:36.058837 <... write resumed> ) = 1
20265 14:32:36.058844 exit_group(0)     = ?
20264 14:32:36.058872 --- SIGCHLD (Child exited) @ 0 (0) ---
20264 14:32:36.058880 sigreturn()       = ? (mask now [])
20264 14:32:36.058899 wait4(-1, [{WIFEXITED(s) && WEXITSTATUS(s) == 0}], 0, NULL) = 20265
20264 14:32:36.058912 close(4)          = 0
20264 14:32:36.058924 socketpair(PF_FILE, SOCK_STREAM, 0, [4, 5]) = 0
20264 14:32:36.058937 rt_sigaction(SIGCHLD, {0x805cad0, ~[RTMIN RT_1], 0}, NULL, 8) = 0
20264 14:32:36.058951 rt_sigaction(SIGALRM, {0x805cb10, ~[RTMIN RT_1], 0}, NULL, 8) = 0
20264 14:32:36.058965 clone(child_stack=0, flags=CLONE_CHILD_CLEARTID|CLONE_CHILD_SETTID|SIGCHLD, child_tidptr=0xb7dd56f8) = 20266
20266 14:32:36.059015 prctl(0x1, 0x9, 0, 0, 0) = 0
20266 14:32:36.059028 close(4)          = 0
20266 14:32:36.059054 open("/etc/passwd", O_RDONLY|0x80000 /* O_??? */) = 4
20266 14:32:36.059071 _llseek(4, 0, [0], SEEK_CUR) = 0
20266 14:32:36.059433 fstat64(4, {st_mode=S_IFREG|0644, st_size=1624, ...}) = 0
20266 14:32:36.059650 mmap2(NULL, 1624, PROT_READ, MAP_SHARED, 4, 0) = 0xb7f6f000
20266 14:32:36.059740 _llseek(4, 1624, [1624], SEEK_SET) = 0
20266 14:32:36.059799 munmap(0xb7f6f000, 1624) = 0
20266 14:32:36.059830 close(4)          = 0
20266 14:32:36.059856 getuid32()        = 0
20266 14:32:36.059876 open("/etc/passwd", O_RDONLY|0x80000 /* O_??? */) = 4
20266 14:32:36.059891 _llseek(4, 0, [0], SEEK_CUR) = 0
20266 14:32:36.059902 fstat64(4, {st_mode=S_IFREG|0644, st_size=1624, ...}) = 0
20266 14:32:36.059918 mmap2(NULL, 1624, PROT_READ, MAP_SHARED, 4, 0) = 0xb7f6f000
20266 14:32:36.059930 _llseek(4, 1624, [1624], SEEK_SET) = 0
20266 14:32:36.059946 munmap(0xb7f6f000, 1624) = 0
20266 14:32:36.059955 close(4)          = 0
20266 14:32:36.059985 open("/proc/sys/kernel/ngroups_max", O_RDONLY) = 4
20266 14:32:36.060006 read(4, "65536\n", 31) = 6
20266 14:32:36.060019 close(4)          = 0
20266 14:32:36.060032 socket(PF_FILE, SOCK_STREAM, 0) = 4
20266 14:32:36.060044 fcntl64(4, F_SETFL, O_RDWR|O_NONBLOCK) = 0
20266 14:32:36.060055 connect(4, {sa_family=AF_FILE, path="/var/run/nscd/socket"}, 110) = -1 ENOENT (No such file or directory)
20266 14:32:36.060076 close(4)          = 0
20266 14:32:36.060087 socket(PF_FILE, SOCK_STREAM, 0) = 4
20266 14:32:36.060097 fcntl64(4, F_SETFL, O_RDWR|O_NONBLOCK) = 0
20266 14:32:36.060107 connect(4, {sa_family=AF_FILE, path="/var/run/nscd/socket"}, 110) = -1 ENOENT (No such file or directory)
20266 14:32:36.060126 close(4)          = 0
20266 14:32:36.060149 open("/etc/group", O_RDONLY|0x80000 /* O_??? */) = 4
20266 14:32:36.060163 _llseek(4, 0, [0], SEEK_CUR) = 0
20266 14:32:36.060234 fstat64(4, {st_mode=S_IFREG|0644, st_size=886, ...}) = 0
20266 14:32:36.060254 mmap2(NULL, 886, PROT_READ, MAP_SHARED, 4, 0) = 0xb7f6f000
20266 14:32:36.060265 _llseek(4, 886, [886], SEEK_SET) = 0
20266 14:32:36.060291 fstat64(4, {st_mode=S_IFREG|0644, st_size=886, ...}) = 0
20266 14:32:36.060309 munmap(0xb7f6f000, 886) = 0
20266 14:32:36.060319 close(4)          = 0
20266 14:32:36.060329 setgroups32(13, [1000, 4, 20, 24, 25, 29, 30, 44, 46, 107, 111, 112, 119]) = 0
20266 14:32:36.060345 geteuid32()       = 0
20266 14:32:36.060356 getegid32()       = 0
20266 14:32:36.060367 setregid32(-1, 1000) = 0
20266 14:32:36.060377 setreuid32(-1, 1000) = 0
20266 14:32:36.060388 chdir("/home/msfadmin") = 0
20266 14:32:36.060400 setreuid32(-1, 0) = 0
20266 14:32:36.060409 setregid32(-1, 0) = 0
20266 14:32:36.060419 setgid32(1000)    = 0
20266 14:32:36.060429 setuid32(1000)    = 0
20266 14:32:36.060439 setrlimit(RLIMIT_NPROC, {rlim_cur=0, rlim_max=0}) = 0
20266 14:32:36.060452 mmap2(NULL, 12288, PROT_READ|PROT_WRITE, MAP_PRIVATE|MAP_ANONYMOUS, -1, 0) = 0xb7f6d000
20266 14:32:36.060463 mprotect(0xb7f6f000, 4096, PROT_NONE) = 0
20266 14:32:36.060474 mprotect(0xb7f6d000, 4096, PROT_NONE) = 0
20266 14:32:36.060485 getcwd("/home/msfadmin", 4096) = 15
20266 14:32:36.060498 umask(022)        = 077
20266 14:32:36.060508 getcwd("/home/msfadmin", 4096) = 15
20266 14:32:36.060522 open(".message", O_RDONLY|O_NONBLOCK|O_LARGEFILE) = -1 ENOENT (No such file or directory)
20266 14:32:36.060544 write(0, "230 Login successful.\r\n", 23) = 23
20266 14:32:36.060624 rt_sigaction(SIGALRM, {0x805cad0, ~[RTMIN RT_1], 0}, NULL, 8) = 0
20266 14:32:36.060641 alarm(300)        = 0
20266 14:32:36.060652 mmap2(NULL, 12288, PROT_READ|PROT_WRITE, MAP_PRIVATE|MAP_ANONYMOUS, -1, 0) = 0xb7f6a000
20266 14:32:36.060663 mprotect(0xb7f6c000, 4096, PROT_NONE) = 0
20266 14:32:36.060706 mprotect(0xb7f6a000, 4096, PROT_NONE) = 0
20266 14:32:36.060721 recv(0, "TYPE I\r\n", 4096, MSG_PEEK) = 8
20266 14:32:36.060744 read(0, "TYPE I\r\n", 8) = 8
20266 14:32:36.060761 write(0, "200 Switching to Binary mode.\r\n", 31) = 31
20266 14:32:36.060803 rt_sigaction(SIGALRM, {0x805cad0, ~[RTMIN RT_1], 0}, NULL, 8) = 0
20266 14:32:36.060818 alarm(300)        = 300
20266 14:32:36.060829 recv(0, "PASV\r\n", 4096, MSG_PEEK) = 6
20266 14:32:36.060840 read(0, "PASV\r\n", 6) = 6
20266 14:32:36.060852 write(5, "\n", 1) = 1
20266 14:32:36.060863 read(5,  <unfinished ...>
20264 14:32:36.060875 close(5)          = 0
20264 14:32:36.060887 getuid32()        = 0
20264 14:32:36.060902 open("/etc/passwd", O_RDONLY|0x80000 /* O_??? */) = 5
20264 14:32:36.060917 _llseek(5, 0, [0], SEEK_CUR) = 0
20264 14:32:36.060929 fstat64(5, {st_mode=S_IFREG|0644, st_size=1624, ...}) = 0
20264 14:32:36.060947 mmap2(NULL, 1624, PROT_READ, MAP_SHARED, 5, 0) = 0xb7f6f000
20264 14:32:36.060958 _llseek(5, 1624, [1624], SEEK_SET) = 0
20264 14:32:36.060976 munmap(0xb7f6f000, 1624) = 0
20264 14:32:36.060988 close(5)          = 0
20264 14:32:36.061003 setgroups32(0, []) = 0
20264 14:32:36.061014 chdir("/usr/share/empty") = 0
20264 14:32:36.061027 chroot(".")       = 0
20264 14:32:36.061037 capset(NULL, NULL) = -1 EFAULT (Bad address)
20264 14:32:36.061050 prctl(0x8, 0, 0xbfb9b638, 0x80549a6, 0xbfb9b620) = 0
20264 14:32:36.061066 prctl(0x8, 0x1, 0xbfb9b638, 0x8054a49, 0xbfb9b620) = 0
20264 14:32:36.061076 setgid32(65534)   = 0
20264 14:32:36.061086 setuid32(65534)   = 0
20264 14:32:36.061095 capset(0x19980330, 0, {CAP_NET_BIND_SERVICE, CAP_NET_BIND_SERVICE, 0}) = 0
20264 14:32:36.061108 read(4, "\n", 1)  = 1
20264 14:32:36.061121 write(4, "\1", 1) = 1
20266 14:32:36.061132 <... read resumed> "\1", 1) = 1
20266 14:32:36.061139 write(5, "\f", 1) = 1
20266 14:32:36.061149 read(5,  <unfinished ...>
20264 14:32:36.061156 read(4, "\f", 1)  = 1
20264 14:32:36.061199 socket(PF_INET, SOCK_STREAM, IPPROTO_TCP) = 5
20264 14:32:36.061214 setsockopt(5, SOL_SOCKET, SO_REUSEADDR, [1], 4) = 0
20264 14:32:36.061235 gettimeofday({1495650756, 61239}, NULL) = 0
20264 14:32:36.061251 bind(5, {sa_family=AF_INET, sin_port=htons(45445), sin_addr=inet_addr("127.0.0.1")}, 16) = 0
20264 14:32:36.061267 listen(5, 1)      = 0
20264 14:32:36.061281 write(4, "\205\261\0\0", 4) = 4
20266 14:32:36.061292 <... read resumed> "\205\261\0\0", 4) = 4
20266 14:32:36.061306 write(0, "227 Entering Passive Mode (127,0,0,1,177,133).\r\n", 48) = 48
20266 14:32:36.061401 rt_sigaction(SIGALRM, {0x805cad0, ~[RTMIN RT_1], 0}, NULL, 8) = 0
20266 14:32:36.061417 alarm(300)        = 300
20266 14:32:36.061429 recv(0, "STOR myfile3\r\n", 4096, MSG_PEEK) = 14
20266 14:32:36.061441 read(0, "STOR myfile3\r\n", 14) = 14
20266 14:32:36.061456 write(5, "\v", 1) = 1
20266 14:32:36.061467 read(5,  <unfinished ...>
20264 14:32:36.061474 read(4, "\v", 1)  = 1
20264 14:32:36.061485 write(4, "\1\0\0\0", 4) = 4
20266 14:32:36.061495 <... read resumed> "\1\0\0\0", 4) = 4
20266 14:32:36.061504 gettimeofday({1495650756, 61507}, NULL) = 0
20266 14:32:36.061514 getcwd("/home/msfadmin", 4096) = 15
20266 14:32:36.061527 open("myfile3", O_WRONLY|O_CREAT|O_NONBLOCK|O_LARGEFILE, 0666) = 4
20266 14:32:36.061540 fstat64(4, {st_mode=S_IFREG|0644, st_size=17, ...}) = 0
20266 14:32:36.061557 fcntl64(4, F_GETFL) = 0x8801 (flags O_WRONLY|O_NONBLOCK|O_LARGEFILE)
20266 14:32:36.061567 fcntl64(4, F_SETFL, O_WRONLY|O_LARGEFILE) = 0
20266 14:32:36.061577 fcntl64(4, F_SETLKW64, {type=F_WRLCK, whence=SEEK_SET, start=0, len=0}, 0xbfb9b584) = 0
20266 14:32:36.061592 ftruncate64(4, 0) = 0
20266 14:32:36.061611 _llseek(4, 0, [0], SEEK_SET) = 0
20266 14:32:36.061622 write(5, "\v", 1) = 1
20266 14:32:36.061632 read(5,  <unfinished ...>
20264 14:32:36.061639 read(4, "\v", 1)  = 1
20264 14:32:36.061650 write(4, "\1\0\0\0", 4) = 4
20266 14:32:36.061691 <... read resumed> "\1\0\0\0", 4) = 4
20266 14:32:36.061701 write(5, "\v", 1) = 1
20266 14:32:36.061711 read(5,  <unfinished ...>
20264 14:32:36.061728 read(4, "\v", 1)  = 1
20264 14:32:36.061738 write(4, "\1\0\0\0", 4) = 4
20266 14:32:36.061748 <... read resumed> "\1\0\0\0", 4) = 4
20266 14:32:36.061756 write(5, "\r", 1) = 1
20266 14:32:36.061765 read(5,  <unfinished ...>
20264 14:32:36.061772 read(4, "\r", 1)  = 1
20264 14:32:36.061784 select(6, [5], NULL, NULL, {60, 0}) = 1 (in [5], left {60, 0})
20264 14:32:36.061801 accept(5, {sa_family=AF_INET, sin_port=htons(55477), sin_addr=inet_addr("127.0.0.1")}, [16]) = 6
20264 14:32:36.061824 write(4, "\1", 1) = 1
20266 14:32:36.061834 <... read resumed> "\1", 1) = 1
20266 14:32:36.061843 recvmsg(5,  <unfinished ...>
20264 14:32:36.061853 sendmsg(4, {msg_name(0)=NULL, msg_iov(1)=[{"\0", 1}], msg_controllen=16, {cmsg_len=16, cmsg_level=SOL_SOCKET, cmsg_type=SCM_RIGHTS, {6}}, msg_flags=0}, 0) = 1
20266 14:32:36.061870 <... recvmsg resumed> {msg_name(0)=NULL, msg_iov(1)=[{"\0", 1}], msg_controllen=16, {cmsg_len=16, cmsg_level=SOL_SOCKET, cmsg_type=SCM_RIGHTS, {6}}, msg_flags=0}, 0) = 1
20266 14:32:36.061883 setsockopt(6, SOL_SOCKET, SO_KEEPALIVE, [1], 4) = 0
20266 14:32:36.061895 setsockopt(6, SOL_IP, IP_TOS, [8], 4) = 0
20266 14:32:36.061907 setsockopt(6, SOL_SOCKET, SO_LINGER, {onoff=1, linger=32767}, 8) = 0
20266 14:32:36.061918 rt_sigaction(SIGALRM, {0x805cad0, ~[RTMIN RT_1], 0}, NULL, 8) = 0
20266 14:32:36.061932 alarm(300)        = 300
20266 14:32:36.061944 write(0, "150 Ok to send data.\r\n", 22) = 22
20266 14:32:36.062012 mmap2(NULL, 77824, PROT_READ|PROT_WRITE, MAP_PRIVATE|MAP_ANONYMOUS, -1, 0) = 0xb7da4000
20266 14:32:36.062026 mprotect(0xb7db6000, 4096, PROT_NONE) = 0
20266 14:32:36.062038 mprotect(0xb7da4000, 4096, PROT_NONE) = 0
20266 14:32:36.062048 read(6, "assasaaa\na\na\na\na\n", 65536) = 17
20266 14:32:36.062061 write(4, "assasaaa\na\na\na\na\n", 17) = 17
20266 14:32:36.062076 read(6, "", 65536) = 0
20266 14:32:36.062087 rt_sigaction(SIGALRM, {0x805cad0, ~[RTMIN RT_1], 0}, NULL, 8) = 0
20266 14:32:36.062100 alarm(300)        = 300
20266 14:32:36.062110 close(6)          = 0
20266 14:32:36.062119 alarm(0)          = 300
20266 14:32:36.062128 gettimeofday({1495650756, 62132}, NULL) = 0
20266 14:32:36.062145 getpid()          = 20266
20266 14:32:36.062185 gettimeofday({1495650756, 62192}, NULL) = 0
20266 14:32:36.062216 fcntl64(3, F_SETLKW64, {type=F_WRLCK, whence=SEEK_SET, start=0, len=0}, 0xbfb9b524) = 0
20266 14:32:36.062232 write(3, "Wed May 24 14:32:36 2017 [pid 20266] [msfadmin] OK UPLOAD: Client \"127.0.0.1\", \"/home/msfadmin/myfile3\", 17 bytes, 24.24Kbyte/sec\n", 130) = 130
20266 14:32:36.062252 fcntl64(3, F_SETLK64, {type=F_UNLCK, whence=SEEK_SET, start=0, len=0}, 0xbfb9b52c) = 0
20266 14:32:36.062267 write(0, "226 Transfer complete.\r\n", 24) = 24
20266 14:32:36.062309 write(5, "\n", 1) = 1
20266 14:32:36.062321 read(5,  <unfinished ...>
20264 14:32:36.062328 close(6)          = 0
20264 14:32:36.062346 read(4, "\n", 1)  = 1
20264 14:32:36.062358 close(5)          = 0
20264 14:32:36.062368 write(4, "\1", 1) = 1
20266 14:32:36.062379 <... read resumed> "\1", 1) = 1
20266 14:32:36.062386 close(4)          = 0
20266 14:32:36.062397 rt_sigaction(SIGALRM, {0x805cad0, ~[RTMIN RT_1], 0}, NULL, 8) = 0
20266 14:32:36.062410 alarm(300)        = 0
20266 14:32:36.062421 recv(0,  <unfinished ...>
20264 14:32:36.062429 read(4,  <unfinished ...>
20260 14:32:36.597862 <... recv resumed> "USER msfadmin\r\n", 4096, MSG_PEEK) = 15
20260 14:32:36.597892 read(0, "USER msfadmin\r\n", 15) = 15
20260 14:32:36.597917 write(0, "331 Any password will do.\r\n", 27) = 27
20260 14:32:36.597962 rt_sigaction(SIGALRM, {0x805cad0, ~[RTMIN RT_1], 0}, NULL, 8) = 0
20260 14:32:36.597980 alarm(300)        = 299
20260 14:32:36.597993 recv(0, "PASS msfadmin\r\n", 4096, MSG_PEEK) = 15
20260 14:32:36.598005 read(0, "PASS msfadmin\r\n", 15) = 15
20260 14:32:36.598021 write(0, "230 Already logged in.\r\n", 24) = 24
20260 14:32:36.598074 rt_sigaction(SIGALRM, {0x805cad0, ~[RTMIN RT_1], 0}, NULL, 8) = 0
20260 14:32:36.598089 alarm(300)        = 300
20260 14:32:36.598100 recv(0, "TYPE I\r\n", 4096, MSG_PEEK) = 8
20260 14:32:36.598112 read(0, "TYPE I\r\n", 8) = 8
20260 14:32:36.598126 write(0, "200 Switching to Binary mode.\r\n", 31) = 31
20260 14:32:36.598161 rt_sigaction(SIGALRM, {0x805cad0, ~[RTMIN RT_1], 0}, NULL, 8) = 0
20260 14:32:36.598176 alarm(300)        = 300
20260 14:32:36.598187 recv(0, "PASV\r\n", 4096, MSG_PEEK) = 6
20260 14:32:36.598198 read(0, "PASV\r\n", 6) = 6
20260 14:32:36.598209 write(5, "\n", 1 <unfinished ...>
20258 14:32:36.598221 <... read resumed> "\n", 1) = 1
20260 14:32:36.598226 <... write resumed> ) = 1
20258 14:32:36.598235 write(4, "\1", 1 <unfinished ...>
20260 14:32:36.598240 read(5,  <unfinished ...>
20258 14:32:36.598247 <... write resumed> ) = 1
20260 14:32:36.598251 <... read resumed> "\1", 1) = 1
20258 14:32:36.598259 read(4,  <unfinished ...>
20260 14:32:36.598263 write(5, "\f", 1 <unfinished ...>
20258 14:32:36.598270 <... read resumed> "\f", 1) = 1
20260 14:32:36.598275 <... write resumed> ) = 1
20258 14:32:36.598283 socket(PF_INET, SOCK_STREAM, IPPROTO_TCP <unfinished ...>
20260 14:32:36.598289 read(5,  <unfinished ...>
20258 14:32:36.598298 <... socket resumed> ) = 5
20258 14:32:36.598306 setsockopt(5, SOL_SOCKET, SO_REUSEADDR, [1], 4) = 0
20258 14:32:36.598320 bind(5, {sa_family=AF_INET, sin_port=htons(28994), sin_addr=inet_addr("127.0.0.1")}, 16) = 0
20258 14:32:36.598336 listen(5, 1)      = 0
20258 14:32:36.598350 write(4, "Bq\0\0", 4 <unfinished ...>
20260 14:32:36.598357 <... read resumed> "Bq\0\0", 4) = 4
20258 14:32:36.598370 <... write resumed> ) = 4
20260 14:32:36.598382 write(0, "227 Entering Passive Mode (127,0,0,1,113,66).\r\n", 47 <unfinished ...>
20258 14:32:36.598391 read(4,  <unfinished ...>
20260 14:32:36.598490 <... write resumed> ) = 47
20260 14:32:36.598521 rt_sigaction(SIGALRM, {0x805cad0, ~[RTMIN RT_1], 0}, NULL, 8) = 0
20260 14:32:36.598537 alarm(300)        = 300
20260 14:32:36.598558 recv(0, "RETR myfile2\r\n", 4096, MSG_PEEK) = 14
20260 14:32:36.598571 read(0, "RETR myfile2\r\n", 14) = 14
20260 14:32:36.598584 write(5, "\v", 1 <unfinished ...>
20258 14:32:36.598592 <... read resumed> "\v", 1) = 1
20260 14:32:36.598597 <... write resumed> ) = 1
20258 14:32:36.598604 write(4, "\1\0\0\0", 4 <unfinished ...>
20260 14:32:36.598610 read(5,  <unfinished ...>
20258 14:32:36.598616 <... write resumed> ) = 4
20260 14:32:36.598620 <... read resumed> "\1\0\0\0", 4) = 4
20258 14:32:36.598629 read(4,  <unfinished ...>
20260 14:32:36.598633 gettimeofday({1495650756, 598637}, NULL) = 0
20260 14:32:36.598645 getcwd("/home/msfadmin", 4096) = 15
20260 14:32:36.598657 open("myfile2", O_RDONLY|O_NONBLOCK|O_LARGEFILE) = 4
20260 14:32:36.598671 fcntl64(4, F_SETLKW64, {type=F_RDLCK, whence=SEEK_SET, start=0, len=0}, 0xbf9adbb4) = 0
20260 14:32:36.598686 fstat64(4, {st_mode=S_IFREG|0644, st_size=17, ...}) = 0
20260 14:32:36.598704 fcntl64(4, F_GETFL) = 0x8800 (flags O_RDONLY|O_NONBLOCK|O_LARGEFILE)
20260 14:32:36.598714 fcntl64(4, F_SETFL, O_RDONLY|O_LARGEFILE) = 0
20260 14:32:36.598726 write(5, "\v", 1 <unfinished ...>
20258 14:32:36.598734 <... read resumed> "\v", 1) = 1
20260 14:32:36.598738 <... write resumed> ) = 1
20258 14:32:36.598744 write(4, "\1\0\0\0", 4) = 4
20258 14:32:36.598755 read(4,  <unfinished ...>
20260 14:32:36.598762 read(5, "\1\0\0\0", 4) = 4
20260 14:32:36.598773 write(5, "\v", 1 <unfinished ...>
20258 14:32:36.598780 <... read resumed> "\v", 1) = 1
20260 14:32:36.598785 <... write resumed> ) = 1
20258 14:32:36.598790 write(4, "\1\0\0\0", 4) = 4
20258 14:32:36.598801 read(4,  <unfinished ...>
20260 14:32:36.598808 read(5, "\1\0\0\0", 4) = 4
20260 14:32:36.598819 write(5, "\r", 1 <unfinished ...>
20258 14:32:36.598826 <... read resumed> "\r", 1) = 1
20260 14:32:36.598830 <... write resumed> ) = 1
20258 14:32:36.598838 select(6, [5], NULL, NULL, {60, 0}) = 1 (in [5], left {60, 0})
20258 14:32:36.598854 accept(5, {sa_family=AF_INET, sin_port=htons(38681), sin_addr=inet_addr("127.0.0.1")}, [16]) = 6
20258 14:32:36.598876 write(4, "\1", 1) = 1
20258 14:32:36.598888 sendmsg(4, {msg_name(0)=NULL, msg_iov(1)=[{"\0", 1}], msg_controllen=16, {cmsg_len=16, cmsg_level=SOL_SOCKET, cmsg_type=SCM_RIGHTS, {6}}, msg_flags=0}, 0) = 1
20258 14:32:36.598905 close(6)          = 0
20258 14:32:36.598915 read(4,  <unfinished ...>
20260 14:32:36.598922 read(5, "\1", 1)  = 1
20260 14:32:36.598934 recvmsg(5, {msg_name(0)=NULL, msg_iov(1)=[{"\0", 1}], msg_controllen=16, {cmsg_len=16, cmsg_level=SOL_SOCKET, cmsg_type=SCM_RIGHTS, {6}}, msg_flags=0}, 0) = 1
20260 14:32:36.598952 setsockopt(6, SOL_SOCKET, SO_KEEPALIVE, [1], 4) = 0
20260 14:32:36.598965 setsockopt(6, SOL_IP, IP_TOS, [8], 4) = 0
20260 14:32:36.598977 setsockopt(6, SOL_SOCKET, SO_LINGER, {onoff=1, linger=32767}, 8) = 0
20260 14:32:36.598988 rt_sigaction(SIGALRM, {0x805cad0, ~[RTMIN RT_1], 0}, NULL, 8) = 0
20260 14:32:36.599001 alarm(300)        = 300
20260 14:32:36.599009 write(0, "150 Opening BINARY mode data connection for myfile2 (17 bytes).\r\n", 65) = 65
20260 14:32:36.599009 _llseek(4, 0, [0], SEEK_CUR) = 0
20260 14:32:36.599009 fstat64(4, {st_mode=S_IFREG|0644, st_size=17, ...}) = 0
20260 14:32:36.599010 _llseek(4, 0, [0], SEEK_SET) = 0
20260 14:32:36.599010 sendfile(6, 4, NULL, 17) = 17
20260 14:32:36.599010 rt_sigaction(SIGALRM, {0x805cad0, ~[RTMIN RT_1], 0}, NULL, 8) = 0
20260 14:32:36.599010 alarm(300)        = 300
20260 14:32:36.599011 close(6)          = 0
20260 14:32:36.599043 alarm(0)          = 300
20260 14:32:36.599053 gettimeofday({1495650756, 599057}, NULL) = 0
20260 14:32:36.599069 gettimeofday({1495650756, 599077}, NULL) = 0
20260 14:32:36.599088 fcntl64(3, F_SETLKW64, {type=F_WRLCK, whence=SEEK_SET, start=0, len=0}, 0xbf9adb54) = 0
20260 14:32:36.599103 write(3, "Wed May 24 14:32:36 2017 [pid 20260] [msfadmin] OK DOWNLOAD: Client \"127.0.0.1\", \"/home/msfadmin/myfile2\", 17 bytes, 37.73Kbyte/sec\n", 132) = 132
20260 14:32:36.599125 fcntl64(3, F_SETLK64, {type=F_UNLCK, whence=SEEK_SET, start=0, len=0}, 0xbf9adb5c) = 0
20260 14:32:36.599140 write(0, "226 Transfer complete.\r\n", 24) = 24
20260 14:32:36.599202 write(5, "\n", 1 <unfinished ...>
20258 14:32:36.599238 <... read resumed> "\n", 1) = 1
20260 14:32:36.599245 <... write resumed> ) = 1
20258 14:32:36.599251 close(5)          = 0
20258 14:32:36.599276 write(4, "\1", 1) = 1
20258 14:32:36.599287 read(4,  <unfinished ...>
20260 14:32:36.599294 read(5, "\1", 1)  = 1
20260 14:32:36.599305 close(4)          = 0
20260 14:32:36.599316 rt_sigaction(SIGALRM, {0x805cad0, ~[RTMIN RT_1], 0}, NULL, 8) = 0
20260 14:32:36.599329 alarm(300)        = 0
20260 14:32:36.599340 recv(0,  <unfinished ...>
20266 14:32:36.599348 <... recv resumed> "TYPE I\r\n", 4096, MSG_PEEK) = 8
20266 14:32:36.599358 read(0, "TYPE I\r\n", 8) = 8
20266 14:32:36.599375 write(0, "200 Switching to Binary mode.\r\n", 31) = 31
20266 14:32:36.599419 rt_sigaction(SIGALRM, {0x805cad0, ~[RTMIN RT_1], 0}, NULL, 8) = 0
20266 14:32:36.599433 alarm(300)        = 299
20266 14:32:36.599444 recv(0, "PASV\r\n", 4096, MSG_PEEK) = 6
20266 14:32:36.599456 read(0, "PASV\r\n", 6) = 6
20266 14:32:36.599467 write(5, "\n", 1) = 1
20266 14:32:36.599478 read(5,  <unfinished ...>
20264 14:32:36.599486 <... read resumed> "\n", 1) = 1
20264 14:32:36.599495 write(4, "\1", 1) = 1
20266 14:32:36.599505 <... read resumed> "\1", 1) = 1
20266 14:32:36.599512 write(5, "\f", 1) = 1
20266 14:32:36.599522 read(5,  <unfinished ...>
20264 14:32:36.599529 read(4, "\f", 1)  = 1
20264 14:32:36.599541 socket(PF_INET, SOCK_STREAM, IPPROTO_TCP) = 5
20264 14:32:36.599554 setsockopt(5, SOL_SOCKET, SO_REUSEADDR, [1], 4) = 0
20264 14:32:36.599567 bind(5, {sa_family=AF_INET, sin_port=htons(41241), sin_addr=inet_addr("127.0.0.1")}, 16) = 0
20264 14:32:36.599581 listen(5, 1)      = 0
20264 14:32:36.599593 write(4, "\31\241\0\0", 4) = 4
20266 14:32:36.599605 <... read resumed> "\31\241\0\0", 4) = 4
20266 14:32:36.599617 write(0, "227 Entering Passive Mode (127,0,0,1,161,25).\r\n", 47) = 47
20266 14:32:36.599709 rt_sigaction(SIGALRM, {0x805cad0, ~[RTMIN RT_1], 0}, NULL, 8) = 0
20266 14:32:36.599726 alarm(300)        = 300
20266 14:32:36.599737 recv(0, "STOR myfile4\r\n", 4096, MSG_PEEK) = 14
20266 14:32:36.599749 read(0, "STOR myfile4\r\n", 14) = 14
20266 14:32:36.599762 write(5, "\v", 1) = 1
20266 14:32:36.599773 read(5,  <unfinished ...>
20264 14:32:36.599780 read(4, "\v", 1)  = 1
20264 14:32:36.599791 write(4, "\1\0\0\0", 4) = 4
20266 14:32:36.599802 <... read resumed> "\1\0\0\0", 4) = 4
20266 14:32:36.599809 gettimeofday({1495650756, 599813}, NULL) = 0
20266 14:32:36.599820 getcwd("/home/msfadmin", 4096) = 15
20266 14:32:36.599832 open("myfile4", O_WRONLY|O_CREAT|O_NONBLOCK|O_LARGEFILE, 0666) = 4
20266 14:32:36.599845 fstat64(4, {st_mode=S_IFREG|0644, st_size=17, ...}) = 0
20266 14:32:36.599863 fcntl64(4, F_GETFL) = 0x8801 (flags O_WRONLY|O_NONBLOCK|O_LARGEFILE)
20266 14:32:36.599873 fcntl64(4, F_SETFL, O_WRONLY|O_LARGEFILE) = 0
20266 14:32:36.599883 fcntl64(4, F_SETLKW64, {type=F_WRLCK, whence=SEEK_SET, start=0, len=0}, 0xbfb9b584) = 0
20266 14:32:36.599896 ftruncate64(4, 0) = 0
20266 14:32:36.599913 _llseek(4, 0, [0], SEEK_SET) = 0
20266 14:32:36.599924 write(5, "\v", 1) = 1
20266 14:32:36.599934 read(5,  <unfinished ...>
20264 14:32:36.599941 read(4, "\v", 1)  = 1
20264 14:32:36.599952 write(4, "\1\0\0\0", 4) = 4
20266 14:32:36.599963 <... read resumed> "\1\0\0\0", 4) = 4
20266 14:32:36.599970 write(5, "\v", 1) = 1
20266 14:32:36.599980 read(5,  <unfinished ...>
20264 14:32:36.599987 read(4, "\v", 1)  = 1
20264 14:32:36.599997 write(4, "\1\0\0\0", 4) = 4
20266 14:32:36.600007 <... read resumed> "\1\0\0\0", 4) = 4
20266 14:32:36.600015 write(5, "\r", 1) = 1
20266 14:32:36.600028 read(5,  <unfinished ...>
20264 14:32:36.600035 read(4, "\r", 1)  = 1
20264 14:32:36.600047 select(6, [5], NULL, NULL, {60, 0}) = 1 (in [5], left {60, 0})
20264 14:32:36.600062 accept(5, {sa_family=AF_INET, sin_port=htons(45438), sin_addr=inet_addr("127.0.0.1")}, [16]) = 6
20264 14:32:36.600084 write(4, "\1", 1) = 1
20266 14:32:36.600094 <... read resumed> "\1", 1) = 1
20266 14:32:36.600103 recvmsg(5,  <unfinished ...>
20264 14:32:36.600111 sendmsg(4, {msg_name(0)=NULL, msg_iov(1)=[{"\0", 1}], msg_controllen=16, {cmsg_len=16, cmsg_level=SOL_SOCKET, cmsg_type=SCM_RIGHTS, {6}}, msg_flags=0}, 0) = 1
20266 14:32:36.600128 <... recvmsg resumed> {msg_name(0)=NULL, msg_iov(1)=[{"\0", 1}], msg_controllen=16, {cmsg_len=16, cmsg_level=SOL_SOCKET, cmsg_type=SCM_RIGHTS, {6}}, msg_flags=0}, 0) = 1
20266 14:32:36.600141 setsockopt(6, SOL_SOCKET, SO_KEEPALIVE, [1], 4) = 0
20266 14:32:36.600153 setsockopt(6, SOL_IP, IP_TOS, [8], 4) = 0
20266 14:32:36.600165 setsockopt(6, SOL_SOCKET, SO_LINGER, {onoff=1, linger=32767}, 8) = 0
20266 14:32:36.600176 rt_sigaction(SIGALRM, {0x805cad0, ~[RTMIN RT_1], 0}, NULL, 8) = 0
20266 14:32:36.600227 alarm(300)        = 300
20266 14:32:36.600254 write(0, "150 Ok to send data.\r\n", 22) = 22
20266 14:32:36.600317 read(6, "assasaaa\na\na\na\na\n", 65536) = 17
20266 14:32:36.600331 write(4, "assasaaa\na\na\na\na\n", 17) = 17
20266 14:32:36.600347 read(6, "", 65536) = 0
20266 14:32:36.600358 rt_sigaction(SIGALRM, {0x805cad0, ~[RTMIN RT_1], 0}, NULL, 8) = 0
20266 14:32:36.600372 alarm(300)        = 300
20266 14:32:36.600381 close(6)          = 0
20266 14:32:36.600390 alarm(0)          = 300
20266 14:32:36.600400 gettimeofday({1495650756, 600404}, NULL) = 0
20266 14:32:36.600415 gettimeofday({1495650756, 600418}, NULL) = 0
20266 14:32:36.600428 fcntl64(3, F_SETLKW64, {type=F_WRLCK, whence=SEEK_SET, start=0, len=0}, 0xbfb9b524) = 0
20266 14:32:36.600443 write(3, "Wed May 24 14:32:36 2017 [pid 20266] [msfadmin] OK UPLOAD: Client \"127.0.0.1\", \"/home/msfadmin/myfile4\", 17 bytes, 27.44Kbyte/sec\n", 130) = 130
20266 14:32:36.600469 fcntl64(3, F_SETLK64, {type=F_UNLCK, whence=SEEK_SET, start=0, len=0}, 0xbfb9b52c) = 0
20266 14:32:36.600484 write(0, "226 Transfer complete.\r\n", 24) = 24
20266 14:32:36.600523 write(5, "\n", 1) = 1
20266 14:32:36.600535 read(5,  <unfinished ...>
20264 14:32:36.600542 close(6)          = 0
20264 14:32:36.600560 read(4, "\n", 1)  = 1
20264 14:32:36.600571 close(5)          = 0
20264 14:32:36.600582 write(4, "\1", 1) = 1
20266 14:32:36.600593 <... read resumed> "\1", 1) = 1
20266 14:32:36.600600 close(4)          = 0
20266 14:32:36.600610 rt_sigaction(SIGALRM, {0x805cad0, ~[RTMIN RT_1], 0}, NULL, 8) = 0
20266 14:32:36.600624 alarm(300)        = 0
20266 14:32:36.600635 recv(0,  <unfinished ...>
20264 14:32:36.600642 read(4,  <unfinished ...>
20260 14:32:37.118798 <... recv resumed> "USER msfadmin\r\n", 4096, MSG_PEEK) = 15
20260 14:32:37.118840 read(0, "USER msfadmin\r\n", 15) = 15
20260 14:32:37.118866 write(0, "331 Any password will do.\r\n", 27) = 27
20260 14:32:37.118913 rt_sigaction(SIGALRM, {0x805cad0, ~[RTMIN RT_1], 0}, NULL, 8) = 0
20260 14:32:37.118931 alarm(300)        = 299
20260 14:32:37.118944 recv(0, "PASS msfadmin\r\n", 4096, MSG_PEEK) = 15
20260 14:32:37.118956 read(0, "PASS msfadmin\r\n", 15) = 15
20260 14:32:37.118972 write(0, "230 Already logged in.\r\n", 24) = 24
20260 14:32:37.119033 rt_sigaction(SIGALRM, {0x805cad0, ~[RTMIN RT_1], 0}, NULL, 8) = 0
20260 14:32:37.119049 alarm(300)        = 300
20260 14:32:37.119060 recv(0, "TYPE I\r\n", 4096, MSG_PEEK) = 8
20260 14:32:37.119071 read(0, "TYPE I\r\n", 8) = 8
20260 14:32:37.119086 write(0, "200 Switching to Binary mode.\r\n", 31) = 31
20260 14:32:37.119122 rt_sigaction(SIGALRM, {0x805cad0, ~[RTMIN RT_1], 0}, NULL, 8) = 0
20260 14:32:37.119136 alarm(300)        = 300
20260 14:32:37.119147 recv(0, "PASV\r\n", 4096, MSG_PEEK) = 6
20260 14:32:37.119158 read(0, "PASV\r\n", 6) = 6
20260 14:32:37.119170 write(5, "\n", 1 <unfinished ...>
20258 14:32:37.119182 <... read resumed> "\n", 1) = 1
20260 14:32:37.119194 <... write resumed> ) = 1
20258 14:32:37.119202 write(4, "\1", 1) = 1
20258 14:32:37.119213 read(4,  <unfinished ...>
20260 14:32:37.119220 read(5, "\1", 1)  = 1
20260 14:32:37.119231 write(5, "\f", 1 <unfinished ...>
20258 14:32:37.119238 <... read resumed> "\f", 1) = 1
20260 14:32:37.119243 <... write resumed> ) = 1
20258 14:32:37.119250 socket(PF_INET, SOCK_STREAM, IPPROTO_TCP) = 5
20258 14:32:37.119265 setsockopt(5, SOL_SOCKET, SO_REUSEADDR, [1], 4) = 0
20258 14:32:37.119280 bind(5, {sa_family=AF_INET, sin_port=htons(49369), sin_addr=inet_addr("127.0.0.1")}, 16) = 0
20258 14:32:37.119296 listen(5, 1)      = 0
20258 14:32:37.119310 write(4, "\331\300\0\0", 4) = 4
20258 14:32:37.119321 read(4,  <unfinished ...>
20260 14:32:37.119328 read(5, "\331\300\0\0", 4) = 4
20260 14:32:37.119343 write(0, "227 Entering Passive Mode (127,0,0,1,192,217).\r\n", 48) = 48
20260 14:32:37.119457 rt_sigaction(SIGALRM, {0x805cad0, ~[RTMIN RT_1], 0}, NULL, 8) = 0
20260 14:32:37.119493 alarm(300)        = 300
20260 14:32:37.119505 recv(0, "RETR myfile3\r\n", 4096, MSG_PEEK) = 14
20260 14:32:37.119527 read(0, "RETR myfile3\r\n", 14) = 14
20260 14:32:37.119540 write(5, "\v", 1 <unfinished ...>
20258 14:32:37.119549 <... read resumed> "\v", 1) = 1
20260 14:32:37.119554 <... write resumed> ) = 1
20258 14:32:37.119560 write(4, "\1\0\0\0", 4) = 4
20258 14:32:37.119570 read(4,  <unfinished ...>
20260 14:32:37.119577 read(5, "\1\0\0\0", 4) = 4
20260 14:32:37.119588 gettimeofday({1495650757, 119592}, NULL) = 0
20260 14:32:37.119599 getcwd("/home/msfadmin", 4096) = 15
20260 14:32:37.119612 open("myfile3", O_RDONLY|O_NONBLOCK|O_LARGEFILE) = 4
20260 14:32:37.119625 fcntl64(4, F_SETLKW64, {type=F_RDLCK, whence=SEEK_SET, start=0, len=0}, 0xbf9adbb4) = 0
20260 14:32:37.119641 fstat64(4, {st_mode=S_IFREG|0644, st_size=17, ...}) = 0
20260 14:32:37.119658 fcntl64(4, F_GETFL) = 0x8800 (flags O_RDONLY|O_NONBLOCK|O_LARGEFILE)
20260 14:32:37.119668 fcntl64(4, F_SETFL, O_RDONLY|O_LARGEFILE) = 0
20260 14:32:37.119680 write(5, "\v", 1 <unfinished ...>
20258 14:32:37.119687 <... read resumed> "\v", 1) = 1
20260 14:32:37.119692 <... write resumed> ) = 1
20258 14:32:37.119698 write(4, "\1\0\0\0", 4) = 4
20258 14:32:37.119709 read(4,  <unfinished ...>
20260 14:32:37.119715 read(5, "\1\0\0\0", 4) = 4
20260 14:32:37.119726 write(5, "\v", 1 <unfinished ...>
20258 14:32:37.119733 <... read resumed> "\v", 1) = 1
20260 14:32:37.119738 <... write resumed> ) = 1
20258 14:32:37.119744 write(4, "\1\0\0\0", 4) = 4
20258 14:32:37.119754 read(4,  <unfinished ...>
20260 14:32:37.119761 read(5, "\1\0\0\0", 4) = 4
20260 14:32:37.119772 write(5, "\r", 1 <unfinished ...>
20258 14:32:37.119778 <... read resumed> "\r", 1) = 1
20260 14:32:37.119783 <... write resumed> ) = 1
20258 14:32:37.119790 select(6, [5], NULL, NULL, {60, 0}) = 1 (in [5], left {60, 0})
20258 14:32:37.119806 accept(5, {sa_family=AF_INET, sin_port=htons(50183), sin_addr=inet_addr("127.0.0.1")}, [16]) = 6
20258 14:32:37.119828 write(4, "\1", 1) = 1
20258 14:32:37.119840 sendmsg(4, {msg_name(0)=NULL, msg_iov(1)=[{"\0", 1}], msg_controllen=16, {cmsg_len=16, cmsg_level=SOL_SOCKET, cmsg_type=SCM_RIGHTS, {6}}, msg_flags=0}, 0) = 1
20258 14:32:37.119857 close(6)          = 0
20258 14:32:37.119867 read(4,  <unfinished ...>
20260 14:32:37.119873 read(5, "\1", 1)  = 1
20260 14:32:37.119886 recvmsg(5, {msg_name(0)=NULL, msg_iov(1)=[{"\0", 1}], msg_controllen=16, {cmsg_len=16, cmsg_level=SOL_SOCKET, cmsg_type=SCM_RIGHTS, {6}}, msg_flags=0}, 0) = 1
20260 14:32:37.119904 setsockopt(6, SOL_SOCKET, SO_KEEPALIVE, [1], 4) = 0
20260 14:32:37.119916 setsockopt(6, SOL_IP, IP_TOS, [8], 4) = 0
20260 14:32:37.119928 setsockopt(6, SOL_SOCKET, SO_LINGER, {onoff=1, linger=32767}, 8) = 0
20260 14:32:37.119939 rt_sigaction(SIGALRM, {0x805cad0, ~[RTMIN RT_1], 0}, NULL, 8) = 0
20260 14:32:37.119952 alarm(300)        = 300
20260 14:32:37.119965 write(0, "150 Opening BINARY mode data connection for myfile3 (17 bytes).\r\n", 65) = 65
20260 14:32:37.120007 _llseek(4, 0, [0], SEEK_CUR) = 0
20260 14:32:37.120019 fstat64(4, {st_mode=S_IFREG|0644, st_size=17, ...}) = 0
20260 14:32:37.120041 _llseek(4, 0, [0], SEEK_SET) = 0
20260 14:32:37.120052 sendfile(6, 4, NULL, 17) = 17
20260 14:32:37.120082 rt_sigaction(SIGALRM, {0x805cad0, ~[RTMIN RT_1], 0}, NULL, 8) = 0
20260 14:32:37.120096 alarm(300)        = 300
20260 14:32:37.120106 close(6)          = 0
20260 14:32:37.120142 alarm(0)          = 300
20260 14:32:37.120152 gettimeofday({1495650757, 120156}, NULL) = 0
20260 14:32:37.120168 gettimeofday({1495650757, 120172}, NULL) = 0
20260 14:32:37.120182 fcntl64(3, F_SETLKW64, {type=F_WRLCK, whence=SEEK_SET, start=0, len=0}, 0xbf9adb54) = 0
20260 14:32:37.120197 write(3, "Wed May 24 14:32:37 2017 [pid 20260] [msfadmin] OK DOWNLOAD: Client \"127.0.0.1\", \"/home/msfadmin/myfile3\", 17 bytes, 28.62Kbyte/sec\n", 132) = 132
20260 14:32:37.120218 fcntl64(3, F_SETLK64, {type=F_UNLCK, whence=SEEK_SET, start=0, len=0}, 0xbf9adb5c) = 0
20260 14:32:37.120233 write(0, "226 Transfer complete.\r\n", 24) = 24
20260 14:32:37.120296 write(5, "\n", 1 <unfinished ...>
20258 14:32:37.120306 <... read resumed> "\n", 1) = 1
20260 14:32:37.120311 <... write resumed> ) = 1
20258 14:32:37.120317 close(5)          = 0
20258 14:32:37.120328 write(4, "\1", 1) = 1
20258 14:32:37.120339 read(4,  <unfinished ...>
20260 14:32:37.120346 read(5, "\1", 1)  = 1
20260 14:32:37.120357 close(4)          = 0
20260 14:32:37.120367 rt_sigaction(SIGALRM, {0x805cad0, ~[RTMIN RT_1], 0}, NULL, 8) = 0
20260 14:32:37.120381 alarm(300)        = 0
20260 14:32:37.120391 recv(0,  <unfinished ...>
20266 14:32:37.127850 <... recv resumed> "TYPE I\r\n", 4096, MSG_PEEK) = 8
20266 14:32:37.127881 read(0, "TYPE I\r\n", 8) = 8
20266 14:32:37.127903 write(0, "200 Switching to Binary mode.\r\n", 31) = 31
20266 14:32:37.127951 rt_sigaction(SIGALRM, {0x805cad0, ~[RTMIN RT_1], 0}, NULL, 8) = 0
20266 14:32:37.127969 alarm(300)        = 299
20266 14:32:37.127981 recv(0, "PASV\r\n", 4096, MSG_PEEK) = 6
20266 14:32:37.127993 read(0, "PASV\r\n", 6) = 6
20266 14:32:37.128005 write(5, "\n", 1) = 1
20266 14:32:37.128017 read(5,  <unfinished ...>
20264 14:32:37.128026 <... read resumed> "\n", 1) = 1
20264 14:32:37.128035 write(4, "\1", 1) = 1
20266 14:32:37.128045 <... read resumed> "\1", 1) = 1
20266 14:32:37.128052 write(5, "\f", 1) = 1
20266 14:32:37.128062 read(5,  <unfinished ...>
20264 14:32:37.128069 read(4, "\f", 1)  = 1
20264 14:32:37.128081 socket(PF_INET, SOCK_STREAM, IPPROTO_TCP) = 5
20264 14:32:37.128097 setsockopt(5, SOL_SOCKET, SO_REUSEADDR, [1], 4) = 0
20264 14:32:37.128112 bind(5, {sa_family=AF_INET, sin_port=htons(44850), sin_addr=inet_addr("127.0.0.1")}, 16) = 0
20264 14:32:37.128128 listen(5, 1)      = 0
20264 14:32:37.128142 write(4, "2\257\0\0", 4) = 4
20266 14:32:37.128153 <... read resumed> "2\257\0\0", 4) = 4
20266 14:32:37.128165 write(0, "227 Entering Passive Mode (127,0,0,1,175,50).\r\n", 47) = 47
20266 14:32:37.128279 rt_sigaction(SIGALRM, {0x805cad0, ~[RTMIN RT_1], 0}, NULL, 8) = 0
20266 14:32:37.128296 alarm(300)        = 300
20266 14:32:37.128307 recv(0, "STOR myfile5\r\n", 4096, MSG_PEEK) = 14
20266 14:32:37.128319 read(0, "STOR myfile5\r\n", 14) = 14
20266 14:32:37.128333 write(5, "\v", 1) = 1
20266 14:32:37.128343 read(5,  <unfinished ...>
20264 14:32:37.128350 read(4, "\v", 1)  = 1
20264 14:32:37.128362 write(4, "\1\0\0\0", 4) = 4
20266 14:32:37.128406 <... read resumed> "\1\0\0\0", 4) = 4
20266 14:32:37.128416 gettimeofday({1495650757, 128430}, NULL) = 0
20266 14:32:37.128437 getcwd("/home/msfadmin", 4096) = 15
20266 14:32:37.128450 open("myfile5", O_WRONLY|O_CREAT|O_NONBLOCK|O_LARGEFILE, 0666) = 4
20266 14:32:37.128464 fstat64(4, {st_mode=S_IFREG|0644, st_size=17, ...}) = 0
20266 14:32:37.128482 fcntl64(4, F_GETFL) = 0x8801 (flags O_WRONLY|O_NONBLOCK|O_LARGEFILE)
20266 14:32:37.128494 fcntl64(4, F_SETFL, O_WRONLY|O_LARGEFILE) = 0
20266 14:32:37.128504 fcntl64(4, F_SETLKW64, {type=F_WRLCK, whence=SEEK_SET, start=0, len=0}, 0xbfb9b584) = 0
20266 14:32:37.128518 ftruncate64(4, 0) = 0
20266 14:32:37.128538 _llseek(4, 0, [0], SEEK_SET) = 0
20266 14:32:37.128549 write(5, "\v", 1) = 1
20266 14:32:37.128559 read(5,  <unfinished ...>
20264 14:32:37.128572 read(4, "\v", 1)  = 1
20264 14:32:37.128583 write(4, "\1\0\0\0", 4) = 4
20266 14:32:37.128594 <... read resumed> "\1\0\0\0", 4) = 4
20266 14:32:37.128601 write(5, "\v", 1) = 1
20266 14:32:37.128611 read(5,  <unfinished ...>
20264 14:32:37.128618 read(4, "\v", 1)  = 1
20264 14:32:37.128628 write(4, "\1\0\0\0", 4) = 4
20266 14:32:37.128638 <... read resumed> "\1\0\0\0", 4) = 4
20266 14:32:37.128646 write(5, "\r", 1) = 1
20266 14:32:37.128656 read(5,  <unfinished ...>
20264 14:32:37.128662 read(4, "\r", 1)  = 1
20264 14:32:37.128674 select(6, [5], NULL, NULL, {60, 0}) = 1 (in [5], left {60, 0})
20264 14:32:37.128690 accept(5, {sa_family=AF_INET, sin_port=htons(47178), sin_addr=inet_addr("127.0.0.1")}, [16]) = 6
20264 14:32:37.128713 write(4, "\1", 1) = 1
20266 14:32:37.128723 <... read resumed> "\1", 1) = 1
20266 14:32:37.128732 recvmsg(5,  <unfinished ...>
20264 14:32:37.128740 sendmsg(4, {msg_name(0)=NULL, msg_iov(1)=[{"\0", 1}], msg_controllen=16, {cmsg_len=16, cmsg_level=SOL_SOCKET, cmsg_type=SCM_RIGHTS, {6}}, msg_flags=0}, 0) = 1
20266 14:32:37.128758 <... recvmsg resumed> {msg_name(0)=NULL, msg_iov(1)=[{"\0", 1}], msg_controllen=16, {cmsg_len=16, cmsg_level=SOL_SOCKET, cmsg_type=SCM_RIGHTS, {6}}, msg_flags=0}, 0) = 1
20266 14:32:37.128771 setsockopt(6, SOL_SOCKET, SO_KEEPALIVE, [1], 4) = 0
20266 14:32:37.128784 setsockopt(6, SOL_IP, IP_TOS, [8], 4) = 0
20266 14:32:37.128796 setsockopt(6, SOL_SOCKET, SO_LINGER, {onoff=1, linger=32767}, 8) = 0
20266 14:32:37.128807 rt_sigaction(SIGALRM, {0x805cad0, ~[RTMIN RT_1], 0}, NULL, 8) = 0
20266 14:32:37.128820 alarm(300)        = 300
20266 14:32:37.128833 write(0, "150 Ok to send data.\r\n", 22) = 22
20266 14:32:37.128891 read(6, "assasaaa\na\na\na\na\n", 65536) = 17
20266 14:32:37.128892 write(4, "assasaaa\na\na\na\na\n", 17) = 17
20266 14:32:37.128892 read(6, "", 65536) = 0
20266 14:32:37.128892 rt_sigaction(SIGALRM, {0x805cad0, ~[RTMIN RT_1], 0}, NULL, 8) = 0
20266 14:32:37.128892 alarm(300)        = 300
20266 14:32:37.128903 close(6)          = 0
20266 14:32:37.128913 alarm(0)          = 300
20266 14:32:37.128922 gettimeofday({1495650757, 128926}, NULL) = 0
20266 14:32:37.128938 gettimeofday({1495650757, 128941}, NULL) = 0
20266 14:32:37.128952 fcntl64(3, F_SETLKW64, {type=F_WRLCK, whence=SEEK_SET, start=0, len=0}, 0xbfb9b524) = 0
20266 14:32:37.128967 write(3, "Wed May 24 14:32:37 2017 [pid 20266] [msfadmin] OK UPLOAD: Client \"127.0.0.1\", \"/home/msfadmin/myfile5\", 17 bytes, 32.49Kbyte/sec\n", 130) = 130
20266 14:32:37.128988 fcntl64(3, F_SETLK64, {type=F_UNLCK, whence=SEEK_SET, start=0, len=0}, 0xbfb9b52c) = 0
20266 14:32:37.129003 write(0, "226 Transfer complete.\r\n", 24) = 24
20266 14:32:37.129049 write(5, "\n", 1) = 1
20266 14:32:37.129061 read(5,  <unfinished ...>
20264 14:32:37.129068 close(6)          = 0
20264 14:32:37.129086 read(4, "\n", 1)  = 1
20264 14:32:37.129098 close(5)          = 0
20264 14:32:37.129108 write(4, "\1", 1) = 1
20266 14:32:37.129119 <... read resumed> "\1", 1) = 1
20266 14:32:37.129126 close(4)          = 0
20266 14:32:37.129137 rt_sigaction(SIGALRM, {0x805cad0, ~[RTMIN RT_1], 0}, NULL, 8) = 0
20266 14:32:37.129150 alarm(300)        = 0
20266 14:32:37.129160 recv(0,  <unfinished ...>
20264 14:32:37.129168 read(4,  <unfinished ...>
20266 14:32:37.648927 <... recv resumed> "TYPE I\r\n", 4096, MSG_PEEK) = 8
20266 14:32:37.648958 read(0, "TYPE I\r\n", 8) = 8
20266 14:32:37.648980 write(0, "200 Switching to Binary mode.\r\n", 31) = 31
20266 14:32:37.649028 rt_sigaction(SIGALRM, {0x805cad0, ~[RTMIN RT_1], 0}, NULL, 8) = 0
20266 14:32:37.649045 alarm(300)        = 299
20266 14:32:37.649058 recv(0, "PASV\r\n", 4096, MSG_PEEK) = 6
20266 14:32:37.649069 read(0, "PASV\r\n", 6) = 6
20266 14:32:37.649081 write(5, "\n", 1) = 1
20266 14:32:37.649094 read(5,  <unfinished ...>
20264 14:32:37.649102 <... read resumed> "\n", 1) = 1
20264 14:32:37.649111 write(4, "\1", 1) = 1
20266 14:32:37.649122 <... read resumed> "\1", 1) = 1
20266 14:32:37.649129 write(5, "\f", 1) = 1
20266 14:32:37.649139 read(5,  <unfinished ...>
20264 14:32:37.649146 read(4, "\f", 1)  = 1
20264 14:32:37.649165 socket(PF_INET, SOCK_STREAM, IPPROTO_TCP) = 5
20264 14:32:37.649204 setsockopt(5, SOL_SOCKET, SO_REUSEADDR, [1], 4) = 0
20264 14:32:37.649244 bind(5, {sa_family=AF_INET, sin_port=htons(27761), sin_addr=inet_addr("127.0.0.1")}, 16) = 0
20264 14:32:37.649262 listen(5, 1)      = 0
20264 14:32:37.649275 write(4, "ql\0\0", 4) = 4
20266 14:32:37.649287 <... read resumed> "ql\0\0", 4) = 4
20266 14:32:37.649299 write(0, "227 Entering Passive Mode (127,0,0,1,108,113).\r\n", 48) = 48
20266 14:32:37.649414 rt_sigaction(SIGALRM, {0x805cad0, ~[RTMIN RT_1], 0}, NULL, 8) = 0
20266 14:32:37.649431 alarm(300)        = 300
20266 14:32:37.649442 recv(0, "STOR myfile6\r\n", 4096, MSG_PEEK) = 14
20266 14:32:37.649455 read(0, "STOR myfile6\r\n", 14) = 14
20266 14:32:37.649468 write(5, "\v", 1) = 1
20266 14:32:37.649479 read(5,  <unfinished ...>
20264 14:32:37.649486 read(4, "\v", 1)  = 1
20264 14:32:37.649497 write(4, "\1\0\0\0", 4) = 4
20266 14:32:37.649508 <... read resumed> "\1\0\0\0", 4) = 4
20266 14:32:37.649515 gettimeofday({1495650757, 649519}, NULL) = 0
20266 14:32:37.649527 getcwd("/home/msfadmin", 4096) = 15
20266 14:32:37.649539 open("myfile6", O_WRONLY|O_CREAT|O_NONBLOCK|O_LARGEFILE, 0666) = 4
20266 14:32:37.649553 fstat64(4, {st_mode=S_IFREG|0644, st_size=17, ...}) = 0
20266 14:32:37.649571 fcntl64(4, F_GETFL) = 0x8801 (flags O_WRONLY|O_NONBLOCK|O_LARGEFILE)
20266 14:32:37.649582 fcntl64(4, F_SETFL, O_WRONLY|O_LARGEFILE) = 0
20266 14:32:37.649592 fcntl64(4, F_SETLKW64, {type=F_WRLCK, whence=SEEK_SET, start=0, len=0}, 0xbfb9b584) = 0
20266 14:32:37.649606 ftruncate64(4, 0) = 0
20266 14:32:37.649624 _llseek(4, 0, [0], SEEK_SET) = 0
20266 14:32:37.649636 write(5, "\v", 1) = 1
20266 14:32:37.649646 read(5,  <unfinished ...>
20264 14:32:37.649653 read(4, "\v", 1)  = 1
20264 14:32:37.649664 write(4, "\1\0\0\0", 4) = 4
20266 14:32:37.649674 <... read resumed> "\1\0\0\0", 4) = 4
20266 14:32:37.649707 write(5, "\v", 1) = 1
20266 14:32:37.649726 read(5,  <unfinished ...>
20264 14:32:37.649737 read(4, "\v", 1)  = 1
20264 14:32:37.649752 write(4, "\1\0\0\0", 4) = 4
20266 14:32:37.649772 <... read resumed> "\1\0\0\0", 4) = 4
20266 14:32:37.649780 write(5, "\r", 1) = 1
20266 14:32:37.649790 read(5,  <unfinished ...>
20264 14:32:37.649796 read(4, "\r", 1)  = 1
20264 14:32:37.649808 select(6, [5], NULL, NULL, {60, 0}) = 1 (in [5], left {60, 0})
20264 14:32:37.649825 accept(5, {sa_family=AF_INET, sin_port=htons(48022), sin_addr=inet_addr("127.0.0.1")}, [16]) = 6
20264 14:32:37.649848 write(4, "\1", 1) = 1
20266 14:32:37.649858 <... read resumed> "\1", 1) = 1
20266 14:32:37.649867 recvmsg(5,  <unfinished ...>
20264 14:32:37.649875 sendmsg(4, {msg_name(0)=NULL, msg_iov(1)=[{"\0", 1}], msg_controllen=16, {cmsg_len=16, cmsg_level=SOL_SOCKET, cmsg_type=SCM_RIGHTS, {6}}, msg_flags=0}, 0) = 1
20266 14:32:37.649892 <... recvmsg resumed> {msg_name(0)=NULL, msg_iov(1)=[{"\0", 1}], msg_controllen=16, {cmsg_len=16, cmsg_level=SOL_SOCKET, cmsg_type=SCM_RIGHTS, {6}}, msg_flags=0}, 0) = 1
20266 14:32:37.649906 setsockopt(6, SOL_SOCKET, SO_KEEPALIVE, [1], 4) = 0
20266 14:32:37.649918 setsockopt(6, SOL_IP, IP_TOS, [8], 4) = 0
20266 14:32:37.649930 setsockopt(6, SOL_SOCKET, SO_LINGER, {onoff=1, linger=32767}, 8) = 0
20266 14:32:37.649941 rt_sigaction(SIGALRM, {0x805cad0, ~[RTMIN RT_1], 0}, NULL, 8) = 0
20266 14:32:37.649955 alarm(300)        = 300
20266 14:32:37.649968 write(0, "150 Ok to send data.\r\n", 22) = 22
20266 14:32:37.650034 read(6, "assasaaa\na\na\na\na\n", 65536) = 17
20266 14:32:37.650048 write(4, "assasaaa\na\na\na\na\n", 17) = 17
20266 14:32:37.650065 read(6, "", 65536) = 0
20266 14:32:37.650075 rt_sigaction(SIGALRM, {0x805cad0, ~[RTMIN RT_1], 0}, NULL, 8) = 0
20266 14:32:37.650089 alarm(300)        = 300
20266 14:32:37.650099 close(6)          = 0
20266 14:32:37.650108 alarm(0)          = 300
20266 14:32:37.650117 gettimeofday({1495650757, 650121}, NULL) = 0
20266 14:32:37.650133 gettimeofday({1495650757, 650137}, NULL) = 0
20266 14:32:37.650147 fcntl64(3, F_SETLKW64, {type=F_WRLCK, whence=SEEK_SET, start=0, len=0}, 0xbfb9b524) = 0
20266 14:32:37.650165 write(3, "Wed May 24 14:32:37 2017 [pid 20266] [msfadmin] OK UPLOAD: Client \"127.0.0.1\", \"/home/msfadmin/myfile6\", 17 bytes, 26.86Kbyte/sec\n", 130) = 130
20266 14:32:37.650228 fcntl64(3, F_SETLK64, {type=F_UNLCK, whence=SEEK_SET, start=0, len=0}, 0xbfb9b52c) = 0
20266 14:32:37.650255 write(0, "226 Transfer complete.\r\n", 24) = 24
20266 14:32:37.650300 write(5, "\n", 1) = 1
20266 14:32:37.650312 read(5,  <unfinished ...>
20264 14:32:37.650319 close(6)          = 0
20264 14:32:37.650338 read(4, "\n", 1)  = 1
20264 14:32:37.650350 close(5)          = 0
20264 14:32:37.650361 write(4, "\1", 1) = 1
20266 14:32:37.650371 <... read resumed> "\1", 1) = 1
20266 14:32:37.650378 close(4)          = 0
20266 14:32:37.650389 rt_sigaction(SIGALRM, {0x805cad0, ~[RTMIN RT_1], 0}, NULL, 8) = 0
20266 14:32:37.650403 alarm(300)        = 0
20266 14:32:37.650414 recv(0,  <unfinished ...>
20264 14:32:37.650421 read(4,  <unfinished ...>
20260 14:32:37.687943 <... recv resumed> "USER msfadmin\r\n", 4096, MSG_PEEK) = 15
20260 14:32:37.687983 read(0, "USER msfadmin\r\n", 15) = 15
20260 14:32:37.688008 write(0, "331 Any password will do.\r\n", 27) = 27
20260 14:32:37.688053 rt_sigaction(SIGALRM, {0x805cad0, ~[RTMIN RT_1], 0}, NULL, 8) = 0
20260 14:32:37.688071 alarm(300)        = 299
20260 14:32:37.688083 recv(0, "PASS msfadmin\r\n", 4096, MSG_PEEK) = 15
20260 14:32:37.688095 read(0, "PASS msfadmin\r\n", 15) = 15
20260 14:32:37.688111 write(0, "230 Already logged in.\r\n", 24) = 24
20260 14:32:37.688172 rt_sigaction(SIGALRM, {0x805cad0, ~[RTMIN RT_1], 0}, NULL, 8) = 0
20260 14:32:37.688188 alarm(300)        = 300
20260 14:32:37.688199 recv(0, "TYPE I\r\n", 4096, MSG_PEEK) = 8
20260 14:32:37.688211 read(0, "TYPE I\r\n", 8) = 8
20260 14:32:37.688225 write(0, "200 Switching to Binary mode.\r\n", 31) = 31
20260 14:32:37.688261 rt_sigaction(SIGALRM, {0x805cad0, ~[RTMIN RT_1], 0}, NULL, 8) = 0
20260 14:32:37.688276 alarm(300)        = 300
20260 14:32:37.688287 recv(0, "PASV\r\n", 4096, MSG_PEEK) = 6
20260 14:32:37.688298 read(0, "PASV\r\n", 6) = 6
20260 14:32:37.688309 write(5, "\n", 1 <unfinished ...>
20258 14:32:37.688321 <... read resumed> "\n", 1) = 1
20260 14:32:37.688326 <... write resumed> ) = 1
20258 14:32:37.688334 write(4, "\1", 1 <unfinished ...>
20260 14:32:37.688340 read(5,  <unfinished ...>
20258 14:32:37.688346 <... write resumed> ) = 1
20260 14:32:37.688350 <... read resumed> "\1", 1) = 1
20258 14:32:37.688358 read(4,  <unfinished ...>
20260 14:32:37.688362 write(5, "\f", 1 <unfinished ...>
20258 14:32:37.688370 <... read resumed> "\f", 1) = 1
20260 14:32:37.688374 <... write resumed> ) = 1
20258 14:32:37.688382 socket(PF_INET, SOCK_STREAM, IPPROTO_TCP <unfinished ...>
20260 14:32:37.688388 read(5,  <unfinished ...>
20258 14:32:37.688397 <... socket resumed> ) = 5
20258 14:32:37.688405 setsockopt(5, SOL_SOCKET, SO_REUSEADDR, [1], 4) = 0
20258 14:32:37.688420 bind(5, {sa_family=AF_INET, sin_port=htons(65388), sin_addr=inet_addr("127.0.0.1")}, 16) = 0
20258 14:32:37.688437 listen(5, 1)      = 0
20258 14:32:37.688450 write(4, "l\377\0\0", 4 <unfinished ...>
20260 14:32:37.688459 <... read resumed> "l\377\0\0", 4) = 4
20258 14:32:37.688464 <... write resumed> ) = 4
20260 14:32:37.688475 write(0, "227 Entering Passive Mode (127,0,0,1,255,108).\r\n", 48 <unfinished ...>
20258 14:32:37.688484 read(4,  <unfinished ...>
20260 14:32:37.688584 <... write resumed> ) = 48
20260 14:32:37.688596 rt_sigaction(SIGALRM, {0x805cad0, ~[RTMIN RT_1], 0}, NULL, 8) = 0
20260 14:32:37.688610 alarm(300)        = 300
20260 14:32:37.688649 recv(0, "RETR myfile4\r\n", 4096, MSG_PEEK) = 14
20260 14:32:37.688663 read(0, "RETR myfile4\r\n", 14) = 14
20260 14:32:37.688686 write(5, "\v", 1 <unfinished ...>
20258 14:32:37.688694 <... read resumed> "\v", 1) = 1
20260 14:32:37.688699 <... write resumed> ) = 1
20258 14:32:37.688706 write(4, "\1\0\0\0", 4) = 4
20258 14:32:37.688717 read(4,  <unfinished ...>
20260 14:32:37.688724 read(5, "\1\0\0\0", 4) = 4
20260 14:32:37.688736 gettimeofday({1495650757, 688746}, NULL) = 0
20260 14:32:37.688754 getcwd("/home/msfadmin", 4096) = 15
20260 14:32:37.688767 open("myfile4", O_RDONLY|O_NONBLOCK|O_LARGEFILE) = 4
20260 14:32:37.688780 fcntl64(4, F_SETLKW64, {type=F_RDLCK, whence=SEEK_SET, start=0, len=0}, 0xbf9adbb4) = 0
20260 14:32:37.688795 fstat64(4, {st_mode=S_IFREG|0644, st_size=17, ...}) = 0
