26426 15:55:45.963000 _llseek(5, 1233, [1233], SEEK_SET) = 0
26426 15:55:45.963020 munmap(0xb7f06000, 1233) = 0
26426 15:55:45.963029 close(5)          = 0
26426 15:55:45.963048 open("/etc/passwd", O_RDONLY|0x80000 /* O_??? */) = 5
26426 15:55:45.963060 _llseek(5, 0, [0], SEEK_CUR) = 0
26426 15:55:45.963070 fstat64(5, {st_mode=S_IFREG|0644, st_size=1624, ...}) = 0
26426 15:55:45.963086 mmap2(NULL, 1624, PROT_READ, MAP_SHARED, 5, 0) = 0xb7f06000
26426 15:55:45.963096 _llseek(5, 1624, [1624], SEEK_SET) = 0
26426 15:55:45.963111 munmap(0xb7f06000, 1624) = 0
26426 15:55:45.963121 close(5)          = 0
26426 15:55:45.963133 open("/etc/shadow", O_RDONLY|0x80000 /* O_??? */) = 5
26426 15:55:45.963145 _llseek(5, 0, [0], SEEK_CUR) = 0
26426 15:55:45.963155 fstat64(5, {st_mode=S_IFREG|0640, st_size=1233, ...}) = 0
26426 15:55:45.963170 mmap2(NULL, 1233, PROT_READ, MAP_SHARED, 5, 0) = 0xb7f06000
26426 15:55:45.963180 _llseek(5, 1233, [1233], SEEK_SET) = 0
26426 15:55:45.963196 munmap(0xb7f06000, 1233) = 0
26426 15:55:45.963205 close(5)          = 0
26426 15:55:45.963481 getuid32()        = 0
26426 15:55:45.963495 open("/etc/passwd", O_RDONLY|0x80000 /* O_??? */) = 5
26426 15:55:45.963507 _llseek(5, 0, [0], SEEK_CUR) = 0
26426 15:55:45.963517 fstat64(5, {st_mode=S_IFREG|0644, st_size=1624, ...}) = 0
26426 15:55:45.963533 mmap2(NULL, 1624, PROT_READ, MAP_SHARED, 5, 0) = 0xb7f06000
26426 15:55:45.963544 _llseek(5, 1624, [1624], SEEK_SET) = 0
26426 15:55:45.963559 munmap(0xb7f06000, 1624) = 0
26426 15:55:45.963569 close(5)          = 0
26426 15:55:45.963581 open("/etc/shadow", O_RDONLY|0x80000 /* O_??? */) = 5
26426 15:55:45.963594 _llseek(5, 0, [0], SEEK_CUR) = 0
26426 15:55:45.963607 fstat64(5, {st_mode=S_IFREG|0640, st_size=1233, ...}) = 0
26426 15:55:45.963623 mmap2(NULL, 1233, PROT_READ, MAP_SHARED, 5, 0) = 0xb7f06000
26426 15:55:45.963633 _llseek(5, 1233, [1233], SEEK_SET) = 0
26426 15:55:45.963649 munmap(0xb7f06000, 1233) = 0
26426 15:55:45.963658 close(5)          = 0
26426 15:55:45.963670 time(NULL)        = 1495655745
26426 15:55:45.963684 munmap(0xb7f03000, 12164) = 0
26426 15:55:45.963697 munmap(0xb7f01000, 7136) = 0
26426 15:55:45.963711 munmap(0xb7d36000, 95428) = 0
26426 15:55:45.963722 munmap(0xb7cfc000, 201052) = 0
26426 15:55:45.963732 munmap(0xb7ce3000, 101180) = 0
26426 15:55:45.963748 gettimeofday({1495655745, 963751}, NULL) = 0
26426 15:55:45.963759 stat64("/usr/share/zoneinfo/UTC+04:00", 0xbfe4a7b4) = -1 ENOENT (No such file or directory)
26426 15:55:45.963774 open("/usr/share/zoneinfo/UTC+04:00", O_RDONLY) = -1 ENOENT (No such file or directory)
26426 15:55:45.963798 fcntl64(3, F_SETLKW64, {type=F_WRLCK, whence=SEEK_SET, start=0, len=0}, 0xbfe4a904) = 0
26426 15:55:45.963813 write(3, "Wed May 24 15:55:45 2017 [pid 26426] [msfadmin] OK LOGIN: Client \"127.0.0.1\"\n", 77) = 77
26426 15:55:45.963829 fcntl64(3, F_SETLK64, {type=F_UNLCK, whence=SEEK_SET, start=0, len=0}, 0xbfe4a90c) = 0
26426 15:55:45.963842 rt_sigaction(SIGCHLD, {0x805cad0, ~[RTMIN RT_1], 0}, NULL, 8) = 0
26426 15:55:45.963855 write(4, "\1", 1 <unfinished ...>
26427 15:55:45.963865 <... read resumed> "\1", 1) = 1
26426 15:55:45.963870 <... write resumed> ) = 1
26427 15:55:45.963877 exit_group(0)     = ?
26426 15:55:45.963905 --- SIGCHLD (Child exited) @ 0 (0) ---
26426 15:55:45.963912 sigreturn()       = ? (mask now [])
26426 15:55:45.963931 wait4(-1, [{WIFEXITED(s) && WEXITSTATUS(s) == 0}], 0, NULL) = 26427
26426 15:55:45.963944 close(4)          = 0
26426 15:55:45.963955 socketpair(PF_FILE, SOCK_STREAM, 0, [4, 5]) = 0
26426 15:55:45.963968 rt_sigaction(SIGCHLD, {0x805cad0, ~[RTMIN RT_1], 0}, NULL, 8) = 0
26426 15:55:45.963981 rt_sigaction(SIGALRM, {0x805cb10, ~[RTMIN RT_1], 0}, NULL, 8) = 0
26426 15:55:45.963994 clone(child_stack=0, flags=CLONE_CHILD_CLEARTID|CLONE_CHILD_SETTID|SIGCHLD, child_tidptr=0xb7d6c6f8) = 26428
26428 15:55:45.964044 prctl(0x1, 0x9, 0, 0, 0) = 0
26428 15:55:45.964058 close(4)          = 0
26428 15:55:45.964084 open("/etc/passwd", O_RDONLY|0x80000 /* O_??? */) = 4
26428 15:55:45.964101 _llseek(4, 0, [0], SEEK_CUR) = 0
26428 15:55:45.964116 fstat64(4, {st_mode=S_IFREG|0644, st_size=1624, ...}) = 0
26428 15:55:45.964134 mmap2(NULL, 1624, PROT_READ, MAP_SHARED, 4, 0) = 0xb7f06000
26428 15:55:45.964145 _llseek(4, 1624, [1624], SEEK_SET) = 0
26428 15:55:45.964167 munmap(0xb7f06000, 1624) = 0
26428 15:55:45.964178 close(4)          = 0
26428 15:55:45.964190 getuid32()        = 0
26428 15:55:45.964200 open("/etc/passwd", O_RDONLY|0x80000 /* O_??? */) = 4
26428 15:55:45.964212 _llseek(4, 0, [0], SEEK_CUR) = 0
26428 15:55:45.964258 fstat64(4, {st_mode=S_IFREG|0644, st_size=1624, ...}) = 0
26428 15:55:45.964276 mmap2(NULL, 1624, PROT_READ, MAP_SHARED, 4, 0) = 0xb7f06000
26428 15:55:45.964296 _llseek(4, 1624, [1624], SEEK_SET) = 0
26428 15:55:45.964312 munmap(0xb7f06000, 1624) = 0
26428 15:55:45.964322 close(4)          = 0
26428 15:55:45.964347 open("/proc/sys/kernel/ngroups_max", O_RDONLY) = 4
26428 15:55:45.964369 read(4, "65536\n", 31) = 6
26428 15:55:45.964381 close(4)          = 0
26428 15:55:45.964394 socket(PF_FILE, SOCK_STREAM, 0) = 4
26428 15:55:45.964405 fcntl64(4, F_SETFL, O_RDWR|O_NONBLOCK) = 0
26428 15:55:45.964416 connect(4, {sa_family=AF_FILE, path="/var/run/nscd/socket"}, 110) = -1 ENOENT (No such file or directory)
26428 15:55:45.964436 close(4)          = 0
26428 15:55:45.964447 socket(PF_FILE, SOCK_STREAM, 0) = 4
26428 15:55:45.964456 fcntl64(4, F_SETFL, O_RDWR|O_NONBLOCK) = 0
26428 15:55:45.964466 connect(4, {sa_family=AF_FILE, path="/var/run/nscd/socket"}, 110) = -1 ENOENT (No such file or directory)
26428 15:55:45.964484 close(4)          = 0
26428 15:55:45.964507 open("/etc/group", O_RDONLY|0x80000 /* O_??? */) = 4
26428 15:55:45.964521 _llseek(4, 0, [0], SEEK_CUR) = 0
26428 15:55:45.964535 fstat64(4, {st_mode=S_IFREG|0644, st_size=886, ...}) = 0
26428 15:55:45.964551 mmap2(NULL, 886, PROT_READ, MAP_SHARED, 4, 0) = 0xb7f06000
26428 15:55:45.964562 _llseek(4, 886, [886], SEEK_SET) = 0
26428 15:55:45.964586 fstat64(4, {st_mode=S_IFREG|0644, st_size=886, ...}) = 0
26428 15:55:45.964603 munmap(0xb7f06000, 886) = 0
26428 15:55:45.964613 close(4)          = 0
26428 15:55:45.964622 setgroups32(13, [1000, 4, 20, 24, 25, 29, 30, 44, 46, 107, 111, 112, 119]) = 0
26428 15:55:45.964638 geteuid32()       = 0
26428 15:55:45.964648 getegid32()       = 0
26428 15:55:45.964658 setregid32(-1, 1000) = 0
26428 15:55:45.964668 setreuid32(-1, 1000) = 0
26428 15:55:45.964679 chdir("/home/msfadmin") = 0
26428 15:55:45.964690 setreuid32(-1, 0) = 0
26428 15:55:45.964699 setregid32(-1, 0) = 0
26428 15:55:45.964709 setgid32(1000)    = 0
26428 15:55:45.964718 setuid32(1000)    = 0
26428 15:55:45.964728 setrlimit(RLIMIT_NPROC, {rlim_cur=0, rlim_max=0}) = 0
26428 15:55:45.964741 mmap2(NULL, 12288, PROT_READ|PROT_WRITE, MAP_PRIVATE|MAP_ANONYMOUS, -1, 0) = 0xb7f04000
26428 15:55:45.964751 mprotect(0xb7f06000, 4096, PROT_NONE) = 0
26428 15:55:45.964762 mprotect(0xb7f04000, 4096, PROT_NONE) = 0
26428 15:55:45.964773 getcwd("/home/msfadmin", 4096) = 15
26428 15:55:45.964786 umask(022)        = 077
26428 15:55:45.964795 getcwd("/home/msfadmin", 4096) = 15
26428 15:55:45.964809 open(".message", O_RDONLY|O_NONBLOCK|O_LARGEFILE) = -1 ENOENT (No such file or directory)
26428 15:55:45.964830 write(0, "230 Login successful.\r\n", 23) = 23
26428 15:55:45.964912 rt_sigaction(SIGALRM, {0x805cad0, ~[RTMIN RT_1], 0}, NULL, 8) = 0
26428 15:55:45.964929 alarm(300)        = 0
26428 15:55:45.964939 mmap2(NULL, 12288, PROT_READ|PROT_WRITE, MAP_PRIVATE|MAP_ANONYMOUS, -1, 0) = 0xb7f01000
26428 15:55:45.964950 mprotect(0xb7f03000, 4096, PROT_NONE) = 0
26428 15:55:45.964961 mprotect(0xb7f01000, 4096, PROT_NONE) = 0
26428 15:55:45.964973 recv(0, "TYPE I\r\n", 4096, MSG_PEEK) = 8
26428 15:55:45.964985 read(0, "TYPE I\r\n", 8) = 8
26428 15:55:45.965002 write(0, "200 Switching to Binary mode.\r\n", 31) = 31
26428 15:55:45.965041 rt_sigaction(SIGALRM, {0x805cad0, ~[RTMIN RT_1], 0}, NULL, 8) = 0
26428 15:55:45.965056 alarm(300)        = 300
26428 15:55:45.965066 recv(0, "PASV\r\n", 4096, MSG_PEEK) = 6
26428 15:55:45.965077 read(0, "PASV\r\n", 6) = 6
26428 15:55:45.965089 write(5, "\n", 1) = 1
26428 15:55:45.965099 read(5,  <unfinished ...>
26426 15:55:45.965111 close(5)          = 0
26426 15:55:45.965123 getuid32()        = 0
26426 15:55:45.965138 open("/etc/passwd", O_RDONLY|0x80000 /* O_??? */) = 5
26426 15:55:45.965152 _llseek(5, 0, [0], SEEK_CUR) = 0
26426 15:55:45.965164 fstat64(5, {st_mode=S_IFREG|0644, st_size=1624, ...}) = 0
26426 15:55:45.965181 mmap2(NULL, 1624, PROT_READ, MAP_SHARED, 5, 0) = 0xb7f06000
26426 15:55:45.965217 _llseek(5, 1624, [1624], SEEK_SET) = 0
26426 15:55:45.965246 munmap(0xb7f06000, 1624) = 0
26426 15:55:45.965258 close(5)          = 0
26426 15:55:45.965273 setgroups32(0, []) = 0
26426 15:55:45.965284 chdir("/usr/share/empty") = 0
26426 15:55:45.965296 chroot(".")       = 0
26426 15:55:45.965306 capset(NULL, NULL) = -1 EFAULT (Bad address)
26426 15:55:45.965319 prctl(0x8, 0, 0xbfe4a8e8, 0x80549a6, 0xbfe4a8d0) = 0
26426 15:55:45.965330 prctl(0x8, 0x1, 0xbfe4a8e8, 0x8054a49, 0xbfe4a8d0) = 0
26426 15:55:45.965339 setgid32(65534)   = 0
26426 15:55:45.965349 setuid32(65534)   = 0
26426 15:55:45.965358 capset(0x19980330, 0, {CAP_NET_BIND_SERVICE, CAP_NET_BIND_SERVICE, 0}) = 0
26426 15:55:45.965371 read(4, "\n", 1)  = 1
26426 15:55:45.965384 write(4, "\1", 1) = 1
26428 15:55:45.965394 <... read resumed> "\1", 1) = 1
26428 15:55:45.965402 write(5, "\f", 1) = 1
26428 15:55:45.965411 read(5,  <unfinished ...>
26426 15:55:45.965418 read(4, "\f", 1)  = 1
26426 15:55:45.965430 socket(PF_INET, SOCK_STREAM, IPPROTO_TCP) = 5
26426 15:55:45.965442 setsockopt(5, SOL_SOCKET, SO_REUSEADDR, [1], 4) = 0
26426 15:55:45.965453 gettimeofday({1495655745, 965457}, NULL) = 0
26426 15:55:45.965469 bind(5, {sa_family=AF_INET, sin_port=htons(19809), sin_addr=inet_addr("127.0.0.1")}, 16) = 0
26426 15:55:45.965488 listen(5, 1)      = 0
26426 15:55:45.965501 write(4, "aM\0\0", 4) = 4
26428 15:55:45.965511 <... read resumed> "aM\0\0", 4) = 4
26428 15:55:45.965524 write(0, "227 Entering Passive Mode (127,0,0,1,77,97).\r\n", 46) = 46
26428 15:55:45.965624 rt_sigaction(SIGALRM, {0x805cad0, ~[RTMIN RT_1], 0}, NULL, 8) = 0
26428 15:55:45.965641 alarm(300)        = 300
26428 15:55:45.965652 recv(0, "STOR myfile9\r\n", 4096, MSG_PEEK) = 14
26428 15:55:45.965664 read(0, "STOR myfile9\r\n", 14) = 14
26428 15:55:45.965679 write(5, "\v", 1) = 1
26428 15:55:45.965689 read(5,  <unfinished ...>
26426 15:55:45.965696 read(4, "\v", 1)  = 1
26426 15:55:45.965707 write(4, "\1\0\0\0", 4) = 4
26428 15:55:45.965717 <... read resumed> "\1\0\0\0", 4) = 4
26428 15:55:45.965725 gettimeofday({1495655745, 965728}, NULL) = 0
26428 15:55:45.965735 getcwd("/home/msfadmin", 4096) = 15
26428 15:55:45.965747 open("myfile9", O_WRONLY|O_CREAT|O_NONBLOCK|O_LARGEFILE, 0666) = 4
26428 15:55:45.965760 fstat64(4, {st_mode=S_IFREG|0644, st_size=17, ...}) = 0
26428 15:55:45.965777 fcntl64(4, F_GETFL) = 0x8801 (flags O_WRONLY|O_NONBLOCK|O_LARGEFILE)
26428 15:55:45.965787 fcntl64(4, F_SETFL, O_WRONLY|O_LARGEFILE) = 0
26428 15:55:45.965796 fcntl64(4, F_SETLKW64, {type=F_WRLCK, whence=SEEK_SET, start=0, len=0}, 0xbfe4a834) = 0
26428 15:55:45.965811 ftruncate64(4, 0) = 0
26428 15:55:45.965829 _llseek(4, 0, [0], SEEK_SET) = 0
26428 15:55:45.965840 write(5, "\v", 1) = 1
26428 15:55:45.965850 read(5,  <unfinished ...>
26426 15:55:45.965856 read(4, "\v", 1)  = 1
26426 15:55:45.965867 write(4, "\1\0\0\0", 4) = 4
26428 15:55:45.965877 <... read resumed> "\1\0\0\0", 4) = 4
26428 15:55:45.965884 write(5, "\v", 1) = 1
26428 15:55:45.965894 read(5,  <unfinished ...>
26426 15:55:45.965900 read(4, "\v", 1)  = 1
26426 15:55:45.965910 write(4, "\1\0\0\0", 4) = 4
26428 15:55:45.965920 <... read resumed> "\1\0\0\0", 4) = 4
26428 15:55:45.965927 write(5, "\r", 1) = 1
26428 15:55:45.965936 read(5,  <unfinished ...>
26426 15:55:45.965943 read(4, "\r", 1)  = 1
26426 15:55:45.965954 select(6, [5], NULL, NULL, {60, 0}) = 1 (in [5], left {60, 0})
26426 15:55:45.965970 accept(5, {sa_family=AF_INET, sin_port=htons(39315), sin_addr=inet_addr("127.0.0.1")}, [16]) = 6
26426 15:55:45.965992 write(4, "\1", 1) = 1
26428 15:55:45.966002 <... read resumed> "\1", 1) = 1
26428 15:55:45.966011 recvmsg(5,  <unfinished ...>
26426 15:55:45.966020 sendmsg(4, {msg_name(0)=NULL, msg_iov(1)=[{"\0", 1}], msg_controllen=16, {cmsg_len=16, cmsg_level=SOL_SOCKET, cmsg_type=SCM_RIGHTS, {6}}, msg_flags=0}, 0) = 1
26428 15:55:45.966037 <... recvmsg resumed> {msg_name(0)=NULL, msg_iov(1)=[{"\0", 1}], msg_controllen=16, {cmsg_len=16, cmsg_level=SOL_SOCKET, cmsg_type=SCM_RIGHTS, {6}}, msg_flags=0}, 0) = 1
26428 15:55:45.966049 setsockopt(6, SOL_SOCKET, SO_KEEPALIVE, [1], 4) = 0
26428 15:55:45.966061 setsockopt(6, SOL_IP, IP_TOS, [8], 4) = 0
26428 15:55:45.966073 setsockopt(6, SOL_SOCKET, SO_LINGER, {onoff=1, linger=32767}, 8) = 0
26428 15:55:45.966083 rt_sigaction(SIGALRM, {0x805cad0, ~[RTMIN RT_1], 0}, NULL, 8) = 0
26428 15:55:45.966096 alarm(300)        = 300
26428 15:55:45.966108 write(0, "150 Ok to send data.\r\n", 22) = 22
26428 15:55:45.966226 mmap2(NULL, 77824, PROT_READ|PROT_WRITE, MAP_PRIVATE|MAP_ANONYMOUS, -1, 0) = 0xb7d3b000
26428 15:55:45.966241 mprotect(0xb7d4d000, 4096, PROT_NONE) = 0
26428 15:55:45.966252 mprotect(0xb7d3b000, 4096, PROT_NONE) = 0
26428 15:55:45.966262 read(6, "assasaaa\na\na\na\na\n", 65536) = 17
26428 15:55:45.966275 write(4, "assasaaa\na\na\na\na\n", 17) = 17
26428 15:55:45.966290 read(6, "", 65536) = 0
26428 15:55:45.966300 rt_sigaction(SIGALRM, {0x805cad0, ~[RTMIN RT_1], 0}, NULL, 8) = 0
26428 15:55:45.966313 alarm(300)        = 300
26428 15:55:45.966323 close(6)          = 0
26428 15:55:45.966332 alarm(0)          = 300
26428 15:55:45.966341 gettimeofday({1495655745, 966344}, NULL) = 0
26428 15:55:45.966357 getpid()          = 26428
26428 15:55:45.966369 gettimeofday({1495655745, 966372}, NULL) = 0
26428 15:55:45.966389 fcntl64(3, F_SETLKW64, {type=F_WRLCK, whence=SEEK_SET, start=0, len=0}, 0xbfe4a7d4) = 0
26428 15:55:45.966407 write(3, "Wed May 24 15:55:45 2017 [pid 26428] [msfadmin] OK UPLOAD: Client \"127.0.0.1\", \"/home/msfadmin/myfile9\", 17 bytes, 25.78Kbyte/sec\n", 130) = 130
26428 15:55:45.966427 fcntl64(3, F_SETLK64, {type=F_UNLCK, whence=SEEK_SET, start=0, len=0}, 0xbfe4a7dc) = 0
26428 15:55:45.966441 write(0, "226 Transfer complete.\r\n", 24) = 24
26428 15:55:45.966482 write(5, "\n", 1) = 1
26428 15:55:45.966493 read(5,  <unfinished ...>
26426 15:55:45.966500 close(6)          = 0
26426 15:55:45.966518 read(4, "\n", 1)  = 1
26426 15:55:45.966530 close(5)          = 0
26426 15:55:45.966540 write(4, "\1", 1) = 1
26428 15:55:45.966550 <... read resumed> "\1", 1) = 1
26428 15:55:45.966557 close(4)          = 0
26428 15:55:45.966567 rt_sigaction(SIGALRM, {0x805cad0, ~[RTMIN RT_1], 0}, NULL, 8) = 0
26428 15:55:45.966580 alarm(300)        = 0
26428 15:55:45.966591 recv(0,  <unfinished ...>
26426 15:55:45.966598 read(4,  <unfinished ...>
26428 15:55:46.503771 <... recv resumed> "TYPE I\r\n", 4096, MSG_PEEK) = 8
26428 15:55:46.503945 read(0, "TYPE I\r\n", 8) = 8
26428 15:55:46.504098 write(0, "200 Switching to Binary mode.\r\n", 31) = 31
26428 15:55:46.504218 rt_sigaction(SIGALRM, {0x805cad0, ~[RTMIN RT_1], 0}, NULL, 8) = 0
26428 15:55:46.504256 alarm(300)        = 299
26428 15:55:46.504284 recv(0, "PASV\r\n", 4096, MSG_PEEK) = 6
26428 15:55:46.504305 read(0, "PASV\r\n", 6) = 6
26428 15:55:46.504319 write(5, "\n", 1) = 1
26428 15:55:46.504332 read(5,  <unfinished ...>
26426 15:55:46.504340 <... read resumed> "\n", 1) = 1
26426 15:55:46.504349 write(4, "\1", 1) = 1
26428 15:55:46.504359 <... read resumed> "\1", 1) = 1
26428 15:55:46.504366 write(5, "\f", 1) = 1
26428 15:55:46.504376 read(5,  <unfinished ...>
26426 15:55:46.504383 read(4, "\f", 1)  = 1
26426 15:55:46.504394 socket(PF_INET, SOCK_STREAM, IPPROTO_TCP) = 5
26426 15:55:46.504409 setsockopt(5, SOL_SOCKET, SO_REUSEADDR, [1], 4) = 0
26426 15:55:46.504423 bind(5, {sa_family=AF_INET, sin_port=htons(36455), sin_addr=inet_addr("127.0.0.1")}, 16) = 0
26426 15:55:46.504440 listen(5, 1)      = 0
26426 15:55:46.504453 write(4, "g\216\0\0", 4) = 4
26428 15:55:46.504464 <... read resumed> "g\216\0\0", 4) = 4
26428 15:55:46.504476 write(0, "227 Entering Passive Mode (127,0,0,1,142,103).\r\n", 48) = 48
26428 15:55:46.504588 rt_sigaction(SIGALRM, {0x805cad0, ~[RTMIN RT_1], 0}, NULL, 8) = 0
26428 15:55:46.504604 alarm(300)        = 300
26428 15:55:46.504615 recv(0, "STOR myfile10\r\n", 4096, MSG_PEEK) = 15
26428 15:55:46.504627 read(0, "STOR myfile10\r\n", 15) = 15
26428 15:55:46.504641 write(5, "\v", 1) = 1
26428 15:55:46.504651 read(5,  <unfinished ...>
26426 15:55:46.504658 read(4, "\v", 1)  = 1
26426 15:55:46.504669 write(4, "\1\0\0\0", 4) = 4
26428 15:55:46.504679 <... read resumed> "\1\0\0\0", 4) = 4
26428 15:55:46.504687 gettimeofday({1495655746, 504690}, NULL) = 0
26428 15:55:46.504697 getcwd("/home/msfadmin", 4096) = 15
26428 15:55:46.504710 open("myfile10", O_WRONLY|O_CREAT|O_NONBLOCK|O_LARGEFILE, 0666) = 4
26428 15:55:46.504724 fstat64(4, {st_mode=S_IFREG|0644, st_size=17, ...}) = 0
26428 15:55:46.504742 fcntl64(4, F_GETFL) = 0x8801 (flags O_WRONLY|O_NONBLOCK|O_LARGEFILE)
26428 15:55:46.504753 fcntl64(4, F_SETFL, O_WRONLY|O_LARGEFILE) = 0
26428 15:55:46.504762 fcntl64(4, F_SETLKW64, {type=F_WRLCK, whence=SEEK_SET, start=0, len=0}, 0xbfe4a834) = 0
26428 15:55:46.504776 ftruncate64(4, 0) = 0
26428 15:55:46.504830 _llseek(4, 0, [0], SEEK_SET) = 0
26428 15:55:46.504853 write(5, "\v", 1) = 1
26428 15:55:46.504863 read(5,  <unfinished ...>
26426 15:55:46.504870 read(4, "\v", 1)  = 1
26426 15:55:46.504881 write(4, "\1\0\0\0", 4) = 4
26428 15:55:46.504891 <... read resumed> "\1\0\0\0", 4) = 4
26428 15:55:46.504898 write(5, "\v", 1) = 1
26428 15:55:46.504908 read(5,  <unfinished ...>
26426 15:55:46.504914 read(4, "\v", 1)  = 1
26426 15:55:46.504925 write(4, "\1\0\0\0", 4) = 4
26428 15:55:46.504935 <... read resumed> "\1\0\0\0", 4) = 4
26428 15:55:46.504942 write(5, "\r", 1) = 1
26428 15:55:46.504958 read(5,  <unfinished ...>
26426 15:55:46.504965 read(4, "\r", 1)  = 1
26426 15:55:46.504976 select(6, [5], NULL, NULL, {60, 0}) = 1 (in [5], left {60, 0})
26426 15:55:46.504992 accept(5, {sa_family=AF_INET, sin_port=htons(48390), sin_addr=inet_addr("127.0.0.1")}, [16]) = 6
26426 15:55:46.505014 write(4, "\1", 1) = 1
26428 15:55:46.505025 <... read resumed> "\1", 1) = 1
26428 15:55:46.505033 recvmsg(5,  <unfinished ...>
26426 15:55:46.505041 sendmsg(4, {msg_name(0)=NULL, msg_iov(1)=[{"\0", 1}], msg_controllen=16, {cmsg_len=16, cmsg_level=SOL_SOCKET, cmsg_type=SCM_RIGHTS, {6}}, msg_flags=0}, 0) = 1
26428 15:55:46.505058 <... recvmsg resumed> {msg_name(0)=NULL, msg_iov(1)=[{"\0", 1}], msg_controllen=16, {cmsg_len=16, cmsg_level=SOL_SOCKET, cmsg_type=SCM_RIGHTS, {6}}, msg_flags=0}, 0) = 1
26428 15:55:46.505071 setsockopt(6, SOL_SOCKET, SO_KEEPALIVE, [1], 4) = 0
26428 15:55:46.505083 setsockopt(6, SOL_IP, IP_TOS, [8], 4) = 0
26428 15:55:46.505094 setsockopt(6, SOL_SOCKET, SO_LINGER, {onoff=1, linger=32767}, 8) = 0
26428 15:55:46.505105 rt_sigaction(SIGALRM, {0x805cad0, ~[RTMIN RT_1], 0}, NULL, 8) = 0
26428 15:55:46.505118 alarm(300)        = 300
26428 15:55:46.505130 write(0, "150 Ok to send data.\r\n", 22) = 22
26428 15:55:46.505197 read(6, "assasaaa\na\na\na\na\n", 65536) = 17
26428 15:55:46.505211 write(4, "assasaaa\na\na\na\na\n", 17) = 17
26428 15:55:46.505226 read(6, "", 65536) = 0
26428 15:55:46.505236 rt_sigaction(SIGALRM, {0x805cad0, ~[RTMIN RT_1], 0}, NULL, 8) = 0
26428 15:55:46.505250 alarm(300)        = 300
26428 15:55:46.505259 close(6)          = 0
26428 15:55:46.505268 alarm(0)          = 300
26428 15:55:46.505277 gettimeofday({1495655746, 505281}, NULL) = 0
26428 15:55:46.505292 gettimeofday({1495655746, 505295}, NULL) = 0
26428 15:55:46.505306 fcntl64(3, F_SETLKW64, {type=F_WRLCK, whence=SEEK_SET, start=0, len=0}, 0xbfe4a7d4) = 0
26428 15:55:46.505320 write(3, "Wed May 24 15:55:46 2017 [pid 26428] [msfadmin] OK UPLOAD: Client \"127.0.0.1\", \"/home/msfadmin/myfile10\", 17 bytes, 27.44Kbyte/sec\n", 131) = 131
26428 15:55:46.505341 fcntl64(3, F_SETLK64, {type=F_UNLCK, whence=SEEK_SET, start=0, len=0}, 0xbfe4a7dc) = 0
26428 15:55:46.505356 write(0, "226 Transfer complete.\r\n", 24) = 24
26428 15:55:46.505399 write(5, "\n", 1) = 1
26428 15:55:46.505410 read(5,  <unfinished ...>
26426 15:55:46.505417 close(6)          = 0
26426 15:55:46.505436 read(4, "\n", 1)  = 1
26426 15:55:46.505447 close(5)          = 0
26426 15:55:46.505458 write(4, "\1", 1) = 1
26428 15:55:46.505468 <... read resumed> "\1", 1) = 1
26428 15:55:46.505475 close(4)          = 0
26428 15:55:46.505485 rt_sigaction(SIGALRM, {0x805cad0, ~[RTMIN RT_1], 0}, NULL, 8) = 0
26428 15:55:46.505498 alarm(300)        = 0
26428 15:55:46.505509 recv(0,  <unfinished ...>
26426 15:55:46.505516 read(4,  <unfinished ...>
26428 15:55:47.023910 <... recv resumed> "TYPE I\r\n", 4096, MSG_PEEK) = 8
26428 15:55:47.024047 read(0, "TYPE I\r\n", 8) = 8
26428 15:55:47.024168 write(0, "200 Switching to Binary mode.\r\n", 31) = 31
26428 15:55:47.024272 rt_sigaction(SIGALRM, {0x805cad0, ~[RTMIN RT_1], 0}, NULL, 8) = 0
26428 15:55:47.024307 alarm(300)        = 299
26428 15:55:47.024333 recv(0, "PASV\r\n", 4096, MSG_PEEK) = 6
26428 15:55:47.024351 read(0, "PASV\r\n", 6) = 6
26428 15:55:47.024363 write(5, "\n", 1) = 1
26428 15:55:47.024376 read(5,  <unfinished ...>
26426 15:55:47.024384 <... read resumed> "\n", 1) = 1
26426 15:55:47.024393 write(4, "\1", 1) = 1
26428 15:55:47.024404 <... read resumed> "\1", 1) = 1
26428 15:55:47.024411 write(5, "\f", 1) = 1
26428 15:55:47.024420 read(5,  <unfinished ...>
26426 15:55:47.024427 read(4, "\f", 1)  = 1
26426 15:55:47.024439 socket(PF_INET, SOCK_STREAM, IPPROTO_TCP) = 5
26426 15:55:47.024454 setsockopt(5, SOL_SOCKET, SO_REUSEADDR, [1], 4) = 0
26426 15:55:47.024468 bind(5, {sa_family=AF_INET, sin_port=htons(8669), sin_addr=inet_addr("127.0.0.1")}, 16) = 0
26426 15:55:47.024484 listen(5, 1)      = 0
26426 15:55:47.024498 write(4, "\335!\0\0", 4) = 4
26428 15:55:47.024509 <... read resumed> "\335!\0\0", 4) = 4
26428 15:55:47.024529 write(0, "227 Entering Passive Mode (127,0,0,1,33,221).\r\n", 47) = 47
26428 15:55:47.024641 rt_sigaction(SIGALRM, {0x805cad0, ~[RTMIN RT_1], 0}, NULL, 8) = 0
26428 15:55:47.024658 alarm(300)        = 300
26428 15:55:47.024669 recv(0, "STOR myfile11\r\n", 4096, MSG_PEEK) = 15
26428 15:55:47.024681 read(0, "STOR myfile11\r\n", 15) = 15
26428 15:55:47.024694 write(5, "\v", 1) = 1
26428 15:55:47.024704 read(5,  <unfinished ...>
26426 15:55:47.024711 read(4, "\v", 1)  = 1
26426 15:55:47.024722 write(4, "\1\0\0\0", 4) = 4
26428 15:55:47.024732 <... read resumed> "\1\0\0\0", 4) = 4
26428 15:55:47.024740 gettimeofday({1495655747, 24744}, NULL) = 0
26428 15:55:47.024751 getcwd("/home/msfadmin", 4096) = 15
26428 15:55:47.024763 open("myfile11", O_WRONLY|O_CREAT|O_NONBLOCK|O_LARGEFILE, 0666) = 4
26428 15:55:47.024777 fstat64(4, {st_mode=S_IFREG|0644, st_size=17, ...}) = 0
26428 15:55:47.024794 fcntl64(4, F_GETFL) = 0x8801 (flags O_WRONLY|O_NONBLOCK|O_LARGEFILE)
26428 15:55:47.024805 fcntl64(4, F_SETFL, O_WRONLY|O_LARGEFILE) = 0
26428 15:55:47.024815 fcntl64(4, F_SETLKW64, {type=F_WRLCK, whence=SEEK_SET, start=0, len=0}, 0xbfe4a834) = 0
26428 15:55:47.024860 ftruncate64(4, 0) = 0
26428 15:55:47.024888 _llseek(4, 0, [0], SEEK_SET) = 0
26428 15:55:47.024900 write(5, "\v", 1) = 1
26428 15:55:47.024910 read(5,  <unfinished ...>
26426 15:55:47.024917 read(4, "\v", 1)  = 1
26426 15:55:47.024928 write(4, "\1\0\0\0", 4) = 4
26428 15:55:47.024938 <... read resumed> "\1\0\0\0", 4) = 4
26428 15:55:47.024946 write(5, "\v", 1) = 1
26428 15:55:47.024955 read(5,  <unfinished ...>
26426 15:55:47.024961 read(4, "\v", 1)  = 1
26426 15:55:47.024972 write(4, "\1\0\0\0", 4) = 4
26428 15:55:47.024982 <... read resumed> "\1\0\0\0", 4) = 4
26428 15:55:47.024989 write(5, "\r", 1) = 1
26428 15:55:47.024999 read(5,  <unfinished ...>
26426 15:55:47.025005 read(4, "\r", 1)  = 1
26426 15:55:47.025017 select(6, [5], NULL, NULL, {60, 0}) = 1 (in [5], left {60, 0})
26426 15:55:47.025033 accept(5, {sa_family=AF_INET, sin_port=htons(60014), sin_addr=inet_addr("127.0.0.1")}, [16]) = 6
26426 15:55:47.025055 write(4, "\1", 1) = 1
26428 15:55:47.025065 <... read resumed> "\1", 1) = 1
26428 15:55:47.025073 recvmsg(5,  <unfinished ...>
26426 15:55:47.025082 sendmsg(4, {msg_name(0)=NULL, msg_iov(1)=[{"\0", 1}], msg_controllen=16, {cmsg_len=16, cmsg_level=SOL_SOCKET, cmsg_type=SCM_RIGHTS, {6}}, msg_flags=0}, 0) = 1
26428 15:55:47.025098 <... recvmsg resumed> {msg_name(0)=NULL, msg_iov(1)=[{"\0", 1}], msg_controllen=16, {cmsg_len=16, cmsg_level=SOL_SOCKET, cmsg_type=SCM_RIGHTS, {6}}, msg_flags=0}, 0) = 1
26428 15:55:47.025111 setsockopt(6, SOL_SOCKET, SO_KEEPALIVE, [1], 4) = 0
26428 15:55:47.025123 setsockopt(6, SOL_IP, IP_TOS, [8], 4) = 0
26428 15:55:47.025135 setsockopt(6, SOL_SOCKET, SO_LINGER, {onoff=1, linger=32767}, 8) = 0
26428 15:55:47.025146 rt_sigaction(SIGALRM, {0x805cad0, ~[RTMIN RT_1], 0}, NULL, 8) = 0
26428 15:55:47.025159 alarm(300)        = 300
26428 15:55:47.025171 write(0, "150 Ok to send data.\r\n", 22) = 22
26428 15:55:47.025237 read(6, "assasaaa\na\na\na\na\n", 65536) = 17
26428 15:55:47.025250 write(4, "assasaaa\na\na\na\na\n", 17) = 17
26428 15:55:47.025266 read(6, "", 65536) = 0
26428 15:55:47.025276 rt_sigaction(SIGALRM, {0x805cad0, ~[RTMIN RT_1], 0}, NULL, 8) = 0
26428 15:55:47.025290 alarm(300)        = 300
26428 15:55:47.025299 close(6)          = 0
26428 15:55:47.025308 alarm(0)          = 300
26428 15:55:47.025317 gettimeofday({1495655747, 25321}, NULL) = 0
26428 15:55:47.025332 gettimeofday({1495655747, 25336}, NULL) = 0
26428 15:55:47.025346 fcntl64(3, F_SETLKW64, {type=F_WRLCK, whence=SEEK_SET, start=0, len=0}, 0xbfe4a7d4) = 0
26428 15:55:47.025360 write(3, "Wed May 24 15:55:47 2017 [pid 26428] [msfadmin] OK UPLOAD: Client \"127.0.0.1\", \"/home/msfadmin/myfile11\", 17 bytes, 28.04Kbyte/sec\n", 131) = 131
26428 15:55:47.025381 fcntl64(3, F_SETLK64, {type=F_UNLCK, whence=SEEK_SET, start=0, len=0}, 0xbfe4a7dc) = 0
26428 15:55:47.025396 write(0, "226 Transfer complete.\r\n", 24) = 24
26428 15:55:47.025438 write(5, "\n", 1) = 1
26428 15:55:47.025453 read(5,  <unfinished ...>
26426 15:55:47.025460 close(6)          = 0
26426 15:55:47.025479 read(4, "\n", 1)  = 1
26426 15:55:47.025490 close(5)          = 0
26426 15:55:47.025501 write(4, "\1", 1) = 1
26428 15:55:47.025511 <... read resumed> "\1", 1) = 1
26428 15:55:47.025518 close(4)          = 0
26428 15:55:47.025528 rt_sigaction(SIGALRM, {0x805cad0, ~[RTMIN RT_1], 0}, NULL, 8) = 0
26428 15:55:47.025541 alarm(300)        = 0
26428 15:55:47.025552 recv(0,  <unfinished ...>
26426 15:55:47.025559 read(4,  <unfinished ...>
26428 15:55:47.543156 <... recv resumed> "TYPE I\r\n", 4096, MSG_PEEK) = 8
26428 15:55:47.543187 read(0, "TYPE I\r\n", 8) = 8
26428 15:55:47.543208 write(0, "200 Switching to Binary mode.\r\n", 31) = 31
26428 15:55:47.543256 rt_sigaction(SIGALRM, {0x805cad0, ~[RTMIN RT_1], 0}, NULL, 8) = 0
26428 15:55:47.543273 alarm(300)        = 299
26428 15:55:47.543287 recv(0, "PASV\r\n", 4096, MSG_PEEK) = 6
26428 15:55:47.543298 read(0, "PASV\r\n", 6) = 6
26428 15:55:47.543309 write(5, "\n", 1) = 1
26428 15:55:47.543322 read(5,  <unfinished ...>
26426 15:55:47.543330 <... read resumed> "\n", 1) = 1
26426 15:55:47.543339 write(4, "\1", 1) = 1
26428 15:55:47.543349 <... read resumed> "\1", 1) = 1
26428 15:55:47.543356 write(5, "\f", 1) = 1
26428 15:55:47.543365 read(5,  <unfinished ...>
26426 15:55:47.543372 read(4, "\f", 1)  = 1
26426 15:55:47.543383 socket(PF_INET, SOCK_STREAM, IPPROTO_TCP) = 5
26426 15:55:47.543399 setsockopt(5, SOL_SOCKET, SO_REUSEADDR, [1], 4) = 0
26426 15:55:47.543413 bind(5, {sa_family=AF_INET, sin_port=htons(57899), sin_addr=inet_addr("127.0.0.1")}, 16) = 0
26426 15:55:47.543429 listen(5, 1)      = 0
26426 15:55:47.543443 write(4, "+\342\0\0", 4) = 4
26428 15:55:47.543453 <... read resumed> "+\342\0\0", 4) = 4
26428 15:55:47.543465 write(0, "227 Entering Passive Mode (127,0,0,1,226,43).\r\n", 47) = 47
26428 15:55:47.543579 rt_sigaction(SIGALRM, {0x805cad0, ~[RTMIN RT_1], 0}, NULL, 8) = 0
26428 15:55:47.543595 alarm(300)        = 300
26428 15:55:47.543606 recv(0, "STOR myfile12\r\n", 4096, MSG_PEEK) = 15
26428 15:55:47.543618 read(0, "STOR myfile12\r\n", 15) = 15
26428 15:55:47.543631 write(5, "\v", 1) = 1
26428 15:55:47.543642 read(5,  <unfinished ...>
26426 15:55:47.543648 read(4, "\v", 1)  = 1
26426 15:55:47.543659 write(4, "\1\0\0\0", 4) = 4
26428 15:55:47.543669 <... read resumed> "\1\0\0\0", 4) = 4
26428 15:55:47.543677 gettimeofday({1495655747, 543681}, NULL) = 0
26428 15:55:47.543688 getcwd("/home/msfadmin", 4096) = 15
26428 15:55:47.543700 open("myfile12", O_WRONLY|O_CREAT|O_NONBLOCK|O_LARGEFILE, 0666) = 4
26428 15:55:47.543714 fstat64(4, {st_mode=S_IFREG|0644, st_size=17, ...}) = 0
26428 15:55:47.543732 fcntl64(4, F_GETFL) = 0x8801 (flags O_WRONLY|O_NONBLOCK|O_LARGEFILE)
26428 15:55:47.543743 fcntl64(4, F_SETFL, O_WRONLY|O_LARGEFILE) = 0
26428 15:55:47.543752 fcntl64(4, F_SETLKW64, {type=F_WRLCK, whence=SEEK_SET, start=0, len=0}, 0xbfe4a834) = 0
26428 15:55:47.543767 ftruncate64(4, 0) = 0
26428 15:55:47.543785 _llseek(4, 0, [0], SEEK_SET) = 0
26428 15:55:47.543796 write(5, "\v", 1) = 1
26428 15:55:47.543806 read(5,  <unfinished ...>
26426 15:55:47.543813 read(4, "\v", 1)  = 1
26426 15:55:47.543824 write(4, "\1\0\0\0", 4) = 4
26428 15:55:47.543834 <... read resumed> "\1\0\0\0", 4) = 4
26428 15:55:47.543841 write(5, "\v", 1) = 1
26428 15:55:47.543887 read(5,  <unfinished ...>
26426 15:55:47.543894 read(4, "\v", 1)  = 1
26426 15:55:47.543914 write(4, "\1\0\0\0", 4) = 4
26428 15:55:47.543924 <... read resumed> "\1\0\0\0", 4) = 4
26428 15:55:47.543931 write(5, "\r", 1) = 1
26428 15:55:47.543940 read(5,  <unfinished ...>
26426 15:55:47.543947 read(4, "\r", 1)  = 1
26426 15:55:47.543958 select(6, [5], NULL, NULL, {60, 0}) = 1 (in [5], left {60, 0})
26426 15:55:47.543975 accept(5, {sa_family=AF_INET, sin_port=htons(46439), sin_addr=inet_addr("127.0.0.1")}, [16]) = 6
26426 15:55:47.543997 write(4, "\1", 1) = 1
26428 15:55:47.544006 <... read resumed> "\1", 1) = 1
26428 15:55:47.544015 recvmsg(5,  <unfinished ...>
26426 15:55:47.544023 sendmsg(4, {msg_name(0)=NULL, msg_iov(1)=[{"\0", 1}], msg_controllen=16, {cmsg_len=16, cmsg_level=SOL_SOCKET, cmsg_type=SCM_RIGHTS, {6}}, msg_flags=0}, 0) = 1
26428 15:55:47.544046 <... recvmsg resumed> {msg_name(0)=NULL, msg_iov(1)=[{"\0", 1}], msg_controllen=16, {cmsg_len=16, cmsg_level=SOL_SOCKET, cmsg_type=SCM_RIGHTS, {6}}, msg_flags=0}, 0) = 1
26428 15:55:47.544060 setsockopt(6, SOL_SOCKET, SO_KEEPALIVE, [1], 4) = 0
26428 15:55:47.544071 setsockopt(6, SOL_IP, IP_TOS, [8], 4) = 0
26428 15:55:47.544083 setsockopt(6, SOL_SOCKET, SO_LINGER, {onoff=1, linger=32767}, 8) = 0
26428 15:55:47.544094 rt_sigaction(SIGALRM, {0x805cad0, ~[RTMIN RT_1], 0}, NULL, 8) = 0
26428 15:55:47.544107 alarm(300)        = 300
26428 15:55:47.544119 write(0, "150 Ok to send data.\r\n", 22) = 22
26428 15:55:47.544185 read(6, "assasaaa\na\na\na\na\n", 65536) = 17
26428 15:55:47.544199 write(4, "assasaaa\na\na\na\na\n", 17) = 17
26428 15:55:47.544214 read(6, "", 65536) = 0
26428 15:55:47.544224 rt_sigaction(SIGALRM, {0x805cad0, ~[RTMIN RT_1], 0}, NULL, 8) = 0
26428 15:55:47.544237 alarm(300)        = 300
26428 15:55:47.544247 close(6)          = 0
26428 15:55:47.544255 alarm(0)          = 300
26428 15:55:47.544265 gettimeofday({1495655747, 544268}, NULL) = 0
26428 15:55:47.544279 gettimeofday({1495655747, 544283}, NULL) = 0
26428 15:55:47.544293 fcntl64(3, F_SETLKW64, {type=F_WRLCK, whence=SEEK_SET, start=0, len=0}, 0xbfe4a7d4) = 0
26428 15:55:47.544308 write(3, "Wed May 24 15:55:47 2017 [pid 26428] [msfadmin] OK UPLOAD: Client \"127.0.0.1\", \"/home/msfadmin/myfile12\", 17 bytes, 27.58Kbyte/sec\n", 131) = 131
26428 15:55:47.544328 fcntl64(3, F_SETLK64, {type=F_UNLCK, whence=SEEK_SET, start=0, len=0}, 0xbfe4a7dc) = 0
26428 15:55:47.544343 write(0, "226 Transfer complete.\r\n", 24) = 24
26428 15:55:47.544386 write(5, "\n", 1) = 1
26428 15:55:47.544397 read(5,  <unfinished ...>
26426 15:55:47.544404 close(6)          = 0
26426 15:55:47.544422 read(4, "\n", 1)  = 1
26426 15:55:47.544433 close(5)          = 0
26426 15:55:47.544443 write(4, "\1", 1) = 1
26428 15:55:47.544453 <... read resumed> "\1", 1) = 1
26428 15:55:47.544460 close(4)          = 0
26428 15:55:47.544470 rt_sigaction(SIGALRM, {0x805cad0, ~[RTMIN RT_1], 0}, NULL, 8) = 0
26428 15:55:47.544483 alarm(300)        = 0
26428 15:55:47.544494 recv(0,  <unfinished ...>
26426 15:55:47.544501 read(4,  <unfinished ...>
26428 15:55:48.063196 <... recv resumed> "TYPE I\r\n", 4096, MSG_PEEK) = 8
26428 15:55:48.063227 read(0, "TYPE I\r\n", 8) = 8
26428 15:55:48.063249 write(0, "200 Switching to Binary mode.\r\n", 31) = 31
26428 15:55:48.063296 rt_sigaction(SIGALRM, {0x805cad0, ~[RTMIN RT_1], 0}, NULL, 8) = 0
26428 15:55:48.063314 alarm(300)        = 299
26428 15:55:48.063327 recv(0, "PASV\r\n", 4096, MSG_PEEK) = 6
26428 15:55:48.063338 read(0, "PASV\r\n", 6) = 6
26428 15:55:48.063350 write(5, "\n", 1) = 1
26428 15:55:48.063362 read(5,  <unfinished ...>
26426 15:55:48.063371 <... read resumed> "\n", 1) = 1
26426 15:55:48.063380 write(4, "\1", 1) = 1
26428 15:55:48.063390 <... read resumed> "\1", 1) = 1
26428 15:55:48.063397 write(5, "\f", 1) = 1
26428 15:55:48.063407 read(5,  <unfinished ...>
26426 15:55:48.063414 read(4, "\f", 1)  = 1
26426 15:55:48.063425 socket(PF_INET, SOCK_STREAM, IPPROTO_TCP) = 5
26426 15:55:48.063441 setsockopt(5, SOL_SOCKET, SO_REUSEADDR, [1], 4) = 0
26426 15:55:48.063455 bind(5, {sa_family=AF_INET, sin_port=htons(23217), sin_addr=inet_addr("127.0.0.1")}, 16) = 0
26426 15:55:48.063471 listen(5, 1)      = 0
26426 15:55:48.063484 write(4, "\261Z\0\0", 4) = 4
26428 15:55:48.063495 <... read resumed> "\261Z\0\0", 4) = 4
26428 15:55:48.063507 write(0, "227 Entering Passive Mode (127,0,0,1,90,177).\r\n", 47) = 47
26428 15:55:48.063617 rt_sigaction(SIGALRM, {0x805cad0, ~[RTMIN RT_1], 0}, NULL, 8) = 0
26428 15:55:48.063634 alarm(300)        = 300
26428 15:55:48.063645 recv(0, "STOR myfile13\r\n", 4096, MSG_PEEK) = 15
26428 15:55:48.063657 read(0, "STOR myfile13\r\n", 15) = 15
26428 15:55:48.063670 write(5, "\v", 1) = 1
26428 15:55:48.063680 read(5,  <unfinished ...>
26426 15:55:48.063687 read(4, "\v", 1)  = 1
26426 15:55:48.063698 write(4, "\1\0\0\0", 4) = 4
26428 15:55:48.063717 <... read resumed> "\1\0\0\0", 4) = 4
26428 15:55:48.063725 gettimeofday({1495655748, 63729}, NULL) = 0
26428 15:55:48.063736 getcwd("/home/msfadmin", 4096) = 15
26428 15:55:48.063748 open("myfile13", O_WRONLY|O_CREAT|O_NONBLOCK|O_LARGEFILE, 0666) = 4
26428 15:55:48.063762 fstat64(4, {st_mode=S_IFREG|0644, st_size=17, ...}) = 0
26428 15:55:48.063779 fcntl64(4, F_GETFL) = 0x8801 (flags O_WRONLY|O_NONBLOCK|O_LARGEFILE)
26428 15:55:48.063790 fcntl64(4, F_SETFL, O_WRONLY|O_LARGEFILE) = 0
26428 15:55:48.063800 fcntl64(4, F_SETLKW64, {type=F_WRLCK, whence=SEEK_SET, start=0, len=0}, 0xbfe4a834) = 0
26428 15:55:48.063814 ftruncate64(4, 0) = 0
26428 15:55:48.063832 _llseek(4, 0, [0], SEEK_SET) = 0
26428 15:55:48.063843 write(5, "\v", 1) = 1
26428 15:55:48.063853 read(5,  <unfinished ...>
26426 15:55:48.063860 read(4, "\v", 1)  = 1
26426 15:55:48.063871 write(4, "\1\0\0\0", 4) = 4
26428 15:55:48.063881 <... read resumed> "\1\0\0\0", 4) = 4
26428 15:55:48.063888 write(5, "\v", 1) = 1
26428 15:55:48.063928 read(5,  <unfinished ...>
26426 15:55:48.063945 read(4, "\v", 1)  = 1
26426 15:55:48.063956 write(4, "\1\0\0\0", 4) = 4
26428 15:55:48.063967 <... read resumed> "\1\0\0\0", 4) = 4
26428 15:55:48.063974 write(5, "\r", 1) = 1
26428 15:55:48.063984 read(5,  <unfinished ...>
26426 15:55:48.063990 read(4, "\r", 1)  = 1
26426 15:55:48.064002 select(6, [5], NULL, NULL, {60, 0}) = 1 (in [5], left {60, 0})
26426 15:55:48.064018 accept(5, {sa_family=AF_INET, sin_port=htons(52348), sin_addr=inet_addr("127.0.0.1")}, [16]) = 6
26426 15:55:48.064040 write(4, "\1", 1) = 1
26428 15:55:48.064050 <... read resumed> "\1", 1) = 1
26428 15:55:48.064058 recvmsg(5,  <unfinished ...>
26426 15:55:48.064067 sendmsg(4, {msg_name(0)=NULL, msg_iov(1)=[{"\0", 1}], msg_controllen=16, {cmsg_len=16, cmsg_level=SOL_SOCKET, cmsg_type=SCM_RIGHTS, {6}}, msg_flags=0}, 0) = 1
26428 15:55:48.064084 <... recvmsg resumed> {msg_name(0)=NULL, msg_iov(1)=[{"\0", 1}], msg_controllen=16, {cmsg_len=16, cmsg_level=SOL_SOCKET, cmsg_type=SCM_RIGHTS, {6}}, msg_flags=0}, 0) = 1
26428 15:55:48.064097 setsockopt(6, SOL_SOCKET, SO_KEEPALIVE, [1], 4) = 0
26428 15:55:48.064109 setsockopt(6, SOL_IP, IP_TOS, [8], 4) = 0
26428 15:55:48.064120 setsockopt(6, SOL_SOCKET, SO_LINGER, {onoff=1, linger=32767}, 8) = 0
26428 15:55:48.064131 rt_sigaction(SIGALRM, {0x805cad0, ~[RTMIN RT_1], 0}, NULL, 8) = 0
26428 15:55:48.064144 alarm(300)        = 300
26428 15:55:48.064156 write(0, "150 Ok to send data.\r\n", 22) = 22
26428 15:55:48.064222 read(6, "assasaaa\na\na\na\na\n", 65536) = 17
26428 15:55:48.064236 write(4, "assasaaa\na\na\na\na\n", 17) = 17
26428 15:55:48.064252 read(6, "", 65536) = 0
26428 15:55:48.064262 rt_sigaction(SIGALRM, {0x805cad0, ~[RTMIN RT_1], 0}, NULL, 8) = 0
26428 15:55:48.064276 alarm(300)        = 300
26428 15:55:48.064285 close(6)          = 0
26428 15:55:48.064294 alarm(0)          = 300
26428 15:55:48.064303 gettimeofday({1495655748, 64307}, NULL) = 0
26428 15:55:48.064318 gettimeofday({1495655748, 64322}, NULL) = 0
26428 15:55:48.064332 fcntl64(3, F_SETLKW64, {type=F_WRLCK, whence=SEEK_SET, start=0, len=0}, 0xbfe4a7d4) = 0
26428 15:55:48.064347 write(3, "Wed May 24 15:55:48 2017 [pid 26428] [msfadmin] OK UPLOAD: Client \"127.0.0.1\", \"/home/msfadmin/myfile13\", 17 bytes, 28.00Kbyte/sec\n", 131) = 131
26428 15:55:48.064368 fcntl64(3, F_SETLK64, {type=F_UNLCK, whence=SEEK_SET, start=0, len=0}, 0xbfe4a7dc) = 0
26428 15:55:48.064382 write(0, "226 Transfer complete.\r\n", 24) = 24
26428 15:55:48.064425 write(5, "\n", 1) = 1
26428 15:55:48.064437 read(5,  <unfinished ...>
26426 15:55:48.064444 close(6)          = 0
26426 15:55:48.064461 read(4, "\n", 1)  = 1
26426 15:55:48.064473 close(5)          = 0
26426 15:55:48.064483 write(4, "\1", 1) = 1
26428 15:55:48.064494 <... read resumed> "\1", 1) = 1
26428 15:55:48.064501 close(4)          = 0
26428 15:55:48.064511 rt_sigaction(SIGALRM, {0x805cad0, ~[RTMIN RT_1], 0}, NULL, 8) = 0
26428 15:55:48.064524 alarm(300)        = 0
26428 15:55:48.064534 recv(0,  <unfinished ...>
26426 15:55:48.064542 read(4,  <unfinished ...>
