19084 14:20:33.265620 read(7, "\177ELF\1\1\1\0\0\0\0\0\0\0\0\0\3\0\3\0\1\0\0\0\300@\0\0004\0\0\0\224r\1\0\0\0\0\0004\0 \0\6\0(\0\33\0\32\0\1\0\0\0\0\0\0\0\0\0\0\0\0\0\0\0\230f\1\0\230f\1\0\5\0\0\0\0\20\0\0\1\0\0\0\240n\1\0\240~\1\0\240~\1\0\20\3\0\0\234\f\0\0\6\0\0\0\0\20\0\0\2\0\0\0\320n\1\0\320~\1\0\320~\1\0\340\0\0\0\340\0\0\0\6\0\0\0\4\0\0\0\7\0\0\0\240n\1\0\240~\1\0\240~\1\0\0\0\0\0\\\0\0\0\4\0\0\0 \0\0\0Q\345td\0\0\0\0\0\0\0\0\0\0\0\0\0\0\0\0\0\0\0\0\6\0\0\0\4\0\0\0R\345td\240n\1\0\240~\1\0\240~\1\0T\1\0\0T\1\0\0\4\0\0\0\1\0\0\0\7\1\0\0#\1\0\0\0\0\0\0\24\0\0\0\v\1\0\0\306\0\0\0\0\0\0\0\36\1\0\0\330\0\0\0 \1\0\0001\0\0\0\345\0\0\0\34\0\0\0\206\0\0\0\212\0\0\0\234\0\0\0\0\0\0\0*\0\0\0\0\0\0\0\0\0\0\0\370\0\0\0004\0\0\0\0\0\0\0\0\0\0\0\0\0\0\0\0\0\0\0\0\0\0\0\224\0\0\0\0\0\0\0\0\0\0\0\0\0\0\0\244\0\0\0\347\0\0\0\373\0\0\0\0\0\0\0\304\0\0\0\257\0\0\0\0\0\0\0!\1\0\0\0\0\0\0\307\0\0\0\235\0\0\0\25\1\0\0`\0\0\0\0\0\0\0\256\0\0\0\374\0\0\0O\0\0\0i\0\0\0^\0\0\0\337\0\0\0-\0\0\0m\0\0\0\0\0\0\0\0\0\0\0\0\0\0\0\0\0\0\0\260\0\0\0\314\0\0\0\6\0\0\0\276\0\0\0{\0\0\0\226\0\0\0\0\0\0\0E\0\0\0\33\0\0\0\371\0\0\0", 512) = 512
19084 14:20:33.265734 fstat64(7, {st_mode=S_IFREG|0644, st_size=95948, ...}) = 0
19084 14:20:33.265753 mmap2(NULL, 101180, PROT_READ|PROT_EXEC, MAP_PRIVATE|MAP_DENYWRITE, 7, 0) = 0xb7d79000
19084 14:20:33.265765 mmap2(0xb7d90000, 8192, PROT_READ|PROT_WRITE, MAP_PRIVATE|MAP_FIXED|MAP_DENYWRITE, 7, 0x16) = 0xb7d90000
19084 14:20:33.265782 close(7)          = 0
19084 14:20:33.265879 open("/etc/selinux/config", O_RDONLY|O_LARGEFILE) = -1 ENOENT (No such file or directory)
19084 14:20:33.265904 statfs64("/selinux", 84, 0xbfb595ec) = -1 ENOENT (No such file or directory)
19084 14:20:33.265917 open("/proc/mounts", O_RDONLY|O_LARGEFILE) = 7
19084 14:20:33.265943 fstat64(7, {st_mode=S_IFREG|0444, st_size=0, ...}) = 0
19084 14:20:33.265960 mmap2(NULL, 4096, PROT_READ|PROT_WRITE, MAP_PRIVATE|MAP_ANONYMOUS, -1, 0) = 0xb7f95000
19084 14:20:33.265975 read(7, "rootfs / rootfs rw 0 0\nnone /sys sysfs rw,nosuid,nodev,noexec 0 0\nnone /proc proc rw,nosuid,nodev,noexec 0 0\nudev /dev tmpfs rw,relatime 0 0\nfusectl /sys/fs/fuse/connections fusectl rw,relatime 0 0\n/dev/mapper/metasploitable-root / ext3 rw,relatime,errors=remount-ro,data=ordered 0 0\n/dev/mapper/metasploitable-root /dev/.static/dev ext3 rw,relatime,errors=remount-ro,data=ordered 0 0\ntmpfs /var/run tmpfs rw,nosuid,nodev,noexec 0 0\ntmpfs /var/lock tmpfs rw,nosuid,nodev,noexec 0 0\ntmpfs /dev/shm tmpfs rw,relatime 0 0\ndevpts /dev/pts devpts rw,relatime 0 0\ntmpfs /var/run tmpfs rw,nosuid,nodev,noexec 0 0\ntmpfs /var/lock tmpfs rw,nosuid,nodev,noexec 0 0\n/dev/sda1 /boot ext3 rw,relatime,data=ordered 0 0\nsecurityfs /sys/kernel/security securityfs rw,relatime 0 0\nrpc_pipefs /var/lib/nfs/rpc_pipefs rpc_pipefs rw,relatime 0 0\nnfsd /proc/fs/nfsd nfsd rw,relatime 0 0\n", 1024) = 866
19084 14:20:33.266059 read(7, "", 1024) = 0
19084 14:20:33.266069 close(7)          = 0
19084 14:20:33.266079 munmap(0xb7f95000, 4096) = 0
19084 14:20:33.266095 munmap(0xb7dc4000, 29913) = 0
19084 14:20:33.266108 read(6, "", 4096) = 0
19084 14:20:33.266119 close(6)          = 0
19084 14:20:33.266129 munmap(0xb7f96000, 4096) = 0
19084 14:20:33.266140 stat64("/etc/pam.d", {st_mode=S_IFDIR|0755, st_size=4096, ...}) = 0
19084 14:20:33.266160 open("/etc/pam.d/common-account", O_RDONLY|O_LARGEFILE) = 6
19084 14:20:33.266173 fstat64(6, {st_mode=S_IFREG|0644, st_size=392, ...}) = 0
19084 14:20:33.266189 mmap2(NULL, 4096, PROT_READ|PROT_WRITE, MAP_PRIVATE|MAP_ANONYMOUS, -1, 0) = 0xb7f96000
19084 14:20:33.266200 read(6, "#\n# /etc/pam.d/common-account - authorization settings common to all services\n#\n# This file is included from other service-specific PAM config files,\n# and should contain a list of the authorization modules that define\n# the central access policy for use on the system.  The default is to\n# only deny service to users whose accounts are expired in /etc/shadow.\n#\naccount\trequired\tpam_unix.so\n", 4096) = 392
19084 14:20:33.266240 read(6, "", 4096) = 0
19084 14:20:33.266250 close(6)          = 0
19084 14:20:33.266259 munmap(0xb7f96000, 4096) = 0
19084 14:20:33.266270 stat64("/etc/pam.d", {st_mode=S_IFDIR|0755, st_size=4096, ...}) = 0
19084 14:20:33.266288 open("/etc/pam.d/common-session", O_RDONLY|O_LARGEFILE) = 6
19084 14:20:33.266301 fstat64(6, {st_mode=S_IFREG|0644, st_size=372, ...}) = 0
19084 14:20:33.266318 mmap2(NULL, 4096, PROT_READ|PROT_WRITE, MAP_PRIVATE|MAP_ANONYMOUS, -1, 0) = 0xb7f96000
19084 14:20:33.266328 read(6, "#\n# /etc/pam.d/common-session - session-related modules common to all services\n#\n# This file is included from other service-specific PAM config files,\n# and should contain a list of modules that define tasks to be performed\n# at the start and end of sessions of *any* kind (both interactive and\n# non-interactive).  The default is pam_unix.\n#\nsession\trequired\tpam_unix.so\n", 4096) = 372
19084 14:20:33.266367 read(6, "", 4096) = 0
19084 14:20:33.266377 close(6)          = 0
19084 14:20:33.266386 munmap(0xb7f96000, 4096) = 0
19084 14:20:33.266396 read(5, "", 4096) = 0
19084 14:20:33.266406 close(5)          = 0
19084 14:20:33.266415 munmap(0xb7f9c000, 4096) = 0
19084 14:20:33.266425 open("/etc/pam.d/other", O_RDONLY|O_LARGEFILE) = 5
19084 14:20:33.266438 fstat64(5, {st_mode=S_IFREG|0644, st_size=520, ...}) = 0
19084 14:20:33.266454 mmap2(NULL, 4096, PROT_READ|PROT_WRITE, MAP_PRIVATE|MAP_ANONYMOUS, -1, 0) = 0xb7f9c000
19084 14:20:33.266464 read(5, "#\n# /etc/pam.d/other - specify the PAM fallback behaviour\n#\n# Note that this file is used for any unspecified service; for example\n#if /etc/pam.d/cron  specifies no session modules but cron calls\n#pam_open_session, the session module out of /etc/pam.d/other is\n#used.  If you really want nothing to happen then use pam_permit.so or\n#pam_deny.so as appropriate.\n\n# We fall back to the system default in /etc/pam.d/common-*\n# \n\n@include common-auth\n@include common-account\n@include common-password\n@include common-session\n", 4096) = 520
19084 14:20:33.266513 stat64("/etc/pam.d", {st_mode=S_IFDIR|0755, st_size=4096, ...}) = 0
19084 14:20:33.266531 open("/etc/pam.d/common-auth", O_RDONLY|O_LARGEFILE) = 6
19084 14:20:33.266544 fstat64(6, {st_mode=S_IFREG|0644, st_size=476, ...}) = 0
19084 14:20:33.266560 mmap2(NULL, 4096, PROT_READ|PROT_WRITE, MAP_PRIVATE|MAP_ANONYMOUS, -1, 0) = 0xb7f96000
19084 14:20:33.266570 read(6, "#\n# /etc/pam.d/common-auth - authentication settings common to all services\n#\n# This file is included from other service-specific PAM config files,\n# and should contain a list of the authentication modules that define\n# the central authentication scheme for use on the system\n# (e.g., /etc/shadow, LDAP, Kerberos, etc.).  The default is to use the\n# traditional Unix authentication mechanisms.\n#\nauth\trequisite\tpam_unix.so nullok_secure\n# auth\toptional\tpam_smbpass.so migrate\n", 4096) = 476
19084 14:20:33.266634 read(6, "", 4096) = 0
19084 14:20:33.266657 close(6)          = 0
19084 14:20:33.266667 munmap(0xb7f96000, 4096) = 0
19084 14:20:33.266678 stat64("/etc/pam.d", {st_mode=S_IFDIR|0755, st_size=4096, ...}) = 0
19084 14:20:33.266697 open("/etc/pam.d/common-account", O_RDONLY|O_LARGEFILE) = 6
19084 14:20:33.266710 fstat64(6, {st_mode=S_IFREG|0644, st_size=392, ...}) = 0
19084 14:20:33.266726 mmap2(NULL, 4096, PROT_READ|PROT_WRITE, MAP_PRIVATE|MAP_ANONYMOUS, -1, 0) = 0xb7f96000
19084 14:20:33.266737 read(6, "#\n# /etc/pam.d/common-account - authorization settings common to all services\n#\n# This file is included from other service-specific PAM config files,\n# and should contain a list of the authorization modules that define\n# the central access policy for use on the system.  The default is to\n# only deny service to users whose accounts are expired in /etc/shadow.\n#\naccount\trequired\tpam_unix.so\n", 4096) = 392
19084 14:20:33.266775 read(6, "", 4096) = 0
19084 14:20:33.266785 close(6)          = 0
19084 14:20:33.266794 munmap(0xb7f96000, 4096) = 0
19084 14:20:33.266805 stat64("/etc/pam.d", {st_mode=S_IFDIR|0755, st_size=4096, ...}) = 0
19084 14:20:33.266823 open("/etc/pam.d/common-password", O_RDONLY|O_LARGEFILE) = 6
19084 14:20:33.266836 fstat64(6, {st_mode=S_IFREG|0644, st_size=1563, ...}) = 0
19084 14:20:33.266852 mmap2(NULL, 4096, PROT_READ|PROT_WRITE, MAP_PRIVATE|MAP_ANONYMOUS, -1, 0) = 0xb7f96000
19084 14:20:33.266862 read(6, "#\n# /etc/pam.d/common-password - password-related modules common to all services\n#\n# This file is included from other service-specific PAM config files,\n# and should contain a list of modules that define the services to be\n# used to change user passwords.  The default is pam_unix.\n\n# Explanation of pam_unix options:\n#\n# The \"nullok\" option allows users to change an empty password, else\n# empty passwords are treated as locked accounts.\n#\n# The \"md5\" option enables MD5 passwords.  Without this option, the\n# default is Unix crypt.\n#\n# The \"obscure\" option replaces the old `OBSCURE_CHECKS_ENAB\' option in\n# login.defs.\n#\n# You can also use the \"min\" option to enforce the length of the new\n# password.\n#\n# See the pam_unix manpage for other options.\n\npassword   requisite   pam_unix.so nullok obscure md5\n\n# Alternate strength checking for password. Note that this\n# requires the libpam-cracklib package to be installed.\n# You will need to comment out the password line above and\n# uncomment the next two in order to use this.\n# (Replaces the `OBSCURE_CHECKS_ENAB\', `CRACKLIB_DICTPATH\')\n#\n# password required\t  pam_cracklib.so retry=3 minlen=6 difok=3\n# password required\t  pam_unix.so use_authtok nullok md5\n\n# minimally-intrusive inclusion of smbpass in the stack for\n# synchronization.  If the module is absent or the passwords don\'t\n# match, this module will be ignored without prompting; and if the \n# passwords do match, the NTLM hash for the user will be updated\n# automatically.\n# password   optional   pam_smbpass.so nullok use_authtok use_first_pass\n", 4096) = 1563
19084 14:20:33.266977 read(6, "", 4096) = 0
19084 14:20:33.266991 close(6)          = 0
19084 14:20:33.267000 munmap(0xb7f96000, 4096) = 0
19084 14:20:33.267011 stat64("/etc/pam.d", {st_mode=S_IFDIR|0755, st_size=4096, ...}) = 0
19084 14:20:33.267029 open("/etc/pam.d/common-session", O_RDONLY|O_LARGEFILE) = 6
19084 14:20:33.267042 fstat64(6, {st_mode=S_IFREG|0644, st_size=372, ...}) = 0
19084 14:20:33.267058 mmap2(NULL, 4096, PROT_READ|PROT_WRITE, MAP_PRIVATE|MAP_ANONYMOUS, -1, 0) = 0xb7f96000
19084 14:20:33.267069 read(6, "#\n# /etc/pam.d/common-session - session-related modules common to all services\n#\n# This file is included from other service-specific PAM config files,\n# and should contain a list of modules that define tasks to be performed\n# at the start and end of sessions of *any* kind (both interactive and\n# non-interactive).  The default is pam_unix.\n#\nsession\trequired\tpam_unix.so\n", 4096) = 372
19084 14:20:33.267106 read(6, "", 4096) = 0
19084 14:20:33.267116 close(6)          = 0
19084 14:20:33.267125 munmap(0xb7f96000, 4096) = 0
19084 14:20:33.267135 read(5, "", 4096) = 0
19084 14:20:33.267144 close(5)          = 0
19084 14:20:33.267153 munmap(0xb7f9c000, 4096) = 0
19084 14:20:33.267166 time(NULL)        = 1495650033
19084 14:20:33.267178 lstat64("/etc/ftpusers", {st_mode=S_IFREG|0644, st_size=132, ...}) = 0
19084 14:20:33.267196 open("/etc/ftpusers", O_RDONLY|O_LARGEFILE) = 5
19084 14:20:33.267208 fstat64(5, {st_mode=S_IFREG|0644, st_size=132, ...}) = 0
19084 14:20:33.267224 mmap2(NULL, 4096, PROT_READ|PROT_WRITE, MAP_PRIVATE|MAP_ANONYMOUS, -1, 0) = 0xb7f9c000
19084 14:20:33.267234 read(5, "# /etc/ftpusers: list of users disallowed FTP access. See ftpusers(5).\n\nroot\ndaemon\nbin\nsys\nsync\ngames\nman\nlp\nmail\nnews\nuucp\nnobody\n", 4096) = 132
19084 14:20:33.267255 read(5, "", 4096) = 0
19084 14:20:33.267265 close(5)          = 0
19084 14:20:33.267274 munmap(0xb7f9c000, 4096) = 0
19084 14:20:33.267289 getuid32()        = 0
19084 14:20:33.267305 open("/etc/passwd", O_RDONLY|0x80000 /* O_??? */) = 5
19084 14:20:33.267320 _llseek(5, 0, [0], SEEK_CUR) = 0
19084 14:20:33.267331 fstat64(5, {st_mode=S_IFREG|0644, st_size=1624, ...}) = 0
19084 14:20:33.267347 mmap2(NULL, 1624, PROT_READ, MAP_SHARED, 5, 0) = 0xb7f9c000
19084 14:20:33.267358 _llseek(5, 1624, [1624], SEEK_SET) = 0
19084 14:20:33.267377 munmap(0xb7f9c000, 1624) = 0
19084 14:20:33.267388 close(5)          = 0
19084 14:20:33.267411 open("/etc/shadow", O_RDONLY|0x80000 /* O_??? */) = 5
19084 14:20:33.267429 _llseek(5, 0, [0], SEEK_CUR) = 0
19084 14:20:33.267439 fstat64(5, {st_mode=S_IFREG|0640, st_size=1233, ...}) = 0
19084 14:20:33.267455 mmap2(NULL, 1233, PROT_READ, MAP_SHARED, 5, 0) = 0xb7f9c000
19084 14:20:33.267473 _llseek(5, 1233,  <unfinished ...>
19083 14:20:33.267543 <... recv resumed> "USER msfadmin\r\n", 4096, MSG_PEEK) = 15
19083 14:20:33.267581 read(0, "USER msfadmin\r\n", 15) = 15
19083 14:20:33.267615 write(0, "331 Any password will do.\r\n", 27) = 27
19083 14:20:33.267658 rt_sigaction(SIGALRM, {0x805cad0, ~[RTMIN RT_1], 0}, NULL, 8) = 0
19083 14:20:33.267673 alarm(300)        = 299
19083 14:20:33.267685 recv(0, "PASS msfadmin\r\n", 4096, MSG_PEEK) = 15
19083 14:20:33.267696 read(0, "PASS msfadmin\r\n", 15) = 15
19083 14:20:33.267712 write(0, "230 Already logged in.\r\n", 24) = 24
19083 14:20:33.267766 rt_sigaction(SIGALRM, {0x805cad0, ~[RTMIN RT_1], 0}, NULL, 8) = 0
19083 14:20:33.267782 alarm(300)        = 300
19083 14:20:33.267793 recv(0, "TYPE I\r\n", 4096, MSG_PEEK) = 8
19083 14:20:33.267804 read(0, "TYPE I\r\n", 8) = 8
19083 14:20:33.267819 write(0, "200 Switching to Binary mode.\r\n", 31) = 31
19083 14:20:33.267855 rt_sigaction(SIGALRM, {0x805cad0, ~[RTMIN RT_1], 0}, NULL, 8) = 0
19083 14:20:33.267869 alarm(300)        = 300
19083 14:20:33.267880 recv(0, "PASV\r\n", 4096, MSG_PEEK) = 6
19083 14:20:33.267891 read(0, "PASV\r\n", 6) = 6
19083 14:20:33.267903 write(5, "\n", 1 <unfinished ...>
19081 14:20:33.267913 <... read resumed> "\n", 1) = 1
19083 14:20:33.267918 <... write resumed> ) = 1
19081 14:20:33.267925 write(4, "\1", 1) = 1
19081 14:20:33.267936 read(4,  <unfinished ...>
19083 14:20:33.267947 read(5, "\1", 1)  = 1
19083 14:20:33.267959 write(5, "\f", 1 <unfinished ...>
19081 14:20:33.267966 <... read resumed> "\f", 1) = 1
19083 14:20:33.267970 <... write resumed> ) = 1
19081 14:20:33.267977 socket(PF_INET, SOCK_STREAM, IPPROTO_TCP) = 5
19081 14:20:33.267991 setsockopt(5, SOL_SOCKET, SO_REUSEADDR, [1], 4) = 0
19081 14:20:33.268004 bind(5, {sa_family=AF_INET, sin_port=htons(51960), sin_addr=inet_addr("127.0.0.1")}, 16) = 0
19081 14:20:33.268020 listen(5, 1)      = 0
19081 14:20:33.268033 write(4, "\370\312\0\0", 4) = 4
19081 14:20:33.268044 read(4,  <unfinished ...>
19083 14:20:33.268051 read(5, "\370\312\0\0", 4) = 4
19083 14:20:33.268067 write(0, "227 Entering Passive Mode (127,0,0,1,202,248).\r\n", 48) = 48
19083 14:20:33.268163 rt_sigaction(SIGALRM, {0x805cad0, ~[RTMIN RT_1], 0}, NULL, 8) = 0
19083 14:20:33.268179 alarm(300)        = 300
19083 14:20:33.268191 recv(0, "RETR myfile2\r\n", 4096, MSG_PEEK) = 14
19083 14:20:33.268203 read(0, "RETR myfile2\r\n", 14) = 14
19083 14:20:33.268216 write(5, "\v", 1 <unfinished ...>
19081 14:20:33.268224 <... read resumed> "\v", 1) = 1
19083 14:20:33.268229 <... write resumed> ) = 1
19081 14:20:33.268235 write(4, "\1\0\0\0", 4) = 4
19081 14:20:33.268246 read(4,  <unfinished ...>
19083 14:20:33.268252 read(5, "\1\0\0\0", 4) = 4
19083 14:20:33.268264 gettimeofday({1495650033, 268268}, NULL) = 0
19083 14:20:33.268275 getcwd("/home/msfadmin", 4096) = 15
19083 14:20:33.268288 open("myfile2", O_RDONLY|O_NONBLOCK|O_LARGEFILE) = 4
19083 14:20:33.268300 fcntl64(4, F_SETLKW64, {type=F_RDLCK, whence=SEEK_SET, start=0, len=0}, 0xbfcf3704) = 0
19083 14:20:33.268314 fstat64(4, {st_mode=S_IFREG|0644, st_size=17, ...}) = 0
19083 14:20:33.268330 fcntl64(4, F_GETFL) = 0x8800 (flags O_RDONLY|O_NONBLOCK|O_LARGEFILE)
19083 14:20:33.268341 fcntl64(4, F_SETFL, O_RDONLY|O_LARGEFILE) = 0
19083 14:20:33.268352 write(5, "\v", 1 <unfinished ...>
19081 14:20:33.268360 <... read resumed> "\v", 1) = 1
19083 14:20:33.268365 <... write resumed> ) = 1
19081 14:20:33.268371 write(4, "\1\0\0\0", 4) = 4
19081 14:20:33.268382 read(4,  <unfinished ...>
19083 14:20:33.268389 read(5, "\1\0\0\0", 4) = 4
19083 14:20:33.268400 write(5, "\v", 1 <unfinished ...>
19081 14:20:33.268407 <... read resumed> "\v", 1) = 1
19083 14:20:33.268411 <... write resumed> ) = 1
19081 14:20:33.268417 write(4, "\1\0\0\0", 4) = 4
19081 14:20:33.268428 read(4,  <unfinished ...>
19083 14:20:33.268434 read(5, "\1\0\0\0", 4) = 4
19083 14:20:33.268446 write(5, "\r", 1 <unfinished ...>
19081 14:20:33.268453 <... read resumed> "\r", 1) = 1
19083 14:20:33.268457 <... write resumed> ) = 1
19081 14:20:33.268464 select(6, [5], NULL, NULL, {60, 0}) = 1 (in [5], left {60, 0})
19081 14:20:33.268480 accept(5, {sa_family=AF_INET, sin_port=htons(49543), sin_addr=inet_addr("127.0.0.1")}, [16]) = 6
19081 14:20:33.268502 write(4, "\1", 1) = 1
19081 14:20:33.268514 sendmsg(4, {msg_name(0)=NULL, msg_iov(1)=[{"\0", 1}], msg_controllen=16, {cmsg_len=16, cmsg_level=SOL_SOCKET, cmsg_type=SCM_RIGHTS, {6}}, msg_flags=0}, 0) = 1
19081 14:20:33.268668 close(6)          = 0
19081 14:20:33.268681 read(4,  <unfinished ...>
19083 14:20:33.268688 read(5, "\1", 1)  = 1
19083 14:20:33.268712 recvmsg(5, {msg_name(0)=NULL, msg_iov(1)=[{"\0", 1}], msg_controllen=16, {cmsg_len=16, cmsg_level=SOL_SOCKET, cmsg_type=SCM_RIGHTS, {6}}, msg_flags=0}, 0) = 1
19083 14:20:33.268730 setsockopt(6, SOL_SOCKET, SO_KEEPALIVE, [1], 4) = 0
19083 14:20:33.268743 setsockopt(6, SOL_IP, IP_TOS, [8], 4) = 0
19083 14:20:33.268755 setsockopt(6, SOL_SOCKET, SO_LINGER, {onoff=1, linger=32767}, 8) = 0
19083 14:20:33.268766 rt_sigaction(SIGALRM, {0x805cad0, ~[RTMIN RT_1], 0}, NULL, 8) = 0
19083 14:20:33.268779 alarm(300)        = 300
19083 14:20:33.268792 write(0, "150 Opening BINARY mode data connection for myfile2 (17 bytes).\r\n", 65) = 65
19083 14:20:33.268834 _llseek(4, 0, [0], SEEK_CUR) = 0
19083 14:20:33.268846 fstat64(4, {st_mode=S_IFREG|0644, st_size=17, ...}) = 0
19083 14:20:33.268863 _llseek(4, 0, [0], SEEK_SET) = 0
19083 14:20:33.268874 sendfile(6, 4, NULL, 17) = 17
19083 14:20:33.268906 rt_sigaction(SIGALRM, {0x805cad0, ~[RTMIN RT_1], 0}, NULL, 8) = 0
19083 14:20:33.268921 alarm(300)        = 300
19083 14:20:33.268931 close(6)          = 0
19083 14:20:33.268966 alarm(0)          = 300
19083 14:20:33.268977 gettimeofday({1495650033, 268981}, NULL) = 0
19083 14:20:33.268992 gettimeofday({1495650033, 268996}, NULL) = 0
19083 14:20:33.269006 fcntl64(3, F_SETLKW64, {type=F_WRLCK, whence=SEEK_SET, start=0, len=0}, 0xbfcf36a4) = 0
19083 14:20:33.269021 write(3, "Wed May 24 14:20:33 2017 [pid 19083] [msfadmin] OK DOWNLOAD: Client \"127.0.0.1\", \"/home/msfadmin/myfile2\", 17 bytes, 22.80Kbyte/sec\n", 132) = 132
19083 14:20:33.269041 fcntl64(3, F_SETLK64, {type=F_UNLCK, whence=SEEK_SET, start=0, len=0}, 0xbfcf36ac) = 0
19083 14:20:33.269055 write(0, "226 Transfer complete.\r\n", 24) = 24
19083 14:20:33.269115 write(5, "\n", 1 <unfinished ...>
19081 14:20:33.269125 <... read resumed> "\n", 1) = 1
19083 14:20:33.269130 <... write resumed> ) = 1
19081 14:20:33.269136 close(5)          = 0
19081 14:20:33.269148 write(4, "\1", 1) = 1
19081 14:20:33.269159 read(4,  <unfinished ...>
19083 14:20:33.269166 read(5, "\1", 1)  = 1
19083 14:20:33.269177 close(4)          = 0
19083 14:20:33.269188 rt_sigaction(SIGALRM, {0x805cad0, ~[RTMIN RT_1], 0}, NULL, 8) = 0
19083 14:20:33.269201 alarm(300)        = 0
19083 14:20:33.269212 recv(0,  <unfinished ...>
19084 14:20:33.269219 <... _llseek resumed> [1233], SEEK_SET) = 0
19084 14:20:33.269238 munmap(0xb7f9c000, 1233) = 0
19084 14:20:33.269249 close(5)          = 0
19084 14:20:33.269270 open("/etc/passwd", O_RDONLY|0x80000 /* O_??? */) = 5
19084 14:20:33.269284 _llseek(5, 0, [0], SEEK_CUR) = 0
19084 14:20:33.269295 fstat64(5, {st_mode=S_IFREG|0644, st_size=1624, ...}) = 0
19084 14:20:33.269312 mmap2(NULL, 1624, PROT_READ, MAP_SHARED, 5, 0) = 0xb7f9c000
19084 14:20:33.269324 _llseek(5, 1624, [1624], SEEK_SET) = 0
19084 14:20:33.269341 munmap(0xb7f9c000, 1624) = 0
19084 14:20:33.269351 close(5)          = 0
19084 14:20:33.269364 open("/etc/shadow", O_RDONLY|0x80000 /* O_??? */) = 5
19084 14:20:33.269378 _llseek(5, 0, [0], SEEK_CUR) = 0
19084 14:20:33.269388 fstat64(5, {st_mode=S_IFREG|0640, st_size=1233, ...}) = 0
19084 14:20:33.269405 mmap2(NULL, 1233, PROT_READ, MAP_SHARED, 5, 0) = 0xb7f9c000
19084 14:20:33.269415 _llseek(5, 1233, [1233], SEEK_SET) = 0
19084 14:20:33.269432 munmap(0xb7f9c000, 1233) = 0
19084 14:20:33.269442 close(5)          = 0
19084 14:20:33.269698 getuid32()        = 0
19084 14:20:33.269712 open("/etc/passwd", O_RDONLY|0x80000 /* O_??? */) = 5
19084 14:20:33.269725 _llseek(5, 0, [0], SEEK_CUR) = 0
19084 14:20:33.269736 fstat64(5, {st_mode=S_IFREG|0644, st_size=1624, ...}) = 0
19084 14:20:33.269753 mmap2(NULL, 1624, PROT_READ, MAP_SHARED, 5, 0) = 0xb7f9c000
19084 14:20:33.269764 _llseek(5, 1624, [1624], SEEK_SET) = 0
19084 14:20:33.269780 munmap(0xb7f9c000, 1624) = 0
19084 14:20:33.269790 close(5)          = 0
19084 14:20:33.269803 open("/etc/shadow", O_RDONLY|0x80000 /* O_??? */) = 5
19084 14:20:33.269817 _llseek(5, 0, [0], SEEK_CUR) = 0
19084 14:20:33.269827 fstat64(5, {st_mode=S_IFREG|0640, st_size=1233, ...}) = 0
19084 14:20:33.269843 mmap2(NULL, 1233, PROT_READ, MAP_SHARED, 5, 0) = 0xb7f9c000
19084 14:20:33.269854 _llseek(5, 1233, [1233], SEEK_SET) = 0
19084 14:20:33.269870 munmap(0xb7f9c000, 1233) = 0
19084 14:20:33.269880 close(5)          = 0
19084 14:20:33.269892 time(NULL)        = 1495650033
19084 14:20:33.269907 munmap(0xb7f99000, 12164) = 0
19084 14:20:33.269921 munmap(0xb7f97000, 7136) = 0
19084 14:20:33.269934 munmap(0xb7dcc000, 95428) = 0
19084 14:20:33.269945 munmap(0xb7d92000, 201052) = 0
19084 14:20:33.269956 munmap(0xb7d79000, 101180) = 0
19084 14:20:33.269972 gettimeofday({1495650033, 269976}, NULL) = 0
19084 14:20:33.269984 stat64("/usr/share/zoneinfo/UTC+04:00", 0xbfb5b4c4) = -1 ENOENT (No such file or directory)
19084 14:20:33.269999 open("/usr/share/zoneinfo/UTC+04:00", O_RDONLY) = -1 ENOENT (No such file or directory)
19084 14:20:33.270024 fcntl64(3, F_SETLKW64, {type=F_WRLCK, whence=SEEK_SET, start=0, len=0}, 0xbfb5b614) = 0
19084 14:20:33.270044 write(3, "Wed May 24 14:20:33 2017 [pid 19084] [msfadmin] OK LOGIN: Client \"127.0.0.1\"\n", 77) = 77
19084 14:20:33.270061 fcntl64(3, F_SETLK64, {type=F_UNLCK, whence=SEEK_SET, start=0, len=0}, 0xbfb5b61c) = 0
19084 14:20:33.270074 rt_sigaction(SIGCHLD, {0x805cad0, ~[RTMIN RT_1], 0}, NULL, 8) = 0
19084 14:20:33.270088 write(4, "\1", 1 <unfinished ...>
19085 14:20:33.270097 <... read resumed> "\1", 1) = 1
19084 14:20:33.270103 <... write resumed> ) = 1
19085 14:20:33.270110 exit_group(0)     = ?
19084 14:20:33.270138 --- SIGCHLD (Child exited) @ 0 (0) ---
19084 14:20:33.270146 sigreturn()       = ? (mask now [])
19084 14:20:33.270165 wait4(-1, [{WIFEXITED(s) && WEXITSTATUS(s) == 0}], 0, NULL) = 19085
19084 14:20:33.270179 close(4)          = 0
19084 14:20:33.270191 socketpair(PF_FILE, SOCK_STREAM, 0, [4, 5]) = 0
19084 14:20:33.270204 rt_sigaction(SIGCHLD, {0x805cad0, ~[RTMIN RT_1], 0}, NULL, 8) = 0
19084 14:20:33.270218 rt_sigaction(SIGALRM, {0x805cb10, ~[RTMIN RT_1], 0}, NULL, 8) = 0
19084 14:20:33.270232 clone(child_stack=0, flags=CLONE_CHILD_CLEARTID|CLONE_CHILD_SETTID|SIGCHLD, child_tidptr=0xb7e026f8) = 19086
19086 14:20:33.270281 prctl(0x1, 0x9, 0, 0, 0) = 0
19086 14:20:33.270295 close(4)          = 0
19086 14:20:33.270321 open("/etc/passwd", O_RDONLY|0x80000 /* O_??? */) = 4
19086 14:20:33.270338 _llseek(4, 0, [0], SEEK_CUR) = 0
19086 14:20:33.270354 fstat64(4, {st_mode=S_IFREG|0644, st_size=1624, ...}) = 0
19086 14:20:33.270373 mmap2(NULL, 1624, PROT_READ, MAP_SHARED, 4, 0) = 0xb7f9c000
19086 14:20:33.270384 _llseek(4, 1624, [1624], SEEK_SET) = 0
19086 14:20:33.270407 munmap(0xb7f9c000, 1624) = 0
19086 14:20:33.270419 close(4)          = 0
19086 14:20:33.270432 getuid32()        = 0
19086 14:20:33.270443 open("/etc/passwd", O_RDONLY|0x80000 /* O_??? */) = 4
19086 14:20:33.270456 _llseek(4, 0, [0], SEEK_CUR) = 0
19086 14:20:33.270467 fstat64(4, {st_mode=S_IFREG|0644, st_size=1624, ...}) = 0
19086 14:20:33.270483 mmap2(NULL, 1624, PROT_READ, MAP_SHARED, 4, 0) = 0xb7f9c000
19086 14:20:33.270494 _llseek(4, 1624, [1624], SEEK_SET) = 0
19086 14:20:33.270509 munmap(0xb7f9c000, 1624) = 0
19086 14:20:33.270519 close(4)          = 0
19086 14:20:33.270545 open("/proc/sys/kernel/ngroups_max", O_RDONLY) = 4
19086 14:20:33.270565 read(4, "65536\n", 31) = 6
19086 14:20:33.270578 close(4)          = 0
19086 14:20:33.270609 socket(PF_FILE, SOCK_STREAM, 0) = 4
19086 14:20:33.270624 fcntl64(4, F_SETFL, O_RDWR|O_NONBLOCK) = 0
19086 14:20:33.270647 connect(4, {sa_family=AF_FILE, path="/var/run/nscd/socket"}, 110) = -1 ENOENT (No such file or directory)
19086 14:20:33.270668 close(4)          = 0
19086 14:20:33.270680 socket(PF_FILE, SOCK_STREAM, 0) = 4
19086 14:20:33.270690 fcntl64(4, F_SETFL, O_RDWR|O_NONBLOCK) = 0
19086 14:20:33.270700 connect(4, {sa_family=AF_FILE, path="/var/run/nscd/socket"}, 110) = -1 ENOENT (No such file or directory)
19086 14:20:33.270718 close(4)          = 0
19086 14:20:33.270742 open("/etc/group", O_RDONLY|0x80000 /* O_??? */) = 4
19086 14:20:33.270758 _llseek(4, 0, [0], SEEK_CUR) = 0
19086 14:20:33.270770 fstat64(4, {st_mode=S_IFREG|0644, st_size=886, ...}) = 0
19086 14:20:33.270788 mmap2(NULL, 886, PROT_READ, MAP_SHARED, 4, 0) = 0xb7f9c000
19086 14:20:33.270799 _llseek(4, 886, [886], SEEK_SET) = 0
19086 14:20:33.270824 fstat64(4, {st_mode=S_IFREG|0644, st_size=886, ...}) = 0
19086 14:20:33.270841 munmap(0xb7f9c000, 886) = 0
19086 14:20:33.270851 close(4)          = 0
19086 14:20:33.270861 setgroups32(13, [1000, 4, 20, 24, 25, 29, 30, 44, 46, 107, 111, 112, 119]) = 0
19086 14:20:33.270878 geteuid32()       = 0
19086 14:20:33.270888 getegid32()       = 0
19086 14:20:33.270899 setregid32(-1, 1000) = 0
19086 14:20:33.270910 setreuid32(-1, 1000) = 0
19086 14:20:33.270920 chdir("/home/msfadmin") = 0
19086 14:20:33.270932 setreuid32(-1, 0) = 0
19086 14:20:33.270941 setregid32(-1, 0) = 0
19086 14:20:33.270952 setgid32(1000)    = 0
19086 14:20:33.270961 setuid32(1000)    = 0
19086 14:20:33.270972 setrlimit(RLIMIT_NPROC, {rlim_cur=0, rlim_max=0}) = 0
19086 14:20:33.270985 mmap2(NULL, 12288, PROT_READ|PROT_WRITE, MAP_PRIVATE|MAP_ANONYMOUS, -1, 0) = 0xb7f9a000
19086 14:20:33.271000 mprotect(0xb7f9c000, 4096, PROT_NONE) = 0
19086 14:20:33.271012 mprotect(0xb7f9a000, 4096, PROT_NONE) = 0
19086 14:20:33.271023 getcwd("/home/msfadmin", 4096) = 15
19086 14:20:33.271036 umask(022)        = 077
19086 14:20:33.271047 getcwd("/home/msfadmin", 4096) = 15
19086 14:20:33.271060 open(".message", O_RDONLY|O_NONBLOCK|O_LARGEFILE) = -1 ENOENT (No such file or directory)
19086 14:20:33.271082 write(0, "230 Login successful.\r\n", 23) = 23
19086 14:20:33.271157 rt_sigaction(SIGALRM, {0x805cad0, ~[RTMIN RT_1], 0}, NULL, 8) = 0
19086 14:20:33.271174 alarm(300)        = 0
19086 14:20:33.271185 mmap2(NULL, 12288, PROT_READ|PROT_WRITE, MAP_PRIVATE|MAP_ANONYMOUS, -1, 0) = 0xb7f97000
19086 14:20:33.271197 mprotect(0xb7f99000, 4096, PROT_NONE) = 0
19086 14:20:33.271208 mprotect(0xb7f97000, 4096, PROT_NONE) = 0
19086 14:20:33.271221 recv(0, "TYPE I\r\n", 4096, MSG_PEEK) = 8
19086 14:20:33.271234 read(0, "TYPE I\r\n", 8) = 8
19086 14:20:33.271250 write(0, "200 Switching to Binary mode.\r\n", 31) = 31
19086 14:20:33.271289 rt_sigaction(SIGALRM, {0x805cad0, ~[RTMIN RT_1], 0}, NULL, 8) = 0
19086 14:20:33.271303 alarm(300)        = 300
19086 14:20:33.271315 recv(0, "PASV\r\n", 4096, MSG_PEEK) = 6
19086 14:20:33.271339 read(0, "PASV\r\n", 6) = 6
19086 14:20:33.271352 write(5, "\n", 1) = 1
19086 14:20:33.271363 read(5,  <unfinished ...>
19084 14:20:33.271375 close(5)          = 0
19084 14:20:33.271388 getuid32()        = 0
19084 14:20:33.271403 open("/etc/passwd", O_RDONLY|0x80000 /* O_??? */) = 5
19084 14:20:33.271418 _llseek(5, 0, [0], SEEK_CUR) = 0
19084 14:20:33.271430 fstat64(5, {st_mode=S_IFREG|0644, st_size=1624, ...}) = 0
19084 14:20:33.271448 mmap2(NULL, 1624, PROT_READ, MAP_SHARED, 5, 0) = 0xb7f9c000
19084 14:20:33.271459 _llseek(5, 1624, [1624], SEEK_SET) = 0
19084 14:20:33.271477 munmap(0xb7f9c000, 1624) = 0
19084 14:20:33.271489 close(5)          = 0
19084 14:20:33.271504 setgroups32(0, []) = 0
19084 14:20:33.271516 chdir("/usr/share/empty") = 0
19084 14:20:33.271528 chroot(".")       = 0
19084 14:20:33.271557 capset(NULL, NULL) = -1 EFAULT (Bad address)
19084 14:20:33.271574 prctl(0x8, 0, 0xbfb5b5f8, 0x80549a6, 0xbfb5b5e0) = 0
19084 14:20:33.271594 prctl(0x8, 0x1, 0xbfb5b5f8, 0x8054a49, 0xbfb5b5e0) = 0
19084 14:20:33.271605 setgid32(65534)   = 0
19084 14:20:33.271615 setuid32(65534)   = 0
19084 14:20:33.271624 capset(0x19980330, 0, {CAP_NET_BIND_SERVICE, CAP_NET_BIND_SERVICE, 0}) = 0
19084 14:20:33.271637 read(4, "\n", 1)  = 1
19084 14:20:33.271651 write(4, "\1", 1) = 1
19086 14:20:33.271662 <... read resumed> "\1", 1) = 1
19086 14:20:33.271669 write(5, "\f", 1) = 1
19086 14:20:33.271679 read(5,  <unfinished ...>
19084 14:20:33.271686 read(4, "\f", 1)  = 1
19084 14:20:33.271699 socket(PF_INET, SOCK_STREAM, IPPROTO_TCP) = 5
19084 14:20:33.271712 setsockopt(5, SOL_SOCKET, SO_REUSEADDR, [1], 4) = 0
19084 14:20:33.271723 gettimeofday({1495650033, 271727}, NULL) = 0
19084 14:20:33.271739 bind(5, {sa_family=AF_INET, sin_port=htons(6110), sin_addr=inet_addr("127.0.0.1")}, 16) = 0
19084 14:20:33.271754 listen(5, 1)      = 0
19084 14:20:33.271767 write(4, "\336\27\0\0", 4) = 4
19086 14:20:33.271778 <... read resumed> "\336\27\0\0", 4) = 4
19086 14:20:33.271792 write(0, "227 Entering Passive Mode (127,0,0,1,23,222).\r\n", 47) = 47
19086 14:20:33.271883 rt_sigaction(SIGALRM, {0x805cad0, ~[RTMIN RT_1], 0}, NULL, 8) = 0
19086 14:20:33.271900 alarm(300)        = 300
19086 14:20:33.271912 recv(0, "STOR myfile2\r\n", 4096, MSG_PEEK) = 14
19086 14:20:33.271924 read(0, "STOR myfile2\r\n", 14) = 14
19086 14:20:33.271939 write(5, "\v", 1) = 1
19086 14:20:33.271949 read(5,  <unfinished ...>
19084 14:20:33.271957 read(4, "\v", 1)  = 1
19084 14:20:33.271968 write(4, "\1\0\0\0", 4) = 4
19086 14:20:33.271978 <... read resumed> "\1\0\0\0", 4) = 4
19086 14:20:33.271987 gettimeofday({1495650033, 271991}, NULL) = 0
19086 14:20:33.271998 getcwd("/home/msfadmin", 4096) = 15
19086 14:20:33.272010 open("myfile2", O_WRONLY|O_CREAT|O_NONBLOCK|O_LARGEFILE, 0666) = 4
19086 14:20:33.272027 fstat64(4, {st_mode=S_IFREG|0644, st_size=17, ...}) = 0
19086 14:20:33.272044 fcntl64(4, F_GETFL) = 0x8801 (flags O_WRONLY|O_NONBLOCK|O_LARGEFILE)
19086 14:20:33.272055 fcntl64(4, F_SETFL, O_WRONLY|O_LARGEFILE) = 0
19086 14:20:33.272065 fcntl64(4, F_SETLKW64, {type=F_WRLCK, whence=SEEK_SET, start=0, len=0}, 0xbfb5b544) = 0
19086 14:20:33.272080 ftruncate64(4, 0) = 0
19086 14:20:33.272097 _llseek(4, 0, [0], SEEK_SET) = 0
19086 14:20:33.272108 write(5, "\v", 1) = 1
19086 14:20:33.272118 read(5,  <unfinished ...>
19084 14:20:33.272125 read(4, "\v", 1)  = 1
19084 14:20:33.272136 write(4, "\1\0\0\0", 4) = 4
19086 14:20:33.272147 <... read resumed> "\1\0\0\0", 4) = 4
19086 14:20:33.272154 write(5, "\v", 1) = 1
19086 14:20:33.272164 read(5,  <unfinished ...>
19084 14:20:33.272171 read(4, "\v", 1)  = 1
19084 14:20:33.272182 write(4, "\1\0\0\0", 4) = 4
19086 14:20:33.272192 <... read resumed> "\1\0\0\0", 4) = 4
19086 14:20:33.272199 write(5, "\r", 1) = 1
19086 14:20:33.272209 read(5,  <unfinished ...>
19084 14:20:33.272216 read(4, "\r", 1)  = 1
19084 14:20:33.272228 select(6, [5], NULL, NULL, {60, 0}) = 1 (in [5], left {60, 0})
19084 14:20:33.272245 accept(5, {sa_family=AF_INET, sin_port=htons(44270), sin_addr=inet_addr("127.0.0.1")}, [16]) = 6
19084 14:20:33.272267 write(4, "\1", 1) = 1
19086 14:20:33.272277 <... read resumed> "\1", 1) = 1
19086 14:20:33.272286 recvmsg(5,  <unfinished ...>
19084 14:20:33.272296 sendmsg(4, {msg_name(0)=NULL, msg_iov(1)=[{"\0", 1}], msg_controllen=16, {cmsg_len=16, cmsg_level=SOL_SOCKET, cmsg_type=SCM_RIGHTS, {6}}, msg_flags=0}, 0) = 1
19086 14:20:33.272312 <... recvmsg resumed> {msg_name(0)=NULL, msg_iov(1)=[{"\0", 1}], msg_controllen=16, {cmsg_len=16, cmsg_level=SOL_SOCKET, cmsg_type=SCM_RIGHTS, {6}}, msg_flags=0}, 0) = 1
19086 14:20:33.272326 setsockopt(6, SOL_SOCKET, SO_KEEPALIVE, [1], 4) = 0
19086 14:20:33.272338 setsockopt(6, SOL_IP, IP_TOS, [8], 4) = 0
19086 14:20:33.272349 setsockopt(6, SOL_SOCKET, SO_LINGER, {onoff=1, linger=32767}, 8) = 0
19086 14:20:33.272360 rt_sigaction(SIGALRM, {0x805cad0, ~[RTMIN RT_1], 0}, NULL, 8) = 0
19086 14:20:33.272374 alarm(300)        = 300
19086 14:20:33.272386 write(0, "150 Ok to send data.\r\n", 22) = 22
19086 14:20:33.272447 mmap2(NULL, 77824, PROT_READ|PROT_WRITE, MAP_PRIVATE|MAP_ANONYMOUS, -1, 0) = 0xb7dd1000
19086 14:20:33.272461 mprotect(0xb7de3000, 4096, PROT_NONE) = 0
19086 14:20:33.272473 mprotect(0xb7dd1000, 4096, PROT_NONE) = 0
19086 14:20:33.272483 read(6, "assasaaa\na\na\na\na\n", 65536) = 17
19086 14:20:33.272496 write(4, "assasaaa\na\na\na\na\n", 17) = 17
19086 14:20:33.272512 read(6, "", 65536) = 0
19086 14:20:33.272541 rt_sigaction(SIGALRM, {0x805cad0, ~[RTMIN RT_1], 0}, NULL, 8) = 0
19086 14:20:33.272567 alarm(300)        = 300
19086 14:20:33.272577 close(6)          = 0
19086 14:20:33.272587 alarm(0)          = 300
19086 14:20:33.272596 gettimeofday({1495650033, 272600}, NULL) = 0
19086 14:20:33.272614 getpid()          = 19086
19086 14:20:33.272626 gettimeofday({1495650033, 272630}, NULL) = 0
19086 14:20:33.272642 fcntl64(3, F_SETLKW64, {type=F_WRLCK, whence=SEEK_SET, start=0, len=0}, 0xbfb5b4e4) = 0
19086 14:20:33.272657 write(3, "Wed May 24 14:20:33 2017 [pid 19086] [msfadmin] OK UPLOAD: Client \"127.0.0.1\", \"/home/msfadmin/myfile2\", 17 bytes, 25.98Kbyte/sec\n", 130) = 130
19086 14:20:33.272677 fcntl64(3, F_SETLK64, {type=F_UNLCK, whence=SEEK_SET, start=0, len=0}, 0xbfb5b4ec) = 0
19086 14:20:33.272692 write(0, "226 Transfer complete.\r\n", 24) = 24
19086 14:20:33.272731 write(5, "\n", 1) = 1
19086 14:20:33.272743 read(5,  <unfinished ...>
19084 14:20:33.272750 close(6)          = 0
19084 14:20:33.272768 read(4, "\n", 1)  = 1
19084 14:20:33.272779 close(5)          = 0
19084 14:20:33.272790 write(4, "\1", 1) = 1
19086 14:20:33.272801 <... read resumed> "\1", 1) = 1
19086 14:20:33.272808 close(4)          = 0
19086 14:20:33.272819 rt_sigaction(SIGALRM, {0x805cad0, ~[RTMIN RT_1], 0}, NULL, 8) = 0
19086 14:20:33.272832 alarm(300)        = 0
19086 14:20:33.272844 recv(0,  <unfinished ...>
19084 14:20:33.272851 read(4,  <unfinished ...>
19086 14:20:33.778360 <... recv resumed> "TYPE I\r\n", 4096, MSG_PEEK) = 8
19086 14:20:33.778450 read(0, "TYPE I\r\n", 8) = 8
19086 14:20:33.778538 write(0, "200 Switching to Binary mode.\r\n", 31) = 31
19086 14:20:33.778635 rt_sigaction(SIGALRM, {0x805cad0, ~[RTMIN RT_1], 0}, NULL, 8) = 0
19086 14:20:33.778665 alarm(300)        = 299
19086 14:20:33.778689 recv(0, "PASV\r\n", 4096, MSG_PEEK) = 6
19086 14:20:33.778701 read(0, "PASV\r\n", 6) = 6
19086 14:20:33.778713 write(5, "\n", 1) = 1
19086 14:20:33.778726 read(5,  <unfinished ...>
19084 14:20:33.778734 <... read resumed> "\n", 1) = 1
19084 14:20:33.778744 write(4, "\1", 1) = 1
19086 14:20:33.778755 <... read resumed> "\1", 1) = 1
19086 14:20:33.778762 write(5, "\f", 1) = 1
19086 14:20:33.778772 read(5,  <unfinished ...>
19084 14:20:33.778779 read(4, "\f", 1)  = 1
19084 14:20:33.778791 socket(PF_INET, SOCK_STREAM, IPPROTO_TCP) = 5
19084 14:20:33.778811 setsockopt(5, SOL_SOCKET, SO_REUSEADDR, [1], 4) = 0
19084 14:20:33.778835 bind(5, {sa_family=AF_INET, sin_port=htons(24419), sin_addr=inet_addr("127.0.0.1")}, 16) = 0
19084 14:20:33.778862 listen(5, 1)      = 0
19084 14:20:33.778876 write(4, "c_\0\0", 4) = 4
19086 14:20:33.778887 <... read resumed> "c_\0\0", 4) = 4
19086 14:20:33.778899 write(0, "227 Entering Passive Mode (127,0,0,1,95,99).\r\n", 46) = 46
19086 14:20:33.779011 rt_sigaction(SIGALRM, {0x805cad0, ~[RTMIN RT_1], 0}, NULL, 8) = 0
19086 14:20:33.779028 alarm(300)        = 300
19086 14:20:33.779039 recv(0, "STOR myfile3\r\n", 4096, MSG_PEEK) = 14
19086 14:20:33.779051 read(0, "STOR myfile3\r\n", 14) = 14
19086 14:20:33.779065 write(5, "\v", 1) = 1
19086 14:20:33.779075 read(5,  <unfinished ...>
19084 14:20:33.779083 read(4, "\v", 1)  = 1
19084 14:20:33.779094 write(4, "\1\0\0\0", 4) = 4
19086 14:20:33.779104 <... read resumed> "\1\0\0\0", 4) = 4
19086 14:20:33.779112 gettimeofday({1495650033, 779116}, NULL) = 0
19086 14:20:33.779123 getcwd("/home/msfadmin", 4096) = 15
19086 14:20:33.779136 open("myfile3", O_WRONLY|O_CREAT|O_NONBLOCK|O_LARGEFILE, 0666) = 4
19086 14:20:33.779150 fstat64(4, {st_mode=S_IFREG|0644, st_size=17, ...}) = 0
19086 14:20:33.779167 fcntl64(4, F_GETFL) = 0x8801 (flags O_WRONLY|O_NONBLOCK|O_LARGEFILE)
19086 14:20:33.779179 fcntl64(4, F_SETFL, O_WRONLY|O_LARGEFILE) = 0
19086 14:20:33.779189 fcntl64(4, F_SETLKW64, {type=F_WRLCK, whence=SEEK_SET, start=0, len=0}, 0xbfb5b544) = 0
19086 14:20:33.779203 ftruncate64(4, 0) = 0
19086 14:20:33.779251 _llseek(4, 0, [0], SEEK_SET) = 0
19086 14:20:33.779277 write(5, "\v", 1) = 1
19086 14:20:33.779288 read(5,  <unfinished ...>
19084 14:20:33.779295 read(4, "\v", 1)  = 1
19084 14:20:33.779306 write(4, "\1\0\0\0", 4) = 4
19086 14:20:33.779317 <... read resumed> "\1\0\0\0", 4) = 4
19086 14:20:33.779324 write(5, "\v", 1) = 1
19086 14:20:33.779334 read(5,  <unfinished ...>
19084 14:20:33.779341 read(4, "\v", 1)  = 1
19084 14:20:33.779352 write(4, "\1\0\0\0", 4) = 4
19086 14:20:33.779362 <... read resumed> "\1\0\0\0", 4) = 4
19086 14:20:33.779369 write(5, "\r", 1) = 1
19086 14:20:33.779379 read(5,  <unfinished ...>
19084 14:20:33.779386 read(4, "\r", 1)  = 1
19084 14:20:33.779398 select(6, [5], NULL, NULL, {60, 0}) = 1 (in [5], left {60, 0})
19084 14:20:33.779414 accept(5, {sa_family=AF_INET, sin_port=htons(54935), sin_addr=inet_addr("127.0.0.1")}, [16]) = 6
19084 14:20:33.779437 write(4, "\1", 1) = 1
19086 14:20:33.779447 <... read resumed> "\1", 1) = 1
19086 14:20:33.779456 recvmsg(5,  <unfinished ...>
19084 14:20:33.779464 sendmsg(4, {msg_name(0)=NULL, msg_iov(1)=[{"\0", 1}], msg_controllen=16, {cmsg_len=16, cmsg_level=SOL_SOCKET, cmsg_type=SCM_RIGHTS, {6}}, msg_flags=0}, 0) = 1
19086 14:20:33.779481 <... recvmsg resumed> {msg_name(0)=NULL, msg_iov(1)=[{"\0", 1}], msg_controllen=16, {cmsg_len=16, cmsg_level=SOL_SOCKET, cmsg_type=SCM_RIGHTS, {6}}, msg_flags=0}, 0) = 1
19086 14:20:33.779494 setsockopt(6, SOL_SOCKET, SO_KEEPALIVE, [1], 4) = 0
19086 14:20:33.779507 setsockopt(6, SOL_IP, IP_TOS, [8], 4) = 0
19086 14:20:33.779518 setsockopt(6, SOL_SOCKET, SO_LINGER, {onoff=1, linger=32767}, 8) = 0
19086 14:20:33.779535 rt_sigaction(SIGALRM, {0x805cad0, ~[RTMIN RT_1], 0}, NULL, 8) = 0
19086 14:20:33.779549 alarm(300)        = 300
19086 14:20:33.779562 write(0, "150 Ok to send data.\r\n", 22) = 22
19086 14:20:33.779629 read(6, "assasaaa\na\na\na\na\n", 65536) = 17
19086 14:20:33.779643 write(4, "assasaaa\na\na\na\na\n", 17) = 17
19086 14:20:33.779659 read(6, "", 65536) = 0
19086 14:20:33.779669 rt_sigaction(SIGALRM, {0x805cad0, ~[RTMIN RT_1], 0}, NULL, 8) = 0
19086 14:20:33.779683 alarm(300)        = 300
19086 14:20:33.779693 close(6)          = 0
19086 14:20:33.779702 alarm(0)          = 300
19086 14:20:33.779712 gettimeofday({1495650033, 779716}, NULL) = 0
19086 14:20:33.779727 gettimeofday({1495650033, 779731}, NULL) = 0
19086 14:20:33.779741 fcntl64(3, F_SETLKW64, {type=F_WRLCK, whence=SEEK_SET, start=0, len=0}, 0xbfb5b4e4) = 0
19086 14:20:33.779756 write(3, "Wed May 24 14:20:33 2017 [pid 19086] [msfadmin] OK UPLOAD: Client \"127.0.0.1\", \"/home/msfadmin/myfile3\", 17 bytes, 26.99Kbyte/sec\n", 130) = 130
19086 14:20:33.779777 fcntl64(3, F_SETLK64, {type=F_UNLCK, whence=SEEK_SET, start=0, len=0}, 0xbfb5b4ec) = 0
19086 14:20:33.779792 write(0, "226 Transfer complete.\r\n", 24) = 24
19086 14:20:33.779835 write(5, "\n", 1) = 1
19086 14:20:33.779847 read(5,  <unfinished ...>
19084 14:20:33.779854 close(6)          = 0
19084 14:20:33.779872 read(4, "\n", 1)  = 1
19084 14:20:33.779883 close(5)          = 0
19084 14:20:33.779895 write(4, "\1", 1) = 1
19086 14:20:33.779905 <... read resumed> "\1", 1) = 1
19086 14:20:33.779912 close(4)          = 0
19086 14:20:33.779923 rt_sigaction(SIGALRM, {0x805cad0, ~[RTMIN RT_1], 0}, NULL, 8) = 0
19086 14:20:33.779936 alarm(300)        = 0
19086 14:20:33.779947 recv(0,  <unfinished ...>
19084 14:20:33.779955 read(4,  <unfinished ...>
19083 14:20:33.817650 <... recv resumed> "USER msfadmin\r\n", 4096, MSG_PEEK) = 15
19083 14:20:33.817691 read(0, "USER msfadmin\r\n", 15) = 15
19083 14:20:33.817717 write(0, "331 Any password will do.\r\n", 27) = 27
19083 14:20:33.817763 rt_sigaction(SIGALRM, {0x805cad0, ~[RTMIN RT_1], 0}, NULL, 8) = 0
19083 14:20:33.817780 alarm(300)        = 299
19083 14:20:33.817793 recv(0, "PASS msfadmin\r\n", 4096, MSG_PEEK) = 15
19083 14:20:33.817805 read(0, "PASS msfadmin\r\n", 15) = 15
19083 14:20:33.817821 write(0, "230 Already logged in.\r\n", 24) = 24
19083 14:20:33.817883 rt_sigaction(SIGALRM, {0x805cad0, ~[RTMIN RT_1], 0}, NULL, 8) = 0
19083 14:20:33.817902 alarm(300)        = 300
19083 14:20:33.817914 recv(0, "TYPE I\r\n", 4096, MSG_PEEK) = 8
19083 14:20:33.817925 read(0, "TYPE I\r\n", 8) = 8
19083 14:20:33.817939 write(0, "200 Switching to Binary mode.\r\n", 31) = 31
19083 14:20:33.817975 rt_sigaction(SIGALRM, {0x805cad0, ~[RTMIN RT_1], 0}, NULL, 8) = 0
19083 14:20:33.818028 alarm(300)        = 300
19083 14:20:33.818048 recv(0, "PASV\r\n", 4096, MSG_PEEK) = 6
19083 14:20:33.818060 read(0, "PASV\r\n", 6) = 6
19083 14:20:33.818072 write(5, "\n", 1 <unfinished ...>
19081 14:20:33.818083 <... read resumed> "\n", 1) = 1
19083 14:20:33.818089 <... write resumed> ) = 1
19081 14:20:33.818097 write(4, "\1", 1 <unfinished ...>
19083 14:20:33.818102 read(5,  <unfinished ...>
19081 14:20:33.818109 <... write resumed> ) = 1
19083 14:20:33.818113 <... read resumed> "\1", 1) = 1
19081 14:20:33.818120 read(4,  <unfinished ...>
19083 14:20:33.818125 write(5, "\f", 1 <unfinished ...>
19081 14:20:33.818132 <... read resumed> "\f", 1) = 1
19083 14:20:33.818137 <... write resumed> ) = 1
19081 14:20:33.818145 socket(PF_INET, SOCK_STREAM, IPPROTO_TCP <unfinished ...>
19083 14:20:33.818150 read(5,  <unfinished ...>
19081 14:20:33.818159 <... socket resumed> ) = 5
19081 14:20:33.818167 setsockopt(5, SOL_SOCKET, SO_REUSEADDR, [1], 4) = 0
19081 14:20:33.818182 bind(5, {sa_family=AF_INET, sin_port=htons(13028), sin_addr=inet_addr("127.0.0.1")}, 16) = 0
19081 14:20:33.818199 listen(5, 1)      = 0
19081 14:20:33.818212 write(4, "\3442\0\0", 4 <unfinished ...>
19083 14:20:33.818220 <... read resumed> "\3442\0\0", 4) = 4
19081 14:20:33.818226 <... write resumed> ) = 4
19083 14:20:33.818245 write(0, "227 Entering Passive Mode (127,0,0,1,50,228).\r\n", 47 <unfinished ...>
19081 14:20:33.818254 read(4,  <unfinished ...>
19083 14:20:33.818355 <... write resumed> ) = 47
19083 14:20:33.818367 rt_sigaction(SIGALRM, {0x805cad0, ~[RTMIN RT_1], 0}, NULL, 8) = 0
19083 14:20:33.818381 alarm(300)        = 300
19083 14:20:33.818393 recv(0, "RETR myfile3\r\n", 4096, MSG_PEEK) = 14
19083 14:20:33.818405 read(0, "RETR myfile3\r\n", 14) = 14
19083 14:20:33.818417 write(5, "\v", 1 <unfinished ...>
19081 14:20:33.818425 <... read resumed> "\v", 1) = 1
19083 14:20:33.818430 <... write resumed> ) = 1
19081 14:20:33.818436 write(4, "\1\0\0\0", 4) = 4
19081 14:20:33.818447 read(4,  <unfinished ...>
19083 14:20:33.818454 read(5, "\1\0\0\0", 4) = 4
19083 14:20:33.818465 gettimeofday({1495650033, 818469}, NULL) = 0
19083 14:20:33.818508 getcwd("/home/msfadmin", 4096) = 15
19083 14:20:33.818523 open("myfile3", O_RDONLY|O_NONBLOCK|O_LARGEFILE) = 4
19083 14:20:33.818548 fcntl64(4, F_SETLKW64, {type=F_RDLCK, whence=SEEK_SET, start=0, len=0}, 0xbfcf3704) = 0
19083 14:20:33.818563 fstat64(4, {st_mode=S_IFREG|0644, st_size=17, ...}) = 0
19083 14:20:33.818580 fcntl64(4, F_GETFL) = 0x8800 (flags O_RDONLY|O_NONBLOCK|O_LARGEFILE)
19083 14:20:33.818591 fcntl64(4, F_SETFL, O_RDONLY|O_LARGEFILE) = 0
19083 14:20:33.818602 write(5, "\v", 1 <unfinished ...>
19081 14:20:33.818611 <... read resumed> "\v", 1) = 1
19083 14:20:33.818616 <... write resumed> ) = 1
19081 14:20:33.818622 write(4, "\1\0\0\0", 4) = 4
19081 14:20:33.818633 read(4,  <unfinished ...>
19083 14:20:33.818640 read(5, "\1\0\0\0", 4) = 4
19083 14:20:33.818652 write(5, "\v", 1 <unfinished ...>
19081 14:20:33.818659 <... read resumed> "\v", 1) = 1
19083 14:20:33.818663 <... write resumed> ) = 1
19081 14:20:33.818669 write(4, "\1\0\0\0", 4) = 4
19081 14:20:33.818679 read(4,  <unfinished ...>
19083 14:20:33.818686 read(5, "\1\0\0\0", 4) = 4
19083 14:20:33.818697 write(5, "\r", 1 <unfinished ...>
19081 14:20:33.818704 <... read resumed> "\r", 1) = 1
19083 14:20:33.818709 <... write resumed> ) = 1
19081 14:20:33.818716 select(6, [5], NULL, NULL, {60, 0}) = 1 (in [5], left {60, 0})
19081 14:20:33.818732 accept(5, {sa_family=AF_INET, sin_port=htons(44898), sin_addr=inet_addr("127.0.0.1")}, [16]) = 6
19081 14:20:33.818754 write(4, "\1", 1) = 1
19081 14:20:33.818766 sendmsg(4, {msg_name(0)=NULL, msg_iov(1)=[{"\0", 1}], msg_controllen=16, {cmsg_len=16, cmsg_level=SOL_SOCKET, cmsg_type=SCM_RIGHTS, {6}}, msg_flags=0}, 0) = 1
19081 14:20:33.818783 close(6)          = 0
19081 14:20:33.818793 read(4,  <unfinished ...>
19083 14:20:33.818799 read(5, "\1", 1)  = 1
19083 14:20:33.818812 recvmsg(5, {msg_name(0)=NULL, msg_iov(1)=[{"\0", 1}], msg_controllen=16, {cmsg_len=16, cmsg_level=SOL_SOCKET, cmsg_type=SCM_RIGHTS, {6}}, msg_flags=0}, 0) = 1
19083 14:20:33.818830 setsockopt(6, SOL_SOCKET, SO_KEEPALIVE, [1], 4) = 0
19083 14:20:33.818842 setsockopt(6, SOL_IP, IP_TOS, [8], 4) = 0
19083 14:20:33.818854 setsockopt(6, SOL_SOCKET, SO_LINGER, {onoff=1, linger=32767}, 8) = 0
19083 14:20:33.818865 rt_sigaction(SIGALRM, {0x805cad0, ~[RTMIN RT_1], 0}, NULL, 8) = 0
19083 14:20:33.818878 alarm(300)        = 300
19083 14:20:33.818891 write(0, "150 Opening BINARY mode data connection for myfile3 (17 bytes).\r\n", 65) = 65
19083 14:20:33.818933 _llseek(4, 0, [0], SEEK_CUR) = 0
19083 14:20:33.818946 fstat64(4, {st_mode=S_IFREG|0644, st_size=17, ...}) = 0
19083 14:20:33.818963 _llseek(4, 0, [0], SEEK_SET) = 0
19083 14:20:33.819004 sendfile(6, 4, NULL, 17) = 17
19083 14:20:33.819047 rt_sigaction(SIGALRM, {0x805cad0, ~[RTMIN RT_1], 0}, NULL, 8) = 0
19083 14:20:33.819062 alarm(300)        = 300
19083 14:20:33.819072 close(6)          = 0
19083 14:20:33.819108 alarm(0)          = 300
19083 14:20:33.819118 gettimeofday({1495650033, 819122}, NULL) = 0
19083 14:20:33.819134 gettimeofday({1495650033, 819137}, NULL) = 0
19083 14:20:33.819148 fcntl64(3, F_SETLKW64, {type=F_WRLCK, whence=SEEK_SET, start=0, len=0}, 0xbfcf36a4) = 0
19083 14:20:33.819163 write(3, "Wed May 24 14:20:33 2017 [pid 19083] [msfadmin] OK DOWNLOAD: Client \"127.0.0.1\", \"/home/msfadmin/myfile3\", 17 bytes, 24.85Kbyte/sec\n", 132) = 132
19083 14:20:33.819188 fcntl64(3, F_SETLK64, {type=F_UNLCK, whence=SEEK_SET, start=0, len=0}, 0xbfcf36ac) = 0
19083 14:20:33.819202 write(0, "226 Transfer complete.\r\n", 24) = 24
19083 14:20:33.819266 write(5, "\n", 1 <unfinished ...>
19081 14:20:33.819276 <... read resumed> "\n", 1) = 1
19083 14:20:33.819281 <... write resumed> ) = 1
19081 14:20:33.819287 close(5)          = 0
19081 14:20:33.819299 write(4, "\1", 1) = 1
19081 14:20:33.819310 read(4,  <unfinished ...>
19083 14:20:33.819317 read(5, "\1", 1)  = 1
19083 14:20:33.819328 close(4)          = 0
19083 14:20:33.819338 rt_sigaction(SIGALRM, {0x805cad0, ~[RTMIN RT_1], 0}, NULL, 8) = 0
19083 14:20:33.819352 alarm(300)        = 0
19083 14:20:33.819363 recv(0,  <unfinished ...>
19086 14:20:34.288471 <... recv resumed> "TYPE I\r\n", 4096, MSG_PEEK) = 8
19086 14:20:34.288537 read(0, "TYPE I\r\n", 8) = 8
19086 14:20:34.288593 write(0, "200 Switching to Binary mode.\r\n", 31) = 31
19086 14:20:34.288667 rt_sigaction(SIGALRM, {0x805cad0, ~[RTMIN RT_1], 0}, NULL, 8) = 0
19086 14:20:34.288695 alarm(300)        = 299
19086 14:20:34.288711 recv(0, "PASV\r\n", 4096, MSG_PEEK) = 6
19086 14:20:34.288723 read(0, "PASV\r\n", 6) = 6
19086 14:20:34.288735 write(5, "\n", 1) = 1
19086 14:20:34.288747 read(5,  <unfinished ...>
19084 14:20:34.288756 <... read resumed> "\n", 1) = 1
19084 14:20:34.288765 write(4, "\1", 1) = 1
19086 14:20:34.288776 <... read resumed> "\1", 1) = 1
19086 14:20:34.288783 write(5, "\f", 1) = 1
19086 14:20:34.288793 read(5,  <unfinished ...>
19084 14:20:34.288799 read(4, "\f", 1)  = 1
19084 14:20:34.288811 socket(PF_INET, SOCK_STREAM, IPPROTO_TCP) = 5
19084 14:20:34.288827 setsockopt(5, SOL_SOCKET, SO_REUSEADDR, [1], 4) = 0
19084 14:20:34.288842 bind(5, {sa_family=AF_INET, sin_port=htons(56918), sin_addr=inet_addr("127.0.0.1")}, 16) = 0
19084 14:20:34.288858 listen(5, 1)      = 0
19084 14:20:34.288872 write(4, "V\336\0\0", 4) = 4
19086 14:20:34.288883 <... read resumed> "V\336\0\0", 4) = 4
19086 14:20:34.288895 write(0, "227 Entering Passive Mode (127,0,0,1,222,86).\r\n", 47) = 47
19086 14:20:34.289008 rt_sigaction(SIGALRM, {0x805cad0, ~[RTMIN RT_1], 0}, NULL, 8) = 0
19086 14:20:34.289025 alarm(300)        = 300
19086 14:20:34.289037 recv(0, "STOR myfile4\r\n", 4096, MSG_PEEK) = 14
19086 14:20:34.289049 read(0, "STOR myfile4\r\n", 14) = 14
19086 14:20:34.289062 write(5, "\v", 1) = 1
19086 14:20:34.289073 read(5,  <unfinished ...>
19084 14:20:34.289080 read(4, "\v", 1)  = 1
19084 14:20:34.289091 write(4, "\1\0\0\0", 4) = 4
19086 14:20:34.289101 <... read resumed> "\1\0\0\0", 4) = 4
19086 14:20:34.289109 gettimeofday({1495650034, 289113}, NULL) = 0
19086 14:20:34.289120 getcwd("/home/msfadmin", 4096) = 15
19086 14:20:34.289133 open("myfile4", O_WRONLY|O_CREAT|O_NONBLOCK|O_LARGEFILE, 0666) = 4
19086 14:20:34.289147 fstat64(4, {st_mode=S_IFREG|0644, st_size=17, ...}) = 0
