21262 14:43:07.780425 mmap2(NULL, 1624, PROT_READ, MAP_SHARED, 5, 0) = 0xb7f00000
21262 14:43:07.780436 _llseek(5, 1624, [1624], SEEK_SET) = 0
21262 14:43:07.780455 munmap(0xb7f00000, 1624) = 0
21262 14:43:07.780466 close(5)          = 0
21262 14:43:07.780489 open("/etc/shadow", O_RDONLY|0x80000 /* O_??? */) = 5
21262 14:43:07.780506 _llseek(5, 0, [0], SEEK_CUR) = 0
21262 14:43:07.780517 fstat64(5, {st_mode=S_IFREG|0640, st_size=1233, ...}) = 0
21262 14:43:07.780533 mmap2(NULL, 1233, PROT_READ, MAP_SHARED, 5, 0) = 0xb7f00000
21262 14:43:07.780543 _llseek(5, 1233, [1233], SEEK_SET) = 0
21262 14:43:07.780562 munmap(0xb7f00000, 1233) = 0
21262 14:43:07.780572 close(5)          = 0
21262 14:43:07.780590 open("/etc/passwd", O_RDONLY|0x80000 /* O_??? */) = 5
21262 14:43:07.780603 _llseek(5, 0, [0], SEEK_CUR) = 0
21262 14:43:07.780613 fstat64(5, {st_mode=S_IFREG|0644, st_size=1624, ...}) = 0
21262 14:43:07.780629 mmap2(NULL, 1624, PROT_READ, MAP_SHARED, 5, 0) = 0xb7f00000
21262 14:43:07.780640 _llseek(5, 1624, [1624], SEEK_SET) = 0
21262 14:43:07.780655 munmap(0xb7f00000, 1624) = 0
21262 14:43:07.780685 close(5)          = 0
21262 14:43:07.780701 open("/etc/shadow", O_RDONLY|0x80000 /* O_??? */) = 5
21262 14:43:07.780725 _llseek(5, 0, [0], SEEK_CUR) = 0
21262 14:43:07.780735 fstat64(5, {st_mode=S_IFREG|0640, st_size=1233, ...}) = 0
21262 14:43:07.780751 mmap2(NULL, 1233, PROT_READ, MAP_SHARED, 5, 0) = 0xb7f00000
21262 14:43:07.780762 _llseek(5, 1233, [1233], SEEK_SET) = 0
21262 14:43:07.780779 munmap(0xb7f00000, 1233) = 0
21262 14:43:07.780788 close(5)          = 0
21262 14:43:07.781020 getuid32()        = 0
21262 14:43:07.781031 open("/etc/passwd", O_RDONLY|0x80000 /* O_??? */) = 5
21262 14:43:07.781043 _llseek(5, 0, [0], SEEK_CUR) = 0
21262 14:43:07.781053 fstat64(5, {st_mode=S_IFREG|0644, st_size=1624, ...}) = 0
21262 14:43:07.781069 mmap2(NULL, 1624, PROT_READ, MAP_SHARED, 5, 0) = 0xb7f00000
21262 14:43:07.781080 _llseek(5, 1624, [1624], SEEK_SET) = 0
21262 14:43:07.781095 munmap(0xb7f00000, 1624) = 0
21262 14:43:07.781104 close(5)          = 0
21262 14:43:07.781117 open("/etc/shadow", O_RDONLY|0x80000 /* O_??? */) = 5
21262 14:43:07.781129 _llseek(5, 0, [0], SEEK_CUR) = 0
21262 14:43:07.781139 fstat64(5, {st_mode=S_IFREG|0640, st_size=1233, ...}) = 0
21262 14:43:07.781155 mmap2(NULL, 1233, PROT_READ, MAP_SHARED, 5, 0) = 0xb7f00000
21262 14:43:07.781187 _llseek(5, 1233, [1233], SEEK_SET) = 0
21262 14:43:07.781218 munmap(0xb7f00000, 1233) = 0
21262 14:43:07.781228 close(5)          = 0
21262 14:43:07.781240 time(NULL)        = 1495651387
21262 14:43:07.781255 munmap(0xb7efd000, 12164) = 0
21262 14:43:07.781269 munmap(0xb7efb000, 7136) = 0
21262 14:43:07.781282 munmap(0xb7d30000, 95428) = 0
21262 14:43:07.781293 munmap(0xb7cf6000, 201052) = 0
21262 14:43:07.781304 munmap(0xb7cdd000, 101180) = 0
21262 14:43:07.781320 gettimeofday({1495651387, 781328}, NULL) = 0
21262 14:43:07.781336 stat64("/usr/share/zoneinfo/UTC+04:00", 0xbf86a9d4) = -1 ENOENT (No such file or directory)
21262 14:43:07.781351 open("/usr/share/zoneinfo/UTC+04:00", O_RDONLY) = -1 ENOENT (No such file or directory)
21262 14:43:07.781376 fcntl64(3, F_SETLKW64, {type=F_WRLCK, whence=SEEK_SET, start=0, len=0}, 0xbf86ab24) = 0
21262 14:43:07.781391 write(3, "Wed May 24 14:43:07 2017 [pid 21262] [msfadmin] OK LOGIN: Client \"127.0.0.1\"\n", 77) = 77
21262 14:43:07.781408 fcntl64(3, F_SETLK64, {type=F_UNLCK, whence=SEEK_SET, start=0, len=0}, 0xbf86ab2c) = 0
21262 14:43:07.781421 rt_sigaction(SIGCHLD, {0x805cad0, ~[RTMIN RT_1], 0}, NULL, 8) = 0
21262 14:43:07.781435 write(4, "\1", 1 <unfinished ...>
21263 14:43:07.781445 <... read resumed> "\1", 1) = 1
21262 14:43:07.781450 <... write resumed> ) = 1
21263 14:43:07.781458 exit_group(0)     = ?
21262 14:43:07.781485 --- SIGCHLD (Child exited) @ 0 (0) ---
21262 14:43:07.781493 sigreturn()       = ? (mask now [])
21262 14:43:07.781511 wait4(-1, [{WIFEXITED(s) && WEXITSTATUS(s) == 0}], 0, NULL) = 21263
21262 14:43:07.781525 close(4)          = 0
21262 14:43:07.781536 socketpair(PF_FILE, SOCK_STREAM, 0, [4, 5]) = 0
21262 14:43:07.781550 rt_sigaction(SIGCHLD, {0x805cad0, ~[RTMIN RT_1], 0}, NULL, 8) = 0
21262 14:43:07.781564 rt_sigaction(SIGALRM, {0x805cb10, ~[RTMIN RT_1], 0}, NULL, 8) = 0
21262 14:43:07.781578 clone(child_stack=0, flags=CLONE_CHILD_CLEARTID|CLONE_CHILD_SETTID|SIGCHLD, child_tidptr=0xb7d666f8) = 21264
21264 14:43:07.781627 prctl(0x1, 0x9, 0, 0, 0) = 0
21264 14:43:07.781641 close(4)          = 0
21264 14:43:07.781686 open("/etc/passwd", O_RDONLY|0x80000 /* O_??? */) = 4
21264 14:43:07.781714 _llseek(4, 0, [0], SEEK_CUR) = 0
21264 14:43:07.781729 fstat64(4, {st_mode=S_IFREG|0644, st_size=1624, ...}) = 0
21264 14:43:07.781748 mmap2(NULL, 1624, PROT_READ, MAP_SHARED, 4, 0) = 0xb7f00000
21264 14:43:07.781760 _llseek(4, 1624, [1624], SEEK_SET) = 0
21264 14:43:07.781782 munmap(0xb7f00000, 1624) = 0
21264 14:43:07.781794 close(4)          = 0
21264 14:43:07.781807 getuid32()        = 0
21264 14:43:07.781816 open("/etc/passwd", O_RDONLY|0x80000 /* O_??? */) = 4
21264 14:43:07.781829 _llseek(4, 0, [0], SEEK_CUR) = 0
21264 14:43:07.781839 fstat64(4, {st_mode=S_IFREG|0644, st_size=1624, ...}) = 0
21264 14:43:07.781855 mmap2(NULL, 1624, PROT_READ, MAP_SHARED, 4, 0) = 0xb7f00000
21264 14:43:07.781866 _llseek(4, 1624, [1624], SEEK_SET) = 0
21264 14:43:07.781882 munmap(0xb7f00000, 1624) = 0
21264 14:43:07.781891 close(4)          = 0
21264 14:43:07.781916 open("/proc/sys/kernel/ngroups_max", O_RDONLY) = 4
21264 14:43:07.781937 read(4, "65536\n", 31) = 6
21264 14:43:07.781949 close(4)          = 0
21264 14:43:07.781963 socket(PF_FILE, SOCK_STREAM, 0) = 4
21264 14:43:07.781974 fcntl64(4, F_SETFL, O_RDWR|O_NONBLOCK) = 0
21264 14:43:07.781985 connect(4, {sa_family=AF_FILE, path="/var/run/nscd/socket"}, 110) = -1 ENOENT (No such file or directory)
21264 14:43:07.782006 close(4)          = 0
21264 14:43:07.782017 socket(PF_FILE, SOCK_STREAM, 0) = 4
21264 14:43:07.782027 fcntl64(4, F_SETFL, O_RDWR|O_NONBLOCK) = 0
21264 14:43:07.782038 connect(4, {sa_family=AF_FILE, path="/var/run/nscd/socket"}, 110) = -1 ENOENT (No such file or directory)
21264 14:43:07.782056 close(4)          = 0
21264 14:43:07.782078 open("/etc/group", O_RDONLY|0x80000 /* O_??? */) = 4
21264 14:43:07.782093 _llseek(4, 0, [0], SEEK_CUR) = 0
21264 14:43:07.782103 fstat64(4, {st_mode=S_IFREG|0644, st_size=886, ...}) = 0
21264 14:43:07.782120 mmap2(NULL, 886, PROT_READ, MAP_SHARED, 4, 0) = 0xb7f00000
21264 14:43:07.782131 _llseek(4, 886, [886], SEEK_SET) = 0
21264 14:43:07.782198 fstat64(4, {st_mode=S_IFREG|0644, st_size=886, ...}) = 0
21264 14:43:07.782219 munmap(0xb7f00000, 886) = 0
21264 14:43:07.782229 close(4)          = 0
21264 14:43:07.782239 setgroups32(13, [1000, 4, 20, 24, 25, 29, 30, 44, 46, 107, 111, 112, 119]) = 0
21264 14:43:07.782254 geteuid32()       = 0
21264 14:43:07.782265 getegid32()       = 0
21264 14:43:07.782276 setregid32(-1, 1000) = 0
21264 14:43:07.782290 setreuid32(-1, 1000) = 0
21264 14:43:07.782301 chdir("/home/msfadmin") = 0
21264 14:43:07.782312 setreuid32(-1, 0) = 0
21264 14:43:07.782321 setregid32(-1, 0) = 0
21264 14:43:07.782332 setgid32(1000)    = 0
21264 14:43:07.782341 setuid32(1000)    = 0
21264 14:43:07.782351 setrlimit(RLIMIT_NPROC, {rlim_cur=0, rlim_max=0}) = 0
21264 14:43:07.782365 mmap2(NULL, 12288, PROT_READ|PROT_WRITE, MAP_PRIVATE|MAP_ANONYMOUS, -1, 0) = 0xb7efe000
21264 14:43:07.782376 mprotect(0xb7f00000, 4096, PROT_NONE) = 0
21264 14:43:07.782387 mprotect(0xb7efe000, 4096, PROT_NONE) = 0
21264 14:43:07.782398 getcwd("/home/msfadmin", 4096) = 15
21264 14:43:07.782411 umask(022)        = 077
21264 14:43:07.782421 getcwd("/home/msfadmin", 4096) = 15
21264 14:43:07.782434 open(".message", O_RDONLY|O_NONBLOCK|O_LARGEFILE) = -1 ENOENT (No such file or directory)
21264 14:43:07.782456 write(0, "230 Login successful.\r\n", 23) = 23
21264 14:43:07.782535 rt_sigaction(SIGALRM, {0x805cad0, ~[RTMIN RT_1], 0}, NULL, 8) = 0
21264 14:43:07.782552 alarm(300)        = 0
21264 14:43:07.782563 mmap2(NULL, 12288, PROT_READ|PROT_WRITE, MAP_PRIVATE|MAP_ANONYMOUS, -1, 0) = 0xb7efb000
21264 14:43:07.782574 mprotect(0xb7efd000, 4096, PROT_NONE) = 0
21264 14:43:07.782585 mprotect(0xb7efb000, 4096, PROT_NONE) = 0
21264 14:43:07.782598 recv(0, "TYPE I\r\n", 4096, MSG_PEEK) = 8
21264 14:43:07.782610 read(0, "TYPE I\r\n", 8) = 8
21264 14:43:07.782627 write(0, "200 Switching to Binary mode.\r\n", 31) = 31
21264 14:43:07.782666 rt_sigaction(SIGALRM, {0x805cad0, ~[RTMIN RT_1], 0}, NULL, 8) = 0
21264 14:43:07.782681 alarm(300)        = 300
21264 14:43:07.782692 recv(0, "PASV\r\n", 4096, MSG_PEEK) = 6
21264 14:43:07.782703 read(0, "PASV\r\n", 6) = 6
21264 14:43:07.782715 write(5, "\n", 1) = 1
21264 14:43:07.782726 read(5,  <unfinished ...>
21262 14:43:07.782739 close(5)          = 0
21262 14:43:07.782751 getuid32()        = 0
21262 14:43:07.782766 open("/etc/passwd", O_RDONLY|0x80000 /* O_??? */) = 5
21262 14:43:07.782781 _llseek(5, 0, [0], SEEK_CUR) = 0
21262 14:43:07.782793 fstat64(5, {st_mode=S_IFREG|0644, st_size=1624, ...}) = 0
21262 14:43:07.782810 mmap2(NULL, 1624, PROT_READ, MAP_SHARED, 5, 0) = 0xb7f00000
21262 14:43:07.782822 _llseek(5, 1624, [1624], SEEK_SET) = 0
21262 14:43:07.782839 munmap(0xb7f00000, 1624) = 0
21262 14:43:07.782850 close(5)          = 0
21262 14:43:07.782865 setgroups32(0, []) = 0
21262 14:43:07.782877 chdir("/usr/share/empty") = 0
21262 14:43:07.782889 chroot(".")       = 0
21262 14:43:07.782899 capset(NULL, NULL) = -1 EFAULT (Bad address)
21262 14:43:07.782913 prctl(0x8, 0, 0xbf86ab08, 0x80549a6, 0xbf86aaf0) = 0
21262 14:43:07.782924 prctl(0x8, 0x1, 0xbf86ab08, 0x8054a49, 0xbf86aaf0) = 0
21262 14:43:07.782934 setgid32(65534)   = 0
21262 14:43:07.782944 setuid32(65534)   = 0
21262 14:43:07.782953 capset(0x19980330, 0, {CAP_NET_BIND_SERVICE, CAP_NET_BIND_SERVICE, 0}) = 0
21262 14:43:07.782966 read(4, "\n", 1)  = 1
21262 14:43:07.782979 write(4, "\1", 1) = 1
21264 14:43:07.782990 <... read resumed> "\1", 1) = 1
21264 14:43:07.782998 write(5, "\f", 1) = 1
21264 14:43:07.783008 read(5,  <unfinished ...>
21262 14:43:07.783015 read(4, "\f", 1)  = 1
21262 14:43:07.783027 socket(PF_INET, SOCK_STREAM, IPPROTO_TCP) = 5
21262 14:43:07.783040 setsockopt(5, SOL_SOCKET, SO_REUSEADDR, [1], 4) = 0
21262 14:43:07.783052 gettimeofday({1495651387, 783055}, NULL) = 0
21262 14:43:07.783068 bind(5, {sa_family=AF_INET, sin_port=htons(45069), sin_addr=inet_addr("127.0.0.1")}, 16) = 0
21262 14:43:07.783084 listen(5, 1)      = 0
21262 14:43:07.783097 write(4, "\r\260\0\0", 4) = 4
21264 14:43:07.783108 <... read resumed> "\r\260\0\0", 4) = 4
21264 14:43:07.783121 write(0, "227 Entering Passive Mode (127,0,0,1,176,13).\r\n", 47) = 47
21264 14:43:07.783248 rt_sigaction(SIGALRM, {0x805cad0, ~[RTMIN RT_1], 0}, NULL, 8) = 0
21264 14:43:07.783267 alarm(300)        = 300
21264 14:43:07.783278 recv(0, "STOR myfile21\r\n", 4096, MSG_PEEK) = 15
21264 14:43:07.783290 read(0, "STOR myfile21\r\n", 15) = 15
21264 14:43:07.783305 write(5, "\v", 1) = 1
21264 14:43:07.783316 read(5,  <unfinished ...>
21262 14:43:07.783327 read(4, "\v", 1)  = 1
21262 14:43:07.783339 write(4, "\1\0\0\0", 4) = 4
21264 14:43:07.783350 <... read resumed> "\1\0\0\0", 4) = 4
21264 14:43:07.783358 gettimeofday({1495651387, 783362}, NULL) = 0
21264 14:43:07.783369 getcwd("/home/msfadmin", 4096) = 15
21264 14:43:07.783382 open("myfile21", O_WRONLY|O_CREAT|O_NONBLOCK|O_LARGEFILE, 0666) = 4
21264 14:43:07.783395 fstat64(4, {st_mode=S_IFREG|0644, st_size=17, ...}) = 0
21264 14:43:07.783412 fcntl64(4, F_GETFL) = 0x8801 (flags O_WRONLY|O_NONBLOCK|O_LARGEFILE)
21264 14:43:07.783423 fcntl64(4, F_SETFL, O_WRONLY|O_LARGEFILE) = 0
21264 14:43:07.783433 fcntl64(4, F_SETLKW64, {type=F_WRLCK, whence=SEEK_SET, start=0, len=0}, 0xbf86aa54) = 0
21264 14:43:07.783447 ftruncate64(4, 0) = 0
21264 14:43:07.783466 _llseek(4, 0, [0], SEEK_SET) = 0
21264 14:43:07.783477 write(5, "\v", 1) = 1
21264 14:43:07.783487 read(5,  <unfinished ...>
21262 14:43:07.783494 read(4, "\v", 1)  = 1
21262 14:43:07.783505 write(4, "\1\0\0\0", 4) = 4
21264 14:43:07.783516 <... read resumed> "\1\0\0\0", 4) = 4
21264 14:43:07.783524 write(5, "\v", 1) = 1
21264 14:43:07.783534 read(5,  <unfinished ...>
21262 14:43:07.783540 read(4, "\v", 1)  = 1
21262 14:43:07.783551 write(4, "\1\0\0\0", 4) = 4
21264 14:43:07.783561 <... read resumed> "\1\0\0\0", 4) = 4
21264 14:43:07.783569 write(5, "\r", 1) = 1
21264 14:43:07.783578 read(5,  <unfinished ...>
21262 14:43:07.783585 read(4, "\r", 1)  = 1
21262 14:43:07.783597 select(6, [5], NULL, NULL, {60, 0}) = 1 (in [5], left {60, 0})
21262 14:43:07.783614 accept(5, {sa_family=AF_INET, sin_port=htons(36322), sin_addr=inet_addr("127.0.0.1")}, [16]) = 6
21262 14:43:07.783636 write(4, "\1", 1) = 1
21264 14:43:07.783647 <... read resumed> "\1", 1) = 1
21264 14:43:07.783656 recvmsg(5,  <unfinished ...>
21262 14:43:07.783665 sendmsg(4, {msg_name(0)=NULL, msg_iov(1)=[{"\0", 1}], msg_controllen=16, {cmsg_len=16, cmsg_level=SOL_SOCKET, cmsg_type=SCM_RIGHTS, {6}}, msg_flags=0}, 0) = 1
21264 14:43:07.783682 <... recvmsg resumed> {msg_name(0)=NULL, msg_iov(1)=[{"\0", 1}], msg_controllen=16, {cmsg_len=16, cmsg_level=SOL_SOCKET, cmsg_type=SCM_RIGHTS, {6}}, msg_flags=0}, 0) = 1
21264 14:43:07.783696 setsockopt(6, SOL_SOCKET, SO_KEEPALIVE, [1], 4) = 0
21264 14:43:07.783708 setsockopt(6, SOL_IP, IP_TOS, [8], 4) = 0
21264 14:43:07.783719 setsockopt(6, SOL_SOCKET, SO_LINGER, {onoff=1, linger=32767}, 8) = 0
21264 14:43:07.783730 rt_sigaction(SIGALRM, {0x805cad0, ~[RTMIN RT_1], 0}, NULL, 8) = 0
21264 14:43:07.783744 alarm(300)        = 300
21264 14:43:07.783756 write(0, "150 Ok to send data.\r\n", 22) = 22
21264 14:43:07.783817 mmap2(NULL, 77824, PROT_READ|PROT_WRITE, MAP_PRIVATE|MAP_ANONYMOUS, -1, 0) = 0xb7d35000
21264 14:43:07.783831 mprotect(0xb7d47000, 4096, PROT_NONE) = 0
21264 14:43:07.783842 mprotect(0xb7d35000, 4096, PROT_NONE) = 0
21264 14:43:07.783852 read(6, "assasaaa\na\na\na\na\n", 65536) = 17
21264 14:43:07.783866 write(4, "assasaaa\na\na\na\na\n", 17) = 17
21264 14:43:07.783881 read(6, "", 65536) = 0
21264 14:43:07.783891 rt_sigaction(SIGALRM, {0x805cad0, ~[RTMIN RT_1], 0}, NULL, 8) = 0
21264 14:43:07.783905 alarm(300)        = 300
21264 14:43:07.783915 close(6)          = 0
21264 14:43:07.783924 alarm(0)          = 300
21264 14:43:07.783933 gettimeofday({1495651387, 783937}, NULL) = 0
21264 14:43:07.783950 getpid()          = 21264
21264 14:43:07.783962 gettimeofday({1495651387, 783966}, NULL) = 0
21264 14:43:07.783982 fcntl64(3, F_SETLKW64, {type=F_WRLCK, whence=SEEK_SET, start=0, len=0}, 0xbf86a9f4) = 0
21264 14:43:07.783998 write(3, "Wed May 24 14:43:07 2017 [pid 21264] [msfadmin] OK UPLOAD: Client \"127.0.0.1\", \"/home/msfadmin/myfile21\", 17 bytes, 27.49Kbyte/sec\n", 131) = 131
21264 14:43:07.784018 fcntl64(3, F_SETLK64, {type=F_UNLCK, whence=SEEK_SET, start=0, len=0}, 0xbf86a9fc) = 0
21264 14:43:07.784032 write(0, "226 Transfer complete.\r\n", 24) = 24
21264 14:43:07.784072 write(5, "\n", 1) = 1
21264 14:43:07.784084 read(5,  <unfinished ...>
21262 14:43:07.784091 close(6)          = 0
21262 14:43:07.784124 read(4, "\n", 1)  = 1
21262 14:43:07.784151 close(5)          = 0
21262 14:43:07.784163 write(4, "\1", 1) = 1
21264 14:43:07.784174 <... read resumed> "\1", 1) = 1
21264 14:43:07.784181 close(4)          = 0
21264 14:43:07.784192 rt_sigaction(SIGALRM, {0x805cad0, ~[RTMIN RT_1], 0}, NULL, 8) = 0
21264 14:43:07.784206 alarm(300)        = 0
21264 14:43:07.784217 recv(0,  <unfinished ...>
21262 14:43:07.784224 read(4,  <unfinished ...>
21264 14:43:08.290403 <... recv resumed> "TYPE I\r\n", 4096, MSG_PEEK) = 8
21264 14:43:08.290434 read(0, "TYPE I\r\n", 8) = 8
21264 14:43:08.290455 write(0, "200 Switching to Binary mode.\r\n", 31) = 31
21264 14:43:08.290503 rt_sigaction(SIGALRM, {0x805cad0, ~[RTMIN RT_1], 0}, NULL, 8) = 0
21264 14:43:08.290521 alarm(300)        = 299
21264 14:43:08.290534 recv(0, "PASV\r\n", 4096, MSG_PEEK) = 6
21264 14:43:08.290546 read(0, "PASV\r\n", 6) = 6
21264 14:43:08.290558 write(5, "\n", 1) = 1
21264 14:43:08.290571 read(5,  <unfinished ...>
21262 14:43:08.290579 <... read resumed> "\n", 1) = 1
21262 14:43:08.290588 write(4, "\1", 1) = 1
21264 14:43:08.290599 <... read resumed> "\1", 1) = 1
21264 14:43:08.290607 write(5, "\f", 1) = 1
21264 14:43:08.290617 read(5,  <unfinished ...>
21262 14:43:08.290624 read(4, "\f", 1)  = 1
21262 14:43:08.290636 socket(PF_INET, SOCK_STREAM, IPPROTO_TCP) = 5
21262 14:43:08.290651 setsockopt(5, SOL_SOCKET, SO_REUSEADDR, [1], 4) = 0
21262 14:43:08.290666 bind(5, {sa_family=AF_INET, sin_port=htons(53367), sin_addr=inet_addr("127.0.0.1")}, 16) = 0
21262 14:43:08.290682 listen(5, 1)      = 0
21262 14:43:08.290696 write(4, "w\320\0\0", 4) = 4
21264 14:43:08.290707 <... read resumed> "w\320\0\0", 4) = 4
21264 14:43:08.290719 write(0, "227 Entering Passive Mode (127,0,0,1,208,119).\r\n", 48) = 48
21264 14:43:08.290830 rt_sigaction(SIGALRM, {0x805cad0, ~[RTMIN RT_1], 0}, NULL, 8) = 0
21264 14:43:08.290847 alarm(300)        = 300
21264 14:43:08.290858 recv(0, "STOR myfile22\r\n", 4096, MSG_PEEK) = 15
21264 14:43:08.290871 read(0, "STOR myfile22\r\n", 15) = 15
21264 14:43:08.290884 write(5, "\v", 1) = 1
21264 14:43:08.290895 read(5,  <unfinished ...>
21262 14:43:08.290902 read(4, "\v", 1)  = 1
21262 14:43:08.290913 write(4, "\1\0\0\0", 4) = 4
21264 14:43:08.290923 <... read resumed> "\1\0\0\0", 4) = 4
21264 14:43:08.290931 gettimeofday({1495651388, 290935}, NULL) = 0
21264 14:43:08.290943 getcwd("/home/msfadmin", 4096) = 15
21264 14:43:08.290955 open("myfile22", O_WRONLY|O_CREAT|O_NONBLOCK|O_LARGEFILE, 0666) = 4
21264 14:43:08.290969 fstat64(4, {st_mode=S_IFREG|0644, st_size=17, ...}) = 0
21264 14:43:08.290987 fcntl64(4, F_GETFL) = 0x8801 (flags O_WRONLY|O_NONBLOCK|O_LARGEFILE)
21264 14:43:08.290998 fcntl64(4, F_SETFL, O_WRONLY|O_LARGEFILE) = 0
21264 14:43:08.291008 fcntl64(4, F_SETLKW64, {type=F_WRLCK, whence=SEEK_SET, start=0, len=0}, 0xbf86aa54) = 0
21264 14:43:08.291022 ftruncate64(4, 0) = 0
21264 14:43:08.291041 _llseek(4, 0, [0], SEEK_SET) = 0
21264 14:43:08.291052 write(5, "\v", 1) = 1
21264 14:43:08.291062 read(5,  <unfinished ...>
21262 14:43:08.291069 read(4, "\v", 1)  = 1
21262 14:43:08.291080 write(4, "\1\0\0\0", 4) = 4
21264 14:43:08.291090 <... read resumed> "\1\0\0\0", 4) = 4
21264 14:43:08.291246 write(5, "\v", 1) = 1
21264 14:43:08.291258 read(5,  <unfinished ...>
21262 14:43:08.291266 read(4, "\v", 1)  = 1
21262 14:43:08.291277 write(4, "\1\0\0\0", 4) = 4
21264 14:43:08.291297 <... read resumed> "\1\0\0\0", 4) = 4
21264 14:43:08.291304 write(5, "\r", 1) = 1
21264 14:43:08.291314 read(5,  <unfinished ...>
21262 14:43:08.291321 read(4, "\r", 1)  = 1
21262 14:43:08.291332 select(6, [5], NULL, NULL, {60, 0}) = 1 (in [5], left {60, 0})
21262 14:43:08.291349 accept(5, {sa_family=AF_INET, sin_port=htons(40919), sin_addr=inet_addr("127.0.0.1")}, [16]) = 6
21262 14:43:08.291371 write(4, "\1", 1) = 1
21264 14:43:08.291382 <... read resumed> "\1", 1) = 1
21264 14:43:08.291390 recvmsg(5,  <unfinished ...>
21262 14:43:08.291399 sendmsg(4, {msg_name(0)=NULL, msg_iov(1)=[{"\0", 1}], msg_controllen=16, {cmsg_len=16, cmsg_level=SOL_SOCKET, cmsg_type=SCM_RIGHTS, {6}}, msg_flags=0}, 0) = 1
21264 14:43:08.291416 <... recvmsg resumed> {msg_name(0)=NULL, msg_iov(1)=[{"\0", 1}], msg_controllen=16, {cmsg_len=16, cmsg_level=SOL_SOCKET, cmsg_type=SCM_RIGHTS, {6}}, msg_flags=0}, 0) = 1
21264 14:43:08.291435 setsockopt(6, SOL_SOCKET, SO_KEEPALIVE, [1], 4) = 0
21264 14:43:08.291448 setsockopt(6, SOL_IP, IP_TOS, [8], 4) = 0
21264 14:43:08.291460 setsockopt(6, SOL_SOCKET, SO_LINGER, {onoff=1, linger=32767}, 8) = 0
21264 14:43:08.291471 rt_sigaction(SIGALRM, {0x805cad0, ~[RTMIN RT_1], 0}, NULL, 8) = 0
21264 14:43:08.291484 alarm(300)        = 300
21264 14:43:08.291497 write(0, "150 Ok to send data.\r\n", 22) = 22
21264 14:43:08.291564 read(6, "assasaaa\na\na\na\na\n", 65536) = 17
21264 14:43:08.291578 write(4, "assasaaa\na\na\na\na\n", 17) = 17
21264 14:43:08.291594 read(6, "", 65536) = 0
21264 14:43:08.291604 rt_sigaction(SIGALRM, {0x805cad0, ~[RTMIN RT_1], 0}, NULL, 8) = 0
21264 14:43:08.291618 alarm(300)        = 300
21264 14:43:08.291628 close(6)          = 0
21264 14:43:08.291637 alarm(0)          = 300
21264 14:43:08.291646 gettimeofday({1495651388, 291650}, NULL) = 0
21264 14:43:08.291661 gettimeofday({1495651388, 291665}, NULL) = 0
21264 14:43:08.291675 fcntl64(3, F_SETLKW64, {type=F_WRLCK, whence=SEEK_SET, start=0, len=0}, 0xbf86a9f4) = 0
21264 14:43:08.291690 write(3, "Wed May 24 14:43:08 2017 [pid 21264] [msfadmin] OK UPLOAD: Client \"127.0.0.1\", \"/home/msfadmin/myfile22\", 17 bytes, 22.74Kbyte/sec\n", 131) = 131
21264 14:43:08.291711 fcntl64(3, F_SETLK64, {type=F_UNLCK, whence=SEEK_SET, start=0, len=0}, 0xbf86a9fc) = 0
21264 14:43:08.291725 write(0, "226 Transfer complete.\r\n", 24) = 24
21264 14:43:08.291768 write(5, "\n", 1) = 1
21264 14:43:08.291780 read(5,  <unfinished ...>
21262 14:43:08.291787 close(6)          = 0
21262 14:43:08.291805 read(4, "\n", 1)  = 1
21262 14:43:08.291817 close(5)          = 0
21262 14:43:08.291827 write(4, "\1", 1) = 1
21264 14:43:08.291839 <... read resumed> "\1", 1) = 1
21264 14:43:08.291846 close(4)          = 0
21264 14:43:08.291856 rt_sigaction(SIGALRM, {0x805cad0, ~[RTMIN RT_1], 0}, NULL, 8) = 0
21264 14:43:08.291870 alarm(300)        = 0
21264 14:43:08.291881 recv(0,  <unfinished ...>
21262 14:43:08.291888 read(4,  <unfinished ...>
21261 14:43:08.310755 <... recv resumed> "USER msfadmin\r\n", 4096, MSG_PEEK) = 15
21261 14:43:08.310883 read(0, "USER msfadmin\r\n", 15) = 15
21261 14:43:08.310990 write(0, "331 Any password will do.\r\n", 27) = 27
21261 14:43:08.311085 rt_sigaction(SIGALRM, {0x805cad0, ~[RTMIN RT_1], 0}, NULL, 8) = 0
21261 14:43:08.311119 alarm(300)        = 299
21261 14:43:08.311145 recv(0, "PASS msfadmin\r\n", 4096, MSG_PEEK) = 15
21261 14:43:08.311162 read(0, "PASS msfadmin\r\n", 15) = 15
21261 14:43:08.311178 write(0, "230 Already logged in.\r\n", 24) = 24
21261 14:43:08.311241 rt_sigaction(SIGALRM, {0x805cad0, ~[RTMIN RT_1], 0}, NULL, 8) = 0
21261 14:43:08.311257 alarm(300)        = 300
21261 14:43:08.311268 recv(0, "TYPE I\r\n", 4096, MSG_PEEK) = 8
21261 14:43:08.311280 read(0, "TYPE I\r\n", 8) = 8
21261 14:43:08.311294 write(0, "200 Switching to Binary mode.\r\n", 31) = 31
21261 14:43:08.311330 rt_sigaction(SIGALRM, {0x805cad0, ~[RTMIN RT_1], 0}, NULL, 8) = 0
21261 14:43:08.311344 alarm(300)        = 300
21261 14:43:08.311355 recv(0, "PASV\r\n", 4096, MSG_PEEK) = 6
21261 14:43:08.311366 read(0, "PASV\r\n", 6) = 6
21261 14:43:08.311378 write(5, "\n", 1 <unfinished ...>
21259 14:43:08.311389 <... read resumed> "\n", 1) = 1
21261 14:43:08.311395 <... write resumed> ) = 1
21259 14:43:08.311403 write(4, "\1", 1) = 1
21259 14:43:08.311414 read(4,  <unfinished ...>
21261 14:43:08.311421 read(5, "\1", 1)  = 1
21261 14:43:08.311432 write(5, "\f", 1 <unfinished ...>
21259 14:43:08.311439 <... read resumed> "\f", 1) = 1
21261 14:43:08.311444 <... write resumed> ) = 1
21259 14:43:08.311451 socket(PF_INET, SOCK_STREAM, IPPROTO_TCP) = 5
21259 14:43:08.311467 setsockopt(5, SOL_SOCKET, SO_REUSEADDR, [1], 4) = 0
21259 14:43:08.311481 bind(5, {sa_family=AF_INET, sin_port=htons(56867), sin_addr=inet_addr("127.0.0.1")}, 16) = 0
21259 14:43:08.311498 listen(5, 1)      = 0
21259 14:43:08.311520 write(4, "#\336\0\0", 4) = 4
21259 14:43:08.311531 read(4,  <unfinished ...>
21261 14:43:08.311538 read(5, "#\336\0\0", 4) = 4
21261 14:43:08.311555 write(0, "227 Entering Passive Mode (127,0,0,1,222,35).\r\n", 47) = 47
21261 14:43:08.311669 rt_sigaction(SIGALRM, {0x805cad0, ~[RTMIN RT_1], 0}, NULL, 8) = 0
21261 14:43:08.311686 alarm(300)        = 300
21261 14:43:08.311697 recv(0, "RETR myfile33\r\n", 4096, MSG_PEEK) = 15
21261 14:43:08.311709 read(0, "RETR myfile33\r\n", 15) = 15
21261 14:43:08.311721 write(5, "\v", 1 <unfinished ...>
21259 14:43:08.311729 <... read resumed> "\v", 1) = 1
21261 14:43:08.311734 <... write resumed> ) = 1
21259 14:43:08.311740 write(4, "\1\0\0\0", 4) = 4
21259 14:43:08.311774 read(4,  <unfinished ...>
21261 14:43:08.311785 read(5, "\1\0\0\0", 4) = 4
21261 14:43:08.311797 gettimeofday({1495651388, 311801}, NULL) = 0
21261 14:43:08.311819 getcwd("/home/msfadmin", 4096) = 15
21261 14:43:08.311832 open("myfile33", O_RDONLY|O_NONBLOCK|O_LARGEFILE) = 4
21261 14:43:08.311846 fcntl64(4, F_SETLKW64, {type=F_RDLCK, whence=SEEK_SET, start=0, len=0}, 0xbf982394) = 0
21261 14:43:08.311862 fstat64(4, {st_mode=S_IFREG|0644, st_size=17, ...}) = 0
21261 14:43:08.311879 fcntl64(4, F_GETFL) = 0x8800 (flags O_RDONLY|O_NONBLOCK|O_LARGEFILE)
21261 14:43:08.311890 fcntl64(4, F_SETFL, O_RDONLY|O_LARGEFILE) = 0
21261 14:43:08.311901 write(5, "\v", 1 <unfinished ...>
21259 14:43:08.311909 <... read resumed> "\v", 1) = 1
21261 14:43:08.311914 <... write resumed> ) = 1
21259 14:43:08.311920 write(4, "\1\0\0\0", 4) = 4
21259 14:43:08.311931 read(4,  <unfinished ...>
21261 14:43:08.311938 read(5, "\1\0\0\0", 4) = 4
21261 14:43:08.311949 write(5, "\v", 1 <unfinished ...>
21259 14:43:08.311956 <... read resumed> "\v", 1) = 1
21261 14:43:08.311960 <... write resumed> ) = 1
21259 14:43:08.311966 write(4, "\1\0\0\0", 4) = 4
21259 14:43:08.311977 read(4,  <unfinished ...>
21261 14:43:08.311983 read(5, "\1\0\0\0", 4) = 4
21261 14:43:08.311994 write(5, "\r", 1 <unfinished ...>
21259 14:43:08.312001 <... read resumed> "\r", 1) = 1
21261 14:43:08.312005 <... write resumed> ) = 1
21259 14:43:08.312013 select(6, [5], NULL, NULL, {60, 0}) = 1 (in [5], left {60, 0})
21259 14:43:08.312029 accept(5, {sa_family=AF_INET, sin_port=htons(45688), sin_addr=inet_addr("127.0.0.1")}, [16]) = 6
21259 14:43:08.312051 write(4, "\1", 1) = 1
21259 14:43:08.312063 sendmsg(4, {msg_name(0)=NULL, msg_iov(1)=[{"\0", 1}], msg_controllen=16, {cmsg_len=16, cmsg_level=SOL_SOCKET, cmsg_type=SCM_RIGHTS, {6}}, msg_flags=0}, 0) = 1
21259 14:43:08.312080 close(6)          = 0
21259 14:43:08.312090 read(4,  <unfinished ...>
21261 14:43:08.312097 read(5, "\1", 1)  = 1
21261 14:43:08.312109 recvmsg(5, {msg_name(0)=NULL, msg_iov(1)=[{"\0", 1}], msg_controllen=16, {cmsg_len=16, cmsg_level=SOL_SOCKET, cmsg_type=SCM_RIGHTS, {6}}, msg_flags=0}, 0) = 1
21261 14:43:08.312127 setsockopt(6, SOL_SOCKET, SO_KEEPALIVE, [1], 4) = 0
21261 14:43:08.312139 setsockopt(6, SOL_IP, IP_TOS, [8], 4) = 0
21261 14:43:08.312151 setsockopt(6, SOL_SOCKET, SO_LINGER, {onoff=1, linger=32767}, 8) = 0
21261 14:43:08.312162 rt_sigaction(SIGALRM, {0x805cad0, ~[RTMIN RT_1], 0}, NULL, 8) = 0
21261 14:43:08.312175 alarm(300)        = 300
21261 14:43:08.312188 write(0, "150 Opening BINARY mode data connection for myfile33 (17 bytes).\r\n", 66) = 66
21261 14:43:08.312231 _llseek(4, 0, [0], SEEK_CUR) = 0
21261 14:43:08.312243 fstat64(4, {st_mode=S_IFREG|0644, st_size=17, ...}) = 0
21261 14:43:08.312260 _llseek(4, 0, [0], SEEK_SET) = 0
21261 14:43:08.312270 sendfile(6, 4, NULL, 17) = 17
21261 14:43:08.312300 rt_sigaction(SIGALRM, {0x805cad0, ~[RTMIN RT_1], 0}, NULL, 8) = 0
21261 14:43:08.312314 alarm(300)        = 300
21261 14:43:08.312324 close(6)          = 0
21261 14:43:08.312360 alarm(0)          = 300
21261 14:43:08.312370 gettimeofday({1495651388, 312374}, NULL) = 0
21261 14:43:08.312386 gettimeofday({1495651388, 312390}, NULL) = 0
21261 14:43:08.312400 fcntl64(3, F_SETLKW64, {type=F_WRLCK, whence=SEEK_SET, start=0, len=0}, 0xbf982334) = 0
21261 14:43:08.312415 write(3, "Wed May 24 14:43:08 2017 [pid 21261] [msfadmin] OK DOWNLOAD: Client \"127.0.0.1\", \"/home/msfadmin/myfile33\", 17 bytes, 28.19Kbyte/sec\n", 133) = 133
21261 14:43:08.312440 fcntl64(3, F_SETLK64, {type=F_UNLCK, whence=SEEK_SET, start=0, len=0}, 0xbf98233c) = 0
21261 14:43:08.312455 write(0, "226 Transfer complete.\r\n", 24) = 24
21261 14:43:08.312518 write(5, "\n", 1 <unfinished ...>
21259 14:43:08.312528 <... read resumed> "\n", 1) = 1
21261 14:43:08.312533 <... write resumed> ) = 1
21259 14:43:08.312539 close(5)          = 0
21259 14:43:08.312551 write(4, "\1", 1) = 1
21259 14:43:08.312562 read(4,  <unfinished ...>
21261 14:43:08.312568 read(5, "\1", 1)  = 1
21261 14:43:08.312579 close(4)          = 0
21261 14:43:08.312590 rt_sigaction(SIGALRM, {0x805cad0, ~[RTMIN RT_1], 0}, NULL, 8) = 0
21261 14:43:08.312603 alarm(300)        = 0
21261 14:43:08.312614 recv(0,  <unfinished ...>
21264 14:43:08.800997 <... recv resumed> "TYPE I\r\n", 4096, MSG_PEEK) = 8
21264 14:43:08.801103 read(0, "TYPE I\r\n", 8) = 8
21264 14:43:08.801196 write(0, "200 Switching to Binary mode.\r\n", 31) = 31
21264 14:43:08.801288 rt_sigaction(SIGALRM, {0x805cad0, ~[RTMIN RT_1], 0}, NULL, 8) = 0
21264 14:43:08.801321 alarm(300)        = 299
21264 14:43:08.801346 recv(0, "PASV\r\n", 4096, MSG_PEEK) = 6
21264 14:43:08.801360 read(0, "PASV\r\n", 6) = 6
21264 14:43:08.801372 write(5, "\n", 1) = 1
21264 14:43:08.801385 read(5,  <unfinished ...>
21262 14:43:08.801394 <... read resumed> "\n", 1) = 1
21262 14:43:08.801403 write(4, "\1", 1) = 1
21264 14:43:08.801414 <... read resumed> "\1", 1) = 1
21264 14:43:08.801421 write(5, "\f", 1) = 1
21264 14:43:08.801431 read(5,  <unfinished ...>
21262 14:43:08.801438 read(4, "\f", 1)  = 1
21262 14:43:08.801450 socket(PF_INET, SOCK_STREAM, IPPROTO_TCP) = 5
21262 14:43:08.801465 setsockopt(5, SOL_SOCKET, SO_REUSEADDR, [1], 4) = 0
21262 14:43:08.801480 bind(5, {sa_family=AF_INET, sin_port=htons(21202), sin_addr=inet_addr("127.0.0.1")}, 16) = 0
21262 14:43:08.801496 listen(5, 1)      = 0
21262 14:43:08.801510 write(4, "\322R\0\0", 4) = 4
21264 14:43:08.801521 <... read resumed> "\322R\0\0", 4) = 4
21264 14:43:08.801533 write(0, "227 Entering Passive Mode (127,0,0,1,82,210).\r\n", 47) = 47
21264 14:43:08.801647 rt_sigaction(SIGALRM, {0x805cad0, ~[RTMIN RT_1], 0}, NULL, 8) = 0
21264 14:43:08.801664 alarm(300)        = 300
21264 14:43:08.801675 recv(0, "STOR myfile23\r\n", 4096, MSG_PEEK) = 15
21264 14:43:08.801687 read(0, "STOR myfile23\r\n", 15) = 15
21264 14:43:08.801701 write(5, "\v", 1) = 1
21264 14:43:08.801711 read(5,  <unfinished ...>
21262 14:43:08.801719 read(4, "\v", 1)  = 1
21262 14:43:08.801730 write(4, "\1\0\0\0", 4) = 4
21264 14:43:08.801740 <... read resumed> "\1\0\0\0", 4) = 4
21264 14:43:08.801748 gettimeofday({1495651388, 801752}, NULL) = 0
21264 14:43:08.801760 getcwd("/home/msfadmin", 4096) = 15
21264 14:43:08.801772 open("myfile23", O_WRONLY|O_CREAT|O_NONBLOCK|O_LARGEFILE, 0666) = 4
21264 14:43:08.801786 fstat64(4, {st_mode=S_IFREG|0644, st_size=17, ...}) = 0
21264 14:43:08.801804 fcntl64(4, F_GETFL) = 0x8801 (flags O_WRONLY|O_NONBLOCK|O_LARGEFILE)
21264 14:43:08.801815 fcntl64(4, F_SETFL, O_WRONLY|O_LARGEFILE) = 0
21264 14:43:08.801825 fcntl64(4, F_SETLKW64, {type=F_WRLCK, whence=SEEK_SET, start=0, len=0}, 0xbf86aa54) = 0
21264 14:43:08.801862 ftruncate64(4, 0) = 0
21264 14:43:08.801893 _llseek(4, 0, [0], SEEK_SET) = 0
21264 14:43:08.801905 write(5, "\v", 1) = 1
21264 14:43:08.801915 read(5,  <unfinished ...>
21262 14:43:08.801922 read(4, "\v", 1)  = 1
21262 14:43:08.801934 write(4, "\1\0\0\0", 4) = 4
21264 14:43:08.801944 <... read resumed> "\1\0\0\0", 4) = 4
21264 14:43:08.801952 write(5, "\v", 1) = 1
21264 14:43:08.801961 read(5,  <unfinished ...>
21262 14:43:08.801968 read(4, "\v", 1)  = 1
21262 14:43:08.801979 write(4, "\1\0\0\0", 4) = 4
21264 14:43:08.801989 <... read resumed> "\1\0\0\0", 4) = 4
21264 14:43:08.801996 write(5, "\r", 1) = 1
21264 14:43:08.802006 read(5,  <unfinished ...>
21262 14:43:08.802012 read(4, "\r", 1)  = 1
21262 14:43:08.802024 select(6, [5], NULL, NULL, {60, 0}) = 1 (in [5], left {60, 0})
21262 14:43:08.802047 accept(5, {sa_family=AF_INET, sin_port=htons(34081), sin_addr=inet_addr("127.0.0.1")}, [16]) = 6
21262 14:43:08.802070 write(4, "\1", 1) = 1
21264 14:43:08.802080 <... read resumed> "\1", 1) = 1
21264 14:43:08.802089 recvmsg(5,  <unfinished ...>
21262 14:43:08.802097 sendmsg(4, {msg_name(0)=NULL, msg_iov(1)=[{"\0", 1}], msg_controllen=16, {cmsg_len=16, cmsg_level=SOL_SOCKET, cmsg_type=SCM_RIGHTS, {6}}, msg_flags=0}, 0) = 1
21264 14:43:08.802115 <... recvmsg resumed> {msg_name(0)=NULL, msg_iov(1)=[{"\0", 1}], msg_controllen=16, {cmsg_len=16, cmsg_level=SOL_SOCKET, cmsg_type=SCM_RIGHTS, {6}}, msg_flags=0}, 0) = 1
21264 14:43:08.802128 setsockopt(6, SOL_SOCKET, SO_KEEPALIVE, [1], 4) = 0
21264 14:43:08.802141 setsockopt(6, SOL_IP, IP_TOS, [8], 4) = 0
21264 14:43:08.802153 setsockopt(6, SOL_SOCKET, SO_LINGER, {onoff=1, linger=32767}, 8) = 0
21264 14:43:08.802164 rt_sigaction(SIGALRM, {0x805cad0, ~[RTMIN RT_1], 0}, NULL, 8) = 0
21264 14:43:08.802177 alarm(300)        = 300
21264 14:43:08.802190 write(0, "150 Ok to send data.\r\n", 22) = 22
21264 14:43:08.802255 read(6, "assasaaa\na\na\na\na\n", 65536) = 17
21264 14:43:08.802269 write(4, "assasaaa\na\na\na\na\n", 17) = 17
21264 14:43:08.802285 read(6, "", 65536) = 0
21264 14:43:08.802296 rt_sigaction(SIGALRM, {0x805cad0, ~[RTMIN RT_1], 0}, NULL, 8) = 0
21264 14:43:08.802309 alarm(300)        = 300
21264 14:43:08.802319 close(6)          = 0
21264 14:43:08.802328 alarm(0)          = 300
21264 14:43:08.802338 gettimeofday({1495651388, 802341}, NULL) = 0
21264 14:43:08.802353 gettimeofday({1495651388, 802357}, NULL) = 0
21264 14:43:08.802367 fcntl64(3, F_SETLKW64, {type=F_WRLCK, whence=SEEK_SET, start=0, len=0}, 0xbf86a9f4) = 0
21264 14:43:08.802382 write(3, "Wed May 24 14:43:08 2017 [pid 21264] [msfadmin] OK UPLOAD: Client \"127.0.0.1\", \"/home/msfadmin/myfile23\", 17 bytes, 27.44Kbyte/sec\n", 131) = 131
21264 14:43:08.802403 fcntl64(3, F_SETLK64, {type=F_UNLCK, whence=SEEK_SET, start=0, len=0}, 0xbf86a9fc) = 0
21264 14:43:08.802417 write(0, "226 Transfer complete.\r\n", 24) = 24
21264 14:43:08.802459 write(5, "\n", 1) = 1
21264 14:43:08.802471 read(5,  <unfinished ...>
21262 14:43:08.802478 close(6)          = 0
21262 14:43:08.802496 read(4, "\n", 1)  = 1
21262 14:43:08.802508 close(5)          = 0
21262 14:43:08.802518 write(4, "\1", 1) = 1
21264 14:43:08.802529 <... read resumed> "\1", 1) = 1
21264 14:43:08.802536 close(4)          = 0
21264 14:43:08.802547 rt_sigaction(SIGALRM, {0x805cad0, ~[RTMIN RT_1], 0}, NULL, 8) = 0
21264 14:43:08.802560 alarm(300)        = 0
21264 14:43:08.802571 recv(0,  <unfinished ...>
21262 14:43:08.802579 read(4,  <unfinished ...>
21261 14:43:08.911094 <... recv resumed> "USER msfadmin\r\n", 4096, MSG_PEEK) = 15
21261 14:43:08.911208 read(0, "USER msfadmin\r\n", 15) = 15
21261 14:43:08.911303 write(0, "331 Any password will do.\r\n", 27) = 27
21261 14:43:08.911392 rt_sigaction(SIGALRM, {0x805cad0, ~[RTMIN RT_1], 0}, NULL, 8) = 0
21261 14:43:08.911425 alarm(300)        = 299
21261 14:43:08.911450 recv(0, "PASS msfadmin\r\n", 4096, MSG_PEEK) = 15
21261 14:43:08.911465 read(0, "PASS msfadmin\r\n", 15) = 15
21261 14:43:08.911481 write(0, "230 Already logged in.\r\n", 24) = 24
21261 14:43:08.911542 rt_sigaction(SIGALRM, {0x805cad0, ~[RTMIN RT_1], 0}, NULL, 8) = 0
21261 14:43:08.911559 alarm(300)        = 300
21261 14:43:08.911570 recv(0, "TYPE I\r\n", 4096, MSG_PEEK) = 8
21261 14:43:08.911581 read(0, "TYPE I\r\n", 8) = 8
21261 14:43:08.911596 write(0, "200 Switching to Binary mode.\r\n", 31) = 31
21261 14:43:08.911650 rt_sigaction(SIGALRM, {0x805cad0, ~[RTMIN RT_1], 0}, NULL, 8) = 0
21261 14:43:08.911666 alarm(300)        = 300
21261 14:43:08.911677 recv(0, "PASV\r\n", 4096, MSG_PEEK) = 6
21261 14:43:08.911689 read(0, "PASV\r\n", 6) = 6
21261 14:43:08.911701 write(5, "\n", 1 <unfinished ...>
21259 14:43:08.911712 <... read resumed> "\n", 1) = 1
21261 14:43:08.911717 <... write resumed> ) = 1
21259 14:43:08.911725 write(4, "\1", 1) = 1
21259 14:43:08.911736 read(4,  <unfinished ...>
21261 14:43:08.911743 read(5, "\1", 1)  = 1
21261 14:43:08.911762 write(5, "\f", 1 <unfinished ...>
21259 14:43:08.911770 <... read resumed> "\f", 1) = 1
21261 14:43:08.911774 <... write resumed> ) = 1
21259 14:43:08.911782 socket(PF_INET, SOCK_STREAM, IPPROTO_TCP) = 5
21259 14:43:08.911798 setsockopt(5, SOL_SOCKET, SO_REUSEADDR, [1], 4) = 0
21259 14:43:08.911812 bind(5, {sa_family=AF_INET, sin_port=htons(47373), sin_addr=inet_addr("127.0.0.1")}, 16) = 0
21259 14:43:08.911829 listen(5, 1)      = 0
21259 14:43:08.911842 write(4, "\r\271\0\0", 4) = 4
21259 14:43:08.911854 read(4,  <unfinished ...>
21261 14:43:08.911861 read(5, "\r\271\0\0", 4) = 4
21261 14:43:08.911876 write(0, "227 Entering Passive Mode (127,0,0,1,185,13).\r\n", 47) = 47
21261 14:43:08.911987 rt_sigaction(SIGALRM, {0x805cad0, ~[RTMIN RT_1], 0}, NULL, 8) = 0
21261 14:43:08.912004 alarm(300)        = 300
21261 14:43:08.912015 recv(0, "RETR myfile34\r\n", 4096, MSG_PEEK) = 15
21261 14:43:08.912027 read(0, "RETR myfile34\r\n", 15) = 15
21261 14:43:08.912040 write(5, "\v", 1 <unfinished ...>
21259 14:43:08.912048 <... read resumed> "\v", 1) = 1
21261 14:43:08.912053 <... write resumed> ) = 1
21259 14:43:08.912070 write(4, "\1\0\0\0", 4) = 4
21259 14:43:08.912095 read(4,  <unfinished ...>
21261 14:43:08.912103 read(5, "\1\0\0\0", 4) = 4
21261 14:43:08.912125 gettimeofday({1495651388, 912129}, NULL) = 0
21261 14:43:08.912137 getcwd("/home/msfadmin", 4096) = 15
21261 14:43:08.912149 open("myfile34", O_RDONLY|O_NONBLOCK|O_LARGEFILE) = 4
21261 14:43:08.912163 fcntl64(4, F_SETLKW64, {type=F_RDLCK, whence=SEEK_SET, start=0, len=0}, 0xbf982394) = 0
21261 14:43:08.912178 fstat64(4, {st_mode=S_IFREG|0644, st_size=17, ...}) = 0
21261 14:43:08.912195 fcntl64(4, F_GETFL) = 0x8800 (flags O_RDONLY|O_NONBLOCK|O_LARGEFILE)
21261 14:43:08.912206 fcntl64(4, F_SETFL, O_RDONLY|O_LARGEFILE) = 0
21261 14:43:08.912217 write(5, "\v", 1 <unfinished ...>
21259 14:43:08.912225 <... read resumed> "\v", 1) = 1
21261 14:43:08.912230 <... write resumed> ) = 1
21259 14:43:08.912236 write(4, "\1\0\0\0", 4) = 4
21259 14:43:08.912247 read(4,  <unfinished ...>
21261 14:43:08.912254 read(5, "\1\0\0\0", 4) = 4
21261 14:43:08.912265 write(5, "\v", 1 <unfinished ...>
21259 14:43:08.912272 <... read resumed> "\v", 1) = 1
21261 14:43:08.912276 <... write resumed> ) = 1
21259 14:43:08.912282 write(4, "\1\0\0\0", 4) = 4
21259 14:43:08.912293 read(4,  <unfinished ...>
21261 14:43:08.912299 read(5, "\1\0\0\0", 4) = 4
21261 14:43:08.912311 write(5, "\r", 1 <unfinished ...>
21259 14:43:08.912318 <... read resumed> "\r", 1) = 1
21261 14:43:08.912322 <... write resumed> ) = 1
21259 14:43:08.912329 select(6, [5], NULL, NULL, {60, 0}) = 1 (in [5], left {60, 0})
21259 14:43:08.912346 accept(5, {sa_family=AF_INET, sin_port=htons(44847), sin_addr=inet_addr("127.0.0.1")}, [16]) = 6
21259 14:43:08.912368 write(4, "\1", 1) = 1
21259 14:43:08.912380 sendmsg(4, {msg_name(0)=NULL, msg_iov(1)=[{"\0", 1}], msg_controllen=16, {cmsg_len=16, cmsg_level=SOL_SOCKET, cmsg_type=SCM_RIGHTS, {6}}, msg_flags=0}, 0) = 1
21259 14:43:08.912397 close(6)          = 0
21259 14:43:08.912406 read(4,  <unfinished ...>
21261 14:43:08.912413 read(5, "\1", 1)  = 1
21261 14:43:08.912426 recvmsg(5, {msg_name(0)=NULL, msg_iov(1)=[{"\0", 1}], msg_controllen=16, {cmsg_len=16, cmsg_level=SOL_SOCKET, cmsg_type=SCM_RIGHTS, {6}}, msg_flags=0}, 0) = 1
21261 14:43:08.912444 setsockopt(6, SOL_SOCKET, SO_KEEPALIVE, [1], 4) = 0
21261 14:43:08.912456 setsockopt(6, SOL_IP, IP_TOS, [8], 4) = 0
21261 14:43:08.912468 setsockopt(6, SOL_SOCKET, SO_LINGER, {onoff=1, linger=32767}, 8) = 0
21261 14:43:08.912479 rt_sigaction(SIGALRM, {0x805cad0, ~[RTMIN RT_1], 0}, NULL, 8) = 0
21261 14:43:08.912493 alarm(300)        = 300
21261 14:43:08.912506 write(0, "150 Opening BINARY mode data connection for myfile34 (17 bytes).\r\n", 66) = 66
21261 14:43:08.912547 _llseek(4, 0, [0], SEEK_CUR) = 0
21261 14:43:08.912559 fstat64(4, {st_mode=S_IFREG|0644, st_size=17, ...}) = 0
21261 14:43:08.912576 _llseek(4, 0, [0], SEEK_SET) = 0
21261 14:43:08.912587 sendfile(6, 4, NULL, 17) = 17
21261 14:43:08.912616 rt_sigaction(SIGALRM, {0x805cad0, ~[RTMIN RT_1], 0}, NULL, 8) = 0
21261 14:43:08.912635 alarm(300)        = 300
21261 14:43:08.912645 close(6)          = 0
21261 14:43:08.912681 alarm(0)          = 300
21261 14:43:08.912692 gettimeofday({1495651388, 912695}, NULL) = 0
21261 14:43:08.912707 gettimeofday({1495651388, 912711}, NULL) = 0
21261 14:43:08.912721 fcntl64(3, F_SETLKW64, {type=F_WRLCK, whence=SEEK_SET, start=0, len=0}, 0xbf982334) = 0
21261 14:43:08.912736 write(3, "Wed May 24 14:43:08 2017 [pid 21261] [msfadmin] OK DOWNLOAD: Client \"127.0.0.1\", \"/home/msfadmin/myfile34\", 17 bytes, 28.53Kbyte/sec\n", 133) = 133
21261 14:43:08.912757 fcntl64(3, F_SETLK64, {type=F_UNLCK, whence=SEEK_SET, start=0, len=0}, 0xbf98233c) = 0
21261 14:43:08.912771 write(0, "226 Transfer complete.\r\n", 24) = 24
21261 14:43:08.912835 write(5, "\n", 1 <unfinished ...>
21259 14:43:08.912845 <... read resumed> "\n", 1) = 1
21261 14:43:08.912850 <... write resumed> ) = 1
21259 14:43:08.912856 close(5)          = 0
21259 14:43:08.912868 write(4, "\1", 1) = 1
21259 14:43:08.912879 read(4,  <unfinished ...>
21261 14:43:08.912886 read(5, "\1", 1)  = 1
21261 14:43:08.912897 close(4)          = 0
21261 14:43:08.912907 rt_sigaction(SIGALRM, {0x805cad0, ~[RTMIN RT_1], 0}, NULL, 8) = 0
21261 14:43:08.912921 alarm(300)        = 0
21261 14:43:08.912932 recv(0,  <unfinished ...>
21264 14:43:09.330538 <... recv resumed> "TYPE I\r\n", 4096, MSG_PEEK) = 8
21264 14:43:09.330569 read(0, "TYPE I\r\n", 8) = 8
21264 14:43:09.330590 write(0, "200 Switching to Binary mode.\r\n", 31) = 31
21264 14:43:09.330637 rt_sigaction(SIGALRM, {0x805cad0, ~[RTMIN RT_1], 0}, NULL, 8) = 0
21264 14:43:09.330655 alarm(300)        = 299
21264 14:43:09.330668 recv(0, "PASV\r\n", 4096, MSG_PEEK) = 6
21264 14:43:09.330679 read(0, "PASV\r\n", 6) = 6
21264 14:43:09.330691 write(5, "\n", 1) = 1
21264 14:43:09.330704 read(5,  <unfinished ...>
21262 14:43:09.330712 <... read resumed> "\n", 1) = 1
21262 14:43:09.330721 write(4, "\1", 1) = 1
21264 14:43:09.330732 <... read resumed> "\1", 1) = 1
21264 14:43:09.330740 write(5, "\f", 1) = 1
21264 14:43:09.330749 read(5,  <unfinished ...>
21262 14:43:09.330756 read(4, "\f", 1)  = 1
21262 14:43:09.330768 socket(PF_INET, SOCK_STREAM, IPPROTO_TCP) = 5
21262 14:43:09.330784 setsockopt(5, SOL_SOCKET, SO_REUSEADDR, [1], 4) = 0
21262 14:43:09.330798 bind(5, {sa_family=AF_INET, sin_port=htons(31495), sin_addr=inet_addr("127.0.0.1")}, 16) = 0
21262 14:43:09.330815 listen(5, 1)      = 0
21262 14:43:09.330828 write(4, "\7{\0\0", 4) = 4
21264 14:43:09.330839 <... read resumed> "\7{\0\0", 4) = 4
21264 14:43:09.330851 write(0, "227 Entering Passive Mode (127,0,0,1,123,7).\r\n", 46) = 46
21264 14:43:09.330962 rt_sigaction(SIGALRM, {0x805cad0, ~[RTMIN RT_1], 0}, NULL, 8) = 0
21264 14:43:09.330979 alarm(300)        = 300
21264 14:43:09.330990 recv(0, "STOR myfile24\r\n", 4096, MSG_PEEK) = 15
21264 14:43:09.331002 read(0, "STOR myfile24\r\n", 15) = 15
21264 14:43:09.331016 write(5, "\v", 1) = 1
21264 14:43:09.331026 read(5,  <unfinished ...>
21262 14:43:09.331033 read(4, "\v", 1)  = 1
21262 14:43:09.331044 write(4, "\1\0\0\0", 4) = 4
21264 14:43:09.331055 <... read resumed> "\1\0\0\0", 4) = 4
21264 14:43:09.331063 gettimeofday({1495651389, 331066}, NULL) = 0
21264 14:43:09.331074 getcwd("/home/msfadmin", 4096) = 15
21264 14:43:09.331086 open("myfile24", O_WRONLY|O_CREAT|O_NONBLOCK|O_LARGEFILE, 0666) = 4
21264 14:43:09.331100 fstat64(4, {st_mode=S_IFREG|0644, st_size=17, ...}) = 0
21264 14:43:09.331118 fcntl64(4, F_GETFL) = 0x8801 (flags O_WRONLY|O_NONBLOCK|O_LARGEFILE)
21264 14:43:09.331130 fcntl64(4, F_SETFL, O_WRONLY|O_LARGEFILE) = 0
21264 14:43:09.331139 fcntl64(4, F_SETLKW64, {type=F_WRLCK, whence=SEEK_SET, start=0, len=0}, 0xbf86aa54) = 0
21264 14:43:09.331153 ftruncate64(4, 0) = 0
21264 14:43:09.331173 _llseek(4, 0, [0], SEEK_SET) = 0
21264 14:43:09.331210 write(5, "\v", 1) = 1
21264 14:43:09.331236 read(5,  <unfinished ...>
21262 14:43:09.331247 read(4, "\v", 1)  = 1
21262 14:43:09.331259 write(4, "\1\0\0\0", 4) = 4
21264 14:43:09.331270 <... read resumed> "\1\0\0\0", 4) = 4
21264 14:43:09.331284 write(5, "\v", 1) = 1
21264 14:43:09.331294 read(5,  <unfinished ...>
21262 14:43:09.331301 read(4, "\v", 1)  = 1
21262 14:43:09.331311 write(4, "\1\0\0\0", 4) = 4
21264 14:43:09.331322 <... read resumed> "\1\0\0\0", 4) = 4
21264 14:43:09.331329 write(5, "\r", 1) = 1
21264 14:43:09.331339 read(5,  <unfinished ...>
21262 14:43:09.331345 read(4, "\r", 1)  = 1
21262 14:43:09.331357 select(6, [5], NULL, NULL, {60, 0}) = 1 (in [5], left {60, 0})
21262 14:43:09.331374 accept(5, {sa_family=AF_INET, sin_port=htons(54317), sin_addr=inet_addr("127.0.0.1")}, [16]) = 6
21262 14:43:09.331396 write(4, "\1", 1) = 1
21264 14:43:09.331407 <... read resumed> "\1", 1) = 1
21264 14:43:09.331415 recvmsg(5,  <unfinished ...>
21262 14:43:09.331423 sendmsg(4, {msg_name(0)=NULL, msg_iov(1)=[{"\0", 1}], msg_controllen=16, {cmsg_len=16, cmsg_level=SOL_SOCKET, cmsg_type=SCM_RIGHTS, {6}}, msg_flags=0}, 0) = 1
21264 14:43:09.331441 <... recvmsg resumed> {msg_name(0)=NULL, msg_iov(1)=[{"\0", 1}], msg_controllen=16, {cmsg_len=16, cmsg_level=SOL_SOCKET, cmsg_type=SCM_RIGHTS, {6}}, msg_flags=0}, 0) = 1
21264 14:43:09.331454 setsockopt(6, SOL_SOCKET, SO_KEEPALIVE, [1], 4) = 0
21264 14:43:09.331466 setsockopt(6, SOL_IP, IP_TOS, [8], 4) = 0
21264 14:43:09.331478 setsockopt(6, SOL_SOCKET, SO_LINGER, {onoff=1, linger=32767}, 8) = 0
21264 14:43:09.331489 rt_sigaction(SIGALRM, {0x805cad0, ~[RTMIN RT_1], 0}, NULL, 8) = 0
21264 14:43:09.331503 alarm(300)        = 300
21264 14:43:09.331515 write(0, "150 Ok to send data.\r\n", 22) = 22
21264 14:43:09.331581 read(6, "assasaaa\na\na\na\na\n", 65536) = 17
21264 14:43:09.331595 write(4, "assasaaa\na\na\na\na\n", 17) = 17
21264 14:43:09.331611 read(6, "", 65536) = 0
21264 14:43:09.331622 rt_sigaction(SIGALRM, {0x805cad0, ~[RTMIN RT_1], 0}, NULL, 8) = 0
21264 14:43:09.331637 alarm(300)        = 300
21264 14:43:09.331646 close(6)          = 0
21264 14:43:09.331656 alarm(0)          = 300
21264 14:43:09.331665 gettimeofday({1495651389, 331669}, NULL) = 0
21264 14:43:09.331680 gettimeofday({1495651389, 331684}, NULL) = 0
21264 14:43:09.331694 fcntl64(3, F_SETLKW64, {type=F_WRLCK, whence=SEEK_SET, start=0, len=0}, 0xbf86a9f4) = 0
21264 14:43:09.331709 write(3, "Wed May 24 14:43:09 2017 [pid 21264] [msfadmin] OK UPLOAD: Client \"127.0.0.1\", \"/home/msfadmin/myfile24\", 17 bytes, 26.86Kbyte/sec\n", 131) = 131
21264 14:43:09.331730 fcntl64(3, F_SETLK64, {type=F_UNLCK, whence=SEEK_SET, start=0, len=0}, 0xbf86a9fc) = 0
21264 14:43:09.331745 write(0, "226 Transfer complete.\r\n", 24) = 24
21264 14:43:09.331788 write(5, "\n", 1) = 1
21264 14:43:09.331800 read(5,  <unfinished ...>
21262 14:43:09.331807 close(6)          = 0
21262 14:43:09.331825 read(4, "\n", 1)  = 1
21262 14:43:09.331837 close(5)          = 0
21262 14:43:09.331847 write(4, "\1", 1) = 1
21264 14:43:09.331858 <... read resumed> "\1", 1) = 1
21264 14:43:09.331865 close(4)          = 0
21264 14:43:09.331876 rt_sigaction(SIGALRM, {0x805cad0, ~[RTMIN RT_1], 0}, NULL, 8) = 0
21264 14:43:09.331890 alarm(300)        = 0
21264 14:43:09.331901 recv(0,  <unfinished ...>
21262 14:43:09.331908 read(4,  <unfinished ...>
21261 14:43:09.461097 <... recv resumed> "USER msfadmin\r\n", 4096, MSG_PEEK) = 15
21261 14:43:09.461199 read(0, "USER msfadmin\r\n", 15) = 15
21261 14:43:09.461278 write(0, "331 Any password will do.\r\n", 27) = 27
21261 14:43:09.461359 rt_sigaction(SIGALRM, {0x805cad0, ~[RTMIN RT_1], 0}, NULL, 8) = 0
21261 14:43:09.461390 alarm(300)        = 299
21261 14:43:09.461414 recv(0, "PASS msfadmin\r\n", 4096, MSG_PEEK) = 15
21261 14:43:09.461427 read(0, "PASS msfadmin\r\n", 15) = 15
21261 14:43:09.461443 write(0, "230 Already logged in.\r\n", 24) = 24
21261 14:43:09.461505 rt_sigaction(SIGALRM, {0x805cad0, ~[RTMIN RT_1], 0}, NULL, 8) = 0
21261 14:43:09.461521 alarm(300)        = 300
21261 14:43:09.461532 recv(0, "TYPE I\r\n", 4096, MSG_PEEK) = 8
21261 14:43:09.461543 read(0, "TYPE I\r\n", 8) = 8
21261 14:43:09.461558 write(0, "200 Switching to Binary mode.\r\n", 31) = 31
21261 14:43:09.461593 rt_sigaction(SIGALRM, {0x805cad0, ~[RTMIN RT_1], 0}, NULL, 8) = 0
21261 14:43:09.461615 alarm(300)        = 300
21261 14:43:09.461626 recv(0, "PASV\r\n", 4096, MSG_PEEK) = 6
21261 14:43:09.461678 read(0, "PASV\r\n", 6) = 6
21261 14:43:09.461690 write(5, "\n", 1 <unfinished ...>
21259 14:43:09.461701 <... read resumed> "\n", 1) = 1
21261 14:43:09.461707 <... write resumed> ) = 1
21259 14:43:09.461714 write(4, "\1", 1) = 1
21259 14:43:09.461726 read(4,  <unfinished ...>
21261 14:43:09.461733 read(5, "\1", 1)  = 1
21261 14:43:09.461744 write(5, "\f", 1 <unfinished ...>
21259 14:43:09.461751 <... read resumed> "\f", 1) = 1
21261 14:43:09.461756 <... write resumed> ) = 1
21259 14:43:09.461763 socket(PF_INET, SOCK_STREAM, IPPROTO_TCP) = 5
21259 14:43:09.461779 setsockopt(5, SOL_SOCKET, SO_REUSEADDR, [1], 4) = 0
21259 14:43:09.461794 bind(5, {sa_family=AF_INET, sin_port=htons(61220), sin_addr=inet_addr("127.0.0.1")}, 16) = 0
21259 14:43:09.461810 listen(5, 1)      = 0
21259 14:43:09.461824 write(4, "$\357\0\0", 4) = 4
21259 14:43:09.461835 read(4,  <unfinished ...>
21261 14:43:09.461842 read(5, "$\357\0\0", 4) = 4
21261 14:43:09.461858 write(0, "227 Entering Passive Mode (127,0,0,1,239,36).\r\n", 47) = 47
21261 14:43:09.462020 rt_sigaction(SIGALRM, {0x805cad0, ~[RTMIN RT_1], 0}, NULL, 8) = 0
21261 14:43:09.462047 alarm(300)        = 300
21261 14:43:09.462058 recv(0, "RETR myfile35\r\n", 4096, MSG_PEEK) = 15
21261 14:43:09.462070 read(0, "RETR myfile35\r\n", 15) = 15
21261 14:43:09.462083 write(5, "\v", 1 <unfinished ...>
21259 14:43:09.462092 <... read resumed> "\v", 1) = 1
21261 14:43:09.462096 <... write resumed> ) = 1
21259 14:43:09.462103 write(4, "\1\0\0\0", 4) = 4
21259 14:43:09.462114 read(4,  <unfinished ...>
21261 14:43:09.462121 read(5, "\1\0\0\0", 4) = 4
21261 14:43:09.462132 gettimeofday({1495651389, 462136}, NULL) = 0
21261 14:43:09.462143 getcwd("/home/msfadmin", 4096) = 15
21261 14:43:09.462156 open("myfile35", O_RDONLY|O_NONBLOCK|O_LARGEFILE) = 4
21261 14:43:09.462170 fcntl64(4, F_SETLKW64, {type=F_RDLCK, whence=SEEK_SET, start=0, len=0}, 0xbf982394) = 0
