19257 14:22:24.896497 munmap(0xb7fa8000, 4096) = 0
19257 14:22:24.896507 stat64("/etc/pam.d", {st_mode=S_IFDIR|0755, st_size=4096, ...}) = 0
19257 14:22:24.896526 open("/etc/pam.d/common-account", O_RDONLY|O_LARGEFILE) = 6
19257 14:22:24.896538 fstat64(6, {st_mode=S_IFREG|0644, st_size=392, ...}) = 0
19257 14:22:24.896589 mmap2(NULL, 4096, PROT_READ|PROT_WRITE, MAP_PRIVATE|MAP_ANONYMOUS, -1, 0) = 0xb7fa8000
19257 14:22:24.896601 read(6, "#\n# /etc/pam.d/common-account - authorization settings common to all services\n#\n# This file is included from other service-specific PAM config files,\n# and should contain a list of the authorization modules that define\n# the central access policy for use on the system.  The default is to\n# only deny service to users whose accounts are expired in /etc/shadow.\n#\naccount\trequired\tpam_unix.so\n", 4096) = 392
19257 14:22:24.896641 read(6, "", 4096) = 0
19257 14:22:24.896651 close(6)          = 0
19257 14:22:24.896661 munmap(0xb7fa8000, 4096) = 0
19257 14:22:24.896672 stat64("/etc/pam.d", {st_mode=S_IFDIR|0755, st_size=4096, ...}) = 0
19257 14:22:24.896690 open("/etc/pam.d/common-password", O_RDONLY|O_LARGEFILE) = 6
19257 14:22:24.896704 fstat64(6, {st_mode=S_IFREG|0644, st_size=1563, ...}) = 0
19257 14:22:24.896720 mmap2(NULL, 4096, PROT_READ|PROT_WRITE, MAP_PRIVATE|MAP_ANONYMOUS, -1, 0) = 0xb7fa8000
19257 14:22:24.896730 read(6, "#\n# /etc/pam.d/common-password - password-related modules common to all services\n#\n# This file is included from other service-specific PAM config files,\n# and should contain a list of modules that define the services to be\n# used to change user passwords.  The default is pam_unix.\n\n# Explanation of pam_unix options:\n#\n# The \"nullok\" option allows users to change an empty password, else\n# empty passwords are treated as locked accounts.\n#\n# The \"md5\" option enables MD5 passwords.  Without this option, the\n# default is Unix crypt.\n#\n# The \"obscure\" option replaces the old `OBSCURE_CHECKS_ENAB\' option in\n# login.defs.\n#\n# You can also use the \"min\" option to enforce the length of the new\n# password.\n#\n# See the pam_unix manpage for other options.\n\npassword   requisite   pam_unix.so nullok obscure md5\n\n# Alternate strength checking for password. Note that this\n# requires the libpam-cracklib package to be installed.\n# You will need to comment out the password line above and\n# uncomment the next two in order to use this.\n# (Replaces the `OBSCURE_CHECKS_ENAB\', `CRACKLIB_DICTPATH\')\n#\n# password required\t  pam_cracklib.so retry=3 minlen=6 difok=3\n# password required\t  pam_unix.so use_authtok nullok md5\n\n# minimally-intrusive inclusion of smbpass in the stack for\n# synchronization.  If the module is absent or the passwords don\'t\n# match, this module will be ignored without prompting; and if the \n# passwords do match, the NTLM hash for the user will be updated\n# automatically.\n# password   optional   pam_smbpass.so nullok use_authtok use_first_pass\n", 4096) = 1563
19257 14:22:24.896848 read(6, "", 4096) = 0
19257 14:22:24.896858 close(6)          = 0
19257 14:22:24.896867 munmap(0xb7fa8000, 4096) = 0
19257 14:22:24.896878 stat64("/etc/pam.d", {st_mode=S_IFDIR|0755, st_size=4096, ...}) = 0
19257 14:22:24.896896 open("/etc/pam.d/common-session", O_RDONLY|O_LARGEFILE) = 6
19257 14:22:24.896909 fstat64(6, {st_mode=S_IFREG|0644, st_size=372, ...}) = 0
19257 14:22:24.896925 mmap2(NULL, 4096, PROT_READ|PROT_WRITE, MAP_PRIVATE|MAP_ANONYMOUS, -1, 0) = 0xb7fa8000
19257 14:22:24.896936 read(6, "#\n# /etc/pam.d/common-session - session-related modules common to all services\n#\n# This file is included from other service-specific PAM config files,\n# and should contain a list of modules that define tasks to be performed\n# at the start and end of sessions of *any* kind (both interactive and\n# non-interactive).  The default is pam_unix.\n#\nsession\trequired\tpam_unix.so\n", 4096) = 372
19257 14:22:24.896973 read(6, "", 4096) = 0
19257 14:22:24.896983 close(6)          = 0
19257 14:22:24.896992 munmap(0xb7fa8000, 4096) = 0
19257 14:22:24.897003 read(5, "", 4096) = 0
19257 14:22:24.897012 close(5)          = 0
19257 14:22:24.897021 munmap(0xb7fae000, 4096) = 0
19257 14:22:24.897034 time(NULL)        = 1495650144
19257 14:22:24.897045 lstat64("/etc/ftpusers", {st_mode=S_IFREG|0644, st_size=132, ...}) = 0
19257 14:22:24.897051 open("/etc/ftpusers", O_RDONLY|O_LARGEFILE) = 5
19257 14:22:24.897051 fstat64(5, {st_mode=S_IFREG|0644, st_size=132, ...}) = 0
19257 14:22:24.897052 mmap2(NULL, 4096, PROT_READ|PROT_WRITE, MAP_PRIVATE|MAP_ANONYMOUS, -1, 0) = 0xb7fae000
19257 14:22:24.897052 read(5, "# /etc/ftpusers: list of users disallowed FTP access. See ftpusers(5).\n\nroot\ndaemon\nbin\nsys\nsync\ngames\nman\nlp\nmail\nnews\nuucp\nnobody\n", 4096) = 132
19257 14:22:24.897052 read(5, "", 4096) = 0
19257 14:22:24.897052 close(5)          = 0
19257 14:22:24.897053 munmap(0xb7fae000, 4096) = 0
19257 14:22:24.897053 getuid32()        = 0
19257 14:22:24.897053 open("/etc/passwd", O_RDONLY|0x80000 /* O_??? */) = 5
19257 14:22:24.897053 _llseek(5, 0, [0], SEEK_CUR) = 0
19257 14:22:24.897053 fstat64(5, {st_mode=S_IFREG|0644, st_size=1624, ...}) = 0
19257 14:22:24.897054 mmap2(NULL, 1624, PROT_READ, MAP_SHARED, 5, 0) = 0xb7fae000
19257 14:22:24.897064 _llseek(5, 1624, [1624], SEEK_SET) = 0
19257 14:22:24.897083 munmap(0xb7fae000, 1624) = 0
19257 14:22:24.897094 close(5)          = 0
19257 14:22:24.897118 open("/etc/shadow", O_RDONLY|0x80000 /* O_??? */) = 5
19257 14:22:24.897136 _llseek(5, 0, [0], SEEK_CUR) = 0
19257 14:22:24.897146 fstat64(5, {st_mode=S_IFREG|0640, st_size=1233, ...}) = 0
19257 14:22:24.897162 mmap2(NULL, 1233, PROT_READ, MAP_SHARED, 5, 0) = 0xb7fae000
19257 14:22:24.897173 _llseek(5, 1233, [1233], SEEK_SET) = 0
19257 14:22:24.897213 munmap(0xb7fae000, 1233) = 0
19257 14:22:24.897226 close(5)          = 0
19257 14:22:24.897246 open("/etc/passwd", O_RDONLY|0x80000 /* O_??? */) = 5
19257 14:22:24.897274 _llseek(5, 0, [0], SEEK_CUR) = 0
19257 14:22:24.897284 fstat64(5, {st_mode=S_IFREG|0644, st_size=1624, ...}) = 0
19257 14:22:24.897300 mmap2(NULL, 1624, PROT_READ, MAP_SHARED, 5, 0) = 0xb7fae000
19257 14:22:24.897311 _llseek(5, 1624, [1624], SEEK_SET) = 0
19257 14:22:24.897327 munmap(0xb7fae000, 1624) = 0
19257 14:22:24.897337 close(5)          = 0
19257 14:22:24.897350 open("/etc/shadow", O_RDONLY|0x80000 /* O_??? */) = 5
19257 14:22:24.897363 _llseek(5, 0, [0], SEEK_CUR) = 0
19257 14:22:24.897373 fstat64(5, {st_mode=S_IFREG|0640, st_size=1233, ...}) = 0
19257 14:22:24.897389 mmap2(NULL, 1233, PROT_READ, MAP_SHARED, 5, 0) = 0xb7fae000
19257 14:22:24.897399 _llseek(5, 1233, [1233], SEEK_SET) = 0
19257 14:22:24.897416 munmap(0xb7fae000, 1233) = 0
19257 14:22:24.897425 close(5)          = 0
19257 14:22:24.897657 getuid32()        = 0
19257 14:22:24.897668 open("/etc/passwd", O_RDONLY|0x80000 /* O_??? */) = 5
19257 14:22:24.897681 _llseek(5, 0, [0], SEEK_CUR) = 0
19257 14:22:24.897691 fstat64(5, {st_mode=S_IFREG|0644, st_size=1624, ...}) = 0
19257 14:22:24.897707 mmap2(NULL, 1624, PROT_READ, MAP_SHARED, 5, 0) = 0xb7fae000
19257 14:22:24.897717 _llseek(5, 1624, [1624], SEEK_SET) = 0
19257 14:22:24.897733 munmap(0xb7fae000, 1624) = 0
19257 14:22:24.897742 close(5)          = 0
19257 14:22:24.897755 open("/etc/shadow", O_RDONLY|0x80000 /* O_??? */) = 5
19257 14:22:24.897767 _llseek(5, 0, [0], SEEK_CUR) = 0
19257 14:22:24.897777 fstat64(5, {st_mode=S_IFREG|0640, st_size=1233, ...}) = 0
19257 14:22:24.897793 mmap2(NULL, 1233, PROT_READ, MAP_SHARED, 5, 0) = 0xb7fae000
19257 14:22:24.897804 _llseek(5, 1233, [1233], SEEK_SET) = 0
19257 14:22:24.897820 munmap(0xb7fae000, 1233) = 0
19257 14:22:24.897830 close(5)          = 0
19257 14:22:24.897841 time(NULL)        = 1495650144
19257 14:22:24.897856 munmap(0xb7fab000, 12164) = 0
19257 14:22:24.897869 munmap(0xb7fa9000, 7136) = 0
19257 14:22:24.897883 munmap(0xb7dde000, 95428) = 0
19257 14:22:24.897894 munmap(0xb7da4000, 201052) = 0
19257 14:22:24.897906 munmap(0xb7d8b000, 101180) = 0
19257 14:22:24.897922 gettimeofday({1495650144, 897925}, NULL) = 0
19257 14:22:24.897933 stat64("/usr/share/zoneinfo/UTC+04:00", 0xbfd93704) = -1 ENOENT (No such file or directory)
19257 14:22:24.897948 open("/usr/share/zoneinfo/UTC+04:00", O_RDONLY) = -1 ENOENT (No such file or directory)
19257 14:22:24.897973 fcntl64(3, F_SETLKW64, {type=F_WRLCK, whence=SEEK_SET, start=0, len=0}, 0xbfd93854) = 0
19257 14:22:24.897989 write(3, "Wed May 24 14:22:24 2017 [pid 19257] [msfadmin] OK LOGIN: Client \"127.0.0.1\"\n", 77) = 77
19257 14:22:24.898006 fcntl64(3, F_SETLK64, {type=F_UNLCK, whence=SEEK_SET, start=0, len=0}, 0xbfd9385c) = 0
19257 14:22:24.898019 rt_sigaction(SIGCHLD, {0x805cad0, ~[RTMIN RT_1], 0}, NULL, 8) = 0
19257 14:22:24.898033 write(4, "\1", 1 <unfinished ...>
19258 14:22:24.898043 <... read resumed> "\1", 1) = 1
19257 14:22:24.898048 <... write resumed> ) = 1
19258 14:22:24.898056 exit_group(0)     = ?
19257 14:22:24.898084 --- SIGCHLD (Child exited) @ 0 (0) ---
19257 14:22:24.898091 sigreturn()       = ? (mask now [])
19257 14:22:24.898110 wait4(-1, [{WIFEXITED(s) && WEXITSTATUS(s) == 0}], 0, NULL) = 19258
19257 14:22:24.898123 close(4)          = 0
19257 14:22:24.898135 socketpair(PF_FILE, SOCK_STREAM, 0, [4, 5]) = 0
19257 14:22:24.898148 rt_sigaction(SIGCHLD, {0x805cad0, ~[RTMIN RT_1], 0}, NULL, 8) = 0
19257 14:22:24.898162 rt_sigaction(SIGALRM, {0x805cb10, ~[RTMIN RT_1], 0}, NULL, 8) = 0
19257 14:22:24.898193 clone(child_stack=0, flags=CLONE_CHILD_CLEARTID|CLONE_CHILD_SETTID|SIGCHLD, child_tidptr=0xb7e146f8) = 19259
19259 14:22:24.898257 prctl(0x1, 0x9, 0, 0, 0) = 0
19259 14:22:24.898271 close(4)          = 0
19259 14:22:24.898298 open("/etc/passwd", O_RDONLY|0x80000 /* O_??? */) = 4
19259 14:22:24.898315 _llseek(4, 0, [0], SEEK_CUR) = 0
19259 14:22:24.898330 fstat64(4, {st_mode=S_IFREG|0644, st_size=1624, ...}) = 0
19259 14:22:24.898348 mmap2(NULL, 1624, PROT_READ, MAP_SHARED, 4, 0) = 0xb7fae000
19259 14:22:24.898360 _llseek(4, 1624, [1624], SEEK_SET) = 0
19259 14:22:24.898387 munmap(0xb7fae000, 1624) = 0
19259 14:22:24.898398 close(4)          = 0
19259 14:22:24.898412 getuid32()        = 0
19259 14:22:24.898422 open("/etc/passwd", O_RDONLY|0x80000 /* O_??? */) = 4
19259 14:22:24.898434 _llseek(4, 0, [0], SEEK_CUR) = 0
19259 14:22:24.898445 fstat64(4, {st_mode=S_IFREG|0644, st_size=1624, ...}) = 0
19259 14:22:24.898461 mmap2(NULL, 1624, PROT_READ, MAP_SHARED, 4, 0) = 0xb7fae000
19259 14:22:24.898472 _llseek(4, 1624, [1624], SEEK_SET) = 0
19259 14:22:24.898488 munmap(0xb7fae000, 1624) = 0
19259 14:22:24.898497 close(4)          = 0
19259 14:22:24.898522 open("/proc/sys/kernel/ngroups_max", O_RDONLY) = 4
19259 14:22:24.898543 read(4, "65536\n", 31) = 6
19259 14:22:24.898556 close(4)          = 0
19259 14:22:24.898569 socket(PF_FILE, SOCK_STREAM, 0) = 4
19259 14:22:24.898581 fcntl64(4, F_SETFL, O_RDWR|O_NONBLOCK) = 0
19259 14:22:24.898592 connect(4, {sa_family=AF_FILE, path="/var/run/nscd/socket"}, 110) = -1 ENOENT (No such file or directory)
19259 14:22:24.898613 close(4)          = 0
19259 14:22:24.898625 socket(PF_FILE, SOCK_STREAM, 0) = 4
19259 14:22:24.898635 fcntl64(4, F_SETFL, O_RDWR|O_NONBLOCK) = 0
19259 14:22:24.898645 connect(4, {sa_family=AF_FILE, path="/var/run/nscd/socket"}, 110) = -1 ENOENT (No such file or directory)
19259 14:22:24.898663 close(4)          = 0
19259 14:22:24.898687 open("/etc/group", O_RDONLY|0x80000 /* O_??? */) = 4
19259 14:22:24.898701 _llseek(4, 0, [0], SEEK_CUR) = 0
19259 14:22:24.898712 fstat64(4, {st_mode=S_IFREG|0644, st_size=886, ...}) = 0
19259 14:22:24.898728 mmap2(NULL, 886, PROT_READ, MAP_SHARED, 4, 0) = 0xb7fae000
19259 14:22:24.898739 _llseek(4, 886, [886], SEEK_SET) = 0
19259 14:22:24.898764 fstat64(4, {st_mode=S_IFREG|0644, st_size=886, ...}) = 0
19259 14:22:24.898781 munmap(0xb7fae000, 886) = 0
19259 14:22:24.898791 close(4)          = 0
19259 14:22:24.898801 setgroups32(13, [1000, 4, 20, 24, 25, 29, 30, 44, 46, 107, 111, 112, 119]) = 0
19259 14:22:24.898817 geteuid32()       = 0
19259 14:22:24.898828 getegid32()       = 0
19259 14:22:24.898839 setregid32(-1, 1000) = 0
19259 14:22:24.898849 setreuid32(-1, 1000) = 0
19259 14:22:24.898860 chdir("/home/msfadmin") = 0
19259 14:22:24.898872 setreuid32(-1, 0) = 0
19259 14:22:24.898882 setregid32(-1, 0) = 0
19259 14:22:24.898892 setgid32(1000)    = 0
19259 14:22:24.898902 setuid32(1000)    = 0
19259 14:22:24.898912 setrlimit(RLIMIT_NPROC, {rlim_cur=0, rlim_max=0}) = 0
19259 14:22:24.898925 mmap2(NULL, 12288, PROT_READ|PROT_WRITE, MAP_PRIVATE|MAP_ANONYMOUS, -1, 0) = 0xb7fac000
19259 14:22:24.898937 mprotect(0xb7fae000, 4096, PROT_NONE) = 0
19259 14:22:24.898948 mprotect(0xb7fac000, 4096, PROT_NONE) = 0
19259 14:22:24.898959 getcwd("/home/msfadmin", 4096) = 15
19259 14:22:24.898972 umask(022)        = 077
19259 14:22:24.898982 getcwd("/home/msfadmin", 4096) = 15
19259 14:22:24.898996 open(".message", O_RDONLY|O_NONBLOCK|O_LARGEFILE) = -1 ENOENT (No such file or directory)
19259 14:22:24.899017 write(0, "230 Login successful.\r\n", 23) = 23
19259 14:22:24.899083 rt_sigaction(SIGALRM, {0x805cad0, ~[RTMIN RT_1], 0}, NULL, 8) = 0
19259 14:22:24.899100 alarm(300)        = 0
19259 14:22:24.899111 mmap2(NULL, 12288, PROT_READ|PROT_WRITE, MAP_PRIVATE|MAP_ANONYMOUS, -1, 0) = 0xb7fa9000
19259 14:22:24.899123 mprotect(0xb7fab000, 4096, PROT_NONE) = 0
19259 14:22:24.899134 mprotect(0xb7fa9000, 4096, PROT_NONE) = 0
19259 14:22:24.899166 recv(0, "TYPE I\r\n", 4096, MSG_PEEK) = 8
19259 14:22:24.899189 read(0, "TYPE I\r\n", 8) = 8
19259 14:22:24.899206 write(0, "200 Switching to Binary mode.\r\n", 31) = 31
19259 14:22:24.899247 rt_sigaction(SIGALRM, {0x805cad0, ~[RTMIN RT_1], 0}, NULL, 8) = 0
19259 14:22:24.899261 alarm(300)        = 300
19259 14:22:24.899273 recv(0, "PASV\r\n", 4096, MSG_PEEK) = 6
19259 14:22:24.899284 read(0, "PASV\r\n", 6) = 6
19259 14:22:24.899296 write(5, "\n", 1) = 1
19259 14:22:24.899307 read(5,  <unfinished ...>
19257 14:22:24.899320 close(5)          = 0
19257 14:22:24.899332 getuid32()        = 0
19257 14:22:24.899347 open("/etc/passwd", O_RDONLY|0x80000 /* O_??? */) = 5
19257 14:22:24.899366 _llseek(5, 0, [0], SEEK_CUR) = 0
19257 14:22:24.899378 fstat64(5, {st_mode=S_IFREG|0644, st_size=1624, ...}) = 0
19257 14:22:24.899396 mmap2(NULL, 1624, PROT_READ, MAP_SHARED, 5, 0) = 0xb7fae000
19257 14:22:24.899408 _llseek(5, 1624, [1624], SEEK_SET) = 0
19257 14:22:24.899425 munmap(0xb7fae000, 1624) = 0
19257 14:22:24.899437 close(5)          = 0
19257 14:22:24.899453 setgroups32(0, []) = 0
19257 14:22:24.899464 chdir("/usr/share/empty") = 0
19257 14:22:24.899476 chroot(".")       = 0
19257 14:22:24.899487 capset(NULL, NULL) = -1 EFAULT (Bad address)
19257 14:22:24.899500 prctl(0x8, 0, 0xbfd93838, 0x80549a6, 0xbfd93820) = 0
19257 14:22:24.899512 prctl(0x8, 0x1, 0xbfd93838, 0x8054a49, 0xbfd93820) = 0
19257 14:22:24.899522 setgid32(65534)   = 0
19257 14:22:24.899532 setuid32(65534)   = 0
19257 14:22:24.899541 capset(0x19980330, 0, {CAP_NET_BIND_SERVICE, CAP_NET_BIND_SERVICE, 0}) = 0
19257 14:22:24.899554 read(4, "\n", 1)  = 1
19257 14:22:24.899567 write(4, "\1", 1) = 1
19259 14:22:24.899579 <... read resumed> "\1", 1) = 1
19259 14:22:24.899586 write(5, "\f", 1) = 1
19259 14:22:24.899596 read(5,  <unfinished ...>
19257 14:22:24.899603 read(4, "\f", 1)  = 1
19257 14:22:24.899616 socket(PF_INET, SOCK_STREAM, IPPROTO_TCP) = 5
19257 14:22:24.899629 setsockopt(5, SOL_SOCKET, SO_REUSEADDR, [1], 4) = 0
19257 14:22:24.899640 gettimeofday({1495650144, 899644}, NULL) = 0
19257 14:22:24.899657 bind(5, {sa_family=AF_INET, sin_port=htons(31075), sin_addr=inet_addr("127.0.0.1")}, 16) = 0
19257 14:22:24.899672 listen(5, 1)      = 0
19257 14:22:24.899686 write(4, "cy\0\0", 4) = 4
19259 14:22:24.899696 <... read resumed> "cy\0\0", 4) = 4
19259 14:22:24.899710 write(0, "227 Entering Passive Mode (127,0,0,1,121,99).\r\n", 47) = 47
19259 14:22:24.899808 rt_sigaction(SIGALRM, {0x805cad0, ~[RTMIN RT_1], 0}, NULL, 8) = 0
19259 14:22:24.899826 alarm(300)        = 300
19259 14:22:24.899838 recv(0, "RETR myfile18\r\n", 4096, MSG_PEEK) = 15
19259 14:22:24.899850 read(0, "RETR myfile18\r\n", 15) = 15
19259 14:22:24.899864 write(5, "\v", 1) = 1
19259 14:22:24.899875 read(5,  <unfinished ...>
19257 14:22:24.899882 read(4, "\v", 1)  = 1
19257 14:22:24.899893 write(4, "\1\0\0\0", 4) = 4
19259 14:22:24.899904 <... read resumed> "\1\0\0\0", 4) = 4
19259 14:22:24.899912 gettimeofday({1495650144, 899916}, NULL) = 0
19259 14:22:24.899923 getcwd("/home/msfadmin", 4096) = 15
19259 14:22:24.899936 open("myfile18", O_RDONLY|O_NONBLOCK|O_LARGEFILE) = 4
19259 14:22:24.899949 fcntl64(4, F_SETLKW64, {type=F_RDLCK, whence=SEEK_SET, start=0, len=0}, 0xbfd937a4) = 0
19259 14:22:24.899962 fstat64(4, {st_mode=S_IFREG|0644, st_size=17, ...}) = 0
19259 14:22:24.899979 fcntl64(4, F_GETFL) = 0x8800 (flags O_RDONLY|O_NONBLOCK|O_LARGEFILE)
19259 14:22:24.899990 fcntl64(4, F_SETFL, O_RDONLY|O_LARGEFILE) = 0
19259 14:22:24.900002 write(5, "\v", 1) = 1
19259 14:22:24.900012 read(5,  <unfinished ...>
19257 14:22:24.900020 read(4, "\v", 1)  = 1
19257 14:22:24.900031 write(4, "\1\0\0\0", 4) = 4
19259 14:22:24.900041 <... read resumed> "\1\0\0\0", 4) = 4
19259 14:22:24.900048 write(5, "\v", 1) = 1
19259 14:22:24.900058 read(5,  <unfinished ...>
19257 14:22:24.900065 read(4, "\v", 1)  = 1
19257 14:22:24.900076 write(4, "\1\0\0\0", 4) = 4
19259 14:22:24.900086 <... read resumed> "\1\0\0\0", 4) = 4
19259 14:22:24.900093 write(5, "\r", 1) = 1
19259 14:22:24.900115 read(5,  <unfinished ...>
19257 14:22:24.900125 read(4, "\r", 1)  = 1
19257 14:22:24.900139 select(6, [5], NULL, NULL, {60, 0}) = 1 (in [5], left {60, 0})
19257 14:22:24.900165 accept(5, {sa_family=AF_INET, sin_port=htons(46332), sin_addr=inet_addr("127.0.0.1")}, [16]) = 6
19257 14:22:24.900187 write(4, "\1", 1) = 1
19259 14:22:24.900198 <... read resumed> "\1", 1) = 1
19259 14:22:24.900207 recvmsg(5,  <unfinished ...>
19257 14:22:24.900217 sendmsg(4, {msg_name(0)=NULL, msg_iov(1)=[{"\0", 1}], msg_controllen=16, {cmsg_len=16, cmsg_level=SOL_SOCKET, cmsg_type=SCM_RIGHTS, {6}}, msg_flags=0}, 0) = 1
19259 14:22:24.900234 <... recvmsg resumed> {msg_name(0)=NULL, msg_iov(1)=[{"\0", 1}], msg_controllen=16, {cmsg_len=16, cmsg_level=SOL_SOCKET, cmsg_type=SCM_RIGHTS, {6}}, msg_flags=0}, 0) = 1
19259 14:22:24.900251 setsockopt(6, SOL_SOCKET, SO_KEEPALIVE, [1], 4) = 0
19259 14:22:24.900264 setsockopt(6, SOL_IP, IP_TOS, [8], 4) = 0
19259 14:22:24.900276 setsockopt(6, SOL_SOCKET, SO_LINGER, {onoff=1, linger=32767}, 8) = 0
19259 14:22:24.900287 rt_sigaction(SIGALRM, {0x805cad0, ~[RTMIN RT_1], 0}, NULL, 8) = 0
19259 14:22:24.900301 alarm(300)        = 300
19259 14:22:24.900317 write(0, "150 Opening BINARY mode data connection for myfile18 (17 bytes).\r\n", 66) = 66
19259 14:22:24.900362 _llseek(4, 0, [0], SEEK_CUR) = 0
19259 14:22:24.900374 fstat64(4, {st_mode=S_IFREG|0644, st_size=17, ...}) = 0
19259 14:22:24.900392 _llseek(4, 0, [0], SEEK_SET) = 0
19259 14:22:24.900404 sendfile(6, 4, NULL, 17) = 17
19259 14:22:24.900432 rt_sigaction(SIGALRM, {0x805cad0, ~[RTMIN RT_1], 0}, NULL, 8) = 0
19259 14:22:24.900447 alarm(300)        = 300
19259 14:22:24.900456 close(6)          = 0
19259 14:22:24.900466 alarm(0)          = 300
19259 14:22:24.900475 gettimeofday({1495650144, 900478}, NULL) = 0
19259 14:22:24.900492 getpid()          = 19259
19259 14:22:24.900504 gettimeofday({1495650144, 900508}, NULL) = 0
19259 14:22:24.900521 fcntl64(3, F_SETLKW64, {type=F_WRLCK, whence=SEEK_SET, start=0, len=0}, 0xbfd93744) = 0
19259 14:22:24.900536 write(3, "Wed May 24 14:22:24 2017 [pid 19259] [msfadmin] OK DOWNLOAD: Client \"127.0.0.1\", \"/home/msfadmin/myfile18\", 17 bytes, 28.04Kbyte/sec\n", 133) = 133
19259 14:22:24.900556 fcntl64(3, F_SETLK64, {type=F_UNLCK, whence=SEEK_SET, start=0, len=0}, 0xbfd9374c) = 0
19259 14:22:24.900571 write(0, "226 Transfer complete.\r\n", 24) = 24
19259 14:22:24.900586 write(5, "\n", 1) = 1
19259 14:22:24.900597 read(5,  <unfinished ...>
19257 14:22:24.900604 close(6)          = 0
19257 14:22:24.900681 read(4, "\n", 1)  = 1
19257 14:22:24.900695 close(5)          = 0
19257 14:22:24.900706 write(4, "\1", 1) = 1
19259 14:22:24.900717 <... read resumed> "\1", 1) = 1
19259 14:22:24.900724 close(4)          = 0
19259 14:22:24.900735 rt_sigaction(SIGALRM, {0x805cad0, ~[RTMIN RT_1], 0}, NULL, 8) = 0
19259 14:22:24.900748 alarm(300)        = 0
19259 14:22:24.900759 recv(0,  <unfinished ...>
19257 14:22:24.900767 read(4,  <unfinished ...>
19256 14:22:25.167882 <... recv resumed> "TYPE I\r\n", 4096, MSG_PEEK) = 8
19256 14:22:25.168107 read(0, "TYPE I\r\n", 8) = 8
19256 14:22:25.168305 write(0, "200 Switching to Binary mode.\r\n", 31) = 31
19256 14:22:25.168449 rt_sigaction(SIGALRM, {0x805cad0, ~[RTMIN RT_1], 0}, NULL, 8) = 0
19256 14:22:25.168492 alarm(300)        = 299
19256 14:22:25.168522 recv(0, "PASV\r\n", 4096, MSG_PEEK) = 6
19256 14:22:25.168544 read(0, "PASV\r\n", 6) = 6
19256 14:22:25.168560 write(5, "\n", 1 <unfinished ...>
19254 14:22:25.168573 <... read resumed> "\n", 1) = 1
19256 14:22:25.168578 <... write resumed> ) = 1
19254 14:22:25.168586 write(4, "\1", 1) = 1
19254 14:22:25.168597 read(4,  <unfinished ...>
19256 14:22:25.168604 read(5, "\1", 1)  = 1
19256 14:22:25.168615 write(5, "\f", 1 <unfinished ...>
19254 14:22:25.168622 <... read resumed> "\f", 1) = 1
19256 14:22:25.168627 <... write resumed> ) = 1
19254 14:22:25.168634 socket(PF_INET, SOCK_STREAM, IPPROTO_TCP) = 5
19254 14:22:25.168649 setsockopt(5, SOL_SOCKET, SO_REUSEADDR, [1], 4) = 0
19254 14:22:25.168664 bind(5, {sa_family=AF_INET, sin_port=htons(15992), sin_addr=inet_addr("127.0.0.1")}, 16) = 0
19254 14:22:25.168681 listen(5, 1)      = 0
19254 14:22:25.168695 write(4, "x>\0\0", 4) = 4
19254 14:22:25.168706 read(4,  <unfinished ...>
19256 14:22:25.168713 read(5, "x>\0\0", 4) = 4
19256 14:22:25.168728 write(0, "227 Entering Passive Mode (127,0,0,1,62,120).\r\n", 47) = 47
19256 14:22:25.168842 rt_sigaction(SIGALRM, {0x805cad0, ~[RTMIN RT_1], 0}, NULL, 8) = 0
19256 14:22:25.168859 alarm(300)        = 300
19256 14:22:25.168871 recv(0, "STOR myfile22\r\n", 4096, MSG_PEEK) = 15
19256 14:22:25.168883 read(0, "STOR myfile22\r\n", 15) = 15
19256 14:22:25.168896 write(5, "\v", 1 <unfinished ...>
19254 14:22:25.168904 <... read resumed> "\v", 1) = 1
19256 14:22:25.168917 <... write resumed> ) = 1
19254 14:22:25.168923 write(4, "\1\0\0\0", 4) = 4
19254 14:22:25.168934 read(4,  <unfinished ...>
19256 14:22:25.168941 read(5, "\1\0\0\0", 4) = 4
19256 14:22:25.168953 gettimeofday({1495650145, 168957}, NULL) = 0
19256 14:22:25.168964 getcwd("/home/msfadmin", 4096) = 15
19256 14:22:25.168977 open("myfile22", O_WRONLY|O_CREAT|O_NONBLOCK|O_LARGEFILE, 0666) = 4
19256 14:22:25.168991 fstat64(4, {st_mode=S_IFREG|0644, st_size=17, ...}) = 0
19256 14:22:25.169009 fcntl64(4, F_GETFL) = 0x8801 (flags O_WRONLY|O_NONBLOCK|O_LARGEFILE)
19256 14:22:25.169021 fcntl64(4, F_SETFL, O_WRONLY|O_LARGEFILE) = 0
19256 14:22:25.169031 fcntl64(4, F_SETLKW64, {type=F_WRLCK, whence=SEEK_SET, start=0, len=0}, 0xbfaf8ce4) = 0
19256 14:22:25.169073 ftruncate64(4, 0) = 0
19256 14:22:25.169106 _llseek(4, 0, [0], SEEK_SET) = 0
19256 14:22:25.169117 write(5, "\v", 1 <unfinished ...>
19254 14:22:25.169125 <... read resumed> "\v", 1) = 1
19256 14:22:25.169130 <... write resumed> ) = 1
19254 14:22:25.169136 write(4, "\1\0\0\0", 4) = 4
19254 14:22:25.169147 read(4,  <unfinished ...>
19256 14:22:25.169154 read(5, "\1\0\0\0", 4) = 4
19256 14:22:25.169165 write(5, "\v", 1 <unfinished ...>
19254 14:22:25.169172 <... read resumed> "\v", 1) = 1
19256 14:22:25.169177 <... write resumed> ) = 1
19254 14:22:25.169183 write(4, "\1\0\0\0", 4) = 4
19254 14:22:25.169193 read(4,  <unfinished ...>
19256 14:22:25.169200 read(5, "\1\0\0\0", 4) = 4
19256 14:22:25.169211 write(5, "\r", 1 <unfinished ...>
19254 14:22:25.169218 <... read resumed> "\r", 1) = 1
19256 14:22:25.169222 <... write resumed> ) = 1
19254 14:22:25.169229 select(6, [5], NULL, NULL, {60, 0}) = 1 (in [5], left {60, 0})
19254 14:22:25.169246 accept(5, {sa_family=AF_INET, sin_port=htons(59607), sin_addr=inet_addr("127.0.0.1")}, [16]) = 6
19254 14:22:25.169268 write(4, "\1", 1) = 1
19254 14:22:25.169280 sendmsg(4, {msg_name(0)=NULL, msg_iov(1)=[{"\0", 1}], msg_controllen=16, {cmsg_len=16, cmsg_level=SOL_SOCKET, cmsg_type=SCM_RIGHTS, {6}}, msg_flags=0}, 0) = 1
19254 14:22:25.169297 close(6)          = 0
19254 14:22:25.169307 read(4,  <unfinished ...>
19256 14:22:25.169314 read(5, "\1", 1)  = 1
19256 14:22:25.169326 recvmsg(5, {msg_name(0)=NULL, msg_iov(1)=[{"\0", 1}], msg_controllen=16, {cmsg_len=16, cmsg_level=SOL_SOCKET, cmsg_type=SCM_RIGHTS, {6}}, msg_flags=0}, 0) = 1
19256 14:22:25.169344 setsockopt(6, SOL_SOCKET, SO_KEEPALIVE, [1], 4) = 0
19256 14:22:25.169356 setsockopt(6, SOL_IP, IP_TOS, [8], 4) = 0
19256 14:22:25.169368 setsockopt(6, SOL_SOCKET, SO_LINGER, {onoff=1, linger=32767}, 8) = 0
19256 14:22:25.169379 rt_sigaction(SIGALRM, {0x805cad0, ~[RTMIN RT_1], 0}, NULL, 8) = 0
19256 14:22:25.169392 alarm(300)        = 300
19256 14:22:25.169405 write(0, "150 Ok to send data.\r\n", 22) = 22
19256 14:22:25.169470 read(6, "assasaaa\na\na\na\na\n", 65536) = 17
19256 14:22:25.169485 write(4, "assasaaa\na\na\na\na\n", 17) = 17
19256 14:22:25.169502 read(6, "", 65536) = 0
19256 14:22:25.169512 rt_sigaction(SIGALRM, {0x805cad0, ~[RTMIN RT_1], 0}, NULL, 8) = 0
19256 14:22:25.169526 alarm(300)        = 300
19256 14:22:25.169535 close(6)          = 0
19256 14:22:25.169552 alarm(0)          = 300
19256 14:22:25.169562 gettimeofday({1495650145, 169565}, NULL) = 0
19256 14:22:25.169577 gettimeofday({1495650145, 169581}, NULL) = 0
19256 14:22:25.169591 fcntl64(3, F_SETLKW64, {type=F_WRLCK, whence=SEEK_SET, start=0, len=0}, 0xbfaf8c84) = 0
19256 14:22:25.169606 write(3, "Wed May 24 14:22:25 2017 [pid 19256] [msfadmin] OK UPLOAD: Client \"127.0.0.1\", \"/home/msfadmin/myfile22\", 17 bytes, 26.61Kbyte/sec\n", 131) = 131
19256 14:22:25.169628 fcntl64(3, F_SETLK64, {type=F_UNLCK, whence=SEEK_SET, start=0, len=0}, 0xbfaf8c8c) = 0
19256 14:22:25.169642 write(0, "226 Transfer complete.\r\n", 24) = 24
19256 14:22:25.169685 write(5, "\n", 1 <unfinished ...>
19254 14:22:25.169694 <... read resumed> "\n", 1) = 1
19256 14:22:25.169699 <... write resumed> ) = 1
19254 14:22:25.169705 close(5)          = 0
19254 14:22:25.169717 write(4, "\1", 1) = 1
19254 14:22:25.169728 read(4,  <unfinished ...>
19256 14:22:25.169735 read(5, "\1", 1)  = 1
19256 14:22:25.169750 close(4)          = 0
19256 14:22:25.169760 rt_sigaction(SIGALRM, {0x805cad0, ~[RTMIN RT_1], 0}, NULL, 8) = 0
19256 14:22:25.169773 alarm(300)        = 0
19256 14:22:25.169784 recv(0,  <unfinished ...>
19259 14:22:25.437766 <... recv resumed> "USER msfadmin\r\n", 4096, MSG_PEEK) = 15
19259 14:22:25.437976 read(0, "USER msfadmin\r\n", 15) = 15
19259 14:22:25.438157 write(0, "331 Any password will do.\r\n", 27) = 27
19259 14:22:25.438287 rt_sigaction(SIGALRM, {0x805cad0, ~[RTMIN RT_1], 0}, NULL, 8) = 0
19259 14:22:25.438328 alarm(300)        = 299
19259 14:22:25.438358 recv(0, "PASS msfadmin\r\n", 4096, MSG_PEEK) = 15
19259 14:22:25.438380 read(0, "PASS msfadmin\r\n", 15) = 15
19259 14:22:25.438398 write(0, "230 Already logged in.\r\n", 24) = 24
19259 14:22:25.438461 rt_sigaction(SIGALRM, {0x805cad0, ~[RTMIN RT_1], 0}, NULL, 8) = 0
19259 14:22:25.438477 alarm(300)        = 300
19259 14:22:25.438489 recv(0, "TYPE I\r\n", 4096, MSG_PEEK) = 8
19259 14:22:25.438501 read(0, "TYPE I\r\n", 8) = 8
19259 14:22:25.438515 write(0, "200 Switching to Binary mode.\r\n", 31) = 31
19259 14:22:25.438551 rt_sigaction(SIGALRM, {0x805cad0, ~[RTMIN RT_1], 0}, NULL, 8) = 0
19259 14:22:25.438565 alarm(300)        = 300
19259 14:22:25.438576 recv(0, "PASV\r\n", 4096, MSG_PEEK) = 6
19259 14:22:25.438587 read(0, "PASV\r\n", 6) = 6
19259 14:22:25.438599 write(5, "\n", 1) = 1
19259 14:22:25.438611 read(5,  <unfinished ...>
19257 14:22:25.438620 <... read resumed> "\n", 1) = 1
19257 14:22:25.438629 write(4, "\1", 1) = 1
19259 14:22:25.438640 <... read resumed> "\1", 1) = 1
19259 14:22:25.438647 write(5, "\f", 1) = 1
19259 14:22:25.438657 read(5,  <unfinished ...>
19257 14:22:25.438664 read(4, "\f", 1)  = 1
19257 14:22:25.438676 socket(PF_INET, SOCK_STREAM, IPPROTO_TCP) = 5
19257 14:22:25.438692 setsockopt(5, SOL_SOCKET, SO_REUSEADDR, [1], 4) = 0
19257 14:22:25.438706 bind(5, {sa_family=AF_INET, sin_port=htons(33024), sin_addr=inet_addr("127.0.0.1")}, 16) = 0
19257 14:22:25.438723 listen(5, 1)      = 0
19257 14:22:25.438737 write(4, "\0\201\0\0", 4) = 4
19259 14:22:25.438749 <... read resumed> "\0\201\0\0", 4) = 4
19259 14:22:25.438761 write(0, "227 Entering Passive Mode (127,0,0,1,129,0).\r\n", 46) = 46
19259 14:22:25.438870 rt_sigaction(SIGALRM, {0x805cad0, ~[RTMIN RT_1], 0}, NULL, 8) = 0
19259 14:22:25.438887 alarm(300)        = 300
19259 14:22:25.438899 recv(0, "RETR myfile19\r\n", 4096, MSG_PEEK) = 15
19259 14:22:25.439044 read(0, "RETR myfile19\r\n", 15) = 15
19259 14:22:25.439068 write(5, "\v", 1) = 1
19259 14:22:25.439079 read(5,  <unfinished ...>
19257 14:22:25.439086 read(4, "\v", 1)  = 1
19257 14:22:25.439098 write(4, "\1\0\0\0", 4) = 4
19259 14:22:25.439108 <... read resumed> "\1\0\0\0", 4) = 4
19259 14:22:25.439116 gettimeofday({1495650145, 439120}, NULL) = 0
19259 14:22:25.439128 getcwd("/home/msfadmin", 4096) = 15
19259 14:22:25.439140 open("myfile19", O_RDONLY|O_NONBLOCK|O_LARGEFILE) = 4
19259 14:22:25.439154 fcntl64(4, F_SETLKW64, {type=F_RDLCK, whence=SEEK_SET, start=0, len=0}, 0xbfd937a4) = 0
19259 14:22:25.439169 fstat64(4, {st_mode=S_IFREG|0644, st_size=17, ...}) = 0
19259 14:22:25.439187 fcntl64(4, F_GETFL) = 0x8800 (flags O_RDONLY|O_NONBLOCK|O_LARGEFILE)
19259 14:22:25.439197 fcntl64(4, F_SETFL, O_RDONLY|O_LARGEFILE) = 0
19259 14:22:25.439209 write(5, "\v", 1) = 1
19259 14:22:25.439219 read(5,  <unfinished ...>
19257 14:22:25.439226 read(4, "\v", 1)  = 1
19257 14:22:25.439237 write(4, "\1\0\0\0", 4) = 4
19259 14:22:25.439248 <... read resumed> "\1\0\0\0", 4) = 4
19259 14:22:25.439255 write(5, "\v", 1) = 1
19259 14:22:25.439265 read(5,  <unfinished ...>
19257 14:22:25.439272 read(4, "\v", 1)  = 1
19257 14:22:25.439283 write(4, "\1\0\0\0", 4) = 4
19259 14:22:25.439293 <... read resumed> "\1\0\0\0", 4) = 4
19259 14:22:25.439300 write(5, "\r", 1) = 1
19259 14:22:25.439310 read(5,  <unfinished ...>
19257 14:22:25.439317 read(4, "\r", 1)  = 1
19257 14:22:25.439329 select(6, [5], NULL, NULL, {60, 0}) = 1 (in [5], left {60, 0})
19257 14:22:25.439345 accept(5, {sa_family=AF_INET, sin_port=htons(33123), sin_addr=inet_addr("127.0.0.1")}, [16]) = 6
19257 14:22:25.439374 write(4, "\1", 1) = 1
19259 14:22:25.439386 <... read resumed> "\1", 1) = 1
19259 14:22:25.439394 recvmsg(5,  <unfinished ...>
19257 14:22:25.439403 sendmsg(4, {msg_name(0)=NULL, msg_iov(1)=[{"\0", 1}], msg_controllen=16, {cmsg_len=16, cmsg_level=SOL_SOCKET, cmsg_type=SCM_RIGHTS, {6}}, msg_flags=0}, 0) = 1
19259 14:22:25.439420 <... recvmsg resumed> {msg_name(0)=NULL, msg_iov(1)=[{"\0", 1}], msg_controllen=16, {cmsg_len=16, cmsg_level=SOL_SOCKET, cmsg_type=SCM_RIGHTS, {6}}, msg_flags=0}, 0) = 1
19259 14:22:25.439433 setsockopt(6, SOL_SOCKET, SO_KEEPALIVE, [1], 4) = 0
19259 14:22:25.439445 setsockopt(6, SOL_IP, IP_TOS, [8], 4) = 0
19259 14:22:25.439457 setsockopt(6, SOL_SOCKET, SO_LINGER, {onoff=1, linger=32767}, 8) = 0
19259 14:22:25.439468 rt_sigaction(SIGALRM, {0x805cad0, ~[RTMIN RT_1], 0}, NULL, 8) = 0
19259 14:22:25.439481 alarm(300)        = 300
19259 14:22:25.439495 write(0, "150 Opening BINARY mode data connection for myfile19 (17 bytes).\r\n", 66) = 66
19259 14:22:25.439536 _llseek(4, 0, [0], SEEK_CUR) = 0
19259 14:22:25.439548 fstat64(4, {st_mode=S_IFREG|0644, st_size=17, ...}) = 0
19259 14:22:25.439565 _llseek(4, 0, [0], SEEK_SET) = 0
19259 14:22:25.439576 sendfile(6, 4, NULL, 17) = 17
19259 14:22:25.439606 rt_sigaction(SIGALRM, {0x805cad0, ~[RTMIN RT_1], 0}, NULL, 8) = 0
19259 14:22:25.439620 alarm(300)        = 300
19259 14:22:25.439630 close(6)          = 0
19259 14:22:25.439640 alarm(0)          = 300
19259 14:22:25.439649 gettimeofday({1495650145, 439653}, NULL) = 0
19259 14:22:25.439664 gettimeofday({1495650145, 439668}, NULL) = 0
19259 14:22:25.439678 fcntl64(3, F_SETLKW64, {type=F_WRLCK, whence=SEEK_SET, start=0, len=0}, 0xbfd93744) = 0
19259 14:22:25.439693 write(3, "Wed May 24 14:22:25 2017 [pid 19259] [msfadmin] OK DOWNLOAD: Client \"127.0.0.1\", \"/home/msfadmin/myfile19\", 17 bytes, 30.29Kbyte/sec\n", 133) = 133
19259 14:22:25.439714 fcntl64(3, F_SETLK64, {type=F_UNLCK, whence=SEEK_SET, start=0, len=0}, 0xbfd9374c) = 0
19259 14:22:25.439728 write(0, "226 Transfer complete.\r\n", 24) = 24
19259 14:22:25.439744 write(5, "\n", 1) = 1
19259 14:22:25.439754 read(5,  <unfinished ...>
19257 14:22:25.439761 close(6)          = 0
19257 14:22:25.439843 read(4, "\n", 1)  = 1
19257 14:22:25.439857 close(5)          = 0
19257 14:22:25.439868 write(4, "\1", 1) = 1
19259 14:22:25.439879 <... read resumed> "\1", 1) = 1
19259 14:22:25.439886 close(4)          = 0
19259 14:22:25.439897 rt_sigaction(SIGALRM, {0x805cad0, ~[RTMIN RT_1], 0}, NULL, 8) = 0
19259 14:22:25.439910 alarm(300)        = 0
19259 14:22:25.439922 recv(0,  <unfinished ...>
19257 14:22:25.439929 read(4,  <unfinished ...>
19256 14:22:25.687968 <... recv resumed> "TYPE I\r\n", 4096, MSG_PEEK) = 8
19256 14:22:25.688196 read(0, "TYPE I\r\n", 8) = 8
19256 14:22:25.688398 write(0, "200 Switching to Binary mode.\r\n", 31) = 31
19256 14:22:25.688542 rt_sigaction(SIGALRM, {0x805cad0, ~[RTMIN RT_1], 0}, NULL, 8) = 0
19256 14:22:25.688585 alarm(300)        = 299
19256 14:22:25.688616 recv(0, "PASV\r\n", 4096, MSG_PEEK) = 6
19256 14:22:25.688638 read(0, "PASV\r\n", 6) = 6
19256 14:22:25.688654 write(5, "\n", 1 <unfinished ...>
19254 14:22:25.688666 <... read resumed> "\n", 1) = 1
19256 14:22:25.688671 <... write resumed> ) = 1
19254 14:22:25.688679 write(4, "\1", 1) = 1
19254 14:22:25.688690 read(4,  <unfinished ...>
19256 14:22:25.688697 read(5, "\1", 1)  = 1
19256 14:22:25.688708 write(5, "\f", 1 <unfinished ...>
19254 14:22:25.688715 <... read resumed> "\f", 1) = 1
19256 14:22:25.688720 <... write resumed> ) = 1
19254 14:22:25.688727 socket(PF_INET, SOCK_STREAM, IPPROTO_TCP) = 5
19254 14:22:25.688743 setsockopt(5, SOL_SOCKET, SO_REUSEADDR, [1], 4) = 0
19254 14:22:25.688757 bind(5, {sa_family=AF_INET, sin_port=htons(54062), sin_addr=inet_addr("127.0.0.1")}, 16) = 0
19254 14:22:25.688774 listen(5, 1)      = 0
19254 14:22:25.688788 write(4, ".\323\0\0", 4) = 4
19254 14:22:25.688799 read(4,  <unfinished ...>
19256 14:22:25.688806 read(5, ".\323\0\0", 4) = 4
19256 14:22:25.688829 write(0, "227 Entering Passive Mode (127,0,0,1,211,46).\r\n", 47) = 47
19256 14:22:25.688941 rt_sigaction(SIGALRM, {0x805cad0, ~[RTMIN RT_1], 0}, NULL, 8) = 0
19256 14:22:25.688958 alarm(300)        = 300
19256 14:22:25.688970 recv(0, "STOR myfile23\r\n", 4096, MSG_PEEK) = 15
19256 14:22:25.688982 read(0, "STOR myfile23\r\n", 15) = 15
19256 14:22:25.688996 write(5, "\v", 1 <unfinished ...>
19254 14:22:25.689004 <... read resumed> "\v", 1) = 1
19256 14:22:25.689008 <... write resumed> ) = 1
19254 14:22:25.689015 write(4, "\1\0\0\0", 4) = 4
19254 14:22:25.689026 read(4,  <unfinished ...>
19256 14:22:25.689032 read(5, "\1\0\0\0", 4) = 4
19256 14:22:25.689044 gettimeofday({1495650145, 689048}, NULL) = 0
19256 14:22:25.689056 getcwd("/home/msfadmin", 4096) = 15
19256 14:22:25.689068 open("myfile23", O_WRONLY|O_CREAT|O_NONBLOCK|O_LARGEFILE, 0666) = 4
19256 14:22:25.689082 fstat64(4, {st_mode=S_IFREG|0644, st_size=17, ...}) = 0
19256 14:22:25.689100 fcntl64(4, F_GETFL) = 0x8801 (flags O_WRONLY|O_NONBLOCK|O_LARGEFILE)
19256 14:22:25.689112 fcntl64(4, F_SETFL, O_WRONLY|O_LARGEFILE) = 0
19256 14:22:25.689152 fcntl64(4, F_SETLKW64, {type=F_WRLCK, whence=SEEK_SET, start=0, len=0}, 0xbfaf8ce4) = 0
19256 14:22:25.689170 ftruncate64(4, 0) = 0
19256 14:22:25.689200 _llseek(4, 0, [0], SEEK_SET) = 0
19256 14:22:25.689211 write(5, "\v", 1 <unfinished ...>
19254 14:22:25.689219 <... read resumed> "\v", 1) = 1
19256 14:22:25.689224 <... write resumed> ) = 1
19254 14:22:25.689230 write(4, "\1\0\0\0", 4) = 4
19254 14:22:25.689242 read(4,  <unfinished ...>
19256 14:22:25.689248 read(5, "\1\0\0\0", 4) = 4
19256 14:22:25.689260 write(5, "\v", 1 <unfinished ...>
19254 14:22:25.689267 <... read resumed> "\v", 1) = 1
19256 14:22:25.689271 <... write resumed> ) = 1
19254 14:22:25.689277 write(4, "\1\0\0\0", 4) = 4
19254 14:22:25.689288 read(4,  <unfinished ...>
19256 14:22:25.689294 read(5, "\1\0\0\0", 4) = 4
19256 14:22:25.689306 write(5, "\r", 1 <unfinished ...>
19254 14:22:25.689313 <... read resumed> "\r", 1) = 1
19256 14:22:25.689317 <... write resumed> ) = 1
19254 14:22:25.689324 select(6, [5], NULL, NULL, {60, 0}) = 1 (in [5], left {60, 0})
19254 14:22:25.689340 accept(5, {sa_family=AF_INET, sin_port=htons(44964), sin_addr=inet_addr("127.0.0.1")}, [16]) = 6
19254 14:22:25.689363 write(4, "\1", 1) = 1
19254 14:22:25.689375 sendmsg(4, {msg_name(0)=NULL, msg_iov(1)=[{"\0", 1}], msg_controllen=16, {cmsg_len=16, cmsg_level=SOL_SOCKET, cmsg_type=SCM_RIGHTS, {6}}, msg_flags=0}, 0) = 1
19254 14:22:25.689392 close(6)          = 0
19254 14:22:25.689402 read(4,  <unfinished ...>
19256 14:22:25.689408 read(5, "\1", 1)  = 1
19256 14:22:25.689421 recvmsg(5, {msg_name(0)=NULL, msg_iov(1)=[{"\0", 1}], msg_controllen=16, {cmsg_len=16, cmsg_level=SOL_SOCKET, cmsg_type=SCM_RIGHTS, {6}}, msg_flags=0}, 0) = 1
19256 14:22:25.689439 setsockopt(6, SOL_SOCKET, SO_KEEPALIVE, [1], 4) = 0
19256 14:22:25.689451 setsockopt(6, SOL_IP, IP_TOS, [8], 4) = 0
19256 14:22:25.689463 setsockopt(6, SOL_SOCKET, SO_LINGER, {onoff=1, linger=32767}, 8) = 0
19256 14:22:25.689474 rt_sigaction(SIGALRM, {0x805cad0, ~[RTMIN RT_1], 0}, NULL, 8) = 0
19256 14:22:25.689488 alarm(300)        = 300
19256 14:22:25.689500 write(0, "150 Ok to send data.\r\n", 22) = 22
19256 14:22:25.689566 read(6, "assasaaa\na\na\na\na\n", 65536) = 17
19256 14:22:25.689581 write(4, "assasaaa\na\na\na\na\n", 17) = 17
19256 14:22:25.689597 read(6, "", 65536) = 0
19256 14:22:25.689608 rt_sigaction(SIGALRM, {0x805cad0, ~[RTMIN RT_1], 0}, NULL, 8) = 0
19256 14:22:25.689621 alarm(300)        = 300
19256 14:22:25.689631 close(6)          = 0
19256 14:22:25.689648 alarm(0)          = 300
19256 14:22:25.689658 gettimeofday({1495650145, 689661}, NULL) = 0
19256 14:22:25.689673 gettimeofday({1495650145, 689677}, NULL) = 0
19256 14:22:25.689687 fcntl64(3, F_SETLKW64, {type=F_WRLCK, whence=SEEK_SET, start=0, len=0}, 0xbfaf8c84) = 0
19256 14:22:25.689702 write(3, "Wed May 24 14:22:25 2017 [pid 19256] [msfadmin] OK UPLOAD: Client \"127.0.0.1\", \"/home/msfadmin/myfile23\", 17 bytes, 26.39Kbyte/sec\n", 131) = 131
19256 14:22:25.689727 fcntl64(3, F_SETLK64, {type=F_UNLCK, whence=SEEK_SET, start=0, len=0}, 0xbfaf8c8c) = 0
19256 14:22:25.689742 write(0, "226 Transfer complete.\r\n", 24) = 24
19256 14:22:25.689785 write(5, "\n", 1 <unfinished ...>
19254 14:22:25.689795 <... read resumed> "\n", 1) = 1
19256 14:22:25.689800 <... write resumed> ) = 1
19254 14:22:25.689806 close(5)          = 0
19254 14:22:25.689817 write(4, "\1", 1) = 1
19254 14:22:25.689828 read(4,  <unfinished ...>
19256 14:22:25.689835 read(5, "\1", 1)  = 1
19256 14:22:25.689846 close(4)          = 0
19256 14:22:25.689857 rt_sigaction(SIGALRM, {0x805cad0, ~[RTMIN RT_1], 0}, NULL, 8) = 0
19256 14:22:25.689870 alarm(300)        = 0
19256 14:22:25.689881 recv(0,  <unfinished ...>
19259 14:22:26.037971 <... recv resumed> "USER msfadmin\r\n", 4096, MSG_PEEK) = 15
19259 14:22:26.038013 read(0, "USER msfadmin\r\n", 15) = 15
19259 14:22:26.038037 write(0, "331 Any password will do.\r\n", 27) = 27
19259 14:22:26.038082 rt_sigaction(SIGALRM, {0x805cad0, ~[RTMIN RT_1], 0}, NULL, 8) = 0
19259 14:22:26.038100 alarm(300)        = 299
19259 14:22:26.038112 recv(0, "PASS msfadmin\r\n", 4096, MSG_PEEK) = 15
19259 14:22:26.038124 read(0, "PASS msfadmin\r\n", 15) = 15
19259 14:22:26.038140 write(0, "230 Already logged in.\r\n", 24) = 24
19259 14:22:26.038201 rt_sigaction(SIGALRM, {0x805cad0, ~[RTMIN RT_1], 0}, NULL, 8) = 0
19259 14:22:26.038217 alarm(300)        = 300
19259 14:22:26.038229 recv(0, "TYPE I\r\n", 4096, MSG_PEEK) = 8
19259 14:22:26.038240 read(0, "TYPE I\r\n", 8) = 8
19259 14:22:26.038255 write(0, "200 Switching to Binary mode.\r\n", 31) = 31
19259 14:22:26.038290 rt_sigaction(SIGALRM, {0x805cad0, ~[RTMIN RT_1], 0}, NULL, 8) = 0
19259 14:22:26.038305 alarm(300)        = 300
19259 14:22:26.038316 recv(0, "PASV\r\n", 4096, MSG_PEEK) = 6
19259 14:22:26.038327 read(0, "PASV\r\n", 6) = 6
19259 14:22:26.038338 write(5, "\n", 1) = 1
19259 14:22:26.038351 read(5,  <unfinished ...>
19257 14:22:26.038359 <... read resumed> "\n", 1) = 1
19257 14:22:26.038368 write(4, "\1", 1) = 1
19259 14:22:26.038379 <... read resumed> "\1", 1) = 1
19259 14:22:26.038386 write(5, "\f", 1) = 1
19259 14:22:26.038396 read(5,  <unfinished ...>
19257 14:22:26.038403 read(4, "\f", 1)  = 1
19257 14:22:26.038415 socket(PF_INET, SOCK_STREAM, IPPROTO_TCP) = 5
19257 14:22:26.038431 setsockopt(5, SOL_SOCKET, SO_REUSEADDR, [1], 4) = 0
19257 14:22:26.038445 bind(5, {sa_family=AF_INET, sin_port=htons(16162), sin_addr=inet_addr("127.0.0.1")}, 16) = 0
19257 14:22:26.038462 listen(5, 1)      = 0
19257 14:22:26.038476 write(4, "\"?\0\0", 4) = 4
19259 14:22:26.038487 <... read resumed> "\"?\0\0", 4) = 4
19259 14:22:26.038499 write(0, "227 Entering Passive Mode (127,0,0,1,63,34).\r\n", 46) = 46
19259 14:22:26.038611 rt_sigaction(SIGALRM, {0x805cad0, ~[RTMIN RT_1], 0}, NULL, 8) = 0
19259 14:22:26.038627 alarm(300)        = 300
19259 14:22:26.038639 recv(0, "RETR myfile20\r\n", 4096, MSG_PEEK) = 15
19259 14:22:26.038651 read(0, "RETR myfile20\r\n", 15) = 15
19259 14:22:26.038664 write(5, "\v", 1) = 1
19259 14:22:26.038674 read(5,  <unfinished ...>
19257 14:22:26.038681 read(4, "\v", 1)  = 1
19257 14:22:26.038722 write(4, "\1\0\0\0", 4) = 4
19259 14:22:26.038735 <... read resumed> "\1\0\0\0", 4) = 4
19259 14:22:26.038753 gettimeofday({1495650146, 38756}, NULL) = 0
19259 14:22:26.038764 getcwd("/home/msfadmin", 4096) = 15
19259 14:22:26.038777 open("myfile20", O_RDONLY|O_NONBLOCK|O_LARGEFILE) = 4
19259 14:22:26.038790 fcntl64(4, F_SETLKW64, {type=F_RDLCK, whence=SEEK_SET, start=0, len=0}, 0xbfd937a4) = 0
19259 14:22:26.038806 fstat64(4, {st_mode=S_IFREG|0644, st_size=17, ...}) = 0
19259 14:22:26.038823 fcntl64(4, F_GETFL) = 0x8800 (flags O_RDONLY|O_NONBLOCK|O_LARGEFILE)
19259 14:22:26.038834 fcntl64(4, F_SETFL, O_RDONLY|O_LARGEFILE) = 0
19259 14:22:26.038845 write(5, "\v", 1) = 1
19259 14:22:26.038856 read(5,  <unfinished ...>
19257 14:22:26.038863 read(4, "\v", 1)  = 1
19257 14:22:26.038874 write(4, "\1\0\0\0", 4) = 4
19259 14:22:26.038884 <... read resumed> "\1\0\0\0", 4) = 4
19259 14:22:26.038892 write(5, "\v", 1) = 1
19259 14:22:26.038910 read(5,  <unfinished ...>
19257 14:22:26.038918 read(4, "\v", 1)  = 1
19257 14:22:26.038929 write(4, "\1\0\0\0", 4) = 4
19259 14:22:26.038941 <... read resumed> "\1\0\0\0", 4) = 4
19259 14:22:26.038949 write(5, "\r", 1) = 1
19259 14:22:26.038960 read(5,  <unfinished ...>
19257 14:22:26.038967 read(4, "\r", 1)  = 1
19257 14:22:26.038980 select(6, [5], NULL, NULL, {60, 0}) = 1 (in [5], left {60, 0})
19257 14:22:26.038997 accept(5, {sa_family=AF_INET, sin_port=htons(45963), sin_addr=inet_addr("127.0.0.1")}, [16]) = 6
19257 14:22:26.039020 write(4, "\1", 1) = 1
19259 14:22:26.039031 <... read resumed> "\1", 1) = 1
19259 14:22:26.039040 recvmsg(5,  <unfinished ...>
19257 14:22:26.039049 sendmsg(4, {msg_name(0)=NULL, msg_iov(1)=[{"\0", 1}], msg_controllen=16, {cmsg_len=16, cmsg_level=SOL_SOCKET, cmsg_type=SCM_RIGHTS, {6}}, msg_flags=0}, 0) = 1
19259 14:22:26.039067 <... recvmsg resumed> {msg_name(0)=NULL, msg_iov(1)=[{"\0", 1}], msg_controllen=16, {cmsg_len=16, cmsg_level=SOL_SOCKET, cmsg_type=SCM_RIGHTS, {6}}, msg_flags=0}, 0) = 1
19259 14:22:26.039081 setsockopt(6, SOL_SOCKET, SO_KEEPALIVE, [1], 4) = 0
19259 14:22:26.039094 setsockopt(6, SOL_IP, IP_TOS, [8], 4) = 0
19259 14:22:26.039107 setsockopt(6, SOL_SOCKET, SO_LINGER, {onoff=1, linger=32767}, 8) = 0
19259 14:22:26.039119 rt_sigaction(SIGALRM, {0x805cad0, ~[RTMIN RT_1], 0}, NULL, 8) = 0
19259 14:22:26.039133 alarm(300)        = 300
19259 14:22:26.039147 write(0, "150 Opening BINARY mode data connection for myfile20 (17 bytes).\r\n", 66) = 66
19259 14:22:26.039189 _llseek(4, 0, [0], SEEK_CUR) = 0
19259 14:22:26.039202 fstat64(4, {st_mode=S_IFREG|0644, st_size=17, ...}) = 0
19259 14:22:26.039219 _llseek(4, 0, [0], SEEK_SET) = 0
19259 14:22:26.039231 sendfile(6, 4, NULL, 17) = 17
19259 14:22:26.039261 rt_sigaction(SIGALRM, {0x805cad0, ~[RTMIN RT_1], 0}, NULL, 8) = 0
19259 14:22:26.039276 alarm(300)        = 300
19259 14:22:26.039286 close(6)          = 0
19259 14:22:26.039295 alarm(0)          = 300
19259 14:22:26.039305 gettimeofday({1495650146, 39308}, NULL) = 0
19259 14:22:26.039320 gettimeofday({1495650146, 39324}, NULL) = 0
19259 14:22:26.039334 fcntl64(3, F_SETLKW64, {type=F_WRLCK, whence=SEEK_SET, start=0, len=0}, 0xbfd93744) = 0
19259 14:22:26.039349 write(3, "Wed May 24 14:22:26 2017 [pid 19259] [msfadmin] OK DOWNLOAD: Client \"127.0.0.1\", \"/home/msfadmin/myfile20\", 17 bytes, 29.23Kbyte/sec\n", 133) = 133
19259 14:22:26.039371 fcntl64(3, F_SETLK64, {type=F_UNLCK, whence=SEEK_SET, start=0, len=0}, 0xbfd9374c) = 0
19259 14:22:26.039386 write(0, "226 Transfer complete.\r\n", 24) = 24
19259 14:22:26.039401 write(5, "\n", 1) = 1
19259 14:22:26.039412 read(5,  <unfinished ...>
19257 14:22:26.039419 close(6)          = 0
19257 14:22:26.039501 read(4, "\n", 1)  = 1
19257 14:22:26.039515 close(5)          = 0
19257 14:22:26.039526 write(4, "\1", 1) = 1
19259 14:22:26.039537 <... read resumed> "\1", 1) = 1
19259 14:22:26.039544 close(4)          = 0
19259 14:22:26.039554 rt_sigaction(SIGALRM, {0x805cad0, ~[RTMIN RT_1], 0}, NULL, 8) = 0
19259 14:22:26.039568 alarm(300)        = 0
19259 14:22:26.039579 recv(0,  <unfinished ...>
19257 14:22:26.039587 read(4,  <unfinished ...>
19256 14:22:26.217029 <... recv resumed> "TYPE I\r\n", 4096, MSG_PEEK) = 8
19256 14:22:26.217060 read(0, "TYPE I\r\n", 8) = 8
19256 14:22:26.217082 write(0, "200 Switching to Binary mode.\r\n", 31) = 31
19256 14:22:26.217130 rt_sigaction(SIGALRM, {0x805cad0, ~[RTMIN RT_1], 0}, NULL, 8) = 0
19256 14:22:26.217148 alarm(300)        = 299
19256 14:22:26.217161 recv(0, "PASV\r\n", 4096, MSG_PEEK) = 6
19256 14:22:26.217172 read(0, "PASV\r\n", 6) = 6
19256 14:22:26.217184 write(5, "\n", 1 <unfinished ...>
19254 14:22:26.217196 <... read resumed> "\n", 1) = 1
19256 14:22:26.217201 <... write resumed> ) = 1
19254 14:22:26.217209 write(4, "\1", 1) = 1
19254 14:22:26.217220 read(4,  <unfinished ...>
19256 14:22:26.217227 read(5, "\1", 1)  = 1
19256 14:22:26.217250 write(5, "\f", 1 <unfinished ...>
19254 14:22:26.217261 <... read resumed> "\f", 1) = 1
19256 14:22:26.217266 <... write resumed> ) = 1
19254 14:22:26.217281 socket(PF_INET, SOCK_STREAM, IPPROTO_TCP) = 5
19254 14:22:26.217297 setsockopt(5, SOL_SOCKET, SO_REUSEADDR, [1], 4) = 0
19254 14:22:26.217312 bind(5, {sa_family=AF_INET, sin_port=htons(56248), sin_addr=inet_addr("127.0.0.1")}, 16) = 0
19254 14:22:26.217329 listen(5, 1)      = 0
19254 14:22:26.217342 write(4, "\270\333\0\0", 4) = 4
19254 14:22:26.217354 read(4,  <unfinished ...>
19256 14:22:26.217361 read(5, "\270\333\0\0", 4) = 4
19256 14:22:26.217377 write(0, "227 Entering Passive Mode (127,0,0,1,219,184).\r\n", 48) = 48
19256 14:22:26.217494 rt_sigaction(SIGALRM, {0x805cad0, ~[RTMIN RT_1], 0}, NULL, 8) = 0
19256 14:22:26.217510 alarm(300)        = 300
19256 14:22:26.217522 recv(0, "STOR myfile24\r\n", 4096, MSG_PEEK) = 15
19256 14:22:26.217534 read(0, "STOR myfile24\r\n", 15) = 15
19256 14:22:26.217548 write(5, "\v", 1 <unfinished ...>
19254 14:22:26.217556 <... read resumed> "\v", 1) = 1
19256 14:22:26.217561 <... write resumed> ) = 1
19254 14:22:26.217567 write(4, "\1\0\0\0", 4) = 4
19254 14:22:26.217578 read(4,  <unfinished ...>
19256 14:22:26.217584 read(5, "\1\0\0\0", 4) = 4
19256 14:22:26.217596 gettimeofday({1495650146, 217600}, NULL) = 0
19256 14:22:26.217607 getcwd("/home/msfadmin", 4096) = 15
19256 14:22:26.217620 open("myfile24", O_WRONLY|O_CREAT|O_NONBLOCK|O_LARGEFILE, 0666) = 4
19256 14:22:26.217634 fstat64(4, {st_mode=S_IFREG|0644, st_size=17, ...}) = 0
19256 14:22:26.217652 fcntl64(4, F_GETFL) = 0x8801 (flags O_WRONLY|O_NONBLOCK|O_LARGEFILE)
19256 14:22:26.217663 fcntl64(4, F_SETFL, O_WRONLY|O_LARGEFILE) = 0
19256 14:22:26.217673 fcntl64(4, F_SETLKW64, {type=F_WRLCK, whence=SEEK_SET, start=0, len=0}, 0xbfaf8ce4) = 0
19256 14:22:26.217687 ftruncate64(4, 0) = 0
19256 14:22:26.217706 _llseek(4, 0, [0], SEEK_SET) = 0
19256 14:22:26.217717 write(5, "\v", 1 <unfinished ...>
19254 14:22:26.217725 <... read resumed> "\v", 1) = 1
19256 14:22:26.217730 <... write resumed> ) = 1
19254 14:22:26.217790 write(4, "\1\0\0\0", 4) = 4
19254 14:22:26.217815 read(4,  <unfinished ...>
19256 14:22:26.217836 read(5, "\1\0\0\0", 4) = 4
19256 14:22:26.217848 write(5, "\v", 1 <unfinished ...>
19254 14:22:26.217855 <... read resumed> "\v", 1) = 1
19256 14:22:26.217860 <... write resumed> ) = 1
19254 14:22:26.217866 write(4, "\1\0\0\0", 4) = 4
19254 14:22:26.217876 read(4,  <unfinished ...>
19256 14:22:26.217883 read(5, "\1\0\0\0", 4) = 4
19256 14:22:26.217894 write(5, "\r", 1 <unfinished ...>
19254 14:22:26.217901 <... read resumed> "\r", 1) = 1
19256 14:22:26.217906 <... write resumed> ) = 1
19254 14:22:26.217913 select(6, [5], NULL, NULL, {60, 0}) = 1 (in [5], left {60, 0})
19254 14:22:26.217929 accept(5, {sa_family=AF_INET, sin_port=htons(46780), sin_addr=inet_addr("127.0.0.1")}, [16]) = 6
19254 14:22:26.217952 write(4, "\1", 1) = 1
19254 14:22:26.217964 sendmsg(4, {msg_name(0)=NULL, msg_iov(1)=[{"\0", 1}], msg_controllen=16, {cmsg_len=16, cmsg_level=SOL_SOCKET, cmsg_type=SCM_RIGHTS, {6}}, msg_flags=0}, 0) = 1
19254 14:22:26.217980 close(6)          = 0
19254 14:22:26.217990 read(4,  <unfinished ...>
