21391 14:44:28.245672 fstat64(4, {st_mode=S_IFREG|0644, st_size=1624, ...}) = 0
21391 14:44:28.245691 mmap2(NULL, 1624, PROT_READ, MAP_SHARED, 4, 0) = 0xb7f65000
21391 14:44:28.245704 _llseek(4, 1624, [1624], SEEK_SET) = 0
21391 14:44:28.245728 munmap(0xb7f65000, 1624) = 0
21391 14:44:28.245740 close(4)          = 0
21391 14:44:28.245753 getuid32()        = 0
21391 14:44:28.245764 open("/etc/passwd", O_RDONLY|0x80000 /* O_??? */) = 4
21391 14:44:28.245778 _llseek(4, 0, [0], SEEK_CUR) = 0
21391 14:44:28.245788 fstat64(4, {st_mode=S_IFREG|0644, st_size=1624, ...}) = 0
21391 14:44:28.245805 mmap2(NULL, 1624, PROT_READ, MAP_SHARED, 4, 0) = 0xb7f65000
21391 14:44:28.245825 _llseek(4, 1624, [1624], SEEK_SET) = 0
21391 14:44:28.245843 munmap(0xb7f65000, 1624) = 0
21391 14:44:28.245854 close(4)          = 0
21391 14:44:28.245881 open("/proc/sys/kernel/ngroups_max", O_RDONLY) = 4
21391 14:44:28.245902 read(4, "65536\n", 31) = 6
21391 14:44:28.245915 close(4)          = 0
21391 14:44:28.245930 socket(PF_FILE, SOCK_STREAM, 0) = 4
21391 14:44:28.245942 fcntl64(4, F_SETFL, O_RDWR|O_NONBLOCK) = 0
21391 14:44:28.245953 connect(4, {sa_family=AF_FILE, path="/var/run/nscd/socket"}, 110) = -1 ENOENT (No such file or directory)
21391 14:44:28.245975 close(4)          = 0
21391 14:44:28.245987 socket(PF_FILE, SOCK_STREAM, 0) = 4
21391 14:44:28.245997 fcntl64(4, F_SETFL, O_RDWR|O_NONBLOCK) = 0
21391 14:44:28.246008 connect(4, {sa_family=AF_FILE, path="/var/run/nscd/socket"}, 110) = -1 ENOENT (No such file or directory)
21391 14:44:28.246027 close(4)          = 0
21391 14:44:28.246051 open("/etc/group", O_RDONLY|0x80000 /* O_??? */) = 4
21391 14:44:28.246069 _llseek(4, 0, [0], SEEK_CUR) = 0
21391 14:44:28.246085 fstat64(4, {st_mode=S_IFREG|0644, st_size=886, ...}) = 0
21391 14:44:28.246102 mmap2(NULL, 886, PROT_READ, MAP_SHARED, 4, 0) = 0xb7f65000
21391 14:44:28.246114 _llseek(4, 886, [886], SEEK_SET) = 0
21391 14:44:28.246139 fstat64(4, {st_mode=S_IFREG|0644, st_size=886, ...}) = 0
21391 14:44:28.246157 munmap(0xb7f65000, 886) = 0
21391 14:44:28.246168 close(4)          = 0
21391 14:44:28.246178 setgroups32(13, [1000, 4, 20, 24, 25, 29, 30, 44, 46, 107, 111, 112, 119]) = 0
21391 14:44:28.246196 geteuid32()       = 0
21391 14:44:28.246207 getegid32()       = 0
21391 14:44:28.246219 setregid32(-1, 1000) = 0
21391 14:44:28.246230 setreuid32(-1, 1000) = 0
21391 14:44:28.246241 chdir("/home/msfadmin") = 0
21391 14:44:28.246253 setreuid32(-1, 0) = 0
21391 14:44:28.246263 setregid32(-1, 0) = 0
21391 14:44:28.246274 setgid32(1000)    = 0
21391 14:44:28.246284 setuid32(1000)    = 0
21391 14:44:28.246295 setrlimit(RLIMIT_NPROC, {rlim_cur=0, rlim_max=0}) = 0
21391 14:44:28.246301 mmap2(NULL, 12288, PROT_READ|PROT_WRITE, MAP_PRIVATE|MAP_ANONYMOUS, -1, 0) = 0xb7f63000
21391 14:44:28.246302 mprotect(0xb7f65000, 4096, PROT_NONE) = 0
21391 14:44:28.246302 mprotect(0xb7f63000, 4096, PROT_NONE) = 0
21391 14:44:28.246302 getcwd("/home/msfadmin", 4096) = 15
21391 14:44:28.246302 umask(022)        = 077
21391 14:44:28.246303 getcwd("/home/msfadmin", 4096) = 15
21391 14:44:28.246303 open(".message", O_RDONLY|O_NONBLOCK|O_LARGEFILE) = -1 ENOENT (No such file or directory)
21391 14:44:28.246303 write(0, "230 Login successful.\r\n", 23) = 23
21391 14:44:28.246362 rt_sigaction(SIGALRM, {0x805cad0, ~[RTMIN RT_1], 0}, NULL, 8) = 0
21391 14:44:28.246379 alarm(300)        = 0
21391 14:44:28.246391 mmap2(NULL, 12288, PROT_READ|PROT_WRITE, MAP_PRIVATE|MAP_ANONYMOUS, -1, 0) = 0xb7f60000
21391 14:44:28.246403 mprotect(0xb7f62000, 4096, PROT_NONE) = 0
21391 14:44:28.246415 mprotect(0xb7f60000, 4096, PROT_NONE) = 0
21391 14:44:28.246428 recv(0, "TYPE I\r\n", 4096, MSG_PEEK) = 8
21391 14:44:28.246442 read(0, "TYPE I\r\n", 8) = 8
21391 14:44:28.246459 write(0, "200 Switching to Binary mode.\r\n", 31) = 31
21391 14:44:28.246500 rt_sigaction(SIGALRM, {0x805cad0, ~[RTMIN RT_1], 0}, NULL, 8) = 0
21391 14:44:28.246515 alarm(300)        = 300
21391 14:44:28.246527 recv(0, "PASV\r\n", 4096, MSG_PEEK) = 6
21391 14:44:28.246539 read(0, "PASV\r\n", 6) = 6
21391 14:44:28.246551 write(5, "\n", 1) = 1
21391 14:44:28.246563 read(5,  <unfinished ...>
21389 14:44:28.246576 close(5)          = 0
21389 14:44:28.246600 getuid32()        = 0
21389 14:44:28.246617 open("/etc/passwd", O_RDONLY|0x80000 /* O_??? */) = 5
21389 14:44:28.246632 _llseek(5, 0, [0], SEEK_CUR) = 0
21389 14:44:28.246645 fstat64(5, {st_mode=S_IFREG|0644, st_size=1624, ...}) = 0
21389 14:44:28.246664 mmap2(NULL, 1624, PROT_READ, MAP_SHARED, 5, 0) = 0xb7f65000
21389 14:44:28.246676 _llseek(5, 1624, [1624], SEEK_SET) = 0
21389 14:44:28.246694 munmap(0xb7f65000, 1624) = 0
21389 14:44:28.246707 close(5)          = 0
21389 14:44:28.246723 setgroups32(0, []) = 0
21389 14:44:28.246735 chdir("/usr/share/empty") = 0
21389 14:44:28.246748 chroot(".")       = 0
21389 14:44:28.246759 capset(NULL, NULL) = -1 EFAULT (Bad address)
21389 14:44:28.246774 prctl(0x8, 0, 0xbfb1d5b8, 0x80549a6, 0xbfb1d5a0) = 0
21389 14:44:28.246785 prctl(0x8, 0x1, 0xbfb1d5b8, 0x8054a49, 0xbfb1d5a0) = 0
21389 14:44:28.246796 setgid32(65534)   = 0
21389 14:44:28.246807 setuid32(65534)   = 0
21389 14:44:28.246817 capset(0x19980330, 0, {CAP_NET_BIND_SERVICE, CAP_NET_BIND_SERVICE, 0}) = 0
21389 14:44:28.246830 read(4, "\n", 1)  = 1
21389 14:44:28.246844 write(4, "\1", 1) = 1
21391 14:44:28.246856 <... read resumed> "\1", 1) = 1
21391 14:44:28.246864 write(5, "\f", 1) = 1
21391 14:44:28.246875 read(5,  <unfinished ...>
21389 14:44:28.246882 read(4, "\f", 1)  = 1
21389 14:44:28.246895 socket(PF_INET, SOCK_STREAM, IPPROTO_TCP) = 5
21389 14:44:28.246909 setsockopt(5, SOL_SOCKET, SO_REUSEADDR, [1], 4) = 0
21389 14:44:28.246920 gettimeofday({1495651468, 246924}, NULL) = 0
21389 14:44:28.246937 bind(5, {sa_family=AF_INET, sin_port=htons(23644), sin_addr=inet_addr("127.0.0.1")}, 16) = 0
21389 14:44:28.246957 listen(5, 1)      = 0
21389 14:44:28.246970 write(4, "\\\\\0\0", 4) = 4
21391 14:44:28.246981 <... read resumed> "\\\\\0\0", 4) = 4
21391 14:44:28.246996 write(0, "227 Entering Passive Mode (127,0,0,1,92,92).\r\n", 46) = 46
21391 14:44:28.247076 rt_sigaction(SIGALRM, {0x805cad0, ~[RTMIN RT_1], 0}, NULL, 8) = 0
21391 14:44:28.247077 alarm(300)        = 300
21391 14:44:28.247077 recv(0, "RETR myfile38\r\n", 4096, MSG_PEEK) = 15
21391 14:44:28.247077 read(0, "RETR myfile38\r\n", 15) = 15
21391 14:44:28.247077 write(5, "\v", 1) = 1
21391 14:44:28.247078 read(5,  <unfinished ...>
21389 14:44:28.247078 read(4, "\v", 1)  = 1
21389 14:44:28.247078 write(4, "\1\0\0\0", 4) = 4
21391 14:44:28.247081 <... read resumed> "\1\0\0\0", 4) = 4
21391 14:44:28.247090 gettimeofday({1495651468, 247094}, NULL) = 0
21391 14:44:28.247101 getcwd("/home/msfadmin", 4096) = 15
21391 14:44:28.247115 open("myfile38", O_RDONLY|O_NONBLOCK|O_LARGEFILE) = 4
21391 14:44:28.247128 fcntl64(4, F_SETLKW64, {type=F_RDLCK, whence=SEEK_SET, start=0, len=0}, 0xbfb1d524) = 0
21391 14:44:28.247143 fstat64(4, {st_mode=S_IFREG|0644, st_size=17, ...}) = 0
21391 14:44:28.247160 fcntl64(4, F_GETFL) = 0x8800 (flags O_RDONLY|O_NONBLOCK|O_LARGEFILE)
21391 14:44:28.247171 fcntl64(4, F_SETFL, O_RDONLY|O_LARGEFILE) = 0
21391 14:44:28.247185 write(5, "\v", 1) = 1
21391 14:44:28.247197 read(5,  <unfinished ...>
21389 14:44:28.247204 read(4, "\v", 1)  = 1
21389 14:44:28.247216 write(4, "\1\0\0\0", 4) = 4
21391 14:44:28.247227 <... read resumed> "\1\0\0\0", 4) = 4
21391 14:44:28.247235 write(5, "\v", 1) = 1
21391 14:44:28.247246 read(5,  <unfinished ...>
21389 14:44:28.247253 read(4, "\v", 1)  = 1
21389 14:44:28.247264 write(4, "\1\0\0\0", 4) = 4
21391 14:44:28.247275 <... read resumed> "\1\0\0\0", 4) = 4
21391 14:44:28.247283 write(5, "\r", 1) = 1
21391 14:44:28.247293 read(5,  <unfinished ...>
21389 14:44:28.247300 read(4, "\r", 1)  = 1
21389 14:44:28.247314 select(6, [5], NULL, NULL, {60, 0}) = 1 (in [5], left {60, 0})
21389 14:44:28.247331 accept(5, {sa_family=AF_INET, sin_port=htons(47228), sin_addr=inet_addr("127.0.0.1")}, [16]) = 6
21389 14:44:28.247366 write(4, "\1", 1) = 1
21391 14:44:28.247378 <... read resumed> "\1", 1) = 1
21391 14:44:28.247388 recvmsg(5,  <unfinished ...>
21389 14:44:28.247398 sendmsg(4, {msg_name(0)=NULL, msg_iov(1)=[{"\0", 1}], msg_controllen=16, {cmsg_len=16, cmsg_level=SOL_SOCKET, cmsg_type=SCM_RIGHTS, {6}}, msg_flags=0}, 0) = 1
21391 14:44:28.247416 <... recvmsg resumed> {msg_name(0)=NULL, msg_iov(1)=[{"\0", 1}], msg_controllen=16, {cmsg_len=16, cmsg_level=SOL_SOCKET, cmsg_type=SCM_RIGHTS, {6}}, msg_flags=0}, 0) = 1
21391 14:44:28.247430 setsockopt(6, SOL_SOCKET, SO_KEEPALIVE, [1], 4) = 0
21391 14:44:28.247442 setsockopt(6, SOL_IP, IP_TOS, [8], 4) = 0
21391 14:44:28.247454 setsockopt(6, SOL_SOCKET, SO_LINGER, {onoff=1, linger=32767}, 8) = 0
21391 14:44:28.247466 rt_sigaction(SIGALRM, {0x805cad0, ~[RTMIN RT_1], 0}, NULL, 8) = 0
21391 14:44:28.247480 alarm(300)        = 300
21391 14:44:28.247495 write(0, "150 Opening BINARY mode data connection for myfile38 (17 bytes).\r\n", 66) = 66
21391 14:44:28.247516 _llseek(4, 0, [0], SEEK_CUR) = 0
21391 14:44:28.247528 fstat64(4, {st_mode=S_IFREG|0644, st_size=17, ...}) = 0
21391 14:44:28.247546 _llseek(4, 0, [0], SEEK_SET) = 0
21391 14:44:28.247559 sendfile(6, 4, NULL, 17) = 17
21391 14:44:28.247577 rt_sigaction(SIGALRM, {0x805cad0, ~[RTMIN RT_1], 0}, NULL, 8) = 0
21391 14:44:28.247591 alarm(300)        = 300
21391 14:44:28.247601 close(6)          = 0
21391 14:44:28.247611 alarm(0)          = 300
21391 14:44:28.247621 gettimeofday({1495651468, 247625}, NULL) = 0
21391 14:44:28.247639 getpid()          = 21391
21391 14:44:28.247652 gettimeofday({1495651468, 247656}, NULL) = 0
21391 14:44:28.247669 fcntl64(3, F_SETLKW64, {type=F_WRLCK, whence=SEEK_SET, start=0, len=0}, 0xbfb1d4c4) = 0
21391 14:44:28.247685 write(3, "Wed May 24 14:44:28 2017 [pid 21391] [msfadmin] OK DOWNLOAD: Client \"127.0.0.1\", \"/home/msfadmin/myfile38\", 17 bytes, 29.54Kbyte/sec\n", 133) = 133
21391 14:44:28.247709 fcntl64(3, F_SETLK64, {type=F_UNLCK, whence=SEEK_SET, start=0, len=0}, 0xbfb1d4cc) = 0
21391 14:44:28.247725 write(0, "226 Transfer complete.\r\n", 24) = 24
21391 14:44:28.247740 write(5, "\n", 1) = 1
21391 14:44:28.247751 read(5,  <unfinished ...>
21389 14:44:28.247789 close(6)          = 0
21389 14:44:28.247858 read(4, "\n", 1)  = 1
21389 14:44:28.247872 close(5)          = 0
21389 14:44:28.247884 write(4, "\1", 1) = 1
21391 14:44:28.247895 <... read resumed> "\1", 1) = 1
21391 14:44:28.247903 close(4)          = 0
21391 14:44:28.247914 rt_sigaction(SIGALRM, {0x805cad0, ~[RTMIN RT_1], 0}, NULL, 8) = 0
21391 14:44:28.247928 alarm(300)        = 0
21391 14:44:28.247940 recv(0,  <unfinished ...>
21389 14:44:28.247948 read(4,  <unfinished ...>
21388 14:44:28.767045 <... recv resumed> "TYPE I\r\n", 4096, MSG_PEEK) = 8
21388 14:44:28.767124 read(0, "TYPE I\r\n", 8) = 8
21388 14:44:28.767161 write(0, "200 Switching to Binary mode.\r\n", 31) = 31
21388 14:44:28.767211 rt_sigaction(SIGALRM, {0x805cad0, ~[RTMIN RT_1], 0}, NULL, 8) = 0
21388 14:44:28.767229 alarm(300)        = 299
21388 14:44:28.767243 recv(0, "PASV\r\n", 4096, MSG_PEEK) = 6
21388 14:44:28.767255 read(0, "PASV\r\n", 6) = 6
21388 14:44:28.767267 write(5, "\n", 1 <unfinished ...>
21386 14:44:28.767279 <... read resumed> "\n", 1) = 1
21388 14:44:28.767285 <... write resumed> ) = 1
21386 14:44:28.767292 write(4, "\1", 1) = 1
21386 14:44:28.767303 read(4,  <unfinished ...>
21388 14:44:28.767311 read(5, "\1", 1)  = 1
21388 14:44:28.767323 write(5, "\f", 1 <unfinished ...>
21386 14:44:28.767330 <... read resumed> "\f", 1) = 1
21388 14:44:28.767335 <... write resumed> ) = 1
21386 14:44:28.767342 socket(PF_INET, SOCK_STREAM, IPPROTO_TCP) = 5
21386 14:44:28.767358 setsockopt(5, SOL_SOCKET, SO_REUSEADDR, [1], 4 <unfinished ...>
21388 14:44:28.767368 read(5,  <unfinished ...>
21386 14:44:28.767372 <... setsockopt resumed> ) = 0
21386 14:44:28.767382 bind(5, {sa_family=AF_INET, sin_port=htons(54750), sin_addr=inet_addr("127.0.0.1")}, 16) = 0
21386 14:44:28.767399 listen(5, 1)      = 0
21386 14:44:28.767413 write(4, "\336\325\0\0", 4 <unfinished ...>
21388 14:44:28.767421 <... read resumed> "\336\325\0\0", 4) = 4
21386 14:44:28.767427 <... write resumed> ) = 4
21388 14:44:28.767439 write(0, "227 Entering Passive Mode (127,0,0,1,213,222).\r\n", 48 <unfinished ...>
21386 14:44:28.767448 read(4,  <unfinished ...>
21388 14:44:28.767547 <... write resumed> ) = 48
21388 14:44:28.767559 rt_sigaction(SIGALRM, {0x805cad0, ~[RTMIN RT_1], 0}, NULL, 8) = 0
21388 14:44:28.767574 alarm(300)        = 300
21388 14:44:28.767586 recv(0, "STOR myfile32\r\n", 4096, MSG_PEEK) = 15
21388 14:44:28.767599 read(0, "STOR myfile32\r\n", 15) = 15
21388 14:44:28.767612 write(5, "\v", 1 <unfinished ...>
21386 14:44:28.767621 <... read resumed> "\v", 1) = 1
21388 14:44:28.767626 <... write resumed> ) = 1
21386 14:44:28.767632 write(4, "\1\0\0\0", 4) = 4
21386 14:44:28.767643 read(4,  <unfinished ...>
21388 14:44:28.767650 read(5, "\1\0\0\0", 4) = 4
21388 14:44:28.767662 gettimeofday({1495651468, 767666}, NULL) = 0
21388 14:44:28.767674 getcwd("/home/msfadmin", 4096) = 15
21388 14:44:28.767687 open("myfile32", O_WRONLY|O_CREAT|O_NONBLOCK|O_LARGEFILE, 0666) = 4
21388 14:44:28.767701 fstat64(4, {st_mode=S_IFREG|0644, st_size=17, ...}) = 0
21388 14:44:28.767720 fcntl64(4, F_GETFL) = 0x8801 (flags O_WRONLY|O_NONBLOCK|O_LARGEFILE)
21388 14:44:28.767731 fcntl64(4, F_SETFL, O_WRONLY|O_LARGEFILE) = 0
21388 14:44:28.767742 fcntl64(4, F_SETLKW64, {type=F_WRLCK, whence=SEEK_SET, start=0, len=0}, 0xbfe24014) = 0
21388 14:44:28.767756 ftruncate64(4, 0) = 0
21388 14:44:28.767776 _llseek(4, 0, [0], SEEK_SET) = 0
21388 14:44:28.767787 write(5, "\v", 1 <unfinished ...>
21386 14:44:28.767795 <... read resumed> "\v", 1) = 1
21388 14:44:28.767800 <... write resumed> ) = 1
21386 14:44:28.767806 write(4, "\1\0\0\0", 4) = 4
21386 14:44:28.767818 read(4,  <unfinished ...>
21388 14:44:28.767825 read(5, "\1\0\0\0", 4) = 4
21388 14:44:28.767836 write(5, "\v", 1 <unfinished ...>
21386 14:44:28.767850 <... read resumed> "\v", 1) = 1
21388 14:44:28.767855 <... write resumed> ) = 1
21386 14:44:28.767861 write(4, "\1\0\0\0", 4) = 4
21386 14:44:28.767872 read(4,  <unfinished ...>
21388 14:44:28.767879 read(5, "\1\0\0\0", 4) = 4
21388 14:44:28.767891 write(5, "\r", 1 <unfinished ...>
21386 14:44:28.767898 <... read resumed> "\r", 1) = 1
21388 14:44:28.767903 <... write resumed> ) = 1
21386 14:44:28.767910 select(6, [5], NULL, NULL, {60, 0}) = 1 (in [5], left {60, 0})
21386 14:44:28.767927 accept(5, {sa_family=AF_INET, sin_port=htons(42052), sin_addr=inet_addr("127.0.0.1")}, [16]) = 6
21386 14:44:28.767949 write(4, "\1", 1) = 1
21386 14:44:28.767961 sendmsg(4, {msg_name(0)=NULL, msg_iov(1)=[{"\0", 1}], msg_controllen=16, {cmsg_len=16, cmsg_level=SOL_SOCKET, cmsg_type=SCM_RIGHTS, {6}}, msg_flags=0}, 0) = 1
21386 14:44:28.767978 close(6)          = 0
21386 14:44:28.767988 read(4,  <unfinished ...>
21388 14:44:28.767995 read(5, "\1", 1)  = 1
21388 14:44:28.768008 recvmsg(5, {msg_name(0)=NULL, msg_iov(1)=[{"\0", 1}], msg_controllen=16, {cmsg_len=16, cmsg_level=SOL_SOCKET, cmsg_type=SCM_RIGHTS, {6}}, msg_flags=0}, 0) = 1
21388 14:44:28.768026 setsockopt(6, SOL_SOCKET, SO_KEEPALIVE, [1], 4) = 0
21388 14:44:28.768038 setsockopt(6, SOL_IP, IP_TOS, [8], 4) = 0
21388 14:44:28.768071 setsockopt(6, SOL_SOCKET, SO_LINGER, {onoff=1, linger=32767}, 8) = 0
21388 14:44:28.768086 rt_sigaction(SIGALRM, {0x805cad0, ~[RTMIN RT_1], 0}, NULL, 8) = 0
21388 14:44:28.768110 alarm(300)        = 300
21388 14:44:28.768124 write(0, "150 Ok to send data.\r\n", 22) = 22
21388 14:44:28.768189 read(6, "assasaaa\na\na\na\na\n", 65536) = 17
21388 14:44:28.768204 write(4, "assasaaa\na\na\na\na\n", 17) = 17
21388 14:44:28.768220 read(6, "", 65536) = 0
21388 14:44:28.768231 rt_sigaction(SIGALRM, {0x805cad0, ~[RTMIN RT_1], 0}, NULL, 8) = 0
21388 14:44:28.768244 alarm(300)        = 300
21388 14:44:28.768254 close(6)          = 0
21388 14:44:28.768271 alarm(0)          = 300
21388 14:44:28.768281 gettimeofday({1495651468, 768285}, NULL) = 0
21388 14:44:28.768297 gettimeofday({1495651468, 768301}, NULL) = 0
21388 14:44:28.768311 fcntl64(3, F_SETLKW64, {type=F_WRLCK, whence=SEEK_SET, start=0, len=0}, 0xbfe23fb4) = 0
21388 14:44:28.768326 write(3, "Wed May 24 14:44:28 2017 [pid 21388] [msfadmin] OK UPLOAD: Client \"127.0.0.1\", \"/home/msfadmin/myfile32\", 17 bytes, 26.14Kbyte/sec\n", 131) = 131
21388 14:44:28.768348 fcntl64(3, F_SETLK64, {type=F_UNLCK, whence=SEEK_SET, start=0, len=0}, 0xbfe23fbc) = 0
21388 14:44:28.768362 write(0, "226 Transfer complete.\r\n", 24) = 24
21388 14:44:28.768405 write(5, "\n", 1 <unfinished ...>
21386 14:44:28.768415 <... read resumed> "\n", 1) = 1
21388 14:44:28.768421 <... write resumed> ) = 1
21386 14:44:28.768427 close(5)          = 0
21386 14:44:28.768438 write(4, "\1", 1) = 1
21386 14:44:28.768450 read(4,  <unfinished ...>
21388 14:44:28.768457 read(5, "\1", 1)  = 1
21388 14:44:28.768468 close(4)          = 0
21388 14:44:28.768479 rt_sigaction(SIGALRM, {0x805cad0, ~[RTMIN RT_1], 0}, NULL, 8) = 0
21388 14:44:28.768492 alarm(300)        = 0
21388 14:44:28.768503 recv(0,  <unfinished ...>
21391 14:44:28.787006 <... recv resumed> "USER msfadmin\r\n", 4096, MSG_PEEK) = 15
21391 14:44:28.787079 read(0, "USER msfadmin\r\n", 15) = 15
21391 14:44:28.787118 write(0, "331 Any password will do.\r\n", 27) = 27
21391 14:44:28.787138 rt_sigaction(SIGALRM, {0x805cad0, ~[RTMIN RT_1], 0}, NULL, 8) = 0
21391 14:44:28.787155 alarm(300)        = 299
21391 14:44:28.787168 recv(0, "PASS msfadmin\r\n", 4096, MSG_PEEK) = 15
21391 14:44:28.787210 read(0, "PASS msfadmin\r\n", 15) = 15
21391 14:44:28.787227 write(0, "230 Already logged in.\r\n", 24) = 24
21391 14:44:28.787243 rt_sigaction(SIGALRM, {0x805cad0, ~[RTMIN RT_1], 0}, NULL, 8) = 0
21391 14:44:28.787257 alarm(300)        = 300
21391 14:44:28.787268 recv(0, "TYPE I\r\n", 4096, MSG_PEEK) = 8
21391 14:44:28.787329 read(0, "TYPE I\r\n", 8) = 8
21391 14:44:28.787346 write(0, "200 Switching to Binary mode.\r\n", 31) = 31
21391 14:44:28.787362 rt_sigaction(SIGALRM, {0x805cad0, ~[RTMIN RT_1], 0}, NULL, 8) = 0
21391 14:44:28.787382 alarm(300)        = 300
21391 14:44:28.787394 recv(0, "PASV\r\n", 4096, MSG_PEEK) = 6
21391 14:44:28.787428 read(0, "PASV\r\n", 6) = 6
21391 14:44:28.787441 write(5, "\n", 1) = 1
21391 14:44:28.787453 read(5,  <unfinished ...>
21389 14:44:28.787462 <... read resumed> "\n", 1) = 1
21389 14:44:28.787472 write(4, "\1", 1) = 1
21391 14:44:28.787482 <... read resumed> "\1", 1) = 1
21391 14:44:28.787490 write(5, "\f", 1) = 1
21391 14:44:28.787500 read(5,  <unfinished ...>
21389 14:44:28.787507 read(4, "\f", 1)  = 1
21389 14:44:28.787519 socket(PF_INET, SOCK_STREAM, IPPROTO_TCP) = 5
21389 14:44:28.787535 setsockopt(5, SOL_SOCKET, SO_REUSEADDR, [1], 4) = 0
21389 14:44:28.787550 bind(5, {sa_family=AF_INET, sin_port=htons(41094), sin_addr=inet_addr("127.0.0.1")}, 16) = 0
21389 14:44:28.787567 listen(5, 1)      = 0
21389 14:44:28.787580 write(4, "\206\240\0\0", 4) = 4
21391 14:44:28.787592 <... read resumed> "\206\240\0\0", 4) = 4
21391 14:44:28.787604 write(0, "227 Entering Passive Mode (127,0,0,1,160,134).\r\n", 48) = 48
21391 14:44:28.787621 rt_sigaction(SIGALRM, {0x805cad0, ~[RTMIN RT_1], 0}, NULL, 8) = 0
21391 14:44:28.787635 alarm(300)        = 300
21391 14:44:28.787646 recv(0, "RETR myfile39\r\n", 4096, MSG_PEEK) = 15
21391 14:44:28.787756 read(0, "RETR myfile39\r\n", 15) = 15
21391 14:44:28.787771 write(5, "\v", 1) = 1
21391 14:44:28.787782 read(5,  <unfinished ...>
21389 14:44:28.787789 read(4, "\v", 1)  = 1
21389 14:44:28.787801 write(4, "\1\0\0\0", 4) = 4
21391 14:44:28.787812 <... read resumed> "\1\0\0\0", 4) = 4
21391 14:44:28.787820 gettimeofday({1495651468, 787824}, NULL) = 0
21391 14:44:28.787831 getcwd("/home/msfadmin", 4096) = 15
21391 14:44:28.787844 open("myfile39", O_RDONLY|O_NONBLOCK|O_LARGEFILE) = 4
21391 14:44:28.787858 fcntl64(4, F_SETLKW64, {type=F_RDLCK, whence=SEEK_SET, start=0, len=0}, 0xbfb1d524) = 0
21391 14:44:28.787874 fstat64(4, {st_mode=S_IFREG|0644, st_size=17, ...}) = 0
21391 14:44:28.787891 fcntl64(4, F_GETFL) = 0x8800 (flags O_RDONLY|O_NONBLOCK|O_LARGEFILE)
21391 14:44:28.787903 fcntl64(4, F_SETFL, O_RDONLY|O_LARGEFILE) = 0
21391 14:44:28.787914 write(5, "\v", 1) = 1
21391 14:44:28.787925 read(5,  <unfinished ...>
21389 14:44:28.787933 read(4, "\v", 1)  = 1
21389 14:44:28.787944 write(4, "\1\0\0\0", 4) = 4
21391 14:44:28.787954 <... read resumed> "\1\0\0\0", 4) = 4
21391 14:44:28.787962 write(5, "\v", 1) = 1
21391 14:44:28.787972 read(5,  <unfinished ...>
21389 14:44:28.787979 read(4, "\v", 1)  = 1
21389 14:44:28.787990 write(4, "\1\0\0\0", 4) = 4
21391 14:44:28.788000 <... read resumed> "\1\0\0\0", 4) = 4
21391 14:44:28.788007 write(5, "\r", 1) = 1
21391 14:44:28.788024 read(5,  <unfinished ...>
21389 14:44:28.788052 read(4, "\r", 1)  = 1
21389 14:44:28.788074 select(6, [5], NULL, NULL, {60, 0}) = 1 (in [5], left {60, 0})
21389 14:44:28.788091 accept(5, {sa_family=AF_INET, sin_port=htons(46299), sin_addr=inet_addr("127.0.0.1")}, [16]) = 6
21389 14:44:28.788114 write(4, "\1", 1) = 1
21391 14:44:28.788124 <... read resumed> "\1", 1) = 1
21391 14:44:28.788133 recvmsg(5,  <unfinished ...>
21389 14:44:28.788142 sendmsg(4, {msg_name(0)=NULL, msg_iov(1)=[{"\0", 1}], msg_controllen=16, {cmsg_len=16, cmsg_level=SOL_SOCKET, cmsg_type=SCM_RIGHTS, {6}}, msg_flags=0}, 0) = 1
21391 14:44:28.788159 <... recvmsg resumed> {msg_name(0)=NULL, msg_iov(1)=[{"\0", 1}], msg_controllen=16, {cmsg_len=16, cmsg_level=SOL_SOCKET, cmsg_type=SCM_RIGHTS, {6}}, msg_flags=0}, 0) = 1
21391 14:44:28.788173 setsockopt(6, SOL_SOCKET, SO_KEEPALIVE, [1], 4) = 0
21391 14:44:28.788185 setsockopt(6, SOL_IP, IP_TOS, [8], 4) = 0
21391 14:44:28.788197 setsockopt(6, SOL_SOCKET, SO_LINGER, {onoff=1, linger=32767}, 8) = 0
21391 14:44:28.788208 rt_sigaction(SIGALRM, {0x805cad0, ~[RTMIN RT_1], 0}, NULL, 8) = 0
21391 14:44:28.788222 alarm(300)        = 300
21391 14:44:28.788236 write(0, "150 Opening BINARY mode data connection for myfile39 (17 bytes).\r\n", 66) = 66
21391 14:44:28.788278 _llseek(4, 0, [0], SEEK_CUR) = 0
21391 14:44:28.788291 fstat64(4, {st_mode=S_IFREG|0644, st_size=17, ...}) = 0
21391 14:44:28.788313 _llseek(4, 0, [0], SEEK_SET) = 0
21391 14:44:28.788324 sendfile(6, 4, NULL, 17) = 17
21391 14:44:28.788356 rt_sigaction(SIGALRM, {0x805cad0, ~[RTMIN RT_1], 0}, NULL, 8) = 0
21391 14:44:28.788371 alarm(300)        = 300
21391 14:44:28.788381 close(6)          = 0
21391 14:44:28.788391 alarm(0)          = 300
21391 14:44:28.788401 gettimeofday({1495651468, 788405}, NULL) = 0
21391 14:44:28.788416 gettimeofday({1495651468, 788420}, NULL) = 0
21391 14:44:28.788431 fcntl64(3, F_SETLKW64, {type=F_WRLCK, whence=SEEK_SET, start=0, len=0}, 0xbfb1d4c4) = 0
21391 14:44:28.788445 write(3, "Wed May 24 14:44:28 2017 [pid 21391] [msfadmin] OK DOWNLOAD: Client \"127.0.0.1\", \"/home/msfadmin/myfile39\", 17 bytes, 27.85Kbyte/sec\n", 133) = 133
21391 14:44:28.788467 fcntl64(3, F_SETLK64, {type=F_UNLCK, whence=SEEK_SET, start=0, len=0}, 0xbfb1d4cc) = 0
21391 14:44:28.788481 write(0, "226 Transfer complete.\r\n", 24) = 24
21391 14:44:28.788497 write(5, "\n", 1) = 1
21391 14:44:28.788508 read(5,  <unfinished ...>
21389 14:44:28.788515 close(6)          = 0
21389 14:44:28.788595 read(4, "\n", 1)  = 1
21389 14:44:28.788609 close(5)          = 0
21389 14:44:28.788620 write(4, "\1", 1) = 1
21391 14:44:28.788631 <... read resumed> "\1", 1) = 1
21391 14:44:28.788638 close(4)          = 0
21391 14:44:28.788649 rt_sigaction(SIGALRM, {0x805cad0, ~[RTMIN RT_1], 0}, NULL, 8) = 0
21391 14:44:28.788663 alarm(300)        = 0
21391 14:44:28.788674 recv(0,  <unfinished ...>
21389 14:44:28.788682 read(4,  <unfinished ...>
21388 14:44:29.307638 <... recv resumed> "TYPE I\r\n", 4096, MSG_PEEK) = 8
21388 14:44:29.307744 read(0, "TYPE I\r\n", 8) = 8
21388 14:44:29.307836 write(0, "200 Switching to Binary mode.\r\n", 31) = 31
21388 14:44:29.307927 rt_sigaction(SIGALRM, {0x805cad0, ~[RTMIN RT_1], 0}, NULL, 8) = 0
21388 14:44:29.307959 alarm(300)        = 299
21388 14:44:29.307985 recv(0, "PASV\r\n", 4096, MSG_PEEK) = 6
21388 14:44:29.308000 read(0, "PASV\r\n", 6) = 6
21388 14:44:29.308012 write(5, "\n", 1 <unfinished ...>
21386 14:44:29.308024 <... read resumed> "\n", 1) = 1
21388 14:44:29.308029 <... write resumed> ) = 1
21386 14:44:29.308037 write(4, "\1", 1) = 1
21386 14:44:29.308048 read(4,  <unfinished ...>
21388 14:44:29.308056 read(5, "\1", 1)  = 1
21388 14:44:29.308067 write(5, "\f", 1 <unfinished ...>
21386 14:44:29.308075 <... read resumed> "\f", 1) = 1
21388 14:44:29.308080 <... write resumed> ) = 1
21386 14:44:29.308087 socket(PF_INET, SOCK_STREAM, IPPROTO_TCP) = 5
21386 14:44:29.308103 setsockopt(5, SOL_SOCKET, SO_REUSEADDR, [1], 4) = 0
21386 14:44:29.308117 bind(5, {sa_family=AF_INET, sin_port=htons(49049), sin_addr=inet_addr("127.0.0.1")}, 16) = 0
21386 14:44:29.308134 listen(5, 1)      = 0
21386 14:44:29.308148 write(4, "\231\277\0\0", 4) = 4
21386 14:44:29.308159 read(4,  <unfinished ...>
21388 14:44:29.308166 read(5, "\231\277\0\0", 4) = 4
21388 14:44:29.308183 write(0, "227 Entering Passive Mode (127,0,0,1,191,153).\r\n", 48) = 48
21388 14:44:29.308294 rt_sigaction(SIGALRM, {0x805cad0, ~[RTMIN RT_1], 0}, NULL, 8) = 0
21388 14:44:29.308311 alarm(300)        = 300
21388 14:44:29.308323 recv(0, "STOR myfile33\r\n", 4096, MSG_PEEK) = 15
21388 14:44:29.308335 read(0, "STOR myfile33\r\n", 15) = 15
21388 14:44:29.308349 write(5, "\v", 1 <unfinished ...>
21386 14:44:29.308357 <... read resumed> "\v", 1) = 1
21388 14:44:29.308363 <... write resumed> ) = 1
21386 14:44:29.308369 write(4, "\1\0\0\0", 4) = 4
21386 14:44:29.308380 read(4,  <unfinished ...>
21388 14:44:29.308387 read(5, "\1\0\0\0", 4) = 4
21388 14:44:29.308399 gettimeofday({1495651469, 308403}, NULL) = 0
21388 14:44:29.308411 getcwd("/home/msfadmin", 4096) = 15
21388 14:44:29.308424 open("myfile33", O_WRONLY|O_CREAT|O_NONBLOCK|O_LARGEFILE, 0666) = 4
21388 14:44:29.308438 fstat64(4, {st_mode=S_IFREG|0644, st_size=17, ...}) = 0
21388 14:44:29.308456 fcntl64(4, F_GETFL) = 0x8801 (flags O_WRONLY|O_NONBLOCK|O_LARGEFILE)
21388 14:44:29.308614 fcntl64(4, F_SETFL, O_WRONLY|O_LARGEFILE) = 0
21388 14:44:29.308626 fcntl64(4, F_SETLKW64, {type=F_WRLCK, whence=SEEK_SET, start=0, len=0}, 0xbfe24014) = 0
21388 14:44:29.308659 ftruncate64(4, 0) = 0
21388 14:44:29.308677 _llseek(4, 0, [0], SEEK_SET) = 0
21388 14:44:29.308689 write(5, "\v", 1 <unfinished ...>
21386 14:44:29.308697 <... read resumed> "\v", 1) = 1
21388 14:44:29.308703 <... write resumed> ) = 1
21386 14:44:29.308709 write(4, "\1\0\0\0", 4) = 4
21386 14:44:29.308720 read(4,  <unfinished ...>
21388 14:44:29.308727 read(5, "\1\0\0\0", 4) = 4
21388 14:44:29.308739 write(5, "\v", 1 <unfinished ...>
21386 14:44:29.308746 <... read resumed> "\v", 1) = 1
21388 14:44:29.308751 <... write resumed> ) = 1
21386 14:44:29.308757 write(4, "\1\0\0\0", 4) = 4
21386 14:44:29.308767 read(4,  <unfinished ...>
21388 14:44:29.308774 read(5, "\1\0\0\0", 4) = 4
21388 14:44:29.308786 write(5, "\r", 1 <unfinished ...>
21386 14:44:29.308793 <... read resumed> "\r", 1) = 1
21388 14:44:29.308798 <... write resumed> ) = 1
21386 14:44:29.308805 select(6, [5], NULL, NULL, {60, 0}) = 1 (in [5], left {60, 0})
21386 14:44:29.308822 accept(5, {sa_family=AF_INET, sin_port=htons(53755), sin_addr=inet_addr("127.0.0.1")}, [16]) = 6
21386 14:44:29.308844 write(4, "\1", 1) = 1
21386 14:44:29.308856 sendmsg(4, {msg_name(0)=NULL, msg_iov(1)=[{"\0", 1}], msg_controllen=16, {cmsg_len=16, cmsg_level=SOL_SOCKET, cmsg_type=SCM_RIGHTS, {6}}, msg_flags=0}, 0) = 1
21386 14:44:29.308873 close(6)          = 0
21386 14:44:29.308883 read(4,  <unfinished ...>
21388 14:44:29.308890 read(5, "\1", 1)  = 1
21388 14:44:29.308902 recvmsg(5, {msg_name(0)=NULL, msg_iov(1)=[{"\0", 1}], msg_controllen=16, {cmsg_len=16, cmsg_level=SOL_SOCKET, cmsg_type=SCM_RIGHTS, {6}}, msg_flags=0}, 0) = 1
21388 14:44:29.308920 setsockopt(6, SOL_SOCKET, SO_KEEPALIVE, [1], 4) = 0
21388 14:44:29.308933 setsockopt(6, SOL_IP, IP_TOS, [8], 4) = 0
21388 14:44:29.308945 setsockopt(6, SOL_SOCKET, SO_LINGER, {onoff=1, linger=32767}, 8) = 0
21388 14:44:29.308956 rt_sigaction(SIGALRM, {0x805cad0, ~[RTMIN RT_1], 0}, NULL, 8) = 0
21388 14:44:29.308969 alarm(300)        = 300
21388 14:44:29.308982 write(0, "150 Ok to send data.\r\n", 22) = 22
21388 14:44:29.309049 read(6, "assasaaa\na\na\na\na\n", 65536) = 17
21388 14:44:29.309063 write(4, "assasaaa\na\na\na\na\n", 17) = 17
21388 14:44:29.309080 read(6, "", 65536) = 0
21388 14:44:29.309091 rt_sigaction(SIGALRM, {0x805cad0, ~[RTMIN RT_1], 0}, NULL, 8) = 0
21388 14:44:29.309105 alarm(300)        = 300
21388 14:44:29.309115 close(6)          = 0
21388 14:44:29.309131 alarm(0)          = 300
21388 14:44:29.309141 gettimeofday({1495651469, 309145}, NULL) = 0
21388 14:44:29.309157 gettimeofday({1495651469, 309161}, NULL) = 0
21388 14:44:29.309172 fcntl64(3, F_SETLKW64, {type=F_WRLCK, whence=SEEK_SET, start=0, len=0}, 0xbfe23fb4) = 0
21388 14:44:29.309186 write(3, "Wed May 24 14:44:29 2017 [pid 21388] [msfadmin] OK UPLOAD: Client \"127.0.0.1\", \"/home/msfadmin/myfile33\", 17 bytes, 21.90Kbyte/sec\n", 131) = 131
21388 14:44:29.309208 fcntl64(3, F_SETLK64, {type=F_UNLCK, whence=SEEK_SET, start=0, len=0}, 0xbfe23fbc) = 0
21388 14:44:29.309222 write(0, "226 Transfer complete.\r\n", 24) = 24
21388 14:44:29.309266 write(5, "\n", 1 <unfinished ...>
21386 14:44:29.309275 <... read resumed> "\n", 1) = 1
21388 14:44:29.309280 <... write resumed> ) = 1
21386 14:44:29.309287 close(5)          = 0
21386 14:44:29.309299 write(4, "\1", 1) = 1
21386 14:44:29.309310 read(4,  <unfinished ...>
21388 14:44:29.309317 read(5, "\1", 1)  = 1
21388 14:44:29.309328 close(4)          = 0
21388 14:44:29.309339 rt_sigaction(SIGALRM, {0x805cad0, ~[RTMIN RT_1], 0}, NULL, 8) = 0
21388 14:44:29.309352 alarm(300)        = 0
21388 14:44:29.309363 recv(0,  <unfinished ...>
21391 14:44:29.377078 <... recv resumed> "USER msfadmin\r\n", 4096, MSG_PEEK) = 15
21391 14:44:29.377118 read(0, "USER msfadmin\r\n", 15) = 15
21391 14:44:29.377144 write(0, "331 Any password will do.\r\n", 27) = 27
21391 14:44:29.377190 rt_sigaction(SIGALRM, {0x805cad0, ~[RTMIN RT_1], 0}, NULL, 8) = 0
21391 14:44:29.377209 alarm(300)        = 299
21391 14:44:29.377222 recv(0, "PASS msfadmin\r\n", 4096, MSG_PEEK) = 15
21391 14:44:29.377234 read(0, "PASS msfadmin\r\n", 15) = 15
21391 14:44:29.377260 write(0, "230 Already logged in.\r\n", 24) = 24
21391 14:44:29.377336 rt_sigaction(SIGALRM, {0x805cad0, ~[RTMIN RT_1], 0}, NULL, 8) = 0
21391 14:44:29.377355 alarm(300)        = 300
21391 14:44:29.377367 recv(0, "TYPE I\r\n", 4096, MSG_PEEK) = 8
21391 14:44:29.377378 read(0, "TYPE I\r\n", 8) = 8
21391 14:44:29.377393 write(0, "200 Switching to Binary mode.\r\n", 31) = 31
21391 14:44:29.377431 rt_sigaction(SIGALRM, {0x805cad0, ~[RTMIN RT_1], 0}, NULL, 8) = 0
21391 14:44:29.377447 alarm(300)        = 300
21391 14:44:29.377458 recv(0, "PASV\r\n", 4096, MSG_PEEK) = 6
21391 14:44:29.377469 read(0, "PASV\r\n", 6) = 6
21391 14:44:29.377481 write(5, "\n", 1) = 1
21391 14:44:29.377494 read(5,  <unfinished ...>
21389 14:44:29.377503 <... read resumed> "\n", 1) = 1
21389 14:44:29.377512 write(4, "\1", 1) = 1
21391 14:44:29.377523 <... read resumed> "\1", 1) = 1
21391 14:44:29.377531 write(5, "\f", 1) = 1
21391 14:44:29.377541 read(5,  <unfinished ...>
21389 14:44:29.377548 read(4, "\f", 1)  = 1
21389 14:44:29.377560 socket(PF_INET, SOCK_STREAM, IPPROTO_TCP) = 5
21389 14:44:29.377576 setsockopt(5, SOL_SOCKET, SO_REUSEADDR, [1], 4) = 0
21389 14:44:29.377591 bind(5, {sa_family=AF_INET, sin_port=htons(42564), sin_addr=inet_addr("127.0.0.1")}, 16) = 0
21389 14:44:29.377608 listen(5, 1)      = 0
21389 14:44:29.377621 write(4, "D\246\0\0", 4) = 4
21391 14:44:29.377632 <... read resumed> "D\246\0\0", 4) = 4
21391 14:44:29.377645 write(0, "227 Entering Passive Mode (127,0,0,1,166,68).\r\n", 47) = 47
21391 14:44:29.377755 rt_sigaction(SIGALRM, {0x805cad0, ~[RTMIN RT_1], 0}, NULL, 8) = 0
21391 14:44:29.377774 alarm(300)        = 300
21391 14:44:29.377786 recv(0, "RETR myfile40\r\n", 4096, MSG_PEEK) = 15
21391 14:44:29.377798 read(0, "RETR myfile40\r\n", 15) = 15
21391 14:44:29.377811 write(5, "\v", 1) = 1
21391 14:44:29.377822 read(5,  <unfinished ...>
21389 14:44:29.377829 read(4, "\v", 1)  = 1
21389 14:44:29.377841 write(4, "\1\0\0\0", 4) = 4
21391 14:44:29.377851 <... read resumed> "\1\0\0\0", 4) = 4
21391 14:44:29.377859 gettimeofday({1495651469, 377863}, NULL) = 0
21391 14:44:29.377871 getcwd("/home/msfadmin", 4096) = 15
21391 14:44:29.377884 open("myfile40", O_RDONLY|O_NONBLOCK|O_LARGEFILE) = 4
21391 14:44:29.377918 fcntl64(4, F_SETLKW64, {type=F_RDLCK, whence=SEEK_SET, start=0, len=0}, 0xbfb1d524) = 0
21391 14:44:29.377935 fstat64(4, {st_mode=S_IFREG|0644, st_size=17, ...}) = 0
21391 14:44:29.377962 fcntl64(4, F_GETFL) = 0x8800 (flags O_RDONLY|O_NONBLOCK|O_LARGEFILE)
21391 14:44:29.377973 fcntl64(4, F_SETFL, O_RDONLY|O_LARGEFILE) = 0
21391 14:44:29.377985 write(5, "\v", 1) = 1
21391 14:44:29.377996 read(5,  <unfinished ...>
21389 14:44:29.378004 read(4, "\v", 1)  = 1
21389 14:44:29.378015 write(4, "\1\0\0\0", 4) = 4
21391 14:44:29.378026 <... read resumed> "\1\0\0\0", 4) = 4
21391 14:44:29.378034 write(5, "\v", 1) = 1
21391 14:44:29.378044 read(5,  <unfinished ...>
21389 14:44:29.378051 read(4, "\v", 1)  = 1
21389 14:44:29.378062 write(4, "\1\0\0\0", 4) = 4
21391 14:44:29.378072 <... read resumed> "\1\0\0\0", 4) = 4
21391 14:44:29.378079 write(5, "\r", 1) = 1
21391 14:44:29.378089 read(5,  <unfinished ...>
21389 14:44:29.378096 read(4, "\r", 1)  = 1
21389 14:44:29.378108 select(6, [5], NULL, NULL, {60, 0}) = 1 (in [5], left {60, 0})
21389 14:44:29.378125 accept(5, {sa_family=AF_INET, sin_port=htons(41281), sin_addr=inet_addr("127.0.0.1")}, [16]) = 6
21389 14:44:29.378147 write(4, "\1", 1) = 1
21391 14:44:29.378158 <... read resumed> "\1", 1) = 1
21391 14:44:29.378167 recvmsg(5,  <unfinished ...>
21389 14:44:29.378175 sendmsg(4, {msg_name(0)=NULL, msg_iov(1)=[{"\0", 1}], msg_controllen=16, {cmsg_len=16, cmsg_level=SOL_SOCKET, cmsg_type=SCM_RIGHTS, {6}}, msg_flags=0}, 0) = 1
21391 14:44:29.378192 <... recvmsg resumed> {msg_name(0)=NULL, msg_iov(1)=[{"\0", 1}], msg_controllen=16, {cmsg_len=16, cmsg_level=SOL_SOCKET, cmsg_type=SCM_RIGHTS, {6}}, msg_flags=0}, 0) = 1
21391 14:44:29.378206 setsockopt(6, SOL_SOCKET, SO_KEEPALIVE, [1], 4) = 0
21391 14:44:29.378218 setsockopt(6, SOL_IP, IP_TOS, [8], 4) = 0
21391 14:44:29.378235 setsockopt(6, SOL_SOCKET, SO_LINGER, {onoff=1, linger=32767}, 8) = 0
21391 14:44:29.378247 rt_sigaction(SIGALRM, {0x805cad0, ~[RTMIN RT_1], 0}, NULL, 8) = 0
21391 14:44:29.378260 alarm(300)        = 300
21391 14:44:29.378274 write(0, "150 Opening BINARY mode data connection for myfile40 (17 bytes).\r\n", 66) = 66
21391 14:44:29.378315 _llseek(4, 0, [0], SEEK_CUR) = 0
21391 14:44:29.378329 fstat64(4, {st_mode=S_IFREG|0644, st_size=17, ...}) = 0
21391 14:44:29.378346 _llseek(4, 0, [0], SEEK_SET) = 0
21391 14:44:29.378357 sendfile(6, 4, NULL, 17) = 17
21391 14:44:29.378390 rt_sigaction(SIGALRM, {0x805cad0, ~[RTMIN RT_1], 0}, NULL, 8) = 0
21391 14:44:29.378406 alarm(300)        = 300
21391 14:44:29.378416 close(6)          = 0
21391 14:44:29.378425 alarm(0)          = 300
21391 14:44:29.378435 gettimeofday({1495651469, 378439}, NULL) = 0
21391 14:44:29.378451 gettimeofday({1495651469, 378455}, NULL) = 0
21391 14:44:29.378466 fcntl64(3, F_SETLKW64, {type=F_WRLCK, whence=SEEK_SET, start=0, len=0}, 0xbfb1d4c4) = 0
21391 14:44:29.378480 write(3, "Wed May 24 14:44:29 2017 [pid 21391] [msfadmin] OK DOWNLOAD: Client \"127.0.0.1\", \"/home/msfadmin/myfile40\", 17 bytes, 28.04Kbyte/sec\n", 133) = 133
21391 14:44:29.378501 fcntl64(3, F_SETLK64, {type=F_UNLCK, whence=SEEK_SET, start=0, len=0}, 0xbfb1d4cc) = 0
21391 14:44:29.378516 write(0, "226 Transfer complete.\r\n", 24) = 24
21391 14:44:29.378532 write(5, "\n", 1) = 1
21391 14:44:29.378543 read(5,  <unfinished ...>
21389 14:44:29.378550 close(6)          = 0
21389 14:44:29.378632 read(4, "\n", 1)  = 1
21389 14:44:29.378646 close(5)          = 0
21389 14:44:29.378657 write(4, "\1", 1) = 1
21391 14:44:29.378668 <... read resumed> "\1", 1) = 1
21391 14:44:29.378675 close(4)          = 0
21391 14:44:29.378686 rt_sigaction(SIGALRM, {0x805cad0, ~[RTMIN RT_1], 0}, NULL, 8) = 0
21391 14:44:29.378700 alarm(300)        = 0
21391 14:44:29.378711 recv(0,  <unfinished ...>
21389 14:44:29.378719 read(4,  <unfinished ...>
21388 14:44:29.817165 <... recv resumed> "TYPE I\r\n", 4096, MSG_PEEK) = 8
21388 14:44:29.817195 read(0, "TYPE I\r\n", 8) = 8
21388 14:44:29.817217 write(0, "200 Switching to Binary mode.\r\n", 31) = 31
21388 14:44:29.817265 rt_sigaction(SIGALRM, {0x805cad0, ~[RTMIN RT_1], 0}, NULL, 8) = 0
21388 14:44:29.817283 alarm(300)        = 299
21388 14:44:29.817296 recv(0, "PASV\r\n", 4096, MSG_PEEK) = 6
21388 14:44:29.817308 read(0, "PASV\r\n", 6) = 6
21388 14:44:29.817320 write(5, "\n", 1 <unfinished ...>
21386 14:44:29.817332 <... read resumed> "\n", 1) = 1
21388 14:44:29.817338 <... write resumed> ) = 1
21386 14:44:29.817345 write(4, "\1", 1) = 1
21386 14:44:29.817357 read(4,  <unfinished ...>
21388 14:44:29.817364 read(5, "\1", 1)  = 1
21388 14:44:29.817376 write(5, "\f", 1 <unfinished ...>
21386 14:44:29.817383 <... read resumed> "\f", 1) = 1
21388 14:44:29.817388 <... write resumed> ) = 1
21386 14:44:29.817395 socket(PF_INET, SOCK_STREAM, IPPROTO_TCP) = 5
21386 14:44:29.817411 setsockopt(5, SOL_SOCKET, SO_REUSEADDR, [1], 4) = 0
21386 14:44:29.817426 bind(5, {sa_family=AF_INET, sin_port=htons(45852), sin_addr=inet_addr("127.0.0.1")}, 16) = 0
21386 14:44:29.817442 listen(5, 1)      = 0
21386 14:44:29.817456 write(4, "\34\263\0\0", 4) = 4
21386 14:44:29.817468 read(4,  <unfinished ...>
21388 14:44:29.817475 read(5, "\34\263\0\0", 4) = 4
21388 14:44:29.817491 write(0, "227 Entering Passive Mode (127,0,0,1,179,28).\r\n", 47) = 47
21388 14:44:29.817602 rt_sigaction(SIGALRM, {0x805cad0, ~[RTMIN RT_1], 0}, NULL, 8) = 0
21388 14:44:29.817619 alarm(300)        = 300
21388 14:44:29.817631 recv(0, "STOR myfile34\r\n", 4096, MSG_PEEK) = 15
21388 14:44:29.817643 read(0, "STOR myfile34\r\n", 15) = 15
21388 14:44:29.817657 write(5, "\v", 1 <unfinished ...>
21386 14:44:29.817665 <... read resumed> "\v", 1) = 1
21388 14:44:29.817670 <... write resumed> ) = 1
21386 14:44:29.817677 write(4, "\1\0\0\0", 4) = 4
21386 14:44:29.817688 read(4,  <unfinished ...>
21388 14:44:29.817695 read(5, "\1\0\0\0", 4) = 4
21388 14:44:29.817706 gettimeofday({1495651469, 817711}, NULL) = 0
21388 14:44:29.817749 getcwd("/home/msfadmin", 4096) = 15
21388 14:44:29.817776 open("myfile34", O_WRONLY|O_CREAT|O_NONBLOCK|O_LARGEFILE, 0666) = 4
21388 14:44:29.817790 fstat64(4, {st_mode=S_IFREG|0644, st_size=17, ...}) = 0
21388 14:44:29.817808 fcntl64(4, F_GETFL) = 0x8801 (flags O_WRONLY|O_NONBLOCK|O_LARGEFILE)
21388 14:44:29.817820 fcntl64(4, F_SETFL, O_WRONLY|O_LARGEFILE) = 0
21388 14:44:29.817830 fcntl64(4, F_SETLKW64, {type=F_WRLCK, whence=SEEK_SET, start=0, len=0}, 0xbfe24014) = 0
21388 14:44:29.817845 ftruncate64(4, 0) = 0
21388 14:44:29.817864 _llseek(4, 0, [0], SEEK_SET) = 0
21388 14:44:29.817876 write(5, "\v", 1 <unfinished ...>
21386 14:44:29.817884 <... read resumed> "\v", 1) = 1
21388 14:44:29.817889 <... write resumed> ) = 1
21386 14:44:29.817896 write(4, "\1\0\0\0", 4) = 4
21386 14:44:29.817907 read(4,  <unfinished ...>
21388 14:44:29.817914 read(5, "\1\0\0\0", 4) = 4
21388 14:44:29.817925 write(5, "\v", 1 <unfinished ...>
21386 14:44:29.817932 <... read resumed> "\v", 1) = 1
21388 14:44:29.817937 <... write resumed> ) = 1
21386 14:44:29.817943 write(4, "\1\0\0\0", 4) = 4
21386 14:44:29.817954 read(4,  <unfinished ...>
21388 14:44:29.817961 read(5, "\1\0\0\0", 4) = 4
21388 14:44:29.817972 write(5, "\r", 1 <unfinished ...>
21386 14:44:29.817980 <... read resumed> "\r", 1) = 1
21388 14:44:29.817984 <... write resumed> ) = 1
21386 14:44:29.817992 select(6, [5], NULL, NULL, {60, 0}) = 1 (in [5], left {60, 0})
21386 14:44:29.818008 accept(5, {sa_family=AF_INET, sin_port=htons(35758), sin_addr=inet_addr("127.0.0.1")}, [16]) = 6
21386 14:44:29.818031 write(4, "\1", 1) = 1
21386 14:44:29.818043 sendmsg(4, {msg_name(0)=NULL, msg_iov(1)=[{"\0", 1}], msg_controllen=16, {cmsg_len=16, cmsg_level=SOL_SOCKET, cmsg_type=SCM_RIGHTS, {6}}, msg_flags=0}, 0) = 1
21386 14:44:29.818060 close(6)          = 0
21386 14:44:29.818070 read(4,  <unfinished ...>
21388 14:44:29.818077 read(5, "\1", 1)  = 1
21388 14:44:29.818090 recvmsg(5, {msg_name(0)=NULL, msg_iov(1)=[{"\0", 1}], msg_controllen=16, {cmsg_len=16, cmsg_level=SOL_SOCKET, cmsg_type=SCM_RIGHTS, {6}}, msg_flags=0}, 0) = 1
21388 14:44:29.818108 setsockopt(6, SOL_SOCKET, SO_KEEPALIVE, [1], 4) = 0
21388 14:44:29.818120 setsockopt(6, SOL_IP, IP_TOS, [8], 4) = 0
21388 14:44:29.818132 setsockopt(6, SOL_SOCKET, SO_LINGER, {onoff=1, linger=32767}, 8) = 0
21388 14:44:29.818144 rt_sigaction(SIGALRM, {0x805cad0, ~[RTMIN RT_1], 0}, NULL, 8) = 0
21388 14:44:29.818157 alarm(300)        = 300
21388 14:44:29.818170 write(0, "150 Ok to send data.\r\n", 22) = 22
21388 14:44:29.818235 read(6, "assasaaa\na\na\na\na\n", 65536) = 17
21388 14:44:29.818249 write(4, "assasaaa\na\na\na\na\n", 17) = 17
21388 14:44:29.818265 read(6, "", 65536) = 0
21388 14:44:29.818276 rt_sigaction(SIGALRM, {0x805cad0, ~[RTMIN RT_1], 0}, NULL, 8) = 0
21388 14:44:29.818290 alarm(300)        = 300
21388 14:44:29.818300 close(6)          = 0
21388 14:44:29.818317 alarm(0)          = 300
21388 14:44:29.818327 gettimeofday({1495651469, 818331}, NULL) = 0
21388 14:44:29.818342 gettimeofday({1495651469, 818346}, NULL) = 0
21388 14:44:29.818357 fcntl64(3, F_SETLKW64, {type=F_WRLCK, whence=SEEK_SET, start=0, len=0}, 0xbfe23fb4) = 0
21388 14:44:29.818372 write(3, "Wed May 24 14:44:29 2017 [pid 21388] [msfadmin] OK UPLOAD: Client \"127.0.0.1\", \"/home/msfadmin/myfile34\", 17 bytes, 26.14Kbyte/sec\n", 131) = 131
21388 14:44:29.818393 fcntl64(3, F_SETLK64, {type=F_UNLCK, whence=SEEK_SET, start=0, len=0}, 0xbfe23fbc) = 0
21388 14:44:29.818408 write(0, "226 Transfer complete.\r\n", 24) = 24
21388 14:44:29.818450 write(5, "\n", 1 <unfinished ...>
21386 14:44:29.818460 <... read resumed> "\n", 1) = 1
21388 14:44:29.818465 <... write resumed> ) = 1
21386 14:44:29.818472 close(5)          = 0
21386 14:44:29.818483 write(4, "\1", 1) = 1
21386 14:44:29.818494 read(4,  <unfinished ...>
21388 14:44:29.818502 read(5, "\1", 1)  = 1
21388 14:44:29.818513 close(4)          = 0
21388 14:44:29.818524 rt_sigaction(SIGALRM, {0x805cad0, ~[RTMIN RT_1], 0}, NULL, 8) = 0
21388 14:44:29.818537 alarm(300)        = 0
21388 14:44:29.818548 recv(0,  <unfinished ...>
21391 14:44:29.897122 <... recv resumed> "USER msfadmin\r\n", 4096, MSG_PEEK) = 15
21391 14:44:29.897161 read(0, "USER msfadmin\r\n", 15) = 15
21391 14:44:29.897186 write(0, "331 Any password will do.\r\n", 27) = 27
21391 14:44:29.897232 rt_sigaction(SIGALRM, {0x805cad0, ~[RTMIN RT_1], 0}, NULL, 8) = 0
21391 14:44:29.897250 alarm(300)        = 299
21391 14:44:29.897263 recv(0, "PASS msfadmin\r\n", 4096, MSG_PEEK) = 15
21391 14:44:29.897275 read(0, "PASS msfadmin\r\n", 15) = 15
21391 14:44:29.897292 write(0, "230 Already logged in.\r\n", 24) = 24
21391 14:44:29.897354 rt_sigaction(SIGALRM, {0x805cad0, ~[RTMIN RT_1], 0}, NULL, 8) = 0
21391 14:44:29.897370 alarm(300)        = 300
21391 14:44:29.897382 recv(0, "TYPE I\r\n", 4096, MSG_PEEK) = 8
21391 14:44:29.897393 read(0, "TYPE I\r\n", 8) = 8
21391 14:44:29.897408 write(0, "200 Switching to Binary mode.\r\n", 31) = 31
21391 14:44:29.897445 rt_sigaction(SIGALRM, {0x805cad0, ~[RTMIN RT_1], 0}, NULL, 8) = 0
21391 14:44:29.897459 alarm(300)        = 300
21391 14:44:29.897471 recv(0, "PASV\r\n", 4096, MSG_PEEK) = 6
21391 14:44:29.897482 read(0, "PASV\r\n", 6) = 6
21391 14:44:29.897494 write(5, "\n", 1) = 1
21391 14:44:29.897507 read(5,  <unfinished ...>
21389 14:44:29.897516 <... read resumed> "\n", 1) = 1
21389 14:44:29.897525 write(4, "\1", 1) = 1
21391 14:44:29.897536 <... read resumed> "\1", 1) = 1
21391 14:44:29.897544 write(5, "\f", 1) = 1
21391 14:44:29.897554 read(5,  <unfinished ...>
21389 14:44:29.897561 read(4, "\f", 1)  = 1
21389 14:44:29.897573 socket(PF_INET, SOCK_STREAM, IPPROTO_TCP) = 5
21389 14:44:29.897589 setsockopt(5, SOL_SOCKET, SO_REUSEADDR, [1], 4) = 0
21389 14:44:29.897603 bind(5, {sa_family=AF_INET, sin_port=htons(9419), sin_addr=inet_addr("127.0.0.1")}, 16) = 0
21389 14:44:29.897620 listen(5, 1)      = 0
21389 14:44:29.897634 write(4, "\313$\0\0", 4) = 4
21391 14:44:29.897645 <... read resumed> "\313$\0\0", 4) = 4
21391 14:44:29.897657 write(0, "227 Entering Passive Mode (127,0,0,1,36,203).\r\n", 47) = 47
21391 14:44:29.897767 rt_sigaction(SIGALRM, {0x805cad0, ~[RTMIN RT_1], 0}, NULL, 8) = 0
21391 14:44:29.897783 alarm(300)        = 300
21391 14:44:29.897795 recv(0, "RETR myfile0\r\n", 4096, MSG_PEEK) = 14
21391 14:44:29.897825 read(0, "RETR myfile0\r\n", 14) = 14
21391 14:44:29.897842 write(5, "\v", 1) = 1
21391 14:44:29.897853 read(5,  <unfinished ...>
21389 14:44:29.897875 read(4, "\v", 1)  = 1
21389 14:44:29.897886 write(4, "\1\0\0\0", 4) = 4
21391 14:44:29.897897 <... read resumed> "\1\0\0\0", 4) = 4
21391 14:44:29.897905 gettimeofday({1495651469, 897910}, NULL) = 0
21391 14:44:29.897917 getcwd("/home/msfadmin", 4096) = 15
21391 14:44:29.897930 open("myfile0", O_RDONLY|O_NONBLOCK|O_LARGEFILE) = 4
21391 14:44:29.897943 fcntl64(4, F_SETLKW64, {type=F_RDLCK, whence=SEEK_SET, start=0, len=0}, 0xbfb1d524) = 0
21391 14:44:29.897959 fstat64(4, {st_mode=S_IFREG|0644, st_size=17, ...}) = 0
21391 14:44:29.897976 fcntl64(4, F_GETFL) = 0x8800 (flags O_RDONLY|O_NONBLOCK|O_LARGEFILE)
21391 14:44:29.897987 fcntl64(4, F_SETFL, O_RDONLY|O_LARGEFILE) = 0
21391 14:44:29.897999 write(5, "\v", 1) = 1
21391 14:44:29.898010 read(5,  <unfinished ...>
21389 14:44:29.898017 read(4, "\v", 1)  = 1
21389 14:44:29.898029 write(4, "\1\0\0\0", 4) = 4
21391 14:44:29.898039 <... read resumed> "\1\0\0\0", 4) = 4
21391 14:44:29.898047 write(5, "\v", 1) = 1
21391 14:44:29.898057 read(5,  <unfinished ...>
21389 14:44:29.898064 read(4, "\v", 1)  = 1
21389 14:44:29.898075 write(4, "\1\0\0\0", 4) = 4
21391 14:44:29.898085 <... read resumed> "\1\0\0\0", 4) = 4
21391 14:44:29.898093 write(5, "\r", 1) = 1
21391 14:44:29.898103 read(5,  <unfinished ...>
21389 14:44:29.898110 read(4, "\r", 1)  = 1
21389 14:44:29.898122 select(6, [5], NULL, NULL, {60, 0}) = 1 (in [5], left {60, 0})
21389 14:44:29.898138 accept(5, {sa_family=AF_INET, sin_port=htons(49925), sin_addr=inet_addr("127.0.0.1")}, [16]) = 6
21389 14:44:29.898160 write(4, "\1", 1) = 1
21391 14:44:29.898171 <... read resumed> "\1", 1) = 1
21391 14:44:29.898180 recvmsg(5,  <unfinished ...>
21389 14:44:29.898188 sendmsg(4, {msg_name(0)=NULL, msg_iov(1)=[{"\0", 1}], msg_controllen=16, {cmsg_len=16, cmsg_level=SOL_SOCKET, cmsg_type=SCM_RIGHTS, {6}}, msg_flags=0}, 0) = 1
21391 14:44:29.898213 <... recvmsg resumed> {msg_name(0)=NULL, msg_iov(1)=[{"\0", 1}], msg_controllen=16, {cmsg_len=16, cmsg_level=SOL_SOCKET, cmsg_type=SCM_RIGHTS, {6}}, msg_flags=0}, 0) = 1
21391 14:44:29.898227 setsockopt(6, SOL_SOCKET, SO_KEEPALIVE, [1], 4) = 0
21391 14:44:29.898239 setsockopt(6, SOL_IP, IP_TOS, [8], 4) = 0
21391 14:44:29.898251 setsockopt(6, SOL_SOCKET, SO_LINGER, {onoff=1, linger=32767}, 8) = 0
21391 14:44:29.898262 rt_sigaction(SIGALRM, {0x805cad0, ~[RTMIN RT_1], 0}, NULL, 8) = 0
21391 14:44:29.898276 alarm(300)        = 300
21391 14:44:29.898291 write(0, "150 Opening BINARY mode data connection for myfile0 (17 bytes).\r\n", 65) = 65
21391 14:44:29.898332 _llseek(4, 0, [0], SEEK_CUR) = 0
21391 14:44:29.898345 fstat64(4, {st_mode=S_IFREG|0644, st_size=17, ...}) = 0
21391 14:44:29.898362 _llseek(4, 0, [0], SEEK_SET) = 0
21391 14:44:29.898373 sendfile(6, 4, NULL, 17) = 17
21391 14:44:29.898403 rt_sigaction(SIGALRM, {0x805cad0, ~[RTMIN RT_1], 0}, NULL, 8) = 0
21391 14:44:29.898417 alarm(300)        = 300
21391 14:44:29.898427 close(6)          = 0
21391 14:44:29.898437 alarm(0)          = 300
21391 14:44:29.898447 gettimeofday({1495651469, 898451}, NULL) = 0
21391 14:44:29.898462 gettimeofday({1495651469, 898466}, NULL) = 0
21391 14:44:29.898477 fcntl64(3, F_SETLKW64, {type=F_WRLCK, whence=SEEK_SET, start=0, len=0}, 0xbfb1d4c4) = 0
21391 14:44:29.898491 write(3, "Wed May 24 14:44:29 2017 [pid 21391] [msfadmin] OK DOWNLOAD: Client \"127.0.0.1\", \"/home/msfadmin/myfile0\", 17 bytes, 29.86Kbyte/sec\n", 132) = 132
21391 14:44:29.898512 fcntl64(3, F_SETLK64, {type=F_UNLCK, whence=SEEK_SET, start=0, len=0}, 0xbfb1d4cc) = 0
21391 14:44:29.898527 write(0, "226 Transfer complete.\r\n", 24) = 24
21391 14:44:29.898542 write(5, "\n", 1) = 1
21391 14:44:29.898553 read(5,  <unfinished ...>
21389 14:44:29.898560 close(6)          = 0
21389 14:44:29.898641 read(4, "\n", 1)  = 1
21389 14:44:29.898655 close(5)          = 0
21389 14:44:29.898666 write(4, "\1", 1) = 1
21391 14:44:29.898677 <... read resumed> "\1", 1) = 1
21391 14:44:29.898685 close(4)          = 0
21391 14:44:29.898695 rt_sigaction(SIGALRM, {0x805cad0, ~[RTMIN RT_1], 0}, NULL, 8) = 0
21391 14:44:29.898709 alarm(300)        = 0
21391 14:44:29.898720 recv(0,  <unfinished ...>
21389 14:44:29.898728 read(4,  <unfinished ...>
21388 14:44:30.367185 <... recv resumed> "TYPE I\r\n", 4096, MSG_PEEK) = 8
21388 14:44:30.367217 read(0, "TYPE I\r\n", 8) = 8
21388 14:44:30.367239 write(0, "200 Switching to Binary mode.\r\n", 31) = 31
21388 14:44:30.367289 rt_sigaction(SIGALRM, {0x805cad0, ~[RTMIN RT_1], 0}, NULL, 8) = 0
21388 14:44:30.367308 alarm(300)        = 299
21388 14:44:30.367322 recv(0, "PASV\r\n", 4096, MSG_PEEK) = 6
21388 14:44:30.367334 read(0, "PASV\r\n", 6) = 6
21388 14:44:30.367347 write(5, "\n", 1 <unfinished ...>
21386 14:44:30.367359 <... read resumed> "\n", 1) = 1
21388 14:44:30.367365 <... write resumed> ) = 1
21386 14:44:30.367373 write(4, "\1", 1) = 1
21386 14:44:30.367386 read(4,  <unfinished ...>
21388 14:44:30.367393 read(5, "\1", 1)  = 1
