19463 14:24:29.286499 read(6, "#\n# /etc/pam.d/common-auth - authentication settings common to all services\n#\n# This file is included from other service-specific PAM config files,\n# and should contain a list of the authentication modules that define\n# the central authentication scheme for use on the system\n# (e.g., /etc/shadow, LDAP, Kerberos, etc.).  The default is to use the\n# traditional Unix authentication mechanisms.\n#\nauth\trequisite\tpam_unix.so nullok_secure\n# auth\toptional\tpam_smbpass.so migrate\n", 4096) = 476
19463 14:24:29.286546 read(6, "", 4096) = 0
19463 14:24:29.286555 close(6)          = 0
19463 14:24:29.286564 munmap(0xb7f6a000, 4096) = 0
19463 14:24:29.286575 stat64("/etc/pam.d", {st_mode=S_IFDIR|0755, st_size=4096, ...}) = 0
19463 14:24:29.286592 open("/etc/pam.d/common-account", O_RDONLY|O_LARGEFILE) = 6
19463 14:24:29.286604 fstat64(6, {st_mode=S_IFREG|0644, st_size=392, ...}) = 0
19463 14:24:29.286620 mmap2(NULL, 4096, PROT_READ|PROT_WRITE, MAP_PRIVATE|MAP_ANONYMOUS, -1, 0) = 0xb7f6a000
19463 14:24:29.286630 read(6, "#\n# /etc/pam.d/common-account - authorization settings common to all services\n#\n# This file is included from other service-specific PAM config files,\n# and should contain a list of the authorization modules that define\n# the central access policy for use on the system.  The default is to\n# only deny service to users whose accounts are expired in /etc/shadow.\n#\naccount\trequired\tpam_unix.so\n", 4096) = 392
19463 14:24:29.286667 read(6, "", 4096) = 0
19463 14:24:29.286676 close(6)          = 0
19463 14:24:29.286685 munmap(0xb7f6a000, 4096) = 0
19463 14:24:29.286695 stat64("/etc/pam.d", {st_mode=S_IFDIR|0755, st_size=4096, ...}) = 0
19463 14:24:29.286712 open("/etc/pam.d/common-password", O_RDONLY|O_LARGEFILE) = 6
19463 14:24:29.286751 fstat64(6, {st_mode=S_IFREG|0644, st_size=1563, ...}) = 0
19463 14:24:29.286770 mmap2(NULL, 4096, PROT_READ|PROT_WRITE, MAP_PRIVATE|MAP_ANONYMOUS, -1, 0) = 0xb7f6a000
19463 14:24:29.286790 read(6, "#\n# /etc/pam.d/common-password - password-related modules common to all services\n#\n# This file is included from other service-specific PAM config files,\n# and should contain a list of modules that define the services to be\n# used to change user passwords.  The default is pam_unix.\n\n# Explanation of pam_unix options:\n#\n# The \"nullok\" option allows users to change an empty password, else\n# empty passwords are treated as locked accounts.\n#\n# The \"md5\" option enables MD5 passwords.  Without this option, the\n# default is Unix crypt.\n#\n# The \"obscure\" option replaces the old `OBSCURE_CHECKS_ENAB\' option in\n# login.defs.\n#\n# You can also use the \"min\" option to enforce the length of the new\n# password.\n#\n# See the pam_unix manpage for other options.\n\npassword   requisite   pam_unix.so nullok obscure md5\n\n# Alternate strength checking for password. Note that this\n# requires the libpam-cracklib package to be installed.\n# You will need to comment out the password line above and\n# uncomment the next two in order to use this.\n# (Replaces the `OBSCURE_CHECKS_ENAB\', `CRACKLIB_DICTPATH\')\n#\n# password required\t  pam_cracklib.so retry=3 minlen=6 difok=3\n# password required\t  pam_unix.so use_authtok nullok md5\n\n# minimally-intrusive inclusion of smbpass in the stack for\n# synchronization.  If the module is absent or the passwords don\'t\n# match, this module will be ignored without prompting; and if the \n# passwords do match, the NTLM hash for the user will be updated\n# automatically.\n# password   optional   pam_smbpass.so nullok use_authtok use_first_pass\n", 4096) = 1563
19463 14:24:29.286911 read(6, "", 4096) = 0
19463 14:24:29.286921 close(6)          = 0
19463 14:24:29.286930 munmap(0xb7f6a000, 4096) = 0
19463 14:24:29.286940 stat64("/etc/pam.d", {st_mode=S_IFDIR|0755, st_size=4096, ...}) = 0
19463 14:24:29.286958 open("/etc/pam.d/common-session", O_RDONLY|O_LARGEFILE) = 6
19463 14:24:29.286971 fstat64(6, {st_mode=S_IFREG|0644, st_size=372, ...}) = 0
19463 14:24:29.286986 mmap2(NULL, 4096, PROT_READ|PROT_WRITE, MAP_PRIVATE|MAP_ANONYMOUS, -1, 0) = 0xb7f6a000
19463 14:24:29.286996 read(6, "#\n# /etc/pam.d/common-session - session-related modules common to all services\n#\n# This file is included from other service-specific PAM config files,\n# and should contain a list of modules that define tasks to be performed\n# at the start and end of sessions of *any* kind (both interactive and\n# non-interactive).  The default is pam_unix.\n#\nsession\trequired\tpam_unix.so\n", 4096) = 372
19463 14:24:29.287036 read(6, "", 4096) = 0
19463 14:24:29.287045 close(6)          = 0
19463 14:24:29.287054 munmap(0xb7f6a000, 4096) = 0
19463 14:24:29.287064 read(5, "", 4096) = 0
19463 14:24:29.287073 close(5)          = 0
19463 14:24:29.287081 munmap(0xb7f70000, 4096) = 0
19463 14:24:29.287093 time(NULL)        = 1495650269
19463 14:24:29.287104 lstat64("/etc/ftpusers", {st_mode=S_IFREG|0644, st_size=132, ...}) = 0
19463 14:24:29.287122 open("/etc/ftpusers", O_RDONLY|O_LARGEFILE) = 5
19463 14:24:29.287133 fstat64(5, {st_mode=S_IFREG|0644, st_size=132, ...}) = 0
19463 14:24:29.287149 mmap2(NULL, 4096, PROT_READ|PROT_WRITE, MAP_PRIVATE|MAP_ANONYMOUS, -1, 0) = 0xb7f70000
19463 14:24:29.287159 read(5, "# /etc/ftpusers: list of users disallowed FTP access. See ftpusers(5).\n\nroot\ndaemon\nbin\nsys\nsync\ngames\nman\nlp\nmail\nnews\nuucp\nnobody\n", 4096) = 132
19463 14:24:29.287179 read(5, "", 4096) = 0
19463 14:24:29.287188 close(5)          = 0
19463 14:24:29.287197 munmap(0xb7f70000, 4096) = 0
19463 14:24:29.287212 getuid32()        = 0
19463 14:24:29.287227 open("/etc/passwd", O_RDONLY|0x80000 /* O_??? */) = 5
19463 14:24:29.287241 _llseek(5, 0, [0], SEEK_CUR) = 0
19457 14:24:29.287250 <... recv resumed> "TYPE I\r\n", 4096, MSG_PEEK) = 8
19457 14:24:29.287250 read(0, "TYPE I\r\n", 8) = 8
19457 14:24:29.287250 write(0, "200 Switching to Binary mode.\r\n", 31) = 31
19457 14:24:29.287280 rt_sigaction(SIGALRM, {0x805cad0, ~[RTMIN RT_1], 0}, NULL, 8) = 0
19457 14:24:29.287296 alarm(300)        = 299
19457 14:24:29.287307 recv(0, "PASV\r\n", 4096, MSG_PEEK) = 6
19457 14:24:29.287318 read(0, "PASV\r\n", 6) = 6
19457 14:24:29.287330 write(5, "\n", 1 <unfinished ...>
19455 14:24:29.287340 <... read resumed> "\n", 1) = 1
19457 14:24:29.287344 <... write resumed> ) = 1
19455 14:24:29.287351 write(4, "\1", 1) = 1
19455 14:24:29.287362 read(4,  <unfinished ...>
19457 14:24:29.287369 read(5, "\1", 1)  = 1
19457 14:24:29.287380 write(5, "\f", 1 <unfinished ...>
19455 14:24:29.287387 <... read resumed> "\f", 1) = 1
19457 14:24:29.287391 <... write resumed> ) = 1
19455 14:24:29.287398 socket(PF_INET, SOCK_STREAM, IPPROTO_TCP) = 5
19455 14:24:29.287411 setsockopt(5, SOL_SOCKET, SO_REUSEADDR, [1], 4) = 0
19455 14:24:29.287424 bind(5, {sa_family=AF_INET, sin_port=htons(28993), sin_addr=inet_addr("127.0.0.1")}, 16) = 0
19457 14:24:29.287438 read(5,  <unfinished ...>
19455 14:24:29.287445 listen(5, 1)      = 0
19455 14:24:29.287459 write(4, "Aq\0\0", 4) = 4
19457 14:24:29.287469 <... read resumed> "Aq\0\0", 4) = 4
19457 14:24:29.287480 write(0, "227 Entering Passive Mode (127,0,0,1,113,65).\r\n", 47 <unfinished ...>
19455 14:24:29.287490 read(4,  <unfinished ...>
19457 14:24:29.287733 <... write resumed> ) = 47
19457 14:24:29.287761 rt_sigaction(SIGALRM, {0x805cad0, ~[RTMIN RT_1], 0}, NULL, 8) = 0
19457 14:24:29.287777 alarm(300)        = 300
19457 14:24:29.287788 recv(0, "STOR myfile18\r\n", 4096, MSG_PEEK) = 15
19457 14:24:29.287800 read(0, "STOR myfile18\r\n", 15) = 15
19457 14:24:29.287813 write(5, "\v", 1) = 1
19455 14:24:29.287823 <... read resumed> "\v", 1) = 1
19455 14:24:29.287830 write(4, "\1\0\0\0", 4) = 4
19455 14:24:29.287840 read(4,  <unfinished ...>
19457 14:24:29.287847 read(5, "\1\0\0\0", 4) = 4
19457 14:24:29.287858 gettimeofday({1495650269, 287862}, NULL) = 0
19457 14:24:29.287869 getcwd("/home/msfadmin", 4096) = 15
19457 14:24:29.287881 open("myfile18", O_WRONLY|O_CREAT|O_NONBLOCK|O_LARGEFILE, 0666) = 4
19457 14:24:29.287894 fstat64(4, {st_mode=S_IFREG|0644, st_size=17, ...}) = 0
19457 14:24:29.287910 fcntl64(4, F_GETFL) = 0x8801 (flags O_WRONLY|O_NONBLOCK|O_LARGEFILE)
19457 14:24:29.287921 fcntl64(4, F_SETFL, O_WRONLY|O_LARGEFILE) = 0
19457 14:24:29.287931 fcntl64(4, F_SETLKW64, {type=F_WRLCK, whence=SEEK_SET, start=0, len=0}, 0xbff68954) = 0
19457 14:24:29.287947 ftruncate64(4, 0) = 0
19457 14:24:29.287963 _llseek(4, 0, [0], SEEK_SET) = 0
19457 14:24:29.287974 write(5, "\v", 1 <unfinished ...>
19455 14:24:29.287981 <... read resumed> "\v", 1) = 1
19457 14:24:29.287986 <... write resumed> ) = 1
19455 14:24:29.287992 write(4, "\1\0\0\0", 4) = 4
19455 14:24:29.288002 read(4,  <unfinished ...>
19457 14:24:29.288009 read(5, "\1\0\0\0", 4) = 4
19457 14:24:29.288020 write(5, "\v", 1 <unfinished ...>
19455 14:24:29.288027 <... read resumed> "\v", 1) = 1
19457 14:24:29.288031 <... write resumed> ) = 1
19455 14:24:29.288037 write(4, "\1\0\0\0", 4) = 4
19455 14:24:29.288047 read(4,  <unfinished ...>
19457 14:24:29.288053 read(5, "\1\0\0\0", 4) = 4
19457 14:24:29.288064 write(5, "\r", 1 <unfinished ...>
19455 14:24:29.288071 <... read resumed> "\r", 1) = 1
19457 14:24:29.288075 <... write resumed> ) = 1
19455 14:24:29.288082 select(6, [5], NULL, NULL, {60, 0}) = 1 (in [5], left {60, 0})
19455 14:24:29.288097 accept(5, {sa_family=AF_INET, sin_port=htons(51591), sin_addr=inet_addr("127.0.0.1")}, [16]) = 6
19455 14:24:29.288118 write(4, "\1", 1) = 1
19455 14:24:29.288130 sendmsg(4, {msg_name(0)=NULL, msg_iov(1)=[{"\0", 1}], msg_controllen=16, {cmsg_len=16, cmsg_level=SOL_SOCKET, cmsg_type=SCM_RIGHTS, {6}}, msg_flags=0}, 0) = 1
19455 14:24:29.288146 close(6)          = 0
19455 14:24:29.288155 read(4,  <unfinished ...>
19457 14:24:29.288162 read(5, "\1", 1)  = 1
19457 14:24:29.288174 recvmsg(5, {msg_name(0)=NULL, msg_iov(1)=[{"\0", 1}], msg_controllen=16, {cmsg_len=16, cmsg_level=SOL_SOCKET, cmsg_type=SCM_RIGHTS, {6}}, msg_flags=0}, 0) = 1
19457 14:24:29.288192 setsockopt(6, SOL_SOCKET, SO_KEEPALIVE, [1], 4) = 0
19457 14:24:29.288204 setsockopt(6, SOL_IP, IP_TOS, [8], 4) = 0
19457 14:24:29.288215 setsockopt(6, SOL_SOCKET, SO_LINGER, {onoff=1, linger=32767}, 8) = 0
19457 14:24:29.288226 rt_sigaction(SIGALRM, {0x805cad0, ~[RTMIN RT_1], 0}, NULL, 8) = 0
19457 14:24:29.288239 alarm(300)        = 300
19457 14:24:29.288251 write(0, "150 Ok to send data.\r\n", 22) = 22
19457 14:24:29.288311 read(6, "assasaaa\na\na\na\na\n", 65536) = 17
19457 14:24:29.288325 write(4, "assasaaa\na\na\na\na\n", 17) = 17
19457 14:24:29.288340 read(6, "", 65536) = 0
19457 14:24:29.288350 rt_sigaction(SIGALRM, {0x805cad0, ~[RTMIN RT_1], 0}, NULL, 8) = 0
19457 14:24:29.288363 alarm(300)        = 300
19457 14:24:29.288373 close(6)          = 0
19457 14:24:29.288389 alarm(0)          = 300
19457 14:24:29.288399 gettimeofday({1495650269, 288402}, NULL) = 0
19457 14:24:29.288413 gettimeofday({1495650269, 288417}, NULL) = 0
19457 14:24:29.288427 fcntl64(3, F_SETLKW64, {type=F_WRLCK, whence=SEEK_SET, start=0, len=0}, 0xbff688f4) = 0
19457 14:24:29.288442 write(3, "Wed May 24 14:24:29 2017 [pid 19457] [msfadmin] OK UPLOAD: Client \"127.0.0.1\", \"/home/msfadmin/myfile18\", 17 bytes, 29.91Kbyte/sec\n", 131) = 131
19457 14:24:29.288461 fcntl64(3, F_SETLK64, {type=F_UNLCK, whence=SEEK_SET, start=0, len=0}, 0xbff688fc) = 0
19457 14:24:29.288475 write(0, "226 Transfer complete.\r\n", 24) = 24
19457 14:24:29.288513 write(5, "\n", 1 <unfinished ...>
19455 14:24:29.288523 <... read resumed> "\n", 1) = 1
19457 14:24:29.288527 <... write resumed> ) = 1
19455 14:24:29.288533 close(5)          = 0
19455 14:24:29.288544 write(4, "\1", 1) = 1
19455 14:24:29.288555 read(4,  <unfinished ...>
19457 14:24:29.288561 read(5, "\1", 1)  = 1
19457 14:24:29.288572 close(4)          = 0
19457 14:24:29.288583 rt_sigaction(SIGALRM, {0x805cad0, ~[RTMIN RT_1], 0}, NULL, 8) = 0
19457 14:24:29.288596 alarm(300)        = 0
19457 14:24:29.288606 recv(0,  <unfinished ...>
19463 14:24:29.288614 fstat64(5, {st_mode=S_IFREG|0644, st_size=1624, ...}) = 0
19463 14:24:29.288659 mmap2(NULL, 1624, PROT_READ, MAP_SHARED, 5, 0) = 0xb7f70000
19463 14:24:29.288682 _llseek(5, 1624, [1624], SEEK_SET) = 0
19463 14:24:29.288710 munmap(0xb7f70000, 1624) = 0
19463 14:24:29.288721 close(5)          = 0
19463 14:24:29.288746 open("/etc/shadow", O_RDONLY|0x80000 /* O_??? */) = 5
19463 14:24:29.288768 _llseek(5, 0, [0], SEEK_CUR) = 0
19463 14:24:29.288779 fstat64(5, {st_mode=S_IFREG|0640, st_size=1233, ...}) = 0
19463 14:24:29.288795 mmap2(NULL, 1233, PROT_READ, MAP_SHARED, 5, 0) = 0xb7f70000
19463 14:24:29.288805 _llseek(5, 1233, [1233], SEEK_SET) = 0
19463 14:24:29.288825 munmap(0xb7f70000, 1233) = 0
19463 14:24:29.288834 close(5)          = 0
19463 14:24:29.288852 open("/etc/passwd", O_RDONLY|0x80000 /* O_??? */) = 5
19463 14:24:29.288865 _llseek(5, 0, [0], SEEK_CUR) = 0
19463 14:24:29.288875 fstat64(5, {st_mode=S_IFREG|0644, st_size=1624, ...}) = 0
19463 14:24:29.288891 mmap2(NULL, 1624, PROT_READ, MAP_SHARED, 5, 0) = 0xb7f70000
19463 14:24:29.288901 _llseek(5, 1624, [1624], SEEK_SET) = 0
19463 14:24:29.288916 munmap(0xb7f70000, 1624) = 0
19463 14:24:29.288925 close(5)          = 0
19463 14:24:29.288937 open("/etc/shadow", O_RDONLY|0x80000 /* O_??? */) = 5
19463 14:24:29.288950 _llseek(5, 0, [0], SEEK_CUR) = 0
19463 14:24:29.288959 fstat64(5, {st_mode=S_IFREG|0640, st_size=1233, ...}) = 0
19463 14:24:29.288975 mmap2(NULL, 1233, PROT_READ, MAP_SHARED, 5, 0) = 0xb7f70000
19463 14:24:29.288985 _llseek(5, 1233, [1233], SEEK_SET) = 0
19463 14:24:29.289000 munmap(0xb7f70000, 1233) = 0
19463 14:24:29.289009 close(5)          = 0
19463 14:24:29.289235 getuid32()        = 0
19463 14:24:29.289245 open("/etc/passwd", O_RDONLY|0x80000 /* O_??? */) = 5
19463 14:24:29.289257 _llseek(5, 0, [0], SEEK_CUR) = 0
19463 14:24:29.289267 fstat64(5, {st_mode=S_IFREG|0644, st_size=1624, ...}) = 0
19463 14:24:29.289283 mmap2(NULL, 1624, PROT_READ, MAP_SHARED, 5, 0) = 0xb7f70000
19463 14:24:29.289293 _llseek(5, 1624, [1624], SEEK_SET) = 0
19463 14:24:29.289308 munmap(0xb7f70000, 1624) = 0
19463 14:24:29.289317 close(5)          = 0
19463 14:24:29.289329 open("/etc/shadow", O_RDONLY|0x80000 /* O_??? */) = 5
19463 14:24:29.289340 _llseek(5, 0, [0], SEEK_CUR) = 0
19463 14:24:29.289350 fstat64(5, {st_mode=S_IFREG|0640, st_size=1233, ...}) = 0
19463 14:24:29.289366 mmap2(NULL, 1233, PROT_READ, MAP_SHARED, 5, 0) = 0xb7f70000
19463 14:24:29.289376 _llseek(5, 1233, [1233], SEEK_SET) = 0
19463 14:24:29.289391 munmap(0xb7f70000, 1233) = 0
19463 14:24:29.289400 close(5)          = 0
19463 14:24:29.289411 time(NULL)        = 1495650269
19463 14:24:29.289425 munmap(0xb7f6d000, 12164) = 0
19463 14:24:29.289438 munmap(0xb7f6b000, 7136) = 0
19463 14:24:29.289451 munmap(0xb7da0000, 95428) = 0
19463 14:24:29.289462 munmap(0xb7d66000, 201052) = 0
19463 14:24:29.289472 munmap(0xb7d4d000, 101180) = 0
19463 14:24:29.289488 gettimeofday({1495650269, 289491}, NULL) = 0
19463 14:24:29.289499 stat64("/usr/share/zoneinfo/UTC+04:00", 0xbfecf034) = -1 ENOENT (No such file or directory)
19463 14:24:29.289513 open("/usr/share/zoneinfo/UTC+04:00", O_RDONLY) = -1 ENOENT (No such file or directory)
19463 14:24:29.289537 fcntl64(3, F_SETLKW64, {type=F_WRLCK, whence=SEEK_SET, start=0, len=0}, 0xbfecf184) = 0
19463 14:24:29.289552 write(3, "Wed May 24 14:24:29 2017 [pid 19463] [msfadmin] OK LOGIN: Client \"127.0.0.1\"\n", 77) = 77
19463 14:24:29.289568 fcntl64(3, F_SETLK64, {type=F_UNLCK, whence=SEEK_SET, start=0, len=0}, 0xbfecf18c) = 0
19463 14:24:29.289580 rt_sigaction(SIGCHLD, {0x805cad0, ~[RTMIN RT_1], 0}, NULL, 8) = 0
19463 14:24:29.289621 write(4, "\1", 1 <unfinished ...>
19464 14:24:29.289631 <... read resumed> "\1", 1) = 1
19463 14:24:29.289637 <... write resumed> ) = 1
19464 14:24:29.289645 exit_group(0)     = ?
19463 14:24:29.289702 --- SIGCHLD (Child exited) @ 0 (0) ---
19463 14:24:29.289722 sigreturn()       = ? (mask now [])
19463 14:24:29.289759 wait4(-1, [{WIFEXITED(s) && WEXITSTATUS(s) == 0}], 0, NULL) = 19464
19463 14:24:29.289772 close(4)          = 0
19463 14:24:29.289783 socketpair(PF_FILE, SOCK_STREAM, 0, [4, 5]) = 0
19463 14:24:29.289796 rt_sigaction(SIGCHLD, {0x805cad0, ~[RTMIN RT_1], 0}, NULL, 8) = 0
19463 14:24:29.289810 rt_sigaction(SIGALRM, {0x805cb10, ~[RTMIN RT_1], 0}, NULL, 8) = 0
19463 14:24:29.289823 clone(child_stack=0, flags=CLONE_CHILD_CLEARTID|CLONE_CHILD_SETTID|SIGCHLD, child_tidptr=0xb7dd66f8) = 19465
19465 14:24:29.289872 prctl(0x1, 0x9, 0, 0, 0) = 0
19465 14:24:29.289888 close(4)          = 0
19465 14:24:29.289916 open("/etc/passwd", O_RDONLY|0x80000 /* O_??? */) = 4
19465 14:24:29.289933 _llseek(4, 0, [0], SEEK_CUR) = 0
19465 14:24:29.289947 fstat64(4, {st_mode=S_IFREG|0644, st_size=1624, ...}) = 0
19465 14:24:29.289965 mmap2(NULL, 1624, PROT_READ, MAP_SHARED, 4, 0) = 0xb7f70000
19465 14:24:29.289976 _llseek(4, 1624, [1624], SEEK_SET) = 0
19465 14:24:29.289998 munmap(0xb7f70000, 1624) = 0
19465 14:24:29.290009 close(4)          = 0
19465 14:24:29.290022 getuid32()        = 0
19465 14:24:29.290032 open("/etc/passwd", O_RDONLY|0x80000 /* O_??? */) = 4
19465 14:24:29.290044 _llseek(4, 0, [0], SEEK_CUR) = 0
19465 14:24:29.290054 fstat64(4, {st_mode=S_IFREG|0644, st_size=1624, ...}) = 0
19465 14:24:29.290069 mmap2(NULL, 1624, PROT_READ, MAP_SHARED, 4, 0) = 0xb7f70000
19465 14:24:29.290080 _llseek(4, 1624, [1624], SEEK_SET) = 0
19465 14:24:29.290095 munmap(0xb7f70000, 1624) = 0
19465 14:24:29.290104 close(4)          = 0
19465 14:24:29.290128 open("/proc/sys/kernel/ngroups_max", O_RDONLY) = 4
19465 14:24:29.290149 read(4, "65536\n", 31) = 6
19465 14:24:29.290161 close(4)          = 0
19465 14:24:29.290174 socket(PF_FILE, SOCK_STREAM, 0) = 4
19465 14:24:29.290185 fcntl64(4, F_SETFL, O_RDWR|O_NONBLOCK) = 0
19465 14:24:29.290195 connect(4, {sa_family=AF_FILE, path="/var/run/nscd/socket"}, 110) = -1 ENOENT (No such file or directory)
19465 14:24:29.290215 close(4)          = 0
19465 14:24:29.290226 socket(PF_FILE, SOCK_STREAM, 0) = 4
19465 14:24:29.290236 fcntl64(4, F_SETFL, O_RDWR|O_NONBLOCK) = 0
19465 14:24:29.290246 connect(4, {sa_family=AF_FILE, path="/var/run/nscd/socket"}, 110) = -1 ENOENT (No such file or directory)
19465 14:24:29.290263 close(4)          = 0
19465 14:24:29.290286 open("/etc/group", O_RDONLY|0x80000 /* O_??? */) = 4
19465 14:24:29.290300 _llseek(4, 0, [0], SEEK_CUR) = 0
19465 14:24:29.290310 fstat64(4, {st_mode=S_IFREG|0644, st_size=886, ...}) = 0
19465 14:24:29.290326 mmap2(NULL, 886, PROT_READ, MAP_SHARED, 4, 0) = 0xb7f70000
19465 14:24:29.290336 _llseek(4, 886, [886], SEEK_SET) = 0
19465 14:24:29.290360 fstat64(4, {st_mode=S_IFREG|0644, st_size=886, ...}) = 0
19465 14:24:29.290376 munmap(0xb7f70000, 886) = 0
19465 14:24:29.290386 close(4)          = 0
19465 14:24:29.290395 setgroups32(13, [1000, 4, 20, 24, 25, 29, 30, 44, 46, 107, 111, 112, 119]) = 0
19465 14:24:29.290410 geteuid32()       = 0
19465 14:24:29.290421 getegid32()       = 0
19465 14:24:29.290431 setregid32(-1, 1000) = 0
19465 14:24:29.290441 setreuid32(-1, 1000) = 0
19465 14:24:29.290451 chdir("/home/msfadmin") = 0
19465 14:24:29.290463 setreuid32(-1, 0) = 0
19465 14:24:29.290471 setregid32(-1, 0) = 0
19465 14:24:29.290481 setgid32(1000)    = 0
19465 14:24:29.290491 setuid32(1000)    = 0
19465 14:24:29.290500 setrlimit(RLIMIT_NPROC, {rlim_cur=0, rlim_max=0}) = 0
19465 14:24:29.290513 mmap2(NULL, 12288, PROT_READ|PROT_WRITE, MAP_PRIVATE|MAP_ANONYMOUS, -1, 0) = 0xb7f6e000
19465 14:24:29.290524 mprotect(0xb7f70000, 4096, PROT_NONE) = 0
19465 14:24:29.290535 mprotect(0xb7f6e000, 4096, PROT_NONE) = 0
19465 14:24:29.290546 getcwd("/home/msfadmin", 4096) = 15
19465 14:24:29.290586 umask(022)        = 077
19465 14:24:29.290597 getcwd("/home/msfadmin", 4096) = 15
19465 14:24:29.290630 open(".message", O_RDONLY|O_NONBLOCK|O_LARGEFILE) = -1 ENOENT (No such file or directory)
19465 14:24:29.290652 write(0, "230 Login successful.\r\n", 23) = 23
19465 14:24:29.290713 rt_sigaction(SIGALRM, {0x805cad0, ~[RTMIN RT_1], 0}, NULL, 8) = 0
19465 14:24:29.290729 alarm(300)        = 0
19465 14:24:29.290740 mmap2(NULL, 12288, PROT_READ|PROT_WRITE, MAP_PRIVATE|MAP_ANONYMOUS, -1, 0) = 0xb7f6b000
19465 14:24:29.290751 mprotect(0xb7f6d000, 4096, PROT_NONE) = 0
19465 14:24:29.290762 mprotect(0xb7f6b000, 4096, PROT_NONE) = 0
19465 14:24:29.290774 recv(0, "TYPE I\r\n", 4096, MSG_PEEK) = 8
19465 14:24:29.290787 read(0, "TYPE I\r\n", 8) = 8
19465 14:24:29.290802 write(0, "200 Switching to Binary mode.\r\n", 31) = 31
19465 14:24:29.290839 rt_sigaction(SIGALRM, {0x805cad0, ~[RTMIN RT_1], 0}, NULL, 8) = 0
19465 14:24:29.290857 alarm(300)        = 300
19465 14:24:29.290868 recv(0, "PASV\r\n", 4096, MSG_PEEK) = 6
19465 14:24:29.290879 read(0, "PASV\r\n", 6) = 6
19465 14:24:29.290891 write(5, "\n", 1) = 1
19465 14:24:29.290901 read(5,  <unfinished ...>
19463 14:24:29.290913 close(5)          = 0
19463 14:24:29.290925 getuid32()        = 0
19463 14:24:29.290940 open("/etc/passwd", O_RDONLY|0x80000 /* O_??? */) = 5
19463 14:24:29.290954 _llseek(5, 0, [0], SEEK_CUR) = 0
19463 14:24:29.290966 fstat64(5, {st_mode=S_IFREG|0644, st_size=1624, ...}) = 0
19463 14:24:29.290983 mmap2(NULL, 1624, PROT_READ, MAP_SHARED, 5, 0) = 0xb7f70000
19463 14:24:29.290994 _llseek(5, 1624, [1624], SEEK_SET) = 0
19463 14:24:29.291010 munmap(0xb7f70000, 1624) = 0
19463 14:24:29.291022 close(5)          = 0
19463 14:24:29.291036 setgroups32(0, []) = 0
19463 14:24:29.291047 chdir("/usr/share/empty") = 0
19463 14:24:29.291059 chroot(".")       = 0
19463 14:24:29.291069 capset(NULL, NULL) = -1 EFAULT (Bad address)
19463 14:24:29.291082 prctl(0x8, 0, 0xbfecf168, 0x80549a6, 0xbfecf150) = 0
19463 14:24:29.291093 prctl(0x8, 0x1, 0xbfecf168, 0x8054a49, 0xbfecf150) = 0
19463 14:24:29.291102 setgid32(65534)   = 0
19463 14:24:29.291112 setuid32(65534)   = 0
19463 14:24:29.291121 capset(0x19980330, 0, {CAP_NET_BIND_SERVICE, CAP_NET_BIND_SERVICE, 0}) = 0
19463 14:24:29.291133 read(4, "\n", 1)  = 1
19463 14:24:29.291146 write(4, "\1", 1) = 1
19465 14:24:29.291157 <... read resumed> "\1", 1) = 1
19465 14:24:29.291164 write(5, "\f", 1) = 1
19465 14:24:29.291174 read(5,  <unfinished ...>
19463 14:24:29.291181 read(4, "\f", 1)  = 1
19463 14:24:29.291193 socket(PF_INET, SOCK_STREAM, IPPROTO_TCP) = 5
19463 14:24:29.291205 setsockopt(5, SOL_SOCKET, SO_REUSEADDR, [1], 4) = 0
19463 14:24:29.291216 gettimeofday({1495650269, 291220}, NULL) = 0
19463 14:24:29.291232 bind(5, {sa_family=AF_INET, sin_port=htons(46470), sin_addr=inet_addr("127.0.0.1")}, 16) = 0
19463 14:24:29.291246 listen(5, 1)      = 0
19463 14:24:29.291258 write(4, "\206\265\0\0", 4) = 4
19465 14:24:29.291269 <... read resumed> "\206\265\0\0", 4) = 4
19465 14:24:29.291282 write(0, "227 Entering Passive Mode (127,0,0,1,181,134).\r\n", 48) = 48
19465 14:24:29.291369 rt_sigaction(SIGALRM, {0x805cad0, ~[RTMIN RT_1], 0}, NULL, 8) = 0
19465 14:24:29.291385 alarm(300)        = 300
19465 14:24:29.291396 recv(0, "RETR myfile10\r\n", 4096, MSG_PEEK) = 15
19465 14:24:29.291408 read(0, "RETR myfile10\r\n", 15) = 15
19465 14:24:29.291422 write(5, "\v", 1) = 1
19465 14:24:29.291432 read(5,  <unfinished ...>
19463 14:24:29.291439 read(4, "\v", 1)  = 1
19463 14:24:29.291450 write(4, "\1\0\0\0", 4) = 4
19465 14:24:29.291460 <... read resumed> "\1\0\0\0", 4) = 4
19465 14:24:29.291468 gettimeofday({1495650269, 291472}, NULL) = 0
19465 14:24:29.291479 getcwd("/home/msfadmin", 4096) = 15
19465 14:24:29.291491 open("myfile10", O_RDONLY|O_NONBLOCK|O_LARGEFILE) = 4
19465 14:24:29.291503 fcntl64(4, F_SETLKW64, {type=F_RDLCK, whence=SEEK_SET, start=0, len=0}, 0xbfecf0d4) = 0
19465 14:24:29.291516 fstat64(4, {st_mode=S_IFREG|0644, st_size=17, ...}) = 0
19465 14:24:29.291562 fcntl64(4, F_GETFL) = 0x8800 (flags O_RDONLY|O_NONBLOCK|O_LARGEFILE)
19465 14:24:29.291573 fcntl64(4, F_SETFL, O_RDONLY|O_LARGEFILE) = 0
19465 14:24:29.291596 write(5, "\v", 1) = 1
19465 14:24:29.291617 read(5,  <unfinished ...>
19463 14:24:29.291634 read(4, "\v", 1)  = 1
19463 14:24:29.291654 write(4, "\1\0\0\0", 4) = 4
19465 14:24:29.291665 <... read resumed> "\1\0\0\0", 4) = 4
19465 14:24:29.291672 write(5, "\v", 1) = 1
19465 14:24:29.291682 read(5,  <unfinished ...>
19463 14:24:29.291688 read(4, "\v", 1)  = 1
19463 14:24:29.291698 write(4, "\1\0\0\0", 4) = 4
19465 14:24:29.291708 <... read resumed> "\1\0\0\0", 4) = 4
19465 14:24:29.291715 write(5, "\r", 1) = 1
19465 14:24:29.291725 read(5,  <unfinished ...>
19463 14:24:29.291731 read(4, "\r", 1)  = 1
19463 14:24:29.291743 select(6, [5], NULL, NULL, {60, 0}) = 1 (in [5], left {60, 0})
19463 14:24:29.291759 accept(5, {sa_family=AF_INET, sin_port=htons(37509), sin_addr=inet_addr("127.0.0.1")}, [16]) = 6
19463 14:24:29.291784 write(4, "\1", 1) = 1
19465 14:24:29.291795 <... read resumed> "\1", 1) = 1
19465 14:24:29.291804 recvmsg(5,  <unfinished ...>
19463 14:24:29.291813 sendmsg(4, {msg_name(0)=NULL, msg_iov(1)=[{"\0", 1}], msg_controllen=16, {cmsg_len=16, cmsg_level=SOL_SOCKET, cmsg_type=SCM_RIGHTS, {6}}, msg_flags=0}, 0) = 1
19465 14:24:29.291830 <... recvmsg resumed> {msg_name(0)=NULL, msg_iov(1)=[{"\0", 1}], msg_controllen=16, {cmsg_len=16, cmsg_level=SOL_SOCKET, cmsg_type=SCM_RIGHTS, {6}}, msg_flags=0}, 0) = 1
19465 14:24:29.291843 setsockopt(6, SOL_SOCKET, SO_KEEPALIVE, [1], 4) = 0
19465 14:24:29.291854 setsockopt(6, SOL_IP, IP_TOS, [8], 4) = 0
19465 14:24:29.291865 setsockopt(6, SOL_SOCKET, SO_LINGER, {onoff=1, linger=32767}, 8) = 0
19465 14:24:29.291876 rt_sigaction(SIGALRM, {0x805cad0, ~[RTMIN RT_1], 0}, NULL, 8) = 0
19465 14:24:29.291889 alarm(300)        = 300
19465 14:24:29.291903 write(0, "150 Opening BINARY mode data connection for myfile10 (17 bytes).\r\n", 66) = 66
19465 14:24:29.291944 _llseek(4, 0, [0], SEEK_CUR) = 0
19465 14:24:29.291956 fstat64(4, {st_mode=S_IFREG|0644, st_size=17, ...}) = 0
19465 14:24:29.291973 _llseek(4, 0, [0], SEEK_SET) = 0
19465 14:24:29.291985 sendfile(6, 4, NULL, 17) = 17
19465 14:24:29.292012 rt_sigaction(SIGALRM, {0x805cad0, ~[RTMIN RT_1], 0}, NULL, 8) = 0
19465 14:24:29.292026 alarm(300)        = 300
19465 14:24:29.292035 close(6)          = 0
19465 14:24:29.292044 alarm(0)          = 300
19465 14:24:29.292053 gettimeofday({1495650269, 292057}, NULL) = 0
19465 14:24:29.292070 getpid()          = 19465
19465 14:24:29.292081 gettimeofday({1495650269, 292085}, NULL) = 0
19465 14:24:29.292097 fcntl64(3, F_SETLKW64, {type=F_WRLCK, whence=SEEK_SET, start=0, len=0}, 0xbfecf074) = 0
19465 14:24:29.292111 write(3, "Wed May 24 14:24:29 2017 [pid 19465] [msfadmin] OK DOWNLOAD: Client \"127.0.0.1\", \"/home/msfadmin/myfile10\", 17 bytes, 27.08Kbyte/sec\n", 133) = 133
19465 14:24:29.292130 fcntl64(3, F_SETLK64, {type=F_UNLCK, whence=SEEK_SET, start=0, len=0}, 0xbfecf07c) = 0
19465 14:24:29.292143 write(0, "226 Transfer complete.\r\n", 24) = 24
19465 14:24:29.292158 write(5, "\n", 1) = 1
19465 14:24:29.292168 read(5,  <unfinished ...>
19463 14:24:29.292175 close(6)          = 0
19463 14:24:29.292244 read(4, "\n", 1)  = 1
19463 14:24:29.292257 close(5)          = 0
19463 14:24:29.292267 write(4, "\1", 1) = 1
19465 14:24:29.292278 <... read resumed> "\1", 1) = 1
19465 14:24:29.292285 close(4)          = 0
19465 14:24:29.292295 rt_sigaction(SIGALRM, {0x805cad0, ~[RTMIN RT_1], 0}, NULL, 8) = 0
19465 14:24:29.292308 alarm(300)        = 0
19465 14:24:29.292319 recv(0,  <unfinished ...>
19463 14:24:29.292326 read(4,  <unfinished ...>
19465 14:24:29.807705 <... recv resumed> "USER msfadmin\r\n", 4096, MSG_PEEK) = 15
19465 14:24:29.807834 read(0, "USER msfadmin\r\n", 15) = 15
19465 14:24:29.807942 write(0, "331 Any password will do.\r\n", 27) = 27
19465 14:24:29.808038 rt_sigaction(SIGALRM, {0x805cad0, ~[RTMIN RT_1], 0}, NULL, 8) = 0
19465 14:24:29.808072 alarm(300)        = 299
19465 14:24:29.808098 recv(0, "PASS msfadmin\r\n", 4096, MSG_PEEK) = 15
19465 14:24:29.808116 read(0, "PASS msfadmin\r\n", 15) = 15
19465 14:24:29.808132 write(0, "230 Already logged in.\r\n", 24) = 24
19465 14:24:29.808193 rt_sigaction(SIGALRM, {0x805cad0, ~[RTMIN RT_1], 0}, NULL, 8) = 0
19465 14:24:29.808209 alarm(300)        = 300
19465 14:24:29.808220 recv(0, "TYPE I\r\n", 4096, MSG_PEEK) = 8
19465 14:24:29.808231 read(0, "TYPE I\r\n", 8) = 8
19465 14:24:29.808245 write(0, "200 Switching to Binary mode.\r\n", 31) = 31
19465 14:24:29.808281 rt_sigaction(SIGALRM, {0x805cad0, ~[RTMIN RT_1], 0}, NULL, 8) = 0
19465 14:24:29.808295 alarm(300)        = 300
19465 14:24:29.808306 recv(0, "PASV\r\n", 4096, MSG_PEEK) = 6
19465 14:24:29.808317 read(0, "PASV\r\n", 6) = 6
19465 14:24:29.808329 write(5, "\n", 1) = 1
19465 14:24:29.808341 read(5,  <unfinished ...>
19463 14:24:29.808350 <... read resumed> "\n", 1) = 1
19463 14:24:29.808359 write(4, "\1", 1) = 1
19465 14:24:29.808370 <... read resumed> "\1", 1) = 1
19465 14:24:29.808377 write(5, "\f", 1) = 1
19465 14:24:29.808394 read(5,  <unfinished ...>
19463 14:24:29.808401 read(4, "\f", 1)  = 1
19463 14:24:29.808413 socket(PF_INET, SOCK_STREAM, IPPROTO_TCP) = 5
19463 14:24:29.808428 setsockopt(5, SOL_SOCKET, SO_REUSEADDR, [1], 4) = 0
19463 14:24:29.808443 bind(5, {sa_family=AF_INET, sin_port=htons(58770), sin_addr=inet_addr("127.0.0.1")}, 16) = 0
19463 14:24:29.808460 listen(5, 1)      = 0
19463 14:24:29.808473 write(4, "\222\345\0\0", 4) = 4
19465 14:24:29.808484 <... read resumed> "\222\345\0\0", 4) = 4
19465 14:24:29.808496 write(0, "227 Entering Passive Mode (127,0,0,1,229,146).\r\n", 48) = 48
19465 14:24:29.808608 rt_sigaction(SIGALRM, {0x805cad0, ~[RTMIN RT_1], 0}, NULL, 8) = 0
19465 14:24:29.808624 alarm(300)        = 300
19465 14:24:29.808656 recv(0, "RETR myfile11\r\n", 4096, MSG_PEEK) = 15
19465 14:24:29.808672 read(0, "RETR myfile11\r\n", 15) = 15
19465 14:24:29.808695 write(5, "\v", 1) = 1
19465 14:24:29.808706 read(5,  <unfinished ...>
19463 14:24:29.808713 read(4, "\v", 1)  = 1
19463 14:24:29.808724 write(4, "\1\0\0\0", 4) = 4
19465 14:24:29.808734 <... read resumed> "\1\0\0\0", 4) = 4
19465 14:24:29.808742 gettimeofday({1495650269, 808746}, NULL) = 0
19465 14:24:29.808753 getcwd("/home/msfadmin", 4096) = 15
19465 14:24:29.808766 open("myfile11", O_RDONLY|O_NONBLOCK|O_LARGEFILE) = 4
19465 14:24:29.808780 fcntl64(4, F_SETLKW64, {type=F_RDLCK, whence=SEEK_SET, start=0, len=0}, 0xbfecf0d4) = 0
19465 14:24:29.808795 fstat64(4, {st_mode=S_IFREG|0644, st_size=17, ...}) = 0
19465 14:24:29.808812 fcntl64(4, F_GETFL) = 0x8800 (flags O_RDONLY|O_NONBLOCK|O_LARGEFILE)
19465 14:24:29.808823 fcntl64(4, F_SETFL, O_RDONLY|O_LARGEFILE) = 0
19465 14:24:29.808835 write(5, "\v", 1) = 1
19465 14:24:29.808845 read(5,  <unfinished ...>
19463 14:24:29.808852 read(4, "\v", 1)  = 1
19463 14:24:29.808863 write(4, "\1\0\0\0", 4) = 4
19465 14:24:29.808873 <... read resumed> "\1\0\0\0", 4) = 4
19465 14:24:29.808881 write(5, "\v", 1) = 1
19465 14:24:29.808891 read(5,  <unfinished ...>
19463 14:24:29.808897 read(4, "\v", 1)  = 1
19463 14:24:29.808908 write(4, "\1\0\0\0", 4) = 4
19465 14:24:29.808918 <... read resumed> "\1\0\0\0", 4) = 4
19465 14:24:29.808925 write(5, "\r", 1) = 1
19465 14:24:29.808935 read(5,  <unfinished ...>
19463 14:24:29.808941 read(4, "\r", 1)  = 1
19463 14:24:29.808953 select(6, [5], NULL, NULL, {60, 0}) = 1 (in [5], left {60, 0})
19463 14:24:29.808969 accept(5, {sa_family=AF_INET, sin_port=htons(47732), sin_addr=inet_addr("127.0.0.1")}, [16]) = 6
19463 14:24:29.808991 write(4, "\1", 1) = 1
19465 14:24:29.809002 <... read resumed> "\1", 1) = 1
19465 14:24:29.809010 recvmsg(5,  <unfinished ...>
19463 14:24:29.809019 sendmsg(4, {msg_name(0)=NULL, msg_iov(1)=[{"\0", 1}], msg_controllen=16, {cmsg_len=16, cmsg_level=SOL_SOCKET, cmsg_type=SCM_RIGHTS, {6}}, msg_flags=0}, 0) = 1
19465 14:24:29.809036 <... recvmsg resumed> {msg_name(0)=NULL, msg_iov(1)=[{"\0", 1}], msg_controllen=16, {cmsg_len=16, cmsg_level=SOL_SOCKET, cmsg_type=SCM_RIGHTS, {6}}, msg_flags=0}, 0) = 1
19465 14:24:29.809049 setsockopt(6, SOL_SOCKET, SO_KEEPALIVE, [1], 4) = 0
19465 14:24:29.809062 setsockopt(6, SOL_IP, IP_TOS, [8], 4) = 0
19465 14:24:29.809073 setsockopt(6, SOL_SOCKET, SO_LINGER, {onoff=1, linger=32767}, 8) = 0
19465 14:24:29.809084 rt_sigaction(SIGALRM, {0x805cad0, ~[RTMIN RT_1], 0}, NULL, 8) = 0
19465 14:24:29.809098 alarm(300)        = 300
19465 14:24:29.809111 write(0, "150 Opening BINARY mode data connection for myfile11 (17 bytes).\r\n", 66) = 66
19465 14:24:29.809151 _llseek(4, 0, [0], SEEK_CUR) = 0
19465 14:24:29.809164 fstat64(4, {st_mode=S_IFREG|0644, st_size=17, ...}) = 0
19465 14:24:29.809181 _llseek(4, 0, [0], SEEK_SET) = 0
19465 14:24:29.809191 sendfile(6, 4, NULL, 17) = 17
19465 14:24:29.809220 rt_sigaction(SIGALRM, {0x805cad0, ~[RTMIN RT_1], 0}, NULL, 8) = 0
19465 14:24:29.809234 alarm(300)        = 300
19465 14:24:29.809244 close(6)          = 0
19465 14:24:29.809253 alarm(0)          = 300
19465 14:24:29.809263 gettimeofday({1495650269, 809266}, NULL) = 0
19465 14:24:29.809278 gettimeofday({1495650269, 809282}, NULL) = 0
19465 14:24:29.809296 fcntl64(3, F_SETLKW64, {type=F_WRLCK, whence=SEEK_SET, start=0, len=0}, 0xbfecf074) = 0
19465 14:24:29.809310 write(3, "Wed May 24 14:24:29 2017 [pid 19465] [msfadmin] OK DOWNLOAD: Client \"127.0.0.1\", \"/home/msfadmin/myfile11\", 17 bytes, 30.97Kbyte/sec\n", 133) = 133
19465 14:24:29.809331 fcntl64(3, F_SETLK64, {type=F_UNLCK, whence=SEEK_SET, start=0, len=0}, 0xbfecf07c) = 0
19465 14:24:29.809345 write(0, "226 Transfer complete.\r\n", 24) = 24
19465 14:24:29.809360 write(5, "\n", 1) = 1
19465 14:24:29.809371 read(5,  <unfinished ...>
19463 14:24:29.809378 close(6)          = 0
19463 14:24:29.809458 read(4, "\n", 1)  = 1
19463 14:24:29.809472 close(5)          = 0
19463 14:24:29.809483 write(4, "\1", 1) = 1
19465 14:24:29.809494 <... read resumed> "\1", 1) = 1
19465 14:24:29.809501 close(4)          = 0
19465 14:24:29.809511 rt_sigaction(SIGALRM, {0x805cad0, ~[RTMIN RT_1], 0}, NULL, 8) = 0
19465 14:24:29.809525 alarm(300)        = 0
19465 14:24:29.809536 recv(0,  <unfinished ...>
19463 14:24:29.809543 read(4,  <unfinished ...>
19457 14:24:29.837290 <... recv resumed> "TYPE I\r\n", 4096, MSG_PEEK) = 8
19457 14:24:29.837322 read(0, "TYPE I\r\n", 8) = 8
19457 14:24:29.837344 write(0, "200 Switching to Binary mode.\r\n", 31) = 31
19457 14:24:29.837395 rt_sigaction(SIGALRM, {0x805cad0, ~[RTMIN RT_1], 0}, NULL, 8) = 0
19457 14:24:29.837413 alarm(300)        = 299
19457 14:24:29.837426 recv(0, "PASV\r\n", 4096, MSG_PEEK) = 6
19457 14:24:29.837442 read(0, "PASV\r\n", 6) = 6
19457 14:24:29.837454 write(5, "\n", 1 <unfinished ...>
19455 14:24:29.837466 <... read resumed> "\n", 1) = 1
19457 14:24:29.837471 <... write resumed> ) = 1
19455 14:24:29.837479 write(4, "\1", 1 <unfinished ...>
19457 14:24:29.837485 read(5,  <unfinished ...>
19455 14:24:29.837491 <... write resumed> ) = 1
19457 14:24:29.837496 <... read resumed> "\1", 1) = 1
19455 14:24:29.837504 read(4,  <unfinished ...>
19457 14:24:29.837508 write(5, "\f", 1 <unfinished ...>
19455 14:24:29.837515 <... read resumed> "\f", 1) = 1
19457 14:24:29.837520 <... write resumed> ) = 1
19455 14:24:29.837528 socket(PF_INET, SOCK_STREAM, IPPROTO_TCP <unfinished ...>
19457 14:24:29.837534 read(5,  <unfinished ...>
19455 14:24:29.837543 <... socket resumed> ) = 5
19455 14:24:29.837551 setsockopt(5, SOL_SOCKET, SO_REUSEADDR, [1], 4) = 0
19455 14:24:29.837566 bind(5, {sa_family=AF_INET, sin_port=htons(33325), sin_addr=inet_addr("127.0.0.1")}, 16) = 0
19455 14:24:29.837583 listen(5, 1)      = 0
19455 14:24:29.837597 write(4, "-\202\0\0", 4 <unfinished ...>
19457 14:24:29.837606 <... read resumed> "-\202\0\0", 4) = 4
19455 14:24:29.837612 <... write resumed> ) = 4
19457 14:24:29.837624 write(0, "227 Entering Passive Mode (127,0,0,1,130,45).\r\n", 47 <unfinished ...>
19455 14:24:29.837632 read(4,  <unfinished ...>
19457 14:24:29.837743 <... write resumed> ) = 47
19457 14:24:29.837755 rt_sigaction(SIGALRM, {0x805cad0, ~[RTMIN RT_1], 0}, NULL, 8) = 0
19457 14:24:29.837771 alarm(300)        = 300
19457 14:24:29.837782 recv(0, "STOR myfile19\r\n", 4096, MSG_PEEK) = 15
19457 14:24:29.837794 read(0, "STOR myfile19\r\n", 15) = 15
19457 14:24:29.837809 write(5, "\v", 1 <unfinished ...>
19455 14:24:29.837816 <... read resumed> "\v", 1) = 1
19457 14:24:29.837821 <... write resumed> ) = 1
19455 14:24:29.837829 write(4, "\1\0\0\0", 4 <unfinished ...>
19457 14:24:29.837834 read(5,  <unfinished ...>
19455 14:24:29.837841 <... write resumed> ) = 4
19457 14:24:29.837845 <... read resumed> "\1\0\0\0", 4) = 4
19455 14:24:29.837854 read(4,  <unfinished ...>
19457 14:24:29.837858 gettimeofday({1495650269, 837862}, NULL) = 0
19457 14:24:29.837870 getcwd("/home/msfadmin", 4096) = 15
19457 14:24:29.837883 open("myfile19", O_WRONLY|O_CREAT|O_NONBLOCK|O_LARGEFILE, 0666) = 4
19457 14:24:29.837897 fstat64(4, {st_mode=S_IFREG|0644, st_size=17, ...}) = 0
19457 14:24:29.837915 fcntl64(4, F_GETFL) = 0x8801 (flags O_WRONLY|O_NONBLOCK|O_LARGEFILE)
19457 14:24:29.837927 fcntl64(4, F_SETFL, O_WRONLY|O_LARGEFILE) = 0
19457 14:24:29.837937 fcntl64(4, F_SETLKW64, {type=F_WRLCK, whence=SEEK_SET, start=0, len=0}, 0xbff68954) = 0
19457 14:24:29.837960 ftruncate64(4, 0) = 0
19457 14:24:29.837979 _llseek(4, 0, [0], SEEK_SET) = 0
19457 14:24:29.837990 write(5, "\v", 1 <unfinished ...>
19455 14:24:29.837998 <... read resumed> "\v", 1) = 1
19457 14:24:29.838003 <... write resumed> ) = 1
19455 14:24:29.838010 write(4, "\1\0\0\0", 4 <unfinished ...>
19457 14:24:29.838016 read(5,  <unfinished ...>
19455 14:24:29.838022 <... write resumed> ) = 4
19457 14:24:29.838026 <... read resumed> "\1\0\0\0", 4) = 4
19455 14:24:29.838034 read(4,  <unfinished ...>
19457 14:24:29.838039 write(5, "\v", 1 <unfinished ...>
19455 14:24:29.838046 <... read resumed> "\v", 1) = 1
19457 14:24:29.838051 <... write resumed> ) = 1
19455 14:24:29.838057 write(4, "\1\0\0\0", 4 <unfinished ...>
19457 14:24:29.838063 read(5,  <unfinished ...>
19455 14:24:29.838069 <... write resumed> ) = 4
19457 14:24:29.838081 <... read resumed> "\1\0\0\0", 4) = 4
19455 14:24:29.838091 read(4,  <unfinished ...>
19457 14:24:29.838096 write(5, "\r", 1 <unfinished ...>
19455 14:24:29.838104 <... read resumed> "\r", 1) = 1
19457 14:24:29.838108 <... write resumed> ) = 1
19455 14:24:29.838116 select(6, [5], NULL, NULL, {60, 0} <unfinished ...>
19457 14:24:29.838123 read(5,  <unfinished ...>
19455 14:24:29.838130 <... select resumed> ) = 1 (in [5], left {60, 0})
19455 14:24:29.838140 accept(5, {sa_family=AF_INET, sin_port=htons(44322), sin_addr=inet_addr("127.0.0.1")}, [16]) = 6
19455 14:24:29.838162 write(4, "\1", 1 <unfinished ...>
19457 14:24:29.838171 <... read resumed> "\1", 1) = 1
19455 14:24:29.838176 <... write resumed> ) = 1
19457 14:24:29.838184 recvmsg(5,  <unfinished ...>
19455 14:24:29.838190 sendmsg(4, {msg_name(0)=NULL, msg_iov(1)=[{"\0", 1}], msg_controllen=16, {cmsg_len=16, cmsg_level=SOL_SOCKET, cmsg_type=SCM_RIGHTS, {6}}, msg_flags=0}, 0 <unfinished ...>
19457 14:24:29.838205 <... recvmsg resumed> {msg_name(0)=NULL, msg_iov(1)=[{"\0", 1}], msg_controllen=16, {cmsg_len=16, cmsg_level=SOL_SOCKET, cmsg_type=SCM_RIGHTS, {6}}, msg_flags=0}, 0) = 1
19455 14:24:29.838215 <... sendmsg resumed> ) = 1
19457 14:24:29.838223 setsockopt(6, SOL_SOCKET, SO_KEEPALIVE, [1], 4 <unfinished ...>
19455 14:24:29.838228 close(6 <unfinished ...>
19457 14:24:29.838235 <... setsockopt resumed> ) = 0
19455 14:24:29.838239 <... close resumed> ) = 0
19457 14:24:29.838247 setsockopt(6, SOL_IP, IP_TOS, [8], 4 <unfinished ...>
19455 14:24:29.838253 read(4,  <unfinished ...>
19457 14:24:29.838259 <... setsockopt resumed> ) = 0
19457 14:24:29.838267 setsockopt(6, SOL_SOCKET, SO_LINGER, {onoff=1, linger=32767}, 8) = 0
19457 14:24:29.838278 rt_sigaction(SIGALRM, {0x805cad0, ~[RTMIN RT_1], 0}, NULL, 8) = 0
19457 14:24:29.838292 alarm(300)        = 300
19457 14:24:29.838305 write(0, "150 Ok to send data.\r\n", 22) = 22
19457 14:24:29.838373 read(6, "assasaaa\na\na\na\na\n", 65536) = 17
19457 14:24:29.838387 write(4, "assasaaa\na\na\na\na\n", 17) = 17
19457 14:24:29.838404 read(6, "", 65536) = 0
19457 14:24:29.838414 rt_sigaction(SIGALRM, {0x805cad0, ~[RTMIN RT_1], 0}, NULL, 8) = 0
19457 14:24:29.838428 alarm(300)        = 300
19457 14:24:29.838438 close(6)          = 0
19457 14:24:29.838455 alarm(0)          = 300
19457 14:24:29.838465 gettimeofday({1495650269, 838469}, NULL) = 0
19457 14:24:29.838481 gettimeofday({1495650269, 838485}, NULL) = 0
19457 14:24:29.838496 fcntl64(3, F_SETLKW64, {type=F_WRLCK, whence=SEEK_SET, start=0, len=0}, 0xbff688f4) = 0
19457 14:24:29.838511 write(3, "Wed May 24 14:24:29 2017 [pid 19457] [msfadmin] OK UPLOAD: Client \"127.0.0.1\", \"/home/msfadmin/myfile19\", 17 bytes, 26.65Kbyte/sec\n", 131) = 131
19457 14:24:29.838532 fcntl64(3, F_SETLK64, {type=F_UNLCK, whence=SEEK_SET, start=0, len=0}, 0xbff688fc) = 0
19457 14:24:29.838547 write(0, "226 Transfer complete.\r\n", 24) = 24
19457 14:24:29.838591 write(5, "\n", 1 <unfinished ...>
19455 14:24:29.838601 <... read resumed> "\n", 1) = 1
19457 14:24:29.838605 <... write resumed> ) = 1
19455 14:24:29.838611 close(5)          = 0
19455 14:24:29.838623 write(4, "\1", 1) = 1
19455 14:24:29.838634 read(4,  <unfinished ...>
19457 14:24:29.838645 read(5, "\1", 1)  = 1
19457 14:24:29.838657 close(4)          = 0
19457 14:24:29.838668 rt_sigaction(SIGALRM, {0x805cad0, ~[RTMIN RT_1], 0}, NULL, 8) = 0
19457 14:24:29.838681 alarm(300)        = 0
19457 14:24:29.838692 recv(0, "TYPE I\r\n", 4096, MSG_PEEK) = 8
19457 14:24:30.388404 read(0, "TYPE I\r\n", 8) = 8
19457 14:24:30.388613 write(0, "200 Switching to Binary mode.\r\n", 31) = 31
19457 14:24:30.388758 rt_sigaction(SIGALRM, {0x805cad0, ~[RTMIN RT_1], 0}, NULL, 8) = 0
19457 14:24:30.388801 alarm(300)        = 299
19457 14:24:30.388832 recv(0, "PASV\r\n", 4096, MSG_PEEK) = 6
19457 14:24:30.388854 read(0, "PASV\r\n", 6) = 6
19457 14:24:30.388871 write(5, "\n", 1 <unfinished ...>
19455 14:24:30.388883 <... read resumed> "\n", 1) = 1
19457 14:24:30.388888 <... write resumed> ) = 1
19455 14:24:30.388895 write(4, "\1", 1) = 1
19455 14:24:30.388906 read(4,  <unfinished ...>
19457 14:24:30.388913 read(5, "\1", 1)  = 1
19457 14:24:30.388925 write(5, "\f", 1 <unfinished ...>
19455 14:24:30.388932 <... read resumed> "\f", 1) = 1
19457 14:24:30.388936 <... write resumed> ) = 1
19455 14:24:30.388943 socket(PF_INET, SOCK_STREAM, IPPROTO_TCP) = 5
19455 14:24:30.388959 setsockopt(5, SOL_SOCKET, SO_REUSEADDR, [1], 4) = 0
19455 14:24:30.388974 bind(5, {sa_family=AF_INET, sin_port=htons(5017), sin_addr=inet_addr("127.0.0.1")}, 16) = 0
19455 14:24:30.388990 listen(5, 1)      = 0
19455 14:24:30.389004 write(4, "\231\23\0\0", 4) = 4
19455 14:24:30.389015 read(4,  <unfinished ...>
19457 14:24:30.389022 read(5, "\231\23\0\0", 4) = 4
19457 14:24:30.389038 write(0, "227 Entering Passive Mode (127,0,0,1,19,153).\r\n", 47) = 47
19457 14:24:30.389152 rt_sigaction(SIGALRM, {0x805cad0, ~[RTMIN RT_1], 0}, NULL, 8) = 0
19457 14:24:30.389169 alarm(300)        = 300
19457 14:24:30.389181 recv(0, "STOR myfile20\r\n", 4096, MSG_PEEK) = 15
19457 14:24:30.389193 read(0, "STOR myfile20\r\n", 15) = 15
19457 14:24:30.389207 write(5, "\v", 1 <unfinished ...>
19455 14:24:30.389214 <... read resumed> "\v", 1) = 1
19457 14:24:30.389219 <... write resumed> ) = 1
19455 14:24:30.389225 write(4, "\1\0\0\0", 4) = 4
19455 14:24:30.389236 read(4,  <unfinished ...>
19457 14:24:30.389243 read(5, "\1\0\0\0", 4) = 4
19457 14:24:30.389256 gettimeofday({1495650270, 389260}, NULL) = 0
19457 14:24:30.389267 getcwd("/home/msfadmin", 4096) = 15
19457 14:24:30.389279 open("myfile20", O_WRONLY|O_CREAT|O_NONBLOCK|O_LARGEFILE, 0666) = 4
19457 14:24:30.389294 fstat64(4, {st_mode=S_IFREG|0644, st_size=17, ...}) = 0
19457 14:24:30.389311 fcntl64(4, F_GETFL) = 0x8801 (flags O_WRONLY|O_NONBLOCK|O_LARGEFILE)
19457 14:24:30.389323 fcntl64(4, F_SETFL, O_WRONLY|O_LARGEFILE) = 0
19457 14:24:30.389360 fcntl64(4, F_SETLKW64, {type=F_WRLCK, whence=SEEK_SET, start=0, len=0}, 0xbff68954) = 0
19457 14:24:30.389389 ftruncate64(4, 0) = 0
19457 14:24:30.389407 _llseek(4, 0, [0], SEEK_SET) = 0
19457 14:24:30.389419 write(5, "\v", 1 <unfinished ...>
19455 14:24:30.389427 <... read resumed> "\v", 1) = 1
19457 14:24:30.389431 <... write resumed> ) = 1
19455 14:24:30.389437 write(4, "\1\0\0\0", 4) = 4
19455 14:24:30.389448 read(4,  <unfinished ...>
19457 14:24:30.389455 read(5, "\1\0\0\0", 4) = 4
19457 14:24:30.389466 write(5, "\v", 1 <unfinished ...>
19455 14:24:30.389473 <... read resumed> "\v", 1) = 1
19457 14:24:30.389477 <... write resumed> ) = 1
19455 14:24:30.389483 write(4, "\1\0\0\0", 4) = 4
19455 14:24:30.389493 read(4,  <unfinished ...>
19457 14:24:30.389500 read(5, "\1\0\0\0", 4) = 4
19457 14:24:30.389511 write(5, "\r", 1 <unfinished ...>
19455 14:24:30.389518 <... read resumed> "\r", 1) = 1
19457 14:24:30.389522 <... write resumed> ) = 1
19455 14:24:30.389529 select(6, [5], NULL, NULL, {60, 0}) = 1 (in [5], left {60, 0})
19455 14:24:30.389545 accept(5, {sa_family=AF_INET, sin_port=htons(54483), sin_addr=inet_addr("127.0.0.1")}, [16]) = 6
19455 14:24:30.389567 write(4, "\1", 1) = 1
19455 14:24:30.389579 sendmsg(4, {msg_name(0)=NULL, msg_iov(1)=[{"\0", 1}], msg_controllen=16, {cmsg_len=16, cmsg_level=SOL_SOCKET, cmsg_type=SCM_RIGHTS, {6}}, msg_flags=0}, 0) = 1
19455 14:24:30.389602 close(6)          = 0
19455 14:24:30.389612 read(4,  <unfinished ...>
19457 14:24:30.389619 read(5, "\1", 1)  = 1
19457 14:24:30.389632 recvmsg(5, {msg_name(0)=NULL, msg_iov(1)=[{"\0", 1}], msg_controllen=16, {cmsg_len=16, cmsg_level=SOL_SOCKET, cmsg_type=SCM_RIGHTS, {6}}, msg_flags=0}, 0) = 1
19457 14:24:30.389650 setsockopt(6, SOL_SOCKET, SO_KEEPALIVE, [1], 4) = 0
19457 14:24:30.389662 setsockopt(6, SOL_IP, IP_TOS, [8], 4) = 0
19457 14:24:30.389674 setsockopt(6, SOL_SOCKET, SO_LINGER, {onoff=1, linger=32767}, 8) = 0
19457 14:24:30.389685 rt_sigaction(SIGALRM, {0x805cad0, ~[RTMIN RT_1], 0}, NULL, 8) = 0
19457 14:24:30.389699 alarm(300)        = 300
19457 14:24:30.389711 write(0, "150 Ok to send data.\r\n", 22) = 22
19457 14:24:30.389779 read(6, "assasaaa\na\na\na\na\n", 65536) = 17
19457 14:24:30.389793 write(4, "assasaaa\na\na\na\na\n", 17) = 17
19457 14:24:30.389809 read(6, "", 65536) = 0
19457 14:24:30.389819 rt_sigaction(SIGALRM, {0x805cad0, ~[RTMIN RT_1], 0}, NULL, 8) = 0
19457 14:24:30.389833 alarm(300)        = 300
19457 14:24:30.389842 close(6)          = 0
19457 14:24:30.389859 alarm(0)          = 300
19457 14:24:30.389868 gettimeofday({1495650270, 389872}, NULL) = 0
19457 14:24:30.389884 gettimeofday({1495650270, 389887}, NULL) = 0
19457 14:24:30.389898 fcntl64(3, F_SETLKW64, {type=F_WRLCK, whence=SEEK_SET, start=0, len=0}, 0xbff688f4) = 0
19457 14:24:30.389912 write(3, "Wed May 24 14:24:30 2017 [pid 19457] [msfadmin] OK UPLOAD: Client \"127.0.0.1\", \"/home/msfadmin/myfile20\", 17 bytes, 26.48Kbyte/sec\n", 131) = 131
19457 14:24:30.389933 fcntl64(3, F_SETLK64, {type=F_UNLCK, whence=SEEK_SET, start=0, len=0}, 0xbff688fc) = 0
19457 14:24:30.389948 write(0, "226 Transfer complete.\r\n", 24) = 24
19457 14:24:30.389990 write(5, "\n", 1 <unfinished ...>
19455 14:24:30.390000 <... read resumed> "\n", 1) = 1
19457 14:24:30.390004 <... write resumed> ) = 1
19455 14:24:30.390010 close(5)          = 0
19455 14:24:30.390022 write(4, "\1", 1) = 1
19455 14:24:30.390032 read(4,  <unfinished ...>
19457 14:24:30.390039 read(5, "\1", 1)  = 1
19457 14:24:30.390050 close(4)          = 0
19457 14:24:30.390061 rt_sigaction(SIGALRM, {0x805cad0, ~[RTMIN RT_1], 0}, NULL, 8) = 0
19457 14:24:30.390074 alarm(300)        = 0
19457 14:24:30.390085 recv(0,  <unfinished ...>
19465 14:24:30.397338 <... recv resumed> "USER msfadmin\r\n", 4096, MSG_PEEK) = 15
19465 14:24:30.397378 read(0, "USER msfadmin\r\n", 15) = 15
19465 14:24:30.397403 write(0, "331 Any password will do.\r\n", 27) = 27
19465 14:24:30.397449 rt_sigaction(SIGALRM, {0x805cad0, ~[RTMIN RT_1], 0}, NULL, 8) = 0
19465 14:24:30.397467 alarm(300)        = 299
19465 14:24:30.397480 recv(0, "PASS msfadmin\r\n", 4096, MSG_PEEK) = 15
19465 14:24:30.397491 read(0, "PASS msfadmin\r\n", 15) = 15
19465 14:24:30.397507 write(0, "230 Already logged in.\r\n", 24) = 24
19465 14:24:30.397569 rt_sigaction(SIGALRM, {0x805cad0, ~[RTMIN RT_1], 0}, NULL, 8) = 0
19465 14:24:30.397585 alarm(300)        = 300
19465 14:24:30.397596 recv(0, "TYPE I\r\n", 4096, MSG_PEEK) = 8
19465 14:24:30.397607 read(0, "TYPE I\r\n", 8) = 8
19465 14:24:30.397621 write(0, "200 Switching to Binary mode.\r\n", 31) = 31
19465 14:24:30.397657 rt_sigaction(SIGALRM, {0x805cad0, ~[RTMIN RT_1], 0}, NULL, 8) = 0
19465 14:24:30.397671 alarm(300)        = 300
19465 14:24:30.397682 recv(0, "PASV\r\n", 4096, MSG_PEEK) = 6
19465 14:24:30.397693 read(0, "PASV\r\n", 6) = 6
19465 14:24:30.397704 write(5, "\n", 1) = 1
19465 14:24:30.397717 read(5,  <unfinished ...>
19463 14:24:30.397726 <... read resumed> "\n", 1) = 1
19463 14:24:30.397735 write(4, "\1", 1) = 1
19465 14:24:30.397746 <... read resumed> "\1", 1) = 1
19465 14:24:30.397753 write(5, "\f", 1) = 1
19465 14:24:30.397763 read(5,  <unfinished ...>
19463 14:24:30.397769 read(4, "\f", 1)  = 1
19463 14:24:30.397781 socket(PF_INET, SOCK_STREAM, IPPROTO_TCP) = 5
19463 14:24:30.397797 setsockopt(5, SOL_SOCKET, SO_REUSEADDR, [1], 4) = 0
19463 14:24:30.397811 bind(5, {sa_family=AF_INET, sin_port=htons(8589), sin_addr=inet_addr("127.0.0.1")}, 16) = 0
19463 14:24:30.397828 listen(5, 1)      = 0
19463 14:24:30.397848 write(4, "\215!\0\0", 4) = 4
19465 14:24:30.397859 <... read resumed> "\215!\0\0", 4) = 4
19465 14:24:30.397872 write(0, "227 Entering Passive Mode (127,0,0,1,33,141).\r\n", 47) = 47
19465 14:24:30.397984 rt_sigaction(SIGALRM, {0x805cad0, ~[RTMIN RT_1], 0}, NULL, 8) = 0
19465 14:24:30.398001 alarm(300)        = 300
19465 14:24:30.398012 recv(0, "RETR myfile12\r\n", 4096, MSG_PEEK) = 15
19465 14:24:30.398024 read(0, "RETR myfile12\r\n", 15) = 15
19465 14:24:30.398037 write(5, "\v", 1) = 1
19465 14:24:30.398047 read(5,  <unfinished ...>
19463 14:24:30.398073 read(4, "\v", 1)  = 1
19463 14:24:30.398087 write(4, "\1\0\0\0", 4) = 4
