17466 14:04:11.262961 mmap2(NULL, 1624, PROT_READ, MAP_SHARED, 5, 0) = 0xb7f16000
17466 14:04:11.262976 _llseek(5, 1624, [1624], SEEK_SET) = 0
17466 14:04:11.263003 munmap(0xb7f16000, 1624) = 0
17466 14:04:11.263017 close(5)          = 0
17466 14:04:11.263051 open("/etc/shadow", O_RDONLY|0x80000 /* O_??? */) = 5
17466 14:04:11.263073 _llseek(5, 0, [0], SEEK_CUR) = 0
17466 14:04:11.263088 fstat64(5, {st_mode=S_IFREG|0640, st_size=1233, ...}) = 0
17466 14:04:11.263110 mmap2(NULL, 1233, PROT_READ, MAP_SHARED, 5, 0) = 0xb7f16000
17466 14:04:11.263124 _llseek(5, 1233, [1233], SEEK_SET) = 0
17466 14:04:11.263151 munmap(0xb7f16000, 1233) = 0
17466 14:04:11.263164 close(5)          = 0
17466 14:04:11.263188 open("/etc/passwd", O_RDONLY|0x80000 /* O_??? */) = 5
17466 14:04:11.263205 _llseek(5, 0, [0], SEEK_CUR) = 0
17466 14:04:11.263219 fstat64(5, {st_mode=S_IFREG|0644, st_size=1624, ...}) = 0
17466 14:04:11.263240 mmap2(NULL, 1624, PROT_READ, MAP_SHARED, 5, 0) = 0xb7f16000
17466 14:04:11.263254 _llseek(5, 1624, [1624], SEEK_SET) = 0
17466 14:04:11.263299 munmap(0xb7f16000, 1624) = 0
17466 14:04:11.263325 close(5)          = 0
17466 14:04:11.263342 open("/etc/shadow", O_RDONLY|0x80000 /* O_??? */) = 5
17466 14:04:11.263359 _llseek(5, 0, [0], SEEK_CUR) = 0
17466 14:04:11.263373 fstat64(5, {st_mode=S_IFREG|0640, st_size=1233, ...}) = 0
17466 14:04:11.263394 mmap2(NULL, 1233, PROT_READ, MAP_SHARED, 5, 0) = 0xb7f16000
17466 14:04:11.263408 _llseek(5, 1233, [1233], SEEK_SET) = 0
17466 14:04:11.263432 munmap(0xb7f16000, 1233) = 0
17466 14:04:11.263444 close(5)          = 0
17466 14:04:11.263766 getuid32()        = 0
17466 14:04:11.263785 open("/etc/passwd", O_RDONLY|0x80000 /* O_??? */) = 5
17466 14:04:11.263804 _llseek(5, 0, [0], SEEK_CUR) = 0
17466 14:04:11.263820 fstat64(5, {st_mode=S_IFREG|0644, st_size=1624, ...}) = 0
17466 14:04:11.263844 mmap2(NULL, 1624, PROT_READ, MAP_SHARED, 5, 0) = 0xb7f16000
17466 14:04:11.263861 _llseek(5, 1624, [1624], SEEK_SET) = 0
17466 14:04:11.263885 munmap(0xb7f16000, 1624) = 0
17466 14:04:11.263900 close(5)          = 0
17466 14:04:11.263919 open("/etc/shadow", O_RDONLY|0x80000 /* O_??? */) = 5
17466 14:04:11.263937 _llseek(5, 0, [0], SEEK_CUR) = 0
17466 14:04:11.263952 fstat64(5, {st_mode=S_IFREG|0640, st_size=1233, ...}) = 0
17466 14:04:11.263975 mmap2(NULL, 1233, PROT_READ, MAP_SHARED, 5, 0) = 0xb7f16000
17466 14:04:11.263990 _llseek(5, 1233, [1233], SEEK_SET) = 0
17466 14:04:11.264014 munmap(0xb7f16000, 1233) = 0
17466 14:04:11.264029 close(5)          = 0
17466 14:04:11.264045 time(NULL)        = 1495649051
17466 14:04:11.264068 munmap(0xb7f13000, 12164) = 0
17466 14:04:11.264087 munmap(0xb7f11000, 7136) = 0
17466 14:04:11.264108 munmap(0xb7d46000, 95428) = 0
17466 14:04:11.264124 munmap(0xb7d0c000, 201052) = 0
17466 14:04:11.264141 munmap(0xb7cf3000, 101180) = 0
17466 14:04:11.264174 gettimeofday({1495649051, 264180}, NULL) = 0
17466 14:04:11.264191 stat64("/usr/share/zoneinfo/UTC+04:00", 0xbfd1a684) = -1 ENOENT (No such file or directory)
17466 14:04:11.264214 open("/usr/share/zoneinfo/UTC+04:00", O_RDONLY) = -1 ENOENT (No such file or directory)
17466 14:04:11.264387 fcntl64(3, F_SETLKW64, {type=F_WRLCK, whence=SEEK_SET, start=0, len=0}, 0xbfd1a7d4) = 0
17466 14:04:11.264414 write(3, "Wed May 24 14:04:11 2017 [pid 17466] [msfadmin] OK LOGIN: Client \"127.0.0.1\"\n", 77) = 77
17466 14:04:11.264440 fcntl64(3, F_SETLK64, {type=F_UNLCK, whence=SEEK_SET, start=0, len=0}, 0xbfd1a7dc) = 0
17466 14:04:11.264459 rt_sigaction(SIGCHLD, {0x805cad0, ~[RTMIN RT_1], 0}, NULL, 8) = 0
17466 14:04:11.264480 write(4, "\1", 1 <unfinished ...>
17467 14:04:11.264499 <... read resumed> "\1", 1) = 1
17466 14:04:11.264507 <... write resumed> ) = 1
17467 14:04:11.264521 exit_group(0)     = ?
17466 14:04:11.264579 --- SIGCHLD (Child exited) @ 0 (0) ---
17466 14:04:11.264591 sigreturn()       = ? (mask now [])
17466 14:04:11.264616 wait4(-1, [{WIFEXITED(s) && WEXITSTATUS(s) == 0}], 0, NULL) = 17467
17466 14:04:11.264636 close(4)          = 0
17466 14:04:11.264654 socketpair(PF_FILE, SOCK_STREAM, 0, [4, 5]) = 0
17466 14:04:11.264676 rt_sigaction(SIGCHLD, {0x805cad0, ~[RTMIN RT_1], 0}, NULL, 8) = 0
17466 14:04:11.264696 rt_sigaction(SIGALRM, {0x805cb10, ~[RTMIN RT_1], 0}, NULL, 8) = 0
17466 14:04:11.264717 clone(child_stack=0, flags=CLONE_CHILD_CLEARTID|CLONE_CHILD_SETTID|SIGCHLD, child_tidptr=0xb7d7c6f8) = 17468
17468 14:04:11.264794 prctl(0x1, 0x9, 0, 0, 0) = 0
17468 14:04:11.264813 close(4)          = 0
17468 14:04:11.264849 open("/etc/passwd", O_RDONLY|0x80000 /* O_??? */) = 4
17468 14:04:11.264872 _llseek(4, 0, [0], SEEK_CUR) = 0
17468 14:04:11.264894 fstat64(4, {st_mode=S_IFREG|0644, st_size=1624, ...}) = 0
17468 14:04:11.264920 mmap2(NULL, 1624, PROT_READ, MAP_SHARED, 4, 0) = 0xb7f16000
17468 14:04:11.264938 _llseek(4, 1624, [1624], SEEK_SET) = 0
17468 14:04:11.264970 munmap(0xb7f16000, 1624) = 0
17468 14:04:11.264987 close(4)          = 0
17468 14:04:11.265006 getuid32()        = 0
17468 14:04:11.265020 open("/etc/passwd", O_RDONLY|0x80000 /* O_??? */) = 4
17468 14:04:11.265038 _llseek(4, 0, [0], SEEK_CUR) = 0
17468 14:04:11.265053 fstat64(4, {st_mode=S_IFREG|0644, st_size=1624, ...}) = 0
17468 14:04:11.265077 mmap2(NULL, 1624, PROT_READ, MAP_SHARED, 4, 0) = 0xb7f16000
17468 14:04:11.265092 _llseek(4, 1624, [1624], SEEK_SET) = 0
17468 14:04:11.265115 munmap(0xb7f16000, 1624) = 0
17468 14:04:11.265129 close(4)          = 0
17468 14:04:11.265166 open("/proc/sys/kernel/ngroups_max", O_RDONLY) = 4
17468 14:04:11.265198 read(4, "65536\n", 31) = 6
17468 14:04:11.265217 close(4)          = 0
17468 14:04:11.265239 socket(PF_FILE, SOCK_STREAM, 0) = 4
17468 14:04:11.265256 fcntl64(4, F_SETFL, O_RDWR|O_NONBLOCK) = 0
17468 14:04:11.265273 connect(4, {sa_family=AF_FILE, path="/var/run/nscd/socket"}, 110) = -1 ENOENT (No such file or directory)
17468 14:04:11.265330 close(4)          = 0
17468 14:04:11.265355 socket(PF_FILE, SOCK_STREAM, 0) = 4
17468 14:04:11.265397 fcntl64(4, F_SETFL, O_RDWR|O_NONBLOCK) = 0
17468 14:04:11.265452 connect(4, {sa_family=AF_FILE, path="/var/run/nscd/socket"}, 110) = -1 ENOENT (No such file or directory)
17468 14:04:11.265496 close(4)          = 0
17468 14:04:11.265545 open("/etc/group", O_RDONLY|0x80000 /* O_??? */) = 4
17468 14:04:11.265570 _llseek(4, 0, [0], SEEK_CUR) = 0
17468 14:04:11.265588 fstat64(4, {st_mode=S_IFREG|0644, st_size=886, ...}) = 0
17468 14:04:11.265616 mmap2(NULL, 886, PROT_READ, MAP_SHARED, 4, 0) = 0xb7f16000
17468 14:04:11.265636 _llseek(4, 886, [886], SEEK_SET) = 0
17468 14:04:11.265676 fstat64(4, {st_mode=S_IFREG|0644, st_size=886, ...}) = 0
17468 14:04:11.265705 munmap(0xb7f16000, 886) = 0
17468 14:04:11.265723 close(4)          = 0
17468 14:04:11.265740 setgroups32(13, [1000, 4, 20, 24, 25, 29, 30, 44, 46, 107, 111, 112, 119]) = 0
17468 14:04:11.265768 geteuid32()       = 0
17468 14:04:11.265787 getegid32()       = 0
17468 14:04:11.265806 setregid32(-1, 1000) = 0
17468 14:04:11.265831 setreuid32(-1, 1000) = 0
17468 14:04:11.265850 chdir("/home/msfadmin") = 0
17468 14:04:11.265870 setreuid32(-1, 0) = 0
17468 14:04:11.265885 setregid32(-1, 0) = 0
17468 14:04:11.265903 setgid32(1000)    = 0
17468 14:04:11.265920 setuid32(1000)    = 0
17468 14:04:11.265938 setrlimit(RLIMIT_NPROC, {rlim_cur=0, rlim_max=0}) = 0
17468 14:04:11.265944 mmap2(NULL, 12288, PROT_READ|PROT_WRITE, MAP_PRIVATE|MAP_ANONYMOUS, -1, 0) = 0xb7f14000
17468 14:04:11.265944 mprotect(0xb7f16000, 4096, PROT_NONE) = 0
17468 14:04:11.265944 mprotect(0xb7f14000, 4096, PROT_NONE) = 0
17468 14:04:11.265944 getcwd("/home/msfadmin", 4096) = 15
17468 14:04:11.265944 umask(022)        = 077
17468 14:04:11.265961 getcwd("/home/msfadmin", 4096) = 15
17468 14:04:11.265983 open(".message", O_RDONLY|O_NONBLOCK|O_LARGEFILE) = -1 ENOENT (No such file or directory)
17468 14:04:11.266022 write(0, "230 Login successful.\r\n", 23) = 23
17468 14:04:11.266225 rt_sigaction(SIGALRM, {0x805cad0, ~[RTMIN RT_1], 0}, NULL, 8) = 0
17468 14:04:11.266253 alarm(300)        = 0
17468 14:04:11.266272 mmap2(NULL, 12288, PROT_READ|PROT_WRITE, MAP_PRIVATE|MAP_ANONYMOUS, -1, 0) = 0xb7f11000
17468 14:04:11.266291 mprotect(0xb7f13000, 4096, PROT_NONE) = 0
17468 14:04:11.266310 mprotect(0xb7f11000, 4096, PROT_NONE) = 0
17468 14:04:11.266332 recv(0, "TYPE I\r\n", 4096, MSG_PEEK) = 8
17468 14:04:11.266353 read(0, "TYPE I\r\n", 8) = 8
17468 14:04:11.266380 write(0, "200 Switching to Binary mode.\r\n", 31) = 31
17468 14:04:11.266443 rt_sigaction(SIGALRM, {0x805cad0, ~[RTMIN RT_1], 0}, NULL, 8) = 0
17468 14:04:11.266467 alarm(300)        = 300
17468 14:04:11.266485 recv(0, "PASV\r\n", 4096, MSG_PEEK) = 6
17468 14:04:11.266504 read(0, "PASV\r\n", 6) = 6
17468 14:04:11.266524 write(5, "\n", 1) = 1
17468 14:04:11.266542 read(5,  <unfinished ...>
17466 14:04:11.266560 close(5)          = 0
17466 14:04:11.266580 getuid32()        = 0
17466 14:04:11.266601 open("/etc/passwd", O_RDONLY|0x80000 /* O_??? */) = 5
17466 14:04:11.266622 _llseek(5, 0, [0], SEEK_CUR) = 0
17466 14:04:11.266639 fstat64(5, {st_mode=S_IFREG|0644, st_size=1624, ...}) = 0
17466 14:04:11.266665 mmap2(NULL, 1624, PROT_READ, MAP_SHARED, 5, 0) = 0xb7f16000
17466 14:04:11.266683 _llseek(5, 1624, [1624], SEEK_SET) = 0
17466 14:04:11.266710 munmap(0xb7f16000, 1624) = 0
17466 14:04:11.266727 close(5)          = 0
17466 14:04:11.266754 setgroups32(0, []) = 0
17466 14:04:11.266772 chdir("/usr/share/empty") = 0
17466 14:04:11.266792 chroot(".")       = 0
17466 14:04:11.266808 capset(NULL, NULL) = -1 EFAULT (Bad address)
17466 14:04:11.266829 prctl(0x8, 0, 0xbfd1a7b8, 0x80549a6, 0xbfd1a7a0) = 0
17466 14:04:11.266845 prctl(0x8, 0x1, 0xbfd1a7b8, 0x8054a49, 0xbfd1a7a0) = 0
17466 14:04:11.266862 setgid32(65534)   = 0
17466 14:04:11.266878 setuid32(65534)   = 0
17466 14:04:11.266894 capset(0x19980330, 0, {CAP_NET_BIND_SERVICE, CAP_NET_BIND_SERVICE, 0}) = 0
17466 14:04:11.266913 read(4, "\n", 1)  = 1
17466 14:04:11.266934 write(4, "\1", 1) = 1
17468 14:04:11.266952 <... read resumed> "\1", 1) = 1
17468 14:04:11.266964 write(5, "\f", 1) = 1
17468 14:04:11.266981 read(5,  <unfinished ...>
17466 14:04:11.266991 read(4, "\f", 1)  = 1
17466 14:04:11.267013 socket(PF_INET, SOCK_STREAM, IPPROTO_TCP) = 5
17466 14:04:11.267051 setsockopt(5, SOL_SOCKET, SO_REUSEADDR, [1], 4) = 0
17466 14:04:11.267085 gettimeofday({1495649051, 267092}, NULL) = 0
17466 14:04:11.267113 bind(5, {sa_family=AF_INET, sin_port=htons(21204), sin_addr=inet_addr("127.0.0.1")}, 16) = 0
17466 14:04:11.267141 listen(5, 1)      = 0
17466 14:04:11.267163 write(4, "\324R\0\0", 4) = 4
17468 14:04:11.267183 <... read resumed> "\324R\0\0", 4) = 4
17468 14:04:11.267206 write(0, "227 Entering Passive Mode (127,0,0,1,82,212).\r\n", 47) = 47
17468 14:04:11.267368 rt_sigaction(SIGALRM, {0x805cad0, ~[RTMIN RT_1], 0}, NULL, 8) = 0
17468 14:04:11.267395 alarm(300)        = 300
17468 14:04:11.267414 recv(0, "STOR myfile14\r\n", 4096, MSG_PEEK) = 15
17468 14:04:11.267436 read(0, "STOR myfile14\r\n", 15) = 15
17468 14:04:11.267461 write(5, "\v", 1) = 1
17468 14:04:11.267484 read(5,  <unfinished ...>
17466 14:04:11.267495 read(4, "\v", 1)  = 1
17466 14:04:11.267513 write(4, "\1\0\0\0", 4) = 4
17468 14:04:11.267530 <... read resumed> "\1\0\0\0", 4) = 4
17468 14:04:11.267544 gettimeofday({1495649051, 267550}, NULL) = 0
17468 14:04:11.267560 getcwd("/home/msfadmin", 4096) = 15
17468 14:04:11.267579 open("myfile14", O_WRONLY|O_CREAT|O_NONBLOCK|O_LARGEFILE, 0666) = 4
17468 14:04:11.267599 fstat64(4, {st_mode=S_IFREG|0644, st_size=17, ...}) = 0
17468 14:04:11.267626 fcntl64(4, F_GETFL) = 0x8801 (flags O_WRONLY|O_NONBLOCK|O_LARGEFILE)
17468 14:04:11.267643 fcntl64(4, F_SETFL, O_WRONLY|O_LARGEFILE) = 0
17468 14:04:11.267658 fcntl64(4, F_SETLKW64, {type=F_WRLCK, whence=SEEK_SET, start=0, len=0}, 0xbfd1a704) = 0
17468 14:04:11.267682 ftruncate64(4, 0) = 0
17468 14:04:11.267711 _llseek(4, 0, [0], SEEK_SET) = 0
17468 14:04:11.267728 write(5, "\v", 1) = 1
17468 14:04:11.267743 read(5,  <unfinished ...>
17466 14:04:11.267754 read(4, "\v", 1)  = 1
17466 14:04:11.267771 write(4, "\1\0\0\0", 4) = 4
17468 14:04:11.267788 <... read resumed> "\1\0\0\0", 4) = 4
17468 14:04:11.267799 write(5, "\v", 1) = 1
17468 14:04:11.267815 read(5,  <unfinished ...>
17466 14:04:11.267825 read(4, "\v", 1)  = 1
17466 14:04:11.267842 write(4, "\1\0\0\0", 4) = 4
17468 14:04:11.267858 <... read resumed> "\1\0\0\0", 4) = 4
17468 14:04:11.267869 write(5, "\r", 1) = 1
17468 14:04:11.267885 read(5,  <unfinished ...>
17466 14:04:11.267895 read(4, "\r", 1)  = 1
17466 14:04:11.267914 select(6, [5], NULL, NULL, {60, 0}) = 1 (in [5], left {60, 0})
17466 14:04:11.267940 accept(5, {sa_family=AF_INET, sin_port=htons(35267), sin_addr=inet_addr("127.0.0.1")}, [16]) = 6
17466 14:04:11.267974 write(4, "\1", 1) = 1
17468 14:04:11.267991 <... read resumed> "\1", 1) = 1
17468 14:04:11.268023 recvmsg(5,  <unfinished ...>
17466 14:04:11.268050 sendmsg(4, {msg_name(0)=NULL, msg_iov(1)=[{"\0", 1}], msg_controllen=16, {cmsg_len=16, cmsg_level=SOL_SOCKET, cmsg_type=SCM_RIGHTS, {6}}, msg_flags=0}, 0) = 1
17468 14:04:11.268077 <... recvmsg resumed> {msg_name(0)=NULL, msg_iov(1)=[{"\0", 1}], msg_controllen=16, {cmsg_len=16, cmsg_level=SOL_SOCKET, cmsg_type=SCM_RIGHTS, {6}}, msg_flags=0}, 0) = 1
17468 14:04:11.268099 setsockopt(6, SOL_SOCKET, SO_KEEPALIVE, [1], 4) = 0
17468 14:04:11.268118 setsockopt(6, SOL_IP, IP_TOS, [8], 4) = 0
17468 14:04:11.268136 setsockopt(6, SOL_SOCKET, SO_LINGER, {onoff=1, linger=32767}, 8) = 0
17468 14:04:11.268154 rt_sigaction(SIGALRM, {0x805cad0, ~[RTMIN RT_1], 0}, NULL, 8) = 0
17468 14:04:11.268176 alarm(300)        = 300
17468 14:04:11.268194 write(0, "150 Ok to send data.\r\n", 22) = 22
17468 14:04:11.268285 mmap2(NULL, 77824, PROT_READ|PROT_WRITE, MAP_PRIVATE|MAP_ANONYMOUS, -1, 0) = 0xb7d4b000
17468 14:04:11.268305 mprotect(0xb7d5d000, 4096, PROT_NONE) = 0
17468 14:04:11.268323 mprotect(0xb7d4b000, 4096, PROT_NONE) = 0
17468 14:04:11.268339 read(6, "assasaaa\na\na\na\na\n", 65536) = 17
17468 14:04:11.268360 write(4, "assasaaa\na\na\na\na\n", 17) = 17
17468 14:04:11.268384 read(6, "", 65536) = 0
17468 14:04:11.268400 rt_sigaction(SIGALRM, {0x805cad0, ~[RTMIN RT_1], 0}, NULL, 8) = 0
17468 14:04:11.268422 alarm(300)        = 300
17468 14:04:11.268437 close(6)          = 0
17468 14:04:11.268451 alarm(0)          = 300
17468 14:04:11.268465 gettimeofday({1495649051, 268471}, NULL) = 0
17468 14:04:11.268491 getpid()          = 17468
17468 14:04:11.268509 gettimeofday({1495649051, 268515}, NULL) = 0
17468 14:04:11.268534 fcntl64(3, F_SETLKW64, {type=F_WRLCK, whence=SEEK_SET, start=0, len=0}, 0xbfd1a6a4) = 0
17468 14:04:11.268556 write(3, "Wed May 24 14:04:11 2017 [pid 17468] [msfadmin] OK UPLOAD: Client \"127.0.0.1\", \"/home/msfadmin/myfile14\", 17 bytes, 17.20Kbyte/sec\n", 131) = 131
17468 14:04:11.268588 fcntl64(3, F_SETLK64, {type=F_UNLCK, whence=SEEK_SET, start=0, len=0}, 0xbfd1a6ac) = 0
17468 14:04:11.268610 write(0, "226 Transfer complete.\r\n", 24) = 24
17468 14:04:11.268665 write(5, "\n", 1) = 1
17468 14:04:11.268683 read(5,  <unfinished ...>
17466 14:04:11.268694 close(6)          = 0
17466 14:04:11.268726 read(4, "\n", 1)  = 1
17466 14:04:11.268744 close(5)          = 0
17466 14:04:11.268760 write(4, "\1", 1) = 1
17468 14:04:11.268777 <... read resumed> "\1", 1) = 1
17468 14:04:11.268788 close(4)          = 0
17468 14:04:11.268804 rt_sigaction(SIGALRM, {0x805cad0, ~[RTMIN RT_1], 0}, NULL, 8) = 0
17468 14:04:11.268826 alarm(300)        = 0
17468 14:04:11.268843 recv(0,  <unfinished ...>
17466 14:04:11.268854 read(4,  <unfinished ...>
17465 14:04:11.576335 <... recv resumed> "USER msfadmin\r\n", 4096, MSG_PEEK) = 15
17465 14:04:11.576433 read(0, "USER msfadmin\r\n", 15) = 15
17465 14:04:11.576513 write(0, "331 Any password will do.\r\n", 27) = 27
17465 14:04:11.576595 rt_sigaction(SIGALRM, {0x805cad0, ~[RTMIN RT_1], 0}, NULL, 8) = 0
17465 14:04:11.576626 alarm(300)        = 299
17465 14:04:11.576650 recv(0, "PASS msfadmin\r\n", 4096, MSG_PEEK) = 15
17465 14:04:11.576664 read(0, "PASS msfadmin\r\n", 15) = 15
17465 14:04:11.576680 write(0, "230 Already logged in.\r\n", 24) = 24
17465 14:04:11.576742 rt_sigaction(SIGALRM, {0x805cad0, ~[RTMIN RT_1], 0}, NULL, 8) = 0
17465 14:04:11.576758 alarm(300)        = 300
17465 14:04:11.576769 recv(0, "TYPE I\r\n", 4096, MSG_PEEK) = 8
17465 14:04:11.576780 read(0, "TYPE I\r\n", 8) = 8
17465 14:04:11.576795 write(0, "200 Switching to Binary mode.\r\n", 31) = 31
17465 14:04:11.576831 rt_sigaction(SIGALRM, {0x805cad0, ~[RTMIN RT_1], 0}, NULL, 8) = 0
17465 14:04:11.576846 alarm(300)        = 300
17465 14:04:11.576857 recv(0, "PASV\r\n", 4096, MSG_PEEK) = 6
17465 14:04:11.576868 read(0, "PASV\r\n", 6) = 6
17465 14:04:11.576879 write(5, "\n", 1 <unfinished ...>
17463 14:04:11.576891 <... read resumed> "\n", 1) = 1
17465 14:04:11.576896 <... write resumed> ) = 1
17463 14:04:11.576905 write(4, "\1", 1 <unfinished ...>
17465 14:04:11.576910 read(5,  <unfinished ...>
17463 14:04:11.576917 <... write resumed> ) = 1
17465 14:04:11.576921 <... read resumed> "\1", 1) = 1
17463 14:04:11.576929 read(4,  <unfinished ...>
17465 14:04:11.576933 write(5, "\f", 1 <unfinished ...>
17463 14:04:11.576941 <... read resumed> "\f", 1) = 1
17465 14:04:11.576945 <... write resumed> ) = 1
17463 14:04:11.576954 socket(PF_INET, SOCK_STREAM, IPPROTO_TCP <unfinished ...>
17465 14:04:11.576959 read(5,  <unfinished ...>
17463 14:04:11.576968 <... socket resumed> ) = 5
17463 14:04:11.576976 setsockopt(5, SOL_SOCKET, SO_REUSEADDR, [1], 4) = 0
17463 14:04:11.576990 bind(5, {sa_family=AF_INET, sin_port=htons(22902), sin_addr=inet_addr("127.0.0.1")}, 16) = 0
17463 14:04:11.577007 listen(5, 1)      = 0
17463 14:04:11.577021 write(4, "vY\0\0", 4 <unfinished ...>
17465 14:04:11.577029 <... read resumed> "vY\0\0", 4) = 4
17463 14:04:11.577034 <... write resumed> ) = 4
17465 14:04:11.577046 write(0, "227 Entering Passive Mode (127,0,0,1,89,118).\r\n", 47 <unfinished ...>
17463 14:04:11.577054 read(4,  <unfinished ...>
17465 14:04:11.577153 <... write resumed> ) = 47
17465 14:04:11.577165 rt_sigaction(SIGALRM, {0x805cad0, ~[RTMIN RT_1], 0}, NULL, 8) = 0
17465 14:04:11.577321 alarm(300)        = 300
17465 14:04:11.577344 recv(0, "RETR myfile39\r\n", 4096, MSG_PEEK) = 15
17465 14:04:11.577357 read(0, "RETR myfile39\r\n", 15) = 15
17465 14:04:11.577370 write(5, "\v", 1 <unfinished ...>
17463 14:04:11.577378 <... read resumed> "\v", 1) = 1
17465 14:04:11.577383 <... write resumed> ) = 1
17463 14:04:11.577390 write(4, "\1\0\0\0", 4 <unfinished ...>
17465 14:04:11.577396 read(5,  <unfinished ...>
17463 14:04:11.577402 <... write resumed> ) = 4
17465 14:04:11.577406 <... read resumed> "\1\0\0\0", 4) = 4
17463 14:04:11.577414 read(4,  <unfinished ...>
17465 14:04:11.577419 gettimeofday({1495649051, 577423}, NULL) = 0
17465 14:04:11.577431 getcwd("/home/msfadmin", 4096) = 15
17465 14:04:11.577443 open("myfile39", O_RDONLY|O_NONBLOCK|O_LARGEFILE) = 4
17465 14:04:11.577457 fcntl64(4, F_SETLKW64, {type=F_RDLCK, whence=SEEK_SET, start=0, len=0}, 0xbfdeaff4) = 0
17465 14:04:11.577472 fstat64(4, {st_mode=S_IFREG|0644, st_size=17, ...}) = 0
17465 14:04:11.577489 fcntl64(4, F_GETFL) = 0x8800 (flags O_RDONLY|O_NONBLOCK|O_LARGEFILE)
17465 14:04:11.577507 fcntl64(4, F_SETFL, O_RDONLY|O_LARGEFILE) = 0
17465 14:04:11.577519 write(5, "\v", 1 <unfinished ...>
17463 14:04:11.577526 <... read resumed> "\v", 1) = 1
17465 14:04:11.577531 <... write resumed> ) = 1
17463 14:04:11.577538 write(4, "\1\0\0\0", 4 <unfinished ...>
17465 14:04:11.577544 read(5,  <unfinished ...>
17463 14:04:11.577550 <... write resumed> ) = 4
17465 14:04:11.577554 <... read resumed> "\1\0\0\0", 4) = 4
17463 14:04:11.577562 read(4,  <unfinished ...>
17465 14:04:11.577567 write(5, "\v", 1 <unfinished ...>
17463 14:04:11.577574 <... read resumed> "\v", 1) = 1
17465 14:04:11.577578 <... write resumed> ) = 1
17463 14:04:11.577585 write(4, "\1\0\0\0", 4 <unfinished ...>
17465 14:04:11.577591 read(5,  <unfinished ...>
17463 14:04:11.577597 <... write resumed> ) = 4
17465 14:04:11.577601 <... read resumed> "\1\0\0\0", 4) = 4
17463 14:04:11.577609 read(4,  <unfinished ...>
17465 14:04:11.577613 write(5, "\r", 1 <unfinished ...>
17463 14:04:11.577620 <... read resumed> "\r", 1) = 1
17465 14:04:11.577625 <... write resumed> ) = 1
17463 14:04:11.577633 select(6, [5], NULL, NULL, {60, 0} <unfinished ...>
17465 14:04:11.577639 read(5,  <unfinished ...>
17463 14:04:11.577646 <... select resumed> ) = 1 (in [5], left {60, 0})
17463 14:04:11.577656 accept(5, {sa_family=AF_INET, sin_port=htons(35112), sin_addr=inet_addr("127.0.0.1")}, [16]) = 6
17463 14:04:11.577678 write(4, "\1", 1 <unfinished ...>
17465 14:04:11.577686 <... read resumed> "\1", 1) = 1
17463 14:04:11.577691 <... write resumed> ) = 1
17465 14:04:11.577699 recvmsg(5,  <unfinished ...>
17463 14:04:11.577705 sendmsg(4, {msg_name(0)=NULL, msg_iov(1)=[{"\0", 1}], msg_controllen=16, {cmsg_len=16, cmsg_level=SOL_SOCKET, cmsg_type=SCM_RIGHTS, {6}}, msg_flags=0}, 0 <unfinished ...>
17465 14:04:11.577719 <... recvmsg resumed> {msg_name(0)=NULL, msg_iov(1)=[{"\0", 1}], msg_controllen=16, {cmsg_len=16, cmsg_level=SOL_SOCKET, cmsg_type=SCM_RIGHTS, {6}}, msg_flags=0}, 0) = 1
17463 14:04:11.577729 <... sendmsg resumed> ) = 1
17465 14:04:11.577737 setsockopt(6, SOL_SOCKET, SO_KEEPALIVE, [1], 4 <unfinished ...>
17463 14:04:11.577742 close(6 <unfinished ...>
17465 14:04:11.577749 <... setsockopt resumed> ) = 0
17463 14:04:11.577753 <... close resumed> ) = 0
17465 14:04:11.577761 setsockopt(6, SOL_IP, IP_TOS, [8], 4 <unfinished ...>
17463 14:04:11.577766 read(4,  <unfinished ...>
17465 14:04:11.577772 <... setsockopt resumed> ) = 0
17465 14:04:11.577780 setsockopt(6, SOL_SOCKET, SO_LINGER, {onoff=1, linger=32767}, 8) = 0
17465 14:04:11.577791 rt_sigaction(SIGALRM, {0x805cad0, ~[RTMIN RT_1], 0}, NULL, 8) = 0
17465 14:04:11.577804 alarm(300)        = 300
17465 14:04:11.577818 write(0, "150 Opening BINARY mode data connection for myfile39 (17 bytes).\r\n", 66) = 66
17465 14:04:11.577859 _llseek(4, 0, [0], SEEK_CUR) = 0
17465 14:04:11.577871 fstat64(4, {st_mode=S_IFREG|0644, st_size=17, ...}) = 0
17465 14:04:11.577888 _llseek(4, 0, [0], SEEK_SET) = 0
17465 14:04:11.577899 sendfile(6, 4, NULL, 17) = 17
17465 14:04:11.577929 rt_sigaction(SIGALRM, {0x805cad0, ~[RTMIN RT_1], 0}, NULL, 8) = 0
17465 14:04:11.577943 alarm(300)        = 300
17465 14:04:11.577953 close(6)          = 0
17465 14:04:11.577989 alarm(0)          = 300
17465 14:04:11.578000 gettimeofday({1495649051, 578004}, NULL) = 0
17465 14:04:11.578015 gettimeofday({1495649051, 578019}, NULL) = 0
17465 14:04:11.578030 fcntl64(3, F_SETLKW64, {type=F_WRLCK, whence=SEEK_SET, start=0, len=0}, 0xbfdeaf94) = 0
17465 14:04:11.578045 write(3, "Wed May 24 14:04:11 2017 [pid 17465] [msfadmin] OK DOWNLOAD: Client \"127.0.0.1\", \"/home/msfadmin/myfile39\", 17 bytes, 27.85Kbyte/sec\n", 133) = 133
17465 14:04:11.578066 fcntl64(3, F_SETLK64, {type=F_UNLCK, whence=SEEK_SET, start=0, len=0}, 0xbfdeaf9c) = 0
17465 14:04:11.578080 write(0, "226 Transfer complete.\r\n", 24) = 24
17465 14:04:11.578144 write(5, "\n", 1 <unfinished ...>
17463 14:04:11.578154 <... read resumed> "\n", 1) = 1
17465 14:04:11.578159 <... write resumed> ) = 1
17463 14:04:11.578166 close(5 <unfinished ...>
17465 14:04:11.578171 read(5,  <unfinished ...>
17463 14:04:11.578179 <... close resumed> ) = 0
17463 14:04:11.578188 write(4, "\1", 1 <unfinished ...>
17465 14:04:11.578196 <... read resumed> "\1", 1) = 1
17463 14:04:11.578201 <... write resumed> ) = 1
17465 14:04:11.578208 close(4 <unfinished ...>
17463 14:04:11.578212 read(4,  <unfinished ...>
17465 14:04:11.578218 <... close resumed> ) = 0
17465 14:04:11.578225 rt_sigaction(SIGALRM, {0x805cad0, ~[RTMIN RT_1], 0}, NULL, 8) = 0
17465 14:04:11.578238 alarm(300)        = 0
17465 14:04:11.578249 recv(0,  <unfinished ...>
17468 14:04:11.785967 <... recv resumed> "TYPE I\r\n", 4096, MSG_PEEK) = 8
17468 14:04:11.785998 read(0, "TYPE I\r\n", 8) = 8
17468 14:04:11.786020 write(0, "200 Switching to Binary mode.\r\n", 31) = 31
17468 14:04:11.786067 rt_sigaction(SIGALRM, {0x805cad0, ~[RTMIN RT_1], 0}, NULL, 8) = 0
17468 14:04:11.786084 alarm(300)        = 299
17468 14:04:11.786097 recv(0, "PASV\r\n", 4096, MSG_PEEK) = 6
17468 14:04:11.786109 read(0, "PASV\r\n", 6) = 6
17468 14:04:11.786121 write(5, "\n", 1) = 1
17468 14:04:11.786134 read(5,  <unfinished ...>
17466 14:04:11.786143 <... read resumed> "\n", 1) = 1
17466 14:04:11.786152 write(4, "\1", 1) = 1
17468 14:04:11.786163 <... read resumed> "\1", 1) = 1
17468 14:04:11.786170 write(5, "\f", 1) = 1
17468 14:04:11.786180 read(5,  <unfinished ...>
17466 14:04:11.786187 read(4, "\f", 1)  = 1
17466 14:04:11.786199 socket(PF_INET, SOCK_STREAM, IPPROTO_TCP) = 5
17466 14:04:11.786214 setsockopt(5, SOL_SOCKET, SO_REUSEADDR, [1], 4) = 0
17466 14:04:11.786229 bind(5, {sa_family=AF_INET, sin_port=htons(33762), sin_addr=inet_addr("127.0.0.1")}, 16) = 0
17466 14:04:11.786245 listen(5, 1)      = 0
17466 14:04:11.786259 write(4, "\342\203\0\0", 4) = 4
17468 14:04:11.786271 <... read resumed> "\342\203\0\0", 4) = 4
17468 14:04:11.786283 write(0, "227 Entering Passive Mode (127,0,0,1,131,226).\r\n", 48) = 48
17468 14:04:11.786395 rt_sigaction(SIGALRM, {0x805cad0, ~[RTMIN RT_1], 0}, NULL, 8) = 0
17468 14:04:11.786412 alarm(300)        = 300
17468 14:04:11.786423 recv(0, "STOR myfile15\r\n", 4096, MSG_PEEK) = 15
17468 14:04:11.786435 read(0, "STOR myfile15\r\n", 15) = 15
17468 14:04:11.786449 write(5, "\v", 1) = 1
17468 14:04:11.786459 read(5,  <unfinished ...>
17466 14:04:11.786466 read(4, "\v", 1)  = 1
17466 14:04:11.786478 write(4, "\1\0\0\0", 4) = 4
17468 14:04:11.786488 <... read resumed> "\1\0\0\0", 4) = 4
17468 14:04:11.786496 gettimeofday({1495649051, 786500}, NULL) = 0
17468 14:04:11.786507 getcwd("/home/msfadmin", 4096) = 15
17468 14:04:11.786520 open("myfile15", O_WRONLY|O_CREAT|O_NONBLOCK|O_LARGEFILE, 0666) = 4
17468 14:04:11.786534 fstat64(4, {st_mode=S_IFREG|0644, st_size=17, ...}) = 0
17468 14:04:11.786552 fcntl64(4, F_GETFL) = 0x8801 (flags O_WRONLY|O_NONBLOCK|O_LARGEFILE)
17468 14:04:11.786564 fcntl64(4, F_SETFL, O_WRONLY|O_LARGEFILE) = 0
17468 14:04:11.786574 fcntl64(4, F_SETLKW64, {type=F_WRLCK, whence=SEEK_SET, start=0, len=0}, 0xbfd1a704) = 0
17468 14:04:11.786588 ftruncate64(4, 0) = 0
17468 14:04:11.786607 _llseek(4, 0, [0], SEEK_SET) = 0
17468 14:04:11.786618 write(5, "\v", 1) = 1
17468 14:04:11.786628 read(5,  <unfinished ...>
17466 14:04:11.786635 read(4, "\v", 1)  = 1
17466 14:04:11.786664 write(4, "\1\0\0\0", 4) = 4
17468 14:04:11.786679 <... read resumed> "\1\0\0\0", 4) = 4
17468 14:04:11.786687 write(5, "\v", 1) = 1
17468 14:04:11.786707 read(5,  <unfinished ...>
17466 14:04:11.786713 read(4, "\v", 1)  = 1
17466 14:04:11.786724 write(4, "\1\0\0\0", 4) = 4
17468 14:04:11.786734 <... read resumed> "\1\0\0\0", 4) = 4
17468 14:04:11.786741 write(5, "\r", 1) = 1
17468 14:04:11.786751 read(5,  <unfinished ...>
17466 14:04:11.786758 read(4, "\r", 1)  = 1
17466 14:04:11.786769 select(6, [5], NULL, NULL, {60, 0}) = 1 (in [5], left {60, 0})
17466 14:04:11.786786 accept(5, {sa_family=AF_INET, sin_port=htons(35159), sin_addr=inet_addr("127.0.0.1")}, [16]) = 6
17466 14:04:11.786808 write(4, "\1", 1) = 1
17468 14:04:11.786819 <... read resumed> "\1", 1) = 1
17468 14:04:11.786828 recvmsg(5,  <unfinished ...>
17466 14:04:11.786836 sendmsg(4, {msg_name(0)=NULL, msg_iov(1)=[{"\0", 1}], msg_controllen=16, {cmsg_len=16, cmsg_level=SOL_SOCKET, cmsg_type=SCM_RIGHTS, {6}}, msg_flags=0}, 0) = 1
17468 14:04:11.786860 <... recvmsg resumed> {msg_name(0)=NULL, msg_iov(1)=[{"\0", 1}], msg_controllen=16, {cmsg_len=16, cmsg_level=SOL_SOCKET, cmsg_type=SCM_RIGHTS, {6}}, msg_flags=0}, 0) = 1
17468 14:04:11.786873 setsockopt(6, SOL_SOCKET, SO_KEEPALIVE, [1], 4) = 0
17468 14:04:11.786885 setsockopt(6, SOL_IP, IP_TOS, [8], 4) = 0
17468 14:04:11.786897 setsockopt(6, SOL_SOCKET, SO_LINGER, {onoff=1, linger=32767}, 8) = 0
17468 14:04:11.786908 rt_sigaction(SIGALRM, {0x805cad0, ~[RTMIN RT_1], 0}, NULL, 8) = 0
17468 14:04:11.786922 alarm(300)        = 300
17468 14:04:11.786934 write(0, "150 Ok to send data.\r\n", 22) = 22
17468 14:04:11.787001 read(6, "assasaaa\na\na\na\na\n", 65536) = 17
17468 14:04:11.787016 write(4, "assasaaa\na\na\na\na\n", 17) = 17
17468 14:04:11.787031 read(6, "", 65536) = 0
17468 14:04:11.787042 rt_sigaction(SIGALRM, {0x805cad0, ~[RTMIN RT_1], 0}, NULL, 8) = 0
17468 14:04:11.787056 alarm(300)        = 300
17468 14:04:11.787065 close(6)          = 0
17468 14:04:11.787074 alarm(0)          = 300
17468 14:04:11.787084 gettimeofday({1495649051, 787087}, NULL) = 0
17468 14:04:11.787099 gettimeofday({1495649051, 787103}, NULL) = 0
17468 14:04:11.787113 fcntl64(3, F_SETLKW64, {type=F_WRLCK, whence=SEEK_SET, start=0, len=0}, 0xbfd1a6a4) = 0
17468 14:04:11.787127 write(3, "Wed May 24 14:04:11 2017 [pid 17468] [msfadmin] OK UPLOAD: Client \"127.0.0.1\", \"/home/msfadmin/myfile15\", 17 bytes, 27.53Kbyte/sec\n", 131) = 131
17468 14:04:11.787148 fcntl64(3, F_SETLK64, {type=F_UNLCK, whence=SEEK_SET, start=0, len=0}, 0xbfd1a6ac) = 0
17468 14:04:11.787162 write(0, "226 Transfer complete.\r\n", 24) = 24
17468 14:04:11.787205 write(5, "\n", 1) = 1
17468 14:04:11.787217 read(5,  <unfinished ...>
17466 14:04:11.787223 close(6)          = 0
17466 14:04:11.787241 read(4, "\n", 1)  = 1
17466 14:04:11.787252 close(5)          = 0
17466 14:04:11.787263 write(4, "\1", 1) = 1
17468 14:04:11.787274 <... read resumed> "\1", 1) = 1
17468 14:04:11.787281 close(4)          = 0
17468 14:04:11.787291 rt_sigaction(SIGALRM, {0x805cad0, ~[RTMIN RT_1], 0}, NULL, 8) = 0
17468 14:04:11.787305 alarm(300)        = 0
17468 14:04:11.787316 recv(0,  <unfinished ...>
17466 14:04:11.787323 read(4,  <unfinished ...>
17465 14:04:12.175968 <... recv resumed> "USER msfadmin\r\n", 4096, MSG_PEEK) = 15
17465 14:04:12.176009 read(0, "USER msfadmin\r\n", 15) = 15
17465 14:04:12.176034 write(0, "331 Any password will do.\r\n", 27) = 27
17465 14:04:12.176080 rt_sigaction(SIGALRM, {0x805cad0, ~[RTMIN RT_1], 0}, NULL, 8) = 0
17465 14:04:12.176098 alarm(300)        = 299
17465 14:04:12.176110 recv(0, "PASS msfadmin\r\n", 4096, MSG_PEEK) = 15
17465 14:04:12.176122 read(0, "PASS msfadmin\r\n", 15) = 15
17465 14:04:12.176138 write(0, "230 Already logged in.\r\n", 24) = 24
17465 14:04:12.176200 rt_sigaction(SIGALRM, {0x805cad0, ~[RTMIN RT_1], 0}, NULL, 8) = 0
17465 14:04:12.176215 alarm(300)        = 300
17465 14:04:12.176227 recv(0, "TYPE I\r\n", 4096, MSG_PEEK) = 8
17465 14:04:12.176238 read(0, "TYPE I\r\n", 8) = 8
17465 14:04:12.176252 write(0, "200 Switching to Binary mode.\r\n", 31) = 31
17465 14:04:12.176288 rt_sigaction(SIGALRM, {0x805cad0, ~[RTMIN RT_1], 0}, NULL, 8) = 0
17465 14:04:12.176303 alarm(300)        = 300
17465 14:04:12.176313 recv(0, "PASV\r\n", 4096, MSG_PEEK) = 6
17465 14:04:12.176324 read(0, "PASV\r\n", 6) = 6
17465 14:04:12.176336 write(5, "\n", 1 <unfinished ...>
17463 14:04:12.176348 <... read resumed> "\n", 1) = 1
17465 14:04:12.176353 <... write resumed> ) = 1
17463 14:04:12.176361 write(4, "\1", 1 <unfinished ...>
17465 14:04:12.176367 read(5,  <unfinished ...>
17463 14:04:12.176373 <... write resumed> ) = 1
17465 14:04:12.176378 <... read resumed> "\1", 1) = 1
17463 14:04:12.176385 read(4,  <unfinished ...>
17465 14:04:12.176390 write(5, "\f", 1 <unfinished ...>
17463 14:04:12.176397 <... read resumed> "\f", 1) = 1
17465 14:04:12.176402 <... write resumed> ) = 1
17463 14:04:12.176410 socket(PF_INET, SOCK_STREAM, IPPROTO_TCP <unfinished ...>
17465 14:04:12.176423 read(5,  <unfinished ...>
17463 14:04:12.176432 <... socket resumed> ) = 5
17463 14:04:12.176440 setsockopt(5, SOL_SOCKET, SO_REUSEADDR, [1], 4) = 0
17463 14:04:12.176455 bind(5, {sa_family=AF_INET, sin_port=htons(59575), sin_addr=inet_addr("127.0.0.1")}, 16) = 0
17463 14:04:12.176472 listen(5, 1)      = 0
17463 14:04:12.176485 write(4, "\267\350\0\0", 4 <unfinished ...>
17465 14:04:12.176494 <... read resumed> "\267\350\0\0", 4) = 4
17463 14:04:12.176499 <... write resumed> ) = 4
17465 14:04:12.176511 write(0, "227 Entering Passive Mode (127,0,0,1,232,183).\r\n", 48 <unfinished ...>
17463 14:04:12.176519 read(4,  <unfinished ...>
17465 14:04:12.176620 <... write resumed> ) = 48
17465 14:04:12.176632 rt_sigaction(SIGALRM, {0x805cad0, ~[RTMIN RT_1], 0}, NULL, 8) = 0
17465 14:04:12.176647 alarm(300)        = 300
17465 14:04:12.176658 recv(0, "RETR myfile40\r\n", 4096, MSG_PEEK) = 15
17465 14:04:12.176670 read(0, "RETR myfile40\r\n", 15) = 15
17465 14:04:12.176701 write(5, "\v", 1 <unfinished ...>
17463 14:04:12.176713 <... read resumed> "\v", 1) = 1
17465 14:04:12.176718 <... write resumed> ) = 1
17463 14:04:12.176735 write(4, "\1\0\0\0", 4 <unfinished ...>
17465 14:04:12.176740 read(5,  <unfinished ...>
17463 14:04:12.176747 <... write resumed> ) = 4
17465 14:04:12.176751 <... read resumed> "\1\0\0\0", 4) = 4
17463 14:04:12.176759 read(4,  <unfinished ...>
17465 14:04:12.176764 gettimeofday({1495649052, 176768}, NULL) = 0
17465 14:04:12.176776 getcwd("/home/msfadmin", 4096) = 15
17465 14:04:12.176788 open("myfile40", O_RDONLY|O_NONBLOCK|O_LARGEFILE) = 4
17465 14:04:12.176802 fcntl64(4, F_SETLKW64, {type=F_RDLCK, whence=SEEK_SET, start=0, len=0}, 0xbfdeaff4) = 0
17465 14:04:12.176817 fstat64(4, {st_mode=S_IFREG|0644, st_size=17, ...}) = 0
17465 14:04:12.176835 fcntl64(4, F_GETFL) = 0x8800 (flags O_RDONLY|O_NONBLOCK|O_LARGEFILE)
17465 14:04:12.176846 fcntl64(4, F_SETFL, O_RDONLY|O_LARGEFILE) = 0
17465 14:04:12.176857 write(5, "\v", 1 <unfinished ...>
17463 14:04:12.176865 <... read resumed> "\v", 1) = 1
17465 14:04:12.176869 <... write resumed> ) = 1
17463 14:04:12.176876 write(4, "\1\0\0\0", 4 <unfinished ...>
17465 14:04:12.176882 read(5,  <unfinished ...>
17463 14:04:12.176888 <... write resumed> ) = 4
17465 14:04:12.176892 <... read resumed> "\1\0\0\0", 4) = 4
17463 14:04:12.176900 read(4,  <unfinished ...>
17465 14:04:12.176904 write(5, "\v", 1 <unfinished ...>
17463 14:04:12.176911 <... read resumed> "\v", 1) = 1
17465 14:04:12.176916 <... write resumed> ) = 1
17463 14:04:12.176922 write(4, "\1\0\0\0", 4 <unfinished ...>
17465 14:04:12.176928 read(5,  <unfinished ...>
17463 14:04:12.176934 <... write resumed> ) = 4
17465 14:04:12.176938 <... read resumed> "\1\0\0\0", 4) = 4
17463 14:04:12.176946 read(4,  <unfinished ...>
17465 14:04:12.176950 write(5, "\r", 1 <unfinished ...>
17463 14:04:12.176957 <... read resumed> "\r", 1) = 1
17465 14:04:12.176962 <... write resumed> ) = 1
17463 14:04:12.176970 select(6, [5], NULL, NULL, {60, 0} <unfinished ...>
17465 14:04:12.176976 read(5,  <unfinished ...>
17463 14:04:12.176983 <... select resumed> ) = 1 (in [5], left {60, 0})
17463 14:04:12.176993 accept(5, {sa_family=AF_INET, sin_port=htons(52593), sin_addr=inet_addr("127.0.0.1")}, [16]) = 6
17463 14:04:12.177015 write(4, "\1", 1 <unfinished ...>
17465 14:04:12.177023 <... read resumed> "\1", 1) = 1
17463 14:04:12.177028 <... write resumed> ) = 1
17465 14:04:12.177036 recvmsg(5,  <unfinished ...>
17463 14:04:12.177042 sendmsg(4, {msg_name(0)=NULL, msg_iov(1)=[{"\0", 1}], msg_controllen=16, {cmsg_len=16, cmsg_level=SOL_SOCKET, cmsg_type=SCM_RIGHTS, {6}}, msg_flags=0}, 0 <unfinished ...>
17465 14:04:12.177056 <... recvmsg resumed> {msg_name(0)=NULL, msg_iov(1)=[{"\0", 1}], msg_controllen=16, {cmsg_len=16, cmsg_level=SOL_SOCKET, cmsg_type=SCM_RIGHTS, {6}}, msg_flags=0}, 0) = 1
17463 14:04:12.177066 <... sendmsg resumed> ) = 1
17465 14:04:12.177074 setsockopt(6, SOL_SOCKET, SO_KEEPALIVE, [1], 4 <unfinished ...>
17463 14:04:12.177079 close(6 <unfinished ...>
17465 14:04:12.177086 <... setsockopt resumed> ) = 0
17463 14:04:12.177094 <... close resumed> ) = 0
17465 14:04:12.177103 setsockopt(6, SOL_IP, IP_TOS, [8], 4 <unfinished ...>
17463 14:04:12.177108 read(4,  <unfinished ...>
17465 14:04:12.177114 <... setsockopt resumed> ) = 0
17465 14:04:12.177122 setsockopt(6, SOL_SOCKET, SO_LINGER, {onoff=1, linger=32767}, 8) = 0
17465 14:04:12.177133 rt_sigaction(SIGALRM, {0x805cad0, ~[RTMIN RT_1], 0}, NULL, 8) = 0
17465 14:04:12.177146 alarm(300)        = 300
17465 14:04:12.177160 write(0, "150 Opening BINARY mode data connection for myfile40 (17 bytes).\r\n", 66) = 66
17465 14:04:12.177201 _llseek(4, 0, [0], SEEK_CUR) = 0
17465 14:04:12.177214 fstat64(4, {st_mode=S_IFREG|0644, st_size=17, ...}) = 0
17465 14:04:12.177231 _llseek(4, 0, [0], SEEK_SET) = 0
17465 14:04:12.177241 sendfile(6, 4, NULL, 17) = 17
17465 14:04:12.177271 rt_sigaction(SIGALRM, {0x805cad0, ~[RTMIN RT_1], 0}, NULL, 8) = 0
17465 14:04:12.177285 alarm(300)        = 300
17465 14:04:12.177295 close(6)          = 0
17465 14:04:12.177331 alarm(0)          = 300
17465 14:04:12.177341 gettimeofday({1495649052, 177345}, NULL) = 0
17465 14:04:12.177357 gettimeofday({1495649052, 177361}, NULL) = 0
17465 14:04:12.177372 fcntl64(3, F_SETLKW64, {type=F_WRLCK, whence=SEEK_SET, start=0, len=0}, 0xbfdeaf94) = 0
17465 14:04:12.177387 write(3, "Wed May 24 14:04:12 2017 [pid 17465] [msfadmin] OK DOWNLOAD: Client \"127.0.0.1\", \"/home/msfadmin/myfile40\", 17 bytes, 28.00Kbyte/sec\n", 133) = 133
17465 14:04:12.177408 fcntl64(3, F_SETLK64, {type=F_UNLCK, whence=SEEK_SET, start=0, len=0}, 0xbfdeaf9c) = 0
17465 14:04:12.177422 write(0, "226 Transfer complete.\r\n", 24) = 24
17465 14:04:12.177486 write(5, "\n", 1 <unfinished ...>
17463 14:04:12.177496 <... read resumed> "\n", 1) = 1
17465 14:04:12.177501 <... write resumed> ) = 1
17463 14:04:12.177508 close(5 <unfinished ...>
17465 14:04:12.177512 read(5,  <unfinished ...>
17463 14:04:12.177520 <... close resumed> ) = 0
17463 14:04:12.177526 write(4, "\1", 1 <unfinished ...>
17465 14:04:12.177534 <... read resumed> "\1", 1) = 1
17463 14:04:12.177539 <... write resumed> ) = 1
17465 14:04:12.177545 close(4 <unfinished ...>
17463 14:04:12.177550 read(4,  <unfinished ...>
17465 14:04:12.177556 <... close resumed> ) = 0
17465 14:04:12.177562 rt_sigaction(SIGALRM, {0x805cad0, ~[RTMIN RT_1], 0}, NULL, 8) = 0
17465 14:04:12.177576 alarm(300)        = 0
17465 14:04:12.177587 recv(0,  <unfinished ...>
17468 14:04:12.306012 <... recv resumed> "TYPE I\r\n", 4096, MSG_PEEK) = 8
17468 14:04:12.306042 read(0, "TYPE I\r\n", 8) = 8
17468 14:04:12.306064 write(0, "200 Switching to Binary mode.\r\n", 31) = 31
17468 14:04:12.306111 rt_sigaction(SIGALRM, {0x805cad0, ~[RTMIN RT_1], 0}, NULL, 8) = 0
17468 14:04:12.306128 alarm(300)        = 299
17468 14:04:12.306142 recv(0, "PASV\r\n", 4096, MSG_PEEK) = 6
17468 14:04:12.306153 read(0, "PASV\r\n", 6) = 6
17468 14:04:12.306165 write(5, "\n", 1) = 1
17468 14:04:12.306178 read(5,  <unfinished ...>
17466 14:04:12.306186 <... read resumed> "\n", 1) = 1
17466 14:04:12.306195 write(4, "\1", 1) = 1
17468 14:04:12.306206 <... read resumed> "\1", 1) = 1
17468 14:04:12.306213 write(5, "\f", 1) = 1
17468 14:04:12.306223 read(5,  <unfinished ...>
17466 14:04:12.306229 read(4, "\f", 1)  = 1
17466 14:04:12.306241 socket(PF_INET, SOCK_STREAM, IPPROTO_TCP) = 5
17466 14:04:12.306257 setsockopt(5, SOL_SOCKET, SO_REUSEADDR, [1], 4) = 0
17466 14:04:12.306272 bind(5, {sa_family=AF_INET, sin_port=htons(58581), sin_addr=inet_addr("127.0.0.1")}, 16) = 0
17466 14:04:12.306288 listen(5, 1)      = 0
17466 14:04:12.306302 write(4, "\325\344\0\0", 4) = 4
17468 14:04:12.306313 <... read resumed> "\325\344\0\0", 4) = 4
17468 14:04:12.306325 write(0, "227 Entering Passive Mode (127,0,0,1,228,213).\r\n", 48) = 48
17468 14:04:12.306437 rt_sigaction(SIGALRM, {0x805cad0, ~[RTMIN RT_1], 0}, NULL, 8) = 0
17468 14:04:12.306454 alarm(300)        = 300
17468 14:04:12.306466 recv(0, "STOR myfile16\r\n", 4096, MSG_PEEK) = 15
17468 14:04:12.306478 read(0, "STOR myfile16\r\n", 15) = 15
17468 14:04:12.306491 write(5, "\v", 1) = 1
17468 14:04:12.306502 read(5,  <unfinished ...>
17466 14:04:12.306516 read(4, "\v", 1)  = 1
17466 14:04:12.306528 write(4, "\1\0\0\0", 4) = 4
17468 14:04:12.306539 <... read resumed> "\1\0\0\0", 4) = 4
17468 14:04:12.306547 gettimeofday({1495649052, 306551}, NULL) = 0
17468 14:04:12.306558 getcwd("/home/msfadmin", 4096) = 15
17468 14:04:12.306571 open("myfile16", O_WRONLY|O_CREAT|O_NONBLOCK|O_LARGEFILE, 0666) = 4
17468 14:04:12.306585 fstat64(4, {st_mode=S_IFREG|0644, st_size=17, ...}) = 0
17468 14:04:12.306602 fcntl64(4, F_GETFL) = 0x8801 (flags O_WRONLY|O_NONBLOCK|O_LARGEFILE)
17468 14:04:12.306614 fcntl64(4, F_SETFL, O_WRONLY|O_LARGEFILE) = 0
17468 14:04:12.306624 fcntl64(4, F_SETLKW64, {type=F_WRLCK, whence=SEEK_SET, start=0, len=0}, 0xbfd1a704) = 0
17468 14:04:12.306638 ftruncate64(4, 0) = 0
17468 14:04:12.306657 _llseek(4, 0, [0], SEEK_SET) = 0
17468 14:04:12.306667 write(5, "\v", 1) = 1
17468 14:04:12.306678 read(5,  <unfinished ...>
17466 14:04:12.306685 read(4, "\v", 1)  = 1
17466 14:04:12.306731 write(4, "\1\0\0\0", 4) = 4
17468 14:04:12.306743 <... read resumed> "\1\0\0\0", 4) = 4
17468 14:04:12.306760 write(5, "\v", 1) = 1
17468 14:04:12.306770 read(5,  <unfinished ...>
17466 14:04:12.306777 read(4, "\v", 1)  = 1
17466 14:04:12.306788 write(4, "\1\0\0\0", 4) = 4
17468 14:04:12.306798 <... read resumed> "\1\0\0\0", 4) = 4
17468 14:04:12.306805 write(5, "\r", 1) = 1
17468 14:04:12.306815 read(5,  <unfinished ...>
17466 14:04:12.306821 read(4, "\r", 1)  = 1
17466 14:04:12.306833 select(6, [5], NULL, NULL, {60, 0}) = 1 (in [5], left {60, 0})
17466 14:04:12.306850 accept(5, {sa_family=AF_INET, sin_port=htons(39848), sin_addr=inet_addr("127.0.0.1")}, [16]) = 6
17466 14:04:12.306873 write(4, "\1", 1) = 1
17468 14:04:12.306883 <... read resumed> "\1", 1) = 1
17468 14:04:12.306892 recvmsg(5,  <unfinished ...>
17466 14:04:12.306900 sendmsg(4, {msg_name(0)=NULL, msg_iov(1)=[{"\0", 1}], msg_controllen=16, {cmsg_len=16, cmsg_level=SOL_SOCKET, cmsg_type=SCM_RIGHTS, {6}}, msg_flags=0}, 0) = 1
17468 14:04:12.306918 <... recvmsg resumed> {msg_name(0)=NULL, msg_iov(1)=[{"\0", 1}], msg_controllen=16, {cmsg_len=16, cmsg_level=SOL_SOCKET, cmsg_type=SCM_RIGHTS, {6}}, msg_flags=0}, 0) = 1
17468 14:04:12.306931 setsockopt(6, SOL_SOCKET, SO_KEEPALIVE, [1], 4) = 0
17468 14:04:12.306943 setsockopt(6, SOL_IP, IP_TOS, [8], 4) = 0
17468 14:04:12.306955 setsockopt(6, SOL_SOCKET, SO_LINGER, {onoff=1, linger=32767}, 8) = 0
17468 14:04:12.306966 rt_sigaction(SIGALRM, {0x805cad0, ~[RTMIN RT_1], 0}, NULL, 8) = 0
17468 14:04:12.306979 alarm(300)        = 300
17468 14:04:12.306992 write(0, "150 Ok to send data.\r\n", 22) = 22
17468 14:04:12.307059 read(6, "assasaaa\na\na\na\na\n", 65536) = 17
17468 14:04:12.307073 write(4, "assasaaa\na\na\na\na\n", 17) = 17
17468 14:04:12.307089 read(6, "", 65536) = 0
17468 14:04:12.307100 rt_sigaction(SIGALRM, {0x805cad0, ~[RTMIN RT_1], 0}, NULL, 8) = 0
17468 14:04:12.307113 alarm(300)        = 300
17468 14:04:12.307123 close(6)          = 0
17468 14:04:12.307132 alarm(0)          = 300
17468 14:04:12.307141 gettimeofday({1495649052, 307145}, NULL) = 0
17468 14:04:12.307156 gettimeofday({1495649052, 307160}, NULL) = 0
17468 14:04:12.307170 fcntl64(3, F_SETLKW64, {type=F_WRLCK, whence=SEEK_SET, start=0, len=0}, 0xbfd1a6a4) = 0
17468 14:04:12.307184 write(3, "Wed May 24 14:04:12 2017 [pid 17468] [msfadmin] OK UPLOAD: Client \"127.0.0.1\", \"/home/msfadmin/myfile16\", 17 bytes, 27.26Kbyte/sec\n", 131) = 131
17468 14:04:12.307205 fcntl64(3, F_SETLK64, {type=F_UNLCK, whence=SEEK_SET, start=0, len=0}, 0xbfd1a6ac) = 0
17468 14:04:12.307220 write(0, "226 Transfer complete.\r\n", 24) = 24
17468 14:04:12.307263 write(5, "\n", 1) = 1
17468 14:04:12.307274 read(5,  <unfinished ...>
17466 14:04:12.307281 close(6)          = 0
17466 14:04:12.307299 read(4, "\n", 1)  = 1
17466 14:04:12.307311 close(5)          = 0
17466 14:04:12.307321 write(4, "\1", 1) = 1
17468 14:04:12.307332 <... read resumed> "\1", 1) = 1
17468 14:04:12.307339 close(4)          = 0
17468 14:04:12.307350 rt_sigaction(SIGALRM, {0x805cad0, ~[RTMIN RT_1], 0}, NULL, 8) = 0
17468 14:04:12.307367 alarm(300)        = 0
17468 14:04:12.307378 recv(0,  <unfinished ...>
17466 14:04:12.307385 read(4,  <unfinished ...>
17465 14:04:12.776039 <... recv resumed> "USER msfadmin\r\n", 4096, MSG_PEEK) = 15
17465 14:04:12.776078 read(0, "USER msfadmin\r\n", 15) = 15
17465 14:04:12.776103 write(0, "331 Any password will do.\r\n", 27) = 27
17465 14:04:12.776148 rt_sigaction(SIGALRM, {0x805cad0, ~[RTMIN RT_1], 0}, NULL, 8) = 0
17465 14:04:12.776166 alarm(300)        = 299
17465 14:04:12.776179 recv(0, "PASS msfadmin\r\n", 4096, MSG_PEEK) = 15
17465 14:04:12.776191 read(0, "PASS msfadmin\r\n", 15) = 15
17465 14:04:12.776207 write(0, "230 Already logged in.\r\n", 24) = 24
17465 14:04:12.776267 rt_sigaction(SIGALRM, {0x805cad0, ~[RTMIN RT_1], 0}, NULL, 8) = 0
17465 14:04:12.776282 alarm(300)        = 300
17465 14:04:12.776294 recv(0, "TYPE I\r\n", 4096, MSG_PEEK) = 8
17465 14:04:12.776305 read(0, "TYPE I\r\n", 8) = 8
17465 14:04:12.776320 write(0, "200 Switching to Binary mode.\r\n", 31) = 31
17465 14:04:12.776355 rt_sigaction(SIGALRM, {0x805cad0, ~[RTMIN RT_1], 0}, NULL, 8) = 0
17465 14:04:12.776370 alarm(300)        = 300
17465 14:04:12.776381 recv(0, "PASV\r\n", 4096, MSG_PEEK) = 6
17465 14:04:12.776392 read(0, "PASV\r\n", 6) = 6
17465 14:04:12.776403 write(5, "\n", 1 <unfinished ...>
17463 14:04:12.776415 <... read resumed> "\n", 1) = 1
17465 14:04:12.776420 <... write resumed> ) = 1
17463 14:04:12.776429 write(4, "\1", 1 <unfinished ...>
17465 14:04:12.776434 read(5,  <unfinished ...>
17463 14:04:12.776441 <... write resumed> ) = 1
17465 14:04:12.776445 <... read resumed> "\1", 1) = 1
17463 14:04:12.776453 read(4,  <unfinished ...>
17465 14:04:12.776458 write(5, "\f", 1 <unfinished ...>
17463 14:04:12.776465 <... read resumed> "\f", 1) = 1
17465 14:04:12.776470 <... write resumed> ) = 1
17463 14:04:12.776478 socket(PF_INET, SOCK_STREAM, IPPROTO_TCP <unfinished ...>
17465 14:04:12.776483 read(5,  <unfinished ...>
17463 14:04:12.776492 <... socket resumed> ) = 5
17463 14:04:12.776500 setsockopt(5, SOL_SOCKET, SO_REUSEADDR, [1], 4) = 0
17463 14:04:12.776515 bind(5, {sa_family=AF_INET, sin_port=htons(13738), sin_addr=inet_addr("127.0.0.1")}, 16) = 0
17463 14:04:12.776531 listen(5, 1)      = 0
17463 14:04:12.776545 write(4, "\2525\0\0", 4 <unfinished ...>
17465 14:04:12.776553 <... read resumed> "\2525\0\0", 4) = 4
17463 14:04:12.776559 <... write resumed> ) = 4
17465 14:04:12.776570 write(0, "227 Entering Passive Mode (127,0,0,1,53,170).\r\n", 47 <unfinished ...>
17463 14:04:12.776579 read(4,  <unfinished ...>
17465 14:04:12.776678 <... write resumed> ) = 47
17465 14:04:12.776690 rt_sigaction(SIGALRM, {0x805cad0, ~[RTMIN RT_1], 0}, NULL, 8) = 0
17465 14:04:12.776705 alarm(300)        = 300
17465 14:04:12.776716 recv(0, "RETR myfile0\r\n", 4096, MSG_PEEK) = 14
17465 14:04:12.776728 read(0, "RETR myfile0\r\n", 14) = 14
17465 14:04:12.776742 write(5, "\v", 1 <unfinished ...>
17463 14:04:12.776780 <... read resumed> "\v", 1) = 1
17465 14:04:12.776786 <... write resumed> ) = 1
17463 14:04:12.776803 write(4, "\1\0\0\0", 4 <unfinished ...>
17465 14:04:12.776809 read(5,  <unfinished ...>
17463 14:04:12.776815 <... write resumed> ) = 4
17465 14:04:12.776819 <... read resumed> "\1\0\0\0", 4) = 4
17463 14:04:12.776828 read(4,  <unfinished ...>
17465 14:04:12.776832 gettimeofday({1495649052, 776836}, NULL) = 0
17465 14:04:12.776844 getcwd("/home/msfadmin", 4096) = 15
17465 14:04:12.776857 open("myfile0", O_RDONLY|O_NONBLOCK|O_LARGEFILE) = 4
17465 14:04:12.776870 fcntl64(4, F_SETLKW64, {type=F_RDLCK, whence=SEEK_SET, start=0, len=0}, 0xbfdeaff4) = 0
17465 14:04:12.776885 fstat64(4, {st_mode=S_IFREG|0644, st_size=17, ...}) = 0
17465 14:04:12.776902 fcntl64(4, F_GETFL) = 0x8800 (flags O_RDONLY|O_NONBLOCK|O_LARGEFILE)
17465 14:04:12.776913 fcntl64(4, F_SETFL, O_RDONLY|O_LARGEFILE) = 0
17465 14:04:12.776925 write(5, "\v", 1 <unfinished ...>
17463 14:04:12.776933 <... read resumed> "\v", 1) = 1
17465 14:04:12.776937 <... write resumed> ) = 1
17463 14:04:12.776944 write(4, "\1\0\0\0", 4 <unfinished ...>
17465 14:04:12.776950 read(5,  <unfinished ...>
17463 14:04:12.776963 <... write resumed> ) = 4
17465 14:04:12.776967 <... read resumed> "\1\0\0\0", 4) = 4
17463 14:04:12.776975 read(4,  <unfinished ...>
17465 14:04:12.776980 write(5, "\v", 1 <unfinished ...>
17463 14:04:12.776987 <... read resumed> "\v", 1) = 1
17465 14:04:12.776991 <... write resumed> ) = 1
17463 14:04:12.776998 write(4, "\1\0\0\0", 4 <unfinished ...>
17465 14:04:12.777004 read(5,  <unfinished ...>
17463 14:04:12.777009 <... write resumed> ) = 4
17465 14:04:12.777013 <... read resumed> "\1\0\0\0", 4) = 4
17463 14:04:12.777021 read(4,  <unfinished ...>
17465 14:04:12.777026 write(5, "\r", 1 <unfinished ...>
17463 14:04:12.777033 <... read resumed> "\r", 1) = 1
17465 14:04:12.777038 <... write resumed> ) = 1
17463 14:04:12.777045 select(6, [5], NULL, NULL, {60, 0} <unfinished ...>
17465 14:04:12.777052 read(5,  <unfinished ...>
17463 14:04:12.777059 <... select resumed> ) = 1 (in [5], left {60, 0})
17463 14:04:12.777069 accept(5, {sa_family=AF_INET, sin_port=htons(58652), sin_addr=inet_addr("127.0.0.1")}, [16]) = 6
17463 14:04:12.777091 write(4, "\1", 1 <unfinished ...>
17465 14:04:12.777099 <... read resumed> "\1", 1) = 1
17463 14:04:12.777104 <... write resumed> ) = 1
17465 14:04:12.777113 recvmsg(5,  <unfinished ...>
17463 14:04:12.777118 sendmsg(4, {msg_name(0)=NULL, msg_iov(1)=[{"\0", 1}], msg_controllen=16, {cmsg_len=16, cmsg_level=SOL_SOCKET, cmsg_type=SCM_RIGHTS, {6}}, msg_flags=0}, 0 <unfinished ...>
17465 14:04:12.777132 <... recvmsg resumed> {msg_name(0)=NULL, msg_iov(1)=[{"\0", 1}], msg_controllen=16, {cmsg_len=16, cmsg_level=SOL_SOCKET, cmsg_type=SCM_RIGHTS, {6}}, msg_flags=0}, 0) = 1
17463 14:04:12.777142 <... sendmsg resumed> ) = 1
17465 14:04:12.777150 setsockopt(6, SOL_SOCKET, SO_KEEPALIVE, [1], 4 <unfinished ...>
17463 14:04:12.777155 close(6 <unfinished ...>
17465 14:04:12.777162 <... setsockopt resumed> ) = 0
17463 14:04:12.777166 <... close resumed> ) = 0
17465 14:04:12.777173 setsockopt(6, SOL_IP, IP_TOS, [8], 4 <unfinished ...>
17463 14:04:12.777179 read(4,  <unfinished ...>
17465 14:04:12.777185 <... setsockopt resumed> ) = 0
