20223 14:32:12.785439 open("/etc/passwd", O_RDONLY|0x80000 /* O_??? */) = 5
20223 14:32:12.785454 _llseek(5, 0, [0], SEEK_CUR) = 0
20223 14:32:12.785465 fstat64(5, {st_mode=S_IFREG|0644, st_size=1624, ...}) = 0
20223 14:32:12.785481 mmap2(NULL, 1624, PROT_READ, MAP_SHARED, 5, 0) = 0xb7fd5000
20223 14:32:12.785492 _llseek(5, 1624, [1624], SEEK_SET) = 0
20223 14:32:12.785511 munmap(0xb7fd5000, 1624) = 0
20223 14:32:12.785522 close(5)          = 0
20223 14:32:12.785546 open("/etc/shadow", O_RDONLY|0x80000 /* O_??? */) = 5
20223 14:32:12.785563 _llseek(5, 0, [0], SEEK_CUR) = 0
20223 14:32:12.785573 fstat64(5, {st_mode=S_IFREG|0640, st_size=1233, ...}) = 0
20223 14:32:12.785590 mmap2(NULL, 1233, PROT_READ, MAP_SHARED, 5, 0) = 0xb7fd5000
20223 14:32:12.785600 _llseek(5, 1233, [1233], SEEK_SET) = 0
20223 14:32:12.785620 munmap(0xb7fd5000, 1233) = 0
20223 14:32:12.785630 close(5)          = 0
20223 14:32:12.785648 open("/etc/passwd", O_RDONLY|0x80000 /* O_??? */) = 5
20223 14:32:12.785661 _llseek(5, 0, [0], SEEK_CUR) = 0
20223 14:32:12.785671 fstat64(5, {st_mode=S_IFREG|0644, st_size=1624, ...}) = 0
20223 14:32:12.785697 mmap2(NULL, 1624, PROT_READ, MAP_SHARED, 5, 0) = 0xb7fd5000
20223 14:32:12.785709 _llseek(5, 1624, [1624], SEEK_SET) = 0
20223 14:32:12.785726 munmap(0xb7fd5000, 1624) = 0
20223 14:32:12.785757 close(5)          = 0
20223 14:32:12.785772 open("/etc/shadow", O_RDONLY|0x80000 /* O_??? */) = 5
20223 14:32:12.785795 _llseek(5, 0, [0], SEEK_CUR) = 0
20223 14:32:12.785806 fstat64(5, {st_mode=S_IFREG|0640, st_size=1233, ...}) = 0
20223 14:32:12.785822 mmap2(NULL, 1233, PROT_READ, MAP_SHARED, 5, 0) = 0xb7fd5000
20223 14:32:12.785832 _llseek(5, 1233, [1233], SEEK_SET) = 0
20223 14:32:12.785850 munmap(0xb7fd5000, 1233) = 0
20223 14:32:12.785859 close(5)          = 0
20223 14:32:12.786092 getuid32()        = 0
20223 14:32:12.786103 open("/etc/passwd", O_RDONLY|0x80000 /* O_??? */) = 5
20223 14:32:12.786115 _llseek(5, 0, [0], SEEK_CUR) = 0
20223 14:32:12.786126 fstat64(5, {st_mode=S_IFREG|0644, st_size=1624, ...}) = 0
20223 14:32:12.786142 mmap2(NULL, 1624, PROT_READ, MAP_SHARED, 5, 0) = 0xb7fd5000
20223 14:32:12.786153 _llseek(5, 1624, [1624], SEEK_SET) = 0
20223 14:32:12.786168 munmap(0xb7fd5000, 1624) = 0
20223 14:32:12.786178 close(5)          = 0
20223 14:32:12.786191 open("/etc/shadow", O_RDONLY|0x80000 /* O_??? */) = 5
20223 14:32:12.786203 _llseek(5, 0, [0], SEEK_CUR) = 0
20223 14:32:12.786214 fstat64(5, {st_mode=S_IFREG|0640, st_size=1233, ...}) = 0
20223 14:32:12.786230 mmap2(NULL, 1233, PROT_READ, MAP_SHARED, 5, 0) = 0xb7fd5000
20223 14:32:12.786240 _llseek(5, 1233, [1233], SEEK_SET) = 0
20223 14:32:12.786256 munmap(0xb7fd5000, 1233) = 0
20223 14:32:12.786266 close(5)          = 0
20223 14:32:12.786277 time(NULL)        = 1495650732
20223 14:32:12.786296 munmap(0xb7fd2000, 12164) = 0
20223 14:32:12.786310 munmap(0xb7fd0000, 7136) = 0
20223 14:32:12.786324 munmap(0xb7e05000, 95428) = 0
20223 14:32:12.786335 munmap(0xb7dcb000, 201052) = 0
20223 14:32:12.786346 munmap(0xb7db2000, 101180) = 0
20223 14:32:12.786363 gettimeofday({1495650732, 786366}, NULL) = 0
20223 14:32:12.786374 stat64("/usr/share/zoneinfo/UTC+04:00", 0xbfed7044) = -1 ENOENT (No such file or directory)
20223 14:32:12.786389 open("/usr/share/zoneinfo/UTC+04:00", O_RDONLY) = -1 ENOENT (No such file or directory)
20223 14:32:12.786414 fcntl64(3, F_SETLKW64, {type=F_WRLCK, whence=SEEK_SET, start=0, len=0}, 0xbfed7194) = 0
20223 14:32:12.786431 write(3, "Wed May 24 14:32:12 2017 [pid 20223] [msfadmin] OK LOGIN: Client \"127.0.0.1\"\n", 77) = 77
20223 14:32:12.786447 fcntl64(3, F_SETLK64, {type=F_UNLCK, whence=SEEK_SET, start=0, len=0}, 0xbfed719c) = 0
20223 14:32:12.786460 rt_sigaction(SIGCHLD, {0x805cad0, ~[RTMIN RT_1], 0}, NULL, 8) = 0
20223 14:32:12.786474 write(4, "\1", 1 <unfinished ...>
20224 14:32:12.786484 <... read resumed> "\1", 1) = 1
20223 14:32:12.786490 <... write resumed> ) = 1
20224 14:32:12.786497 exit_group(0)     = ?
20223 14:32:12.786524 --- SIGCHLD (Child exited) @ 0 (0) ---
20223 14:32:12.786532 sigreturn()       = ? (mask now [])
20223 14:32:12.786551 wait4(-1, [{WIFEXITED(s) && WEXITSTATUS(s) == 0}], 0, NULL) = 20224
20223 14:32:12.786564 close(4)          = 0
20223 14:32:12.786576 socketpair(PF_FILE, SOCK_STREAM, 0, [4, 5]) = 0
20223 14:32:12.786590 rt_sigaction(SIGCHLD, {0x805cad0, ~[RTMIN RT_1], 0}, NULL, 8) = 0
20223 14:32:12.786604 rt_sigaction(SIGALRM, {0x805cb10, ~[RTMIN RT_1], 0}, NULL, 8) = 0
20223 14:32:12.786617 clone(child_stack=0, flags=CLONE_CHILD_CLEARTID|CLONE_CHILD_SETTID|SIGCHLD, child_tidptr=0xb7e3b6f8) = 20225
20225 14:32:12.786666 prctl(0x1, 0x9, 0, 0, 0) = 0
20225 14:32:12.786679 close(4)          = 0
20225 14:32:12.786835 open("/etc/passwd", O_RDONLY|0x80000 /* O_??? */) = 4
20225 14:32:12.786863 _llseek(4, 0, [0], SEEK_CUR) = 0
20225 14:32:12.786878 fstat64(4, {st_mode=S_IFREG|0644, st_size=1624, ...}) = 0
20225 14:32:12.786897 mmap2(NULL, 1624, PROT_READ, MAP_SHARED, 4, 0) = 0xb7fd5000
20225 14:32:12.786909 _llseek(4, 1624, [1624], SEEK_SET) = 0
20225 14:32:12.786931 munmap(0xb7fd5000, 1624) = 0
20225 14:32:12.786943 close(4)          = 0
20225 14:32:12.786956 getuid32()        = 0
20225 14:32:12.786966 open("/etc/passwd", O_RDONLY|0x80000 /* O_??? */) = 4
20225 14:32:12.786979 _llseek(4, 0, [0], SEEK_CUR) = 0
20225 14:32:12.786990 fstat64(4, {st_mode=S_IFREG|0644, st_size=1624, ...}) = 0
20225 14:32:12.787006 mmap2(NULL, 1624, PROT_READ, MAP_SHARED, 4, 0) = 0xb7fd5000
20225 14:32:12.787017 _llseek(4, 1624, [1624], SEEK_SET) = 0
20225 14:32:12.787033 munmap(0xb7fd5000, 1624) = 0
20225 14:32:12.787043 close(4)          = 0
20225 14:32:12.787068 open("/proc/sys/kernel/ngroups_max", O_RDONLY) = 4
20225 14:32:12.787089 read(4, "65536\n", 31) = 6
20225 14:32:12.787101 close(4)          = 0
20225 14:32:12.787115 socket(PF_FILE, SOCK_STREAM, 0) = 4
20225 14:32:12.787127 fcntl64(4, F_SETFL, O_RDWR|O_NONBLOCK) = 0
20225 14:32:12.787138 connect(4, {sa_family=AF_FILE, path="/var/run/nscd/socket"}, 110) = -1 ENOENT (No such file or directory)
20225 14:32:12.787159 close(4)          = 0
20225 14:32:12.787170 socket(PF_FILE, SOCK_STREAM, 0) = 4
20225 14:32:12.787180 fcntl64(4, F_SETFL, O_RDWR|O_NONBLOCK) = 0
20225 14:32:12.787191 connect(4, {sa_family=AF_FILE, path="/var/run/nscd/socket"}, 110) = -1 ENOENT (No such file or directory)
20225 14:32:12.787209 close(4)          = 0
20225 14:32:12.787233 open("/etc/group", O_RDONLY|0x80000 /* O_??? */) = 4
20225 14:32:12.787247 _llseek(4, 0, [0], SEEK_CUR) = 0
20225 14:32:12.787258 fstat64(4, {st_mode=S_IFREG|0644, st_size=886, ...}) = 0
20225 14:32:12.787275 mmap2(NULL, 886, PROT_READ, MAP_SHARED, 4, 0) = 0xb7fd5000
20225 14:32:12.787286 _llseek(4, 886, [886], SEEK_SET) = 0
20225 14:32:12.787310 fstat64(4, {st_mode=S_IFREG|0644, st_size=886, ...}) = 0
20225 14:32:12.787328 munmap(0xb7fd5000, 886) = 0
20225 14:32:12.787342 close(4)          = 0
20225 14:32:12.787352 setgroups32(13, [1000, 4, 20, 24, 25, 29, 30, 44, 46, 107, 111, 112, 119]) = 0
20225 14:32:12.787368 geteuid32()       = 0
20225 14:32:12.787379 getegid32()       = 0
20225 14:32:12.787390 setregid32(-1, 1000) = 0
20225 14:32:12.787400 setreuid32(-1, 1000) = 0
20225 14:32:12.787411 chdir("/home/msfadmin") = 0
20225 14:32:12.787423 setreuid32(-1, 0) = 0
20225 14:32:12.787432 setregid32(-1, 0) = 0
20225 14:32:12.787443 setgid32(1000)    = 0
20225 14:32:12.787452 setuid32(1000)    = 0
20225 14:32:12.787463 setrlimit(RLIMIT_NPROC, {rlim_cur=0, rlim_max=0}) = 0
20225 14:32:12.787476 mmap2(NULL, 12288, PROT_READ|PROT_WRITE, MAP_PRIVATE|MAP_ANONYMOUS, -1, 0) = 0xb7fd3000
20225 14:32:12.787488 mprotect(0xb7fd5000, 4096, PROT_NONE) = 0
20225 14:32:12.787499 mprotect(0xb7fd3000, 4096, PROT_NONE) = 0
20225 14:32:12.787510 getcwd("/home/msfadmin", 4096) = 15
20225 14:32:12.787523 umask(022)        = 077
20225 14:32:12.787533 getcwd("/home/msfadmin", 4096) = 15
20225 14:32:12.787547 open(".message", O_RDONLY|O_NONBLOCK|O_LARGEFILE) = -1 ENOENT (No such file or directory)
20225 14:32:12.787569 write(0, "230 Login successful.\r\n", 23) = 23
20225 14:32:12.787633 rt_sigaction(SIGALRM, {0x805cad0, ~[RTMIN RT_1], 0}, NULL, 8) = 0
20225 14:32:12.787650 alarm(300)        = 0
20225 14:32:12.787661 mmap2(NULL, 12288, PROT_READ|PROT_WRITE, MAP_PRIVATE|MAP_ANONYMOUS, -1, 0) = 0xb7fd0000
20225 14:32:12.787672 mprotect(0xb7fd2000, 4096, PROT_NONE) = 0
20225 14:32:12.787684 mprotect(0xb7fd0000, 4096, PROT_NONE) = 0
20225 14:32:12.787696 recv(0, "TYPE I\r\n", 4096, MSG_PEEK) = 8
20225 14:32:12.787709 read(0, "TYPE I\r\n", 8) = 8
20225 14:32:12.787726 write(0, "200 Switching to Binary mode.\r\n", 31) = 31
20225 14:32:12.787766 rt_sigaction(SIGALRM, {0x805cad0, ~[RTMIN RT_1], 0}, NULL, 8) = 0
20225 14:32:12.787780 alarm(300)        = 300
20225 14:32:12.787807 recv(0, "PASV\r\n", 4096, MSG_PEEK) = 6
20225 14:32:12.787820 read(0, "PASV\r\n", 6) = 6
20225 14:32:12.787842 write(5, "\n", 1) = 1
20225 14:32:12.787853 read(5,  <unfinished ...>
20223 14:32:12.787865 close(5)          = 0
20223 14:32:12.787878 getuid32()        = 0
20223 14:32:12.787893 open("/etc/passwd", O_RDONLY|0x80000 /* O_??? */) = 5
20223 14:32:12.787908 _llseek(5, 0, [0], SEEK_CUR) = 0
20223 14:32:12.787920 fstat64(5, {st_mode=S_IFREG|0644, st_size=1624, ...}) = 0
20223 14:32:12.787938 mmap2(NULL, 1624, PROT_READ, MAP_SHARED, 5, 0) = 0xb7fd5000
20223 14:32:12.787949 _llseek(5, 1624, [1624], SEEK_SET) = 0
20223 14:32:12.787967 munmap(0xb7fd5000, 1624) = 0
20223 14:32:12.787979 close(5)          = 0
20223 14:32:12.787994 setgroups32(0, []) = 0
20223 14:32:12.788006 chdir("/usr/share/empty") = 0
20223 14:32:12.788018 chroot(".")       = 0
20223 14:32:12.788029 capset(NULL, NULL) = -1 EFAULT (Bad address)
20223 14:32:12.788042 prctl(0x8, 0, 0xbfed7178, 0x80549a6, 0xbfed7160) = 0
20223 14:32:12.788053 prctl(0x8, 0x1, 0xbfed7178, 0x8054a49, 0xbfed7160) = 0
20223 14:32:12.788063 setgid32(65534)   = 0
20223 14:32:12.788073 setuid32(65534)   = 0
20223 14:32:12.788082 capset(0x19980330, 0, {CAP_NET_BIND_SERVICE, CAP_NET_BIND_SERVICE, 0}) = 0
20223 14:32:12.788095 read(4, "\n", 1)  = 1
20223 14:32:12.788108 write(4, "\1", 1) = 1
20225 14:32:12.788120 <... read resumed> "\1", 1) = 1
20225 14:32:12.788127 write(5, "\f", 1) = 1
20225 14:32:12.788137 read(5,  <unfinished ...>
20223 14:32:12.788144 read(4, "\f", 1)  = 1
20223 14:32:12.788157 socket(PF_INET, SOCK_STREAM, IPPROTO_TCP) = 5
20223 14:32:12.788170 setsockopt(5, SOL_SOCKET, SO_REUSEADDR, [1], 4) = 0
20223 14:32:12.788181 gettimeofday({1495650732, 788185}, NULL) = 0
20223 14:32:12.788197 bind(5, {sa_family=AF_INET, sin_port=htons(17435), sin_addr=inet_addr("127.0.0.1")}, 16) = 0
20223 14:32:12.788213 listen(5, 1)      = 0
20223 14:32:12.788226 write(4, "\33D\0\0", 4) = 4
20225 14:32:12.788237 <... read resumed> "\33D\0\0", 4) = 4
20225 14:32:12.788251 write(0, "227 Entering Passive Mode (127,0,0,1,68,27).\r\n", 46) = 46
20225 14:32:12.788346 rt_sigaction(SIGALRM, {0x805cad0, ~[RTMIN RT_1], 0}, NULL, 8) = 0
20225 14:32:12.788366 alarm(300)        = 300
20225 14:32:12.788378 recv(0, "RETR myfile6\r\n", 4096, MSG_PEEK) = 14
20225 14:32:12.788391 read(0, "RETR myfile6\r\n", 14) = 14
20225 14:32:12.788406 write(5, "\v", 1) = 1
20225 14:32:12.788416 read(5,  <unfinished ...>
20223 14:32:12.788424 read(4, "\v", 1)  = 1
20223 14:32:12.788435 write(4, "\1\0\0\0", 4) = 4
20225 14:32:12.788446 <... read resumed> "\1\0\0\0", 4) = 4
20225 14:32:12.788454 gettimeofday({1495650732, 788458}, NULL) = 0
20225 14:32:12.788465 getcwd("/home/msfadmin", 4096) = 15
20225 14:32:12.788478 open("myfile6", O_RDONLY|O_NONBLOCK|O_LARGEFILE) = 4
20225 14:32:12.788490 fcntl64(4, F_SETLKW64, {type=F_RDLCK, whence=SEEK_SET, start=0, len=0}, 0xbfed70e4) = 0
20225 14:32:12.788504 fstat64(4, {st_mode=S_IFREG|0644, st_size=17, ...}) = 0
20225 14:32:12.788521 fcntl64(4, F_GETFL) = 0x8800 (flags O_RDONLY|O_NONBLOCK|O_LARGEFILE)
20225 14:32:12.788546 fcntl64(4, F_SETFL, O_RDONLY|O_LARGEFILE) = 0
20225 14:32:12.788560 write(5, "\v", 1) = 1
20225 14:32:12.788572 read(5,  <unfinished ...>
20223 14:32:12.788579 read(4, "\v", 1)  = 1
20223 14:32:12.788590 write(4, "\1\0\0\0", 4) = 4
20225 14:32:12.788601 <... read resumed> "\1\0\0\0", 4) = 4
20225 14:32:12.788609 write(5, "\v", 1) = 1
20225 14:32:12.788619 read(5,  <unfinished ...>
20223 14:32:12.788626 read(4, "\v", 1)  = 1
20223 14:32:12.788637 write(4, "\1\0\0\0", 4) = 4
20225 14:32:12.788647 <... read resumed> "\1\0\0\0", 4) = 4
20225 14:32:12.788654 write(5, "\r", 1) = 1
20225 14:32:12.788664 read(5,  <unfinished ...>
20223 14:32:12.788671 read(4, "\r", 1)  = 1
20223 14:32:12.788684 select(6, [5], NULL, NULL, {60, 0}) = 1 (in [5], left {60, 0})
20223 14:32:12.788701 accept(5, {sa_family=AF_INET, sin_port=htons(56236), sin_addr=inet_addr("127.0.0.1")}, [16]) = 6
20223 14:32:12.788723 write(4, "\1", 1) = 1
20225 14:32:12.788734 <... read resumed> "\1", 1) = 1
20225 14:32:12.788767 recvmsg(5,  <unfinished ...>
20223 14:32:12.788779 sendmsg(4, {msg_name(0)=NULL, msg_iov(1)=[{"\0", 1}], msg_controllen=16, {cmsg_len=16, cmsg_level=SOL_SOCKET, cmsg_type=SCM_RIGHTS, {6}}, msg_flags=0}, 0) = 1
20225 14:32:12.788807 <... recvmsg resumed> {msg_name(0)=NULL, msg_iov(1)=[{"\0", 1}], msg_controllen=16, {cmsg_len=16, cmsg_level=SOL_SOCKET, cmsg_type=SCM_RIGHTS, {6}}, msg_flags=0}, 0) = 1
20225 14:32:12.788820 setsockopt(6, SOL_SOCKET, SO_KEEPALIVE, [1], 4) = 0
20225 14:32:12.788833 setsockopt(6, SOL_IP, IP_TOS, [8], 4) = 0
20225 14:32:12.788845 setsockopt(6, SOL_SOCKET, SO_LINGER, {onoff=1, linger=32767}, 8) = 0
20225 14:32:12.788856 rt_sigaction(SIGALRM, {0x805cad0, ~[RTMIN RT_1], 0}, NULL, 8) = 0
20225 14:32:12.788869 alarm(300)        = 300
20225 14:32:12.788884 write(0, "150 Opening BINARY mode data connection for myfile6 (17 bytes).\r\n", 65) = 65
20225 14:32:12.788927 _llseek(4, 0, [0], SEEK_CUR) = 0
20225 14:32:12.788940 fstat64(4, {st_mode=S_IFREG|0644, st_size=17, ...}) = 0
20225 14:32:12.788957 _llseek(4, 0, [0], SEEK_SET) = 0
20225 14:32:12.788970 sendfile(6, 4, NULL, 17) = 17
20225 14:32:12.788999 rt_sigaction(SIGALRM, {0x805cad0, ~[RTMIN RT_1], 0}, NULL, 8) = 0
20225 14:32:12.789013 alarm(300)        = 300
20225 14:32:12.789023 close(6)          = 0
20225 14:32:12.789032 alarm(0)          = 300
20225 14:32:12.789042 gettimeofday({1495650732, 789045}, NULL) = 0
20225 14:32:12.789059 getpid()          = 20225
20225 14:32:12.789071 gettimeofday({1495650732, 789075}, NULL) = 0
20225 14:32:12.789089 fcntl64(3, F_SETLKW64, {type=F_WRLCK, whence=SEEK_SET, start=0, len=0}, 0xbfed7084) = 0
20225 14:32:12.789104 write(3, "Wed May 24 14:32:12 2017 [pid 20225] [msfadmin] OK DOWNLOAD: Client \"127.0.0.1\", \"/home/msfadmin/myfile6\", 17 bytes, 26.91Kbyte/sec\n", 132) = 132
20225 14:32:12.789124 fcntl64(3, F_SETLK64, {type=F_UNLCK, whence=SEEK_SET, start=0, len=0}, 0xbfed708c) = 0
20225 14:32:12.789138 write(0, "226 Transfer complete.\r\n", 24) = 24
20225 14:32:12.789154 write(5, "\n", 1) = 1
20225 14:32:12.789165 read(5,  <unfinished ...>
20223 14:32:12.789172 close(6)          = 0
20223 14:32:12.789251 read(4, "\n", 1)  = 1
20223 14:32:12.789264 close(5)          = 0
20223 14:32:12.789276 write(4, "\1", 1) = 1
20225 14:32:12.789287 <... read resumed> "\1", 1) = 1
20225 14:32:12.789294 close(4)          = 0
20225 14:32:12.789305 rt_sigaction(SIGALRM, {0x805cad0, ~[RTMIN RT_1], 0}, NULL, 8) = 0
20225 14:32:12.789318 alarm(300)        = 0
20225 14:32:12.789330 recv(0,  <unfinished ...>
20223 14:32:12.789337 read(4,  <unfinished ...>
20222 14:32:13.206598 <... recv resumed> "TYPE I\r\n", 4096, MSG_PEEK) = 8
20222 14:32:13.206685 read(0, "TYPE I\r\n", 8) = 8
20222 14:32:13.206763 write(0, "200 Switching to Binary mode.\r\n", 31) = 31
20222 14:32:13.206847 rt_sigaction(SIGALRM, {0x805cad0, ~[RTMIN RT_1], 0}, NULL, 8) = 0
20222 14:32:13.206878 alarm(300)        = 299
20222 14:32:13.206902 recv(0, "PASV\r\n", 4096, MSG_PEEK) = 6
20222 14:32:13.206915 read(0, "PASV\r\n", 6) = 6
20222 14:32:13.206927 write(5, "\n", 1 <unfinished ...>
20220 14:32:13.206939 <... read resumed> "\n", 1) = 1
20222 14:32:13.206944 <... write resumed> ) = 1
20220 14:32:13.206952 write(4, "\1", 1) = 1
20220 14:32:13.206963 read(4,  <unfinished ...>
20222 14:32:13.206971 read(5, "\1", 1)  = 1
20222 14:32:13.206983 write(5, "\f", 1 <unfinished ...>
20220 14:32:13.206990 <... read resumed> "\f", 1) = 1
20222 14:32:13.206995 <... write resumed> ) = 1
20220 14:32:13.207002 socket(PF_INET, SOCK_STREAM, IPPROTO_TCP) = 5
20220 14:32:13.207019 setsockopt(5, SOL_SOCKET, SO_REUSEADDR, [1], 4) = 0
20220 14:32:13.207035 bind(5, {sa_family=AF_INET, sin_port=htons(63241), sin_addr=inet_addr("127.0.0.1")}, 16) = 0
20220 14:32:13.207052 listen(5, 1)      = 0
20220 14:32:13.207066 write(4, "\t\367\0\0", 4) = 4
20220 14:32:13.207077 read(4,  <unfinished ...>
20222 14:32:13.207084 read(5, "\t\367\0\0", 4) = 4
20222 14:32:13.207101 write(0, "227 Entering Passive Mode (127,0,0,1,247,9).\r\n", 46) = 46
20222 14:32:13.207217 rt_sigaction(SIGALRM, {0x805cad0, ~[RTMIN RT_1], 0}, NULL, 8) = 0
20222 14:32:13.207234 alarm(300)        = 300
20222 14:32:13.207246 recv(0, "STOR myfile7\r\n", 4096, MSG_PEEK) = 14
20222 14:32:13.207259 read(0, "STOR myfile7\r\n", 14) = 14
20222 14:32:13.207273 write(5, "\v", 1 <unfinished ...>
20220 14:32:13.207281 <... read resumed> "\v", 1) = 1
20222 14:32:13.207286 <... write resumed> ) = 1
20220 14:32:13.207293 write(4, "\1\0\0\0", 4) = 4
20220 14:32:13.207304 read(4,  <unfinished ...>
20222 14:32:13.207311 read(5, "\1\0\0\0", 4) = 4
20222 14:32:13.207323 gettimeofday({1495650733, 207327}, NULL) = 0
20222 14:32:13.207335 getcwd("/home/msfadmin", 4096) = 15
20222 14:32:13.207348 open("myfile7", O_WRONLY|O_CREAT|O_NONBLOCK|O_LARGEFILE, 0666) = 4
20222 14:32:13.207362 fstat64(4, {st_mode=S_IFREG|0644, st_size=17, ...}) = 0
20222 14:32:13.207380 fcntl64(4, F_GETFL) = 0x8801 (flags O_WRONLY|O_NONBLOCK|O_LARGEFILE)
20222 14:32:13.207392 fcntl64(4, F_SETFL, O_WRONLY|O_LARGEFILE) = 0
20222 14:32:13.207402 fcntl64(4, F_SETLKW64, {type=F_WRLCK, whence=SEEK_SET, start=0, len=0}, 0xbff040f4) = 0
20222 14:32:13.207417 ftruncate64(4, 0) = 0
20222 14:32:13.207437 _llseek(4, 0, [0], SEEK_SET) = 0
20222 14:32:13.207448 write(5, "\v", 1 <unfinished ...>
20220 14:32:13.207456 <... read resumed> "\v", 1) = 1
20222 14:32:13.207461 <... write resumed> ) = 1
20220 14:32:13.207468 write(4, "\1\0\0\0", 4) = 4
20220 14:32:13.207479 read(4,  <unfinished ...>
20222 14:32:13.207486 read(5, "\1\0\0\0", 4) = 4
20222 14:32:13.207498 write(5, "\v", 1 <unfinished ...>
20220 14:32:13.207505 <... read resumed> "\v", 1) = 1
20222 14:32:13.207510 <... write resumed> ) = 1
20220 14:32:13.207525 write(4, "\1\0\0\0", 4) = 4
20220 14:32:13.207539 read(4,  <unfinished ...>
20222 14:32:13.207546 read(5, "\1\0\0\0", 4) = 4
20222 14:32:13.207558 write(5, "\r", 1 <unfinished ...>
20220 14:32:13.207566 <... read resumed> "\r", 1) = 1
20222 14:32:13.207571 <... write resumed> ) = 1
20220 14:32:13.207578 select(6, [5], NULL, NULL, {60, 0}) = 1 (in [5], left {60, 0})
20220 14:32:13.207595 accept(5, {sa_family=AF_INET, sin_port=htons(48823), sin_addr=inet_addr("127.0.0.1")}, [16]) = 6
20220 14:32:13.207625 write(4, "\1", 1) = 1
20220 14:32:13.207637 sendmsg(4, {msg_name(0)=NULL, msg_iov(1)=[{"\0", 1}], msg_controllen=16, {cmsg_len=16, cmsg_level=SOL_SOCKET, cmsg_type=SCM_RIGHTS, {6}}, msg_flags=0}, 0) = 1
20220 14:32:13.207655 close(6)          = 0
20220 14:32:13.207665 read(4,  <unfinished ...>
20222 14:32:13.207672 read(5, "\1", 1)  = 1
20222 14:32:13.207686 recvmsg(5, {msg_name(0)=NULL, msg_iov(1)=[{"\0", 1}], msg_controllen=16, {cmsg_len=16, cmsg_level=SOL_SOCKET, cmsg_type=SCM_RIGHTS, {6}}, msg_flags=0}, 0) = 1
20222 14:32:13.207704 setsockopt(6, SOL_SOCKET, SO_KEEPALIVE, [1], 4) = 0
20222 14:32:13.207717 setsockopt(6, SOL_IP, IP_TOS, [8], 4) = 0
20222 14:32:13.207729 setsockopt(6, SOL_SOCKET, SO_LINGER, {onoff=1, linger=32767}, 8) = 0
20222 14:32:13.207741 rt_sigaction(SIGALRM, {0x805cad0, ~[RTMIN RT_1], 0}, NULL, 8) = 0
20222 14:32:13.207755 alarm(300)        = 300
20222 14:32:13.207768 write(0, "150 Ok to send data.\r\n", 22) = 22
20222 14:32:13.207837 read(6, "assasaaa\na\na\na\na\n", 65536) = 17
20222 14:32:13.207852 write(4, "assasaaa\na\na\na\na\n", 17) = 17
20222 14:32:13.207868 read(6, "", 65536) = 0
20222 14:32:13.207879 rt_sigaction(SIGALRM, {0x805cad0, ~[RTMIN RT_1], 0}, NULL, 8) = 0
20222 14:32:13.207893 alarm(300)        = 300
20222 14:32:13.207903 close(6)          = 0
20222 14:32:13.207921 alarm(0)          = 300
20222 14:32:13.207931 gettimeofday({1495650733, 207935}, NULL) = 0
20222 14:32:13.207948 gettimeofday({1495650733, 207952}, NULL) = 0
20222 14:32:13.207963 fcntl64(3, F_SETLKW64, {type=F_WRLCK, whence=SEEK_SET, start=0, len=0}, 0xbff04094) = 0
20222 14:32:13.207979 write(3, "Wed May 24 14:32:13 2017 [pid 20222] [msfadmin] OK UPLOAD: Client \"127.0.0.1\", \"/home/msfadmin/myfile7\", 17 bytes, 26.56Kbyte/sec\n", 130) = 130
20222 14:32:13.208001 fcntl64(3, F_SETLK64, {type=F_UNLCK, whence=SEEK_SET, start=0, len=0}, 0xbff0409c) = 0
20222 14:32:13.208016 write(0, "226 Transfer complete.\r\n", 24) = 24
20222 14:32:13.208060 write(5, "\n", 1 <unfinished ...>
20220 14:32:13.208070 <... read resumed> "\n", 1) = 1
20222 14:32:13.208075 <... write resumed> ) = 1
20220 14:32:13.208082 close(5)          = 0
20220 14:32:13.208094 write(4, "\1", 1) = 1
20220 14:32:13.208105 read(4,  <unfinished ...>
20222 14:32:13.208112 read(5, "\1", 1)  = 1
20222 14:32:13.208124 close(4)          = 0
20222 14:32:13.208135 rt_sigaction(SIGALRM, {0x805cad0, ~[RTMIN RT_1], 0}, NULL, 8) = 0
20222 14:32:13.208148 alarm(300)        = 0
20222 14:32:13.208160 recv(0,  <unfinished ...>
20225 14:32:13.376591 <... recv resumed> "USER msfadmin\r\n", 4096, MSG_PEEK) = 15
20225 14:32:13.376731 read(0, "USER msfadmin\r\n", 15) = 15
20225 14:32:13.376850 write(0, "331 Any password will do.\r\n", 27) = 27
20225 14:32:13.376950 rt_sigaction(SIGALRM, {0x805cad0, ~[RTMIN RT_1], 0}, NULL, 8) = 0
20225 14:32:13.376984 alarm(300)        = 299
20225 14:32:13.377010 recv(0, "PASS msfadmin\r\n", 4096, MSG_PEEK) = 15
20225 14:32:13.377029 read(0, "PASS msfadmin\r\n", 15) = 15
20225 14:32:13.377046 write(0, "230 Already logged in.\r\n", 24) = 24
20225 14:32:13.377109 rt_sigaction(SIGALRM, {0x805cad0, ~[RTMIN RT_1], 0}, NULL, 8) = 0
20225 14:32:13.377124 alarm(300)        = 300
20225 14:32:13.377136 recv(0, "TYPE I\r\n", 4096, MSG_PEEK) = 8
20225 14:32:13.377147 read(0, "TYPE I\r\n", 8) = 8
20225 14:32:13.377162 write(0, "200 Switching to Binary mode.\r\n", 31) = 31
20225 14:32:13.377198 rt_sigaction(SIGALRM, {0x805cad0, ~[RTMIN RT_1], 0}, NULL, 8) = 0
20225 14:32:13.377213 alarm(300)        = 300
20225 14:32:13.377223 recv(0, "PASV\r\n", 4096, MSG_PEEK) = 6
20225 14:32:13.377235 read(0, "PASV\r\n", 6) = 6
20225 14:32:13.377246 write(5, "\n", 1) = 1
20225 14:32:13.377259 read(5,  <unfinished ...>
20223 14:32:13.377268 <... read resumed> "\n", 1) = 1
20223 14:32:13.377277 write(4, "\1", 1) = 1
20225 14:32:13.377288 <... read resumed> "\1", 1) = 1
20225 14:32:13.377295 write(5, "\f", 1) = 1
20225 14:32:13.377305 read(5,  <unfinished ...>
20223 14:32:13.377312 read(4, "\f", 1)  = 1
20223 14:32:13.377324 socket(PF_INET, SOCK_STREAM, IPPROTO_TCP) = 5
20223 14:32:13.377348 setsockopt(5, SOL_SOCKET, SO_REUSEADDR, [1], 4) = 0
20223 14:32:13.377362 bind(5, {sa_family=AF_INET, sin_port=htons(29258), sin_addr=inet_addr("127.0.0.1")}, 16) = 0
20223 14:32:13.377379 listen(5, 1)      = 0
20223 14:32:13.377393 write(4, "Jr\0\0", 4) = 4
20225 14:32:13.377404 <... read resumed> "Jr\0\0", 4) = 4
20225 14:32:13.377416 write(0, "227 Entering Passive Mode (127,0,0,1,114,74).\r\n", 47) = 47
20225 14:32:13.377556 rt_sigaction(SIGALRM, {0x805cad0, ~[RTMIN RT_1], 0}, NULL, 8) = 0
20225 14:32:13.377586 alarm(300)        = 300
20225 14:32:13.377597 recv(0, "RETR myfile7\r\n", 4096, MSG_PEEK) = 14
20225 14:32:13.377610 read(0, "RETR myfile7\r\n", 14) = 14
20225 14:32:13.377623 write(5, "\v", 1) = 1
20225 14:32:13.377634 read(5,  <unfinished ...>
20223 14:32:13.377641 read(4, "\v", 1)  = 1
20223 14:32:13.377652 write(4, "\1\0\0\0", 4) = 4
20225 14:32:13.377663 <... read resumed> "\1\0\0\0", 4) = 4
20225 14:32:13.377671 gettimeofday({1495650733, 377675}, NULL) = 0
20225 14:32:13.377682 getcwd("/home/msfadmin", 4096) = 15
20225 14:32:13.377695 open("myfile7", O_RDONLY|O_NONBLOCK|O_LARGEFILE) = 4
20225 14:32:13.377709 fcntl64(4, F_SETLKW64, {type=F_RDLCK, whence=SEEK_SET, start=0, len=0}, 0xbfed70e4) = 0
20225 14:32:13.377724 fstat64(4, {st_mode=S_IFREG|0644, st_size=17, ...}) = 0
20225 14:32:13.377742 fcntl64(4, F_GETFL) = 0x8800 (flags O_RDONLY|O_NONBLOCK|O_LARGEFILE)
20225 14:32:13.377753 fcntl64(4, F_SETFL, O_RDONLY|O_LARGEFILE) = 0
20225 14:32:13.377764 write(5, "\v", 1) = 1
20225 14:32:13.377775 read(5,  <unfinished ...>
20223 14:32:13.377782 read(4, "\v", 1)  = 1
20223 14:32:13.377793 write(4, "\1\0\0\0", 4) = 4
20225 14:32:13.377804 <... read resumed> "\1\0\0\0", 4) = 4
20225 14:32:13.377812 write(5, "\v", 1) = 1
20225 14:32:13.377822 read(5,  <unfinished ...>
20223 14:32:13.377828 read(4, "\v", 1)  = 1
20223 14:32:13.377839 write(4, "\1\0\0\0", 4) = 4
20225 14:32:13.377849 <... read resumed> "\1\0\0\0", 4) = 4
20225 14:32:13.377857 write(5, "\r", 1) = 1
20225 14:32:13.377867 read(5,  <unfinished ...>
20223 14:32:13.377873 read(4, "\r", 1)  = 1
20223 14:32:13.377885 select(6, [5], NULL, NULL, {60, 0}) = 1 (in [5], left {60, 0})
20223 14:32:13.377901 accept(5, {sa_family=AF_INET, sin_port=htons(37374), sin_addr=inet_addr("127.0.0.1")}, [16]) = 6
20223 14:32:13.377924 write(4, "\1", 1) = 1
20225 14:32:13.377934 <... read resumed> "\1", 1) = 1
20225 14:32:13.377943 recvmsg(5,  <unfinished ...>
20223 14:32:13.377951 sendmsg(4, {msg_name(0)=NULL, msg_iov(1)=[{"\0", 1}], msg_controllen=16, {cmsg_len=16, cmsg_level=SOL_SOCKET, cmsg_type=SCM_RIGHTS, {6}}, msg_flags=0}, 0) = 1
20225 14:32:13.377968 <... recvmsg resumed> {msg_name(0)=NULL, msg_iov(1)=[{"\0", 1}], msg_controllen=16, {cmsg_len=16, cmsg_level=SOL_SOCKET, cmsg_type=SCM_RIGHTS, {6}}, msg_flags=0}, 0) = 1
20225 14:32:13.377982 setsockopt(6, SOL_SOCKET, SO_KEEPALIVE, [1], 4) = 0
20225 14:32:13.377994 setsockopt(6, SOL_IP, IP_TOS, [8], 4) = 0
20225 14:32:13.378006 setsockopt(6, SOL_SOCKET, SO_LINGER, {onoff=1, linger=32767}, 8) = 0
20225 14:32:13.378017 rt_sigaction(SIGALRM, {0x805cad0, ~[RTMIN RT_1], 0}, NULL, 8) = 0
20225 14:32:13.378030 alarm(300)        = 300
20225 14:32:13.378043 write(0, "150 Opening BINARY mode data connection for myfile7 (17 bytes).\r\n", 65) = 65
20225 14:32:13.378085 _llseek(4, 0, [0], SEEK_CUR) = 0
20225 14:32:13.378098 fstat64(4, {st_mode=S_IFREG|0644, st_size=17, ...}) = 0
20225 14:32:13.378115 _llseek(4, 0, [0], SEEK_SET) = 0
20225 14:32:13.378125 sendfile(6, 4, NULL, 17) = 17
20225 14:32:13.378156 rt_sigaction(SIGALRM, {0x805cad0, ~[RTMIN RT_1], 0}, NULL, 8) = 0
20225 14:32:13.378170 alarm(300)        = 300
20225 14:32:13.378180 close(6)          = 0
20225 14:32:13.378189 alarm(0)          = 300
20225 14:32:13.378199 gettimeofday({1495650733, 378202}, NULL) = 0
20225 14:32:13.378214 gettimeofday({1495650733, 378218}, NULL) = 0
20225 14:32:13.378229 fcntl64(3, F_SETLKW64, {type=F_WRLCK, whence=SEEK_SET, start=0, len=0}, 0xbfed7084) = 0
20225 14:32:13.378244 write(3, "Wed May 24 14:32:13 2017 [pid 20225] [msfadmin] OK DOWNLOAD: Client \"127.0.0.1\", \"/home/msfadmin/myfile7\", 17 bytes, 30.57Kbyte/sec\n", 132) = 132
20225 14:32:13.378269 fcntl64(3, F_SETLK64, {type=F_UNLCK, whence=SEEK_SET, start=0, len=0}, 0xbfed708c) = 0
20225 14:32:13.378283 write(0, "226 Transfer complete.\r\n", 24) = 24
20225 14:32:13.378299 write(5, "\n", 1) = 1
20225 14:32:13.378309 read(5,  <unfinished ...>
20223 14:32:13.378317 close(6)          = 0
20223 14:32:13.378398 read(4, "\n", 1)  = 1
20223 14:32:13.378411 close(5)          = 0
20223 14:32:13.378423 write(4, "\1", 1) = 1
20225 14:32:13.378434 <... read resumed> "\1", 1) = 1
20225 14:32:13.378441 close(4)          = 0
20225 14:32:13.378451 rt_sigaction(SIGALRM, {0x805cad0, ~[RTMIN RT_1], 0}, NULL, 8) = 0
20225 14:32:13.378465 alarm(300)        = 0
20225 14:32:13.378476 recv(0,  <unfinished ...>
20223 14:32:13.378483 read(4,  <unfinished ...>
20222 14:32:13.746335 <... recv resumed> "TYPE I\r\n", 4096, MSG_PEEK) = 8
20222 14:32:13.746447 read(0, "TYPE I\r\n", 8) = 8
20222 14:32:13.746561 write(0, "200 Switching to Binary mode.\r\n", 31) = 31
20222 14:32:13.746664 rt_sigaction(SIGALRM, {0x805cad0, ~[RTMIN RT_1], 0}, NULL, 8) = 0
20222 14:32:13.746697 alarm(300)        = 299
20222 14:32:13.746722 recv(0, "PASV\r\n", 4096, MSG_PEEK) = 6
20222 14:32:13.746738 read(0, "PASV\r\n", 6) = 6
20222 14:32:13.746750 write(5, "\n", 1 <unfinished ...>
20220 14:32:13.746762 <... read resumed> "\n", 1) = 1
20222 14:32:13.746767 <... write resumed> ) = 1
20220 14:32:13.746775 write(4, "\1", 1) = 1
20220 14:32:13.746786 read(4,  <unfinished ...>
20222 14:32:13.746793 read(5, "\1", 1)  = 1
20222 14:32:13.746805 write(5, "\f", 1 <unfinished ...>
20220 14:32:13.746812 <... read resumed> "\f", 1) = 1
20222 14:32:13.746816 <... write resumed> ) = 1
20220 14:32:13.746824 socket(PF_INET, SOCK_STREAM, IPPROTO_TCP) = 5
20220 14:32:13.746839 setsockopt(5, SOL_SOCKET, SO_REUSEADDR, [1], 4) = 0
20220 14:32:13.746854 bind(5, {sa_family=AF_INET, sin_port=htons(38022), sin_addr=inet_addr("127.0.0.1")}, 16) = 0
20220 14:32:13.746871 listen(5, 1)      = 0
20220 14:32:13.746885 write(4, "\206\224\0\0", 4) = 4
20220 14:32:13.746896 read(4,  <unfinished ...>
20222 14:32:13.746903 read(5, "\206\224\0\0", 4) = 4
20222 14:32:13.746919 write(0, "227 Entering Passive Mode (127,0,0,1,148,134).\r\n", 48) = 48
20222 14:32:13.747032 rt_sigaction(SIGALRM, {0x805cad0, ~[RTMIN RT_1], 0}, NULL, 8) = 0
20222 14:32:13.747048 alarm(300)        = 300
20222 14:32:13.747060 recv(0, "STOR myfile8\r\n", 4096, MSG_PEEK) = 14
20222 14:32:13.747072 read(0, "STOR myfile8\r\n", 14) = 14
20222 14:32:13.747086 write(5, "\v", 1 <unfinished ...>
20220 14:32:13.747094 <... read resumed> "\v", 1) = 1
20222 14:32:13.747099 <... write resumed> ) = 1
20220 14:32:13.747105 write(4, "\1\0\0\0", 4) = 4
20220 14:32:13.747116 read(4,  <unfinished ...>
20222 14:32:13.747123 read(5, "\1\0\0\0", 4) = 4
20222 14:32:13.747135 gettimeofday({1495650733, 747138}, NULL) = 0
20222 14:32:13.747146 getcwd("/home/msfadmin", 4096) = 15
20222 14:32:13.747159 open("myfile8", O_WRONLY|O_CREAT|O_NONBLOCK|O_LARGEFILE, 0666) = 4
20222 14:32:13.747172 fstat64(4, {st_mode=S_IFREG|0644, st_size=17, ...}) = 0
20222 14:32:13.747190 fcntl64(4, F_GETFL) = 0x8801 (flags O_WRONLY|O_NONBLOCK|O_LARGEFILE)
20222 14:32:13.747202 fcntl64(4, F_SETFL, O_WRONLY|O_LARGEFILE) = 0
20222 14:32:13.747211 fcntl64(4, F_SETLKW64, {type=F_WRLCK, whence=SEEK_SET, start=0, len=0}, 0xbff040f4) = 0
20222 14:32:13.747226 ftruncate64(4, 0) = 0
20222 14:32:13.747276 _llseek(4, 0, [0], SEEK_SET) = 0
20222 14:32:13.747289 write(5, "\v", 1 <unfinished ...>
20220 14:32:13.747298 <... read resumed> "\v", 1) = 1
20222 14:32:13.747303 <... write resumed> ) = 1
20220 14:32:13.747309 write(4, "\1\0\0\0", 4) = 4
20220 14:32:13.747337 read(4,  <unfinished ...>
20222 14:32:13.747344 read(5, "\1\0\0\0", 4) = 4
20222 14:32:13.747355 write(5, "\v", 1 <unfinished ...>
20220 14:32:13.747362 <... read resumed> "\v", 1) = 1
20222 14:32:13.747367 <... write resumed> ) = 1
20220 14:32:13.747373 write(4, "\1\0\0\0", 4) = 4
20220 14:32:13.747390 read(4,  <unfinished ...>
20222 14:32:13.747397 read(5, "\1\0\0\0", 4) = 4
20222 14:32:13.747409 write(5, "\r", 1 <unfinished ...>
20220 14:32:13.747416 <... read resumed> "\r", 1) = 1
20222 14:32:13.747421 <... write resumed> ) = 1
20220 14:32:13.747428 select(6, [5], NULL, NULL, {60, 0}) = 1 (in [5], left {60, 0})
20220 14:32:13.747445 accept(5, {sa_family=AF_INET, sin_port=htons(59572), sin_addr=inet_addr("127.0.0.1")}, [16]) = 6
20220 14:32:13.747468 write(4, "\1", 1) = 1
20220 14:32:13.747480 sendmsg(4, {msg_name(0)=NULL, msg_iov(1)=[{"\0", 1}], msg_controllen=16, {cmsg_len=16, cmsg_level=SOL_SOCKET, cmsg_type=SCM_RIGHTS, {6}}, msg_flags=0}, 0) = 1
20220 14:32:13.747497 close(6)          = 0
20220 14:32:13.747507 read(4,  <unfinished ...>
20222 14:32:13.747514 read(5, "\1", 1)  = 1
20222 14:32:13.747527 recvmsg(5, {msg_name(0)=NULL, msg_iov(1)=[{"\0", 1}], msg_controllen=16, {cmsg_len=16, cmsg_level=SOL_SOCKET, cmsg_type=SCM_RIGHTS, {6}}, msg_flags=0}, 0) = 1
20222 14:32:13.747545 setsockopt(6, SOL_SOCKET, SO_KEEPALIVE, [1], 4) = 0
20222 14:32:13.747557 setsockopt(6, SOL_IP, IP_TOS, [8], 4) = 0
20222 14:32:13.747569 setsockopt(6, SOL_SOCKET, SO_LINGER, {onoff=1, linger=32767}, 8) = 0
20222 14:32:13.747581 rt_sigaction(SIGALRM, {0x805cad0, ~[RTMIN RT_1], 0}, NULL, 8) = 0
20222 14:32:13.747594 alarm(300)        = 300
20222 14:32:13.747607 write(0, "150 Ok to send data.\r\n", 22) = 22
20222 14:32:13.747672 read(6, "assasaaa\na\na\na\na\n", 65536) = 17
20222 14:32:13.747686 write(4, "assasaaa\na\na\na\na\n", 17) = 17
20222 14:32:13.747703 read(6, "", 65536) = 0
20222 14:32:13.747713 rt_sigaction(SIGALRM, {0x805cad0, ~[RTMIN RT_1], 0}, NULL, 8) = 0
20222 14:32:13.747727 alarm(300)        = 300
20222 14:32:13.747737 close(6)          = 0
20222 14:32:13.747754 alarm(0)          = 300
20222 14:32:13.747764 gettimeofday({1495650733, 747768}, NULL) = 0
20222 14:32:13.747780 gettimeofday({1495650733, 747783}, NULL) = 0
20222 14:32:13.747795 fcntl64(3, F_SETLKW64, {type=F_WRLCK, whence=SEEK_SET, start=0, len=0}, 0xbff04094) = 0
20222 14:32:13.747810 write(3, "Wed May 24 14:32:13 2017 [pid 20222] [msfadmin] OK UPLOAD: Client \"127.0.0.1\", \"/home/msfadmin/myfile8\", 17 bytes, 25.74Kbyte/sec\n", 130) = 130
20222 14:32:13.747831 fcntl64(3, F_SETLK64, {type=F_UNLCK, whence=SEEK_SET, start=0, len=0}, 0xbff0409c) = 0
20222 14:32:13.747846 write(0, "226 Transfer complete.\r\n", 24) = 24
20222 14:32:13.747889 write(5, "\n", 1 <unfinished ...>
20220 14:32:13.747898 <... read resumed> "\n", 1) = 1
20222 14:32:13.747904 <... write resumed> ) = 1
20220 14:32:13.747910 close(5)          = 0
20220 14:32:13.747921 write(4, "\1", 1) = 1
20220 14:32:13.747932 read(4,  <unfinished ...>
20222 14:32:13.747939 read(5, "\1", 1)  = 1
20222 14:32:13.747951 close(4)          = 0
20222 14:32:13.747961 rt_sigaction(SIGALRM, {0x805cad0, ~[RTMIN RT_1], 0}, NULL, 8) = 0
20222 14:32:13.747975 alarm(300)        = 0
20222 14:32:13.747986 recv(0,  <unfinished ...>
20225 14:32:13.975914 <... recv resumed> "USER msfadmin\r\n", 4096, MSG_PEEK) = 15
20225 14:32:13.975955 read(0, "USER msfadmin\r\n", 15) = 15
20225 14:32:13.975980 write(0, "331 Any password will do.\r\n", 27) = 27
20225 14:32:13.976026 rt_sigaction(SIGALRM, {0x805cad0, ~[RTMIN RT_1], 0}, NULL, 8) = 0
20225 14:32:13.976044 alarm(300)        = 299
20225 14:32:13.976057 recv(0, "PASS msfadmin\r\n", 4096, MSG_PEEK) = 15
20225 14:32:13.976069 read(0, "PASS msfadmin\r\n", 15) = 15
20225 14:32:13.976085 write(0, "230 Already logged in.\r\n", 24) = 24
20225 14:32:13.976147 rt_sigaction(SIGALRM, {0x805cad0, ~[RTMIN RT_1], 0}, NULL, 8) = 0
20225 14:32:13.976162 alarm(300)        = 300
20225 14:32:13.976174 recv(0, "TYPE I\r\n", 4096, MSG_PEEK) = 8
20225 14:32:13.976185 read(0, "TYPE I\r\n", 8) = 8
20225 14:32:13.976200 write(0, "200 Switching to Binary mode.\r\n", 31) = 31
20225 14:32:13.976236 rt_sigaction(SIGALRM, {0x805cad0, ~[RTMIN RT_1], 0}, NULL, 8) = 0
20225 14:32:13.976250 alarm(300)        = 300
20225 14:32:13.976261 recv(0, "PASV\r\n", 4096, MSG_PEEK) = 6
20225 14:32:13.976272 read(0, "PASV\r\n", 6) = 6
20225 14:32:13.976291 write(5, "\n", 1) = 1
20225 14:32:13.976304 read(5,  <unfinished ...>
20223 14:32:13.976313 <... read resumed> "\n", 1) = 1
20223 14:32:13.976322 write(4, "\1", 1) = 1
20225 14:32:13.976333 <... read resumed> "\1", 1) = 1
20225 14:32:13.976340 write(5, "\f", 1) = 1
20225 14:32:13.976350 read(5,  <unfinished ...>
20223 14:32:13.976357 read(4, "\f", 1)  = 1
20223 14:32:13.976369 socket(PF_INET, SOCK_STREAM, IPPROTO_TCP) = 5
20223 14:32:13.976385 setsockopt(5, SOL_SOCKET, SO_REUSEADDR, [1], 4) = 0
20223 14:32:13.976399 bind(5, {sa_family=AF_INET, sin_port=htons(42570), sin_addr=inet_addr("127.0.0.1")}, 16) = 0
20223 14:32:13.976416 listen(5, 1)      = 0
20223 14:32:13.976430 write(4, "J\246\0\0", 4) = 4
20225 14:32:13.976441 <... read resumed> "J\246\0\0", 4) = 4
20225 14:32:13.976453 write(0, "227 Entering Passive Mode (127,0,0,1,166,74).\r\n", 47) = 47
20225 14:32:13.976566 rt_sigaction(SIGALRM, {0x805cad0, ~[RTMIN RT_1], 0}, NULL, 8) = 0
20225 14:32:13.976582 alarm(300)        = 300
20225 14:32:13.976594 recv(0, "RETR myfile8\r\n", 4096, MSG_PEEK) = 14
20225 14:32:13.976606 read(0, "RETR myfile8\r\n", 14) = 14
20225 14:32:13.976619 write(5, "\v", 1) = 1
20225 14:32:13.976630 read(5,  <unfinished ...>
20223 14:32:13.976637 read(4, "\v", 1)  = 1
20223 14:32:13.976678 write(4, "\1\0\0\0", 4) = 4
20225 14:32:13.976700 <... read resumed> "\1\0\0\0", 4) = 4
20225 14:32:13.976708 gettimeofday({1495650733, 976712}, NULL) = 0
20225 14:32:13.976720 getcwd("/home/msfadmin", 4096) = 15
20225 14:32:13.976733 open("myfile8", O_RDONLY|O_NONBLOCK|O_LARGEFILE) = 4
20225 14:32:13.976746 fcntl64(4, F_SETLKW64, {type=F_RDLCK, whence=SEEK_SET, start=0, len=0}, 0xbfed70e4) = 0
20225 14:32:13.976761 fstat64(4, {st_mode=S_IFREG|0644, st_size=17, ...}) = 0
20225 14:32:13.976779 fcntl64(4, F_GETFL) = 0x8800 (flags O_RDONLY|O_NONBLOCK|O_LARGEFILE)
20225 14:32:13.976790 fcntl64(4, F_SETFL, O_RDONLY|O_LARGEFILE) = 0
20225 14:32:13.976801 write(5, "\v", 1) = 1
20225 14:32:13.976812 read(5,  <unfinished ...>
20223 14:32:13.976819 read(4, "\v", 1)  = 1
20223 14:32:13.976831 write(4, "\1\0\0\0", 4) = 4
20225 14:32:13.976841 <... read resumed> "\1\0\0\0", 4) = 4
20225 14:32:13.976849 write(5, "\v", 1) = 1
20225 14:32:13.976859 read(5,  <unfinished ...>
20223 14:32:13.976866 read(4, "\v", 1)  = 1
20223 14:32:13.976876 write(4, "\1\0\0\0", 4) = 4
20225 14:32:13.976887 <... read resumed> "\1\0\0\0", 4) = 4
20225 14:32:13.976894 write(5, "\r", 1) = 1
20225 14:32:13.976904 read(5,  <unfinished ...>
20223 14:32:13.976911 read(4, "\r", 1)  = 1
20223 14:32:13.976923 select(6, [5], NULL, NULL, {60, 0}) = 1 (in [5], left {60, 0})
20223 14:32:13.976940 accept(5, {sa_family=AF_INET, sin_port=htons(33288), sin_addr=inet_addr("127.0.0.1")}, [16]) = 6
20223 14:32:13.976962 write(4, "\1", 1) = 1
20225 14:32:13.976973 <... read resumed> "\1", 1) = 1
20225 14:32:13.976982 recvmsg(5,  <unfinished ...>
20223 14:32:13.976990 sendmsg(4, {msg_name(0)=NULL, msg_iov(1)=[{"\0", 1}], msg_controllen=16, {cmsg_len=16, cmsg_level=SOL_SOCKET, cmsg_type=SCM_RIGHTS, {6}}, msg_flags=0}, 0) = 1
20225 14:32:13.977007 <... recvmsg resumed> {msg_name(0)=NULL, msg_iov(1)=[{"\0", 1}], msg_controllen=16, {cmsg_len=16, cmsg_level=SOL_SOCKET, cmsg_type=SCM_RIGHTS, {6}}, msg_flags=0}, 0) = 1
20225 14:32:13.977020 setsockopt(6, SOL_SOCKET, SO_KEEPALIVE, [1], 4) = 0
20225 14:32:13.977033 setsockopt(6, SOL_IP, IP_TOS, [8], 4) = 0
20225 14:32:13.977045 setsockopt(6, SOL_SOCKET, SO_LINGER, {onoff=1, linger=32767}, 8) = 0
20225 14:32:13.977056 rt_sigaction(SIGALRM, {0x805cad0, ~[RTMIN RT_1], 0}, NULL, 8) = 0
20225 14:32:13.977069 alarm(300)        = 300
20225 14:32:13.977083 write(0, "150 Opening BINARY mode data connection for myfile8 (17 bytes).\r\n", 65) = 65
20225 14:32:13.977124 _llseek(4, 0, [0], SEEK_CUR) = 0
20225 14:32:13.977137 fstat64(4, {st_mode=S_IFREG|0644, st_size=17, ...}) = 0
20225 14:32:13.977154 _llseek(4, 0, [0], SEEK_SET) = 0
20225 14:32:13.977164 sendfile(6, 4, NULL, 17) = 17
20225 14:32:13.977195 rt_sigaction(SIGALRM, {0x805cad0, ~[RTMIN RT_1], 0}, NULL, 8) = 0
20225 14:32:13.977214 alarm(300)        = 300
20225 14:32:13.977224 close(6)          = 0
20225 14:32:13.977233 alarm(0)          = 300
20225 14:32:13.977242 gettimeofday({1495650733, 977246}, NULL) = 0
20225 14:32:13.977258 gettimeofday({1495650733, 977262}, NULL) = 0
20225 14:32:13.977273 fcntl64(3, F_SETLKW64, {type=F_WRLCK, whence=SEEK_SET, start=0, len=0}, 0xbfed7084) = 0
20225 14:32:13.977287 write(3, "Wed May 24 14:32:13 2017 [pid 20225] [msfadmin] OK DOWNLOAD: Client \"127.0.0.1\", \"/home/msfadmin/myfile8\", 17 bytes, 30.18Kbyte/sec\n", 132) = 132
20225 14:32:13.977308 fcntl64(3, F_SETLK64, {type=F_UNLCK, whence=SEEK_SET, start=0, len=0}, 0xbfed708c) = 0
20225 14:32:13.977323 write(0, "226 Transfer complete.\r\n", 24) = 24
20225 14:32:13.977338 write(5, "\n", 1) = 1
20225 14:32:13.977349 read(5,  <unfinished ...>
20223 14:32:13.977356 close(6)          = 0
20223 14:32:13.977438 read(4, "\n", 1)  = 1
20223 14:32:13.977452 close(5)          = 0
20223 14:32:13.977463 write(4, "\1", 1) = 1
20225 14:32:13.977474 <... read resumed> "\1", 1) = 1
20225 14:32:13.977482 close(4)          = 0
20225 14:32:13.977492 rt_sigaction(SIGALRM, {0x805cad0, ~[RTMIN RT_1], 0}, NULL, 8) = 0
20225 14:32:13.977506 alarm(300)        = 0
20225 14:32:13.977517 recv(0,  <unfinished ...>
20223 14:32:13.977525 read(4,  <unfinished ...>
20222 14:32:14.296519 <... recv resumed> "TYPE I\r\n", 4096, MSG_PEEK) = 8
20222 14:32:14.296631 read(0, "TYPE I\r\n", 8) = 8
20222 14:32:14.296729 write(0, "200 Switching to Binary mode.\r\n", 31) = 31
20222 14:32:14.296826 rt_sigaction(SIGALRM, {0x805cad0, ~[RTMIN RT_1], 0}, NULL, 8) = 0
20222 14:32:14.296859 alarm(300)        = 299
20222 14:32:14.296885 recv(0, "PASV\r\n", 4096, MSG_PEEK) = 6
20222 14:32:14.296900 read(0, "PASV\r\n", 6) = 6
20222 14:32:14.296913 write(5, "\n", 1 <unfinished ...>
20220 14:32:14.296925 <... read resumed> "\n", 1) = 1
20222 14:32:14.296931 <... write resumed> ) = 1
20220 14:32:14.296938 write(4, "\1", 1) = 1
20220 14:32:14.296950 read(4,  <unfinished ...>
20222 14:32:14.296957 read(5, "\1", 1)  = 1
20222 14:32:14.296969 write(5, "\f", 1 <unfinished ...>
20220 14:32:14.296976 <... read resumed> "\f", 1) = 1
20222 14:32:14.296981 <... write resumed> ) = 1
20220 14:32:14.296989 socket(PF_INET, SOCK_STREAM, IPPROTO_TCP) = 5
20220 14:32:14.297005 setsockopt(5, SOL_SOCKET, SO_REUSEADDR, [1], 4) = 0
20220 14:32:14.297020 bind(5, {sa_family=AF_INET, sin_port=htons(42872), sin_addr=inet_addr("127.0.0.1")}, 16) = 0
20220 14:32:14.297038 listen(5, 1)      = 0
20220 14:32:14.297052 write(4, "x\247\0\0", 4) = 4
20220 14:32:14.297063 read(4,  <unfinished ...>
20222 14:32:14.297070 read(5, "x\247\0\0", 4) = 4
20222 14:32:14.297087 write(0, "227 Entering Passive Mode (127,0,0,1,167,120).\r\n", 48) = 48
20222 14:32:14.297202 rt_sigaction(SIGALRM, {0x805cad0, ~[RTMIN RT_1], 0}, NULL, 8) = 0
20222 14:32:14.297220 alarm(300)        = 300
20222 14:32:14.297232 recv(0, "STOR myfile9\r\n", 4096, MSG_PEEK) = 14
20222 14:32:14.297244 read(0, "STOR myfile9\r\n", 14) = 14
20222 14:32:14.297259 write(5, "\v", 1 <unfinished ...>
20220 14:32:14.297267 <... read resumed> "\v", 1) = 1
20222 14:32:14.297272 <... write resumed> ) = 1
20220 14:32:14.297279 write(4, "\1\0\0\0", 4) = 4
20220 14:32:14.297290 read(4,  <unfinished ...>
20222 14:32:14.297297 read(5, "\1\0\0\0", 4) = 4
20222 14:32:14.297309 gettimeofday({1495650734, 297313}, NULL) = 0
20222 14:32:14.297321 getcwd("/home/msfadmin", 4096) = 15
20222 14:32:14.297334 open("myfile9", O_WRONLY|O_CREAT|O_NONBLOCK|O_LARGEFILE, 0666) = 4
20222 14:32:14.297348 fstat64(4, {st_mode=S_IFREG|0644, st_size=17, ...}) = 0
20222 14:32:14.297366 fcntl64(4, F_GETFL) = 0x8801 (flags O_WRONLY|O_NONBLOCK|O_LARGEFILE)
20222 14:32:14.297378 fcntl64(4, F_SETFL, O_WRONLY|O_LARGEFILE) = 0
20222 14:32:14.297388 fcntl64(4, F_SETLKW64, {type=F_WRLCK, whence=SEEK_SET, start=0, len=0}, 0xbff040f4) = 0
20222 14:32:14.297403 ftruncate64(4, 0) = 0
20222 14:32:14.297423 _llseek(4, 0, [0], SEEK_SET) = 0
20222 14:32:14.297434 write(5, "\v", 1 <unfinished ...>
20220 14:32:14.297442 <... read resumed> "\v", 1) = 1
20222 14:32:14.297453 <... write resumed> ) = 1
20220 14:32:14.297460 write(4, "\1\0\0\0", 4) = 4
20220 14:32:14.297471 read(4,  <unfinished ...>
20222 14:32:14.297478 read(5, "\1\0\0\0", 4) = 4
20222 14:32:14.297490 write(5, "\v", 1 <unfinished ...>
20220 14:32:14.297498 <... read resumed> "\v", 1) = 1
20222 14:32:14.297511 <... write resumed> ) = 1
20220 14:32:14.297521 write(4, "\1\0\0\0", 4) = 4
20220 14:32:14.297533 read(4,  <unfinished ...>
20222 14:32:14.297540 read(5, "\1\0\0\0", 4) = 4
20222 14:32:14.297552 write(5, "\r", 1 <unfinished ...>
20220 14:32:14.297560 <... read resumed> "\r", 1) = 1
20222 14:32:14.297565 <... write resumed> ) = 1
20220 14:32:14.297572 select(6, [5], NULL, NULL, {60, 0}) = 1 (in [5], left {60, 0})
20220 14:32:14.297589 accept(5, {sa_family=AF_INET, sin_port=htons(40970), sin_addr=inet_addr("127.0.0.1")}, [16]) = 6
20220 14:32:14.297613 write(4, "\1", 1) = 1
20220 14:32:14.297625 sendmsg(4, {msg_name(0)=NULL, msg_iov(1)=[{"\0", 1}], msg_controllen=16, {cmsg_len=16, cmsg_level=SOL_SOCKET, cmsg_type=SCM_RIGHTS, {6}}, msg_flags=0}, 0) = 1
20220 14:32:14.297642 close(6)          = 0
20220 14:32:14.297653 read(4,  <unfinished ...>
20222 14:32:14.297660 read(5, "\1", 1)  = 1
20222 14:32:14.297673 recvmsg(5, {msg_name(0)=NULL, msg_iov(1)=[{"\0", 1}], msg_controllen=16, {cmsg_len=16, cmsg_level=SOL_SOCKET, cmsg_type=SCM_RIGHTS, {6}}, msg_flags=0}, 0) = 1
20222 14:32:14.297691 setsockopt(6, SOL_SOCKET, SO_KEEPALIVE, [1], 4) = 0
20222 14:32:14.297704 setsockopt(6, SOL_IP, IP_TOS, [8], 4) = 0
20222 14:32:14.297716 setsockopt(6, SOL_SOCKET, SO_LINGER, {onoff=1, linger=32767}, 8) = 0
20222 14:32:14.297728 rt_sigaction(SIGALRM, {0x805cad0, ~[RTMIN RT_1], 0}, NULL, 8) = 0
20222 14:32:14.297742 alarm(300)        = 300
20222 14:32:14.297755 write(0, "150 Ok to send data.\r\n", 22) = 22
20222 14:32:14.297825 read(6, "assasaaa\na\na\na\na\n", 65536) = 17
20222 14:32:14.297839 write(4, "assasaaa\na\na\na\na\n", 17) = 17
20222 14:32:14.297857 read(6, "", 65536) = 0
20222 14:32:14.297867 rt_sigaction(SIGALRM, {0x805cad0, ~[RTMIN RT_1], 0}, NULL, 8) = 0
20222 14:32:14.297881 alarm(300)        = 300
20222 14:32:14.297892 close(6)          = 0
20222 14:32:14.297910 alarm(0)          = 300
20222 14:32:14.297920 gettimeofday({1495650734, 297924}, NULL) = 0
20222 14:32:14.297936 gettimeofday({1495650734, 297940}, NULL) = 0
20222 14:32:14.297952 fcntl64(3, F_SETLKW64, {type=F_WRLCK, whence=SEEK_SET, start=0, len=0}, 0xbff04094) = 0
20222 14:32:14.297968 write(3, "Wed May 24 14:32:14 2017 [pid 20222] [msfadmin] OK UPLOAD: Client \"127.0.0.1\", \"/home/msfadmin/myfile9\", 17 bytes, 26.48Kbyte/sec\n", 130) = 130
20222 14:32:14.297990 fcntl64(3, F_SETLK64, {type=F_UNLCK, whence=SEEK_SET, start=0, len=0}, 0xbff0409c) = 0
20222 14:32:14.298005 write(0, "226 Transfer complete.\r\n", 24) = 24
20222 14:32:14.298049 write(5, "\n", 1 <unfinished ...>
20220 14:32:14.298059 <... read resumed> "\n", 1) = 1
20222 14:32:14.298064 <... write resumed> ) = 1
20220 14:32:14.298070 close(5)          = 0
20220 14:32:14.298082 write(4, "\1", 1) = 1
20220 14:32:14.298094 read(4,  <unfinished ...>
20222 14:32:14.298101 read(5, "\1", 1)  = 1
20222 14:32:14.298112 close(4)          = 0
20222 14:32:14.298123 rt_sigaction(SIGALRM, {0x805cad0, ~[RTMIN RT_1], 0}, NULL, 8) = 0
20222 14:32:14.298137 alarm(300)        = 0
20222 14:32:14.298148 recv(0,  <unfinished ...>
20225 14:32:14.506684 <... recv resumed> "QUIT\r\n", 4096, MSG_PEEK) = 6
20225 14:32:14.506771 read(0, "QUIT\r\n", 6) = 6
20225 14:32:14.506838 shutdown(0, 0 /* receive */) = 0
20225 14:32:14.506877 fcntl64(0, F_GETFL) = 0x2 (flags O_RDWR)
20225 14:32:14.506902 fcntl64(0, F_SETFL, O_RDWR|O_NONBLOCK) = 0
20225 14:32:14.506923 write(0, "221 Goodbye.\r\n", 14) = 14
20225 14:32:14.506995 fcntl64(0, F_GETFL) = 0x802 (flags O_RDWR|O_NONBLOCK)
20225 14:32:14.507007 fcntl64(0, F_SETFL, O_RDWR) = 0
20225 14:32:14.507018 shutdown(0, 2 /* send and receive */) = 0
20225 14:32:14.507038 exit_group(0)     = ?
20223 14:32:14.507088 <... read resumed> 0xbfed7177, 1) = ? ERESTARTSYS (To be restarted)
20223 14:32:14.507104 --- SIGCHLD (Child exited) @ 0 (0) ---
20223 14:32:14.507116 alarm(1)          = 0
20223 14:32:14.507127 sigreturn()       = ? (mask now [])
20223 14:32:14.507144 alarm(0)          = 1
20223 14:32:14.507154 wait4(-1, [{WIFEXITED(s) && WEXITSTATUS(s) == 0}], 0, NULL) = 20225
20223 14:32:14.507170 exit_group(0)     = ?
4380  14:32:14.507209 <... select resumed> ) = ? ERESTARTNOHAND (To be restarted)
4380  14:32:14.507216 --- SIGCHLD (Child exited) @ 0 (0) ---
4380  14:32:14.507223 write(4, "\21", 1) = 1
4380  14:32:14.507238 sigreturn()       = ? (mask now [])
4380  14:32:14.507271 select(13, [3 5 6 8 9 10 11 12], NULL, NULL, NULL) = 1 (in [3])
4380  14:32:14.507289 ioctl(3, FIONREAD, [1]) = 0
4380  14:32:14.507303 read(3, "\21", 1) = 1
4380  14:32:14.507316 waitpid(-1, [{WIFEXITED(s) && WEXITSTATUS(s) == 0}], WNOHANG) = 20223
4380  14:32:14.507332 close(-1)         = -1 EBADF (Bad file descriptor)
4380  14:32:14.507347 waitpid(-1, 0xbf9d5dbc, WNOHANG) = 0
4380  14:32:14.507358 select(13, [3 5 6 8 9 10 11 12], NULL, NULL, NULL <unfinished ...>
