22865 14:59:28.301167 mmap2(NULL, 1624, PROT_READ, MAP_SHARED, 5, 0) = 0xb7f4d000
22865 14:59:28.301178 _llseek(5, 1624, [1624], SEEK_SET) = 0
22865 14:59:28.301197 munmap(0xb7f4d000, 1624) = 0
22865 14:59:28.301209 close(5)          = 0
22865 14:59:28.301233 open("/etc/shadow", O_RDONLY|0x80000 /* O_??? */) = 5
22865 14:59:28.301251 _llseek(5, 0, [0], SEEK_CUR) = 0
22865 14:59:28.301262 fstat64(5, {st_mode=S_IFREG|0640, st_size=1233, ...}) = 0
22865 14:59:28.301279 mmap2(NULL, 1233, PROT_READ, MAP_SHARED, 5, 0) = 0xb7f4d000
22865 14:59:28.301290 _llseek(5, 1233, [1233], SEEK_SET) = 0
22865 14:59:28.301310 munmap(0xb7f4d000, 1233) = 0
22865 14:59:28.301320 close(5)          = 0
22865 14:59:28.301339 open("/etc/passwd", O_RDONLY|0x80000 /* O_??? */) = 5
22865 14:59:28.301352 _llseek(5, 0, [0], SEEK_CUR) = 0
22865 14:59:28.301363 fstat64(5, {st_mode=S_IFREG|0644, st_size=1624, ...}) = 0
22865 14:59:28.301379 mmap2(NULL, 1624, PROT_READ, MAP_SHARED, 5, 0) = 0xb7f4d000
22865 14:59:28.301390 _llseek(5, 1624, [1624], SEEK_SET) = 0
22865 14:59:28.301406 munmap(0xb7f4d000, 1624) = 0
22865 14:59:28.301416 close(5)          = 0
22865 14:59:28.301429 open("/etc/shadow", O_RDONLY|0x80000 /* O_??? */) = 5
22865 14:59:28.301442 _llseek(5, 0, [0], SEEK_CUR) = 0
22865 14:59:28.301453 fstat64(5, {st_mode=S_IFREG|0640, st_size=1233, ...}) = 0
22865 14:59:28.301469 mmap2(NULL, 1233, PROT_READ, MAP_SHARED, 5, 0) = 0xb7f4d000
22865 14:59:28.301480 _llseek(5, 1233, [1233], SEEK_SET) = 0
22865 14:59:28.301496 munmap(0xb7f4d000, 1233) = 0
22865 14:59:28.301506 close(5)          = 0
22865 14:59:28.301779 getuid32()        = 0
22865 14:59:28.301795 open("/etc/passwd", O_RDONLY|0x80000 /* O_??? */) = 5
22865 14:59:28.301809 _llseek(5, 0, [0], SEEK_CUR) = 0
22865 14:59:28.301820 fstat64(5, {st_mode=S_IFREG|0644, st_size=1624, ...}) = 0
22865 14:59:28.301837 mmap2(NULL, 1624, PROT_READ, MAP_SHARED, 5, 0) = 0xb7f4d000
22865 14:59:28.301848 _llseek(5, 1624, [1624], SEEK_SET) = 0
22865 14:59:28.301865 munmap(0xb7f4d000, 1624) = 0
22865 14:59:28.301875 close(5)          = 0
22865 14:59:28.301889 open("/etc/shadow", O_RDONLY|0x80000 /* O_??? */) = 5
22865 14:59:28.301902 _llseek(5, 0, [0], SEEK_CUR) = 0
22865 14:59:28.301913 fstat64(5, {st_mode=S_IFREG|0640, st_size=1233, ...}) = 0
22865 14:59:28.301929 mmap2(NULL, 1233, PROT_READ, MAP_SHARED, 5, 0) = 0xb7f4d000
22865 14:59:28.301940 _llseek(5, 1233, [1233], SEEK_SET) = 0
22865 14:59:28.301957 munmap(0xb7f4d000, 1233) = 0
22865 14:59:28.301967 close(5)          = 0
22865 14:59:28.301979 time(NULL)        = 1495652368
22865 14:59:28.301994 munmap(0xb7f4a000, 12164) = 0
22865 14:59:28.302007 munmap(0xb7f48000, 7136) = 0
22865 14:59:28.302022 munmap(0xb7d7d000, 95428) = 0
22865 14:59:28.302033 munmap(0xb7d43000, 201052) = 0
22865 14:59:28.302048 munmap(0xb7d2a000, 101180) = 0
22865 14:59:28.302065 gettimeofday({1495652368, 302069}, NULL) = 0
22865 14:59:28.302077 stat64("/usr/share/zoneinfo/UTC+04:00", 0xbfaa5c14) = -1 ENOENT (No such file or directory)
22865 14:59:28.302093 open("/usr/share/zoneinfo/UTC+04:00", O_RDONLY) = -1 ENOENT (No such file or directory)
22865 14:59:28.302119 fcntl64(3, F_SETLKW64, {type=F_WRLCK, whence=SEEK_SET, start=0, len=0}, 0xbfaa5d64) = 0
22865 14:59:28.302135 write(3, "Wed May 24 14:59:28 2017 [pid 22865] [msfadmin] OK LOGIN: Client \"127.0.0.1\"\n", 77) = 77
22865 14:59:28.302152 fcntl64(3, F_SETLK64, {type=F_UNLCK, whence=SEEK_SET, start=0, len=0}, 0xbfaa5d6c) = 0
22865 14:59:28.302166 rt_sigaction(SIGCHLD, {0x805cad0, ~[RTMIN RT_1], 0}, NULL, 8) = 0
22865 14:59:28.302180 write(4, "\1", 1 <unfinished ...>
22866 14:59:28.302190 <... read resumed> "\1", 1) = 1
22865 14:59:28.302195 <... write resumed> ) = 1
22866 14:59:28.302203 exit_group(0)     = ?
22865 14:59:28.302230 --- SIGCHLD (Child exited) @ 0 (0) ---
22865 14:59:28.302238 sigreturn()       = ? (mask now [])
22865 14:59:28.302257 wait4(-1, [{WIFEXITED(s) && WEXITSTATUS(s) == 0}], 0, NULL) = 22866
22865 14:59:28.302270 close(4)          = 0
22865 14:59:28.302282 socketpair(PF_FILE, SOCK_STREAM, 0, [4, 5]) = 0
22865 14:59:28.302296 rt_sigaction(SIGCHLD, {0x805cad0, ~[RTMIN RT_1], 0}, NULL, 8) = 0
22865 14:59:28.302310 rt_sigaction(SIGALRM, {0x805cb10, ~[RTMIN RT_1], 0}, NULL, 8) = 0
22865 14:59:28.302324 clone(child_stack=0, flags=CLONE_CHILD_CLEARTID|CLONE_CHILD_SETTID|SIGCHLD, child_tidptr=0xb7db36f8) = 22867
22867 14:59:28.302374 prctl(0x1, 0x9, 0, 0, 0) = 0
22867 14:59:28.302387 close(4)          = 0
22867 14:59:28.302414 open("/etc/passwd", O_RDONLY|0x80000 /* O_??? */) = 4
22867 14:59:28.302431 _llseek(4, 0, [0], SEEK_CUR) = 0
22867 14:59:28.302447 fstat64(4, {st_mode=S_IFREG|0644, st_size=1624, ...}) = 0
22867 14:59:28.302466 mmap2(NULL, 1624, PROT_READ, MAP_SHARED, 4, 0) = 0xb7f4d000
22867 14:59:28.302479 _llseek(4, 1624, [1624], SEEK_SET) = 0
22867 14:59:28.302501 munmap(0xb7f4d000, 1624) = 0
22867 14:59:28.302513 close(4)          = 0
22867 14:59:28.302527 getuid32()        = 0
22867 14:59:28.302537 open("/etc/passwd", O_RDONLY|0x80000 /* O_??? */) = 4
22867 14:59:28.302551 _llseek(4, 0, [0], SEEK_CUR) = 0
22867 14:59:28.302561 fstat64(4, {st_mode=S_IFREG|0644, st_size=1624, ...}) = 0
22867 14:59:28.302578 mmap2(NULL, 1624, PROT_READ, MAP_SHARED, 4, 0) = 0xb7f4d000
22867 14:59:28.302589 _llseek(4, 1624, [1624], SEEK_SET) = 0
22867 14:59:28.302606 munmap(0xb7f4d000, 1624) = 0
22867 14:59:28.302615 close(4)          = 0
22867 14:59:28.302665 open("/proc/sys/kernel/ngroups_max", O_RDONLY) = 4
22867 14:59:28.302698 read(4, "65536\n", 31) = 6
22867 14:59:28.302711 close(4)          = 0
22867 14:59:28.302725 socket(PF_FILE, SOCK_STREAM, 0) = 4
22867 14:59:28.302737 fcntl64(4, F_SETFL, O_RDWR|O_NONBLOCK) = 0
22867 14:59:28.302748 connect(4, {sa_family=AF_FILE, path="/var/run/nscd/socket"}, 110) = -1 ENOENT (No such file or directory)
22867 14:59:28.302769 close(4)          = 0
22867 14:59:28.302781 socket(PF_FILE, SOCK_STREAM, 0) = 4
22867 14:59:28.302792 fcntl64(4, F_SETFL, O_RDWR|O_NONBLOCK) = 0
22867 14:59:28.302802 connect(4, {sa_family=AF_FILE, path="/var/run/nscd/socket"}, 110) = -1 ENOENT (No such file or directory)
22867 14:59:28.302821 close(4)          = 0
22867 14:59:28.302845 open("/etc/group", O_RDONLY|0x80000 /* O_??? */) = 4
22867 14:59:28.302860 _llseek(4, 0, [0], SEEK_CUR) = 0
22867 14:59:28.302871 fstat64(4, {st_mode=S_IFREG|0644, st_size=886, ...}) = 0
22867 14:59:28.302888 mmap2(NULL, 886, PROT_READ, MAP_SHARED, 4, 0) = 0xb7f4d000
22867 14:59:28.302900 _llseek(4, 886, [886], SEEK_SET) = 0
22867 14:59:28.302925 fstat64(4, {st_mode=S_IFREG|0644, st_size=886, ...}) = 0
22867 14:59:28.302942 munmap(0xb7f4d000, 886) = 0
22867 14:59:28.302953 close(4)          = 0
22867 14:59:28.302963 setgroups32(13, [1000, 4, 20, 24, 25, 29, 30, 44, 46, 107, 111, 112, 119]) = 0
22867 14:59:28.302981 geteuid32()       = 0
22867 14:59:28.302992 getegid32()       = 0
22867 14:59:28.303007 setregid32(-1, 1000) = 0
22867 14:59:28.303018 setreuid32(-1, 1000) = 0
22867 14:59:28.303029 chdir("/home/msfadmin") = 0
22867 14:59:28.303042 setreuid32(-1, 0) = 0
22867 14:59:28.303051 setregid32(-1, 0) = 0
22867 14:59:28.303062 setgid32(1000)    = 0
22867 14:59:28.303072 setuid32(1000)    = 0
22867 14:59:28.303083 setrlimit(RLIMIT_NPROC, {rlim_cur=0, rlim_max=0}) = 0
22867 14:59:28.303096 mmap2(NULL, 12288, PROT_READ|PROT_WRITE, MAP_PRIVATE|MAP_ANONYMOUS, -1, 0) = 0xb7f4b000
22867 14:59:28.303108 mprotect(0xb7f4d000, 4096, PROT_NONE) = 0
22867 14:59:28.303120 mprotect(0xb7f4b000, 4096, PROT_NONE) = 0
22867 14:59:28.303131 getcwd("/home/msfadmin", 4096) = 15
22867 14:59:28.303145 umask(022)        = 077
22867 14:59:28.303155 getcwd("/home/msfadmin", 4096) = 15
22867 14:59:28.303169 open(".message", O_RDONLY|O_NONBLOCK|O_LARGEFILE) = -1 ENOENT (No such file or directory)
22867 14:59:28.303191 write(0, "230 Login successful.\r\n", 23) = 23
22867 14:59:28.303272 rt_sigaction(SIGALRM, {0x805cad0, ~[RTMIN RT_1], 0}, NULL, 8) = 0
22867 14:59:28.303289 alarm(300)        = 0
22867 14:59:28.303300 mmap2(NULL, 12288, PROT_READ|PROT_WRITE, MAP_PRIVATE|MAP_ANONYMOUS, -1, 0) = 0xb7f48000
22867 14:59:28.303312 mprotect(0xb7f4a000, 4096, PROT_NONE) = 0
22867 14:59:28.303324 mprotect(0xb7f48000, 4096, PROT_NONE) = 0
22867 14:59:28.303337 recv(0, "TYPE I\r\n", 4096, MSG_PEEK) = 8
22867 14:59:28.303350 read(0, "TYPE I\r\n", 8) = 8
22867 14:59:28.303367 write(0, "200 Switching to Binary mode.\r\n", 31) = 31
22867 14:59:28.303407 rt_sigaction(SIGALRM, {0x805cad0, ~[RTMIN RT_1], 0}, NULL, 8) = 0
22867 14:59:28.303422 alarm(300)        = 300
22867 14:59:28.303434 recv(0, "PASV\r\n", 4096, MSG_PEEK) = 6
22867 14:59:28.303445 read(0, "PASV\r\n", 6) = 6
22867 14:59:28.303458 write(5, "\n", 1) = 1
22867 14:59:28.303469 read(5,  <unfinished ...>
22865 14:59:28.303481 close(5)          = 0
22865 14:59:28.303494 getuid32()        = 0
22865 14:59:28.303510 open("/etc/passwd", O_RDONLY|0x80000 /* O_??? */) = 5
22865 14:59:28.303525 _llseek(5, 0, [0], SEEK_CUR) = 0
22865 14:59:28.303538 fstat64(5, {st_mode=S_IFREG|0644, st_size=1624, ...}) = 0
22865 14:59:28.303556 mmap2(NULL, 1624, PROT_READ, MAP_SHARED, 5, 0) = 0xb7f4d000
22865 14:59:28.303568 _llseek(5, 1624, [1624], SEEK_SET) = 0
22865 14:59:28.303586 munmap(0xb7f4d000, 1624) = 0
22865 14:59:28.303598 close(5)          = 0
22865 14:59:28.303638 setgroups32(0, []) = 0
22865 14:59:28.303651 chdir("/usr/share/empty") = 0
22865 14:59:28.303674 chroot(".")       = 0
22865 14:59:28.303685 capset(NULL, NULL) = -1 EFAULT (Bad address)
22865 14:59:28.303698 prctl(0x8, 0, 0xbfaa5d48, 0x80549a6, 0xbfaa5d30) = 0
22865 14:59:28.303710 prctl(0x8, 0x1, 0xbfaa5d48, 0x8054a49, 0xbfaa5d30) = 0
22865 14:59:28.303720 setgid32(65534)   = 0
22865 14:59:28.303730 setuid32(65534)   = 0
22865 14:59:28.303740 capset(0x19980330, 0, {CAP_NET_BIND_SERVICE, CAP_NET_BIND_SERVICE, 0}) = 0
22865 14:59:28.303753 read(4, "\n", 1)  = 1
22865 14:59:28.303767 write(4, "\1", 1) = 1
22867 14:59:28.303779 <... read resumed> "\1", 1) = 1
22867 14:59:28.303787 write(5, "\f", 1) = 1
22867 14:59:28.303797 read(5,  <unfinished ...>
22865 14:59:28.303804 read(4, "\f", 1)  = 1
22865 14:59:28.303817 socket(PF_INET, SOCK_STREAM, IPPROTO_TCP) = 5
22865 14:59:28.303830 setsockopt(5, SOL_SOCKET, SO_REUSEADDR, [1], 4) = 0
22865 14:59:28.303842 gettimeofday({1495652368, 303846}, NULL) = 0
22865 14:59:28.303859 bind(5, {sa_family=AF_INET, sin_port=htons(41051), sin_addr=inet_addr("127.0.0.1")}, 16) = 0
22865 14:59:28.303875 listen(5, 1)      = 0
22865 14:59:28.303888 write(4, "[\240\0\0", 4) = 4
22867 14:59:28.303900 <... read resumed> "[\240\0\0", 4) = 4
22867 14:59:28.303914 write(0, "227 Entering Passive Mode (127,0,0,1,160,91).\r\n", 47) = 47
22867 14:59:28.304009 rt_sigaction(SIGALRM, {0x805cad0, ~[RTMIN RT_1], 0}, NULL, 8) = 0
22867 14:59:28.304026 alarm(300)        = 300
22867 14:59:28.304038 recv(0, "STOR myfile11\r\n", 4096, MSG_PEEK) = 15
22867 14:59:28.304050 read(0, "STOR myfile11\r\n", 15) = 15
22867 14:59:28.304066 write(5, "\v", 1) = 1
22867 14:59:28.304081 read(5,  <unfinished ...>
22865 14:59:28.304088 read(4, "\v", 1)  = 1
22865 14:59:28.304100 write(4, "\1\0\0\0", 4) = 4
22867 14:59:28.304111 <... read resumed> "\1\0\0\0", 4) = 4
22867 14:59:28.304120 gettimeofday({1495652368, 304123}, NULL) = 0
22867 14:59:28.304131 getcwd("/home/msfadmin", 4096) = 15
22867 14:59:28.304143 open("myfile11", O_WRONLY|O_CREAT|O_NONBLOCK|O_LARGEFILE, 0666) = 4
22867 14:59:28.304157 fstat64(4, {st_mode=S_IFREG|0644, st_size=17, ...}) = 0
22867 14:59:28.304174 fcntl64(4, F_GETFL) = 0x8801 (flags O_WRONLY|O_NONBLOCK|O_LARGEFILE)
22867 14:59:28.304185 fcntl64(4, F_SETFL, O_WRONLY|O_LARGEFILE) = 0
22867 14:59:28.304196 fcntl64(4, F_SETLKW64, {type=F_WRLCK, whence=SEEK_SET, start=0, len=0}, 0xbfaa5c94) = 0
22867 14:59:28.304211 ftruncate64(4, 0) = 0
22867 14:59:28.304230 _llseek(4, 0, [0], SEEK_SET) = 0
22867 14:59:28.304242 write(5, "\v", 1) = 1
22867 14:59:28.304252 read(5,  <unfinished ...>
22865 14:59:28.304259 read(4, "\v", 1)  = 1
22865 14:59:28.304271 write(4, "\1\0\0\0", 4) = 4
22867 14:59:28.304282 <... read resumed> "\1\0\0\0", 4) = 4
22867 14:59:28.304289 write(5, "\v", 1) = 1
22867 14:59:28.304300 read(5,  <unfinished ...>
22865 14:59:28.304306 read(4, "\v", 1)  = 1
22865 14:59:28.304317 write(4, "\1\0\0\0", 4) = 4
22867 14:59:28.304328 <... read resumed> "\1\0\0\0", 4) = 4
22867 14:59:28.304336 write(5, "\r", 1) = 1
22867 14:59:28.304346 read(5,  <unfinished ...>
22865 14:59:28.304353 read(4, "\r", 1)  = 1
22865 14:59:28.304366 select(6, [5], NULL, NULL, {60, 0}) = 1 (in [5], left {60, 0})
22865 14:59:28.304383 accept(5, {sa_family=AF_INET, sin_port=htons(36935), sin_addr=inet_addr("127.0.0.1")}, [16]) = 6
22865 14:59:28.304405 write(4, "\1", 1) = 1
22867 14:59:28.304416 <... read resumed> "\1", 1) = 1
22867 14:59:28.304425 recvmsg(5,  <unfinished ...>
22865 14:59:28.304435 sendmsg(4, {msg_name(0)=NULL, msg_iov(1)=[{"\0", 1}], msg_controllen=16, {cmsg_len=16, cmsg_level=SOL_SOCKET, cmsg_type=SCM_RIGHTS, {6}}, msg_flags=0}, 0) = 1
22867 14:59:28.304453 <... recvmsg resumed> {msg_name(0)=NULL, msg_iov(1)=[{"\0", 1}], msg_controllen=16, {cmsg_len=16, cmsg_level=SOL_SOCKET, cmsg_type=SCM_RIGHTS, {6}}, msg_flags=0}, 0) = 1
22867 14:59:28.304467 setsockopt(6, SOL_SOCKET, SO_KEEPALIVE, [1], 4) = 0
22867 14:59:28.304479 setsockopt(6, SOL_IP, IP_TOS, [8], 4) = 0
22867 14:59:28.304492 setsockopt(6, SOL_SOCKET, SO_LINGER, {onoff=1, linger=32767}, 8) = 0
22867 14:59:28.304503 rt_sigaction(SIGALRM, {0x805cad0, ~[RTMIN RT_1], 0}, NULL, 8) = 0
22867 14:59:28.304517 alarm(300)        = 300
22867 14:59:28.304530 write(0, "150 Ok to send data.\r\n", 22) = 22
22867 14:59:28.304750 mmap2(NULL, 77824, PROT_READ|PROT_WRITE, MAP_PRIVATE|MAP_ANONYMOUS, -1, 0) = 0xb7d82000
22867 14:59:28.304765 mprotect(0xb7d94000, 4096, PROT_NONE) = 0
22867 14:59:28.304777 mprotect(0xb7d82000, 4096, PROT_NONE) = 0
22867 14:59:28.304788 read(6, "assasaaa\na\na\na\na\n", 65536) = 17
22867 14:59:28.304802 write(4, "assasaaa\na\na\na\na\n", 17) = 17
22867 14:59:28.304818 read(6, "", 65536) = 0
22867 14:59:28.304829 rt_sigaction(SIGALRM, {0x805cad0, ~[RTMIN RT_1], 0}, NULL, 8) = 0
22867 14:59:28.304843 alarm(300)        = 300
22867 14:59:28.304853 close(6)          = 0
22867 14:59:28.304862 alarm(0)          = 300
22867 14:59:28.304872 gettimeofday({1495652368, 304876}, NULL) = 0
22867 14:59:28.304890 getpid()          = 22867
22867 14:59:28.304902 gettimeofday({1495652368, 304906}, NULL) = 0
22867 14:59:28.304920 fcntl64(3, F_SETLKW64, {type=F_WRLCK, whence=SEEK_SET, start=0, len=0}, 0xbfaa5c34) = 0
22867 14:59:28.304935 write(3, "Wed May 24 14:59:28 2017 [pid 22867] [msfadmin] OK UPLOAD: Client \"127.0.0.1\", \"/home/msfadmin/myfile11\", 17 bytes, 21.20Kbyte/sec\n", 131) = 131
22867 14:59:28.304955 fcntl64(3, F_SETLK64, {type=F_UNLCK, whence=SEEK_SET, start=0, len=0}, 0xbfaa5c3c) = 0
22867 14:59:28.304970 write(0, "226 Transfer complete.\r\n", 24) = 24
22867 14:59:28.305010 write(5, "\n", 1) = 1
22867 14:59:28.305023 read(5,  <unfinished ...>
22865 14:59:28.305030 close(6)          = 0
22865 14:59:28.305053 read(4, "\n", 1)  = 1
22865 14:59:28.305065 close(5)          = 0
22865 14:59:28.305076 write(4, "\1", 1) = 1
22867 14:59:28.305088 <... read resumed> "\1", 1) = 1
22867 14:59:28.305095 close(4)          = 0
22867 14:59:28.305106 rt_sigaction(SIGALRM, {0x805cad0, ~[RTMIN RT_1], 0}, NULL, 8) = 0
22867 14:59:28.305119 alarm(300)        = 0
22867 14:59:28.305130 recv(0,  <unfinished ...>
22865 14:59:28.305138 read(4,  <unfinished ...>
22864 14:59:28.772953 <... recv resumed> "USER msfadmin\r\n", 4096, MSG_PEEK) = 15
22864 14:59:28.773012 read(0, "USER msfadmin\r\n", 15) = 15
22864 14:59:28.773050 write(0, "331 Any password will do.\r\n", 27) = 27
22864 14:59:28.773097 rt_sigaction(SIGALRM, {0x805cad0, ~[RTMIN RT_1], 0}, NULL, 8) = 0
22864 14:59:28.773116 alarm(300)        = 299
22864 14:59:28.773129 recv(0, "PASS msfadmin\r\n", 4096, MSG_PEEK) = 15
22864 14:59:28.773142 read(0, "PASS msfadmin\r\n", 15) = 15
22864 14:59:28.773158 write(0, "230 Already logged in.\r\n", 24) = 24
22864 14:59:28.773220 rt_sigaction(SIGALRM, {0x805cad0, ~[RTMIN RT_1], 0}, NULL, 8) = 0
22864 14:59:28.773236 alarm(300)        = 300
22864 14:59:28.773248 recv(0, "TYPE I\r\n", 4096, MSG_PEEK) = 8
22864 14:59:28.773259 read(0, "TYPE I\r\n", 8) = 8
22864 14:59:28.773274 write(0, "200 Switching to Binary mode.\r\n", 31) = 31
22864 14:59:28.773310 rt_sigaction(SIGALRM, {0x805cad0, ~[RTMIN RT_1], 0}, NULL, 8) = 0
22864 14:59:28.773324 alarm(300)        = 300
22864 14:59:28.773336 recv(0, "PASV\r\n", 4096, MSG_PEEK) = 6
22864 14:59:28.773347 read(0, "PASV\r\n", 6) = 6
22864 14:59:28.773359 write(5, "\n", 1 <unfinished ...>
22862 14:59:28.773372 <... read resumed> "\n", 1) = 1
22864 14:59:28.773377 <... write resumed> ) = 1
22862 14:59:28.773384 write(4, "\1", 1) = 1
22862 14:59:28.773396 read(4,  <unfinished ...>
22864 14:59:28.773403 read(5, "\1", 1)  = 1
22864 14:59:28.773419 write(5, "\f", 1 <unfinished ...>
22862 14:59:28.773426 <... read resumed> "\f", 1) = 1
22864 14:59:28.773431 <... write resumed> ) = 1
22862 14:59:28.773438 socket(PF_INET, SOCK_STREAM, IPPROTO_TCP) = 5
22862 14:59:28.773454 setsockopt(5, SOL_SOCKET, SO_REUSEADDR, [1], 4) = 0
22862 14:59:28.773469 bind(5, {sa_family=AF_INET, sin_port=htons(48686), sin_addr=inet_addr("127.0.0.1")}, 16) = 0
22862 14:59:28.773486 listen(5, 1)      = 0
22862 14:59:28.773500 write(4, ".\276\0\0", 4) = 4
22862 14:59:28.773511 read(4,  <unfinished ...>
22864 14:59:28.773518 read(5, ".\276\0\0", 4) = 4
22864 14:59:28.773534 write(0, "227 Entering Passive Mode (127,0,0,1,190,46).\r\n", 47) = 47
22864 14:59:28.773666 rt_sigaction(SIGALRM, {0x805cad0, ~[RTMIN RT_1], 0}, NULL, 8) = 0
22864 14:59:28.773682 alarm(300)        = 300
22864 14:59:28.773694 recv(0, "RETR myfile30\r\n", 4096, MSG_PEEK) = 15
22864 14:59:28.773707 read(0, "RETR myfile30\r\n", 15) = 15
22864 14:59:28.773720 write(5, "\v", 1 <unfinished ...>
22862 14:59:28.773728 <... read resumed> "\v", 1) = 1
22864 14:59:28.773733 <... write resumed> ) = 1
22862 14:59:28.773740 write(4, "\1\0\0\0", 4) = 4
22862 14:59:28.773775 read(4,  <unfinished ...>
22864 14:59:28.773784 read(5, "\1\0\0\0", 4) = 4
22864 14:59:28.773797 gettimeofday({1495652368, 773810}, NULL) = 0
22864 14:59:28.773818 getcwd("/home/msfadmin", 4096) = 15
22864 14:59:28.773831 open("myfile30", O_RDONLY|O_NONBLOCK|O_LARGEFILE) = 4
22864 14:59:28.773845 fcntl64(4, F_SETLKW64, {type=F_RDLCK, whence=SEEK_SET, start=0, len=0}, 0xbfb27d34) = 0
22864 14:59:28.773861 fstat64(4, {st_mode=S_IFREG|0644, st_size=17, ...}) = 0
22864 14:59:28.773879 fcntl64(4, F_GETFL) = 0x8800 (flags O_RDONLY|O_NONBLOCK|O_LARGEFILE)
22864 14:59:28.773890 fcntl64(4, F_SETFL, O_RDONLY|O_LARGEFILE) = 0
22864 14:59:28.773901 write(5, "\v", 1 <unfinished ...>
22862 14:59:28.773910 <... read resumed> "\v", 1) = 1
22864 14:59:28.773915 <... write resumed> ) = 1
22862 14:59:28.773921 write(4, "\1\0\0\0", 4) = 4
22862 14:59:28.773932 read(4,  <unfinished ...>
22864 14:59:28.773939 read(5, "\1\0\0\0", 4) = 4
22864 14:59:28.773950 write(5, "\v", 1 <unfinished ...>
22862 14:59:28.773957 <... read resumed> "\v", 1) = 1
22864 14:59:28.773969 <... write resumed> ) = 1
22862 14:59:28.773975 write(4, "\1\0\0\0", 4) = 4
22862 14:59:28.773987 read(4,  <unfinished ...>
22864 14:59:28.773993 read(5, "\1\0\0\0", 4) = 4
22864 14:59:28.774005 write(5, "\r", 1 <unfinished ...>
22862 14:59:28.774012 <... read resumed> "\r", 1) = 1
22864 14:59:28.774017 <... write resumed> ) = 1
22862 14:59:28.774024 select(6, [5], NULL, NULL, {60, 0}) = 1 (in [5], left {60, 0})
22862 14:59:28.774041 accept(5, {sa_family=AF_INET, sin_port=htons(35651), sin_addr=inet_addr("127.0.0.1")}, [16]) = 6
22862 14:59:28.774063 write(4, "\1", 1) = 1
22862 14:59:28.774075 sendmsg(4, {msg_name(0)=NULL, msg_iov(1)=[{"\0", 1}], msg_controllen=16, {cmsg_len=16, cmsg_level=SOL_SOCKET, cmsg_type=SCM_RIGHTS, {6}}, msg_flags=0}, 0) = 1
22862 14:59:28.774093 close(6)          = 0
22862 14:59:28.774103 read(4,  <unfinished ...>
22864 14:59:28.774110 read(5, "\1", 1)  = 1
22864 14:59:28.774122 recvmsg(5, {msg_name(0)=NULL, msg_iov(1)=[{"\0", 1}], msg_controllen=16, {cmsg_len=16, cmsg_level=SOL_SOCKET, cmsg_type=SCM_RIGHTS, {6}}, msg_flags=0}, 0) = 1
22864 14:59:28.774141 setsockopt(6, SOL_SOCKET, SO_KEEPALIVE, [1], 4) = 0
22864 14:59:28.774153 setsockopt(6, SOL_IP, IP_TOS, [8], 4) = 0
22864 14:59:28.774166 setsockopt(6, SOL_SOCKET, SO_LINGER, {onoff=1, linger=32767}, 8) = 0
22864 14:59:28.774177 rt_sigaction(SIGALRM, {0x805cad0, ~[RTMIN RT_1], 0}, NULL, 8) = 0
22864 14:59:28.774191 alarm(300)        = 300
22864 14:59:28.774205 write(0, "150 Opening BINARY mode data connection for myfile30 (17 bytes).\r\n", 66) = 66
22864 14:59:28.774246 _llseek(4, 0, [0], SEEK_CUR) = 0
22864 14:59:28.774259 fstat64(4, {st_mode=S_IFREG|0644, st_size=17, ...}) = 0
22864 14:59:28.774276 _llseek(4, 0, [0], SEEK_SET) = 0
22864 14:59:28.774287 sendfile(6, 4, NULL, 17) = 17
22864 14:59:28.774328 rt_sigaction(SIGALRM, {0x805cad0, ~[RTMIN RT_1], 0}, NULL, 8) = 0
22864 14:59:28.774343 alarm(300)        = 300
22864 14:59:28.774353 close(6)          = 0
22864 14:59:28.774400 alarm(0)          = 300
22864 14:59:28.774411 gettimeofday({1495652368, 774414}, NULL) = 0
22864 14:59:28.774427 gettimeofday({1495652368, 774431}, NULL) = 0
22864 14:59:28.774441 fcntl64(3, F_SETLKW64, {type=F_WRLCK, whence=SEEK_SET, start=0, len=0}, 0xbfb27cd4) = 0
22864 14:59:28.774456 write(3, "Wed May 24 14:59:28 2017 [pid 22864] [msfadmin] OK DOWNLOAD: Client \"127.0.0.1\", \"/home/msfadmin/myfile30\", 17 bytes, 26.73Kbyte/sec\n", 133) = 133
22864 14:59:28.774478 fcntl64(3, F_SETLK64, {type=F_UNLCK, whence=SEEK_SET, start=0, len=0}, 0xbfb27cdc) = 0
22864 14:59:28.774492 write(0, "226 Transfer complete.\r\n", 24) = 24
22864 14:59:28.774558 write(5, "\n", 1 <unfinished ...>
22862 14:59:28.774568 <... read resumed> "\n", 1) = 1
22864 14:59:28.774574 <... write resumed> ) = 1
22862 14:59:28.774580 close(5)          = 0
22862 14:59:28.774592 write(4, "\1", 1) = 1
22862 14:59:28.774604 read(4,  <unfinished ...>
22864 14:59:28.774611 read(5, "\1", 1)  = 1
22864 14:59:28.774622 close(4)          = 0
22864 14:59:28.774633 rt_sigaction(SIGALRM, {0x805cad0, ~[RTMIN RT_1], 0}, NULL, 8) = 0
22864 14:59:28.774647 alarm(300)        = 0
22864 14:59:28.774658 recv(0,  <unfinished ...>
22867 14:59:28.852822 <... recv resumed> "TYPE I\r\n", 4096, MSG_PEEK) = 8
22867 14:59:28.852895 read(0, "TYPE I\r\n", 8) = 8
22867 14:59:28.852959 write(0, "200 Switching to Binary mode.\r\n", 31) = 31
22867 14:59:28.853036 rt_sigaction(SIGALRM, {0x805cad0, ~[RTMIN RT_1], 0}, NULL, 8) = 0
22867 14:59:28.853065 alarm(300)        = 299
22867 14:59:28.853086 recv(0, "PASV\r\n", 4096, MSG_PEEK) = 6
22867 14:59:28.853098 read(0, "PASV\r\n", 6) = 6
22867 14:59:28.853111 write(5, "\n", 1) = 1
22867 14:59:28.853124 read(5,  <unfinished ...>
22865 14:59:28.853133 <... read resumed> "\n", 1) = 1
22865 14:59:28.853142 write(4, "\1", 1) = 1
22867 14:59:28.853153 <... read resumed> "\1", 1) = 1
22867 14:59:28.853161 write(5, "\f", 1) = 1
22867 14:59:28.853172 read(5,  <unfinished ...>
22865 14:59:28.853179 read(4, "\f", 1)  = 1
22865 14:59:28.853191 socket(PF_INET, SOCK_STREAM, IPPROTO_TCP) = 5
22865 14:59:28.853215 setsockopt(5, SOL_SOCKET, SO_REUSEADDR, [1], 4) = 0
22865 14:59:28.853230 bind(5, {sa_family=AF_INET, sin_port=htons(25395), sin_addr=inet_addr("127.0.0.1")}, 16) = 0
22865 14:59:28.853246 listen(5, 1)      = 0
22865 14:59:28.853260 write(4, "3c\0\0", 4) = 4
22867 14:59:28.853271 <... read resumed> "3c\0\0", 4) = 4
22867 14:59:28.853283 write(0, "227 Entering Passive Mode (127,0,0,1,99,51).\r\n", 46) = 46
22867 14:59:28.853394 rt_sigaction(SIGALRM, {0x805cad0, ~[RTMIN RT_1], 0}, NULL, 8) = 0
22867 14:59:28.853411 alarm(300)        = 300
22867 14:59:28.853423 recv(0, "STOR myfile12\r\n", 4096, MSG_PEEK) = 15
22867 14:59:28.853436 read(0, "STOR myfile12\r\n", 15) = 15
22867 14:59:28.853450 write(5, "\v", 1) = 1
22867 14:59:28.853461 read(5,  <unfinished ...>
22865 14:59:28.853468 read(4, "\v", 1)  = 1
22865 14:59:28.853480 write(4, "\1\0\0\0", 4) = 4
22867 14:59:28.853491 <... read resumed> "\1\0\0\0", 4) = 4
22867 14:59:28.853499 gettimeofday({1495652368, 853503}, NULL) = 0
22867 14:59:28.853511 getcwd("/home/msfadmin", 4096) = 15
22867 14:59:28.853523 open("myfile12", O_WRONLY|O_CREAT|O_NONBLOCK|O_LARGEFILE, 0666) = 4
22867 14:59:28.853538 fstat64(4, {st_mode=S_IFREG|0644, st_size=17, ...}) = 0
22867 14:59:28.853556 fcntl64(4, F_GETFL) = 0x8801 (flags O_WRONLY|O_NONBLOCK|O_LARGEFILE)
22867 14:59:28.853704 fcntl64(4, F_SETFL, O_WRONLY|O_LARGEFILE) = 0
22867 14:59:28.853718 fcntl64(4, F_SETLKW64, {type=F_WRLCK, whence=SEEK_SET, start=0, len=0}, 0xbfaa5c94) = 0
22867 14:59:28.853743 ftruncate64(4, 0) = 0
22867 14:59:28.853762 _llseek(4, 0, [0], SEEK_SET) = 0
22867 14:59:28.853774 write(5, "\v", 1) = 1
22867 14:59:28.853785 read(5,  <unfinished ...>
22865 14:59:28.853792 read(4, "\v", 1)  = 1
22865 14:59:28.853804 write(4, "\1\0\0\0", 4) = 4
22867 14:59:28.853815 <... read resumed> "\1\0\0\0", 4) = 4
22867 14:59:28.853822 write(5, "\v", 1) = 1
22867 14:59:28.853833 read(5,  <unfinished ...>
22865 14:59:28.853839 read(4, "\v", 1)  = 1
22865 14:59:28.853850 write(4, "\1\0\0\0", 4) = 4
22867 14:59:28.853861 <... read resumed> "\1\0\0\0", 4) = 4
22867 14:59:28.853869 write(5, "\r", 1) = 1
22867 14:59:28.853879 read(5,  <unfinished ...>
22865 14:59:28.853886 read(4, "\r", 1)  = 1
22865 14:59:28.853898 select(6, [5], NULL, NULL, {60, 0}) = 1 (in [5], left {60, 0})
22865 14:59:28.853915 accept(5, {sa_family=AF_INET, sin_port=htons(51205), sin_addr=inet_addr("127.0.0.1")}, [16]) = 6
22865 14:59:28.853938 write(4, "\1", 1) = 1
22867 14:59:28.853949 <... read resumed> "\1", 1) = 1
22867 14:59:28.853958 recvmsg(5,  <unfinished ...>
22865 14:59:28.853966 sendmsg(4, {msg_name(0)=NULL, msg_iov(1)=[{"\0", 1}], msg_controllen=16, {cmsg_len=16, cmsg_level=SOL_SOCKET, cmsg_type=SCM_RIGHTS, {6}}, msg_flags=0}, 0) = 1
22867 14:59:28.853984 <... recvmsg resumed> {msg_name(0)=NULL, msg_iov(1)=[{"\0", 1}], msg_controllen=16, {cmsg_len=16, cmsg_level=SOL_SOCKET, cmsg_type=SCM_RIGHTS, {6}}, msg_flags=0}, 0) = 1
22867 14:59:28.853998 setsockopt(6, SOL_SOCKET, SO_KEEPALIVE, [1], 4) = 0
22867 14:59:28.854011 setsockopt(6, SOL_IP, IP_TOS, [8], 4) = 0
22867 14:59:28.854023 setsockopt(6, SOL_SOCKET, SO_LINGER, {onoff=1, linger=32767}, 8) = 0
22867 14:59:28.854035 rt_sigaction(SIGALRM, {0x805cad0, ~[RTMIN RT_1], 0}, NULL, 8) = 0
22867 14:59:28.854048 alarm(300)        = 300
22867 14:59:28.854061 write(0, "150 Ok to send data.\r\n", 22) = 22
22867 14:59:28.854128 read(6, "assasaaa\na\na\na\na\n", 65536) = 17
22867 14:59:28.854142 write(4, "assasaaa\na\na\na\na\n", 17) = 17
22867 14:59:28.854159 read(6, "", 65536) = 0
22867 14:59:28.854170 rt_sigaction(SIGALRM, {0x805cad0, ~[RTMIN RT_1], 0}, NULL, 8) = 0
22867 14:59:28.854184 alarm(300)        = 300
22867 14:59:28.854194 close(6)          = 0
22867 14:59:28.854204 alarm(0)          = 300
22867 14:59:28.854213 gettimeofday({1495652368, 854217}, NULL) = 0
22867 14:59:28.854229 gettimeofday({1495652368, 854233}, NULL) = 0
22867 14:59:28.854244 fcntl64(3, F_SETLKW64, {type=F_WRLCK, whence=SEEK_SET, start=0, len=0}, 0xbfaa5c34) = 0
22867 14:59:28.854259 write(3, "Wed May 24 14:59:28 2017 [pid 22867] [msfadmin] OK UPLOAD: Client \"127.0.0.1\", \"/home/msfadmin/myfile12\", 17 bytes, 22.74Kbyte/sec\n", 131) = 131
22867 14:59:28.854283 fcntl64(3, F_SETLK64, {type=F_UNLCK, whence=SEEK_SET, start=0, len=0}, 0xbfaa5c3c) = 0
22867 14:59:28.854298 write(0, "226 Transfer complete.\r\n", 24) = 24
22867 14:59:28.854341 write(5, "\n", 1) = 1
22867 14:59:28.854354 read(5,  <unfinished ...>
22865 14:59:28.854361 close(6)          = 0
22865 14:59:28.854379 read(4, "\n", 1)  = 1
22865 14:59:28.854391 close(5)          = 0
22865 14:59:28.854402 write(4, "\1", 1) = 1
22867 14:59:28.854413 <... read resumed> "\1", 1) = 1
22867 14:59:28.854420 close(4)          = 0
22867 14:59:28.854431 rt_sigaction(SIGALRM, {0x805cad0, ~[RTMIN RT_1], 0}, NULL, 8) = 0
22867 14:59:28.854444 alarm(300)        = 0
22867 14:59:28.854456 recv(0,  <unfinished ...>
22865 14:59:28.854463 read(4,  <unfinished ...>
22864 14:59:29.292867 <... recv resumed> "USER msfadmin\r\n", 4096, MSG_PEEK) = 15
22864 14:59:29.292953 read(0, "USER msfadmin\r\n", 15) = 15
22864 14:59:29.293022 write(0, "331 Any password will do.\r\n", 27) = 27
22864 14:59:29.293099 rt_sigaction(SIGALRM, {0x805cad0, ~[RTMIN RT_1], 0}, NULL, 8) = 0
22864 14:59:29.293128 alarm(300)        = 299
22864 14:59:29.293150 recv(0, "PASS msfadmin\r\n", 4096, MSG_PEEK) = 15
22864 14:59:29.293163 read(0, "PASS msfadmin\r\n", 15) = 15
22864 14:59:29.293179 write(0, "230 Already logged in.\r\n", 24) = 24
22864 14:59:29.293266 rt_sigaction(SIGALRM, {0x805cad0, ~[RTMIN RT_1], 0}, NULL, 8) = 0
22864 14:59:29.293283 alarm(300)        = 300
22864 14:59:29.293295 recv(0, "TYPE I\r\n", 4096, MSG_PEEK) = 8
22864 14:59:29.293307 read(0, "TYPE I\r\n", 8) = 8
22864 14:59:29.293322 write(0, "200 Switching to Binary mode.\r\n", 31) = 31
22864 14:59:29.293358 rt_sigaction(SIGALRM, {0x805cad0, ~[RTMIN RT_1], 0}, NULL, 8) = 0
22864 14:59:29.293373 alarm(300)        = 300
22864 14:59:29.293385 recv(0, "PASV\r\n", 4096, MSG_PEEK) = 6
22864 14:59:29.293396 read(0, "PASV\r\n", 6) = 6
22864 14:59:29.293408 write(5, "\n", 1 <unfinished ...>
22862 14:59:29.293420 <... read resumed> "\n", 1) = 1
22864 14:59:29.293425 <... write resumed> ) = 1
22862 14:59:29.293433 write(4, "\1", 1) = 1
22862 14:59:29.293445 read(4,  <unfinished ...>
22864 14:59:29.293452 read(5, "\1", 1)  = 1
22864 14:59:29.293464 write(5, "\f", 1 <unfinished ...>
22862 14:59:29.293471 <... read resumed> "\f", 1) = 1
22864 14:59:29.293476 <... write resumed> ) = 1
22862 14:59:29.293484 socket(PF_INET, SOCK_STREAM, IPPROTO_TCP) = 5
22862 14:59:29.293500 setsockopt(5, SOL_SOCKET, SO_REUSEADDR, [1], 4) = 0
22862 14:59:29.293515 bind(5, {sa_family=AF_INET, sin_port=htons(55319), sin_addr=inet_addr("127.0.0.1")}, 16) = 0
22862 14:59:29.293532 listen(5, 1)      = 0
22862 14:59:29.293546 write(4, "\27\330\0\0", 4) = 4
22862 14:59:29.293557 read(4,  <unfinished ...>
22864 14:59:29.293564 read(5, "\27\330\0\0", 4) = 4
22864 14:59:29.293581 write(0, "227 Entering Passive Mode (127,0,0,1,216,23).\r\n", 47) = 47
22864 14:59:29.293690 rt_sigaction(SIGALRM, {0x805cad0, ~[RTMIN RT_1], 0}, NULL, 8) = 0
22864 14:59:29.293847 alarm(300)        = 300
22864 14:59:29.293861 recv(0, "RETR myfile31\r\n", 4096, MSG_PEEK) = 15
22864 14:59:29.293874 read(0, "RETR myfile31\r\n", 15) = 15
22864 14:59:29.293888 write(5, "\v", 1 <unfinished ...>
22862 14:59:29.293907 <... read resumed> "\v", 1) = 1
22864 14:59:29.293912 <... write resumed> ) = 1
22862 14:59:29.293918 write(4, "\1\0\0\0", 4) = 4
22862 14:59:29.293930 read(4,  <unfinished ...>
22864 14:59:29.293937 read(5, "\1\0\0\0", 4) = 4
22864 14:59:29.293949 gettimeofday({1495652369, 293953}, NULL) = 0
22864 14:59:29.293960 getcwd("/home/msfadmin", 4096) = 15
22864 14:59:29.293973 open("myfile31", O_RDONLY|O_NONBLOCK|O_LARGEFILE) = 4
22864 14:59:29.293987 fcntl64(4, F_SETLKW64, {type=F_RDLCK, whence=SEEK_SET, start=0, len=0}, 0xbfb27d34) = 0
22864 14:59:29.294003 fstat64(4, {st_mode=S_IFREG|0644, st_size=17, ...}) = 0
22864 14:59:29.294020 fcntl64(4, F_GETFL) = 0x8800 (flags O_RDONLY|O_NONBLOCK|O_LARGEFILE)
22864 14:59:29.294039 fcntl64(4, F_SETFL, O_RDONLY|O_LARGEFILE) = 0
22864 14:59:29.294051 write(5, "\v", 1 <unfinished ...>
22862 14:59:29.294059 <... read resumed> "\v", 1) = 1
22864 14:59:29.294064 <... write resumed> ) = 1
22862 14:59:29.294071 write(4, "\1\0\0\0", 4) = 4
22862 14:59:29.294082 read(4,  <unfinished ...>
22864 14:59:29.294089 read(5, "\1\0\0\0", 4) = 4
22864 14:59:29.294100 write(5, "\v", 1 <unfinished ...>
22862 14:59:29.294108 <... read resumed> "\v", 1) = 1
22864 14:59:29.294113 <... write resumed> ) = 1
22862 14:59:29.294119 write(4, "\1\0\0\0", 4) = 4
22862 14:59:29.294130 read(4,  <unfinished ...>
22864 14:59:29.294136 read(5, "\1\0\0\0", 4) = 4
22864 14:59:29.294148 write(5, "\r", 1 <unfinished ...>
22862 14:59:29.294155 <... read resumed> "\r", 1) = 1
22864 14:59:29.294160 <... write resumed> ) = 1
22862 14:59:29.294167 select(6, [5], NULL, NULL, {60, 0}) = 1 (in [5], left {60, 0})
22862 14:59:29.294184 accept(5, {sa_family=AF_INET, sin_port=htons(34572), sin_addr=inet_addr("127.0.0.1")}, [16]) = 6
22862 14:59:29.294206 write(4, "\1", 1) = 1
22862 14:59:29.294218 sendmsg(4, {msg_name(0)=NULL, msg_iov(1)=[{"\0", 1}], msg_controllen=16, {cmsg_len=16, cmsg_level=SOL_SOCKET, cmsg_type=SCM_RIGHTS, {6}}, msg_flags=0}, 0) = 1
22862 14:59:29.294236 close(6)          = 0
22862 14:59:29.294246 read(4,  <unfinished ...>
22864 14:59:29.294253 read(5, "\1", 1)  = 1
22864 14:59:29.294266 recvmsg(5, {msg_name(0)=NULL, msg_iov(1)=[{"\0", 1}], msg_controllen=16, {cmsg_len=16, cmsg_level=SOL_SOCKET, cmsg_type=SCM_RIGHTS, {6}}, msg_flags=0}, 0) = 1
22864 14:59:29.294284 setsockopt(6, SOL_SOCKET, SO_KEEPALIVE, [1], 4) = 0
22864 14:59:29.294297 setsockopt(6, SOL_IP, IP_TOS, [8], 4) = 0
22864 14:59:29.294335 setsockopt(6, SOL_SOCKET, SO_LINGER, {onoff=1, linger=32767}, 8) = 0
22864 14:59:29.294351 rt_sigaction(SIGALRM, {0x805cad0, ~[RTMIN RT_1], 0}, NULL, 8) = 0
22864 14:59:29.294376 alarm(300)        = 300
22864 14:59:29.294390 write(0, "150 Opening BINARY mode data connection for myfile31 (17 bytes).\r\n", 66) = 66
22864 14:59:29.294432 _llseek(4, 0, [0], SEEK_CUR) = 0
22864 14:59:29.294445 fstat64(4, {st_mode=S_IFREG|0644, st_size=17, ...}) = 0
22864 14:59:29.294462 _llseek(4, 0, [0], SEEK_SET) = 0
22864 14:59:29.294473 sendfile(6, 4, NULL, 17) = 17
22864 14:59:29.294503 rt_sigaction(SIGALRM, {0x805cad0, ~[RTMIN RT_1], 0}, NULL, 8) = 0
22864 14:59:29.294518 alarm(300)        = 300
22864 14:59:29.294528 close(6)          = 0
22864 14:59:29.294564 alarm(0)          = 300
22864 14:59:29.294575 gettimeofday({1495652369, 294579}, NULL) = 0
22864 14:59:29.294591 gettimeofday({1495652369, 294595}, NULL) = 0
22864 14:59:29.294606 fcntl64(3, F_SETLKW64, {type=F_WRLCK, whence=SEEK_SET, start=0, len=0}, 0xbfb27cd4) = 0
22864 14:59:29.294621 write(3, "Wed May 24 14:59:29 2017 [pid 22864] [msfadmin] OK DOWNLOAD: Client \"127.0.0.1\", \"/home/msfadmin/myfile31\", 17 bytes, 25.86Kbyte/sec\n", 133) = 133
22864 14:59:29.294642 fcntl64(3, F_SETLK64, {type=F_UNLCK, whence=SEEK_SET, start=0, len=0}, 0xbfb27cdc) = 0
22864 14:59:29.294657 write(0, "226 Transfer complete.\r\n", 24) = 24
22864 14:59:29.294722 write(5, "\n", 1 <unfinished ...>
22862 14:59:29.294732 <... read resumed> "\n", 1) = 1
22864 14:59:29.294738 <... write resumed> ) = 1
22862 14:59:29.294744 close(5)          = 0
22862 14:59:29.294756 write(4, "\1", 1) = 1
22862 14:59:29.294767 read(4,  <unfinished ...>
22864 14:59:29.294775 read(5, "\1", 1)  = 1
22864 14:59:29.294786 close(4)          = 0
22864 14:59:29.294797 rt_sigaction(SIGALRM, {0x805cad0, ~[RTMIN RT_1], 0}, NULL, 8) = 0
22864 14:59:29.294839 alarm(300)        = 0
22864 14:59:29.294852 recv(0,  <unfinished ...>
22867 14:59:29.382905 <... recv resumed> "TYPE I\r\n", 4096, MSG_PEEK) = 8
22867 14:59:29.382942 read(0, "TYPE I\r\n", 8) = 8
22867 14:59:29.382966 write(0, "200 Switching to Binary mode.\r\n", 31) = 31
22867 14:59:29.383015 rt_sigaction(SIGALRM, {0x805cad0, ~[RTMIN RT_1], 0}, NULL, 8) = 0
22867 14:59:29.383033 alarm(300)        = 299
22867 14:59:29.383046 recv(0, "PASV\r\n", 4096, MSG_PEEK) = 6
22867 14:59:29.383066 read(0, "PASV\r\n", 6) = 6
22867 14:59:29.383079 write(5, "\n", 1) = 1
22867 14:59:29.383107 read(5,  <unfinished ...>
22865 14:59:29.383117 <... read resumed> "\n", 1) = 1
22865 14:59:29.383127 write(4, "\1", 1) = 1
22867 14:59:29.383138 <... read resumed> "\1", 1) = 1
22867 14:59:29.383146 write(5, "\f", 1) = 1
22867 14:59:29.383156 read(5,  <unfinished ...>
22865 14:59:29.383163 read(4, "\f", 1)  = 1
22865 14:59:29.383175 socket(PF_INET, SOCK_STREAM, IPPROTO_TCP) = 5
22865 14:59:29.383191 setsockopt(5, SOL_SOCKET, SO_REUSEADDR, [1], 4) = 0
22865 14:59:29.383207 bind(5, {sa_family=AF_INET, sin_port=htons(36368), sin_addr=inet_addr("127.0.0.1")}, 16) = 0
22865 14:59:29.383223 listen(5, 1)      = 0
22865 14:59:29.383237 write(4, "\20\216\0\0", 4) = 4
22867 14:59:29.383249 <... read resumed> "\20\216\0\0", 4) = 4
22867 14:59:29.383261 write(0, "227 Entering Passive Mode (127,0,0,1,142,16).\r\n", 47) = 47
22867 14:59:29.383375 rt_sigaction(SIGALRM, {0x805cad0, ~[RTMIN RT_1], 0}, NULL, 8) = 0
22867 14:59:29.383392 alarm(300)        = 300
22867 14:59:29.383403 recv(0, "STOR myfile13\r\n", 4096, MSG_PEEK) = 15
22867 14:59:29.383416 read(0, "STOR myfile13\r\n", 15) = 15
22867 14:59:29.383430 write(5, "\v", 1) = 1
22867 14:59:29.383441 read(5,  <unfinished ...>
22865 14:59:29.383448 read(4, "\v", 1)  = 1
22865 14:59:29.383459 write(4, "\1\0\0\0", 4) = 4
22867 14:59:29.383470 <... read resumed> "\1\0\0\0", 4) = 4
22867 14:59:29.383478 gettimeofday({1495652369, 383482}, NULL) = 0
22867 14:59:29.383490 getcwd("/home/msfadmin", 4096) = 15
22867 14:59:29.383503 open("myfile13", O_WRONLY|O_CREAT|O_NONBLOCK|O_LARGEFILE, 0666) = 4
22867 14:59:29.383518 fstat64(4, {st_mode=S_IFREG|0644, st_size=17, ...}) = 0
22867 14:59:29.383535 fcntl64(4, F_GETFL) = 0x8801 (flags O_WRONLY|O_NONBLOCK|O_LARGEFILE)
22867 14:59:29.383547 fcntl64(4, F_SETFL, O_WRONLY|O_LARGEFILE) = 0
22867 14:59:29.383557 fcntl64(4, F_SETLKW64, {type=F_WRLCK, whence=SEEK_SET, start=0, len=0}, 0xbfaa5c94) = 0
22867 14:59:29.383572 ftruncate64(4, 0) = 0
22867 14:59:29.383610 _llseek(4, 0, [0], SEEK_SET) = 0
22867 14:59:29.383623 write(5, "\v", 1) = 1
22867 14:59:29.383645 read(5,  <unfinished ...>
22865 14:59:29.383652 read(4, "\v", 1)  = 1
22865 14:59:29.383664 write(4, "\1\0\0\0", 4) = 4
22867 14:59:29.383675 <... read resumed> "\1\0\0\0", 4) = 4
22867 14:59:29.383682 write(5, "\v", 1) = 1
22867 14:59:29.383693 read(5,  <unfinished ...>
22865 14:59:29.383699 read(4, "\v", 1)  = 1
22865 14:59:29.383710 write(4, "\1\0\0\0", 4) = 4
22867 14:59:29.383721 <... read resumed> "\1\0\0\0", 4) = 4
22867 14:59:29.383729 write(5, "\r", 1) = 1
22867 14:59:29.383739 read(5,  <unfinished ...>
22865 14:59:29.383746 read(4, "\r", 1)  = 1
22865 14:59:29.383758 select(6, [5], NULL, NULL, {60, 0}) = 1 (in [5], left {60, 0})
22865 14:59:29.383775 accept(5, {sa_family=AF_INET, sin_port=htons(50692), sin_addr=inet_addr("127.0.0.1")}, [16]) = 6
22865 14:59:29.383798 write(4, "\1", 1) = 1
22867 14:59:29.383809 <... read resumed> "\1", 1) = 1
22867 14:59:29.383817 recvmsg(5,  <unfinished ...>
22865 14:59:29.383826 sendmsg(4, {msg_name(0)=NULL, msg_iov(1)=[{"\0", 1}], msg_controllen=16, {cmsg_len=16, cmsg_level=SOL_SOCKET, cmsg_type=SCM_RIGHTS, {6}}, msg_flags=0}, 0) = 1
22867 14:59:29.383844 <... recvmsg resumed> {msg_name(0)=NULL, msg_iov(1)=[{"\0", 1}], msg_controllen=16, {cmsg_len=16, cmsg_level=SOL_SOCKET, cmsg_type=SCM_RIGHTS, {6}}, msg_flags=0}, 0) = 1
22867 14:59:29.383857 setsockopt(6, SOL_SOCKET, SO_KEEPALIVE, [1], 4) = 0
22867 14:59:29.383870 setsockopt(6, SOL_IP, IP_TOS, [8], 4) = 0
22867 14:59:29.383883 setsockopt(6, SOL_SOCKET, SO_LINGER, {onoff=1, linger=32767}, 8) = 0
22867 14:59:29.383894 rt_sigaction(SIGALRM, {0x805cad0, ~[RTMIN RT_1], 0}, NULL, 8) = 0
22867 14:59:29.383908 alarm(300)        = 300
22867 14:59:29.383921 write(0, "150 Ok to send data.\r\n", 22) = 22
22867 14:59:29.383989 read(6, "assasaaa\na\na\na\na\n", 65536) = 17
22867 14:59:29.384003 write(4, "assasaaa\na\na\na\na\n", 17) = 17
22867 14:59:29.384021 read(6, "", 65536) = 0
22867 14:59:29.384032 rt_sigaction(SIGALRM, {0x805cad0, ~[RTMIN RT_1], 0}, NULL, 8) = 0
22867 14:59:29.384049 alarm(300)        = 300
22867 14:59:29.384059 close(6)          = 0
22867 14:59:29.384069 alarm(0)          = 300
22867 14:59:29.384079 gettimeofday({1495652369, 384105}, NULL) = 0
22867 14:59:29.384118 gettimeofday({1495652369, 384132}, NULL) = 0
22867 14:59:29.384142 fcntl64(3, F_SETLKW64, {type=F_WRLCK, whence=SEEK_SET, start=0, len=0}, 0xbfaa5c34) = 0
22867 14:59:29.384157 write(3, "Wed May 24 14:59:29 2017 [pid 22867] [msfadmin] OK UPLOAD: Client \"127.0.0.1\", \"/home/msfadmin/myfile13\", 17 bytes, 25.54Kbyte/sec\n", 131) = 131
22867 14:59:29.384179 fcntl64(3, F_SETLK64, {type=F_UNLCK, whence=SEEK_SET, start=0, len=0}, 0xbfaa5c3c) = 0
22867 14:59:29.384194 write(0, "226 Transfer complete.\r\n", 24) = 24
22867 14:59:29.384239 write(5, "\n", 1) = 1
22867 14:59:29.384251 read(5,  <unfinished ...>
22865 14:59:29.384258 close(6)          = 0
22865 14:59:29.384276 read(4, "\n", 1)  = 1
22865 14:59:29.384288 close(5)          = 0
22865 14:59:29.384299 write(4, "\1", 1) = 1
22867 14:59:29.384310 <... read resumed> "\1", 1) = 1
22867 14:59:29.384318 close(4)          = 0
22867 14:59:29.384328 rt_sigaction(SIGALRM, {0x805cad0, ~[RTMIN RT_1], 0}, NULL, 8) = 0
22867 14:59:29.384342 alarm(300)        = 0
22867 14:59:29.384353 recv(0,  <unfinished ...>
22865 14:59:29.384361 read(4,  <unfinished ...>
22864 14:59:29.823180 <... recv resumed> "USER msfadmin\r\n", 4096, MSG_PEEK) = 15
22864 14:59:29.823293 read(0, "USER msfadmin\r\n", 15) = 15
22864 14:59:29.823346 write(0, "331 Any password will do.\r\n", 27) = 27
22864 14:59:29.823416 rt_sigaction(SIGALRM, {0x805cad0, ~[RTMIN RT_1], 0}, NULL, 8) = 0
22864 14:59:29.823440 alarm(300)        = 299
22864 14:59:29.823453 recv(0, "PASS msfadmin\r\n", 4096, MSG_PEEK) = 15
22864 14:59:29.823466 read(0, "PASS msfadmin\r\n", 15) = 15
22864 14:59:29.823482 write(0, "230 Already logged in.\r\n", 24) = 24
22864 14:59:29.823545 rt_sigaction(SIGALRM, {0x805cad0, ~[RTMIN RT_1], 0}, NULL, 8) = 0
22864 14:59:29.823560 alarm(300)        = 300
22864 14:59:29.823572 recv(0, "TYPE I\r\n", 4096, MSG_PEEK) = 8
22864 14:59:29.823584 read(0, "TYPE I\r\n", 8) = 8
22864 14:59:29.823599 write(0, "200 Switching to Binary mode.\r\n", 31) = 31
22864 14:59:29.823635 rt_sigaction(SIGALRM, {0x805cad0, ~[RTMIN RT_1], 0}, NULL, 8) = 0
22864 14:59:29.823650 alarm(300)        = 300
22864 14:59:29.823661 recv(0, "PASV\r\n", 4096, MSG_PEEK) = 6
22864 14:59:29.823672 read(0, "PASV\r\n", 6) = 6
22864 14:59:29.823684 write(5, "\n", 1 <unfinished ...>
22862 14:59:29.823697 <... read resumed> "\n", 1) = 1
22864 14:59:29.823702 <... write resumed> ) = 1
22862 14:59:29.823710 write(4, "\1", 1) = 1
22862 14:59:29.823721 read(4,  <unfinished ...>
22864 14:59:29.823729 read(5, "\1", 1)  = 1
22864 14:59:29.823740 write(5, "\f", 1 <unfinished ...>
22862 14:59:29.823748 <... read resumed> "\f", 1) = 1
22864 14:59:29.823753 <... write resumed> ) = 1
22862 14:59:29.823760 socket(PF_INET, SOCK_STREAM, IPPROTO_TCP) = 5
22862 14:59:29.823776 setsockopt(5, SOL_SOCKET, SO_REUSEADDR, [1], 4) = 0
22862 14:59:29.823791 bind(5, {sa_family=AF_INET, sin_port=htons(18702), sin_addr=inet_addr("127.0.0.1")}, 16) = 0
22862 14:59:29.823808 listen(5, 1)      = 0
22862 14:59:29.823822 write(4, "\16I\0\0", 4) = 4
22862 14:59:29.823833 read(4,  <unfinished ...>
22864 14:59:29.823840 read(5, "\16I\0\0", 4) = 4
22864 14:59:29.823856 write(0, "227 Entering Passive Mode (127,0,0,1,73,14).\r\n", 46) = 46
22864 14:59:29.823967 rt_sigaction(SIGALRM, {0x805cad0, ~[RTMIN RT_1], 0}, NULL, 8) = 0
22864 14:59:29.824008 alarm(300)        = 300
22864 14:59:29.824041 recv(0, "RETR myfile32\r\n", 4096, MSG_PEEK) = 15
22864 14:59:29.824055 read(0, "RETR myfile32\r\n", 15) = 15
22864 14:59:29.824068 write(5, "\v", 1 <unfinished ...>
22862 14:59:29.824077 <... read resumed> "\v", 1) = 1
22864 14:59:29.824082 <... write resumed> ) = 1
22862 14:59:29.824088 write(4, "\1\0\0\0", 4) = 4
22862 14:59:29.824100 read(4,  <unfinished ...>
22864 14:59:29.824107 read(5, "\1\0\0\0", 4) = 4
22864 14:59:29.824126 gettimeofday({1495652369, 824131}, NULL) = 0
22864 14:59:29.824139 getcwd("/home/msfadmin", 4096) = 15
22864 14:59:29.824151 open("myfile32", O_RDONLY|O_NONBLOCK|O_LARGEFILE) = 4
22864 14:59:29.824165 fcntl64(4, F_SETLKW64, {type=F_RDLCK, whence=SEEK_SET, start=0, len=0}, 0xbfb27d34) = 0
22864 14:59:29.824181 fstat64(4, {st_mode=S_IFREG|0644, st_size=17, ...}) = 0
22864 14:59:29.824199 fcntl64(4, F_GETFL) = 0x8800 (flags O_RDONLY|O_NONBLOCK|O_LARGEFILE)
22864 14:59:29.824210 fcntl64(4, F_SETFL, O_RDONLY|O_LARGEFILE) = 0
22864 14:59:29.824222 write(5, "\v", 1 <unfinished ...>
22862 14:59:29.824230 <... read resumed> "\v", 1) = 1
22864 14:59:29.824235 <... write resumed> ) = 1
22862 14:59:29.824241 write(4, "\1\0\0\0", 4) = 4
22862 14:59:29.824252 read(4,  <unfinished ...>
22864 14:59:29.824259 read(5, "\1\0\0\0", 4) = 4
22864 14:59:29.824271 write(5, "\v", 1 <unfinished ...>
22862 14:59:29.824278 <... read resumed> "\v", 1) = 1
22864 14:59:29.824283 <... write resumed> ) = 1
22862 14:59:29.824289 write(4, "\1\0\0\0", 4) = 4
22862 14:59:29.824300 read(4,  <unfinished ...>
22864 14:59:29.824307 read(5, "\1\0\0\0", 4) = 4
22864 14:59:29.824318 write(5, "\r", 1 <unfinished ...>
22862 14:59:29.824325 <... read resumed> "\r", 1) = 1
22864 14:59:29.824330 <... write resumed> ) = 1
22862 14:59:29.824337 select(6, [5], NULL, NULL, {60, 0}) = 1 (in [5], left {60, 0})
22862 14:59:29.824354 accept(5, {sa_family=AF_INET, sin_port=htons(40011), sin_addr=inet_addr("127.0.0.1")}, [16]) = 6
22862 14:59:29.824377 write(4, "\1", 1) = 1
22862 14:59:29.824390 sendmsg(4, {msg_name(0)=NULL, msg_iov(1)=[{"\0", 1}], msg_controllen=16, {cmsg_len=16, cmsg_level=SOL_SOCKET, cmsg_type=SCM_RIGHTS, {6}}, msg_flags=0}, 0) = 1
22862 14:59:29.824407 close(6)          = 0
22862 14:59:29.824417 read(4,  <unfinished ...>
22864 14:59:29.824424 read(5, "\1", 1)  = 1
22864 14:59:29.824437 recvmsg(5, {msg_name(0)=NULL, msg_iov(1)=[{"\0", 1}], msg_controllen=16, {cmsg_len=16, cmsg_level=SOL_SOCKET, cmsg_type=SCM_RIGHTS, {6}}, msg_flags=0}, 0) = 1
22864 14:59:29.824455 setsockopt(6, SOL_SOCKET, SO_KEEPALIVE, [1], 4) = 0
22864 14:59:29.824468 setsockopt(6, SOL_IP, IP_TOS, [8], 4) = 0
22864 14:59:29.824480 setsockopt(6, SOL_SOCKET, SO_LINGER, {onoff=1, linger=32767}, 8) = 0
22864 14:59:29.824492 rt_sigaction(SIGALRM, {0x805cad0, ~[RTMIN RT_1], 0}, NULL, 8) = 0
22864 14:59:29.824505 alarm(300)        = 300
22864 14:59:29.824519 write(0, "150 Opening BINARY mode data connection for myfile32 (17 bytes).\r\n", 66) = 66
22864 14:59:29.824562 _llseek(4, 0, [0], SEEK_CUR) = 0
22864 14:59:29.824575 fstat64(4, {st_mode=S_IFREG|0644, st_size=17, ...}) = 0
22864 14:59:29.824621 _llseek(4, 0, [0], SEEK_SET) = 0
22864 14:59:29.824633 sendfile(6, 4, NULL, 17) = 17
22864 14:59:29.824666 rt_sigaction(SIGALRM, {0x805cad0, ~[RTMIN RT_1], 0}, NULL, 8) = 0
22864 14:59:29.824681 alarm(300)        = 300
22864 14:59:29.824691 close(6)          = 0
22864 14:59:29.824729 alarm(0)          = 300
22864 14:59:29.824740 gettimeofday({1495652369, 824744}, NULL) = 0
22864 14:59:29.824757 gettimeofday({1495652369, 824761}, NULL) = 0
22864 14:59:29.824772 fcntl64(3, F_SETLKW64, {type=F_WRLCK, whence=SEEK_SET, start=0, len=0}, 0xbfb27cd4) = 0
22864 14:59:29.824787 write(3, "Wed May 24 14:59:29 2017 [pid 22864] [msfadmin] OK DOWNLOAD: Client \"127.0.0.1\", \"/home/msfadmin/myfile32\", 17 bytes, 26.35Kbyte/sec\n", 133) = 133
22864 14:59:29.824810 fcntl64(3, F_SETLK64, {type=F_UNLCK, whence=SEEK_SET, start=0, len=0}, 0xbfb27cdc) = 0
22864 14:59:29.824825 write(0, "226 Transfer complete.\r\n", 24) = 24
22864 14:59:29.824895 write(5, "\n", 1 <unfinished ...>
22862 14:59:29.824906 <... read resumed> "\n", 1) = 1
22864 14:59:29.824911 <... write resumed> ) = 1
22862 14:59:29.824918 close(5)          = 0
22862 14:59:29.824931 write(4, "\1", 1) = 1
22862 14:59:29.824965 read(4,  <unfinished ...>
22864 14:59:29.824974 read(5, "\1", 1)  = 1
22864 14:59:29.824986 close(4)          = 0
22864 14:59:29.825007 rt_sigaction(SIGALRM, {0x805cad0, ~[RTMIN RT_1], 0}, NULL, 8) = 0
22864 14:59:29.825021 alarm(300)        = 0
22864 14:59:29.825036 recv(0,  <unfinished ...>
22867 14:59:29.922110 <... recv resumed> "TYPE I\r\n", 4096, MSG_PEEK) = 8
22867 14:59:29.922140 read(0, "TYPE I\r\n", 8) = 8
22867 14:59:29.922162 write(0, "200 Switching to Binary mode.\r\n", 31) = 31
22867 14:59:29.922211 rt_sigaction(SIGALRM, {0x805cad0, ~[RTMIN RT_1], 0}, NULL, 8) = 0
22867 14:59:29.922230 alarm(300)        = 299
22867 14:59:29.922243 recv(0, "PASV\r\n", 4096, MSG_PEEK) = 6
22867 14:59:29.922255 read(0, "PASV\r\n", 6) = 6
22867 14:59:29.922268 write(5, "\n", 1) = 1
22867 14:59:29.922280 read(5,  <unfinished ...>
22865 14:59:29.922289 <... read resumed> "\n", 1) = 1
22865 14:59:29.922299 write(4, "\1", 1) = 1
22867 14:59:29.922310 <... read resumed> "\1", 1) = 1
22867 14:59:29.922317 write(5, "\f", 1) = 1
22867 14:59:29.922328 read(5,  <unfinished ...>
22865 14:59:29.922335 read(4, "\f", 1)  = 1
22865 14:59:29.922348 socket(PF_INET, SOCK_STREAM, IPPROTO_TCP) = 5
22865 14:59:29.922363 setsockopt(5, SOL_SOCKET, SO_REUSEADDR, [1], 4) = 0
22865 14:59:29.922378 bind(5, {sa_family=AF_INET, sin_port=htons(18244), sin_addr=inet_addr("127.0.0.1")}, 16) = 0
22865 14:59:29.922395 listen(5, 1)      = 0
22865 14:59:29.922409 write(4, "DG\0\0", 4) = 4
22867 14:59:29.922420 <... read resumed> "DG\0\0", 4) = 4
22867 14:59:29.922432 write(0, "227 Entering Passive Mode (127,0,0,1,71,68).\r\n", 46) = 46
22867 14:59:29.922542 rt_sigaction(SIGALRM, {0x805cad0, ~[RTMIN RT_1], 0}, NULL, 8) = 0
22867 14:59:29.922559 alarm(300)        = 300
22867 14:59:29.922571 recv(0, "STOR myfile14\r\n", 4096, MSG_PEEK) = 15
22867 14:59:29.922584 read(0, "STOR myfile14\r\n", 15) = 15
22867 14:59:29.922597 write(5, "\v", 1) = 1
22867 14:59:29.922608 read(5,  <unfinished ...>
22865 14:59:29.922616 read(4, "\v", 1)  = 1
22865 14:59:29.922627 write(4, "\1\0\0\0", 4) = 4
22867 14:59:29.922638 <... read resumed> "\1\0\0\0", 4) = 4
22867 14:59:29.922646 gettimeofday({1495652369, 922650}, NULL) = 0
22867 14:59:29.922658 getcwd("/home/msfadmin", 4096) = 15
22867 14:59:29.922671 open("myfile14", O_WRONLY|O_CREAT|O_NONBLOCK|O_LARGEFILE, 0666) = 4
