22156 14:52:37.676380 mmap2(NULL, 101180, PROT_READ|PROT_EXEC, MAP_PRIVATE|MAP_DENYWRITE, 7, 0) = 0xb7d28000
22156 14:52:37.676392 mmap2(0xb7d3f000, 8192, PROT_READ|PROT_WRITE, MAP_PRIVATE|MAP_FIXED|MAP_DENYWRITE, 7, 0x16) = 0xb7d3f000
22156 14:52:37.676409 close(7)          = 0
22156 14:52:37.676507 open("/etc/selinux/config", O_RDONLY|O_LARGEFILE) = -1 ENOENT (No such file or directory)
22156 14:52:37.676532 statfs64("/selinux", 84, 0xbfb9062c) = -1 ENOENT (No such file or directory)
22156 14:52:37.676546 open("/proc/mounts", O_RDONLY|O_LARGEFILE) = 7
22156 14:52:37.676571 fstat64(7, {st_mode=S_IFREG|0444, st_size=0, ...}) = 0
22156 14:52:37.676615 mmap2(NULL, 4096, PROT_READ|PROT_WRITE, MAP_PRIVATE|MAP_ANONYMOUS, -1, 0) = 0xb7f44000
22156 14:52:37.676628 read(7, "rootfs / rootfs rw 0 0\nnone /sys sysfs rw,nosuid,nodev,noexec 0 0\nnone /proc proc rw,nosuid,nodev,noexec 0 0\nudev /dev tmpfs rw,relatime 0 0\nfusectl /sys/fs/fuse/connections fusectl rw,relatime 0 0\n/dev/mapper/metasploitable-root / ext3 rw,relatime,errors=remount-ro,data=ordered 0 0\n/dev/mapper/metasploitable-root /dev/.static/dev ext3 rw,relatime,errors=remount-ro,data=ordered 0 0\ntmpfs /var/run tmpfs rw,nosuid,nodev,noexec 0 0\ntmpfs /var/lock tmpfs rw,nosuid,nodev,noexec 0 0\ntmpfs /dev/shm tmpfs rw,relatime 0 0\ndevpts /dev/pts devpts rw,relatime 0 0\ntmpfs /var/run tmpfs rw,nosuid,nodev,noexec 0 0\ntmpfs /var/lock tmpfs rw,nosuid,nodev,noexec 0 0\n/dev/sda1 /boot ext3 rw,relatime,data=ordered 0 0\nsecurityfs /sys/kernel/security securityfs rw,relatime 0 0\nrpc_pipefs /var/lib/nfs/rpc_pipefs rpc_pipefs rw,relatime 0 0\nnfsd /proc/fs/nfsd nfsd rw,relatime 0 0\n", 1024) = 866
22156 14:52:37.676723 read(7, "", 1024) = 0
22156 14:52:37.676733 close(7)          = 0
22156 14:52:37.676743 munmap(0xb7f44000, 4096) = 0
22156 14:52:37.676763 munmap(0xb7d73000, 29913) = 0
22156 14:52:37.676777 read(6, "", 4096) = 0
22156 14:52:37.676788 close(6)          = 0
22156 14:52:37.676797 munmap(0xb7f45000, 4096) = 0
22156 14:52:37.676808 stat64("/etc/pam.d", {st_mode=S_IFDIR|0755, st_size=4096, ...}) = 0
22156 14:52:37.676828 open("/etc/pam.d/common-account", O_RDONLY|O_LARGEFILE) = 6
22156 14:52:37.676842 fstat64(6, {st_mode=S_IFREG|0644, st_size=392, ...}) = 0
22156 14:52:37.676858 mmap2(NULL, 4096, PROT_READ|PROT_WRITE, MAP_PRIVATE|MAP_ANONYMOUS, -1, 0) = 0xb7f45000
22156 14:52:37.676869 read(6, "#\n# /etc/pam.d/common-account - authorization settings common to all services\n#\n# This file is included from other service-specific PAM config files,\n# and should contain a list of the authorization modules that define\n# the central access policy for use on the system.  The default is to\n# only deny service to users whose accounts are expired in /etc/shadow.\n#\naccount\trequired\tpam_unix.so\n", 4096) = 392
22156 14:52:37.676910 read(6, "", 4096) = 0
22156 14:52:37.676920 close(6)          = 0
22156 14:52:37.676929 munmap(0xb7f45000, 4096) = 0
22156 14:52:37.676940 stat64("/etc/pam.d", {st_mode=S_IFDIR|0755, st_size=4096, ...}) = 0
22156 14:52:37.676958 open("/etc/pam.d/common-session", O_RDONLY|O_LARGEFILE) = 6
22156 14:52:37.676971 fstat64(6, {st_mode=S_IFREG|0644, st_size=372, ...}) = 0
22156 14:52:37.676987 mmap2(NULL, 4096, PROT_READ|PROT_WRITE, MAP_PRIVATE|MAP_ANONYMOUS, -1, 0) = 0xb7f45000
22156 14:52:37.676998 read(6, "#\n# /etc/pam.d/common-session - session-related modules common to all services\n#\n# This file is included from other service-specific PAM config files,\n# and should contain a list of modules that define tasks to be performed\n# at the start and end of sessions of *any* kind (both interactive and\n# non-interactive).  The default is pam_unix.\n#\nsession\trequired\tpam_unix.so\n", 4096) = 372
22156 14:52:37.677036 read(6, "", 4096) = 0
22156 14:52:37.677046 close(6)          = 0
22156 14:52:37.677055 munmap(0xb7f45000, 4096) = 0
22156 14:52:37.677065 read(5, "", 4096) = 0
22156 14:52:37.677075 close(5)          = 0
22156 14:52:37.677111 munmap(0xb7f4b000, 4096) = 0
22156 14:52:37.677123 open("/etc/pam.d/other", O_RDONLY|O_LARGEFILE) = 5
22156 14:52:37.677146 fstat64(5, {st_mode=S_IFREG|0644, st_size=520, ...}) = 0
22156 14:52:37.677163 mmap2(NULL, 4096, PROT_READ|PROT_WRITE, MAP_PRIVATE|MAP_ANONYMOUS, -1, 0) = 0xb7f4b000
22156 14:52:37.677173 read(5, "#\n# /etc/pam.d/other - specify the PAM fallback behaviour\n#\n# Note that this file is used for any unspecified service; for example\n#if /etc/pam.d/cron  specifies no session modules but cron calls\n#pam_open_session, the session module out of /etc/pam.d/other is\n#used.  If you really want nothing to happen then use pam_permit.so or\n#pam_deny.so as appropriate.\n\n# We fall back to the system default in /etc/pam.d/common-*\n# \n\n@include common-auth\n@include common-account\n@include common-password\n@include common-session\n", 4096) = 520
22156 14:52:37.677218 stat64("/etc/pam.d", {st_mode=S_IFDIR|0755, st_size=4096, ...}) = 0
22156 14:52:37.677237 open("/etc/pam.d/common-auth", O_RDONLY|O_LARGEFILE) = 6
22156 14:52:37.677249 fstat64(6, {st_mode=S_IFREG|0644, st_size=476, ...}) = 0
22156 14:52:37.677265 mmap2(NULL, 4096, PROT_READ|PROT_WRITE, MAP_PRIVATE|MAP_ANONYMOUS, -1, 0) = 0xb7f45000
22156 14:52:37.677275 read(6, "#\n# /etc/pam.d/common-auth - authentication settings common to all services\n#\n# This file is included from other service-specific PAM config files,\n# and should contain a list of the authentication modules that define\n# the central authentication scheme for use on the system\n# (e.g., /etc/shadow, LDAP, Kerberos, etc.).  The default is to use the\n# traditional Unix authentication mechanisms.\n#\nauth\trequisite\tpam_unix.so nullok_secure\n# auth\toptional\tpam_smbpass.so migrate\n", 4096) = 476
22156 14:52:37.677322 read(6, "", 4096) = 0
22156 14:52:37.677332 close(6)          = 0
22156 14:52:37.677341 munmap(0xb7f45000, 4096) = 0
22156 14:52:37.677356 stat64("/etc/pam.d", {st_mode=S_IFDIR|0755, st_size=4096, ...}) = 0
22156 14:52:37.677374 open("/etc/pam.d/common-account", O_RDONLY|O_LARGEFILE) = 6
22156 14:52:37.677387 fstat64(6, {st_mode=S_IFREG|0644, st_size=392, ...}) = 0
22156 14:52:37.677403 mmap2(NULL, 4096, PROT_READ|PROT_WRITE, MAP_PRIVATE|MAP_ANONYMOUS, -1, 0) = 0xb7f45000
22156 14:52:37.677414 read(6, "#\n# /etc/pam.d/common-account - authorization settings common to all services\n#\n# This file is included from other service-specific PAM config files,\n# and should contain a list of the authorization modules that define\n# the central access policy for use on the system.  The default is to\n# only deny service to users whose accounts are expired in /etc/shadow.\n#\naccount\trequired\tpam_unix.so\n", 4096) = 392
22156 14:52:37.677452 read(6, "", 4096) = 0
22156 14:52:37.677462 close(6)          = 0
22156 14:52:37.677471 munmap(0xb7f45000, 4096) = 0
22156 14:52:37.677482 stat64("/etc/pam.d", {st_mode=S_IFDIR|0755, st_size=4096, ...}) = 0
22156 14:52:37.677500 open("/etc/pam.d/common-password", O_RDONLY|O_LARGEFILE) = 6
22156 14:52:37.677513 fstat64(6, {st_mode=S_IFREG|0644, st_size=1563, ...}) = 0
22156 14:52:37.677529 mmap2(NULL, 4096, PROT_READ|PROT_WRITE, MAP_PRIVATE|MAP_ANONYMOUS, -1, 0) = 0xb7f45000
22156 14:52:37.677539 read(6, "#\n# /etc/pam.d/common-password - password-related modules common to all services\n#\n# This file is included from other service-specific PAM config files,\n# and should contain a list of modules that define the services to be\n# used to change user passwords.  The default is pam_unix.\n\n# Explanation of pam_unix options:\n#\n# The \"nullok\" option allows users to change an empty password, else\n# empty passwords are treated as locked accounts.\n#\n# The \"md5\" option enables MD5 passwords.  Without this option, the\n# default is Unix crypt.\n#\n# The \"obscure\" option replaces the old `OBSCURE_CHECKS_ENAB\' option in\n# login.defs.\n#\n# You can also use the \"min\" option to enforce the length of the new\n# password.\n#\n# See the pam_unix manpage for other options.\n\npassword   requisite   pam_unix.so nullok obscure md5\n\n# Alternate strength checking for password. Note that this\n# requires the libpam-cracklib package to be installed.\n# You will need to comment out the password line above and\n# uncomment the next two in order to use this.\n# (Replaces the `OBSCURE_CHECKS_ENAB\', `CRACKLIB_DICTPATH\')\n#\n# password required\t  pam_cracklib.so retry=3 minlen=6 difok=3\n# password required\t  pam_unix.so use_authtok nullok md5\n\n# minimally-intrusive inclusion of smbpass in the stack for\n# synchronization.  If the module is absent or the passwords don\'t\n# match, this module will be ignored without prompting; and if the \n# passwords do match, the NTLM hash for the user will be updated\n# automatically.\n# password   optional   pam_smbpass.so nullok use_authtok use_first_pass\n", 4096) = 1563
22156 14:52:37.677690 read(6, "", 4096) = 0
22156 14:52:37.677701 close(6)          = 0
22156 14:52:37.677711 munmap(0xb7f45000, 4096) = 0
22156 14:52:37.677722 stat64("/etc/pam.d", {st_mode=S_IFDIR|0755, st_size=4096, ...}) = 0
22156 14:52:37.677741 open("/etc/pam.d/common-session", O_RDONLY|O_LARGEFILE) = 6
22156 14:52:37.677754 fstat64(6, {st_mode=S_IFREG|0644, st_size=372, ...}) = 0
22156 14:52:37.677770 mmap2(NULL, 4096, PROT_READ|PROT_WRITE, MAP_PRIVATE|MAP_ANONYMOUS, -1, 0) = 0xb7f45000
22156 14:52:37.677780 read(6, "#\n# /etc/pam.d/common-session - session-related modules common to all services\n#\n# This file is included from other service-specific PAM config files,\n# and should contain a list of modules that define tasks to be performed\n# at the start and end of sessions of *any* kind (both interactive and\n# non-interactive).  The default is pam_unix.\n#\nsession\trequired\tpam_unix.so\n", 4096) = 372
22156 14:52:37.677818 read(6, "", 4096) = 0
22156 14:52:37.677828 close(6)          = 0
22156 14:52:37.677837 munmap(0xb7f45000, 4096) = 0
22156 14:52:37.677847 read(5, "", 4096) = 0
22156 14:52:37.677860 close(5)          = 0
22156 14:52:37.677869 munmap(0xb7f4b000, 4096) = 0
22156 14:52:37.677882 time(NULL)        = 1495651957
22156 14:52:37.677893 lstat64("/etc/ftpusers", {st_mode=S_IFREG|0644, st_size=132, ...}) = 0
22156 14:52:37.677912 open("/etc/ftpusers", O_RDONLY|O_LARGEFILE) = 5
22156 14:52:37.677924 fstat64(5, {st_mode=S_IFREG|0644, st_size=132, ...}) = 0
22156 14:52:37.677940 mmap2(NULL, 4096, PROT_READ|PROT_WRITE, MAP_PRIVATE|MAP_ANONYMOUS, -1, 0) = 0xb7f4b000
22156 14:52:37.677950 read(5, "# /etc/ftpusers: list of users disallowed FTP access. See ftpusers(5).\n\nroot\ndaemon\nbin\nsys\nsync\ngames\nman\nlp\nmail\nnews\nuucp\nnobody\n", 4096) = 132
22156 14:52:37.677971 read(5, "", 4096) = 0
22156 14:52:37.677980 close(5)          = 0
22156 14:52:37.677989 munmap(0xb7f4b000, 4096) = 0
22156 14:52:37.678004 getuid32()        = 0
22156 14:52:37.678021 open("/etc/passwd", O_RDONLY|0x80000 /* O_??? */) = 5
22156 14:52:37.678036 _llseek(5, 0, [0], SEEK_CUR) = 0
22156 14:52:37.678047 fstat64(5, {st_mode=S_IFREG|0644, st_size=1624, ...}) = 0
22156 14:52:37.678063 mmap2(NULL, 1624, PROT_READ, MAP_SHARED, 5, 0) = 0xb7f4b000
22156 14:52:37.678070 _llseek(5, 1624, [1624], SEEK_SET) = 0
22156 14:52:37.678070 munmap(0xb7f4b000, 1624) = 0
22156 14:52:37.678070 close(5)          = 0
22156 14:52:37.678071 open("/etc/shadow", O_RDONLY|0x80000 /* O_??? */) = 5
22156 14:52:37.678071 _llseek(5, 0, [0], SEEK_CUR) = 0
22156 14:52:37.678071 fstat64(5, {st_mode=S_IFREG|0640, st_size=1233, ...}) = 0
22156 14:52:37.678071 mmap2(NULL, 1233, PROT_READ, MAP_SHARED, 5, 0) = 0xb7f4b000
22156 14:52:37.678071 _llseek(5, 1233, [1233], SEEK_SET) = 0
22156 14:52:37.678072 munmap(0xb7f4b000, 1233) = 0
22156 14:52:37.678072 close(5)          = 0
22156 14:52:37.678072 open("/etc/passwd", O_RDONLY|0x80000 /* O_??? */) = 5
22156 14:52:37.678072 _llseek(5, 0, [0], SEEK_CUR) = 0
22156 14:52:37.678073 fstat64(5, {st_mode=S_IFREG|0644, st_size=1624, ...}) = 0
22156 14:52:37.678073 mmap2(NULL, 1624, PROT_READ, MAP_SHARED, 5, 0) = 0xb7f4b000
22156 14:52:37.678073 _llseek(5, 1624, [1624], SEEK_SET) = 0
22156 14:52:37.678073 munmap(0xb7f4b000, 1624) = 0
22156 14:52:37.678073 close(5)          = 0
22156 14:52:37.678074 open("/etc/shadow", O_RDONLY|0x80000 /* O_??? */) = 5
22156 14:52:37.678074 _llseek(5, 0, [0], SEEK_CUR) = 0
22156 14:52:37.678116 fstat64(5, {st_mode=S_IFREG|0640, st_size=1233, ...}) = 0
22156 14:52:37.678143 mmap2(NULL, 1233, PROT_READ, MAP_SHARED, 5, 0) = 0xb7f4b000
22156 14:52:37.678154 _llseek(5, 1233, [1233], SEEK_SET) = 0
22156 14:52:37.678171 munmap(0xb7f4b000, 1233) = 0
22156 14:52:37.678181 close(5)          = 0
22156 14:52:37.678414 getuid32()        = 0
22156 14:52:37.678425 open("/etc/passwd", O_RDONLY|0x80000 /* O_??? */) = 5
22156 14:52:37.678438 _llseek(5, 0, [0], SEEK_CUR) = 0
22156 14:52:37.678449 fstat64(5, {st_mode=S_IFREG|0644, st_size=1624, ...}) = 0
22156 14:52:37.678464 mmap2(NULL, 1624, PROT_READ, MAP_SHARED, 5, 0) = 0xb7f4b000
22156 14:52:37.678475 _llseek(5, 1624, [1624], SEEK_SET) = 0
22156 14:52:37.678490 munmap(0xb7f4b000, 1624) = 0
22156 14:52:37.678500 close(5)          = 0
22156 14:52:37.678512 open("/etc/shadow", O_RDONLY|0x80000 /* O_??? */) = 5
22156 14:52:37.678525 _llseek(5, 0, [0], SEEK_CUR) = 0
22156 14:52:37.678535 fstat64(5, {st_mode=S_IFREG|0640, st_size=1233, ...}) = 0
22156 14:52:37.678551 mmap2(NULL, 1233, PROT_READ, MAP_SHARED, 5, 0) = 0xb7f4b000
22156 14:52:37.678561 _llseek(5, 1233, [1233], SEEK_SET) = 0
22156 14:52:37.678578 munmap(0xb7f4b000, 1233) = 0
22156 14:52:37.678613 close(5)          = 0
22156 14:52:37.678627 time(NULL)        = 1495651957
22156 14:52:37.678652 munmap(0xb7f48000, 12164) = 0
22156 14:52:37.678666 munmap(0xb7f46000, 7136) = 0
22156 14:52:37.678679 munmap(0xb7d7b000, 95428) = 0
22156 14:52:37.678690 munmap(0xb7d41000, 201052) = 0
22156 14:52:37.678701 munmap(0xb7d28000, 101180) = 0
22156 14:52:37.678717 gettimeofday({1495651957, 678721}, NULL) = 0
22156 14:52:37.678729 stat64("/usr/share/zoneinfo/UTC+04:00", 0xbfb92504) = -1 ENOENT (No such file or directory)
22156 14:52:37.678747 open("/usr/share/zoneinfo/UTC+04:00", O_RDONLY) = -1 ENOENT (No such file or directory)
22156 14:52:37.678773 fcntl64(3, F_SETLKW64, {type=F_WRLCK, whence=SEEK_SET, start=0, len=0}, 0xbfb92654) = 0
22156 14:52:37.678790 write(3, "Wed May 24 14:52:37 2017 [pid 22156] [msfadmin] OK LOGIN: Client \"127.0.0.1\"\n", 77) = 77
22156 14:52:37.678807 fcntl64(3, F_SETLK64, {type=F_UNLCK, whence=SEEK_SET, start=0, len=0}, 0xbfb9265c) = 0
22156 14:52:37.678820 rt_sigaction(SIGCHLD, {0x805cad0, ~[RTMIN RT_1], 0}, NULL, 8) = 0
22156 14:52:37.678834 write(4, "\1", 1 <unfinished ...>
22157 14:52:37.678844 <... read resumed> "\1", 1) = 1
22156 14:52:37.678849 <... write resumed> ) = 1
22157 14:52:37.678857 exit_group(0)     = ?
22156 14:52:37.678884 --- SIGCHLD (Child exited) @ 0 (0) ---
22156 14:52:37.678892 sigreturn()       = ? (mask now [])
22156 14:52:37.678911 wait4(-1, [{WIFEXITED(s) && WEXITSTATUS(s) == 0}], 0, NULL) = 22157
22156 14:52:37.678924 close(4)          = 0
22156 14:52:37.678936 socketpair(PF_FILE, SOCK_STREAM, 0, [4, 5]) = 0
22156 14:52:37.678949 rt_sigaction(SIGCHLD, {0x805cad0, ~[RTMIN RT_1], 0}, NULL, 8) = 0
22156 14:52:37.678962 rt_sigaction(SIGALRM, {0x805cb10, ~[RTMIN RT_1], 0}, NULL, 8) = 0
22156 14:52:37.678976 clone(child_stack=0, flags=CLONE_CHILD_CLEARTID|CLONE_CHILD_SETTID|SIGCHLD, child_tidptr=0xb7db16f8) = 22158
22158 14:52:37.679025 prctl(0x1, 0x9, 0, 0, 0) = 0
22158 14:52:37.679038 close(4)          = 0
22158 14:52:37.679065 open("/etc/passwd", O_RDONLY|0x80000 /* O_??? */) = 4
22158 14:52:37.679108 _llseek(4, 0, [0], SEEK_CUR) = 0
22158 14:52:37.679135 fstat64(4, {st_mode=S_IFREG|0644, st_size=1624, ...}) = 0
22158 14:52:37.679153 mmap2(NULL, 1624, PROT_READ, MAP_SHARED, 4, 0) = 0xb7f4b000
22158 14:52:37.679165 _llseek(4, 1624, [1624], SEEK_SET) = 0
22158 14:52:37.679188 munmap(0xb7f4b000, 1624) = 0
22158 14:52:37.679199 close(4)          = 0
22158 14:52:37.679213 getuid32()        = 0
22158 14:52:37.679223 open("/etc/passwd", O_RDONLY|0x80000 /* O_??? */) = 4
22158 14:52:37.679236 _llseek(4, 0, [0], SEEK_CUR) = 0
22158 14:52:37.679246 fstat64(4, {st_mode=S_IFREG|0644, st_size=1624, ...}) = 0
22158 14:52:37.679262 mmap2(NULL, 1624, PROT_READ, MAP_SHARED, 4, 0) = 0xb7f4b000
22158 14:52:37.679273 _llseek(4, 1624, [1624], SEEK_SET) = 0
22158 14:52:37.679288 munmap(0xb7f4b000, 1624) = 0
22158 14:52:37.679298 close(4)          = 0
22158 14:52:37.679323 open("/proc/sys/kernel/ngroups_max", O_RDONLY) = 4
22158 14:52:37.679344 read(4, "65536\n", 31) = 6
22158 14:52:37.679356 close(4)          = 0
22158 14:52:37.679370 socket(PF_FILE, SOCK_STREAM, 0) = 4
22158 14:52:37.679382 fcntl64(4, F_SETFL, O_RDWR|O_NONBLOCK) = 0
22158 14:52:37.679392 connect(4, {sa_family=AF_FILE, path="/var/run/nscd/socket"}, 110) = -1 ENOENT (No such file or directory)
22158 14:52:37.679413 close(4)          = 0
22158 14:52:37.679425 socket(PF_FILE, SOCK_STREAM, 0) = 4
22158 14:52:37.679435 fcntl64(4, F_SETFL, O_RDWR|O_NONBLOCK) = 0
22158 14:52:37.679445 connect(4, {sa_family=AF_FILE, path="/var/run/nscd/socket"}, 110) = -1 ENOENT (No such file or directory)
22158 14:52:37.679463 close(4)          = 0
22158 14:52:37.679486 open("/etc/group", O_RDONLY|0x80000 /* O_??? */) = 4
22158 14:52:37.679501 _llseek(4, 0, [0], SEEK_CUR) = 0
22158 14:52:37.679514 fstat64(4, {st_mode=S_IFREG|0644, st_size=886, ...}) = 0
22158 14:52:37.679531 mmap2(NULL, 886, PROT_READ, MAP_SHARED, 4, 0) = 0xb7f4b000
22158 14:52:37.679542 _llseek(4, 886, [886], SEEK_SET) = 0
22158 14:52:37.679567 fstat64(4, {st_mode=S_IFREG|0644, st_size=886, ...}) = 0
22158 14:52:37.679724 munmap(0xb7f4b000, 886) = 0
22158 14:52:37.679745 close(4)          = 0
22158 14:52:37.679755 setgroups32(13, [1000, 4, 20, 24, 25, 29, 30, 44, 46, 107, 111, 112, 119]) = 0
22158 14:52:37.679772 geteuid32()       = 0
22158 14:52:37.679782 getegid32()       = 0
22158 14:52:37.679793 setregid32(-1, 1000) = 0
22158 14:52:37.679803 setreuid32(-1, 1000) = 0
22158 14:52:37.679814 chdir("/home/msfadmin") = 0
22158 14:52:37.679825 setreuid32(-1, 0) = 0
22158 14:52:37.679834 setregid32(-1, 0) = 0
22158 14:52:37.679849 setgid32(1000)    = 0
22158 14:52:37.679859 setuid32(1000)    = 0
22158 14:52:37.679869 setrlimit(RLIMIT_NPROC, {rlim_cur=0, rlim_max=0}) = 0
22158 14:52:37.679882 mmap2(NULL, 12288, PROT_READ|PROT_WRITE, MAP_PRIVATE|MAP_ANONYMOUS, -1, 0) = 0xb7f49000
22158 14:52:37.679894 mprotect(0xb7f4b000, 4096, PROT_NONE) = 0
22158 14:52:37.679905 mprotect(0xb7f49000, 4096, PROT_NONE) = 0
22158 14:52:37.679916 getcwd("/home/msfadmin", 4096) = 15
22158 14:52:37.679930 umask(022)        = 077
22158 14:52:37.679939 getcwd("/home/msfadmin", 4096) = 15
22158 14:52:37.679953 open(".message", O_RDONLY|O_NONBLOCK|O_LARGEFILE) = -1 ENOENT (No such file or directory)
22158 14:52:37.679975 write(0, "230 Login successful.\r\n", 23) = 23
22158 14:52:37.680041 rt_sigaction(SIGALRM, {0x805cad0, ~[RTMIN RT_1], 0}, NULL, 8) = 0
22158 14:52:37.680058 alarm(300)        = 0
22158 14:52:37.680069 mmap2(NULL, 12288, PROT_READ|PROT_WRITE, MAP_PRIVATE|MAP_ANONYMOUS, -1, 0) = 0xb7f46000
22158 14:52:37.680080 mprotect(0xb7f48000, 4096, PROT_NONE) = 0
22158 14:52:37.680091 mprotect(0xb7f46000, 4096, PROT_NONE) = 0
22158 14:52:37.680104 recv(0, "TYPE I\r\n", 4096, MSG_PEEK) = 8
22158 14:52:37.680117 read(0, "TYPE I\r\n", 8) = 8
22158 14:52:37.680134 write(0, "200 Switching to Binary mode.\r\n", 31) = 31
22158 14:52:37.680173 rt_sigaction(SIGALRM, {0x805cad0, ~[RTMIN RT_1], 0}, NULL, 8) = 0
22158 14:52:37.680216 alarm(300)        = 300
22158 14:52:37.680229 recv(0, "PASV\r\n", 4096, MSG_PEEK) = 6
22158 14:52:37.680251 read(0, "PASV\r\n", 6) = 6
22158 14:52:37.680263 write(5, "\n", 1) = 1
22158 14:52:37.680274 read(5,  <unfinished ...>
22156 14:52:37.680286 close(5)          = 0
22156 14:52:37.680298 getuid32()        = 0
22156 14:52:37.680313 open("/etc/passwd", O_RDONLY|0x80000 /* O_??? */) = 5
22156 14:52:37.680328 _llseek(5, 0, [0], SEEK_CUR) = 0
22156 14:52:37.680340 fstat64(5, {st_mode=S_IFREG|0644, st_size=1624, ...}) = 0
22156 14:52:37.680358 mmap2(NULL, 1624, PROT_READ, MAP_SHARED, 5, 0) = 0xb7f4b000
22156 14:52:37.680369 _llseek(5, 1624, [1624], SEEK_SET) = 0
22156 14:52:37.680386 munmap(0xb7f4b000, 1624) = 0
22156 14:52:37.680398 close(5)          = 0
22156 14:52:37.680413 setgroups32(0, []) = 0
22156 14:52:37.680425 chdir("/usr/share/empty") = 0
22156 14:52:37.680437 chroot(".")       = 0
22156 14:52:37.680448 capset(NULL, NULL) = -1 EFAULT (Bad address)
22156 14:52:37.680461 prctl(0x8, 0, 0xbfb92638, 0x80549a6, 0xbfb92620) = 0
22156 14:52:37.680472 prctl(0x8, 0x1, 0xbfb92638, 0x8054a49, 0xbfb92620) = 0
22156 14:52:37.680482 setgid32(65534)   = 0
22156 14:52:37.680492 setuid32(65534)   = 0
22156 14:52:37.680501 capset(0x19980330, 0, {CAP_NET_BIND_SERVICE, CAP_NET_BIND_SERVICE, 0}) = 0
22156 14:52:37.680514 read(4, "\n", 1)  = 1
22156 14:52:37.680527 write(4, "\1", 1) = 1
22158 14:52:37.680538 <... read resumed> "\1", 1) = 1
22158 14:52:37.680546 write(5, "\f", 1) = 1
22158 14:52:37.680556 read(5,  <unfinished ...>
22156 14:52:37.680563 read(4, "\f", 1)  = 1
22156 14:52:37.680575 socket(PF_INET, SOCK_STREAM, IPPROTO_TCP) = 5
22156 14:52:37.680588 setsockopt(5, SOL_SOCKET, SO_REUSEADDR, [1], 4) = 0
22156 14:52:37.680600 gettimeofday({1495651957, 680603}, NULL) = 0
22156 14:52:37.680616 bind(5, {sa_family=AF_INET, sin_port=htons(24205), sin_addr=inet_addr("127.0.0.1")}, 16) = 0
22156 14:52:37.680632 listen(5, 1)      = 0
22156 14:52:37.680645 write(4, "\215^\0\0", 4) = 4
22158 14:52:37.680656 <... read resumed> "\215^\0\0", 4) = 4
22158 14:52:37.680669 write(0, "227 Entering Passive Mode (127,0,0,1,94,141).\r\n", 47) = 47
22158 14:52:37.680770 rt_sigaction(SIGALRM, {0x805cad0, ~[RTMIN RT_1], 0}, NULL, 8) = 0
22158 14:52:37.680787 alarm(300)        = 300
22158 14:52:37.680798 recv(0, "RETR myfile34\r\n", 4096, MSG_PEEK) = 15
22158 14:52:37.680810 read(0, "RETR myfile34\r\n", 15) = 15
22158 14:52:37.680825 write(5, "\v", 1) = 1
22158 14:52:37.680835 read(5,  <unfinished ...>
22156 14:52:37.680842 read(4, "\v", 1)  = 1
22156 14:52:37.680853 write(4, "\1\0\0\0", 4) = 4
22158 14:52:37.680864 <... read resumed> "\1\0\0\0", 4) = 4
22158 14:52:37.680876 gettimeofday({1495651957, 680880}, NULL) = 0
22158 14:52:37.680888 getcwd("/home/msfadmin", 4096) = 15
22158 14:52:37.680900 open("myfile34", O_RDONLY|O_NONBLOCK|O_LARGEFILE) = 4
22158 14:52:37.680913 fcntl64(4, F_SETLKW64, {type=F_RDLCK, whence=SEEK_SET, start=0, len=0}, 0xbfb925a4) = 0
22158 14:52:37.680927 fstat64(4, {st_mode=S_IFREG|0644, st_size=17, ...}) = 0
22158 14:52:37.680943 fcntl64(4, F_GETFL) = 0x8800 (flags O_RDONLY|O_NONBLOCK|O_LARGEFILE)
22158 14:52:37.680954 fcntl64(4, F_SETFL, O_RDONLY|O_LARGEFILE) = 0
22158 14:52:37.680966 write(5, "\v", 1) = 1
22158 14:52:37.680977 read(5,  <unfinished ...>
22156 14:52:37.680984 read(4, "\v", 1)  = 1
22156 14:52:37.680995 write(4, "\1\0\0\0", 4) = 4
22158 14:52:37.681005 <... read resumed> "\1\0\0\0", 4) = 4
22158 14:52:37.681012 write(5, "\v", 1) = 1
22158 14:52:37.681022 read(5,  <unfinished ...>
22156 14:52:37.681029 read(4, "\v", 1)  = 1
22156 14:52:37.681039 write(4, "\1\0\0\0", 4) = 4
22158 14:52:37.681049 <... read resumed> "\1\0\0\0", 4) = 4
22158 14:52:37.681057 write(5, "\r", 1) = 1
22158 14:52:37.681067 read(5,  <unfinished ...>
22156 14:52:37.681073 read(4, "\r", 1)  = 1
22156 14:52:37.681086 select(6, [5], NULL, NULL, {60, 0}) = 1 (in [5], left {60, 0})
22156 14:52:37.681107 accept(5, {sa_family=AF_INET, sin_port=htons(44633), sin_addr=inet_addr("127.0.0.1")}, [16]) = 6
22156 14:52:37.681129 write(4, "\1", 1) = 1
22158 14:52:37.681140 <... read resumed> "\1", 1) = 1
22158 14:52:37.681149 recvmsg(5,  <unfinished ...>
22156 14:52:37.681198 sendmsg(4, {msg_name(0)=NULL, msg_iov(1)=[{"\0", 1}], msg_controllen=16, {cmsg_len=16, cmsg_level=SOL_SOCKET, cmsg_type=SCM_RIGHTS, {6}}, msg_flags=0}, 0) = 1
22158 14:52:37.681218 <... recvmsg resumed> {msg_name(0)=NULL, msg_iov(1)=[{"\0", 1}], msg_controllen=16, {cmsg_len=16, cmsg_level=SOL_SOCKET, cmsg_type=SCM_RIGHTS, {6}}, msg_flags=0}, 0) = 1
22158 14:52:37.681231 setsockopt(6, SOL_SOCKET, SO_KEEPALIVE, [1], 4) = 0
22158 14:52:37.681243 setsockopt(6, SOL_IP, IP_TOS, [8], 4) = 0
22158 14:52:37.681255 setsockopt(6, SOL_SOCKET, SO_LINGER, {onoff=1, linger=32767}, 8) = 0
22158 14:52:37.681267 rt_sigaction(SIGALRM, {0x805cad0, ~[RTMIN RT_1], 0}, NULL, 8) = 0
22158 14:52:37.681280 alarm(300)        = 300
22158 14:52:37.681294 write(0, "150 Opening BINARY mode data connection for myfile34 (17 bytes).\r\n", 66) = 66
22158 14:52:37.681338 _llseek(4, 0, [0], SEEK_CUR) = 0
22158 14:52:37.681350 fstat64(4, {st_mode=S_IFREG|0644, st_size=17, ...}) = 0
22158 14:52:37.681367 _llseek(4, 0, [0], SEEK_SET) = 0
22158 14:52:37.681380 sendfile(6, 4, NULL, 17) = 17
22158 14:52:37.681408 rt_sigaction(SIGALRM, {0x805cad0, ~[RTMIN RT_1], 0}, NULL, 8) = 0
22158 14:52:37.681423 alarm(300)        = 300
22158 14:52:37.681432 close(6)          = 0
22158 14:52:37.681441 alarm(0)          = 300
22158 14:52:37.681451 gettimeofday({1495651957, 681454}, NULL) = 0
22158 14:52:37.681468 getpid()          = 22158
22158 14:52:37.681480 gettimeofday({1495651957, 681484}, NULL) = 0
22158 14:52:37.681498 fcntl64(3, F_SETLKW64, {type=F_WRLCK, whence=SEEK_SET, start=0, len=0}, 0xbfb92544) = 0
22158 14:52:37.681512 write(3, "Wed May 24 14:52:37 2017 [pid 22158] [msfadmin] OK DOWNLOAD: Client \"127.0.0.1\", \"/home/msfadmin/myfile34\", 17 bytes, 27.49Kbyte/sec\n", 133) = 133
22158 14:52:37.681532 fcntl64(3, F_SETLK64, {type=F_UNLCK, whence=SEEK_SET, start=0, len=0}, 0xbfb9254c) = 0
22158 14:52:37.681547 write(0, "226 Transfer complete.\r\n", 24) = 24
22158 14:52:37.681562 write(5, "\n", 1) = 1
22158 14:52:37.681572 read(5,  <unfinished ...>
22156 14:52:37.681579 close(6)          = 0
22156 14:52:37.681658 read(4, "\n", 1)  = 1
22156 14:52:37.681671 close(5)          = 0
22156 14:52:37.681682 write(4, "\1", 1) = 1
22158 14:52:37.681693 <... read resumed> "\1", 1) = 1
22158 14:52:37.681700 close(4)          = 0
22158 14:52:37.681711 rt_sigaction(SIGALRM, {0x805cad0, ~[RTMIN RT_1], 0}, NULL, 8) = 0
22158 14:52:37.681724 alarm(300)        = 0
22158 14:52:37.681735 recv(0,  <unfinished ...>
22156 14:52:37.681743 read(4,  <unfinished ...>
22155 14:52:37.957793 <... recv resumed> "TYPE I\r\n", 4096, MSG_PEEK) = 8
22155 14:52:37.957828 read(0, "TYPE I\r\n", 8) = 8
22155 14:52:37.957851 write(0, "200 Switching to Binary mode.\r\n", 31) = 31
22155 14:52:37.957900 rt_sigaction(SIGALRM, {0x805cad0, ~[RTMIN RT_1], 0}, NULL, 8) = 0
22155 14:52:37.957918 alarm(300)        = 299
22155 14:52:37.957932 recv(0, "PASV\r\n", 4096, MSG_PEEK) = 6
22155 14:52:37.957944 read(0, "PASV\r\n", 6) = 6
22155 14:52:37.957956 write(5, "\n", 1 <unfinished ...>
22153 14:52:37.957968 <... read resumed> "\n", 1) = 1
22155 14:52:37.957973 <... write resumed> ) = 1
22153 14:52:37.957982 write(4, "\1", 1 <unfinished ...>
22155 14:52:37.957988 read(5,  <unfinished ...>
22153 14:52:37.957994 <... write resumed> ) = 1
22155 14:52:37.957999 <... read resumed> "\1", 1) = 1
22153 14:52:37.958007 read(4,  <unfinished ...>
22155 14:52:37.958011 write(5, "\f", 1 <unfinished ...>
22153 14:52:37.958018 <... read resumed> "\f", 1) = 1
22155 14:52:37.958023 <... write resumed> ) = 1
22153 14:52:37.958032 socket(PF_INET, SOCK_STREAM, IPPROTO_TCP <unfinished ...>
22155 14:52:37.958037 read(5,  <unfinished ...>
22153 14:52:37.958047 <... socket resumed> ) = 5
22153 14:52:37.958055 setsockopt(5, SOL_SOCKET, SO_REUSEADDR, [1], 4) = 0
22153 14:52:37.958070 bind(5, {sa_family=AF_INET, sin_port=htons(30317), sin_addr=inet_addr("127.0.0.1")}, 16) = 0
22153 14:52:37.958087 listen(5, 1)      = 0
22153 14:52:37.958101 write(4, "mv\0\0", 4 <unfinished ...>
22155 14:52:37.958109 <... read resumed> "mv\0\0", 4) = 4
22153 14:52:37.958114 <... write resumed> ) = 4
22155 14:52:37.958126 write(0, "227 Entering Passive Mode (127,0,0,1,118,109).\r\n", 48 <unfinished ...>
22153 14:52:37.958135 read(4,  <unfinished ...>
22155 14:52:37.958240 <... write resumed> ) = 48
22155 14:52:37.958252 rt_sigaction(SIGALRM, {0x805cad0, ~[RTMIN RT_1], 0}, NULL, 8) = 0
22155 14:52:37.958268 alarm(300)        = 300
22155 14:52:37.958280 recv(0, "STOR myfile30\r\n", 4096, MSG_PEEK) = 15
22155 14:52:37.958292 read(0, "STOR myfile30\r\n", 15) = 15
22155 14:52:37.958306 write(5, "\v", 1 <unfinished ...>
22153 14:52:37.958323 <... read resumed> "\v", 1) = 1
22155 14:52:37.958328 <... write resumed> ) = 1
22153 14:52:37.958334 write(4, "\1\0\0\0", 4) = 4
22155 14:52:37.958356 read(5,  <unfinished ...>
22153 14:52:37.958361 read(4,  <unfinished ...>
22155 14:52:37.958367 <... read resumed> "\1\0\0\0", 4) = 4
22155 14:52:37.958375 gettimeofday({1495651957, 958379}, NULL) = 0
22155 14:52:37.958387 getcwd("/home/msfadmin", 4096) = 15
22155 14:52:37.958400 open("myfile30", O_WRONLY|O_CREAT|O_NONBLOCK|O_LARGEFILE, 0666) = 4
22155 14:52:37.958414 fstat64(4, {st_mode=S_IFREG|0644, st_size=17, ...}) = 0
22155 14:52:37.958433 fcntl64(4, F_GETFL) = 0x8801 (flags O_WRONLY|O_NONBLOCK|O_LARGEFILE)
22155 14:52:37.958444 fcntl64(4, F_SETFL, O_WRONLY|O_LARGEFILE) = 0
22155 14:52:37.958455 fcntl64(4, F_SETLKW64, {type=F_WRLCK, whence=SEEK_SET, start=0, len=0}, 0xbfed20c4) = 0
22155 14:52:37.958469 ftruncate64(4, 0) = 0
22155 14:52:37.958490 _llseek(4, 0, [0], SEEK_SET) = 0
22155 14:52:37.958502 write(5, "\v", 1 <unfinished ...>
22153 14:52:37.958509 <... read resumed> "\v", 1) = 1
22155 14:52:37.958514 <... write resumed> ) = 1
22153 14:52:37.958520 write(4, "\1\0\0\0", 4) = 4
22153 14:52:37.958532 read(4,  <unfinished ...>
22155 14:52:37.958539 read(5, "\1\0\0\0", 4) = 4
22155 14:52:37.958550 write(5, "\v", 1 <unfinished ...>
22153 14:52:37.958557 <... read resumed> "\v", 1) = 1
22155 14:52:37.958562 <... write resumed> ) = 1
22153 14:52:37.958568 write(4, "\1\0\0\0", 4) = 4
22153 14:52:37.958593 read(4,  <unfinished ...>
22155 14:52:37.958602 read(5, "\1\0\0\0", 4) = 4
22155 14:52:37.958614 write(5, "\r", 1 <unfinished ...>
22153 14:52:37.958621 <... read resumed> "\r", 1) = 1
22155 14:52:37.958626 <... write resumed> ) = 1
22153 14:52:37.958633 select(6, [5], NULL, NULL, {60, 0}) = 1 (in [5], left {60, 0})
22153 14:52:37.958650 accept(5, {sa_family=AF_INET, sin_port=htons(42086), sin_addr=inet_addr("127.0.0.1")}, [16]) = 6
22153 14:52:37.958673 write(4, "\1", 1) = 1
22153 14:52:37.958692 sendmsg(4, {msg_name(0)=NULL, msg_iov(1)=[{"\0", 1}], msg_controllen=16, {cmsg_len=16, cmsg_level=SOL_SOCKET, cmsg_type=SCM_RIGHTS, {6}}, msg_flags=0}, 0) = 1
22153 14:52:37.958710 close(6)          = 0
22153 14:52:37.958720 read(4,  <unfinished ...>
22155 14:52:37.958728 read(5, "\1", 1)  = 1
22155 14:52:37.958741 recvmsg(5, {msg_name(0)=NULL, msg_iov(1)=[{"\0", 1}], msg_controllen=16, {cmsg_len=16, cmsg_level=SOL_SOCKET, cmsg_type=SCM_RIGHTS, {6}}, msg_flags=0}, 0) = 1
22155 14:52:37.958759 setsockopt(6, SOL_SOCKET, SO_KEEPALIVE, [1], 4) = 0
22155 14:52:37.958771 setsockopt(6, SOL_IP, IP_TOS, [8], 4) = 0
22155 14:52:37.958784 setsockopt(6, SOL_SOCKET, SO_LINGER, {onoff=1, linger=32767}, 8) = 0
22155 14:52:37.958795 rt_sigaction(SIGALRM, {0x805cad0, ~[RTMIN RT_1], 0}, NULL, 8) = 0
22155 14:52:37.958809 alarm(300)        = 300
22155 14:52:37.958822 write(0, "150 Ok to send data.\r\n", 22) = 22
22155 14:52:37.958892 read(6, "assasaaa\na\na\na\na\n", 65536) = 17
22155 14:52:37.958907 write(4, "assasaaa\na\na\na\na\n", 17) = 17
22155 14:52:37.958924 read(6, "", 65536) = 0
22155 14:52:37.958934 rt_sigaction(SIGALRM, {0x805cad0, ~[RTMIN RT_1], 0}, NULL, 8) = 0
22155 14:52:37.958949 alarm(300)        = 300
22155 14:52:37.958959 close(6)          = 0
22155 14:52:37.958977 alarm(0)          = 300
22155 14:52:37.958988 gettimeofday({1495651957, 958991}, NULL) = 0
22155 14:52:37.959003 gettimeofday({1495651957, 959008}, NULL) = 0
22155 14:52:37.959018 fcntl64(3, F_SETLKW64, {type=F_WRLCK, whence=SEEK_SET, start=0, len=0}, 0xbfed2064) = 0
22155 14:52:37.959033 write(3, "Wed May 24 14:52:37 2017 [pid 22155] [msfadmin] OK UPLOAD: Client \"127.0.0.1\", \"/home/msfadmin/myfile30\", 17 bytes, 26.39Kbyte/sec\n", 131) = 131
22155 14:52:37.959055 fcntl64(3, F_SETLK64, {type=F_UNLCK, whence=SEEK_SET, start=0, len=0}, 0xbfed206c) = 0
22155 14:52:37.959070 write(0, "226 Transfer complete.\r\n", 24) = 24
22155 14:52:37.959115 write(5, "\n", 1 <unfinished ...>
22153 14:52:37.959125 <... read resumed> "\n", 1) = 1
22155 14:52:37.959130 <... write resumed> ) = 1
22153 14:52:37.959136 close(5)          = 0
22153 14:52:37.959148 write(4, "\1", 1) = 1
22153 14:52:37.959159 read(4,  <unfinished ...>
22155 14:52:37.959167 read(5, "\1", 1)  = 1
22155 14:52:37.959178 close(4)          = 0
22155 14:52:37.959189 rt_sigaction(SIGALRM, {0x805cad0, ~[RTMIN RT_1], 0}, NULL, 8) = 0
22155 14:52:37.959202 alarm(300)        = 0
22155 14:52:37.959214 recv(0,  <unfinished ...>
22158 14:52:38.217782 <... recv resumed> "USER msfadmin\r\n", 4096, MSG_PEEK) = 15
22158 14:52:38.217826 read(0, "USER msfadmin\r\n", 15) = 15
22158 14:52:38.217851 write(0, "331 Any password will do.\r\n", 27) = 27
22158 14:52:38.217898 rt_sigaction(SIGALRM, {0x805cad0, ~[RTMIN RT_1], 0}, NULL, 8) = 0
22158 14:52:38.217916 alarm(300)        = 299
22158 14:52:38.217929 recv(0, "PASS msfadmin\r\n", 4096, MSG_PEEK) = 15
22158 14:52:38.217941 read(0, "PASS msfadmin\r\n", 15) = 15
22158 14:52:38.217957 write(0, "230 Already logged in.\r\n", 24) = 24
22158 14:52:38.218022 rt_sigaction(SIGALRM, {0x805cad0, ~[RTMIN RT_1], 0}, NULL, 8) = 0
22158 14:52:38.218037 alarm(300)        = 300
22158 14:52:38.218049 recv(0, "TYPE I\r\n", 4096, MSG_PEEK) = 8
22158 14:52:38.218061 read(0, "TYPE I\r\n", 8) = 8
22158 14:52:38.218075 write(0, "200 Switching to Binary mode.\r\n", 31) = 31
22158 14:52:38.218111 rt_sigaction(SIGALRM, {0x805cad0, ~[RTMIN RT_1], 0}, NULL, 8) = 0
22158 14:52:38.218126 alarm(300)        = 300
22158 14:52:38.218137 recv(0, "PASV\r\n", 4096, MSG_PEEK) = 6
22158 14:52:38.218148 read(0, "PASV\r\n", 6) = 6
22158 14:52:38.218160 write(5, "\n", 1) = 1
22158 14:52:38.218173 read(5,  <unfinished ...>
22156 14:52:38.218181 <... read resumed> "\n", 1) = 1
22156 14:52:38.218191 write(4, "\1", 1) = 1
22158 14:52:38.218202 <... read resumed> "\1", 1) = 1
22158 14:52:38.218209 write(5, "\f", 1) = 1
22158 14:52:38.218219 read(5,  <unfinished ...>
22156 14:52:38.218226 read(4, "\f", 1)  = 1
22156 14:52:38.218239 socket(PF_INET, SOCK_STREAM, IPPROTO_TCP) = 5
22156 14:52:38.218262 setsockopt(5, SOL_SOCKET, SO_REUSEADDR, [1], 4) = 0
22156 14:52:38.218277 bind(5, {sa_family=AF_INET, sin_port=htons(14978), sin_addr=inet_addr("127.0.0.1")}, 16) = 0
22156 14:52:38.218294 listen(5, 1)      = 0
22156 14:52:38.218307 write(4, "\202:\0\0", 4) = 4
22158 14:52:38.218319 <... read resumed> "\202:\0\0", 4) = 4
22158 14:52:38.218331 write(0, "227 Entering Passive Mode (127,0,0,1,58,130).\r\n", 47) = 47
22158 14:52:38.218448 rt_sigaction(SIGALRM, {0x805cad0, ~[RTMIN RT_1], 0}, NULL, 8) = 0
22158 14:52:38.218464 alarm(300)        = 300
22158 14:52:38.218476 recv(0, "RETR myfile35\r\n", 4096, MSG_PEEK) = 15
22158 14:52:38.218488 read(0, "RETR myfile35\r\n", 15) = 15
22158 14:52:38.218501 write(5, "\v", 1) = 1
22158 14:52:38.218511 read(5,  <unfinished ...>
22156 14:52:38.218519 read(4, "\v", 1)  = 1
22156 14:52:38.218530 write(4, "\1\0\0\0", 4) = 4
22158 14:52:38.218540 <... read resumed> "\1\0\0\0", 4) = 4
22158 14:52:38.218548 gettimeofday({1495651958, 218552}, NULL) = 0
22158 14:52:38.218559 getcwd("/home/msfadmin", 4096) = 15
22158 14:52:38.218572 open("myfile35", O_RDONLY|O_NONBLOCK|O_LARGEFILE) = 4
22158 14:52:38.218740 fcntl64(4, F_SETLKW64, {type=F_RDLCK, whence=SEEK_SET, start=0, len=0}, 0xbfb925a4) = 0
22158 14:52:38.218766 fstat64(4, {st_mode=S_IFREG|0644, st_size=17, ...}) = 0
22158 14:52:38.218797 fcntl64(4, F_GETFL) = 0x8800 (flags O_RDONLY|O_NONBLOCK|O_LARGEFILE)
22158 14:52:38.218808 fcntl64(4, F_SETFL, O_RDONLY|O_LARGEFILE) = 0
22158 14:52:38.218820 write(5, "\v", 1) = 1
22158 14:52:38.218831 read(5,  <unfinished ...>
22156 14:52:38.218838 read(4, "\v", 1)  = 1
22156 14:52:38.218850 write(4, "\1\0\0\0", 4) = 4
22158 14:52:38.218860 <... read resumed> "\1\0\0\0", 4) = 4
22158 14:52:38.218868 write(5, "\v", 1) = 1
22158 14:52:38.218878 read(5,  <unfinished ...>
22156 14:52:38.218884 read(4, "\v", 1)  = 1
22156 14:52:38.218895 write(4, "\1\0\0\0", 4) = 4
22158 14:52:38.218905 <... read resumed> "\1\0\0\0", 4) = 4
22158 14:52:38.218912 write(5, "\r", 1) = 1
22158 14:52:38.218922 read(5,  <unfinished ...>
22156 14:52:38.218929 read(4, "\r", 1)  = 1
22156 14:52:38.218940 select(6, [5], NULL, NULL, {60, 0}) = 1 (in [5], left {60, 0})
22156 14:52:38.218957 accept(5, {sa_family=AF_INET, sin_port=htons(49991), sin_addr=inet_addr("127.0.0.1")}, [16]) = 6
22156 14:52:38.218980 write(4, "\1", 1) = 1
22158 14:52:38.218991 <... read resumed> "\1", 1) = 1
22158 14:52:38.218999 recvmsg(5,  <unfinished ...>
22156 14:52:38.219008 sendmsg(4, {msg_name(0)=NULL, msg_iov(1)=[{"\0", 1}], msg_controllen=16, {cmsg_len=16, cmsg_level=SOL_SOCKET, cmsg_type=SCM_RIGHTS, {6}}, msg_flags=0}, 0) = 1
22158 14:52:38.219025 <... recvmsg resumed> {msg_name(0)=NULL, msg_iov(1)=[{"\0", 1}], msg_controllen=16, {cmsg_len=16, cmsg_level=SOL_SOCKET, cmsg_type=SCM_RIGHTS, {6}}, msg_flags=0}, 0) = 1
22158 14:52:38.219038 setsockopt(6, SOL_SOCKET, SO_KEEPALIVE, [1], 4) = 0
22158 14:52:38.219050 setsockopt(6, SOL_IP, IP_TOS, [8], 4) = 0
22158 14:52:38.219062 setsockopt(6, SOL_SOCKET, SO_LINGER, {onoff=1, linger=32767}, 8) = 0
22158 14:52:38.219073 rt_sigaction(SIGALRM, {0x805cad0, ~[RTMIN RT_1], 0}, NULL, 8) = 0
22158 14:52:38.219087 alarm(300)        = 300
22158 14:52:38.219100 write(0, "150 Opening BINARY mode data connection for myfile35 (17 bytes).\r\n", 66) = 66
22158 14:52:38.219143 _llseek(4, 0, [0], SEEK_CUR) = 0
22158 14:52:38.219155 fstat64(4, {st_mode=S_IFREG|0644, st_size=17, ...}) = 0
22158 14:52:38.219172 _llseek(4, 0, [0], SEEK_SET) = 0
22158 14:52:38.219183 sendfile(6, 4, NULL, 17) = 17
22158 14:52:38.219213 rt_sigaction(SIGALRM, {0x805cad0, ~[RTMIN RT_1], 0}, NULL, 8) = 0
22158 14:52:38.219228 alarm(300)        = 300
22158 14:52:38.219237 close(6)          = 0
22158 14:52:38.219247 alarm(0)          = 300
22158 14:52:38.219256 gettimeofday({1495651958, 219260}, NULL) = 0
22158 14:52:38.219272 gettimeofday({1495651958, 219276}, NULL) = 0
22158 14:52:38.219287 fcntl64(3, F_SETLKW64, {type=F_WRLCK, whence=SEEK_SET, start=0, len=0}, 0xbfb92544) = 0
22158 14:52:38.219301 write(3, "Wed May 24 14:52:38 2017 [pid 22158] [msfadmin] OK DOWNLOAD: Client \"127.0.0.1\", \"/home/msfadmin/myfile35\", 17 bytes, 22.93Kbyte/sec\n", 133) = 133
22158 14:52:38.219327 fcntl64(3, F_SETLK64, {type=F_UNLCK, whence=SEEK_SET, start=0, len=0}, 0xbfb9254c) = 0
22158 14:52:38.219342 write(0, "226 Transfer complete.\r\n", 24) = 24
22158 14:52:38.219357 write(5, "\n", 1) = 1
22158 14:52:38.219368 read(5,  <unfinished ...>
22156 14:52:38.219375 close(6)          = 0
22156 14:52:38.219485 read(4, "\n", 1)  = 1
22156 14:52:38.219498 close(5)          = 0
22156 14:52:38.219509 write(4, "\1", 1) = 1
22158 14:52:38.219520 <... read resumed> "\1", 1) = 1
22158 14:52:38.219528 close(4)          = 0
22158 14:52:38.219538 rt_sigaction(SIGALRM, {0x805cad0, ~[RTMIN RT_1], 0}, NULL, 8) = 0
22158 14:52:38.219552 alarm(300)        = 0
22158 14:52:38.219563 recv(0,  <unfinished ...>
22156 14:52:38.219570 read(4,  <unfinished ...>
22155 14:52:38.478355 <... recv resumed> "TYPE I\r\n", 4096, MSG_PEEK) = 8
22155 14:52:38.478499 read(0, "TYPE I\r\n", 8) = 8
22155 14:52:38.478626 write(0, "200 Switching to Binary mode.\r\n", 31) = 31
22155 14:52:38.478744 rt_sigaction(SIGALRM, {0x805cad0, ~[RTMIN RT_1], 0}, NULL, 8) = 0
22155 14:52:38.478780 alarm(300)        = 299
22155 14:52:38.478809 recv(0, "PASV\r\n", 4096, MSG_PEEK) = 6
22155 14:52:38.478829 read(0, "PASV\r\n", 6) = 6
22155 14:52:38.478842 write(5, "\n", 1 <unfinished ...>
22153 14:52:38.478855 <... read resumed> "\n", 1) = 1
22155 14:52:38.478861 <... write resumed> ) = 1
22153 14:52:38.478869 write(4, "\1", 1) = 1
22153 14:52:38.478881 read(4,  <unfinished ...>
22155 14:52:38.478889 read(5, "\1", 1)  = 1
22155 14:52:38.478901 write(5, "\f", 1 <unfinished ...>
22153 14:52:38.478924 <... read resumed> "\f", 1) = 1
22155 14:52:38.478934 <... write resumed> ) = 1
22153 14:52:38.478942 socket(PF_INET, SOCK_STREAM, IPPROTO_TCP) = 5
22153 14:52:38.478959 setsockopt(5, SOL_SOCKET, SO_REUSEADDR, [1], 4) = 0
22153 14:52:38.478974 bind(5, {sa_family=AF_INET, sin_port=htons(39983), sin_addr=inet_addr("127.0.0.1")}, 16) = 0
22153 14:52:38.478992 listen(5, 1)      = 0
22153 14:52:38.479006 write(4, "/\234\0\0", 4) = 4
22153 14:52:38.479019 read(4,  <unfinished ...>
22155 14:52:38.479026 read(5, "/\234\0\0", 4) = 4
22155 14:52:38.479043 write(0, "227 Entering Passive Mode (127,0,0,1,156,47).\r\n", 47) = 47
22155 14:52:38.479175 rt_sigaction(SIGALRM, {0x805cad0, ~[RTMIN RT_1], 0}, NULL, 8) = 0
22155 14:52:38.479193 alarm(300)        = 300
22155 14:52:38.479206 recv(0, "STOR myfile31\r\n", 4096, MSG_PEEK) = 15
22155 14:52:38.479219 read(0, "STOR myfile31\r\n", 15) = 15
22155 14:52:38.479233 write(5, "\v", 1 <unfinished ...>
22153 14:52:38.479241 <... read resumed> "\v", 1) = 1
22155 14:52:38.479246 <... write resumed> ) = 1
22153 14:52:38.479253 write(4, "\1\0\0\0", 4) = 4
22153 14:52:38.479264 read(4,  <unfinished ...>
22155 14:52:38.479271 read(5, "\1\0\0\0", 4) = 4
22155 14:52:38.479283 gettimeofday({1495651958, 479287}, NULL) = 0
22155 14:52:38.479294 getcwd("/home/msfadmin", 4096) = 15
22155 14:52:38.479307 open("myfile31", O_WRONLY|O_CREAT|O_NONBLOCK|O_LARGEFILE, 0666) = 4
22155 14:52:38.479322 fstat64(4, {st_mode=S_IFREG|0644, st_size=17, ...}) = 0
22155 14:52:38.479340 fcntl64(4, F_GETFL) = 0x8801 (flags O_WRONLY|O_NONBLOCK|O_LARGEFILE)
22155 14:52:38.479352 fcntl64(4, F_SETFL, O_WRONLY|O_LARGEFILE) = 0
22155 14:52:38.479362 fcntl64(4, F_SETLKW64, {type=F_WRLCK, whence=SEEK_SET, start=0, len=0}, 0xbfed20c4) = 0
22155 14:52:38.479376 ftruncate64(4, 0) = 0
22155 14:52:38.479397 _llseek(4, 0, [0], SEEK_SET) = 0
22155 14:52:38.479419 write(5, "\v", 1 <unfinished ...>
22153 14:52:38.479430 <... read resumed> "\v", 1) = 1
22155 14:52:38.479436 <... write resumed> ) = 1
22153 14:52:38.479442 write(4, "\1\0\0\0", 4) = 4
22153 14:52:38.479453 read(4,  <unfinished ...>
22155 14:52:38.479460 read(5, "\1\0\0\0", 4) = 4
22155 14:52:38.479472 write(5, "\v", 1 <unfinished ...>
22153 14:52:38.479479 <... read resumed> "\v", 1) = 1
22155 14:52:38.479484 <... write resumed> ) = 1
22153 14:52:38.479490 write(4, "\1\0\0\0", 4) = 4
22153 14:52:38.479500 read(4,  <unfinished ...>
22155 14:52:38.479515 read(5, "\1\0\0\0", 4) = 4
22155 14:52:38.479526 write(5, "\r", 1 <unfinished ...>
22153 14:52:38.479534 <... read resumed> "\r", 1) = 1
22155 14:52:38.479539 <... write resumed> ) = 1
22153 14:52:38.479546 select(6, [5], NULL, NULL, {60, 0}) = 1 (in [5], left {60, 0})
22153 14:52:38.479563 accept(5, {sa_family=AF_INET, sin_port=htons(54025), sin_addr=inet_addr("127.0.0.1")}, [16]) = 6
22153 14:52:38.479587 write(4, "\1", 1) = 1
22153 14:52:38.479599 sendmsg(4, {msg_name(0)=NULL, msg_iov(1)=[{"\0", 1}], msg_controllen=16, {cmsg_len=16, cmsg_level=SOL_SOCKET, cmsg_type=SCM_RIGHTS, {6}}, msg_flags=0}, 0) = 1
22153 14:52:38.479617 close(6)          = 0
22153 14:52:38.479627 read(4,  <unfinished ...>
22155 14:52:38.479634 read(5, "\1", 1)  = 1
22155 14:52:38.479647 recvmsg(5, {msg_name(0)=NULL, msg_iov(1)=[{"\0", 1}], msg_controllen=16, {cmsg_len=16, cmsg_level=SOL_SOCKET, cmsg_type=SCM_RIGHTS, {6}}, msg_flags=0}, 0) = 1
22155 14:52:38.479665 setsockopt(6, SOL_SOCKET, SO_KEEPALIVE, [1], 4) = 0
22155 14:52:38.479678 setsockopt(6, SOL_IP, IP_TOS, [8], 4) = 0
22155 14:52:38.479691 setsockopt(6, SOL_SOCKET, SO_LINGER, {onoff=1, linger=32767}, 8) = 0
22155 14:52:38.479702 rt_sigaction(SIGALRM, {0x805cad0, ~[RTMIN RT_1], 0}, NULL, 8) = 0
22155 14:52:38.479716 alarm(300)        = 300
22155 14:52:38.479729 write(0, "150 Ok to send data.\r\n", 22) = 22
22155 14:52:38.479807 read(6, "assasaaa\na\na\na\na\n", 65536) = 17
22155 14:52:38.479822 write(4, "assasaaa\na\na\na\na\n", 17) = 17
22155 14:52:38.479839 read(6, "", 65536) = 0
22155 14:52:38.479849 rt_sigaction(SIGALRM, {0x805cad0, ~[RTMIN RT_1], 0}, NULL, 8) = 0
22155 14:52:38.479863 alarm(300)        = 300
22155 14:52:38.479873 close(6)          = 0
22155 14:52:38.479892 alarm(0)          = 300
22155 14:52:38.479911 gettimeofday({1495651958, 479918}, NULL) = 0
22155 14:52:38.479932 gettimeofday({1495651958, 479936}, NULL) = 0
22155 14:52:38.479948 fcntl64(3, F_SETLKW64, {type=F_WRLCK, whence=SEEK_SET, start=0, len=0}, 0xbfed2064) = 0
22155 14:52:38.479965 write(3, "Wed May 24 14:52:38 2017 [pid 22155] [msfadmin] OK UPLOAD: Client \"127.0.0.1\", \"/home/msfadmin/myfile31\", 17 bytes, 25.58Kbyte/sec\n", 131) = 131
22155 14:52:38.479989 fcntl64(3, F_SETLK64, {type=F_UNLCK, whence=SEEK_SET, start=0, len=0}, 0xbfed206c) = 0
22155 14:52:38.480004 write(0, "226 Transfer complete.\r\n", 24) = 24
22155 14:52:38.480061 write(5, "\n", 1 <unfinished ...>
22153 14:52:38.480071 <... read resumed> "\n", 1) = 1
22155 14:52:38.480076 <... write resumed> ) = 1
22153 14:52:38.480083 close(5)          = 0
22153 14:52:38.480096 write(4, "\1", 1) = 1
22153 14:52:38.480107 read(4,  <unfinished ...>
22155 14:52:38.480128 read(5, "\1", 1)  = 1
22155 14:52:38.480142 close(4)          = 0
22155 14:52:38.480154 rt_sigaction(SIGALRM, {0x805cad0, ~[RTMIN RT_1], 0}, NULL, 8) = 0
22155 14:52:38.480168 alarm(300)        = 0
22155 14:52:38.480180 recv(0,  <unfinished ...>
