21296 14:43:32.120495 munmap(0xb7fab000, 4096) = 0
21296 14:43:32.120505 stat64("/etc/pam.d", {st_mode=S_IFDIR|0755, st_size=4096, ...}) = 0
21296 14:43:32.120523 open("/etc/pam.d/common-account", O_RDONLY|O_LARGEFILE) = 6
21296 14:43:32.120535 fstat64(6, {st_mode=S_IFREG|0644, st_size=392, ...}) = 0
21296 14:43:32.120551 mmap2(NULL, 4096, PROT_READ|PROT_WRITE, MAP_PRIVATE|MAP_ANONYMOUS, -1, 0) = 0xb7fab000
21296 14:43:32.120561 read(6, "#\n# /etc/pam.d/common-account - authorization settings common to all services\n#\n# This file is included from other service-specific PAM config files,\n# and should contain a list of the authorization modules that define\n# the central access policy for use on the system.  The default is to\n# only deny service to users whose accounts are expired in /etc/shadow.\n#\naccount\trequired\tpam_unix.so\n", 4096) = 392
21296 14:43:32.120599 read(6, "", 4096) = 0
21296 14:43:32.120608 close(6)          = 0
21296 14:43:32.120617 munmap(0xb7fab000, 4096) = 0
21296 14:43:32.120628 stat64("/etc/pam.d", {st_mode=S_IFDIR|0755, st_size=4096, ...}) = 0
21296 14:43:32.120646 open("/etc/pam.d/common-password", O_RDONLY|O_LARGEFILE) = 6
21296 14:43:32.120658 fstat64(6, {st_mode=S_IFREG|0644, st_size=1563, ...}) = 0
21296 14:43:32.120674 mmap2(NULL, 4096, PROT_READ|PROT_WRITE, MAP_PRIVATE|MAP_ANONYMOUS, -1, 0) = 0xb7fab000
21296 14:43:32.120684 read(6, "#\n# /etc/pam.d/common-password - password-related modules common to all services\n#\n# This file is included from other service-specific PAM config files,\n# and should contain a list of modules that define the services to be\n# used to change user passwords.  The default is pam_unix.\n\n# Explanation of pam_unix options:\n#\n# The \"nullok\" option allows users to change an empty password, else\n# empty passwords are treated as locked accounts.\n#\n# The \"md5\" option enables MD5 passwords.  Without this option, the\n# default is Unix crypt.\n#\n# The \"obscure\" option replaces the old `OBSCURE_CHECKS_ENAB\' option in\n# login.defs.\n#\n# You can also use the \"min\" option to enforce the length of the new\n# password.\n#\n# See the pam_unix manpage for other options.\n\npassword   requisite   pam_unix.so nullok obscure md5\n\n# Alternate strength checking for password. Note that this\n# requires the libpam-cracklib package to be installed.\n# You will need to comment out the password line above and\n# uncomment the next two in order to use this.\n# (Replaces the `OBSCURE_CHECKS_ENAB\', `CRACKLIB_DICTPATH\')\n#\n# password required\t  pam_cracklib.so retry=3 minlen=6 difok=3\n# password required\t  pam_unix.so use_authtok nullok md5\n\n# minimally-intrusive inclusion of smbpass in the stack for\n# synchronization.  If the module is absent or the passwords don\'t\n# match, this module will be ignored without prompting; and if the \n# passwords do match, the NTLM hash for the user will be updated\n# automatically.\n# password   optional   pam_smbpass.so nullok use_authtok use_first_pass\n", 4096) = 1563
21296 14:43:32.120947 read(6, "", 4096) = 0
21296 14:43:32.120959 close(6)          = 0
21296 14:43:32.120968 munmap(0xb7fab000, 4096) = 0
21296 14:43:32.120979 stat64("/etc/pam.d", {st_mode=S_IFDIR|0755, st_size=4096, ...}) = 0
21296 14:43:32.120997 open("/etc/pam.d/common-session", O_RDONLY|O_LARGEFILE) = 6
21296 14:43:32.121010 fstat64(6, {st_mode=S_IFREG|0644, st_size=372, ...}) = 0
21296 14:43:32.121026 mmap2(NULL, 4096, PROT_READ|PROT_WRITE, MAP_PRIVATE|MAP_ANONYMOUS, -1, 0) = 0xb7fab000
21296 14:43:32.121036 read(6, "#\n# /etc/pam.d/common-session - session-related modules common to all services\n#\n# This file is included from other service-specific PAM config files,\n# and should contain a list of modules that define tasks to be performed\n# at the start and end of sessions of *any* kind (both interactive and\n# non-interactive).  The default is pam_unix.\n#\nsession\trequired\tpam_unix.so\n", 4096) = 372
21296 14:43:32.121073 read(6, "", 4096) = 0
21296 14:43:32.121083 close(6)          = 0
21296 14:43:32.121092 munmap(0xb7fab000, 4096) = 0
21296 14:43:32.121102 read(5, "", 4096) = 0
21296 14:43:32.121111 close(5)          = 0
21296 14:43:32.121120 munmap(0xb7fb1000, 4096) = 0
21296 14:43:32.121133 time(NULL)        = 1495651412
21296 14:43:32.121144 lstat64("/etc/ftpusers", {st_mode=S_IFREG|0644, st_size=132, ...}) = 0
21296 14:43:32.121162 open("/etc/ftpusers", O_RDONLY|O_LARGEFILE) = 5
21296 14:43:32.121174 fstat64(5, {st_mode=S_IFREG|0644, st_size=132, ...}) = 0
21296 14:43:32.121189 mmap2(NULL, 4096, PROT_READ|PROT_WRITE, MAP_PRIVATE|MAP_ANONYMOUS, -1, 0) = 0xb7fb1000
21296 14:43:32.121199 read(5, "# /etc/ftpusers: list of users disallowed FTP access. See ftpusers(5).\n\nroot\ndaemon\nbin\nsys\nsync\ngames\nman\nlp\nmail\nnews\nuucp\nnobody\n", 4096) = 132
21296 14:43:32.121219 read(5, "", 4096) = 0
21296 14:43:32.121228 close(5)          = 0
21296 14:43:32.121238 munmap(0xb7fb1000, 4096) = 0
21296 14:43:32.121252 getuid32()        = 0
21296 14:43:32.121269 open("/etc/passwd", O_RDONLY|0x80000 /* O_??? */) = 5
21296 14:43:32.121283 _llseek(5, 0, [0], SEEK_CUR) = 0
21296 14:43:32.121294 fstat64(5, {st_mode=S_IFREG|0644, st_size=1624, ...}) = 0
21296 14:43:32.121309 mmap2(NULL, 1624, PROT_READ, MAP_SHARED, 5, 0) = 0xb7fb1000
21296 14:43:32.121320 _llseek(5, 1624, [1624], SEEK_SET) = 0
21296 14:43:32.121339 munmap(0xb7fb1000, 1624) = 0
21296 14:43:32.121349 close(5)          = 0
21296 14:43:32.121373 open("/etc/shadow", O_RDONLY|0x80000 /* O_??? */) = 5
21296 14:43:32.121390 _llseek(5, 0, [0], SEEK_CUR) = 0
21296 14:43:32.121400 fstat64(5, {st_mode=S_IFREG|0640, st_size=1233, ...}) = 0
21296 14:43:32.121416 mmap2(NULL, 1233, PROT_READ, MAP_SHARED, 5, 0) = 0xb7fb1000
21296 14:43:32.121426 _llseek(5, 1233, [1233], SEEK_SET) = 0
21296 14:43:32.121446 munmap(0xb7fb1000, 1233) = 0
21296 14:43:32.121456 close(5)          = 0
21296 14:43:32.121474 open("/etc/passwd", O_RDONLY|0x80000 /* O_??? */) = 5
21296 14:43:32.121490 _llseek(5, 0, [0], SEEK_CUR) = 0
21296 14:43:32.121501 fstat64(5, {st_mode=S_IFREG|0644, st_size=1624, ...}) = 0
21296 14:43:32.121516 mmap2(NULL, 1624, PROT_READ, MAP_SHARED, 5, 0) = 0xb7fb1000
21296 14:43:32.121527 _llseek(5, 1624, [1624], SEEK_SET) = 0
21296 14:43:32.121542 munmap(0xb7fb1000, 1624) = 0
21296 14:43:32.121552 close(5)          = 0
21296 14:43:32.121564 open("/etc/shadow", O_RDONLY|0x80000 /* O_??? */) = 5
21296 14:43:32.121577 _llseek(5, 0, [0], SEEK_CUR) = 0
21296 14:43:32.121587 fstat64(5, {st_mode=S_IFREG|0640, st_size=1233, ...}) = 0
21296 14:43:32.121602 mmap2(NULL, 1233, PROT_READ, MAP_SHARED, 5, 0) = 0xb7fb1000
21296 14:43:32.121613 _llseek(5, 1233, [1233], SEEK_SET) = 0
21296 14:43:32.121629 munmap(0xb7fb1000, 1233) = 0
21296 14:43:32.121639 close(5)          = 0
21296 14:43:32.121903 getuid32()        = 0
21296 14:43:32.121917 open("/etc/passwd", O_RDONLY|0x80000 /* O_??? */) = 5
21296 14:43:32.121930 _llseek(5, 0, [0], SEEK_CUR) = 0
21296 14:43:32.121940 fstat64(5, {st_mode=S_IFREG|0644, st_size=1624, ...}) = 0
21296 14:43:32.121956 mmap2(NULL, 1624, PROT_READ, MAP_SHARED, 5, 0) = 0xb7fb1000
21296 14:43:32.121967 _llseek(5, 1624, [1624], SEEK_SET) = 0
21296 14:43:32.121982 munmap(0xb7fb1000, 1624) = 0
21296 14:43:32.121992 close(5)          = 0
21296 14:43:32.122005 open("/etc/shadow", O_RDONLY|0x80000 /* O_??? */) = 5
21296 14:43:32.122018 _llseek(5, 0, [0], SEEK_CUR) = 0
21296 14:43:32.122028 fstat64(5, {st_mode=S_IFREG|0640, st_size=1233, ...}) = 0
21296 14:43:32.122044 mmap2(NULL, 1233, PROT_READ, MAP_SHARED, 5, 0) = 0xb7fb1000
21296 14:43:32.122054 _llseek(5, 1233, [1233], SEEK_SET) = 0
21296 14:43:32.122070 munmap(0xb7fb1000, 1233) = 0
21296 14:43:32.122080 close(5)          = 0
21296 14:43:32.122092 time(NULL)        = 1495651412
21296 14:43:32.122106 munmap(0xb7fae000, 12164) = 0
21296 14:43:32.122120 munmap(0xb7fac000, 7136) = 0
21296 14:43:32.122134 munmap(0xb7de1000, 95428) = 0
21296 14:43:32.122145 munmap(0xb7da7000, 201052) = 0
21296 14:43:32.122156 munmap(0xb7d8e000, 101180) = 0
21296 14:43:32.122172 gettimeofday({1495651412, 122176}, NULL) = 0
21296 14:43:32.122183 stat64("/usr/share/zoneinfo/UTC+04:00", 0xbf85e1d4) = -1 ENOENT (No such file or directory)
21296 14:43:32.122198 open("/usr/share/zoneinfo/UTC+04:00", O_RDONLY) = -1 ENOENT (No such file or directory)
21296 14:43:32.122223 fcntl64(3, F_SETLKW64, {type=F_WRLCK, whence=SEEK_SET, start=0, len=0}, 0xbf85e324) = 0
21296 14:43:32.122238 write(3, "Wed May 24 14:43:32 2017 [pid 21296] [msfadmin] OK LOGIN: Client \"127.0.0.1\"\n", 77) = 77
21296 14:43:32.122254 fcntl64(3, F_SETLK64, {type=F_UNLCK, whence=SEEK_SET, start=0, len=0}, 0xbf85e32c) = 0
21296 14:43:32.122267 rt_sigaction(SIGCHLD, {0x805cad0, ~[RTMIN RT_1], 0}, NULL, 8) = 0
21296 14:43:32.122281 write(4, "\1", 1 <unfinished ...>
21297 14:43:32.122291 <... read resumed> "\1", 1) = 1
21296 14:43:32.122296 <... write resumed> ) = 1
21297 14:43:32.122303 exit_group(0)     = ?
21296 14:43:32.122330 --- SIGCHLD (Child exited) @ 0 (0) ---
21296 14:43:32.122338 sigreturn()       = ? (mask now [])
21296 14:43:32.122357 wait4(-1, [{WIFEXITED(s) && WEXITSTATUS(s) == 0}], 0, NULL) = 21297
21296 14:43:32.122370 close(4)          = 0
21296 14:43:32.122381 socketpair(PF_FILE, SOCK_STREAM, 0, [4, 5]) = 0
21296 14:43:32.122389 rt_sigaction(SIGCHLD, {0x805cad0, ~[RTMIN RT_1], 0}, NULL, 8) = 0
21296 14:43:32.122389 rt_sigaction(SIGALRM, {0x805cb10, ~[RTMIN RT_1], 0}, NULL, 8) = 0
21296 14:43:32.122389 clone(child_stack=0, flags=CLONE_CHILD_CLEARTID|CLONE_CHILD_SETTID|SIGCHLD, child_tidptr=0xb7e176f8) = 21298
21298 14:43:32.122389 prctl(0x1, 0x9, 0, 0, 0) = 0
21298 14:43:32.122390 close(4)          = 0
21298 14:43:32.122400 open("/etc/passwd", O_RDONLY|0x80000 /* O_??? */) = 4
21298 14:43:32.122417 _llseek(4, 0, [0], SEEK_CUR) = 0
21298 14:43:32.122431 fstat64(4, {st_mode=S_IFREG|0644, st_size=1624, ...}) = 0
21298 14:43:32.122449 mmap2(NULL, 1624, PROT_READ, MAP_SHARED, 4, 0) = 0xb7fb1000
21298 14:43:32.122460 _llseek(4, 1624, [1624], SEEK_SET) = 0
21298 14:43:32.122486 munmap(0xb7fb1000, 1624) = 0
21298 14:43:32.122497 close(4)          = 0
21298 14:43:32.122510 getuid32()        = 0
21298 14:43:32.122520 open("/etc/passwd", O_RDONLY|0x80000 /* O_??? */) = 4
21298 14:43:32.122532 _llseek(4, 0, [0], SEEK_CUR) = 0
21298 14:43:32.122542 fstat64(4, {st_mode=S_IFREG|0644, st_size=1624, ...}) = 0
21298 14:43:32.122558 mmap2(NULL, 1624, PROT_READ, MAP_SHARED, 4, 0) = 0xb7fb1000
21298 14:43:32.122568 _llseek(4, 1624, [1624], SEEK_SET) = 0
21298 14:43:32.122583 munmap(0xb7fb1000, 1624) = 0
21298 14:43:32.122592 close(4)          = 0
21298 14:43:32.122650 open("/proc/sys/kernel/ngroups_max", O_RDONLY) = 4
21298 14:43:32.122686 read(4, "65536\n", 31) = 6
21298 14:43:32.122708 close(4)          = 0
21298 14:43:32.122722 socket(PF_FILE, SOCK_STREAM, 0) = 4
21298 14:43:32.122735 fcntl64(4, F_SETFL, O_RDWR|O_NONBLOCK) = 0
21298 14:43:32.122747 connect(4, {sa_family=AF_FILE, path="/var/run/nscd/socket"}, 110) = -1 ENOENT (No such file or directory)
21298 14:43:32.122767 close(4)          = 0
21298 14:43:32.122778 socket(PF_FILE, SOCK_STREAM, 0) = 4
21298 14:43:32.122788 fcntl64(4, F_SETFL, O_RDWR|O_NONBLOCK) = 0
21298 14:43:32.122798 connect(4, {sa_family=AF_FILE, path="/var/run/nscd/socket"}, 110) = -1 ENOENT (No such file or directory)
21298 14:43:32.122815 close(4)          = 0
21298 14:43:32.122838 open("/etc/group", O_RDONLY|0x80000 /* O_??? */) = 4
21298 14:43:32.122852 _llseek(4, 0, [0], SEEK_CUR) = 0
21298 14:43:32.122862 fstat64(4, {st_mode=S_IFREG|0644, st_size=886, ...}) = 0
21298 14:43:32.122878 mmap2(NULL, 886, PROT_READ, MAP_SHARED, 4, 0) = 0xb7fb1000
21298 14:43:32.122889 _llseek(4, 886, [886], SEEK_SET) = 0
21298 14:43:32.122912 fstat64(4, {st_mode=S_IFREG|0644, st_size=886, ...}) = 0
21298 14:43:32.122928 munmap(0xb7fb1000, 886) = 0
21298 14:43:32.122938 close(4)          = 0
21298 14:43:32.122948 setgroups32(13, [1000, 4, 20, 24, 25, 29, 30, 44, 46, 107, 111, 112, 119]) = 0
21298 14:43:32.122964 geteuid32()       = 0
21298 14:43:32.122974 getegid32()       = 0
21298 14:43:32.122984 setregid32(-1, 1000) = 0
21298 14:43:32.122995 setreuid32(-1, 1000) = 0
21298 14:43:32.123005 chdir("/home/msfadmin") = 0
21298 14:43:32.123016 setreuid32(-1, 0) = 0
21298 14:43:32.123025 setregid32(-1, 0) = 0
21298 14:43:32.123035 setgid32(1000)    = 0
21298 14:43:32.123044 setuid32(1000)    = 0
21298 14:43:32.123054 setrlimit(RLIMIT_NPROC, {rlim_cur=0, rlim_max=0}) = 0
21298 14:43:32.123067 mmap2(NULL, 12288, PROT_READ|PROT_WRITE, MAP_PRIVATE|MAP_ANONYMOUS, -1, 0) = 0xb7faf000
21298 14:43:32.123078 mprotect(0xb7fb1000, 4096, PROT_NONE) = 0
21298 14:43:32.123088 mprotect(0xb7faf000, 4096, PROT_NONE) = 0
21298 14:43:32.123099 getcwd("/home/msfadmin", 4096) = 15
21298 14:43:32.123112 umask(022)        = 077
21298 14:43:32.123121 getcwd("/home/msfadmin", 4096) = 15
21298 14:43:32.123134 open(".message", O_RDONLY|O_NONBLOCK|O_LARGEFILE) = -1 ENOENT (No such file or directory)
21298 14:43:32.123155 write(0, "230 Login successful.\r\n", 23) = 23
21298 14:43:32.123219 rt_sigaction(SIGALRM, {0x805cad0, ~[RTMIN RT_1], 0}, NULL, 8) = 0
21298 14:43:32.123235 alarm(300)        = 0
21298 14:43:32.123246 mmap2(NULL, 12288, PROT_READ|PROT_WRITE, MAP_PRIVATE|MAP_ANONYMOUS, -1, 0) = 0xb7fac000
21298 14:43:32.123257 mprotect(0xb7fae000, 4096, PROT_NONE) = 0
21298 14:43:32.123267 mprotect(0xb7fac000, 4096, PROT_NONE) = 0
21298 14:43:32.123280 recv(0, "TYPE I\r\n", 4096, MSG_PEEK) = 8
21298 14:43:32.123292 read(0, "TYPE I\r\n", 8) = 8
21298 14:43:32.123308 write(0, "200 Switching to Binary mode.\r\n", 31) = 31
21298 14:43:32.123346 rt_sigaction(SIGALRM, {0x805cad0, ~[RTMIN RT_1], 0}, NULL, 8) = 0
21298 14:43:32.123360 alarm(300)        = 300
21298 14:43:32.123371 recv(0, "PASV\r\n", 4096, MSG_PEEK) = 6
21298 14:43:32.123382 read(0, "PASV\r\n", 6) = 6
21298 14:43:32.123393 write(5, "\n", 1) = 1
21298 14:43:32.123404 read(5,  <unfinished ...>
21296 14:43:32.123416 close(5)          = 0
21296 14:43:32.123428 getuid32()        = 0
21296 14:43:32.123442 open("/etc/passwd", O_RDONLY|0x80000 /* O_??? */) = 5
21296 14:43:32.123460 _llseek(5, 0, [0], SEEK_CUR) = 0
21296 14:43:32.123472 fstat64(5, {st_mode=S_IFREG|0644, st_size=1624, ...}) = 0
21296 14:43:32.123489 mmap2(NULL, 1624, PROT_READ, MAP_SHARED, 5, 0) = 0xb7fb1000
21296 14:43:32.123499 _llseek(5, 1624, [1624], SEEK_SET) = 0
21296 14:43:32.123516 munmap(0xb7fb1000, 1624) = 0
21296 14:43:32.123527 close(5)          = 0
21296 14:43:32.123542 setgroups32(0, []) = 0
21296 14:43:32.123553 chdir("/usr/share/empty") = 0
21296 14:43:32.123565 chroot(".")       = 0
21296 14:43:32.123575 capset(NULL, NULL) = -1 EFAULT (Bad address)
21296 14:43:32.123614 prctl(0x8, 0, 0xbf85e308, 0x80549a6, 0xbf85e2f0) = 0
21296 14:43:32.123635 prctl(0x8, 0x1, 0xbf85e308, 0x8054a49, 0xbf85e2f0) = 0
21296 14:43:32.123655 setgid32(65534)   = 0
21296 14:43:32.123664 setuid32(65534)   = 0
21296 14:43:32.123674 capset(0x19980330, 0, {CAP_NET_BIND_SERVICE, CAP_NET_BIND_SERVICE, 0}) = 0
21296 14:43:32.123686 read(4, "\n", 1)  = 1
21296 14:43:32.123699 write(4, "\1", 1) = 1
21298 14:43:32.123710 <... read resumed> "\1", 1) = 1
21298 14:43:32.123717 write(5, "\f", 1) = 1
21298 14:43:32.123727 read(5,  <unfinished ...>
21296 14:43:32.123733 read(4, "\f", 1)  = 1
21296 14:43:32.123745 socket(PF_INET, SOCK_STREAM, IPPROTO_TCP) = 5
21296 14:43:32.123758 setsockopt(5, SOL_SOCKET, SO_REUSEADDR, [1], 4) = 0
21296 14:43:32.123769 gettimeofday({1495651412, 123772}, NULL) = 0
21296 14:43:32.123784 bind(5, {sa_family=AF_INET, sin_port=htons(54660), sin_addr=inet_addr("127.0.0.1")}, 16) = 0
21296 14:43:32.123799 listen(5, 1)      = 0
21296 14:43:32.123812 write(4, "\204\325\0\0", 4) = 4
21298 14:43:32.123823 <... read resumed> "\204\325\0\0", 4) = 4
21298 14:43:32.123836 write(0, "227 Entering Passive Mode (127,0,0,1,213,132).\r\n", 48) = 48
21298 14:43:32.123932 rt_sigaction(SIGALRM, {0x805cad0, ~[RTMIN RT_1], 0}, NULL, 8) = 0
21298 14:43:32.123948 alarm(300)        = 300
21298 14:43:32.123960 recv(0, "RETR myfile31\r\n", 4096, MSG_PEEK) = 15
21298 14:43:32.123971 read(0, "RETR myfile31\r\n", 15) = 15
21298 14:43:32.123985 write(5, "\v", 1) = 1
21298 14:43:32.123996 read(5,  <unfinished ...>
21296 14:43:32.124002 read(4, "\v", 1)  = 1
21296 14:43:32.124013 write(4, "\1\0\0\0", 4) = 4
21298 14:43:32.124023 <... read resumed> "\1\0\0\0", 4) = 4
21298 14:43:32.124031 gettimeofday({1495651412, 124034}, NULL) = 0
21298 14:43:32.124041 getcwd("/home/msfadmin", 4096) = 15
21298 14:43:32.124053 open("myfile31", O_RDONLY|O_NONBLOCK|O_LARGEFILE) = 4
21298 14:43:32.124066 fcntl64(4, F_SETLKW64, {type=F_RDLCK, whence=SEEK_SET, start=0, len=0}, 0xbf85e274) = 0
21298 14:43:32.124079 fstat64(4, {st_mode=S_IFREG|0644, st_size=17, ...}) = 0
21298 14:43:32.124095 fcntl64(4, F_GETFL) = 0x8800 (flags O_RDONLY|O_NONBLOCK|O_LARGEFILE)
21298 14:43:32.124105 fcntl64(4, F_SETFL, O_RDONLY|O_LARGEFILE) = 0
21298 14:43:32.124117 write(5, "\v", 1) = 1
21298 14:43:32.124127 read(5,  <unfinished ...>
21296 14:43:32.124134 read(4, "\v", 1)  = 1
21296 14:43:32.124144 write(4, "\1\0\0\0", 4) = 4
21298 14:43:32.124154 <... read resumed> "\1\0\0\0", 4) = 4
21298 14:43:32.124161 write(5, "\v", 1) = 1
21298 14:43:32.124170 read(5,  <unfinished ...>
21296 14:43:32.124176 read(4, "\v", 1)  = 1
21296 14:43:32.124187 write(4, "\1\0\0\0", 4) = 4
21298 14:43:32.124196 <... read resumed> "\1\0\0\0", 4) = 4
21298 14:43:32.124203 write(5, "\r", 1) = 1
21298 14:43:32.124212 read(5,  <unfinished ...>
21296 14:43:32.124219 read(4, "\r", 1)  = 1
21296 14:43:32.124232 select(6, [5], NULL, NULL, {60, 0}) = 1 (in [5], left {60, 0})
21296 14:43:32.124249 accept(5, {sa_family=AF_INET, sin_port=htons(48985), sin_addr=inet_addr("127.0.0.1")}, [16]) = 6
21296 14:43:32.124270 write(4, "\1", 1) = 1
21298 14:43:32.124280 <... read resumed> "\1", 1) = 1
21298 14:43:32.124289 recvmsg(5,  <unfinished ...>
21296 14:43:32.124298 sendmsg(4, {msg_name(0)=NULL, msg_iov(1)=[{"\0", 1}], msg_controllen=16, {cmsg_len=16, cmsg_level=SOL_SOCKET, cmsg_type=SCM_RIGHTS, {6}}, msg_flags=0}, 0) = 1
21298 14:43:32.124315 <... recvmsg resumed> {msg_name(0)=NULL, msg_iov(1)=[{"\0", 1}], msg_controllen=16, {cmsg_len=16, cmsg_level=SOL_SOCKET, cmsg_type=SCM_RIGHTS, {6}}, msg_flags=0}, 0) = 1
21298 14:43:32.124331 setsockopt(6, SOL_SOCKET, SO_KEEPALIVE, [1], 4) = 0
21298 14:43:32.124343 setsockopt(6, SOL_IP, IP_TOS, [8], 4) = 0
21298 14:43:32.124354 setsockopt(6, SOL_SOCKET, SO_LINGER, {onoff=1, linger=32767}, 8) = 0
21298 14:43:32.124365 rt_sigaction(SIGALRM, {0x805cad0, ~[RTMIN RT_1], 0}, NULL, 8) = 0
21298 14:43:32.124378 alarm(300)        = 300
21298 14:43:32.124391 write(0, "150 Opening BINARY mode data connection for myfile31 (17 bytes).\r\n", 66) = 66
21298 14:43:32.124433 _llseek(4, 0, [0], SEEK_CUR) = 0
21298 14:43:32.124445 fstat64(4, {st_mode=S_IFREG|0644, st_size=17, ...}) = 0
21298 14:43:32.124462 _llseek(4, 0, [0], SEEK_SET) = 0
21298 14:43:32.124473 sendfile(6, 4, NULL, 17) = 17
21298 14:43:32.124501 rt_sigaction(SIGALRM, {0x805cad0, ~[RTMIN RT_1], 0}, NULL, 8) = 0
21298 14:43:32.124515 alarm(300)        = 300
21298 14:43:32.124524 close(6)          = 0
21298 14:43:32.124533 alarm(0)          = 300
21298 14:43:32.124542 gettimeofday({1495651412, 124545}, NULL) = 0
21298 14:43:32.124586 getpid()          = 21298
21298 14:43:32.124609 gettimeofday({1495651412, 124613}, NULL) = 0
21298 14:43:32.124636 fcntl64(3, F_SETLKW64, {type=F_WRLCK, whence=SEEK_SET, start=0, len=0}, 0xbf85e214) = 0
21298 14:43:32.124650 write(3, "Wed May 24 14:43:32 2017 [pid 21298] [msfadmin] OK DOWNLOAD: Client \"127.0.0.1\", \"/home/msfadmin/myfile31\", 17 bytes, 28.67Kbyte/sec\n", 133) = 133
21298 14:43:32.124669 fcntl64(3, F_SETLK64, {type=F_UNLCK, whence=SEEK_SET, start=0, len=0}, 0xbf85e21c) = 0
21298 14:43:32.124683 write(0, "226 Transfer complete.\r\n", 24) = 24
21298 14:43:32.124698 write(5, "\n", 1) = 1
21298 14:43:32.124709 read(5,  <unfinished ...>
21296 14:43:32.124716 close(6)          = 0
21296 14:43:32.124791 read(4, "\n", 1)  = 1
21296 14:43:32.124804 close(5)          = 0
21296 14:43:32.124815 write(4, "\1", 1) = 1
21298 14:43:32.124825 <... read resumed> "\1", 1) = 1
21298 14:43:32.124832 close(4)          = 0
21298 14:43:32.124842 rt_sigaction(SIGALRM, {0x805cad0, ~[RTMIN RT_1], 0}, NULL, 8) = 0
21298 14:43:32.124855 alarm(300)        = 0
21298 14:43:32.124866 recv(0,  <unfinished ...>
21296 14:43:32.124873 read(4,  <unfinished ...>
21295 14:43:32.562387 <... recv resumed> "TYPE I\r\n", 4096, MSG_PEEK) = 8
21295 14:43:32.562418 read(0, "TYPE I\r\n", 8) = 8
21295 14:43:32.562440 write(0, "200 Switching to Binary mode.\r\n", 31) = 31
21295 14:43:32.562490 rt_sigaction(SIGALRM, {0x805cad0, ~[RTMIN RT_1], 0}, NULL, 8) = 0
21295 14:43:32.562507 alarm(300)        = 299
21295 14:43:32.562520 recv(0, "PASV\r\n", 4096, MSG_PEEK) = 6
21295 14:43:32.562532 read(0, "PASV\r\n", 6) = 6
21295 14:43:32.562543 write(5, "\n", 1 <unfinished ...>
21293 14:43:32.562555 <... read resumed> "\n", 1) = 1
21295 14:43:32.562560 <... write resumed> ) = 1
21293 14:43:32.562568 write(4, "\1", 1 <unfinished ...>
21295 14:43:32.562574 read(5,  <unfinished ...>
21293 14:43:32.562580 <... write resumed> ) = 1
21295 14:43:32.562584 <... read resumed> "\1", 1) = 1
21293 14:43:32.562592 read(4,  <unfinished ...>
21295 14:43:32.562596 write(5, "\f", 1 <unfinished ...>
21293 14:43:32.562603 <... read resumed> "\f", 1) = 1
21295 14:43:32.562608 <... write resumed> ) = 1
21293 14:43:32.562616 socket(PF_INET, SOCK_STREAM, IPPROTO_TCP <unfinished ...>
21295 14:43:32.562621 read(5,  <unfinished ...>
21293 14:43:32.562631 <... socket resumed> ) = 5
21293 14:43:32.562639 setsockopt(5, SOL_SOCKET, SO_REUSEADDR, [1], 4) = 0
21293 14:43:32.562653 bind(5, {sa_family=AF_INET, sin_port=htons(19296), sin_addr=inet_addr("127.0.0.1")}, 16) = 0
21293 14:43:32.562669 listen(5, 1)      = 0
21293 14:43:32.562683 write(4, "`K\0\0", 4 <unfinished ...>
21295 14:43:32.562691 <... read resumed> "`K\0\0", 4) = 4
21293 14:43:32.562696 <... write resumed> ) = 4
21295 14:43:32.562707 write(0, "227 Entering Passive Mode (127,0,0,1,75,96).\r\n", 46 <unfinished ...>
21293 14:43:32.562716 read(4,  <unfinished ...>
21295 14:43:32.562816 <... write resumed> ) = 46
21295 14:43:32.562836 rt_sigaction(SIGALRM, {0x805cad0, ~[RTMIN RT_1], 0}, NULL, 8) = 0
21295 14:43:32.562851 alarm(300)        = 300
21295 14:43:32.562862 recv(0, "STOR myfile22\r\n", 4096, MSG_PEEK) = 15
21295 14:43:32.562874 read(0, "STOR myfile22\r\n", 15) = 15
21295 14:43:32.562888 write(5, "\v", 1 <unfinished ...>
21293 14:43:32.562896 <... read resumed> "\v", 1) = 1
21295 14:43:32.562900 <... write resumed> ) = 1
21293 14:43:32.562907 write(4, "\1\0\0\0", 4) = 4
21293 14:43:32.562917 read(4,  <unfinished ...>
21295 14:43:32.562924 read(5, "\1\0\0\0", 4) = 4
21295 14:43:32.562935 gettimeofday({1495651412, 562939}, NULL) = 0
21295 14:43:32.562946 getcwd("/home/msfadmin", 4096) = 15
21295 14:43:32.562959 open("myfile22", O_WRONLY|O_CREAT|O_NONBLOCK|O_LARGEFILE, 0666) = 4
21295 14:43:32.562973 fstat64(4, {st_mode=S_IFREG|0644, st_size=17, ...}) = 0
21295 14:43:32.562991 fcntl64(4, F_GETFL) = 0x8801 (flags O_WRONLY|O_NONBLOCK|O_LARGEFILE)
21295 14:43:32.563002 fcntl64(4, F_SETFL, O_WRONLY|O_LARGEFILE) = 0
21295 14:43:32.563012 fcntl64(4, F_SETLKW64, {type=F_WRLCK, whence=SEEK_SET, start=0, len=0}, 0xbf934324) = 0
21295 14:43:32.563026 ftruncate64(4, 0) = 0
21295 14:43:32.563044 _llseek(4, 0, [0], SEEK_SET) = 0
21295 14:43:32.563055 write(5, "\v", 1 <unfinished ...>
21293 14:43:32.563063 <... read resumed> "\v", 1) = 1
21295 14:43:32.563067 <... write resumed> ) = 1
21293 14:43:32.563073 write(4, "\1\0\0\0", 4) = 4
21293 14:43:32.563084 read(4,  <unfinished ...>
21295 14:43:32.563091 read(5, "\1\0\0\0", 4) = 4
21295 14:43:32.563102 write(5, "\v", 1 <unfinished ...>
21293 14:43:32.563108 <... read resumed> "\v", 1) = 1
21295 14:43:32.563113 <... write resumed> ) = 1
21293 14:43:32.563119 write(4, "\1\0\0\0", 4) = 4
21293 14:43:32.563129 read(4,  <unfinished ...>
21295 14:43:32.563135 read(5, "\1\0\0\0", 4) = 4
21295 14:43:32.563146 write(5, "\r", 1 <unfinished ...>
21293 14:43:32.563153 <... read resumed> "\r", 1) = 1
21295 14:43:32.563157 <... write resumed> ) = 1
21293 14:43:32.563164 select(6, [5], NULL, NULL, {60, 0}) = 1 (in [5], left {60, 0})
21293 14:43:32.563203 accept(5, {sa_family=AF_INET, sin_port=htons(60504), sin_addr=inet_addr("127.0.0.1")}, [16]) = 6
21293 14:43:32.563237 write(4, "\1", 1) = 1
21293 14:43:32.563250 sendmsg(4, {msg_name(0)=NULL, msg_iov(1)=[{"\0", 1}], msg_controllen=16, {cmsg_len=16, cmsg_level=SOL_SOCKET, cmsg_type=SCM_RIGHTS, {6}}, msg_flags=0}, 0) = 1
21293 14:43:32.563267 close(6)          = 0
21293 14:43:32.563276 read(4,  <unfinished ...>
21295 14:43:32.563283 read(5, "\1", 1)  = 1
21295 14:43:32.563296 recvmsg(5, {msg_name(0)=NULL, msg_iov(1)=[{"\0", 1}], msg_controllen=16, {cmsg_len=16, cmsg_level=SOL_SOCKET, cmsg_type=SCM_RIGHTS, {6}}, msg_flags=0}, 0) = 1
21295 14:43:32.563314 setsockopt(6, SOL_SOCKET, SO_KEEPALIVE, [1], 4) = 0
21295 14:43:32.563330 setsockopt(6, SOL_IP, IP_TOS, [8], 4) = 0
21295 14:43:32.563342 setsockopt(6, SOL_SOCKET, SO_LINGER, {onoff=1, linger=32767}, 8) = 0
21295 14:43:32.563353 rt_sigaction(SIGALRM, {0x805cad0, ~[RTMIN RT_1], 0}, NULL, 8) = 0
21295 14:43:32.563366 alarm(300)        = 300
21295 14:43:32.563379 write(0, "150 Ok to send data.\r\n", 22) = 22
21295 14:43:32.563445 read(6, "assasaaa\na\na\na\na\n", 65536) = 17
21295 14:43:32.563459 write(4, "assasaaa\na\na\na\na\n", 17) = 17
21295 14:43:32.563476 read(6, "", 65536) = 0
21295 14:43:32.563486 rt_sigaction(SIGALRM, {0x805cad0, ~[RTMIN RT_1], 0}, NULL, 8) = 0
21295 14:43:32.563499 alarm(300)        = 300
21295 14:43:32.563509 close(6)          = 0
21295 14:43:32.563525 alarm(0)          = 300
21295 14:43:32.563535 gettimeofday({1495651412, 563539}, NULL) = 0
21295 14:43:32.563550 gettimeofday({1495651412, 563554}, NULL) = 0
21295 14:43:32.563565 fcntl64(3, F_SETLKW64, {type=F_WRLCK, whence=SEEK_SET, start=0, len=0}, 0xbf9342c4) = 0
21295 14:43:32.563587 write(3, "Wed May 24 14:43:32 2017 [pid 21295] [msfadmin] OK UPLOAD: Client \"127.0.0.1\", \"/home/msfadmin/myfile22\", 17 bytes, 26.99Kbyte/sec\n", 131) = 131
21295 14:43:32.563611 fcntl64(3, F_SETLK64, {type=F_UNLCK, whence=SEEK_SET, start=0, len=0}, 0xbf9342cc) = 0
21295 14:43:32.563630 write(0, "226 Transfer complete.\r\n", 24) = 24
21295 14:43:32.563676 write(5, "\n", 1 <unfinished ...>
21293 14:43:32.563685 <... read resumed> "\n", 1) = 1
21295 14:43:32.563690 <... write resumed> ) = 1
21293 14:43:32.563696 close(5)          = 0
21293 14:43:32.563708 write(4, "\1", 1) = 1
21293 14:43:32.563719 read(4,  <unfinished ...>
21295 14:43:32.563726 read(5, "\1", 1)  = 1
21295 14:43:32.563736 close(4)          = 0
21295 14:43:32.563747 rt_sigaction(SIGALRM, {0x805cad0, ~[RTMIN RT_1], 0}, NULL, 8) = 0
21295 14:43:32.563760 alarm(300)        = 0
21295 14:43:32.563771 recv(0,  <unfinished ...>
21298 14:43:32.662408 <... recv resumed> "USER msfadmin\r\n", 4096, MSG_PEEK) = 15
21298 14:43:32.662448 read(0, "USER msfadmin\r\n", 15) = 15
21298 14:43:32.662472 write(0, "331 Any password will do.\r\n", 27) = 27
21298 14:43:32.662517 rt_sigaction(SIGALRM, {0x805cad0, ~[RTMIN RT_1], 0}, NULL, 8) = 0
21298 14:43:32.662535 alarm(300)        = 299
21298 14:43:32.662548 recv(0, "PASS msfadmin\r\n", 4096, MSG_PEEK) = 15
21298 14:43:32.662560 read(0, "PASS msfadmin\r\n", 15) = 15
21298 14:43:32.662576 write(0, "230 Already logged in.\r\n", 24) = 24
21298 14:43:32.662638 rt_sigaction(SIGALRM, {0x805cad0, ~[RTMIN RT_1], 0}, NULL, 8) = 0
21298 14:43:32.662653 alarm(300)        = 300
21298 14:43:32.662665 recv(0, "TYPE I\r\n", 4096, MSG_PEEK) = 8
21298 14:43:32.662676 read(0, "TYPE I\r\n", 8) = 8
21298 14:43:32.662690 write(0, "200 Switching to Binary mode.\r\n", 31) = 31
21298 14:43:32.662725 rt_sigaction(SIGALRM, {0x805cad0, ~[RTMIN RT_1], 0}, NULL, 8) = 0
21298 14:43:32.662739 alarm(300)        = 300
21298 14:43:32.662750 recv(0, "PASV\r\n", 4096, MSG_PEEK) = 6
21298 14:43:32.662761 read(0, "PASV\r\n", 6) = 6
21298 14:43:32.662773 write(5, "\n", 1) = 1
21298 14:43:32.662785 read(5,  <unfinished ...>
21296 14:43:32.662794 <... read resumed> "\n", 1) = 1
21296 14:43:32.662803 write(4, "\1", 1) = 1
21298 14:43:32.662813 <... read resumed> "\1", 1) = 1
21298 14:43:32.662820 write(5, "\f", 1) = 1
21298 14:43:32.662830 read(5,  <unfinished ...>
21296 14:43:32.662836 read(4, "\f", 1)  = 1
21296 14:43:32.662848 socket(PF_INET, SOCK_STREAM, IPPROTO_TCP) = 5
21296 14:43:32.662864 setsockopt(5, SOL_SOCKET, SO_REUSEADDR, [1], 4) = 0
21296 14:43:32.662878 bind(5, {sa_family=AF_INET, sin_port=htons(13657), sin_addr=inet_addr("127.0.0.1")}, 16) = 0
21296 14:43:32.662894 listen(5, 1)      = 0
21296 14:43:32.662908 write(4, "Y5\0\0", 4) = 4
21298 14:43:32.662919 <... read resumed> "Y5\0\0", 4) = 4
21298 14:43:32.662931 write(0, "227 Entering Passive Mode (127,0,0,1,53,89).\r\n", 46) = 46
21298 14:43:32.663041 rt_sigaction(SIGALRM, {0x805cad0, ~[RTMIN RT_1], 0}, NULL, 8) = 0
21298 14:43:32.663058 alarm(300)        = 300
21298 14:43:32.663069 recv(0, "RETR myfile32\r\n", 4096, MSG_PEEK) = 15
21298 14:43:32.663081 read(0, "RETR myfile32\r\n", 15) = 15
21298 14:43:32.663094 write(5, "\v", 1) = 1
21298 14:43:32.663104 read(5,  <unfinished ...>
21296 14:43:32.663111 read(4, "\v", 1)  = 1
21296 14:43:32.663123 write(4, "\1\0\0\0", 4) = 4
21298 14:43:32.663168 <... read resumed> "\1\0\0\0", 4) = 4
21298 14:43:32.663177 gettimeofday({1495651412, 663181}, NULL) = 0
21298 14:43:32.663197 getcwd("/home/msfadmin", 4096) = 15
21298 14:43:32.663210 open("myfile32", O_RDONLY|O_NONBLOCK|O_LARGEFILE) = 4
21298 14:43:32.663224 fcntl64(4, F_SETLKW64, {type=F_RDLCK, whence=SEEK_SET, start=0, len=0}, 0xbf85e274) = 0
21298 14:43:32.663239 fstat64(4, {st_mode=S_IFREG|0644, st_size=17, ...}) = 0
21298 14:43:32.663256 fcntl64(4, F_GETFL) = 0x8800 (flags O_RDONLY|O_NONBLOCK|O_LARGEFILE)
21298 14:43:32.663267 fcntl64(4, F_SETFL, O_RDONLY|O_LARGEFILE) = 0
21298 14:43:32.663278 write(5, "\v", 1) = 1
21298 14:43:32.663289 read(5,  <unfinished ...>
21296 14:43:32.663296 read(4, "\v", 1)  = 1
21296 14:43:32.663307 write(4, "\1\0\0\0", 4) = 4
21298 14:43:32.663317 <... read resumed> "\1\0\0\0", 4) = 4
21298 14:43:32.663324 write(5, "\v", 1) = 1
21298 14:43:32.663333 read(5,  <unfinished ...>
21296 14:43:32.663340 read(4, "\v", 1)  = 1
21296 14:43:32.663357 write(4, "\1\0\0\0", 4) = 4
21298 14:43:32.663367 <... read resumed> "\1\0\0\0", 4) = 4
21298 14:43:32.663375 write(5, "\r", 1) = 1
21298 14:43:32.663384 read(5,  <unfinished ...>
21296 14:43:32.663391 read(4, "\r", 1)  = 1
21296 14:43:32.663402 select(6, [5], NULL, NULL, {60, 0}) = 1 (in [5], left {60, 0})
21296 14:43:32.663418 accept(5, {sa_family=AF_INET, sin_port=htons(54986), sin_addr=inet_addr("127.0.0.1")}, [16]) = 6
21296 14:43:32.663440 write(4, "\1", 1) = 1
21298 14:43:32.663451 <... read resumed> "\1", 1) = 1
21298 14:43:32.663459 recvmsg(5,  <unfinished ...>
21296 14:43:32.663467 sendmsg(4, {msg_name(0)=NULL, msg_iov(1)=[{"\0", 1}], msg_controllen=16, {cmsg_len=16, cmsg_level=SOL_SOCKET, cmsg_type=SCM_RIGHTS, {6}}, msg_flags=0}, 0) = 1
21298 14:43:32.663484 <... recvmsg resumed> {msg_name(0)=NULL, msg_iov(1)=[{"\0", 1}], msg_controllen=16, {cmsg_len=16, cmsg_level=SOL_SOCKET, cmsg_type=SCM_RIGHTS, {6}}, msg_flags=0}, 0) = 1
21298 14:43:32.663497 setsockopt(6, SOL_SOCKET, SO_KEEPALIVE, [1], 4) = 0
21298 14:43:32.663510 setsockopt(6, SOL_IP, IP_TOS, [8], 4) = 0
21298 14:43:32.663521 setsockopt(6, SOL_SOCKET, SO_LINGER, {onoff=1, linger=32767}, 8) = 0
21298 14:43:32.663532 rt_sigaction(SIGALRM, {0x805cad0, ~[RTMIN RT_1], 0}, NULL, 8) = 0
21298 14:43:32.663546 alarm(300)        = 300
21298 14:43:32.663559 write(0, "150 Opening BINARY mode data connection for myfile32 (17 bytes).\r\n", 66) = 66
21298 14:43:32.663601 _llseek(4, 0, [0], SEEK_CUR) = 0
21298 14:43:32.663613 fstat64(4, {st_mode=S_IFREG|0644, st_size=17, ...}) = 0
21298 14:43:32.663630 _llseek(4, 0, [0], SEEK_SET) = 0
21298 14:43:32.663641 sendfile(6, 4, NULL, 17) = 17
21298 14:43:32.663671 rt_sigaction(SIGALRM, {0x805cad0, ~[RTMIN RT_1], 0}, NULL, 8) = 0
21298 14:43:32.663685 alarm(300)        = 300
21298 14:43:32.663695 close(6)          = 0
21298 14:43:32.663704 alarm(0)          = 300
21298 14:43:32.663723 gettimeofday({1495651412, 663727}, NULL) = 0
21298 14:43:32.663751 gettimeofday({1495651412, 663755}, NULL) = 0
21298 14:43:32.663765 fcntl64(3, F_SETLKW64, {type=F_WRLCK, whence=SEEK_SET, start=0, len=0}, 0xbf85e214) = 0
21298 14:43:32.663779 write(3, "Wed May 24 14:43:32 2017 [pid 21298] [msfadmin] OK DOWNLOAD: Client \"127.0.0.1\", \"/home/msfadmin/myfile32\", 17 bytes, 28.92Kbyte/sec\n", 133) = 133
21298 14:43:32.663800 fcntl64(3, F_SETLK64, {type=F_UNLCK, whence=SEEK_SET, start=0, len=0}, 0xbf85e21c) = 0
21298 14:43:32.663814 write(0, "226 Transfer complete.\r\n", 24) = 24
21298 14:43:32.663829 write(5, "\n", 1) = 1
21298 14:43:32.663840 read(5,  <unfinished ...>
21296 14:43:32.663846 close(6)          = 0
21296 14:43:32.663928 read(4, "\n", 1)  = 1
21296 14:43:32.663941 close(5)          = 0
21296 14:43:32.663952 write(4, "\1", 1) = 1
21298 14:43:32.663963 <... read resumed> "\1", 1) = 1
21298 14:43:32.663970 close(4)          = 0
21298 14:43:32.663980 rt_sigaction(SIGALRM, {0x805cad0, ~[RTMIN RT_1], 0}, NULL, 8) = 0
21298 14:43:32.663993 alarm(300)        = 0
21298 14:43:32.664004 recv(0,  <unfinished ...>
21296 14:43:32.664012 read(4,  <unfinished ...>
21295 14:43:33.082508 <... recv resumed> "TYPE I\r\n", 4096, MSG_PEEK) = 8
21295 14:43:33.082556 read(0, "TYPE I\r\n", 8) = 8
21295 14:43:33.082580 write(0, "200 Switching to Binary mode.\r\n", 31) = 31
21295 14:43:33.082632 rt_sigaction(SIGALRM, {0x805cad0, ~[RTMIN RT_1], 0}, NULL, 8) = 0
21295 14:43:33.082651 alarm(300)        = 299
21295 14:43:33.082664 recv(0, "PASV\r\n", 4096, MSG_PEEK) = 6
21295 14:43:33.082676 read(0, "PASV\r\n", 6) = 6
21295 14:43:33.082688 write(5, "\n", 1 <unfinished ...>
21293 14:43:33.082699 <... read resumed> "\n", 1) = 1
21295 14:43:33.082705 <... write resumed> ) = 1
21293 14:43:33.082713 write(4, "\1", 1 <unfinished ...>
21295 14:43:33.082719 read(5,  <unfinished ...>
21293 14:43:33.082726 <... write resumed> ) = 1
21295 14:43:33.082730 <... read resumed> "\1", 1) = 1
21293 14:43:33.082739 read(4,  <unfinished ...>
21295 14:43:33.082743 write(5, "\f", 1 <unfinished ...>
21293 14:43:33.082751 <... read resumed> "\f", 1) = 1
21295 14:43:33.082756 <... write resumed> ) = 1
21293 14:43:33.082781 socket(PF_INET, SOCK_STREAM, IPPROTO_TCP <unfinished ...>
21295 14:43:33.082787 read(5,  <unfinished ...>
21293 14:43:33.082797 <... socket resumed> ) = 5
21293 14:43:33.082805 setsockopt(5, SOL_SOCKET, SO_REUSEADDR, [1], 4) = 0
21293 14:43:33.082819 bind(5, {sa_family=AF_INET, sin_port=htons(15059), sin_addr=inet_addr("127.0.0.1")}, 16) = 0
21293 14:43:33.082836 listen(5, 1)      = 0
21293 14:43:33.082850 write(4, "\323:\0\0", 4 <unfinished ...>
21295 14:43:33.082858 <... read resumed> "\323:\0\0", 4) = 4
21293 14:43:33.082864 <... write resumed> ) = 4
21295 14:43:33.082875 write(0, "227 Entering Passive Mode (127,0,0,1,58,211).\r\n", 47 <unfinished ...>
21293 14:43:33.082884 read(4,  <unfinished ...>
21295 14:43:33.082985 <... write resumed> ) = 47
21295 14:43:33.082997 rt_sigaction(SIGALRM, {0x805cad0, ~[RTMIN RT_1], 0}, NULL, 8) = 0
21295 14:43:33.083012 alarm(300)        = 300
21295 14:43:33.083024 recv(0, "STOR myfile23\r\n", 4096, MSG_PEEK) = 15
21295 14:43:33.083036 read(0, "STOR myfile23\r\n", 15) = 15
21295 14:43:33.083049 write(5, "\v", 1 <unfinished ...>
21293 14:43:33.083057 <... read resumed> "\v", 1) = 1
21295 14:43:33.083062 <... write resumed> ) = 1
21293 14:43:33.083068 write(4, "\1\0\0\0", 4) = 4
21293 14:43:33.083079 read(4,  <unfinished ...>
21295 14:43:33.083086 read(5, "\1\0\0\0", 4) = 4
21295 14:43:33.083097 gettimeofday({1495651413, 83101}, NULL) = 0
21295 14:43:33.083108 getcwd("/home/msfadmin", 4096) = 15
21295 14:43:33.083121 open("myfile23", O_WRONLY|O_CREAT|O_NONBLOCK|O_LARGEFILE, 0666) = 4
21295 14:43:33.083135 fstat64(4, {st_mode=S_IFREG|0644, st_size=17, ...}) = 0
21295 14:43:33.083153 fcntl64(4, F_GETFL) = 0x8801 (flags O_WRONLY|O_NONBLOCK|O_LARGEFILE)
21295 14:43:33.083164 fcntl64(4, F_SETFL, O_WRONLY|O_LARGEFILE) = 0
21295 14:43:33.083173 fcntl64(4, F_SETLKW64, {type=F_WRLCK, whence=SEEK_SET, start=0, len=0}, 0xbf934324) = 0
21295 14:43:33.083187 ftruncate64(4, 0) = 0
21295 14:43:33.083206 _llseek(4, 0, [0], SEEK_SET) = 0
21295 14:43:33.083243 write(5, "\v", 1 <unfinished ...>
21293 14:43:33.083252 <... read resumed> "\v", 1) = 1
21295 14:43:33.083257 <... write resumed> ) = 1
21293 14:43:33.083272 write(4, "\1\0\0\0", 4) = 4
21293 14:43:33.083283 read(4,  <unfinished ...>
21295 14:43:33.083290 read(5, "\1\0\0\0", 4) = 4
21295 14:43:33.083301 write(5, "\v", 1 <unfinished ...>
21293 14:43:33.083308 <... read resumed> "\v", 1) = 1
21295 14:43:33.083312 <... write resumed> ) = 1
21293 14:43:33.083318 write(4, "\1\0\0\0", 4) = 4
21293 14:43:33.083328 read(4,  <unfinished ...>
21295 14:43:33.083335 read(5, "\1\0\0\0", 4) = 4
21295 14:43:33.083346 write(5, "\r", 1 <unfinished ...>
21293 14:43:33.083353 <... read resumed> "\r", 1) = 1
21295 14:43:33.083358 <... write resumed> ) = 1
21293 14:43:33.083365 select(6, [5], NULL, NULL, {60, 0}) = 1 (in [5], left {60, 0})
21293 14:43:33.083381 accept(5, {sa_family=AF_INET, sin_port=htons(46793), sin_addr=inet_addr("127.0.0.1")}, [16]) = 6
21293 14:43:33.083403 write(4, "\1", 1) = 1
21293 14:43:33.083415 sendmsg(4, {msg_name(0)=NULL, msg_iov(1)=[{"\0", 1}], msg_controllen=16, {cmsg_len=16, cmsg_level=SOL_SOCKET, cmsg_type=SCM_RIGHTS, {6}}, msg_flags=0}, 0) = 1
21293 14:43:33.083431 close(6)          = 0
21293 14:43:33.083441 read(4,  <unfinished ...>
21295 14:43:33.083448 read(5, "\1", 1)  = 1
21295 14:43:33.083460 recvmsg(5, {msg_name(0)=NULL, msg_iov(1)=[{"\0", 1}], msg_controllen=16, {cmsg_len=16, cmsg_level=SOL_SOCKET, cmsg_type=SCM_RIGHTS, {6}}, msg_flags=0}, 0) = 1
21295 14:43:33.083478 setsockopt(6, SOL_SOCKET, SO_KEEPALIVE, [1], 4) = 0
21295 14:43:33.083490 setsockopt(6, SOL_IP, IP_TOS, [8], 4) = 0
21295 14:43:33.083502 setsockopt(6, SOL_SOCKET, SO_LINGER, {onoff=1, linger=32767}, 8) = 0
21295 14:43:33.083513 rt_sigaction(SIGALRM, {0x805cad0, ~[RTMIN RT_1], 0}, NULL, 8) = 0
21295 14:43:33.083526 alarm(300)        = 300
21295 14:43:33.083539 write(0, "150 Ok to send data.\r\n", 22) = 22
21295 14:43:33.083605 read(6, "assasaaa\na\na\na\na\n", 65536) = 17
21295 14:43:33.083620 write(4, "assasaaa\na\na\na\na\n", 17) = 17
21295 14:43:33.083638 read(6, "", 65536) = 0
21295 14:43:33.083649 rt_sigaction(SIGALRM, {0x805cad0, ~[RTMIN RT_1], 0}, NULL, 8) = 0
21295 14:43:33.083663 alarm(300)        = 300
21295 14:43:33.083672 close(6)          = 0
21295 14:43:33.083689 alarm(0)          = 300
21295 14:43:33.083699 gettimeofday({1495651413, 83702}, NULL) = 0
21295 14:43:33.083714 gettimeofday({1495651413, 83718}, NULL) = 0
21295 14:43:33.083730 fcntl64(3, F_SETLKW64, {type=F_WRLCK, whence=SEEK_SET, start=0, len=0}, 0xbf9342c4) = 0
21295 14:43:33.083745 write(3, "Wed May 24 14:43:33 2017 [pid 21295] [msfadmin] OK UPLOAD: Client \"127.0.0.1\", \"/home/msfadmin/myfile23\", 17 bytes, 26.91Kbyte/sec\n", 131) = 131
21295 14:43:33.083766 fcntl64(3, F_SETLK64, {type=F_UNLCK, whence=SEEK_SET, start=0, len=0}, 0xbf9342cc) = 0
21295 14:43:33.083781 write(0, "226 Transfer complete.\r\n", 24) = 24
21295 14:43:33.083825 write(5, "\n", 1 <unfinished ...>
21293 14:43:33.083834 <... read resumed> "\n", 1) = 1
21295 14:43:33.083839 <... write resumed> ) = 1
21293 14:43:33.083845 close(5)          = 0
21293 14:43:33.083856 write(4, "\1", 1) = 1
21293 14:43:33.083867 read(4,  <unfinished ...>
21295 14:43:33.083874 read(5, "\1", 1)  = 1
21295 14:43:33.083884 close(4)          = 0
21295 14:43:33.083895 rt_sigaction(SIGALRM, {0x805cad0, ~[RTMIN RT_1], 0}, NULL, 8) = 0
21295 14:43:33.083908 alarm(300)        = 0
21295 14:43:33.083919 recv(0,  <unfinished ...>
21298 14:43:33.192405 <... recv resumed> "USER msfadmin\r\n", 4096, MSG_PEEK) = 15
21298 14:43:33.192445 read(0, "USER msfadmin\r\n", 15) = 15
21298 14:43:33.192470 write(0, "331 Any password will do.\r\n", 27) = 27
21298 14:43:33.192514 rt_sigaction(SIGALRM, {0x805cad0, ~[RTMIN RT_1], 0}, NULL, 8) = 0
21298 14:43:33.192532 alarm(300)        = 299
21298 14:43:33.192544 recv(0, "PASS msfadmin\r\n", 4096, MSG_PEEK) = 15
21298 14:43:33.192556 read(0, "PASS msfadmin\r\n", 15) = 15
21298 14:43:33.192572 write(0, "230 Already logged in.\r\n", 24) = 24
21298 14:43:33.192634 rt_sigaction(SIGALRM, {0x805cad0, ~[RTMIN RT_1], 0}, NULL, 8) = 0
21298 14:43:33.192649 alarm(300)        = 300
21298 14:43:33.192660 recv(0, "TYPE I\r\n", 4096, MSG_PEEK) = 8
21298 14:43:33.192672 read(0, "TYPE I\r\n", 8) = 8
21298 14:43:33.192686 write(0, "200 Switching to Binary mode.\r\n", 31) = 31
21298 14:43:33.192722 rt_sigaction(SIGALRM, {0x805cad0, ~[RTMIN RT_1], 0}, NULL, 8) = 0
21298 14:43:33.192736 alarm(300)        = 300
21298 14:43:33.192767 recv(0, "PASV\r\n", 4096, MSG_PEEK) = 6
21298 14:43:33.192782 read(0, "PASV\r\n", 6) = 6
21298 14:43:33.192794 write(5, "\n", 1) = 1
21298 14:43:33.192816 read(5,  <unfinished ...>
21296 14:43:33.192824 <... read resumed> "\n", 1) = 1
21296 14:43:33.192833 write(4, "\1", 1) = 1
21298 14:43:33.192844 <... read resumed> "\1", 1) = 1
21298 14:43:33.192851 write(5, "\f", 1) = 1
21298 14:43:33.192861 read(5,  <unfinished ...>
21296 14:43:33.192867 read(4, "\f", 1)  = 1
21296 14:43:33.192879 socket(PF_INET, SOCK_STREAM, IPPROTO_TCP) = 5
21296 14:43:33.192895 setsockopt(5, SOL_SOCKET, SO_REUSEADDR, [1], 4) = 0
21296 14:43:33.192910 bind(5, {sa_family=AF_INET, sin_port=htons(34720), sin_addr=inet_addr("127.0.0.1")}, 16) = 0
21296 14:43:33.192926 listen(5, 1)      = 0
21296 14:43:33.192940 write(4, "\240\207\0\0", 4) = 4
21298 14:43:33.192950 <... read resumed> "\240\207\0\0", 4) = 4
21298 14:43:33.192962 write(0, "227 Entering Passive Mode (127,0,0,1,135,160).\r\n", 48) = 48
21298 14:43:33.193074 rt_sigaction(SIGALRM, {0x805cad0, ~[RTMIN RT_1], 0}, NULL, 8) = 0
21298 14:43:33.193090 alarm(300)        = 300
21298 14:43:33.193102 recv(0, "RETR myfile33\r\n", 4096, MSG_PEEK) = 15
21298 14:43:33.193114 read(0, "RETR myfile33\r\n", 15) = 15
21298 14:43:33.193127 write(5, "\v", 1) = 1
21298 14:43:33.193137 read(5,  <unfinished ...>
21296 14:43:33.193144 read(4, "\v", 1)  = 1
21296 14:43:33.193155 write(4, "\1\0\0\0", 4) = 4
21298 14:43:33.193165 <... read resumed> "\1\0\0\0", 4) = 4
21298 14:43:33.193173 gettimeofday({1495651413, 193177}, NULL) = 0
21298 14:43:33.193184 getcwd("/home/msfadmin", 4096) = 15
21298 14:43:33.193203 open("myfile33", O_RDONLY|O_NONBLOCK|O_LARGEFILE) = 4
21298 14:43:33.193217 fcntl64(4, F_SETLKW64, {type=F_RDLCK, whence=SEEK_SET, start=0, len=0}, 0xbf85e274) = 0
21298 14:43:33.193232 fstat64(4, {st_mode=S_IFREG|0644, st_size=17, ...}) = 0
21298 14:43:33.193268 fcntl64(4, F_GETFL) = 0x8800 (flags O_RDONLY|O_NONBLOCK|O_LARGEFILE)
21298 14:43:33.193280 fcntl64(4, F_SETFL, O_RDONLY|O_LARGEFILE) = 0
21298 14:43:33.193302 write(5, "\v", 1) = 1
21298 14:43:33.193313 read(5,  <unfinished ...>
21296 14:43:33.193320 read(4, "\v", 1)  = 1
21296 14:43:33.193331 write(4, "\1\0\0\0", 4) = 4
21298 14:43:33.193341 <... read resumed> "\1\0\0\0", 4) = 4
21298 14:43:33.193348 write(5, "\v", 1) = 1
21298 14:43:33.193358 read(5,  <unfinished ...>
21296 14:43:33.193365 read(4, "\v", 1)  = 1
21296 14:43:33.193375 write(4, "\1\0\0\0", 4) = 4
21298 14:43:33.193385 <... read resumed> "\1\0\0\0", 4) = 4
21298 14:43:33.193392 write(5, "\r", 1) = 1
21298 14:43:33.193402 read(5,  <unfinished ...>
21296 14:43:33.193409 read(4, "\r", 1)  = 1
21296 14:43:33.193420 select(6, [5], NULL, NULL, {60, 0}) = 1 (in [5], left {60, 0})
21296 14:43:33.193436 accept(5, {sa_family=AF_INET, sin_port=htons(47586), sin_addr=inet_addr("127.0.0.1")}, [16]) = 6
21296 14:43:33.193458 write(4, "\1", 1) = 1
21298 14:43:33.193468 <... read resumed> "\1", 1) = 1
21298 14:43:33.193476 recvmsg(5,  <unfinished ...>
21296 14:43:33.193485 sendmsg(4, {msg_name(0)=NULL, msg_iov(1)=[{"\0", 1}], msg_controllen=16, {cmsg_len=16, cmsg_level=SOL_SOCKET, cmsg_type=SCM_RIGHTS, {6}}, msg_flags=0}, 0) = 1
21298 14:43:33.193502 <... recvmsg resumed> {msg_name(0)=NULL, msg_iov(1)=[{"\0", 1}], msg_controllen=16, {cmsg_len=16, cmsg_level=SOL_SOCKET, cmsg_type=SCM_RIGHTS, {6}}, msg_flags=0}, 0) = 1
21298 14:43:33.193515 setsockopt(6, SOL_SOCKET, SO_KEEPALIVE, [1], 4) = 0
21298 14:43:33.193527 setsockopt(6, SOL_IP, IP_TOS, [8], 4) = 0
21298 14:43:33.193538 setsockopt(6, SOL_SOCKET, SO_LINGER, {onoff=1, linger=32767}, 8) = 0
21298 14:43:33.193549 rt_sigaction(SIGALRM, {0x805cad0, ~[RTMIN RT_1], 0}, NULL, 8) = 0
21298 14:43:33.193563 alarm(300)        = 300
21298 14:43:33.193576 write(0, "150 Opening BINARY mode data connection for myfile33 (17 bytes).\r\n", 66) = 66
21298 14:43:33.193618 _llseek(4, 0, [0], SEEK_CUR) = 0
21298 14:43:33.193630 fstat64(4, {st_mode=S_IFREG|0644, st_size=17, ...}) = 0
21298 14:43:33.193647 _llseek(4, 0, [0], SEEK_SET) = 0
21298 14:43:33.193657 sendfile(6, 4, NULL, 17) = 17
21298 14:43:33.193687 rt_sigaction(SIGALRM, {0x805cad0, ~[RTMIN RT_1], 0}, NULL, 8) = 0
21298 14:43:33.193702 alarm(300)        = 300
21298 14:43:33.193711 close(6)          = 0
21298 14:43:33.193720 alarm(0)          = 300
21298 14:43:33.193730 gettimeofday({1495651413, 193733}, NULL) = 0
21298 14:43:33.193763 gettimeofday({1495651413, 193768}, NULL) = 0
21298 14:43:33.193779 fcntl64(3, F_SETLKW64, {type=F_WRLCK, whence=SEEK_SET, start=0, len=0}, 0xbf85e214) = 0
21298 14:43:33.193803 write(3, "Wed May 24 14:43:33 2017 [pid 21298] [msfadmin] OK DOWNLOAD: Client \"127.0.0.1\", \"/home/msfadmin/myfile33\", 17 bytes, 28.09Kbyte/sec\n", 133) = 133
21298 14:43:33.193824 fcntl64(3, F_SETLK64, {type=F_UNLCK, whence=SEEK_SET, start=0, len=0}, 0xbf85e21c) = 0
21298 14:43:33.193838 write(0, "226 Transfer complete.\r\n", 24) = 24
21298 14:43:33.193854 write(5, "\n", 1) = 1
21298 14:43:33.193865 read(5,  <unfinished ...>
21296 14:43:33.193871 close(6)          = 0
21296 14:43:33.193953 read(4, "\n", 1)  = 1
21296 14:43:33.193967 close(5)          = 0
21296 14:43:33.193978 write(4, "\1", 1) = 1
21298 14:43:33.193988 <... read resumed> "\1", 1) = 1
21298 14:43:33.193995 close(4)          = 0
21298 14:43:33.194006 rt_sigaction(SIGALRM, {0x805cad0, ~[RTMIN RT_1], 0}, NULL, 8) = 0
21298 14:43:33.194019 alarm(300)        = 0
21298 14:43:33.194030 recv(0,  <unfinished ...>
21296 14:43:33.194038 read(4,  <unfinished ...>
21295 14:43:33.622521 <... recv resumed> "TYPE I\r\n", 4096, MSG_PEEK) = 8
21295 14:43:33.622553 read(0, "TYPE I\r\n", 8) = 8
21295 14:43:33.622576 write(0, "200 Switching to Binary mode.\r\n", 31) = 31
21295 14:43:33.622633 rt_sigaction(SIGALRM, {0x805cad0, ~[RTMIN RT_1], 0}, NULL, 8) = 0
21295 14:43:33.622651 alarm(300)        = 299
21295 14:43:33.622664 recv(0, "PASV\r\n", 4096, MSG_PEEK) = 6
21295 14:43:33.622675 read(0, "PASV\r\n", 6) = 6
21295 14:43:33.622687 write(5, "\n", 1 <unfinished ...>
21293 14:43:33.622699 <... read resumed> "\n", 1) = 1
21295 14:43:33.622704 <... write resumed> ) = 1
21293 14:43:33.622712 write(4, "\1", 1 <unfinished ...>
21295 14:43:33.622718 read(5,  <unfinished ...>
21293 14:43:33.622724 <... write resumed> ) = 1
21295 14:43:33.622728 <... read resumed> "\1", 1) = 1
21293 14:43:33.622736 read(4,  <unfinished ...>
21295 14:43:33.622740 write(5, "\f", 1 <unfinished ...>
21293 14:43:33.622747 <... read resumed> "\f", 1) = 1
21295 14:43:33.622752 <... write resumed> ) = 1
21293 14:43:33.622760 socket(PF_INET, SOCK_STREAM, IPPROTO_TCP <unfinished ...>
21295 14:43:33.622765 read(5,  <unfinished ...>
21293 14:43:33.622775 <... socket resumed> ) = 5
21293 14:43:33.622783 setsockopt(5, SOL_SOCKET, SO_REUSEADDR, [1], 4) = 0
21293 14:43:33.622797 bind(5, {sa_family=AF_INET, sin_port=htons(53239), sin_addr=inet_addr("127.0.0.1")}, 16) = 0
21293 14:43:33.622813 listen(5, 1)      = 0
21293 14:43:33.622827 write(4, "\367\317\0\0", 4 <unfinished ...>
21295 14:43:33.622835 <... read resumed> "\367\317\0\0", 4) = 4
21293 14:43:33.622840 <... write resumed> ) = 4
21295 14:43:33.622852 write(0, "227 Entering Passive Mode (127,0,0,1,207,247).\r\n", 48 <unfinished ...>
21293 14:43:33.622860 read(4,  <unfinished ...>
21295 14:43:33.622964 <... write resumed> ) = 48
21295 14:43:33.622976 rt_sigaction(SIGALRM, {0x805cad0, ~[RTMIN RT_1], 0}, NULL, 8) = 0
21295 14:43:33.622991 alarm(300)        = 300
21295 14:43:33.623002 recv(0, "STOR myfile24\r\n", 4096, MSG_PEEK) = 15
21295 14:43:33.623014 read(0, "STOR myfile24\r\n", 15) = 15
21295 14:43:33.623027 write(5, "\v", 1 <unfinished ...>
21293 14:43:33.623035 <... read resumed> "\v", 1) = 1
21295 14:43:33.623040 <... write resumed> ) = 1
21293 14:43:33.623047 write(4, "\1\0\0\0", 4 <unfinished ...>
21295 14:43:33.623053 read(5,  <unfinished ...>
21293 14:43:33.623059 <... write resumed> ) = 4
21295 14:43:33.623062 <... read resumed> "\1\0\0\0", 4) = 4
21293 14:43:33.623071 read(4,  <unfinished ...>
21295 14:43:33.623075 gettimeofday({1495651413, 623079}, NULL) = 0
21295 14:43:33.623086 getcwd("/home/msfadmin", 4096) = 15
21295 14:43:33.623100 open("myfile24", O_WRONLY|O_CREAT|O_NONBLOCK|O_LARGEFILE, 0666) = 4
21295 14:43:33.623114 fstat64(4, {st_mode=S_IFREG|0644, st_size=17, ...}) = 0
21295 14:43:33.623132 fcntl64(4, F_GETFL) = 0x8801 (flags O_WRONLY|O_NONBLOCK|O_LARGEFILE)
21295 14:43:33.623143 fcntl64(4, F_SETFL, O_WRONLY|O_LARGEFILE) = 0
21295 14:43:33.623152 fcntl64(4, F_SETLKW64, {type=F_WRLCK, whence=SEEK_SET, start=0, len=0}, 0xbf934324) = 0
21295 14:43:33.623166 ftruncate64(4, 0) = 0
21295 14:43:33.623184 _llseek(4, 0, [0], SEEK_SET) = 0
21295 14:43:33.623195 write(5, "\v", 1 <unfinished ...>
