25773 15:44:30.277501 connect(4, {sa_family=AF_FILE, path="/var/run/nscd/socket"}, 110) = -1 ENOENT (No such file or directory)
25773 15:44:30.277519 close(4)          = 0
25773 15:44:30.277544 open("/etc/group", O_RDONLY|0x80000 /* O_??? */) = 4
25773 15:44:30.277558 _llseek(4, 0, [0], SEEK_CUR) = 0
25773 15:44:30.277569 fstat64(4, {st_mode=S_IFREG|0644, st_size=886, ...}) = 0
25773 15:44:30.277586 mmap2(NULL, 886, PROT_READ, MAP_SHARED, 4, 0) = 0xb7f9f000
25773 15:44:30.277597 _llseek(4, 886, [886], SEEK_SET) = 0
25773 15:44:30.277621 fstat64(4, {st_mode=S_IFREG|0644, st_size=886, ...}) = 0
25773 15:44:30.277638 munmap(0xb7f9f000, 886) = 0
25773 15:44:30.277648 close(4)          = 0
25773 15:44:30.277658 setgroups32(13, [1000, 4, 20, 24, 25, 29, 30, 44, 46, 107, 111, 112, 119]) = 0
25773 15:44:30.277674 geteuid32()       = 0
25773 15:44:30.277685 getegid32()       = 0
25773 15:44:30.277696 setregid32(-1, 1000) = 0
25773 15:44:30.277706 setreuid32(-1, 1000) = 0
25773 15:44:30.277717 chdir("/home/msfadmin") = 0
25773 15:44:30.277729 setreuid32(-1, 0) = 0
25773 15:44:30.277738 setregid32(-1, 0) = 0
25773 15:44:30.277749 setgid32(1000)    = 0
25773 15:44:30.277758 setuid32(1000)    = 0
25773 15:44:30.277769 setrlimit(RLIMIT_NPROC, {rlim_cur=0, rlim_max=0}) = 0
25773 15:44:30.277782 mmap2(NULL, 12288, PROT_READ|PROT_WRITE, MAP_PRIVATE|MAP_ANONYMOUS, -1, 0) = 0xb7f9d000
25773 15:44:30.277793 mprotect(0xb7f9f000, 4096, PROT_NONE) = 0
25773 15:44:30.277805 mprotect(0xb7f9d000, 4096, PROT_NONE) = 0
25773 15:44:30.277816 getcwd("/home/msfadmin", 4096) = 15
25773 15:44:30.277829 umask(022)        = 077
25773 15:44:30.277839 getcwd("/home/msfadmin", 4096) = 15
25773 15:44:30.277853 open(".message", O_RDONLY|O_NONBLOCK|O_LARGEFILE) = -1 ENOENT (No such file or directory)
25773 15:44:30.277878 write(0, "230 Login successful.\r\n", 23) = 23
25773 15:44:30.277959 rt_sigaction(SIGALRM, {0x805cad0, ~[RTMIN RT_1], 0}, NULL, 8) = 0
25773 15:44:30.277976 alarm(300)        = 0
25773 15:44:30.278013 mmap2(NULL, 12288, PROT_READ|PROT_WRITE, MAP_PRIVATE|MAP_ANONYMOUS, -1, 0) = 0xb7f9a000
25773 15:44:30.278026 mprotect(0xb7f9c000, 4096, PROT_NONE) = 0
25773 15:44:30.278037 mprotect(0xb7f9a000, 4096, PROT_NONE) = 0
25773 15:44:30.278060 recv(0, "TYPE I\r\n", 4096, MSG_PEEK) = 8
25773 15:44:30.278073 read(0, "TYPE I\r\n", 8) = 8
25773 15:44:30.278091 write(0, "200 Switching to Binary mode.\r\n", 31) = 31
25773 15:44:30.278132 rt_sigaction(SIGALRM, {0x805cad0, ~[RTMIN RT_1], 0}, NULL, 8) = 0
25773 15:44:30.278147 alarm(300)        = 300
25773 15:44:30.278158 recv(0, "PASV\r\n", 4096, MSG_PEEK) = 6
25773 15:44:30.278170 read(0, "PASV\r\n", 6) = 6
25773 15:44:30.278182 write(5, "\n", 1) = 1
25773 15:44:30.278192 read(5,  <unfinished ...>
25771 15:44:30.278205 close(5)          = 0
25771 15:44:30.278227 getuid32()        = 0
25771 15:44:30.278243 open("/etc/passwd", O_RDONLY|0x80000 /* O_??? */) = 5
25771 15:44:30.278271 _llseek(5, 0, [0], SEEK_CUR) = 0
25771 15:44:30.278284 fstat64(5, {st_mode=S_IFREG|0644, st_size=1624, ...}) = 0
25771 15:44:30.278302 mmap2(NULL, 1624, PROT_READ, MAP_SHARED, 5, 0) = 0xb7f9f000
25771 15:44:30.278313 _llseek(5, 1624, [1624], SEEK_SET) = 0
25771 15:44:30.278330 munmap(0xb7f9f000, 1624) = 0
25771 15:44:30.278342 close(5)          = 0
25771 15:44:30.278357 setgroups32(0, []) = 0
25771 15:44:30.278369 chdir("/usr/share/empty") = 0
25771 15:44:30.278381 chroot(".")       = 0
25771 15:44:30.278392 capset(NULL, NULL) = -1 EFAULT (Bad address)
25771 15:44:30.278405 prctl(0x8, 0, 0xbf9403e8, 0x80549a6, 0xbf9403d0) = 0
25771 15:44:30.278416 prctl(0x8, 0x1, 0xbf9403e8, 0x8054a49, 0xbf9403d0) = 0
25771 15:44:30.278426 setgid32(65534)   = 0
25771 15:44:30.278436 setuid32(65534)   = 0
25771 15:44:30.278446 capset(0x19980330, 0, {CAP_NET_BIND_SERVICE, CAP_NET_BIND_SERVICE, 0}) = 0
25771 15:44:30.278458 read(4, "\n", 1)  = 1
25771 15:44:30.278472 write(4, "\1", 1) = 1
25773 15:44:30.278483 <... read resumed> "\1", 1) = 1
25773 15:44:30.278490 write(5, "\f", 1) = 1
25773 15:44:30.278500 read(5,  <unfinished ...>
25771 15:44:30.278507 read(4, "\f", 1)  = 1
25771 15:44:30.278520 socket(PF_INET, SOCK_STREAM, IPPROTO_TCP) = 5
25771 15:44:30.278533 setsockopt(5, SOL_SOCKET, SO_REUSEADDR, [1], 4) = 0
25771 15:44:30.278544 gettimeofday({1495655070, 278548}, NULL) = 0
25771 15:44:30.278561 bind(5, {sa_family=AF_INET, sin_port=htons(59441), sin_addr=inet_addr("127.0.0.1")}, 16) = 0
25771 15:44:30.278577 listen(5, 1)      = 0
25771 15:44:30.278589 write(4, "1\350\0\0", 4) = 4
25773 15:44:30.278600 <... read resumed> "1\350\0\0", 4) = 4
25773 15:44:30.278614 write(0, "227 Entering Passive Mode (127,0,0,1,232,49).\r\n", 47) = 47
25773 15:44:30.278709 rt_sigaction(SIGALRM, {0x805cad0, ~[RTMIN RT_1], 0}, NULL, 8) = 0
25773 15:44:30.278726 alarm(300)        = 300
25773 15:44:30.278737 recv(0, "STOR myfile4\r\n", 4096, MSG_PEEK) = 14
25773 15:44:30.278750 read(0, "STOR myfile4\r\n", 14) = 14
25773 15:44:30.278764 write(5, "\v", 1) = 1
25773 15:44:30.278775 read(5,  <unfinished ...>
25771 15:44:30.278783 read(4, "\v", 1)  = 1
25771 15:44:30.278794 write(4, "\1\0\0\0", 4) = 4
25773 15:44:30.278804 <... read resumed> "\1\0\0\0", 4) = 4
25773 15:44:30.278813 gettimeofday({1495655070, 278817}, NULL) = 0
25773 15:44:30.278824 getcwd("/home/msfadmin", 4096) = 15
25773 15:44:30.278836 open("myfile4", O_WRONLY|O_CREAT|O_NONBLOCK|O_LARGEFILE, 0666) = 4
25773 15:44:30.278850 fstat64(4, {st_mode=S_IFREG|0644, st_size=17, ...}) = 0
25773 15:44:30.278867 fcntl64(4, F_GETFL) = 0x8801 (flags O_WRONLY|O_NONBLOCK|O_LARGEFILE)
25773 15:44:30.278878 fcntl64(4, F_SETFL, O_WRONLY|O_LARGEFILE) = 0
25773 15:44:30.278888 fcntl64(4, F_SETLKW64, {type=F_WRLCK, whence=SEEK_SET, start=0, len=0}, 0xbf940334) = 0
25773 15:44:30.278903 ftruncate64(4, 0) = 0
25773 15:44:30.278921 _llseek(4, 0, [0], SEEK_SET) = 0
25773 15:44:30.278936 write(5, "\v", 1) = 1
25773 15:44:30.278947 read(5,  <unfinished ...>
25771 15:44:30.279005 read(4, "\v", 1)  = 1
25771 15:44:30.279018 write(4, "\1\0\0\0", 4) = 4
25773 15:44:30.279029 <... read resumed> "\1\0\0\0", 4) = 4
25773 15:44:30.279036 write(5, "\v", 1) = 1
25773 15:44:30.279046 read(5,  <unfinished ...>
25771 15:44:30.279053 read(4, "\v", 1)  = 1
25771 15:44:30.279064 write(4, "\1\0\0\0", 4) = 4
25773 15:44:30.279074 <... read resumed> "\1\0\0\0", 4) = 4
25773 15:44:30.279082 write(5, "\r", 1) = 1
25773 15:44:30.279092 read(5,  <unfinished ...>
25771 15:44:30.279098 read(4, "\r", 1)  = 1
25771 15:44:30.279111 select(6, [5], NULL, NULL, {60, 0}) = 1 (in [5], left {60, 0})
25771 15:44:30.279129 accept(5, {sa_family=AF_INET, sin_port=htons(47398), sin_addr=inet_addr("127.0.0.1")}, [16]) = 6
25771 15:44:30.279151 write(4, "\1", 1) = 1
25773 15:44:30.279161 <... read resumed> "\1", 1) = 1
25773 15:44:30.279171 recvmsg(5,  <unfinished ...>
25771 15:44:30.279180 sendmsg(4, {msg_name(0)=NULL, msg_iov(1)=[{"\0", 1}], msg_controllen=16, {cmsg_len=16, cmsg_level=SOL_SOCKET, cmsg_type=SCM_RIGHTS, {6}}, msg_flags=0}, 0) = 1
25773 15:44:30.279198 <... recvmsg resumed> {msg_name(0)=NULL, msg_iov(1)=[{"\0", 1}], msg_controllen=16, {cmsg_len=16, cmsg_level=SOL_SOCKET, cmsg_type=SCM_RIGHTS, {6}}, msg_flags=0}, 0) = 1
25773 15:44:30.279211 setsockopt(6, SOL_SOCKET, SO_KEEPALIVE, [1], 4) = 0
25773 15:44:30.279223 setsockopt(6, SOL_IP, IP_TOS, [8], 4) = 0
25773 15:44:30.279235 setsockopt(6, SOL_SOCKET, SO_LINGER, {onoff=1, linger=32767}, 8) = 0
25773 15:44:30.279247 rt_sigaction(SIGALRM, {0x805cad0, ~[RTMIN RT_1], 0}, NULL, 8) = 0
25773 15:44:30.279260 alarm(300)        = 300
25773 15:44:30.279273 write(0, "150 Ok to send data.\r\n", 22) = 22
25773 15:44:30.279336 mmap2(NULL, 77824, PROT_READ|PROT_WRITE, MAP_PRIVATE|MAP_ANONYMOUS, -1, 0) = 0xb7dd4000
25773 15:44:30.279350 mprotect(0xb7de6000, 4096, PROT_NONE) = 0
25773 15:44:30.279361 mprotect(0xb7dd4000, 4096, PROT_NONE) = 0
25773 15:44:30.279371 read(6, "assasaaa\na\na\na\na\n", 65536) = 17
25773 15:44:30.279385 write(4, "assasaaa\na\na\na\na\n", 17) = 17
25773 15:44:30.279401 read(6, "", 65536) = 0
25773 15:44:30.279411 rt_sigaction(SIGALRM, {0x805cad0, ~[RTMIN RT_1], 0}, NULL, 8) = 0
25773 15:44:30.279425 alarm(300)        = 300
25773 15:44:30.279435 close(6)          = 0
25773 15:44:30.279444 alarm(0)          = 300
25773 15:44:30.279453 gettimeofday({1495655070, 279457}, NULL) = 0
25773 15:44:30.279470 getpid()          = 25773
25773 15:44:30.279482 gettimeofday({1495655070, 279486}, NULL) = 0
25773 15:44:30.279500 fcntl64(3, F_SETLKW64, {type=F_WRLCK, whence=SEEK_SET, start=0, len=0}, 0xbf9402d4) = 0
25773 15:44:30.279515 write(3, "Wed May 24 15:44:30 2017 [pid 25773] [msfadmin] OK UPLOAD: Client \"127.0.0.1\", \"/home/msfadmin/myfile4\", 17 bytes, 24.82Kbyte/sec\n", 130) = 130
25773 15:44:30.279535 fcntl64(3, F_SETLK64, {type=F_UNLCK, whence=SEEK_SET, start=0, len=0}, 0xbf9402dc) = 0
25773 15:44:30.279549 write(0, "226 Transfer complete.\r\n", 24) = 24
25773 15:44:30.279588 write(5, "\n", 1) = 1
25773 15:44:30.279600 read(5,  <unfinished ...>
25771 15:44:30.279607 close(6)          = 0
25771 15:44:30.279625 read(4, "\n", 1)  = 1
25771 15:44:30.279637 close(5)          = 0
25771 15:44:30.279647 write(4, "\1", 1) = 1
25773 15:44:30.279658 <... read resumed> "\1", 1) = 1
25773 15:44:30.279665 close(4)          = 0
25773 15:44:30.279676 rt_sigaction(SIGALRM, {0x805cad0, ~[RTMIN RT_1], 0}, NULL, 8) = 0
25773 15:44:30.279689 alarm(300)        = 0
25773 15:44:30.279700 recv(0,  <unfinished ...>
25771 15:44:30.279708 read(4,  <unfinished ...>
25773 15:44:30.826898 <... recv resumed> "TYPE I\r\n", 4096, MSG_PEEK) = 8
25773 15:44:30.826937 read(0, "TYPE I\r\n", 8) = 8
25773 15:44:30.826967 write(0, "200 Switching to Binary mode.\r\n", 31) = 31
25773 15:44:30.827032 rt_sigaction(SIGALRM, {0x805cad0, ~[RTMIN RT_1], 0}, NULL, 8) = 0
25773 15:44:30.827065 alarm(300)        = 299
25773 15:44:30.827083 recv(0, "PASV\r\n", 4096, MSG_PEEK) = 6
25773 15:44:30.827099 read(0, "PASV\r\n", 6) = 6
25773 15:44:30.827126 write(5, "\n", 1) = 1
25773 15:44:30.827838 read(5,  <unfinished ...>
25771 15:44:30.827856 <... read resumed> "\n", 1) = 1
25771 15:44:30.827870 write(4, "\1", 1) = 1
25773 15:44:30.827886 <... read resumed> "\1", 1) = 1
25773 15:44:30.827896 write(5, "\f", 1) = 1
25773 15:44:30.827911 read(5,  <unfinished ...>
25771 15:44:30.827920 read(4, "\f", 1)  = 1
25771 15:44:30.827967 socket(PF_INET, SOCK_STREAM, IPPROTO_TCP) = 5
25771 15:44:30.827993 setsockopt(5, SOL_SOCKET, SO_REUSEADDR, [1], 4) = 0
25771 15:44:30.828013 bind(5, {sa_family=AF_INET, sin_port=htons(24528), sin_addr=inet_addr("127.0.0.1")}, 16) = 0
25771 15:44:30.828035 listen(5, 1)      = 0
25771 15:44:30.828054 write(4, "\320_\0\0", 4) = 4
25773 15:44:30.828069 <... read resumed> "\320_\0\0", 4) = 4
25773 15:44:30.828086 write(0, "227 Entering Passive Mode (127,0,0,1,95,208).\r\n", 47) = 47
25773 15:44:30.828268 rt_sigaction(SIGALRM, {0x805cad0, ~[RTMIN RT_1], 0}, NULL, 8) = 0
25773 15:44:30.828286 alarm(300)        = 300
25773 15:44:30.828299 recv(0, "STOR myfile5\r\n", 4096, MSG_PEEK) = 14
25773 15:44:30.828312 read(0, "STOR myfile5\r\n", 14) = 14
25773 15:44:30.828327 write(5, "\v", 1) = 1
25773 15:44:30.828338 read(5,  <unfinished ...>
25771 15:44:30.828346 read(4, "\v", 1)  = 1
25771 15:44:30.828357 write(4, "\1\0\0\0", 4) = 4
25773 15:44:30.828368 <... read resumed> "\1\0\0\0", 4) = 4
25773 15:44:30.828377 gettimeofday({1495655070, 828381}, NULL) = 0
25773 15:44:30.828388 getcwd("/home/msfadmin", 4096) = 15
25773 15:44:30.828402 open("myfile5", O_WRONLY|O_CREAT|O_NONBLOCK|O_LARGEFILE, 0666) = 4
25773 15:44:30.828417 fstat64(4, {st_mode=S_IFREG|0644, st_size=17, ...}) = 0
25773 15:44:30.828435 fcntl64(4, F_GETFL) = 0x8801 (flags O_WRONLY|O_NONBLOCK|O_LARGEFILE)
25773 15:44:30.828447 fcntl64(4, F_SETFL, O_WRONLY|O_LARGEFILE) = 0
25773 15:44:30.828457 fcntl64(4, F_SETLKW64, {type=F_WRLCK, whence=SEEK_SET, start=0, len=0}, 0xbf940334) = 0
25773 15:44:30.828472 ftruncate64(4, 0) = 0
25773 15:44:30.828493 _llseek(4, 0, [0], SEEK_SET) = 0
25773 15:44:30.828504 write(5, "\v", 1) = 1
25773 15:44:30.828515 read(5,  <unfinished ...>
25771 15:44:30.828523 read(4, "\v", 1)  = 1
25771 15:44:30.828534 write(4, "\1\0\0\0", 4) = 4
25773 15:44:30.828545 <... read resumed> "\1\0\0\0", 4) = 4
25773 15:44:30.828553 write(5, "\v", 1) = 1
25773 15:44:30.828563 read(5,  <unfinished ...>
25771 15:44:30.828570 read(4, "\v", 1)  = 1
25771 15:44:30.828581 write(4, "\1\0\0\0", 4) = 4
25773 15:44:30.828592 <... read resumed> "\1\0\0\0", 4) = 4
25773 15:44:30.828600 write(5, "\r", 1) = 1
25773 15:44:30.828610 read(5,  <unfinished ...>
25771 15:44:30.828625 read(4, "\r", 1)  = 1
25771 15:44:30.828641 select(6, [5], NULL, NULL, {60, 0}) = 1 (in [5], left {60, 0})
25771 15:44:30.828658 accept(5, {sa_family=AF_INET, sin_port=htons(57684), sin_addr=inet_addr("127.0.0.1")}, [16]) = 6
25771 15:44:30.828681 write(4, "\1", 1) = 1
25773 15:44:30.828692 <... read resumed> "\1", 1) = 1
25773 15:44:30.828701 recvmsg(5,  <unfinished ...>
25771 15:44:30.828709 sendmsg(4, {msg_name(0)=NULL, msg_iov(1)=[{"\0", 1}], msg_controllen=16, {cmsg_len=16, cmsg_level=SOL_SOCKET, cmsg_type=SCM_RIGHTS, {6}}, msg_flags=0}, 0) = 1
25773 15:44:30.828728 <... recvmsg resumed> {msg_name(0)=NULL, msg_iov(1)=[{"\0", 1}], msg_controllen=16, {cmsg_len=16, cmsg_level=SOL_SOCKET, cmsg_type=SCM_RIGHTS, {6}}, msg_flags=0}, 0) = 1
25773 15:44:30.828741 setsockopt(6, SOL_SOCKET, SO_KEEPALIVE, [1], 4) = 0
25773 15:44:30.828754 setsockopt(6, SOL_IP, IP_TOS, [8], 4) = 0
25773 15:44:30.828767 setsockopt(6, SOL_SOCKET, SO_LINGER, {onoff=1, linger=32767}, 8) = 0
25773 15:44:30.828778 rt_sigaction(SIGALRM, {0x805cad0, ~[RTMIN RT_1], 0}, NULL, 8) = 0
25773 15:44:30.828792 alarm(300)        = 300
25773 15:44:30.828805 write(0, "150 Ok to send data.\r\n", 22) = 22
25773 15:44:30.828876 read(6, "assasaaa\na\na\na\na\n", 65536) = 17
25773 15:44:30.828890 write(4, "assasaaa\na\na\na\na\n", 17) = 17
25773 15:44:30.828908 read(6, "", 65536) = 0
25773 15:44:30.828919 rt_sigaction(SIGALRM, {0x805cad0, ~[RTMIN RT_1], 0}, NULL, 8) = 0
25773 15:44:30.828937 alarm(300)        = 300
25773 15:44:30.828947 close(6)          = 0
25773 15:44:30.828957 alarm(0)          = 300
25773 15:44:30.828967 gettimeofday({1495655070, 828970}, NULL) = 0
25773 15:44:30.828982 gettimeofday({1495655070, 828986}, NULL) = 0
25773 15:44:30.828997 fcntl64(3, F_SETLKW64, {type=F_WRLCK, whence=SEEK_SET, start=0, len=0}, 0xbf9402d4) = 0
25773 15:44:30.829013 write(3, "Wed May 24 15:44:30 2017 [pid 25773] [msfadmin] OK UPLOAD: Client \"127.0.0.1\", \"/home/msfadmin/myfile5\", 17 bytes, 27.44Kbyte/sec\n", 130) = 130
25773 15:44:30.829034 fcntl64(3, F_SETLK64, {type=F_UNLCK, whence=SEEK_SET, start=0, len=0}, 0xbf9402dc) = 0
25773 15:44:30.829049 write(0, "226 Transfer complete.\r\n", 24) = 24
25773 15:44:30.829095 write(5, "\n", 1) = 1
25773 15:44:30.829107 read(5,  <unfinished ...>
25771 15:44:30.829122 close(6)          = 0
25771 15:44:30.829144 read(4, "\n", 1)  = 1
25771 15:44:30.829156 close(5)          = 0
25771 15:44:30.829167 write(4, "\1", 1) = 1
25773 15:44:30.829178 <... read resumed> "\1", 1) = 1
25773 15:44:30.829186 close(4)          = 0
25773 15:44:30.829197 rt_sigaction(SIGALRM, {0x805cad0, ~[RTMIN RT_1], 0}, NULL, 8) = 0
25773 15:44:30.829211 alarm(300)        = 0
25773 15:44:30.829222 recv(0,  <unfinished ...>
25771 15:44:30.829230 read(4,  <unfinished ...>
25773 15:44:31.368062 <... recv resumed> "TYPE I\r\n", 4096, MSG_PEEK) = 8
25773 15:44:31.368158 read(0, "TYPE I\r\n", 8) = 8
25773 15:44:31.368242 write(0, "200 Switching to Binary mode.\r\n", 31) = 31
25773 15:44:31.368329 rt_sigaction(SIGALRM, {0x805cad0, ~[RTMIN RT_1], 0}, NULL, 8) = 0
25773 15:44:31.368360 alarm(300)        = 299
25773 15:44:31.368385 recv(0, "PASV\r\n", 4096, MSG_PEEK) = 6
25773 15:44:31.368398 read(0, "PASV\r\n", 6) = 6
25773 15:44:31.368410 write(5, "\n", 1) = 1
25773 15:44:31.368423 read(5,  <unfinished ...>
25771 15:44:31.368432 <... read resumed> "\n", 1) = 1
25771 15:44:31.368441 write(4, "\1", 1) = 1
25773 15:44:31.368452 <... read resumed> "\1", 1) = 1
25773 15:44:31.368459 write(5, "\f", 1) = 1
25773 15:44:31.368469 read(5,  <unfinished ...>
25771 15:44:31.368476 read(4, "\f", 1)  = 1
25771 15:44:31.368488 socket(PF_INET, SOCK_STREAM, IPPROTO_TCP) = 5
25771 15:44:31.368504 setsockopt(5, SOL_SOCKET, SO_REUSEADDR, [1], 4) = 0
25771 15:44:31.368518 bind(5, {sa_family=AF_INET, sin_port=htons(53922), sin_addr=inet_addr("127.0.0.1")}, 16) = 0
25771 15:44:31.368535 listen(5, 1)      = 0
25771 15:44:31.368549 write(4, "\242\322\0\0", 4) = 4
25773 15:44:31.368560 <... read resumed> "\242\322\0\0", 4) = 4
25773 15:44:31.368573 write(0, "227 Entering Passive Mode (127,0,0,1,210,162).\r\n", 48) = 48
25773 15:44:31.368686 rt_sigaction(SIGALRM, {0x805cad0, ~[RTMIN RT_1], 0}, NULL, 8) = 0
25773 15:44:31.368703 alarm(300)        = 300
25773 15:44:31.368715 recv(0, "STOR myfile6\r\n", 4096, MSG_PEEK) = 14
25773 15:44:31.368727 read(0, "STOR myfile6\r\n", 14) = 14
25773 15:44:31.368741 write(5, "\v", 1) = 1
25773 15:44:31.368752 read(5,  <unfinished ...>
25771 15:44:31.368759 read(4, "\v", 1)  = 1
25771 15:44:31.368770 write(4, "\1\0\0\0", 4) = 4
25773 15:44:31.368781 <... read resumed> "\1\0\0\0", 4) = 4
25773 15:44:31.368789 gettimeofday({1495655071, 368793}, NULL) = 0
25773 15:44:31.368800 getcwd("/home/msfadmin", 4096) = 15
25773 15:44:31.368813 open("myfile6", O_WRONLY|O_CREAT|O_NONBLOCK|O_LARGEFILE, 0666) = 4
25773 15:44:31.368827 fstat64(4, {st_mode=S_IFREG|0644, st_size=17, ...}) = 0
25773 15:44:31.368845 fcntl64(4, F_GETFL) = 0x8801 (flags O_WRONLY|O_NONBLOCK|O_LARGEFILE)
25773 15:44:31.368856 fcntl64(4, F_SETFL, O_WRONLY|O_LARGEFILE) = 0
25773 15:44:31.368866 fcntl64(4, F_SETLKW64, {type=F_WRLCK, whence=SEEK_SET, start=0, len=0}, 0xbf940334) = 0
25773 15:44:31.368926 ftruncate64(4, 0) = 0
25773 15:44:31.368950 _llseek(4, 0, [0], SEEK_SET) = 0
25773 15:44:31.368976 write(5, "\v", 1) = 1
25773 15:44:31.368986 read(5,  <unfinished ...>
25771 15:44:31.368994 read(4, "\v", 1)  = 1
25771 15:44:31.369005 write(4, "\1\0\0\0", 4) = 4
25773 15:44:31.369016 <... read resumed> "\1\0\0\0", 4) = 4
25773 15:44:31.369029 write(5, "\v", 1) = 1
25773 15:44:31.369040 read(5,  <unfinished ...>
25771 15:44:31.369047 read(4, "\v", 1)  = 1
25771 15:44:31.369057 write(4, "\1\0\0\0", 4) = 4
25773 15:44:31.369068 <... read resumed> "\1\0\0\0", 4) = 4
25773 15:44:31.369075 write(5, "\r", 1) = 1
25773 15:44:31.369085 read(5,  <unfinished ...>
25771 15:44:31.369092 read(4, "\r", 1)  = 1
25771 15:44:31.369103 select(6, [5], NULL, NULL, {60, 0}) = 1 (in [5], left {60, 0})
25771 15:44:31.369120 accept(5, {sa_family=AF_INET, sin_port=htons(46999), sin_addr=inet_addr("127.0.0.1")}, [16]) = 6
25771 15:44:31.369143 write(4, "\1", 1) = 1
25773 15:44:31.369153 <... read resumed> "\1", 1) = 1
25773 15:44:31.369162 recvmsg(5,  <unfinished ...>
25771 15:44:31.369171 sendmsg(4, {msg_name(0)=NULL, msg_iov(1)=[{"\0", 1}], msg_controllen=16, {cmsg_len=16, cmsg_level=SOL_SOCKET, cmsg_type=SCM_RIGHTS, {6}}, msg_flags=0}, 0) = 1
25773 15:44:31.369188 <... recvmsg resumed> {msg_name(0)=NULL, msg_iov(1)=[{"\0", 1}], msg_controllen=16, {cmsg_len=16, cmsg_level=SOL_SOCKET, cmsg_type=SCM_RIGHTS, {6}}, msg_flags=0}, 0) = 1
25773 15:44:31.369202 setsockopt(6, SOL_SOCKET, SO_KEEPALIVE, [1], 4) = 0
25773 15:44:31.369214 setsockopt(6, SOL_IP, IP_TOS, [8], 4) = 0
25773 15:44:31.369226 setsockopt(6, SOL_SOCKET, SO_LINGER, {onoff=1, linger=32767}, 8) = 0
25773 15:44:31.369238 rt_sigaction(SIGALRM, {0x805cad0, ~[RTMIN RT_1], 0}, NULL, 8) = 0
25773 15:44:31.369251 alarm(300)        = 300
25773 15:44:31.369264 write(0, "150 Ok to send data.\r\n", 22) = 22
25773 15:44:31.369330 read(6, "assasaaa\na\na\na\na\n", 65536) = 17
25773 15:44:31.369345 write(4, "assasaaa\na\na\na\na\n", 17) = 17
25773 15:44:31.369361 read(6, "", 65536) = 0
25773 15:44:31.369371 rt_sigaction(SIGALRM, {0x805cad0, ~[RTMIN RT_1], 0}, NULL, 8) = 0
25773 15:44:31.369385 alarm(300)        = 300
25773 15:44:31.369395 close(6)          = 0
25773 15:44:31.369404 alarm(0)          = 300
25773 15:44:31.369413 gettimeofday({1495655071, 369417}, NULL) = 0
25773 15:44:31.369428 gettimeofday({1495655071, 369432}, NULL) = 0
25773 15:44:31.369443 fcntl64(3, F_SETLKW64, {type=F_WRLCK, whence=SEEK_SET, start=0, len=0}, 0xbf9402d4) = 0
25773 15:44:31.369457 write(3, "Wed May 24 15:44:31 2017 [pid 25773] [msfadmin] OK UPLOAD: Client \"127.0.0.1\", \"/home/msfadmin/myfile6\", 17 bytes, 25.98Kbyte/sec\n", 130) = 130
25773 15:44:31.369478 fcntl64(3, F_SETLK64, {type=F_UNLCK, whence=SEEK_SET, start=0, len=0}, 0xbf9402dc) = 0
25773 15:44:31.369493 write(0, "226 Transfer complete.\r\n", 24) = 24
25773 15:44:31.369536 write(5, "\n", 1) = 1
25773 15:44:31.369548 read(5,  <unfinished ...>
25771 15:44:31.369555 close(6)          = 0
25771 15:44:31.369573 read(4, "\n", 1)  = 1
25771 15:44:31.369585 close(5)          = 0
25771 15:44:31.369595 write(4, "\1", 1) = 1
25773 15:44:31.369606 <... read resumed> "\1", 1) = 1
25773 15:44:31.369614 close(4)          = 0
25773 15:44:31.369624 rt_sigaction(SIGALRM, {0x805cad0, ~[RTMIN RT_1], 0}, NULL, 8) = 0
25773 15:44:31.369637 alarm(300)        = 0
25773 15:44:31.369648 recv(0,  <unfinished ...>
25771 15:44:31.369656 read(4,  <unfinished ...>
25773 15:44:31.906929 <... recv resumed> "TYPE I\r\n", 4096, MSG_PEEK) = 8
25773 15:44:31.906959 read(0, "TYPE I\r\n", 8) = 8
25773 15:44:31.906981 write(0, "200 Switching to Binary mode.\r\n", 31) = 31
25773 15:44:31.907030 rt_sigaction(SIGALRM, {0x805cad0, ~[RTMIN RT_1], 0}, NULL, 8) = 0
25773 15:44:31.907047 alarm(300)        = 299
25773 15:44:31.907060 recv(0, "PASV\r\n", 4096, MSG_PEEK) = 6
25773 15:44:31.907072 read(0, "PASV\r\n", 6) = 6
25773 15:44:31.907084 write(5, "\n", 1) = 1
25773 15:44:31.907097 read(5,  <unfinished ...>
25771 15:44:31.907106 <... read resumed> "\n", 1) = 1
25771 15:44:31.907115 write(4, "\1", 1) = 1
25773 15:44:31.907126 <... read resumed> "\1", 1) = 1
25773 15:44:31.907134 write(5, "\f", 1) = 1
25773 15:44:31.907144 read(5,  <unfinished ...>
25771 15:44:31.907151 read(4, "\f", 1)  = 1
25771 15:44:31.907163 socket(PF_INET, SOCK_STREAM, IPPROTO_TCP) = 5
25771 15:44:31.907178 setsockopt(5, SOL_SOCKET, SO_REUSEADDR, [1], 4) = 0
25771 15:44:31.907203 bind(5, {sa_family=AF_INET, sin_port=htons(6158), sin_addr=inet_addr("127.0.0.1")}, 16) = 0
25771 15:44:31.907221 listen(5, 1)      = 0
25771 15:44:31.907234 write(4, "\16\30\0\0", 4) = 4
25773 15:44:31.907246 <... read resumed> "\16\30\0\0", 4) = 4
25773 15:44:31.907258 write(0, "227 Entering Passive Mode (127,0,0,1,24,14).\r\n", 46) = 46
25773 15:44:31.907368 rt_sigaction(SIGALRM, {0x805cad0, ~[RTMIN RT_1], 0}, NULL, 8) = 0
25773 15:44:31.907385 alarm(300)        = 300
25773 15:44:31.907396 recv(0, "STOR myfile7\r\n", 4096, MSG_PEEK) = 14
25773 15:44:31.907409 read(0, "STOR myfile7\r\n", 14) = 14
25773 15:44:31.907423 write(5, "\v", 1) = 1
25773 15:44:31.907433 read(5,  <unfinished ...>
25771 15:44:31.907440 read(4, "\v", 1)  = 1
25771 15:44:31.907452 write(4, "\1\0\0\0", 4) = 4
25773 15:44:31.907462 <... read resumed> "\1\0\0\0", 4) = 4
25773 15:44:31.907470 gettimeofday({1495655071, 907474}, NULL) = 0
25773 15:44:31.907481 getcwd("/home/msfadmin", 4096) = 15
25773 15:44:31.907494 open("myfile7", O_WRONLY|O_CREAT|O_NONBLOCK|O_LARGEFILE, 0666) = 4
25773 15:44:31.907508 fstat64(4, {st_mode=S_IFREG|0644, st_size=17, ...}) = 0
25773 15:44:31.907526 fcntl64(4, F_GETFL) = 0x8801 (flags O_WRONLY|O_NONBLOCK|O_LARGEFILE)
25773 15:44:31.907538 fcntl64(4, F_SETFL, O_WRONLY|O_LARGEFILE) = 0
25773 15:44:31.907548 fcntl64(4, F_SETLKW64, {type=F_WRLCK, whence=SEEK_SET, start=0, len=0}, 0xbf940334) = 0
25773 15:44:31.907562 ftruncate64(4, 0) = 0
25773 15:44:31.907580 _llseek(4, 0, [0], SEEK_SET) = 0
25773 15:44:31.907591 write(5, "\v", 1) = 1
25773 15:44:31.907602 read(5,  <unfinished ...>
25771 15:44:31.907744 read(4, "\v", 1)  = 1
25771 15:44:31.907758 write(4, "\1\0\0\0", 4) = 4
25773 15:44:31.907779 <... read resumed> "\1\0\0\0", 4) = 4
25773 15:44:31.907787 write(5, "\v", 1) = 1
25773 15:44:31.907797 read(5,  <unfinished ...>
25771 15:44:31.907803 read(4, "\v", 1)  = 1
25771 15:44:31.907814 write(4, "\1\0\0\0", 4) = 4
25773 15:44:31.907824 <... read resumed> "\1\0\0\0", 4) = 4
25773 15:44:31.907831 write(5, "\r", 1) = 1
25773 15:44:31.907841 read(5,  <unfinished ...>
25771 15:44:31.907848 read(4, "\r", 1)  = 1
25771 15:44:31.907860 select(6, [5], NULL, NULL, {60, 0}) = 1 (in [5], left {60, 0})
25771 15:44:31.907877 accept(5, {sa_family=AF_INET, sin_port=htons(46234), sin_addr=inet_addr("127.0.0.1")}, [16]) = 6
25771 15:44:31.907899 write(4, "\1", 1) = 1
25773 15:44:31.907909 <... read resumed> "\1", 1) = 1
25773 15:44:31.907918 recvmsg(5,  <unfinished ...>
25771 15:44:31.907926 sendmsg(4, {msg_name(0)=NULL, msg_iov(1)=[{"\0", 1}], msg_controllen=16, {cmsg_len=16, cmsg_level=SOL_SOCKET, cmsg_type=SCM_RIGHTS, {6}}, msg_flags=0}, 0) = 1
25773 15:44:31.907943 <... recvmsg resumed> {msg_name(0)=NULL, msg_iov(1)=[{"\0", 1}], msg_controllen=16, {cmsg_len=16, cmsg_level=SOL_SOCKET, cmsg_type=SCM_RIGHTS, {6}}, msg_flags=0}, 0) = 1
25773 15:44:31.907957 setsockopt(6, SOL_SOCKET, SO_KEEPALIVE, [1], 4) = 0
25773 15:44:31.907969 setsockopt(6, SOL_IP, IP_TOS, [8], 4) = 0
25773 15:44:31.907981 setsockopt(6, SOL_SOCKET, SO_LINGER, {onoff=1, linger=32767}, 8) = 0
25773 15:44:31.907992 rt_sigaction(SIGALRM, {0x805cad0, ~[RTMIN RT_1], 0}, NULL, 8) = 0
25773 15:44:31.908006 alarm(300)        = 300
25773 15:44:31.908018 write(0, "150 Ok to send data.\r\n", 22) = 22
25773 15:44:31.908082 read(6, "assasaaa\na\na\na\na\n", 65536) = 17
25773 15:44:31.908097 write(4, "assasaaa\na\na\na\na\n", 17) = 17
25773 15:44:31.908113 read(6, "", 65536) = 0
25773 15:44:31.908124 rt_sigaction(SIGALRM, {0x805cad0, ~[RTMIN RT_1], 0}, NULL, 8) = 0
25773 15:44:31.908137 alarm(300)        = 300
25773 15:44:31.908147 close(6)          = 0
25773 15:44:31.908156 alarm(0)          = 300
25773 15:44:31.908166 gettimeofday({1495655071, 908170}, NULL) = 0
25773 15:44:31.908181 gettimeofday({1495655071, 908185}, NULL) = 0
25773 15:44:31.908196 fcntl64(3, F_SETLKW64, {type=F_WRLCK, whence=SEEK_SET, start=0, len=0}, 0xbf9402d4) = 0
25773 15:44:31.908210 write(3, "Wed May 24 15:44:31 2017 [pid 25773] [msfadmin] OK UPLOAD: Client \"127.0.0.1\", \"/home/msfadmin/myfile7\", 17 bytes, 23.35Kbyte/sec\n", 130) = 130
25773 15:44:31.908235 fcntl64(3, F_SETLK64, {type=F_UNLCK, whence=SEEK_SET, start=0, len=0}, 0xbf9402dc) = 0
25773 15:44:31.908250 write(0, "226 Transfer complete.\r\n", 24) = 24
25773 15:44:31.908292 write(5, "\n", 1) = 1
25773 15:44:31.908304 read(5,  <unfinished ...>
25771 15:44:31.908311 close(6)          = 0
25771 15:44:31.908329 read(4, "\n", 1)  = 1
25771 15:44:31.908341 close(5)          = 0
25771 15:44:31.908352 write(4, "\1", 1) = 1
25773 15:44:31.908363 <... read resumed> "\1", 1) = 1
25773 15:44:31.908370 close(4)          = 0
25773 15:44:31.908381 rt_sigaction(SIGALRM, {0x805cad0, ~[RTMIN RT_1], 0}, NULL, 8) = 0
25773 15:44:31.908394 alarm(300)        = 0
25773 15:44:31.908405 recv(0,  <unfinished ...>
25771 15:44:31.908413 read(4,  <unfinished ...>
