18725 14:16:43.837731 open("/etc/passwd", O_RDONLY|0x80000 /* O_??? */) = 5
18725 14:16:43.837746 _llseek(5, 0, [0], SEEK_CUR) = 0
18725 14:16:43.837757 fstat64(5, {st_mode=S_IFREG|0644, st_size=1624, ...}) = 0
18725 14:16:43.837773 mmap2(NULL, 1624, PROT_READ, MAP_SHARED, 5, 0) = 0xb7f21000
18725 14:16:43.837784 _llseek(5, 1624, [1624], SEEK_SET) = 0
18725 14:16:43.837803 munmap(0xb7f21000, 1624) = 0
18725 14:16:43.837813 close(5)          = 0
18725 14:16:43.837837 open("/etc/shadow", O_RDONLY|0x80000 /* O_??? */) = 5
18725 14:16:43.837854 _llseek(5, 0, [0], SEEK_CUR) = 0
18725 14:16:43.837864 fstat64(5, {st_mode=S_IFREG|0640, st_size=1233, ...}) = 0
18725 14:16:43.837880 mmap2(NULL, 1233, PROT_READ, MAP_SHARED, 5, 0) = 0xb7f21000
18725 14:16:43.837891 _llseek(5, 1233, [1233], SEEK_SET) = 0
18725 14:16:43.837911 munmap(0xb7f21000, 1233) = 0
18725 14:16:43.837920 close(5)          = 0
18725 14:16:43.837938 open("/etc/passwd", O_RDONLY|0x80000 /* O_??? */) = 5
18725 14:16:43.837951 _llseek(5, 0, [0], SEEK_CUR) = 0
18725 14:16:43.837961 fstat64(5, {st_mode=S_IFREG|0644, st_size=1624, ...}) = 0
18725 14:16:43.837977 mmap2(NULL, 1624, PROT_READ, MAP_SHARED, 5, 0) = 0xb7f21000
18725 14:16:43.837988 _llseek(5, 1624, [1624], SEEK_SET) = 0
18725 14:16:43.838003 munmap(0xb7f21000, 1624) = 0
18725 14:16:43.838013 close(5)          = 0
18725 14:16:43.838025 open("/etc/shadow", O_RDONLY|0x80000 /* O_??? */) = 5
18725 14:16:43.838042 _llseek(5, 0, [0], SEEK_CUR) = 0
18725 14:16:43.838073 fstat64(5, {st_mode=S_IFREG|0640, st_size=1233, ...}) = 0
18725 14:16:43.838099 mmap2(NULL, 1233, PROT_READ, MAP_SHARED, 5, 0) = 0xb7f21000
18725 14:16:43.838110 _llseek(5, 1233, [1233], SEEK_SET) = 0
18725 14:16:43.838126 munmap(0xb7f21000, 1233) = 0
18725 14:16:43.838136 close(5)          = 0
18725 14:16:43.838369 getuid32()        = 0
18725 14:16:43.838380 open("/etc/passwd", O_RDONLY|0x80000 /* O_??? */) = 5
18725 14:16:43.838393 _llseek(5, 0, [0], SEEK_CUR) = 0
18725 14:16:43.838403 fstat64(5, {st_mode=S_IFREG|0644, st_size=1624, ...}) = 0
18725 14:16:43.838419 mmap2(NULL, 1624, PROT_READ, MAP_SHARED, 5, 0) = 0xb7f21000
18725 14:16:43.838429 _llseek(5, 1624, [1624], SEEK_SET) = 0
18725 14:16:43.838445 munmap(0xb7f21000, 1624) = 0
18725 14:16:43.838454 close(5)          = 0
18725 14:16:43.838467 open("/etc/shadow", O_RDONLY|0x80000 /* O_??? */) = 5
18725 14:16:43.838479 _llseek(5, 0, [0], SEEK_CUR) = 0
18725 14:16:43.838489 fstat64(5, {st_mode=S_IFREG|0640, st_size=1233, ...}) = 0
18725 14:16:43.838505 mmap2(NULL, 1233, PROT_READ, MAP_SHARED, 5, 0) = 0xb7f21000
18725 14:16:43.838515 _llseek(5, 1233, [1233], SEEK_SET) = 0
18725 14:16:43.838531 munmap(0xb7f21000, 1233) = 0
18725 14:16:43.838540 close(5)          = 0
18725 14:16:43.838551 time(NULL)        = 1495649803
18725 14:16:43.838553 munmap(0xb7f1e000, 12164) = 0
18725 14:16:43.838554 munmap(0xb7f1c000, 7136) = 0
18725 14:16:43.838554 munmap(0xb7d51000, 95428) = 0
18725 14:16:43.838554 munmap(0xb7d17000, 201052) = 0
18725 14:16:43.838554 munmap(0xb7cfe000, 101180) = 0
18725 14:16:43.838555 gettimeofday({1495649803, 838555}, NULL) = 0
18725 14:16:43.838561 stat64("/usr/share/zoneinfo/UTC+04:00", 0xbf8661d4) = -1 ENOENT (No such file or directory)
18725 14:16:43.838577 open("/usr/share/zoneinfo/UTC+04:00", O_RDONLY) = -1 ENOENT (No such file or directory)
18725 14:16:43.838602 fcntl64(3, F_SETLKW64, {type=F_WRLCK, whence=SEEK_SET, start=0, len=0}, 0xbf866324) = 0
18725 14:16:43.838618 write(3, "Wed May 24 14:16:43 2017 [pid 18725] [msfadmin] OK LOGIN: Client \"127.0.0.1\"\n", 77) = 77
18725 14:16:43.838634 fcntl64(3, F_SETLK64, {type=F_UNLCK, whence=SEEK_SET, start=0, len=0}, 0xbf86632c) = 0
18725 14:16:43.838647 rt_sigaction(SIGCHLD, {0x805cad0, ~[RTMIN RT_1], 0}, NULL, 8) = 0
18725 14:16:43.838661 write(4, "\1", 1 <unfinished ...>
18726 14:16:43.838671 <... read resumed> "\1", 1) = 1
18725 14:16:43.838676 <... write resumed> ) = 1
18726 14:16:43.838683 exit_group(0)     = ?
18725 14:16:43.838711 --- SIGCHLD (Child exited) @ 0 (0) ---
18725 14:16:43.838719 sigreturn()       = ? (mask now [])
18725 14:16:43.838738 wait4(-1, [{WIFEXITED(s) && WEXITSTATUS(s) == 0}], 0, NULL) = 18726
18725 14:16:43.838751 close(4)          = 0
18725 14:16:43.838762 socketpair(PF_FILE, SOCK_STREAM, 0, [4, 5]) = 0
18725 14:16:43.838776 rt_sigaction(SIGCHLD, {0x805cad0, ~[RTMIN RT_1], 0}, NULL, 8) = 0
18725 14:16:43.838789 rt_sigaction(SIGALRM, {0x805cb10, ~[RTMIN RT_1], 0}, NULL, 8) = 0
18725 14:16:43.838803 clone(child_stack=0, flags=CLONE_CHILD_CLEARTID|CLONE_CHILD_SETTID|SIGCHLD, child_tidptr=0xb7d876f8) = 18727
18727 14:16:43.838897 prctl(0x1, 0x9, 0, 0, 0) = 0
18727 14:16:43.838911 close(4)          = 0
18727 14:16:43.838937 open("/etc/passwd", O_RDONLY|0x80000 /* O_??? */) = 4
18727 14:16:43.838955 _llseek(4, 0, [0], SEEK_CUR) = 0
18727 14:16:43.838970 fstat64(4, {st_mode=S_IFREG|0644, st_size=1624, ...}) = 0
18727 14:16:43.838988 mmap2(NULL, 1624, PROT_READ, MAP_SHARED, 4, 0) = 0xb7f21000
18727 14:16:43.839000 _llseek(4, 1624, [1624], SEEK_SET) = 0
18727 14:16:43.839022 munmap(0xb7f21000, 1624) = 0
18727 14:16:43.839034 close(4)          = 0
18727 14:16:43.839047 getuid32()        = 0
18727 14:16:43.839057 open("/etc/passwd", O_RDONLY|0x80000 /* O_??? */) = 4
18727 14:16:43.839069 _llseek(4, 0, [0], SEEK_CUR) = 0
18727 14:16:43.839080 fstat64(4, {st_mode=S_IFREG|0644, st_size=1624, ...}) = 0
18727 14:16:43.839096 mmap2(NULL, 1624, PROT_READ, MAP_SHARED, 4, 0) = 0xb7f21000
18727 14:16:43.839106 _llseek(4, 1624, [1624], SEEK_SET) = 0
18727 14:16:43.839122 munmap(0xb7f21000, 1624) = 0
18727 14:16:43.839131 close(4)          = 0
18727 14:16:43.839156 open("/proc/sys/kernel/ngroups_max", O_RDONLY) = 4
18727 14:16:43.839178 read(4, "65536\n", 31) = 6
18727 14:16:43.839190 close(4)          = 0
18727 14:16:43.839204 socket(PF_FILE, SOCK_STREAM, 0) = 4
18727 14:16:43.839218 fcntl64(4, F_SETFL, O_RDWR|O_NONBLOCK) = 0
18727 14:16:43.839229 connect(4, {sa_family=AF_FILE, path="/var/run/nscd/socket"}, 110) = -1 ENOENT (No such file or directory)
18727 14:16:43.839250 close(4)          = 0
18727 14:16:43.839262 socket(PF_FILE, SOCK_STREAM, 0) = 4
18727 14:16:43.839272 fcntl64(4, F_SETFL, O_RDWR|O_NONBLOCK) = 0
18727 14:16:43.839282 connect(4, {sa_family=AF_FILE, path="/var/run/nscd/socket"}, 110) = -1 ENOENT (No such file or directory)
18727 14:16:43.839300 close(4)          = 0
18727 14:16:43.839323 open("/etc/group", O_RDONLY|0x80000 /* O_??? */) = 4
18727 14:16:43.839333 _llseek(4, 0, [0], SEEK_CUR) = 0
18727 14:16:43.839334 fstat64(4, {st_mode=S_IFREG|0644, st_size=886, ...}) = 0
18727 14:16:43.839334 mmap2(NULL, 886, PROT_READ, MAP_SHARED, 4, 0) = 0xb7f21000
18727 14:16:43.839334 _llseek(4, 886, [886], SEEK_SET) = 0
18727 14:16:43.839334 fstat64(4, {st_mode=S_IFREG|0644, st_size=886, ...}) = 0
18727 14:16:43.839334 munmap(0xb7f21000, 886) = 0
18727 14:16:43.839335 close(4)          = 0
18727 14:16:43.839335 setgroups32(13, [1000, 4, 20, 24, 25, 29, 30, 44, 46, 107, 111, 112, 119]) = 0
18727 14:16:43.839335 geteuid32()       = 0
18727 14:16:43.839335 getegid32()       = 0
18727 14:16:43.839336 setregid32(-1, 1000) = 0
18727 14:16:43.839336 setreuid32(-1, 1000) = 0
18727 14:16:43.839336 chdir("/home/msfadmin") = 0
18727 14:16:43.839336 setreuid32(-1, 0) = 0
18727 14:16:43.839336 setregid32(-1, 0) = 0
18727 14:16:43.839337 setgid32(1000)    = 0
18727 14:16:43.839337 setuid32(1000)    = 0
18727 14:16:43.839337 setrlimit(RLIMIT_NPROC, {rlim_cur=0, rlim_max=0}) = 0
18727 14:16:43.839352 mmap2(NULL, 12288, PROT_READ|PROT_WRITE, MAP_PRIVATE|MAP_ANONYMOUS, -1, 0) = 0xb7f1f000
18727 14:16:43.839363 mprotect(0xb7f21000, 4096, PROT_NONE) = 0
18727 14:16:43.839375 mprotect(0xb7f1f000, 4096, PROT_NONE) = 0
18727 14:16:43.839420 getcwd("/home/msfadmin", 4096) = 15
18727 14:16:43.839435 umask(022)        = 077
18727 14:16:43.839455 getcwd("/home/msfadmin", 4096) = 15
18727 14:16:43.839469 open(".message", O_RDONLY|O_NONBLOCK|O_LARGEFILE) = -1 ENOENT (No such file or directory)
18727 14:16:43.839491 write(0, "230 Login successful.\r\n", 23) = 23
18727 14:16:43.839556 rt_sigaction(SIGALRM, {0x805cad0, ~[RTMIN RT_1], 0}, NULL, 8) = 0
18727 14:16:43.839573 alarm(300)        = 0
18727 14:16:43.839584 mmap2(NULL, 12288, PROT_READ|PROT_WRITE, MAP_PRIVATE|MAP_ANONYMOUS, -1, 0) = 0xb7f1c000
18727 14:16:43.839595 mprotect(0xb7f1e000, 4096, PROT_NONE) = 0
18727 14:16:43.839606 mprotect(0xb7f1c000, 4096, PROT_NONE) = 0
18727 14:16:43.839619 recv(0, "TYPE I\r\n", 4096, MSG_PEEK) = 8
18727 14:16:43.839631 read(0, "TYPE I\r\n", 8) = 8
18727 14:16:43.839648 write(0, "200 Switching to Binary mode.\r\n", 31) = 31
18727 14:16:43.839687 rt_sigaction(SIGALRM, {0x805cad0, ~[RTMIN RT_1], 0}, NULL, 8) = 0
18727 14:16:43.839701 alarm(300)        = 300
18727 14:16:43.839712 recv(0, "PASV\r\n", 4096, MSG_PEEK) = 6
18727 14:16:43.839723 read(0, "PASV\r\n", 6) = 6
18727 14:16:43.839735 write(5, "\n", 1) = 1
18727 14:16:43.839746 read(5,  <unfinished ...>
18725 14:16:43.839758 close(5)          = 0
18725 14:16:43.839770 getuid32()        = 0
18725 14:16:43.839785 open("/etc/passwd", O_RDONLY|0x80000 /* O_??? */) = 5
18725 14:16:43.839800 _llseek(5, 0, [0], SEEK_CUR) = 0
18725 14:16:43.839812 fstat64(5, {st_mode=S_IFREG|0644, st_size=1624, ...}) = 0
18725 14:16:43.839830 mmap2(NULL, 1624, PROT_READ, MAP_SHARED, 5, 0) = 0xb7f21000
18725 14:16:43.839841 _llseek(5, 1624, [1624], SEEK_SET) = 0
18725 14:16:43.839858 munmap(0xb7f21000, 1624) = 0
18725 14:16:43.839870 close(5)          = 0
18725 14:16:43.839885 setgroups32(0, []) = 0
18725 14:16:43.839896 chdir("/usr/share/empty") = 0
18725 14:16:43.839908 chroot(".")       = 0
18725 14:16:43.839919 capset(NULL, NULL) = -1 EFAULT (Bad address)
18725 14:16:43.839933 prctl(0x8, 0, 0xbf866308, 0x80549a6, 0xbf8662f0) = 0
18725 14:16:43.839944 prctl(0x8, 0x1, 0xbf866308, 0x8054a49, 0xbf8662f0) = 0
18725 14:16:43.839954 setgid32(65534)   = 0
18725 14:16:43.839964 setuid32(65534)   = 0
18725 14:16:43.839973 capset(0x19980330, 0, {CAP_NET_BIND_SERVICE, CAP_NET_BIND_SERVICE, 0}) = 0
18725 14:16:43.839986 read(4, "\n", 1)  = 1
18725 14:16:43.839999 write(4, "\1", 1) = 1
18727 14:16:43.840010 <... read resumed> "\1", 1) = 1
18727 14:16:43.840018 write(5, "\f", 1) = 1
18727 14:16:43.840028 read(5,  <unfinished ...>
18725 14:16:43.840034 read(4, "\f", 1)  = 1
18725 14:16:43.840047 socket(PF_INET, SOCK_STREAM, IPPROTO_TCP) = 5
18725 14:16:43.840060 setsockopt(5, SOL_SOCKET, SO_REUSEADDR, [1], 4) = 0
18725 14:16:43.840072 gettimeofday({1495649803, 840075}, NULL) = 0
18725 14:16:43.840088 bind(5, {sa_family=AF_INET, sin_port=htons(34225), sin_addr=inet_addr("127.0.0.1")}, 16) = 0
18725 14:16:43.840104 listen(5, 1)      = 0
18725 14:16:43.840117 write(4, "\261\205\0\0", 4) = 4
18727 14:16:43.840128 <... read resumed> "\261\205\0\0", 4) = 4
18727 14:16:43.840142 write(0, "227 Entering Passive Mode (127,0,0,1,133,177).\r\n", 48) = 48
18727 14:16:43.840240 rt_sigaction(SIGALRM, {0x805cad0, ~[RTMIN RT_1], 0}, NULL, 8) = 0
18727 14:16:43.840262 alarm(300)        = 300
18727 14:16:43.840274 recv(0, "RETR myfile3\r\n", 4096, MSG_PEEK) = 14
18727 14:16:43.840286 read(0, "RETR myfile3\r\n", 14) = 14
18727 14:16:43.840300 write(5, "\v", 1) = 1
18727 14:16:43.840311 read(5,  <unfinished ...>
18725 14:16:43.840318 read(4, "\v", 1)  = 1
18725 14:16:43.840329 write(4, "\1\0\0\0", 4) = 4
18727 14:16:43.840339 <... read resumed> "\1\0\0\0", 4) = 4
18727 14:16:43.840348 gettimeofday({1495649803, 840351}, NULL) = 0
18727 14:16:43.840382 getcwd("/home/msfadmin", 4096) = 15
18727 14:16:43.840398 open("myfile3", O_RDONLY|O_NONBLOCK|O_LARGEFILE) = 4
18727 14:16:43.840420 fcntl64(4, F_SETLKW64, {type=F_RDLCK, whence=SEEK_SET, start=0, len=0}, 0xbf866274) = 0
18727 14:16:43.840434 fstat64(4, {st_mode=S_IFREG|0644, st_size=17, ...}) = 0
18727 14:16:43.840450 fcntl64(4, F_GETFL) = 0x8800 (flags O_RDONLY|O_NONBLOCK|O_LARGEFILE)
18727 14:16:43.840461 fcntl64(4, F_SETFL, O_RDONLY|O_LARGEFILE) = 0
18727 14:16:43.840473 write(5, "\v", 1) = 1
18727 14:16:43.840484 read(5,  <unfinished ...>
18725 14:16:43.840491 read(4, "\v", 1)  = 1
18725 14:16:43.840502 write(4, "\1\0\0\0", 4) = 4
18727 14:16:43.840513 <... read resumed> "\1\0\0\0", 4) = 4
18727 14:16:43.840520 write(5, "\v", 1) = 1
18727 14:16:43.840530 read(5,  <unfinished ...>
18725 14:16:43.840536 read(4, "\v", 1)  = 1
18725 14:16:43.840547 write(4, "\1\0\0\0", 4) = 4
18727 14:16:43.840557 <... read resumed> "\1\0\0\0", 4) = 4
18727 14:16:43.840564 write(5, "\r", 1) = 1
18727 14:16:43.840574 read(5,  <unfinished ...>
18725 14:16:43.840581 read(4, "\r", 1)  = 1
18725 14:16:43.840595 select(6, [5], NULL, NULL, {60, 0}) = 1 (in [5], left {60, 0})
18725 14:16:43.840612 accept(5, {sa_family=AF_INET, sin_port=htons(47977), sin_addr=inet_addr("127.0.0.1")}, [16]) = 6
18725 14:16:43.840635 write(4, "\1", 1) = 1
18727 14:16:43.840645 <... read resumed> "\1", 1) = 1
18727 14:16:43.840655 recvmsg(5,  <unfinished ...>
18725 14:16:43.840664 sendmsg(4, {msg_name(0)=NULL, msg_iov(1)=[{"\0", 1}], msg_controllen=16, {cmsg_len=16, cmsg_level=SOL_SOCKET, cmsg_type=SCM_RIGHTS, {6}}, msg_flags=0}, 0) = 1
18727 14:16:43.840681 <... recvmsg resumed> {msg_name(0)=NULL, msg_iov(1)=[{"\0", 1}], msg_controllen=16, {cmsg_len=16, cmsg_level=SOL_SOCKET, cmsg_type=SCM_RIGHTS, {6}}, msg_flags=0}, 0) = 1
18727 14:16:43.840694 setsockopt(6, SOL_SOCKET, SO_KEEPALIVE, [1], 4) = 0
18727 14:16:43.840707 setsockopt(6, SOL_IP, IP_TOS, [8], 4) = 0
18727 14:16:43.840718 setsockopt(6, SOL_SOCKET, SO_LINGER, {onoff=1, linger=32767}, 8) = 0
18727 14:16:43.840729 rt_sigaction(SIGALRM, {0x805cad0, ~[RTMIN RT_1], 0}, NULL, 8) = 0
18727 14:16:43.840742 alarm(300)        = 300
18727 14:16:43.840756 write(0, "150 Opening BINARY mode data connection for myfile3 (17 bytes).\r\n", 65) = 65
18727 14:16:43.840799 _llseek(4, 0, [0], SEEK_CUR) = 0
18727 14:16:43.840811 fstat64(4, {st_mode=S_IFREG|0644, st_size=17, ...}) = 0
18727 14:16:43.840828 _llseek(4, 0, [0], SEEK_SET) = 0
18727 14:16:43.840840 sendfile(6, 4, NULL, 17) = 17
18727 14:16:43.840868 rt_sigaction(SIGALRM, {0x805cad0, ~[RTMIN RT_1], 0}, NULL, 8) = 0
18727 14:16:43.840882 alarm(300)        = 300
18727 14:16:43.840892 close(6)          = 0
18727 14:16:43.840901 alarm(0)          = 300
18727 14:16:43.840910 gettimeofday({1495649803, 840914}, NULL) = 0
18727 14:16:43.840927 getpid()          = 18727
18727 14:16:43.840939 gettimeofday({1495649803, 840942}, NULL) = 0
18727 14:16:43.840956 fcntl64(3, F_SETLKW64, {type=F_WRLCK, whence=SEEK_SET, start=0, len=0}, 0xbf866214) = 0
18727 14:16:43.840971 write(3, "Wed May 24 14:16:43 2017 [pid 18727] [msfadmin] OK DOWNLOAD: Client \"127.0.0.1\", \"/home/msfadmin/myfile3\", 17 bytes, 28.09Kbyte/sec\n", 132) = 132
18727 14:16:43.840990 fcntl64(3, F_SETLK64, {type=F_UNLCK, whence=SEEK_SET, start=0, len=0}, 0xbf86621c) = 0
18727 14:16:43.841004 write(0, "226 Transfer complete.\r\n", 24) = 24
18727 14:16:43.841019 write(5, "\n", 1) = 1
18727 14:16:43.841029 read(5,  <unfinished ...>
18725 14:16:43.841036 close(6)          = 0
18725 14:16:43.841124 read(4, "\n", 1)  = 1
18725 14:16:43.841137 close(5)          = 0
18725 14:16:43.841148 write(4, "\1", 1) = 1
18727 14:16:43.841158 <... read resumed> "\1", 1) = 1
18727 14:16:43.841165 close(4)          = 0
18727 14:16:43.841175 rt_sigaction(SIGALRM, {0x805cad0, ~[RTMIN RT_1], 0}, NULL, 8) = 0
18727 14:16:43.841188 alarm(300)        = 0
18727 14:16:43.841199 recv(0,  <unfinished ...>
18725 14:16:43.841206 read(4,  <unfinished ...>
18724 14:16:44.368601 <... recv resumed> "TYPE I\r\n", 4096, MSG_PEEK) = 8
18724 14:16:44.368633 read(0, "TYPE I\r\n", 8) = 8
18724 14:16:44.368654 write(0, "200 Switching to Binary mode.\r\n", 31) = 31
18724 14:16:44.368702 rt_sigaction(SIGALRM, {0x805cad0, ~[RTMIN RT_1], 0}, NULL, 8) = 0
18724 14:16:44.368720 alarm(300)        = 299
18724 14:16:44.368733 recv(0, "PASV\r\n", 4096, MSG_PEEK) = 6
18724 14:16:44.368744 read(0, "PASV\r\n", 6) = 6
18724 14:16:44.368756 write(5, "\n", 1 <unfinished ...>
18722 14:16:44.368768 <... read resumed> "\n", 1) = 1
18724 14:16:44.368773 <... write resumed> ) = 1
18722 14:16:44.368780 write(4, "\1", 1) = 1
18722 14:16:44.368791 read(4,  <unfinished ...>
18724 14:16:44.368798 read(5, "\1", 1)  = 1
18724 14:16:44.368810 write(5, "\f", 1 <unfinished ...>
18722 14:16:44.368817 <... read resumed> "\f", 1) = 1
18724 14:16:44.368822 <... write resumed> ) = 1
18722 14:16:44.368829 socket(PF_INET, SOCK_STREAM, IPPROTO_TCP) = 5
18722 14:16:44.368844 setsockopt(5, SOL_SOCKET, SO_REUSEADDR, [1], 4) = 0
18722 14:16:44.368859 bind(5, {sa_family=AF_INET, sin_port=htons(58183), sin_addr=inet_addr("127.0.0.1")}, 16 <unfinished ...>
18724 14:16:44.368873 read(5,  <unfinished ...>
18722 14:16:44.368877 <... bind resumed> ) = 0
18722 14:16:44.368884 listen(5, 1)      = 0
18722 14:16:44.368898 write(4, "G\343\0\0", 4 <unfinished ...>
18724 14:16:44.368906 <... read resumed> "G\343\0\0", 4) = 4
18722 14:16:44.368911 <... write resumed> ) = 4
18724 14:16:44.368923 write(0, "227 Entering Passive Mode (127,0,0,1,227,71).\r\n", 47 <unfinished ...>
18722 14:16:44.368931 read(4,  <unfinished ...>
18724 14:16:44.369039 <... write resumed> ) = 47
18724 14:16:44.369052 rt_sigaction(SIGALRM, {0x805cad0, ~[RTMIN RT_1], 0}, NULL, 8) = 0
18724 14:16:44.369067 alarm(300)        = 300
18724 14:16:44.369079 recv(0, "STOR myfile29\r\n", 4096, MSG_PEEK) = 15
18724 14:16:44.369091 read(0, "STOR myfile29\r\n", 15) = 15
18724 14:16:44.369105 write(5, "\v", 1 <unfinished ...>
18722 14:16:44.369113 <... read resumed> "\v", 1) = 1
18724 14:16:44.369118 <... write resumed> ) = 1
18722 14:16:44.369124 write(4, "\1\0\0\0", 4) = 4
18722 14:16:44.369135 read(4,  <unfinished ...>
18724 14:16:44.369142 read(5, "\1\0\0\0", 4) = 4
18724 14:16:44.369154 gettimeofday({1495649804, 369158}, NULL) = 0
18724 14:16:44.369166 getcwd("/home/msfadmin", 4096) = 15
18724 14:16:44.369179 open("myfile29", O_WRONLY|O_CREAT|O_NONBLOCK|O_LARGEFILE, 0666) = 4
18724 14:16:44.369193 fstat64(4, {st_mode=S_IFREG|0644, st_size=17, ...}) = 0
18724 14:16:44.369211 fcntl64(4, F_GETFL) = 0x8801 (flags O_WRONLY|O_NONBLOCK|O_LARGEFILE)
18724 14:16:44.369222 fcntl64(4, F_SETFL, O_WRONLY|O_LARGEFILE) = 0
18724 14:16:44.369232 fcntl64(4, F_SETLKW64, {type=F_WRLCK, whence=SEEK_SET, start=0, len=0}, 0xbf87a264) = 0
18724 14:16:44.369246 ftruncate64(4, 0) = 0
18724 14:16:44.369299 _llseek(4, 0, [0], SEEK_SET) = 0
18724 14:16:44.369312 write(5, "\v", 1 <unfinished ...>
18722 14:16:44.369321 <... read resumed> "\v", 1) = 1
18724 14:16:44.369335 <... write resumed> ) = 1
18722 14:16:44.369341 write(4, "\1\0\0\0", 4) = 4
18722 14:16:44.369352 read(4,  <unfinished ...>
18724 14:16:44.369359 read(5, "\1\0\0\0", 4) = 4
18724 14:16:44.369370 write(5, "\v", 1 <unfinished ...>
18722 14:16:44.369377 <... read resumed> "\v", 1) = 1
18724 14:16:44.369382 <... write resumed> ) = 1
18722 14:16:44.369388 write(4, "\1\0\0\0", 4) = 4
18722 14:16:44.369398 read(4,  <unfinished ...>
18724 14:16:44.369405 read(5, "\1\0\0\0", 4) = 4
18724 14:16:44.369416 write(5, "\r", 1 <unfinished ...>
18722 14:16:44.369423 <... read resumed> "\r", 1) = 1
18724 14:16:44.369434 <... write resumed> ) = 1
18722 14:16:44.369441 select(6, [5], NULL, NULL, {60, 0}) = 1 (in [5], left {60, 0})
18722 14:16:44.369458 accept(5, {sa_family=AF_INET, sin_port=htons(40681), sin_addr=inet_addr("127.0.0.1")}, [16]) = 6
18722 14:16:44.369480 write(4, "\1", 1) = 1
18722 14:16:44.369492 sendmsg(4, {msg_name(0)=NULL, msg_iov(1)=[{"\0", 1}], msg_controllen=16, {cmsg_len=16, cmsg_level=SOL_SOCKET, cmsg_type=SCM_RIGHTS, {6}}, msg_flags=0}, 0) = 1
18722 14:16:44.369510 close(6)          = 0
18722 14:16:44.369520 read(4,  <unfinished ...>
18724 14:16:44.369527 read(5, "\1", 1)  = 1
18724 14:16:44.369540 recvmsg(5, {msg_name(0)=NULL, msg_iov(1)=[{"\0", 1}], msg_controllen=16, {cmsg_len=16, cmsg_level=SOL_SOCKET, cmsg_type=SCM_RIGHTS, {6}}, msg_flags=0}, 0) = 1
18724 14:16:44.369558 setsockopt(6, SOL_SOCKET, SO_KEEPALIVE, [1], 4) = 0
18724 14:16:44.369570 setsockopt(6, SOL_IP, IP_TOS, [8], 4) = 0
18724 14:16:44.369582 setsockopt(6, SOL_SOCKET, SO_LINGER, {onoff=1, linger=32767}, 8) = 0
18724 14:16:44.369594 rt_sigaction(SIGALRM, {0x805cad0, ~[RTMIN RT_1], 0}, NULL, 8) = 0
18724 14:16:44.369607 alarm(300)        = 300
18724 14:16:44.369619 write(0, "150 Ok to send data.\r\n", 22) = 22
18724 14:16:44.369685 read(6, "assasaaa\na\na\na\na\n", 65536) = 17
18724 14:16:44.369700 write(4, "assasaaa\na\na\na\na\n", 17) = 17
18724 14:16:44.369716 read(6, "", 65536) = 0
18724 14:16:44.369727 rt_sigaction(SIGALRM, {0x805cad0, ~[RTMIN RT_1], 0}, NULL, 8) = 0
18724 14:16:44.369740 alarm(300)        = 300
18724 14:16:44.369750 close(6)          = 0
18724 14:16:44.369767 alarm(0)          = 300
18724 14:16:44.369777 gettimeofday({1495649804, 369781}, NULL) = 0
18724 14:16:44.369793 gettimeofday({1495649804, 369797}, NULL) = 0
18724 14:16:44.369808 fcntl64(3, F_SETLKW64, {type=F_WRLCK, whence=SEEK_SET, start=0, len=0}, 0xbf87a204) = 0
18724 14:16:44.369823 write(3, "Wed May 24 14:16:44 2017 [pid 18724] [msfadmin] OK UPLOAD: Client \"127.0.0.1\", \"/home/msfadmin/myfile29\", 17 bytes, 25.98Kbyte/sec\n", 131) = 131
18724 14:16:44.369845 fcntl64(3, F_SETLK64, {type=F_UNLCK, whence=SEEK_SET, start=0, len=0}, 0xbf87a20c) = 0
18724 14:16:44.369859 write(0, "226 Transfer complete.\r\n", 24) = 24
18724 14:16:44.369902 write(5, "\n", 1 <unfinished ...>
18722 14:16:44.369911 <... read resumed> "\n", 1) = 1
18724 14:16:44.369916 <... write resumed> ) = 1
18722 14:16:44.369922 close(5)          = 0
18722 14:16:44.369934 write(4, "\1", 1) = 1
18722 14:16:44.369945 read(4,  <unfinished ...>
18724 14:16:44.369952 read(5, "\1", 1)  = 1
18724 14:16:44.369963 close(4)          = 0
18724 14:16:44.369974 rt_sigaction(SIGALRM, {0x805cad0, ~[RTMIN RT_1], 0}, NULL, 8) = 0
18724 14:16:44.369987 alarm(300)        = 0
18724 14:16:44.369998 recv(0,  <unfinished ...>
18727 14:16:44.378525 <... recv resumed> "USER msfadmin\r\n", 4096, MSG_PEEK) = 15
18727 14:16:44.378565 read(0, "USER msfadmin\r\n", 15) = 15
18727 14:16:44.378590 write(0, "331 Any password will do.\r\n", 27) = 27
18727 14:16:44.378635 rt_sigaction(SIGALRM, {0x805cad0, ~[RTMIN RT_1], 0}, NULL, 8) = 0
18727 14:16:44.378652 alarm(300)        = 299
18727 14:16:44.378665 recv(0, "PASS msfadmin\r\n", 4096, MSG_PEEK) = 15
18727 14:16:44.378677 read(0, "PASS msfadmin\r\n", 15) = 15
18727 14:16:44.378694 write(0, "230 Already logged in.\r\n", 24) = 24
18727 14:16:44.378755 rt_sigaction(SIGALRM, {0x805cad0, ~[RTMIN RT_1], 0}, NULL, 8) = 0
18727 14:16:44.378770 alarm(300)        = 300
18727 14:16:44.378782 recv(0, "TYPE I\r\n", 4096, MSG_PEEK) = 8
18727 14:16:44.378793 read(0, "TYPE I\r\n", 8) = 8
18727 14:16:44.378808 write(0, "200 Switching to Binary mode.\r\n", 31) = 31
18727 14:16:44.378843 rt_sigaction(SIGALRM, {0x805cad0, ~[RTMIN RT_1], 0}, NULL, 8) = 0
18727 14:16:44.378857 alarm(300)        = 300
18727 14:16:44.378868 recv(0, "PASV\r\n", 4096, MSG_PEEK) = 6
18727 14:16:44.378879 read(0, "PASV\r\n", 6) = 6
18727 14:16:44.378891 write(5, "\n", 1) = 1
18727 14:16:44.378904 read(5,  <unfinished ...>
18725 14:16:44.378912 <... read resumed> "\n", 1) = 1
18725 14:16:44.378922 write(4, "\1", 1) = 1
18727 14:16:44.378940 <... read resumed> "\1", 1) = 1
18727 14:16:44.378947 write(5, "\f", 1) = 1
18727 14:16:44.378970 read(5,  <unfinished ...>
18725 14:16:44.378982 read(4, "\f", 1)  = 1
18725 14:16:44.378996 socket(PF_INET, SOCK_STREAM, IPPROTO_TCP) = 5
18725 14:16:44.379155 setsockopt(5, SOL_SOCKET, SO_REUSEADDR, [1], 4) = 0
18725 14:16:44.379173 bind(5, {sa_family=AF_INET, sin_port=htons(25155), sin_addr=inet_addr("127.0.0.1")}, 16) = 0
18725 14:16:44.379200 listen(5, 1)      = 0
18725 14:16:44.379214 write(4, "Cb\0\0", 4) = 4
18727 14:16:44.379226 <... read resumed> "Cb\0\0", 4) = 4
18727 14:16:44.379238 write(0, "227 Entering Passive Mode (127,0,0,1,98,67).\r\n", 46) = 46
18727 14:16:44.379353 rt_sigaction(SIGALRM, {0x805cad0, ~[RTMIN RT_1], 0}, NULL, 8) = 0
18727 14:16:44.379369 alarm(300)        = 300
18727 14:16:44.379381 recv(0, "RETR myfile4\r\n", 4096, MSG_PEEK) = 14
18727 14:16:44.379393 read(0, "RETR myfile4\r\n", 14) = 14
18727 14:16:44.379406 write(5, "\v", 1) = 1
18727 14:16:44.379417 read(5,  <unfinished ...>
18725 14:16:44.379424 read(4, "\v", 1)  = 1
18725 14:16:44.379435 write(4, "\1\0\0\0", 4) = 4
18727 14:16:44.379446 <... read resumed> "\1\0\0\0", 4) = 4
18727 14:16:44.379454 gettimeofday({1495649804, 379457}, NULL) = 0
18727 14:16:44.379465 getcwd("/home/msfadmin", 4096) = 15
18727 14:16:44.379478 open("myfile4", O_RDONLY|O_NONBLOCK|O_LARGEFILE) = 4
18727 14:16:44.379491 fcntl64(4, F_SETLKW64, {type=F_RDLCK, whence=SEEK_SET, start=0, len=0}, 0xbf866274) = 0
18727 14:16:44.379506 fstat64(4, {st_mode=S_IFREG|0644, st_size=17, ...}) = 0
18727 14:16:44.379523 fcntl64(4, F_GETFL) = 0x8800 (flags O_RDONLY|O_NONBLOCK|O_LARGEFILE)
18727 14:16:44.379534 fcntl64(4, F_SETFL, O_RDONLY|O_LARGEFILE) = 0
18727 14:16:44.379545 write(5, "\v", 1) = 1
18727 14:16:44.379556 read(5,  <unfinished ...>
18725 14:16:44.379563 read(4, "\v", 1)  = 1
18725 14:16:44.379574 write(4, "\1\0\0\0", 4) = 4
18727 14:16:44.379584 <... read resumed> "\1\0\0\0", 4) = 4
18727 14:16:44.379592 write(5, "\v", 1) = 1
18727 14:16:44.379602 read(5,  <unfinished ...>
18725 14:16:44.379608 read(4, "\v", 1)  = 1
18725 14:16:44.379619 write(4, "\1\0\0\0", 4) = 4
18727 14:16:44.379629 <... read resumed> "\1\0\0\0", 4) = 4
18727 14:16:44.379637 write(5, "\r", 1) = 1
18727 14:16:44.379646 read(5,  <unfinished ...>
18725 14:16:44.379653 read(4, "\r", 1)  = 1
18725 14:16:44.379665 select(6, [5], NULL, NULL, {60, 0}) = 1 (in [5], left {60, 0})
18725 14:16:44.379681 accept(5, {sa_family=AF_INET, sin_port=htons(55790), sin_addr=inet_addr("127.0.0.1")}, [16]) = 6
18725 14:16:44.379703 write(4, "\1", 1) = 1
18727 14:16:44.379714 <... read resumed> "\1", 1) = 1
18727 14:16:44.379722 recvmsg(5,  <unfinished ...>
18725 14:16:44.379731 sendmsg(4, {msg_name(0)=NULL, msg_iov(1)=[{"\0", 1}], msg_controllen=16, {cmsg_len=16, cmsg_level=SOL_SOCKET, cmsg_type=SCM_RIGHTS, {6}}, msg_flags=0}, 0) = 1
18727 14:16:44.379748 <... recvmsg resumed> {msg_name(0)=NULL, msg_iov(1)=[{"\0", 1}], msg_controllen=16, {cmsg_len=16, cmsg_level=SOL_SOCKET, cmsg_type=SCM_RIGHTS, {6}}, msg_flags=0}, 0) = 1
18727 14:16:44.379761 setsockopt(6, SOL_SOCKET, SO_KEEPALIVE, [1], 4) = 0
18727 14:16:44.379773 setsockopt(6, SOL_IP, IP_TOS, [8], 4) = 0
18727 14:16:44.379785 setsockopt(6, SOL_SOCKET, SO_LINGER, {onoff=1, linger=32767}, 8) = 0
18727 14:16:44.379796 rt_sigaction(SIGALRM, {0x805cad0, ~[RTMIN RT_1], 0}, NULL, 8) = 0
18727 14:16:44.379809 alarm(300)        = 300
18727 14:16:44.379823 write(0, "150 Opening BINARY mode data connection for myfile4 (17 bytes).\r\n", 65) = 65
18727 14:16:44.379863 _llseek(4, 0, [0], SEEK_CUR) = 0
18727 14:16:44.379876 fstat64(4, {st_mode=S_IFREG|0644, st_size=17, ...}) = 0
18727 14:16:44.379893 _llseek(4, 0, [0], SEEK_SET) = 0
18727 14:16:44.379903 sendfile(6, 4, NULL, 17) = 17
18727 14:16:44.379933 rt_sigaction(SIGALRM, {0x805cad0, ~[RTMIN RT_1], 0}, NULL, 8) = 0
18727 14:16:44.379948 alarm(300)        = 300
18727 14:16:44.379957 close(6)          = 0
18727 14:16:44.379966 alarm(0)          = 300
18727 14:16:44.379976 gettimeofday({1495649804, 379984}, NULL) = 0
18727 14:16:44.379996 gettimeofday({1495649804, 380000}, NULL) = 0
18727 14:16:44.380010 fcntl64(3, F_SETLKW64, {type=F_WRLCK, whence=SEEK_SET, start=0, len=0}, 0xbf866214) = 0
18727 14:16:44.380024 write(3, "Wed May 24 14:16:44 2017 [pid 18727] [msfadmin] OK DOWNLOAD: Client \"127.0.0.1\", \"/home/msfadmin/myfile4\", 17 bytes, 30.57Kbyte/sec\n", 132) = 132
18727 14:16:44.380045 fcntl64(3, F_SETLK64, {type=F_UNLCK, whence=SEEK_SET, start=0, len=0}, 0xbf86621c) = 0
18727 14:16:44.380059 write(0, "226 Transfer complete.\r\n", 24) = 24
18727 14:16:44.380074 write(5, "\n", 1) = 1
18727 14:16:44.380084 read(5,  <unfinished ...>
18725 14:16:44.380091 close(6)          = 0
18725 14:16:44.380209 read(4, "\n", 1)  = 1
18725 14:16:44.380222 close(5)          = 0
18725 14:16:44.380234 write(4, "\1", 1) = 1
18727 14:16:44.380245 <... read resumed> "\1", 1) = 1
18727 14:16:44.380252 close(4)          = 0
18727 14:16:44.380262 rt_sigaction(SIGALRM, {0x805cad0, ~[RTMIN RT_1], 0}, NULL, 8) = 0
18727 14:16:44.380276 alarm(300)        = 0
18727 14:16:44.380287 recv(0,  <unfinished ...>
18725 14:16:44.380294 read(4,  <unfinished ...>
18724 14:16:44.878668 <... recv resumed> "TYPE I\r\n", 4096, MSG_PEEK) = 8
18724 14:16:44.878698 read(0, "TYPE I\r\n", 8) = 8
18724 14:16:44.878720 write(0, "200 Switching to Binary mode.\r\n", 31) = 31
18724 14:16:44.878769 rt_sigaction(SIGALRM, {0x805cad0, ~[RTMIN RT_1], 0}, NULL, 8) = 0
18724 14:16:44.878786 alarm(300)        = 299
18724 14:16:44.878799 recv(0, "PASV\r\n", 4096, MSG_PEEK) = 6
18724 14:16:44.878810 read(0, "PASV\r\n", 6) = 6
18724 14:16:44.878822 write(5, "\n", 1 <unfinished ...>
18722 14:16:44.878834 <... read resumed> "\n", 1) = 1
18724 14:16:44.878840 <... write resumed> ) = 1
18722 14:16:44.878847 write(4, "\1", 1) = 1
18722 14:16:44.878858 read(4,  <unfinished ...>
18724 14:16:44.878865 read(5, "\1", 1)  = 1
18724 14:16:44.878876 write(5, "\f", 1 <unfinished ...>
18722 14:16:44.878883 <... read resumed> "\f", 1) = 1
18724 14:16:44.878888 <... write resumed> ) = 1
18722 14:16:44.878895 socket(PF_INET, SOCK_STREAM, IPPROTO_TCP) = 5
18722 14:16:44.878911 setsockopt(5, SOL_SOCKET, SO_REUSEADDR, [1], 4) = 0
18722 14:16:44.878925 bind(5, {sa_family=AF_INET, sin_port=htons(23274), sin_addr=inet_addr("127.0.0.1")}, 16) = 0
18722 14:16:44.878942 listen(5, 1)      = 0
18722 14:16:44.878956 write(4, "\352Z\0\0", 4) = 4
18722 14:16:44.878967 read(4,  <unfinished ...>
18724 14:16:44.878974 read(5, "\352Z\0\0", 4) = 4
18724 14:16:44.878990 write(0, "227 Entering Passive Mode (127,0,0,1,90,234).\r\n", 47) = 47
18724 14:16:44.879068 rt_sigaction(SIGALRM, {0x805cad0, ~[RTMIN RT_1], 0}, NULL, 8) = 0
18724 14:16:44.879085 alarm(300)        = 300
18724 14:16:44.879097 recv(0, "STOR myfile30\r\n", 4096, MSG_PEEK) = 15
18724 14:16:44.879109 read(0, "STOR myfile30\r\n", 15) = 15
18724 14:16:44.879123 write(5, "\v", 1 <unfinished ...>
18722 14:16:44.879131 <... read resumed> "\v", 1) = 1
18724 14:16:44.879136 <... write resumed> ) = 1
18722 14:16:44.879142 write(4, "\1\0\0\0", 4) = 4
18722 14:16:44.879153 read(4,  <unfinished ...>
18724 14:16:44.879160 read(5, "\1\0\0\0", 4) = 4
18724 14:16:44.879172 gettimeofday({1495649804, 879175}, NULL) = 0
18724 14:16:44.879183 getcwd("/home/msfadmin", 4096) = 15
18724 14:16:44.879196 open("myfile30", O_WRONLY|O_CREAT|O_NONBLOCK|O_LARGEFILE, 0666) = 4
18724 14:16:44.879210 fstat64(4, {st_mode=S_IFREG|0644, st_size=17, ...}) = 0
18724 14:16:44.879228 fcntl64(4, F_GETFL) = 0x8801 (flags O_WRONLY|O_NONBLOCK|O_LARGEFILE)
18724 14:16:44.879239 fcntl64(4, F_SETFL, O_WRONLY|O_LARGEFILE) = 0
18724 14:16:44.879249 fcntl64(4, F_SETLKW64, {type=F_WRLCK, whence=SEEK_SET, start=0, len=0}, 0xbf87a264) = 0
18724 14:16:44.879299 ftruncate64(4, 0) = 0
18724 14:16:44.879334 _llseek(4, 0, [0], SEEK_SET) = 0
18724 14:16:44.879346 write(5, "\v", 1 <unfinished ...>
18722 14:16:44.879354 <... read resumed> "\v", 1) = 1
18724 14:16:44.879359 <... write resumed> ) = 1
18722 14:16:44.879365 write(4, "\1\0\0\0", 4) = 4
18722 14:16:44.879376 read(4,  <unfinished ...>
18724 14:16:44.879383 read(5, "\1\0\0\0", 4) = 4
18724 14:16:44.879400 write(5, "\v", 1 <unfinished ...>
18722 14:16:44.879407 <... read resumed> "\v", 1) = 1
18724 14:16:44.879412 <... write resumed> ) = 1
18722 14:16:44.879419 write(4, "\1\0\0\0", 4) = 4
18722 14:16:44.879429 read(4,  <unfinished ...>
18724 14:16:44.879436 read(5, "\1\0\0\0", 4) = 4
18724 14:16:44.879447 write(5, "\r", 1 <unfinished ...>
18722 14:16:44.879454 <... read resumed> "\r", 1) = 1
18724 14:16:44.879459 <... write resumed> ) = 1
18722 14:16:44.879466 select(6, [5], NULL, NULL, {60, 0}) = 1 (in [5], left {60, 0})
18722 14:16:44.879482 accept(5, {sa_family=AF_INET, sin_port=htons(50837), sin_addr=inet_addr("127.0.0.1")}, [16]) = 6
18722 14:16:44.879505 write(4, "\1", 1) = 1
18722 14:16:44.879517 sendmsg(4, {msg_name(0)=NULL, msg_iov(1)=[{"\0", 1}], msg_controllen=16, {cmsg_len=16, cmsg_level=SOL_SOCKET, cmsg_type=SCM_RIGHTS, {6}}, msg_flags=0}, 0) = 1
18722 14:16:44.879534 close(6)          = 0
18722 14:16:44.879544 read(4,  <unfinished ...>
18724 14:16:44.879551 read(5, "\1", 1)  = 1
18724 14:16:44.879563 recvmsg(5, {msg_name(0)=NULL, msg_iov(1)=[{"\0", 1}], msg_controllen=16, {cmsg_len=16, cmsg_level=SOL_SOCKET, cmsg_type=SCM_RIGHTS, {6}}, msg_flags=0}, 0) = 1
18724 14:16:44.879581 setsockopt(6, SOL_SOCKET, SO_KEEPALIVE, [1], 4) = 0
18724 14:16:44.879594 setsockopt(6, SOL_IP, IP_TOS, [8], 4) = 0
18724 14:16:44.879605 setsockopt(6, SOL_SOCKET, SO_LINGER, {onoff=1, linger=32767}, 8) = 0
18724 14:16:44.879617 rt_sigaction(SIGALRM, {0x805cad0, ~[RTMIN RT_1], 0}, NULL, 8) = 0
18724 14:16:44.879630 alarm(300)        = 300
18724 14:16:44.879642 write(0, "150 Ok to send data.\r\n", 22) = 22
18724 14:16:44.879708 read(6, "assasaaa\na\na\na\na\n", 65536) = 17
18724 14:16:44.879722 write(4, "assasaaa\na\na\na\na\n", 17) = 17
18724 14:16:44.879738 read(6, "", 65536) = 0
18724 14:16:44.879749 rt_sigaction(SIGALRM, {0x805cad0, ~[RTMIN RT_1], 0}, NULL, 8) = 0
18724 14:16:44.879762 alarm(300)        = 300
18724 14:16:44.879772 close(6)          = 0
18724 14:16:44.879789 alarm(0)          = 300
18724 14:16:44.879799 gettimeofday({1495649804, 879803}, NULL) = 0
18724 14:16:44.879815 gettimeofday({1495649804, 879819}, NULL) = 0
18724 14:16:44.879830 fcntl64(3, F_SETLKW64, {type=F_WRLCK, whence=SEEK_SET, start=0, len=0}, 0xbf87a204) = 0
18724 14:16:44.879845 write(3, "Wed May 24 14:16:44 2017 [pid 18724] [msfadmin] OK UPLOAD: Client \"127.0.0.1\", \"/home/msfadmin/myfile30\", 17 bytes, 25.78Kbyte/sec\n", 131) = 131
18724 14:16:44.879866 fcntl64(3, F_SETLK64, {type=F_UNLCK, whence=SEEK_SET, start=0, len=0}, 0xbf87a20c) = 0
18724 14:16:44.879881 write(0, "226 Transfer complete.\r\n", 24) = 24
18724 14:16:44.879923 write(5, "\n", 1 <unfinished ...>
18722 14:16:44.879933 <... read resumed> "\n", 1) = 1
18724 14:16:44.879938 <... write resumed> ) = 1
18722 14:16:44.879944 close(5)          = 0
18722 14:16:44.879956 write(4, "\1", 1) = 1
18722 14:16:44.879967 read(4,  <unfinished ...>
18724 14:16:44.879974 read(5, "\1", 1)  = 1
18724 14:16:44.879985 close(4)          = 0
18724 14:16:44.879995 rt_sigaction(SIGALRM, {0x805cad0, ~[RTMIN RT_1], 0}, NULL, 8) = 0
18724 14:16:44.880009 alarm(300)        = 0
18724 14:16:44.880020 recv(0,  <unfinished ...>
18727 14:16:44.968605 <... recv resumed> "QUIT\r\n", 4096, MSG_PEEK) = 6
18727 14:16:44.968644 read(0, "QUIT\r\n", 6) = 6
18727 14:16:44.968666 shutdown(0, 0 /* receive */) = 0
18727 14:16:44.968681 fcntl64(0, F_GETFL) = 0x2 (flags O_RDWR)
18727 14:16:44.968692 fcntl64(0, F_SETFL, O_RDWR|O_NONBLOCK) = 0
18727 14:16:44.968703 write(0, "221 Goodbye.\r\n", 14) = 14
18727 14:16:44.968768 fcntl64(0, F_GETFL) = 0x802 (flags O_RDWR|O_NONBLOCK)
18727 14:16:44.968779 fcntl64(0, F_SETFL, O_RDWR) = 0
18727 14:16:44.968790 shutdown(0, 2 /* send and receive */) = 0
18727 14:16:44.968811 exit_group(0)     = ?
18725 14:16:44.968860 <... read resumed> 0xbf866307, 1) = ? ERESTARTSYS (To be restarted)
18725 14:16:44.968867 --- SIGCHLD (Child exited) @ 0 (0) ---
18725 14:16:44.968879 alarm(1)          = 0
18725 14:16:44.968890 sigreturn()       = ? (mask now [])
18725 14:16:44.968915 alarm(0)          = 1
18725 14:16:44.968925 wait4(-1, [{WIFEXITED(s) && WEXITSTATUS(s) == 0}], 0, NULL) = 18727
18725 14:16:44.968940 exit_group(0)     = ?
4380  14:16:44.968977 <... select resumed> ) = ? ERESTARTNOHAND (To be restarted)
4380  14:16:44.968984 --- SIGCHLD (Child exited) @ 0 (0) ---
4380  14:16:44.968991 write(4, "\21", 1) = 1
4380  14:16:44.969001 sigreturn()       = ? (mask now [])
4380  14:16:44.969025 select(13, [3 5 6 8 9 10 11 12], NULL, NULL, NULL) = 1 (in [3])
4380  14:16:44.969044 ioctl(3, FIONREAD, [1]) = 0
4380  14:16:44.969058 read(3, "\21", 1) = 1
4380  14:16:44.969071 waitpid(-1, [{WIFEXITED(s) && WEXITSTATUS(s) == 0}], WNOHANG) = 18725
4380  14:16:44.969088 close(-1)         = -1 EBADF (Bad file descriptor)
4380  14:16:44.969103 waitpid(-1, 0xbf9d5dbc, WNOHANG) = 0
4380  14:16:44.969114 select(13, [3 5 6 8 9 10 11 12], NULL, NULL, NULL <unfinished ...>
18724 14:16:45.388667 <... recv resumed> "TYPE I\r\n", 4096, MSG_PEEK) = 8
18724 14:16:45.388697 read(0, "TYPE I\r\n", 8) = 8
18724 14:16:45.388719 write(0, "200 Switching to Binary mode.\r\n", 31) = 31
18724 14:16:45.388767 rt_sigaction(SIGALRM, {0x805cad0, ~[RTMIN RT_1], 0}, NULL, 8) = 0
18724 14:16:45.388785 alarm(300)        = 299
18724 14:16:45.388798 recv(0, "PASV\r\n", 4096, MSG_PEEK) = 6
18724 14:16:45.388809 read(0, "PASV\r\n", 6) = 6
18724 14:16:45.388821 write(5, "\n", 1 <unfinished ...>
18722 14:16:45.388833 <... read resumed> "\n", 1) = 1
18724 14:16:45.388838 <... write resumed> ) = 1
18722 14:16:45.388845 write(4, "\1", 1) = 1
18722 14:16:45.388856 read(4,  <unfinished ...>
18724 14:16:45.388863 read(5, "\1", 1)  = 1
18724 14:16:45.388874 write(5, "\f", 1 <unfinished ...>
18722 14:16:45.388881 <... read resumed> "\f", 1) = 1
18724 14:16:45.388886 <... write resumed> ) = 1
18722 14:16:45.388893 socket(PF_INET, SOCK_STREAM, IPPROTO_TCP) = 5
18722 14:16:45.388908 setsockopt(5, SOL_SOCKET, SO_REUSEADDR, [1], 4) = 0
18722 14:16:45.388923 bind(5, {sa_family=AF_INET, sin_port=htons(49673), sin_addr=inet_addr("127.0.0.1")}, 16) = 0
18722 14:16:45.388939 listen(5, 1)      = 0
18722 14:16:45.388953 write(4, "\t\302\0\0", 4) = 4
18722 14:16:45.388964 read(4,  <unfinished ...>
18724 14:16:45.388971 read(5, "\t\302\0\0", 4) = 4
18724 14:16:45.388986 write(0, "227 Entering Passive Mode (127,0,0,1,194,9).\r\n", 46) = 46
18724 14:16:45.389066 rt_sigaction(SIGALRM, {0x805cad0, ~[RTMIN RT_1], 0}, NULL, 8) = 0
18724 14:16:45.389083 alarm(300)        = 300
18724 14:16:45.389094 recv(0, "STOR myfile31\r\n", 4096, MSG_PEEK) = 15
18724 14:16:45.389107 read(0, "STOR myfile31\r\n", 15) = 15
18724 14:16:45.389120 write(5, "\v", 1 <unfinished ...>
18722 14:16:45.389128 <... read resumed> "\v", 1) = 1
18724 14:16:45.389133 <... write resumed> ) = 1
18722 14:16:45.389139 write(4, "\1\0\0\0", 4) = 4
18722 14:16:45.389150 read(4,  <unfinished ...>
18724 14:16:45.389157 read(5, "\1\0\0\0", 4) = 4
18724 14:16:45.389168 gettimeofday({1495649805, 389172}, NULL) = 0
18724 14:16:45.389179 getcwd("/home/msfadmin", 4096) = 15
18724 14:16:45.389192 open("myfile31", O_WRONLY|O_CREAT|O_NONBLOCK|O_LARGEFILE, 0666) = 4
18724 14:16:45.389207 fstat64(4, {st_mode=S_IFREG|0644, st_size=17, ...}) = 0
18724 14:16:45.389225 fcntl64(4, F_GETFL) = 0x8801 (flags O_WRONLY|O_NONBLOCK|O_LARGEFILE)
18724 14:16:45.389236 fcntl64(4, F_SETFL, O_WRONLY|O_LARGEFILE) = 0
18724 14:16:45.389246 fcntl64(4, F_SETLKW64, {type=F_WRLCK, whence=SEEK_SET, start=0, len=0}, 0xbf87a264) = 0
18724 14:16:45.389260 ftruncate64(4, 0) = 0
18724 14:16:45.389306 _llseek(4, 0, [0], SEEK_SET) = 0
18724 14:16:45.389318 write(5, "\v", 1 <unfinished ...>
18722 14:16:45.389336 <... read resumed> "\v", 1) = 1
18724 14:16:45.389341 <... write resumed> ) = 1
18722 14:16:45.389347 write(4, "\1\0\0\0", 4) = 4
18722 14:16:45.389358 read(4,  <unfinished ...>
18724 14:16:45.389365 read(5, "\1\0\0\0", 4) = 4
18724 14:16:45.389376 write(5, "\v", 1 <unfinished ...>
18722 14:16:45.389382 <... read resumed> "\v", 1) = 1
18724 14:16:45.389387 <... write resumed> ) = 1
18722 14:16:45.389393 write(4, "\1\0\0\0", 4) = 4
18722 14:16:45.389409 read(4,  <unfinished ...>
18724 14:16:45.389416 read(5, "\1\0\0\0", 4) = 4
18724 14:16:45.389427 write(5, "\r", 1 <unfinished ...>
18722 14:16:45.389434 <... read resumed> "\r", 1) = 1
18724 14:16:45.389439 <... write resumed> ) = 1
18722 14:16:45.389446 select(6, [5], NULL, NULL, {60, 0}) = 1 (in [5], left {60, 0})
18722 14:16:45.389462 accept(5, {sa_family=AF_INET, sin_port=htons(42774), sin_addr=inet_addr("127.0.0.1")}, [16]) = 6
18722 14:16:45.389484 write(4, "\1", 1) = 1
18722 14:16:45.389496 sendmsg(4, {msg_name(0)=NULL, msg_iov(1)=[{"\0", 1}], msg_controllen=16, {cmsg_len=16, cmsg_level=SOL_SOCKET, cmsg_type=SCM_RIGHTS, {6}}, msg_flags=0}, 0) = 1
18722 14:16:45.389513 close(6)          = 0
18722 14:16:45.389523 read(4,  <unfinished ...>
18724 14:16:45.389529 read(5, "\1", 1)  = 1
18724 14:16:45.389542 recvmsg(5, {msg_name(0)=NULL, msg_iov(1)=[{"\0", 1}], msg_controllen=16, {cmsg_len=16, cmsg_level=SOL_SOCKET, cmsg_type=SCM_RIGHTS, {6}}, msg_flags=0}, 0) = 1
18724 14:16:45.389560 setsockopt(6, SOL_SOCKET, SO_KEEPALIVE, [1], 4) = 0
18724 14:16:45.389572 setsockopt(6, SOL_IP, IP_TOS, [8], 4) = 0
18724 14:16:45.389584 setsockopt(6, SOL_SOCKET, SO_LINGER, {onoff=1, linger=32767}, 8) = 0
18724 14:16:45.389595 rt_sigaction(SIGALRM, {0x805cad0, ~[RTMIN RT_1], 0}, NULL, 8) = 0
18724 14:16:45.389608 alarm(300)        = 300
18724 14:16:45.389621 write(0, "150 Ok to send data.\r\n", 22) = 22
18724 14:16:45.389687 read(6, "assasaaa\na\na\na\na\n", 65536) = 17
18724 14:16:45.389701 write(4, "assasaaa\na\na\na\na\n", 17) = 17
18724 14:16:45.389717 read(6, "", 65536) = 0
18724 14:16:45.389728 rt_sigaction(SIGALRM, {0x805cad0, ~[RTMIN RT_1], 0}, NULL, 8) = 0
18724 14:16:45.389741 alarm(300)        = 300
18724 14:16:45.389751 close(6)          = 0
18724 14:16:45.389768 alarm(0)          = 300
18724 14:16:45.389778 gettimeofday({1495649805, 389781}, NULL) = 0
18724 14:16:45.389793 gettimeofday({1495649805, 389797}, NULL) = 0
18724 14:16:45.389808 fcntl64(3, F_SETLKW64, {type=F_WRLCK, whence=SEEK_SET, start=0, len=0}, 0xbf87a204) = 0
18724 14:16:45.389822 write(3, "Wed May 24 14:16:45 2017 [pid 18724] [msfadmin] OK UPLOAD: Client \"127.0.0.1\", \"/home/msfadmin/myfile31\", 17 bytes, 26.56Kbyte/sec\n", 131) = 131
18724 14:16:45.389844 fcntl64(3, F_SETLK64, {type=F_UNLCK, whence=SEEK_SET, start=0, len=0}, 0xbf87a20c) = 0
18724 14:16:45.389858 write(0, "226 Transfer complete.\r\n", 24) = 24
18724 14:16:45.389901 write(5, "\n", 1 <unfinished ...>
18722 14:16:45.389910 <... read resumed> "\n", 1) = 1
18724 14:16:45.389915 <... write resumed> ) = 1
18722 14:16:45.389921 close(5)          = 0
18722 14:16:45.389932 write(4, "\1", 1) = 1
18722 14:16:45.389943 read(4,  <unfinished ...>
18724 14:16:45.389949 read(5, "\1", 1)  = 1
18724 14:16:45.389960 close(4)          = 0
18724 14:16:45.389971 rt_sigaction(SIGALRM, {0x805cad0, ~[RTMIN RT_1], 0}, NULL, 8) = 0
18724 14:16:45.389984 alarm(300)        = 0
18724 14:16:45.389994 recv(0,  <unfinished ...>
4380  14:16:45.538708 <... select resumed> ) = 1 (in [5])
4380  14:16:45.538748 accept(5, {sa_family=AF_INET, sin_port=htons(58769), sin_addr=inet_addr("127.0.0.1")}, [16]) = 13
4380  14:16:45.538799 time(NULL)        = 1495649805
4380  14:16:45.538813 clone(child_stack=0, flags=CLONE_CHILD_CLEARTID|CLONE_CHILD_SETTID|SIGCHLD, child_tidptr=0xb7dd26f8) = 18728
18728 14:16:45.538966 rt_sigaction(SIGPIPE, {SIG_DFL}, {SIG_IGN}, 8) = 0
18728 14:16:45.538983 rt_sigaction(SIGTSTP, {SIG_DFL}, {SIG_IGN}, 8) = 0
18728 14:16:45.538995 rt_sigaction(SIGTTIN, {SIG_DFL}, {SIG_IGN}, 8) = 0
18728 14:16:45.539007 rt_sigaction(SIGTTOU, {SIG_DFL}, {SIG_IGN}, 8) = 0
18728 14:16:45.539021 rt_sigprocmask(SIG_SETMASK, [], NULL, 8) = 0
18728 14:16:45.539035 close(3)          = 0
18728 14:16:45.539045 close(4)          = 0
18728 14:16:45.539054 open("/dev/null", O_RDONLY) = 3
18728 14:16:45.539071 dup2(3, 0)        = 0
18728 14:16:45.539081 dup2(3, 1)        = 1
18728 14:16:45.539090 dup2(3, 2)        = 2
18728 14:16:45.539098 close(3)          = 0
18728 14:16:45.539110 setgid32(0)       = 0
18728 14:16:45.539132 setgroups32(0, []) = 0
18728 14:16:45.539143 setuid32(0)       = 0
18728 14:16:45.539155 getpriority(PRIO_PROCESS, 0) = 20
18728 14:16:45.539165 setpriority(PRIO_PROCESS, 0, 10) = 0
18728 14:16:45.539174 getpriority(PRIO_PROCESS, 0) = 10
18728 14:16:45.539211 getpeername(13, {sa_family=AF_INET, sin_port=htons(58769), sin_addr=inet_addr("127.0.0.1")}, [16]) = 0
18728 14:16:45.539234 getsockname(13, {sa_family=AF_INET, sin_port=htons(21), sin_addr=inet_addr("127.0.0.1")}, [16]) = 0
18728 14:16:45.539262 open("/etc/hosts.allow", O_RDONLY) = 3
18728 14:16:45.539281 fstat64(3, {st_mode=S_IFREG|0644, st_size=588, ...}) = 0
18728 14:16:45.539301 mmap2(NULL, 4096, PROT_READ|PROT_WRITE, MAP_PRIVATE|MAP_ANONYMOUS, -1, 0) = 0xb7fa1000
18728 14:16:45.539315 read(3, "# /etc/hosts.allow: list of hosts that are allowed to access the system.\n#                   See the manual pages hosts_access(5) and hosts_options(5).\n#\n# Example:    ALL: LOCAL @some_netgroup\n#             ALL: .foobar.edu EXCEPT terminalserver.foobar.edu\n#\n# If you\'re going to protect the portmapper use the name \"portmap\" for the\n# daemon name. Remember that you can only use the keyword \"ALL\" and IP\n# addresses (NOT host or domain names) for the portmapper, as well as for\n# rpc.mountd (the NFS mount daemon). See portmap(8) and rpc.mountd(8)\n# for further information.\n#\n\nALL:ALL\n", 4096) = 588
18728 14:16:45.539387 close(3)          = 0
18728 14:16:45.539398 munmap(0xb7fa1000, 4096) = 0
18728 14:16:45.539418 fcntl64(13, F_SETFD, 0) = 0
18728 14:16:45.539418 close(7)          = 0
18728 14:16:45.539418 dup2(13, 0)       = 0
18728 14:16:45.539418 dup2(13, 1)       = 1
18728 14:16:45.539419 dup2(13, 2)       = 2
18728 14:16:45.539419 setrlimit(RLIMIT_NOFILE, {rlim_cur=1024, rlim_max=1024}) = 0
18728 14:16:45.539419 close(13)         = 0
18728 14:16:45.539419 setsid()          = 18728
18728 14:16:45.539420 execve("/usr/sbin/vsftpd", ["vsftpd"], [/* 15 vars */]) = 0
18728 14:16:45.539420 brk(0)            = 0x8064000
18728 14:16:45.539420 access("/etc/ld.so.nohwcap", F_OK) = -1 ENOENT (No such file or directory)
18728 14:16:45.539420 mmap2(NULL, 8192, PROT_READ|PROT_WRITE, MAP_PRIVATE|MAP_ANONYMOUS, -1, 0) = 0xb7fb2000
18728 14:16:45.539421 access("/etc/ld.so.preload", R_OK) = -1 ENOENT (No such file or directory)
18728 14:16:45.539421 open("/etc/ld.so.cache", O_RDONLY) = 3
18728 14:16:45.539421 fstat64(3, {st_mode=S_IFREG|0644, st_size=29913, ...}) = 0
18728 14:16:45.539421 mmap2(NULL, 29913, PROT_READ, MAP_PRIVATE, 3, 0) = 0xb7faa000
18728 14:16:45.539437 close(3)          = 0
18728 14:16:45.539449 access("/etc/ld.so.nohwcap", F_OK) = -1 ENOENT (No such file or directory)
18728 14:16:45.539474 open("/lib/libpam.so.0", O_RDONLY) = 3
18728 14:16:45.539488 read(3, "\177ELF\1\1\1\0\0\0\0\0\0\0\0\0\3\0\3\0\1\0\0\0\320\30\0\0004\0\0\0\f\220\0\0\0\0\0\0004\0 \0\4\0(\0\33\0\32\0\1\0\0\0\0\0\0\0\0\0\0\0\0\0\0\0t\214\0\0t\214\0\0\5\0\0\0\0\20\0\0\1\0\0\0t\214\0\0t\234\0\0t\234\0\0\250\2\0\0\254\2\0\0\6\0\0\0\0\20\0\0\2\0\0\0D\215\0\0D\235\0\0D\235\0\0\350\0\0\0\350\0\0\0\6\0\0\0\4\0\0\0Q\345td\0\0\0\0\0\0\0\0\0\0\0\0\0\0\0\0\0\0\0\0\6\0\0\0\4\0\0\0\254\0\0\0X\0\0\0D\0\0\0\0\0\0\0G\0\0\0\7\0\0\0*\0\0\0\v\0\0\0\36\0\0\0\0\0\0\0K\0\0\0L\0\0\0\34\0\0\0\0\0\0\0\0\0\0\0V\0\0\0\0\0\0\0\0\0\0\0\21\0\0\0\33\0\0\0\0\0\0\0\0\0\0\0\0\0\0\0>\0\0\0O\0\0\0\0\0\0\0\0\0\0\0\0\0\0\0\2\0\0\0\0\0\0\0\0\0\0\0P\0\0\0R\0\0\0\0\0\0\0A\0\0\0?\0\0\0\0\0\0\0\0\0\0\0;\0\0\0\r\0\0\0\0\0\0\0\0\0\0\0\0\0\0\0006\0\0\0(\0\0\0\0\0\0\0.\0\0\0\16\0\0\0,\0\0\0\0\0\0\0!\0\0\0\30\0\0\0\0\0\0\0\0\0\0\0\0\0\0\0\0\0\0\0\0\0\0\0\31\0\0\0\0\0\0\0<\0\0\0W\0\0\0+\0\0\0M\0\0\0\0\0\0\0\0\0\0\0&\0\0\0\0\0\0\0N\0\0\0\0\0\0\0\0\0\0\0\27\0\0\0\0\0\0\0\0\0\0\0\0\0\0\0001\0\0\0%\0\0\0\35\0\0\0\0\0\0\0/\0\0\0\0\0\0\0\0\0\0\0\0\0\0\0B\0\0\0", 512) = 512
18728 14:16:45.539577 fstat64(3, {st_mode=S_IFREG|0644, st_size=37956, ...}) = 0
18728 14:16:45.539595 mmap2(NULL, 40736, PROT_READ|PROT_EXEC, MAP_PRIVATE|MAP_DENYWRITE, 3, 0) = 0xb7fa0000
18728 14:16:45.539607 mmap2(0xb7fa9000, 4096, PROT_READ|PROT_WRITE, MAP_PRIVATE|MAP_FIXED|MAP_DENYWRITE, 3, 0x8) = 0xb7fa9000
18728 14:16:45.539626 close(3)          = 0
18728 14:16:45.539639 access("/etc/ld.so.nohwcap", F_OK) = -1 ENOENT (No such file or directory)
18728 14:16:45.539652 open("/lib/tls/i686/cmov/libdl.so.2", O_RDONLY) = 3
18728 14:16:45.539667 read(3, "\177ELF\1\1\1\0\0\0\0\0\0\0\0\0\3\0\3\0\1\0\0\0p\n\0\0004\0\0\0L!\0\0\0\0\0\0004\0 \0\10\0(\0\35\0\34\0\6\0\0\0004\0\0\0004\0\0\0004\0\0\0\0\1\0\0\0\1\0\0\5\0\0\0\4\0\0\0\3\0\0\0003\33\0\0003\33\0\0003\33\0\0\23\0\0\0\23\0\0\0\4\0\0\0\1\0\0\0\1\0\0\0\0\0\0\0\0\0\0\0\0\0\0\0\374\34\0\0\374\34\0\0\5\0\0\0\0\20\0\0\1\0\0\0\264\36\0\0\264.\0\0\264.\0\0\230\1\0\0\310\1\0\0\6\0\0\0\0\20\0\0\2\0\0\0\320\36\0\0\320.\0\0\320.\0\0\370\0\0\0\370\0\0\0\6\0\0\0\4\0\0\0\4\0\0\0004\1\0\0004\1\0\0004\1\0\0 \0\0\0 \0\0\0\4\0\0\0\4\0\0\0Q\345td\0\0\0\0\0\0\0\0\0\0\0\0\0\0\0\0\0\0\0\0\6\0\0\0\4\0\0\0R\345td\264\36\0\0\264.\0\0\264.\0\0@\1\0\0@\1\0\0\4\0\0\0\1\0\0\0\4\0\0\0\20\0\0\0\1\0\0\0GNU\0\0\0\0\0\2\0\0\0\6\0\0\0\10\0\0\0\26\0\0\0\31\0\0\0\4\0\0\0\7\0\0\0\230\0\21\0\0B\0\0\202\0`\10\223(\10\336\31\0\0\0\0\0\0\0\0\0\0\0\0\0\0\0\32\0\0\0\0\0\0\0\33\0\0\0\34\0\0\0\0\0\0\0\36\0\0\0\0\0\0\0\0\0\0\0\37\0\0\0!\0\0\0\"\0\0\0\0\0\0\0\0\0\0\0#\0\0\0%\0\0\0&\0\0\0\0\0\0\0(\0\0\0\221!\374\370\225\263_\31\5\350\7\371\6\2\4\371\7\2\4\371\301S\200\30\256\304M\17a\242\222\6\325=l\366\327=l\366\370\31sB\353\26\251\30\373\31sB", 512) = 512
18728 14:16:45.539755 fstat64(3, {st_mode=S_IFREG|0644, st_size=9684, ...}) = 0
18728 14:16:45.539772 mmap2(NULL, 12412, PROT_READ|PROT_EXEC, MAP_PRIVATE|MAP_DENYWRITE, 3, 0) = 0xb7f9c000
18728 14:16:45.539783 mmap2(0xb7f9e000, 8192, PROT_READ|PROT_WRITE, MAP_PRIVATE|MAP_FIXED|MAP_DENYWRITE, 3, 0x1) = 0xb7f9e000
18728 14:16:45.539800 close(3)          = 0
18728 14:16:45.539812 access("/etc/ld.so.nohwcap", F_OK) = -1 ENOENT (No such file or directory)
18728 14:16:45.539825 open("/lib/tls/i686/cmov/libnsl.so.1", O_RDONLY) = 3
