18136 14:10:47.578256 open("/etc/passwd", O_RDONLY|0x80000 /* O_??? */) = 5
18136 14:10:47.578271 _llseek(5, 0, [0], SEEK_CUR) = 0
18136 14:10:47.578282 fstat64(5, {st_mode=S_IFREG|0644, st_size=1624, ...}) = 0
18136 14:10:47.578299 mmap2(NULL, 1624, PROT_READ, MAP_SHARED, 5, 0) = 0xb7fbb000
18136 14:10:47.578310 _llseek(5, 1624, [1624], SEEK_SET) = 0
18136 14:10:47.578329 munmap(0xb7fbb000, 1624) = 0
18136 14:10:47.578340 close(5)          = 0
18136 14:10:47.578364 open("/etc/shadow", O_RDONLY|0x80000 /* O_??? */) = 5
18136 14:10:47.578383 _llseek(5, 0, [0], SEEK_CUR) = 0
18136 14:10:47.578394 fstat64(5, {st_mode=S_IFREG|0640, st_size=1233, ...}) = 0
18136 14:10:47.578410 mmap2(NULL, 1233, PROT_READ, MAP_SHARED, 5, 0) = 0xb7fbb000
18136 14:10:47.578421 _llseek(5, 1233, [1233], SEEK_SET) = 0
18136 14:10:47.578441 munmap(0xb7fbb000, 1233) = 0
18136 14:10:47.578451 close(5)          = 0
18136 14:10:47.578470 open("/etc/passwd", O_RDONLY|0x80000 /* O_??? */) = 5
18136 14:10:47.578483 _llseek(5, 0, [0], SEEK_CUR) = 0
18136 14:10:47.578493 fstat64(5, {st_mode=S_IFREG|0644, st_size=1624, ...}) = 0
18136 14:10:47.578510 mmap2(NULL, 1624, PROT_READ, MAP_SHARED, 5, 0) = 0xb7fbb000
18136 14:10:47.578520 _llseek(5, 1624, [1624], SEEK_SET) = 0
18136 14:10:47.578536 munmap(0xb7fbb000, 1624) = 0
18136 14:10:47.578546 close(5)          = 0
18136 14:10:47.578559 open("/etc/shadow", O_RDONLY|0x80000 /* O_??? */) = 5
18136 14:10:47.578572 _llseek(5, 0, [0], SEEK_CUR) = 0
18136 14:10:47.578582 fstat64(5, {st_mode=S_IFREG|0640, st_size=1233, ...}) = 0
18136 14:10:47.578599 mmap2(NULL, 1233, PROT_READ, MAP_SHARED, 5, 0) = 0xb7fbb000
18136 14:10:47.578609 _llseek(5, 1233, [1233], SEEK_SET) = 0
18136 14:10:47.578626 munmap(0xb7fbb000, 1233) = 0
18136 14:10:47.578635 close(5)          = 0
18136 14:10:47.578854 getuid32()        = 0
18136 14:10:47.578869 open("/etc/passwd", O_RDONLY|0x80000 /* O_??? */) = 5
18136 14:10:47.578883 _llseek(5, 0, [0], SEEK_CUR) = 0
18136 14:10:47.578894 fstat64(5, {st_mode=S_IFREG|0644, st_size=1624, ...}) = 0
18136 14:10:47.578910 mmap2(NULL, 1624, PROT_READ, MAP_SHARED, 5, 0) = 0xb7fbb000
18136 14:10:47.578922 _llseek(5, 1624, [1624], SEEK_SET) = 0
18136 14:10:47.578938 munmap(0xb7fbb000, 1624) = 0
18136 14:10:47.578948 close(5)          = 0
18136 14:10:47.578962 open("/etc/shadow", O_RDONLY|0x80000 /* O_??? */) = 5
18136 14:10:47.578975 _llseek(5, 0, [0], SEEK_CUR) = 0
18136 14:10:47.578986 fstat64(5, {st_mode=S_IFREG|0640, st_size=1233, ...}) = 0
18136 14:10:47.579002 mmap2(NULL, 1233, PROT_READ, MAP_SHARED, 5, 0) = 0xb7fbb000
18136 14:10:47.579012 _llseek(5, 1233, [1233], SEEK_SET) = 0
18136 14:10:47.579029 munmap(0xb7fbb000, 1233) = 0
18136 14:10:47.579039 close(5)          = 0
18136 14:10:47.579051 time(NULL)        = 1495649447
18136 14:10:47.579070 munmap(0xb7fb8000, 12164) = 0
18136 14:10:47.579084 munmap(0xb7fb6000, 7136) = 0
18136 14:10:47.579099 munmap(0xb7deb000, 95428) = 0
18136 14:10:47.579110 munmap(0xb7db1000, 201052) = 0
18136 14:10:47.579122 munmap(0xb7d98000, 101180) = 0
18136 14:10:47.579138 gettimeofday({1495649447, 579142}, NULL) = 0
18136 14:10:47.579150 stat64("/usr/share/zoneinfo/UTC+04:00", 0xbfe6f7e4) = -1 ENOENT (No such file or directory)
18136 14:10:47.579165 open("/usr/share/zoneinfo/UTC+04:00", O_RDONLY) = -1 ENOENT (No such file or directory)
18136 14:10:47.579191 fcntl64(3, F_SETLKW64, {type=F_WRLCK, whence=SEEK_SET, start=0, len=0}, 0xbfe6f934) = 0
18136 14:10:47.579207 write(3, "Wed May 24 14:10:47 2017 [pid 18136] [msfadmin] OK LOGIN: Client \"127.0.0.1\"\n", 77) = 77
18136 14:10:47.579224 fcntl64(3, F_SETLK64, {type=F_UNLCK, whence=SEEK_SET, start=0, len=0}, 0xbfe6f93c) = 0
18136 14:10:47.579237 rt_sigaction(SIGCHLD, {0x805cad0, ~[RTMIN RT_1], 0}, NULL, 8) = 0
18136 14:10:47.579252 write(4, "\1", 1 <unfinished ...>
18137 14:10:47.579261 <... read resumed> "\1", 1) = 1
18136 14:10:47.579267 <... write resumed> ) = 1
18137 14:10:47.579274 exit_group(0)     = ?
18136 14:10:47.579302 --- SIGCHLD (Child exited) @ 0 (0) ---
18136 14:10:47.579310 sigreturn()       = ? (mask now [])
18136 14:10:47.579329 wait4(-1, [{WIFEXITED(s) && WEXITSTATUS(s) == 0}], 0, NULL) = 18137
18136 14:10:47.579343 close(4)          = 0
18136 14:10:47.579355 socketpair(PF_FILE, SOCK_STREAM, 0, [4, 5]) = 0
18136 14:10:47.579368 rt_sigaction(SIGCHLD, {0x805cad0, ~[RTMIN RT_1], 0}, NULL, 8) = 0
18136 14:10:47.579382 rt_sigaction(SIGALRM, {0x805cb10, ~[RTMIN RT_1], 0}, NULL, 8) = 0
18136 14:10:47.579396 clone(child_stack=0, flags=CLONE_CHILD_CLEARTID|CLONE_CHILD_SETTID|SIGCHLD, child_tidptr=0xb7e216f8) = 18138
18138 14:10:47.579446 prctl(0x1, 0x9, 0, 0, 0) = 0
18138 14:10:47.579459 close(4)          = 0
18138 14:10:47.579486 open("/etc/passwd", O_RDONLY|0x80000 /* O_??? */) = 4
18138 14:10:47.579504 _llseek(4, 0, [0], SEEK_CUR) = 0
18138 14:10:47.579519 fstat64(4, {st_mode=S_IFREG|0644, st_size=1624, ...}) = 0
18138 14:10:47.579538 mmap2(NULL, 1624, PROT_READ, MAP_SHARED, 4, 0) = 0xb7fbb000
18138 14:10:47.579550 _llseek(4, 1624, [1624], SEEK_SET) = 0
18138 14:10:47.579573 munmap(0xb7fbb000, 1624) = 0
18138 14:10:47.579585 close(4)          = 0
18138 14:10:47.579598 getuid32()        = 0
18138 14:10:47.579608 open("/etc/passwd", O_RDONLY|0x80000 /* O_??? */) = 4
18138 14:10:47.579621 _llseek(4, 0, [0], SEEK_CUR) = 0
18138 14:10:47.579632 fstat64(4, {st_mode=S_IFREG|0644, st_size=1624, ...}) = 0
18138 14:10:47.579648 mmap2(NULL, 1624, PROT_READ, MAP_SHARED, 4, 0) = 0xb7fbb000
18138 14:10:47.579659 _llseek(4, 1624, [1624], SEEK_SET) = 0
18138 14:10:47.579675 munmap(0xb7fbb000, 1624) = 0
18138 14:10:47.579690 close(4)          = 0
18138 14:10:47.579749 open("/proc/sys/kernel/ngroups_max", O_RDONLY) = 4
18138 14:10:47.579771 read(4, "65536\n", 31) = 6
18138 14:10:47.579783 close(4)          = 0
18138 14:10:47.579797 socket(PF_FILE, SOCK_STREAM, 0) = 4
18138 14:10:47.579809 fcntl64(4, F_SETFL, O_RDWR|O_NONBLOCK) = 0
18138 14:10:47.579820 connect(4, {sa_family=AF_FILE, path="/var/run/nscd/socket"}, 110) = -1 ENOENT (No such file or directory)
18138 14:10:47.579841 close(4)          = 0
18138 14:10:47.579853 socket(PF_FILE, SOCK_STREAM, 0) = 4
18138 14:10:47.579863 fcntl64(4, F_SETFL, O_RDWR|O_NONBLOCK) = 0
18138 14:10:47.579874 connect(4, {sa_family=AF_FILE, path="/var/run/nscd/socket"}, 110) = -1 ENOENT (No such file or directory)
18138 14:10:47.579892 close(4)          = 0
18138 14:10:47.579916 open("/etc/group", O_RDONLY|0x80000 /* O_??? */) = 4
18138 14:10:47.579931 _llseek(4, 0, [0], SEEK_CUR) = 0
18138 14:10:47.579942 fstat64(4, {st_mode=S_IFREG|0644, st_size=886, ...}) = 0
18138 14:10:47.579959 mmap2(NULL, 886, PROT_READ, MAP_SHARED, 4, 0) = 0xb7fbb000
18138 14:10:47.579970 _llseek(4, 886, [886], SEEK_SET) = 0
18138 14:10:47.579995 fstat64(4, {st_mode=S_IFREG|0644, st_size=886, ...}) = 0
18138 14:10:47.580013 munmap(0xb7fbb000, 886) = 0
18138 14:10:47.580027 close(4)          = 0
18138 14:10:47.580037 setgroups32(13, [1000, 4, 20, 24, 25, 29, 30, 44, 46, 107, 111, 112, 119]) = 0
18138 14:10:47.580054 geteuid32()       = 0
18138 14:10:47.580066 getegid32()       = 0
18138 14:10:47.580077 setregid32(-1, 1000) = 0
18138 14:10:47.580087 setreuid32(-1, 1000) = 0
18138 14:10:47.580099 chdir("/home/msfadmin") = 0
18138 14:10:47.580111 setreuid32(-1, 0) = 0
18138 14:10:47.580120 setregid32(-1, 0) = 0
18138 14:10:47.580131 setgid32(1000)    = 0
18138 14:10:47.580141 setuid32(1000)    = 0
18138 14:10:47.580152 setrlimit(RLIMIT_NPROC, {rlim_cur=0, rlim_max=0}) = 0
18138 14:10:47.580165 mmap2(NULL, 12288, PROT_READ|PROT_WRITE, MAP_PRIVATE|MAP_ANONYMOUS, -1, 0) = 0xb7fb9000
18138 14:10:47.580177 mprotect(0xb7fbb000, 4096, PROT_NONE) = 0
18138 14:10:47.580189 mprotect(0xb7fb9000, 4096, PROT_NONE) = 0
18138 14:10:47.580200 getcwd("/home/msfadmin", 4096) = 15
18138 14:10:47.580214 umask(022)        = 077
18138 14:10:47.580224 getcwd("/home/msfadmin", 4096) = 15
18138 14:10:47.580238 open(".message", O_RDONLY|O_NONBLOCK|O_LARGEFILE) = -1 ENOENT (No such file or directory)
18138 14:10:47.580260 write(0, "230 Login successful.\r\n", 23) = 23
18138 14:10:47.580325 rt_sigaction(SIGALRM, {0x805cad0, ~[RTMIN RT_1], 0}, NULL, 8) = 0
18138 14:10:47.580343 alarm(300)        = 0
18138 14:10:47.580354 mmap2(NULL, 12288, PROT_READ|PROT_WRITE, MAP_PRIVATE|MAP_ANONYMOUS, -1, 0) = 0xb7fb6000
18138 14:10:47.580365 mprotect(0xb7fb8000, 4096, PROT_NONE) = 0
18138 14:10:47.580377 mprotect(0xb7fb6000, 4096, PROT_NONE) = 0
18138 14:10:47.580390 recv(0, "TYPE I\r\n", 4096, MSG_PEEK) = 8
18138 14:10:47.580403 read(0, "TYPE I\r\n", 8) = 8
18138 14:10:47.580420 write(0, "200 Switching to Binary mode.\r\n", 31) = 31
18138 14:10:47.580459 rt_sigaction(SIGALRM, {0x805cad0, ~[RTMIN RT_1], 0}, NULL, 8) = 0
18138 14:10:47.580475 alarm(300)        = 300
18138 14:10:47.580486 recv(0, "PASV\r\n", 4096, MSG_PEEK) = 6
18138 14:10:47.580498 read(0, "PASV\r\n", 6) = 6
18138 14:10:47.580510 write(5, "\n", 1) = 1
18138 14:10:47.580521 read(5,  <unfinished ...>
18136 14:10:47.580533 close(5)          = 0
18136 14:10:47.580546 getuid32()        = 0
18136 14:10:47.580561 open("/etc/passwd", O_RDONLY|0x80000 /* O_??? */) = 5
18136 14:10:47.580576 _llseek(5, 0, [0], SEEK_CUR) = 0
18136 14:10:47.580589 fstat64(5, {st_mode=S_IFREG|0644, st_size=1624, ...}) = 0
18136 14:10:47.580607 mmap2(NULL, 1624, PROT_READ, MAP_SHARED, 5, 0) = 0xb7fbb000
18136 14:10:47.580619 _llseek(5, 1624, [1624], SEEK_SET) = 0
18136 14:10:47.580636 munmap(0xb7fbb000, 1624) = 0
18136 14:10:47.580648 close(5)          = 0
18136 14:10:47.580688 setgroups32(0, []) = 0
18136 14:10:47.580701 chdir("/usr/share/empty") = 0
18136 14:10:47.580724 chroot(".")       = 0
18136 14:10:47.580735 capset(NULL, NULL) = -1 EFAULT (Bad address)
18136 14:10:47.580749 prctl(0x8, 0, 0xbfe6f918, 0x80549a6, 0xbfe6f900) = 0
18136 14:10:47.580760 prctl(0x8, 0x1, 0xbfe6f918, 0x8054a49, 0xbfe6f900) = 0
18136 14:10:47.580770 setgid32(65534)   = 0
18136 14:10:47.580780 setuid32(65534)   = 0
18136 14:10:47.580790 capset(0x19980330, 0, {CAP_NET_BIND_SERVICE, CAP_NET_BIND_SERVICE, 0}) = 0
18136 14:10:47.580804 read(4, "\n", 1)  = 1
18136 14:10:47.580817 write(4, "\1", 1) = 1
18138 14:10:47.580829 <... read resumed> "\1", 1) = 1
18138 14:10:47.580836 write(5, "\f", 1) = 1
18138 14:10:47.580847 read(5,  <unfinished ...>
18136 14:10:47.580854 read(4, "\f", 1)  = 1
18136 14:10:47.580866 socket(PF_INET, SOCK_STREAM, IPPROTO_TCP) = 5
18136 14:10:47.580880 setsockopt(5, SOL_SOCKET, SO_REUSEADDR, [1], 4) = 0
18136 14:10:47.580892 gettimeofday({1495649447, 580895}, NULL) = 0
18136 14:10:47.580908 bind(5, {sa_family=AF_INET, sin_port=htons(54172), sin_addr=inet_addr("127.0.0.1")}, 16) = 0
18136 14:10:47.580924 listen(5, 1)      = 0
18136 14:10:47.580938 write(4, "\234\323\0\0", 4) = 4
18138 14:10:47.580949 <... read resumed> "\234\323\0\0", 4) = 4
18138 14:10:47.580963 write(0, "227 Entering Passive Mode (127,0,0,1,211,156).\r\n", 48) = 48
18138 14:10:47.581070 rt_sigaction(SIGALRM, {0x805cad0, ~[RTMIN RT_1], 0}, NULL, 8) = 0
18138 14:10:47.581092 alarm(300)        = 300
18138 14:10:47.581104 recv(0, "RETR myfile13\r\n", 4096, MSG_PEEK) = 15
18138 14:10:47.581116 read(0, "RETR myfile13\r\n", 15) = 15
18138 14:10:47.581131 write(5, "\v", 1) = 1
18138 14:10:47.581142 read(5,  <unfinished ...>
18136 14:10:47.581149 read(4, "\v", 1)  = 1
18136 14:10:47.581161 write(4, "\1\0\0\0", 4) = 4
18138 14:10:47.581172 <... read resumed> "\1\0\0\0", 4) = 4
18138 14:10:47.581180 gettimeofday({1495649447, 581184}, NULL) = 0
18138 14:10:47.581191 getcwd("/home/msfadmin", 4096) = 15
18138 14:10:47.581203 open("myfile13", O_RDONLY|O_NONBLOCK|O_LARGEFILE) = 4
18138 14:10:47.581217 fcntl64(4, F_SETLKW64, {type=F_RDLCK, whence=SEEK_SET, start=0, len=0}, 0xbfe6f884) = 0
18138 14:10:47.581230 fstat64(4, {st_mode=S_IFREG|0644, st_size=17, ...}) = 0
18138 14:10:47.581247 fcntl64(4, F_GETFL) = 0x8800 (flags O_RDONLY|O_NONBLOCK|O_LARGEFILE)
18138 14:10:47.581258 fcntl64(4, F_SETFL, O_RDONLY|O_LARGEFILE) = 0
18138 14:10:47.581270 write(5, "\v", 1) = 1
18138 14:10:47.581281 read(5,  <unfinished ...>
18136 14:10:47.581289 read(4, "\v", 1)  = 1
18136 14:10:47.581300 write(4, "\1\0\0\0", 4) = 4
18138 14:10:47.581311 <... read resumed> "\1\0\0\0", 4) = 4
18138 14:10:47.581318 write(5, "\v", 1) = 1
18138 14:10:47.581328 read(5,  <unfinished ...>
18136 14:10:47.581335 read(4, "\v", 1)  = 1
18136 14:10:47.581346 write(4, "\1\0\0\0", 4) = 4
18138 14:10:47.581356 <... read resumed> "\1\0\0\0", 4) = 4
18138 14:10:47.581363 write(5, "\r", 1) = 1
18138 14:10:47.581374 read(5,  <unfinished ...>
18136 14:10:47.581380 read(4, "\r", 1)  = 1
18136 14:10:47.581393 select(6, [5], NULL, NULL, {60, 0}) = 1 (in [5], left {60, 0})
18136 14:10:47.581410 accept(5, {sa_family=AF_INET, sin_port=htons(50188), sin_addr=inet_addr("127.0.0.1")}, [16]) = 6
18136 14:10:47.581432 write(4, "\1", 1) = 1
18138 14:10:47.581443 <... read resumed> "\1", 1) = 1
18138 14:10:47.581452 recvmsg(5,  <unfinished ...>
18136 14:10:47.581461 sendmsg(4, {msg_name(0)=NULL, msg_iov(1)=[{"\0", 1}], msg_controllen=16, {cmsg_len=16, cmsg_level=SOL_SOCKET, cmsg_type=SCM_RIGHTS, {6}}, msg_flags=0}, 0) = 1
18138 14:10:47.581479 <... recvmsg resumed> {msg_name(0)=NULL, msg_iov(1)=[{"\0", 1}], msg_controllen=16, {cmsg_len=16, cmsg_level=SOL_SOCKET, cmsg_type=SCM_RIGHTS, {6}}, msg_flags=0}, 0) = 1
18138 14:10:47.581492 setsockopt(6, SOL_SOCKET, SO_KEEPALIVE, [1], 4) = 0
18138 14:10:47.581505 setsockopt(6, SOL_IP, IP_TOS, [8], 4) = 0
18138 14:10:47.581517 setsockopt(6, SOL_SOCKET, SO_LINGER, {onoff=1, linger=32767}, 8) = 0
18138 14:10:47.581528 rt_sigaction(SIGALRM, {0x805cad0, ~[RTMIN RT_1], 0}, NULL, 8) = 0
18138 14:10:47.581542 alarm(300)        = 300
18138 14:10:47.581555 write(0, "150 Opening BINARY mode data connection for myfile13 (17 bytes).\r\n", 66) = 66
18138 14:10:47.581597 _llseek(4, 0, [0], SEEK_CUR) = 0
18138 14:10:47.581610 fstat64(4, {st_mode=S_IFREG|0644, st_size=17, ...}) = 0
18138 14:10:47.581652 _llseek(4, 0, [0], SEEK_SET) = 0
18138 14:10:47.581676 sendfile(6, 4, NULL, 17) = 17
18138 14:10:47.581706 rt_sigaction(SIGALRM, {0x805cad0, ~[RTMIN RT_1], 0}, NULL, 8) = 0
18138 14:10:47.581721 alarm(300)        = 300
18138 14:10:47.581731 close(6)          = 0
18138 14:10:47.581741 alarm(0)          = 300
18138 14:10:47.581750 gettimeofday({1495649447, 581754}, NULL) = 0
18138 14:10:47.581768 getpid()          = 18138
18138 14:10:47.581780 gettimeofday({1495649447, 581784}, NULL) = 0
18138 14:10:47.581801 fcntl64(3, F_SETLKW64, {type=F_WRLCK, whence=SEEK_SET, start=0, len=0}, 0xbfe6f824) = 0
18138 14:10:47.581817 write(3, "Wed May 24 14:10:47 2017 [pid 18138] [msfadmin] OK DOWNLOAD: Client \"127.0.0.1\", \"/home/msfadmin/myfile13\", 17 bytes, 27.67Kbyte/sec\n", 133) = 133
18138 14:10:47.581838 fcntl64(3, F_SETLK64, {type=F_UNLCK, whence=SEEK_SET, start=0, len=0}, 0xbfe6f82c) = 0
18138 14:10:47.581852 write(0, "226 Transfer complete.\r\n", 24) = 24
18138 14:10:47.581868 write(5, "\n", 1) = 1
18138 14:10:47.581879 read(5,  <unfinished ...>
18136 14:10:47.581886 close(6)          = 0
18136 14:10:47.581968 read(4, "\n", 1)  = 1
18136 14:10:47.581981 close(5)          = 0
18136 14:10:47.581993 write(4, "\1", 1) = 1
18138 14:10:47.582004 <... read resumed> "\1", 1) = 1
18138 14:10:47.582011 close(4)          = 0
18138 14:10:47.582022 rt_sigaction(SIGALRM, {0x805cad0, ~[RTMIN RT_1], 0}, NULL, 8) = 0
18138 14:10:47.582036 alarm(300)        = 0
18138 14:10:47.582047 recv(0,  <unfinished ...>
18136 14:10:47.582055 read(4,  <unfinished ...>
18135 14:10:47.808930 <... recv resumed> "TYPE I\r\n", 4096, MSG_PEEK) = 8
18135 14:10:47.808962 read(0, "TYPE I\r\n", 8) = 8
18135 14:10:47.808994 write(0, "200 Switching to Binary mode.\r\n", 31) = 31
18135 14:10:47.809046 rt_sigaction(SIGALRM, {0x805cad0, ~[RTMIN RT_1], 0}, NULL, 8) = 0
18135 14:10:47.809065 alarm(300)        = 299
18135 14:10:47.809079 recv(0, "PASV\r\n", 4096, MSG_PEEK) = 6
18135 14:10:47.809091 read(0, "PASV\r\n", 6) = 6
18135 14:10:47.809104 write(5, "\n", 1 <unfinished ...>
18133 14:10:47.809116 <... read resumed> "\n", 1) = 1
18135 14:10:47.809121 <... write resumed> ) = 1
18133 14:10:47.809129 write(4, "\1", 1) = 1
18133 14:10:47.809141 read(4,  <unfinished ...>
18135 14:10:47.809148 read(5, "\1", 1)  = 1
18135 14:10:47.809160 write(5, "\f", 1 <unfinished ...>
18133 14:10:47.809168 <... read resumed> "\f", 1) = 1
18135 14:10:47.809173 <... write resumed> ) = 1
18133 14:10:47.809180 socket(PF_INET, SOCK_STREAM, IPPROTO_TCP) = 5
18133 14:10:47.809196 setsockopt(5, SOL_SOCKET, SO_REUSEADDR, [1], 4) = 0
18133 14:10:47.809212 bind(5, {sa_family=AF_INET, sin_port=htons(23616), sin_addr=inet_addr("127.0.0.1")}, 16) = 0
18133 14:10:47.809229 listen(5, 1)      = 0
18133 14:10:47.809252 write(4, "@\\\0\0", 4) = 4
18133 14:10:47.809264 read(4,  <unfinished ...>
18135 14:10:47.809271 read(5, "@\\\0\0", 4) = 4
18135 14:10:47.809287 write(0, "227 Entering Passive Mode (127,0,0,1,92,64).\r\n", 46) = 46
18135 14:10:47.809402 rt_sigaction(SIGALRM, {0x805cad0, ~[RTMIN RT_1], 0}, NULL, 8) = 0
18135 14:10:47.809424 alarm(300)        = 300
18135 14:10:47.809436 recv(0, "STOR myfile18\r\n", 4096, MSG_PEEK) = 15
18135 14:10:47.809448 read(0, "STOR myfile18\r\n", 15) = 15
18135 14:10:47.809462 write(5, "\v", 1 <unfinished ...>
18133 14:10:47.809470 <... read resumed> "\v", 1) = 1
18135 14:10:47.809475 <... write resumed> ) = 1
18133 14:10:47.809482 write(4, "\1\0\0\0", 4) = 4
18133 14:10:47.809493 read(4,  <unfinished ...>
18135 14:10:47.809500 read(5, "\1\0\0\0", 4) = 4
18135 14:10:47.809512 gettimeofday({1495649447, 809515}, NULL) = 0
18135 14:10:47.809523 getcwd("/home/msfadmin", 4096) = 15
18135 14:10:47.809536 open("myfile18", O_WRONLY|O_CREAT|O_NONBLOCK|O_LARGEFILE, 0666) = 4
18135 14:10:47.809550 fstat64(4, {st_mode=S_IFREG|0644, st_size=17, ...}) = 0
18135 14:10:47.809568 fcntl64(4, F_GETFL) = 0x8801 (flags O_WRONLY|O_NONBLOCK|O_LARGEFILE)
18135 14:10:47.809580 fcntl64(4, F_SETFL, O_WRONLY|O_LARGEFILE) = 0
18135 14:10:47.809590 fcntl64(4, F_SETLKW64, {type=F_WRLCK, whence=SEEK_SET, start=0, len=0}, 0xbf83ca24) = 0
18135 14:10:47.809604 ftruncate64(4, 0) = 0
18135 14:10:47.809624 _llseek(4, 0, [0], SEEK_SET) = 0
18135 14:10:47.809635 write(5, "\v", 1 <unfinished ...>
18133 14:10:47.809643 <... read resumed> "\v", 1) = 1
18135 14:10:47.809648 <... write resumed> ) = 1
18133 14:10:47.809654 write(4, "\1\0\0\0", 4) = 4
18133 14:10:47.809665 read(4,  <unfinished ...>
18135 14:10:47.809672 read(5, "\1\0\0\0", 4) = 4
18135 14:10:47.809705 write(5, "\v", 1 <unfinished ...>
18133 14:10:47.809716 <... read resumed> "\v", 1) = 1
18135 14:10:47.809721 <... write resumed> ) = 1
18133 14:10:47.809728 write(4, "\1\0\0\0", 4) = 4
18133 14:10:47.809748 read(4,  <unfinished ...>
18135 14:10:47.809755 read(5, "\1\0\0\0", 4) = 4
18135 14:10:47.809767 write(5, "\r", 1 <unfinished ...>
18133 14:10:47.809774 <... read resumed> "\r", 1) = 1
18135 14:10:47.809778 <... write resumed> ) = 1
18133 14:10:47.809786 select(6, [5], NULL, NULL, {60, 0}) = 1 (in [5], left {60, 0})
18133 14:10:47.809802 accept(5, {sa_family=AF_INET, sin_port=htons(49208), sin_addr=inet_addr("127.0.0.1")}, [16]) = 6
18133 14:10:47.809832 write(4, "\1", 1) = 1
18133 14:10:47.809845 sendmsg(4, {msg_name(0)=NULL, msg_iov(1)=[{"\0", 1}], msg_controllen=16, {cmsg_len=16, cmsg_level=SOL_SOCKET, cmsg_type=SCM_RIGHTS, {6}}, msg_flags=0}, 0) = 1
18133 14:10:47.809862 close(6)          = 0
18133 14:10:47.809872 read(4,  <unfinished ...>
18135 14:10:47.809879 read(5, "\1", 1)  = 1
18135 14:10:47.809892 recvmsg(5, {msg_name(0)=NULL, msg_iov(1)=[{"\0", 1}], msg_controllen=16, {cmsg_len=16, cmsg_level=SOL_SOCKET, cmsg_type=SCM_RIGHTS, {6}}, msg_flags=0}, 0) = 1
18135 14:10:47.809910 setsockopt(6, SOL_SOCKET, SO_KEEPALIVE, [1], 4) = 0
18135 14:10:47.809923 setsockopt(6, SOL_IP, IP_TOS, [8], 4) = 0
18135 14:10:47.809935 setsockopt(6, SOL_SOCKET, SO_LINGER, {onoff=1, linger=32767}, 8) = 0
18135 14:10:47.809947 rt_sigaction(SIGALRM, {0x805cad0, ~[RTMIN RT_1], 0}, NULL, 8) = 0
18135 14:10:47.809960 alarm(300)        = 300
18135 14:10:47.809973 write(0, "150 Ok to send data.\r\n", 22) = 22
18135 14:10:47.810052 read(6, "assasaaa\na\na\na\na\n", 65536) = 17
18135 14:10:47.810079 write(4, "assasaaa\na\na\na\na\n", 17) = 17
18135 14:10:47.810098 read(6, "", 65536) = 0
18135 14:10:47.810109 rt_sigaction(SIGALRM, {0x805cad0, ~[RTMIN RT_1], 0}, NULL, 8) = 0
18135 14:10:47.810123 alarm(300)        = 300
18135 14:10:47.810143 close(6)          = 0
18135 14:10:47.810173 alarm(0)          = 300
18135 14:10:47.810183 gettimeofday({1495649447, 810187}, NULL) = 0
18135 14:10:47.810199 gettimeofday({1495649447, 810212}, NULL) = 0
18135 14:10:47.810223 fcntl64(3, F_SETLKW64, {type=F_WRLCK, whence=SEEK_SET, start=0, len=0}, 0xbf83c9c4) = 0
18135 14:10:47.810238 write(3, "Wed May 24 14:10:47 2017 [pid 18135] [msfadmin] OK UPLOAD: Client \"127.0.0.1\", \"/home/msfadmin/myfile18\", 17 bytes, 23.82Kbyte/sec\n", 131) = 131
18135 14:10:47.810260 fcntl64(3, F_SETLK64, {type=F_UNLCK, whence=SEEK_SET, start=0, len=0}, 0xbf83c9cc) = 0
18135 14:10:47.810274 write(0, "226 Transfer complete.\r\n", 24) = 24
18135 14:10:47.810319 write(5, "\n", 1 <unfinished ...>
18133 14:10:47.810329 <... read resumed> "\n", 1) = 1
18135 14:10:47.810334 <... write resumed> ) = 1
18133 14:10:47.810340 close(5)          = 0
18133 14:10:47.810352 write(4, "\1", 1) = 1
18133 14:10:47.810363 read(4,  <unfinished ...>
18135 14:10:47.810370 read(5, "\1", 1)  = 1
18135 14:10:47.810381 close(4)          = 0
18135 14:10:47.810392 rt_sigaction(SIGALRM, {0x805cad0, ~[RTMIN RT_1], 0}, NULL, 8) = 0
18135 14:10:47.810406 alarm(300)        = 0
18135 14:10:47.810417 recv(0,  <unfinished ...>
18138 14:10:48.178904 <... recv resumed> "USER msfadmin\r\n", 4096, MSG_PEEK) = 15
18138 14:10:48.178944 read(0, "USER msfadmin\r\n", 15) = 15
18138 14:10:48.178969 write(0, "331 Any password will do.\r\n", 27) = 27
18138 14:10:48.179014 rt_sigaction(SIGALRM, {0x805cad0, ~[RTMIN RT_1], 0}, NULL, 8) = 0
18138 14:10:48.179032 alarm(300)        = 299
18138 14:10:48.179045 recv(0, "PASS msfadmin\r\n", 4096, MSG_PEEK) = 15
18138 14:10:48.179057 read(0, "PASS msfadmin\r\n", 15) = 15
18138 14:10:48.179074 write(0, "230 Already logged in.\r\n", 24) = 24
18138 14:10:48.179135 rt_sigaction(SIGALRM, {0x805cad0, ~[RTMIN RT_1], 0}, NULL, 8) = 0
18138 14:10:48.179151 alarm(300)        = 300
18138 14:10:48.179162 recv(0, "TYPE I\r\n", 4096, MSG_PEEK) = 8
18138 14:10:48.179174 read(0, "TYPE I\r\n", 8) = 8
18138 14:10:48.179188 write(0, "200 Switching to Binary mode.\r\n", 31) = 31
18138 14:10:48.179224 rt_sigaction(SIGALRM, {0x805cad0, ~[RTMIN RT_1], 0}, NULL, 8) = 0
18138 14:10:48.179238 alarm(300)        = 300
18138 14:10:48.179249 recv(0, "PASV\r\n", 4096, MSG_PEEK) = 6
18138 14:10:48.179261 read(0, "PASV\r\n", 6) = 6
18138 14:10:48.179273 write(5, "\n", 1) = 1
18138 14:10:48.179285 read(5,  <unfinished ...>
18136 14:10:48.179294 <... read resumed> "\n", 1) = 1
18136 14:10:48.179303 write(4, "\1", 1) = 1
18138 14:10:48.179314 <... read resumed> "\1", 1) = 1
18138 14:10:48.179321 write(5, "\f", 1) = 1
18138 14:10:48.179332 read(5,  <unfinished ...>
18136 14:10:48.179339 read(4, "\f", 1)  = 1
18136 14:10:48.179351 socket(PF_INET, SOCK_STREAM, IPPROTO_TCP) = 5
18136 14:10:48.179374 setsockopt(5, SOL_SOCKET, SO_REUSEADDR, [1], 4) = 0
18136 14:10:48.179389 bind(5, {sa_family=AF_INET, sin_port=htons(26521), sin_addr=inet_addr("127.0.0.1")}, 16) = 0
18136 14:10:48.179406 listen(5, 1)      = 0
18136 14:10:48.179420 write(4, "\231g\0\0", 4) = 4
18138 14:10:48.179431 <... read resumed> "\231g\0\0", 4) = 4
18138 14:10:48.179444 write(0, "227 Entering Passive Mode (127,0,0,1,103,153).\r\n", 48) = 48
18138 14:10:48.179557 rt_sigaction(SIGALRM, {0x805cad0, ~[RTMIN RT_1], 0}, NULL, 8) = 0
18138 14:10:48.179573 alarm(300)        = 300
18138 14:10:48.179585 recv(0, "RETR myfile14\r\n", 4096, MSG_PEEK) = 15
18138 14:10:48.179597 read(0, "RETR myfile14\r\n", 15) = 15
18138 14:10:48.179610 write(5, "\v", 1) = 1
18138 14:10:48.179621 read(5,  <unfinished ...>
18136 14:10:48.179629 read(4, "\v", 1)  = 1
18136 14:10:48.179640 write(4, "\1\0\0\0", 4) = 4
18138 14:10:48.179651 <... read resumed> "\1\0\0\0", 4) = 4
18138 14:10:48.179659 gettimeofday({1495649448, 179663}, NULL) = 0
18138 14:10:48.179670 getcwd("/home/msfadmin", 4096) = 15
18138 14:10:48.179683 open("myfile14", O_RDONLY|O_NONBLOCK|O_LARGEFILE) = 4
18138 14:10:48.179697 fcntl64(4, F_SETLKW64, {type=F_RDLCK, whence=SEEK_SET, start=0, len=0}, 0xbfe6f884) = 0
18138 14:10:48.179712 fstat64(4, {st_mode=S_IFREG|0644, st_size=17, ...}) = 0
18138 14:10:48.179729 fcntl64(4, F_GETFL) = 0x8800 (flags O_RDONLY|O_NONBLOCK|O_LARGEFILE)
18138 14:10:48.179767 fcntl64(4, F_SETFL, O_RDONLY|O_LARGEFILE) = 0
18138 14:10:48.179783 write(5, "\v", 1) = 1
18138 14:10:48.179804 read(5,  <unfinished ...>
18136 14:10:48.179812 read(4, "\v", 1)  = 1
18136 14:10:48.179823 write(4, "\1\0\0\0", 4) = 4
18138 14:10:48.179834 <... read resumed> "\1\0\0\0", 4) = 4
18138 14:10:48.179841 write(5, "\v", 1) = 1
18138 14:10:48.179851 read(5,  <unfinished ...>
18136 14:10:48.179858 read(4, "\v", 1)  = 1
18136 14:10:48.179869 write(4, "\1\0\0\0", 4) = 4
18138 14:10:48.179879 <... read resumed> "\1\0\0\0", 4) = 4
18138 14:10:48.179887 write(5, "\r", 1) = 1
18138 14:10:48.179897 read(5,  <unfinished ...>
18136 14:10:48.179904 read(4, "\r", 1)  = 1
18136 14:10:48.179916 select(6, [5], NULL, NULL, {60, 0}) = 1 (in [5], left {60, 0})
18136 14:10:48.179932 accept(5, {sa_family=AF_INET, sin_port=htons(59412), sin_addr=inet_addr("127.0.0.1")}, [16]) = 6
18136 14:10:48.179955 write(4, "\1", 1) = 1
18138 14:10:48.179965 <... read resumed> "\1", 1) = 1
18138 14:10:48.179974 recvmsg(5,  <unfinished ...>
18136 14:10:48.179982 sendmsg(4, {msg_name(0)=NULL, msg_iov(1)=[{"\0", 1}], msg_controllen=16, {cmsg_len=16, cmsg_level=SOL_SOCKET, cmsg_type=SCM_RIGHTS, {6}}, msg_flags=0}, 0) = 1
18138 14:10:48.180000 <... recvmsg resumed> {msg_name(0)=NULL, msg_iov(1)=[{"\0", 1}], msg_controllen=16, {cmsg_len=16, cmsg_level=SOL_SOCKET, cmsg_type=SCM_RIGHTS, {6}}, msg_flags=0}, 0) = 1
18138 14:10:48.180013 setsockopt(6, SOL_SOCKET, SO_KEEPALIVE, [1], 4) = 0
18138 14:10:48.180026 setsockopt(6, SOL_IP, IP_TOS, [8], 4) = 0
18138 14:10:48.180038 setsockopt(6, SOL_SOCKET, SO_LINGER, {onoff=1, linger=32767}, 8) = 0
18138 14:10:48.180050 rt_sigaction(SIGALRM, {0x805cad0, ~[RTMIN RT_1], 0}, NULL, 8) = 0
18138 14:10:48.180063 alarm(300)        = 300
18138 14:10:48.180076 write(0, "150 Opening BINARY mode data connection for myfile14 (17 bytes).\r\n", 66) = 66
18138 14:10:48.180118 _llseek(4, 0, [0], SEEK_CUR) = 0
18138 14:10:48.180131 fstat64(4, {st_mode=S_IFREG|0644, st_size=17, ...}) = 0
18138 14:10:48.180149 _llseek(4, 0, [0], SEEK_SET) = 0
18138 14:10:48.180160 sendfile(6, 4, NULL, 17) = 17
18138 14:10:48.180190 rt_sigaction(SIGALRM, {0x805cad0, ~[RTMIN RT_1], 0}, NULL, 8) = 0
18138 14:10:48.180205 alarm(300)        = 300
18138 14:10:48.180215 close(6)          = 0
18138 14:10:48.180224 alarm(0)          = 300
18138 14:10:48.180234 gettimeofday({1495649448, 180238}, NULL) = 0
18138 14:10:48.180250 gettimeofday({1495649448, 180254}, NULL) = 0
18138 14:10:48.180264 fcntl64(3, F_SETLKW64, {type=F_WRLCK, whence=SEEK_SET, start=0, len=0}, 0xbfe6f824) = 0
18138 14:10:48.180279 write(3, "Wed May 24 14:10:48 2017 [pid 18138] [msfadmin] OK DOWNLOAD: Client \"127.0.0.1\", \"/home/msfadmin/myfile14\", 17 bytes, 28.09Kbyte/sec\n", 133) = 133
18138 14:10:48.180305 fcntl64(3, F_SETLK64, {type=F_UNLCK, whence=SEEK_SET, start=0, len=0}, 0xbfe6f82c) = 0
18138 14:10:48.180320 write(0, "226 Transfer complete.\r\n", 24) = 24
18138 14:10:48.180335 write(5, "\n", 1) = 1
18138 14:10:48.180346 read(5,  <unfinished ...>
18136 14:10:48.180354 close(6)          = 0
18136 14:10:48.180436 read(4, "\n", 1)  = 1
18136 14:10:48.180449 close(5)          = 0
18136 14:10:48.180460 write(4, "\1", 1) = 1
18138 14:10:48.180472 <... read resumed> "\1", 1) = 1
18138 14:10:48.180479 close(4)          = 0
18138 14:10:48.180490 rt_sigaction(SIGALRM, {0x805cad0, ~[RTMIN RT_1], 0}, NULL, 8) = 0
18138 14:10:48.180503 alarm(300)        = 0
18138 14:10:48.180514 recv(0,  <unfinished ...>
18136 14:10:48.180522 read(4,  <unfinished ...>
18135 14:10:48.350047 <... recv resumed> "TYPE I\r\n", 4096, MSG_PEEK) = 8
18135 14:10:48.350218 read(0, "TYPE I\r\n", 8) = 8
18135 14:10:48.350371 write(0, "200 Switching to Binary mode.\r\n", 31) = 31
18135 14:10:48.350492 rt_sigaction(SIGALRM, {0x805cad0, ~[RTMIN RT_1], 0}, NULL, 8) = 0
18135 14:10:48.350530 alarm(300)        = 299
18135 14:10:48.350558 recv(0, "PASV\r\n", 4096, MSG_PEEK) = 6
18135 14:10:48.350580 read(0, "PASV\r\n", 6) = 6
18135 14:10:48.350594 write(5, "\n", 1 <unfinished ...>
18133 14:10:48.350605 <... read resumed> "\n", 1) = 1
18135 14:10:48.350610 <... write resumed> ) = 1
18133 14:10:48.350618 write(4, "\1", 1) = 1
18133 14:10:48.350629 read(4,  <unfinished ...>
18135 14:10:48.350637 read(5, "\1", 1)  = 1
18135 14:10:48.350648 write(5, "\f", 1 <unfinished ...>
18133 14:10:48.350655 <... read resumed> "\f", 1) = 1
18135 14:10:48.350660 <... write resumed> ) = 1
18133 14:10:48.350667 socket(PF_INET, SOCK_STREAM, IPPROTO_TCP) = 5
18133 14:10:48.350683 setsockopt(5, SOL_SOCKET, SO_REUSEADDR, [1], 4) = 0
18133 14:10:48.350698 bind(5, {sa_family=AF_INET, sin_port=htons(63366), sin_addr=inet_addr("127.0.0.1")}, 16) = 0
18133 14:10:48.350715 listen(5, 1)      = 0
18133 14:10:48.350729 write(4, "\206\367\0\0", 4) = 4
18133 14:10:48.350740 read(4,  <unfinished ...>
18135 14:10:48.350747 read(5, "\206\367\0\0", 4) = 4
18135 14:10:48.350764 write(0, "227 Entering Passive Mode (127,0,0,1,247,134).\r\n", 48) = 48
18135 14:10:48.350877 rt_sigaction(SIGALRM, {0x805cad0, ~[RTMIN RT_1], 0}, NULL, 8) = 0
18135 14:10:48.350894 alarm(300)        = 300
18135 14:10:48.350906 recv(0, "STOR myfile19\r\n", 4096, MSG_PEEK) = 15
18135 14:10:48.350919 read(0, "STOR myfile19\r\n", 15) = 15
18135 14:10:48.350932 write(5, "\v", 1 <unfinished ...>
18133 14:10:48.350940 <... read resumed> "\v", 1) = 1
18135 14:10:48.350945 <... write resumed> ) = 1
18133 14:10:48.350952 write(4, "\1\0\0\0", 4) = 4
18133 14:10:48.350963 read(4,  <unfinished ...>
18135 14:10:48.350970 read(5, "\1\0\0\0", 4) = 4
18135 14:10:48.350982 gettimeofday({1495649448, 350986}, NULL) = 0
18135 14:10:48.350993 getcwd("/home/msfadmin", 4096) = 15
18135 14:10:48.351006 open("myfile19", O_WRONLY|O_CREAT|O_NONBLOCK|O_LARGEFILE, 0666) = 4
18135 14:10:48.351021 fstat64(4, {st_mode=S_IFREG|0644, st_size=17, ...}) = 0
18135 14:10:48.351039 fcntl64(4, F_GETFL) = 0x8801 (flags O_WRONLY|O_NONBLOCK|O_LARGEFILE)
18135 14:10:48.351201 fcntl64(4, F_SETFL, O_WRONLY|O_LARGEFILE) = 0
18135 14:10:48.351223 fcntl64(4, F_SETLKW64, {type=F_WRLCK, whence=SEEK_SET, start=0, len=0}, 0xbf83ca24) = 0
18135 14:10:48.351238 ftruncate64(4, 0) = 0
18135 14:10:48.351258 _llseek(4, 0, [0], SEEK_SET) = 0
18135 14:10:48.351270 write(5, "\v", 1 <unfinished ...>
18133 14:10:48.351278 <... read resumed> "\v", 1) = 1
18135 14:10:48.351283 <... write resumed> ) = 1
18133 14:10:48.351289 write(4, "\1\0\0\0", 4) = 4
18133 14:10:48.351300 read(4,  <unfinished ...>
18135 14:10:48.351307 read(5, "\1\0\0\0", 4) = 4
18135 14:10:48.351319 write(5, "\v", 1 <unfinished ...>
18133 14:10:48.351326 <... read resumed> "\v", 1) = 1
18135 14:10:48.351331 <... write resumed> ) = 1
18133 14:10:48.351337 write(4, "\1\0\0\0", 4) = 4
18133 14:10:48.351354 read(4,  <unfinished ...>
18135 14:10:48.351361 read(5, "\1\0\0\0", 4) = 4
18135 14:10:48.351372 write(5, "\r", 1 <unfinished ...>
18133 14:10:48.351379 <... read resumed> "\r", 1) = 1
18135 14:10:48.351384 <... write resumed> ) = 1
18133 14:10:48.351391 select(6, [5], NULL, NULL, {60, 0}) = 1 (in [5], left {60, 0})
18133 14:10:48.351408 accept(5, {sa_family=AF_INET, sin_port=htons(36775), sin_addr=inet_addr("127.0.0.1")}, [16]) = 6
18133 14:10:48.351431 write(4, "\1", 1) = 1
18133 14:10:48.351443 sendmsg(4, {msg_name(0)=NULL, msg_iov(1)=[{"\0", 1}], msg_controllen=16, {cmsg_len=16, cmsg_level=SOL_SOCKET, cmsg_type=SCM_RIGHTS, {6}}, msg_flags=0}, 0) = 1
18133 14:10:48.351460 close(6)          = 0
18133 14:10:48.351470 read(4,  <unfinished ...>
18135 14:10:48.351477 read(5, "\1", 1)  = 1
18135 14:10:48.351490 recvmsg(5, {msg_name(0)=NULL, msg_iov(1)=[{"\0", 1}], msg_controllen=16, {cmsg_len=16, cmsg_level=SOL_SOCKET, cmsg_type=SCM_RIGHTS, {6}}, msg_flags=0}, 0) = 1
18135 14:10:48.351509 setsockopt(6, SOL_SOCKET, SO_KEEPALIVE, [1], 4) = 0
18135 14:10:48.351521 setsockopt(6, SOL_IP, IP_TOS, [8], 4) = 0
18135 14:10:48.351534 setsockopt(6, SOL_SOCKET, SO_LINGER, {onoff=1, linger=32767}, 8) = 0
18135 14:10:48.351545 rt_sigaction(SIGALRM, {0x805cad0, ~[RTMIN RT_1], 0}, NULL, 8) = 0
18135 14:10:48.351559 alarm(300)        = 300
18135 14:10:48.351571 write(0, "150 Ok to send data.\r\n", 22) = 22
18135 14:10:48.351639 read(6, "assasaaa\na\na\na\na\n", 65536) = 17
18135 14:10:48.351653 write(4, "assasaaa\na\na\na\na\n", 17) = 17
18135 14:10:48.351669 read(6, "", 65536) = 0
18135 14:10:48.351680 rt_sigaction(SIGALRM, {0x805cad0, ~[RTMIN RT_1], 0}, NULL, 8) = 0
18135 14:10:48.351694 alarm(300)        = 300
18135 14:10:48.351704 close(6)          = 0
18135 14:10:48.351721 alarm(0)          = 300
18135 14:10:48.351732 gettimeofday({1495649448, 351735}, NULL) = 0
18135 14:10:48.351747 gettimeofday({1495649448, 351751}, NULL) = 0
18135 14:10:48.351762 fcntl64(3, F_SETLKW64, {type=F_WRLCK, whence=SEEK_SET, start=0, len=0}, 0xbf83c9c4) = 0
18135 14:10:48.351777 write(3, "Wed May 24 14:10:48 2017 [pid 18135] [msfadmin] OK UPLOAD: Client \"127.0.0.1\", \"/home/msfadmin/myfile19\", 17 bytes, 21.70Kbyte/sec\n", 131) = 131
18135 14:10:48.351799 fcntl64(3, F_SETLK64, {type=F_UNLCK, whence=SEEK_SET, start=0, len=0}, 0xbf83c9cc) = 0
18135 14:10:48.351813 write(0, "226 Transfer complete.\r\n", 24) = 24
18135 14:10:48.351857 write(5, "\n", 1 <unfinished ...>
18133 14:10:48.351866 <... read resumed> "\n", 1) = 1
18135 14:10:48.351871 <... write resumed> ) = 1
18133 14:10:48.351877 close(5)          = 0
18133 14:10:48.351889 write(4, "\1", 1) = 1
18133 14:10:48.351900 read(4,  <unfinished ...>
18135 14:10:48.351907 read(5, "\1", 1)  = 1
18135 14:10:48.351919 close(4)          = 0
18135 14:10:48.351929 rt_sigaction(SIGALRM, {0x805cad0, ~[RTMIN RT_1], 0}, NULL, 8) = 0
18135 14:10:48.351943 alarm(300)        = 0
18135 14:10:48.351954 recv(0,  <unfinished ...>
18138 14:10:48.708927 <... recv resumed> "USER msfadmin\r\n", 4096, MSG_PEEK) = 15
18138 14:10:48.708967 read(0, "USER msfadmin\r\n", 15) = 15
18138 14:10:48.708992 write(0, "331 Any password will do.\r\n", 27) = 27
18138 14:10:48.709037 rt_sigaction(SIGALRM, {0x805cad0, ~[RTMIN RT_1], 0}, NULL, 8) = 0
18138 14:10:48.709055 alarm(300)        = 299
18138 14:10:48.709068 recv(0, "PASS msfadmin\r\n", 4096, MSG_PEEK) = 15
18138 14:10:48.709081 read(0, "PASS msfadmin\r\n", 15) = 15
18138 14:10:48.709097 write(0, "230 Already logged in.\r\n", 24) = 24
18138 14:10:48.709159 rt_sigaction(SIGALRM, {0x805cad0, ~[RTMIN RT_1], 0}, NULL, 8) = 0
18138 14:10:48.709174 alarm(300)        = 300
18138 14:10:48.709186 recv(0, "TYPE I\r\n", 4096, MSG_PEEK) = 8
18138 14:10:48.709197 read(0, "TYPE I\r\n", 8) = 8
18138 14:10:48.709212 write(0, "200 Switching to Binary mode.\r\n", 31) = 31
18138 14:10:48.709282 rt_sigaction(SIGALRM, {0x805cad0, ~[RTMIN RT_1], 0}, NULL, 8) = 0
18138 14:10:48.709308 alarm(300)        = 300
18138 14:10:48.709320 recv(0, "PASV\r\n", 4096, MSG_PEEK) = 6
18138 14:10:48.709338 read(0, "PASV\r\n", 6) = 6
18138 14:10:48.709351 write(5, "\n", 1) = 1
18138 14:10:48.709364 read(5,  <unfinished ...>
18136 14:10:48.709372 <... read resumed> "\n", 1) = 1
18136 14:10:48.709382 write(4, "\1", 1) = 1
18138 14:10:48.709392 <... read resumed> "\1", 1) = 1
18138 14:10:48.709400 write(5, "\f", 1) = 1
18138 14:10:48.709410 read(5,  <unfinished ...>
18136 14:10:48.709417 read(4, "\f", 1)  = 1
18136 14:10:48.709430 socket(PF_INET, SOCK_STREAM, IPPROTO_TCP) = 5
18136 14:10:48.709446 setsockopt(5, SOL_SOCKET, SO_REUSEADDR, [1], 4) = 0
18136 14:10:48.709460 bind(5, {sa_family=AF_INET, sin_port=htons(12592), sin_addr=inet_addr("127.0.0.1")}, 16) = 0
18136 14:10:48.709477 listen(5, 1)      = 0
18136 14:10:48.709491 write(4, "01\0\0", 4) = 4
18138 14:10:48.709502 <... read resumed> "01\0\0", 4) = 4
18138 14:10:48.709514 write(0, "227 Entering Passive Mode (127,0,0,1,49,48).\r\n", 46) = 46
18138 14:10:48.709627 rt_sigaction(SIGALRM, {0x805cad0, ~[RTMIN RT_1], 0}, NULL, 8) = 0
18138 14:10:48.709643 alarm(300)        = 300
18138 14:10:48.709655 recv(0, "RETR myfile15\r\n", 4096, MSG_PEEK) = 15
18138 14:10:48.709667 read(0, "RETR myfile15\r\n", 15) = 15
18138 14:10:48.709680 write(5, "\v", 1) = 1
18138 14:10:48.709692 read(5,  <unfinished ...>
18136 14:10:48.709699 read(4, "\v", 1)  = 1
18136 14:10:48.709710 write(4, "\1\0\0\0", 4) = 4
18138 14:10:48.709721 <... read resumed> "\1\0\0\0", 4) = 4
18138 14:10:48.709729 gettimeofday({1495649448, 709733}, NULL) = 0
18138 14:10:48.709740 getcwd("/home/msfadmin", 4096) = 15
18138 14:10:48.709753 open("myfile15", O_RDONLY|O_NONBLOCK|O_LARGEFILE) = 4
18138 14:10:48.709767 fcntl64(4, F_SETLKW64, {type=F_RDLCK, whence=SEEK_SET, start=0, len=0}, 0xbfe6f884) = 0
18138 14:10:48.709782 fstat64(4, {st_mode=S_IFREG|0644, st_size=17, ...}) = 0
18138 14:10:48.709800 fcntl64(4, F_GETFL) = 0x8800 (flags O_RDONLY|O_NONBLOCK|O_LARGEFILE)
18138 14:10:48.709811 fcntl64(4, F_SETFL, O_RDONLY|O_LARGEFILE) = 0
18138 14:10:48.709822 write(5, "\v", 1) = 1
18138 14:10:48.709833 read(5,  <unfinished ...>
18136 14:10:48.709841 read(4, "\v", 1)  = 1
18136 14:10:48.709852 write(4, "\1\0\0\0", 4) = 4
18138 14:10:48.709862 <... read resumed> "\1\0\0\0", 4) = 4
18138 14:10:48.709870 write(5, "\v", 1) = 1
18138 14:10:48.709880 read(5,  <unfinished ...>
18136 14:10:48.709887 read(4, "\v", 1)  = 1
18136 14:10:48.709898 write(4, "\1\0\0\0", 4) = 4
18138 14:10:48.709908 <... read resumed> "\1\0\0\0", 4) = 4
18138 14:10:48.709916 write(5, "\r", 1) = 1
18138 14:10:48.709926 read(5,  <unfinished ...>
18136 14:10:48.709933 read(4, "\r", 1)  = 1
18136 14:10:48.709944 select(6, [5], NULL, NULL, {60, 0}) = 1 (in [5], left {60, 0})
18136 14:10:48.709961 accept(5, {sa_family=AF_INET, sin_port=htons(54774), sin_addr=inet_addr("127.0.0.1")}, [16]) = 6
18136 14:10:48.709983 write(4, "\1", 1) = 1
18138 14:10:48.709994 <... read resumed> "\1", 1) = 1
18138 14:10:48.710003 recvmsg(5,  <unfinished ...>
18136 14:10:48.710011 sendmsg(4, {msg_name(0)=NULL, msg_iov(1)=[{"\0", 1}], msg_controllen=16, {cmsg_len=16, cmsg_level=SOL_SOCKET, cmsg_type=SCM_RIGHTS, {6}}, msg_flags=0}, 0) = 1
18138 14:10:48.710029 <... recvmsg resumed> {msg_name(0)=NULL, msg_iov(1)=[{"\0", 1}], msg_controllen=16, {cmsg_len=16, cmsg_level=SOL_SOCKET, cmsg_type=SCM_RIGHTS, {6}}, msg_flags=0}, 0) = 1
18138 14:10:48.710042 setsockopt(6, SOL_SOCKET, SO_KEEPALIVE, [1], 4) = 0
18138 14:10:48.710055 setsockopt(6, SOL_IP, IP_TOS, [8], 4) = 0
18138 14:10:48.710067 setsockopt(6, SOL_SOCKET, SO_LINGER, {onoff=1, linger=32767}, 8) = 0
18138 14:10:48.710079 rt_sigaction(SIGALRM, {0x805cad0, ~[RTMIN RT_1], 0}, NULL, 8) = 0
18138 14:10:48.710092 alarm(300)        = 300
18138 14:10:48.710105 write(0, "150 Opening BINARY mode data connection for myfile15 (17 bytes).\r\n", 66) = 66
18138 14:10:48.710145 _llseek(4, 0, [0], SEEK_CUR) = 0
18138 14:10:48.710158 fstat64(4, {st_mode=S_IFREG|0644, st_size=17, ...}) = 0
18138 14:10:48.710176 _llseek(4, 0, [0], SEEK_SET) = 0
18138 14:10:48.710187 sendfile(6, 4, NULL, 17) = 17
18138 14:10:48.710242 rt_sigaction(SIGALRM, {0x805cad0, ~[RTMIN RT_1], 0}, NULL, 8) = 0
18138 14:10:48.710263 alarm(300)        = 300
18138 14:10:48.710282 close(6)          = 0
18138 14:10:48.710292 alarm(0)          = 300
18138 14:10:48.710302 gettimeofday({1495649448, 710306}, NULL) = 0
18138 14:10:48.710318 gettimeofday({1495649448, 710322}, NULL) = 0
18138 14:10:48.710332 fcntl64(3, F_SETLKW64, {type=F_WRLCK, whence=SEEK_SET, start=0, len=0}, 0xbfe6f824) = 0
18138 14:10:48.710347 write(3, "Wed May 24 14:10:48 2017 [pid 18138] [msfadmin] OK DOWNLOAD: Client \"127.0.0.1\", \"/home/msfadmin/myfile15\", 17 bytes, 28.19Kbyte/sec\n", 133) = 133
18138 14:10:48.710369 fcntl64(3, F_SETLK64, {type=F_UNLCK, whence=SEEK_SET, start=0, len=0}, 0xbfe6f82c) = 0
18138 14:10:48.710383 write(0, "226 Transfer complete.\r\n", 24) = 24
18138 14:10:48.710400 write(5, "\n", 1) = 1
18138 14:10:48.710411 read(5,  <unfinished ...>
18136 14:10:48.710418 close(6)          = 0
18136 14:10:48.710500 read(4, "\n", 1)  = 1
18136 14:10:48.710514 close(5)          = 0
18136 14:10:48.710525 write(4, "\1", 1) = 1
18138 14:10:48.710536 <... read resumed> "\1", 1) = 1
18138 14:10:48.710543 close(4)          = 0
18138 14:10:48.710554 rt_sigaction(SIGALRM, {0x805cad0, ~[RTMIN RT_1], 0}, NULL, 8) = 0
18138 14:10:48.710568 alarm(300)        = 0
18138 14:10:48.710579 recv(0,  <unfinished ...>
18136 14:10:48.710587 read(4,  <unfinished ...>
18135 14:10:48.878968 <... recv resumed> "TYPE I\r\n", 4096, MSG_PEEK) = 8
18135 14:10:48.878998 read(0, "TYPE I\r\n", 8) = 8
18135 14:10:48.879020 write(0, "200 Switching to Binary mode.\r\n", 31) = 31
18135 14:10:48.879069 rt_sigaction(SIGALRM, {0x805cad0, ~[RTMIN RT_1], 0}, NULL, 8) = 0
18135 14:10:48.879087 alarm(300)        = 299
18135 14:10:48.879100 recv(0, "PASV\r\n", 4096, MSG_PEEK) = 6
18135 14:10:48.879111 read(0, "PASV\r\n", 6) = 6
18135 14:10:48.879124 write(5, "\n", 1 <unfinished ...>
18133 14:10:48.879135 <... read resumed> "\n", 1) = 1
18135 14:10:48.879140 <... write resumed> ) = 1
18133 14:10:48.879148 write(4, "\1", 1) = 1
18133 14:10:48.879159 read(4,  <unfinished ...>
18135 14:10:48.879166 read(5, "\1", 1)  = 1
18135 14:10:48.879178 write(5, "\f", 1 <unfinished ...>
18133 14:10:48.879185 <... read resumed> "\f", 1) = 1
18135 14:10:48.879190 <... write resumed> ) = 1
18133 14:10:48.879197 socket(PF_INET, SOCK_STREAM, IPPROTO_TCP) = 5
18133 14:10:48.879213 setsockopt(5, SOL_SOCKET, SO_REUSEADDR, [1], 4) = 0
18133 14:10:48.879228 bind(5, {sa_family=AF_INET, sin_port=htons(50482), sin_addr=inet_addr("127.0.0.1")}, 16) = 0
18133 14:10:48.879245 listen(5, 1)      = 0
18133 14:10:48.879259 write(4, "2\305\0\0", 4) = 4
18133 14:10:48.879270 read(4,  <unfinished ...>
18135 14:10:48.879277 read(5, "2\305\0\0", 4) = 4
18135 14:10:48.879293 write(0, "227 Entering Passive Mode (127,0,0,1,197,50).\r\n", 47) = 47
18135 14:10:48.879406 rt_sigaction(SIGALRM, {0x805cad0, ~[RTMIN RT_1], 0}, NULL, 8) = 0
18135 14:10:48.879423 alarm(300)        = 300
18135 14:10:48.879434 recv(0, "STOR myfile20\r\n", 4096, MSG_PEEK) = 15
18135 14:10:48.879447 read(0, "STOR myfile20\r\n", 15) = 15
18135 14:10:48.879461 write(5, "\v", 1 <unfinished ...>
18133 14:10:48.879469 <... read resumed> "\v", 1) = 1
18135 14:10:48.879474 <... write resumed> ) = 1
18133 14:10:48.879480 write(4, "\1\0\0\0", 4) = 4
18133 14:10:48.879491 read(4,  <unfinished ...>
18135 14:10:48.879498 read(5, "\1\0\0\0", 4) = 4
18135 14:10:48.879510 gettimeofday({1495649448, 879513}, NULL) = 0
18135 14:10:48.879521 getcwd("/home/msfadmin", 4096) = 15
18135 14:10:48.879534 open("myfile20", O_WRONLY|O_CREAT|O_NONBLOCK|O_LARGEFILE, 0666) = 4
18135 14:10:48.879548 fstat64(4, {st_mode=S_IFREG|0644, st_size=17, ...}) = 0
18135 14:10:48.879566 fcntl64(4, F_GETFL) = 0x8801 (flags O_WRONLY|O_NONBLOCK|O_LARGEFILE)
18135 14:10:48.879578 fcntl64(4, F_SETFL, O_WRONLY|O_LARGEFILE) = 0
18135 14:10:48.879588 fcntl64(4, F_SETLKW64, {type=F_WRLCK, whence=SEEK_SET, start=0, len=0}, 0xbf83ca24) = 0
18135 14:10:48.879602 ftruncate64(4, 0) = 0
18135 14:10:48.879622 _llseek(4, 0, [0], SEEK_SET) = 0
18135 14:10:48.879633 write(5, "\v", 1 <unfinished ...>
18133 14:10:48.879647 <... read resumed> "\v", 1) = 1
18135 14:10:48.879653 <... write resumed> ) = 1
18133 14:10:48.879686 write(4, "\1\0\0\0", 4) = 4
18133 14:10:48.879702 read(4,  <unfinished ...>
18135 14:10:48.879710 read(5, "\1\0\0\0", 4) = 4
18135 14:10:48.879731 write(5, "\v", 1 <unfinished ...>
18133 14:10:48.879738 <... read resumed> "\v", 1) = 1
18135 14:10:48.879743 <... write resumed> ) = 1
18133 14:10:48.879749 write(4, "\1\0\0\0", 4) = 4
18133 14:10:48.879760 read(4,  <unfinished ...>
18135 14:10:48.879766 read(5, "\1\0\0\0", 4) = 4
18135 14:10:48.879778 write(5, "\r", 1 <unfinished ...>
18133 14:10:48.879785 <... read resumed> "\r", 1) = 1
18135 14:10:48.879789 <... write resumed> ) = 1
18133 14:10:48.879797 select(6, [5], NULL, NULL, {60, 0}) = 1 (in [5], left {60, 0})
18133 14:10:48.879813 accept(5, {sa_family=AF_INET, sin_port=htons(42441), sin_addr=inet_addr("127.0.0.1")}, [16]) = 6
18133 14:10:48.879836 write(4, "\1", 1) = 1
18133 14:10:48.879848 sendmsg(4, {msg_name(0)=NULL, msg_iov(1)=[{"\0", 1}], msg_controllen=16, {cmsg_len=16, cmsg_level=SOL_SOCKET, cmsg_type=SCM_RIGHTS, {6}}, msg_flags=0}, 0) = 1
18133 14:10:48.879865 close(6)          = 0
18133 14:10:48.879875 read(4,  <unfinished ...>
18135 14:10:48.879882 read(5, "\1", 1)  = 1
18135 14:10:48.879895 recvmsg(5, {msg_name(0)=NULL, msg_iov(1)=[{"\0", 1}], msg_controllen=16, {cmsg_len=16, cmsg_level=SOL_SOCKET, cmsg_type=SCM_RIGHTS, {6}}, msg_flags=0}, 0) = 1
18135 14:10:48.879913 setsockopt(6, SOL_SOCKET, SO_KEEPALIVE, [1], 4) = 0
18135 14:10:48.879925 setsockopt(6, SOL_IP, IP_TOS, [8], 4) = 0
18135 14:10:48.879937 setsockopt(6, SOL_SOCKET, SO_LINGER, {onoff=1, linger=32767}, 8) = 0
18135 14:10:48.879949 rt_sigaction(SIGALRM, {0x805cad0, ~[RTMIN RT_1], 0}, NULL, 8) = 0
18135 14:10:48.879962 alarm(300)        = 300
18135 14:10:48.879975 write(0, "150 Ok to send data.\r\n", 22) = 22
18135 14:10:48.880042 read(6, "assasaaa\na\na\na\na\n", 65536) = 17
18135 14:10:48.880056 write(4, "assasaaa\na\na\na\na\n", 17) = 17
18135 14:10:48.880073 read(6, "", 65536) = 0
18135 14:10:48.880083 rt_sigaction(SIGALRM, {0x805cad0, ~[RTMIN RT_1], 0}, NULL, 8) = 0
18135 14:10:48.880097 alarm(300)        = 300
18135 14:10:48.880107 close(6)          = 0
18135 14:10:48.880125 alarm(0)          = 300
18135 14:10:48.880135 gettimeofday({1495649448, 880138}, NULL) = 0
18135 14:10:48.880150 gettimeofday({1495649448, 880154}, NULL) = 0
18135 14:10:48.880165 fcntl64(3, F_SETLKW64, {type=F_WRLCK, whence=SEEK_SET, start=0, len=0}, 0xbf83c9c4) = 0
18135 14:10:48.880180 write(3, "Wed May 24 14:10:48 2017 [pid 18135] [msfadmin] OK UPLOAD: Client \"127.0.0.1\", \"/home/msfadmin/myfile20\", 17 bytes, 25.90Kbyte/sec\n", 131) = 131
18135 14:10:48.880202 fcntl64(3, F_SETLK64, {type=F_UNLCK, whence=SEEK_SET, start=0, len=0}, 0xbf83c9cc) = 0
18135 14:10:48.880217 write(0, "226 Transfer complete.\r\n", 24) = 24
18135 14:10:48.880259 write(5, "\n", 1 <unfinished ...>
18133 14:10:48.880269 <... read resumed> "\n", 1) = 1
18135 14:10:48.880274 <... write resumed> ) = 1
18133 14:10:48.880280 close(5)          = 0
18133 14:10:48.880292 write(4, "\1", 1) = 1
18133 14:10:48.880303 read(4,  <unfinished ...>
18135 14:10:48.880310 read(5, "\1", 1)  = 1
18135 14:10:48.880321 close(4)          = 0
18135 14:10:48.880331 rt_sigaction(SIGALRM, {0x805cad0, ~[RTMIN RT_1], 0}, NULL, 8) = 0
18135 14:10:48.880345 alarm(300)        = 0
18135 14:10:48.880356 recv(0,  <unfinished ...>
18138 14:10:49.239063 <... recv resumed> "USER msfadmin\r\n", 4096, MSG_PEEK) = 15
18138 14:10:49.239099 read(0, "USER msfadmin\r\n", 15) = 15
18138 14:10:49.239124 write(0, "331 Any password will do.\r\n", 27) = 27
18138 14:10:49.239170 rt_sigaction(SIGALRM, {0x805cad0, ~[RTMIN RT_1], 0}, NULL, 8) = 0
18138 14:10:49.239189 alarm(300)        = 299
18138 14:10:49.239202 recv(0, "PASS msfadmin\r\n", 4096, MSG_PEEK) = 15
18138 14:10:49.239214 read(0, "PASS msfadmin\r\n", 15) = 15
18138 14:10:49.239230 write(0, "230 Already logged in.\r\n", 24) = 24
18138 14:10:49.239291 rt_sigaction(SIGALRM, {0x805cad0, ~[RTMIN RT_1], 0}, NULL, 8) = 0
18138 14:10:49.239314 alarm(300)        = 300
18138 14:10:49.239325 recv(0, "TYPE I\r\n", 4096, MSG_PEEK) = 8
18138 14:10:49.239337 read(0, "TYPE I\r\n", 8) = 8
18138 14:10:49.239352 write(0, "200 Switching to Binary mode.\r\n", 31) = 31
18138 14:10:49.239387 rt_sigaction(SIGALRM, {0x805cad0, ~[RTMIN RT_1], 0}, NULL, 8) = 0
18138 14:10:49.239402 alarm(300)        = 300
18138 14:10:49.239413 recv(0, "PASV\r\n", 4096, MSG_PEEK) = 6
18138 14:10:49.239424 read(0, "PASV\r\n", 6) = 6
18138 14:10:49.239436 write(5, "\n", 1) = 1
18138 14:10:49.239448 read(5,  <unfinished ...>
18136 14:10:49.239457 <... read resumed> "\n", 1) = 1
18136 14:10:49.239466 write(4, "\1", 1) = 1
18138 14:10:49.239477 <... read resumed> "\1", 1) = 1
18138 14:10:49.239484 write(5, "\f", 1) = 1
18138 14:10:49.239494 read(5,  <unfinished ...>
18136 14:10:49.239501 read(4, "\f", 1)  = 1
18136 14:10:49.239513 socket(PF_INET, SOCK_STREAM, IPPROTO_TCP) = 5
18136 14:10:49.239529 setsockopt(5, SOL_SOCKET, SO_REUSEADDR, [1], 4) = 0
18136 14:10:49.239543 bind(5, {sa_family=AF_INET, sin_port=htons(20735), sin_addr=inet_addr("127.0.0.1")}, 16) = 0
18136 14:10:49.239560 listen(5, 1)      = 0
18136 14:10:49.239574 write(4, "\377P\0\0", 4) = 4
18138 14:10:49.239585 <... read resumed> "\377P\0\0", 4) = 4
18138 14:10:49.239597 write(0, "227 Entering Passive Mode (127,0,0,1,80,255).\r\n", 47) = 47
18138 14:10:49.239706 rt_sigaction(SIGALRM, {0x805cad0, ~[RTMIN RT_1], 0}, NULL, 8) = 0
18138 14:10:49.239753 alarm(300)        = 300
18138 14:10:49.239769 recv(0, "RETR myfile16\r\n", 4096, MSG_PEEK) = 15
18138 14:10:49.239783 read(0, "RETR myfile16\r\n", 15) = 15
18138 14:10:49.239806 write(5, "\v", 1) = 1
18138 14:10:49.239816 read(5,  <unfinished ...>
18136 14:10:49.239824 read(4, "\v", 1)  = 1
18136 14:10:49.239835 write(4, "\1\0\0\0", 4) = 4
18138 14:10:49.239846 <... read resumed> "\1\0\0\0", 4) = 4
18138 14:10:49.239854 gettimeofday({1495649449, 239858}, NULL) = 0
18138 14:10:49.239865 getcwd("/home/msfadmin", 4096) = 15
18138 14:10:49.239878 open("myfile16", O_RDONLY|O_NONBLOCK|O_LARGEFILE) = 4
