24439 15:20:49.677378 _llseek(5, 1233, [1233], SEEK_SET) = 0
24439 15:20:49.677398 munmap(0xb7f9b000, 1233) = 0
24439 15:20:49.677407 close(5)          = 0
24439 15:20:49.677425 open("/etc/passwd", O_RDONLY|0x80000 /* O_??? */) = 5
24439 15:20:49.677438 _llseek(5, 0, [0], SEEK_CUR) = 0
24439 15:20:49.677449 fstat64(5, {st_mode=S_IFREG|0644, st_size=1624, ...}) = 0
24439 15:20:49.677465 mmap2(NULL, 1624, PROT_READ, MAP_SHARED, 5, 0) = 0xb7f9b000
24439 15:20:49.677475 _llseek(5, 1624, [1624], SEEK_SET) = 0
24439 15:20:49.677490 munmap(0xb7f9b000, 1624) = 0
24439 15:20:49.677500 close(5)          = 0
24439 15:20:49.677512 open("/etc/shadow", O_RDONLY|0x80000 /* O_??? */) = 5
24439 15:20:49.677524 _llseek(5, 0, [0], SEEK_CUR) = 0
24439 15:20:49.677534 fstat64(5, {st_mode=S_IFREG|0640, st_size=1233, ...}) = 0
24439 15:20:49.677550 mmap2(NULL, 1233, PROT_READ, MAP_SHARED, 5, 0) = 0xb7f9b000
24439 15:20:49.677560 _llseek(5, 1233, [1233], SEEK_SET) = 0
24439 15:20:49.677576 munmap(0xb7f9b000, 1233) = 0
24439 15:20:49.677586 close(5)          = 0
24439 15:20:49.677840 getuid32()        = 0
24439 15:20:49.677853 open("/etc/passwd", O_RDONLY|0x80000 /* O_??? */) = 5
24439 15:20:49.677866 _llseek(5, 0, [0], SEEK_CUR) = 0
24439 15:20:49.677877 fstat64(5, {st_mode=S_IFREG|0644, st_size=1624, ...}) = 0
24439 15:20:49.677893 mmap2(NULL, 1624, PROT_READ, MAP_SHARED, 5, 0) = 0xb7f9b000
24439 15:20:49.677903 _llseek(5, 1624, [1624], SEEK_SET) = 0
24439 15:20:49.677918 munmap(0xb7f9b000, 1624) = 0
24439 15:20:49.677928 close(5)          = 0
24439 15:20:49.677941 open("/etc/shadow", O_RDONLY|0x80000 /* O_??? */) = 5
24439 15:20:49.677954 _llseek(5, 0, [0], SEEK_CUR) = 0
24439 15:20:49.677967 fstat64(5, {st_mode=S_IFREG|0640, st_size=1233, ...}) = 0
24439 15:20:49.677983 mmap2(NULL, 1233, PROT_READ, MAP_SHARED, 5, 0) = 0xb7f9b000
24439 15:20:49.677993 _llseek(5, 1233, [1233], SEEK_SET) = 0
24439 15:20:49.678010 munmap(0xb7f9b000, 1233) = 0
24439 15:20:49.678019 close(5)          = 0
24439 15:20:49.678030 time(NULL)        = 1495653649
24439 15:20:49.678045 munmap(0xb7f98000, 12164) = 0
24439 15:20:49.678058 munmap(0xb7f96000, 7136) = 0
24439 15:20:49.678072 munmap(0xb7dcb000, 95428) = 0
24439 15:20:49.678083 munmap(0xb7d91000, 201052) = 0
24439 15:20:49.678093 munmap(0xb7d78000, 101180) = 0
24439 15:20:49.678109 gettimeofday({1495653649, 678113}, NULL) = 0
24439 15:20:49.678120 stat64("/usr/share/zoneinfo/UTC+04:00", 0xbfcfde74) = -1 ENOENT (No such file or directory)
24439 15:20:49.678135 open("/usr/share/zoneinfo/UTC+04:00", O_RDONLY) = -1 ENOENT (No such file or directory)
24439 15:20:49.678160 fcntl64(3, F_SETLKW64, {type=F_WRLCK, whence=SEEK_SET, start=0, len=0}, 0xbfcfdfc4) = 0
24439 15:20:49.678175 write(3, "Wed May 24 15:20:49 2017 [pid 24439] [msfadmin] OK LOGIN: Client \"127.0.0.1\"\n", 77) = 77
24439 15:20:49.678192 fcntl64(3, F_SETLK64, {type=F_UNLCK, whence=SEEK_SET, start=0, len=0}, 0xbfcfdfcc) = 0
24439 15:20:49.678204 rt_sigaction(SIGCHLD, {0x805cad0, ~[RTMIN RT_1], 0}, NULL, 8) = 0
24439 15:20:49.678218 write(4, "\1", 1 <unfinished ...>
24440 15:20:49.678227 <... read resumed> "\1", 1) = 1
24439 15:20:49.678233 <... write resumed> ) = 1
24440 15:20:49.678240 exit_group(0)     = ?
24439 15:20:49.678267 --- SIGCHLD (Child exited) @ 0 (0) ---
24439 15:20:49.678275 sigreturn()       = ? (mask now [])
24439 15:20:49.678293 wait4(-1, [{WIFEXITED(s) && WEXITSTATUS(s) == 0}], 0, NULL) = 24440
24439 15:20:49.678306 close(4)          = 0
24439 15:20:49.678318 socketpair(PF_FILE, SOCK_STREAM, 0, [4, 5]) = 0
24439 15:20:49.678331 rt_sigaction(SIGCHLD, {0x805cad0, ~[RTMIN RT_1], 0}, NULL, 8) = 0
24439 15:20:49.678344 rt_sigaction(SIGALRM, {0x805cb10, ~[RTMIN RT_1], 0}, NULL, 8) = 0
24439 15:20:49.678357 clone(child_stack=0, flags=CLONE_CHILD_CLEARTID|CLONE_CHILD_SETTID|SIGCHLD, child_tidptr=0xb7e016f8) = 24441
24441 15:20:49.678421 prctl(0x1, 0x9, 0, 0, 0) = 0
24441 15:20:49.678436 close(4)          = 0
24441 15:20:49.678463 open("/etc/passwd", O_RDONLY|0x80000 /* O_??? */) = 4
24441 15:20:49.678481 _llseek(4, 0, [0], SEEK_CUR) = 0
24441 15:20:49.678496 fstat64(4, {st_mode=S_IFREG|0644, st_size=1624, ...}) = 0
24441 15:20:49.678514 mmap2(NULL, 1624, PROT_READ, MAP_SHARED, 4, 0) = 0xb7f9b000
24441 15:20:49.678525 _llseek(4, 1624, [1624], SEEK_SET) = 0
24441 15:20:49.678547 munmap(0xb7f9b000, 1624) = 0
24441 15:20:49.678559 close(4)          = 0
24441 15:20:49.678572 getuid32()        = 0
24441 15:20:49.678582 open("/etc/passwd", O_RDONLY|0x80000 /* O_??? */) = 4
24441 15:20:49.678595 _llseek(4, 0, [0], SEEK_CUR) = 0
24441 15:20:49.678605 fstat64(4, {st_mode=S_IFREG|0644, st_size=1624, ...}) = 0
24441 15:20:49.678621 mmap2(NULL, 1624, PROT_READ, MAP_SHARED, 4, 0) = 0xb7f9b000
24441 15:20:49.678631 _llseek(4, 1624, [1624], SEEK_SET) = 0
24441 15:20:49.678647 munmap(0xb7f9b000, 1624) = 0
24441 15:20:49.678656 close(4)          = 0
24441 15:20:49.679245 open("/proc/sys/kernel/ngroups_max", O_RDONLY) = 4
24441 15:20:49.679373 read(4, "65536\n", 31) = 6
24441 15:20:49.679427 close(4)          = 0
24441 15:20:49.679463 socket(PF_FILE, SOCK_STREAM, 0) = 4
24441 15:20:49.679488 fcntl64(4, F_SETFL, O_RDWR|O_NONBLOCK) = 0
24441 15:20:49.679509 connect(4, {sa_family=AF_FILE, path="/var/run/nscd/socket"}, 110) = -1 ENOENT (No such file or directory)
24441 15:20:49.679532 close(4)          = 0
24441 15:20:49.679543 socket(PF_FILE, SOCK_STREAM, 0) = 4
24441 15:20:49.679553 fcntl64(4, F_SETFL, O_RDWR|O_NONBLOCK) = 0
24441 15:20:49.679563 connect(4, {sa_family=AF_FILE, path="/var/run/nscd/socket"}, 110) = -1 ENOENT (No such file or directory)
24441 15:20:49.679581 close(4)          = 0
24441 15:20:49.679604 open("/etc/group", O_RDONLY|0x80000 /* O_??? */) = 4
24441 15:20:49.679619 _llseek(4, 0, [0], SEEK_CUR) = 0
24441 15:20:49.679633 fstat64(4, {st_mode=S_IFREG|0644, st_size=886, ...}) = 0
24441 15:20:49.679650 mmap2(NULL, 886, PROT_READ, MAP_SHARED, 4, 0) = 0xb7f9b000
24441 15:20:49.679661 _llseek(4, 886, [886], SEEK_SET) = 0
24441 15:20:49.679685 fstat64(4, {st_mode=S_IFREG|0644, st_size=886, ...}) = 0
24441 15:20:49.679702 munmap(0xb7f9b000, 886) = 0
24441 15:20:49.679712 close(4)          = 0
24441 15:20:49.679721 setgroups32(13, [1000, 4, 20, 24, 25, 29, 30, 44, 46, 107, 111, 112, 119]) = 0
24441 15:20:49.679737 geteuid32()       = 0
24441 15:20:49.679748 getegid32()       = 0
24441 15:20:49.679759 setregid32(-1, 1000) = 0
24441 15:20:49.679769 setreuid32(-1, 1000) = 0
24441 15:20:49.679779 chdir("/home/msfadmin") = 0
24441 15:20:49.679791 setreuid32(-1, 0) = 0
24441 15:20:49.679800 setregid32(-1, 0) = 0
24441 15:20:49.679810 setgid32(1000)    = 0
24441 15:20:49.679820 setuid32(1000)    = 0
24441 15:20:49.679830 setrlimit(RLIMIT_NPROC, {rlim_cur=0, rlim_max=0}) = 0
24441 15:20:49.679843 mmap2(NULL, 12288, PROT_READ|PROT_WRITE, MAP_PRIVATE|MAP_ANONYMOUS, -1, 0) = 0xb7f99000
24441 15:20:49.679854 mprotect(0xb7f9b000, 4096, PROT_NONE) = 0
24441 15:20:49.679865 mprotect(0xb7f99000, 4096, PROT_NONE) = 0
24441 15:20:49.679876 getcwd("/home/msfadmin", 4096) = 15
24441 15:20:49.679889 umask(022)        = 077
24441 15:20:49.679899 getcwd("/home/msfadmin", 4096) = 15
24441 15:20:49.679912 open(".message", O_RDONLY|O_NONBLOCK|O_LARGEFILE) = -1 ENOENT (No such file or directory)
24441 15:20:49.679934 write(0, "230 Login successful.\r\n", 23) = 23
24441 15:20:49.680013 rt_sigaction(SIGALRM, {0x805cad0, ~[RTMIN RT_1], 0}, NULL, 8) = 0
24441 15:20:49.680030 alarm(300)        = 0
24441 15:20:49.680041 mmap2(NULL, 12288, PROT_READ|PROT_WRITE, MAP_PRIVATE|MAP_ANONYMOUS, -1, 0) = 0xb7f96000
24441 15:20:49.680052 mprotect(0xb7f98000, 4096, PROT_NONE) = 0
24441 15:20:49.680063 mprotect(0xb7f96000, 4096, PROT_NONE) = 0
24441 15:20:49.680075 recv(0, "TYPE I\r\n", 4096, MSG_PEEK) = 8
24441 15:20:49.680088 read(0, "TYPE I\r\n", 8) = 8
24441 15:20:49.680105 write(0, "200 Switching to Binary mode.\r\n", 31) = 31
24441 15:20:49.680145 rt_sigaction(SIGALRM, {0x805cad0, ~[RTMIN RT_1], 0}, NULL, 8) = 0
24441 15:20:49.680159 alarm(300)        = 300
24441 15:20:49.680170 recv(0, "PASV\r\n", 4096, MSG_PEEK) = 6
24441 15:20:49.680181 read(0, "PASV\r\n", 6) = 6
24441 15:20:49.680193 write(5, "\n", 1) = 1
24441 15:20:49.680204 read(5,  <unfinished ...>
24439 15:20:49.680217 close(5)          = 0
24439 15:20:49.680229 getuid32()        = 0
24439 15:20:49.680244 open("/etc/passwd", O_RDONLY|0x80000 /* O_??? */) = 5
24439 15:20:49.680258 _llseek(5, 0, [0], SEEK_CUR) = 0
24439 15:20:49.680271 fstat64(5, {st_mode=S_IFREG|0644, st_size=1624, ...}) = 0
24439 15:20:49.680288 mmap2(NULL, 1624, PROT_READ, MAP_SHARED, 5, 0) = 0xb7f9b000
24439 15:20:49.680299 _llseek(5, 1624, [1624], SEEK_SET) = 0
24439 15:20:49.680333 munmap(0xb7f9b000, 1624) = 0
24439 15:20:49.680363 close(5)          = 0
24439 15:20:49.680380 setgroups32(0, []) = 0
24439 15:20:49.680391 chdir("/usr/share/empty") = 0
24439 15:20:49.680403 chroot(".")       = 0
24439 15:20:49.680414 capset(NULL, NULL) = -1 EFAULT (Bad address)
24439 15:20:49.680427 prctl(0x8, 0, 0xbfcfdfa8, 0x80549a6, 0xbfcfdf90) = 0
24439 15:20:49.680438 prctl(0x8, 0x1, 0xbfcfdfa8, 0x8054a49, 0xbfcfdf90) = 0
24439 15:20:49.680448 setgid32(65534)   = 0
24439 15:20:49.680458 setuid32(65534)   = 0
24439 15:20:49.680467 capset(0x19980330, 0, {CAP_NET_BIND_SERVICE, CAP_NET_BIND_SERVICE, 0}) = 0
24439 15:20:49.680479 read(4, "\n", 1)  = 1
24439 15:20:49.680493 write(4, "\1", 1) = 1
24441 15:20:49.680504 <... read resumed> "\1", 1) = 1
24441 15:20:49.680511 write(5, "\f", 1) = 1
24441 15:20:49.680521 read(5,  <unfinished ...>
24439 15:20:49.680528 read(4, "\f", 1)  = 1
24439 15:20:49.680540 socket(PF_INET, SOCK_STREAM, IPPROTO_TCP) = 5
24439 15:20:49.680553 setsockopt(5, SOL_SOCKET, SO_REUSEADDR, [1], 4) = 0
24439 15:20:49.680564 gettimeofday({1495653649, 680567}, NULL) = 0
24439 15:20:49.680580 bind(5, {sa_family=AF_INET, sin_port=htons(55416), sin_addr=inet_addr("127.0.0.1")}, 16) = 0
24439 15:20:49.680600 listen(5, 1)      = 0
24439 15:20:49.680612 write(4, "x\330\0\0", 4) = 4
24441 15:20:49.680623 <... read resumed> "x\330\0\0", 4) = 4
24441 15:20:49.680637 write(0, "227 Entering Passive Mode (127,0,0,1,216,120).\r\n", 48) = 48
24441 15:20:49.680731 rt_sigaction(SIGALRM, {0x805cad0, ~[RTMIN RT_1], 0}, NULL, 8) = 0
24441 15:20:49.680747 alarm(300)        = 300
24441 15:20:49.680758 recv(0, "STOR myfile18\r\n", 4096, MSG_PEEK) = 15
24441 15:20:49.680771 read(0, "STOR myfile18\r\n", 15) = 15
24441 15:20:49.680785 write(5, "\v", 1) = 1
24441 15:20:49.680796 read(5,  <unfinished ...>
24439 15:20:49.680803 read(4, "\v", 1)  = 1
24439 15:20:49.680814 write(4, "\1\0\0\0", 4) = 4
24441 15:20:49.680824 <... read resumed> "\1\0\0\0", 4) = 4
24441 15:20:49.680833 gettimeofday({1495653649, 680836}, NULL) = 0
24441 15:20:49.680843 getcwd("/home/msfadmin", 4096) = 15
24441 15:20:49.680856 open("myfile18", O_WRONLY|O_CREAT|O_NONBLOCK|O_LARGEFILE, 0666) = 4
24441 15:20:49.680869 fstat64(4, {st_mode=S_IFREG|0644, st_size=17, ...}) = 0
24441 15:20:49.680886 fcntl64(4, F_GETFL) = 0x8801 (flags O_WRONLY|O_NONBLOCK|O_LARGEFILE)
24441 15:20:49.680896 fcntl64(4, F_SETFL, O_WRONLY|O_LARGEFILE) = 0
24441 15:20:49.680906 fcntl64(4, F_SETLKW64, {type=F_WRLCK, whence=SEEK_SET, start=0, len=0}, 0xbfcfdef4) = 0
24441 15:20:49.680921 ftruncate64(4, 0) = 0
24441 15:20:49.680939 _llseek(4, 0, [0], SEEK_SET) = 0
24441 15:20:49.680950 write(5, "\v", 1) = 1
24441 15:20:49.680960 read(5,  <unfinished ...>
24439 15:20:49.680967 read(4, "\v", 1)  = 1
24439 15:20:49.680978 write(4, "\1\0\0\0", 4) = 4
24441 15:20:49.680988 <... read resumed> "\1\0\0\0", 4) = 4
24441 15:20:49.680995 write(5, "\v", 1) = 1
24441 15:20:49.681005 read(5,  <unfinished ...>
24439 15:20:49.681011 read(4, "\v", 1)  = 1
24439 15:20:49.681022 write(4, "\1\0\0\0", 4) = 4
24441 15:20:49.681032 <... read resumed> "\1\0\0\0", 4) = 4
24441 15:20:49.681039 write(5, "\r", 1) = 1
24441 15:20:49.681049 read(5,  <unfinished ...>
24439 15:20:49.681055 read(4, "\r", 1)  = 1
24439 15:20:49.681067 select(6, [5], NULL, NULL, {60, 0}) = 1 (in [5], left {60, 0})
24439 15:20:49.681084 accept(5, {sa_family=AF_INET, sin_port=htons(36662), sin_addr=inet_addr("127.0.0.1")}, [16]) = 6
24439 15:20:49.681105 write(4, "\1", 1) = 1
24441 15:20:49.681115 <... read resumed> "\1", 1) = 1
24441 15:20:49.681125 recvmsg(5,  <unfinished ...>
24439 15:20:49.681134 sendmsg(4, {msg_name(0)=NULL, msg_iov(1)=[{"\0", 1}], msg_controllen=16, {cmsg_len=16, cmsg_level=SOL_SOCKET, cmsg_type=SCM_RIGHTS, {6}}, msg_flags=0}, 0) = 1
24441 15:20:49.681151 <... recvmsg resumed> {msg_name(0)=NULL, msg_iov(1)=[{"\0", 1}], msg_controllen=16, {cmsg_len=16, cmsg_level=SOL_SOCKET, cmsg_type=SCM_RIGHTS, {6}}, msg_flags=0}, 0) = 1
24441 15:20:49.681164 setsockopt(6, SOL_SOCKET, SO_KEEPALIVE, [1], 4) = 0
24441 15:20:49.681176 setsockopt(6, SOL_IP, IP_TOS, [8], 4) = 0
24441 15:20:49.681187 setsockopt(6, SOL_SOCKET, SO_LINGER, {onoff=1, linger=32767}, 8) = 0
24441 15:20:49.681198 rt_sigaction(SIGALRM, {0x805cad0, ~[RTMIN RT_1], 0}, NULL, 8) = 0
24441 15:20:49.681211 alarm(300)        = 300
24441 15:20:49.681223 write(0, "150 Ok to send data.\r\n", 22) = 22
24441 15:20:49.681313 mmap2(NULL, 77824, PROT_READ|PROT_WRITE, MAP_PRIVATE|MAP_ANONYMOUS, -1, 0) = 0xb7dd0000
24441 15:20:49.681340 mprotect(0xb7de2000, 4096, PROT_NONE) = 0
24441 15:20:49.681352 mprotect(0xb7dd0000, 4096, PROT_NONE) = 0
24441 15:20:49.681362 read(6, "assasaaa\na\na\na\na\n", 65536) = 17
24441 15:20:49.681376 write(4, "assasaaa\na\na\na\na\n", 17) = 17
24441 15:20:49.681391 read(6, "", 65536) = 0
24441 15:20:49.681402 rt_sigaction(SIGALRM, {0x805cad0, ~[RTMIN RT_1], 0}, NULL, 8) = 0
24441 15:20:49.681415 alarm(300)        = 300
24441 15:20:49.681425 close(6)          = 0
24441 15:20:49.681434 alarm(0)          = 300
24441 15:20:49.681443 gettimeofday({1495653649, 681447}, NULL) = 0
24441 15:20:49.681460 getpid()          = 24441
24441 15:20:49.681472 gettimeofday({1495653649, 681476}, NULL) = 0
24441 15:20:49.681493 fcntl64(3, F_SETLKW64, {type=F_WRLCK, whence=SEEK_SET, start=0, len=0}, 0xbfcfde94) = 0
24441 15:20:49.681508 write(3, "Wed May 24 15:20:49 2017 [pid 24441] [msfadmin] OK UPLOAD: Client \"127.0.0.1\", \"/home/msfadmin/myfile18\", 17 bytes, 25.94Kbyte/sec\n", 131) = 131
24441 15:20:49.681528 fcntl64(3, F_SETLK64, {type=F_UNLCK, whence=SEEK_SET, start=0, len=0}, 0xbfcfde9c) = 0
24441 15:20:49.681542 write(0, "226 Transfer complete.\r\n", 24) = 24
24441 15:20:49.681584 write(5, "\n", 1) = 1
24441 15:20:49.681596 read(5,  <unfinished ...>
24439 15:20:49.681603 close(6)          = 0
24439 15:20:49.681621 read(4, "\n", 1)  = 1
24439 15:20:49.681633 close(5)          = 0
24439 15:20:49.681643 write(4, "\1", 1) = 1
24441 15:20:49.681654 <... read resumed> "\1", 1) = 1
24441 15:20:49.681661 close(4)          = 0
24441 15:20:49.681671 rt_sigaction(SIGALRM, {0x805cad0, ~[RTMIN RT_1], 0}, NULL, 8) = 0
24441 15:20:49.681684 alarm(300)        = 0
24441 15:20:49.681695 recv(0,  <unfinished ...>
24439 15:20:49.681702 read(4,  <unfinished ...>
24441 15:20:50.209310 <... recv resumed> "TYPE I\r\n", 4096, MSG_PEEK) = 8
24441 15:20:50.209418 read(0, "TYPE I\r\n", 8) = 8
24441 15:20:50.209512 write(0, "200 Switching to Binary mode.\r\n", 31) = 31
24441 15:20:50.209605 rt_sigaction(SIGALRM, {0x805cad0, ~[RTMIN RT_1], 0}, NULL, 8) = 0
24441 15:20:50.209636 alarm(300)        = 299
24441 15:20:50.209676 recv(0, "PASV\r\n", 4096, MSG_PEEK) = 6
24441 15:20:50.209692 read(0, "PASV\r\n", 6) = 6
24441 15:20:50.209704 write(5, "\n", 1) = 1
24441 15:20:50.209717 read(5,  <unfinished ...>
24439 15:20:50.209725 <... read resumed> "\n", 1) = 1
24439 15:20:50.209734 write(4, "\1", 1) = 1
24441 15:20:50.209745 <... read resumed> "\1", 1) = 1
24441 15:20:50.209752 write(5, "\f", 1) = 1
24441 15:20:50.209762 read(5,  <unfinished ...>
24439 15:20:50.209768 read(4, "\f", 1)  = 1
24439 15:20:50.209780 socket(PF_INET, SOCK_STREAM, IPPROTO_TCP) = 5
24439 15:20:50.209796 setsockopt(5, SOL_SOCKET, SO_REUSEADDR, [1], 4) = 0
24439 15:20:50.209810 bind(5, {sa_family=AF_INET, sin_port=htons(55765), sin_addr=inet_addr("127.0.0.1")}, 16) = 0
24439 15:20:50.209826 listen(5, 1)      = 0
24439 15:20:50.209840 write(4, "\325\331\0\0", 4) = 4
24441 15:20:50.209851 <... read resumed> "\325\331\0\0", 4) = 4
24441 15:20:50.209863 write(0, "227 Entering Passive Mode (127,0,0,1,217,213).\r\n", 48) = 48
24441 15:20:50.209979 rt_sigaction(SIGALRM, {0x805cad0, ~[RTMIN RT_1], 0}, NULL, 8) = 0
24441 15:20:50.209995 alarm(300)        = 300
24441 15:20:50.210006 recv(0, "STOR myfile19\r\n", 4096, MSG_PEEK) = 15
24441 15:20:50.210018 read(0, "STOR myfile19\r\n", 15) = 15
24441 15:20:50.210032 write(5, "\v", 1) = 1
24441 15:20:50.210042 read(5,  <unfinished ...>
24439 15:20:50.210049 read(4, "\v", 1)  = 1
24439 15:20:50.210060 write(4, "\1\0\0\0", 4) = 4
24441 15:20:50.210070 <... read resumed> "\1\0\0\0", 4) = 4
24441 15:20:50.210078 gettimeofday({1495653650, 210082}, NULL) = 0
24441 15:20:50.210089 getcwd("/home/msfadmin", 4096) = 15
24441 15:20:50.210102 open("myfile19", O_WRONLY|O_CREAT|O_NONBLOCK|O_LARGEFILE, 0666) = 4
24441 15:20:50.210116 fstat64(4, {st_mode=S_IFREG|0644, st_size=17, ...}) = 0
24441 15:20:50.210134 fcntl64(4, F_GETFL) = 0x8801 (flags O_WRONLY|O_NONBLOCK|O_LARGEFILE)
24441 15:20:50.210145 fcntl64(4, F_SETFL, O_WRONLY|O_LARGEFILE) = 0
24441 15:20:50.210154 fcntl64(4, F_SETLKW64, {type=F_WRLCK, whence=SEEK_SET, start=0, len=0}, 0xbfcfdef4) = 0
24441 15:20:50.210203 ftruncate64(4, 0) = 0
24441 15:20:50.210236 _llseek(4, 0, [0], SEEK_SET) = 0
24441 15:20:50.210247 write(5, "\v", 1) = 1
24441 15:20:50.210258 read(5,  <unfinished ...>
24439 15:20:50.210265 read(4, "\v", 1)  = 1
24439 15:20:50.210276 write(4, "\1\0\0\0", 4) = 4
24441 15:20:50.210286 <... read resumed> "\1\0\0\0", 4) = 4
24441 15:20:50.210293 write(5, "\v", 1) = 1
24441 15:20:50.210303 read(5,  <unfinished ...>
24439 15:20:50.210309 read(4, "\v", 1)  = 1
24439 15:20:50.210320 write(4, "\1\0\0\0", 4) = 4
24441 15:20:50.210329 <... read resumed> "\1\0\0\0", 4) = 4
24441 15:20:50.210337 write(5, "\r", 1) = 1
24441 15:20:50.210354 read(5,  <unfinished ...>
24439 15:20:50.210360 read(4, "\r", 1)  = 1
24439 15:20:50.210372 select(6, [5], NULL, NULL, {60, 0}) = 1 (in [5], left {60, 0})
24439 15:20:50.210388 accept(5, {sa_family=AF_INET, sin_port=htons(36939), sin_addr=inet_addr("127.0.0.1")}, [16]) = 6
24439 15:20:50.210411 write(4, "\1", 1) = 1
24441 15:20:50.210421 <... read resumed> "\1", 1) = 1
24441 15:20:50.210429 recvmsg(5,  <unfinished ...>
24439 15:20:50.210438 sendmsg(4, {msg_name(0)=NULL, msg_iov(1)=[{"\0", 1}], msg_controllen=16, {cmsg_len=16, cmsg_level=SOL_SOCKET, cmsg_type=SCM_RIGHTS, {6}}, msg_flags=0}, 0) = 1
24441 15:20:50.210455 <... recvmsg resumed> {msg_name(0)=NULL, msg_iov(1)=[{"\0", 1}], msg_controllen=16, {cmsg_len=16, cmsg_level=SOL_SOCKET, cmsg_type=SCM_RIGHTS, {6}}, msg_flags=0}, 0) = 1
24441 15:20:50.210468 setsockopt(6, SOL_SOCKET, SO_KEEPALIVE, [1], 4) = 0
24441 15:20:50.210480 setsockopt(6, SOL_IP, IP_TOS, [8], 4) = 0
24441 15:20:50.210491 setsockopt(6, SOL_SOCKET, SO_LINGER, {onoff=1, linger=32767}, 8) = 0
24441 15:20:50.210502 rt_sigaction(SIGALRM, {0x805cad0, ~[RTMIN RT_1], 0}, NULL, 8) = 0
24441 15:20:50.210516 alarm(300)        = 300
24441 15:20:50.210528 write(0, "150 Ok to send data.\r\n", 22) = 22
24441 15:20:50.210594 read(6, "assasaaa\na\na\na\na\n", 65536) = 17
24441 15:20:50.210608 write(4, "assasaaa\na\na\na\na\n", 17) = 17
24441 15:20:50.210624 read(6, "", 65536) = 0
24441 15:20:50.210635 rt_sigaction(SIGALRM, {0x805cad0, ~[RTMIN RT_1], 0}, NULL, 8) = 0
24441 15:20:50.210648 alarm(300)        = 300
24441 15:20:50.210689 close(6)          = 0
24441 15:20:50.210702 alarm(0)          = 300
24441 15:20:50.210711 gettimeofday({1495653650, 210715}, NULL) = 0
24441 15:20:50.210736 gettimeofday({1495653650, 210741}, NULL) = 0
24441 15:20:50.210751 fcntl64(3, F_SETLKW64, {type=F_WRLCK, whence=SEEK_SET, start=0, len=0}, 0xbfcfde94) = 0
24441 15:20:50.210765 write(3, "Wed May 24 15:20:50 2017 [pid 24441] [msfadmin] OK UPLOAD: Client \"127.0.0.1\", \"/home/msfadmin/myfile19\", 17 bytes, 25.19Kbyte/sec\n", 131) = 131
24441 15:20:50.210787 fcntl64(3, F_SETLK64, {type=F_UNLCK, whence=SEEK_SET, start=0, len=0}, 0xbfcfde9c) = 0
24441 15:20:50.210801 write(0, "226 Transfer complete.\r\n", 24) = 24
24441 15:20:50.210847 write(5, "\n", 1) = 1
24441 15:20:50.210859 read(5,  <unfinished ...>
24439 15:20:50.210866 close(6)          = 0
24439 15:20:50.210885 read(4, "\n", 1)  = 1
24439 15:20:50.210896 close(5)          = 0
24439 15:20:50.210918 write(4, "\1", 1) = 1
24441 15:20:50.210938 <... read resumed> "\1", 1) = 1
24441 15:20:50.210945 close(4)          = 0
24441 15:20:50.210955 rt_sigaction(SIGALRM, {0x805cad0, ~[RTMIN RT_1], 0}, NULL, 8) = 0
24441 15:20:50.210968 alarm(300)        = 0
24441 15:20:50.210979 recv(0,  <unfinished ...>
24439 15:20:50.210987 read(4,  <unfinished ...>
24441 15:20:50.748752 <... recv resumed> "TYPE I\r\n", 4096, MSG_PEEK) = 8
24441 15:20:50.748783 read(0, "TYPE I\r\n", 8) = 8
24441 15:20:50.748804 write(0, "200 Switching to Binary mode.\r\n", 31) = 31
24441 15:20:50.748852 rt_sigaction(SIGALRM, {0x805cad0, ~[RTMIN RT_1], 0}, NULL, 8) = 0
24441 15:20:50.748869 alarm(300)        = 299
24441 15:20:50.748882 recv(0, "PASV\r\n", 4096, MSG_PEEK) = 6
24441 15:20:50.748893 read(0, "PASV\r\n", 6) = 6
24441 15:20:50.748905 write(5, "\n", 1) = 1
24441 15:20:50.748917 read(5,  <unfinished ...>
24439 15:20:50.748926 <... read resumed> "\n", 1) = 1
24439 15:20:50.748935 write(4, "\1", 1) = 1
24441 15:20:50.748945 <... read resumed> "\1", 1) = 1
24441 15:20:50.748953 write(5, "\f", 1) = 1
24441 15:20:50.748962 read(5,  <unfinished ...>
24439 15:20:50.748969 read(4, "\f", 1)  = 1
24439 15:20:50.748981 socket(PF_INET, SOCK_STREAM, IPPROTO_TCP) = 5
24439 15:20:50.748996 setsockopt(5, SOL_SOCKET, SO_REUSEADDR, [1], 4) = 0
24439 15:20:50.749010 bind(5, {sa_family=AF_INET, sin_port=htons(43421), sin_addr=inet_addr("127.0.0.1")}, 16) = 0
24439 15:20:50.749027 listen(5, 1)      = 0
24439 15:20:50.749327 write(4, "\235\251\0\0", 4) = 4
24441 15:20:50.749661 <... read resumed> "\235\251\0\0", 4) = 4
24441 15:20:50.749758 write(0, "227 Entering Passive Mode (127,0,0,1,169,157).\r\n", 48) = 48
24441 15:20:50.749981 rt_sigaction(SIGALRM, {0x805cad0, ~[RTMIN RT_1], 0}, NULL, 8) = 0
24441 15:20:50.750014 alarm(300)        = 300
24441 15:20:50.750039 recv(0, "STOR myfile20\r\n", 4096, MSG_PEEK) = 15
24441 15:20:50.750057 read(0, "STOR myfile20\r\n", 15) = 15
24441 15:20:50.750071 write(5, "\v", 1) = 1
24441 15:20:50.750081 read(5,  <unfinished ...>
24439 15:20:50.750089 read(4, "\v", 1)  = 1
24439 15:20:50.750100 write(4, "\1\0\0\0", 4) = 4
24441 15:20:50.750111 <... read resumed> "\1\0\0\0", 4) = 4
24441 15:20:50.750153 gettimeofday({1495653650, 750157}, NULL) = 0
24441 15:20:50.750174 getcwd("/home/msfadmin", 4096) = 15
24441 15:20:50.750186 open("myfile20", O_WRONLY|O_CREAT|O_NONBLOCK|O_LARGEFILE, 0666) = 4
24441 15:20:50.750201 fstat64(4, {st_mode=S_IFREG|0644, st_size=17, ...}) = 0
24441 15:20:50.750219 fcntl64(4, F_GETFL) = 0x8801 (flags O_WRONLY|O_NONBLOCK|O_LARGEFILE)
24441 15:20:50.750230 fcntl64(4, F_SETFL, O_WRONLY|O_LARGEFILE) = 0
24441 15:20:50.750240 fcntl64(4, F_SETLKW64, {type=F_WRLCK, whence=SEEK_SET, start=0, len=0}, 0xbfcfdef4) = 0
24441 15:20:50.750254 ftruncate64(4, 0) = 0
24441 15:20:50.750272 _llseek(4, 0, [0], SEEK_SET) = 0
24441 15:20:50.750283 write(5, "\v", 1) = 1
24441 15:20:50.750293 read(5,  <unfinished ...>
24439 15:20:50.750301 read(4, "\v", 1)  = 1
24439 15:20:50.750312 write(4, "\1\0\0\0", 4) = 4
24441 15:20:50.750322 <... read resumed> "\1\0\0\0", 4) = 4
24441 15:20:50.750330 write(5, "\v", 1) = 1
24441 15:20:50.750339 read(5,  <unfinished ...>
24439 15:20:50.750346 read(4, "\v", 1)  = 1
24439 15:20:50.750357 write(4, "\1\0\0\0", 4) = 4
24441 15:20:50.750367 <... read resumed> "\1\0\0\0", 4) = 4
24441 15:20:50.750374 write(5, "\r", 1) = 1
24441 15:20:50.750384 read(5,  <unfinished ...>
24439 15:20:50.750390 read(4, "\r", 1)  = 1
24439 15:20:50.750402 select(6, [5], NULL, NULL, {60, 0}) = 1 (in [5], left {60, 0})
24439 15:20:50.750418 accept(5, {sa_family=AF_INET, sin_port=htons(43770), sin_addr=inet_addr("127.0.0.1")}, [16]) = 6
24439 15:20:50.750440 write(4, "\1", 1) = 1
24441 15:20:50.750450 <... read resumed> "\1", 1) = 1
24441 15:20:50.750459 recvmsg(5,  <unfinished ...>
24439 15:20:50.750467 sendmsg(4, {msg_name(0)=NULL, msg_iov(1)=[{"\0", 1}], msg_controllen=16, {cmsg_len=16, cmsg_level=SOL_SOCKET, cmsg_type=SCM_RIGHTS, {6}}, msg_flags=0}, 0) = 1
24441 15:20:50.750484 <... recvmsg resumed> {msg_name(0)=NULL, msg_iov(1)=[{"\0", 1}], msg_controllen=16, {cmsg_len=16, cmsg_level=SOL_SOCKET, cmsg_type=SCM_RIGHTS, {6}}, msg_flags=0}, 0) = 1
24441 15:20:50.750497 setsockopt(6, SOL_SOCKET, SO_KEEPALIVE, [1], 4) = 0
24441 15:20:50.750509 setsockopt(6, SOL_IP, IP_TOS, [8], 4) = 0
24441 15:20:50.750521 setsockopt(6, SOL_SOCKET, SO_LINGER, {onoff=1, linger=32767}, 8) = 0
24441 15:20:50.750532 rt_sigaction(SIGALRM, {0x805cad0, ~[RTMIN RT_1], 0}, NULL, 8) = 0
24441 15:20:50.750545 alarm(300)        = 300
24441 15:20:50.750558 write(0, "150 Ok to send data.\r\n", 22) = 22
24441 15:20:50.750623 read(6, "assasaaa\na\na\na\na\n", 65536) = 17
24441 15:20:50.750637 write(4, "assasaaa\na\na\na\na\n", 17) = 17
24441 15:20:50.750653 read(6, "", 65536) = 0
24441 15:20:50.750663 rt_sigaction(SIGALRM, {0x805cad0, ~[RTMIN RT_1], 0}, NULL, 8) = 0
24441 15:20:50.750677 alarm(300)        = 300
24441 15:20:50.750687 close(6)          = 0
24441 15:20:50.750696 alarm(0)          = 300
24441 15:20:50.750705 gettimeofday({1495653650, 750709}, NULL) = 0
24441 15:20:50.750720 gettimeofday({1495653650, 750724}, NULL) = 0
24441 15:20:50.750735 fcntl64(3, F_SETLKW64, {type=F_WRLCK, whence=SEEK_SET, start=0, len=0}, 0xbfcfde94) = 0
24441 15:20:50.750749 write(3, "Wed May 24 15:20:50 2017 [pid 24441] [msfadmin] OK UPLOAD: Client \"127.0.0.1\", \"/home/msfadmin/myfile20\", 17 bytes, 29.28Kbyte/sec\n", 131) = 131
24441 15:20:50.750770 fcntl64(3, F_SETLK64, {type=F_UNLCK, whence=SEEK_SET, start=0, len=0}, 0xbfcfde9c) = 0
24441 15:20:50.750784 write(0, "226 Transfer complete.\r\n", 24) = 24
24441 15:20:50.750827 write(5, "\n", 1) = 1
24441 15:20:50.750842 read(5,  <unfinished ...>
24439 15:20:50.750849 close(6)          = 0
24439 15:20:50.750867 read(4, "\n", 1)  = 1
24439 15:20:50.750878 close(5)          = 0
24439 15:20:50.750889 write(4, "\1", 1) = 1
24441 15:20:50.750900 <... read resumed> "\1", 1) = 1
24441 15:20:50.750907 close(4)          = 0
24441 15:20:50.750917 rt_sigaction(SIGALRM, {0x805cad0, ~[RTMIN RT_1], 0}, NULL, 8) = 0
24441 15:20:50.750930 alarm(300)        = 0
24441 15:20:50.750941 recv(0,  <unfinished ...>
24439 15:20:50.750948 read(4,  <unfinished ...>
24441 15:20:51.279690 <... recv resumed> "TYPE I\r\n", 4096, MSG_PEEK) = 8
24441 15:20:51.279719 read(0, "TYPE I\r\n", 8) = 8
24441 15:20:51.279741 write(0, "200 Switching to Binary mode.\r\n", 31) = 31
24441 15:20:51.279788 rt_sigaction(SIGALRM, {0x805cad0, ~[RTMIN RT_1], 0}, NULL, 8) = 0
24441 15:20:51.279806 alarm(300)        = 299
24441 15:20:51.279818 recv(0, "PASV\r\n", 4096, MSG_PEEK) = 6
24441 15:20:51.279830 read(0, "PASV\r\n", 6) = 6
24441 15:20:51.279841 write(5, "\n", 1) = 1
24441 15:20:51.279854 read(5,  <unfinished ...>
24439 15:20:51.279863 <... read resumed> "\n", 1) = 1
24439 15:20:51.279872 write(4, "\1", 1) = 1
24441 15:20:51.279882 <... read resumed> "\1", 1) = 1
24441 15:20:51.279889 write(5, "\f", 1) = 1
24441 15:20:51.279899 read(5,  <unfinished ...>
24439 15:20:51.279906 read(4, "\f", 1)  = 1
24439 15:20:51.279918 socket(PF_INET, SOCK_STREAM, IPPROTO_TCP) = 5
24439 15:20:51.279933 setsockopt(5, SOL_SOCKET, SO_REUSEADDR, [1], 4) = 0
24439 15:20:51.279947 bind(5, {sa_family=AF_INET, sin_port=htons(11816), sin_addr=inet_addr("127.0.0.1")}, 16) = 0
24439 15:20:51.279964 listen(5, 1)      = 0
24439 15:20:51.279977 write(4, "(.\0\0", 4) = 4
24441 15:20:51.279988 <... read resumed> "(.\0\0", 4) = 4
24441 15:20:51.279999 write(0, "227 Entering Passive Mode (127,0,0,1,46,40).\r\n", 46) = 46
24441 15:20:51.280112 rt_sigaction(SIGALRM, {0x805cad0, ~[RTMIN RT_1], 0}, NULL, 8) = 0
24441 15:20:51.280129 alarm(300)        = 300
24441 15:20:51.280140 recv(0, "STOR myfile21\r\n", 4096, MSG_PEEK) = 15
24441 15:20:51.280152 read(0, "STOR myfile21\r\n", 15) = 15
24441 15:20:51.280166 write(5, "\v", 1) = 1
24441 15:20:51.280176 read(5,  <unfinished ...>
24439 15:20:51.280183 read(4, "\v", 1)  = 1
24439 15:20:51.280194 write(4, "\1\0\0\0", 4) = 4
24441 15:20:51.280204 <... read resumed> "\1\0\0\0", 4) = 4
24441 15:20:51.280211 gettimeofday({1495653651, 280215}, NULL) = 0
24441 15:20:51.280222 getcwd("/home/msfadmin", 4096) = 15
24441 15:20:51.280234 open("myfile21", O_WRONLY|O_CREAT|O_NONBLOCK|O_LARGEFILE, 0666) = 4
24441 15:20:51.280249 fstat64(4, {st_mode=S_IFREG|0644, st_size=17, ...}) = 0
24441 15:20:51.280267 fcntl64(4, F_GETFL) = 0x8801 (flags O_WRONLY|O_NONBLOCK|O_LARGEFILE)
24441 15:20:51.280278 fcntl64(4, F_SETFL, O_WRONLY|O_LARGEFILE) = 0
24441 15:20:51.280288 fcntl64(4, F_SETLKW64, {type=F_WRLCK, whence=SEEK_SET, start=0, len=0}, 0xbfcfdef4) = 0
24441 15:20:51.280302 ftruncate64(4, 0) = 0
24441 15:20:51.280320 _llseek(4, 0, [0], SEEK_SET) = 0
24441 15:20:51.280331 write(5, "\v", 1) = 1
24441 15:20:51.280341 read(5,  <unfinished ...>
24439 15:20:51.280348 read(4, "\v", 1)  = 1
24439 15:20:51.280359 write(4, "\1\0\0\0", 4) = 4
24441 15:20:51.280369 <... read resumed> "\1\0\0\0", 4) = 4
24441 15:20:51.280376 write(5, "\v", 1) = 1
24441 15:20:51.280386 read(5,  <unfinished ...>
24439 15:20:51.280392 read(4, "\v", 1)  = 1
24439 15:20:51.280403 write(4, "\1\0\0\0", 4) = 4
24441 15:20:51.280413 <... read resumed> "\1\0\0\0", 4) = 4
24441 15:20:51.280420 write(5, "\r", 1) = 1
24441 15:20:51.280429 read(5,  <unfinished ...>
24439 15:20:51.280436 read(4, "\r", 1)  = 1
24439 15:20:51.280468 select(6, [5], NULL, NULL, {60, 0}) = 1 (in [5], left {60, 0})
24439 15:20:51.280497 accept(5, {sa_family=AF_INET, sin_port=htons(55187), sin_addr=inet_addr("127.0.0.1")}, [16]) = 6
24439 15:20:51.280519 write(4, "\1", 1) = 1
24441 15:20:51.280530 <... read resumed> "\1", 1) = 1
24441 15:20:51.280539 recvmsg(5,  <unfinished ...>
24439 15:20:51.280547 sendmsg(4, {msg_name(0)=NULL, msg_iov(1)=[{"\0", 1}], msg_controllen=16, {cmsg_len=16, cmsg_level=SOL_SOCKET, cmsg_type=SCM_RIGHTS, {6}}, msg_flags=0}, 0) = 1
24441 15:20:51.280571 <... recvmsg resumed> {msg_name(0)=NULL, msg_iov(1)=[{"\0", 1}], msg_controllen=16, {cmsg_len=16, cmsg_level=SOL_SOCKET, cmsg_type=SCM_RIGHTS, {6}}, msg_flags=0}, 0) = 1
24441 15:20:51.280584 setsockopt(6, SOL_SOCKET, SO_KEEPALIVE, [1], 4) = 0
24441 15:20:51.280596 setsockopt(6, SOL_IP, IP_TOS, [8], 4) = 0
24441 15:20:51.280608 setsockopt(6, SOL_SOCKET, SO_LINGER, {onoff=1, linger=32767}, 8) = 0
24441 15:20:51.280619 rt_sigaction(SIGALRM, {0x805cad0, ~[RTMIN RT_1], 0}, NULL, 8) = 0
24441 15:20:51.280632 alarm(300)        = 300
24441 15:20:51.280645 write(0, "150 Ok to send data.\r\n", 22) = 22
24441 15:20:51.280711 read(6, "assasaaa\na\na\na\na\n", 65536) = 17
24441 15:20:51.280725 write(4, "assasaaa\na\na\na\na\n", 17) = 17
24441 15:20:51.280741 read(6, "", 65536) = 0
24441 15:20:51.280752 rt_sigaction(SIGALRM, {0x805cad0, ~[RTMIN RT_1], 0}, NULL, 8) = 0
24441 15:20:51.280765 alarm(300)        = 300
24441 15:20:51.280775 close(6)          = 0
24441 15:20:51.280784 alarm(0)          = 300
24441 15:20:51.280793 gettimeofday({1495653651, 280797}, NULL) = 0
24441 15:20:51.280809 gettimeofday({1495653651, 280813}, NULL) = 0
24441 15:20:51.280823 fcntl64(3, F_SETLKW64, {type=F_WRLCK, whence=SEEK_SET, start=0, len=0}, 0xbfcfde94) = 0
24441 15:20:51.280838 write(3, "Wed May 24 15:20:51 2017 [pid 24441] [msfadmin] OK UPLOAD: Client \"127.0.0.1\", \"/home/msfadmin/myfile21\", 17 bytes, 27.76Kbyte/sec\n", 131) = 131
24441 15:20:51.280859 fcntl64(3, F_SETLK64, {type=F_UNLCK, whence=SEEK_SET, start=0, len=0}, 0xbfcfde9c) = 0
24441 15:20:51.280873 write(0, "226 Transfer complete.\r\n", 24) = 24
24441 15:20:51.280916 write(5, "\n", 1) = 1
24441 15:20:51.280928 read(5,  <unfinished ...>
24439 15:20:51.280934 close(6)          = 0
24439 15:20:51.280952 read(4, "\n", 1)  = 1
24439 15:20:51.280964 close(5)          = 0
24439 15:20:51.280974 write(4, "\1", 1) = 1
24441 15:20:51.280985 <... read resumed> "\1", 1) = 1
24441 15:20:51.280991 close(4)          = 0
24441 15:20:51.281002 rt_sigaction(SIGALRM, {0x805cad0, ~[RTMIN RT_1], 0}, NULL, 8) = 0
24441 15:20:51.281015 alarm(300)        = 0
24441 15:20:51.281026 recv(0,  <unfinished ...>
24439 15:20:51.281033 read(4,  <unfinished ...>
24441 15:20:51.789599 <... recv resumed> "TYPE I\r\n", 4096, MSG_PEEK) = 8
24441 15:20:51.789629 read(0, "TYPE I\r\n", 8) = 8
24441 15:20:51.789651 write(0, "200 Switching to Binary mode.\r\n", 31) = 31
24441 15:20:51.789699 rt_sigaction(SIGALRM, {0x805cad0, ~[RTMIN RT_1], 0}, NULL, 8) = 0
24441 15:20:51.789717 alarm(300)        = 299
24441 15:20:51.789730 recv(0, "PASV\r\n", 4096, MSG_PEEK) = 6
24441 15:20:51.789741 read(0, "PASV\r\n", 6) = 6
24441 15:20:51.789753 write(5, "\n", 1) = 1
24441 15:20:51.789766 read(5,  <unfinished ...>
24439 15:20:51.789775 <... read resumed> "\n", 1) = 1
24439 15:20:51.789784 write(4, "\1", 1) = 1
24441 15:20:51.789794 <... read resumed> "\1", 1) = 1
24441 15:20:51.789801 write(5, "\f", 1) = 1
24441 15:20:51.789811 read(5,  <unfinished ...>
24439 15:20:51.789818 read(4, "\f", 1)  = 1
24439 15:20:51.789830 socket(PF_INET, SOCK_STREAM, IPPROTO_TCP) = 5
24439 15:20:51.789845 setsockopt(5, SOL_SOCKET, SO_REUSEADDR, [1], 4) = 0
24439 15:20:51.789860 bind(5, {sa_family=AF_INET, sin_port=htons(48012), sin_addr=inet_addr("127.0.0.1")}, 16) = 0
24439 15:20:51.789876 listen(5, 1)      = 0
24439 15:20:51.789890 write(4, "\214\273\0\0", 4) = 4
24441 15:20:51.789901 <... read resumed> "\214\273\0\0", 4) = 4
24441 15:20:51.789913 write(0, "227 Entering Passive Mode (127,0,0,1,187,140).\r\n", 48) = 48
24441 15:20:51.790025 rt_sigaction(SIGALRM, {0x805cad0, ~[RTMIN RT_1], 0}, NULL, 8) = 0
24441 15:20:51.790042 alarm(300)        = 300
24441 15:20:51.790053 recv(0, "STOR myfile22\r\n", 4096, MSG_PEEK) = 15
24441 15:20:51.790065 read(0, "STOR myfile22\r\n", 15) = 15
24441 15:20:51.790079 write(5, "\v", 1) = 1
24441 15:20:51.790089 read(5,  <unfinished ...>
24439 15:20:51.790096 read(4, "\v", 1)  = 1
24439 15:20:51.790115 write(4, "\1\0\0\0", 4) = 4
24441 15:20:51.790126 <... read resumed> "\1\0\0\0", 4) = 4
24441 15:20:51.790134 gettimeofday({1495653651, 790137}, NULL) = 0
24441 15:20:51.790145 getcwd("/home/msfadmin", 4096) = 15
24441 15:20:51.790157 open("myfile22", O_WRONLY|O_CREAT|O_NONBLOCK|O_LARGEFILE, 0666) = 4
24441 15:20:51.790172 fstat64(4, {st_mode=S_IFREG|0644, st_size=17, ...}) = 0
24441 15:20:51.790189 fcntl64(4, F_GETFL) = 0x8801 (flags O_WRONLY|O_NONBLOCK|O_LARGEFILE)
24441 15:20:51.790201 fcntl64(4, F_SETFL, O_WRONLY|O_LARGEFILE) = 0
24441 15:20:51.790210 fcntl64(4, F_SETLKW64, {type=F_WRLCK, whence=SEEK_SET, start=0, len=0}, 0xbfcfdef4) = 0
24441 15:20:51.790224 ftruncate64(4, 0) = 0
24441 15:20:51.790243 _llseek(4, 0, [0], SEEK_SET) = 0
24441 15:20:51.790253 write(5, "\v", 1) = 1
24441 15:20:51.790298 read(5,  <unfinished ...>
24439 15:20:51.790306 read(4, "\v", 1)  = 1
24439 15:20:51.790318 write(4, "\1\0\0\0", 4) = 4
24441 15:20:51.790342 <... read resumed> "\1\0\0\0", 4) = 4
24441 15:20:51.790349 write(5, "\v", 1) = 1
24441 15:20:51.790359 read(5,  <unfinished ...>
24439 15:20:51.790365 read(4, "\v", 1)  = 1
24439 15:20:51.790376 write(4, "\1\0\0\0", 4) = 4
24441 15:20:51.790386 <... read resumed> "\1\0\0\0", 4) = 4
24441 15:20:51.790393 write(5, "\r", 1) = 1
24441 15:20:51.790403 read(5,  <unfinished ...>
24439 15:20:51.790409 read(4, "\r", 1)  = 1
24439 15:20:51.790421 select(6, [5], NULL, NULL, {60, 0}) = 1 (in [5], left {60, 0})
24439 15:20:51.790437 accept(5, {sa_family=AF_INET, sin_port=htons(54621), sin_addr=inet_addr("127.0.0.1")}, [16]) = 6
24439 15:20:51.790459 write(4, "\1", 1) = 1
24441 15:20:51.790469 <... read resumed> "\1", 1) = 1
24441 15:20:51.790478 recvmsg(5,  <unfinished ...>
24439 15:20:51.790486 sendmsg(4, {msg_name(0)=NULL, msg_iov(1)=[{"\0", 1}], msg_controllen=16, {cmsg_len=16, cmsg_level=SOL_SOCKET, cmsg_type=SCM_RIGHTS, {6}}, msg_flags=0}, 0) = 1
24441 15:20:51.790503 <... recvmsg resumed> {msg_name(0)=NULL, msg_iov(1)=[{"\0", 1}], msg_controllen=16, {cmsg_len=16, cmsg_level=SOL_SOCKET, cmsg_type=SCM_RIGHTS, {6}}, msg_flags=0}, 0) = 1
24441 15:20:51.790516 setsockopt(6, SOL_SOCKET, SO_KEEPALIVE, [1], 4) = 0
24441 15:20:51.790528 setsockopt(6, SOL_IP, IP_TOS, [8], 4) = 0
24441 15:20:51.790540 setsockopt(6, SOL_SOCKET, SO_LINGER, {onoff=1, linger=32767}, 8) = 0
24441 15:20:51.790551 rt_sigaction(SIGALRM, {0x805cad0, ~[RTMIN RT_1], 0}, NULL, 8) = 0
24441 15:20:51.790564 alarm(300)        = 300
24441 15:20:51.790576 write(0, "150 Ok to send data.\r\n", 22) = 22
24441 15:20:51.790642 read(6, "assasaaa\na\na\na\na\n", 65536) = 17
24441 15:20:51.790656 write(4, "assasaaa\na\na\na\na\n", 17) = 17
24441 15:20:51.790672 read(6, "", 65536) = 0
24441 15:20:51.790683 rt_sigaction(SIGALRM, {0x805cad0, ~[RTMIN RT_1], 0}, NULL, 8) = 0
24441 15:20:51.790696 alarm(300)        = 300
24441 15:20:51.790706 close(6)          = 0
24441 15:20:51.790715 alarm(0)          = 300
24441 15:20:51.790724 gettimeofday({1495653651, 790728}, NULL) = 0
24441 15:20:51.790740 gettimeofday({1495653651, 790744}, NULL) = 0
24441 15:20:51.790754 fcntl64(3, F_SETLKW64, {type=F_WRLCK, whence=SEEK_SET, start=0, len=0}, 0xbfcfde94) = 0
24441 15:20:51.790769 write(3, "Wed May 24 15:20:51 2017 [pid 24441] [msfadmin] OK UPLOAD: Client \"127.0.0.1\", \"/home/msfadmin/myfile22\", 17 bytes, 27.35Kbyte/sec\n", 131) = 131
24441 15:20:51.790790 fcntl64(3, F_SETLK64, {type=F_UNLCK, whence=SEEK_SET, start=0, len=0}, 0xbfcfde9c) = 0
24441 15:20:51.790804 write(0, "226 Transfer complete.\r\n", 24) = 24
24441 15:20:51.790847 write(5, "\n", 1) = 1
24441 15:20:51.790859 read(5,  <unfinished ...>
24439 15:20:51.790866 close(6)          = 0
24439 15:20:51.790883 read(4, "\n", 1)  = 1
24439 15:20:51.790895 close(5)          = 0
24439 15:20:51.790905 write(4, "\1", 1) = 1
24441 15:20:51.790916 <... read resumed> "\1", 1) = 1
24441 15:20:51.790923 close(4)          = 0
24441 15:20:51.790933 rt_sigaction(SIGALRM, {0x805cad0, ~[RTMIN RT_1], 0}, NULL, 8) = 0
24441 15:20:51.790946 alarm(300)        = 0
24441 15:20:51.790957 recv(0,  <unfinished ...>
24439 15:20:51.790968 read(4,  <unfinished ...>
24441 15:20:52.300094 <... recv resumed> "TYPE I\r\n", 4096, MSG_PEEK) = 8
24441 15:20:52.300168 read(0, "TYPE I\r\n", 8) = 8
24441 15:20:52.300230 write(0, "200 Switching to Binary mode.\r\n", 31) = 31
24441 15:20:52.300309 rt_sigaction(SIGALRM, {0x805cad0, ~[RTMIN RT_1], 0}, NULL, 8) = 0
24441 15:20:52.300338 alarm(300)        = 299
24441 15:20:52.300357 recv(0, "PASV\r\n", 4096, MSG_PEEK) = 6
24441 15:20:52.300369 read(0, "PASV\r\n", 6) = 6
24441 15:20:52.300382 write(5, "\n", 1) = 1
24441 15:20:52.300394 read(5,  <unfinished ...>
24439 15:20:52.300403 <... read resumed> "\n", 1) = 1
24439 15:20:52.300413 write(4, "\1", 1) = 1
24441 15:20:52.300423 <... read resumed> "\1", 1) = 1
24441 15:20:52.300431 write(5, "\f", 1) = 1
24441 15:20:52.300441 read(5,  <unfinished ...>
24439 15:20:52.300448 read(4, "\f", 1)  = 1
24439 15:20:52.300460 socket(PF_INET, SOCK_STREAM, IPPROTO_TCP) = 5
24439 15:20:52.300476 setsockopt(5, SOL_SOCKET, SO_REUSEADDR, [1], 4) = 0
24439 15:20:52.300491 bind(5, {sa_family=AF_INET, sin_port=htons(55853), sin_addr=inet_addr("127.0.0.1")}, 16) = 0
24439 15:20:52.300509 listen(5, 1)      = 0
24439 15:20:52.300523 write(4, "-\332\0\0", 4) = 4
24441 15:20:52.300534 <... read resumed> "-\332\0\0", 4) = 4
24441 15:20:52.300546 write(0, "227 Entering Passive Mode (127,0,0,1,218,45).\r\n", 47) = 47
24441 15:20:52.300661 rt_sigaction(SIGALRM, {0x805cad0, ~[RTMIN RT_1], 0}, NULL, 8) = 0
24441 15:20:52.300679 alarm(300)        = 300
24441 15:20:52.300690 recv(0, "STOR myfile23\r\n", 4096, MSG_PEEK) = 15
24441 15:20:52.300703 read(0, "STOR myfile23\r\n", 15) = 15
24441 15:20:52.300716 write(5, "\v", 1) = 1
24441 15:20:52.300727 read(5,  <unfinished ...>
24439 15:20:52.300734 read(4, "\v", 1)  = 1
24439 15:20:52.300746 write(4, "\1\0\0\0", 4) = 4
24441 15:20:52.300756 <... read resumed> "\1\0\0\0", 4) = 4
24441 15:20:52.300764 gettimeofday({1495653652, 300768}, NULL) = 0
24441 15:20:52.300775 getcwd("/home/msfadmin", 4096) = 15
24441 15:20:52.300788 open("myfile23", O_WRONLY|O_CREAT|O_NONBLOCK|O_LARGEFILE, 0666) = 4
24441 15:20:52.300803 fstat64(4, {st_mode=S_IFREG|0644, st_size=17, ...}) = 0
24441 15:20:52.300821 fcntl64(4, F_GETFL) = 0x8801 (flags O_WRONLY|O_NONBLOCK|O_LARGEFILE)
24441 15:20:52.300832 fcntl64(4, F_SETFL, O_WRONLY|O_LARGEFILE) = 0
24441 15:20:52.300842 fcntl64(4, F_SETLKW64, {type=F_WRLCK, whence=SEEK_SET, start=0, len=0}, 0xbfcfdef4) = 0
24441 15:20:52.300857 ftruncate64(4, 0) = 0
24441 15:20:52.300877 _llseek(4, 0, [0], SEEK_SET) = 0
24441 15:20:52.300888 write(5, "\v", 1) = 1
24441 15:20:52.300898 read(5,  <unfinished ...>
24439 15:20:52.300905 read(4, "\v", 1)  = 1
24439 15:20:52.300917 write(4, "\1\0\0\0", 4) = 4
24441 15:20:52.300927 <... read resumed> "\1\0\0\0", 4) = 4
24441 15:20:52.300935 write(5, "\v", 1) = 1
24441 15:20:52.300945 read(5,  <unfinished ...>
24439 15:20:52.300952 read(4, "\v", 1)  = 1
24439 15:20:52.300962 write(4, "\1\0\0\0", 4) = 4
24441 15:20:52.300994 <... read resumed> "\1\0\0\0", 4) = 4
24441 15:20:52.301004 write(5, "\r", 1) = 1
24441 15:20:52.301014 read(5,  <unfinished ...>
24439 15:20:52.301022 read(4, "\r", 1)  = 1
24439 15:20:52.301034 select(6, [5], NULL, NULL, {60, 0}) = 1 (in [5], left {60, 0})
24439 15:20:52.301050 accept(5, {sa_family=AF_INET, sin_port=htons(51397), sin_addr=inet_addr("127.0.0.1")}, [16]) = 6
24439 15:20:52.301073 write(4, "\1", 1) = 1
24441 15:20:52.301084 <... read resumed> "\1", 1) = 1
24441 15:20:52.301093 recvmsg(5,  <unfinished ...>
24439 15:20:52.301101 sendmsg(4, {msg_name(0)=NULL, msg_iov(1)=[{"\0", 1}], msg_controllen=16, {cmsg_len=16, cmsg_level=SOL_SOCKET, cmsg_type=SCM_RIGHTS, {6}}, msg_flags=0}, 0) = 1
24441 15:20:52.301119 <... recvmsg resumed> {msg_name(0)=NULL, msg_iov(1)=[{"\0", 1}], msg_controllen=16, {cmsg_len=16, cmsg_level=SOL_SOCKET, cmsg_type=SCM_RIGHTS, {6}}, msg_flags=0}, 0) = 1
24441 15:20:52.301132 setsockopt(6, SOL_SOCKET, SO_KEEPALIVE, [1], 4) = 0
24441 15:20:52.301144 setsockopt(6, SOL_IP, IP_TOS, [8], 4) = 0
24441 15:20:52.301157 setsockopt(6, SOL_SOCKET, SO_LINGER, {onoff=1, linger=32767}, 8) = 0
24441 15:20:52.301175 rt_sigaction(SIGALRM, {0x805cad0, ~[RTMIN RT_1], 0}, NULL, 8) = 0
24441 15:20:52.301189 alarm(300)        = 300
24441 15:20:52.301202 write(0, "150 Ok to send data.\r\n", 22) = 22
24441 15:20:52.301272 read(6, "assasaaa\na\na\na\na\n", 65536) = 17
24441 15:20:52.301287 write(4, "assasaaa\na\na\na\na\n", 17) = 17
24441 15:20:52.301303 read(6, "", 65536) = 0
24441 15:20:52.301314 rt_sigaction(SIGALRM, {0x805cad0, ~[RTMIN RT_1], 0}, NULL, 8) = 0
24441 15:20:52.301327 alarm(300)        = 300
24441 15:20:52.301337 close(6)          = 0
24441 15:20:52.301347 alarm(0)          = 300
24441 15:20:52.301356 gettimeofday({1495653652, 301360}, NULL) = 0
24441 15:20:52.301372 gettimeofday({1495653652, 301376}, NULL) = 0
24441 15:20:52.301387 fcntl64(3, F_SETLKW64, {type=F_WRLCK, whence=SEEK_SET, start=0, len=0}, 0xbfcfde94) = 0
24441 15:20:52.301402 write(3, "Wed May 24 15:20:52 2017 [pid 24441] [msfadmin] OK UPLOAD: Client \"127.0.0.1\", \"/home/msfadmin/myfile23\", 17 bytes, 27.31Kbyte/sec\n", 131) = 131
24441 15:20:52.301424 fcntl64(3, F_SETLK64, {type=F_UNLCK, whence=SEEK_SET, start=0, len=0}, 0xbfcfde9c) = 0
24441 15:20:52.301439 write(0, "226 Transfer complete.\r\n", 24) = 24
24441 15:20:52.301484 write(5, "\n", 1) = 1
24441 15:20:52.301496 read(5,  <unfinished ...>
24439 15:20:52.301503 close(6)          = 0
24439 15:20:52.301521 read(4, "\n", 1)  = 1
24439 15:20:52.301533 close(5)          = 0
24439 15:20:52.301545 write(4, "\1", 1) = 1
24441 15:20:52.301556 <... read resumed> "\1", 1) = 1
24441 15:20:52.301563 close(4)          = 0
24441 15:20:52.301574 rt_sigaction(SIGALRM, {0x805cad0, ~[RTMIN RT_1], 0}, NULL, 8) = 0
24441 15:20:52.301587 alarm(300)        = 0
24441 15:20:52.301598 recv(0,  <unfinished ...>
24439 15:20:52.301606 read(4,  <unfinished ...>
