20737 14:37:45.832576 mmap2(NULL, 4096, PROT_READ|PROT_WRITE, MAP_PRIVATE|MAP_ANONYMOUS, -1, 0) = 0xb7f19000
20737 14:37:45.832587 read(5, "# /etc/ftpusers: list of users disallowed FTP access. See ftpusers(5).\n\nroot\ndaemon\nbin\nsys\nsync\ngames\nman\nlp\nmail\nnews\nuucp\nnobody\n", 4096) = 132
20737 14:37:45.832609 read(5, "", 4096) = 0
20737 14:37:45.832618 close(5)          = 0
20737 14:37:45.832628 munmap(0xb7f19000, 4096) = 0
20737 14:37:45.832643 getuid32()        = 0
20737 14:37:45.832660 open("/etc/passwd", O_RDONLY|0x80000 /* O_??? */) = 5
20737 14:37:45.832675 _llseek(5, 0, [0], SEEK_CUR) = 0
20737 14:37:45.832686 fstat64(5, {st_mode=S_IFREG|0644, st_size=1624, ...}) = 0
20737 14:37:45.832703 mmap2(NULL, 1624, PROT_READ, MAP_SHARED, 5, 0) = 0xb7f19000
20737 14:37:45.832714 _llseek(5, 1624, [1624], SEEK_SET) = 0
20737 14:37:45.832733 munmap(0xb7f19000, 1624) = 0
20737 14:37:45.832744 close(5)          = 0
20737 14:37:45.832768 open("/etc/shadow", O_RDONLY|0x80000 /* O_??? */) = 5
20737 14:37:45.832785 _llseek(5, 0, [0], SEEK_CUR) = 0
20737 14:37:45.832796 fstat64(5, {st_mode=S_IFREG|0640, st_size=1233, ...}) = 0
20737 14:37:45.832813 mmap2(NULL, 1233, PROT_READ, MAP_SHARED, 5, 0) = 0xb7f19000
20737 14:37:45.832824 _llseek(5, 1233, [1233], SEEK_SET) = 0
20737 14:37:45.832847 munmap(0xb7f19000, 1233) = 0
20737 14:37:45.832858 close(5)          = 0
20737 14:37:45.832876 open("/etc/passwd", O_RDONLY|0x80000 /* O_??? */) = 5
20737 14:37:45.832890 _llseek(5, 0, [0], SEEK_CUR) = 0
20737 14:37:45.832900 fstat64(5, {st_mode=S_IFREG|0644, st_size=1624, ...}) = 0
20737 14:37:45.832917 mmap2(NULL, 1624, PROT_READ, MAP_SHARED, 5, 0) = 0xb7f19000
20737 14:37:45.832928 _llseek(5, 1624, [1624], SEEK_SET) = 0
20737 14:37:45.832944 munmap(0xb7f19000, 1624) = 0
20737 14:37:45.832954 close(5)          = 0
20737 14:37:45.832986 open("/etc/shadow", O_RDONLY|0x80000 /* O_??? */) = 5
20737 14:37:45.833012 _llseek(5, 0, [0], SEEK_CUR) = 0
20737 14:37:45.833023 fstat64(5, {st_mode=S_IFREG|0640, st_size=1233, ...}) = 0
20737 14:37:45.833039 mmap2(NULL, 1233, PROT_READ, MAP_SHARED, 5, 0) = 0xb7f19000
20737 14:37:45.833050 _llseek(5, 1233, [1233], SEEK_SET) = 0
20737 14:37:45.833067 munmap(0xb7f19000, 1233) = 0
20737 14:37:45.833077 close(5)          = 0
20737 14:37:45.833310 getuid32()        = 0
20737 14:37:45.833321 open("/etc/passwd", O_RDONLY|0x80000 /* O_??? */) = 5
20737 14:37:45.833334 _llseek(5, 0, [0], SEEK_CUR) = 0
20737 14:37:45.833344 fstat64(5, {st_mode=S_IFREG|0644, st_size=1624, ...}) = 0
20737 14:37:45.833361 mmap2(NULL, 1624, PROT_READ, MAP_SHARED, 5, 0) = 0xb7f19000
20737 14:37:45.833372 _llseek(5, 1624, [1624], SEEK_SET) = 0
20737 14:37:45.833388 munmap(0xb7f19000, 1624) = 0
20737 14:37:45.833397 close(5)          = 0
20737 14:37:45.833410 open("/etc/shadow", O_RDONLY|0x80000 /* O_??? */) = 5
20737 14:37:45.833423 _llseek(5, 0, [0], SEEK_CUR) = 0
20737 14:37:45.833433 fstat64(5, {st_mode=S_IFREG|0640, st_size=1233, ...}) = 0
20737 14:37:45.833450 mmap2(NULL, 1233, PROT_READ, MAP_SHARED, 5, 0) = 0xb7f19000
20737 14:37:45.833460 _llseek(5, 1233, [1233], SEEK_SET) = 0
20737 14:37:45.833469 munmap(0xb7f19000, 1233) = 0
20737 14:37:45.833469 close(5)          = 0
20737 14:37:45.833469 time(NULL)        = 1495651065
20737 14:37:45.833474 munmap(0xb7f16000, 12164) = 0
20737 14:37:45.833488 munmap(0xb7f14000, 7136) = 0
20737 14:37:45.833503 munmap(0xb7d49000, 95428) = 0
20737 14:37:45.833515 munmap(0xb7d0f000, 201052) = 0
20737 14:37:45.833526 munmap(0xb7cf6000, 101180) = 0
20737 14:37:45.833543 gettimeofday({1495651065, 833547}, NULL) = 0
20737 14:37:45.833555 stat64("/usr/share/zoneinfo/UTC+04:00", 0xbfe24f94) = -1 ENOENT (No such file or directory)
20737 14:37:45.833570 open("/usr/share/zoneinfo/UTC+04:00", O_RDONLY) = -1 ENOENT (No such file or directory)
20737 14:37:45.833596 fcntl64(3, F_SETLKW64, {type=F_WRLCK, whence=SEEK_SET, start=0, len=0}, 0xbfe250e4) = 0
20737 14:37:45.833612 write(3, "Wed May 24 14:37:45 2017 [pid 20737] [msfadmin] OK LOGIN: Client \"127.0.0.1\"\n", 77) = 77
20737 14:37:45.833629 fcntl64(3, F_SETLK64, {type=F_UNLCK, whence=SEEK_SET, start=0, len=0}, 0xbfe250ec) = 0
20737 14:37:45.833642 rt_sigaction(SIGCHLD, {0x805cad0, ~[RTMIN RT_1], 0}, NULL, 8) = 0
20737 14:37:45.833657 write(4, "\1", 1 <unfinished ...>
20738 14:37:45.833667 <... read resumed> "\1", 1) = 1
20737 14:37:45.833672 <... write resumed> ) = 1
20738 14:37:45.833680 exit_group(0)     = ?
20737 14:37:45.833708 --- SIGCHLD (Child exited) @ 0 (0) ---
20737 14:37:45.833716 sigreturn()       = ? (mask now [])
20737 14:37:45.833735 wait4(-1, [{WIFEXITED(s) && WEXITSTATUS(s) == 0}], 0, NULL) = 20738
20737 14:37:45.833749 close(4)          = 0
20737 14:37:45.833761 socketpair(PF_FILE, SOCK_STREAM, 0, [4, 5]) = 0
20737 14:37:45.833775 rt_sigaction(SIGCHLD, {0x805cad0, ~[RTMIN RT_1], 0}, NULL, 8) = 0
20737 14:37:45.833789 rt_sigaction(SIGALRM, {0x805cb10, ~[RTMIN RT_1], 0}, NULL, 8) = 0
20737 14:37:45.833803 clone(child_stack=0, flags=CLONE_CHILD_CLEARTID|CLONE_CHILD_SETTID|SIGCHLD, child_tidptr=0xb7d7f6f8) = 20739
20739 14:37:45.833886 prctl(0x1, 0x9, 0, 0, 0) = 0
20739 14:37:45.833901 close(4)          = 0
20739 14:37:45.833929 open("/etc/passwd", O_RDONLY|0x80000 /* O_??? */) = 4
20739 14:37:45.833947 _llseek(4, 0, [0], SEEK_CUR) = 0
20739 14:37:45.833962 fstat64(4, {st_mode=S_IFREG|0644, st_size=1624, ...}) = 0
20739 14:37:45.833985 mmap2(NULL, 1624, PROT_READ, MAP_SHARED, 4, 0) = 0xb7f19000
20739 14:37:45.833997 _llseek(4, 1624, [1624], SEEK_SET) = 0
20739 14:37:45.834020 munmap(0xb7f19000, 1624) = 0
20739 14:37:45.834032 close(4)          = 0
20739 14:37:45.834046 getuid32()        = 0
20739 14:37:45.834056 open("/etc/passwd", O_RDONLY|0x80000 /* O_??? */) = 4
20739 14:37:45.834069 _llseek(4, 0, [0], SEEK_CUR) = 0
20739 14:37:45.834080 fstat64(4, {st_mode=S_IFREG|0644, st_size=1624, ...}) = 0
20739 14:37:45.834097 mmap2(NULL, 1624, PROT_READ, MAP_SHARED, 4, 0) = 0xb7f19000
20739 14:37:45.834108 _llseek(4, 1624, [1624], SEEK_SET) = 0
20739 14:37:45.834124 munmap(0xb7f19000, 1624) = 0
20739 14:37:45.834133 close(4)          = 0
20739 14:37:45.834159 open("/proc/sys/kernel/ngroups_max", O_RDONLY) = 4
20739 14:37:45.834181 read(4, "65536\n", 31) = 6
20739 14:37:45.834194 close(4)          = 0
20739 14:37:45.834208 socket(PF_FILE, SOCK_STREAM, 0) = 4
20739 14:37:45.834220 fcntl64(4, F_SETFL, O_RDWR|O_NONBLOCK) = 0
20739 14:37:45.834231 connect(4, {sa_family=AF_FILE, path="/var/run/nscd/socket"}, 110) = -1 ENOENT (No such file or directory)
20739 14:37:45.834252 close(4)          = 0
20739 14:37:45.834264 socket(PF_FILE, SOCK_STREAM, 0) = 4
20739 14:37:45.834275 fcntl64(4, F_SETFL, O_RDWR|O_NONBLOCK) = 0
20739 14:37:45.834285 connect(4, {sa_family=AF_FILE, path="/var/run/nscd/socket"}, 110) = -1 ENOENT (No such file or directory)
20739 14:37:45.834304 close(4)          = 0
20739 14:37:45.834327 open("/etc/group", O_RDONLY|0x80000 /* O_??? */) = 4
20739 14:37:45.834342 _llseek(4, 0, [0], SEEK_CUR) = 0
20739 14:37:45.834353 fstat64(4, {st_mode=S_IFREG|0644, st_size=886, ...}) = 0
20739 14:37:45.834370 mmap2(NULL, 886, PROT_READ, MAP_SHARED, 4, 0) = 0xb7f19000
20739 14:37:45.834381 _llseek(4, 886, [886], SEEK_SET) = 0
20739 14:37:45.834406 fstat64(4, {st_mode=S_IFREG|0644, st_size=886, ...}) = 0
20739 14:37:45.834423 munmap(0xb7f19000, 886) = 0
20739 14:37:45.834434 close(4)          = 0
20739 14:37:45.834444 setgroups32(13, [1000, 4, 20, 24, 25, 29, 30, 44, 46, 107, 111, 112, 119]) = 0
20739 14:37:45.834460 geteuid32()       = 0
20739 14:37:45.834472 getegid32()       = 0
20739 14:37:45.834483 setregid32(-1, 1000) = 0
20739 14:37:45.834494 setreuid32(-1, 1000) = 0
20739 14:37:45.834505 chdir("/home/msfadmin") = 0
20739 14:37:45.834517 setreuid32(-1, 0) = 0
20739 14:37:45.834526 setregid32(-1, 0) = 0
20739 14:37:45.834537 setgid32(1000)    = 0
20739 14:37:45.834547 setuid32(1000)    = 0
20739 14:37:45.834558 setrlimit(RLIMIT_NPROC, {rlim_cur=0, rlim_max=0}) = 0
20739 14:37:45.834572 mmap2(NULL, 12288, PROT_READ|PROT_WRITE, MAP_PRIVATE|MAP_ANONYMOUS, -1, 0) = 0xb7f17000
20739 14:37:45.834584 mprotect(0xb7f19000, 4096, PROT_NONE) = 0
20739 14:37:45.834595 mprotect(0xb7f17000, 4096, PROT_NONE) = 0
20739 14:37:45.834606 getcwd("/home/msfadmin", 4096) = 15
20739 14:37:45.834620 umask(022)        = 077
20739 14:37:45.834631 getcwd("/home/msfadmin", 4096) = 15
20739 14:37:45.834645 open(".message", O_RDONLY|O_NONBLOCK|O_LARGEFILE) = -1 ENOENT (No such file or directory)
20739 14:37:45.834667 write(0, "230 Login successful.\r\n", 23) = 23
20739 14:37:45.834732 rt_sigaction(SIGALRM, {0x805cad0, ~[RTMIN RT_1], 0}, NULL, 8) = 0
20739 14:37:45.834749 alarm(300)        = 0
20739 14:37:45.834760 mmap2(NULL, 12288, PROT_READ|PROT_WRITE, MAP_PRIVATE|MAP_ANONYMOUS, -1, 0) = 0xb7f14000
20739 14:37:45.834771 mprotect(0xb7f16000, 4096, PROT_NONE) = 0
20739 14:37:45.834783 mprotect(0xb7f14000, 4096, PROT_NONE) = 0
20739 14:37:45.834796 recv(0, "TYPE I\r\n", 4096, MSG_PEEK) = 8
20739 14:37:45.834953 read(0, "TYPE I\r\n", 8) = 8
20739 14:37:45.834983 write(0, "200 Switching to Binary mode.\r\n", 31) = 31
20739 14:37:45.835024 rt_sigaction(SIGALRM, {0x805cad0, ~[RTMIN RT_1], 0}, NULL, 8) = 0
20739 14:37:45.835040 alarm(300)        = 300
20739 14:37:45.835051 recv(0, "PASV\r\n", 4096, MSG_PEEK) = 6
20739 14:37:45.835063 read(0, "PASV\r\n", 6) = 6
20739 14:37:45.835076 write(5, "\n", 1) = 1
20739 14:37:45.835087 read(5,  <unfinished ...>
20737 14:37:45.835103 close(5)          = 0
20737 14:37:45.835117 getuid32()        = 0
20737 14:37:45.835133 open("/etc/passwd", O_RDONLY|0x80000 /* O_??? */) = 5
20737 14:37:45.835148 _llseek(5, 0, [0], SEEK_CUR) = 0
20737 14:37:45.835160 fstat64(5, {st_mode=S_IFREG|0644, st_size=1624, ...}) = 0
20737 14:37:45.835178 mmap2(NULL, 1624, PROT_READ, MAP_SHARED, 5, 0) = 0xb7f19000
20737 14:37:45.835190 _llseek(5, 1624, [1624], SEEK_SET) = 0
20737 14:37:45.835208 munmap(0xb7f19000, 1624) = 0
20737 14:37:45.835220 close(5)          = 0
20737 14:37:45.835236 setgroups32(0, []) = 0
20737 14:37:45.835247 chdir("/usr/share/empty") = 0
20737 14:37:45.835260 chroot(".")       = 0
20737 14:37:45.835271 capset(NULL, NULL) = -1 EFAULT (Bad address)
20737 14:37:45.835285 prctl(0x8, 0, 0xbfe250c8, 0x80549a6, 0xbfe250b0) = 0
20737 14:37:45.835296 prctl(0x8, 0x1, 0xbfe250c8, 0x8054a49, 0xbfe250b0) = 0
20737 14:37:45.835307 setgid32(65534)   = 0
20737 14:37:45.835317 setuid32(65534)   = 0
20737 14:37:45.835327 capset(0x19980330, 0, {CAP_NET_BIND_SERVICE, CAP_NET_BIND_SERVICE, 0}) = 0
20737 14:37:45.835340 read(4, "\n", 1)  = 1
20737 14:37:45.835353 write(4, "\1", 1) = 1
20739 14:37:45.835365 <... read resumed> "\1", 1) = 1
20739 14:37:45.835372 write(5, "\f", 1) = 1
20739 14:37:45.835383 read(5,  <unfinished ...>
20737 14:37:45.835390 read(4, "\f", 1)  = 1
20737 14:37:45.835403 socket(PF_INET, SOCK_STREAM, IPPROTO_TCP) = 5
20737 14:37:45.835416 setsockopt(5, SOL_SOCKET, SO_REUSEADDR, [1], 4) = 0
20737 14:37:45.835428 gettimeofday({1495651065, 835432}, NULL) = 0
20737 14:37:45.835445 bind(5, {sa_family=AF_INET, sin_port=htons(32330), sin_addr=inet_addr("127.0.0.1")}, 16) = 0
20737 14:37:45.835461 listen(5, 1)      = 0
20737 14:37:45.835475 write(4, "J~\0\0", 4) = 4
20739 14:37:45.835486 <... read resumed> "J~\0\0", 4) = 4
20739 14:37:45.835499 write(0, "227 Entering Passive Mode (127,0,0,1,126,74).\r\n", 47) = 47
20739 14:37:45.835593 rt_sigaction(SIGALRM, {0x805cad0, ~[RTMIN RT_1], 0}, NULL, 8) = 0
20739 14:37:45.835610 alarm(300)        = 300
20739 14:37:45.835622 recv(0, "RETR myfile8\r\n", 4096, MSG_PEEK) = 14
20739 14:37:45.835635 read(0, "RETR myfile8\r\n", 14) = 14
20739 14:37:45.835649 write(5, "\v", 1) = 1
20739 14:37:45.835661 read(5,  <unfinished ...>
20737 14:37:45.835668 read(4, "\v", 1)  = 1
20737 14:37:45.835680 write(4, "\1\0\0\0", 4) = 4
20739 14:37:45.835691 <... read resumed> "\1\0\0\0", 4) = 4
20739 14:37:45.835700 gettimeofday({1495651065, 835703}, NULL) = 0
20739 14:37:45.835711 getcwd("/home/msfadmin", 4096) = 15
20739 14:37:45.835724 open("myfile8", O_RDONLY|O_NONBLOCK|O_LARGEFILE) = 4
20739 14:37:45.835737 fcntl64(4, F_SETLKW64, {type=F_RDLCK, whence=SEEK_SET, start=0, len=0}, 0xbfe25034) = 0
20739 14:37:45.835751 fstat64(4, {st_mode=S_IFREG|0644, st_size=17, ...}) = 0
20739 14:37:45.835768 fcntl64(4, F_GETFL) = 0x8800 (flags O_RDONLY|O_NONBLOCK|O_LARGEFILE)
20739 14:37:45.835779 fcntl64(4, F_SETFL, O_RDONLY|O_LARGEFILE) = 0
20739 14:37:45.835791 write(5, "\v", 1) = 1
20739 14:37:45.835802 read(5,  <unfinished ...>
20737 14:37:45.835810 read(4, "\v", 1)  = 1
20737 14:37:45.835821 write(4, "\1\0\0\0", 4) = 4
20739 14:37:45.835832 <... read resumed> "\1\0\0\0", 4) = 4
20739 14:37:45.835840 write(5, "\v", 1) = 1
20739 14:37:45.835851 read(5,  <unfinished ...>
20737 14:37:45.835857 read(4, "\v", 1)  = 1
20737 14:37:45.835869 write(4, "\1\0\0\0", 4) = 4
20739 14:37:45.835879 <... read resumed> "\1\0\0\0", 4) = 4
20739 14:37:45.835887 write(5, "\r", 1) = 1
20739 14:37:45.835912 read(5,  <unfinished ...>
20737 14:37:45.835920 read(4, "\r", 1)  = 1
20737 14:37:45.835934 select(6, [5], NULL, NULL, {60, 0}) = 1 (in [5], left {60, 0})
20737 14:37:45.835961 accept(5, {sa_family=AF_INET, sin_port=htons(53686), sin_addr=inet_addr("127.0.0.1")}, [16]) = 6
20737 14:37:45.835984 write(4, "\1", 1) = 1
20739 14:37:45.835995 <... read resumed> "\1", 1) = 1
20739 14:37:45.836004 recvmsg(5,  <unfinished ...>
20737 14:37:45.836014 sendmsg(4, {msg_name(0)=NULL, msg_iov(1)=[{"\0", 1}], msg_controllen=16, {cmsg_len=16, cmsg_level=SOL_SOCKET, cmsg_type=SCM_RIGHTS, {6}}, msg_flags=0}, 0) = 1
20739 14:37:45.836036 <... recvmsg resumed> {msg_name(0)=NULL, msg_iov(1)=[{"\0", 1}], msg_controllen=16, {cmsg_len=16, cmsg_level=SOL_SOCKET, cmsg_type=SCM_RIGHTS, {6}}, msg_flags=0}, 0) = 1
20739 14:37:45.836050 setsockopt(6, SOL_SOCKET, SO_KEEPALIVE, [1], 4) = 0
20739 14:37:45.836062 setsockopt(6, SOL_IP, IP_TOS, [8], 4) = 0
20739 14:37:45.836075 setsockopt(6, SOL_SOCKET, SO_LINGER, {onoff=1, linger=32767}, 8) = 0
20739 14:37:45.836087 rt_sigaction(SIGALRM, {0x805cad0, ~[RTMIN RT_1], 0}, NULL, 8) = 0
20739 14:37:45.836100 alarm(300)        = 300
20739 14:37:45.836115 write(0, "150 Opening BINARY mode data connection for myfile8 (17 bytes).\r\n", 65) = 65
20739 14:37:45.836158 _llseek(4, 0, [0], SEEK_CUR) = 0
20739 14:37:45.836171 fstat64(4, {st_mode=S_IFREG|0644, st_size=17, ...}) = 0
20739 14:37:45.836188 _llseek(4, 0, [0], SEEK_SET) = 0
20739 14:37:45.836201 sendfile(6, 4, NULL, 17) = 17
20739 14:37:45.836229 rt_sigaction(SIGALRM, {0x805cad0, ~[RTMIN RT_1], 0}, NULL, 8) = 0
20739 14:37:45.836244 alarm(300)        = 300
20739 14:37:45.836254 close(6)          = 0
20739 14:37:45.836264 alarm(0)          = 300
20739 14:37:45.836274 gettimeofday({1495651065, 836278}, NULL) = 0
20739 14:37:45.836292 getpid()          = 20739
20739 14:37:45.836304 gettimeofday({1495651065, 836308}, NULL) = 0
20739 14:37:45.836322 fcntl64(3, F_SETLKW64, {type=F_WRLCK, whence=SEEK_SET, start=0, len=0}, 0xbfe24fd4) = 0
20739 14:37:45.836337 write(3, "Wed May 24 14:37:45 2017 [pid 20739] [msfadmin] OK DOWNLOAD: Client \"127.0.0.1\", \"/home/msfadmin/myfile8\", 17 bytes, 27.44Kbyte/sec\n", 132) = 132
20739 14:37:45.836358 fcntl64(3, F_SETLK64, {type=F_UNLCK, whence=SEEK_SET, start=0, len=0}, 0xbfe24fdc) = 0
20739 14:37:45.836372 write(0, "226 Transfer complete.\r\n", 24) = 24
20739 14:37:45.836388 write(5, "\n", 1) = 1
20739 14:37:45.836400 read(5,  <unfinished ...>
20737 14:37:45.836407 close(6)          = 0
20737 14:37:45.836483 read(4, "\n", 1)  = 1
20737 14:37:45.836497 close(5)          = 0
20737 14:37:45.836509 write(4, "\1", 1) = 1
20739 14:37:45.836520 <... read resumed> "\1", 1) = 1
20739 14:37:45.836528 close(4)          = 0
20739 14:37:45.836539 rt_sigaction(SIGALRM, {0x805cad0, ~[RTMIN RT_1], 0}, NULL, 8) = 0
20739 14:37:45.836553 alarm(300)        = 0
20739 14:37:45.836564 recv(0,  <unfinished ...>
20737 14:37:45.836572 read(4,  <unfinished ...>
20736 14:37:46.293608 <... recv resumed> "TYPE I\r\n", 4096, MSG_PEEK) = 8
20736 14:37:46.293639 read(0, "TYPE I\r\n", 8) = 8
20736 14:37:46.293661 write(0, "200 Switching to Binary mode.\r\n", 31) = 31
20736 14:37:46.293711 rt_sigaction(SIGALRM, {0x805cad0, ~[RTMIN RT_1], 0}, NULL, 8) = 0
20736 14:37:46.293729 alarm(300)        = 299
20736 14:37:46.293742 recv(0, "PASV\r\n", 4096, MSG_PEEK) = 6
20736 14:37:46.293754 read(0, "PASV\r\n", 6) = 6
20736 14:37:46.293767 write(5, "\n", 1 <unfinished ...>
20734 14:37:46.293779 <... read resumed> "\n", 1) = 1
20736 14:37:46.293784 <... write resumed> ) = 1
20734 14:37:46.293792 write(4, "\1", 1 <unfinished ...>
20736 14:37:46.293798 read(5,  <unfinished ...>
20734 14:37:46.293805 <... write resumed> ) = 1
20736 14:37:46.293809 <... read resumed> "\1", 1) = 1
20734 14:37:46.293817 read(4,  <unfinished ...>
20736 14:37:46.293822 write(5, "\f", 1 <unfinished ...>
20734 14:37:46.293829 <... read resumed> "\f", 1) = 1
20736 14:37:46.293834 <... write resumed> ) = 1
20734 14:37:46.293842 socket(PF_INET, SOCK_STREAM, IPPROTO_TCP <unfinished ...>
20736 14:37:46.293848 read(5,  <unfinished ...>
20734 14:37:46.293857 <... socket resumed> ) = 5
20734 14:37:46.293866 setsockopt(5, SOL_SOCKET, SO_REUSEADDR, [1], 4) = 0
20734 14:37:46.293881 bind(5, {sa_family=AF_INET, sin_port=htons(63766), sin_addr=inet_addr("127.0.0.1")}, 16) = 0
20734 14:37:46.293898 listen(5, 1)      = 0
20734 14:37:46.293912 write(4, "\26\371\0\0", 4 <unfinished ...>
20736 14:37:46.293920 <... read resumed> "\26\371\0\0", 4) = 4
20734 14:37:46.293926 <... write resumed> ) = 4
20736 14:37:46.293938 write(0, "227 Entering Passive Mode (127,0,0,1,249,22).\r\n", 47 <unfinished ...>
20734 14:37:46.293953 read(4,  <unfinished ...>
20736 14:37:46.294055 <... write resumed> ) = 47
20736 14:37:46.294067 rt_sigaction(SIGALRM, {0x805cad0, ~[RTMIN RT_1], 0}, NULL, 8) = 0
20736 14:37:46.294082 alarm(300)        = 300
20736 14:37:46.294094 recv(0, "STOR myfile28\r\n", 4096, MSG_PEEK) = 15
20736 14:37:46.294107 read(0, "STOR myfile28\r\n", 15) = 15
20736 14:37:46.294121 write(5, "\v", 1 <unfinished ...>
20734 14:37:46.294129 <... read resumed> "\v", 1) = 1
20736 14:37:46.294133 <... write resumed> ) = 1
20734 14:37:46.294141 write(4, "\1\0\0\0", 4 <unfinished ...>
20736 14:37:46.294147 read(5,  <unfinished ...>
20734 14:37:46.294153 <... write resumed> ) = 4
20736 14:37:46.294157 <... read resumed> "\1\0\0\0", 4) = 4
20734 14:37:46.294165 read(4,  <unfinished ...>
20736 14:37:46.294170 gettimeofday({1495651066, 294174}, NULL) = 0
20736 14:37:46.294182 getcwd("/home/msfadmin", 4096) = 15
20736 14:37:46.294195 open("myfile28", O_WRONLY|O_CREAT|O_NONBLOCK|O_LARGEFILE, 0666) = 4
20736 14:37:46.294209 fstat64(4, {st_mode=S_IFREG|0644, st_size=17, ...}) = 0
20736 14:37:46.294227 fcntl64(4, F_GETFL) = 0x8801 (flags O_WRONLY|O_NONBLOCK|O_LARGEFILE)
20736 14:37:46.294239 fcntl64(4, F_SETFL, O_WRONLY|O_LARGEFILE) = 0
20736 14:37:46.294250 fcntl64(4, F_SETLKW64, {type=F_WRLCK, whence=SEEK_SET, start=0, len=0}, 0xbf880a74) = 0
20736 14:37:46.294264 ftruncate64(4, 0) = 0
20736 14:37:46.294284 _llseek(4, 0, [0], SEEK_SET) = 0
20736 14:37:46.294295 write(5, "\v", 1 <unfinished ...>
20734 14:37:46.294338 <... read resumed> "\v", 1) = 1
20736 14:37:46.294344 <... write resumed> ) = 1
20734 14:37:46.294350 write(4, "\1\0\0\0", 4) = 4
20734 14:37:46.294362 read(4,  <unfinished ...>
20736 14:37:46.294380 read(5, "\1\0\0\0", 4) = 4
20736 14:37:46.294391 write(5, "\v", 1 <unfinished ...>
20734 14:37:46.294398 <... read resumed> "\v", 1) = 1
20736 14:37:46.294403 <... write resumed> ) = 1
20734 14:37:46.294409 write(4, "\1\0\0\0", 4) = 4
20734 14:37:46.294420 read(4,  <unfinished ...>
20736 14:37:46.294427 read(5, "\1\0\0\0", 4) = 4
20736 14:37:46.294439 write(5, "\r", 1 <unfinished ...>
20734 14:37:46.294446 <... read resumed> "\r", 1) = 1
20736 14:37:46.294451 <... write resumed> ) = 1
20734 14:37:46.294458 select(6, [5], NULL, NULL, {60, 0}) = 1 (in [5], left {60, 0})
20734 14:37:46.294475 accept(5, {sa_family=AF_INET, sin_port=htons(34016), sin_addr=inet_addr("127.0.0.1")}, [16]) = 6
20734 14:37:46.294498 write(4, "\1", 1) = 1
20734 14:37:46.294510 sendmsg(4, {msg_name(0)=NULL, msg_iov(1)=[{"\0", 1}], msg_controllen=16, {cmsg_len=16, cmsg_level=SOL_SOCKET, cmsg_type=SCM_RIGHTS, {6}}, msg_flags=0}, 0) = 1
20734 14:37:46.294528 close(6)          = 0
20734 14:37:46.294538 read(4,  <unfinished ...>
20736 14:37:46.294545 read(5, "\1", 1)  = 1
20736 14:37:46.294558 recvmsg(5, {msg_name(0)=NULL, msg_iov(1)=[{"\0", 1}], msg_controllen=16, {cmsg_len=16, cmsg_level=SOL_SOCKET, cmsg_type=SCM_RIGHTS, {6}}, msg_flags=0}, 0) = 1
20736 14:37:46.294576 setsockopt(6, SOL_SOCKET, SO_KEEPALIVE, [1], 4) = 0
20736 14:37:46.294589 setsockopt(6, SOL_IP, IP_TOS, [8], 4) = 0
20736 14:37:46.294601 setsockopt(6, SOL_SOCKET, SO_LINGER, {onoff=1, linger=32767}, 8) = 0
20736 14:37:46.294613 rt_sigaction(SIGALRM, {0x805cad0, ~[RTMIN RT_1], 0}, NULL, 8) = 0
20736 14:37:46.294627 alarm(300)        = 300
20736 14:37:46.294640 write(0, "150 Ok to send data.\r\n", 22) = 22
20736 14:37:46.294705 read(6, "assasaaa\na\na\na\na\n", 65536) = 17
20736 14:37:46.294720 write(4, "assasaaa\na\na\na\na\n", 17) = 17
20736 14:37:46.294737 read(6, "", 65536) = 0
20736 14:37:46.294748 rt_sigaction(SIGALRM, {0x805cad0, ~[RTMIN RT_1], 0}, NULL, 8) = 0
20736 14:37:46.294762 alarm(300)        = 300
20736 14:37:46.294772 close(6)          = 0
20736 14:37:46.294789 alarm(0)          = 300
20736 14:37:46.294799 gettimeofday({1495651066, 294803}, NULL) = 0
20736 14:37:46.294815 gettimeofday({1495651066, 294819}, NULL) = 0
20736 14:37:46.294829 fcntl64(3, F_SETLKW64, {type=F_WRLCK, whence=SEEK_SET, start=0, len=0}, 0xbf880a14) = 0
20736 14:37:46.294848 write(3, "Wed May 24 14:37:46 2017 [pid 20736] [msfadmin] OK UPLOAD: Client \"127.0.0.1\", \"/home/msfadmin/myfile28\", 17 bytes, 25.74Kbyte/sec\n", 131) = 131
20736 14:37:46.294870 fcntl64(3, F_SETLK64, {type=F_UNLCK, whence=SEEK_SET, start=0, len=0}, 0xbf880a1c) = 0
20736 14:37:46.294884 write(0, "226 Transfer complete.\r\n", 24) = 24
20736 14:37:46.294928 write(5, "\n", 1 <unfinished ...>
20734 14:37:46.294937 <... read resumed> "\n", 1) = 1
20736 14:37:46.294942 <... write resumed> ) = 1
20734 14:37:46.294949 close(5)          = 0
20734 14:37:46.294961 write(4, "\1", 1) = 1
20734 14:37:46.294972 read(4,  <unfinished ...>
20736 14:37:46.294979 read(5, "\1", 1)  = 1
20736 14:37:46.294990 close(4)          = 0
20736 14:37:46.295002 rt_sigaction(SIGALRM, {0x805cad0, ~[RTMIN RT_1], 0}, NULL, 8) = 0
20736 14:37:46.295015 alarm(300)        = 0
20736 14:37:46.295027 recv(0,  <unfinished ...>
20739 14:37:46.354274 <... recv resumed> "USER msfadmin\r\n", 4096, MSG_PEEK) = 15
20739 14:37:46.354460 read(0, "USER msfadmin\r\n", 15) = 15
20739 14:37:46.354621 write(0, "331 Any password will do.\r\n", 27) = 27
20739 14:37:46.354740 rt_sigaction(SIGALRM, {0x805cad0, ~[RTMIN RT_1], 0}, NULL, 8) = 0
20739 14:37:46.354779 alarm(300)        = 299
20739 14:37:46.354808 recv(0, "PASS msfadmin\r\n", 4096, MSG_PEEK) = 15
20739 14:37:46.354830 read(0, "PASS msfadmin\r\n", 15) = 15
20739 14:37:46.354849 write(0, "230 Already logged in.\r\n", 24) = 24
20739 14:37:46.354910 rt_sigaction(SIGALRM, {0x805cad0, ~[RTMIN RT_1], 0}, NULL, 8) = 0
20739 14:37:46.354926 alarm(300)        = 300
20739 14:37:46.354938 recv(0, "TYPE I\r\n", 4096, MSG_PEEK) = 8
20739 14:37:46.354950 read(0, "TYPE I\r\n", 8) = 8
20739 14:37:46.354965 write(0, "200 Switching to Binary mode.\r\n", 31) = 31
20739 14:37:46.355001 rt_sigaction(SIGALRM, {0x805cad0, ~[RTMIN RT_1], 0}, NULL, 8) = 0
20739 14:37:46.355015 alarm(300)        = 300
20739 14:37:46.355027 recv(0, "PASV\r\n", 4096, MSG_PEEK) = 6
20739 14:37:46.355038 read(0, "PASV\r\n", 6) = 6
20739 14:37:46.355050 write(5, "\n", 1) = 1
20739 14:37:46.355063 read(5,  <unfinished ...>
20737 14:37:46.355072 <... read resumed> "\n", 1) = 1
20737 14:37:46.355082 write(4, "\1", 1) = 1
20739 14:37:46.355093 <... read resumed> "\1", 1) = 1
20739 14:37:46.355101 write(5, "\f", 1) = 1
20739 14:37:46.355111 read(5,  <unfinished ...>
20737 14:37:46.355119 read(4, "\f", 1)  = 1
20737 14:37:46.355131 socket(PF_INET, SOCK_STREAM, IPPROTO_TCP) = 5
20737 14:37:46.355147 setsockopt(5, SOL_SOCKET, SO_REUSEADDR, [1], 4) = 0
20737 14:37:46.355162 bind(5, {sa_family=AF_INET, sin_port=htons(48157), sin_addr=inet_addr("127.0.0.1")}, 16) = 0
20737 14:37:46.355179 listen(5, 1)      = 0
20737 14:37:46.355193 write(4, "\35\274\0\0", 4) = 4
20739 14:37:46.355205 <... read resumed> "\35\274\0\0", 4) = 4
20739 14:37:46.355217 write(0, "227 Entering Passive Mode (127,0,0,1,188,29).\r\n", 47) = 47
20739 14:37:46.355328 rt_sigaction(SIGALRM, {0x805cad0, ~[RTMIN RT_1], 0}, NULL, 8) = 0
20739 14:37:46.355382 alarm(300)        = 300
20739 14:37:46.355396 recv(0, "RETR myfile9\r\n", 4096, MSG_PEEK) = 14
20739 14:37:46.355419 read(0, "RETR myfile9\r\n", 14) = 14
20739 14:37:46.355433 write(5, "\v", 1) = 1
20739 14:37:46.355444 read(5,  <unfinished ...>
20737 14:37:46.355451 read(4, "\v", 1)  = 1
20737 14:37:46.355463 write(4, "\1\0\0\0", 4) = 4
20739 14:37:46.355474 <... read resumed> "\1\0\0\0", 4) = 4
20739 14:37:46.355483 gettimeofday({1495651066, 355487}, NULL) = 0
20739 14:37:46.355494 getcwd("/home/msfadmin", 4096) = 15
20739 14:37:46.355508 open("myfile9", O_RDONLY|O_NONBLOCK|O_LARGEFILE) = 4
20739 14:37:46.355522 fcntl64(4, F_SETLKW64, {type=F_RDLCK, whence=SEEK_SET, start=0, len=0}, 0xbfe25034) = 0
20739 14:37:46.355537 fstat64(4, {st_mode=S_IFREG|0644, st_size=17, ...}) = 0
20739 14:37:46.355555 fcntl64(4, F_GETFL) = 0x8800 (flags O_RDONLY|O_NONBLOCK|O_LARGEFILE)
20739 14:37:46.355566 fcntl64(4, F_SETFL, O_RDONLY|O_LARGEFILE) = 0
20739 14:37:46.355578 write(5, "\v", 1) = 1
20739 14:37:46.355589 read(5,  <unfinished ...>
20737 14:37:46.355596 read(4, "\v", 1)  = 1
20737 14:37:46.355615 write(4, "\1\0\0\0", 4) = 4
20739 14:37:46.355626 <... read resumed> "\1\0\0\0", 4) = 4
20739 14:37:46.355634 write(5, "\v", 1) = 1
20739 14:37:46.355644 read(5,  <unfinished ...>
20737 14:37:46.355651 read(4, "\v", 1)  = 1
20737 14:37:46.355662 write(4, "\1\0\0\0", 4) = 4
20739 14:37:46.355673 <... read resumed> "\1\0\0\0", 4) = 4
20739 14:37:46.355680 write(5, "\r", 1) = 1
20739 14:37:46.355691 read(5,  <unfinished ...>
20737 14:37:46.355698 read(4, "\r", 1)  = 1
20737 14:37:46.355710 select(6, [5], NULL, NULL, {60, 0}) = 1 (in [5], left {60, 0})
20737 14:37:46.355727 accept(5, {sa_family=AF_INET, sin_port=htons(58748), sin_addr=inet_addr("127.0.0.1")}, [16]) = 6
20737 14:37:46.355750 write(4, "\1", 1) = 1
20739 14:37:46.355760 <... read resumed> "\1", 1) = 1
20739 14:37:46.355769 recvmsg(5,  <unfinished ...>
20737 14:37:46.355778 sendmsg(4, {msg_name(0)=NULL, msg_iov(1)=[{"\0", 1}], msg_controllen=16, {cmsg_len=16, cmsg_level=SOL_SOCKET, cmsg_type=SCM_RIGHTS, {6}}, msg_flags=0}, 0) = 1
20739 14:37:46.355795 <... recvmsg resumed> {msg_name(0)=NULL, msg_iov(1)=[{"\0", 1}], msg_controllen=16, {cmsg_len=16, cmsg_level=SOL_SOCKET, cmsg_type=SCM_RIGHTS, {6}}, msg_flags=0}, 0) = 1
20739 14:37:46.355809 setsockopt(6, SOL_SOCKET, SO_KEEPALIVE, [1], 4) = 0
20739 14:37:46.355821 setsockopt(6, SOL_IP, IP_TOS, [8], 4) = 0
20739 14:37:46.355834 setsockopt(6, SOL_SOCKET, SO_LINGER, {onoff=1, linger=32767}, 8) = 0
20739 14:37:46.355845 rt_sigaction(SIGALRM, {0x805cad0, ~[RTMIN RT_1], 0}, NULL, 8) = 0
20739 14:37:46.355859 alarm(300)        = 300
20739 14:37:46.355872 write(0, "150 Opening BINARY mode data connection for myfile9 (17 bytes).\r\n", 65) = 65
20739 14:37:46.355914 _llseek(4, 0, [0], SEEK_CUR) = 0
20739 14:37:46.355927 fstat64(4, {st_mode=S_IFREG|0644, st_size=17, ...}) = 0
20739 14:37:46.355944 _llseek(4, 0, [0], SEEK_SET) = 0
20739 14:37:46.355955 sendfile(6, 4, NULL, 17) = 17
20739 14:37:46.355985 rt_sigaction(SIGALRM, {0x805cad0, ~[RTMIN RT_1], 0}, NULL, 8) = 0
20739 14:37:46.356000 alarm(300)        = 300
20739 14:37:46.356010 close(6)          = 0
20739 14:37:46.356020 alarm(0)          = 300
20739 14:37:46.356030 gettimeofday({1495651066, 356034}, NULL) = 0
20739 14:37:46.356045 gettimeofday({1495651066, 356049}, NULL) = 0
20739 14:37:46.356060 fcntl64(3, F_SETLKW64, {type=F_WRLCK, whence=SEEK_SET, start=0, len=0}, 0xbfe24fd4) = 0
20739 14:37:46.356075 write(3, "Wed May 24 14:37:46 2017 [pid 20739] [msfadmin] OK DOWNLOAD: Client \"127.0.0.1\", \"/home/msfadmin/myfile9\", 17 bytes, 29.54Kbyte/sec\n", 132) = 132
20739 14:37:46.356096 fcntl64(3, F_SETLK64, {type=F_UNLCK, whence=SEEK_SET, start=0, len=0}, 0xbfe24fdc) = 0
20739 14:37:46.356111 write(0, "226 Transfer complete.\r\n", 24) = 24
20739 14:37:46.356126 write(5, "\n", 1) = 1
20739 14:37:46.356137 read(5,  <unfinished ...>
20737 14:37:46.356144 close(6)          = 0
20737 14:37:46.356226 read(4, "\n", 1)  = 1
20737 14:37:46.356240 close(5)          = 0
20737 14:37:46.356252 write(4, "\1", 1) = 1
20739 14:37:46.356263 <... read resumed> "\1", 1) = 1
20739 14:37:46.356271 close(4)          = 0
20739 14:37:46.356282 rt_sigaction(SIGALRM, {0x805cad0, ~[RTMIN RT_1], 0}, NULL, 8) = 0
20739 14:37:46.356295 alarm(300)        = 0
20739 14:37:46.356313 recv(0,  <unfinished ...>
20737 14:37:46.356341 read(4,  <unfinished ...>
