17239 14:01:51.784386 munmap(0xb7f49000, 4096) = 0
17239 14:01:51.784397 stat64("/etc/pam.d", {st_mode=S_IFDIR|0755, st_size=4096, ...}) = 0
17239 14:01:51.784416 open("/etc/pam.d/common-account", O_RDONLY|O_LARGEFILE) = 6
17239 14:01:51.784429 fstat64(6, {st_mode=S_IFREG|0644, st_size=392, ...}) = 0
17239 14:01:51.784446 mmap2(NULL, 4096, PROT_READ|PROT_WRITE, MAP_PRIVATE|MAP_ANONYMOUS, -1, 0) = 0xb7f49000
17239 14:01:51.784457 read(6, "#\n# /etc/pam.d/common-account - authorization settings common to all services\n#\n# This file is included from other service-specific PAM config files,\n# and should contain a list of the authorization modules that define\n# the central access policy for use on the system.  The default is to\n# only deny service to users whose accounts are expired in /etc/shadow.\n#\naccount\trequired\tpam_unix.so\n", 4096) = 392
17239 14:01:51.784496 read(6, "", 4096) = 0
17239 14:01:51.784506 close(6)          = 0
17239 14:01:51.784516 munmap(0xb7f49000, 4096) = 0
17239 14:01:51.784527 stat64("/etc/pam.d", {st_mode=S_IFDIR|0755, st_size=4096, ...}) = 0
17239 14:01:51.784554 open("/etc/pam.d/common-password", O_RDONLY|O_LARGEFILE) = 6
17239 14:01:51.784569 fstat64(6, {st_mode=S_IFREG|0644, st_size=1563, ...}) = 0
17239 14:01:51.784585 mmap2(NULL, 4096, PROT_READ|PROT_WRITE, MAP_PRIVATE|MAP_ANONYMOUS, -1, 0) = 0xb7f49000
17239 14:01:51.784605 read(6, "#\n# /etc/pam.d/common-password - password-related modules common to all services\n#\n# This file is included from other service-specific PAM config files,\n# and should contain a list of modules that define the services to be\n# used to change user passwords.  The default is pam_unix.\n\n# Explanation of pam_unix options:\n#\n# The \"nullok\" option allows users to change an empty password, else\n# empty passwords are treated as locked accounts.\n#\n# The \"md5\" option enables MD5 passwords.  Without this option, the\n# default is Unix crypt.\n#\n# The \"obscure\" option replaces the old `OBSCURE_CHECKS_ENAB\' option in\n# login.defs.\n#\n# You can also use the \"min\" option to enforce the length of the new\n# password.\n#\n# See the pam_unix manpage for other options.\n\npassword   requisite   pam_unix.so nullok obscure md5\n\n# Alternate strength checking for password. Note that this\n# requires the libpam-cracklib package to be installed.\n# You will need to comment out the password line above and\n# uncomment the next two in order to use this.\n# (Replaces the `OBSCURE_CHECKS_ENAB\', `CRACKLIB_DICTPATH\')\n#\n# password required\t  pam_cracklib.so retry=3 minlen=6 difok=3\n# password required\t  pam_unix.so use_authtok nullok md5\n\n# minimally-intrusive inclusion of smbpass in the stack for\n# synchronization.  If the module is absent or the passwords don\'t\n# match, this module will be ignored without prompting; and if the \n# passwords do match, the NTLM hash for the user will be updated\n# automatically.\n# password   optional   pam_smbpass.so nullok use_authtok use_first_pass\n", 4096) = 1563
17239 14:01:51.784724 read(6, "", 4096) = 0
17239 14:01:51.784735 close(6)          = 0
17239 14:01:51.784744 munmap(0xb7f49000, 4096) = 0
17239 14:01:51.784755 stat64("/etc/pam.d", {st_mode=S_IFDIR|0755, st_size=4096, ...}) = 0
17239 14:01:51.784774 open("/etc/pam.d/common-session", O_RDONLY|O_LARGEFILE) = 6
17239 14:01:51.784786 fstat64(6, {st_mode=S_IFREG|0644, st_size=372, ...}) = 0
17239 14:01:51.784802 mmap2(NULL, 4096, PROT_READ|PROT_WRITE, MAP_PRIVATE|MAP_ANONYMOUS, -1, 0) = 0xb7f49000
17239 14:01:51.784812 read(6, "#\n# /etc/pam.d/common-session - session-related modules common to all services\n#\n# This file is included from other service-specific PAM config files,\n# and should contain a list of modules that define tasks to be performed\n# at the start and end of sessions of *any* kind (both interactive and\n# non-interactive).  The default is pam_unix.\n#\nsession\trequired\tpam_unix.so\n", 4096) = 372
17239 14:01:51.784850 read(6, "", 4096) = 0
17239 14:01:51.784860 close(6)          = 0
17239 14:01:51.784869 munmap(0xb7f49000, 4096) = 0
17239 14:01:51.784879 read(5, "", 4096) = 0
17239 14:01:51.784888 close(5)          = 0
17239 14:01:51.784898 munmap(0xb7f4f000, 4096) = 0
17239 14:01:51.784910 time(NULL)        = 1495648911
17239 14:01:51.784922 lstat64("/etc/ftpusers", {st_mode=S_IFREG|0644, st_size=132, ...}) = 0
17239 14:01:51.784940 open("/etc/ftpusers", O_RDONLY|O_LARGEFILE) = 5
17239 14:01:51.784952 fstat64(5, {st_mode=S_IFREG|0644, st_size=132, ...}) = 0
17239 14:01:51.784968 mmap2(NULL, 4096, PROT_READ|PROT_WRITE, MAP_PRIVATE|MAP_ANONYMOUS, -1, 0) = 0xb7f4f000
17239 14:01:51.784978 read(5, "# /etc/ftpusers: list of users disallowed FTP access. See ftpusers(5).\n\nroot\ndaemon\nbin\nsys\nsync\ngames\nman\nlp\nmail\nnews\nuucp\nnobody\n", 4096) = 132
17239 14:01:51.784999 read(5, "", 4096) = 0
17239 14:01:51.785009 close(5)          = 0
17239 14:01:51.785018 munmap(0xb7f4f000, 4096) = 0
17239 14:01:51.785033 getuid32()        = 0
17239 14:01:51.785050 open("/etc/passwd", O_RDONLY|0x80000 /* O_??? */) = 5
17239 14:01:51.785065 _llseek(5, 0, [0], SEEK_CUR) = 0
17239 14:01:51.785077 fstat64(5, {st_mode=S_IFREG|0644, st_size=1624, ...}) = 0
17239 14:01:51.785093 mmap2(NULL, 1624, PROT_READ, MAP_SHARED, 5, 0) = 0xb7f4f000
17239 14:01:51.785104 _llseek(5, 1624, [1624], SEEK_SET) = 0
17239 14:01:51.785124 munmap(0xb7f4f000, 1624) = 0
17239 14:01:51.785134 close(5)          = 0
17239 14:01:51.785159 open("/etc/shadow", O_RDONLY|0x80000 /* O_??? */) = 5
17239 14:01:51.785176 _llseek(5, 0, [0], SEEK_CUR) = 0
17239 14:01:51.785187 fstat64(5, {st_mode=S_IFREG|0640, st_size=1233, ...}) = 0
17239 14:01:51.785203 mmap2(NULL, 1233, PROT_READ, MAP_SHARED, 5, 0) = 0xb7f4f000
17239 14:01:51.785213 _llseek(5, 1233, [1233], SEEK_SET) = 0
17239 14:01:51.785233 munmap(0xb7f4f000, 1233) = 0
17239 14:01:51.785242 close(5)          = 0
17239 14:01:51.785261 open("/etc/passwd", O_RDONLY|0x80000 /* O_??? */) = 5
17239 14:01:51.785278 _llseek(5, 0, [0], SEEK_CUR) = 0
17239 14:01:51.785288 fstat64(5, {st_mode=S_IFREG|0644, st_size=1624, ...}) = 0
17239 14:01:51.785304 mmap2(NULL, 1624, PROT_READ, MAP_SHARED, 5, 0) = 0xb7f4f000
17239 14:01:51.785314 _llseek(5, 1624, [1624], SEEK_SET) = 0
17239 14:01:51.785330 munmap(0xb7f4f000, 1624) = 0
17239 14:01:51.785340 close(5)          = 0
17239 14:01:51.785352 open("/etc/shadow", O_RDONLY|0x80000 /* O_??? */) = 5
17239 14:01:51.785365 _llseek(5, 0, [0], SEEK_CUR) = 0
17239 14:01:51.785376 fstat64(5, {st_mode=S_IFREG|0640, st_size=1233, ...}) = 0
17239 14:01:51.785391 mmap2(NULL, 1233, PROT_READ, MAP_SHARED, 5, 0) = 0xb7f4f000
17239 14:01:51.785402 _llseek(5, 1233, [1233], SEEK_SET) = 0
17239 14:01:51.785418 munmap(0xb7f4f000, 1233) = 0
17239 14:01:51.785427 close(5)          = 0
17239 14:01:51.785682 getuid32()        = 0
17239 14:01:51.785695 open("/etc/passwd", O_RDONLY|0x80000 /* O_??? */) = 5
17239 14:01:51.785709 _llseek(5, 0, [0], SEEK_CUR) = 0
17239 14:01:51.785719 fstat64(5, {st_mode=S_IFREG|0644, st_size=1624, ...}) = 0
17239 14:01:51.785735 mmap2(NULL, 1624, PROT_READ, MAP_SHARED, 5, 0) = 0xb7f4f000
17239 14:01:51.785746 _llseek(5, 1624, [1624], SEEK_SET) = 0
17239 14:01:51.785762 munmap(0xb7f4f000, 1624) = 0
17239 14:01:51.785771 close(5)          = 0
17239 14:01:51.785784 open("/etc/shadow", O_RDONLY|0x80000 /* O_??? */) = 5
17239 14:01:51.785797 _llseek(5, 0, [0], SEEK_CUR) = 0
17239 14:01:51.785807 fstat64(5, {st_mode=S_IFREG|0640, st_size=1233, ...}) = 0
17239 14:01:51.785823 mmap2(NULL, 1233, PROT_READ, MAP_SHARED, 5, 0) = 0xb7f4f000
17239 14:01:51.785833 _llseek(5, 1233, [1233], SEEK_SET) = 0
17239 14:01:51.785849 munmap(0xb7f4f000, 1233) = 0
17239 14:01:51.785859 close(5)          = 0
17239 14:01:51.785870 time(NULL)        = 1495648911
17239 14:01:51.785885 munmap(0xb7f4c000, 12164) = 0
17239 14:01:51.785898 munmap(0xb7f4a000, 7136) = 0
17239 14:01:51.785912 munmap(0xb7d7f000, 95428) = 0
17239 14:01:51.785923 munmap(0xb7d45000, 201052) = 0
17239 14:01:51.785934 munmap(0xb7d2c000, 101180) = 0
17239 14:01:51.785950 gettimeofday({1495648911, 785954}, NULL) = 0
17239 14:01:51.785962 stat64("/usr/share/zoneinfo/UTC+04:00", 0xbfceee64) = -1 ENOENT (No such file or directory)
17239 14:01:51.785977 open("/usr/share/zoneinfo/UTC+04:00", O_RDONLY) = -1 ENOENT (No such file or directory)
17239 14:01:51.786004 fcntl64(3, F_SETLKW64, {type=F_WRLCK, whence=SEEK_SET, start=0, len=0}, 0xbfceefb4) = 0
17239 14:01:51.786021 write(3, "Wed May 24 14:01:51 2017 [pid 17239] [msfadmin] OK LOGIN: Client \"127.0.0.1\"\n", 77) = 77
17239 14:01:51.786038 fcntl64(3, F_SETLK64, {type=F_UNLCK, whence=SEEK_SET, start=0, len=0}, 0xbfceefbc) = 0
17239 14:01:51.786051 rt_sigaction(SIGCHLD, {0x805cad0, ~[RTMIN RT_1], 0}, NULL, 8) = 0
17239 14:01:51.786066 write(4, "\1", 1 <unfinished ...>
17240 14:01:51.786076 <... read resumed> "\1", 1) = 1
17239 14:01:51.786081 <... write resumed> ) = 1
17240 14:01:51.786089 exit_group(0)     = ?
17239 14:01:51.786125 --- SIGCHLD (Child exited) @ 0 (0) ---
17239 14:01:51.786133 sigreturn()       = ? (mask now [])
17239 14:01:51.786151 wait4(-1, [{WIFEXITED(s) && WEXITSTATUS(s) == 0}], 0, NULL) = 17240
17239 14:01:51.786165 close(4)          = 0
17239 14:01:51.786176 socketpair(PF_FILE, SOCK_STREAM, 0, [4, 5]) = 0
17239 14:01:51.786190 rt_sigaction(SIGCHLD, {0x805cad0, ~[RTMIN RT_1], 0}, NULL, 8) = 0
17239 14:01:51.786204 rt_sigaction(SIGALRM, {0x805cb10, ~[RTMIN RT_1], 0}, NULL, 8) = 0
17239 14:01:51.786218 clone(child_stack=0, flags=CLONE_CHILD_CLEARTID|CLONE_CHILD_SETTID|SIGCHLD, child_tidptr=0xb7db56f8) = 17241
17241 14:01:51.786274 prctl(0x1, 0x9, 0, 0, 0) = 0
17241 14:01:51.786288 close(4)          = 0
17241 14:01:51.786316 open("/etc/passwd", O_RDONLY|0x80000 /* O_??? */) = 4
17241 14:01:51.786332 _llseek(4, 0, [0], SEEK_CUR) = 0
17241 14:01:51.786347 fstat64(4, {st_mode=S_IFREG|0644, st_size=1624, ...}) = 0
17241 14:01:51.786366 mmap2(NULL, 1624, PROT_READ, MAP_SHARED, 4, 0) = 0xb7f4f000
17241 14:01:51.786377 _llseek(4, 1624, [1624], SEEK_SET) = 0
17241 14:01:51.786404 munmap(0xb7f4f000, 1624) = 0
17241 14:01:51.786416 close(4)          = 0
17241 14:01:51.786429 getuid32()        = 0
17241 14:01:51.786439 open("/etc/passwd", O_RDONLY|0x80000 /* O_??? */) = 4
17241 14:01:51.786453 _llseek(4, 0, [0], SEEK_CUR) = 0
17241 14:01:51.786463 fstat64(4, {st_mode=S_IFREG|0644, st_size=1624, ...}) = 0
17241 14:01:51.786493 mmap2(NULL, 1624, PROT_READ, MAP_SHARED, 4, 0) = 0xb7f4f000
17241 14:01:51.786507 _llseek(4, 1624, [1624], SEEK_SET) = 0
17241 14:01:51.786524 munmap(0xb7f4f000, 1624) = 0
17241 14:01:51.786543 close(4)          = 0
17241 14:01:51.786570 open("/proc/sys/kernel/ngroups_max", O_RDONLY) = 4
17241 14:01:51.786591 read(4, "65536\n", 31) = 6
17241 14:01:51.786603 close(4)          = 0
17241 14:01:51.786617 socket(PF_FILE, SOCK_STREAM, 0) = 4
17241 14:01:51.786629 fcntl64(4, F_SETFL, O_RDWR|O_NONBLOCK) = 0
17241 14:01:51.786640 connect(4, {sa_family=AF_FILE, path="/var/run/nscd/socket"}, 110) = -1 ENOENT (No such file or directory)
17241 14:01:51.786662 close(4)          = 0
17241 14:01:51.786673 socket(PF_FILE, SOCK_STREAM, 0) = 4
17241 14:01:51.786683 fcntl64(4, F_SETFL, O_RDWR|O_NONBLOCK) = 0
17241 14:01:51.786694 connect(4, {sa_family=AF_FILE, path="/var/run/nscd/socket"}, 110) = -1 ENOENT (No such file or directory)
17241 14:01:51.786711 close(4)          = 0
17241 14:01:51.786736 open("/etc/group", O_RDONLY|0x80000 /* O_??? */) = 4
17241 14:01:51.786750 _llseek(4, 0, [0], SEEK_CUR) = 0
17241 14:01:51.786760 fstat64(4, {st_mode=S_IFREG|0644, st_size=886, ...}) = 0
17241 14:01:51.786777 mmap2(NULL, 886, PROT_READ, MAP_SHARED, 4, 0) = 0xb7f4f000
17241 14:01:51.786788 _llseek(4, 886, [886], SEEK_SET) = 0
17241 14:01:51.786813 fstat64(4, {st_mode=S_IFREG|0644, st_size=886, ...}) = 0
17241 14:01:51.786830 munmap(0xb7f4f000, 886) = 0
17241 14:01:51.786840 close(4)          = 0
17241 14:01:51.786850 setgroups32(13, [1000, 4, 20, 24, 25, 29, 30, 44, 46, 107, 111, 112, 119]) = 0
17241 14:01:51.786866 geteuid32()       = 0
17241 14:01:51.786877 getegid32()       = 0
17241 14:01:51.786888 setregid32(-1, 1000) = 0
17241 14:01:51.786898 setreuid32(-1, 1000) = 0
17241 14:01:51.786909 chdir("/home/msfadmin") = 0
17241 14:01:51.786921 setreuid32(-1, 0) = 0
17241 14:01:51.786930 setregid32(-1, 0) = 0
17241 14:01:51.786941 setgid32(1000)    = 0
17241 14:01:51.786950 setuid32(1000)    = 0
17241 14:01:51.786961 setrlimit(RLIMIT_NPROC, {rlim_cur=0, rlim_max=0}) = 0
17241 14:01:51.786974 mmap2(NULL, 12288, PROT_READ|PROT_WRITE, MAP_PRIVATE|MAP_ANONYMOUS, -1, 0) = 0xb7f4d000
17241 14:01:51.786986 mprotect(0xb7f4f000, 4096, PROT_NONE) = 0
17241 14:01:51.786997 mprotect(0xb7f4d000, 4096, PROT_NONE) = 0
17241 14:01:51.787008 getcwd("/home/msfadmin", 4096) = 15
17241 14:01:51.787022 umask(022)        = 077
17241 14:01:51.787031 getcwd("/home/msfadmin", 4096) = 15
17241 14:01:51.787045 open(".message", O_RDONLY|O_NONBLOCK|O_LARGEFILE) = -1 ENOENT (No such file or directory)
17241 14:01:51.787067 write(0, "230 Login successful.\r\n", 23) = 23
17241 14:01:51.787148 rt_sigaction(SIGALRM, {0x805cad0, ~[RTMIN RT_1], 0}, NULL, 8) = 0
17241 14:01:51.787165 alarm(300)        = 0
17241 14:01:51.787176 mmap2(NULL, 12288, PROT_READ|PROT_WRITE, MAP_PRIVATE|MAP_ANONYMOUS, -1, 0) = 0xb7f4a000
17241 14:01:51.787187 mprotect(0xb7f4c000, 4096, PROT_NONE) = 0
17241 14:01:51.787198 mprotect(0xb7f4a000, 4096, PROT_NONE) = 0
17241 14:01:51.787211 recv(0, "TYPE I\r\n", 4096, MSG_PEEK) = 8
17241 14:01:51.787223 read(0, "TYPE I\r\n", 8) = 8
17241 14:01:51.787241 write(0, "200 Switching to Binary mode.\r\n", 31) = 31
17241 14:01:51.787281 rt_sigaction(SIGALRM, {0x805cad0, ~[RTMIN RT_1], 0}, NULL, 8) = 0
17241 14:01:51.787296 alarm(300)        = 300
17241 14:01:51.787307 recv(0, "PASV\r\n", 4096, MSG_PEEK) = 6
17241 14:01:51.787318 read(0, "PASV\r\n", 6) = 6
17241 14:01:51.787330 write(5, "\n", 1) = 1
17241 14:01:51.787340 read(5,  <unfinished ...>
17239 14:01:51.787353 close(5)          = 0
17239 14:01:51.787366 getuid32()        = 0
17239 14:01:51.787381 open("/etc/passwd", O_RDONLY|0x80000 /* O_??? */) = 5
17239 14:01:51.787399 _llseek(5, 0, [0], SEEK_CUR) = 0
17239 14:01:51.787412 fstat64(5, {st_mode=S_IFREG|0644, st_size=1624, ...}) = 0
17239 14:01:51.787429 mmap2(NULL, 1624, PROT_READ, MAP_SHARED, 5, 0) = 0xb7f4f000
17239 14:01:51.787441 _llseek(5, 1624, [1624], SEEK_SET) = 0
17239 14:01:51.787478 munmap(0xb7f4f000, 1624) = 0
17239 14:01:51.787492 close(5)          = 0
17239 14:01:51.787517 setgroups32(0, []) = 0
17239 14:01:51.787529 chdir("/usr/share/empty") = 0
17239 14:01:51.787541 chroot(".")       = 0
17239 14:01:51.787552 capset(NULL, NULL) = -1 EFAULT (Bad address)
17239 14:01:51.787566 prctl(0x8, 0, 0xbfceef98, 0x80549a6, 0xbfceef80) = 0
17239 14:01:51.787577 prctl(0x8, 0x1, 0xbfceef98, 0x8054a49, 0xbfceef80) = 0
17239 14:01:51.787587 setgid32(65534)   = 0
17239 14:01:51.787597 setuid32(65534)   = 0
17239 14:01:51.787606 capset(0x19980330, 0, {CAP_NET_BIND_SERVICE, CAP_NET_BIND_SERVICE, 0}) = 0
17239 14:01:51.787619 read(4, "\n", 1)  = 1
17239 14:01:51.787632 write(4, "\1", 1) = 1
17241 14:01:51.787643 <... read resumed> "\1", 1) = 1
17241 14:01:51.787651 write(5, "\f", 1) = 1
17241 14:01:51.787661 read(5,  <unfinished ...>
17239 14:01:51.787668 read(4, "\f", 1)  = 1
17239 14:01:51.787680 socket(PF_INET, SOCK_STREAM, IPPROTO_TCP) = 5
17239 14:01:51.787694 setsockopt(5, SOL_SOCKET, SO_REUSEADDR, [1], 4) = 0
17239 14:01:51.787705 gettimeofday({1495648911, 787709}, NULL) = 0
17239 14:01:51.787721 bind(5, {sa_family=AF_INET, sin_port=htons(53660), sin_addr=inet_addr("127.0.0.1")}, 16) = 0
17239 14:01:51.787738 listen(5, 1)      = 0
17239 14:01:51.787751 write(4, "\234\321\0\0", 4) = 4
17241 14:01:51.787763 <... read resumed> "\234\321\0\0", 4) = 4
17241 14:01:51.787776 write(0, "227 Entering Passive Mode (127,0,0,1,209,156).\r\n", 48) = 48
17241 14:01:51.787890 rt_sigaction(SIGALRM, {0x805cad0, ~[RTMIN RT_1], 0}, NULL, 8) = 0
17241 14:01:51.787908 alarm(300)        = 300
17241 14:01:51.787919 recv(0, "RETR myfile25\r\n", 4096, MSG_PEEK) = 15
17241 14:01:51.787932 read(0, "RETR myfile25\r\n", 15) = 15
17241 14:01:51.787946 write(5, "\v", 1) = 1
17241 14:01:51.787957 read(5,  <unfinished ...>
17239 14:01:51.787964 read(4, "\v", 1)  = 1
17239 14:01:51.787975 write(4, "\1\0\0\0", 4) = 4
17241 14:01:51.787986 <... read resumed> "\1\0\0\0", 4) = 4
17241 14:01:51.787994 gettimeofday({1495648911, 787998}, NULL) = 0
17241 14:01:51.788005 getcwd("/home/msfadmin", 4096) = 15
17241 14:01:51.788017 open("myfile25", O_RDONLY|O_NONBLOCK|O_LARGEFILE) = 4
17241 14:01:51.788030 fcntl64(4, F_SETLKW64, {type=F_RDLCK, whence=SEEK_SET, start=0, len=0}, 0xbfceef04) = 0
17241 14:01:51.788044 fstat64(4, {st_mode=S_IFREG|0644, st_size=17, ...}) = 0
17241 14:01:51.788060 fcntl64(4, F_GETFL) = 0x8800 (flags O_RDONLY|O_NONBLOCK|O_LARGEFILE)
17241 14:01:51.788071 fcntl64(4, F_SETFL, O_RDONLY|O_LARGEFILE) = 0
17241 14:01:51.788083 write(5, "\v", 1) = 1
17241 14:01:51.788094 read(5,  <unfinished ...>
17239 14:01:51.788101 read(4, "\v", 1)  = 1
17239 14:01:51.788112 write(4, "\1\0\0\0", 4) = 4
17241 14:01:51.788122 <... read resumed> "\1\0\0\0", 4) = 4
17241 14:01:51.788130 write(5, "\v", 1) = 1
17241 14:01:51.788139 read(5,  <unfinished ...>
17239 14:01:51.788146 read(4, "\v", 1)  = 1
17239 14:01:51.788156 write(4, "\1\0\0\0", 4) = 4
17241 14:01:51.788167 <... read resumed> "\1\0\0\0", 4) = 4
17241 14:01:51.788174 write(5, "\r", 1) = 1
17241 14:01:51.788184 read(5,  <unfinished ...>
17239 14:01:51.788190 read(4, "\r", 1)  = 1
17239 14:01:51.788203 select(6, [5], NULL, NULL, {60, 0}) = 1 (in [5], left {60, 0})
17239 14:01:51.788220 accept(5, {sa_family=AF_INET, sin_port=htons(52367), sin_addr=inet_addr("127.0.0.1")}, [16]) = 6
17239 14:01:51.788242 write(4, "\1", 1) = 1
17241 14:01:51.788252 <... read resumed> "\1", 1) = 1
17241 14:01:51.788262 recvmsg(5,  <unfinished ...>
17239 14:01:51.788271 sendmsg(4, {msg_name(0)=NULL, msg_iov(1)=[{"\0", 1}], msg_controllen=16, {cmsg_len=16, cmsg_level=SOL_SOCKET, cmsg_type=SCM_RIGHTS, {6}}, msg_flags=0}, 0) = 1
17241 14:01:51.788289 <... recvmsg resumed> {msg_name(0)=NULL, msg_iov(1)=[{"\0", 1}], msg_controllen=16, {cmsg_len=16, cmsg_level=SOL_SOCKET, cmsg_type=SCM_RIGHTS, {6}}, msg_flags=0}, 0) = 1
17241 14:01:51.788306 setsockopt(6, SOL_SOCKET, SO_KEEPALIVE, [1], 4) = 0
17241 14:01:51.788318 setsockopt(6, SOL_IP, IP_TOS, [8], 4) = 0
17241 14:01:51.788330 setsockopt(6, SOL_SOCKET, SO_LINGER, {onoff=1, linger=32767}, 8) = 0
17241 14:01:51.788341 rt_sigaction(SIGALRM, {0x805cad0, ~[RTMIN RT_1], 0}, NULL, 8) = 0
17241 14:01:51.788354 alarm(300)        = 300
17241 14:01:51.788368 write(0, "150 Opening BINARY mode data connection for myfile25 (17 bytes).\r\n", 66) = 66
17241 14:01:51.788420 _llseek(4, 0, [0], SEEK_CUR) = 0
17241 14:01:51.788440 fstat64(4, {st_mode=S_IFREG|0644, st_size=17, ...}) = 0
17241 14:01:51.788459 _llseek(4, 0, [0], SEEK_SET) = 0
17241 14:01:51.788481 sendfile(6, 4, NULL, 17) = 17
17241 14:01:51.788511 rt_sigaction(SIGALRM, {0x805cad0, ~[RTMIN RT_1], 0}, NULL, 8) = 0
17241 14:01:51.788525 alarm(300)        = 300
17241 14:01:51.788535 close(6)          = 0
17241 14:01:51.788544 alarm(0)          = 300
17241 14:01:51.788554 gettimeofday({1495648911, 788557}, NULL) = 0
17241 14:01:51.788571 getpid()          = 17241
17241 14:01:51.788583 gettimeofday({1495648911, 788587}, NULL) = 0
17241 14:01:51.788601 fcntl64(3, F_SETLKW64, {type=F_WRLCK, whence=SEEK_SET, start=0, len=0}, 0xbfceeea4) = 0
17241 14:01:51.788615 write(3, "Wed May 24 14:01:51 2017 [pid 17241] [msfadmin] OK DOWNLOAD: Client \"127.0.0.1\", \"/home/msfadmin/myfile25\", 17 bytes, 28.19Kbyte/sec\n", 133) = 133
17241 14:01:51.788635 fcntl64(3, F_SETLK64, {type=F_UNLCK, whence=SEEK_SET, start=0, len=0}, 0xbfceeeac) = 0
17241 14:01:51.788649 write(0, "226 Transfer complete.\r\n", 24) = 24
17241 14:01:51.788664 write(5, "\n", 1) = 1
17241 14:01:51.788675 read(5,  <unfinished ...>
17239 14:01:51.788682 close(6)          = 0
17239 14:01:51.788762 read(4, "\n", 1)  = 1
17239 14:01:51.788775 close(5)          = 0
17239 14:01:51.788786 write(4, "\1", 1) = 1
17241 14:01:51.788797 <... read resumed> "\1", 1) = 1
17241 14:01:51.788804 close(4)          = 0
17241 14:01:51.788815 rt_sigaction(SIGALRM, {0x805cad0, ~[RTMIN RT_1], 0}, NULL, 8) = 0
17241 14:01:51.788828 alarm(300)        = 0
17241 14:01:51.788840 recv(0,  <unfinished ...>
17239 14:01:51.788847 read(4,  <unfinished ...>
17238 14:01:52.115125 <... recv resumed> "TYPE I\r\n", 4096, MSG_PEEK) = 8
17238 14:01:52.115157 read(0, "TYPE I\r\n", 8) = 8
17238 14:01:52.115178 write(0, "200 Switching to Binary mode.\r\n", 31) = 31
17238 14:01:52.115227 rt_sigaction(SIGALRM, {0x805cad0, ~[RTMIN RT_1], 0}, NULL, 8) = 0
17238 14:01:52.115245 alarm(300)        = 299
17238 14:01:52.115258 recv(0, "PASV\r\n", 4096, MSG_PEEK) = 6
17238 14:01:52.115270 read(0, "PASV\r\n", 6) = 6
17238 14:01:52.115282 write(5, "\n", 1 <unfinished ...>
17236 14:01:52.115293 <... read resumed> "\n", 1) = 1
17238 14:01:52.115298 <... write resumed> ) = 1
17236 14:01:52.115305 write(4, "\1", 1 <unfinished ...>
17238 14:01:52.115314 read(5,  <unfinished ...>
17236 14:01:52.115318 <... write resumed> ) = 1
17238 14:01:52.115324 <... read resumed> "\1", 1) = 1
17236 14:01:52.115330 read(4,  <unfinished ...>
17238 14:01:52.115336 write(5, "\f", 1 <unfinished ...>
17236 14:01:52.115343 <... read resumed> "\f", 1) = 1
17238 14:01:52.115348 <... write resumed> ) = 1
17236 14:01:52.115355 socket(PF_INET, SOCK_STREAM, IPPROTO_TCP <unfinished ...>
17238 14:01:52.115366 read(5,  <unfinished ...>
17236 14:01:52.115370 <... socket resumed> ) = 5
17236 14:01:52.115379 setsockopt(5, SOL_SOCKET, SO_REUSEADDR, [1], 4) = 0
17236 14:01:52.115393 bind(5, {sa_family=AF_INET, sin_port=htons(5936), sin_addr=inet_addr("127.0.0.1")}, 16) = 0
17236 14:01:52.115415 listen(5, 1)      = 0
17236 14:01:52.115429 write(4, "0\27\0\0", 4 <unfinished ...>
17238 14:01:52.115438 <... read resumed> "0\27\0\0", 4) = 4
17236 14:01:52.115443 <... write resumed> ) = 4
17238 14:01:52.115454 write(0, "227 Entering Passive Mode (127,0,0,1,23,48).\r\n", 46 <unfinished ...>
17236 14:01:52.115463 read(4,  <unfinished ...>
17238 14:01:52.115564 <... write resumed> ) = 46
17238 14:01:52.115584 rt_sigaction(SIGALRM, {0x805cad0, ~[RTMIN RT_1], 0}, NULL, 8) = 0
17238 14:01:52.115599 alarm(300)        = 300
17238 14:01:52.115611 recv(0, "STOR myfile29\r\n", 4096, MSG_PEEK) = 15
17238 14:01:52.115623 read(0, "STOR myfile29\r\n", 15) = 15
17238 14:01:52.115636 write(5, "\v", 1 <unfinished ...>
17236 14:01:52.115644 <... read resumed> "\v", 1) = 1
17238 14:01:52.115649 <... write resumed> ) = 1
17236 14:01:52.115655 write(4, "\1\0\0\0", 4) = 4
17236 14:01:52.115666 read(4,  <unfinished ...>
17238 14:01:52.115673 read(5, "\1\0\0\0", 4) = 4
17238 14:01:52.115685 gettimeofday({1495648912, 115689}, NULL) = 0
17238 14:01:52.115696 getcwd("/home/msfadmin", 4096) = 15
17238 14:01:52.115708 open("myfile29", O_WRONLY|O_CREAT|O_NONBLOCK|O_LARGEFILE, 0666) = 4
17238 14:01:52.115722 fstat64(4, {st_mode=S_IFREG|0644, st_size=17, ...}) = 0
17238 14:01:52.115740 fcntl64(4, F_GETFL) = 0x8801 (flags O_WRONLY|O_NONBLOCK|O_LARGEFILE)
17238 14:01:52.115751 fcntl64(4, F_SETFL, O_WRONLY|O_LARGEFILE) = 0
17238 14:01:52.115761 fcntl64(4, F_SETLKW64, {type=F_WRLCK, whence=SEEK_SET, start=0, len=0}, 0xbfeb30a4) = 0
17238 14:01:52.115775 ftruncate64(4, 0) = 0
17238 14:01:52.115794 _llseek(4, 0, [0], SEEK_SET) = 0
17238 14:01:52.115828 write(5, "\v", 1 <unfinished ...>
17236 14:01:52.115837 <... read resumed> "\v", 1) = 1
17238 14:01:52.115842 <... write resumed> ) = 1
17236 14:01:52.115860 write(4, "\1\0\0\0", 4) = 4
17236 14:01:52.115871 read(4,  <unfinished ...>
17238 14:01:52.115878 read(5, "\1\0\0\0", 4) = 4
17238 14:01:52.115889 write(5, "\v", 1 <unfinished ...>
17236 14:01:52.115896 <... read resumed> "\v", 1) = 1
17238 14:01:52.115900 <... write resumed> ) = 1
17236 14:01:52.115906 write(4, "\1\0\0\0", 4) = 4
17236 14:01:52.115917 read(4,  <unfinished ...>
17238 14:01:52.115923 read(5, "\1\0\0\0", 4) = 4
17238 14:01:52.115934 write(5, "\r", 1 <unfinished ...>
17236 14:01:52.115941 <... read resumed> "\r", 1) = 1
17238 14:01:52.115946 <... write resumed> ) = 1
17236 14:01:52.115952 select(6, [5], NULL, NULL, {60, 0}) = 1 (in [5], left {60, 0})
17236 14:01:52.115969 accept(5, {sa_family=AF_INET, sin_port=htons(47766), sin_addr=inet_addr("127.0.0.1")}, [16]) = 6
17236 14:01:52.115991 write(4, "\1", 1) = 1
17236 14:01:52.116003 sendmsg(4, {msg_name(0)=NULL, msg_iov(1)=[{"\0", 1}], msg_controllen=16, {cmsg_len=16, cmsg_level=SOL_SOCKET, cmsg_type=SCM_RIGHTS, {6}}, msg_flags=0}, 0) = 1
17236 14:01:52.116019 close(6)          = 0
17236 14:01:52.116029 read(4,  <unfinished ...>
17238 14:01:52.116036 read(5, "\1", 1)  = 1
17238 14:01:52.116049 recvmsg(5, {msg_name(0)=NULL, msg_iov(1)=[{"\0", 1}], msg_controllen=16, {cmsg_len=16, cmsg_level=SOL_SOCKET, cmsg_type=SCM_RIGHTS, {6}}, msg_flags=0}, 0) = 1
17238 14:01:52.116067 setsockopt(6, SOL_SOCKET, SO_KEEPALIVE, [1], 4) = 0
17238 14:01:52.116079 setsockopt(6, SOL_IP, IP_TOS, [8], 4) = 0
17238 14:01:52.116091 setsockopt(6, SOL_SOCKET, SO_LINGER, {onoff=1, linger=32767}, 8) = 0
17238 14:01:52.116102 rt_sigaction(SIGALRM, {0x805cad0, ~[RTMIN RT_1], 0}, NULL, 8) = 0
17238 14:01:52.116115 alarm(300)        = 300
17238 14:01:52.116128 write(0, "150 Ok to send data.\r\n", 22) = 22
17238 14:01:52.116193 read(6, "assasaaa\na\na\na\na\n", 65536) = 17
17238 14:01:52.116208 write(4, "assasaaa\na\na\na\na\n", 17) = 17
17238 14:01:52.116224 read(6, "", 65536) = 0
17238 14:01:52.116234 rt_sigaction(SIGALRM, {0x805cad0, ~[RTMIN RT_1], 0}, NULL, 8) = 0
17238 14:01:52.116248 alarm(300)        = 300
17238 14:01:52.116258 close(6)          = 0
17238 14:01:52.116275 alarm(0)          = 300
17238 14:01:52.116285 gettimeofday({1495648912, 116289}, NULL) = 0
17238 14:01:52.116300 gettimeofday({1495648912, 116304}, NULL) = 0
17238 14:01:52.116315 fcntl64(3, F_SETLKW64, {type=F_WRLCK, whence=SEEK_SET, start=0, len=0}, 0xbfeb3044) = 0
17238 14:01:52.116329 write(3, "Wed May 24 14:01:52 2017 [pid 17238] [msfadmin] OK UPLOAD: Client \"127.0.0.1\", \"/home/msfadmin/myfile29\", 17 bytes, 26.99Kbyte/sec\n", 131) = 131
17238 14:01:52.116351 fcntl64(3, F_SETLK64, {type=F_UNLCK, whence=SEEK_SET, start=0, len=0}, 0xbfeb304c) = 0
17238 14:01:52.116368 write(0, "226 Transfer complete.\r\n", 24) = 24
17238 14:01:52.116413 write(5, "\n", 1 <unfinished ...>
17236 14:01:52.116422 <... read resumed> "\n", 1) = 1
17238 14:01:52.116427 <... write resumed> ) = 1
17236 14:01:52.116433 close(5)          = 0
17236 14:01:52.116444 write(4, "\1", 1) = 1
17236 14:01:52.116455 read(4,  <unfinished ...>
17238 14:01:52.116462 read(5, "\1", 1)  = 1
17238 14:01:52.116473 close(4)          = 0
17238 14:01:52.116483 rt_sigaction(SIGALRM, {0x805cad0, ~[RTMIN RT_1], 0}, NULL, 8) = 0
17238 14:01:52.116497 alarm(300)        = 0
17238 14:01:52.116508 recv(0,  <unfinished ...>
17241 14:01:52.294990 <... recv resumed> "USER msfadmin\r\n", 4096, MSG_PEEK) = 15
17241 14:01:52.295074 read(0, "USER msfadmin\r\n", 15) = 15
17241 14:01:52.295140 write(0, "331 Any password will do.\r\n", 27) = 27
17241 14:01:52.295216 rt_sigaction(SIGALRM, {0x805cad0, ~[RTMIN RT_1], 0}, NULL, 8) = 0
17241 14:01:52.295245 alarm(300)        = 299
17241 14:01:52.295264 recv(0, "PASS msfadmin\r\n", 4096, MSG_PEEK) = 15
17241 14:01:52.295276 read(0, "PASS msfadmin\r\n", 15) = 15
17241 14:01:52.295293 write(0, "230 Already logged in.\r\n", 24) = 24
17241 14:01:52.295356 rt_sigaction(SIGALRM, {0x805cad0, ~[RTMIN RT_1], 0}, NULL, 8) = 0
17241 14:01:52.295372 alarm(300)        = 300
17241 14:01:52.295383 recv(0, "TYPE I\r\n", 4096, MSG_PEEK) = 8
17241 14:01:52.295394 read(0, "TYPE I\r\n", 8) = 8
17241 14:01:52.295409 write(0, "200 Switching to Binary mode.\r\n", 31) = 31
17241 14:01:52.295445 rt_sigaction(SIGALRM, {0x805cad0, ~[RTMIN RT_1], 0}, NULL, 8) = 0
17241 14:01:52.295459 alarm(300)        = 300
17241 14:01:52.295470 recv(0, "PASV\r\n", 4096, MSG_PEEK) = 6
17241 14:01:52.295481 read(0, "PASV\r\n", 6) = 6
17241 14:01:52.295493 write(5, "\n", 1) = 1
17241 14:01:52.295505 read(5,  <unfinished ...>
17239 14:01:52.295515 <... read resumed> "\n", 1) = 1
17239 14:01:52.295524 write(4, "\1", 1) = 1
17241 14:01:52.295535 <... read resumed> "\1", 1) = 1
17241 14:01:52.295542 write(5, "\f", 1) = 1
17241 14:01:52.295552 read(5,  <unfinished ...>
17239 14:01:52.295559 read(4, "\f", 1)  = 1
17239 14:01:52.295571 socket(PF_INET, SOCK_STREAM, IPPROTO_TCP) = 5
17239 14:01:52.295586 setsockopt(5, SOL_SOCKET, SO_REUSEADDR, [1], 4) = 0
17239 14:01:52.295601 bind(5, {sa_family=AF_INET, sin_port=htons(39760), sin_addr=inet_addr("127.0.0.1")}, 16) = 0
17239 14:01:52.295618 listen(5, 1)      = 0
17239 14:01:52.295632 write(4, "P\233\0\0", 4) = 4
17241 14:01:52.295643 <... read resumed> "P\233\0\0", 4) = 4
17241 14:01:52.295655 write(0, "227 Entering Passive Mode (127,0,0,1,155,80).\r\n", 47) = 47
17241 14:01:52.295768 rt_sigaction(SIGALRM, {0x805cad0, ~[RTMIN RT_1], 0}, NULL, 8) = 0
17241 14:01:52.295784 alarm(300)        = 300
17241 14:01:52.295796 recv(0, "RETR myfile26\r\n", 4096, MSG_PEEK) = 15
17241 14:01:52.295808 read(0, "RETR myfile26\r\n", 15) = 15
17241 14:01:52.295821 write(5, "\v", 1) = 1
17241 14:01:52.295831 read(5,  <unfinished ...>
17239 14:01:52.295839 read(4, "\v", 1)  = 1
17239 14:01:52.295850 write(4, "\1\0\0\0", 4) = 4
17241 14:01:52.295860 <... read resumed> "\1\0\0\0", 4) = 4
17241 14:01:52.295887 gettimeofday({1495648912, 295894}, NULL) = 0
17241 14:01:52.295902 getcwd("/home/msfadmin", 4096) = 15
17241 14:01:52.295916 open("myfile26", O_RDONLY|O_NONBLOCK|O_LARGEFILE) = 4
17241 14:01:52.295939 fcntl64(4, F_SETLKW64, {type=F_RDLCK, whence=SEEK_SET, start=0, len=0}, 0xbfceef04) = 0
17241 14:01:52.295954 fstat64(4, {st_mode=S_IFREG|0644, st_size=17, ...}) = 0
17241 14:01:52.295972 fcntl64(4, F_GETFL) = 0x8800 (flags O_RDONLY|O_NONBLOCK|O_LARGEFILE)
17241 14:01:52.295983 fcntl64(4, F_SETFL, O_RDONLY|O_LARGEFILE) = 0
17241 14:01:52.295994 write(5, "\v", 1) = 1
17241 14:01:52.296005 read(5,  <unfinished ...>
17239 14:01:52.296012 read(4, "\v", 1)  = 1
17239 14:01:52.296023 write(4, "\1\0\0\0", 4) = 4
17241 14:01:52.296034 <... read resumed> "\1\0\0\0", 4) = 4
17241 14:01:52.296041 write(5, "\v", 1) = 1
17241 14:01:52.296051 read(5,  <unfinished ...>
17239 14:01:52.296058 read(4, "\v", 1)  = 1
17239 14:01:52.296075 write(4, "\1\0\0\0", 4) = 4
17241 14:01:52.296086 <... read resumed> "\1\0\0\0", 4) = 4
17241 14:01:52.296093 write(5, "\r", 1) = 1
17241 14:01:52.296103 read(5,  <unfinished ...>
17239 14:01:52.296110 read(4, "\r", 1)  = 1
17239 14:01:52.296122 select(6, [5], NULL, NULL, {60, 0}) = 1 (in [5], left {60, 0})
17239 14:01:52.296138 accept(5, {sa_family=AF_INET, sin_port=htons(60940), sin_addr=inet_addr("127.0.0.1")}, [16]) = 6
17239 14:01:52.296160 write(4, "\1", 1) = 1
17241 14:01:52.296171 <... read resumed> "\1", 1) = 1
17241 14:01:52.296180 recvmsg(5,  <unfinished ...>
17239 14:01:52.296188 sendmsg(4, {msg_name(0)=NULL, msg_iov(1)=[{"\0", 1}], msg_controllen=16, {cmsg_len=16, cmsg_level=SOL_SOCKET, cmsg_type=SCM_RIGHTS, {6}}, msg_flags=0}, 0) = 1
17241 14:01:52.296205 <... recvmsg resumed> {msg_name(0)=NULL, msg_iov(1)=[{"\0", 1}], msg_controllen=16, {cmsg_len=16, cmsg_level=SOL_SOCKET, cmsg_type=SCM_RIGHTS, {6}}, msg_flags=0}, 0) = 1
17241 14:01:52.296219 setsockopt(6, SOL_SOCKET, SO_KEEPALIVE, [1], 4) = 0
17241 14:01:52.296231 setsockopt(6, SOL_IP, IP_TOS, [8], 4) = 0
17241 14:01:52.296243 setsockopt(6, SOL_SOCKET, SO_LINGER, {onoff=1, linger=32767}, 8) = 0
17241 14:01:52.296254 rt_sigaction(SIGALRM, {0x805cad0, ~[RTMIN RT_1], 0}, NULL, 8) = 0
17241 14:01:52.296267 alarm(300)        = 300
17241 14:01:52.296281 write(0, "150 Opening BINARY mode data connection for myfile26 (17 bytes).\r\n", 66) = 66
17241 14:01:52.296322 _llseek(4, 0, [0], SEEK_CUR) = 0
17241 14:01:52.296335 fstat64(4, {st_mode=S_IFREG|0644, st_size=17, ...}) = 0
17241 14:01:52.296352 _llseek(4, 0, [0], SEEK_SET) = 0
17241 14:01:52.296363 sendfile(6, 4, NULL, 17) = 17
17241 14:01:52.296393 rt_sigaction(SIGALRM, {0x805cad0, ~[RTMIN RT_1], 0}, NULL, 8) = 0
17241 14:01:52.296407 alarm(300)        = 300
17241 14:01:52.296417 close(6)          = 0
17241 14:01:52.296426 alarm(0)          = 300
17241 14:01:52.296436 gettimeofday({1495648912, 296440}, NULL) = 0
17241 14:01:52.296451 gettimeofday({1495648912, 296455}, NULL) = 0
17241 14:01:52.296465 fcntl64(3, F_SETLKW64, {type=F_WRLCK, whence=SEEK_SET, start=0, len=0}, 0xbfceeea4) = 0
17241 14:01:52.296480 write(3, "Wed May 24 14:01:52 2017 [pid 17241] [msfadmin] OK DOWNLOAD: Client \"127.0.0.1\", \"/home/msfadmin/myfile26\", 17 bytes, 29.59Kbyte/sec\n", 133) = 133
17241 14:01:52.296501 fcntl64(3, F_SETLK64, {type=F_UNLCK, whence=SEEK_SET, start=0, len=0}, 0xbfceeeac) = 0
17241 14:01:52.296515 write(0, "226 Transfer complete.\r\n", 24) = 24
17241 14:01:52.296530 write(5, "\n", 1) = 1
17241 14:01:52.296540 read(5,  <unfinished ...>
17239 14:01:52.296547 close(6)          = 0
17239 14:01:52.296631 read(4, "\n", 1)  = 1
17239 14:01:52.296645 close(5)          = 0
17239 14:01:52.296656 write(4, "\1", 1) = 1
17241 14:01:52.296667 <... read resumed> "\1", 1) = 1
17241 14:01:52.296674 close(4)          = 0
17241 14:01:52.296685 rt_sigaction(SIGALRM, {0x805cad0, ~[RTMIN RT_1], 0}, NULL, 8) = 0
17241 14:01:52.296698 alarm(300)        = 0
17241 14:01:52.296709 recv(0,  <unfinished ...>
17239 14:01:52.296717 read(4,  <unfinished ...>
17238 14:01:52.654485 <... recv resumed> "TYPE I\r\n", 4096, MSG_PEEK) = 8
17238 14:01:52.654516 read(0, "TYPE I\r\n", 8) = 8
17238 14:01:52.654538 write(0, "200 Switching to Binary mode.\r\n", 31) = 31
17238 14:01:52.654588 rt_sigaction(SIGALRM, {0x805cad0, ~[RTMIN RT_1], 0}, NULL, 8) = 0
17238 14:01:52.654606 alarm(300)        = 299
17238 14:01:52.654618 recv(0, "PASV\r\n", 4096, MSG_PEEK) = 6
17238 14:01:52.654630 read(0, "PASV\r\n", 6) = 6
17238 14:01:52.654642 write(5, "\n", 1 <unfinished ...>
17236 14:01:52.654653 <... read resumed> "\n", 1) = 1
17238 14:01:52.654658 <... write resumed> ) = 1
17236 14:01:52.654667 write(4, "\1", 1 <unfinished ...>
17238 14:01:52.654672 read(5,  <unfinished ...>
17236 14:01:52.654679 <... write resumed> ) = 1
17238 14:01:52.654683 <... read resumed> "\1", 1) = 1
17236 14:01:52.654691 read(4,  <unfinished ...>
17238 14:01:52.654695 write(5, "\f", 1 <unfinished ...>
17236 14:01:52.654702 <... read resumed> "\f", 1) = 1
17238 14:01:52.654707 <... write resumed> ) = 1
17236 14:01:52.654748 socket(PF_INET, SOCK_STREAM, IPPROTO_TCP <unfinished ...>
17238 14:01:52.654756 read(5,  <unfinished ...>
17236 14:01:52.654775 <... socket resumed> ) = 5
17236 14:01:52.654783 setsockopt(5, SOL_SOCKET, SO_REUSEADDR, [1], 4) = 0
17236 14:01:52.654798 bind(5, {sa_family=AF_INET, sin_port=htons(46715), sin_addr=inet_addr("127.0.0.1")}, 16) = 0
17236 14:01:52.654815 listen(5, 1)      = 0
17236 14:01:52.654831 write(4, "{\266\0\0", 4 <unfinished ...>
17238 14:01:52.654840 <... read resumed> "{\266\0\0", 4) = 4
17236 14:01:52.654845 <... write resumed> ) = 4
17238 14:01:52.654857 write(0, "227 Entering Passive Mode (127,0,0,1,182,123).\r\n", 48 <unfinished ...>
17236 14:01:52.654866 read(4,  <unfinished ...>
17238 14:01:52.654972 <... write resumed> ) = 48
17238 14:01:52.654984 rt_sigaction(SIGALRM, {0x805cad0, ~[RTMIN RT_1], 0}, NULL, 8) = 0
17238 14:01:52.654999 alarm(300)        = 300
17238 14:01:52.655010 recv(0, "STOR myfile30\r\n", 4096, MSG_PEEK) = 15
17238 14:01:52.655023 read(0, "STOR myfile30\r\n", 15) = 15
17238 14:01:52.655036 write(5, "\v", 1 <unfinished ...>
17236 14:01:52.655044 <... read resumed> "\v", 1) = 1
17238 14:01:52.655048 <... write resumed> ) = 1
17236 14:01:52.655055 write(4, "\1\0\0\0", 4 <unfinished ...>
17238 14:01:52.655061 read(5,  <unfinished ...>
17236 14:01:52.655067 <... write resumed> ) = 4
17238 14:01:52.655071 <... read resumed> "\1\0\0\0", 4) = 4
17236 14:01:52.655079 read(4,  <unfinished ...>
17238 14:01:52.655084 gettimeofday({1495648912, 655088}, NULL) = 0
17238 14:01:52.655095 getcwd("/home/msfadmin", 4096) = 15
17238 14:01:52.655108 open("myfile30", O_WRONLY|O_CREAT|O_NONBLOCK|O_LARGEFILE, 0666) = 4
17238 14:01:52.655122 fstat64(4, {st_mode=S_IFREG|0644, st_size=17, ...}) = 0
17238 14:01:52.655140 fcntl64(4, F_GETFL) = 0x8801 (flags O_WRONLY|O_NONBLOCK|O_LARGEFILE)
17238 14:01:52.655151 fcntl64(4, F_SETFL, O_WRONLY|O_LARGEFILE) = 0
17238 14:01:52.655161 fcntl64(4, F_SETLKW64, {type=F_WRLCK, whence=SEEK_SET, start=0, len=0}, 0xbfeb30a4) = 0
17238 14:01:52.655175 ftruncate64(4, 0) = 0
17238 14:01:52.655194 _llseek(4, 0, [0], SEEK_SET) = 0
17238 14:01:52.655205 write(5, "\v", 1 <unfinished ...>
17236 14:01:52.655232 <... read resumed> "\v", 1) = 1
17238 14:01:52.655237 <... write resumed> ) = 1
17236 14:01:52.655253 write(4, "\1\0\0\0", 4) = 4
17236 14:01:52.655264 read(4,  <unfinished ...>
17238 14:01:52.655271 read(5, "\1\0\0\0", 4) = 4
17238 14:01:52.655282 write(5, "\v", 1 <unfinished ...>
17236 14:01:52.655289 <... read resumed> "\v", 1) = 1
17238 14:01:52.655294 <... write resumed> ) = 1
17236 14:01:52.655299 write(4, "\1\0\0\0", 4) = 4
17236 14:01:52.655310 read(4,  <unfinished ...>
17238 14:01:52.655316 read(5, "\1\0\0\0", 4) = 4
17238 14:01:52.655327 write(5, "\r", 1 <unfinished ...>
17236 14:01:52.655334 <... read resumed> "\r", 1) = 1
17238 14:01:52.655339 <... write resumed> ) = 1
17236 14:01:52.655346 select(6, [5], NULL, NULL, {60, 0}) = 1 (in [5], left {60, 0})
17236 14:01:52.655363 accept(5, {sa_family=AF_INET, sin_port=htons(58171), sin_addr=inet_addr("127.0.0.1")}, [16]) = 6
17236 14:01:52.655385 write(4, "\1", 1) = 1
17236 14:01:52.655397 sendmsg(4, {msg_name(0)=NULL, msg_iov(1)=[{"\0", 1}], msg_controllen=16, {cmsg_len=16, cmsg_level=SOL_SOCKET, cmsg_type=SCM_RIGHTS, {6}}, msg_flags=0}, 0) = 1
17236 14:01:52.655414 close(6)          = 0
17236 14:01:52.655423 read(4,  <unfinished ...>
17238 14:01:52.655430 read(5, "\1", 1)  = 1
17238 14:01:52.655443 recvmsg(5, {msg_name(0)=NULL, msg_iov(1)=[{"\0", 1}], msg_controllen=16, {cmsg_len=16, cmsg_level=SOL_SOCKET, cmsg_type=SCM_RIGHTS, {6}}, msg_flags=0}, 0) = 1
17238 14:01:52.655461 setsockopt(6, SOL_SOCKET, SO_KEEPALIVE, [1], 4) = 0
17238 14:01:52.655473 setsockopt(6, SOL_IP, IP_TOS, [8], 4) = 0
17238 14:01:52.655484 setsockopt(6, SOL_SOCKET, SO_LINGER, {onoff=1, linger=32767}, 8) = 0
17238 14:01:52.655496 rt_sigaction(SIGALRM, {0x805cad0, ~[RTMIN RT_1], 0}, NULL, 8) = 0
17238 14:01:52.655509 alarm(300)        = 300
17238 14:01:52.655521 write(0, "150 Ok to send data.\r\n", 22) = 22
17238 14:01:52.655591 read(6, "assasaaa\na\na\na\na\n", 65536) = 17
17238 14:01:52.655605 write(4, "assasaaa\na\na\na\na\n", 17) = 17
17238 14:01:52.655621 read(6, "", 65536) = 0
17238 14:01:52.655632 rt_sigaction(SIGALRM, {0x805cad0, ~[RTMIN RT_1], 0}, NULL, 8) = 0
17238 14:01:52.655645 alarm(300)        = 300
17238 14:01:52.655655 close(6)          = 0
17238 14:01:52.655671 alarm(0)          = 300
17238 14:01:52.655681 gettimeofday({1495648912, 655685}, NULL) = 0
17238 14:01:52.655697 gettimeofday({1495648912, 655700}, NULL) = 0
17238 14:01:52.655730 fcntl64(3, F_SETLKW64, {type=F_WRLCK, whence=SEEK_SET, start=0, len=0}, 0xbfeb3044) = 0
17238 14:01:52.655755 write(3, "Wed May 24 14:01:52 2017 [pid 17238] [msfadmin] OK UPLOAD: Client \"127.0.0.1\", \"/home/msfadmin/myfile30\", 17 bytes, 27.13Kbyte/sec\n", 131) = 131
17238 14:01:52.655777 fcntl64(3, F_SETLK64, {type=F_UNLCK, whence=SEEK_SET, start=0, len=0}, 0xbfeb304c) = 0
17238 14:01:52.655791 write(0, "226 Transfer complete.\r\n", 24) = 24
17238 14:01:52.655836 write(5, "\n", 1 <unfinished ...>
17236 14:01:52.655845 <... read resumed> "\n", 1) = 1
17238 14:01:52.655850 <... write resumed> ) = 1
17236 14:01:52.655856 close(5)          = 0
17236 14:01:52.655868 write(4, "\1", 1) = 1
17236 14:01:52.655878 read(4,  <unfinished ...>
17238 14:01:52.655885 read(5, "\1", 1)  = 1
17238 14:01:52.655896 close(4)          = 0
17238 14:01:52.655907 rt_sigaction(SIGALRM, {0x805cad0, ~[RTMIN RT_1], 0}, NULL, 8) = 0
17238 14:01:52.655920 alarm(300)        = 0
17238 14:01:52.655931 recv(0,  <unfinished ...>
17241 14:01:52.814369 <... recv resumed> "USER msfadmin\r\n", 4096, MSG_PEEK) = 15
17241 14:01:52.814411 read(0, "USER msfadmin\r\n", 15) = 15
17241 14:01:52.814436 write(0, "331 Any password will do.\r\n", 27) = 27
17241 14:01:52.814482 rt_sigaction(SIGALRM, {0x805cad0, ~[RTMIN RT_1], 0}, NULL, 8) = 0
17241 14:01:52.814500 alarm(300)        = 299
17241 14:01:52.814513 recv(0, "PASS msfadmin\r\n", 4096, MSG_PEEK) = 15
17241 14:01:52.814525 read(0, "PASS msfadmin\r\n", 15) = 15
17241 14:01:52.814541 write(0, "230 Already logged in.\r\n", 24) = 24
17241 14:01:52.814603 rt_sigaction(SIGALRM, {0x805cad0, ~[RTMIN RT_1], 0}, NULL, 8) = 0
17241 14:01:52.814618 alarm(300)        = 300
17241 14:01:52.814629 recv(0, "TYPE I\r\n", 4096, MSG_PEEK) = 8
17241 14:01:52.814641 read(0, "TYPE I\r\n", 8) = 8
17241 14:01:52.814655 write(0, "200 Switching to Binary mode.\r\n", 31) = 31
17241 14:01:52.814691 rt_sigaction(SIGALRM, {0x805cad0, ~[RTMIN RT_1], 0}, NULL, 8) = 0
17241 14:01:52.814705 alarm(300)        = 300
17241 14:01:52.814716 recv(0, "PASV\r\n", 4096, MSG_PEEK) = 6
17241 14:01:52.814727 read(0, "PASV\r\n", 6) = 6
17241 14:01:52.814739 write(5, "\n", 1) = 1
17241 14:01:52.814751 read(5,  <unfinished ...>
17239 14:01:52.814760 <... read resumed> "\n", 1) = 1
17239 14:01:52.814769 write(4, "\1", 1) = 1
17241 14:01:52.814780 <... read resumed> "\1", 1) = 1
17241 14:01:52.814787 write(5, "\f", 1) = 1
17241 14:01:52.814797 read(5,  <unfinished ...>
17239 14:01:52.814804 read(4, "\f", 1)  = 1
17239 14:01:52.814816 socket(PF_INET, SOCK_STREAM, IPPROTO_TCP) = 5
17239 14:01:52.814831 setsockopt(5, SOL_SOCKET, SO_REUSEADDR, [1], 4) = 0
17239 14:01:52.814846 bind(5, {sa_family=AF_INET, sin_port=htons(62929), sin_addr=inet_addr("127.0.0.1")}, 16) = 0
17239 14:01:52.814863 listen(5, 1)      = 0
17239 14:01:52.814876 write(4, "\321\365\0\0", 4) = 4
17241 14:01:52.814887 <... read resumed> "\321\365\0\0", 4) = 4
17241 14:01:52.814899 write(0, "227 Entering Passive Mode (127,0,0,1,245,209).\r\n", 48) = 48
17241 14:01:52.815013 rt_sigaction(SIGALRM, {0x805cad0, ~[RTMIN RT_1], 0}, NULL, 8) = 0
17241 14:01:52.815029 alarm(300)        = 300
17241 14:01:52.815040 recv(0, "RETR myfile27\r\n", 4096, MSG_PEEK) = 15
17241 14:01:52.815053 read(0, "RETR myfile27\r\n", 15) = 15
17241 14:01:52.815066 write(5, "\v", 1) = 1
17241 14:01:52.815076 read(5,  <unfinished ...>
17239 14:01:52.815083 read(4, "\v", 1)  = 1
17239 14:01:52.815094 write(4, "\1\0\0\0", 4) = 4
17241 14:01:52.815105 <... read resumed> "\1\0\0\0", 4) = 4
17241 14:01:52.815120 gettimeofday({1495648912, 815124}, NULL) = 0
17241 14:01:52.815132 getcwd("/home/msfadmin", 4096) = 15
17241 14:01:52.815144 open("myfile27", O_RDONLY|O_NONBLOCK|O_LARGEFILE) = 4
17241 14:01:52.815177 fcntl64(4, F_SETLKW64, {type=F_RDLCK, whence=SEEK_SET, start=0, len=0}, 0xbfceef04) = 0
17241 14:01:52.815194 fstat64(4, {st_mode=S_IFREG|0644, st_size=17, ...}) = 0
17241 14:01:52.815222 fcntl64(4, F_GETFL) = 0x8800 (flags O_RDONLY|O_NONBLOCK|O_LARGEFILE)
17241 14:01:52.815233 fcntl64(4, F_SETFL, O_RDONLY|O_LARGEFILE) = 0
17241 14:01:52.815244 write(5, "\v", 1) = 1
17241 14:01:52.815255 read(5,  <unfinished ...>
17239 14:01:52.815263 read(4, "\v", 1)  = 1
17239 14:01:52.815274 write(4, "\1\0\0\0", 4) = 4
17241 14:01:52.815284 <... read resumed> "\1\0\0\0", 4) = 4
17241 14:01:52.815292 write(5, "\v", 1) = 1
17241 14:01:52.815302 read(5,  <unfinished ...>
17239 14:01:52.815308 read(4, "\v", 1)  = 1
17239 14:01:52.815319 write(4, "\1\0\0\0", 4) = 4
17241 14:01:52.815329 <... read resumed> "\1\0\0\0", 4) = 4
17241 14:01:52.815336 write(5, "\r", 1) = 1
17241 14:01:52.815346 read(5,  <unfinished ...>
17239 14:01:52.815353 read(4, "\r", 1)  = 1
17239 14:01:52.815365 select(6, [5], NULL, NULL, {60, 0}) = 1 (in [5], left {60, 0})
17239 14:01:52.815381 accept(5, {sa_family=AF_INET, sin_port=htons(35442), sin_addr=inet_addr("127.0.0.1")}, [16]) = 6
17239 14:01:52.815404 write(4, "\1", 1) = 1
17241 14:01:52.815414 <... read resumed> "\1", 1) = 1
17241 14:01:52.815423 recvmsg(5,  <unfinished ...>
17239 14:01:52.815431 sendmsg(4, {msg_name(0)=NULL, msg_iov(1)=[{"\0", 1}], msg_controllen=16, {cmsg_len=16, cmsg_level=SOL_SOCKET, cmsg_type=SCM_RIGHTS, {6}}, msg_flags=0}, 0) = 1
17241 14:01:52.815448 <... recvmsg resumed> {msg_name(0)=NULL, msg_iov(1)=[{"\0", 1}], msg_controllen=16, {cmsg_len=16, cmsg_level=SOL_SOCKET, cmsg_type=SCM_RIGHTS, {6}}, msg_flags=0}, 0) = 1
17241 14:01:52.815462 setsockopt(6, SOL_SOCKET, SO_KEEPALIVE, [1], 4) = 0
17241 14:01:52.815474 setsockopt(6, SOL_IP, IP_TOS, [8], 4) = 0
17241 14:01:52.815486 setsockopt(6, SOL_SOCKET, SO_LINGER, {onoff=1, linger=32767}, 8) = 0
17241 14:01:52.815497 rt_sigaction(SIGALRM, {0x805cad0, ~[RTMIN RT_1], 0}, NULL, 8) = 0
17241 14:01:52.815510 alarm(300)        = 300
17241 14:01:52.815524 write(0, "150 Opening BINARY mode data connection for myfile27 (17 bytes).\r\n", 66) = 66
17241 14:01:52.815566 _llseek(4, 0, [0], SEEK_CUR) = 0
17241 14:01:52.815578 fstat64(4, {st_mode=S_IFREG|0644, st_size=17, ...}) = 0
17241 14:01:52.815595 _llseek(4, 0, [0], SEEK_SET) = 0
17241 14:01:52.815606 sendfile(6, 4, NULL, 17) = 17
17241 14:01:52.815636 rt_sigaction(SIGALRM, {0x805cad0, ~[RTMIN RT_1], 0}, NULL, 8) = 0
17241 14:01:52.815650 alarm(300)        = 300
17241 14:01:52.815660 close(6)          = 0
17241 14:01:52.815669 alarm(0)          = 300
17241 14:01:52.815679 gettimeofday({1495648912, 815682}, NULL) = 0
17241 14:01:52.815694 gettimeofday({1495648912, 815698}, NULL) = 0
17241 14:01:52.815708 fcntl64(3, F_SETLKW64, {type=F_WRLCK, whence=SEEK_SET, start=0, len=0}, 0xbfceeea4) = 0
17241 14:01:52.815722 write(3, "Wed May 24 14:01:52 2017 [pid 17241] [msfadmin] OK DOWNLOAD: Client \"127.0.0.1\", \"/home/msfadmin/myfile27\", 17 bytes, 28.92Kbyte/sec\n", 133) = 133
17241 14:01:52.815743 fcntl64(3, F_SETLK64, {type=F_UNLCK, whence=SEEK_SET, start=0, len=0}, 0xbfceeeac) = 0
17241 14:01:52.815758 write(0, "226 Transfer complete.\r\n", 24) = 24
17241 14:01:52.815773 write(5, "\n", 1) = 1
17241 14:01:52.815783 read(5,  <unfinished ...>
17239 14:01:52.815790 close(6)          = 0
17239 14:01:52.815873 read(4, "\n", 1)  = 1
17239 14:01:52.815886 close(5)          = 0
17239 14:01:52.815897 write(4, "\1", 1) = 1
17241 14:01:52.815908 <... read resumed> "\1", 1) = 1
17241 14:01:52.815915 close(4)          = 0
17241 14:01:52.815926 rt_sigaction(SIGALRM, {0x805cad0, ~[RTMIN RT_1], 0}, NULL, 8) = 0
17241 14:01:52.815939 alarm(300)        = 0
17241 14:01:52.815950 recv(0,  <unfinished ...>
17239 14:01:52.815958 read(4,  <unfinished ...>
17238 14:01:53.205085 <... recv resumed> "TYPE I\r\n", 4096, MSG_PEEK) = 8
17238 14:01:53.205249 read(0, "TYPE I\r\n", 8) = 8
17238 14:01:53.205384 write(0, "200 Switching to Binary mode.\r\n", 31) = 31
17238 14:01:53.205498 rt_sigaction(SIGALRM, {0x805cad0, ~[RTMIN RT_1], 0}, NULL, 8) = 0
17238 14:01:53.205535 alarm(300)        = 299
17238 14:01:53.205563 recv(0, "PASV\r\n", 4096, MSG_PEEK) = 6
17238 14:01:53.205583 read(0, "PASV\r\n", 6) = 6
17238 14:01:53.205595 write(5, "\n", 1 <unfinished ...>
17236 14:01:53.205607 <... read resumed> "\n", 1) = 1
17238 14:01:53.205612 <... write resumed> ) = 1
17236 14:01:53.205620 write(4, "\1", 1) = 1
17236 14:01:53.205631 read(4,  <unfinished ...>
17238 14:01:53.205638 read(5, "\1", 1)  = 1
17238 14:01:53.205650 write(5, "\f", 1 <unfinished ...>
17236 14:01:53.205657 <... read resumed> "\f", 1) = 1
17238 14:01:53.205661 <... write resumed> ) = 1
17236 14:01:53.205669 socket(PF_INET, SOCK_STREAM, IPPROTO_TCP) = 5
17236 14:01:53.205684 setsockopt(5, SOL_SOCKET, SO_REUSEADDR, [1], 4) = 0
17236 14:01:53.205699 bind(5, {sa_family=AF_INET, sin_port=htons(57542), sin_addr=inet_addr("127.0.0.1")}, 16) = 0
17236 14:01:53.205716 listen(5, 1)      = 0
17236 14:01:53.205729 write(4, "\306\340\0\0", 4) = 4
17236 14:01:53.205740 read(4,  <unfinished ...>
17238 14:01:53.205747 read(5, "\306\340\0\0", 4) = 4
17238 14:01:53.205763 write(0, "227 Entering Passive Mode (127,0,0,1,224,198).\r\n", 48) = 48
17238 14:01:53.205876 rt_sigaction(SIGALRM, {0x805cad0, ~[RTMIN RT_1], 0}, NULL, 8) = 0
17238 14:01:53.205892 alarm(300)        = 300
17238 14:01:53.205904 recv(0, "STOR myfile31\r\n", 4096, MSG_PEEK) = 15
17238 14:01:53.205916 read(0, "STOR myfile31\r\n", 15) = 15
17238 14:01:53.205930 write(5, "\v", 1 <unfinished ...>
17236 14:01:53.205938 <... read resumed> "\v", 1) = 1
17238 14:01:53.205942 <... write resumed> ) = 1
17236 14:01:53.205949 write(4, "\1\0\0\0", 4) = 4
17236 14:01:53.205959 read(4,  <unfinished ...>
17238 14:01:53.205966 read(5, "\1\0\0\0", 4) = 4
17238 14:01:53.205977 gettimeofday({1495648913, 205981}, NULL) = 0
17238 14:01:53.205989 getcwd("/home/msfadmin", 4096) = 15
17238 14:01:53.206022 open("myfile31", O_WRONLY|O_CREAT|O_NONBLOCK|O_LARGEFILE, 0666) = 4
17238 14:01:53.206039 fstat64(4, {st_mode=S_IFREG|0644, st_size=17, ...}) = 0
17238 14:01:53.206069 fcntl64(4, F_GETFL) = 0x8801 (flags O_WRONLY|O_NONBLOCK|O_LARGEFILE)
17238 14:01:53.206081 fcntl64(4, F_SETFL, O_WRONLY|O_LARGEFILE) = 0
17238 14:01:53.206091 fcntl64(4, F_SETLKW64, {type=F_WRLCK, whence=SEEK_SET, start=0, len=0}, 0xbfeb30a4) = 0
17238 14:01:53.206105 ftruncate64(4, 0) = 0
17238 14:01:53.206124 _llseek(4, 0, [0], SEEK_SET) = 0
17238 14:01:53.206135 write(5, "\v", 1 <unfinished ...>
17236 14:01:53.206143 <... read resumed> "\v", 1) = 1
17238 14:01:53.206148 <... write resumed> ) = 1
17236 14:01:53.206154 write(4, "\1\0\0\0", 4) = 4
17236 14:01:53.206165 read(4,  <unfinished ...>
17238 14:01:53.206172 read(5, "\1\0\0\0", 4) = 4
17238 14:01:53.206183 write(5, "\v", 1 <unfinished ...>
17236 14:01:53.206190 <... read resumed> "\v", 1) = 1
