21093 14:41:15.990870 mmap2(NULL, 1624, PROT_READ, MAP_SHARED, 5, 0) = 0xb7f4e000
21093 14:41:15.990881 _llseek(5, 1624, [1624], SEEK_SET) = 0
21093 14:41:15.990895 munmap(0xb7f4e000, 1624) = 0
21093 14:41:15.990909 close(5)          = 0
21093 14:41:15.990934 open("/etc/shadow", O_RDONLY|0x80000 /* O_??? */) = 5
21093 14:41:15.990952 _llseek(5, 0, [0], SEEK_CUR) = 0
21093 14:41:15.990962 fstat64(5, {st_mode=S_IFREG|0640, st_size=1233, ...}) = 0
21093 14:41:15.990978 mmap2(NULL, 1233, PROT_READ, MAP_SHARED, 5, 0) = 0xb7f4e000
21093 14:41:15.990989 _llseek(5, 1233, [1233], SEEK_SET) = 0
21093 14:41:15.991009 munmap(0xb7f4e000, 1233) = 0
21093 14:41:15.991019 close(5)          = 0
21093 14:41:15.991038 open("/etc/passwd", O_RDONLY|0x80000 /* O_??? */) = 5
21093 14:41:15.991051 _llseek(5, 0, [0], SEEK_CUR) = 0
21093 14:41:15.991061 fstat64(5, {st_mode=S_IFREG|0644, st_size=1624, ...}) = 0
21093 14:41:15.991077 mmap2(NULL, 1624, PROT_READ, MAP_SHARED, 5, 0) = 0xb7f4e000
21093 14:41:15.991087 _llseek(5, 1624, [1624], SEEK_SET) = 0
21093 14:41:15.991103 munmap(0xb7f4e000, 1624) = 0
21093 14:41:15.991113 close(5)          = 0
21093 14:41:15.991125 open("/etc/shadow", O_RDONLY|0x80000 /* O_??? */) = 5
21093 14:41:15.991285 _llseek(5, 0, [0], SEEK_CUR) = 0
21093 14:41:15.991306 fstat64(5, {st_mode=S_IFREG|0640, st_size=1233, ...}) = 0
21093 14:41:15.991322 mmap2(NULL, 1233, PROT_READ, MAP_SHARED, 5, 0) = 0xb7f4e000
21093 14:41:15.991333 _llseek(5, 1233, [1233], SEEK_SET) = 0
21093 14:41:15.991350 munmap(0xb7f4e000, 1233) = 0
21093 14:41:15.991360 close(5)          = 0
21093 14:41:15.991592 getuid32()        = 0
21093 14:41:15.991603 open("/etc/passwd", O_RDONLY|0x80000 /* O_??? */) = 5
21093 14:41:15.991616 _llseek(5, 0, [0], SEEK_CUR) = 0
21093 14:41:15.991626 fstat64(5, {st_mode=S_IFREG|0644, st_size=1624, ...}) = 0
21093 14:41:15.991641 mmap2(NULL, 1624, PROT_READ, MAP_SHARED, 5, 0) = 0xb7f4e000
21093 14:41:15.991652 _llseek(5, 1624, [1624], SEEK_SET) = 0
21093 14:41:15.991667 munmap(0xb7f4e000, 1624) = 0
21093 14:41:15.991677 close(5)          = 0
21093 14:41:15.991690 open("/etc/shadow", O_RDONLY|0x80000 /* O_??? */) = 5
21093 14:41:15.991702 _llseek(5, 0, [0], SEEK_CUR) = 0
21093 14:41:15.991712 fstat64(5, {st_mode=S_IFREG|0640, st_size=1233, ...}) = 0
21093 14:41:15.991728 mmap2(NULL, 1233, PROT_READ, MAP_SHARED, 5, 0) = 0xb7f4e000
21093 14:41:15.991738 _llseek(5, 1233, [1233], SEEK_SET) = 0
21093 14:41:15.991754 munmap(0xb7f4e000, 1233) = 0
21093 14:41:15.991764 close(5)          = 0
21093 14:41:15.991775 time(NULL)        = 1495651275
21093 14:41:15.991790 munmap(0xb7f4b000, 12164) = 0
21093 14:41:15.991803 munmap(0xb7f49000, 7136) = 0
21093 14:41:15.991817 munmap(0xb7d7e000, 95428) = 0
21093 14:41:15.991828 munmap(0xb7d44000, 201052) = 0
21093 14:41:15.991839 munmap(0xb7d2b000, 101180) = 0
21093 14:41:15.991859 gettimeofday({1495651275, 991863}, NULL) = 0
21093 14:41:15.991871 stat64("/usr/share/zoneinfo/UTC+04:00", 0xbfa96404) = -1 ENOENT (No such file or directory)
21093 14:41:15.991886 open("/usr/share/zoneinfo/UTC+04:00", O_RDONLY) = -1 ENOENT (No such file or directory)
21093 14:41:15.991911 fcntl64(3, F_SETLKW64, {type=F_WRLCK, whence=SEEK_SET, start=0, len=0}, 0xbfa96554) = 0
21093 14:41:15.991927 write(3, "Wed May 24 14:41:15 2017 [pid 21093] [msfadmin] OK LOGIN: Client \"127.0.0.1\"\n", 77) = 77
21093 14:41:15.991944 fcntl64(3, F_SETLK64, {type=F_UNLCK, whence=SEEK_SET, start=0, len=0}, 0xbfa9655c) = 0
21093 14:41:15.991957 rt_sigaction(SIGCHLD, {0x805cad0, ~[RTMIN RT_1], 0}, NULL, 8) = 0
21093 14:41:15.991971 write(4, "\1", 1 <unfinished ...>
21094 14:41:15.991981 <... read resumed> "\1", 1) = 1
21093 14:41:15.991986 <... write resumed> ) = 1
21094 14:41:15.991993 exit_group(0)     = ?
21093 14:41:15.992022 --- SIGCHLD (Child exited) @ 0 (0) ---
21093 14:41:15.992029 sigreturn()       = ? (mask now [])
21093 14:41:15.992048 wait4(-1, [{WIFEXITED(s) && WEXITSTATUS(s) == 0}], 0, NULL) = 21094
21093 14:41:15.992061 close(4)          = 0
21093 14:41:15.992072 socketpair(PF_FILE, SOCK_STREAM, 0, [4, 5]) = 0
21093 14:41:15.992086 rt_sigaction(SIGCHLD, {0x805cad0, ~[RTMIN RT_1], 0}, NULL, 8) = 0
21093 14:41:15.992099 rt_sigaction(SIGALRM, {0x805cb10, ~[RTMIN RT_1], 0}, NULL, 8) = 0
21093 14:41:15.992113 clone(child_stack=0, flags=CLONE_CHILD_CLEARTID|CLONE_CHILD_SETTID|SIGCHLD, child_tidptr=0xb7db46f8) = 21095
21095 14:41:15.992162 prctl(0x1, 0x9, 0, 0, 0) = 0
21095 14:41:15.992175 close(4)          = 0
21095 14:41:15.992201 open("/etc/passwd", O_RDONLY|0x80000 /* O_??? */) = 4
21095 14:41:15.992224 _llseek(4, 0, [0], SEEK_CUR) = 0
21095 14:41:15.992261 fstat64(4, {st_mode=S_IFREG|0644, st_size=1624, ...}) = 0
21095 14:41:15.992289 mmap2(NULL, 1624, PROT_READ, MAP_SHARED, 4, 0) = 0xb7f4e000
21095 14:41:15.992301 _llseek(4, 1624, [1624], SEEK_SET) = 0
21095 14:41:15.992323 munmap(0xb7f4e000, 1624) = 0
21095 14:41:15.992334 close(4)          = 0
21095 14:41:15.992348 getuid32()        = 0
21095 14:41:15.992358 open("/etc/passwd", O_RDONLY|0x80000 /* O_??? */) = 4
21095 14:41:15.992371 _llseek(4, 0, [0], SEEK_CUR) = 0
21095 14:41:15.992381 fstat64(4, {st_mode=S_IFREG|0644, st_size=1624, ...}) = 0
21095 14:41:15.992397 mmap2(NULL, 1624, PROT_READ, MAP_SHARED, 4, 0) = 0xb7f4e000
21095 14:41:15.992407 _llseek(4, 1624, [1624], SEEK_SET) = 0
21095 14:41:15.992423 munmap(0xb7f4e000, 1624) = 0
21095 14:41:15.992432 close(4)          = 0
21095 14:41:15.992458 open("/proc/sys/kernel/ngroups_max", O_RDONLY) = 4
21095 14:41:15.992479 read(4, "65536\n", 31) = 6
21095 14:41:15.992491 close(4)          = 0
21095 14:41:15.992505 socket(PF_FILE, SOCK_STREAM, 0) = 4
21095 14:41:15.992516 fcntl64(4, F_SETFL, O_RDWR|O_NONBLOCK) = 0
21095 14:41:15.992527 connect(4, {sa_family=AF_FILE, path="/var/run/nscd/socket"}, 110) = -1 ENOENT (No such file or directory)
21095 14:41:15.992547 close(4)          = 0
21095 14:41:15.992559 socket(PF_FILE, SOCK_STREAM, 0) = 4
21095 14:41:15.992569 fcntl64(4, F_SETFL, O_RDWR|O_NONBLOCK) = 0
21095 14:41:15.992579 connect(4, {sa_family=AF_FILE, path="/var/run/nscd/socket"}, 110) = -1 ENOENT (No such file or directory)
21095 14:41:15.992597 close(4)          = 0
21095 14:41:15.992620 open("/etc/group", O_RDONLY|0x80000 /* O_??? */) = 4
21095 14:41:15.992636 _llseek(4, 0, [0], SEEK_CUR) = 0
21095 14:41:15.992648 fstat64(4, {st_mode=S_IFREG|0644, st_size=886, ...}) = 0
21095 14:41:15.992664 mmap2(NULL, 886, PROT_READ, MAP_SHARED, 4, 0) = 0xb7f4e000
21095 14:41:15.992675 _llseek(4, 886, [886], SEEK_SET) = 0
21095 14:41:15.992699 fstat64(4, {st_mode=S_IFREG|0644, st_size=886, ...}) = 0
21095 14:41:15.992716 munmap(0xb7f4e000, 886) = 0
21095 14:41:15.992726 close(4)          = 0
21095 14:41:15.992736 setgroups32(13, [1000, 4, 20, 24, 25, 29, 30, 44, 46, 107, 111, 112, 119]) = 0
21095 14:41:15.992752 geteuid32()       = 0
21095 14:41:15.992763 getegid32()       = 0
21095 14:41:15.992777 setregid32(-1, 1000) = 0
21095 14:41:15.992788 setreuid32(-1, 1000) = 0
21095 14:41:15.992798 chdir("/home/msfadmin") = 0
21095 14:41:15.992810 setreuid32(-1, 0) = 0
21095 14:41:15.992819 setregid32(-1, 0) = 0
21095 14:41:15.992829 setgid32(1000)    = 0
21095 14:41:15.992838 setuid32(1000)    = 0
21095 14:41:15.992848 setrlimit(RLIMIT_NPROC, {rlim_cur=0, rlim_max=0}) = 0
21095 14:41:15.992862 mmap2(NULL, 12288, PROT_READ|PROT_WRITE, MAP_PRIVATE|MAP_ANONYMOUS, -1, 0) = 0xb7f4c000
21095 14:41:15.992873 mprotect(0xb7f4e000, 4096, PROT_NONE) = 0
21095 14:41:15.992884 mprotect(0xb7f4c000, 4096, PROT_NONE) = 0
21095 14:41:15.992895 getcwd("/home/msfadmin", 4096) = 15
21095 14:41:15.992908 umask(022)        = 077
21095 14:41:15.992918 getcwd("/home/msfadmin", 4096) = 15
21095 14:41:15.992932 open(".message", O_RDONLY|O_NONBLOCK|O_LARGEFILE) = -1 ENOENT (No such file or directory)
21095 14:41:15.992953 write(0, "230 Login successful.\r\n", 23) = 23
21095 14:41:15.993034 rt_sigaction(SIGALRM, {0x805cad0, ~[RTMIN RT_1], 0}, NULL, 8) = 0
21095 14:41:15.993051 alarm(300)        = 0
21095 14:41:15.993062 mmap2(NULL, 12288, PROT_READ|PROT_WRITE, MAP_PRIVATE|MAP_ANONYMOUS, -1, 0) = 0xb7f49000
21095 14:41:15.993073 mprotect(0xb7f4b000, 4096, PROT_NONE) = 0
21095 14:41:15.993084 mprotect(0xb7f49000, 4096, PROT_NONE) = 0
21095 14:41:15.993097 recv(0, "TYPE I\r\n", 4096, MSG_PEEK) = 8
21095 14:41:15.993110 read(0, "TYPE I\r\n", 8) = 8
21095 14:41:15.993127 write(0, "200 Switching to Binary mode.\r\n", 31) = 31
21095 14:41:15.993166 rt_sigaction(SIGALRM, {0x805cad0, ~[RTMIN RT_1], 0}, NULL, 8) = 0
21095 14:41:15.993181 alarm(300)        = 300
21095 14:41:15.993218 recv(0, "PASV\r\n", 4096, MSG_PEEK) = 6
21095 14:41:15.993240 read(0, "PASV\r\n", 6) = 6
21095 14:41:15.993253 write(5, "\n", 1) = 1
21095 14:41:15.993264 read(5,  <unfinished ...>
21093 14:41:15.993276 close(5)          = 0
21093 14:41:15.993288 getuid32()        = 0
21093 14:41:15.993303 open("/etc/passwd", O_RDONLY|0x80000 /* O_??? */) = 5
21093 14:41:15.993317 _llseek(5, 0, [0], SEEK_CUR) = 0
21093 14:41:15.993330 fstat64(5, {st_mode=S_IFREG|0644, st_size=1624, ...}) = 0
21093 14:41:15.993347 mmap2(NULL, 1624, PROT_READ, MAP_SHARED, 5, 0) = 0xb7f4e000
21093 14:41:15.993359 _llseek(5, 1624, [1624], SEEK_SET) = 0
21093 14:41:15.993376 munmap(0xb7f4e000, 1624) = 0
21093 14:41:15.993387 close(5)          = 0
21093 14:41:15.993403 setgroups32(0, []) = 0
21093 14:41:15.993414 chdir("/usr/share/empty") = 0
21093 14:41:15.993426 chroot(".")       = 0
21093 14:41:15.993436 capset(NULL, NULL) = -1 EFAULT (Bad address)
21093 14:41:15.993449 prctl(0x8, 0, 0xbfa96538, 0x80549a6, 0xbfa96520) = 0
21093 14:41:15.993460 prctl(0x8, 0x1, 0xbfa96538, 0x8054a49, 0xbfa96520) = 0
21093 14:41:15.993470 setgid32(65534)   = 0
21093 14:41:15.993480 setuid32(65534)   = 0
21093 14:41:15.993490 capset(0x19980330, 0, {CAP_NET_BIND_SERVICE, CAP_NET_BIND_SERVICE, 0}) = 0
21093 14:41:15.993502 read(4, "\n", 1)  = 1
21093 14:41:15.993515 write(4, "\1", 1) = 1
21095 14:41:15.993526 <... read resumed> "\1", 1) = 1
21095 14:41:15.993534 write(5, "\f", 1) = 1
21095 14:41:15.993544 read(5,  <unfinished ...>
21093 14:41:15.993551 read(4, "\f", 1)  = 1
21093 14:41:15.993563 socket(PF_INET, SOCK_STREAM, IPPROTO_TCP) = 5
21093 14:41:15.993576 setsockopt(5, SOL_SOCKET, SO_REUSEADDR, [1], 4) = 0
21093 14:41:15.993587 gettimeofday({1495651275, 993591}, NULL) = 0
21093 14:41:15.993603 bind(5, {sa_family=AF_INET, sin_port=htons(61531), sin_addr=inet_addr("127.0.0.1")}, 16) = 0
21093 14:41:15.993619 listen(5, 1)      = 0
21093 14:41:15.993633 write(4, "[\360\0\0", 4) = 4
21095 14:41:15.993643 <... read resumed> "[\360\0\0", 4) = 4
21095 14:41:15.993657 write(0, "227 Entering Passive Mode (127,0,0,1,240,91).\r\n", 47) = 47
21095 14:41:15.993751 rt_sigaction(SIGALRM, {0x805cad0, ~[RTMIN RT_1], 0}, NULL, 8) = 0
21095 14:41:15.993768 alarm(300)        = 300
21095 14:41:15.993779 recv(0, "STOR myfile40\r\n", 4096, MSG_PEEK) = 15
21095 14:41:15.993791 read(0, "STOR myfile40\r\n", 15) = 15
21095 14:41:15.993806 write(5, "\v", 1) = 1
21095 14:41:15.993821 read(5,  <unfinished ...>
21093 14:41:15.993828 read(4, "\v", 1)  = 1
21093 14:41:15.993839 write(4, "\1\0\0\0", 4) = 4
21095 14:41:15.993850 <... read resumed> "\1\0\0\0", 4) = 4
21095 14:41:15.993858 gettimeofday({1495651275, 993862}, NULL) = 0
21095 14:41:15.993869 getcwd("/home/msfadmin", 4096) = 15
21095 14:41:15.993881 open("myfile40", O_WRONLY|O_CREAT|O_NONBLOCK|O_LARGEFILE, 0666) = 4
21095 14:41:15.993895 fstat64(4, {st_mode=S_IFREG|0644, st_size=17, ...}) = 0
21095 14:41:15.993912 fcntl64(4, F_GETFL) = 0x8801 (flags O_WRONLY|O_NONBLOCK|O_LARGEFILE)
21095 14:41:15.993922 fcntl64(4, F_SETFL, O_WRONLY|O_LARGEFILE) = 0
21095 14:41:15.993932 fcntl64(4, F_SETLKW64, {type=F_WRLCK, whence=SEEK_SET, start=0, len=0}, 0xbfa96484) = 0
21095 14:41:15.993947 ftruncate64(4, 0) = 0
21095 14:41:15.993965 _llseek(4, 0, [0], SEEK_SET) = 0
21095 14:41:15.993976 write(5, "\v", 1) = 1
21095 14:41:15.993986 read(5,  <unfinished ...>
21093 14:41:15.993993 read(4, "\v", 1)  = 1
21093 14:41:15.994004 write(4, "\1\0\0\0", 4) = 4
21095 14:41:15.994015 <... read resumed> "\1\0\0\0", 4) = 4
21095 14:41:15.994022 write(5, "\v", 1) = 1
21095 14:41:15.994032 read(5,  <unfinished ...>
21093 14:41:15.994038 read(4, "\v", 1)  = 1
21093 14:41:15.994049 write(4, "\1\0\0\0", 4) = 4
21095 14:41:15.994059 <... read resumed> "\1\0\0\0", 4) = 4
21095 14:41:15.994066 write(5, "\r", 1) = 1
21095 14:41:15.994076 read(5,  <unfinished ...>
21093 14:41:15.994083 read(4, "\r", 1)  = 1
21093 14:41:15.994095 select(6, [5], NULL, NULL, {60, 0}) = 1 (in [5], left {60, 0})
21093 14:41:15.994111 accept(5, {sa_family=AF_INET, sin_port=htons(56329), sin_addr=inet_addr("127.0.0.1")}, [16]) = 6
21093 14:41:15.994133 write(4, "\1", 1) = 1
21095 14:41:15.994145 <... read resumed> "\1", 1) = 1
21095 14:41:15.994157 recvmsg(5,  <unfinished ...>
21093 14:41:15.994167 sendmsg(4, {msg_name(0)=NULL, msg_iov(1)=[{"\0", 1}], msg_controllen=16, {cmsg_len=16, cmsg_level=SOL_SOCKET, cmsg_type=SCM_RIGHTS, {6}}, msg_flags=0}, 0) = 1
21095 14:41:15.994184 <... recvmsg resumed> {msg_name(0)=NULL, msg_iov(1)=[{"\0", 1}], msg_controllen=16, {cmsg_len=16, cmsg_level=SOL_SOCKET, cmsg_type=SCM_RIGHTS, {6}}, msg_flags=0}, 0) = 1
21095 14:41:15.994197 setsockopt(6, SOL_SOCKET, SO_KEEPALIVE, [1], 4) = 0
21095 14:41:15.994209 setsockopt(6, SOL_IP, IP_TOS, [8], 4) = 0
21095 14:41:15.994221 setsockopt(6, SOL_SOCKET, SO_LINGER, {onoff=1, linger=32767}, 8) = 0
21095 14:41:15.994232 rt_sigaction(SIGALRM, {0x805cad0, ~[RTMIN RT_1], 0}, NULL, 8) = 0
21095 14:41:15.994245 alarm(300)        = 300
21095 14:41:15.994258 write(0, "150 Ok to send data.\r\n", 22) = 22
21095 14:41:15.994322 mmap2(NULL, 77824, PROT_READ|PROT_WRITE, MAP_PRIVATE|MAP_ANONYMOUS, -1, 0) = 0xb7d83000
21095 14:41:15.994335 mprotect(0xb7d95000, 4096, PROT_NONE) = 0
21095 14:41:15.994347 mprotect(0xb7d83000, 4096, PROT_NONE) = 0
21095 14:41:15.994357 read(6, "assasaaa\na\na\na\na\n", 65536) = 17
21095 14:41:15.994371 write(4, "assasaaa\na\na\na\na\n", 17) = 17
21095 14:41:15.994388 read(6, "", 65536) = 0
21095 14:41:15.994398 rt_sigaction(SIGALRM, {0x805cad0, ~[RTMIN RT_1], 0}, NULL, 8) = 0
21095 14:41:15.994412 alarm(300)        = 300
21095 14:41:15.994421 close(6)          = 0
21095 14:41:15.994430 alarm(0)          = 300
21095 14:41:15.994440 gettimeofday({1495651275, 994443}, NULL) = 0
21095 14:41:15.994457 getpid()          = 21095
21095 14:41:15.994468 gettimeofday({1495651275, 994472}, NULL) = 0
21095 14:41:15.994486 fcntl64(3, F_SETLKW64, {type=F_WRLCK, whence=SEEK_SET, start=0, len=0}, 0xbfa96424) = 0
21095 14:41:15.994500 write(3, "Wed May 24 14:41:15 2017 [pid 21095] [msfadmin] OK UPLOAD: Client \"127.0.0.1\", \"/home/msfadmin/myfile40\", 17 bytes, 27.22Kbyte/sec\n", 131) = 131
21095 14:41:15.994520 fcntl64(3, F_SETLK64, {type=F_UNLCK, whence=SEEK_SET, start=0, len=0}, 0xbfa9642c) = 0
21095 14:41:15.994534 write(0, "226 Transfer complete.\r\n", 24) = 24
21095 14:41:15.994581 write(5, "\n", 1) = 1
21095 14:41:15.994593 read(5,  <unfinished ...>
21093 14:41:15.994600 close(6)          = 0
21093 14:41:15.994621 read(4, "\n", 1)  = 1
21093 14:41:15.994633 close(5)          = 0
21093 14:41:15.994644 write(4, "\1", 1) = 1
21095 14:41:15.994655 <... read resumed> "\1", 1) = 1
21095 14:41:15.994662 close(4)          = 0
21095 14:41:15.994672 rt_sigaction(SIGALRM, {0x805cad0, ~[RTMIN RT_1], 0}, NULL, 8) = 0
21095 14:41:15.994686 alarm(300)        = 0
21095 14:41:15.994696 recv(0,  <unfinished ...>
21093 14:41:15.994704 read(4,  <unfinished ...>
21092 14:41:16.281755 <... recv resumed> "USER msfadmin\r\n", 4096, MSG_PEEK) = 15
21092 14:41:16.281845 read(0, "USER msfadmin\r\n", 15) = 15
21092 14:41:16.281918 write(0, "331 Any password will do.\r\n", 27) = 27
21092 14:41:16.281995 rt_sigaction(SIGALRM, {0x805cad0, ~[RTMIN RT_1], 0}, NULL, 8) = 0
21092 14:41:16.282025 alarm(300)        = 299
21092 14:41:16.282047 recv(0, "PASS msfadmin\r\n", 4096, MSG_PEEK) = 15
21092 14:41:16.282059 read(0, "PASS msfadmin\r\n", 15) = 15
21092 14:41:16.282075 write(0, "230 Already logged in.\r\n", 24) = 24
21092 14:41:16.282138 rt_sigaction(SIGALRM, {0x805cad0, ~[RTMIN RT_1], 0}, NULL, 8) = 0
21092 14:41:16.282153 alarm(300)        = 300
21092 14:41:16.282164 recv(0, "TYPE I\r\n", 4096, MSG_PEEK) = 8
21092 14:41:16.282176 read(0, "TYPE I\r\n", 8) = 8
21092 14:41:16.282190 write(0, "200 Switching to Binary mode.\r\n", 31) = 31
21092 14:41:16.282225 rt_sigaction(SIGALRM, {0x805cad0, ~[RTMIN RT_1], 0}, NULL, 8) = 0
21092 14:41:16.282240 alarm(300)        = 300
21092 14:41:16.282250 recv(0, "PASV\r\n", 4096, MSG_PEEK) = 6
21092 14:41:16.282261 read(0, "PASV\r\n", 6) = 6
21092 14:41:16.282273 write(5, "\n", 1 <unfinished ...>
21090 14:41:16.282284 <... read resumed> "\n", 1) = 1
21092 14:41:16.282290 <... write resumed> ) = 1
21090 14:41:16.282297 write(4, "\1", 1) = 1
21090 14:41:16.282308 read(4,  <unfinished ...>
21092 14:41:16.282315 read(5, "\1", 1)  = 1
21092 14:41:16.282326 write(5, "\f", 1 <unfinished ...>
21090 14:41:16.282333 <... read resumed> "\f", 1) = 1
21092 14:41:16.282338 <... write resumed> ) = 1
21090 14:41:16.282345 socket(PF_INET, SOCK_STREAM, IPPROTO_TCP) = 5
21090 14:41:16.282360 setsockopt(5, SOL_SOCKET, SO_REUSEADDR, [1], 4) = 0
21090 14:41:16.282374 bind(5, {sa_family=AF_INET, sin_port=htons(7005), sin_addr=inet_addr("127.0.0.1")}, 16) = 0
21090 14:41:16.282391 listen(5, 1)      = 0
21090 14:41:16.282405 write(4, "]\33\0\0", 4) = 4
21090 14:41:16.282416 read(4,  <unfinished ...>
21092 14:41:16.282423 read(5, "]\33\0\0", 4) = 4
21092 14:41:16.282439 write(0, "227 Entering Passive Mode (127,0,0,1,27,93).\r\n", 46) = 46
21092 14:41:16.282549 rt_sigaction(SIGALRM, {0x805cad0, ~[RTMIN RT_1], 0}, NULL, 8) = 0
21092 14:41:16.282565 alarm(300)        = 300
21092 14:41:16.282576 recv(0, "RETR myfile18\r\n", 4096, MSG_PEEK) = 15
21092 14:41:16.282611 read(0, "RETR myfile18\r\n", 15) = 15
21092 14:41:16.282635 write(5, "\v", 1 <unfinished ...>
21090 14:41:16.282643 <... read resumed> "\v", 1) = 1
21092 14:41:16.282648 <... write resumed> ) = 1
21090 14:41:16.282654 write(4, "\1\0\0\0", 4) = 4
21090 14:41:16.282665 read(4,  <unfinished ...>
21092 14:41:16.282672 read(5, "\1\0\0\0", 4) = 4
21092 14:41:16.282683 gettimeofday({1495651276, 282687}, NULL) = 0
21092 14:41:16.282694 getcwd("/home/msfadmin", 4096) = 15
21092 14:41:16.282707 open("myfile18", O_RDONLY|O_NONBLOCK|O_LARGEFILE) = 4
21092 14:41:16.282721 fcntl64(4, F_SETLKW64, {type=F_RDLCK, whence=SEEK_SET, start=0, len=0}, 0xbfe980a4) = 0
21092 14:41:16.282736 fstat64(4, {st_mode=S_IFREG|0644, st_size=17, ...}) = 0
21092 14:41:16.282753 fcntl64(4, F_GETFL) = 0x8800 (flags O_RDONLY|O_NONBLOCK|O_LARGEFILE)
21092 14:41:16.282764 fcntl64(4, F_SETFL, O_RDONLY|O_LARGEFILE) = 0
21092 14:41:16.282775 write(5, "\v", 1 <unfinished ...>
21090 14:41:16.282783 <... read resumed> "\v", 1) = 1
21092 14:41:16.282787 <... write resumed> ) = 1
21090 14:41:16.282793 write(4, "\1\0\0\0", 4) = 4
21090 14:41:16.282804 read(4,  <unfinished ...>
21092 14:41:16.282811 read(5, "\1\0\0\0", 4) = 4
21092 14:41:16.282822 write(5, "\v", 1 <unfinished ...>
21090 14:41:16.282828 <... read resumed> "\v", 1) = 1
21092 14:41:16.282840 <... write resumed> ) = 1
21090 14:41:16.282846 write(4, "\1\0\0\0", 4) = 4
21090 14:41:16.282857 read(4,  <unfinished ...>
21092 14:41:16.282863 read(5, "\1\0\0\0", 4) = 4
21092 14:41:16.282874 write(5, "\r", 1 <unfinished ...>
21090 14:41:16.282881 <... read resumed> "\r", 1) = 1
21092 14:41:16.282886 <... write resumed> ) = 1
21090 14:41:16.282893 select(6, [5], NULL, NULL, {60, 0}) = 1 (in [5], left {60, 0})
21090 14:41:16.282909 accept(5, {sa_family=AF_INET, sin_port=htons(43929), sin_addr=inet_addr("127.0.0.1")}, [16]) = 6
21090 14:41:16.282931 write(4, "\1", 1) = 1
21090 14:41:16.282943 sendmsg(4, {msg_name(0)=NULL, msg_iov(1)=[{"\0", 1}], msg_controllen=16, {cmsg_len=16, cmsg_level=SOL_SOCKET, cmsg_type=SCM_RIGHTS, {6}}, msg_flags=0}, 0) = 1
21090 14:41:16.282960 close(6)          = 0
21090 14:41:16.282969 read(4,  <unfinished ...>
21092 14:41:16.282976 read(5, "\1", 1)  = 1
21092 14:41:16.282989 recvmsg(5, {msg_name(0)=NULL, msg_iov(1)=[{"\0", 1}], msg_controllen=16, {cmsg_len=16, cmsg_level=SOL_SOCKET, cmsg_type=SCM_RIGHTS, {6}}, msg_flags=0}, 0) = 1
21092 14:41:16.283006 setsockopt(6, SOL_SOCKET, SO_KEEPALIVE, [1], 4) = 0
21092 14:41:16.283019 setsockopt(6, SOL_IP, IP_TOS, [8], 4) = 0
21092 14:41:16.283030 setsockopt(6, SOL_SOCKET, SO_LINGER, {onoff=1, linger=32767}, 8) = 0
21092 14:41:16.283042 rt_sigaction(SIGALRM, {0x805cad0, ~[RTMIN RT_1], 0}, NULL, 8) = 0
21092 14:41:16.283055 alarm(300)        = 300
21092 14:41:16.283068 write(0, "150 Opening BINARY mode data connection for myfile18 (17 bytes).\r\n", 66) = 66
21092 14:41:16.283110 _llseek(4, 0, [0], SEEK_CUR) = 0
21092 14:41:16.283122 fstat64(4, {st_mode=S_IFREG|0644, st_size=17, ...}) = 0
21092 14:41:16.283139 _llseek(4, 0, [0], SEEK_SET) = 0
21092 14:41:16.283149 sendfile(6, 4, NULL, 17) = 17
21092 14:41:16.283178 rt_sigaction(SIGALRM, {0x805cad0, ~[RTMIN RT_1], 0}, NULL, 8) = 0
21092 14:41:16.283192 alarm(300)        = 300
21092 14:41:16.283202 close(6)          = 0
21092 14:41:16.283238 alarm(0)          = 300
21092 14:41:16.283248 gettimeofday({1495651276, 283251}, NULL) = 0
21092 14:41:16.283263 gettimeofday({1495651276, 283267}, NULL) = 0
21092 14:41:16.283277 fcntl64(3, F_SETLKW64, {type=F_WRLCK, whence=SEEK_SET, start=0, len=0}, 0xbfe98044) = 0
21092 14:41:16.283292 write(3, "Wed May 24 14:41:16 2017 [pid 21092] [msfadmin] OK DOWNLOAD: Client \"127.0.0.1\", \"/home/msfadmin/myfile18\", 17 bytes, 28.62Kbyte/sec\n", 133) = 133
21092 14:41:16.283313 fcntl64(3, F_SETLK64, {type=F_UNLCK, whence=SEEK_SET, start=0, len=0}, 0xbfe9804c) = 0
21092 14:41:16.283327 write(0, "226 Transfer complete.\r\n", 24) = 24
21092 14:41:16.283390 write(5, "\n", 1 <unfinished ...>
21090 14:41:16.283400 <... read resumed> "\n", 1) = 1
21092 14:41:16.283405 <... write resumed> ) = 1
21090 14:41:16.283411 close(5)          = 0
21090 14:41:16.283422 write(4, "\1", 1) = 1
21090 14:41:16.283433 read(4,  <unfinished ...>
21092 14:41:16.283440 read(5, "\1", 1)  = 1
21092 14:41:16.283451 close(4)          = 0
21092 14:41:16.283462 rt_sigaction(SIGALRM, {0x805cad0, ~[RTMIN RT_1], 0}, NULL, 8) = 0
21092 14:41:16.283475 alarm(300)        = 0
21092 14:41:16.283486 recv(0,  <unfinished ...>
21095 14:41:16.531779 <... recv resumed> "TYPE I\r\n", 4096, MSG_PEEK) = 8
21095 14:41:16.531857 read(0, "TYPE I\r\n", 8) = 8
21095 14:41:16.531925 write(0, "200 Switching to Binary mode.\r\n", 31) = 31
21095 14:41:16.532004 rt_sigaction(SIGALRM, {0x805cad0, ~[RTMIN RT_1], 0}, NULL, 8) = 0
21095 14:41:16.532034 alarm(300)        = 299
21095 14:41:16.532055 recv(0, "PASV\r\n", 4096, MSG_PEEK) = 6
21095 14:41:16.532067 read(0, "PASV\r\n", 6) = 6
21095 14:41:16.532079 write(5, "\n", 1) = 1
21095 14:41:16.532091 read(5,  <unfinished ...>
21093 14:41:16.532100 <... read resumed> "\n", 1) = 1
21093 14:41:16.532109 write(4, "\1", 1) = 1
21095 14:41:16.532120 <... read resumed> "\1", 1) = 1
21095 14:41:16.532127 write(5, "\f", 1) = 1
21095 14:41:16.532137 read(5,  <unfinished ...>
21093 14:41:16.532143 read(4, "\f", 1)  = 1
21093 14:41:16.532155 socket(PF_INET, SOCK_STREAM, IPPROTO_TCP) = 5
21093 14:41:16.532179 setsockopt(5, SOL_SOCKET, SO_REUSEADDR, [1], 4) = 0
21093 14:41:16.532194 bind(5, {sa_family=AF_INET, sin_port=htons(39287), sin_addr=inet_addr("127.0.0.1")}, 16) = 0
21093 14:41:16.532210 listen(5, 1)      = 0
21093 14:41:16.532224 write(4, "w\231\0\0", 4) = 4
21095 14:41:16.532235 <... read resumed> "w\231\0\0", 4) = 4
21095 14:41:16.532247 write(0, "227 Entering Passive Mode (127,0,0,1,153,119).\r\n", 48) = 48
21095 14:41:16.532360 rt_sigaction(SIGALRM, {0x805cad0, ~[RTMIN RT_1], 0}, NULL, 8) = 0
21095 14:41:16.532377 alarm(300)        = 300
21095 14:41:16.532388 recv(0, "STOR myfile0\r\n", 4096, MSG_PEEK) = 14
21095 14:41:16.532400 read(0, "STOR myfile0\r\n", 14) = 14
21095 14:41:16.532414 write(5, "\v", 1) = 1
21095 14:41:16.532424 read(5,  <unfinished ...>
21093 14:41:16.532431 read(4, "\v", 1)  = 1
21093 14:41:16.532468 write(4, "\1\0\0\0", 4) = 4
21095 14:41:16.532487 <... read resumed> "\1\0\0\0", 4) = 4
21095 14:41:16.532505 gettimeofday({1495651276, 532509}, NULL) = 0
21095 14:41:16.532516 getcwd("/home/msfadmin", 4096) = 15
21095 14:41:16.532529 open("myfile0", O_WRONLY|O_CREAT|O_NONBLOCK|O_LARGEFILE, 0666) = 4
21095 14:41:16.532543 fstat64(4, {st_mode=S_IFREG|0644, st_size=17, ...}) = 0
21095 14:41:16.532560 fcntl64(4, F_GETFL) = 0x8801 (flags O_WRONLY|O_NONBLOCK|O_LARGEFILE)
21095 14:41:16.532572 fcntl64(4, F_SETFL, O_WRONLY|O_LARGEFILE) = 0
21095 14:41:16.532582 fcntl64(4, F_SETLKW64, {type=F_WRLCK, whence=SEEK_SET, start=0, len=0}, 0xbfa96484) = 0
21095 14:41:16.532596 ftruncate64(4, 0) = 0
21095 14:41:16.532615 _llseek(4, 0, [0], SEEK_SET) = 0
21095 14:41:16.532626 write(5, "\v", 1) = 1
21095 14:41:16.532636 read(5,  <unfinished ...>
21093 14:41:16.532643 read(4, "\v", 1)  = 1
21093 14:41:16.532654 write(4, "\1\0\0\0", 4) = 4
21095 14:41:16.532665 <... read resumed> "\1\0\0\0", 4) = 4
21095 14:41:16.532672 write(5, "\v", 1) = 1
21095 14:41:16.532682 read(5,  <unfinished ...>
21093 14:41:16.532689 read(4, "\v", 1)  = 1
21093 14:41:16.532699 write(4, "\1\0\0\0", 4) = 4
21095 14:41:16.532710 <... read resumed> "\1\0\0\0", 4) = 4
21095 14:41:16.532717 write(5, "\r", 1) = 1
21095 14:41:16.532727 read(5,  <unfinished ...>
21093 14:41:16.532733 read(4, "\r", 1)  = 1
21093 14:41:16.532745 select(6, [5], NULL, NULL, {60, 0}) = 1 (in [5], left {60, 0})
21093 14:41:16.532761 accept(5, {sa_family=AF_INET, sin_port=htons(59132), sin_addr=inet_addr("127.0.0.1")}, [16]) = 6
21093 14:41:16.532784 write(4, "\1", 1) = 1
21095 14:41:16.532795 <... read resumed> "\1", 1) = 1
21095 14:41:16.532803 recvmsg(5,  <unfinished ...>
21093 14:41:16.532811 sendmsg(4, {msg_name(0)=NULL, msg_iov(1)=[{"\0", 1}], msg_controllen=16, {cmsg_len=16, cmsg_level=SOL_SOCKET, cmsg_type=SCM_RIGHTS, {6}}, msg_flags=0}, 0) = 1
21095 14:41:16.532828 <... recvmsg resumed> {msg_name(0)=NULL, msg_iov(1)=[{"\0", 1}], msg_controllen=16, {cmsg_len=16, cmsg_level=SOL_SOCKET, cmsg_type=SCM_RIGHTS, {6}}, msg_flags=0}, 0) = 1
21095 14:41:16.532842 setsockopt(6, SOL_SOCKET, SO_KEEPALIVE, [1], 4) = 0
21095 14:41:16.532854 setsockopt(6, SOL_IP, IP_TOS, [8], 4) = 0
21095 14:41:16.532866 setsockopt(6, SOL_SOCKET, SO_LINGER, {onoff=1, linger=32767}, 8) = 0
21095 14:41:16.532877 rt_sigaction(SIGALRM, {0x805cad0, ~[RTMIN RT_1], 0}, NULL, 8) = 0
21095 14:41:16.532890 alarm(300)        = 300
21095 14:41:16.532902 write(0, "150 Ok to send data.\r\n", 22) = 22
21095 14:41:16.532968 read(6, "assasaaa\na\na\na\na\n", 65536) = 17
21095 14:41:16.532982 write(4, "assasaaa\na\na\na\na\n", 17) = 17
21095 14:41:16.532999 read(6, "", 65536) = 0
21095 14:41:16.533009 rt_sigaction(SIGALRM, {0x805cad0, ~[RTMIN RT_1], 0}, NULL, 8) = 0
21095 14:41:16.533023 alarm(300)        = 300
21095 14:41:16.533032 close(6)          = 0
21095 14:41:16.533041 alarm(0)          = 300
21095 14:41:16.533051 gettimeofday({1495651276, 533054}, NULL) = 0
21095 14:41:16.533065 gettimeofday({1495651276, 533069}, NULL) = 0
21095 14:41:16.533079 fcntl64(3, F_SETLKW64, {type=F_WRLCK, whence=SEEK_SET, start=0, len=0}, 0xbfa96424) = 0
21095 14:41:16.533093 write(3, "Wed May 24 14:41:16 2017 [pid 21095] [msfadmin] OK UPLOAD: Client \"127.0.0.1\", \"/home/msfadmin/myfile0\", 17 bytes, 29.65Kbyte/sec\n", 130) = 130
21095 14:41:16.533117 fcntl64(3, F_SETLK64, {type=F_UNLCK, whence=SEEK_SET, start=0, len=0}, 0xbfa9642c) = 0
21095 14:41:16.533132 write(0, "226 Transfer complete.\r\n", 24) = 24
21095 14:41:16.533175 write(5, "\n", 1) = 1
21095 14:41:16.533187 read(5,  <unfinished ...>
21093 14:41:16.533194 close(6)          = 0
21093 14:41:16.533212 read(4, "\n", 1)  = 1
21093 14:41:16.533224 close(5)          = 0
21093 14:41:16.533234 write(4, "\1", 1) = 1
21095 14:41:16.533245 <... read resumed> "\1", 1) = 1
21095 14:41:16.533252 close(4)          = 0
21095 14:41:16.533263 rt_sigaction(SIGALRM, {0x805cad0, ~[RTMIN RT_1], 0}, NULL, 8) = 0
21095 14:41:16.533276 alarm(300)        = 0
21095 14:41:16.533287 recv(0,  <unfinished ...>
21093 14:41:16.533294 read(4,  <unfinished ...>
21092 14:41:16.841994 <... recv resumed> "USER msfadmin\r\n", 4096, MSG_PEEK) = 15
21092 14:41:16.842142 read(0, "USER msfadmin\r\n", 15) = 15
21092 14:41:16.842267 write(0, "331 Any password will do.\r\n", 27) = 27
21092 14:41:16.842370 rt_sigaction(SIGALRM, {0x805cad0, ~[RTMIN RT_1], 0}, NULL, 8) = 0
21092 14:41:16.842405 alarm(300)        = 299
21092 14:41:16.842432 recv(0, "PASS msfadmin\r\n", 4096, MSG_PEEK) = 15
21092 14:41:16.842451 read(0, "PASS msfadmin\r\n", 15) = 15
21092 14:41:16.842467 write(0, "230 Already logged in.\r\n", 24) = 24
21092 14:41:16.842530 rt_sigaction(SIGALRM, {0x805cad0, ~[RTMIN RT_1], 0}, NULL, 8) = 0
21092 14:41:16.842546 alarm(300)        = 300
21092 14:41:16.842557 recv(0, "TYPE I\r\n", 4096, MSG_PEEK) = 8
21092 14:41:16.842568 read(0, "TYPE I\r\n", 8) = 8
21092 14:41:16.842583 write(0, "200 Switching to Binary mode.\r\n", 31) = 31
21092 14:41:16.842618 rt_sigaction(SIGALRM, {0x805cad0, ~[RTMIN RT_1], 0}, NULL, 8) = 0
21092 14:41:16.842632 alarm(300)        = 300
21092 14:41:16.842643 recv(0, "PASV\r\n", 4096, MSG_PEEK) = 6
21092 14:41:16.842654 read(0, "PASV\r\n", 6) = 6
21092 14:41:16.842665 write(5, "\n", 1 <unfinished ...>
21090 14:41:16.842677 <... read resumed> "\n", 1) = 1
21092 14:41:16.842682 <... write resumed> ) = 1
21090 14:41:16.842690 write(4, "\1", 1) = 1
21090 14:41:16.842700 read(4,  <unfinished ...>
21092 14:41:16.842707 read(5, "\1", 1)  = 1
21092 14:41:16.842719 write(5, "\f", 1 <unfinished ...>
21090 14:41:16.842726 <... read resumed> "\f", 1) = 1
21092 14:41:16.842730 <... write resumed> ) = 1
21090 14:41:16.842737 socket(PF_INET, SOCK_STREAM, IPPROTO_TCP) = 5
21090 14:41:16.842753 setsockopt(5, SOL_SOCKET, SO_REUSEADDR, [1], 4) = 0
21090 14:41:16.842767 bind(5, {sa_family=AF_INET, sin_port=htons(41318), sin_addr=inet_addr("127.0.0.1")}, 16) = 0
21090 14:41:16.842783 listen(5, 1)      = 0
21090 14:41:16.842797 write(4, "f\241\0\0", 4) = 4
21090 14:41:16.842808 read(4,  <unfinished ...>
21092 14:41:16.842815 read(5, "f\241\0\0", 4) = 4
21092 14:41:16.842831 write(0, "227 Entering Passive Mode (127,0,0,1,161,102).\r\n", 48) = 48
21092 14:41:16.842983 rt_sigaction(SIGALRM, {0x805cad0, ~[RTMIN RT_1], 0}, NULL, 8) = 0
21092 14:41:16.843011 alarm(300)        = 300
21092 14:41:16.843022 recv(0, "RETR myfile19\r\n", 4096, MSG_PEEK) = 15
21092 14:41:16.843035 read(0, "RETR myfile19\r\n", 15) = 15
21092 14:41:16.843048 write(5, "\v", 1 <unfinished ...>
21090 14:41:16.843056 <... read resumed> "\v", 1) = 1
21092 14:41:16.843061 <... write resumed> ) = 1
21090 14:41:16.843067 write(4, "\1\0\0\0", 4) = 4
21090 14:41:16.843077 read(4,  <unfinished ...>
21092 14:41:16.843084 read(5, "\1\0\0\0", 4) = 4
21092 14:41:16.843096 gettimeofday({1495651276, 843100}, NULL) = 0
21092 14:41:16.843107 getcwd("/home/msfadmin", 4096) = 15
21092 14:41:16.843120 open("myfile19", O_RDONLY|O_NONBLOCK|O_LARGEFILE) = 4
21092 14:41:16.843134 fcntl64(4, F_SETLKW64, {type=F_RDLCK, whence=SEEK_SET, start=0, len=0}, 0xbfe980a4) = 0
21092 14:41:16.843149 fstat64(4, {st_mode=S_IFREG|0644, st_size=17, ...}) = 0
21092 14:41:16.843166 fcntl64(4, F_GETFL) = 0x8800 (flags O_RDONLY|O_NONBLOCK|O_LARGEFILE)
21092 14:41:16.843183 fcntl64(4, F_SETFL, O_RDONLY|O_LARGEFILE) = 0
21092 14:41:16.843195 write(5, "\v", 1 <unfinished ...>
21090 14:41:16.843203 <... read resumed> "\v", 1) = 1
21092 14:41:16.843208 <... write resumed> ) = 1
21090 14:41:16.843214 write(4, "\1\0\0\0", 4) = 4
21090 14:41:16.843224 read(4,  <unfinished ...>
21092 14:41:16.843231 read(5, "\1\0\0\0", 4) = 4
21092 14:41:16.843242 write(5, "\v", 1 <unfinished ...>
21090 14:41:16.843249 <... read resumed> "\v", 1) = 1
21092 14:41:16.843253 <... write resumed> ) = 1
21090 14:41:16.843259 write(4, "\1\0\0\0", 4) = 4
21090 14:41:16.843269 read(4,  <unfinished ...>
21092 14:41:16.843276 read(5, "\1\0\0\0", 4) = 4
21092 14:41:16.843287 write(5, "\r", 1 <unfinished ...>
21090 14:41:16.843294 <... read resumed> "\r", 1) = 1
21092 14:41:16.843298 <... write resumed> ) = 1
21090 14:41:16.843305 select(6, [5], NULL, NULL, {60, 0}) = 1 (in [5], left {60, 0})
21090 14:41:16.843322 accept(5, {sa_family=AF_INET, sin_port=htons(58876), sin_addr=inet_addr("127.0.0.1")}, [16]) = 6
21090 14:41:16.843343 write(4, "\1", 1) = 1
21090 14:41:16.843355 sendmsg(4, {msg_name(0)=NULL, msg_iov(1)=[{"\0", 1}], msg_controllen=16, {cmsg_len=16, cmsg_level=SOL_SOCKET, cmsg_type=SCM_RIGHTS, {6}}, msg_flags=0}, 0) = 1
21090 14:41:16.843372 close(6)          = 0
21090 14:41:16.843381 read(4,  <unfinished ...>
21092 14:41:16.843388 read(5, "\1", 1)  = 1
21092 14:41:16.843401 recvmsg(5, {msg_name(0)=NULL, msg_iov(1)=[{"\0", 1}], msg_controllen=16, {cmsg_len=16, cmsg_level=SOL_SOCKET, cmsg_type=SCM_RIGHTS, {6}}, msg_flags=0}, 0) = 1
21092 14:41:16.843418 setsockopt(6, SOL_SOCKET, SO_KEEPALIVE, [1], 4) = 0
21092 14:41:16.843431 setsockopt(6, SOL_IP, IP_TOS, [8], 4) = 0
21092 14:41:16.843442 setsockopt(6, SOL_SOCKET, SO_LINGER, {onoff=1, linger=32767}, 8) = 0
21092 14:41:16.843453 rt_sigaction(SIGALRM, {0x805cad0, ~[RTMIN RT_1], 0}, NULL, 8) = 0
21092 14:41:16.843467 alarm(300)        = 300
21092 14:41:16.843480 write(0, "150 Opening BINARY mode data connection for myfile19 (17 bytes).\r\n", 66) = 66
21092 14:41:16.843521 _llseek(4, 0, [0], SEEK_CUR) = 0
21092 14:41:16.843534 fstat64(4, {st_mode=S_IFREG|0644, st_size=17, ...}) = 0
21092 14:41:16.843550 _llseek(4, 0, [0], SEEK_SET) = 0
21092 14:41:16.843561 sendfile(6, 4, NULL, 17) = 17
21092 14:41:16.843591 rt_sigaction(SIGALRM, {0x805cad0, ~[RTMIN RT_1], 0}, NULL, 8) = 0
21092 14:41:16.843605 alarm(300)        = 300
21092 14:41:16.843614 close(6)          = 0
21092 14:41:16.843650 alarm(0)          = 300
21092 14:41:16.843661 gettimeofday({1495651276, 843664}, NULL) = 0
21092 14:41:16.843676 gettimeofday({1495651276, 843680}, NULL) = 0
21092 14:41:16.843690 fcntl64(3, F_SETLKW64, {type=F_WRLCK, whence=SEEK_SET, start=0, len=0}, 0xbfe98044) = 0
21092 14:41:16.843704 write(3, "Wed May 24 14:41:16 2017 [pid 21092] [msfadmin] OK DOWNLOAD: Client \"127.0.0.1\", \"/home/msfadmin/myfile19\", 17 bytes, 28.62Kbyte/sec\n", 133) = 133
21092 14:41:16.843725 fcntl64(3, F_SETLK64, {type=F_UNLCK, whence=SEEK_SET, start=0, len=0}, 0xbfe9804c) = 0
21092 14:41:16.843739 write(0, "226 Transfer complete.\r\n", 24) = 24
21092 14:41:16.843803 write(5, "\n", 1 <unfinished ...>
21090 14:41:16.843813 <... read resumed> "\n", 1) = 1
21092 14:41:16.843818 <... write resumed> ) = 1
21090 14:41:16.843824 close(5)          = 0
21090 14:41:16.843836 write(4, "\1", 1) = 1
21090 14:41:16.843846 read(4,  <unfinished ...>
21092 14:41:16.843853 read(5, "\1", 1)  = 1
21092 14:41:16.843864 close(4)          = 0
21092 14:41:16.843875 rt_sigaction(SIGALRM, {0x805cad0, ~[RTMIN RT_1], 0}, NULL, 8) = 0
21092 14:41:16.843888 alarm(300)        = 0
21092 14:41:16.843899 recv(0,  <unfinished ...>
21095 14:41:17.081168 <... recv resumed> "TYPE I\r\n", 4096, MSG_PEEK) = 8
21095 14:41:17.081199 read(0, "TYPE I\r\n", 8) = 8
21095 14:41:17.081221 write(0, "200 Switching to Binary mode.\r\n", 31) = 31
21095 14:41:17.081270 rt_sigaction(SIGALRM, {0x805cad0, ~[RTMIN RT_1], 0}, NULL, 8) = 0
21095 14:41:17.081288 alarm(300)        = 299
21095 14:41:17.081300 recv(0, "PASV\r\n", 4096, MSG_PEEK) = 6
21095 14:41:17.081312 read(0, "PASV\r\n", 6) = 6
21095 14:41:17.081333 write(5, "\n", 1) = 1
21095 14:41:17.081347 read(5,  <unfinished ...>
21093 14:41:17.081356 <... read resumed> "\n", 1) = 1
21093 14:41:17.081365 write(4, "\1", 1) = 1
21095 14:41:17.081376 <... read resumed> "\1", 1) = 1
21095 14:41:17.081383 write(5, "\f", 1) = 1
21095 14:41:17.081393 read(5,  <unfinished ...>
21093 14:41:17.081400 read(4, "\f", 1)  = 1
21093 14:41:17.081412 socket(PF_INET, SOCK_STREAM, IPPROTO_TCP) = 5
21093 14:41:17.081429 setsockopt(5, SOL_SOCKET, SO_REUSEADDR, [1], 4) = 0
21093 14:41:17.081445 bind(5, {sa_family=AF_INET, sin_port=htons(52637), sin_addr=inet_addr("127.0.0.1")}, 16) = 0
21093 14:41:17.081462 listen(5, 1)      = 0
21093 14:41:17.081476 write(4, "\235\315\0\0", 4) = 4
21095 14:41:17.081488 <... read resumed> "\235\315\0\0", 4) = 4
21095 14:41:17.081499 write(0, "227 Entering Passive Mode (127,0,0,1,205,157).\r\n", 48) = 48
21095 14:41:17.081610 rt_sigaction(SIGALRM, {0x805cad0, ~[RTMIN RT_1], 0}, NULL, 8) = 0
21095 14:41:17.081627 alarm(300)        = 300
21095 14:41:17.081638 recv(0, "STOR myfile1\r\n", 4096, MSG_PEEK) = 14
21095 14:41:17.081650 read(0, "STOR myfile1\r\n", 14) = 14
21095 14:41:17.081664 write(5, "\v", 1) = 1
21095 14:41:17.081674 read(5,  <unfinished ...>
21093 14:41:17.081704 read(4, "\v", 1)  = 1
21093 14:41:17.081729 write(4, "\1\0\0\0", 4) = 4
21095 14:41:17.081740 <... read resumed> "\1\0\0\0", 4) = 4
21095 14:41:17.081748 gettimeofday({1495651277, 81752}, NULL) = 0
21095 14:41:17.081759 getcwd("/home/msfadmin", 4096) = 15
21095 14:41:17.081772 open("myfile1", O_WRONLY|O_CREAT|O_NONBLOCK|O_LARGEFILE, 0666) = 4
21095 14:41:17.081786 fstat64(4, {st_mode=S_IFREG|0644, st_size=17, ...}) = 0
21095 14:41:17.081804 fcntl64(4, F_GETFL) = 0x8801 (flags O_WRONLY|O_NONBLOCK|O_LARGEFILE)
21095 14:41:17.081815 fcntl64(4, F_SETFL, O_WRONLY|O_LARGEFILE) = 0
21095 14:41:17.081825 fcntl64(4, F_SETLKW64, {type=F_WRLCK, whence=SEEK_SET, start=0, len=0}, 0xbfa96484) = 0
21095 14:41:17.081840 ftruncate64(4, 0) = 0
21095 14:41:17.081859 _llseek(4, 0, [0], SEEK_SET) = 0
21095 14:41:17.081870 write(5, "\v", 1) = 1
21095 14:41:17.081880 read(5,  <unfinished ...>
21093 14:41:17.081887 read(4, "\v", 1)  = 1
21093 14:41:17.081931 write(4, "\1\0\0\0", 4) = 4
21095 14:41:17.081950 <... read resumed> "\1\0\0\0", 4) = 4
21095 14:41:17.081971 write(5, "\v", 1) = 1
21095 14:41:17.081981 read(5,  <unfinished ...>
21093 14:41:17.081988 read(4, "\v", 1)  = 1
21093 14:41:17.081999 write(4, "\1\0\0\0", 4) = 4
21095 14:41:17.082009 <... read resumed> "\1\0\0\0", 4) = 4
21095 14:41:17.082017 write(5, "\r", 1) = 1
21095 14:41:17.082026 read(5,  <unfinished ...>
21093 14:41:17.082033 read(4, "\r", 1)  = 1
21093 14:41:17.082045 select(6, [5], NULL, NULL, {60, 0}) = 1 (in [5], left {60, 0})
21093 14:41:17.082062 accept(5, {sa_family=AF_INET, sin_port=htons(36485), sin_addr=inet_addr("127.0.0.1")}, [16]) = 6
21093 14:41:17.082085 write(4, "\1", 1) = 1
21095 14:41:17.082096 <... read resumed> "\1", 1) = 1
21095 14:41:17.082104 recvmsg(5,  <unfinished ...>
21093 14:41:17.082112 sendmsg(4, {msg_name(0)=NULL, msg_iov(1)=[{"\0", 1}], msg_controllen=16, {cmsg_len=16, cmsg_level=SOL_SOCKET, cmsg_type=SCM_RIGHTS, {6}}, msg_flags=0}, 0) = 1
21095 14:41:17.082130 <... recvmsg resumed> {msg_name(0)=NULL, msg_iov(1)=[{"\0", 1}], msg_controllen=16, {cmsg_len=16, cmsg_level=SOL_SOCKET, cmsg_type=SCM_RIGHTS, {6}}, msg_flags=0}, 0) = 1
21095 14:41:17.082143 setsockopt(6, SOL_SOCKET, SO_KEEPALIVE, [1], 4) = 0
21095 14:41:17.082155 setsockopt(6, SOL_IP, IP_TOS, [8], 4) = 0
21095 14:41:17.082167 setsockopt(6, SOL_SOCKET, SO_LINGER, {onoff=1, linger=32767}, 8) = 0
21095 14:41:17.082178 rt_sigaction(SIGALRM, {0x805cad0, ~[RTMIN RT_1], 0}, NULL, 8) = 0
21095 14:41:17.082192 alarm(300)        = 300
21095 14:41:17.082205 write(0, "150 Ok to send data.\r\n", 22) = 22
21095 14:41:17.082279 read(6, "assasaaa\na\na\na\na\n", 65536) = 17
21095 14:41:17.082293 write(4, "assasaaa\na\na\na\na\n", 17) = 17
21095 14:41:17.082311 read(6, "", 65536) = 0
21095 14:41:17.082321 rt_sigaction(SIGALRM, {0x805cad0, ~[RTMIN RT_1], 0}, NULL, 8) = 0
21095 14:41:17.082338 alarm(300)        = 300
21095 14:41:17.082348 close(6)          = 0
21095 14:41:17.082357 alarm(0)          = 300
21095 14:41:17.082367 gettimeofday({1495651277, 82370}, NULL) = 0
21095 14:41:17.082382 gettimeofday({1495651277, 82386}, NULL) = 0
21095 14:41:17.082396 fcntl64(3, F_SETLKW64, {type=F_WRLCK, whence=SEEK_SET, start=0, len=0}, 0xbfa96424) = 0
21095 14:41:17.082411 write(3, "Wed May 24 14:41:17 2017 [pid 21095] [msfadmin] OK UPLOAD: Client \"127.0.0.1\", \"/home/msfadmin/myfile1\", 17 bytes, 26.19Kbyte/sec\n", 130) = 130
21095 14:41:17.082432 fcntl64(3, F_SETLK64, {type=F_UNLCK, whence=SEEK_SET, start=0, len=0}, 0xbfa9642c) = 0
21095 14:41:17.082446 write(0, "226 Transfer complete.\r\n", 24) = 24
21095 14:41:17.082523 write(5, "\n", 1) = 1
21095 14:41:17.082536 read(5,  <unfinished ...>
21093 14:41:17.082543 close(6)          = 0
21093 14:41:17.082562 read(4, "\n", 1)  = 1
21093 14:41:17.082574 close(5)          = 0
21093 14:41:17.082585 write(4, "\1", 1) = 1
21095 14:41:17.082596 <... read resumed> "\1", 1) = 1
21095 14:41:17.082603 close(4)          = 0
21095 14:41:17.082613 rt_sigaction(SIGALRM, {0x805cad0, ~[RTMIN RT_1], 0}, NULL, 8) = 0
21095 14:41:17.082627 alarm(300)        = 0
21095 14:41:17.082637 recv(0,  <unfinished ...>
21093 14:41:17.082645 read(4,  <unfinished ...>
21092 14:41:17.351768 <... recv resumed> "USER msfadmin\r\n", 4096, MSG_PEEK) = 15
21092 14:41:17.351895 read(0, "USER msfadmin\r\n", 15) = 15
21092 14:41:17.352002 write(0, "331 Any password will do.\r\n", 27) = 27
21092 14:41:17.352097 rt_sigaction(SIGALRM, {0x805cad0, ~[RTMIN RT_1], 0}, NULL, 8) = 0
21092 14:41:17.352131 alarm(300)        = 299
21092 14:41:17.352156 recv(0, "PASS msfadmin\r\n", 4096, MSG_PEEK) = 15
21092 14:41:17.352173 read(0, "PASS msfadmin\r\n", 15) = 15
21092 14:41:17.352189 write(0, "230 Already logged in.\r\n", 24) = 24
21092 14:41:17.352253 rt_sigaction(SIGALRM, {0x805cad0, ~[RTMIN RT_1], 0}, NULL, 8) = 0
21092 14:41:17.352297 alarm(300)        = 300
21092 14:41:17.352313 recv(0, "TYPE I\r\n", 4096, MSG_PEEK) = 8
21092 14:41:17.352325 read(0, "TYPE I\r\n", 8) = 8
21092 14:41:17.352349 write(0, "200 Switching to Binary mode.\r\n", 31) = 31
21092 14:41:17.352388 rt_sigaction(SIGALRM, {0x805cad0, ~[RTMIN RT_1], 0}, NULL, 8) = 0
21092 14:41:17.352403 alarm(300)        = 300
21092 14:41:17.352414 recv(0, "PASV\r\n", 4096, MSG_PEEK) = 6
21092 14:41:17.352425 read(0, "PASV\r\n", 6) = 6
21092 14:41:17.352436 write(5, "\n", 1 <unfinished ...>
21090 14:41:17.352447 <... read resumed> "\n", 1) = 1
21092 14:41:17.352452 <... write resumed> ) = 1
21090 14:41:17.352459 write(4, "\1", 1) = 1
21090 14:41:17.352470 read(4,  <unfinished ...>
21092 14:41:17.352477 read(5, "\1", 1)  = 1
21092 14:41:17.352488 write(5, "\f", 1 <unfinished ...>
21090 14:41:17.352495 <... read resumed> "\f", 1) = 1
21092 14:41:17.352500 <... write resumed> ) = 1
21090 14:41:17.352507 socket(PF_INET, SOCK_STREAM, IPPROTO_TCP) = 5
21090 14:41:17.352523 setsockopt(5, SOL_SOCKET, SO_REUSEADDR, [1], 4) = 0
21090 14:41:17.352537 bind(5, {sa_family=AF_INET, sin_port=htons(46276), sin_addr=inet_addr("127.0.0.1")}, 16) = 0
21090 14:41:17.352554 listen(5, 1)      = 0
21090 14:41:17.352567 write(4, "\304\264\0\0", 4) = 4
21090 14:41:17.352578 read(4,  <unfinished ...>
21092 14:41:17.352585 read(5, "\304\264\0\0", 4) = 4
21092 14:41:17.352601 write(0, "227 Entering Passive Mode (127,0,0,1,180,196).\r\n", 48) = 48
21092 14:41:17.352710 rt_sigaction(SIGALRM, {0x805cad0, ~[RTMIN RT_1], 0}, NULL, 8) = 0
21092 14:41:17.352727 alarm(300)        = 300
21092 14:41:17.352738 recv(0, "RETR myfile20\r\n", 4096, MSG_PEEK) = 15
21092 14:41:17.352750 read(0, "RETR myfile20\r\n", 15) = 15
21092 14:41:17.352763 write(5, "\v", 1 <unfinished ...>
21090 14:41:17.352799 <... read resumed> "\v", 1) = 1
21092 14:41:17.352807 <... write resumed> ) = 1
21090 14:41:17.352813 write(4, "\1\0\0\0", 4) = 4
21090 14:41:17.352834 read(4,  <unfinished ...>
21092 14:41:17.352841 read(5, "\1\0\0\0", 4) = 4
21092 14:41:17.352853 gettimeofday({1495651277, 352864}, NULL) = 0
21092 14:41:17.352871 getcwd("/home/msfadmin", 4096) = 15
21092 14:41:17.352884 open("myfile20", O_RDONLY|O_NONBLOCK|O_LARGEFILE) = 4
21092 14:41:17.352898 fcntl64(4, F_SETLKW64, {type=F_RDLCK, whence=SEEK_SET, start=0, len=0}, 0xbfe980a4) = 0
21092 14:41:17.352913 fstat64(4, {st_mode=S_IFREG|0644, st_size=17, ...}) = 0
21092 14:41:17.352930 fcntl64(4, F_GETFL) = 0x8800 (flags O_RDONLY|O_NONBLOCK|O_LARGEFILE)
21092 14:41:17.352940 fcntl64(4, F_SETFL, O_RDONLY|O_LARGEFILE) = 0
21092 14:41:17.352952 write(5, "\v", 1 <unfinished ...>
21090 14:41:17.352959 <... read resumed> "\v", 1) = 1
21092 14:41:17.352964 <... write resumed> ) = 1
21090 14:41:17.352970 write(4, "\1\0\0\0", 4) = 4
21090 14:41:17.352981 read(4,  <unfinished ...>
21092 14:41:17.352988 read(5, "\1\0\0\0", 4) = 4
21092 14:41:17.352999 write(5, "\v", 1 <unfinished ...>
21090 14:41:17.353006 <... read resumed> "\v", 1) = 1
21092 14:41:17.353010 <... write resumed> ) = 1
21090 14:41:17.353016 write(4, "\1\0\0\0", 4) = 4
21090 14:41:17.353027 read(4,  <unfinished ...>
21092 14:41:17.353033 read(5, "\1\0\0\0", 4) = 4
21092 14:41:17.353044 write(5, "\r", 1 <unfinished ...>
21090 14:41:17.353051 <... read resumed> "\r", 1) = 1
21092 14:41:17.353056 <... write resumed> ) = 1
21090 14:41:17.353063 select(6, [5], NULL, NULL, {60, 0}) = 1 (in [5], left {60, 0})
21090 14:41:17.353079 accept(5, {sa_family=AF_INET, sin_port=htons(47859), sin_addr=inet_addr("127.0.0.1")}, [16]) = 6
21090 14:41:17.353101 write(4, "\1", 1) = 1
21090 14:41:17.353113 sendmsg(4, {msg_name(0)=NULL, msg_iov(1)=[{"\0", 1}], msg_controllen=16, {cmsg_len=16, cmsg_level=SOL_SOCKET, cmsg_type=SCM_RIGHTS, {6}}, msg_flags=0}, 0) = 1
21090 14:41:17.353129 close(6)          = 0
21090 14:41:17.353139 read(4,  <unfinished ...>
21092 14:41:17.353146 read(5, "\1", 1)  = 1
21092 14:41:17.353158 recvmsg(5, {msg_name(0)=NULL, msg_iov(1)=[{"\0", 1}], msg_controllen=16, {cmsg_len=16, cmsg_level=SOL_SOCKET, cmsg_type=SCM_RIGHTS, {6}}, msg_flags=0}, 0) = 1
21092 14:41:17.353176 setsockopt(6, SOL_SOCKET, SO_KEEPALIVE, [1], 4) = 0
21092 14:41:17.353188 setsockopt(6, SOL_IP, IP_TOS, [8], 4) = 0
21092 14:41:17.353200 setsockopt(6, SOL_SOCKET, SO_LINGER, {onoff=1, linger=32767}, 8) = 0
21092 14:41:17.353210 rt_sigaction(SIGALRM, {0x805cad0, ~[RTMIN RT_1], 0}, NULL, 8) = 0
21092 14:41:17.353224 alarm(300)        = 300
21092 14:41:17.353237 write(0, "150 Opening BINARY mode data connection for myfile20 (17 bytes).\r\n", 66) = 66
21092 14:41:17.353304 _llseek(4, 0, [0], SEEK_CUR) = 0
21092 14:41:17.353327 fstat64(4, {st_mode=S_IFREG|0644, st_size=17, ...}) = 0
21092 14:41:17.353344 _llseek(4, 0, [0], SEEK_SET) = 0
21092 14:41:17.353354 sendfile(6, 4, NULL, 17) = 17
21092 14:41:17.353385 rt_sigaction(SIGALRM, {0x805cad0, ~[RTMIN RT_1], 0}, NULL, 8) = 0
21092 14:41:17.353399 alarm(300)        = 300
21092 14:41:17.353409 close(6)          = 0
21092 14:41:17.353445 alarm(0)          = 300
21092 14:41:17.353455 gettimeofday({1495651277, 353459}, NULL) = 0
21092 14:41:17.353471 gettimeofday({1495651277, 353475}, NULL) = 0
21092 14:41:17.353485 fcntl64(3, F_SETLKW64, {type=F_WRLCK, whence=SEEK_SET, start=0, len=0}, 0xbfe98044) = 0
21092 14:41:17.353500 write(3, "Wed May 24 14:41:17 2017 [pid 21092] [msfadmin] OK DOWNLOAD: Client \"127.0.0.1\", \"/home/msfadmin/myfile20\", 17 bytes, 27.17Kbyte/sec\n", 133) = 133
21092 14:41:17.353521 fcntl64(3, F_SETLK64, {type=F_UNLCK, whence=SEEK_SET, start=0, len=0}, 0xbfe9804c) = 0
21092 14:41:17.353535 write(0, "226 Transfer complete.\r\n", 24) = 24
21092 14:41:17.353600 write(5, "\n", 1 <unfinished ...>
21090 14:41:17.353610 <... read resumed> "\n", 1) = 1
21092 14:41:17.353615 <... write resumed> ) = 1
21090 14:41:17.353621 close(5)          = 0
21090 14:41:17.353633 write(4, "\1", 1) = 1
21090 14:41:17.353644 read(4,  <unfinished ...>
21092 14:41:17.353651 read(5, "\1", 1)  = 1
21092 14:41:17.353661 close(4)          = 0
21092 14:41:17.353672 rt_sigaction(SIGALRM, {0x805cad0, ~[RTMIN RT_1], 0}, NULL, 8) = 0
21092 14:41:17.353686 alarm(300)        = 0
21092 14:41:17.353699 recv(0,  <unfinished ...>
21095 14:41:17.621989 <... recv resumed> "TYPE I\r\n", 4096, MSG_PEEK) = 8
21095 14:41:17.622183 read(0, "TYPE I\r\n", 8) = 8
21095 14:41:17.622355 write(0, "200 Switching to Binary mode.\r\n", 31) = 31
21095 14:41:17.622485 rt_sigaction(SIGALRM, {0x805cad0, ~[RTMIN RT_1], 0}, NULL, 8) = 0
21095 14:41:17.622525 alarm(300)        = 299
21095 14:41:17.622554 recv(0, "PASV\r\n", 4096, MSG_PEEK) = 6
21095 14:41:17.622576 read(0, "PASV\r\n", 6) = 6
21095 14:41:17.622591 write(5, "\n", 1) = 1
21095 14:41:17.622604 read(5,  <unfinished ...>
21093 14:41:17.622612 <... read resumed> "\n", 1) = 1
21093 14:41:17.622621 write(4, "\1", 1) = 1
21095 14:41:17.622632 <... read resumed> "\1", 1) = 1
21095 14:41:17.622639 write(5, "\f", 1) = 1
21095 14:41:17.622649 read(5,  <unfinished ...>
21093 14:41:17.622656 read(4, "\f", 1)  = 1
21093 14:41:17.622668 socket(PF_INET, SOCK_STREAM, IPPROTO_TCP) = 5
21093 14:41:17.622683 setsockopt(5, SOL_SOCKET, SO_REUSEADDR, [1], 4) = 0
21093 14:41:17.622698 bind(5, {sa_family=AF_INET, sin_port=htons(48908), sin_addr=inet_addr("127.0.0.1")}, 16) = 0
21093 14:41:17.622714 listen(5, 1)      = 0
21093 14:41:17.622728 write(4, "\f\277\0\0", 4) = 4
21095 14:41:17.622739 <... read resumed> "\f\277\0\0", 4) = 4
21095 14:41:17.622750 write(0, "227 Entering Passive Mode (127,0,0,1,191,12).\r\n", 47) = 47
21095 14:41:17.622863 rt_sigaction(SIGALRM, {0x805cad0, ~[RTMIN RT_1], 0}, NULL, 8) = 0
21095 14:41:17.622880 alarm(300)        = 300
21095 14:41:17.622891 recv(0, "STOR myfile2\r\n", 4096, MSG_PEEK) = 14
21095 14:41:17.622903 read(0, "STOR myfile2\r\n", 14) = 14
21095 14:41:17.622917 write(5, "\v", 1) = 1
21095 14:41:17.622927 read(5,  <unfinished ...>
21093 14:41:17.622934 read(4, "\v", 1)  = 1
21093 14:41:17.622946 write(4, "\1\0\0\0", 4) = 4
21095 14:41:17.622956 <... read resumed> "\1\0\0\0", 4) = 4
21095 14:41:17.622964 gettimeofday({1495651277, 622968}, NULL) = 0
21095 14:41:17.622975 getcwd("/home/msfadmin", 4096) = 15
21095 14:41:17.622988 open("myfile2", O_WRONLY|O_CREAT|O_NONBLOCK|O_LARGEFILE, 0666) = 4
