19548 14:25:30.795405 read(6, "#\n# /etc/pam.d/common-password - password-related modules common to all services\n#\n# This file is included from other service-specific PAM config files,\n# and should contain a list of modules that define the services to be\n# used to change user passwords.  The default is pam_unix.\n\n# Explanation of pam_unix options:\n#\n# The \"nullok\" option allows users to change an empty password, else\n# empty passwords are treated as locked accounts.\n#\n# The \"md5\" option enables MD5 passwords.  Without this option, the\n# default is Unix crypt.\n#\n# The \"obscure\" option replaces the old `OBSCURE_CHECKS_ENAB\' option in\n# login.defs.\n#\n# You can also use the \"min\" option to enforce the length of the new\n# password.\n#\n# See the pam_unix manpage for other options.\n\npassword   requisite   pam_unix.so nullok obscure md5\n\n# Alternate strength checking for password. Note that this\n# requires the libpam-cracklib package to be installed.\n# You will need to comment out the password line above and\n# uncomment the next two in order to use this.\n# (Replaces the `OBSCURE_CHECKS_ENAB\', `CRACKLIB_DICTPATH\')\n#\n# password required\t  pam_cracklib.so retry=3 minlen=6 difok=3\n# password required\t  pam_unix.so use_authtok nullok md5\n\n# minimally-intrusive inclusion of smbpass in the stack for\n# synchronization.  If the module is absent or the passwords don\'t\n# match, this module will be ignored without prompting; and if the \n# passwords do match, the NTLM hash for the user will be updated\n# automatically.\n# password   optional   pam_smbpass.so nullok use_authtok use_first_pass\n", 4096) = 1563
19548 14:25:30.795527 read(6, "", 4096) = 0
19548 14:25:30.795538 close(6)          = 0
19548 14:25:30.795548 munmap(0xb7eea000, 4096) = 0
19548 14:25:30.795559 stat64("/etc/pam.d", {st_mode=S_IFDIR|0755, st_size=4096, ...}) = 0
19548 14:25:30.795578 open("/etc/pam.d/common-session", O_RDONLY|O_LARGEFILE) = 6
19548 14:25:30.795636 fstat64(6, {st_mode=S_IFREG|0644, st_size=372, ...}) = 0
19548 14:25:30.795659 mmap2(NULL, 4096, PROT_READ|PROT_WRITE, MAP_PRIVATE|MAP_ANONYMOUS, -1, 0) = 0xb7eea000
19548 14:25:30.795672 read(6, "#\n# /etc/pam.d/common-session - session-related modules common to all services\n#\n# This file is included from other service-specific PAM config files,\n# and should contain a list of modules that define tasks to be performed\n# at the start and end of sessions of *any* kind (both interactive and\n# non-interactive).  The default is pam_unix.\n#\nsession\trequired\tpam_unix.so\n", 4096) = 372
19548 14:25:30.795716 read(6, "", 4096) = 0
19548 14:25:30.795727 close(6)          = 0
19548 14:25:30.795738 munmap(0xb7eea000, 4096) = 0
19548 14:25:30.795750 read(5, "", 4096) = 0
19548 14:25:30.795760 close(5)          = 0
19548 14:25:30.795769 munmap(0xb7ef0000, 4096) = 0
19548 14:25:30.795784 time(NULL)        = 1495650330
19548 14:25:30.795797 lstat64("/etc/ftpusers", {st_mode=S_IFREG|0644, st_size=132, ...}) = 0
19548 14:25:30.795817 open("/etc/ftpusers", O_RDONLY|O_LARGEFILE) = 5
19548 14:25:30.795830 fstat64(5, {st_mode=S_IFREG|0644, st_size=132, ...}) = 0
19548 14:25:30.795847 mmap2(NULL, 4096, PROT_READ|PROT_WRITE, MAP_PRIVATE|MAP_ANONYMOUS, -1, 0) = 0xb7ef0000
19548 14:25:30.795858 read(5, "# /etc/ftpusers: list of users disallowed FTP access. See ftpusers(5).\n\nroot\ndaemon\nbin\nsys\nsync\ngames\nman\nlp\nmail\nnews\nuucp\nnobody\n", 4096) = 132
19548 14:25:30.795880 read(5, "", 4096) = 0
19548 14:25:30.795890 close(5)          = 0
19548 14:25:30.795899 munmap(0xb7ef0000, 4096) = 0
19548 14:25:30.795916 getuid32()        = 0
19548 14:25:30.795934 open("/etc/passwd", O_RDONLY|0x80000 /* O_??? */) = 5
19548 14:25:30.795951 _llseek(5, 0, [0], SEEK_CUR) = 0
19548 14:25:30.795962 fstat64(5, {st_mode=S_IFREG|0644, st_size=1624, ...}) = 0
19548 14:25:30.795979 mmap2(NULL, 1624, PROT_READ, MAP_SHARED, 5, 0) = 0xb7ef0000
19548 14:25:30.795991 _llseek(5, 1624, [1624], SEEK_SET) = 0
19548 14:25:30.796011 munmap(0xb7ef0000, 1624) = 0
19548 14:25:30.796022 close(5)          = 0
19548 14:25:30.796049 open("/etc/shadow", O_RDONLY|0x80000 /* O_??? */) = 5
19548 14:25:30.796072 _llseek(5, 0, [0], SEEK_CUR) = 0
19548 14:25:30.796083 fstat64(5, {st_mode=S_IFREG|0640, st_size=1233, ...}) = 0
19548 14:25:30.796100 mmap2(NULL, 1233, PROT_READ, MAP_SHARED, 5, 0) = 0xb7ef0000
19548 14:25:30.796111 _llseek(5, 1233, [1233], SEEK_SET) = 0
19548 14:25:30.796131 munmap(0xb7ef0000, 1233) = 0
19548 14:25:30.796142 close(5)          = 0
19548 14:25:30.796161 open("/etc/passwd", O_RDONLY|0x80000 /* O_??? */) = 5
19548 14:25:30.796174 _llseek(5, 0, [0], SEEK_CUR) = 0
19548 14:25:30.796185 fstat64(5, {st_mode=S_IFREG|0644, st_size=1624, ...}) = 0
19548 14:25:30.796202 mmap2(NULL, 1624, PROT_READ, MAP_SHARED, 5, 0) = 0xb7ef0000
19548 14:25:30.796212 _llseek(5, 1624, [1624], SEEK_SET) = 0
19548 14:25:30.796229 munmap(0xb7ef0000, 1624) = 0
19548 14:25:30.796239 close(5)          = 0
19548 14:25:30.796251 open("/etc/shadow", O_RDONLY|0x80000 /* O_??? */) = 5
19548 14:25:30.796265 _llseek(5, 0, [0], SEEK_CUR) = 0
19548 14:25:30.796275 fstat64(5, {st_mode=S_IFREG|0640, st_size=1233, ...}) = 0
19548 14:25:30.796291 mmap2(NULL, 1233, PROT_READ, MAP_SHARED, 5, 0) = 0xb7ef0000
19548 14:25:30.796302 _llseek(5, 1233, [1233], SEEK_SET) = 0
19548 14:25:30.796319 munmap(0xb7ef0000, 1233) = 0
19548 14:25:30.796329 close(5)          = 0
19548 14:25:30.796573 getuid32()        = 0
19548 14:25:30.796587 open("/etc/passwd", O_RDONLY|0x80000 /* O_??? */) = 5
19548 14:25:30.796601 _llseek(5, 0, [0], SEEK_CUR) = 0
19548 14:25:30.796612 fstat64(5, {st_mode=S_IFREG|0644, st_size=1624, ...}) = 0
19548 14:25:30.796628 mmap2(NULL, 1624, PROT_READ, MAP_SHARED, 5, 0) = 0xb7ef0000
19548 14:25:30.796639 _llseek(5, 1624, [1624], SEEK_SET) = 0
19548 14:25:30.796656 munmap(0xb7ef0000, 1624) = 0
19548 14:25:30.796666 close(5)          = 0
19548 14:25:30.796679 open("/etc/shadow", O_RDONLY|0x80000 /* O_??? */) = 5
19548 14:25:30.796692 _llseek(5, 0, [0], SEEK_CUR) = 0
19548 14:25:30.796703 fstat64(5, {st_mode=S_IFREG|0640, st_size=1233, ...}) = 0
19548 14:25:30.796719 mmap2(NULL, 1233, PROT_READ, MAP_SHARED, 5, 0) = 0xb7ef0000
19548 14:25:30.796730 _llseek(5, 1233, [1233], SEEK_SET) = 0
19548 14:25:30.796747 munmap(0xb7ef0000, 1233) = 0
19548 14:25:30.796757 close(5)          = 0
19548 14:25:30.796769 time(NULL)        = 1495650330
19548 14:25:30.796785 munmap(0xb7eed000, 12164) = 0
19548 14:25:30.796799 munmap(0xb7eeb000, 7136) = 0
19548 14:25:30.796814 munmap(0xb7d20000, 95428) = 0
19548 14:25:30.796826 munmap(0xb7ce6000, 201052) = 0
19548 14:25:30.796838 munmap(0xb7ccd000, 101180) = 0
19548 14:25:30.796855 gettimeofday({1495650330, 796860}, NULL) = 0
19548 14:25:30.796867 stat64("/usr/share/zoneinfo/UTC+04:00", 0xbfd78ee4) = -1 ENOENT (No such file or directory)
19548 14:25:30.796883 open("/usr/share/zoneinfo/UTC+04:00", O_RDONLY) = -1 ENOENT (No such file or directory)
19548 14:25:30.796913 fcntl64(3, F_SETLKW64, {type=F_WRLCK, whence=SEEK_SET, start=0, len=0}, 0xbfd79034) = 0
19548 14:25:30.796930 write(3, "Wed May 24 14:25:30 2017 [pid 19548] [msfadmin] OK LOGIN: Client \"127.0.0.1\"\n", 77) = 77
19548 14:25:30.796948 fcntl64(3, F_SETLK64, {type=F_UNLCK, whence=SEEK_SET, start=0, len=0}, 0xbfd7903c) = 0
19548 14:25:30.796961 rt_sigaction(SIGCHLD, {0x805cad0, ~[RTMIN RT_1], 0}, NULL, 8) = 0
19548 14:25:30.796976 write(4, "\1", 1 <unfinished ...>
19549 14:25:30.796988 <... read resumed> "\1", 1) = 1
19548 14:25:30.797002 <... write resumed> ) = 1
19549 14:25:30.797014 exit_group(0)     = ?
19548 14:25:30.797056 --- SIGCHLD (Child exited) @ 0 (0) ---
19548 14:25:30.797065 sigreturn()       = ? (mask now [])
19548 14:25:30.797084 wait4(-1, [{WIFEXITED(s) && WEXITSTATUS(s) == 0}], 0, NULL) = 19549
19548 14:25:30.797099 close(4)          = 0
19548 14:25:30.797112 socketpair(PF_FILE, SOCK_STREAM, 0, [4, 5]) = 0
19548 14:25:30.797127 rt_sigaction(SIGCHLD, {0x805cad0, ~[RTMIN RT_1], 0}, NULL, 8) = 0
19548 14:25:30.797142 rt_sigaction(SIGALRM, {0x805cb10, ~[RTMIN RT_1], 0}, NULL, 8) = 0
19548 14:25:30.797156 clone(child_stack=0, flags=CLONE_CHILD_CLEARTID|CLONE_CHILD_SETTID|SIGCHLD, child_tidptr=0xb7d566f8) = 19551
19551 14:25:30.797221 prctl(0x1, 0x9, 0, 0, 0) = 0
19551 14:25:30.797235 close(4)          = 0
19551 14:25:30.797264 open("/etc/passwd", O_RDONLY|0x80000 /* O_??? */) = 4
19551 14:25:30.797282 _llseek(4, 0, [0], SEEK_CUR) = 0
19551 14:25:30.797297 fstat64(4, {st_mode=S_IFREG|0644, st_size=1624, ...}) = 0
19551 14:25:30.797317 mmap2(NULL, 1624, PROT_READ, MAP_SHARED, 4, 0) = 0xb7ef0000
19551 14:25:30.797329 _llseek(4, 1624, [1624], SEEK_SET) = 0
19551 14:25:30.797353 munmap(0xb7ef0000, 1624) = 0
19551 14:25:30.797364 close(4)          = 0
19551 14:25:30.797378 getuid32()        = 0
19551 14:25:30.797389 open("/etc/passwd", O_RDONLY|0x80000 /* O_??? */) = 4
19551 14:25:30.797402 _llseek(4, 0, [0], SEEK_CUR) = 0
19551 14:25:30.797413 fstat64(4, {st_mode=S_IFREG|0644, st_size=1624, ...}) = 0
19551 14:25:30.797430 mmap2(NULL, 1624, PROT_READ, MAP_SHARED, 4, 0) = 0xb7ef0000
19551 14:25:30.797441 _llseek(4, 1624, [1624], SEEK_SET) = 0
19551 14:25:30.797457 munmap(0xb7ef0000, 1624) = 0
19551 14:25:30.797467 close(4)          = 0
19551 14:25:30.797495 open("/proc/sys/kernel/ngroups_max", O_RDONLY) = 4
19551 14:25:30.797639 read(4, "65536\n", 31) = 6
19551 14:25:30.797655 close(4)          = 0
19551 14:25:30.797671 socket(PF_FILE, SOCK_STREAM, 0) = 4
19551 14:25:30.797684 fcntl64(4, F_SETFL, O_RDWR|O_NONBLOCK) = 0
19551 14:25:30.797695 connect(4, {sa_family=AF_FILE, path="/var/run/nscd/socket"}, 110) = -1 ENOENT (No such file or directory)
19551 14:25:30.797719 close(4)          = 0
19551 14:25:30.797731 socket(PF_FILE, SOCK_STREAM, 0) = 4
19551 14:25:30.797741 fcntl64(4, F_SETFL, O_RDWR|O_NONBLOCK) = 0
19551 14:25:30.797752 connect(4, {sa_family=AF_FILE, path="/var/run/nscd/socket"}, 110) = -1 ENOENT (No such file or directory)
19551 14:25:30.797771 close(4)          = 0
19551 14:25:30.797797 open("/etc/group", O_RDONLY|0x80000 /* O_??? */) = 4
19551 14:25:30.797812 _llseek(4, 0, [0], SEEK_CUR) = 0
19551 14:25:30.797824 fstat64(4, {st_mode=S_IFREG|0644, st_size=886, ...}) = 0
19551 14:25:30.797841 mmap2(NULL, 886, PROT_READ, MAP_SHARED, 4, 0) = 0xb7ef0000
19551 14:25:30.797852 _llseek(4, 886, [886], SEEK_SET) = 0
19551 14:25:30.797878 fstat64(4, {st_mode=S_IFREG|0644, st_size=886, ...}) = 0
19551 14:25:30.797896 munmap(0xb7ef0000, 886) = 0
19551 14:25:30.797907 close(4)          = 0
19551 14:25:30.797917 setgroups32(13, [1000, 4, 20, 24, 25, 29, 30, 44, 46, 107, 111, 112, 119]) = 0
19551 14:25:30.797935 geteuid32()       = 0
19551 14:25:30.797947 getegid32()       = 0
19551 14:25:30.797958 setregid32(-1, 1000) = 0
19551 14:25:30.797969 setreuid32(-1, 1000) = 0
19551 14:25:30.797981 chdir("/home/msfadmin") = 0
19551 14:25:30.797994 setreuid32(-1, 0) = 0
19551 14:25:30.798003 setregid32(-1, 0) = 0
19551 14:25:30.798014 setgid32(1000)    = 0
19551 14:25:30.798025 setuid32(1000)    = 0
19551 14:25:30.798036 setrlimit(RLIMIT_NPROC, {rlim_cur=0, rlim_max=0}) = 0
19551 14:25:30.798050 mmap2(NULL, 12288, PROT_READ|PROT_WRITE, MAP_PRIVATE|MAP_ANONYMOUS, -1, 0) = 0xb7eee000
19551 14:25:30.798062 mprotect(0xb7ef0000, 4096, PROT_NONE) = 0
19551 14:25:30.798074 mprotect(0xb7eee000, 4096, PROT_NONE) = 0
19551 14:25:30.798086 getcwd("/home/msfadmin", 4096) = 15
19551 14:25:30.798100 umask(022)        = 077
19551 14:25:30.798110 getcwd("/home/msfadmin", 4096) = 15
19551 14:25:30.798125 open(".message", O_RDONLY|O_NONBLOCK|O_LARGEFILE) = -1 ENOENT (No such file or directory)
19551 14:25:30.798149 write(0, "230 Login successful.\r\n", 23) = 23
19551 14:25:30.798261 rt_sigaction(SIGALRM, {0x805cad0, ~[RTMIN RT_1], 0}, NULL, 8) = 0
19551 14:25:30.798280 alarm(300)        = 0
19551 14:25:30.798292 mmap2(NULL, 12288, PROT_READ|PROT_WRITE, MAP_PRIVATE|MAP_ANONYMOUS, -1, 0) = 0xb7eeb000
19551 14:25:30.798304 mprotect(0xb7eed000, 4096, PROT_NONE) = 0
19551 14:25:30.798315 mprotect(0xb7eeb000, 4096, PROT_NONE) = 0
19551 14:25:30.798329 recv(0, "TYPE I\r\n", 4096, MSG_PEEK) = 8
19551 14:25:30.798343 read(0, "TYPE I\r\n", 8) = 8
19551 14:25:30.798360 write(0, "200 Switching to Binary mode.\r\n", 31) = 31
19551 14:25:30.798402 rt_sigaction(SIGALRM, {0x805cad0, ~[RTMIN RT_1], 0}, NULL, 8) = 0
19551 14:25:30.798422 alarm(300)        = 300
19551 14:25:30.798434 recv(0, "PASV\r\n", 4096, MSG_PEEK) = 6
19551 14:25:30.798446 read(0, "PASV\r\n", 6) = 6
19551 14:25:30.798458 write(5, "\n", 1) = 1
19551 14:25:30.798470 read(5,  <unfinished ...>
19548 14:25:30.798485 close(5)          = 0
19548 14:25:30.798498 getuid32()        = 0
19548 14:25:30.798514 open("/etc/passwd", O_RDONLY|0x80000 /* O_??? */) = 5
19548 14:25:30.798529 _llseek(5, 0, [0], SEEK_CUR) = 0
19548 14:25:30.798542 fstat64(5, {st_mode=S_IFREG|0644, st_size=1624, ...}) = 0
19548 14:25:30.798560 mmap2(NULL, 1624, PROT_READ, MAP_SHARED, 5, 0) = 0xb7ef0000
19548 14:25:30.798572 _llseek(5, 1624, [1624], SEEK_SET) = 0
19548 14:25:30.798590 munmap(0xb7ef0000, 1624) = 0
19548 14:25:30.798603 close(5)          = 0
19548 14:25:30.798656 setgroups32(0, []) = 0
19548 14:25:30.798668 chdir("/usr/share/empty") = 0
19548 14:25:30.798682 chroot(".")       = 0
19548 14:25:30.798693 capset(NULL, NULL) = -1 EFAULT (Bad address)
19548 14:25:30.798708 prctl(0x8, 0, 0xbfd79018, 0x80549a6, 0xbfd79000) = 0
19548 14:25:30.798722 prctl(0x8, 0x1, 0xbfd79018, 0x8054a49, 0xbfd79000) = 0
19548 14:25:30.798734 setgid32(65534)   = 0
19548 14:25:30.798744 setuid32(65534)   = 0
19548 14:25:30.798754 capset(0x19980330, 0, {CAP_NET_BIND_SERVICE, CAP_NET_BIND_SERVICE, 0}) = 0
19548 14:25:30.798767 read(4, "\n", 1)  = 1
19548 14:25:30.798782 write(4, "\1", 1) = 1
19551 14:25:30.798793 <... read resumed> "\1", 1) = 1
19551 14:25:30.798801 write(5, "\f", 1) = 1
19551 14:25:30.798811 read(5,  <unfinished ...>
19548 14:25:30.798818 read(4, "\f", 1)  = 1
19548 14:25:30.798831 socket(PF_INET, SOCK_STREAM, IPPROTO_TCP) = 5
19548 14:25:30.798846 setsockopt(5, SOL_SOCKET, SO_REUSEADDR, [1], 4) = 0
19548 14:25:30.798858 gettimeofday({1495650330, 798862}, NULL) = 0
19548 14:25:30.798876 bind(5, {sa_family=AF_INET, sin_port=htons(55526), sin_addr=inet_addr("127.0.0.1")}, 16) = 0
19548 14:25:30.798893 listen(5, 1)      = 0
19548 14:25:30.798907 write(4, "\346\330\0\0", 4) = 4
19551 14:25:30.798919 <... read resumed> "\346\330\0\0", 4) = 4
19551 14:25:30.798933 write(0, "227 Entering Passive Mode (127,0,0,1,216,230).\r\n", 48) = 48
19551 14:25:30.799073 rt_sigaction(SIGALRM, {0x805cad0, ~[RTMIN RT_1], 0}, NULL, 8) = 0
19551 14:25:30.799092 alarm(300)        = 300
19551 14:25:30.799105 recv(0, "RETR myfile29\r\n", 4096, MSG_PEEK) = 15
19551 14:25:30.799117 read(0, "RETR myfile29\r\n", 15) = 15
19551 14:25:30.799133 write(5, "\v", 1) = 1
19551 14:25:30.799144 read(5,  <unfinished ...>
19548 14:25:30.799151 read(4, "\v", 1)  = 1
19548 14:25:30.799163 write(4, "\1\0\0\0", 4) = 4
19551 14:25:30.799174 <... read resumed> "\1\0\0\0", 4) = 4
19551 14:25:30.799183 gettimeofday({1495650330, 799187}, NULL) = 0
19551 14:25:30.799194 getcwd("/home/msfadmin", 4096) = 15
19551 14:25:30.799207 open("myfile29", O_RDONLY|O_NONBLOCK|O_LARGEFILE) = 4
19551 14:25:30.799220 fcntl64(4, F_SETLKW64, {type=F_RDLCK, whence=SEEK_SET, start=0, len=0}, 0xbfd78f84) = 0
19551 14:25:30.799235 fstat64(4, {st_mode=S_IFREG|0644, st_size=17, ...}) = 0
19551 14:25:30.799253 fcntl64(4, F_GETFL) = 0x8800 (flags O_RDONLY|O_NONBLOCK|O_LARGEFILE)
19551 14:25:30.799264 fcntl64(4, F_SETFL, O_RDONLY|O_LARGEFILE) = 0
19551 14:25:30.799276 write(5, "\v", 1) = 1
19551 14:25:30.799287 read(5,  <unfinished ...>
19548 14:25:30.799294 read(4, "\v", 1)  = 1
19548 14:25:30.799306 write(4, "\1\0\0\0", 4) = 4
19551 14:25:30.799316 <... read resumed> "\1\0\0\0", 4) = 4
19551 14:25:30.799324 write(5, "\v", 1) = 1
19551 14:25:30.799334 read(5,  <unfinished ...>
19548 14:25:30.799341 read(4, "\v", 1)  = 1
19548 14:25:30.799352 write(4, "\1\0\0\0", 4) = 4
19551 14:25:30.799362 <... read resumed> "\1\0\0\0", 4) = 4
19551 14:25:30.799370 write(5, "\r", 1) = 1
19551 14:25:30.799380 read(5,  <unfinished ...>
19548 14:25:30.799386 read(4, "\r", 1)  = 1
19548 14:25:30.799400 select(6, [5], NULL, NULL, {60, 0}) = 1 (in [5], left {60, 0})
19548 14:25:30.799418 accept(5, {sa_family=AF_INET, sin_port=htons(34236), sin_addr=inet_addr("127.0.0.1")}, [16]) = 6
19548 14:25:30.799445 write(4, "\1", 1) = 1
19551 14:25:30.799456 <... read resumed> "\1", 1) = 1
19551 14:25:30.799467 recvmsg(5,  <unfinished ...>
19548 14:25:30.799477 sendmsg(4, {msg_name(0)=NULL, msg_iov(1)=[{"\0", 1}], msg_controllen=16, {cmsg_len=16, cmsg_level=SOL_SOCKET, cmsg_type=SCM_RIGHTS, {6}}, msg_flags=0}, 0) = 1
19551 14:25:30.799495 <... recvmsg resumed> {msg_name(0)=NULL, msg_iov(1)=[{"\0", 1}], msg_controllen=16, {cmsg_len=16, cmsg_level=SOL_SOCKET, cmsg_type=SCM_RIGHTS, {6}}, msg_flags=0}, 0) = 1
19551 14:25:30.799508 setsockopt(6, SOL_SOCKET, SO_KEEPALIVE, [1], 4) = 0
19551 14:25:30.799521 setsockopt(6, SOL_IP, IP_TOS, [8], 4) = 0
19551 14:25:30.799533 setsockopt(6, SOL_SOCKET, SO_LINGER, {onoff=1, linger=32767}, 8) = 0
19551 14:25:30.799544 rt_sigaction(SIGALRM, {0x805cad0, ~[RTMIN RT_1], 0}, NULL, 8) = 0
19551 14:25:30.799558 alarm(300)        = 300
19551 14:25:30.799580 write(0, "150 Opening BINARY mode data connection for myfile29 (17 bytes).\r\n", 66) = 66
19551 14:25:30.799642 _llseek(4, 0, [0], SEEK_CUR) = 0
19551 14:25:30.799656 fstat64(4, {st_mode=S_IFREG|0644, st_size=17, ...}) = 0
19551 14:25:30.799674 _llseek(4, 0, [0], SEEK_SET) = 0
19551 14:25:30.799687 sendfile(6, 4, NULL, 17) = 17
19551 14:25:30.799717 rt_sigaction(SIGALRM, {0x805cad0, ~[RTMIN RT_1], 0}, NULL, 8) = 0
19551 14:25:30.799732 alarm(300)        = 300
19551 14:25:30.799742 close(6)          = 0
19551 14:25:30.799751 alarm(0)          = 300
19551 14:25:30.799761 gettimeofday({1495650330, 799765}, NULL) = 0
19551 14:25:30.799780 getpid()          = 19551
19551 14:25:30.799793 gettimeofday({1495650330, 799797}, NULL) = 0
19551 14:25:30.799811 fcntl64(3, F_SETLKW64, {type=F_WRLCK, whence=SEEK_SET, start=0, len=0}, 0xbfd78f24) = 0
19551 14:25:30.799827 write(3, "Wed May 24 14:25:30 2017 [pid 19551] [msfadmin] OK DOWNLOAD: Client \"127.0.0.1\", \"/home/msfadmin/myfile29\", 17 bytes, 27.22Kbyte/sec\n", 133) = 133
19551 14:25:30.799856 fcntl64(3, F_SETLK64, {type=F_UNLCK, whence=SEEK_SET, start=0, len=0}, 0xbfd78f2c) = 0
19551 14:25:30.799871 write(0, "226 Transfer complete.\r\n", 24) = 24
19551 14:25:30.799888 write(5, "\n", 1) = 1
19551 14:25:30.799899 read(5,  <unfinished ...>
19548 14:25:30.799906 close(6)          = 0
19548 14:25:30.799989 read(4, "\n", 1)  = 1
19548 14:25:30.800003 close(5)          = 0
19548 14:25:30.800014 write(4, "\1", 1) = 1
19551 14:25:30.800025 <... read resumed> "\1", 1) = 1
19551 14:25:30.800033 close(4)          = 0
19551 14:25:30.800044 rt_sigaction(SIGALRM, {0x805cad0, ~[RTMIN RT_1], 0}, NULL, 8) = 0
19551 14:25:30.800058 alarm(300)        = 0
19551 14:25:30.800069 recv(0,  <unfinished ...>
19548 14:25:30.800077 read(4,  <unfinished ...>
19551 14:25:31.303079 <... recv resumed> "USER msfadmin\r\n", 4096, MSG_PEEK) = 15
19551 14:25:31.303213 read(0, "USER msfadmin\r\n", 15) = 15
19551 14:25:31.303324 write(0, "331 Any password will do.\r\n", 27) = 27
19551 14:25:31.303420 rt_sigaction(SIGALRM, {0x805cad0, ~[RTMIN RT_1], 0}, NULL, 8) = 0
19551 14:25:31.303454 alarm(300)        = 299
19551 14:25:31.303480 recv(0, "PASS msfadmin\r\n", 4096, MSG_PEEK) = 15
19551 14:25:31.303498 read(0, "PASS msfadmin\r\n", 15) = 15
19551 14:25:31.303514 write(0, "230 Already logged in.\r\n", 24) = 24
19551 14:25:31.303576 rt_sigaction(SIGALRM, {0x805cad0, ~[RTMIN RT_1], 0}, NULL, 8) = 0
19551 14:25:31.303591 alarm(300)        = 300
19551 14:25:31.303603 recv(0, "TYPE I\r\n", 4096, MSG_PEEK) = 8
19551 14:25:31.303614 read(0, "TYPE I\r\n", 8) = 8
19551 14:25:31.303628 write(0, "200 Switching to Binary mode.\r\n", 31) = 31
19551 14:25:31.303664 rt_sigaction(SIGALRM, {0x805cad0, ~[RTMIN RT_1], 0}, NULL, 8) = 0
19551 14:25:31.303678 alarm(300)        = 300
19551 14:25:31.303689 recv(0, "PASV\r\n", 4096, MSG_PEEK) = 6
19551 14:25:31.303700 read(0, "PASV\r\n", 6) = 6
19551 14:25:31.303711 write(5, "\n", 1) = 1
19551 14:25:31.303724 read(5,  <unfinished ...>
19548 14:25:31.303732 <... read resumed> "\n", 1) = 1
19548 14:25:31.303742 write(4, "\1", 1) = 1
19551 14:25:31.303752 <... read resumed> "\1", 1) = 1
19551 14:25:31.303768 write(5, "\f", 1) = 1
19551 14:25:31.303778 read(5,  <unfinished ...>
19548 14:25:31.303785 read(4, "\f", 1)  = 1
19548 14:25:31.303797 socket(PF_INET, SOCK_STREAM, IPPROTO_TCP) = 5
19548 14:25:31.303813 setsockopt(5, SOL_SOCKET, SO_REUSEADDR, [1], 4) = 0
19548 14:25:31.303827 bind(5, {sa_family=AF_INET, sin_port=htons(61916), sin_addr=inet_addr("127.0.0.1")}, 16) = 0
19548 14:25:31.303844 listen(5, 1)      = 0
19548 14:25:31.303857 write(4, "\334\361\0\0", 4) = 4
19551 14:25:31.303868 <... read resumed> "\334\361\0\0", 4) = 4
19551 14:25:31.303880 write(0, "227 Entering Passive Mode (127,0,0,1,241,220).\r\n", 48) = 48
19551 14:25:31.303993 rt_sigaction(SIGALRM, {0x805cad0, ~[RTMIN RT_1], 0}, NULL, 8) = 0
19551 14:25:31.304045 alarm(300)        = 300
19551 14:25:31.304058 recv(0, "RETR myfile30\r\n", 4096, MSG_PEEK) = 15
19551 14:25:31.304080 read(0, "RETR myfile30\r\n", 15) = 15
19551 14:25:31.304093 write(5, "\v", 1) = 1
19551 14:25:31.304104 read(5,  <unfinished ...>
19548 14:25:31.304111 read(4, "\v", 1)  = 1
19548 14:25:31.304123 write(4, "\1\0\0\0", 4) = 4
19551 14:25:31.304133 <... read resumed> "\1\0\0\0", 4) = 4
19551 14:25:31.304141 gettimeofday({1495650331, 304145}, NULL) = 0
19551 14:25:31.304152 getcwd("/home/msfadmin", 4096) = 15
19551 14:25:31.304165 open("myfile30", O_RDONLY|O_NONBLOCK|O_LARGEFILE) = 4
19551 14:25:31.304179 fcntl64(4, F_SETLKW64, {type=F_RDLCK, whence=SEEK_SET, start=0, len=0}, 0xbfd78f84) = 0
19551 14:25:31.304194 fstat64(4, {st_mode=S_IFREG|0644, st_size=17, ...}) = 0
19551 14:25:31.304211 fcntl64(4, F_GETFL) = 0x8800 (flags O_RDONLY|O_NONBLOCK|O_LARGEFILE)
19551 14:25:31.304222 fcntl64(4, F_SETFL, O_RDONLY|O_LARGEFILE) = 0
19551 14:25:31.304234 write(5, "\v", 1) = 1
19551 14:25:31.304244 read(5,  <unfinished ...>
19548 14:25:31.304251 read(4, "\v", 1)  = 1
19548 14:25:31.304262 write(4, "\1\0\0\0", 4) = 4
19551 14:25:31.304272 <... read resumed> "\1\0\0\0", 4) = 4
19551 14:25:31.304279 write(5, "\v", 1) = 1
19551 14:25:31.304289 read(5,  <unfinished ...>
19548 14:25:31.304296 read(4, "\v", 1)  = 1
19548 14:25:31.304306 write(4, "\1\0\0\0", 4) = 4
19551 14:25:31.304316 <... read resumed> "\1\0\0\0", 4) = 4
19551 14:25:31.304324 write(5, "\r", 1) = 1
19551 14:25:31.304334 read(5,  <unfinished ...>
19548 14:25:31.304340 read(4, "\r", 1)  = 1
19548 14:25:31.304352 select(6, [5], NULL, NULL, {60, 0}) = 1 (in [5], left {60, 0})
19548 14:25:31.304368 accept(5, {sa_family=AF_INET, sin_port=htons(43919), sin_addr=inet_addr("127.0.0.1")}, [16]) = 6
19548 14:25:31.304390 write(4, "\1", 1) = 1
19551 14:25:31.304401 <... read resumed> "\1", 1) = 1
19551 14:25:31.304409 recvmsg(5,  <unfinished ...>
19548 14:25:31.304418 sendmsg(4, {msg_name(0)=NULL, msg_iov(1)=[{"\0", 1}], msg_controllen=16, {cmsg_len=16, cmsg_level=SOL_SOCKET, cmsg_type=SCM_RIGHTS, {6}}, msg_flags=0}, 0) = 1
19551 14:25:31.304435 <... recvmsg resumed> {msg_name(0)=NULL, msg_iov(1)=[{"\0", 1}], msg_controllen=16, {cmsg_len=16, cmsg_level=SOL_SOCKET, cmsg_type=SCM_RIGHTS, {6}}, msg_flags=0}, 0) = 1
19551 14:25:31.304448 setsockopt(6, SOL_SOCKET, SO_KEEPALIVE, [1], 4) = 0
19551 14:25:31.304460 setsockopt(6, SOL_IP, IP_TOS, [8], 4) = 0
19551 14:25:31.304472 setsockopt(6, SOL_SOCKET, SO_LINGER, {onoff=1, linger=32767}, 8) = 0
19551 14:25:31.304483 rt_sigaction(SIGALRM, {0x805cad0, ~[RTMIN RT_1], 0}, NULL, 8) = 0
19551 14:25:31.304496 alarm(300)        = 300
19551 14:25:31.304509 write(0, "150 Opening BINARY mode data connection for myfile30 (17 bytes).\r\n", 66) = 66
19551 14:25:31.304533 _llseek(4, 0, [0], SEEK_CUR) = 0
19551 14:25:31.304533 fstat64(4, {st_mode=S_IFREG|0644, st_size=17, ...}) = 0
19551 14:25:31.304534 _llseek(4, 0, [0], SEEK_SET) = 0
19551 14:25:31.304534 sendfile(6, 4, NULL, 17) = 17
19551 14:25:31.304537 rt_sigaction(SIGALRM, {0x805cad0, ~[RTMIN RT_1], 0}, NULL, 8) = 0
19551 14:25:31.304552 alarm(300)        = 300
19551 14:25:31.304562 close(6)          = 0
19551 14:25:31.304572 alarm(0)          = 300
19551 14:25:31.304581 gettimeofday({1495650331, 304585}, NULL) = 0
19551 14:25:31.304600 gettimeofday({1495650331, 304605}, NULL) = 0
19551 14:25:31.304615 fcntl64(3, F_SETLKW64, {type=F_WRLCK, whence=SEEK_SET, start=0, len=0}, 0xbfd78f24) = 0
19551 14:25:31.304630 write(3, "Wed May 24 14:25:31 2017 [pid 19551] [msfadmin] OK DOWNLOAD: Client \"127.0.0.1\", \"/home/msfadmin/myfile30\", 17 bytes, 36.09Kbyte/sec\n", 133) = 133
19551 14:25:31.304652 fcntl64(3, F_SETLK64, {type=F_UNLCK, whence=SEEK_SET, start=0, len=0}, 0xbfd78f2c) = 0
19551 14:25:31.304666 write(0, "226 Transfer complete.\r\n", 24) = 24
19551 14:25:31.304681 write(5, "\n", 1) = 1
19551 14:25:31.304692 read(5,  <unfinished ...>
19548 14:25:31.304699 close(6)          = 0
19548 14:25:31.304782 read(4, "\n", 1)  = 1
19548 14:25:31.304796 close(5)          = 0
19548 14:25:31.304806 write(4, "\1", 1) = 1
19551 14:25:31.304854 <... read resumed> "\1", 1) = 1
19551 14:25:31.304863 close(4)          = 0
19551 14:25:31.304874 rt_sigaction(SIGALRM, {0x805cad0, ~[RTMIN RT_1], 0}, NULL, 8) = 0
19551 14:25:31.304888 alarm(300)        = 0
19551 14:25:31.304916 recv(0,  <unfinished ...>
19548 14:25:31.304935 read(4,  <unfinished ...>
19550 14:25:31.332456 <... recv resumed> "TYPE I\r\n", 4096, MSG_PEEK) = 8
19550 14:25:31.332487 read(0, "TYPE I\r\n", 8) = 8
19550 14:25:31.332508 write(0, "200 Switching to Binary mode.\r\n", 31) = 31
19550 14:25:31.332557 rt_sigaction(SIGALRM, {0x805cad0, ~[RTMIN RT_1], 0}, NULL, 8) = 0
19550 14:25:31.332574 alarm(300)        = 299
19550 14:25:31.332588 recv(0, "PASV\r\n", 4096, MSG_PEEK) = 6
19550 14:25:31.332599 read(0, "PASV\r\n", 6) = 6
19550 14:25:31.332611 write(5, "\n", 1 <unfinished ...>
19546 14:25:31.332623 <... read resumed> "\n", 1) = 1
19550 14:25:31.332628 <... write resumed> ) = 1
19546 14:25:31.332636 write(4, "\1", 1 <unfinished ...>
19550 14:25:31.332642 read(5,  <unfinished ...>
19546 14:25:31.332649 <... write resumed> ) = 1
19550 14:25:31.332653 <... read resumed> "\1", 1) = 1
19546 14:25:31.332661 read(4,  <unfinished ...>
19550 14:25:31.332665 write(5, "\f", 1 <unfinished ...>
19546 14:25:31.332672 <... read resumed> "\f", 1) = 1
19550 14:25:31.332677 <... write resumed> ) = 1
19546 14:25:31.332685 socket(PF_INET, SOCK_STREAM, IPPROTO_TCP <unfinished ...>
19550 14:25:31.332691 read(5,  <unfinished ...>
19546 14:25:31.332700 <... socket resumed> ) = 5
19546 14:25:31.332708 setsockopt(5, SOL_SOCKET, SO_REUSEADDR, [1], 4) = 0
19546 14:25:31.332722 bind(5, {sa_family=AF_INET, sin_port=htons(45916), sin_addr=inet_addr("127.0.0.1")}, 16) = 0
19546 14:25:31.332738 listen(5, 1)      = 0
19546 14:25:31.332752 write(4, "\\\263\0\0", 4 <unfinished ...>
19550 14:25:31.332760 <... read resumed> "\\\263\0\0", 4) = 4
19546 14:25:31.332765 <... write resumed> ) = 4
19550 14:25:31.332777 write(0, "227 Entering Passive Mode (127,0,0,1,179,92).\r\n", 47 <unfinished ...>
19546 14:25:31.332786 read(4,  <unfinished ...>
19550 14:25:31.332886 <... write resumed> ) = 47
19550 14:25:31.332899 rt_sigaction(SIGALRM, {0x805cad0, ~[RTMIN RT_1], 0}, NULL, 8) = 0
19550 14:25:31.332913 alarm(300)        = 300
19550 14:25:31.332925 recv(0, "STOR myfile40\r\n", 4096, MSG_PEEK) = 15
19550 14:25:31.332937 read(0, "STOR myfile40\r\n", 15) = 15
19550 14:25:31.332951 write(5, "\v", 1 <unfinished ...>
19546 14:25:31.332959 <... read resumed> "\v", 1) = 1
19550 14:25:31.332963 <... write resumed> ) = 1
19546 14:25:31.332971 write(4, "\1\0\0\0", 4 <unfinished ...>
19550 14:25:31.332976 read(5,  <unfinished ...>
19546 14:25:31.332983 <... write resumed> ) = 4
19550 14:25:31.332987 <... read resumed> "\1\0\0\0", 4) = 4
19546 14:25:31.332995 read(4,  <unfinished ...>
19550 14:25:31.333000 gettimeofday({1495650331, 333004}, NULL) = 0
19550 14:25:31.333011 getcwd("/home/msfadmin", 4096) = 15
19550 14:25:31.333024 open("myfile40", O_WRONLY|O_CREAT|O_NONBLOCK|O_LARGEFILE, 0666) = 4
19550 14:25:31.333039 fstat64(4, {st_mode=S_IFREG|0644, st_size=17, ...}) = 0
19550 14:25:31.333057 fcntl64(4, F_GETFL) = 0x8801 (flags O_WRONLY|O_NONBLOCK|O_LARGEFILE)
19550 14:25:31.333068 fcntl64(4, F_SETFL, O_WRONLY|O_LARGEFILE) = 0
19550 14:25:31.333078 fcntl64(4, F_SETLKW64, {type=F_WRLCK, whence=SEEK_SET, start=0, len=0}, 0xbfb35524) = 0
19550 14:25:31.333100 ftruncate64(4, 0) = 0
19550 14:25:31.333119 _llseek(4, 0, [0], SEEK_SET) = 0
19550 14:25:31.333130 write(5, "\v", 1 <unfinished ...>
19546 14:25:31.333154 <... read resumed> "\v", 1) = 1
19550 14:25:31.333163 <... write resumed> ) = 1
19546 14:25:31.333171 write(4, "\1\0\0\0", 4 <unfinished ...>
19550 14:25:31.333177 read(5,  <unfinished ...>
19546 14:25:31.333183 <... write resumed> ) = 4
19550 14:25:31.333188 <... read resumed> "\1\0\0\0", 4) = 4
19546 14:25:31.333196 read(4,  <unfinished ...>
19550 14:25:31.333210 write(5, "\v", 1 <unfinished ...>
19546 14:25:31.333217 <... read resumed> "\v", 1) = 1
19550 14:25:31.333236 <... write resumed> ) = 1
19546 14:25:31.333252 write(4, "\1\0\0\0", 4 <unfinished ...>
19550 14:25:31.333258 read(5,  <unfinished ...>
19546 14:25:31.333275 <... write resumed> ) = 4
19550 14:25:31.333280 <... read resumed> "\1\0\0\0", 4) = 4
19546 14:25:31.333297 read(4,  <unfinished ...>
19550 14:25:31.333312 write(5, "\r", 1 <unfinished ...>
19546 14:25:31.333319 <... read resumed> "\r", 1) = 1
19550 14:25:31.333324 <... write resumed> ) = 1
19546 14:25:31.333341 select(6, [5], NULL, NULL, {60, 0} <unfinished ...>
19550 14:25:31.333359 read(5,  <unfinished ...>
19546 14:25:31.333365 <... select resumed> ) = 1 (in [5], left {60, 0})
19546 14:25:31.333376 accept(5, {sa_family=AF_INET, sin_port=htons(38185), sin_addr=inet_addr("127.0.0.1")}, [16]) = 6
19546 14:25:31.333398 write(4, "\1", 1 <unfinished ...>
19550 14:25:31.333407 <... read resumed> "\1", 1) = 1
19546 14:25:31.333412 <... write resumed> ) = 1
19550 14:25:31.333421 recvmsg(5,  <unfinished ...>
19546 14:25:31.333427 sendmsg(4, {msg_name(0)=NULL, msg_iov(1)=[{"\0", 1}], msg_controllen=16, {cmsg_len=16, cmsg_level=SOL_SOCKET, cmsg_type=SCM_RIGHTS, {6}}, msg_flags=0}, 0 <unfinished ...>
19550 14:25:31.333441 <... recvmsg resumed> {msg_name(0)=NULL, msg_iov(1)=[{"\0", 1}], msg_controllen=16, {cmsg_len=16, cmsg_level=SOL_SOCKET, cmsg_type=SCM_RIGHTS, {6}}, msg_flags=0}, 0) = 1
19546 14:25:31.333451 <... sendmsg resumed> ) = 1
19550 14:25:31.333460 setsockopt(6, SOL_SOCKET, SO_KEEPALIVE, [1], 4 <unfinished ...>
19546 14:25:31.333465 close(6 <unfinished ...>
19550 14:25:31.333472 <... setsockopt resumed> ) = 0
19546 14:25:31.333476 <... close resumed> ) = 0
19550 14:25:31.333494 setsockopt(6, SOL_IP, IP_TOS, [8], 4 <unfinished ...>
19546 14:25:31.333499 read(4,  <unfinished ...>
19550 14:25:31.333505 <... setsockopt resumed> ) = 0
19550 14:25:31.333513 setsockopt(6, SOL_SOCKET, SO_LINGER, {onoff=1, linger=32767}, 8) = 0
19550 14:25:31.333523 rt_sigaction(SIGALRM, {0x805cad0, ~[RTMIN RT_1], 0}, NULL, 8) = 0
19550 14:25:31.333536 alarm(300)        = 300
19550 14:25:31.333549 write(0, "150 Ok to send data.\r\n", 22) = 22
19550 14:25:31.333615 read(6, "assasaaa\na\na\na\na\n", 65536) = 17
19550 14:25:31.333629 write(4, "assasaaa\na\na\na\na\n", 17) = 17
19550 14:25:31.333645 read(6, "", 65536) = 0
19550 14:25:31.333656 rt_sigaction(SIGALRM, {0x805cad0, ~[RTMIN RT_1], 0}, NULL, 8) = 0
19550 14:25:31.333669 alarm(300)        = 300
19550 14:25:31.333679 close(6)          = 0
19550 14:25:31.333696 alarm(0)          = 300
19550 14:25:31.333706 gettimeofday({1495650331, 333710}, NULL) = 0
19550 14:25:31.333721 gettimeofday({1495650331, 333725}, NULL) = 0
19550 14:25:31.333735 fcntl64(3, F_SETLKW64, {type=F_WRLCK, whence=SEEK_SET, start=0, len=0}, 0xbfb354c4) = 0
19550 14:25:31.333750 write(3, "Wed May 24 14:25:31 2017 [pid 19550] [msfadmin] OK UPLOAD: Client \"127.0.0.1\", \"/home/msfadmin/myfile40\", 17 bytes, 23.03Kbyte/sec\n", 131) = 131
19550 14:25:31.333771 fcntl64(3, F_SETLK64, {type=F_UNLCK, whence=SEEK_SET, start=0, len=0}, 0xbfb354cc) = 0
19550 14:25:31.333785 write(0, "226 Transfer complete.\r\n", 24) = 24
19550 14:25:31.333839 write(5, "\n", 1 <unfinished ...>
19546 14:25:31.333849 <... read resumed> "\n", 1) = 1
19550 14:25:31.333854 <... write resumed> ) = 1
19546 14:25:31.333860 close(5)          = 0
19546 14:25:31.333871 write(4, "\1", 1) = 1
19546 14:25:31.333886 read(4,  <unfinished ...>
19550 14:25:31.333893 read(5, "\1", 1)  = 1
19550 14:25:31.333904 close(4)          = 0
19550 14:25:31.333915 rt_sigaction(SIGALRM, {0x805cad0, ~[RTMIN RT_1], 0}, NULL, 8) = 0
19550 14:25:31.333928 alarm(300)        = 0
19550 14:25:31.333939 recv(0, "QUIT\r\n", 4096, MSG_PEEK) = 6
19550 14:25:31.854056 read(0, "QUIT\r\n", 6) = 6
19550 14:25:31.854111 shutdown(0, 0 /* receive */) = 0
19550 14:25:31.854130 fcntl64(0, F_GETFL) = 0x2 (flags O_RDWR)
19550 14:25:31.854142 fcntl64(0, F_SETFL, O_RDWR|O_NONBLOCK) = 0
19550 14:25:31.854154 write(0, "221 Goodbye.\r\n", 14) = 14
19550 14:25:31.854228 fcntl64(0, F_GETFL) = 0x802 (flags O_RDWR|O_NONBLOCK)
19550 14:25:31.854241 fcntl64(0, F_SETFL, O_RDWR) = 0
19550 14:25:31.854252 shutdown(0, 2 /* send and receive */) = 0
19550 14:25:31.854274 exit_group(0)     = ?
19546 14:25:31.854328 <... read resumed> 0xbfb355d7, 1) = ? ERESTARTSYS (To be restarted)
19546 14:25:31.854337 --- SIGCHLD (Child exited) @ 0 (0) ---
19546 14:25:31.854349 alarm(1)          = 0
19546 14:25:31.854361 sigreturn()       = ? (mask now [])
19546 14:25:31.854378 alarm(0)          = 1
19546 14:25:31.854388 wait4(-1, [{WIFEXITED(s) && WEXITSTATUS(s) == 0}], 0, NULL) = 19550
19546 14:25:31.854404 exit_group(0)     = ?
4380  14:25:31.854445 <... select resumed> ) = ? ERESTARTNOHAND (To be restarted)
4380  14:25:31.854453 --- SIGCHLD (Child exited) @ 0 (0) ---
4380  14:25:31.854461 write(4, "\21", 1) = 1
4380  14:25:31.854479 sigreturn()       = ? (mask now [])
4380  14:25:31.854513 select(13, [3 5 6 8 9 10 11 12], NULL, NULL, NULL) = 1 (in [3])
4380  14:25:31.854533 ioctl(3, FIONREAD, [1]) = 0
4380  14:25:31.854554 read(3, "\21", 1) = 1
4380  14:25:31.854568 waitpid(-1, [{WIFEXITED(s) && WEXITSTATUS(s) == 0}], WNOHANG) = 19546
4380  14:25:31.854590 close(-1)         = -1 EBADF (Bad file descriptor)
4380  14:25:31.854603 waitpid(-1, 0xbf9d5dbc, WNOHANG) = 0
4380  14:25:31.854607 select(13, [3 5 6 8 9 10 11 12], NULL, NULL, NULL <unfinished ...>
19551 14:25:31.882499 <... recv resumed> "QUIT\r\n", 4096, MSG_PEEK) = 6
19551 14:25:31.882548 read(0, "QUIT\r\n", 6) = 6
19551 14:25:31.882577 shutdown(0, 0 /* receive */) = 0
19551 14:25:31.882599 fcntl64(0, F_GETFL) = 0x2 (flags O_RDWR)
19551 14:25:31.882616 fcntl64(0, F_SETFL, O_RDWR|O_NONBLOCK) = 0
19551 14:25:31.882631 write(0, "221 Goodbye.\r\n", 14) = 14
19551 14:25:31.882715 fcntl64(0, F_GETFL) = 0x802 (flags O_RDWR|O_NONBLOCK)
19551 14:25:31.882732 fcntl64(0, F_SETFL, O_RDWR) = 0
19551 14:25:31.882748 shutdown(0, 2 /* send and receive */) = 0
19551 14:25:31.882776 exit_group(0)     = ?
19548 14:25:31.882956 <... read resumed> 0xbfd79017, 1) = ? ERESTARTSYS (To be restarted)
19548 14:25:31.882964 --- SIGCHLD (Child exited) @ 0 (0) ---
19548 14:25:31.882976 alarm(1)          = 0
19548 14:25:31.882988 sigreturn()       = ? (mask now [])
19548 14:25:31.883005 alarm(0)          = 1
19548 14:25:31.883015 wait4(-1, [{WIFEXITED(s) && WEXITSTATUS(s) == 0}], 0, NULL) = 19551
19548 14:25:31.883031 exit_group(0)     = ?
4380  14:25:31.883071 <... select resumed> ) = ? ERESTARTNOHAND (To be restarted)
4380  14:25:31.883078 --- SIGCHLD (Child exited) @ 0 (0) ---
4380  14:25:31.883087 write(4, "\21", 1) = 1
4380  14:25:31.883102 sigreturn()       = ? (mask now [])
4380  14:25:31.883136 select(13, [3 5 6 8 9 10 11 12], NULL, NULL, NULL) = 1 (in [3])
4380  14:25:31.883154 ioctl(3, FIONREAD, [1]) = 0
4380  14:25:31.883168 read(3, "\21", 1) = 1
4380  14:25:31.883182 waitpid(-1, [{WIFEXITED(s) && WEXITSTATUS(s) == 0}], WNOHANG) = 19548
4380  14:25:31.883199 close(-1)         = -1 EBADF (Bad file descriptor)
4380  14:25:31.883211 waitpid(-1, 0xbf9d5dbc, WNOHANG) = -1 ECHILD (No child processes)
4380  14:25:31.883222 select(13, [3 5 6 8 9 10 11 12], NULL, NULL, NULL) = 1 (in [5])
4380  14:25:32.363514 accept(5, {sa_family=AF_INET, sin_port=htons(60511), sin_addr=inet_addr("127.0.0.1")}, [16]) = 13
4380  14:25:32.363639 time(NULL)        = 1495650332
4380  14:25:32.363683 clone(child_stack=0, flags=CLONE_CHILD_CLEARTID|CLONE_CHILD_SETTID|SIGCHLD, child_tidptr=0xb7dd26f8) = 19552
19552 14:25:32.363827 rt_sigaction(SIGPIPE, {SIG_DFL}, {SIG_IGN}, 8) = 0
19552 14:25:32.363843 rt_sigaction(SIGTSTP, {SIG_DFL}, {SIG_IGN}, 8) = 0
19552 14:25:32.363855 rt_sigaction(SIGTTIN, {SIG_DFL}, {SIG_IGN}, 8) = 0
19552 14:25:32.363867 rt_sigaction(SIGTTOU, {SIG_DFL}, {SIG_IGN}, 8) = 0
19552 14:25:32.363882 rt_sigprocmask(SIG_SETMASK, [], NULL, 8) = 0
19552 14:25:32.363895 close(3)          = 0
19552 14:25:32.363905 close(4)          = 0
19552 14:25:32.363915 open("/dev/null", O_RDONLY) = 3
19552 14:25:32.363931 dup2(3, 0)        = 0
19552 14:25:32.363941 dup2(3, 1)        = 1
19552 14:25:32.363950 dup2(3, 2)        = 2
19552 14:25:32.363959 close(3)          = 0
19552 14:25:32.363970 setgid32(0)       = 0
19552 14:25:32.363983 setgroups32(0, []) = 0
19552 14:25:32.363994 setuid32(0)       = 0
19552 14:25:32.364006 getpriority(PRIO_PROCESS, 0) = 20
19552 14:25:32.364016 setpriority(PRIO_PROCESS, 0, 10) = 0
19552 14:25:32.364025 getpriority(PRIO_PROCESS, 0) = 10
19552 14:25:32.364062 getpeername(13, {sa_family=AF_INET, sin_port=htons(60511), sin_addr=inet_addr("127.0.0.1")}, [16]) = 0
19552 14:25:32.364085 getsockname(13, {sa_family=AF_INET, sin_port=htons(21), sin_addr=inet_addr("127.0.0.1")}, [16]) = 0
19552 14:25:32.364114 open("/etc/hosts.allow", O_RDONLY) = 3
19552 14:25:32.364134 fstat64(3, {st_mode=S_IFREG|0644, st_size=588, ...}) = 0
19552 14:25:32.364153 mmap2(NULL, 4096, PROT_READ|PROT_WRITE, MAP_PRIVATE|MAP_ANONYMOUS, -1, 0) = 0xb7fa1000
19552 14:25:32.364167 read(3, "# /etc/hosts.allow: list of hosts that are allowed to access the system.\n#                   See the manual pages hosts_access(5) and hosts_options(5).\n#\n# Example:    ALL: LOCAL @some_netgroup\n#             ALL: .foobar.edu EXCEPT terminalserver.foobar.edu\n#\n# If you\'re going to protect the portmapper use the name \"portmap\" for the\n# daemon name. Remember that you can only use the keyword \"ALL\" and IP\n# addresses (NOT host or domain names) for the portmapper, as well as for\n# rpc.mountd (the NFS mount daemon). See portmap(8) and rpc.mountd(8)\n# for further information.\n#\n\nALL:ALL\n", 4096) = 588
19552 14:25:32.364274 close(3)          = 0
19552 14:25:32.364286 munmap(0xb7fa1000, 4096) = 0
19552 14:25:32.364313 fcntl64(13, F_SETFD, 0) = 0
19552 14:25:32.364328 close(7)          = 0
19552 14:25:32.364338 dup2(13, 0)       = 0
19552 14:25:32.364347 dup2(13, 1)       = 1
19552 14:25:32.364356 dup2(13, 2)       = 2
19552 14:25:32.364365 setrlimit(RLIMIT_NOFILE, {rlim_cur=1024, rlim_max=1024}) = 0
19552 14:25:32.364377 close(13)         = 0
19552 14:25:32.364386 setsid()          = 19552
19552 14:25:32.364397 execve("/usr/sbin/vsftpd", ["vsftpd"], [/* 15 vars */]) = 0
19552 14:25:32.364476 brk(0)            = 0x8064000
19552 14:25:32.364497 access("/etc/ld.so.nohwcap", F_OK) = -1 ENOENT (No such file or directory)
19552 14:25:32.364514 mmap2(NULL, 8192, PROT_READ|PROT_WRITE, MAP_PRIVATE|MAP_ANONYMOUS, -1, 0) = 0xb7f88000
19552 14:25:32.364528 access("/etc/ld.so.preload", R_OK) = -1 ENOENT (No such file or directory)
19552 14:25:32.364544 open("/etc/ld.so.cache", O_RDONLY) = 3
19552 14:25:32.364557 fstat64(3, {st_mode=S_IFREG|0644, st_size=29913, ...}) = 0
19552 14:25:32.364574 mmap2(NULL, 29913, PROT_READ, MAP_PRIVATE, 3, 0) = 0xb7f80000
19552 14:25:32.364584 close(3)          = 0
19552 14:25:32.364595 access("/etc/ld.so.nohwcap", F_OK) = -1 ENOENT (No such file or directory)
19552 14:25:32.364610 open("/lib/libpam.so.0", O_RDONLY) = 3
19552 14:25:32.364623 read(3, "\177ELF\1\1\1\0\0\0\0\0\0\0\0\0\3\0\3\0\1\0\0\0\320\30\0\0004\0\0\0\f\220\0\0\0\0\0\0004\0 \0\4\0(\0\33\0\32\0\1\0\0\0\0\0\0\0\0\0\0\0\0\0\0\0t\214\0\0t\214\0\0\5\0\0\0\0\20\0\0\1\0\0\0t\214\0\0t\234\0\0t\234\0\0\250\2\0\0\254\2\0\0\6\0\0\0\0\20\0\0\2\0\0\0D\215\0\0D\235\0\0D\235\0\0\350\0\0\0\350\0\0\0\6\0\0\0\4\0\0\0Q\345td\0\0\0\0\0\0\0\0\0\0\0\0\0\0\0\0\0\0\0\0\6\0\0\0\4\0\0\0\254\0\0\0X\0\0\0D\0\0\0\0\0\0\0G\0\0\0\7\0\0\0*\0\0\0\v\0\0\0\36\0\0\0\0\0\0\0K\0\0\0L\0\0\0\34\0\0\0\0\0\0\0\0\0\0\0V\0\0\0\0\0\0\0\0\0\0\0\21\0\0\0\33\0\0\0\0\0\0\0\0\0\0\0\0\0\0\0>\0\0\0O\0\0\0\0\0\0\0\0\0\0\0\0\0\0\0\2\0\0\0\0\0\0\0\0\0\0\0P\0\0\0R\0\0\0\0\0\0\0A\0\0\0?\0\0\0\0\0\0\0\0\0\0\0;\0\0\0\r\0\0\0\0\0\0\0\0\0\0\0\0\0\0\0006\0\0\0(\0\0\0\0\0\0\0.\0\0\0\16\0\0\0,\0\0\0\0\0\0\0!\0\0\0\30\0\0\0\0\0\0\0\0\0\0\0\0\0\0\0\0\0\0\0\0\0\0\0\31\0\0\0\0\0\0\0<\0\0\0W\0\0\0+\0\0\0M\0\0\0\0\0\0\0\0\0\0\0&\0\0\0\0\0\0\0N\0\0\0\0\0\0\0\0\0\0\0\27\0\0\0\0\0\0\0\0\0\0\0\0\0\0\0001\0\0\0%\0\0\0\35\0\0\0\0\0\0\0/\0\0\0\0\0\0\0\0\0\0\0\0\0\0\0B\0\0\0", 512) = 512
19552 14:25:32.364716 fstat64(3, {st_mode=S_IFREG|0644, st_size=37956, ...}) = 0
19552 14:25:32.364722 mmap2(NULL, 40736, PROT_READ|PROT_EXEC, MAP_PRIVATE|MAP_DENYWRITE, 3, 0) = 0xb7f76000
19552 14:25:32.364722 mmap2(0xb7f7f000, 4096, PROT_READ|PROT_WRITE, MAP_PRIVATE|MAP_FIXED|MAP_DENYWRITE, 3, 0x8) = 0xb7f7f000
19552 14:25:32.364723 close(3)          = 0
19552 14:25:32.364723 access("/etc/ld.so.nohwcap", F_OK) = -1 ENOENT (No such file or directory)
19552 14:25:32.364723 open("/lib/tls/i686/cmov/libdl.so.2", O_RDONLY) = 3
19552 14:25:32.364723 read(3, "\177ELF\1\1\1\0\0\0\0\0\0\0\0\0\3\0\3\0\1\0\0\0p\n\0\0004\0\0\0L!\0\0\0\0\0\0004\0 \0\10\0(\0\35\0\34\0\6\0\0\0004\0\0\0004\0\0\0004\0\0\0\0\1\0\0\0\1\0\0\5\0\0\0\4\0\0\0\3\0\0\0003\33\0\0003\33\0\0003\33\0\0\23\0\0\0\23\0\0\0\4\0\0\0\1\0\0\0\1\0\0\0\0\0\0\0\0\0\0\0\0\0\0\0\374\34\0\0\374\34\0\0\5\0\0\0\0\20\0\0\1\0\0\0\264\36\0\0\264.\0\0\264.\0\0\230\1\0\0\310\1\0\0\6\0\0\0\0\20\0\0\2\0\0\0\320\36\0\0\320.\0\0\320.\0\0\370\0\0\0\370\0\0\0\6\0\0\0\4\0\0\0\4\0\0\0004\1\0\0004\1\0\0004\1\0\0 \0\0\0 \0\0\0\4\0\0\0\4\0\0\0Q\345td\0\0\0\0\0\0\0\0\0\0\0\0\0\0\0\0\0\0\0\0\6\0\0\0\4\0\0\0R\345td\264\36\0\0\264.\0\0\264.\0\0@\1\0\0@\1\0\0\4\0\0\0\1\0\0\0\4\0\0\0\20\0\0\0\1\0\0\0GNU\0\0\0\0\0\2\0\0\0\6\0\0\0\10\0\0\0\26\0\0\0\31\0\0\0\4\0\0\0\7\0\0\0\230\0\21\0\0B\0\0\202\0`\10\223(\10\336\31\0\0\0\0\0\0\0\0\0\0\0\0\0\0\0\32\0\0\0\0\0\0\0\33\0\0\0\34\0\0\0\0\0\0\0\36\0\0\0\0\0\0\0\0\0\0\0\37\0\0\0!\0\0\0\"\0\0\0\0\0\0\0\0\0\0\0#\0\0\0%\0\0\0&\0\0\0\0\0\0\0(\0\0\0\221!\374\370\225\263_\31\5\350\7\371\6\2\4\371\7\2\4\371\301S\200\30\256\304M\17a\242\222\6\325=l\366\327=l\366\370\31sB\353\26\251\30\373\31sB", 512) = 512
19552 14:25:32.364723 fstat64(3, {st_mode=S_IFREG|0644, st_size=9684, ...}) = 0
19552 14:25:32.364724 mmap2(NULL, 12412, PROT_READ|PROT_EXEC, MAP_PRIVATE|MAP_DENYWRITE, 3, 0) = 0xb7f72000
19552 14:25:32.364724 mmap2(0xb7f74000, 8192, PROT_READ|PROT_WRITE, MAP_PRIVATE|MAP_FIXED|MAP_DENYWRITE, 3, 0x1) = 0xb7f74000
19552 14:25:32.364724 close(3)          = 0
19552 14:25:32.364727 access("/etc/ld.so.nohwcap", F_OK) = -1 ENOENT (No such file or directory)
19552 14:25:32.364740 open("/lib/tls/i686/cmov/libnsl.so.1", O_RDONLY) = 3
19552 14:25:32.364754 read(3, "\177ELF\1\1\1\0\0\0\0\0\0\0\0\0\3\0\3\0\1\0\0\00001\0\0004\0\0\0\234B\1\0\0\0\0\0004\0 \0\10\0(\0\34\0\33\0\6\0\0\0004\0\0\0004\0\0\0004\0\0\0\0\1\0\0\0\1\0\0\5\0\0\0\4\0\0\0\3\0\0\0\340,\1\0\340,\1\0\340,\1\0\23\0\0\0\23\0\0\0\4\0\0\0\1\0\0\0\1\0\0\0\0\0\0\0\0\0\0\0\0\0\0\0\3407\1\0\3407\1\0\5\0\0\0\0\20\0\0\1\0\0\0\300>\1\0\300N\1\0\300N\1\0\350\2\0\0()\0\0\6\0\0\0\0\20\0\0\2\0\0\0\324>\1\0\324N\1\0\324N\1\0\340\0\0\0\340\0\0\0\6\0\0\0\4\0\0\0\4\0\0\0004\1\0\0004\1\0\0004\1\0\0 \0\0\0 \0\0\0\4\0\0\0\4\0\0\0Q\345td\0\0\0\0\0\0\0\0\0\0\0\0\0\0\0\0\0\0\0\0\6\0\0\0\4\0\0\0R\345td\300>\1\0\300N\1\0\300N\1\0004\1\0\0004\1\0\0\4\0\0\0\1\0\0\0\4\0\0\0\20\0\0\0\1\0\0\0GNU\0\0\0\0\0\2\0\0\0\6\0\0\0\10\0\0\0\374\0\0\0q\0\0\0 \0\0\0\n\0\0\0\1\1$\232 \'Q\0@ \0\0\f\1\1\n\1\n\0\0\240:X\0@\1\16$\10\4\200\n`\260\23 @\24\21\20@\3442\324\4H\346\0\1`\3@\260\272\2019\30\235\340\0\0\332\200\0044\2\201J\20{\203+\200\22 d\21\1\0\2\200\306 d`A\n\4\4\4\v\4PD@\200\20\0\22 \4\340@\1\32 \4\2\20\10\0\0\204\260\200\0\340\23\0\212$\0\206\210\0\2`@q\0\0\0\0\0\0\0\0\0\0\0r\0\0\0\0\0\0\0t\0\0\0\0\0\0\0", 512) = 512
19552 14:25:32.364858 fstat64(3, {st_mode=S_IFREG|0644, st_size=83708, ...}) = 0
19552 14:25:32.364876 mmap2(NULL, 4096, PROT_READ|PROT_WRITE, MAP_PRIVATE|MAP_ANONYMOUS, -1, 0) = 0xb7f71000
19552 14:25:32.364899 mmap2(NULL, 96232, PROT_READ|PROT_EXEC, MAP_PRIVATE|MAP_DENYWRITE, 3, 0) = 0xb7f59000
19552 14:25:32.364914 mmap2(0xb7f6d000, 8192, PROT_READ|PROT_WRITE, MAP_PRIVATE|MAP_FIXED|MAP_DENYWRITE, 3, 0x13) = 0xb7f6d000
19552 14:25:32.364929 mmap2(0xb7f6f000, 6120, PROT_READ|PROT_WRITE, MAP_PRIVATE|MAP_FIXED|MAP_ANONYMOUS, -1, 0) = 0xb7f6f000
19552 14:25:32.364944 close(3)          = 0
19552 14:25:32.364956 access("/etc/ld.so.nohwcap", F_OK) = -1 ENOENT (No such file or directory)
19552 14:25:32.364970 open("/lib/tls/i686/cmov/libresolv.so.2", O_RDONLY) = 3
19552 14:25:32.364986 read(3, "\177ELF\1\1\1\0\0\0\0\0\0\0\0\0\3\0\3\0\1\0\0\0@!\0\0004\0\0\0\310\2\1\0\0\0\0\0004\0 \0\10\0(\0\35\0\34\0\6\0\0\0004\0\0\0004\0\0\0004\0\0\0\0\1\0\0\0\1\0\0\5\0\0\0\4\0\0\0\3\0\0\0\264\346\0\0\264\346\0\0\264\346\0\0\23\0\0\0\23\0\0\0\4\0\0\0\1\0\0\0\1\0\0\0\0\0\0\0\0\0\0\0\0\0\0\0H\355\0\0H\355\0\0\5\0\0\0\0\20\0\0\1\0\0\0h\372\0\0h\372\0\0h\372\0\0X\7\0\0\\.\0\0\6\0\0\0\0\20\0\0\2\0\0\0\0\377\0\0\0\377\0\0\0\377\0\0\340\0\0\0\340\0\0\0\6\0\0\0\4\0\0\0\4\0\0\0004\1\0\0004\1\0\0004\1\0\0 \0\0\0 \0\0\0\4\0\0\0\4\0\0\0Q\345td\0\0\0\0\0\0\0\0\0\0\0\0\0\0\0\0\0\0\0\0\6\0\0\0\4\0\0\0R\345tdh\372\0\0h\372\0\0h\372\0\0\214\5\0\0\214\5\0\0\4\0\0\0\1\0\0\0\4\0\0\0\20\0\0\0\1\0\0\0GNU\0\0\0\0\0\2\0\0\0\6\0\0\0\10\0\0\0\235\0\0\0;\0\0\0\20\0\0\0\t\0\0\0\244RH\260<\23\340\6\200\4\24\227\221\3\366\225\2@\20\0B\201\205A\20\6\30@A\20U\205\0B\0@\220\204\10\n\0J\0\25\4\21\200\2$\210\4\4P\220\0\2\"]\260D\4\221\t\31;\0\0\0\0\0\0\0\0\0\0\0<\0\0\0>\0\0\0?\0\0\0\0\0\0\0\0\0\0\0\0\0\0\0\0\0\0\0\0\0\0\0\0\0\0\0\0\0\0\0@\0\0\0B\0\0\0C\0\0\0D\0\0\0\0\0\0\0E\0\0\0F\0\0\0\0\0\0\0H\0\0\0\0\0\0\0", 512) = 512
19552 14:25:32.365071 fstat64(3, {st_mode=S_IFREG|0644, st_size=67408, ...}) = 0
19552 14:25:32.365088 mmap2(NULL, 75972, PROT_READ|PROT_EXEC, MAP_PRIVATE|MAP_DENYWRITE, 3, 0) = 0xb7f46000
19552 14:25:32.365099 mmap2(0xb7f55000, 8192, PROT_READ|PROT_WRITE, MAP_PRIVATE|MAP_FIXED|MAP_DENYWRITE, 3, 0xf) = 0xb7f55000
19552 14:25:32.365114 mmap2(0xb7f57000, 6340, PROT_READ|PROT_WRITE, MAP_PRIVATE|MAP_FIXED|MAP_ANONYMOUS, -1, 0) = 0xb7f57000
19552 14:25:32.365128 close(3)          = 0
19552 14:25:32.365140 access("/etc/ld.so.nohwcap", F_OK) = -1 ENOENT (No such file or directory)
19552 14:25:32.365153 open("/lib/tls/i686/cmov/libutil.so.1", O_RDONLY) = 3
19552 14:25:32.365167 read(3, "\177ELF\1\1\1\0\0\0\0\0\0\0\0\0\3\0\3\0\1\0\0\0@\n\0\0004\0\0\0\200!\0\0\0\0\0\0004\0 \0\10\0(\0\34\0\33\0\6\0\0\0004\0\0\0004\0\0\0004\0\0\0\0\1\0\0\0\1\0\0\5\0\0\0\4\0\0\0\3\0\0\0R\23\0\0R\23\0\0R\23\0\0\23\0\0\0\23\0\0\0\4\0\0\0\1\0\0\0\1\0\0\0\0\0\0\0\0\0\0\0\0\0\0\0`\25\0\0`\25\0\0\5\0\0\0\0\20\0\0\1\0\0\0\364\36\0\0\364.\0\0\364.\0\0\230\1\0\0\234\1\0\0\6\0\0\0\0\20\0\0\2\0\0\0\10\37\0\0\10/\0\0\10/\0\0\340\0\0\0\340\0\0\0\6\0\0\0\4\0\0\0\4\0\0\0004\1\0\0004\1\0\0004\1\0\0 \0\0\0 \0\0\0\4\0\0\0\4\0\0\0Q\345td\0\0\0\0\0\0\0\0\0\0\0\0\0\0\0\0\0\0\0\0\6\0\0\0\4\0\0\0R\345td\364\36\0\0\364.\0\0\364.\0\0\0\1\0\0\0\1\0\0\4\0\0\0\1\0\0\0\4\0\0\0\20\0\0\0\1\0\0\0GNU\0\0\0\0\0\2\0\0\0\6\0\0\0\10\0\0\0\r\0\0\0#\0\0\0\2\0\0\0\6\0\0\0\0\240\344\300\204\200\20@\0\0\0\0\0\0\0\0#\0\0\0\0\0\0\0\0\0\0\0$\0\0\0&\0\0\0\'\0\0\0(\0\0\0\0\0\0\0\0\0\0\0\0\0\0\0)\0\0\0\217\365\310\207\364\361\253\272_+\337\v\325=l\366\237<\300|\365\243\343p\277\370\337\17\0\0\0\0\0\0\0\0\0\0\0\0\0\0\0\0S\0\0\0\0\0\0\0\35\0\0\0\22\0\0\0/\1\0\0\0\0\0\0z\0\0\0\22\0\0\0\226\0\0\0\0\0\0\0*\0\0\0\22\0\0\0v\0\0\0", 512) = 512
19552 14:25:32.365253 fstat64(3, {st_mode=S_IFREG|0644, st_size=9696, ...}) = 0
19552 14:25:32.365269 mmap2(NULL, 12432, PROT_READ|PROT_EXEC, MAP_PRIVATE|MAP_DENYWRITE, 3, 0) = 0xb7f42000
19552 14:25:32.365280 mmap2(0xb7f44000, 8192, PROT_READ|PROT_WRITE, MAP_PRIVATE|MAP_FIXED|MAP_DENYWRITE, 3, 0x1) = 0xb7f44000
19552 14:25:32.365297 close(3)          = 0
19552 14:25:32.365308 access("/etc/ld.so.nohwcap", F_OK) = -1 ENOENT (No such file or directory)
19552 14:25:32.365321 open("/lib/libcap.so.1", O_RDONLY) = 3
