23674 15:08:09.418008 write(5, "\v", 1) = 1
23674 15:08:09.418019 read(5,  <unfinished ...>
23672 15:08:09.418027 _llseek(5, 0,  <unfinished ...>
23670 15:08:09.418034 read(4, "\v", 1)  = 1
23672 15:08:09.418045 <... _llseek resumed> [0], SEEK_CUR) = 0
23672 15:08:09.418053 fstat64(5,  <unfinished ...>
23670 15:08:09.418063 write(4, "\1\0\0\0", 4) = 4
23674 15:08:09.418098 <... read resumed> "\1\0\0\0", 4) = 4
23674 15:08:09.418108 gettimeofday({1495652889, 418121}, NULL) = 0
23674 15:08:09.418129 getcwd("/home/msfadmin", 4096) = 15
23674 15:08:09.418141 open("myfile36", O_RDONLY|O_NONBLOCK|O_LARGEFILE) = 4
23674 15:08:09.418154 fcntl64(4, F_SETLKW64, {type=F_RDLCK, whence=SEEK_SET, start=0, len=0}, 0xbfbacdb4) = 0
23674 15:08:09.418167 fstat64(4, {st_mode=S_IFREG|0644, st_size=17, ...}) = 0
23674 15:08:09.418184 fcntl64(4, F_GETFL) = 0x8800 (flags O_RDONLY|O_NONBLOCK|O_LARGEFILE)
23674 15:08:09.418194 fcntl64(4, F_SETFL, O_RDONLY|O_LARGEFILE) = 0
23674 15:08:09.418207 write(5, "\v", 1) = 1
23674 15:08:09.418217 read(5,  <unfinished ...>
23672 15:08:09.418224 <... fstat64 resumed> {st_mode=S_IFREG|0640, st_size=1233, ...}) = 0
23672 15:08:09.418237 mmap2(NULL, 1233, PROT_READ, MAP_SHARED, 5, 0 <unfinished ...>
23670 15:08:09.418245 read(4,  <unfinished ...>
23672 15:08:09.418251 <... mmap2 resumed> ) = 0xb7fcd000
23670 15:08:09.418257 <... read resumed> "\v", 1) = 1
23672 15:08:09.418265 _llseek(5, 1233,  <unfinished ...>
23670 15:08:09.418271 write(4, "\1\0\0\0", 4 <unfinished ...>
23672 15:08:09.418278 <... _llseek resumed> [1233], SEEK_SET) = 0
23670 15:08:09.418285 <... write resumed> ) = 4
23674 15:08:09.418290 <... read resumed> "\1\0\0\0", 4) = 4
23674 15:08:09.418298 write(5, "\v", 1) = 1
23674 15:08:09.418308 read(5,  <unfinished ...>
23672 15:08:09.418322 munmap(0xb7fcd000, 1233 <unfinished ...>
23670 15:08:09.418329 read(4, "\v", 1)  = 1
23670 15:08:09.418340 write(4, "\1\0\0\0", 4) = 4
23674 15:08:09.418350 <... read resumed> "\1\0\0\0", 4) = 4
23674 15:08:09.418357 write(5, "\r", 1) = 1
23674 15:08:09.418367 read(5,  <unfinished ...>
23670 15:08:09.418374 read(4, "\r", 1)  = 1
23670 15:08:09.418387 select(6, [5], NULL, NULL, {60, 0} <unfinished ...>
23672 15:08:09.418396 <... munmap resumed> ) = 0
23670 15:08:09.418402 <... select resumed> ) = 1 (in [5], left {60, 0})
23672 15:08:09.418411 close(5 <unfinished ...>
23670 15:08:09.418419 accept(5,  <unfinished ...>
23672 15:08:09.418425 <... close resumed> ) = 0
23672 15:08:09.418682 getuid32( <unfinished ...>
23670 15:08:09.418693 <... accept resumed> {sa_family=AF_INET, sin_port=htons(38137), sin_addr=inet_addr("127.0.0.1")}, [16]) = 6
23670 15:08:09.418711 write(4, "\1", 1) = 1
23674 15:08:09.418722 <... read resumed> "\1", 1) = 1
23674 15:08:09.418732 recvmsg(5,  <unfinished ...>
23670 15:08:09.418742 sendmsg(4, {msg_name(0)=NULL, msg_iov(1)=[{"\0", 1}], msg_controllen=16, {cmsg_len=16, cmsg_level=SOL_SOCKET, cmsg_type=SCM_RIGHTS, {6}}, msg_flags=0}, 0) = 1
23674 15:08:09.418760 <... recvmsg resumed> {msg_name(0)=NULL, msg_iov(1)=[{"\0", 1}], msg_controllen=16, {cmsg_len=16, cmsg_level=SOL_SOCKET, cmsg_type=SCM_RIGHTS, {6}}, msg_flags=0}, 0) = 1
23674 15:08:09.418773 setsockopt(6, SOL_SOCKET, SO_KEEPALIVE, [1], 4) = 0
23674 15:08:09.418785 setsockopt(6, SOL_IP, IP_TOS, [8], 4) = 0
23674 15:08:09.418797 setsockopt(6, SOL_SOCKET, SO_LINGER, {onoff=1, linger=32767}, 8) = 0
23674 15:08:09.418808 rt_sigaction(SIGALRM, {0x805cad0, ~[RTMIN RT_1], 0}, NULL, 8) = 0
23674 15:08:09.418822 alarm(300)        = 300
23674 15:08:09.418836 write(0, "150 Opening BINARY mode data connection for myfile36 (17 bytes).\r\n", 66) = 66
23674 15:08:09.418879 _llseek(4, 0, [0], SEEK_CUR) = 0
23674 15:08:09.418892 fstat64(4, {st_mode=S_IFREG|0644, st_size=17, ...}) = 0
23674 15:08:09.418909 _llseek(4, 0, [0], SEEK_SET) = 0
23674 15:08:09.418921 sendfile(6, 4, NULL, 17) = 17
23674 15:08:09.418949 rt_sigaction(SIGALRM, {0x805cad0, ~[RTMIN RT_1], 0}, NULL, 8) = 0
23674 15:08:09.418964 alarm(300)        = 300
23674 15:08:09.418974 close(6)          = 0
23674 15:08:09.418983 alarm(0)          = 300
23674 15:08:09.418992 gettimeofday({1495652889, 418996}, NULL) = 0
23674 15:08:09.419010 getpid()          = 23674
23674 15:08:09.419021 gettimeofday({1495652889, 419025}, NULL) = 0
23674 15:08:09.419039 fcntl64(3, F_SETLKW64, {type=F_WRLCK, whence=SEEK_SET, start=0, len=0}, 0xbfbacd54) = 0
23674 15:08:09.419078 write(3, "Wed May 24 15:08:09 2017 [pid 23674] [msfadmin] OK DOWNLOAD: Client \"127.0.0.1\", \"/home/msfadmin/myfile36\", 17 bytes, 18.36Kbyte/sec\n", 133) = 133
23674 15:08:09.419111 fcntl64(3, F_SETLK64, {type=F_UNLCK, whence=SEEK_SET, start=0, len=0}, 0xbfbacd5c) = 0
23674 15:08:09.419126 write(0, "226 Transfer complete.\r\n", 24) = 24
23674 15:08:09.419143 write(5, "\n", 1) = 1
23674 15:08:09.419154 read(5,  <unfinished ...>
23670 15:08:09.419161 close(6)          = 0
23670 15:08:09.419241 read(4, "\n", 1)  = 1
23670 15:08:09.419254 close(5)          = 0
23670 15:08:09.419265 write(4, "\1", 1) = 1
23674 15:08:09.419276 <... read resumed> "\1", 1) = 1
23674 15:08:09.419283 close(4)          = 0
23674 15:08:09.419294 rt_sigaction(SIGALRM, {0x805cad0, ~[RTMIN RT_1], 0}, NULL, 8) = 0
23674 15:08:09.419307 alarm(300)        = 0
23674 15:08:09.419318 recv(0,  <unfinished ...>
23670 15:08:09.419326 read(4,  <unfinished ...>
23672 15:08:09.419332 <... getuid32 resumed> ) = 0
23672 15:08:09.419340 open("/etc/passwd", O_RDONLY|0x80000 /* O_??? */) = 5
23672 15:08:09.419354 _llseek(5, 0, [0], SEEK_CUR) = 0
23672 15:08:09.419366 fstat64(5, {st_mode=S_IFREG|0644, st_size=1624, ...}) = 0
23672 15:08:09.419383 mmap2(NULL, 1624, PROT_READ, MAP_SHARED, 5, 0) = 0xb7fcd000
23672 15:08:09.419395 _llseek(5, 1624, [1624], SEEK_SET) = 0
23672 15:08:09.419412 munmap(0xb7fcd000, 1624) = 0
23672 15:08:09.419422 close(5)          = 0
23672 15:08:09.419437 open("/etc/shadow", O_RDONLY|0x80000 /* O_??? */) = 5
23672 15:08:09.419450 _llseek(5, 0, [0], SEEK_CUR) = 0
23672 15:08:09.419460 fstat64(5, {st_mode=S_IFREG|0640, st_size=1233, ...}) = 0
23672 15:08:09.419477 mmap2(NULL, 1233, PROT_READ, MAP_SHARED, 5, 0) = 0xb7fcd000
23672 15:08:09.419487 _llseek(5, 1233, [1233], SEEK_SET) = 0
23672 15:08:09.419505 munmap(0xb7fcd000, 1233) = 0
23672 15:08:09.419514 close(5)          = 0
23672 15:08:09.419526 time(NULL)        = 1495652889
23672 15:08:09.419541 munmap(0xb7fca000, 12164) = 0
23672 15:08:09.419573 munmap(0xb7fc8000, 7136) = 0
23672 15:08:09.419590 munmap(0xb7dfd000, 95428) = 0
23672 15:08:09.419613 munmap(0xb7dc3000, 201052) = 0
23672 15:08:09.419624 munmap(0xb7daa000, 101180) = 0
23672 15:08:09.419640 gettimeofday({1495652889, 419644}, NULL) = 0
23672 15:08:09.419652 stat64("/usr/share/zoneinfo/UTC+04:00", 0xbffec154) = -1 ENOENT (No such file or directory)
23672 15:08:09.419667 open("/usr/share/zoneinfo/UTC+04:00", O_RDONLY) = -1 ENOENT (No such file or directory)
23672 15:08:09.419692 fcntl64(3, F_SETLKW64, {type=F_WRLCK, whence=SEEK_SET, start=0, len=0}, 0xbffec2a4) = 0
23672 15:08:09.419708 write(3, "Wed May 24 15:08:09 2017 [pid 23672] [msfadmin] OK LOGIN: Client \"127.0.0.1\"\n", 77) = 77
23672 15:08:09.419725 fcntl64(3, F_SETLK64, {type=F_UNLCK, whence=SEEK_SET, start=0, len=0}, 0xbffec2ac) = 0
23672 15:08:09.419738 rt_sigaction(SIGCHLD, {0x805cad0, ~[RTMIN RT_1], 0}, NULL, 8) = 0
23672 15:08:09.419752 write(4, "\1", 1 <unfinished ...>
23673 15:08:09.419761 <... read resumed> "\1", 1) = 1
23672 15:08:09.419766 <... write resumed> ) = 1
23673 15:08:09.419773 exit_group(0)     = ?
23672 15:08:09.419799 --- SIGCHLD (Child exited) @ 0 (0) ---
23672 15:08:09.419807 sigreturn()       = ? (mask now [])
23672 15:08:09.419825 wait4(-1, [{WIFEXITED(s) && WEXITSTATUS(s) == 0}], 0, NULL) = 23673
23672 15:08:09.419838 close(4)          = 0
23672 15:08:09.419849 socketpair(PF_FILE, SOCK_STREAM, 0, [4, 5]) = 0
23672 15:08:09.419863 rt_sigaction(SIGCHLD, {0x805cad0, ~[RTMIN RT_1], 0}, NULL, 8) = 0
23672 15:08:09.419876 rt_sigaction(SIGALRM, {0x805cb10, ~[RTMIN RT_1], 0}, NULL, 8) = 0
23672 15:08:09.419890 clone(child_stack=0, flags=CLONE_CHILD_CLEARTID|CLONE_CHILD_SETTID|SIGCHLD, child_tidptr=0xb7e336f8) = 23675
23675 15:08:09.419938 prctl(0x1, 0x9, 0, 0, 0) = 0
23675 15:08:09.419952 close(4)          = 0
23675 15:08:09.419978 open("/etc/passwd", O_RDONLY|0x80000 /* O_??? */) = 4
23675 15:08:09.419996 _llseek(4, 0, [0], SEEK_CUR) = 0
23675 15:08:09.420012 fstat64(4, {st_mode=S_IFREG|0644, st_size=1624, ...}) = 0
23675 15:08:09.420034 mmap2(NULL, 1624, PROT_READ, MAP_SHARED, 4, 0) = 0xb7fcd000
23675 15:08:09.420046 _llseek(4, 1624, [1624], SEEK_SET) = 0
23675 15:08:09.420114 munmap(0xb7fcd000, 1624) = 0
23675 15:08:09.420126 close(4)          = 0
23675 15:08:09.420140 getuid32()        = 0
23675 15:08:09.420150 open("/etc/passwd", O_RDONLY|0x80000 /* O_??? */) = 4
23675 15:08:09.420164 _llseek(4, 0, [0], SEEK_CUR) = 0
23675 15:08:09.420175 fstat64(4, {st_mode=S_IFREG|0644, st_size=1624, ...}) = 0
23675 15:08:09.420191 mmap2(NULL, 1624, PROT_READ, MAP_SHARED, 4, 0) = 0xb7fcd000
23675 15:08:09.420202 _llseek(4, 1624, [1624], SEEK_SET) = 0
23675 15:08:09.420219 munmap(0xb7fcd000, 1624) = 0
23675 15:08:09.420228 close(4)          = 0
23675 15:08:09.420254 open("/proc/sys/kernel/ngroups_max", O_RDONLY) = 4
23675 15:08:09.420273 read(4, "65536\n", 31) = 6
23675 15:08:09.420285 close(4)          = 0
23675 15:08:09.420301 socket(PF_FILE, SOCK_STREAM, 0) = 4
23675 15:08:09.420313 fcntl64(4, F_SETFL, O_RDWR|O_NONBLOCK) = 0
23675 15:08:09.420324 connect(4, {sa_family=AF_FILE, path="/var/run/nscd/socket"}, 110) = -1 ENOENT (No such file or directory)
23675 15:08:09.420345 close(4)          = 0
23675 15:08:09.420357 socket(PF_FILE, SOCK_STREAM, 0) = 4
23675 15:08:09.420367 fcntl64(4, F_SETFL, O_RDWR|O_NONBLOCK) = 0
23675 15:08:09.420377 connect(4, {sa_family=AF_FILE, path="/var/run/nscd/socket"}, 110) = -1 ENOENT (No such file or directory)
23675 15:08:09.420395 close(4)          = 0
23675 15:08:09.420418 open("/etc/group", O_RDONLY|0x80000 /* O_??? */) = 4
23675 15:08:09.420433 _llseek(4, 0, [0], SEEK_CUR) = 0
23675 15:08:09.420443 fstat64(4, {st_mode=S_IFREG|0644, st_size=886, ...}) = 0
23675 15:08:09.420460 mmap2(NULL, 886, PROT_READ, MAP_SHARED, 4, 0) = 0xb7fcd000
23675 15:08:09.420471 _llseek(4, 886, [886], SEEK_SET) = 0
23675 15:08:09.420495 fstat64(4, {st_mode=S_IFREG|0644, st_size=886, ...}) = 0
23675 15:08:09.420512 munmap(0xb7fcd000, 886) = 0
23675 15:08:09.420523 close(4)          = 0
23675 15:08:09.420532 setgroups32(13, [1000, 4, 20, 24, 25, 29, 30, 44, 46, 107, 111, 112, 119]) = 0
23675 15:08:09.420570 geteuid32()       = 0
23675 15:08:09.420583 getegid32()       = 0
23675 15:08:09.420606 setregid32(-1, 1000) = 0
23675 15:08:09.420617 setreuid32(-1, 1000) = 0
23675 15:08:09.420627 chdir("/home/msfadmin") = 0
23675 15:08:09.420639 setreuid32(-1, 0) = 0
23675 15:08:09.420648 setregid32(-1, 0) = 0
23675 15:08:09.420659 setgid32(1000)    = 0
23675 15:08:09.420669 setuid32(1000)    = 0
23675 15:08:09.420679 setrlimit(RLIMIT_NPROC, {rlim_cur=0, rlim_max=0}) = 0
23675 15:08:09.420692 mmap2(NULL, 12288, PROT_READ|PROT_WRITE, MAP_PRIVATE|MAP_ANONYMOUS, -1, 0) = 0xb7fcb000
23675 15:08:09.420703 mprotect(0xb7fcd000, 4096, PROT_NONE) = 0
23675 15:08:09.420715 mprotect(0xb7fcb000, 4096, PROT_NONE) = 0
23675 15:08:09.420726 getcwd("/home/msfadmin", 4096) = 15
23675 15:08:09.420739 umask(022)        = 077
23675 15:08:09.420749 getcwd("/home/msfadmin", 4096) = 15
23675 15:08:09.420762 open(".message", O_RDONLY|O_NONBLOCK|O_LARGEFILE) = -1 ENOENT (No such file or directory)
23675 15:08:09.420784 write(0, "230 Login successful.\r\n", 23) = 23
23675 15:08:09.420859 rt_sigaction(SIGALRM, {0x805cad0, ~[RTMIN RT_1], 0}, NULL, 8) = 0
23675 15:08:09.420876 alarm(300)        = 0
23675 15:08:09.420887 mmap2(NULL, 12288, PROT_READ|PROT_WRITE, MAP_PRIVATE|MAP_ANONYMOUS, -1, 0) = 0xb7fc8000
23675 15:08:09.420898 mprotect(0xb7fca000, 4096, PROT_NONE) = 0
23675 15:08:09.420909 mprotect(0xb7fc8000, 4096, PROT_NONE) = 0
23675 15:08:09.420922 recv(0, "TYPE I\r\n", 4096, MSG_PEEK) = 8
23675 15:08:09.420935 read(0, "TYPE I\r\n", 8) = 8
23675 15:08:09.420951 write(0, "200 Switching to Binary mode.\r\n", 31) = 31
23675 15:08:09.420990 rt_sigaction(SIGALRM, {0x805cad0, ~[RTMIN RT_1], 0}, NULL, 8) = 0
23675 15:08:09.421005 alarm(300)        = 300
23675 15:08:09.421017 recv(0, "PASV\r\n", 4096, MSG_PEEK) = 6
23675 15:08:09.421028 read(0, "PASV\r\n", 6) = 6
23675 15:08:09.421334 write(5, "\n", 1) = 1
23675 15:08:09.421502 read(5,  <unfinished ...>
23672 15:08:09.421560 close(5)          = 0
23672 15:08:09.421613 getuid32()        = 0
23672 15:08:09.421647 open("/etc/passwd", O_RDONLY|0x80000 /* O_??? */) = 5
23672 15:08:09.421675 _llseek(5, 0, [0], SEEK_CUR) = 0
23672 15:08:09.421699 fstat64(5, {st_mode=S_IFREG|0644, st_size=1624, ...}) = 0
23672 15:08:09.421718 mmap2(NULL, 1624, PROT_READ, MAP_SHARED, 5, 0) = 0xb7fcd000
23672 15:08:09.421730 _llseek(5, 1624, [1624], SEEK_SET) = 0
23672 15:08:09.421747 munmap(0xb7fcd000, 1624) = 0
23672 15:08:09.421759 close(5)          = 0
23672 15:08:09.421775 setgroups32(0, []) = 0
23672 15:08:09.421786 chdir("/usr/share/empty") = 0
23672 15:08:09.421799 chroot(".")       = 0
23672 15:08:09.421809 capset(NULL, NULL) = -1 EFAULT (Bad address)
23672 15:08:09.421822 prctl(0x8, 0, 0xbffec288, 0x80549a6, 0xbffec270) = 0
23672 15:08:09.421833 prctl(0x8, 0x1, 0xbffec288, 0x8054a49, 0xbffec270) = 0
23672 15:08:09.421844 setgid32(65534)   = 0
23672 15:08:09.421854 setuid32(65534)   = 0
23672 15:08:09.421864 capset(0x19980330, 0, {CAP_NET_BIND_SERVICE, CAP_NET_BIND_SERVICE, 0}) = 0
23672 15:08:09.421876 read(4, "\n", 1)  = 1
23672 15:08:09.421889 write(4, "\1", 1) = 1
23675 15:08:09.421901 <... read resumed> "\1", 1) = 1
23675 15:08:09.421908 write(5, "\f", 1) = 1
23675 15:08:09.421918 read(5,  <unfinished ...>
23672 15:08:09.421925 read(4, "\f", 1)  = 1
23672 15:08:09.421938 socket(PF_INET, SOCK_STREAM, IPPROTO_TCP) = 5
23672 15:08:09.421951 setsockopt(5, SOL_SOCKET, SO_REUSEADDR, [1], 4) = 0
23672 15:08:09.421963 gettimeofday({1495652889, 421966}, NULL) = 0
23672 15:08:09.421979 bind(5, {sa_family=AF_INET, sin_port=htons(54043), sin_addr=inet_addr("127.0.0.1")}, 16) = 0
23672 15:08:09.421994 listen(5, 1)      = 0
23672 15:08:09.422025 write(4, "\33\323\0\0", 4) = 4
23675 15:08:09.422040 <... read resumed> "\33\323\0\0", 4) = 4
23675 15:08:09.422064 write(0, "227 Entering Passive Mode (127,0,0,1,211,27).\r\n", 47) = 47
23675 15:08:09.422161 rt_sigaction(SIGALRM, {0x805cad0, ~[RTMIN RT_1], 0}, NULL, 8) = 0
23675 15:08:09.422178 alarm(300)        = 300
23675 15:08:09.422190 recv(0, "STOR myfile17\r\n", 4096, MSG_PEEK) = 15
23675 15:08:09.422202 read(0, "STOR myfile17\r\n", 15) = 15
23675 15:08:09.422217 write(5, "\v", 1) = 1
23675 15:08:09.422228 read(5,  <unfinished ...>
23672 15:08:09.422235 read(4, "\v", 1)  = 1
23672 15:08:09.422246 write(4, "\1\0\0\0", 4) = 4
23675 15:08:09.422257 <... read resumed> "\1\0\0\0", 4) = 4
23675 15:08:09.422265 gettimeofday({1495652889, 422269}, NULL) = 0
23675 15:08:09.422276 getcwd("/home/msfadmin", 4096) = 15
23675 15:08:09.422289 open("myfile17", O_WRONLY|O_CREAT|O_NONBLOCK|O_LARGEFILE, 0666) = 4
23675 15:08:09.422302 fstat64(4, {st_mode=S_IFREG|0644, st_size=17, ...}) = 0
23675 15:08:09.422319 fcntl64(4, F_GETFL) = 0x8801 (flags O_WRONLY|O_NONBLOCK|O_LARGEFILE)
23675 15:08:09.422330 fcntl64(4, F_SETFL, O_WRONLY|O_LARGEFILE) = 0
23675 15:08:09.422339 fcntl64(4, F_SETLKW64, {type=F_WRLCK, whence=SEEK_SET, start=0, len=0}, 0xbffec1d4) = 0
23675 15:08:09.422355 ftruncate64(4, 0) = 0
23675 15:08:09.422373 _llseek(4, 0, [0], SEEK_SET) = 0
23675 15:08:09.422384 write(5, "\v", 1) = 1
23675 15:08:09.422394 read(5,  <unfinished ...>
23672 15:08:09.422401 read(4, "\v", 1)  = 1
23672 15:08:09.422412 write(4, "\1\0\0\0", 4) = 4
23675 15:08:09.422423 <... read resumed> "\1\0\0\0", 4) = 4
23675 15:08:09.422431 write(5, "\v", 1) = 1
23675 15:08:09.422440 read(5,  <unfinished ...>
23672 15:08:09.422447 read(4, "\v", 1)  = 1
23672 15:08:09.422458 write(4, "\1\0\0\0", 4) = 4
23675 15:08:09.422468 <... read resumed> "\1\0\0\0", 4) = 4
23675 15:08:09.422475 write(5, "\r", 1) = 1
23675 15:08:09.422485 read(5,  <unfinished ...>
23672 15:08:09.422492 read(4, "\r", 1)  = 1
23672 15:08:09.422525 select(6, [5], NULL, NULL, {60, 0}) = 1 (in [5], left {60, 0})
23672 15:08:09.422545 accept(5, {sa_family=AF_INET, sin_port=htons(59623), sin_addr=inet_addr("127.0.0.1")}, [16]) = 6
23672 15:08:09.422581 write(4, "\1", 1) = 1
23675 15:08:09.422592 <... read resumed> "\1", 1) = 1
23675 15:08:09.422602 recvmsg(5,  <unfinished ...>
23672 15:08:09.422611 sendmsg(4, {msg_name(0)=NULL, msg_iov(1)=[{"\0", 1}], msg_controllen=16, {cmsg_len=16, cmsg_level=SOL_SOCKET, cmsg_type=SCM_RIGHTS, {6}}, msg_flags=0}, 0) = 1
23675 15:08:09.422633 <... recvmsg resumed> {msg_name(0)=NULL, msg_iov(1)=[{"\0", 1}], msg_controllen=16, {cmsg_len=16, cmsg_level=SOL_SOCKET, cmsg_type=SCM_RIGHTS, {6}}, msg_flags=0}, 0) = 1
23675 15:08:09.422646 setsockopt(6, SOL_SOCKET, SO_KEEPALIVE, [1], 4) = 0
23675 15:08:09.422659 setsockopt(6, SOL_IP, IP_TOS, [8], 4) = 0
23675 15:08:09.422670 setsockopt(6, SOL_SOCKET, SO_LINGER, {onoff=1, linger=32767}, 8) = 0
23675 15:08:09.422681 rt_sigaction(SIGALRM, {0x805cad0, ~[RTMIN RT_1], 0}, NULL, 8) = 0
23675 15:08:09.422695 alarm(300)        = 300
23675 15:08:09.422707 write(0, "150 Ok to send data.\r\n", 22) = 22
23675 15:08:09.422770 mmap2(NULL, 77824, PROT_READ|PROT_WRITE, MAP_PRIVATE|MAP_ANONYMOUS, -1, 0) = 0xb7e02000
23675 15:08:09.422784 mprotect(0xb7e14000, 4096, PROT_NONE) = 0
23675 15:08:09.422795 mprotect(0xb7e02000, 4096, PROT_NONE) = 0
23675 15:08:09.422805 read(6, "assasaaa\na\na\na\na\n", 65536) = 17
23675 15:08:09.422819 write(4, "assasaaa\na\na\na\na\n", 17) = 17
23675 15:08:09.422834 read(6, "", 65536) = 0
23675 15:08:09.422845 rt_sigaction(SIGALRM, {0x805cad0, ~[RTMIN RT_1], 0}, NULL, 8) = 0
23675 15:08:09.422859 alarm(300)        = 300
23675 15:08:09.422868 close(6)          = 0
23675 15:08:09.422877 alarm(0)          = 300
23675 15:08:09.422887 gettimeofday({1495652889, 422890}, NULL) = 0
23675 15:08:09.422904 getpid()          = 23675
23675 15:08:09.422916 gettimeofday({1495652889, 422920}, NULL) = 0
23675 15:08:09.422932 fcntl64(3, F_SETLKW64, {type=F_WRLCK, whence=SEEK_SET, start=0, len=0}, 0xbffec174) = 0
23675 15:08:09.422947 write(3, "Wed May 24 15:08:09 2017 [pid 23675] [msfadmin] OK UPLOAD: Client \"127.0.0.1\", \"/home/msfadmin/myfile17\", 17 bytes, 25.50Kbyte/sec\n", 131) = 131
23675 15:08:09.422967 fcntl64(3, F_SETLK64, {type=F_UNLCK, whence=SEEK_SET, start=0, len=0}, 0xbffec17c) = 0
23675 15:08:09.422981 write(0, "226 Transfer complete.\r\n", 24) = 24
23675 15:08:09.423052 write(5, "\n", 1) = 1
23675 15:08:09.423065 read(5,  <unfinished ...>
23672 15:08:09.423072 close(6)          = 0
23672 15:08:09.423091 read(4, "\n", 1)  = 1
23672 15:08:09.423102 close(5)          = 0
23672 15:08:09.423113 write(4, "\1", 1) = 1
23675 15:08:09.423124 <... read resumed> "\1", 1) = 1
23675 15:08:09.423131 close(4)          = 0
23675 15:08:09.423141 rt_sigaction(SIGALRM, {0x805cad0, ~[RTMIN RT_1], 0}, NULL, 8) = 0
23675 15:08:09.423155 alarm(300)        = 0
23675 15:08:09.423166 recv(0,  <unfinished ...>
23672 15:08:09.423173 read(4,  <unfinished ...>
23675 15:08:09.946141 <... recv resumed> "TYPE I\r\n", 4096, MSG_PEEK) = 8
23675 15:08:09.946180 read(0, "TYPE I\r\n", 8) = 8
23675 15:08:09.946213 write(0, "200 Switching to Binary mode.\r\n", 31) = 31
23675 15:08:09.946265 rt_sigaction(SIGALRM, {0x805cad0, ~[RTMIN RT_1], 0}, NULL, 8) = 0
23675 15:08:09.946282 alarm(300)        = 299
23675 15:08:09.946295 recv(0, "PASV\r\n", 4096, MSG_PEEK) = 6
23675 15:08:09.946307 read(0, "PASV\r\n", 6) = 6
23675 15:08:09.946319 write(5, "\n", 1) = 1
23675 15:08:09.946331 read(5,  <unfinished ...>
23672 15:08:09.946340 <... read resumed> "\n", 1) = 1
23672 15:08:09.946349 write(4, "\1", 1) = 1
23675 15:08:09.946360 <... read resumed> "\1", 1) = 1
23675 15:08:09.946367 write(5, "\f", 1) = 1
23675 15:08:09.946377 read(5,  <unfinished ...>
23672 15:08:09.946384 read(4, "\f", 1)  = 1
23672 15:08:09.946396 socket(PF_INET, SOCK_STREAM, IPPROTO_TCP) = 5
23672 15:08:09.946412 setsockopt(5, SOL_SOCKET, SO_REUSEADDR, [1], 4) = 0
23672 15:08:09.946426 bind(5, {sa_family=AF_INET, sin_port=htons(60084), sin_addr=inet_addr("127.0.0.1")}, 16) = 0
23672 15:08:09.946443 listen(5, 1)      = 0
23672 15:08:09.946460 write(4, "\264\352\0\0", 4) = 4
23675 15:08:09.946471 <... read resumed> "\264\352\0\0", 4) = 4
23675 15:08:09.946483 write(0, "227 Entering Passive Mode (127,0,0,1,234,180).\r\n", 48) = 48
23675 15:08:09.946599 rt_sigaction(SIGALRM, {0x805cad0, ~[RTMIN RT_1], 0}, NULL, 8) = 0
23675 15:08:09.946624 alarm(300)        = 300
23675 15:08:09.946636 recv(0, "STOR myfile18\r\n", 4096, MSG_PEEK) = 15
23675 15:08:09.946648 read(0, "STOR myfile18\r\n", 15) = 15
23675 15:08:09.946662 write(5, "\v", 1) = 1
23675 15:08:09.946673 read(5,  <unfinished ...>
23672 15:08:09.946680 read(4, "\v", 1)  = 1
23672 15:08:09.946691 write(4, "\1\0\0\0", 4) = 4
23675 15:08:09.946702 <... read resumed> "\1\0\0\0", 4) = 4
23675 15:08:09.946710 gettimeofday({1495652889, 946713}, NULL) = 0
23675 15:08:09.946721 getcwd("/home/msfadmin", 4096) = 15
23675 15:08:09.946734 open("myfile18", O_WRONLY|O_CREAT|O_NONBLOCK|O_LARGEFILE, 0666) = 4
23675 15:08:09.946748 fstat64(4, {st_mode=S_IFREG|0644, st_size=17, ...}) = 0
23675 15:08:09.946766 fcntl64(4, F_GETFL) = 0x8801 (flags O_WRONLY|O_NONBLOCK|O_LARGEFILE)
23675 15:08:09.946777 fcntl64(4, F_SETFL, O_WRONLY|O_LARGEFILE) = 0
23675 15:08:09.946787 fcntl64(4, F_SETLKW64, {type=F_WRLCK, whence=SEEK_SET, start=0, len=0}, 0xbffec1d4) = 0
23675 15:08:09.946802 ftruncate64(4, 0) = 0
23675 15:08:09.946855 _llseek(4, 0, [0], SEEK_SET) = 0
23675 15:08:09.946877 write(5, "\v", 1) = 1
23675 15:08:09.946888 read(5,  <unfinished ...>
23672 15:08:09.946895 read(4, "\v", 1)  = 1
23672 15:08:09.946907 write(4, "\1\0\0\0", 4) = 4
23675 15:08:09.946917 <... read resumed> "\1\0\0\0", 4) = 4
23675 15:08:09.946925 write(5, "\v", 1) = 1
23675 15:08:09.946935 read(5,  <unfinished ...>
23672 15:08:09.946941 read(4, "\v", 1)  = 1
23672 15:08:09.946952 write(4, "\1\0\0\0", 4) = 4
23675 15:08:09.946962 <... read resumed> "\1\0\0\0", 4) = 4
23675 15:08:09.946970 write(5, "\r", 1) = 1
23675 15:08:09.946980 read(5,  <unfinished ...>
23672 15:08:09.946986 read(4, "\r", 1)  = 1
23672 15:08:09.946998 select(6, [5], NULL, NULL, {60, 0}) = 1 (in [5], left {60, 0})
23672 15:08:09.947015 accept(5, {sa_family=AF_INET, sin_port=htons(54220), sin_addr=inet_addr("127.0.0.1")}, [16]) = 6
23672 15:08:09.947038 write(4, "\1", 1) = 1
23675 15:08:09.947048 <... read resumed> "\1", 1) = 1
23675 15:08:09.947057 recvmsg(5,  <unfinished ...>
23672 15:08:09.947065 sendmsg(4, {msg_name(0)=NULL, msg_iov(1)=[{"\0", 1}], msg_controllen=16, {cmsg_len=16, cmsg_level=SOL_SOCKET, cmsg_type=SCM_RIGHTS, {6}}, msg_flags=0}, 0) = 1
23675 15:08:09.947083 <... recvmsg resumed> {msg_name(0)=NULL, msg_iov(1)=[{"\0", 1}], msg_controllen=16, {cmsg_len=16, cmsg_level=SOL_SOCKET, cmsg_type=SCM_RIGHTS, {6}}, msg_flags=0}, 0) = 1
23675 15:08:09.947096 setsockopt(6, SOL_SOCKET, SO_KEEPALIVE, [1], 4) = 0
23675 15:08:09.947108 setsockopt(6, SOL_IP, IP_TOS, [8], 4) = 0
23675 15:08:09.947120 setsockopt(6, SOL_SOCKET, SO_LINGER, {onoff=1, linger=32767}, 8) = 0
23675 15:08:09.947132 rt_sigaction(SIGALRM, {0x805cad0, ~[RTMIN RT_1], 0}, NULL, 8) = 0
23675 15:08:09.947145 alarm(300)        = 300
23675 15:08:09.947158 write(0, "150 Ok to send data.\r\n", 22) = 22
23675 15:08:09.947224 read(6, "assasaaa\na\na\na\na\n", 65536) = 17
23675 15:08:09.947239 write(4, "assasaaa\na\na\na\na\n", 17) = 17
23675 15:08:09.947255 read(6, "", 65536) = 0
23675 15:08:09.947265 rt_sigaction(SIGALRM, {0x805cad0, ~[RTMIN RT_1], 0}, NULL, 8) = 0
23675 15:08:09.947279 alarm(300)        = 300
23675 15:08:09.947289 close(6)          = 0
23675 15:08:09.947298 alarm(0)          = 300
23675 15:08:09.947309 gettimeofday({1495652889, 947312}, NULL) = 0
23675 15:08:09.947324 gettimeofday({1495652889, 947328}, NULL) = 0
23675 15:08:09.947338 fcntl64(3, F_SETLKW64, {type=F_WRLCK, whence=SEEK_SET, start=0, len=0}, 0xbffec174) = 0
23675 15:08:09.947353 write(3, "Wed May 24 15:08:09 2017 [pid 23675] [msfadmin] OK UPLOAD: Client \"127.0.0.1\", \"/home/msfadmin/myfile18\", 17 bytes, 26.99Kbyte/sec\n", 131) = 131
23675 15:08:09.947375 fcntl64(3, F_SETLK64, {type=F_UNLCK, whence=SEEK_SET, start=0, len=0}, 0xbffec17c) = 0
23675 15:08:09.947389 write(0, "226 Transfer complete.\r\n", 24) = 24
23675 15:08:09.947433 write(5, "\n", 1) = 1
23675 15:08:09.947445 read(5,  <unfinished ...>
23672 15:08:09.947452 close(6)          = 0
23672 15:08:09.947470 read(4, "\n", 1)  = 1
23672 15:08:09.947481 close(5)          = 0
23672 15:08:09.947495 write(4, "\1", 1) = 1
23675 15:08:09.947507 <... read resumed> "\1", 1) = 1
23675 15:08:09.947513 close(4)          = 0
23675 15:08:09.947524 rt_sigaction(SIGALRM, {0x805cad0, ~[RTMIN RT_1], 0}, NULL, 8) = 0
23675 15:08:09.947537 alarm(300)        = 0
23675 15:08:09.947548 recv(0,  <unfinished ...>
23672 15:08:09.947556 read(4,  <unfinished ...>
23674 15:08:09.975336 <... recv resumed> "USER msfadmin\r\n", 4096, MSG_PEEK) = 15
23674 15:08:09.975375 read(0, "USER msfadmin\r\n", 15) = 15
23674 15:08:09.975401 write(0, "331 Any password will do.\r\n", 27) = 27
23674 15:08:09.975447 rt_sigaction(SIGALRM, {0x805cad0, ~[RTMIN RT_1], 0}, NULL, 8) = 0
23674 15:08:09.975465 alarm(300)        = 299
23674 15:08:09.975478 recv(0, "PASS msfadmin\r\n", 4096, MSG_PEEK) = 15
23674 15:08:09.975490 read(0, "PASS msfadmin\r\n", 15) = 15
23674 15:08:09.975507 write(0, "230 Already logged in.\r\n", 24) = 24
23674 15:08:09.975568 rt_sigaction(SIGALRM, {0x805cad0, ~[RTMIN RT_1], 0}, NULL, 8) = 0
23674 15:08:09.975584 alarm(300)        = 300
23674 15:08:09.975595 recv(0, "TYPE I\r\n", 4096, MSG_PEEK) = 8
23674 15:08:09.975607 read(0, "TYPE I\r\n", 8) = 8
23674 15:08:09.975622 write(0, "200 Switching to Binary mode.\r\n", 31) = 31
23674 15:08:09.975657 rt_sigaction(SIGALRM, {0x805cad0, ~[RTMIN RT_1], 0}, NULL, 8) = 0
23674 15:08:09.975671 alarm(300)        = 300
23674 15:08:09.975682 recv(0, "PASV\r\n", 4096, MSG_PEEK) = 6
23674 15:08:09.975693 read(0, "PASV\r\n", 6) = 6
23674 15:08:09.975705 write(5, "\n", 1 <unfinished ...>
23670 15:08:09.975717 <... read resumed> "\n", 1) = 1
23674 15:08:09.975722 <... write resumed> ) = 1
23670 15:08:09.975729 write(4, "\1", 1) = 1
23670 15:08:09.975740 read(4,  <unfinished ...>
23674 15:08:09.975748 read(5, "\1", 1)  = 1
23674 15:08:09.975759 write(5, "\f", 1 <unfinished ...>
23670 15:08:09.975766 <... read resumed> "\f", 1) = 1
23674 15:08:09.975770 <... write resumed> ) = 1
23670 15:08:09.975778 socket(PF_INET, SOCK_STREAM, IPPROTO_TCP) = 5
23670 15:08:09.975794 setsockopt(5, SOL_SOCKET, SO_REUSEADDR, [1], 4) = 0
23670 15:08:09.975808 bind(5, {sa_family=AF_INET, sin_port=htons(39768), sin_addr=inet_addr("127.0.0.1")}, 16) = 0
23670 15:08:09.975825 listen(5, 1)      = 0
23670 15:08:09.975838 write(4, "X\233\0\0", 4) = 4
23670 15:08:09.975849 read(4,  <unfinished ...>
23674 15:08:09.975856 read(5, "X\233\0\0", 4) = 4
23674 15:08:09.975872 write(0, "227 Entering Passive Mode (127,0,0,1,155,88).\r\n", 47) = 47
23674 15:08:09.975984 rt_sigaction(SIGALRM, {0x805cad0, ~[RTMIN RT_1], 0}, NULL, 8) = 0
23674 15:08:09.976001 alarm(300)        = 300
23674 15:08:09.976012 recv(0, "RETR myfile37\r\n", 4096, MSG_PEEK) = 15
23674 15:08:09.976024 read(0, "RETR myfile37\r\n", 15) = 15
23674 15:08:09.976037 write(5, "\v", 1 <unfinished ...>
23670 15:08:09.976045 <... read resumed> "\v", 1) = 1
23674 15:08:09.976050 <... write resumed> ) = 1
23670 15:08:09.976088 write(4, "\1\0\0\0", 4) = 4
23670 15:08:09.976103 read(4,  <unfinished ...>
23674 15:08:09.976110 read(5, "\1\0\0\0", 4) = 4
23674 15:08:09.976132 gettimeofday({1495652889, 976136}, NULL) = 0
23674 15:08:09.976143 getcwd("/home/msfadmin", 4096) = 15
23674 15:08:09.976156 open("myfile37", O_RDONLY|O_NONBLOCK|O_LARGEFILE) = 4
23674 15:08:09.976170 fcntl64(4, F_SETLKW64, {type=F_RDLCK, whence=SEEK_SET, start=0, len=0}, 0xbfbacdb4) = 0
23674 15:08:09.976185 fstat64(4, {st_mode=S_IFREG|0644, st_size=17, ...}) = 0
23674 15:08:09.976202 fcntl64(4, F_GETFL) = 0x8800 (flags O_RDONLY|O_NONBLOCK|O_LARGEFILE)
23674 15:08:09.976213 fcntl64(4, F_SETFL, O_RDONLY|O_LARGEFILE) = 0
23674 15:08:09.976224 write(5, "\v", 1 <unfinished ...>
23670 15:08:09.976232 <... read resumed> "\v", 1) = 1
23674 15:08:09.976237 <... write resumed> ) = 1
23670 15:08:09.976243 write(4, "\1\0\0\0", 4) = 4
23670 15:08:09.976254 read(4,  <unfinished ...>
23674 15:08:09.976261 read(5, "\1\0\0\0", 4) = 4
23674 15:08:09.976272 write(5, "\v", 1 <unfinished ...>
23670 15:08:09.976279 <... read resumed> "\v", 1) = 1
23674 15:08:09.976283 <... write resumed> ) = 1
23670 15:08:09.976289 write(4, "\1\0\0\0", 4) = 4
23670 15:08:09.976307 read(4,  <unfinished ...>
23674 15:08:09.976314 read(5, "\1\0\0\0", 4) = 4
23674 15:08:09.976325 write(5, "\r", 1 <unfinished ...>
23670 15:08:09.976332 <... read resumed> "\r", 1) = 1
23674 15:08:09.976337 <... write resumed> ) = 1
23670 15:08:09.976344 select(6, [5], NULL, NULL, {60, 0}) = 1 (in [5], left {60, 0})
23670 15:08:09.976360 accept(5, {sa_family=AF_INET, sin_port=htons(52724), sin_addr=inet_addr("127.0.0.1")}, [16]) = 6
23670 15:08:09.976383 write(4, "\1", 1) = 1
23670 15:08:09.976395 sendmsg(4, {msg_name(0)=NULL, msg_iov(1)=[{"\0", 1}], msg_controllen=16, {cmsg_len=16, cmsg_level=SOL_SOCKET, cmsg_type=SCM_RIGHTS, {6}}, msg_flags=0}, 0) = 1
23670 15:08:09.976412 close(6)          = 0
23670 15:08:09.976422 read(4,  <unfinished ...>
23674 15:08:09.976429 read(5, "\1", 1)  = 1
23674 15:08:09.976441 recvmsg(5, {msg_name(0)=NULL, msg_iov(1)=[{"\0", 1}], msg_controllen=16, {cmsg_len=16, cmsg_level=SOL_SOCKET, cmsg_type=SCM_RIGHTS, {6}}, msg_flags=0}, 0) = 1
23674 15:08:09.976459 setsockopt(6, SOL_SOCKET, SO_KEEPALIVE, [1], 4) = 0
23674 15:08:09.976471 setsockopt(6, SOL_IP, IP_TOS, [8], 4) = 0
23674 15:08:09.976483 setsockopt(6, SOL_SOCKET, SO_LINGER, {onoff=1, linger=32767}, 8) = 0
23674 15:08:09.976495 rt_sigaction(SIGALRM, {0x805cad0, ~[RTMIN RT_1], 0}, NULL, 8) = 0
23674 15:08:09.976508 alarm(300)        = 300
23674 15:08:09.976521 write(0, "150 Opening BINARY mode data connection for myfile37 (17 bytes).\r\n", 66) = 66
23674 15:08:09.976564 _llseek(4, 0, [0], SEEK_CUR) = 0
23674 15:08:09.976576 fstat64(4, {st_mode=S_IFREG|0644, st_size=17, ...}) = 0
23674 15:08:09.976594 _llseek(4, 0, [0], SEEK_SET) = 0
23674 15:08:09.976604 sendfile(6, 4, NULL, 17) = 17
23674 15:08:09.976636 rt_sigaction(SIGALRM, {0x805cad0, ~[RTMIN RT_1], 0}, NULL, 8) = 0
23674 15:08:09.976650 alarm(300)        = 300
23674 15:08:09.976660 close(6)          = 0
23674 15:08:09.976696 alarm(0)          = 300
23674 15:08:09.976707 gettimeofday({1495652889, 976710}, NULL) = 0
23674 15:08:09.976722 gettimeofday({1495652889, 976726}, NULL) = 0
23674 15:08:09.976737 fcntl64(3, F_SETLKW64, {type=F_WRLCK, whence=SEEK_SET, start=0, len=0}, 0xbfbacd54) = 0
23674 15:08:09.976752 write(3, "Wed May 24 15:08:09 2017 [pid 23674] [msfadmin] OK DOWNLOAD: Client \"127.0.0.1\", \"/home/msfadmin/myfile37\", 17 bytes, 28.14Kbyte/sec\n", 133) = 133
23674 15:08:09.976773 fcntl64(3, F_SETLK64, {type=F_UNLCK, whence=SEEK_SET, start=0, len=0}, 0xbfbacd5c) = 0
23674 15:08:09.976787 write(0, "226 Transfer complete.\r\n", 24) = 24
23674 15:08:09.976852 write(5, "\n", 1 <unfinished ...>
23670 15:08:09.976862 <... read resumed> "\n", 1) = 1
23674 15:08:09.976867 <... write resumed> ) = 1
23670 15:08:09.976873 close(5)          = 0
23670 15:08:09.976885 write(4, "\1", 1) = 1
23670 15:08:09.976896 read(4,  <unfinished ...>
23674 15:08:09.976902 read(5, "\1", 1)  = 1
23674 15:08:09.976913 close(4)          = 0
23674 15:08:09.976924 rt_sigaction(SIGALRM, {0x805cad0, ~[RTMIN RT_1], 0}, NULL, 8) = 0
23674 15:08:09.976937 alarm(300)        = 0
23674 15:08:09.976948 recv(0,  <unfinished ...>
23675 15:08:10.456319 <... recv resumed> "TYPE I\r\n", 4096, MSG_PEEK) = 8
23675 15:08:10.456349 read(0, "TYPE I\r\n", 8) = 8
23675 15:08:10.456372 write(0, "200 Switching to Binary mode.\r\n", 31) = 31
23675 15:08:10.456420 rt_sigaction(SIGALRM, {0x805cad0, ~[RTMIN RT_1], 0}, NULL, 8) = 0
23675 15:08:10.456437 alarm(300)        = 299
23675 15:08:10.456450 recv(0, "PASV\r\n", 4096, MSG_PEEK) = 6
23675 15:08:10.456462 read(0, "PASV\r\n", 6) = 6
23675 15:08:10.456474 write(5, "\n", 1) = 1
23675 15:08:10.456487 read(5,  <unfinished ...>
23672 15:08:10.456496 <... read resumed> "\n", 1) = 1
23672 15:08:10.456505 write(4, "\1", 1) = 1
23675 15:08:10.456516 <... read resumed> "\1", 1) = 1
23675 15:08:10.456523 write(5, "\f", 1) = 1
23675 15:08:10.456533 read(5,  <unfinished ...>
23672 15:08:10.456540 read(4, "\f", 1)  = 1
23672 15:08:10.456552 socket(PF_INET, SOCK_STREAM, IPPROTO_TCP) = 5
23672 15:08:10.456568 setsockopt(5, SOL_SOCKET, SO_REUSEADDR, [1], 4) = 0
23672 15:08:10.456591 bind(5, {sa_family=AF_INET, sin_port=htons(62545), sin_addr=inet_addr("127.0.0.1")}, 16) = 0
23672 15:08:10.456608 listen(5, 1)      = 0
23672 15:08:10.456622 write(4, "Q\364\0\0", 4) = 4
23675 15:08:10.456633 <... read resumed> "Q\364\0\0", 4) = 4
23675 15:08:10.456645 write(0, "227 Entering Passive Mode (127,0,0,1,244,81).\r\n", 47) = 47
23675 15:08:10.456757 rt_sigaction(SIGALRM, {0x805cad0, ~[RTMIN RT_1], 0}, NULL, 8) = 0
23675 15:08:10.456774 alarm(300)        = 300
23675 15:08:10.456786 recv(0, "STOR myfile19\r\n", 4096, MSG_PEEK) = 15
23675 15:08:10.456798 read(0, "STOR myfile19\r\n", 15) = 15
23675 15:08:10.456812 write(5, "\v", 1) = 1
23675 15:08:10.456822 read(5,  <unfinished ...>
23672 15:08:10.456829 read(4, "\v", 1)  = 1
23672 15:08:10.456841 write(4, "\1\0\0\0", 4) = 4
23675 15:08:10.456851 <... read resumed> "\1\0\0\0", 4) = 4
23675 15:08:10.456859 gettimeofday({1495652890, 456863}, NULL) = 0
23675 15:08:10.456871 getcwd("/home/msfadmin", 4096) = 15
23675 15:08:10.456883 open("myfile19", O_WRONLY|O_CREAT|O_NONBLOCK|O_LARGEFILE, 0666) = 4
23675 15:08:10.456897 fstat64(4, {st_mode=S_IFREG|0644, st_size=17, ...}) = 0
23675 15:08:10.456915 fcntl64(4, F_GETFL) = 0x8801 (flags O_WRONLY|O_NONBLOCK|O_LARGEFILE)
23675 15:08:10.456926 fcntl64(4, F_SETFL, O_WRONLY|O_LARGEFILE) = 0
23675 15:08:10.456936 fcntl64(4, F_SETLKW64, {type=F_WRLCK, whence=SEEK_SET, start=0, len=0}, 0xbffec1d4) = 0
23675 15:08:10.456951 ftruncate64(4, 0) = 0
23675 15:08:10.456969 _llseek(4, 0, [0], SEEK_SET) = 0
23675 15:08:10.456980 write(5, "\v", 1) = 1
23675 15:08:10.457010 read(5,  <unfinished ...>
23672 15:08:10.457019 read(4, "\v", 1)  = 1
23672 15:08:10.457041 write(4, "\1\0\0\0", 4) = 4
23675 15:08:10.457051 <... read resumed> "\1\0\0\0", 4) = 4
23675 15:08:10.457059 write(5, "\v", 1) = 1
23675 15:08:10.457069 read(5,  <unfinished ...>
23672 15:08:10.457076 read(4, "\v", 1)  = 1
23672 15:08:10.457086 write(4, "\1\0\0\0", 4) = 4
23675 15:08:10.457097 <... read resumed> "\1\0\0\0", 4) = 4
23675 15:08:10.457104 write(5, "\r", 1) = 1
23675 15:08:10.457114 read(5,  <unfinished ...>
23672 15:08:10.457121 read(4, "\r", 1)  = 1
23672 15:08:10.457132 select(6, [5], NULL, NULL, {60, 0}) = 1 (in [5], left {60, 0})
23672 15:08:10.457149 accept(5, {sa_family=AF_INET, sin_port=htons(52502), sin_addr=inet_addr("127.0.0.1")}, [16]) = 6
23672 15:08:10.457172 write(4, "\1", 1) = 1
23675 15:08:10.457182 <... read resumed> "\1", 1) = 1
23675 15:08:10.457191 recvmsg(5,  <unfinished ...>
23672 15:08:10.457199 sendmsg(4, {msg_name(0)=NULL, msg_iov(1)=[{"\0", 1}], msg_controllen=16, {cmsg_len=16, cmsg_level=SOL_SOCKET, cmsg_type=SCM_RIGHTS, {6}}, msg_flags=0}, 0) = 1
23675 15:08:10.457216 <... recvmsg resumed> {msg_name(0)=NULL, msg_iov(1)=[{"\0", 1}], msg_controllen=16, {cmsg_len=16, cmsg_level=SOL_SOCKET, cmsg_type=SCM_RIGHTS, {6}}, msg_flags=0}, 0) = 1
23675 15:08:10.457229 setsockopt(6, SOL_SOCKET, SO_KEEPALIVE, [1], 4) = 0
23675 15:08:10.457242 setsockopt(6, SOL_IP, IP_TOS, [8], 4) = 0
23675 15:08:10.457254 setsockopt(6, SOL_SOCKET, SO_LINGER, {onoff=1, linger=32767}, 8) = 0
23675 15:08:10.457265 rt_sigaction(SIGALRM, {0x805cad0, ~[RTMIN RT_1], 0}, NULL, 8) = 0
23675 15:08:10.457279 alarm(300)        = 300
23675 15:08:10.457291 write(0, "150 Ok to send data.\r\n", 22) = 22
23675 15:08:10.457358 read(6, "assasaaa\na\na\na\na\n", 65536) = 17
23675 15:08:10.457372 write(4, "assasaaa\na\na\na\na\n", 17) = 17
23675 15:08:10.457388 read(6, "", 65536) = 0
23675 15:08:10.457399 rt_sigaction(SIGALRM, {0x805cad0, ~[RTMIN RT_1], 0}, NULL, 8) = 0
23675 15:08:10.457413 alarm(300)        = 300
23675 15:08:10.457422 close(6)          = 0
23675 15:08:10.457432 alarm(0)          = 300
23675 15:08:10.457441 gettimeofday({1495652890, 457445}, NULL) = 0
23675 15:08:10.457456 gettimeofday({1495652890, 457460}, NULL) = 0
23675 15:08:10.457471 fcntl64(3, F_SETLKW64, {type=F_WRLCK, whence=SEEK_SET, start=0, len=0}, 0xbffec174) = 0
23675 15:08:10.457486 write(3, "Wed May 24 15:08:10 2017 [pid 23675] [msfadmin] OK UPLOAD: Client \"127.0.0.1\", \"/home/msfadmin/myfile19\", 17 bytes, 27.81Kbyte/sec\n", 131) = 131
23675 15:08:10.457510 fcntl64(3, F_SETLK64, {type=F_UNLCK, whence=SEEK_SET, start=0, len=0}, 0xbffec17c) = 0
23675 15:08:10.457525 write(0, "226 Transfer complete.\r\n", 24) = 24
23675 15:08:10.457567 write(5, "\n", 1) = 1
23675 15:08:10.457579 read(5,  <unfinished ...>
23672 15:08:10.457586 close(6)          = 0
23672 15:08:10.457605 read(4, "\n", 1)  = 1
23672 15:08:10.457617 close(5)          = 0
23672 15:08:10.457627 write(4, "\1", 1) = 1
23675 15:08:10.457638 <... read resumed> "\1", 1) = 1
23675 15:08:10.457645 close(4)          = 0
23675 15:08:10.457656 rt_sigaction(SIGALRM, {0x805cad0, ~[RTMIN RT_1], 0}, NULL, 8) = 0
23675 15:08:10.457669 alarm(300)        = 0
23675 15:08:10.457680 recv(0,  <unfinished ...>
23672 15:08:10.457688 read(4,  <unfinished ...>
23674 15:08:10.576043 <... recv resumed> "USER msfadmin\r\n", 4096, MSG_PEEK) = 15
23674 15:08:10.576122 read(0, "USER msfadmin\r\n", 15) = 15
23674 15:08:10.576186 write(0, "331 Any password will do.\r\n", 27) = 27
23674 15:08:10.576260 rt_sigaction(SIGALRM, {0x805cad0, ~[RTMIN RT_1], 0}, NULL, 8) = 0
23674 15:08:10.576288 alarm(300)        = 299
23674 15:08:10.576307 recv(0, "PASS msfadmin\r\n", 4096, MSG_PEEK) = 15
23674 15:08:10.576319 read(0, "PASS msfadmin\r\n", 15) = 15
23674 15:08:10.576335 write(0, "230 Already logged in.\r\n", 24) = 24
23674 15:08:10.576398 rt_sigaction(SIGALRM, {0x805cad0, ~[RTMIN RT_1], 0}, NULL, 8) = 0
23674 15:08:10.576414 alarm(300)        = 300
23674 15:08:10.576425 recv(0, "TYPE I\r\n", 4096, MSG_PEEK) = 8
23674 15:08:10.576437 read(0, "TYPE I\r\n", 8) = 8
23674 15:08:10.576452 write(0, "200 Switching to Binary mode.\r\n", 31) = 31
23674 15:08:10.576487 rt_sigaction(SIGALRM, {0x805cad0, ~[RTMIN RT_1], 0}, NULL, 8) = 0
23674 15:08:10.576501 alarm(300)        = 300
23674 15:08:10.576512 recv(0, "PASV\r\n", 4096, MSG_PEEK) = 6
23674 15:08:10.576523 read(0, "PASV\r\n", 6) = 6
23674 15:08:10.576535 write(5, "\n", 1 <unfinished ...>
23670 15:08:10.576546 <... read resumed> "\n", 1) = 1
23674 15:08:10.576551 <... write resumed> ) = 1
23670 15:08:10.576559 write(4, "\1", 1) = 1
23670 15:08:10.576570 read(4,  <unfinished ...>
23674 15:08:10.576577 read(5, "\1", 1)  = 1
23674 15:08:10.576588 write(5, "\f", 1 <unfinished ...>
23670 15:08:10.576595 <... read resumed> "\f", 1) = 1
23674 15:08:10.576600 <... write resumed> ) = 1
23670 15:08:10.576607 socket(PF_INET, SOCK_STREAM, IPPROTO_TCP) = 5
23670 15:08:10.576623 setsockopt(5, SOL_SOCKET, SO_REUSEADDR, [1], 4) = 0
23670 15:08:10.576638 bind(5, {sa_family=AF_INET, sin_port=htons(22789), sin_addr=inet_addr("127.0.0.1")}, 16) = 0
23670 15:08:10.576654 listen(5, 1)      = 0
23670 15:08:10.576668 write(4, "\5Y\0\0", 4) = 4
23670 15:08:10.576679 read(4,  <unfinished ...>
23674 15:08:10.576686 read(5, "\5Y\0\0", 4) = 4
23674 15:08:10.576701 write(0, "227 Entering Passive Mode (127,0,0,1,89,5).\r\n", 45) = 45
23674 15:08:10.576812 rt_sigaction(SIGALRM, {0x805cad0, ~[RTMIN RT_1], 0}, NULL, 8) = 0
23674 15:08:10.576829 alarm(300)        = 300
23674 15:08:10.576840 recv(0, "RETR myfile38\r\n", 4096, MSG_PEEK) = 15
23674 15:08:10.576876 read(0, "RETR myfile38\r\n", 15) = 15
23674 15:08:10.576890 write(5, "\v", 1 <unfinished ...>
23670 15:08:10.576898 <... read resumed> "\v", 1) = 1
23674 15:08:10.576903 <... write resumed> ) = 1
23670 15:08:10.576910 write(4, "\1\0\0\0", 4) = 4
23670 15:08:10.576921 read(4,  <unfinished ...>
23674 15:08:10.576928 read(5, "\1\0\0\0", 4) = 4
23674 15:08:10.576940 gettimeofday({1495652890, 576944}, NULL) = 0
23674 15:08:10.576951 getcwd("/home/msfadmin", 4096) = 15
23674 15:08:10.576964 open("myfile38", O_RDONLY|O_NONBLOCK|O_LARGEFILE) = 4
23674 15:08:10.576979 fcntl64(4, F_SETLKW64, {type=F_RDLCK, whence=SEEK_SET, start=0, len=0}, 0xbfbacdb4) = 0
23674 15:08:10.577003 fstat64(4, {st_mode=S_IFREG|0644, st_size=17, ...}) = 0
23674 15:08:10.577021 fcntl64(4, F_GETFL) = 0x8800 (flags O_RDONLY|O_NONBLOCK|O_LARGEFILE)
23674 15:08:10.577031 fcntl64(4, F_SETFL, O_RDONLY|O_LARGEFILE) = 0
23674 15:08:10.577043 write(5, "\v", 1 <unfinished ...>
23670 15:08:10.577057 <... read resumed> "\v", 1) = 1
23674 15:08:10.577062 <... write resumed> ) = 1
23670 15:08:10.577069 write(4, "\1\0\0\0", 4) = 4
23670 15:08:10.577079 read(4,  <unfinished ...>
23674 15:08:10.577086 read(5, "\1\0\0\0", 4) = 4
23674 15:08:10.577097 write(5, "\v", 1 <unfinished ...>
23670 15:08:10.577104 <... read resumed> "\v", 1) = 1
23674 15:08:10.577109 <... write resumed> ) = 1
23670 15:08:10.577115 write(4, "\1\0\0\0", 4) = 4
23670 15:08:10.577125 read(4,  <unfinished ...>
23674 15:08:10.577131 read(5, "\1\0\0\0", 4) = 4
23674 15:08:10.577142 write(5, "\r", 1 <unfinished ...>
23670 15:08:10.577149 <... read resumed> "\r", 1) = 1
23674 15:08:10.577154 <... write resumed> ) = 1
23670 15:08:10.577161 select(6, [5], NULL, NULL, {60, 0}) = 1 (in [5], left {60, 0})
23670 15:08:10.577177 accept(5, {sa_family=AF_INET, sin_port=htons(43247), sin_addr=inet_addr("127.0.0.1")}, [16]) = 6
23670 15:08:10.577200 write(4, "\1", 1) = 1
23670 15:08:10.577212 sendmsg(4, {msg_name(0)=NULL, msg_iov(1)=[{"\0", 1}], msg_controllen=16, {cmsg_len=16, cmsg_level=SOL_SOCKET, cmsg_type=SCM_RIGHTS, {6}}, msg_flags=0}, 0) = 1
23670 15:08:10.577229 close(6)          = 0
23670 15:08:10.577239 read(4,  <unfinished ...>
23674 15:08:10.577246 read(5, "\1", 1)  = 1
23674 15:08:10.577258 recvmsg(5, {msg_name(0)=NULL, msg_iov(1)=[{"\0", 1}], msg_controllen=16, {cmsg_len=16, cmsg_level=SOL_SOCKET, cmsg_type=SCM_RIGHTS, {6}}, msg_flags=0}, 0) = 1
23674 15:08:10.577276 setsockopt(6, SOL_SOCKET, SO_KEEPALIVE, [1], 4) = 0
23674 15:08:10.577288 setsockopt(6, SOL_IP, IP_TOS, [8], 4) = 0
23674 15:08:10.577300 setsockopt(6, SOL_SOCKET, SO_LINGER, {onoff=1, linger=32767}, 8) = 0
23674 15:08:10.577311 rt_sigaction(SIGALRM, {0x805cad0, ~[RTMIN RT_1], 0}, NULL, 8) = 0
23674 15:08:10.577324 alarm(300)        = 300
23674 15:08:10.577338 write(0, "150 Opening BINARY mode data connection for myfile38 (17 bytes).\r\n", 66) = 66
23674 15:08:10.577379 _llseek(4, 0, [0], SEEK_CUR) = 0
23674 15:08:10.577391 fstat64(4, {st_mode=S_IFREG|0644, st_size=17, ...}) = 0
23674 15:08:10.577408 _llseek(4, 0, [0], SEEK_SET) = 0
23674 15:08:10.577419 sendfile(6, 4, NULL, 17) = 17
23674 15:08:10.577450 rt_sigaction(SIGALRM, {0x805cad0, ~[RTMIN RT_1], 0}, NULL, 8) = 0
23674 15:08:10.577464 alarm(300)        = 300
23674 15:08:10.577473 close(6)          = 0
23674 15:08:10.577509 alarm(0)          = 300
23674 15:08:10.577520 gettimeofday({1495652890, 577523}, NULL) = 0
23674 15:08:10.577535 gettimeofday({1495652890, 577539}, NULL) = 0
23674 15:08:10.577550 fcntl64(3, F_SETLKW64, {type=F_WRLCK, whence=SEEK_SET, start=0, len=0}, 0xbfbacd54) = 0
23674 15:08:10.577564 write(3, "Wed May 24 15:08:10 2017 [pid 23674] [msfadmin] OK DOWNLOAD: Client \"127.0.0.1\", \"/home/msfadmin/myfile38\", 17 bytes, 27.90Kbyte/sec\n", 133) = 133
23674 15:08:10.577585 fcntl64(3, F_SETLK64, {type=F_UNLCK, whence=SEEK_SET, start=0, len=0}, 0xbfbacd5c) = 0
23674 15:08:10.577599 write(0, "226 Transfer complete.\r\n", 24) = 24
23674 15:08:10.577664 write(5, "\n", 1 <unfinished ...>
23670 15:08:10.577674 <... read resumed> "\n", 1) = 1
23674 15:08:10.577679 <... write resumed> ) = 1
23670 15:08:10.577685 close(5)          = 0
23670 15:08:10.577696 write(4, "\1", 1) = 1
23670 15:08:10.577707 read(4,  <unfinished ...>
23674 15:08:10.577714 read(5, "\1", 1)  = 1
23674 15:08:10.577725 close(4)          = 0
23674 15:08:10.577736 rt_sigaction(SIGALRM, {0x805cad0, ~[RTMIN RT_1], 0}, NULL, 8) = 0
23674 15:08:10.577749 alarm(300)        = 0
23674 15:08:10.577760 recv(0,  <unfinished ...>
23675 15:08:10.965465 <... recv resumed> "TYPE I\r\n", 4096, MSG_PEEK) = 8
23675 15:08:10.965497 read(0, "TYPE I\r\n", 8) = 8
23675 15:08:10.965520 write(0, "200 Switching to Binary mode.\r\n", 31) = 31
23675 15:08:10.965569 rt_sigaction(SIGALRM, {0x805cad0, ~[RTMIN RT_1], 0}, NULL, 8) = 0
23675 15:08:10.965586 alarm(300)        = 299
23675 15:08:10.965599 recv(0, "PASV\r\n", 4096, MSG_PEEK) = 6
23675 15:08:10.965611 read(0, "PASV\r\n", 6) = 6
23675 15:08:10.965623 write(5, "\n", 1) = 1
23675 15:08:10.965644 read(5,  <unfinished ...>
23672 15:08:10.965653 <... read resumed> "\n", 1) = 1
23672 15:08:10.965662 write(4, "\1", 1) = 1
23675 15:08:10.965673 <... read resumed> "\1", 1) = 1
23675 15:08:10.965681 write(5, "\f", 1) = 1
23675 15:08:10.965691 read(5,  <unfinished ...>
23672 15:08:10.965698 read(4, "\f", 1)  = 1
23672 15:08:10.965710 socket(PF_INET, SOCK_STREAM, IPPROTO_TCP) = 5
23672 15:08:10.965726 setsockopt(5, SOL_SOCKET, SO_REUSEADDR, [1], 4) = 0
23672 15:08:10.965740 bind(5, {sa_family=AF_INET, sin_port=htons(44615), sin_addr=inet_addr("127.0.0.1")}, 16) = 0
23672 15:08:10.965757 listen(5, 1)      = 0
23672 15:08:10.965771 write(4, "G\256\0\0", 4) = 4
23675 15:08:10.965782 <... read resumed> "G\256\0\0", 4) = 4
23675 15:08:10.965794 write(0, "227 Entering Passive Mode (127,0,0,1,174,71).\r\n", 47) = 47
23675 15:08:10.965908 rt_sigaction(SIGALRM, {0x805cad0, ~[RTMIN RT_1], 0}, NULL, 8) = 0
23675 15:08:10.965925 alarm(300)        = 300
23675 15:08:10.965936 recv(0, "STOR myfile20\r\n", 4096, MSG_PEEK) = 15
23675 15:08:10.965948 read(0, "STOR myfile20\r\n", 15) = 15
23675 15:08:10.965962 write(5, "\v", 1) = 1
23675 15:08:10.965973 read(5,  <unfinished ...>
23672 15:08:10.965980 read(4, "\v", 1)  = 1
23672 15:08:10.965990 write(4, "\1\0\0\0", 4) = 4
23675 15:08:10.966001 <... read resumed> "\1\0\0\0", 4) = 4
23675 15:08:10.966009 gettimeofday({1495652890, 966013}, NULL) = 0
23675 15:08:10.966020 getcwd("/home/msfadmin", 4096) = 15
23675 15:08:10.966033 open("myfile20", O_WRONLY|O_CREAT|O_NONBLOCK|O_LARGEFILE, 0666) = 4
23675 15:08:10.966047 fstat64(4, {st_mode=S_IFREG|0644, st_size=17, ...}) = 0
23675 15:08:10.966065 fcntl64(4, F_GETFL) = 0x8801 (flags O_WRONLY|O_NONBLOCK|O_LARGEFILE)
23675 15:08:10.966076 fcntl64(4, F_SETFL, O_WRONLY|O_LARGEFILE) = 0
23675 15:08:10.966086 fcntl64(4, F_SETLKW64, {type=F_WRLCK, whence=SEEK_SET, start=0, len=0}, 0xbffec1d4) = 0
23675 15:08:10.966100 ftruncate64(4, 0) = 0
23675 15:08:10.966119 _llseek(4, 0, [0], SEEK_SET) = 0
23675 15:08:10.966130 write(5, "\v", 1) = 1
23675 15:08:10.966168 read(5,  <unfinished ...>
23672 15:08:10.966177 read(4, "\v", 1)  = 1
23672 15:08:10.966198 write(4, "\1\0\0\0", 4) = 4
23675 15:08:10.966208 <... read resumed> "\1\0\0\0", 4) = 4
23675 15:08:10.966216 write(5, "\v", 1) = 1
23675 15:08:10.966226 read(5,  <unfinished ...>
23672 15:08:10.966232 read(4, "\v", 1)  = 1
23672 15:08:10.966243 write(4, "\1\0\0\0", 4) = 4
23675 15:08:10.966253 <... read resumed> "\1\0\0\0", 4) = 4
23675 15:08:10.966260 write(5, "\r", 1) = 1
23675 15:08:10.966270 read(5,  <unfinished ...>
23672 15:08:10.966277 read(4, "\r", 1)  = 1
23672 15:08:10.966288 select(6, [5], NULL, NULL, {60, 0}) = 1 (in [5], left {60, 0})
23672 15:08:10.966305 accept(5, {sa_family=AF_INET, sin_port=htons(38927), sin_addr=inet_addr("127.0.0.1")}, [16]) = 6
23672 15:08:10.966327 write(4, "\1", 1) = 1
23675 15:08:10.966338 <... read resumed> "\1", 1) = 1
23675 15:08:10.966347 recvmsg(5,  <unfinished ...>
23672 15:08:10.966355 sendmsg(4, {msg_name(0)=NULL, msg_iov(1)=[{"\0", 1}], msg_controllen=16, {cmsg_len=16, cmsg_level=SOL_SOCKET, cmsg_type=SCM_RIGHTS, {6}}, msg_flags=0}, 0) = 1
23675 15:08:10.966372 <... recvmsg resumed> {msg_name(0)=NULL, msg_iov(1)=[{"\0", 1}], msg_controllen=16, {cmsg_len=16, cmsg_level=SOL_SOCKET, cmsg_type=SCM_RIGHTS, {6}}, msg_flags=0}, 0) = 1
23675 15:08:10.966386 setsockopt(6, SOL_SOCKET, SO_KEEPALIVE, [1], 4) = 0
23675 15:08:10.966398 setsockopt(6, SOL_IP, IP_TOS, [8], 4) = 0
23675 15:08:10.966410 setsockopt(6, SOL_SOCKET, SO_LINGER, {onoff=1, linger=32767}, 8) = 0
23675 15:08:10.966421 rt_sigaction(SIGALRM, {0x805cad0, ~[RTMIN RT_1], 0}, NULL, 8) = 0
23675 15:08:10.966435 alarm(300)        = 300
23675 15:08:10.966447 write(0, "150 Ok to send data.\r\n", 22) = 22
23675 15:08:10.966514 read(6, "assasaaa\na\na\na\na\n", 65536) = 17
23675 15:08:10.966528 write(4, "assasaaa\na\na\na\na\n", 17) = 17
23675 15:08:10.966544 read(6, "", 65536) = 0
23675 15:08:10.966555 rt_sigaction(SIGALRM, {0x805cad0, ~[RTMIN RT_1], 0}, NULL, 8) = 0
23675 15:08:10.966568 alarm(300)        = 300
23675 15:08:10.966581 close(6)          = 0
23675 15:08:10.966590 alarm(0)          = 300
23675 15:08:10.966600 gettimeofday({1495652890, 966603}, NULL) = 0
23675 15:08:10.966615 gettimeofday({1495652890, 966619}, NULL) = 0
23675 15:08:10.966630 fcntl64(3, F_SETLKW64, {type=F_WRLCK, whence=SEEK_SET, start=0, len=0}, 0xbffec174) = 0
23675 15:08:10.966644 write(3, "Wed May 24 15:08:10 2017 [pid 23675] [msfadmin] OK UPLOAD: Client \"127.0.0.1\", \"/home/msfadmin/myfile20\", 17 bytes, 27.40Kbyte/sec\n", 131) = 131
