18177 14:11:13.673187 fcntl64(4, F_GETFL) = 0x8800 (flags O_RDONLY|O_NONBLOCK|O_LARGEFILE)
18177 14:11:13.673199 fcntl64(4, F_SETFL, O_RDONLY|O_LARGEFILE) = 0
18177 14:11:13.673210 write(5, "\v", 1 <unfinished ...>
18175 14:11:13.673218 <... read resumed> "\v", 1) = 1
18177 14:11:13.673223 <... write resumed> ) = 1
18175 14:11:13.673229 write(4, "\1\0\0\0", 4) = 4
18175 14:11:13.673240 read(4,  <unfinished ...>
18177 14:11:13.673247 read(5, "\1\0\0\0", 4) = 4
18177 14:11:13.673259 write(5, "\v", 1 <unfinished ...>
18175 14:11:13.673266 <... read resumed> "\v", 1) = 1
18177 14:11:13.673270 <... write resumed> ) = 1
18175 14:11:13.673277 write(4, "\1\0\0\0", 4) = 4
18175 14:11:13.673287 read(4,  <unfinished ...>
18177 14:11:13.673294 read(5, "\1\0\0\0", 4) = 4
18177 14:11:13.673305 write(5, "\r", 1 <unfinished ...>
18175 14:11:13.673312 <... read resumed> "\r", 1) = 1
18177 14:11:13.673317 <... write resumed> ) = 1
18175 14:11:13.673324 select(6, [5], NULL, NULL, {60, 0}) = 1 (in [5], left {60, 0})
18175 14:11:13.673340 accept(5, {sa_family=AF_INET, sin_port=htons(58127), sin_addr=inet_addr("127.0.0.1")}, [16]) = 6
18175 14:11:13.673363 write(4, "\1", 1) = 1
18175 14:11:13.673375 sendmsg(4, {msg_name(0)=NULL, msg_iov(1)=[{"\0", 1}], msg_controllen=16, {cmsg_len=16, cmsg_level=SOL_SOCKET, cmsg_type=SCM_RIGHTS, {6}}, msg_flags=0}, 0) = 1
18175 14:11:13.673392 close(6)          = 0
18175 14:11:13.673402 read(4,  <unfinished ...>
18177 14:11:13.673408 read(5, "\1", 1)  = 1
18177 14:11:13.673421 recvmsg(5, {msg_name(0)=NULL, msg_iov(1)=[{"\0", 1}], msg_controllen=16, {cmsg_len=16, cmsg_level=SOL_SOCKET, cmsg_type=SCM_RIGHTS, {6}}, msg_flags=0}, 0) = 1
18177 14:11:13.673444 setsockopt(6, SOL_SOCKET, SO_KEEPALIVE, [1], 4) = 0
18177 14:11:13.673457 setsockopt(6, SOL_IP, IP_TOS, [8], 4) = 0
18177 14:11:13.673469 setsockopt(6, SOL_SOCKET, SO_LINGER, {onoff=1, linger=32767}, 8) = 0
18177 14:11:13.673481 rt_sigaction(SIGALRM, {0x805cad0, ~[RTMIN RT_1], 0}, NULL, 8) = 0
18177 14:11:13.673494 alarm(300)        = 300
18177 14:11:13.673508 write(0, "150 Opening BINARY mode data connection for myfile14 (17 bytes).\r\n", 66) = 66
18177 14:11:13.673550 _llseek(4, 0, [0], SEEK_CUR) = 0
18177 14:11:13.673562 fstat64(4, {st_mode=S_IFREG|0644, st_size=17, ...}) = 0
18177 14:11:13.673579 _llseek(4, 0, [0], SEEK_SET) = 0
18177 14:11:13.673590 sendfile(6, 4, NULL, 17) = 17
18177 14:11:13.673621 rt_sigaction(SIGALRM, {0x805cad0, ~[RTMIN RT_1], 0}, NULL, 8) = 0
18177 14:11:13.673635 alarm(300)        = 300
18177 14:11:13.673646 close(6)          = 0
18177 14:11:13.673683 alarm(0)          = 300
18177 14:11:13.673693 gettimeofday({1495649473, 673697}, NULL) = 0
18177 14:11:13.673709 gettimeofday({1495649473, 673713}, NULL) = 0
18177 14:11:13.673724 fcntl64(3, F_SETLKW64, {type=F_WRLCK, whence=SEEK_SET, start=0, len=0}, 0xbfb204d4) = 0
18177 14:11:13.673738 write(3, "Wed May 24 14:11:13 2017 [pid 18177] [msfadmin] OK DOWNLOAD: Client \"127.0.0.1\", \"/home/msfadmin/myfile14\", 17 bytes, 28.00Kbyte/sec\n", 133) = 133
18177 14:11:13.673760 fcntl64(3, F_SETLK64, {type=F_UNLCK, whence=SEEK_SET, start=0, len=0}, 0xbfb204dc) = 0
18177 14:11:13.673774 write(0, "226 Transfer complete.\r\n", 24) = 24
18177 14:11:13.673838 write(5, "\n", 1 <unfinished ...>
18175 14:11:13.673849 <... read resumed> "\n", 1) = 1
18177 14:11:13.673854 <... write resumed> ) = 1
18175 14:11:13.673860 close(5)          = 0
18175 14:11:13.673872 write(4, "\1", 1) = 1
18175 14:11:13.673883 read(4,  <unfinished ...>
18177 14:11:13.673890 read(5, "\1", 1)  = 1
18177 14:11:13.673902 close(4)          = 0
18177 14:11:13.673912 rt_sigaction(SIGALRM, {0x805cad0, ~[RTMIN RT_1], 0}, NULL, 8) = 0
18177 14:11:13.673926 alarm(300)        = 0
18177 14:11:13.673937 recv(0,  <unfinished ...>
18180 14:11:13.932123 <... recv resumed> "QUIT\r\n", 4096, MSG_PEEK) = 6
18180 14:11:13.932199 read(0, "QUIT\r\n", 6) = 6
18180 14:11:13.932258 shutdown(0, 0 /* receive */) = 0
18180 14:11:13.932293 fcntl64(0, F_GETFL) = 0x2 (flags O_RDWR)
18180 14:11:13.932317 fcntl64(0, F_SETFL, O_RDWR|O_NONBLOCK) = 0
18180 14:11:13.932337 write(0, "221 Goodbye.\r\n", 14) = 14
18180 14:11:13.932402 fcntl64(0, F_GETFL) = 0x802 (flags O_RDWR|O_NONBLOCK)
18180 14:11:13.932415 fcntl64(0, F_SETFL, O_RDWR) = 0
18180 14:11:13.932426 shutdown(0, 2 /* send and receive */) = 0
18180 14:11:13.932447 exit_group(0)     = ?
18178 14:11:13.932495 <... read resumed> 0xbfe5c0f7, 1) = ? ERESTARTSYS (To be restarted)
18178 14:11:13.932503 --- SIGCHLD (Child exited) @ 0 (0) ---
18178 14:11:13.932515 alarm(1)          = 0
18178 14:11:13.932526 sigreturn()       = ? (mask now [])
18178 14:11:13.932542 alarm(0)          = 1
18178 14:11:13.932552 wait4(-1, [{WIFEXITED(s) && WEXITSTATUS(s) == 0}], 0, NULL) = 18180
18178 14:11:13.932567 exit_group(0)     = ?
4380  14:11:13.932611 <... select resumed> ) = ? ERESTARTNOHAND (To be restarted)
4380  14:11:13.932618 --- SIGCHLD (Child exited) @ 0 (0) ---
4380  14:11:13.932626 write(4, "\21", 1) = 1
4380  14:11:13.932641 sigreturn()       = ? (mask now [])
4380  14:11:13.932673 select(13, [3 5 6 8 9 10 11 12], NULL, NULL, NULL) = 1 (in [3])
4380  14:11:13.932691 ioctl(3, FIONREAD, [1]) = 0
4380  14:11:13.932705 read(3, "\21", 1) = 1
4380  14:11:13.932717 waitpid(-1, [{WIFEXITED(s) && WEXITSTATUS(s) == 0}], WNOHANG) = 18178
4380  14:11:13.932734 close(-1)         = -1 EBADF (Bad file descriptor)
4380  14:11:13.932749 waitpid(-1, 0xbf9d5dbc, WNOHANG) = 0
4380  14:11:13.932760 select(13, [3 5 6 8 9 10 11 12], NULL, NULL, NULL <unfinished ...>
18177 14:11:14.252173 <... recv resumed> "USER msfadmin\r\n", 4096, MSG_PEEK) = 15
18177 14:11:14.252364 read(0, "USER msfadmin\r\n", 15) = 15
18177 14:11:14.252544 write(0, "331 Any password will do.\r\n", 27) = 27
18177 14:11:14.252661 rt_sigaction(SIGALRM, {0x805cad0, ~[RTMIN RT_1], 0}, NULL, 8) = 0
18177 14:11:14.252699 alarm(300)        = 299
18177 14:11:14.252727 recv(0, "PASS msfadmin\r\n", 4096, MSG_PEEK) = 15
18177 14:11:14.252749 read(0, "PASS msfadmin\r\n", 15) = 15
18177 14:11:14.252767 write(0, "230 Already logged in.\r\n", 24) = 24
18177 14:11:14.252827 rt_sigaction(SIGALRM, {0x805cad0, ~[RTMIN RT_1], 0}, NULL, 8) = 0
18177 14:11:14.252843 alarm(300)        = 300
18177 14:11:14.252854 recv(0, "TYPE I\r\n", 4096, MSG_PEEK) = 8
18177 14:11:14.252866 read(0, "TYPE I\r\n", 8) = 8
18177 14:11:14.252880 write(0, "200 Switching to Binary mode.\r\n", 31) = 31
18177 14:11:14.252916 rt_sigaction(SIGALRM, {0x805cad0, ~[RTMIN RT_1], 0}, NULL, 8) = 0
18177 14:11:14.252931 alarm(300)        = 300
18177 14:11:14.252941 recv(0, "PASV\r\n", 4096, MSG_PEEK) = 6
18177 14:11:14.252952 read(0, "PASV\r\n", 6) = 6
18177 14:11:14.252964 write(5, "\n", 1 <unfinished ...>
18175 14:11:14.252976 <... read resumed> "\n", 1) = 1
18177 14:11:14.252981 <... write resumed> ) = 1
18175 14:11:14.252988 write(4, "\1", 1) = 1
18175 14:11:14.252999 read(4,  <unfinished ...>
18177 14:11:14.253007 read(5, "\1", 1)  = 1
18177 14:11:14.253018 write(5, "\f", 1 <unfinished ...>
18175 14:11:14.253025 <... read resumed> "\f", 1) = 1
18177 14:11:14.253030 <... write resumed> ) = 1
18175 14:11:14.253037 socket(PF_INET, SOCK_STREAM, IPPROTO_TCP) = 5
18175 14:11:14.253053 setsockopt(5, SOL_SOCKET, SO_REUSEADDR, [1], 4) = 0
18175 14:11:14.253068 bind(5, {sa_family=AF_INET, sin_port=htons(6601), sin_addr=inet_addr("127.0.0.1")}, 16) = 0
18175 14:11:14.253084 listen(5, 1)      = 0
18175 14:11:14.253098 write(4, "\311\31\0\0", 4) = 4
18175 14:11:14.253110 read(4,  <unfinished ...>
18177 14:11:14.253117 read(5, "\311\31\0\0", 4) = 4
18177 14:11:14.253132 write(0, "227 Entering Passive Mode (127,0,0,1,25,201).\r\n", 47) = 47
18177 14:11:14.253284 rt_sigaction(SIGALRM, {0x805cad0, ~[RTMIN RT_1], 0}, NULL, 8) = 0
18177 14:11:14.253301 alarm(300)        = 300
18177 14:11:14.253313 recv(0, "RETR myfile15\r\n", 4096, MSG_PEEK) = 15
18177 14:11:14.253325 read(0, "RETR myfile15\r\n", 15) = 15
18177 14:11:14.253338 write(5, "\v", 1 <unfinished ...>
18175 14:11:14.253346 <... read resumed> "\v", 1) = 1
18177 14:11:14.253351 <... write resumed> ) = 1
18175 14:11:14.253358 write(4, "\1\0\0\0", 4) = 4
18175 14:11:14.253369 read(4,  <unfinished ...>
18177 14:11:14.253375 read(5, "\1\0\0\0", 4) = 4
18177 14:11:14.253387 gettimeofday({1495649474, 253391}, NULL) = 0
18177 14:11:14.253398 getcwd("/home/msfadmin", 4096) = 15
18177 14:11:14.253411 open("myfile15", O_RDONLY|O_NONBLOCK|O_LARGEFILE) = 4
18177 14:11:14.253425 fcntl64(4, F_SETLKW64, {type=F_RDLCK, whence=SEEK_SET, start=0, len=0}, 0xbfb20534) = 0
18177 14:11:14.253440 fstat64(4, {st_mode=S_IFREG|0644, st_size=17, ...}) = 0
18177 14:11:14.253457 fcntl64(4, F_GETFL) = 0x8800 (flags O_RDONLY|O_NONBLOCK|O_LARGEFILE)
18177 14:11:14.253469 fcntl64(4, F_SETFL, O_RDONLY|O_LARGEFILE) = 0
18177 14:11:14.253480 write(5, "\v", 1 <unfinished ...>
18175 14:11:14.253488 <... read resumed> "\v", 1) = 1
18177 14:11:14.253493 <... write resumed> ) = 1
18175 14:11:14.253499 write(4, "\1\0\0\0", 4) = 4
18175 14:11:14.253510 read(4,  <unfinished ...>
18177 14:11:14.253517 read(5, "\1\0\0\0", 4) = 4
18177 14:11:14.253528 write(5, "\v", 1 <unfinished ...>
18175 14:11:14.253535 <... read resumed> "\v", 1) = 1
18177 14:11:14.253539 <... write resumed> ) = 1
18175 14:11:14.253545 write(4, "\1\0\0\0", 4) = 4
18175 14:11:14.253556 read(4,  <unfinished ...>
18177 14:11:14.253562 read(5, "\1\0\0\0", 4) = 4
18177 14:11:14.253574 write(5, "\r", 1 <unfinished ...>
18175 14:11:14.253581 <... read resumed> "\r", 1) = 1
18177 14:11:14.253585 <... write resumed> ) = 1
18175 14:11:14.253592 select(6, [5], NULL, NULL, {60, 0}) = 1 (in [5], left {60, 0})
18175 14:11:14.253609 accept(5, {sa_family=AF_INET, sin_port=htons(40539), sin_addr=inet_addr("127.0.0.1")}, [16]) = 6
18175 14:11:14.253635 write(4, "\1", 1) = 1
18175 14:11:14.253647 sendmsg(4, {msg_name(0)=NULL, msg_iov(1)=[{"\0", 1}], msg_controllen=16, {cmsg_len=16, cmsg_level=SOL_SOCKET, cmsg_type=SCM_RIGHTS, {6}}, msg_flags=0}, 0) = 1
18175 14:11:14.253664 close(6)          = 0
18175 14:11:14.253674 read(4,  <unfinished ...>
18177 14:11:14.253681 read(5, "\1", 1)  = 1
18177 14:11:14.253694 recvmsg(5, {msg_name(0)=NULL, msg_iov(1)=[{"\0", 1}], msg_controllen=16, {cmsg_len=16, cmsg_level=SOL_SOCKET, cmsg_type=SCM_RIGHTS, {6}}, msg_flags=0}, 0) = 1
18177 14:11:14.253712 setsockopt(6, SOL_SOCKET, SO_KEEPALIVE, [1], 4) = 0
18177 14:11:14.253724 setsockopt(6, SOL_IP, IP_TOS, [8], 4) = 0
18177 14:11:14.253736 setsockopt(6, SOL_SOCKET, SO_LINGER, {onoff=1, linger=32767}, 8) = 0
18177 14:11:14.253747 rt_sigaction(SIGALRM, {0x805cad0, ~[RTMIN RT_1], 0}, NULL, 8) = 0
18177 14:11:14.253760 alarm(300)        = 300
18177 14:11:14.253773 write(0, "150 Opening BINARY mode data connection for myfile15 (17 bytes).\r\n", 66) = 66
18177 14:11:14.253814 _llseek(4, 0, [0], SEEK_CUR) = 0
18177 14:11:14.253827 fstat64(4, {st_mode=S_IFREG|0644, st_size=17, ...}) = 0
18177 14:11:14.253845 _llseek(4, 0, [0], SEEK_SET) = 0
18177 14:11:14.253855 sendfile(6, 4, NULL, 17) = 17
18177 14:11:14.253886 rt_sigaction(SIGALRM, {0x805cad0, ~[RTMIN RT_1], 0}, NULL, 8) = 0
18177 14:11:14.253901 alarm(300)        = 300
18177 14:11:14.253910 close(6)          = 0
18177 14:11:14.253947 alarm(0)          = 300
18177 14:11:14.253958 gettimeofday({1495649474, 253961}, NULL) = 0
18177 14:11:14.253973 gettimeofday({1495649474, 253977}, NULL) = 0
18177 14:11:14.253988 fcntl64(3, F_SETLKW64, {type=F_WRLCK, whence=SEEK_SET, start=0, len=0}, 0xbfb204d4) = 0
18177 14:11:14.254002 write(3, "Wed May 24 14:11:14 2017 [pid 18177] [msfadmin] OK DOWNLOAD: Client \"127.0.0.1\", \"/home/msfadmin/myfile15\", 17 bytes, 28.33Kbyte/sec\n", 133) = 133
18177 14:11:14.254024 fcntl64(3, F_SETLK64, {type=F_UNLCK, whence=SEEK_SET, start=0, len=0}, 0xbfb204dc) = 0
18177 14:11:14.254038 write(0, "226 Transfer complete.\r\n", 24) = 24
18177 14:11:14.254103 write(5, "\n", 1 <unfinished ...>
18175 14:11:14.254113 <... read resumed> "\n", 1) = 1
18177 14:11:14.254118 <... write resumed> ) = 1
18175 14:11:14.254124 close(5)          = 0
18175 14:11:14.254136 write(4, "\1", 1) = 1
18175 14:11:14.254147 read(4,  <unfinished ...>
18177 14:11:14.254171 read(5, "\1", 1)  = 1
18177 14:11:14.254187 close(4)          = 0
18177 14:11:14.254207 rt_sigaction(SIGALRM, {0x805cad0, ~[RTMIN RT_1], 0}, NULL, 8) = 0
18177 14:11:14.254221 alarm(300)        = 0
18177 14:11:14.254232 recv(0,  <unfinished ...>
