21429 14:44:56.671351 accept(5, {sa_family=AF_INET, sin_port=htons(54697), sin_addr=inet_addr("127.0.0.1")}, [16]) = 6
21429 14:44:56.671373 write(4, "\1", 1) = 1
21431 14:44:56.671384 <... read resumed> "\1", 1) = 1
21431 14:44:56.671392 recvmsg(5,  <unfinished ...>
21429 14:44:56.671400 sendmsg(4, {msg_name(0)=NULL, msg_iov(1)=[{"\0", 1}], msg_controllen=16, {cmsg_len=16, cmsg_level=SOL_SOCKET, cmsg_type=SCM_RIGHTS, {6}}, msg_flags=0}, 0) = 1
21431 14:44:56.671417 <... recvmsg resumed> {msg_name(0)=NULL, msg_iov(1)=[{"\0", 1}], msg_controllen=16, {cmsg_len=16, cmsg_level=SOL_SOCKET, cmsg_type=SCM_RIGHTS, {6}}, msg_flags=0}, 0) = 1
21431 14:44:56.671430 setsockopt(6, SOL_SOCKET, SO_KEEPALIVE, [1], 4) = 0
21431 14:44:56.671442 setsockopt(6, SOL_IP, IP_TOS, [8], 4) = 0
21431 14:44:56.671454 setsockopt(6, SOL_SOCKET, SO_LINGER, {onoff=1, linger=32767}, 8) = 0
21431 14:44:56.671465 rt_sigaction(SIGALRM, {0x805cad0, ~[RTMIN RT_1], 0}, NULL, 8) = 0
21431 14:44:56.671478 alarm(300)        = 300
21431 14:44:56.671492 write(0, "150 Opening BINARY mode data connection for myfile1 (17 bytes).\r\n", 65) = 65
21431 14:44:56.671570 _llseek(4, 0, [0], SEEK_CUR) = 0
21431 14:44:56.671583 fstat64(4, {st_mode=S_IFREG|0644, st_size=17, ...}) = 0
21431 14:44:56.671600 _llseek(4, 0, [0], SEEK_SET) = 0
21431 14:44:56.671611 sendfile(6, 4, NULL, 17) = 17
21431 14:44:56.671643 rt_sigaction(SIGALRM, {0x805cad0, ~[RTMIN RT_1], 0}, NULL, 8) = 0
21431 14:44:56.671657 alarm(300)        = 300
21431 14:44:56.671667 close(6)          = 0
21431 14:44:56.671676 alarm(0)          = 300
21431 14:44:56.671685 gettimeofday({1495651496, 671689}, NULL) = 0
21431 14:44:56.671701 gettimeofday({1495651496, 671704}, NULL) = 0
21431 14:44:56.671714 fcntl64(3, F_SETLKW64, {type=F_WRLCK, whence=SEEK_SET, start=0, len=0}, 0xbff95144) = 0
21431 14:44:56.671729 write(3, "Wed May 24 14:44:56 2017 [pid 21431] [msfadmin] OK DOWNLOAD: Client \"127.0.0.1\", \"/home/msfadmin/myfile1\", 17 bytes, 28.87Kbyte/sec\n", 132) = 132
21431 14:44:56.671750 fcntl64(3, F_SETLK64, {type=F_UNLCK, whence=SEEK_SET, start=0, len=0}, 0xbff9514c) = 0
21431 14:44:56.671764 write(0, "226 Transfer complete.\r\n", 24) = 24
21431 14:44:56.671779 write(5, "\n", 1) = 1
21431 14:44:56.671789 read(5,  <unfinished ...>
21429 14:44:56.671796 close(6)          = 0
21429 14:44:56.671882 read(4, "\n", 1)  = 1
21429 14:44:56.671895 close(5)          = 0
21429 14:44:56.671906 write(4, "\1", 1) = 1
21431 14:44:56.671917 <... read resumed> "\1", 1) = 1
21431 14:44:56.671924 close(4)          = 0
21431 14:44:56.671935 rt_sigaction(SIGALRM, {0x805cad0, ~[RTMIN RT_1], 0}, NULL, 8) = 0
21431 14:44:56.671948 alarm(300)        = 0
21431 14:44:56.671959 recv(0,  <unfinished ...>
21429 14:44:56.671966 read(4,  <unfinished ...>
21428 14:44:56.909853 <... recv resumed> "TYPE I\r\n", 4096, MSG_PEEK) = 8
21428 14:44:56.909970 read(0, "TYPE I\r\n", 8) = 8
21428 14:44:56.910073 write(0, "200 Switching to Binary mode.\r\n", 31) = 31
21428 14:44:56.910169 rt_sigaction(SIGALRM, {0x805cad0, ~[RTMIN RT_1], 0}, NULL, 8) = 0
21428 14:44:56.910203 alarm(300)        = 299
21428 14:44:56.910229 recv(0, "PASV\r\n", 4096, MSG_PEEK) = 6
21428 14:44:56.910245 read(0, "PASV\r\n", 6) = 6
21428 14:44:56.910257 write(5, "\n", 1 <unfinished ...>
21426 14:44:56.910268 <... read resumed> "\n", 1) = 1
21428 14:44:56.910273 <... write resumed> ) = 1
21426 14:44:56.910280 write(4, "\1", 1) = 1
21426 14:44:56.910291 read(4,  <unfinished ...>
21428 14:44:56.910298 read(5, "\1", 1)  = 1
21428 14:44:56.910309 write(5, "\f", 1 <unfinished ...>
21426 14:44:56.910316 <... read resumed> "\f", 1) = 1
21428 14:44:56.910321 <... write resumed> ) = 1
21426 14:44:56.910328 socket(PF_INET, SOCK_STREAM, IPPROTO_TCP) = 5
21426 14:44:56.910344 setsockopt(5, SOL_SOCKET, SO_REUSEADDR, [1], 4) = 0
21426 14:44:56.910358 bind(5, {sa_family=AF_INET, sin_port=htons(11554), sin_addr=inet_addr("127.0.0.1")}, 16) = 0
21426 14:44:56.910374 listen(5, 1)      = 0
21426 14:44:56.910388 write(4, "\"-\0\0", 4) = 4
21426 14:44:56.910399 read(4,  <unfinished ...>
21428 14:44:56.910406 read(5, "\"-\0\0", 4) = 4
21428 14:44:56.910422 write(0, "227 Entering Passive Mode (127,0,0,1,45,34).\r\n", 46) = 46
21428 14:44:56.910534 rt_sigaction(SIGALRM, {0x805cad0, ~[RTMIN RT_1], 0}, NULL, 8) = 0
21428 14:44:56.910551 alarm(300)        = 300
21428 14:44:56.910562 recv(0, "STOR myfile39\r\n", 4096, MSG_PEEK) = 15
21428 14:44:56.910574 read(0, "STOR myfile39\r\n", 15) = 15
21428 14:44:56.910588 write(5, "\v", 1 <unfinished ...>
21426 14:44:56.910596 <... read resumed> "\v", 1) = 1
21428 14:44:56.910600 <... write resumed> ) = 1
21426 14:44:56.910607 write(4, "\1\0\0\0", 4) = 4
21426 14:44:56.910617 read(4,  <unfinished ...>
21428 14:44:56.910624 read(5, "\1\0\0\0", 4) = 4
21428 14:44:56.910635 gettimeofday({1495651496, 910639}, NULL) = 0
21428 14:44:56.910646 getcwd("/home/msfadmin", 4096) = 15
21428 14:44:56.910659 open("myfile39", O_WRONLY|O_CREAT|O_NONBLOCK|O_LARGEFILE, 0666) = 4
21428 14:44:56.910673 fstat64(4, {st_mode=S_IFREG|0644, st_size=17, ...}) = 0
21428 14:44:56.910690 fcntl64(4, F_GETFL) = 0x8801 (flags O_WRONLY|O_NONBLOCK|O_LARGEFILE)
21428 14:44:56.910701 fcntl64(4, F_SETFL, O_WRONLY|O_LARGEFILE) = 0
21428 14:44:56.910711 fcntl64(4, F_SETLKW64, {type=F_WRLCK, whence=SEEK_SET, start=0, len=0}, 0xbf8daac4) = 0
21428 14:44:56.910726 ftruncate64(4, 0) = 0
21428 14:44:56.910745 _llseek(4, 0, [0], SEEK_SET) = 0
21428 14:44:56.910783 write(5, "\v", 1 <unfinished ...>
21426 14:44:56.910792 <... read resumed> "\v", 1) = 1
21428 14:44:56.910809 <... write resumed> ) = 1
21426 14:44:56.910815 write(4, "\1\0\0\0", 4) = 4
21426 14:44:56.910826 read(4,  <unfinished ...>
21428 14:44:56.910832 read(5, "\1\0\0\0", 4) = 4
21428 14:44:56.910844 write(5, "\v", 1 <unfinished ...>
21426 14:44:56.910850 <... read resumed> "\v", 1) = 1
21428 14:44:56.910855 <... write resumed> ) = 1
21426 14:44:56.910861 write(4, "\1\0\0\0", 4) = 4
21426 14:44:56.910871 read(4,  <unfinished ...>
21428 14:44:56.910877 read(5, "\1\0\0\0", 4) = 4
21428 14:44:56.910888 write(5, "\r", 1 <unfinished ...>
21426 14:44:56.910895 <... read resumed> "\r", 1) = 1
21428 14:44:56.910900 <... write resumed> ) = 1
21426 14:44:56.910907 select(6, [5], NULL, NULL, {60, 0}) = 1 (in [5], left {60, 0})
21426 14:44:56.910923 accept(5, {sa_family=AF_INET, sin_port=htons(57200), sin_addr=inet_addr("127.0.0.1")}, [16]) = 6
21426 14:44:56.910952 write(4, "\1", 1) = 1
21426 14:44:56.910964 sendmsg(4, {msg_name(0)=NULL, msg_iov(1)=[{"\0", 1}], msg_controllen=16, {cmsg_len=16, cmsg_level=SOL_SOCKET, cmsg_type=SCM_RIGHTS, {6}}, msg_flags=0}, 0) = 1
21426 14:44:56.910981 close(6)          = 0
21426 14:44:56.910991 read(4,  <unfinished ...>
21428 14:44:56.910997 read(5, "\1", 1)  = 1
21428 14:44:56.911010 recvmsg(5, {msg_name(0)=NULL, msg_iov(1)=[{"\0", 1}], msg_controllen=16, {cmsg_len=16, cmsg_level=SOL_SOCKET, cmsg_type=SCM_RIGHTS, {6}}, msg_flags=0}, 0) = 1
21428 14:44:56.911028 setsockopt(6, SOL_SOCKET, SO_KEEPALIVE, [1], 4) = 0
21428 14:44:56.911040 setsockopt(6, SOL_IP, IP_TOS, [8], 4) = 0
21428 14:44:56.911052 setsockopt(6, SOL_SOCKET, SO_LINGER, {onoff=1, linger=32767}, 8) = 0
21428 14:44:56.911063 rt_sigaction(SIGALRM, {0x805cad0, ~[RTMIN RT_1], 0}, NULL, 8) = 0
21428 14:44:56.911077 alarm(300)        = 300
21428 14:44:56.911089 write(0, "150 Ok to send data.\r\n", 22) = 22
21428 14:44:56.911155 read(6, "assasaaa\na\na\na\na\n", 65536) = 17
21428 14:44:56.911169 write(4, "assasaaa\na\na\na\na\n", 17) = 17
21428 14:44:56.911185 read(6, "", 65536) = 0
21428 14:44:56.911195 rt_sigaction(SIGALRM, {0x805cad0, ~[RTMIN RT_1], 0}, NULL, 8) = 0
21428 14:44:56.911209 alarm(300)        = 300
21428 14:44:56.911219 close(6)          = 0
21428 14:44:56.911235 alarm(0)          = 300
21428 14:44:56.911244 gettimeofday({1495651496, 911248}, NULL) = 0
21428 14:44:56.911260 gettimeofday({1495651496, 911264}, NULL) = 0
21428 14:44:56.911275 fcntl64(3, F_SETLKW64, {type=F_WRLCK, whence=SEEK_SET, start=0, len=0}, 0xbf8daa64) = 0
21428 14:44:56.911290 write(3, "Wed May 24 14:44:56 2017 [pid 21428] [msfadmin] OK UPLOAD: Client \"127.0.0.1\", \"/home/msfadmin/myfile39\", 17 bytes, 26.56Kbyte/sec\n", 131) = 131
21428 14:44:56.911311 fcntl64(3, F_SETLK64, {type=F_UNLCK, whence=SEEK_SET, start=0, len=0}, 0xbf8daa6c) = 0
21428 14:44:56.911325 write(0, "226 Transfer complete.\r\n", 24) = 24
21428 14:44:56.911368 write(5, "\n", 1 <unfinished ...>
21426 14:44:56.911378 <... read resumed> "\n", 1) = 1
21428 14:44:56.911382 <... write resumed> ) = 1
21426 14:44:56.911388 close(5)          = 0
21426 14:44:56.911400 write(4, "\1", 1) = 1
21426 14:44:56.911410 read(4,  <unfinished ...>
21428 14:44:56.911417 read(5, "\1", 1)  = 1
21428 14:44:56.911428 close(4)          = 0
21428 14:44:56.911438 rt_sigaction(SIGALRM, {0x805cad0, ~[RTMIN RT_1], 0}, NULL, 8) = 0
21428 14:44:56.911452 alarm(300)        = 0
21428 14:44:56.911462 recv(0,  <unfinished ...>
21431 14:44:57.220092 <... recv resumed> "USER msfadmin\r\n", 4096, MSG_PEEK) = 15
21431 14:44:57.220223 read(0, "USER msfadmin\r\n", 15) = 15
21431 14:44:57.220333 write(0, "331 Any password will do.\r\n", 27) = 27
21431 14:44:57.220428 rt_sigaction(SIGALRM, {0x805cad0, ~[RTMIN RT_1], 0}, NULL, 8) = 0
21431 14:44:57.220462 alarm(300)        = 299
21431 14:44:57.220487 recv(0, "PASS msfadmin\r\n", 4096, MSG_PEEK) = 15
21431 14:44:57.220505 read(0, "PASS msfadmin\r\n", 15) = 15
21431 14:44:57.220521 write(0, "230 Already logged in.\r\n", 24) = 24
21431 14:44:57.220583 rt_sigaction(SIGALRM, {0x805cad0, ~[RTMIN RT_1], 0}, NULL, 8) = 0
21431 14:44:57.220598 alarm(300)        = 300
21431 14:44:57.220609 recv(0, "TYPE I\r\n", 4096, MSG_PEEK) = 8
21431 14:44:57.220621 read(0, "TYPE I\r\n", 8) = 8
21431 14:44:57.220635 write(0, "200 Switching to Binary mode.\r\n", 31) = 31
21431 14:44:57.220670 rt_sigaction(SIGALRM, {0x805cad0, ~[RTMIN RT_1], 0}, NULL, 8) = 0
21431 14:44:57.220684 alarm(300)        = 300
21431 14:44:57.220695 recv(0, "PASV\r\n", 4096, MSG_PEEK) = 6
21431 14:44:57.220706 read(0, "PASV\r\n", 6) = 6
21431 14:44:57.220717 write(5, "\n", 1) = 1
21431 14:44:57.220730 read(5,  <unfinished ...>
21429 14:44:57.220738 <... read resumed> "\n", 1) = 1
21429 14:44:57.220747 write(4, "\1", 1) = 1
21431 14:44:57.220757 <... read resumed> "\1", 1) = 1
21431 14:44:57.220764 write(5, "\f", 1) = 1
21431 14:44:57.220774 read(5,  <unfinished ...>
21429 14:44:57.220781 read(4, "\f", 1)  = 1
21429 14:44:57.220793 socket(PF_INET, SOCK_STREAM, IPPROTO_TCP) = 5
21429 14:44:57.220817 setsockopt(5, SOL_SOCKET, SO_REUSEADDR, [1], 4) = 0
21429 14:44:57.220831 bind(5, {sa_family=AF_INET, sin_port=htons(28360), sin_addr=inet_addr("127.0.0.1")}, 16) = 0
21429 14:44:57.220848 listen(5, 1)      = 0
21429 14:44:57.220862 write(4, "\310n\0\0", 4) = 4
21431 14:44:57.220873 <... read resumed> "\310n\0\0", 4) = 4
21431 14:44:57.220885 write(0, "227 Entering Passive Mode (127,0,0,1,110,200).\r\n", 48) = 48
21431 14:44:57.220998 rt_sigaction(SIGALRM, {0x805cad0, ~[RTMIN RT_1], 0}, NULL, 8) = 0
21431 14:44:57.221048 alarm(300)        = 300
21431 14:44:57.221061 recv(0, "RETR myfile2\r\n", 4096, MSG_PEEK) = 14
21431 14:44:57.221083 read(0, "RETR myfile2\r\n", 14) = 14
21431 14:44:57.221096 write(5, "\v", 1) = 1
21431 14:44:57.221107 read(5,  <unfinished ...>
21429 14:44:57.221114 read(4, "\v", 1)  = 1
21429 14:44:57.221125 write(4, "\1\0\0\0", 4) = 4
21431 14:44:57.221136 <... read resumed> "\1\0\0\0", 4) = 4
21431 14:44:57.221143 gettimeofday({1495651497, 221147}, NULL) = 0
21431 14:44:57.221154 getcwd("/home/msfadmin", 4096) = 15
21431 14:44:57.221167 open("myfile2", O_RDONLY|O_NONBLOCK|O_LARGEFILE) = 4
21431 14:44:57.221180 fcntl64(4, F_SETLKW64, {type=F_RDLCK, whence=SEEK_SET, start=0, len=0}, 0xbff951a4) = 0
21431 14:44:57.221195 fstat64(4, {st_mode=S_IFREG|0644, st_size=17, ...}) = 0
21431 14:44:57.221212 fcntl64(4, F_GETFL) = 0x8800 (flags O_RDONLY|O_NONBLOCK|O_LARGEFILE)
21431 14:44:57.221223 fcntl64(4, F_SETFL, O_RDONLY|O_LARGEFILE) = 0
21431 14:44:57.221235 write(5, "\v", 1) = 1
21431 14:44:57.221245 read(5,  <unfinished ...>
21429 14:44:57.221252 read(4, "\v", 1)  = 1
21429 14:44:57.221263 write(4, "\1\0\0\0", 4) = 4
21431 14:44:57.221273 <... read resumed> "\1\0\0\0", 4) = 4
21431 14:44:57.221281 write(5, "\v", 1) = 1
21431 14:44:57.221290 read(5,  <unfinished ...>
21429 14:44:57.221297 read(4, "\v", 1)  = 1
21429 14:44:57.221307 write(4, "\1\0\0\0", 4) = 4
21431 14:44:57.221317 <... read resumed> "\1\0\0\0", 4) = 4
21431 14:44:57.221325 write(5, "\r", 1) = 1
21431 14:44:57.221334 read(5,  <unfinished ...>
21429 14:44:57.221341 read(4, "\r", 1)  = 1
21429 14:44:57.221352 select(6, [5], NULL, NULL, {60, 0}) = 1 (in [5], left {60, 0})
21429 14:44:57.221368 accept(5, {sa_family=AF_INET, sin_port=htons(48538), sin_addr=inet_addr("127.0.0.1")}, [16]) = 6
21429 14:44:57.221391 write(4, "\1", 1) = 1
21431 14:44:57.221401 <... read resumed> "\1", 1) = 1
21431 14:44:57.221409 recvmsg(5,  <unfinished ...>
21429 14:44:57.221418 sendmsg(4, {msg_name(0)=NULL, msg_iov(1)=[{"\0", 1}], msg_controllen=16, {cmsg_len=16, cmsg_level=SOL_SOCKET, cmsg_type=SCM_RIGHTS, {6}}, msg_flags=0}, 0) = 1
21431 14:44:57.221435 <... recvmsg resumed> {msg_name(0)=NULL, msg_iov(1)=[{"\0", 1}], msg_controllen=16, {cmsg_len=16, cmsg_level=SOL_SOCKET, cmsg_type=SCM_RIGHTS, {6}}, msg_flags=0}, 0) = 1
21431 14:44:57.221447 setsockopt(6, SOL_SOCKET, SO_KEEPALIVE, [1], 4) = 0
21431 14:44:57.221460 setsockopt(6, SOL_IP, IP_TOS, [8], 4) = 0
21431 14:44:57.221471 setsockopt(6, SOL_SOCKET, SO_LINGER, {onoff=1, linger=32767}, 8) = 0
21431 14:44:57.221482 rt_sigaction(SIGALRM, {0x805cad0, ~[RTMIN RT_1], 0}, NULL, 8) = 0
21431 14:44:57.221495 alarm(300)        = 300
21431 14:44:57.221508 write(0, "150 Opening BINARY mode data connection for myfile2 (17 bytes).\r\n", 65) = 65
21431 14:44:57.221550 _llseek(4, 0, [0], SEEK_CUR) = 0
21431 14:44:57.221562 fstat64(4, {st_mode=S_IFREG|0644, st_size=17, ...}) = 0
21431 14:44:57.221579 _llseek(4, 0, [0], SEEK_SET) = 0
21431 14:44:57.221590 sendfile(6, 4, NULL, 17) = 17
21431 14:44:57.221619 rt_sigaction(SIGALRM, {0x805cad0, ~[RTMIN RT_1], 0}, NULL, 8) = 0
21431 14:44:57.221633 alarm(300)        = 300
21431 14:44:57.221643 close(6)          = 0
21431 14:44:57.221652 alarm(0)          = 300
21431 14:44:57.221661 gettimeofday({1495651497, 221665}, NULL) = 0
21431 14:44:57.221676 gettimeofday({1495651497, 221680}, NULL) = 0
21431 14:44:57.221690 fcntl64(3, F_SETLKW64, {type=F_WRLCK, whence=SEEK_SET, start=0, len=0}, 0xbff95144) = 0
21431 14:44:57.221704 write(3, "Wed May 24 14:44:57 2017 [pid 21431] [msfadmin] OK DOWNLOAD: Client \"127.0.0.1\", \"/home/msfadmin/myfile2\", 17 bytes, 31.15Kbyte/sec\n", 132) = 132
21431 14:44:57.221732 fcntl64(3, F_SETLK64, {type=F_UNLCK, whence=SEEK_SET, start=0, len=0}, 0xbff9514c) = 0
21431 14:44:57.221746 write(0, "226 Transfer complete.\r\n", 24) = 24
21431 14:44:57.221761 write(5, "\n", 1) = 1
21431 14:44:57.221772 read(5,  <unfinished ...>
21429 14:44:57.221778 close(6)          = 0
21429 14:44:57.221860 read(4, "\n", 1)  = 1
21429 14:44:57.221873 close(5)          = 0
21429 14:44:57.221884 write(4, "\1", 1) = 1
21431 14:44:57.221894 <... read resumed> "\1", 1) = 1
21431 14:44:57.221901 close(4)          = 0
21431 14:44:57.221912 rt_sigaction(SIGALRM, {0x805cad0, ~[RTMIN RT_1], 0}, NULL, 8) = 0
21431 14:44:57.221925 alarm(300)        = 0
21431 14:44:57.221936 recv(0,  <unfinished ...>
21429 14:44:57.221943 read(4,  <unfinished ...>
21428 14:44:57.419498 <... recv resumed> "TYPE I\r\n", 4096, MSG_PEEK) = 8
21428 14:44:57.419528 read(0, "TYPE I\r\n", 8) = 8
21428 14:44:57.419550 write(0, "200 Switching to Binary mode.\r\n", 31) = 31
21428 14:44:57.419598 rt_sigaction(SIGALRM, {0x805cad0, ~[RTMIN RT_1], 0}, NULL, 8) = 0
21428 14:44:57.419616 alarm(300)        = 299
21428 14:44:57.419629 recv(0, "PASV\r\n", 4096, MSG_PEEK) = 6
21428 14:44:57.419641 read(0, "PASV\r\n", 6) = 6
21428 14:44:57.419652 write(5, "\n", 1 <unfinished ...>
21426 14:44:57.419664 <... read resumed> "\n", 1) = 1
21428 14:44:57.419669 <... write resumed> ) = 1
21426 14:44:57.419677 write(4, "\1", 1) = 1
21426 14:44:57.419687 read(4,  <unfinished ...>
21428 14:44:57.419694 read(5, "\1", 1)  = 1
21428 14:44:57.419706 write(5, "\f", 1 <unfinished ...>
21426 14:44:57.419713 <... read resumed> "\f", 1) = 1
21428 14:44:57.419717 <... write resumed> ) = 1
21426 14:44:57.419724 socket(PF_INET, SOCK_STREAM, IPPROTO_TCP) = 5
21426 14:44:57.419740 setsockopt(5, SOL_SOCKET, SO_REUSEADDR, [1], 4) = 0
21426 14:44:57.419754 bind(5, {sa_family=AF_INET, sin_port=htons(57159), sin_addr=inet_addr("127.0.0.1")}, 16) = 0
21426 14:44:57.419771 listen(5, 1)      = 0
21426 14:44:57.419784 write(4, "G\337\0\0", 4) = 4
21426 14:44:57.419795 read(4,  <unfinished ...>
21428 14:44:57.419802 read(5, "G\337\0\0", 4) = 4
21428 14:44:57.419818 write(0, "227 Entering Passive Mode (127,0,0,1,223,71).\r\n", 47) = 47
21428 14:44:57.419927 rt_sigaction(SIGALRM, {0x805cad0, ~[RTMIN RT_1], 0}, NULL, 8) = 0
21428 14:44:57.419944 alarm(300)        = 300
21428 14:44:57.419956 recv(0, "STOR myfile40\r\n", 4096, MSG_PEEK) = 15
21428 14:44:57.419968 read(0, "STOR myfile40\r\n", 15) = 15
21428 14:44:57.419981 write(5, "\v", 1 <unfinished ...>
21426 14:44:57.419989 <... read resumed> "\v", 1) = 1
21428 14:44:57.419994 <... write resumed> ) = 1
21426 14:44:57.420000 write(4, "\1\0\0\0", 4) = 4
21426 14:44:57.420011 read(4,  <unfinished ...>
21428 14:44:57.420017 read(5, "\1\0\0\0", 4) = 4
21428 14:44:57.420029 gettimeofday({1495651497, 420033}, NULL) = 0
21428 14:44:57.420040 getcwd("/home/msfadmin", 4096) = 15
21428 14:44:57.420052 open("myfile40", O_WRONLY|O_CREAT|O_NONBLOCK|O_LARGEFILE, 0666) = 4
21428 14:44:57.420067 fstat64(4, {st_mode=S_IFREG|0644, st_size=17, ...}) = 0
21428 14:44:57.420084 fcntl64(4, F_GETFL) = 0x8801 (flags O_WRONLY|O_NONBLOCK|O_LARGEFILE)
21428 14:44:57.420096 fcntl64(4, F_SETFL, O_WRONLY|O_LARGEFILE) = 0
21428 14:44:57.420106 fcntl64(4, F_SETLKW64, {type=F_WRLCK, whence=SEEK_SET, start=0, len=0}, 0xbf8daac4) = 0
21428 14:44:57.420120 ftruncate64(4, 0) = 0
21428 14:44:57.420140 _llseek(4, 0, [0], SEEK_SET) = 0
21428 14:44:57.420151 write(5, "\v", 1 <unfinished ...>
21426 14:44:57.420158 <... read resumed> "\v", 1) = 1
21428 14:44:57.420163 <... write resumed> ) = 1
21426 14:44:57.420169 write(4, "\1\0\0\0", 4) = 4
21426 14:44:57.420180 read(4,  <unfinished ...>
21428 14:44:57.420208 read(5, "\1\0\0\0", 4) = 4
21428 14:44:57.420220 write(5, "\v", 1 <unfinished ...>
21426 14:44:57.420228 <... read resumed> "\v", 1) = 1
21428 14:44:57.420232 <... write resumed> ) = 1
21426 14:44:57.420248 write(4, "\1\0\0\0", 4) = 4
21426 14:44:57.420265 read(4,  <unfinished ...>
21428 14:44:57.420272 read(5, "\1\0\0\0", 4) = 4
21428 14:44:57.420283 write(5, "\r", 1 <unfinished ...>
21426 14:44:57.420290 <... read resumed> "\r", 1) = 1
21428 14:44:57.420294 <... write resumed> ) = 1
21426 14:44:57.420301 select(6, [5], NULL, NULL, {60, 0}) = 1 (in [5], left {60, 0})
21426 14:44:57.420317 accept(5, {sa_family=AF_INET, sin_port=htons(51096), sin_addr=inet_addr("127.0.0.1")}, [16]) = 6
21426 14:44:57.420340 write(4, "\1", 1) = 1
21426 14:44:57.420352 sendmsg(4, {msg_name(0)=NULL, msg_iov(1)=[{"\0", 1}], msg_controllen=16, {cmsg_len=16, cmsg_level=SOL_SOCKET, cmsg_type=SCM_RIGHTS, {6}}, msg_flags=0}, 0) = 1
21426 14:44:57.420368 close(6)          = 0
21426 14:44:57.420378 read(4,  <unfinished ...>
21428 14:44:57.420384 read(5, "\1", 1)  = 1
21428 14:44:57.420397 recvmsg(5, {msg_name(0)=NULL, msg_iov(1)=[{"\0", 1}], msg_controllen=16, {cmsg_len=16, cmsg_level=SOL_SOCKET, cmsg_type=SCM_RIGHTS, {6}}, msg_flags=0}, 0) = 1
21428 14:44:57.420415 setsockopt(6, SOL_SOCKET, SO_KEEPALIVE, [1], 4) = 0
21428 14:44:57.420427 setsockopt(6, SOL_IP, IP_TOS, [8], 4) = 0
21428 14:44:57.420439 setsockopt(6, SOL_SOCKET, SO_LINGER, {onoff=1, linger=32767}, 8) = 0
21428 14:44:57.420450 rt_sigaction(SIGALRM, {0x805cad0, ~[RTMIN RT_1], 0}, NULL, 8) = 0
21428 14:44:57.420463 alarm(300)        = 300
21428 14:44:57.420475 write(0, "150 Ok to send data.\r\n", 22) = 22
21428 14:44:57.420541 read(6, "assasaaa\na\na\na\na\n", 65536) = 17
21428 14:44:57.420556 write(4, "assasaaa\na\na\na\na\n", 17) = 17
21428 14:44:57.420572 read(6, "", 65536) = 0
21428 14:44:57.420582 rt_sigaction(SIGALRM, {0x805cad0, ~[RTMIN RT_1], 0}, NULL, 8) = 0
21428 14:44:57.420596 alarm(300)        = 300
21428 14:44:57.420606 close(6)          = 0
21428 14:44:57.420622 alarm(0)          = 300
21428 14:44:57.420632 gettimeofday({1495651497, 420636}, NULL) = 0
21428 14:44:57.420648 gettimeofday({1495651497, 420652}, NULL) = 0
21428 14:44:57.420663 fcntl64(3, F_SETLKW64, {type=F_WRLCK, whence=SEEK_SET, start=0, len=0}, 0xbf8daa64) = 0
21428 14:44:57.420678 write(3, "Wed May 24 14:44:57 2017 [pid 21428] [msfadmin] OK UPLOAD: Client \"127.0.0.1\", \"/home/msfadmin/myfile40\", 17 bytes, 26.82Kbyte/sec\n", 131) = 131
21428 14:44:57.420699 fcntl64(3, F_SETLK64, {type=F_UNLCK, whence=SEEK_SET, start=0, len=0}, 0xbf8daa6c) = 0
21428 14:44:57.420713 write(0, "226 Transfer complete.\r\n", 24) = 24
21428 14:44:57.420765 write(5, "\n", 1 <unfinished ...>
21426 14:44:57.420775 <... read resumed> "\n", 1) = 1
21428 14:44:57.420780 <... write resumed> ) = 1
21426 14:44:57.420786 close(5)          = 0
21426 14:44:57.420798 write(4, "\1", 1) = 1
21426 14:44:57.420809 read(4,  <unfinished ...>
21428 14:44:57.420816 read(5, "\1", 1)  = 1
21428 14:44:57.420826 close(4)          = 0
21428 14:44:57.420837 rt_sigaction(SIGALRM, {0x805cad0, ~[RTMIN RT_1], 0}, NULL, 8) = 0
21428 14:44:57.420850 alarm(300)        = 0
21428 14:44:57.420861 recv(0,  <unfinished ...>
21431 14:44:57.769475 <... recv resumed> "QUIT\r\n", 4096, MSG_PEEK) = 6
21431 14:44:57.769515 read(0, "QUIT\r\n", 6) = 6
21431 14:44:57.769537 shutdown(0, 0 /* receive */) = 0
21431 14:44:57.769552 fcntl64(0, F_GETFL) = 0x2 (flags O_RDWR)
21431 14:44:57.769564 fcntl64(0, F_SETFL, O_RDWR|O_NONBLOCK) = 0
21431 14:44:57.769574 write(0, "221 Goodbye.\r\n", 14) = 14
21431 14:44:57.769640 fcntl64(0, F_GETFL) = 0x802 (flags O_RDWR|O_NONBLOCK)
21431 14:44:57.769652 fcntl64(0, F_SETFL, O_RDWR) = 0
21431 14:44:57.769663 shutdown(0, 2 /* send and receive */) = 0
21431 14:44:57.769682 exit_group(0)     = ?
21429 14:44:57.769743 <... read resumed> 0xbff95237, 1) = ? ERESTARTSYS (To be restarted)
21429 14:44:57.769753 --- SIGCHLD (Child exited) @ 0 (0) ---
21429 14:44:57.769765 alarm(1)          = 0
21429 14:44:57.769776 sigreturn()       = ? (mask now [])
21429 14:44:57.769792 alarm(0)          = 1
21429 14:44:57.769803 wait4(-1, [{WIFEXITED(s) && WEXITSTATUS(s) == 0}], 0, NULL) = 21431
21429 14:44:57.769817 exit_group(0)     = ?
4380  14:44:57.769855 <... select resumed> ) = ? ERESTARTNOHAND (To be restarted)
4380  14:44:57.769870 --- SIGCHLD (Child exited) @ 0 (0) ---
4380  14:44:57.769878 write(4, "\21", 1) = 1
4380  14:44:57.769892 sigreturn()       = ? (mask now [])
4380  14:44:57.769925 select(13, [3 5 6 8 9 10 11 12], NULL, NULL, NULL) = 1 (in [3])
4380  14:44:57.769943 ioctl(3, FIONREAD, [1]) = 0
4380  14:44:57.769962 read(3, "\21", 1) = 1
4380  14:44:57.769975 waitpid(-1, [{WIFEXITED(s) && WEXITSTATUS(s) == 0}], WNOHANG) = 21429
4380  14:44:57.769991 close(-1)         = -1 EBADF (Bad file descriptor)
4380  14:44:57.770006 waitpid(-1, 0xbf9d5dbc, WNOHANG) = 0
4380  14:44:57.770017 select(13, [3 5 6 8 9 10 11 12], NULL, NULL, NULL <unfinished ...>
21428 14:44:57.960415 <... recv resumed> "TYPE I\r\n", 4096, MSG_PEEK) = 8
21428 14:44:57.960565 read(0, "TYPE I\r\n", 8) = 8
21428 14:44:57.960698 write(0, "200 Switching to Binary mode.\r\n", 31) = 31
21428 14:44:57.960809 rt_sigaction(SIGALRM, {0x805cad0, ~[RTMIN RT_1], 0}, NULL, 8) = 0
21428 14:44:57.960845 alarm(300)        = 299
21428 14:44:57.960872 recv(0, "PASV\r\n", 4096, MSG_PEEK) = 6
21428 14:44:57.960905 read(0, "PASV\r\n", 6) = 6
21428 14:44:57.960918 write(5, "\n", 1 <unfinished ...>
21426 14:44:57.960929 <... read resumed> "\n", 1) = 1
21428 14:44:57.960934 <... write resumed> ) = 1
21426 14:44:57.960941 write(4, "\1", 1) = 1
21426 14:44:57.960952 read(4,  <unfinished ...>
21428 14:44:57.960959 read(5, "\1", 1)  = 1
21428 14:44:57.960970 write(5, "\f", 1 <unfinished ...>
21426 14:44:57.960977 <... read resumed> "\f", 1) = 1
21428 14:44:57.960981 <... write resumed> ) = 1
21426 14:44:57.960988 socket(PF_INET, SOCK_STREAM, IPPROTO_TCP) = 5
21426 14:44:57.961004 setsockopt(5, SOL_SOCKET, SO_REUSEADDR, [1], 4) = 0
21426 14:44:57.961018 bind(5, {sa_family=AF_INET, sin_port=htons(33466), sin_addr=inet_addr("127.0.0.1")}, 16) = 0
21426 14:44:57.961035 listen(5, 1)      = 0
21426 14:44:57.961048 write(4, "\272\202\0\0", 4) = 4
21426 14:44:57.961059 read(4,  <unfinished ...>
21428 14:44:57.961066 read(5, "\272\202\0\0", 4) = 4
21428 14:44:57.961082 write(0, "227 Entering Passive Mode (127,0,0,1,130,186).\r\n", 48) = 48
21428 14:44:57.961196 rt_sigaction(SIGALRM, {0x805cad0, ~[RTMIN RT_1], 0}, NULL, 8) = 0
21428 14:44:57.961212 alarm(300)        = 300
21428 14:44:57.961224 recv(0, "STOR myfile0\r\n", 4096, MSG_PEEK) = 14
21428 14:44:57.961235 read(0, "STOR myfile0\r\n", 14) = 14
21428 14:44:57.961249 write(5, "\v", 1 <unfinished ...>
21426 14:44:57.961256 <... read resumed> "\v", 1) = 1
21428 14:44:57.961261 <... write resumed> ) = 1
21426 14:44:57.961267 write(4, "\1\0\0\0", 4) = 4
21426 14:44:57.961278 read(4,  <unfinished ...>
21428 14:44:57.961284 read(5, "\1\0\0\0", 4) = 4
21428 14:44:57.961296 gettimeofday({1495651497, 961300}, NULL) = 0
21428 14:44:57.961307 getcwd("/home/msfadmin", 4096) = 15
21428 14:44:57.961319 open("myfile0", O_WRONLY|O_CREAT|O_NONBLOCK|O_LARGEFILE, 0666) = 4
21428 14:44:57.961333 fstat64(4, {st_mode=S_IFREG|0644, st_size=17, ...}) = 0
21428 14:44:57.961350 fcntl64(4, F_GETFL) = 0x8801 (flags O_WRONLY|O_NONBLOCK|O_LARGEFILE)
21428 14:44:57.961361 fcntl64(4, F_SETFL, O_WRONLY|O_LARGEFILE) = 0
21428 14:44:57.961371 fcntl64(4, F_SETLKW64, {type=F_WRLCK, whence=SEEK_SET, start=0, len=0}, 0xbf8daac4) = 0
21428 14:44:57.961410 ftruncate64(4, 0) = 0
21428 14:44:57.961447 _llseek(4, 0, [0], SEEK_SET) = 0
21428 14:44:57.961459 write(5, "\v", 1 <unfinished ...>
21426 14:44:57.961467 <... read resumed> "\v", 1) = 1
21428 14:44:57.961472 <... write resumed> ) = 1
21426 14:44:57.961478 write(4, "\1\0\0\0", 4) = 4
21426 14:44:57.961488 read(4,  <unfinished ...>
21428 14:44:57.961495 read(5, "\1\0\0\0", 4) = 4
21428 14:44:57.961506 write(5, "\v", 1 <unfinished ...>
21426 14:44:57.961513 <... read resumed> "\v", 1) = 1
21428 14:44:57.961517 <... write resumed> ) = 1
21426 14:44:57.961523 write(4, "\1\0\0\0", 4) = 4
21426 14:44:57.961533 read(4,  <unfinished ...>
21428 14:44:57.961540 read(5, "\1\0\0\0", 4) = 4
21428 14:44:57.961551 write(5, "\r", 1 <unfinished ...>
21426 14:44:57.961557 <... read resumed> "\r", 1) = 1
21428 14:44:57.961568 <... write resumed> ) = 1
21426 14:44:57.961575 select(6, [5], NULL, NULL, {60, 0}) = 1 (in [5], left {60, 0})
21426 14:44:57.961592 accept(5, {sa_family=AF_INET, sin_port=htons(39440), sin_addr=inet_addr("127.0.0.1")}, [16]) = 6
21426 14:44:57.961614 write(4, "\1", 1) = 1
21426 14:44:57.961626 sendmsg(4, {msg_name(0)=NULL, msg_iov(1)=[{"\0", 1}], msg_controllen=16, {cmsg_len=16, cmsg_level=SOL_SOCKET, cmsg_type=SCM_RIGHTS, {6}}, msg_flags=0}, 0) = 1
21426 14:44:57.961643 close(6)          = 0
21426 14:44:57.961652 read(4,  <unfinished ...>
21428 14:44:57.961659 read(5, "\1", 1)  = 1
21428 14:44:57.961672 recvmsg(5, {msg_name(0)=NULL, msg_iov(1)=[{"\0", 1}], msg_controllen=16, {cmsg_len=16, cmsg_level=SOL_SOCKET, cmsg_type=SCM_RIGHTS, {6}}, msg_flags=0}, 0) = 1
21428 14:44:57.961689 setsockopt(6, SOL_SOCKET, SO_KEEPALIVE, [1], 4) = 0
21428 14:44:57.961701 setsockopt(6, SOL_IP, IP_TOS, [8], 4) = 0
21428 14:44:57.961713 setsockopt(6, SOL_SOCKET, SO_LINGER, {onoff=1, linger=32767}, 8) = 0
21428 14:44:57.961724 rt_sigaction(SIGALRM, {0x805cad0, ~[RTMIN RT_1], 0}, NULL, 8) = 0
21428 14:44:57.961737 alarm(300)        = 300
21428 14:44:57.961749 write(0, "150 Ok to send data.\r\n", 22) = 22
21428 14:44:57.961816 read(6, "assasaaa\na\na\na\na\n", 65536) = 17
21428 14:44:57.961830 write(4, "assasaaa\na\na\na\na\n", 17) = 17
21428 14:44:57.961845 read(6, "", 65536) = 0
21428 14:44:57.961856 rt_sigaction(SIGALRM, {0x805cad0, ~[RTMIN RT_1], 0}, NULL, 8) = 0
21428 14:44:57.961869 alarm(300)        = 300
21428 14:44:57.961898 close(6)          = 0
21428 14:44:57.961927 alarm(0)          = 300
21428 14:44:57.961937 gettimeofday({1495651497, 961941}, NULL) = 0
21428 14:44:57.961954 gettimeofday({1495651497, 961958}, NULL) = 0
21428 14:44:57.961969 fcntl64(3, F_SETLKW64, {type=F_WRLCK, whence=SEEK_SET, start=0, len=0}, 0xbf8daa64) = 0
21428 14:44:57.961983 write(3, "Wed May 24 14:44:57 2017 [pid 21428] [msfadmin] OK UPLOAD: Client \"127.0.0.1\", \"/home/msfadmin/myfile0\", 17 bytes, 25.23Kbyte/sec\n", 130) = 130
21428 14:44:57.962005 fcntl64(3, F_SETLK64, {type=F_UNLCK, whence=SEEK_SET, start=0, len=0}, 0xbf8daa6c) = 0
21428 14:44:57.962019 write(0, "226 Transfer complete.\r\n", 24) = 24
21428 14:44:57.962062 write(5, "\n", 1 <unfinished ...>
21426 14:44:57.962072 <... read resumed> "\n", 1) = 1
21428 14:44:57.962076 <... write resumed> ) = 1
21426 14:44:57.962082 close(5)          = 0
21426 14:44:57.962094 write(4, "\1", 1) = 1
21426 14:44:57.962104 read(4,  <unfinished ...>
21428 14:44:57.962111 read(5, "\1", 1)  = 1
21428 14:44:57.962122 close(4)          = 0
21428 14:44:57.962132 rt_sigaction(SIGALRM, {0x805cad0, ~[RTMIN RT_1], 0}, NULL, 8) = 0
21428 14:44:57.962145 alarm(300)        = 0
21428 14:44:57.962156 recv(0,  <unfinished ...>
4380  14:44:58.350606 <... select resumed> ) = 1 (in [5])
4380  14:44:58.350747 accept(5, {sa_family=AF_INET, sin_port=htons(48961), sin_addr=inet_addr("127.0.0.1")}, [16]) = 13
4380  14:44:58.350879 time(NULL)        = 1495651498
4380  14:44:58.350925 clone(child_stack=0, flags=CLONE_CHILD_CLEARTID|CLONE_CHILD_SETTID|SIGCHLD, child_tidptr=0xb7dd26f8) = 21432
21432 14:44:58.351077 rt_sigaction(SIGPIPE, {SIG_DFL}, {SIG_IGN}, 8) = 0
21432 14:44:58.351093 rt_sigaction(SIGTSTP, {SIG_DFL}, {SIG_IGN}, 8) = 0
21432 14:44:58.351105 rt_sigaction(SIGTTIN, {SIG_DFL}, {SIG_IGN}, 8) = 0
21432 14:44:58.351117 rt_sigaction(SIGTTOU, {SIG_DFL}, {SIG_IGN}, 8) = 0
21432 14:44:58.351131 rt_sigprocmask(SIG_SETMASK, [], NULL, 8) = 0
21432 14:44:58.351145 close(3)          = 0
21432 14:44:58.351154 close(4)          = 0
21432 14:44:58.351164 open("/dev/null", O_RDONLY) = 3
21432 14:44:58.351180 dup2(3, 0)        = 0
21432 14:44:58.351190 dup2(3, 1)        = 1
21432 14:44:58.351198 dup2(3, 2)        = 2
21432 14:44:58.351207 close(3)          = 0
21432 14:44:58.351219 setgid32(0)       = 0
21432 14:44:58.351232 setgroups32(0, []) = 0
21432 14:44:58.351243 setuid32(0)       = 0
21432 14:44:58.351255 getpriority(PRIO_PROCESS, 0) = 20
21432 14:44:58.351264 setpriority(PRIO_PROCESS, 0, 10) = 0
21432 14:44:58.351274 getpriority(PRIO_PROCESS, 0) = 10
21432 14:44:58.351319 getpeername(13, {sa_family=AF_INET, sin_port=htons(48961), sin_addr=inet_addr("127.0.0.1")}, [16]) = 0
21432 14:44:58.351341 getsockname(13, {sa_family=AF_INET, sin_port=htons(21), sin_addr=inet_addr("127.0.0.1")}, [16]) = 0
21432 14:44:58.351369 open("/etc/hosts.allow", O_RDONLY) = 3
21432 14:44:58.351389 fstat64(3, {st_mode=S_IFREG|0644, st_size=588, ...}) = 0
21432 14:44:58.351408 mmap2(NULL, 4096, PROT_READ|PROT_WRITE, MAP_PRIVATE|MAP_ANONYMOUS, -1, 0) = 0xb7fa1000
21432 14:44:58.351422 read(3, "# /etc/hosts.allow: list of hosts that are allowed to access the system.\n#                   See the manual pages hosts_access(5) and hosts_options(5).\n#\n# Example:    ALL: LOCAL @some_netgroup\n#             ALL: .foobar.edu EXCEPT terminalserver.foobar.edu\n#\n# If you\'re going to protect the portmapper use the name \"portmap\" for the\n# daemon name. Remember that you can only use the keyword \"ALL\" and IP\n# addresses (NOT host or domain names) for the portmapper, as well as for\n# rpc.mountd (the NFS mount daemon). See portmap(8) and rpc.mountd(8)\n# for further information.\n#\n\nALL:ALL\n", 4096) = 588
21432 14:44:58.351531 close(3)          = 0
21432 14:44:58.351554 munmap(0xb7fa1000, 4096) = 0
21432 14:44:58.351582 fcntl64(13, F_SETFD, 0) = 0
21432 14:44:58.351596 close(7)          = 0
21432 14:44:58.351607 dup2(13, 0)       = 0
21432 14:44:58.351616 dup2(13, 1)       = 1
21432 14:44:58.351624 dup2(13, 2)       = 2
21432 14:44:58.351634 setrlimit(RLIMIT_NOFILE, {rlim_cur=1024, rlim_max=1024}) = 0
21432 14:44:58.351645 close(13)         = 0
21432 14:44:58.351655 setsid()          = 21432
21432 14:44:58.351665 execve("/usr/sbin/vsftpd", ["vsftpd"], [/* 15 vars */]) = 0
21432 14:44:58.351745 brk(0)            = 0x8064000
21432 14:44:58.351765 access("/etc/ld.so.nohwcap", F_OK) = -1 ENOENT (No such file or directory)
21432 14:44:58.351782 mmap2(NULL, 8192, PROT_READ|PROT_WRITE, MAP_PRIVATE|MAP_ANONYMOUS, -1, 0) = 0xb7faf000
21432 14:44:58.351796 access("/etc/ld.so.preload", R_OK) = -1 ENOENT (No such file or directory)
21432 14:44:58.351812 open("/etc/ld.so.cache", O_RDONLY) = 3
21432 14:44:58.351824 fstat64(3, {st_mode=S_IFREG|0644, st_size=29913, ...}) = 0
21432 14:44:58.351841 mmap2(NULL, 29913, PROT_READ, MAP_PRIVATE, 3, 0) = 0xb7fa7000
21432 14:44:58.351851 close(3)          = 0
21432 14:44:58.351862 access("/etc/ld.so.nohwcap", F_OK) = -1 ENOENT (No such file or directory)
21432 14:44:58.351877 open("/lib/libpam.so.0", O_RDONLY) = 3
21432 14:44:58.351890 read(3, "\177ELF\1\1\1\0\0\0\0\0\0\0\0\0\3\0\3\0\1\0\0\0\320\30\0\0004\0\0\0\f\220\0\0\0\0\0\0004\0 \0\4\0(\0\33\0\32\0\1\0\0\0\0\0\0\0\0\0\0\0\0\0\0\0t\214\0\0t\214\0\0\5\0\0\0\0\20\0\0\1\0\0\0t\214\0\0t\234\0\0t\234\0\0\250\2\0\0\254\2\0\0\6\0\0\0\0\20\0\0\2\0\0\0D\215\0\0D\235\0\0D\235\0\0\350\0\0\0\350\0\0\0\6\0\0\0\4\0\0\0Q\345td\0\0\0\0\0\0\0\0\0\0\0\0\0\0\0\0\0\0\0\0\6\0\0\0\4\0\0\0\254\0\0\0X\0\0\0D\0\0\0\0\0\0\0G\0\0\0\7\0\0\0*\0\0\0\v\0\0\0\36\0\0\0\0\0\0\0K\0\0\0L\0\0\0\34\0\0\0\0\0\0\0\0\0\0\0V\0\0\0\0\0\0\0\0\0\0\0\21\0\0\0\33\0\0\0\0\0\0\0\0\0\0\0\0\0\0\0>\0\0\0O\0\0\0\0\0\0\0\0\0\0\0\0\0\0\0\2\0\0\0\0\0\0\0\0\0\0\0P\0\0\0R\0\0\0\0\0\0\0A\0\0\0?\0\0\0\0\0\0\0\0\0\0\0;\0\0\0\r\0\0\0\0\0\0\0\0\0\0\0\0\0\0\0006\0\0\0(\0\0\0\0\0\0\0.\0\0\0\16\0\0\0,\0\0\0\0\0\0\0!\0\0\0\30\0\0\0\0\0\0\0\0\0\0\0\0\0\0\0\0\0\0\0\0\0\0\0\31\0\0\0\0\0\0\0<\0\0\0W\0\0\0+\0\0\0M\0\0\0\0\0\0\0\0\0\0\0&\0\0\0\0\0\0\0N\0\0\0\0\0\0\0\0\0\0\0\27\0\0\0\0\0\0\0\0\0\0\0\0\0\0\0001\0\0\0%\0\0\0\35\0\0\0\0\0\0\0/\0\0\0\0\0\0\0\0\0\0\0\0\0\0\0B\0\0\0", 512) = 512
21432 14:44:58.351979 fstat64(3, {st_mode=S_IFREG|0644, st_size=37956, ...}) = 0
21432 14:44:58.351996 mmap2(NULL, 40736, PROT_READ|PROT_EXEC, MAP_PRIVATE|MAP_DENYWRITE, 3, 0) = 0xb7f9d000
21432 14:44:58.352008 mmap2(0xb7fa6000, 4096, PROT_READ|PROT_WRITE, MAP_PRIVATE|MAP_FIXED|MAP_DENYWRITE, 3, 0x8) = 0xb7fa6000
21432 14:44:58.352023 close(3)          = 0
21432 14:44:58.352035 access("/etc/ld.so.nohwcap", F_OK) = -1 ENOENT (No such file or directory)
21432 14:44:58.352052 open("/lib/tls/i686/cmov/libdl.so.2", O_RDONLY) = 3
21432 14:44:58.352068 read(3, "\177ELF\1\1\1\0\0\0\0\0\0\0\0\0\3\0\3\0\1\0\0\0p\n\0\0004\0\0\0L!\0\0\0\0\0\0004\0 \0\10\0(\0\35\0\34\0\6\0\0\0004\0\0\0004\0\0\0004\0\0\0\0\1\0\0\0\1\0\0\5\0\0\0\4\0\0\0\3\0\0\0003\33\0\0003\33\0\0003\33\0\0\23\0\0\0\23\0\0\0\4\0\0\0\1\0\0\0\1\0\0\0\0\0\0\0\0\0\0\0\0\0\0\0\374\34\0\0\374\34\0\0\5\0\0\0\0\20\0\0\1\0\0\0\264\36\0\0\264.\0\0\264.\0\0\230\1\0\0\310\1\0\0\6\0\0\0\0\20\0\0\2\0\0\0\320\36\0\0\320.\0\0\320.\0\0\370\0\0\0\370\0\0\0\6\0\0\0\4\0\0\0\4\0\0\0004\1\0\0004\1\0\0004\1\0\0 \0\0\0 \0\0\0\4\0\0\0\4\0\0\0Q\345td\0\0\0\0\0\0\0\0\0\0\0\0\0\0\0\0\0\0\0\0\6\0\0\0\4\0\0\0R\345td\264\36\0\0\264.\0\0\264.\0\0@\1\0\0@\1\0\0\4\0\0\0\1\0\0\0\4\0\0\0\20\0\0\0\1\0\0\0GNU\0\0\0\0\0\2\0\0\0\6\0\0\0\10\0\0\0\26\0\0\0\31\0\0\0\4\0\0\0\7\0\0\0\230\0\21\0\0B\0\0\202\0`\10\223(\10\336\31\0\0\0\0\0\0\0\0\0\0\0\0\0\0\0\32\0\0\0\0\0\0\0\33\0\0\0\34\0\0\0\0\0\0\0\36\0\0\0\0\0\0\0\0\0\0\0\37\0\0\0!\0\0\0\"\0\0\0\0\0\0\0\0\0\0\0#\0\0\0%\0\0\0&\0\0\0\0\0\0\0(\0\0\0\221!\374\370\225\263_\31\5\350\7\371\6\2\4\371\7\2\4\371\301S\200\30\256\304M\17a\242\222\6\325=l\366\327=l\366\370\31sB\353\26\251\30\373\31sB", 512) = 512
21432 14:44:58.352155 fstat64(3, {st_mode=S_IFREG|0644, st_size=9684, ...}) = 0
21432 14:44:58.352171 mmap2(NULL, 12412, PROT_READ|PROT_EXEC, MAP_PRIVATE|MAP_DENYWRITE, 3, 0) = 0xb7f99000
21432 14:44:58.352182 mmap2(0xb7f9b000, 8192, PROT_READ|PROT_WRITE, MAP_PRIVATE|MAP_FIXED|MAP_DENYWRITE, 3, 0x1) = 0xb7f9b000
21432 14:44:58.352199 close(3)          = 0
21432 14:44:58.352210 access("/etc/ld.so.nohwcap", F_OK) = -1 ENOENT (No such file or directory)
21432 14:44:58.352223 open("/lib/tls/i686/cmov/libnsl.so.1", O_RDONLY) = 3
21432 14:44:58.352237 read(3, "\177ELF\1\1\1\0\0\0\0\0\0\0\0\0\3\0\3\0\1\0\0\00001\0\0004\0\0\0\234B\1\0\0\0\0\0004\0 \0\10\0(\0\34\0\33\0\6\0\0\0004\0\0\0004\0\0\0004\0\0\0\0\1\0\0\0\1\0\0\5\0\0\0\4\0\0\0\3\0\0\0\340,\1\0\340,\1\0\340,\1\0\23\0\0\0\23\0\0\0\4\0\0\0\1\0\0\0\1\0\0\0\0\0\0\0\0\0\0\0\0\0\0\0\3407\1\0\3407\1\0\5\0\0\0\0\20\0\0\1\0\0\0\300>\1\0\300N\1\0\300N\1\0\350\2\0\0()\0\0\6\0\0\0\0\20\0\0\2\0\0\0\324>\1\0\324N\1\0\324N\1\0\340\0\0\0\340\0\0\0\6\0\0\0\4\0\0\0\4\0\0\0004\1\0\0004\1\0\0004\1\0\0 \0\0\0 \0\0\0\4\0\0\0\4\0\0\0Q\345td\0\0\0\0\0\0\0\0\0\0\0\0\0\0\0\0\0\0\0\0\6\0\0\0\4\0\0\0R\345td\300>\1\0\300N\1\0\300N\1\0004\1\0\0004\1\0\0\4\0\0\0\1\0\0\0\4\0\0\0\20\0\0\0\1\0\0\0GNU\0\0\0\0\0\2\0\0\0\6\0\0\0\10\0\0\0\374\0\0\0q\0\0\0 \0\0\0\n\0\0\0\1\1$\232 \'Q\0@ \0\0\f\1\1\n\1\n\0\0\240:X\0@\1\16$\10\4\200\n`\260\23 @\24\21\20@\3442\324\4H\346\0\1`\3@\260\272\2019\30\235\340\0\0\332\200\0044\2\201J\20{\203+\200\22 d\21\1\0\2\200\306 d`A\n\4\4\4\v\4PD@\200\20\0\22 \4\340@\1\32 \4\2\20\10\0\0\204\260\200\0\340\23\0\212$\0\206\210\0\2`@q\0\0\0\0\0\0\0\0\0\0\0r\0\0\0\0\0\0\0t\0\0\0\0\0\0\0", 512) = 512
21432 14:44:58.352321 fstat64(3, {st_mode=S_IFREG|0644, st_size=83708, ...}) = 0
21432 14:44:58.352337 mmap2(NULL, 4096, PROT_READ|PROT_WRITE, MAP_PRIVATE|MAP_ANONYMOUS, -1, 0) = 0xb7f98000
21432 14:44:58.352350 mmap2(NULL, 96232, PROT_READ|PROT_EXEC, MAP_PRIVATE|MAP_DENYWRITE, 3, 0) = 0xb7f80000
21432 14:44:58.352360 mmap2(0xb7f94000, 8192, PROT_READ|PROT_WRITE, MAP_PRIVATE|MAP_FIXED|MAP_DENYWRITE, 3, 0x13) = 0xb7f94000
21432 14:44:58.352375 mmap2(0xb7f96000, 6120, PROT_READ|PROT_WRITE, MAP_PRIVATE|MAP_FIXED|MAP_ANONYMOUS, -1, 0) = 0xb7f96000
21432 14:44:58.352389 close(3)          = 0
21432 14:44:58.352401 access("/etc/ld.so.nohwcap", F_OK) = -1 ENOENT (No such file or directory)
21432 14:44:58.352415 open("/lib/tls/i686/cmov/libresolv.so.2", O_RDONLY) = 3
21432 14:44:58.352429 read(3, "\177ELF\1\1\1\0\0\0\0\0\0\0\0\0\3\0\3\0\1\0\0\0@!\0\0004\0\0\0\310\2\1\0\0\0\0\0004\0 \0\10\0(\0\35\0\34\0\6\0\0\0004\0\0\0004\0\0\0004\0\0\0\0\1\0\0\0\1\0\0\5\0\0\0\4\0\0\0\3\0\0\0\264\346\0\0\264\346\0\0\264\346\0\0\23\0\0\0\23\0\0\0\4\0\0\0\1\0\0\0\1\0\0\0\0\0\0\0\0\0\0\0\0\0\0\0H\355\0\0H\355\0\0\5\0\0\0\0\20\0\0\1\0\0\0h\372\0\0h\372\0\0h\372\0\0X\7\0\0\\.\0\0\6\0\0\0\0\20\0\0\2\0\0\0\0\377\0\0\0\377\0\0\0\377\0\0\340\0\0\0\340\0\0\0\6\0\0\0\4\0\0\0\4\0\0\0004\1\0\0004\1\0\0004\1\0\0 \0\0\0 \0\0\0\4\0\0\0\4\0\0\0Q\345td\0\0\0\0\0\0\0\0\0\0\0\0\0\0\0\0\0\0\0\0\6\0\0\0\4\0\0\0R\345tdh\372\0\0h\372\0\0h\372\0\0\214\5\0\0\214\5\0\0\4\0\0\0\1\0\0\0\4\0\0\0\20\0\0\0\1\0\0\0GNU\0\0\0\0\0\2\0\0\0\6\0\0\0\10\0\0\0\235\0\0\0;\0\0\0\20\0\0\0\t\0\0\0\244RH\260<\23\340\6\200\4\24\227\221\3\366\225\2@\20\0B\201\205A\20\6\30@A\20U\205\0B\0@\220\204\10\n\0J\0\25\4\21\200\2$\210\4\4P\220\0\2\"]\260D\4\221\t\31;\0\0\0\0\0\0\0\0\0\0\0<\0\0\0>\0\0\0?\0\0\0\0\0\0\0\0\0\0\0\0\0\0\0\0\0\0\0\0\0\0\0\0\0\0\0\0\0\0\0@\0\0\0B\0\0\0C\0\0\0D\0\0\0\0\0\0\0E\0\0\0F\0\0\0\0\0\0\0H\0\0\0\0\0\0\0", 512) = 512
21432 14:44:58.352557 fstat64(3, {st_mode=S_IFREG|0644, st_size=67408, ...}) = 0
21432 14:44:58.352576 mmap2(NULL, 75972, PROT_READ|PROT_EXEC, MAP_PRIVATE|MAP_DENYWRITE, 3, 0) = 0xb7f6d000
21432 14:44:58.352587 mmap2(0xb7f7c000, 8192, PROT_READ|PROT_WRITE, MAP_PRIVATE|MAP_FIXED|MAP_DENYWRITE, 3, 0xf) = 0xb7f7c000
21432 14:44:58.352602 mmap2(0xb7f7e000, 6340, PROT_READ|PROT_WRITE, MAP_PRIVATE|MAP_FIXED|MAP_ANONYMOUS, -1, 0) = 0xb7f7e000
21432 14:44:58.352616 close(3)          = 0
21432 14:44:58.352629 access("/etc/ld.so.nohwcap", F_OK) = -1 ENOENT (No such file or directory)
21432 14:44:58.352642 open("/lib/tls/i686/cmov/libutil.so.1", O_RDONLY) = 3
21432 14:44:58.352656 read(3, "\177ELF\1\1\1\0\0\0\0\0\0\0\0\0\3\0\3\0\1\0\0\0@\n\0\0004\0\0\0\200!\0\0\0\0\0\0004\0 \0\10\0(\0\34\0\33\0\6\0\0\0004\0\0\0004\0\0\0004\0\0\0\0\1\0\0\0\1\0\0\5\0\0\0\4\0\0\0\3\0\0\0R\23\0\0R\23\0\0R\23\0\0\23\0\0\0\23\0\0\0\4\0\0\0\1\0\0\0\1\0\0\0\0\0\0\0\0\0\0\0\0\0\0\0`\25\0\0`\25\0\0\5\0\0\0\0\20\0\0\1\0\0\0\364\36\0\0\364.\0\0\364.\0\0\230\1\0\0\234\1\0\0\6\0\0\0\0\20\0\0\2\0\0\0\10\37\0\0\10/\0\0\10/\0\0\340\0\0\0\340\0\0\0\6\0\0\0\4\0\0\0\4\0\0\0004\1\0\0004\1\0\0004\1\0\0 \0\0\0 \0\0\0\4\0\0\0\4\0\0\0Q\345td\0\0\0\0\0\0\0\0\0\0\0\0\0\0\0\0\0\0\0\0\6\0\0\0\4\0\0\0R\345td\364\36\0\0\364.\0\0\364.\0\0\0\1\0\0\0\1\0\0\4\0\0\0\1\0\0\0\4\0\0\0\20\0\0\0\1\0\0\0GNU\0\0\0\0\0\2\0\0\0\6\0\0\0\10\0\0\0\r\0\0\0#\0\0\0\2\0\0\0\6\0\0\0\0\240\344\300\204\200\20@\0\0\0\0\0\0\0\0#\0\0\0\0\0\0\0\0\0\0\0$\0\0\0&\0\0\0\'\0\0\0(\0\0\0\0\0\0\0\0\0\0\0\0\0\0\0)\0\0\0\217\365\310\207\364\361\253\272_+\337\v\325=l\366\237<\300|\365\243\343p\277\370\337\17\0\0\0\0\0\0\0\0\0\0\0\0\0\0\0\0S\0\0\0\0\0\0\0\35\0\0\0\22\0\0\0/\1\0\0\0\0\0\0z\0\0\0\22\0\0\0\226\0\0\0\0\0\0\0*\0\0\0\22\0\0\0v\0\0\0", 512) = 512
21432 14:44:58.352742 fstat64(3, {st_mode=S_IFREG|0644, st_size=9696, ...}) = 0
21432 14:44:58.352759 mmap2(NULL, 12432, PROT_READ|PROT_EXEC, MAP_PRIVATE|MAP_DENYWRITE, 3, 0) = 0xb7f69000
21432 14:44:58.352770 mmap2(0xb7f6b000, 8192, PROT_READ|PROT_WRITE, MAP_PRIVATE|MAP_FIXED|MAP_DENYWRITE, 3, 0x1) = 0xb7f6b000
21432 14:44:58.352786 close(3)          = 0
21432 14:44:58.352797 access("/etc/ld.so.nohwcap", F_OK) = -1 ENOENT (No such file or directory)
21432 14:44:58.352810 open("/lib/libcap.so.1", O_RDONLY) = 3
21432 14:44:58.352823 read(3, "\177ELF\1\1\1\0\0\0\0\0\0\0\0\0\3\0\3\0\1\0\0\0\220\t\0\0004\0\0\0d$\0\0\0\0\0\0004\0 \0\4\0(\0\31\0\30\0\1\0\0\0\0\0\0\0\0\0\0\0\0\0\0\0\250!\0\0\250!\0\0\5\0\0\0\0\20\0\0\1\0\0\0\250!\0\0\2501\0\0\2501\0\0\354\1\0\0L\4\0\0\6\0\0\0\0\20\0\0\2\0\0\0\274!\0\0\2741\0\0\2741\0\0\320\0\0\0\320\0\0\0\6\0\0\0\4\0\0\0Q\345td\0\0\0\0\0\0\0\0\0\0\0\0\0\0\0\0\0\0\0\0\6\0\0\0\4\0\0\0\21\0\0\0$\0\0\0\1\0\0\0\r\0\0\0\0\0\0\0\10\0\0\0\v\0\0\0\0\0\0\0\f\0\0\0\33\0\0\0\"\0\0\0\17\0\0\0\21\0\0\0\20\0\0\0\t\0\0\0\23\0\0\0\22\0\0\0\25\0\0\0\5\0\0\0\0\0\0\0\0\0\0\0\0\0\0\0\0\0\0\0\0\0\0\0\0\0\0\0\0\0\0\0\0\0\0\0\34\0\0\0\6\0\0\0\2\0\0\0\0\0\0\0\37\0\0\0\27\0\0\0\0\0\0\0\24\0\0\0\26\0\0\0\n\0\0\0\0\0\0\0\0\0\0\0#\0\0\0\36\0\0\0\35\0\0\0!\0\0\0\3\0\0\0\30\0\0\0\0\0\0\0\0\0\0\0\4\0\0\0\32\0\0\0\31\0\0\0\7\0\0\0\16\0\0\0\0\0\0\0 \0\0\0\0\0\0\0\21\0\0\0\16\0\0\0\4\0\0\0\7\0\0\0\10\33\260\200\210\32\1\t\10\204\10\243\246\4\22$\0\0\0\0\16\0\0\0\17\0\0\0\20\0\0\0\23\0\0\0\24\0\0\0\25\0\0\0\26\0\0\0\30\0\0\0\34\0\0\0\35\0\0\0\36\0\0\0\0\0\0\0 \0\0\0\0\0\0\0!\0\0\0#\0\0\0\353\323\357\16\271\215\361\16\330qX\34", 512) = 512
21432 14:44:58.352914 fstat64(3, {st_mode=S_IFREG|0644, st_size=10316, ...}) = 0
21432 14:44:58.352930 mmap2(NULL, 13812, PROT_READ|PROT_EXEC, MAP_PRIVATE|MAP_DENYWRITE, 3, 0) = 0xb7f65000
21432 14:44:58.352941 mmap2(0xb7f68000, 4096, PROT_READ|PROT_WRITE, MAP_PRIVATE|MAP_FIXED|MAP_DENYWRITE, 3, 0x2) = 0xb7f68000
21432 14:44:58.352955 close(3)          = 0
21432 14:44:58.352967 access("/etc/ld.so.nohwcap", F_OK) = -1 ENOENT (No such file or directory)
21432 14:44:58.352979 open("/lib/tls/i686/cmov/libc.so.6", O_RDONLY) = 3
21432 14:44:58.352994 read(3, "\177ELF\1\1\1\0\0\0\0\0\0\0\0\0\3\0\3\0\1\0\0\0\260e\1\0004\0\0\0\4\307\24\0\0\0\0\0004\0 \0\n\0(\0D\0C\0\6\0\0\0004\0\0\0004\0\0\0004\0\0\0@\1\0\0@\1\0\0\5\0\0\0\4\0\0\0\3\0\0\0\2200\23\0\2200\23\0\2200\23\0\23\0\0\0\23\0\0\0\4\0\0\0\1\0\0\0\1\0\0\0\0\0\0\0\0\0\0\0\0\0\0\0(\215\24\0(\215\24\0\5\0\0\0\0\20\0\0\1\0\0\0\354\221\24\0\354\221\24\0\354\221\24\0\260\'\0\0\204T\0\0\6\0\0\0\0\20\0\0\2\0\0\0\234\255\24\0\234\255\24\0\234\255\24\0\360\0\0\0\360\0\0\0\6\0\0\0\4\0\0\0\4\0\0\0t\1\0\0t\1\0\0t\1\0\0 \0\0\0 \0\0\0\4\0\0\0\4\0\0\0\7\0\0\0\354\221\24\0\354\221\24\0\354\221\24\0\10\0\0\0,\0\0\0\4\0\0\0\4\0\0\0P\345td\2440\23\0\2440\23\0\2440\23\0\354+\0\0\354+\0\0\4\0\0\0\4\0\0\0Q\345td\0\0\0\0\0\0\0\0\0\0\0\0\0\0\0\0\0\0\0\0\6\0\0\0\4\0\0\0R\345td\354\221\24\0\354\221\24\0\354\221\24\0\10\36\0\0\10\36\0\0\4\0\0\0\1\0\0\0\4\0\0\0\20\0\0\0\1\0\0\0GNU\0\0\0\0\0\2\0\0\0\6\0\0\0\10\0\0\0\363\3\0\0\n\0\0\0\0\2\0\0\16\0\0\0\2400\20D\200 \2\1\214\3\346\220AE\210\0\204\0\10\0A\200\0@\300\200\0\f\2\f\0\0010\0\10@\"\10\246\4\210H6l\240\0260\0&\204\200\216\4\10B$\2\f\246\244\32\6c\310\0\302 \1\300\0R\0!\201\10\4\n  \250\24\0\24(`\0\0P\240\312DB", 512) = 512
21432 14:44:58.353079 fstat64(3, {st_mode=S_IFREG|0755, st_size=1364388, ...}) = 0
21432 14:44:58.353096 mmap2(NULL, 1369712, PROT_READ|PROT_EXEC, MAP_PRIVATE|MAP_DENYWRITE, 3, 0) = 0xb7e16000
21432 14:44:58.353108 mmap2(0xb7f5f000, 12288, PROT_READ|PROT_WRITE, MAP_PRIVATE|MAP_FIXED|MAP_DENYWRITE, 3, 0x149) = 0xb7f5f000
21432 14:44:58.353122 mmap2(0xb7f62000, 9840, PROT_READ|PROT_WRITE, MAP_PRIVATE|MAP_FIXED|MAP_ANONYMOUS, -1, 0) = 0xb7f62000
21432 14:44:58.353137 close(3)          = 0
21432 14:44:58.353160 mmap2(NULL, 4096, PROT_READ|PROT_WRITE, MAP_PRIVATE|MAP_ANONYMOUS, -1, 0) = 0xb7e15000
21432 14:44:58.353177 mmap2(NULL, 4096, PROT_READ|PROT_WRITE, MAP_PRIVATE|MAP_ANONYMOUS, -1, 0) = 0xb7e14000
21432 14:44:58.353188 set_thread_area({entry_number:-1 -> 6, base_addr:0xb7e146b0, limit:1048575, seg_32bit:1, contents:0, read_exec_only:0, limit_in_pages:1, seg_not_present:0, useable:1}) = 0
21432 14:44:58.353245 mprotect(0xb7f5f000, 4096, PROT_READ) = 0
21432 14:44:58.353280 munmap(0xb7fa7000, 29913) = 0
21432 14:44:58.353343 brk(0)            = 0x8064000
21432 14:44:58.353353 brk(0x8085000)    = 0x8085000
21432 14:44:58.353368 stat64("/etc/vsftpd.conf", {st_mode=S_IFREG|0644, st_size=4430, ...}) = 0
21432 14:44:58.353393 open("/etc/vsftpd.conf", O_RDONLY|O_NONBLOCK|O_LARGEFILE) = 3
21432 14:44:58.353407 fstat64(3, {st_mode=S_IFREG|0644, st_size=4430, ...}) = 0
21432 14:44:58.353570 mmap2(NULL, 16384, PROT_READ|PROT_WRITE, MAP_PRIVATE|MAP_ANONYMOUS, -1, 0) = 0xb7fab000
21432 14:44:58.353589 mprotect(0xb7fae000, 4096, PROT_NONE) = 0
21432 14:44:58.353610 mprotect(0xb7fab000, 4096, PROT_NONE) = 0
