23773 15:09:15.790116 mmap2(NULL, 1624, PROT_READ, MAP_SHARED, 5, 0) = 0xb7f85000
23773 15:09:15.790126 _llseek(5, 1624, [1624], SEEK_SET) = 0
23773 15:09:15.790142 munmap(0xb7f85000, 1624) = 0
23773 15:09:15.790151 close(5)          = 0
23773 15:09:15.790163 open("/etc/shadow", O_RDONLY|0x80000 /* O_??? */) = 5
23773 15:09:15.790176 _llseek(5, 0, [0], SEEK_CUR) = 0
23773 15:09:15.790186 fstat64(5, {st_mode=S_IFREG|0640, st_size=1233, ...}) = 0
23773 15:09:15.790202 mmap2(NULL, 1233, PROT_READ, MAP_SHARED, 5, 0) = 0xb7f85000
23773 15:09:15.790212 _llseek(5, 1233, [1233], SEEK_SET) = 0
23773 15:09:15.790228 munmap(0xb7f85000, 1233) = 0
23773 15:09:15.790237 close(5)          = 0
23773 15:09:15.790496 getuid32()        = 0
23773 15:09:15.790509 open("/etc/passwd", O_RDONLY|0x80000 /* O_??? */) = 5
23773 15:09:15.790522 _llseek(5, 0, [0], SEEK_CUR) = 0
23773 15:09:15.790532 fstat64(5, {st_mode=S_IFREG|0644, st_size=1624, ...}) = 0
23773 15:09:15.790548 mmap2(NULL, 1624, PROT_READ, MAP_SHARED, 5, 0) = 0xb7f85000
23773 15:09:15.790559 _llseek(5, 1624, [1624], SEEK_SET) = 0
23773 15:09:15.790575 munmap(0xb7f85000, 1624) = 0
23773 15:09:15.790584 close(5)          = 0
23773 15:09:15.790597 open("/etc/shadow", O_RDONLY|0x80000 /* O_??? */) = 5
23773 15:09:15.790610 _llseek(5, 0, [0], SEEK_CUR) = 0
23773 15:09:15.790620 fstat64(5, {st_mode=S_IFREG|0640, st_size=1233, ...}) = 0
23773 15:09:15.790636 mmap2(NULL, 1233, PROT_READ, MAP_SHARED, 5, 0) = 0xb7f85000
23773 15:09:15.790646 _llseek(5, 1233, [1233], SEEK_SET) = 0
23773 15:09:15.790662 munmap(0xb7f85000, 1233) = 0
23773 15:09:15.790671 close(5)          = 0
23773 15:09:15.790683 time(NULL)        = 1495652955
23773 15:09:15.790698 munmap(0xb7f82000, 12164) = 0
23773 15:09:15.790711 munmap(0xb7f80000, 7136) = 0
23773 15:09:15.790725 munmap(0xb7db5000, 95428) = 0
23773 15:09:15.790736 munmap(0xb7d7b000, 201052) = 0
23773 15:09:15.790747 munmap(0xb7d62000, 101180) = 0
23773 15:09:15.790763 gettimeofday({1495652955, 790767}, NULL) = 0
23773 15:09:15.790774 stat64("/usr/share/zoneinfo/UTC+04:00", 0xbfc1f594) = -1 ENOENT (No such file or directory)
23773 15:09:15.790789 open("/usr/share/zoneinfo/UTC+04:00", O_RDONLY) = -1 ENOENT (No such file or directory)
23773 15:09:15.790814 fcntl64(3, F_SETLKW64, {type=F_WRLCK, whence=SEEK_SET, start=0, len=0}, 0xbfc1f6e4) = 0
23773 15:09:15.791464 write(3, "Wed May 24 15:09:15 2017 [pid 23773] [msfadmin] OK LOGIN: Client \"127.0.0.1\"\n", 77) = 77
23773 15:09:15.791485 fcntl64(3, F_SETLK64, {type=F_UNLCK, whence=SEEK_SET, start=0, len=0}, 0xbfc1f6ec) = 0
23773 15:09:15.791498 rt_sigaction(SIGCHLD, {0x805cad0, ~[RTMIN RT_1], 0}, NULL, 8) = 0
23773 15:09:15.791513 write(4, "\1", 1 <unfinished ...>
23774 15:09:15.791522 <... read resumed> "\1", 1) = 1
23773 15:09:15.791527 <... write resumed> ) = 1
23774 15:09:15.791535 exit_group(0)     = ?
23773 15:09:15.791563 --- SIGCHLD (Child exited) @ 0 (0) ---
23773 15:09:15.791570 sigreturn()       = ? (mask now [])
23773 15:09:15.791589 wait4(-1, [{WIFEXITED(s) && WEXITSTATUS(s) == 0}], 0, NULL) = 23774
23773 15:09:15.791602 close(4)          = 0
23773 15:09:15.791614 socketpair(PF_FILE, SOCK_STREAM, 0, [4, 5]) = 0
23773 15:09:15.791627 rt_sigaction(SIGCHLD, {0x805cad0, ~[RTMIN RT_1], 0}, NULL, 8) = 0
23773 15:09:15.791640 rt_sigaction(SIGALRM, {0x805cb10, ~[RTMIN RT_1], 0}, NULL, 8) = 0
23773 15:09:15.791658 clone(child_stack=0, flags=CLONE_CHILD_CLEARTID|CLONE_CHILD_SETTID|SIGCHLD, child_tidptr=0xb7deb6f8) = 23775
23775 15:09:15.791707 prctl(0x1, 0x9, 0, 0, 0) = 0
23775 15:09:15.791720 close(4)          = 0
23775 15:09:15.791746 open("/etc/passwd", O_RDONLY|0x80000 /* O_??? */) = 4
23775 15:09:15.791763 _llseek(4, 0, [0], SEEK_CUR) = 0
23775 15:09:15.791779 fstat64(4, {st_mode=S_IFREG|0644, st_size=1624, ...}) = 0
23775 15:09:15.791797 mmap2(NULL, 1624, PROT_READ, MAP_SHARED, 4, 0) = 0xb7f85000
23775 15:09:15.791809 _llseek(4, 1624, [1624], SEEK_SET) = 0
23775 15:09:15.791831 munmap(0xb7f85000, 1624) = 0
23775 15:09:15.791842 close(4)          = 0
23775 15:09:15.791855 getuid32()        = 0
23775 15:09:15.791865 open("/etc/passwd", O_RDONLY|0x80000 /* O_??? */) = 4
23775 15:09:15.791878 _llseek(4, 0, [0], SEEK_CUR) = 0
23775 15:09:15.791888 fstat64(4, {st_mode=S_IFREG|0644, st_size=1624, ...}) = 0
23775 15:09:15.791904 mmap2(NULL, 1624, PROT_READ, MAP_SHARED, 4, 0) = 0xb7f85000
23775 15:09:15.791914 _llseek(4, 1624, [1624], SEEK_SET) = 0
23775 15:09:15.791930 munmap(0xb7f85000, 1624) = 0
23775 15:09:15.791939 close(4)          = 0
23775 15:09:15.791964 open("/proc/sys/kernel/ngroups_max", O_RDONLY) = 4
23775 15:09:15.791985 read(4, "65536\n", 31) = 6
23775 15:09:15.791997 close(4)          = 0
23775 15:09:15.792010 socket(PF_FILE, SOCK_STREAM, 0) = 4
23775 15:09:15.792022 fcntl64(4, F_SETFL, O_RDWR|O_NONBLOCK) = 0
23775 15:09:15.792033 connect(4, {sa_family=AF_FILE, path="/var/run/nscd/socket"}, 110) = -1 ENOENT (No such file or directory)
23775 15:09:15.792053 close(4)          = 0
23775 15:09:15.792065 socket(PF_FILE, SOCK_STREAM, 0) = 4
23775 15:09:15.792075 fcntl64(4, F_SETFL, O_RDWR|O_NONBLOCK) = 0
23775 15:09:15.792085 connect(4, {sa_family=AF_FILE, path="/var/run/nscd/socket"}, 110) = -1 ENOENT (No such file or directory)
23775 15:09:15.792103 close(4)          = 0
23775 15:09:15.792126 open("/etc/group", O_RDONLY|0x80000 /* O_??? */) = 4
23775 15:09:15.792140 _llseek(4, 0, [0], SEEK_CUR) = 0
23775 15:09:15.792151 fstat64(4, {st_mode=S_IFREG|0644, st_size=886, ...}) = 0
23775 15:09:15.792167 mmap2(NULL, 886, PROT_READ, MAP_SHARED, 4, 0) = 0xb7f85000
23775 15:09:15.792178 _llseek(4, 886, [886], SEEK_SET) = 0
23775 15:09:15.792205 fstat64(4, {st_mode=S_IFREG|0644, st_size=886, ...}) = 0
23775 15:09:15.792223 munmap(0xb7f85000, 886) = 0
23775 15:09:15.792233 close(4)          = 0
23775 15:09:15.792243 setgroups32(13, [1000, 4, 20, 24, 25, 29, 30, 44, 46, 107, 111, 112, 119]) = 0
23775 15:09:15.792259 geteuid32()       = 0
23775 15:09:15.792270 getegid32()       = 0
23775 15:09:15.792280 setregid32(-1, 1000) = 0
23775 15:09:15.792290 setreuid32(-1, 1000) = 0
23775 15:09:15.792301 chdir("/home/msfadmin") = 0
23775 15:09:15.792313 setreuid32(-1, 0) = 0
23775 15:09:15.792322 setregid32(-1, 0) = 0
23775 15:09:15.792332 setgid32(1000)    = 0
23775 15:09:15.792342 setuid32(1000)    = 0
23775 15:09:15.792352 setrlimit(RLIMIT_NPROC, {rlim_cur=0, rlim_max=0}) = 0
23775 15:09:15.792365 mmap2(NULL, 12288, PROT_READ|PROT_WRITE, MAP_PRIVATE|MAP_ANONYMOUS, -1, 0) = 0xb7f83000
23775 15:09:15.792376 mprotect(0xb7f85000, 4096, PROT_NONE) = 0
23775 15:09:15.792387 mprotect(0xb7f83000, 4096, PROT_NONE) = 0
23775 15:09:15.792530 getcwd("/home/msfadmin", 4096) = 15
23775 15:09:15.792554 umask(022)        = 077
23775 15:09:15.792565 getcwd("/home/msfadmin", 4096) = 15
23775 15:09:15.792578 open(".message", O_RDONLY|O_NONBLOCK|O_LARGEFILE) = -1 ENOENT (No such file or directory)
23775 15:09:15.792600 write(0, "230 Login successful.\r\n", 23) = 23
23775 15:09:15.792732 rt_sigaction(SIGALRM, {0x805cad0, ~[RTMIN RT_1], 0}, NULL, 8) = 0
23775 15:09:15.792759 alarm(300)        = 0
23775 15:09:15.792783 mmap2(NULL, 12288, PROT_READ|PROT_WRITE, MAP_PRIVATE|MAP_ANONYMOUS, -1, 0) = 0xb7f80000
23775 15:09:15.792805 mprotect(0xb7f82000, 4096, PROT_NONE) = 0
23775 15:09:15.792817 mprotect(0xb7f80000, 4096, PROT_NONE) = 0
23775 15:09:15.792830 recv(0, "TYPE I\r\n", 4096, MSG_PEEK) = 8
23775 15:09:15.792847 read(0, "TYPE I\r\n", 8) = 8
23775 15:09:15.792864 write(0, "200 Switching to Binary mode.\r\n", 31) = 31
23775 15:09:15.792906 rt_sigaction(SIGALRM, {0x805cad0, ~[RTMIN RT_1], 0}, NULL, 8) = 0
23775 15:09:15.792920 alarm(300)        = 300
23775 15:09:15.792932 recv(0, "PASV\r\n", 4096, MSG_PEEK) = 6
23775 15:09:15.792957 read(0, "PASV\r\n", 6) = 6
23775 15:09:15.792979 write(5, "\n", 1) = 1
23775 15:09:15.793012 read(5,  <unfinished ...>
23773 15:09:15.793034 close(5)          = 0
23773 15:09:15.793047 getuid32()        = 0
23773 15:09:15.793071 open("/etc/passwd", O_RDONLY|0x80000 /* O_??? */) = 5
23773 15:09:15.793096 _llseek(5, 0, [0], SEEK_CUR) = 0
23773 15:09:15.793109 fstat64(5, {st_mode=S_IFREG|0644, st_size=1624, ...}) = 0
23773 15:09:15.793136 mmap2(NULL, 1624, PROT_READ, MAP_SHARED, 5, 0) = 0xb7f85000
23773 15:09:15.793158 _llseek(5, 1624, [1624], SEEK_SET) = 0
23773 15:09:15.793185 munmap(0xb7f85000, 1624) = 0
23773 15:09:15.793207 close(5)          = 0
23773 15:09:15.793231 setgroups32(0, []) = 0
23773 15:09:15.793243 chdir("/usr/share/empty") = 0
23773 15:09:15.793255 chroot(".")       = 0
23773 15:09:15.793266 capset(NULL, NULL) = -1 EFAULT (Bad address)
23773 15:09:15.793279 prctl(0x8, 0, 0xbfc1f6c8, 0x80549a6, 0xbfc1f6b0) = 0
23773 15:09:15.793291 prctl(0x8, 0x1, 0xbfc1f6c8, 0x8054a49, 0xbfc1f6b0) = 0
23773 15:09:15.793301 setgid32(65534)   = 0
23773 15:09:15.793310 setuid32(65534)   = 0
23773 15:09:15.793320 capset(0x19980330, 0, {CAP_NET_BIND_SERVICE, CAP_NET_BIND_SERVICE, 0}) = 0
23773 15:09:15.793333 read(4, "\n", 1)  = 1
23773 15:09:15.793346 write(4, "\1", 1) = 1
23775 15:09:15.793356 <... read resumed> "\1", 1) = 1
23775 15:09:15.793374 write(5, "\f", 1) = 1
23775 15:09:15.793385 read(5,  <unfinished ...>
23773 15:09:15.793401 read(4, "\f", 1)  = 1
23773 15:09:15.793413 socket(PF_INET, SOCK_STREAM, IPPROTO_TCP) = 5
23773 15:09:15.793426 setsockopt(5, SOL_SOCKET, SO_REUSEADDR, [1], 4) = 0
23773 15:09:15.793438 gettimeofday({1495652955, 793441}, NULL) = 0
23773 15:09:15.793454 bind(5, {sa_family=AF_INET, sin_port=htons(35863), sin_addr=inet_addr("127.0.0.1")}, 16) = 0
23773 15:09:15.793492 listen(5, 1)      = 0
23773 15:09:15.793507 write(4, "\27\214\0\0", 4) = 4
23775 15:09:15.793519 <... read resumed> "\27\214\0\0", 4) = 4
23775 15:09:15.793534 write(0, "227 Entering Passive Mode (127,0,0,1,140,23).\r\n", 47) = 47
23775 15:09:15.793656 rt_sigaction(SIGALRM, {0x805cad0, ~[RTMIN RT_1], 0}, NULL, 8) = 0
23775 15:09:15.793686 alarm(300)        = 300
23775 15:09:15.793708 recv(0, "STOR myfile7\r\n", 4096, MSG_PEEK) = 14
23775 15:09:15.793730 read(0, "STOR myfile7\r\n", 14) = 14
23775 15:09:15.793746 write(5, "\v", 1) = 1
23775 15:09:15.793757 read(5,  <unfinished ...>
23773 15:09:15.793764 read(4, "\v", 1)  = 1
23773 15:09:15.793776 write(4, "\1\0\0\0", 4) = 4
23775 15:09:15.793787 <... read resumed> "\1\0\0\0", 4) = 4
23775 15:09:15.793795 gettimeofday({1495652955, 793808}, NULL) = 0
23775 15:09:15.793816 getcwd("/home/msfadmin", 4096) = 15
23775 15:09:15.793828 open("myfile7", O_WRONLY|O_CREAT|O_NONBLOCK|O_LARGEFILE, 0666) = 4
23775 15:09:15.793841 fstat64(4, {st_mode=S_IFREG|0644, st_size=17, ...}) = 0
23775 15:09:15.793858 fcntl64(4, F_GETFL) = 0x8801 (flags O_WRONLY|O_NONBLOCK|O_LARGEFILE)
23775 15:09:15.793869 fcntl64(4, F_SETFL, O_WRONLY|O_LARGEFILE) = 0
23775 15:09:15.793879 fcntl64(4, F_SETLKW64, {type=F_WRLCK, whence=SEEK_SET, start=0, len=0}, 0xbfc1f614) = 0
23775 15:09:15.793894 ftruncate64(4, 0) = 0
23775 15:09:15.793915 _llseek(4, 0, [0], SEEK_SET) = 0
23775 15:09:15.793926 write(5, "\v", 1) = 1
23775 15:09:15.793936 read(5,  <unfinished ...>
23773 15:09:15.793943 read(4, "\v", 1)  = 1
23773 15:09:15.793954 write(4, "\1\0\0\0", 4) = 4
23775 15:09:15.793964 <... read resumed> "\1\0\0\0", 4) = 4
23775 15:09:15.793972 write(5, "\v", 1) = 1
23775 15:09:15.793981 read(5,  <unfinished ...>
23773 15:09:15.793988 read(4, "\v", 1)  = 1
23773 15:09:15.793999 write(4, "\1\0\0\0", 4) = 4
23775 15:09:15.794009 <... read resumed> "\1\0\0\0", 4) = 4
23775 15:09:15.794020 write(5, "\r", 1) = 1
23775 15:09:15.794031 read(5,  <unfinished ...>
23773 15:09:15.794037 read(4, "\r", 1)  = 1
23773 15:09:15.794050 select(6, [5], NULL, NULL, {60, 0}) = 1 (in [5], left {60, 0})
23773 15:09:15.794067 accept(5, {sa_family=AF_INET, sin_port=htons(52820), sin_addr=inet_addr("127.0.0.1")}, [16]) = 6
23773 15:09:15.794089 write(4, "\1", 1) = 1
23775 15:09:15.794099 <... read resumed> "\1", 1) = 1
23775 15:09:15.794108 recvmsg(5,  <unfinished ...>
23773 15:09:15.794118 sendmsg(4, {msg_name(0)=NULL, msg_iov(1)=[{"\0", 1}], msg_controllen=16, {cmsg_len=16, cmsg_level=SOL_SOCKET, cmsg_type=SCM_RIGHTS, {6}}, msg_flags=0}, 0) = 1
23775 15:09:15.794135 <... recvmsg resumed> {msg_name(0)=NULL, msg_iov(1)=[{"\0", 1}], msg_controllen=16, {cmsg_len=16, cmsg_level=SOL_SOCKET, cmsg_type=SCM_RIGHTS, {6}}, msg_flags=0}, 0) = 1
23775 15:09:15.794148 setsockopt(6, SOL_SOCKET, SO_KEEPALIVE, [1], 4) = 0
23775 15:09:15.794160 setsockopt(6, SOL_IP, IP_TOS, [8], 4) = 0
23775 15:09:15.794172 setsockopt(6, SOL_SOCKET, SO_LINGER, {onoff=1, linger=32767}, 8) = 0
23775 15:09:15.794183 rt_sigaction(SIGALRM, {0x805cad0, ~[RTMIN RT_1], 0}, NULL, 8) = 0
23775 15:09:15.794196 alarm(300)        = 300
23775 15:09:15.794208 write(0, "150 Ok to send data.\r\n", 22) = 22
23775 15:09:15.794273 mmap2(NULL, 77824, PROT_READ|PROT_WRITE, MAP_PRIVATE|MAP_ANONYMOUS, -1, 0) = 0xb7dba000
23775 15:09:15.794287 mprotect(0xb7dcc000, 4096, PROT_NONE) = 0
23775 15:09:15.794299 mprotect(0xb7dba000, 4096, PROT_NONE) = 0
23775 15:09:15.794309 read(6, "assasaaa\na\na\na\na\n", 65536) = 17
23775 15:09:15.794331 write(4, "assasaaa\na\na\na\na\n", 17) = 17
23775 15:09:15.794346 read(6, "", 65536) = 0
23775 15:09:15.794357 rt_sigaction(SIGALRM, {0x805cad0, ~[RTMIN RT_1], 0}, NULL, 8) = 0
23775 15:09:15.794371 alarm(300)        = 300
23775 15:09:15.794381 close(6)          = 0
23775 15:09:15.794390 alarm(0)          = 300
23775 15:09:15.794400 gettimeofday({1495652955, 794403}, NULL) = 0
23775 15:09:15.794418 getpid()          = 23775
23775 15:09:15.794430 gettimeofday({1495652955, 794434}, NULL) = 0
23775 15:09:15.794454 fcntl64(3, F_SETLKW64, {type=F_WRLCK, whence=SEEK_SET, start=0, len=0}, 0xbfc1f5b4) = 0
23775 15:09:15.794472 write(3, "Wed May 24 15:09:15 2017 [pid 23775] [msfadmin] OK UPLOAD: Client \"127.0.0.1\", \"/home/msfadmin/myfile7\", 17 bytes, 26.52Kbyte/sec\n", 130) = 130
23775 15:09:15.794493 fcntl64(3, F_SETLK64, {type=F_UNLCK, whence=SEEK_SET, start=0, len=0}, 0xbfc1f5bc) = 0
23775 15:09:15.794508 write(0, "226 Transfer complete.\r\n", 24) = 24
23775 15:09:15.794552 write(5, "\n", 1) = 1
23775 15:09:15.794565 read(5,  <unfinished ...>
23773 15:09:15.794572 close(6)          = 0
23773 15:09:15.794591 read(4, "\n", 1)  = 1
23773 15:09:15.794603 close(5)          = 0
23773 15:09:15.794614 write(4, "\1", 1) = 1
23775 15:09:15.794625 <... read resumed> "\1", 1) = 1
23775 15:09:15.794632 close(4)          = 0
23775 15:09:15.794643 rt_sigaction(SIGALRM, {0x805cad0, ~[RTMIN RT_1], 0}, NULL, 8) = 0
23775 15:09:15.794656 alarm(300)        = 0
23775 15:09:15.794668 recv(0,  <unfinished ...>
23773 15:09:15.794676 read(4,  <unfinished ...>
23772 15:09:16.120860 <... recv resumed> "USER msfadmin\r\n", 4096, MSG_PEEK) = 15
23772 15:09:16.120901 read(0, "USER msfadmin\r\n", 15) = 15
23772 15:09:16.120926 write(0, "331 Any password will do.\r\n", 27) = 27
23772 15:09:16.120971 rt_sigaction(SIGALRM, {0x805cad0, ~[RTMIN RT_1], 0}, NULL, 8) = 0
23772 15:09:16.120989 alarm(300)        = 299
23772 15:09:16.121002 recv(0, "PASS msfadmin\r\n", 4096, MSG_PEEK) = 15
23772 15:09:16.121014 read(0, "PASS msfadmin\r\n", 15) = 15
23772 15:09:16.121029 write(0, "230 Already logged in.\r\n", 24) = 24
23772 15:09:16.121091 rt_sigaction(SIGALRM, {0x805cad0, ~[RTMIN RT_1], 0}, NULL, 8) = 0
23772 15:09:16.121106 alarm(300)        = 300
23772 15:09:16.121117 recv(0, "TYPE I\r\n", 4096, MSG_PEEK) = 8
23772 15:09:16.121128 read(0, "TYPE I\r\n", 8) = 8
23772 15:09:16.121143 write(0, "200 Switching to Binary mode.\r\n", 31) = 31
23772 15:09:16.121178 rt_sigaction(SIGALRM, {0x805cad0, ~[RTMIN RT_1], 0}, NULL, 8) = 0
23772 15:09:16.121200 alarm(300)        = 300
23772 15:09:16.121211 recv(0, "PASV\r\n", 4096, MSG_PEEK) = 6
23772 15:09:16.121221 read(0, "PASV\r\n", 6) = 6
23772 15:09:16.121233 write(5, "\n", 1 <unfinished ...>
23770 15:09:16.121244 <... read resumed> "\n", 1) = 1
23772 15:09:16.121249 <... write resumed> ) = 1
23770 15:09:16.121257 write(4, "\1", 1) = 1
23770 15:09:16.121268 read(4,  <unfinished ...>
23772 15:09:16.121275 read(5, "\1", 1)  = 1
23772 15:09:16.121286 write(5, "\f", 1 <unfinished ...>
23770 15:09:16.121293 <... read resumed> "\f", 1) = 1
23772 15:09:16.121297 <... write resumed> ) = 1
23770 15:09:16.121304 socket(PF_INET, SOCK_STREAM, IPPROTO_TCP) = 5
23770 15:09:16.121320 setsockopt(5, SOL_SOCKET, SO_REUSEADDR, [1], 4) = 0
23770 15:09:16.121334 bind(5, {sa_family=AF_INET, sin_port=htons(42270), sin_addr=inet_addr("127.0.0.1")}, 16) = 0
23770 15:09:16.121350 listen(5, 1)      = 0
23770 15:09:16.121364 write(4, "\36\245\0\0", 4) = 4
23770 15:09:16.121375 read(4,  <unfinished ...>
23772 15:09:16.121381 read(5, "\36\245\0\0", 4) = 4
23772 15:09:16.121397 write(0, "227 Entering Passive Mode (127,0,0,1,165,30).\r\n", 47) = 47
23772 15:09:16.121530 rt_sigaction(SIGALRM, {0x805cad0, ~[RTMIN RT_1], 0}, NULL, 8) = 0
23772 15:09:16.121584 alarm(300)        = 300
23772 15:09:16.121606 recv(0, "RETR myfile21\r\n", 4096, MSG_PEEK) = 15
23772 15:09:16.121618 read(0, "RETR myfile21\r\n", 15) = 15
23772 15:09:16.121631 write(5, "\v", 1 <unfinished ...>
23770 15:09:16.121639 <... read resumed> "\v", 1) = 1
23772 15:09:16.121644 <... write resumed> ) = 1
23770 15:09:16.121650 write(4, "\1\0\0\0", 4) = 4
23770 15:09:16.121661 read(4,  <unfinished ...>
23772 15:09:16.121667 read(5, "\1\0\0\0", 4) = 4
23772 15:09:16.121679 gettimeofday({1495652956, 121683}, NULL) = 0
23772 15:09:16.121690 getcwd("/home/msfadmin", 4096) = 15
23772 15:09:16.121703 open("myfile21", O_RDONLY|O_NONBLOCK|O_LARGEFILE) = 4
23772 15:09:16.121717 fcntl64(4, F_SETLKW64, {type=F_RDLCK, whence=SEEK_SET, start=0, len=0}, 0xbf84da64) = 0
23772 15:09:16.121732 fstat64(4, {st_mode=S_IFREG|0644, st_size=17, ...}) = 0
23772 15:09:16.121749 fcntl64(4, F_GETFL) = 0x8800 (flags O_RDONLY|O_NONBLOCK|O_LARGEFILE)
23772 15:09:16.121760 fcntl64(4, F_SETFL, O_RDONLY|O_LARGEFILE) = 0
23772 15:09:16.121771 write(5, "\v", 1 <unfinished ...>
23770 15:09:16.121779 <... read resumed> "\v", 1) = 1
23772 15:09:16.121783 <... write resumed> ) = 1
23770 15:09:16.121789 write(4, "\1\0\0\0", 4) = 4
23770 15:09:16.121800 read(4,  <unfinished ...>
23772 15:09:16.121806 read(5, "\1\0\0\0", 4) = 4
23772 15:09:16.121817 write(5, "\v", 1 <unfinished ...>
23770 15:09:16.121824 <... read resumed> "\v", 1) = 1
23772 15:09:16.121829 <... write resumed> ) = 1
23770 15:09:16.121834 write(4, "\1\0\0\0", 4) = 4
23770 15:09:16.121845 read(4,  <unfinished ...>
23772 15:09:16.121851 read(5, "\1\0\0\0", 4) = 4
23772 15:09:16.121862 write(5, "\r", 1 <unfinished ...>
23770 15:09:16.121869 <... read resumed> "\r", 1) = 1
23772 15:09:16.121873 <... write resumed> ) = 1
23770 15:09:16.121880 select(6, [5], NULL, NULL, {60, 0}) = 1 (in [5], left {60, 0})
23770 15:09:16.121896 accept(5, {sa_family=AF_INET, sin_port=htons(38784), sin_addr=inet_addr("127.0.0.1")}, [16]) = 6
23770 15:09:16.121918 write(4, "\1", 1) = 1
23770 15:09:16.121930 sendmsg(4, {msg_name(0)=NULL, msg_iov(1)=[{"\0", 1}], msg_controllen=16, {cmsg_len=16, cmsg_level=SOL_SOCKET, cmsg_type=SCM_RIGHTS, {6}}, msg_flags=0}, 0) = 1
23770 15:09:16.121947 close(6)          = 0
23770 15:09:16.121957 read(4,  <unfinished ...>
23772 15:09:16.121963 read(5, "\1", 1)  = 1
23772 15:09:16.121976 recvmsg(5, {msg_name(0)=NULL, msg_iov(1)=[{"\0", 1}], msg_controllen=16, {cmsg_len=16, cmsg_level=SOL_SOCKET, cmsg_type=SCM_RIGHTS, {6}}, msg_flags=0}, 0) = 1
23772 15:09:16.121993 setsockopt(6, SOL_SOCKET, SO_KEEPALIVE, [1], 4) = 0
23772 15:09:16.122005 setsockopt(6, SOL_IP, IP_TOS, [8], 4) = 0
23772 15:09:16.122017 setsockopt(6, SOL_SOCKET, SO_LINGER, {onoff=1, linger=32767}, 8) = 0
23772 15:09:16.122028 rt_sigaction(SIGALRM, {0x805cad0, ~[RTMIN RT_1], 0}, NULL, 8) = 0
23772 15:09:16.122045 alarm(300)        = 300
23772 15:09:16.122059 write(0, "150 Opening BINARY mode data connection for myfile21 (17 bytes).\r\n", 66) = 66
23772 15:09:16.122100 _llseek(4, 0, [0], SEEK_CUR) = 0
23772 15:09:16.122112 fstat64(4, {st_mode=S_IFREG|0644, st_size=17, ...}) = 0
23772 15:09:16.122129 _llseek(4, 0, [0], SEEK_SET) = 0
23772 15:09:16.122139 sendfile(6, 4, NULL, 17) = 17
23772 15:09:16.122169 rt_sigaction(SIGALRM, {0x805cad0, ~[RTMIN RT_1], 0}, NULL, 8) = 0
23772 15:09:16.122183 alarm(300)        = 300
23772 15:09:16.122193 close(6)          = 0
23772 15:09:16.122229 alarm(0)          = 300
23772 15:09:16.122239 gettimeofday({1495652956, 122243}, NULL) = 0
23772 15:09:16.122255 gettimeofday({1495652956, 122259}, NULL) = 0
23772 15:09:16.122269 fcntl64(3, F_SETLKW64, {type=F_WRLCK, whence=SEEK_SET, start=0, len=0}, 0xbf84da04) = 0
23772 15:09:16.122284 write(3, "Wed May 24 15:09:16 2017 [pid 23772] [msfadmin] OK DOWNLOAD: Client \"127.0.0.1\", \"/home/msfadmin/myfile21\", 17 bytes, 28.82Kbyte/sec\n", 133) = 133
23772 15:09:16.122305 fcntl64(3, F_SETLK64, {type=F_UNLCK, whence=SEEK_SET, start=0, len=0}, 0xbf84da0c) = 0
23772 15:09:16.122319 write(0, "226 Transfer complete.\r\n", 24) = 24
23772 15:09:16.122385 write(5, "\n", 1 <unfinished ...>
23770 15:09:16.122395 <... read resumed> "\n", 1) = 1
23772 15:09:16.122400 <... write resumed> ) = 1
23770 15:09:16.122406 close(5)          = 0
23770 15:09:16.122417 write(4, "\1", 1) = 1
23770 15:09:16.122428 read(4,  <unfinished ...>
23772 15:09:16.122435 read(5, "\1", 1)  = 1
23772 15:09:16.122446 close(4)          = 0
23772 15:09:16.122456 rt_sigaction(SIGALRM, {0x805cad0, ~[RTMIN RT_1], 0}, NULL, 8) = 0
23772 15:09:16.122469 alarm(300)        = 0
23772 15:09:16.122480 recv(0,  <unfinished ...>
23775 15:09:16.340889 <... recv resumed> "TYPE I\r\n", 4096, MSG_PEEK) = 8
23775 15:09:16.340921 read(0, "TYPE I\r\n", 8) = 8
23775 15:09:16.340942 write(0, "200 Switching to Binary mode.\r\n", 31) = 31
23775 15:09:16.340990 rt_sigaction(SIGALRM, {0x805cad0, ~[RTMIN RT_1], 0}, NULL, 8) = 0
23775 15:09:16.341007 alarm(300)        = 299
23775 15:09:16.341020 recv(0, "PASV\r\n", 4096, MSG_PEEK) = 6
23775 15:09:16.341031 read(0, "PASV\r\n", 6) = 6
23775 15:09:16.341043 write(5, "\n", 1) = 1
23775 15:09:16.341055 read(5,  <unfinished ...>
23773 15:09:16.341065 <... read resumed> "\n", 1) = 1
23773 15:09:16.341073 write(4, "\1", 1) = 1
23775 15:09:16.341084 <... read resumed> "\1", 1) = 1
23775 15:09:16.341091 write(5, "\f", 1) = 1
23775 15:09:16.341100 read(5,  <unfinished ...>
23773 15:09:16.341107 read(4, "\f", 1)  = 1
23773 15:09:16.341119 socket(PF_INET, SOCK_STREAM, IPPROTO_TCP) = 5
23773 15:09:16.341135 setsockopt(5, SOL_SOCKET, SO_REUSEADDR, [1], 4) = 0
23773 15:09:16.341149 bind(5, {sa_family=AF_INET, sin_port=htons(9968), sin_addr=inet_addr("127.0.0.1")}, 16) = 0
23773 15:09:16.341165 listen(5, 1)      = 0
23773 15:09:16.341179 write(4, "\360&\0\0", 4) = 4
23775 15:09:16.341190 <... read resumed> "\360&\0\0", 4) = 4
23775 15:09:16.341202 write(0, "227 Entering Passive Mode (127,0,0,1,38,240).\r\n", 47) = 47
23775 15:09:16.341316 rt_sigaction(SIGALRM, {0x805cad0, ~[RTMIN RT_1], 0}, NULL, 8) = 0
23775 15:09:16.341333 alarm(300)        = 300
23775 15:09:16.341344 recv(0, "STOR myfile8\r\n", 4096, MSG_PEEK) = 14
23775 15:09:16.341356 read(0, "STOR myfile8\r\n", 14) = 14
23775 15:09:16.341369 write(5, "\v", 1) = 1
23775 15:09:16.341380 read(5,  <unfinished ...>
23773 15:09:16.341387 read(4, "\v", 1)  = 1
23773 15:09:16.341398 write(4, "\1\0\0\0", 4) = 4
23775 15:09:16.341408 <... read resumed> "\1\0\0\0", 4) = 4
23775 15:09:16.341416 gettimeofday({1495652956, 341420}, NULL) = 0
23775 15:09:16.341427 getcwd("/home/msfadmin", 4096) = 15
23775 15:09:16.341439 open("myfile8", O_WRONLY|O_CREAT|O_NONBLOCK|O_LARGEFILE, 0666) = 4
23775 15:09:16.341456 fstat64(4, {st_mode=S_IFREG|0644, st_size=17, ...}) = 0
23775 15:09:16.341481 fcntl64(4, F_GETFL) = 0x8801 (flags O_WRONLY|O_NONBLOCK|O_LARGEFILE)
23775 15:09:16.341492 fcntl64(4, F_SETFL, O_WRONLY|O_LARGEFILE) = 0
23775 15:09:16.341510 fcntl64(4, F_SETLKW64, {type=F_WRLCK, whence=SEEK_SET, start=0, len=0}, 0xbfc1f614) = 0
23775 15:09:16.341525 ftruncate64(4, 0) = 0
23775 15:09:16.341544 _llseek(4, 0, [0], SEEK_SET) = 0
23775 15:09:16.341588 write(5, "\v", 1) = 1
23775 15:09:16.341601 read(5,  <unfinished ...>
23773 15:09:16.341609 read(4, "\v", 1)  = 1
23773 15:09:16.341630 write(4, "\1\0\0\0", 4) = 4
23775 15:09:16.341640 <... read resumed> "\1\0\0\0", 4) = 4
23775 15:09:16.341648 write(5, "\v", 1) = 1
23775 15:09:16.341657 read(5,  <unfinished ...>
23773 15:09:16.341664 read(4, "\v", 1)  = 1
23773 15:09:16.341674 write(4, "\1\0\0\0", 4) = 4
23775 15:09:16.341684 <... read resumed> "\1\0\0\0", 4) = 4
23775 15:09:16.341691 write(5, "\r", 1) = 1
23775 15:09:16.341701 read(5,  <unfinished ...>
23773 15:09:16.341707 read(4, "\r", 1)  = 1
23773 15:09:16.341719 select(6, [5], NULL, NULL, {60, 0}) = 1 (in [5], left {60, 0})
23773 15:09:16.341735 accept(5, {sa_family=AF_INET, sin_port=htons(35402), sin_addr=inet_addr("127.0.0.1")}, [16]) = 6
23773 15:09:16.341758 write(4, "\1", 1) = 1
23775 15:09:16.341768 <... read resumed> "\1", 1) = 1
23775 15:09:16.341776 recvmsg(5,  <unfinished ...>
23773 15:09:16.341784 sendmsg(4, {msg_name(0)=NULL, msg_iov(1)=[{"\0", 1}], msg_controllen=16, {cmsg_len=16, cmsg_level=SOL_SOCKET, cmsg_type=SCM_RIGHTS, {6}}, msg_flags=0}, 0) = 1
23775 15:09:16.341801 <... recvmsg resumed> {msg_name(0)=NULL, msg_iov(1)=[{"\0", 1}], msg_controllen=16, {cmsg_len=16, cmsg_level=SOL_SOCKET, cmsg_type=SCM_RIGHTS, {6}}, msg_flags=0}, 0) = 1
23775 15:09:16.341815 setsockopt(6, SOL_SOCKET, SO_KEEPALIVE, [1], 4) = 0
23775 15:09:16.341827 setsockopt(6, SOL_IP, IP_TOS, [8], 4) = 0
23775 15:09:16.341838 setsockopt(6, SOL_SOCKET, SO_LINGER, {onoff=1, linger=32767}, 8) = 0
23775 15:09:16.341849 rt_sigaction(SIGALRM, {0x805cad0, ~[RTMIN RT_1], 0}, NULL, 8) = 0
23775 15:09:16.341863 alarm(300)        = 300
23775 15:09:16.341875 write(0, "150 Ok to send data.\r\n", 22) = 22
23775 15:09:16.341942 read(6, "assasaaa\na\na\na\na\n", 65536) = 17
23775 15:09:16.341956 write(4, "assasaaa\na\na\na\na\n", 17) = 17
23775 15:09:16.341972 read(6, "", 65536) = 0
23775 15:09:16.341983 rt_sigaction(SIGALRM, {0x805cad0, ~[RTMIN RT_1], 0}, NULL, 8) = 0
23775 15:09:16.341996 alarm(300)        = 300
23775 15:09:16.342006 close(6)          = 0
23775 15:09:16.342015 alarm(0)          = 300
23775 15:09:16.342025 gettimeofday({1495652956, 342028}, NULL) = 0
23775 15:09:16.342040 gettimeofday({1495652956, 342044}, NULL) = 0
23775 15:09:16.342055 fcntl64(3, F_SETLKW64, {type=F_WRLCK, whence=SEEK_SET, start=0, len=0}, 0xbfc1f5b4) = 0
23775 15:09:16.342070 write(3, "Wed May 24 15:09:16 2017 [pid 23775] [msfadmin] OK UPLOAD: Client \"127.0.0.1\", \"/home/msfadmin/myfile8\", 17 bytes, 26.61Kbyte/sec\n", 130) = 130
23775 15:09:16.342091 fcntl64(3, F_SETLK64, {type=F_UNLCK, whence=SEEK_SET, start=0, len=0}, 0xbfc1f5bc) = 0
23775 15:09:16.342105 write(0, "226 Transfer complete.\r\n", 24) = 24
23775 15:09:16.342149 write(5, "\n", 1) = 1
23775 15:09:16.342161 read(5,  <unfinished ...>
23773 15:09:16.342168 close(6)          = 0
23773 15:09:16.342186 read(4, "\n", 1)  = 1
23773 15:09:16.342197 close(5)          = 0
23773 15:09:16.342208 write(4, "\1", 1) = 1
23775 15:09:16.342218 <... read resumed> "\1", 1) = 1
23775 15:09:16.342225 close(4)          = 0
23775 15:09:16.342236 rt_sigaction(SIGALRM, {0x805cad0, ~[RTMIN RT_1], 0}, NULL, 8) = 0
23775 15:09:16.342249 alarm(300)        = 0
23775 15:09:16.342260 recv(0,  <unfinished ...>
23773 15:09:16.342267 read(4,  <unfinished ...>
23772 15:09:16.721556 <... recv resumed> "USER msfadmin\r\n", 4096, MSG_PEEK) = 15
23772 15:09:16.721595 read(0, "USER msfadmin\r\n", 15) = 15
23772 15:09:16.721620 write(0, "331 Any password will do.\r\n", 27) = 27
23772 15:09:16.721665 rt_sigaction(SIGALRM, {0x805cad0, ~[RTMIN RT_1], 0}, NULL, 8) = 0
23772 15:09:16.721683 alarm(300)        = 299
23772 15:09:16.721696 recv(0, "PASS msfadmin\r\n", 4096, MSG_PEEK) = 15
23772 15:09:16.721707 read(0, "PASS msfadmin\r\n", 15) = 15
23772 15:09:16.721732 write(0, "230 Already logged in.\r\n", 24) = 24
23772 15:09:16.721793 rt_sigaction(SIGALRM, {0x805cad0, ~[RTMIN RT_1], 0}, NULL, 8) = 0
23772 15:09:16.721809 alarm(300)        = 300
23772 15:09:16.721820 recv(0, "TYPE I\r\n", 4096, MSG_PEEK) = 8
23772 15:09:16.721831 read(0, "TYPE I\r\n", 8) = 8
23772 15:09:16.721845 write(0, "200 Switching to Binary mode.\r\n", 31) = 31
23772 15:09:16.721881 rt_sigaction(SIGALRM, {0x805cad0, ~[RTMIN RT_1], 0}, NULL, 8) = 0
23772 15:09:16.721895 alarm(300)        = 300
23772 15:09:16.721906 recv(0, "PASV\r\n", 4096, MSG_PEEK) = 6
23772 15:09:16.721917 read(0, "PASV\r\n", 6) = 6
23772 15:09:16.721928 write(5, "\n", 1 <unfinished ...>
23770 15:09:16.721940 <... read resumed> "\n", 1) = 1
23772 15:09:16.721945 <... write resumed> ) = 1
23770 15:09:16.721952 write(4, "\1", 1) = 1
23770 15:09:16.721963 read(4,  <unfinished ...>
23772 15:09:16.721970 read(5, "\1", 1)  = 1
23772 15:09:16.721981 write(5, "\f", 1 <unfinished ...>
23770 15:09:16.721988 <... read resumed> "\f", 1) = 1
23772 15:09:16.721993 <... write resumed> ) = 1
23770 15:09:16.722000 socket(PF_INET, SOCK_STREAM, IPPROTO_TCP) = 5
23770 15:09:16.722015 setsockopt(5, SOL_SOCKET, SO_REUSEADDR, [1], 4) = 0
23770 15:09:16.722029 bind(5, {sa_family=AF_INET, sin_port=htons(39063), sin_addr=inet_addr("127.0.0.1")}, 16) = 0
23770 15:09:16.722045 listen(5, 1)      = 0
23770 15:09:16.722059 write(4, "\227\230\0\0", 4) = 4
23770 15:09:16.722070 read(4,  <unfinished ...>
23772 15:09:16.722077 read(5, "\227\230\0\0", 4) = 4
23772 15:09:16.722092 write(0, "227 Entering Passive Mode (127,0,0,1,152,151).\r\n", 48) = 48
23772 15:09:16.722205 rt_sigaction(SIGALRM, {0x805cad0, ~[RTMIN RT_1], 0}, NULL, 8) = 0
23772 15:09:16.722221 alarm(300)        = 300
23772 15:09:16.722232 recv(0, "RETR myfile22\r\n", 4096, MSG_PEEK) = 15
23772 15:09:16.722244 read(0, "RETR myfile22\r\n", 15) = 15
23772 15:09:16.722290 write(5, "\v", 1 <unfinished ...>
23770 15:09:16.722302 <... read resumed> "\v", 1) = 1
23772 15:09:16.722307 <... write resumed> ) = 1
23770 15:09:16.722314 write(4, "\1\0\0\0", 4) = 4
23770 15:09:16.722325 read(4,  <unfinished ...>
23772 15:09:16.722346 read(5, "\1\0\0\0", 4) = 4
23772 15:09:16.722357 gettimeofday({1495652956, 722361}, NULL) = 0
23772 15:09:16.722368 getcwd("/home/msfadmin", 4096) = 15
23772 15:09:16.722381 open("myfile22", O_RDONLY|O_NONBLOCK|O_LARGEFILE) = 4
23772 15:09:16.722395 fcntl64(4, F_SETLKW64, {type=F_RDLCK, whence=SEEK_SET, start=0, len=0}, 0xbf84da64) = 0
23772 15:09:16.722410 fstat64(4, {st_mode=S_IFREG|0644, st_size=17, ...}) = 0
23772 15:09:16.722427 fcntl64(4, F_GETFL) = 0x8800 (flags O_RDONLY|O_NONBLOCK|O_LARGEFILE)
23772 15:09:16.722438 fcntl64(4, F_SETFL, O_RDONLY|O_LARGEFILE) = 0
23772 15:09:16.722449 write(5, "\v", 1 <unfinished ...>
23770 15:09:16.722457 <... read resumed> "\v", 1) = 1
23772 15:09:16.722462 <... write resumed> ) = 1
23770 15:09:16.722468 write(4, "\1\0\0\0", 4) = 4
23770 15:09:16.722478 read(4,  <unfinished ...>
23772 15:09:16.722485 read(5, "\1\0\0\0", 4) = 4
23772 15:09:16.722496 write(5, "\v", 1 <unfinished ...>
23770 15:09:16.722503 <... read resumed> "\v", 1) = 1
23772 15:09:16.722507 <... write resumed> ) = 1
23770 15:09:16.722513 write(4, "\1\0\0\0", 4) = 4
23770 15:09:16.722523 read(4,  <unfinished ...>
23772 15:09:16.722530 read(5, "\1\0\0\0", 4) = 4
23772 15:09:16.722541 write(5, "\r", 1 <unfinished ...>
23770 15:09:16.722547 <... read resumed> "\r", 1) = 1
23772 15:09:16.722552 <... write resumed> ) = 1
23770 15:09:16.722559 select(6, [5], NULL, NULL, {60, 0}) = 1 (in [5], left {60, 0})
23770 15:09:16.722575 accept(5, {sa_family=AF_INET, sin_port=htons(33414), sin_addr=inet_addr("127.0.0.1")}, [16]) = 6
23770 15:09:16.722597 write(4, "\1", 1) = 1
23770 15:09:16.722608 sendmsg(4, {msg_name(0)=NULL, msg_iov(1)=[{"\0", 1}], msg_controllen=16, {cmsg_len=16, cmsg_level=SOL_SOCKET, cmsg_type=SCM_RIGHTS, {6}}, msg_flags=0}, 0) = 1
23770 15:09:16.722625 close(6)          = 0
23770 15:09:16.722635 read(4,  <unfinished ...>
23772 15:09:16.722642 read(5, "\1", 1)  = 1
23772 15:09:16.722658 recvmsg(5, {msg_name(0)=NULL, msg_iov(1)=[{"\0", 1}], msg_controllen=16, {cmsg_len=16, cmsg_level=SOL_SOCKET, cmsg_type=SCM_RIGHTS, {6}}, msg_flags=0}, 0) = 1
23772 15:09:16.722676 setsockopt(6, SOL_SOCKET, SO_KEEPALIVE, [1], 4) = 0
23772 15:09:16.722688 setsockopt(6, SOL_IP, IP_TOS, [8], 4) = 0
23772 15:09:16.722700 setsockopt(6, SOL_SOCKET, SO_LINGER, {onoff=1, linger=32767}, 8) = 0
23772 15:09:16.722711 rt_sigaction(SIGALRM, {0x805cad0, ~[RTMIN RT_1], 0}, NULL, 8) = 0
23772 15:09:16.722724 alarm(300)        = 300
23772 15:09:16.722737 write(0, "150 Opening BINARY mode data connection for myfile22 (17 bytes).\r\n", 66) = 66
23772 15:09:16.722778 _llseek(4, 0, [0], SEEK_CUR) = 0
23772 15:09:16.722790 fstat64(4, {st_mode=S_IFREG|0644, st_size=17, ...}) = 0
23772 15:09:16.722807 _llseek(4, 0, [0], SEEK_SET) = 0
23772 15:09:16.722817 sendfile(6, 4, NULL, 17) = 17
23772 15:09:16.722847 rt_sigaction(SIGALRM, {0x805cad0, ~[RTMIN RT_1], 0}, NULL, 8) = 0
23772 15:09:16.722861 alarm(300)        = 300
23772 15:09:16.722871 close(6)          = 0
23772 15:09:16.722907 alarm(0)          = 300
23772 15:09:16.722917 gettimeofday({1495652956, 722920}, NULL) = 0
23772 15:09:16.722932 gettimeofday({1495652956, 722936}, NULL) = 0
23772 15:09:16.722947 fcntl64(3, F_SETLKW64, {type=F_WRLCK, whence=SEEK_SET, start=0, len=0}, 0xbf84da04) = 0
23772 15:09:16.722961 write(3, "Wed May 24 15:09:16 2017 [pid 23772] [msfadmin] OK DOWNLOAD: Client \"127.0.0.1\", \"/home/msfadmin/myfile22\", 17 bytes, 28.87Kbyte/sec\n", 133) = 133
23772 15:09:16.722982 fcntl64(3, F_SETLK64, {type=F_UNLCK, whence=SEEK_SET, start=0, len=0}, 0xbf84da0c) = 0
23772 15:09:16.722997 write(0, "226 Transfer complete.\r\n", 24) = 24
23772 15:09:16.723062 write(5, "\n", 1 <unfinished ...>
23770 15:09:16.723072 <... read resumed> "\n", 1) = 1
23772 15:09:16.723077 <... write resumed> ) = 1
23770 15:09:16.723083 close(5)          = 0
23770 15:09:16.723094 write(4, "\1", 1) = 1
23770 15:09:16.723105 read(4,  <unfinished ...>
23772 15:09:16.723112 read(5, "\1", 1)  = 1
23772 15:09:16.723123 close(4)          = 0
23772 15:09:16.723133 rt_sigaction(SIGALRM, {0x805cad0, ~[RTMIN RT_1], 0}, NULL, 8) = 0
23772 15:09:16.723146 alarm(300)        = 0
23772 15:09:16.723157 recv(0,  <unfinished ...>
23775 15:09:16.880932 <... recv resumed> "TYPE I\r\n", 4096, MSG_PEEK) = 8
23775 15:09:16.880963 read(0, "TYPE I\r\n", 8) = 8
23775 15:09:16.880984 write(0, "200 Switching to Binary mode.\r\n", 31) = 31
23775 15:09:16.881032 rt_sigaction(SIGALRM, {0x805cad0, ~[RTMIN RT_1], 0}, NULL, 8) = 0
23775 15:09:16.881050 alarm(300)        = 299
23775 15:09:16.881063 recv(0, "PASV\r\n", 4096, MSG_PEEK) = 6
23775 15:09:16.881074 read(0, "PASV\r\n", 6) = 6
23775 15:09:16.881086 write(5, "\n", 1) = 1
23775 15:09:16.881098 read(5,  <unfinished ...>
23773 15:09:16.881106 <... read resumed> "\n", 1) = 1
23773 15:09:16.881115 write(4, "\1", 1) = 1
23775 15:09:16.881125 <... read resumed> "\1", 1) = 1
23775 15:09:16.881132 write(5, "\f", 1) = 1
23775 15:09:16.881142 read(5,  <unfinished ...>
23773 15:09:16.881149 read(4, "\f", 1)  = 1
23773 15:09:16.881161 socket(PF_INET, SOCK_STREAM, IPPROTO_TCP) = 5
23773 15:09:16.881176 setsockopt(5, SOL_SOCKET, SO_REUSEADDR, [1], 4) = 0
23773 15:09:16.881190 bind(5, {sa_family=AF_INET, sin_port=htons(28234), sin_addr=inet_addr("127.0.0.1")}, 16) = 0
23773 15:09:16.881207 listen(5, 1)      = 0
23773 15:09:16.881248 write(4, "Jn\0\0", 4) = 4
23775 15:09:16.881270 <... read resumed> "Jn\0\0", 4) = 4
23775 15:09:16.881282 write(0, "227 Entering Passive Mode (127,0,0,1,110,74).\r\n", 47) = 47
23775 15:09:16.881399 rt_sigaction(SIGALRM, {0x805cad0, ~[RTMIN RT_1], 0}, NULL, 8) = 0
23775 15:09:16.881415 alarm(300)        = 300
23775 15:09:16.881427 recv(0, "STOR myfile9\r\n", 4096, MSG_PEEK) = 14
23775 15:09:16.881439 read(0, "STOR myfile9\r\n", 14) = 14
23775 15:09:16.881452 write(5, "\v", 1) = 1
23775 15:09:16.881462 read(5,  <unfinished ...>
23773 15:09:16.881469 read(4, "\v", 1)  = 1
23773 15:09:16.881480 write(4, "\1\0\0\0", 4) = 4
23775 15:09:16.881498 <... read resumed> "\1\0\0\0", 4) = 4
23775 15:09:16.881506 gettimeofday({1495652956, 881510}, NULL) = 0
23775 15:09:16.881517 getcwd("/home/msfadmin", 4096) = 15
23775 15:09:16.881530 open("myfile9", O_WRONLY|O_CREAT|O_NONBLOCK|O_LARGEFILE, 0666) = 4
23775 15:09:16.881544 fstat64(4, {st_mode=S_IFREG|0644, st_size=17, ...}) = 0
23775 15:09:16.881561 fcntl64(4, F_GETFL) = 0x8801 (flags O_WRONLY|O_NONBLOCK|O_LARGEFILE)
23775 15:09:16.881573 fcntl64(4, F_SETFL, O_WRONLY|O_LARGEFILE) = 0
23775 15:09:16.881583 fcntl64(4, F_SETLKW64, {type=F_WRLCK, whence=SEEK_SET, start=0, len=0}, 0xbfc1f614) = 0
23775 15:09:16.881597 ftruncate64(4, 0) = 0
23775 15:09:16.881615 _llseek(4, 0, [0], SEEK_SET) = 0
23775 15:09:16.881626 write(5, "\v", 1) = 1
23775 15:09:16.881637 read(5,  <unfinished ...>
23773 15:09:16.881644 read(4, "\v", 1)  = 1
23773 15:09:16.881654 write(4, "\1\0\0\0", 4) = 4
23775 15:09:16.881665 <... read resumed> "\1\0\0\0", 4) = 4
23775 15:09:16.881672 write(5, "\v", 1) = 1
23775 15:09:16.881682 read(5,  <unfinished ...>
23773 15:09:16.881688 read(4, "\v", 1)  = 1
23773 15:09:16.881699 write(4, "\1\0\0\0", 4) = 4
23775 15:09:16.881704 <... read resumed> "\1\0\0\0", 4) = 4
23775 15:09:16.881704 write(5, "\r", 1) = 1
23775 15:09:16.881705 read(5,  <unfinished ...>
23773 15:09:16.881705 read(4, "\r", 1)  = 1
23773 15:09:16.881705 select(6, [5], NULL, NULL, {60, 0}) = 1 (in [5], left {60, 0})
23773 15:09:16.881705 accept(5, {sa_family=AF_INET, sin_port=htons(59347), sin_addr=inet_addr("127.0.0.1")}, [16]) = 6
23773 15:09:16.881706 write(4, "\1", 1) = 1
23775 15:09:16.881706 <... read resumed> "\1", 1) = 1
23775 15:09:16.881706 recvmsg(5,  <unfinished ...>
23773 15:09:16.881706 sendmsg(4, {msg_name(0)=NULL, msg_iov(1)=[{"\0", 1}], msg_controllen=16, {cmsg_len=16, cmsg_level=SOL_SOCKET, cmsg_type=SCM_RIGHTS, {6}}, msg_flags=0}, 0) = 1
23775 15:09:16.881706 <... recvmsg resumed> {msg_name(0)=NULL, msg_iov(1)=[{"\0", 1}], msg_controllen=16, {cmsg_len=16, cmsg_level=SOL_SOCKET, cmsg_type=SCM_RIGHTS, {6}}, msg_flags=0}, 0) = 1
23775 15:09:16.881707 setsockopt(6, SOL_SOCKET, SO_KEEPALIVE, [1], 4) = 0
23775 15:09:16.881721 setsockopt(6, SOL_IP, IP_TOS, [8], 4) = 0
23775 15:09:16.881733 setsockopt(6, SOL_SOCKET, SO_LINGER, {onoff=1, linger=32767}, 8) = 0
23775 15:09:16.881744 rt_sigaction(SIGALRM, {0x805cad0, ~[RTMIN RT_1], 0}, NULL, 8) = 0
23775 15:09:16.881757 alarm(300)        = 300
23775 15:09:16.881770 write(0, "150 Ok to send data.\r\n", 22) = 22
23775 15:09:16.881836 read(6, "assasaaa\na\na\na\na\n", 65536) = 17
23775 15:09:16.881850 write(4, "assasaaa\na\na\na\na\n", 17) = 17
23775 15:09:16.881867 read(6, "", 65536) = 0
23775 15:09:16.881877 rt_sigaction(SIGALRM, {0x805cad0, ~[RTMIN RT_1], 0}, NULL, 8) = 0
23775 15:09:16.881890 alarm(300)        = 300
23775 15:09:16.881900 close(6)          = 0
23775 15:09:16.881909 alarm(0)          = 300
23775 15:09:16.881919 gettimeofday({1495652956, 881948}, NULL) = 0
23775 15:09:16.881961 gettimeofday({1495652956, 881966}, NULL) = 0
23775 15:09:16.881989 fcntl64(3, F_SETLKW64, {type=F_WRLCK, whence=SEEK_SET, start=0, len=0}, 0xbfc1f5b4) = 0
23775 15:09:16.882005 write(3, "Wed May 24 15:09:16 2017 [pid 23775] [msfadmin] OK UPLOAD: Client \"127.0.0.1\", \"/home/msfadmin/myfile9\", 17 bytes, 36.41Kbyte/sec\n", 130) = 130
23775 15:09:16.882026 fcntl64(3, F_SETLK64, {type=F_UNLCK, whence=SEEK_SET, start=0, len=0}, 0xbfc1f5bc) = 0
23775 15:09:16.882041 write(0, "226 Transfer complete.\r\n", 24) = 24
23775 15:09:16.882086 write(5, "\n", 1) = 1
23775 15:09:16.882098 read(5,  <unfinished ...>
23773 15:09:16.882105 close(6)          = 0
23773 15:09:16.882123 read(4, "\n", 1)  = 1
23773 15:09:16.882135 close(5)          = 0
23773 15:09:16.882146 write(4, "\1", 1) = 1
23775 15:09:16.882156 <... read resumed> "\1", 1) = 1
23775 15:09:16.882163 close(4)          = 0
23775 15:09:16.882174 rt_sigaction(SIGALRM, {0x805cad0, ~[RTMIN RT_1], 0}, NULL, 8) = 0
23775 15:09:16.882187 alarm(300)        = 0
23775 15:09:16.882198 recv(0,  <unfinished ...>
23773 15:09:16.882205 read(4,  <unfinished ...>
23772 15:09:17.310923 <... recv resumed> "USER msfadmin\r\n", 4096, MSG_PEEK) = 15
23772 15:09:17.310971 read(0, "USER msfadmin\r\n", 15) = 15
23772 15:09:17.310996 write(0, "331 Any password will do.\r\n", 27) = 27
23772 15:09:17.311041 rt_sigaction(SIGALRM, {0x805cad0, ~[RTMIN RT_1], 0}, NULL, 8) = 0
23772 15:09:17.311059 alarm(300)        = 299
23772 15:09:17.311071 recv(0, "PASS msfadmin\r\n", 4096, MSG_PEEK) = 15
23772 15:09:17.311083 read(0, "PASS msfadmin\r\n", 15) = 15
23772 15:09:17.311098 write(0, "230 Already logged in.\r\n", 24) = 24
23772 15:09:17.311159 rt_sigaction(SIGALRM, {0x805cad0, ~[RTMIN RT_1], 0}, NULL, 8) = 0
23772 15:09:17.311174 alarm(300)        = 300
23772 15:09:17.311185 recv(0, "TYPE I\r\n", 4096, MSG_PEEK) = 8
23772 15:09:17.311196 read(0, "TYPE I\r\n", 8) = 8
23772 15:09:17.311211 write(0, "200 Switching to Binary mode.\r\n", 31) = 31
23772 15:09:17.311246 rt_sigaction(SIGALRM, {0x805cad0, ~[RTMIN RT_1], 0}, NULL, 8) = 0
23772 15:09:17.311260 alarm(300)        = 300
23772 15:09:17.311271 recv(0, "PASV\r\n", 4096, MSG_PEEK) = 6
23772 15:09:17.311281 read(0, "PASV\r\n", 6) = 6
23772 15:09:17.311293 write(5, "\n", 1 <unfinished ...>
23770 15:09:17.311304 <... read resumed> "\n", 1) = 1
23772 15:09:17.311309 <... write resumed> ) = 1
23770 15:09:17.311317 write(4, "\1", 1) = 1
23770 15:09:17.311327 read(4,  <unfinished ...>
23772 15:09:17.311334 read(5, "\1", 1)  = 1
23772 15:09:17.311346 write(5, "\f", 1 <unfinished ...>
23770 15:09:17.311352 <... read resumed> "\f", 1) = 1
23772 15:09:17.311357 <... write resumed> ) = 1
23770 15:09:17.311364 socket(PF_INET, SOCK_STREAM, IPPROTO_TCP) = 5
23770 15:09:17.311379 setsockopt(5, SOL_SOCKET, SO_REUSEADDR, [1], 4) = 0
23770 15:09:17.311394 bind(5, {sa_family=AF_INET, sin_port=htons(63883), sin_addr=inet_addr("127.0.0.1")}, 16) = 0
23770 15:09:17.311410 listen(5, 1)      = 0
23770 15:09:17.311423 write(4, "\213\371\0\0", 4) = 4
23770 15:09:17.311434 read(4,  <unfinished ...>
23772 15:09:17.311441 read(5, "\213\371\0\0", 4) = 4
23772 15:09:17.311471 write(0, "227 Entering Passive Mode (127,0,0,1,249,139).\r\n", 48) = 48
23772 15:09:17.311590 rt_sigaction(SIGALRM, {0x805cad0, ~[RTMIN RT_1], 0}, NULL, 8) = 0
23772 15:09:17.311606 alarm(300)        = 300
23772 15:09:17.311642 recv(0, "RETR myfile23\r\n", 4096, MSG_PEEK) = 15
23772 15:09:17.311655 read(0, "RETR myfile23\r\n", 15) = 15
23772 15:09:17.311669 write(5, "\v", 1 <unfinished ...>
23770 15:09:17.311686 <... read resumed> "\v", 1) = 1
23772 15:09:17.311691 <... write resumed> ) = 1
23770 15:09:17.311697 write(4, "\1\0\0\0", 4) = 4
23770 15:09:17.311708 read(4,  <unfinished ...>
23772 15:09:17.311714 read(5, "\1\0\0\0", 4) = 4
23772 15:09:17.311726 gettimeofday({1495652957, 311730}, NULL) = 0
23772 15:09:17.311737 getcwd("/home/msfadmin", 4096) = 15
23772 15:09:17.311750 open("myfile23", O_RDONLY|O_NONBLOCK|O_LARGEFILE) = 4
23772 15:09:17.311764 fcntl64(4, F_SETLKW64, {type=F_RDLCK, whence=SEEK_SET, start=0, len=0}, 0xbf84da64) = 0
23772 15:09:17.311779 fstat64(4, {st_mode=S_IFREG|0644, st_size=17, ...}) = 0
23772 15:09:17.311796 fcntl64(4, F_GETFL) = 0x8800 (flags O_RDONLY|O_NONBLOCK|O_LARGEFILE)
23772 15:09:17.311806 fcntl64(4, F_SETFL, O_RDONLY|O_LARGEFILE) = 0
23772 15:09:17.311818 write(5, "\v", 1 <unfinished ...>
23770 15:09:17.311825 <... read resumed> "\v", 1) = 1
23772 15:09:17.311830 <... write resumed> ) = 1
23770 15:09:17.311836 write(4, "\1\0\0\0", 4) = 4
23770 15:09:17.311846 read(4,  <unfinished ...>
23772 15:09:17.311853 read(5, "\1\0\0\0", 4) = 4
23772 15:09:17.311864 write(5, "\v", 1 <unfinished ...>
23770 15:09:17.311871 <... read resumed> "\v", 1) = 1
23772 15:09:17.311875 <... write resumed> ) = 1
23770 15:09:17.311881 write(4, "\1\0\0\0", 4) = 4
23770 15:09:17.311891 read(4,  <unfinished ...>
23772 15:09:17.311898 read(5, "\1\0\0\0", 4) = 4
23772 15:09:17.311909 write(5, "\r", 1 <unfinished ...>
23770 15:09:17.311916 <... read resumed> "\r", 1) = 1
23772 15:09:17.311920 <... write resumed> ) = 1
23770 15:09:17.311927 select(6, [5], NULL, NULL, {60, 0}) = 1 (in [5], left {60, 0})
23770 15:09:17.311947 accept(5, {sa_family=AF_INET, sin_port=htons(52323), sin_addr=inet_addr("127.0.0.1")}, [16]) = 6
23770 15:09:17.311970 write(4, "\1", 1) = 1
23770 15:09:17.311981 sendmsg(4, {msg_name(0)=NULL, msg_iov(1)=[{"\0", 1}], msg_controllen=16, {cmsg_len=16, cmsg_level=SOL_SOCKET, cmsg_type=SCM_RIGHTS, {6}}, msg_flags=0}, 0) = 1
23770 15:09:17.311998 close(6)          = 0
23770 15:09:17.312008 read(4,  <unfinished ...>
23772 15:09:17.312015 read(5, "\1", 1)  = 1
23772 15:09:17.312027 recvmsg(5, {msg_name(0)=NULL, msg_iov(1)=[{"\0", 1}], msg_controllen=16, {cmsg_len=16, cmsg_level=SOL_SOCKET, cmsg_type=SCM_RIGHTS, {6}}, msg_flags=0}, 0) = 1
23772 15:09:17.312045 setsockopt(6, SOL_SOCKET, SO_KEEPALIVE, [1], 4) = 0
23772 15:09:17.312057 setsockopt(6, SOL_IP, IP_TOS, [8], 4) = 0
23772 15:09:17.312069 setsockopt(6, SOL_SOCKET, SO_LINGER, {onoff=1, linger=32767}, 8) = 0
23772 15:09:17.312080 rt_sigaction(SIGALRM, {0x805cad0, ~[RTMIN RT_1], 0}, NULL, 8) = 0
23772 15:09:17.312092 alarm(300)        = 300
23772 15:09:17.312105 write(0, "150 Opening BINARY mode data connection for myfile23 (17 bytes).\r\n", 66) = 66
23772 15:09:17.312146 _llseek(4, 0, [0], SEEK_CUR) = 0
23772 15:09:17.312158 fstat64(4, {st_mode=S_IFREG|0644, st_size=17, ...}) = 0
23772 15:09:17.312175 _llseek(4, 0, [0], SEEK_SET) = 0
23772 15:09:17.312186 sendfile(6, 4, NULL, 17) = 17
23772 15:09:17.312215 rt_sigaction(SIGALRM, {0x805cad0, ~[RTMIN RT_1], 0}, NULL, 8) = 0
23772 15:09:17.312229 alarm(300)        = 300
23772 15:09:17.312238 close(6)          = 0
23772 15:09:17.312274 alarm(0)          = 300
23772 15:09:17.312285 gettimeofday({1495652957, 312288}, NULL) = 0
23772 15:09:17.312301 gettimeofday({1495652957, 312305}, NULL) = 0
23772 15:09:17.312316 fcntl64(3, F_SETLKW64, {type=F_WRLCK, whence=SEEK_SET, start=0, len=0}, 0xbf84da04) = 0
23772 15:09:17.312330 write(3, "Wed May 24 15:09:17 2017 [pid 23772] [msfadmin] OK DOWNLOAD: Client \"127.0.0.1\", \"/home/msfadmin/myfile23\", 17 bytes, 28.87Kbyte/sec\n", 133) = 133
23772 15:09:17.312352 fcntl64(3, F_SETLK64, {type=F_UNLCK, whence=SEEK_SET, start=0, len=0}, 0xbf84da0c) = 0
23772 15:09:17.312366 write(0, "226 Transfer complete.\r\n", 24) = 24
23772 15:09:17.312431 write(5, "\n", 1 <unfinished ...>
23770 15:09:17.312441 <... read resumed> "\n", 1) = 1
23772 15:09:17.312446 <... write resumed> ) = 1
23770 15:09:17.312452 close(5)          = 0
23770 15:09:17.312464 write(4, "\1", 1) = 1
23770 15:09:17.312475 read(4,  <unfinished ...>
23772 15:09:17.312481 read(5, "\1", 1)  = 1
23772 15:09:17.312492 close(4)          = 0
23772 15:09:17.312503 rt_sigaction(SIGALRM, {0x805cad0, ~[RTMIN RT_1], 0}, NULL, 8) = 0
23772 15:09:17.312516 alarm(300)        = 0
23772 15:09:17.312526 recv(0,  <unfinished ...>
23775 15:09:17.410964 <... recv resumed> "QUIT\r\n", 4096, MSG_PEEK) = 6
23775 15:09:17.411003 read(0, "QUIT\r\n", 6) = 6
23775 15:09:17.411025 shutdown(0, 0 /* receive */) = 0
23775 15:09:17.411040 fcntl64(0, F_GETFL) = 0x2 (flags O_RDWR)
23775 15:09:17.411051 fcntl64(0, F_SETFL, O_RDWR|O_NONBLOCK) = 0
23775 15:09:17.411062 write(0, "221 Goodbye.\r\n", 14) = 14
23775 15:09:17.411123 fcntl64(0, F_GETFL) = 0x802 (flags O_RDWR|O_NONBLOCK)
23775 15:09:17.411136 fcntl64(0, F_SETFL, O_RDWR) = 0
23775 15:09:17.411146 shutdown(0, 2 /* send and receive */) = 0
23775 15:09:17.411166 exit_group(0)     = ?
23773 15:09:17.411217 <... read resumed> 0xbfc1f6c7, 1) = ? ERESTARTSYS (To be restarted)
23773 15:09:17.411224 --- SIGCHLD (Child exited) @ 0 (0) ---
23773 15:09:17.411236 alarm(1)          = 0
23773 15:09:17.411247 sigreturn()       = ? (mask now [])
23773 15:09:17.411263 alarm(0)          = 1
23773 15:09:17.411274 wait4(-1, [{WIFEXITED(s) && WEXITSTATUS(s) == 0}], 0, NULL) = 23775
23773 15:09:17.411288 exit_group(0)     = ?
4380  15:09:17.411325 <... select resumed> ) = ? ERESTARTNOHAND (To be restarted)
4380  15:09:17.411332 --- SIGCHLD (Child exited) @ 0 (0) ---
4380  15:09:17.411340 write(4, "\21", 1) = 1
4380  15:09:17.411354 sigreturn()       = ? (mask now [])
4380  15:09:17.411387 select(13, [3 5 6 8 9 10 11 12], NULL, NULL, NULL) = 1 (in [3])
4380  15:09:17.411414 ioctl(3, FIONREAD, [1]) = 0
4380  15:09:17.411433 read(3, "\21", 1) = 1
4380  15:09:17.411446 waitpid(-1, [{WIFEXITED(s) && WEXITSTATUS(s) == 0}], WNOHANG) = 23773
4380  15:09:17.411463 close(-1)         = -1 EBADF (Bad file descriptor)
4380  15:09:17.411484 waitpid(-1, 0xbf9d5dbc, WNOHANG) = 0
4380  15:09:17.411496 select(13, [3 5 6 8 9 10 11 12], NULL, NULL, NULL <unfinished ...>
23772 15:09:17.851002 <... recv resumed> "USER msfadmin\r\n", 4096, MSG_PEEK) = 15
23772 15:09:17.851041 read(0, "USER msfadmin\r\n", 15) = 15
23772 15:09:17.851067 write(0, "331 Any password will do.\r\n", 27) = 27
23772 15:09:17.851111 rt_sigaction(SIGALRM, {0x805cad0, ~[RTMIN RT_1], 0}, NULL, 8) = 0
23772 15:09:17.851129 alarm(300)        = 299
23772 15:09:17.851141 recv(0, "PASS msfadmin\r\n", 4096, MSG_PEEK) = 15
23772 15:09:17.851153 read(0, "PASS msfadmin\r\n", 15) = 15
23772 15:09:17.851168 write(0, "230 Already logged in.\r\n", 24) = 24
23772 15:09:17.851228 rt_sigaction(SIGALRM, {0x805cad0, ~[RTMIN RT_1], 0}, NULL, 8) = 0
23772 15:09:17.851243 alarm(300)        = 300
23772 15:09:17.851254 recv(0, "TYPE I\r\n", 4096, MSG_PEEK) = 8
23772 15:09:17.851265 read(0, "TYPE I\r\n", 8) = 8
23772 15:09:17.851279 write(0, "200 Switching to Binary mode.\r\n", 31) = 31
23772 15:09:17.851314 rt_sigaction(SIGALRM, {0x805cad0, ~[RTMIN RT_1], 0}, NULL, 8) = 0
23772 15:09:17.851328 alarm(300)        = 300
23772 15:09:17.851339 recv(0, "PASV\r\n", 4096, MSG_PEEK) = 6
23772 15:09:17.851349 read(0, "PASV\r\n", 6) = 6
23772 15:09:17.851361 write(5, "\n", 1 <unfinished ...>
