22355 14:54:28.024620 open("/proc/mounts", O_RDONLY|O_LARGEFILE) = 7
22355 14:54:28.024645 fstat64(7, {st_mode=S_IFREG|0444, st_size=0, ...}) = 0
22355 14:54:28.024663 mmap2(NULL, 4096, PROT_READ|PROT_WRITE, MAP_PRIVATE|MAP_ANONYMOUS, -1, 0) = 0xb7f9e000
22355 14:54:28.024674 read(7, "rootfs / rootfs rw 0 0\nnone /sys sysfs rw,nosuid,nodev,noexec 0 0\nnone /proc proc rw,nosuid,nodev,noexec 0 0\nudev /dev tmpfs rw,relatime 0 0\nfusectl /sys/fs/fuse/connections fusectl rw,relatime 0 0\n/dev/mapper/metasploitable-root / ext3 rw,relatime,errors=remount-ro,data=ordered 0 0\n/dev/mapper/metasploitable-root /dev/.static/dev ext3 rw,relatime,errors=remount-ro,data=ordered 0 0\ntmpfs /var/run tmpfs rw,nosuid,nodev,noexec 0 0\ntmpfs /var/lock tmpfs rw,nosuid,nodev,noexec 0 0\ntmpfs /dev/shm tmpfs rw,relatime 0 0\ndevpts /dev/pts devpts rw,relatime 0 0\ntmpfs /var/run tmpfs rw,nosuid,nodev,noexec 0 0\ntmpfs /var/lock tmpfs rw,nosuid,nodev,noexec 0 0\n/dev/sda1 /boot ext3 rw,relatime,data=ordered 0 0\nsecurityfs /sys/kernel/security securityfs rw,relatime 0 0\nrpc_pipefs /var/lib/nfs/rpc_pipefs rpc_pipefs rw,relatime 0 0\nnfsd /proc/fs/nfsd nfsd rw,relatime 0 0\n", 1024) = 866
22355 14:54:28.024758 read(7, "", 1024) = 0
22355 14:54:28.024768 close(7)          = 0
22355 14:54:28.024778 munmap(0xb7f9e000, 4096) = 0
22355 14:54:28.024794 munmap(0xb7dcd000, 29913) = 0
22355 14:54:28.024808 read(6, "", 4096) = 0
22355 14:54:28.024819 close(6)          = 0
22355 14:54:28.024828 munmap(0xb7f9f000, 4096) = 0
22355 14:54:28.024839 stat64("/etc/pam.d", {st_mode=S_IFDIR|0755, st_size=4096, ...}) = 0
22355 14:54:28.024858 open("/etc/pam.d/common-account", O_RDONLY|O_LARGEFILE) = 6
22355 14:54:28.024871 fstat64(6, {st_mode=S_IFREG|0644, st_size=392, ...}) = 0
22355 14:54:28.024887 mmap2(NULL, 4096, PROT_READ|PROT_WRITE, MAP_PRIVATE|MAP_ANONYMOUS, -1, 0) = 0xb7f9f000
22355 14:54:28.024898 read(6, "#\n# /etc/pam.d/common-account - authorization settings common to all services\n#\n# This file is included from other service-specific PAM config files,\n# and should contain a list of the authorization modules that define\n# the central access policy for use on the system.  The default is to\n# only deny service to users whose accounts are expired in /etc/shadow.\n#\naccount\trequired\tpam_unix.so\n", 4096) = 392
22355 14:54:28.024942 read(6, "", 4096) = 0
22355 14:54:28.024952 close(6)          = 0
22355 14:54:28.024962 munmap(0xb7f9f000, 4096) = 0
22355 14:54:28.024973 stat64("/etc/pam.d", {st_mode=S_IFDIR|0755, st_size=4096, ...}) = 0
22355 14:54:28.024992 open("/etc/pam.d/common-session", O_RDONLY|O_LARGEFILE) = 6
22355 14:54:28.025004 fstat64(6, {st_mode=S_IFREG|0644, st_size=372, ...}) = 0
22355 14:54:28.025020 mmap2(NULL, 4096, PROT_READ|PROT_WRITE, MAP_PRIVATE|MAP_ANONYMOUS, -1, 0) = 0xb7f9f000
22355 14:54:28.025031 read(6, "#\n# /etc/pam.d/common-session - session-related modules common to all services\n#\n# This file is included from other service-specific PAM config files,\n# and should contain a list of modules that define tasks to be performed\n# at the start and end of sessions of *any* kind (both interactive and\n# non-interactive).  The default is pam_unix.\n#\nsession\trequired\tpam_unix.so\n", 4096) = 372
22355 14:54:28.025069 read(6, "", 4096) = 0
22355 14:54:28.025079 close(6)          = 0
22355 14:54:28.025088 munmap(0xb7f9f000, 4096) = 0
22355 14:54:28.025098 read(5, "", 4096) = 0
22355 14:54:28.025107 close(5)          = 0
22355 14:54:28.025117 munmap(0xb7fa5000, 4096) = 0
22355 14:54:28.025127 open("/etc/pam.d/other", O_RDONLY|O_LARGEFILE) = 5
22355 14:54:28.025140 fstat64(5, {st_mode=S_IFREG|0644, st_size=520, ...}) = 0
22355 14:54:28.025156 mmap2(NULL, 4096, PROT_READ|PROT_WRITE, MAP_PRIVATE|MAP_ANONYMOUS, -1, 0) = 0xb7fa5000
22355 14:54:28.025166 read(5, "#\n# /etc/pam.d/other - specify the PAM fallback behaviour\n#\n# Note that this file is used for any unspecified service; for example\n#if /etc/pam.d/cron  specifies no session modules but cron calls\n#pam_open_session, the session module out of /etc/pam.d/other is\n#used.  If you really want nothing to happen then use pam_permit.so or\n#pam_deny.so as appropriate.\n\n# We fall back to the system default in /etc/pam.d/common-*\n# \n\n@include common-auth\n@include common-account\n@include common-password\n@include common-session\n", 4096) = 520
22355 14:54:28.025211 stat64("/etc/pam.d", {st_mode=S_IFDIR|0755, st_size=4096, ...}) = 0
22355 14:54:28.025229 open("/etc/pam.d/common-auth", O_RDONLY|O_LARGEFILE) = 6
22355 14:54:28.025242 fstat64(6, {st_mode=S_IFREG|0644, st_size=476, ...}) = 0
22355 14:54:28.025257 mmap2(NULL, 4096, PROT_READ|PROT_WRITE, MAP_PRIVATE|MAP_ANONYMOUS, -1, 0) = 0xb7f9f000
22355 14:54:28.025268 read(6, "#\n# /etc/pam.d/common-auth - authentication settings common to all services\n#\n# This file is included from other service-specific PAM config files,\n# and should contain a list of the authentication modules that define\n# the central authentication scheme for use on the system\n# (e.g., /etc/shadow, LDAP, Kerberos, etc.).  The default is to use the\n# traditional Unix authentication mechanisms.\n#\nauth\trequisite\tpam_unix.so nullok_secure\n# auth\toptional\tpam_smbpass.so migrate\n", 4096) = 476
22355 14:54:28.025314 read(6, "", 4096) = 0
22355 14:54:28.025324 close(6)          = 0
22355 14:54:28.025333 munmap(0xb7f9f000, 4096) = 0
22355 14:54:28.025344 stat64("/etc/pam.d", {st_mode=S_IFDIR|0755, st_size=4096, ...}) = 0
22355 14:54:28.025362 open("/etc/pam.d/common-account", O_RDONLY|O_LARGEFILE) = 6
22355 14:54:28.025374 fstat64(6, {st_mode=S_IFREG|0644, st_size=392, ...}) = 0
22355 14:54:28.025390 mmap2(NULL, 4096, PROT_READ|PROT_WRITE, MAP_PRIVATE|MAP_ANONYMOUS, -1, 0) = 0xb7f9f000
22355 14:54:28.025400 read(6, "#\n# /etc/pam.d/common-account - authorization settings common to all services\n#\n# This file is included from other service-specific PAM config files,\n# and should contain a list of the authorization modules that define\n# the central access policy for use on the system.  The default is to\n# only deny service to users whose accounts are expired in /etc/shadow.\n#\naccount\trequired\tpam_unix.so\n", 4096) = 392
22355 14:54:28.025442 read(6, "", 4096) = 0
22355 14:54:28.025452 close(6)          = 0
22355 14:54:28.025461 munmap(0xb7f9f000, 4096) = 0
22355 14:54:28.025496 stat64("/etc/pam.d", {st_mode=S_IFDIR|0755, st_size=4096, ...}) = 0
22355 14:54:28.025517 open("/etc/pam.d/common-password", O_RDONLY|O_LARGEFILE) = 6
22355 14:54:28.025540 fstat64(6, {st_mode=S_IFREG|0644, st_size=1563, ...}) = 0
22355 14:54:28.025556 mmap2(NULL, 4096, PROT_READ|PROT_WRITE, MAP_PRIVATE|MAP_ANONYMOUS, -1, 0) = 0xb7f9f000
22355 14:54:28.025566 read(6, "#\n# /etc/pam.d/common-password - password-related modules common to all services\n#\n# This file is included from other service-specific PAM config files,\n# and should contain a list of modules that define the services to be\n# used to change user passwords.  The default is pam_unix.\n\n# Explanation of pam_unix options:\n#\n# The \"nullok\" option allows users to change an empty password, else\n# empty passwords are treated as locked accounts.\n#\n# The \"md5\" option enables MD5 passwords.  Without this option, the\n# default is Unix crypt.\n#\n# The \"obscure\" option replaces the old `OBSCURE_CHECKS_ENAB\' option in\n# login.defs.\n#\n# You can also use the \"min\" option to enforce the length of the new\n# password.\n#\n# See the pam_unix manpage for other options.\n\npassword   requisite   pam_unix.so nullok obscure md5\n\n# Alternate strength checking for password. Note that this\n# requires the libpam-cracklib package to be installed.\n# You will need to comment out the password line above and\n# uncomment the next two in order to use this.\n# (Replaces the `OBSCURE_CHECKS_ENAB\', `CRACKLIB_DICTPATH\')\n#\n# password required\t  pam_cracklib.so retry=3 minlen=6 difok=3\n# password required\t  pam_unix.so use_authtok nullok md5\n\n# minimally-intrusive inclusion of smbpass in the stack for\n# synchronization.  If the module is absent or the passwords don\'t\n# match, this module will be ignored without prompting; and if the \n# passwords do match, the NTLM hash for the user will be updated\n# automatically.\n# password   optional   pam_smbpass.so nullok use_authtok use_first_pass\n", 4096) = 1563
22355 14:54:28.025683 read(6, "", 4096) = 0
22355 14:54:28.025692 close(6)          = 0
22355 14:54:28.025702 munmap(0xb7f9f000, 4096) = 0
22355 14:54:28.025713 stat64("/etc/pam.d", {st_mode=S_IFDIR|0755, st_size=4096, ...}) = 0
22355 14:54:28.025731 open("/etc/pam.d/common-session", O_RDONLY|O_LARGEFILE) = 6
22355 14:54:28.025744 fstat64(6, {st_mode=S_IFREG|0644, st_size=372, ...}) = 0
22355 14:54:28.025760 mmap2(NULL, 4096, PROT_READ|PROT_WRITE, MAP_PRIVATE|MAP_ANONYMOUS, -1, 0) = 0xb7f9f000
22355 14:54:28.025770 read(6, "#\n# /etc/pam.d/common-session - session-related modules common to all services\n#\n# This file is included from other service-specific PAM config files,\n# and should contain a list of modules that define tasks to be performed\n# at the start and end of sessions of *any* kind (both interactive and\n# non-interactive).  The default is pam_unix.\n#\nsession\trequired\tpam_unix.so\n", 4096) = 372
22355 14:54:28.025808 read(6, "", 4096) = 0
22355 14:54:28.025817 close(6)          = 0
22355 14:54:28.025826 munmap(0xb7f9f000, 4096) = 0
22355 14:54:28.025837 read(5, "", 4096) = 0
22355 14:54:28.025846 close(5)          = 0
22355 14:54:28.025855 munmap(0xb7fa5000, 4096) = 0
22355 14:54:28.025868 time(NULL)        = 1495652068
22355 14:54:28.025879 lstat64("/etc/ftpusers", {st_mode=S_IFREG|0644, st_size=132, ...}) = 0
22355 14:54:28.025897 open("/etc/ftpusers", O_RDONLY|O_LARGEFILE) = 5
22355 14:54:28.025909 fstat64(5, {st_mode=S_IFREG|0644, st_size=132, ...}) = 0
22355 14:54:28.025925 mmap2(NULL, 4096, PROT_READ|PROT_WRITE, MAP_PRIVATE|MAP_ANONYMOUS, -1, 0) = 0xb7fa5000
22355 14:54:28.025935 read(5, "# /etc/ftpusers: list of users disallowed FTP access. See ftpusers(5).\n\nroot\ndaemon\nbin\nsys\nsync\ngames\nman\nlp\nmail\nnews\nuucp\nnobody\n", 4096) = 132
22355 14:54:28.025956 read(5, "", 4096) = 0
22355 14:54:28.025969 close(5)          = 0
22355 14:54:28.025978 munmap(0xb7fa5000, 4096) = 0
22355 14:54:28.025994 getuid32()        = 0
22355 14:54:28.026010 open("/etc/passwd", O_RDONLY|0x80000 /* O_??? */) = 5
22355 14:54:28.026025 _llseek(5, 0, [0], SEEK_CUR) = 0
22355 14:54:28.026036 fstat64(5, {st_mode=S_IFREG|0644, st_size=1624, ...}) = 0
22355 14:54:28.026052 mmap2(NULL, 1624, PROT_READ, MAP_SHARED, 5, 0) = 0xb7fa5000
22355 14:54:28.026063 _llseek(5, 1624, [1624], SEEK_SET) = 0
22355 14:54:28.026082 munmap(0xb7fa5000, 1624) = 0
22355 14:54:28.026092 close(5)          = 0
22355 14:54:28.026116 open("/etc/shadow", O_RDONLY|0x80000 /* O_??? */) = 5
22355 14:54:28.026133 _llseek(5, 0, [0], SEEK_CUR) = 0
22355 14:54:28.026144 fstat64(5, {st_mode=S_IFREG|0640, st_size=1233, ...}) = 0
22355 14:54:28.026160 mmap2(NULL, 1233, PROT_READ, MAP_SHARED, 5, 0) = 0xb7fa5000
22355 14:54:28.026170 _llseek(5, 1233, [1233], SEEK_SET) = 0
22355 14:54:28.026190 munmap(0xb7fa5000, 1233) = 0
22355 14:54:28.026200 close(5)          = 0
22355 14:54:28.026218 open("/etc/passwd", O_RDONLY|0x80000 /* O_??? */) = 5
22355 14:54:28.026231 _llseek(5, 0, [0], SEEK_CUR) = 0
22355 14:54:28.026241 fstat64(5, {st_mode=S_IFREG|0644, st_size=1624, ...}) = 0
22355 14:54:28.026257 mmap2(NULL, 1624, PROT_READ, MAP_SHARED, 5, 0) = 0xb7fa5000
22355 14:54:28.026268 _llseek(5, 1624, [1624], SEEK_SET) = 0
22355 14:54:28.026284 munmap(0xb7fa5000, 1624) = 0
22355 14:54:28.026293 close(5)          = 0
22355 14:54:28.026305 open("/etc/shadow", O_RDONLY|0x80000 /* O_??? */) = 5
22355 14:54:28.026318 _llseek(5, 0, [0], SEEK_CUR) = 0
22355 14:54:28.026328 fstat64(5, {st_mode=S_IFREG|0640, st_size=1233, ...}) = 0
22355 14:54:28.026344 mmap2(NULL, 1233, PROT_READ, MAP_SHARED, 5, 0) = 0xb7fa5000
22355 14:54:28.026354 _llseek(5, 1233, [1233], SEEK_SET) = 0
22355 14:54:28.026370 munmap(0xb7fa5000, 1233) = 0
22355 14:54:28.026379 close(5)          = 0
22355 14:54:28.026642 getuid32()        = 0
22355 14:54:28.026656 open("/etc/passwd", O_RDONLY|0x80000 /* O_??? */) = 5
22355 14:54:28.026669 _llseek(5, 0, [0], SEEK_CUR) = 0
22355 14:54:28.026679 fstat64(5, {st_mode=S_IFREG|0644, st_size=1624, ...}) = 0
22355 14:54:28.026696 mmap2(NULL, 1624, PROT_READ, MAP_SHARED, 5, 0) = 0xb7fa5000
22355 14:54:28.026706 _llseek(5, 1624, [1624], SEEK_SET) = 0
22355 14:54:28.026722 munmap(0xb7fa5000, 1624) = 0
22355 14:54:28.026732 close(5)          = 0
22355 14:54:28.026745 open("/etc/shadow", O_RDONLY|0x80000 /* O_??? */) = 5
22355 14:54:28.026758 _llseek(5, 0, [0], SEEK_CUR) = 0
22355 14:54:28.026768 fstat64(5, {st_mode=S_IFREG|0640, st_size=1233, ...}) = 0
22355 14:54:28.026784 mmap2(NULL, 1233, PROT_READ, MAP_SHARED, 5, 0) = 0xb7fa5000
22355 14:54:28.026794 _llseek(5, 1233, [1233], SEEK_SET) = 0
22355 14:54:28.026810 munmap(0xb7fa5000, 1233) = 0
22355 14:54:28.026820 close(5)          = 0
22355 14:54:28.026831 time(NULL)        = 1495652068
22355 14:54:28.026846 munmap(0xb7fa2000, 12164) = 0
22355 14:54:28.026859 munmap(0xb7fa0000, 7136) = 0
22355 14:54:28.026873 munmap(0xb7dd5000, 95428) = 0
22355 14:54:28.026885 munmap(0xb7d9b000, 201052) = 0
22355 14:54:28.026895 munmap(0xb7d82000, 101180) = 0
22355 14:54:28.026911 gettimeofday({1495652068, 26915}, NULL) = 0
22355 14:54:28.026923 stat64("/usr/share/zoneinfo/UTC+04:00", 0xbfe637d4) = -1 ENOENT (No such file or directory)
22355 14:54:28.026938 open("/usr/share/zoneinfo/UTC+04:00", O_RDONLY) = -1 ENOENT (No such file or directory)
22355 14:54:28.026963 fcntl64(3, F_SETLKW64, {type=F_WRLCK, whence=SEEK_SET, start=0, len=0}, 0xbfe63924) = 0
22355 14:54:28.026979 write(3, "Wed May 24 14:54:28 2017 [pid 22355] [msfadmin] OK LOGIN: Client \"127.0.0.1\"\n", 77) = 77
22355 14:54:28.026995 fcntl64(3, F_SETLK64, {type=F_UNLCK, whence=SEEK_SET, start=0, len=0}, 0xbfe6392c) = 0
22355 14:54:28.027008 rt_sigaction(SIGCHLD, {0x805cad0, ~[RTMIN RT_1], 0}, NULL, 8) = 0
22355 14:54:28.027022 write(4, "\1", 1 <unfinished ...>
22356 14:54:28.027032 <... read resumed> "\1", 1) = 1
22355 14:54:28.027038 <... write resumed> ) = 1
22356 14:54:28.027050 exit_group(0)     = ?
22355 14:54:28.027077 --- SIGCHLD (Child exited) @ 0 (0) ---
22355 14:54:28.027085 sigreturn()       = ? (mask now [])
22355 14:54:28.027104 wait4(-1, [{WIFEXITED(s) && WEXITSTATUS(s) == 0}], 0, NULL) = 22356
22355 14:54:28.027117 close(4)          = 0
22355 14:54:28.027128 socketpair(PF_FILE, SOCK_STREAM, 0, [4, 5]) = 0
22355 14:54:28.027128 rt_sigaction(SIGCHLD, {0x805cad0, ~[RTMIN RT_1], 0}, NULL, 8) = 0
22355 14:54:28.027128 rt_sigaction(SIGALRM, {0x805cb10, ~[RTMIN RT_1], 0}, NULL, 8) = 0
22355 14:54:28.027129 clone(child_stack=0, flags=CLONE_CHILD_CLEARTID|CLONE_CHILD_SETTID|SIGCHLD, child_tidptr=0xb7e0b6f8) = 22357
22357 14:54:28.027129 prctl(0x1, 0x9, 0, 0, 0) = 0
22357 14:54:28.027129 close(4)          = 0
22357 14:54:28.027129 open("/etc/passwd", O_RDONLY|0x80000 /* O_??? */) = 4
22357 14:54:28.027130 _llseek(4, 0, [0], SEEK_CUR) = 0
22357 14:54:28.027130 fstat64(4, {st_mode=S_IFREG|0644, st_size=1624, ...}) = 0
22357 14:54:28.027130 mmap2(NULL, 1624, PROT_READ, MAP_SHARED, 4, 0) = 0xb7fa5000
22357 14:54:28.027133 _llseek(4, 1624, [1624], SEEK_SET) = 0
22357 14:54:28.027157 munmap(0xb7fa5000, 1624) = 0
22357 14:54:28.027169 close(4)          = 0
22357 14:54:28.027182 getuid32()        = 0
22357 14:54:28.027192 open("/etc/passwd", O_RDONLY|0x80000 /* O_??? */) = 4
22357 14:54:28.027205 _llseek(4, 0, [0], SEEK_CUR) = 0
22357 14:54:28.027216 fstat64(4, {st_mode=S_IFREG|0644, st_size=1624, ...}) = 0
22357 14:54:28.027232 mmap2(NULL, 1624, PROT_READ, MAP_SHARED, 4, 0) = 0xb7fa5000
22357 14:54:28.027243 _llseek(4, 1624, [1624], SEEK_SET) = 0
22357 14:54:28.027259 munmap(0xb7fa5000, 1624) = 0
22357 14:54:28.027268 close(4)          = 0
22357 14:54:28.027294 open("/proc/sys/kernel/ngroups_max", O_RDONLY) = 4
22357 14:54:28.027314 read(4, "65536\n", 31) = 6
22357 14:54:28.027326 close(4)          = 0
22357 14:54:28.027340 socket(PF_FILE, SOCK_STREAM, 0) = 4
22357 14:54:28.027352 fcntl64(4, F_SETFL, O_RDWR|O_NONBLOCK) = 0
22357 14:54:28.027362 connect(4, {sa_family=AF_FILE, path="/var/run/nscd/socket"}, 110) = -1 ENOENT (No such file or directory)
22357 14:54:28.027383 close(4)          = 0
22357 14:54:28.027395 socket(PF_FILE, SOCK_STREAM, 0) = 4
22357 14:54:28.027405 fcntl64(4, F_SETFL, O_RDWR|O_NONBLOCK) = 0
22357 14:54:28.027415 connect(4, {sa_family=AF_FILE, path="/var/run/nscd/socket"}, 110) = -1 ENOENT (No such file or directory)
22357 14:54:28.027433 close(4)          = 0
22357 14:54:28.027457 open("/etc/group", O_RDONLY|0x80000 /* O_??? */) = 4
22357 14:54:28.027471 _llseek(4, 0, [0], SEEK_CUR) = 0
22357 14:54:28.027482 fstat64(4, {st_mode=S_IFREG|0644, st_size=886, ...}) = 0
22357 14:54:28.027498 mmap2(NULL, 886, PROT_READ, MAP_SHARED, 4, 0) = 0xb7fa5000
22357 14:54:28.027509 _llseek(4, 886, [886], SEEK_SET) = 0
22357 14:54:28.027534 fstat64(4, {st_mode=S_IFREG|0644, st_size=886, ...}) = 0
22357 14:54:28.027550 munmap(0xb7fa5000, 886) = 0
22357 14:54:28.027560 close(4)          = 0
22357 14:54:28.027570 setgroups32(13, [1000, 4, 20, 24, 25, 29, 30, 44, 46, 107, 111, 112, 119]) = 0
22357 14:54:28.027586 geteuid32()       = 0
22357 14:54:28.027597 getegid32()       = 0
22357 14:54:28.027607 setregid32(-1, 1000) = 0
22357 14:54:28.027618 setreuid32(-1, 1000) = 0
22357 14:54:28.027628 chdir("/home/msfadmin") = 0
22357 14:54:28.027640 setreuid32(-1, 0) = 0
22357 14:54:28.027649 setregid32(-1, 0) = 0
22357 14:54:28.027659 setgid32(1000)    = 0
22357 14:54:28.027669 setuid32(1000)    = 0
22357 14:54:28.027679 setrlimit(RLIMIT_NPROC, {rlim_cur=0, rlim_max=0}) = 0
22357 14:54:28.027692 mmap2(NULL, 12288, PROT_READ|PROT_WRITE, MAP_PRIVATE|MAP_ANONYMOUS, -1, 0) = 0xb7fa3000
22357 14:54:28.027703 mprotect(0xb7fa5000, 4096, PROT_NONE) = 0
22357 14:54:28.027714 mprotect(0xb7fa3000, 4096, PROT_NONE) = 0
22357 14:54:28.027725 getcwd("/home/msfadmin", 4096) = 15
22357 14:54:28.027739 umask(022)        = 077
22357 14:54:28.027749 getcwd("/home/msfadmin", 4096) = 15
22357 14:54:28.027762 open(".message", O_RDONLY|O_NONBLOCK|O_LARGEFILE) = -1 ENOENT (No such file or directory)
22357 14:54:28.027784 write(0, "230 Login successful.\r\n", 23) = 23
22357 14:54:28.027852 rt_sigaction(SIGALRM, {0x805cad0, ~[RTMIN RT_1], 0}, NULL, 8) = 0
22357 14:54:28.027869 alarm(300)        = 0
22357 14:54:28.027880 mmap2(NULL, 12288, PROT_READ|PROT_WRITE, MAP_PRIVATE|MAP_ANONYMOUS, -1, 0) = 0xb7fa0000
22357 14:54:28.027892 mprotect(0xb7fa2000, 4096, PROT_NONE) = 0
22357 14:54:28.027903 mprotect(0xb7fa0000, 4096, PROT_NONE) = 0
22357 14:54:28.027916 recv(0, "TYPE I\r\n", 4096, MSG_PEEK) = 8
22357 14:54:28.027928 read(0, "TYPE I\r\n", 8) = 8
22357 14:54:28.027945 write(0, "200 Switching to Binary mode.\r\n", 31) = 31
22357 14:54:28.027985 rt_sigaction(SIGALRM, {0x805cad0, ~[RTMIN RT_1], 0}, NULL, 8) = 0
22357 14:54:28.028000 alarm(300)        = 300
22357 14:54:28.028011 recv(0, "PASV\r\n", 4096, MSG_PEEK) = 6
22357 14:54:28.028045 read(0, "PASV\r\n", 6) = 6
22357 14:54:28.028069 write(5, "\n", 1) = 1
22357 14:54:28.028080 read(5,  <unfinished ...>
22355 14:54:28.028093 close(5)          = 0
22355 14:54:28.028105 getuid32()        = 0
22355 14:54:28.028120 open("/etc/passwd", O_RDONLY|0x80000 /* O_??? */) = 5
22355 14:54:28.028134 _llseek(5, 0, [0], SEEK_CUR) = 0
22355 14:54:28.028146 fstat64(5, {st_mode=S_IFREG|0644, st_size=1624, ...}) = 0
22355 14:54:28.028164 mmap2(NULL, 1624, PROT_READ, MAP_SHARED, 5, 0) = 0xb7fa5000
22355 14:54:28.028175 _llseek(5, 1624, [1624], SEEK_SET) = 0
22355 14:54:28.028193 munmap(0xb7fa5000, 1624) = 0
22355 14:54:28.028204 close(5)          = 0
22355 14:54:28.028220 setgroups32(0, []) = 0
22355 14:54:28.028231 chdir("/usr/share/empty") = 0
22355 14:54:28.028243 chroot(".")       = 0
22355 14:54:28.028254 capset(NULL, NULL) = -1 EFAULT (Bad address)
22355 14:54:28.028267 prctl(0x8, 0, 0xbfe63908, 0x80549a6, 0xbfe638f0) = 0
22355 14:54:28.028278 prctl(0x8, 0x1, 0xbfe63908, 0x8054a49, 0xbfe638f0) = 0
22355 14:54:28.028288 setgid32(65534)   = 0
22355 14:54:28.028298 setuid32(65534)   = 0
22355 14:54:28.028308 capset(0x19980330, 0, {CAP_NET_BIND_SERVICE, CAP_NET_BIND_SERVICE, 0}) = 0
22355 14:54:28.028320 read(4, "\n", 1)  = 1
22355 14:54:28.028333 write(4, "\1", 1) = 1
22357 14:54:28.028344 <... read resumed> "\1", 1) = 1
22357 14:54:28.028352 write(5, "\f", 1) = 1
22357 14:54:28.028362 read(5,  <unfinished ...>
22355 14:54:28.028369 read(4, "\f", 1)  = 1
22355 14:54:28.028381 socket(PF_INET, SOCK_STREAM, IPPROTO_TCP) = 5
22355 14:54:28.028394 setsockopt(5, SOL_SOCKET, SO_REUSEADDR, [1], 4) = 0
22355 14:54:28.028405 gettimeofday({1495652068, 28409}, NULL) = 0
22355 14:54:28.028421 bind(5, {sa_family=AF_INET, sin_port=htons(13470), sin_addr=inet_addr("127.0.0.1")}, 16) = 0
22355 14:54:28.028437 listen(5, 1)      = 0
22355 14:54:28.028450 write(4, "\2364\0\0", 4) = 4
22357 14:54:28.028462 <... read resumed> "\2364\0\0", 4) = 4
22357 14:54:28.028475 write(0, "227 Entering Passive Mode (127,0,0,1,52,158).\r\n", 47) = 47
22357 14:54:28.028574 rt_sigaction(SIGALRM, {0x805cad0, ~[RTMIN RT_1], 0}, NULL, 8) = 0
22357 14:54:28.028591 alarm(300)        = 300
22357 14:54:28.028603 recv(0, "RETR myfile0\r\n", 4096, MSG_PEEK) = 14
22357 14:54:28.028615 read(0, "RETR myfile0\r\n", 14) = 14
22357 14:54:28.028630 write(5, "\v", 1) = 1
22357 14:54:28.028641 read(5,  <unfinished ...>
22355 14:54:28.028648 read(4, "\v", 1)  = 1
22355 14:54:28.028659 write(4, "\1\0\0\0", 4) = 4
22357 14:54:28.028670 <... read resumed> "\1\0\0\0", 4) = 4
22357 14:54:28.028678 gettimeofday({1495652068, 28682}, NULL) = 0
22357 14:54:28.028689 getcwd("/home/msfadmin", 4096) = 15
22357 14:54:28.028701 open("myfile0", O_RDONLY|O_NONBLOCK|O_LARGEFILE) = 4
22357 14:54:28.028714 fcntl64(4, F_SETLKW64, {type=F_RDLCK, whence=SEEK_SET, start=0, len=0}, 0xbfe63874) = 0
22357 14:54:28.028727 fstat64(4, {st_mode=S_IFREG|0644, st_size=17, ...}) = 0
22357 14:54:28.028744 fcntl64(4, F_GETFL) = 0x8800 (flags O_RDONLY|O_NONBLOCK|O_LARGEFILE)
22357 14:54:28.028755 fcntl64(4, F_SETFL, O_RDONLY|O_LARGEFILE) = 0
22357 14:54:28.028767 write(5, "\v", 1) = 1
22357 14:54:28.028777 read(5,  <unfinished ...>
22355 14:54:28.028784 read(4, "\v", 1)  = 1
22355 14:54:28.028796 write(4, "\1\0\0\0", 4) = 4
22357 14:54:28.028810 <... read resumed> "\1\0\0\0", 4) = 4
22357 14:54:28.028818 write(5, "\v", 1) = 1
22357 14:54:28.028828 read(5,  <unfinished ...>
22355 14:54:28.028835 read(4, "\v", 1)  = 1
22355 14:54:28.028845 write(4, "\1\0\0\0", 4) = 4
22357 14:54:28.028856 <... read resumed> "\1\0\0\0", 4) = 4
22357 14:54:28.028863 write(5, "\r", 1) = 1
22357 14:54:28.028873 read(5,  <unfinished ...>
22355 14:54:28.028880 read(4, "\r", 1)  = 1
22355 14:54:28.028892 select(6, [5], NULL, NULL, {60, 0}) = 1 (in [5], left {60, 0})
22355 14:54:28.028909 accept(5, {sa_family=AF_INET, sin_port=htons(60744), sin_addr=inet_addr("127.0.0.1")}, [16]) = 6
22355 14:54:28.028931 write(4, "\1", 1) = 1
22357 14:54:28.028941 <... read resumed> "\1", 1) = 1
22357 14:54:28.028950 recvmsg(5,  <unfinished ...>
22355 14:54:28.028960 sendmsg(4, {msg_name(0)=NULL, msg_iov(1)=[{"\0", 1}], msg_controllen=16, {cmsg_len=16, cmsg_level=SOL_SOCKET, cmsg_type=SCM_RIGHTS, {6}}, msg_flags=0}, 0) = 1
22357 14:54:28.028977 <... recvmsg resumed> {msg_name(0)=NULL, msg_iov(1)=[{"\0", 1}], msg_controllen=16, {cmsg_len=16, cmsg_level=SOL_SOCKET, cmsg_type=SCM_RIGHTS, {6}}, msg_flags=0}, 0) = 1
22357 14:54:28.029035 setsockopt(6, SOL_SOCKET, SO_KEEPALIVE, [1], 4) = 0
22357 14:54:28.029058 setsockopt(6, SOL_IP, IP_TOS, [8], 4) = 0
22357 14:54:28.029070 setsockopt(6, SOL_SOCKET, SO_LINGER, {onoff=1, linger=32767}, 8) = 0
22357 14:54:28.029081 rt_sigaction(SIGALRM, {0x805cad0, ~[RTMIN RT_1], 0}, NULL, 8) = 0
22357 14:54:28.029094 alarm(300)        = 300
22357 14:54:28.029108 write(0, "150 Opening BINARY mode data connection for myfile0 (17 bytes).\r\n", 65) = 65
22357 14:54:28.029152 _llseek(4, 0, [0], SEEK_CUR) = 0
22357 14:54:28.029164 fstat64(4, {st_mode=S_IFREG|0644, st_size=17, ...}) = 0
22357 14:54:28.029181 _llseek(4, 0, [0], SEEK_SET) = 0
22357 14:54:28.029194 sendfile(6, 4, NULL, 17) = 17
22357 14:54:28.029221 rt_sigaction(SIGALRM, {0x805cad0, ~[RTMIN RT_1], 0}, NULL, 8) = 0
22357 14:54:28.029236 alarm(300)        = 300
22357 14:54:28.029245 close(6)          = 0
22357 14:54:28.029254 alarm(0)          = 300
22357 14:54:28.029264 gettimeofday({1495652068, 29267}, NULL) = 0
22357 14:54:28.029281 getpid()          = 22357
22357 14:54:28.029293 gettimeofday({1495652068, 29297}, NULL) = 0
22357 14:54:28.029313 fcntl64(3, F_SETLKW64, {type=F_WRLCK, whence=SEEK_SET, start=0, len=0}, 0xbfe63814) = 0
22357 14:54:28.029329 write(3, "Wed May 24 14:54:28 2017 [pid 22357] [msfadmin] OK DOWNLOAD: Client \"127.0.0.1\", \"/home/msfadmin/myfile0\", 17 bytes, 26.99Kbyte/sec\n", 132) = 132
22357 14:54:28.029349 fcntl64(3, F_SETLK64, {type=F_UNLCK, whence=SEEK_SET, start=0, len=0}, 0xbfe6381c) = 0
22357 14:54:28.029363 write(0, "226 Transfer complete.\r\n", 24) = 24
22357 14:54:28.029378 write(5, "\n", 1) = 1
22357 14:54:28.029389 read(5,  <unfinished ...>
22355 14:54:28.029396 close(6)          = 0
22355 14:54:28.029473 read(4, "\n", 1)  = 1
22355 14:54:28.029487 close(5)          = 0
22355 14:54:28.029497 write(4, "\1", 1) = 1
22357 14:54:28.029508 <... read resumed> "\1", 1) = 1
22357 14:54:28.029516 close(4)          = 0
22357 14:54:28.029526 rt_sigaction(SIGALRM, {0x805cad0, ~[RTMIN RT_1], 0}, NULL, 8) = 0
22357 14:54:28.029539 alarm(300)        = 0
22357 14:54:28.029551 recv(0,  <unfinished ...>
22355 14:54:28.029558 read(4,  <unfinished ...>
22354 14:54:28.327751 <... recv resumed> "TYPE I\r\n", 4096, MSG_PEEK) = 8
22354 14:54:28.327963 read(0, "TYPE I\r\n", 8) = 8
22354 14:54:28.328089 write(0, "200 Switching to Binary mode.\r\n", 31) = 31
22354 14:54:28.328196 rt_sigaction(SIGALRM, {0x805cad0, ~[RTMIN RT_1], 0}, NULL, 8) = 0
22354 14:54:28.328231 alarm(300)        = 299
22354 14:54:28.328258 recv(0, "PASV\r\n", 4096, MSG_PEEK) = 6
22354 14:54:28.328277 read(0, "PASV\r\n", 6) = 6
22354 14:54:28.328289 write(5, "\n", 1 <unfinished ...>
22352 14:54:28.328301 <... read resumed> "\n", 1) = 1
22354 14:54:28.328306 <... write resumed> ) = 1
22352 14:54:28.328314 write(4, "\1", 1) = 1
22352 14:54:28.328325 read(4,  <unfinished ...>
22354 14:54:28.328332 read(5, "\1", 1)  = 1
22354 14:54:28.328351 write(5, "\f", 1 <unfinished ...>
22352 14:54:28.328359 <... read resumed> "\f", 1) = 1
22354 14:54:28.328364 <... write resumed> ) = 1
22352 14:54:28.328371 socket(PF_INET, SOCK_STREAM, IPPROTO_TCP) = 5
22352 14:54:28.328387 setsockopt(5, SOL_SOCKET, SO_REUSEADDR, [1], 4) = 0
22352 14:54:28.328401 bind(5, {sa_family=AF_INET, sin_port=htons(56113), sin_addr=inet_addr("127.0.0.1")}, 16) = 0
22352 14:54:28.328417 listen(5, 1)      = 0
22352 14:54:28.328431 write(4, "1\333\0\0", 4) = 4
22352 14:54:28.328442 read(4,  <unfinished ...>
22354 14:54:28.328449 read(5, "1\333\0\0", 4) = 4
22354 14:54:28.328464 write(0, "227 Entering Passive Mode (127,0,0,1,219,49).\r\n", 47) = 47
22354 14:54:28.328579 rt_sigaction(SIGALRM, {0x805cad0, ~[RTMIN RT_1], 0}, NULL, 8) = 0
22354 14:54:28.328596 alarm(300)        = 300
22354 14:54:28.328607 recv(0, "STOR myfile8\r\n", 4096, MSG_PEEK) = 14
22354 14:54:28.328619 read(0, "STOR myfile8\r\n", 14) = 14
22354 14:54:28.328633 write(5, "\v", 1 <unfinished ...>
22352 14:54:28.328641 <... read resumed> "\v", 1) = 1
22354 14:54:28.328646 <... write resumed> ) = 1
22352 14:54:28.328652 write(4, "\1\0\0\0", 4) = 4
22352 14:54:28.328663 read(4,  <unfinished ...>
22354 14:54:28.328670 read(5, "\1\0\0\0", 4) = 4
22354 14:54:28.328681 gettimeofday({1495652068, 328685}, NULL) = 0
22354 14:54:28.328692 getcwd("/home/msfadmin", 4096) = 15
22354 14:54:28.328705 open("myfile8", O_WRONLY|O_CREAT|O_NONBLOCK|O_LARGEFILE, 0666) = 4
22354 14:54:28.328719 fstat64(4, {st_mode=S_IFREG|0644, st_size=17, ...}) = 0
22354 14:54:28.328737 fcntl64(4, F_GETFL) = 0x8801 (flags O_WRONLY|O_NONBLOCK|O_LARGEFILE)
22354 14:54:28.328792 fcntl64(4, F_SETFL, O_WRONLY|O_LARGEFILE) = 0
22354 14:54:28.328803 fcntl64(4, F_SETLKW64, {type=F_WRLCK, whence=SEEK_SET, start=0, len=0}, 0xbfb0e4f4) = 0
22354 14:54:28.328827 ftruncate64(4, 0) = 0
22354 14:54:28.328847 _llseek(4, 0, [0], SEEK_SET) = 0
22354 14:54:28.328858 write(5, "\v", 1 <unfinished ...>
22352 14:54:28.328866 <... read resumed> "\v", 1) = 1
22354 14:54:28.328871 <... write resumed> ) = 1
22352 14:54:28.328877 write(4, "\1\0\0\0", 4) = 4
22352 14:54:28.328888 read(4,  <unfinished ...>
22354 14:54:28.328895 read(5, "\1\0\0\0", 4) = 4
22354 14:54:28.328906 write(5, "\v", 1 <unfinished ...>
22352 14:54:28.328913 <... read resumed> "\v", 1) = 1
22354 14:54:28.328918 <... write resumed> ) = 1
22352 14:54:28.328924 write(4, "\1\0\0\0", 4) = 4
22352 14:54:28.328934 read(4,  <unfinished ...>
22354 14:54:28.328941 read(5, "\1\0\0\0", 4) = 4
22354 14:54:28.328952 write(5, "\r", 1 <unfinished ...>
22352 14:54:28.328959 <... read resumed> "\r", 1) = 1
22354 14:54:28.328963 <... write resumed> ) = 1
22352 14:54:28.328970 select(6, [5], NULL, NULL, {60, 0}) = 1 (in [5], left {60, 0})
22352 14:54:28.328986 accept(5, {sa_family=AF_INET, sin_port=htons(48065), sin_addr=inet_addr("127.0.0.1")}, [16]) = 6
22352 14:54:28.329008 write(4, "\1", 1) = 1
22352 14:54:28.329020 sendmsg(4, {msg_name(0)=NULL, msg_iov(1)=[{"\0", 1}], msg_controllen=16, {cmsg_len=16, cmsg_level=SOL_SOCKET, cmsg_type=SCM_RIGHTS, {6}}, msg_flags=0}, 0) = 1
22352 14:54:28.329037 close(6)          = 0
22352 14:54:28.329047 read(4,  <unfinished ...>
22354 14:54:28.329053 read(5, "\1", 1)  = 1
22354 14:54:28.329066 recvmsg(5, {msg_name(0)=NULL, msg_iov(1)=[{"\0", 1}], msg_controllen=16, {cmsg_len=16, cmsg_level=SOL_SOCKET, cmsg_type=SCM_RIGHTS, {6}}, msg_flags=0}, 0) = 1
22354 14:54:28.329084 setsockopt(6, SOL_SOCKET, SO_KEEPALIVE, [1], 4) = 0
22354 14:54:28.329096 setsockopt(6, SOL_IP, IP_TOS, [8], 4) = 0
22354 14:54:28.329108 setsockopt(6, SOL_SOCKET, SO_LINGER, {onoff=1, linger=32767}, 8) = 0
22354 14:54:28.329119 rt_sigaction(SIGALRM, {0x805cad0, ~[RTMIN RT_1], 0}, NULL, 8) = 0
22354 14:54:28.329132 alarm(300)        = 300
22354 14:54:28.329144 write(0, "150 Ok to send data.\r\n", 22) = 22
22354 14:54:28.329210 read(6, "assasaaa\na\na\na\na\n", 65536) = 17
22354 14:54:28.329225 write(4, "assasaaa\na\na\na\na\n", 17) = 17
22354 14:54:28.329241 read(6, "", 65536) = 0
22354 14:54:28.329255 rt_sigaction(SIGALRM, {0x805cad0, ~[RTMIN RT_1], 0}, NULL, 8) = 0
22354 14:54:28.329268 alarm(300)        = 300
22354 14:54:28.329278 close(6)          = 0
22354 14:54:28.329294 alarm(0)          = 300
22354 14:54:28.329304 gettimeofday({1495652068, 329308}, NULL) = 0
22354 14:54:28.329320 gettimeofday({1495652068, 329324}, NULL) = 0
22354 14:54:28.329334 fcntl64(3, F_SETLKW64, {type=F_WRLCK, whence=SEEK_SET, start=0, len=0}, 0xbfb0e494) = 0
22354 14:54:28.329348 write(3, "Wed May 24 14:54:28 2017 [pid 22354] [msfadmin] OK UPLOAD: Client \"127.0.0.1\", \"/home/msfadmin/myfile8\", 17 bytes, 25.98Kbyte/sec\n", 130) = 130
22354 14:54:28.329370 fcntl64(3, F_SETLK64, {type=F_UNLCK, whence=SEEK_SET, start=0, len=0}, 0xbfb0e49c) = 0
22354 14:54:28.329384 write(0, "226 Transfer complete.\r\n", 24) = 24
22354 14:54:28.329427 write(5, "\n", 1 <unfinished ...>
22352 14:54:28.329436 <... read resumed> "\n", 1) = 1
22354 14:54:28.329441 <... write resumed> ) = 1
22352 14:54:28.329447 close(5)          = 0
22352 14:54:28.329459 write(4, "\1", 1) = 1
22352 14:54:28.329470 read(4,  <unfinished ...>
22354 14:54:28.329477 read(5, "\1", 1)  = 1
22354 14:54:28.329488 close(4)          = 0
22354 14:54:28.329498 rt_sigaction(SIGALRM, {0x805cad0, ~[RTMIN RT_1], 0}, NULL, 8) = 0
22354 14:54:28.329511 alarm(300)        = 0
22354 14:54:28.329522 recv(0,  <unfinished ...>
22357 14:54:28.556988 <... recv resumed> "USER msfadmin\r\n", 4096, MSG_PEEK) = 15
22357 14:54:28.557027 read(0, "USER msfadmin\r\n", 15) = 15
22357 14:54:28.557053 write(0, "331 Any password will do.\r\n", 27) = 27
22357 14:54:28.557097 rt_sigaction(SIGALRM, {0x805cad0, ~[RTMIN RT_1], 0}, NULL, 8) = 0
22357 14:54:28.557115 alarm(300)        = 299
22357 14:54:28.557128 recv(0, "PASS msfadmin\r\n", 4096, MSG_PEEK) = 15
22357 14:54:28.557140 read(0, "PASS msfadmin\r\n", 15) = 15
22357 14:54:28.557156 write(0, "230 Already logged in.\r\n", 24) = 24
22357 14:54:28.557217 rt_sigaction(SIGALRM, {0x805cad0, ~[RTMIN RT_1], 0}, NULL, 8) = 0
22357 14:54:28.557232 alarm(300)        = 300
22357 14:54:28.557244 recv(0, "TYPE I\r\n", 4096, MSG_PEEK) = 8
22357 14:54:28.557255 read(0, "TYPE I\r\n", 8) = 8
22357 14:54:28.557269 write(0, "200 Switching to Binary mode.\r\n", 31) = 31
22357 14:54:28.557304 rt_sigaction(SIGALRM, {0x805cad0, ~[RTMIN RT_1], 0}, NULL, 8) = 0
22357 14:54:28.557318 alarm(300)        = 300
22357 14:54:28.557329 recv(0, "PASV\r\n", 4096, MSG_PEEK) = 6
22357 14:54:28.557340 read(0, "PASV\r\n", 6) = 6
22357 14:54:28.557352 write(5, "\n", 1) = 1
22357 14:54:28.557364 read(5,  <unfinished ...>
22355 14:54:28.557373 <... read resumed> "\n", 1) = 1
22355 14:54:28.557382 write(4, "\1", 1) = 1
22357 14:54:28.557393 <... read resumed> "\1", 1) = 1
22357 14:54:28.557400 write(5, "\f", 1) = 1
22357 14:54:28.557410 read(5,  <unfinished ...>
22355 14:54:28.557417 read(4, "\f", 1)  = 1
22355 14:54:28.557429 socket(PF_INET, SOCK_STREAM, IPPROTO_TCP) = 5
22355 14:54:28.557444 setsockopt(5, SOL_SOCKET, SO_REUSEADDR, [1], 4) = 0
22355 14:54:28.557458 bind(5, {sa_family=AF_INET, sin_port=htons(49935), sin_addr=inet_addr("127.0.0.1")}, 16) = 0
22355 14:54:28.557475 listen(5, 1)      = 0
22355 14:54:28.557488 write(4, "\17\303\0\0", 4) = 4
22357 14:54:28.557499 <... read resumed> "\17\303\0\0", 4) = 4
22357 14:54:28.557511 write(0, "227 Entering Passive Mode (127,0,0,1,195,15).\r\n", 47) = 47
22357 14:54:28.557622 rt_sigaction(SIGALRM, {0x805cad0, ~[RTMIN RT_1], 0}, NULL, 8) = 0
22357 14:54:28.557638 alarm(300)        = 300
22357 14:54:28.557650 recv(0, "RETR myfile1\r\n", 4096, MSG_PEEK) = 14
22357 14:54:28.557662 read(0, "RETR myfile1\r\n", 14) = 14
22357 14:54:28.557674 write(5, "\v", 1) = 1
22357 14:54:28.557685 read(5,  <unfinished ...>
22355 14:54:28.557692 read(4, "\v", 1)  = 1
22355 14:54:28.557733 write(4, "\1\0\0\0", 4) = 4
22357 14:54:28.557748 <... read resumed> "\1\0\0\0", 4) = 4
22357 14:54:28.557765 gettimeofday({1495652068, 557769}, NULL) = 0
22357 14:54:28.557776 getcwd("/home/msfadmin", 4096) = 15
22357 14:54:28.557789 open("myfile1", O_RDONLY|O_NONBLOCK|O_LARGEFILE) = 4
22357 14:54:28.557810 fcntl64(4, F_SETLKW64, {type=F_RDLCK, whence=SEEK_SET, start=0, len=0}, 0xbfe63874) = 0
22357 14:54:28.557825 fstat64(4, {st_mode=S_IFREG|0644, st_size=17, ...}) = 0
22357 14:54:28.557842 fcntl64(4, F_GETFL) = 0x8800 (flags O_RDONLY|O_NONBLOCK|O_LARGEFILE)
22357 14:54:28.557853 fcntl64(4, F_SETFL, O_RDONLY|O_LARGEFILE) = 0
22357 14:54:28.557864 write(5, "\v", 1) = 1
22357 14:54:28.557875 read(5,  <unfinished ...>
22355 14:54:28.557882 read(4, "\v", 1)  = 1
22355 14:54:28.557893 write(4, "\1\0\0\0", 4) = 4
22357 14:54:28.557903 <... read resumed> "\1\0\0\0", 4) = 4
22357 14:54:28.557910 write(5, "\v", 1) = 1
22357 14:54:28.557920 read(5,  <unfinished ...>
22355 14:54:28.557927 read(4, "\v", 1)  = 1
22355 14:54:28.557937 write(4, "\1\0\0\0", 4) = 4
22357 14:54:28.557947 <... read resumed> "\1\0\0\0", 4) = 4
22357 14:54:28.557955 write(5, "\r", 1) = 1
22357 14:54:28.557964 read(5,  <unfinished ...>
22355 14:54:28.557971 read(4, "\r", 1)  = 1
22355 14:54:28.557983 select(6, [5], NULL, NULL, {60, 0}) = 1 (in [5], left {60, 0})
22355 14:54:28.557999 accept(5, {sa_family=AF_INET, sin_port=htons(36714), sin_addr=inet_addr("127.0.0.1")}, [16]) = 6
22355 14:54:28.558021 write(4, "\1", 1) = 1
22357 14:54:28.558031 <... read resumed> "\1", 1) = 1
22357 14:54:28.558040 recvmsg(5,  <unfinished ...>
22355 14:54:28.558048 sendmsg(4, {msg_name(0)=NULL, msg_iov(1)=[{"\0", 1}], msg_controllen=16, {cmsg_len=16, cmsg_level=SOL_SOCKET, cmsg_type=SCM_RIGHTS, {6}}, msg_flags=0}, 0) = 1
22357 14:54:28.558066 <... recvmsg resumed> {msg_name(0)=NULL, msg_iov(1)=[{"\0", 1}], msg_controllen=16, {cmsg_len=16, cmsg_level=SOL_SOCKET, cmsg_type=SCM_RIGHTS, {6}}, msg_flags=0}, 0) = 1
22357 14:54:28.558079 setsockopt(6, SOL_SOCKET, SO_KEEPALIVE, [1], 4) = 0
22357 14:54:28.558091 setsockopt(6, SOL_IP, IP_TOS, [8], 4) = 0
22357 14:54:28.558103 setsockopt(6, SOL_SOCKET, SO_LINGER, {onoff=1, linger=32767}, 8) = 0
22357 14:54:28.558114 rt_sigaction(SIGALRM, {0x805cad0, ~[RTMIN RT_1], 0}, NULL, 8) = 0
22357 14:54:28.558127 alarm(300)        = 300
22357 14:54:28.558140 write(0, "150 Opening BINARY mode data connection for myfile1 (17 bytes).\r\n", 65) = 65
22357 14:54:28.558182 _llseek(4, 0, [0], SEEK_CUR) = 0
22357 14:54:28.558194 fstat64(4, {st_mode=S_IFREG|0644, st_size=17, ...}) = 0
22357 14:54:28.558211 _llseek(4, 0, [0], SEEK_SET) = 0
22357 14:54:28.558222 sendfile(6, 4, NULL, 17) = 17
22357 14:54:28.558251 rt_sigaction(SIGALRM, {0x805cad0, ~[RTMIN RT_1], 0}, NULL, 8) = 0
22357 14:54:28.558266 alarm(300)        = 300
22357 14:54:28.558275 close(6)          = 0
22357 14:54:28.558285 alarm(0)          = 300
22357 14:54:28.558294 gettimeofday({1495652068, 558298}, NULL) = 0
22357 14:54:28.558310 gettimeofday({1495652068, 558314}, NULL) = 0
22357 14:54:28.558324 fcntl64(3, F_SETLKW64, {type=F_WRLCK, whence=SEEK_SET, start=0, len=0}, 0xbfe63814) = 0
22357 14:54:28.558338 write(3, "Wed May 24 14:54:28 2017 [pid 22357] [msfadmin] OK DOWNLOAD: Client \"127.0.0.1\", \"/home/msfadmin/myfile1\", 17 bytes, 30.46Kbyte/sec\n", 132) = 132
22357 14:54:28.558359 fcntl64(3, F_SETLK64, {type=F_UNLCK, whence=SEEK_SET, start=0, len=0}, 0xbfe6381c) = 0
22357 14:54:28.558373 write(0, "226 Transfer complete.\r\n", 24) = 24
22357 14:54:28.558388 write(5, "\n", 1) = 1
22357 14:54:28.558398 read(5,  <unfinished ...>
22355 14:54:28.558405 close(6)          = 0
22355 14:54:28.558487 read(4, "\n", 1)  = 1
22355 14:54:28.558500 close(5)          = 0
22355 14:54:28.558511 write(4, "\1", 1) = 1
22357 14:54:28.558522 <... read resumed> "\1", 1) = 1
22357 14:54:28.558530 close(4)          = 0
22357 14:54:28.558540 rt_sigaction(SIGALRM, {0x805cad0, ~[RTMIN RT_1], 0}, NULL, 8) = 0
22357 14:54:28.558553 alarm(300)        = 0
22357 14:54:28.558564 recv(0,  <unfinished ...>
22355 14:54:28.558572 read(4,  <unfinished ...>
22354 14:54:28.847947 <... recv resumed> "TYPE I\r\n", 4096, MSG_PEEK) = 8
22354 14:54:28.848002 read(0, "TYPE I\r\n", 8) = 8
22354 14:54:28.848048 write(0, "200 Switching to Binary mode.\r\n", 31) = 31
22354 14:54:28.848117 rt_sigaction(SIGALRM, {0x805cad0, ~[RTMIN RT_1], 0}, NULL, 8) = 0
22354 14:54:28.848145 alarm(300)        = 299
22354 14:54:28.848158 recv(0, "PASV\r\n", 4096, MSG_PEEK) = 6
22354 14:54:28.848170 read(0, "PASV\r\n", 6) = 6
22354 14:54:28.848182 write(5, "\n", 1 <unfinished ...>
22352 14:54:28.848194 <... read resumed> "\n", 1) = 1
22354 14:54:28.848199 <... write resumed> ) = 1
22352 14:54:28.848206 write(4, "\1", 1) = 1
22352 14:54:28.848218 read(4,  <unfinished ...>
22354 14:54:28.848225 read(5, "\1", 1)  = 1
22354 14:54:28.848236 write(5, "\f", 1 <unfinished ...>
22352 14:54:28.848244 <... read resumed> "\f", 1) = 1
22354 14:54:28.848248 <... write resumed> ) = 1
22352 14:54:28.848256 socket(PF_INET, SOCK_STREAM, IPPROTO_TCP) = 5
22352 14:54:28.848271 setsockopt(5, SOL_SOCKET, SO_REUSEADDR, [1], 4) = 0
22352 14:54:28.848285 bind(5, {sa_family=AF_INET, sin_port=htons(32770), sin_addr=inet_addr("127.0.0.1")}, 16) = 0
22352 14:54:28.848302 listen(5, 1)      = 0
22352 14:54:28.848315 write(4, "\2\200\0\0", 4) = 4
22352 14:54:28.848327 read(4,  <unfinished ...>
22354 14:54:28.848334 read(5, "\2\200\0\0", 4) = 4
22354 14:54:28.848350 write(0, "227 Entering Passive Mode (127,0,0,1,128,2).\r\n", 46) = 46
22354 14:54:28.848460 rt_sigaction(SIGALRM, {0x805cad0, ~[RTMIN RT_1], 0}, NULL, 8) = 0
22354 14:54:28.848477 alarm(300)        = 300
22354 14:54:28.848488 recv(0, "STOR myfile9\r\n", 4096, MSG_PEEK) = 14
22354 14:54:28.848500 read(0, "STOR myfile9\r\n", 14) = 14
22354 14:54:28.848514 write(5, "\v", 1 <unfinished ...>
22352 14:54:28.848522 <... read resumed> "\v", 1) = 1
22354 14:54:28.848527 <... write resumed> ) = 1
22352 14:54:28.848533 write(4, "\1\0\0\0", 4) = 4
22352 14:54:28.848544 read(4,  <unfinished ...>
22354 14:54:28.848551 read(5, "\1\0\0\0", 4) = 4
22354 14:54:28.848563 gettimeofday({1495652068, 848567}, NULL) = 0
22354 14:54:28.848574 getcwd("/home/msfadmin", 4096) = 15
22354 14:54:28.848586 open("myfile9", O_WRONLY|O_CREAT|O_NONBLOCK|O_LARGEFILE, 0666) = 4
22354 14:54:28.848600 fstat64(4, {st_mode=S_IFREG|0644, st_size=17, ...}) = 0
22354 14:54:28.848618 fcntl64(4, F_GETFL) = 0x8801 (flags O_WRONLY|O_NONBLOCK|O_LARGEFILE)
22354 14:54:28.848629 fcntl64(4, F_SETFL, O_WRONLY|O_LARGEFILE) = 0
22354 14:54:28.848639 fcntl64(4, F_SETLKW64, {type=F_WRLCK, whence=SEEK_SET, start=0, len=0}, 0xbfb0e4f4) = 0
22354 14:54:28.848665 ftruncate64(4, 0) = 0
22354 14:54:28.848688 _llseek(4, 0, [0], SEEK_SET) = 0
22354 14:54:28.848710 write(5, "\v", 1 <unfinished ...>
22352 14:54:28.848718 <... read resumed> "\v", 1) = 1
22354 14:54:28.848723 <... write resumed> ) = 1
22352 14:54:28.848729 write(4, "\1\0\0\0", 4) = 4
22352 14:54:28.848740 read(4,  <unfinished ...>
22354 14:54:28.848747 read(5, "\1\0\0\0", 4) = 4
22354 14:54:28.848759 write(5, "\v", 1 <unfinished ...>
22352 14:54:28.848766 <... read resumed> "\v", 1) = 1
22354 14:54:28.848770 <... write resumed> ) = 1
22352 14:54:28.848776 write(4, "\1\0\0\0", 4) = 4
22352 14:54:28.848787 read(4,  <unfinished ...>
22354 14:54:28.848793 read(5, "\1\0\0\0", 4) = 4
22354 14:54:28.848805 write(5, "\r", 1 <unfinished ...>
22352 14:54:28.848812 <... read resumed> "\r", 1) = 1
22354 14:54:28.848816 <... write resumed> ) = 1
22352 14:54:28.848823 select(6, [5], NULL, NULL, {60, 0}) = 1 (in [5], left {60, 0})
22352 14:54:28.848840 accept(5, {sa_family=AF_INET, sin_port=htons(59295), sin_addr=inet_addr("127.0.0.1")}, [16]) = 6
22352 14:54:28.848862 write(4, "\1", 1) = 1
22352 14:54:28.848873 sendmsg(4, {msg_name(0)=NULL, msg_iov(1)=[{"\0", 1}], msg_controllen=16, {cmsg_len=16, cmsg_level=SOL_SOCKET, cmsg_type=SCM_RIGHTS, {6}}, msg_flags=0}, 0) = 1
22352 14:54:28.848890 close(6)          = 0
22352 14:54:28.848900 read(4,  <unfinished ...>
22354 14:54:28.848907 read(5, "\1", 1)  = 1
22354 14:54:28.848920 recvmsg(5, {msg_name(0)=NULL, msg_iov(1)=[{"\0", 1}], msg_controllen=16, {cmsg_len=16, cmsg_level=SOL_SOCKET, cmsg_type=SCM_RIGHTS, {6}}, msg_flags=0}, 0) = 1
22354 14:54:28.848937 setsockopt(6, SOL_SOCKET, SO_KEEPALIVE, [1], 4) = 0
22354 14:54:28.848950 setsockopt(6, SOL_IP, IP_TOS, [8], 4) = 0
22354 14:54:28.848962 setsockopt(6, SOL_SOCKET, SO_LINGER, {onoff=1, linger=32767}, 8) = 0
22354 14:54:28.848977 rt_sigaction(SIGALRM, {0x805cad0, ~[RTMIN RT_1], 0}, NULL, 8) = 0
22354 14:54:28.848991 alarm(300)        = 300
22354 14:54:28.849003 write(0, "150 Ok to send data.\r\n", 22) = 22
22354 14:54:28.849068 read(6, "assasaaa\na\na\na\na\n", 65536) = 17
22354 14:54:28.849083 write(4, "assasaaa\na\na\na\na\n", 17) = 17
22354 14:54:28.849098 read(6, "", 65536) = 0
22354 14:54:28.849109 rt_sigaction(SIGALRM, {0x805cad0, ~[RTMIN RT_1], 0}, NULL, 8) = 0
22354 14:54:28.849122 alarm(300)        = 300
22354 14:54:28.849132 close(6)          = 0
22354 14:54:28.849148 alarm(0)          = 300
22354 14:54:28.849159 gettimeofday({1495652068, 849162}, NULL) = 0
22354 14:54:28.849174 gettimeofday({1495652068, 849178}, NULL) = 0
22354 14:54:28.849188 fcntl64(3, F_SETLKW64, {type=F_WRLCK, whence=SEEK_SET, start=0, len=0}, 0xbfb0e494) = 0
22354 14:54:28.849203 write(3, "Wed May 24 14:54:28 2017 [pid 22354] [msfadmin] OK UPLOAD: Client \"127.0.0.1\", \"/home/msfadmin/myfile9\", 17 bytes, 27.17Kbyte/sec\n", 130) = 130
22354 14:54:28.849224 fcntl64(3, F_SETLK64, {type=F_UNLCK, whence=SEEK_SET, start=0, len=0}, 0xbfb0e49c) = 0
22354 14:54:28.849238 write(0, "226 Transfer complete.\r\n", 24) = 24
22354 14:54:28.849281 write(5, "\n", 1 <unfinished ...>
22352 14:54:28.849290 <... read resumed> "\n", 1) = 1
22354 14:54:28.849295 <... write resumed> ) = 1
22352 14:54:28.849301 close(5)          = 0
22352 14:54:28.849313 write(4, "\1", 1) = 1
22352 14:54:28.849324 read(4,  <unfinished ...>
22354 14:54:28.849331 read(5, "\1", 1)  = 1
22354 14:54:28.849342 close(4)          = 0
22354 14:54:28.849352 rt_sigaction(SIGALRM, {0x805cad0, ~[RTMIN RT_1], 0}, NULL, 8) = 0
22354 14:54:28.849365 alarm(300)        = 0
22354 14:54:28.849376 recv(0,  <unfinished ...>
22357 14:54:29.127848 <... recv resumed> "USER msfadmin\r\n", 4096, MSG_PEEK) = 15
22357 14:54:29.128002 read(0, "USER msfadmin\r\n", 15) = 15
22357 14:54:29.128133 write(0, "331 Any password will do.\r\n", 27) = 27
22357 14:54:29.128237 rt_sigaction(SIGALRM, {0x805cad0, ~[RTMIN RT_1], 0}, NULL, 8) = 0
22357 14:54:29.128273 alarm(300)        = 299
22357 14:54:29.128299 recv(0, "PASS msfadmin\r\n", 4096, MSG_PEEK) = 15
22357 14:54:29.128319 read(0, "PASS msfadmin\r\n", 15) = 15
22357 14:54:29.128335 write(0, "230 Already logged in.\r\n", 24) = 24
22357 14:54:29.128397 rt_sigaction(SIGALRM, {0x805cad0, ~[RTMIN RT_1], 0}, NULL, 8) = 0
22357 14:54:29.128412 alarm(300)        = 300
22357 14:54:29.128423 recv(0, "TYPE I\r\n", 4096, MSG_PEEK) = 8
22357 14:54:29.128434 read(0, "TYPE I\r\n", 8) = 8
22357 14:54:29.128449 write(0, "200 Switching to Binary mode.\r\n", 31) = 31
22357 14:54:29.128484 rt_sigaction(SIGALRM, {0x805cad0, ~[RTMIN RT_1], 0}, NULL, 8) = 0
22357 14:54:29.128498 alarm(300)        = 300
22357 14:54:29.128509 recv(0, "PASV\r\n", 4096, MSG_PEEK) = 6
22357 14:54:29.128520 read(0, "PASV\r\n", 6) = 6
22357 14:54:29.128531 write(5, "\n", 1) = 1
22357 14:54:29.128544 read(5,  <unfinished ...>
22355 14:54:29.128552 <... read resumed> "\n", 1) = 1
22355 14:54:29.128561 write(4, "\1", 1) = 1
22357 14:54:29.128572 <... read resumed> "\1", 1) = 1
22357 14:54:29.128579 write(5, "\f", 1) = 1
22357 14:54:29.128589 read(5,  <unfinished ...>
22355 14:54:29.128595 read(4, "\f", 1)  = 1
22355 14:54:29.128607 socket(PF_INET, SOCK_STREAM, IPPROTO_TCP) = 5
22355 14:54:29.128622 setsockopt(5, SOL_SOCKET, SO_REUSEADDR, [1], 4) = 0
22355 14:54:29.128637 bind(5, {sa_family=AF_INET, sin_port=htons(25348), sin_addr=inet_addr("127.0.0.1")}, 16) = 0
22355 14:54:29.128653 listen(5, 1)      = 0
22355 14:54:29.128666 write(4, "\4c\0\0", 4) = 4
22357 14:54:29.128677 <... read resumed> "\4c\0\0", 4) = 4
22357 14:54:29.128689 write(0, "227 Entering Passive Mode (127,0,0,1,99,4).\r\n", 45) = 45
22357 14:54:29.128800 rt_sigaction(SIGALRM, {0x805cad0, ~[RTMIN RT_1], 0}, NULL, 8) = 0
22357 14:54:29.128816 alarm(300)        = 300
22357 14:54:29.128862 recv(0, "RETR myfile2\r\n", 4096, MSG_PEEK) = 14
22357 14:54:29.128877 read(0, "RETR myfile2\r\n", 14) = 14
22357 14:54:29.128908 write(5, "\v", 1) = 1
22357 14:54:29.128919 read(5,  <unfinished ...>
22355 14:54:29.128927 read(4, "\v", 1)  = 1
22355 14:54:29.128938 write(4, "\1\0\0\0", 4) = 4
22357 14:54:29.128948 <... read resumed> "\1\0\0\0", 4) = 4
22357 14:54:29.128956 gettimeofday({1495652069, 128960}, NULL) = 0
22357 14:54:29.128967 getcwd("/home/msfadmin", 4096) = 15
22357 14:54:29.128980 open("myfile2", O_RDONLY|O_NONBLOCK|O_LARGEFILE) = 4
22357 14:54:29.128993 fcntl64(4, F_SETLKW64, {type=F_RDLCK, whence=SEEK_SET, start=0, len=0}, 0xbfe63874) = 0
22357 14:54:29.129009 fstat64(4, {st_mode=S_IFREG|0644, st_size=17, ...}) = 0
22357 14:54:29.129026 fcntl64(4, F_GETFL) = 0x8800 (flags O_RDONLY|O_NONBLOCK|O_LARGEFILE)
22357 14:54:29.129037 fcntl64(4, F_SETFL, O_RDONLY|O_LARGEFILE) = 0
22357 14:54:29.129048 write(5, "\v", 1) = 1
22357 14:54:29.129059 read(5,  <unfinished ...>
22355 14:54:29.129066 read(4, "\v", 1)  = 1
22355 14:54:29.129077 write(4, "\1\0\0\0", 4) = 4
22357 14:54:29.129087 <... read resumed> "\1\0\0\0", 4) = 4
22357 14:54:29.129094 write(5, "\v", 1) = 1
22357 14:54:29.129104 read(5,  <unfinished ...>
22355 14:54:29.129110 read(4, "\v", 1)  = 1
22355 14:54:29.129121 write(4, "\1\0\0\0", 4) = 4
22357 14:54:29.129131 <... read resumed> "\1\0\0\0", 4) = 4
22357 14:54:29.129138 write(5, "\r", 1) = 1
22357 14:54:29.129148 read(5,  <unfinished ...>
22355 14:54:29.129154 read(4, "\r", 1)  = 1
22355 14:54:29.129166 select(6, [5], NULL, NULL, {60, 0}) = 1 (in [5], left {60, 0})
22355 14:54:29.129182 accept(5, {sa_family=AF_INET, sin_port=htons(55649), sin_addr=inet_addr("127.0.0.1")}, [16]) = 6
22355 14:54:29.129205 write(4, "\1", 1) = 1
22357 14:54:29.129215 <... read resumed> "\1", 1) = 1
22357 14:54:29.129224 recvmsg(5,  <unfinished ...>
22355 14:54:29.129232 sendmsg(4, {msg_name(0)=NULL, msg_iov(1)=[{"\0", 1}], msg_controllen=16, {cmsg_len=16, cmsg_level=SOL_SOCKET, cmsg_type=SCM_RIGHTS, {6}}, msg_flags=0}, 0) = 1
22357 14:54:29.129249 <... recvmsg resumed> {msg_name(0)=NULL, msg_iov(1)=[{"\0", 1}], msg_controllen=16, {cmsg_len=16, cmsg_level=SOL_SOCKET, cmsg_type=SCM_RIGHTS, {6}}, msg_flags=0}, 0) = 1
22357 14:54:29.129262 setsockopt(6, SOL_SOCKET, SO_KEEPALIVE, [1], 4) = 0
22357 14:54:29.129275 setsockopt(6, SOL_IP, IP_TOS, [8], 4) = 0
22357 14:54:29.129286 setsockopt(6, SOL_SOCKET, SO_LINGER, {onoff=1, linger=32767}, 8) = 0
22357 14:54:29.129298 rt_sigaction(SIGALRM, {0x805cad0, ~[RTMIN RT_1], 0}, NULL, 8) = 0
22357 14:54:29.129311 alarm(300)        = 300
22357 14:54:29.129324 write(0, "150 Opening BINARY mode data connection for myfile2 (17 bytes).\r\n", 65) = 65
22357 14:54:29.129365 _llseek(4, 0, [0], SEEK_CUR) = 0
22357 14:54:29.129377 fstat64(4, {st_mode=S_IFREG|0644, st_size=17, ...}) = 0
22357 14:54:29.129395 _llseek(4, 0, [0], SEEK_SET) = 0
22357 14:54:29.129405 sendfile(6, 4, NULL, 17) = 17
