21054 14:40:53.228124 mmap2(NULL, 1624, PROT_READ, MAP_SHARED, 5, 0) = 0xb7f05000
21054 14:40:53.228136 _llseek(5, 1624, [1624], SEEK_SET) = 0
21054 14:40:53.228165 munmap(0xb7f05000, 1624) = 0
21054 14:40:53.228175 close(5)          = 0
21054 14:40:53.228200 open("/etc/shadow", O_RDONLY|0x80000 /* O_??? */) = 5
21054 14:40:53.228217 _llseek(5, 0, [0], SEEK_CUR) = 0
21054 14:40:53.228227 fstat64(5, {st_mode=S_IFREG|0640, st_size=1233, ...}) = 0
21054 14:40:53.228243 mmap2(NULL, 1233, PROT_READ, MAP_SHARED, 5, 0) = 0xb7f05000
21054 14:40:53.228254 _llseek(5, 1233, [1233], SEEK_SET) = 0
21054 14:40:53.228273 munmap(0xb7f05000, 1233) = 0
21054 14:40:53.228282 close(5)          = 0
21054 14:40:53.228300 open("/etc/passwd", O_RDONLY|0x80000 /* O_??? */) = 5
21054 14:40:53.228313 _llseek(5, 0, [0], SEEK_CUR) = 0
21054 14:40:53.228323 fstat64(5, {st_mode=S_IFREG|0644, st_size=1624, ...}) = 0
21054 14:40:53.228339 mmap2(NULL, 1624, PROT_READ, MAP_SHARED, 5, 0) = 0xb7f05000
21054 14:40:53.228349 _llseek(5, 1624, [1624], SEEK_SET) = 0
21054 14:40:53.228365 munmap(0xb7f05000, 1624) = 0
21054 14:40:53.228374 close(5)          = 0
21054 14:40:53.228386 open("/etc/shadow", O_RDONLY|0x80000 /* O_??? */) = 5
21054 14:40:53.228398 _llseek(5, 0, [0], SEEK_CUR) = 0
21054 14:40:53.228409 fstat64(5, {st_mode=S_IFREG|0640, st_size=1233, ...}) = 0
21054 14:40:53.228424 mmap2(NULL, 1233, PROT_READ, MAP_SHARED, 5, 0) = 0xb7f05000
21054 14:40:53.228434 _llseek(5, 1233, [1233], SEEK_SET) = 0
21054 14:40:53.228450 munmap(0xb7f05000, 1233) = 0
21054 14:40:53.228460 close(5)          = 0
21054 14:40:53.228727 getuid32()        = 0
21054 14:40:53.228741 open("/etc/passwd", O_RDONLY|0x80000 /* O_??? */) = 5
21054 14:40:53.228754 _llseek(5, 0, [0], SEEK_CUR) = 0
21054 14:40:53.228764 fstat64(5, {st_mode=S_IFREG|0644, st_size=1624, ...}) = 0
21054 14:40:53.228780 mmap2(NULL, 1624, PROT_READ, MAP_SHARED, 5, 0) = 0xb7f05000
21054 14:40:53.228791 _llseek(5, 1624, [1624], SEEK_SET) = 0
21054 14:40:53.228806 munmap(0xb7f05000, 1624) = 0
21054 14:40:53.228816 close(5)          = 0
21054 14:40:53.228829 open("/etc/shadow", O_RDONLY|0x80000 /* O_??? */) = 5
21054 14:40:53.228841 _llseek(5, 0, [0], SEEK_CUR) = 0
21054 14:40:53.228851 fstat64(5, {st_mode=S_IFREG|0640, st_size=1233, ...}) = 0
21054 14:40:53.228867 mmap2(NULL, 1233, PROT_READ, MAP_SHARED, 5, 0) = 0xb7f05000
21054 14:40:53.228877 _llseek(5, 1233, [1233], SEEK_SET) = 0
21054 14:40:53.228893 munmap(0xb7f05000, 1233) = 0
21054 14:40:53.228903 close(5)          = 0
21054 14:40:53.228914 time(NULL)        = 1495651253
21054 14:40:53.228928 munmap(0xb7f02000, 12164) = 0
21054 14:40:53.228941 munmap(0xb7f00000, 7136) = 0
21054 14:40:53.228955 munmap(0xb7d35000, 95428) = 0
21054 14:40:53.228966 munmap(0xb7cfb000, 201052) = 0
21054 14:40:53.228977 munmap(0xb7ce2000, 101180) = 0
21054 14:40:53.228997 gettimeofday({1495651253, 229001}, NULL) = 0
21054 14:40:53.229008 stat64("/usr/share/zoneinfo/UTC+04:00", 0xbfddcf44) = -1 ENOENT (No such file or directory)
21054 14:40:53.229023 open("/usr/share/zoneinfo/UTC+04:00", O_RDONLY) = -1 ENOENT (No such file or directory)
21054 14:40:53.229048 fcntl64(3, F_SETLKW64, {type=F_WRLCK, whence=SEEK_SET, start=0, len=0}, 0xbfddd094) = 0
21054 14:40:53.229063 write(3, "Wed May 24 14:40:53 2017 [pid 21054] [msfadmin] OK LOGIN: Client \"127.0.0.1\"\n", 77) = 77
21054 14:40:53.229080 fcntl64(3, F_SETLK64, {type=F_UNLCK, whence=SEEK_SET, start=0, len=0}, 0xbfddd09c) = 0
21054 14:40:53.229082 rt_sigaction(SIGCHLD, {0x805cad0, ~[RTMIN RT_1], 0}, NULL, 8) = 0
21054 14:40:53.229082 write(4, "\1", 1 <unfinished ...>
21055 14:40:53.229087 <... read resumed> "\1", 1) = 1
21054 14:40:53.229092 <... write resumed> ) = 1
21055 14:40:53.229100 exit_group(0)     = ?
21054 14:40:53.229127 --- SIGCHLD (Child exited) @ 0 (0) ---
21054 14:40:53.229135 sigreturn()       = ? (mask now [])
21054 14:40:53.229154 wait4(-1, [{WIFEXITED(s) && WEXITSTATUS(s) == 0}], 0, NULL) = 21055
21054 14:40:53.229166 close(4)          = 0
21054 14:40:53.229178 socketpair(PF_FILE, SOCK_STREAM, 0, [4, 5]) = 0
21054 14:40:53.229191 rt_sigaction(SIGCHLD, {0x805cad0, ~[RTMIN RT_1], 0}, NULL, 8) = 0
21054 14:40:53.229205 rt_sigaction(SIGALRM, {0x805cb10, ~[RTMIN RT_1], 0}, NULL, 8) = 0
21054 14:40:53.229218 clone(child_stack=0, flags=CLONE_CHILD_CLEARTID|CLONE_CHILD_SETTID|SIGCHLD, child_tidptr=0xb7d6b6f8) = 21056
21056 14:40:53.229267 prctl(0x1, 0x9, 0, 0, 0) = 0
21056 14:40:53.229281 close(4)          = 0
21056 14:40:53.229308 open("/etc/passwd", O_RDONLY|0x80000 /* O_??? */) = 4
21056 14:40:53.229325 _llseek(4, 0, [0], SEEK_CUR) = 0
21056 14:40:53.229340 fstat64(4, {st_mode=S_IFREG|0644, st_size=1624, ...}) = 0
21056 14:40:53.229358 mmap2(NULL, 1624, PROT_READ, MAP_SHARED, 4, 0) = 0xb7f05000
21056 14:40:53.229369 _llseek(4, 1624, [1624], SEEK_SET) = 0
21056 14:40:53.229392 munmap(0xb7f05000, 1624) = 0
21056 14:40:53.229403 close(4)          = 0
21056 14:40:53.229416 getuid32()        = 0
21056 14:40:53.229426 open("/etc/passwd", O_RDONLY|0x80000 /* O_??? */) = 4
21056 14:40:53.229438 _llseek(4, 0, [0], SEEK_CUR) = 0
21056 14:40:53.229448 fstat64(4, {st_mode=S_IFREG|0644, st_size=1624, ...}) = 0
21056 14:40:53.229472 mmap2(NULL, 1624, PROT_READ, MAP_SHARED, 4, 0) = 0xb7f05000
21056 14:40:53.229504 _llseek(4, 1624, [1624], SEEK_SET) = 0
21056 14:40:53.229531 munmap(0xb7f05000, 1624) = 0
21056 14:40:53.229540 close(4)          = 0
21056 14:40:53.229566 open("/proc/sys/kernel/ngroups_max", O_RDONLY) = 4
21056 14:40:53.229586 read(4, "65536\n", 31) = 6
21056 14:40:53.229599 close(4)          = 0
21056 14:40:53.229612 socket(PF_FILE, SOCK_STREAM, 0) = 4
21056 14:40:53.229624 fcntl64(4, F_SETFL, O_RDWR|O_NONBLOCK) = 0
21056 14:40:53.229635 connect(4, {sa_family=AF_FILE, path="/var/run/nscd/socket"}, 110) = -1 ENOENT (No such file or directory)
21056 14:40:53.229655 close(4)          = 0
21056 14:40:53.229666 socket(PF_FILE, SOCK_STREAM, 0) = 4
21056 14:40:53.229676 fcntl64(4, F_SETFL, O_RDWR|O_NONBLOCK) = 0
21056 14:40:53.229686 connect(4, {sa_family=AF_FILE, path="/var/run/nscd/socket"}, 110) = -1 ENOENT (No such file or directory)
21056 14:40:53.229704 close(4)          = 0
21056 14:40:53.229728 open("/etc/group", O_RDONLY|0x80000 /* O_??? */) = 4
21056 14:40:53.229742 _llseek(4, 0, [0], SEEK_CUR) = 0
21056 14:40:53.229753 fstat64(4, {st_mode=S_IFREG|0644, st_size=886, ...}) = 0
21056 14:40:53.229768 mmap2(NULL, 886, PROT_READ, MAP_SHARED, 4, 0) = 0xb7f05000
21056 14:40:53.229779 _llseek(4, 886, [886], SEEK_SET) = 0
21056 14:40:53.229803 fstat64(4, {st_mode=S_IFREG|0644, st_size=886, ...}) = 0
21056 14:40:53.229820 munmap(0xb7f05000, 886) = 0
21056 14:40:53.229830 close(4)          = 0
21056 14:40:53.229839 setgroups32(13, [1000, 4, 20, 24, 25, 29, 30, 44, 46, 107, 111, 112, 119]) = 0
21056 14:40:53.229855 geteuid32()       = 0
21056 14:40:53.229866 getegid32()       = 0
21056 14:40:53.229880 setregid32(-1, 1000) = 0
21056 14:40:53.229891 setreuid32(-1, 1000) = 0
21056 14:40:53.229901 chdir("/home/msfadmin") = 0
21056 14:40:53.229913 setreuid32(-1, 0) = 0
21056 14:40:53.229922 setregid32(-1, 0) = 0
21056 14:40:53.229932 setgid32(1000)    = 0
21056 14:40:53.229942 setuid32(1000)    = 0
21056 14:40:53.229952 setrlimit(RLIMIT_NPROC, {rlim_cur=0, rlim_max=0}) = 0
21056 14:40:53.229990 mmap2(NULL, 12288, PROT_READ|PROT_WRITE, MAP_PRIVATE|MAP_ANONYMOUS, -1, 0) = 0xb7f03000
21056 14:40:53.230004 mprotect(0xb7f05000, 4096, PROT_NONE) = 0
21056 14:40:53.230025 mprotect(0xb7f03000, 4096, PROT_NONE) = 0
21056 14:40:53.230036 getcwd("/home/msfadmin", 4096) = 15
21056 14:40:53.230050 umask(022)        = 077
21056 14:40:53.230059 getcwd("/home/msfadmin", 4096) = 15
21056 14:40:53.230073 open(".message", O_RDONLY|O_NONBLOCK|O_LARGEFILE) = -1 ENOENT (No such file or directory)
21056 14:40:53.230095 write(0, "230 Login successful.\r\n", 23) = 23
21056 14:40:53.230174 rt_sigaction(SIGALRM, {0x805cad0, ~[RTMIN RT_1], 0}, NULL, 8) = 0
21056 14:40:53.230190 alarm(300)        = 0
21056 14:40:53.230201 mmap2(NULL, 12288, PROT_READ|PROT_WRITE, MAP_PRIVATE|MAP_ANONYMOUS, -1, 0) = 0xb7f00000
21056 14:40:53.230212 mprotect(0xb7f02000, 4096, PROT_NONE) = 0
21056 14:40:53.230223 mprotect(0xb7f00000, 4096, PROT_NONE) = 0
21056 14:40:53.230236 recv(0, "TYPE I\r\n", 4096, MSG_PEEK) = 8
21056 14:40:53.230249 read(0, "TYPE I\r\n", 8) = 8
21056 14:40:53.230265 write(0, "200 Switching to Binary mode.\r\n", 31) = 31
21056 14:40:53.230304 rt_sigaction(SIGALRM, {0x805cad0, ~[RTMIN RT_1], 0}, NULL, 8) = 0
21056 14:40:53.230318 alarm(300)        = 300
21056 14:40:53.230329 recv(0, "PASV\r\n", 4096, MSG_PEEK) = 6
21056 14:40:53.230340 read(0, "PASV\r\n", 6) = 6
21056 14:40:53.230352 write(5, "\n", 1) = 1
21056 14:40:53.230362 read(5,  <unfinished ...>
21054 14:40:53.230374 close(5)          = 0
21054 14:40:53.230388 getuid32()        = 0
21054 14:40:53.230403 open("/etc/passwd", O_RDONLY|0x80000 /* O_??? */) = 5
21054 14:40:53.230417 _llseek(5, 0, [0], SEEK_CUR) = 0
21054 14:40:53.230429 fstat64(5, {st_mode=S_IFREG|0644, st_size=1624, ...}) = 0
21054 14:40:53.230446 mmap2(NULL, 1624, PROT_READ, MAP_SHARED, 5, 0) = 0xb7f05000
21054 14:40:53.230484 _llseek(5, 1624, [1624], SEEK_SET) = 0
21054 14:40:53.230514 munmap(0xb7f05000, 1624) = 0
21054 14:40:53.230526 close(5)          = 0
21054 14:40:53.230541 setgroups32(0, []) = 0
21054 14:40:53.230552 chdir("/usr/share/empty") = 0
21054 14:40:53.230564 chroot(".")       = 0
21054 14:40:53.230575 capset(NULL, NULL) = -1 EFAULT (Bad address)
21054 14:40:53.230588 prctl(0x8, 0, 0xbfddd078, 0x80549a6, 0xbfddd060) = 0
21054 14:40:53.230599 prctl(0x8, 0x1, 0xbfddd078, 0x8054a49, 0xbfddd060) = 0
21054 14:40:53.230609 setgid32(65534)   = 0
21054 14:40:53.230618 setuid32(65534)   = 0
21054 14:40:53.230628 capset(0x19980330, 0, {CAP_NET_BIND_SERVICE, CAP_NET_BIND_SERVICE, 0}) = 0
21054 14:40:53.230640 read(4, "\n", 1)  = 1
21054 14:40:53.230654 write(4, "\1", 1) = 1
21056 14:40:53.230665 <... read resumed> "\1", 1) = 1
21056 14:40:53.230672 write(5, "\f", 1) = 1
21056 14:40:53.230682 read(5,  <unfinished ...>
21054 14:40:53.230688 read(4, "\f", 1)  = 1
21054 14:40:53.230701 socket(PF_INET, SOCK_STREAM, IPPROTO_TCP) = 5
21054 14:40:53.230714 setsockopt(5, SOL_SOCKET, SO_REUSEADDR, [1], 4) = 0
21054 14:40:53.230725 gettimeofday({1495651253, 230729}, NULL) = 0
21054 14:40:53.230741 bind(5, {sa_family=AF_INET, sin_port=htons(48761), sin_addr=inet_addr("127.0.0.1")}, 16) = 0
21054 14:40:53.230756 listen(5, 1)      = 0
21054 14:40:53.230770 write(4, "y\276\0\0", 4) = 4
21056 14:40:53.230780 <... read resumed> "y\276\0\0", 4) = 4
21056 14:40:53.230794 write(0, "227 Entering Passive Mode (127,0,0,1,190,121).\r\n", 48) = 48
21056 14:40:53.230891 rt_sigaction(SIGALRM, {0x805cad0, ~[RTMIN RT_1], 0}, NULL, 8) = 0
21056 14:40:53.230909 alarm(300)        = 300
21056 14:40:53.230920 recv(0, "STOR myfile4\r\n", 4096, MSG_PEEK) = 14
21056 14:40:53.230932 read(0, "STOR myfile4\r\n", 14) = 14
21056 14:40:53.230947 write(5, "\v", 1) = 1
21056 14:40:53.230991 read(5,  <unfinished ...>
21054 14:40:53.230999 read(4, "\v", 1)  = 1
21054 14:40:53.231020 write(4, "\1\0\0\0", 4) = 4
21056 14:40:53.231031 <... read resumed> "\1\0\0\0", 4) = 4
21056 14:40:53.231039 gettimeofday({1495651253, 231043}, NULL) = 0
21056 14:40:53.231050 getcwd("/home/msfadmin", 4096) = 15
21056 14:40:53.231063 open("myfile4", O_WRONLY|O_CREAT|O_NONBLOCK|O_LARGEFILE, 0666) = 4
21056 14:40:53.231076 fstat64(4, {st_mode=S_IFREG|0644, st_size=17, ...}) = 0
21056 14:40:53.231092 fcntl64(4, F_GETFL) = 0x8801 (flags O_WRONLY|O_NONBLOCK|O_LARGEFILE)
21056 14:40:53.231103 fcntl64(4, F_SETFL, O_WRONLY|O_LARGEFILE) = 0
21056 14:40:53.231113 fcntl64(4, F_SETLKW64, {type=F_WRLCK, whence=SEEK_SET, start=0, len=0}, 0xbfddcfc4) = 0
21056 14:40:53.231128 ftruncate64(4, 0) = 0
21056 14:40:53.231147 _llseek(4, 0, [0], SEEK_SET) = 0
21056 14:40:53.231158 write(5, "\v", 1) = 1
21056 14:40:53.231168 read(5,  <unfinished ...>
21054 14:40:53.231175 read(4, "\v", 1)  = 1
21054 14:40:53.231185 write(4, "\1\0\0\0", 4) = 4
21056 14:40:53.231196 <... read resumed> "\1\0\0\0", 4) = 4
21056 14:40:53.231203 write(5, "\v", 1) = 1
21056 14:40:53.231212 read(5,  <unfinished ...>
21054 14:40:53.231219 read(4, "\v", 1)  = 1
21054 14:40:53.231229 write(4, "\1\0\0\0", 4) = 4
21056 14:40:53.231239 <... read resumed> "\1\0\0\0", 4) = 4
21056 14:40:53.231246 write(5, "\r", 1) = 1
21056 14:40:53.231256 read(5,  <unfinished ...>
21054 14:40:53.231262 read(4, "\r", 1)  = 1
21054 14:40:53.231274 select(6, [5], NULL, NULL, {60, 0}) = 1 (in [5], left {60, 0})
21054 14:40:53.231290 accept(5, {sa_family=AF_INET, sin_port=htons(47573), sin_addr=inet_addr("127.0.0.1")}, [16]) = 6
21054 14:40:53.231312 write(4, "\1", 1) = 1
21056 14:40:53.231323 <... read resumed> "\1", 1) = 1
21056 14:40:53.231332 recvmsg(5,  <unfinished ...>
21054 14:40:53.231341 sendmsg(4, {msg_name(0)=NULL, msg_iov(1)=[{"\0", 1}], msg_controllen=16, {cmsg_len=16, cmsg_level=SOL_SOCKET, cmsg_type=SCM_RIGHTS, {6}}, msg_flags=0}, 0) = 1
21056 14:40:53.231358 <... recvmsg resumed> {msg_name(0)=NULL, msg_iov(1)=[{"\0", 1}], msg_controllen=16, {cmsg_len=16, cmsg_level=SOL_SOCKET, cmsg_type=SCM_RIGHTS, {6}}, msg_flags=0}, 0) = 1
21056 14:40:53.231371 setsockopt(6, SOL_SOCKET, SO_KEEPALIVE, [1], 4) = 0
21056 14:40:53.231383 setsockopt(6, SOL_IP, IP_TOS, [8], 4) = 0
21056 14:40:53.231394 setsockopt(6, SOL_SOCKET, SO_LINGER, {onoff=1, linger=32767}, 8) = 0
21056 14:40:53.231405 rt_sigaction(SIGALRM, {0x805cad0, ~[RTMIN RT_1], 0}, NULL, 8) = 0
21056 14:40:53.231418 alarm(300)        = 300
21056 14:40:53.231431 write(0, "150 Ok to send data.\r\n", 22) = 22
21056 14:40:53.231534 mmap2(NULL, 77824, PROT_READ|PROT_WRITE, MAP_PRIVATE|MAP_ANONYMOUS, -1, 0) = 0xb7d3a000
21056 14:40:53.231548 mprotect(0xb7d4c000, 4096, PROT_NONE) = 0
21056 14:40:53.231560 mprotect(0xb7d3a000, 4096, PROT_NONE) = 0
21056 14:40:53.231570 read(6, "assasaaa\na\na\na\na\n", 65536) = 17
21056 14:40:53.231583 write(4, "assasaaa\na\na\na\na\n", 17) = 17
21056 14:40:53.231598 read(6, "", 65536) = 0
21056 14:40:53.231609 rt_sigaction(SIGALRM, {0x805cad0, ~[RTMIN RT_1], 0}, NULL, 8) = 0
21056 14:40:53.231622 alarm(300)        = 300
21056 14:40:53.231632 close(6)          = 0
21056 14:40:53.231641 alarm(0)          = 300
21056 14:40:53.231650 gettimeofday({1495651253, 231654}, NULL) = 0
21056 14:40:53.231667 getpid()          = 21056
21056 14:40:53.231679 gettimeofday({1495651253, 231682}, NULL) = 0
21056 14:40:53.231697 fcntl64(3, F_SETLKW64, {type=F_WRLCK, whence=SEEK_SET, start=0, len=0}, 0xbfddcf64) = 0
21056 14:40:53.231711 write(3, "Wed May 24 14:40:53 2017 [pid 21056] [msfadmin] OK UPLOAD: Client \"127.0.0.1\", \"/home/msfadmin/myfile4\", 17 bytes, 25.98Kbyte/sec\n", 130) = 130
21056 14:40:53.231731 fcntl64(3, F_SETLK64, {type=F_UNLCK, whence=SEEK_SET, start=0, len=0}, 0xbfddcf6c) = 0
21056 14:40:53.231745 write(0, "226 Transfer complete.\r\n", 24) = 24
21056 14:40:53.231785 write(5, "\n", 1) = 1
21056 14:40:53.231797 read(5,  <unfinished ...>
21054 14:40:53.231804 close(6)          = 0
21054 14:40:53.231825 read(4, "\n", 1)  = 1
21054 14:40:53.231836 close(5)          = 0
21054 14:40:53.231847 write(4, "\1", 1) = 1
21056 14:40:53.231858 <... read resumed> "\1", 1) = 1
21056 14:40:53.231864 close(4)          = 0
21056 14:40:53.231875 rt_sigaction(SIGALRM, {0x805cad0, ~[RTMIN RT_1], 0}, NULL, 8) = 0
21056 14:40:53.231888 alarm(300)        = 0
21056 14:40:53.231898 recv(0,  <unfinished ...>
21054 14:40:53.231906 read(4,  <unfinished ...>
21053 14:40:53.569112 <... recv resumed> "USER msfadmin\r\n", 4096, MSG_PEEK) = 15
21053 14:40:53.569153 read(0, "USER msfadmin\r\n", 15) = 15
21053 14:40:53.569179 write(0, "331 Any password will do.\r\n", 27) = 27
21053 14:40:53.569226 rt_sigaction(SIGALRM, {0x805cad0, ~[RTMIN RT_1], 0}, NULL, 8) = 0
21053 14:40:53.569244 alarm(300)        = 299
21053 14:40:53.569258 recv(0, "PASS msfadmin\r\n", 4096, MSG_PEEK) = 15
21053 14:40:53.569270 read(0, "PASS msfadmin\r\n", 15) = 15
21053 14:40:53.569286 write(0, "230 Already logged in.\r\n", 24) = 24
21053 14:40:53.569350 rt_sigaction(SIGALRM, {0x805cad0, ~[RTMIN RT_1], 0}, NULL, 8) = 0
21053 14:40:53.569367 alarm(300)        = 300
21053 14:40:53.569378 recv(0, "TYPE I\r\n", 4096, MSG_PEEK) = 8
21053 14:40:53.569389 read(0, "TYPE I\r\n", 8) = 8
21053 14:40:53.569404 write(0, "200 Switching to Binary mode.\r\n", 31) = 31
21053 14:40:53.569440 rt_sigaction(SIGALRM, {0x805cad0, ~[RTMIN RT_1], 0}, NULL, 8) = 0
21053 14:40:53.569455 alarm(300)        = 300
21053 14:40:53.569466 recv(0, "PASV\r\n", 4096, MSG_PEEK) = 6
21053 14:40:53.569477 read(0, "PASV\r\n", 6) = 6
21053 14:40:53.569489 write(5, "\n", 1 <unfinished ...>
21051 14:40:53.569500 <... read resumed> "\n", 1) = 1
21053 14:40:53.569505 <... write resumed> ) = 1
21051 14:40:53.569513 write(4, "\1", 1) = 1
21051 14:40:53.569524 read(4,  <unfinished ...>
21053 14:40:53.569531 read(5, "\1", 1)  = 1
21053 14:40:53.569543 write(5, "\f", 1 <unfinished ...>
21051 14:40:53.569550 <... read resumed> "\f", 1) = 1
21053 14:40:53.569555 <... write resumed> ) = 1
21051 14:40:53.569562 socket(PF_INET, SOCK_STREAM, IPPROTO_TCP) = 5
21051 14:40:53.569577 setsockopt(5, SOL_SOCKET, SO_REUSEADDR, [1], 4) = 0
21051 14:40:53.569592 bind(5, {sa_family=AF_INET, sin_port=htons(17940), sin_addr=inet_addr("127.0.0.1")}, 16) = 0
21051 14:40:53.569609 listen(5, 1)      = 0
21051 14:40:53.569622 write(4, "\24F\0\0", 4) = 4
21051 14:40:53.569634 read(4,  <unfinished ...>
21053 14:40:53.569641 read(5, "\24F\0\0", 4) = 4
21053 14:40:53.569657 write(0, "227 Entering Passive Mode (127,0,0,1,70,20).\r\n", 46) = 46
21053 14:40:53.569771 rt_sigaction(SIGALRM, {0x805cad0, ~[RTMIN RT_1], 0}, NULL, 8) = 0
21053 14:40:53.569788 alarm(300)        = 300
21053 14:40:53.569800 recv(0, "RETR myfile22\r\n", 4096, MSG_PEEK) = 15
21053 14:40:53.569812 read(0, "RETR myfile22\r\n", 15) = 15
21053 14:40:53.569825 write(5, "\v", 1 <unfinished ...>
21051 14:40:53.569833 <... read resumed> "\v", 1) = 1
21053 14:40:53.569838 <... write resumed> ) = 1
21051 14:40:53.569845 write(4, "\1\0\0\0", 4) = 4
21051 14:40:53.569856 read(4,  <unfinished ...>
21053 14:40:53.569862 read(5, "\1\0\0\0", 4) = 4
21053 14:40:53.569874 gettimeofday({1495651253, 569878}, NULL) = 0
21053 14:40:53.569885 getcwd("/home/msfadmin", 4096) = 15
21053 14:40:53.569899 open("myfile22", O_RDONLY|O_NONBLOCK|O_LARGEFILE) = 4
21053 14:40:53.569912 fcntl64(4, F_SETLKW64, {type=F_RDLCK, whence=SEEK_SET, start=0, len=0}, 0xbfb55564) = 0
21053 14:40:53.569928 fstat64(4, {st_mode=S_IFREG|0644, st_size=17, ...}) = 0
21053 14:40:53.569945 fcntl64(4, F_GETFL) = 0x8800 (flags O_RDONLY|O_NONBLOCK|O_LARGEFILE)
21053 14:40:53.569956 fcntl64(4, F_SETFL, O_RDONLY|O_LARGEFILE) = 0
21053 14:40:53.569967 write(5, "\v", 1 <unfinished ...>
21051 14:40:53.570102 <... read resumed> "\v", 1) = 1
21053 14:40:53.570110 <... write resumed> ) = 1
21051 14:40:53.570116 write(4, "\1\0\0\0", 4) = 4
21051 14:40:53.570127 read(4,  <unfinished ...>
21053 14:40:53.570134 read(5, "\1\0\0\0", 4) = 4
21053 14:40:53.570146 write(5, "\v", 1 <unfinished ...>
21051 14:40:53.570153 <... read resumed> "\v", 1) = 1
21053 14:40:53.570165 <... write resumed> ) = 1
21051 14:40:53.570171 write(4, "\1\0\0\0", 4) = 4
21051 14:40:53.570182 read(4,  <unfinished ...>
21053 14:40:53.570189 read(5, "\1\0\0\0", 4) = 4
21053 14:40:53.570200 write(5, "\r", 1 <unfinished ...>
21051 14:40:53.570207 <... read resumed> "\r", 1) = 1
21053 14:40:53.570212 <... write resumed> ) = 1
21051 14:40:53.570219 select(6, [5], NULL, NULL, {60, 0}) = 1 (in [5], left {60, 0})
21051 14:40:53.570236 accept(5, {sa_family=AF_INET, sin_port=htons(51361), sin_addr=inet_addr("127.0.0.1")}, [16]) = 6
21051 14:40:53.570258 write(4, "\1", 1) = 1
21051 14:40:53.570271 sendmsg(4, {msg_name(0)=NULL, msg_iov(1)=[{"\0", 1}], msg_controllen=16, {cmsg_len=16, cmsg_level=SOL_SOCKET, cmsg_type=SCM_RIGHTS, {6}}, msg_flags=0}, 0) = 1
21051 14:40:53.570288 close(6)          = 0
21051 14:40:53.570298 read(4,  <unfinished ...>
21053 14:40:53.570305 read(5, "\1", 1)  = 1
21053 14:40:53.570317 recvmsg(5, {msg_name(0)=NULL, msg_iov(1)=[{"\0", 1}], msg_controllen=16, {cmsg_len=16, cmsg_level=SOL_SOCKET, cmsg_type=SCM_RIGHTS, {6}}, msg_flags=0}, 0) = 1
21053 14:40:53.570335 setsockopt(6, SOL_SOCKET, SO_KEEPALIVE, [1], 4) = 0
21053 14:40:53.570348 setsockopt(6, SOL_IP, IP_TOS, [8], 4) = 0
21053 14:40:53.570360 setsockopt(6, SOL_SOCKET, SO_LINGER, {onoff=1, linger=32767}, 8) = 0
21053 14:40:53.570371 rt_sigaction(SIGALRM, {0x805cad0, ~[RTMIN RT_1], 0}, NULL, 8) = 0
21053 14:40:53.570385 alarm(300)        = 300
21053 14:40:53.570398 write(0, "150 Opening BINARY mode data connection for myfile22 (17 bytes).\r\n", 66) = 66
21053 14:40:53.570440 _llseek(4, 0, [0], SEEK_CUR) = 0
21053 14:40:53.570453 fstat64(4, {st_mode=S_IFREG|0644, st_size=17, ...}) = 0
21053 14:40:53.570470 _llseek(4, 0, [0], SEEK_SET) = 0
21053 14:40:53.570481 sendfile(6, 4, NULL, 17) = 17
21053 14:40:53.570513 rt_sigaction(SIGALRM, {0x805cad0, ~[RTMIN RT_1], 0}, NULL, 8) = 0
21053 14:40:53.570527 alarm(300)        = 300
21053 14:40:53.570537 close(6)          = 0
21053 14:40:53.570574 alarm(0)          = 300
21053 14:40:53.570585 gettimeofday({1495651253, 570588}, NULL) = 0
21053 14:40:53.570601 gettimeofday({1495651253, 570605}, NULL) = 0
21053 14:40:53.570615 fcntl64(3, F_SETLKW64, {type=F_WRLCK, whence=SEEK_SET, start=0, len=0}, 0xbfb55504) = 0
21053 14:40:53.570630 write(3, "Wed May 24 14:40:53 2017 [pid 21053] [msfadmin] OK DOWNLOAD: Client \"127.0.0.1\", \"/home/msfadmin/myfile22\", 17 bytes, 22.84Kbyte/sec\n", 133) = 133
21053 14:40:53.570652 fcntl64(3, F_SETLK64, {type=F_UNLCK, whence=SEEK_SET, start=0, len=0}, 0xbfb5550c) = 0
21053 14:40:53.570667 write(0, "226 Transfer complete.\r\n", 24) = 24
21053 14:40:53.570732 write(5, "\n", 1 <unfinished ...>
21051 14:40:53.570742 <... read resumed> "\n", 1) = 1
21053 14:40:53.570747 <... write resumed> ) = 1
21051 14:40:53.570754 close(5)          = 0
21051 14:40:53.570766 write(4, "\1", 1) = 1
21051 14:40:53.570776 read(4,  <unfinished ...>
21053 14:40:53.570784 read(5, "\1", 1)  = 1
21053 14:40:53.570795 close(4)          = 0
21053 14:40:53.570805 rt_sigaction(SIGALRM, {0x805cad0, ~[RTMIN RT_1], 0}, NULL, 8) = 0
21053 14:40:53.570819 alarm(300)        = 0
21053 14:40:53.570830 recv(0,  <unfinished ...>
21056 14:40:53.779203 <... recv resumed> "TYPE I\r\n", 4096, MSG_PEEK) = 8
21056 14:40:53.779234 read(0, "TYPE I\r\n", 8) = 8
21056 14:40:53.779255 write(0, "200 Switching to Binary mode.\r\n", 31) = 31
21056 14:40:53.779303 rt_sigaction(SIGALRM, {0x805cad0, ~[RTMIN RT_1], 0}, NULL, 8) = 0
21056 14:40:53.779320 alarm(300)        = 299
21056 14:40:53.779332 recv(0, "PASV\r\n", 4096, MSG_PEEK) = 6
21056 14:40:53.779344 read(0, "PASV\r\n", 6) = 6
21056 14:40:53.779355 write(5, "\n", 1) = 1
21056 14:40:53.779368 read(5,  <unfinished ...>
21054 14:40:53.779376 <... read resumed> "\n", 1) = 1
21054 14:40:53.779385 write(4, "\1", 1) = 1
21056 14:40:53.779395 <... read resumed> "\1", 1) = 1
21056 14:40:53.779402 write(5, "\f", 1) = 1
21056 14:40:53.779412 read(5,  <unfinished ...>
21054 14:40:53.779418 read(4, "\f", 1)  = 1
21054 14:40:53.779430 socket(PF_INET, SOCK_STREAM, IPPROTO_TCP) = 5
21054 14:40:53.779453 setsockopt(5, SOL_SOCKET, SO_REUSEADDR, [1], 4) = 0
21054 14:40:53.779468 bind(5, {sa_family=AF_INET, sin_port=htons(55507), sin_addr=inet_addr("127.0.0.1")}, 16) = 0
21054 14:40:53.779485 listen(5, 1)      = 0
21054 14:40:53.779499 write(4, "\323\330\0\0", 4) = 4
21056 14:40:53.779510 <... read resumed> "\323\330\0\0", 4) = 4
21056 14:40:53.779522 write(0, "227 Entering Passive Mode (127,0,0,1,216,211).\r\n", 48) = 48
21056 14:40:53.779635 rt_sigaction(SIGALRM, {0x805cad0, ~[RTMIN RT_1], 0}, NULL, 8) = 0
21056 14:40:53.779651 alarm(300)        = 300
21056 14:40:53.779663 recv(0, "STOR myfile5\r\n", 4096, MSG_PEEK) = 14
21056 14:40:53.779675 read(0, "STOR myfile5\r\n", 14) = 14
21056 14:40:53.779688 write(5, "\v", 1) = 1
21056 14:40:53.779698 read(5,  <unfinished ...>
21054 14:40:53.779705 read(4, "\v", 1)  = 1
21054 14:40:53.779716 write(4, "\1\0\0\0", 4) = 4
21056 14:40:53.779726 <... read resumed> "\1\0\0\0", 4) = 4
21056 14:40:53.779734 gettimeofday({1495651253, 779737}, NULL) = 0
21056 14:40:53.779745 getcwd("/home/msfadmin", 4096) = 15
21056 14:40:53.779757 open("myfile5", O_WRONLY|O_CREAT|O_NONBLOCK|O_LARGEFILE, 0666) = 4
21056 14:40:53.779771 fstat64(4, {st_mode=S_IFREG|0644, st_size=17, ...}) = 0
21056 14:40:53.779788 fcntl64(4, F_GETFL) = 0x8801 (flags O_WRONLY|O_NONBLOCK|O_LARGEFILE)
21056 14:40:53.779799 fcntl64(4, F_SETFL, O_WRONLY|O_LARGEFILE) = 0
21056 14:40:53.779810 fcntl64(4, F_SETLKW64, {type=F_WRLCK, whence=SEEK_SET, start=0, len=0}, 0xbfddcfc4) = 0
21056 14:40:53.779824 ftruncate64(4, 0) = 0
21056 14:40:53.779843 _llseek(4, 0, [0], SEEK_SET) = 0
21056 14:40:53.779854 write(5, "\v", 1) = 1
21056 14:40:53.779864 read(5,  <unfinished ...>
21054 14:40:53.779871 read(4, "\v", 1)  = 1
21054 14:40:53.779882 write(4, "\1\0\0\0", 4) = 4
21056 14:40:53.779916 <... read resumed> "\1\0\0\0", 4) = 4
21056 14:40:53.779925 write(5, "\v", 1) = 1
21056 14:40:53.779947 read(5,  <unfinished ...>
21054 14:40:53.779953 read(4, "\v", 1)  = 1
21054 14:40:53.779964 write(4, "\1\0\0\0", 4) = 4
21056 14:40:53.779973 <... read resumed> "\1\0\0\0", 4) = 4
21056 14:40:53.779981 write(5, "\r", 1) = 1
21056 14:40:53.779990 read(5,  <unfinished ...>
21054 14:40:53.779996 read(4, "\r", 1)  = 1
21054 14:40:53.780008 select(6, [5], NULL, NULL, {60, 0}) = 1 (in [5], left {60, 0})
21054 14:40:53.780024 accept(5, {sa_family=AF_INET, sin_port=htons(35052), sin_addr=inet_addr("127.0.0.1")}, [16]) = 6
21054 14:40:53.780047 write(4, "\1", 1) = 1
21056 14:40:53.780057 <... read resumed> "\1", 1) = 1
21056 14:40:53.780065 recvmsg(5,  <unfinished ...>
21054 14:40:53.780074 sendmsg(4, {msg_name(0)=NULL, msg_iov(1)=[{"\0", 1}], msg_controllen=16, {cmsg_len=16, cmsg_level=SOL_SOCKET, cmsg_type=SCM_RIGHTS, {6}}, msg_flags=0}, 0) = 1
21056 14:40:53.780091 <... recvmsg resumed> {msg_name(0)=NULL, msg_iov(1)=[{"\0", 1}], msg_controllen=16, {cmsg_len=16, cmsg_level=SOL_SOCKET, cmsg_type=SCM_RIGHTS, {6}}, msg_flags=0}, 0) = 1
21056 14:40:53.780104 setsockopt(6, SOL_SOCKET, SO_KEEPALIVE, [1], 4) = 0
21056 14:40:53.780116 setsockopt(6, SOL_IP, IP_TOS, [8], 4) = 0
21056 14:40:53.780128 setsockopt(6, SOL_SOCKET, SO_LINGER, {onoff=1, linger=32767}, 8) = 0
21056 14:40:53.780139 rt_sigaction(SIGALRM, {0x805cad0, ~[RTMIN RT_1], 0}, NULL, 8) = 0
21056 14:40:53.780152 alarm(300)        = 300
21056 14:40:53.780164 write(0, "150 Ok to send data.\r\n", 22) = 22
21056 14:40:53.780230 read(6, "assasaaa\na\na\na\na\n", 65536) = 17
21056 14:40:53.780244 write(4, "assasaaa\na\na\na\na\n", 17) = 17
21056 14:40:53.780260 read(6, "", 65536) = 0
21056 14:40:53.780270 rt_sigaction(SIGALRM, {0x805cad0, ~[RTMIN RT_1], 0}, NULL, 8) = 0
21056 14:40:53.780283 alarm(300)        = 300
21056 14:40:53.780293 close(6)          = 0
21056 14:40:53.780302 alarm(0)          = 300
21056 14:40:53.780311 gettimeofday({1495651253, 780315}, NULL) = 0
21056 14:40:53.780326 gettimeofday({1495651253, 780330}, NULL) = 0
21056 14:40:53.780341 fcntl64(3, F_SETLKW64, {type=F_WRLCK, whence=SEEK_SET, start=0, len=0}, 0xbfddcf64) = 0
21056 14:40:53.780355 write(3, "Wed May 24 14:40:53 2017 [pid 21056] [msfadmin] OK UPLOAD: Client \"127.0.0.1\", \"/home/msfadmin/myfile5\", 17 bytes, 28.00Kbyte/sec\n", 130) = 130
21056 14:40:53.780379 fcntl64(3, F_SETLK64, {type=F_UNLCK, whence=SEEK_SET, start=0, len=0}, 0xbfddcf6c) = 0
21056 14:40:53.780394 write(0, "226 Transfer complete.\r\n", 24) = 24
21056 14:40:53.780436 write(5, "\n", 1) = 1
21056 14:40:53.780448 read(5,  <unfinished ...>
21054 14:40:53.780455 close(6)          = 0
21054 14:40:53.780472 read(4, "\n", 1)  = 1
21054 14:40:53.780483 close(5)          = 0
21054 14:40:53.780494 write(4, "\1", 1) = 1
21056 14:40:53.780505 <... read resumed> "\1", 1) = 1
21056 14:40:53.780511 close(4)          = 0
21056 14:40:53.780522 rt_sigaction(SIGALRM, {0x805cad0, ~[RTMIN RT_1], 0}, NULL, 8) = 0
21056 14:40:53.780535 alarm(300)        = 0
21056 14:40:53.780546 recv(0,  <unfinished ...>
21054 14:40:53.780553 read(4,  <unfinished ...>
21053 14:40:54.090275 <... recv resumed> "USER msfadmin\r\n", 4096, MSG_PEEK) = 15
21053 14:40:54.090442 read(0, "USER msfadmin\r\n", 15) = 15
21053 14:40:54.090582 write(0, "331 Any password will do.\r\n", 27) = 27
21053 14:40:54.090693 rt_sigaction(SIGALRM, {0x805cad0, ~[RTMIN RT_1], 0}, NULL, 8) = 0
21053 14:40:54.090730 alarm(300)        = 299
21053 14:40:54.090758 recv(0, "PASS msfadmin\r\n", 4096, MSG_PEEK) = 15
21053 14:40:54.090778 read(0, "PASS msfadmin\r\n", 15) = 15
21053 14:40:54.090794 write(0, "230 Already logged in.\r\n", 24) = 24
21053 14:40:54.090857 rt_sigaction(SIGALRM, {0x805cad0, ~[RTMIN RT_1], 0}, NULL, 8) = 0
21053 14:40:54.090872 alarm(300)        = 300
21053 14:40:54.090883 recv(0, "TYPE I\r\n", 4096, MSG_PEEK) = 8
21053 14:40:54.090894 read(0, "TYPE I\r\n", 8) = 8
21053 14:40:54.090909 write(0, "200 Switching to Binary mode.\r\n", 31) = 31
21053 14:40:54.090944 rt_sigaction(SIGALRM, {0x805cad0, ~[RTMIN RT_1], 0}, NULL, 8) = 0
21053 14:40:54.090958 alarm(300)        = 300
21053 14:40:54.090969 recv(0, "PASV\r\n", 4096, MSG_PEEK) = 6
21053 14:40:54.090980 read(0, "PASV\r\n", 6) = 6
21053 14:40:54.090991 write(5, "\n", 1 <unfinished ...>
21051 14:40:54.091002 <... read resumed> "\n", 1) = 1
21053 14:40:54.091008 <... write resumed> ) = 1
21051 14:40:54.091015 write(4, "\1", 1) = 1
21051 14:40:54.091026 read(4,  <unfinished ...>
21053 14:40:54.091033 read(5, "\1", 1)  = 1
21053 14:40:54.091044 write(5, "\f", 1 <unfinished ...>
21051 14:40:54.091051 <... read resumed> "\f", 1) = 1
21053 14:40:54.091055 <... write resumed> ) = 1
21051 14:40:54.091063 socket(PF_INET, SOCK_STREAM, IPPROTO_TCP) = 5
21051 14:40:54.091078 setsockopt(5, SOL_SOCKET, SO_REUSEADDR, [1], 4) = 0
21051 14:40:54.091093 bind(5, {sa_family=AF_INET, sin_port=htons(53675), sin_addr=inet_addr("127.0.0.1")}, 16) = 0
21051 14:40:54.091109 listen(5, 1)      = 0
21051 14:40:54.091123 write(4, "\253\321\0\0", 4) = 4
21051 14:40:54.091134 read(4,  <unfinished ...>
21053 14:40:54.091140 read(5, "\253\321\0\0", 4) = 4
21053 14:40:54.091156 write(0, "227 Entering Passive Mode (127,0,0,1,209,171).\r\n", 48) = 48
21053 14:40:54.091268 rt_sigaction(SIGALRM, {0x805cad0, ~[RTMIN RT_1], 0}, NULL, 8) = 0
21053 14:40:54.091284 alarm(300)        = 300
21053 14:40:54.091296 recv(0, "RETR myfile23\r\n", 4096, MSG_PEEK) = 15
21053 14:40:54.091308 read(0, "RETR myfile23\r\n", 15) = 15
21053 14:40:54.091320 write(5, "\v", 1 <unfinished ...>
21051 14:40:54.091328 <... read resumed> "\v", 1) = 1
21053 14:40:54.091333 <... write resumed> ) = 1
21051 14:40:54.091339 write(4, "\1\0\0\0", 4) = 4
21051 14:40:54.091350 read(4,  <unfinished ...>
21053 14:40:54.091357 read(5, "\1\0\0\0", 4) = 4
21053 14:40:54.091390 gettimeofday({1495651254, 91395}, NULL) = 0
21053 14:40:54.091403 getcwd("/home/msfadmin", 4096) = 15
21053 14:40:54.091429 open("myfile23", O_RDONLY|O_NONBLOCK|O_LARGEFILE) = 4
21053 14:40:54.091443 fcntl64(4, F_SETLKW64, {type=F_RDLCK, whence=SEEK_SET, start=0, len=0}, 0xbfb55564) = 0
21053 14:40:54.091458 fstat64(4, {st_mode=S_IFREG|0644, st_size=17, ...}) = 0
21053 14:40:54.091475 fcntl64(4, F_GETFL) = 0x8800 (flags O_RDONLY|O_NONBLOCK|O_LARGEFILE)
21053 14:40:54.091493 fcntl64(4, F_SETFL, O_RDONLY|O_LARGEFILE) = 0
21053 14:40:54.091505 write(5, "\v", 1 <unfinished ...>
21051 14:40:54.091513 <... read resumed> "\v", 1) = 1
21053 14:40:54.091518 <... write resumed> ) = 1
21051 14:40:54.091524 write(4, "\1\0\0\0", 4) = 4
21051 14:40:54.091534 read(4,  <unfinished ...>
21053 14:40:54.091541 read(5, "\1\0\0\0", 4) = 4
21053 14:40:54.091552 write(5, "\v", 1 <unfinished ...>
21051 14:40:54.091559 <... read resumed> "\v", 1) = 1
21053 14:40:54.091564 <... write resumed> ) = 1
21051 14:40:54.091569 write(4, "\1\0\0\0", 4) = 4
21051 14:40:54.091580 read(4,  <unfinished ...>
21053 14:40:54.091586 read(5, "\1\0\0\0", 4) = 4
21053 14:40:54.091597 write(5, "\r", 1 <unfinished ...>
21051 14:40:54.091604 <... read resumed> "\r", 1) = 1
21053 14:40:54.091608 <... write resumed> ) = 1
21051 14:40:54.091615 select(6, [5], NULL, NULL, {60, 0}) = 1 (in [5], left {60, 0})
21051 14:40:54.091631 accept(5, {sa_family=AF_INET, sin_port=htons(40608), sin_addr=inet_addr("127.0.0.1")}, [16]) = 6
21051 14:40:54.091653 write(4, "\1", 1) = 1
21051 14:40:54.091665 sendmsg(4, {msg_name(0)=NULL, msg_iov(1)=[{"\0", 1}], msg_controllen=16, {cmsg_len=16, cmsg_level=SOL_SOCKET, cmsg_type=SCM_RIGHTS, {6}}, msg_flags=0}, 0) = 1
21051 14:40:54.091681 close(6)          = 0
21051 14:40:54.091691 read(4,  <unfinished ...>
21053 14:40:54.091698 read(5, "\1", 1)  = 1
21053 14:40:54.091710 recvmsg(5, {msg_name(0)=NULL, msg_iov(1)=[{"\0", 1}], msg_controllen=16, {cmsg_len=16, cmsg_level=SOL_SOCKET, cmsg_type=SCM_RIGHTS, {6}}, msg_flags=0}, 0) = 1
21053 14:40:54.091727 setsockopt(6, SOL_SOCKET, SO_KEEPALIVE, [1], 4) = 0
21053 14:40:54.091739 setsockopt(6, SOL_IP, IP_TOS, [8], 4) = 0
21053 14:40:54.091751 setsockopt(6, SOL_SOCKET, SO_LINGER, {onoff=1, linger=32767}, 8) = 0
21053 14:40:54.091762 rt_sigaction(SIGALRM, {0x805cad0, ~[RTMIN RT_1], 0}, NULL, 8) = 0
21053 14:40:54.091775 alarm(300)        = 300
21053 14:40:54.091788 write(0, "150 Opening BINARY mode data connection for myfile23 (17 bytes).\r\n", 66) = 66
21053 14:40:54.091829 _llseek(4, 0, [0], SEEK_CUR) = 0
21053 14:40:54.091842 fstat64(4, {st_mode=S_IFREG|0644, st_size=17, ...}) = 0
21053 14:40:54.091858 _llseek(4, 0, [0], SEEK_SET) = 0
21053 14:40:54.091869 sendfile(6, 4, NULL, 17) = 17
21053 14:40:54.091899 rt_sigaction(SIGALRM, {0x805cad0, ~[RTMIN RT_1], 0}, NULL, 8) = 0
21053 14:40:54.091913 alarm(300)        = 300
21053 14:40:54.091923 close(6)          = 0
21053 14:40:54.091959 alarm(0)          = 300
21053 14:40:54.091969 gettimeofday({1495651254, 91973}, NULL) = 0
21053 14:40:54.091984 gettimeofday({1495651254, 91989}, NULL) = 0
21053 14:40:54.091999 fcntl64(3, F_SETLKW64, {type=F_WRLCK, whence=SEEK_SET, start=0, len=0}, 0xbfb55504) = 0
21053 14:40:54.092014 write(3, "Wed May 24 14:40:54 2017 [pid 21053] [msfadmin] OK DOWNLOAD: Client \"127.0.0.1\", \"/home/msfadmin/myfile23\", 17 bytes, 27.95Kbyte/sec\n", 133) = 133
21053 14:40:54.092035 fcntl64(3, F_SETLK64, {type=F_UNLCK, whence=SEEK_SET, start=0, len=0}, 0xbfb5550c) = 0
21053 14:40:54.092049 write(0, "226 Transfer complete.\r\n", 24) = 24
21053 14:40:54.092113 write(5, "\n", 1 <unfinished ...>
21051 14:40:54.092123 <... read resumed> "\n", 1) = 1
21053 14:40:54.092128 <... write resumed> ) = 1
21051 14:40:54.092134 close(5)          = 0
21051 14:40:54.092146 write(4, "\1", 1) = 1
21051 14:40:54.092157 read(4,  <unfinished ...>
21053 14:40:54.092164 read(5, "\1", 1)  = 1
21053 14:40:54.092174 close(4)          = 0
21053 14:40:54.092185 rt_sigaction(SIGALRM, {0x805cad0, ~[RTMIN RT_1], 0}, NULL, 8) = 0
21053 14:40:54.092198 alarm(300)        = 0
21053 14:40:54.092209 recv(0,  <unfinished ...>
21056 14:40:54.329240 <... recv resumed> "TYPE I\r\n", 4096, MSG_PEEK) = 8
21056 14:40:54.329270 read(0, "TYPE I\r\n", 8) = 8
21056 14:40:54.329291 write(0, "200 Switching to Binary mode.\r\n", 31) = 31
21056 14:40:54.329339 rt_sigaction(SIGALRM, {0x805cad0, ~[RTMIN RT_1], 0}, NULL, 8) = 0
21056 14:40:54.329357 alarm(300)        = 299
21056 14:40:54.329370 recv(0, "PASV\r\n", 4096, MSG_PEEK) = 6
21056 14:40:54.329381 read(0, "PASV\r\n", 6) = 6
21056 14:40:54.329401 write(5, "\n", 1) = 1
21056 14:40:54.329413 read(5,  <unfinished ...>
21054 14:40:54.329422 <... read resumed> "\n", 1) = 1
21054 14:40:54.329431 write(4, "\1", 1) = 1
21056 14:40:54.329441 <... read resumed> "\1", 1) = 1
21056 14:40:54.329448 write(5, "\f", 1) = 1
21056 14:40:54.329458 read(5,  <unfinished ...>
21054 14:40:54.329464 read(4, "\f", 1)  = 1
21054 14:40:54.329490 socket(PF_INET, SOCK_STREAM, IPPROTO_TCP) = 5
21054 14:40:54.329507 setsockopt(5, SOL_SOCKET, SO_REUSEADDR, [1], 4) = 0
21054 14:40:54.329521 bind(5, {sa_family=AF_INET, sin_port=htons(64453), sin_addr=inet_addr("127.0.0.1")}, 16) = 0
21054 14:40:54.329538 listen(5, 1)      = 0
21054 14:40:54.329551 write(4, "\305\373\0\0", 4) = 4
21056 14:40:54.329562 <... read resumed> "\305\373\0\0", 4) = 4
21056 14:40:54.329574 write(0, "227 Entering Passive Mode (127,0,0,1,251,197).\r\n", 48) = 48
21056 14:40:54.329688 rt_sigaction(SIGALRM, {0x805cad0, ~[RTMIN RT_1], 0}, NULL, 8) = 0
21056 14:40:54.329704 alarm(300)        = 300
21056 14:40:54.329716 recv(0, "STOR myfile6\r\n", 4096, MSG_PEEK) = 14
21056 14:40:54.329728 read(0, "STOR myfile6\r\n", 14) = 14
21056 14:40:54.329741 write(5, "\v", 1) = 1
21056 14:40:54.329751 read(5,  <unfinished ...>
21054 14:40:54.329758 read(4, "\v", 1)  = 1
21054 14:40:54.329769 write(4, "\1\0\0\0", 4) = 4
21056 14:40:54.329779 <... read resumed> "\1\0\0\0", 4) = 4
21056 14:40:54.329787 gettimeofday({1495651254, 329791}, NULL) = 0
21056 14:40:54.329798 getcwd("/home/msfadmin", 4096) = 15
21056 14:40:54.329811 open("myfile6", O_WRONLY|O_CREAT|O_NONBLOCK|O_LARGEFILE, 0666) = 4
21056 14:40:54.329825 fstat64(4, {st_mode=S_IFREG|0644, st_size=17, ...}) = 0
21056 14:40:54.329842 fcntl64(4, F_GETFL) = 0x8801 (flags O_WRONLY|O_NONBLOCK|O_LARGEFILE)
21056 14:40:54.329853 fcntl64(4, F_SETFL, O_WRONLY|O_LARGEFILE) = 0
21056 14:40:54.329863 fcntl64(4, F_SETLKW64, {type=F_WRLCK, whence=SEEK_SET, start=0, len=0}, 0xbfddcfc4) = 0
21056 14:40:54.329877 ftruncate64(4, 0) = 0
21056 14:40:54.329896 _llseek(4, 0, [0], SEEK_SET) = 0
21056 14:40:54.329907 write(5, "\v", 1) = 1
21056 14:40:54.329917 read(5,  <unfinished ...>
21054 14:40:54.329924 read(4, "\v", 1)  = 1
21054 14:40:54.329935 write(4, "\1\0\0\0", 4) = 4
21056 14:40:54.329945 <... read resumed> "\1\0\0\0", 4) = 4
21056 14:40:54.329952 write(5, "\v", 1) = 1
21056 14:40:54.329961 read(5,  <unfinished ...>
21054 14:40:54.329988 read(4, "\v", 1)  = 1
21054 14:40:54.329999 write(4, "\1\0\0\0", 4) = 4
21056 14:40:54.330010 <... read resumed> "\1\0\0\0", 4) = 4
21056 14:40:54.330026 write(5, "\r", 1) = 1
21056 14:40:54.330036 read(5,  <unfinished ...>
21054 14:40:54.330042 read(4, "\r", 1)  = 1
21054 14:40:54.330054 select(6, [5], NULL, NULL, {60, 0}) = 1 (in [5], left {60, 0})
21054 14:40:54.330070 accept(5, {sa_family=AF_INET, sin_port=htons(60964), sin_addr=inet_addr("127.0.0.1")}, [16]) = 6
21054 14:40:54.330092 write(4, "\1", 1) = 1
21056 14:40:54.330102 <... read resumed> "\1", 1) = 1
21056 14:40:54.330110 recvmsg(5,  <unfinished ...>
21054 14:40:54.330119 sendmsg(4, {msg_name(0)=NULL, msg_iov(1)=[{"\0", 1}], msg_controllen=16, {cmsg_len=16, cmsg_level=SOL_SOCKET, cmsg_type=SCM_RIGHTS, {6}}, msg_flags=0}, 0) = 1
21056 14:40:54.330136 <... recvmsg resumed> {msg_name(0)=NULL, msg_iov(1)=[{"\0", 1}], msg_controllen=16, {cmsg_len=16, cmsg_level=SOL_SOCKET, cmsg_type=SCM_RIGHTS, {6}}, msg_flags=0}, 0) = 1
21056 14:40:54.330148 setsockopt(6, SOL_SOCKET, SO_KEEPALIVE, [1], 4) = 0
21056 14:40:54.330161 setsockopt(6, SOL_IP, IP_TOS, [8], 4) = 0
21056 14:40:54.330172 setsockopt(6, SOL_SOCKET, SO_LINGER, {onoff=1, linger=32767}, 8) = 0
21056 14:40:54.330183 rt_sigaction(SIGALRM, {0x805cad0, ~[RTMIN RT_1], 0}, NULL, 8) = 0
21056 14:40:54.330196 alarm(300)        = 300
21056 14:40:54.330209 write(0, "150 Ok to send data.\r\n", 22) = 22
21056 14:40:54.330275 read(6, "assasaaa\na\na\na\na\n", 65536) = 17
21056 14:40:54.330289 write(4, "assasaaa\na\na\na\na\n", 17) = 17
21056 14:40:54.330305 read(6, "", 65536) = 0
21056 14:40:54.330315 rt_sigaction(SIGALRM, {0x805cad0, ~[RTMIN RT_1], 0}, NULL, 8) = 0
21056 14:40:54.330331 alarm(300)        = 300
21056 14:40:54.330341 close(6)          = 0
21056 14:40:54.330350 alarm(0)          = 300
21056 14:40:54.330360 gettimeofday({1495651254, 330363}, NULL) = 0
21056 14:40:54.330375 gettimeofday({1495651254, 330378}, NULL) = 0
21056 14:40:54.330389 fcntl64(3, F_SETLKW64, {type=F_WRLCK, whence=SEEK_SET, start=0, len=0}, 0xbfddcf64) = 0
21056 14:40:54.330404 write(3, "Wed May 24 14:40:54 2017 [pid 21056] [msfadmin] OK UPLOAD: Client \"127.0.0.1\", \"/home/msfadmin/myfile6\", 17 bytes, 28.28Kbyte/sec\n", 130) = 130
21056 14:40:54.330424 fcntl64(3, F_SETLK64, {type=F_UNLCK, whence=SEEK_SET, start=0, len=0}, 0xbfddcf6c) = 0
21056 14:40:54.330439 write(0, "226 Transfer complete.\r\n", 24) = 24
21056 14:40:54.330503 write(5, "\n", 1) = 1
21056 14:40:54.330525 read(5,  <unfinished ...>
21054 14:40:54.330532 close(6)          = 0
21054 14:40:54.330551 read(4, "\n", 1)  = 1
21054 14:40:54.330563 close(5)          = 0
21054 14:40:54.330573 write(4, "\1", 1) = 1
21056 14:40:54.330583 <... read resumed> "\1", 1) = 1
21056 14:40:54.330590 close(4)          = 0
21056 14:40:54.330601 rt_sigaction(SIGALRM, {0x805cad0, ~[RTMIN RT_1], 0}, NULL, 8) = 0
21056 14:40:54.330614 alarm(300)        = 0
21056 14:40:54.330625 recv(0,  <unfinished ...>
21054 14:40:54.330632 read(4,  <unfinished ...>
