20768 14:38:04.207322 fcntl64(4, F_GETFL) = 0x8800 (flags O_RDONLY|O_NONBLOCK|O_LARGEFILE)
20768 14:38:04.207332 fcntl64(4, F_SETFL, O_RDONLY|O_LARGEFILE) = 0
20768 14:38:04.207344 write(5, "\v", 1) = 1
20768 14:38:04.207355 read(5,  <unfinished ...>
20766 14:38:04.207362 read(4, "\v", 1)  = 1
20766 14:38:04.207373 write(4, "\1\0\0\0", 4) = 4
20768 14:38:04.207383 <... read resumed> "\1\0\0\0", 4) = 4
20768 14:38:04.207390 write(5, "\v", 1) = 1
20768 14:38:04.207400 read(5,  <unfinished ...>
20766 14:38:04.207406 read(4, "\v", 1)  = 1
20766 14:38:04.207417 write(4, "\1\0\0\0", 4) = 4
20768 14:38:04.207427 <... read resumed> "\1\0\0\0", 4) = 4
20768 14:38:04.207434 write(5, "\r", 1) = 1
20768 14:38:04.207444 read(5,  <unfinished ...>
20766 14:38:04.207450 read(4, "\r", 1)  = 1
20766 14:38:04.207462 select(6, [5], NULL, NULL, {60, 0}) = 1 (in [5], left {60, 0})
20766 14:38:04.207479 accept(5, {sa_family=AF_INET, sin_port=htons(57650), sin_addr=inet_addr("127.0.0.1")}, [16]) = 6
20766 14:38:04.207505 write(4, "\1", 1) = 1
20768 14:38:04.207516 <... read resumed> "\1", 1) = 1
20768 14:38:04.207525 recvmsg(5,  <unfinished ...>
20766 14:38:04.207534 sendmsg(4, {msg_name(0)=NULL, msg_iov(1)=[{"\0", 1}], msg_controllen=16, {cmsg_len=16, cmsg_level=SOL_SOCKET, cmsg_type=SCM_RIGHTS, {6}}, msg_flags=0}, 0) = 1
20768 14:38:04.207551 <... recvmsg resumed> {msg_name(0)=NULL, msg_iov(1)=[{"\0", 1}], msg_controllen=16, {cmsg_len=16, cmsg_level=SOL_SOCKET, cmsg_type=SCM_RIGHTS, {6}}, msg_flags=0}, 0) = 1
20768 14:38:04.207564 setsockopt(6, SOL_SOCKET, SO_KEEPALIVE, [1], 4) = 0
20768 14:38:04.207576 setsockopt(6, SOL_IP, IP_TOS, [8], 4) = 0
20768 14:38:04.207588 setsockopt(6, SOL_SOCKET, SO_LINGER, {onoff=1, linger=32767}, 8) = 0
20768 14:38:04.207599 rt_sigaction(SIGALRM, {0x805cad0, ~[RTMIN RT_1], 0}, NULL, 8) = 0
20768 14:38:04.207612 alarm(300)        = 300
20768 14:38:04.207626 write(0, "150 Opening BINARY mode data connection for myfile38 (17 bytes).\r\n", 66) = 66
20768 14:38:04.207667 _llseek(4, 0, [0], SEEK_CUR) = 0
20768 14:38:04.207680 fstat64(4, {st_mode=S_IFREG|0644, st_size=17, ...}) = 0
20768 14:38:04.207697 _llseek(4, 0, [0], SEEK_SET) = 0
20768 14:38:04.207709 sendfile(6, 4, NULL, 17) = 17
20768 14:38:04.207736 rt_sigaction(SIGALRM, {0x805cad0, ~[RTMIN RT_1], 0}, NULL, 8) = 0
20768 14:38:04.207751 alarm(300)        = 300
20768 14:38:04.207760 close(6)          = 0
20768 14:38:04.207769 alarm(0)          = 300
20768 14:38:04.207779 gettimeofday({1495651084, 207782}, NULL) = 0
20768 14:38:04.207796 getpid()          = 20768
20768 14:38:04.207807 gettimeofday({1495651084, 207811}, NULL) = 0
20768 14:38:04.207827 fcntl64(3, F_SETLKW64, {type=F_WRLCK, whence=SEEK_SET, start=0, len=0}, 0xbff048b4) = 0
20768 14:38:04.207843 write(3, "Wed May 24 14:38:04 2017 [pid 20768] [msfadmin] OK DOWNLOAD: Client \"127.0.0.1\", \"/home/msfadmin/myfile38\", 17 bytes, 30.08Kbyte/sec\n", 133) = 133
20768 14:38:04.207863 fcntl64(3, F_SETLK64, {type=F_UNLCK, whence=SEEK_SET, start=0, len=0}, 0xbff048bc) = 0
20768 14:38:04.207877 write(0, "226 Transfer complete.\r\n", 24) = 24
20768 14:38:04.207893 write(5, "\n", 1) = 1
20768 14:38:04.207904 read(5,  <unfinished ...>
20766 14:38:04.207911 close(6)          = 0
20766 14:38:04.207987 read(4, "\n", 1)  = 1
20766 14:38:04.208001 close(5)          = 0
20766 14:38:04.208012 write(4, "\1", 1) = 1
20768 14:38:04.208023 <... read resumed> "\1", 1) = 1
20768 14:38:04.208030 close(4)          = 0
20768 14:38:04.208040 rt_sigaction(SIGALRM, {0x805cad0, ~[RTMIN RT_1], 0}, NULL, 8) = 0
20768 14:38:04.208053 alarm(300)        = 0
20768 14:38:04.208089 recv(0,  <unfinished ...>
20766 14:38:04.208107 read(4,  <unfinished ...>
20765 14:38:04.485652 <... recv resumed> "TYPE I\r\n", 4096, MSG_PEEK) = 8
20765 14:38:04.485803 read(0, "TYPE I\r\n", 8) = 8
20765 14:38:04.485935 write(0, "200 Switching to Binary mode.\r\n", 31) = 31
20765 14:38:04.486046 rt_sigaction(SIGALRM, {0x805cad0, ~[RTMIN RT_1], 0}, NULL, 8) = 0
20765 14:38:04.486082 alarm(300)        = 299
20765 14:38:04.486109 recv(0, "PASV\r\n", 4096, MSG_PEEK) = 6
20765 14:38:04.486129 read(0, "PASV\r\n", 6) = 6
20765 14:38:04.486141 write(5, "\n", 1 <unfinished ...>
20763 14:38:04.486153 <... read resumed> "\n", 1) = 1
20765 14:38:04.486158 <... write resumed> ) = 1
20763 14:38:04.486165 write(4, "\1", 1) = 1
20763 14:38:04.486176 read(4,  <unfinished ...>
20765 14:38:04.486183 read(5, "\1", 1)  = 1
20765 14:38:04.486195 write(5, "\f", 1 <unfinished ...>
20763 14:38:04.486202 <... read resumed> "\f", 1) = 1
20765 14:38:04.486206 <... write resumed> ) = 1
20763 14:38:04.486213 socket(PF_INET, SOCK_STREAM, IPPROTO_TCP) = 5
20763 14:38:04.486229 setsockopt(5, SOL_SOCKET, SO_REUSEADDR, [1], 4) = 0
20763 14:38:04.486243 bind(5, {sa_family=AF_INET, sin_port=htons(61751), sin_addr=inet_addr("127.0.0.1")}, 16) = 0
20763 14:38:04.486285 listen(5, 1)      = 0
20763 14:38:04.486309 write(4, "7\361\0\0", 4) = 4
20763 14:38:04.486320 read(4,  <unfinished ...>
20765 14:38:04.486335 read(5, "7\361\0\0", 4) = 4
20765 14:38:04.486352 write(0, "227 Entering Passive Mode (127,0,0,1,241,55).\r\n", 47) = 47
20765 14:38:04.486467 rt_sigaction(SIGALRM, {0x805cad0, ~[RTMIN RT_1], 0}, NULL, 8) = 0
20765 14:38:04.486483 alarm(300)        = 300
20765 14:38:04.486494 recv(0, "STOR myfile16\r\n", 4096, MSG_PEEK) = 15
20765 14:38:04.486506 read(0, "STOR myfile16\r\n", 15) = 15
20765 14:38:04.486520 write(5, "\v", 1 <unfinished ...>
20763 14:38:04.486528 <... read resumed> "\v", 1) = 1
20765 14:38:04.486532 <... write resumed> ) = 1
20763 14:38:04.486538 write(4, "\1\0\0\0", 4) = 4
20763 14:38:04.486549 read(4,  <unfinished ...>
20765 14:38:04.486556 read(5, "\1\0\0\0", 4) = 4
20765 14:38:04.486567 gettimeofday({1495651084, 486571}, NULL) = 0
20765 14:38:04.486578 getcwd("/home/msfadmin", 4096) = 15
20765 14:38:04.486591 open("myfile16", O_WRONLY|O_CREAT|O_NONBLOCK|O_LARGEFILE, 0666) = 4
20765 14:38:04.486605 fstat64(4, {st_mode=S_IFREG|0644, st_size=17, ...}) = 0
20765 14:38:04.486623 fcntl64(4, F_GETFL) = 0x8801 (flags O_WRONLY|O_NONBLOCK|O_LARGEFILE)
20765 14:38:04.486634 fcntl64(4, F_SETFL, O_WRONLY|O_LARGEFILE) = 0
20765 14:38:04.486644 fcntl64(4, F_SETLKW64, {type=F_WRLCK, whence=SEEK_SET, start=0, len=0}, 0xbf9002f4) = 0
20765 14:38:04.486658 ftruncate64(4, 0) = 0
20765 14:38:04.486677 _llseek(4, 0, [0], SEEK_SET) = 0
20765 14:38:04.486688 write(5, "\v", 1 <unfinished ...>
20763 14:38:04.486695 <... read resumed> "\v", 1) = 1
20765 14:38:04.486700 <... write resumed> ) = 1
20763 14:38:04.486706 write(4, "\1\0\0\0", 4) = 4
20763 14:38:04.486717 read(4,  <unfinished ...>
20765 14:38:04.486723 read(5, "\1\0\0\0", 4) = 4
20765 14:38:04.486734 write(5, "\v", 1 <unfinished ...>
20763 14:38:04.486741 <... read resumed> "\v", 1) = 1
20765 14:38:04.486756 <... write resumed> ) = 1
20763 14:38:04.486770 write(4, "\1\0\0\0", 4) = 4
20763 14:38:04.486784 read(4,  <unfinished ...>
20765 14:38:04.486790 read(5, "\1\0\0\0", 4) = 4
20765 14:38:04.486811 write(5, "\r", 1 <unfinished ...>
20763 14:38:04.486818 <... read resumed> "\r", 1) = 1
20765 14:38:04.486822 <... write resumed> ) = 1
20763 14:38:04.486829 select(6, [5], NULL, NULL, {60, 0}) = 1 (in [5], left {60, 0})
20763 14:38:04.486845 accept(5, {sa_family=AF_INET, sin_port=htons(40758), sin_addr=inet_addr("127.0.0.1")}, [16]) = 6
20763 14:38:04.486868 write(4, "\1", 1) = 1
20763 14:38:04.486879 sendmsg(4, {msg_name(0)=NULL, msg_iov(1)=[{"\0", 1}], msg_controllen=16, {cmsg_len=16, cmsg_level=SOL_SOCKET, cmsg_type=SCM_RIGHTS, {6}}, msg_flags=0}, 0) = 1
20763 14:38:04.486896 close(6)          = 0
20763 14:38:04.486906 read(4,  <unfinished ...>
20765 14:38:04.486913 read(5, "\1", 1)  = 1
20765 14:38:04.486925 recvmsg(5, {msg_name(0)=NULL, msg_iov(1)=[{"\0", 1}], msg_controllen=16, {cmsg_len=16, cmsg_level=SOL_SOCKET, cmsg_type=SCM_RIGHTS, {6}}, msg_flags=0}, 0) = 1
20765 14:38:04.486943 setsockopt(6, SOL_SOCKET, SO_KEEPALIVE, [1], 4) = 0
20765 14:38:04.486955 setsockopt(6, SOL_IP, IP_TOS, [8], 4) = 0
20765 14:38:04.486966 setsockopt(6, SOL_SOCKET, SO_LINGER, {onoff=1, linger=32767}, 8) = 0
20765 14:38:04.486977 rt_sigaction(SIGALRM, {0x805cad0, ~[RTMIN RT_1], 0}, NULL, 8) = 0
20765 14:38:04.486991 alarm(300)        = 300
20765 14:38:04.487003 write(0, "150 Ok to send data.\r\n", 22) = 22
20765 14:38:04.487069 read(6, "assasaaa\na\na\na\na\n", 65536) = 17
20765 14:38:04.487083 write(4, "assasaaa\na\na\na\na\n", 17) = 17
20765 14:38:04.487099 read(6, "", 65536) = 0
20765 14:38:04.487109 rt_sigaction(SIGALRM, {0x805cad0, ~[RTMIN RT_1], 0}, NULL, 8) = 0
20765 14:38:04.487122 alarm(300)        = 300
20765 14:38:04.487132 close(6)          = 0
20765 14:38:04.487148 alarm(0)          = 300
20765 14:38:04.487158 gettimeofday({1495651084, 487162}, NULL) = 0
20765 14:38:04.487174 gettimeofday({1495651084, 487178}, NULL) = 0
20765 14:38:04.487188 fcntl64(3, F_SETLKW64, {type=F_WRLCK, whence=SEEK_SET, start=0, len=0}, 0xbf900294) = 0
20765 14:38:04.487202 write(3, "Wed May 24 14:38:04 2017 [pid 20765] [msfadmin] OK UPLOAD: Client \"127.0.0.1\", \"/home/msfadmin/myfile16\", 17 bytes, 27.35Kbyte/sec\n", 131) = 131
20765 14:38:04.487227 fcntl64(3, F_SETLK64, {type=F_UNLCK, whence=SEEK_SET, start=0, len=0}, 0xbf90029c) = 0
20765 14:38:04.487252 write(0, "226 Transfer complete.\r\n", 24) = 24
20765 14:38:04.487319 write(5, "\n", 1 <unfinished ...>
20763 14:38:04.487329 <... read resumed> "\n", 1) = 1
20765 14:38:04.487334 <... write resumed> ) = 1
20763 14:38:04.487340 close(5)          = 0
20763 14:38:04.487352 write(4, "\1", 1) = 1
20763 14:38:04.487362 read(4,  <unfinished ...>
20765 14:38:04.487369 read(5, "\1", 1)  = 1
20765 14:38:04.487380 close(4)          = 0
20765 14:38:04.487390 rt_sigaction(SIGALRM, {0x805cad0, ~[RTMIN RT_1], 0}, NULL, 8) = 0
20765 14:38:04.487403 alarm(300)        = 0
20765 14:38:04.487414 recv(0,  <unfinished ...>
20768 14:38:04.795071 <... recv resumed> "USER msfadmin\r\n", 4096, MSG_PEEK) = 15
20768 14:38:04.795110 read(0, "USER msfadmin\r\n", 15) = 15
20768 14:38:04.795134 write(0, "331 Any password will do.\r\n", 27) = 27
20768 14:38:04.795225 rt_sigaction(SIGALRM, {0x805cad0, ~[RTMIN RT_1], 0}, NULL, 8) = 0
20768 14:38:04.795244 alarm(300)        = 299
20768 14:38:04.795256 recv(0, "PASS msfadmin\r\n", 4096, MSG_PEEK) = 15
20768 14:38:04.795268 read(0, "PASS msfadmin\r\n", 15) = 15
20768 14:38:04.795284 write(0, "230 Already logged in.\r\n", 24) = 24
20768 14:38:04.795346 rt_sigaction(SIGALRM, {0x805cad0, ~[RTMIN RT_1], 0}, NULL, 8) = 0
20768 14:38:04.795361 alarm(300)        = 300
20768 14:38:04.795373 recv(0, "TYPE I\r\n", 4096, MSG_PEEK) = 8
20768 14:38:04.795384 read(0, "TYPE I\r\n", 8) = 8
20768 14:38:04.795398 write(0, "200 Switching to Binary mode.\r\n", 31) = 31
20768 14:38:04.795433 rt_sigaction(SIGALRM, {0x805cad0, ~[RTMIN RT_1], 0}, NULL, 8) = 0
20768 14:38:04.795447 alarm(300)        = 300
20768 14:38:04.795458 recv(0, "PASV\r\n", 4096, MSG_PEEK) = 6
20768 14:38:04.795469 read(0, "PASV\r\n", 6) = 6
20768 14:38:04.795480 write(5, "\n", 1) = 1
20768 14:38:04.795493 read(5,  <unfinished ...>
20766 14:38:04.795501 <... read resumed> "\n", 1) = 1
20766 14:38:04.795510 write(4, "\1", 1) = 1
20768 14:38:04.795520 <... read resumed> "\1", 1) = 1
20768 14:38:04.795527 write(5, "\f", 1) = 1
20768 14:38:04.795537 read(5,  <unfinished ...>
20766 14:38:04.795544 read(4, "\f", 1)  = 1
20766 14:38:04.795556 socket(PF_INET, SOCK_STREAM, IPPROTO_TCP) = 5
20766 14:38:04.795572 setsockopt(5, SOL_SOCKET, SO_REUSEADDR, [1], 4) = 0
20766 14:38:04.795586 bind(5, {sa_family=AF_INET, sin_port=htons(57470), sin_addr=inet_addr("127.0.0.1")}, 16) = 0
20766 14:38:04.795602 listen(5, 1)      = 0
20766 14:38:04.795615 write(4, "~\340\0\0", 4) = 4
20768 14:38:04.795626 <... read resumed> "~\340\0\0", 4) = 4
20768 14:38:04.795664 write(0, "227 Entering Passive Mode (127,0,0,1,224,126).\r\n", 48) = 48
20768 14:38:04.795790 rt_sigaction(SIGALRM, {0x805cad0, ~[RTMIN RT_1], 0}, NULL, 8) = 0
20768 14:38:04.795806 alarm(300)        = 300
20768 14:38:04.795818 recv(0, "RETR myfile39\r\n", 4096, MSG_PEEK) = 15
20768 14:38:04.795830 read(0, "RETR myfile39\r\n", 15) = 15
20768 14:38:04.795843 write(5, "\v", 1) = 1
20768 14:38:04.795853 read(5,  <unfinished ...>
20766 14:38:04.795860 read(4, "\v", 1)  = 1
20766 14:38:04.795871 write(4, "\1\0\0\0", 4) = 4
20768 14:38:04.795882 <... read resumed> "\1\0\0\0", 4) = 4
20768 14:38:04.795889 gettimeofday({1495651084, 795893}, NULL) = 0
20768 14:38:04.795900 getcwd("/home/msfadmin", 4096) = 15
20768 14:38:04.795913 open("myfile39", O_RDONLY|O_NONBLOCK|O_LARGEFILE) = 4
20768 14:38:04.795926 fcntl64(4, F_SETLKW64, {type=F_RDLCK, whence=SEEK_SET, start=0, len=0}, 0xbff04914) = 0
20768 14:38:04.795941 fstat64(4, {st_mode=S_IFREG|0644, st_size=17, ...}) = 0
20768 14:38:04.795958 fcntl64(4, F_GETFL) = 0x8800 (flags O_RDONLY|O_NONBLOCK|O_LARGEFILE)
20768 14:38:04.795969 fcntl64(4, F_SETFL, O_RDONLY|O_LARGEFILE) = 0
20768 14:38:04.795980 write(5, "\v", 1) = 1
20768 14:38:04.795990 read(5,  <unfinished ...>
20766 14:38:04.795997 read(4, "\v", 1)  = 1
20766 14:38:04.796008 write(4, "\1\0\0\0", 4) = 4
20768 14:38:04.796018 <... read resumed> "\1\0\0\0", 4) = 4
20768 14:38:04.796033 write(5, "\v", 1) = 1
20768 14:38:04.796043 read(5,  <unfinished ...>
20766 14:38:04.796050 read(4, "\v", 1)  = 1
20766 14:38:04.796060 write(4, "\1\0\0\0", 4) = 4
20768 14:38:04.796071 <... read resumed> "\1\0\0\0", 4) = 4
20768 14:38:04.796078 write(5, "\r", 1) = 1
20768 14:38:04.796087 read(5,  <unfinished ...>
20766 14:38:04.796094 read(4, "\r", 1)  = 1
20766 14:38:04.796106 select(6, [5], NULL, NULL, {60, 0}) = 1 (in [5], left {60, 0})
20766 14:38:04.796122 accept(5, {sa_family=AF_INET, sin_port=htons(39117), sin_addr=inet_addr("127.0.0.1")}, [16]) = 6
20766 14:38:04.796173 write(4, "\1", 1) = 1
20768 14:38:04.796186 <... read resumed> "\1", 1) = 1
20768 14:38:04.796204 recvmsg(5,  <unfinished ...>
20766 14:38:04.796212 sendmsg(4, {msg_name(0)=NULL, msg_iov(1)=[{"\0", 1}], msg_controllen=16, {cmsg_len=16, cmsg_level=SOL_SOCKET, cmsg_type=SCM_RIGHTS, {6}}, msg_flags=0}, 0) = 1
20768 14:38:04.796229 <... recvmsg resumed> {msg_name(0)=NULL, msg_iov(1)=[{"\0", 1}], msg_controllen=16, {cmsg_len=16, cmsg_level=SOL_SOCKET, cmsg_type=SCM_RIGHTS, {6}}, msg_flags=0}, 0) = 1
20768 14:38:04.796242 setsockopt(6, SOL_SOCKET, SO_KEEPALIVE, [1], 4) = 0
20768 14:38:04.796255 setsockopt(6, SOL_IP, IP_TOS, [8], 4) = 0
20768 14:38:04.796266 setsockopt(6, SOL_SOCKET, SO_LINGER, {onoff=1, linger=32767}, 8) = 0
20768 14:38:04.796277 rt_sigaction(SIGALRM, {0x805cad0, ~[RTMIN RT_1], 0}, NULL, 8) = 0
20768 14:38:04.796291 alarm(300)        = 300
20768 14:38:04.796304 write(0, "150 Opening BINARY mode data connection for myfile39 (17 bytes).\r\n", 66) = 66
20768 14:38:04.796344 _llseek(4, 0, [0], SEEK_CUR) = 0
20768 14:38:04.796357 fstat64(4, {st_mode=S_IFREG|0644, st_size=17, ...}) = 0
20768 14:38:04.796374 _llseek(4, 0, [0], SEEK_SET) = 0
20768 14:38:04.796385 sendfile(6, 4, NULL, 17) = 17
20768 14:38:04.796414 rt_sigaction(SIGALRM, {0x805cad0, ~[RTMIN RT_1], 0}, NULL, 8) = 0
20768 14:38:04.796428 alarm(300)        = 300
20768 14:38:04.796438 close(6)          = 0
20768 14:38:04.796447 alarm(0)          = 300
20768 14:38:04.796456 gettimeofday({1495651084, 796460}, NULL) = 0
20768 14:38:04.796471 gettimeofday({1495651084, 796475}, NULL) = 0
20768 14:38:04.796486 fcntl64(3, F_SETLKW64, {type=F_WRLCK, whence=SEEK_SET, start=0, len=0}, 0xbff048b4) = 0
20768 14:38:04.796500 write(3, "Wed May 24 14:38:04 2017 [pid 20768] [msfadmin] OK DOWNLOAD: Client \"127.0.0.1\", \"/home/msfadmin/myfile39\", 17 bytes, 28.53Kbyte/sec\n", 133) = 133
20768 14:38:04.796521 fcntl64(3, F_SETLK64, {type=F_UNLCK, whence=SEEK_SET, start=0, len=0}, 0xbff048bc) = 0
20768 14:38:04.796536 write(0, "226 Transfer complete.\r\n", 24) = 24
20768 14:38:04.796550 write(5, "\n", 1) = 1
20768 14:38:04.796561 read(5,  <unfinished ...>
20766 14:38:04.796568 close(6)          = 0
20766 14:38:04.796689 read(4, "\n", 1)  = 1
20766 14:38:04.796703 close(5)          = 0
20766 14:38:04.796715 write(4, "\1", 1) = 1
20768 14:38:04.796726 <... read resumed> "\1", 1) = 1
20768 14:38:04.796733 close(4)          = 0
20768 14:38:04.796743 rt_sigaction(SIGALRM, {0x805cad0, ~[RTMIN RT_1], 0}, NULL, 8) = 0
20768 14:38:04.796756 alarm(300)        = 0
20768 14:38:04.796768 recv(0,  <unfinished ...>
20766 14:38:04.796775 read(4,  <unfinished ...>
20765 14:38:04.996030 <... recv resumed> "TYPE I\r\n", 4096, MSG_PEEK) = 8
20765 14:38:04.996092 read(0, "TYPE I\r\n", 8) = 8
20765 14:38:04.996145 write(0, "200 Switching to Binary mode.\r\n", 31) = 31
20765 14:38:04.996216 rt_sigaction(SIGALRM, {0x805cad0, ~[RTMIN RT_1], 0}, NULL, 8) = 0
20765 14:38:04.996244 alarm(300)        = 299
20765 14:38:04.996258 recv(0, "PASV\r\n", 4096, MSG_PEEK) = 6
20765 14:38:04.996269 read(0, "PASV\r\n", 6) = 6
20765 14:38:04.996282 write(5, "\n", 1 <unfinished ...>
20763 14:38:04.996315 <... read resumed> "\n", 1) = 1
20765 14:38:04.996320 <... write resumed> ) = 1
20763 14:38:04.996328 write(4, "\1", 1) = 1
20763 14:38:04.996339 read(4,  <unfinished ...>
20765 14:38:04.996346 read(5, "\1", 1)  = 1
20765 14:38:04.996357 write(5, "\f", 1 <unfinished ...>
20763 14:38:04.996364 <... read resumed> "\f", 1) = 1
20765 14:38:04.996376 <... write resumed> ) = 1
20763 14:38:04.996384 socket(PF_INET, SOCK_STREAM, IPPROTO_TCP) = 5
20763 14:38:04.996400 setsockopt(5, SOL_SOCKET, SO_REUSEADDR, [1], 4) = 0
20763 14:38:04.996415 bind(5, {sa_family=AF_INET, sin_port=htons(45608), sin_addr=inet_addr("127.0.0.1")}, 16) = 0
20763 14:38:04.996431 listen(5, 1)      = 0
20763 14:38:04.996444 write(4, "(\262\0\0", 4) = 4
20763 14:38:04.996455 read(4,  <unfinished ...>
20765 14:38:04.996462 read(5, "(\262\0\0", 4) = 4
20765 14:38:04.996478 write(0, "227 Entering Passive Mode (127,0,0,1,178,40).\r\n", 47) = 47
20765 14:38:04.996591 rt_sigaction(SIGALRM, {0x805cad0, ~[RTMIN RT_1], 0}, NULL, 8) = 0
20765 14:38:04.996607 alarm(300)        = 300
20765 14:38:04.996619 recv(0, "STOR myfile17\r\n", 4096, MSG_PEEK) = 15
20765 14:38:04.996631 read(0, "STOR myfile17\r\n", 15) = 15
20765 14:38:04.996644 write(5, "\v", 1 <unfinished ...>
20763 14:38:04.996653 <... read resumed> "\v", 1) = 1
20765 14:38:04.996657 <... write resumed> ) = 1
20763 14:38:04.996663 write(4, "\1\0\0\0", 4) = 4
20763 14:38:04.996674 read(4,  <unfinished ...>
20765 14:38:04.996681 read(5, "\1\0\0\0", 4) = 4
20765 14:38:04.996692 gettimeofday({1495651084, 996696}, NULL) = 0
20765 14:38:04.996704 getcwd("/home/msfadmin", 4096) = 15
20765 14:38:04.996717 open("myfile17", O_WRONLY|O_CREAT|O_NONBLOCK|O_LARGEFILE, 0666) = 4
20765 14:38:04.996731 fstat64(4, {st_mode=S_IFREG|0644, st_size=17, ...}) = 0
20765 14:38:04.996748 fcntl64(4, F_GETFL) = 0x8801 (flags O_WRONLY|O_NONBLOCK|O_LARGEFILE)
20765 14:38:04.996759 fcntl64(4, F_SETFL, O_WRONLY|O_LARGEFILE) = 0
20765 14:38:04.996769 fcntl64(4, F_SETLKW64, {type=F_WRLCK, whence=SEEK_SET, start=0, len=0}, 0xbf9002f4) = 0
20765 14:38:04.996813 ftruncate64(4, 0) = 0
20765 14:38:04.996839 _llseek(4, 0, [0], SEEK_SET) = 0
20765 14:38:04.996861 write(5, "\v", 1 <unfinished ...>
20763 14:38:04.996869 <... read resumed> "\v", 1) = 1
20765 14:38:04.996874 <... write resumed> ) = 1
20763 14:38:04.996880 write(4, "\1\0\0\0", 4) = 4
20763 14:38:04.996891 read(4,  <unfinished ...>
20765 14:38:04.996898 read(5, "\1\0\0\0", 4) = 4
20765 14:38:04.996909 write(5, "\v", 1 <unfinished ...>
20763 14:38:04.996915 <... read resumed> "\v", 1) = 1
20765 14:38:04.996920 <... write resumed> ) = 1
20763 14:38:04.996926 write(4, "\1\0\0\0", 4) = 4
20763 14:38:04.996936 read(4,  <unfinished ...>
20765 14:38:04.996943 read(5, "\1\0\0\0", 4) = 4
20765 14:38:04.996954 write(5, "\r", 1 <unfinished ...>
20763 14:38:04.996961 <... read resumed> "\r", 1) = 1
20765 14:38:04.996965 <... write resumed> ) = 1
20763 14:38:04.996972 select(6, [5], NULL, NULL, {60, 0}) = 1 (in [5], left {60, 0})
20763 14:38:04.996989 accept(5, {sa_family=AF_INET, sin_port=htons(34443), sin_addr=inet_addr("127.0.0.1")}, [16]) = 6
20763 14:38:04.997011 write(4, "\1", 1) = 1
20763 14:38:04.997023 sendmsg(4, {msg_name(0)=NULL, msg_iov(1)=[{"\0", 1}], msg_controllen=16, {cmsg_len=16, cmsg_level=SOL_SOCKET, cmsg_type=SCM_RIGHTS, {6}}, msg_flags=0}, 0) = 1
20763 14:38:04.997040 close(6)          = 0
20763 14:38:04.997050 read(4,  <unfinished ...>
20765 14:38:04.997057 read(5, "\1", 1)  = 1
20765 14:38:04.997069 recvmsg(5, {msg_name(0)=NULL, msg_iov(1)=[{"\0", 1}], msg_controllen=16, {cmsg_len=16, cmsg_level=SOL_SOCKET, cmsg_type=SCM_RIGHTS, {6}}, msg_flags=0}, 0) = 1
20765 14:38:04.997087 setsockopt(6, SOL_SOCKET, SO_KEEPALIVE, [1], 4) = 0
20765 14:38:04.997099 setsockopt(6, SOL_IP, IP_TOS, [8], 4) = 0
20765 14:38:04.997111 setsockopt(6, SOL_SOCKET, SO_LINGER, {onoff=1, linger=32767}, 8) = 0
20765 14:38:04.997122 rt_sigaction(SIGALRM, {0x805cad0, ~[RTMIN RT_1], 0}, NULL, 8) = 0
20765 14:38:04.997135 alarm(300)        = 300
20765 14:38:04.997147 write(0, "150 Ok to send data.\r\n", 22) = 22
20765 14:38:04.997213 read(6, "assasaaa\na\na\na\na\n", 65536) = 17
20765 14:38:04.997227 write(4, "assasaaa\na\na\na\na\n", 17) = 17
20765 14:38:04.997243 read(6, "", 65536) = 0
20765 14:38:04.997253 rt_sigaction(SIGALRM, {0x805cad0, ~[RTMIN RT_1], 0}, NULL, 8) = 0
20765 14:38:04.997267 alarm(300)        = 300
20765 14:38:04.997309 close(6)          = 0
20765 14:38:04.997339 alarm(0)          = 300
20765 14:38:04.997349 gettimeofday({1495651084, 997352}, NULL) = 0
20765 14:38:04.997364 gettimeofday({1495651084, 997368}, NULL) = 0
20765 14:38:04.997379 fcntl64(3, F_SETLKW64, {type=F_WRLCK, whence=SEEK_SET, start=0, len=0}, 0xbf900294) = 0
20765 14:38:04.997393 write(3, "Wed May 24 14:38:04 2017 [pid 20765] [msfadmin] OK UPLOAD: Client \"127.0.0.1\", \"/home/msfadmin/myfile17\", 17 bytes, 24.70Kbyte/sec\n", 131) = 131
20765 14:38:04.997415 fcntl64(3, F_SETLK64, {type=F_UNLCK, whence=SEEK_SET, start=0, len=0}, 0xbf90029c) = 0
20765 14:38:04.997429 write(0, "226 Transfer complete.\r\n", 24) = 24
20765 14:38:04.997473 write(5, "\n", 1 <unfinished ...>
20763 14:38:04.997482 <... read resumed> "\n", 1) = 1
20765 14:38:04.997487 <... write resumed> ) = 1
20763 14:38:04.997493 close(5)          = 0
20763 14:38:04.997504 write(4, "\1", 1) = 1
20763 14:38:04.997515 read(4,  <unfinished ...>
20765 14:38:04.997522 read(5, "\1", 1)  = 1
20765 14:38:04.997533 close(4)          = 0
20765 14:38:04.997543 rt_sigaction(SIGALRM, {0x805cad0, ~[RTMIN RT_1], 0}, NULL, 8) = 0
20765 14:38:04.997556 alarm(300)        = 0
20765 14:38:04.997567 recv(0,  <unfinished ...>
20768 14:38:05.345154 <... recv resumed> "USER msfadmin\r\n", 4096, MSG_PEEK) = 15
20768 14:38:05.345194 read(0, "USER msfadmin\r\n", 15) = 15
20768 14:38:05.345219 write(0, "331 Any password will do.\r\n", 27) = 27
20768 14:38:05.345265 rt_sigaction(SIGALRM, {0x805cad0, ~[RTMIN RT_1], 0}, NULL, 8) = 0
20768 14:38:05.345283 alarm(300)        = 299
20768 14:38:05.345296 recv(0, "PASS msfadmin\r\n", 4096, MSG_PEEK) = 15
20768 14:38:05.345307 read(0, "PASS msfadmin\r\n", 15) = 15
20768 14:38:05.345323 write(0, "230 Already logged in.\r\n", 24) = 24
20768 14:38:05.345385 rt_sigaction(SIGALRM, {0x805cad0, ~[RTMIN RT_1], 0}, NULL, 8) = 0
20768 14:38:05.345400 alarm(300)        = 300
20768 14:38:05.345411 recv(0, "TYPE I\r\n", 4096, MSG_PEEK) = 8
20768 14:38:05.345422 read(0, "TYPE I\r\n", 8) = 8
20768 14:38:05.345436 write(0, "200 Switching to Binary mode.\r\n", 31) = 31
20768 14:38:05.345471 rt_sigaction(SIGALRM, {0x805cad0, ~[RTMIN RT_1], 0}, NULL, 8) = 0
20768 14:38:05.345485 alarm(300)        = 300
20768 14:38:05.345496 recv(0, "PASV\r\n", 4096, MSG_PEEK) = 6
20768 14:38:05.345507 read(0, "PASV\r\n", 6) = 6
20768 14:38:05.345519 write(5, "\n", 1) = 1
20768 14:38:05.345531 read(5,  <unfinished ...>
20766 14:38:05.345539 <... read resumed> "\n", 1) = 1
20766 14:38:05.345548 write(4, "\1", 1) = 1
20768 14:38:05.345559 <... read resumed> "\1", 1) = 1
20768 14:38:05.345566 write(5, "\f", 1) = 1
20768 14:38:05.345576 read(5,  <unfinished ...>
20766 14:38:05.345582 read(4, "\f", 1)  = 1
20766 14:38:05.345594 socket(PF_INET, SOCK_STREAM, IPPROTO_TCP) = 5
20766 14:38:05.345609 setsockopt(5, SOL_SOCKET, SO_REUSEADDR, [1], 4) = 0
20766 14:38:05.345624 bind(5, {sa_family=AF_INET, sin_port=htons(46971), sin_addr=inet_addr("127.0.0.1")}, 16) = 0
20766 14:38:05.345640 listen(5, 1)      = 0
20766 14:38:05.345654 write(4, "{\267\0\0", 4) = 4
20768 14:38:05.345665 <... read resumed> "{\267\0\0", 4) = 4
20768 14:38:05.345677 write(0, "227 Entering Passive Mode (127,0,0,1,183,123).\r\n", 48) = 48
20768 14:38:05.345789 rt_sigaction(SIGALRM, {0x805cad0, ~[RTMIN RT_1], 0}, NULL, 8) = 0
20768 14:38:05.345806 alarm(300)        = 300
20768 14:38:05.345817 recv(0, "RETR myfile40\r\n", 4096, MSG_PEEK) = 15
20768 14:38:05.345829 read(0, "RETR myfile40\r\n", 15) = 15
20768 14:38:05.345842 write(5, "\v", 1) = 1
20768 14:38:05.345852 read(5,  <unfinished ...>
20766 14:38:05.345859 read(4, "\v", 1)  = 1
20766 14:38:05.345889 write(4, "\1\0\0\0", 4) = 4
20768 14:38:05.345902 <... read resumed> "\1\0\0\0", 4) = 4
20768 14:38:05.345911 gettimeofday({1495651085, 345924}, NULL) = 0
20768 14:38:05.345931 getcwd("/home/msfadmin", 4096) = 15
20768 14:38:05.345944 open("myfile40", O_RDONLY|O_NONBLOCK|O_LARGEFILE) = 4
20768 14:38:05.345958 fcntl64(4, F_SETLKW64, {type=F_RDLCK, whence=SEEK_SET, start=0, len=0}, 0xbff04914) = 0
20768 14:38:05.345979 fstat64(4, {st_mode=S_IFREG|0644, st_size=17, ...}) = 0
20768 14:38:05.345997 fcntl64(4, F_GETFL) = 0x8800 (flags O_RDONLY|O_NONBLOCK|O_LARGEFILE)
20768 14:38:05.346008 fcntl64(4, F_SETFL, O_RDONLY|O_LARGEFILE) = 0
20768 14:38:05.346019 write(5, "\v", 1) = 1
20768 14:38:05.346029 read(5,  <unfinished ...>
20766 14:38:05.346036 read(4, "\v", 1)  = 1
20766 14:38:05.346047 write(4, "\1\0\0\0", 4) = 4
20768 14:38:05.346058 <... read resumed> "\1\0\0\0", 4) = 4
20768 14:38:05.346065 write(5, "\v", 1) = 1
20768 14:38:05.346074 read(5,  <unfinished ...>
20766 14:38:05.346081 read(4, "\v", 1)  = 1
20766 14:38:05.346091 write(4, "\1\0\0\0", 4) = 4
20768 14:38:05.346101 <... read resumed> "\1\0\0\0", 4) = 4
20768 14:38:05.346108 write(5, "\r", 1) = 1
20768 14:38:05.346118 read(5,  <unfinished ...>
20766 14:38:05.346125 read(4, "\r", 1)  = 1
20766 14:38:05.346136 select(6, [5], NULL, NULL, {60, 0}) = 1 (in [5], left {60, 0})
20766 14:38:05.346152 accept(5, {sa_family=AF_INET, sin_port=htons(45820), sin_addr=inet_addr("127.0.0.1")}, [16]) = 6
20766 14:38:05.346174 write(4, "\1", 1) = 1
20768 14:38:05.346185 <... read resumed> "\1", 1) = 1
20768 14:38:05.346193 recvmsg(5,  <unfinished ...>
20766 14:38:05.346202 sendmsg(4, {msg_name(0)=NULL, msg_iov(1)=[{"\0", 1}], msg_controllen=16, {cmsg_len=16, cmsg_level=SOL_SOCKET, cmsg_type=SCM_RIGHTS, {6}}, msg_flags=0}, 0) = 1
20768 14:38:05.346219 <... recvmsg resumed> {msg_name(0)=NULL, msg_iov(1)=[{"\0", 1}], msg_controllen=16, {cmsg_len=16, cmsg_level=SOL_SOCKET, cmsg_type=SCM_RIGHTS, {6}}, msg_flags=0}, 0) = 1
20768 14:38:05.346231 setsockopt(6, SOL_SOCKET, SO_KEEPALIVE, [1], 4) = 0
20768 14:38:05.346244 setsockopt(6, SOL_IP, IP_TOS, [8], 4) = 0
20768 14:38:05.346256 setsockopt(6, SOL_SOCKET, SO_LINGER, {onoff=1, linger=32767}, 8) = 0
20768 14:38:05.346266 rt_sigaction(SIGALRM, {0x805cad0, ~[RTMIN RT_1], 0}, NULL, 8) = 0
20768 14:38:05.346280 alarm(300)        = 300
20768 14:38:05.346293 write(0, "150 Opening BINARY mode data connection for myfile40 (17 bytes).\r\n", 66) = 66
20768 14:38:05.346335 _llseek(4, 0, [0], SEEK_CUR) = 0
20768 14:38:05.346347 fstat64(4, {st_mode=S_IFREG|0644, st_size=17, ...}) = 0
20768 14:38:05.346364 _llseek(4, 0, [0], SEEK_SET) = 0
20768 14:38:05.346375 sendfile(6, 4, NULL, 17) = 17
20768 14:38:05.346404 rt_sigaction(SIGALRM, {0x805cad0, ~[RTMIN RT_1], 0}, NULL, 8) = 0
20768 14:38:05.346419 alarm(300)        = 300
20768 14:38:05.346428 close(6)          = 0
20768 14:38:05.346437 alarm(0)          = 300
20768 14:38:05.346447 gettimeofday({1495651085, 346450}, NULL) = 0
20768 14:38:05.346462 gettimeofday({1495651085, 346466}, NULL) = 0
20768 14:38:05.346476 fcntl64(3, F_SETLKW64, {type=F_WRLCK, whence=SEEK_SET, start=0, len=0}, 0xbff048b4) = 0
20768 14:38:05.346490 write(3, "Wed May 24 14:38:05 2017 [pid 20768] [msfadmin] OK DOWNLOAD: Client \"127.0.0.1\", \"/home/msfadmin/myfile40\", 17 bytes, 30.63Kbyte/sec\n", 133) = 133
20768 14:38:05.346512 fcntl64(3, F_SETLK64, {type=F_UNLCK, whence=SEEK_SET, start=0, len=0}, 0xbff048bc) = 0
20768 14:38:05.346526 write(0, "226 Transfer complete.\r\n", 24) = 24
20768 14:38:05.346541 write(5, "\n", 1) = 1
20768 14:38:05.346551 read(5,  <unfinished ...>
20766 14:38:05.346558 close(6)          = 0
20766 14:38:05.346640 read(4, "\n", 1)  = 1
20766 14:38:05.346654 close(5)          = 0
20766 14:38:05.346665 write(4, "\1", 1) = 1
20768 14:38:05.346676 <... read resumed> "\1", 1) = 1
20768 14:38:05.346683 close(4)          = 0
20768 14:38:05.346693 rt_sigaction(SIGALRM, {0x805cad0, ~[RTMIN RT_1], 0}, NULL, 8) = 0
20768 14:38:05.346706 alarm(300)        = 0
20768 14:38:05.346717 recv(0,  <unfinished ...>
20766 14:38:05.346724 read(4,  <unfinished ...>
20765 14:38:05.545818 <... recv resumed> "QUIT\r\n", 4096, MSG_PEEK) = 6
20765 14:38:05.545991 read(0, "QUIT\r\n", 6) = 6
20765 14:38:05.546136 shutdown(0, 0 /* receive */) = 0
20765 14:38:05.546204 fcntl64(0, F_GETFL) = 0x2 (flags O_RDWR)
20765 14:38:05.546241 fcntl64(0, F_SETFL, O_RDWR|O_NONBLOCK) = 0
20765 14:38:05.546267 write(0, "221 Goodbye.\r\n", 14) = 14
20765 14:38:05.546350 fcntl64(0, F_GETFL) = 0x802 (flags O_RDWR|O_NONBLOCK)
20765 14:38:05.546363 fcntl64(0, F_SETFL, O_RDWR) = 0
20765 14:38:05.546373 shutdown(0, 2 /* send and receive */) = 0
20765 14:38:05.546392 exit_group(0)     = ?
20763 14:38:05.546445 <... read resumed> 0xbf9003a7, 1) = ? ERESTARTSYS (To be restarted)
20763 14:38:05.546452 --- SIGCHLD (Child exited) @ 0 (0) ---
20763 14:38:05.546466 alarm(1)          = 0
20763 14:38:05.546479 sigreturn()       = ? (mask now [])
20763 14:38:05.546495 alarm(0)          = 1
20763 14:38:05.546505 wait4(-1, [{WIFEXITED(s) && WEXITSTATUS(s) == 0}], 0, NULL) = 20765
20763 14:38:05.546520 exit_group(0)     = ?
4380  14:38:05.546560 <... select resumed> ) = ? ERESTARTNOHAND (To be restarted)
4380  14:38:05.546567 --- SIGCHLD (Child exited) @ 0 (0) ---
4380  14:38:05.546575 write(4, "\21", 1) = 1
4380  14:38:05.546590 sigreturn()       = ? (mask now [])
4380  14:38:05.546622 select(13, [3 5 6 8 9 10 11 12], NULL, NULL, NULL) = 1 (in [3])
4380  14:38:05.546640 ioctl(3, FIONREAD, [1]) = 0
4380  14:38:05.546654 read(3, "\21", 1) = 1
4380  14:38:05.546667 waitpid(-1, [{WIFEXITED(s) && WEXITSTATUS(s) == 0}], WNOHANG) = 20763
4380  14:38:05.546686 close(-1)         = -1 EBADF (Bad file descriptor)
4380  14:38:05.546698 waitpid(-1, 0xbf9d5dbc, WNOHANG) = 0
4380  14:38:05.546708 select(13, [3 5 6 8 9 10 11 12], NULL, NULL, NULL <unfinished ...>
20768 14:38:05.915203 <... recv resumed> "USER msfadmin\r\n", 4096, MSG_PEEK) = 15
20768 14:38:05.915241 read(0, "USER msfadmin\r\n", 15) = 15
20768 14:38:05.915266 write(0, "331 Any password will do.\r\n", 27) = 27
20768 14:38:05.915311 rt_sigaction(SIGALRM, {0x805cad0, ~[RTMIN RT_1], 0}, NULL, 8) = 0
20768 14:38:05.915328 alarm(300)        = 299
20768 14:38:05.915341 recv(0, "PASS msfadmin\r\n", 4096, MSG_PEEK) = 15
20768 14:38:05.915353 read(0, "PASS msfadmin\r\n", 15) = 15
20768 14:38:05.915369 write(0, "230 Already logged in.\r\n", 24) = 24
20768 14:38:05.915429 rt_sigaction(SIGALRM, {0x805cad0, ~[RTMIN RT_1], 0}, NULL, 8) = 0
20768 14:38:05.915444 alarm(300)        = 300
20768 14:38:05.915455 recv(0, "TYPE I\r\n", 4096, MSG_PEEK) = 8
20768 14:38:05.915466 read(0, "TYPE I\r\n", 8) = 8
20768 14:38:05.915480 write(0, "200 Switching to Binary mode.\r\n", 31) = 31
20768 14:38:05.915515 rt_sigaction(SIGALRM, {0x805cad0, ~[RTMIN RT_1], 0}, NULL, 8) = 0
20768 14:38:05.915529 alarm(300)        = 300
20768 14:38:05.915540 recv(0, "PASV\r\n", 4096, MSG_PEEK) = 6
20768 14:38:05.915550 read(0, "PASV\r\n", 6) = 6
20768 14:38:05.915562 write(5, "\n", 1) = 1
20768 14:38:05.915574 read(5,  <unfinished ...>
20766 14:38:05.915582 <... read resumed> "\n", 1) = 1
20766 14:38:05.915591 write(4, "\1", 1) = 1
20768 14:38:05.915601 <... read resumed> "\1", 1) = 1
20768 14:38:05.915608 write(5, "\f", 1) = 1
20768 14:38:05.915618 read(5,  <unfinished ...>
20766 14:38:05.915625 read(4, "\f", 1)  = 1
20766 14:38:05.915636 socket(PF_INET, SOCK_STREAM, IPPROTO_TCP) = 5
20766 14:38:05.915652 setsockopt(5, SOL_SOCKET, SO_REUSEADDR, [1], 4) = 0
20766 14:38:05.915666 bind(5, {sa_family=AF_INET, sin_port=htons(53346), sin_addr=inet_addr("127.0.0.1")}, 16) = 0
20766 14:38:05.915682 listen(5, 1)      = 0
20766 14:38:05.915696 write(4, "b\320\0\0", 4) = 4
20768 14:38:05.915706 <... read resumed> "b\320\0\0", 4) = 4
20768 14:38:05.915718 write(0, "227 Entering Passive Mode (127,0,0,1,208,98).\r\n", 47) = 47
20768 14:38:05.915831 rt_sigaction(SIGALRM, {0x805cad0, ~[RTMIN RT_1], 0}, NULL, 8) = 0
20768 14:38:05.915847 alarm(300)        = 300
20768 14:38:05.915858 recv(0, "RETR myfile0\r\n", 4096, MSG_PEEK) = 14
20768 14:38:05.915870 read(0, "RETR myfile0\r\n", 14) = 14
20768 14:38:05.915882 write(5, "\v", 1) = 1
20768 14:38:05.915892 read(5,  <unfinished ...>
20766 14:38:05.915899 read(4, "\v", 1)  = 1
20766 14:38:05.915910 write(4, "\1\0\0\0", 4) = 4
20768 14:38:05.915954 <... read resumed> "\1\0\0\0", 4) = 4
20768 14:38:05.915964 gettimeofday({1495651085, 915968}, NULL) = 0
20768 14:38:05.915985 getcwd("/home/msfadmin", 4096) = 15
20768 14:38:05.915998 open("myfile0", O_RDONLY|O_NONBLOCK|O_LARGEFILE) = 4
20768 14:38:05.916018 fcntl64(4, F_SETLKW64, {type=F_RDLCK, whence=SEEK_SET, start=0, len=0}, 0xbff04914) = 0
20768 14:38:05.916034 fstat64(4, {st_mode=S_IFREG|0644, st_size=17, ...}) = 0
20768 14:38:05.916051 fcntl64(4, F_GETFL) = 0x8800 (flags O_RDONLY|O_NONBLOCK|O_LARGEFILE)
20768 14:38:05.916062 fcntl64(4, F_SETFL, O_RDONLY|O_LARGEFILE) = 0
20768 14:38:05.916073 write(5, "\v", 1) = 1
20768 14:38:05.916083 read(5,  <unfinished ...>
20766 14:38:05.916090 read(4, "\v", 1)  = 1
20766 14:38:05.916101 write(4, "\1\0\0\0", 4) = 4
20768 14:38:05.916111 <... read resumed> "\1\0\0\0", 4) = 4
20768 14:38:05.916118 write(5, "\v", 1) = 1
20768 14:38:05.916128 read(5,  <unfinished ...>
20766 14:38:05.916135 read(4, "\v", 1)  = 1
20766 14:38:05.916145 write(4, "\1\0\0\0", 4) = 4
20768 14:38:05.916155 <... read resumed> "\1\0\0\0", 4) = 4
20768 14:38:05.916162 write(5, "\r", 1) = 1
20768 14:38:05.916172 read(5,  <unfinished ...>
20766 14:38:05.916178 read(4, "\r", 1)  = 1
20766 14:38:05.916189 select(6, [5], NULL, NULL, {60, 0}) = 1 (in [5], left {60, 0})
20766 14:38:05.916206 accept(5, {sa_family=AF_INET, sin_port=htons(50177), sin_addr=inet_addr("127.0.0.1")}, [16]) = 6
20766 14:38:05.916228 write(4, "\1", 1) = 1
20768 14:38:05.916238 <... read resumed> "\1", 1) = 1
20768 14:38:05.916246 recvmsg(5,  <unfinished ...>
20766 14:38:05.916254 sendmsg(4, {msg_name(0)=NULL, msg_iov(1)=[{"\0", 1}], msg_controllen=16, {cmsg_len=16, cmsg_level=SOL_SOCKET, cmsg_type=SCM_RIGHTS, {6}}, msg_flags=0}, 0) = 1
20768 14:38:05.916271 <... recvmsg resumed> {msg_name(0)=NULL, msg_iov(1)=[{"\0", 1}], msg_controllen=16, {cmsg_len=16, cmsg_level=SOL_SOCKET, cmsg_type=SCM_RIGHTS, {6}}, msg_flags=0}, 0) = 1
20768 14:38:05.916284 setsockopt(6, SOL_SOCKET, SO_KEEPALIVE, [1], 4) = 0
20768 14:38:05.916296 setsockopt(6, SOL_IP, IP_TOS, [8], 4) = 0
20768 14:38:05.916308 setsockopt(6, SOL_SOCKET, SO_LINGER, {onoff=1, linger=32767}, 8) = 0
20768 14:38:05.916319 rt_sigaction(SIGALRM, {0x805cad0, ~[RTMIN RT_1], 0}, NULL, 8) = 0
20768 14:38:05.916332 alarm(300)        = 300
20768 14:38:05.916346 write(0, "150 Opening BINARY mode data connection for myfile0 (17 bytes).\r\n", 65) = 65
20768 14:38:05.916387 _llseek(4, 0, [0], SEEK_CUR) = 0
20768 14:38:05.916399 fstat64(4, {st_mode=S_IFREG|0644, st_size=17, ...}) = 0
20768 14:38:05.916416 _llseek(4, 0, [0], SEEK_SET) = 0
20768 14:38:05.916427 sendfile(6, 4, NULL, 17) = 17
20768 14:38:05.916456 rt_sigaction(SIGALRM, {0x805cad0, ~[RTMIN RT_1], 0}, NULL, 8) = 0
20768 14:38:05.916471 alarm(300)        = 300
20768 14:38:05.916480 close(6)          = 0
20768 14:38:05.916489 alarm(0)          = 300
20768 14:38:05.916499 gettimeofday({1495651085, 916502}, NULL) = 0
20768 14:38:05.916514 gettimeofday({1495651085, 916518}, NULL) = 0
20768 14:38:05.916528 fcntl64(3, F_SETLKW64, {type=F_WRLCK, whence=SEEK_SET, start=0, len=0}, 0xbff048b4) = 0
20768 14:38:05.916543 write(3, "Wed May 24 14:38:05 2017 [pid 20768] [msfadmin] OK DOWNLOAD: Client \"127.0.0.1\", \"/home/msfadmin/myfile0\", 17 bytes, 30.18Kbyte/sec\n", 132) = 132
20768 14:38:05.916563 fcntl64(3, F_SETLK64, {type=F_UNLCK, whence=SEEK_SET, start=0, len=0}, 0xbff048bc) = 0
20768 14:38:05.916577 write(0, "226 Transfer complete.\r\n", 24) = 24
20768 14:38:05.916592 write(5, "\n", 1) = 1
20768 14:38:05.916603 read(5,  <unfinished ...>
20766 14:38:05.916609 close(6)          = 0
20766 14:38:05.916689 read(4, "\n", 1)  = 1
20766 14:38:05.916703 close(5)          = 0
20766 14:38:05.916714 write(4, "\1", 1) = 1
20768 14:38:05.916724 <... read resumed> "\1", 1) = 1
20768 14:38:05.916731 close(4)          = 0
20768 14:38:05.916741 rt_sigaction(SIGALRM, {0x805cad0, ~[RTMIN RT_1], 0}, NULL, 8) = 0
20768 14:38:05.916754 alarm(300)        = 0
20768 14:38:05.916765 recv(0,  <unfinished ...>
20766 14:38:05.916773 read(4,  <unfinished ...>
4380  14:38:06.095264 <... select resumed> ) = 1 (in [5])
4380  14:38:06.095305 accept(5, {sa_family=AF_INET, sin_port=htons(44341), sin_addr=inet_addr("127.0.0.1")}, [16]) = 13
4380  14:38:06.095356 time(NULL)        = 1495651086
4380  14:38:06.095378 clone(child_stack=0, flags=CLONE_CHILD_CLEARTID|CLONE_CHILD_SETTID|SIGCHLD, child_tidptr=0xb7dd26f8) = 20769
20769 14:38:06.095490 rt_sigaction(SIGPIPE, {SIG_DFL}, {SIG_IGN}, 8) = 0
20769 14:38:06.095505 rt_sigaction(SIGTSTP, {SIG_DFL}, {SIG_IGN}, 8) = 0
20769 14:38:06.095517 rt_sigaction(SIGTTIN, {SIG_DFL}, {SIG_IGN}, 8) = 0
20769 14:38:06.095529 rt_sigaction(SIGTTOU, {SIG_DFL}, {SIG_IGN}, 8) = 0
20769 14:38:06.095543 rt_sigprocmask(SIG_SETMASK, [], NULL, 8) = 0
20769 14:38:06.095587 close(3)          = 0
20769 14:38:06.095597 close(4)          = 0
20769 14:38:06.095616 open("/dev/null", O_RDONLY) = 3
20769 14:38:06.095632 dup2(3, 0)        = 0
20769 14:38:06.095642 dup2(3, 1)        = 1
20769 14:38:06.095650 dup2(3, 2)        = 2
20769 14:38:06.095659 close(3)          = 0
20769 14:38:06.095671 setgid32(0)       = 0
20769 14:38:06.095684 setgroups32(0, []) = 0
20769 14:38:06.095695 setuid32(0)       = 0
20769 14:38:06.095707 getpriority(PRIO_PROCESS, 0) = 20
20769 14:38:06.095716 setpriority(PRIO_PROCESS, 0, 10) = 0
20769 14:38:06.095726 getpriority(PRIO_PROCESS, 0) = 10
20769 14:38:06.095763 getpeername(13, {sa_family=AF_INET, sin_port=htons(44341), sin_addr=inet_addr("127.0.0.1")}, [16]) = 0
20769 14:38:06.095786 getsockname(13, {sa_family=AF_INET, sin_port=htons(21), sin_addr=inet_addr("127.0.0.1")}, [16]) = 0
20769 14:38:06.095814 open("/etc/hosts.allow", O_RDONLY) = 3
20769 14:38:06.095833 fstat64(3, {st_mode=S_IFREG|0644, st_size=588, ...}) = 0
20769 14:38:06.095853 mmap2(NULL, 4096, PROT_READ|PROT_WRITE, MAP_PRIVATE|MAP_ANONYMOUS, -1, 0) = 0xb7fa1000
20769 14:38:06.095867 read(3, "# /etc/hosts.allow: list of hosts that are allowed to access the system.\n#                   See the manual pages hosts_access(5) and hosts_options(5).\n#\n# Example:    ALL: LOCAL @some_netgroup\n#             ALL: .foobar.edu EXCEPT terminalserver.foobar.edu\n#\n# If you\'re going to protect the portmapper use the name \"portmap\" for the\n# daemon name. Remember that you can only use the keyword \"ALL\" and IP\n# addresses (NOT host or domain names) for the portmapper, as well as for\n# rpc.mountd (the NFS mount daemon). See portmap(8) and rpc.mountd(8)\n# for further information.\n#\n\nALL:ALL\n", 4096) = 588
20769 14:38:06.095950 close(3)          = 0
20769 14:38:06.095962 munmap(0xb7fa1000, 4096) = 0
20769 14:38:06.095990 fcntl64(13, F_SETFD, 0) = 0
20769 14:38:06.096004 close(7)          = 0
20769 14:38:06.096014 dup2(13, 0)       = 0
20769 14:38:06.096023 dup2(13, 1)       = 1
20769 14:38:06.096031 dup2(13, 2)       = 2
20769 14:38:06.096069 setrlimit(RLIMIT_NOFILE, {rlim_cur=1024, rlim_max=1024}) = 0
20769 14:38:06.096082 close(13)         = 0
20769 14:38:06.096092 setsid()          = 20769
20769 14:38:06.096112 execve("/usr/sbin/vsftpd", ["vsftpd"], [/* 15 vars */]) = 0
20769 14:38:06.096191 brk(0)            = 0x8064000
20769 14:38:06.096212 access("/etc/ld.so.nohwcap", F_OK) = -1 ENOENT (No such file or directory)
20769 14:38:06.096228 mmap2(NULL, 8192, PROT_READ|PROT_WRITE, MAP_PRIVATE|MAP_ANONYMOUS, -1, 0) = 0xb7f49000
20769 14:38:06.096242 access("/etc/ld.so.preload", R_OK) = -1 ENOENT (No such file or directory)
20769 14:38:06.096259 open("/etc/ld.so.cache", O_RDONLY) = 3
20769 14:38:06.096271 fstat64(3, {st_mode=S_IFREG|0644, st_size=29913, ...}) = 0
20769 14:38:06.096288 mmap2(NULL, 29913, PROT_READ, MAP_PRIVATE, 3, 0) = 0xb7f41000
20769 14:38:06.096298 close(3)          = 0
20769 14:38:06.096309 access("/etc/ld.so.nohwcap", F_OK) = -1 ENOENT (No such file or directory)
20769 14:38:06.096324 open("/lib/libpam.so.0", O_RDONLY) = 3
20769 14:38:06.096337 read(3, "\177ELF\1\1\1\0\0\0\0\0\0\0\0\0\3\0\3\0\1\0\0\0\320\30\0\0004\0\0\0\f\220\0\0\0\0\0\0004\0 \0\4\0(\0\33\0\32\0\1\0\0\0\0\0\0\0\0\0\0\0\0\0\0\0t\214\0\0t\214\0\0\5\0\0\0\0\20\0\0\1\0\0\0t\214\0\0t\234\0\0t\234\0\0\250\2\0\0\254\2\0\0\6\0\0\0\0\20\0\0\2\0\0\0D\215\0\0D\235\0\0D\235\0\0\350\0\0\0\350\0\0\0\6\0\0\0\4\0\0\0Q\345td\0\0\0\0\0\0\0\0\0\0\0\0\0\0\0\0\0\0\0\0\6\0\0\0\4\0\0\0\254\0\0\0X\0\0\0D\0\0\0\0\0\0\0G\0\0\0\7\0\0\0*\0\0\0\v\0\0\0\36\0\0\0\0\0\0\0K\0\0\0L\0\0\0\34\0\0\0\0\0\0\0\0\0\0\0V\0\0\0\0\0\0\0\0\0\0\0\21\0\0\0\33\0\0\0\0\0\0\0\0\0\0\0\0\0\0\0>\0\0\0O\0\0\0\0\0\0\0\0\0\0\0\0\0\0\0\2\0\0\0\0\0\0\0\0\0\0\0P\0\0\0R\0\0\0\0\0\0\0A\0\0\0?\0\0\0\0\0\0\0\0\0\0\0;\0\0\0\r\0\0\0\0\0\0\0\0\0\0\0\0\0\0\0006\0\0\0(\0\0\0\0\0\0\0.\0\0\0\16\0\0\0,\0\0\0\0\0\0\0!\0\0\0\30\0\0\0\0\0\0\0\0\0\0\0\0\0\0\0\0\0\0\0\0\0\0\0\31\0\0\0\0\0\0\0<\0\0\0W\0\0\0+\0\0\0M\0\0\0\0\0\0\0\0\0\0\0&\0\0\0\0\0\0\0N\0\0\0\0\0\0\0\0\0\0\0\27\0\0\0\0\0\0\0\0\0\0\0\0\0\0\0001\0\0\0%\0\0\0\35\0\0\0\0\0\0\0/\0\0\0\0\0\0\0\0\0\0\0\0\0\0\0B\0\0\0", 512) = 512
20769 14:38:06.096434 fstat64(3, {st_mode=S_IFREG|0644, st_size=37956, ...}) = 0
20769 14:38:06.096451 mmap2(NULL, 40736, PROT_READ|PROT_EXEC, MAP_PRIVATE|MAP_DENYWRITE, 3, 0) = 0xb7f37000
20769 14:38:06.096463 mmap2(0xb7f40000, 4096, PROT_READ|PROT_WRITE, MAP_PRIVATE|MAP_FIXED|MAP_DENYWRITE, 3, 0x8) = 0xb7f40000
20769 14:38:06.096478 close(3)          = 0
20769 14:38:06.096491 access("/etc/ld.so.nohwcap", F_OK) = -1 ENOENT (No such file or directory)
20769 14:38:06.096505 open("/lib/tls/i686/cmov/libdl.so.2", O_RDONLY) = 3
20769 14:38:06.096519 read(3, "\177ELF\1\1\1\0\0\0\0\0\0\0\0\0\3\0\3\0\1\0\0\0p\n\0\0004\0\0\0L!\0\0\0\0\0\0004\0 \0\10\0(\0\35\0\34\0\6\0\0\0004\0\0\0004\0\0\0004\0\0\0\0\1\0\0\0\1\0\0\5\0\0\0\4\0\0\0\3\0\0\0003\33\0\0003\33\0\0003\33\0\0\23\0\0\0\23\0\0\0\4\0\0\0\1\0\0\0\1\0\0\0\0\0\0\0\0\0\0\0\0\0\0\0\374\34\0\0\374\34\0\0\5\0\0\0\0\20\0\0\1\0\0\0\264\36\0\0\264.\0\0\264.\0\0\230\1\0\0\310\1\0\0\6\0\0\0\0\20\0\0\2\0\0\0\320\36\0\0\320.\0\0\320.\0\0\370\0\0\0\370\0\0\0\6\0\0\0\4\0\0\0\4\0\0\0004\1\0\0004\1\0\0004\1\0\0 \0\0\0 \0\0\0\4\0\0\0\4\0\0\0Q\345td\0\0\0\0\0\0\0\0\0\0\0\0\0\0\0\0\0\0\0\0\6\0\0\0\4\0\0\0R\345td\264\36\0\0\264.\0\0\264.\0\0@\1\0\0@\1\0\0\4\0\0\0\1\0\0\0\4\0\0\0\20\0\0\0\1\0\0\0GNU\0\0\0\0\0\2\0\0\0\6\0\0\0\10\0\0\0\26\0\0\0\31\0\0\0\4\0\0\0\7\0\0\0\230\0\21\0\0B\0\0\202\0`\10\223(\10\336\31\0\0\0\0\0\0\0\0\0\0\0\0\0\0\0\32\0\0\0\0\0\0\0\33\0\0\0\34\0\0\0\0\0\0\0\36\0\0\0\0\0\0\0\0\0\0\0\37\0\0\0!\0\0\0\"\0\0\0\0\0\0\0\0\0\0\0#\0\0\0%\0\0\0&\0\0\0\0\0\0\0(\0\0\0\221!\374\370\225\263_\31\5\350\7\371\6\2\4\371\7\2\4\371\301S\200\30\256\304M\17a\242\222\6\325=l\366\327=l\366\370\31sB\353\26\251\30\373\31sB", 512) = 512
20769 14:38:06.096653 fstat64(3, {st_mode=S_IFREG|0644, st_size=9684, ...}) = 0
20769 14:38:06.096671 mmap2(NULL, 12412, PROT_READ|PROT_EXEC, MAP_PRIVATE|MAP_DENYWRITE, 3, 0) = 0xb7f33000
20769 14:38:06.096683 mmap2(0xb7f35000, 8192, PROT_READ|PROT_WRITE, MAP_PRIVATE|MAP_FIXED|MAP_DENYWRITE, 3, 0x1) = 0xb7f35000
20769 14:38:06.096700 close(3)          = 0
20769 14:38:06.096712 access("/etc/ld.so.nohwcap", F_OK) = -1 ENOENT (No such file or directory)
20769 14:38:06.096725 open("/lib/tls/i686/cmov/libnsl.so.1", O_RDONLY) = 3
20769 14:38:06.096740 read(3, "\177ELF\1\1\1\0\0\0\0\0\0\0\0\0\3\0\3\0\1\0\0\00001\0\0004\0\0\0\234B\1\0\0\0\0\0004\0 \0\10\0(\0\34\0\33\0\6\0\0\0004\0\0\0004\0\0\0004\0\0\0\0\1\0\0\0\1\0\0\5\0\0\0\4\0\0\0\3\0\0\0\340,\1\0\340,\1\0\340,\1\0\23\0\0\0\23\0\0\0\4\0\0\0\1\0\0\0\1\0\0\0\0\0\0\0\0\0\0\0\0\0\0\0\3407\1\0\3407\1\0\5\0\0\0\0\20\0\0\1\0\0\0\300>\1\0\300N\1\0\300N\1\0\350\2\0\0()\0\0\6\0\0\0\0\20\0\0\2\0\0\0\324>\1\0\324N\1\0\324N\1\0\340\0\0\0\340\0\0\0\6\0\0\0\4\0\0\0\4\0\0\0004\1\0\0004\1\0\0004\1\0\0 \0\0\0 \0\0\0\4\0\0\0\4\0\0\0Q\345td\0\0\0\0\0\0\0\0\0\0\0\0\0\0\0\0\0\0\0\0\6\0\0\0\4\0\0\0R\345td\300>\1\0\300N\1\0\300N\1\0004\1\0\0004\1\0\0\4\0\0\0\1\0\0\0\4\0\0\0\20\0\0\0\1\0\0\0GNU\0\0\0\0\0\2\0\0\0\6\0\0\0\10\0\0\0\374\0\0\0q\0\0\0 \0\0\0\n\0\0\0\1\1$\232 \'Q\0@ \0\0\f\1\1\n\1\n\0\0\240:X\0@\1\16$\10\4\200\n`\260\23 @\24\21\20@\3442\324\4H\346\0\1`\3@\260\272\2019\30\235\340\0\0\332\200\0044\2\201J\20{\203+\200\22 d\21\1\0\2\200\306 d`A\n\4\4\4\v\4PD@\200\20\0\22 \4\340@\1\32 \4\2\20\10\0\0\204\260\200\0\340\23\0\212$\0\206\210\0\2`@q\0\0\0\0\0\0\0\0\0\0\0r\0\0\0\0\0\0\0t\0\0\0\0\0\0\0", 512) = 512
20769 14:38:06.096824 fstat64(3, {st_mode=S_IFREG|0644, st_size=83708, ...}) = 0
20769 14:38:06.096840 mmap2(NULL, 4096, PROT_READ|PROT_WRITE, MAP_PRIVATE|MAP_ANONYMOUS, -1, 0) = 0xb7f32000
20769 14:38:06.096856 mmap2(NULL, 96232, PROT_READ|PROT_EXEC, MAP_PRIVATE|MAP_DENYWRITE, 3, 0) = 0xb7f1a000
20769 14:38:06.096867 mmap2(0xb7f2e000, 8192, PROT_READ|PROT_WRITE, MAP_PRIVATE|MAP_FIXED|MAP_DENYWRITE, 3, 0x13) = 0xb7f2e000
20769 14:38:06.096882 mmap2(0xb7f30000, 6120, PROT_READ|PROT_WRITE, MAP_PRIVATE|MAP_FIXED|MAP_ANONYMOUS, -1, 0) = 0xb7f30000
20769 14:38:06.096897 close(3)          = 0
20769 14:38:06.096909 access("/etc/ld.so.nohwcap", F_OK) = -1 ENOENT (No such file or directory)
20769 14:38:06.096923 open("/lib/tls/i686/cmov/libresolv.so.2", O_RDONLY) = 3
20769 14:38:06.096938 read(3, "\177ELF\1\1\1\0\0\0\0\0\0\0\0\0\3\0\3\0\1\0\0\0@!\0\0004\0\0\0\310\2\1\0\0\0\0\0004\0 \0\10\0(\0\35\0\34\0\6\0\0\0004\0\0\0004\0\0\0004\0\0\0\0\1\0\0\0\1\0\0\5\0\0\0\4\0\0\0\3\0\0\0\264\346\0\0\264\346\0\0\264\346\0\0\23\0\0\0\23\0\0\0\4\0\0\0\1\0\0\0\1\0\0\0\0\0\0\0\0\0\0\0\0\0\0\0H\355\0\0H\355\0\0\5\0\0\0\0\20\0\0\1\0\0\0h\372\0\0h\372\0\0h\372\0\0X\7\0\0\\.\0\0\6\0\0\0\0\20\0\0\2\0\0\0\0\377\0\0\0\377\0\0\0\377\0\0\340\0\0\0\340\0\0\0\6\0\0\0\4\0\0\0\4\0\0\0004\1\0\0004\1\0\0004\1\0\0 \0\0\0 \0\0\0\4\0\0\0\4\0\0\0Q\345td\0\0\0\0\0\0\0\0\0\0\0\0\0\0\0\0\0\0\0\0\6\0\0\0\4\0\0\0R\345tdh\372\0\0h\372\0\0h\372\0\0\214\5\0\0\214\5\0\0\4\0\0\0\1\0\0\0\4\0\0\0\20\0\0\0\1\0\0\0GNU\0\0\0\0\0\2\0\0\0\6\0\0\0\10\0\0\0\235\0\0\0;\0\0\0\20\0\0\0\t\0\0\0\244RH\260<\23\340\6\200\4\24\227\221\3\366\225\2@\20\0B\201\205A\20\6\30@A\20U\205\0B\0@\220\204\10\n\0J\0\25\4\21\200\2$\210\4\4P\220\0\2\"]\260D\4\221\t\31;\0\0\0\0\0\0\0\0\0\0\0<\0\0\0>\0\0\0?\0\0\0\0\0\0\0\0\0\0\0\0\0\0\0\0\0\0\0\0\0\0\0\0\0\0\0\0\0\0\0@\0\0\0B\0\0\0C\0\0\0D\0\0\0\0\0\0\0E\0\0\0F\0\0\0\0\0\0\0H\0\0\0\0\0\0\0", 512) = 512
20769 14:38:06.097024 fstat64(3, {st_mode=S_IFREG|0644, st_size=67408, ...}) = 0
20769 14:38:06.097062 mmap2(NULL, 75972, PROT_READ|PROT_EXEC, MAP_PRIVATE|MAP_DENYWRITE, 3, 0) = 0xb7f07000
20769 14:38:06.097075 mmap2(0xb7f16000, 8192, PROT_READ|PROT_WRITE, MAP_PRIVATE|MAP_FIXED|MAP_DENYWRITE, 3, 0xf) = 0xb7f16000
20769 14:38:06.097100 mmap2(0xb7f18000, 6340, PROT_READ|PROT_WRITE, MAP_PRIVATE|MAP_FIXED|MAP_ANONYMOUS, -1, 0) = 0xb7f18000
20769 14:38:06.097114 close(3)          = 0
20769 14:38:06.097126 access("/etc/ld.so.nohwcap", F_OK) = -1 ENOENT (No such file or directory)
20769 14:38:06.097140 open("/lib/tls/i686/cmov/libutil.so.1", O_RDONLY) = 3
20769 14:38:06.097155 read(3, "\177ELF\1\1\1\0\0\0\0\0\0\0\0\0\3\0\3\0\1\0\0\0@\n\0\0004\0\0\0\200!\0\0\0\0\0\0004\0 \0\10\0(\0\34\0\33\0\6\0\0\0004\0\0\0004\0\0\0004\0\0\0\0\1\0\0\0\1\0\0\5\0\0\0\4\0\0\0\3\0\0\0R\23\0\0R\23\0\0R\23\0\0\23\0\0\0\23\0\0\0\4\0\0\0\1\0\0\0\1\0\0\0\0\0\0\0\0\0\0\0\0\0\0\0`\25\0\0`\25\0\0\5\0\0\0\0\20\0\0\1\0\0\0\364\36\0\0\364.\0\0\364.\0\0\230\1\0\0\234\1\0\0\6\0\0\0\0\20\0\0\2\0\0\0\10\37\0\0\10/\0\0\10/\0\0\340\0\0\0\340\0\0\0\6\0\0\0\4\0\0\0\4\0\0\0004\1\0\0004\1\0\0004\1\0\0 \0\0\0 \0\0\0\4\0\0\0\4\0\0\0Q\345td\0\0\0\0\0\0\0\0\0\0\0\0\0\0\0\0\0\0\0\0\6\0\0\0\4\0\0\0R\345td\364\36\0\0\364.\0\0\364.\0\0\0\1\0\0\0\1\0\0\4\0\0\0\1\0\0\0\4\0\0\0\20\0\0\0\1\0\0\0GNU\0\0\0\0\0\2\0\0\0\6\0\0\0\10\0\0\0\r\0\0\0#\0\0\0\2\0\0\0\6\0\0\0\0\240\344\300\204\200\20@\0\0\0\0\0\0\0\0#\0\0\0\0\0\0\0\0\0\0\0$\0\0\0&\0\0\0\'\0\0\0(\0\0\0\0\0\0\0\0\0\0\0\0\0\0\0)\0\0\0\217\365\310\207\364\361\253\272_+\337\v\325=l\366\237<\300|\365\243\343p\277\370\337\17\0\0\0\0\0\0\0\0\0\0\0\0\0\0\0\0S\0\0\0\0\0\0\0\35\0\0\0\22\0\0\0/\1\0\0\0\0\0\0z\0\0\0\22\0\0\0\226\0\0\0\0\0\0\0*\0\0\0\22\0\0\0v\0\0\0", 512) = 512
20769 14:38:06.097241 fstat64(3, {st_mode=S_IFREG|0644, st_size=9696, ...}) = 0
20769 14:38:06.097257 mmap2(NULL, 12432, PROT_READ|PROT_EXEC, MAP_PRIVATE|MAP_DENYWRITE, 3, 0) = 0xb7f03000
20769 14:38:06.097268 mmap2(0xb7f05000, 8192, PROT_READ|PROT_WRITE, MAP_PRIVATE|MAP_FIXED|MAP_DENYWRITE, 3, 0x1) = 0xb7f05000
20769 14:38:06.097284 close(3)          = 0
20769 14:38:06.097296 access("/etc/ld.so.nohwcap", F_OK) = -1 ENOENT (No such file or directory)
