18784 14:17:17.120341 open("/etc/passwd", O_RDONLY|0x80000 /* O_??? */) = 5
18784 14:17:17.120355 _llseek(5, 0, [0], SEEK_CUR) = 0
18784 14:17:17.120366 fstat64(5, {st_mode=S_IFREG|0644, st_size=1624, ...}) = 0
18784 14:17:17.120381 mmap2(NULL, 1624, PROT_READ, MAP_SHARED, 5, 0) = 0xb7f56000
18784 14:17:17.120392 _llseek(5, 1624, [1624], SEEK_SET) = 0
18784 14:17:17.120411 munmap(0xb7f56000, 1624) = 0
18784 14:17:17.120421 close(5)          = 0
18784 14:17:17.120445 open("/etc/shadow", O_RDONLY|0x80000 /* O_??? */) = 5
18784 14:17:17.120462 _llseek(5, 0, [0], SEEK_CUR) = 0
18784 14:17:17.120473 fstat64(5, {st_mode=S_IFREG|0640, st_size=1233, ...}) = 0
18784 14:17:17.120489 mmap2(NULL, 1233, PROT_READ, MAP_SHARED, 5, 0) = 0xb7f56000
18784 14:17:17.120499 _llseek(5, 1233, [1233], SEEK_SET) = 0
18784 14:17:17.120518 munmap(0xb7f56000, 1233) = 0
18784 14:17:17.120528 close(5)          = 0
18784 14:17:17.120546 open("/etc/passwd", O_RDONLY|0x80000 /* O_??? */) = 5
18784 14:17:17.120559 _llseek(5, 0, [0], SEEK_CUR) = 0
18784 14:17:17.120569 fstat64(5, {st_mode=S_IFREG|0644, st_size=1624, ...}) = 0
18784 14:17:17.120585 mmap2(NULL, 1624, PROT_READ, MAP_SHARED, 5, 0) = 0xb7f56000
18784 14:17:17.120595 _llseek(5, 1624, [1624], SEEK_SET) = 0
18784 14:17:17.120611 munmap(0xb7f56000, 1624) = 0
18784 14:17:17.120620 close(5)          = 0
18784 14:17:17.120632 open("/etc/shadow", O_RDONLY|0x80000 /* O_??? */) = 5
18784 14:17:17.120645 _llseek(5, 0, [0], SEEK_CUR) = 0
18784 14:17:17.120655 fstat64(5, {st_mode=S_IFREG|0640, st_size=1233, ...}) = 0
18784 14:17:17.120671 mmap2(NULL, 1233, PROT_READ, MAP_SHARED, 5, 0) = 0xb7f56000
18784 14:17:17.120707 _llseek(5, 1233, [1233], SEEK_SET) = 0
18784 14:17:17.120735 munmap(0xb7f56000, 1233) = 0
18784 14:17:17.120754 close(5)          = 0
18784 14:17:17.120982 getuid32()        = 0
18784 14:17:17.120993 open("/etc/passwd", O_RDONLY|0x80000 /* O_??? */) = 5
18784 14:17:17.121006 _llseek(5, 0, [0], SEEK_CUR) = 0
18784 14:17:17.121016 fstat64(5, {st_mode=S_IFREG|0644, st_size=1624, ...}) = 0
18784 14:17:17.121031 mmap2(NULL, 1624, PROT_READ, MAP_SHARED, 5, 0) = 0xb7f56000
18784 14:17:17.121042 _llseek(5, 1624, [1624], SEEK_SET) = 0
18784 14:17:17.121057 munmap(0xb7f56000, 1624) = 0
18784 14:17:17.121066 close(5)          = 0
18784 14:17:17.121078 open("/etc/shadow", O_RDONLY|0x80000 /* O_??? */) = 5
18784 14:17:17.121091 _llseek(5, 0, [0], SEEK_CUR) = 0
18784 14:17:17.121101 fstat64(5, {st_mode=S_IFREG|0640, st_size=1233, ...}) = 0
18784 14:17:17.121117 mmap2(NULL, 1233, PROT_READ, MAP_SHARED, 5, 0) = 0xb7f56000
18784 14:17:17.121127 _llseek(5, 1233, [1233], SEEK_SET) = 0
18784 14:17:17.121143 munmap(0xb7f56000, 1233) = 0
18784 14:17:17.121152 close(5)          = 0
18784 14:17:17.121163 time(NULL)        = 1495649837
18784 14:17:17.121181 munmap(0xb7f53000, 12164) = 0
18784 14:17:17.121194 munmap(0xb7f51000, 7136) = 0
18784 14:17:17.121199 munmap(0xb7d86000, 95428) = 0
18784 14:17:17.121199 munmap(0xb7d4c000, 201052) = 0
18784 14:17:17.121204 munmap(0xb7d33000, 101180) = 0
18784 14:17:17.121220 gettimeofday({1495649837, 121224}, NULL) = 0
18784 14:17:17.121231 stat64("/usr/share/zoneinfo/UTC+04:00", 0xbfac9434) = -1 ENOENT (No such file or directory)
18784 14:17:17.121246 open("/usr/share/zoneinfo/UTC+04:00", O_RDONLY) = -1 ENOENT (No such file or directory)
18784 14:17:17.121271 fcntl64(3, F_SETLKW64, {type=F_WRLCK, whence=SEEK_SET, start=0, len=0}, 0xbfac9584) = 0
18784 14:17:17.121287 write(3, "Wed May 24 14:17:17 2017 [pid 18784] [msfadmin] OK LOGIN: Client \"127.0.0.1\"\n", 77) = 77
18784 14:17:17.121303 fcntl64(3, F_SETLK64, {type=F_UNLCK, whence=SEEK_SET, start=0, len=0}, 0xbfac958c) = 0
18784 14:17:17.121316 rt_sigaction(SIGCHLD, {0x805cad0, ~[RTMIN RT_1], 0}, NULL, 8) = 0
18784 14:17:17.121330 write(4, "\1", 1 <unfinished ...>
18785 14:17:17.121339 <... read resumed> "\1", 1) = 1
18784 14:17:17.121344 <... write resumed> ) = 1
18785 14:17:17.121351 exit_group(0)     = ?
18784 14:17:17.121378 --- SIGCHLD (Child exited) @ 0 (0) ---
18784 14:17:17.121386 sigreturn()       = ? (mask now [])
18784 14:17:17.121404 wait4(-1, [{WIFEXITED(s) && WEXITSTATUS(s) == 0}], 0, NULL) = 18785
18784 14:17:17.121417 close(4)          = 0
18784 14:17:17.121428 socketpair(PF_FILE, SOCK_STREAM, 0, [4, 5]) = 0
18784 14:17:17.121441 rt_sigaction(SIGCHLD, {0x805cad0, ~[RTMIN RT_1], 0}, NULL, 8) = 0
18784 14:17:17.121455 rt_sigaction(SIGALRM, {0x805cb10, ~[RTMIN RT_1], 0}, NULL, 8) = 0
18784 14:17:17.121468 clone(child_stack=0, flags=CLONE_CHILD_CLEARTID|CLONE_CHILD_SETTID|SIGCHLD, child_tidptr=0xb7dbc6f8) = 18786
18786 14:17:17.121515 prctl(0x1, 0x9, 0, 0, 0) = 0
18786 14:17:17.121528 close(4)          = 0
18786 14:17:17.121554 open("/etc/passwd", O_RDONLY|0x80000 /* O_??? */) = 4
18786 14:17:17.121603 _llseek(4, 0, [0], SEEK_CUR) = 0
18786 14:17:17.121622 fstat64(4, {st_mode=S_IFREG|0644, st_size=1624, ...}) = 0
18786 14:17:17.121659 mmap2(NULL, 1624, PROT_READ, MAP_SHARED, 4, 0) = 0xb7f56000
18786 14:17:17.121671 _llseek(4, 1624, [1624], SEEK_SET) = 0
18786 14:17:17.121693 munmap(0xb7f56000, 1624) = 0
18786 14:17:17.121704 close(4)          = 0
18786 14:17:17.121717 getuid32()        = 0
18786 14:17:17.121727 open("/etc/passwd", O_RDONLY|0x80000 /* O_??? */) = 4
18786 14:17:17.121740 _llseek(4, 0, [0], SEEK_CUR) = 0
18786 14:17:17.121750 fstat64(4, {st_mode=S_IFREG|0644, st_size=1624, ...}) = 0
18786 14:17:17.121766 mmap2(NULL, 1624, PROT_READ, MAP_SHARED, 4, 0) = 0xb7f56000
18786 14:17:17.121777 _llseek(4, 1624, [1624], SEEK_SET) = 0
18786 14:17:17.121792 munmap(0xb7f56000, 1624) = 0
18786 14:17:17.121801 close(4)          = 0
18786 14:17:17.121825 open("/proc/sys/kernel/ngroups_max", O_RDONLY) = 4
18786 14:17:17.121845 read(4, "65536\n", 31) = 6
18786 14:17:17.121857 close(4)          = 0
18786 14:17:17.121871 socket(PF_FILE, SOCK_STREAM, 0) = 4
18786 14:17:17.121882 fcntl64(4, F_SETFL, O_RDWR|O_NONBLOCK) = 0
18786 14:17:17.121893 connect(4, {sa_family=AF_FILE, path="/var/run/nscd/socket"}, 110) = -1 ENOENT (No such file or directory)
18786 14:17:17.121913 close(4)          = 0
18786 14:17:17.121924 socket(PF_FILE, SOCK_STREAM, 0) = 4
18786 14:17:17.121934 fcntl64(4, F_SETFL, O_RDWR|O_NONBLOCK) = 0
18786 14:17:17.121944 connect(4, {sa_family=AF_FILE, path="/var/run/nscd/socket"}, 110) = -1 ENOENT (No such file or directory)
18786 14:17:17.121961 close(4)          = 0
18786 14:17:17.121984 open("/etc/group", O_RDONLY|0x80000 /* O_??? */) = 4
18786 14:17:17.122000 _llseek(4, 0, [0], SEEK_CUR) = 0
18786 14:17:17.122011 fstat64(4, {st_mode=S_IFREG|0644, st_size=886, ...}) = 0
18786 14:17:17.122027 mmap2(NULL, 886, PROT_READ, MAP_SHARED, 4, 0) = 0xb7f56000
18786 14:17:17.122038 _llseek(4, 886, [886], SEEK_SET) = 0
18786 14:17:17.122062 fstat64(4, {st_mode=S_IFREG|0644, st_size=886, ...}) = 0
18786 14:17:17.122078 munmap(0xb7f56000, 886) = 0
18786 14:17:17.122092 close(4)          = 0
18786 14:17:17.122102 setgroups32(13, [1000, 4, 20, 24, 25, 29, 30, 44, 46, 107, 111, 112, 119]) = 0
18786 14:17:17.122118 geteuid32()       = 0
18786 14:17:17.122128 getegid32()       = 0
18786 14:17:17.122138 setregid32(-1, 1000) = 0
18786 14:17:17.122148 setreuid32(-1, 1000) = 0
18786 14:17:17.122159 chdir("/home/msfadmin") = 0
18786 14:17:17.122170 setreuid32(-1, 0) = 0
18786 14:17:17.122179 setregid32(-1, 0) = 0
18786 14:17:17.122189 setgid32(1000)    = 0
18786 14:17:17.122198 setuid32(1000)    = 0
18786 14:17:17.122208 setrlimit(RLIMIT_NPROC, {rlim_cur=0, rlim_max=0}) = 0
18786 14:17:17.122221 mmap2(NULL, 12288, PROT_READ|PROT_WRITE, MAP_PRIVATE|MAP_ANONYMOUS, -1, 0) = 0xb7f54000
18786 14:17:17.122232 mprotect(0xb7f56000, 4096, PROT_NONE) = 0
18786 14:17:17.122243 mprotect(0xb7f54000, 4096, PROT_NONE) = 0
18786 14:17:17.122254 getcwd("/home/msfadmin", 4096) = 15
18786 14:17:17.122266 umask(022)        = 077
18786 14:17:17.122276 getcwd("/home/msfadmin", 4096) = 15
18786 14:17:17.122289 open(".message", O_RDONLY|O_NONBLOCK|O_LARGEFILE) = -1 ENOENT (No such file or directory)
18786 14:17:17.122311 write(0, "230 Login successful.\r\n", 23) = 23
18786 14:17:17.122375 rt_sigaction(SIGALRM, {0x805cad0, ~[RTMIN RT_1], 0}, NULL, 8) = 0
18786 14:17:17.122392 alarm(300)        = 0
18786 14:17:17.122402 mmap2(NULL, 12288, PROT_READ|PROT_WRITE, MAP_PRIVATE|MAP_ANONYMOUS, -1, 0) = 0xb7f51000
18786 14:17:17.122413 mprotect(0xb7f53000, 4096, PROT_NONE) = 0
18786 14:17:17.122424 mprotect(0xb7f51000, 4096, PROT_NONE) = 0
18786 14:17:17.122436 recv(0, "TYPE I\r\n", 4096, MSG_PEEK) = 8
18786 14:17:17.122448 read(0, "TYPE I\r\n", 8) = 8
18786 14:17:17.122465 write(0, "200 Switching to Binary mode.\r\n", 31) = 31
18786 14:17:17.122503 rt_sigaction(SIGALRM, {0x805cad0, ~[RTMIN RT_1], 0}, NULL, 8) = 0
18786 14:17:17.122517 alarm(300)        = 300
18786 14:17:17.122528 recv(0, "PASV\r\n", 4096, MSG_PEEK) = 6
18786 14:17:17.122539 read(0, "PASV\r\n", 6) = 6
18786 14:17:17.122579 write(5, "\n", 1) = 1
18786 14:17:17.122600 read(5,  <unfinished ...>
18784 14:17:17.122622 close(5)          = 0
18784 14:17:17.122634 getuid32()        = 0
18784 14:17:17.122649 open("/etc/passwd", O_RDONLY|0x80000 /* O_??? */) = 5
18784 14:17:17.122663 _llseek(5, 0, [0], SEEK_CUR) = 0
18784 14:17:17.122675 fstat64(5, {st_mode=S_IFREG|0644, st_size=1624, ...}) = 0
18784 14:17:17.122692 mmap2(NULL, 1624, PROT_READ, MAP_SHARED, 5, 0) = 0xb7f56000
18784 14:17:17.122703 _llseek(5, 1624, [1624], SEEK_SET) = 0
18784 14:17:17.122721 munmap(0xb7f56000, 1624) = 0
18784 14:17:17.122732 close(5)          = 0
18784 14:17:17.122747 setgroups32(0, []) = 0
18784 14:17:17.122758 chdir("/usr/share/empty") = 0
18784 14:17:17.122770 chroot(".")       = 0
18784 14:17:17.122780 capset(NULL, NULL) = -1 EFAULT (Bad address)
18784 14:17:17.122793 prctl(0x8, 0, 0xbfac9568, 0x80549a6, 0xbfac9550) = 0
18784 14:17:17.122804 prctl(0x8, 0x1, 0xbfac9568, 0x8054a49, 0xbfac9550) = 0
18784 14:17:17.122813 setgid32(65534)   = 0
18784 14:17:17.122823 setuid32(65534)   = 0
18784 14:17:17.122832 capset(0x19980330, 0, {CAP_NET_BIND_SERVICE, CAP_NET_BIND_SERVICE, 0}) = 0
18784 14:17:17.122845 read(4, "\n", 1)  = 1
18784 14:17:17.122857 write(4, "\1", 1) = 1
18786 14:17:17.122868 <... read resumed> "\1", 1) = 1
18786 14:17:17.122876 write(5, "\f", 1) = 1
18786 14:17:17.122885 read(5,  <unfinished ...>
18784 14:17:17.122892 read(4, "\f", 1)  = 1
18784 14:17:17.122904 socket(PF_INET, SOCK_STREAM, IPPROTO_TCP) = 5
18784 14:17:17.122917 setsockopt(5, SOL_SOCKET, SO_REUSEADDR, [1], 4) = 0
18784 14:17:17.122928 gettimeofday({1495649837, 122931}, NULL) = 0
18784 14:17:17.122943 bind(5, {sa_family=AF_INET, sin_port=htons(44148), sin_addr=inet_addr("127.0.0.1")}, 16) = 0
18784 14:17:17.122959 listen(5, 1)      = 0
18784 14:17:17.122972 write(4, "t\254\0\0", 4) = 4
18786 14:17:17.122982 <... read resumed> "t\254\0\0", 4) = 4
18786 14:17:17.122996 write(0, "227 Entering Passive Mode (127,0,0,1,172,116).\r\n", 48) = 48
18786 14:17:17.123094 rt_sigaction(SIGALRM, {0x805cad0, ~[RTMIN RT_1], 0}, NULL, 8) = 0
18786 14:17:17.123115 alarm(300)        = 300
18786 14:17:17.123126 recv(0, "RETR myfile14\r\n", 4096, MSG_PEEK) = 15
18786 14:17:17.123138 read(0, "RETR myfile14\r\n", 15) = 15
18786 14:17:17.123152 write(5, "\v", 1) = 1
18786 14:17:17.123163 read(5,  <unfinished ...>
18784 14:17:17.123170 read(4, "\v", 1)  = 1
18784 14:17:17.123181 write(4, "\1\0\0\0", 4) = 4
18786 14:17:17.123191 <... read resumed> "\1\0\0\0", 4) = 4
18786 14:17:17.123199 gettimeofday({1495649837, 123203}, NULL) = 0
18786 14:17:17.123210 getcwd("/home/msfadmin", 4096) = 15
18786 14:17:17.123222 open("myfile14", O_RDONLY|O_NONBLOCK|O_LARGEFILE) = 4
18786 14:17:17.123235 fcntl64(4, F_SETLKW64, {type=F_RDLCK, whence=SEEK_SET, start=0, len=0}, 0xbfac94d4) = 0
18786 14:17:17.123248 fstat64(4, {st_mode=S_IFREG|0644, st_size=17, ...}) = 0
18786 14:17:17.123264 fcntl64(4, F_GETFL) = 0x8800 (flags O_RDONLY|O_NONBLOCK|O_LARGEFILE)
18786 14:17:17.123274 fcntl64(4, F_SETFL, O_RDONLY|O_LARGEFILE) = 0
18786 14:17:17.123286 write(5, "\v", 1) = 1
18786 14:17:17.123297 read(5,  <unfinished ...>
18784 14:17:17.123304 read(4, "\v", 1)  = 1
18784 14:17:17.123315 write(4, "\1\0\0\0", 4) = 4
18786 14:17:17.123325 <... read resumed> "\1\0\0\0", 4) = 4
18786 14:17:17.123332 write(5, "\v", 1) = 1
18786 14:17:17.123342 read(5,  <unfinished ...>
18784 14:17:17.123348 read(4, "\v", 1)  = 1
18784 14:17:17.123359 write(4, "\1\0\0\0", 4) = 4
18786 14:17:17.123369 <... read resumed> "\1\0\0\0", 4) = 4
18786 14:17:17.123376 write(5, "\r", 1) = 1
18786 14:17:17.123385 read(5,  <unfinished ...>
18784 14:17:17.123392 read(4, "\r", 1)  = 1
18784 14:17:17.123404 select(6, [5], NULL, NULL, {60, 0}) = 1 (in [5], left {60, 0})
18784 14:17:17.123420 accept(5, {sa_family=AF_INET, sin_port=htons(42224), sin_addr=inet_addr("127.0.0.1")}, [16]) = 6
18784 14:17:17.123441 write(4, "\1", 1) = 1
18786 14:17:17.123452 <... read resumed> "\1", 1) = 1
18786 14:17:17.123461 recvmsg(5,  <unfinished ...>
18784 14:17:17.123470 sendmsg(4, {msg_name(0)=NULL, msg_iov(1)=[{"\0", 1}], msg_controllen=16, {cmsg_len=16, cmsg_level=SOL_SOCKET, cmsg_type=SCM_RIGHTS, {6}}, msg_flags=0}, 0) = 1
18786 14:17:17.123487 <... recvmsg resumed> {msg_name(0)=NULL, msg_iov(1)=[{"\0", 1}], msg_controllen=16, {cmsg_len=16, cmsg_level=SOL_SOCKET, cmsg_type=SCM_RIGHTS, {6}}, msg_flags=0}, 0) = 1
18786 14:17:17.123499 setsockopt(6, SOL_SOCKET, SO_KEEPALIVE, [1], 4) = 0
18786 14:17:17.123653 setsockopt(6, SOL_IP, IP_TOS, [8], 4) = 0
18786 14:17:17.123668 setsockopt(6, SOL_SOCKET, SO_LINGER, {onoff=1, linger=32767}, 8) = 0
18786 14:17:17.123679 rt_sigaction(SIGALRM, {0x805cad0, ~[RTMIN RT_1], 0}, NULL, 8) = 0
18786 14:17:17.123711 alarm(300)        = 300
18786 14:17:17.123725 write(0, "150 Opening BINARY mode data connection for myfile14 (17 bytes).\r\n", 66) = 66
18786 14:17:17.123768 _llseek(4, 0, [0], SEEK_CUR) = 0
18786 14:17:17.123780 fstat64(4, {st_mode=S_IFREG|0644, st_size=17, ...}) = 0
18786 14:17:17.123797 _llseek(4, 0, [0], SEEK_SET) = 0
18786 14:17:17.123809 sendfile(6, 4, NULL, 17) = 17
18786 14:17:17.123836 rt_sigaction(SIGALRM, {0x805cad0, ~[RTMIN RT_1], 0}, NULL, 8) = 0
18786 14:17:17.123851 alarm(300)        = 300
18786 14:17:17.123860 close(6)          = 0
18786 14:17:17.123869 alarm(0)          = 300
18786 14:17:17.123878 gettimeofday({1495649837, 123882}, NULL) = 0
18786 14:17:17.123895 getpid()          = 18786
18786 14:17:17.123906 gettimeofday({1495649837, 123910}, NULL) = 0
18786 14:17:17.123923 fcntl64(3, F_SETLKW64, {type=F_WRLCK, whence=SEEK_SET, start=0, len=0}, 0xbfac9474) = 0
18786 14:17:17.123938 write(3, "Wed May 24 14:17:17 2017 [pid 18786] [msfadmin] OK DOWNLOAD: Client \"127.0.0.1\", \"/home/msfadmin/myfile14\", 17 bytes, 23.48Kbyte/sec\n", 133) = 133
18786 14:17:17.123957 fcntl64(3, F_SETLK64, {type=F_UNLCK, whence=SEEK_SET, start=0, len=0}, 0xbfac947c) = 0
18786 14:17:17.123971 write(0, "226 Transfer complete.\r\n", 24) = 24
18786 14:17:17.123986 write(5, "\n", 1) = 1
18786 14:17:17.123996 read(5,  <unfinished ...>
18784 14:17:17.124003 close(6)          = 0
18784 14:17:17.124082 read(4, "\n", 1)  = 1
18784 14:17:17.124095 close(5)          = 0
18784 14:17:17.124106 write(4, "\1", 1) = 1
18786 14:17:17.124134 <... read resumed> "\1", 1) = 1
18786 14:17:17.124155 close(4)          = 0
18786 14:17:17.124166 rt_sigaction(SIGALRM, {0x805cad0, ~[RTMIN RT_1], 0}, NULL, 8) = 0
18786 14:17:17.124199 alarm(300)        = 0
18786 14:17:17.124210 recv(0,  <unfinished ...>
18784 14:17:17.124218 read(4,  <unfinished ...>
18783 14:17:17.151819 <... recv resumed> "TYPE I\r\n", 4096, MSG_PEEK) = 8
18783 14:17:17.151953 read(0, "TYPE I\r\n", 8) = 8
18783 14:17:17.152070 write(0, "200 Switching to Binary mode.\r\n", 31) = 31
18783 14:17:17.152174 rt_sigaction(SIGALRM, {0x805cad0, ~[RTMIN RT_1], 0}, NULL, 8) = 0
18783 14:17:17.152208 alarm(300)        = 299
18783 14:17:17.152235 recv(0, "PASV\r\n", 4096, MSG_PEEK) = 6
18783 14:17:17.152253 read(0, "PASV\r\n", 6) = 6
18783 14:17:17.152266 write(5, "\n", 1 <unfinished ...>
18781 14:17:17.152277 <... read resumed> "\n", 1) = 1
18783 14:17:17.152282 <... write resumed> ) = 1
18781 14:17:17.152290 write(4, "\1", 1) = 1
18781 14:17:17.152301 read(4,  <unfinished ...>
18783 14:17:17.152308 read(5, "\1", 1)  = 1
18783 14:17:17.152319 write(5, "\f", 1 <unfinished ...>
18781 14:17:17.152326 <... read resumed> "\f", 1) = 1
18783 14:17:17.152331 <... write resumed> ) = 1
18781 14:17:17.152338 socket(PF_INET, SOCK_STREAM, IPPROTO_TCP) = 5
18781 14:17:17.152354 setsockopt(5, SOL_SOCKET, SO_REUSEADDR, [1], 4) = 0
18781 14:17:17.152368 bind(5, {sa_family=AF_INET, sin_port=htons(20547), sin_addr=inet_addr("127.0.0.1")}, 16) = 0
18781 14:17:17.152385 listen(5, 1)      = 0
18781 14:17:17.152398 write(4, "CP\0\0", 4) = 4
18781 14:17:17.152409 read(4,  <unfinished ...>
18783 14:17:17.152416 read(5, "CP\0\0", 4) = 4
18783 14:17:17.152432 write(0, "227 Entering Passive Mode (127,0,0,1,80,67).\r\n", 46) = 46
18783 14:17:17.152544 rt_sigaction(SIGALRM, {0x805cad0, ~[RTMIN RT_1], 0}, NULL, 8) = 0
18783 14:17:17.152561 alarm(300)        = 300
18783 14:17:17.152572 recv(0, "STOR myfile1\r\n", 4096, MSG_PEEK) = 14
18783 14:17:17.152584 read(0, "STOR myfile1\r\n", 14) = 14
18783 14:17:17.152598 write(5, "\v", 1 <unfinished ...>
18781 14:17:17.152606 <... read resumed> "\v", 1) = 1
18783 14:17:17.152611 <... write resumed> ) = 1
18781 14:17:17.152617 write(4, "\1\0\0\0", 4) = 4
18781 14:17:17.152628 read(4,  <unfinished ...>
18783 14:17:17.152635 read(5, "\1\0\0\0", 4) = 4
18783 14:17:17.152646 gettimeofday({1495649837, 152650}, NULL) = 0
18783 14:17:17.152658 getcwd("/home/msfadmin", 4096) = 15
18783 14:17:17.152670 open("myfile1", O_WRONLY|O_CREAT|O_NONBLOCK|O_LARGEFILE, 0666) = 4
18783 14:17:17.152684 fstat64(4, {st_mode=S_IFREG|0644, st_size=17, ...}) = 0
18783 14:17:17.152702 fcntl64(4, F_GETFL) = 0x8801 (flags O_WRONLY|O_NONBLOCK|O_LARGEFILE)
18783 14:17:17.152713 fcntl64(4, F_SETFL, O_WRONLY|O_LARGEFILE) = 0
18783 14:17:17.152723 fcntl64(4, F_SETLKW64, {type=F_WRLCK, whence=SEEK_SET, start=0, len=0}, 0xbffc99b4) = 0
18783 14:17:17.152737 ftruncate64(4, 0) = 0
18783 14:17:17.152790 _llseek(4, 0, [0], SEEK_SET) = 0
18783 14:17:17.152812 write(5, "\v", 1 <unfinished ...>
18781 14:17:17.152821 <... read resumed> "\v", 1) = 1
18783 14:17:17.152825 <... write resumed> ) = 1
18781 14:17:17.152832 write(4, "\1\0\0\0", 4) = 4
18781 14:17:17.152842 read(4,  <unfinished ...>
18783 14:17:17.152849 read(5, "\1\0\0\0", 4) = 4
18783 14:17:17.152860 write(5, "\v", 1 <unfinished ...>
18781 14:17:17.152867 <... read resumed> "\v", 1) = 1
18783 14:17:17.152872 <... write resumed> ) = 1
18781 14:17:17.152878 write(4, "\1\0\0\0", 4) = 4
18781 14:17:17.152888 read(4,  <unfinished ...>
18783 14:17:17.152895 read(5, "\1\0\0\0", 4) = 4
18783 14:17:17.152906 write(5, "\r", 1 <unfinished ...>
18781 14:17:17.152913 <... read resumed> "\r", 1) = 1
18783 14:17:17.152918 <... write resumed> ) = 1
18781 14:17:17.152925 select(6, [5], NULL, NULL, {60, 0}) = 1 (in [5], left {60, 0})
18781 14:17:17.152941 accept(5, {sa_family=AF_INET, sin_port=htons(50644), sin_addr=inet_addr("127.0.0.1")}, [16]) = 6
18781 14:17:17.152969 write(4, "\1", 1) = 1
18781 14:17:17.152982 sendmsg(4, {msg_name(0)=NULL, msg_iov(1)=[{"\0", 1}], msg_controllen=16, {cmsg_len=16, cmsg_level=SOL_SOCKET, cmsg_type=SCM_RIGHTS, {6}}, msg_flags=0}, 0) = 1
18781 14:17:17.152999 close(6)          = 0
18781 14:17:17.153008 read(4,  <unfinished ...>
18783 14:17:17.153015 read(5, "\1", 1)  = 1
18783 14:17:17.153028 recvmsg(5, {msg_name(0)=NULL, msg_iov(1)=[{"\0", 1}], msg_controllen=16, {cmsg_len=16, cmsg_level=SOL_SOCKET, cmsg_type=SCM_RIGHTS, {6}}, msg_flags=0}, 0) = 1
18783 14:17:17.153046 setsockopt(6, SOL_SOCKET, SO_KEEPALIVE, [1], 4) = 0
18783 14:17:17.153058 setsockopt(6, SOL_IP, IP_TOS, [8], 4) = 0
18783 14:17:17.153070 setsockopt(6, SOL_SOCKET, SO_LINGER, {onoff=1, linger=32767}, 8) = 0
18783 14:17:17.153082 rt_sigaction(SIGALRM, {0x805cad0, ~[RTMIN RT_1], 0}, NULL, 8) = 0
18783 14:17:17.153095 alarm(300)        = 300
18783 14:17:17.153107 write(0, "150 Ok to send data.\r\n", 22) = 22
18783 14:17:17.153174 read(6, "assasaaa\na\na\na\na\n", 65536) = 17
18783 14:17:17.153188 write(4, "assasaaa\na\na\na\na\n", 17) = 17
18783 14:17:17.153204 read(6, "", 65536) = 0
18783 14:17:17.153214 rt_sigaction(SIGALRM, {0x805cad0, ~[RTMIN RT_1], 0}, NULL, 8) = 0
18783 14:17:17.153228 alarm(300)        = 300
18783 14:17:17.153238 close(6)          = 0
18783 14:17:17.153255 alarm(0)          = 300
18783 14:17:17.153265 gettimeofday({1495649837, 153269}, NULL) = 0
18783 14:17:17.153281 gettimeofday({1495649837, 153285}, NULL) = 0
18783 14:17:17.153295 fcntl64(3, F_SETLKW64, {type=F_WRLCK, whence=SEEK_SET, start=0, len=0}, 0xbffc9954) = 0
18783 14:17:17.153311 write(3, "Wed May 24 14:17:17 2017 [pid 18783] [msfadmin] OK UPLOAD: Client \"127.0.0.1\", \"/home/msfadmin/myfile1\", 17 bytes, 26.14Kbyte/sec\n", 130) = 130
18783 14:17:17.153332 fcntl64(3, F_SETLK64, {type=F_UNLCK, whence=SEEK_SET, start=0, len=0}, 0xbffc995c) = 0
18783 14:17:17.153347 write(0, "226 Transfer complete.\r\n", 24) = 24
18783 14:17:17.153389 write(5, "\n", 1 <unfinished ...>
18781 14:17:17.153399 <... read resumed> "\n", 1) = 1
18783 14:17:17.153404 <... write resumed> ) = 1
18781 14:17:17.153410 close(5)          = 0
18781 14:17:17.153421 write(4, "\1", 1) = 1
18781 14:17:17.153432 read(4,  <unfinished ...>
18783 14:17:17.153439 read(5, "\1", 1)  = 1
18783 14:17:17.153450 close(4)          = 0
18783 14:17:17.153461 rt_sigaction(SIGALRM, {0x805cad0, ~[RTMIN RT_1], 0}, NULL, 8) = 0
18783 14:17:17.153474 alarm(300)        = 0
18783 14:17:17.153485 recv(0,  <unfinished ...>
18786 14:17:17.671321 <... recv resumed> "USER msfadmin\r\n", 4096, MSG_PEEK) = 15
18786 14:17:17.671361 read(0, "USER msfadmin\r\n", 15) = 15
18786 14:17:17.671386 write(0, "331 Any password will do.\r\n", 27) = 27
18786 14:17:17.671431 rt_sigaction(SIGALRM, {0x805cad0, ~[RTMIN RT_1], 0}, NULL, 8) = 0
18786 14:17:17.671448 alarm(300)        = 299
18786 14:17:17.671461 recv(0, "PASS msfadmin\r\n", 4096, MSG_PEEK) = 15
18786 14:17:17.671473 read(0, "PASS msfadmin\r\n", 15) = 15
18786 14:17:17.671489 write(0, "230 Already logged in.\r\n", 24) = 24
18786 14:17:17.671550 rt_sigaction(SIGALRM, {0x805cad0, ~[RTMIN RT_1], 0}, NULL, 8) = 0
18786 14:17:17.671565 alarm(300)        = 300
18786 14:17:17.671576 recv(0, "TYPE I\r\n", 4096, MSG_PEEK) = 8
18786 14:17:17.671588 read(0, "TYPE I\r\n", 8) = 8
18786 14:17:17.671602 write(0, "200 Switching to Binary mode.\r\n", 31) = 31
18786 14:17:17.671637 rt_sigaction(SIGALRM, {0x805cad0, ~[RTMIN RT_1], 0}, NULL, 8) = 0
18786 14:17:17.671651 alarm(300)        = 300
18786 14:17:17.671662 recv(0, "PASV\r\n", 4096, MSG_PEEK) = 6
18786 14:17:17.671673 read(0, "PASV\r\n", 6) = 6
18786 14:17:17.671684 write(5, "\n", 1) = 1
18786 14:17:17.671696 read(5,  <unfinished ...>
18784 14:17:17.671705 <... read resumed> "\n", 1) = 1
18784 14:17:17.671715 write(4, "\1", 1) = 1
18786 14:17:17.671725 <... read resumed> "\1", 1) = 1
18786 14:17:17.671733 write(5, "\f", 1) = 1
18786 14:17:17.671743 read(5,  <unfinished ...>
18784 14:17:17.671749 read(4, "\f", 1)  = 1
18784 14:17:17.671761 socket(PF_INET, SOCK_STREAM, IPPROTO_TCP) = 5
18784 14:17:17.671784 setsockopt(5, SOL_SOCKET, SO_REUSEADDR, [1], 4) = 0
18784 14:17:17.671799 bind(5, {sa_family=AF_INET, sin_port=htons(18597), sin_addr=inet_addr("127.0.0.1")}, 16) = 0
18784 14:17:17.671815 listen(5, 1)      = 0
18784 14:17:17.671829 write(4, "\245H\0\0", 4) = 4
18786 14:17:17.671840 <... read resumed> "\245H\0\0", 4) = 4
18786 14:17:17.671852 write(0, "227 Entering Passive Mode (127,0,0,1,72,165).\r\n", 47) = 47
18786 14:17:17.671966 rt_sigaction(SIGALRM, {0x805cad0, ~[RTMIN RT_1], 0}, NULL, 8) = 0
18786 14:17:17.671982 alarm(300)        = 300
18786 14:17:17.671994 recv(0, "RETR myfile15\r\n", 4096, MSG_PEEK) = 15
18786 14:17:17.672005 read(0, "RETR myfile15\r\n", 15) = 15
18786 14:17:17.672018 write(5, "\v", 1) = 1
18786 14:17:17.672029 read(5,  <unfinished ...>
18784 14:17:17.672036 read(4, "\v", 1)  = 1
18784 14:17:17.672186 write(4, "\1\0\0\0", 4) = 4
18786 14:17:17.672200 <... read resumed> "\1\0\0\0", 4) = 4
18786 14:17:17.672220 gettimeofday({1495649837, 672224}, NULL) = 0
18786 14:17:17.672231 getcwd("/home/msfadmin", 4096) = 15
18786 14:17:17.672244 open("myfile15", O_RDONLY|O_NONBLOCK|O_LARGEFILE) = 4
18786 14:17:17.672257 fcntl64(4, F_SETLKW64, {type=F_RDLCK, whence=SEEK_SET, start=0, len=0}, 0xbfac94d4) = 0
18786 14:17:17.672273 fstat64(4, {st_mode=S_IFREG|0644, st_size=17, ...}) = 0
18786 14:17:17.672290 fcntl64(4, F_GETFL) = 0x8800 (flags O_RDONLY|O_NONBLOCK|O_LARGEFILE)
18786 14:17:17.672301 fcntl64(4, F_SETFL, O_RDONLY|O_LARGEFILE) = 0
18786 14:17:17.672312 write(5, "\v", 1) = 1
18786 14:17:17.672322 read(5,  <unfinished ...>
18784 14:17:17.672329 read(4, "\v", 1)  = 1
18784 14:17:17.672340 write(4, "\1\0\0\0", 4) = 4
18786 14:17:17.672351 <... read resumed> "\1\0\0\0", 4) = 4
18786 14:17:17.672358 write(5, "\v", 1) = 1
18786 14:17:17.672368 read(5,  <unfinished ...>
18784 14:17:17.672374 read(4, "\v", 1)  = 1
18784 14:17:17.672385 write(4, "\1\0\0\0", 4) = 4
18786 14:17:17.672395 <... read resumed> "\1\0\0\0", 4) = 4
18786 14:17:17.672402 write(5, "\r", 1) = 1
18786 14:17:17.672412 read(5,  <unfinished ...>
18784 14:17:17.672418 read(4, "\r", 1)  = 1
18784 14:17:17.672430 select(6, [5], NULL, NULL, {60, 0}) = 1 (in [5], left {60, 0})
18784 14:17:17.672447 accept(5, {sa_family=AF_INET, sin_port=htons(34960), sin_addr=inet_addr("127.0.0.1")}, [16]) = 6
18784 14:17:17.672469 write(4, "\1", 1) = 1
18786 14:17:17.672479 <... read resumed> "\1", 1) = 1
18786 14:17:17.672488 recvmsg(5,  <unfinished ...>
18784 14:17:17.672496 sendmsg(4, {msg_name(0)=NULL, msg_iov(1)=[{"\0", 1}], msg_controllen=16, {cmsg_len=16, cmsg_level=SOL_SOCKET, cmsg_type=SCM_RIGHTS, {6}}, msg_flags=0}, 0) = 1
18786 14:17:17.672513 <... recvmsg resumed> {msg_name(0)=NULL, msg_iov(1)=[{"\0", 1}], msg_controllen=16, {cmsg_len=16, cmsg_level=SOL_SOCKET, cmsg_type=SCM_RIGHTS, {6}}, msg_flags=0}, 0) = 1
18786 14:17:17.672527 setsockopt(6, SOL_SOCKET, SO_KEEPALIVE, [1], 4) = 0
18786 14:17:17.672539 setsockopt(6, SOL_IP, IP_TOS, [8], 4) = 0
18786 14:17:17.672550 setsockopt(6, SOL_SOCKET, SO_LINGER, {onoff=1, linger=32767}, 8) = 0
18786 14:17:17.672561 rt_sigaction(SIGALRM, {0x805cad0, ~[RTMIN RT_1], 0}, NULL, 8) = 0
18786 14:17:17.672574 alarm(300)        = 300
18786 14:17:17.672588 write(0, "150 Opening BINARY mode data connection for myfile15 (17 bytes).\r\n", 66) = 66
18786 14:17:17.672629 _llseek(4, 0, [0], SEEK_CUR) = 0
18786 14:17:17.672642 fstat64(4, {st_mode=S_IFREG|0644, st_size=17, ...}) = 0
18786 14:17:17.672659 _llseek(4, 0, [0], SEEK_SET) = 0
18786 14:17:17.672669 sendfile(6, 4, NULL, 17) = 17
18786 14:17:17.672699 rt_sigaction(SIGALRM, {0x805cad0, ~[RTMIN RT_1], 0}, NULL, 8) = 0
18786 14:17:17.672713 alarm(300)        = 300
18786 14:17:17.672723 close(6)          = 0
18786 14:17:17.672732 alarm(0)          = 300
18786 14:17:17.672741 gettimeofday({1495649837, 672745}, NULL) = 0
18786 14:17:17.672756 gettimeofday({1495649837, 672760}, NULL) = 0
18786 14:17:17.672770 fcntl64(3, F_SETLKW64, {type=F_WRLCK, whence=SEEK_SET, start=0, len=0}, 0xbfac9474) = 0
18786 14:17:17.672784 write(3, "Wed May 24 14:17:17 2017 [pid 18786] [msfadmin] OK DOWNLOAD: Client \"127.0.0.1\", \"/home/msfadmin/myfile15\", 17 bytes, 30.97Kbyte/sec\n", 133) = 133
18786 14:17:17.672810 fcntl64(3, F_SETLK64, {type=F_UNLCK, whence=SEEK_SET, start=0, len=0}, 0xbfac947c) = 0
18786 14:17:17.672824 write(0, "226 Transfer complete.\r\n", 24) = 24
18786 14:17:17.672839 write(5, "\n", 1) = 1
18786 14:17:17.672850 read(5,  <unfinished ...>
18784 14:17:17.672857 close(6)          = 0
18784 14:17:17.672937 read(4, "\n", 1)  = 1
18784 14:17:17.672951 close(5)          = 0
18784 14:17:17.672962 write(4, "\1", 1) = 1
18786 14:17:17.672973 <... read resumed> "\1", 1) = 1
18786 14:17:17.672980 close(4)          = 0
18786 14:17:17.672990 rt_sigaction(SIGALRM, {0x805cad0, ~[RTMIN RT_1], 0}, NULL, 8) = 0
18786 14:17:17.673004 alarm(300)        = 0
18786 14:17:17.673015 recv(0,  <unfinished ...>
18784 14:17:17.673022 read(4,  <unfinished ...>
18783 14:17:17.701326 <... recv resumed> "TYPE I\r\n", 4096, MSG_PEEK) = 8
18783 14:17:17.701357 read(0, "TYPE I\r\n", 8) = 8
18783 14:17:17.701379 write(0, "200 Switching to Binary mode.\r\n", 31) = 31
18783 14:17:17.701427 rt_sigaction(SIGALRM, {0x805cad0, ~[RTMIN RT_1], 0}, NULL, 8) = 0
18783 14:17:17.701445 alarm(300)        = 299
18783 14:17:17.701458 recv(0, "PASV\r\n", 4096, MSG_PEEK) = 6
18783 14:17:17.701469 read(0, "PASV\r\n", 6) = 6
18783 14:17:17.701481 write(5, "\n", 1 <unfinished ...>
18781 14:17:17.701492 <... read resumed> "\n", 1) = 1
18783 14:17:17.701497 <... write resumed> ) = 1
18781 14:17:17.701505 write(4, "\1", 1) = 1
18781 14:17:17.701516 read(4,  <unfinished ...>
18783 14:17:17.701523 read(5, "\1", 1)  = 1
18783 14:17:17.701534 write(5, "\f", 1 <unfinished ...>
18781 14:17:17.701541 <... read resumed> "\f", 1) = 1
18783 14:17:17.701546 <... write resumed> ) = 1
18781 14:17:17.701553 socket(PF_INET, SOCK_STREAM, IPPROTO_TCP) = 5
18781 14:17:17.701569 setsockopt(5, SOL_SOCKET, SO_REUSEADDR, [1], 4) = 0
18781 14:17:17.701583 bind(5, {sa_family=AF_INET, sin_port=htons(24499), sin_addr=inet_addr("127.0.0.1")}, 16) = 0
18781 14:17:17.701600 listen(5, 1)      = 0
18781 14:17:17.701613 write(4, "\263_\0\0", 4) = 4
18781 14:17:17.701624 read(4,  <unfinished ...>
18783 14:17:17.701631 read(5, "\263_\0\0", 4) = 4
18783 14:17:17.701682 write(0, "227 Entering Passive Mode (127,0,0,1,95,179).\r\n", 47) = 47
18783 14:17:17.701846 rt_sigaction(SIGALRM, {0x805cad0, ~[RTMIN RT_1], 0}, NULL, 8) = 0
18783 14:17:17.701863 alarm(300)        = 300
18783 14:17:17.701874 recv(0, "STOR myfile2\r\n", 4096, MSG_PEEK) = 14
18783 14:17:17.701887 read(0, "STOR myfile2\r\n", 14) = 14
18783 14:17:17.701900 write(5, "\v", 1 <unfinished ...>
18781 14:17:17.701908 <... read resumed> "\v", 1) = 1
18783 14:17:17.701913 <... write resumed> ) = 1
18781 14:17:17.701920 write(4, "\1\0\0\0", 4) = 4
18781 14:17:17.701931 read(4,  <unfinished ...>
18783 14:17:17.701937 read(5, "\1\0\0\0", 4) = 4
18783 14:17:17.701949 gettimeofday({1495649837, 701953}, NULL) = 0
18783 14:17:17.701961 getcwd("/home/msfadmin", 4096) = 15
18783 14:17:17.701973 open("myfile2", O_WRONLY|O_CREAT|O_NONBLOCK|O_LARGEFILE, 0666) = 4
18783 14:17:17.701987 fstat64(4, {st_mode=S_IFREG|0644, st_size=17, ...}) = 0
18783 14:17:17.702005 fcntl64(4, F_GETFL) = 0x8801 (flags O_WRONLY|O_NONBLOCK|O_LARGEFILE)
18783 14:17:17.702016 fcntl64(4, F_SETFL, O_WRONLY|O_LARGEFILE) = 0
18783 14:17:17.702026 fcntl64(4, F_SETLKW64, {type=F_WRLCK, whence=SEEK_SET, start=0, len=0}, 0xbffc99b4) = 0
18783 14:17:17.702040 ftruncate64(4, 0) = 0
18783 14:17:17.702059 _llseek(4, 0, [0], SEEK_SET) = 0
18783 14:17:17.702070 write(5, "\v", 1 <unfinished ...>
18781 14:17:17.702078 <... read resumed> "\v", 1) = 1
18783 14:17:17.702083 <... write resumed> ) = 1
18781 14:17:17.702089 write(4, "\1\0\0\0", 4) = 4
18781 14:17:17.702100 read(4,  <unfinished ...>
18783 14:17:17.702106 read(5, "\1\0\0\0", 4) = 4
18783 14:17:17.702117 write(5, "\v", 1 <unfinished ...>
18781 14:17:17.702124 <... read resumed> "\v", 1) = 1
18783 14:17:17.702129 <... write resumed> ) = 1
18781 14:17:17.702135 write(4, "\1\0\0\0", 4) = 4
18781 14:17:17.702152 read(4,  <unfinished ...>
18783 14:17:17.702159 read(5, "\1\0\0\0", 4) = 4
18783 14:17:17.702170 write(5, "\r", 1 <unfinished ...>
18781 14:17:17.702177 <... read resumed> "\r", 1) = 1
18783 14:17:17.702182 <... write resumed> ) = 1
18781 14:17:17.702189 select(6, [5], NULL, NULL, {60, 0}) = 1 (in [5], left {60, 0})
18781 14:17:17.702205 accept(5, {sa_family=AF_INET, sin_port=htons(57351), sin_addr=inet_addr("127.0.0.1")}, [16]) = 6
18781 14:17:17.702227 write(4, "\1", 1) = 1
18781 14:17:17.702239 sendmsg(4, {msg_name(0)=NULL, msg_iov(1)=[{"\0", 1}], msg_controllen=16, {cmsg_len=16, cmsg_level=SOL_SOCKET, cmsg_type=SCM_RIGHTS, {6}}, msg_flags=0}, 0) = 1
18781 14:17:17.702256 close(6)          = 0
18781 14:17:17.702265 read(4,  <unfinished ...>
18783 14:17:17.702272 read(5, "\1", 1)  = 1
18783 14:17:17.702284 recvmsg(5, {msg_name(0)=NULL, msg_iov(1)=[{"\0", 1}], msg_controllen=16, {cmsg_len=16, cmsg_level=SOL_SOCKET, cmsg_type=SCM_RIGHTS, {6}}, msg_flags=0}, 0) = 1
18783 14:17:17.702302 setsockopt(6, SOL_SOCKET, SO_KEEPALIVE, [1], 4) = 0
18783 14:17:17.702314 setsockopt(6, SOL_IP, IP_TOS, [8], 4) = 0
18783 14:17:17.702326 setsockopt(6, SOL_SOCKET, SO_LINGER, {onoff=1, linger=32767}, 8) = 0
18783 14:17:17.702337 rt_sigaction(SIGALRM, {0x805cad0, ~[RTMIN RT_1], 0}, NULL, 8) = 0
18783 14:17:17.702350 alarm(300)        = 300
18783 14:17:17.702363 write(0, "150 Ok to send data.\r\n", 22) = 22
18783 14:17:17.702427 read(6, "assasaaa\na\na\na\na\n", 65536) = 17
18783 14:17:17.702442 write(4, "assasaaa\na\na\na\na\n", 17) = 17
18783 14:17:17.702457 read(6, "", 65536) = 0
18783 14:17:17.702468 rt_sigaction(SIGALRM, {0x805cad0, ~[RTMIN RT_1], 0}, NULL, 8) = 0
18783 14:17:17.702481 alarm(300)        = 300
18783 14:17:17.702491 close(6)          = 0
18783 14:17:17.702508 alarm(0)          = 300
18783 14:17:17.702520 gettimeofday({1495649837, 702523}, NULL) = 0
18783 14:17:17.702535 gettimeofday({1495649837, 702539}, NULL) = 0
18783 14:17:17.702550 fcntl64(3, F_SETLKW64, {type=F_WRLCK, whence=SEEK_SET, start=0, len=0}, 0xbffc9954) = 0
18783 14:17:17.702565 write(3, "Wed May 24 14:17:17 2017 [pid 18783] [msfadmin] OK UPLOAD: Client \"127.0.0.1\", \"/home/msfadmin/myfile2\", 17 bytes, 28.33Kbyte/sec\n", 130) = 130
18783 14:17:17.702586 fcntl64(3, F_SETLK64, {type=F_UNLCK, whence=SEEK_SET, start=0, len=0}, 0xbffc995c) = 0
18783 14:17:17.702601 write(0, "226 Transfer complete.\r\n", 24) = 24
18783 14:17:17.702679 write(5, "\n", 1 <unfinished ...>
18781 14:17:17.702689 <... read resumed> "\n", 1) = 1
18783 14:17:17.702695 <... write resumed> ) = 1
18781 14:17:17.702700 close(5)          = 0
18781 14:17:17.702712 write(4, "\1", 1) = 1
18781 14:17:17.702723 read(4,  <unfinished ...>
18783 14:17:17.702730 read(5, "\1", 1)  = 1
18783 14:17:17.702741 close(4)          = 0
18783 14:17:17.702752 rt_sigaction(SIGALRM, {0x805cad0, ~[RTMIN RT_1], 0}, NULL, 8) = 0
18783 14:17:17.702766 alarm(300)        = 0
18783 14:17:17.702777 recv(0, "TYPE I\r\n", 4096, MSG_PEEK) = 8
18783 14:17:18.212290 read(0, "TYPE I\r\n", 8) = 8
18783 14:17:18.212384 write(0, "200 Switching to Binary mode.\r\n", 31 <unfinished ...>
18786 14:17:18.212416 <... recv resumed> "USER msfadmin\r\n", 4096, MSG_PEEK) = 15
18786 14:17:18.212440 read(0, "USER msfadmin\r\n", 15) = 15
18783 14:17:18.212506 <... write resumed> ) = 31
18786 14:17:18.212529 write(0, "331 Any password will do.\r\n", 27 <unfinished ...>
18783 14:17:18.212542 rt_sigaction(SIGALRM, {0x805cad0, ~[RTMIN RT_1], 0}, NULL, 8) = 0
18783 14:17:18.212559 alarm(300)        = 299
18786 14:17:18.212592 <... write resumed> ) = 27
18783 14:17:18.212602 recv(0, "PASV\r\n", 4096, MSG_PEEK) = 6
18786 14:17:18.212615 rt_sigaction(SIGALRM, {0x805cad0, ~[RTMIN RT_1], 0},  <unfinished ...>
18783 14:17:18.212626 read(0,  <unfinished ...>
18786 14:17:18.212631 <... rt_sigaction resumed> NULL, 8) = 0
18783 14:17:18.212637 <... read resumed> "PASV\r\n", 6) = 6
18786 14:17:18.212644 alarm(300 <unfinished ...>
18783 14:17:18.212652 write(5, "\n", 1 <unfinished ...>
18786 14:17:18.212658 <... alarm resumed> ) = 299
18786 14:17:18.212673 recv(0,  <unfinished ...>
18781 14:17:18.212684 <... read resumed> "\n", 1) = 1
18783 14:17:18.212689 <... write resumed> ) = 1
18781 14:17:18.212696 write(4, "\1", 1) = 1
18781 14:17:18.212707 read(4,  <unfinished ...>
18786 14:17:18.212714 <... recv resumed> "PASS msfadmin\r\n", 4096, MSG_PEEK) = 15
18786 14:17:18.212722 read(0, "PASS msfadmin\r\n", 15) = 15
18783 14:17:18.212733 read(5,  <unfinished ...>
18786 14:17:18.212744 write(0, "230 Already logged in.\r\n", 24 <unfinished ...>
18783 14:17:18.212753 <... read resumed> "\1", 1) = 1
18783 14:17:18.212760 write(5, "\f", 1 <unfinished ...>
18781 14:17:18.212767 <... read resumed> "\f", 1) = 1
18783 14:17:18.212772 <... write resumed> ) = 1
18781 14:17:18.212779 socket(PF_INET, SOCK_STREAM, IPPROTO_TCP) = 5
18781 14:17:18.212794 setsockopt(5, SOL_SOCKET, SO_REUSEADDR, [1], 4) = 0
18781 14:17:18.212809 bind(5, {sa_family=AF_INET, sin_port=htons(9950), sin_addr=inet_addr("127.0.0.1")}, 16) = 0
18781 14:17:18.212826 listen(5, 1)      = 0
18781 14:17:18.212839 write(4, "\336&\0\0", 4) = 4
18781 14:17:18.212850 read(4,  <unfinished ...>
18783 14:17:18.212857 read(5, "\336&\0\0", 4) = 4
18786 14:17:18.212908 <... write resumed> ) = 24
18783 14:17:18.212922 write(0, "227 Entering Passive Mode (127,0,0,1,38,222).\r\n", 47 <unfinished ...>
18786 14:17:18.212934 rt_sigaction(SIGALRM, {0x805cad0, ~[RTMIN RT_1], 0}, NULL, 8) = 0
18786 14:17:18.212948 alarm(300 <unfinished ...>
18783 14:17:18.213097 <... write resumed> ) = 47
18786 14:17:18.213109 <... alarm resumed> ) = 300
18786 14:17:18.213117 recv(0,  <unfinished ...>
18783 14:17:18.213124 rt_sigaction(SIGALRM, {0x805cad0, ~[RTMIN RT_1], 0},  <unfinished ...>
18786 14:17:18.213134 <... recv resumed> "TYPE I\r\n", 4096, MSG_PEEK) = 8
18786 14:17:18.213142 read(0,  <unfinished ...>
18783 14:17:18.213148 <... rt_sigaction resumed> NULL, 8) = 0
18783 14:17:18.213154 alarm(300 <unfinished ...>
18786 14:17:18.213160 <... read resumed> "TYPE I\r\n", 8) = 8
18783 14:17:18.213166 <... alarm resumed> ) = 300
18786 14:17:18.213177 write(0, "200 Switching to Binary mode.\r\n", 31 <unfinished ...>
18783 14:17:18.213187 recv(0, "STOR myfile3\r\n", 4096, MSG_PEEK) = 14
18783 14:17:18.213199 read(0, "STOR myfile3\r\n", 14) = 14
18783 14:17:18.213211 write(5, "\v", 1 <unfinished ...>
18786 14:17:18.213240 <... write resumed> ) = 31
18781 14:17:18.213249 <... read resumed> "\v", 1) = 1
18783 14:17:18.213255 <... write resumed> ) = 1
18781 14:17:18.213261 write(4, "\1\0\0\0", 4) = 4
18781 14:17:18.213272 read(4,  <unfinished ...>
18786 14:17:18.213280 rt_sigaction(SIGALRM, {0x805cad0, ~[RTMIN RT_1], 0},  <unfinished ...>
18783 14:17:18.213290 read(5,  <unfinished ...>
18786 14:17:18.213295 <... rt_sigaction resumed> NULL, 8) = 0
18783 14:17:18.213302 <... read resumed> "\1\0\0\0", 4) = 4
18786 14:17:18.213309 alarm(300 <unfinished ...>
18783 14:17:18.213315 gettimeofday( <unfinished ...>
18786 14:17:18.213321 <... alarm resumed> ) = 300
18783 14:17:18.213326 <... gettimeofday resumed> {1495649838, 213325}, NULL) = 0
18786 14:17:18.213335 recv(0,  <unfinished ...>
18783 14:17:18.213342 getcwd( <unfinished ...>
18786 14:17:18.213348 <... recv resumed> "PASV\r\n", 4096, MSG_PEEK) = 6
18783 14:17:18.213355 <... getcwd resumed> "/home/msfadmin", 4096) = 15
18786 14:17:18.213363 read(0,  <unfinished ...>
18783 14:17:18.213370 open("myfile3", O_WRONLY|O_CREAT|O_NONBLOCK|O_LARGEFILE, 0666 <unfinished ...>
18786 14:17:18.213378 <... read resumed> "PASV\r\n", 6) = 6
18786 14:17:18.213387 write(5, "\n", 1 <unfinished ...>
18783 14:17:18.213395 <... open resumed> ) = 4
18786 14:17:18.213401 <... write resumed> ) = 1
18783 14:17:18.213408 fstat64(4,  <unfinished ...>
18786 14:17:18.213414 read(5,  <unfinished ...>
18783 14:17:18.213419 <... fstat64 resumed> {st_mode=S_IFREG|0644, st_size=17, ...}) = 0
18783 14:17:18.213434 fcntl64(4, F_GETFL) = 0x8801 (flags O_WRONLY|O_NONBLOCK|O_LARGEFILE)
18783 14:17:18.213446 fcntl64(4, F_SETFL, O_WRONLY|O_LARGEFILE) = 0
18783 14:17:18.213456 fcntl64(4, F_SETLKW64, {type=F_WRLCK, whence=SEEK_SET, start=0, len=0}, 0xbffc99b4) = 0
18783 14:17:18.213475 ftruncate64(4, 0) = 0
18783 14:17:18.213493 _llseek(4, 0, [0], SEEK_SET) = 0
18783 14:17:18.213504 write(5, "\v", 1 <unfinished ...>
18781 14:17:18.213512 <... read resumed> "\v", 1) = 1
18783 14:17:18.213517 <... write resumed> ) = 1
18781 14:17:18.213523 write(4, "\1\0\0\0", 4) = 4
18781 14:17:18.213534 read(4,  <unfinished ...>
18783 14:17:18.213540 read(5, "\1\0\0\0", 4) = 4
18783 14:17:18.213551 write(5, "\v", 1 <unfinished ...>
18781 14:17:18.213558 <... read resumed> "\v", 1) = 1
18783 14:17:18.213563 <... write resumed> ) = 1
18781 14:17:18.213569 write(4, "\1\0\0\0", 4) = 4
18781 14:17:18.213579 read(4,  <unfinished ...>
18783 14:17:18.213585 read(5, "\1\0\0\0", 4) = 4
18783 14:17:18.213596 write(5, "\r", 1 <unfinished ...>
18781 14:17:18.213603 <... read resumed> "\r", 1) = 1
18783 14:17:18.213608 <... write resumed> ) = 1
18781 14:17:18.213615 select(6, [5], NULL, NULL, {60, 0}) = 1 (in [5], left {60, 0})
18781 14:17:18.213631 accept(5, {sa_family=AF_INET, sin_port=htons(49990), sin_addr=inet_addr("127.0.0.1")}, [16]) = 6
18781 14:17:18.213653 write(4, "\1", 1) = 1
18781 14:17:18.213665 sendmsg(4, {msg_name(0)=NULL, msg_iov(1)=[{"\0", 1}], msg_controllen=16, {cmsg_len=16, cmsg_level=SOL_SOCKET, cmsg_type=SCM_RIGHTS, {6}}, msg_flags=0}, 0) = 1
18781 14:17:18.213682 close(6)          = 0
18781 14:17:18.213692 read(4,  <unfinished ...>
18783 14:17:18.213699 read(5, "\1", 1)  = 1
18783 14:17:18.213711 recvmsg(5, {msg_name(0)=NULL, msg_iov(1)=[{"\0", 1}], msg_controllen=16, {cmsg_len=16, cmsg_level=SOL_SOCKET, cmsg_type=SCM_RIGHTS, {6}}, msg_flags=0}, 0) = 1
18783 14:17:18.213729 setsockopt(6, SOL_SOCKET, SO_KEEPALIVE, [1], 4) = 0
18783 14:17:18.213741 setsockopt(6, SOL_IP, IP_TOS, [8], 4) = 0
18783 14:17:18.213753 setsockopt(6, SOL_SOCKET, SO_LINGER, {onoff=1, linger=32767}, 8) = 0
18783 14:17:18.213765 rt_sigaction(SIGALRM, {0x805cad0, ~[RTMIN RT_1], 0}, NULL, 8) = 0
18783 14:17:18.213778 alarm(300)        = 300
18783 14:17:18.213790 write(0, "150 Ok to send data.\r\n", 22) = 22
18783 14:17:18.213856 read(6, "assasaaa\na\na\na\na\n", 65536) = 17
18783 14:17:18.213871 write(4, "assasaaa\na\na\na\na\n", 17) = 17
18783 14:17:18.213887 read(6, "", 65536) = 0
18783 14:17:18.213897 rt_sigaction(SIGALRM, {0x805cad0, ~[RTMIN RT_1], 0}, NULL, 8) = 0
18783 14:17:18.213911 alarm(300)        = 300
18783 14:17:18.213920 close(6)          = 0
18783 14:17:18.213938 alarm(0)          = 300
18783 14:17:18.213948 gettimeofday({1495649838, 213951}, NULL) = 0
18783 14:17:18.213969 gettimeofday({1495649838, 213994}, NULL) = 0
18783 14:17:18.214016 fcntl64(3, F_SETLKW64, {type=F_WRLCK, whence=SEEK_SET, start=0, len=0}, 0xbffc9954) = 0
18783 14:17:18.214031 write(3, "Wed May 24 14:17:18 2017 [pid 18783] [msfadmin] OK UPLOAD: Client \"127.0.0.1\", \"/home/msfadmin/myfile3\", 17 bytes, 24.82Kbyte/sec\n", 130) = 130
18783 14:17:18.214053 fcntl64(3, F_SETLK64, {type=F_UNLCK, whence=SEEK_SET, start=0, len=0}, 0xbffc995c) = 0
18783 14:17:18.214068 write(0, "226 Transfer complete.\r\n", 24) = 24
18783 14:17:18.214113 write(5, "\n", 1 <unfinished ...>
18781 14:17:18.214122 <... read resumed> "\n", 1) = 1
18783 14:17:18.214127 <... write resumed> ) = 1
18781 14:17:18.214133 close(5)          = 0
18781 14:17:18.214145 write(4, "\1", 1) = 1
18781 14:17:18.214156 read(4,  <unfinished ...>
18783 14:17:18.214163 read(5, "\1", 1)  = 1
18783 14:17:18.214173 close(4)          = 0
18783 14:17:18.214184 rt_sigaction(SIGALRM, {0x805cad0, ~[RTMIN RT_1], 0}, NULL, 8) = 0
18783 14:17:18.214197 alarm(300)        = 0
18783 14:17:18.214208 recv(0,  <unfinished ...>
18784 14:17:18.214217 <... read resumed> "\n", 1) = 1
18784 14:17:18.214226 write(4, "\1", 1) = 1
18786 14:17:18.214236 <... read resumed> "\1", 1) = 1
18786 14:17:18.214243 write(5, "\f", 1) = 1
18786 14:17:18.214253 read(5,  <unfinished ...>
18784 14:17:18.214260 read(4, "\f", 1)  = 1
18784 14:17:18.214272 socket(PF_INET, SOCK_STREAM, IPPROTO_TCP) = 5
18784 14:17:18.214284 setsockopt(5, SOL_SOCKET, SO_REUSEADDR, [1], 4) = 0
18784 14:17:18.214297 bind(5, {sa_family=AF_INET, sin_port=htons(65200), sin_addr=inet_addr("127.0.0.1")}, 16) = 0
18784 14:17:18.214315 listen(5, 1)      = 0
18784 14:17:18.214327 write(4, "\260\376\0\0", 4) = 4
18786 14:17:18.214338 <... read resumed> "\260\376\0\0", 4) = 4
18786 14:17:18.214350 write(0, "227 Entering Passive Mode (127,0,0,1,254,176).\r\n", 48) = 48
18786 14:17:18.214446 rt_sigaction(SIGALRM, {0x805cad0, ~[RTMIN RT_1], 0}, NULL, 8) = 0
18786 14:17:18.214462 alarm(300)        = 300
18786 14:17:18.214473 recv(0, "RETR myfile16\r\n", 4096, MSG_PEEK) = 15
18786 14:17:18.214486 read(0, "RETR myfile16\r\n", 15) = 15
18786 14:17:18.214498 write(5, "\v", 1) = 1
18786 14:17:18.214509 read(5,  <unfinished ...>
18784 14:17:18.214516 read(4, "\v", 1)  = 1
18784 14:17:18.214527 write(4, "\1\0\0\0", 4) = 4
18786 14:17:18.214538 <... read resumed> "\1\0\0\0", 4) = 4
18786 14:17:18.214545 gettimeofday({1495649838, 214549}, NULL) = 0
18786 14:17:18.214556 getcwd("/home/msfadmin", 4096) = 15
18786 14:17:18.214568 open("myfile16", O_RDONLY|O_NONBLOCK|O_LARGEFILE) = 4
18786 14:17:18.214581 fcntl64(4, F_SETLKW64, {type=F_RDLCK, whence=SEEK_SET, start=0, len=0}, 0xbfac94d4) = 0
18786 14:17:18.214594 fstat64(4, {st_mode=S_IFREG|0644, st_size=17, ...}) = 0
18786 14:17:18.214610 fcntl64(4, F_GETFL) = 0x8800 (flags O_RDONLY|O_NONBLOCK|O_LARGEFILE)
18786 14:17:18.214621 fcntl64(4, F_SETFL, O_RDONLY|O_LARGEFILE) = 0
18786 14:17:18.214632 write(5, "\v", 1) = 1
18786 14:17:18.214643 read(5,  <unfinished ...>
18784 14:17:18.214649 read(4, "\v", 1)  = 1
18784 14:17:18.214660 write(4, "\1\0\0\0", 4) = 4
18786 14:17:18.214671 <... read resumed> "\1\0\0\0", 4) = 4
18786 14:17:18.214678 write(5, "\v", 1) = 1
18786 14:17:18.214688 read(5,  <unfinished ...>
18784 14:17:18.214694 read(4, "\v", 1)  = 1
18784 14:17:18.214705 write(4, "\1\0\0\0", 4) = 4
18786 14:17:18.214715 <... read resumed> "\1\0\0\0", 4) = 4
18786 14:17:18.214722 write(5, "\r", 1) = 1
18786 14:17:18.214732 read(5,  <unfinished ...>
18784 14:17:18.214739 read(4, "\r", 1)  = 1
18784 14:17:18.214750 select(6, [5], NULL, NULL, {60, 0}) = 1 (in [5], left {60, 0})
18784 14:17:18.214765 accept(5, {sa_family=AF_INET, sin_port=htons(37419), sin_addr=inet_addr("127.0.0.1")}, [16]) = 6
18784 14:17:18.214787 write(4, "\1", 1) = 1
18786 14:17:18.214798 <... read resumed> "\1", 1) = 1
18786 14:17:18.214806 recvmsg(5,  <unfinished ...>
18784 14:17:18.214814 sendmsg(4, {msg_name(0)=NULL, msg_iov(1)=[{"\0", 1}], msg_controllen=16, {cmsg_len=16, cmsg_level=SOL_SOCKET, cmsg_type=SCM_RIGHTS, {6}}, msg_flags=0}, 0) = 1
18786 14:17:18.214831 <... recvmsg resumed> {msg_name(0)=NULL, msg_iov(1)=[{"\0", 1}], msg_controllen=16, {cmsg_len=16, cmsg_level=SOL_SOCKET, cmsg_type=SCM_RIGHTS, {6}}, msg_flags=0}, 0) = 1
18786 14:17:18.214844 setsockopt(6, SOL_SOCKET, SO_KEEPALIVE, [1], 4) = 0
18786 14:17:18.214856 setsockopt(6, SOL_IP, IP_TOS, [8], 4) = 0
18786 14:17:18.214867 setsockopt(6, SOL_SOCKET, SO_LINGER, {onoff=1, linger=32767}, 8) = 0
18786 14:17:18.214878 rt_sigaction(SIGALRM, {0x805cad0, ~[RTMIN RT_1], 0}, NULL, 8) = 0
18786 14:17:18.214891 alarm(300)        = 300
18786 14:17:18.214904 write(0, "150 Opening BINARY mode data connection for myfile16 (17 bytes).\r\n", 66) = 66
18786 14:17:18.214999 _llseek(4, 0, [0], SEEK_CUR) = 0
18786 14:17:18.215013 fstat64(4, {st_mode=S_IFREG|0644, st_size=17, ...}) = 0
18786 14:17:18.215030 _llseek(4, 0, [0], SEEK_SET) = 0
18786 14:17:18.215040 sendfile(6, 4, NULL, 17) = 17
18786 14:17:18.215069 rt_sigaction(SIGALRM, {0x805cad0, ~[RTMIN RT_1], 0}, NULL, 8) = 0
18786 14:17:18.215084 alarm(300)        = 300
18786 14:17:18.215093 close(6)          = 0
18786 14:17:18.215102 alarm(0)          = 300
18786 14:17:18.215112 gettimeofday({1495649838, 215115}, NULL) = 0
18786 14:17:18.215126 gettimeofday({1495649838, 215130}, NULL) = 0
18786 14:17:18.215139 fcntl64(3, F_SETLKW64, {type=F_WRLCK, whence=SEEK_SET, start=0, len=0}, 0xbfac9474) = 0
18786 14:17:18.215153 write(3, "Wed May 24 14:17:18 2017 [pid 18786] [msfadmin] OK DOWNLOAD: Client \"127.0.0.1\", \"/home/msfadmin/myfile16\", 17 bytes, 28.57Kbyte/sec\n", 133) = 133
18786 14:17:18.215177 fcntl64(3, F_SETLK64, {type=F_UNLCK, whence=SEEK_SET, start=0, len=0}, 0xbfac947c) = 0
18786 14:17:18.215191 write(0, "226 Transfer complete.\r\n", 24) = 24
18786 14:17:18.215206 write(5, "\n", 1) = 1
18786 14:17:18.215217 read(5,  <unfinished ...>
18784 14:17:18.215224 close(6)          = 0
18784 14:17:18.215299 read(4, "\n", 1)  = 1
18784 14:17:18.215312 close(5)          = 0
18784 14:17:18.215323 write(4, "\1", 1) = 1
18786 14:17:18.215334 <... read resumed> "\1", 1) = 1
18786 14:17:18.215341 close(4)          = 0
18786 14:17:18.215352 rt_sigaction(SIGALRM, {0x805cad0, ~[RTMIN RT_1], 0}, NULL, 8) = 0
18786 14:17:18.215365 alarm(300)        = 0
18786 14:17:18.215376 recv(0,  <unfinished ...>
18784 14:17:18.215383 read(4,  <unfinished ...>
