21956 14:50:33.876209 mmap2(NULL, 101180, PROT_READ|PROT_EXEC, MAP_PRIVATE|MAP_DENYWRITE, 7, 0) = 0xb7d3e000
21956 14:50:33.876221 mmap2(0xb7d55000, 8192, PROT_READ|PROT_WRITE, MAP_PRIVATE|MAP_FIXED|MAP_DENYWRITE, 7, 0x16) = 0xb7d55000
21956 14:50:33.876256 close(7)          = 0
21956 14:50:33.876366 open("/etc/selinux/config", O_RDONLY|O_LARGEFILE) = -1 ENOENT (No such file or directory)
21956 14:50:33.876392 statfs64("/selinux", 84, 0xbf99f43c) = -1 ENOENT (No such file or directory)
21956 14:50:33.876405 open("/proc/mounts", O_RDONLY|O_LARGEFILE) = 7
21956 14:50:33.876430 fstat64(7, {st_mode=S_IFREG|0444, st_size=0, ...}) = 0
21956 14:50:33.876447 mmap2(NULL, 4096, PROT_READ|PROT_WRITE, MAP_PRIVATE|MAP_ANONYMOUS, -1, 0) = 0xb7f5a000
21956 14:50:33.876459 read(7, "rootfs / rootfs rw 0 0\nnone /sys sysfs rw,nosuid,nodev,noexec 0 0\nnone /proc proc rw,nosuid,nodev,noexec 0 0\nudev /dev tmpfs rw,relatime 0 0\nfusectl /sys/fs/fuse/connections fusectl rw,relatime 0 0\n/dev/mapper/metasploitable-root / ext3 rw,relatime,errors=remount-ro,data=ordered 0 0\n/dev/mapper/metasploitable-root /dev/.static/dev ext3 rw,relatime,errors=remount-ro,data=ordered 0 0\ntmpfs /var/run tmpfs rw,nosuid,nodev,noexec 0 0\ntmpfs /var/lock tmpfs rw,nosuid,nodev,noexec 0 0\ntmpfs /dev/shm tmpfs rw,relatime 0 0\ndevpts /dev/pts devpts rw,relatime 0 0\ntmpfs /var/run tmpfs rw,nosuid,nodev,noexec 0 0\ntmpfs /var/lock tmpfs rw,nosuid,nodev,noexec 0 0\n/dev/sda1 /boot ext3 rw,relatime,data=ordered 0 0\nsecurityfs /sys/kernel/security securityfs rw,relatime 0 0\nrpc_pipefs /var/lib/nfs/rpc_pipefs rpc_pipefs rw,relatime 0 0\nnfsd /proc/fs/nfsd nfsd rw,relatime 0 0\n", 1024) = 866
21956 14:50:33.876542 read(7, "", 1024) = 0
21956 14:50:33.876552 close(7)          = 0
21956 14:50:33.876562 munmap(0xb7f5a000, 4096) = 0
21956 14:50:33.876582 munmap(0xb7d89000, 29913) = 0
21956 14:50:33.876596 read(6, "", 4096) = 0
21956 14:50:33.876608 close(6)          = 0
21956 14:50:33.876617 munmap(0xb7f5b000, 4096) = 0
21956 14:50:33.876628 stat64("/etc/pam.d", {st_mode=S_IFDIR|0755, st_size=4096, ...}) = 0
21956 14:50:33.876648 open("/etc/pam.d/common-account", O_RDONLY|O_LARGEFILE) = 6
21956 14:50:33.876661 fstat64(6, {st_mode=S_IFREG|0644, st_size=392, ...}) = 0
21956 14:50:33.876677 mmap2(NULL, 4096, PROT_READ|PROT_WRITE, MAP_PRIVATE|MAP_ANONYMOUS, -1, 0) = 0xb7f5b000
21956 14:50:33.876688 read(6, "#\n# /etc/pam.d/common-account - authorization settings common to all services\n#\n# This file is included from other service-specific PAM config files,\n# and should contain a list of the authorization modules that define\n# the central access policy for use on the system.  The default is to\n# only deny service to users whose accounts are expired in /etc/shadow.\n#\naccount\trequired\tpam_unix.so\n", 4096) = 392
21956 14:50:33.876728 read(6, "", 4096) = 0
21956 14:50:33.876738 close(6)          = 0
21956 14:50:33.876748 munmap(0xb7f5b000, 4096) = 0
21956 14:50:33.876758 stat64("/etc/pam.d", {st_mode=S_IFDIR|0755, st_size=4096, ...}) = 0
21956 14:50:33.876777 open("/etc/pam.d/common-session", O_RDONLY|O_LARGEFILE) = 6
21956 14:50:33.876789 fstat64(6, {st_mode=S_IFREG|0644, st_size=372, ...}) = 0
21956 14:50:33.876806 mmap2(NULL, 4096, PROT_READ|PROT_WRITE, MAP_PRIVATE|MAP_ANONYMOUS, -1, 0) = 0xb7f5b000
21956 14:50:33.876816 read(6, "#\n# /etc/pam.d/common-session - session-related modules common to all services\n#\n# This file is included from other service-specific PAM config files,\n# and should contain a list of modules that define tasks to be performed\n# at the start and end of sessions of *any* kind (both interactive and\n# non-interactive).  The default is pam_unix.\n#\nsession\trequired\tpam_unix.so\n", 4096) = 372
21956 14:50:33.876854 read(6, "", 4096) = 0
21956 14:50:33.876864 close(6)          = 0
21956 14:50:33.876873 munmap(0xb7f5b000, 4096) = 0
21956 14:50:33.876884 read(5, "", 4096) = 0
21956 14:50:33.876893 close(5)          = 0
21956 14:50:33.876902 munmap(0xb7f61000, 4096) = 0
21956 14:50:33.876913 open("/etc/pam.d/other", O_RDONLY|O_LARGEFILE) = 5
21956 14:50:33.876926 fstat64(5, {st_mode=S_IFREG|0644, st_size=520, ...}) = 0
21956 14:50:33.876942 mmap2(NULL, 4096, PROT_READ|PROT_WRITE, MAP_PRIVATE|MAP_ANONYMOUS, -1, 0) = 0xb7f61000
21956 14:50:33.876952 read(5, "#\n# /etc/pam.d/other - specify the PAM fallback behaviour\n#\n# Note that this file is used for any unspecified service; for example\n#if /etc/pam.d/cron  specifies no session modules but cron calls\n#pam_open_session, the session module out of /etc/pam.d/other is\n#used.  If you really want nothing to happen then use pam_permit.so or\n#pam_deny.so as appropriate.\n\n# We fall back to the system default in /etc/pam.d/common-*\n# \n\n@include common-auth\n@include common-account\n@include common-password\n@include common-session\n", 4096) = 520
21956 14:50:33.876997 stat64("/etc/pam.d", {st_mode=S_IFDIR|0755, st_size=4096, ...}) = 0
21956 14:50:33.877015 open("/etc/pam.d/common-auth", O_RDONLY|O_LARGEFILE) = 6
21956 14:50:33.877027 fstat64(6, {st_mode=S_IFREG|0644, st_size=476, ...}) = 0
21956 14:50:33.877043 mmap2(NULL, 4096, PROT_READ|PROT_WRITE, MAP_PRIVATE|MAP_ANONYMOUS, -1, 0) = 0xb7f5b000
21956 14:50:33.877054 read(6, "#\n# /etc/pam.d/common-auth - authentication settings common to all services\n#\n# This file is included from other service-specific PAM config files,\n# and should contain a list of the authentication modules that define\n# the central authentication scheme for use on the system\n# (e.g., /etc/shadow, LDAP, Kerberos, etc.).  The default is to use the\n# traditional Unix authentication mechanisms.\n#\nauth\trequisite\tpam_unix.so nullok_secure\n# auth\toptional\tpam_smbpass.so migrate\n", 4096) = 476
21956 14:50:33.877099 read(6, "", 4096) = 0
21956 14:50:33.877109 close(6)          = 0
21956 14:50:33.877118 munmap(0xb7f5b000, 4096) = 0
21956 14:50:33.877133 stat64("/etc/pam.d", {st_mode=S_IFDIR|0755, st_size=4096, ...}) = 0
21956 14:50:33.877151 open("/etc/pam.d/common-account", O_RDONLY|O_LARGEFILE) = 6
21956 14:50:33.877164 fstat64(6, {st_mode=S_IFREG|0644, st_size=392, ...}) = 0
21956 14:50:33.877179 mmap2(NULL, 4096, PROT_READ|PROT_WRITE, MAP_PRIVATE|MAP_ANONYMOUS, -1, 0) = 0xb7f5b000
21956 14:50:33.877190 read(6, "#\n# /etc/pam.d/common-account - authorization settings common to all services\n#\n# This file is included from other service-specific PAM config files,\n# and should contain a list of the authorization modules that define\n# the central access policy for use on the system.  The default is to\n# only deny service to users whose accounts are expired in /etc/shadow.\n#\naccount\trequired\tpam_unix.so\n", 4096) = 392
21956 14:50:33.877256 read(6, "", 4096) = 0
21956 14:50:33.877267 close(6)          = 0
21956 14:50:33.877276 munmap(0xb7f5b000, 4096) = 0
21956 14:50:33.877287 stat64("/etc/pam.d", {st_mode=S_IFDIR|0755, st_size=4096, ...}) = 0
21956 14:50:33.877306 open("/etc/pam.d/common-password", O_RDONLY|O_LARGEFILE) = 6
21956 14:50:33.877319 fstat64(6, {st_mode=S_IFREG|0644, st_size=1563, ...}) = 0
21956 14:50:33.877335 mmap2(NULL, 4096, PROT_READ|PROT_WRITE, MAP_PRIVATE|MAP_ANONYMOUS, -1, 0) = 0xb7f5b000
21956 14:50:33.877345 read(6, "#\n# /etc/pam.d/common-password - password-related modules common to all services\n#\n# This file is included from other service-specific PAM config files,\n# and should contain a list of modules that define the services to be\n# used to change user passwords.  The default is pam_unix.\n\n# Explanation of pam_unix options:\n#\n# The \"nullok\" option allows users to change an empty password, else\n# empty passwords are treated as locked accounts.\n#\n# The \"md5\" option enables MD5 passwords.  Without this option, the\n# default is Unix crypt.\n#\n# The \"obscure\" option replaces the old `OBSCURE_CHECKS_ENAB\' option in\n# login.defs.\n#\n# You can also use the \"min\" option to enforce the length of the new\n# password.\n#\n# See the pam_unix manpage for other options.\n\npassword   requisite   pam_unix.so nullok obscure md5\n\n# Alternate strength checking for password. Note that this\n# requires the libpam-cracklib package to be installed.\n# You will need to comment out the password line above and\n# uncomment the next two in order to use this.\n# (Replaces the `OBSCURE_CHECKS_ENAB\', `CRACKLIB_DICTPATH\')\n#\n# password required\t  pam_cracklib.so retry=3 minlen=6 difok=3\n# password required\t  pam_unix.so use_authtok nullok md5\n\n# minimally-intrusive inclusion of smbpass in the stack for\n# synchronization.  If the module is absent or the passwords don\'t\n# match, this module will be ignored without prompting; and if the \n# passwords do match, the NTLM hash for the user will be updated\n# automatically.\n# password   optional   pam_smbpass.so nullok use_authtok use_first_pass\n", 4096) = 1563
21956 14:50:33.877461 read(6, "", 4096) = 0
21956 14:50:33.877471 close(6)          = 0
21956 14:50:33.877480 munmap(0xb7f5b000, 4096) = 0
21956 14:50:33.877491 stat64("/etc/pam.d", {st_mode=S_IFDIR|0755, st_size=4096, ...}) = 0
21956 14:50:33.877509 open("/etc/pam.d/common-session", O_RDONLY|O_LARGEFILE) = 6
21956 14:50:33.877521 fstat64(6, {st_mode=S_IFREG|0644, st_size=372, ...}) = 0
21956 14:50:33.877537 mmap2(NULL, 4096, PROT_READ|PROT_WRITE, MAP_PRIVATE|MAP_ANONYMOUS, -1, 0) = 0xb7f5b000
21956 14:50:33.877547 read(6, "#\n# /etc/pam.d/common-session - session-related modules common to all services\n#\n# This file is included from other service-specific PAM config files,\n# and should contain a list of modules that define tasks to be performed\n# at the start and end of sessions of *any* kind (both interactive and\n# non-interactive).  The default is pam_unix.\n#\nsession\trequired\tpam_unix.so\n", 4096) = 372
21956 14:50:33.877585 read(6, "", 4096) = 0
21956 14:50:33.877595 close(6)          = 0
21956 14:50:33.877604 munmap(0xb7f5b000, 4096) = 0
21956 14:50:33.877614 read(5, "", 4096) = 0
21956 14:50:33.877627 close(5)          = 0
21956 14:50:33.877636 munmap(0xb7f61000, 4096) = 0
21956 14:50:33.877649 time(NULL)        = 1495651833
21956 14:50:33.877661 lstat64("/etc/ftpusers", {st_mode=S_IFREG|0644, st_size=132, ...}) = 0
21956 14:50:33.877679 open("/etc/ftpusers", O_RDONLY|O_LARGEFILE) = 5
21956 14:50:33.877691 fstat64(5, {st_mode=S_IFREG|0644, st_size=132, ...}) = 0
21956 14:50:33.877707 mmap2(NULL, 4096, PROT_READ|PROT_WRITE, MAP_PRIVATE|MAP_ANONYMOUS, -1, 0) = 0xb7f61000
21956 14:50:33.877718 read(5, "# /etc/ftpusers: list of users disallowed FTP access. See ftpusers(5).\n\nroot\ndaemon\nbin\nsys\nsync\ngames\nman\nlp\nmail\nnews\nuucp\nnobody\n", 4096) = 132
21956 14:50:33.877718 read(5, "", 4096) = 0
21956 14:50:33.877718 close(5)          = 0
21956 14:50:33.877718 munmap(0xb7f61000, 4096) = 0
21956 14:50:33.877719 getuid32()        = 0
21956 14:50:33.877719 open("/etc/passwd", O_RDONLY|0x80000 /* O_??? */) = 5
21956 14:50:33.877719 _llseek(5, 0, [0], SEEK_CUR) = 0
21956 14:50:33.877719 fstat64(5, {st_mode=S_IFREG|0644, st_size=1624, ...}) = 0
21956 14:50:33.877719 mmap2(NULL, 1624, PROT_READ, MAP_SHARED, 5, 0) = 0xb7f61000
21956 14:50:33.877720 _llseek(5, 1624, [1624], SEEK_SET) = 0
21956 14:50:33.877720 munmap(0xb7f61000, 1624) = 0
21956 14:50:33.877720 close(5)          = 0
21956 14:50:33.877720 open("/etc/shadow", O_RDONLY|0x80000 /* O_??? */) = 5
21956 14:50:33.877721 _llseek(5, 0, [0], SEEK_CUR) = 0
21956 14:50:33.877721 fstat64(5, {st_mode=S_IFREG|0640, st_size=1233, ...}) = 0
21956 14:50:33.877721 mmap2(NULL, 1233, PROT_READ, MAP_SHARED, 5, 0) = 0xb7f61000
21956 14:50:33.877721 _llseek(5, 1233, [1233], SEEK_SET) = 0
21956 14:50:33.877721 munmap(0xb7f61000, 1233) = 0
21956 14:50:33.877729 close(5)          = 0
21956 14:50:33.877770 open("/etc/passwd", O_RDONLY|0x80000 /* O_??? */) = 5
21956 14:50:33.877786 _llseek(5, 0, [0], SEEK_CUR) = 0
21956 14:50:33.877806 fstat64(5, {st_mode=S_IFREG|0644, st_size=1624, ...}) = 0
21956 14:50:33.877822 mmap2(NULL, 1624, PROT_READ, MAP_SHARED, 5, 0) = 0xb7f61000
21956 14:50:33.877833 _llseek(5, 1624, [1624], SEEK_SET) = 0
21956 14:50:33.877849 munmap(0xb7f61000, 1624) = 0
21956 14:50:33.877859 close(5)          = 0
21956 14:50:33.877872 open("/etc/shadow", O_RDONLY|0x80000 /* O_??? */) = 5
21956 14:50:33.877884 _llseek(5, 0, [0], SEEK_CUR) = 0
21956 14:50:33.877894 fstat64(5, {st_mode=S_IFREG|0640, st_size=1233, ...}) = 0
21956 14:50:33.877910 mmap2(NULL, 1233, PROT_READ, MAP_SHARED, 5, 0) = 0xb7f61000
21956 14:50:33.877921 _llseek(5, 1233, [1233], SEEK_SET) = 0
21956 14:50:33.877937 munmap(0xb7f61000, 1233) = 0
21956 14:50:33.877946 close(5)          = 0
21956 14:50:33.878178 getuid32()        = 0
21956 14:50:33.878189 open("/etc/passwd", O_RDONLY|0x80000 /* O_??? */) = 5
21956 14:50:33.878202 _llseek(5, 0, [0], SEEK_CUR) = 0
21956 14:50:33.878212 fstat64(5, {st_mode=S_IFREG|0644, st_size=1624, ...}) = 0
21956 14:50:33.878228 mmap2(NULL, 1624, PROT_READ, MAP_SHARED, 5, 0) = 0xb7f61000
21956 14:50:33.878238 _llseek(5, 1624, [1624], SEEK_SET) = 0
21956 14:50:33.878254 munmap(0xb7f61000, 1624) = 0
21956 14:50:33.878263 close(5)          = 0
21956 14:50:33.878276 open("/etc/shadow", O_RDONLY|0x80000 /* O_??? */) = 5
21956 14:50:33.878288 _llseek(5, 0, [0], SEEK_CUR) = 0
21956 14:50:33.878298 fstat64(5, {st_mode=S_IFREG|0640, st_size=1233, ...}) = 0
21956 14:50:33.878314 mmap2(NULL, 1233, PROT_READ, MAP_SHARED, 5, 0) = 0xb7f61000
21956 14:50:33.878324 _llseek(5, 1233, [1233], SEEK_SET) = 0
21956 14:50:33.878340 munmap(0xb7f61000, 1233) = 0
21956 14:50:33.878350 close(5)          = 0
21956 14:50:33.878361 time(NULL)        = 1495651833
21956 14:50:33.878376 munmap(0xb7f5e000, 12164) = 0
21956 14:50:33.878389 munmap(0xb7f5c000, 7136) = 0
21956 14:50:33.878403 munmap(0xb7d91000, 95428) = 0
21956 14:50:33.878414 munmap(0xb7d57000, 201052) = 0
21956 14:50:33.878425 munmap(0xb7d3e000, 101180) = 0
21956 14:50:33.878440 gettimeofday({1495651833, 878444}, NULL) = 0
21956 14:50:33.878452 stat64("/usr/share/zoneinfo/UTC+04:00", 0xbf9a1314) = -1 ENOENT (No such file or directory)
21956 14:50:33.878471 open("/usr/share/zoneinfo/UTC+04:00", O_RDONLY) = -1 ENOENT (No such file or directory)
21956 14:50:33.878496 fcntl64(3, F_SETLKW64, {type=F_WRLCK, whence=SEEK_SET, start=0, len=0}, 0xbf9a1464) = 0
21956 14:50:33.878512 write(3, "Wed May 24 14:50:33 2017 [pid 21956] [msfadmin] OK LOGIN: Client \"127.0.0.1\"\n", 77) = 77
21956 14:50:33.878528 fcntl64(3, F_SETLK64, {type=F_UNLCK, whence=SEEK_SET, start=0, len=0}, 0xbf9a146c) = 0
21956 14:50:33.878541 rt_sigaction(SIGCHLD, {0x805cad0, ~[RTMIN RT_1], 0}, NULL, 8) = 0
21956 14:50:33.878556 write(4, "\1", 1 <unfinished ...>
21957 14:50:33.878565 <... read resumed> "\1", 1) = 1
21956 14:50:33.878570 <... write resumed> ) = 1
21957 14:50:33.878577 exit_group(0)     = ?
21956 14:50:33.878605 --- SIGCHLD (Child exited) @ 0 (0) ---
21956 14:50:33.878613 sigreturn()       = ? (mask now [])
21956 14:50:33.878631 wait4(-1, [{WIFEXITED(s) && WEXITSTATUS(s) == 0}], 0, NULL) = 21957
21956 14:50:33.878645 close(4)          = 0
21956 14:50:33.878657 socketpair(PF_FILE, SOCK_STREAM, 0, [4, 5]) = 0
21956 14:50:33.878670 rt_sigaction(SIGCHLD, {0x805cad0, ~[RTMIN RT_1], 0}, NULL, 8) = 0
21956 14:50:33.878684 rt_sigaction(SIGALRM, {0x805cb10, ~[RTMIN RT_1], 0}, NULL, 8) = 0
21956 14:50:33.878697 clone(child_stack=0, flags=CLONE_CHILD_CLEARTID|CLONE_CHILD_SETTID|SIGCHLD, child_tidptr=0xb7dc76f8) = 21958
21958 14:50:33.878774 prctl(0x1, 0x9, 0, 0, 0) = 0
21958 14:50:33.878788 close(4)          = 0
21958 14:50:33.878815 open("/etc/passwd", O_RDONLY|0x80000 /* O_??? */) = 4
21958 14:50:33.878832 _llseek(4, 0, [0], SEEK_CUR) = 0
21958 14:50:33.878847 fstat64(4, {st_mode=S_IFREG|0644, st_size=1624, ...}) = 0
21958 14:50:33.878866 mmap2(NULL, 1624, PROT_READ, MAP_SHARED, 4, 0) = 0xb7f61000
21958 14:50:33.878877 _llseek(4, 1624, [1624], SEEK_SET) = 0
21958 14:50:33.878900 munmap(0xb7f61000, 1624) = 0
21958 14:50:33.878911 close(4)          = 0
21958 14:50:33.878924 getuid32()        = 0
21958 14:50:33.878935 open("/etc/passwd", O_RDONLY|0x80000 /* O_??? */) = 4
21958 14:50:33.878947 _llseek(4, 0, [0], SEEK_CUR) = 0
21958 14:50:33.878958 fstat64(4, {st_mode=S_IFREG|0644, st_size=1624, ...}) = 0
21958 14:50:33.878974 mmap2(NULL, 1624, PROT_READ, MAP_SHARED, 4, 0) = 0xb7f61000
21958 14:50:33.878984 _llseek(4, 1624, [1624], SEEK_SET) = 0
21958 14:50:33.879000 munmap(0xb7f61000, 1624) = 0
21958 14:50:33.879009 close(4)          = 0
21958 14:50:33.879035 open("/proc/sys/kernel/ngroups_max", O_RDONLY) = 4
21958 14:50:33.879055 read(4, "65536\n", 31) = 6
21958 14:50:33.879067 close(4)          = 0
21958 14:50:33.879081 socket(PF_FILE, SOCK_STREAM, 0) = 4
21958 14:50:33.879093 fcntl64(4, F_SETFL, O_RDWR|O_NONBLOCK) = 0
21958 14:50:33.879103 connect(4, {sa_family=AF_FILE, path="/var/run/nscd/socket"}, 110) = -1 ENOENT (No such file or directory)
21958 14:50:33.879124 close(4)          = 0
21958 14:50:33.879135 socket(PF_FILE, SOCK_STREAM, 0) = 4
21958 14:50:33.879146 fcntl64(4, F_SETFL, O_RDWR|O_NONBLOCK) = 0
21958 14:50:33.879156 connect(4, {sa_family=AF_FILE, path="/var/run/nscd/socket"}, 110) = -1 ENOENT (No such file or directory)
21958 14:50:33.879174 close(4)          = 0
21958 14:50:33.879197 open("/etc/group", O_RDONLY|0x80000 /* O_??? */) = 4
21958 14:50:33.879213 _llseek(4, 0, [0], SEEK_CUR) = 0
21958 14:50:33.879224 fstat64(4, {st_mode=S_IFREG|0644, st_size=886, ...}) = 0
21958 14:50:33.879240 mmap2(NULL, 886, PROT_READ, MAP_SHARED, 4, 0) = 0xb7f61000
21958 14:50:33.879251 _llseek(4, 886, [886], SEEK_SET) = 0
21958 14:50:33.879276 fstat64(4, {st_mode=S_IFREG|0644, st_size=886, ...}) = 0
21958 14:50:33.879292 munmap(0xb7f61000, 886) = 0
21958 14:50:33.879303 close(4)          = 0
21958 14:50:33.879312 setgroups32(13, [1000, 4, 20, 24, 25, 29, 30, 44, 46, 107, 111, 112, 119]) = 0
21958 14:50:33.879328 geteuid32()       = 0
21958 14:50:33.879339 getegid32()       = 0
21958 14:50:33.879350 setregid32(-1, 1000) = 0
21958 14:50:33.879360 setreuid32(-1, 1000) = 0
21958 14:50:33.879371 chdir("/home/msfadmin") = 0
21958 14:50:33.879383 setreuid32(-1, 0) = 0
21958 14:50:33.879392 setregid32(-1, 0) = 0
21958 14:50:33.879406 setgid32(1000)    = 0
21958 14:50:33.879416 setuid32(1000)    = 0
21958 14:50:33.879427 setrlimit(RLIMIT_NPROC, {rlim_cur=0, rlim_max=0}) = 0
21958 14:50:33.879440 mmap2(NULL, 12288, PROT_READ|PROT_WRITE, MAP_PRIVATE|MAP_ANONYMOUS, -1, 0) = 0xb7f5f000
21958 14:50:33.879451 mprotect(0xb7f61000, 4096, PROT_NONE) = 0
21958 14:50:33.879463 mprotect(0xb7f5f000, 4096, PROT_NONE) = 0
21958 14:50:33.879474 getcwd("/home/msfadmin", 4096) = 15
21958 14:50:33.879487 umask(022)        = 077
21958 14:50:33.879497 getcwd("/home/msfadmin", 4096) = 15
21958 14:50:33.879510 open(".message", O_RDONLY|O_NONBLOCK|O_LARGEFILE) = -1 ENOENT (No such file or directory)
21958 14:50:33.879532 write(0, "230 Login successful.\r\n", 23) = 23
21958 14:50:33.879597 rt_sigaction(SIGALRM, {0x805cad0, ~[RTMIN RT_1], 0}, NULL, 8) = 0
21958 14:50:33.879614 alarm(300)        = 0
21958 14:50:33.879625 mmap2(NULL, 12288, PROT_READ|PROT_WRITE, MAP_PRIVATE|MAP_ANONYMOUS, -1, 0) = 0xb7f5c000
21958 14:50:33.879636 mprotect(0xb7f5e000, 4096, PROT_NONE) = 0
21958 14:50:33.879648 mprotect(0xb7f5c000, 4096, PROT_NONE) = 0
21958 14:50:33.879660 recv(0, "TYPE I\r\n", 4096, MSG_PEEK) = 8
21958 14:50:33.879673 read(0, "TYPE I\r\n", 8) = 8
21958 14:50:33.879732 write(0, "200 Switching to Binary mode.\r\n", 31) = 31
21958 14:50:33.879777 rt_sigaction(SIGALRM, {0x805cad0, ~[RTMIN RT_1], 0}, NULL, 8) = 0
21958 14:50:33.879791 alarm(300)        = 300
21958 14:50:33.879803 recv(0, "PASV\r\n", 4096, MSG_PEEK) = 6
21958 14:50:33.879814 read(0, "PASV\r\n", 6) = 6
21958 14:50:33.879826 write(5, "\n", 1) = 1
21958 14:50:33.879837 read(5,  <unfinished ...>
21956 14:50:33.879849 close(5)          = 0
21956 14:50:33.879862 getuid32()        = 0
21956 14:50:33.879877 open("/etc/passwd", O_RDONLY|0x80000 /* O_??? */) = 5
21956 14:50:33.879892 _llseek(5, 0, [0], SEEK_CUR) = 0
21956 14:50:33.879904 fstat64(5, {st_mode=S_IFREG|0644, st_size=1624, ...}) = 0
21956 14:50:33.879922 mmap2(NULL, 1624, PROT_READ, MAP_SHARED, 5, 0) = 0xb7f61000
21956 14:50:33.879933 _llseek(5, 1624, [1624], SEEK_SET) = 0
21956 14:50:33.879950 munmap(0xb7f61000, 1624) = 0
21956 14:50:33.879962 close(5)          = 0
21956 14:50:33.879977 setgroups32(0, []) = 0
21956 14:50:33.879989 chdir("/usr/share/empty") = 0
21956 14:50:33.880001 chroot(".")       = 0
21956 14:50:33.880012 capset(NULL, NULL) = -1 EFAULT (Bad address)
21956 14:50:33.880025 prctl(0x8, 0, 0xbf9a1448, 0x80549a6, 0xbf9a1430) = 0
21956 14:50:33.880036 prctl(0x8, 0x1, 0xbf9a1448, 0x8054a49, 0xbf9a1430) = 0
21956 14:50:33.880046 setgid32(65534)   = 0
21956 14:50:33.880056 setuid32(65534)   = 0
21956 14:50:33.880066 capset(0x19980330, 0, {CAP_NET_BIND_SERVICE, CAP_NET_BIND_SERVICE, 0}) = 0
21956 14:50:33.880079 read(4, "\n", 1)  = 1
21956 14:50:33.880092 write(4, "\1", 1) = 1
21958 14:50:33.880103 <... read resumed> "\1", 1) = 1
21958 14:50:33.880111 write(5, "\f", 1) = 1
21958 14:50:33.880121 read(5,  <unfinished ...>
21956 14:50:33.880127 read(4, "\f", 1)  = 1
21956 14:50:33.880140 socket(PF_INET, SOCK_STREAM, IPPROTO_TCP) = 5
21956 14:50:33.880153 setsockopt(5, SOL_SOCKET, SO_REUSEADDR, [1], 4) = 0
21956 14:50:33.880164 gettimeofday({1495651833, 880168}, NULL) = 0
21956 14:50:33.880180 bind(5, {sa_family=AF_INET, sin_port=htons(37355), sin_addr=inet_addr("127.0.0.1")}, 16) = 0
21956 14:50:33.880196 listen(5, 1)      = 0
21956 14:50:33.880481 write(4, "\353\221\0\0", 4) = 4
21958 14:50:33.880627 <... read resumed> "\353\221\0\0", 4) = 4
21958 14:50:33.880673 write(0, "227 Entering Passive Mode (127,0,0,1,145,235).\r\n", 48) = 48
21958 14:50:33.880824 rt_sigaction(SIGALRM, {0x805cad0, ~[RTMIN RT_1], 0}, NULL, 8) = 0
21958 14:50:33.880851 alarm(300)        = 300
21958 14:50:33.880869 recv(0, "RETR myfile3\r\n", 4096, MSG_PEEK) = 14
21958 14:50:33.880881 read(0, "RETR myfile3\r\n", 14) = 14
21958 14:50:33.880896 write(5, "\v", 1) = 1
21958 14:50:33.880907 read(5,  <unfinished ...>
21956 14:50:33.880914 read(4, "\v", 1)  = 1
21956 14:50:33.880925 write(4, "\1\0\0\0", 4) = 4
21958 14:50:33.880936 <... read resumed> "\1\0\0\0", 4) = 4
21958 14:50:33.880949 gettimeofday({1495651833, 880953}, NULL) = 0
21958 14:50:33.880960 getcwd("/home/msfadmin", 4096) = 15
21958 14:50:33.880972 open("myfile3", O_RDONLY|O_NONBLOCK|O_LARGEFILE) = 4
21958 14:50:33.880985 fcntl64(4, F_SETLKW64, {type=F_RDLCK, whence=SEEK_SET, start=0, len=0}, 0xbf9a13b4) = 0
21958 14:50:33.880999 fstat64(4, {st_mode=S_IFREG|0644, st_size=17, ...}) = 0
21958 14:50:33.881015 fcntl64(4, F_GETFL) = 0x8800 (flags O_RDONLY|O_NONBLOCK|O_LARGEFILE)
21958 14:50:33.881026 fcntl64(4, F_SETFL, O_RDONLY|O_LARGEFILE) = 0
21958 14:50:33.881038 write(5, "\v", 1) = 1
21958 14:50:33.881049 read(5,  <unfinished ...>
21956 14:50:33.881056 read(4, "\v", 1)  = 1
21956 14:50:33.881067 write(4, "\1\0\0\0", 4) = 4
21958 14:50:33.881077 <... read resumed> "\1\0\0\0", 4) = 4
21958 14:50:33.881108 write(5, "\v", 1) = 1
21958 14:50:33.881121 read(5,  <unfinished ...>
21956 14:50:33.881137 read(4, "\v", 1)  = 1
21956 14:50:33.881148 write(4, "\1\0\0\0", 4) = 4
21958 14:50:33.881158 <... read resumed> "\1\0\0\0", 4) = 4
21958 14:50:33.881166 write(5, "\r", 1) = 1
21958 14:50:33.881176 read(5,  <unfinished ...>
21956 14:50:33.881182 read(4, "\r", 1)  = 1
21956 14:50:33.881195 select(6, [5], NULL, NULL, {60, 0}) = 1 (in [5], left {60, 0})
21956 14:50:33.881211 accept(5, {sa_family=AF_INET, sin_port=htons(36644), sin_addr=inet_addr("127.0.0.1")}, [16]) = 6
21956 14:50:33.881233 write(4, "\1", 1) = 1
21958 14:50:33.881244 <... read resumed> "\1", 1) = 1
21958 14:50:33.881253 recvmsg(5,  <unfinished ...>
21956 14:50:33.881263 sendmsg(4, {msg_name(0)=NULL, msg_iov(1)=[{"\0", 1}], msg_controllen=16, {cmsg_len=16, cmsg_level=SOL_SOCKET, cmsg_type=SCM_RIGHTS, {6}}, msg_flags=0}, 0) = 1
21958 14:50:33.881281 <... recvmsg resumed> {msg_name(0)=NULL, msg_iov(1)=[{"\0", 1}], msg_controllen=16, {cmsg_len=16, cmsg_level=SOL_SOCKET, cmsg_type=SCM_RIGHTS, {6}}, msg_flags=0}, 0) = 1
21958 14:50:33.881294 setsockopt(6, SOL_SOCKET, SO_KEEPALIVE, [1], 4) = 0
21958 14:50:33.881306 setsockopt(6, SOL_IP, IP_TOS, [8], 4) = 0
21958 14:50:33.881318 setsockopt(6, SOL_SOCKET, SO_LINGER, {onoff=1, linger=32767}, 8) = 0
21958 14:50:33.881329 rt_sigaction(SIGALRM, {0x805cad0, ~[RTMIN RT_1], 0}, NULL, 8) = 0
21958 14:50:33.881342 alarm(300)        = 300
21958 14:50:33.881356 write(0, "150 Opening BINARY mode data connection for myfile3 (17 bytes).\r\n", 65) = 65
21958 14:50:33.881399 _llseek(4, 0, [0], SEEK_CUR) = 0
21958 14:50:33.881411 fstat64(4, {st_mode=S_IFREG|0644, st_size=17, ...}) = 0
21958 14:50:33.881428 _llseek(4, 0, [0], SEEK_SET) = 0
21958 14:50:33.881441 sendfile(6, 4, NULL, 17) = 17
21958 14:50:33.881469 rt_sigaction(SIGALRM, {0x805cad0, ~[RTMIN RT_1], 0}, NULL, 8) = 0
21958 14:50:33.881484 alarm(300)        = 300
21958 14:50:33.881494 close(6)          = 0
21958 14:50:33.881503 alarm(0)          = 300
21958 14:50:33.881512 gettimeofday({1495651833, 881516}, NULL) = 0
21958 14:50:33.881530 getpid()          = 21958
21958 14:50:33.881541 gettimeofday({1495651833, 881545}, NULL) = 0
21958 14:50:33.881559 fcntl64(3, F_SETLKW64, {type=F_WRLCK, whence=SEEK_SET, start=0, len=0}, 0xbf9a1354) = 0
21958 14:50:33.881574 write(3, "Wed May 24 14:50:33 2017 [pid 21958] [msfadmin] OK DOWNLOAD: Client \"127.0.0.1\", \"/home/msfadmin/myfile3\", 17 bytes, 28.04Kbyte/sec\n", 132) = 132
21958 14:50:33.881593 fcntl64(3, F_SETLK64, {type=F_UNLCK, whence=SEEK_SET, start=0, len=0}, 0xbf9a135c) = 0
21958 14:50:33.881607 write(0, "226 Transfer complete.\r\n", 24) = 24
21958 14:50:33.881622 write(5, "\n", 1) = 1
21958 14:50:33.881633 read(5,  <unfinished ...>
21956 14:50:33.881640 close(6)          = 0
21956 14:50:33.881717 read(4, "\n", 1)  = 1
21956 14:50:33.881730 close(5)          = 0
21956 14:50:33.881741 write(4, "\1", 1) = 1
21958 14:50:33.881752 <... read resumed> "\1", 1) = 1
21958 14:50:33.881759 close(4)          = 0
21958 14:50:33.881770 rt_sigaction(SIGALRM, {0x805cad0, ~[RTMIN RT_1], 0}, NULL, 8) = 0
21958 14:50:33.881783 alarm(300)        = 0
21958 14:50:33.881794 recv(0,  <unfinished ...>
21956 14:50:33.881802 read(4,  <unfinished ...>
21955 14:50:34.029211 <... recv resumed> "TYPE I\r\n", 4096, MSG_PEEK) = 8
21955 14:50:34.029378 read(0, "TYPE I\r\n", 8) = 8
21955 14:50:34.029440 write(0, "200 Switching to Binary mode.\r\n", 31) = 31
21955 14:50:34.029500 rt_sigaction(SIGALRM, {0x805cad0, ~[RTMIN RT_1], 0}, NULL, 8) = 0
21955 14:50:34.029518 alarm(300)        = 299
21955 14:50:34.029531 recv(0, "PASV\r\n", 4096, MSG_PEEK) = 6
21955 14:50:34.029543 read(0, "PASV\r\n", 6) = 6
21955 14:50:34.029555 write(5, "\n", 1 <unfinished ...>
21953 14:50:34.029566 <... read resumed> "\n", 1) = 1
21955 14:50:34.029571 <... write resumed> ) = 1
21953 14:50:34.029579 write(4, "\1", 1) = 1
21953 14:50:34.029590 read(4,  <unfinished ...>
21955 14:50:34.029597 read(5, "\1", 1)  = 1
21955 14:50:34.029608 write(5, "\f", 1 <unfinished ...>
21953 14:50:34.029615 <... read resumed> "\f", 1) = 1
21955 14:50:34.029620 <... write resumed> ) = 1
21953 14:50:34.029627 socket(PF_INET, SOCK_STREAM, IPPROTO_TCP) = 5
21953 14:50:34.029643 setsockopt(5, SOL_SOCKET, SO_REUSEADDR, [1], 4) = 0
21953 14:50:34.029657 bind(5, {sa_family=AF_INET, sin_port=htons(52650), sin_addr=inet_addr("127.0.0.1")}, 16) = 0
21953 14:50:34.029674 listen(5, 1)      = 0
21953 14:50:34.029688 write(4, "\252\315\0\0", 4) = 4
21953 14:50:34.029699 read(4,  <unfinished ...>
21955 14:50:34.029706 read(5, "\252\315\0\0", 4) = 4
21955 14:50:34.029722 write(0, "227 Entering Passive Mode (127,0,0,1,205,170).\r\n", 48) = 48
21955 14:50:34.029836 rt_sigaction(SIGALRM, {0x805cad0, ~[RTMIN RT_1], 0}, NULL, 8) = 0
21955 14:50:34.029852 alarm(300)        = 300
21955 14:50:34.029864 recv(0, "STOR myfile29\r\n", 4096, MSG_PEEK) = 15
21955 14:50:34.029876 read(0, "STOR myfile29\r\n", 15) = 15
21955 14:50:34.029890 write(5, "\v", 1 <unfinished ...>
21953 14:50:34.029898 <... read resumed> "\v", 1) = 1
21955 14:50:34.029902 <... write resumed> ) = 1
21953 14:50:34.029909 write(4, "\1\0\0\0", 4) = 4
21953 14:50:34.029919 read(4,  <unfinished ...>
21955 14:50:34.029926 read(5, "\1\0\0\0", 4) = 4
21955 14:50:34.029938 gettimeofday({1495651834, 29941}, NULL) = 0
21955 14:50:34.029949 getcwd("/home/msfadmin", 4096) = 15
21955 14:50:34.029961 open("myfile29", O_WRONLY|O_CREAT|O_NONBLOCK|O_LARGEFILE, 0666) = 4
21955 14:50:34.029973 fstat64(4, {st_mode=S_IFREG|0644, st_size=17, ...}) = 0
21955 14:50:34.029973 fcntl64(4, F_GETFL) = 0x8801 (flags O_WRONLY|O_NONBLOCK|O_LARGEFILE)
21955 14:50:34.029973 fcntl64(4, F_SETFL, O_WRONLY|O_LARGEFILE) = 0
21955 14:50:34.029974 fcntl64(4, F_SETLKW64, {type=F_WRLCK, whence=SEEK_SET, start=0, len=0}, 0xbfb6fd64) = 0
21955 14:50:34.029981 ftruncate64(4, 0) = 0
21955 14:50:34.030056 _llseek(4, 0, [0], SEEK_SET) = 0
21955 14:50:34.030078 write(5, "\v", 1 <unfinished ...>
21953 14:50:34.030086 <... read resumed> "\v", 1) = 1
21955 14:50:34.030091 <... write resumed> ) = 1
21953 14:50:34.030097 write(4, "\1\0\0\0", 4) = 4
21953 14:50:34.030108 read(4,  <unfinished ...>
21955 14:50:34.030115 read(5, "\1\0\0\0", 4) = 4
21955 14:50:34.030127 write(5, "\v", 1 <unfinished ...>
21953 14:50:34.030133 <... read resumed> "\v", 1) = 1
21955 14:50:34.030138 <... write resumed> ) = 1
21953 14:50:34.030144 write(4, "\1\0\0\0", 4) = 4
21953 14:50:34.030154 read(4,  <unfinished ...>
21955 14:50:34.030161 read(5, "\1\0\0\0", 4) = 4
21955 14:50:34.030172 write(5, "\r", 1 <unfinished ...>
21953 14:50:34.030179 <... read resumed> "\r", 1) = 1
21955 14:50:34.030184 <... write resumed> ) = 1
21953 14:50:34.030191 select(6, [5], NULL, NULL, {60, 0}) = 1 (in [5], left {60, 0})
21953 14:50:34.030207 accept(5, {sa_family=AF_INET, sin_port=htons(51104), sin_addr=inet_addr("127.0.0.1")}, [16]) = 6
21953 14:50:34.030230 write(4, "\1", 1) = 1
21953 14:50:34.030242 sendmsg(4, {msg_name(0)=NULL, msg_iov(1)=[{"\0", 1}], msg_controllen=16, {cmsg_len=16, cmsg_level=SOL_SOCKET, cmsg_type=SCM_RIGHTS, {6}}, msg_flags=0}, 0) = 1
21953 14:50:34.030259 close(6)          = 0
21953 14:50:34.030268 read(4,  <unfinished ...>
21955 14:50:34.030275 read(5, "\1", 1)  = 1
21955 14:50:34.030288 recvmsg(5, {msg_name(0)=NULL, msg_iov(1)=[{"\0", 1}], msg_controllen=16, {cmsg_len=16, cmsg_level=SOL_SOCKET, cmsg_type=SCM_RIGHTS, {6}}, msg_flags=0}, 0) = 1
21955 14:50:34.030312 setsockopt(6, SOL_SOCKET, SO_KEEPALIVE, [1], 4) = 0
21955 14:50:34.030325 setsockopt(6, SOL_IP, IP_TOS, [8], 4) = 0
21955 14:50:34.030337 setsockopt(6, SOL_SOCKET, SO_LINGER, {onoff=1, linger=32767}, 8) = 0
21955 14:50:34.030348 rt_sigaction(SIGALRM, {0x805cad0, ~[RTMIN RT_1], 0}, NULL, 8) = 0
21955 14:50:34.030361 alarm(300)        = 300
21955 14:50:34.030374 write(0, "150 Ok to send data.\r\n", 22) = 22
21955 14:50:34.030441 read(6, "assasaaa\na\na\na\na\n", 65536) = 17
21955 14:50:34.030455 write(4, "assasaaa\na\na\na\na\n", 17) = 17
21955 14:50:34.030472 read(6, "", 65536) = 0
21955 14:50:34.030483 rt_sigaction(SIGALRM, {0x805cad0, ~[RTMIN RT_1], 0}, NULL, 8) = 0
21955 14:50:34.030496 alarm(300)        = 300
21955 14:50:34.030506 close(6)          = 0
21955 14:50:34.030523 alarm(0)          = 300
21955 14:50:34.030533 gettimeofday({1495651834, 30537}, NULL) = 0
21955 14:50:34.030548 gettimeofday({1495651834, 30552}, NULL) = 0
21955 14:50:34.030563 fcntl64(3, F_SETLKW64, {type=F_WRLCK, whence=SEEK_SET, start=0, len=0}, 0xbfb6fd04) = 0
21955 14:50:34.030578 write(3, "Wed May 24 14:50:34 2017 [pid 21955] [msfadmin] OK UPLOAD: Client \"127.0.0.1\", \"/home/msfadmin/myfile29\", 17 bytes, 27.17Kbyte/sec\n", 131) = 131
21955 14:50:34.030599 fcntl64(3, F_SETLK64, {type=F_UNLCK, whence=SEEK_SET, start=0, len=0}, 0xbfb6fd0c) = 0
21955 14:50:34.030613 write(0, "226 Transfer complete.\r\n", 24) = 24
21955 14:50:34.030657 write(5, "\n", 1 <unfinished ...>
21953 14:50:34.030666 <... read resumed> "\n", 1) = 1
21955 14:50:34.030671 <... write resumed> ) = 1
21953 14:50:34.030677 close(5)          = 0
21953 14:50:34.030689 write(4, "\1", 1) = 1
21953 14:50:34.030699 read(4,  <unfinished ...>
21955 14:50:34.030706 read(5, "\1", 1)  = 1
21955 14:50:34.030717 close(4)          = 0
21955 14:50:34.030727 rt_sigaction(SIGALRM, {0x805cad0, ~[RTMIN RT_1], 0}, NULL, 8) = 0
21955 14:50:34.030740 alarm(300)        = 0
21955 14:50:34.030751 recv(0,  <unfinished ...>
21958 14:50:34.477493 <... recv resumed> "USER msfadmin\r\n", 4096, MSG_PEEK) = 15
21958 14:50:34.477533 read(0, "USER msfadmin\r\n", 15) = 15
21958 14:50:34.477558 write(0, "331 Any password will do.\r\n", 27) = 27
21958 14:50:34.477603 rt_sigaction(SIGALRM, {0x805cad0, ~[RTMIN RT_1], 0}, NULL, 8) = 0
21958 14:50:34.477620 alarm(300)        = 299
21958 14:50:34.477633 recv(0, "PASS msfadmin\r\n", 4096, MSG_PEEK) = 15
21958 14:50:34.477645 read(0, "PASS msfadmin\r\n", 15) = 15
21958 14:50:34.477661 write(0, "230 Already logged in.\r\n", 24) = 24
21958 14:50:34.477722 rt_sigaction(SIGALRM, {0x805cad0, ~[RTMIN RT_1], 0}, NULL, 8) = 0
21958 14:50:34.477737 alarm(300)        = 300
21958 14:50:34.477749 recv(0, "TYPE I\r\n", 4096, MSG_PEEK) = 8
21958 14:50:34.477760 read(0, "TYPE I\r\n", 8) = 8
21958 14:50:34.477774 write(0, "200 Switching to Binary mode.\r\n", 31) = 31
21958 14:50:34.477810 rt_sigaction(SIGALRM, {0x805cad0, ~[RTMIN RT_1], 0}, NULL, 8) = 0
21958 14:50:34.477824 alarm(300)        = 300
21958 14:50:34.477835 recv(0, "PASV\r\n", 4096, MSG_PEEK) = 6
21958 14:50:34.477846 read(0, "PASV\r\n", 6) = 6
21958 14:50:34.477858 write(5, "\n", 1) = 1
21958 14:50:34.477870 read(5,  <unfinished ...>
21956 14:50:34.477878 <... read resumed> "\n", 1) = 1
21956 14:50:34.477887 write(4, "\1", 1) = 1
21958 14:50:34.477898 <... read resumed> "\1", 1) = 1
21958 14:50:34.477905 write(5, "\f", 1) = 1
21958 14:50:34.477915 read(5,  <unfinished ...>
21956 14:50:34.477922 read(4, "\f", 1)  = 1
21956 14:50:34.477934 socket(PF_INET, SOCK_STREAM, IPPROTO_TCP) = 5
21956 14:50:34.477949 setsockopt(5, SOL_SOCKET, SO_REUSEADDR, [1], 4) = 0
21956 14:50:34.477964 bind(5, {sa_family=AF_INET, sin_port=htons(24483), sin_addr=inet_addr("127.0.0.1")}, 16) = 0
21956 14:50:34.477980 listen(5, 1)      = 0
21956 14:50:34.477994 write(4, "\243_\0\0", 4) = 4
21958 14:50:34.478005 <... read resumed> "\243_\0\0", 4) = 4
21958 14:50:34.478017 write(0, "227 Entering Passive Mode (127,0,0,1,95,163).\r\n", 47) = 47
21958 14:50:34.478135 rt_sigaction(SIGALRM, {0x805cad0, ~[RTMIN RT_1], 0}, NULL, 8) = 0
21958 14:50:34.478151 alarm(300)        = 300
21958 14:50:34.478163 recv(0, "RETR myfile4\r\n", 4096, MSG_PEEK) = 14
21958 14:50:34.478175 read(0, "RETR myfile4\r\n", 14) = 14
21958 14:50:34.478188 write(5, "\v", 1) = 1
21958 14:50:34.478198 read(5,  <unfinished ...>
21956 14:50:34.478205 read(4, "\v", 1)  = 1
21956 14:50:34.478216 write(4, "\1\0\0\0", 4) = 4
21958 14:50:34.478260 <... read resumed> "\1\0\0\0", 4) = 4
21958 14:50:34.478276 gettimeofday({1495651834, 478284}, NULL) = 0
21958 14:50:34.478296 getcwd("/home/msfadmin", 4096) = 15
21958 14:50:34.478312 open("myfile4", O_RDONLY|O_NONBLOCK|O_LARGEFILE) = 4
21958 14:50:34.478341 fcntl64(4, F_SETLKW64, {type=F_RDLCK, whence=SEEK_SET, start=0, len=0}, 0xbf9a13b4) = 0
21958 14:50:34.478356 fstat64(4, {st_mode=S_IFREG|0644, st_size=17, ...}) = 0
21958 14:50:34.478399 fcntl64(4, F_GETFL) = 0x8800 (flags O_RDONLY|O_NONBLOCK|O_LARGEFILE)
21958 14:50:34.478421 fcntl64(4, F_SETFL, O_RDONLY|O_LARGEFILE) = 0
21958 14:50:34.478454 write(5, "\v", 1) = 1
21958 14:50:34.478475 read(5,  <unfinished ...>
21956 14:50:34.478493 read(4, "\v", 1)  = 1
21956 14:50:34.478513 write(4, "\1\0\0\0", 4) = 4
21958 14:50:34.478536 <... read resumed> "\1\0\0\0", 4) = 4
21958 14:50:34.478553 write(5, "\v", 1) = 1
21958 14:50:34.478575 read(5,  <unfinished ...>
21956 14:50:34.478591 read(4, "\v", 1)  = 1
21956 14:50:34.478615 write(4, "\1\0\0\0", 4) = 4
21958 14:50:34.478634 <... read resumed> "\1\0\0\0", 4) = 4
21958 14:50:34.478642 write(5, "\r", 1) = 1
21958 14:50:34.478652 read(5,  <unfinished ...>
21956 14:50:34.478658 read(4, "\r", 1)  = 1
21956 14:50:34.478670 select(6, [5], NULL, NULL, {60, 0}) = 1 (in [5], left {60, 0})
21956 14:50:34.478686 accept(5, {sa_family=AF_INET, sin_port=htons(56795), sin_addr=inet_addr("127.0.0.1")}, [16]) = 6
21956 14:50:34.478708 write(4, "\1", 1) = 1
21958 14:50:34.478718 <... read resumed> "\1", 1) = 1
21958 14:50:34.478727 recvmsg(5,  <unfinished ...>
21956 14:50:34.478735 sendmsg(4, {msg_name(0)=NULL, msg_iov(1)=[{"\0", 1}], msg_controllen=16, {cmsg_len=16, cmsg_level=SOL_SOCKET, cmsg_type=SCM_RIGHTS, {6}}, msg_flags=0}, 0) = 1
21958 14:50:34.478752 <... recvmsg resumed> {msg_name(0)=NULL, msg_iov(1)=[{"\0", 1}], msg_controllen=16, {cmsg_len=16, cmsg_level=SOL_SOCKET, cmsg_type=SCM_RIGHTS, {6}}, msg_flags=0}, 0) = 1
21958 14:50:34.478765 setsockopt(6, SOL_SOCKET, SO_KEEPALIVE, [1], 4) = 0
21958 14:50:34.478778 setsockopt(6, SOL_IP, IP_TOS, [8], 4) = 0
21958 14:50:34.478790 setsockopt(6, SOL_SOCKET, SO_LINGER, {onoff=1, linger=32767}, 8) = 0
21958 14:50:34.478801 rt_sigaction(SIGALRM, {0x805cad0, ~[RTMIN RT_1], 0}, NULL, 8) = 0
21958 14:50:34.478814 alarm(300)        = 300
21958 14:50:34.478827 write(0, "150 Opening BINARY mode data connection for myfile4 (17 bytes).\r\n", 65) = 65
21958 14:50:34.478869 _llseek(4, 0, [0], SEEK_CUR) = 0
21958 14:50:34.478881 fstat64(4, {st_mode=S_IFREG|0644, st_size=17, ...}) = 0
21958 14:50:34.478898 _llseek(4, 0, [0], SEEK_SET) = 0
21958 14:50:34.478909 sendfile(6, 4, NULL, 17) = 17
21958 14:50:34.478939 rt_sigaction(SIGALRM, {0x805cad0, ~[RTMIN RT_1], 0}, NULL, 8) = 0
21958 14:50:34.478953 alarm(300)        = 300
21958 14:50:34.478962 close(6)          = 0
21958 14:50:34.478972 alarm(0)          = 300
21958 14:50:34.478981 gettimeofday({1495651834, 478985}, NULL) = 0
21958 14:50:34.478996 gettimeofday({1495651834, 479000}, NULL) = 0
21958 14:50:34.479011 fcntl64(3, F_SETLKW64, {type=F_WRLCK, whence=SEEK_SET, start=0, len=0}, 0xbf9a1354) = 0
21958 14:50:34.479025 write(3, "Wed May 24 14:50:34 2017 [pid 21958] [msfadmin] OK DOWNLOAD: Client \"127.0.0.1\", \"/home/msfadmin/myfile4\", 17 bytes, 23.19Kbyte/sec\n", 132) = 132
21958 14:50:34.479046 fcntl64(3, F_SETLK64, {type=F_UNLCK, whence=SEEK_SET, start=0, len=0}, 0xbf9a135c) = 0
21958 14:50:34.479060 write(0, "226 Transfer complete.\r\n", 24) = 24
21958 14:50:34.479075 write(5, "\n", 1) = 1
21958 14:50:34.479085 read(5,  <unfinished ...>
21956 14:50:34.479092 close(6)          = 0
21956 14:50:34.479178 read(4, "\n", 1)  = 1
21956 14:50:34.479212 close(5)          = 0
21956 14:50:34.479227 write(4, "\1", 1) = 1
21958 14:50:34.479239 <... read resumed> "\1", 1) = 1
21958 14:50:34.479256 close(4)          = 0
21958 14:50:34.479277 rt_sigaction(SIGALRM, {0x805cad0, ~[RTMIN RT_1], 0}, NULL, 8) = 0
21958 14:50:34.479300 alarm(300)        = 0
21958 14:50:34.479311 recv(0,  <unfinished ...>
21956 14:50:34.479319 read(4,  <unfinished ...>
21955 14:50:34.567561 <... recv resumed> "TYPE I\r\n", 4096, MSG_PEEK) = 8
21955 14:50:34.567594 read(0, "TYPE I\r\n", 8) = 8
21955 14:50:34.567617 write(0, "200 Switching to Binary mode.\r\n", 31) = 31
21955 14:50:34.567668 rt_sigaction(SIGALRM, {0x805cad0, ~[RTMIN RT_1], 0}, NULL, 8) = 0
21955 14:50:34.567686 alarm(300)        = 299
21955 14:50:34.567700 recv(0, "PASV\r\n", 4096, MSG_PEEK) = 6
21955 14:50:34.567711 read(0, "PASV\r\n", 6) = 6
21955 14:50:34.567724 write(5, "\n", 1 <unfinished ...>
21953 14:50:34.567736 <... read resumed> "\n", 1) = 1
21955 14:50:34.567741 <... write resumed> ) = 1
21953 14:50:34.567749 write(4, "\1", 1) = 1
21953 14:50:34.567761 read(4,  <unfinished ...>
21955 14:50:34.567768 read(5, "\1", 1)  = 1
21955 14:50:34.567779 write(5, "\f", 1 <unfinished ...>
21953 14:50:34.567787 <... read resumed> "\f", 1) = 1
21955 14:50:34.567791 <... write resumed> ) = 1
21953 14:50:34.567799 socket(PF_INET, SOCK_STREAM, IPPROTO_TCP) = 5
21953 14:50:34.567834 setsockopt(5, SOL_SOCKET, SO_REUSEADDR, [1], 4) = 0
21953 14:50:34.567852 bind(5, {sa_family=AF_INET, sin_port=htons(7015), sin_addr=inet_addr("127.0.0.1")}, 16) = 0
21953 14:50:34.567878 listen(5, 1)      = 0
21953 14:50:34.567892 write(4, "g\33\0\0", 4) = 4
21953 14:50:34.567904 read(4,  <unfinished ...>
21955 14:50:34.567911 read(5, "g\33\0\0", 4) = 4
21955 14:50:34.567927 write(0, "227 Entering Passive Mode (127,0,0,1,27,103).\r\n", 47) = 47
21955 14:50:34.568042 rt_sigaction(SIGALRM, {0x805cad0, ~[RTMIN RT_1], 0}, NULL, 8) = 0
21955 14:50:34.568059 alarm(300)        = 300
21955 14:50:34.568071 recv(0, "STOR myfile30\r\n", 4096, MSG_PEEK) = 15
21955 14:50:34.568083 read(0, "STOR myfile30\r\n", 15) = 15
21955 14:50:34.568096 write(5, "\v", 1 <unfinished ...>
21953 14:50:34.568104 <... read resumed> "\v", 1) = 1
21955 14:50:34.568109 <... write resumed> ) = 1
21953 14:50:34.568115 write(4, "\1\0\0\0", 4) = 4
21953 14:50:34.568126 read(4,  <unfinished ...>
21955 14:50:34.568133 read(5, "\1\0\0\0", 4) = 4
21955 14:50:34.568144 gettimeofday({1495651834, 568148}, NULL) = 0
21955 14:50:34.568156 getcwd("/home/msfadmin", 4096) = 15
21955 14:50:34.568168 open("myfile30", O_WRONLY|O_CREAT|O_NONBLOCK|O_LARGEFILE, 0666) = 4
21955 14:50:34.568182 fstat64(4, {st_mode=S_IFREG|0644, st_size=17, ...}) = 0
21955 14:50:34.568200 fcntl64(4, F_GETFL) = 0x8801 (flags O_WRONLY|O_NONBLOCK|O_LARGEFILE)
21955 14:50:34.568211 fcntl64(4, F_SETFL, O_WRONLY|O_LARGEFILE) = 0
21955 14:50:34.568221 fcntl64(4, F_SETLKW64, {type=F_WRLCK, whence=SEEK_SET, start=0, len=0}, 0xbfb6fd64) = 0
21955 14:50:34.568235 ftruncate64(4, 0) = 0
21955 14:50:34.568255 _llseek(4, 0, [0], SEEK_SET) = 0
21955 14:50:34.568266 write(5, "\v", 1 <unfinished ...>
21953 14:50:34.568273 <... read resumed> "\v", 1) = 1
21955 14:50:34.568278 <... write resumed> ) = 1
21953 14:50:34.568284 write(4, "\1\0\0\0", 4) = 4
21953 14:50:34.568295 read(4,  <unfinished ...>
21955 14:50:34.568302 read(5, "\1\0\0\0", 4) = 4
21955 14:50:34.568313 write(5, "\v", 1 <unfinished ...>
21953 14:50:34.568320 <... read resumed> "\v", 1) = 1
21955 14:50:34.568324 <... write resumed> ) = 1
21953 14:50:34.568330 write(4, "\1\0\0\0", 4) = 4
21953 14:50:34.568340 read(4,  <unfinished ...>
21955 14:50:34.568347 read(5, "\1\0\0\0", 4) = 4
21955 14:50:34.568358 write(5, "\r", 1 <unfinished ...>
21953 14:50:34.568365 <... read resumed> "\r", 1) = 1
21955 14:50:34.568369 <... write resumed> ) = 1
21953 14:50:34.568376 select(6, [5], NULL, NULL, {60, 0}) = 1 (in [5], left {60, 0})
21953 14:50:34.568392 accept(5, {sa_family=AF_INET, sin_port=htons(51358), sin_addr=inet_addr("127.0.0.1")}, [16]) = 6
21953 14:50:34.568420 write(4, "\1", 1) = 1
21953 14:50:34.568433 sendmsg(4, {msg_name(0)=NULL, msg_iov(1)=[{"\0", 1}], msg_controllen=16, {cmsg_len=16, cmsg_level=SOL_SOCKET, cmsg_type=SCM_RIGHTS, {6}}, msg_flags=0}, 0) = 1
21953 14:50:34.568460 close(6)          = 0
21953 14:50:34.568479 read(4,  <unfinished ...>
21955 14:50:34.568486 read(5, "\1", 1)  = 1
21955 14:50:34.568499 recvmsg(5, {msg_name(0)=NULL, msg_iov(1)=[{"\0", 1}], msg_controllen=16, {cmsg_len=16, cmsg_level=SOL_SOCKET, cmsg_type=SCM_RIGHTS, {6}}, msg_flags=0}, 0) = 1
21955 14:50:34.568517 setsockopt(6, SOL_SOCKET, SO_KEEPALIVE, [1], 4) = 0
21955 14:50:34.568529 setsockopt(6, SOL_IP, IP_TOS, [8], 4) = 0
21955 14:50:34.568541 setsockopt(6, SOL_SOCKET, SO_LINGER, {onoff=1, linger=32767}, 8) = 0
21955 14:50:34.568553 rt_sigaction(SIGALRM, {0x805cad0, ~[RTMIN RT_1], 0}, NULL, 8) = 0
21955 14:50:34.568566 alarm(300)        = 300
21955 14:50:34.568579 write(0, "150 Ok to send data.\r\n", 22) = 22
21955 14:50:34.568644 read(6, "assasaaa\na\na\na\na\n", 65536) = 17
21955 14:50:34.568658 write(4, "assasaaa\na\na\na\na\n", 17) = 17
21955 14:50:34.568675 read(6, "", 65536) = 0
21955 14:50:34.568685 rt_sigaction(SIGALRM, {0x805cad0, ~[RTMIN RT_1], 0}, NULL, 8) = 0
21955 14:50:34.568699 alarm(300)        = 300
21955 14:50:34.568708 close(6)          = 0
21955 14:50:34.568725 alarm(0)          = 300
21955 14:50:34.568736 gettimeofday({1495651834, 568739}, NULL) = 0
21955 14:50:34.568751 gettimeofday({1495651834, 568755}, NULL) = 0
21955 14:50:34.568765 fcntl64(3, F_SETLKW64, {type=F_WRLCK, whence=SEEK_SET, start=0, len=0}, 0xbfb6fd04) = 0
21955 14:50:34.568780 write(3, "Wed May 24 14:50:34 2017 [pid 21955] [msfadmin] OK UPLOAD: Client \"127.0.0.1\", \"/home/msfadmin/myfile30\", 17 bytes, 27.35Kbyte/sec\n", 131) = 131
21955 14:50:34.568819 fcntl64(3, F_SETLK64, {type=F_UNLCK, whence=SEEK_SET, start=0, len=0}, 0xbfb6fd0c) = 0
21955 14:50:34.568836 write(0, "226 Transfer complete.\r\n", 24) = 24
21955 14:50:34.568892 write(5, "\n", 1 <unfinished ...>
21953 14:50:34.568901 <... read resumed> "\n", 1) = 1
21955 14:50:34.568906 <... write resumed> ) = 1
21953 14:50:34.568912 close(5)          = 0
21953 14:50:34.568924 write(4, "\1", 1) = 1
21953 14:50:34.568935 read(4,  <unfinished ...>
21955 14:50:34.568942 read(5, "\1", 1)  = 1
21955 14:50:34.568953 close(4)          = 0
21955 14:50:34.568964 rt_sigaction(SIGALRM, {0x805cad0, ~[RTMIN RT_1], 0}, NULL, 8) = 0
21955 14:50:34.568977 alarm(300)        = 0
21955 14:50:34.568988 recv(0,  <unfinished ...>
