18816 14:17:44.142936 munmap(0xb7f12000, 4096) = 0
18816 14:17:44.142959 stat64("/etc/pam.d", {st_mode=S_IFDIR|0755, st_size=4096, ...}) = 0
18816 14:17:44.142979 open("/etc/pam.d/common-account", O_RDONLY|O_LARGEFILE) = 6
18816 14:17:44.142992 fstat64(6, {st_mode=S_IFREG|0644, st_size=392, ...}) = 0
18816 14:17:44.143009 mmap2(NULL, 4096, PROT_READ|PROT_WRITE, MAP_PRIVATE|MAP_ANONYMOUS, -1, 0) = 0xb7f12000
18816 14:17:44.143020 read(6, "#\n# /etc/pam.d/common-account - authorization settings common to all services\n#\n# This file is included from other service-specific PAM config files,\n# and should contain a list of the authorization modules that define\n# the central access policy for use on the system.  The default is to\n# only deny service to users whose accounts are expired in /etc/shadow.\n#\naccount\trequired\tpam_unix.so\n", 4096) = 392
18816 14:17:44.143060 read(6, "", 4096) = 0
18816 14:17:44.143071 close(6)          = 0
18816 14:17:44.143080 munmap(0xb7f12000, 4096) = 0
18816 14:17:44.143091 stat64("/etc/pam.d", {st_mode=S_IFDIR|0755, st_size=4096, ...}) = 0
18816 14:17:44.143110 open("/etc/pam.d/common-password", O_RDONLY|O_LARGEFILE) = 6
18816 14:17:44.143123 fstat64(6, {st_mode=S_IFREG|0644, st_size=1563, ...}) = 0
18816 14:17:44.143140 mmap2(NULL, 4096, PROT_READ|PROT_WRITE, MAP_PRIVATE|MAP_ANONYMOUS, -1, 0) = 0xb7f12000
18816 14:17:44.143151 read(6, "#\n# /etc/pam.d/common-password - password-related modules common to all services\n#\n# This file is included from other service-specific PAM config files,\n# and should contain a list of modules that define the services to be\n# used to change user passwords.  The default is pam_unix.\n\n# Explanation of pam_unix options:\n#\n# The \"nullok\" option allows users to change an empty password, else\n# empty passwords are treated as locked accounts.\n#\n# The \"md5\" option enables MD5 passwords.  Without this option, the\n# default is Unix crypt.\n#\n# The \"obscure\" option replaces the old `OBSCURE_CHECKS_ENAB\' option in\n# login.defs.\n#\n# You can also use the \"min\" option to enforce the length of the new\n# password.\n#\n# See the pam_unix manpage for other options.\n\npassword   requisite   pam_unix.so nullok obscure md5\n\n# Alternate strength checking for password. Note that this\n# requires the libpam-cracklib package to be installed.\n# You will need to comment out the password line above and\n# uncomment the next two in order to use this.\n# (Replaces the `OBSCURE_CHECKS_ENAB\', `CRACKLIB_DICTPATH\')\n#\n# password required\t  pam_cracklib.so retry=3 minlen=6 difok=3\n# password required\t  pam_unix.so use_authtok nullok md5\n\n# minimally-intrusive inclusion of smbpass in the stack for\n# synchronization.  If the module is absent or the passwords don\'t\n# match, this module will be ignored without prompting; and if the \n# passwords do match, the NTLM hash for the user will be updated\n# automatically.\n# password   optional   pam_smbpass.so nullok use_authtok use_first_pass\n", 4096) = 1563
18816 14:17:44.143271 read(6, "", 4096) = 0
18816 14:17:44.143282 close(6)          = 0
18816 14:17:44.143292 munmap(0xb7f12000, 4096) = 0
18816 14:17:44.143303 stat64("/etc/pam.d", {st_mode=S_IFDIR|0755, st_size=4096, ...}) = 0
18816 14:17:44.143322 open("/etc/pam.d/common-session", O_RDONLY|O_LARGEFILE) = 6
18816 14:17:44.143335 fstat64(6, {st_mode=S_IFREG|0644, st_size=372, ...}) = 0
18816 14:17:44.143351 mmap2(NULL, 4096, PROT_READ|PROT_WRITE, MAP_PRIVATE|MAP_ANONYMOUS, -1, 0) = 0xb7f12000
18816 14:17:44.143362 read(6, "#\n# /etc/pam.d/common-session - session-related modules common to all services\n#\n# This file is included from other service-specific PAM config files,\n# and should contain a list of modules that define tasks to be performed\n# at the start and end of sessions of *any* kind (both interactive and\n# non-interactive).  The default is pam_unix.\n#\nsession\trequired\tpam_unix.so\n", 4096) = 372
18816 14:17:44.143401 read(6, "", 4096) = 0
18816 14:17:44.143417 close(6)          = 0
18816 14:17:44.143428 munmap(0xb7f12000, 4096) = 0
18816 14:17:44.143439 read(5, "", 4096) = 0
18816 14:17:44.143449 close(5)          = 0
18816 14:17:44.143459 munmap(0xb7f18000, 4096) = 0
18816 14:17:44.143472 time(NULL)        = 1495649864
18816 14:17:44.143484 lstat64("/etc/ftpusers", {st_mode=S_IFREG|0644, st_size=132, ...}) = 0
18816 14:17:44.143504 open("/etc/ftpusers", O_RDONLY|O_LARGEFILE) = 5
18816 14:17:44.143516 fstat64(5, {st_mode=S_IFREG|0644, st_size=132, ...}) = 0
18816 14:17:44.143533 mmap2(NULL, 4096, PROT_READ|PROT_WRITE, MAP_PRIVATE|MAP_ANONYMOUS, -1, 0) = 0xb7f18000
18816 14:17:44.143544 read(5, "# /etc/ftpusers: list of users disallowed FTP access. See ftpusers(5).\n\nroot\ndaemon\nbin\nsys\nsync\ngames\nman\nlp\nmail\nnews\nuucp\nnobody\n", 4096) = 132
18816 14:17:44.143566 read(5, "", 4096) = 0
18816 14:17:44.143576 close(5)          = 0
18816 14:17:44.143586 munmap(0xb7f18000, 4096) = 0
18816 14:17:44.143602 getuid32()        = 0
18816 14:17:44.143619 open("/etc/passwd", O_RDONLY|0x80000 /* O_??? */) = 5
18816 14:17:44.143634 _llseek(5, 0, [0], SEEK_CUR) = 0
18816 14:17:44.143646 fstat64(5, {st_mode=S_IFREG|0644, st_size=1624, ...}) = 0
18816 14:17:44.143662 mmap2(NULL, 1624, PROT_READ, MAP_SHARED, 5, 0) = 0xb7f18000
18816 14:17:44.143674 _llseek(5, 1624, [1624], SEEK_SET) = 0
18816 14:17:44.143693 munmap(0xb7f18000, 1624) = 0
18816 14:17:44.143704 close(5)          = 0
18816 14:17:44.143728 open("/etc/shadow", O_RDONLY|0x80000 /* O_??? */) = 5
18816 14:17:44.143746 _llseek(5, 0, [0], SEEK_CUR) = 0
18816 14:17:44.143757 fstat64(5, {st_mode=S_IFREG|0640, st_size=1233, ...}) = 0
18816 14:17:44.143774 mmap2(NULL, 1233, PROT_READ, MAP_SHARED, 5, 0) = 0xb7f18000
18816 14:17:44.143785 _llseek(5, 1233, [1233], SEEK_SET) = 0
18816 14:17:44.143805 munmap(0xb7f18000, 1233) = 0
18816 14:17:44.143815 close(5)          = 0
18816 14:17:44.143855 open("/etc/passwd", O_RDONLY|0x80000 /* O_??? */) = 5
18816 14:17:44.143885 _llseek(5, 0, [0], SEEK_CUR) = 0
18816 14:17:44.143896 fstat64(5, {st_mode=S_IFREG|0644, st_size=1624, ...}) = 0
18816 14:17:44.143913 mmap2(NULL, 1624, PROT_READ, MAP_SHARED, 5, 0) = 0xb7f18000
18816 14:17:44.143924 _llseek(5, 1624, [1624], SEEK_SET) = 0
18816 14:17:44.143941 munmap(0xb7f18000, 1624) = 0
18816 14:17:44.143951 close(5)          = 0
18816 14:17:44.143964 open("/etc/shadow", O_RDONLY|0x80000 /* O_??? */) = 5
18816 14:17:44.143978 _llseek(5, 0, [0], SEEK_CUR) = 0
18816 14:17:44.143988 fstat64(5, {st_mode=S_IFREG|0640, st_size=1233, ...}) = 0
18816 14:17:44.144005 mmap2(NULL, 1233, PROT_READ, MAP_SHARED, 5, 0) = 0xb7f18000
18816 14:17:44.144016 _llseek(5, 1233, [1233], SEEK_SET) = 0
18816 14:17:44.144033 munmap(0xb7f18000, 1233) = 0
18816 14:17:44.144043 close(5)          = 0
18816 14:17:44.144275 getuid32()        = 0
18816 14:17:44.144286 open("/etc/passwd", O_RDONLY|0x80000 /* O_??? */) = 5
18816 14:17:44.144299 _llseek(5, 0, [0], SEEK_CUR) = 0
18816 14:17:44.144310 fstat64(5, {st_mode=S_IFREG|0644, st_size=1624, ...}) = 0
18816 14:17:44.144326 mmap2(NULL, 1624, PROT_READ, MAP_SHARED, 5, 0) = 0xb7f18000
18816 14:17:44.144337 _llseek(5, 1624, [1624], SEEK_SET) = 0
18816 14:17:44.144354 munmap(0xb7f18000, 1624) = 0
18816 14:17:44.144363 close(5)          = 0
18816 14:17:44.144376 open("/etc/shadow", O_RDONLY|0x80000 /* O_??? */) = 5
18816 14:17:44.144390 _llseek(5, 0, [0], SEEK_CUR) = 0
18816 14:17:44.144400 fstat64(5, {st_mode=S_IFREG|0640, st_size=1233, ...}) = 0
18816 14:17:44.144417 mmap2(NULL, 1233, PROT_READ, MAP_SHARED, 5, 0) = 0xb7f18000
18816 14:17:44.144428 _llseek(5, 1233, [1233], SEEK_SET) = 0
18816 14:17:44.144444 munmap(0xb7f18000, 1233) = 0
18816 14:17:44.144454 close(5)          = 0
18816 14:17:44.144466 time(NULL)        = 1495649864
18816 14:17:44.144481 munmap(0xb7f15000, 12164) = 0
18816 14:17:44.144495 munmap(0xb7f13000, 7136) = 0
18816 14:17:44.144509 munmap(0xb7d48000, 95428) = 0
18816 14:17:44.144521 munmap(0xb7d0e000, 201052) = 0
18816 14:17:44.144532 munmap(0xb7cf5000, 101180) = 0
18816 14:17:44.144549 gettimeofday({1495649864, 144553}, NULL) = 0
18816 14:17:44.144561 stat64("/usr/share/zoneinfo/UTC+04:00", 0xbff758e4) = -1 ENOENT (No such file or directory)
18816 14:17:44.144576 open("/usr/share/zoneinfo/UTC+04:00", O_RDONLY) = -1 ENOENT (No such file or directory)
18816 14:17:44.144601 fcntl64(3, F_SETLKW64, {type=F_WRLCK, whence=SEEK_SET, start=0, len=0}, 0xbff75a34) = 0
18816 14:17:44.144617 write(3, "Wed May 24 14:17:44 2017 [pid 18816] [msfadmin] OK LOGIN: Client \"127.0.0.1\"\n", 77) = 77
18816 14:17:44.144635 fcntl64(3, F_SETLK64, {type=F_UNLCK, whence=SEEK_SET, start=0, len=0}, 0xbff75a3c) = 0
18816 14:17:44.144648 rt_sigaction(SIGCHLD, {0x805cad0, ~[RTMIN RT_1], 0}, NULL, 8) = 0
18816 14:17:44.144663 write(4, "\1", 1 <unfinished ...>
18817 14:17:44.144673 <... read resumed> "\1", 1) = 1
18816 14:17:44.144679 <... write resumed> ) = 1
18817 14:17:44.144686 exit_group(0)     = ?
18816 14:17:44.144714 --- SIGCHLD (Child exited) @ 0 (0) ---
18816 14:17:44.144722 sigreturn()       = ? (mask now [])
18816 14:17:44.144742 wait4(-1, [{WIFEXITED(s) && WEXITSTATUS(s) == 0}], 0, NULL) = 18817
18816 14:17:44.144755 close(4)          = 0
18816 14:17:44.144767 socketpair(PF_FILE, SOCK_STREAM, 0, [4, 5]) = 0
18816 14:17:44.144782 rt_sigaction(SIGCHLD, {0x805cad0, ~[RTMIN RT_1], 0}, NULL, 8) = 0
18816 14:17:44.144796 rt_sigaction(SIGALRM, {0x805cb10, ~[RTMIN RT_1], 0}, NULL, 8) = 0
18816 14:17:44.144824 clone(child_stack=0, flags=CLONE_CHILD_CLEARTID|CLONE_CHILD_SETTID|SIGCHLD, child_tidptr=0xb7d7e6f8) = 18818
18818 14:17:44.144885 prctl(0x1, 0x9, 0, 0, 0) = 0
18818 14:17:44.144899 close(4)          = 0
18818 14:17:44.144926 open("/etc/passwd", O_RDONLY|0x80000 /* O_??? */) = 4
18818 14:17:44.144944 _llseek(4, 0, [0], SEEK_CUR) = 0
18818 14:17:44.144959 fstat64(4, {st_mode=S_IFREG|0644, st_size=1624, ...}) = 0
18818 14:17:44.144978 mmap2(NULL, 1624, PROT_READ, MAP_SHARED, 4, 0) = 0xb7f18000
18818 14:17:44.144990 _llseek(4, 1624, [1624], SEEK_SET) = 0
18818 14:17:44.145017 munmap(0xb7f18000, 1624) = 0
18818 14:17:44.145029 close(4)          = 0
18818 14:17:44.145043 getuid32()        = 0
18818 14:17:44.145053 open("/etc/passwd", O_RDONLY|0x80000 /* O_??? */) = 4
18818 14:17:44.145067 _llseek(4, 0, [0], SEEK_CUR) = 0
18818 14:17:44.145078 fstat64(4, {st_mode=S_IFREG|0644, st_size=1624, ...}) = 0
18818 14:17:44.145094 mmap2(NULL, 1624, PROT_READ, MAP_SHARED, 4, 0) = 0xb7f18000
18818 14:17:44.145106 _llseek(4, 1624, [1624], SEEK_SET) = 0
18818 14:17:44.145122 munmap(0xb7f18000, 1624) = 0
18818 14:17:44.145132 close(4)          = 0
18818 14:17:44.145157 open("/proc/sys/kernel/ngroups_max", O_RDONLY) = 4
18818 14:17:44.145178 read(4, "65536\n", 31) = 6
18818 14:17:44.145191 close(4)          = 0
18818 14:17:44.145205 socket(PF_FILE, SOCK_STREAM, 0) = 4
18818 14:17:44.145217 fcntl64(4, F_SETFL, O_RDWR|O_NONBLOCK) = 0
18818 14:17:44.145228 connect(4, {sa_family=AF_FILE, path="/var/run/nscd/socket"}, 110) = -1 ENOENT (No such file or directory)
18818 14:17:44.145250 close(4)          = 0
18818 14:17:44.145262 socket(PF_FILE, SOCK_STREAM, 0) = 4
18818 14:17:44.145272 fcntl64(4, F_SETFL, O_RDWR|O_NONBLOCK) = 0
18818 14:17:44.145283 connect(4, {sa_family=AF_FILE, path="/var/run/nscd/socket"}, 110) = -1 ENOENT (No such file or directory)
18818 14:17:44.145302 close(4)          = 0
18818 14:17:44.145325 open("/etc/group", O_RDONLY|0x80000 /* O_??? */) = 4
18818 14:17:44.145340 _llseek(4, 0, [0], SEEK_CUR) = 0
18818 14:17:44.145351 fstat64(4, {st_mode=S_IFREG|0644, st_size=886, ...}) = 0
18818 14:17:44.145368 mmap2(NULL, 886, PROT_READ, MAP_SHARED, 4, 0) = 0xb7f18000
18818 14:17:44.145379 _llseek(4, 886, [886], SEEK_SET) = 0
18818 14:17:44.145404 fstat64(4, {st_mode=S_IFREG|0644, st_size=886, ...}) = 0
18818 14:17:44.145422 munmap(0xb7f18000, 886) = 0
18818 14:17:44.145432 close(4)          = 0
18818 14:17:44.145442 setgroups32(13, [1000, 4, 20, 24, 25, 29, 30, 44, 46, 107, 111, 112, 119]) = 0
18818 14:17:44.145459 geteuid32()       = 0
18818 14:17:44.145471 getegid32()       = 0
18818 14:17:44.145482 setregid32(-1, 1000) = 0
18818 14:17:44.145493 setreuid32(-1, 1000) = 0
18818 14:17:44.145504 chdir("/home/msfadmin") = 0
18818 14:17:44.145516 setreuid32(-1, 0) = 0
18818 14:17:44.145526 setregid32(-1, 0) = 0
18818 14:17:44.145537 setgid32(1000)    = 0
18818 14:17:44.145547 setuid32(1000)    = 0
18818 14:17:44.145557 setrlimit(RLIMIT_NPROC, {rlim_cur=0, rlim_max=0}) = 0
18818 14:17:44.145571 mmap2(NULL, 12288, PROT_READ|PROT_WRITE, MAP_PRIVATE|MAP_ANONYMOUS, -1, 0) = 0xb7f16000
18818 14:17:44.145583 mprotect(0xb7f18000, 4096, PROT_NONE) = 0
18818 14:17:44.145595 mprotect(0xb7f16000, 4096, PROT_NONE) = 0
18818 14:17:44.145606 getcwd("/home/msfadmin", 4096) = 15
18818 14:17:44.145620 umask(022)        = 077
18818 14:17:44.145630 getcwd("/home/msfadmin", 4096) = 15
18818 14:17:44.145644 open(".message", O_RDONLY|O_NONBLOCK|O_LARGEFILE) = -1 ENOENT (No such file or directory)
18818 14:17:44.145666 write(0, "230 Login successful.\r\n", 23) = 23
18818 14:17:44.145732 rt_sigaction(SIGALRM, {0x805cad0, ~[RTMIN RT_1], 0}, NULL, 8) = 0
18818 14:17:44.145750 alarm(300)        = 0
18818 14:17:44.145761 mmap2(NULL, 12288, PROT_READ|PROT_WRITE, MAP_PRIVATE|MAP_ANONYMOUS, -1, 0) = 0xb7f13000
18818 14:17:44.145788 mprotect(0xb7f15000, 4096, PROT_NONE) = 0
18818 14:17:44.145803 mprotect(0xb7f13000, 4096, PROT_NONE) = 0
18818 14:17:44.145827 recv(0, "TYPE I\r\n", 4096, MSG_PEEK) = 8
18818 14:17:44.145840 read(0, "TYPE I\r\n", 8) = 8
18818 14:17:44.145858 write(0, "200 Switching to Binary mode.\r\n", 31) = 31
18818 14:17:44.145898 rt_sigaction(SIGALRM, {0x805cad0, ~[RTMIN RT_1], 0}, NULL, 8) = 0
18818 14:17:44.145914 alarm(300)        = 300
18818 14:17:44.145926 recv(0, "PASV\r\n", 4096, MSG_PEEK) = 6
18818 14:17:44.145937 read(0, "PASV\r\n", 6) = 6
18818 14:17:44.145950 write(5, "\n", 1) = 1
18818 14:17:44.145961 read(5,  <unfinished ...>
18816 14:17:44.145973 close(5)          = 0
18816 14:17:44.145986 getuid32()        = 0
18816 14:17:44.146002 open("/etc/passwd", O_RDONLY|0x80000 /* O_??? */) = 5
18816 14:17:44.146020 _llseek(5, 0, [0], SEEK_CUR) = 0
18816 14:17:44.146033 fstat64(5, {st_mode=S_IFREG|0644, st_size=1624, ...}) = 0
18816 14:17:44.146052 mmap2(NULL, 1624, PROT_READ, MAP_SHARED, 5, 0) = 0xb7f18000
18816 14:17:44.146064 _llseek(5, 1624, [1624], SEEK_SET) = 0
18816 14:17:44.146081 munmap(0xb7f18000, 1624) = 0
18816 14:17:44.146093 close(5)          = 0
18816 14:17:44.146109 setgroups32(0, []) = 0
18816 14:17:44.146121 chdir("/usr/share/empty") = 0
18816 14:17:44.146134 chroot(".")       = 0
18816 14:17:44.146145 capset(NULL, NULL) = -1 EFAULT (Bad address)
18816 14:17:44.146159 prctl(0x8, 0, 0xbff75a18, 0x80549a6, 0xbff75a00) = 0
18816 14:17:44.146170 prctl(0x8, 0x1, 0xbff75a18, 0x8054a49, 0xbff75a00) = 0
18816 14:17:44.146181 setgid32(65534)   = 0
18816 14:17:44.146191 setuid32(65534)   = 0
18816 14:17:44.146201 capset(0x19980330, 0, {CAP_NET_BIND_SERVICE, CAP_NET_BIND_SERVICE, 0}) = 0
18816 14:17:44.146215 read(4, "\n", 1)  = 1
18816 14:17:44.146228 write(4, "\1", 1) = 1
18818 14:17:44.146239 <... read resumed> "\1", 1) = 1
18818 14:17:44.146247 write(5, "\f", 1) = 1
18818 14:17:44.146258 read(5,  <unfinished ...>
18816 14:17:44.146265 read(4, "\f", 1)  = 1
18816 14:17:44.146278 socket(PF_INET, SOCK_STREAM, IPPROTO_TCP) = 5
18816 14:17:44.146291 setsockopt(5, SOL_SOCKET, SO_REUSEADDR, [1], 4) = 0
18816 14:17:44.146303 gettimeofday({1495649864, 146307}, NULL) = 0
18816 14:17:44.146320 bind(5, {sa_family=AF_INET, sin_port=htons(43608), sin_addr=inet_addr("127.0.0.1")}, 16) = 0
18816 14:17:44.146336 listen(5, 1)      = 0
18816 14:17:44.146350 write(4, "X\252\0\0", 4) = 4
18818 14:17:44.146361 <... read resumed> "X\252\0\0", 4) = 4
18818 14:17:44.146375 write(0, "227 Entering Passive Mode (127,0,0,1,170,88).\r\n", 47) = 47
18818 14:17:44.146471 rt_sigaction(SIGALRM, {0x805cad0, ~[RTMIN RT_1], 0}, NULL, 8) = 0
18818 14:17:44.146488 alarm(300)        = 300
18818 14:17:44.146500 recv(0, "RETR myfile18\r\n", 4096, MSG_PEEK) = 15
18818 14:17:44.146512 read(0, "RETR myfile18\r\n", 15) = 15
18818 14:17:44.146527 write(5, "\v", 1) = 1
18818 14:17:44.146538 read(5,  <unfinished ...>
18816 14:17:44.146546 read(4, "\v", 1)  = 1
18816 14:17:44.146557 write(4, "\1\0\0\0", 4) = 4
18818 14:17:44.146568 <... read resumed> "\1\0\0\0", 4) = 4
18818 14:17:44.146578 gettimeofday({1495649864, 146581}, NULL) = 0
18818 14:17:44.146589 getcwd("/home/msfadmin", 4096) = 15
18818 14:17:44.146601 open("myfile18", O_RDONLY|O_NONBLOCK|O_LARGEFILE) = 4
18818 14:17:44.146615 fcntl64(4, F_SETLKW64, {type=F_RDLCK, whence=SEEK_SET, start=0, len=0}, 0xbff75984) = 0
18818 14:17:44.146629 fstat64(4, {st_mode=S_IFREG|0644, st_size=17, ...}) = 0
18818 14:17:44.146645 fcntl64(4, F_GETFL) = 0x8800 (flags O_RDONLY|O_NONBLOCK|O_LARGEFILE)
18818 14:17:44.146656 fcntl64(4, F_SETFL, O_RDONLY|O_LARGEFILE) = 0
18818 14:17:44.146669 write(5, "\v", 1) = 1
18818 14:17:44.146680 read(5,  <unfinished ...>
18816 14:17:44.146687 read(4, "\v", 1)  = 1
18816 14:17:44.146698 write(4, "\1\0\0\0", 4) = 4
18818 14:17:44.146709 <... read resumed> "\1\0\0\0", 4) = 4
18818 14:17:44.146717 write(5, "\v", 1) = 1
18818 14:17:44.146727 read(5,  <unfinished ...>
18816 14:17:44.146734 read(4, "\v", 1)  = 1
18816 14:17:44.146763 write(4, "\1\0\0\0", 4) = 4
18818 14:17:44.146775 <... read resumed> "\1\0\0\0", 4) = 4
18818 14:17:44.146784 write(5, "\r", 1) = 1
18818 14:17:44.146803 read(5,  <unfinished ...>
18816 14:17:44.146811 read(4, "\r", 1)  = 1
18816 14:17:44.146824 select(6, [5], NULL, NULL, {60, 0}) = 1 (in [5], left {60, 0})
18816 14:17:44.146841 accept(5, {sa_family=AF_INET, sin_port=htons(52553), sin_addr=inet_addr("127.0.0.1")}, [16]) = 6
18816 14:17:44.146864 write(4, "\1", 1) = 1
18818 14:17:44.146875 <... read resumed> "\1", 1) = 1
18818 14:17:44.146885 recvmsg(5,  <unfinished ...>
18816 14:17:44.146894 sendmsg(4, {msg_name(0)=NULL, msg_iov(1)=[{"\0", 1}], msg_controllen=16, {cmsg_len=16, cmsg_level=SOL_SOCKET, cmsg_type=SCM_RIGHTS, {6}}, msg_flags=0}, 0) = 1
18818 14:17:44.146912 <... recvmsg resumed> {msg_name(0)=NULL, msg_iov(1)=[{"\0", 1}], msg_controllen=16, {cmsg_len=16, cmsg_level=SOL_SOCKET, cmsg_type=SCM_RIGHTS, {6}}, msg_flags=0}, 0) = 1
18818 14:17:44.146930 setsockopt(6, SOL_SOCKET, SO_KEEPALIVE, [1], 4) = 0
18818 14:17:44.146943 setsockopt(6, SOL_IP, IP_TOS, [8], 4) = 0
18818 14:17:44.146956 setsockopt(6, SOL_SOCKET, SO_LINGER, {onoff=1, linger=32767}, 8) = 0
18818 14:17:44.146967 rt_sigaction(SIGALRM, {0x805cad0, ~[RTMIN RT_1], 0}, NULL, 8) = 0
18818 14:17:44.146981 alarm(300)        = 300
18818 14:17:44.146996 write(0, "150 Opening BINARY mode data connection for myfile18 (17 bytes).\r\n", 66) = 66
18818 14:17:44.147038 _llseek(4, 0, [0], SEEK_CUR) = 0
18818 14:17:44.147051 fstat64(4, {st_mode=S_IFREG|0644, st_size=17, ...}) = 0
18818 14:17:44.147069 _llseek(4, 0, [0], SEEK_SET) = 0
18818 14:17:44.147082 sendfile(6, 4, NULL, 17) = 17
18818 14:17:44.147110 rt_sigaction(SIGALRM, {0x805cad0, ~[RTMIN RT_1], 0}, NULL, 8) = 0
18818 14:17:44.147125 alarm(300)        = 300
18818 14:17:44.147135 close(6)          = 0
18818 14:17:44.147145 alarm(0)          = 300
18818 14:17:44.147155 gettimeofday({1495649864, 147158}, NULL) = 0
18818 14:17:44.147172 getpid()          = 18818
18818 14:17:44.147184 gettimeofday({1495649864, 147188}, NULL) = 0
18818 14:17:44.147204 fcntl64(3, F_SETLKW64, {type=F_WRLCK, whence=SEEK_SET, start=0, len=0}, 0xbff75924) = 0
18818 14:17:44.147221 write(3, "Wed May 24 14:17:44 2017 [pid 18818] [msfadmin] OK DOWNLOAD: Client \"127.0.0.1\", \"/home/msfadmin/myfile18\", 17 bytes, 27.35Kbyte/sec\n", 133) = 133
18818 14:17:44.147241 fcntl64(3, F_SETLK64, {type=F_UNLCK, whence=SEEK_SET, start=0, len=0}, 0xbff7592c) = 0
18818 14:17:44.147385 write(0, "226 Transfer complete.\r\n", 24) = 24
18818 14:17:44.147412 write(5, "\n", 1) = 1
18818 14:17:44.147423 read(5,  <unfinished ...>
18816 14:17:44.147430 close(6)          = 0
18816 14:17:44.147508 read(4, "\n", 1)  = 1
18816 14:17:44.147522 close(5)          = 0
18816 14:17:44.147533 write(4, "\1", 1) = 1
18818 14:17:44.147544 <... read resumed> "\1", 1) = 1
18818 14:17:44.147552 close(4)          = 0
18818 14:17:44.147563 rt_sigaction(SIGALRM, {0x805cad0, ~[RTMIN RT_1], 0}, NULL, 8) = 0
18818 14:17:44.147577 alarm(300)        = 0
18818 14:17:44.147588 recv(0,  <unfinished ...>
18816 14:17:44.147596 read(4,  <unfinished ...>
18815 14:17:44.183562 <... recv resumed> "TYPE I\r\n", 4096, MSG_PEEK) = 8
18815 14:17:44.183595 read(0, "TYPE I\r\n", 8) = 8
18815 14:17:44.183617 write(0, "200 Switching to Binary mode.\r\n", 31) = 31
18815 14:17:44.183705 rt_sigaction(SIGALRM, {0x805cad0, ~[RTMIN RT_1], 0}, NULL, 8) = 0
18815 14:17:44.183724 alarm(300)        = 299
18815 14:17:44.183737 recv(0, "PASV\r\n", 4096, MSG_PEEK) = 6
18815 14:17:44.183749 read(0, "PASV\r\n", 6) = 6
18815 14:17:44.183762 write(5, "\n", 1 <unfinished ...>
18813 14:17:44.183773 <... read resumed> "\n", 1) = 1
18815 14:17:44.183779 <... write resumed> ) = 1
18813 14:17:44.183788 write(4, "\1", 1 <unfinished ...>
18815 14:17:44.183794 read(5,  <unfinished ...>
18813 14:17:44.183801 <... write resumed> ) = 1
18815 14:17:44.183805 <... read resumed> "\1", 1) = 1
18813 14:17:44.183813 read(4,  <unfinished ...>
18815 14:17:44.183818 write(5, "\f", 1 <unfinished ...>
18813 14:17:44.183825 <... read resumed> "\f", 1) = 1
18815 14:17:44.183831 <... write resumed> ) = 1
18813 14:17:44.183839 socket(PF_INET, SOCK_STREAM, IPPROTO_TCP <unfinished ...>
18815 14:17:44.183845 read(5,  <unfinished ...>
18813 14:17:44.183855 <... socket resumed> ) = 5
18813 14:17:44.183863 setsockopt(5, SOL_SOCKET, SO_REUSEADDR, [1], 4) = 0
18813 14:17:44.183879 bind(5, {sa_family=AF_INET, sin_port=htons(14471), sin_addr=inet_addr("127.0.0.1")}, 16) = 0
18813 14:17:44.183896 listen(5, 1)      = 0
18813 14:17:44.183910 write(4, "\2078\0\0", 4 <unfinished ...>
18815 14:17:44.183919 <... read resumed> "\2078\0\0", 4) = 4
18813 14:17:44.183924 <... write resumed> ) = 4
18815 14:17:44.183937 write(0, "227 Entering Passive Mode (127,0,0,1,56,135).\r\n", 47 <unfinished ...>
18813 14:17:44.183946 read(4,  <unfinished ...>
18815 14:17:44.184052 <... write resumed> ) = 47
18815 14:17:44.184073 rt_sigaction(SIGALRM, {0x805cad0, ~[RTMIN RT_1], 0}, NULL, 8) = 0
18815 14:17:44.184089 alarm(300)        = 300
18815 14:17:44.184101 recv(0, "STOR myfile7\r\n", 4096, MSG_PEEK) = 14
18815 14:17:44.184114 read(0, "STOR myfile7\r\n", 14) = 14
18815 14:17:44.184129 write(5, "\v", 1 <unfinished ...>
18813 14:17:44.184137 <... read resumed> "\v", 1) = 1
18815 14:17:44.184142 <... write resumed> ) = 1
18813 14:17:44.184150 write(4, "\1\0\0\0", 4 <unfinished ...>
18815 14:17:44.184156 read(5,  <unfinished ...>
18813 14:17:44.184163 <... write resumed> ) = 4
18815 14:17:44.184167 <... read resumed> "\1\0\0\0", 4) = 4
18813 14:17:44.184176 read(4,  <unfinished ...>
18815 14:17:44.184181 gettimeofday({1495649864, 184185}, NULL) = 0
18815 14:17:44.184193 getcwd("/home/msfadmin", 4096) = 15
18815 14:17:44.184206 open("myfile7", O_WRONLY|O_CREAT|O_NONBLOCK|O_LARGEFILE, 0666) = 4
18815 14:17:44.184220 fstat64(4, {st_mode=S_IFREG|0644, st_size=17, ...}) = 0
18815 14:17:44.184239 fcntl64(4, F_GETFL) = 0x8801 (flags O_WRONLY|O_NONBLOCK|O_LARGEFILE)
18815 14:17:44.184250 fcntl64(4, F_SETFL, O_WRONLY|O_LARGEFILE) = 0
18815 14:17:44.184261 fcntl64(4, F_SETLKW64, {type=F_WRLCK, whence=SEEK_SET, start=0, len=0}, 0xbff30924) = 0
18815 14:17:44.184275 ftruncate64(4, 0) = 0
18815 14:17:44.184294 _llseek(4, 0, [0], SEEK_SET) = 0
18815 14:17:44.184305 write(5, "\v", 1 <unfinished ...>
18813 14:17:44.184347 <... read resumed> "\v", 1) = 1
18815 14:17:44.184352 <... write resumed> ) = 1
18813 14:17:44.184359 write(4, "\1\0\0\0", 4) = 4
18813 14:17:44.184380 read(4,  <unfinished ...>
18815 14:17:44.184387 read(5, "\1\0\0\0", 4) = 4
18815 14:17:44.184399 write(5, "\v", 1 <unfinished ...>
18813 14:17:44.184407 <... read resumed> "\v", 1) = 1
18815 14:17:44.184412 <... write resumed> ) = 1
18813 14:17:44.184418 write(4, "\1\0\0\0", 4) = 4
18813 14:17:44.184429 read(4,  <unfinished ...>
18815 14:17:44.184436 read(5, "\1\0\0\0", 4) = 4
18815 14:17:44.184447 write(5, "\r", 1 <unfinished ...>
18813 14:17:44.184454 <... read resumed> "\r", 1) = 1
18815 14:17:44.184459 <... write resumed> ) = 1
18813 14:17:44.184467 select(6, [5], NULL, NULL, {60, 0}) = 1 (in [5], left {60, 0})
18813 14:17:44.184484 accept(5, {sa_family=AF_INET, sin_port=htons(48264), sin_addr=inet_addr("127.0.0.1")}, [16]) = 6
18815 14:17:44.184509 read(5,  <unfinished ...>
18813 14:17:44.184514 write(4, "\1", 1 <unfinished ...>
18815 14:17:44.184522 <... read resumed> "\1", 1) = 1
18813 14:17:44.184527 <... write resumed> ) = 1
18815 14:17:44.184536 recvmsg(5,  <unfinished ...>
18813 14:17:44.184542 sendmsg(4, {msg_name(0)=NULL, msg_iov(1)=[{"\0", 1}], msg_controllen=16, {cmsg_len=16, cmsg_level=SOL_SOCKET, cmsg_type=SCM_RIGHTS, {6}}, msg_flags=0}, 0 <unfinished ...>
18815 14:17:44.184558 <... recvmsg resumed> {msg_name(0)=NULL, msg_iov(1)=[{"\0", 1}], msg_controllen=16, {cmsg_len=16, cmsg_level=SOL_SOCKET, cmsg_type=SCM_RIGHTS, {6}}, msg_flags=0}, 0) = 1
18813 14:17:44.184568 <... sendmsg resumed> ) = 1
18815 14:17:44.184577 setsockopt(6, SOL_SOCKET, SO_KEEPALIVE, [1], 4 <unfinished ...>
18813 14:17:44.184582 close(6 <unfinished ...>
18815 14:17:44.184589 <... setsockopt resumed> ) = 0
18813 14:17:44.184594 <... close resumed> ) = 0
18815 14:17:44.184602 setsockopt(6, SOL_IP, IP_TOS, [8], 4 <unfinished ...>
18813 14:17:44.184608 read(4,  <unfinished ...>
18815 14:17:44.184614 <... setsockopt resumed> ) = 0
18815 14:17:44.184622 setsockopt(6, SOL_SOCKET, SO_LINGER, {onoff=1, linger=32767}, 8) = 0
18815 14:17:44.184634 rt_sigaction(SIGALRM, {0x805cad0, ~[RTMIN RT_1], 0}, NULL, 8) = 0
18815 14:17:44.184648 alarm(300)        = 300
18815 14:17:44.184662 write(0, "150 Ok to send data.\r\n", 22) = 22
18815 14:17:44.184736 read(6, "assasaaa\na\na\na\na\n", 65536) = 17
18815 14:17:44.184751 write(4, "assasaaa\na\na\na\na\n", 17) = 17
18815 14:17:44.184769 read(6, "", 65536) = 0
18815 14:17:44.184780 rt_sigaction(SIGALRM, {0x805cad0, ~[RTMIN RT_1], 0}, NULL, 8) = 0
18815 14:17:44.184794 alarm(300)        = 300
18815 14:17:44.184804 close(6)          = 0
18815 14:17:44.184823 alarm(0)          = 300
18815 14:17:44.184837 gettimeofday({1495649864, 184841}, NULL) = 0
18815 14:17:44.184853 gettimeofday({1495649864, 184857}, NULL) = 0
18815 14:17:44.184868 fcntl64(3, F_SETLKW64, {type=F_WRLCK, whence=SEEK_SET, start=0, len=0}, 0xbff308c4) = 0
18815 14:17:44.184884 write(3, "Wed May 24 14:17:44 2017 [pid 18815] [msfadmin] OK UPLOAD: Client \"127.0.0.1\", \"/home/msfadmin/myfile7\", 17 bytes, 24.70Kbyte/sec\n", 130) = 130
18815 14:17:44.184906 fcntl64(3, F_SETLK64, {type=F_UNLCK, whence=SEEK_SET, start=0, len=0}, 0xbff308cc) = 0
18815 14:17:44.184921 write(0, "226 Transfer complete.\r\n", 24) = 24
18815 14:17:44.184966 write(5, "\n", 1 <unfinished ...>
18813 14:17:44.184976 <... read resumed> "\n", 1) = 1
18815 14:17:44.184981 <... write resumed> ) = 1
18813 14:17:44.184988 close(5)          = 0
18813 14:17:44.185000 write(4, "\1", 1) = 1
18813 14:17:44.185012 read(4,  <unfinished ...>
18815 14:17:44.185019 read(5, "\1", 1)  = 1
18815 14:17:44.185031 close(4)          = 0
18815 14:17:44.185042 rt_sigaction(SIGALRM, {0x805cad0, ~[RTMIN RT_1], 0}, NULL, 8) = 0
18815 14:17:44.185056 alarm(300)        = 0
18815 14:17:44.185067 recv(0,  <unfinished ...>
18818 14:17:44.684312 <... recv resumed> "USER msfadmin\r\n", 4096, MSG_PEEK) = 15
18818 14:17:44.684455 read(0, "USER msfadmin\r\n", 15) = 15
18818 14:17:44.684576 write(0, "331 Any password will do.\r\n", 27) = 27
18818 14:17:44.684676 rt_sigaction(SIGALRM, {0x805cad0, ~[RTMIN RT_1], 0}, NULL, 8) = 0
18818 14:17:44.684712 alarm(300)        = 299
18818 14:17:44.684738 recv(0, "PASS msfadmin\r\n", 4096, MSG_PEEK) = 15
18818 14:17:44.684757 read(0, "PASS msfadmin\r\n", 15) = 15
18818 14:17:44.684773 write(0, "230 Already logged in.\r\n", 24) = 24
18818 14:17:44.684836 rt_sigaction(SIGALRM, {0x805cad0, ~[RTMIN RT_1], 0}, NULL, 8) = 0
18818 14:17:44.684852 alarm(300)        = 300
18818 14:17:44.684863 recv(0, "TYPE I\r\n", 4096, MSG_PEEK) = 8
18818 14:17:44.684875 read(0, "TYPE I\r\n", 8) = 8
18818 14:17:44.684890 write(0, "200 Switching to Binary mode.\r\n", 31) = 31
18818 14:17:44.684926 rt_sigaction(SIGALRM, {0x805cad0, ~[RTMIN RT_1], 0}, NULL, 8) = 0
18818 14:17:44.684940 alarm(300)        = 300
18818 14:17:44.684951 recv(0, "PASV\r\n", 4096, MSG_PEEK) = 6
18818 14:17:44.684963 read(0, "PASV\r\n", 6) = 6
18818 14:17:44.684975 write(5, "\n", 1) = 1
18818 14:17:44.684988 read(5,  <unfinished ...>
18816 14:17:44.684997 <... read resumed> "\n", 1) = 1
18816 14:17:44.685007 write(4, "\1", 1) = 1
18818 14:17:44.685018 <... read resumed> "\1", 1) = 1
18818 14:17:44.685025 write(5, "\f", 1) = 1
18818 14:17:44.685036 read(5,  <unfinished ...>
18816 14:17:44.685043 read(4, "\f", 1)  = 1
18816 14:17:44.685055 socket(PF_INET, SOCK_STREAM, IPPROTO_TCP) = 5
18816 14:17:44.685071 setsockopt(5, SOL_SOCKET, SO_REUSEADDR, [1], 4) = 0
18816 14:17:44.685086 bind(5, {sa_family=AF_INET, sin_port=htons(36944), sin_addr=inet_addr("127.0.0.1")}, 16) = 0
18816 14:17:44.685104 listen(5, 1)      = 0
18816 14:17:44.685118 write(4, "P\220\0\0", 4) = 4
18818 14:17:44.685129 <... read resumed> "P\220\0\0", 4) = 4
18818 14:17:44.685142 write(0, "227 Entering Passive Mode (127,0,0,1,144,80).\r\n", 47) = 47
18818 14:17:44.685255 rt_sigaction(SIGALRM, {0x805cad0, ~[RTMIN RT_1], 0}, NULL, 8) = 0
18818 14:17:44.685272 alarm(300)        = 300
18818 14:17:44.685283 recv(0, "RETR myfile19\r\n", 4096, MSG_PEEK) = 15
18818 14:17:44.685296 read(0, "RETR myfile19\r\n", 15) = 15
18818 14:17:44.685309 write(5, "\v", 1) = 1
18818 14:17:44.685320 read(5,  <unfinished ...>
18816 14:17:44.685328 read(4, "\v", 1)  = 1
18816 14:17:44.685339 write(4, "\1\0\0\0", 4) = 4
18818 14:17:44.685488 <... read resumed> "\1\0\0\0", 4) = 4
18818 14:17:44.685498 gettimeofday({1495649864, 685502}, NULL) = 0
18818 14:17:44.685519 getcwd("/home/msfadmin", 4096) = 15
18818 14:17:44.685533 open("myfile19", O_RDONLY|O_NONBLOCK|O_LARGEFILE) = 4
18818 14:17:44.685547 fcntl64(4, F_SETLKW64, {type=F_RDLCK, whence=SEEK_SET, start=0, len=0}, 0xbff75984) = 0
18818 14:17:44.685563 fstat64(4, {st_mode=S_IFREG|0644, st_size=17, ...}) = 0
18818 14:17:44.685587 fcntl64(4, F_GETFL) = 0x8800 (flags O_RDONLY|O_NONBLOCK|O_LARGEFILE)
18818 14:17:44.685599 fcntl64(4, F_SETFL, O_RDONLY|O_LARGEFILE) = 0
18818 14:17:44.685611 write(5, "\v", 1) = 1
18818 14:17:44.685622 read(5,  <unfinished ...>
18816 14:17:44.685629 read(4, "\v", 1)  = 1
18816 14:17:44.685640 write(4, "\1\0\0\0", 4) = 4
18818 14:17:44.685651 <... read resumed> "\1\0\0\0", 4) = 4
18818 14:17:44.685659 write(5, "\v", 1) = 1
18818 14:17:44.685669 read(5,  <unfinished ...>
18816 14:17:44.685676 read(4, "\v", 1)  = 1
18816 14:17:44.685698 write(4, "\1\0\0\0", 4) = 4
18818 14:17:44.685709 <... read resumed> "\1\0\0\0", 4) = 4
18818 14:17:44.685726 write(5, "\r", 1) = 1
18818 14:17:44.685736 read(5,  <unfinished ...>
18816 14:17:44.685743 read(4, "\r", 1)  = 1
18816 14:17:44.685755 select(6, [5], NULL, NULL, {60, 0}) = 1 (in [5], left {60, 0})
18816 14:17:44.685772 accept(5, {sa_family=AF_INET, sin_port=htons(60808), sin_addr=inet_addr("127.0.0.1")}, [16]) = 6
18816 14:17:44.685795 write(4, "\1", 1) = 1
18818 14:17:44.685806 <... read resumed> "\1", 1) = 1
18818 14:17:44.685815 recvmsg(5,  <unfinished ...>
18816 14:17:44.685824 sendmsg(4, {msg_name(0)=NULL, msg_iov(1)=[{"\0", 1}], msg_controllen=16, {cmsg_len=16, cmsg_level=SOL_SOCKET, cmsg_type=SCM_RIGHTS, {6}}, msg_flags=0}, 0) = 1
18818 14:17:44.685842 <... recvmsg resumed> {msg_name(0)=NULL, msg_iov(1)=[{"\0", 1}], msg_controllen=16, {cmsg_len=16, cmsg_level=SOL_SOCKET, cmsg_type=SCM_RIGHTS, {6}}, msg_flags=0}, 0) = 1
18818 14:17:44.685855 setsockopt(6, SOL_SOCKET, SO_KEEPALIVE, [1], 4) = 0
18818 14:17:44.685868 setsockopt(6, SOL_IP, IP_TOS, [8], 4) = 0
18818 14:17:44.685881 setsockopt(6, SOL_SOCKET, SO_LINGER, {onoff=1, linger=32767}, 8) = 0
18818 14:17:44.685893 rt_sigaction(SIGALRM, {0x805cad0, ~[RTMIN RT_1], 0}, NULL, 8) = 0
18818 14:17:44.685906 alarm(300)        = 300
18818 14:17:44.685920 write(0, "150 Opening BINARY mode data connection for myfile19 (17 bytes).\r\n", 66) = 66
18818 14:17:44.685963 _llseek(4, 0, [0], SEEK_CUR) = 0
18818 14:17:44.685976 fstat64(4, {st_mode=S_IFREG|0644, st_size=17, ...}) = 0
18818 14:17:44.685993 _llseek(4, 0, [0], SEEK_SET) = 0
18818 14:17:44.686004 sendfile(6, 4, NULL, 17) = 17
18818 14:17:44.686035 rt_sigaction(SIGALRM, {0x805cad0, ~[RTMIN RT_1], 0}, NULL, 8) = 0
18818 14:17:44.686049 alarm(300)        = 300
18818 14:17:44.686060 close(6)          = 0
18818 14:17:44.686069 alarm(0)          = 300
18818 14:17:44.686079 gettimeofday({1495649864, 686083}, NULL) = 0
18818 14:17:44.686095 gettimeofday({1495649864, 686099}, NULL) = 0
18818 14:17:44.686109 fcntl64(3, F_SETLKW64, {type=F_WRLCK, whence=SEEK_SET, start=0, len=0}, 0xbff75924) = 0
18818 14:17:44.686124 write(3, "Wed May 24 14:17:44 2017 [pid 18818] [msfadmin] OK DOWNLOAD: Client \"127.0.0.1\", \"/home/msfadmin/myfile19\", 17 bytes, 27.81Kbyte/sec\n", 133) = 133
18818 14:17:44.686145 fcntl64(3, F_SETLK64, {type=F_UNLCK, whence=SEEK_SET, start=0, len=0}, 0xbff7592c) = 0
18818 14:17:44.686160 write(0, "226 Transfer complete.\r\n", 24) = 24
18818 14:17:44.686176 write(5, "\n", 1) = 1
18818 14:17:44.686187 read(5,  <unfinished ...>
18816 14:17:44.686194 close(6)          = 0
18816 14:17:44.686280 read(4, "\n", 1)  = 1
18816 14:17:44.686294 close(5)          = 0
18816 14:17:44.686306 write(4, "\1", 1) = 1
18818 14:17:44.686317 <... read resumed> "\1", 1) = 1
18818 14:17:44.686324 close(4)          = 0
18818 14:17:44.686335 rt_sigaction(SIGALRM, {0x805cad0, ~[RTMIN RT_1], 0}, NULL, 8) = 0
18818 14:17:44.686349 alarm(300)        = 0
18818 14:17:44.686361 recv(0,  <unfinished ...>
18816 14:17:44.686368 read(4,  <unfinished ...>
18815 14:17:44.733622 <... recv resumed> "TYPE I\r\n", 4096, MSG_PEEK) = 8
18815 14:17:44.733654 read(0, "TYPE I\r\n", 8) = 8
18815 14:17:44.733676 write(0, "200 Switching to Binary mode.\r\n", 31) = 31
18815 14:17:44.733725 rt_sigaction(SIGALRM, {0x805cad0, ~[RTMIN RT_1], 0}, NULL, 8) = 0
18815 14:17:44.733743 alarm(300)        = 299
18815 14:17:44.733756 recv(0, "PASV\r\n", 4096, MSG_PEEK) = 6
18815 14:17:44.733768 read(0, "PASV\r\n", 6) = 6
18815 14:17:44.733788 write(5, "\n", 1 <unfinished ...>
18813 14:17:44.733800 <... read resumed> "\n", 1) = 1
18815 14:17:44.733806 <... write resumed> ) = 1
18813 14:17:44.733814 write(4, "\1", 1 <unfinished ...>
18815 14:17:44.733820 read(5,  <unfinished ...>
18813 14:17:44.733827 <... write resumed> ) = 1
18815 14:17:44.733832 <... read resumed> "\1", 1) = 1
18813 14:17:44.733840 read(4,  <unfinished ...>
18815 14:17:44.733845 write(5, "\f", 1 <unfinished ...>
18813 14:17:44.733852 <... read resumed> "\f", 1) = 1
18815 14:17:44.733857 <... write resumed> ) = 1
18813 14:17:44.733866 socket(PF_INET, SOCK_STREAM, IPPROTO_TCP <unfinished ...>
18815 14:17:44.733872 read(5,  <unfinished ...>
18813 14:17:44.733882 <... socket resumed> ) = 5
18813 14:17:44.733890 setsockopt(5, SOL_SOCKET, SO_REUSEADDR, [1], 4) = 0
18813 14:17:44.733905 bind(5, {sa_family=AF_INET, sin_port=htons(23116), sin_addr=inet_addr("127.0.0.1")}, 16) = 0
18813 14:17:44.733922 listen(5, 1)      = 0
18813 14:17:44.733936 write(4, "LZ\0\0", 4 <unfinished ...>
18815 14:17:44.733945 <... read resumed> "LZ\0\0", 4) = 4
18813 14:17:44.733951 <... write resumed> ) = 4
18815 14:17:44.733963 write(0, "227 Entering Passive Mode (127,0,0,1,90,76).\r\n", 46 <unfinished ...>
18813 14:17:44.733971 read(4,  <unfinished ...>
18815 14:17:44.734073 <... write resumed> ) = 46
18815 14:17:44.734086 rt_sigaction(SIGALRM, {0x805cad0, ~[RTMIN RT_1], 0}, NULL, 8) = 0
18815 14:17:44.734101 alarm(300)        = 300
18815 14:17:44.734113 recv(0, "STOR myfile8\r\n", 4096, MSG_PEEK) = 14
18815 14:17:44.734125 read(0, "STOR myfile8\r\n", 14) = 14
18815 14:17:44.734139 write(5, "\v", 1 <unfinished ...>
18813 14:17:44.734148 <... read resumed> "\v", 1) = 1
18815 14:17:44.734153 <... write resumed> ) = 1
18813 14:17:44.734160 write(4, "\1\0\0\0", 4 <unfinished ...>
18815 14:17:44.734166 read(5,  <unfinished ...>
18813 14:17:44.734173 <... write resumed> ) = 4
18815 14:17:44.734177 <... read resumed> "\1\0\0\0", 4) = 4
18813 14:17:44.734186 read(4,  <unfinished ...>
18815 14:17:44.734190 gettimeofday({1495649864, 734195}, NULL) = 0
18815 14:17:44.734202 getcwd("/home/msfadmin", 4096) = 15
18815 14:17:44.734216 open("myfile8", O_WRONLY|O_CREAT|O_NONBLOCK|O_LARGEFILE, 0666) = 4
18815 14:17:44.734230 fstat64(4, {st_mode=S_IFREG|0644, st_size=17, ...}) = 0
18815 14:17:44.734249 fcntl64(4, F_GETFL) = 0x8801 (flags O_WRONLY|O_NONBLOCK|O_LARGEFILE)
18815 14:17:44.734261 fcntl64(4, F_SETFL, O_WRONLY|O_LARGEFILE) = 0
18815 14:17:44.734271 fcntl64(4, F_SETLKW64, {type=F_WRLCK, whence=SEEK_SET, start=0, len=0}, 0xbff30924) = 0
18815 14:17:44.734286 ftruncate64(4, 0) = 0
18815 14:17:44.734358 _llseek(4, 0, [0], SEEK_SET) = 0
18815 14:17:44.734393 write(5, "\v", 1 <unfinished ...>
18813 14:17:44.734410 <... read resumed> "\v", 1) = 1
18815 14:17:44.734416 <... write resumed> ) = 1
18813 14:17:44.734423 write(4, "\1\0\0\0", 4) = 4
18813 14:17:44.734435 read(4,  <unfinished ...>
18815 14:17:44.734442 read(5, "\1\0\0\0", 4) = 4
18815 14:17:44.734454 write(5, "\v", 1 <unfinished ...>
18813 14:17:44.734461 <... read resumed> "\v", 1) = 1
18815 14:17:44.734466 <... write resumed> ) = 1
18813 14:17:44.734472 write(4, "\1\0\0\0", 4) = 4
18813 14:17:44.734483 read(4,  <unfinished ...>
18815 14:17:44.734490 read(5, "\1\0\0\0", 4) = 4
18815 14:17:44.734502 write(5, "\r", 1 <unfinished ...>
18813 14:17:44.734509 <... read resumed> "\r", 1) = 1
18815 14:17:44.734514 <... write resumed> ) = 1
18813 14:17:44.734522 select(6, [5], NULL, NULL, {60, 0}) = 1 (in [5], left {60, 0})
18813 14:17:44.734539 accept(5, {sa_family=AF_INET, sin_port=htons(46263), sin_addr=inet_addr("127.0.0.1")}, [16]) = 6
18813 14:17:44.734562 write(4, "\1", 1) = 1
18813 14:17:44.734574 sendmsg(4, {msg_name(0)=NULL, msg_iov(1)=[{"\0", 1}], msg_controllen=16, {cmsg_len=16, cmsg_level=SOL_SOCKET, cmsg_type=SCM_RIGHTS, {6}}, msg_flags=0}, 0) = 1
18813 14:17:44.734592 close(6)          = 0
18813 14:17:44.734602 read(4,  <unfinished ...>
18815 14:17:44.734609 read(5, "\1", 1)  = 1
18815 14:17:44.734622 recvmsg(5, {msg_name(0)=NULL, msg_iov(1)=[{"\0", 1}], msg_controllen=16, {cmsg_len=16, cmsg_level=SOL_SOCKET, cmsg_type=SCM_RIGHTS, {6}}, msg_flags=0}, 0) = 1
18815 14:17:44.734645 setsockopt(6, SOL_SOCKET, SO_KEEPALIVE, [1], 4) = 0
18815 14:17:44.734658 setsockopt(6, SOL_IP, IP_TOS, [8], 4) = 0
18815 14:17:44.734670 setsockopt(6, SOL_SOCKET, SO_LINGER, {onoff=1, linger=32767}, 8) = 0
18815 14:17:44.734682 rt_sigaction(SIGALRM, {0x805cad0, ~[RTMIN RT_1], 0}, NULL, 8) = 0
18815 14:17:44.734696 alarm(300)        = 300
18815 14:17:44.734709 write(0, "150 Ok to send data.\r\n", 22) = 22
18815 14:17:44.734776 read(6, "assasaaa\na\na\na\na\n", 65536) = 17
18815 14:17:44.734791 write(4, "assasaaa\na\na\na\na\n", 17) = 17
18815 14:17:44.734808 read(6, "", 65536) = 0
18815 14:17:44.734819 rt_sigaction(SIGALRM, {0x805cad0, ~[RTMIN RT_1], 0}, NULL, 8) = 0
18815 14:17:44.734832 alarm(300)        = 300
18815 14:17:44.734843 close(6)          = 0
18815 14:17:44.734860 alarm(0)          = 300
18815 14:17:44.734871 gettimeofday({1495649864, 734874}, NULL) = 0
18815 14:17:44.734886 gettimeofday({1495649864, 734890}, NULL) = 0
18815 14:17:44.734901 fcntl64(3, F_SETLKW64, {type=F_WRLCK, whence=SEEK_SET, start=0, len=0}, 0xbff308c4) = 0
18815 14:17:44.734916 write(3, "Wed May 24 14:17:44 2017 [pid 18815] [msfadmin] OK UPLOAD: Client \"127.0.0.1\", \"/home/msfadmin/myfile8\", 17 bytes, 23.89Kbyte/sec\n", 130) = 130
18815 14:17:44.734938 fcntl64(3, F_SETLK64, {type=F_UNLCK, whence=SEEK_SET, start=0, len=0}, 0xbff308cc) = 0
18815 14:17:44.734953 write(0, "226 Transfer complete.\r\n", 24) = 24
18815 14:17:44.734996 write(5, "\n", 1 <unfinished ...>
18813 14:17:44.735006 <... read resumed> "\n", 1) = 1
18815 14:17:44.735012 <... write resumed> ) = 1
18813 14:17:44.735018 close(5)          = 0
18813 14:17:44.735030 write(4, "\1", 1) = 1
18813 14:17:44.735041 read(4,  <unfinished ...>
18815 14:17:44.735049 read(5, "\1", 1)  = 1
18815 14:17:44.735060 close(4)          = 0
18815 14:17:44.735071 rt_sigaction(SIGALRM, {0x805cad0, ~[RTMIN RT_1], 0}, NULL, 8) = 0
18815 14:17:44.735085 alarm(300)        = 0
18815 14:17:44.735096 recv(0,  <unfinished ...>
18818 14:17:45.203616 <... recv resumed> "USER msfadmin\r\n", 4096, MSG_PEEK) = 15
18818 14:17:45.203657 read(0, "USER msfadmin\r\n", 15) = 15
18818 14:17:45.203682 write(0, "331 Any password will do.\r\n", 27) = 27
18818 14:17:45.203728 rt_sigaction(SIGALRM, {0x805cad0, ~[RTMIN RT_1], 0}, NULL, 8) = 0
18818 14:17:45.203746 alarm(300)        = 299
18818 14:17:45.203759 recv(0, "PASS msfadmin\r\n", 4096, MSG_PEEK) = 15
18818 14:17:45.203771 read(0, "PASS msfadmin\r\n", 15) = 15
18818 14:17:45.203788 write(0, "230 Already logged in.\r\n", 24) = 24
18818 14:17:45.203850 rt_sigaction(SIGALRM, {0x805cad0, ~[RTMIN RT_1], 0}, NULL, 8) = 0
18818 14:17:45.203865 alarm(300)        = 300
18818 14:17:45.203877 recv(0, "TYPE I\r\n", 4096, MSG_PEEK) = 8
18818 14:17:45.203888 read(0, "TYPE I\r\n", 8) = 8
18818 14:17:45.203903 write(0, "200 Switching to Binary mode.\r\n", 31) = 31
18818 14:17:45.203939 rt_sigaction(SIGALRM, {0x805cad0, ~[RTMIN RT_1], 0}, NULL, 8) = 0
18818 14:17:45.203954 alarm(300)        = 300
18818 14:17:45.203965 recv(0, "PASV\r\n", 4096, MSG_PEEK) = 6
18818 14:17:45.203977 read(0, "PASV\r\n", 6) = 6
18818 14:17:45.203989 write(5, "\n", 1) = 1
18818 14:17:45.204001 read(5,  <unfinished ...>
18816 14:17:45.204011 <... read resumed> "\n", 1) = 1
18816 14:17:45.204020 write(4, "\1", 1) = 1
18818 14:17:45.204031 <... read resumed> "\1", 1) = 1
18818 14:17:45.204039 write(5, "\f", 1) = 1
18818 14:17:45.204049 read(5,  <unfinished ...>
18816 14:17:45.204056 read(4, "\f", 1)  = 1
18816 14:17:45.204068 socket(PF_INET, SOCK_STREAM, IPPROTO_TCP) = 5
18816 14:17:45.204084 setsockopt(5, SOL_SOCKET, SO_REUSEADDR, [1], 4) = 0
18816 14:17:45.204099 bind(5, {sa_family=AF_INET, sin_port=htons(58916), sin_addr=inet_addr("127.0.0.1")}, 16) = 0
18816 14:17:45.204117 listen(5, 1)      = 0
18816 14:17:45.204131 write(4, "$\346\0\0", 4) = 4
18818 14:17:45.204142 <... read resumed> "$\346\0\0", 4) = 4
18818 14:17:45.204154 write(0, "227 Entering Passive Mode (127,0,0,1,230,36).\r\n", 47) = 47
18818 14:17:45.204276 rt_sigaction(SIGALRM, {0x805cad0, ~[RTMIN RT_1], 0}, NULL, 8) = 0
18818 14:17:45.204292 alarm(300)        = 300
18818 14:17:45.204304 recv(0, "RETR myfile20\r\n", 4096, MSG_PEEK) = 15
18818 14:17:45.204317 read(0, "RETR myfile20\r\n", 15) = 15
18818 14:17:45.204330 write(5, "\v", 1) = 1
18818 14:17:45.204341 read(5,  <unfinished ...>
18816 14:17:45.204378 read(4, "\v", 1)  = 1
18816 14:17:45.204395 write(4, "\1\0\0\0", 4) = 4
18818 14:17:45.204406 <... read resumed> "\1\0\0\0", 4) = 4
18818 14:17:45.204424 gettimeofday({1495649865, 204428}, NULL) = 0
18818 14:17:45.204436 getcwd("/home/msfadmin", 4096) = 15
18818 14:17:45.204449 open("myfile20", O_RDONLY|O_NONBLOCK|O_LARGEFILE) = 4
18818 14:17:45.204463 fcntl64(4, F_SETLKW64, {type=F_RDLCK, whence=SEEK_SET, start=0, len=0}, 0xbff75984) = 0
18818 14:17:45.204479 fstat64(4, {st_mode=S_IFREG|0644, st_size=17, ...}) = 0
18818 14:17:45.204497 fcntl64(4, F_GETFL) = 0x8800 (flags O_RDONLY|O_NONBLOCK|O_LARGEFILE)
18818 14:17:45.204508 fcntl64(4, F_SETFL, O_RDONLY|O_LARGEFILE) = 0
18818 14:17:45.204520 write(5, "\v", 1) = 1
18818 14:17:45.204530 read(5,  <unfinished ...>
18816 14:17:45.204538 read(4, "\v", 1)  = 1
18816 14:17:45.204549 write(4, "\1\0\0\0", 4) = 4
18818 14:17:45.204560 <... read resumed> "\1\0\0\0", 4) = 4
18818 14:17:45.204568 write(5, "\v", 1) = 1
18818 14:17:45.204578 read(5,  <unfinished ...>
18816 14:17:45.204585 read(4, "\v", 1)  = 1
18816 14:17:45.204596 write(4, "\1\0\0\0", 4) = 4
18818 14:17:45.204606 <... read resumed> "\1\0\0\0", 4) = 4
18818 14:17:45.204614 write(5, "\r", 1) = 1
18818 14:17:45.204624 read(5,  <unfinished ...>
18816 14:17:45.204631 read(4, "\r", 1)  = 1
18816 14:17:45.204643 select(6, [5], NULL, NULL, {60, 0}) = 1 (in [5], left {60, 0})
18816 14:17:45.204660 accept(5, {sa_family=AF_INET, sin_port=htons(34409), sin_addr=inet_addr("127.0.0.1")}, [16]) = 6
18816 14:17:45.204683 write(4, "\1", 1) = 1
18818 14:17:45.204694 <... read resumed> "\1", 1) = 1
18818 14:17:45.204703 recvmsg(5,  <unfinished ...>
18816 14:17:45.204712 sendmsg(4, {msg_name(0)=NULL, msg_iov(1)=[{"\0", 1}], msg_controllen=16, {cmsg_len=16, cmsg_level=SOL_SOCKET, cmsg_type=SCM_RIGHTS, {6}}, msg_flags=0}, 0) = 1
18818 14:17:45.204729 <... recvmsg resumed> {msg_name(0)=NULL, msg_iov(1)=[{"\0", 1}], msg_controllen=16, {cmsg_len=16, cmsg_level=SOL_SOCKET, cmsg_type=SCM_RIGHTS, {6}}, msg_flags=0}, 0) = 1
18818 14:17:45.204743 setsockopt(6, SOL_SOCKET, SO_KEEPALIVE, [1], 4) = 0
18818 14:17:45.204756 setsockopt(6, SOL_IP, IP_TOS, [8], 4) = 0
18818 14:17:45.204768 setsockopt(6, SOL_SOCKET, SO_LINGER, {onoff=1, linger=32767}, 8) = 0
18818 14:17:45.204780 rt_sigaction(SIGALRM, {0x805cad0, ~[RTMIN RT_1], 0}, NULL, 8) = 0
18818 14:17:45.204793 alarm(300)        = 300
18818 14:17:45.204807 write(0, "150 Opening BINARY mode data connection for myfile20 (17 bytes).\r\n", 66) = 66
18818 14:17:45.204849 _llseek(4, 0, [0], SEEK_CUR) = 0
18818 14:17:45.204861 fstat64(4, {st_mode=S_IFREG|0644, st_size=17, ...}) = 0
18818 14:17:45.204879 _llseek(4, 0, [0], SEEK_SET) = 0
18818 14:17:45.204890 sendfile(6, 4, NULL, 17) = 17
18818 14:17:45.204920 rt_sigaction(SIGALRM, {0x805cad0, ~[RTMIN RT_1], 0}, NULL, 8) = 0
18818 14:17:45.204935 alarm(300)        = 300
18818 14:17:45.204945 close(6)          = 0
18818 14:17:45.204955 alarm(0)          = 300
18818 14:17:45.204965 gettimeofday({1495649865, 204969}, NULL) = 0
18818 14:17:45.204980 gettimeofday({1495649865, 204984}, NULL) = 0
18818 14:17:45.204995 fcntl64(3, F_SETLKW64, {type=F_WRLCK, whence=SEEK_SET, start=0, len=0}, 0xbff75924) = 0
18818 14:17:45.205010 write(3, "Wed May 24 14:17:45 2017 [pid 18818] [msfadmin] OK DOWNLOAD: Client \"127.0.0.1\", \"/home/msfadmin/myfile20\", 17 bytes, 29.86Kbyte/sec\n", 133) = 133
18818 14:17:45.205032 fcntl64(3, F_SETLK64, {type=F_UNLCK, whence=SEEK_SET, start=0, len=0}, 0xbff7592c) = 0
18818 14:17:45.205047 write(0, "226 Transfer complete.\r\n", 24) = 24
18818 14:17:45.205062 write(5, "\n", 1) = 1
18818 14:17:45.205073 read(5,  <unfinished ...>
18816 14:17:45.205080 close(6)          = 0
18816 14:17:45.205166 read(4, "\n", 1)  = 1
18816 14:17:45.205180 close(5)          = 0
18816 14:17:45.205192 write(4, "\1", 1) = 1
18818 14:17:45.205203 <... read resumed> "\1", 1) = 1
18818 14:17:45.205210 close(4)          = 0
18818 14:17:45.205221 rt_sigaction(SIGALRM, {0x805cad0, ~[RTMIN RT_1], 0}, NULL, 8) = 0
18818 14:17:45.205235 alarm(300)        = 0
18818 14:17:45.205247 recv(0,  <unfinished ...>
18816 14:17:45.205254 read(4,  <unfinished ...>
18815 14:17:45.273631 <... recv resumed> "TYPE I\r\n", 4096, MSG_PEEK) = 8
18815 14:17:45.273663 read(0, "TYPE I\r\n", 8) = 8
18815 14:17:45.273686 write(0, "200 Switching to Binary mode.\r\n", 31) = 31
18815 14:17:45.273736 rt_sigaction(SIGALRM, {0x805cad0, ~[RTMIN RT_1], 0}, NULL, 8) = 0
18815 14:17:45.273754 alarm(300)        = 299
18815 14:17:45.273768 recv(0, "PASV\r\n", 4096, MSG_PEEK) = 6
18815 14:17:45.273779 read(0, "PASV\r\n", 6) = 6
18815 14:17:45.273792 write(5, "\n", 1 <unfinished ...>
18813 14:17:45.273804 <... read resumed> "\n", 1) = 1
18815 14:17:45.273809 <... write resumed> ) = 1
18813 14:17:45.273818 write(4, "\1", 1 <unfinished ...>
18815 14:17:45.273824 read(5,  <unfinished ...>
18813 14:17:45.273831 <... write resumed> ) = 1
18815 14:17:45.273835 <... read resumed> "\1", 1) = 1
18813 14:17:45.273844 read(4,  <unfinished ...>
18815 14:17:45.273848 write(5, "\f", 1 <unfinished ...>
18813 14:17:45.273856 <... read resumed> "\f", 1) = 1
18815 14:17:45.273861 <... write resumed> ) = 1
18813 14:17:45.273870 socket(PF_INET, SOCK_STREAM, IPPROTO_TCP <unfinished ...>
18815 14:17:45.273876 read(5,  <unfinished ...>
18813 14:17:45.273896 <... socket resumed> ) = 5
18813 14:17:45.273905 setsockopt(5, SOL_SOCKET, SO_REUSEADDR, [1], 4) = 0
18813 14:17:45.273920 bind(5, {sa_family=AF_INET, sin_port=htons(56530), sin_addr=inet_addr("127.0.0.1")}, 16) = 0
18813 14:17:45.273947 listen(5, 1)      = 0
18813 14:17:45.273961 write(4, "\322\334\0\0", 4 <unfinished ...>
18815 14:17:45.273970 <... read resumed> "\322\334\0\0", 4) = 4
18813 14:17:45.273975 <... write resumed> ) = 4
18815 14:17:45.273987 write(0, "227 Entering Passive Mode (127,0,0,1,220,210).\r\n", 48 <unfinished ...>
18813 14:17:45.273997 read(4,  <unfinished ...>
18815 14:17:45.274098 <... write resumed> ) = 48
18815 14:17:45.274111 rt_sigaction(SIGALRM, {0x805cad0, ~[RTMIN RT_1], 0}, NULL, 8) = 0
18815 14:17:45.274126 alarm(300)        = 300
18815 14:17:45.274138 recv(0, "STOR myfile9\r\n", 4096, MSG_PEEK) = 14
18815 14:17:45.274151 read(0, "STOR myfile9\r\n", 14) = 14
18815 14:17:45.274165 write(5, "\v", 1 <unfinished ...>
18813 14:17:45.274173 <... read resumed> "\v", 1) = 1
18815 14:17:45.274178 <... write resumed> ) = 1
18813 14:17:45.274186 write(4, "\1\0\0\0", 4 <unfinished ...>
18815 14:17:45.274192 read(5,  <unfinished ...>
18813 14:17:45.274198 <... write resumed> ) = 4
18815 14:17:45.274203 <... read resumed> "\1\0\0\0", 4) = 4
18813 14:17:45.274212 read(4,  <unfinished ...>
18815 14:17:45.274216 gettimeofday({1495649865, 274220}, NULL) = 0
