26194 15:51:34.271489 open("/etc/passwd", O_RDONLY|0x80000 /* O_??? */) = 5
26194 15:51:34.271503 _llseek(5, 0, [0], SEEK_CUR) = 0
26194 15:51:34.271514 fstat64(5, {st_mode=S_IFREG|0644, st_size=1624, ...}) = 0
26194 15:51:34.271530 mmap2(NULL, 1624, PROT_READ, MAP_SHARED, 5, 0) = 0xb7f76000
26194 15:51:34.271540 _llseek(5, 1624, [1624], SEEK_SET) = 0
26194 15:51:34.271559 munmap(0xb7f76000, 1624) = 0
26194 15:51:34.271569 close(5)          = 0
26194 15:51:34.271593 open("/etc/shadow", O_RDONLY|0x80000 /* O_??? */) = 5
26194 15:51:34.271610 _llseek(5, 0, [0], SEEK_CUR) = 0
26194 15:51:34.271620 fstat64(5, {st_mode=S_IFREG|0640, st_size=1233, ...}) = 0
26194 15:51:34.271636 mmap2(NULL, 1233, PROT_READ, MAP_SHARED, 5, 0) = 0xb7f76000
26194 15:51:34.271646 _llseek(5, 1233, [1233], SEEK_SET) = 0
26194 15:51:34.271666 munmap(0xb7f76000, 1233) = 0
26194 15:51:34.271676 close(5)          = 0
26194 15:51:34.271693 open("/etc/passwd", O_RDONLY|0x80000 /* O_??? */) = 5
26194 15:51:34.271706 _llseek(5, 0, [0], SEEK_CUR) = 0
26194 15:51:34.271716 fstat64(5, {st_mode=S_IFREG|0644, st_size=1624, ...}) = 0
26194 15:51:34.271731 mmap2(NULL, 1624, PROT_READ, MAP_SHARED, 5, 0) = 0xb7f76000
26194 15:51:34.271742 _llseek(5, 1624, [1624], SEEK_SET) = 0
26194 15:51:34.271757 munmap(0xb7f76000, 1624) = 0
26194 15:51:34.271767 close(5)          = 0
26194 15:51:34.271778 open("/etc/shadow", O_RDONLY|0x80000 /* O_??? */) = 5
26194 15:51:34.271791 _llseek(5, 0, [0], SEEK_CUR) = 0
26194 15:51:34.271800 fstat64(5, {st_mode=S_IFREG|0640, st_size=1233, ...}) = 0
26194 15:51:34.271816 mmap2(NULL, 1233, PROT_READ, MAP_SHARED, 5, 0) = 0xb7f76000
26194 15:51:34.271826 _llseek(5, 1233, [1233], SEEK_SET) = 0
26194 15:51:34.271846 munmap(0xb7f76000, 1233) = 0
26194 15:51:34.271855 close(5)          = 0
26194 15:51:34.272125 getuid32()        = 0
26194 15:51:34.272139 open("/etc/passwd", O_RDONLY|0x80000 /* O_??? */) = 5
26194 15:51:34.272152 _llseek(5, 0, [0], SEEK_CUR) = 0
26194 15:51:34.272162 fstat64(5, {st_mode=S_IFREG|0644, st_size=1624, ...}) = 0
26194 15:51:34.272178 mmap2(NULL, 1624, PROT_READ, MAP_SHARED, 5, 0) = 0xb7f76000
26194 15:51:34.272189 _llseek(5, 1624, [1624], SEEK_SET) = 0
26194 15:51:34.272204 munmap(0xb7f76000, 1624) = 0
26194 15:51:34.272214 close(5)          = 0
26194 15:51:34.272227 open("/etc/shadow", O_RDONLY|0x80000 /* O_??? */) = 5
26194 15:51:34.272239 _llseek(5, 0, [0], SEEK_CUR) = 0
26194 15:51:34.272249 fstat64(5, {st_mode=S_IFREG|0640, st_size=1233, ...}) = 0
26194 15:51:34.272264 mmap2(NULL, 1233, PROT_READ, MAP_SHARED, 5, 0) = 0xb7f76000
26194 15:51:34.272275 _llseek(5, 1233, [1233], SEEK_SET) = 0
26194 15:51:34.272291 munmap(0xb7f76000, 1233) = 0
26194 15:51:34.272300 close(5)          = 0
26194 15:51:34.272311 time(NULL)        = 1495655494
26194 15:51:34.272326 munmap(0xb7f73000, 12164) = 0
26194 15:51:34.272338 munmap(0xb7f71000, 7136) = 0
26194 15:51:34.272352 munmap(0xb7da6000, 95428) = 0
26194 15:51:34.272363 munmap(0xb7d6c000, 201052) = 0
26194 15:51:34.272373 munmap(0xb7d53000, 101180) = 0
26194 15:51:34.272389 gettimeofday({1495655494, 272393}, NULL) = 0
26194 15:51:34.272400 stat64("/usr/share/zoneinfo/UTC+04:00", 0xbfac2434) = -1 ENOENT (No such file or directory)
26194 15:51:34.272414 open("/usr/share/zoneinfo/UTC+04:00", O_RDONLY) = -1 ENOENT (No such file or directory)
26194 15:51:34.272439 fcntl64(3, F_SETLKW64, {type=F_WRLCK, whence=SEEK_SET, start=0, len=0}, 0xbfac2584) = 0
26194 15:51:34.272454 write(3, "Wed May 24 15:51:34 2017 [pid 26194] [msfadmin] OK LOGIN: Client \"127.0.0.1\"\n", 77) = 77
26194 15:51:34.272470 fcntl64(3, F_SETLK64, {type=F_UNLCK, whence=SEEK_SET, start=0, len=0}, 0xbfac258c) = 0
26194 15:51:34.272483 rt_sigaction(SIGCHLD, {0x805cad0, ~[RTMIN RT_1], 0}, NULL, 8) = 0
26194 15:51:34.272496 write(4, "\1", 1 <unfinished ...>
26195 15:51:34.272506 <... read resumed> "\1", 1) = 1
26194 15:51:34.272511 <... write resumed> ) = 1
26195 15:51:34.272518 exit_group(0)     = ?
26194 15:51:34.272545 --- SIGCHLD (Child exited) @ 0 (0) ---
26194 15:51:34.272553 sigreturn()       = ? (mask now [])
26194 15:51:34.272571 wait4(-1, [{WIFEXITED(s) && WEXITSTATUS(s) == 0}], 0, NULL) = 26195
26194 15:51:34.272583 close(4)          = 0
26194 15:51:34.272595 socketpair(PF_FILE, SOCK_STREAM, 0, [4, 5]) = 0
26194 15:51:34.272607 rt_sigaction(SIGCHLD, {0x805cad0, ~[RTMIN RT_1], 0}, NULL, 8) = 0
26194 15:51:34.272621 rt_sigaction(SIGALRM, {0x805cb10, ~[RTMIN RT_1], 0}, NULL, 8) = 0
26194 15:51:34.272634 clone(child_stack=0, flags=CLONE_CHILD_CLEARTID|CLONE_CHILD_SETTID|SIGCHLD, child_tidptr=0xb7ddc6f8) = 26196
26196 15:51:34.272682 prctl(0x1, 0x9, 0, 0, 0) = 0
26196 15:51:34.272695 close(4)          = 0
26196 15:51:34.272721 open("/etc/passwd", O_RDONLY|0x80000 /* O_??? */) = 4
26196 15:51:34.272738 _llseek(4, 0, [0], SEEK_CUR) = 0
26196 15:51:34.272753 fstat64(4, {st_mode=S_IFREG|0644, st_size=1624, ...}) = 0
26196 15:51:34.272771 mmap2(NULL, 1624, PROT_READ, MAP_SHARED, 4, 0) = 0xb7f76000
26196 15:51:34.272782 _llseek(4, 1624, [1624], SEEK_SET) = 0
26196 15:51:34.272804 munmap(0xb7f76000, 1624) = 0
26196 15:51:34.272815 close(4)          = 0
26196 15:51:34.272828 getuid32()        = 0
26196 15:51:34.272838 open("/etc/passwd", O_RDONLY|0x80000 /* O_??? */) = 4
26196 15:51:34.272850 _llseek(4, 0, [0], SEEK_CUR) = 0
26196 15:51:34.272888 fstat64(4, {st_mode=S_IFREG|0644, st_size=1624, ...}) = 0
26196 15:51:34.272906 mmap2(NULL, 1624, PROT_READ, MAP_SHARED, 4, 0) = 0xb7f76000
26196 15:51:34.272917 _llseek(4, 1624, [1624], SEEK_SET) = 0
26196 15:51:34.272942 munmap(0xb7f76000, 1624) = 0
26196 15:51:34.272952 close(4)          = 0
26196 15:51:34.272977 open("/proc/sys/kernel/ngroups_max", O_RDONLY) = 4
26196 15:51:34.272999 read(4, "65536\n", 31) = 6
26196 15:51:34.273011 close(4)          = 0
26196 15:51:34.273028 socket(PF_FILE, SOCK_STREAM, 0) = 4
26196 15:51:34.273039 fcntl64(4, F_SETFL, O_RDWR|O_NONBLOCK) = 0
26196 15:51:34.273050 connect(4, {sa_family=AF_FILE, path="/var/run/nscd/socket"}, 110) = -1 ENOENT (No such file or directory)
26196 15:51:34.273070 close(4)          = 0
26196 15:51:34.273081 socket(PF_FILE, SOCK_STREAM, 0) = 4
26196 15:51:34.273091 fcntl64(4, F_SETFL, O_RDWR|O_NONBLOCK) = 0
26196 15:51:34.273101 connect(4, {sa_family=AF_FILE, path="/var/run/nscd/socket"}, 110) = -1 ENOENT (No such file or directory)
26196 15:51:34.273118 close(4)          = 0
26196 15:51:34.273141 open("/etc/group", O_RDONLY|0x80000 /* O_??? */) = 4
26196 15:51:34.273157 _llseek(4, 0, [0], SEEK_CUR) = 0
26196 15:51:34.273169 fstat64(4, {st_mode=S_IFREG|0644, st_size=886, ...}) = 0
26196 15:51:34.273185 mmap2(NULL, 886, PROT_READ, MAP_SHARED, 4, 0) = 0xb7f76000
26196 15:51:34.273196 _llseek(4, 886, [886], SEEK_SET) = 0
26196 15:51:34.273220 fstat64(4, {st_mode=S_IFREG|0644, st_size=886, ...}) = 0
26196 15:51:34.273236 munmap(0xb7f76000, 886) = 0
26196 15:51:34.273246 close(4)          = 0
26196 15:51:34.273256 setgroups32(13, [1000, 4, 20, 24, 25, 29, 30, 44, 46, 107, 111, 112, 119]) = 0
26196 15:51:34.273272 geteuid32()       = 0
26196 15:51:34.273282 getegid32()       = 0
26196 15:51:34.273292 setregid32(-1, 1000) = 0
26196 15:51:34.273303 setreuid32(-1, 1000) = 0
26196 15:51:34.273313 chdir("/home/msfadmin") = 0
26196 15:51:34.273324 setreuid32(-1, 0) = 0
26196 15:51:34.273333 setregid32(-1, 0) = 0
26196 15:51:34.273343 setgid32(1000)    = 0
26196 15:51:34.273353 setuid32(1000)    = 0
26196 15:51:34.273362 setrlimit(RLIMIT_NPROC, {rlim_cur=0, rlim_max=0}) = 0
26196 15:51:34.273375 mmap2(NULL, 12288, PROT_READ|PROT_WRITE, MAP_PRIVATE|MAP_ANONYMOUS, -1, 0) = 0xb7f74000
26196 15:51:34.273386 mprotect(0xb7f76000, 4096, PROT_NONE) = 0
26196 15:51:34.273397 mprotect(0xb7f74000, 4096, PROT_NONE) = 0
26196 15:51:34.273408 getcwd("/home/msfadmin", 4096) = 15
26196 15:51:34.273421 umask(022)        = 077
26196 15:51:34.273430 getcwd("/home/msfadmin", 4096) = 15
26196 15:51:34.273443 open(".message", O_RDONLY|O_NONBLOCK|O_LARGEFILE) = -1 ENOENT (No such file or directory)
26196 15:51:34.273465 write(0, "230 Login successful.\r\n", 23) = 23
26196 15:51:34.273547 rt_sigaction(SIGALRM, {0x805cad0, ~[RTMIN RT_1], 0}, NULL, 8) = 0
26196 15:51:34.273564 alarm(300)        = 0
26196 15:51:34.273574 mmap2(NULL, 12288, PROT_READ|PROT_WRITE, MAP_PRIVATE|MAP_ANONYMOUS, -1, 0) = 0xb7f71000
26196 15:51:34.273585 mprotect(0xb7f73000, 4096, PROT_NONE) = 0
26196 15:51:34.273596 mprotect(0xb7f71000, 4096, PROT_NONE) = 0
26196 15:51:34.273608 recv(0, "TYPE I\r\n", 4096, MSG_PEEK) = 8
26196 15:51:34.273621 read(0, "TYPE I\r\n", 8) = 8
26196 15:51:34.273637 write(0, "200 Switching to Binary mode.\r\n", 31) = 31
26196 15:51:34.273676 rt_sigaction(SIGALRM, {0x805cad0, ~[RTMIN RT_1], 0}, NULL, 8) = 0
26196 15:51:34.273691 alarm(300)        = 300
26196 15:51:34.273702 recv(0, "PASV\r\n", 4096, MSG_PEEK) = 6
26196 15:51:34.273713 read(0, "PASV\r\n", 6) = 6
26196 15:51:34.273724 write(5, "\n", 1) = 1
26196 15:51:34.273735 read(5,  <unfinished ...>
26194 15:51:34.273747 close(5)          = 0
26194 15:51:34.273760 getuid32()        = 0
26194 15:51:34.273774 open("/etc/passwd", O_RDONLY|0x80000 /* O_??? */) = 5
26194 15:51:34.273788 _llseek(5, 0, [0], SEEK_CUR) = 0
26194 15:51:34.273800 fstat64(5, {st_mode=S_IFREG|0644, st_size=1624, ...}) = 0
26194 15:51:34.273817 mmap2(NULL, 1624, PROT_READ, MAP_SHARED, 5, 0) = 0xb7f76000
26194 15:51:34.273853 _llseek(5, 1624, [1624], SEEK_SET) = 0
26194 15:51:34.273882 munmap(0xb7f76000, 1624) = 0
26194 15:51:34.273894 close(5)          = 0
26194 15:51:34.273909 setgroups32(0, []) = 0
26194 15:51:34.273920 chdir("/usr/share/empty") = 0
26194 15:51:34.273932 chroot(".")       = 0
26194 15:51:34.273943 capset(NULL, NULL) = -1 EFAULT (Bad address)
26194 15:51:34.273956 prctl(0x8, 0, 0xbfac2568, 0x80549a6, 0xbfac2550) = 0
26194 15:51:34.273966 prctl(0x8, 0x1, 0xbfac2568, 0x8054a49, 0xbfac2550) = 0
26194 15:51:34.273976 setgid32(65534)   = 0
26194 15:51:34.273990 setuid32(65534)   = 0
26194 15:51:34.273999 capset(0x19980330, 0, {CAP_NET_BIND_SERVICE, CAP_NET_BIND_SERVICE, 0}) = 0
26194 15:51:34.274012 read(4, "\n", 1)  = 1
26194 15:51:34.274025 write(4, "\1", 1) = 1
26196 15:51:34.274036 <... read resumed> "\1", 1) = 1
26196 15:51:34.274044 write(5, "\f", 1) = 1
26196 15:51:34.274053 read(5,  <unfinished ...>
26194 15:51:34.274060 read(4, "\f", 1)  = 1
26194 15:51:34.274072 socket(PF_INET, SOCK_STREAM, IPPROTO_TCP) = 5
26194 15:51:34.274085 setsockopt(5, SOL_SOCKET, SO_REUSEADDR, [1], 4) = 0
26194 15:51:34.274096 gettimeofday({1495655494, 274099}, NULL) = 0
26194 15:51:34.274112 bind(5, {sa_family=AF_INET, sin_port=htons(33152), sin_addr=inet_addr("127.0.0.1")}, 16) = 0
26194 15:51:34.274127 listen(5, 1)      = 0
26194 15:51:34.274139 write(4, "\200\201\0\0", 4) = 4
26196 15:51:34.274150 <... read resumed> "\200\201\0\0", 4) = 4
26196 15:51:34.274164 write(0, "227 Entering Passive Mode (127,0,0,1,129,128).\r\n", 48) = 48
26196 15:51:34.274261 rt_sigaction(SIGALRM, {0x805cad0, ~[RTMIN RT_1], 0}, NULL, 8) = 0
26196 15:51:34.274278 alarm(300)        = 300
26196 15:51:34.274289 recv(0, "STOR myfile2\r\n", 4096, MSG_PEEK) = 14
26196 15:51:34.274301 read(0, "STOR myfile2\r\n", 14) = 14
26196 15:51:34.274316 write(5, "\v", 1) = 1
26196 15:51:34.274327 read(5,  <unfinished ...>
26194 15:51:34.274334 read(4, "\v", 1)  = 1
26194 15:51:34.274344 write(4, "\1\0\0\0", 4) = 4
26196 15:51:34.274355 <... read resumed> "\1\0\0\0", 4) = 4
26196 15:51:34.274363 gettimeofday({1495655494, 274366}, NULL) = 0
26196 15:51:34.274373 getcwd("/home/msfadmin", 4096) = 15
26196 15:51:34.274385 open("myfile2", O_WRONLY|O_CREAT|O_NONBLOCK|O_LARGEFILE, 0666) = 4
26196 15:51:34.274398 fstat64(4, {st_mode=S_IFREG|0644, st_size=17, ...}) = 0
26196 15:51:34.274415 fcntl64(4, F_GETFL) = 0x8801 (flags O_WRONLY|O_NONBLOCK|O_LARGEFILE)
26196 15:51:34.274425 fcntl64(4, F_SETFL, O_WRONLY|O_LARGEFILE) = 0
26196 15:51:34.274435 fcntl64(4, F_SETLKW64, {type=F_WRLCK, whence=SEEK_SET, start=0, len=0}, 0xbfac24b4) = 0
26196 15:51:34.274450 ftruncate64(4, 0) = 0
26196 15:51:34.274468 _llseek(4, 0, [0], SEEK_SET) = 0
26196 15:51:34.274479 write(5, "\v", 1) = 1
26196 15:51:34.274488 read(5,  <unfinished ...>
26194 15:51:34.274495 read(4, "\v", 1)  = 1
26194 15:51:34.274506 write(4, "\1\0\0\0", 4) = 4
26196 15:51:34.274516 <... read resumed> "\1\0\0\0", 4) = 4
26196 15:51:34.274523 write(5, "\v", 1) = 1
26196 15:51:34.274533 read(5,  <unfinished ...>
26194 15:51:34.274539 read(4, "\v", 1)  = 1
26194 15:51:34.274549 write(4, "\1\0\0\0", 4) = 4
26196 15:51:34.274559 <... read resumed> "\1\0\0\0", 4) = 4
26196 15:51:34.274566 write(5, "\r", 1) = 1
26196 15:51:34.274576 read(5,  <unfinished ...>
26194 15:51:34.274582 read(4, "\r", 1)  = 1
26194 15:51:34.274594 select(6, [5], NULL, NULL, {60, 0}) = 1 (in [5], left {60, 0})
26194 15:51:34.274610 accept(5, {sa_family=AF_INET, sin_port=htons(57396), sin_addr=inet_addr("127.0.0.1")}, [16]) = 6
26194 15:51:34.274631 write(4, "\1", 1) = 1
26196 15:51:34.274641 <... read resumed> "\1", 1) = 1
26196 15:51:34.274650 recvmsg(5,  <unfinished ...>
26194 15:51:34.274659 sendmsg(4, {msg_name(0)=NULL, msg_iov(1)=[{"\0", 1}], msg_controllen=16, {cmsg_len=16, cmsg_level=SOL_SOCKET, cmsg_type=SCM_RIGHTS, {6}}, msg_flags=0}, 0) = 1
26196 15:51:34.274675 <... recvmsg resumed> {msg_name(0)=NULL, msg_iov(1)=[{"\0", 1}], msg_controllen=16, {cmsg_len=16, cmsg_level=SOL_SOCKET, cmsg_type=SCM_RIGHTS, {6}}, msg_flags=0}, 0) = 1
26196 15:51:34.274688 setsockopt(6, SOL_SOCKET, SO_KEEPALIVE, [1], 4) = 0
26196 15:51:34.274700 setsockopt(6, SOL_IP, IP_TOS, [8], 4) = 0
26196 15:51:34.274711 setsockopt(6, SOL_SOCKET, SO_LINGER, {onoff=1, linger=32767}, 8) = 0
26196 15:51:34.274722 rt_sigaction(SIGALRM, {0x805cad0, ~[RTMIN RT_1], 0}, NULL, 8) = 0
26196 15:51:34.274735 alarm(300)        = 300
26196 15:51:34.274747 write(0, "150 Ok to send data.\r\n", 22) = 22
26196 15:51:34.274957 mmap2(NULL, 77824, PROT_READ|PROT_WRITE, MAP_PRIVATE|MAP_ANONYMOUS, -1, 0) = 0xb7dab000
26196 15:51:34.274984 mprotect(0xb7dbd000, 4096, PROT_NONE) = 0
26196 15:51:34.274996 mprotect(0xb7dab000, 4096, PROT_NONE) = 0
26196 15:51:34.275006 read(6, "assasaaa\na\na\na\na\n", 65536) = 17
26196 15:51:34.275019 write(4, "assasaaa\na\na\na\na\n", 17) = 17
26196 15:51:34.275042 read(6, "", 65536) = 0
26196 15:51:34.275052 rt_sigaction(SIGALRM, {0x805cad0, ~[RTMIN RT_1], 0}, NULL, 8) = 0
26196 15:51:34.275065 alarm(300)        = 300
26196 15:51:34.275075 close(6)          = 0
26196 15:51:34.275083 alarm(0)          = 300
26196 15:51:34.275092 gettimeofday({1495655494, 275095}, NULL) = 0
26196 15:51:34.275109 getpid()          = 26196
26196 15:51:34.275120 gettimeofday({1495655494, 275124}, NULL) = 0
26196 15:51:34.275137 fcntl64(3, F_SETLKW64, {type=F_WRLCK, whence=SEEK_SET, start=0, len=0}, 0xbfac2454) = 0
26196 15:51:34.275151 write(3, "Wed May 24 15:51:34 2017 [pid 26196] [msfadmin] OK UPLOAD: Client \"127.0.0.1\", \"/home/msfadmin/myfile2\", 17 bytes, 21.90Kbyte/sec\n", 130) = 130
26196 15:51:34.275170 fcntl64(3, F_SETLK64, {type=F_UNLCK, whence=SEEK_SET, start=0, len=0}, 0xbfac245c) = 0
26196 15:51:34.275184 write(0, "226 Transfer complete.\r\n", 24) = 24
26196 15:51:34.275223 write(5, "\n", 1) = 1
26196 15:51:34.275234 read(5,  <unfinished ...>
26194 15:51:34.275241 close(6)          = 0
26194 15:51:34.275258 read(4, "\n", 1)  = 1
26194 15:51:34.275269 close(5)          = 0
26194 15:51:34.275279 write(4, "\1", 1) = 1
26196 15:51:34.275289 <... read resumed> "\1", 1) = 1
26196 15:51:34.275296 close(4)          = 0
26196 15:51:34.275306 rt_sigaction(SIGALRM, {0x805cad0, ~[RTMIN RT_1], 0}, NULL, 8) = 0
26196 15:51:34.275319 alarm(300)        = 0
26196 15:51:34.275329 recv(0,  <unfinished ...>
26194 15:51:34.275336 read(4,  <unfinished ...>
26196 15:51:34.793037 <... recv resumed> "TYPE I\r\n", 4096, MSG_PEEK) = 8
26196 15:51:34.793191 read(0, "TYPE I\r\n", 8) = 8
26196 15:51:34.793328 write(0, "200 Switching to Binary mode.\r\n", 31) = 31
26196 15:51:34.793440 rt_sigaction(SIGALRM, {0x805cad0, ~[RTMIN RT_1], 0}, NULL, 8) = 0
26196 15:51:34.793477 alarm(300)        = 299
26196 15:51:34.793504 recv(0, "PASV\r\n", 4096, MSG_PEEK) = 6
26196 15:51:34.793524 read(0, "PASV\r\n", 6) = 6
26196 15:51:34.793536 write(5, "\n", 1) = 1
26196 15:51:34.793549 read(5,  <unfinished ...>
26194 15:51:34.793557 <... read resumed> "\n", 1) = 1
26194 15:51:34.793566 write(4, "\1", 1) = 1
26196 15:51:34.793576 <... read resumed> "\1", 1) = 1
26196 15:51:34.793584 write(5, "\f", 1) = 1
26196 15:51:34.793594 read(5,  <unfinished ...>
26194 15:51:34.793600 read(4, "\f", 1)  = 1
26194 15:51:34.793612 socket(PF_INET, SOCK_STREAM, IPPROTO_TCP) = 5
26194 15:51:34.793627 setsockopt(5, SOL_SOCKET, SO_REUSEADDR, [1], 4) = 0
26194 15:51:34.793642 bind(5, {sa_family=AF_INET, sin_port=htons(34167), sin_addr=inet_addr("127.0.0.1")}, 16) = 0
26194 15:51:34.793658 listen(5, 1)      = 0
26194 15:51:34.793671 write(4, "w\205\0\0", 4) = 4
26196 15:51:34.793682 <... read resumed> "w\205\0\0", 4) = 4
26196 15:51:34.793693 write(0, "227 Entering Passive Mode (127,0,0,1,133,119).\r\n", 48) = 48
26196 15:51:34.793805 rt_sigaction(SIGALRM, {0x805cad0, ~[RTMIN RT_1], 0}, NULL, 8) = 0
26196 15:51:34.793822 alarm(300)        = 300
26196 15:51:34.793833 recv(0, "STOR myfile3\r\n", 4096, MSG_PEEK) = 14
26196 15:51:34.793845 read(0, "STOR myfile3\r\n", 14) = 14
26196 15:51:34.793859 write(5, "\v", 1) = 1
26196 15:51:34.793869 read(5,  <unfinished ...>
26194 15:51:34.793876 read(4, "\v", 1)  = 1
26194 15:51:34.793887 write(4, "\1\0\0\0", 4) = 4
26196 15:51:34.793897 <... read resumed> "\1\0\0\0", 4) = 4
26196 15:51:34.793905 gettimeofday({1495655494, 793909}, NULL) = 0
26196 15:51:34.793916 getcwd("/home/msfadmin", 4096) = 15
26196 15:51:34.793928 open("myfile3", O_WRONLY|O_CREAT|O_NONBLOCK|O_LARGEFILE, 0666) = 4
26196 15:51:34.793942 fstat64(4, {st_mode=S_IFREG|0644, st_size=17, ...}) = 0
26196 15:51:34.793960 fcntl64(4, F_GETFL) = 0x8801 (flags O_WRONLY|O_NONBLOCK|O_LARGEFILE)
26196 15:51:34.793971 fcntl64(4, F_SETFL, O_WRONLY|O_LARGEFILE) = 0
26196 15:51:34.793981 fcntl64(4, F_SETLKW64, {type=F_WRLCK, whence=SEEK_SET, start=0, len=0}, 0xbfac24b4) = 0
26196 15:51:34.794040 ftruncate64(4, 0) = 0
26196 15:51:34.794069 _llseek(4, 0, [0], SEEK_SET) = 0
26196 15:51:34.794080 write(5, "\v", 1) = 1
26196 15:51:34.794091 read(5,  <unfinished ...>
26194 15:51:34.794098 read(4, "\v", 1)  = 1
26194 15:51:34.794109 write(4, "\1\0\0\0", 4) = 4
26196 15:51:34.794119 <... read resumed> "\1\0\0\0", 4) = 4
26196 15:51:34.794127 write(5, "\v", 1) = 1
26196 15:51:34.794136 read(5,  <unfinished ...>
26194 15:51:34.794143 read(4, "\v", 1)  = 1
26194 15:51:34.794153 write(4, "\1\0\0\0", 4) = 4
26196 15:51:34.794163 <... read resumed> "\1\0\0\0", 4) = 4
26196 15:51:34.794170 write(5, "\r", 1) = 1
26196 15:51:34.794180 read(5,  <unfinished ...>
26194 15:51:34.794186 read(4, "\r", 1)  = 1
26194 15:51:34.794198 select(6, [5], NULL, NULL, {60, 0}) = 1 (in [5], left {60, 0})
26194 15:51:34.794214 accept(5, {sa_family=AF_INET, sin_port=htons(45393), sin_addr=inet_addr("127.0.0.1")}, [16]) = 6
26194 15:51:34.794236 write(4, "\1", 1) = 1
26196 15:51:34.794246 <... read resumed> "\1", 1) = 1
26196 15:51:34.794254 recvmsg(5,  <unfinished ...>
26194 15:51:34.794262 sendmsg(4, {msg_name(0)=NULL, msg_iov(1)=[{"\0", 1}], msg_controllen=16, {cmsg_len=16, cmsg_level=SOL_SOCKET, cmsg_type=SCM_RIGHTS, {6}}, msg_flags=0}, 0) = 1
26196 15:51:34.794279 <... recvmsg resumed> {msg_name(0)=NULL, msg_iov(1)=[{"\0", 1}], msg_controllen=16, {cmsg_len=16, cmsg_level=SOL_SOCKET, cmsg_type=SCM_RIGHTS, {6}}, msg_flags=0}, 0) = 1
26196 15:51:34.794292 setsockopt(6, SOL_SOCKET, SO_KEEPALIVE, [1], 4) = 0
26196 15:51:34.794304 setsockopt(6, SOL_IP, IP_TOS, [8], 4) = 0
26196 15:51:34.794316 setsockopt(6, SOL_SOCKET, SO_LINGER, {onoff=1, linger=32767}, 8) = 0
26196 15:51:34.794327 rt_sigaction(SIGALRM, {0x805cad0, ~[RTMIN RT_1], 0}, NULL, 8) = 0
26196 15:51:34.794340 alarm(300)        = 300
26196 15:51:34.794352 write(0, "150 Ok to send data.\r\n", 22) = 22
26196 15:51:34.794417 read(6, "assasaaa\na\na\na\na\n", 65536) = 17
26196 15:51:34.794431 write(4, "assasaaa\na\na\na\na\n", 17) = 17
26196 15:51:34.794447 read(6, "", 65536) = 0
26196 15:51:34.794457 rt_sigaction(SIGALRM, {0x805cad0, ~[RTMIN RT_1], 0}, NULL, 8) = 0
26196 15:51:34.794471 alarm(300)        = 300
26196 15:51:34.794480 close(6)          = 0
26196 15:51:34.794489 alarm(0)          = 300
26196 15:51:34.794499 gettimeofday({1495655494, 794502}, NULL) = 0
26196 15:51:34.794513 gettimeofday({1495655494, 794517}, NULL) = 0
26196 15:51:34.794527 fcntl64(3, F_SETLKW64, {type=F_WRLCK, whence=SEEK_SET, start=0, len=0}, 0xbfac2454) = 0
26196 15:51:34.794542 write(3, "Wed May 24 15:51:34 2017 [pid 26196] [msfadmin] OK UPLOAD: Client \"127.0.0.1\", \"/home/msfadmin/myfile3\", 17 bytes, 27.31Kbyte/sec\n", 130) = 130
26196 15:51:34.794563 fcntl64(3, F_SETLK64, {type=F_UNLCK, whence=SEEK_SET, start=0, len=0}, 0xbfac245c) = 0
26196 15:51:34.794577 write(0, "226 Transfer complete.\r\n", 24) = 24
26196 15:51:34.794620 write(5, "\n", 1) = 1
26196 15:51:34.794632 read(5,  <unfinished ...>
26194 15:51:34.794639 close(6)          = 0
26194 15:51:34.794657 read(4, "\n", 1)  = 1
26194 15:51:34.794668 close(5)          = 0
26194 15:51:34.794679 write(4, "\1", 1) = 1
26196 15:51:34.794689 <... read resumed> "\1", 1) = 1
26196 15:51:34.794696 close(4)          = 0
26196 15:51:34.794707 rt_sigaction(SIGALRM, {0x805cad0, ~[RTMIN RT_1], 0}, NULL, 8) = 0
26196 15:51:34.794720 alarm(300)        = 0
26196 15:51:34.794730 recv(0,  <unfinished ...>
26194 15:51:34.794737 read(4,  <unfinished ...>
26196 15:51:35.332969 <... recv resumed> "TYPE I\r\n", 4096, MSG_PEEK) = 8
26196 15:51:35.333164 read(0, "TYPE I\r\n", 8) = 8
26196 15:51:35.333336 write(0, "200 Switching to Binary mode.\r\n", 31) = 31
26196 15:51:35.333465 rt_sigaction(SIGALRM, {0x805cad0, ~[RTMIN RT_1], 0}, NULL, 8) = 0
26196 15:51:35.333506 alarm(300)        = 299
26196 15:51:35.333535 recv(0, "PASV\r\n", 4096, MSG_PEEK) = 6
26196 15:51:35.333556 read(0, "PASV\r\n", 6) = 6
26196 15:51:35.333570 write(5, "\n", 1) = 1
26196 15:51:35.333583 read(5,  <unfinished ...>
26194 15:51:35.333599 <... read resumed> "\n", 1) = 1
26194 15:51:35.333608 write(4, "\1", 1) = 1
26196 15:51:35.333619 <... read resumed> "\1", 1) = 1
26196 15:51:35.333626 write(5, "\f", 1) = 1
26196 15:51:35.333635 read(5,  <unfinished ...>
26194 15:51:35.333642 read(4, "\f", 1)  = 1
26194 15:51:35.333653 socket(PF_INET, SOCK_STREAM, IPPROTO_TCP) = 5
26194 15:51:35.333669 setsockopt(5, SOL_SOCKET, SO_REUSEADDR, [1], 4) = 0
26194 15:51:35.333683 bind(5, {sa_family=AF_INET, sin_port=htons(60642), sin_addr=inet_addr("127.0.0.1")}, 16) = 0
26194 15:51:35.333700 listen(5, 1)      = 0
26194 15:51:35.333714 write(4, "\342\354\0\0", 4) = 4
26196 15:51:35.333724 <... read resumed> "\342\354\0\0", 4) = 4
26196 15:51:35.333736 write(0, "227 Entering Passive Mode (127,0,0,1,236,226).\r\n", 48) = 48
26196 15:51:35.333850 rt_sigaction(SIGALRM, {0x805cad0, ~[RTMIN RT_1], 0}, NULL, 8) = 0
26196 15:51:35.333866 alarm(300)        = 300
26196 15:51:35.333878 recv(0, "STOR myfile4\r\n", 4096, MSG_PEEK) = 14
26196 15:51:35.333890 read(0, "STOR myfile4\r\n", 14) = 14
26196 15:51:35.333903 write(5, "\v", 1) = 1
26196 15:51:35.333913 read(5,  <unfinished ...>
26194 15:51:35.333920 read(4, "\v", 1)  = 1
26194 15:51:35.333931 write(4, "\1\0\0\0", 4) = 4
26196 15:51:35.333941 <... read resumed> "\1\0\0\0", 4) = 4
26196 15:51:35.333949 gettimeofday({1495655495, 333952}, NULL) = 0
26196 15:51:35.333960 getcwd("/home/msfadmin", 4096) = 15
26196 15:51:35.333972 open("myfile4", O_WRONLY|O_CREAT|O_NONBLOCK|O_LARGEFILE, 0666) = 4
26196 15:51:35.333986 fstat64(4, {st_mode=S_IFREG|0644, st_size=17, ...}) = 0
26196 15:51:35.334004 fcntl64(4, F_GETFL) = 0x8801 (flags O_WRONLY|O_NONBLOCK|O_LARGEFILE)
26196 15:51:35.334015 fcntl64(4, F_SETFL, O_WRONLY|O_LARGEFILE) = 0
26196 15:51:35.334025 fcntl64(4, F_SETLKW64, {type=F_WRLCK, whence=SEEK_SET, start=0, len=0}, 0xbfac24b4) = 0
26196 15:51:35.334074 ftruncate64(4, 0) = 0
26196 15:51:35.334103 _llseek(4, 0, [0], SEEK_SET) = 0
26196 15:51:35.334114 write(5, "\v", 1) = 1
26196 15:51:35.334124 read(5,  <unfinished ...>
26194 15:51:35.334131 read(4, "\v", 1)  = 1
26194 15:51:35.334142 write(4, "\1\0\0\0", 4) = 4
26196 15:51:35.334152 <... read resumed> "\1\0\0\0", 4) = 4
26196 15:51:35.334160 write(5, "\v", 1) = 1
26196 15:51:35.334169 read(5,  <unfinished ...>
26194 15:51:35.334176 read(4, "\v", 1)  = 1
26194 15:51:35.334186 write(4, "\1\0\0\0", 4) = 4
26196 15:51:35.334196 <... read resumed> "\1\0\0\0", 4) = 4
26196 15:51:35.334203 write(5, "\r", 1) = 1
26196 15:51:35.334213 read(5,  <unfinished ...>
26194 15:51:35.334219 read(4, "\r", 1)  = 1
26194 15:51:35.334231 select(6, [5], NULL, NULL, {60, 0}) = 1 (in [5], left {60, 0})
26194 15:51:35.334247 accept(5, {sa_family=AF_INET, sin_port=htons(55504), sin_addr=inet_addr("127.0.0.1")}, [16]) = 6
26194 15:51:35.334268 write(4, "\1", 1) = 1
26196 15:51:35.334279 <... read resumed> "\1", 1) = 1
26196 15:51:35.334287 recvmsg(5,  <unfinished ...>
26194 15:51:35.334295 sendmsg(4, {msg_name(0)=NULL, msg_iov(1)=[{"\0", 1}], msg_controllen=16, {cmsg_len=16, cmsg_level=SOL_SOCKET, cmsg_type=SCM_RIGHTS, {6}}, msg_flags=0}, 0) = 1
26196 15:51:35.334312 <... recvmsg resumed> {msg_name(0)=NULL, msg_iov(1)=[{"\0", 1}], msg_controllen=16, {cmsg_len=16, cmsg_level=SOL_SOCKET, cmsg_type=SCM_RIGHTS, {6}}, msg_flags=0}, 0) = 1
26196 15:51:35.334325 setsockopt(6, SOL_SOCKET, SO_KEEPALIVE, [1], 4) = 0
26196 15:51:35.334337 setsockopt(6, SOL_IP, IP_TOS, [8], 4) = 0
26196 15:51:35.334349 setsockopt(6, SOL_SOCKET, SO_LINGER, {onoff=1, linger=32767}, 8) = 0
26196 15:51:35.334360 rt_sigaction(SIGALRM, {0x805cad0, ~[RTMIN RT_1], 0}, NULL, 8) = 0
26196 15:51:35.334373 alarm(300)        = 300
26196 15:51:35.334385 write(0, "150 Ok to send data.\r\n", 22) = 22
26196 15:51:35.334451 read(6, "assasaaa\na\na\na\na\n", 65536) = 17
26196 15:51:35.334465 write(4, "assasaaa\na\na\na\na\n", 17) = 17
26196 15:51:35.334480 read(6, "", 65536) = 0
26196 15:51:35.334491 rt_sigaction(SIGALRM, {0x805cad0, ~[RTMIN RT_1], 0}, NULL, 8) = 0
26196 15:51:35.334504 alarm(300)        = 300
26196 15:51:35.334513 close(6)          = 0
26196 15:51:35.334525 alarm(0)          = 300
26196 15:51:35.334535 gettimeofday({1495655495, 334538}, NULL) = 0
26196 15:51:35.334549 gettimeofday({1495655495, 334553}, NULL) = 0
26196 15:51:35.334563 fcntl64(3, F_SETLKW64, {type=F_WRLCK, whence=SEEK_SET, start=0, len=0}, 0xbfac2454) = 0
26196 15:51:35.334577 write(3, "Wed May 24 15:51:35 2017 [pid 26196] [msfadmin] OK UPLOAD: Client \"127.0.0.1\", \"/home/msfadmin/myfile4\", 17 bytes, 27.62Kbyte/sec\n", 130) = 130
26196 15:51:35.334598 fcntl64(3, F_SETLK64, {type=F_UNLCK, whence=SEEK_SET, start=0, len=0}, 0xbfac245c) = 0
26196 15:51:35.334612 write(0, "226 Transfer complete.\r\n", 24) = 24
26196 15:51:35.334655 write(5, "\n", 1) = 1
26196 15:51:35.334667 read(5,  <unfinished ...>
26194 15:51:35.334674 close(6)          = 0
26194 15:51:35.334692 read(4, "\n", 1)  = 1
26194 15:51:35.334703 close(5)          = 0
26194 15:51:35.334714 write(4, "\1", 1) = 1
26196 15:51:35.334724 <... read resumed> "\1", 1) = 1
26196 15:51:35.334731 close(4)          = 0
26196 15:51:35.334741 rt_sigaction(SIGALRM, {0x805cad0, ~[RTMIN RT_1], 0}, NULL, 8) = 0
26196 15:51:35.334754 alarm(300)        = 0
26196 15:51:35.334765 recv(0,  <unfinished ...>
26194 15:51:35.334772 read(4,  <unfinished ...>
26196 15:51:35.883014 <... recv resumed> "TYPE I\r\n", 4096, MSG_PEEK) = 8
26196 15:51:35.883168 read(0, "TYPE I\r\n", 8) = 8
26196 15:51:35.883305 write(0, "200 Switching to Binary mode.\r\n", 31) = 31
26196 15:51:35.883416 rt_sigaction(SIGALRM, {0x805cad0, ~[RTMIN RT_1], 0}, NULL, 8) = 0
26196 15:51:35.883452 alarm(300)        = 299
26196 15:51:35.883480 recv(0, "PASV\r\n", 4096, MSG_PEEK) = 6
26196 15:51:35.883500 read(0, "PASV\r\n", 6) = 6
26196 15:51:35.883512 write(5, "\n", 1) = 1
26196 15:51:35.883524 read(5,  <unfinished ...>
26194 15:51:35.883532 <... read resumed> "\n", 1) = 1
26194 15:51:35.883541 write(4, "\1", 1) = 1
26196 15:51:35.883551 <... read resumed> "\1", 1) = 1
26196 15:51:35.883558 write(5, "\f", 1) = 1
26196 15:51:35.883568 read(5,  <unfinished ...>
26194 15:51:35.883574 read(4, "\f", 1)  = 1
26194 15:51:35.883586 socket(PF_INET, SOCK_STREAM, IPPROTO_TCP) = 5
26194 15:51:35.883601 setsockopt(5, SOL_SOCKET, SO_REUSEADDR, [1], 4) = 0
26194 15:51:35.883616 bind(5, {sa_family=AF_INET, sin_port=htons(9965), sin_addr=inet_addr("127.0.0.1")}, 16) = 0
26194 15:51:35.883632 listen(5, 1)      = 0
26194 15:51:35.883646 write(4, "\355&\0\0", 4) = 4
26196 15:51:35.883656 <... read resumed> "\355&\0\0", 4) = 4
26196 15:51:35.883668 write(0, "227 Entering Passive Mode (127,0,0,1,38,237).\r\n", 47) = 47
26196 15:51:35.883783 rt_sigaction(SIGALRM, {0x805cad0, ~[RTMIN RT_1], 0}, NULL, 8) = 0
26196 15:51:35.883799 alarm(300)        = 300
26196 15:51:35.883810 recv(0, "STOR myfile5\r\n", 4096, MSG_PEEK) = 14
26196 15:51:35.883822 read(0, "STOR myfile5\r\n", 14) = 14
26196 15:51:35.883836 write(5, "\v", 1) = 1
26196 15:51:35.883846 read(5,  <unfinished ...>
26194 15:51:35.883853 read(4, "\v", 1)  = 1
26194 15:51:35.883863 write(4, "\1\0\0\0", 4) = 4
26196 15:51:35.883873 <... read resumed> "\1\0\0\0", 4) = 4
26196 15:51:35.883881 gettimeofday({1495655495, 883885}, NULL) = 0
26196 15:51:35.883892 getcwd("/home/msfadmin", 4096) = 15
26196 15:51:35.883905 open("myfile5", O_WRONLY|O_CREAT|O_NONBLOCK|O_LARGEFILE, 0666) = 4
26196 15:51:35.883918 fstat64(4, {st_mode=S_IFREG|0644, st_size=17, ...}) = 0
26196 15:51:35.883936 fcntl64(4, F_GETFL) = 0x8801 (flags O_WRONLY|O_NONBLOCK|O_LARGEFILE)
26196 15:51:35.883947 fcntl64(4, F_SETFL, O_WRONLY|O_LARGEFILE) = 0
26196 15:51:35.883957 fcntl64(4, F_SETLKW64, {type=F_WRLCK, whence=SEEK_SET, start=0, len=0}, 0xbfac24b4) = 0
26196 15:51:35.884007 ftruncate64(4, 0) = 0
26196 15:51:35.884027 _llseek(4, 0, [0], SEEK_SET) = 0
26196 15:51:35.884067 write(5, "\v", 1) = 1
26196 15:51:35.884087 read(5,  <unfinished ...>
26194 15:51:35.884109 read(4, "\v", 1)  = 1
26194 15:51:35.884130 write(4, "\1\0\0\0", 4) = 4
26196 15:51:35.884140 <... read resumed> "\1\0\0\0", 4) = 4
26196 15:51:35.884147 write(5, "\v", 1) = 1
26196 15:51:35.884157 read(5,  <unfinished ...>
26194 15:51:35.884170 read(4, "\v", 1)  = 1
26194 15:51:35.884181 write(4, "\1\0\0\0", 4) = 4
26196 15:51:35.884191 <... read resumed> "\1\0\0\0", 4) = 4
26196 15:51:35.884198 write(5, "\r", 1) = 1
26196 15:51:35.884207 read(5,  <unfinished ...>
26194 15:51:35.884214 read(4, "\r", 1)  = 1
26194 15:51:35.884225 select(6, [5], NULL, NULL, {60, 0}) = 1 (in [5], left {60, 0})
26194 15:51:35.884241 accept(5, {sa_family=AF_INET, sin_port=htons(37571), sin_addr=inet_addr("127.0.0.1")}, [16]) = 6
26194 15:51:35.884263 write(4, "\1", 1) = 1
26196 15:51:35.884273 <... read resumed> "\1", 1) = 1
26196 15:51:35.884281 recvmsg(5,  <unfinished ...>
26194 15:51:35.884289 sendmsg(4, {msg_name(0)=NULL, msg_iov(1)=[{"\0", 1}], msg_controllen=16, {cmsg_len=16, cmsg_level=SOL_SOCKET, cmsg_type=SCM_RIGHTS, {6}}, msg_flags=0}, 0) = 1
26196 15:51:35.884306 <... recvmsg resumed> {msg_name(0)=NULL, msg_iov(1)=[{"\0", 1}], msg_controllen=16, {cmsg_len=16, cmsg_level=SOL_SOCKET, cmsg_type=SCM_RIGHTS, {6}}, msg_flags=0}, 0) = 1
26196 15:51:35.884319 setsockopt(6, SOL_SOCKET, SO_KEEPALIVE, [1], 4) = 0
26196 15:51:35.884331 setsockopt(6, SOL_IP, IP_TOS, [8], 4) = 0
26196 15:51:35.884343 setsockopt(6, SOL_SOCKET, SO_LINGER, {onoff=1, linger=32767}, 8) = 0
26196 15:51:35.884354 rt_sigaction(SIGALRM, {0x805cad0, ~[RTMIN RT_1], 0}, NULL, 8) = 0
26196 15:51:35.884367 alarm(300)        = 300
26196 15:51:35.884379 write(0, "150 Ok to send data.\r\n", 22) = 22
26196 15:51:35.884445 read(6, "assasaaa\na\na\na\na\n", 65536) = 17
26196 15:51:35.884459 write(4, "assasaaa\na\na\na\na\n", 17) = 17
26196 15:51:35.884475 read(6, "", 65536) = 0
26196 15:51:35.884486 rt_sigaction(SIGALRM, {0x805cad0, ~[RTMIN RT_1], 0}, NULL, 8) = 0
26196 15:51:35.884499 alarm(300)        = 300
26196 15:51:35.884509 close(6)          = 0
26196 15:51:35.884518 alarm(0)          = 300
26196 15:51:35.884527 gettimeofday({1495655495, 884530}, NULL) = 0
26196 15:51:35.884542 gettimeofday({1495655495, 884546}, NULL) = 0
26196 15:51:35.884556 fcntl64(3, F_SETLKW64, {type=F_WRLCK, whence=SEEK_SET, start=0, len=0}, 0xbfac2454) = 0
26196 15:51:35.884570 write(3, "Wed May 24 15:51:35 2017 [pid 26196] [msfadmin] OK UPLOAD: Client \"127.0.0.1\", \"/home/msfadmin/myfile5\", 17 bytes, 25.12Kbyte/sec\n", 130) = 130
26196 15:51:35.884591 fcntl64(3, F_SETLK64, {type=F_UNLCK, whence=SEEK_SET, start=0, len=0}, 0xbfac245c) = 0
26196 15:51:35.884605 write(0, "226 Transfer complete.\r\n", 24) = 24
26196 15:51:35.884649 write(5, "\n", 1) = 1
26196 15:51:35.884661 read(5,  <unfinished ...>
26194 15:51:35.884667 close(6)          = 0
26194 15:51:35.884685 read(4, "\n", 1)  = 1
26194 15:51:35.884697 close(5)          = 0
26194 15:51:35.884707 write(4, "\1", 1) = 1
26196 15:51:35.884718 <... read resumed> "\1", 1) = 1
26196 15:51:35.884725 close(4)          = 0
26196 15:51:35.884735 rt_sigaction(SIGALRM, {0x805cad0, ~[RTMIN RT_1], 0}, NULL, 8) = 0
26196 15:51:35.884748 alarm(300)        = 0
26196 15:51:35.884759 recv(0,  <unfinished ...>
26194 15:51:35.884766 read(4,  <unfinished ...>
26196 15:51:36.392256 <... recv resumed> "TYPE I\r\n", 4096, MSG_PEEK) = 8
26196 15:51:36.392287 read(0, "TYPE I\r\n", 8) = 8
26196 15:51:36.392309 write(0, "200 Switching to Binary mode.\r\n", 31) = 31
26196 15:51:36.392357 rt_sigaction(SIGALRM, {0x805cad0, ~[RTMIN RT_1], 0}, NULL, 8) = 0
26196 15:51:36.392374 alarm(300)        = 299
26196 15:51:36.392386 recv(0, "PASV\r\n", 4096, MSG_PEEK) = 6
26196 15:51:36.392398 read(0, "PASV\r\n", 6) = 6
26196 15:51:36.392410 write(5, "\n", 1) = 1
26196 15:51:36.392422 read(5,  <unfinished ...>
26194 15:51:36.392430 <... read resumed> "\n", 1) = 1
26194 15:51:36.392439 write(4, "\1", 1) = 1
26196 15:51:36.392449 <... read resumed> "\1", 1) = 1
26196 15:51:36.392456 write(5, "\f", 1) = 1
26196 15:51:36.392466 read(5,  <unfinished ...>
26194 15:51:36.392472 read(4, "\f", 1)  = 1
26194 15:51:36.392484 socket(PF_INET, SOCK_STREAM, IPPROTO_TCP) = 5
26194 15:51:36.392499 setsockopt(5, SOL_SOCKET, SO_REUSEADDR, [1], 4) = 0
26194 15:51:36.392514 bind(5, {sa_family=AF_INET, sin_port=htons(41273), sin_addr=inet_addr("127.0.0.1")}, 16) = 0
26194 15:51:36.392538 listen(5, 1)      = 0
26194 15:51:36.392552 write(4, "9\241\0\0", 4) = 4
26196 15:51:36.392563 <... read resumed> "9\241\0\0", 4) = 4
26196 15:51:36.392575 write(0, "227 Entering Passive Mode (127,0,0,1,161,57).\r\n", 47) = 47
26196 15:51:36.392689 rt_sigaction(SIGALRM, {0x805cad0, ~[RTMIN RT_1], 0}, NULL, 8) = 0
26196 15:51:36.392705 alarm(300)        = 300
26196 15:51:36.392716 recv(0, "STOR myfile6\r\n", 4096, MSG_PEEK) = 14
26196 15:51:36.392728 read(0, "STOR myfile6\r\n", 14) = 14
26196 15:51:36.392742 write(5, "\v", 1) = 1
26196 15:51:36.392752 read(5,  <unfinished ...>
26194 15:51:36.392759 read(4, "\v", 1)  = 1
26194 15:51:36.392770 write(4, "\1\0\0\0", 4) = 4
26196 15:51:36.392780 <... read resumed> "\1\0\0\0", 4) = 4
26196 15:51:36.392788 gettimeofday({1495655496, 392792}, NULL) = 0
26196 15:51:36.392799 getcwd("/home/msfadmin", 4096) = 15
26196 15:51:36.392811 open("myfile6", O_WRONLY|O_CREAT|O_NONBLOCK|O_LARGEFILE, 0666) = 4
26196 15:51:36.392825 fstat64(4, {st_mode=S_IFREG|0644, st_size=17, ...}) = 0
26196 15:51:36.392843 fcntl64(4, F_GETFL) = 0x8801 (flags O_WRONLY|O_NONBLOCK|O_LARGEFILE)
26196 15:51:36.392855 fcntl64(4, F_SETFL, O_WRONLY|O_LARGEFILE) = 0
26196 15:51:36.392865 fcntl64(4, F_SETLKW64, {type=F_WRLCK, whence=SEEK_SET, start=0, len=0}, 0xbfac24b4) = 0
26196 15:51:36.392879 ftruncate64(4, 0) = 0
26196 15:51:36.392897 _llseek(4, 0, [0], SEEK_SET) = 0
26196 15:51:36.392908 write(5, "\v", 1) = 1
26196 15:51:36.392918 read(5,  <unfinished ...>
26194 15:51:36.392925 read(4, "\v", 1)  = 1
26194 15:51:36.392935 write(4, "\1\0\0\0", 4) = 4
26196 15:51:36.392967 <... read resumed> "\1\0\0\0", 4) = 4
26196 15:51:36.392975 write(5, "\v", 1) = 1
26196 15:51:36.392995 read(5,  <unfinished ...>
26194 15:51:36.393001 read(4, "\v", 1)  = 1
26194 15:51:36.393011 write(4, "\1\0\0\0", 4) = 4
26196 15:51:36.393021 <... read resumed> "\1\0\0\0", 4) = 4
26196 15:51:36.393028 write(5, "\r", 1) = 1
26196 15:51:36.393038 read(5,  <unfinished ...>
26194 15:51:36.393044 read(4, "\r", 1)  = 1
26194 15:51:36.393056 select(6, [5], NULL, NULL, {60, 0}) = 1 (in [5], left {60, 0})
26194 15:51:36.393072 accept(5, {sa_family=AF_INET, sin_port=htons(48206), sin_addr=inet_addr("127.0.0.1")}, [16]) = 6
26194 15:51:36.393093 write(4, "\1", 1) = 1
26196 15:51:36.393103 <... read resumed> "\1", 1) = 1
26196 15:51:36.393112 recvmsg(5,  <unfinished ...>
26194 15:51:36.393120 sendmsg(4, {msg_name(0)=NULL, msg_iov(1)=[{"\0", 1}], msg_controllen=16, {cmsg_len=16, cmsg_level=SOL_SOCKET, cmsg_type=SCM_RIGHTS, {6}}, msg_flags=0}, 0) = 1
26196 15:51:36.393137 <... recvmsg resumed> {msg_name(0)=NULL, msg_iov(1)=[{"\0", 1}], msg_controllen=16, {cmsg_len=16, cmsg_level=SOL_SOCKET, cmsg_type=SCM_RIGHTS, {6}}, msg_flags=0}, 0) = 1
26196 15:51:36.393149 setsockopt(6, SOL_SOCKET, SO_KEEPALIVE, [1], 4) = 0
26196 15:51:36.393162 setsockopt(6, SOL_IP, IP_TOS, [8], 4) = 0
26196 15:51:36.393174 setsockopt(6, SOL_SOCKET, SO_LINGER, {onoff=1, linger=32767}, 8) = 0
26196 15:51:36.393185 rt_sigaction(SIGALRM, {0x805cad0, ~[RTMIN RT_1], 0}, NULL, 8) = 0
26196 15:51:36.393198 alarm(300)        = 300
26196 15:51:36.393210 write(0, "150 Ok to send data.\r\n", 22) = 22
26196 15:51:36.393276 read(6, "assasaaa\na\na\na\na\n", 65536) = 17
26196 15:51:36.393290 write(4, "assasaaa\na\na\na\na\n", 17) = 17
26196 15:51:36.393306 read(6, "", 65536) = 0
26196 15:51:36.393316 rt_sigaction(SIGALRM, {0x805cad0, ~[RTMIN RT_1], 0}, NULL, 8) = 0
26196 15:51:36.393330 alarm(300)        = 300
26196 15:51:36.393339 close(6)          = 0
26196 15:51:36.393348 alarm(0)          = 300
26196 15:51:36.393358 gettimeofday({1495655496, 393361}, NULL) = 0
26196 15:51:36.393373 gettimeofday({1495655496, 393377}, NULL) = 0
26196 15:51:36.393387 fcntl64(3, F_SETLKW64, {type=F_WRLCK, whence=SEEK_SET, start=0, len=0}, 0xbfac2454) = 0
26196 15:51:36.393401 write(3, "Wed May 24 15:51:36 2017 [pid 26196] [msfadmin] OK UPLOAD: Client \"127.0.0.1\", \"/home/msfadmin/myfile6\", 17 bytes, 28.38Kbyte/sec\n", 130) = 130
26196 15:51:36.393425 fcntl64(3, F_SETLK64, {type=F_UNLCK, whence=SEEK_SET, start=0, len=0}, 0xbfac245c) = 0
26196 15:51:36.393440 write(0, "226 Transfer complete.\r\n", 24) = 24
26196 15:51:36.393483 write(5, "\n", 1) = 1
26196 15:51:36.393495 read(5,  <unfinished ...>
26194 15:51:36.393502 close(6)          = 0
26194 15:51:36.393520 read(4, "\n", 1)  = 1
26194 15:51:36.393531 close(5)          = 0
26194 15:51:36.393541 write(4, "\1", 1) = 1
26196 15:51:36.393552 <... read resumed> "\1", 1) = 1
26196 15:51:36.393558 close(4)          = 0
26196 15:51:36.393569 rt_sigaction(SIGALRM, {0x805cad0, ~[RTMIN RT_1], 0}, NULL, 8) = 0
26196 15:51:36.393582 alarm(300)        = 0
26196 15:51:36.393593 recv(0,  <unfinished ...>
26194 15:51:36.393600 read(4,  <unfinished ...>
