21429 14:44:55.019715 mmap2(NULL, 1624, PROT_READ, MAP_SHARED, 5, 0) = 0xb7fcc000
21429 14:44:55.019726 _llseek(5, 1624, [1624], SEEK_SET) = 0
21429 14:44:55.019742 munmap(0xb7fcc000, 1624) = 0
21429 14:44:55.019752 close(5)          = 0
21429 14:44:55.019765 open("/etc/shadow", O_RDONLY|0x80000 /* O_??? */) = 5
21429 14:44:55.019777 _llseek(5, 0, [0], SEEK_CUR) = 0
21429 14:44:55.019787 fstat64(5, {st_mode=S_IFREG|0640, st_size=1233, ...}) = 0
21429 14:44:55.019803 mmap2(NULL, 1233, PROT_READ, MAP_SHARED, 5, 0) = 0xb7fcc000
21429 14:44:55.019813 _llseek(5, 1233, [1233], SEEK_SET) = 0
21429 14:44:55.019830 munmap(0xb7fcc000, 1233) = 0
21429 14:44:55.019839 close(5)          = 0
21429 14:44:55.020072 getuid32()        = 0
21429 14:44:55.020083 open("/etc/passwd", O_RDONLY|0x80000 /* O_??? */) = 5
21429 14:44:55.020096 _llseek(5, 0, [0], SEEK_CUR) = 0
21429 14:44:55.020106 fstat64(5, {st_mode=S_IFREG|0644, st_size=1624, ...}) = 0
21429 14:44:55.020121 mmap2(NULL, 1624, PROT_READ, MAP_SHARED, 5, 0) = 0xb7fcc000
21429 14:44:55.020132 _llseek(5, 1624, [1624], SEEK_SET) = 0
21429 14:44:55.020147 munmap(0xb7fcc000, 1624) = 0
21429 14:44:55.020157 close(5)          = 0
21429 14:44:55.020169 open("/etc/shadow", O_RDONLY|0x80000 /* O_??? */) = 5
21429 14:44:55.020182 _llseek(5, 0, [0], SEEK_CUR) = 0
21429 14:44:55.020192 fstat64(5, {st_mode=S_IFREG|0640, st_size=1233, ...}) = 0
21429 14:44:55.020207 mmap2(NULL, 1233, PROT_READ, MAP_SHARED, 5, 0) = 0xb7fcc000
21429 14:44:55.020217 _llseek(5, 1233, [1233], SEEK_SET) = 0
21429 14:44:55.020234 munmap(0xb7fcc000, 1233) = 0
21429 14:44:55.020243 close(5)          = 0
21429 14:44:55.020254 time(NULL)        = 1495651495
21429 14:44:55.020269 munmap(0xb7fc9000, 12164) = 0
21429 14:44:55.020282 munmap(0xb7fc7000, 7136) = 0
21429 14:44:55.020296 munmap(0xb7dfc000, 95428) = 0
21429 14:44:55.020307 munmap(0xb7dc2000, 201052) = 0
21429 14:44:55.020318 munmap(0xb7da9000, 101180) = 0
21429 14:44:55.020334 gettimeofday({1495651495, 20338}, NULL) = 0
21429 14:44:55.020345 stat64("/usr/share/zoneinfo/UTC+04:00", 0xbff95104) = -1 ENOENT (No such file or directory)
21429 14:44:55.020360 open("/usr/share/zoneinfo/UTC+04:00", O_RDONLY) = -1 ENOENT (No such file or directory)
21429 14:44:55.020385 fcntl64(3, F_SETLKW64, {type=F_WRLCK, whence=SEEK_SET, start=0, len=0}, 0xbff95254) = 0
21429 14:44:55.020401 write(3, "Wed May 24 14:44:55 2017 [pid 21429] [msfadmin] OK LOGIN: Client \"127.0.0.1\"\n", 77) = 77
21429 14:44:55.020417 fcntl64(3, F_SETLK64, {type=F_UNLCK, whence=SEEK_SET, start=0, len=0}, 0xbff9525c) = 0
21429 14:44:55.020430 rt_sigaction(SIGCHLD, {0x805cad0, ~[RTMIN RT_1], 0}, NULL, 8) = 0
21429 14:44:55.020444 write(4, "\1", 1 <unfinished ...>
21430 14:44:55.020453 <... read resumed> "\1", 1) = 1
21429 14:44:55.020458 <... write resumed> ) = 1
21430 14:44:55.020466 exit_group(0)     = ?
21429 14:44:55.020493 --- SIGCHLD (Child exited) @ 0 (0) ---
21429 14:44:55.020501 sigreturn()       = ? (mask now [])
21429 14:44:55.020519 wait4(-1, [{WIFEXITED(s) && WEXITSTATUS(s) == 0}], 0, NULL) = 21430
21429 14:44:55.020536 close(4)          = 0
21429 14:44:55.020548 socketpair(PF_FILE, SOCK_STREAM, 0, [4, 5]) = 0
21429 14:44:55.020562 rt_sigaction(SIGCHLD, {0x805cad0, ~[RTMIN RT_1], 0}, NULL, 8) = 0
21429 14:44:55.020576 rt_sigaction(SIGALRM, {0x805cb10, ~[RTMIN RT_1], 0}, NULL, 8) = 0
21429 14:44:55.020589 clone(child_stack=0, flags=CLONE_CHILD_CLEARTID|CLONE_CHILD_SETTID|SIGCHLD, child_tidptr=0xb7e326f8) = 21431
21431 14:44:55.020655 prctl(0x1, 0x9, 0, 0, 0) = 0
21431 14:44:55.020670 close(4)          = 0
21431 14:44:55.020708 open("/etc/passwd", O_RDONLY|0x80000 /* O_??? */) = 4
21431 14:44:55.020725 _llseek(4, 0, [0], SEEK_CUR) = 0
21431 14:44:55.020740 fstat64(4, {st_mode=S_IFREG|0644, st_size=1624, ...}) = 0
21431 14:44:55.020759 mmap2(NULL, 1624, PROT_READ, MAP_SHARED, 4, 0) = 0xb7fcc000
21431 14:44:55.020772 _llseek(4, 1624, [1624], SEEK_SET) = 0
21431 14:44:55.020796 munmap(0xb7fcc000, 1624) = 0
21431 14:44:55.020807 close(4)          = 0
21431 14:44:55.020820 getuid32()        = 0
21431 14:44:55.020830 open("/etc/passwd", O_RDONLY|0x80000 /* O_??? */) = 4
21431 14:44:55.020843 _llseek(4, 0, [0], SEEK_CUR) = 0
21431 14:44:55.020853 fstat64(4, {st_mode=S_IFREG|0644, st_size=1624, ...}) = 0
21431 14:44:55.020869 mmap2(NULL, 1624, PROT_READ, MAP_SHARED, 4, 0) = 0xb7fcc000
21431 14:44:55.020880 _llseek(4, 1624, [1624], SEEK_SET) = 0
21431 14:44:55.020896 munmap(0xb7fcc000, 1624) = 0
21431 14:44:55.020905 close(4)          = 0
21431 14:44:55.020931 open("/proc/sys/kernel/ngroups_max", O_RDONLY) = 4
21431 14:44:55.020951 read(4, "65536\n", 31) = 6
21431 14:44:55.020963 close(4)          = 0
21431 14:44:55.020976 socket(PF_FILE, SOCK_STREAM, 0) = 4
21431 14:44:55.020988 fcntl64(4, F_SETFL, O_RDWR|O_NONBLOCK) = 0
21431 14:44:55.020998 connect(4, {sa_family=AF_FILE, path="/var/run/nscd/socket"}, 110) = -1 ENOENT (No such file or directory)
21431 14:44:55.021019 close(4)          = 0
21431 14:44:55.021030 socket(PF_FILE, SOCK_STREAM, 0) = 4
21431 14:44:55.021040 fcntl64(4, F_SETFL, O_RDWR|O_NONBLOCK) = 0
21431 14:44:55.021050 connect(4, {sa_family=AF_FILE, path="/var/run/nscd/socket"}, 110) = -1 ENOENT (No such file or directory)
21431 14:44:55.021068 close(4)          = 0
21431 14:44:55.021091 open("/etc/group", O_RDONLY|0x80000 /* O_??? */) = 4
21431 14:44:55.021106 _llseek(4, 0, [0], SEEK_CUR) = 0
21431 14:44:55.021116 fstat64(4, {st_mode=S_IFREG|0644, st_size=886, ...}) = 0
21431 14:44:55.021132 mmap2(NULL, 886, PROT_READ, MAP_SHARED, 4, 0) = 0xb7fcc000
21431 14:44:55.021143 _llseek(4, 886, [886], SEEK_SET) = 0
21431 14:44:55.021167 fstat64(4, {st_mode=S_IFREG|0644, st_size=886, ...}) = 0
21431 14:44:55.021184 munmap(0xb7fcc000, 886) = 0
21431 14:44:55.021194 close(4)          = 0
21431 14:44:55.021204 setgroups32(13, [1000, 4, 20, 24, 25, 29, 30, 44, 46, 107, 111, 112, 119]) = 0
21431 14:44:55.021220 geteuid32()       = 0
21431 14:44:55.021230 getegid32()       = 0
21431 14:44:55.021241 setregid32(-1, 1000) = 0
21431 14:44:55.021251 setreuid32(-1, 1000) = 0
21431 14:44:55.021262 chdir("/home/msfadmin") = 0
21431 14:44:55.021274 setreuid32(-1, 0) = 0
21431 14:44:55.021283 setregid32(-1, 0) = 0
21431 14:44:55.021293 setgid32(1000)    = 0
21431 14:44:55.021303 setuid32(1000)    = 0
21431 14:44:55.021313 setrlimit(RLIMIT_NPROC, {rlim_cur=0, rlim_max=0}) = 0
21431 14:44:55.021326 mmap2(NULL, 12288, PROT_READ|PROT_WRITE, MAP_PRIVATE|MAP_ANONYMOUS, -1, 0) = 0xb7fca000
21431 14:44:55.021337 mprotect(0xb7fcc000, 4096, PROT_NONE) = 0
21431 14:44:55.021348 mprotect(0xb7fca000, 4096, PROT_NONE) = 0
21431 14:44:55.021359 getcwd("/home/msfadmin", 4096) = 15
21431 14:44:55.021372 umask(022)        = 077
21431 14:44:55.021382 getcwd("/home/msfadmin", 4096) = 15
21431 14:44:55.021395 open(".message", O_RDONLY|O_NONBLOCK|O_LARGEFILE) = -1 ENOENT (No such file or directory)
21431 14:44:55.021417 write(0, "230 Login successful.\r\n", 23) = 23
21431 14:44:55.021484 rt_sigaction(SIGALRM, {0x805cad0, ~[RTMIN RT_1], 0}, NULL, 8) = 0
21431 14:44:55.021501 alarm(300)        = 0
21431 14:44:55.021512 mmap2(NULL, 12288, PROT_READ|PROT_WRITE, MAP_PRIVATE|MAP_ANONYMOUS, -1, 0) = 0xb7fc7000
21431 14:44:55.021527 mprotect(0xb7fc9000, 4096, PROT_NONE) = 0
21431 14:44:55.021537 mprotect(0xb7fc7000, 4096, PROT_NONE) = 0
21431 14:44:55.021550 recv(0, "TYPE I\r\n", 4096, MSG_PEEK) = 8
21431 14:44:55.021563 read(0, "TYPE I\r\n", 8) = 8
21431 14:44:55.021579 write(0, "200 Switching to Binary mode.\r\n", 31) = 31
21431 14:44:55.021648 rt_sigaction(SIGALRM, {0x805cad0, ~[RTMIN RT_1], 0}, NULL, 8) = 0
21431 14:44:55.021664 alarm(300)        = 300
21431 14:44:55.021675 recv(0, "PASV\r\n", 4096, MSG_PEEK) = 6
21431 14:44:55.021686 read(0, "PASV\r\n", 6) = 6
21431 14:44:55.021698 write(5, "\n", 1) = 1
21431 14:44:55.021710 read(5,  <unfinished ...>
21429 14:44:55.021722 close(5)          = 0
21429 14:44:55.021734 getuid32()        = 0
21429 14:44:55.021750 open("/etc/passwd", O_RDONLY|0x80000 /* O_??? */) = 5
21429 14:44:55.021765 _llseek(5, 0, [0], SEEK_CUR) = 0
21429 14:44:55.021777 fstat64(5, {st_mode=S_IFREG|0644, st_size=1624, ...}) = 0
21429 14:44:55.021795 mmap2(NULL, 1624, PROT_READ, MAP_SHARED, 5, 0) = 0xb7fcc000
21429 14:44:55.021806 _llseek(5, 1624, [1624], SEEK_SET) = 0
21429 14:44:55.021823 munmap(0xb7fcc000, 1624) = 0
21429 14:44:55.021835 close(5)          = 0
21429 14:44:55.021850 setgroups32(0, []) = 0
21429 14:44:55.021862 chdir("/usr/share/empty") = 0
21429 14:44:55.021874 chroot(".")       = 0
21429 14:44:55.021884 capset(NULL, NULL) = -1 EFAULT (Bad address)
21429 14:44:55.021897 prctl(0x8, 0, 0xbff95238, 0x80549a6, 0xbff95220) = 0
21429 14:44:55.021908 prctl(0x8, 0x1, 0xbff95238, 0x8054a49, 0xbff95220) = 0
21429 14:44:55.021918 setgid32(65534)   = 0
21429 14:44:55.021928 setuid32(65534)   = 0
21429 14:44:55.021937 capset(0x19980330, 0, {CAP_NET_BIND_SERVICE, CAP_NET_BIND_SERVICE, 0}) = 0
21429 14:44:55.021950 read(4, "\n", 1)  = 1
21429 14:44:55.021963 write(4, "\1", 1) = 1
21431 14:44:55.021974 <... read resumed> "\1", 1) = 1
21431 14:44:55.021982 write(5, "\f", 1) = 1
21431 14:44:55.021992 read(5,  <unfinished ...>
21429 14:44:55.021999 read(4, "\f", 1)  = 1
21429 14:44:55.022011 socket(PF_INET, SOCK_STREAM, IPPROTO_TCP) = 5
21429 14:44:55.022024 setsockopt(5, SOL_SOCKET, SO_REUSEADDR, [1], 4) = 0
21429 14:44:55.022035 gettimeofday({1495651495, 22039}, NULL) = 0
21429 14:44:55.022051 bind(5, {sa_family=AF_INET, sin_port=htons(18840), sin_addr=inet_addr("127.0.0.1")}, 16) = 0
21429 14:44:55.022067 listen(5, 1)      = 0
21429 14:44:55.022080 write(4, "\230I\0\0", 4) = 4
21431 14:44:55.022091 <... read resumed> "\230I\0\0", 4) = 4
21431 14:44:55.022105 write(0, "227 Entering Passive Mode (127,0,0,1,73,152).\r\n", 47) = 47
21431 14:44:55.022205 rt_sigaction(SIGALRM, {0x805cad0, ~[RTMIN RT_1], 0}, NULL, 8) = 0
21431 14:44:55.022223 alarm(300)        = 300
21431 14:44:55.022234 recv(0, "RETR myfile39\r\n", 4096, MSG_PEEK) = 15
21431 14:44:55.022246 read(0, "RETR myfile39\r\n", 15) = 15
21431 14:44:55.022261 write(5, "\v", 1) = 1
21431 14:44:55.022271 read(5,  <unfinished ...>
21429 14:44:55.022278 read(4, "\v", 1)  = 1
21429 14:44:55.022289 write(4, "\1\0\0\0", 4) = 4
21431 14:44:55.022300 <... read resumed> "\1\0\0\0", 4) = 4
21431 14:44:55.022308 gettimeofday({1495651495, 22311}, NULL) = 0
21431 14:44:55.022318 getcwd("/home/msfadmin", 4096) = 15
21431 14:44:55.022331 open("myfile39", O_RDONLY|O_NONBLOCK|O_LARGEFILE) = 4
21431 14:44:55.022343 fcntl64(4, F_SETLKW64, {type=F_RDLCK, whence=SEEK_SET, start=0, len=0}, 0xbff951a4) = 0
21431 14:44:55.022357 fstat64(4, {st_mode=S_IFREG|0644, st_size=17, ...}) = 0
21431 14:44:55.022373 fcntl64(4, F_GETFL) = 0x8800 (flags O_RDONLY|O_NONBLOCK|O_LARGEFILE)
21431 14:44:55.022383 fcntl64(4, F_SETFL, O_RDONLY|O_LARGEFILE) = 0
21431 14:44:55.022395 write(5, "\v", 1) = 1
21431 14:44:55.022406 read(5,  <unfinished ...>
21429 14:44:55.022413 read(4, "\v", 1)  = 1
21429 14:44:55.022424 write(4, "\1\0\0\0", 4) = 4
21431 14:44:55.022434 <... read resumed> "\1\0\0\0", 4) = 4
21431 14:44:55.022442 write(5, "\v", 1) = 1
21431 14:44:55.022452 read(5,  <unfinished ...>
21429 14:44:55.022458 read(4, "\v", 1)  = 1
21429 14:44:55.022473 write(4, "\1\0\0\0", 4) = 4
21431 14:44:55.022483 <... read resumed> "\1\0\0\0", 4) = 4
21431 14:44:55.022491 write(5, "\r", 1) = 1
21431 14:44:55.022500 read(5,  <unfinished ...>
21429 14:44:55.022507 read(4, "\r", 1)  = 1
21429 14:44:55.022520 select(6, [5], NULL, NULL, {60, 0}) = 1 (in [5], left {60, 0})
21429 14:44:55.022536 accept(5, {sa_family=AF_INET, sin_port=htons(57082), sin_addr=inet_addr("127.0.0.1")}, [16]) = 6
21429 14:44:55.022558 write(4, "\1", 1) = 1
21431 14:44:55.022569 <... read resumed> "\1", 1) = 1
21431 14:44:55.022594 recvmsg(5,  <unfinished ...>
21429 14:44:55.022605 sendmsg(4, {msg_name(0)=NULL, msg_iov(1)=[{"\0", 1}], msg_controllen=16, {cmsg_len=16, cmsg_level=SOL_SOCKET, cmsg_type=SCM_RIGHTS, {6}}, msg_flags=0}, 0) = 1
21431 14:44:55.022632 <... recvmsg resumed> {msg_name(0)=NULL, msg_iov(1)=[{"\0", 1}], msg_controllen=16, {cmsg_len=16, cmsg_level=SOL_SOCKET, cmsg_type=SCM_RIGHTS, {6}}, msg_flags=0}, 0) = 1
21431 14:44:55.022645 setsockopt(6, SOL_SOCKET, SO_KEEPALIVE, [1], 4) = 0
21431 14:44:55.022657 setsockopt(6, SOL_IP, IP_TOS, [8], 4) = 0
21431 14:44:55.022668 setsockopt(6, SOL_SOCKET, SO_LINGER, {onoff=1, linger=32767}, 8) = 0
21431 14:44:55.022679 rt_sigaction(SIGALRM, {0x805cad0, ~[RTMIN RT_1], 0}, NULL, 8) = 0
21431 14:44:55.022692 alarm(300)        = 300
21431 14:44:55.022706 write(0, "150 Opening BINARY mode data connection for myfile39 (17 bytes).\r\n", 66) = 66
21431 14:44:55.022749 _llseek(4, 0, [0], SEEK_CUR) = 0
21431 14:44:55.022761 fstat64(4, {st_mode=S_IFREG|0644, st_size=17, ...}) = 0
21431 14:44:55.022778 _llseek(4, 0, [0], SEEK_SET) = 0
21431 14:44:55.022790 sendfile(6, 4, NULL, 17) = 17
21431 14:44:55.022818 rt_sigaction(SIGALRM, {0x805cad0, ~[RTMIN RT_1], 0}, NULL, 8) = 0
21431 14:44:55.022832 alarm(300)        = 300
21431 14:44:55.022842 close(6)          = 0
21431 14:44:55.022851 alarm(0)          = 300
21431 14:44:55.022860 gettimeofday({1495651495, 22864}, NULL) = 0
21431 14:44:55.022877 getpid()          = 21431
21431 14:44:55.022888 gettimeofday({1495651495, 22892}, NULL) = 0
21431 14:44:55.022906 fcntl64(3, F_SETLKW64, {type=F_WRLCK, whence=SEEK_SET, start=0, len=0}, 0xbff95144) = 0
21431 14:44:55.022920 write(3, "Wed May 24 14:44:55 2017 [pid 21431] [msfadmin] OK DOWNLOAD: Client \"127.0.0.1\", \"/home/msfadmin/myfile39\", 17 bytes, 28.57Kbyte/sec\n", 133) = 133
21431 14:44:55.022940 fcntl64(3, F_SETLK64, {type=F_UNLCK, whence=SEEK_SET, start=0, len=0}, 0xbff9514c) = 0
21431 14:44:55.022954 write(0, "226 Transfer complete.\r\n", 24) = 24
21431 14:44:55.022969 write(5, "\n", 1) = 1
21431 14:44:55.022980 read(5,  <unfinished ...>
21429 14:44:55.022986 close(6)          = 0
21429 14:44:55.023063 read(4, "\n", 1)  = 1
21429 14:44:55.023077 close(5)          = 0
21429 14:44:55.023088 write(4, "\1", 1) = 1
21431 14:44:55.023099 <... read resumed> "\1", 1) = 1
21431 14:44:55.023106 close(4)          = 0
21431 14:44:55.023116 rt_sigaction(SIGALRM, {0x805cad0, ~[RTMIN RT_1], 0}, NULL, 8) = 0
21431 14:44:55.023129 alarm(300)        = 0
21431 14:44:55.023140 recv(0,  <unfinished ...>
21429 14:44:55.023148 read(4,  <unfinished ...>
21428 14:44:55.340043 <... recv resumed> "TYPE I\r\n", 4096, MSG_PEEK) = 8
21428 14:44:55.340212 read(0, "TYPE I\r\n", 8) = 8
21428 14:44:55.340373 write(0, "200 Switching to Binary mode.\r\n", 31) = 31
21428 14:44:55.340478 rt_sigaction(SIGALRM, {0x805cad0, ~[RTMIN RT_1], 0}, NULL, 8) = 0
21428 14:44:55.340513 alarm(300)        = 299
21428 14:44:55.340539 recv(0, "PASV\r\n", 4096, MSG_PEEK) = 6
21428 14:44:55.340557 read(0, "PASV\r\n", 6) = 6
21428 14:44:55.340569 write(5, "\n", 1 <unfinished ...>
21426 14:44:55.340581 <... read resumed> "\n", 1) = 1
21428 14:44:55.340586 <... write resumed> ) = 1
21426 14:44:55.340594 write(4, "\1", 1) = 1
21426 14:44:55.340605 read(4,  <unfinished ...>
21428 14:44:55.340612 read(5, "\1", 1)  = 1
21428 14:44:55.340623 write(5, "\f", 1 <unfinished ...>
21426 14:44:55.340630 <... read resumed> "\f", 1) = 1
21428 14:44:55.340634 <... write resumed> ) = 1
21426 14:44:55.340641 socket(PF_INET, SOCK_STREAM, IPPROTO_TCP) = 5
21426 14:44:55.340666 setsockopt(5, SOL_SOCKET, SO_REUSEADDR, [1], 4) = 0
21426 14:44:55.340681 bind(5, {sa_family=AF_INET, sin_port=htons(35383), sin_addr=inet_addr("127.0.0.1")}, 16) = 0
21426 14:44:55.340698 listen(5, 1)      = 0
21426 14:44:55.340711 write(4, "7\212\0\0", 4) = 4
21426 14:44:55.340723 read(4,  <unfinished ...>
21428 14:44:55.340730 read(5, "7\212\0\0", 4) = 4
21428 14:44:55.340746 write(0, "227 Entering Passive Mode (127,0,0,1,138,55).\r\n", 47) = 47
21428 14:44:55.340858 rt_sigaction(SIGALRM, {0x805cad0, ~[RTMIN RT_1], 0}, NULL, 8) = 0
21428 14:44:55.340875 alarm(300)        = 300
21428 14:44:55.340886 recv(0, "STOR myfile36\r\n", 4096, MSG_PEEK) = 15
21428 14:44:55.340898 read(0, "STOR myfile36\r\n", 15) = 15
21428 14:44:55.340912 write(5, "\v", 1 <unfinished ...>
21426 14:44:55.340919 <... read resumed> "\v", 1) = 1
21428 14:44:55.340924 <... write resumed> ) = 1
21426 14:44:55.340930 write(4, "\1\0\0\0", 4) = 4
21426 14:44:55.340941 read(4,  <unfinished ...>
21428 14:44:55.340948 read(5, "\1\0\0\0", 4) = 4
21428 14:44:55.340959 gettimeofday({1495651495, 340963}, NULL) = 0
21428 14:44:55.340970 getcwd("/home/msfadmin", 4096) = 15
21428 14:44:55.340982 open("myfile36", O_WRONLY|O_CREAT|O_NONBLOCK|O_LARGEFILE, 0666) = 4
21428 14:44:55.340996 fstat64(4, {st_mode=S_IFREG|0644, st_size=17, ...}) = 0
21428 14:44:55.341014 fcntl64(4, F_GETFL) = 0x8801 (flags O_WRONLY|O_NONBLOCK|O_LARGEFILE)
21428 14:44:55.341025 fcntl64(4, F_SETFL, O_WRONLY|O_LARGEFILE) = 0
21428 14:44:55.341035 fcntl64(4, F_SETLKW64, {type=F_WRLCK, whence=SEEK_SET, start=0, len=0}, 0xbf8daac4) = 0
21428 14:44:55.341050 ftruncate64(4, 0) = 0
21428 14:44:55.341069 _llseek(4, 0, [0], SEEK_SET) = 0
21428 14:44:55.341110 write(5, "\v", 1 <unfinished ...>
21426 14:44:55.341119 <... read resumed> "\v", 1) = 1
21428 14:44:55.341124 <... write resumed> ) = 1
21426 14:44:55.341131 write(4, "\1\0\0\0", 4) = 4
21426 14:44:55.341151 read(4,  <unfinished ...>
21428 14:44:55.341158 read(5, "\1\0\0\0", 4) = 4
21428 14:44:55.341169 write(5, "\v", 1 <unfinished ...>
21426 14:44:55.341176 <... read resumed> "\v", 1) = 1
21428 14:44:55.341180 <... write resumed> ) = 1
21426 14:44:55.341186 write(4, "\1\0\0\0", 4) = 4
21426 14:44:55.341196 read(4,  <unfinished ...>
21428 14:44:55.341203 read(5, "\1\0\0\0", 4) = 4
21428 14:44:55.341214 write(5, "\r", 1 <unfinished ...>
21426 14:44:55.341221 <... read resumed> "\r", 1) = 1
21428 14:44:55.341225 <... write resumed> ) = 1
21426 14:44:55.341232 select(6, [5], NULL, NULL, {60, 0}) = 1 (in [5], left {60, 0})
21426 14:44:55.341249 accept(5, {sa_family=AF_INET, sin_port=htons(33894), sin_addr=inet_addr("127.0.0.1")}, [16]) = 6
21426 14:44:55.341271 write(4, "\1", 1) = 1
21426 14:44:55.341283 sendmsg(4, {msg_name(0)=NULL, msg_iov(1)=[{"\0", 1}], msg_controllen=16, {cmsg_len=16, cmsg_level=SOL_SOCKET, cmsg_type=SCM_RIGHTS, {6}}, msg_flags=0}, 0) = 1
21426 14:44:55.341299 close(6)          = 0
21426 14:44:55.341309 read(4,  <unfinished ...>
21428 14:44:55.341316 read(5, "\1", 1)  = 1
21428 14:44:55.341328 recvmsg(5, {msg_name(0)=NULL, msg_iov(1)=[{"\0", 1}], msg_controllen=16, {cmsg_len=16, cmsg_level=SOL_SOCKET, cmsg_type=SCM_RIGHTS, {6}}, msg_flags=0}, 0) = 1
21428 14:44:55.341346 setsockopt(6, SOL_SOCKET, SO_KEEPALIVE, [1], 4) = 0
21428 14:44:55.341358 setsockopt(6, SOL_IP, IP_TOS, [8], 4) = 0
21428 14:44:55.341370 setsockopt(6, SOL_SOCKET, SO_LINGER, {onoff=1, linger=32767}, 8) = 0
21428 14:44:55.341381 rt_sigaction(SIGALRM, {0x805cad0, ~[RTMIN RT_1], 0}, NULL, 8) = 0
21428 14:44:55.341394 alarm(300)        = 300
21428 14:44:55.341407 write(0, "150 Ok to send data.\r\n", 22) = 22
21428 14:44:55.341474 read(6, "assasaaa\na\na\na\na\n", 65536) = 17
21428 14:44:55.341488 write(4, "assasaaa\na\na\na\na\n", 17) = 17
21428 14:44:55.341505 read(6, "", 65536) = 0
21428 14:44:55.341515 rt_sigaction(SIGALRM, {0x805cad0, ~[RTMIN RT_1], 0}, NULL, 8) = 0
21428 14:44:55.341529 alarm(300)        = 300
21428 14:44:55.341538 close(6)          = 0
21428 14:44:55.341555 alarm(0)          = 300
21428 14:44:55.341568 gettimeofday({1495651495, 341571}, NULL) = 0
21428 14:44:55.341584 gettimeofday({1495651495, 341588}, NULL) = 0
21428 14:44:55.341599 fcntl64(3, F_SETLKW64, {type=F_WRLCK, whence=SEEK_SET, start=0, len=0}, 0xbf8daa64) = 0
21428 14:44:55.341613 write(3, "Wed May 24 14:44:55 2017 [pid 21428] [msfadmin] OK UPLOAD: Client \"127.0.0.1\", \"/home/msfadmin/myfile36\", 17 bytes, 26.56Kbyte/sec\n", 131) = 131
21428 14:44:55.341634 fcntl64(3, F_SETLK64, {type=F_UNLCK, whence=SEEK_SET, start=0, len=0}, 0xbf8daa6c) = 0
21428 14:44:55.341648 write(0, "226 Transfer complete.\r\n", 24) = 24
21428 14:44:55.341692 write(5, "\n", 1 <unfinished ...>
21426 14:44:55.341701 <... read resumed> "\n", 1) = 1
21428 14:44:55.341706 <... write resumed> ) = 1
21426 14:44:55.341712 close(5)          = 0
21426 14:44:55.341723 write(4, "\1", 1) = 1
21426 14:44:55.341734 read(4,  <unfinished ...>
21428 14:44:55.341741 read(5, "\1", 1)  = 1
21428 14:44:55.341752 close(4)          = 0
21428 14:44:55.341762 rt_sigaction(SIGALRM, {0x805cad0, ~[RTMIN RT_1], 0}, NULL, 8) = 0
21428 14:44:55.341775 alarm(300)        = 0
21428 14:44:55.341786 recv(0,  <unfinished ...>
21431 14:44:55.539282 <... recv resumed> "USER msfadmin\r\n", 4096, MSG_PEEK) = 15
21431 14:44:55.539321 read(0, "USER msfadmin\r\n", 15) = 15
21431 14:44:55.539347 write(0, "331 Any password will do.\r\n", 27) = 27
21431 14:44:55.539391 rt_sigaction(SIGALRM, {0x805cad0, ~[RTMIN RT_1], 0}, NULL, 8) = 0
21431 14:44:55.539409 alarm(300)        = 299
21431 14:44:55.539422 recv(0, "PASS msfadmin\r\n", 4096, MSG_PEEK) = 15
21431 14:44:55.539434 read(0, "PASS msfadmin\r\n", 15) = 15
21431 14:44:55.539450 write(0, "230 Already logged in.\r\n", 24) = 24
21431 14:44:55.539512 rt_sigaction(SIGALRM, {0x805cad0, ~[RTMIN RT_1], 0}, NULL, 8) = 0
21431 14:44:55.539527 alarm(300)        = 300
21431 14:44:55.539538 recv(0, "TYPE I\r\n", 4096, MSG_PEEK) = 8
21431 14:44:55.539549 read(0, "TYPE I\r\n", 8) = 8
21431 14:44:55.539563 write(0, "200 Switching to Binary mode.\r\n", 31) = 31
21431 14:44:55.539599 rt_sigaction(SIGALRM, {0x805cad0, ~[RTMIN RT_1], 0}, NULL, 8) = 0
21431 14:44:55.539613 alarm(300)        = 300
21431 14:44:55.539624 recv(0, "PASV\r\n", 4096, MSG_PEEK) = 6
21431 14:44:55.539635 read(0, "PASV\r\n", 6) = 6
21431 14:44:55.539647 write(5, "\n", 1) = 1
21431 14:44:55.539659 read(5,  <unfinished ...>
21429 14:44:55.539668 <... read resumed> "\n", 1) = 1
21429 14:44:55.539677 write(4, "\1", 1) = 1
21431 14:44:55.539687 <... read resumed> "\1", 1) = 1
21431 14:44:55.539694 write(5, "\f", 1) = 1
21431 14:44:55.539704 read(5,  <unfinished ...>
21429 14:44:55.539711 read(4, "\f", 1)  = 1
21429 14:44:55.539723 socket(PF_INET, SOCK_STREAM, IPPROTO_TCP) = 5
21429 14:44:55.539739 setsockopt(5, SOL_SOCKET, SO_REUSEADDR, [1], 4) = 0
21429 14:44:55.539753 bind(5, {sa_family=AF_INET, sin_port=htons(63493), sin_addr=inet_addr("127.0.0.1")}, 16) = 0
21429 14:44:55.539770 listen(5, 1)      = 0
21429 14:44:55.539783 write(4, "\5\370\0\0", 4) = 4
21431 14:44:55.539794 <... read resumed> "\5\370\0\0", 4) = 4
21431 14:44:55.539806 write(0, "227 Entering Passive Mode (127,0,0,1,248,5).\r\n", 46) = 46
21431 14:44:55.539918 rt_sigaction(SIGALRM, {0x805cad0, ~[RTMIN RT_1], 0}, NULL, 8) = 0
21431 14:44:55.539935 alarm(300)        = 300
21431 14:44:55.539946 recv(0, "RETR myfile40\r\n", 4096, MSG_PEEK) = 15
21431 14:44:55.539958 read(0, "RETR myfile40\r\n", 15) = 15
21431 14:44:55.539971 write(5, "\v", 1) = 1
21431 14:44:55.539981 read(5,  <unfinished ...>
21429 14:44:55.539988 read(4, "\v", 1)  = 1
21429 14:44:55.539999 write(4, "\1\0\0\0", 4) = 4
21431 14:44:55.540009 <... read resumed> "\1\0\0\0", 4) = 4
21431 14:44:55.540017 gettimeofday({1495651495, 540021}, NULL) = 0
21431 14:44:55.540028 getcwd("/home/msfadmin", 4096) = 15
21431 14:44:55.540040 open("myfile40", O_RDONLY|O_NONBLOCK|O_LARGEFILE) = 4
21431 14:44:55.540054 fcntl64(4, F_SETLKW64, {type=F_RDLCK, whence=SEEK_SET, start=0, len=0}, 0xbff951a4) = 0
21431 14:44:55.540069 fstat64(4, {st_mode=S_IFREG|0644, st_size=17, ...}) = 0
21431 14:44:55.540108 fcntl64(4, F_GETFL) = 0x8800 (flags O_RDONLY|O_NONBLOCK|O_LARGEFILE)
21431 14:44:55.540138 fcntl64(4, F_SETFL, O_RDONLY|O_LARGEFILE) = 0
21431 14:44:55.540150 write(5, "\v", 1) = 1
21431 14:44:55.540161 read(5,  <unfinished ...>
21429 14:44:55.540169 read(4, "\v", 1)  = 1
21429 14:44:55.540180 write(4, "\1\0\0\0", 4) = 4
21431 14:44:55.540190 <... read resumed> "\1\0\0\0", 4) = 4
21431 14:44:55.540197 write(5, "\v", 1) = 1
21431 14:44:55.540207 read(5,  <unfinished ...>
21429 14:44:55.540213 read(4, "\v", 1)  = 1
21429 14:44:55.540224 write(4, "\1\0\0\0", 4) = 4
21431 14:44:55.540234 <... read resumed> "\1\0\0\0", 4) = 4
21431 14:44:55.540241 write(5, "\r", 1) = 1
21431 14:44:55.540250 read(5,  <unfinished ...>
21429 14:44:55.540257 read(4, "\r", 1)  = 1
21429 14:44:55.540268 select(6, [5], NULL, NULL, {60, 0}) = 1 (in [5], left {60, 0})
21429 14:44:55.540284 accept(5, {sa_family=AF_INET, sin_port=htons(53848), sin_addr=inet_addr("127.0.0.1")}, [16]) = 6
21429 14:44:55.540307 write(4, "\1", 1) = 1
21431 14:44:55.540317 <... read resumed> "\1", 1) = 1
21431 14:44:55.540325 recvmsg(5,  <unfinished ...>
21429 14:44:55.540333 sendmsg(4, {msg_name(0)=NULL, msg_iov(1)=[{"\0", 1}], msg_controllen=16, {cmsg_len=16, cmsg_level=SOL_SOCKET, cmsg_type=SCM_RIGHTS, {6}}, msg_flags=0}, 0) = 1
21431 14:44:55.540351 <... recvmsg resumed> {msg_name(0)=NULL, msg_iov(1)=[{"\0", 1}], msg_controllen=16, {cmsg_len=16, cmsg_level=SOL_SOCKET, cmsg_type=SCM_RIGHTS, {6}}, msg_flags=0}, 0) = 1
21431 14:44:55.540364 setsockopt(6, SOL_SOCKET, SO_KEEPALIVE, [1], 4) = 0
21431 14:44:55.540376 setsockopt(6, SOL_IP, IP_TOS, [8], 4) = 0
21431 14:44:55.540388 setsockopt(6, SOL_SOCKET, SO_LINGER, {onoff=1, linger=32767}, 8) = 0
21431 14:44:55.540399 rt_sigaction(SIGALRM, {0x805cad0, ~[RTMIN RT_1], 0}, NULL, 8) = 0
21431 14:44:55.540412 alarm(300)        = 300
21431 14:44:55.540425 write(0, "150 Opening BINARY mode data connection for myfile40 (17 bytes).\r\n", 66) = 66
21431 14:44:55.540467 _llseek(4, 0, [0], SEEK_CUR) = 0
21431 14:44:55.540479 fstat64(4, {st_mode=S_IFREG|0644, st_size=17, ...}) = 0
21431 14:44:55.540496 _llseek(4, 0, [0], SEEK_SET) = 0
21431 14:44:55.540506 sendfile(6, 4, NULL, 17) = 17
21431 14:44:55.540537 rt_sigaction(SIGALRM, {0x805cad0, ~[RTMIN RT_1], 0}, NULL, 8) = 0
21431 14:44:55.540551 alarm(300)        = 300
21431 14:44:55.540561 close(6)          = 0
21431 14:44:55.540570 alarm(0)          = 300
21431 14:44:55.540579 gettimeofday({1495651495, 540583}, NULL) = 0
21431 14:44:55.540594 gettimeofday({1495651495, 540598}, NULL) = 0
21431 14:44:55.540608 fcntl64(3, F_SETLKW64, {type=F_WRLCK, whence=SEEK_SET, start=0, len=0}, 0xbff95144) = 0
21431 14:44:55.540623 write(3, "Wed May 24 14:44:55 2017 [pid 21431] [msfadmin] OK DOWNLOAD: Client \"127.0.0.1\", \"/home/msfadmin/myfile40\", 17 bytes, 28.77Kbyte/sec\n", 133) = 133
21431 14:44:55.540644 fcntl64(3, F_SETLK64, {type=F_UNLCK, whence=SEEK_SET, start=0, len=0}, 0xbff9514c) = 0
21431 14:44:55.540657 write(0, "226 Transfer complete.\r\n", 24) = 24
21431 14:44:55.540672 write(5, "\n", 1) = 1
21431 14:44:55.540683 read(5,  <unfinished ...>
21429 14:44:55.540689 close(6)          = 0
21429 14:44:55.540773 read(4, "\n", 1)  = 1
21429 14:44:55.540786 close(5)          = 0
21429 14:44:55.540797 write(4, "\1", 1) = 1
21431 14:44:55.540808 <... read resumed> "\1", 1) = 1
21431 14:44:55.540815 close(4)          = 0
21431 14:44:55.540825 rt_sigaction(SIGALRM, {0x805cad0, ~[RTMIN RT_1], 0}, NULL, 8) = 0
21431 14:44:55.540838 alarm(300)        = 0
21431 14:44:55.540849 recv(0,  <unfinished ...>
21429 14:44:55.540857 read(4,  <unfinished ...>
21428 14:44:55.879341 <... recv resumed> "TYPE I\r\n", 4096, MSG_PEEK) = 8
21428 14:44:55.879372 read(0, "TYPE I\r\n", 8) = 8
21428 14:44:55.879393 write(0, "200 Switching to Binary mode.\r\n", 31) = 31
21428 14:44:55.879441 rt_sigaction(SIGALRM, {0x805cad0, ~[RTMIN RT_1], 0}, NULL, 8) = 0
21428 14:44:55.879459 alarm(300)        = 299
21428 14:44:55.879472 recv(0, "PASV\r\n", 4096, MSG_PEEK) = 6
21428 14:44:55.879483 read(0, "PASV\r\n", 6) = 6
21428 14:44:55.879503 write(5, "\n", 1 <unfinished ...>
21426 14:44:55.879515 <... read resumed> "\n", 1) = 1
21428 14:44:55.879520 <... write resumed> ) = 1
21426 14:44:55.879528 write(4, "\1", 1) = 1
21426 14:44:55.879538 read(4,  <unfinished ...>
21428 14:44:55.879546 read(5, "\1", 1)  = 1
21428 14:44:55.879557 write(5, "\f", 1 <unfinished ...>
21426 14:44:55.879564 <... read resumed> "\f", 1) = 1
21428 14:44:55.879568 <... write resumed> ) = 1
21426 14:44:55.879576 socket(PF_INET, SOCK_STREAM, IPPROTO_TCP) = 5
21426 14:44:55.879591 setsockopt(5, SOL_SOCKET, SO_REUSEADDR, [1], 4) = 0
21426 14:44:55.879605 bind(5, {sa_family=AF_INET, sin_port=htons(32721), sin_addr=inet_addr("127.0.0.1")}, 16) = 0
21426 14:44:55.879622 listen(5, 1)      = 0
21426 14:44:55.879635 write(4, "\321\177\0\0", 4) = 4
21426 14:44:55.879646 read(4,  <unfinished ...>
21428 14:44:55.879653 read(5, "\321\177\0\0", 4) = 4
21428 14:44:55.879668 write(0, "227 Entering Passive Mode (127,0,0,1,127,209).\r\n", 48) = 48
21428 14:44:55.879781 rt_sigaction(SIGALRM, {0x805cad0, ~[RTMIN RT_1], 0}, NULL, 8) = 0
21428 14:44:55.879798 alarm(300)        = 300
21428 14:44:55.879810 recv(0, "STOR myfile37\r\n", 4096, MSG_PEEK) = 15
21428 14:44:55.879822 read(0, "STOR myfile37\r\n", 15) = 15
21428 14:44:55.879835 write(5, "\v", 1 <unfinished ...>
21426 14:44:55.879843 <... read resumed> "\v", 1) = 1
21428 14:44:55.879848 <... write resumed> ) = 1
21426 14:44:55.879854 write(4, "\1\0\0\0", 4) = 4
21426 14:44:55.879865 read(4,  <unfinished ...>
21428 14:44:55.879871 read(5, "\1\0\0\0", 4) = 4
21428 14:44:55.879883 gettimeofday({1495651495, 879887}, NULL) = 0
21428 14:44:55.879894 getcwd("/home/msfadmin", 4096) = 15
21428 14:44:55.879906 open("myfile37", O_WRONLY|O_CREAT|O_NONBLOCK|O_LARGEFILE, 0666) = 4
21428 14:44:55.879921 fstat64(4, {st_mode=S_IFREG|0644, st_size=17, ...}) = 0
21428 14:44:55.879938 fcntl64(4, F_GETFL) = 0x8801 (flags O_WRONLY|O_NONBLOCK|O_LARGEFILE)
21428 14:44:55.879949 fcntl64(4, F_SETFL, O_WRONLY|O_LARGEFILE) = 0
21428 14:44:55.879959 fcntl64(4, F_SETLKW64, {type=F_WRLCK, whence=SEEK_SET, start=0, len=0}, 0xbf8daac4) = 0
21428 14:44:55.879973 ftruncate64(4, 0) = 0
21428 14:44:55.879992 _llseek(4, 0, [0], SEEK_SET) = 0
21428 14:44:55.880134 write(5, "\v", 1 <unfinished ...>
21426 14:44:55.880145 <... read resumed> "\v", 1) = 1
21428 14:44:55.880150 <... write resumed> ) = 1
21426 14:44:55.880166 write(4, "\1\0\0\0", 4) = 4
21426 14:44:55.880177 read(4,  <unfinished ...>
21428 14:44:55.880184 read(5, "\1\0\0\0", 4) = 4
21428 14:44:55.880195 write(5, "\v", 1 <unfinished ...>
21426 14:44:55.880202 <... read resumed> "\v", 1) = 1
21428 14:44:55.880206 <... write resumed> ) = 1
21426 14:44:55.880212 write(4, "\1\0\0\0", 4) = 4
21426 14:44:55.880222 read(4,  <unfinished ...>
21428 14:44:55.880229 read(5, "\1\0\0\0", 4) = 4
21428 14:44:55.880240 write(5, "\r", 1 <unfinished ...>
21426 14:44:55.880246 <... read resumed> "\r", 1) = 1
21428 14:44:55.880251 <... write resumed> ) = 1
21426 14:44:55.880258 select(6, [5], NULL, NULL, {60, 0}) = 1 (in [5], left {60, 0})
21426 14:44:55.880274 accept(5, {sa_family=AF_INET, sin_port=htons(47723), sin_addr=inet_addr("127.0.0.1")}, [16]) = 6
21426 14:44:55.880296 write(4, "\1", 1) = 1
21426 14:44:55.880308 sendmsg(4, {msg_name(0)=NULL, msg_iov(1)=[{"\0", 1}], msg_controllen=16, {cmsg_len=16, cmsg_level=SOL_SOCKET, cmsg_type=SCM_RIGHTS, {6}}, msg_flags=0}, 0) = 1
21426 14:44:55.880325 close(6)          = 0
21426 14:44:55.880335 read(4,  <unfinished ...>
21428 14:44:55.880341 read(5, "\1", 1)  = 1
21428 14:44:55.880354 recvmsg(5, {msg_name(0)=NULL, msg_iov(1)=[{"\0", 1}], msg_controllen=16, {cmsg_len=16, cmsg_level=SOL_SOCKET, cmsg_type=SCM_RIGHTS, {6}}, msg_flags=0}, 0) = 1
21428 14:44:55.880372 setsockopt(6, SOL_SOCKET, SO_KEEPALIVE, [1], 4) = 0
21428 14:44:55.880384 setsockopt(6, SOL_IP, IP_TOS, [8], 4) = 0
21428 14:44:55.880396 setsockopt(6, SOL_SOCKET, SO_LINGER, {onoff=1, linger=32767}, 8) = 0
21428 14:44:55.880407 rt_sigaction(SIGALRM, {0x805cad0, ~[RTMIN RT_1], 0}, NULL, 8) = 0
21428 14:44:55.880420 alarm(300)        = 300
21428 14:44:55.880437 write(0, "150 Ok to send data.\r\n", 22) = 22
21428 14:44:55.880502 read(6, "assasaaa\na\na\na\na\n", 65536) = 17
21428 14:44:55.880516 write(4, "assasaaa\na\na\na\na\n", 17) = 17
21428 14:44:55.880533 read(6, "", 65536) = 0
21428 14:44:55.880544 rt_sigaction(SIGALRM, {0x805cad0, ~[RTMIN RT_1], 0}, NULL, 8) = 0
21428 14:44:55.880557 alarm(300)        = 300
21428 14:44:55.880567 close(6)          = 0
21428 14:44:55.880583 alarm(0)          = 300
21428 14:44:55.880593 gettimeofday({1495651495, 880597}, NULL) = 0
21428 14:44:55.880609 gettimeofday({1495651495, 880613}, NULL) = 0
21428 14:44:55.880624 fcntl64(3, F_SETLKW64, {type=F_WRLCK, whence=SEEK_SET, start=0, len=0}, 0xbf8daa64) = 0
21428 14:44:55.880639 write(3, "Wed May 24 14:44:55 2017 [pid 21428] [msfadmin] OK UPLOAD: Client \"127.0.0.1\", \"/home/msfadmin/myfile37\", 17 bytes, 22.87Kbyte/sec\n", 131) = 131
21428 14:44:55.880660 fcntl64(3, F_SETLK64, {type=F_UNLCK, whence=SEEK_SET, start=0, len=0}, 0xbf8daa6c) = 0
21428 14:44:55.880674 write(0, "226 Transfer complete.\r\n", 24) = 24
21428 14:44:55.880717 write(5, "\n", 1 <unfinished ...>
21426 14:44:55.880727 <... read resumed> "\n", 1) = 1
21428 14:44:55.880732 <... write resumed> ) = 1
21426 14:44:55.880738 close(5)          = 0
21426 14:44:55.880750 write(4, "\1", 1) = 1
21426 14:44:55.880761 read(4,  <unfinished ...>
21428 14:44:55.880767 read(5, "\1", 1)  = 1
21428 14:44:55.880778 close(4)          = 0
21428 14:44:55.880789 rt_sigaction(SIGALRM, {0x805cad0, ~[RTMIN RT_1], 0}, NULL, 8) = 0
21428 14:44:55.880802 alarm(300)        = 0
21428 14:44:55.880813 recv(0,  <unfinished ...>
21431 14:44:56.110274 <... recv resumed> "USER msfadmin\r\n", 4096, MSG_PEEK) = 15
21431 14:44:56.110312 read(0, "USER msfadmin\r\n", 15) = 15
21431 14:44:56.110338 write(0, "331 Any password will do.\r\n", 27) = 27
21431 14:44:56.110383 rt_sigaction(SIGALRM, {0x805cad0, ~[RTMIN RT_1], 0}, NULL, 8) = 0
21431 14:44:56.110401 alarm(300)        = 299
21431 14:44:56.110413 recv(0, "PASS msfadmin\r\n", 4096, MSG_PEEK) = 15
21431 14:44:56.110425 read(0, "PASS msfadmin\r\n", 15) = 15
21431 14:44:56.110441 write(0, "230 Already logged in.\r\n", 24) = 24
21431 14:44:56.110502 rt_sigaction(SIGALRM, {0x805cad0, ~[RTMIN RT_1], 0}, NULL, 8) = 0
21431 14:44:56.110518 alarm(300)        = 300
21431 14:44:56.110529 recv(0, "TYPE I\r\n", 4096, MSG_PEEK) = 8
21431 14:44:56.110540 read(0, "TYPE I\r\n", 8) = 8
21431 14:44:56.110554 write(0, "200 Switching to Binary mode.\r\n", 31) = 31
21431 14:44:56.110590 rt_sigaction(SIGALRM, {0x805cad0, ~[RTMIN RT_1], 0}, NULL, 8) = 0
21431 14:44:56.110604 alarm(300)        = 300
21431 14:44:56.110615 recv(0, "PASV\r\n", 4096, MSG_PEEK) = 6
21431 14:44:56.110626 read(0, "PASV\r\n", 6) = 6
21431 14:44:56.110637 write(5, "\n", 1) = 1
21431 14:44:56.110649 read(5,  <unfinished ...>
21429 14:44:56.110658 <... read resumed> "\n", 1) = 1
21429 14:44:56.110667 write(4, "\1", 1) = 1
21431 14:44:56.110677 <... read resumed> "\1", 1) = 1
21431 14:44:56.110684 write(5, "\f", 1) = 1
21431 14:44:56.110694 read(5,  <unfinished ...>
21429 14:44:56.110701 read(4, "\f", 1)  = 1
21429 14:44:56.110712 socket(PF_INET, SOCK_STREAM, IPPROTO_TCP) = 5
21429 14:44:56.110728 setsockopt(5, SOL_SOCKET, SO_REUSEADDR, [1], 4) = 0
21429 14:44:56.110743 bind(5, {sa_family=AF_INET, sin_port=htons(15996), sin_addr=inet_addr("127.0.0.1")}, 16) = 0
21429 14:44:56.110759 listen(5, 1)      = 0
21429 14:44:56.110773 write(4, "|>\0\0", 4) = 4
21431 14:44:56.110783 <... read resumed> "|>\0\0", 4) = 4
21431 14:44:56.110795 write(0, "227 Entering Passive Mode (127,0,0,1,62,124).\r\n", 47) = 47
21431 14:44:56.110906 rt_sigaction(SIGALRM, {0x805cad0, ~[RTMIN RT_1], 0}, NULL, 8) = 0
21431 14:44:56.110923 alarm(300)        = 300
21431 14:44:56.110934 recv(0, "RETR myfile0\r\n", 4096, MSG_PEEK) = 14
21431 14:44:56.110946 read(0, "RETR myfile0\r\n", 14) = 14
21431 14:44:56.110958 write(5, "\v", 1) = 1
21431 14:44:56.110968 read(5,  <unfinished ...>
21429 14:44:56.110976 read(4, "\v", 1)  = 1
21429 14:44:56.111052 write(4, "\1\0\0\0", 4) = 4
21431 14:44:56.111076 <... read resumed> "\1\0\0\0", 4) = 4
21431 14:44:56.111094 gettimeofday({1495651496, 111098}, NULL) = 0
21431 14:44:56.111105 getcwd("/home/msfadmin", 4096) = 15
21431 14:44:56.111118 open("myfile0", O_RDONLY|O_NONBLOCK|O_LARGEFILE) = 4
21431 14:44:56.111131 fcntl64(4, F_SETLKW64, {type=F_RDLCK, whence=SEEK_SET, start=0, len=0}, 0xbff951a4) = 0
21431 14:44:56.111146 fstat64(4, {st_mode=S_IFREG|0644, st_size=17, ...}) = 0
21431 14:44:56.111163 fcntl64(4, F_GETFL) = 0x8800 (flags O_RDONLY|O_NONBLOCK|O_LARGEFILE)
21431 14:44:56.111174 fcntl64(4, F_SETFL, O_RDONLY|O_LARGEFILE) = 0
21431 14:44:56.111186 write(5, "\v", 1) = 1
21431 14:44:56.111196 read(5,  <unfinished ...>
21429 14:44:56.111203 read(4, "\v", 1)  = 1
21429 14:44:56.111214 write(4, "\1\0\0\0", 4) = 4
21431 14:44:56.111224 <... read resumed> "\1\0\0\0", 4) = 4
21431 14:44:56.111232 write(5, "\v", 1) = 1
21431 14:44:56.111241 read(5,  <unfinished ...>
21429 14:44:56.111248 read(4, "\v", 1)  = 1
21429 14:44:56.111259 write(4, "\1\0\0\0", 4) = 4
21431 14:44:56.111269 <... read resumed> "\1\0\0\0", 4) = 4
21431 14:44:56.111276 write(5, "\r", 1) = 1
21431 14:44:56.111286 read(5,  <unfinished ...>
21429 14:44:56.111292 read(4, "\r", 1)  = 1
21429 14:44:56.111304 select(6, [5], NULL, NULL, {60, 0}) = 1 (in [5], left {60, 0})
21429 14:44:56.111320 accept(5, {sa_family=AF_INET, sin_port=htons(56164), sin_addr=inet_addr("127.0.0.1")}, [16]) = 6
21429 14:44:56.111342 write(4, "\1", 1) = 1
21431 14:44:56.111353 <... read resumed> "\1", 1) = 1
21431 14:44:56.111361 recvmsg(5,  <unfinished ...>
21429 14:44:56.111369 sendmsg(4, {msg_name(0)=NULL, msg_iov(1)=[{"\0", 1}], msg_controllen=16, {cmsg_len=16, cmsg_level=SOL_SOCKET, cmsg_type=SCM_RIGHTS, {6}}, msg_flags=0}, 0) = 1
21431 14:44:56.111386 <... recvmsg resumed> {msg_name(0)=NULL, msg_iov(1)=[{"\0", 1}], msg_controllen=16, {cmsg_len=16, cmsg_level=SOL_SOCKET, cmsg_type=SCM_RIGHTS, {6}}, msg_flags=0}, 0) = 1
21431 14:44:56.111399 setsockopt(6, SOL_SOCKET, SO_KEEPALIVE, [1], 4) = 0
21431 14:44:56.111411 setsockopt(6, SOL_IP, IP_TOS, [8], 4) = 0
21431 14:44:56.111423 setsockopt(6, SOL_SOCKET, SO_LINGER, {onoff=1, linger=32767}, 8) = 0
21431 14:44:56.111435 rt_sigaction(SIGALRM, {0x805cad0, ~[RTMIN RT_1], 0}, NULL, 8) = 0
21431 14:44:56.111448 alarm(300)        = 300
21431 14:44:56.111461 write(0, "150 Opening BINARY mode data connection for myfile0 (17 bytes).\r\n", 65) = 65
21431 14:44:56.111503 _llseek(4, 0, [0], SEEK_CUR) = 0
21431 14:44:56.111515 fstat64(4, {st_mode=S_IFREG|0644, st_size=17, ...}) = 0
21431 14:44:56.111532 _llseek(4, 0, [0], SEEK_SET) = 0
21431 14:44:56.111542 sendfile(6, 4, NULL, 17) = 17
21431 14:44:56.111571 rt_sigaction(SIGALRM, {0x805cad0, ~[RTMIN RT_1], 0}, NULL, 8) = 0
21431 14:44:56.111586 alarm(300)        = 300
21431 14:44:56.111595 close(6)          = 0
21431 14:44:56.111604 alarm(0)          = 300
21431 14:44:56.111614 gettimeofday({1495651496, 111617}, NULL) = 0
21431 14:44:56.111629 gettimeofday({1495651496, 111633}, NULL) = 0
21431 14:44:56.111643 fcntl64(3, F_SETLKW64, {type=F_WRLCK, whence=SEEK_SET, start=0, len=0}, 0xbff95144) = 0
21431 14:44:56.111657 write(3, "Wed May 24 14:44:56 2017 [pid 21431] [msfadmin] OK DOWNLOAD: Client \"127.0.0.1\", \"/home/msfadmin/myfile0\", 17 bytes, 31.03Kbyte/sec\n", 132) = 132
21431 14:44:56.111678 fcntl64(3, F_SETLK64, {type=F_UNLCK, whence=SEEK_SET, start=0, len=0}, 0xbff9514c) = 0
21431 14:44:56.111692 write(0, "226 Transfer complete.\r\n", 24) = 24
21431 14:44:56.111707 write(5, "\n", 1) = 1
21431 14:44:56.111717 read(5,  <unfinished ...>
21429 14:44:56.111724 close(6)          = 0
21429 14:44:56.111806 read(4, "\n", 1)  = 1
21429 14:44:56.111819 close(5)          = 0
21429 14:44:56.111830 write(4, "\1", 1) = 1
21431 14:44:56.111841 <... read resumed> "\1", 1) = 1
21431 14:44:56.111848 close(4)          = 0
21431 14:44:56.111858 rt_sigaction(SIGALRM, {0x805cad0, ~[RTMIN RT_1], 0}, NULL, 8) = 0
21431 14:44:56.111872 alarm(300)        = 0
21431 14:44:56.111883 recv(0,  <unfinished ...>
21429 14:44:56.111890 read(4,  <unfinished ...>
21428 14:44:56.389382 <... recv resumed> "TYPE I\r\n", 4096, MSG_PEEK) = 8
21428 14:44:56.389418 read(0, "TYPE I\r\n", 8) = 8
21428 14:44:56.389441 write(0, "200 Switching to Binary mode.\r\n", 31) = 31
21428 14:44:56.389491 rt_sigaction(SIGALRM, {0x805cad0, ~[RTMIN RT_1], 0}, NULL, 8) = 0
21428 14:44:56.389508 alarm(300)        = 299
21428 14:44:56.389521 recv(0, "PASV\r\n", 4096, MSG_PEEK) = 6
21428 14:44:56.389533 read(0, "PASV\r\n", 6) = 6
21428 14:44:56.389545 write(5, "\n", 1 <unfinished ...>
21426 14:44:56.389556 <... read resumed> "\n", 1) = 1
21428 14:44:56.389561 <... write resumed> ) = 1
21426 14:44:56.389568 write(4, "\1", 1) = 1
21426 14:44:56.389579 read(4,  <unfinished ...>
21428 14:44:56.389586 read(5, "\1", 1)  = 1
21428 14:44:56.389597 write(5, "\f", 1 <unfinished ...>
21426 14:44:56.389604 <... read resumed> "\f", 1) = 1
21428 14:44:56.389609 <... write resumed> ) = 1
21426 14:44:56.389616 socket(PF_INET, SOCK_STREAM, IPPROTO_TCP) = 5
21426 14:44:56.389632 setsockopt(5, SOL_SOCKET, SO_REUSEADDR, [1], 4) = 0
21426 14:44:56.389646 bind(5, {sa_family=AF_INET, sin_port=htons(38476), sin_addr=inet_addr("127.0.0.1")}, 16) = 0
21426 14:44:56.389662 listen(5, 1)      = 0
21426 14:44:56.389676 write(4, "L\226\0\0", 4) = 4
21426 14:44:56.389687 read(4,  <unfinished ...>
21428 14:44:56.389693 read(5, "L\226\0\0", 4) = 4
21428 14:44:56.389709 write(0, "227 Entering Passive Mode (127,0,0,1,150,76).\r\n", 47) = 47
21428 14:44:56.389823 rt_sigaction(SIGALRM, {0x805cad0, ~[RTMIN RT_1], 0}, NULL, 8) = 0
21428 14:44:56.389839 alarm(300)        = 300
21428 14:44:56.389851 recv(0, "STOR myfile38\r\n", 4096, MSG_PEEK) = 15
21428 14:44:56.389863 read(0, "STOR myfile38\r\n", 15) = 15
21428 14:44:56.389876 write(5, "\v", 1 <unfinished ...>
21426 14:44:56.389884 <... read resumed> "\v", 1) = 1
21428 14:44:56.389888 <... write resumed> ) = 1
21426 14:44:56.389895 write(4, "\1\0\0\0", 4) = 4
21426 14:44:56.389905 read(4,  <unfinished ...>
21428 14:44:56.389912 read(5, "\1\0\0\0", 4) = 4
21428 14:44:56.389924 gettimeofday({1495651496, 389927}, NULL) = 0
21428 14:44:56.389934 getcwd("/home/msfadmin", 4096) = 15
21428 14:44:56.389947 open("myfile38", O_WRONLY|O_CREAT|O_NONBLOCK|O_LARGEFILE, 0666) = 4
21428 14:44:56.389961 fstat64(4, {st_mode=S_IFREG|0644, st_size=17, ...}) = 0
21428 14:44:56.389979 fcntl64(4, F_GETFL) = 0x8801 (flags O_WRONLY|O_NONBLOCK|O_LARGEFILE)
21428 14:44:56.389990 fcntl64(4, F_SETFL, O_WRONLY|O_LARGEFILE) = 0
21428 14:44:56.390000 fcntl64(4, F_SETLKW64, {type=F_WRLCK, whence=SEEK_SET, start=0, len=0}, 0xbf8daac4) = 0
21428 14:44:56.390014 ftruncate64(4, 0) = 0
21428 14:44:56.390033 _llseek(4, 0, [0], SEEK_SET) = 0
21428 14:44:56.390044 write(5, "\v", 1 <unfinished ...>
21426 14:44:56.390051 <... read resumed> "\v", 1) = 1
21428 14:44:56.390056 <... write resumed> ) = 1
21426 14:44:56.390062 write(4, "\1\0\0\0", 4) = 4
21426 14:44:56.390111 read(4,  <unfinished ...>
21428 14:44:56.390132 read(5, "\1\0\0\0", 4) = 4
21428 14:44:56.390143 write(5, "\v", 1 <unfinished ...>
21426 14:44:56.390150 <... read resumed> "\v", 1) = 1
21428 14:44:56.390155 <... write resumed> ) = 1
21426 14:44:56.390161 write(4, "\1\0\0\0", 4) = 4
21426 14:44:56.390171 read(4,  <unfinished ...>
21428 14:44:56.390177 read(5, "\1\0\0\0", 4) = 4
21428 14:44:56.390188 write(5, "\r", 1 <unfinished ...>
21426 14:44:56.390195 <... read resumed> "\r", 1) = 1
21428 14:44:56.390200 <... write resumed> ) = 1
21426 14:44:56.390207 select(6, [5], NULL, NULL, {60, 0}) = 1 (in [5], left {60, 0})
21426 14:44:56.390223 accept(5, {sa_family=AF_INET, sin_port=htons(45216), sin_addr=inet_addr("127.0.0.1")}, [16]) = 6
21426 14:44:56.390245 write(4, "\1", 1) = 1
21426 14:44:56.390258 sendmsg(4, {msg_name(0)=NULL, msg_iov(1)=[{"\0", 1}], msg_controllen=16, {cmsg_len=16, cmsg_level=SOL_SOCKET, cmsg_type=SCM_RIGHTS, {6}}, msg_flags=0}, 0) = 1
21426 14:44:56.390274 close(6)          = 0
21426 14:44:56.390284 read(4,  <unfinished ...>
21428 14:44:56.390291 read(5, "\1", 1)  = 1
21428 14:44:56.390303 recvmsg(5, {msg_name(0)=NULL, msg_iov(1)=[{"\0", 1}], msg_controllen=16, {cmsg_len=16, cmsg_level=SOL_SOCKET, cmsg_type=SCM_RIGHTS, {6}}, msg_flags=0}, 0) = 1
21428 14:44:56.390326 setsockopt(6, SOL_SOCKET, SO_KEEPALIVE, [1], 4) = 0
21428 14:44:56.390338 setsockopt(6, SOL_IP, IP_TOS, [8], 4) = 0
21428 14:44:56.390350 setsockopt(6, SOL_SOCKET, SO_LINGER, {onoff=1, linger=32767}, 8) = 0
21428 14:44:56.390361 rt_sigaction(SIGALRM, {0x805cad0, ~[RTMIN RT_1], 0}, NULL, 8) = 0
21428 14:44:56.390374 alarm(300)        = 300
21428 14:44:56.390387 write(0, "150 Ok to send data.\r\n", 22) = 22
21428 14:44:56.390452 read(6, "assasaaa\na\na\na\na\n", 65536) = 17
21428 14:44:56.390467 write(4, "assasaaa\na\na\na\na\n", 17) = 17
21428 14:44:56.390483 read(6, "", 65536) = 0
21428 14:44:56.390494 rt_sigaction(SIGALRM, {0x805cad0, ~[RTMIN RT_1], 0}, NULL, 8) = 0
21428 14:44:56.390507 alarm(300)        = 300
21428 14:44:56.390517 close(6)          = 0
21428 14:44:56.390534 alarm(0)          = 300
21428 14:44:56.390543 gettimeofday({1495651496, 390547}, NULL) = 0
21428 14:44:56.390559 gettimeofday({1495651496, 390563}, NULL) = 0
21428 14:44:56.390574 fcntl64(3, F_SETLKW64, {type=F_WRLCK, whence=SEEK_SET, start=0, len=0}, 0xbf8daa64) = 0
21428 14:44:56.390589 write(3, "Wed May 24 14:44:56 2017 [pid 21428] [msfadmin] OK UPLOAD: Client \"127.0.0.1\", \"/home/msfadmin/myfile38\", 17 bytes, 26.10Kbyte/sec\n", 131) = 131
21428 14:44:56.390610 fcntl64(3, F_SETLK64, {type=F_UNLCK, whence=SEEK_SET, start=0, len=0}, 0xbf8daa6c) = 0
21428 14:44:56.390624 write(0, "226 Transfer complete.\r\n", 24) = 24
21428 14:44:56.390667 write(5, "\n", 1 <unfinished ...>
21426 14:44:56.390677 <... read resumed> "\n", 1) = 1
21428 14:44:56.390681 <... write resumed> ) = 1
21426 14:44:56.390687 close(5)          = 0
21426 14:44:56.390699 write(4, "\1", 1) = 1
21426 14:44:56.390709 read(4,  <unfinished ...>
21428 14:44:56.390716 read(5, "\1", 1)  = 1
21428 14:44:56.390727 close(4)          = 0
21428 14:44:56.390737 rt_sigaction(SIGALRM, {0x805cad0, ~[RTMIN RT_1], 0}, NULL, 8) = 0
21428 14:44:56.390750 alarm(300)        = 0
21428 14:44:56.390761 recv(0,  <unfinished ...>
21431 14:44:56.670278 <... recv resumed> "USER msfadmin\r\n", 4096, MSG_PEEK) = 15
21431 14:44:56.670330 read(0, "USER msfadmin\r\n", 15) = 15
21431 14:44:56.670370 write(0, "331 Any password will do.\r\n", 27) = 27
21431 14:44:56.670426 rt_sigaction(SIGALRM, {0x805cad0, ~[RTMIN RT_1], 0}, NULL, 8) = 0
21431 14:44:56.670444 alarm(300)        = 299
21431 14:44:56.670457 recv(0, "PASS msfadmin\r\n", 4096, MSG_PEEK) = 15
21431 14:44:56.670468 read(0, "PASS msfadmin\r\n", 15) = 15
21431 14:44:56.670484 write(0, "230 Already logged in.\r\n", 24) = 24
21431 14:44:56.670567 rt_sigaction(SIGALRM, {0x805cad0, ~[RTMIN RT_1], 0}, NULL, 8) = 0
21431 14:44:56.670583 alarm(300)        = 300
21431 14:44:56.670595 recv(0, "TYPE I\r\n", 4096, MSG_PEEK) = 8
21431 14:44:56.670606 read(0, "TYPE I\r\n", 8) = 8
21431 14:44:56.670621 write(0, "200 Switching to Binary mode.\r\n", 31) = 31
21431 14:44:56.670657 rt_sigaction(SIGALRM, {0x805cad0, ~[RTMIN RT_1], 0}, NULL, 8) = 0
21431 14:44:56.670671 alarm(300)        = 300
21431 14:44:56.670682 recv(0, "PASV\r\n", 4096, MSG_PEEK) = 6
21431 14:44:56.670693 read(0, "PASV\r\n", 6) = 6
21431 14:44:56.670705 write(5, "\n", 1) = 1
21431 14:44:56.670718 read(5,  <unfinished ...>
21429 14:44:56.670727 <... read resumed> "\n", 1) = 1
21429 14:44:56.670736 write(4, "\1", 1) = 1
21431 14:44:56.670746 <... read resumed> "\1", 1) = 1
21431 14:44:56.670753 write(5, "\f", 1) = 1
21431 14:44:56.670763 read(5,  <unfinished ...>
21429 14:44:56.670770 read(4, "\f", 1)  = 1
21429 14:44:56.670782 socket(PF_INET, SOCK_STREAM, IPPROTO_TCP) = 5
21429 14:44:56.670798 setsockopt(5, SOL_SOCKET, SO_REUSEADDR, [1], 4) = 0
21429 14:44:56.670812 bind(5, {sa_family=AF_INET, sin_port=htons(35019), sin_addr=inet_addr("127.0.0.1")}, 16) = 0
21429 14:44:56.670829 listen(5, 1)      = 0
21429 14:44:56.670842 write(4, "\313\210\0\0", 4) = 4
21431 14:44:56.670853 <... read resumed> "\313\210\0\0", 4) = 4
21431 14:44:56.670865 write(0, "227 Entering Passive Mode (127,0,0,1,136,203).\r\n", 48) = 48
21431 14:44:56.670985 rt_sigaction(SIGALRM, {0x805cad0, ~[RTMIN RT_1], 0}, NULL, 8) = 0
21431 14:44:56.671001 alarm(300)        = 300
21431 14:44:56.671020 recv(0, "RETR myfile1\r\n", 4096, MSG_PEEK) = 14
21431 14:44:56.671055 read(0, "RETR myfile1\r\n", 14) = 14
21431 14:44:56.671068 write(5, "\v", 1) = 1
21431 14:44:56.671089 read(5,  <unfinished ...>
21429 14:44:56.671096 read(4, "\v", 1)  = 1
21429 14:44:56.671107 write(4, "\1\0\0\0", 4) = 4
21431 14:44:56.671118 <... read resumed> "\1\0\0\0", 4) = 4
21431 14:44:56.671125 gettimeofday({1495651496, 671129}, NULL) = 0
21431 14:44:56.671136 getcwd("/home/msfadmin", 4096) = 15
21431 14:44:56.671149 open("myfile1", O_RDONLY|O_NONBLOCK|O_LARGEFILE) = 4
21431 14:44:56.671163 fcntl64(4, F_SETLKW64, {type=F_RDLCK, whence=SEEK_SET, start=0, len=0}, 0xbff951a4) = 0
21431 14:44:56.671178 fstat64(4, {st_mode=S_IFREG|0644, st_size=17, ...}) = 0
21431 14:44:56.671195 fcntl64(4, F_GETFL) = 0x8800 (flags O_RDONLY|O_NONBLOCK|O_LARGEFILE)
21431 14:44:56.671205 fcntl64(4, F_SETFL, O_RDONLY|O_LARGEFILE) = 0
21431 14:44:56.671217 write(5, "\v", 1) = 1
21431 14:44:56.671227 read(5,  <unfinished ...>
21429 14:44:56.671234 read(4, "\v", 1)  = 1
21429 14:44:56.671245 write(4, "\1\0\0\0", 4) = 4
21431 14:44:56.671256 <... read resumed> "\1\0\0\0", 4) = 4
21431 14:44:56.671263 write(5, "\v", 1) = 1
21431 14:44:56.671273 read(5,  <unfinished ...>
21429 14:44:56.671279 read(4, "\v", 1)  = 1
21429 14:44:56.671290 write(4, "\1\0\0\0", 4) = 4
21431 14:44:56.671300 <... read resumed> "\1\0\0\0", 4) = 4
21431 14:44:56.671307 write(5, "\r", 1) = 1
21431 14:44:56.671317 read(5,  <unfinished ...>
21429 14:44:56.671323 read(4, "\r", 1)  = 1
21429 14:44:56.671335 select(6, [5], NULL, NULL, {60, 0}) = 1 (in [5], left {60, 0})
