22127 14:52:17.265278 mmap2(NULL, 1624, PROT_READ, MAP_SHARED, 5, 0) = 0xb7f14000
22127 14:52:17.265289 _llseek(5, 1624, [1624], SEEK_SET) = 0
22127 14:52:17.265307 munmap(0xb7f14000, 1624) = 0
22127 14:52:17.265318 close(5)          = 0
22127 14:52:17.265341 open("/etc/shadow", O_RDONLY|0x80000 /* O_??? */) = 5
22127 14:52:17.265358 _llseek(5, 0, [0], SEEK_CUR) = 0
22127 14:52:17.265368 fstat64(5, {st_mode=S_IFREG|0640, st_size=1233, ...}) = 0
22127 14:52:17.265384 mmap2(NULL, 1233, PROT_READ, MAP_SHARED, 5, 0) = 0xb7f14000
22127 14:52:17.265395 _llseek(5, 1233, [1233], SEEK_SET) = 0
22127 14:52:17.265415 munmap(0xb7f14000, 1233) = 0
22127 14:52:17.265424 close(5)          = 0
22127 14:52:17.265443 open("/etc/passwd", O_RDONLY|0x80000 /* O_??? */) = 5
22127 14:52:17.265455 _llseek(5, 0, [0], SEEK_CUR) = 0
22127 14:52:17.265465 fstat64(5, {st_mode=S_IFREG|0644, st_size=1624, ...}) = 0
22127 14:52:17.265481 mmap2(NULL, 1624, PROT_READ, MAP_SHARED, 5, 0) = 0xb7f14000
22127 14:52:17.265491 _llseek(5, 1624, [1624], SEEK_SET) = 0
22127 14:52:17.265507 munmap(0xb7f14000, 1624) = 0
22127 14:52:17.265516 close(5)          = 0
22127 14:52:17.265528 open("/etc/shadow", O_RDONLY|0x80000 /* O_??? */) = 5
22127 14:52:17.265540 _llseek(5, 0, [0], SEEK_CUR) = 0
22127 14:52:17.265550 fstat64(5, {st_mode=S_IFREG|0640, st_size=1233, ...}) = 0
22127 14:52:17.265566 mmap2(NULL, 1233, PROT_READ, MAP_SHARED, 5, 0) = 0xb7f14000
22127 14:52:17.265576 _llseek(5, 1233, [1233], SEEK_SET) = 0
22127 14:52:17.265592 munmap(0xb7f14000, 1233) = 0
22127 14:52:17.265601 close(5)          = 0
22127 14:52:17.265860 getuid32()        = 0
22127 14:52:17.265873 open("/etc/passwd", O_RDONLY|0x80000 /* O_??? */) = 5
22127 14:52:17.265886 _llseek(5, 0, [0], SEEK_CUR) = 0
22127 14:52:17.265897 fstat64(5, {st_mode=S_IFREG|0644, st_size=1624, ...}) = 0
22127 14:52:17.265913 mmap2(NULL, 1624, PROT_READ, MAP_SHARED, 5, 0) = 0xb7f14000
22127 14:52:17.265923 _llseek(5, 1624, [1624], SEEK_SET) = 0
22127 14:52:17.265939 munmap(0xb7f14000, 1624) = 0
22127 14:52:17.265949 close(5)          = 0
22127 14:52:17.265961 open("/etc/shadow", O_RDONLY|0x80000 /* O_??? */) = 5
22127 14:52:17.265974 _llseek(5, 0, [0], SEEK_CUR) = 0
22127 14:52:17.265984 fstat64(5, {st_mode=S_IFREG|0640, st_size=1233, ...}) = 0
22127 14:52:17.266000 mmap2(NULL, 1233, PROT_READ, MAP_SHARED, 5, 0) = 0xb7f14000
22127 14:52:17.266010 _llseek(5, 1233, [1233], SEEK_SET) = 0
22127 14:52:17.266026 munmap(0xb7f14000, 1233) = 0
22127 14:52:17.266035 close(5)          = 0
22127 14:52:17.266047 time(NULL)        = 1495651937
22127 14:52:17.266062 munmap(0xb7f11000, 12164) = 0
22127 14:52:17.266075 munmap(0xb7f0f000, 7136) = 0
22127 14:52:17.266089 munmap(0xb7d44000, 95428) = 0
22127 14:52:17.266100 munmap(0xb7d0a000, 201052) = 0
22127 14:52:17.266111 munmap(0xb7cf1000, 101180) = 0
22127 14:52:17.266131 gettimeofday({1495651937, 266135}, NULL) = 0
22127 14:52:17.266142 stat64("/usr/share/zoneinfo/UTC+04:00", 0xbfabd424) = -1 ENOENT (No such file or directory)
22127 14:52:17.266157 open("/usr/share/zoneinfo/UTC+04:00", O_RDONLY) = -1 ENOENT (No such file or directory)
22127 14:52:17.266182 fcntl64(3, F_SETLKW64, {type=F_WRLCK, whence=SEEK_SET, start=0, len=0}, 0xbfabd574) = 0
22127 14:52:17.266197 write(3, "Wed May 24 14:52:17 2017 [pid 22127] [msfadmin] OK LOGIN: Client \"127.0.0.1\"\n", 77) = 77
22127 14:52:17.266214 fcntl64(3, F_SETLK64, {type=F_UNLCK, whence=SEEK_SET, start=0, len=0}, 0xbfabd57c) = 0
22127 14:52:17.266227 rt_sigaction(SIGCHLD, {0x805cad0, ~[RTMIN RT_1], 0}, NULL, 8) = 0
22127 14:52:17.266241 write(4, "\1", 1 <unfinished ...>
22128 14:52:17.266250 <... read resumed> "\1", 1) = 1
22127 14:52:17.266255 <... write resumed> ) = 1
22128 14:52:17.266263 exit_group(0)     = ?
22127 14:52:17.266290 --- SIGCHLD (Child exited) @ 0 (0) ---
22127 14:52:17.266298 sigreturn()       = ? (mask now [])
22127 14:52:17.266316 wait4(-1, [{WIFEXITED(s) && WEXITSTATUS(s) == 0}], 0, NULL) = 22128
22127 14:52:17.266317 close(4)          = 0
22127 14:52:17.266317 socketpair(PF_FILE, SOCK_STREAM, 0, [4, 5]) = 0
22127 14:52:17.266317 rt_sigaction(SIGCHLD, {0x805cad0, ~[RTMIN RT_1], 0}, NULL, 8) = 0
22127 14:52:17.266317 rt_sigaction(SIGALRM, {0x805cb10, ~[RTMIN RT_1], 0}, NULL, 8) = 0
22127 14:52:17.266317 clone(child_stack=0, flags=CLONE_CHILD_CLEARTID|CLONE_CHILD_SETTID|SIGCHLD, child_tidptr=0xb7d7a6f8) = 22129
22129 14:52:17.266318 prctl(0x1, 0x9, 0, 0, 0) = 0
22129 14:52:17.266318 close(4)          = 0
22129 14:52:17.266318 open("/etc/passwd", O_RDONLY|0x80000 /* O_??? */) = 4
22129 14:52:17.266318 _llseek(4, 0, [0], SEEK_CUR) = 0
22129 14:52:17.266319 fstat64(4, {st_mode=S_IFREG|0644, st_size=1624, ...}) = 0
22129 14:52:17.266319 mmap2(NULL, 1624, PROT_READ, MAP_SHARED, 4, 0) = 0xb7f14000
22129 14:52:17.266319 _llseek(4, 1624, [1624], SEEK_SET) = 0
22129 14:52:17.266319 munmap(0xb7f14000, 1624) = 0
22129 14:52:17.266320 close(4)          = 0
22129 14:52:17.266320 getuid32()        = 0
22129 14:52:17.266328 open("/etc/passwd", O_RDONLY|0x80000 /* O_??? */) = 4
22129 14:52:17.266341 _llseek(4, 0, [0], SEEK_CUR) = 0
22129 14:52:17.266377 fstat64(4, {st_mode=S_IFREG|0644, st_size=1624, ...}) = 0
22129 14:52:17.266403 mmap2(NULL, 1624, PROT_READ, MAP_SHARED, 4, 0) = 0xb7f14000
22129 14:52:17.266414 _llseek(4, 1624, [1624], SEEK_SET) = 0
22129 14:52:17.266430 munmap(0xb7f14000, 1624) = 0
22129 14:52:17.266440 close(4)          = 0
22129 14:52:17.266465 open("/proc/sys/kernel/ngroups_max", O_RDONLY) = 4
22129 14:52:17.266486 read(4, "65536\n", 31) = 6
22129 14:52:17.266498 close(4)          = 0
22129 14:52:17.266511 socket(PF_FILE, SOCK_STREAM, 0) = 4
22129 14:52:17.266523 fcntl64(4, F_SETFL, O_RDWR|O_NONBLOCK) = 0
22129 14:52:17.266534 connect(4, {sa_family=AF_FILE, path="/var/run/nscd/socket"}, 110) = -1 ENOENT (No such file or directory)
22129 14:52:17.266554 close(4)          = 0
22129 14:52:17.266565 socket(PF_FILE, SOCK_STREAM, 0) = 4
22129 14:52:17.266575 fcntl64(4, F_SETFL, O_RDWR|O_NONBLOCK) = 0
22129 14:52:17.266585 connect(4, {sa_family=AF_FILE, path="/var/run/nscd/socket"}, 110) = -1 ENOENT (No such file or directory)
22129 14:52:17.266603 close(4)          = 0
22129 14:52:17.266627 open("/etc/group", O_RDONLY|0x80000 /* O_??? */) = 4
22129 14:52:17.266643 _llseek(4, 0, [0], SEEK_CUR) = 0
22129 14:52:17.266654 fstat64(4, {st_mode=S_IFREG|0644, st_size=886, ...}) = 0
22129 14:52:17.266671 mmap2(NULL, 886, PROT_READ, MAP_SHARED, 4, 0) = 0xb7f14000
22129 14:52:17.266681 _llseek(4, 886, [886], SEEK_SET) = 0
22129 14:52:17.266706 fstat64(4, {st_mode=S_IFREG|0644, st_size=886, ...}) = 0
22129 14:52:17.266722 munmap(0xb7f14000, 886) = 0
22129 14:52:17.266732 close(4)          = 0
22129 14:52:17.266742 setgroups32(13, [1000, 4, 20, 24, 25, 29, 30, 44, 46, 107, 111, 112, 119]) = 0
22129 14:52:17.266757 geteuid32()       = 0
22129 14:52:17.266768 getegid32()       = 0
22129 14:52:17.266782 setregid32(-1, 1000) = 0
22129 14:52:17.266793 setreuid32(-1, 1000) = 0
22129 14:52:17.266803 chdir("/home/msfadmin") = 0
22129 14:52:17.266815 setreuid32(-1, 0) = 0
22129 14:52:17.266824 setregid32(-1, 0) = 0
22129 14:52:17.266834 setgid32(1000)    = 0
22129 14:52:17.266844 setuid32(1000)    = 0
22129 14:52:17.266854 setrlimit(RLIMIT_NPROC, {rlim_cur=0, rlim_max=0}) = 0
22129 14:52:17.266867 mmap2(NULL, 12288, PROT_READ|PROT_WRITE, MAP_PRIVATE|MAP_ANONYMOUS, -1, 0) = 0xb7f12000
22129 14:52:17.266878 mprotect(0xb7f14000, 4096, PROT_NONE) = 0
22129 14:52:17.266890 mprotect(0xb7f12000, 4096, PROT_NONE) = 0
22129 14:52:17.266901 getcwd("/home/msfadmin", 4096) = 15
22129 14:52:17.266914 umask(022)        = 077
22129 14:52:17.266924 getcwd("/home/msfadmin", 4096) = 15
22129 14:52:17.266937 open(".message", O_RDONLY|O_NONBLOCK|O_LARGEFILE) = -1 ENOENT (No such file or directory)
22129 14:52:17.266959 write(0, "230 Login successful.\r\n", 23) = 23
22129 14:52:17.267038 rt_sigaction(SIGALRM, {0x805cad0, ~[RTMIN RT_1], 0}, NULL, 8) = 0
22129 14:52:17.267055 alarm(300)        = 0
22129 14:52:17.267066 mmap2(NULL, 12288, PROT_READ|PROT_WRITE, MAP_PRIVATE|MAP_ANONYMOUS, -1, 0) = 0xb7f0f000
22129 14:52:17.267077 mprotect(0xb7f11000, 4096, PROT_NONE) = 0
22129 14:52:17.267088 mprotect(0xb7f0f000, 4096, PROT_NONE) = 0
22129 14:52:17.267101 recv(0, "TYPE I\r\n", 4096, MSG_PEEK) = 8
22129 14:52:17.267114 read(0, "TYPE I\r\n", 8) = 8
22129 14:52:17.267130 write(0, "200 Switching to Binary mode.\r\n", 31) = 31
22129 14:52:17.267170 rt_sigaction(SIGALRM, {0x805cad0, ~[RTMIN RT_1], 0}, NULL, 8) = 0
22129 14:52:17.267184 alarm(300)        = 300
22129 14:52:17.267195 recv(0, "PASV\r\n", 4096, MSG_PEEK) = 6
22129 14:52:17.267206 read(0, "PASV\r\n", 6) = 6
22129 14:52:17.267218 write(5, "\n", 1) = 1
22129 14:52:17.267229 read(5,  <unfinished ...>
22127 14:52:17.267241 close(5)          = 0
22127 14:52:17.267254 getuid32()        = 0
22127 14:52:17.267268 open("/etc/passwd", O_RDONLY|0x80000 /* O_??? */) = 5
22127 14:52:17.267283 _llseek(5, 0, [0], SEEK_CUR) = 0
22127 14:52:17.267295 fstat64(5, {st_mode=S_IFREG|0644, st_size=1624, ...}) = 0
22127 14:52:17.267312 mmap2(NULL, 1624, PROT_READ, MAP_SHARED, 5, 0) = 0xb7f14000
22127 14:52:17.267336 _llseek(5, 1624, [1624], SEEK_SET) = 0
22127 14:52:17.267355 munmap(0xb7f14000, 1624) = 0
22127 14:52:17.267379 close(5)          = 0
22127 14:52:17.267395 setgroups32(0, []) = 0
22127 14:52:17.267406 chdir("/usr/share/empty") = 0
22127 14:52:17.267418 chroot(".")       = 0
22127 14:52:17.267428 capset(NULL, NULL) = -1 EFAULT (Bad address)
22127 14:52:17.267442 prctl(0x8, 0, 0xbfabd558, 0x80549a6, 0xbfabd540) = 0
22127 14:52:17.267453 prctl(0x8, 0x1, 0xbfabd558, 0x8054a49, 0xbfabd540) = 0
22127 14:52:17.267462 setgid32(65534)   = 0
22127 14:52:17.267472 setuid32(65534)   = 0
22127 14:52:17.267481 capset(0x19980330, 0, {CAP_NET_BIND_SERVICE, CAP_NET_BIND_SERVICE, 0}) = 0
22127 14:52:17.267494 read(4, "\n", 1)  = 1
22127 14:52:17.267507 write(4, "\1", 1) = 1
22129 14:52:17.267518 <... read resumed> "\1", 1) = 1
22129 14:52:17.267526 write(5, "\f", 1) = 1
22129 14:52:17.267536 read(5,  <unfinished ...>
22127 14:52:17.267542 read(4, "\f", 1)  = 1
22127 14:52:17.267555 socket(PF_INET, SOCK_STREAM, IPPROTO_TCP) = 5
22127 14:52:17.267568 setsockopt(5, SOL_SOCKET, SO_REUSEADDR, [1], 4) = 0
22127 14:52:17.267579 gettimeofday({1495651937, 267582}, NULL) = 0
22127 14:52:17.267595 bind(5, {sa_family=AF_INET, sin_port=htons(21119), sin_addr=inet_addr("127.0.0.1")}, 16) = 0
22127 14:52:17.267610 listen(5, 1)      = 0
22127 14:52:17.267624 write(4, "\177R\0\0", 4) = 4
22129 14:52:17.267635 <... read resumed> "\177R\0\0", 4) = 4
22129 14:52:17.267648 write(0, "227 Entering Passive Mode (127,0,0,1,82,127).\r\n", 47) = 47
22129 14:52:17.267746 rt_sigaction(SIGALRM, {0x805cad0, ~[RTMIN RT_1], 0}, NULL, 8) = 0
22129 14:52:17.267763 alarm(300)        = 300
22129 14:52:17.267774 recv(0, "STOR myfile36\r\n", 4096, MSG_PEEK) = 15
22129 14:52:17.267786 read(0, "STOR myfile36\r\n", 15) = 15
22129 14:52:17.267801 write(5, "\v", 1) = 1
22129 14:52:17.267815 read(5,  <unfinished ...>
22127 14:52:17.267823 read(4, "\v", 1)  = 1
22127 14:52:17.267834 write(4, "\1\0\0\0", 4) = 4
22129 14:52:17.267844 <... read resumed> "\1\0\0\0", 4) = 4
22129 14:52:17.267852 gettimeofday({1495651937, 267856}, NULL) = 0
22129 14:52:17.267863 getcwd("/home/msfadmin", 4096) = 15
22129 14:52:17.267875 open("myfile36", O_WRONLY|O_CREAT|O_NONBLOCK|O_LARGEFILE, 0666) = 4
22129 14:52:17.267889 fstat64(4, {st_mode=S_IFREG|0644, st_size=17, ...}) = 0
22129 14:52:17.267905 fcntl64(4, F_GETFL) = 0x8801 (flags O_WRONLY|O_NONBLOCK|O_LARGEFILE)
22129 14:52:17.267916 fcntl64(4, F_SETFL, O_WRONLY|O_LARGEFILE) = 0
22129 14:52:17.267926 fcntl64(4, F_SETLKW64, {type=F_WRLCK, whence=SEEK_SET, start=0, len=0}, 0xbfabd4a4) = 0
22129 14:52:17.267940 ftruncate64(4, 0) = 0
22129 14:52:17.267958 _llseek(4, 0, [0], SEEK_SET) = 0
22129 14:52:17.267969 write(5, "\v", 1) = 1
22129 14:52:17.267979 read(5,  <unfinished ...>
22127 14:52:17.267986 read(4, "\v", 1)  = 1
22127 14:52:17.267997 write(4, "\1\0\0\0", 4) = 4
22129 14:52:17.268007 <... read resumed> "\1\0\0\0", 4) = 4
22129 14:52:17.268015 write(5, "\v", 1) = 1
22129 14:52:17.268024 read(5,  <unfinished ...>
22127 14:52:17.268031 read(4, "\v", 1)  = 1
22127 14:52:17.268041 write(4, "\1\0\0\0", 4) = 4
22129 14:52:17.268051 <... read resumed> "\1\0\0\0", 4) = 4
22129 14:52:17.268058 write(5, "\r", 1) = 1
22129 14:52:17.268068 read(5,  <unfinished ...>
22127 14:52:17.268074 read(4, "\r", 1)  = 1
22127 14:52:17.268087 select(6, [5], NULL, NULL, {60, 0}) = 1 (in [5], left {60, 0})
22127 14:52:17.268103 accept(5, {sa_family=AF_INET, sin_port=htons(47667), sin_addr=inet_addr("127.0.0.1")}, [16]) = 6
22127 14:52:17.268124 write(4, "\1", 1) = 1
22129 14:52:17.268135 <... read resumed> "\1", 1) = 1
22129 14:52:17.268144 recvmsg(5,  <unfinished ...>
22127 14:52:17.268154 sendmsg(4, {msg_name(0)=NULL, msg_iov(1)=[{"\0", 1}], msg_controllen=16, {cmsg_len=16, cmsg_level=SOL_SOCKET, cmsg_type=SCM_RIGHTS, {6}}, msg_flags=0}, 0) = 1
22129 14:52:17.268170 <... recvmsg resumed> {msg_name(0)=NULL, msg_iov(1)=[{"\0", 1}], msg_controllen=16, {cmsg_len=16, cmsg_level=SOL_SOCKET, cmsg_type=SCM_RIGHTS, {6}}, msg_flags=0}, 0) = 1
22129 14:52:17.268183 setsockopt(6, SOL_SOCKET, SO_KEEPALIVE, [1], 4) = 0
22129 14:52:17.268195 setsockopt(6, SOL_IP, IP_TOS, [8], 4) = 0
22129 14:52:17.268207 setsockopt(6, SOL_SOCKET, SO_LINGER, {onoff=1, linger=32767}, 8) = 0
22129 14:52:17.268217 rt_sigaction(SIGALRM, {0x805cad0, ~[RTMIN RT_1], 0}, NULL, 8) = 0
22129 14:52:17.268230 alarm(300)        = 300
22129 14:52:17.268243 write(0, "150 Ok to send data.\r\n", 22) = 22
22129 14:52:17.268336 mmap2(NULL, 77824, PROT_READ|PROT_WRITE, MAP_PRIVATE|MAP_ANONYMOUS, -1, 0) = 0xb7d49000
22129 14:52:17.268350 mprotect(0xb7d5b000, 4096, PROT_NONE) = 0
22129 14:52:17.268362 mprotect(0xb7d49000, 4096, PROT_NONE) = 0
22129 14:52:17.268372 read(6, "assasaaa\na\na\na\na\n", 65536) = 17
22129 14:52:17.268385 write(4, "assasaaa\na\na\na\na\n", 17) = 17
22129 14:52:17.268401 read(6, "", 65536) = 0
22129 14:52:17.268411 rt_sigaction(SIGALRM, {0x805cad0, ~[RTMIN RT_1], 0}, NULL, 8) = 0
22129 14:52:17.268425 alarm(300)        = 300
22129 14:52:17.268434 close(6)          = 0
22129 14:52:17.268443 alarm(0)          = 300
22129 14:52:17.268452 gettimeofday({1495651937, 268456}, NULL) = 0
22129 14:52:17.268470 getpid()          = 22129
22129 14:52:17.268481 gettimeofday({1495651937, 268485}, NULL) = 0
22129 14:52:17.268499 fcntl64(3, F_SETLKW64, {type=F_WRLCK, whence=SEEK_SET, start=0, len=0}, 0xbfabd444) = 0
22129 14:52:17.268513 write(3, "Wed May 24 14:52:17 2017 [pid 22129] [msfadmin] OK UPLOAD: Client \"127.0.0.1\", \"/home/msfadmin/myfile36\", 17 bytes, 26.39Kbyte/sec\n", 131) = 131
22129 14:52:17.268533 fcntl64(3, F_SETLK64, {type=F_UNLCK, whence=SEEK_SET, start=0, len=0}, 0xbfabd44c) = 0
22129 14:52:17.268547 write(0, "226 Transfer complete.\r\n", 24) = 24
22129 14:52:17.268586 write(5, "\n", 1) = 1
22129 14:52:17.268598 read(5,  <unfinished ...>
22127 14:52:17.268605 close(6)          = 0
22127 14:52:17.268627 read(4, "\n", 1)  = 1
22127 14:52:17.268639 close(5)          = 0
22127 14:52:17.268649 write(4, "\1", 1) = 1
22129 14:52:17.268660 <... read resumed> "\1", 1) = 1
22129 14:52:17.268666 close(4)          = 0
22129 14:52:17.268677 rt_sigaction(SIGALRM, {0x805cad0, ~[RTMIN RT_1], 0}, NULL, 8) = 0
22129 14:52:17.268690 alarm(300)        = 0
22129 14:52:17.268701 recv(0,  <unfinished ...>
22127 14:52:17.268708 read(4,  <unfinished ...>
22126 14:52:17.696044 <... recv resumed> "USER msfadmin\r\n", 4096, MSG_PEEK) = 15
22126 14:52:17.696084 read(0, "USER msfadmin\r\n", 15) = 15
22126 14:52:17.696109 write(0, "331 Any password will do.\r\n", 27) = 27
22126 14:52:17.696154 rt_sigaction(SIGALRM, {0x805cad0, ~[RTMIN RT_1], 0}, NULL, 8) = 0
22126 14:52:17.696171 alarm(300)        = 299
22126 14:52:17.696218 recv(0, "PASS msfadmin\r\n", 4096, MSG_PEEK) = 15
22126 14:52:17.696242 read(0, "PASS msfadmin\r\n", 15) = 15
22126 14:52:17.696258 write(0, "230 Already logged in.\r\n", 24) = 24
22126 14:52:17.696323 rt_sigaction(SIGALRM, {0x805cad0, ~[RTMIN RT_1], 0}, NULL, 8) = 0
22126 14:52:17.696339 alarm(300)        = 300
22126 14:52:17.696350 recv(0, "TYPE I\r\n", 4096, MSG_PEEK) = 8
22126 14:52:17.696361 read(0, "TYPE I\r\n", 8) = 8
22126 14:52:17.696375 write(0, "200 Switching to Binary mode.\r\n", 31) = 31
22126 14:52:17.696411 rt_sigaction(SIGALRM, {0x805cad0, ~[RTMIN RT_1], 0}, NULL, 8) = 0
22126 14:52:17.696426 alarm(300)        = 300
22126 14:52:17.696436 recv(0, "PASV\r\n", 4096, MSG_PEEK) = 6
22126 14:52:17.696447 read(0, "PASV\r\n", 6) = 6
22126 14:52:17.696459 write(5, "\n", 1 <unfinished ...>
22124 14:52:17.696470 <... read resumed> "\n", 1) = 1
22126 14:52:17.696475 <... write resumed> ) = 1
22124 14:52:17.696483 write(4, "\1", 1) = 1
22124 14:52:17.696494 read(4,  <unfinished ...>
22126 14:52:17.696501 read(5, "\1", 1)  = 1
22126 14:52:17.696512 write(5, "\f", 1 <unfinished ...>
22124 14:52:17.696519 <... read resumed> "\f", 1) = 1
22126 14:52:17.696524 <... write resumed> ) = 1
22124 14:52:17.696531 socket(PF_INET, SOCK_STREAM, IPPROTO_TCP) = 5
22124 14:52:17.696546 setsockopt(5, SOL_SOCKET, SO_REUSEADDR, [1], 4) = 0
22124 14:52:17.696560 bind(5, {sa_family=AF_INET, sin_port=htons(28834), sin_addr=inet_addr("127.0.0.1")}, 16) = 0
22124 14:52:17.696577 listen(5, 1)      = 0
22124 14:52:17.696591 write(4, "\242p\0\0", 4) = 4
22124 14:52:17.696602 read(4,  <unfinished ...>
22126 14:52:17.696608 read(5, "\242p\0\0", 4) = 4
22126 14:52:17.696624 write(0, "227 Entering Passive Mode (127,0,0,1,112,162).\r\n", 48) = 48
22126 14:52:17.696733 rt_sigaction(SIGALRM, {0x805cad0, ~[RTMIN RT_1], 0}, NULL, 8) = 0
22126 14:52:17.696750 alarm(300)        = 300
22126 14:52:17.696761 recv(0, "RETR myfile1\r\n", 4096, MSG_PEEK) = 14
22126 14:52:17.696773 read(0, "RETR myfile1\r\n", 14) = 14
22126 14:52:17.696786 write(5, "\v", 1 <unfinished ...>
22124 14:52:17.696794 <... read resumed> "\v", 1) = 1
22126 14:52:17.696799 <... write resumed> ) = 1
22124 14:52:17.696805 write(4, "\1\0\0\0", 4) = 4
22124 14:52:17.696816 read(4,  <unfinished ...>
22126 14:52:17.696822 read(5, "\1\0\0\0", 4) = 4
22126 14:52:17.696834 gettimeofday({1495651937, 696838}, NULL) = 0
22126 14:52:17.696845 getcwd("/home/msfadmin", 4096) = 15
22126 14:52:17.696857 open("myfile1", O_RDONLY|O_NONBLOCK|O_LARGEFILE) = 4
22126 14:52:17.696875 fcntl64(4, F_SETLKW64, {type=F_RDLCK, whence=SEEK_SET, start=0, len=0}, 0xbfd37f44) = 0
22126 14:52:17.696890 fstat64(4, {st_mode=S_IFREG|0644, st_size=17, ...}) = 0
22126 14:52:17.696907 fcntl64(4, F_GETFL) = 0x8800 (flags O_RDONLY|O_NONBLOCK|O_LARGEFILE)
22126 14:52:17.696918 fcntl64(4, F_SETFL, O_RDONLY|O_LARGEFILE) = 0
22126 14:52:17.696929 write(5, "\v", 1 <unfinished ...>
22124 14:52:17.696937 <... read resumed> "\v", 1) = 1
22126 14:52:17.696941 <... write resumed> ) = 1
22124 14:52:17.696948 write(4, "\1\0\0\0", 4) = 4
22124 14:52:17.696958 read(4,  <unfinished ...>
22126 14:52:17.696965 read(5, "\1\0\0\0", 4) = 4
22126 14:52:17.696976 write(5, "\v", 1 <unfinished ...>
22124 14:52:17.696983 <... read resumed> "\v", 1) = 1
22126 14:52:17.696994 <... write resumed> ) = 1
22124 14:52:17.697000 write(4, "\1\0\0\0", 4) = 4
22124 14:52:17.697011 read(4,  <unfinished ...>
22126 14:52:17.697017 read(5, "\1\0\0\0", 4) = 4
22126 14:52:17.697028 write(5, "\r", 1 <unfinished ...>
22124 14:52:17.697035 <... read resumed> "\r", 1) = 1
22126 14:52:17.697040 <... write resumed> ) = 1
22124 14:52:17.697047 select(6, [5], NULL, NULL, {60, 0}) = 1 (in [5], left {60, 0})
22124 14:52:17.697063 accept(5, {sa_family=AF_INET, sin_port=htons(46217), sin_addr=inet_addr("127.0.0.1")}, [16]) = 6
22124 14:52:17.697085 write(4, "\1", 1) = 1
22124 14:52:17.697096 sendmsg(4, {msg_name(0)=NULL, msg_iov(1)=[{"\0", 1}], msg_controllen=16, {cmsg_len=16, cmsg_level=SOL_SOCKET, cmsg_type=SCM_RIGHTS, {6}}, msg_flags=0}, 0) = 1
22124 14:52:17.697113 close(6)          = 0
22124 14:52:17.697122 read(4,  <unfinished ...>
22126 14:52:17.697129 read(5, "\1", 1)  = 1
22126 14:52:17.697141 recvmsg(5, {msg_name(0)=NULL, msg_iov(1)=[{"\0", 1}], msg_controllen=16, {cmsg_len=16, cmsg_level=SOL_SOCKET, cmsg_type=SCM_RIGHTS, {6}}, msg_flags=0}, 0) = 1
22126 14:52:17.697177 setsockopt(6, SOL_SOCKET, SO_KEEPALIVE, [1], 4) = 0
22126 14:52:17.697191 setsockopt(6, SOL_IP, IP_TOS, [8], 4) = 0
22126 14:52:17.697215 setsockopt(6, SOL_SOCKET, SO_LINGER, {onoff=1, linger=32767}, 8) = 0
22126 14:52:17.697226 rt_sigaction(SIGALRM, {0x805cad0, ~[RTMIN RT_1], 0}, NULL, 8) = 0
22126 14:52:17.697239 alarm(300)        = 300
22126 14:52:17.697252 write(0, "150 Opening BINARY mode data connection for myfile1 (17 bytes).\r\n", 65) = 65
22126 14:52:17.697294 _llseek(4, 0, [0], SEEK_CUR) = 0
22126 14:52:17.697306 fstat64(4, {st_mode=S_IFREG|0644, st_size=17, ...}) = 0
22126 14:52:17.697323 _llseek(4, 0, [0], SEEK_SET) = 0
22126 14:52:17.697333 sendfile(6, 4, NULL, 17) = 17
22126 14:52:17.697362 rt_sigaction(SIGALRM, {0x805cad0, ~[RTMIN RT_1], 0}, NULL, 8) = 0
22126 14:52:17.697376 alarm(300)        = 300
22126 14:52:17.697386 close(6)          = 0
22126 14:52:17.697422 alarm(0)          = 300
22126 14:52:17.697432 gettimeofday({1495651937, 697436}, NULL) = 0
22126 14:52:17.697448 gettimeofday({1495651937, 697452}, NULL) = 0
22126 14:52:17.697462 fcntl64(3, F_SETLKW64, {type=F_WRLCK, whence=SEEK_SET, start=0, len=0}, 0xbfd37ee4) = 0
22126 14:52:17.697477 write(3, "Wed May 24 14:52:17 2017 [pid 22126] [msfadmin] OK DOWNLOAD: Client \"127.0.0.1\", \"/home/msfadmin/myfile1\", 17 bytes, 27.04Kbyte/sec\n", 132) = 132
22126 14:52:17.697498 fcntl64(3, F_SETLK64, {type=F_UNLCK, whence=SEEK_SET, start=0, len=0}, 0xbfd37eec) = 0
22126 14:52:17.697512 write(0, "226 Transfer complete.\r\n", 24) = 24
22126 14:52:17.697575 write(5, "\n", 1 <unfinished ...>
22124 14:52:17.697586 <... read resumed> "\n", 1) = 1
22126 14:52:17.697591 <... write resumed> ) = 1
22124 14:52:17.697597 close(5)          = 0
22124 14:52:17.697608 write(4, "\1", 1) = 1
22124 14:52:17.697619 read(4,  <unfinished ...>
22126 14:52:17.697626 read(5, "\1", 1)  = 1
22126 14:52:17.697637 close(4)          = 0
22126 14:52:17.697648 rt_sigaction(SIGALRM, {0x805cad0, ~[RTMIN RT_1], 0}, NULL, 8) = 0
22126 14:52:17.697661 alarm(300)        = 0
22126 14:52:17.697672 recv(0,  <unfinished ...>
22129 14:52:17.817330 <... recv resumed> "TYPE I\r\n", 4096, MSG_PEEK) = 8
22129 14:52:17.817411 read(0, "TYPE I\r\n", 8) = 8
22129 14:52:17.817481 write(0, "200 Switching to Binary mode.\r\n", 31) = 31
22129 14:52:17.817560 rt_sigaction(SIGALRM, {0x805cad0, ~[RTMIN RT_1], 0}, NULL, 8) = 0
22129 14:52:17.817590 alarm(300)        = 299
22129 14:52:17.817612 recv(0, "PASV\r\n", 4096, MSG_PEEK) = 6
22129 14:52:17.817624 read(0, "PASV\r\n", 6) = 6
22129 14:52:17.817636 write(5, "\n", 1) = 1
22129 14:52:17.817649 read(5,  <unfinished ...>
22127 14:52:17.817657 <... read resumed> "\n", 1) = 1
22127 14:52:17.817666 write(4, "\1", 1) = 1
22129 14:52:17.817677 <... read resumed> "\1", 1) = 1
22129 14:52:17.817684 write(5, "\f", 1) = 1
22129 14:52:17.817694 read(5,  <unfinished ...>
22127 14:52:17.817700 read(4, "\f", 1)  = 1
22127 14:52:17.817712 socket(PF_INET, SOCK_STREAM, IPPROTO_TCP) = 5
22127 14:52:17.817736 setsockopt(5, SOL_SOCKET, SO_REUSEADDR, [1], 4) = 0
22127 14:52:17.817750 bind(5, {sa_family=AF_INET, sin_port=htons(8772), sin_addr=inet_addr("127.0.0.1")}, 16) = 0
22127 14:52:17.817767 listen(5, 1)      = 0
22127 14:52:17.817780 write(4, "D\"\0\0", 4) = 4
22129 14:52:17.817791 <... read resumed> "D\"\0\0", 4) = 4
22129 14:52:17.817803 write(0, "227 Entering Passive Mode (127,0,0,1,34,68).\r\n", 46) = 46
22129 14:52:17.817914 rt_sigaction(SIGALRM, {0x805cad0, ~[RTMIN RT_1], 0}, NULL, 8) = 0
22129 14:52:17.817931 alarm(300)        = 300
22129 14:52:17.817943 recv(0, "STOR myfile37\r\n", 4096, MSG_PEEK) = 15
22129 14:52:17.817955 read(0, "STOR myfile37\r\n", 15) = 15
22129 14:52:17.817968 write(5, "\v", 1) = 1
22129 14:52:17.817978 read(5,  <unfinished ...>
22127 14:52:17.817985 read(4, "\v", 1)  = 1
22127 14:52:17.817996 write(4, "\1\0\0\0", 4) = 4
22129 14:52:17.818007 <... read resumed> "\1\0\0\0", 4) = 4
22129 14:52:17.818015 gettimeofday({1495651937, 818018}, NULL) = 0
22129 14:52:17.818026 getcwd("/home/msfadmin", 4096) = 15
22129 14:52:17.818038 open("myfile37", O_WRONLY|O_CREAT|O_NONBLOCK|O_LARGEFILE, 0666) = 4
22129 14:52:17.818052 fstat64(4, {st_mode=S_IFREG|0644, st_size=17, ...}) = 0
22129 14:52:17.818069 fcntl64(4, F_GETFL) = 0x8801 (flags O_WRONLY|O_NONBLOCK|O_LARGEFILE)
22129 14:52:17.818081 fcntl64(4, F_SETFL, O_WRONLY|O_LARGEFILE) = 0
22129 14:52:17.818091 fcntl64(4, F_SETLKW64, {type=F_WRLCK, whence=SEEK_SET, start=0, len=0}, 0xbfabd4a4) = 0
22129 14:52:17.818105 ftruncate64(4, 0) = 0
22129 14:52:17.818155 _llseek(4, 0, [0], SEEK_SET) = 0
22129 14:52:17.818178 write(5, "\v", 1) = 1
22129 14:52:17.818188 read(5,  <unfinished ...>
22127 14:52:17.818196 read(4, "\v", 1)  = 1
22127 14:52:17.818207 write(4, "\1\0\0\0", 4) = 4
22129 14:52:17.818217 <... read resumed> "\1\0\0\0", 4) = 4
22129 14:52:17.818224 write(5, "\v", 1) = 1
22129 14:52:17.818234 read(5,  <unfinished ...>
22127 14:52:17.818241 read(4, "\v", 1)  = 1
22127 14:52:17.818251 write(4, "\1\0\0\0", 4) = 4
22129 14:52:17.818261 <... read resumed> "\1\0\0\0", 4) = 4
22129 14:52:17.818269 write(5, "\r", 1) = 1
22129 14:52:17.818278 read(5,  <unfinished ...>
22127 14:52:17.818285 read(4, "\r", 1)  = 1
22127 14:52:17.818296 select(6, [5], NULL, NULL, {60, 0}) = 1 (in [5], left {60, 0})
22127 14:52:17.818313 accept(5, {sa_family=AF_INET, sin_port=htons(55150), sin_addr=inet_addr("127.0.0.1")}, [16]) = 6
22127 14:52:17.818335 write(4, "\1", 1) = 1
22129 14:52:17.818345 <... read resumed> "\1", 1) = 1
22129 14:52:17.818354 recvmsg(5,  <unfinished ...>
22127 14:52:17.818362 sendmsg(4, {msg_name(0)=NULL, msg_iov(1)=[{"\0", 1}], msg_controllen=16, {cmsg_len=16, cmsg_level=SOL_SOCKET, cmsg_type=SCM_RIGHTS, {6}}, msg_flags=0}, 0) = 1
22129 14:52:17.818379 <... recvmsg resumed> {msg_name(0)=NULL, msg_iov(1)=[{"\0", 1}], msg_controllen=16, {cmsg_len=16, cmsg_level=SOL_SOCKET, cmsg_type=SCM_RIGHTS, {6}}, msg_flags=0}, 0) = 1
22129 14:52:17.818392 setsockopt(6, SOL_SOCKET, SO_KEEPALIVE, [1], 4) = 0
22129 14:52:17.818404 setsockopt(6, SOL_IP, IP_TOS, [8], 4) = 0
22129 14:52:17.818416 setsockopt(6, SOL_SOCKET, SO_LINGER, {onoff=1, linger=32767}, 8) = 0
22129 14:52:17.818427 rt_sigaction(SIGALRM, {0x805cad0, ~[RTMIN RT_1], 0}, NULL, 8) = 0
22129 14:52:17.818440 alarm(300)        = 300
22129 14:52:17.818453 write(0, "150 Ok to send data.\r\n", 22) = 22
22129 14:52:17.818518 read(6, "assasaaa\na\na\na\na\n", 65536) = 17
22129 14:52:17.818532 write(4, "assasaaa\na\na\na\na\n", 17) = 17
22129 14:52:17.818548 read(6, "", 65536) = 0
22129 14:52:17.818558 rt_sigaction(SIGALRM, {0x805cad0, ~[RTMIN RT_1], 0}, NULL, 8) = 0
22129 14:52:17.818572 alarm(300)        = 300
22129 14:52:17.818581 close(6)          = 0
22129 14:52:17.818590 alarm(0)          = 300
22129 14:52:17.818600 gettimeofday({1495651937, 818603}, NULL) = 0
22129 14:52:17.818615 gettimeofday({1495651937, 818619}, NULL) = 0
22129 14:52:17.818629 fcntl64(3, F_SETLKW64, {type=F_WRLCK, whence=SEEK_SET, start=0, len=0}, 0xbfabd444) = 0
22129 14:52:17.818643 write(3, "Wed May 24 14:52:17 2017 [pid 22129] [msfadmin] OK UPLOAD: Client \"127.0.0.1\", \"/home/msfadmin/myfile37\", 17 bytes, 27.62Kbyte/sec\n", 131) = 131
22129 14:52:17.818668 fcntl64(3, F_SETLK64, {type=F_UNLCK, whence=SEEK_SET, start=0, len=0}, 0xbfabd44c) = 0
22129 14:52:17.818682 write(0, "226 Transfer complete.\r\n", 24) = 24
22129 14:52:17.818725 write(5, "\n", 1) = 1
22129 14:52:17.818736 read(5,  <unfinished ...>
22127 14:52:17.818743 close(6)          = 0
22127 14:52:17.818762 read(4, "\n", 1)  = 1
22127 14:52:17.818773 close(5)          = 0
22127 14:52:17.818784 write(4, "\1", 1) = 1
22129 14:52:17.818794 <... read resumed> "\1", 1) = 1
22129 14:52:17.818801 close(4)          = 0
22129 14:52:17.818812 rt_sigaction(SIGALRM, {0x805cad0, ~[RTMIN RT_1], 0}, NULL, 8) = 0
22129 14:52:17.818825 alarm(300)        = 0
22129 14:52:17.818835 recv(0,  <unfinished ...>
22127 14:52:17.818843 read(4,  <unfinished ...>
22126 14:52:18.206155 <... recv resumed> "USER msfadmin\r\n", 4096, MSG_PEEK) = 15
22126 14:52:18.206196 read(0, "USER msfadmin\r\n", 15) = 15
22126 14:52:18.206222 write(0, "331 Any password will do.\r\n", 27) = 27
22126 14:52:18.206268 rt_sigaction(SIGALRM, {0x805cad0, ~[RTMIN RT_1], 0}, NULL, 8) = 0
22126 14:52:18.206286 alarm(300)        = 299
22126 14:52:18.206299 recv(0, "PASS msfadmin\r\n", 4096, MSG_PEEK) = 15
22126 14:52:18.206310 read(0, "PASS msfadmin\r\n", 15) = 15
22126 14:52:18.206326 write(0, "230 Already logged in.\r\n", 24) = 24
22126 14:52:18.206388 rt_sigaction(SIGALRM, {0x805cad0, ~[RTMIN RT_1], 0}, NULL, 8) = 0
22126 14:52:18.206403 alarm(300)        = 300
22126 14:52:18.206414 recv(0, "TYPE I\r\n", 4096, MSG_PEEK) = 8
22126 14:52:18.206425 read(0, "TYPE I\r\n", 8) = 8
22126 14:52:18.206439 write(0, "200 Switching to Binary mode.\r\n", 31) = 31
22126 14:52:18.206475 rt_sigaction(SIGALRM, {0x805cad0, ~[RTMIN RT_1], 0}, NULL, 8) = 0
22126 14:52:18.206489 alarm(300)        = 300
22126 14:52:18.206499 recv(0, "PASV\r\n", 4096, MSG_PEEK) = 6
22126 14:52:18.206510 read(0, "PASV\r\n", 6) = 6
22126 14:52:18.206522 write(5, "\n", 1 <unfinished ...>
22124 14:52:18.206533 <... read resumed> "\n", 1) = 1
22126 14:52:18.206538 <... write resumed> ) = 1
22124 14:52:18.206546 write(4, "\1", 1) = 1
22124 14:52:18.206557 read(4,  <unfinished ...>
22126 14:52:18.206563 read(5, "\1", 1)  = 1
22126 14:52:18.206575 write(5, "\f", 1 <unfinished ...>
22124 14:52:18.206581 <... read resumed> "\f", 1) = 1
22126 14:52:18.206586 <... write resumed> ) = 1
22124 14:52:18.206593 socket(PF_INET, SOCK_STREAM, IPPROTO_TCP) = 5
22124 14:52:18.206608 setsockopt(5, SOL_SOCKET, SO_REUSEADDR, [1], 4) = 0
22124 14:52:18.206623 bind(5, {sa_family=AF_INET, sin_port=htons(22527), sin_addr=inet_addr("127.0.0.1")}, 16) = 0
22124 14:52:18.206639 listen(5, 1)      = 0
22124 14:52:18.206653 write(4, "\377W\0\0", 4) = 4
22124 14:52:18.206664 read(4,  <unfinished ...>
22126 14:52:18.206671 read(5, "\377W\0\0", 4) = 4
22126 14:52:18.206686 write(0, "227 Entering Passive Mode (127,0,0,1,87,255).\r\n", 47) = 47
22126 14:52:18.206798 rt_sigaction(SIGALRM, {0x805cad0, ~[RTMIN RT_1], 0}, NULL, 8) = 0
22126 14:52:18.206814 alarm(300)        = 300
22126 14:52:18.206825 recv(0, "RETR myfile2\r\n", 4096, MSG_PEEK) = 14
22126 14:52:18.206837 read(0, "RETR myfile2\r\n", 14) = 14
22126 14:52:18.206850 write(5, "\v", 1 <unfinished ...>
22124 14:52:18.206858 <... read resumed> "\v", 1) = 1
22126 14:52:18.206863 <... write resumed> ) = 1
22124 14:52:18.206899 write(4, "\1\0\0\0", 4) = 4
22124 14:52:18.206915 read(4,  <unfinished ...>
22126 14:52:18.206922 read(5, "\1\0\0\0", 4) = 4
22126 14:52:18.206943 gettimeofday({1495651938, 206947}, NULL) = 0
22126 14:52:18.206955 getcwd("/home/msfadmin", 4096) = 15
22126 14:52:18.206967 open("myfile2", O_RDONLY|O_NONBLOCK|O_LARGEFILE) = 4
22126 14:52:18.206981 fcntl64(4, F_SETLKW64, {type=F_RDLCK, whence=SEEK_SET, start=0, len=0}, 0xbfd37f44) = 0
22126 14:52:18.206996 fstat64(4, {st_mode=S_IFREG|0644, st_size=17, ...}) = 0
22126 14:52:18.207014 fcntl64(4, F_GETFL) = 0x8800 (flags O_RDONLY|O_NONBLOCK|O_LARGEFILE)
22126 14:52:18.207031 fcntl64(4, F_SETFL, O_RDONLY|O_LARGEFILE) = 0
22126 14:52:18.207042 write(5, "\v", 1 <unfinished ...>
22124 14:52:18.207050 <... read resumed> "\v", 1) = 1
22126 14:52:18.207055 <... write resumed> ) = 1
22124 14:52:18.207061 write(4, "\1\0\0\0", 4) = 4
22124 14:52:18.207072 read(4,  <unfinished ...>
22126 14:52:18.207079 read(5, "\1\0\0\0", 4) = 4
22126 14:52:18.207089 write(5, "\v", 1 <unfinished ...>
22124 14:52:18.207096 <... read resumed> "\v", 1) = 1
22126 14:52:18.207101 <... write resumed> ) = 1
22124 14:52:18.207107 write(4, "\1\0\0\0", 4) = 4
22124 14:52:18.207117 read(4,  <unfinished ...>
22126 14:52:18.207123 read(5, "\1\0\0\0", 4) = 4
22126 14:52:18.207134 write(5, "\r", 1 <unfinished ...>
22124 14:52:18.207141 <... read resumed> "\r", 1) = 1
22126 14:52:18.207146 <... write resumed> ) = 1
22124 14:52:18.207153 select(6, [5], NULL, NULL, {60, 0}) = 1 (in [5], left {60, 0})
22124 14:52:18.207169 accept(5, {sa_family=AF_INET, sin_port=htons(42517), sin_addr=inet_addr("127.0.0.1")}, [16]) = 6
22124 14:52:18.207191 write(4, "\1", 1) = 1
22124 14:52:18.207203 sendmsg(4, {msg_name(0)=NULL, msg_iov(1)=[{"\0", 1}], msg_controllen=16, {cmsg_len=16, cmsg_level=SOL_SOCKET, cmsg_type=SCM_RIGHTS, {6}}, msg_flags=0}, 0) = 1
22124 14:52:18.207219 close(6)          = 0
22124 14:52:18.207229 read(4,  <unfinished ...>
22126 14:52:18.207236 read(5, "\1", 1)  = 1
22126 14:52:18.207248 recvmsg(5, {msg_name(0)=NULL, msg_iov(1)=[{"\0", 1}], msg_controllen=16, {cmsg_len=16, cmsg_level=SOL_SOCKET, cmsg_type=SCM_RIGHTS, {6}}, msg_flags=0}, 0) = 1
22126 14:52:18.207266 setsockopt(6, SOL_SOCKET, SO_KEEPALIVE, [1], 4) = 0
22126 14:52:18.207278 setsockopt(6, SOL_IP, IP_TOS, [8], 4) = 0
22126 14:52:18.207290 setsockopt(6, SOL_SOCKET, SO_LINGER, {onoff=1, linger=32767}, 8) = 0
22126 14:52:18.207301 rt_sigaction(SIGALRM, {0x805cad0, ~[RTMIN RT_1], 0}, NULL, 8) = 0
22126 14:52:18.207314 alarm(300)        = 300
22126 14:52:18.207327 write(0, "150 Opening BINARY mode data connection for myfile2 (17 bytes).\r\n", 65) = 65
22126 14:52:18.207369 _llseek(4, 0, [0], SEEK_CUR) = 0
22126 14:52:18.207381 fstat64(4, {st_mode=S_IFREG|0644, st_size=17, ...}) = 0
22126 14:52:18.207397 _llseek(4, 0, [0], SEEK_SET) = 0
22126 14:52:18.207408 sendfile(6, 4, NULL, 17) = 17
22126 14:52:18.207437 rt_sigaction(SIGALRM, {0x805cad0, ~[RTMIN RT_1], 0}, NULL, 8) = 0
22126 14:52:18.207452 alarm(300)        = 300
22126 14:52:18.207461 close(6)          = 0
22126 14:52:18.207497 alarm(0)          = 300
22126 14:52:18.207507 gettimeofday({1495651938, 207511}, NULL) = 0
22126 14:52:18.207522 gettimeofday({1495651938, 207526}, NULL) = 0
22126 14:52:18.207537 fcntl64(3, F_SETLKW64, {type=F_WRLCK, whence=SEEK_SET, start=0, len=0}, 0xbfd37ee4) = 0
22126 14:52:18.207552 write(3, "Wed May 24 14:52:18 2017 [pid 22126] [msfadmin] OK DOWNLOAD: Client \"127.0.0.1\", \"/home/msfadmin/myfile2\", 17 bytes, 28.67Kbyte/sec\n", 132) = 132
22126 14:52:18.207573 fcntl64(3, F_SETLK64, {type=F_UNLCK, whence=SEEK_SET, start=0, len=0}, 0xbfd37eec) = 0
22126 14:52:18.207587 write(0, "226 Transfer complete.\r\n", 24) = 24
22126 14:52:18.207651 write(5, "\n", 1 <unfinished ...>
22124 14:52:18.207661 <... read resumed> "\n", 1) = 1
22126 14:52:18.207666 <... write resumed> ) = 1
22124 14:52:18.207672 close(5)          = 0
22124 14:52:18.207683 write(4, "\1", 1) = 1
22124 14:52:18.207694 read(4,  <unfinished ...>
22126 14:52:18.207701 read(5, "\1", 1)  = 1
22126 14:52:18.207712 close(4)          = 0
22126 14:52:18.207722 rt_sigaction(SIGALRM, {0x805cad0, ~[RTMIN RT_1], 0}, NULL, 8) = 0
22126 14:52:18.207736 alarm(300)        = 0
22126 14:52:18.207746 recv(0,  <unfinished ...>
22129 14:52:18.327366 <... recv resumed> "TYPE I\r\n", 4096, MSG_PEEK) = 8
22129 14:52:18.327484 read(0, "TYPE I\r\n", 8) = 8
22129 14:52:18.327589 write(0, "200 Switching to Binary mode.\r\n", 31) = 31
22129 14:52:18.327686 rt_sigaction(SIGALRM, {0x805cad0, ~[RTMIN RT_1], 0}, NULL, 8) = 0
22129 14:52:18.327719 alarm(300)        = 299
22129 14:52:18.327745 recv(0, "PASV\r\n", 4096, MSG_PEEK) = 6
22129 14:52:18.327761 read(0, "PASV\r\n", 6) = 6
22129 14:52:18.327781 write(5, "\n", 1) = 1
22129 14:52:18.327794 read(5,  <unfinished ...>
22127 14:52:18.327802 <... read resumed> "\n", 1) = 1
22127 14:52:18.327811 write(4, "\1", 1) = 1
22129 14:52:18.327822 <... read resumed> "\1", 1) = 1
22129 14:52:18.327829 write(5, "\f", 1) = 1
22129 14:52:18.327839 read(5,  <unfinished ...>
22127 14:52:18.327845 read(4, "\f", 1)  = 1
22127 14:52:18.327857 socket(PF_INET, SOCK_STREAM, IPPROTO_TCP) = 5
22127 14:52:18.327873 setsockopt(5, SOL_SOCKET, SO_REUSEADDR, [1], 4) = 0
22127 14:52:18.327887 bind(5, {sa_family=AF_INET, sin_port=htons(14149), sin_addr=inet_addr("127.0.0.1")}, 16) = 0
22127 14:52:18.327903 listen(5, 1)      = 0
22127 14:52:18.327917 write(4, "E7\0\0", 4) = 4
22129 14:52:18.327928 <... read resumed> "E7\0\0", 4) = 4
22129 14:52:18.327939 write(0, "227 Entering Passive Mode (127,0,0,1,55,69).\r\n", 46) = 46
22129 14:52:18.328053 rt_sigaction(SIGALRM, {0x805cad0, ~[RTMIN RT_1], 0}, NULL, 8) = 0
22129 14:52:18.328069 alarm(300)        = 300
22129 14:52:18.328080 recv(0, "STOR myfile38\r\n", 4096, MSG_PEEK) = 15
22129 14:52:18.328092 read(0, "STOR myfile38\r\n", 15) = 15
22129 14:52:18.328106 write(5, "\v", 1) = 1
22129 14:52:18.328116 read(5,  <unfinished ...>
22127 14:52:18.328123 read(4, "\v", 1)  = 1
22127 14:52:18.328134 write(4, "\1\0\0\0", 4) = 4
22129 14:52:18.328146 <... read resumed> "\1\0\0\0", 4) = 4
22129 14:52:18.328154 gettimeofday({1495651938, 328157}, NULL) = 0
22129 14:52:18.328165 getcwd("/home/msfadmin", 4096) = 15
22129 14:52:18.328177 open("myfile38", O_WRONLY|O_CREAT|O_NONBLOCK|O_LARGEFILE, 0666) = 4
22129 14:52:18.328192 fstat64(4, {st_mode=S_IFREG|0644, st_size=17, ...}) = 0
22129 14:52:18.328209 fcntl64(4, F_GETFL) = 0x8801 (flags O_WRONLY|O_NONBLOCK|O_LARGEFILE)
22129 14:52:18.328220 fcntl64(4, F_SETFL, O_WRONLY|O_LARGEFILE) = 0
22129 14:52:18.328252 fcntl64(4, F_SETLKW64, {type=F_WRLCK, whence=SEEK_SET, start=0, len=0}, 0xbfabd4a4) = 0
22129 14:52:18.328271 ftruncate64(4, 0) = 0
22129 14:52:18.328299 _llseek(4, 0, [0], SEEK_SET) = 0
22129 14:52:18.328310 write(5, "\v", 1) = 1
22129 14:52:18.328321 read(5,  <unfinished ...>
22127 14:52:18.328328 read(4, "\v", 1)  = 1
22127 14:52:18.328339 write(4, "\1\0\0\0", 4) = 4
22129 14:52:18.328349 <... read resumed> "\1\0\0\0", 4) = 4
22129 14:52:18.328357 write(5, "\v", 1) = 1
22129 14:52:18.328366 read(5,  <unfinished ...>
22127 14:52:18.328373 read(4, "\v", 1)  = 1
22127 14:52:18.328383 write(4, "\1\0\0\0", 4) = 4
22129 14:52:18.328393 <... read resumed> "\1\0\0\0", 4) = 4
22129 14:52:18.328400 write(5, "\r", 1) = 1
22129 14:52:18.328410 read(5,  <unfinished ...>
22127 14:52:18.328416 read(4, "\r", 1)  = 1
22127 14:52:18.328428 select(6, [5], NULL, NULL, {60, 0}) = 1 (in [5], left {60, 0})
22127 14:52:18.328444 accept(5, {sa_family=AF_INET, sin_port=htons(42309), sin_addr=inet_addr("127.0.0.1")}, [16]) = 6
22127 14:52:18.328466 write(4, "\1", 1) = 1
22129 14:52:18.328477 <... read resumed> "\1", 1) = 1
22129 14:52:18.328485 recvmsg(5,  <unfinished ...>
22127 14:52:18.328493 sendmsg(4, {msg_name(0)=NULL, msg_iov(1)=[{"\0", 1}], msg_controllen=16, {cmsg_len=16, cmsg_level=SOL_SOCKET, cmsg_type=SCM_RIGHTS, {6}}, msg_flags=0}, 0) = 1
22129 14:52:18.328510 <... recvmsg resumed> {msg_name(0)=NULL, msg_iov(1)=[{"\0", 1}], msg_controllen=16, {cmsg_len=16, cmsg_level=SOL_SOCKET, cmsg_type=SCM_RIGHTS, {6}}, msg_flags=0}, 0) = 1
22129 14:52:18.328523 setsockopt(6, SOL_SOCKET, SO_KEEPALIVE, [1], 4) = 0
22129 14:52:18.328535 setsockopt(6, SOL_IP, IP_TOS, [8], 4) = 0
22129 14:52:18.328547 setsockopt(6, SOL_SOCKET, SO_LINGER, {onoff=1, linger=32767}, 8) = 0
22129 14:52:18.328558 rt_sigaction(SIGALRM, {0x805cad0, ~[RTMIN RT_1], 0}, NULL, 8) = 0
22129 14:52:18.328571 alarm(300)        = 300
22129 14:52:18.328583 write(0, "150 Ok to send data.\r\n", 22) = 22
22129 14:52:18.328650 read(6, "assasaaa\na\na\na\na\n", 65536) = 17
22129 14:52:18.328664 write(4, "assasaaa\na\na\na\na\n", 17) = 17
22129 14:52:18.328680 read(6, "", 65536) = 0
22129 14:52:18.328690 rt_sigaction(SIGALRM, {0x805cad0, ~[RTMIN RT_1], 0}, NULL, 8) = 0
22129 14:52:18.328707 alarm(300)        = 300
22129 14:52:18.328716 close(6)          = 0
22129 14:52:18.328726 alarm(0)          = 300
22129 14:52:18.328735 gettimeofday({1495651938, 328739}, NULL) = 0
22129 14:52:18.328750 gettimeofday({1495651938, 328754}, NULL) = 0
22129 14:52:18.328764 fcntl64(3, F_SETLKW64, {type=F_WRLCK, whence=SEEK_SET, start=0, len=0}, 0xbfabd444) = 0
22129 14:52:18.328779 write(3, "Wed May 24 14:52:18 2017 [pid 22129] [msfadmin] OK UPLOAD: Client \"127.0.0.1\", \"/home/msfadmin/myfile38\", 17 bytes, 27.81Kbyte/sec\n", 131) = 131
22129 14:52:18.328800 fcntl64(3, F_SETLK64, {type=F_UNLCK, whence=SEEK_SET, start=0, len=0}, 0xbfabd44c) = 0
22129 14:52:18.328814 write(0, "226 Transfer complete.\r\n", 24) = 24
22129 14:52:18.328857 write(5, "\n", 1) = 1
22129 14:52:18.328868 read(5,  <unfinished ...>
22127 14:52:18.328875 close(6)          = 0
22127 14:52:18.328893 read(4, "\n", 1)  = 1
22127 14:52:18.328905 close(5)          = 0
22127 14:52:18.328915 write(4, "\1", 1) = 1
22129 14:52:18.328926 <... read resumed> "\1", 1) = 1
22129 14:52:18.328932 close(4)          = 0
22129 14:52:18.328943 rt_sigaction(SIGALRM, {0x805cad0, ~[RTMIN RT_1], 0}, NULL, 8) = 0
22129 14:52:18.328956 alarm(300)        = 0
22129 14:52:18.328966 recv(0,  <unfinished ...>
22127 14:52:18.328974 read(4,  <unfinished ...>
