21539 14:46:05.303311 read(7, "\177ELF\1\1\1\0\0\0\0\0\0\0\0\0\3\0\3\0\1\0\0\0\300@\0\0004\0\0\0\224r\1\0\0\0\0\0004\0 \0\6\0(\0\33\0\32\0\1\0\0\0\0\0\0\0\0\0\0\0\0\0\0\0\230f\1\0\230f\1\0\5\0\0\0\0\20\0\0\1\0\0\0\240n\1\0\240~\1\0\240~\1\0\20\3\0\0\234\f\0\0\6\0\0\0\0\20\0\0\2\0\0\0\320n\1\0\320~\1\0\320~\1\0\340\0\0\0\340\0\0\0\6\0\0\0\4\0\0\0\7\0\0\0\240n\1\0\240~\1\0\240~\1\0\0\0\0\0\\\0\0\0\4\0\0\0 \0\0\0Q\345td\0\0\0\0\0\0\0\0\0\0\0\0\0\0\0\0\0\0\0\0\6\0\0\0\4\0\0\0R\345td\240n\1\0\240~\1\0\240~\1\0T\1\0\0T\1\0\0\4\0\0\0\1\0\0\0\7\1\0\0#\1\0\0\0\0\0\0\24\0\0\0\v\1\0\0\306\0\0\0\0\0\0\0\36\1\0\0\330\0\0\0 \1\0\0001\0\0\0\345\0\0\0\34\0\0\0\206\0\0\0\212\0\0\0\234\0\0\0\0\0\0\0*\0\0\0\0\0\0\0\0\0\0\0\370\0\0\0004\0\0\0\0\0\0\0\0\0\0\0\0\0\0\0\0\0\0\0\0\0\0\0\224\0\0\0\0\0\0\0\0\0\0\0\0\0\0\0\244\0\0\0\347\0\0\0\373\0\0\0\0\0\0\0\304\0\0\0\257\0\0\0\0\0\0\0!\1\0\0\0\0\0\0\307\0\0\0\235\0\0\0\25\1\0\0`\0\0\0\0\0\0\0\256\0\0\0\374\0\0\0O\0\0\0i\0\0\0^\0\0\0\337\0\0\0-\0\0\0m\0\0\0\0\0\0\0\0\0\0\0\0\0\0\0\0\0\0\0\260\0\0\0\314\0\0\0\6\0\0\0\276\0\0\0{\0\0\0\226\0\0\0\0\0\0\0E\0\0\0\33\0\0\0\371\0\0\0", 512) = 512
21539 14:46:05.303427 fstat64(7, {st_mode=S_IFREG|0644, st_size=95948, ...}) = 0
21539 14:46:05.303446 mmap2(NULL, 101180, PROT_READ|PROT_EXEC, MAP_PRIVATE|MAP_DENYWRITE, 7, 0) = 0xb7cf6000
21539 14:46:05.303458 mmap2(0xb7d0d000, 8192, PROT_READ|PROT_WRITE, MAP_PRIVATE|MAP_FIXED|MAP_DENYWRITE, 7, 0x16) = 0xb7d0d000
21539 14:46:05.303476 close(7)          = 0
21539 14:46:05.303574 open("/etc/selinux/config", O_RDONLY|O_LARGEFILE) = -1 ENOENT (No such file or directory)
21539 14:46:05.303600 statfs64("/selinux", 84, 0xbf8dbb7c) = -1 ENOENT (No such file or directory)
21539 14:46:05.303614 open("/proc/mounts", O_RDONLY|O_LARGEFILE) = 7
21539 14:46:05.303639 fstat64(7, {st_mode=S_IFREG|0444, st_size=0, ...}) = 0
21539 14:46:05.303656 mmap2(NULL, 4096, PROT_READ|PROT_WRITE, MAP_PRIVATE|MAP_ANONYMOUS, -1, 0) = 0xb7f12000
21539 14:46:05.303672 read(7, "rootfs / rootfs rw 0 0\nnone /sys sysfs rw,nosuid,nodev,noexec 0 0\nnone /proc proc rw,nosuid,nodev,noexec 0 0\nudev /dev tmpfs rw,relatime 0 0\nfusectl /sys/fs/fuse/connections fusectl rw,relatime 0 0\n/dev/mapper/metasploitable-root / ext3 rw,relatime,errors=remount-ro,data=ordered 0 0\n/dev/mapper/metasploitable-root /dev/.static/dev ext3 rw,relatime,errors=remount-ro,data=ordered 0 0\ntmpfs /var/run tmpfs rw,nosuid,nodev,noexec 0 0\ntmpfs /var/lock tmpfs rw,nosuid,nodev,noexec 0 0\ntmpfs /dev/shm tmpfs rw,relatime 0 0\ndevpts /dev/pts devpts rw,relatime 0 0\ntmpfs /var/run tmpfs rw,nosuid,nodev,noexec 0 0\ntmpfs /var/lock tmpfs rw,nosuid,nodev,noexec 0 0\n/dev/sda1 /boot ext3 rw,relatime,data=ordered 0 0\nsecurityfs /sys/kernel/security securityfs rw,relatime 0 0\nrpc_pipefs /var/lib/nfs/rpc_pipefs rpc_pipefs rw,relatime 0 0\nnfsd /proc/fs/nfsd nfsd rw,relatime 0 0\n", 1024) = 866
21539 14:46:05.303756 read(7, "", 1024) = 0
21539 14:46:05.303766 close(7)          = 0
21539 14:46:05.303777 munmap(0xb7f12000, 4096) = 0
21539 14:46:05.303793 munmap(0xb7d41000, 29913) = 0
21539 14:46:05.303807 read(6, "", 4096) = 0
21539 14:46:05.303819 close(6)          = 0
21539 14:46:05.303829 munmap(0xb7f13000, 4096) = 0
21539 14:46:05.303840 stat64("/etc/pam.d", {st_mode=S_IFDIR|0755, st_size=4096, ...}) = 0
21539 14:46:05.303860 open("/etc/pam.d/common-account", O_RDONLY|O_LARGEFILE) = 6
21539 14:46:05.303874 fstat64(6, {st_mode=S_IFREG|0644, st_size=392, ...}) = 0
21539 14:46:05.303890 mmap2(NULL, 4096, PROT_READ|PROT_WRITE, MAP_PRIVATE|MAP_ANONYMOUS, -1, 0) = 0xb7f13000
21539 14:46:05.303902 read(6, "#\n# /etc/pam.d/common-account - authorization settings common to all services\n#\n# This file is included from other service-specific PAM config files,\n# and should contain a list of the authorization modules that define\n# the central access policy for use on the system.  The default is to\n# only deny service to users whose accounts are expired in /etc/shadow.\n#\naccount\trequired\tpam_unix.so\n", 4096) = 392
21539 14:46:05.303942 read(6, "", 4096) = 0
21539 14:46:05.303953 close(6)          = 0
21539 14:46:05.303963 munmap(0xb7f13000, 4096) = 0
21539 14:46:05.303975 stat64("/etc/pam.d", {st_mode=S_IFDIR|0755, st_size=4096, ...}) = 0
21539 14:46:05.303993 open("/etc/pam.d/common-session", O_RDONLY|O_LARGEFILE) = 6
21539 14:46:05.304007 fstat64(6, {st_mode=S_IFREG|0644, st_size=372, ...}) = 0
21539 14:46:05.304023 mmap2(NULL, 4096, PROT_READ|PROT_WRITE, MAP_PRIVATE|MAP_ANONYMOUS, -1, 0) = 0xb7f13000
21539 14:46:05.304034 read(6, "#\n# /etc/pam.d/common-session - session-related modules common to all services\n#\n# This file is included from other service-specific PAM config files,\n# and should contain a list of modules that define tasks to be performed\n# at the start and end of sessions of *any* kind (both interactive and\n# non-interactive).  The default is pam_unix.\n#\nsession\trequired\tpam_unix.so\n", 4096) = 372
21539 14:46:05.304073 read(6, "", 4096) = 0
21539 14:46:05.304083 close(6)          = 0
21539 14:46:05.304093 munmap(0xb7f13000, 4096) = 0
21539 14:46:05.304104 read(5, "", 4096) = 0
21539 14:46:05.304114 close(5)          = 0
21539 14:46:05.304123 munmap(0xb7f19000, 4096) = 0
21539 14:46:05.304134 open("/etc/pam.d/other", O_RDONLY|O_LARGEFILE) = 5
21539 14:46:05.304147 fstat64(5, {st_mode=S_IFREG|0644, st_size=520, ...}) = 0
21539 14:46:05.304163 mmap2(NULL, 4096, PROT_READ|PROT_WRITE, MAP_PRIVATE|MAP_ANONYMOUS, -1, 0) = 0xb7f19000
21539 14:46:05.304174 read(5, "#\n# /etc/pam.d/other - specify the PAM fallback behaviour\n#\n# Note that this file is used for any unspecified service; for example\n#if /etc/pam.d/cron  specifies no session modules but cron calls\n#pam_open_session, the session module out of /etc/pam.d/other is\n#used.  If you really want nothing to happen then use pam_permit.so or\n#pam_deny.so as appropriate.\n\n# We fall back to the system default in /etc/pam.d/common-*\n# \n\n@include common-auth\n@include common-account\n@include common-password\n@include common-session\n", 4096) = 520
21539 14:46:05.304222 stat64("/etc/pam.d", {st_mode=S_IFDIR|0755, st_size=4096, ...}) = 0
21539 14:46:05.304242 open("/etc/pam.d/common-auth", O_RDONLY|O_LARGEFILE) = 6
21539 14:46:05.304255 fstat64(6, {st_mode=S_IFREG|0644, st_size=476, ...}) = 0
21539 14:46:05.304271 mmap2(NULL, 4096, PROT_READ|PROT_WRITE, MAP_PRIVATE|MAP_ANONYMOUS, -1, 0) = 0xb7f13000
21539 14:46:05.304282 read(6, "#\n# /etc/pam.d/common-auth - authentication settings common to all services\n#\n# This file is included from other service-specific PAM config files,\n# and should contain a list of the authentication modules that define\n# the central authentication scheme for use on the system\n# (e.g., /etc/shadow, LDAP, Kerberos, etc.).  The default is to use the\n# traditional Unix authentication mechanisms.\n#\nauth\trequisite\tpam_unix.so nullok_secure\n# auth\toptional\tpam_smbpass.so migrate\n", 4096) = 476
21539 14:46:05.304346 read(6, "", 4096) = 0
21539 14:46:05.304371 close(6)          = 0
21539 14:46:05.304381 munmap(0xb7f13000, 4096) = 0
21539 14:46:05.304393 stat64("/etc/pam.d", {st_mode=S_IFDIR|0755, st_size=4096, ...}) = 0
21539 14:46:05.304412 open("/etc/pam.d/common-account", O_RDONLY|O_LARGEFILE) = 6
21539 14:46:05.304425 fstat64(6, {st_mode=S_IFREG|0644, st_size=392, ...}) = 0
21539 14:46:05.304441 mmap2(NULL, 4096, PROT_READ|PROT_WRITE, MAP_PRIVATE|MAP_ANONYMOUS, -1, 0) = 0xb7f13000
21539 14:46:05.304452 read(6, "#\n# /etc/pam.d/common-account - authorization settings common to all services\n#\n# This file is included from other service-specific PAM config files,\n# and should contain a list of the authorization modules that define\n# the central access policy for use on the system.  The default is to\n# only deny service to users whose accounts are expired in /etc/shadow.\n#\naccount\trequired\tpam_unix.so\n", 4096) = 392
21539 14:46:05.304492 read(6, "", 4096) = 0
21539 14:46:05.304502 close(6)          = 0
21539 14:46:05.304512 munmap(0xb7f13000, 4096) = 0
21539 14:46:05.304523 stat64("/etc/pam.d", {st_mode=S_IFDIR|0755, st_size=4096, ...}) = 0
21539 14:46:05.304542 open("/etc/pam.d/common-password", O_RDONLY|O_LARGEFILE) = 6
21539 14:46:05.304555 fstat64(6, {st_mode=S_IFREG|0644, st_size=1563, ...}) = 0
21539 14:46:05.304571 mmap2(NULL, 4096, PROT_READ|PROT_WRITE, MAP_PRIVATE|MAP_ANONYMOUS, -1, 0) = 0xb7f13000
21539 14:46:05.304582 read(6, "#\n# /etc/pam.d/common-password - password-related modules common to all services\n#\n# This file is included from other service-specific PAM config files,\n# and should contain a list of modules that define the services to be\n# used to change user passwords.  The default is pam_unix.\n\n# Explanation of pam_unix options:\n#\n# The \"nullok\" option allows users to change an empty password, else\n# empty passwords are treated as locked accounts.\n#\n# The \"md5\" option enables MD5 passwords.  Without this option, the\n# default is Unix crypt.\n#\n# The \"obscure\" option replaces the old `OBSCURE_CHECKS_ENAB\' option in\n# login.defs.\n#\n# You can also use the \"min\" option to enforce the length of the new\n# password.\n#\n# See the pam_unix manpage for other options.\n\npassword   requisite   pam_unix.so nullok obscure md5\n\n# Alternate strength checking for password. Note that this\n# requires the libpam-cracklib package to be installed.\n# You will need to comment out the password line above and\n# uncomment the next two in order to use this.\n# (Replaces the `OBSCURE_CHECKS_ENAB\', `CRACKLIB_DICTPATH\')\n#\n# password required\t  pam_cracklib.so retry=3 minlen=6 difok=3\n# password required\t  pam_unix.so use_authtok nullok md5\n\n# minimally-intrusive inclusion of smbpass in the stack for\n# synchronization.  If the module is absent or the passwords don\'t\n# match, this module will be ignored without prompting; and if the \n# passwords do match, the NTLM hash for the user will be updated\n# automatically.\n# password   optional   pam_smbpass.so nullok use_authtok use_first_pass\n", 4096) = 1563
21539 14:46:05.304697 read(6, "", 4096) = 0
21539 14:46:05.304712 close(6)          = 0
21539 14:46:05.304722 munmap(0xb7f13000, 4096) = 0
21539 14:46:05.304733 stat64("/etc/pam.d", {st_mode=S_IFDIR|0755, st_size=4096, ...}) = 0
21539 14:46:05.304752 open("/etc/pam.d/common-session", O_RDONLY|O_LARGEFILE) = 6
21539 14:46:05.304765 fstat64(6, {st_mode=S_IFREG|0644, st_size=372, ...}) = 0
21539 14:46:05.304781 mmap2(NULL, 4096, PROT_READ|PROT_WRITE, MAP_PRIVATE|MAP_ANONYMOUS, -1, 0) = 0xb7f13000
21539 14:46:05.304792 read(6, "#\n# /etc/pam.d/common-session - session-related modules common to all services\n#\n# This file is included from other service-specific PAM config files,\n# and should contain a list of modules that define tasks to be performed\n# at the start and end of sessions of *any* kind (both interactive and\n# non-interactive).  The default is pam_unix.\n#\nsession\trequired\tpam_unix.so\n", 4096) = 372
21539 14:46:05.304830 read(6, "", 4096) = 0
21539 14:46:05.304841 close(6)          = 0
21539 14:46:05.304851 munmap(0xb7f13000, 4096) = 0
21539 14:46:05.304862 read(5, "", 4096) = 0
21539 14:46:05.304871 close(5)          = 0
21539 14:46:05.304881 munmap(0xb7f19000, 4096) = 0
21539 14:46:05.304894 time(NULL)        = 1495651565
21539 14:46:05.304906 lstat64("/etc/ftpusers", {st_mode=S_IFREG|0644, st_size=132, ...}) = 0
21539 14:46:05.304924 open("/etc/ftpusers", O_RDONLY|O_LARGEFILE) = 5
21539 14:46:05.304936 fstat64(5, {st_mode=S_IFREG|0644, st_size=132, ...}) = 0
21539 14:46:05.304957 mmap2(NULL, 4096, PROT_READ|PROT_WRITE, MAP_PRIVATE|MAP_ANONYMOUS, -1, 0) = 0xb7f19000
21539 14:46:05.304973 read(5, "# /etc/ftpusers: list of users disallowed FTP access. See ftpusers(5).\n\nroot\ndaemon\nbin\nsys\nsync\ngames\nman\nlp\nmail\nnews\nuucp\nnobody\n", 4096) = 132
21539 14:46:05.304995 read(5, "", 4096) = 0
21539 14:46:05.305005 close(5)          = 0
21539 14:46:05.305015 munmap(0xb7f19000, 4096) = 0
21539 14:46:05.305032 getuid32()        = 0
21539 14:46:05.305049 open("/etc/passwd", O_RDONLY|0x80000 /* O_??? */) = 5
21539 14:46:05.305064 _llseek(5, 0, [0], SEEK_CUR) = 0
21539 14:46:05.305075 fstat64(5, {st_mode=S_IFREG|0644, st_size=1624, ...}) = 0
21539 14:46:05.305092 mmap2(NULL, 1624, PROT_READ, MAP_SHARED, 5, 0) = 0xb7f19000
21539 14:46:05.305103 _llseek(5, 1624, [1624], SEEK_SET) = 0
21539 14:46:05.305122 munmap(0xb7f19000, 1624) = 0
21539 14:46:05.305133 close(5)          = 0
21539 14:46:05.305158 open("/etc/shadow", O_RDONLY|0x80000 /* O_??? */) = 5
21539 14:46:05.305175 _llseek(5, 0, [0], SEEK_CUR) = 0
21539 14:46:05.305186 fstat64(5, {st_mode=S_IFREG|0640, st_size=1233, ...}) = 0
21539 14:46:05.305202 mmap2(NULL, 1233, PROT_READ, MAP_SHARED, 5, 0) = 0xb7f19000
21539 14:46:05.305213 _llseek(5, 1233, [1233], SEEK_SET) = 0
21539 14:46:05.305233 munmap(0xb7f19000, 1233) = 0
21539 14:46:05.305243 close(5)          = 0
21539 14:46:05.305262 open("/etc/passwd", O_RDONLY|0x80000 /* O_??? */) = 5
21539 14:46:05.305415 _llseek(5, 0, [0], SEEK_CUR) = 0
21539 14:46:05.305436 fstat64(5, {st_mode=S_IFREG|0644, st_size=1624, ...}) = 0
21539 14:46:05.305452 mmap2(NULL, 1624, PROT_READ, MAP_SHARED, 5, 0) = 0xb7f19000
21539 14:46:05.305463 _llseek(5, 1624, [1624], SEEK_SET) = 0
21539 14:46:05.305480 munmap(0xb7f19000, 1624) = 0
21539 14:46:05.305490 close(5)          = 0
21539 14:46:05.305503 open("/etc/shadow", O_RDONLY|0x80000 /* O_??? */) = 5
21539 14:46:05.305516 _llseek(5, 0, [0], SEEK_CUR) = 0
21539 14:46:05.305527 fstat64(5, {st_mode=S_IFREG|0640, st_size=1233, ...}) = 0
21539 14:46:05.305543 mmap2(NULL, 1233, PROT_READ, MAP_SHARED, 5, 0) = 0xb7f19000
21539 14:46:05.305553 _llseek(5, 1233, [1233], SEEK_SET) = 0
21539 14:46:05.305570 munmap(0xb7f19000, 1233) = 0
21539 14:46:05.305580 close(5)          = 0
21539 14:46:05.305812 getuid32()        = 0
21539 14:46:05.305823 open("/etc/passwd", O_RDONLY|0x80000 /* O_??? */) = 5
21539 14:46:05.305836 _llseek(5, 0, [0], SEEK_CUR) = 0
21539 14:46:05.305846 fstat64(5, {st_mode=S_IFREG|0644, st_size=1624, ...}) = 0
21539 14:46:05.305862 mmap2(NULL, 1624, PROT_READ, MAP_SHARED, 5, 0) = 0xb7f19000
21539 14:46:05.305877 _llseek(5, 1624, [1624], SEEK_SET) = 0
21539 14:46:05.305893 munmap(0xb7f19000, 1624) = 0
21539 14:46:05.305903 close(5)          = 0
21539 14:46:05.305917 open("/etc/shadow", O_RDONLY|0x80000 /* O_??? */) = 5
21539 14:46:05.305930 _llseek(5, 0, [0], SEEK_CUR) = 0
21539 14:46:05.305940 fstat64(5, {st_mode=S_IFREG|0640, st_size=1233, ...}) = 0
21539 14:46:05.305956 mmap2(NULL, 1233, PROT_READ, MAP_SHARED, 5, 0) = 0xb7f19000
21539 14:46:05.305967 _llseek(5, 1233, [1233], SEEK_SET) = 0
21539 14:46:05.305983 munmap(0xb7f19000, 1233) = 0
21539 14:46:05.305993 close(5)          = 0
21539 14:46:05.306005 time(NULL)        = 1495651565
21539 14:46:05.306020 munmap(0xb7f16000, 12164) = 0
21539 14:46:05.306034 munmap(0xb7f14000, 7136) = 0
21539 14:46:05.306048 munmap(0xb7d49000, 95428) = 0
21539 14:46:05.306059 munmap(0xb7d0f000, 201052) = 0
21539 14:46:05.306071 munmap(0xb7cf6000, 101180) = 0
21539 14:46:05.306087 gettimeofday({1495651565, 306091}, NULL) = 0
21539 14:46:05.306099 stat64("/usr/share/zoneinfo/UTC+04:00", 0xbf8dda54) = -1 ENOENT (No such file or directory)
21539 14:46:05.306114 open("/usr/share/zoneinfo/UTC+04:00", O_RDONLY) = -1 ENOENT (No such file or directory)
21539 14:46:05.306140 fcntl64(3, F_SETLKW64, {type=F_WRLCK, whence=SEEK_SET, start=0, len=0}, 0xbf8ddba4) = 0
21539 14:46:05.306156 write(3, "Wed May 24 14:46:05 2017 [pid 21539] [msfadmin] OK LOGIN: Client \"127.0.0.1\"\n", 77) = 77
21539 14:46:05.306173 fcntl64(3, F_SETLK64, {type=F_UNLCK, whence=SEEK_SET, start=0, len=0}, 0xbf8ddbac) = 0
21539 14:46:05.306186 rt_sigaction(SIGCHLD, {0x805cad0, ~[RTMIN RT_1], 0}, NULL, 8) = 0
21539 14:46:05.306201 write(4, "\1", 1 <unfinished ...>
21540 14:46:05.306210 <... read resumed> "\1", 1) = 1
21539 14:46:05.306216 <... write resumed> ) = 1
21540 14:46:05.306223 exit_group(0)     = ?
21539 14:46:05.306251 --- SIGCHLD (Child exited) @ 0 (0) ---
21539 14:46:05.306259 sigreturn()       = ? (mask now [])
21539 14:46:05.306278 wait4(-1, [{WIFEXITED(s) && WEXITSTATUS(s) == 0}], 0, NULL) = 21540
21539 14:46:05.306291 close(4)          = 0
21539 14:46:05.306303 socketpair(PF_FILE, SOCK_STREAM, 0, [4, 5]) = 0
21539 14:46:05.306317 rt_sigaction(SIGCHLD, {0x805cad0, ~[RTMIN RT_1], 0}, NULL, 8) = 0
21539 14:46:05.306331 rt_sigaction(SIGALRM, {0x805cb10, ~[RTMIN RT_1], 0}, NULL, 8) = 0
21539 14:46:05.306345 clone(child_stack=0, flags=CLONE_CHILD_CLEARTID|CLONE_CHILD_SETTID|SIGCHLD, child_tidptr=0xb7d7f6f8) = 21541
21541 14:46:05.306436 prctl(0x1, 0x9, 0, 0, 0) = 0
21541 14:46:05.306450 close(4)          = 0
21541 14:46:05.306477 open("/etc/passwd", O_RDONLY|0x80000 /* O_??? */) = 4
21541 14:46:05.306494 _llseek(4, 0, [0], SEEK_CUR) = 0
21541 14:46:05.306510 fstat64(4, {st_mode=S_IFREG|0644, st_size=1624, ...}) = 0
21541 14:46:05.306529 mmap2(NULL, 1624, PROT_READ, MAP_SHARED, 4, 0) = 0xb7f19000
21541 14:46:05.306541 _llseek(4, 1624, [1624], SEEK_SET) = 0
21541 14:46:05.306564 munmap(0xb7f19000, 1624) = 0
21541 14:46:05.306575 close(4)          = 0
21541 14:46:05.306589 getuid32()        = 0
21541 14:46:05.306599 open("/etc/passwd", O_RDONLY|0x80000 /* O_??? */) = 4
21541 14:46:05.306612 _llseek(4, 0, [0], SEEK_CUR) = 0
21541 14:46:05.306623 fstat64(4, {st_mode=S_IFREG|0644, st_size=1624, ...}) = 0
21541 14:46:05.306639 mmap2(NULL, 1624, PROT_READ, MAP_SHARED, 4, 0) = 0xb7f19000
21541 14:46:05.306650 _llseek(4, 1624, [1624], SEEK_SET) = 0
21541 14:46:05.306666 munmap(0xb7f19000, 1624) = 0
21541 14:46:05.306676 close(4)          = 0
21541 14:46:05.306702 open("/proc/sys/kernel/ngroups_max", O_RDONLY) = 4
21541 14:46:05.306722 read(4, "65536\n", 31) = 6
21541 14:46:05.306735 close(4)          = 0
21541 14:46:05.306749 socket(PF_FILE, SOCK_STREAM, 0) = 4
21541 14:46:05.306761 fcntl64(4, F_SETFL, O_RDWR|O_NONBLOCK) = 0
21541 14:46:05.306772 connect(4, {sa_family=AF_FILE, path="/var/run/nscd/socket"}, 110) = -1 ENOENT (No such file or directory)
21541 14:46:05.306793 close(4)          = 0
21541 14:46:05.306805 socket(PF_FILE, SOCK_STREAM, 0) = 4
21541 14:46:05.306815 fcntl64(4, F_SETFL, O_RDWR|O_NONBLOCK) = 0
21541 14:46:05.306826 connect(4, {sa_family=AF_FILE, path="/var/run/nscd/socket"}, 110) = -1 ENOENT (No such file or directory)
21541 14:46:05.306848 close(4)          = 0
21541 14:46:05.306872 open("/etc/group", O_RDONLY|0x80000 /* O_??? */) = 4
21541 14:46:05.306887 _llseek(4, 0, [0], SEEK_CUR) = 0
21541 14:46:05.306898 fstat64(4, {st_mode=S_IFREG|0644, st_size=886, ...}) = 0
21541 14:46:05.306914 mmap2(NULL, 886, PROT_READ, MAP_SHARED, 4, 0) = 0xb7f19000
21541 14:46:05.306926 _llseek(4, 886, [886], SEEK_SET) = 0
21541 14:46:05.306950 fstat64(4, {st_mode=S_IFREG|0644, st_size=886, ...}) = 0
21541 14:46:05.306967 munmap(0xb7f19000, 886) = 0
21541 14:46:05.306977 close(4)          = 0
21541 14:46:05.306988 setgroups32(13, [1000, 4, 20, 24, 25, 29, 30, 44, 46, 107, 111, 112, 119]) = 0
21541 14:46:05.307005 geteuid32()       = 0
21541 14:46:05.307017 getegid32()       = 0
21541 14:46:05.307027 setregid32(-1, 1000) = 0
21541 14:46:05.307038 setreuid32(-1, 1000) = 0
21541 14:46:05.307049 chdir("/home/msfadmin") = 0
21541 14:46:05.307061 setreuid32(-1, 0) = 0
21541 14:46:05.307070 setregid32(-1, 0) = 0
21541 14:46:05.307081 setgid32(1000)    = 0
21541 14:46:05.307091 setuid32(1000)    = 0
21541 14:46:05.307102 setrlimit(RLIMIT_NPROC, {rlim_cur=0, rlim_max=0}) = 0
21541 14:46:05.307137 mmap2(NULL, 12288, PROT_READ|PROT_WRITE, MAP_PRIVATE|MAP_ANONYMOUS, -1, 0) = 0xb7f17000
21541 14:46:05.307150 mprotect(0xb7f19000, 4096, PROT_NONE) = 0
21541 14:46:05.307162 mprotect(0xb7f17000, 4096, PROT_NONE) = 0
21541 14:46:05.307174 getcwd("/home/msfadmin", 4096) = 15
21541 14:46:05.307188 umask(022)        = 077
21541 14:46:05.307198 getcwd("/home/msfadmin", 4096) = 15
21541 14:46:05.307212 open(".message", O_RDONLY|O_NONBLOCK|O_LARGEFILE) = -1 ENOENT (No such file or directory)
21541 14:46:05.307235 write(0, "230 Login successful.\r\n", 23) = 23
21541 14:46:05.307341 rt_sigaction(SIGALRM, {0x805cad0, ~[RTMIN RT_1], 0}, NULL, 8) = 0
21541 14:46:05.307369 alarm(300)        = 0
21541 14:46:05.307380 mmap2(NULL, 12288, PROT_READ|PROT_WRITE, MAP_PRIVATE|MAP_ANONYMOUS, -1, 0) = 0xb7f14000
21541 14:46:05.307392 mprotect(0xb7f16000, 4096, PROT_NONE) = 0
21541 14:46:05.307404 mprotect(0xb7f14000, 4096, PROT_NONE) = 0
21541 14:46:05.307417 recv(0, "TYPE I\r\n", 4096, MSG_PEEK) = 8
21541 14:46:05.307430 read(0, "TYPE I\r\n", 8) = 8
21541 14:46:05.307447 write(0, "200 Switching to Binary mode.\r\n", 31) = 31
21541 14:46:05.307489 rt_sigaction(SIGALRM, {0x805cad0, ~[RTMIN RT_1], 0}, NULL, 8) = 0
21541 14:46:05.307504 alarm(300)        = 300
21541 14:46:05.307515 recv(0, "PASV\r\n", 4096, MSG_PEEK) = 6
21541 14:46:05.307527 read(0, "PASV\r\n", 6) = 6
21541 14:46:05.307539 write(5, "\n", 1) = 1
21541 14:46:05.307550 read(5,  <unfinished ...>
21539 14:46:05.307562 close(5)          = 0
21539 14:46:05.307575 getuid32()        = 0
21539 14:46:05.307591 open("/etc/passwd", O_RDONLY|0x80000 /* O_??? */) = 5
21539 14:46:05.307605 _llseek(5, 0, [0], SEEK_CUR) = 0
21539 14:46:05.307618 fstat64(5, {st_mode=S_IFREG|0644, st_size=1624, ...}) = 0
21539 14:46:05.307636 mmap2(NULL, 1624, PROT_READ, MAP_SHARED, 5, 0) = 0xb7f19000
21539 14:46:05.307648 _llseek(5, 1624, [1624], SEEK_SET) = 0
21539 14:46:05.307665 munmap(0xb7f19000, 1624) = 0
21539 14:46:05.307677 close(5)          = 0
21539 14:46:05.307693 setgroups32(0, []) = 0
21539 14:46:05.307705 chdir("/usr/share/empty") = 0
21539 14:46:05.307717 chroot(".")       = 0
21539 14:46:05.307728 capset(NULL, NULL) = -1 EFAULT (Bad address)
21539 14:46:05.307742 prctl(0x8, 0, 0xbf8ddb88, 0x80549a6, 0xbf8ddb70) = 0
21539 14:46:05.307753 prctl(0x8, 0x1, 0xbf8ddb88, 0x8054a49, 0xbf8ddb70) = 0
21539 14:46:05.307763 setgid32(65534)   = 0
21539 14:46:05.307773 setuid32(65534)   = 0
21539 14:46:05.307783 capset(0x19980330, 0, {CAP_NET_BIND_SERVICE, CAP_NET_BIND_SERVICE, 0}) = 0
21539 14:46:05.307796 read(4, "\n", 1)  = 1
21539 14:46:05.307810 write(4, "\1", 1) = 1
21541 14:46:05.307821 <... read resumed> "\1", 1) = 1
21541 14:46:05.307829 write(5, "\f", 1) = 1
21541 14:46:05.307839 read(5,  <unfinished ...>
21539 14:46:05.307846 read(4, "\f", 1)  = 1
21539 14:46:05.307864 socket(PF_INET, SOCK_STREAM, IPPROTO_TCP) = 5
21539 14:46:05.307878 setsockopt(5, SOL_SOCKET, SO_REUSEADDR, [1], 4) = 0
21539 14:46:05.307890 gettimeofday({1495651565, 307894}, NULL) = 0
21539 14:46:05.307906 bind(5, {sa_family=AF_INET, sin_port=htons(50254), sin_addr=inet_addr("127.0.0.1")}, 16) = 0
21539 14:46:05.307923 listen(5, 1)      = 0
21539 14:46:05.307936 write(4, "N\304\0\0", 4) = 4
21541 14:46:05.307948 <... read resumed> "N\304\0\0", 4) = 4
21541 14:46:05.307962 write(0, "227 Entering Passive Mode (127,0,0,1,196,78).\r\n", 47) = 47
21541 14:46:05.308056 rt_sigaction(SIGALRM, {0x805cad0, ~[RTMIN RT_1], 0}, NULL, 8) = 0
21541 14:46:05.308073 alarm(300)        = 300
21541 14:46:05.308085 recv(0, "STOR myfile30\r\n", 4096, MSG_PEEK) = 15
21541 14:46:05.308097 read(0, "STOR myfile30\r\n", 15) = 15
21541 14:46:05.308112 write(5, "\v", 1) = 1
21541 14:46:05.308124 read(5,  <unfinished ...>
21539 14:46:05.308131 read(4, "\v", 1)  = 1
21539 14:46:05.308142 write(4, "\1\0\0\0", 4) = 4
21541 14:46:05.308153 <... read resumed> "\1\0\0\0", 4) = 4
21541 14:46:05.308162 gettimeofday({1495651565, 308166}, NULL) = 0
21541 14:46:05.308173 getcwd("/home/msfadmin", 4096) = 15
21541 14:46:05.308185 open("myfile30", O_WRONLY|O_CREAT|O_NONBLOCK|O_LARGEFILE, 0666) = 4
21541 14:46:05.308199 fstat64(4, {st_mode=S_IFREG|0644, st_size=17, ...}) = 0
21541 14:46:05.308216 fcntl64(4, F_GETFL) = 0x8801 (flags O_WRONLY|O_NONBLOCK|O_LARGEFILE)
21541 14:46:05.308227 fcntl64(4, F_SETFL, O_WRONLY|O_LARGEFILE) = 0
21541 14:46:05.308237 fcntl64(4, F_SETLKW64, {type=F_WRLCK, whence=SEEK_SET, start=0, len=0}, 0xbf8ddad4) = 0
21541 14:46:05.308252 ftruncate64(4, 0) = 0
21541 14:46:05.308272 _llseek(4, 0, [0], SEEK_SET) = 0
21541 14:46:05.308295 write(5, "\v", 1) = 1
21541 14:46:05.308309 read(5,  <unfinished ...>
21539 14:46:05.308317 read(4, "\v", 1)  = 1
21539 14:46:05.308338 write(4, "\1\0\0\0", 4) = 4
21541 14:46:05.308349 <... read resumed> "\1\0\0\0", 4) = 4
21541 14:46:05.308356 write(5, "\v", 1) = 1
21541 14:46:05.308367 read(5,  <unfinished ...>
21539 14:46:05.308373 read(4, "\v", 1)  = 1
21539 14:46:05.308384 write(4, "\1\0\0\0", 4) = 4
21541 14:46:05.308395 <... read resumed> "\1\0\0\0", 4) = 4
21541 14:46:05.308402 write(5, "\r", 1) = 1
21541 14:46:05.308413 read(5,  <unfinished ...>
21539 14:46:05.308420 read(4, "\r", 1)  = 1
21539 14:46:05.308433 select(6, [5], NULL, NULL, {60, 0}) = 1 (in [5], left {60, 0})
21539 14:46:05.308450 accept(5, {sa_family=AF_INET, sin_port=htons(46058), sin_addr=inet_addr("127.0.0.1")}, [16]) = 6
21539 14:46:05.308472 write(4, "\1", 1) = 1
21541 14:46:05.308483 <... read resumed> "\1", 1) = 1
21541 14:46:05.308492 recvmsg(5,  <unfinished ...>
21539 14:46:05.308502 sendmsg(4, {msg_name(0)=NULL, msg_iov(1)=[{"\0", 1}], msg_controllen=16, {cmsg_len=16, cmsg_level=SOL_SOCKET, cmsg_type=SCM_RIGHTS, {6}}, msg_flags=0}, 0) = 1
21541 14:46:05.308519 <... recvmsg resumed> {msg_name(0)=NULL, msg_iov(1)=[{"\0", 1}], msg_controllen=16, {cmsg_len=16, cmsg_level=SOL_SOCKET, cmsg_type=SCM_RIGHTS, {6}}, msg_flags=0}, 0) = 1
21541 14:46:05.308533 setsockopt(6, SOL_SOCKET, SO_KEEPALIVE, [1], 4) = 0
21541 14:46:05.308545 setsockopt(6, SOL_IP, IP_TOS, [8], 4) = 0
21541 14:46:05.308558 setsockopt(6, SOL_SOCKET, SO_LINGER, {onoff=1, linger=32767}, 8) = 0
21541 14:46:05.308569 rt_sigaction(SIGALRM, {0x805cad0, ~[RTMIN RT_1], 0}, NULL, 8) = 0
21541 14:46:05.308583 alarm(300)        = 300
21541 14:46:05.308596 write(0, "150 Ok to send data.\r\n", 22) = 22
21541 14:46:05.308659 mmap2(NULL, 77824, PROT_READ|PROT_WRITE, MAP_PRIVATE|MAP_ANONYMOUS, -1, 0) = 0xb7d4e000
21541 14:46:05.308674 mprotect(0xb7d60000, 4096, PROT_NONE) = 0
21541 14:46:05.308686 mprotect(0xb7d4e000, 4096, PROT_NONE) = 0
21541 14:46:05.308696 read(6, "assasaaa\na\na\na\na\n", 65536) = 17
21541 14:46:05.308710 write(4, "assasaaa\na\na\na\na\n", 17) = 17
21541 14:46:05.308726 read(6, "", 65536) = 0
21541 14:46:05.308737 rt_sigaction(SIGALRM, {0x805cad0, ~[RTMIN RT_1], 0}, NULL, 8) = 0
21541 14:46:05.308751 alarm(300)        = 300
21541 14:46:05.308763 close(6)          = 0
21541 14:46:05.308773 alarm(0)          = 300
21541 14:46:05.308783 gettimeofday({1495651565, 308786}, NULL) = 0
21541 14:46:05.308800 getpid()          = 21541
21541 14:46:05.308812 gettimeofday({1495651565, 308816}, NULL) = 0
21541 14:46:05.308830 fcntl64(3, F_SETLKW64, {type=F_WRLCK, whence=SEEK_SET, start=0, len=0}, 0xbf8dda74) = 0
21541 14:46:05.308845 write(3, "Wed May 24 14:46:05 2017 [pid 21541] [msfadmin] OK UPLOAD: Client \"127.0.0.1\", \"/home/msfadmin/myfile30\", 17 bytes, 25.54Kbyte/sec\n", 131) = 131
21541 14:46:05.308866 fcntl64(3, F_SETLK64, {type=F_UNLCK, whence=SEEK_SET, start=0, len=0}, 0xbf8dda7c) = 0
21541 14:46:05.308880 write(0, "226 Transfer complete.\r\n", 24) = 24
21541 14:46:05.308921 write(5, "\n", 1) = 1
21541 14:46:05.308933 read(5,  <unfinished ...>
21539 14:46:05.308940 close(6)          = 0
21539 14:46:05.308959 read(4, "\n", 1)  = 1
21539 14:46:05.308971 close(5)          = 0
21539 14:46:05.308982 write(4, "\1", 1) = 1
21541 14:46:05.308993 <... read resumed> "\1", 1) = 1
21541 14:46:05.309000 close(4)          = 0
21541 14:46:05.309011 rt_sigaction(SIGALRM, {0x805cad0, ~[RTMIN RT_1], 0}, NULL, 8) = 0
21541 14:46:05.309025 alarm(300)        = 0
21541 14:46:05.309036 recv(0,  <unfinished ...>
21539 14:46:05.309044 read(4,  <unfinished ...>
21538 14:46:05.485600 <... recv resumed> "USER msfadmin\r\n", 4096, MSG_PEEK) = 15
21538 14:46:05.485745 read(0, "USER msfadmin\r\n", 15) = 15
21538 14:46:05.485867 write(0, "331 Any password will do.\r\n", 27) = 27
21538 14:46:05.485969 rt_sigaction(SIGALRM, {0x805cad0, ~[RTMIN RT_1], 0}, NULL, 8) = 0
21538 14:46:05.486004 alarm(300)        = 299
21538 14:46:05.486031 recv(0, "PASS msfadmin\r\n", 4096, MSG_PEEK) = 15
21538 14:46:05.486050 read(0, "PASS msfadmin\r\n", 15) = 15
21538 14:46:05.486066 write(0, "230 Already logged in.\r\n", 24) = 24
21538 14:46:05.486129 rt_sigaction(SIGALRM, {0x805cad0, ~[RTMIN RT_1], 0}, NULL, 8) = 0
21538 14:46:05.486145 alarm(300)        = 300
21538 14:46:05.486157 recv(0, "TYPE I\r\n", 4096, MSG_PEEK) = 8
21538 14:46:05.486169 read(0, "TYPE I\r\n", 8) = 8
21538 14:46:05.486184 write(0, "200 Switching to Binary mode.\r\n", 31) = 31
21538 14:46:05.486219 rt_sigaction(SIGALRM, {0x805cad0, ~[RTMIN RT_1], 0}, NULL, 8) = 0
21538 14:46:05.486234 alarm(300)        = 300
21538 14:46:05.486245 recv(0, "PASV\r\n", 4096, MSG_PEEK) = 6
21538 14:46:05.486256 read(0, "PASV\r\n", 6) = 6
21538 14:46:05.486268 write(5, "\n", 1 <unfinished ...>
21536 14:46:05.486279 <... read resumed> "\n", 1) = 1
21538 14:46:05.486285 <... write resumed> ) = 1
21536 14:46:05.486292 write(4, "\1", 1) = 1
21536 14:46:05.486304 read(4,  <unfinished ...>
21538 14:46:05.486311 read(5, "\1", 1)  = 1
21538 14:46:05.486323 write(5, "\f", 1 <unfinished ...>
21536 14:46:05.486330 <... read resumed> "\f", 1) = 1
21538 14:46:05.486335 <... write resumed> ) = 1
21536 14:46:05.486342 socket(PF_INET, SOCK_STREAM, IPPROTO_TCP) = 5
21536 14:46:05.486359 setsockopt(5, SOL_SOCKET, SO_REUSEADDR, [1], 4) = 0
21536 14:46:05.486373 bind(5, {sa_family=AF_INET, sin_port=htons(24690), sin_addr=inet_addr("127.0.0.1")}, 16) = 0
21536 14:46:05.486390 listen(5, 1)      = 0
21536 14:46:05.486404 write(4, "r`\0\0", 4) = 4
21536 14:46:05.486415 read(4,  <unfinished ...>
21538 14:46:05.486422 read(5, "r`\0\0", 4) = 4
21538 14:46:05.486438 write(0, "227 Entering Passive Mode (127,0,0,1,96,114).\r\n", 47) = 47
21538 14:46:05.486551 rt_sigaction(SIGALRM, {0x805cad0, ~[RTMIN RT_1], 0}, NULL, 8) = 0
21538 14:46:05.486621 alarm(300)        = 300
21538 14:46:05.486646 recv(0, "RETR myfile30\r\n", 4096, MSG_PEEK) = 15
21538 14:46:05.486659 read(0, "RETR myfile30\r\n", 15) = 15
21538 14:46:05.486673 write(5, "\v", 1 <unfinished ...>
21536 14:46:05.486681 <... read resumed> "\v", 1) = 1
21538 14:46:05.486686 <... write resumed> ) = 1
21536 14:46:05.486693 write(4, "\1\0\0\0", 4) = 4
21536 14:46:05.486704 read(4,  <unfinished ...>
21538 14:46:05.486711 read(5, "\1\0\0\0", 4) = 4
21538 14:46:05.486723 gettimeofday({1495651565, 486727}, NULL) = 0
21538 14:46:05.486734 getcwd("/home/msfadmin", 4096) = 15
21538 14:46:05.486754 open("myfile30", O_RDONLY|O_NONBLOCK|O_LARGEFILE) = 4
21538 14:46:05.486768 fcntl64(4, F_SETLKW64, {type=F_RDLCK, whence=SEEK_SET, start=0, len=0}, 0xbfa66474) = 0
21538 14:46:05.486784 fstat64(4, {st_mode=S_IFREG|0644, st_size=17, ...}) = 0
21538 14:46:05.486801 fcntl64(4, F_GETFL) = 0x8800 (flags O_RDONLY|O_NONBLOCK|O_LARGEFILE)
21538 14:46:05.486812 fcntl64(4, F_SETFL, O_RDONLY|O_LARGEFILE) = 0
21538 14:46:05.486824 write(5, "\v", 1 <unfinished ...>
21536 14:46:05.486832 <... read resumed> "\v", 1) = 1
21538 14:46:05.486837 <... write resumed> ) = 1
21536 14:46:05.486844 write(4, "\1\0\0\0", 4) = 4
21536 14:46:05.486855 read(4,  <unfinished ...>
21538 14:46:05.486862 read(5, "\1\0\0\0", 4) = 4
21538 14:46:05.486873 write(5, "\v", 1 <unfinished ...>
21536 14:46:05.486880 <... read resumed> "\v", 1) = 1
21538 14:46:05.486885 <... write resumed> ) = 1
21536 14:46:05.486891 write(4, "\1\0\0\0", 4) = 4
21536 14:46:05.486902 read(4,  <unfinished ...>
21538 14:46:05.486909 read(5, "\1\0\0\0", 4) = 4
21538 14:46:05.486920 write(5, "\r", 1 <unfinished ...>
21536 14:46:05.486927 <... read resumed> "\r", 1) = 1
21538 14:46:05.486932 <... write resumed> ) = 1
21536 14:46:05.486939 select(6, [5], NULL, NULL, {60, 0}) = 1 (in [5], left {60, 0})
21536 14:46:05.486956 accept(5, {sa_family=AF_INET, sin_port=htons(37516), sin_addr=inet_addr("127.0.0.1")}, [16]) = 6
21536 14:46:05.486979 write(4, "\1", 1) = 1
21536 14:46:05.486991 sendmsg(4, {msg_name(0)=NULL, msg_iov(1)=[{"\0", 1}], msg_controllen=16, {cmsg_len=16, cmsg_level=SOL_SOCKET, cmsg_type=SCM_RIGHTS, {6}}, msg_flags=0}, 0) = 1
21536 14:46:05.487008 close(6)          = 0
21536 14:46:05.487019 read(4,  <unfinished ...>
21538 14:46:05.487026 read(5, "\1", 1)  = 1
21538 14:46:05.487038 recvmsg(5, {msg_name(0)=NULL, msg_iov(1)=[{"\0", 1}], msg_controllen=16, {cmsg_len=16, cmsg_level=SOL_SOCKET, cmsg_type=SCM_RIGHTS, {6}}, msg_flags=0}, 0) = 1
21538 14:46:05.487057 setsockopt(6, SOL_SOCKET, SO_KEEPALIVE, [1], 4) = 0
21538 14:46:05.487069 setsockopt(6, SOL_IP, IP_TOS, [8], 4) = 0
21538 14:46:05.487082 setsockopt(6, SOL_SOCKET, SO_LINGER, {onoff=1, linger=32767}, 8) = 0
21538 14:46:05.487093 rt_sigaction(SIGALRM, {0x805cad0, ~[RTMIN RT_1], 0}, NULL, 8) = 0
21538 14:46:05.487107 alarm(300)        = 300
21538 14:46:05.487128 write(0, "150 Opening BINARY mode data connection for myfile30 (17 bytes).\r\n", 66) = 66
21538 14:46:05.487175 _llseek(4, 0, [0], SEEK_CUR) = 0
21538 14:46:05.487188 fstat64(4, {st_mode=S_IFREG|0644, st_size=17, ...}) = 0
21538 14:46:05.487205 _llseek(4, 0, [0], SEEK_SET) = 0
21538 14:46:05.487216 sendfile(6, 4, NULL, 17) = 17
21538 14:46:05.487248 rt_sigaction(SIGALRM, {0x805cad0, ~[RTMIN RT_1], 0}, NULL, 8) = 0
21538 14:46:05.487262 alarm(300)        = 300
21538 14:46:05.487273 close(6)          = 0
21538 14:46:05.487310 alarm(0)          = 300
21538 14:46:05.487321 gettimeofday({1495651565, 487324}, NULL) = 0
21538 14:46:05.487336 gettimeofday({1495651565, 487340}, NULL) = 0
21538 14:46:05.487351 fcntl64(3, F_SETLKW64, {type=F_WRLCK, whence=SEEK_SET, start=0, len=0}, 0xbfa66414) = 0
21538 14:46:05.487366 write(3, "Wed May 24 14:46:05 2017 [pid 21538] [msfadmin] OK DOWNLOAD: Client \"127.0.0.1\", \"/home/msfadmin/myfile30\", 17 bytes, 27.08Kbyte/sec\n", 133) = 133
21538 14:46:05.487387 fcntl64(3, F_SETLK64, {type=F_UNLCK, whence=SEEK_SET, start=0, len=0}, 0xbfa6641c) = 0
21538 14:46:05.487402 write(0, "226 Transfer complete.\r\n", 24) = 24
21538 14:46:05.487467 write(5, "\n", 1 <unfinished ...>
21536 14:46:05.487477 <... read resumed> "\n", 1) = 1
21538 14:46:05.487483 <... write resumed> ) = 1
21536 14:46:05.487489 close(5)          = 0
21536 14:46:05.487501 write(4, "\1", 1) = 1
21536 14:46:05.487512 read(4,  <unfinished ...>
21538 14:46:05.487669 read(5, "\1", 1)  = 1
21538 14:46:05.487684 close(4)          = 0
21538 14:46:05.487704 rt_sigaction(SIGALRM, {0x805cad0, ~[RTMIN RT_1], 0}, NULL, 8) = 0
21538 14:46:05.487718 alarm(300)        = 0
21538 14:46:05.487729 recv(0,  <unfinished ...>
21541 14:46:05.836147 <... recv resumed> "TYPE I\r\n", 4096, MSG_PEEK) = 8
21541 14:46:05.836186 read(0, "TYPE I\r\n", 8) = 8
21541 14:46:05.836209 write(0, "200 Switching to Binary mode.\r\n", 31) = 31
21541 14:46:05.836258 rt_sigaction(SIGALRM, {0x805cad0, ~[RTMIN RT_1], 0}, NULL, 8) = 0
21541 14:46:05.836276 alarm(300)        = 299
21541 14:46:05.836290 recv(0, "PASV\r\n", 4096, MSG_PEEK) = 6
21541 14:46:05.836301 read(0, "PASV\r\n", 6) = 6
21541 14:46:05.836313 write(5, "\n", 1) = 1
21541 14:46:05.836326 read(5,  <unfinished ...>
21539 14:46:05.836335 <... read resumed> "\n", 1) = 1
21539 14:46:05.836344 write(4, "\1", 1) = 1
21541 14:46:05.836355 <... read resumed> "\1", 1) = 1
21541 14:46:05.836363 write(5, "\f", 1) = 1
21541 14:46:05.836373 read(5,  <unfinished ...>
21539 14:46:05.836380 read(4, "\f", 1)  = 1
21539 14:46:05.836392 socket(PF_INET, SOCK_STREAM, IPPROTO_TCP) = 5
21539 14:46:05.836408 setsockopt(5, SOL_SOCKET, SO_REUSEADDR, [1], 4) = 0
21539 14:46:05.836423 bind(5, {sa_family=AF_INET, sin_port=htons(18695), sin_addr=inet_addr("127.0.0.1")}, 16) = 0
21539 14:46:05.836440 listen(5, 1)      = 0
21539 14:46:05.836454 write(4, "\7I\0\0", 4) = 4
21541 14:46:05.836465 <... read resumed> "\7I\0\0", 4) = 4
21541 14:46:05.836477 write(0, "227 Entering Passive Mode (127,0,0,1,73,7).\r\n", 45) = 45
21541 14:46:05.836591 rt_sigaction(SIGALRM, {0x805cad0, ~[RTMIN RT_1], 0}, NULL, 8) = 0
21541 14:46:05.836608 alarm(300)        = 300
21541 14:46:05.836620 recv(0, "STOR myfile31\r\n", 4096, MSG_PEEK) = 15
21541 14:46:05.836632 read(0, "STOR myfile31\r\n", 15) = 15
21541 14:46:05.836646 write(5, "\v", 1) = 1
21541 14:46:05.836657 read(5,  <unfinished ...>
21539 14:46:05.836664 read(4, "\v", 1)  = 1
21539 14:46:05.836675 write(4, "\1\0\0\0", 4) = 4
21541 14:46:05.836686 <... read resumed> "\1\0\0\0", 4) = 4
21541 14:46:05.836694 gettimeofday({1495651565, 836698}, NULL) = 0
21541 14:46:05.836706 getcwd("/home/msfadmin", 4096) = 15
21541 14:46:05.836718 open("myfile31", O_WRONLY|O_CREAT|O_NONBLOCK|O_LARGEFILE, 0666) = 4
21541 14:46:05.836733 fstat64(4, {st_mode=S_IFREG|0644, st_size=17, ...}) = 0
21541 14:46:05.836751 fcntl64(4, F_GETFL) = 0x8801 (flags O_WRONLY|O_NONBLOCK|O_LARGEFILE)
21541 14:46:05.836763 fcntl64(4, F_SETFL, O_WRONLY|O_LARGEFILE) = 0
21541 14:46:05.836773 fcntl64(4, F_SETLKW64, {type=F_WRLCK, whence=SEEK_SET, start=0, len=0}, 0xbf8ddad4) = 0
21541 14:46:05.836788 ftruncate64(4, 0) = 0
21541 14:46:05.836806 _llseek(4, 0, [0], SEEK_SET) = 0
21541 14:46:05.836818 write(5, "\v", 1) = 1
21541 14:46:05.836829 read(5,  <unfinished ...>
21539 14:46:05.836836 read(4, "\v", 1)  = 1
21539 14:46:05.836847 write(4, "\1\0\0\0", 4) = 4
21541 14:46:05.836879 <... read resumed> "\1\0\0\0", 4) = 4
21541 14:46:05.836889 write(5, "\v", 1) = 1
21541 14:46:05.836909 read(5,  <unfinished ...>
21539 14:46:05.836916 read(4, "\v", 1)  = 1
21539 14:46:05.836928 write(4, "\1\0\0\0", 4) = 4
21541 14:46:05.836938 <... read resumed> "\1\0\0\0", 4) = 4
21541 14:46:05.836946 write(5, "\r", 1) = 1
21541 14:46:05.836956 read(5,  <unfinished ...>
21539 14:46:05.836963 read(4, "\r", 1)  = 1
21539 14:46:05.836975 select(6, [5], NULL, NULL, {60, 0}) = 1 (in [5], left {60, 0})
21539 14:46:05.836992 accept(5, {sa_family=AF_INET, sin_port=htons(58116), sin_addr=inet_addr("127.0.0.1")}, [16]) = 6
21539 14:46:05.837015 write(4, "\1", 1) = 1
21541 14:46:05.837026 <... read resumed> "\1", 1) = 1
21541 14:46:05.837034 recvmsg(5,  <unfinished ...>
21539 14:46:05.837043 sendmsg(4, {msg_name(0)=NULL, msg_iov(1)=[{"\0", 1}], msg_controllen=16, {cmsg_len=16, cmsg_level=SOL_SOCKET, cmsg_type=SCM_RIGHTS, {6}}, msg_flags=0}, 0) = 1
21541 14:46:05.837061 <... recvmsg resumed> {msg_name(0)=NULL, msg_iov(1)=[{"\0", 1}], msg_controllen=16, {cmsg_len=16, cmsg_level=SOL_SOCKET, cmsg_type=SCM_RIGHTS, {6}}, msg_flags=0}, 0) = 1
21541 14:46:05.837074 setsockopt(6, SOL_SOCKET, SO_KEEPALIVE, [1], 4) = 0
21541 14:46:05.837087 setsockopt(6, SOL_IP, IP_TOS, [8], 4) = 0
21541 14:46:05.837099 setsockopt(6, SOL_SOCKET, SO_LINGER, {onoff=1, linger=32767}, 8) = 0
21541 14:46:05.837111 rt_sigaction(SIGALRM, {0x805cad0, ~[RTMIN RT_1], 0}, NULL, 8) = 0
21541 14:46:05.837129 alarm(300)        = 300
21541 14:46:05.837142 write(0, "150 Ok to send data.\r\n", 22) = 22
21541 14:46:05.837209 read(6, "assasaaa\na\na\na\na\n", 65536) = 17
21541 14:46:05.837223 write(4, "assasaaa\na\na\na\na\n", 17) = 17
21541 14:46:05.837240 read(6, "", 65536) = 0
21541 14:46:05.837251 rt_sigaction(SIGALRM, {0x805cad0, ~[RTMIN RT_1], 0}, NULL, 8) = 0
21541 14:46:05.837265 alarm(300)        = 300
21541 14:46:05.837276 close(6)          = 0
21541 14:46:05.837285 alarm(0)          = 300
21541 14:46:05.837295 gettimeofday({1495651565, 837299}, NULL) = 0
21541 14:46:05.837311 gettimeofday({1495651565, 837315}, NULL) = 0
21541 14:46:05.837325 fcntl64(3, F_SETLKW64, {type=F_WRLCK, whence=SEEK_SET, start=0, len=0}, 0xbf8dda74) = 0
21541 14:46:05.837340 write(3, "Wed May 24 14:46:05 2017 [pid 21541] [msfadmin] OK UPLOAD: Client \"127.0.0.1\", \"/home/msfadmin/myfile31\", 17 bytes, 26.91Kbyte/sec\n", 131) = 131
21541 14:46:05.837361 fcntl64(3, F_SETLK64, {type=F_UNLCK, whence=SEEK_SET, start=0, len=0}, 0xbf8dda7c) = 0
21541 14:46:05.837370 write(0, "226 Transfer complete.\r\n", 24) = 24
21541 14:46:05.837370 write(5, "\n", 1) = 1
21541 14:46:05.837370 read(5,  <unfinished ...>
21539 14:46:05.837370 close(6)          = 0
21539 14:46:05.837371 read(4, "\n", 1)  = 1
21539 14:46:05.837371 close(5)          = 0
21539 14:46:05.837371 write(4, "\1", 1) = 1
21541 14:46:05.837371 <... read resumed> "\1", 1) = 1
21541 14:46:05.837372 close(4)          = 0
21541 14:46:05.837372 rt_sigaction(SIGALRM, {0x805cad0, ~[RTMIN RT_1], 0}, NULL, 8) = 0
21541 14:46:05.837376 alarm(300)        = 0
21541 14:46:05.837388 recv(0,  <unfinished ...>
21539 14:46:05.837395 read(4,  <unfinished ...>
21538 14:46:06.075728 <... recv resumed> "USER msfadmin\r\n", 4096, MSG_PEEK) = 15
21538 14:46:06.075816 read(0, "USER msfadmin\r\n", 15) = 15
21538 14:46:06.075887 write(0, "331 Any password will do.\r\n", 27) = 27
21538 14:46:06.075964 rt_sigaction(SIGALRM, {0x805cad0, ~[RTMIN RT_1], 0}, NULL, 8) = 0
21538 14:46:06.075994 alarm(300)        = 299
21538 14:46:06.076016 recv(0, "PASS msfadmin\r\n", 4096, MSG_PEEK) = 15
21538 14:46:06.076028 read(0, "PASS msfadmin\r\n", 15) = 15
21538 14:46:06.076045 write(0, "230 Already logged in.\r\n", 24) = 24
21538 14:46:06.076107 rt_sigaction(SIGALRM, {0x805cad0, ~[RTMIN RT_1], 0}, NULL, 8) = 0
21538 14:46:06.076123 alarm(300)        = 300
21538 14:46:06.076135 recv(0, "TYPE I\r\n", 4096, MSG_PEEK) = 8
21538 14:46:06.076146 read(0, "TYPE I\r\n", 8) = 8
21538 14:46:06.076161 write(0, "200 Switching to Binary mode.\r\n", 31) = 31
21538 14:46:06.076198 rt_sigaction(SIGALRM, {0x805cad0, ~[RTMIN RT_1], 0}, NULL, 8) = 0
21538 14:46:06.076212 alarm(300)        = 300
21538 14:46:06.076223 recv(0, "PASV\r\n", 4096, MSG_PEEK) = 6
21538 14:46:06.076234 read(0, "PASV\r\n", 6) = 6
21538 14:46:06.076246 write(5, "\n", 1 <unfinished ...>
21536 14:46:06.076258 <... read resumed> "\n", 1) = 1
21538 14:46:06.076264 <... write resumed> ) = 1
21536 14:46:06.076271 write(4, "\1", 1) = 1
21536 14:46:06.076282 read(4,  <unfinished ...>
21538 14:46:06.076290 read(5, "\1", 1)  = 1
21538 14:46:06.076301 write(5, "\f", 1 <unfinished ...>
21536 14:46:06.076309 <... read resumed> "\f", 1) = 1
21538 14:46:06.076314 <... write resumed> ) = 1
21536 14:46:06.076321 socket(PF_INET, SOCK_STREAM, IPPROTO_TCP) = 5
21536 14:46:06.076337 setsockopt(5, SOL_SOCKET, SO_REUSEADDR, [1], 4) = 0
21536 14:46:06.076352 bind(5, {sa_family=AF_INET, sin_port=htons(9055), sin_addr=inet_addr("127.0.0.1")}, 16) = 0
21536 14:46:06.076370 listen(5, 1)      = 0
21536 14:46:06.076383 write(4, "_#\0\0", 4) = 4
21536 14:46:06.076395 read(4,  <unfinished ...>
21538 14:46:06.076402 read(5, "_#\0\0", 4) = 4
21538 14:46:06.076418 write(0, "227 Entering Passive Mode (127,0,0,1,35,95).\r\n", 46) = 46
21538 14:46:06.076564 rt_sigaction(SIGALRM, {0x805cad0, ~[RTMIN RT_1], 0}, NULL, 8) = 0
21538 14:46:06.076582 alarm(300)        = 300
21538 14:46:06.076604 recv(0, "RETR myfile31\r\n", 4096, MSG_PEEK) = 15
21538 14:46:06.076624 read(0, "RETR myfile31\r\n", 15) = 15
21538 14:46:06.076638 write(5, "\v", 1 <unfinished ...>
21536 14:46:06.076646 <... read resumed> "\v", 1) = 1
21538 14:46:06.076652 <... write resumed> ) = 1
21536 14:46:06.076658 write(4, "\1\0\0\0", 4) = 4
21536 14:46:06.076669 read(4,  <unfinished ...>
21538 14:46:06.076676 read(5, "\1\0\0\0", 4) = 4
21538 14:46:06.076688 gettimeofday({1495651566, 76692}, NULL) = 0
21538 14:46:06.076700 getcwd("/home/msfadmin", 4096) = 15
21538 14:46:06.076713 open("myfile31", O_RDONLY|O_NONBLOCK|O_LARGEFILE) = 4
21538 14:46:06.076727 fcntl64(4, F_SETLKW64, {type=F_RDLCK, whence=SEEK_SET, start=0, len=0}, 0xbfa66474) = 0
21538 14:46:06.076742 fstat64(4, {st_mode=S_IFREG|0644, st_size=17, ...}) = 0
21538 14:46:06.076760 fcntl64(4, F_GETFL) = 0x8800 (flags O_RDONLY|O_NONBLOCK|O_LARGEFILE)
21538 14:46:06.076771 fcntl64(4, F_SETFL, O_RDONLY|O_LARGEFILE) = 0
21538 14:46:06.076783 write(5, "\v", 1 <unfinished ...>
21536 14:46:06.076791 <... read resumed> "\v", 1) = 1
21538 14:46:06.076796 <... write resumed> ) = 1
21536 14:46:06.076802 write(4, "\1\0\0\0", 4) = 4
21536 14:46:06.076813 read(4,  <unfinished ...>
21538 14:46:06.076820 read(5, "\1\0\0\0", 4) = 4
21538 14:46:06.076832 write(5, "\v", 1 <unfinished ...>
21536 14:46:06.076839 <... read resumed> "\v", 1) = 1
21538 14:46:06.076844 <... write resumed> ) = 1
21536 14:46:06.076850 write(4, "\1\0\0\0", 4) = 4
21536 14:46:06.076861 read(4,  <unfinished ...>
21538 14:46:06.076868 read(5, "\1\0\0\0", 4) = 4
21538 14:46:06.076879 write(5, "\r", 1 <unfinished ...>
21536 14:46:06.076886 <... read resumed> "\r", 1) = 1
21538 14:46:06.076891 <... write resumed> ) = 1
21536 14:46:06.076898 select(6, [5], NULL, NULL, {60, 0}) = 1 (in [5], left {60, 0})
21536 14:46:06.076915 accept(5, {sa_family=AF_INET, sin_port=htons(33319), sin_addr=inet_addr("127.0.0.1")}, [16]) = 6
21536 14:46:06.076937 write(4, "\1", 1) = 1
21536 14:46:06.076950 sendmsg(4, {msg_name(0)=NULL, msg_iov(1)=[{"\0", 1}], msg_controllen=16, {cmsg_len=16, cmsg_level=SOL_SOCKET, cmsg_type=SCM_RIGHTS, {6}}, msg_flags=0}, 0) = 1
21536 14:46:06.076967 close(6)          = 0
21536 14:46:06.076977 read(4,  <unfinished ...>
21538 14:46:06.076984 read(5, "\1", 1)  = 1
21538 14:46:06.076997 recvmsg(5, {msg_name(0)=NULL, msg_iov(1)=[{"\0", 1}], msg_controllen=16, {cmsg_len=16, cmsg_level=SOL_SOCKET, cmsg_type=SCM_RIGHTS, {6}}, msg_flags=0}, 0) = 1
21538 14:46:06.077015 setsockopt(6, SOL_SOCKET, SO_KEEPALIVE, [1], 4) = 0
21538 14:46:06.077028 setsockopt(6, SOL_IP, IP_TOS, [8], 4) = 0
21538 14:46:06.077040 setsockopt(6, SOL_SOCKET, SO_LINGER, {onoff=1, linger=32767}, 8) = 0
21538 14:46:06.077052 rt_sigaction(SIGALRM, {0x805cad0, ~[RTMIN RT_1], 0}, NULL, 8) = 0
21538 14:46:06.077065 alarm(300)        = 300
21538 14:46:06.077078 write(0, "150 Opening BINARY mode data connection for myfile31 (17 bytes).\r\n", 66) = 66
21538 14:46:06.077120 _llseek(4, 0, [0], SEEK_CUR) = 0
21538 14:46:06.077133 fstat64(4, {st_mode=S_IFREG|0644, st_size=17, ...}) = 0
21538 14:46:06.077154 _llseek(4, 0, [0], SEEK_SET) = 0
21538 14:46:06.077166 sendfile(6, 4, NULL, 17) = 17
21538 14:46:06.077198 rt_sigaction(SIGALRM, {0x805cad0, ~[RTMIN RT_1], 0}, NULL, 8) = 0
21538 14:46:06.077213 alarm(300)        = 300
21538 14:46:06.077223 close(6)          = 0
21538 14:46:06.077261 alarm(0)          = 300
21538 14:46:06.077272 gettimeofday({1495651566, 77276}, NULL) = 0
21538 14:46:06.077288 gettimeofday({1495651566, 77292}, NULL) = 0
21538 14:46:06.077303 fcntl64(3, F_SETLKW64, {type=F_WRLCK, whence=SEEK_SET, start=0, len=0}, 0xbfa66414) = 0
21538 14:46:06.077318 write(3, "Wed May 24 14:46:06 2017 [pid 21538] [msfadmin] OK DOWNLOAD: Client \"127.0.0.1\", \"/home/msfadmin/myfile31\", 17 bytes, 27.67Kbyte/sec\n", 133) = 133
21538 14:46:06.077340 fcntl64(3, F_SETLK64, {type=F_UNLCK, whence=SEEK_SET, start=0, len=0}, 0xbfa6641c) = 0
21538 14:46:06.077354 write(0, "226 Transfer complete.\r\n", 24) = 24
21538 14:46:06.077419 write(5, "\n", 1 <unfinished ...>
21536 14:46:06.077429 <... read resumed> "\n", 1) = 1
21538 14:46:06.077438 <... write resumed> ) = 1
21536 14:46:06.077444 close(5)          = 0
21536 14:46:06.077456 write(4, "\1", 1) = 1
21536 14:46:06.077503 read(4,  <unfinished ...>
21538 14:46:06.077514 read(5, "\1", 1)  = 1
21538 14:46:06.077526 close(4)          = 0
21538 14:46:06.077538 rt_sigaction(SIGALRM, {0x805cad0, ~[RTMIN RT_1], 0}, NULL, 8) = 0
21538 14:46:06.077562 alarm(300)        = 0
21538 14:46:06.077573 recv(0,  <unfinished ...>
21541 14:46:06.375218 <... recv resumed> "TYPE I\r\n", 4096, MSG_PEEK) = 8
21541 14:46:06.375249 read(0, "TYPE I\r\n", 8) = 8
21541 14:46:06.375271 write(0, "200 Switching to Binary mode.\r\n", 31) = 31
21541 14:46:06.375320 rt_sigaction(SIGALRM, {0x805cad0, ~[RTMIN RT_1], 0}, NULL, 8) = 0
21541 14:46:06.375338 alarm(300)        = 299
21541 14:46:06.375351 recv(0, "PASV\r\n", 4096, MSG_PEEK) = 6
21541 14:46:06.375363 read(0, "PASV\r\n", 6) = 6
21541 14:46:06.375375 write(5, "\n", 1) = 1
21541 14:46:06.375388 read(5,  <unfinished ...>
21539 14:46:06.375402 <... read resumed> "\n", 1) = 1
21539 14:46:06.375411 write(4, "\1", 1) = 1
21541 14:46:06.375422 <... read resumed> "\1", 1) = 1
21541 14:46:06.375430 write(5, "\f", 1) = 1
21541 14:46:06.375440 read(5,  <unfinished ...>
21539 14:46:06.375447 read(4, "\f", 1)  = 1
21539 14:46:06.375459 socket(PF_INET, SOCK_STREAM, IPPROTO_TCP) = 5
21539 14:46:06.375475 setsockopt(5, SOL_SOCKET, SO_REUSEADDR, [1], 4) = 0
21539 14:46:06.375490 bind(5, {sa_family=AF_INET, sin_port=htons(53567), sin_addr=inet_addr("127.0.0.1")}, 16) = 0
21539 14:46:06.375507 listen(5, 1)      = 0
21539 14:46:06.375521 write(4, "?\321\0\0", 4) = 4
21541 14:46:06.375533 <... read resumed> "?\321\0\0", 4) = 4
21541 14:46:06.375545 write(0, "227 Entering Passive Mode (127,0,0,1,209,63).\r\n", 47) = 47
21541 14:46:06.375659 rt_sigaction(SIGALRM, {0x805cad0, ~[RTMIN RT_1], 0}, NULL, 8) = 0
21541 14:46:06.375675 alarm(300)        = 300
21541 14:46:06.375687 recv(0, "STOR myfile32\r\n", 4096, MSG_PEEK) = 15
21541 14:46:06.375700 read(0, "STOR myfile32\r\n", 15) = 15
21541 14:46:06.375714 write(5, "\v", 1) = 1
21541 14:46:06.375724 read(5,  <unfinished ...>
21539 14:46:06.375732 read(4, "\v", 1)  = 1
21539 14:46:06.375743 write(4, "\1\0\0\0", 4) = 4
21541 14:46:06.375754 <... read resumed> "\1\0\0\0", 4) = 4
21541 14:46:06.375762 gettimeofday({1495651566, 375766}, NULL) = 0
21541 14:46:06.375774 getcwd("/home/msfadmin", 4096) = 15
21541 14:46:06.375787 open("myfile32", O_WRONLY|O_CREAT|O_NONBLOCK|O_LARGEFILE, 0666) = 4
21541 14:46:06.375802 fstat64(4, {st_mode=S_IFREG|0644, st_size=17, ...}) = 0
21541 14:46:06.375819 fcntl64(4, F_GETFL) = 0x8801 (flags O_WRONLY|O_NONBLOCK|O_LARGEFILE)
21541 14:46:06.375831 fcntl64(4, F_SETFL, O_WRONLY|O_LARGEFILE) = 0
21541 14:46:06.375841 fcntl64(4, F_SETLKW64, {type=F_WRLCK, whence=SEEK_SET, start=0, len=0}, 0xbf8ddad4) = 0
21541 14:46:06.375856 ftruncate64(4, 0) = 0
21541 14:46:06.375875 _llseek(4, 0, [0], SEEK_SET) = 0
21541 14:46:06.375887 write(5, "\v", 1) = 1
