25222 15:34:38.177563 connect(4, {sa_family=AF_FILE, path="/var/run/nscd/socket"}, 110) = -1 ENOENT (No such file or directory)
25222 15:34:38.177594 close(4)          = 0
25222 15:34:38.177628 open("/etc/group", O_RDONLY|0x80000 /* O_??? */) = 4
25222 15:34:38.177642 _llseek(4, 0, [0], SEEK_CUR) = 0
25222 15:34:38.177652 fstat64(4, {st_mode=S_IFREG|0644, st_size=886, ...}) = 0
25222 15:34:38.177669 mmap2(NULL, 886, PROT_READ, MAP_SHARED, 4, 0) = 0xb7f11000
25222 15:34:38.177680 _llseek(4, 886, [886], SEEK_SET) = 0
25222 15:34:38.177704 fstat64(4, {st_mode=S_IFREG|0644, st_size=886, ...}) = 0
25222 15:34:38.177720 munmap(0xb7f11000, 886) = 0
25222 15:34:38.177730 close(4)          = 0
25222 15:34:38.177740 setgroups32(13, [1000, 4, 20, 24, 25, 29, 30, 44, 46, 107, 111, 112, 119]) = 0
25222 15:34:38.177756 geteuid32()       = 0
25222 15:34:38.177766 getegid32()       = 0
25222 15:34:38.177777 setregid32(-1, 1000) = 0
25222 15:34:38.177787 setreuid32(-1, 1000) = 0
25222 15:34:38.177797 chdir("/home/msfadmin") = 0
25222 15:34:38.177808 setreuid32(-1, 0) = 0
25222 15:34:38.177817 setregid32(-1, 0) = 0
25222 15:34:38.177827 setgid32(1000)    = 0
25222 15:34:38.177837 setuid32(1000)    = 0
25222 15:34:38.177847 setrlimit(RLIMIT_NPROC, {rlim_cur=0, rlim_max=0}) = 0
25222 15:34:38.177859 mmap2(NULL, 12288, PROT_READ|PROT_WRITE, MAP_PRIVATE|MAP_ANONYMOUS, -1, 0) = 0xb7f0f000
25222 15:34:38.177870 mprotect(0xb7f11000, 4096, PROT_NONE) = 0
25222 15:34:38.177882 mprotect(0xb7f0f000, 4096, PROT_NONE) = 0
25222 15:34:38.177892 getcwd("/home/msfadmin", 4096) = 15
25222 15:34:38.177905 umask(022)        = 077
25222 15:34:38.177915 getcwd("/home/msfadmin", 4096) = 15
25222 15:34:38.177928 open(".message", O_RDONLY|O_NONBLOCK|O_LARGEFILE) = -1 ENOENT (No such file or directory)
25222 15:34:38.177953 write(0, "230 Login successful.\r\n", 23) = 23
25222 15:34:38.178033 rt_sigaction(SIGALRM, {0x805cad0, ~[RTMIN RT_1], 0}, NULL, 8) = 0
25222 15:34:38.178050 alarm(300)        = 0
25222 15:34:38.178060 mmap2(NULL, 12288, PROT_READ|PROT_WRITE, MAP_PRIVATE|MAP_ANONYMOUS, -1, 0) = 0xb7f0c000
25222 15:34:38.178071 mprotect(0xb7f0e000, 4096, PROT_NONE) = 0
25222 15:34:38.178082 mprotect(0xb7f0c000, 4096, PROT_NONE) = 0
25222 15:34:38.178095 recv(0, "TYPE I\r\n", 4096, MSG_PEEK) = 8
25222 15:34:38.178107 read(0, "TYPE I\r\n", 8) = 8
25222 15:34:38.178124 write(0, "200 Switching to Binary mode.\r\n", 31) = 31
25222 15:34:38.178162 rt_sigaction(SIGALRM, {0x805cad0, ~[RTMIN RT_1], 0}, NULL, 8) = 0
25222 15:34:38.178177 alarm(300)        = 300
25222 15:34:38.178188 recv(0, "PASV\r\n", 4096, MSG_PEEK) = 6
25222 15:34:38.178199 read(0, "PASV\r\n", 6) = 6
25222 15:34:38.178210 write(5, "\n", 1) = 1
25222 15:34:38.178221 read(5,  <unfinished ...>
25220 15:34:38.178233 close(5)          = 0
25220 15:34:38.178246 getuid32()        = 0
25220 15:34:38.178260 open("/etc/passwd", O_RDONLY|0x80000 /* O_??? */) = 5
25220 15:34:38.178274 _llseek(5, 0, [0], SEEK_CUR) = 0
25220 15:34:38.178286 fstat64(5, {st_mode=S_IFREG|0644, st_size=1624, ...}) = 0
25220 15:34:38.178303 mmap2(NULL, 1624, PROT_READ, MAP_SHARED, 5, 0) = 0xb7f11000
25220 15:34:38.178315 _llseek(5, 1624, [1624], SEEK_SET) = 0
25220 15:34:38.178332 munmap(0xb7f11000, 1624) = 0
25220 15:34:38.178343 close(5)          = 0
25220 15:34:38.178358 setgroups32(0, []) = 0
25220 15:34:38.178369 chdir("/usr/share/empty") = 0
25220 15:34:38.178381 chroot(".")       = 0
25220 15:34:38.178391 capset(NULL, NULL) = -1 EFAULT (Bad address)
25220 15:34:38.178404 prctl(0x8, 0, 0xbff3c9d8, 0x80549a6, 0xbff3c9c0) = 0
25220 15:34:38.178415 prctl(0x8, 0x1, 0xbff3c9d8, 0x8054a49, 0xbff3c9c0) = 0
25220 15:34:38.178425 setgid32(65534)   = 0
25220 15:34:38.178435 setuid32(65534)   = 0
25220 15:34:38.178444 capset(0x19980330, 0, {CAP_NET_BIND_SERVICE, CAP_NET_BIND_SERVICE, 0}) = 0
25220 15:34:38.178456 read(4, "\n", 1)  = 1
25220 15:34:38.178469 write(4, "\1", 1) = 1
25222 15:34:38.178480 <... read resumed> "\1", 1) = 1
25222 15:34:38.178488 write(5, "\f", 1) = 1
25222 15:34:38.178497 read(5,  <unfinished ...>
25220 15:34:38.178504 read(4, "\f", 1)  = 1
25220 15:34:38.178516 socket(PF_INET, SOCK_STREAM, IPPROTO_TCP) = 5
25220 15:34:38.178529 setsockopt(5, SOL_SOCKET, SO_REUSEADDR, [1], 4) = 0
25220 15:34:38.178560 gettimeofday({1495654478, 178568}, NULL) = 0
25220 15:34:38.178591 bind(5, {sa_family=AF_INET, sin_port=htons(10518), sin_addr=inet_addr("127.0.0.1")}, 16) = 0
25220 15:34:38.178607 listen(5, 1)      = 0
25220 15:34:38.178620 write(4, "\26)\0\0", 4) = 4
25222 15:34:38.178631 <... read resumed> "\26)\0\0", 4) = 4
25222 15:34:38.178645 write(0, "227 Entering Passive Mode (127,0,0,1,41,22).\r\n", 46) = 46
25222 15:34:38.178743 rt_sigaction(SIGALRM, {0x805cad0, ~[RTMIN RT_1], 0}, NULL, 8) = 0
25222 15:34:38.178761 alarm(300)        = 300
25222 15:34:38.178772 recv(0, "STOR myfile38\r\n", 4096, MSG_PEEK) = 15
25222 15:34:38.178784 read(0, "STOR myfile38\r\n", 15) = 15
25222 15:34:38.178799 write(5, "\v", 1) = 1
25222 15:34:38.178809 read(5,  <unfinished ...>
25220 15:34:38.178816 read(4, "\v", 1)  = 1
25220 15:34:38.178827 write(4, "\1\0\0\0", 4) = 4
25222 15:34:38.178837 <... read resumed> "\1\0\0\0", 4) = 4
25222 15:34:38.178845 gettimeofday({1495654478, 178849}, NULL) = 0
25222 15:34:38.178856 getcwd("/home/msfadmin", 4096) = 15
25222 15:34:38.178868 open("myfile38", O_WRONLY|O_CREAT|O_NONBLOCK|O_LARGEFILE, 0666) = 4
25222 15:34:38.178881 fstat64(4, {st_mode=S_IFREG|0644, st_size=17, ...}) = 0
25222 15:34:38.178898 fcntl64(4, F_GETFL) = 0x8801 (flags O_WRONLY|O_NONBLOCK|O_LARGEFILE)
25222 15:34:38.178909 fcntl64(4, F_SETFL, O_WRONLY|O_LARGEFILE) = 0
25222 15:34:38.178918 fcntl64(4, F_SETLKW64, {type=F_WRLCK, whence=SEEK_SET, start=0, len=0}, 0xbff3c924) = 0
25222 15:34:38.178933 ftruncate64(4, 0) = 0
25222 15:34:38.178952 _llseek(4, 0, [0], SEEK_SET) = 0
25222 15:34:38.178966 write(5, "\v", 1) = 1
25222 15:34:38.178977 read(5,  <unfinished ...>
25220 15:34:38.178983 read(4, "\v", 1)  = 1
25220 15:34:38.178994 write(4, "\1\0\0\0", 4) = 4
25222 15:34:38.179004 <... read resumed> "\1\0\0\0", 4) = 4
25222 15:34:38.179012 write(5, "\v", 1) = 1
25222 15:34:38.179021 read(5,  <unfinished ...>
25220 15:34:38.179028 read(4, "\v", 1)  = 1
25220 15:34:38.179038 write(4, "\1\0\0\0", 4) = 4
25222 15:34:38.179048 <... read resumed> "\1\0\0\0", 4) = 4
25222 15:34:38.179055 write(5, "\r", 1) = 1
25222 15:34:38.179065 read(5,  <unfinished ...>
25220 15:34:38.179071 read(4, "\r", 1)  = 1
25220 15:34:38.179083 select(6, [5], NULL, NULL, {60, 0}) = 1 (in [5], left {60, 0})
25220 15:34:38.179100 accept(5, {sa_family=AF_INET, sin_port=htons(42117), sin_addr=inet_addr("127.0.0.1")}, [16]) = 6
25220 15:34:38.179121 write(4, "\1", 1) = 1
25222 15:34:38.179131 <... read resumed> "\1", 1) = 1
25222 15:34:38.179140 recvmsg(5,  <unfinished ...>
25220 15:34:38.179150 sendmsg(4, {msg_name(0)=NULL, msg_iov(1)=[{"\0", 1}], msg_controllen=16, {cmsg_len=16, cmsg_level=SOL_SOCKET, cmsg_type=SCM_RIGHTS, {6}}, msg_flags=0}, 0) = 1
25222 15:34:38.179167 <... recvmsg resumed> {msg_name(0)=NULL, msg_iov(1)=[{"\0", 1}], msg_controllen=16, {cmsg_len=16, cmsg_level=SOL_SOCKET, cmsg_type=SCM_RIGHTS, {6}}, msg_flags=0}, 0) = 1
25222 15:34:38.179180 setsockopt(6, SOL_SOCKET, SO_KEEPALIVE, [1], 4) = 0
25222 15:34:38.179192 setsockopt(6, SOL_IP, IP_TOS, [8], 4) = 0
25222 15:34:38.179203 setsockopt(6, SOL_SOCKET, SO_LINGER, {onoff=1, linger=32767}, 8) = 0
25222 15:34:38.179214 rt_sigaction(SIGALRM, {0x805cad0, ~[RTMIN RT_1], 0}, NULL, 8) = 0
25222 15:34:38.179227 alarm(300)        = 300
25222 15:34:38.179239 write(0, "150 Ok to send data.\r\n", 22) = 22
25222 15:34:38.179301 mmap2(NULL, 77824, PROT_READ|PROT_WRITE, MAP_PRIVATE|MAP_ANONYMOUS, -1, 0) = 0xb7d46000
25222 15:34:38.179314 mprotect(0xb7d58000, 4096, PROT_NONE) = 0
25222 15:34:38.179326 mprotect(0xb7d46000, 4096, PROT_NONE) = 0
25222 15:34:38.179335 read(6, "assasaaa\na\na\na\na\n", 65536) = 17
25222 15:34:38.179348 write(4, "assasaaa\na\na\na\na\n", 17) = 17
25222 15:34:38.179363 read(6, "", 65536) = 0
25222 15:34:38.179373 rt_sigaction(SIGALRM, {0x805cad0, ~[RTMIN RT_1], 0}, NULL, 8) = 0
25222 15:34:38.179387 alarm(300)        = 300
25222 15:34:38.179396 close(6)          = 0
25222 15:34:38.179405 alarm(0)          = 300
25222 15:34:38.179414 gettimeofday({1495654478, 179417}, NULL) = 0
25222 15:34:38.179431 getpid()          = 25222
25222 15:34:38.179442 gettimeofday({1495654478, 179446}, NULL) = 0
25222 15:34:38.179462 fcntl64(3, F_SETLKW64, {type=F_WRLCK, whence=SEEK_SET, start=0, len=0}, 0xbff3c8c4) = 0
25222 15:34:38.179478 write(3, "Wed May 24 15:34:38 2017 [pid 25222] [msfadmin] OK UPLOAD: Client \"127.0.0.1\", \"/home/msfadmin/myfile38\", 17 bytes, 27.81Kbyte/sec\n", 131) = 131
25222 15:34:38.179498 fcntl64(3, F_SETLK64, {type=F_UNLCK, whence=SEEK_SET, start=0, len=0}, 0xbff3c8cc) = 0
25222 15:34:38.179526 write(0, "226 Transfer complete.\r\n", 24) = 24
25222 15:34:38.179578 write(5, "\n", 1) = 1
25222 15:34:38.179589 read(5,  <unfinished ...>
25220 15:34:38.179596 close(6)          = 0
25220 15:34:38.179614 read(4, "\n", 1)  = 1
25220 15:34:38.179625 close(5)          = 0
25220 15:34:38.179635 write(4, "\1", 1) = 1
25222 15:34:38.179645 <... read resumed> "\1", 1) = 1
25222 15:34:38.179652 close(4)          = 0
25222 15:34:38.179662 rt_sigaction(SIGALRM, {0x805cad0, ~[RTMIN RT_1], 0}, NULL, 8) = 0
25222 15:34:38.179675 alarm(300)        = 0
25222 15:34:38.179686 recv(0,  <unfinished ...>
25220 15:34:38.179693 read(4,  <unfinished ...>
25222 15:34:38.727586 <... recv resumed> "TYPE I\r\n", 4096, MSG_PEEK) = 8
25222 15:34:38.727617 read(0, "TYPE I\r\n", 8) = 8
25222 15:34:38.727638 write(0, "200 Switching to Binary mode.\r\n", 31) = 31
25222 15:34:38.727685 rt_sigaction(SIGALRM, {0x805cad0, ~[RTMIN RT_1], 0}, NULL, 8) = 0
25222 15:34:38.727702 alarm(300)        = 299
25222 15:34:38.727714 recv(0, "PASV\r\n", 4096, MSG_PEEK) = 6
25222 15:34:38.727726 read(0, "PASV\r\n", 6) = 6
25222 15:34:38.727747 write(5, "\n", 1) = 1
25222 15:34:38.727759 read(5,  <unfinished ...>
25220 15:34:38.727768 <... read resumed> "\n", 1) = 1
25220 15:34:38.727776 write(4, "\1", 1) = 1
25222 15:34:38.727787 <... read resumed> "\1", 1) = 1
25222 15:34:38.727794 write(5, "\f", 1) = 1
25222 15:34:38.727804 read(5,  <unfinished ...>
25220 15:34:38.727811 read(4, "\f", 1)  = 1
25220 15:34:38.727823 socket(PF_INET, SOCK_STREAM, IPPROTO_TCP) = 5
25220 15:34:38.727838 setsockopt(5, SOL_SOCKET, SO_REUSEADDR, [1], 4) = 0
25220 15:34:38.727852 bind(5, {sa_family=AF_INET, sin_port=htons(54369), sin_addr=inet_addr("127.0.0.1")}, 16) = 0
25220 15:34:38.727868 listen(5, 1)      = 0
25220 15:34:38.727882 write(4, "a\324\0\0", 4) = 4
25222 15:34:38.727892 <... read resumed> "a\324\0\0", 4) = 4
25222 15:34:38.727905 write(0, "227 Entering Passive Mode (127,0,0,1,212,97).\r\n", 47) = 47
25222 15:34:38.728016 rt_sigaction(SIGALRM, {0x805cad0, ~[RTMIN RT_1], 0}, NULL, 8) = 0
25222 15:34:38.728033 alarm(300)        = 300
25222 15:34:38.728044 recv(0, "STOR myfile39\r\n", 4096, MSG_PEEK) = 15
25222 15:34:38.728056 read(0, "STOR myfile39\r\n", 15) = 15
25222 15:34:38.728069 write(5, "\v", 1) = 1
25222 15:34:38.728079 read(5,  <unfinished ...>
25220 15:34:38.728086 read(4, "\v", 1)  = 1
25220 15:34:38.728097 write(4, "\1\0\0\0", 4) = 4
25222 15:34:38.728107 <... read resumed> "\1\0\0\0", 4) = 4
25222 15:34:38.728115 gettimeofday({1495654478, 728119}, NULL) = 0
25222 15:34:38.728126 getcwd("/home/msfadmin", 4096) = 15
25222 15:34:38.728138 open("myfile39", O_WRONLY|O_CREAT|O_NONBLOCK|O_LARGEFILE, 0666) = 4
25222 15:34:38.728152 fstat64(4, {st_mode=S_IFREG|0644, st_size=17, ...}) = 0
25222 15:34:38.728170 fcntl64(4, F_GETFL) = 0x8801 (flags O_WRONLY|O_NONBLOCK|O_LARGEFILE)
25222 15:34:38.728181 fcntl64(4, F_SETFL, O_WRONLY|O_LARGEFILE) = 0
25222 15:34:38.728191 fcntl64(4, F_SETLKW64, {type=F_WRLCK, whence=SEEK_SET, start=0, len=0}, 0xbff3c924) = 0
25222 15:34:38.728205 ftruncate64(4, 0) = 0
25222 15:34:38.728223 _llseek(4, 0, [0], SEEK_SET) = 0
25222 15:34:38.728234 write(5, "\v", 1) = 1
25222 15:34:38.728244 read(5,  <unfinished ...>
25220 15:34:38.728251 read(4, "\v", 1)  = 1
25220 15:34:38.728262 write(4, "\1\0\0\0", 4) = 4
25222 15:34:38.728272 <... read resumed> "\1\0\0\0", 4) = 4
25222 15:34:38.728279 write(5, "\v", 1) = 1
25222 15:34:38.728289 read(5,  <unfinished ...>
25220 15:34:38.728295 read(4, "\v", 1)  = 1
25220 15:34:38.728306 write(4, "\1\0\0\0", 4) = 4
25222 15:34:38.728316 <... read resumed> "\1\0\0\0", 4) = 4
25222 15:34:38.728323 write(5, "\r", 1) = 1
25222 15:34:38.728333 read(5,  <unfinished ...>
25220 15:34:38.728339 read(4, "\r", 1)  = 1
25220 15:34:38.728351 select(6, [5], NULL, NULL, {60, 0}) = 1 (in [5], left {60, 0})
25220 15:34:38.728367 accept(5, {sa_family=AF_INET, sin_port=htons(60423), sin_addr=inet_addr("127.0.0.1")}, [16]) = 6
25220 15:34:38.728389 write(4, "\1", 1) = 1
25222 15:34:38.728399 <... read resumed> "\1", 1) = 1
25222 15:34:38.728407 recvmsg(5,  <unfinished ...>
25220 15:34:38.728415 sendmsg(4, {msg_name(0)=NULL, msg_iov(1)=[{"\0", 1}], msg_controllen=16, {cmsg_len=16, cmsg_level=SOL_SOCKET, cmsg_type=SCM_RIGHTS, {6}}, msg_flags=0}, 0) = 1
25222 15:34:38.728459 <... recvmsg resumed> {msg_name(0)=NULL, msg_iov(1)=[{"\0", 1}], msg_controllen=16, {cmsg_len=16, cmsg_level=SOL_SOCKET, cmsg_type=SCM_RIGHTS, {6}}, msg_flags=0}, 0) = 1
25222 15:34:38.728483 setsockopt(6, SOL_SOCKET, SO_KEEPALIVE, [1], 4) = 0
25222 15:34:38.728495 setsockopt(6, SOL_IP, IP_TOS, [8], 4) = 0
25222 15:34:38.728507 setsockopt(6, SOL_SOCKET, SO_LINGER, {onoff=1, linger=32767}, 8) = 0
25222 15:34:38.728518 rt_sigaction(SIGALRM, {0x805cad0, ~[RTMIN RT_1], 0}, NULL, 8) = 0
25222 15:34:38.728531 alarm(300)        = 300
25222 15:34:38.728544 write(0, "150 Ok to send data.\r\n", 22) = 22
25222 15:34:38.728637 read(6, "assasaaa\na\na\na\na\n", 65536) = 17
25222 15:34:38.728651 write(4, "assasaaa\na\na\na\na\n", 17) = 17
25222 15:34:38.728667 read(6, "", 65536) = 0
25222 15:34:38.728678 rt_sigaction(SIGALRM, {0x805cad0, ~[RTMIN RT_1], 0}, NULL, 8) = 0
25222 15:34:38.728694 alarm(300)        = 300
25222 15:34:38.728704 close(6)          = 0
25222 15:34:38.728713 alarm(0)          = 300
25222 15:34:38.728735 gettimeofday({1495654478, 728739}, NULL) = 0
25222 15:34:38.728761 gettimeofday({1495654478, 728765}, NULL) = 0
25222 15:34:38.728775 fcntl64(3, F_SETLKW64, {type=F_WRLCK, whence=SEEK_SET, start=0, len=0}, 0xbff3c8c4) = 0
25222 15:34:38.728789 write(3, "Wed May 24 15:34:38 2017 [pid 25222] [msfadmin] OK UPLOAD: Client \"127.0.0.1\", \"/home/msfadmin/myfile39\", 17 bytes, 25.70Kbyte/sec\n", 131) = 131
25222 15:34:38.728810 fcntl64(3, F_SETLK64, {type=F_UNLCK, whence=SEEK_SET, start=0, len=0}, 0xbff3c8cc) = 0
25222 15:34:38.728824 write(0, "226 Transfer complete.\r\n", 24) = 24
25222 15:34:38.728867 write(5, "\n", 1) = 1
25222 15:34:38.728879 read(5,  <unfinished ...>
25220 15:34:38.728886 close(6)          = 0
25220 15:34:38.728903 read(4, "\n", 1)  = 1
25220 15:34:38.728914 close(5)          = 0
25220 15:34:38.728924 write(4, "\1", 1) = 1
25222 15:34:38.728935 <... read resumed> "\1", 1) = 1
25222 15:34:38.728941 close(4)          = 0
25222 15:34:38.728952 rt_sigaction(SIGALRM, {0x805cad0, ~[RTMIN RT_1], 0}, NULL, 8) = 0
25222 15:34:38.728965 alarm(300)        = 0
25222 15:34:38.728975 recv(0,  <unfinished ...>
25220 15:34:38.728983 read(4,  <unfinished ...>
25222 15:34:39.247565 <... recv resumed> "TYPE I\r\n", 4096, MSG_PEEK) = 8
25222 15:34:39.247595 read(0, "TYPE I\r\n", 8) = 8
25222 15:34:39.247616 write(0, "200 Switching to Binary mode.\r\n", 31) = 31
25222 15:34:39.247664 rt_sigaction(SIGALRM, {0x805cad0, ~[RTMIN RT_1], 0}, NULL, 8) = 0
25222 15:34:39.247681 alarm(300)        = 299
25222 15:34:39.247694 recv(0, "PASV\r\n", 4096, MSG_PEEK) = 6
25222 15:34:39.247705 read(0, "PASV\r\n", 6) = 6
25222 15:34:39.247716 write(5, "\n", 1) = 1
25222 15:34:39.247729 read(5,  <unfinished ...>
25220 15:34:39.247737 <... read resumed> "\n", 1) = 1
25220 15:34:39.247745 write(4, "\1", 1) = 1
25222 15:34:39.247756 <... read resumed> "\1", 1) = 1
25222 15:34:39.247763 write(5, "\f", 1) = 1
25222 15:34:39.247773 read(5,  <unfinished ...>
25220 15:34:39.247779 read(4, "\f", 1)  = 1
25220 15:34:39.247791 socket(PF_INET, SOCK_STREAM, IPPROTO_TCP) = 5
25220 15:34:39.247806 setsockopt(5, SOL_SOCKET, SO_REUSEADDR, [1], 4) = 0
25220 15:34:39.247820 bind(5, {sa_family=AF_INET, sin_port=htons(36439), sin_addr=inet_addr("127.0.0.1")}, 16) = 0
25220 15:34:39.247837 listen(5, 1)      = 0
25220 15:34:39.247850 write(4, "W\216\0\0", 4) = 4
25222 15:34:39.247861 <... read resumed> "W\216\0\0", 4) = 4
25222 15:34:39.247873 write(0, "227 Entering Passive Mode (127,0,0,1,142,87).\r\n", 47) = 47
25222 15:34:39.247984 rt_sigaction(SIGALRM, {0x805cad0, ~[RTMIN RT_1], 0}, NULL, 8) = 0
25222 15:34:39.248000 alarm(300)        = 300
25222 15:34:39.248011 recv(0, "STOR myfile40\r\n", 4096, MSG_PEEK) = 15
25222 15:34:39.248023 read(0, "STOR myfile40\r\n", 15) = 15
25222 15:34:39.248036 write(5, "\v", 1) = 1
25222 15:34:39.248046 read(5,  <unfinished ...>
25220 15:34:39.248053 read(4, "\v", 1)  = 1
25220 15:34:39.248064 write(4, "\1\0\0\0", 4) = 4
25222 15:34:39.248074 <... read resumed> "\1\0\0\0", 4) = 4
25222 15:34:39.248082 gettimeofday({1495654479, 248086}, NULL) = 0
25222 15:34:39.248093 getcwd("/home/msfadmin", 4096) = 15
25222 15:34:39.248136 open("myfile40", O_WRONLY|O_CREAT|O_NONBLOCK|O_LARGEFILE, 0666) = 4
25222 15:34:39.248153 fstat64(4, {st_mode=S_IFREG|0644, st_size=17, ...}) = 0
25222 15:34:39.248181 fcntl64(4, F_GETFL) = 0x8801 (flags O_WRONLY|O_NONBLOCK|O_LARGEFILE)
25222 15:34:39.248192 fcntl64(4, F_SETFL, O_WRONLY|O_LARGEFILE) = 0
25222 15:34:39.248202 fcntl64(4, F_SETLKW64, {type=F_WRLCK, whence=SEEK_SET, start=0, len=0}, 0xbff3c924) = 0
25222 15:34:39.248216 ftruncate64(4, 0) = 0
25222 15:34:39.248234 _llseek(4, 0, [0], SEEK_SET) = 0
25222 15:34:39.248245 write(5, "\v", 1) = 1
25222 15:34:39.248255 read(5,  <unfinished ...>
25220 15:34:39.248262 read(4, "\v", 1)  = 1
25220 15:34:39.248273 write(4, "\1\0\0\0", 4) = 4
25222 15:34:39.248283 <... read resumed> "\1\0\0\0", 4) = 4
25222 15:34:39.248297 write(5, "\v", 1) = 1
25222 15:34:39.248307 read(5,  <unfinished ...>
25220 15:34:39.248314 read(4, "\v", 1)  = 1
25220 15:34:39.248324 write(4, "\1\0\0\0", 4) = 4
25222 15:34:39.248334 <... read resumed> "\1\0\0\0", 4) = 4
25222 15:34:39.248341 write(5, "\r", 1) = 1
25222 15:34:39.248351 read(5,  <unfinished ...>
25220 15:34:39.248357 read(4, "\r", 1)  = 1
25220 15:34:39.248369 select(6, [5], NULL, NULL, {60, 0}) = 1 (in [5], left {60, 0})
25220 15:34:39.248385 accept(5, {sa_family=AF_INET, sin_port=htons(41174), sin_addr=inet_addr("127.0.0.1")}, [16]) = 6
25220 15:34:39.248406 write(4, "\1", 1) = 1
25222 15:34:39.248416 <... read resumed> "\1", 1) = 1
25222 15:34:39.248425 recvmsg(5,  <unfinished ...>
25220 15:34:39.248433 sendmsg(4, {msg_name(0)=NULL, msg_iov(1)=[{"\0", 1}], msg_controllen=16, {cmsg_len=16, cmsg_level=SOL_SOCKET, cmsg_type=SCM_RIGHTS, {6}}, msg_flags=0}, 0) = 1
25222 15:34:39.248450 <... recvmsg resumed> {msg_name(0)=NULL, msg_iov(1)=[{"\0", 1}], msg_controllen=16, {cmsg_len=16, cmsg_level=SOL_SOCKET, cmsg_type=SCM_RIGHTS, {6}}, msg_flags=0}, 0) = 1
25222 15:34:39.248463 setsockopt(6, SOL_SOCKET, SO_KEEPALIVE, [1], 4) = 0
25222 15:34:39.248475 setsockopt(6, SOL_IP, IP_TOS, [8], 4) = 0
25222 15:34:39.248486 setsockopt(6, SOL_SOCKET, SO_LINGER, {onoff=1, linger=32767}, 8) = 0
25222 15:34:39.248497 rt_sigaction(SIGALRM, {0x805cad0, ~[RTMIN RT_1], 0}, NULL, 8) = 0
25222 15:34:39.248510 alarm(300)        = 300
25222 15:34:39.248522 write(0, "150 Ok to send data.\r\n", 22) = 22
25222 15:34:39.248588 read(6, "assasaaa\na\na\na\na\n", 65536) = 17
25222 15:34:39.248602 write(4, "assasaaa\na\na\na\na\n", 17) = 17
25222 15:34:39.248618 read(6, "", 65536) = 0
25222 15:34:39.248628 rt_sigaction(SIGALRM, {0x805cad0, ~[RTMIN RT_1], 0}, NULL, 8) = 0
25222 15:34:39.248642 alarm(300)        = 300
25222 15:34:39.248651 close(6)          = 0
25222 15:34:39.248660 alarm(0)          = 300
25222 15:34:39.248669 gettimeofday({1495654479, 248673}, NULL) = 0
25222 15:34:39.248684 gettimeofday({1495654479, 248688}, NULL) = 0
25222 15:34:39.248698 fcntl64(3, F_SETLKW64, {type=F_WRLCK, whence=SEEK_SET, start=0, len=0}, 0xbff3c8c4) = 0
25222 15:34:39.248712 write(3, "Wed May 24 15:34:39 2017 [pid 25222] [msfadmin] OK UPLOAD: Client \"127.0.0.1\", \"/home/msfadmin/myfile40\", 17 bytes, 27.58Kbyte/sec\n", 131) = 131
25222 15:34:39.248733 fcntl64(3, F_SETLK64, {type=F_UNLCK, whence=SEEK_SET, start=0, len=0}, 0xbff3c8cc) = 0
25222 15:34:39.248747 write(0, "226 Transfer complete.\r\n", 24) = 24
25222 15:34:39.248798 write(5, "\n", 1) = 1
25222 15:34:39.248810 read(5,  <unfinished ...>
25220 15:34:39.248817 close(6)          = 0
25220 15:34:39.248834 read(4, "\n", 1)  = 1
25220 15:34:39.248845 close(5)          = 0
25220 15:34:39.248855 write(4, "\1", 1) = 1
25222 15:34:39.248866 <... read resumed> "\1", 1) = 1
25222 15:34:39.248872 close(4)          = 0
25222 15:34:39.248882 rt_sigaction(SIGALRM, {0x805cad0, ~[RTMIN RT_1], 0}, NULL, 8) = 0
25222 15:34:39.248895 alarm(300)        = 0
25222 15:34:39.248906 recv(0,  <unfinished ...>
25220 15:34:39.248913 read(4,  <unfinished ...>
25222 15:34:39.757616 <... recv resumed> "TYPE I\r\n", 4096, MSG_PEEK) = 8
25222 15:34:39.757646 read(0, "TYPE I\r\n", 8) = 8
25222 15:34:39.757668 write(0, "200 Switching to Binary mode.\r\n", 31) = 31
25222 15:34:39.757715 rt_sigaction(SIGALRM, {0x805cad0, ~[RTMIN RT_1], 0}, NULL, 8) = 0
25222 15:34:39.757732 alarm(300)        = 299
25222 15:34:39.757745 recv(0, "PASV\r\n", 4096, MSG_PEEK) = 6
25222 15:34:39.757756 read(0, "PASV\r\n", 6) = 6
25222 15:34:39.757768 write(5, "\n", 1) = 1
25222 15:34:39.757780 read(5,  <unfinished ...>
25220 15:34:39.757789 <... read resumed> "\n", 1) = 1
25220 15:34:39.757798 write(4, "\1", 1) = 1
25222 15:34:39.757808 <... read resumed> "\1", 1) = 1
25222 15:34:39.757815 write(5, "\f", 1) = 1
25222 15:34:39.757825 read(5,  <unfinished ...>
25220 15:34:39.757832 read(4, "\f", 1)  = 1
25220 15:34:39.757844 socket(PF_INET, SOCK_STREAM, IPPROTO_TCP) = 5
25220 15:34:39.757859 setsockopt(5, SOL_SOCKET, SO_REUSEADDR, [1], 4) = 0
25220 15:34:39.757882 bind(5, {sa_family=AF_INET, sin_port=htons(36134), sin_addr=inet_addr("127.0.0.1")}, 16) = 0
25220 15:34:39.757898 listen(5, 1)      = 0
25220 15:34:39.757911 write(4, "&\215\0\0", 4) = 4
25222 15:34:39.757922 <... read resumed> "&\215\0\0", 4) = 4
25222 15:34:39.757934 write(0, "227 Entering Passive Mode (127,0,0,1,141,38).\r\n", 47) = 47
25222 15:34:39.758084 rt_sigaction(SIGALRM, {0x805cad0, ~[RTMIN RT_1], 0}, NULL, 8) = 0
25222 15:34:39.758101 alarm(300)        = 300
25222 15:34:39.758113 recv(0, "STOR myfile0\r\n", 4096, MSG_PEEK) = 14
25222 15:34:39.758124 read(0, "STOR myfile0\r\n", 14) = 14
25222 15:34:39.758138 write(5, "\v", 1) = 1
25222 15:34:39.758148 read(5,  <unfinished ...>
25220 15:34:39.758155 read(4, "\v", 1)  = 1
25220 15:34:39.758166 write(4, "\1\0\0\0", 4) = 4
25222 15:34:39.758176 <... read resumed> "\1\0\0\0", 4) = 4
25222 15:34:39.758184 gettimeofday({1495654479, 758188}, NULL) = 0
25222 15:34:39.758195 getcwd("/home/msfadmin", 4096) = 15
25222 15:34:39.758207 open("myfile0", O_WRONLY|O_CREAT|O_NONBLOCK|O_LARGEFILE, 0666) = 4
25222 15:34:39.758220 fstat64(4, {st_mode=S_IFREG|0644, st_size=17, ...}) = 0
25222 15:34:39.758238 fcntl64(4, F_GETFL) = 0x8801 (flags O_WRONLY|O_NONBLOCK|O_LARGEFILE)
25222 15:34:39.758249 fcntl64(4, F_SETFL, O_WRONLY|O_LARGEFILE) = 0
25222 15:34:39.758259 fcntl64(4, F_SETLKW64, {type=F_WRLCK, whence=SEEK_SET, start=0, len=0}, 0xbff3c924) = 0
25222 15:34:39.758273 ftruncate64(4, 0) = 0
25222 15:34:39.758292 _llseek(4, 0, [0], SEEK_SET) = 0
25222 15:34:39.758303 write(5, "\v", 1) = 1
25222 15:34:39.758313 read(5,  <unfinished ...>
25220 15:34:39.758319 read(4, "\v", 1)  = 1
25220 15:34:39.758330 write(4, "\1\0\0\0", 4) = 4
25222 15:34:39.758340 <... read resumed> "\1\0\0\0", 4) = 4
25222 15:34:39.758348 write(5, "\v", 1) = 1
25222 15:34:39.758357 read(5,  <unfinished ...>
25220 15:34:39.758363 read(4, "\v", 1)  = 1
25220 15:34:39.758374 write(4, "\1\0\0\0", 4) = 4
25222 15:34:39.758384 <... read resumed> "\1\0\0\0", 4) = 4
25222 15:34:39.758391 write(5, "\r", 1) = 1
25222 15:34:39.758400 read(5,  <unfinished ...>
25220 15:34:39.758407 read(4, "\r", 1)  = 1
25220 15:34:39.758418 select(6, [5], NULL, NULL, {60, 0}) = 1 (in [5], left {60, 0})
25220 15:34:39.758434 accept(5, {sa_family=AF_INET, sin_port=htons(37095), sin_addr=inet_addr("127.0.0.1")}, [16]) = 6
25220 15:34:39.758456 write(4, "\1", 1) = 1
25222 15:34:39.758466 <... read resumed> "\1", 1) = 1
25222 15:34:39.758474 recvmsg(5,  <unfinished ...>
25220 15:34:39.758482 sendmsg(4, {msg_name(0)=NULL, msg_iov(1)=[{"\0", 1}], msg_controllen=16, {cmsg_len=16, cmsg_level=SOL_SOCKET, cmsg_type=SCM_RIGHTS, {6}}, msg_flags=0}, 0) = 1
25222 15:34:39.758499 <... recvmsg resumed> {msg_name(0)=NULL, msg_iov(1)=[{"\0", 1}], msg_controllen=16, {cmsg_len=16, cmsg_level=SOL_SOCKET, cmsg_type=SCM_RIGHTS, {6}}, msg_flags=0}, 0) = 1
25222 15:34:39.758539 setsockopt(6, SOL_SOCKET, SO_KEEPALIVE, [1], 4) = 0
25222 15:34:39.758562 setsockopt(6, SOL_IP, IP_TOS, [8], 4) = 0
25222 15:34:39.758574 setsockopt(6, SOL_SOCKET, SO_LINGER, {onoff=1, linger=32767}, 8) = 0
25222 15:34:39.758585 rt_sigaction(SIGALRM, {0x805cad0, ~[RTMIN RT_1], 0}, NULL, 8) = 0
25222 15:34:39.758598 alarm(300)        = 300
25222 15:34:39.758610 write(0, "150 Ok to send data.\r\n", 22) = 22
25222 15:34:39.758675 read(6, "assasaaa\na\na\na\na\n", 65536) = 17
25222 15:34:39.758689 write(4, "assasaaa\na\na\na\na\n", 17) = 17
25222 15:34:39.758706 read(6, "", 65536) = 0
25222 15:34:39.758716 rt_sigaction(SIGALRM, {0x805cad0, ~[RTMIN RT_1], 0}, NULL, 8) = 0
25222 15:34:39.758729 alarm(300)        = 300
25222 15:34:39.758739 close(6)          = 0
25222 15:34:39.758748 alarm(0)          = 300
25222 15:34:39.758757 gettimeofday({1495654479, 758760}, NULL) = 0
25222 15:34:39.758772 gettimeofday({1495654479, 758776}, NULL) = 0
25222 15:34:39.758786 fcntl64(3, F_SETLKW64, {type=F_WRLCK, whence=SEEK_SET, start=0, len=0}, 0xbff3c8c4) = 0
25222 15:34:39.758800 write(3, "Wed May 24 15:34:39 2017 [pid 25222] [msfadmin] OK UPLOAD: Client \"127.0.0.1\", \"/home/msfadmin/myfile0\", 17 bytes, 28.23Kbyte/sec\n", 130) = 130
25222 15:34:39.758824 fcntl64(3, F_SETLK64, {type=F_UNLCK, whence=SEEK_SET, start=0, len=0}, 0xbff3c8cc) = 0
25222 15:34:39.758839 write(0, "226 Transfer complete.\r\n", 24) = 24
25222 15:34:39.758883 write(5, "\n", 1) = 1
25222 15:34:39.758894 read(5,  <unfinished ...>
25220 15:34:39.758901 close(6)          = 0
25220 15:34:39.758919 read(4, "\n", 1)  = 1
25220 15:34:39.758930 close(5)          = 0
25220 15:34:39.758940 write(4, "\1", 1) = 1
25222 15:34:39.758951 <... read resumed> "\1", 1) = 1
25222 15:34:39.758958 close(4)          = 0
25222 15:34:39.758968 rt_sigaction(SIGALRM, {0x805cad0, ~[RTMIN RT_1], 0}, NULL, 8) = 0
25222 15:34:39.758981 alarm(300)        = 0
25222 15:34:39.758992 recv(0,  <unfinished ...>
25220 15:34:39.758999 read(4,  <unfinished ...>
