20435 14:34:33.247566 fstat64(5, {st_mode=S_IFREG|0644, st_size=1624, ...}) = 0
20435 14:34:33.247582 mmap2(NULL, 1624, PROT_READ, MAP_SHARED, 5, 0) = 0xb7f65000
20435 14:34:33.247593 _llseek(5, 1624, [1624], SEEK_SET) = 0
20435 14:34:33.247612 munmap(0xb7f65000, 1624) = 0
20435 14:34:33.247623 close(5)          = 0
20435 14:34:33.247647 open("/etc/shadow", O_RDONLY|0x80000 /* O_??? */) = 5
20435 14:34:33.247664 _llseek(5, 0, [0], SEEK_CUR) = 0
20435 14:34:33.247675 fstat64(5, {st_mode=S_IFREG|0640, st_size=1233, ...}) = 0
20435 14:34:33.247691 mmap2(NULL, 1233, PROT_READ, MAP_SHARED, 5, 0) = 0xb7f65000
20435 14:34:33.247702 _llseek(5, 1233, [1233], SEEK_SET) = 0
20435 14:34:33.247721 munmap(0xb7f65000, 1233) = 0
20435 14:34:33.247731 close(5)          = 0
20435 14:34:33.247749 open("/etc/passwd", O_RDONLY|0x80000 /* O_??? */) = 5
20435 14:34:33.247762 _llseek(5, 0, [0], SEEK_CUR) = 0
20435 14:34:33.247772 fstat64(5, {st_mode=S_IFREG|0644, st_size=1624, ...}) = 0
20435 14:34:33.247788 mmap2(NULL, 1624, PROT_READ, MAP_SHARED, 5, 0) = 0xb7f65000
20435 14:34:33.247798 _llseek(5, 1624, [1624], SEEK_SET) = 0
20435 14:34:33.247834 munmap(0xb7f65000, 1624) = 0
20435 14:34:33.247845 close(5)          = 0
20435 14:34:33.247872 open("/etc/shadow", O_RDONLY|0x80000 /* O_??? */) = 5
20435 14:34:33.247885 _llseek(5, 0, [0], SEEK_CUR) = 0
20435 14:34:33.247896 fstat64(5, {st_mode=S_IFREG|0640, st_size=1233, ...}) = 0
20435 14:34:33.247911 mmap2(NULL, 1233, PROT_READ, MAP_SHARED, 5, 0) = 0xb7f65000
20435 14:34:33.247922 _llseek(5, 1233, [1233], SEEK_SET) = 0
20435 14:34:33.247939 munmap(0xb7f65000, 1233) = 0
20435 14:34:33.247948 close(5)          = 0
20435 14:34:33.248181 getuid32()        = 0
20435 14:34:33.248192 open("/etc/passwd", O_RDONLY|0x80000 /* O_??? */) = 5
20435 14:34:33.248204 _llseek(5, 0, [0], SEEK_CUR) = 0
20435 14:34:33.248214 fstat64(5, {st_mode=S_IFREG|0644, st_size=1624, ...}) = 0
20435 14:34:33.248230 mmap2(NULL, 1624, PROT_READ, MAP_SHARED, 5, 0) = 0xb7f65000
20435 14:34:33.248241 _llseek(5, 1624, [1624], SEEK_SET) = 0
20435 14:34:33.248256 munmap(0xb7f65000, 1624) = 0
20435 14:34:33.248266 close(5)          = 0
20435 14:34:33.248279 open("/etc/shadow", O_RDONLY|0x80000 /* O_??? */) = 5
20435 14:34:33.248291 _llseek(5, 0, [0], SEEK_CUR) = 0
20435 14:34:33.248301 fstat64(5, {st_mode=S_IFREG|0640, st_size=1233, ...}) = 0
20435 14:34:33.248317 mmap2(NULL, 1233, PROT_READ, MAP_SHARED, 5, 0) = 0xb7f65000
20435 14:34:33.248327 _llseek(5, 1233, [1233], SEEK_SET) = 0
20435 14:34:33.248344 munmap(0xb7f65000, 1233) = 0
20435 14:34:33.248353 close(5)          = 0
20435 14:34:33.248364 time(NULL)        = 1495650873
20435 14:34:33.248379 munmap(0xb7f62000, 12164) = 0
20435 14:34:33.248392 munmap(0xb7f60000, 7136) = 0
20435 14:34:33.248406 munmap(0xb7d95000, 95428) = 0
20435 14:34:33.248421 munmap(0xb7d5b000, 201052) = 0
20435 14:34:33.248432 munmap(0xb7d42000, 101180) = 0
20435 14:34:33.248448 gettimeofday({1495650873, 248452}, NULL) = 0
20435 14:34:33.248460 stat64("/usr/share/zoneinfo/UTC+04:00", 0xbfe19784) = -1 ENOENT (No such file or directory)
20435 14:34:33.248475 open("/usr/share/zoneinfo/UTC+04:00", O_RDONLY) = -1 ENOENT (No such file or directory)
20435 14:34:33.248500 fcntl64(3, F_SETLKW64, {type=F_WRLCK, whence=SEEK_SET, start=0, len=0}, 0xbfe198d4) = 0
20435 14:34:33.248516 write(3, "Wed May 24 14:34:33 2017 [pid 20435] [msfadmin] OK LOGIN: Client \"127.0.0.1\"\n", 77) = 77
20435 14:34:33.248533 fcntl64(3, F_SETLK64, {type=F_UNLCK, whence=SEEK_SET, start=0, len=0}, 0xbfe198dc) = 0
20435 14:34:33.248546 rt_sigaction(SIGCHLD, {0x805cad0, ~[RTMIN RT_1], 0}, NULL, 8) = 0
20435 14:34:33.248560 write(4, "\1", 1 <unfinished ...>
20436 14:34:33.248570 <... read resumed> "\1", 1) = 1
20435 14:34:33.248575 <... write resumed> ) = 1
20436 14:34:33.248582 exit_group(0)     = ?
20435 14:34:33.248610 --- SIGCHLD (Child exited) @ 0 (0) ---
20435 14:34:33.248617 sigreturn()       = ? (mask now [])
20435 14:34:33.248636 wait4(-1, [{WIFEXITED(s) && WEXITSTATUS(s) == 0}], 0, NULL) = 20436
20435 14:34:33.248649 close(4)          = 0
20435 14:34:33.248661 socketpair(PF_FILE, SOCK_STREAM, 0, [4, 5]) = 0
20435 14:34:33.248674 rt_sigaction(SIGCHLD, {0x805cad0, ~[RTMIN RT_1], 0}, NULL, 8) = 0
20435 14:34:33.248688 rt_sigaction(SIGALRM, {0x805cb10, ~[RTMIN RT_1], 0}, NULL, 8) = 0
20435 14:34:33.248702 clone(child_stack=0, flags=CLONE_CHILD_CLEARTID|CLONE_CHILD_SETTID|SIGCHLD, child_tidptr=0xb7dcb6f8) = 20437
20437 14:34:33.248751 prctl(0x1, 0x9, 0, 0, 0) = 0
20437 14:34:33.248764 close(4)          = 0
20437 14:34:33.248918 open("/etc/passwd", O_RDONLY|0x80000 /* O_??? */) = 4
20437 14:34:33.248946 _llseek(4, 0, [0], SEEK_CUR) = 0
20437 14:34:33.248962 fstat64(4, {st_mode=S_IFREG|0644, st_size=1624, ...}) = 0
20437 14:34:33.248980 mmap2(NULL, 1624, PROT_READ, MAP_SHARED, 4, 0) = 0xb7f65000
20437 14:34:33.248992 _llseek(4, 1624, [1624], SEEK_SET) = 0
20437 14:34:33.249014 munmap(0xb7f65000, 1624) = 0
20437 14:34:33.249026 close(4)          = 0
20437 14:34:33.249039 getuid32()        = 0
20437 14:34:33.249049 open("/etc/passwd", O_RDONLY|0x80000 /* O_??? */) = 4
20437 14:34:33.249062 _llseek(4, 0, [0], SEEK_CUR) = 0
20437 14:34:33.249072 fstat64(4, {st_mode=S_IFREG|0644, st_size=1624, ...}) = 0
20437 14:34:33.249088 mmap2(NULL, 1624, PROT_READ, MAP_SHARED, 4, 0) = 0xb7f65000
20437 14:34:33.249099 _llseek(4, 1624, [1624], SEEK_SET) = 0
20437 14:34:33.249114 munmap(0xb7f65000, 1624) = 0
20437 14:34:33.249124 close(4)          = 0
20437 14:34:33.249149 open("/proc/sys/kernel/ngroups_max", O_RDONLY) = 4
20437 14:34:33.249169 read(4, "65536\n", 31) = 6
20437 14:34:33.249181 close(4)          = 0
20437 14:34:33.249195 socket(PF_FILE, SOCK_STREAM, 0) = 4
20437 14:34:33.249207 fcntl64(4, F_SETFL, O_RDWR|O_NONBLOCK) = 0
20437 14:34:33.249217 connect(4, {sa_family=AF_FILE, path="/var/run/nscd/socket"}, 110) = -1 ENOENT (No such file or directory)
20437 14:34:33.249238 close(4)          = 0
20437 14:34:33.249249 socket(PF_FILE, SOCK_STREAM, 0) = 4
20437 14:34:33.249259 fcntl64(4, F_SETFL, O_RDWR|O_NONBLOCK) = 0
20437 14:34:33.249269 connect(4, {sa_family=AF_FILE, path="/var/run/nscd/socket"}, 110) = -1 ENOENT (No such file or directory)
20437 14:34:33.249287 close(4)          = 0
20437 14:34:33.249310 open("/etc/group", O_RDONLY|0x80000 /* O_??? */) = 4
20437 14:34:33.249324 _llseek(4, 0, [0], SEEK_CUR) = 0
20437 14:34:33.249335 fstat64(4, {st_mode=S_IFREG|0644, st_size=886, ...}) = 0
20437 14:34:33.249351 mmap2(NULL, 886, PROT_READ, MAP_SHARED, 4, 0) = 0xb7f65000
20437 14:34:33.249362 _llseek(4, 886, [886], SEEK_SET) = 0
20437 14:34:33.249386 fstat64(4, {st_mode=S_IFREG|0644, st_size=886, ...}) = 0
20437 14:34:33.249403 munmap(0xb7f65000, 886) = 0
20437 14:34:33.249413 close(4)          = 0
20437 14:34:33.249423 setgroups32(13, [1000, 4, 20, 24, 25, 29, 30, 44, 46, 107, 111, 112, 119]) = 0
20437 14:34:33.249439 geteuid32()       = 0
20437 14:34:33.249454 getegid32()       = 0
20437 14:34:33.249464 setregid32(-1, 1000) = 0
20437 14:34:33.249475 setreuid32(-1, 1000) = 0
20437 14:34:33.249485 chdir("/home/msfadmin") = 0
20437 14:34:33.249497 setreuid32(-1, 0) = 0
20437 14:34:33.249506 setregid32(-1, 0) = 0
20437 14:34:33.249516 setgid32(1000)    = 0
20437 14:34:33.249526 setuid32(1000)    = 0
20437 14:34:33.249536 setrlimit(RLIMIT_NPROC, {rlim_cur=0, rlim_max=0}) = 0
20437 14:34:33.249549 mmap2(NULL, 12288, PROT_READ|PROT_WRITE, MAP_PRIVATE|MAP_ANONYMOUS, -1, 0) = 0xb7f63000
20437 14:34:33.249560 mprotect(0xb7f65000, 4096, PROT_NONE) = 0
20437 14:34:33.249571 mprotect(0xb7f63000, 4096, PROT_NONE) = 0
20437 14:34:33.249583 getcwd("/home/msfadmin", 4096) = 15
20437 14:34:33.249596 umask(022)        = 077
20437 14:34:33.249606 getcwd("/home/msfadmin", 4096) = 15
20437 14:34:33.249619 open(".message", O_RDONLY|O_NONBLOCK|O_LARGEFILE) = -1 ENOENT (No such file or directory)
20437 14:34:33.249642 write(0, "230 Login successful.\r\n", 23) = 23
20437 14:34:33.249727 rt_sigaction(SIGALRM, {0x805cad0, ~[RTMIN RT_1], 0}, NULL, 8) = 0
20437 14:34:33.249744 alarm(300)        = 0
20437 14:34:33.249755 mmap2(NULL, 12288, PROT_READ|PROT_WRITE, MAP_PRIVATE|MAP_ANONYMOUS, -1, 0) = 0xb7f60000
20437 14:34:33.249766 mprotect(0xb7f62000, 4096, PROT_NONE) = 0
20437 14:34:33.249778 mprotect(0xb7f60000, 4096, PROT_NONE) = 0
20437 14:34:33.249790 recv(0, "TYPE I\r\n", 4096, MSG_PEEK) = 8
20437 14:34:33.249803 read(0, "TYPE I\r\n", 8) = 8
20437 14:34:33.249820 write(0, "200 Switching to Binary mode.\r\n", 31) = 31
20437 14:34:33.249876 rt_sigaction(SIGALRM, {0x805cad0, ~[RTMIN RT_1], 0}, NULL, 8) = 0
20437 14:34:33.249894 alarm(300)        = 300
20437 14:34:33.249915 recv(0, "PASV\r\n", 4096, MSG_PEEK) = 6
20437 14:34:33.249927 read(0, "PASV\r\n", 6) = 6
20437 14:34:33.249939 write(5, "\n", 1) = 1
20437 14:34:33.249950 read(5,  <unfinished ...>
20435 14:34:33.249962 close(5)          = 0
20435 14:34:33.249974 getuid32()        = 0
20435 14:34:33.249989 open("/etc/passwd", O_RDONLY|0x80000 /* O_??? */) = 5
20435 14:34:33.250004 _llseek(5, 0, [0], SEEK_CUR) = 0
20435 14:34:33.250016 fstat64(5, {st_mode=S_IFREG|0644, st_size=1624, ...}) = 0
20435 14:34:33.250033 mmap2(NULL, 1624, PROT_READ, MAP_SHARED, 5, 0) = 0xb7f65000
20435 14:34:33.250045 _llseek(5, 1624, [1624], SEEK_SET) = 0
20435 14:34:33.250062 munmap(0xb7f65000, 1624) = 0
20435 14:34:33.250074 close(5)          = 0
20435 14:34:33.250089 setgroups32(0, []) = 0
20435 14:34:33.250100 chdir("/usr/share/empty") = 0
20435 14:34:33.250112 chroot(".")       = 0
20435 14:34:33.250123 capset(NULL, NULL) = -1 EFAULT (Bad address)
20435 14:34:33.250136 prctl(0x8, 0, 0xbfe198b8, 0x80549a6, 0xbfe198a0) = 0
20435 14:34:33.250147 prctl(0x8, 0x1, 0xbfe198b8, 0x8054a49, 0xbfe198a0) = 0
20435 14:34:33.250157 setgid32(65534)   = 0
20435 14:34:33.250167 setuid32(65534)   = 0
20435 14:34:33.250176 capset(0x19980330, 0, {CAP_NET_BIND_SERVICE, CAP_NET_BIND_SERVICE, 0}) = 0
20435 14:34:33.250189 read(4, "\n", 1)  = 1
20435 14:34:33.250202 write(4, "\1", 1) = 1
20437 14:34:33.250213 <... read resumed> "\1", 1) = 1
20437 14:34:33.250221 write(5, "\f", 1) = 1
20437 14:34:33.250231 read(5,  <unfinished ...>
20435 14:34:33.250237 read(4, "\f", 1)  = 1
20435 14:34:33.250250 socket(PF_INET, SOCK_STREAM, IPPROTO_TCP) = 5
20435 14:34:33.250263 setsockopt(5, SOL_SOCKET, SO_REUSEADDR, [1], 4) = 0
20435 14:34:33.250274 gettimeofday({1495650873, 250278}, NULL) = 0
20435 14:34:33.250290 bind(5, {sa_family=AF_INET, sin_port=htons(65302), sin_addr=inet_addr("127.0.0.1")}, 16) = 0
20435 14:34:33.250306 listen(5, 1)      = 0
20435 14:34:33.250319 write(4, "\26\377\0\0", 4) = 4
20437 14:34:33.250330 <... read resumed> "\26\377\0\0", 4) = 4
20437 14:34:33.250344 write(0, "227 Entering Passive Mode (127,0,0,1,255,22).\r\n", 47) = 47
20437 14:34:33.250908 rt_sigaction(SIGALRM, {0x805cad0, ~[RTMIN RT_1], 0}, NULL, 8) = 0
20437 14:34:33.250926 alarm(300)        = 300
20437 14:34:33.250938 recv(0, "STOR myfile36\r\n", 4096, MSG_PEEK) = 15
20437 14:34:33.250954 read(0, "STOR myfile36\r\n", 15) = 15
20437 14:34:33.250970 write(5, "\v", 1) = 1
20437 14:34:33.250981 read(5,  <unfinished ...>
20435 14:34:33.250988 read(4, "\v", 1)  = 1
20435 14:34:33.250999 write(4, "\1\0\0\0", 4) = 4
20437 14:34:33.251010 <... read resumed> "\1\0\0\0", 4) = 4
20437 14:34:33.251018 gettimeofday({1495650873, 251022}, NULL) = 0
20437 14:34:33.251029 getcwd("/home/msfadmin", 4096) = 15
20437 14:34:33.251042 open("myfile36", O_WRONLY|O_CREAT|O_NONBLOCK|O_LARGEFILE, 0666) = 4
20437 14:34:33.251056 fstat64(4, {st_mode=S_IFREG|0644, st_size=17, ...}) = 0
20437 14:34:33.251072 fcntl64(4, F_GETFL) = 0x8801 (flags O_WRONLY|O_NONBLOCK|O_LARGEFILE)
20437 14:34:33.251083 fcntl64(4, F_SETFL, O_WRONLY|O_LARGEFILE) = 0
20437 14:34:33.251093 fcntl64(4, F_SETLKW64, {type=F_WRLCK, whence=SEEK_SET, start=0, len=0}, 0xbfe19804) = 0
20437 14:34:33.251108 ftruncate64(4, 0) = 0
20437 14:34:33.251126 _llseek(4, 0, [0], SEEK_SET) = 0
20437 14:34:33.251137 write(5, "\v", 1) = 1
20437 14:34:33.251148 read(5,  <unfinished ...>
20435 14:34:33.251155 read(4, "\v", 1)  = 1
20435 14:34:33.251166 write(4, "\1\0\0\0", 4) = 4
20437 14:34:33.251176 <... read resumed> "\1\0\0\0", 4) = 4
20437 14:34:33.251184 write(5, "\v", 1) = 1
20437 14:34:33.251194 read(5,  <unfinished ...>
20435 14:34:33.251200 read(4, "\v", 1)  = 1
20435 14:34:33.251211 write(4, "\1\0\0\0", 4) = 4
20437 14:34:33.251221 <... read resumed> "\1\0\0\0", 4) = 4
20437 14:34:33.251229 write(5, "\r", 1) = 1
20437 14:34:33.251239 read(5,  <unfinished ...>
20435 14:34:33.251245 read(4, "\r", 1)  = 1
20435 14:34:33.251276 select(6, [5], NULL, NULL, {60, 0}) = 1 (in [5], left {60, 0})
20435 14:34:33.251296 accept(5, {sa_family=AF_INET, sin_port=htons(59607), sin_addr=inet_addr("127.0.0.1")}, [16]) = 6
20435 14:34:33.251329 write(4, "\1", 1) = 1
20437 14:34:33.251340 <... read resumed> "\1", 1) = 1
20437 14:34:33.251349 recvmsg(5,  <unfinished ...>
20435 14:34:33.251358 sendmsg(4, {msg_name(0)=NULL, msg_iov(1)=[{"\0", 1}], msg_controllen=16, {cmsg_len=16, cmsg_level=SOL_SOCKET, cmsg_type=SCM_RIGHTS, {6}}, msg_flags=0}, 0) = 1
20437 14:34:33.251375 <... recvmsg resumed> {msg_name(0)=NULL, msg_iov(1)=[{"\0", 1}], msg_controllen=16, {cmsg_len=16, cmsg_level=SOL_SOCKET, cmsg_type=SCM_RIGHTS, {6}}, msg_flags=0}, 0) = 1
20437 14:34:33.251389 setsockopt(6, SOL_SOCKET, SO_KEEPALIVE, [1], 4) = 0
20437 14:34:33.251400 setsockopt(6, SOL_IP, IP_TOS, [8], 4) = 0
20437 14:34:33.251412 setsockopt(6, SOL_SOCKET, SO_LINGER, {onoff=1, linger=32767}, 8) = 0
20437 14:34:33.251423 rt_sigaction(SIGALRM, {0x805cad0, ~[RTMIN RT_1], 0}, NULL, 8) = 0
20437 14:34:33.251436 alarm(300)        = 300
20437 14:34:33.251449 write(0, "150 Ok to send data.\r\n", 22) = 22
20437 14:34:33.251512 mmap2(NULL, 77824, PROT_READ|PROT_WRITE, MAP_PRIVATE|MAP_ANONYMOUS, -1, 0) = 0xb7d9a000
20437 14:34:33.251527 mprotect(0xb7dac000, 4096, PROT_NONE) = 0
20437 14:34:33.251539 mprotect(0xb7d9a000, 4096, PROT_NONE) = 0
20437 14:34:33.251549 read(6, "assasaaa\na\na\na\na\n", 65536) = 17
20437 14:34:33.251562 write(4, "assasaaa\na\na\na\na\n", 17) = 17
20437 14:34:33.251578 read(6, "", 65536) = 0
20437 14:34:33.251588 rt_sigaction(SIGALRM, {0x805cad0, ~[RTMIN RT_1], 0}, NULL, 8) = 0
20437 14:34:33.251602 alarm(300)        = 300
20437 14:34:33.251612 close(6)          = 0
20437 14:34:33.251620 alarm(0)          = 300
20437 14:34:33.251630 gettimeofday({1495650873, 251633}, NULL) = 0
20437 14:34:33.251647 getpid()          = 20437
20437 14:34:33.251661 gettimeofday({1495650873, 251666}, NULL) = 0
20437 14:34:33.251681 fcntl64(3, F_SETLKW64, {type=F_WRLCK, whence=SEEK_SET, start=0, len=0}, 0xbfe197a4) = 0
20437 14:34:33.251695 write(3, "Wed May 24 14:34:33 2017 [pid 20437] [msfadmin] OK UPLOAD: Client \"127.0.0.1\", \"/home/msfadmin/myfile36\", 17 bytes, 25.78Kbyte/sec\n", 131) = 131
20437 14:34:33.251722 fcntl64(3, F_SETLK64, {type=F_UNLCK, whence=SEEK_SET, start=0, len=0}, 0xbfe197ac) = 0
20437 14:34:33.251736 write(0, "226 Transfer complete.\r\n", 24) = 24
20437 14:34:33.251778 write(5, "\n", 1) = 1
20437 14:34:33.251793 read(5,  <unfinished ...>
20435 14:34:33.251801 close(6)          = 0
20435 14:34:33.251819 read(4, "\n", 1)  = 1
20435 14:34:33.251831 close(5)          = 0
20435 14:34:33.251842 write(4, "\1", 1) = 1
20437 14:34:33.251853 <... read resumed> "\1", 1) = 1
20437 14:34:33.251860 close(4)          = 0
20437 14:34:33.251870 rt_sigaction(SIGALRM, {0x805cad0, ~[RTMIN RT_1], 0}, NULL, 8) = 0
20437 14:34:33.251884 alarm(300)        = 0
20437 14:34:33.251895 recv(0,  <unfinished ...>
20435 14:34:33.251902 read(4,  <unfinished ...>
20434 14:34:33.497548 <... recv resumed> "USER msfadmin\r\n", 4096, MSG_PEEK) = 15
20434 14:34:33.497589 read(0, "USER msfadmin\r\n", 15) = 15
20434 14:34:33.497614 write(0, "331 Any password will do.\r\n", 27) = 27
20434 14:34:33.497658 rt_sigaction(SIGALRM, {0x805cad0, ~[RTMIN RT_1], 0}, NULL, 8) = 0
20434 14:34:33.497676 alarm(300)        = 299
20434 14:34:33.497690 recv(0, "PASS msfadmin\r\n", 4096, MSG_PEEK) = 15
20434 14:34:33.497701 read(0, "PASS msfadmin\r\n", 15) = 15
20434 14:34:33.497717 write(0, "230 Already logged in.\r\n", 24) = 24
20434 14:34:33.497797 rt_sigaction(SIGALRM, {0x805cad0, ~[RTMIN RT_1], 0}, NULL, 8) = 0
20434 14:34:33.497814 alarm(300)        = 300
20434 14:34:33.497825 recv(0, "TYPE I\r\n", 4096, MSG_PEEK) = 8
20434 14:34:33.497837 read(0, "TYPE I\r\n", 8) = 8
20434 14:34:33.497851 write(0, "200 Switching to Binary mode.\r\n", 31) = 31
20434 14:34:33.497887 rt_sigaction(SIGALRM, {0x805cad0, ~[RTMIN RT_1], 0}, NULL, 8) = 0
20434 14:34:33.497901 alarm(300)        = 300
20434 14:34:33.497912 recv(0, "PASV\r\n", 4096, MSG_PEEK) = 6
20434 14:34:33.497923 read(0, "PASV\r\n", 6) = 6
20434 14:34:33.497935 write(5, "\n", 1 <unfinished ...>
20432 14:34:33.497946 <... read resumed> "\n", 1) = 1
20434 14:34:33.497951 <... write resumed> ) = 1
20432 14:34:33.497958 write(4, "\1", 1) = 1
20432 14:34:33.497969 read(4,  <unfinished ...>
20434 14:34:33.497976 read(5, "\1", 1)  = 1
20434 14:34:33.497987 write(5, "\f", 1 <unfinished ...>
20432 14:34:33.497994 <... read resumed> "\f", 1) = 1
20434 14:34:33.497999 <... write resumed> ) = 1
20432 14:34:33.498006 socket(PF_INET, SOCK_STREAM, IPPROTO_TCP) = 5
20432 14:34:33.498022 setsockopt(5, SOL_SOCKET, SO_REUSEADDR, [1], 4) = 0
20432 14:34:33.498036 bind(5, {sa_family=AF_INET, sin_port=htons(29348), sin_addr=inet_addr("127.0.0.1")}, 16) = 0
20432 14:34:33.498053 listen(5, 1)      = 0
20432 14:34:33.498067 write(4, "\244r\0\0", 4) = 4
20432 14:34:33.498078 read(4,  <unfinished ...>
20434 14:34:33.498085 read(5, "\244r\0\0", 4) = 4
20434 14:34:33.498100 write(0, "227 Entering Passive Mode (127,0,0,1,114,164).\r\n", 48) = 48
20434 14:34:33.498213 rt_sigaction(SIGALRM, {0x805cad0, ~[RTMIN RT_1], 0}, NULL, 8) = 0
20434 14:34:33.498230 alarm(300)        = 300
20434 14:34:33.498241 recv(0, "RETR myfile26\r\n", 4096, MSG_PEEK) = 15
20434 14:34:33.498276 read(0, "RETR myfile26\r\n", 15) = 15
20434 14:34:33.498291 write(5, "\v", 1 <unfinished ...>
20432 14:34:33.498311 <... read resumed> "\v", 1) = 1
20434 14:34:33.498316 <... write resumed> ) = 1
20432 14:34:33.498322 write(4, "\1\0\0\0", 4) = 4
20432 14:34:33.498333 read(4,  <unfinished ...>
20434 14:34:33.498340 read(5, "\1\0\0\0", 4) = 4
20434 14:34:33.498351 gettimeofday({1495650873, 498355}, NULL) = 0
20434 14:34:33.498362 getcwd("/home/msfadmin", 4096) = 15
20434 14:34:33.498375 open("myfile26", O_RDONLY|O_NONBLOCK|O_LARGEFILE) = 4
20434 14:34:33.498389 fcntl64(4, F_SETLKW64, {type=F_RDLCK, whence=SEEK_SET, start=0, len=0}, 0xbfa0f414) = 0
20434 14:34:33.498404 fstat64(4, {st_mode=S_IFREG|0644, st_size=17, ...}) = 0
20434 14:34:33.498421 fcntl64(4, F_GETFL) = 0x8800 (flags O_RDONLY|O_NONBLOCK|O_LARGEFILE)
20434 14:34:33.498432 fcntl64(4, F_SETFL, O_RDONLY|O_LARGEFILE) = 0
20434 14:34:33.498444 write(5, "\v", 1 <unfinished ...>
20432 14:34:33.498451 <... read resumed> "\v", 1) = 1
20434 14:34:33.498456 <... write resumed> ) = 1
20432 14:34:33.498462 write(4, "\1\0\0\0", 4) = 4
20432 14:34:33.498472 read(4,  <unfinished ...>
20434 14:34:33.498479 read(5, "\1\0\0\0", 4) = 4
20434 14:34:33.498490 write(5, "\v", 1 <unfinished ...>
20432 14:34:33.498504 <... read resumed> "\v", 1) = 1
20434 14:34:33.498509 <... write resumed> ) = 1
20432 14:34:33.498515 write(4, "\1\0\0\0", 4) = 4
20432 14:34:33.498525 read(4,  <unfinished ...>
20434 14:34:33.498531 read(5, "\1\0\0\0", 4) = 4
20434 14:34:33.498543 write(5, "\r", 1 <unfinished ...>
20432 14:34:33.498550 <... read resumed> "\r", 1) = 1
20434 14:34:33.498554 <... write resumed> ) = 1
20432 14:34:33.498561 select(6, [5], NULL, NULL, {60, 0}) = 1 (in [5], left {60, 0})
20432 14:34:33.498577 accept(5, {sa_family=AF_INET, sin_port=htons(33410), sin_addr=inet_addr("127.0.0.1")}, [16]) = 6
20432 14:34:33.498599 write(4, "\1", 1) = 1
20432 14:34:33.498611 sendmsg(4, {msg_name(0)=NULL, msg_iov(1)=[{"\0", 1}], msg_controllen=16, {cmsg_len=16, cmsg_level=SOL_SOCKET, cmsg_type=SCM_RIGHTS, {6}}, msg_flags=0}, 0) = 1
20432 14:34:33.498628 close(6)          = 0
20432 14:34:33.498638 read(4,  <unfinished ...>
20434 14:34:33.498644 read(5, "\1", 1)  = 1
20434 14:34:33.498657 recvmsg(5, {msg_name(0)=NULL, msg_iov(1)=[{"\0", 1}], msg_controllen=16, {cmsg_len=16, cmsg_level=SOL_SOCKET, cmsg_type=SCM_RIGHTS, {6}}, msg_flags=0}, 0) = 1
20434 14:34:33.498674 setsockopt(6, SOL_SOCKET, SO_KEEPALIVE, [1], 4) = 0
20434 14:34:33.498687 setsockopt(6, SOL_IP, IP_TOS, [8], 4) = 0
20434 14:34:33.498699 setsockopt(6, SOL_SOCKET, SO_LINGER, {onoff=1, linger=32767}, 8) = 0
20434 14:34:33.498710 rt_sigaction(SIGALRM, {0x805cad0, ~[RTMIN RT_1], 0}, NULL, 8) = 0
20434 14:34:33.498723 alarm(300)        = 300
20434 14:34:33.498736 write(0, "150 Opening BINARY mode data connection for myfile26 (17 bytes).\r\n", 66) = 66
20434 14:34:33.498809 _llseek(4, 0, [0], SEEK_CUR) = 0
20434 14:34:33.498822 fstat64(4, {st_mode=S_IFREG|0644, st_size=17, ...}) = 0
20434 14:34:33.498839 _llseek(4, 0, [0], SEEK_SET) = 0
20434 14:34:33.498850 sendfile(6, 4, NULL, 17) = 17
20434 14:34:33.498880 rt_sigaction(SIGALRM, {0x805cad0, ~[RTMIN RT_1], 0}, NULL, 8) = 0
20434 14:34:33.498894 alarm(300)        = 300
20434 14:34:33.498903 close(6)          = 0
20434 14:34:33.498939 alarm(0)          = 300
20434 14:34:33.498950 gettimeofday({1495650873, 498953}, NULL) = 0
20434 14:34:33.498965 gettimeofday({1495650873, 498969}, NULL) = 0
20434 14:34:33.498979 fcntl64(3, F_SETLKW64, {type=F_WRLCK, whence=SEEK_SET, start=0, len=0}, 0xbfa0f3b4) = 0
20434 14:34:33.498994 write(3, "Wed May 24 14:34:33 2017 [pid 20434] [msfadmin] OK DOWNLOAD: Client \"127.0.0.1\", \"/home/msfadmin/myfile26\", 17 bytes, 27.04Kbyte/sec\n", 133) = 133
20434 14:34:33.499015 fcntl64(3, F_SETLK64, {type=F_UNLCK, whence=SEEK_SET, start=0, len=0}, 0xbfa0f3bc) = 0
20434 14:34:33.499029 write(0, "226 Transfer complete.\r\n", 24) = 24
20434 14:34:33.499093 write(5, "\n", 1 <unfinished ...>
20432 14:34:33.499103 <... read resumed> "\n", 1) = 1
20434 14:34:33.499108 <... write resumed> ) = 1
20432 14:34:33.499114 close(5)          = 0
20432 14:34:33.499126 write(4, "\1", 1) = 1
20432 14:34:33.499137 read(4,  <unfinished ...>
20434 14:34:33.499144 read(5, "\1", 1)  = 1
20434 14:34:33.499154 close(4)          = 0
20434 14:34:33.499165 rt_sigaction(SIGALRM, {0x805cad0, ~[RTMIN RT_1], 0}, NULL, 8) = 0
20434 14:34:33.499178 alarm(300)        = 0
20434 14:34:33.499189 recv(0,  <unfinished ...>
20437 14:34:33.788387 <... recv resumed> "TYPE I\r\n", 4096, MSG_PEEK) = 8
20437 14:34:33.788453 read(0, "TYPE I\r\n", 8) = 8
20437 14:34:33.788510 write(0, "200 Switching to Binary mode.\r\n", 31) = 31
20437 14:34:33.788584 rt_sigaction(SIGALRM, {0x805cad0, ~[RTMIN RT_1], 0}, NULL, 8) = 0
20437 14:34:33.788612 alarm(300)        = 299
20437 14:34:33.788628 recv(0, "PASV\r\n", 4096, MSG_PEEK) = 6
20437 14:34:33.788640 read(0, "PASV\r\n", 6) = 6
20437 14:34:33.788651 write(5, "\n", 1) = 1
20437 14:34:33.788664 read(5,  <unfinished ...>
20435 14:34:33.788672 <... read resumed> "\n", 1) = 1
20435 14:34:33.788681 write(4, "\1", 1) = 1
20437 14:34:33.788692 <... read resumed> "\1", 1) = 1
20437 14:34:33.788699 write(5, "\f", 1) = 1
20437 14:34:33.788709 read(5,  <unfinished ...>
20435 14:34:33.788716 read(4, "\f", 1)  = 1
20435 14:34:33.788736 socket(PF_INET, SOCK_STREAM, IPPROTO_TCP) = 5
20435 14:34:33.788751 setsockopt(5, SOL_SOCKET, SO_REUSEADDR, [1], 4) = 0
20435 14:34:33.788766 bind(5, {sa_family=AF_INET, sin_port=htons(5444), sin_addr=inet_addr("127.0.0.1")}, 16) = 0
20435 14:34:33.788782 listen(5, 1)      = 0
20435 14:34:33.788796 write(4, "D\25\0\0", 4) = 4
20437 14:34:33.788807 <... read resumed> "D\25\0\0", 4) = 4
20437 14:34:33.788819 write(0, "227 Entering Passive Mode (127,0,0,1,21,68).\r\n", 46) = 46
20437 14:34:33.788933 rt_sigaction(SIGALRM, {0x805cad0, ~[RTMIN RT_1], 0}, NULL, 8) = 0
20437 14:34:33.788950 alarm(300)        = 300
20437 14:34:33.788961 recv(0, "STOR myfile37\r\n", 4096, MSG_PEEK) = 15
20437 14:34:33.788973 read(0, "STOR myfile37\r\n", 15) = 15
20437 14:34:33.788987 write(5, "\v", 1) = 1
20437 14:34:33.788997 read(5,  <unfinished ...>
20435 14:34:33.789004 read(4, "\v", 1)  = 1
20435 14:34:33.789015 write(4, "\1\0\0\0", 4) = 4
20437 14:34:33.789025 <... read resumed> "\1\0\0\0", 4) = 4
20437 14:34:33.789033 gettimeofday({1495650873, 789037}, NULL) = 0
20437 14:34:33.789044 getcwd("/home/msfadmin", 4096) = 15
20437 14:34:33.789057 open("myfile37", O_WRONLY|O_CREAT|O_NONBLOCK|O_LARGEFILE, 0666) = 4
20437 14:34:33.789071 fstat64(4, {st_mode=S_IFREG|0644, st_size=17, ...}) = 0
20437 14:34:33.789089 fcntl64(4, F_GETFL) = 0x8801 (flags O_WRONLY|O_NONBLOCK|O_LARGEFILE)
20437 14:34:33.789100 fcntl64(4, F_SETFL, O_WRONLY|O_LARGEFILE) = 0
20437 14:34:33.789133 fcntl64(4, F_SETLKW64, {type=F_WRLCK, whence=SEEK_SET, start=0, len=0}, 0xbfe19804) = 0
20437 14:34:33.789154 ftruncate64(4, 0) = 0
20437 14:34:33.789174 _llseek(4, 0, [0], SEEK_SET) = 0
20437 14:34:33.789195 write(5, "\v", 1) = 1
20437 14:34:33.789216 read(5,  <unfinished ...>
20435 14:34:33.789223 read(4, "\v", 1)  = 1
20435 14:34:33.789244 write(4, "\1\0\0\0", 4) = 4
20437 14:34:33.789254 <... read resumed> "\1\0\0\0", 4) = 4
20437 14:34:33.789262 write(5, "\v", 1) = 1
20437 14:34:33.789271 read(5,  <unfinished ...>
20435 14:34:33.789278 read(4, "\v", 1)  = 1
20435 14:34:33.789288 write(4, "\1\0\0\0", 4) = 4
20437 14:34:33.789298 <... read resumed> "\1\0\0\0", 4) = 4
20437 14:34:33.789305 write(5, "\r", 1) = 1
20437 14:34:33.789315 read(5,  <unfinished ...>
20435 14:34:33.789321 read(4, "\r", 1)  = 1
20435 14:34:33.789333 select(6, [5], NULL, NULL, {60, 0}) = 1 (in [5], left {60, 0})
20435 14:34:33.789349 accept(5, {sa_family=AF_INET, sin_port=htons(46208), sin_addr=inet_addr("127.0.0.1")}, [16]) = 6
20435 14:34:33.789371 write(4, "\1", 1) = 1
20437 14:34:33.789381 <... read resumed> "\1", 1) = 1
20437 14:34:33.789390 recvmsg(5,  <unfinished ...>
20435 14:34:33.789398 sendmsg(4, {msg_name(0)=NULL, msg_iov(1)=[{"\0", 1}], msg_controllen=16, {cmsg_len=16, cmsg_level=SOL_SOCKET, cmsg_type=SCM_RIGHTS, {6}}, msg_flags=0}, 0) = 1
20437 14:34:33.789415 <... recvmsg resumed> {msg_name(0)=NULL, msg_iov(1)=[{"\0", 1}], msg_controllen=16, {cmsg_len=16, cmsg_level=SOL_SOCKET, cmsg_type=SCM_RIGHTS, {6}}, msg_flags=0}, 0) = 1
20437 14:34:33.789428 setsockopt(6, SOL_SOCKET, SO_KEEPALIVE, [1], 4) = 0
20437 14:34:33.789440 setsockopt(6, SOL_IP, IP_TOS, [8], 4) = 0
20437 14:34:33.789452 setsockopt(6, SOL_SOCKET, SO_LINGER, {onoff=1, linger=32767}, 8) = 0
20437 14:34:33.789463 rt_sigaction(SIGALRM, {0x805cad0, ~[RTMIN RT_1], 0}, NULL, 8) = 0
20437 14:34:33.789476 alarm(300)        = 300
20437 14:34:33.789489 write(0, "150 Ok to send data.\r\n", 22) = 22
20437 14:34:33.789554 read(6, "assasaaa\na\na\na\na\n", 65536) = 17
20437 14:34:33.789569 write(4, "assasaaa\na\na\na\na\n", 17) = 17
20437 14:34:33.789585 read(6, "", 65536) = 0
20437 14:34:33.789596 rt_sigaction(SIGALRM, {0x805cad0, ~[RTMIN RT_1], 0}, NULL, 8) = 0
20437 14:34:33.789610 alarm(300)        = 300
20437 14:34:33.789619 close(6)          = 0
20437 14:34:33.789628 alarm(0)          = 300
20437 14:34:33.789638 gettimeofday({1495650873, 789642}, NULL) = 0
20437 14:34:33.789653 gettimeofday({1495650873, 789657}, NULL) = 0
20437 14:34:33.789667 fcntl64(3, F_SETLKW64, {type=F_WRLCK, whence=SEEK_SET, start=0, len=0}, 0xbfe197a4) = 0
20437 14:34:33.789685 write(3, "Wed May 24 14:34:33 2017 [pid 20437] [msfadmin] OK UPLOAD: Client \"127.0.0.1\", \"/home/msfadmin/myfile37\", 17 bytes, 26.78Kbyte/sec\n", 131) = 131
20437 14:34:33.789706 fcntl64(3, F_SETLK64, {type=F_UNLCK, whence=SEEK_SET, start=0, len=0}, 0xbfe197ac) = 0
20437 14:34:33.789721 write(0, "226 Transfer complete.\r\n", 24) = 24
20437 14:34:33.789763 write(5, "\n", 1) = 1
20437 14:34:33.789775 read(5,  <unfinished ...>
20435 14:34:33.789782 close(6)          = 0
20435 14:34:33.789800 read(4, "\n", 1)  = 1
20435 14:34:33.789811 close(5)          = 0
20435 14:34:33.789822 write(4, "\1", 1) = 1
20437 14:34:33.789833 <... read resumed> "\1", 1) = 1
20437 14:34:33.789840 close(4)          = 0
20437 14:34:33.789850 rt_sigaction(SIGALRM, {0x805cad0, ~[RTMIN RT_1], 0}, NULL, 8) = 0
20437 14:34:33.789864 alarm(300)        = 0
20437 14:34:33.789874 recv(0,  <unfinished ...>
20435 14:34:33.789882 read(4,  <unfinished ...>
20434 14:34:34.088363 <... recv resumed> "USER msfadmin\r\n", 4096, MSG_PEEK) = 15
20434 14:34:34.088510 read(0, "USER msfadmin\r\n", 15) = 15
20434 14:34:34.088633 write(0, "331 Any password will do.\r\n", 27) = 27
20434 14:34:34.088734 rt_sigaction(SIGALRM, {0x805cad0, ~[RTMIN RT_1], 0}, NULL, 8) = 0
20434 14:34:34.088770 alarm(300)        = 299
20434 14:34:34.088796 recv(0, "PASS msfadmin\r\n", 4096, MSG_PEEK) = 15
20434 14:34:34.088815 read(0, "PASS msfadmin\r\n", 15) = 15
20434 14:34:34.088832 write(0, "230 Already logged in.\r\n", 24) = 24
20434 14:34:34.088894 rt_sigaction(SIGALRM, {0x805cad0, ~[RTMIN RT_1], 0}, NULL, 8) = 0
20434 14:34:34.088910 alarm(300)        = 300
20434 14:34:34.088921 recv(0, "TYPE I\r\n", 4096, MSG_PEEK) = 8
20434 14:34:34.088932 read(0, "TYPE I\r\n", 8) = 8
20434 14:34:34.088947 write(0, "200 Switching to Binary mode.\r\n", 31) = 31
20434 14:34:34.088982 rt_sigaction(SIGALRM, {0x805cad0, ~[RTMIN RT_1], 0}, NULL, 8) = 0
20434 14:34:34.088997 alarm(300)        = 300
20434 14:34:34.089008 recv(0, "PASV\r\n", 4096, MSG_PEEK) = 6
20434 14:34:34.089018 read(0, "PASV\r\n", 6) = 6
20434 14:34:34.089030 write(5, "\n", 1 <unfinished ...>
20432 14:34:34.089042 <... read resumed> "\n", 1) = 1
20434 14:34:34.089047 <... write resumed> ) = 1
20432 14:34:34.089054 write(4, "\1", 1) = 1
20432 14:34:34.089065 read(4,  <unfinished ...>
20434 14:34:34.089072 read(5, "\1", 1)  = 1
20434 14:34:34.089083 write(5, "\f", 1 <unfinished ...>
20432 14:34:34.089091 <... read resumed> "\f", 1) = 1
20434 14:34:34.089095 <... write resumed> ) = 1
20432 14:34:34.089102 socket(PF_INET, SOCK_STREAM, IPPROTO_TCP) = 5
20432 14:34:34.089118 setsockopt(5, SOL_SOCKET, SO_REUSEADDR, [1], 4) = 0
20432 14:34:34.089132 bind(5, {sa_family=AF_INET, sin_port=htons(21328), sin_addr=inet_addr("127.0.0.1")}, 16) = 0
20432 14:34:34.089149 listen(5, 1)      = 0
20432 14:34:34.089163 write(4, "PS\0\0", 4) = 4
20432 14:34:34.089173 read(4,  <unfinished ...>
20434 14:34:34.089180 read(5, "PS\0\0", 4) = 4
20434 14:34:34.089195 write(0, "227 Entering Passive Mode (127,0,0,1,83,80).\r\n", 46) = 46
20434 14:34:34.089307 rt_sigaction(SIGALRM, {0x805cad0, ~[RTMIN RT_1], 0}, NULL, 8) = 0
20434 14:34:34.089323 alarm(300)        = 300
20434 14:34:34.089366 recv(0, "RETR myfile27\r\n", 4096, MSG_PEEK) = 15
20434 14:34:34.089381 read(0, "RETR myfile27\r\n", 15) = 15
20434 14:34:34.089404 write(5, "\v", 1 <unfinished ...>
20432 14:34:34.089413 <... read resumed> "\v", 1) = 1
20434 14:34:34.089418 <... write resumed> ) = 1
20432 14:34:34.089424 write(4, "\1\0\0\0", 4) = 4
20432 14:34:34.089435 read(4,  <unfinished ...>
20434 14:34:34.089442 read(5, "\1\0\0\0", 4) = 4
20434 14:34:34.089454 gettimeofday({1495650874, 89458}, NULL) = 0
20434 14:34:34.089465 getcwd("/home/msfadmin", 4096) = 15
20434 14:34:34.089478 open("myfile27", O_RDONLY|O_NONBLOCK|O_LARGEFILE) = 4
20434 14:34:34.089492 fcntl64(4, F_SETLKW64, {type=F_RDLCK, whence=SEEK_SET, start=0, len=0}, 0xbfa0f414) = 0
20434 14:34:34.089507 fstat64(4, {st_mode=S_IFREG|0644, st_size=17, ...}) = 0
20434 14:34:34.089524 fcntl64(4, F_GETFL) = 0x8800 (flags O_RDONLY|O_NONBLOCK|O_LARGEFILE)
20434 14:34:34.089543 fcntl64(4, F_SETFL, O_RDONLY|O_LARGEFILE) = 0
20434 14:34:34.089555 write(5, "\v", 1 <unfinished ...>
20432 14:34:34.089563 <... read resumed> "\v", 1) = 1
20434 14:34:34.089567 <... write resumed> ) = 1
20432 14:34:34.089573 write(4, "\1\0\0\0", 4) = 4
20432 14:34:34.089584 read(4,  <unfinished ...>
20434 14:34:34.089591 read(5, "\1\0\0\0", 4) = 4
20434 14:34:34.089602 write(5, "\v", 1 <unfinished ...>
20432 14:34:34.089609 <... read resumed> "\v", 1) = 1
20434 14:34:34.089614 <... write resumed> ) = 1
20432 14:34:34.089620 write(4, "\1\0\0\0", 4) = 4
20432 14:34:34.089630 read(4,  <unfinished ...>
20434 14:34:34.089637 read(5, "\1\0\0\0", 4) = 4
20434 14:34:34.089648 write(5, "\r", 1 <unfinished ...>
20432 14:34:34.089655 <... read resumed> "\r", 1) = 1
20434 14:34:34.089660 <... write resumed> ) = 1
20432 14:34:34.089667 select(6, [5], NULL, NULL, {60, 0}) = 1 (in [5], left {60, 0})
20432 14:34:34.089683 accept(5, {sa_family=AF_INET, sin_port=htons(50101), sin_addr=inet_addr("127.0.0.1")}, [16]) = 6
20432 14:34:34.089705 write(4, "\1", 1) = 1
20432 14:34:34.089717 sendmsg(4, {msg_name(0)=NULL, msg_iov(1)=[{"\0", 1}], msg_controllen=16, {cmsg_len=16, cmsg_level=SOL_SOCKET, cmsg_type=SCM_RIGHTS, {6}}, msg_flags=0}, 0) = 1
20432 14:34:34.089734 close(6)          = 0
20432 14:34:34.089744 read(4,  <unfinished ...>
20434 14:34:34.089751 read(5, "\1", 1)  = 1
20434 14:34:34.089763 recvmsg(5, {msg_name(0)=NULL, msg_iov(1)=[{"\0", 1}], msg_controllen=16, {cmsg_len=16, cmsg_level=SOL_SOCKET, cmsg_type=SCM_RIGHTS, {6}}, msg_flags=0}, 0) = 1
20434 14:34:34.089781 setsockopt(6, SOL_SOCKET, SO_KEEPALIVE, [1], 4) = 0
20434 14:34:34.089794 setsockopt(6, SOL_IP, IP_TOS, [8], 4) = 0
20434 14:34:34.089805 setsockopt(6, SOL_SOCKET, SO_LINGER, {onoff=1, linger=32767}, 8) = 0
20434 14:34:34.089817 rt_sigaction(SIGALRM, {0x805cad0, ~[RTMIN RT_1], 0}, NULL, 8) = 0
20434 14:34:34.089830 alarm(300)        = 300
20434 14:34:34.089843 write(0, "150 Opening BINARY mode data connection for myfile27 (17 bytes).\r\n", 66) = 66
20434 14:34:34.089885 _llseek(4, 0, [0], SEEK_CUR) = 0
20434 14:34:34.089897 fstat64(4, {st_mode=S_IFREG|0644, st_size=17, ...}) = 0
20434 14:34:34.089915 _llseek(4, 0, [0], SEEK_SET) = 0
20434 14:34:34.089925 sendfile(6, 4, NULL, 17) = 17
20434 14:34:34.089957 rt_sigaction(SIGALRM, {0x805cad0, ~[RTMIN RT_1], 0}, NULL, 8) = 0
20434 14:34:34.089971 alarm(300)        = 300
20434 14:34:34.090002 close(6)          = 0
20434 14:34:34.090048 alarm(0)          = 300
20434 14:34:34.090059 gettimeofday({1495650874, 90062}, NULL) = 0
20434 14:34:34.090074 gettimeofday({1495650874, 90078}, NULL) = 0
20434 14:34:34.090088 fcntl64(3, F_SETLKW64, {type=F_WRLCK, whence=SEEK_SET, start=0, len=0}, 0xbfa0f3b4) = 0
20434 14:34:34.090103 write(3, "Wed May 24 14:34:34 2017 [pid 20434] [msfadmin] OK DOWNLOAD: Client \"127.0.0.1\", \"/home/msfadmin/myfile27\", 17 bytes, 26.78Kbyte/sec\n", 133) = 133
20434 14:34:34.090125 fcntl64(3, F_SETLK64, {type=F_UNLCK, whence=SEEK_SET, start=0, len=0}, 0xbfa0f3bc) = 0
20434 14:34:34.090139 write(0, "226 Transfer complete.\r\n", 24) = 24
20434 14:34:34.090203 write(5, "\n", 1 <unfinished ...>
20432 14:34:34.090213 <... read resumed> "\n", 1) = 1
20434 14:34:34.090218 <... write resumed> ) = 1
20432 14:34:34.090224 close(5)          = 0
20432 14:34:34.090236 write(4, "\1", 1) = 1
20432 14:34:34.090247 read(4,  <unfinished ...>
20434 14:34:34.090254 read(5, "\1", 1)  = 1
20434 14:34:34.090265 close(4)          = 0
20434 14:34:34.090275 rt_sigaction(SIGALRM, {0x805cad0, ~[RTMIN RT_1], 0}, NULL, 8) = 0
20434 14:34:34.090318 alarm(300)        = 0
20434 14:34:34.090332 recv(0,  <unfinished ...>
20437 14:34:34.338562 <... recv resumed> "TYPE I\r\n", 4096, MSG_PEEK) = 8
20437 14:34:34.338825 read(0, "TYPE I\r\n", 8) = 8
20437 14:34:34.339059 write(0, "200 Switching to Binary mode.\r\n", 31) = 31
20437 14:34:34.339219 rt_sigaction(SIGALRM, {0x805cad0, ~[RTMIN RT_1], 0}, NULL, 8) = 0
20437 14:34:34.339267 alarm(300)        = 299
20437 14:34:34.339307 recv(0, "PASV\r\n", 4096, MSG_PEEK) = 6
20437 14:34:34.339330 read(0, "PASV\r\n", 6) = 6
20437 14:34:34.339349 write(5, "\n", 1) = 1
20437 14:34:34.339361 read(5,  <unfinished ...>
20435 14:34:34.339370 <... read resumed> "\n", 1) = 1
20435 14:34:34.339379 write(4, "\1", 1) = 1
20437 14:34:34.339390 <... read resumed> "\1", 1) = 1
20437 14:34:34.339397 write(5, "\f", 1) = 1
20437 14:34:34.339407 read(5,  <unfinished ...>
20435 14:34:34.339414 read(4, "\f", 1)  = 1
20435 14:34:34.339425 socket(PF_INET, SOCK_STREAM, IPPROTO_TCP) = 5
20435 14:34:34.339441 setsockopt(5, SOL_SOCKET, SO_REUSEADDR, [1], 4) = 0
20435 14:34:34.339455 bind(5, {sa_family=AF_INET, sin_port=htons(59442), sin_addr=inet_addr("127.0.0.1")}, 16) = 0
20435 14:34:34.339472 listen(5, 1)      = 0
20435 14:34:34.339486 write(4, "2\350\0\0", 4) = 4
20437 14:34:34.339497 <... read resumed> "2\350\0\0", 4) = 4
20437 14:34:34.339509 write(0, "227 Entering Passive Mode (127,0,0,1,232,50).\r\n", 47) = 47
20437 14:34:34.339623 rt_sigaction(SIGALRM, {0x805cad0, ~[RTMIN RT_1], 0}, NULL, 8) = 0
20437 14:34:34.339640 alarm(300)        = 300
20437 14:34:34.339651 recv(0, "STOR myfile38\r\n", 4096, MSG_PEEK) = 15
20437 14:34:34.339663 read(0, "STOR myfile38\r\n", 15) = 15
20437 14:34:34.339677 write(5, "\v", 1) = 1
20437 14:34:34.339688 read(5,  <unfinished ...>
20435 14:34:34.339695 read(4, "\v", 1)  = 1
20435 14:34:34.339706 write(4, "\1\0\0\0", 4) = 4
20437 14:34:34.339716 <... read resumed> "\1\0\0\0", 4) = 4
20437 14:34:34.339724 gettimeofday({1495650874, 339728}, NULL) = 0
20437 14:34:34.339735 getcwd("/home/msfadmin", 4096) = 15
20437 14:34:34.339747 open("myfile38", O_WRONLY|O_CREAT|O_NONBLOCK|O_LARGEFILE, 0666) = 4
20437 14:34:34.339762 fstat64(4, {st_mode=S_IFREG|0644, st_size=17, ...}) = 0
20437 14:34:34.339779 fcntl64(4, F_GETFL) = 0x8801 (flags O_WRONLY|O_NONBLOCK|O_LARGEFILE)
20437 14:34:34.339817 fcntl64(4, F_SETFL, O_WRONLY|O_LARGEFILE) = 0
20437 14:34:34.339828 fcntl64(4, F_SETLKW64, {type=F_WRLCK, whence=SEEK_SET, start=0, len=0}, 0xbfe19804) = 0
20437 14:34:34.339852 ftruncate64(4, 0) = 0
20437 14:34:34.339871 _llseek(4, 0, [0], SEEK_SET) = 0
20437 14:34:34.339882 write(5, "\v", 1) = 1
20437 14:34:34.339893 read(5,  <unfinished ...>
20435 14:34:34.339900 read(4, "\v", 1)  = 1
20435 14:34:34.339911 write(4, "\1\0\0\0", 4) = 4
20437 14:34:34.339921 <... read resumed> "\1\0\0\0", 4) = 4
20437 14:34:34.339928 write(5, "\v", 1) = 1
20437 14:34:34.339938 read(5,  <unfinished ...>
20435 14:34:34.339945 read(4, "\v", 1)  = 1
20435 14:34:34.339955 write(4, "\1\0\0\0", 4) = 4
20437 14:34:34.339965 <... read resumed> "\1\0\0\0", 4) = 4
20437 14:34:34.339972 write(5, "\r", 1) = 1
20437 14:34:34.339982 read(5,  <unfinished ...>
20435 14:34:34.339989 read(4, "\r", 1)  = 1
20435 14:34:34.340000 select(6, [5], NULL, NULL, {60, 0}) = 1 (in [5], left {60, 0})
20435 14:34:34.340017 accept(5, {sa_family=AF_INET, sin_port=htons(42108), sin_addr=inet_addr("127.0.0.1")}, [16]) = 6
20435 14:34:34.340039 write(4, "\1", 1) = 1
20437 14:34:34.340049 <... read resumed> "\1", 1) = 1
20437 14:34:34.340058 recvmsg(5,  <unfinished ...>
20435 14:34:34.340066 sendmsg(4, {msg_name(0)=NULL, msg_iov(1)=[{"\0", 1}], msg_controllen=16, {cmsg_len=16, cmsg_level=SOL_SOCKET, cmsg_type=SCM_RIGHTS, {6}}, msg_flags=0}, 0) = 1
20437 14:34:34.340083 <... recvmsg resumed> {msg_name(0)=NULL, msg_iov(1)=[{"\0", 1}], msg_controllen=16, {cmsg_len=16, cmsg_level=SOL_SOCKET, cmsg_type=SCM_RIGHTS, {6}}, msg_flags=0}, 0) = 1
20437 14:34:34.340096 setsockopt(6, SOL_SOCKET, SO_KEEPALIVE, [1], 4) = 0
20437 14:34:34.340108 setsockopt(6, SOL_IP, IP_TOS, [8], 4) = 0
20437 14:34:34.340120 setsockopt(6, SOL_SOCKET, SO_LINGER, {onoff=1, linger=32767}, 8) = 0
20437 14:34:34.340131 rt_sigaction(SIGALRM, {0x805cad0, ~[RTMIN RT_1], 0}, NULL, 8) = 0
20437 14:34:34.340144 alarm(300)        = 300
20437 14:34:34.340157 write(0, "150 Ok to send data.\r\n", 22) = 22
20437 14:34:34.340223 read(6, "assasaaa\na\na\na\na\n", 65536) = 17
20437 14:34:34.340238 write(4, "assasaaa\na\na\na\na\n", 17) = 17
20437 14:34:34.340257 read(6, "", 65536) = 0
20437 14:34:34.340267 rt_sigaction(SIGALRM, {0x805cad0, ~[RTMIN RT_1], 0}, NULL, 8) = 0
20437 14:34:34.340281 alarm(300)        = 300
20437 14:34:34.340291 close(6)          = 0
20437 14:34:34.340300 alarm(0)          = 300
20437 14:34:34.340304 gettimeofday({1495650874, 340304}, NULL) = 0
20437 14:34:34.340304 gettimeofday({1495650874, 340304}, NULL) = 0
20437 14:34:34.340304 fcntl64(3, F_SETLKW64, {type=F_WRLCK, whence=SEEK_SET, start=0, len=0}, 0xbfe197a4) = 0
20437 14:34:34.340304 write(3, "Wed May 24 14:34:34 2017 [pid 20437] [msfadmin] OK UPLOAD: Client \"127.0.0.1\", \"/home/msfadmin/myfile38\", 17 bytes, 28.82Kbyte/sec\n", 131) = 131
20437 14:34:34.340304 fcntl64(3, F_SETLK64, {type=F_UNLCK, whence=SEEK_SET, start=0, len=0}, 0xbfe197ac) = 0
20437 14:34:34.340305 write(0, "226 Transfer complete.\r\n", 24) = 24
20437 14:34:34.340305 write(5, "\n", 1) = 1
20437 14:34:34.340305 read(5,  <unfinished ...>
20435 14:34:34.340305 close(6)          = 0
20435 14:34:34.340306 read(4, "\n", 1)  = 1
20435 14:34:34.340306 close(5)          = 0
20435 14:34:34.340306 write(4, "\1", 1) = 1
20437 14:34:34.340314 <... read resumed> "\1", 1) = 1
20437 14:34:34.340321 close(4)          = 0
20437 14:34:34.340332 rt_sigaction(SIGALRM, {0x805cad0, ~[RTMIN RT_1], 0}, NULL, 8) = 0
20437 14:34:34.340345 alarm(300)        = 0
20437 14:34:34.340356 recv(0,  <unfinished ...>
20435 14:34:34.340364 read(4,  <unfinished ...>
