19771 14:27:31.713241 write(5, "\r", 1) = 1
19771 14:27:31.713262 read(5,  <unfinished ...>
19769 14:27:31.713277 read(4, "\r", 1)  = 1
19769 14:27:31.713290 select(6, [5], NULL, NULL, {60, 0}) = 1 (in [5], left {60, 0})
19769 14:27:31.713307 accept(5, {sa_family=AF_INET, sin_port=htons(37527), sin_addr=inet_addr("127.0.0.1")}, [16]) = 6
19769 14:27:31.713331 write(4, "\1", 1) = 1
19771 14:27:31.713342 <... read resumed> "\1", 1) = 1
19771 14:27:31.713350 recvmsg(5,  <unfinished ...>
19769 14:27:31.713359 sendmsg(4, {msg_name(0)=NULL, msg_iov(1)=[{"\0", 1}], msg_controllen=16, {cmsg_len=16, cmsg_level=SOL_SOCKET, cmsg_type=SCM_RIGHTS, {6}}, msg_flags=0}, 0) = 1
19771 14:27:31.713377 <... recvmsg resumed> {msg_name(0)=NULL, msg_iov(1)=[{"\0", 1}], msg_controllen=16, {cmsg_len=16, cmsg_level=SOL_SOCKET, cmsg_type=SCM_RIGHTS, {6}}, msg_flags=0}, 0) = 1
19771 14:27:31.713390 setsockopt(6, SOL_SOCKET, SO_KEEPALIVE, [1], 4) = 0
19771 14:27:31.713403 setsockopt(6, SOL_IP, IP_TOS, [8], 4) = 0
19771 14:27:31.713416 setsockopt(6, SOL_SOCKET, SO_LINGER, {onoff=1, linger=32767}, 8) = 0
19771 14:27:31.713427 rt_sigaction(SIGALRM, {0x805cad0, ~[RTMIN RT_1], 0}, NULL, 8) = 0
19771 14:27:31.713441 alarm(300)        = 300
19771 14:27:31.713453 write(0, "150 Ok to send data.\r\n", 22) = 22
19771 14:27:31.713521 read(6, "assasaaa\na\na\na\na\n", 65536) = 17
19771 14:27:31.713536 write(4, "assasaaa\na\na\na\na\n", 17) = 17
19771 14:27:31.713553 read(6, "", 65536) = 0
19771 14:27:31.713563 rt_sigaction(SIGALRM, {0x805cad0, ~[RTMIN RT_1], 0}, NULL, 8) = 0
19771 14:27:31.713577 alarm(300)        = 300
19771 14:27:31.713587 close(6)          = 0
19771 14:27:31.713597 alarm(0)          = 300
19771 14:27:31.713607 gettimeofday({1495650451, 713610}, NULL) = 0
19771 14:27:31.713622 gettimeofday({1495650451, 713626}, NULL) = 0
19771 14:27:31.713636 fcntl64(3, F_SETLKW64, {type=F_WRLCK, whence=SEEK_SET, start=0, len=0}, 0xbf80e194) = 0
19771 14:27:31.713651 write(3, "Wed May 24 14:27:31 2017 [pid 19771] [msfadmin] OK UPLOAD: Client \"127.0.0.1\", \"/home/msfadmin/myfile29\", 17 bytes, 27.58Kbyte/sec\n", 131) = 131
19771 14:27:31.713673 fcntl64(3, F_SETLK64, {type=F_UNLCK, whence=SEEK_SET, start=0, len=0}, 0xbf80e19c) = 0
19771 14:27:31.713688 write(0, "226 Transfer complete.\r\n", 24) = 24
19771 14:27:31.713735 write(5, "\n", 1) = 1
19771 14:27:31.713758 read(5,  <unfinished ...>
19769 14:27:31.713767 close(6)          = 0
19769 14:27:31.713787 read(4, "\n", 1)  = 1
19769 14:27:31.713799 close(5)          = 0
19769 14:27:31.713810 write(4, "\1", 1) = 1
19771 14:27:31.713821 <... read resumed> "\1", 1) = 1
19771 14:27:31.713828 close(4)          = 0
19771 14:27:31.713839 rt_sigaction(SIGALRM, {0x805cad0, ~[RTMIN RT_1], 0}, NULL, 8) = 0
19771 14:27:31.713853 alarm(300)        = 0
19771 14:27:31.713864 recv(0,  <unfinished ...>
19769 14:27:31.713872 read(4,  <unfinished ...>
19768 14:27:32.163498 <... recv resumed> "USER msfadmin\r\n", 4096, MSG_PEEK) = 15
19768 14:27:32.163565 read(0, "USER msfadmin\r\n", 15) = 15
19768 14:27:32.163616 write(0, "331 Any password will do.\r\n", 27) = 27
19768 14:27:32.163683 rt_sigaction(SIGALRM, {0x805cad0, ~[RTMIN RT_1], 0}, NULL, 8) = 0
19768 14:27:32.163708 alarm(300)        = 299
19768 14:27:32.163721 recv(0, "PASS msfadmin\r\n", 4096, MSG_PEEK) = 15
19768 14:27:32.163733 read(0, "PASS msfadmin\r\n", 15) = 15
19768 14:27:32.163749 write(0, "230 Already logged in.\r\n", 24) = 24
19768 14:27:32.163811 rt_sigaction(SIGALRM, {0x805cad0, ~[RTMIN RT_1], 0}, NULL, 8) = 0
19768 14:27:32.163827 alarm(300)        = 300
19768 14:27:32.163838 recv(0, "TYPE I\r\n", 4096, MSG_PEEK) = 8
19768 14:27:32.163849 read(0, "TYPE I\r\n", 8) = 8
19768 14:27:32.163864 write(0, "200 Switching to Binary mode.\r\n", 31) = 31
19768 14:27:32.163900 rt_sigaction(SIGALRM, {0x805cad0, ~[RTMIN RT_1], 0}, NULL, 8) = 0
19768 14:27:32.163914 alarm(300)        = 300
19768 14:27:32.163925 recv(0, "PASV\r\n", 4096, MSG_PEEK) = 6
19768 14:27:32.163936 read(0, "PASV\r\n", 6) = 6
19768 14:27:32.163948 write(5, "\n", 1 <unfinished ...>
19766 14:27:32.163959 <... read resumed> "\n", 1) = 1
19768 14:27:32.163964 <... write resumed> ) = 1
19766 14:27:32.163979 write(4, "\1", 1) = 1
19766 14:27:32.163990 read(4,  <unfinished ...>
19768 14:27:32.163997 read(5, "\1", 1)  = 1
19768 14:27:32.164009 write(5, "\f", 1 <unfinished ...>
19766 14:27:32.164016 <... read resumed> "\f", 1) = 1
19768 14:27:32.164021 <... write resumed> ) = 1
19766 14:27:32.164028 socket(PF_INET, SOCK_STREAM, IPPROTO_TCP) = 5
19766 14:27:32.164043 setsockopt(5, SOL_SOCKET, SO_REUSEADDR, [1], 4) = 0
19766 14:27:32.164057 bind(5, {sa_family=AF_INET, sin_port=htons(60081), sin_addr=inet_addr("127.0.0.1")}, 16) = 0
19766 14:27:32.164074 listen(5, 1)      = 0
19766 14:27:32.164088 write(4, "\261\352\0\0", 4) = 4
19766 14:27:32.164099 read(4,  <unfinished ...>
19768 14:27:32.164106 read(5, "\261\352\0\0", 4) = 4
19768 14:27:32.164122 write(0, "227 Entering Passive Mode (127,0,0,1,234,177).\r\n", 48) = 48
19768 14:27:32.164234 rt_sigaction(SIGALRM, {0x805cad0, ~[RTMIN RT_1], 0}, NULL, 8) = 0
19768 14:27:32.164264 alarm(300)        = 300
19768 14:27:32.164278 recv(0, "RETR myfile16\r\n", 4096, MSG_PEEK) = 15
19768 14:27:32.164291 read(0, "RETR myfile16\r\n", 15) = 15
19768 14:27:32.164321 write(5, "\v", 1 <unfinished ...>
19766 14:27:32.164341 <... read resumed> "\v", 1) = 1
19768 14:27:32.164355 <... write resumed> ) = 1
19766 14:27:32.164361 write(4, "\1\0\0\0", 4) = 4
19766 14:27:32.164383 read(4,  <unfinished ...>
19768 14:27:32.164399 read(5, "\1\0\0\0", 4) = 4
19768 14:27:32.164411 gettimeofday({1495650452, 164415}, NULL) = 0
19768 14:27:32.164422 getcwd("/home/msfadmin", 4096) = 15
19768 14:27:32.164435 open("myfile16", O_RDONLY|O_NONBLOCK|O_LARGEFILE) = 4
19768 14:27:32.164448 fcntl64(4, F_SETLKW64, {type=F_RDLCK, whence=SEEK_SET, start=0, len=0}, 0xbfc44e54) = 0
19768 14:27:32.164463 fstat64(4, {st_mode=S_IFREG|0644, st_size=17, ...}) = 0
19768 14:27:32.164480 fcntl64(4, F_GETFL) = 0x8800 (flags O_RDONLY|O_NONBLOCK|O_LARGEFILE)
19768 14:27:32.164491 fcntl64(4, F_SETFL, O_RDONLY|O_LARGEFILE) = 0
19768 14:27:32.164502 write(5, "\v", 1 <unfinished ...>
19766 14:27:32.164510 <... read resumed> "\v", 1) = 1
19768 14:27:32.164515 <... write resumed> ) = 1
19766 14:27:32.164521 write(4, "\1\0\0\0", 4) = 4
19766 14:27:32.164532 read(4,  <unfinished ...>
19768 14:27:32.164538 read(5, "\1\0\0\0", 4) = 4
19768 14:27:32.164549 write(5, "\v", 1 <unfinished ...>
19766 14:27:32.164556 <... read resumed> "\v", 1) = 1
19768 14:27:32.164561 <... write resumed> ) = 1
19766 14:27:32.164567 write(4, "\1\0\0\0", 4) = 4
19766 14:27:32.164577 read(4,  <unfinished ...>
19768 14:27:32.164583 read(5, "\1\0\0\0", 4) = 4
19768 14:27:32.164595 write(5, "\r", 1 <unfinished ...>
19766 14:27:32.164602 <... read resumed> "\r", 1) = 1
19768 14:27:32.164606 <... write resumed> ) = 1
19766 14:27:32.164613 select(6, [5], NULL, NULL, {60, 0}) = 1 (in [5], left {60, 0})
19766 14:27:32.164629 accept(5, {sa_family=AF_INET, sin_port=htons(38942), sin_addr=inet_addr("127.0.0.1")}, [16]) = 6
19766 14:27:32.164651 write(4, "\1", 1) = 1
19766 14:27:32.164663 sendmsg(4, {msg_name(0)=NULL, msg_iov(1)=[{"\0", 1}], msg_controllen=16, {cmsg_len=16, cmsg_level=SOL_SOCKET, cmsg_type=SCM_RIGHTS, {6}}, msg_flags=0}, 0) = 1
19766 14:27:32.164680 close(6)          = 0
19766 14:27:32.164690 read(4,  <unfinished ...>
19768 14:27:32.164696 read(5, "\1", 1)  = 1
19768 14:27:32.164709 recvmsg(5, {msg_name(0)=NULL, msg_iov(1)=[{"\0", 1}], msg_controllen=16, {cmsg_len=16, cmsg_level=SOL_SOCKET, cmsg_type=SCM_RIGHTS, {6}}, msg_flags=0}, 0) = 1
19768 14:27:32.164727 setsockopt(6, SOL_SOCKET, SO_KEEPALIVE, [1], 4) = 0
19768 14:27:32.164739 setsockopt(6, SOL_IP, IP_TOS, [8], 4) = 0
19768 14:27:32.164751 setsockopt(6, SOL_SOCKET, SO_LINGER, {onoff=1, linger=32767}, 8) = 0
19768 14:27:32.164762 rt_sigaction(SIGALRM, {0x805cad0, ~[RTMIN RT_1], 0}, NULL, 8) = 0
19768 14:27:32.164775 alarm(300)        = 300
19768 14:27:32.164788 write(0, "150 Opening BINARY mode data connection for myfile16 (17 bytes).\r\n", 66) = 66
19768 14:27:32.164829 _llseek(4, 0, [0], SEEK_CUR) = 0
19768 14:27:32.164841 fstat64(4, {st_mode=S_IFREG|0644, st_size=17, ...}) = 0
19768 14:27:32.164863 _llseek(4, 0, [0], SEEK_SET) = 0
19768 14:27:32.164873 sendfile(6, 4, NULL, 17) = 17
19768 14:27:32.164904 rt_sigaction(SIGALRM, {0x805cad0, ~[RTMIN RT_1], 0}, NULL, 8) = 0
19768 14:27:32.164918 alarm(300)        = 300
19768 14:27:32.164928 close(6)          = 0
19768 14:27:32.164965 alarm(0)          = 300
19768 14:27:32.164975 gettimeofday({1495650452, 164979}, NULL) = 0
19768 14:27:32.164990 gettimeofday({1495650452, 164994}, NULL) = 0
19768 14:27:32.165005 fcntl64(3, F_SETLKW64, {type=F_WRLCK, whence=SEEK_SET, start=0, len=0}, 0xbfc44df4) = 0
19768 14:27:32.165019 write(3, "Wed May 24 14:27:32 2017 [pid 19768] [msfadmin] OK DOWNLOAD: Client \"127.0.0.1\", \"/home/msfadmin/myfile16\", 17 bytes, 28.67Kbyte/sec\n", 133) = 133
19768 14:27:32.165041 fcntl64(3, F_SETLK64, {type=F_UNLCK, whence=SEEK_SET, start=0, len=0}, 0xbfc44dfc) = 0
19768 14:27:32.165055 write(0, "226 Transfer complete.\r\n", 24) = 24
19768 14:27:32.165119 write(5, "\n", 1 <unfinished ...>
19766 14:27:32.165129 <... read resumed> "\n", 1) = 1
19768 14:27:32.165134 <... write resumed> ) = 1
19766 14:27:32.165140 close(5)          = 0
19766 14:27:32.165152 write(4, "\1", 1) = 1
19766 14:27:32.165163 read(4,  <unfinished ...>
19768 14:27:32.165170 read(5, "\1", 1)  = 1
19768 14:27:32.165181 close(4)          = 0
19768 14:27:32.165191 rt_sigaction(SIGALRM, {0x805cad0, ~[RTMIN RT_1], 0}, NULL, 8) = 0
19768 14:27:32.165244 alarm(300)        = 0
19768 14:27:32.165257 recv(0,  <unfinished ...>
19771 14:27:32.242520 <... recv resumed> "TYPE I\r\n", 4096, MSG_PEEK) = 8
19771 14:27:32.242550 read(0, "TYPE I\r\n", 8) = 8
19771 14:27:32.242572 write(0, "200 Switching to Binary mode.\r\n", 31) = 31
19771 14:27:32.242619 rt_sigaction(SIGALRM, {0x805cad0, ~[RTMIN RT_1], 0}, NULL, 8) = 0
19771 14:27:32.242636 alarm(300)        = 299
19771 14:27:32.242649 recv(0, "PASV\r\n", 4096, MSG_PEEK) = 6
19771 14:27:32.242661 read(0, "PASV\r\n", 6) = 6
19771 14:27:32.242673 write(5, "\n", 1) = 1
19771 14:27:32.242685 read(5,  <unfinished ...>
19769 14:27:32.242694 <... read resumed> "\n", 1) = 1
19769 14:27:32.242703 write(4, "\1", 1) = 1
19771 14:27:32.242714 <... read resumed> "\1", 1) = 1
19771 14:27:32.242721 write(5, "\f", 1) = 1
19771 14:27:32.242730 read(5,  <unfinished ...>
19769 14:27:32.242737 read(4, "\f", 1)  = 1
19769 14:27:32.242749 socket(PF_INET, SOCK_STREAM, IPPROTO_TCP) = 5
19769 14:27:32.242765 setsockopt(5, SOL_SOCKET, SO_REUSEADDR, [1], 4) = 0
19769 14:27:32.242780 bind(5, {sa_family=AF_INET, sin_port=htons(16810), sin_addr=inet_addr("127.0.0.1")}, 16) = 0
19769 14:27:32.242796 listen(5, 1)      = 0
19769 14:27:32.242810 write(4, "\252A\0\0", 4) = 4
19771 14:27:32.242821 <... read resumed> "\252A\0\0", 4) = 4
19771 14:27:32.242833 write(0, "227 Entering Passive Mode (127,0,0,1,65,170).\r\n", 47) = 47
19771 14:27:32.242945 rt_sigaction(SIGALRM, {0x805cad0, ~[RTMIN RT_1], 0}, NULL, 8) = 0
19771 14:27:32.242961 alarm(300)        = 300
19771 14:27:32.242972 recv(0, "STOR myfile30\r\n", 4096, MSG_PEEK) = 15
19771 14:27:32.242984 read(0, "STOR myfile30\r\n", 15) = 15
19771 14:27:32.242998 write(5, "\v", 1) = 1
19771 14:27:32.243008 read(5,  <unfinished ...>
19769 14:27:32.243015 read(4, "\v", 1)  = 1
19769 14:27:32.243026 write(4, "\1\0\0\0", 4) = 4
19771 14:27:32.243037 <... read resumed> "\1\0\0\0", 4) = 4
19771 14:27:32.243044 gettimeofday({1495650452, 243048}, NULL) = 0
19771 14:27:32.243056 getcwd("/home/msfadmin", 4096) = 15
19771 14:27:32.243068 open("myfile30", O_WRONLY|O_CREAT|O_NONBLOCK|O_LARGEFILE, 0666) = 4
19771 14:27:32.243083 fstat64(4, {st_mode=S_IFREG|0644, st_size=17, ...}) = 0
19771 14:27:32.243100 fcntl64(4, F_GETFL) = 0x8801 (flags O_WRONLY|O_NONBLOCK|O_LARGEFILE)
19771 14:27:32.243112 fcntl64(4, F_SETFL, O_WRONLY|O_LARGEFILE) = 0
19771 14:27:32.243122 fcntl64(4, F_SETLKW64, {type=F_WRLCK, whence=SEEK_SET, start=0, len=0}, 0xbf80e1f4) = 0
19771 14:27:32.243136 ftruncate64(4, 0) = 0
19771 14:27:32.243156 _llseek(4, 0, [0], SEEK_SET) = 0
19771 14:27:32.243166 write(5, "\v", 1) = 1
19771 14:27:32.243177 read(5,  <unfinished ...>
19769 14:27:32.243183 read(4, "\v", 1)  = 1
19769 14:27:32.243232 write(4, "\1\0\0\0", 4) = 4
19771 14:27:32.243243 <... read resumed> "\1\0\0\0", 4) = 4
19771 14:27:32.243251 write(5, "\v", 1) = 1
19771 14:27:32.243261 read(5,  <unfinished ...>
19769 14:27:32.243267 read(4, "\v", 1)  = 1
19769 14:27:32.243278 write(4, "\1\0\0\0", 4) = 4
19771 14:27:32.243288 <... read resumed> "\1\0\0\0", 4) = 4
19771 14:27:32.243295 write(5, "\r", 1) = 1
19771 14:27:32.243305 read(5,  <unfinished ...>
19769 14:27:32.243312 read(4, "\r", 1)  = 1
19769 14:27:32.243324 select(6, [5], NULL, NULL, {60, 0}) = 1 (in [5], left {60, 0})
19769 14:27:32.243340 accept(5, {sa_family=AF_INET, sin_port=htons(42585), sin_addr=inet_addr("127.0.0.1")}, [16]) = 6
19769 14:27:32.243363 write(4, "\1", 1) = 1
19771 14:27:32.243374 <... read resumed> "\1", 1) = 1
19771 14:27:32.243382 recvmsg(5,  <unfinished ...>
19769 14:27:32.243390 sendmsg(4, {msg_name(0)=NULL, msg_iov(1)=[{"\0", 1}], msg_controllen=16, {cmsg_len=16, cmsg_level=SOL_SOCKET, cmsg_type=SCM_RIGHTS, {6}}, msg_flags=0}, 0) = 1
19771 14:27:32.243408 <... recvmsg resumed> {msg_name(0)=NULL, msg_iov(1)=[{"\0", 1}], msg_controllen=16, {cmsg_len=16, cmsg_level=SOL_SOCKET, cmsg_type=SCM_RIGHTS, {6}}, msg_flags=0}, 0) = 1
19771 14:27:32.243420 setsockopt(6, SOL_SOCKET, SO_KEEPALIVE, [1], 4) = 0
19771 14:27:32.243432 setsockopt(6, SOL_IP, IP_TOS, [8], 4) = 0
19771 14:27:32.243444 setsockopt(6, SOL_SOCKET, SO_LINGER, {onoff=1, linger=32767}, 8) = 0
19771 14:27:32.243455 rt_sigaction(SIGALRM, {0x805cad0, ~[RTMIN RT_1], 0}, NULL, 8) = 0
19771 14:27:32.243468 alarm(300)        = 300
19771 14:27:32.243481 write(0, "150 Ok to send data.\r\n", 22) = 22
19771 14:27:32.243547 read(6, "assasaaa\na\na\na\na\n", 65536) = 17
19771 14:27:32.243561 write(4, "assasaaa\na\na\na\na\n", 17) = 17
19771 14:27:32.243577 read(6, "", 65536) = 0
19771 14:27:32.243588 rt_sigaction(SIGALRM, {0x805cad0, ~[RTMIN RT_1], 0}, NULL, 8) = 0
19771 14:27:32.243601 alarm(300)        = 300
19771 14:27:32.243611 close(6)          = 0
19771 14:27:32.243620 alarm(0)          = 300
19771 14:27:32.243629 gettimeofday({1495650452, 243633}, NULL) = 0
19771 14:27:32.243644 gettimeofday({1495650452, 243648}, NULL) = 0
19771 14:27:32.243658 fcntl64(3, F_SETLKW64, {type=F_WRLCK, whence=SEEK_SET, start=0, len=0}, 0xbf80e194) = 0
19771 14:27:32.243673 write(3, "Wed May 24 14:27:32 2017 [pid 19771] [msfadmin] OK UPLOAD: Client \"127.0.0.1\", \"/home/msfadmin/myfile30\", 17 bytes, 27.67Kbyte/sec\n", 131) = 131
19771 14:27:32.243694 fcntl64(3, F_SETLK64, {type=F_UNLCK, whence=SEEK_SET, start=0, len=0}, 0xbf80e19c) = 0
19771 14:27:32.243708 write(0, "226 Transfer complete.\r\n", 24) = 24
19771 14:27:32.243752 write(5, "\n", 1) = 1
19771 14:27:32.243764 read(5,  <unfinished ...>
19769 14:27:32.243771 close(6)          = 0
19769 14:27:32.243789 read(4, "\n", 1)  = 1
19769 14:27:32.243801 close(5)          = 0
19769 14:27:32.243812 write(4, "\1", 1) = 1
19771 14:27:32.243822 <... read resumed> "\1", 1) = 1
19771 14:27:32.243829 close(4)          = 0
19771 14:27:32.243839 rt_sigaction(SIGALRM, {0x805cad0, ~[RTMIN RT_1], 0}, NULL, 8) = 0
19771 14:27:32.243852 alarm(300)        = 0
19771 14:27:32.243863 recv(0,  <unfinished ...>
19769 14:27:32.243870 read(4,  <unfinished ...>
19768 14:27:32.722531 <... recv resumed> "USER msfadmin\r\n", 4096, MSG_PEEK) = 15
19768 14:27:32.722569 read(0, "USER msfadmin\r\n", 15) = 15
19768 14:27:32.722594 write(0, "331 Any password will do.\r\n", 27) = 27
19768 14:27:32.722640 rt_sigaction(SIGALRM, {0x805cad0, ~[RTMIN RT_1], 0}, NULL, 8) = 0
19768 14:27:32.722657 alarm(300)        = 299
19768 14:27:32.722670 recv(0, "PASS msfadmin\r\n", 4096, MSG_PEEK) = 15
19768 14:27:32.722682 read(0, "PASS msfadmin\r\n", 15) = 15
19768 14:27:32.722698 write(0, "230 Already logged in.\r\n", 24) = 24
19768 14:27:32.722759 rt_sigaction(SIGALRM, {0x805cad0, ~[RTMIN RT_1], 0}, NULL, 8) = 0
19768 14:27:32.722774 alarm(300)        = 300
19768 14:27:32.722785 recv(0, "TYPE I\r\n", 4096, MSG_PEEK) = 8
19768 14:27:32.722797 read(0, "TYPE I\r\n", 8) = 8
19768 14:27:32.722818 write(0, "200 Switching to Binary mode.\r\n", 31) = 31
19768 14:27:32.722855 rt_sigaction(SIGALRM, {0x805cad0, ~[RTMIN RT_1], 0}, NULL, 8) = 0
19768 14:27:32.722869 alarm(300)        = 300
19768 14:27:32.722880 recv(0, "PASV\r\n", 4096, MSG_PEEK) = 6
19768 14:27:32.722891 read(0, "PASV\r\n", 6) = 6
19768 14:27:32.722903 write(5, "\n", 1 <unfinished ...>
19766 14:27:32.722915 <... read resumed> "\n", 1) = 1
19768 14:27:32.722920 <... write resumed> ) = 1
19766 14:27:32.722927 write(4, "\1", 1) = 1
19766 14:27:32.722938 read(4,  <unfinished ...>
19768 14:27:32.722945 read(5, "\1", 1)  = 1
19768 14:27:32.722957 write(5, "\f", 1 <unfinished ...>
19766 14:27:32.722964 <... read resumed> "\f", 1) = 1
19768 14:27:32.722968 <... write resumed> ) = 1
19766 14:27:32.722975 socket(PF_INET, SOCK_STREAM, IPPROTO_TCP) = 5
19766 14:27:32.722991 setsockopt(5, SOL_SOCKET, SO_REUSEADDR, [1], 4) = 0
19766 14:27:32.723005 bind(5, {sa_family=AF_INET, sin_port=htons(24954), sin_addr=inet_addr("127.0.0.1")}, 16) = 0
19766 14:27:32.723022 listen(5, 1)      = 0
19766 14:27:32.723038 write(4, "za\0\0", 4) = 4
19766 14:27:32.723049 read(4,  <unfinished ...>
19768 14:27:32.723056 read(5, "za\0\0", 4) = 4
19768 14:27:32.723071 write(0, "227 Entering Passive Mode (127,0,0,1,97,122).\r\n", 47) = 47
19768 14:27:32.723182 rt_sigaction(SIGALRM, {0x805cad0, ~[RTMIN RT_1], 0}, NULL, 8) = 0
19768 14:27:32.723199 alarm(300)        = 300
19768 14:27:32.723210 recv(0, "RETR myfile17\r\n", 4096, MSG_PEEK) = 15
19768 14:27:32.723222 read(0, "RETR myfile17\r\n", 15) = 15
19768 14:27:32.723256 write(5, "\v", 1 <unfinished ...>
19766 14:27:32.723266 <... read resumed> "\v", 1) = 1
19768 14:27:32.723271 <... write resumed> ) = 1
19766 14:27:32.723287 write(4, "\1\0\0\0", 4) = 4
19766 14:27:32.723298 read(4,  <unfinished ...>
19768 14:27:32.723304 read(5, "\1\0\0\0", 4) = 4
19768 14:27:32.723316 gettimeofday({1495650452, 723320}, NULL) = 0
19768 14:27:32.723327 getcwd("/home/msfadmin", 4096) = 15
19768 14:27:32.723339 open("myfile17", O_RDONLY|O_NONBLOCK|O_LARGEFILE) = 4
19768 14:27:32.723353 fcntl64(4, F_SETLKW64, {type=F_RDLCK, whence=SEEK_SET, start=0, len=0}, 0xbfc44e54) = 0
19768 14:27:32.723368 fstat64(4, {st_mode=S_IFREG|0644, st_size=17, ...}) = 0
19768 14:27:32.723385 fcntl64(4, F_GETFL) = 0x8800 (flags O_RDONLY|O_NONBLOCK|O_LARGEFILE)
19768 14:27:32.723396 fcntl64(4, F_SETFL, O_RDONLY|O_LARGEFILE) = 0
19768 14:27:32.723407 write(5, "\v", 1 <unfinished ...>
19766 14:27:32.723415 <... read resumed> "\v", 1) = 1
19768 14:27:32.723419 <... write resumed> ) = 1
19766 14:27:32.723425 write(4, "\1\0\0\0", 4) = 4
19766 14:27:32.723436 read(4,  <unfinished ...>
19768 14:27:32.723442 read(5, "\1\0\0\0", 4) = 4
19768 14:27:32.723453 write(5, "\v", 1 <unfinished ...>
19766 14:27:32.723460 <... read resumed> "\v", 1) = 1
19768 14:27:32.723465 <... write resumed> ) = 1
19766 14:27:32.723471 write(4, "\1\0\0\0", 4) = 4
19766 14:27:32.723481 read(4,  <unfinished ...>
19768 14:27:32.723487 read(5, "\1\0\0\0", 4) = 4
19768 14:27:32.723499 write(5, "\r", 1 <unfinished ...>
19766 14:27:32.723505 <... read resumed> "\r", 1) = 1
19768 14:27:32.723510 <... write resumed> ) = 1
19766 14:27:32.723517 select(6, [5], NULL, NULL, {60, 0}) = 1 (in [5], left {60, 0})
19766 14:27:32.723533 accept(5, {sa_family=AF_INET, sin_port=htons(47975), sin_addr=inet_addr("127.0.0.1")}, [16]) = 6
19766 14:27:32.723555 write(4, "\1", 1) = 1
19766 14:27:32.723567 sendmsg(4, {msg_name(0)=NULL, msg_iov(1)=[{"\0", 1}], msg_controllen=16, {cmsg_len=16, cmsg_level=SOL_SOCKET, cmsg_type=SCM_RIGHTS, {6}}, msg_flags=0}, 0) = 1
19766 14:27:32.723583 close(6)          = 0
19766 14:27:32.723593 read(4,  <unfinished ...>
19768 14:27:32.723599 read(5, "\1", 1)  = 1
19768 14:27:32.723612 recvmsg(5, {msg_name(0)=NULL, msg_iov(1)=[{"\0", 1}], msg_controllen=16, {cmsg_len=16, cmsg_level=SOL_SOCKET, cmsg_type=SCM_RIGHTS, {6}}, msg_flags=0}, 0) = 1
19768 14:27:32.723629 setsockopt(6, SOL_SOCKET, SO_KEEPALIVE, [1], 4) = 0
19768 14:27:32.723642 setsockopt(6, SOL_IP, IP_TOS, [8], 4) = 0
19768 14:27:32.723657 setsockopt(6, SOL_SOCKET, SO_LINGER, {onoff=1, linger=32767}, 8) = 0
19768 14:27:32.723669 rt_sigaction(SIGALRM, {0x805cad0, ~[RTMIN RT_1], 0}, NULL, 8) = 0
19768 14:27:32.723682 alarm(300)        = 300
19768 14:27:32.723695 write(0, "150 Opening BINARY mode data connection for myfile17 (17 bytes).\r\n", 66) = 66
19768 14:27:32.723736 _llseek(4, 0, [0], SEEK_CUR) = 0
19768 14:27:32.723748 fstat64(4, {st_mode=S_IFREG|0644, st_size=17, ...}) = 0
19768 14:27:32.723765 _llseek(4, 0, [0], SEEK_SET) = 0
19768 14:27:32.723776 sendfile(6, 4, NULL, 17) = 17
19768 14:27:32.723806 rt_sigaction(SIGALRM, {0x805cad0, ~[RTMIN RT_1], 0}, NULL, 8) = 0
19768 14:27:32.723820 alarm(300)        = 300
19768 14:27:32.723830 close(6)          = 0
19768 14:27:32.723866 alarm(0)          = 300
19768 14:27:32.723876 gettimeofday({1495650452, 723880}, NULL) = 0
19768 14:27:32.723892 gettimeofday({1495650452, 723895}, NULL) = 0
19768 14:27:32.723905 fcntl64(3, F_SETLKW64, {type=F_WRLCK, whence=SEEK_SET, start=0, len=0}, 0xbfc44df4) = 0
19768 14:27:32.723920 write(3, "Wed May 24 14:27:32 2017 [pid 19768] [msfadmin] OK DOWNLOAD: Client \"127.0.0.1\", \"/home/msfadmin/myfile17\", 17 bytes, 28.87Kbyte/sec\n", 133) = 133
19768 14:27:32.723940 fcntl64(3, F_SETLK64, {type=F_UNLCK, whence=SEEK_SET, start=0, len=0}, 0xbfc44dfc) = 0
19768 14:27:32.723954 write(0, "226 Transfer complete.\r\n", 24) = 24
19768 14:27:32.724017 write(5, "\n", 1 <unfinished ...>
19766 14:27:32.724027 <... read resumed> "\n", 1) = 1
19768 14:27:32.724032 <... write resumed> ) = 1
19766 14:27:32.724038 close(5)          = 0
19766 14:27:32.724050 write(4, "\1", 1) = 1
19766 14:27:32.724061 read(4,  <unfinished ...>
19768 14:27:32.724068 read(5, "\1", 1)  = 1
19768 14:27:32.724079 close(4)          = 0
19768 14:27:32.724089 rt_sigaction(SIGALRM, {0x805cad0, ~[RTMIN RT_1], 0}, NULL, 8) = 0
19768 14:27:32.724102 alarm(300)        = 0
19768 14:27:32.724113 recv(0,  <unfinished ...>
19771 14:27:32.752493 <... recv resumed> "QUIT\r\n", 4096, MSG_PEEK) = 6
19771 14:27:32.752534 read(0, "QUIT\r\n", 6) = 6
19771 14:27:32.752556 shutdown(0, 0 /* receive */) = 0
19771 14:27:32.752572 fcntl64(0, F_GETFL) = 0x2 (flags O_RDWR)
19771 14:27:32.752584 fcntl64(0, F_SETFL, O_RDWR|O_NONBLOCK) = 0
19771 14:27:32.752595 write(0, "221 Goodbye.\r\n", 14) = 14
19771 14:27:32.752660 fcntl64(0, F_GETFL) = 0x802 (flags O_RDWR|O_NONBLOCK)
19771 14:27:32.752673 fcntl64(0, F_SETFL, O_RDWR) = 0
19771 14:27:32.752684 shutdown(0, 2 /* send and receive */) = 0
19771 14:27:32.752706 exit_group(0)     = ?
19769 14:27:32.752756 <... read resumed> 0xbf80e2a7, 1) = ? ERESTARTSYS (To be restarted)
19769 14:27:32.752764 --- SIGCHLD (Child exited) @ 0 (0) ---
19769 14:27:32.752776 alarm(1)          = 0
19769 14:27:32.752788 sigreturn()       = ? (mask now [])
19769 14:27:32.752805 alarm(0)          = 1
19769 14:27:32.752815 wait4(-1, [{WIFEXITED(s) && WEXITSTATUS(s) == 0}], 0, NULL) = 19771
19769 14:27:32.752831 exit_group(0)     = ?
4380  14:27:32.752868 <... select resumed> ) = ? ERESTARTNOHAND (To be restarted)
4380  14:27:32.752875 --- SIGCHLD (Child exited) @ 0 (0) ---
4380  14:27:32.752883 write(4, "\21", 1) = 1
4380  14:27:32.752898 sigreturn()       = ? (mask now [])
4380  14:27:32.752932 select(13, [3 5 6 8 9 10 11 12], NULL, NULL, NULL) = 1 (in [3])
4380  14:27:32.752951 ioctl(3, FIONREAD, [1]) = 0
4380  14:27:32.752965 read(3, "\21", 1) = 1
4380  14:27:32.752979 waitpid(-1, [{WIFEXITED(s) && WEXITSTATUS(s) == 0}], WNOHANG) = 19769
4380  14:27:32.752996 close(-1)         = -1 EBADF (Bad file descriptor)
4380  14:27:32.753012 waitpid(-1, 0xbf9d5dbc, WNOHANG) = 0
4380  14:27:32.753023 select(13, [3 5 6 8 9 10 11 12], NULL, NULL, NULL <unfinished ...>
19768 14:27:33.272550 <... recv resumed> "USER msfadmin\r\n", 4096, MSG_PEEK) = 15
19768 14:27:33.272590 read(0, "USER msfadmin\r\n", 15) = 15
19768 14:27:33.272615 write(0, "331 Any password will do.\r\n", 27) = 27
19768 14:27:33.272660 rt_sigaction(SIGALRM, {0x805cad0, ~[RTMIN RT_1], 0}, NULL, 8) = 0
19768 14:27:33.272677 alarm(300)        = 299
19768 14:27:33.272690 recv(0, "PASS msfadmin\r\n", 4096, MSG_PEEK) = 15
19768 14:27:33.272711 read(0, "PASS msfadmin\r\n", 15) = 15
19768 14:27:33.272727 write(0, "230 Already logged in.\r\n", 24) = 24
19768 14:27:33.272787 rt_sigaction(SIGALRM, {0x805cad0, ~[RTMIN RT_1], 0}, NULL, 8) = 0
19768 14:27:33.272802 alarm(300)        = 300
19768 14:27:33.272813 recv(0, "TYPE I\r\n", 4096, MSG_PEEK) = 8
19768 14:27:33.272824 read(0, "TYPE I\r\n", 8) = 8
19768 14:27:33.272839 write(0, "200 Switching to Binary mode.\r\n", 31) = 31
19768 14:27:33.272874 rt_sigaction(SIGALRM, {0x805cad0, ~[RTMIN RT_1], 0}, NULL, 8) = 0
19768 14:27:33.272889 alarm(300)        = 300
19768 14:27:33.272899 recv(0, "PASV\r\n", 4096, MSG_PEEK) = 6
19768 14:27:33.272910 read(0, "PASV\r\n", 6) = 6
19768 14:27:33.272922 write(5, "\n", 1 <unfinished ...>
19766 14:27:33.272933 <... read resumed> "\n", 1) = 1
19768 14:27:33.272938 <... write resumed> ) = 1
19766 14:27:33.272945 write(4, "\1", 1) = 1
19766 14:27:33.272956 read(4,  <unfinished ...>
19768 14:27:33.272963 read(5, "\1", 1)  = 1
19768 14:27:33.272975 write(5, "\f", 1 <unfinished ...>
19766 14:27:33.272981 <... read resumed> "\f", 1) = 1
19768 14:27:33.272986 <... write resumed> ) = 1
19766 14:27:33.272993 socket(PF_INET, SOCK_STREAM, IPPROTO_TCP) = 5
19766 14:27:33.273008 setsockopt(5, SOL_SOCKET, SO_REUSEADDR, [1], 4) = 0
19766 14:27:33.273023 bind(5, {sa_family=AF_INET, sin_port=htons(25526), sin_addr=inet_addr("127.0.0.1")}, 16) = 0
19766 14:27:33.273039 listen(5, 1)      = 0
19766 14:27:33.273053 write(4, "\266c\0\0", 4) = 4
19766 14:27:33.273064 read(4,  <unfinished ...>
19768 14:27:33.273071 read(5, "\266c\0\0", 4) = 4
19768 14:27:33.273086 write(0, "227 Entering Passive Mode (127,0,0,1,99,182).\r\n", 47) = 47
19768 14:27:33.273196 rt_sigaction(SIGALRM, {0x805cad0, ~[RTMIN RT_1], 0}, NULL, 8) = 0
19768 14:27:33.273212 alarm(300)        = 300
19768 14:27:33.273223 recv(0, "RETR myfile18\r\n", 4096, MSG_PEEK) = 15
19768 14:27:33.273235 read(0, "RETR myfile18\r\n", 15) = 15
19768 14:27:33.273248 write(5, "\v", 1 <unfinished ...>
19766 14:27:33.273256 <... read resumed> "\v", 1) = 1
19768 14:27:33.273261 <... write resumed> ) = 1
19766 14:27:33.273267 write(4, "\1\0\0\0", 4) = 4
19766 14:27:33.273278 read(4,  <unfinished ...>
19768 14:27:33.273285 read(5, "\1\0\0\0", 4) = 4
19768 14:27:33.273296 gettimeofday({1495650453, 273300}, NULL) = 0
19768 14:27:33.273307 getcwd("/home/msfadmin", 4096) = 15
19768 14:27:33.273320 open("myfile18", O_RDONLY|O_NONBLOCK|O_LARGEFILE) = 4
19768 14:27:33.273333 fcntl64(4, F_SETLKW64, {type=F_RDLCK, whence=SEEK_SET, start=0, len=0}, 0xbfc44e54) = 0
19768 14:27:33.273347 fstat64(4, {st_mode=S_IFREG|0644, st_size=17, ...}) = 0
19768 14:27:33.273399 fcntl64(4, F_GETFL) = 0x8800 (flags O_RDONLY|O_NONBLOCK|O_LARGEFILE)
19768 14:27:33.273423 fcntl64(4, F_SETFL, O_RDONLY|O_LARGEFILE) = 0
19768 14:27:33.273435 write(5, "\v", 1 <unfinished ...>
19766 14:27:33.273444 <... read resumed> "\v", 1) = 1
19768 14:27:33.273448 <... write resumed> ) = 1
19766 14:27:33.273454 write(4, "\1\0\0\0", 4) = 4
19766 14:27:33.273465 read(4,  <unfinished ...>
19768 14:27:33.273472 read(5, "\1\0\0\0", 4) = 4
19768 14:27:33.273483 write(5, "\v", 1 <unfinished ...>
19766 14:27:33.273489 <... read resumed> "\v", 1) = 1
19768 14:27:33.273494 <... write resumed> ) = 1
19766 14:27:33.273500 write(4, "\1\0\0\0", 4) = 4
19766 14:27:33.273510 read(4,  <unfinished ...>
19768 14:27:33.273517 read(5, "\1\0\0\0", 4) = 4
19768 14:27:33.273528 write(5, "\r", 1 <unfinished ...>
19766 14:27:33.273534 <... read resumed> "\r", 1) = 1
19768 14:27:33.273539 <... write resumed> ) = 1
19766 14:27:33.273546 select(6, [5], NULL, NULL, {60, 0}) = 1 (in [5], left {60, 0})
19766 14:27:33.273562 accept(5, {sa_family=AF_INET, sin_port=htons(54990), sin_addr=inet_addr("127.0.0.1")}, [16]) = 6
19766 14:27:33.273584 write(4, "\1", 1) = 1
19766 14:27:33.273595 sendmsg(4, {msg_name(0)=NULL, msg_iov(1)=[{"\0", 1}], msg_controllen=16, {cmsg_len=16, cmsg_level=SOL_SOCKET, cmsg_type=SCM_RIGHTS, {6}}, msg_flags=0}, 0) = 1
19766 14:27:33.273612 close(6)          = 0
19766 14:27:33.273626 read(4,  <unfinished ...>
19768 14:27:33.273633 read(5, "\1", 1)  = 1
19768 14:27:33.273645 recvmsg(5, {msg_name(0)=NULL, msg_iov(1)=[{"\0", 1}], msg_controllen=16, {cmsg_len=16, cmsg_level=SOL_SOCKET, cmsg_type=SCM_RIGHTS, {6}}, msg_flags=0}, 0) = 1
19768 14:27:33.273663 setsockopt(6, SOL_SOCKET, SO_KEEPALIVE, [1], 4) = 0
19768 14:27:33.273676 setsockopt(6, SOL_IP, IP_TOS, [8], 4) = 0
19768 14:27:33.273687 setsockopt(6, SOL_SOCKET, SO_LINGER, {onoff=1, linger=32767}, 8) = 0
19768 14:27:33.273698 rt_sigaction(SIGALRM, {0x805cad0, ~[RTMIN RT_1], 0}, NULL, 8) = 0
19768 14:27:33.273711 alarm(300)        = 300
19768 14:27:33.273724 write(0, "150 Opening BINARY mode data connection for myfile18 (17 bytes).\r\n", 66) = 66
19768 14:27:33.273765 _llseek(4, 0, [0], SEEK_CUR) = 0
19768 14:27:33.273778 fstat64(4, {st_mode=S_IFREG|0644, st_size=17, ...}) = 0
19768 14:27:33.273795 _llseek(4, 0, [0], SEEK_SET) = 0
19768 14:27:33.273805 sendfile(6, 4, NULL, 17) = 17
19768 14:27:33.273835 rt_sigaction(SIGALRM, {0x805cad0, ~[RTMIN RT_1], 0}, NULL, 8) = 0
19768 14:27:33.273849 alarm(300)        = 300
19768 14:27:33.273859 close(6)          = 0
19768 14:27:33.273895 alarm(0)          = 300
19768 14:27:33.273906 gettimeofday({1495650453, 273910}, NULL) = 0
19768 14:27:33.273921 gettimeofday({1495650453, 273925}, NULL) = 0
19768 14:27:33.273935 fcntl64(3, F_SETLKW64, {type=F_WRLCK, whence=SEEK_SET, start=0, len=0}, 0xbfc44df4) = 0
19768 14:27:33.273950 write(3, "Wed May 24 14:27:33 2017 [pid 19768] [msfadmin] OK DOWNLOAD: Client \"127.0.0.1\", \"/home/msfadmin/myfile18\", 17 bytes, 26.56Kbyte/sec\n", 133) = 133
19768 14:27:33.273971 fcntl64(3, F_SETLK64, {type=F_UNLCK, whence=SEEK_SET, start=0, len=0}, 0xbfc44dfc) = 0
19768 14:27:33.273985 write(0, "226 Transfer complete.\r\n", 24) = 24
19768 14:27:33.274049 write(5, "\n", 1 <unfinished ...>
19766 14:27:33.274059 <... read resumed> "\n", 1) = 1
19768 14:27:33.274064 <... write resumed> ) = 1
19766 14:27:33.274070 close(5)          = 0
19766 14:27:33.274081 write(4, "\1", 1) = 1
19766 14:27:33.274092 read(4,  <unfinished ...>
19768 14:27:33.274099 read(5, "\1", 1)  = 1
19768 14:27:33.274110 close(4)          = 0
19768 14:27:33.274120 rt_sigaction(SIGALRM, {0x805cad0, ~[RTMIN RT_1], 0}, NULL, 8) = 0
19768 14:27:33.274133 alarm(300)        = 0
19768 14:27:33.274144 recv(0,  <unfinished ...>
4380  14:27:33.282644 <... select resumed> ) = 1 (in [5])
4380  14:27:33.282684 accept(5, {sa_family=AF_INET, sin_port=htons(60966), sin_addr=inet_addr("127.0.0.1")}, [16]) = 13
4380  14:27:33.282735 time(NULL)        = 1495650453
4380  14:27:33.282749 clone(child_stack=0, flags=CLONE_CHILD_CLEARTID|CLONE_CHILD_SETTID|SIGCHLD, child_tidptr=0xb7dd26f8) = 19773
19773 14:27:33.282860 rt_sigaction(SIGPIPE, {SIG_DFL}, {SIG_IGN}, 8) = 0
19773 14:27:33.282876 rt_sigaction(SIGTSTP, {SIG_DFL}, {SIG_IGN}, 8) = 0
19773 14:27:33.282888 rt_sigaction(SIGTTIN, {SIG_DFL}, {SIG_IGN}, 8) = 0
19773 14:27:33.282899 rt_sigaction(SIGTTOU, {SIG_DFL}, {SIG_IGN}, 8) = 0
19773 14:27:33.282914 rt_sigprocmask(SIG_SETMASK, [], NULL, 8) = 0
19773 14:27:33.282927 close(3)          = 0
19773 14:27:33.282937 close(4)          = 0
19773 14:27:33.282946 open("/dev/null", O_RDONLY) = 3
19773 14:27:33.282963 dup2(3, 0)        = 0
19773 14:27:33.282972 dup2(3, 1)        = 1
19773 14:27:33.282981 dup2(3, 2)        = 2
19773 14:27:33.282989 close(3)          = 0
19773 14:27:33.283002 setgid32(0)       = 0
19773 14:27:33.283014 setgroups32(0, []) = 0
19773 14:27:33.283026 setuid32(0)       = 0
19773 14:27:33.283037 getpriority(PRIO_PROCESS, 0) = 20
19773 14:27:33.283047 setpriority(PRIO_PROCESS, 0, 10) = 0
19773 14:27:33.283057 getpriority(PRIO_PROCESS, 0) = 10
19773 14:27:33.283093 getpeername(13, {sa_family=AF_INET, sin_port=htons(60966), sin_addr=inet_addr("127.0.0.1")}, [16]) = 0
19773 14:27:33.283116 getsockname(13, {sa_family=AF_INET, sin_port=htons(21), sin_addr=inet_addr("127.0.0.1")}, [16]) = 0
19773 14:27:33.283145 open("/etc/hosts.allow", O_RDONLY) = 3
19773 14:27:33.283164 fstat64(3, {st_mode=S_IFREG|0644, st_size=588, ...}) = 0
19773 14:27:33.283192 mmap2(NULL, 4096, PROT_READ|PROT_WRITE, MAP_PRIVATE|MAP_ANONYMOUS, -1, 0) = 0xb7fa1000
19773 14:27:33.283206 read(3, "# /etc/hosts.allow: list of hosts that are allowed to access the system.\n#                   See the manual pages hosts_access(5) and hosts_options(5).\n#\n# Example:    ALL: LOCAL @some_netgroup\n#             ALL: .foobar.edu EXCEPT terminalserver.foobar.edu\n#\n# If you\'re going to protect the portmapper use the name \"portmap\" for the\n# daemon name. Remember that you can only use the keyword \"ALL\" and IP\n# addresses (NOT host or domain names) for the portmapper, as well as for\n# rpc.mountd (the NFS mount daemon). See portmap(8) and rpc.mountd(8)\n# for further information.\n#\n\nALL:ALL\n", 4096) = 588
19773 14:27:33.283308 close(3)          = 0
19773 14:27:33.283331 munmap(0xb7fa1000, 4096) = 0
19773 14:27:33.283357 fcntl64(13, F_SETFD, 0) = 0
19773 14:27:33.283371 close(7)          = 0
19773 14:27:33.283381 dup2(13, 0)       = 0
19773 14:27:33.283390 dup2(13, 1)       = 1
19773 14:27:33.283399 dup2(13, 2)       = 2
19773 14:27:33.283408 setrlimit(RLIMIT_NOFILE, {rlim_cur=1024, rlim_max=1024}) = 0
19773 14:27:33.283420 close(13)         = 0
19773 14:27:33.283429 setsid()          = 19773
19773 14:27:33.283440 execve("/usr/sbin/vsftpd", ["vsftpd"], [/* 15 vars */]) = 0
19773 14:27:33.283518 brk(0)            = 0x8064000
19773 14:27:33.283539 access("/etc/ld.so.nohwcap", F_OK) = -1 ENOENT (No such file or directory)
19773 14:27:33.283555 mmap2(NULL, 8192, PROT_READ|PROT_WRITE, MAP_PRIVATE|MAP_ANONYMOUS, -1, 0) = 0xb7efe000
19773 14:27:33.283569 access("/etc/ld.so.preload", R_OK) = -1 ENOENT (No such file or directory)
19773 14:27:33.283585 open("/etc/ld.so.cache", O_RDONLY) = 3
19773 14:27:33.283598 fstat64(3, {st_mode=S_IFREG|0644, st_size=29913, ...}) = 0
19773 14:27:33.283615 mmap2(NULL, 29913, PROT_READ, MAP_PRIVATE, 3, 0) = 0xb7ef6000
19773 14:27:33.283625 close(3)          = 0
19773 14:27:33.283635 access("/etc/ld.so.nohwcap", F_OK) = -1 ENOENT (No such file or directory)
19773 14:27:33.283651 open("/lib/libpam.so.0", O_RDONLY) = 3
19773 14:27:33.283663 read(3, "\177ELF\1\1\1\0\0\0\0\0\0\0\0\0\3\0\3\0\1\0\0\0\320\30\0\0004\0\0\0\f\220\0\0\0\0\0\0004\0 \0\4\0(\0\33\0\32\0\1\0\0\0\0\0\0\0\0\0\0\0\0\0\0\0t\214\0\0t\214\0\0\5\0\0\0\0\20\0\0\1\0\0\0t\214\0\0t\234\0\0t\234\0\0\250\2\0\0\254\2\0\0\6\0\0\0\0\20\0\0\2\0\0\0D\215\0\0D\235\0\0D\235\0\0\350\0\0\0\350\0\0\0\6\0\0\0\4\0\0\0Q\345td\0\0\0\0\0\0\0\0\0\0\0\0\0\0\0\0\0\0\0\0\6\0\0\0\4\0\0\0\254\0\0\0X\0\0\0D\0\0\0\0\0\0\0G\0\0\0\7\0\0\0*\0\0\0\v\0\0\0\36\0\0\0\0\0\0\0K\0\0\0L\0\0\0\34\0\0\0\0\0\0\0\0\0\0\0V\0\0\0\0\0\0\0\0\0\0\0\21\0\0\0\33\0\0\0\0\0\0\0\0\0\0\0\0\0\0\0>\0\0\0O\0\0\0\0\0\0\0\0\0\0\0\0\0\0\0\2\0\0\0\0\0\0\0\0\0\0\0P\0\0\0R\0\0\0\0\0\0\0A\0\0\0?\0\0\0\0\0\0\0\0\0\0\0;\0\0\0\r\0\0\0\0\0\0\0\0\0\0\0\0\0\0\0006\0\0\0(\0\0\0\0\0\0\0.\0\0\0\16\0\0\0,\0\0\0\0\0\0\0!\0\0\0\30\0\0\0\0\0\0\0\0\0\0\0\0\0\0\0\0\0\0\0\0\0\0\0\31\0\0\0\0\0\0\0<\0\0\0W\0\0\0+\0\0\0M\0\0\0\0\0\0\0\0\0\0\0&\0\0\0\0\0\0\0N\0\0\0\0\0\0\0\0\0\0\0\27\0\0\0\0\0\0\0\0\0\0\0\0\0\0\0001\0\0\0%\0\0\0\35\0\0\0\0\0\0\0/\0\0\0\0\0\0\0\0\0\0\0\0\0\0\0B\0\0\0", 512) = 512
19773 14:27:33.283752 fstat64(3, {st_mode=S_IFREG|0644, st_size=37956, ...}) = 0
19773 14:27:33.283769 mmap2(NULL, 40736, PROT_READ|PROT_EXEC, MAP_PRIVATE|MAP_DENYWRITE, 3, 0) = 0xb7eec000
19773 14:27:33.283781 mmap2(0xb7ef5000, 4096, PROT_READ|PROT_WRITE, MAP_PRIVATE|MAP_FIXED|MAP_DENYWRITE, 3, 0x8) = 0xb7ef5000
19773 14:27:33.283796 close(3)          = 0
19773 14:27:33.283808 access("/etc/ld.so.nohwcap", F_OK) = -1 ENOENT (No such file or directory)
19773 14:27:33.283822 open("/lib/tls/i686/cmov/libdl.so.2", O_RDONLY) = 3
19773 14:27:33.283837 read(3, "\177ELF\1\1\1\0\0\0\0\0\0\0\0\0\3\0\3\0\1\0\0\0p\n\0\0004\0\0\0L!\0\0\0\0\0\0004\0 \0\10\0(\0\35\0\34\0\6\0\0\0004\0\0\0004\0\0\0004\0\0\0\0\1\0\0\0\1\0\0\5\0\0\0\4\0\0\0\3\0\0\0003\33\0\0003\33\0\0003\33\0\0\23\0\0\0\23\0\0\0\4\0\0\0\1\0\0\0\1\0\0\0\0\0\0\0\0\0\0\0\0\0\0\0\374\34\0\0\374\34\0\0\5\0\0\0\0\20\0\0\1\0\0\0\264\36\0\0\264.\0\0\264.\0\0\230\1\0\0\310\1\0\0\6\0\0\0\0\20\0\0\2\0\0\0\320\36\0\0\320.\0\0\320.\0\0\370\0\0\0\370\0\0\0\6\0\0\0\4\0\0\0\4\0\0\0004\1\0\0004\1\0\0004\1\0\0 \0\0\0 \0\0\0\4\0\0\0\4\0\0\0Q\345td\0\0\0\0\0\0\0\0\0\0\0\0\0\0\0\0\0\0\0\0\6\0\0\0\4\0\0\0R\345td\264\36\0\0\264.\0\0\264.\0\0@\1\0\0@\1\0\0\4\0\0\0\1\0\0\0\4\0\0\0\20\0\0\0\1\0\0\0GNU\0\0\0\0\0\2\0\0\0\6\0\0\0\10\0\0\0\26\0\0\0\31\0\0\0\4\0\0\0\7\0\0\0\230\0\21\0\0B\0\0\202\0`\10\223(\10\336\31\0\0\0\0\0\0\0\0\0\0\0\0\0\0\0\32\0\0\0\0\0\0\0\33\0\0\0\34\0\0\0\0\0\0\0\36\0\0\0\0\0\0\0\0\0\0\0\37\0\0\0!\0\0\0\"\0\0\0\0\0\0\0\0\0\0\0#\0\0\0%\0\0\0&\0\0\0\0\0\0\0(\0\0\0\221!\374\370\225\263_\31\5\350\7\371\6\2\4\371\7\2\4\371\301S\200\30\256\304M\17a\242\222\6\325=l\366\327=l\366\370\31sB\353\26\251\30\373\31sB", 512) = 512
19773 14:27:33.283928 fstat64(3, {st_mode=S_IFREG|0644, st_size=9684, ...}) = 0
19773 14:27:33.283945 mmap2(NULL, 12412, PROT_READ|PROT_EXEC, MAP_PRIVATE|MAP_DENYWRITE, 3, 0) = 0xb7ee8000
19773 14:27:33.283956 mmap2(0xb7eea000, 8192, PROT_READ|PROT_WRITE, MAP_PRIVATE|MAP_FIXED|MAP_DENYWRITE, 3, 0x1) = 0xb7eea000
19773 14:27:33.283973 close(3)          = 0
19773 14:27:33.283984 access("/etc/ld.so.nohwcap", F_OK) = -1 ENOENT (No such file or directory)
19773 14:27:33.283997 open("/lib/tls/i686/cmov/libnsl.so.1", O_RDONLY) = 3
19773 14:27:33.284011 read(3, "\177ELF\1\1\1\0\0\0\0\0\0\0\0\0\3\0\3\0\1\0\0\00001\0\0004\0\0\0\234B\1\0\0\0\0\0004\0 \0\10\0(\0\34\0\33\0\6\0\0\0004\0\0\0004\0\0\0004\0\0\0\0\1\0\0\0\1\0\0\5\0\0\0\4\0\0\0\3\0\0\0\340,\1\0\340,\1\0\340,\1\0\23\0\0\0\23\0\0\0\4\0\0\0\1\0\0\0\1\0\0\0\0\0\0\0\0\0\0\0\0\0\0\0\3407\1\0\3407\1\0\5\0\0\0\0\20\0\0\1\0\0\0\300>\1\0\300N\1\0\300N\1\0\350\2\0\0()\0\0\6\0\0\0\0\20\0\0\2\0\0\0\324>\1\0\324N\1\0\324N\1\0\340\0\0\0\340\0\0\0\6\0\0\0\4\0\0\0\4\0\0\0004\1\0\0004\1\0\0004\1\0\0 \0\0\0 \0\0\0\4\0\0\0\4\0\0\0Q\345td\0\0\0\0\0\0\0\0\0\0\0\0\0\0\0\0\0\0\0\0\6\0\0\0\4\0\0\0R\345td\300>\1\0\300N\1\0\300N\1\0004\1\0\0004\1\0\0\4\0\0\0\1\0\0\0\4\0\0\0\20\0\0\0\1\0\0\0GNU\0\0\0\0\0\2\0\0\0\6\0\0\0\10\0\0\0\374\0\0\0q\0\0\0 \0\0\0\n\0\0\0\1\1$\232 \'Q\0@ \0\0\f\1\1\n\1\n\0\0\240:X\0@\1\16$\10\4\200\n`\260\23 @\24\21\20@\3442\324\4H\346\0\1`\3@\260\272\2019\30\235\340\0\0\332\200\0044\2\201J\20{\203+\200\22 d\21\1\0\2\200\306 d`A\n\4\4\4\v\4PD@\200\20\0\22 \4\340@\1\32 \4\2\20\10\0\0\204\260\200\0\340\23\0\212$\0\206\210\0\2`@q\0\0\0\0\0\0\0\0\0\0\0r\0\0\0\0\0\0\0t\0\0\0\0\0\0\0", 512) = 512
19773 14:27:33.284096 fstat64(3, {st_mode=S_IFREG|0644, st_size=83708, ...}) = 0
19773 14:27:33.284112 mmap2(NULL, 4096, PROT_READ|PROT_WRITE, MAP_PRIVATE|MAP_ANONYMOUS, -1, 0) = 0xb7ee7000
19773 14:27:33.284125 mmap2(NULL, 96232, PROT_READ|PROT_EXEC, MAP_PRIVATE|MAP_DENYWRITE, 3, 0) = 0xb7ecf000
19773 14:27:33.284135 mmap2(0xb7ee3000, 8192, PROT_READ|PROT_WRITE, MAP_PRIVATE|MAP_FIXED|MAP_DENYWRITE, 3, 0x13) = 0xb7ee3000
19773 14:27:33.284150 mmap2(0xb7ee5000, 6120, PROT_READ|PROT_WRITE, MAP_PRIVATE|MAP_FIXED|MAP_ANONYMOUS, -1, 0) = 0xb7ee5000
19773 14:27:33.284165 close(3)          = 0
19773 14:27:33.284177 access("/etc/ld.so.nohwcap", F_OK) = -1 ENOENT (No such file or directory)
19773 14:27:33.284191 open("/lib/tls/i686/cmov/libresolv.so.2", O_RDONLY) = 3
19773 14:27:33.284205 read(3, "\177ELF\1\1\1\0\0\0\0\0\0\0\0\0\3\0\3\0\1\0\0\0@!\0\0004\0\0\0\310\2\1\0\0\0\0\0004\0 \0\10\0(\0\35\0\34\0\6\0\0\0004\0\0\0004\0\0\0004\0\0\0\0\1\0\0\0\1\0\0\5\0\0\0\4\0\0\0\3\0\0\0\264\346\0\0\264\346\0\0\264\346\0\0\23\0\0\0\23\0\0\0\4\0\0\0\1\0\0\0\1\0\0\0\0\0\0\0\0\0\0\0\0\0\0\0H\355\0\0H\355\0\0\5\0\0\0\0\20\0\0\1\0\0\0h\372\0\0h\372\0\0h\372\0\0X\7\0\0\\.\0\0\6\0\0\0\0\20\0\0\2\0\0\0\0\377\0\0\0\377\0\0\0\377\0\0\340\0\0\0\340\0\0\0\6\0\0\0\4\0\0\0\4\0\0\0004\1\0\0004\1\0\0004\1\0\0 \0\0\0 \0\0\0\4\0\0\0\4\0\0\0Q\345td\0\0\0\0\0\0\0\0\0\0\0\0\0\0\0\0\0\0\0\0\6\0\0\0\4\0\0\0R\345tdh\372\0\0h\372\0\0h\372\0\0\214\5\0\0\214\5\0\0\4\0\0\0\1\0\0\0\4\0\0\0\20\0\0\0\1\0\0\0GNU\0\0\0\0\0\2\0\0\0\6\0\0\0\10\0\0\0\235\0\0\0;\0\0\0\20\0\0\0\t\0\0\0\244RH\260<\23\340\6\200\4\24\227\221\3\366\225\2@\20\0B\201\205A\20\6\30@A\20U\205\0B\0@\220\204\10\n\0J\0\25\4\21\200\2$\210\4\4P\220\0\2\"]\260D\4\221\t\31;\0\0\0\0\0\0\0\0\0\0\0<\0\0\0>\0\0\0?\0\0\0\0\0\0\0\0\0\0\0\0\0\0\0\0\0\0\0\0\0\0\0\0\0\0\0\0\0\0\0@\0\0\0B\0\0\0C\0\0\0D\0\0\0\0\0\0\0E\0\0\0F\0\0\0\0\0\0\0H\0\0\0\0\0\0\0", 512) = 512
19773 14:27:33.284352 fstat64(3, {st_mode=S_IFREG|0644, st_size=67408, ...}) = 0
19773 14:27:33.284370 mmap2(NULL, 75972, PROT_READ|PROT_EXEC, MAP_PRIVATE|MAP_DENYWRITE, 3, 0) = 0xb7ebc000
19773 14:27:33.284382 mmap2(0xb7ecb000, 8192, PROT_READ|PROT_WRITE, MAP_PRIVATE|MAP_FIXED|MAP_DENYWRITE, 3, 0xf) = 0xb7ecb000
19773 14:27:33.284397 mmap2(0xb7ecd000, 6340, PROT_READ|PROT_WRITE, MAP_PRIVATE|MAP_FIXED|MAP_ANONYMOUS, -1, 0) = 0xb7ecd000
19773 14:27:33.284412 close(3)          = 0
19773 14:27:33.284424 access("/etc/ld.so.nohwcap", F_OK) = -1 ENOENT (No such file or directory)
19773 14:27:33.284437 open("/lib/tls/i686/cmov/libutil.so.1", O_RDONLY) = 3
19773 14:27:33.284452 read(3, "\177ELF\1\1\1\0\0\0\0\0\0\0\0\0\3\0\3\0\1\0\0\0@\n\0\0004\0\0\0\200!\0\0\0\0\0\0004\0 \0\10\0(\0\34\0\33\0\6\0\0\0004\0\0\0004\0\0\0004\0\0\0\0\1\0\0\0\1\0\0\5\0\0\0\4\0\0\0\3\0\0\0R\23\0\0R\23\0\0R\23\0\0\23\0\0\0\23\0\0\0\4\0\0\0\1\0\0\0\1\0\0\0\0\0\0\0\0\0\0\0\0\0\0\0`\25\0\0`\25\0\0\5\0\0\0\0\20\0\0\1\0\0\0\364\36\0\0\364.\0\0\364.\0\0\230\1\0\0\234\1\0\0\6\0\0\0\0\20\0\0\2\0\0\0\10\37\0\0\10/\0\0\10/\0\0\340\0\0\0\340\0\0\0\6\0\0\0\4\0\0\0\4\0\0\0004\1\0\0004\1\0\0004\1\0\0 \0\0\0 \0\0\0\4\0\0\0\4\0\0\0Q\345td\0\0\0\0\0\0\0\0\0\0\0\0\0\0\0\0\0\0\0\0\6\0\0\0\4\0\0\0R\345td\364\36\0\0\364.\0\0\364.\0\0\0\1\0\0\0\1\0\0\4\0\0\0\1\0\0\0\4\0\0\0\20\0\0\0\1\0\0\0GNU\0\0\0\0\0\2\0\0\0\6\0\0\0\10\0\0\0\r\0\0\0#\0\0\0\2\0\0\0\6\0\0\0\0\240\344\300\204\200\20@\0\0\0\0\0\0\0\0#\0\0\0\0\0\0\0\0\0\0\0$\0\0\0&\0\0\0\'\0\0\0(\0\0\0\0\0\0\0\0\0\0\0\0\0\0\0)\0\0\0\217\365\310\207\364\361\253\272_+\337\v\325=l\366\237<\300|\365\243\343p\277\370\337\17\0\0\0\0\0\0\0\0\0\0\0\0\0\0\0\0S\0\0\0\0\0\0\0\35\0\0\0\22\0\0\0/\1\0\0\0\0\0\0z\0\0\0\22\0\0\0\226\0\0\0\0\0\0\0*\0\0\0\22\0\0\0v\0\0\0", 512) = 512
19773 14:27:33.284559 fstat64(3, {st_mode=S_IFREG|0644, st_size=9696, ...}) = 0
19773 14:27:33.284575 mmap2(NULL, 12432, PROT_READ|PROT_EXEC, MAP_PRIVATE|MAP_DENYWRITE, 3, 0) = 0xb7eb8000
19773 14:27:33.284586 mmap2(0xb7eba000, 8192, PROT_READ|PROT_WRITE, MAP_PRIVATE|MAP_FIXED|MAP_DENYWRITE, 3, 0x1) = 0xb7eba000
19773 14:27:33.284613 close(3)          = 0
19773 14:27:33.284634 access("/etc/ld.so.nohwcap", F_OK) = -1 ENOENT (No such file or directory)
19773 14:27:33.284648 open("/lib/libcap.so.1", O_RDONLY) = 3
19773 14:27:33.284660 read(3, "\177ELF\1\1\1\0\0\0\0\0\0\0\0\0\3\0\3\0\1\0\0\0\220\t\0\0004\0\0\0d$\0\0\0\0\0\0004\0 \0\4\0(\0\31\0\30\0\1\0\0\0\0\0\0\0\0\0\0\0\0\0\0\0\250!\0\0\250!\0\0\5\0\0\0\0\20\0\0\1\0\0\0\250!\0\0\2501\0\0\2501\0\0\354\1\0\0L\4\0\0\6\0\0\0\0\20\0\0\2\0\0\0\274!\0\0\2741\0\0\2741\0\0\320\0\0\0\320\0\0\0\6\0\0\0\4\0\0\0Q\345td\0\0\0\0\0\0\0\0\0\0\0\0\0\0\0\0\0\0\0\0\6\0\0\0\4\0\0\0\21\0\0\0$\0\0\0\1\0\0\0\r\0\0\0\0\0\0\0\10\0\0\0\v\0\0\0\0\0\0\0\f\0\0\0\33\0\0\0\"\0\0\0\17\0\0\0\21\0\0\0\20\0\0\0\t\0\0\0\23\0\0\0\22\0\0\0\25\0\0\0\5\0\0\0\0\0\0\0\0\0\0\0\0\0\0\0\0\0\0\0\0\0\0\0\0\0\0\0\0\0\0\0\0\0\0\0\34\0\0\0\6\0\0\0\2\0\0\0\0\0\0\0\37\0\0\0\27\0\0\0\0\0\0\0\24\0\0\0\26\0\0\0\n\0\0\0\0\0\0\0\0\0\0\0#\0\0\0\36\0\0\0\35\0\0\0!\0\0\0\3\0\0\0\30\0\0\0\0\0\0\0\0\0\0\0\4\0\0\0\32\0\0\0\31\0\0\0\7\0\0\0\16\0\0\0\0\0\0\0 \0\0\0\0\0\0\0\21\0\0\0\16\0\0\0\4\0\0\0\7\0\0\0\10\33\260\200\210\32\1\t\10\204\10\243\246\4\22$\0\0\0\0\16\0\0\0\17\0\0\0\20\0\0\0\23\0\0\0\24\0\0\0\25\0\0\0\26\0\0\0\30\0\0\0\34\0\0\0\35\0\0\0\36\0\0\0\0\0\0\0 \0\0\0\0\0\0\0!\0\0\0#\0\0\0\353\323\357\16\271\215\361\16\330qX\34", 512) = 512
19773 14:27:33.284768 fstat64(3, {st_mode=S_IFREG|0644, st_size=10316, ...}) = 0
19773 14:27:33.284785 mmap2(NULL, 13812, PROT_READ|PROT_EXEC, MAP_PRIVATE|MAP_DENYWRITE, 3, 0) = 0xb7eb4000
19773 14:27:33.284796 mmap2(0xb7eb7000, 4096, PROT_READ|PROT_WRITE, MAP_PRIVATE|MAP_FIXED|MAP_DENYWRITE, 3, 0x2) = 0xb7eb7000
19773 14:27:33.284809 close(3)          = 0
19773 14:27:33.284824 access("/etc/ld.so.nohwcap", F_OK) = -1 ENOENT (No such file or directory)
19773 14:27:33.284837 open("/lib/tls/i686/cmov/libc.so.6", O_RDONLY) = 3
19773 14:27:33.284851 read(3, "\177ELF\1\1\1\0\0\0\0\0\0\0\0\0\3\0\3\0\1\0\0\0\260e\1\0004\0\0\0\4\307\24\0\0\0\0\0004\0 \0\n\0(\0D\0C\0\6\0\0\0004\0\0\0004\0\0\0004\0\0\0@\1\0\0@\1\0\0\5\0\0\0\4\0\0\0\3\0\0\0\2200\23\0\2200\23\0\2200\23\0\23\0\0\0\23\0\0\0\4\0\0\0\1\0\0\0\1\0\0\0\0\0\0\0\0\0\0\0\0\0\0\0(\215\24\0(\215\24\0\5\0\0\0\0\20\0\0\1\0\0\0\354\221\24\0\354\221\24\0\354\221\24\0\260\'\0\0\204T\0\0\6\0\0\0\0\20\0\0\2\0\0\0\234\255\24\0\234\255\24\0\234\255\24\0\360\0\0\0\360\0\0\0\6\0\0\0\4\0\0\0\4\0\0\0t\1\0\0t\1\0\0t\1\0\0 \0\0\0 \0\0\0\4\0\0\0\4\0\0\0\7\0\0\0\354\221\24\0\354\221\24\0\354\221\24\0\10\0\0\0,\0\0\0\4\0\0\0\4\0\0\0P\345td\2440\23\0\2440\23\0\2440\23\0\354+\0\0\354+\0\0\4\0\0\0\4\0\0\0Q\345td\0\0\0\0\0\0\0\0\0\0\0\0\0\0\0\0\0\0\0\0\6\0\0\0\4\0\0\0R\345td\354\221\24\0\354\221\24\0\354\221\24\0\10\36\0\0\10\36\0\0\4\0\0\0\1\0\0\0\4\0\0\0\20\0\0\0\1\0\0\0GNU\0\0\0\0\0\2\0\0\0\6\0\0\0\10\0\0\0\363\3\0\0\n\0\0\0\0\2\0\0\16\0\0\0\2400\20D\200 \2\1\214\3\346\220AE\210\0\204\0\10\0A\200\0@\300\200\0\f\2\f\0\0010\0\10@\"\10\246\4\210H6l\240\0260\0&\204\200\216\4\10B$\2\f\246\244\32\6c\310\0\302 \1\300\0R\0!\201\10\4\n  \250\24\0\24(`\0\0P\240\312DB", 512) = 512
19773 14:27:33.284937 fstat64(3, {st_mode=S_IFREG|0755, st_size=1364388, ...}) = 0
19773 14:27:33.284954 mmap2(NULL, 1369712, PROT_READ|PROT_EXEC, MAP_PRIVATE|MAP_DENYWRITE, 3, 0) = 0xb7d65000
19773 14:27:33.284966 mmap2(0xb7eae000, 12288, PROT_READ|PROT_WRITE, MAP_PRIVATE|MAP_FIXED|MAP_DENYWRITE, 3, 0x149) = 0xb7eae000
19773 14:27:33.284981 mmap2(0xb7eb1000, 9840, PROT_READ|PROT_WRITE, MAP_PRIVATE|MAP_FIXED|MAP_ANONYMOUS, -1, 0) = 0xb7eb1000
19773 14:27:33.284996 close(3)          = 0
19773 14:27:33.285019 mmap2(NULL, 4096, PROT_READ|PROT_WRITE, MAP_PRIVATE|MAP_ANONYMOUS, -1, 0) = 0xb7d64000
19773 14:27:33.285037 mmap2(NULL, 4096, PROT_READ|PROT_WRITE, MAP_PRIVATE|MAP_ANONYMOUS, -1, 0) = 0xb7d63000
19773 14:27:33.285048 set_thread_area({entry_number:-1 -> 6, base_addr:0xb7d636b0, limit:1048575, seg_32bit:1, contents:0, read_exec_only:0, limit_in_pages:1, seg_not_present:0, useable:1}) = 0
19773 14:27:33.285105 mprotect(0xb7eae000, 4096, PROT_READ) = 0
19773 14:27:33.285141 munmap(0xb7ef6000, 29913) = 0
19773 14:27:33.285279 brk(0)            = 0x8064000
19773 14:27:33.285293 brk(0x8085000)    = 0x8085000
19773 14:27:33.285327 stat64("/etc/vsftpd.conf", {st_mode=S_IFREG|0644, st_size=4430, ...}) = 0
19773 14:27:33.285352 open("/etc/vsftpd.conf", O_RDONLY|O_NONBLOCK|O_LARGEFILE) = 3
19773 14:27:33.285366 fstat64(3, {st_mode=S_IFREG|0644, st_size=4430, ...}) = 0
19773 14:27:33.285401 mmap2(NULL, 16384, PROT_READ|PROT_WRITE, MAP_PRIVATE|MAP_ANONYMOUS, -1, 0) = 0xb7efa000
19773 14:27:33.285427 mprotect(0xb7efd000, 4096, PROT_NONE) = 0
19773 14:27:33.285454 mprotect(0xb7efa000, 4096, PROT_NONE) = 0
