22363 14:54:36.316452 mmap2(NULL, 101180, PROT_READ|PROT_EXEC, MAP_PRIVATE|MAP_DENYWRITE, 7, 0) = 0xb7db4000
22363 14:54:36.316469 mmap2(0xb7dcb000, 8192, PROT_READ|PROT_WRITE, MAP_PRIVATE|MAP_FIXED|MAP_DENYWRITE, 7, 0x16) = 0xb7dcb000
22363 14:54:36.316488 close(7)          = 0
22363 14:54:36.316601 open("/etc/selinux/config", O_RDONLY|O_LARGEFILE) = -1 ENOENT (No such file or directory)
22363 14:54:36.316629 statfs64("/selinux", 84, 0xbf8e9b7c) = -1 ENOENT (No such file or directory)
22363 14:54:36.316642 open("/proc/mounts", O_RDONLY|O_LARGEFILE) = 7
22363 14:54:36.316670 fstat64(7, {st_mode=S_IFREG|0444, st_size=0, ...}) = 0
22363 14:54:36.316687 mmap2(NULL, 4096, PROT_READ|PROT_WRITE, MAP_PRIVATE|MAP_ANONYMOUS, -1, 0) = 0xb7fd0000
22363 14:54:36.316699 read(7, "rootfs / rootfs rw 0 0\nnone /sys sysfs rw,nosuid,nodev,noexec 0 0\nnone /proc proc rw,nosuid,nodev,noexec 0 0\nudev /dev tmpfs rw,relatime 0 0\nfusectl /sys/fs/fuse/connections fusectl rw,relatime 0 0\n/dev/mapper/metasploitable-root / ext3 rw,relatime,errors=remount-ro,data=ordered 0 0\n/dev/mapper/metasploitable-root /dev/.static/dev ext3 rw,relatime,errors=remount-ro,data=ordered 0 0\ntmpfs /var/run tmpfs rw,nosuid,nodev,noexec 0 0\ntmpfs /var/lock tmpfs rw,nosuid,nodev,noexec 0 0\ntmpfs /dev/shm tmpfs rw,relatime 0 0\ndevpts /dev/pts devpts rw,relatime 0 0\ntmpfs /var/run tmpfs rw,nosuid,nodev,noexec 0 0\ntmpfs /var/lock tmpfs rw,nosuid,nodev,noexec 0 0\n/dev/sda1 /boot ext3 rw,relatime,data=ordered 0 0\nsecurityfs /sys/kernel/security securityfs rw,relatime 0 0\nrpc_pipefs /var/lib/nfs/rpc_pipefs rpc_pipefs rw,relatime 0 0\nnfsd /proc/fs/nfsd nfsd rw,relatime 0 0\n", 1024) = 866
22363 14:54:36.316785 read(7, "", 1024) = 0
22363 14:54:36.316795 close(7)          = 0
22363 14:54:36.316806 munmap(0xb7fd0000, 4096) = 0
22363 14:54:36.316826 munmap(0xb7dff000, 29913) = 0
22363 14:54:36.316841 read(6, "", 4096) = 0
22363 14:54:36.316853 close(6)          = 0
22363 14:54:36.316863 munmap(0xb7fd1000, 4096) = 0
22363 14:54:36.316874 stat64("/etc/pam.d", {st_mode=S_IFDIR|0755, st_size=4096, ...}) = 0
22363 14:54:36.316894 open("/etc/pam.d/common-account", O_RDONLY|O_LARGEFILE) = 6
22363 14:54:36.316908 fstat64(6, {st_mode=S_IFREG|0644, st_size=392, ...}) = 0
22363 14:54:36.316947 mmap2(NULL, 4096, PROT_READ|PROT_WRITE, MAP_PRIVATE|MAP_ANONYMOUS, -1, 0) = 0xb7fd1000
22363 14:54:36.316963 read(6, "#\n# /etc/pam.d/common-account - authorization settings common to all services\n#\n# This file is included from other service-specific PAM config files,\n# and should contain a list of the authorization modules that define\n# the central access policy for use on the system.  The default is to\n# only deny service to users whose accounts are expired in /etc/shadow.\n#\naccount\trequired\tpam_unix.so\n", 4096) = 392
22363 14:54:36.317015 read(6, "", 4096) = 0
22363 14:54:36.317026 close(6)          = 0
22363 14:54:36.317036 munmap(0xb7fd1000, 4096) = 0
22363 14:54:36.317048 stat64("/etc/pam.d", {st_mode=S_IFDIR|0755, st_size=4096, ...}) = 0
22363 14:54:36.317067 open("/etc/pam.d/common-session", O_RDONLY|O_LARGEFILE) = 6
22363 14:54:36.317081 fstat64(6, {st_mode=S_IFREG|0644, st_size=372, ...}) = 0
22363 14:54:36.317098 mmap2(NULL, 4096, PROT_READ|PROT_WRITE, MAP_PRIVATE|MAP_ANONYMOUS, -1, 0) = 0xb7fd1000
22363 14:54:36.317109 read(6, "#\n# /etc/pam.d/common-session - session-related modules common to all services\n#\n# This file is included from other service-specific PAM config files,\n# and should contain a list of modules that define tasks to be performed\n# at the start and end of sessions of *any* kind (both interactive and\n# non-interactive).  The default is pam_unix.\n#\nsession\trequired\tpam_unix.so\n", 4096) = 372
22363 14:54:36.317148 read(6, "", 4096) = 0
22363 14:54:36.317158 close(6)          = 0
22363 14:54:36.317168 munmap(0xb7fd1000, 4096) = 0
22363 14:54:36.317179 read(5, "", 4096) = 0
22363 14:54:36.317189 close(5)          = 0
22363 14:54:36.317198 munmap(0xb7fd7000, 4096) = 0
22363 14:54:36.317209 open("/etc/pam.d/other", O_RDONLY|O_LARGEFILE) = 5
22363 14:54:36.317223 fstat64(5, {st_mode=S_IFREG|0644, st_size=520, ...}) = 0
22363 14:54:36.317239 mmap2(NULL, 4096, PROT_READ|PROT_WRITE, MAP_PRIVATE|MAP_ANONYMOUS, -1, 0) = 0xb7fd7000
22363 14:54:36.317250 read(5, "#\n# /etc/pam.d/other - specify the PAM fallback behaviour\n#\n# Note that this file is used for any unspecified service; for example\n#if /etc/pam.d/cron  specifies no session modules but cron calls\n#pam_open_session, the session module out of /etc/pam.d/other is\n#used.  If you really want nothing to happen then use pam_permit.so or\n#pam_deny.so as appropriate.\n\n# We fall back to the system default in /etc/pam.d/common-*\n# \n\n@include common-auth\n@include common-account\n@include common-password\n@include common-session\n", 4096) = 520
22363 14:54:36.317296 stat64("/etc/pam.d", {st_mode=S_IFDIR|0755, st_size=4096, ...}) = 0
22363 14:54:36.317315 open("/etc/pam.d/common-auth", O_RDONLY|O_LARGEFILE) = 6
22363 14:54:36.317327 fstat64(6, {st_mode=S_IFREG|0644, st_size=476, ...}) = 0
22363 14:54:36.317344 mmap2(NULL, 4096, PROT_READ|PROT_WRITE, MAP_PRIVATE|MAP_ANONYMOUS, -1, 0) = 0xb7fd1000
22363 14:54:36.317355 read(6, "#\n# /etc/pam.d/common-auth - authentication settings common to all services\n#\n# This file is included from other service-specific PAM config files,\n# and should contain a list of the authentication modules that define\n# the central authentication scheme for use on the system\n# (e.g., /etc/shadow, LDAP, Kerberos, etc.).  The default is to use the\n# traditional Unix authentication mechanisms.\n#\nauth\trequisite\tpam_unix.so nullok_secure\n# auth\toptional\tpam_smbpass.so migrate\n", 4096) = 476
22363 14:54:36.317401 read(6, "", 4096) = 0
22363 14:54:36.317412 close(6)          = 0
22363 14:54:36.317421 munmap(0xb7fd1000, 4096) = 0
22363 14:54:36.317433 stat64("/etc/pam.d", {st_mode=S_IFDIR|0755, st_size=4096, ...}) = 0
22363 14:54:36.317455 open("/etc/pam.d/common-account", O_RDONLY|O_LARGEFILE) = 6
22363 14:54:36.317468 fstat64(6, {st_mode=S_IFREG|0644, st_size=392, ...}) = 0
22363 14:54:36.317501 mmap2(NULL, 4096, PROT_READ|PROT_WRITE, MAP_PRIVATE|MAP_ANONYMOUS, -1, 0) = 0xb7fd1000
22363 14:54:36.317514 read(6, "#\n# /etc/pam.d/common-account - authorization settings common to all services\n#\n# This file is included from other service-specific PAM config files,\n# and should contain a list of the authorization modules that define\n# the central access policy for use on the system.  The default is to\n# only deny service to users whose accounts are expired in /etc/shadow.\n#\naccount\trequired\tpam_unix.so\n", 4096) = 392
22363 14:54:36.317555 read(6, "", 4096) = 0
22363 14:54:36.317566 close(6)          = 0
22363 14:54:36.317576 munmap(0xb7fd1000, 4096) = 0
22363 14:54:36.317588 stat64("/etc/pam.d", {st_mode=S_IFDIR|0755, st_size=4096, ...}) = 0
22363 14:54:36.317607 open("/etc/pam.d/common-password", O_RDONLY|O_LARGEFILE) = 6
22363 14:54:36.317621 fstat64(6, {st_mode=S_IFREG|0644, st_size=1563, ...}) = 0
22363 14:54:36.317637 mmap2(NULL, 4096, PROT_READ|PROT_WRITE, MAP_PRIVATE|MAP_ANONYMOUS, -1, 0) = 0xb7fd1000
22363 14:54:36.317648 read(6, "#\n# /etc/pam.d/common-password - password-related modules common to all services\n#\n# This file is included from other service-specific PAM config files,\n# and should contain a list of modules that define the services to be\n# used to change user passwords.  The default is pam_unix.\n\n# Explanation of pam_unix options:\n#\n# The \"nullok\" option allows users to change an empty password, else\n# empty passwords are treated as locked accounts.\n#\n# The \"md5\" option enables MD5 passwords.  Without this option, the\n# default is Unix crypt.\n#\n# The \"obscure\" option replaces the old `OBSCURE_CHECKS_ENAB\' option in\n# login.defs.\n#\n# You can also use the \"min\" option to enforce the length of the new\n# password.\n#\n# See the pam_unix manpage for other options.\n\npassword   requisite   pam_unix.so nullok obscure md5\n\n# Alternate strength checking for password. Note that this\n# requires the libpam-cracklib package to be installed.\n# You will need to comment out the password line above and\n# uncomment the next two in order to use this.\n# (Replaces the `OBSCURE_CHECKS_ENAB\', `CRACKLIB_DICTPATH\')\n#\n# password required\t  pam_cracklib.so retry=3 minlen=6 difok=3\n# password required\t  pam_unix.so use_authtok nullok md5\n\n# minimally-intrusive inclusion of smbpass in the stack for\n# synchronization.  If the module is absent or the passwords don\'t\n# match, this module will be ignored without prompting; and if the \n# passwords do match, the NTLM hash for the user will be updated\n# automatically.\n# password   optional   pam_smbpass.so nullok use_authtok use_first_pass\n", 4096) = 1563
22363 14:54:36.317764 read(6, "", 4096) = 0
22363 14:54:36.317774 close(6)          = 0
22363 14:54:36.317784 munmap(0xb7fd1000, 4096) = 0
22363 14:54:36.317795 stat64("/etc/pam.d", {st_mode=S_IFDIR|0755, st_size=4096, ...}) = 0
22363 14:54:36.317814 open("/etc/pam.d/common-session", O_RDONLY|O_LARGEFILE) = 6
22363 14:54:36.317827 fstat64(6, {st_mode=S_IFREG|0644, st_size=372, ...}) = 0
22363 14:54:36.317844 mmap2(NULL, 4096, PROT_READ|PROT_WRITE, MAP_PRIVATE|MAP_ANONYMOUS, -1, 0) = 0xb7fd1000
22363 14:54:36.317855 read(6, "#\n# /etc/pam.d/common-session - session-related modules common to all services\n#\n# This file is included from other service-specific PAM config files,\n# and should contain a list of modules that define tasks to be performed\n# at the start and end of sessions of *any* kind (both interactive and\n# non-interactive).  The default is pam_unix.\n#\nsession\trequired\tpam_unix.so\n", 4096) = 372
22363 14:54:36.317914 read(6, "", 4096) = 0
22363 14:54:36.317928 close(6)          = 0
22363 14:54:36.317938 munmap(0xb7fd1000, 4096) = 0
22363 14:54:36.317959 read(5, "", 4096) = 0
22363 14:54:36.317969 close(5)          = 0
22363 14:54:36.317993 munmap(0xb7fd7000, 4096) = 0
22363 14:54:36.318007 time(NULL)        = 1495652076
22363 14:54:36.318020 lstat64("/etc/ftpusers", {st_mode=S_IFREG|0644, st_size=132, ...}) = 0
22363 14:54:36.318049 open("/etc/ftpusers", O_RDONLY|O_LARGEFILE) = 5
22363 14:54:36.318072 fstat64(5, {st_mode=S_IFREG|0644, st_size=132, ...}) = 0
22363 14:54:36.318089 mmap2(NULL, 4096, PROT_READ|PROT_WRITE, MAP_PRIVATE|MAP_ANONYMOUS, -1, 0) = 0xb7fd7000
22363 14:54:36.318100 read(5, "# /etc/ftpusers: list of users disallowed FTP access. See ftpusers(5).\n\nroot\ndaemon\nbin\nsys\nsync\ngames\nman\nlp\nmail\nnews\nuucp\nnobody\n", 4096) = 132
22363 14:54:36.318123 read(5, "", 4096) = 0
22363 14:54:36.318142 close(5)          = 0
22363 14:54:36.318152 munmap(0xb7fd7000, 4096) = 0
22363 14:54:36.318168 getuid32()        = 0
22363 14:54:36.318185 open("/etc/passwd", O_RDONLY|0x80000 /* O_??? */) = 5
22363 14:54:36.318200 _llseek(5, 0, [0], SEEK_CUR) = 0
22363 14:54:36.318212 fstat64(5, {st_mode=S_IFREG|0644, st_size=1624, ...}) = 0
22363 14:54:36.318228 mmap2(NULL, 1624, PROT_READ, MAP_SHARED, 5, 0) = 0xb7fd7000
22363 14:54:36.318240 _llseek(5, 1624, [1624], SEEK_SET) = 0
22363 14:54:36.318259 munmap(0xb7fd7000, 1624) = 0
22363 14:54:36.318271 close(5)          = 0
22363 14:54:36.318297 open("/etc/shadow", O_RDONLY|0x80000 /* O_??? */) = 5
22363 14:54:36.318314 _llseek(5, 0, [0], SEEK_CUR) = 0
22363 14:54:36.318326 fstat64(5, {st_mode=S_IFREG|0640, st_size=1233, ...}) = 0
22363 14:54:36.318342 mmap2(NULL, 1233, PROT_READ, MAP_SHARED, 5, 0) = 0xb7fd7000
22363 14:54:36.318353 _llseek(5, 1233, [1233], SEEK_SET) = 0
22363 14:54:36.318374 munmap(0xb7fd7000, 1233) = 0
22363 14:54:36.318385 close(5)          = 0
22363 14:54:36.318404 open("/etc/passwd", O_RDONLY|0x80000 /* O_??? */) = 5
22363 14:54:36.318417 _llseek(5, 0, [0], SEEK_CUR) = 0
22363 14:54:36.318428 fstat64(5, {st_mode=S_IFREG|0644, st_size=1624, ...}) = 0
22363 14:54:36.318444 mmap2(NULL, 1624, PROT_READ, MAP_SHARED, 5, 0) = 0xb7fd7000
22363 14:54:36.318455 _llseek(5, 1624, [1624], SEEK_SET) = 0
22363 14:54:36.318471 munmap(0xb7fd7000, 1624) = 0
22363 14:54:36.318482 close(5)          = 0
22363 14:54:36.318495 open("/etc/shadow", O_RDONLY|0x80000 /* O_??? */) = 5
22363 14:54:36.318508 _llseek(5, 0, [0], SEEK_CUR) = 0
22363 14:54:36.318518 fstat64(5, {st_mode=S_IFREG|0640, st_size=1233, ...}) = 0
22363 14:54:36.318535 mmap2(NULL, 1233, PROT_READ, MAP_SHARED, 5, 0) = 0xb7fd7000
22363 14:54:36.318546 _llseek(5, 1233, [1233], SEEK_SET) = 0
22363 14:54:36.318563 munmap(0xb7fd7000, 1233) = 0
22363 14:54:36.318573 close(5)          = 0
22363 14:54:36.318805 getuid32()        = 0
22363 14:54:36.318816 open("/etc/passwd", O_RDONLY|0x80000 /* O_??? */) = 5
22363 14:54:36.318829 _llseek(5, 0, [0], SEEK_CUR) = 0
22363 14:54:36.318840 fstat64(5, {st_mode=S_IFREG|0644, st_size=1624, ...}) = 0
22363 14:54:36.318856 mmap2(NULL, 1624, PROT_READ, MAP_SHARED, 5, 0) = 0xb7fd7000
22363 14:54:36.318885 _llseek(5, 1624, [1624], SEEK_SET) = 0
22363 14:54:36.318904 munmap(0xb7fd7000, 1624) = 0
22363 14:54:36.318924 close(5)          = 0
22363 14:54:36.318938 open("/etc/shadow", O_RDONLY|0x80000 /* O_??? */) = 5
22363 14:54:36.318952 _llseek(5, 0, [0], SEEK_CUR) = 0
22363 14:54:36.318963 fstat64(5, {st_mode=S_IFREG|0640, st_size=1233, ...}) = 0
22363 14:54:36.318979 mmap2(NULL, 1233, PROT_READ, MAP_SHARED, 5, 0) = 0xb7fd7000
22363 14:54:36.318990 _llseek(5, 1233, [1233], SEEK_SET) = 0
22363 14:54:36.319007 munmap(0xb7fd7000, 1233) = 0
22363 14:54:36.319018 close(5)          = 0
22363 14:54:36.319030 time(NULL)        = 1495652076
22363 14:54:36.319046 munmap(0xb7fd4000, 12164) = 0
22363 14:54:36.319060 munmap(0xb7fd2000, 7136) = 0
22363 14:54:36.319075 munmap(0xb7e07000, 95428) = 0
22363 14:54:36.319087 munmap(0xb7dcd000, 201052) = 0
22363 14:54:36.319099 munmap(0xb7db4000, 101180) = 0
22363 14:54:36.319116 gettimeofday({1495652076, 319120}, NULL) = 0
22363 14:54:36.319128 stat64("/usr/share/zoneinfo/UTC+04:00", 0xbf8eba54) = -1 ENOENT (No such file or directory)
22363 14:54:36.319144 open("/usr/share/zoneinfo/UTC+04:00", O_RDONLY) = -1 ENOENT (No such file or directory)
22363 14:54:36.319174 fcntl64(3, F_SETLKW64, {type=F_WRLCK, whence=SEEK_SET, start=0, len=0}, 0xbf8ebba4) = 0
22363 14:54:36.319191 write(3, "Wed May 24 14:54:36 2017 [pid 22363] [msfadmin] OK LOGIN: Client \"127.0.0.1\"\n", 77) = 77
22363 14:54:36.319209 fcntl64(3, F_SETLK64, {type=F_UNLCK, whence=SEEK_SET, start=0, len=0}, 0xbf8ebbac) = 0
22363 14:54:36.319222 rt_sigaction(SIGCHLD, {0x805cad0, ~[RTMIN RT_1], 0}, NULL, 8) = 0
22363 14:54:36.319237 write(4, "\1", 1 <unfinished ...>
22364 14:54:36.319248 <... read resumed> "\1", 1) = 1
22363 14:54:36.319253 <... write resumed> ) = 1
22364 14:54:36.319261 exit_group(0)     = ?
22363 14:54:36.319294 --- SIGCHLD (Child exited) @ 0 (0) ---
22363 14:54:36.319302 sigreturn()       = ? (mask now [])
22363 14:54:36.319321 wait4(-1, [{WIFEXITED(s) && WEXITSTATUS(s) == 0}], 0, NULL) = 22364
22363 14:54:36.319335 close(4)          = 0
22363 14:54:36.319348 socketpair(PF_FILE, SOCK_STREAM, 0, [4, 5]) = 0
22363 14:54:36.319362 rt_sigaction(SIGCHLD, {0x805cad0, ~[RTMIN RT_1], 0}, NULL, 8) = 0
22363 14:54:36.319377 rt_sigaction(SIGALRM, {0x805cb10, ~[RTMIN RT_1], 0}, NULL, 8) = 0
22363 14:54:36.319391 clone(child_stack=0, flags=CLONE_CHILD_CLEARTID|CLONE_CHILD_SETTID|SIGCHLD, child_tidptr=0xb7e3d6f8) = 22365
22365 14:54:36.319443 prctl(0x1, 0x9, 0, 0, 0) = 0
22365 14:54:36.319457 close(4)          = 0
22365 14:54:36.319485 open("/etc/passwd", O_RDONLY|0x80000 /* O_??? */) = 4
22365 14:54:36.319502 _llseek(4, 0, [0], SEEK_CUR) = 0
22365 14:54:36.319518 fstat64(4, {st_mode=S_IFREG|0644, st_size=1624, ...}) = 0
22365 14:54:36.319538 mmap2(NULL, 1624, PROT_READ, MAP_SHARED, 4, 0) = 0xb7fd7000
22365 14:54:36.319550 _llseek(4, 1624, [1624], SEEK_SET) = 0
22365 14:54:36.319572 munmap(0xb7fd7000, 1624) = 0
22365 14:54:36.319585 close(4)          = 0
22365 14:54:36.319598 getuid32()        = 0
22365 14:54:36.319609 open("/etc/passwd", O_RDONLY|0x80000 /* O_??? */) = 4
22365 14:54:36.319622 _llseek(4, 0, [0], SEEK_CUR) = 0
22365 14:54:36.319633 fstat64(4, {st_mode=S_IFREG|0644, st_size=1624, ...}) = 0
22365 14:54:36.319650 mmap2(NULL, 1624, PROT_READ, MAP_SHARED, 4, 0) = 0xb7fd7000
22365 14:54:36.319661 _llseek(4, 1624, [1624], SEEK_SET) = 0
22365 14:54:36.319677 munmap(0xb7fd7000, 1624) = 0
22365 14:54:36.319687 close(4)          = 0
22365 14:54:36.319714 open("/proc/sys/kernel/ngroups_max", O_RDONLY) = 4
22365 14:54:36.319735 read(4, "65536\n", 31) = 6
22365 14:54:36.319748 close(4)          = 0
22365 14:54:36.319762 socket(PF_FILE, SOCK_STREAM, 0) = 4
22365 14:54:36.319775 fcntl64(4, F_SETFL, O_RDWR|O_NONBLOCK) = 0
22365 14:54:36.319786 connect(4, {sa_family=AF_FILE, path="/var/run/nscd/socket"}, 110) = -1 ENOENT (No such file or directory)
22365 14:54:36.319808 close(4)          = 0
22365 14:54:36.319820 socket(PF_FILE, SOCK_STREAM, 0) = 4
22365 14:54:36.319851 fcntl64(4, F_SETFL, O_RDWR|O_NONBLOCK) = 0
22365 14:54:36.319864 connect(4, {sa_family=AF_FILE, path="/var/run/nscd/socket"}, 110) = -1 ENOENT (No such file or directory)
22365 14:54:36.319885 close(4)          = 0
22365 14:54:36.319920 open("/etc/group", O_RDONLY|0x80000 /* O_??? */) = 4
22365 14:54:36.319935 _llseek(4, 0, [0], SEEK_CUR) = 0
22365 14:54:36.319947 fstat64(4, {st_mode=S_IFREG|0644, st_size=886, ...}) = 0
22365 14:54:36.319964 mmap2(NULL, 886, PROT_READ, MAP_SHARED, 4, 0) = 0xb7fd7000
22365 14:54:36.319976 _llseek(4, 886, [886], SEEK_SET) = 0
22365 14:54:36.320001 fstat64(4, {st_mode=S_IFREG|0644, st_size=886, ...}) = 0
22365 14:54:36.320018 munmap(0xb7fd7000, 886) = 0
22365 14:54:36.320029 close(4)          = 0
22365 14:54:36.320039 setgroups32(13, [1000, 4, 20, 24, 25, 29, 30, 44, 46, 107, 111, 112, 119]) = 0
22365 14:54:36.320057 geteuid32()       = 0
22365 14:54:36.320069 getegid32()       = 0
22365 14:54:36.320080 setregid32(-1, 1000) = 0
22365 14:54:36.320091 setreuid32(-1, 1000) = 0
22365 14:54:36.320102 chdir("/home/msfadmin") = 0
22365 14:54:36.320115 setreuid32(-1, 0) = 0
22365 14:54:36.320125 setregid32(-1, 0) = 0
22365 14:54:36.320140 setgid32(1000)    = 0
22365 14:54:36.320150 setuid32(1000)    = 0
22365 14:54:36.320161 setrlimit(RLIMIT_NPROC, {rlim_cur=0, rlim_max=0}) = 0
22365 14:54:36.320175 mmap2(NULL, 12288, PROT_READ|PROT_WRITE, MAP_PRIVATE|MAP_ANONYMOUS, -1, 0) = 0xb7fd5000
22365 14:54:36.320187 mprotect(0xb7fd7000, 4096, PROT_NONE) = 0
22365 14:54:36.320199 mprotect(0xb7fd5000, 4096, PROT_NONE) = 0
22365 14:54:36.320211 getcwd("/home/msfadmin", 4096) = 15
22365 14:54:36.320225 umask(022)        = 077
22365 14:54:36.320235 getcwd("/home/msfadmin", 4096) = 15
22365 14:54:36.320249 open(".message", O_RDONLY|O_NONBLOCK|O_LARGEFILE) = -1 ENOENT (No such file or directory)
22365 14:54:36.320272 write(0, "230 Login successful.\r\n", 23) = 23
22365 14:54:36.320348 rt_sigaction(SIGALRM, {0x805cad0, ~[RTMIN RT_1], 0}, NULL, 8) = 0
22365 14:54:36.320366 alarm(300)        = 0
22365 14:54:36.320378 mmap2(NULL, 12288, PROT_READ|PROT_WRITE, MAP_PRIVATE|MAP_ANONYMOUS, -1, 0) = 0xb7fd2000
22365 14:54:36.320390 mprotect(0xb7fd4000, 4096, PROT_NONE) = 0
22365 14:54:36.320401 mprotect(0xb7fd2000, 4096, PROT_NONE) = 0
22365 14:54:36.320415 recv(0, "TYPE I\r\n", 4096, MSG_PEEK) = 8
22365 14:54:36.320428 read(0, "TYPE I\r\n", 8) = 8
22365 14:54:36.320446 write(0, "200 Switching to Binary mode.\r\n", 31) = 31
22365 14:54:36.320486 rt_sigaction(SIGALRM, {0x805cad0, ~[RTMIN RT_1], 0}, NULL, 8) = 0
22365 14:54:36.320501 alarm(300)        = 300
22365 14:54:36.320513 recv(0, "PASV\r\n", 4096, MSG_PEEK) = 6
22365 14:54:36.320525 read(0, "PASV\r\n", 6) = 6
22365 14:54:36.320538 write(5, "\n", 1) = 1
22365 14:54:36.320549 read(5,  <unfinished ...>
22363 14:54:36.320562 close(5)          = 0
22363 14:54:36.320575 getuid32()        = 0
22363 14:54:36.320591 open("/etc/passwd", O_RDONLY|0x80000 /* O_??? */) = 5
22363 14:54:36.320605 _llseek(5, 0, [0], SEEK_CUR) = 0
22363 14:54:36.320618 fstat64(5, {st_mode=S_IFREG|0644, st_size=1624, ...}) = 0
22363 14:54:36.320636 mmap2(NULL, 1624, PROT_READ, MAP_SHARED, 5, 0) = 0xb7fd7000
22363 14:54:36.320648 _llseek(5, 1624, [1624], SEEK_SET) = 0
22363 14:54:36.320666 munmap(0xb7fd7000, 1624) = 0
22363 14:54:36.320679 close(5)          = 0
22363 14:54:36.320695 setgroups32(0, []) = 0
22363 14:54:36.320707 chdir("/usr/share/empty") = 0
22363 14:54:36.320719 chroot(".")       = 0
22363 14:54:36.320731 capset(NULL, NULL) = -1 EFAULT (Bad address)
22363 14:54:36.320744 prctl(0x8, 0, 0xbf8ebb88, 0x80549a6, 0xbf8ebb70) = 0
22363 14:54:36.320756 prctl(0x8, 0x1, 0xbf8ebb88, 0x8054a49, 0xbf8ebb70) = 0
22363 14:54:36.320767 setgid32(65534)   = 0
22363 14:54:36.320777 setuid32(65534)   = 0
22363 14:54:36.320787 capset(0x19980330, 0, {CAP_NET_BIND_SERVICE, CAP_NET_BIND_SERVICE, 0}) = 0
22363 14:54:36.320822 read(4, "\n", 1)  = 1
22363 14:54:36.320838 write(4, "\1", 1) = 1
22365 14:54:36.320851 <... read resumed> "\1", 1) = 1
22365 14:54:36.320859 write(5, "\f", 1) = 1
22365 14:54:36.320870 read(5,  <unfinished ...>
22363 14:54:36.320877 read(4, "\f", 1)  = 1
22363 14:54:36.320891 socket(PF_INET, SOCK_STREAM, IPPROTO_TCP) = 5
22363 14:54:36.320906 setsockopt(5, SOL_SOCKET, SO_REUSEADDR, [1], 4) = 0
22363 14:54:36.320919 gettimeofday({1495652076, 320923}, NULL) = 0
22363 14:54:36.320937 bind(5, {sa_family=AF_INET, sin_port=htons(50651), sin_addr=inet_addr("127.0.0.1")}, 16) = 0
22363 14:54:36.320955 listen(5, 1)      = 0
22363 14:54:36.320969 write(4, "\333\305\0\0", 4) = 4
22365 14:54:36.320982 <... read resumed> "\333\305\0\0", 4) = 4
22365 14:54:36.320997 write(0, "227 Entering Passive Mode (127,0,0,1,197,219).\r\n", 48) = 48
22365 14:54:36.321132 rt_sigaction(SIGALRM, {0x805cad0, ~[RTMIN RT_1], 0}, NULL, 8) = 0
22365 14:54:36.321151 alarm(300)        = 300
22365 14:54:36.321163 recv(0, "RETR myfile14\r\n", 4096, MSG_PEEK) = 15
22365 14:54:36.321177 read(0, "RETR myfile14\r\n", 15) = 15
22365 14:54:36.321192 write(5, "\v", 1) = 1
22365 14:54:36.321204 read(5,  <unfinished ...>
22363 14:54:36.321212 read(4, "\v", 1)  = 1
22363 14:54:36.321224 write(4, "\1\0\0\0", 4) = 4
22365 14:54:36.321235 <... read resumed> "\1\0\0\0", 4) = 4
22365 14:54:36.321249 gettimeofday({1495652076, 321254}, NULL) = 0
22365 14:54:36.321261 getcwd("/home/msfadmin", 4096) = 15
22365 14:54:36.321275 open("myfile14", O_RDONLY|O_NONBLOCK|O_LARGEFILE) = 4
22365 14:54:36.321289 fcntl64(4, F_SETLKW64, {type=F_RDLCK, whence=SEEK_SET, start=0, len=0}, 0xbf8ebaf4) = 0
22365 14:54:36.321304 fstat64(4, {st_mode=S_IFREG|0644, st_size=17, ...}) = 0
22365 14:54:36.321321 fcntl64(4, F_GETFL) = 0x8800 (flags O_RDONLY|O_NONBLOCK|O_LARGEFILE)
22365 14:54:36.321342 fcntl64(4, F_SETFL, O_RDONLY|O_LARGEFILE) = 0
22365 14:54:36.321355 write(5, "\v", 1) = 1
22365 14:54:36.321366 read(5,  <unfinished ...>
22363 14:54:36.321374 read(4, "\v", 1)  = 1
22363 14:54:36.321385 write(4, "\1\0\0\0", 4) = 4
22365 14:54:36.321396 <... read resumed> "\1\0\0\0", 4) = 4
22365 14:54:36.321404 write(5, "\v", 1) = 1
22365 14:54:36.321414 read(5,  <unfinished ...>
22363 14:54:36.321421 read(4, "\v", 1)  = 1
22363 14:54:36.321432 write(4, "\1\0\0\0", 4) = 4
22365 14:54:36.321443 <... read resumed> "\1\0\0\0", 4) = 4
22365 14:54:36.321451 write(5, "\r", 1) = 1
22365 14:54:36.321461 read(5,  <unfinished ...>
22363 14:54:36.321468 read(4, "\r", 1)  = 1
22363 14:54:36.321481 select(6, [5], NULL, NULL, {60, 0}) = 1 (in [5], left {60, 0})
22363 14:54:36.321499 accept(5, {sa_family=AF_INET, sin_port=htons(55913), sin_addr=inet_addr("127.0.0.1")}, [16]) = 6
22363 14:54:36.321522 write(4, "\1", 1) = 1
22365 14:54:36.321533 <... read resumed> "\1", 1) = 1
22365 14:54:36.321543 recvmsg(5,  <unfinished ...>
22363 14:54:36.321553 sendmsg(4, {msg_name(0)=NULL, msg_iov(1)=[{"\0", 1}], msg_controllen=16, {cmsg_len=16, cmsg_level=SOL_SOCKET, cmsg_type=SCM_RIGHTS, {6}}, msg_flags=0}, 0) = 1
22365 14:54:36.321570 <... recvmsg resumed> {msg_name(0)=NULL, msg_iov(1)=[{"\0", 1}], msg_controllen=16, {cmsg_len=16, cmsg_level=SOL_SOCKET, cmsg_type=SCM_RIGHTS, {6}}, msg_flags=0}, 0) = 1
22365 14:54:36.321584 setsockopt(6, SOL_SOCKET, SO_KEEPALIVE, [1], 4) = 0
22365 14:54:36.321597 setsockopt(6, SOL_IP, IP_TOS, [8], 4) = 0
22365 14:54:36.321609 setsockopt(6, SOL_SOCKET, SO_LINGER, {onoff=1, linger=32767}, 8) = 0
22365 14:54:36.321621 rt_sigaction(SIGALRM, {0x805cad0, ~[RTMIN RT_1], 0}, NULL, 8) = 0
22365 14:54:36.321635 alarm(300)        = 300
22365 14:54:36.321649 write(0, "150 Opening BINARY mode data connection for myfile14 (17 bytes).\r\n", 66) = 66
22365 14:54:36.321692 _llseek(4, 0, [0], SEEK_CUR) = 0
22365 14:54:36.321706 fstat64(4, {st_mode=S_IFREG|0644, st_size=17, ...}) = 0
22365 14:54:36.321723 _llseek(4, 0, [0], SEEK_SET) = 0
22365 14:54:36.321736 sendfile(6, 4, NULL, 17) = 17
22365 14:54:36.321792 rt_sigaction(SIGALRM, {0x805cad0, ~[RTMIN RT_1], 0}, NULL, 8) = 0
22365 14:54:36.321811 alarm(300)        = 300
22365 14:54:36.321831 close(6)          = 0
22365 14:54:36.321840 alarm(0)          = 300
22365 14:54:36.321851 gettimeofday({1495652076, 321854}, NULL) = 0
22365 14:54:36.321870 getpid()          = 22365
22365 14:54:36.321883 gettimeofday({1495652076, 321886}, NULL) = 0
22365 14:54:36.321901 fcntl64(3, F_SETLKW64, {type=F_WRLCK, whence=SEEK_SET, start=0, len=0}, 0xbf8eba94) = 0
22365 14:54:36.321917 write(3, "Wed May 24 14:54:36 2017 [pid 22365] [msfadmin] OK DOWNLOAD: Client \"127.0.0.1\", \"/home/msfadmin/myfile14\", 17 bytes, 26.27Kbyte/sec\n", 133) = 133
22365 14:54:36.321938 fcntl64(3, F_SETLK64, {type=F_UNLCK, whence=SEEK_SET, start=0, len=0}, 0xbf8eba9c) = 0
22365 14:54:36.321953 write(0, "226 Transfer complete.\r\n", 24) = 24
22365 14:54:36.321970 write(5, "\n", 1) = 1
22365 14:54:36.321982 read(5,  <unfinished ...>
22363 14:54:36.321989 close(6)          = 0
22363 14:54:36.322074 read(4, "\n", 1)  = 1
22363 14:54:36.322088 close(5)          = 0
22363 14:54:36.322100 write(4, "\1", 1) = 1
22365 14:54:36.322112 <... read resumed> "\1", 1) = 1
22365 14:54:36.322119 close(4)          = 0
22365 14:54:36.322130 rt_sigaction(SIGALRM, {0x805cad0, ~[RTMIN RT_1], 0}, NULL, 8) = 0
22365 14:54:36.322144 alarm(300)        = 0
22365 14:54:36.322156 recv(0,  <unfinished ...>
22363 14:54:36.322164 read(4,  <unfinished ...>
22362 14:54:36.777681 <... recv resumed> "TYPE I\r\n", 4096, MSG_PEEK) = 8
22362 14:54:36.777718 read(0, "TYPE I\r\n", 8) = 8
22362 14:54:36.777740 write(0, "200 Switching to Binary mode.\r\n", 31) = 31
22362 14:54:36.777790 rt_sigaction(SIGALRM, {0x805cad0, ~[RTMIN RT_1], 0}, NULL, 8) = 0
22362 14:54:36.777808 alarm(300)        = 299
22362 14:54:36.777822 recv(0, "PASV\r\n", 4096, MSG_PEEK) = 6
22362 14:54:36.777834 read(0, "PASV\r\n", 6) = 6
22362 14:54:36.777846 write(5, "\n", 1 <unfinished ...>
22360 14:54:36.777858 <... read resumed> "\n", 1) = 1
22362 14:54:36.777863 <... write resumed> ) = 1
22360 14:54:36.777872 write(4, "\1", 1 <unfinished ...>
22362 14:54:36.777878 read(5,  <unfinished ...>
22360 14:54:36.777884 <... write resumed> ) = 1
22362 14:54:36.777889 <... read resumed> "\1", 1) = 1
22360 14:54:36.777897 read(4,  <unfinished ...>
22362 14:54:36.777901 write(5, "\f", 1 <unfinished ...>
22360 14:54:36.777909 <... read resumed> "\f", 1) = 1
22362 14:54:36.777914 <... write resumed> ) = 1
22360 14:54:36.777922 socket(PF_INET, SOCK_STREAM, IPPROTO_TCP <unfinished ...>
22362 14:54:36.777928 read(5,  <unfinished ...>
22360 14:54:36.777937 <... socket resumed> ) = 5
22360 14:54:36.777945 setsockopt(5, SOL_SOCKET, SO_REUSEADDR, [1], 4) = 0
22360 14:54:36.777960 bind(5, {sa_family=AF_INET, sin_port=htons(29154), sin_addr=inet_addr("127.0.0.1")}, 16) = 0
22360 14:54:36.777977 listen(5, 1)      = 0
22360 14:54:36.777991 write(4, "\342q\0\0", 4 <unfinished ...>
22362 14:54:36.777999 <... read resumed> "\342q\0\0", 4) = 4
22360 14:54:36.778005 <... write resumed> ) = 4
22362 14:54:36.778017 write(0, "227 Entering Passive Mode (127,0,0,1,113,226).\r\n", 48 <unfinished ...>
22360 14:54:36.778025 read(4,  <unfinished ...>
22362 14:54:36.778127 <... write resumed> ) = 48
22362 14:54:36.778139 rt_sigaction(SIGALRM, {0x805cad0, ~[RTMIN RT_1], 0}, NULL, 8) = 0
22362 14:54:36.778155 alarm(300)        = 300
22362 14:54:36.778166 recv(0, "STOR myfile23\r\n", 4096, MSG_PEEK) = 15
22362 14:54:36.778179 read(0, "STOR myfile23\r\n", 15) = 15
22362 14:54:36.778193 write(5, "\v", 1 <unfinished ...>
22360 14:54:36.778201 <... read resumed> "\v", 1) = 1
22362 14:54:36.778206 <... write resumed> ) = 1
22360 14:54:36.778214 write(4, "\1\0\0\0", 4 <unfinished ...>
22362 14:54:36.778220 read(5,  <unfinished ...>
22360 14:54:36.778226 <... write resumed> ) = 4
22362 14:54:36.778230 <... read resumed> "\1\0\0\0", 4) = 4
22360 14:54:36.778239 read(4,  <unfinished ...>
22362 14:54:36.778244 gettimeofday({1495652076, 778248}, NULL) = 0
22362 14:54:36.778256 getcwd("/home/msfadmin", 4096) = 15
22362 14:54:36.778269 open("myfile23", O_WRONLY|O_CREAT|O_NONBLOCK|O_LARGEFILE, 0666) = 4
22362 14:54:36.778284 fstat64(4, {st_mode=S_IFREG|0644, st_size=17, ...}) = 0
22362 14:54:36.778302 fcntl64(4, F_GETFL) = 0x8801 (flags O_WRONLY|O_NONBLOCK|O_LARGEFILE)
22362 14:54:36.778314 fcntl64(4, F_SETFL, O_WRONLY|O_LARGEFILE) = 0
22362 14:54:36.778325 fcntl64(4, F_SETLKW64, {type=F_WRLCK, whence=SEEK_SET, start=0, len=0}, 0xbfa27c14) = 0
22362 14:54:36.778339 ftruncate64(4, 0) = 0
22362 14:54:36.778358 _llseek(4, 0, [0], SEEK_SET) = 0
22362 14:54:36.778399 write(5, "\v", 1 <unfinished ...>
22360 14:54:36.778409 <... read resumed> "\v", 1) = 1
22362 14:54:36.778414 <... write resumed> ) = 1
22360 14:54:36.778430 write(4, "\1\0\0\0", 4) = 4
22360 14:54:36.778441 read(4,  <unfinished ...>
22362 14:54:36.778448 read(5, "\1\0\0\0", 4) = 4
22362 14:54:36.778460 write(5, "\v", 1 <unfinished ...>
22360 14:54:36.778467 <... read resumed> "\v", 1) = 1
22362 14:54:36.778472 <... write resumed> ) = 1
22360 14:54:36.778478 write(4, "\1\0\0\0", 4) = 4
22360 14:54:36.778489 read(4,  <unfinished ...>
22362 14:54:36.778496 read(5, "\1\0\0\0", 4) = 4
22362 14:54:36.778507 write(5, "\r", 1 <unfinished ...>
22360 14:54:36.778514 <... read resumed> "\r", 1) = 1
22362 14:54:36.778519 <... write resumed> ) = 1
22360 14:54:36.778526 select(6, [5], NULL, NULL, {60, 0}) = 1 (in [5], left {60, 0})
22360 14:54:36.778543 accept(5, {sa_family=AF_INET, sin_port=htons(41748), sin_addr=inet_addr("127.0.0.1")}, [16]) = 6
22360 14:54:36.778570 write(4, "\1", 1) = 1
22360 14:54:36.778583 sendmsg(4, {msg_name(0)=NULL, msg_iov(1)=[{"\0", 1}], msg_controllen=16, {cmsg_len=16, cmsg_level=SOL_SOCKET, cmsg_type=SCM_RIGHTS, {6}}, msg_flags=0}, 0) = 1
22360 14:54:36.778600 close(6)          = 0
22360 14:54:36.778610 read(4,  <unfinished ...>
22362 14:54:36.778617 read(5, "\1", 1)  = 1
22362 14:54:36.778630 recvmsg(5, {msg_name(0)=NULL, msg_iov(1)=[{"\0", 1}], msg_controllen=16, {cmsg_len=16, cmsg_level=SOL_SOCKET, cmsg_type=SCM_RIGHTS, {6}}, msg_flags=0}, 0) = 1
22362 14:54:36.778648 setsockopt(6, SOL_SOCKET, SO_KEEPALIVE, [1], 4) = 0
22362 14:54:36.778661 setsockopt(6, SOL_IP, IP_TOS, [8], 4) = 0
22362 14:54:36.778673 setsockopt(6, SOL_SOCKET, SO_LINGER, {onoff=1, linger=32767}, 8) = 0
22362 14:54:36.778685 rt_sigaction(SIGALRM, {0x805cad0, ~[RTMIN RT_1], 0}, NULL, 8) = 0
22362 14:54:36.778699 alarm(300)        = 300
22362 14:54:36.778712 write(0, "150 Ok to send data.\r\n", 22) = 22
22362 14:54:36.778778 read(6, "assasaaa\na\na\na\na\n", 65536) = 17
22362 14:54:36.778792 write(4, "assasaaa\na\na\na\na\n", 17) = 17
22362 14:54:36.778809 read(6, "", 65536) = 0
22362 14:54:36.778820 rt_sigaction(SIGALRM, {0x805cad0, ~[RTMIN RT_1], 0}, NULL, 8) = 0
22362 14:54:36.778834 alarm(300)        = 300
22362 14:54:36.778844 close(6)          = 0
22362 14:54:36.778860 alarm(0)          = 300
22362 14:54:36.778871 gettimeofday({1495652076, 778874}, NULL) = 0
22362 14:54:36.778887 gettimeofday({1495652076, 778891}, NULL) = 0
22362 14:54:36.778901 fcntl64(3, F_SETLKW64, {type=F_WRLCK, whence=SEEK_SET, start=0, len=0}, 0xbfa27bb4) = 0
22362 14:54:36.778916 write(3, "Wed May 24 14:54:36 2017 [pid 22362] [msfadmin] OK UPLOAD: Client \"127.0.0.1\", \"/home/msfadmin/myfile23\", 17 bytes, 25.82Kbyte/sec\n", 131) = 131
22362 14:54:36.778938 fcntl64(3, F_SETLK64, {type=F_UNLCK, whence=SEEK_SET, start=0, len=0}, 0xbfa27bbc) = 0
22362 14:54:36.778953 write(0, "226 Transfer complete.\r\n", 24) = 24
22362 14:54:36.778995 write(5, "\n", 1 <unfinished ...>
22360 14:54:36.779005 <... read resumed> "\n", 1) = 1
22362 14:54:36.779010 <... write resumed> ) = 1
22360 14:54:36.779016 close(5)          = 0
22360 14:54:36.779028 write(4, "\1", 1) = 1
22360 14:54:36.779039 read(4,  <unfinished ...>
22362 14:54:36.779047 read(5, "\1", 1)  = 1
22362 14:54:36.779058 close(4)          = 0
22362 14:54:36.779069 rt_sigaction(SIGALRM, {0x805cad0, ~[RTMIN RT_1], 0}, NULL, 8) = 0
22362 14:54:36.779083 alarm(300)        = 0
22362 14:54:36.779094 recv(0,  <unfinished ...>
22365 14:54:36.838431 <... recv resumed> "USER msfadmin\r\n", 4096, MSG_PEEK) = 15
22365 14:54:36.838531 read(0, "USER msfadmin\r\n", 15) = 15
22365 14:54:36.838615 write(0, "331 Any password will do.\r\n", 27) = 27
22365 14:54:36.838697 rt_sigaction(SIGALRM, {0x805cad0, ~[RTMIN RT_1], 0}, NULL, 8) = 0
22365 14:54:36.838728 alarm(300)        = 299
22365 14:54:36.838753 recv(0, "PASS msfadmin\r\n", 4096, MSG_PEEK) = 15
22365 14:54:36.838767 read(0, "PASS msfadmin\r\n", 15) = 15
22365 14:54:36.838784 write(0, "230 Already logged in.\r\n", 24) = 24
22365 14:54:36.838846 rt_sigaction(SIGALRM, {0x805cad0, ~[RTMIN RT_1], 0}, NULL, 8) = 0
22365 14:54:36.838862 alarm(300)        = 300
22365 14:54:36.838874 recv(0, "TYPE I\r\n", 4096, MSG_PEEK) = 8
22365 14:54:36.838886 read(0, "TYPE I\r\n", 8) = 8
22365 14:54:36.838901 write(0, "200 Switching to Binary mode.\r\n", 31) = 31
22365 14:54:36.838937 rt_sigaction(SIGALRM, {0x805cad0, ~[RTMIN RT_1], 0}, NULL, 8) = 0
22365 14:54:36.838952 alarm(300)        = 300
22365 14:54:36.838963 recv(0, "PASV\r\n", 4096, MSG_PEEK) = 6
22365 14:54:36.838974 read(0, "PASV\r\n", 6) = 6
22365 14:54:36.838987 write(5, "\n", 1) = 1
22365 14:54:36.839000 read(5,  <unfinished ...>
22363 14:54:36.839009 <... read resumed> "\n", 1) = 1
22363 14:54:36.839018 write(4, "\1", 1) = 1
22365 14:54:36.839030 <... read resumed> "\1", 1) = 1
22365 14:54:36.839037 write(5, "\f", 1) = 1
22365 14:54:36.839048 read(5,  <unfinished ...>
22363 14:54:36.839055 read(4, "\f", 1)  = 1
22363 14:54:36.839067 socket(PF_INET, SOCK_STREAM, IPPROTO_TCP) = 5
22363 14:54:36.839090 setsockopt(5, SOL_SOCKET, SO_REUSEADDR, [1], 4) = 0
22363 14:54:36.839105 bind(5, {sa_family=AF_INET, sin_port=htons(62980), sin_addr=inet_addr("127.0.0.1")}, 16) = 0
22363 14:54:36.839123 listen(5, 1)      = 0
22363 14:54:36.839137 write(4, "\4\366\0\0", 4) = 4
22365 14:54:36.839148 <... read resumed> "\4\366\0\0", 4) = 4
22365 14:54:36.839160 write(0, "227 Entering Passive Mode (127,0,0,1,246,4).\r\n", 46) = 46
22365 14:54:36.839272 rt_sigaction(SIGALRM, {0x805cad0, ~[RTMIN RT_1], 0}, NULL, 8) = 0
22365 14:54:36.839290 alarm(300)        = 300
22365 14:54:36.839334 recv(0, "RETR myfile15\r\n", 4096, MSG_PEEK) = 15
22365 14:54:36.839358 read(0, "RETR myfile15\r\n", 15) = 15
22365 14:54:36.839372 write(5, "\v", 1) = 1
22365 14:54:36.839383 read(5,  <unfinished ...>
22363 14:54:36.839391 read(4, "\v", 1)  = 1
22363 14:54:36.839403 write(4, "\1\0\0\0", 4) = 4
22365 14:54:36.839414 <... read resumed> "\1\0\0\0", 4) = 4
22365 14:54:36.839422 gettimeofday({1495652076, 839426}, NULL) = 0
22365 14:54:36.839434 getcwd("/home/msfadmin", 4096) = 15
22365 14:54:36.839448 open("myfile15", O_RDONLY|O_NONBLOCK|O_LARGEFILE) = 4
22365 14:54:36.839462 fcntl64(4, F_SETLKW64, {type=F_RDLCK, whence=SEEK_SET, start=0, len=0}, 0xbf8ebaf4) = 0
22365 14:54:36.839477 fstat64(4, {st_mode=S_IFREG|0644, st_size=17, ...}) = 0
22365 14:54:36.839495 fcntl64(4, F_GETFL) = 0x8800 (flags O_RDONLY|O_NONBLOCK|O_LARGEFILE)
22365 14:54:36.839506 fcntl64(4, F_SETFL, O_RDONLY|O_LARGEFILE) = 0
22365 14:54:36.839518 write(5, "\v", 1) = 1
22365 14:54:36.839529 read(5,  <unfinished ...>
22363 14:54:36.839537 read(4, "\v", 1)  = 1
22363 14:54:36.839548 write(4, "\1\0\0\0", 4) = 4
22365 14:54:36.839559 <... read resumed> "\1\0\0\0", 4) = 4
22365 14:54:36.839567 write(5, "\v", 1) = 1
22365 14:54:36.839577 read(5,  <unfinished ...>
22363 14:54:36.839584 read(4, "\v", 1)  = 1
22363 14:54:36.839595 write(4, "\1\0\0\0", 4) = 4
22365 14:54:36.839607 <... read resumed> "\1\0\0\0", 4) = 4
22365 14:54:36.839615 write(5, "\r", 1) = 1
22365 14:54:36.839626 read(5,  <unfinished ...>
22363 14:54:36.839633 read(4, "\r", 1)  = 1
22363 14:54:36.839645 select(6, [5], NULL, NULL, {60, 0}) = 1 (in [5], left {60, 0})
22363 14:54:36.839662 accept(5, {sa_family=AF_INET, sin_port=htons(56426), sin_addr=inet_addr("127.0.0.1")}, [16]) = 6
22363 14:54:36.839685 write(4, "\1", 1) = 1
22365 14:54:36.839696 <... read resumed> "\1", 1) = 1
22365 14:54:36.839705 recvmsg(5,  <unfinished ...>
22363 14:54:36.839714 sendmsg(4, {msg_name(0)=NULL, msg_iov(1)=[{"\0", 1}], msg_controllen=16, {cmsg_len=16, cmsg_level=SOL_SOCKET, cmsg_type=SCM_RIGHTS, {6}}, msg_flags=0}, 0) = 1
22365 14:54:36.839731 <... recvmsg resumed> {msg_name(0)=NULL, msg_iov(1)=[{"\0", 1}], msg_controllen=16, {cmsg_len=16, cmsg_level=SOL_SOCKET, cmsg_type=SCM_RIGHTS, {6}}, msg_flags=0}, 0) = 1
22365 14:54:36.839745 setsockopt(6, SOL_SOCKET, SO_KEEPALIVE, [1], 4) = 0
22365 14:54:36.839758 setsockopt(6, SOL_IP, IP_TOS, [8], 4) = 0
22365 14:54:36.839770 setsockopt(6, SOL_SOCKET, SO_LINGER, {onoff=1, linger=32767}, 8) = 0
22365 14:54:36.839782 rt_sigaction(SIGALRM, {0x805cad0, ~[RTMIN RT_1], 0}, NULL, 8) = 0
22365 14:54:36.839796 alarm(300)        = 300
22365 14:54:36.839810 write(0, "150 Opening BINARY mode data connection for myfile15 (17 bytes).\r\n", 66) = 66
22365 14:54:36.839851 _llseek(4, 0, [0], SEEK_CUR) = 0
22365 14:54:36.839864 fstat64(4, {st_mode=S_IFREG|0644, st_size=17, ...}) = 0
22365 14:54:36.839881 _llseek(4, 0, [0], SEEK_SET) = 0
22365 14:54:36.839892 sendfile(6, 4, NULL, 17) = 17
22365 14:54:36.839923 rt_sigaction(SIGALRM, {0x805cad0, ~[RTMIN RT_1], 0}, NULL, 8) = 0
22365 14:54:36.839938 alarm(300)        = 300
22365 14:54:36.839948 close(6)          = 0
22365 14:54:36.839957 alarm(0)          = 300
22365 14:54:36.839967 gettimeofday({1495652076, 839971}, NULL) = 0
22365 14:54:36.839983 gettimeofday({1495652076, 839987}, NULL) = 0
22365 14:54:36.839999 fcntl64(3, F_SETLKW64, {type=F_WRLCK, whence=SEEK_SET, start=0, len=0}, 0xbf8eba94) = 0
22365 14:54:36.840014 write(3, "Wed May 24 14:54:36 2017 [pid 22365] [msfadmin] OK DOWNLOAD: Client \"127.0.0.1\", \"/home/msfadmin/myfile15\", 17 bytes, 29.59Kbyte/sec\n", 133) = 133
22365 14:54:36.840039 fcntl64(3, F_SETLK64, {type=F_UNLCK, whence=SEEK_SET, start=0, len=0}, 0xbf8eba9c) = 0
22365 14:54:36.840055 write(0, "226 Transfer complete.\r\n", 24) = 24
22365 14:54:36.840070 write(5, "\n", 1) = 1
22365 14:54:36.840081 read(5,  <unfinished ...>
22363 14:54:36.840089 close(6)          = 0
22363 14:54:36.840170 read(4, "\n", 1)  = 1
22363 14:54:36.840184 close(5)          = 0
22363 14:54:36.840195 write(4, "\1", 1) = 1
22365 14:54:36.840207 <... read resumed> "\1", 1) = 1
22365 14:54:36.840215 close(4)          = 0
22365 14:54:36.840226 rt_sigaction(SIGALRM, {0x805cad0, ~[RTMIN RT_1], 0}, NULL, 8) = 0
22365 14:54:36.840239 alarm(300)        = 0
22365 14:54:36.840251 recv(0,  <unfinished ...>
22363 14:54:36.840259 read(4,  <unfinished ...>
22362 14:54:37.299106 <... recv resumed> "TYPE I\r\n", 4096, MSG_PEEK) = 8
22362 14:54:37.299197 read(0, "TYPE I\r\n", 8) = 8
22362 14:54:37.299277 write(0, "200 Switching to Binary mode.\r\n", 31) = 31
22362 14:54:37.299362 rt_sigaction(SIGALRM, {0x805cad0, ~[RTMIN RT_1], 0}, NULL, 8) = 0
22362 14:54:37.299393 alarm(300)        = 299
22362 14:54:37.299418 recv(0, "PASV\r\n", 4096, MSG_PEEK) = 6
22362 14:54:37.299431 read(0, "PASV\r\n", 6) = 6
22362 14:54:37.299444 write(5, "\n", 1 <unfinished ...>
22360 14:54:37.299456 <... read resumed> "\n", 1) = 1
22362 14:54:37.299461 <... write resumed> ) = 1
22360 14:54:37.299468 write(4, "\1", 1) = 1
22360 14:54:37.299480 read(4,  <unfinished ...>
22362 14:54:37.299487 read(5, "\1", 1)  = 1
22362 14:54:37.299499 write(5, "\f", 1 <unfinished ...>
22360 14:54:37.299506 <... read resumed> "\f", 1) = 1
22362 14:54:37.299511 <... write resumed> ) = 1
22360 14:54:37.299518 socket(PF_INET, SOCK_STREAM, IPPROTO_TCP) = 5
22360 14:54:37.299535 setsockopt(5, SOL_SOCKET, SO_REUSEADDR, [1], 4) = 0
22360 14:54:37.299550 bind(5, {sa_family=AF_INET, sin_port=htons(21436), sin_addr=inet_addr("127.0.0.1")}, 16) = 0
22360 14:54:37.299567 listen(5, 1)      = 0
22360 14:54:37.299581 write(4, "\274S\0\0", 4) = 4
22360 14:54:37.299593 read(4,  <unfinished ...>
22362 14:54:37.299601 read(5, "\274S\0\0", 4) = 4
22362 14:54:37.299617 write(0, "227 Entering Passive Mode (127,0,0,1,83,188).\r\n", 47) = 47
22362 14:54:37.299732 rt_sigaction(SIGALRM, {0x805cad0, ~[RTMIN RT_1], 0}, NULL, 8) = 0
22362 14:54:37.299749 alarm(300)        = 300
22362 14:54:37.299761 recv(0, "STOR myfile24\r\n", 4096, MSG_PEEK) = 15
22362 14:54:37.299774 read(0, "STOR myfile24\r\n", 15) = 15
22362 14:54:37.299788 write(5, "\v", 1 <unfinished ...>
22360 14:54:37.299796 <... read resumed> "\v", 1) = 1
22362 14:54:37.299801 <... write resumed> ) = 1
22360 14:54:37.299807 write(4, "\1\0\0\0", 4) = 4
22360 14:54:37.299818 read(4,  <unfinished ...>
22362 14:54:37.299825 read(5, "\1\0\0\0", 4) = 4
22362 14:54:37.299838 gettimeofday({1495652077, 299842}, NULL) = 0
22362 14:54:37.299849 getcwd("/home/msfadmin", 4096) = 15
22362 14:54:37.299862 open("myfile24", O_WRONLY|O_CREAT|O_NONBLOCK|O_LARGEFILE, 0666) = 4
22362 14:54:37.299914 fstat64(4, {st_mode=S_IFREG|0644, st_size=17, ...}) = 0
22362 14:54:37.299935 fcntl64(4, F_GETFL) = 0x8801 (flags O_WRONLY|O_NONBLOCK|O_LARGEFILE)
22362 14:54:37.299956 fcntl64(4, F_SETFL, O_WRONLY|O_LARGEFILE) = 0
22362 14:54:37.299966 fcntl64(4, F_SETLKW64, {type=F_WRLCK, whence=SEEK_SET, start=0, len=0}, 0xbfa27c14) = 0
22362 14:54:37.299981 ftruncate64(4, 0) = 0
22362 14:54:37.300001 _llseek(4, 0, [0], SEEK_SET) = 0
22362 14:54:37.300013 write(5, "\v", 1 <unfinished ...>
22360 14:54:37.300021 <... read resumed> "\v", 1) = 1
22362 14:54:37.300026 <... write resumed> ) = 1
22360 14:54:37.300033 write(4, "\1\0\0\0", 4) = 4
22360 14:54:37.300044 read(4,  <unfinished ...>
22362 14:54:37.300051 read(5, "\1\0\0\0", 4) = 4
22362 14:54:37.300063 write(5, "\v", 1 <unfinished ...>
22360 14:54:37.300070 <... read resumed> "\v", 1) = 1
22362 14:54:37.300075 <... write resumed> ) = 1
22360 14:54:37.300081 write(4, "\1\0\0\0", 4) = 4
22360 14:54:37.300098 read(4,  <unfinished ...>
22362 14:54:37.300105 read(5, "\1\0\0\0", 4) = 4
22362 14:54:37.300116 write(5, "\r", 1 <unfinished ...>
22360 14:54:37.300124 <... read resumed> "\r", 1) = 1
22362 14:54:37.300129 <... write resumed> ) = 1
22360 14:54:37.300136 select(6, [5], NULL, NULL, {60, 0}) = 1 (in [5], left {60, 0})
22360 14:54:37.300153 accept(5, {sa_family=AF_INET, sin_port=htons(59743), sin_addr=inet_addr("127.0.0.1")}, [16]) = 6
22360 14:54:37.300175 write(4, "\1", 1) = 1
22360 14:54:37.300188 sendmsg(4, {msg_name(0)=NULL, msg_iov(1)=[{"\0", 1}], msg_controllen=16, {cmsg_len=16, cmsg_level=SOL_SOCKET, cmsg_type=SCM_RIGHTS, {6}}, msg_flags=0}, 0) = 1
22360 14:54:37.300206 close(6)          = 0
22360 14:54:37.300216 read(4,  <unfinished ...>
22362 14:54:37.300222 read(5, "\1", 1)  = 1
22362 14:54:37.300236 recvmsg(5, {msg_name(0)=NULL, msg_iov(1)=[{"\0", 1}], msg_controllen=16, {cmsg_len=16, cmsg_level=SOL_SOCKET, cmsg_type=SCM_RIGHTS, {6}}, msg_flags=0}, 0) = 1
22362 14:54:37.300254 setsockopt(6, SOL_SOCKET, SO_KEEPALIVE, [1], 4) = 0
22362 14:54:37.300267 setsockopt(6, SOL_IP, IP_TOS, [8], 4) = 0
22362 14:54:37.300279 setsockopt(6, SOL_SOCKET, SO_LINGER, {onoff=1, linger=32767}, 8) = 0
22362 14:54:37.300291 rt_sigaction(SIGALRM, {0x805cad0, ~[RTMIN RT_1], 0}, NULL, 8) = 0
22362 14:54:37.300305 alarm(300)        = 300
22362 14:54:37.300318 write(0, "150 Ok to send data.\r\n", 22) = 22
22362 14:54:37.300385 read(6, "assasaaa\na\na\na\na\n", 65536) = 17
22362 14:54:37.300400 write(4, "assasaaa\na\na\na\na\n", 17) = 17
22362 14:54:37.300416 read(6, "", 65536) = 0
22362 14:54:37.300427 rt_sigaction(SIGALRM, {0x805cad0, ~[RTMIN RT_1], 0}, NULL, 8) = 0
22362 14:54:37.300441 alarm(300)        = 300
22362 14:54:37.300451 close(6)          = 0
22362 14:54:37.300468 alarm(0)          = 300
22362 14:54:37.300479 gettimeofday({1495652077, 300482}, NULL) = 0
22362 14:54:37.300494 gettimeofday({1495652077, 300498}, NULL) = 0
22362 14:54:37.300509 fcntl64(3, F_SETLKW64, {type=F_WRLCK, whence=SEEK_SET, start=0, len=0}, 0xbfa27bb4) = 0
22362 14:54:37.300524 write(3, "Wed May 24 14:54:37 2017 [pid 22362] [msfadmin] OK UPLOAD: Client \"127.0.0.1\", \"/home/msfadmin/myfile24\", 17 bytes, 25.31Kbyte/sec\n", 131) = 131
22362 14:54:37.300546 fcntl64(3, F_SETLK64, {type=F_UNLCK, whence=SEEK_SET, start=0, len=0}, 0xbfa27bbc) = 0
22362 14:54:37.300560 write(0, "226 Transfer complete.\r\n", 24) = 24
22362 14:54:37.300603 write(5, "\n", 1 <unfinished ...>
22360 14:54:37.300613 <... read resumed> "\n", 1) = 1
22362 14:54:37.300618 <... write resumed> ) = 1
22360 14:54:37.300624 close(5)          = 0
22360 14:54:37.300636 write(4, "\1", 1) = 1
22360 14:54:37.300648 read(4,  <unfinished ...>
22362 14:54:37.300655 read(5, "\1", 1)  = 1
22362 14:54:37.300666 close(4)          = 0
22362 14:54:37.300677 rt_sigaction(SIGALRM, {0x805cad0, ~[RTMIN RT_1], 0}, NULL, 8) = 0
22362 14:54:37.300691 alarm(300)        = 0
22362 14:54:37.300702 recv(0,  <unfinished ...>
22365 14:54:37.358442 <... recv resumed> "USER msfadmin\r\n", 4096, MSG_PEEK) = 15
22365 14:54:37.358535 read(0, "USER msfadmin\r\n", 15) = 15
22365 14:54:37.358612 write(0, "331 Any password will do.\r\n", 27) = 27
22365 14:54:37.358691 rt_sigaction(SIGALRM, {0x805cad0, ~[RTMIN RT_1], 0}, NULL, 8) = 0
22365 14:54:37.358722 alarm(300)        = 299
22365 14:54:37.358746 recv(0, "PASS msfadmin\r\n", 4096, MSG_PEEK) = 15
22365 14:54:37.358759 read(0, "PASS msfadmin\r\n", 15) = 15
22365 14:54:37.358775 write(0, "230 Already logged in.\r\n", 24) = 24
22365 14:54:37.358838 rt_sigaction(SIGALRM, {0x805cad0, ~[RTMIN RT_1], 0}, NULL, 8) = 0
22365 14:54:37.358854 alarm(300)        = 300
22365 14:54:37.358866 recv(0, "TYPE I\r\n", 4096, MSG_PEEK) = 8
22365 14:54:37.358878 read(0, "TYPE I\r\n", 8) = 8
22365 14:54:37.358893 write(0, "200 Switching to Binary mode.\r\n", 31) = 31
22365 14:54:37.358929 rt_sigaction(SIGALRM, {0x805cad0, ~[RTMIN RT_1], 0}, NULL, 8) = 0
22365 14:54:37.358943 alarm(300)        = 300
22365 14:54:37.358955 recv(0, "PASV\r\n", 4096, MSG_PEEK) = 6
22365 14:54:37.358973 read(0, "PASV\r\n", 6) = 6
22365 14:54:37.358986 write(5, "\n", 1) = 1
22365 14:54:37.358999 read(5,  <unfinished ...>
22363 14:54:37.359009 <... read resumed> "\n", 1) = 1
22363 14:54:37.359018 write(4, "\1", 1) = 1
22365 14:54:37.359029 <... read resumed> "\1", 1) = 1
22365 14:54:37.359037 write(5, "\f", 1) = 1
22365 14:54:37.359048 read(5,  <unfinished ...>
22363 14:54:37.359055 read(4, "\f", 1)  = 1
22363 14:54:37.359067 socket(PF_INET, SOCK_STREAM, IPPROTO_TCP) = 5
22363 14:54:37.359083 setsockopt(5, SOL_SOCKET, SO_REUSEADDR, [1], 4) = 0
22363 14:54:37.359098 bind(5, {sa_family=AF_INET, sin_port=htons(41206), sin_addr=inet_addr("127.0.0.1")}, 16) = 0
22363 14:54:37.359115 listen(5, 1)      = 0
22363 14:54:37.359130 write(4, "\366\240\0\0", 4) = 4
22365 14:54:37.359141 <... read resumed> "\366\240\0\0", 4) = 4
22365 14:54:37.359154 write(0, "227 Entering Passive Mode (127,0,0,1,160,246).\r\n", 48) = 48
22365 14:54:37.359317 rt_sigaction(SIGALRM, {0x805cad0, ~[RTMIN RT_1], 0}, NULL, 8) = 0
22365 14:54:37.359335 alarm(300)        = 300
22365 14:54:37.359347 recv(0, "RETR myfile16\r\n", 4096, MSG_PEEK) = 15
22365 14:54:37.359360 read(0, "RETR myfile16\r\n", 15) = 15
22365 14:54:37.359374 write(5, "\v", 1) = 1
22365 14:54:37.359385 read(5,  <unfinished ...>
22363 14:54:37.359392 read(4, "\v", 1)  = 1
22363 14:54:37.359404 write(4, "\1\0\0\0", 4) = 4
22365 14:54:37.359415 <... read resumed> "\1\0\0\0", 4) = 4
22365 14:54:37.359423 gettimeofday({1495652077, 359428}, NULL) = 0
22365 14:54:37.359435 getcwd("/home/msfadmin", 4096) = 15
22365 14:54:37.359449 open("myfile16", O_RDONLY|O_NONBLOCK|O_LARGEFILE) = 4
22365 14:54:37.359463 fcntl64(4, F_SETLKW64, {type=F_RDLCK, whence=SEEK_SET, start=0, len=0}, 0xbf8ebaf4) = 0
22365 14:54:37.359479 fstat64(4, {st_mode=S_IFREG|0644, st_size=17, ...}) = 0
22365 14:54:37.359496 fcntl64(4, F_GETFL) = 0x8800 (flags O_RDONLY|O_NONBLOCK|O_LARGEFILE)
22365 14:54:37.359508 fcntl64(4, F_SETFL, O_RDONLY|O_LARGEFILE) = 0
22365 14:54:37.359519 write(5, "\v", 1) = 1
22365 14:54:37.359530 read(5,  <unfinished ...>
22363 14:54:37.359538 read(4, "\v", 1)  = 1
22363 14:54:37.359549 write(4, "\1\0\0\0", 4) = 4
22365 14:54:37.359560 <... read resumed> "\1\0\0\0", 4) = 4
22365 14:54:37.359568 write(5, "\v", 1) = 1
22365 14:54:37.359578 read(5,  <unfinished ...>
22363 14:54:37.359585 read(4, "\v", 1)  = 1
22363 14:54:37.359596 write(4, "\1\0\0\0", 4) = 4
22365 14:54:37.359607 <... read resumed> "\1\0\0\0", 4) = 4
22365 14:54:37.359614 write(5, "\r", 1) = 1
22365 14:54:37.359625 read(5,  <unfinished ...>
22363 14:54:37.359632 read(4, "\r", 1)  = 1
22363 14:54:37.359644 select(6, [5], NULL, NULL, {60, 0}) = 1 (in [5], left {60, 0})
22363 14:54:37.359661 accept(5, {sa_family=AF_INET, sin_port=htons(38223), sin_addr=inet_addr("127.0.0.1")}, [16]) = 6
22363 14:54:37.359684 write(4, "\1", 1) = 1
22365 14:54:37.359695 <... read resumed> "\1", 1) = 1
22365 14:54:37.359703 recvmsg(5,  <unfinished ...>
