22382 14:54:41.196263 mmap2(NULL, 101180, PROT_READ|PROT_EXEC, MAP_PRIVATE|MAP_DENYWRITE, 7, 0) = 0xb7d85000
22382 14:54:41.196274 mmap2(0xb7d9c000, 8192, PROT_READ|PROT_WRITE, MAP_PRIVATE|MAP_FIXED|MAP_DENYWRITE, 7, 0x16) = 0xb7d9c000
22382 14:54:41.196291 close(7)          = 0
22382 14:54:41.196387 open("/etc/selinux/config", O_RDONLY|O_LARGEFILE) = -1 ENOENT (No such file or directory)
22382 14:54:41.196411 statfs64("/selinux", 84, 0xbf9413dc) = -1 ENOENT (No such file or directory)
22382 14:54:41.196437 open("/proc/mounts", O_RDONLY|O_LARGEFILE) = 7
22382 14:54:41.196472 fstat64(7, {st_mode=S_IFREG|0444, st_size=0, ...}) = 0
22382 14:54:41.196489 mmap2(NULL, 4096, PROT_READ|PROT_WRITE, MAP_PRIVATE|MAP_ANONYMOUS, -1, 0) = 0xb7fa1000
22382 14:54:41.196501 read(7, "rootfs / rootfs rw 0 0\nnone /sys sysfs rw,nosuid,nodev,noexec 0 0\nnone /proc proc rw,nosuid,nodev,noexec 0 0\nudev /dev tmpfs rw,relatime 0 0\nfusectl /sys/fs/fuse/connections fusectl rw,relatime 0 0\n/dev/mapper/metasploitable-root / ext3 rw,relatime,errors=remount-ro,data=ordered 0 0\n/dev/mapper/metasploitable-root /dev/.static/dev ext3 rw,relatime,errors=remount-ro,data=ordered 0 0\ntmpfs /var/run tmpfs rw,nosuid,nodev,noexec 0 0\ntmpfs /var/lock tmpfs rw,nosuid,nodev,noexec 0 0\ntmpfs /dev/shm tmpfs rw,relatime 0 0\ndevpts /dev/pts devpts rw,relatime 0 0\ntmpfs /var/run tmpfs rw,nosuid,nodev,noexec 0 0\ntmpfs /var/lock tmpfs rw,nosuid,nodev,noexec 0 0\n/dev/sda1 /boot ext3 rw,relatime,data=ordered 0 0\nsecurityfs /sys/kernel/security securityfs rw,relatime 0 0\nrpc_pipefs /var/lib/nfs/rpc_pipefs rpc_pipefs rw,relatime 0 0\nnfsd /proc/fs/nfsd nfsd rw,relatime 0 0\n", 1024) = 866
22382 14:54:41.196584 read(7, "", 1024) = 0
22382 14:54:41.196594 close(7)          = 0
22382 14:54:41.196604 munmap(0xb7fa1000, 4096) = 0
22382 14:54:41.196624 munmap(0xb7dd0000, 29913) = 0
22382 14:54:41.196638 read(6, "", 4096) = 0
22382 14:54:41.196649 close(6)          = 0
22382 14:54:41.196658 munmap(0xb7fa2000, 4096) = 0
22382 14:54:41.196669 stat64("/etc/pam.d", {st_mode=S_IFDIR|0755, st_size=4096, ...}) = 0
22382 14:54:41.196688 open("/etc/pam.d/common-account", O_RDONLY|O_LARGEFILE) = 6
22382 14:54:41.196702 fstat64(6, {st_mode=S_IFREG|0644, st_size=392, ...}) = 0
22382 14:54:41.196718 mmap2(NULL, 4096, PROT_READ|PROT_WRITE, MAP_PRIVATE|MAP_ANONYMOUS, -1, 0) = 0xb7fa2000
22382 14:54:41.196729 read(6, "#\n# /etc/pam.d/common-account - authorization settings common to all services\n#\n# This file is included from other service-specific PAM config files,\n# and should contain a list of the authorization modules that define\n# the central access policy for use on the system.  The default is to\n# only deny service to users whose accounts are expired in /etc/shadow.\n#\naccount\trequired\tpam_unix.so\n", 4096) = 392
22382 14:54:41.196769 read(6, "", 4096) = 0
22382 14:54:41.196778 close(6)          = 0
22382 14:54:41.196788 munmap(0xb7fa2000, 4096) = 0
22382 14:54:41.196798 stat64("/etc/pam.d", {st_mode=S_IFDIR|0755, st_size=4096, ...}) = 0
22382 14:54:41.196816 open("/etc/pam.d/common-session", O_RDONLY|O_LARGEFILE) = 6
22382 14:54:41.196829 fstat64(6, {st_mode=S_IFREG|0644, st_size=372, ...}) = 0
22382 14:54:41.196845 mmap2(NULL, 4096, PROT_READ|PROT_WRITE, MAP_PRIVATE|MAP_ANONYMOUS, -1, 0) = 0xb7fa2000
22382 14:54:41.196855 read(6, "#\n# /etc/pam.d/common-session - session-related modules common to all services\n#\n# This file is included from other service-specific PAM config files,\n# and should contain a list of modules that define tasks to be performed\n# at the start and end of sessions of *any* kind (both interactive and\n# non-interactive).  The default is pam_unix.\n#\nsession\trequired\tpam_unix.so\n", 4096) = 372
22382 14:54:41.196894 read(6, "", 4096) = 0
22382 14:54:41.196903 close(6)          = 0
22382 14:54:41.196912 munmap(0xb7fa2000, 4096) = 0
22382 14:54:41.196922 read(5, "", 4096) = 0
22382 14:54:41.196931 close(5)          = 0
22382 14:54:41.196940 munmap(0xb7fa8000, 4096) = 0
22382 14:54:41.196950 open("/etc/pam.d/other", O_RDONLY|O_LARGEFILE) = 5
22382 14:54:41.196963 fstat64(5, {st_mode=S_IFREG|0644, st_size=520, ...}) = 0
22382 14:54:41.196979 mmap2(NULL, 4096, PROT_READ|PROT_WRITE, MAP_PRIVATE|MAP_ANONYMOUS, -1, 0) = 0xb7fa8000
22382 14:54:41.196989 read(5, "#\n# /etc/pam.d/other - specify the PAM fallback behaviour\n#\n# Note that this file is used for any unspecified service; for example\n#if /etc/pam.d/cron  specifies no session modules but cron calls\n#pam_open_session, the session module out of /etc/pam.d/other is\n#used.  If you really want nothing to happen then use pam_permit.so or\n#pam_deny.so as appropriate.\n\n# We fall back to the system default in /etc/pam.d/common-*\n# \n\n@include common-auth\n@include common-account\n@include common-password\n@include common-session\n", 4096) = 520
22382 14:54:41.197034 stat64("/etc/pam.d", {st_mode=S_IFDIR|0755, st_size=4096, ...}) = 0
22382 14:54:41.197052 open("/etc/pam.d/common-auth", O_RDONLY|O_LARGEFILE) = 6
22382 14:54:41.197064 fstat64(6, {st_mode=S_IFREG|0644, st_size=476, ...}) = 0
22382 14:54:41.197080 mmap2(NULL, 4096, PROT_READ|PROT_WRITE, MAP_PRIVATE|MAP_ANONYMOUS, -1, 0) = 0xb7fa2000
22382 14:54:41.197090 read(6, "#\n# /etc/pam.d/common-auth - authentication settings common to all services\n#\n# This file is included from other service-specific PAM config files,\n# and should contain a list of the authentication modules that define\n# the central authentication scheme for use on the system\n# (e.g., /etc/shadow, LDAP, Kerberos, etc.).  The default is to use the\n# traditional Unix authentication mechanisms.\n#\nauth\trequisite\tpam_unix.so nullok_secure\n# auth\toptional\tpam_smbpass.so migrate\n", 4096) = 476
22382 14:54:41.197135 read(6, "", 4096) = 0
22382 14:54:41.197145 close(6)          = 0
22382 14:54:41.197154 munmap(0xb7fa2000, 4096) = 0
22382 14:54:41.197165 stat64("/etc/pam.d", {st_mode=S_IFDIR|0755, st_size=4096, ...}) = 0
22382 14:54:41.197186 open("/etc/pam.d/common-account", O_RDONLY|O_LARGEFILE) = 6
22382 14:54:41.197198 fstat64(6, {st_mode=S_IFREG|0644, st_size=392, ...}) = 0
22382 14:54:41.197214 mmap2(NULL, 4096, PROT_READ|PROT_WRITE, MAP_PRIVATE|MAP_ANONYMOUS, -1, 0) = 0xb7fa2000
22382 14:54:41.197224 read(6, "#\n# /etc/pam.d/common-account - authorization settings common to all services\n#\n# This file is included from other service-specific PAM config files,\n# and should contain a list of the authorization modules that define\n# the central access policy for use on the system.  The default is to\n# only deny service to users whose accounts are expired in /etc/shadow.\n#\naccount\trequired\tpam_unix.so\n", 4096) = 392
22382 14:54:41.197263 read(6, "", 4096) = 0
22382 14:54:41.197273 close(6)          = 0
22382 14:54:41.197282 munmap(0xb7fa2000, 4096) = 0
22382 14:54:41.197292 stat64("/etc/pam.d", {st_mode=S_IFDIR|0755, st_size=4096, ...}) = 0
22382 14:54:41.197310 open("/etc/pam.d/common-password", O_RDONLY|O_LARGEFILE) = 6
22382 14:54:41.197323 fstat64(6, {st_mode=S_IFREG|0644, st_size=1563, ...}) = 0
22382 14:54:41.197339 mmap2(NULL, 4096, PROT_READ|PROT_WRITE, MAP_PRIVATE|MAP_ANONYMOUS, -1, 0) = 0xb7fa2000
22382 14:54:41.197349 read(6, "#\n# /etc/pam.d/common-password - password-related modules common to all services\n#\n# This file is included from other service-specific PAM config files,\n# and should contain a list of modules that define the services to be\n# used to change user passwords.  The default is pam_unix.\n\n# Explanation of pam_unix options:\n#\n# The \"nullok\" option allows users to change an empty password, else\n# empty passwords are treated as locked accounts.\n#\n# The \"md5\" option enables MD5 passwords.  Without this option, the\n# default is Unix crypt.\n#\n# The \"obscure\" option replaces the old `OBSCURE_CHECKS_ENAB\' option in\n# login.defs.\n#\n# You can also use the \"min\" option to enforce the length of the new\n# password.\n#\n# See the pam_unix manpage for other options.\n\npassword   requisite   pam_unix.so nullok obscure md5\n\n# Alternate strength checking for password. Note that this\n# requires the libpam-cracklib package to be installed.\n# You will need to comment out the password line above and\n# uncomment the next two in order to use this.\n# (Replaces the `OBSCURE_CHECKS_ENAB\', `CRACKLIB_DICTPATH\')\n#\n# password required\t  pam_cracklib.so retry=3 minlen=6 difok=3\n# password required\t  pam_unix.so use_authtok nullok md5\n\n# minimally-intrusive inclusion of smbpass in the stack for\n# synchronization.  If the module is absent or the passwords don\'t\n# match, this module will be ignored without prompting; and if the \n# passwords do match, the NTLM hash for the user will be updated\n# automatically.\n# password   optional   pam_smbpass.so nullok use_authtok use_first_pass\n", 4096) = 1563
22382 14:54:41.197487 read(6, "", 4096) = 0
22382 14:54:41.197498 close(6)          = 0
22382 14:54:41.197507 munmap(0xb7fa2000, 4096) = 0
22382 14:54:41.197518 stat64("/etc/pam.d", {st_mode=S_IFDIR|0755, st_size=4096, ...}) = 0
22382 14:54:41.197536 open("/etc/pam.d/common-session", O_RDONLY|O_LARGEFILE) = 6
22382 14:54:41.197549 fstat64(6, {st_mode=S_IFREG|0644, st_size=372, ...}) = 0
22382 14:54:41.197565 mmap2(NULL, 4096, PROT_READ|PROT_WRITE, MAP_PRIVATE|MAP_ANONYMOUS, -1, 0) = 0xb7fa2000
22382 14:54:41.197575 read(6, "#\n# /etc/pam.d/common-session - session-related modules common to all services\n#\n# This file is included from other service-specific PAM config files,\n# and should contain a list of modules that define tasks to be performed\n# at the start and end of sessions of *any* kind (both interactive and\n# non-interactive).  The default is pam_unix.\n#\nsession\trequired\tpam_unix.so\n", 4096) = 372
22382 14:54:41.197613 read(6, "", 4096) = 0
22382 14:54:41.197623 close(6)          = 0
22382 14:54:41.197632 munmap(0xb7fa2000, 4096) = 0
22382 14:54:41.197642 read(5, "", 4096) = 0
22382 14:54:41.197651 close(5)          = 0
22382 14:54:41.197663 munmap(0xb7fa8000, 4096) = 0
22382 14:54:41.197676 time(NULL)        = 1495652081
22382 14:54:41.197687 lstat64("/etc/ftpusers", {st_mode=S_IFREG|0644, st_size=132, ...}) = 0
22382 14:54:41.197705 open("/etc/ftpusers", O_RDONLY|O_LARGEFILE) = 5
22382 14:54:41.197717 fstat64(5, {st_mode=S_IFREG|0644, st_size=132, ...}) = 0
22382 14:54:41.197732 mmap2(NULL, 4096, PROT_READ|PROT_WRITE, MAP_PRIVATE|MAP_ANONYMOUS, -1, 0) = 0xb7fa8000
22382 14:54:41.197743 read(5, "# /etc/ftpusers: list of users disallowed FTP access. See ftpusers(5).\n\nroot\ndaemon\nbin\nsys\nsync\ngames\nman\nlp\nmail\nnews\nuucp\nnobody\n", 4096) = 132
22382 14:54:41.197763 read(5, "", 4096) = 0
22382 14:54:41.197773 close(5)          = 0
22382 14:54:41.197782 munmap(0xb7fa8000, 4096) = 0
22382 14:54:41.197796 getuid32()        = 0
22382 14:54:41.197813 open("/etc/passwd", O_RDONLY|0x80000 /* O_??? */) = 5
22382 14:54:41.197827 _llseek(5, 0, [0], SEEK_CUR) = 0
22382 14:54:41.197838 fstat64(5, {st_mode=S_IFREG|0644, st_size=1624, ...}) = 0
22382 14:54:41.197854 mmap2(NULL, 1624, PROT_READ, MAP_SHARED, 5, 0) = 0xb7fa8000
22382 14:54:41.197865 _llseek(5, 1624, [1624], SEEK_SET) = 0
22382 14:54:41.197884 munmap(0xb7fa8000, 1624) = 0
22382 14:54:41.197894 close(5)          = 0
22382 14:54:41.197919 open("/etc/shadow", O_RDONLY|0x80000 /* O_??? */) = 5
22382 14:54:41.197938 _llseek(5, 0, [0], SEEK_CUR) = 0
22382 14:54:41.197948 fstat64(5, {st_mode=S_IFREG|0640, st_size=1233, ...}) = 0
22382 14:54:41.197964 mmap2(NULL, 1233, PROT_READ, MAP_SHARED, 5, 0) = 0xb7fa8000
22382 14:54:41.197975 _llseek(5, 1233, [1233], SEEK_SET) = 0
22382 14:54:41.197995 munmap(0xb7fa8000, 1233) = 0
22382 14:54:41.198005 close(5)          = 0
22382 14:54:41.198024 open("/etc/passwd", O_RDONLY|0x80000 /* O_??? */) = 5
22382 14:54:41.198036 _llseek(5, 0, [0], SEEK_CUR) = 0
22382 14:54:41.198047 fstat64(5, {st_mode=S_IFREG|0644, st_size=1624, ...}) = 0
22382 14:54:41.198063 mmap2(NULL, 1624, PROT_READ, MAP_SHARED, 5, 0) = 0xb7fa8000
22382 14:54:41.198073 _llseek(5, 1624, [1624], SEEK_SET) = 0
22382 14:54:41.198089 munmap(0xb7fa8000, 1624) = 0
22382 14:54:41.198098 close(5)          = 0
22382 14:54:41.198111 open("/etc/shadow", O_RDONLY|0x80000 /* O_??? */) = 5
22382 14:54:41.198123 _llseek(5, 0, [0], SEEK_CUR) = 0
22382 14:54:41.198133 fstat64(5, {st_mode=S_IFREG|0640, st_size=1233, ...}) = 0
22382 14:54:41.198149 mmap2(NULL, 1233, PROT_READ, MAP_SHARED, 5, 0) = 0xb7fa8000
22382 14:54:41.198159 _llseek(5, 1233, [1233], SEEK_SET) = 0
22382 14:54:41.198175 munmap(0xb7fa8000, 1233) = 0
22382 14:54:41.198185 close(5)          = 0
22382 14:54:41.198495 getuid32()        = 0
22382 14:54:41.198508 open("/etc/passwd", O_RDONLY|0x80000 /* O_??? */) = 5
22382 14:54:41.198521 _llseek(5, 0, [0], SEEK_CUR) = 0
22382 14:54:41.198532 fstat64(5, {st_mode=S_IFREG|0644, st_size=1624, ...}) = 0
22382 14:54:41.198547 mmap2(NULL, 1624, PROT_READ, MAP_SHARED, 5, 0) = 0xb7fa8000
22382 14:54:41.198558 _llseek(5, 1624, [1624], SEEK_SET) = 0
22382 14:54:41.198574 munmap(0xb7fa8000, 1624) = 0
22382 14:54:41.198584 close(5)          = 0
22382 14:54:41.198597 open("/etc/shadow", O_RDONLY|0x80000 /* O_??? */) = 5
22382 14:54:41.198609 _llseek(5, 0, [0], SEEK_CUR) = 0
22382 14:54:41.198619 fstat64(5, {st_mode=S_IFREG|0640, st_size=1233, ...}) = 0
22382 14:54:41.198635 mmap2(NULL, 1233, PROT_READ, MAP_SHARED, 5, 0) = 0xb7fa8000
22382 14:54:41.198646 _llseek(5, 1233, [1233], SEEK_SET) = 0
22382 14:54:41.198662 munmap(0xb7fa8000, 1233) = 0
22382 14:54:41.198671 close(5)          = 0
22382 14:54:41.198683 time(NULL)        = 1495652081
22382 14:54:41.198698 munmap(0xb7fa5000, 12164) = 0
22382 14:54:41.198711 munmap(0xb7fa3000, 7136) = 0
22382 14:54:41.198724 munmap(0xb7dd8000, 95428) = 0
22382 14:54:41.198735 munmap(0xb7d9e000, 201052) = 0
22382 14:54:41.198746 munmap(0xb7d85000, 101180) = 0
22382 14:54:41.198762 gettimeofday({1495652081, 198766}, NULL) = 0
22382 14:54:41.198773 stat64("/usr/share/zoneinfo/UTC+04:00", 0xbf9432b4) = -1 ENOENT (No such file or directory)
22382 14:54:41.198788 open("/usr/share/zoneinfo/UTC+04:00", O_RDONLY) = -1 ENOENT (No such file or directory)
22382 14:54:41.198817 fcntl64(3, F_SETLKW64, {type=F_WRLCK, whence=SEEK_SET, start=0, len=0}, 0xbf943404) = 0
22382 14:54:41.198833 write(3, "Wed May 24 14:54:41 2017 [pid 22382] [msfadmin] OK LOGIN: Client \"127.0.0.1\"\n", 77) = 77
22382 14:54:41.198850 fcntl64(3, F_SETLK64, {type=F_UNLCK, whence=SEEK_SET, start=0, len=0}, 0xbf94340c) = 0
22382 14:54:41.198862 rt_sigaction(SIGCHLD, {0x805cad0, ~[RTMIN RT_1], 0}, NULL, 8) = 0
22382 14:54:41.198876 write(4, "\1", 1 <unfinished ...>
22383 14:54:41.198885 <... read resumed> "\1", 1) = 1
22382 14:54:41.198891 <... write resumed> ) = 1
22383 14:54:41.198898 exit_group(0)     = ?
22382 14:54:41.198925 --- SIGCHLD (Child exited) @ 0 (0) ---
22382 14:54:41.198933 sigreturn()       = ? (mask now [])
22382 14:54:41.198952 wait4(-1, [{WIFEXITED(s) && WEXITSTATUS(s) == 0}], 0, NULL) = 22383
22382 14:54:41.198964 close(4)          = 0
22382 14:54:41.198976 socketpair(PF_FILE, SOCK_STREAM, 0, [4, 5]) = 0
22382 14:54:41.198989 rt_sigaction(SIGCHLD, {0x805cad0, ~[RTMIN RT_1], 0}, NULL, 8) = 0
22382 14:54:41.199002 rt_sigaction(SIGALRM, {0x805cb10, ~[RTMIN RT_1], 0}, NULL, 8) = 0
22382 14:54:41.199016 clone(child_stack=0, flags=CLONE_CHILD_CLEARTID|CLONE_CHILD_SETTID|SIGCHLD, child_tidptr=0xb7e0e6f8) = 22384
22384 14:54:41.199065 prctl(0x1, 0x9, 0, 0, 0) = 0
22384 14:54:41.199078 close(4)          = 0
22384 14:54:41.199105 open("/etc/passwd", O_RDONLY|0x80000 /* O_??? */) = 4
22384 14:54:41.199122 _llseek(4, 0, [0], SEEK_CUR) = 0
22384 14:54:41.199137 fstat64(4, {st_mode=S_IFREG|0644, st_size=1624, ...}) = 0
22384 14:54:41.199155 mmap2(NULL, 1624, PROT_READ, MAP_SHARED, 4, 0) = 0xb7fa8000
22384 14:54:41.199167 _llseek(4, 1624, [1624], SEEK_SET) = 0
22384 14:54:41.199189 munmap(0xb7fa8000, 1624) = 0
22384 14:54:41.199200 close(4)          = 0
22384 14:54:41.199213 getuid32()        = 0
22384 14:54:41.199223 open("/etc/passwd", O_RDONLY|0x80000 /* O_??? */) = 4
22384 14:54:41.199236 _llseek(4, 0, [0], SEEK_CUR) = 0
22384 14:54:41.199246 fstat64(4, {st_mode=S_IFREG|0644, st_size=1624, ...}) = 0
22384 14:54:41.199262 mmap2(NULL, 1624, PROT_READ, MAP_SHARED, 4, 0) = 0xb7fa8000
22384 14:54:41.199273 _llseek(4, 1624, [1624], SEEK_SET) = 0
22384 14:54:41.199288 munmap(0xb7fa8000, 1624) = 0
22384 14:54:41.199297 close(4)          = 0
22384 14:54:41.199364 open("/proc/sys/kernel/ngroups_max", O_RDONLY) = 4
22384 14:54:41.199386 read(4, "65536\n", 31) = 6
22384 14:54:41.199398 close(4)          = 0
22384 14:54:41.199412 socket(PF_FILE, SOCK_STREAM, 0) = 4
22384 14:54:41.199423 fcntl64(4, F_SETFL, O_RDWR|O_NONBLOCK) = 0
22384 14:54:41.199434 connect(4, {sa_family=AF_FILE, path="/var/run/nscd/socket"}, 110) = -1 ENOENT (No such file or directory)
22384 14:54:41.199455 close(4)          = 0
22384 14:54:41.199466 socket(PF_FILE, SOCK_STREAM, 0) = 4
22384 14:54:41.199476 fcntl64(4, F_SETFL, O_RDWR|O_NONBLOCK) = 0
22384 14:54:41.199486 connect(4, {sa_family=AF_FILE, path="/var/run/nscd/socket"}, 110) = -1 ENOENT (No such file or directory)
22384 14:54:41.199503 close(4)          = 0
22384 14:54:41.199528 open("/etc/group", O_RDONLY|0x80000 /* O_??? */) = 4
22384 14:54:41.199542 _llseek(4, 0, [0], SEEK_CUR) = 0
22384 14:54:41.199553 fstat64(4, {st_mode=S_IFREG|0644, st_size=886, ...}) = 0
22384 14:54:41.199569 mmap2(NULL, 886, PROT_READ, MAP_SHARED, 4, 0) = 0xb7fa8000
22384 14:54:41.199580 _llseek(4, 886, [886], SEEK_SET) = 0
22384 14:54:41.199604 fstat64(4, {st_mode=S_IFREG|0644, st_size=886, ...}) = 0
22384 14:54:41.199621 munmap(0xb7fa8000, 886) = 0
22384 14:54:41.199631 close(4)          = 0
22384 14:54:41.199641 setgroups32(13, [1000, 4, 20, 24, 25, 29, 30, 44, 46, 107, 111, 112, 119]) = 0
22384 14:54:41.199657 geteuid32()       = 0
22384 14:54:41.199668 getegid32()       = 0
22384 14:54:41.199678 setregid32(-1, 1000) = 0
22384 14:54:41.199688 setreuid32(-1, 1000) = 0
22384 14:54:41.199699 chdir("/home/msfadmin") = 0
22384 14:54:41.199710 setreuid32(-1, 0) = 0
22384 14:54:41.199719 setregid32(-1, 0) = 0
22384 14:54:41.199734 setgid32(1000)    = 0
22384 14:54:41.199744 setuid32(1000)    = 0
22384 14:54:41.199754 setrlimit(RLIMIT_NPROC, {rlim_cur=0, rlim_max=0}) = 0
22384 14:54:41.199767 mmap2(NULL, 12288, PROT_READ|PROT_WRITE, MAP_PRIVATE|MAP_ANONYMOUS, -1, 0) = 0xb7fa6000
22384 14:54:41.199778 mprotect(0xb7fa8000, 4096, PROT_NONE) = 0
22384 14:54:41.199789 mprotect(0xb7fa6000, 4096, PROT_NONE) = 0
22384 14:54:41.199800 getcwd("/home/msfadmin", 4096) = 15
22384 14:54:41.199813 umask(022)        = 077
22384 14:54:41.199822 getcwd("/home/msfadmin", 4096) = 15
22384 14:54:41.199836 open(".message", O_RDONLY|O_NONBLOCK|O_LARGEFILE) = -1 ENOENT (No such file or directory)
22384 14:54:41.199858 write(0, "230 Login successful.\r\n", 23) = 23
22384 14:54:41.199922 rt_sigaction(SIGALRM, {0x805cad0, ~[RTMIN RT_1], 0}, NULL, 8) = 0
22384 14:54:41.199939 alarm(300)        = 0
22384 14:54:41.199950 mmap2(NULL, 12288, PROT_READ|PROT_WRITE, MAP_PRIVATE|MAP_ANONYMOUS, -1, 0) = 0xb7fa3000
22384 14:54:41.199961 mprotect(0xb7fa5000, 4096, PROT_NONE) = 0
22384 14:54:41.199972 mprotect(0xb7fa3000, 4096, PROT_NONE) = 0
22384 14:54:41.199985 recv(0, "TYPE I\r\n", 4096, MSG_PEEK) = 8
22384 14:54:41.199997 read(0, "TYPE I\r\n", 8) = 8
22384 14:54:41.200014 write(0, "200 Switching to Binary mode.\r\n", 31) = 31
22384 14:54:41.200052 rt_sigaction(SIGALRM, {0x805cad0, ~[RTMIN RT_1], 0}, NULL, 8) = 0
22384 14:54:41.200067 alarm(300)        = 300
22384 14:54:41.200078 recv(0, "PASV\r\n", 4096, MSG_PEEK) = 6
22384 14:54:41.200089 read(0, "PASV\r\n", 6) = 6
22384 14:54:41.200101 write(5, "\n", 1) = 1
22384 14:54:41.200111 read(5,  <unfinished ...>
22382 14:54:41.200123 close(5)          = 0
22382 14:54:41.200135 getuid32()        = 0
22382 14:54:41.200150 open("/etc/passwd", O_RDONLY|0x80000 /* O_??? */) = 5
22382 14:54:41.200164 _llseek(5, 0, [0], SEEK_CUR) = 0
22382 14:54:41.200177 fstat64(5, {st_mode=S_IFREG|0644, st_size=1624, ...}) = 0
22382 14:54:41.200194 mmap2(NULL, 1624, PROT_READ, MAP_SHARED, 5, 0) = 0xb7fa8000
22382 14:54:41.200205 _llseek(5, 1624, [1624], SEEK_SET) = 0
22382 14:54:41.200222 munmap(0xb7fa8000, 1624) = 0
22382 14:54:41.200234 close(5)          = 0
22382 14:54:41.200249 setgroups32(0, []) = 0
22382 14:54:41.200261 chdir("/usr/share/empty") = 0
22382 14:54:41.200287 chroot(".")       = 0
22382 14:54:41.200299 capset(NULL, NULL) = -1 EFAULT (Bad address)
22382 14:54:41.200313 prctl(0x8, 0, 0xbf9433e8, 0x80549a6, 0xbf9433d0) = 0
22382 14:54:41.200334 prctl(0x8, 0x1, 0xbf9433e8, 0x8054a49, 0xbf9433d0) = 0
22382 14:54:41.200356 setgid32(65534)   = 0
22382 14:54:41.200375 setuid32(65534)   = 0
22382 14:54:41.200397 capset(0x19980330, 0, {CAP_NET_BIND_SERVICE, CAP_NET_BIND_SERVICE, 0}) = 0
22382 14:54:41.200430 read(4, "\n", 1)  = 1
22382 14:54:41.200453 write(4, "\1", 1) = 1
22384 14:54:41.200484 <... read resumed> "\1", 1) = 1
22384 14:54:41.200501 write(5, "\f", 1) = 1
22384 14:54:41.200512 read(5,  <unfinished ...>
22382 14:54:41.200518 read(4, "\f", 1)  = 1
22382 14:54:41.200531 socket(PF_INET, SOCK_STREAM, IPPROTO_TCP) = 5
22382 14:54:41.200544 setsockopt(5, SOL_SOCKET, SO_REUSEADDR, [1], 4) = 0
22382 14:54:41.200565 gettimeofday({1495652081, 200568}, NULL) = 0
22382 14:54:41.200600 bind(5, {sa_family=AF_INET, sin_port=htons(46592), sin_addr=inet_addr("127.0.0.1")}, 16) = 0
22382 14:54:41.200636 listen(5, 1)      = 0
22382 14:54:41.200659 write(4, "\0\266\0\0", 4) = 4
22384 14:54:41.200680 <... read resumed> "\0\266\0\0", 4) = 4
22384 14:54:41.200713 write(0, "227 Entering Passive Mode (127,0,0,1,182,0).\r\n", 46) = 46
22384 14:54:41.200851 rt_sigaction(SIGALRM, {0x805cad0, ~[RTMIN RT_1], 0}, NULL, 8) = 0
22384 14:54:41.200868 alarm(300)        = 300
22384 14:54:41.200879 recv(0, "RETR myfile22\r\n", 4096, MSG_PEEK) = 15
22384 14:54:41.200891 read(0, "RETR myfile22\r\n", 15) = 15
22384 14:54:41.200906 write(5, "\v", 1) = 1
22384 14:54:41.200916 read(5,  <unfinished ...>
22382 14:54:41.200923 read(4, "\v", 1)  = 1
22382 14:54:41.200934 write(4, "\1\0\0\0", 4) = 4
22384 14:54:41.200944 <... read resumed> "\1\0\0\0", 4) = 4
22384 14:54:41.200957 gettimeofday({1495652081, 200960}, NULL) = 0
22384 14:54:41.200968 getcwd("/home/msfadmin", 4096) = 15
22384 14:54:41.200980 open("myfile22", O_RDONLY|O_NONBLOCK|O_LARGEFILE) = 4
22384 14:54:41.200993 fcntl64(4, F_SETLKW64, {type=F_RDLCK, whence=SEEK_SET, start=0, len=0}, 0xbf943354) = 0
22384 14:54:41.201006 fstat64(4, {st_mode=S_IFREG|0644, st_size=17, ...}) = 0
22384 14:54:41.201022 fcntl64(4, F_GETFL) = 0x8800 (flags O_RDONLY|O_NONBLOCK|O_LARGEFILE)
22384 14:54:41.201033 fcntl64(4, F_SETFL, O_RDONLY|O_LARGEFILE) = 0
22384 14:54:41.201045 write(5, "\v", 1) = 1
22384 14:54:41.201055 read(5,  <unfinished ...>
22382 14:54:41.201062 read(4, "\v", 1)  = 1
22382 14:54:41.201073 write(4, "\1\0\0\0", 4) = 4
22384 14:54:41.201083 <... read resumed> "\1\0\0\0", 4) = 4
22384 14:54:41.201090 write(5, "\v", 1) = 1
22384 14:54:41.201100 read(5,  <unfinished ...>
22382 14:54:41.201106 read(4, "\v", 1)  = 1
22382 14:54:41.201117 write(4, "\1\0\0\0", 4) = 4
22384 14:54:41.201126 <... read resumed> "\1\0\0\0", 4) = 4
22384 14:54:41.201134 write(5, "\r", 1) = 1
22384 14:54:41.201143 read(5,  <unfinished ...>
22382 14:54:41.201150 read(4, "\r", 1)  = 1
22382 14:54:41.201162 select(6, [5], NULL, NULL, {60, 0}) = 1 (in [5], left {60, 0})
22382 14:54:41.201178 accept(5, {sa_family=AF_INET, sin_port=htons(34325), sin_addr=inet_addr("127.0.0.1")}, [16]) = 6
22382 14:54:41.201200 write(4, "\1", 1) = 1
22384 14:54:41.201210 <... read resumed> "\1", 1) = 1
22384 14:54:41.201219 recvmsg(5,  <unfinished ...>
22382 14:54:41.201229 sendmsg(4, {msg_name(0)=NULL, msg_iov(1)=[{"\0", 1}], msg_controllen=16, {cmsg_len=16, cmsg_level=SOL_SOCKET, cmsg_type=SCM_RIGHTS, {6}}, msg_flags=0}, 0) = 1
22384 14:54:41.201266 <... recvmsg resumed> {msg_name(0)=NULL, msg_iov(1)=[{"\0", 1}], msg_controllen=16, {cmsg_len=16, cmsg_level=SOL_SOCKET, cmsg_type=SCM_RIGHTS, {6}}, msg_flags=0}, 0) = 1
22384 14:54:41.201289 setsockopt(6, SOL_SOCKET, SO_KEEPALIVE, [1], 4) = 0
22384 14:54:41.201301 setsockopt(6, SOL_IP, IP_TOS, [8], 4) = 0
22384 14:54:41.201313 setsockopt(6, SOL_SOCKET, SO_LINGER, {onoff=1, linger=32767}, 8) = 0
22384 14:54:41.201324 rt_sigaction(SIGALRM, {0x805cad0, ~[RTMIN RT_1], 0}, NULL, 8) = 0
22384 14:54:41.201337 alarm(300)        = 300
22384 14:54:41.201351 write(0, "150 Opening BINARY mode data connection for myfile22 (17 bytes).\r\n", 66) = 66
22384 14:54:41.201393 _llseek(4, 0, [0], SEEK_CUR) = 0
22384 14:54:41.201405 fstat64(4, {st_mode=S_IFREG|0644, st_size=17, ...}) = 0
22384 14:54:41.201422 _llseek(4, 0, [0], SEEK_SET) = 0
22384 14:54:41.201434 sendfile(6, 4, NULL, 17) = 17
22384 14:54:41.201462 rt_sigaction(SIGALRM, {0x805cad0, ~[RTMIN RT_1], 0}, NULL, 8) = 0
22384 14:54:41.201476 alarm(300)        = 300
22384 14:54:41.201486 close(6)          = 0
22384 14:54:41.201495 alarm(0)          = 300
22384 14:54:41.201504 gettimeofday({1495652081, 201507}, NULL) = 0
22384 14:54:41.201521 getpid()          = 22384
22384 14:54:41.201534 gettimeofday({1495652081, 201537}, NULL) = 0
22384 14:54:41.201551 fcntl64(3, F_SETLKW64, {type=F_WRLCK, whence=SEEK_SET, start=0, len=0}, 0xbf9432f4) = 0
22384 14:54:41.201566 write(3, "Wed May 24 14:54:41 2017 [pid 22384] [msfadmin] OK DOWNLOAD: Client \"127.0.0.1\", \"/home/msfadmin/myfile22\", 17 bytes, 28.77Kbyte/sec\n", 133) = 133
22384 14:54:41.201586 fcntl64(3, F_SETLK64, {type=F_UNLCK, whence=SEEK_SET, start=0, len=0}, 0xbf9432fc) = 0
22384 14:54:41.201600 write(0, "226 Transfer complete.\r\n", 24) = 24
22384 14:54:41.201615 write(5, "\n", 1) = 1
22384 14:54:41.201625 read(5,  <unfinished ...>
22382 14:54:41.201632 close(6)          = 0
22382 14:54:41.201709 read(4, "\n", 1)  = 1
22382 14:54:41.201722 close(5)          = 0
22382 14:54:41.201733 write(4, "\1", 1) = 1
22384 14:54:41.201744 <... read resumed> "\1", 1) = 1
22384 14:54:41.201751 close(4)          = 0
22384 14:54:41.201761 rt_sigaction(SIGALRM, {0x805cad0, ~[RTMIN RT_1], 0}, NULL, 8) = 0
22384 14:54:41.201775 alarm(300)        = 0
22384 14:54:41.201786 recv(0,  <unfinished ...>
22382 14:54:41.201793 read(4,  <unfinished ...>
22381 14:54:41.598100 <... recv resumed> "TYPE I\r\n", 4096, MSG_PEEK) = 8
22381 14:54:41.598138 read(0, "TYPE I\r\n", 8) = 8
22381 14:54:41.598160 write(0, "200 Switching to Binary mode.\r\n", 31) = 31
22381 14:54:41.598207 rt_sigaction(SIGALRM, {0x805cad0, ~[RTMIN RT_1], 0}, NULL, 8) = 0
22381 14:54:41.598225 alarm(300)        = 299
22381 14:54:41.598238 recv(0, "PASV\r\n", 4096, MSG_PEEK) = 6
22381 14:54:41.598249 read(0, "PASV\r\n", 6) = 6
22381 14:54:41.598261 write(5, "\n", 1 <unfinished ...>
22379 14:54:41.598272 <... read resumed> "\n", 1) = 1
22381 14:54:41.598277 <... write resumed> ) = 1
22379 14:54:41.598286 write(4, "\1", 1 <unfinished ...>
22381 14:54:41.598291 read(5,  <unfinished ...>
22379 14:54:41.598298 <... write resumed> ) = 1
22381 14:54:41.598302 <... read resumed> "\1", 1) = 1
22379 14:54:41.598310 read(4,  <unfinished ...>
22381 14:54:41.598314 write(5, "\f", 1 <unfinished ...>
22379 14:54:41.598321 <... read resumed> "\f", 1) = 1
22381 14:54:41.598326 <... write resumed> ) = 1
22379 14:54:41.598334 socket(PF_INET, SOCK_STREAM, IPPROTO_TCP <unfinished ...>
22381 14:54:41.598339 read(5,  <unfinished ...>
22379 14:54:41.598349 <... socket resumed> ) = 5
22379 14:54:41.598357 setsockopt(5, SOL_SOCKET, SO_REUSEADDR, [1], 4) = 0
22379 14:54:41.598371 bind(5, {sa_family=AF_INET, sin_port=htons(34978), sin_addr=inet_addr("127.0.0.1")}, 16) = 0
22379 14:54:41.598387 listen(5, 1)      = 0
22379 14:54:41.598400 write(4, "\242\210\0\0", 4 <unfinished ...>
22381 14:54:41.598408 <... read resumed> "\242\210\0\0", 4) = 4
22379 14:54:41.598414 <... write resumed> ) = 4
22381 14:54:41.598425 write(0, "227 Entering Passive Mode (127,0,0,1,136,162).\r\n", 48 <unfinished ...>
22379 14:54:41.598433 read(4,  <unfinished ...>
22381 14:54:41.598532 <... write resumed> ) = 48
22381 14:54:41.598545 rt_sigaction(SIGALRM, {0x805cad0, ~[RTMIN RT_1], 0}, NULL, 8) = 0
22381 14:54:41.598559 alarm(300)        = 300
22381 14:54:41.598570 recv(0, "STOR myfile31\r\n", 4096, MSG_PEEK) = 15
22381 14:54:41.598583 read(0, "STOR myfile31\r\n", 15) = 15
22381 14:54:41.598596 write(5, "\v", 1 <unfinished ...>
22379 14:54:41.598604 <... read resumed> "\v", 1) = 1
22381 14:54:41.598609 <... write resumed> ) = 1
22379 14:54:41.598615 write(4, "\1\0\0\0", 4) = 4
22379 14:54:41.598626 read(4,  <unfinished ...>
22381 14:54:41.598633 read(5, "\1\0\0\0", 4) = 4
22381 14:54:41.598644 gettimeofday({1495652081, 598648}, NULL) = 0
22381 14:54:41.598655 getcwd("/home/msfadmin", 4096) = 15
22381 14:54:41.598668 open("myfile31", O_WRONLY|O_CREAT|O_NONBLOCK|O_LARGEFILE, 0666) = 4
22381 14:54:41.598682 fstat64(4, {st_mode=S_IFREG|0644, st_size=17, ...}) = 0
22381 14:54:41.598699 fcntl64(4, F_GETFL) = 0x8801 (flags O_WRONLY|O_NONBLOCK|O_LARGEFILE)
22381 14:54:41.598710 fcntl64(4, F_SETFL, O_WRONLY|O_LARGEFILE) = 0
22381 14:54:41.598720 fcntl64(4, F_SETLKW64, {type=F_WRLCK, whence=SEEK_SET, start=0, len=0}, 0xbfecf0c4) = 0
22381 14:54:41.598734 ftruncate64(4, 0) = 0
22381 14:54:41.598757 _llseek(4, 0, [0], SEEK_SET) = 0
22381 14:54:41.598768 write(5, "\v", 1 <unfinished ...>
22379 14:54:41.598798 <... read resumed> "\v", 1) = 1
22381 14:54:41.598803 <... write resumed> ) = 1
22379 14:54:41.598810 write(4, "\1\0\0\0", 4) = 4
22379 14:54:41.598830 read(4,  <unfinished ...>
22381 14:54:41.598837 read(5, "\1\0\0\0", 4) = 4
22381 14:54:41.598848 write(5, "\v", 1 <unfinished ...>
22379 14:54:41.598855 <... read resumed> "\v", 1) = 1
22381 14:54:41.598859 <... write resumed> ) = 1
22379 14:54:41.598865 write(4, "\1\0\0\0", 4) = 4
22379 14:54:41.598875 read(4,  <unfinished ...>
22381 14:54:41.598882 read(5, "\1\0\0\0", 4) = 4
22381 14:54:41.598893 write(5, "\r", 1 <unfinished ...>
22379 14:54:41.598900 <... read resumed> "\r", 1) = 1
22381 14:54:41.598904 <... write resumed> ) = 1
22379 14:54:41.598911 select(6, [5], NULL, NULL, {60, 0}) = 1 (in [5], left {60, 0})
22379 14:54:41.598928 accept(5, {sa_family=AF_INET, sin_port=htons(36554), sin_addr=inet_addr("127.0.0.1")}, [16]) = 6
22379 14:54:41.598950 write(4, "\1", 1) = 1
22379 14:54:41.598961 sendmsg(4, {msg_name(0)=NULL, msg_iov(1)=[{"\0", 1}], msg_controllen=16, {cmsg_len=16, cmsg_level=SOL_SOCKET, cmsg_type=SCM_RIGHTS, {6}}, msg_flags=0}, 0) = 1
22379 14:54:41.598982 close(6)          = 0
22379 14:54:41.598992 read(4,  <unfinished ...>
22381 14:54:41.598999 read(5, "\1", 1)  = 1
22381 14:54:41.599011 recvmsg(5, {msg_name(0)=NULL, msg_iov(1)=[{"\0", 1}], msg_controllen=16, {cmsg_len=16, cmsg_level=SOL_SOCKET, cmsg_type=SCM_RIGHTS, {6}}, msg_flags=0}, 0) = 1
22381 14:54:41.599029 setsockopt(6, SOL_SOCKET, SO_KEEPALIVE, [1], 4) = 0
22381 14:54:41.599042 setsockopt(6, SOL_IP, IP_TOS, [8], 4) = 0
22381 14:54:41.599053 setsockopt(6, SOL_SOCKET, SO_LINGER, {onoff=1, linger=32767}, 8) = 0
22381 14:54:41.599064 rt_sigaction(SIGALRM, {0x805cad0, ~[RTMIN RT_1], 0}, NULL, 8) = 0
22381 14:54:41.599077 alarm(300)        = 300
22381 14:54:41.599090 write(0, "150 Ok to send data.\r\n", 22) = 22
22381 14:54:41.599154 read(6, "assasaaa\na\na\na\na\n", 65536) = 17
22381 14:54:41.599169 write(4, "assasaaa\na\na\na\na\n", 17) = 17
22381 14:54:41.599184 read(6, "", 65536) = 0
22381 14:54:41.599194 rt_sigaction(SIGALRM, {0x805cad0, ~[RTMIN RT_1], 0}, NULL, 8) = 0
22381 14:54:41.599208 alarm(300)        = 300
22381 14:54:41.599217 close(6)          = 0
22381 14:54:41.599234 alarm(0)          = 300
22381 14:54:41.599244 gettimeofday({1495652081, 599247}, NULL) = 0
22381 14:54:41.599259 gettimeofday({1495652081, 599263}, NULL) = 0
22381 14:54:41.599272 fcntl64(3, F_SETLKW64, {type=F_WRLCK, whence=SEEK_SET, start=0, len=0}, 0xbfecf064) = 0
22381 14:54:41.599287 write(3, "Wed May 24 14:54:41 2017 [pid 22381] [msfadmin] OK UPLOAD: Client \"127.0.0.1\", \"/home/msfadmin/myfile31\", 17 bytes, 26.99Kbyte/sec\n", 131) = 131
22381 14:54:41.599309 fcntl64(3, F_SETLK64, {type=F_UNLCK, whence=SEEK_SET, start=0, len=0}, 0xbfecf06c) = 0
22381 14:54:41.599323 write(0, "226 Transfer complete.\r\n", 24) = 24
22381 14:54:41.599366 write(5, "\n", 1 <unfinished ...>
22379 14:54:41.599375 <... read resumed> "\n", 1) = 1
22381 14:54:41.599380 <... write resumed> ) = 1
22379 14:54:41.599386 close(5)          = 0
22379 14:54:41.599397 write(4, "\1", 1) = 1
22379 14:54:41.599408 read(4,  <unfinished ...>
22381 14:54:41.599414 read(5, "\1", 1)  = 1
22381 14:54:41.599425 close(4)          = 0
22381 14:54:41.599435 rt_sigaction(SIGALRM, {0x805cad0, ~[RTMIN RT_1], 0}, NULL, 8) = 0
22381 14:54:41.599448 alarm(300)        = 0
22381 14:54:41.599459 recv(0,  <unfinished ...>
22384 14:54:41.788071 <... recv resumed> "USER msfadmin\r\n", 4096, MSG_PEEK) = 15
22384 14:54:41.788112 read(0, "USER msfadmin\r\n", 15) = 15
22384 14:54:41.788137 write(0, "331 Any password will do.\r\n", 27) = 27
22384 14:54:41.788182 rt_sigaction(SIGALRM, {0x805cad0, ~[RTMIN RT_1], 0}, NULL, 8) = 0
22384 14:54:41.788199 alarm(300)        = 299
22384 14:54:41.788212 recv(0, "PASS msfadmin\r\n", 4096, MSG_PEEK) = 15
22384 14:54:41.788224 read(0, "PASS msfadmin\r\n", 15) = 15
22384 14:54:41.788239 write(0, "230 Already logged in.\r\n", 24) = 24
22384 14:54:41.788301 rt_sigaction(SIGALRM, {0x805cad0, ~[RTMIN RT_1], 0}, NULL, 8) = 0
22384 14:54:41.788316 alarm(300)        = 300
22384 14:54:41.788328 recv(0, "TYPE I\r\n", 4096, MSG_PEEK) = 8
22384 14:54:41.788339 read(0, "TYPE I\r\n", 8) = 8
22384 14:54:41.788353 write(0, "200 Switching to Binary mode.\r\n", 31) = 31
22384 14:54:41.788388 rt_sigaction(SIGALRM, {0x805cad0, ~[RTMIN RT_1], 0}, NULL, 8) = 0
22384 14:54:41.788402 alarm(300)        = 300
22384 14:54:41.788413 recv(0, "PASV\r\n", 4096, MSG_PEEK) = 6
22384 14:54:41.788424 read(0, "PASV\r\n", 6) = 6
22384 14:54:41.788435 write(5, "\n", 1) = 1
22384 14:54:41.788447 read(5,  <unfinished ...>
22382 14:54:41.788456 <... read resumed> "\n", 1) = 1
22382 14:54:41.788465 write(4, "\1", 1) = 1
22384 14:54:41.788475 <... read resumed> "\1", 1) = 1
22384 14:54:41.788482 write(5, "\f", 1) = 1
22384 14:54:41.788492 read(5,  <unfinished ...>
22382 14:54:41.788498 read(4, "\f", 1)  = 1
22382 14:54:41.788510 socket(PF_INET, SOCK_STREAM, IPPROTO_TCP) = 5
22382 14:54:41.788526 setsockopt(5, SOL_SOCKET, SO_REUSEADDR, [1], 4) = 0
22382 14:54:41.788547 bind(5, {sa_family=AF_INET, sin_port=htons(49720), sin_addr=inet_addr("127.0.0.1")}, 16) = 0
22382 14:54:41.788564 listen(5, 1)      = 0
22382 14:54:41.788577 write(4, "8\302\0\0", 4) = 4
22384 14:54:41.788588 <... read resumed> "8\302\0\0", 4) = 4
22384 14:54:41.788600 write(0, "227 Entering Passive Mode (127,0,0,1,194,56).\r\n", 47) = 47
22384 14:54:41.788713 rt_sigaction(SIGALRM, {0x805cad0, ~[RTMIN RT_1], 0}, NULL, 8) = 0
22384 14:54:41.788729 alarm(300)        = 300
22384 14:54:41.788740 recv(0, "RETR myfile23\r\n", 4096, MSG_PEEK) = 15
22384 14:54:41.788752 read(0, "RETR myfile23\r\n", 15) = 15
22384 14:54:41.788765 write(5, "\v", 1) = 1
22384 14:54:41.788775 read(5,  <unfinished ...>
22382 14:54:41.788782 read(4, "\v", 1)  = 1
22382 14:54:41.788793 write(4, "\1\0\0\0", 4) = 4
22384 14:54:41.788803 <... read resumed> "\1\0\0\0", 4) = 4
22384 14:54:41.788811 gettimeofday({1495652081, 788815}, NULL) = 0
22384 14:54:41.788822 getcwd("/home/msfadmin", 4096) = 15
22384 14:54:41.788835 open("myfile23", O_RDONLY|O_NONBLOCK|O_LARGEFILE) = 4
22384 14:54:41.788848 fcntl64(4, F_SETLKW64, {type=F_RDLCK, whence=SEEK_SET, start=0, len=0}, 0xbf943354) = 0
22384 14:54:41.788863 fstat64(4, {st_mode=S_IFREG|0644, st_size=17, ...}) = 0
22384 14:54:41.788904 fcntl64(4, F_GETFL) = 0x8800 (flags O_RDONLY|O_NONBLOCK|O_LARGEFILE)
22384 14:54:41.788925 fcntl64(4, F_SETFL, O_RDONLY|O_LARGEFILE) = 0
22384 14:54:41.788937 write(5, "\v", 1) = 1
22384 14:54:41.788947 read(5,  <unfinished ...>
22382 14:54:41.788954 read(4, "\v", 1)  = 1
22382 14:54:41.788965 write(4, "\1\0\0\0", 4) = 4
22384 14:54:41.788976 <... read resumed> "\1\0\0\0", 4) = 4
22384 14:54:41.788983 write(5, "\v", 1) = 1
22384 14:54:41.788992 read(5,  <unfinished ...>
22382 14:54:41.788999 read(4, "\v", 1)  = 1
22382 14:54:41.789009 write(4, "\1\0\0\0", 4) = 4
22384 14:54:41.789019 <... read resumed> "\1\0\0\0", 4) = 4
22384 14:54:41.789026 write(5, "\r", 1) = 1
22384 14:54:41.789036 read(5,  <unfinished ...>
22382 14:54:41.789042 read(4, "\r", 1)  = 1
22382 14:54:41.789054 select(6, [5], NULL, NULL, {60, 0}) = 1 (in [5], left {60, 0})
22382 14:54:41.789070 accept(5, {sa_family=AF_INET, sin_port=htons(40054), sin_addr=inet_addr("127.0.0.1")}, [16]) = 6
22382 14:54:41.789092 write(4, "\1", 1) = 1
22384 14:54:41.789102 <... read resumed> "\1", 1) = 1
22384 14:54:41.789111 recvmsg(5,  <unfinished ...>
22382 14:54:41.789119 sendmsg(4, {msg_name(0)=NULL, msg_iov(1)=[{"\0", 1}], msg_controllen=16, {cmsg_len=16, cmsg_level=SOL_SOCKET, cmsg_type=SCM_RIGHTS, {6}}, msg_flags=0}, 0) = 1
22384 14:54:41.789136 <... recvmsg resumed> {msg_name(0)=NULL, msg_iov(1)=[{"\0", 1}], msg_controllen=16, {cmsg_len=16, cmsg_level=SOL_SOCKET, cmsg_type=SCM_RIGHTS, {6}}, msg_flags=0}, 0) = 1
22384 14:54:41.789149 setsockopt(6, SOL_SOCKET, SO_KEEPALIVE, [1], 4) = 0
22384 14:54:41.789161 setsockopt(6, SOL_IP, IP_TOS, [8], 4) = 0
22384 14:54:41.789173 setsockopt(6, SOL_SOCKET, SO_LINGER, {onoff=1, linger=32767}, 8) = 0
22384 14:54:41.789184 rt_sigaction(SIGALRM, {0x805cad0, ~[RTMIN RT_1], 0}, NULL, 8) = 0
22384 14:54:41.789197 alarm(300)        = 300
22384 14:54:41.789210 write(0, "150 Opening BINARY mode data connection for myfile23 (17 bytes).\r\n", 66) = 66
22384 14:54:41.789252 _llseek(4, 0, [0], SEEK_CUR) = 0
22384 14:54:41.789264 fstat64(4, {st_mode=S_IFREG|0644, st_size=17, ...}) = 0
22384 14:54:41.789281 _llseek(4, 0, [0], SEEK_SET) = 0
22384 14:54:41.789292 sendfile(6, 4, NULL, 17) = 17
22384 14:54:41.789322 rt_sigaction(SIGALRM, {0x805cad0, ~[RTMIN RT_1], 0}, NULL, 8) = 0
22384 14:54:41.789336 alarm(300)        = 300
22384 14:54:41.789345 close(6)          = 0
22384 14:54:41.789355 alarm(0)          = 300
22384 14:54:41.789364 gettimeofday({1495652081, 789368}, NULL) = 0
22384 14:54:41.789380 gettimeofday({1495652081, 789384}, NULL) = 0
22384 14:54:41.789394 fcntl64(3, F_SETLKW64, {type=F_WRLCK, whence=SEEK_SET, start=0, len=0}, 0xbf9432f4) = 0
22384 14:54:41.789408 write(3, "Wed May 24 14:54:41 2017 [pid 22384] [msfadmin] OK DOWNLOAD: Client \"127.0.0.1\", \"/home/msfadmin/myfile23\", 17 bytes, 29.18Kbyte/sec\n", 133) = 133
22384 14:54:41.789435 fcntl64(3, F_SETLK64, {type=F_UNLCK, whence=SEEK_SET, start=0, len=0}, 0xbf9432fc) = 0
22384 14:54:41.789449 write(0, "226 Transfer complete.\r\n", 24) = 24
22384 14:54:41.789464 write(5, "\n", 1) = 1
22384 14:54:41.789475 read(5,  <unfinished ...>
22382 14:54:41.789481 close(6)          = 0
22382 14:54:41.789563 read(4, "\n", 1)  = 1
22382 14:54:41.789576 close(5)          = 0
22382 14:54:41.789587 write(4, "\1", 1) = 1
22384 14:54:41.789598 <... read resumed> "\1", 1) = 1
22384 14:54:41.789605 close(4)          = 0
22384 14:54:41.789615 rt_sigaction(SIGALRM, {0x805cad0, ~[RTMIN RT_1], 0}, NULL, 8) = 0
22384 14:54:41.789628 alarm(300)        = 0
22384 14:54:41.789639 recv(0,  <unfinished ...>
22382 14:54:41.789646 read(4,  <unfinished ...>
22381 14:54:42.148152 <... recv resumed> "TYPE I\r\n", 4096, MSG_PEEK) = 8
22381 14:54:42.148183 read(0, "TYPE I\r\n", 8) = 8
22381 14:54:42.148206 write(0, "200 Switching to Binary mode.\r\n", 31) = 31
22381 14:54:42.148252 rt_sigaction(SIGALRM, {0x805cad0, ~[RTMIN RT_1], 0}, NULL, 8) = 0
22381 14:54:42.148270 alarm(300)        = 299
22381 14:54:42.148282 recv(0, "PASV\r\n", 4096, MSG_PEEK) = 6
22381 14:54:42.148293 read(0, "PASV\r\n", 6) = 6
22381 14:54:42.148305 write(5, "\n", 1 <unfinished ...>
22379 14:54:42.148316 <... read resumed> "\n", 1) = 1
22381 14:54:42.148321 <... write resumed> ) = 1
22379 14:54:42.148329 write(4, "\1", 1 <unfinished ...>
22381 14:54:42.148335 read(5,  <unfinished ...>
22379 14:54:42.148341 <... write resumed> ) = 1
22381 14:54:42.148345 <... read resumed> "\1", 1) = 1
22379 14:54:42.148353 read(4,  <unfinished ...>
22381 14:54:42.148357 write(5, "\f", 1 <unfinished ...>
22379 14:54:42.148364 <... read resumed> "\f", 1) = 1
22381 14:54:42.148369 <... write resumed> ) = 1
22379 14:54:42.148377 socket(PF_INET, SOCK_STREAM, IPPROTO_TCP <unfinished ...>
22381 14:54:42.148383 read(5,  <unfinished ...>
22379 14:54:42.148392 <... socket resumed> ) = 5
22379 14:54:42.148399 setsockopt(5, SOL_SOCKET, SO_REUSEADDR, [1], 4) = 0
22379 14:54:42.148414 bind(5, {sa_family=AF_INET, sin_port=htons(53225), sin_addr=inet_addr("127.0.0.1")}, 16) = 0
22379 14:54:42.148430 listen(5, 1)      = 0
22379 14:54:42.148443 write(4, "\351\317\0\0", 4 <unfinished ...>
22381 14:54:42.148452 <... read resumed> "\351\317\0\0", 4) = 4
22379 14:54:42.148457 <... write resumed> ) = 4
22381 14:54:42.148468 write(0, "227 Entering Passive Mode (127,0,0,1,207,233).\r\n", 48 <unfinished ...>
22379 14:54:42.148477 read(4,  <unfinished ...>
22381 14:54:42.148576 <... write resumed> ) = 48
22381 14:54:42.148588 rt_sigaction(SIGALRM, {0x805cad0, ~[RTMIN RT_1], 0}, NULL, 8) = 0
22381 14:54:42.148603 alarm(300)        = 300
22381 14:54:42.148614 recv(0, "STOR myfile32\r\n", 4096, MSG_PEEK) = 15
22381 14:54:42.148626 read(0, "STOR myfile32\r\n", 15) = 15
22381 14:54:42.148639 write(5, "\v", 1 <unfinished ...>
22379 14:54:42.148647 <... read resumed> "\v", 1) = 1
22381 14:54:42.148651 <... write resumed> ) = 1
22379 14:54:42.148657 write(4, "\1\0\0\0", 4) = 4
22379 14:54:42.148668 read(4,  <unfinished ...>
22381 14:54:42.148674 read(5, "\1\0\0\0", 4) = 4
22381 14:54:42.148686 gettimeofday({1495652082, 148690}, NULL) = 0
22381 14:54:42.148697 getcwd("/home/msfadmin", 4096) = 15
22381 14:54:42.148709 open("myfile32", O_WRONLY|O_CREAT|O_NONBLOCK|O_LARGEFILE, 0666) = 4
22381 14:54:42.148724 fstat64(4, {st_mode=S_IFREG|0644, st_size=17, ...}) = 0
22381 14:54:42.148741 fcntl64(4, F_GETFL) = 0x8801 (flags O_WRONLY|O_NONBLOCK|O_LARGEFILE)
22381 14:54:42.148752 fcntl64(4, F_SETFL, O_WRONLY|O_LARGEFILE) = 0
22381 14:54:42.148762 fcntl64(4, F_SETLKW64, {type=F_WRLCK, whence=SEEK_SET, start=0, len=0}, 0xbfecf0c4) = 0
22381 14:54:42.148776 ftruncate64(4, 0) = 0
22381 14:54:42.148796 _llseek(4, 0, [0], SEEK_SET) = 0
22381 14:54:42.148807 write(5, "\v", 1 <unfinished ...>
22379 14:54:42.148814 <... read resumed> "\v", 1) = 1
22381 14:54:42.148819 <... write resumed> ) = 1
22379 14:54:42.148843 write(4, "\1\0\0\0", 4) = 4
22379 14:54:42.148857 read(4,  <unfinished ...>
22381 14:54:42.148879 read(5, "\1\0\0\0", 4) = 4
22381 14:54:42.148891 write(5, "\v", 1 <unfinished ...>
22379 14:54:42.148898 <... read resumed> "\v", 1) = 1
22381 14:54:42.148902 <... write resumed> ) = 1
22379 14:54:42.148908 write(4, "\1\0\0\0", 4) = 4
22379 14:54:42.148918 read(4,  <unfinished ...>
22381 14:54:42.148925 read(5, "\1\0\0\0", 4) = 4
22381 14:54:42.148936 write(5, "\r", 1 <unfinished ...>
22379 14:54:42.148942 <... read resumed> "\r", 1) = 1
22381 14:54:42.148947 <... write resumed> ) = 1
22379 14:54:42.148954 select(6, [5], NULL, NULL, {60, 0}) = 1 (in [5], left {60, 0})
22379 14:54:42.148970 accept(5, {sa_family=AF_INET, sin_port=htons(56080), sin_addr=inet_addr("127.0.0.1")}, [16]) = 6
22379 14:54:42.148992 write(4, "\1", 1) = 1
22379 14:54:42.149004 sendmsg(4, {msg_name(0)=NULL, msg_iov(1)=[{"\0", 1}], msg_controllen=16, {cmsg_len=16, cmsg_level=SOL_SOCKET, cmsg_type=SCM_RIGHTS, {6}}, msg_flags=0}, 0) = 1
22379 14:54:42.149020 close(6)          = 0
22379 14:54:42.149030 read(4,  <unfinished ...>
22381 14:54:42.149036 read(5, "\1", 1)  = 1
22381 14:54:42.149049 recvmsg(5, {msg_name(0)=NULL, msg_iov(1)=[{"\0", 1}], msg_controllen=16, {cmsg_len=16, cmsg_level=SOL_SOCKET, cmsg_type=SCM_RIGHTS, {6}}, msg_flags=0}, 0) = 1
22381 14:54:42.149066 setsockopt(6, SOL_SOCKET, SO_KEEPALIVE, [1], 4) = 0
22381 14:54:42.149078 setsockopt(6, SOL_IP, IP_TOS, [8], 4) = 0
22381 14:54:42.149090 setsockopt(6, SOL_SOCKET, SO_LINGER, {onoff=1, linger=32767}, 8) = 0
22381 14:54:42.149101 rt_sigaction(SIGALRM, {0x805cad0, ~[RTMIN RT_1], 0}, NULL, 8) = 0
22381 14:54:42.149114 alarm(300)        = 300
22381 14:54:42.149126 write(0, "150 Ok to send data.\r\n", 22) = 22
22381 14:54:42.149191 read(6, "assasaaa\na\na\na\na\n", 65536) = 17
22381 14:54:42.149205 write(4, "assasaaa\na\na\na\na\n", 17) = 17
22381 14:54:42.149221 read(6, "", 65536) = 0
22381 14:54:42.149231 rt_sigaction(SIGALRM, {0x805cad0, ~[RTMIN RT_1], 0}, NULL, 8) = 0
22381 14:54:42.149245 alarm(300)        = 300
22381 14:54:42.149254 close(6)          = 0
22381 14:54:42.149271 alarm(0)          = 300
22381 14:54:42.149280 gettimeofday({1495652082, 149284}, NULL) = 0
22381 14:54:42.149296 gettimeofday({1495652082, 149300}, NULL) = 0
22381 14:54:42.149310 fcntl64(3, F_SETLKW64, {type=F_WRLCK, whence=SEEK_SET, start=0, len=0}, 0xbfecf064) = 0
22381 14:54:42.149324 write(3, "Wed May 24 14:54:42 2017 [pid 22381] [msfadmin] OK UPLOAD: Client \"127.0.0.1\", \"/home/msfadmin/myfile32\", 17 bytes, 27.22Kbyte/sec\n", 131) = 131
22381 14:54:42.149346 fcntl64(3, F_SETLK64, {type=F_UNLCK, whence=SEEK_SET, start=0, len=0}, 0xbfecf06c) = 0
22381 14:54:42.149359 write(0, "226 Transfer complete.\r\n", 24) = 24
22381 14:54:42.149401 write(5, "\n", 1 <unfinished ...>
22379 14:54:42.149410 <... read resumed> "\n", 1) = 1
22381 14:54:42.149415 <... write resumed> ) = 1
22379 14:54:42.149421 close(5)          = 0
22379 14:54:42.149432 write(4, "\1", 1) = 1
22379 14:54:42.149443 read(4,  <unfinished ...>
22381 14:54:42.149450 read(5, "\1", 1)  = 1
22381 14:54:42.149460 close(4)          = 0
22381 14:54:42.149470 rt_sigaction(SIGALRM, {0x805cad0, ~[RTMIN RT_1], 0}, NULL, 8) = 0
22381 14:54:42.149483 alarm(300)        = 0
22381 14:54:42.149494 recv(0,  <unfinished ...>
22384 14:54:42.368115 <... recv resumed> "USER msfadmin\r\n", 4096, MSG_PEEK) = 15
22384 14:54:42.368164 read(0, "USER msfadmin\r\n", 15) = 15
22384 14:54:42.368199 write(0, "331 Any password will do.\r\n", 27) = 27
22384 14:54:42.368261 rt_sigaction(SIGALRM, {0x805cad0, ~[RTMIN RT_1], 0}, NULL, 8) = 0
22384 14:54:42.368288 alarm(300)        = 299
22384 14:54:42.368306 recv(0, "PASS msfadmin\r\n", 4096, MSG_PEEK) = 15
22384 14:54:42.368324 read(0, "PASS msfadmin\r\n", 15) = 15
22384 14:54:42.368349 write(0, "230 Already logged in.\r\n", 24) = 24
22384 14:54:42.368433 rt_sigaction(SIGALRM, {0x805cad0, ~[RTMIN RT_1], 0}, NULL, 8) = 0
22384 14:54:42.368457 alarm(300)        = 300
22384 14:54:42.368474 recv(0, "TYPE I\r\n", 4096, MSG_PEEK) = 8
22384 14:54:42.368491 read(0, "TYPE I\r\n", 8) = 8
22384 14:54:42.368513 write(0, "200 Switching to Binary mode.\r\n", 31) = 31
22384 14:54:42.368576 rt_sigaction(SIGALRM, {0x805cad0, ~[RTMIN RT_1], 0}, NULL, 8) = 0
22384 14:54:42.368598 alarm(300)        = 300
22384 14:54:42.368616 recv(0, "PASV\r\n", 4096, MSG_PEEK) = 6
22384 14:54:42.368633 read(0, "PASV\r\n", 6) = 6
22384 14:54:42.368650 write(5, "\n", 1) = 1
22384 14:54:42.368669 read(5,  <unfinished ...>
22382 14:54:42.368681 <... read resumed> "\n", 1) = 1
22382 14:54:42.368694 write(4, "\1", 1) = 1
22384 14:54:42.368710 <... read resumed> "\1", 1) = 1
22384 14:54:42.368721 write(5, "\f", 1) = 1
22384 14:54:42.368737 read(5,  <unfinished ...>
22382 14:54:42.368747 read(4, "\f", 1)  = 1
22382 14:54:42.368764 socket(PF_INET, SOCK_STREAM, IPPROTO_TCP) = 5
22382 14:54:42.368787 setsockopt(5, SOL_SOCKET, SO_REUSEADDR, [1], 4) = 0
22382 14:54:42.368811 bind(5, {sa_family=AF_INET, sin_port=htons(36742), sin_addr=inet_addr("127.0.0.1")}, 16) = 0
22382 14:54:42.368835 listen(5, 1)      = 0
22382 14:54:42.368854 write(4, "\206\217\0\0", 4) = 4
22384 14:54:42.368872 <... read resumed> "\206\217\0\0", 4) = 4
22384 14:54:42.368892 write(0, "227 Entering Passive Mode (127,0,0,1,143,134).\r\n", 48) = 48
22384 14:54:42.369085 rt_sigaction(SIGALRM, {0x805cad0, ~[RTMIN RT_1], 0}, NULL, 8) = 0
22384 14:54:42.369112 alarm(300)        = 300
22384 14:54:42.369130 recv(0, "RETR myfile24\r\n", 4096, MSG_PEEK) = 15
22384 14:54:42.369148 read(0, "RETR myfile24\r\n", 15) = 15
22384 14:54:42.369169 write(5, "\v", 1) = 1
22384 14:54:42.369185 read(5,  <unfinished ...>
22382 14:54:42.369196 read(4, "\v", 1)  = 1
22382 14:54:42.369213 write(4, "\1\0\0\0", 4) = 4
22384 14:54:42.369229 <... read resumed> "\1\0\0\0", 4) = 4
22384 14:54:42.369242 gettimeofday({1495652082, 369247}, NULL) = 0
22384 14:54:42.369258 getcwd("/home/msfadmin", 4096) = 15
22384 14:54:42.369277 open("myfile24", O_RDONLY|O_NONBLOCK|O_LARGEFILE) = 4
22384 14:54:42.369297 fcntl64(4, F_SETLKW64, {type=F_RDLCK, whence=SEEK_SET, start=0, len=0}, 0xbf943354) = 0
22384 14:54:42.369319 fstat64(4, {st_mode=S_IFREG|0644, st_size=17, ...}) = 0
22384 14:54:42.369346 fcntl64(4, F_GETFL) = 0x8800 (flags O_RDONLY|O_NONBLOCK|O_LARGEFILE)
22384 14:54:42.369362 fcntl64(4, F_SETFL, O_RDONLY|O_LARGEFILE) = 0
22384 14:54:42.369379 write(5, "\v", 1) = 1
22384 14:54:42.369396 read(5,  <unfinished ...>
22382 14:54:42.369406 read(4, "\v", 1)  = 1
22382 14:54:42.369422 write(4, "\1\0\0\0", 4) = 4
22384 14:54:42.369438 <... read resumed> "\1\0\0\0", 4) = 4
22384 14:54:42.369451 write(5, "\v", 1) = 1
22384 14:54:42.369466 read(5,  <unfinished ...>
22382 14:54:42.369476 read(4, "\v", 1)  = 1
22382 14:54:42.369492 write(4, "\1\0\0\0", 4) = 4
22384 14:54:42.369508 <... read resumed> "\1\0\0\0", 4) = 4
22384 14:54:42.369520 write(5, "\r", 1) = 1
22384 14:54:42.369535 read(5,  <unfinished ...>
22382 14:54:42.369544 read(4, "\r", 1)  = 1
22382 14:54:42.369562 select(6, [5], NULL, NULL, {60, 0}) = 1 (in [5], left {60, 0})
22382 14:54:42.369586 accept(5, {sa_family=AF_INET, sin_port=htons(51058), sin_addr=inet_addr("127.0.0.1")}, [16]) = 6
