17853 14:08:24.247511 fstat64(6, {st_mode=S_IFREG|0644, st_size=372, ...}) = 0
17853 14:08:24.247527 mmap2(NULL, 4096, PROT_READ|PROT_WRITE, MAP_PRIVATE|MAP_ANONYMOUS, -1, 0) = 0xb7faf000
17853 14:08:24.247538 read(6, "#\n# /etc/pam.d/common-session - session-related modules common to all services\n#\n# This file is included from other service-specific PAM config files,\n# and should contain a list of modules that define tasks to be performed\n# at the start and end of sessions of *any* kind (both interactive and\n# non-interactive).  The default is pam_unix.\n#\nsession\trequired\tpam_unix.so\n", 4096) = 372
17853 14:08:24.247577 read(6, "", 4096) = 0
17853 14:08:24.247587 close(6)          = 0
17853 14:08:24.247596 munmap(0xb7faf000, 4096) = 0
17853 14:08:24.247607 read(5, "", 4096) = 0
17853 14:08:24.247616 close(5)          = 0
17853 14:08:24.247626 munmap(0xb7fb5000, 4096) = 0
17853 14:08:24.247639 time(NULL)        = 1495649304
17853 14:08:24.247651 lstat64("/etc/ftpusers", {st_mode=S_IFREG|0644, st_size=132, ...}) = 0
17853 14:08:24.247669 open("/etc/ftpusers", O_RDONLY|O_LARGEFILE) = 5
17853 14:08:24.247682 fstat64(5, {st_mode=S_IFREG|0644, st_size=132, ...}) = 0
17853 14:08:24.247698 mmap2(NULL, 4096, PROT_READ|PROT_WRITE, MAP_PRIVATE|MAP_ANONYMOUS, -1, 0) = 0xb7fb5000
17853 14:08:24.247708 read(5, "# /etc/ftpusers: list of users disallowed FTP access. See ftpusers(5).\n\nroot\ndaemon\nbin\nsys\nsync\ngames\nman\nlp\nmail\nnews\nuucp\nnobody\n", 4096) = 132
17853 14:08:24.247729 read(5, "", 4096) = 0
17853 14:08:24.247739 close(5)          = 0
17853 14:08:24.247748 munmap(0xb7fb5000, 4096) = 0
17853 14:08:24.247764 getuid32()        = 0
17853 14:08:24.247781 open("/etc/passwd", O_RDONLY|0x80000 /* O_??? */) = 5
17853 14:08:24.247796 _llseek(5, 0, [0], SEEK_CUR) = 0
17853 14:08:24.247807 fstat64(5, {st_mode=S_IFREG|0644, st_size=1624, ...}) = 0
17853 14:08:24.247824 mmap2(NULL, 1624, PROT_READ, MAP_SHARED, 5, 0) = 0xb7fb5000
17853 14:08:24.247835 _llseek(5, 1624, [1624], SEEK_SET) = 0
17853 14:08:24.247854 munmap(0xb7fb5000, 1624) = 0
17853 14:08:24.247865 close(5)          = 0
17853 14:08:24.247889 open("/etc/shadow", O_RDONLY|0x80000 /* O_??? */) = 5
17853 14:08:24.247907 _llseek(5, 0, [0], SEEK_CUR) = 0
17853 14:08:24.247918 fstat64(5, {st_mode=S_IFREG|0640, st_size=1233, ...}) = 0
17853 14:08:24.247934 mmap2(NULL, 1233, PROT_READ, MAP_SHARED, 5, 0) = 0xb7fb5000
17853 14:08:24.247948 _llseek(5, 1233, [1233], SEEK_SET) = 0
17853 14:08:24.247968 munmap(0xb7fb5000, 1233) = 0
17853 14:08:24.247978 close(5)          = 0
17853 14:08:24.247997 open("/etc/passwd", O_RDONLY|0x80000 /* O_??? */) = 5
17853 14:08:24.248011 _llseek(5, 0, [0], SEEK_CUR) = 0
17853 14:08:24.248021 fstat64(5, {st_mode=S_IFREG|0644, st_size=1624, ...}) = 0
17853 14:08:24.248037 mmap2(NULL, 1624, PROT_READ, MAP_SHARED, 5, 0) = 0xb7fb5000
17853 14:08:24.248048 _llseek(5, 1624, [1624], SEEK_SET) = 0
17853 14:08:24.248064 munmap(0xb7fb5000, 1624) = 0
17853 14:08:24.248074 close(5)          = 0
17853 14:08:24.248087 open("/etc/shadow", O_RDONLY|0x80000 /* O_??? */) = 5
17853 14:08:24.248100 _llseek(5, 0, [0], SEEK_CUR) = 0
17853 14:08:24.248126 fstat64(5, {st_mode=S_IFREG|0640, st_size=1233, ...}) = 0
17853 14:08:24.248159 mmap2(NULL, 1233, PROT_READ, MAP_SHARED, 5, 0) = 0xb7fb5000
17853 14:08:24.248171 _llseek(5, 1233, [1233], SEEK_SET) = 0
17853 14:08:24.248188 munmap(0xb7fb5000, 1233) = 0
17853 14:08:24.248198 close(5)          = 0
17853 14:08:24.248432 getuid32()        = 0
17853 14:08:24.248444 open("/etc/passwd", O_RDONLY|0x80000 /* O_??? */) = 5
17853 14:08:24.248457 _llseek(5, 0, [0], SEEK_CUR) = 0
17853 14:08:24.248467 fstat64(5, {st_mode=S_IFREG|0644, st_size=1624, ...}) = 0
17853 14:08:24.248483 mmap2(NULL, 1624, PROT_READ, MAP_SHARED, 5, 0) = 0xb7fb5000
17853 14:08:24.248494 _llseek(5, 1624, [1624], SEEK_SET) = 0
17853 14:08:24.248510 munmap(0xb7fb5000, 1624) = 0
17853 14:08:24.248520 close(5)          = 0
17853 14:08:24.248533 open("/etc/shadow", O_RDONLY|0x80000 /* O_??? */) = 5
17853 14:08:24.248546 _llseek(5, 0, [0], SEEK_CUR) = 0
17853 14:08:24.248556 fstat64(5, {st_mode=S_IFREG|0640, st_size=1233, ...}) = 0
17853 14:08:24.248572 mmap2(NULL, 1233, PROT_READ, MAP_SHARED, 5, 0) = 0xb7fb5000
17853 14:08:24.248582 _llseek(5, 1233, [1233], SEEK_SET) = 0
17853 14:08:24.248599 munmap(0xb7fb5000, 1233) = 0
17853 14:08:24.248608 close(5)          = 0
17853 14:08:24.248620 time(NULL)        = 1495649304
17853 14:08:24.248635 munmap(0xb7fb2000, 12164) = 0
17853 14:08:24.248649 munmap(0xb7fb0000, 7136) = 0
17853 14:08:24.248663 munmap(0xb7de5000, 95428) = 0
17853 14:08:24.248674 munmap(0xb7dab000, 201052) = 0
17853 14:08:24.248686 munmap(0xb7d92000, 101180) = 0
17853 14:08:24.248702 gettimeofday({1495649304, 248706}, NULL) = 0
17853 14:08:24.248714 stat64("/usr/share/zoneinfo/UTC+04:00", 0xbff3a8a4) = -1 ENOENT (No such file or directory)
17853 14:08:24.248729 open("/usr/share/zoneinfo/UTC+04:00", O_RDONLY) = -1 ENOENT (No such file or directory)
17853 14:08:24.248755 fcntl64(3, F_SETLKW64, {type=F_WRLCK, whence=SEEK_SET, start=0, len=0}, 0xbff3a9f4) = 0
17853 14:08:24.248772 write(3, "Wed May 24 14:08:24 2017 [pid 17853] [msfadmin] OK LOGIN: Client \"127.0.0.1\"\n", 77) = 77
17853 14:08:24.248789 fcntl64(3, F_SETLK64, {type=F_UNLCK, whence=SEEK_SET, start=0, len=0}, 0xbff3a9fc) = 0
17853 14:08:24.248802 rt_sigaction(SIGCHLD, {0x805cad0, ~[RTMIN RT_1], 0}, NULL, 8) = 0
17853 14:08:24.248817 write(4, "\1", 1 <unfinished ...>
17854 14:08:24.248827 <... read resumed> "\1", 1) = 1
17853 14:08:24.248832 <... write resumed> ) = 1
17854 14:08:24.248840 exit_group(0)     = ?
17853 14:08:24.248868 --- SIGCHLD (Child exited) @ 0 (0) ---
17853 14:08:24.248876 sigreturn()       = ? (mask now [])
17853 14:08:24.248894 wait4(-1, [{WIFEXITED(s) && WEXITSTATUS(s) == 0}], 0, NULL) = 17854
17853 14:08:24.248908 close(4)          = 0
17853 14:08:24.248921 socketpair(PF_FILE, SOCK_STREAM, 0, [4, 5]) = 0
17853 14:08:24.248934 rt_sigaction(SIGCHLD, {0x805cad0, ~[RTMIN RT_1], 0}, NULL, 8) = 0
17853 14:08:24.248948 rt_sigaction(SIGALRM, {0x805cb10, ~[RTMIN RT_1], 0}, NULL, 8) = 0
17853 14:08:24.248962 clone(child_stack=0, flags=CLONE_CHILD_CLEARTID|CLONE_CHILD_SETTID|SIGCHLD, child_tidptr=0xb7e1b6f8) = 17855
17855 14:08:24.249011 prctl(0x1, 0x9, 0, 0, 0) = 0
17855 14:08:24.249025 close(4)          = 0
17855 14:08:24.249051 open("/etc/passwd", O_RDONLY|0x80000 /* O_??? */) = 4
17855 14:08:24.249069 _llseek(4, 0, [0], SEEK_CUR) = 0
17855 14:08:24.249103 fstat64(4, {st_mode=S_IFREG|0644, st_size=1624, ...}) = 0
17855 14:08:24.249131 mmap2(NULL, 1624, PROT_READ, MAP_SHARED, 4, 0) = 0xb7fb5000
17855 14:08:24.249143 _llseek(4, 1624, [1624], SEEK_SET) = 0
17855 14:08:24.249166 munmap(0xb7fb5000, 1624) = 0
17855 14:08:24.249178 close(4)          = 0
17855 14:08:24.249192 getuid32()        = 0
17855 14:08:24.249202 open("/etc/passwd", O_RDONLY|0x80000 /* O_??? */) = 4
17855 14:08:24.249216 _llseek(4, 0, [0], SEEK_CUR) = 0
17855 14:08:24.249226 fstat64(4, {st_mode=S_IFREG|0644, st_size=1624, ...}) = 0
17855 14:08:24.249243 mmap2(NULL, 1624, PROT_READ, MAP_SHARED, 4, 0) = 0xb7fb5000
17855 14:08:24.249254 _llseek(4, 1624, [1624], SEEK_SET) = 0
17855 14:08:24.249270 munmap(0xb7fb5000, 1624) = 0
17855 14:08:24.249279 close(4)          = 0
17855 14:08:24.249305 open("/proc/sys/kernel/ngroups_max", O_RDONLY) = 4
17855 14:08:24.249326 read(4, "65536\n", 31) = 6
17855 14:08:24.249339 close(4)          = 0
17855 14:08:24.249352 socket(PF_FILE, SOCK_STREAM, 0) = 4
17855 14:08:24.249364 fcntl64(4, F_SETFL, O_RDWR|O_NONBLOCK) = 0
17855 14:08:24.249375 connect(4, {sa_family=AF_FILE, path="/var/run/nscd/socket"}, 110) = -1 ENOENT (No such file or directory)
17855 14:08:24.249397 close(4)          = 0
17855 14:08:24.249408 socket(PF_FILE, SOCK_STREAM, 0) = 4
17855 14:08:24.249419 fcntl64(4, F_SETFL, O_RDWR|O_NONBLOCK) = 0
17855 14:08:24.249429 connect(4, {sa_family=AF_FILE, path="/var/run/nscd/socket"}, 110) = -1 ENOENT (No such file or directory)
17855 14:08:24.249448 close(4)          = 0
17855 14:08:24.249471 open("/etc/group", O_RDONLY|0x80000 /* O_??? */) = 4
17855 14:08:24.249486 _llseek(4, 0, [0], SEEK_CUR) = 0
17855 14:08:24.249497 fstat64(4, {st_mode=S_IFREG|0644, st_size=886, ...}) = 0
17855 14:08:24.249513 mmap2(NULL, 886, PROT_READ, MAP_SHARED, 4, 0) = 0xb7fb5000
17855 14:08:24.249525 _llseek(4, 886, [886], SEEK_SET) = 0
17855 14:08:24.249549 fstat64(4, {st_mode=S_IFREG|0644, st_size=886, ...}) = 0
17855 14:08:24.249566 munmap(0xb7fb5000, 886) = 0
17855 14:08:24.249576 close(4)          = 0
17855 14:08:24.249586 setgroups32(13, [1000, 4, 20, 24, 25, 29, 30, 44, 46, 107, 111, 112, 119]) = 0
17855 14:08:24.249603 geteuid32()       = 0
17855 14:08:24.249614 getegid32()       = 0
17855 14:08:24.249625 setregid32(-1, 1000) = 0
17855 14:08:24.249635 setreuid32(-1, 1000) = 0
17855 14:08:24.249646 chdir("/home/msfadmin") = 0
17855 14:08:24.249658 setreuid32(-1, 0) = 0
17855 14:08:24.249667 setregid32(-1, 0) = 0
17855 14:08:24.249678 setgid32(1000)    = 0
17855 14:08:24.249688 setuid32(1000)    = 0
17855 14:08:24.249699 setrlimit(RLIMIT_NPROC, {rlim_cur=0, rlim_max=0}) = 0
17855 14:08:24.249712 mmap2(NULL, 12288, PROT_READ|PROT_WRITE, MAP_PRIVATE|MAP_ANONYMOUS, -1, 0) = 0xb7fb3000
17855 14:08:24.249723 mprotect(0xb7fb5000, 4096, PROT_NONE) = 0
17855 14:08:24.249735 mprotect(0xb7fb3000, 4096, PROT_NONE) = 0
17855 14:08:24.249746 getcwd("/home/msfadmin", 4096) = 15
17855 14:08:24.249760 umask(022)        = 077
17855 14:08:24.249770 getcwd("/home/msfadmin", 4096) = 15
17855 14:08:24.249784 open(".message", O_RDONLY|O_NONBLOCK|O_LARGEFILE) = -1 ENOENT (No such file or directory)
17855 14:08:24.249806 write(0, "230 Login successful.\r\n", 23) = 23
17855 14:08:24.249871 rt_sigaction(SIGALRM, {0x805cad0, ~[RTMIN RT_1], 0}, NULL, 8) = 0
17855 14:08:24.249889 alarm(300)        = 0
17855 14:08:24.249900 mmap2(NULL, 12288, PROT_READ|PROT_WRITE, MAP_PRIVATE|MAP_ANONYMOUS, -1, 0) = 0xb7fb0000
17855 14:08:24.249911 mprotect(0xb7fb2000, 4096, PROT_NONE) = 0
17855 14:08:24.249922 mprotect(0xb7fb0000, 4096, PROT_NONE) = 0
17855 14:08:24.249935 recv(0, "TYPE I\r\n", 4096, MSG_PEEK) = 8
17855 14:08:24.249948 read(0, "TYPE I\r\n", 8) = 8
17855 14:08:24.249965 write(0, "200 Switching to Binary mode.\r\n", 31) = 31
17855 14:08:24.250005 rt_sigaction(SIGALRM, {0x805cad0, ~[RTMIN RT_1], 0}, NULL, 8) = 0
17855 14:08:24.250019 alarm(300)        = 300
17855 14:08:24.250031 recv(0, "PASV\r\n", 4096, MSG_PEEK) = 6
17855 14:08:24.250057 read(0, "PASV\r\n", 6) = 6
17855 14:08:24.250078 write(5, "\n", 1) = 1
17855 14:08:24.250100 read(5,  <unfinished ...>
17853 14:08:24.250112 close(5)          = 0
17853 14:08:24.250125 getuid32()        = 0
17853 14:08:24.250140 open("/etc/passwd", O_RDONLY|0x80000 /* O_??? */) = 5
17853 14:08:24.250155 _llseek(5, 0, [0], SEEK_CUR) = 0
17853 14:08:24.250167 fstat64(5, {st_mode=S_IFREG|0644, st_size=1624, ...}) = 0
17853 14:08:24.250185 mmap2(NULL, 1624, PROT_READ, MAP_SHARED, 5, 0) = 0xb7fb5000
17853 14:08:24.250197 _llseek(5, 1624, [1624], SEEK_SET) = 0
17853 14:08:24.250214 munmap(0xb7fb5000, 1624) = 0
17853 14:08:24.250226 close(5)          = 0
17853 14:08:24.250242 setgroups32(0, []) = 0
17853 14:08:24.250254 chdir("/usr/share/empty") = 0
17853 14:08:24.250266 chroot(".")       = 0
17853 14:08:24.250277 capset(NULL, NULL) = -1 EFAULT (Bad address)
17853 14:08:24.250291 prctl(0x8, 0, 0xbff3a9d8, 0x80549a6, 0xbff3a9c0) = 0
17853 14:08:24.250302 prctl(0x8, 0x1, 0xbff3a9d8, 0x8054a49, 0xbff3a9c0) = 0
17853 14:08:24.250313 setgid32(65534)   = 0
17853 14:08:24.250323 setuid32(65534)   = 0
17853 14:08:24.250332 capset(0x19980330, 0, {CAP_NET_BIND_SERVICE, CAP_NET_BIND_SERVICE, 0}) = 0
17853 14:08:24.250345 read(4, "\n", 1)  = 1
17853 14:08:24.250359 write(4, "\1", 1) = 1
17855 14:08:24.250370 <... read resumed> "\1", 1) = 1
17855 14:08:24.250378 write(5, "\f", 1) = 1
17855 14:08:24.250388 read(5,  <unfinished ...>
17853 14:08:24.250395 read(4, "\f", 1)  = 1
17853 14:08:24.250408 socket(PF_INET, SOCK_STREAM, IPPROTO_TCP) = 5
17853 14:08:24.250421 setsockopt(5, SOL_SOCKET, SO_REUSEADDR, [1], 4) = 0
17853 14:08:24.250433 gettimeofday({1495649304, 250436}, NULL) = 0
17853 14:08:24.250449 bind(5, {sa_family=AF_INET, sin_port=htons(42585), sin_addr=inet_addr("127.0.0.1")}, 16) = 0
17853 14:08:24.250465 listen(5, 1)      = 0
17853 14:08:24.250478 write(4, "Y\246\0\0", 4) = 4
17855 14:08:24.250489 <... read resumed> "Y\246\0\0", 4) = 4
17855 14:08:24.250504 write(0, "227 Entering Passive Mode (127,0,0,1,166,89).\r\n", 47) = 47
17855 14:08:24.250598 rt_sigaction(SIGALRM, {0x805cad0, ~[RTMIN RT_1], 0}, NULL, 8) = 0
17855 14:08:24.250615 alarm(300)        = 300
17855 14:08:24.250627 recv(0, "RETR myfile31\r\n", 4096, MSG_PEEK) = 15
17855 14:08:24.250639 read(0, "RETR myfile31\r\n", 15) = 15
17855 14:08:24.250654 write(5, "\v", 1) = 1
17855 14:08:24.250665 read(5,  <unfinished ...>
17853 14:08:24.250672 read(4, "\v", 1)  = 1
17853 14:08:24.250684 write(4, "\1\0\0\0", 4) = 4
17855 14:08:24.250694 <... read resumed> "\1\0\0\0", 4) = 4
17855 14:08:24.250703 gettimeofday({1495649304, 250707}, NULL) = 0
17855 14:08:24.250714 getcwd("/home/msfadmin", 4096) = 15
17855 14:08:24.250727 open("myfile31", O_RDONLY|O_NONBLOCK|O_LARGEFILE) = 4
17855 14:08:24.250740 fcntl64(4, F_SETLKW64, {type=F_RDLCK, whence=SEEK_SET, start=0, len=0}, 0xbff3a944) = 0
17855 14:08:24.250754 fstat64(4, {st_mode=S_IFREG|0644, st_size=17, ...}) = 0
17855 14:08:24.250771 fcntl64(4, F_GETFL) = 0x8800 (flags O_RDONLY|O_NONBLOCK|O_LARGEFILE)
17855 14:08:24.250782 fcntl64(4, F_SETFL, O_RDONLY|O_LARGEFILE) = 0
17855 14:08:24.250794 write(5, "\v", 1) = 1
17855 14:08:24.250805 read(5,  <unfinished ...>
17853 14:08:24.250812 read(4, "\v", 1)  = 1
17853 14:08:24.250824 write(4, "\1\0\0\0", 4) = 4
17855 14:08:24.250834 <... read resumed> "\1\0\0\0", 4) = 4
17855 14:08:24.250842 write(5, "\v", 1) = 1
17855 14:08:24.250852 read(5,  <unfinished ...>
17853 14:08:24.250859 read(4, "\v", 1)  = 1
17853 14:08:24.250870 write(4, "\1\0\0\0", 4) = 4
17855 14:08:24.250880 <... read resumed> "\1\0\0\0", 4) = 4
17855 14:08:24.250888 write(5, "\r", 1) = 1
17855 14:08:24.250898 read(5,  <unfinished ...>
17853 14:08:24.250905 read(4, "\r", 1)  = 1
17853 14:08:24.250918 select(6, [5], NULL, NULL, {60, 0}) = 1 (in [5], left {60, 0})
17853 14:08:24.250935 accept(5, {sa_family=AF_INET, sin_port=htons(60069), sin_addr=inet_addr("127.0.0.1")}, [16]) = 6
17853 14:08:24.250956 write(4, "\1", 1) = 1
17855 14:08:24.250967 <... read resumed> "\1", 1) = 1
17855 14:08:24.250976 recvmsg(5,  <unfinished ...>
17853 14:08:24.250986 sendmsg(4, {msg_name(0)=NULL, msg_iov(1)=[{"\0", 1}], msg_controllen=16, {cmsg_len=16, cmsg_level=SOL_SOCKET, cmsg_type=SCM_RIGHTS, {6}}, msg_flags=0}, 0) = 1
17855 14:08:24.251008 <... recvmsg resumed> {msg_name(0)=NULL, msg_iov(1)=[{"\0", 1}], msg_controllen=16, {cmsg_len=16, cmsg_level=SOL_SOCKET, cmsg_type=SCM_RIGHTS, {6}}, msg_flags=0}, 0) = 1
17855 14:08:24.251041 setsockopt(6, SOL_SOCKET, SO_KEEPALIVE, [1], 4) = 0
17855 14:08:24.251063 setsockopt(6, SOL_IP, IP_TOS, [8], 4) = 0
17855 14:08:24.251075 setsockopt(6, SOL_SOCKET, SO_LINGER, {onoff=1, linger=32767}, 8) = 0
17855 14:08:24.251087 rt_sigaction(SIGALRM, {0x805cad0, ~[RTMIN RT_1], 0}, NULL, 8) = 0
17855 14:08:24.251101 alarm(300)        = 300
17855 14:08:24.251115 write(0, "150 Opening BINARY mode data connection for myfile31 (17 bytes).\r\n", 66) = 66
17855 14:08:24.251159 _llseek(4, 0, [0], SEEK_CUR) = 0
17855 14:08:24.251171 fstat64(4, {st_mode=S_IFREG|0644, st_size=17, ...}) = 0
17855 14:08:24.251189 _llseek(4, 0, [0], SEEK_SET) = 0
17855 14:08:24.251202 sendfile(6, 4, NULL, 17) = 17
17855 14:08:24.251230 rt_sigaction(SIGALRM, {0x805cad0, ~[RTMIN RT_1], 0}, NULL, 8) = 0
17855 14:08:24.251244 alarm(300)        = 300
17855 14:08:24.251254 close(6)          = 0
17855 14:08:24.251263 alarm(0)          = 300
17855 14:08:24.251273 gettimeofday({1495649304, 251277}, NULL) = 0
17855 14:08:24.251290 getpid()          = 17855
17855 14:08:24.251303 gettimeofday({1495649304, 251306}, NULL) = 0
17855 14:08:24.251323 fcntl64(3, F_SETLKW64, {type=F_WRLCK, whence=SEEK_SET, start=0, len=0}, 0xbff3a8e4) = 0
17855 14:08:24.251339 write(3, "Wed May 24 14:08:24 2017 [pid 17855] [msfadmin] OK DOWNLOAD: Client \"127.0.0.1\", \"/home/msfadmin/myfile31\", 17 bytes, 27.72Kbyte/sec\n", 133) = 133
17855 14:08:24.251360 fcntl64(3, F_SETLK64, {type=F_UNLCK, whence=SEEK_SET, start=0, len=0}, 0xbff3a8ec) = 0
17855 14:08:24.251374 write(0, "226 Transfer complete.\r\n", 24) = 24
17855 14:08:24.251391 write(5, "\n", 1) = 1
17855 14:08:24.251402 read(5,  <unfinished ...>
17853 14:08:24.251409 close(6)          = 0
17853 14:08:24.251486 read(4, "\n", 1)  = 1
17853 14:08:24.251500 close(5)          = 0
17853 14:08:24.251511 write(4, "\1", 1) = 1
17855 14:08:24.251523 <... read resumed> "\1", 1) = 1
17855 14:08:24.251530 close(4)          = 0
17855 14:08:24.251541 rt_sigaction(SIGALRM, {0x805cad0, ~[RTMIN RT_1], 0}, NULL, 8) = 0
17855 14:08:24.251555 alarm(300)        = 0
17855 14:08:24.251566 recv(0,  <unfinished ...>
17853 14:08:24.251574 read(4,  <unfinished ...>
17851 14:08:24.497092 <... recv resumed> "TYPE I\r\n", 4096, MSG_PEEK) = 8
17851 14:08:24.497119 read(0, "TYPE I\r\n", 8) = 8
17851 14:08:24.497141 write(0, "200 Switching to Binary mode.\r\n", 31) = 31
17851 14:08:24.497191 rt_sigaction(SIGALRM, {0x805cad0, ~[RTMIN RT_1], 0}, NULL, 8) = 0
17851 14:08:24.497209 alarm(300)        = 299
17851 14:08:24.497235 recv(0, "PASV\r\n", 4096, MSG_PEEK) = 6
17851 14:08:24.497250 read(0, "PASV\r\n", 6) = 6
17851 14:08:24.497268 write(5, "\n", 1 <unfinished ...>
17849 14:08:24.497279 <... read resumed> "\n", 1) = 1
17851 14:08:24.497285 <... write resumed> ) = 1
17849 14:08:24.497294 write(4, "\1", 1 <unfinished ...>
17851 14:08:24.497300 read(5,  <unfinished ...>
17849 14:08:24.497306 <... write resumed> ) = 1
17851 14:08:24.497311 <... read resumed> "\1", 1) = 1
17849 14:08:24.497319 read(4,  <unfinished ...>
17851 14:08:24.497323 write(5, "\f", 1 <unfinished ...>
17849 14:08:24.497331 <... read resumed> "\f", 1) = 1
17851 14:08:24.497336 <... write resumed> ) = 1
17849 14:08:24.497344 socket(PF_INET, SOCK_STREAM, IPPROTO_TCP <unfinished ...>
17851 14:08:24.497350 read(5,  <unfinished ...>
17849 14:08:24.497359 <... socket resumed> ) = 5
17849 14:08:24.497368 setsockopt(5, SOL_SOCKET, SO_REUSEADDR, [1], 4) = 0
17849 14:08:24.497382 bind(5, {sa_family=AF_INET, sin_port=htons(43425), sin_addr=inet_addr("127.0.0.1")}, 16) = 0
17849 14:08:24.497399 listen(5, 1)      = 0
17849 14:08:24.497413 write(4, "\241\251\0\0", 4 <unfinished ...>
17851 14:08:24.497422 <... read resumed> "\241\251\0\0", 4) = 4
17849 14:08:24.497427 <... write resumed> ) = 4
17851 14:08:24.497444 write(0, "227 Entering Passive Mode (127,0,0,1,169,161).\r\n", 48 <unfinished ...>
17849 14:08:24.497453 read(4,  <unfinished ...>
17851 14:08:24.497554 <... write resumed> ) = 48
17851 14:08:24.497567 rt_sigaction(SIGALRM, {0x805cad0, ~[RTMIN RT_1], 0}, NULL, 8) = 0
17851 14:08:24.497582 alarm(300)        = 300
17851 14:08:24.497593 recv(0, "STOR myfile26\r\n", 4096, MSG_PEEK) = 15
17851 14:08:24.497606 read(0, "STOR myfile26\r\n", 15) = 15
17851 14:08:24.497620 write(5, "\v", 1 <unfinished ...>
17849 14:08:24.497628 <... read resumed> "\v", 1) = 1
17851 14:08:24.497633 <... write resumed> ) = 1
17849 14:08:24.497640 write(4, "\1\0\0\0", 4 <unfinished ...>
17851 14:08:24.497646 read(5,  <unfinished ...>
17849 14:08:24.497653 <... write resumed> ) = 4
17851 14:08:24.497657 <... read resumed> "\1\0\0\0", 4) = 4
17849 14:08:24.497665 read(4,  <unfinished ...>
17851 14:08:24.497670 gettimeofday({1495649304, 497675}, NULL) = 0
17851 14:08:24.497682 getcwd("/home/msfadmin", 4096) = 15
17851 14:08:24.497695 open("myfile26", O_WRONLY|O_CREAT|O_NONBLOCK|O_LARGEFILE, 0666) = 4
17851 14:08:24.497710 fstat64(4, {st_mode=S_IFREG|0644, st_size=17, ...}) = 0
17851 14:08:24.497748 fcntl64(4, F_GETFL) = 0x8801 (flags O_WRONLY|O_NONBLOCK|O_LARGEFILE)
17851 14:08:24.497770 fcntl64(4, F_SETFL, O_WRONLY|O_LARGEFILE) = 0
17851 14:08:24.497780 fcntl64(4, F_SETLKW64, {type=F_WRLCK, whence=SEEK_SET, start=0, len=0}, 0xbf906af4) = 0
17851 14:08:24.497795 ftruncate64(4, 0) = 0
17851 14:08:24.497812 _llseek(4, 0, [0], SEEK_SET) = 0
17851 14:08:24.497824 write(5, "\v", 1 <unfinished ...>
17849 14:08:24.497832 <... read resumed> "\v", 1) = 1
17851 14:08:24.497837 <... write resumed> ) = 1
17849 14:08:24.497843 write(4, "\1\0\0\0", 4) = 4
17849 14:08:24.497854 read(4,  <unfinished ...>
17851 14:08:24.497861 read(5, "\1\0\0\0", 4) = 4
17851 14:08:24.497873 write(5, "\v", 1 <unfinished ...>
17849 14:08:24.497880 <... read resumed> "\v", 1) = 1
17851 14:08:24.497885 <... write resumed> ) = 1
17849 14:08:24.497891 write(4, "\1\0\0\0", 4) = 4
17849 14:08:24.497902 read(4,  <unfinished ...>
17851 14:08:24.497908 read(5, "\1\0\0\0", 4) = 4
17851 14:08:24.497920 write(5, "\r", 1 <unfinished ...>
17849 14:08:24.497927 <... read resumed> "\r", 1) = 1
17851 14:08:24.497932 <... write resumed> ) = 1
17849 14:08:24.497939 select(6, [5], NULL, NULL, {60, 0}) = 1 (in [5], left {60, 0})
17849 14:08:24.497955 accept(5, {sa_family=AF_INET, sin_port=htons(43536), sin_addr=inet_addr("127.0.0.1")}, [16]) = 6
17849 14:08:24.497978 write(4, "\1", 1) = 1
17849 14:08:24.497990 sendmsg(4, {msg_name(0)=NULL, msg_iov(1)=[{"\0", 1}], msg_controllen=16, {cmsg_len=16, cmsg_level=SOL_SOCKET, cmsg_type=SCM_RIGHTS, {6}}, msg_flags=0}, 0) = 1
17849 14:08:24.498006 close(6)          = 0
17849 14:08:24.498016 read(4,  <unfinished ...>
17851 14:08:24.498023 read(5, "\1", 1)  = 1
17851 14:08:24.498036 recvmsg(5, {msg_name(0)=NULL, msg_iov(1)=[{"\0", 1}], msg_controllen=16, {cmsg_len=16, cmsg_level=SOL_SOCKET, cmsg_type=SCM_RIGHTS, {6}}, msg_flags=0}, 0) = 1
17851 14:08:24.498054 setsockopt(6, SOL_SOCKET, SO_KEEPALIVE, [1], 4) = 0
17851 14:08:24.498066 setsockopt(6, SOL_IP, IP_TOS, [8], 4) = 0
17851 14:08:24.498078 setsockopt(6, SOL_SOCKET, SO_LINGER, {onoff=1, linger=32767}, 8) = 0
17851 14:08:24.498090 rt_sigaction(SIGALRM, {0x805cad0, ~[RTMIN RT_1], 0}, NULL, 8) = 0
17851 14:08:24.498103 alarm(300)        = 300
17851 14:08:24.498116 write(0, "150 Ok to send data.\r\n", 22) = 22
17851 14:08:24.498182 read(6, "assasaaa\na\na\na\na\n", 65536) = 17
17851 14:08:24.498196 write(4, "assasaaa\na\na\na\na\n", 17) = 17
17851 14:08:24.498231 read(6, "", 65536) = 0
17851 14:08:24.498246 rt_sigaction(SIGALRM, {0x805cad0, ~[RTMIN RT_1], 0}, NULL, 8) = 0
17851 14:08:24.498269 alarm(300)        = 300
17851 14:08:24.498280 close(6)          = 0
17851 14:08:24.498298 alarm(0)          = 300
17851 14:08:24.498308 gettimeofday({1495649304, 498312}, NULL) = 0
17851 14:08:24.498324 gettimeofday({1495649304, 498328}, NULL) = 0
17851 14:08:24.498338 fcntl64(3, F_SETLKW64, {type=F_WRLCK, whence=SEEK_SET, start=0, len=0}, 0xbf906a94) = 0
17851 14:08:24.498357 write(3, "Wed May 24 14:08:24 2017 [pid 17851] [msfadmin] OK UPLOAD: Client \"127.0.0.1\", \"/home/msfadmin/myfile26\", 17 bytes, 25.42Kbyte/sec\n", 131) = 131
17851 14:08:24.498378 fcntl64(3, F_SETLK64, {type=F_UNLCK, whence=SEEK_SET, start=0, len=0}, 0xbf906a9c) = 0
17851 14:08:24.498393 write(0, "226 Transfer complete.\r\n", 24) = 24
17851 14:08:24.498436 write(5, "\n", 1 <unfinished ...>
17849 14:08:24.498445 <... read resumed> "\n", 1) = 1
17851 14:08:24.498451 <... write resumed> ) = 1
17849 14:08:24.498457 close(5)          = 0
17849 14:08:24.498469 write(4, "\1", 1) = 1
17849 14:08:24.498480 read(4,  <unfinished ...>
17851 14:08:24.498487 read(5, "\1", 1)  = 1
17851 14:08:24.498498 close(4)          = 0
17851 14:08:24.498509 rt_sigaction(SIGALRM, {0x805cad0, ~[RTMIN RT_1], 0}, NULL, 8) = 0
17851 14:08:24.498522 alarm(300)        = 0
17851 14:08:24.498533 recv(0,  <unfinished ...>
17855 14:08:24.777598 <... recv resumed> "USER msfadmin\r\n", 4096, MSG_PEEK) = 15
17855 14:08:24.777689 read(0, "USER msfadmin\r\n", 15) = 15
17855 14:08:24.777765 write(0, "331 Any password will do.\r\n", 27) = 27
17855 14:08:24.777843 rt_sigaction(SIGALRM, {0x805cad0, ~[RTMIN RT_1], 0}, NULL, 8) = 0
17855 14:08:24.777873 alarm(300)        = 299
17855 14:08:24.777897 recv(0, "PASS msfadmin\r\n", 4096, MSG_PEEK) = 15
17855 14:08:24.777909 read(0, "PASS msfadmin\r\n", 15) = 15
17855 14:08:24.777926 write(0, "230 Already logged in.\r\n", 24) = 24
17855 14:08:24.777988 rt_sigaction(SIGALRM, {0x805cad0, ~[RTMIN RT_1], 0}, NULL, 8) = 0
17855 14:08:24.778004 alarm(300)        = 300
17855 14:08:24.778015 recv(0, "TYPE I\r\n", 4096, MSG_PEEK) = 8
17855 14:08:24.778026 read(0, "TYPE I\r\n", 8) = 8
17855 14:08:24.778041 write(0, "200 Switching to Binary mode.\r\n", 31) = 31
17855 14:08:24.778077 rt_sigaction(SIGALRM, {0x805cad0, ~[RTMIN RT_1], 0}, NULL, 8) = 0
17855 14:08:24.778091 alarm(300)        = 300
17855 14:08:24.778102 recv(0, "PASV\r\n", 4096, MSG_PEEK) = 6
17855 14:08:24.778113 read(0, "PASV\r\n", 6) = 6
17855 14:08:24.778125 write(5, "\n", 1) = 1
17855 14:08:24.778138 read(5,  <unfinished ...>
17853 14:08:24.778146 <... read resumed> "\n", 1) = 1
17853 14:08:24.778155 write(4, "\1", 1) = 1
17855 14:08:24.778166 <... read resumed> "\1", 1) = 1
17855 14:08:24.778173 write(5, "\f", 1) = 1
17855 14:08:24.778184 read(5,  <unfinished ...>
17853 14:08:24.778191 read(4, "\f", 1)  = 1
17853 14:08:24.778203 socket(PF_INET, SOCK_STREAM, IPPROTO_TCP) = 5
17853 14:08:24.778219 setsockopt(5, SOL_SOCKET, SO_REUSEADDR, [1], 4) = 0
17853 14:08:24.778234 bind(5, {sa_family=AF_INET, sin_port=htons(60191), sin_addr=inet_addr("127.0.0.1")}, 16) = 0
17853 14:08:24.778251 listen(5, 1)      = 0
17853 14:08:24.778264 write(4, "\37\353\0\0", 4) = 4
17855 14:08:24.778275 <... read resumed> "\37\353\0\0", 4) = 4
17855 14:08:24.778288 write(0, "227 Entering Passive Mode (127,0,0,1,235,31).\r\n", 47) = 47
17855 14:08:24.778400 rt_sigaction(SIGALRM, {0x805cad0, ~[RTMIN RT_1], 0}, NULL, 8) = 0
17855 14:08:24.778416 alarm(300)        = 300
17855 14:08:24.778428 recv(0, "RETR myfile32\r\n", 4096, MSG_PEEK) = 15
17855 14:08:24.778440 read(0, "RETR myfile32\r\n", 15) = 15
17855 14:08:24.778453 write(5, "\v", 1) = 1
17855 14:08:24.778464 read(5,  <unfinished ...>
17853 14:08:24.778471 read(4, "\v", 1)  = 1
17853 14:08:24.778508 write(4, "\1\0\0\0", 4) = 4
17855 14:08:24.778520 <... read resumed> "\1\0\0\0", 4) = 4
17855 14:08:24.778529 gettimeofday({1495649304, 778543}, NULL) = 0
17855 14:08:24.778550 getcwd("/home/msfadmin", 4096) = 15
17855 14:08:24.778563 open("myfile32", O_RDONLY|O_NONBLOCK|O_LARGEFILE) = 4
17855 14:08:24.778577 fcntl64(4, F_SETLKW64, {type=F_RDLCK, whence=SEEK_SET, start=0, len=0}, 0xbff3a944) = 0
17855 14:08:24.778592 fstat64(4, {st_mode=S_IFREG|0644, st_size=17, ...}) = 0
17855 14:08:24.778610 fcntl64(4, F_GETFL) = 0x8800 (flags O_RDONLY|O_NONBLOCK|O_LARGEFILE)
17855 14:08:24.778621 fcntl64(4, F_SETFL, O_RDONLY|O_LARGEFILE) = 0
17855 14:08:24.778633 write(5, "\v", 1) = 1
17855 14:08:24.778650 read(5,  <unfinished ...>
17853 14:08:24.778658 read(4, "\v", 1)  = 1
17853 14:08:24.778669 write(4, "\1\0\0\0", 4) = 4
17855 14:08:24.778679 <... read resumed> "\1\0\0\0", 4) = 4
17855 14:08:24.778687 write(5, "\v", 1) = 1
17855 14:08:24.778697 read(5,  <unfinished ...>
17853 14:08:24.778704 read(4, "\v", 1)  = 1
17853 14:08:24.778715 write(4, "\1\0\0\0", 4) = 4
17855 14:08:24.778725 <... read resumed> "\1\0\0\0", 4) = 4
17855 14:08:24.778733 write(5, "\r", 1) = 1
17855 14:08:24.778743 read(5,  <unfinished ...>
17853 14:08:24.778750 read(4, "\r", 1)  = 1
17853 14:08:24.778761 select(6, [5], NULL, NULL, {60, 0}) = 1 (in [5], left {60, 0})
17853 14:08:24.778778 accept(5, {sa_family=AF_INET, sin_port=htons(41905), sin_addr=inet_addr("127.0.0.1")}, [16]) = 6
17853 14:08:24.778801 write(4, "\1", 1) = 1
17855 14:08:24.778811 <... read resumed> "\1", 1) = 1
17855 14:08:24.778820 recvmsg(5,  <unfinished ...>
17853 14:08:24.778828 sendmsg(4, {msg_name(0)=NULL, msg_iov(1)=[{"\0", 1}], msg_controllen=16, {cmsg_len=16, cmsg_level=SOL_SOCKET, cmsg_type=SCM_RIGHTS, {6}}, msg_flags=0}, 0) = 1
17855 14:08:24.778846 <... recvmsg resumed> {msg_name(0)=NULL, msg_iov(1)=[{"\0", 1}], msg_controllen=16, {cmsg_len=16, cmsg_level=SOL_SOCKET, cmsg_type=SCM_RIGHTS, {6}}, msg_flags=0}, 0) = 1
17855 14:08:24.778859 setsockopt(6, SOL_SOCKET, SO_KEEPALIVE, [1], 4) = 0
17855 14:08:24.778871 setsockopt(6, SOL_IP, IP_TOS, [8], 4) = 0
17855 14:08:24.778883 setsockopt(6, SOL_SOCKET, SO_LINGER, {onoff=1, linger=32767}, 8) = 0
17855 14:08:24.778895 rt_sigaction(SIGALRM, {0x805cad0, ~[RTMIN RT_1], 0}, NULL, 8) = 0
17855 14:08:24.778908 alarm(300)        = 300
17855 14:08:24.778922 write(0, "150 Opening BINARY mode data connection for myfile32 (17 bytes).\r\n", 66) = 66
17855 14:08:24.778963 _llseek(4, 0, [0], SEEK_CUR) = 0
17855 14:08:24.778976 fstat64(4, {st_mode=S_IFREG|0644, st_size=17, ...}) = 0
17855 14:08:24.778993 _llseek(4, 0, [0], SEEK_SET) = 0
17855 14:08:24.779004 sendfile(6, 4, NULL, 17) = 17
17855 14:08:24.779065 rt_sigaction(SIGALRM, {0x805cad0, ~[RTMIN RT_1], 0}, NULL, 8) = 0
17855 14:08:24.779089 alarm(300)        = 300
17855 14:08:24.779109 close(6)          = 0
17855 14:08:24.779128 alarm(0)          = 300
17855 14:08:24.779149 gettimeofday({1495649304, 779163}, NULL) = 0
17855 14:08:24.779185 gettimeofday({1495649304, 779198}, NULL) = 0
17855 14:08:24.779224 fcntl64(3, F_SETLKW64, {type=F_WRLCK, whence=SEEK_SET, start=0, len=0}, 0xbff3a8e4) = 0
17855 14:08:24.779248 write(3, "Wed May 24 14:08:24 2017 [pid 17855] [msfadmin] OK DOWNLOAD: Client \"127.0.0.1\", \"/home/msfadmin/myfile32\", 17 bytes, 25.35Kbyte/sec\n", 133) = 133
17855 14:08:24.779304 fcntl64(3, F_SETLK64, {type=F_UNLCK, whence=SEEK_SET, start=0, len=0}, 0xbff3a8ec) = 0
17855 14:08:24.779328 write(0, "226 Transfer complete.\r\n", 24) = 24
17855 14:08:24.779344 write(5, "\n", 1) = 1
17855 14:08:24.779354 read(5,  <unfinished ...>
17853 14:08:24.779361 close(6)          = 0
17853 14:08:24.779442 read(4, "\n", 1)  = 1
17853 14:08:24.779477 close(5)          = 0
17853 14:08:24.779490 write(4, "\1", 1) = 1
17855 14:08:24.779502 <... read resumed> "\1", 1) = 1
17855 14:08:24.779509 close(4)          = 0
17855 14:08:24.779521 rt_sigaction(SIGALRM, {0x805cad0, ~[RTMIN RT_1], 0}, NULL, 8) = 0
17855 14:08:24.779535 alarm(300)        = 0
17855 14:08:24.779546 recv(0,  <unfinished ...>
17853 14:08:24.779555 read(4,  <unfinished ...>
17851 14:08:25.007218 <... recv resumed> "TYPE I\r\n", 4096, MSG_PEEK) = 8
17851 14:08:25.007245 read(0, "TYPE I\r\n", 8) = 8
17851 14:08:25.007281 write(0, "200 Switching to Binary mode.\r\n", 31) = 31
17851 14:08:25.007335 rt_sigaction(SIGALRM, {0x805cad0, ~[RTMIN RT_1], 0}, NULL, 8) = 0
17851 14:08:25.007353 alarm(300)        = 299
17851 14:08:25.007366 recv(0, "PASV\r\n", 4096, MSG_PEEK) = 6
17851 14:08:25.007378 read(0, "PASV\r\n", 6) = 6
17851 14:08:25.007390 write(5, "\n", 1 <unfinished ...>
17849 14:08:25.007401 <... read resumed> "\n", 1) = 1
17851 14:08:25.007406 <... write resumed> ) = 1
17849 14:08:25.007415 write(4, "\1", 1 <unfinished ...>
17851 14:08:25.007427 read(5,  <unfinished ...>
17849 14:08:25.007435 <... write resumed> ) = 1
17851 14:08:25.007439 <... read resumed> "\1", 1) = 1
17849 14:08:25.007447 read(4,  <unfinished ...>
17851 14:08:25.007452 write(5, "\f", 1 <unfinished ...>
17849 14:08:25.007460 <... read resumed> "\f", 1) = 1
17851 14:08:25.007465 <... write resumed> ) = 1
17849 14:08:25.007473 socket(PF_INET, SOCK_STREAM, IPPROTO_TCP <unfinished ...>
17851 14:08:25.007479 read(5,  <unfinished ...>
17849 14:08:25.007488 <... socket resumed> ) = 5
17849 14:08:25.007497 setsockopt(5, SOL_SOCKET, SO_REUSEADDR, [1], 4) = 0
17849 14:08:25.007511 bind(5, {sa_family=AF_INET, sin_port=htons(48740), sin_addr=inet_addr("127.0.0.1")}, 16) = 0
17849 14:08:25.007528 listen(5, 1)      = 0
17849 14:08:25.007542 write(4, "d\276\0\0", 4 <unfinished ...>
17851 14:08:25.007550 <... read resumed> "d\276\0\0", 4) = 4
17849 14:08:25.007556 <... write resumed> ) = 4
17851 14:08:25.007568 write(0, "227 Entering Passive Mode (127,0,0,1,190,100).\r\n", 48 <unfinished ...>
17849 14:08:25.007577 read(4,  <unfinished ...>
17851 14:08:25.007678 <... write resumed> ) = 48
17851 14:08:25.007690 rt_sigaction(SIGALRM, {0x805cad0, ~[RTMIN RT_1], 0}, NULL, 8) = 0
17851 14:08:25.007706 alarm(300)        = 300
17851 14:08:25.007717 recv(0, "STOR myfile27\r\n", 4096, MSG_PEEK) = 15
17851 14:08:25.007730 read(0, "STOR myfile27\r\n", 15) = 15
17851 14:08:25.007744 write(5, "\v", 1 <unfinished ...>
17849 14:08:25.007752 <... read resumed> "\v", 1) = 1
17851 14:08:25.007793 <... write resumed> ) = 1
17849 14:08:25.007801 write(4, "\1\0\0\0", 4 <unfinished ...>
17851 14:08:25.007807 read(5,  <unfinished ...>
17849 14:08:25.007814 <... write resumed> ) = 4
17851 14:08:25.007819 <... read resumed> "\1\0\0\0", 4) = 4
17849 14:08:25.007828 read(4,  <unfinished ...>
17851 14:08:25.007833 gettimeofday({1495649305, 7847}, NULL) = 0
17851 14:08:25.007854 getcwd("/home/msfadmin", 4096) = 15
17851 14:08:25.007878 open("myfile27", O_WRONLY|O_CREAT|O_NONBLOCK|O_LARGEFILE, 0666) = 4
17851 14:08:25.007903 fstat64(4, {st_mode=S_IFREG|0644, st_size=17, ...}) = 0
17851 14:08:25.007921 fcntl64(4, F_GETFL) = 0x8801 (flags O_WRONLY|O_NONBLOCK|O_LARGEFILE)
17851 14:08:25.007932 fcntl64(4, F_SETFL, O_WRONLY|O_LARGEFILE) = 0
17851 14:08:25.007942 fcntl64(4, F_SETLKW64, {type=F_WRLCK, whence=SEEK_SET, start=0, len=0}, 0xbf906af4) = 0
17851 14:08:25.007957 ftruncate64(4, 0) = 0
17851 14:08:25.007975 _llseek(4, 0, [0], SEEK_SET) = 0
17851 14:08:25.007987 write(5, "\v", 1 <unfinished ...>
17849 14:08:25.007995 <... read resumed> "\v", 1) = 1
17851 14:08:25.008000 <... write resumed> ) = 1
17849 14:08:25.008007 write(4, "\1\0\0\0", 4 <unfinished ...>
17851 14:08:25.008013 read(5,  <unfinished ...>
17849 14:08:25.008019 <... write resumed> ) = 4
17851 14:08:25.008023 <... read resumed> "\1\0\0\0", 4) = 4
17849 14:08:25.008032 read(4,  <unfinished ...>
17851 14:08:25.008036 write(5, "\v", 1 <unfinished ...>
17849 14:08:25.008043 <... read resumed> "\v", 1) = 1
17851 14:08:25.008048 <... write resumed> ) = 1
17849 14:08:25.008055 write(4, "\1\0\0\0", 4 <unfinished ...>
17851 14:08:25.008061 read(5,  <unfinished ...>
17849 14:08:25.008067 <... write resumed> ) = 4
17851 14:08:25.008072 <... read resumed> "\1\0\0\0", 4) = 4
17849 14:08:25.008080 read(4,  <unfinished ...>
17851 14:08:25.008084 write(5, "\r", 1 <unfinished ...>
17849 14:08:25.008092 <... read resumed> "\r", 1) = 1
17851 14:08:25.008097 <... write resumed> ) = 1
17849 14:08:25.008105 select(6, [5], NULL, NULL, {60, 0} <unfinished ...>
17851 14:08:25.008112 read(5,  <unfinished ...>
17849 14:08:25.008118 <... select resumed> ) = 1 (in [5], left {60, 0})
17849 14:08:25.008129 accept(5, {sa_family=AF_INET, sin_port=htons(41902), sin_addr=inet_addr("127.0.0.1")}, [16]) = 6
17849 14:08:25.008151 write(4, "\1", 1 <unfinished ...>
17851 14:08:25.008159 <... read resumed> "\1", 1) = 1
17849 14:08:25.008164 <... write resumed> ) = 1
17851 14:08:25.008173 recvmsg(5,  <unfinished ...>
17849 14:08:25.008179 sendmsg(4, {msg_name(0)=NULL, msg_iov(1)=[{"\0", 1}], msg_controllen=16, {cmsg_len=16, cmsg_level=SOL_SOCKET, cmsg_type=SCM_RIGHTS, {6}}, msg_flags=0}, 0 <unfinished ...>
17851 14:08:25.008197 <... recvmsg resumed> {msg_name(0)=NULL, msg_iov(1)=[{"\0", 1}], msg_controllen=16, {cmsg_len=16, cmsg_level=SOL_SOCKET, cmsg_type=SCM_RIGHTS, {6}}, msg_flags=0}, 0) = 1
17849 14:08:25.008208 <... sendmsg resumed> ) = 1
17851 14:08:25.008216 setsockopt(6, SOL_SOCKET, SO_KEEPALIVE, [1], 4 <unfinished ...>
17849 14:08:25.008222 close(6 <unfinished ...>
17851 14:08:25.008229 <... setsockopt resumed> ) = 0
17849 14:08:25.008233 <... close resumed> ) = 0
17851 14:08:25.008242 setsockopt(6, SOL_IP, IP_TOS, [8], 4 <unfinished ...>
17849 14:08:25.008247 read(4,  <unfinished ...>
17851 14:08:25.008284 <... setsockopt resumed> ) = 0
17851 14:08:25.008292 setsockopt(6, SOL_SOCKET, SO_LINGER, {onoff=1, linger=32767}, 8) = 0
17851 14:08:25.008314 rt_sigaction(SIGALRM, {0x805cad0, ~[RTMIN RT_1], 0}, NULL, 8) = 0
17851 14:08:25.008328 alarm(300)        = 300
17851 14:08:25.008341 write(0, "150 Ok to send data.\r\n", 22) = 22
17851 14:08:25.008408 read(6, "assasaaa\na\na\na\na\n", 65536) = 17
17851 14:08:25.008422 write(4, "assasaaa\na\na\na\na\n", 17) = 17
17851 14:08:25.008438 read(6, "", 65536) = 0
17851 14:08:25.008449 rt_sigaction(SIGALRM, {0x805cad0, ~[RTMIN RT_1], 0}, NULL, 8) = 0
17851 14:08:25.008463 alarm(300)        = 300
17851 14:08:25.008473 close(6)          = 0
17851 14:08:25.008490 alarm(0)          = 300
17851 14:08:25.008500 gettimeofday({1495649305, 8504}, NULL) = 0
17851 14:08:25.008516 gettimeofday({1495649305, 8520}, NULL) = 0
17851 14:08:25.008530 fcntl64(3, F_SETLKW64, {type=F_WRLCK, whence=SEEK_SET, start=0, len=0}, 0xbf906a94) = 0
17851 14:08:25.008545 write(3, "Wed May 24 14:08:25 2017 [pid 17851] [msfadmin] OK UPLOAD: Client \"127.0.0.1\", \"/home/msfadmin/myfile27\", 17 bytes, 24.67Kbyte/sec\n", 131) = 131
17851 14:08:25.008567 fcntl64(3, F_SETLK64, {type=F_UNLCK, whence=SEEK_SET, start=0, len=0}, 0xbf906a9c) = 0
17851 14:08:25.008582 write(0, "226 Transfer complete.\r\n", 24) = 24
17851 14:08:25.008624 write(5, "\n", 1 <unfinished ...>
17849 14:08:25.008634 <... read resumed> "\n", 1) = 1
17851 14:08:25.008639 <... write resumed> ) = 1
17849 14:08:25.008645 close(5)          = 0
17849 14:08:25.008657 write(4, "\1", 1) = 1
17849 14:08:25.008668 read(4,  <unfinished ...>
17851 14:08:25.008675 read(5, "\1", 1)  = 1
17851 14:08:25.008686 close(4)          = 0
17851 14:08:25.008697 rt_sigaction(SIGALRM, {0x805cad0, ~[RTMIN RT_1], 0}, NULL, 8) = 0
17851 14:08:25.008711 alarm(300)        = 0
17851 14:08:25.008722 recv(0,  <unfinished ...>
17855 14:08:25.317915 <... recv resumed> "USER msfadmin\r\n", 4096, MSG_PEEK) = 15
17855 14:08:25.317955 read(0, "USER msfadmin\r\n", 15) = 15
17855 14:08:25.317980 write(0, "331 Any password will do.\r\n", 27) = 27
17855 14:08:25.318025 rt_sigaction(SIGALRM, {0x805cad0, ~[RTMIN RT_1], 0}, NULL, 8) = 0
17855 14:08:25.318044 alarm(300)        = 299
17855 14:08:25.318057 recv(0, "PASS msfadmin\r\n", 4096, MSG_PEEK) = 15
17855 14:08:25.318069 read(0, "PASS msfadmin\r\n", 15) = 15
17855 14:08:25.318085 write(0, "230 Already logged in.\r\n", 24) = 24
17855 14:08:25.318148 rt_sigaction(SIGALRM, {0x805cad0, ~[RTMIN RT_1], 0}, NULL, 8) = 0
17855 14:08:25.318163 alarm(300)        = 300
17855 14:08:25.318175 recv(0, "TYPE I\r\n", 4096, MSG_PEEK) = 8
17855 14:08:25.318186 read(0, "TYPE I\r\n", 8) = 8
17855 14:08:25.318201 write(0, "200 Switching to Binary mode.\r\n", 31) = 31
17855 14:08:25.318238 rt_sigaction(SIGALRM, {0x805cad0, ~[RTMIN RT_1], 0}, NULL, 8) = 0
17855 14:08:25.318252 alarm(300)        = 300
17855 14:08:25.318263 recv(0, "PASV\r\n", 4096, MSG_PEEK) = 6
17855 14:08:25.318275 read(0, "PASV\r\n", 6) = 6
17855 14:08:25.318286 write(5, "\n", 1) = 1
17855 14:08:25.318299 read(5,  <unfinished ...>
17853 14:08:25.318308 <... read resumed> "\n", 1) = 1
17853 14:08:25.318317 write(4, "\1", 1) = 1
17855 14:08:25.318328 <... read resumed> "\1", 1) = 1
17855 14:08:25.318335 write(5, "\f", 1) = 1
17855 14:08:25.318345 read(5,  <unfinished ...>
17853 14:08:25.318360 read(4, "\f", 1)  = 1
17853 14:08:25.318372 socket(PF_INET, SOCK_STREAM, IPPROTO_TCP) = 5
17853 14:08:25.318388 setsockopt(5, SOL_SOCKET, SO_REUSEADDR, [1], 4) = 0
17853 14:08:25.318403 bind(5, {sa_family=AF_INET, sin_port=htons(57614), sin_addr=inet_addr("127.0.0.1")}, 16) = 0
17853 14:08:25.318420 listen(5, 1)      = 0
17853 14:08:25.318434 write(4, "\16\341\0\0", 4) = 4
17855 14:08:25.318446 <... read resumed> "\16\341\0\0", 4) = 4
17855 14:08:25.318458 write(0, "227 Entering Passive Mode (127,0,0,1,225,14).\r\n", 47) = 47
17855 14:08:25.318572 rt_sigaction(SIGALRM, {0x805cad0, ~[RTMIN RT_1], 0}, NULL, 8) = 0
17855 14:08:25.318588 alarm(300)        = 300
17855 14:08:25.318600 recv(0, "RETR myfile33\r\n", 4096, MSG_PEEK) = 15
17855 14:08:25.318612 read(0, "RETR myfile33\r\n", 15) = 15
17855 14:08:25.318625 write(5, "\v", 1) = 1
17855 14:08:25.318636 read(5,  <unfinished ...>
17853 14:08:25.318661 read(4, "\v", 1)  = 1
17853 14:08:25.318676 write(4, "\1\0\0\0", 4) = 4
17855 14:08:25.318697 <... read resumed> "\1\0\0\0", 4) = 4
17855 14:08:25.318705 gettimeofday({1495649305, 318709}, NULL) = 0
17855 14:08:25.318716 getcwd("/home/msfadmin", 4096) = 15
17855 14:08:25.318729 open("myfile33", O_RDONLY|O_NONBLOCK|O_LARGEFILE) = 4
17855 14:08:25.318744 fcntl64(4, F_SETLKW64, {type=F_RDLCK, whence=SEEK_SET, start=0, len=0}, 0xbff3a944) = 0
17855 14:08:25.318759 fstat64(4, {st_mode=S_IFREG|0644, st_size=17, ...}) = 0
17855 14:08:25.318776 fcntl64(4, F_GETFL) = 0x8800 (flags O_RDONLY|O_NONBLOCK|O_LARGEFILE)
17855 14:08:25.318787 fcntl64(4, F_SETFL, O_RDONLY|O_LARGEFILE) = 0
17855 14:08:25.318799 write(5, "\v", 1) = 1
17855 14:08:25.318810 read(5,  <unfinished ...>
17853 14:08:25.318817 read(4, "\v", 1)  = 1
17853 14:08:25.318828 write(4, "\1\0\0\0", 4) = 4
17855 14:08:25.318839 <... read resumed> "\1\0\0\0", 4) = 4
17855 14:08:25.318846 write(5, "\v", 1) = 1
17855 14:08:25.318856 read(5,  <unfinished ...>
17853 14:08:25.318863 read(4, "\v", 1)  = 1
17853 14:08:25.318874 write(4, "\1\0\0\0", 4) = 4
17855 14:08:25.318884 <... read resumed> "\1\0\0\0", 4) = 4
17855 14:08:25.318891 write(5, "\r", 1) = 1
17855 14:08:25.318901 read(5,  <unfinished ...>
17853 14:08:25.318908 read(4, "\r", 1)  = 1
17853 14:08:25.318920 select(6, [5], NULL, NULL, {60, 0}) = 1 (in [5], left {60, 0})
17853 14:08:25.318936 accept(5, {sa_family=AF_INET, sin_port=htons(48352), sin_addr=inet_addr("127.0.0.1")}, [16]) = 6
17853 14:08:25.318958 write(4, "\1", 1) = 1
17855 14:08:25.318969 <... read resumed> "\1", 1) = 1
17855 14:08:25.318978 recvmsg(5,  <unfinished ...>
17853 14:08:25.318986 sendmsg(4, {msg_name(0)=NULL, msg_iov(1)=[{"\0", 1}], msg_controllen=16, {cmsg_len=16, cmsg_level=SOL_SOCKET, cmsg_type=SCM_RIGHTS, {6}}, msg_flags=0}, 0) = 1
17855 14:08:25.319003 <... recvmsg resumed> {msg_name(0)=NULL, msg_iov(1)=[{"\0", 1}], msg_controllen=16, {cmsg_len=16, cmsg_level=SOL_SOCKET, cmsg_type=SCM_RIGHTS, {6}}, msg_flags=0}, 0) = 1
17855 14:08:25.319017 setsockopt(6, SOL_SOCKET, SO_KEEPALIVE, [1], 4) = 0
17855 14:08:25.319029 setsockopt(6, SOL_IP, IP_TOS, [8], 4) = 0
17855 14:08:25.319042 setsockopt(6, SOL_SOCKET, SO_LINGER, {onoff=1, linger=32767}, 8) = 0
17855 14:08:25.319053 rt_sigaction(SIGALRM, {0x805cad0, ~[RTMIN RT_1], 0}, NULL, 8) = 0
17855 14:08:25.319066 alarm(300)        = 300
17855 14:08:25.319079 write(0, "150 Opening BINARY mode data connection for myfile33 (17 bytes).\r\n", 66) = 66
17855 14:08:25.319121 _llseek(4, 0, [0], SEEK_CUR) = 0
17855 14:08:25.319134 fstat64(4, {st_mode=S_IFREG|0644, st_size=17, ...}) = 0
17855 14:08:25.319151 _llseek(4, 0, [0], SEEK_SET) = 0
17855 14:08:25.319162 sendfile(6, 4, NULL, 17) = 17
17855 14:08:25.319192 rt_sigaction(SIGALRM, {0x805cad0, ~[RTMIN RT_1], 0}, NULL, 8) = 0
17855 14:08:25.319206 alarm(300)        = 300
17855 14:08:25.319216 close(6)          = 0
17855 14:08:25.319226 alarm(0)          = 300
17855 14:08:25.319235 gettimeofday({1495649305, 319239}, NULL) = 0
17855 14:08:25.319251 gettimeofday({1495649305, 319255}, NULL) = 0
17855 14:08:25.319265 fcntl64(3, F_SETLKW64, {type=F_WRLCK, whence=SEEK_SET, start=0, len=0}, 0xbff3a8e4) = 0
17855 14:08:25.319285 write(3, "Wed May 24 14:08:25 2017 [pid 17855] [msfadmin] OK DOWNLOAD: Client \"127.0.0.1\", \"/home/msfadmin/myfile33\", 17 bytes, 30.41Kbyte/sec\n", 133) = 133
17855 14:08:25.319312 fcntl64(3, F_SETLK64, {type=F_UNLCK, whence=SEEK_SET, start=0, len=0}, 0xbff3a8ec) = 0
17855 14:08:25.319327 write(0, "226 Transfer complete.\r\n", 24) = 24
17855 14:08:25.319342 write(5, "\n", 1) = 1
17855 14:08:25.319353 read(5,  <unfinished ...>
17853 14:08:25.319360 close(6)          = 0
17853 14:08:25.319442 read(4, "\n", 1)  = 1
17853 14:08:25.319455 close(5)          = 0
17853 14:08:25.319467 write(4, "\1", 1) = 1
17855 14:08:25.319478 <... read resumed> "\1", 1) = 1
17855 14:08:25.319485 close(4)          = 0
17855 14:08:25.319496 rt_sigaction(SIGALRM, {0x805cad0, ~[RTMIN RT_1], 0}, NULL, 8) = 0
17855 14:08:25.319509 alarm(300)        = 0
17855 14:08:25.319520 recv(0,  <unfinished ...>
17853 14:08:25.319528 read(4,  <unfinished ...>
17851 14:08:25.517686 <... recv resumed> "TYPE I\r\n", 4096, MSG_PEEK) = 8
17851 14:08:25.517796 read(0, "TYPE I\r\n", 8) = 8
17851 14:08:25.517892 write(0, "200 Switching to Binary mode.\r\n", 31) = 31
17851 14:08:25.517987 rt_sigaction(SIGALRM, {0x805cad0, ~[RTMIN RT_1], 0}, NULL, 8) = 0
17851 14:08:25.518020 alarm(300)        = 299
17851 14:08:25.518045 recv(0, "PASV\r\n", 4096, MSG_PEEK) = 6
17851 14:08:25.518061 read(0, "PASV\r\n", 6) = 6
17851 14:08:25.518073 write(5, "\n", 1 <unfinished ...>
17849 14:08:25.518085 <... read resumed> "\n", 1) = 1
17851 14:08:25.518090 <... write resumed> ) = 1
17849 14:08:25.518097 write(4, "\1", 1) = 1
17849 14:08:25.518108 read(4,  <unfinished ...>
17851 14:08:25.518116 read(5, "\1", 1)  = 1
17851 14:08:25.518127 write(5, "\f", 1 <unfinished ...>
17849 14:08:25.518135 <... read resumed> "\f", 1) = 1
17851 14:08:25.518139 <... write resumed> ) = 1
17849 14:08:25.518147 socket(PF_INET, SOCK_STREAM, IPPROTO_TCP) = 5
17849 14:08:25.518163 setsockopt(5, SOL_SOCKET, SO_REUSEADDR, [1], 4) = 0
17849 14:08:25.518178 bind(5, {sa_family=AF_INET, sin_port=htons(42354), sin_addr=inet_addr("127.0.0.1")}, 16) = 0
17849 14:08:25.518194 listen(5, 1)      = 0
17849 14:08:25.518208 write(4, "r\245\0\0", 4) = 4
17849 14:08:25.518219 read(4,  <unfinished ...>
17851 14:08:25.518226 read(5, "r\245\0\0", 4) = 4
17851 14:08:25.518242 write(0, "227 Entering Passive Mode (127,0,0,1,165,114).\r\n", 48) = 48
17851 14:08:25.518356 rt_sigaction(SIGALRM, {0x805cad0, ~[RTMIN RT_1], 0}, NULL, 8) = 0
17851 14:08:25.518373 alarm(300)        = 300
17851 14:08:25.518384 recv(0, "STOR myfile28\r\n", 4096, MSG_PEEK) = 15
17851 14:08:25.518396 read(0, "STOR myfile28\r\n", 15) = 15
17851 14:08:25.518410 write(5, "\v", 1 <unfinished ...>
17849 14:08:25.518418 <... read resumed> "\v", 1) = 1
17851 14:08:25.518423 <... write resumed> ) = 1
17849 14:08:25.518430 write(4, "\1\0\0\0", 4) = 4
17849 14:08:25.518441 read(4,  <unfinished ...>
17851 14:08:25.518448 read(5, "\1\0\0\0", 4) = 4
17851 14:08:25.518460 gettimeofday({1495649305, 518464}, NULL) = 0
17851 14:08:25.518471 getcwd("/home/msfadmin", 4096) = 15
17851 14:08:25.518484 open("myfile28", O_WRONLY|O_CREAT|O_NONBLOCK|O_LARGEFILE, 0666) = 4
17851 14:08:25.518499 fstat64(4, {st_mode=S_IFREG|0644, st_size=17, ...}) = 0
17851 14:08:25.518517 fcntl64(4, F_GETFL) = 0x8801 (flags O_WRONLY|O_NONBLOCK|O_LARGEFILE)
17851 14:08:25.518566 fcntl64(4, F_SETFL, O_WRONLY|O_LARGEFILE) = 0
17851 14:08:25.518580 fcntl64(4, F_SETLKW64, {type=F_WRLCK, whence=SEEK_SET, start=0, len=0}, 0xbf906af4) = 0
17851 14:08:25.518605 ftruncate64(4, 0) = 0
17851 14:08:25.518625 _llseek(4, 0, [0], SEEK_SET) = 0
17851 14:08:25.518636 write(5, "\v", 1 <unfinished ...>
17849 14:08:25.518644 <... read resumed> "\v", 1) = 1
17851 14:08:25.518650 <... write resumed> ) = 1
17849 14:08:25.518656 write(4, "\1\0\0\0", 4) = 4
17849 14:08:25.518667 read(4,  <unfinished ...>
17851 14:08:25.518674 read(5, "\1\0\0\0", 4) = 4
17851 14:08:25.518685 write(5, "\v", 1 <unfinished ...>
17849 14:08:25.518692 <... read resumed> "\v", 1) = 1
17851 14:08:25.518703 <... write resumed> ) = 1
17849 14:08:25.518709 write(4, "\1\0\0\0", 4) = 4
17849 14:08:25.518720 read(4,  <unfinished ...>
17851 14:08:25.518727 read(5, "\1\0\0\0", 4) = 4
17851 14:08:25.518739 write(5, "\r", 1 <unfinished ...>
17849 14:08:25.518746 <... read resumed> "\r", 1) = 1
17851 14:08:25.518750 <... write resumed> ) = 1
17849 14:08:25.518758 select(6, [5], NULL, NULL, {60, 0}) = 1 (in [5], left {60, 0})
17849 14:08:25.518774 accept(5, {sa_family=AF_INET, sin_port=htons(35204), sin_addr=inet_addr("127.0.0.1")}, [16]) = 6
17849 14:08:25.518796 write(4, "\1", 1) = 1
17849 14:08:25.518808 sendmsg(4, {msg_name(0)=NULL, msg_iov(1)=[{"\0", 1}], msg_controllen=16, {cmsg_len=16, cmsg_level=SOL_SOCKET, cmsg_type=SCM_RIGHTS, {6}}, msg_flags=0}, 0) = 1
17849 14:08:25.518825 close(6)          = 0
17849 14:08:25.518835 read(4,  <unfinished ...>
17851 14:08:25.518842 read(5, "\1", 1)  = 1
17851 14:08:25.518855 recvmsg(5, {msg_name(0)=NULL, msg_iov(1)=[{"\0", 1}], msg_controllen=16, {cmsg_len=16, cmsg_level=SOL_SOCKET, cmsg_type=SCM_RIGHTS, {6}}, msg_flags=0}, 0) = 1
17851 14:08:25.518873 setsockopt(6, SOL_SOCKET, SO_KEEPALIVE, [1], 4) = 0
17851 14:08:25.518885 setsockopt(6, SOL_IP, IP_TOS, [8], 4) = 0
17851 14:08:25.518897 setsockopt(6, SOL_SOCKET, SO_LINGER, {onoff=1, linger=32767}, 8) = 0
17851 14:08:25.518909 rt_sigaction(SIGALRM, {0x805cad0, ~[RTMIN RT_1], 0}, NULL, 8) = 0
17851 14:08:25.518922 alarm(300)        = 300
17851 14:08:25.518935 write(0, "150 Ok to send data.\r\n", 22) = 22
17851 14:08:25.519002 read(6, "assasaaa\na\na\na\na\n", 65536) = 17
17851 14:08:25.519016 write(4, "assasaaa\na\na\na\na\n", 17) = 17
17851 14:08:25.519032 read(6, "", 65536) = 0
17851 14:08:25.519043 rt_sigaction(SIGALRM, {0x805cad0, ~[RTMIN RT_1], 0}, NULL, 8) = 0
17851 14:08:25.519056 alarm(300)        = 300
17851 14:08:25.519066 close(6)          = 0
17851 14:08:25.519083 alarm(0)          = 300
17851 14:08:25.519093 gettimeofday({1495649305, 519097}, NULL) = 0
17851 14:08:25.519109 gettimeofday({1495649305, 519113}, NULL) = 0
17851 14:08:25.519123 fcntl64(3, F_SETLKW64, {type=F_WRLCK, whence=SEEK_SET, start=0, len=0}, 0xbf906a94) = 0
17851 14:08:25.519137 write(3, "Wed May 24 14:08:25 2017 [pid 17851] [msfadmin] OK UPLOAD: Client \"127.0.0.1\", \"/home/msfadmin/myfile28\", 17 bytes, 25.58Kbyte/sec\n", 131) = 131
17851 14:08:25.519159 fcntl64(3, F_SETLK64, {type=F_UNLCK, whence=SEEK_SET, start=0, len=0}, 0xbf906a9c) = 0
