26125 15:50:39.758511 _llseek(4, 886, [886], SEEK_SET) = 0
26125 15:50:39.758565 fstat64(4, {st_mode=S_IFREG|0644, st_size=886, ...}) = 0
26125 15:50:39.758594 munmap(0xb7ee6000, 886) = 0
26125 15:50:39.758614 close(4)          = 0
26125 15:50:39.758623 setgroups32(13, [1000, 4, 20, 24, 25, 29, 30, 44, 46, 107, 111, 112, 119]) = 0
26125 15:50:39.758640 geteuid32()       = 0
26125 15:50:39.758652 getegid32()       = 0
26125 15:50:39.758662 setregid32(-1, 1000) = 0
26125 15:50:39.758673 setreuid32(-1, 1000) = 0
26125 15:50:39.758683 chdir("/home/msfadmin") = 0
26125 15:50:39.758695 setreuid32(-1, 0) = 0
26125 15:50:39.758705 setregid32(-1, 0) = 0
26125 15:50:39.758715 setgid32(1000)    = 0
26125 15:50:39.758725 setuid32(1000)    = 0
26125 15:50:39.758740 setrlimit(RLIMIT_NPROC, {rlim_cur=0, rlim_max=0}) = 0
26125 15:50:39.758753 mmap2(NULL, 12288, PROT_READ|PROT_WRITE, MAP_PRIVATE|MAP_ANONYMOUS, -1, 0) = 0xb7ee4000
26125 15:50:39.758780 mprotect(0xb7ee6000, 4096, PROT_NONE) = 0
26125 15:50:39.758793 mprotect(0xb7ee4000, 4096, PROT_NONE) = 0
26125 15:50:39.758805 getcwd("/home/msfadmin", 4096) = 15
26125 15:50:39.758829 umask(022)        = 077
26125 15:50:39.758839 getcwd("/home/msfadmin", 4096) = 15
26125 15:50:39.758852 open(".message", O_RDONLY|O_NONBLOCK|O_LARGEFILE) = -1 ENOENT (No such file or directory)
26125 15:50:39.758875 write(0, "230 Login successful.\r\n", 23) = 23
26125 15:50:39.758967 rt_sigaction(SIGALRM, {0x805cad0, ~[RTMIN RT_1], 0}, NULL, 8) = 0
26125 15:50:39.758984 alarm(300)        = 0
26125 15:50:39.758995 mmap2(NULL, 12288, PROT_READ|PROT_WRITE, MAP_PRIVATE|MAP_ANONYMOUS, -1, 0) = 0xb7ee1000
26125 15:50:39.759006 mprotect(0xb7ee3000, 4096, PROT_NONE) = 0
26125 15:50:39.759018 mprotect(0xb7ee1000, 4096, PROT_NONE) = 0
26125 15:50:39.759031 recv(0, "TYPE I\r\n", 4096, MSG_PEEK) = 8
26125 15:50:39.759044 read(0, "TYPE I\r\n", 8) = 8
26125 15:50:39.759061 write(0, "200 Switching to Binary mode.\r\n", 31) = 31
26125 15:50:39.759101 rt_sigaction(SIGALRM, {0x805cad0, ~[RTMIN RT_1], 0}, NULL, 8) = 0
26125 15:50:39.759115 alarm(300)        = 300
26125 15:50:39.759137 recv(0, "PASV\r\n", 4096, MSG_PEEK) = 6
26125 15:50:39.759148 read(0, "PASV\r\n", 6) = 6
26125 15:50:39.759161 write(5, "\n", 1) = 1
26125 15:50:39.759172 read(5,  <unfinished ...>
26123 15:50:39.759194 close(5)          = 0
26123 15:50:39.759206 getuid32()        = 0
26123 15:50:39.759221 open("/etc/passwd", O_RDONLY|0x80000 /* O_??? */) = 5
26123 15:50:39.759236 _llseek(5, 0, [0], SEEK_CUR) = 0
26123 15:50:39.759248 fstat64(5, {st_mode=S_IFREG|0644, st_size=1624, ...}) = 0
26123 15:50:39.759266 mmap2(NULL, 1624, PROT_READ, MAP_SHARED, 5, 0) = 0xb7ee6000
26123 15:50:39.759278 _llseek(5, 1624, [1624], SEEK_SET) = 0
26123 15:50:39.759296 munmap(0xb7ee6000, 1624) = 0
26123 15:50:39.759307 close(5)          = 0
26123 15:50:39.759323 setgroups32(0, []) = 0
26123 15:50:39.759335 chdir("/usr/share/empty") = 0
26123 15:50:39.759347 chroot(".")       = 0
26123 15:50:39.759358 capset(NULL, NULL) = -1 EFAULT (Bad address)
26123 15:50:39.759371 prctl(0x8, 0, 0xbfbb8658, 0x80549a6, 0xbfbb8640) = 0
26123 15:50:39.759383 prctl(0x8, 0x1, 0xbfbb8658, 0x8054a49, 0xbfbb8640) = 0
26123 15:50:39.759393 setgid32(65534)   = 0
26123 15:50:39.759403 setuid32(65534)   = 0
26123 15:50:39.759412 capset(0x19980330, 0, {CAP_NET_BIND_SERVICE, CAP_NET_BIND_SERVICE, 0}) = 0
26123 15:50:39.759425 read(4, "\n", 1)  = 1
26123 15:50:39.759439 write(4, "\1", 1) = 1
26125 15:50:39.759450 <... read resumed> "\1", 1) = 1
26125 15:50:39.759457 write(5, "\f", 1) = 1
26125 15:50:39.759467 read(5,  <unfinished ...>
26123 15:50:39.759474 read(4, "\f", 1)  = 1
26123 15:50:39.759487 socket(PF_INET, SOCK_STREAM, IPPROTO_TCP) = 5
26123 15:50:39.759501 setsockopt(5, SOL_SOCKET, SO_REUSEADDR, [1], 4) = 0
26123 15:50:39.759512 gettimeofday({1495655439, 759516}, NULL) = 0
26123 15:50:39.759528 bind(5, {sa_family=AF_INET, sin_port=htons(55573), sin_addr=inet_addr("127.0.0.1")}, 16) = 0
26123 15:50:39.759544 listen(5, 1)      = 0
26123 15:50:39.759557 write(4, "\25\331\0\0", 4) = 4
26125 15:50:39.759569 <... read resumed> "\25\331\0\0", 4) = 4
26125 15:50:39.759583 write(0, "227 Entering Passive Mode (127,0,0,1,217,21).\r\n", 47) = 47
26125 15:50:39.759687 rt_sigaction(SIGALRM, {0x805cad0, ~[RTMIN RT_1], 0}, NULL, 8) = 0
26125 15:50:39.759703 alarm(300)        = 300
26125 15:50:39.759715 recv(0, "STOR myfile39\r\n", 4096, MSG_PEEK) = 15
26125 15:50:39.759728 read(0, "STOR myfile39\r\n", 15) = 15
26125 15:50:39.759760 write(5, "\v", 1) = 1
26125 15:50:39.759781 read(5,  <unfinished ...>
26123 15:50:39.759788 read(4, "\v", 1)  = 1
26123 15:50:39.759799 write(4, "\1\0\0\0", 4) = 4
26125 15:50:39.759810 <... read resumed> "\1\0\0\0", 4) = 4
26125 15:50:39.759819 gettimeofday({1495655439, 759822}, NULL) = 0
26125 15:50:39.759833 getcwd("/home/msfadmin", 4096) = 15
26125 15:50:39.759846 open("myfile39", O_WRONLY|O_CREAT|O_NONBLOCK|O_LARGEFILE, 0666) = 4
26125 15:50:39.759860 fstat64(4, {st_mode=S_IFREG|0644, st_size=17, ...}) = 0
26125 15:50:39.759877 fcntl64(4, F_GETFL) = 0x8801 (flags O_WRONLY|O_NONBLOCK|O_LARGEFILE)
26125 15:50:39.759888 fcntl64(4, F_SETFL, O_WRONLY|O_LARGEFILE) = 0
26125 15:50:39.759898 fcntl64(4, F_SETLKW64, {type=F_WRLCK, whence=SEEK_SET, start=0, len=0}, 0xbfbb85a4) = 0
26125 15:50:39.759913 ftruncate64(4, 0) = 0
26125 15:50:39.759932 _llseek(4, 0, [0], SEEK_SET) = 0
26125 15:50:39.759943 write(5, "\v", 1) = 1
26125 15:50:39.759964 read(5,  <unfinished ...>
26123 15:50:39.759972 read(4, "\v", 1)  = 1
26123 15:50:39.759983 write(4, "\1\0\0\0", 4) = 4
26125 15:50:39.759994 <... read resumed> "\1\0\0\0", 4) = 4
26125 15:50:39.760011 write(5, "\v", 1) = 1
26125 15:50:39.760021 read(5,  <unfinished ...>
26123 15:50:39.760027 read(4, "\v", 1)  = 1
26123 15:50:39.760038 write(4, "\1\0\0\0", 4) = 4
26125 15:50:39.760049 <... read resumed> "\1\0\0\0", 4) = 4
26125 15:50:39.760056 write(5, "\r", 1) = 1
26125 15:50:39.760066 read(5,  <unfinished ...>
26123 15:50:39.760073 read(4, "\r", 1)  = 1
26123 15:50:39.760085 select(6, [5], NULL, NULL, {60, 0}) = 1 (in [5], left {60, 0})
26123 15:50:39.760102 accept(5, {sa_family=AF_INET, sin_port=htons(36488), sin_addr=inet_addr("127.0.0.1")}, [16]) = 6
26123 15:50:39.760124 write(4, "\1", 1) = 1
26125 15:50:39.760135 <... read resumed> "\1", 1) = 1
26125 15:50:39.760144 recvmsg(5,  <unfinished ...>
26123 15:50:39.760154 sendmsg(4, {msg_name(0)=NULL, msg_iov(1)=[{"\0", 1}], msg_controllen=16, {cmsg_len=16, cmsg_level=SOL_SOCKET, cmsg_type=SCM_RIGHTS, {6}}, msg_flags=0}, 0) = 1
26125 15:50:39.760171 <... recvmsg resumed> {msg_name(0)=NULL, msg_iov(1)=[{"\0", 1}], msg_controllen=16, {cmsg_len=16, cmsg_level=SOL_SOCKET, cmsg_type=SCM_RIGHTS, {6}}, msg_flags=0}, 0) = 1
26125 15:50:39.760185 setsockopt(6, SOL_SOCKET, SO_KEEPALIVE, [1], 4) = 0
26125 15:50:39.760197 setsockopt(6, SOL_IP, IP_TOS, [8], 4) = 0
26125 15:50:39.760209 setsockopt(6, SOL_SOCKET, SO_LINGER, {onoff=1, linger=32767}, 8) = 0
26125 15:50:39.760220 rt_sigaction(SIGALRM, {0x805cad0, ~[RTMIN RT_1], 0}, NULL, 8) = 0
26125 15:50:39.760233 alarm(300)        = 300
26125 15:50:39.760246 write(0, "150 Ok to send data.\r\n", 22) = 22
26125 15:50:39.760309 mmap2(NULL, 77824, PROT_READ|PROT_WRITE, MAP_PRIVATE|MAP_ANONYMOUS, -1, 0) = 0xb7d1b000
26125 15:50:39.760323 mprotect(0xb7d2d000, 4096, PROT_NONE) = 0
26125 15:50:39.760335 mprotect(0xb7d1b000, 4096, PROT_NONE) = 0
26125 15:50:39.760355 read(6, "assasaaa\na\na\na\na\n", 65536) = 17
26125 15:50:39.760369 write(4, "assasaaa\na\na\na\na\n", 17) = 17
26125 15:50:39.760385 read(6, "", 65536) = 0
26125 15:50:39.760396 rt_sigaction(SIGALRM, {0x805cad0, ~[RTMIN RT_1], 0}, NULL, 8) = 0
26125 15:50:39.760410 alarm(300)        = 300
26125 15:50:39.760420 close(6)          = 0
26125 15:50:39.760429 alarm(0)          = 300
26125 15:50:39.760448 gettimeofday({1495655439, 760452}, NULL) = 0
26125 15:50:39.760486 getpid()          = 26125
26125 15:50:39.760508 gettimeofday({1495655439, 760512}, NULL) = 0
26125 15:50:39.760545 fcntl64(3, F_SETLKW64, {type=F_WRLCK, whence=SEEK_SET, start=0, len=0}, 0xbfbb8544) = 0
26125 15:50:39.760569 write(3, "Wed May 24 15:50:39 2017 [pid 26125] [msfadmin] OK UPLOAD: Client \"127.0.0.1\", \"/home/msfadmin/myfile39\", 17 bytes, 24.06Kbyte/sec\n", 131) = 131
26125 15:50:39.760590 fcntl64(3, F_SETLK64, {type=F_UNLCK, whence=SEEK_SET, start=0, len=0}, 0xbfbb854c) = 0
26125 15:50:39.760604 write(0, "226 Transfer complete.\r\n", 24) = 24
26125 15:50:39.760644 write(5, "\n", 1) = 1
26125 15:50:39.760656 read(5,  <unfinished ...>
26123 15:50:39.760663 close(6)          = 0
26123 15:50:39.760681 read(4, "\n", 1)  = 1
26123 15:50:39.760693 close(5)          = 0
26123 15:50:39.760721 write(4, "\1", 1) = 1
26125 15:50:39.760735 <... read resumed> "\1", 1) = 1
26125 15:50:39.760752 close(4)          = 0
26125 15:50:39.760762 rt_sigaction(SIGALRM, {0x805cad0, ~[RTMIN RT_1], 0}, NULL, 8) = 0
26125 15:50:39.760780 alarm(300)        = 0
26125 15:50:39.760791 recv(0,  <unfinished ...>
26123 15:50:39.760799 read(4,  <unfinished ...>
26125 15:50:40.297538 <... recv resumed> "TYPE I\r\n", 4096, MSG_PEEK) = 8
26125 15:50:40.297569 read(0, "TYPE I\r\n", 8) = 8
26125 15:50:40.297617 write(0, "200 Switching to Binary mode.\r\n", 31) = 31
26125 15:50:40.297681 rt_sigaction(SIGALRM, {0x805cad0, ~[RTMIN RT_1], 0}, NULL, 8) = 0
26125 15:50:40.297698 alarm(300)        = 299
26125 15:50:40.297711 recv(0, "PASV\r\n", 4096, MSG_PEEK) = 6
26125 15:50:40.297723 read(0, "PASV\r\n", 6) = 6
26125 15:50:40.297735 write(5, "\n", 1) = 1
26125 15:50:40.297748 read(5,  <unfinished ...>
26123 15:50:40.297756 <... read resumed> "\n", 1) = 1
26123 15:50:40.297765 write(4, "\1", 1) = 1
26125 15:50:40.297776 <... read resumed> "\1", 1) = 1
26125 15:50:40.297783 write(5, "\f", 1) = 1
26125 15:50:40.297793 read(5,  <unfinished ...>
26123 15:50:40.297800 read(4, "\f", 1)  = 1
26123 15:50:40.297812 socket(PF_INET, SOCK_STREAM, IPPROTO_TCP) = 5
26123 15:50:40.297828 setsockopt(5, SOL_SOCKET, SO_REUSEADDR, [1], 4) = 0
26123 15:50:40.297843 bind(5, {sa_family=AF_INET, sin_port=htons(10295), sin_addr=inet_addr("127.0.0.1")}, 16) = 0
26123 15:50:40.297859 listen(5, 1)      = 0
26123 15:50:40.297873 write(4, "7(\0\0", 4) = 4
26125 15:50:40.297885 <... read resumed> "7(\0\0", 4) = 4
26125 15:50:40.297897 write(0, "227 Entering Passive Mode (127,0,0,1,40,55).\r\n", 46) = 46
26125 15:50:40.298008 rt_sigaction(SIGALRM, {0x805cad0, ~[RTMIN RT_1], 0}, NULL, 8) = 0
26125 15:50:40.298025 alarm(300)        = 300
26125 15:50:40.298036 recv(0, "STOR myfile40\r\n", 4096, MSG_PEEK) = 15
26125 15:50:40.298049 read(0, "STOR myfile40\r\n", 15) = 15
26125 15:50:40.298062 write(5, "\v", 1) = 1
26125 15:50:40.298073 read(5,  <unfinished ...>
26123 15:50:40.298080 read(4, "\v", 1)  = 1
26123 15:50:40.298127 write(4, "\1\0\0\0", 4) = 4
26125 15:50:40.298151 <... read resumed> "\1\0\0\0", 4) = 4
26125 15:50:40.298159 gettimeofday({1495655440, 298163}, NULL) = 0
26125 15:50:40.298170 getcwd("/home/msfadmin", 4096) = 15
26125 15:50:40.298183 open("myfile40", O_WRONLY|O_CREAT|O_NONBLOCK|O_LARGEFILE, 0666) = 4
26125 15:50:40.298198 fstat64(4, {st_mode=S_IFREG|0644, st_size=17, ...}) = 0
26125 15:50:40.298216 fcntl64(4, F_GETFL) = 0x8801 (flags O_WRONLY|O_NONBLOCK|O_LARGEFILE)
26125 15:50:40.298227 fcntl64(4, F_SETFL, O_WRONLY|O_LARGEFILE) = 0
26125 15:50:40.298237 fcntl64(4, F_SETLKW64, {type=F_WRLCK, whence=SEEK_SET, start=0, len=0}, 0xbfbb85a4) = 0
26125 15:50:40.298252 ftruncate64(4, 0) = 0
26125 15:50:40.298271 _llseek(4, 0, [0], SEEK_SET) = 0
26125 15:50:40.298283 write(5, "\v", 1) = 1
26125 15:50:40.298293 read(5,  <unfinished ...>
26123 15:50:40.298300 read(4, "\v", 1)  = 1
26123 15:50:40.298311 write(4, "\1\0\0\0", 4) = 4
26125 15:50:40.298322 <... read resumed> "\1\0\0\0", 4) = 4
26125 15:50:40.298329 write(5, "\v", 1) = 1
26125 15:50:40.298339 read(5,  <unfinished ...>
26123 15:50:40.298346 read(4, "\v", 1)  = 1
26123 15:50:40.298356 write(4, "\1\0\0\0", 4) = 4
26125 15:50:40.298367 <... read resumed> "\1\0\0\0", 4) = 4
26125 15:50:40.298374 write(5, "\r", 1) = 1
26125 15:50:40.298384 read(5,  <unfinished ...>
26123 15:50:40.298390 read(4, "\r", 1)  = 1
26123 15:50:40.298402 select(6, [5], NULL, NULL, {60, 0}) = 1 (in [5], left {60, 0})
26123 15:50:40.298419 accept(5, {sa_family=AF_INET, sin_port=htons(46751), sin_addr=inet_addr("127.0.0.1")}, [16]) = 6
26123 15:50:40.298441 write(4, "\1", 1) = 1
26125 15:50:40.298452 <... read resumed> "\1", 1) = 1
26125 15:50:40.298460 recvmsg(5,  <unfinished ...>
26123 15:50:40.298469 sendmsg(4, {msg_name(0)=NULL, msg_iov(1)=[{"\0", 1}], msg_controllen=16, {cmsg_len=16, cmsg_level=SOL_SOCKET, cmsg_type=SCM_RIGHTS, {6}}, msg_flags=0}, 0) = 1
26125 15:50:40.298486 <... recvmsg resumed> {msg_name(0)=NULL, msg_iov(1)=[{"\0", 1}], msg_controllen=16, {cmsg_len=16, cmsg_level=SOL_SOCKET, cmsg_type=SCM_RIGHTS, {6}}, msg_flags=0}, 0) = 1
26125 15:50:40.298499 setsockopt(6, SOL_SOCKET, SO_KEEPALIVE, [1], 4) = 0
26125 15:50:40.298518 setsockopt(6, SOL_IP, IP_TOS, [8], 4) = 0
26125 15:50:40.298530 setsockopt(6, SOL_SOCKET, SO_LINGER, {onoff=1, linger=32767}, 8) = 0
26125 15:50:40.298541 rt_sigaction(SIGALRM, {0x805cad0, ~[RTMIN RT_1], 0}, NULL, 8) = 0
26125 15:50:40.298555 alarm(300)        = 300
26125 15:50:40.298567 write(0, "150 Ok to send data.\r\n", 22) = 22
26125 15:50:40.298664 read(6, "assasaaa\na\na\na\na\n", 65536) = 17
26125 15:50:40.298679 write(4, "assasaaa\na\na\na\na\n", 17) = 17
26125 15:50:40.298696 read(6, "", 65536) = 0
26125 15:50:40.298707 rt_sigaction(SIGALRM, {0x805cad0, ~[RTMIN RT_1], 0}, NULL, 8) = 0
26125 15:50:40.298720 alarm(300)        = 300
26125 15:50:40.298730 close(6)          = 0
26125 15:50:40.298740 alarm(0)          = 300
26125 15:50:40.298749 gettimeofday({1495655440, 298753}, NULL) = 0
26125 15:50:40.298765 gettimeofday({1495655440, 298768}, NULL) = 0
26125 15:50:40.298779 fcntl64(3, F_SETLKW64, {type=F_WRLCK, whence=SEEK_SET, start=0, len=0}, 0xbfbb8544) = 0
26125 15:50:40.298793 write(3, "Wed May 24 15:50:40 2017 [pid 26125] [msfadmin] OK UPLOAD: Client \"127.0.0.1\", \"/home/msfadmin/myfile40\", 17 bytes, 27.44Kbyte/sec\n", 131) = 131
26125 15:50:40.298815 fcntl64(3, F_SETLK64, {type=F_UNLCK, whence=SEEK_SET, start=0, len=0}, 0xbfbb854c) = 0
26125 15:50:40.298830 write(0, "226 Transfer complete.\r\n", 24) = 24
26125 15:50:40.298882 write(5, "\n", 1) = 1
26125 15:50:40.298894 read(5,  <unfinished ...>
26123 15:50:40.298901 close(6)          = 0
26123 15:50:40.298919 read(4, "\n", 1)  = 1
26123 15:50:40.298931 close(5)          = 0
26123 15:50:40.298942 write(4, "\1", 1) = 1
26125 15:50:40.298953 <... read resumed> "\1", 1) = 1
26125 15:50:40.298959 close(4)          = 0
26125 15:50:40.298970 rt_sigaction(SIGALRM, {0x805cad0, ~[RTMIN RT_1], 0}, NULL, 8) = 0
26125 15:50:40.298983 alarm(300)        = 0
26125 15:50:40.298994 recv(0,  <unfinished ...>
26123 15:50:40.299002 read(4,  <unfinished ...>
26125 15:50:40.827574 <... recv resumed> "TYPE I\r\n", 4096, MSG_PEEK) = 8
26125 15:50:40.827605 read(0, "TYPE I\r\n", 8) = 8
26125 15:50:40.827627 write(0, "200 Switching to Binary mode.\r\n", 31) = 31
26125 15:50:40.827706 rt_sigaction(SIGALRM, {0x805cad0, ~[RTMIN RT_1], 0}, NULL, 8) = 0
26125 15:50:40.827726 alarm(300)        = 299
26125 15:50:40.827739 recv(0, "PASV\r\n", 4096, MSG_PEEK) = 6
26125 15:50:40.827751 read(0, "PASV\r\n", 6) = 6
26125 15:50:40.827763 write(5, "\n", 1) = 1
26125 15:50:40.827777 read(5,  <unfinished ...>
26123 15:50:40.827786 <... read resumed> "\n", 1) = 1
26123 15:50:40.827795 write(4, "\1", 1) = 1
26125 15:50:40.827806 <... read resumed> "\1", 1) = 1
26125 15:50:40.827814 write(5, "\f", 1) = 1
26125 15:50:40.827824 read(5,  <unfinished ...>
26123 15:50:40.827831 read(4, "\f", 1)  = 1
26123 15:50:40.827844 socket(PF_INET, SOCK_STREAM, IPPROTO_TCP) = 5
26123 15:50:40.827860 setsockopt(5, SOL_SOCKET, SO_REUSEADDR, [1], 4) = 0
26123 15:50:40.827875 bind(5, {sa_family=AF_INET, sin_port=htons(25410), sin_addr=inet_addr("127.0.0.1")}, 16) = 0
26123 15:50:40.827893 listen(5, 1)      = 0
26123 15:50:40.827915 write(4, "Bc\0\0", 4) = 4
26125 15:50:40.827931 <... read resumed> "Bc\0\0", 4) = 4
26125 15:50:40.827948 write(0, "227 Entering Passive Mode (127,0,0,1,99,66).\r\n", 46) = 46
26125 15:50:40.828097 rt_sigaction(SIGALRM, {0x805cad0, ~[RTMIN RT_1], 0}, NULL, 8) = 0
26125 15:50:40.828122 alarm(300)        = 300
26125 15:50:40.828140 recv(0, "STOR myfile0\r\n", 4096, MSG_PEEK) = 14
26125 15:50:40.828161 read(0, "STOR myfile0\r\n", 14) = 14
26125 15:50:40.828182 write(5, "\v", 1) = 1
26125 15:50:40.828200 read(5,  <unfinished ...>
26123 15:50:40.828213 read(4, "\v", 1)  = 1
26123 15:50:40.828226 write(4, "\1\0\0\0", 4) = 4
26125 15:50:40.828237 <... read resumed> "\1\0\0\0", 4) = 4
26125 15:50:40.828245 gettimeofday({1495655440, 828249}, NULL) = 0
26125 15:50:40.828257 getcwd("/home/msfadmin", 4096) = 15
26125 15:50:40.828271 open("myfile0", O_WRONLY|O_CREAT|O_NONBLOCK|O_LARGEFILE, 0666) = 4
26125 15:50:40.828287 fstat64(4, {st_mode=S_IFREG|0644, st_size=17, ...}) = 0
26125 15:50:40.828314 fcntl64(4, F_GETFL) = 0x8801 (flags O_WRONLY|O_NONBLOCK|O_LARGEFILE)
26125 15:50:40.828326 fcntl64(4, F_SETFL, O_WRONLY|O_LARGEFILE) = 0
26125 15:50:40.828336 fcntl64(4, F_SETLKW64, {type=F_WRLCK, whence=SEEK_SET, start=0, len=0}, 0xbfbb85a4) = 0
26125 15:50:40.828351 ftruncate64(4, 0) = 0
26125 15:50:40.828371 _llseek(4, 0, [0], SEEK_SET) = 0
26125 15:50:40.828382 write(5, "\v", 1) = 1
26125 15:50:40.828393 read(5,  <unfinished ...>
26123 15:50:40.828400 read(4, "\v", 1)  = 1
26123 15:50:40.828412 write(4, "\1\0\0\0", 4) = 4
26125 15:50:40.828423 <... read resumed> "\1\0\0\0", 4) = 4
26125 15:50:40.828430 write(5, "\v", 1) = 1
26125 15:50:40.828440 read(5,  <unfinished ...>
26123 15:50:40.828447 read(4, "\v", 1)  = 1
26123 15:50:40.828458 write(4, "\1\0\0\0", 4) = 4
26125 15:50:40.828469 <... read resumed> "\1\0\0\0", 4) = 4
26125 15:50:40.828476 write(5, "\r", 1) = 1
26125 15:50:40.828487 read(5,  <unfinished ...>
26123 15:50:40.828494 read(4, "\r", 1)  = 1
26123 15:50:40.828506 select(6, [5], NULL, NULL, {60, 0}) = 1 (in [5], left {60, 0})
26123 15:50:40.828523 accept(5, {sa_family=AF_INET, sin_port=htons(50927), sin_addr=inet_addr("127.0.0.1")}, [16]) = 6
26123 15:50:40.828556 write(4, "\1", 1) = 1
26125 15:50:40.828568 <... read resumed> "\1", 1) = 1
26125 15:50:40.828576 recvmsg(5,  <unfinished ...>
26123 15:50:40.828585 sendmsg(4, {msg_name(0)=NULL, msg_iov(1)=[{"\0", 1}], msg_controllen=16, {cmsg_len=16, cmsg_level=SOL_SOCKET, cmsg_type=SCM_RIGHTS, {6}}, msg_flags=0}, 0) = 1
26125 15:50:40.828603 <... recvmsg resumed> {msg_name(0)=NULL, msg_iov(1)=[{"\0", 1}], msg_controllen=16, {cmsg_len=16, cmsg_level=SOL_SOCKET, cmsg_type=SCM_RIGHTS, {6}}, msg_flags=0}, 0) = 1
26125 15:50:40.829166 setsockopt(6, SOL_SOCKET, SO_KEEPALIVE, [1], 4) = 0
26125 15:50:40.829183 setsockopt(6, SOL_IP, IP_TOS, [8], 4) = 0
26125 15:50:40.829195 setsockopt(6, SOL_SOCKET, SO_LINGER, {onoff=1, linger=32767}, 8) = 0
26125 15:50:40.829207 rt_sigaction(SIGALRM, {0x805cad0, ~[RTMIN RT_1], 0}, NULL, 8) = 0
26125 15:50:40.829222 alarm(300)        = 300
26125 15:50:40.829237 write(0, "150 Ok to send data.\r\n", 22) = 22
26125 15:50:40.829334 read(6, "assasaaa\na\na\na\na\n", 65536) = 17
26125 15:50:40.829349 write(4, "assasaaa\na\na\na\na\n", 17) = 17
26125 15:50:40.829367 read(6, "", 65536) = 0
26125 15:50:40.829378 rt_sigaction(SIGALRM, {0x805cad0, ~[RTMIN RT_1], 0}, NULL, 8) = 0
26125 15:50:40.829392 alarm(300)        = 300
26125 15:50:40.829402 close(6)          = 0
26125 15:50:40.829412 alarm(0)          = 300
26125 15:50:40.829422 gettimeofday({1495655440, 829426}, NULL) = 0
26125 15:50:40.829438 gettimeofday({1495655440, 829442}, NULL) = 0
26125 15:50:40.829453 fcntl64(3, F_SETLKW64, {type=F_WRLCK, whence=SEEK_SET, start=0, len=0}, 0xbfbb8544) = 0
26125 15:50:40.829469 write(3, "Wed May 24 15:50:40 2017 [pid 26125] [msfadmin] OK UPLOAD: Client \"127.0.0.1\", \"/home/msfadmin/myfile0\", 17 bytes, 13.92Kbyte/sec\n", 130) = 130
26125 15:50:40.829490 fcntl64(3, F_SETLK64, {type=F_UNLCK, whence=SEEK_SET, start=0, len=0}, 0xbfbb854c) = 0
26125 15:50:40.829505 write(0, "226 Transfer complete.\r\n", 24) = 24
26125 15:50:40.829553 write(5, "\n", 1) = 1
