26520 15:57:17.562545 setreuid32(-1, 1000) = 0
26520 15:57:17.562555 chdir("/home/msfadmin") = 0
26520 15:57:17.562567 setreuid32(-1, 0) = 0
26520 15:57:17.562576 setregid32(-1, 0) = 0
26520 15:57:17.562586 setgid32(1000)    = 0
26520 15:57:17.562595 setuid32(1000)    = 0
26520 15:57:17.562605 setrlimit(RLIMIT_NPROC, {rlim_cur=0, rlim_max=0}) = 0
26520 15:57:17.562618 mmap2(NULL, 12288, PROT_READ|PROT_WRITE, MAP_PRIVATE|MAP_ANONYMOUS, -1, 0) = 0xb7fc2000
26520 15:57:17.562657 mprotect(0xb7fc4000, 4096, PROT_NONE) = 0
26520 15:57:17.562679 mprotect(0xb7fc2000, 4096, PROT_NONE) = 0
26520 15:57:17.562690 getcwd("/home/msfadmin", 4096) = 15
26520 15:57:17.562704 umask(022)        = 077
26520 15:57:17.562714 getcwd("/home/msfadmin", 4096) = 15
26520 15:57:17.562727 open(".message", O_RDONLY|O_NONBLOCK|O_LARGEFILE) = -1 ENOENT (No such file or directory)
26520 15:57:17.562750 write(0, "230 Login successful.\r\n", 23) = 23
26520 15:57:17.562831 rt_sigaction(SIGALRM, {0x805cad0, ~[RTMIN RT_1], 0}, NULL, 8) = 0
26520 15:57:17.562848 alarm(300)        = 0
26520 15:57:17.562859 mmap2(NULL, 12288, PROT_READ|PROT_WRITE, MAP_PRIVATE|MAP_ANONYMOUS, -1, 0) = 0xb7fbf000
26520 15:57:17.562870 mprotect(0xb7fc1000, 4096, PROT_NONE) = 0
26520 15:57:17.562881 mprotect(0xb7fbf000, 4096, PROT_NONE) = 0
26520 15:57:17.562894 recv(0, "TYPE I\r\n", 4096, MSG_PEEK) = 8
26520 15:57:17.562906 read(0, "TYPE I\r\n", 8) = 8
26520 15:57:17.562923 write(0, "200 Switching to Binary mode.\r\n", 31) = 31
26520 15:57:17.562963 rt_sigaction(SIGALRM, {0x805cad0, ~[RTMIN RT_1], 0}, NULL, 8) = 0
26520 15:57:17.562981 alarm(300)        = 300
26520 15:57:17.562992 recv(0, "PASV\r\n", 4096, MSG_PEEK) = 6
26520 15:57:17.563004 read(0, "PASV\r\n", 6) = 6
26520 15:57:17.563015 write(5, "\n", 1) = 1
26520 15:57:17.563026 read(5,  <unfinished ...>
26518 15:57:17.563038 close(5)          = 0
26518 15:57:17.563051 getuid32()        = 0
26518 15:57:17.563066 open("/etc/passwd", O_RDONLY|0x80000 /* O_??? */) = 5
26518 15:57:17.563081 _llseek(5, 0, [0], SEEK_CUR) = 0
26518 15:57:17.563093 fstat64(5, {st_mode=S_IFREG|0644, st_size=1624, ...}) = 0
26518 15:57:17.563111 mmap2(NULL, 1624, PROT_READ, MAP_SHARED, 5, 0) = 0xb7fc4000
26518 15:57:17.563149 _llseek(5, 1624, [1624], SEEK_SET) = 0
26518 15:57:17.563169 munmap(0xb7fc4000, 1624) = 0
26518 15:57:17.563190 close(5)          = 0
26518 15:57:17.563205 setgroups32(0, []) = 0
26518 15:57:17.563217 chdir("/usr/share/empty") = 0
26518 15:57:17.563229 chroot(".")       = 0
26518 15:57:17.563239 capset(NULL, NULL) = -1 EFAULT (Bad address)
26518 15:57:17.563252 prctl(0x8, 0, 0xbff1f1b8, 0x80549a6, 0xbff1f1a0) = 0
26518 15:57:17.563263 prctl(0x8, 0x1, 0xbff1f1b8, 0x8054a49, 0xbff1f1a0) = 0
26518 15:57:17.563273 setgid32(65534)   = 0
26518 15:57:17.563283 setuid32(65534)   = 0
26518 15:57:17.563293 capset(0x19980330, 0, {CAP_NET_BIND_SERVICE, CAP_NET_BIND_SERVICE, 0}) = 0
26518 15:57:17.563305 read(4, "\n", 1)  = 1
26518 15:57:17.563318 write(4, "\1", 1) = 1
26520 15:57:17.563329 <... read resumed> "\1", 1) = 1
26520 15:57:17.563336 write(5, "\f", 1) = 1
26520 15:57:17.563346 read(5,  <unfinished ...>
26518 15:57:17.563353 read(4, "\f", 1)  = 1
26518 15:57:17.563365 socket(PF_INET, SOCK_STREAM, IPPROTO_TCP) = 5
26518 15:57:17.563378 setsockopt(5, SOL_SOCKET, SO_REUSEADDR, [1], 4) = 0
26518 15:57:17.563390 gettimeofday({1495655837, 563393}, NULL) = 0
26518 15:57:17.563405 bind(5, {sa_family=AF_INET, sin_port=htons(19828), sin_addr=inet_addr("127.0.0.1")}, 16) = 0
26518 15:57:17.563421 listen(5, 1)      = 0
26518 15:57:17.563434 write(4, "tM\0\0", 4) = 4
26520 15:57:17.563444 <... read resumed> "tM\0\0", 4) = 4
26520 15:57:17.563458 write(0, "227 Entering Passive Mode (127,0,0,1,77,116).\r\n", 47) = 47
26520 15:57:17.563553 rt_sigaction(SIGALRM, {0x805cad0, ~[RTMIN RT_1], 0}, NULL, 8) = 0
26520 15:57:17.563569 alarm(300)        = 300
26520 15:57:17.563580 recv(0, "STOR myfile35\r\n", 4096, MSG_PEEK) = 15
26520 15:57:17.563592 read(0, "STOR myfile35\r\n", 15) = 15
26520 15:57:17.563607 write(5, "\v", 1) = 1
26520 15:57:17.563645 read(5,  <unfinished ...>
26518 15:57:17.563653 read(4, "\v", 1)  = 1
26518 15:57:17.563675 write(4, "\1\0\0\0", 4) = 4
26520 15:57:17.563686 <... read resumed> "\1\0\0\0", 4) = 4
26520 15:57:17.563694 gettimeofday({1495655837, 563698}, NULL) = 0
26520 15:57:17.563705 getcwd("/home/msfadmin", 4096) = 15
26520 15:57:17.563717 open("myfile35", O_WRONLY|O_CREAT|O_NONBLOCK|O_LARGEFILE, 0666) = 4
26520 15:57:17.563731 fstat64(4, {st_mode=S_IFREG|0644, st_size=17, ...}) = 0
26520 15:57:17.563748 fcntl64(4, F_GETFL) = 0x8801 (flags O_WRONLY|O_NONBLOCK|O_LARGEFILE)
26520 15:57:17.563758 fcntl64(4, F_SETFL, O_WRONLY|O_LARGEFILE) = 0
26520 15:57:17.563768 fcntl64(4, F_SETLKW64, {type=F_WRLCK, whence=SEEK_SET, start=0, len=0}, 0xbff1f104) = 0
26520 15:57:17.563783 ftruncate64(4, 0) = 0
26520 15:57:17.563803 _llseek(4, 0, [0], SEEK_SET) = 0
26520 15:57:17.563814 write(5, "\v", 1) = 1
26520 15:57:17.563824 read(5,  <unfinished ...>
26518 15:57:17.563831 read(4, "\v", 1)  = 1
26518 15:57:17.563842 write(4, "\1\0\0\0", 4) = 4
26520 15:57:17.563852 <... read resumed> "\1\0\0\0", 4) = 4
26520 15:57:17.563859 write(5, "\v", 1) = 1
26520 15:57:17.563869 read(5,  <unfinished ...>
26518 15:57:17.563875 read(4, "\v", 1)  = 1
26518 15:57:17.563886 write(4, "\1\0\0\0", 4) = 4
26520 15:57:17.563896 <... read resumed> "\1\0\0\0", 4) = 4
26520 15:57:17.563903 write(5, "\r", 1) = 1
26520 15:57:17.563913 read(5,  <unfinished ...>
26518 15:57:17.563919 read(4, "\r", 1)  = 1
26518 15:57:17.563931 select(6, [5], NULL, NULL, {60, 0}) = 1 (in [5], left {60, 0})
26518 15:57:17.563952 accept(5, {sa_family=AF_INET, sin_port=htons(57726), sin_addr=inet_addr("127.0.0.1")}, [16]) = 6
26518 15:57:17.563974 write(4, "\1", 1) = 1
26520 15:57:17.563985 <... read resumed> "\1", 1) = 1
26520 15:57:17.563994 recvmsg(5,  <unfinished ...>
26518 15:57:17.564003 sendmsg(4, {msg_name(0)=NULL, msg_iov(1)=[{"\0", 1}], msg_controllen=16, {cmsg_len=16, cmsg_level=SOL_SOCKET, cmsg_type=SCM_RIGHTS, {6}}, msg_flags=0}, 0) = 1
26520 15:57:17.564021 <... recvmsg resumed> {msg_name(0)=NULL, msg_iov(1)=[{"\0", 1}], msg_controllen=16, {cmsg_len=16, cmsg_level=SOL_SOCKET, cmsg_type=SCM_RIGHTS, {6}}, msg_flags=0}, 0) = 1
26520 15:57:17.564034 setsockopt(6, SOL_SOCKET, SO_KEEPALIVE, [1], 4) = 0
26520 15:57:17.564046 setsockopt(6, SOL_IP, IP_TOS, [8], 4) = 0
26520 15:57:17.564058 setsockopt(6, SOL_SOCKET, SO_LINGER, {onoff=1, linger=32767}, 8) = 0
26520 15:57:17.564069 rt_sigaction(SIGALRM, {0x805cad0, ~[RTMIN RT_1], 0}, NULL, 8) = 0
26520 15:57:17.564082 alarm(300)        = 300
26520 15:57:17.564095 write(0, "150 Ok to send data.\r\n", 22) = 22
26520 15:57:17.564198 mmap2(NULL, 77824, PROT_READ|PROT_WRITE, MAP_PRIVATE|MAP_ANONYMOUS, -1, 0) = 0xb7df9000
26520 15:57:17.564212 mprotect(0xb7e0b000, 4096, PROT_NONE) = 0
26520 15:57:17.564224 mprotect(0xb7df9000, 4096, PROT_NONE) = 0
26520 15:57:17.564234 read(6, "assasaaa\na\na\na\na\n", 65536) = 17
26520 15:57:17.564248 write(4, "assasaaa\na\na\na\na\n", 17) = 17
26520 15:57:17.564263 read(6, "", 65536) = 0
26520 15:57:17.564273 rt_sigaction(SIGALRM, {0x805cad0, ~[RTMIN RT_1], 0}, NULL, 8) = 0
26520 15:57:17.564287 alarm(300)        = 300
26520 15:57:17.564297 close(6)          = 0
26520 15:57:17.564306 alarm(0)          = 300
26520 15:57:17.564315 gettimeofday({1495655837, 564318}, NULL) = 0
26520 15:57:17.564332 getpid()          = 26520
26520 15:57:17.564344 gettimeofday({1495655837, 564347}, NULL) = 0
26520 15:57:17.564361 fcntl64(3, F_SETLKW64, {type=F_WRLCK, whence=SEEK_SET, start=0, len=0}, 0xbff1f0a4) = 0
26520 15:57:17.564376 write(3, "Wed May 24 15:57:17 2017 [pid 26520] [msfadmin] OK UPLOAD: Client \"127.0.0.1\", \"/home/msfadmin/myfile35\", 17 bytes, 25.58Kbyte/sec\n", 131) = 131
26520 15:57:17.564396 fcntl64(3, F_SETLK64, {type=F_UNLCK, whence=SEEK_SET, start=0, len=0}, 0xbff1f0ac) = 0
26520 15:57:17.564410 write(0, "226 Transfer complete.\r\n", 24) = 24
26520 15:57:17.564451 write(5, "\n", 1) = 1
26520 15:57:17.564462 read(5,  <unfinished ...>
26518 15:57:17.564469 close(6)          = 0
26518 15:57:17.564487 read(4, "\n", 1)  = 1
26518 15:57:17.564498 close(5)          = 0
26518 15:57:17.564509 write(4, "\1", 1) = 1
26520 15:57:17.564519 <... read resumed> "\1", 1) = 1
26520 15:57:17.564526 close(4)          = 0
26520 15:57:17.564537 rt_sigaction(SIGALRM, {0x805cad0, ~[RTMIN RT_1], 0}, NULL, 8) = 0
26520 15:57:17.564550 alarm(300)        = 0
26520 15:57:17.564561 recv(0,  <unfinished ...>
26518 15:57:17.564568 read(4,  <unfinished ...>
26520 15:57:18.080707 <... recv resumed> "TYPE I\r\n", 4096, MSG_PEEK) = 8
26520 15:57:18.080738 read(0, "TYPE I\r\n", 8) = 8
26520 15:57:18.080760 write(0, "200 Switching to Binary mode.\r\n", 31) = 31
26520 15:57:18.080807 rt_sigaction(SIGALRM, {0x805cad0, ~[RTMIN RT_1], 0}, NULL, 8) = 0
26520 15:57:18.080825 alarm(300)        = 299
26520 15:57:18.080837 recv(0, "PASV\r\n", 4096, MSG_PEEK) = 6
26520 15:57:18.080849 read(0, "PASV\r\n", 6) = 6
26520 15:57:18.080861 write(5, "\n", 1) = 1
26520 15:57:18.080873 read(5,  <unfinished ...>
26518 15:57:18.080881 <... read resumed> "\n", 1) = 1
26518 15:57:18.080890 write(4, "\1", 1) = 1
26520 15:57:18.080901 <... read resumed> "\1", 1) = 1
26520 15:57:18.080908 write(5, "\f", 1) = 1
26520 15:57:18.080918 read(5,  <unfinished ...>
26518 15:57:18.080925 read(4, "\f", 1)  = 1
26518 15:57:18.080937 socket(PF_INET, SOCK_STREAM, IPPROTO_TCP) = 5
26518 15:57:18.080952 setsockopt(5, SOL_SOCKET, SO_REUSEADDR, [1], 4) = 0
26518 15:57:18.080967 bind(5, {sa_family=AF_INET, sin_port=htons(52597), sin_addr=inet_addr("127.0.0.1")}, 16) = 0
26518 15:57:18.080983 listen(5, 1)      = 0
26518 15:57:18.081006 write(4, "u\315\0\0", 4) = 4
26520 15:57:18.081018 <... read resumed> "u\315\0\0", 4) = 4
26520 15:57:18.081030 write(0, "227 Entering Passive Mode (127,0,0,1,205,117).\r\n", 48) = 48
26520 15:57:18.081143 rt_sigaction(SIGALRM, {0x805cad0, ~[RTMIN RT_1], 0}, NULL, 8) = 0
26520 15:57:18.081168 alarm(300)        = 300
26520 15:57:18.081181 recv(0, "STOR myfile36\r\n", 4096, MSG_PEEK) = 15
26520 15:57:18.081194 read(0, "STOR myfile36\r\n", 15) = 15
26520 15:57:18.081208 write(5, "\v", 1) = 1
26520 15:57:18.081218 read(5,  <unfinished ...>
26518 15:57:18.081225 read(4, "\v", 1)  = 1
26518 15:57:18.081237 write(4, "\1\0\0\0", 4) = 4
26520 15:57:18.081247 <... read resumed> "\1\0\0\0", 4) = 4
26520 15:57:18.081255 gettimeofday({1495655838, 81259}, NULL) = 0
26520 15:57:18.081266 getcwd("/home/msfadmin", 4096) = 15
26520 15:57:18.081279 open("myfile36", O_WRONLY|O_CREAT|O_NONBLOCK|O_LARGEFILE, 0666) = 4
26520 15:57:18.081293 fstat64(4, {st_mode=S_IFREG|0644, st_size=17, ...}) = 0
26520 15:57:18.081311 fcntl64(4, F_GETFL) = 0x8801 (flags O_WRONLY|O_NONBLOCK|O_LARGEFILE)
26520 15:57:18.081322 fcntl64(4, F_SETFL, O_WRONLY|O_LARGEFILE) = 0
26520 15:57:18.081332 fcntl64(4, F_SETLKW64, {type=F_WRLCK, whence=SEEK_SET, start=0, len=0}, 0xbff1f104) = 0
26520 15:57:18.081346 ftruncate64(4, 0) = 0
26520 15:57:18.081393 _llseek(4, 0, [0], SEEK_SET) = 0
26520 15:57:18.081416 write(5, "\v", 1) = 1
26520 15:57:18.081427 read(5,  <unfinished ...>
26518 15:57:18.081434 read(4, "\v", 1)  = 1
26518 15:57:18.081445 write(4, "\1\0\0\0", 4) = 4
26520 15:57:18.081455 <... read resumed> "\1\0\0\0", 4) = 4
26520 15:57:18.081463 write(5, "\v", 1) = 1
26520 15:57:18.081472 read(5,  <unfinished ...>
26518 15:57:18.081479 read(4, "\v", 1)  = 1
26518 15:57:18.081490 write(4, "\1\0\0\0", 4) = 4
26520 15:57:18.081499 <... read resumed> "\1\0\0\0", 4) = 4
26520 15:57:18.081507 write(5, "\r", 1) = 1
26520 15:57:18.081516 read(5,  <unfinished ...>
26518 15:57:18.081523 read(4, "\r", 1)  = 1
26518 15:57:18.081535 select(6, [5], NULL, NULL, {60, 0}) = 1 (in [5], left {60, 0})
26518 15:57:18.081551 accept(5, {sa_family=AF_INET, sin_port=htons(38834), sin_addr=inet_addr("127.0.0.1")}, [16]) = 6
26518 15:57:18.081574 write(4, "\1", 1) = 1
26520 15:57:18.081584 <... read resumed> "\1", 1) = 1
26520 15:57:18.081593 recvmsg(5,  <unfinished ...>
26518 15:57:18.081601 sendmsg(4, {msg_name(0)=NULL, msg_iov(1)=[{"\0", 1}], msg_controllen=16, {cmsg_len=16, cmsg_level=SOL_SOCKET, cmsg_type=SCM_RIGHTS, {6}}, msg_flags=0}, 0) = 1
26520 15:57:18.081619 <... recvmsg resumed> {msg_name(0)=NULL, msg_iov(1)=[{"\0", 1}], msg_controllen=16, {cmsg_len=16, cmsg_level=SOL_SOCKET, cmsg_type=SCM_RIGHTS, {6}}, msg_flags=0}, 0) = 1
26520 15:57:18.081632 setsockopt(6, SOL_SOCKET, SO_KEEPALIVE, [1], 4) = 0
26520 15:57:18.081644 setsockopt(6, SOL_IP, IP_TOS, [8], 4) = 0
26520 15:57:18.081656 setsockopt(6, SOL_SOCKET, SO_LINGER, {onoff=1, linger=32767}, 8) = 0
26520 15:57:18.081667 rt_sigaction(SIGALRM, {0x805cad0, ~[RTMIN RT_1], 0}, NULL, 8) = 0
26520 15:57:18.081680 alarm(300)        = 300
26520 15:57:18.081693 write(0, "150 Ok to send data.\r\n", 22) = 22
26520 15:57:18.081760 read(6, "assasaaa\na\na\na\na\n", 65536) = 17
26520 15:57:18.081775 write(4, "assasaaa\na\na\na\na\n", 17) = 17
26520 15:57:18.081791 read(6, "", 65536) = 0
26520 15:57:18.081801 rt_sigaction(SIGALRM, {0x805cad0, ~[RTMIN RT_1], 0}, NULL, 8) = 0
26520 15:57:18.081815 alarm(300)        = 300
26520 15:57:18.081824 close(6)          = 0
26520 15:57:18.081833 alarm(0)          = 300
26520 15:57:18.081843 gettimeofday({1495655838, 81846}, NULL) = 0
26520 15:57:18.081858 gettimeofday({1495655838, 81862}, NULL) = 0
26520 15:57:18.081872 fcntl64(3, F_SETLKW64, {type=F_WRLCK, whence=SEEK_SET, start=0, len=0}, 0xbff1f0a4) = 0
26520 15:57:18.081886 write(3, "Wed May 24 15:57:18 2017 [pid 26520] [msfadmin] OK UPLOAD: Client \"127.0.0.1\", \"/home/msfadmin/myfile36\", 17 bytes, 27.53Kbyte/sec\n", 131) = 131
26520 15:57:18.081908 fcntl64(3, F_SETLK64, {type=F_UNLCK, whence=SEEK_SET, start=0, len=0}, 0xbff1f0ac) = 0
26520 15:57:18.081926 write(0, "226 Transfer complete.\r\n", 24) = 24
26520 15:57:18.081969 write(5, "\n", 1) = 1
26520 15:57:18.081981 read(5,  <unfinished ...>
26518 15:57:18.081988 close(6)          = 0
26518 15:57:18.082006 read(4, "\n", 1)  = 1
26518 15:57:18.082018 close(5)          = 0
26518 15:57:18.082028 write(4, "\1", 1) = 1
26520 15:57:18.082039 <... read resumed> "\1", 1) = 1
26520 15:57:18.082046 close(4)          = 0
26520 15:57:18.082056 rt_sigaction(SIGALRM, {0x805cad0, ~[RTMIN RT_1], 0}, NULL, 8) = 0
26520 15:57:18.082070 alarm(300)        = 0
26520 15:57:18.082081 recv(0,  <unfinished ...>
26518 15:57:18.082088 read(4,  <unfinished ...>
26520 15:57:18.610736 <... recv resumed> "TYPE I\r\n", 4096, MSG_PEEK) = 8
26520 15:57:18.610767 read(0, "TYPE I\r\n", 8) = 8
26520 15:57:18.610788 write(0, "200 Switching to Binary mode.\r\n", 31) = 31
26520 15:57:18.610836 rt_sigaction(SIGALRM, {0x805cad0, ~[RTMIN RT_1], 0}, NULL, 8) = 0
26520 15:57:18.610854 alarm(300)        = 299
26520 15:57:18.610867 recv(0, "PASV\r\n", 4096, MSG_PEEK) = 6
26520 15:57:18.610878 read(0, "PASV\r\n", 6) = 6
26520 15:57:18.610890 write(5, "\n", 1) = 1
26520 15:57:18.610902 read(5,  <unfinished ...>
26518 15:57:18.610910 <... read resumed> "\n", 1) = 1
26518 15:57:18.610919 write(4, "\1", 1) = 1
26520 15:57:18.610930 <... read resumed> "\1", 1) = 1
26520 15:57:18.610937 write(5, "\f", 1) = 1
26520 15:57:18.610947 read(5,  <unfinished ...>
26518 15:57:18.610954 read(4, "\f", 1)  = 1
26518 15:57:18.610965 socket(PF_INET, SOCK_STREAM, IPPROTO_TCP) = 5
26518 15:57:18.610981 setsockopt(5, SOL_SOCKET, SO_REUSEADDR, [1], 4) = 0
26518 15:57:18.610995 bind(5, {sa_family=AF_INET, sin_port=htons(54015), sin_addr=inet_addr("127.0.0.1")}, 16) = 0
26518 15:57:18.611012 listen(5, 1)      = 0
26518 15:57:18.611025 write(4, "\377\322\0\0", 4) = 4
26520 15:57:18.611036 <... read resumed> "\377\322\0\0", 4) = 4
26520 15:57:18.611048 write(0, "227 Entering Passive Mode (127,0,0,1,210,255).\r\n", 48) = 48
26520 15:57:18.611159 rt_sigaction(SIGALRM, {0x805cad0, ~[RTMIN RT_1], 0}, NULL, 8) = 0
26520 15:57:18.611191 alarm(300)        = 300
26520 15:57:18.611204 recv(0, "STOR myfile37\r\n", 4096, MSG_PEEK) = 15
26520 15:57:18.611217 read(0, "STOR myfile37\r\n", 15) = 15
26520 15:57:18.611230 write(5, "\v", 1) = 1
26520 15:57:18.611241 read(5,  <unfinished ...>
26518 15:57:18.611248 read(4, "\v", 1)  = 1
26518 15:57:18.611259 write(4, "\1\0\0\0", 4) = 4
26520 15:57:18.611270 <... read resumed> "\1\0\0\0", 4) = 4
26520 15:57:18.611278 gettimeofday({1495655838, 611281}, NULL) = 0
26520 15:57:18.611289 getcwd("/home/msfadmin", 4096) = 15
26520 15:57:18.611301 open("myfile37", O_WRONLY|O_CREAT|O_NONBLOCK|O_LARGEFILE, 0666) = 4
26520 15:57:18.611316 fstat64(4, {st_mode=S_IFREG|0644, st_size=17, ...}) = 0
26520 15:57:18.611333 fcntl64(4, F_GETFL) = 0x8801 (flags O_WRONLY|O_NONBLOCK|O_LARGEFILE)
26520 15:57:18.611345 fcntl64(4, F_SETFL, O_WRONLY|O_LARGEFILE) = 0
26520 15:57:18.611354 fcntl64(4, F_SETLKW64, {type=F_WRLCK, whence=SEEK_SET, start=0, len=0}, 0xbff1f104) = 0
26520 15:57:18.611369 ftruncate64(4, 0) = 0
26520 15:57:18.611388 _llseek(4, 0, [0], SEEK_SET) = 0
26520 15:57:18.611429 write(5, "\v", 1) = 1
26520 15:57:18.611440 read(5,  <unfinished ...>
26518 15:57:18.611448 read(4, "\v", 1)  = 1
26518 15:57:18.611468 write(4, "\1\0\0\0", 4) = 4
26520 15:57:18.611479 <... read resumed> "\1\0\0\0", 4) = 4
26520 15:57:18.611486 write(5, "\v", 1) = 1
26520 15:57:18.611496 read(5,  <unfinished ...>
26518 15:57:18.611502 read(4, "\v", 1)  = 1
26518 15:57:18.611513 write(4, "\1\0\0\0", 4) = 4
26520 15:57:18.611523 <... read resumed> "\1\0\0\0", 4) = 4
26520 15:57:18.611530 write(5, "\r", 1) = 1
26520 15:57:18.611540 read(5,  <unfinished ...>
26518 15:57:18.611546 read(4, "\r", 1)  = 1
26518 15:57:18.611558 select(6, [5], NULL, NULL, {60, 0}) = 1 (in [5], left {60, 0})
26518 15:57:18.611574 accept(5, {sa_family=AF_INET, sin_port=htons(53345), sin_addr=inet_addr("127.0.0.1")}, [16]) = 6
26518 15:57:18.611597 write(4, "\1", 1) = 1
26520 15:57:18.611607 <... read resumed> "\1", 1) = 1
26520 15:57:18.611622 recvmsg(5,  <unfinished ...>
26518 15:57:18.611631 sendmsg(4, {msg_name(0)=NULL, msg_iov(1)=[{"\0", 1}], msg_controllen=16, {cmsg_len=16, cmsg_level=SOL_SOCKET, cmsg_type=SCM_RIGHTS, {6}}, msg_flags=0}, 0) = 1
26520 15:57:18.611648 <... recvmsg resumed> {msg_name(0)=NULL, msg_iov(1)=[{"\0", 1}], msg_controllen=16, {cmsg_len=16, cmsg_level=SOL_SOCKET, cmsg_type=SCM_RIGHTS, {6}}, msg_flags=0}, 0) = 1
26520 15:57:18.611661 setsockopt(6, SOL_SOCKET, SO_KEEPALIVE, [1], 4) = 0
26520 15:57:18.611674 setsockopt(6, SOL_IP, IP_TOS, [8], 4) = 0
26520 15:57:18.611685 setsockopt(6, SOL_SOCKET, SO_LINGER, {onoff=1, linger=32767}, 8) = 0
26520 15:57:18.611697 rt_sigaction(SIGALRM, {0x805cad0, ~[RTMIN RT_1], 0}, NULL, 8) = 0
26520 15:57:18.611710 alarm(300)        = 300
26520 15:57:18.611722 write(0, "150 Ok to send data.\r\n", 22) = 22
26520 15:57:18.611790 read(6, "assasaaa\na\na\na\na\n", 65536) = 17
26520 15:57:18.611804 write(4, "assasaaa\na\na\na\na\n", 17) = 17
26520 15:57:18.611820 read(6, "", 65536) = 0
26520 15:57:18.611830 rt_sigaction(SIGALRM, {0x805cad0, ~[RTMIN RT_1], 0}, NULL, 8) = 0
26520 15:57:18.611844 alarm(300)        = 300
26520 15:57:18.611854 close(6)          = 0
26520 15:57:18.611863 alarm(0)          = 300
26520 15:57:18.611872 gettimeofday({1495655838, 611876}, NULL) = 0
26520 15:57:18.611887 gettimeofday({1495655838, 611891}, NULL) = 0
26520 15:57:18.611901 fcntl64(3, F_SETLKW64, {type=F_WRLCK, whence=SEEK_SET, start=0, len=0}, 0xbff1f0a4) = 0
26520 15:57:18.611916 write(3, "Wed May 24 15:57:18 2017 [pid 26520] [msfadmin] OK UPLOAD: Client \"127.0.0.1\", \"/home/msfadmin/myfile37\", 17 bytes, 27.22Kbyte/sec\n", 131) = 131
26520 15:57:18.611937 fcntl64(3, F_SETLK64, {type=F_UNLCK, whence=SEEK_SET, start=0, len=0}, 0xbff1f0ac) = 0
26520 15:57:18.611952 write(0, "226 Transfer complete.\r\n", 24) = 24
26520 15:57:18.611995 write(5, "\n", 1) = 1
26520 15:57:18.612007 read(5,  <unfinished ...>
26518 15:57:18.612014 close(6)          = 0
26518 15:57:18.612032 read(4, "\n", 1)  = 1
26518 15:57:18.612043 close(5)          = 0
26518 15:57:18.612054 write(4, "\1", 1) = 1
26520 15:57:18.612064 <... read resumed> "\1", 1) = 1
26520 15:57:18.612071 close(4)          = 0
26520 15:57:18.612081 rt_sigaction(SIGALRM, {0x805cad0, ~[RTMIN RT_1], 0}, NULL, 8) = 0
26520 15:57:18.612095 alarm(300)        = 0
26520 15:57:18.612105 recv(0,  <unfinished ...>
26518 15:57:18.612113 read(4,  <unfinished ...>
26520 15:57:19.130794 <... recv resumed> "TYPE I\r\n", 4096, MSG_PEEK) = 8
26520 15:57:19.130824 read(0, "TYPE I\r\n", 8) = 8
26520 15:57:19.130846 write(0, "200 Switching to Binary mode.\r\n", 31) = 31
26520 15:57:19.130895 rt_sigaction(SIGALRM, {0x805cad0, ~[RTMIN RT_1], 0}, NULL, 8) = 0
26520 15:57:19.130912 alarm(300)        = 299
26520 15:57:19.130925 recv(0, "PASV\r\n", 4096, MSG_PEEK) = 6
26520 15:57:19.130936 read(0, "PASV\r\n", 6) = 6
26520 15:57:19.130948 write(5, "\n", 1) = 1
26520 15:57:19.130960 read(5,  <unfinished ...>
26518 15:57:19.130969 <... read resumed> "\n", 1) = 1
26518 15:57:19.130978 write(4, "\1", 1) = 1
26520 15:57:19.130989 <... read resumed> "\1", 1) = 1
26520 15:57:19.130996 write(5, "\f", 1) = 1
26520 15:57:19.131006 read(5,  <unfinished ...>
26518 15:57:19.131012 read(4, "\f", 1)  = 1
26518 15:57:19.131024 socket(PF_INET, SOCK_STREAM, IPPROTO_TCP) = 5
26518 15:57:19.131040 setsockopt(5, SOL_SOCKET, SO_REUSEADDR, [1], 4) = 0
26518 15:57:19.131054 bind(5, {sa_family=AF_INET, sin_port=htons(9620), sin_addr=inet_addr("127.0.0.1")}, 16) = 0
26518 15:57:19.131070 listen(5, 1)      = 0
26518 15:57:19.131084 write(4, "\224%\0\0", 4) = 4
26520 15:57:19.131095 <... read resumed> "\224%\0\0", 4) = 4
26520 15:57:19.131107 write(0, "227 Entering Passive Mode (127,0,0,1,37,148).\r\n", 47) = 47
26520 15:57:19.131228 rt_sigaction(SIGALRM, {0x805cad0, ~[RTMIN RT_1], 0}, NULL, 8) = 0
26520 15:57:19.131245 alarm(300)        = 300
26520 15:57:19.131257 recv(0, "STOR myfile38\r\n", 4096, MSG_PEEK) = 15
26520 15:57:19.131269 read(0, "STOR myfile38\r\n", 15) = 15
26520 15:57:19.131283 write(5, "\v", 1) = 1
26520 15:57:19.131301 read(5,  <unfinished ...>
26518 15:57:19.131309 read(4, "\v", 1)  = 1
26518 15:57:19.131320 write(4, "\1\0\0\0", 4) = 4
26520 15:57:19.131331 <... read resumed> "\1\0\0\0", 4) = 4
26520 15:57:19.131338 gettimeofday({1495655839, 131342}, NULL) = 0
26520 15:57:19.131349 getcwd("/home/msfadmin", 4096) = 15
26520 15:57:19.131362 open("myfile38", O_WRONLY|O_CREAT|O_NONBLOCK|O_LARGEFILE, 0666) = 4
26520 15:57:19.131376 fstat64(4, {st_mode=S_IFREG|0644, st_size=17, ...}) = 0
26520 15:57:19.131393 fcntl64(4, F_GETFL) = 0x8801 (flags O_WRONLY|O_NONBLOCK|O_LARGEFILE)
26520 15:57:19.131405 fcntl64(4, F_SETFL, O_WRONLY|O_LARGEFILE) = 0
26520 15:57:19.131447 fcntl64(4, F_SETLKW64, {type=F_WRLCK, whence=SEEK_SET, start=0, len=0}, 0xbff1f104) = 0
26520 15:57:19.131465 ftruncate64(4, 0) = 0
26520 15:57:19.131495 _llseek(4, 0, [0], SEEK_SET) = 0
26520 15:57:19.131507 write(5, "\v", 1) = 1
