26026 15:48:54.950540 setreuid32(-1, 0) = 0
26026 15:48:54.950549 setregid32(-1, 0) = 0
26026 15:48:54.950560 setgid32(1000)    = 0
26026 15:48:54.950570 setuid32(1000)    = 0
26026 15:48:54.950580 setrlimit(RLIMIT_NPROC, {rlim_cur=0, rlim_max=0}) = 0
26026 15:48:54.950594 mmap2(NULL, 12288, PROT_READ|PROT_WRITE, MAP_PRIVATE|MAP_ANONYMOUS, -1, 0) = 0xb7fa6000
26026 15:48:54.950605 mprotect(0xb7fa8000, 4096, PROT_NONE) = 0
26026 15:48:54.950616 mprotect(0xb7fa6000, 4096, PROT_NONE) = 0
26026 15:48:54.950628 getcwd("/home/msfadmin", 4096) = 15
26026 15:48:54.950641 umask(022)        = 077
26026 15:48:54.950652 getcwd("/home/msfadmin", 4096) = 15
26026 15:48:54.950665 open(".message", O_RDONLY|O_NONBLOCK|O_LARGEFILE) = -1 ENOENT (No such file or directory)
26026 15:48:54.950691 write(0, "230 Login successful.\r\n", 23) = 23
26026 15:48:54.950771 rt_sigaction(SIGALRM, {0x805cad0, ~[RTMIN RT_1], 0}, NULL, 8) = 0
26026 15:48:54.950788 alarm(300)        = 0
26026 15:48:54.950799 mmap2(NULL, 12288, PROT_READ|PROT_WRITE, MAP_PRIVATE|MAP_ANONYMOUS, -1, 0) = 0xb7fa3000
26026 15:48:54.950811 mprotect(0xb7fa5000, 4096, PROT_NONE) = 0
26026 15:48:54.950822 mprotect(0xb7fa3000, 4096, PROT_NONE) = 0
26026 15:48:54.950835 recv(0, "TYPE I\r\n", 4096, MSG_PEEK) = 8
26026 15:48:54.950848 read(0, "TYPE I\r\n", 8) = 8
26026 15:48:54.950865 write(0, "200 Switching to Binary mode.\r\n", 31) = 31
26026 15:48:54.950904 rt_sigaction(SIGALRM, {0x805cad0, ~[RTMIN RT_1], 0}, NULL, 8) = 0
26026 15:48:54.950919 alarm(300)        = 300
26026 15:48:54.950930 recv(0, "PASV\r\n", 4096, MSG_PEEK) = 6
26026 15:48:54.950942 read(0, "PASV\r\n", 6) = 6
26026 15:48:54.950954 write(5, "\n", 1) = 1
26026 15:48:54.950965 read(5,  <unfinished ...>
26024 15:48:54.951119 close(5)          = 0
26024 15:48:54.951143 getuid32()        = 0
26024 15:48:54.951158 open("/etc/passwd", O_RDONLY|0x80000 /* O_??? */) = 5
26024 15:48:54.951173 _llseek(5, 0, [0], SEEK_CUR) = 0
26024 15:48:54.951186 fstat64(5, {st_mode=S_IFREG|0644, st_size=1624, ...}) = 0
26024 15:48:54.951204 mmap2(NULL, 1624, PROT_READ, MAP_SHARED, 5, 0) = 0xb7fa8000
26024 15:48:54.951215 _llseek(5, 1624, [1624], SEEK_SET) = 0
26024 15:48:54.951233 munmap(0xb7fa8000, 1624) = 0
26024 15:48:54.951245 close(5)          = 0
26024 15:48:54.951260 setgroups32(0, []) = 0
26024 15:48:54.951272 chdir("/usr/share/empty") = 0
26024 15:48:54.951285 chroot(".")       = 0
26024 15:48:54.951296 capset(NULL, NULL) = -1 EFAULT (Bad address)
26024 15:48:54.951309 prctl(0x8, 0, 0xbfb13db8, 0x80549a6, 0xbfb13da0) = 0
26024 15:48:54.951320 prctl(0x8, 0x1, 0xbfb13db8, 0x8054a49, 0xbfb13da0) = 0
26024 15:48:54.951331 setgid32(65534)   = 0
26024 15:48:54.951341 setuid32(65534)   = 0
26024 15:48:54.951351 capset(0x19980330, 0, {CAP_NET_BIND_SERVICE, CAP_NET_BIND_SERVICE, 0}) = 0
26024 15:48:54.951364 read(4, "\n", 1)  = 1
26024 15:48:54.951377 write(4, "\1", 1) = 1
26026 15:48:54.951388 <... read resumed> "\1", 1) = 1
26026 15:48:54.951396 write(5, "\f", 1) = 1
26026 15:48:54.951406 read(5,  <unfinished ...>
26024 15:48:54.951413 read(4, "\f", 1)  = 1
26024 15:48:54.951426 socket(PF_INET, SOCK_STREAM, IPPROTO_TCP) = 5
26024 15:48:54.951439 setsockopt(5, SOL_SOCKET, SO_REUSEADDR, [1], 4) = 0
26024 15:48:54.951450 gettimeofday({1495655334, 951454}, NULL) = 0
26024 15:48:54.951467 bind(5, {sa_family=AF_INET, sin_port=htons(43661), sin_addr=inet_addr("127.0.0.1")}, 16) = 0
26024 15:48:54.951482 listen(5, 1)      = 0
26024 15:48:54.951495 write(4, "\215\252\0\0", 4) = 4
26026 15:48:54.951506 <... read resumed> "\215\252\0\0", 4) = 4
26026 15:48:54.951520 write(0, "227 Entering Passive Mode (127,0,0,1,170,141).\r\n", 48) = 48
26026 15:48:54.951612 rt_sigaction(SIGALRM, {0x805cad0, ~[RTMIN RT_1], 0}, NULL, 8) = 0
26026 15:48:54.951629 alarm(300)        = 300
26026 15:48:54.951641 recv(0, "STOR myfile30\r\n", 4096, MSG_PEEK) = 15
26026 15:48:54.951653 read(0, "STOR myfile30\r\n", 15) = 15
26026 15:48:54.951669 write(5, "\v", 1) = 1
26026 15:48:54.951680 read(5,  <unfinished ...>
26024 15:48:54.951687 read(4, "\v", 1)  = 1
26024 15:48:54.951698 write(4, "\1\0\0\0", 4) = 4
26026 15:48:54.951709 <... read resumed> "\1\0\0\0", 4) = 4
26026 15:48:54.951717 gettimeofday({1495655334, 951721}, NULL) = 0
26026 15:48:54.951728 getcwd("/home/msfadmin", 4096) = 15
26026 15:48:54.951741 open("myfile30", O_WRONLY|O_CREAT|O_NONBLOCK|O_LARGEFILE, 0666) = 4
26026 15:48:54.951754 fstat64(4, {st_mode=S_IFREG|0644, st_size=17, ...}) = 0
26026 15:48:54.951771 fcntl64(4, F_GETFL) = 0x8801 (flags O_WRONLY|O_NONBLOCK|O_LARGEFILE)
26026 15:48:54.951782 fcntl64(4, F_SETFL, O_WRONLY|O_LARGEFILE) = 0
26026 15:48:54.951792 fcntl64(4, F_SETLKW64, {type=F_WRLCK, whence=SEEK_SET, start=0, len=0}, 0xbfb13d04) = 0
26026 15:48:54.951807 ftruncate64(4, 0) = 0
26026 15:48:54.951826 _llseek(4, 0, [0], SEEK_SET) = 0
26026 15:48:54.951840 write(5, "\v", 1) = 1
26026 15:48:54.951851 read(5,  <unfinished ...>
26024 15:48:54.951858 read(4, "\v", 1)  = 1
26024 15:48:54.951869 write(4, "\1\0\0\0", 4) = 4
26026 15:48:54.951880 <... read resumed> "\1\0\0\0", 4) = 4
26026 15:48:54.951887 write(5, "\v", 1) = 1
26026 15:48:54.951897 read(5,  <unfinished ...>
26024 15:48:54.951904 read(4, "\v", 1)  = 1
26024 15:48:54.951915 write(4, "\1\0\0\0", 4) = 4
26026 15:48:54.951925 <... read resumed> "\1\0\0\0", 4) = 4
26026 15:48:54.951933 write(5, "\r", 1) = 1
26026 15:48:54.951943 read(5,  <unfinished ...>
26024 15:48:54.951949 read(4, "\r", 1)  = 1
26024 15:48:54.951962 select(6, [5], NULL, NULL, {60, 0}) = 1 (in [5], left {60, 0})
26024 15:48:54.951978 accept(5, {sa_family=AF_INET, sin_port=htons(42533), sin_addr=inet_addr("127.0.0.1")}, [16]) = 6
26024 15:48:54.952000 write(4, "\1", 1) = 1
26026 15:48:54.952010 <... read resumed> "\1", 1) = 1
26026 15:48:54.952020 recvmsg(5,  <unfinished ...>
26024 15:48:54.952029 sendmsg(4, {msg_name(0)=NULL, msg_iov(1)=[{"\0", 1}], msg_controllen=16, {cmsg_len=16, cmsg_level=SOL_SOCKET, cmsg_type=SCM_RIGHTS, {6}}, msg_flags=0}, 0) = 1
26026 15:48:54.952047 <... recvmsg resumed> {msg_name(0)=NULL, msg_iov(1)=[{"\0", 1}], msg_controllen=16, {cmsg_len=16, cmsg_level=SOL_SOCKET, cmsg_type=SCM_RIGHTS, {6}}, msg_flags=0}, 0) = 1
26026 15:48:54.952086 setsockopt(6, SOL_SOCKET, SO_KEEPALIVE, [1], 4) = 0
26026 15:48:54.952109 setsockopt(6, SOL_IP, IP_TOS, [8], 4) = 0
26026 15:48:54.952121 setsockopt(6, SOL_SOCKET, SO_LINGER, {onoff=1, linger=32767}, 8) = 0
26026 15:48:54.952133 rt_sigaction(SIGALRM, {0x805cad0, ~[RTMIN RT_1], 0}, NULL, 8) = 0
26026 15:48:54.952146 alarm(300)        = 300
26026 15:48:54.952159 write(0, "150 Ok to send data.\r\n", 22) = 22
26026 15:48:54.952223 mmap2(NULL, 77824, PROT_READ|PROT_WRITE, MAP_PRIVATE|MAP_ANONYMOUS, -1, 0) = 0xb7ddd000
26026 15:48:54.952237 mprotect(0xb7def000, 4096, PROT_NONE) = 0
26026 15:48:54.952249 mprotect(0xb7ddd000, 4096, PROT_NONE) = 0
26026 15:48:54.952259 read(6, "assasaaa\na\na\na\na\n", 65536) = 17
26026 15:48:54.952273 write(4, "assasaaa\na\na\na\na\n", 17) = 17
26026 15:48:54.952289 read(6, "", 65536) = 0
26026 15:48:54.952299 rt_sigaction(SIGALRM, {0x805cad0, ~[RTMIN RT_1], 0}, NULL, 8) = 0
26026 15:48:54.952313 alarm(300)        = 300
26026 15:48:54.952323 close(6)          = 0
26026 15:48:54.952332 alarm(0)          = 300
26026 15:48:54.952342 gettimeofday({1495655334, 952346}, NULL) = 0
26026 15:48:54.952360 getpid()          = 26026
26026 15:48:54.952372 gettimeofday({1495655334, 952376}, NULL) = 0
26026 15:48:54.952390 fcntl64(3, F_SETLKW64, {type=F_WRLCK, whence=SEEK_SET, start=0, len=0}, 0xbfb13ca4) = 0
26026 15:48:54.952405 write(3, "Wed May 24 15:48:54 2017 [pid 26026] [msfadmin] OK UPLOAD: Client \"127.0.0.1\", \"/home/msfadmin/myfile30\", 17 bytes, 25.35Kbyte/sec\n", 131) = 131
26026 15:48:54.952425 fcntl64(3, F_SETLK64, {type=F_UNLCK, whence=SEEK_SET, start=0, len=0}, 0xbfb13cac) = 0
26026 15:48:54.952439 write(0, "226 Transfer complete.\r\n", 24) = 24
26026 15:48:54.952479 write(5, "\n", 1) = 1
26026 15:48:54.952491 read(5,  <unfinished ...>
26024 15:48:54.952499 close(6)          = 0
26024 15:48:54.952517 read(4, "\n", 1)  = 1
26024 15:48:54.952529 close(5)          = 0
26024 15:48:54.952540 write(4, "\1", 1) = 1
26026 15:48:54.952550 <... read resumed> "\1", 1) = 1
26026 15:48:54.952557 close(4)          = 0
26026 15:48:54.952568 rt_sigaction(SIGALRM, {0x805cad0, ~[RTMIN RT_1], 0}, NULL, 8) = 0
26026 15:48:54.952581 alarm(300)        = 0
26026 15:48:54.952593 recv(0,  <unfinished ...>
26024 15:48:54.952600 read(4,  <unfinished ...>
26026 15:48:55.488868 <... recv resumed> "TYPE I\r\n", 4096, MSG_PEEK) = 8
26026 15:48:55.488899 read(0, "TYPE I\r\n", 8) = 8
26026 15:48:55.488921 write(0, "200 Switching to Binary mode.\r\n", 31) = 31
26026 15:48:55.488969 rt_sigaction(SIGALRM, {0x805cad0, ~[RTMIN RT_1], 0}, NULL, 8) = 0
26026 15:48:55.488988 alarm(300)        = 299
26026 15:48:55.489000 recv(0, "PASV\r\n", 4096, MSG_PEEK) = 6
26026 15:48:55.489020 read(0, "PASV\r\n", 6) = 6
26026 15:48:55.489033 write(5, "\n", 1) = 1
26026 15:48:55.489046 read(5,  <unfinished ...>
26024 15:48:55.489054 <... read resumed> "\n", 1) = 1
26024 15:48:55.489063 write(4, "\1", 1) = 1
26026 15:48:55.489074 <... read resumed> "\1", 1) = 1
26026 15:48:55.489082 write(5, "\f", 1) = 1
26026 15:48:55.489092 read(5,  <unfinished ...>
26024 15:48:55.489098 read(4, "\f", 1)  = 1
26024 15:48:55.489111 socket(PF_INET, SOCK_STREAM, IPPROTO_TCP) = 5
26024 15:48:55.489126 setsockopt(5, SOL_SOCKET, SO_REUSEADDR, [1], 4) = 0
26024 15:48:55.489141 bind(5, {sa_family=AF_INET, sin_port=htons(64738), sin_addr=inet_addr("127.0.0.1")}, 16) = 0
26024 15:48:55.489158 listen(5, 1)      = 0
26024 15:48:55.489172 write(4, "\342\374\0\0", 4) = 4
26026 15:48:55.489183 <... read resumed> "\342\374\0\0", 4) = 4
26026 15:48:55.489195 write(0, "227 Entering Passive Mode (127,0,0,1,252,226).\r\n", 48) = 48
26026 15:48:55.489308 rt_sigaction(SIGALRM, {0x805cad0, ~[RTMIN RT_1], 0}, NULL, 8) = 0
26026 15:48:55.489325 alarm(300)        = 300
26026 15:48:55.489337 recv(0, "STOR myfile31\r\n", 4096, MSG_PEEK) = 15
26026 15:48:55.489349 read(0, "STOR myfile31\r\n", 15) = 15
26026 15:48:55.489363 write(5, "\v", 1) = 1
26026 15:48:55.489374 read(5,  <unfinished ...>
26024 15:48:55.489381 read(4, "\v", 1)  = 1
26024 15:48:55.489392 write(4, "\1\0\0\0", 4) = 4
26026 15:48:55.489403 <... read resumed> "\1\0\0\0", 4) = 4
26026 15:48:55.489411 gettimeofday({1495655335, 489415}, NULL) = 0
26026 15:48:55.489422 getcwd("/home/msfadmin", 4096) = 15
26026 15:48:55.489435 open("myfile31", O_WRONLY|O_CREAT|O_NONBLOCK|O_LARGEFILE, 0666) = 4
26026 15:48:55.489450 fstat64(4, {st_mode=S_IFREG|0644, st_size=17, ...}) = 0
26026 15:48:55.489468 fcntl64(4, F_GETFL) = 0x8801 (flags O_WRONLY|O_NONBLOCK|O_LARGEFILE)
26026 15:48:55.489479 fcntl64(4, F_SETFL, O_WRONLY|O_LARGEFILE) = 0
26026 15:48:55.489489 fcntl64(4, F_SETLKW64, {type=F_WRLCK, whence=SEEK_SET, start=0, len=0}, 0xbfb13d04) = 0
26026 15:48:55.489504 ftruncate64(4, 0) = 0
26026 15:48:55.489522 _llseek(4, 0, [0], SEEK_SET) = 0
26026 15:48:55.489533 write(5, "\v", 1) = 1
26026 15:48:55.489544 read(5,  <unfinished ...>
26024 15:48:55.489551 read(4, "\v", 1)  = 1
26024 15:48:55.489586 write(4, "\1\0\0\0", 4) = 4
26026 15:48:55.489598 <... read resumed> "\1\0\0\0", 4) = 4
26026 15:48:55.489616 write(5, "\v", 1) = 1
26026 15:48:55.489626 read(5,  <unfinished ...>
26024 15:48:55.489632 read(4, "\v", 1)  = 1
26024 15:48:55.489644 write(4, "\1\0\0\0", 4) = 4
26026 15:48:55.489654 <... read resumed> "\1\0\0\0", 4) = 4
26026 15:48:55.489661 write(5, "\r", 1) = 1
26026 15:48:55.489671 read(5,  <unfinished ...>
26024 15:48:55.489678 read(4, "\r", 1)  = 1
26024 15:48:55.489690 select(6, [5], NULL, NULL, {60, 0}) = 1 (in [5], left {60, 0})
26024 15:48:55.489707 accept(5, {sa_family=AF_INET, sin_port=htons(42841), sin_addr=inet_addr("127.0.0.1")}, [16]) = 6
26024 15:48:55.489730 write(4, "\1", 1) = 1
26026 15:48:55.489740 <... read resumed> "\1", 1) = 1
26026 15:48:55.489749 recvmsg(5,  <unfinished ...>
26024 15:48:55.489757 sendmsg(4, {msg_name(0)=NULL, msg_iov(1)=[{"\0", 1}], msg_controllen=16, {cmsg_len=16, cmsg_level=SOL_SOCKET, cmsg_type=SCM_RIGHTS, {6}}, msg_flags=0}, 0) = 1
26026 15:48:55.489775 <... recvmsg resumed> {msg_name(0)=NULL, msg_iov(1)=[{"\0", 1}], msg_controllen=16, {cmsg_len=16, cmsg_level=SOL_SOCKET, cmsg_type=SCM_RIGHTS, {6}}, msg_flags=0}, 0) = 1
26026 15:48:55.489788 setsockopt(6, SOL_SOCKET, SO_KEEPALIVE, [1], 4) = 0
26026 15:48:55.489800 setsockopt(6, SOL_IP, IP_TOS, [8], 4) = 0
26026 15:48:55.489812 setsockopt(6, SOL_SOCKET, SO_LINGER, {onoff=1, linger=32767}, 8) = 0
26026 15:48:55.489824 rt_sigaction(SIGALRM, {0x805cad0, ~[RTMIN RT_1], 0}, NULL, 8) = 0
26026 15:48:55.489837 alarm(300)        = 300
26026 15:48:55.489850 write(0, "150 Ok to send data.\r\n", 22) = 22
26026 15:48:55.489917 read(6, "assasaaa\na\na\na\na\n", 65536) = 17
26026 15:48:55.489932 write(4, "assasaaa\na\na\na\na\n", 17) = 17
26026 15:48:55.489949 read(6, "", 65536) = 0
26026 15:48:55.489959 rt_sigaction(SIGALRM, {0x805cad0, ~[RTMIN RT_1], 0}, NULL, 8) = 0
26026 15:48:55.489976 alarm(300)        = 300
26026 15:48:55.489986 close(6)          = 0
26026 15:48:55.489995 alarm(0)          = 300
26026 15:48:55.490005 gettimeofday({1495655335, 490009}, NULL) = 0
26026 15:48:55.490021 gettimeofday({1495655335, 490025}, NULL) = 0
26026 15:48:55.490036 fcntl64(3, F_SETLKW64, {type=F_WRLCK, whence=SEEK_SET, start=0, len=0}, 0xbfb13ca4) = 0
26026 15:48:55.490051 write(3, "Wed May 24 15:48:55 2017 [pid 26026] [msfadmin] OK UPLOAD: Client \"127.0.0.1\", \"/home/msfadmin/myfile31\", 17 bytes, 27.22Kbyte/sec\n", 131) = 131
26026 15:48:55.490073 fcntl64(3, F_SETLK64, {type=F_UNLCK, whence=SEEK_SET, start=0, len=0}, 0xbfb13cac) = 0
26026 15:48:55.490087 write(0, "226 Transfer complete.\r\n", 24) = 24
26026 15:48:55.490131 write(5, "\n", 1) = 1
26026 15:48:55.490143 read(5,  <unfinished ...>
26024 15:48:55.490150 close(6)          = 0
26024 15:48:55.490169 read(4, "\n", 1)  = 1
26024 15:48:55.490181 close(5)          = 0
26024 15:48:55.490191 write(4, "\1", 1) = 1
26026 15:48:55.490202 <... read resumed> "\1", 1) = 1
26026 15:48:55.490209 close(4)          = 0
26026 15:48:55.490220 rt_sigaction(SIGALRM, {0x805cad0, ~[RTMIN RT_1], 0}, NULL, 8) = 0
26026 15:48:55.490233 alarm(300)        = 0
26026 15:48:55.490245 recv(0,  <unfinished ...>
26024 15:48:55.490252 read(4,  <unfinished ...>
26026 15:48:55.998909 <... recv resumed> "TYPE I\r\n", 4096, MSG_PEEK) = 8
26026 15:48:55.998940 read(0, "TYPE I\r\n", 8) = 8
26026 15:48:55.998961 write(0, "200 Switching to Binary mode.\r\n", 31) = 31
26026 15:48:55.999010 rt_sigaction(SIGALRM, {0x805cad0, ~[RTMIN RT_1], 0}, NULL, 8) = 0
26026 15:48:55.999028 alarm(300)        = 299
26026 15:48:55.999041 recv(0, "PASV\r\n", 4096, MSG_PEEK) = 6
26026 15:48:55.999052 read(0, "PASV\r\n", 6) = 6
26026 15:48:55.999065 write(5, "\n", 1) = 1
26026 15:48:55.999077 read(5,  <unfinished ...>
26024 15:48:55.999086 <... read resumed> "\n", 1) = 1
26024 15:48:55.999095 write(4, "\1", 1) = 1
26026 15:48:55.999106 <... read resumed> "\1", 1) = 1
26026 15:48:55.999113 write(5, "\f", 1) = 1
26026 15:48:55.999124 read(5,  <unfinished ...>
26024 15:48:55.999131 read(4, "\f", 1)  = 1
26024 15:48:55.999143 socket(PF_INET, SOCK_STREAM, IPPROTO_TCP) = 5
26024 15:48:55.999158 setsockopt(5, SOL_SOCKET, SO_REUSEADDR, [1], 4) = 0
26024 15:48:55.999173 bind(5, {sa_family=AF_INET, sin_port=htons(47662), sin_addr=inet_addr("127.0.0.1")}, 16) = 0
26024 15:48:55.999190 listen(5, 1)      = 0
26024 15:48:55.999203 write(4, ".\272\0\0", 4) = 4
26026 15:48:55.999215 <... read resumed> ".\272\0\0", 4) = 4
26026 15:48:55.999227 write(0, "227 Entering Passive Mode (127,0,0,1,186,46).\r\n", 47) = 47
26026 15:48:55.999338 rt_sigaction(SIGALRM, {0x805cad0, ~[RTMIN RT_1], 0}, NULL, 8) = 0
26026 15:48:55.999355 alarm(300)        = 300
26026 15:48:55.999366 recv(0, "STOR myfile32\r\n", 4096, MSG_PEEK) = 15
26026 15:48:55.999379 read(0, "STOR myfile32\r\n", 15) = 15
26026 15:48:55.999393 write(5, "\v", 1) = 1
26026 15:48:55.999403 read(5,  <unfinished ...>
26024 15:48:55.999410 read(4, "\v", 1)  = 1
26024 15:48:55.999422 write(4, "\1\0\0\0", 4) = 4
26026 15:48:55.999432 <... read resumed> "\1\0\0\0", 4) = 4
26026 15:48:55.999440 gettimeofday({1495655335, 999444}, NULL) = 0
26026 15:48:55.999451 getcwd("/home/msfadmin", 4096) = 15
26026 15:48:55.999464 open("myfile32", O_WRONLY|O_CREAT|O_NONBLOCK|O_LARGEFILE, 0666) = 4
26026 15:48:55.999479 fstat64(4, {st_mode=S_IFREG|0644, st_size=17, ...}) = 0
26026 15:48:55.999497 fcntl64(4, F_GETFL) = 0x8801 (flags O_WRONLY|O_NONBLOCK|O_LARGEFILE)
26026 15:48:55.999508 fcntl64(4, F_SETFL, O_WRONLY|O_LARGEFILE) = 0
26026 15:48:55.999518 fcntl64(4, F_SETLKW64, {type=F_WRLCK, whence=SEEK_SET, start=0, len=0}, 0xbfb13d04) = 0
26026 15:48:55.999533 ftruncate64(4, 0) = 0
26026 15:48:55.999552 _llseek(4, 0, [0], SEEK_SET) = 0
26026 15:48:55.999563 write(5, "\v", 1) = 1
26026 15:48:55.999574 read(5,  <unfinished ...>
26024 15:48:55.999581 read(4, "\v", 1)  = 1
26024 15:48:55.999592 write(4, "\1\0\0\0", 4) = 4
26026 15:48:55.999609 <... read resumed> "\1\0\0\0", 4) = 4
26026 15:48:55.999616 write(5, "\v", 1) = 1
26026 15:48:55.999626 read(5,  <unfinished ...>
26024 15:48:55.999633 read(4, "\v", 1)  = 1
26024 15:48:55.999644 write(4, "\1\0\0\0", 4) = 4
26026 15:48:55.999654 <... read resumed> "\1\0\0\0", 4) = 4
26026 15:48:55.999662 write(5, "\r", 1) = 1
26026 15:48:55.999696 read(5,  <unfinished ...>
26024 15:48:55.999713 read(4, "\r", 1)  = 1
26024 15:48:55.999725 select(6, [5], NULL, NULL, {60, 0}) = 1 (in [5], left {60, 0})
26024 15:48:55.999742 accept(5, {sa_family=AF_INET, sin_port=htons(50552), sin_addr=inet_addr("127.0.0.1")}, [16]) = 6
26024 15:48:55.999764 write(4, "\1", 1) = 1
26026 15:48:55.999775 <... read resumed> "\1", 1) = 1
26026 15:48:55.999783 recvmsg(5,  <unfinished ...>
26024 15:48:55.999791 sendmsg(4, {msg_name(0)=NULL, msg_iov(1)=[{"\0", 1}], msg_controllen=16, {cmsg_len=16, cmsg_level=SOL_SOCKET, cmsg_type=SCM_RIGHTS, {6}}, msg_flags=0}, 0) = 1
26026 15:48:55.999808 <... recvmsg resumed> {msg_name(0)=NULL, msg_iov(1)=[{"\0", 1}], msg_controllen=16, {cmsg_len=16, cmsg_level=SOL_SOCKET, cmsg_type=SCM_RIGHTS, {6}}, msg_flags=0}, 0) = 1
26026 15:48:55.999821 setsockopt(6, SOL_SOCKET, SO_KEEPALIVE, [1], 4) = 0
26026 15:48:55.999834 setsockopt(6, SOL_IP, IP_TOS, [8], 4) = 0
26026 15:48:55.999846 setsockopt(6, SOL_SOCKET, SO_LINGER, {onoff=1, linger=32767}, 8) = 0
26026 15:48:55.999857 rt_sigaction(SIGALRM, {0x805cad0, ~[RTMIN RT_1], 0}, NULL, 8) = 0
26026 15:48:55.999870 alarm(300)        = 300
26026 15:48:55.999883 write(0, "150 Ok to send data.\r\n", 22) = 22
26026 15:48:55.999950 read(6, "assasaaa\na\na\na\na\n", 65536) = 17
26026 15:48:55.999964 write(4, "assasaaa\na\na\na\na\n", 17) = 17
26026 15:48:55.999981 read(6, "", 65536) = 0
26026 15:48:55.999992 rt_sigaction(SIGALRM, {0x805cad0, ~[RTMIN RT_1], 0}, NULL, 8) = 0
26026 15:48:56.000005 alarm(300)        = 300
26026 15:48:56.000016 close(6)          = 0
26026 15:48:56.000025 alarm(0)          = 300
26026 15:48:56.000035 gettimeofday({1495655336, 39}, NULL) = 0
26026 15:48:56.000051 gettimeofday({1495655336, 55}, NULL) = 0
26026 15:48:56.000065 fcntl64(3, F_SETLKW64, {type=F_WRLCK, whence=SEEK_SET, start=0, len=0}, 0xbfb13ca4) = 0
26026 15:48:56.000080 write(3, "Wed May 24 15:48:56 2017 [pid 26026] [msfadmin] OK UPLOAD: Client \"127.0.0.1\", \"/home/msfadmin/myfile32\", 17 bytes, 27.17Kbyte/sec\n", 131) = 131
26026 15:48:56.000101 fcntl64(3, F_SETLK64, {type=F_UNLCK, whence=SEEK_SET, start=0, len=0}, 0xbfb13cac) = 0
26026 15:48:56.000116 write(0, "226 Transfer complete.\r\n", 24) = 24
26026 15:48:56.000159 write(5, "\n", 1) = 1
26026 15:48:56.000172 read(5,  <unfinished ...>
26024 15:48:56.000179 close(6)          = 0
26024 15:48:56.000197 read(4, "\n", 1)  = 1
26024 15:48:56.000209 close(5)          = 0
26024 15:48:56.000220 write(4, "\1", 1) = 1
26026 15:48:56.000230 <... read resumed> "\1", 1) = 1
26026 15:48:56.000237 close(4)          = 0
26026 15:48:56.000248 rt_sigaction(SIGALRM, {0x805cad0, ~[RTMIN RT_1], 0}, NULL, 8) = 0
26026 15:48:56.000262 alarm(300)        = 0
26026 15:48:56.000273 recv(0,  <unfinished ...>
26024 15:48:56.000280 read(4,  <unfinished ...>
26026 15:48:56.549604 <... recv resumed> "TYPE I\r\n", 4096, MSG_PEEK) = 8
26026 15:48:56.549771 read(0, "TYPE I\r\n", 8) = 8
26026 15:48:56.549919 write(0, "200 Switching to Binary mode.\r\n", 31) = 31
26026 15:48:56.550037 rt_sigaction(SIGALRM, {0x805cad0, ~[RTMIN RT_1], 0}, NULL, 8) = 0
26026 15:48:56.550075 alarm(300)        = 299
26026 15:48:56.550104 recv(0, "PASV\r\n", 4096, MSG_PEEK) = 6
26026 15:48:56.550125 read(0, "PASV\r\n", 6) = 6
26026 15:48:56.550139 write(5, "\n", 1) = 1
26026 15:48:56.550152 read(5,  <unfinished ...>
26024 15:48:56.550160 <... read resumed> "\n", 1) = 1
26024 15:48:56.550170 write(4, "\1", 1) = 1
26026 15:48:56.550180 <... read resumed> "\1", 1) = 1
26026 15:48:56.550188 write(5, "\f", 1) = 1
26026 15:48:56.550198 read(5,  <unfinished ...>
26024 15:48:56.550205 read(4, "\f", 1)  = 1
26024 15:48:56.550217 socket(PF_INET, SOCK_STREAM, IPPROTO_TCP) = 5
26024 15:48:56.550233 setsockopt(5, SOL_SOCKET, SO_REUSEADDR, [1], 4) = 0
26024 15:48:56.550256 bind(5, {sa_family=AF_INET, sin_port=htons(61395), sin_addr=inet_addr("127.0.0.1")}, 16) = 0
26024 15:48:56.550273 listen(5, 1)      = 0
26024 15:48:56.550287 write(4, "\323\357\0\0", 4) = 4
26026 15:48:56.550299 <... read resumed> "\323\357\0\0", 4) = 4
26026 15:48:56.550311 write(0, "227 Entering Passive Mode (127,0,0,1,239,211).\r\n", 48) = 48
26026 15:48:56.550421 rt_sigaction(SIGALRM, {0x805cad0, ~[RTMIN RT_1], 0}, NULL, 8) = 0
26026 15:48:56.550438 alarm(300)        = 300
26026 15:48:56.550450 recv(0, "STOR myfile33\r\n", 4096, MSG_PEEK) = 15
26026 15:48:56.550463 read(0, "STOR myfile33\r\n", 15) = 15
26026 15:48:56.550476 write(5, "\v", 1) = 1
26026 15:48:56.550487 read(5,  <unfinished ...>
26024 15:48:56.550494 read(4, "\v", 1)  = 1
26024 15:48:56.550506 write(4, "\1\0\0\0", 4) = 4
26026 15:48:56.550517 <... read resumed> "\1\0\0\0", 4) = 4
26026 15:48:56.550524 gettimeofday({1495655336, 550528}, NULL) = 0
26026 15:48:56.550536 getcwd("/home/msfadmin", 4096) = 15
26026 15:48:56.550549 open("myfile33", O_WRONLY|O_CREAT|O_NONBLOCK|O_LARGEFILE, 0666) = 4
26026 15:48:56.550563 fstat64(4, {st_mode=S_IFREG|0644, st_size=17, ...}) = 0
26026 15:48:56.550581 fcntl64(4, F_GETFL) = 0x8801 (flags O_WRONLY|O_NONBLOCK|O_LARGEFILE)
26026 15:48:56.550593 fcntl64(4, F_SETFL, O_WRONLY|O_LARGEFILE) = 0
26026 15:48:56.550603 fcntl64(4, F_SETLKW64, {type=F_WRLCK, whence=SEEK_SET, start=0, len=0}, 0xbfb13d04) = 0
26026 15:48:56.550645 ftruncate64(4, 0) = 0
26026 15:48:56.550674 _llseek(4, 0, [0], SEEK_SET) = 0
26026 15:48:56.550685 write(5, "\v", 1) = 1
26026 15:48:56.550696 read(5,  <unfinished ...>
26024 15:48:56.550703 read(4, "\v", 1)  = 1
26024 15:48:56.550715 write(4, "\1\0\0\0", 4) = 4
26026 15:48:56.550725 <... read resumed> "\1\0\0\0", 4) = 4
26026 15:48:56.550733 write(5, "\v", 1) = 1
26026 15:48:56.550743 read(5,  <unfinished ...>
