25195 15:34:12.706514 write(3, "Wed May 24 15:34:12 2017 [pid 25195] [msfadmin] OK LOGIN: Client \"127.0.0.1\"\n", 77) = 77
25195 15:34:12.706531 fcntl64(3, F_SETLK64, {type=F_UNLCK, whence=SEEK_SET, start=0, len=0}, 0xbfbcfe9c) = 0
25195 15:34:12.706544 rt_sigaction(SIGCHLD, {0x805cad0, ~[RTMIN RT_1], 0}, NULL, 8) = 0
25195 15:34:12.706558 write(4, "\1", 1 <unfinished ...>
25196 15:34:12.706568 <... read resumed> "\1", 1) = 1
25195 15:34:12.706577 <... write resumed> ) = 1
25196 15:34:12.706584 exit_group(0)     = ?
25195 15:34:12.706612 --- SIGCHLD (Child exited) @ 0 (0) ---
25195 15:34:12.706620 sigreturn()       = ? (mask now [])
25195 15:34:12.706663 wait4(-1, [{WIFEXITED(s) && WEXITSTATUS(s) == 0}], 0, NULL) = 25196
25195 15:34:12.706678 close(4)          = 0
25195 15:34:12.706701 socketpair(PF_FILE, SOCK_STREAM, 0, [4, 5]) = 0
25195 15:34:12.706714 rt_sigaction(SIGCHLD, {0x805cad0, ~[RTMIN RT_1], 0}, NULL, 8) = 0
25195 15:34:12.706728 rt_sigaction(SIGALRM, {0x805cb10, ~[RTMIN RT_1], 0}, NULL, 8) = 0
25195 15:34:12.706742 clone(child_stack=0, flags=CLONE_CHILD_CLEARTID|CLONE_CHILD_SETTID|SIGCHLD, child_tidptr=0xb7e3c6f8) = 25197
25197 15:34:12.706791 prctl(0x1, 0x9, 0, 0, 0) = 0
25197 15:34:12.706805 close(4)          = 0
25197 15:34:12.706833 open("/etc/passwd", O_RDONLY|0x80000 /* O_??? */) = 4
25197 15:34:12.706850 _llseek(4, 0, [0], SEEK_CUR) = 0
25197 15:34:12.706865 fstat64(4, {st_mode=S_IFREG|0644, st_size=1624, ...}) = 0
25197 15:34:12.706884 mmap2(NULL, 1624, PROT_READ, MAP_SHARED, 4, 0) = 0xb7fd6000
25197 15:34:12.706896 _llseek(4, 1624, [1624], SEEK_SET) = 0
25197 15:34:12.706918 munmap(0xb7fd6000, 1624) = 0
25197 15:34:12.706930 close(4)          = 0
25197 15:34:12.706943 getuid32()        = 0
25197 15:34:12.706953 open("/etc/passwd", O_RDONLY|0x80000 /* O_??? */) = 4
25197 15:34:12.706966 _llseek(4, 0, [0], SEEK_CUR) = 0
25197 15:34:12.706976 fstat64(4, {st_mode=S_IFREG|0644, st_size=1624, ...}) = 0
25197 15:34:12.706993 mmap2(NULL, 1624, PROT_READ, MAP_SHARED, 4, 0) = 0xb7fd6000
25197 15:34:12.707004 _llseek(4, 1624, [1624], SEEK_SET) = 0
25197 15:34:12.707019 munmap(0xb7fd6000, 1624) = 0
25197 15:34:12.707029 close(4)          = 0
25197 15:34:12.707054 open("/proc/sys/kernel/ngroups_max", O_RDONLY) = 4
25197 15:34:12.707075 read(4, "65536\n", 31) = 6
25197 15:34:12.707088 close(4)          = 0
25197 15:34:12.707102 socket(PF_FILE, SOCK_STREAM, 0) = 4
25197 15:34:12.707113 fcntl64(4, F_SETFL, O_RDWR|O_NONBLOCK) = 0
25197 15:34:12.707124 connect(4, {sa_family=AF_FILE, path="/var/run/nscd/socket"}, 110) = -1 ENOENT (No such file or directory)
25197 15:34:12.707145 close(4)          = 0
25197 15:34:12.707557 socket(PF_FILE, SOCK_STREAM, 0) = 4
25197 15:34:12.707656 fcntl64(4, F_SETFL, O_RDWR|O_NONBLOCK) = 0
25197 15:34:12.707706 connect(4, {sa_family=AF_FILE, path="/var/run/nscd/socket"}, 110) = -1 ENOENT (No such file or directory)
25197 15:34:12.707746 close(4)          = 0
25197 15:34:12.707784 open("/etc/group", O_RDONLY|0x80000 /* O_??? */) = 4
25197 15:34:12.707809 _llseek(4, 0, [0], SEEK_CUR) = 0
25197 15:34:12.707821 fstat64(4, {st_mode=S_IFREG|0644, st_size=886, ...}) = 0
25197 15:34:12.707838 mmap2(NULL, 886, PROT_READ, MAP_SHARED, 4, 0) = 0xb7fd6000
25197 15:34:12.707850 _llseek(4, 886, [886], SEEK_SET) = 0
25197 15:34:12.707874 fstat64(4, {st_mode=S_IFREG|0644, st_size=886, ...}) = 0
25197 15:34:12.707892 munmap(0xb7fd6000, 886) = 0
25197 15:34:12.707902 close(4)          = 0
25197 15:34:12.707912 setgroups32(13, [1000, 4, 20, 24, 25, 29, 30, 44, 46, 107, 111, 112, 119]) = 0
25197 15:34:12.707929 geteuid32()       = 0
25197 15:34:12.707939 getegid32()       = 0
25197 15:34:12.707950 setregid32(-1, 1000) = 0
25197 15:34:12.707960 setreuid32(-1, 1000) = 0
25197 15:34:12.707971 chdir("/home/msfadmin") = 0
25197 15:34:12.707983 setreuid32(-1, 0) = 0
25197 15:34:12.707992 setregid32(-1, 0) = 0
25197 15:34:12.708003 setgid32(1000)    = 0
25197 15:34:12.708013 setuid32(1000)    = 0
25197 15:34:12.708023 setrlimit(RLIMIT_NPROC, {rlim_cur=0, rlim_max=0}) = 0
25197 15:34:12.708036 mmap2(NULL, 12288, PROT_READ|PROT_WRITE, MAP_PRIVATE|MAP_ANONYMOUS, -1, 0) = 0xb7fd4000
25197 15:34:12.708048 mprotect(0xb7fd6000, 4096, PROT_NONE) = 0
25197 15:34:12.708059 mprotect(0xb7fd4000, 4096, PROT_NONE) = 0
25197 15:34:12.708070 getcwd("/home/msfadmin", 4096) = 15
25197 15:34:12.708083 umask(022)        = 077
25197 15:34:12.708093 getcwd("/home/msfadmin", 4096) = 15
25197 15:34:12.708256 open(".message", O_RDONLY|O_NONBLOCK|O_LARGEFILE) = -1 ENOENT (No such file or directory)
25197 15:34:12.708293 write(0, "230 Login successful.\r\n", 23) = 23
25197 15:34:12.708374 rt_sigaction(SIGALRM, {0x805cad0, ~[RTMIN RT_1], 0}, NULL, 8) = 0
25197 15:34:12.708391 alarm(300)        = 0
25197 15:34:12.708402 mmap2(NULL, 12288, PROT_READ|PROT_WRITE, MAP_PRIVATE|MAP_ANONYMOUS, -1, 0) = 0xb7fd1000
25197 15:34:12.708414 mprotect(0xb7fd3000, 4096, PROT_NONE) = 0
25197 15:34:12.708425 mprotect(0xb7fd1000, 4096, PROT_NONE) = 0
25197 15:34:12.708438 recv(0, "TYPE I\r\n", 4096, MSG_PEEK) = 8
25197 15:34:12.708451 read(0, "TYPE I\r\n", 8) = 8
25197 15:34:12.708467 write(0, "200 Switching to Binary mode.\r\n", 31) = 31
25197 15:34:12.708507 rt_sigaction(SIGALRM, {0x805cad0, ~[RTMIN RT_1], 0}, NULL, 8) = 0
25197 15:34:12.708521 alarm(300)        = 300
25197 15:34:12.708532 recv(0, "PASV\r\n", 4096, MSG_PEEK) = 6
25197 15:34:12.708544 read(0, "PASV\r\n", 6) = 6
25197 15:34:12.708556 write(5, "\n", 1) = 1
25197 15:34:12.708567 read(5,  <unfinished ...>
25195 15:34:12.708579 close(5)          = 0
25195 15:34:12.708593 getuid32()        = 0
25195 15:34:12.708608 open("/etc/passwd", O_RDONLY|0x80000 /* O_??? */) = 5
25195 15:34:12.708622 _llseek(5, 0, [0], SEEK_CUR) = 0
25195 15:34:12.708635 fstat64(5, {st_mode=S_IFREG|0644, st_size=1624, ...}) = 0
25195 15:34:12.708653 mmap2(NULL, 1624, PROT_READ, MAP_SHARED, 5, 0) = 0xb7fd6000
25195 15:34:12.708664 _llseek(5, 1624, [1624], SEEK_SET) = 0
25195 15:34:12.708682 munmap(0xb7fd6000, 1624) = 0
25195 15:34:12.708694 close(5)          = 0
25195 15:34:12.708709 setgroups32(0, []) = 0
25195 15:34:12.708721 chdir("/usr/share/empty") = 0
25195 15:34:12.708733 chroot(".")       = 0
25195 15:34:12.708744 capset(NULL, NULL) = -1 EFAULT (Bad address)
25195 15:34:12.708757 prctl(0x8, 0, 0xbfbcfe78, 0x80549a6, 0xbfbcfe60) = 0
25195 15:34:12.708768 prctl(0x8, 0x1, 0xbfbcfe78, 0x8054a49, 0xbfbcfe60) = 0
25195 15:34:12.708778 setgid32(65534)   = 0
25195 15:34:12.708788 setuid32(65534)   = 0
25195 15:34:12.708798 capset(0x19980330, 0, {CAP_NET_BIND_SERVICE, CAP_NET_BIND_SERVICE, 0}) = 0
25195 15:34:12.708811 read(4, "\n", 1)  = 1
25195 15:34:12.708824 write(4, "\1", 1) = 1
25197 15:34:12.708835 <... read resumed> "\1", 1) = 1
25197 15:34:12.708843 write(5, "\f", 1) = 1
25197 15:34:12.708853 read(5,  <unfinished ...>
25195 15:34:12.708860 read(4, "\f", 1)  = 1
25195 15:34:12.708872 socket(PF_INET, SOCK_STREAM, IPPROTO_TCP) = 5
25195 15:34:12.708885 setsockopt(5, SOL_SOCKET, SO_REUSEADDR, [1], 4) = 0
25195 15:34:12.708897 gettimeofday({1495654452, 708901}, NULL) = 0
25195 15:34:12.708913 bind(5, {sa_family=AF_INET, sin_port=htons(56645), sin_addr=inet_addr("127.0.0.1")}, 16) = 0
25195 15:34:12.708929 listen(5, 1)      = 0
25195 15:34:12.708942 write(4, "E\335\0\0", 4) = 4
25197 15:34:12.708953 <... read resumed> "E\335\0\0", 4) = 4
25197 15:34:12.708967 write(0, "227 Entering Passive Mode (127,0,0,1,221,69).\r\n", 47) = 47
25197 15:34:12.709059 rt_sigaction(SIGALRM, {0x805cad0, ~[RTMIN RT_1], 0}, NULL, 8) = 0
25197 15:34:12.709076 alarm(300)        = 300
25197 15:34:12.709087 recv(0, "STOR myfile37\r\n", 4096, MSG_PEEK) = 15
25197 15:34:12.709100 read(0, "STOR myfile37\r\n", 15) = 15
25197 15:34:12.709115 write(5, "\v", 1) = 1
25197 15:34:12.709125 read(5,  <unfinished ...>
25195 15:34:12.709133 read(4, "\v", 1)  = 1
25195 15:34:12.709144 write(4, "\1\0\0\0", 4) = 4
25197 15:34:12.709155 <... read resumed> "\1\0\0\0", 4) = 4
25197 15:34:12.709163 gettimeofday({1495654452, 709167}, NULL) = 0
25197 15:34:12.709174 getcwd("/home/msfadmin", 4096) = 15
25197 15:34:12.709211 open("myfile37", O_WRONLY|O_CREAT|O_NONBLOCK|O_LARGEFILE, 0666) = 4
25197 15:34:12.709229 fstat64(4, {st_mode=S_IFREG|0644, st_size=17, ...}) = 0
25197 15:34:12.709256 fcntl64(4, F_GETFL) = 0x8801 (flags O_WRONLY|O_NONBLOCK|O_LARGEFILE)
25197 15:34:12.709267 fcntl64(4, F_SETFL, O_WRONLY|O_LARGEFILE) = 0
25197 15:34:12.709277 fcntl64(4, F_SETLKW64, {type=F_WRLCK, whence=SEEK_SET, start=0, len=0}, 0xbfbcfdc4) = 0
25197 15:34:12.709292 ftruncate64(4, 0) = 0
25197 15:34:12.709311 _llseek(4, 0, [0], SEEK_SET) = 0
25197 15:34:12.709326 write(5, "\v", 1) = 1
25197 15:34:12.709337 read(5,  <unfinished ...>
25195 15:34:12.709344 read(4, "\v", 1)  = 1
25195 15:34:12.709356 write(4, "\1\0\0\0", 4) = 4
25197 15:34:12.709366 <... read resumed> "\1\0\0\0", 4) = 4
25197 15:34:12.709374 write(5, "\v", 1) = 1
25197 15:34:12.709384 read(5,  <unfinished ...>
25195 15:34:12.709390 read(4, "\v", 1)  = 1
25195 15:34:12.709401 write(4, "\1\0\0\0", 4) = 4
25197 15:34:12.709412 <... read resumed> "\1\0\0\0", 4) = 4
25197 15:34:12.709419 write(5, "\r", 1) = 1
25197 15:34:12.709429 read(5,  <unfinished ...>
25195 15:34:12.709436 read(4, "\r", 1)  = 1
25195 15:34:12.709448 select(6, [5], NULL, NULL, {60, 0}) = 1 (in [5], left {60, 0})
25195 15:34:12.709465 accept(5, {sa_family=AF_INET, sin_port=htons(33712), sin_addr=inet_addr("127.0.0.1")}, [16]) = 6
25195 15:34:12.709487 write(4, "\1", 1) = 1
25197 15:34:12.709498 <... read resumed> "\1", 1) = 1
25197 15:34:12.709507 recvmsg(5,  <unfinished ...>
25195 15:34:12.709517 sendmsg(4, {msg_name(0)=NULL, msg_iov(1)=[{"\0", 1}], msg_controllen=16, {cmsg_len=16, cmsg_level=SOL_SOCKET, cmsg_type=SCM_RIGHTS, {6}}, msg_flags=0}, 0) = 1
25197 15:34:12.709534 <... recvmsg resumed> {msg_name(0)=NULL, msg_iov(1)=[{"\0", 1}], msg_controllen=16, {cmsg_len=16, cmsg_level=SOL_SOCKET, cmsg_type=SCM_RIGHTS, {6}}, msg_flags=0}, 0) = 1
25197 15:34:12.709547 setsockopt(6, SOL_SOCKET, SO_KEEPALIVE, [1], 4) = 0
25197 15:34:12.709559 setsockopt(6, SOL_IP, IP_TOS, [8], 4) = 0
25197 15:34:12.709572 setsockopt(6, SOL_SOCKET, SO_LINGER, {onoff=1, linger=32767}, 8) = 0
25197 15:34:12.709583 rt_sigaction(SIGALRM, {0x805cad0, ~[RTMIN RT_1], 0}, NULL, 8) = 0
25197 15:34:12.709596 alarm(300)        = 300
25197 15:34:12.709609 write(0, "150 Ok to send data.\r\n", 22) = 22
25197 15:34:12.709672 mmap2(NULL, 77824, PROT_READ|PROT_WRITE, MAP_PRIVATE|MAP_ANONYMOUS, -1, 0) = 0xb7e0b000
25197 15:34:12.709686 mprotect(0xb7e1d000, 4096, PROT_NONE) = 0
25197 15:34:12.709698 mprotect(0xb7e0b000, 4096, PROT_NONE) = 0
25197 15:34:12.709708 read(6, "assasaaa\na\na\na\na\n", 65536) = 17
25197 15:34:12.709722 write(4, "assasaaa\na\na\na\na\n", 17) = 17
25197 15:34:12.709737 read(6, "", 65536) = 0
25197 15:34:12.709748 rt_sigaction(SIGALRM, {0x805cad0, ~[RTMIN RT_1], 0}, NULL, 8) = 0
25197 15:34:12.709762 alarm(300)        = 300
25197 15:34:12.709771 close(6)          = 0
25197 15:34:12.709781 alarm(0)          = 300
25197 15:34:12.709790 gettimeofday({1495654452, 709794}, NULL) = 0
25197 15:34:12.709807 getpid()          = 25197
25197 15:34:12.709820 gettimeofday({1495654452, 709824}, NULL) = 0
25197 15:34:12.709837 fcntl64(3, F_SETLKW64, {type=F_WRLCK, whence=SEEK_SET, start=0, len=0}, 0xbfbcfd64) = 0
25197 15:34:12.709852 write(3, "Wed May 24 15:34:12 2017 [pid 25197] [msfadmin] OK UPLOAD: Client \"127.0.0.1\", \"/home/msfadmin/myfile37\", 17 bytes, 25.27Kbyte/sec\n", 131) = 131
25197 15:34:12.709878 fcntl64(3, F_SETLK64, {type=F_UNLCK, whence=SEEK_SET, start=0, len=0}, 0xbfbcfd6c) = 0
25197 15:34:12.709892 write(0, "226 Transfer complete.\r\n", 24) = 24
25197 15:34:12.709932 write(5, "\n", 1) = 1
25197 15:34:12.709945 read(5,  <unfinished ...>
25195 15:34:12.709952 close(6)          = 0
25195 15:34:12.709970 read(4, "\n", 1)  = 1
25195 15:34:12.709981 close(5)          = 0
25195 15:34:12.709992 write(4, "\1", 1) = 1
25197 15:34:12.710003 <... read resumed> "\1", 1) = 1
25197 15:34:12.710010 close(4)          = 0
25197 15:34:12.710021 rt_sigaction(SIGALRM, {0x805cad0, ~[RTMIN RT_1], 0}, NULL, 8) = 0
25197 15:34:12.710034 alarm(300)        = 0
25197 15:34:12.710045 recv(0,  <unfinished ...>
25195 15:34:12.710053 read(4,  <unfinished ...>
25197 15:34:13.245463 <... recv resumed> "TYPE I\r\n", 4096, MSG_PEEK) = 8
25197 15:34:13.245493 read(0, "TYPE I\r\n", 8) = 8
25197 15:34:13.245515 write(0, "200 Switching to Binary mode.\r\n", 31) = 31
25197 15:34:13.245563 rt_sigaction(SIGALRM, {0x805cad0, ~[RTMIN RT_1], 0}, NULL, 8) = 0
25197 15:34:13.245581 alarm(300)        = 299
25197 15:34:13.245594 recv(0, "PASV\r\n", 4096, MSG_PEEK) = 6
25197 15:34:13.245606 read(0, "PASV\r\n", 6) = 6
25197 15:34:13.245627 write(5, "\n", 1) = 1
25197 15:34:13.245640 read(5,  <unfinished ...>
25195 15:34:13.245649 <... read resumed> "\n", 1) = 1
25195 15:34:13.245658 write(4, "\1", 1) = 1
25197 15:34:13.245669 <... read resumed> "\1", 1) = 1
25197 15:34:13.245676 write(5, "\f", 1) = 1
25197 15:34:13.245686 read(5,  <unfinished ...>
25195 15:34:13.245693 read(4, "\f", 1)  = 1
25195 15:34:13.245705 socket(PF_INET, SOCK_STREAM, IPPROTO_TCP) = 5
25195 15:34:13.245721 setsockopt(5, SOL_SOCKET, SO_REUSEADDR, [1], 4) = 0
25195 15:34:13.245736 bind(5, {sa_family=AF_INET, sin_port=htons(23727), sin_addr=inet_addr("127.0.0.1")}, 16) = 0
25195 15:34:13.245753 listen(5, 1)      = 0
25195 15:34:13.245767 write(4, "\257\\\0\0", 4) = 4
25197 15:34:13.245778 <... read resumed> "\257\\\0\0", 4) = 4
25197 15:34:13.245790 write(0, "227 Entering Passive Mode (127,0,0,1,92,175).\r\n", 47) = 47
25197 15:34:13.245903 rt_sigaction(SIGALRM, {0x805cad0, ~[RTMIN RT_1], 0}, NULL, 8) = 0
25197 15:34:13.245920 alarm(300)        = 300
25197 15:34:13.245932 recv(0, "STOR myfile38\r\n", 4096, MSG_PEEK) = 15
25197 15:34:13.245944 read(0, "STOR myfile38\r\n", 15) = 15
25197 15:34:13.245958 write(5, "\v", 1) = 1
25197 15:34:13.245968 read(5,  <unfinished ...>
25195 15:34:13.245976 read(4, "\v", 1)  = 1
25195 15:34:13.245987 write(4, "\1\0\0\0", 4) = 4
25197 15:34:13.245998 <... read resumed> "\1\0\0\0", 4) = 4
25197 15:34:13.246006 gettimeofday({1495654453, 246010}, NULL) = 0
25197 15:34:13.246017 getcwd("/home/msfadmin", 4096) = 15
25197 15:34:13.246030 open("myfile38", O_WRONLY|O_CREAT|O_NONBLOCK|O_LARGEFILE, 0666) = 4
25197 15:34:13.246045 fstat64(4, {st_mode=S_IFREG|0644, st_size=17, ...}) = 0
25197 15:34:13.246063 fcntl64(4, F_GETFL) = 0x8801 (flags O_WRONLY|O_NONBLOCK|O_LARGEFILE)
25197 15:34:13.246074 fcntl64(4, F_SETFL, O_WRONLY|O_LARGEFILE) = 0
25197 15:34:13.246085 fcntl64(4, F_SETLKW64, {type=F_WRLCK, whence=SEEK_SET, start=0, len=0}, 0xbfbcfdc4) = 0
25197 15:34:13.246099 ftruncate64(4, 0) = 0
25197 15:34:13.246117 _llseek(4, 0, [0], SEEK_SET) = 0
25197 15:34:13.246129 write(5, "\v", 1) = 1
25197 15:34:13.246139 read(5,  <unfinished ...>
25195 15:34:13.246173 read(4, "\v", 1)  = 1
25195 15:34:13.246186 write(4, "\1\0\0\0", 4) = 4
25197 15:34:13.246206 <... read resumed> "\1\0\0\0", 4) = 4
25197 15:34:13.246214 write(5, "\v", 1) = 1
25197 15:34:13.246224 read(5,  <unfinished ...>
25195 15:34:13.246230 read(4, "\v", 1)  = 1
25195 15:34:13.246241 write(4, "\1\0\0\0", 4) = 4
25197 15:34:13.246251 <... read resumed> "\1\0\0\0", 4) = 4
25197 15:34:13.246259 write(5, "\r", 1) = 1
25197 15:34:13.246269 read(5,  <unfinished ...>
25195 15:34:13.246276 read(4, "\r", 1)  = 1
25195 15:34:13.246288 select(6, [5], NULL, NULL, {60, 0}) = 1 (in [5], left {60, 0})
25195 15:34:13.246304 accept(5, {sa_family=AF_INET, sin_port=htons(51588), sin_addr=inet_addr("127.0.0.1")}, [16]) = 6
25195 15:34:13.246326 write(4, "\1", 1) = 1
25197 15:34:13.246337 <... read resumed> "\1", 1) = 1
25197 15:34:13.246346 recvmsg(5,  <unfinished ...>
25195 15:34:13.246354 sendmsg(4, {msg_name(0)=NULL, msg_iov(1)=[{"\0", 1}], msg_controllen=16, {cmsg_len=16, cmsg_level=SOL_SOCKET, cmsg_type=SCM_RIGHTS, {6}}, msg_flags=0}, 0) = 1
25197 15:34:13.246372 <... recvmsg resumed> {msg_name(0)=NULL, msg_iov(1)=[{"\0", 1}], msg_controllen=16, {cmsg_len=16, cmsg_level=SOL_SOCKET, cmsg_type=SCM_RIGHTS, {6}}, msg_flags=0}, 0) = 1
25197 15:34:13.246385 setsockopt(6, SOL_SOCKET, SO_KEEPALIVE, [1], 4) = 0
25197 15:34:13.246398 setsockopt(6, SOL_IP, IP_TOS, [8], 4) = 0
25197 15:34:13.246410 setsockopt(6, SOL_SOCKET, SO_LINGER, {onoff=1, linger=32767}, 8) = 0
25197 15:34:13.246421 rt_sigaction(SIGALRM, {0x805cad0, ~[RTMIN RT_1], 0}, NULL, 8) = 0
25197 15:34:13.246434 alarm(300)        = 300
25197 15:34:13.246447 write(0, "150 Ok to send data.\r\n", 22) = 22
25197 15:34:13.246513 read(6, "assasaaa\na\na\na\na\n", 65536) = 17
25197 15:34:13.246528 write(4, "assasaaa\na\na\na\na\n", 17) = 17
25197 15:34:13.246544 read(6, "", 65536) = 0
25197 15:34:13.246555 rt_sigaction(SIGALRM, {0x805cad0, ~[RTMIN RT_1], 0}, NULL, 8) = 0
25197 15:34:13.246571 alarm(300)        = 300
25197 15:34:13.246581 close(6)          = 0
25197 15:34:13.246590 alarm(0)          = 300
25197 15:34:13.246600 gettimeofday({1495654453, 246604}, NULL) = 0
25197 15:34:13.246615 gettimeofday({1495654453, 246620}, NULL) = 0
25197 15:34:13.246630 fcntl64(3, F_SETLKW64, {type=F_WRLCK, whence=SEEK_SET, start=0, len=0}, 0xbfbcfd64) = 0
25197 15:34:13.246645 write(3, "Wed May 24 15:34:13 2017 [pid 25197] [msfadmin] OK UPLOAD: Client \"127.0.0.1\", \"/home/msfadmin/myfile38\", 17 bytes, 27.22Kbyte/sec\n", 131) = 131
25197 15:34:13.246666 fcntl64(3, F_SETLK64, {type=F_UNLCK, whence=SEEK_SET, start=0, len=0}, 0xbfbcfd6c) = 0
25197 15:34:13.246680 write(0, "226 Transfer complete.\r\n", 24) = 24
25197 15:34:13.246723 write(5, "\n", 1) = 1
25197 15:34:13.246735 read(5,  <unfinished ...>
25195 15:34:13.246742 close(6)          = 0
25195 15:34:13.246760 read(4, "\n", 1)  = 1
25195 15:34:13.246772 close(5)          = 0
25195 15:34:13.246783 write(4, "\1", 1) = 1
25197 15:34:13.246793 <... read resumed> "\1", 1) = 1
25197 15:34:13.246801 close(4)          = 0
25197 15:34:13.246811 rt_sigaction(SIGALRM, {0x805cad0, ~[RTMIN RT_1], 0}, NULL, 8) = 0
25197 15:34:13.246824 alarm(300)        = 0
25197 15:34:13.246835 recv(0,  <unfinished ...>
25195 15:34:13.246843 read(4,  <unfinished ...>
25197 15:34:13.795508 <... recv resumed> "TYPE I\r\n", 4096, MSG_PEEK) = 8
25197 15:34:13.795539 read(0, "TYPE I\r\n", 8) = 8
25197 15:34:13.795561 write(0, "200 Switching to Binary mode.\r\n", 31) = 31
25197 15:34:13.795609 rt_sigaction(SIGALRM, {0x805cad0, ~[RTMIN RT_1], 0}, NULL, 8) = 0
25197 15:34:13.795627 alarm(300)        = 299
25197 15:34:13.795640 recv(0, "PASV\r\n", 4096, MSG_PEEK) = 6
25197 15:34:13.795652 read(0, "PASV\r\n", 6) = 6
25197 15:34:13.795664 write(5, "\n", 1) = 1
25197 15:34:13.795677 read(5,  <unfinished ...>
25195 15:34:13.795686 <... read resumed> "\n", 1) = 1
25195 15:34:13.795695 write(4, "\1", 1) = 1
25197 15:34:13.795706 <... read resumed> "\1", 1) = 1
25197 15:34:13.795713 write(5, "\f", 1) = 1
25197 15:34:13.795723 read(5,  <unfinished ...>
25195 15:34:13.795730 read(4, "\f", 1)  = 1
25195 15:34:13.795743 socket(PF_INET, SOCK_STREAM, IPPROTO_TCP) = 5
25195 15:34:13.795759 setsockopt(5, SOL_SOCKET, SO_REUSEADDR, [1], 4) = 0
25195 15:34:13.795773 bind(5, {sa_family=AF_INET, sin_port=htons(63872), sin_addr=inet_addr("127.0.0.1")}, 16) = 0
25195 15:34:13.795790 listen(5, 1)      = 0
25195 15:34:13.795804 write(4, "\200\371\0\0", 4) = 4
25197 15:34:13.795815 <... read resumed> "\200\371\0\0", 4) = 4
25197 15:34:13.795828 write(0, "227 Entering Passive Mode (127,0,0,1,249,128).\r\n", 48) = 48
25197 15:34:13.795938 rt_sigaction(SIGALRM, {0x805cad0, ~[RTMIN RT_1], 0}, NULL, 8) = 0
25197 15:34:13.795955 alarm(300)        = 300
25197 15:34:13.795967 recv(0, "STOR myfile39\r\n", 4096, MSG_PEEK) = 15
25197 15:34:13.795979 read(0, "STOR myfile39\r\n", 15) = 15
25197 15:34:13.795993 write(5, "\v", 1) = 1
25197 15:34:13.796004 read(5,  <unfinished ...>
25195 15:34:13.796011 read(4, "\v", 1)  = 1
25195 15:34:13.796022 write(4, "\1\0\0\0", 4) = 4
25197 15:34:13.796033 <... read resumed> "\1\0\0\0", 4) = 4
25197 15:34:13.796041 gettimeofday({1495654453, 796045}, NULL) = 0
25197 15:34:13.796052 getcwd("/home/msfadmin", 4096) = 15
25197 15:34:13.796065 open("myfile39", O_WRONLY|O_CREAT|O_NONBLOCK|O_LARGEFILE, 0666) = 4
25197 15:34:13.796079 fstat64(4, {st_mode=S_IFREG|0644, st_size=17, ...}) = 0
25197 15:34:13.796097 fcntl64(4, F_GETFL) = 0x8801 (flags O_WRONLY|O_NONBLOCK|O_LARGEFILE)
25197 15:34:13.796109 fcntl64(4, F_SETFL, O_WRONLY|O_LARGEFILE) = 0
25197 15:34:13.796119 fcntl64(4, F_SETLKW64, {type=F_WRLCK, whence=SEEK_SET, start=0, len=0}, 0xbfbcfdc4) = 0
25197 15:34:13.796133 ftruncate64(4, 0) = 0
25197 15:34:13.796153 _llseek(4, 0, [0], SEEK_SET) = 0
25197 15:34:13.796164 write(5, "\v", 1) = 1
25197 15:34:13.796175 read(5,  <unfinished ...>
25195 15:34:13.796182 read(4, "\v", 1)  = 1
25195 15:34:13.796223 write(4, "\1\0\0\0", 4) = 4
25197 15:34:13.796236 <... read resumed> "\1\0\0\0", 4) = 4
25197 15:34:13.796260 write(5, "\v", 1) = 1
25197 15:34:13.796270 read(5,  <unfinished ...>
25195 15:34:13.796277 read(4, "\v", 1)  = 1
25195 15:34:13.796288 write(4, "\1\0\0\0", 4) = 4
25197 15:34:13.796298 <... read resumed> "\1\0\0\0", 4) = 4
25197 15:34:13.796306 write(5, "\r", 1) = 1
25197 15:34:13.796316 read(5,  <unfinished ...>
25195 15:34:13.796323 read(4, "\r", 1)  = 1
25195 15:34:13.796335 select(6, [5], NULL, NULL, {60, 0}) = 1 (in [5], left {60, 0})
25195 15:34:13.796352 accept(5, {sa_family=AF_INET, sin_port=htons(38038), sin_addr=inet_addr("127.0.0.1")}, [16]) = 6
25195 15:34:13.796374 write(4, "\1", 1) = 1
25197 15:34:13.796385 <... read resumed> "\1", 1) = 1
25197 15:34:13.796394 recvmsg(5,  <unfinished ...>
25195 15:34:13.796402 sendmsg(4, {msg_name(0)=NULL, msg_iov(1)=[{"\0", 1}], msg_controllen=16, {cmsg_len=16, cmsg_level=SOL_SOCKET, cmsg_type=SCM_RIGHTS, {6}}, msg_flags=0}, 0) = 1
25197 15:34:13.796419 <... recvmsg resumed> {msg_name(0)=NULL, msg_iov(1)=[{"\0", 1}], msg_controllen=16, {cmsg_len=16, cmsg_level=SOL_SOCKET, cmsg_type=SCM_RIGHTS, {6}}, msg_flags=0}, 0) = 1
25197 15:34:13.796433 setsockopt(6, SOL_SOCKET, SO_KEEPALIVE, [1], 4) = 0
25197 15:34:13.796445 setsockopt(6, SOL_IP, IP_TOS, [8], 4) = 0
