27150 16:08:25.718727 geteuid32()       = 0
27150 16:08:25.718738 getegid32()       = 0
27150 16:08:25.718748 setregid32(-1, 1000) = 0
27150 16:08:25.718758 setreuid32(-1, 1000) = 0
27150 16:08:25.718769 chdir("/home/msfadmin") = 0
27150 16:08:25.718780 setreuid32(-1, 0) = 0
27150 16:08:25.718789 setregid32(-1, 0) = 0
27150 16:08:25.718800 setgid32(1000)    = 0
27150 16:08:25.718809 setuid32(1000)    = 0
27150 16:08:25.718819 setrlimit(RLIMIT_NPROC, {rlim_cur=0, rlim_max=0}) = 0
27150 16:08:25.718832 mmap2(NULL, 12288, PROT_READ|PROT_WRITE, MAP_PRIVATE|MAP_ANONYMOUS, -1, 0) = 0xb7f4e000
27150 16:08:25.718843 mprotect(0xb7f50000, 4096, PROT_NONE) = 0
27150 16:08:25.718855 mprotect(0xb7f4e000, 4096, PROT_NONE) = 0
27150 16:08:25.718866 getcwd("/home/msfadmin", 4096) = 15
27150 16:08:25.718879 umask(022)        = 077
27150 16:08:25.718888 getcwd("/home/msfadmin", 4096) = 15
27150 16:08:25.718902 open(".message", O_RDONLY|O_NONBLOCK|O_LARGEFILE) = -1 ENOENT (No such file or directory)
27150 16:08:25.718926 write(0, "230 Login successful.\r\n", 23) = 23
27150 16:08:25.719009 rt_sigaction(SIGALRM, {0x805cad0, ~[RTMIN RT_1], 0}, NULL, 8) = 0
27150 16:08:25.719025 alarm(300)        = 0
27150 16:08:25.719036 mmap2(NULL, 12288, PROT_READ|PROT_WRITE, MAP_PRIVATE|MAP_ANONYMOUS, -1, 0) = 0xb7f4b000
27150 16:08:25.719047 mprotect(0xb7f4d000, 4096, PROT_NONE) = 0
27150 16:08:25.719058 mprotect(0xb7f4b000, 4096, PROT_NONE) = 0
27150 16:08:25.719071 recv(0, "TYPE I\r\n", 4096, MSG_PEEK) = 8
27150 16:08:25.719083 read(0, "TYPE I\r\n", 8) = 8
27150 16:08:25.719100 write(0, "200 Switching to Binary mode.\r\n", 31) = 31
27150 16:08:25.719139 rt_sigaction(SIGALRM, {0x805cad0, ~[RTMIN RT_1], 0}, NULL, 8) = 0
27150 16:08:25.719183 alarm(300)        = 300
27150 16:08:25.719205 recv(0, "PASV\r\n", 4096, MSG_PEEK) = 6
27150 16:08:25.719217 read(0, "PASV\r\n", 6) = 6
27150 16:08:25.719229 write(5, "\n", 1) = 1
27150 16:08:25.719240 read(5,  <unfinished ...>
27148 16:08:25.719252 close(5)          = 0
27148 16:08:25.719265 getuid32()        = 0
27148 16:08:25.719279 open("/etc/passwd", O_RDONLY|0x80000 /* O_??? */) = 5
27148 16:08:25.719294 _llseek(5, 0, [0], SEEK_CUR) = 0
27148 16:08:25.719306 fstat64(5, {st_mode=S_IFREG|0644, st_size=1624, ...}) = 0
27148 16:08:25.719324 mmap2(NULL, 1624, PROT_READ, MAP_SHARED, 5, 0) = 0xb7f50000
27148 16:08:25.719335 _llseek(5, 1624, [1624], SEEK_SET) = 0
27148 16:08:25.719352 munmap(0xb7f50000, 1624) = 0
27148 16:08:25.719364 close(5)          = 0
27148 16:08:25.719380 setgroups32(0, []) = 0
27148 16:08:25.719391 chdir("/usr/share/empty") = 0
27148 16:08:25.719403 chroot(".")       = 0
27148 16:08:25.719414 capset(NULL, NULL) = -1 EFAULT (Bad address)
27148 16:08:25.719427 prctl(0x8, 0, 0xbfc9e738, 0x80549a6, 0xbfc9e720) = 0
27148 16:08:25.719438 prctl(0x8, 0x1, 0xbfc9e738, 0x8054a49, 0xbfc9e720) = 0
27148 16:08:25.719448 setgid32(65534)   = 0
27148 16:08:25.719457 setuid32(65534)   = 0
27148 16:08:25.719467 capset(0x19980330, 0, {CAP_NET_BIND_SERVICE, CAP_NET_BIND_SERVICE, 0}) = 0
27148 16:08:25.719479 read(4, "\n", 1)  = 1
27148 16:08:25.719493 write(4, "\1", 1) = 1
27150 16:08:25.719503 <... read resumed> "\1", 1) = 1
27150 16:08:25.719511 write(5, "\f", 1) = 1
27150 16:08:25.719521 read(5,  <unfinished ...>
27148 16:08:25.719527 read(4, "\f", 1)  = 1
27148 16:08:25.719539 socket(PF_INET, SOCK_STREAM, IPPROTO_TCP) = 5
27148 16:08:25.719553 setsockopt(5, SOL_SOCKET, SO_REUSEADDR, [1], 4) = 0
27148 16:08:25.719564 gettimeofday({1495656505, 719567}, NULL) = 0
27148 16:08:25.719580 bind(5, {sa_family=AF_INET, sin_port=htons(23579), sin_addr=inet_addr("127.0.0.1")}, 16) = 0
27148 16:08:25.719595 listen(5, 1)      = 0
27148 16:08:25.719608 write(4, "\33\\\0\0", 4) = 4
27150 16:08:25.719619 <... read resumed> "\33\\\0\0", 4) = 4
27150 16:08:25.719633 write(0, "227 Entering Passive Mode (127,0,0,1,92,27).\r\n", 46) = 46
27150 16:08:25.719728 rt_sigaction(SIGALRM, {0x805cad0, ~[RTMIN RT_1], 0}, NULL, 8) = 0
27150 16:08:25.719744 alarm(300)        = 300
27150 16:08:25.719756 recv(0, "STOR myfile34\r\n", 4096, MSG_PEEK) = 15
27150 16:08:25.719768 read(0, "STOR myfile34\r\n", 15) = 15
27150 16:08:25.719783 write(5, "\v", 1) = 1
27150 16:08:25.719793 read(5,  <unfinished ...>
27148 16:08:25.719800 read(4, "\v", 1)  = 1
27148 16:08:25.719811 write(4, "\1\0\0\0", 4) = 4
27150 16:08:25.719821 <... read resumed> "\1\0\0\0", 4) = 4
27150 16:08:25.719829 gettimeofday({1495656505, 719833}, NULL) = 0
27150 16:08:25.719840 getcwd("/home/msfadmin", 4096) = 15
27150 16:08:25.719852 open("myfile34", O_WRONLY|O_CREAT|O_NONBLOCK|O_LARGEFILE, 0666) = 4
27150 16:08:25.719866 fstat64(4, {st_mode=S_IFREG|0644, st_size=17, ...}) = 0
27150 16:08:25.719882 fcntl64(4, F_GETFL) = 0x8801 (flags O_WRONLY|O_NONBLOCK|O_LARGEFILE)
27150 16:08:25.719893 fcntl64(4, F_SETFL, O_WRONLY|O_LARGEFILE) = 0
27150 16:08:25.719903 fcntl64(4, F_SETLKW64, {type=F_WRLCK, whence=SEEK_SET, start=0, len=0}, 0xbfc9e684) = 0
27150 16:08:25.719917 ftruncate64(4, 0) = 0
27150 16:08:25.719937 _llseek(4, 0, [0], SEEK_SET) = 0
27150 16:08:25.719948 write(5, "\v", 1) = 1
27150 16:08:25.719958 read(5,  <unfinished ...>
27148 16:08:25.719965 read(4, "\v", 1)  = 1
27148 16:08:25.719975 write(4, "\1\0\0\0", 4) = 4
27150 16:08:25.719985 <... read resumed> "\1\0\0\0", 4) = 4
27150 16:08:25.719993 write(5, "\v", 1) = 1
27150 16:08:25.720002 read(5,  <unfinished ...>
27148 16:08:25.720009 read(4, "\v", 1)  = 1
27148 16:08:25.720019 write(4, "\1\0\0\0", 4) = 4
27150 16:08:25.720029 <... read resumed> "\1\0\0\0", 4) = 4
27150 16:08:25.720036 write(5, "\r", 1) = 1
27150 16:08:25.720046 read(5,  <unfinished ...>
27148 16:08:25.720053 read(4, "\r", 1)  = 1
27148 16:08:25.720065 select(6, [5], NULL, NULL, {60, 0}) = 1 (in [5], left {60, 0})
27148 16:08:25.720085 accept(5, {sa_family=AF_INET, sin_port=htons(32803), sin_addr=inet_addr("127.0.0.1")}, [16]) = 6
27148 16:08:25.720107 write(4, "\1", 1) = 1
27150 16:08:25.720143 <... read resumed> "\1", 1) = 1
27150 16:08:25.720164 recvmsg(5,  <unfinished ...>
27148 16:08:25.720174 sendmsg(4, {msg_name(0)=NULL, msg_iov(1)=[{"\0", 1}], msg_controllen=16, {cmsg_len=16, cmsg_level=SOL_SOCKET, cmsg_type=SCM_RIGHTS, {6}}, msg_flags=0}, 0) = 1
27150 16:08:25.720191 <... recvmsg resumed> {msg_name(0)=NULL, msg_iov(1)=[{"\0", 1}], msg_controllen=16, {cmsg_len=16, cmsg_level=SOL_SOCKET, cmsg_type=SCM_RIGHTS, {6}}, msg_flags=0}, 0) = 1
27150 16:08:25.720204 setsockopt(6, SOL_SOCKET, SO_KEEPALIVE, [1], 4) = 0
27150 16:08:25.720217 setsockopt(6, SOL_IP, IP_TOS, [8], 4) = 0
27150 16:08:25.720228 setsockopt(6, SOL_SOCKET, SO_LINGER, {onoff=1, linger=32767}, 8) = 0
27150 16:08:25.720240 rt_sigaction(SIGALRM, {0x805cad0, ~[RTMIN RT_1], 0}, NULL, 8) = 0
27150 16:08:25.720253 alarm(300)        = 300
27150 16:08:25.720265 write(0, "150 Ok to send data.\r\n", 22) = 22
27150 16:08:25.720329 mmap2(NULL, 77824, PROT_READ|PROT_WRITE, MAP_PRIVATE|MAP_ANONYMOUS, -1, 0) = 0xb7d85000
27150 16:08:25.720342 mprotect(0xb7d97000, 4096, PROT_NONE) = 0
27150 16:08:25.720354 mprotect(0xb7d85000, 4096, PROT_NONE) = 0
27150 16:08:25.720364 read(6, "assasaaa\na\na\na\na\n", 65536) = 17
27150 16:08:25.720378 write(4, "assasaaa\na\na\na\na\n", 17) = 17
27150 16:08:25.720394 read(6, "", 65536) = 0
27150 16:08:25.720404 rt_sigaction(SIGALRM, {0x805cad0, ~[RTMIN RT_1], 0}, NULL, 8) = 0
27150 16:08:25.720417 alarm(300)        = 300
27150 16:08:25.720427 close(6)          = 0
27150 16:08:25.720436 alarm(0)          = 300
27150 16:08:25.720445 gettimeofday({1495656505, 720449}, NULL) = 0
27150 16:08:25.720462 getpid()          = 27150
27150 16:08:25.720474 gettimeofday({1495656505, 720478}, NULL) = 0
27150 16:08:25.720491 fcntl64(3, F_SETLKW64, {type=F_WRLCK, whence=SEEK_SET, start=0, len=0}, 0xbfc9e624) = 0
27150 16:08:25.720506 write(3, "Wed May 24 16:08:25 2017 [pid 27150] [msfadmin] OK UPLOAD: Client \"127.0.0.1\", \"/home/msfadmin/myfile34\", 17 bytes, 25.74Kbyte/sec\n", 131) = 131
27150 16:08:25.720526 fcntl64(3, F_SETLK64, {type=F_UNLCK, whence=SEEK_SET, start=0, len=0}, 0xbfc9e62c) = 0
27150 16:08:25.720540 write(0, "226 Transfer complete.\r\n", 24) = 24
27150 16:08:25.720579 write(5, "\n", 1) = 1
27150 16:08:25.720591 read(5,  <unfinished ...>
27148 16:08:25.720598 close(6)          = 0
27148 16:08:25.720616 read(4, "\n", 1)  = 1
27148 16:08:25.720627 close(5)          = 0
27148 16:08:25.720637 write(4, "\1", 1) = 1
27150 16:08:25.720648 <... read resumed> "\1", 1) = 1
27150 16:08:25.720655 close(4)          = 0
27150 16:08:25.720665 rt_sigaction(SIGALRM, {0x805cad0, ~[RTMIN RT_1], 0}, NULL, 8) = 0
27150 16:08:25.720678 alarm(300)        = 0
27150 16:08:25.720689 recv(0,  <unfinished ...>
27148 16:08:25.720696 read(4,  <unfinished ...>
27150 16:08:26.236285 <... recv resumed> "TYPE I\r\n", 4096, MSG_PEEK) = 8
27150 16:08:26.236315 read(0, "TYPE I\r\n", 8) = 8
27150 16:08:26.236336 write(0, "200 Switching to Binary mode.\r\n", 31) = 31
27150 16:08:26.236384 rt_sigaction(SIGALRM, {0x805cad0, ~[RTMIN RT_1], 0}, NULL, 8) = 0
27150 16:08:26.236401 alarm(300)        = 299
27150 16:08:26.236414 recv(0, "PASV\r\n", 4096, MSG_PEEK) = 6
27150 16:08:26.236425 read(0, "PASV\r\n", 6) = 6
27150 16:08:26.236437 write(5, "\n", 1) = 1
27150 16:08:26.236449 read(5,  <unfinished ...>
27148 16:08:26.236458 <... read resumed> "\n", 1) = 1
27148 16:08:26.236467 write(4, "\1", 1) = 1
27150 16:08:26.236477 <... read resumed> "\1", 1) = 1
27150 16:08:26.236484 write(5, "\f", 1) = 1
27150 16:08:26.236494 read(5,  <unfinished ...>
27148 16:08:26.236501 read(4, "\f", 1)  = 1
27148 16:08:26.236513 socket(PF_INET, SOCK_STREAM, IPPROTO_TCP) = 5
27148 16:08:26.236528 setsockopt(5, SOL_SOCKET, SO_REUSEADDR, [1], 4) = 0
27148 16:08:26.236543 bind(5, {sa_family=AF_INET, sin_port=htons(19262), sin_addr=inet_addr("127.0.0.1")}, 16) = 0
27148 16:08:26.236560 listen(5, 1)      = 0
27148 16:08:26.236582 write(4, ">K\0\0", 4) = 4
27150 16:08:26.236593 <... read resumed> ">K\0\0", 4) = 4
27150 16:08:26.236605 write(0, "227 Entering Passive Mode (127,0,0,1,75,62).\r\n", 46) = 46
27150 16:08:26.236718 rt_sigaction(SIGALRM, {0x805cad0, ~[RTMIN RT_1], 0}, NULL, 8) = 0
27150 16:08:26.236735 alarm(300)        = 300
27150 16:08:26.236746 recv(0, "STOR myfile35\r\n", 4096, MSG_PEEK) = 15
27150 16:08:26.236758 read(0, "STOR myfile35\r\n", 15) = 15
27150 16:08:26.236771 write(5, "\v", 1) = 1
27150 16:08:26.236782 read(5,  <unfinished ...>
27148 16:08:26.236789 read(4, "\v", 1)  = 1
27148 16:08:26.236799 write(4, "\1\0\0\0", 4) = 4
27150 16:08:26.236810 <... read resumed> "\1\0\0\0", 4) = 4
27150 16:08:26.236817 gettimeofday({1495656506, 236821}, NULL) = 0
27150 16:08:26.236828 getcwd("/home/msfadmin", 4096) = 15
27150 16:08:26.236841 open("myfile35", O_WRONLY|O_CREAT|O_NONBLOCK|O_LARGEFILE, 0666) = 4
27150 16:08:26.236855 fstat64(4, {st_mode=S_IFREG|0644, st_size=17, ...}) = 0
27150 16:08:26.236873 fcntl64(4, F_GETFL) = 0x8801 (flags O_WRONLY|O_NONBLOCK|O_LARGEFILE)
27150 16:08:26.236884 fcntl64(4, F_SETFL, O_WRONLY|O_LARGEFILE) = 0
27150 16:08:26.236894 fcntl64(4, F_SETLKW64, {type=F_WRLCK, whence=SEEK_SET, start=0, len=0}, 0xbfc9e684) = 0
27150 16:08:26.236908 ftruncate64(4, 0) = 0
27150 16:08:26.236926 _llseek(4, 0, [0], SEEK_SET) = 0
27150 16:08:26.236937 write(5, "\v", 1) = 1
27150 16:08:26.236947 read(5,  <unfinished ...>
27148 16:08:26.236954 read(4, "\v", 1)  = 1
27148 16:08:26.237115 write(4, "\1\0\0\0", 4) = 4
27150 16:08:26.237138 <... read resumed> "\1\0\0\0", 4) = 4
27150 16:08:26.237146 write(5, "\v", 1) = 1
27150 16:08:26.237155 read(5,  <unfinished ...>
27148 16:08:26.237162 read(4, "\v", 1)  = 1
27148 16:08:26.237173 write(4, "\1\0\0\0", 4) = 4
27150 16:08:26.237182 <... read resumed> "\1\0\0\0", 4) = 4
27150 16:08:26.237190 write(5, "\r", 1) = 1
27150 16:08:26.237199 read(5,  <unfinished ...>
27148 16:08:26.237206 read(4, "\r", 1)  = 1
27148 16:08:26.237217 select(6, [5], NULL, NULL, {60, 0}) = 1 (in [5], left {60, 0})
27148 16:08:26.237234 accept(5, {sa_family=AF_INET, sin_port=htons(35938), sin_addr=inet_addr("127.0.0.1")}, [16]) = 6
27148 16:08:26.237257 write(4, "\1", 1) = 1
27150 16:08:26.237267 <... read resumed> "\1", 1) = 1
27150 16:08:26.237275 recvmsg(5,  <unfinished ...>
27148 16:08:26.237284 sendmsg(4, {msg_name(0)=NULL, msg_iov(1)=[{"\0", 1}], msg_controllen=16, {cmsg_len=16, cmsg_level=SOL_SOCKET, cmsg_type=SCM_RIGHTS, {6}}, msg_flags=0}, 0) = 1
27150 16:08:26.237301 <... recvmsg resumed> {msg_name(0)=NULL, msg_iov(1)=[{"\0", 1}], msg_controllen=16, {cmsg_len=16, cmsg_level=SOL_SOCKET, cmsg_type=SCM_RIGHTS, {6}}, msg_flags=0}, 0) = 1
27150 16:08:26.237314 setsockopt(6, SOL_SOCKET, SO_KEEPALIVE, [1], 4) = 0
27150 16:08:26.237326 setsockopt(6, SOL_IP, IP_TOS, [8], 4) = 0
27150 16:08:26.237338 setsockopt(6, SOL_SOCKET, SO_LINGER, {onoff=1, linger=32767}, 8) = 0
27150 16:08:26.237349 rt_sigaction(SIGALRM, {0x805cad0, ~[RTMIN RT_1], 0}, NULL, 8) = 0
27150 16:08:26.237362 alarm(300)        = 300
27150 16:08:26.237374 write(0, "150 Ok to send data.\r\n", 22) = 22
27150 16:08:26.237441 read(6, "assasaaa\na\na\na\na\n", 65536) = 17
27150 16:08:26.237456 write(4, "assasaaa\na\na\na\na\n", 17) = 17
27150 16:08:26.237472 read(6, "", 65536) = 0
27150 16:08:26.237482 rt_sigaction(SIGALRM, {0x805cad0, ~[RTMIN RT_1], 0}, NULL, 8) = 0
27150 16:08:26.237495 alarm(300)        = 300
27150 16:08:26.237505 close(6)          = 0
27150 16:08:26.237514 alarm(0)          = 300
27150 16:08:26.237523 gettimeofday({1495656506, 237527}, NULL) = 0
27150 16:08:26.237538 gettimeofday({1495656506, 237542}, NULL) = 0
27150 16:08:26.237552 fcntl64(3, F_SETLKW64, {type=F_WRLCK, whence=SEEK_SET, start=0, len=0}, 0xbfc9e624) = 0
27150 16:08:26.237566 write(3, "Wed May 24 16:08:26 2017 [pid 27150] [msfadmin] OK UPLOAD: Client \"127.0.0.1\", \"/home/msfadmin/myfile35\", 17 bytes, 23.03Kbyte/sec\n", 131) = 131
27150 16:08:26.237588 fcntl64(3, F_SETLK64, {type=F_UNLCK, whence=SEEK_SET, start=0, len=0}, 0xbfc9e62c) = 0
27150 16:08:26.237605 write(0, "226 Transfer complete.\r\n", 24) = 24
27150 16:08:26.237648 write(5, "\n", 1) = 1
27150 16:08:26.237660 read(5,  <unfinished ...>
27148 16:08:26.237667 close(6)          = 0
27148 16:08:26.237684 read(4, "\n", 1)  = 1
27148 16:08:26.237696 close(5)          = 0
27148 16:08:26.237707 write(4, "\1", 1) = 1
27150 16:08:26.237717 <... read resumed> "\1", 1) = 1
27150 16:08:26.237724 close(4)          = 0
27150 16:08:26.237734 rt_sigaction(SIGALRM, {0x805cad0, ~[RTMIN RT_1], 0}, NULL, 8) = 0
27150 16:08:26.237747 alarm(300)        = 0
27150 16:08:26.237758 recv(0,  <unfinished ...>
27148 16:08:26.237765 read(4,  <unfinished ...>
27150 16:08:26.766891 <... recv resumed> "TYPE I\r\n", 4096, MSG_PEEK) = 8
27150 16:08:26.767036 read(0, "TYPE I\r\n", 8) = 8
27150 16:08:26.767164 write(0, "200 Switching to Binary mode.\r\n", 31) = 31
27150 16:08:26.767273 rt_sigaction(SIGALRM, {0x805cad0, ~[RTMIN RT_1], 0}, NULL, 8) = 0
27150 16:08:26.767309 alarm(300)        = 299
27150 16:08:26.767336 recv(0, "PASV\r\n", 4096, MSG_PEEK) = 6
27150 16:08:26.767355 read(0, "PASV\r\n", 6) = 6
27150 16:08:26.767367 write(5, "\n", 1) = 1
27150 16:08:26.767380 read(5,  <unfinished ...>
27148 16:08:26.767389 <... read resumed> "\n", 1) = 1
27148 16:08:26.767397 write(4, "\1", 1) = 1
27150 16:08:26.767408 <... read resumed> "\1", 1) = 1
27150 16:08:26.767415 write(5, "\f", 1) = 1
27150 16:08:26.767425 read(5,  <unfinished ...>
27148 16:08:26.767431 read(4, "\f", 1)  = 1
27148 16:08:26.767443 socket(PF_INET, SOCK_STREAM, IPPROTO_TCP) = 5
27148 16:08:26.767458 setsockopt(5, SOL_SOCKET, SO_REUSEADDR, [1], 4) = 0
27148 16:08:26.767473 bind(5, {sa_family=AF_INET, sin_port=htons(27040), sin_addr=inet_addr("127.0.0.1")}, 16) = 0
27148 16:08:26.767489 listen(5, 1)      = 0
27148 16:08:26.767503 write(4, "\240i\0\0", 4) = 4
27150 16:08:26.767514 <... read resumed> "\240i\0\0", 4) = 4
27150 16:08:26.767526 write(0, "227 Entering Passive Mode (127,0,0,1,105,160).\r\n", 48) = 48
27150 16:08:26.767638 rt_sigaction(SIGALRM, {0x805cad0, ~[RTMIN RT_1], 0}, NULL, 8) = 0
27150 16:08:26.767654 alarm(300)        = 300
27150 16:08:26.767666 recv(0, "STOR myfile36\r\n", 4096, MSG_PEEK) = 15
27150 16:08:26.767678 read(0, "STOR myfile36\r\n", 15) = 15
27150 16:08:26.767691 write(5, "\v", 1) = 1
27150 16:08:26.767701 read(5,  <unfinished ...>
27148 16:08:26.767708 read(4, "\v", 1)  = 1
27148 16:08:26.767719 write(4, "\1\0\0\0", 4) = 4
27150 16:08:26.767730 <... read resumed> "\1\0\0\0", 4) = 4
27150 16:08:26.767738 gettimeofday({1495656506, 767741}, NULL) = 0
27150 16:08:26.767749 getcwd("/home/msfadmin", 4096) = 15
27150 16:08:26.767761 open("myfile36", O_WRONLY|O_CREAT|O_NONBLOCK|O_LARGEFILE, 0666) = 4
27150 16:08:26.767775 fstat64(4, {st_mode=S_IFREG|0644, st_size=17, ...}) = 0
27150 16:08:26.767793 fcntl64(4, F_GETFL) = 0x8801 (flags O_WRONLY|O_NONBLOCK|O_LARGEFILE)
27150 16:08:26.767804 fcntl64(4, F_SETFL, O_WRONLY|O_LARGEFILE) = 0
27150 16:08:26.767814 fcntl64(4, F_SETLKW64, {type=F_WRLCK, whence=SEEK_SET, start=0, len=0}, 0xbfc9e684) = 0
27150 16:08:26.767828 ftruncate64(4, 0) = 0
27150 16:08:26.767881 _llseek(4, 0, [0], SEEK_SET) = 0
27150 16:08:26.767904 write(5, "\v", 1) = 1
27150 16:08:26.767914 read(5,  <unfinished ...>
27148 16:08:26.767921 read(4, "\v", 1)  = 1
27148 16:08:26.767933 write(4, "\1\0\0\0", 4) = 4
27150 16:08:26.767943 <... read resumed> "\1\0\0\0", 4) = 4
27150 16:08:26.767950 write(5, "\v", 1) = 1
27150 16:08:26.767960 read(5,  <unfinished ...>
27148 16:08:26.767966 read(4, "\v", 1)  = 1
27148 16:08:26.767977 write(4, "\1\0\0\0", 4) = 4
27150 16:08:26.767986 <... read resumed> "\1\0\0\0", 4) = 4
27150 16:08:26.767994 write(5, "\r", 1) = 1
27150 16:08:26.768003 read(5,  <unfinished ...>
27148 16:08:26.768010 read(4, "\r", 1)  = 1
27148 16:08:26.768021 select(6, [5], NULL, NULL, {60, 0}) = 1 (in [5], left {60, 0})
27148 16:08:26.768038 accept(5, {sa_family=AF_INET, sin_port=htons(38357), sin_addr=inet_addr("127.0.0.1")}, [16]) = 6
27148 16:08:26.768059 write(4, "\1", 1) = 1
27150 16:08:26.768070 <... read resumed> "\1", 1) = 1
27150 16:08:26.768085 recvmsg(5,  <unfinished ...>
27148 16:08:26.768093 sendmsg(4, {msg_name(0)=NULL, msg_iov(1)=[{"\0", 1}], msg_controllen=16, {cmsg_len=16, cmsg_level=SOL_SOCKET, cmsg_type=SCM_RIGHTS, {6}}, msg_flags=0}, 0) = 1
27150 16:08:26.768110 <... recvmsg resumed> {msg_name(0)=NULL, msg_iov(1)=[{"\0", 1}], msg_controllen=16, {cmsg_len=16, cmsg_level=SOL_SOCKET, cmsg_type=SCM_RIGHTS, {6}}, msg_flags=0}, 0) = 1
27150 16:08:26.768124 setsockopt(6, SOL_SOCKET, SO_KEEPALIVE, [1], 4) = 0
27150 16:08:26.768136 setsockopt(6, SOL_IP, IP_TOS, [8], 4) = 0
27150 16:08:26.768148 setsockopt(6, SOL_SOCKET, SO_LINGER, {onoff=1, linger=32767}, 8) = 0
27150 16:08:26.768159 rt_sigaction(SIGALRM, {0x805cad0, ~[RTMIN RT_1], 0}, NULL, 8) = 0
27150 16:08:26.768172 alarm(300)        = 300
27150 16:08:26.768184 write(0, "150 Ok to send data.\r\n", 22) = 22
27150 16:08:26.768250 read(6, "assasaaa\na\na\na\na\n", 65536) = 17
27150 16:08:26.768263 write(4, "assasaaa\na\na\na\na\n", 17) = 17
27150 16:08:26.768279 read(6, "", 65536) = 0
27150 16:08:26.768290 rt_sigaction(SIGALRM, {0x805cad0, ~[RTMIN RT_1], 0}, NULL, 8) = 0
27150 16:08:26.768303 alarm(300)        = 300
27150 16:08:26.768313 close(6)          = 0
27150 16:08:26.768321 alarm(0)          = 300
27150 16:08:26.768331 gettimeofday({1495656506, 768334}, NULL) = 0
27150 16:08:26.768346 gettimeofday({1495656506, 768350}, NULL) = 0
27150 16:08:26.768360 fcntl64(3, F_SETLKW64, {type=F_WRLCK, whence=SEEK_SET, start=0, len=0}, 0xbfc9e624) = 0
27150 16:08:26.768363 write(3, "Wed May 24 16:08:26 2017 [pid 27150] [msfadmin] OK UPLOAD: Client \"127.0.0.1\", \"/home/msfadmin/myfile36\", 17 bytes, 27.26Kbyte/sec\n", 131) = 131
27150 16:08:26.768363 fcntl64(3, F_SETLK64, {type=F_UNLCK, whence=SEEK_SET, start=0, len=0}, 0xbfc9e62c) = 0
27150 16:08:26.768364 write(0, "226 Transfer complete.\r\n", 24) = 24
27150 16:08:26.768364 write(5, "\n", 1) = 1
27150 16:08:26.768364 read(5,  <unfinished ...>
27148 16:08:26.768364 close(6)          = 0
27148 16:08:26.768365 read(4, "\n", 1)  = 1
27148 16:08:26.768365 close(5)          = 0
27148 16:08:26.768365 write(4, "\1", 1) = 1
27150 16:08:26.768365 <... read resumed> "\1", 1) = 1
27150 16:08:26.768365 close(4)          = 0
27150 16:08:26.768366 rt_sigaction(SIGALRM, {0x805cad0, ~[RTMIN RT_1], 0}, NULL, 8) = 0
27150 16:08:26.768366 alarm(300)        = 0
27150 16:08:26.768378 recv(0,  <unfinished ...>
27148 16:08:26.768386 read(4,  <unfinished ...>
27150 16:08:27.296349 <... recv resumed> "QUIT\r\n", 4096, MSG_PEEK) = 6
27150 16:08:27.296389 read(0, "QUIT\r\n", 6) = 6
27150 16:08:27.296410 shutdown(0, 0 /* receive */) = 0
27150 16:08:27.296425 fcntl64(0, F_GETFL) = 0x2 (flags O_RDWR)
27150 16:08:27.296436 fcntl64(0, F_SETFL, O_RDWR|O_NONBLOCK) = 0
27150 16:08:27.296447 write(0, "221 Goodbye.\r\n", 14) = 14
27150 16:08:27.296509 fcntl64(0, F_GETFL) = 0x802 (flags O_RDWR|O_NONBLOCK)
27150 16:08:27.296521 fcntl64(0, F_SETFL, O_RDWR) = 0
27150 16:08:27.296532 shutdown(0, 2 /* send and receive */) = 0
27150 16:08:27.296551 exit_group(0)     = ?
27148 16:08:27.296601 <... read resumed> 0xbfc9e737, 1) = ? ERESTARTSYS (To be restarted)
27148 16:08:27.296609 --- SIGCHLD (Child exited) @ 0 (0) ---
27148 16:08:27.296620 alarm(1)          = 0
27148 16:08:27.296631 sigreturn()       = ? (mask now [])
27148 16:08:27.296647 alarm(0)          = 1
27148 16:08:27.296657 wait4(-1, [{WIFEXITED(s) && WEXITSTATUS(s) == 0}], 0, NULL) = 27150
27148 16:08:27.296672 exit_group(0)     = ?
4380  16:08:27.296712 <... select resumed> ) = ? ERESTARTNOHAND (To be restarted)
4380  16:08:27.296719 --- SIGCHLD (Child exited) @ 0 (0) ---
4380  16:08:27.296726 write(4, "\21", 1) = 1
4380  16:08:27.296741 sigreturn()       = ? (mask now [])
4380  16:08:27.296774 select(13, [3 5 6 8 9 10 11 12], NULL, NULL, NULL) = 1 (in [3])
4380  16:08:27.296791 ioctl(3, FIONREAD, [1]) = 0
4380  16:08:27.296805 read(3, "\21", 1) = 1
4380  16:08:27.296818 waitpid(-1, [{WIFEXITED(s) && WEXITSTATUS(s) == 0}], WNOHANG) = 27148
4380  16:08:27.296835 close(-1)         = -1 EBADF (Bad file descriptor)
4380  16:08:27.296859 waitpid(-1, 0xbf9d5dbc, WNOHANG) = -1 ECHILD (No child processes)
4380  16:08:27.296871 select(13, [3 5 6 8 9 10 11 12], NULL, NULL, NULL) = 1 (in [5])
4380  16:08:27.806515 accept(5, {sa_family=AF_INET, sin_port=htons(58243), sin_addr=inet_addr("127.0.0.1")}, [16]) = 13
4380  16:08:27.806573 time(NULL)        = 1495656507
4380  16:08:27.806586 clone(child_stack=0, flags=CLONE_CHILD_CLEARTID|CLONE_CHILD_SETTID|SIGCHLD, child_tidptr=0xb7dd26f8) = 27151
27151 16:08:27.806698 rt_sigaction(SIGPIPE, {SIG_DFL}, {SIG_IGN}, 8) = 0
27151 16:08:27.806713 rt_sigaction(SIGTSTP, {SIG_DFL}, {SIG_IGN}, 8) = 0
27151 16:08:27.806725 rt_sigaction(SIGTTIN, {SIG_DFL}, {SIG_IGN}, 8) = 0
27151 16:08:27.806737 rt_sigaction(SIGTTOU, {SIG_DFL}, {SIG_IGN}, 8) = 0
27151 16:08:27.806751 rt_sigprocmask(SIG_SETMASK, [], NULL, 8) = 0
27151 16:08:27.806765 close(3)          = 0
