9676  14:50:23.359083 mmap2(NULL, 4096, PROT_READ|PROT_WRITE, MAP_PRIVATE|MAP_ANONYMOUS, -1, 0) = 0xb7f5b000
9676  14:50:23.359107 read(6, "#\n# /etc/pam.d/common-auth - authentication settings common to all services\n#\n# This file is included from other service-specific PAM config files,\n# and should contain a list of the authentication modules that define\n# the central authentication scheme for use on the system\n# (e.g., /etc/shadow, LDAP, Kerberos, etc.).  The default is to use the\n# traditional Unix authentication mechanisms.\n#\nauth\trequisite\tpam_unix.so nullok_secure\n# auth\toptional\tpam_smbpass.so migrate\n", 4096) = 476
9676  14:50:23.359214 read(6, "", 4096) = 0
9676  14:50:23.359238 close(6)          = 0
9676  14:50:23.359260 munmap(0xb7f5b000, 4096) = 0
9676  14:50:23.359285 stat64("/etc/pam.d", {st_mode=S_IFDIR|0755, st_size=4096, ...}) = 0
9676  14:50:23.359327 open("/etc/pam.d/common-account", O_RDONLY|O_LARGEFILE) = 6
9676  14:50:23.359356 fstat64(6, {st_mode=S_IFREG|0644, st_size=392, ...}) = 0
9676  14:50:23.359393 mmap2(NULL, 4096, PROT_READ|PROT_WRITE, MAP_PRIVATE|MAP_ANONYMOUS, -1, 0) = 0xb7f5b000
9676  14:50:23.359417 read(6, "#\n# /etc/pam.d/common-account - authorization settings common to all services\n#\n# This file is included from other service-specific PAM config files,\n# and should contain a list of the authorization modules that define\n# the central access policy for use on the system.  The default is to\n# only deny service to users whose accounts are expired in /etc/shadow.\n#\naccount\trequired\tpam_unix.so\n", 4096) = 392
9676  14:50:23.359507 read(6, "", 4096) = 0
9676  14:50:23.359530 close(6)          = 0
9676  14:50:23.359552 munmap(0xb7f5b000, 4096) = 0
9676  14:50:23.359612 stat64("/etc/pam.d", {st_mode=S_IFDIR|0755, st_size=4096, ...}) = 0
9676  14:50:23.359657 open("/etc/pam.d/common-password", O_RDONLY|O_LARGEFILE) = 6
9676  14:50:23.359687 fstat64(6, {st_mode=S_IFREG|0644, st_size=1563, ...}) = 0
9676  14:50:23.359724 mmap2(NULL, 4096, PROT_READ|PROT_WRITE, MAP_PRIVATE|MAP_ANONYMOUS, -1, 0) = 0xb7f5b000
9676  14:50:23.359750 read(6, "#\n# /etc/pam.d/common-password - password-related modules common to all services\n#\n# This file is included from other service-specific PAM config files,\n# and should contain a list of modules that define the services to be\n# used to change user passwords.  The default is pam_unix.\n\n# Explanation of pam_unix options:\n#\n# The \"nullok\" option allows users to change an empty password, else\n# empty passwords are treated as locked accounts.\n#\n# The \"md5\" option enables MD5 passwords.  Without this option, the\n# default is Unix crypt.\n#\n# The \"obscure\" option replaces the old `OBSCURE_CHECKS_ENAB\' option in\n# login.defs.\n#\n# You can also use the \"min\" option to enforce the length of the new\n# password.\n#\n# See the pam_unix manpage for other options.\n\npassword   requisite   pam_unix.so nullok obscure md5\n\n# Alternate strength checking for password. Note that this\n# requires the libpam-cracklib package to be installed.\n# You will need to comment out the password line above and\n# uncomment the next two in order to use this.\n# (Replaces the `OBSCURE_CHECKS_ENAB\', `CRACKLIB_DICTPATH\')\n#\n# password required\t  pam_cracklib.so retry=3 minlen=6 difok=3\n# password required\t  pam_unix.so use_authtok nullok md5\n\n# minimally-intrusive inclusion of smbpass in the stack for\n# synchronization.  If the module is absent or the passwords don\'t\n# match, this module will be ignored without prompting; and if the \n# passwords do match, the NTLM hash for the user will be updated\n# automatically.\n# password   optional   pam_smbpass.so nullok use_authtok use_first_pass\n", 4096) = 1563
9676  14:50:23.360063 read(6, "", 4096) = 0
9676  14:50:23.360088 close(6)          = 0
9676  14:50:23.360110 munmap(0xb7f5b000, 4096) = 0
9676  14:50:23.360136 stat64("/etc/pam.d", {st_mode=S_IFDIR|0755, st_size=4096, ...}) = 0
9676  14:50:23.360179 open("/etc/pam.d/common-session", O_RDONLY|O_LARGEFILE) = 6
9676  14:50:23.360209 fstat64(6, {st_mode=S_IFREG|0644, st_size=372, ...}) = 0
9676  14:50:23.360246 mmap2(NULL, 4096, PROT_READ|PROT_WRITE, MAP_PRIVATE|MAP_ANONYMOUS, -1, 0) = 0xb7f5b000
9676  14:50:23.360271 read(6, "#\n# /etc/pam.d/common-session - session-related modules common to all services\n#\n# This file is included from other service-specific PAM config files,\n# and should contain a list of modules that define tasks to be performed\n# at the start and end of sessions of *any* kind (both interactive and\n# non-interactive).  The default is pam_unix.\n#\nsession\trequired\tpam_unix.so\n", 4096) = 372
9676  14:50:23.360359 read(6, "", 4096) = 0
9676  14:50:23.360382 close(6)          = 0
9676  14:50:23.360404 munmap(0xb7f5b000, 4096) = 0
9676  14:50:23.360428 read(5, "", 4096) = 0
9676  14:50:23.360450 close(5)          = 0
9676  14:50:23.360471 munmap(0xb7f61000, 4096) = 0
9676  14:50:23.360501 time(NULL)        = 1495651823
9676  14:50:23.373655 lstat64("/etc/ftpusers", {st_mode=S_IFREG|0644, st_size=132, ...}) = 0
9676  14:50:23.373709 open("/etc/ftpusers", O_RDONLY|O_LARGEFILE) = 5
9676  14:50:23.373739 fstat64(5, {st_mode=S_IFREG|0644, st_size=132, ...}) = 0
9676  14:50:23.373777 mmap2(NULL, 4096, PROT_READ|PROT_WRITE, MAP_PRIVATE|MAP_ANONYMOUS, -1, 0) = 0xb7f61000
9676  14:50:23.373803 read(5, "# /etc/ftpusers: list of users disallowed FTP access. See ftpusers(5).\n\nroot\ndaemon\nbin\nsys\nsync\ngames\nman\nlp\nmail\nnews\nuucp\nnobody\n", 4096) = 132
9676  14:50:23.373855 read(5, "", 4096) = 0
9676  14:50:23.373878 close(5)          = 0
9676  14:50:23.373901 munmap(0xb7f61000, 4096) = 0
9676  14:50:23.373942 getuid32()        = 0
9676  14:50:23.373982 open("/etc/passwd", O_RDONLY|0x80000 /* O_??? */) = 5
9676  14:50:23.374017 _llseek(5, 0, [0], SEEK_CUR) = 0
9676  14:50:23.374053 fstat64(5, {st_mode=S_IFREG|0644, st_size=1624, ...}) = 0
9676  14:50:23.374092 mmap2(NULL, 1624, PROT_READ, MAP_SHARED, 5, 0) = 0xb7f61000
9676  14:50:23.374118 _llseek(5, 1624, [1624], SEEK_SET) = 0
9676  14:50:23.374187 munmap(0xb7f61000, 1624) = 0
9676  14:50:23.374217 close(5)          = 0
9676  14:50:23.374278 open("/etc/shadow", O_RDONLY|0x80000 /* O_??? */) = 5
9676  14:50:23.374320 _llseek(5, 0, [0], SEEK_CUR) = 0
9676  14:50:23.374345 fstat64(5, {st_mode=S_IFREG|0640, st_size=1233, ...}) = 0
9676  14:50:23.374383 mmap2(NULL, 1233, PROT_READ, MAP_SHARED, 5, 0) = 0xb7f61000
9676  14:50:23.374421 _llseek(5, 1233, [1233], SEEK_SET) = 0
9676  14:50:23.374470 munmap(0xb7f61000, 1233) = 0
9676  14:50:23.374494 close(5)          = 0
9676  14:50:23.374538 open("/etc/passwd", O_RDONLY|0x80000 /* O_??? */) = 5
9676  14:50:23.374569 _llseek(5, 0, [0], SEEK_CUR) = 0
9676  14:50:23.374593 fstat64(5, {st_mode=S_IFREG|0644, st_size=1624, ...}) = 0
9676  14:50:23.374629 mmap2(NULL, 1624, PROT_READ, MAP_SHARED, 5, 0) = 0xb7f61000
9676  14:50:23.374654 _llseek(5, 1624, [1624], SEEK_SET) = 0
9676  14:50:23.374691 munmap(0xb7f61000, 1624) = 0
9676  14:50:23.374714 close(5)          = 0
9676  14:50:23.374742 open("/etc/shadow", O_RDONLY|0x80000 /* O_??? */) = 5
9676  14:50:23.374771 _llseek(5, 0, [0], SEEK_CUR) = 0
9676  14:50:23.374794 fstat64(5, {st_mode=S_IFREG|0640, st_size=1233, ...}) = 0
9676  14:50:23.374831 mmap2(NULL, 1233, PROT_READ, MAP_SHARED, 5, 0) = 0xb7f61000
9676  14:50:23.374855 _llseek(5, 1233, [1233], SEEK_SET) = 0
9676  14:50:23.374893 munmap(0xb7f61000, 1233) = 0
9676  14:50:23.374915 close(5)          = 0
9676  14:50:23.375586 getuid32()        = 0
9676  14:50:23.375617 open("/etc/passwd", O_RDONLY|0x80000 /* O_??? */) = 5
9676  14:50:23.375648 _llseek(5, 0, [0], SEEK_CUR) = 0
9676  14:50:23.375672 fstat64(5, {st_mode=S_IFREG|0644, st_size=1624, ...}) = 0
9676  14:50:23.375709 mmap2(NULL, 1624, PROT_READ, MAP_SHARED, 5, 0) = 0xb7f61000
9676  14:50:23.375734 _llseek(5, 1624, [1624], SEEK_SET) = 0
9676  14:50:23.375771 munmap(0xb7f61000, 1624) = 0
9676  14:50:23.375793 close(5)          = 0
9676  14:50:23.375823 open("/etc/shadow", O_RDONLY|0x80000 /* O_??? */) = 5
9676  14:50:23.375852 _llseek(5, 0, [0], SEEK_CUR) = 0
9676  14:50:23.375875 fstat64(5, {st_mode=S_IFREG|0640, st_size=1233, ...}) = 0
9676  14:50:23.375911 mmap2(NULL, 1233, PROT_READ, MAP_SHARED, 5, 0) = 0xb7f61000
9676  14:50:23.375936 _llseek(5, 1233, [1233], SEEK_SET) = 0
9676  14:50:23.375974 munmap(0xb7f61000, 1233) = 0
9676  14:50:23.375995 close(5)          = 0
9676  14:50:23.376022 time(NULL)        = 1495651823
9676  14:50:23.376057 munmap(0xb7f5e000, 12164) = 0
9676  14:50:23.376088 munmap(0xb7f5c000, 7136) = 0
9676  14:50:23.376122 munmap(0xb7d91000, 95428) = 0
9676  14:50:23.376149 munmap(0xb7d57000, 201052) = 0
9676  14:50:23.376176 munmap(0xb7d3e000, 101180) = 0
9676  14:50:23.376259 gettimeofday({1495651823, 376272}, NULL) = 0
9676  14:50:23.376288 stat64("/usr/share/zoneinfo/UTC+04:00", 0xbf9ddb54) = -1 ENOENT (No such file or directory)
9676  14:50:23.376318 open("/usr/share/zoneinfo/UTC+04:00", O_RDONLY) = -1 ENOENT (No such file or directory)
9676  14:50:23.376371 fcntl64(3, F_SETLKW64, {type=F_WRLCK, whence=SEEK_SET, start=0, len=0}, 0xbf9ddca4) = 0
9676  14:50:23.376404 write(3, "Wed May 24 14:50:23 2017 [pid 9676] [msfadmin] OK LOGIN: Client \"127.0.0.1\"\n", 76) = 76
9676  14:50:23.376437 fcntl64(3, F_SETLK64, {type=F_UNLCK, whence=SEEK_SET, start=0, len=0}, 0xbf9ddcac) = 0
9676  14:50:23.376463 rt_sigaction(SIGCHLD, {0x805cad0, ~[RTMIN RT_1], 0}, NULL, 8) = 0
9676  14:50:23.376491 write(4, "\1", 1 <unfinished ...>
9677  14:50:23.376512 <... read resumed> "\1", 1) = 1
9676  14:50:23.376522 <... write resumed> ) = 1
9677  14:50:23.376538 exit_group(0)     = ?
9676  14:50:23.376604 --- SIGCHLD (Child exited) @ 0 (0) ---
9676  14:50:23.376619 sigreturn()       = ? (mask now [])
9676  14:50:23.376656 wait4(-1, [{WIFEXITED(s) && WEXITSTATUS(s) == 0}], 0, NULL) = 9677
9676  14:50:23.376689 close(4)          = 0
9676  14:50:23.376714 socketpair(PF_FILE, SOCK_STREAM, 0, [4, 5]) = 0
9676  14:50:23.376742 rt_sigaction(SIGCHLD, {0x805cad0, ~[RTMIN RT_1], 0}, NULL, 8) = 0
9676  14:50:23.376769 rt_sigaction(SIGALRM, {0x805cb10, ~[RTMIN RT_1], 0}, NULL, 8) = 0
9676  14:50:23.376796 clone(child_stack=0, flags=CLONE_CHILD_CLEARTID|CLONE_CHILD_SETTID|SIGCHLD, child_tidptr=0xb7dc76f8) = 9678
9678  14:50:23.376897 prctl(0x1, 0x9, 0, 0, 0) = 0
9678  14:50:23.376924 close(4)          = 0
9678  14:50:23.376983 open("/etc/passwd", O_RDONLY|0x80000 /* O_??? */) = 4
9678  14:50:23.377011 _llseek(4, 0, [0], SEEK_CUR) = 0
9678  14:50:23.377037 fstat64(4, {st_mode=S_IFREG|0644, st_size=1624, ...}) = 0
9678  14:50:23.377067 mmap2(NULL, 1624, PROT_READ, MAP_SHARED, 4, 0) = 0xb7f61000
9678  14:50:23.377086 _llseek(4, 1624, [1624], SEEK_SET) = 0
9678  14:50:23.377124 munmap(0xb7f61000, 1624) = 0
9678  14:50:23.377143 close(4)          = 0
9678  14:50:23.377165 getuid32()        = 0
9678  14:50:23.377201 open("/etc/passwd", O_RDONLY|0x80000 /* O_??? */) = 4
9678  14:50:23.377224 _llseek(4, 0, [0], SEEK_CUR) = 0
9678  14:50:23.377242 fstat64(4, {st_mode=S_IFREG|0644, st_size=1624, ...}) = 0
9678  14:50:23.377268 mmap2(NULL, 1624, PROT_READ, MAP_SHARED, 4, 0) = 0xb7f61000
9678  14:50:23.377287 _llseek(4, 1624, [1624], SEEK_SET) = 0
9678  14:50:23.377313 munmap(0xb7f61000, 1624) = 0
9678  14:50:23.377330 close(4)          = 0
9678  14:50:23.377375 open("/proc/sys/kernel/ngroups_max", O_RDONLY) = 4
9678  14:50:23.377409 read(4, "65536\n", 31) = 6
9678  14:50:23.377430 close(4)          = 0
9678  14:50:23.377454 socket(PF_FILE, SOCK_STREAM, 0) = 4
9678  14:50:23.377475 fcntl64(4, F_SETFL, O_RDWR|O_NONBLOCK) = 0
9678  14:50:23.377493 connect(4, {sa_family=AF_FILE, path="/var/run/nscd/socket"}, 110) = -1 ENOENT (No such file or directory)
9678  14:50:23.377528 close(4)          = 0
9678  14:50:23.377547 socket(PF_FILE, SOCK_STREAM, 0) = 4
9678  14:50:23.377564 fcntl64(4, F_SETFL, O_RDWR|O_NONBLOCK) = 0
9678  14:50:23.377581 connect(4, {sa_family=AF_FILE, path="/var/run/nscd/socket"}, 110) = -1 ENOENT (No such file or directory)
9678  14:50:23.377611 close(4)          = 0
9678  14:50:23.377649 open("/etc/group", O_RDONLY|0x80000 /* O_??? */) = 4
9678  14:50:23.377673 _llseek(4, 0, [0], SEEK_CUR) = 0
9678  14:50:23.377690 fstat64(4, {st_mode=S_IFREG|0644, st_size=886, ...}) = 0
9678  14:50:23.377717 mmap2(NULL, 886, PROT_READ, MAP_SHARED, 4, 0) = 0xb7f61000
9678  14:50:23.377735 _llseek(4, 886, [886], SEEK_SET) = 0
9678  14:50:23.377776 fstat64(4, {st_mode=S_IFREG|0644, st_size=886, ...}) = 0
9678  14:50:23.377803 munmap(0xb7f61000, 886) = 0
9678  14:50:23.377820 close(4)          = 0
9678  14:50:23.377836 setgroups32(13, [1000, 4, 20, 24, 25, 29, 30, 44, 46, 107, 111, 112, 119]) = 0
9678  14:50:23.377865 geteuid32()       = 0
9678  14:50:23.377884 getegid32()       = 0
9678  14:50:23.377901 setregid32(-1, 1000) = 0
9678  14:50:23.377919 setreuid32(-1, 1000) = 0
9678  14:50:23.377937 chdir("/home/msfadmin") = 0
9678  14:50:23.377967 setreuid32(-1, 0) = 0
9678  14:50:23.377980 setregid32(-1, 0) = 0
9678  14:50:23.377994 setgid32(1000)    = 0
9678  14:50:23.378008 setuid32(1000)    = 0
9678  14:50:23.378023 setrlimit(RLIMIT_NPROC, {rlim_cur=0, rlim_max=0}) = 0
9678  14:50:23.378042 mmap2(NULL, 12288, PROT_READ|PROT_WRITE, MAP_PRIVATE|MAP_ANONYMOUS, -1, 0) = 0xb7f5f000
9678  14:50:23.378058 mprotect(0xb7f61000, 4096, PROT_NONE) = 0
9678  14:50:23.378074 mprotect(0xb7f5f000, 4096, PROT_NONE) = 0
9678  14:50:23.378090 getcwd("/home/msfadmin", 4096) = 15
9678  14:50:23.378109 umask(022)        = 077
9678  14:50:23.378134 getcwd("/home/msfadmin", 4096) = 15
9678  14:50:23.378173 open(".message", O_RDONLY|O_NONBLOCK|O_LARGEFILE) = -1 ENOENT (No such file or directory)
9678  14:50:23.378207 write(0, "230 Login successful.\r\n", 23) = 23
9678  14:50:23.378352 rt_sigaction(SIGALRM, {0x805cad0, ~[RTMIN RT_1], 0}, NULL, 8) = 0
9678  14:50:23.378376 alarm(300)        = 0
9678  14:50:23.378392 mmap2(NULL, 12288, PROT_READ|PROT_WRITE, MAP_PRIVATE|MAP_ANONYMOUS, -1, 0) = 0xb7f5c000
9678  14:50:23.378414 mprotect(0xb7f5e000, 4096, PROT_NONE) = 0
9678  14:50:23.378430 mprotect(0xb7f5c000, 4096, PROT_NONE) = 0
9678  14:50:23.378448 recv(0, "TYPE I\r\n", 4096, MSG_PEEK) = 8
9678  14:50:23.378466 read(0, "TYPE I\r\n", 8) = 8
9678  14:50:23.378490 write(0, "200 Switching to Binary mode.\r\n", 31) = 31
9678  14:50:23.378545 rt_sigaction(SIGALRM, {0x805cad0, ~[RTMIN RT_1], 0}, NULL, 8) = 0
9678  14:50:23.378566 alarm(300)        = 300
9678  14:50:23.378581 recv(0, "PASV\r\n", 4096, MSG_PEEK) = 6
9678  14:50:23.378597 read(0, "PASV\r\n", 6) = 6
9678  14:50:23.378613 write(5, "\n", 1) = 1
9678  14:50:23.378628 read(5,  <unfinished ...>
9676  14:50:23.378646 close(5)          = 0
9676  14:50:23.378663 getuid32()        = 0
9676  14:50:23.378684 open("/etc/passwd", O_RDONLY|0x80000 /* O_??? */) = 5
9676  14:50:23.378704 _llseek(5, 0, [0], SEEK_CUR) = 0
9676  14:50:23.378721 fstat64(5, {st_mode=S_IFREG|0644, st_size=1624, ...}) = 0
9676  14:50:23.378745 mmap2(NULL, 1624, PROT_READ, MAP_SHARED, 5, 0) = 0xb7f61000
9676  14:50:23.378762 _llseek(5, 1624, [1624], SEEK_SET) = 0
9676  14:50:23.378786 munmap(0xb7f61000, 1624) = 0
9676  14:50:23.378802 close(5)          = 0
9676  14:50:23.378824 setgroups32(0, []) = 0
9676  14:50:23.378840 chdir("/usr/share/empty") = 0
9676  14:50:23.378857 chroot(".")       = 0
9676  14:50:23.378872 capset(NULL, NULL) = -1 EFAULT (Bad address)
9676  14:50:23.378891 prctl(0x8, 0, 0xbf9ddc88, 0x80549a6, 0xbf9ddc70) = 0
9676  14:50:23.378907 prctl(0x8, 0x1, 0xbf9ddc88, 0x8054a49, 0xbf9ddc70) = 0
9676  14:50:23.378921 setgid32(65534)   = 0
9676  14:50:23.378935 setuid32(65534)   = 0
9676  14:50:23.378948 capset(0x19980330, 0, {CAP_NET_BIND_SERVICE, CAP_NET_BIND_SERVICE, 0}) = 0
9676  14:50:23.378975 read(4, "\n", 1)  = 1
9676  14:50:23.378992 write(4, "\1", 1) = 1
9678  14:50:23.379006 <... read resumed> "\1", 1) = 1
9678  14:50:23.379015 write(5, "\f", 1) = 1
9678  14:50:23.379028 read(5,  <unfinished ...>
9676  14:50:23.379037 read(4, "\f", 1)  = 1
9676  14:50:23.379053 socket(PF_INET, SOCK_STREAM, IPPROTO_TCP) = 5
9676  14:50:23.379071 setsockopt(5, SOL_SOCKET, SO_REUSEADDR, [1], 4) = 0
9676  14:50:23.379086 gettimeofday({1495651823, 379101}, NULL) = 0
9676  14:50:23.379136 bind(5, {sa_family=AF_INET, sin_port=htons(6722), sin_addr=inet_addr("127.0.0.1")}, 16) = 0
9676  14:50:23.379161 listen(5, 1)      = 0
9676  14:50:23.379182 write(4, "B\32\0\0", 4) = 4
9678  14:50:23.379197 <... read resumed> "B\32\0\0", 4) = 4
9678  14:50:23.379214 write(0, "227 Entering Passive Mode (127,0,0,1,26,66).\r\n", 46) = 46
9678  14:50:23.379356 rt_sigaction(SIGALRM, {0x805cad0, ~[RTMIN RT_1], 0}, NULL, 8) = 0
9678  14:50:23.379379 alarm(300)        = 300
9678  14:50:23.379393 recv(0, "STOR myfile3\r\n", 4096, MSG_PEEK) = 14
9678  14:50:23.379409 read(0, "STOR myfile3\r\n", 14) = 14
9678  14:50:23.379429 write(5, "\v", 1) = 1
9678  14:50:23.379442 read(5,  <unfinished ...>
9676  14:50:23.379451 read(4, "\v", 1)  = 1
9676  14:50:23.379466 write(4, "\1\0\0\0", 4) = 4
9678  14:50:23.379479 <... read resumed> "\1\0\0\0", 4) = 4
9678  14:50:23.379490 gettimeofday({1495651823, 379494}, NULL) = 0
9678  14:50:23.379504 getcwd("/home/msfadmin", 4096) = 15
9678  14:50:23.379520 open("myfile3", O_WRONLY|O_CREAT|O_NONBLOCK|O_LARGEFILE, 0666) = 4
9678  14:50:23.379537 fstat64(4, {st_mode=S_IFREG|0644, st_size=17, ...}) = 0
9678  14:50:23.379558 fcntl64(4, F_GETFL) = 0x8801 (flags O_WRONLY|O_NONBLOCK|O_LARGEFILE)
9678  14:50:23.379572 fcntl64(4, F_SETFL, O_WRONLY|O_LARGEFILE) = 0
9678  14:50:23.379585 fcntl64(4, F_SETLKW64, {type=F_WRLCK, whence=SEEK_SET, start=0, len=0}, 0xbf9ddbd4) = 0
9678  14:50:23.379605 ftruncate64(4, 0) = 0
9678  14:50:23.379631 _llseek(4, 0, [0], SEEK_SET) = 0
9678  14:50:23.379645 write(5, "\v", 1) = 1
9678  14:50:23.379658 read(5,  <unfinished ...>
9676  14:50:23.379667 read(4, "\v", 1)  = 1
9676  14:50:23.379682 write(4, "\1\0\0\0", 4) = 4
9678  14:50:23.379695 <... read resumed> "\1\0\0\0", 4) = 4
9678  14:50:23.379704 write(5, "\v", 1) = 1
9678  14:50:23.379722 read(5,  <unfinished ...>
9676  14:50:23.379731 read(4, "\v", 1)  = 1
9676  14:50:23.379745 write(4, "\1\0\0\0", 4) = 4
9678  14:50:23.379758 <... read resumed> "\1\0\0\0", 4) = 4
9678  14:50:23.379767 write(5, "\r", 1) = 1
9678  14:50:23.379780 read(5,  <unfinished ...>
9676  14:50:23.379788 read(4, "\r", 1)  = 1
9676  14:50:23.379804 select(6, [5], NULL, NULL, {60, 0}) = 1 (in [5], left {60, 0})
9676  14:50:23.379826 accept(5, {sa_family=AF_INET, sin_port=htons(51152), sin_addr=inet_addr("127.0.0.1")}, [16]) = 6
9676  14:50:23.379855 write(4, "\1", 1) = 1
9678  14:50:23.379868 <... read resumed> "\1", 1) = 1
9678  14:50:23.379880 recvmsg(5,  <unfinished ...>
9676  14:50:23.379893 sendmsg(4, {msg_name(0)=NULL, msg_iov(1)=[{"\0", 1}], msg_controllen=16, {cmsg_len=16, cmsg_level=SOL_SOCKET, cmsg_type=SCM_RIGHTS, {6}}, msg_flags=0}, 0) = 1
9678  14:50:23.379915 <... recvmsg resumed> {msg_name(0)=NULL, msg_iov(1)=[{"\0", 1}], msg_controllen=16, {cmsg_len=16, cmsg_level=SOL_SOCKET, cmsg_type=SCM_RIGHTS, {6}}, msg_flags=0}, 0) = 1
9678  14:50:23.379932 setsockopt(6, SOL_SOCKET, SO_KEEPALIVE, [1], 4) = 0
9678  14:50:23.379947 setsockopt(6, SOL_IP, IP_TOS, [8], 4) = 0
9678  14:50:23.379962 setsockopt(6, SOL_SOCKET, SO_LINGER, {onoff=1, linger=32767}, 8) = 0
9678  14:50:23.379976 rt_sigaction(SIGALRM, {0x805cad0, ~[RTMIN RT_1], 0}, NULL, 8) = 0
9678  14:50:23.379993 alarm(300)        = 300
9678  14:50:23.380010 write(0, "150 Ok to send data.\r\n", 22) = 22
9678  14:50:23.380134 mmap2(NULL, 77824, PROT_READ|PROT_WRITE, MAP_PRIVATE|MAP_ANONYMOUS, -1, 0) = 0xb7d96000
9678  14:50:23.380153 mprotect(0xb7da8000, 4096, PROT_NONE) = 0
9678  14:50:23.380169 mprotect(0xb7d96000, 4096, PROT_NONE) = 0
9678  14:50:23.380182 read(6, "assasaaa\na\na\na\na\n", 65536) = 17
9678  14:50:23.380200 write(4, "assasaaa\na\na\na\na\n", 17) = 17
9678  14:50:23.380221 read(6, "", 65536) = 0
9678  14:50:23.380234 rt_sigaction(SIGALRM, {0x805cad0, ~[RTMIN RT_1], 0}, NULL, 8) = 0
9678  14:50:23.380252 alarm(300)        = 300
9678  14:50:23.380265 close(6)          = 0
9678  14:50:23.380276 alarm(0)          = 300
9678  14:50:23.380288 gettimeofday({1495651823, 380293}, NULL) = 0
9678  14:50:23.380311 getpid()          = 9678
9678  14:50:23.380326 gettimeofday({1495651823, 380331}, NULL) = 0
9678  14:50:23.380349 fcntl64(3, F_SETLKW64, {type=F_WRLCK, whence=SEEK_SET, start=0, len=0}, 0xbf9ddb74) = 0
9678  14:50:23.380368 write(3, "Wed May 24 14:50:23 2017 [pid 9678] [msfadmin] OK UPLOAD: Client \"127.0.0.1\", \"/home/msfadmin/myfile3\", 17 bytes, 19.83Kbyte/sec\n", 129) = 129
9678  14:50:23.380401 fcntl64(3, F_SETLK64, {type=F_UNLCK, whence=SEEK_SET, start=0, len=0}, 0xbf9ddb7c) = 0
9678  14:50:23.380420 write(0, "226 Transfer complete.\r\n", 24) = 24
9678  14:50:23.380472 write(5, "\n", 1) = 1
9678  14:50:23.380488 read(5,  <unfinished ...>
9676  14:50:23.380497 close(6)          = 0
9676  14:50:23.380520 read(4, "\n", 1)  = 1
9676  14:50:23.380535 close(5)          = 0
9676  14:50:23.380549 write(4, "\1", 1) = 1
9678  14:50:23.380563 <... read resumed> "\1", 1) = 1
9678  14:50:23.380572 close(4)          = 0
9678  14:50:23.380582 rt_sigaction(SIGALRM, {0x805cad0, ~[RTMIN RT_1], 0}, NULL, 8) = 0
9678  14:50:23.380596 alarm(300)        = 0
9678  14:50:23.380610 recv(0,  <unfinished ...>
9676  14:50:23.380621 read(4,  <unfinished ...>
9678  14:50:23.900888 <... recv resumed> "TYPE I\r\n", 4096, MSG_PEEK) = 8
9678  14:50:23.900978 read(0, "TYPE I\r\n", 8) = 8
9678  14:50:23.901059 write(0, "200 Switching to Binary mode.\r\n", 31) = 31
9678  14:50:23.901236 rt_sigaction(SIGALRM, {0x805cad0, ~[RTMIN RT_1], 0}, NULL, 8) = 0
9678  14:50:23.901398 alarm(300)        = 299
9678  14:50:23.901469 recv(0, "PASV\r\n", 4096, MSG_PEEK) = 6
9678  14:50:23.901522 read(0, "PASV\r\n", 6) = 6
9678  14:50:23.901577 write(5, "\n", 1) = 1
9678  14:50:23.901629 read(5,  <unfinished ...>
9676  14:50:23.901661 <... read resumed> "\n", 1) = 1
9676  14:50:23.901696 write(4, "\1", 1) = 1
9678  14:50:23.901742 <... read resumed> "\1", 1) = 1
9678  14:50:23.901773 write(5, "\f", 1) = 1
9678  14:50:23.901843 read(5,  <unfinished ...>
9676  14:50:23.901873 read(4, "\f", 1)  = 1
9676  14:50:23.901926 socket(PF_INET, SOCK_STREAM, IPPROTO_TCP) = 5
9676  14:50:23.901986 setsockopt(5, SOL_SOCKET, SO_REUSEADDR, [1], 4) = 0
9676  14:50:23.902044 bind(5, {sa_family=AF_INET, sin_port=htons(49195), sin_addr=inet_addr("127.0.0.1")}, 16) = 0
9676  14:50:23.902110 listen(5, 1)      = 0
9676  14:50:23.902164 write(4, "+\300\0\0", 4) = 4
9678  14:50:23.902212 <... read resumed> "+\300\0\0", 4) = 4
9678  14:50:23.902264 write(0, "227 Entering Passive Mode (127,0,0,1,192,43).\r\n", 47) = 47
9678  14:50:23.902849 rt_sigaction(SIGALRM, {0x805cad0, ~[RTMIN RT_1], 0}, NULL, 8) = 0
9678  14:50:23.902924 alarm(300)        = 300
9678  14:50:23.902973 recv(0, "STOR myfile4\r\n", 4096, MSG_PEEK) = 14
9678  14:50:23.903027 read(0, "STOR myfile4\r\n", 14) = 14
9678  14:50:23.903085 write(5, "\v", 1) = 1
9678  14:50:23.903244 read(5,  <unfinished ...>
9676  14:50:23.903292 read(4, "\v", 1)  = 1
9676  14:50:23.903397 write(4, "\1\0\0\0", 4) = 4
9678  14:50:23.903452 <... read resumed> "\1\0\0\0", 4) = 4
9678  14:50:23.903486 gettimeofday({1495651823, 903502}, NULL) = 0
9678  14:50:23.903533 getcwd("/home/msfadmin", 4096) = 15
9678  14:50:23.903588 open("myfile4", O_WRONLY|O_CREAT|O_NONBLOCK|O_LARGEFILE, 0666) = 4
9678  14:50:23.903646 fstat64(4, {st_mode=S_IFREG|0644, st_size=17, ...}) = 0
9678  14:50:23.903720 fcntl64(4, F_GETFL) = 0x8801 (flags O_WRONLY|O_NONBLOCK|O_LARGEFILE)
9678  14:50:23.903768 fcntl64(4, F_SETFL, O_WRONLY|O_LARGEFILE) = 0
9678  14:50:23.903811 fcntl64(4, F_SETLKW64, {type=F_WRLCK, whence=SEEK_SET, start=0, len=0}, 0xbf9ddbd4) = 0
9678  14:50:23.903869 ftruncate64(4, 0) = 0
9678  14:50:23.903941 _llseek(4, 0, [0], SEEK_SET) = 0
9678  14:50:23.903988 write(5, "\v", 1) = 1
9678  14:50:23.904033 read(5,  <unfinished ...>
9676  14:50:23.904063 read(4, "\v", 1)  = 1
9676  14:50:23.904111 write(4, "\1\0\0\0", 4) = 4
9678  14:50:23.904157 <... read resumed> "\1\0\0\0", 4) = 4
9678  14:50:23.904189 write(5, "\v", 1) = 1
9678  14:50:23.904231 read(5,  <unfinished ...>
9676  14:50:23.904259 read(4, "\v", 1)  = 1
9676  14:50:23.904343 write(4, "\1\0\0\0", 4) = 4
9678  14:50:23.904403 <... read resumed> "\1\0\0\0", 4) = 4
9678  14:50:23.904436 write(5, "\r", 1) = 1
9678  14:50:23.904479 read(5,  <unfinished ...>
9676  14:50:23.904508 read(4, "\r", 1)  = 1
9676  14:50:23.904559 select(6, [5], NULL, NULL, {60, 0}) = 1 (in [5], left {60, 0})
9676  14:50:23.904627 accept(5, {sa_family=AF_INET, sin_port=htons(46252), sin_addr=inet_addr("127.0.0.1")}, [16]) = 6
9676  14:50:23.904722 write(4, "\1", 1) = 1
9678  14:50:23.904766 <... read resumed> "\1", 1) = 1
9678  14:50:23.904803 recvmsg(5,  <unfinished ...>
9676  14:50:23.904839 sendmsg(4, {msg_name(0)=NULL, msg_iov(1)=[{"\0", 1}], msg_controllen=16, {cmsg_len=16, cmsg_level=SOL_SOCKET, cmsg_type=SCM_RIGHTS, {6}}, msg_flags=0}, 0) = 1
9678  14:50:23.904912 <... recvmsg resumed> {msg_name(0)=NULL, msg_iov(1)=[{"\0", 1}], msg_controllen=16, {cmsg_len=16, cmsg_level=SOL_SOCKET, cmsg_type=SCM_RIGHTS, {6}}, msg_flags=0}, 0) = 1
9678  14:50:23.904968 setsockopt(6, SOL_SOCKET, SO_KEEPALIVE, [1], 4) = 0
9678  14:50:23.905021 setsockopt(6, SOL_IP, IP_TOS, [8], 4) = 0
9678  14:50:23.905072 setsockopt(6, SOL_SOCKET, SO_LINGER, {onoff=1, linger=32767}, 8) = 0
9678  14:50:23.905120 rt_sigaction(SIGALRM, {0x805cad0, ~[RTMIN RT_1], 0}, NULL, 8) = 0
9678  14:50:23.905178 alarm(300)        = 300
9678  14:50:23.905233 write(0, "150 Ok to send data.\r\n", 22) = 22
9678  14:50:23.905555 read(6, "assasaaa\na\na\na\na\n", 65536) = 17
9678  14:50:23.905621 write(4, "assasaaa\na\na\na\na\n", 17) = 17
9678  14:50:23.905689 read(6, "", 65536) = 0
9678  14:50:23.905736 rt_sigaction(SIGALRM, {0x805cad0, ~[RTMIN RT_1], 0}, NULL, 8) = 0
9678  14:50:23.905796 alarm(300)        = 300
9678  14:50:23.905838 close(6)          = 0
9678  14:50:23.905879 alarm(0)          = 300
9678  14:50:23.905920 gettimeofday({1495651823, 905936}, NULL) = 0
9678  14:50:23.905983 gettimeofday({1495651823, 906000}, NULL) = 0
9678  14:50:23.906053 fcntl64(3, F_SETLKW64, {type=F_WRLCK, whence=SEEK_SET, start=0, len=0}, 0xbf9ddb74) = 0
9678  14:50:23.906117 write(3, "Wed May 24 14:50:23 2017 [pid 9678] [msfadmin] OK UPLOAD: Client \"127.0.0.1\", \"/home/msfadmin/myfile4\", 17 bytes, 6.65Kbyte/sec\n", 128) = 128
9678  14:50:23.906203 fcntl64(3, F_SETLK64, {type=F_UNLCK, whence=SEEK_SET, start=0, len=0}, 0xbf9ddb7c) = 0
9678  14:50:23.906337 write(0, "226 Transfer complete.\r\n", 24) = 24
9678  14:50:23.906524 write(5, "\n", 1) = 1
9678  14:50:23.906578 read(5,  <unfinished ...>
9676  14:50:23.906608 close(6)          = 0
9676  14:50:23.906684 read(4, "\n", 1)  = 1
9676  14:50:23.906733 close(5)          = 0
9676  14:50:23.906779 write(4, "\1", 1) = 1
9678  14:50:23.906826 <... read resumed> "\1", 1) = 1
9678  14:50:23.906856 close(4)          = 0
9678  14:50:23.906903 rt_sigaction(SIGALRM, {0x805cad0, ~[RTMIN RT_1], 0}, NULL, 8) = 0
9678  14:50:23.906961 alarm(300)        = 0
9678  14:50:23.907009 recv(0,  <unfinished ...>
9676  14:50:23.907041 read(4,  <unfinished ...>
9678  14:50:24.441237 <... recv resumed> "TYPE I\r\n", 4096, MSG_PEEK) = 8
9678  14:50:24.441422 read(0, "TYPE I\r\n", 8) = 8
9678  14:50:24.441606 write(0, "200 Switching to Binary mode.\r\n", 31) = 31
9678  14:50:24.441960 rt_sigaction(SIGALRM, {0x805cad0, ~[RTMIN RT_1], 0}, NULL, 8) = 0
9678  14:50:24.442052 alarm(300)        = 299
9678  14:50:24.442105 recv(0, "PASV\r\n", 4096, MSG_PEEK) = 6
9678  14:50:24.442155 read(0, "PASV\r\n", 6) = 6
9678  14:50:24.442208 write(5, "\n", 1 <unfinished ...>
9676  14:50:24.442250 <... read resumed> "\n", 1) = 1
9678  14:50:24.442272 <... write resumed> ) = 1
9676  14:50:24.442301 write(4, "\1", 1) = 1
9676  14:50:24.442348 read(4,  <unfinished ...>
9678  14:50:24.442378 read(5, "\1", 1)  = 1
9678  14:50:24.442427 write(5, "\f", 1) = 1
9676  14:50:24.442469 <... read resumed> "\f", 1) = 1
9676  14:50:24.442503 socket(PF_INET, SOCK_STREAM, IPPROTO_TCP) = 5
9676  14:50:24.442562 setsockopt(5, SOL_SOCKET, SO_REUSEADDR, [1], 4) = 0
9676  14:50:24.442620 bind(5, {sa_family=AF_INET, sin_port=htons(17770), sin_addr=inet_addr("127.0.0.1")}, 16) = 0
9676  14:50:24.442685 listen(5, 1)      = 0
9676  14:50:24.442741 write(4, "jE\0\0", 4) = 4
9676  14:50:24.442844 read(4,  <unfinished ...>
9678  14:50:24.442892 read(5, "jE\0\0", 4) = 4
9678  14:50:24.442963 write(0, "227 Entering Passive Mode (127,0,0,1,69,106).\r\n", 47) = 47
9678  14:50:24.443315 rt_sigaction(SIGALRM, {0x805cad0, ~[RTMIN RT_1], 0}, NULL, 8) = 0
9678  14:50:24.443348 alarm(300)        = 300
9678  14:50:24.443399 recv(0, "STOR myfile5\r\n", 4096, MSG_PEEK) = 14
9678  14:50:24.443455 read(0, "STOR myfile5\r\n", 14) = 14
9678  14:50:24.443575 write(5, "\v", 1) = 1
9676  14:50:24.443623 <... read resumed> "\v", 1) = 1
9676  14:50:24.443654 write(4, "\1\0\0\0", 4) = 4
9676  14:50:24.443701 read(4,  <unfinished ...>
9678  14:50:24.443731 read(5, "\1\0\0\0", 4) = 4
9678  14:50:24.443781 gettimeofday({1495651824, 443797}, NULL) = 0
9678  14:50:24.443828 getcwd("/home/msfadmin", 4096) = 15
9678  14:50:24.443882 open("myfile5", O_WRONLY|O_CREAT|O_NONBLOCK|O_LARGEFILE, 0666) = 4
9678  14:50:24.443940 fstat64(4, {st_mode=S_IFREG|0644, st_size=17, ...}) = 0
9678  14:50:24.444015 fcntl64(4, F_GETFL) = 0x8801 (flags O_WRONLY|O_NONBLOCK|O_LARGEFILE)
9678  14:50:24.444063 fcntl64(4, F_SETFL, O_WRONLY|O_LARGEFILE) = 0
9678  14:50:24.444106 fcntl64(4, F_SETLKW64, {type=F_WRLCK, whence=SEEK_SET, start=0, len=0}, 0xbf9ddbd4) = 0
9678  14:50:24.444165 ftruncate64(4, 0) = 0
9678  14:50:24.444237 _llseek(4, 0, [0], SEEK_SET) = 0
9678  14:50:24.444284 write(5, "\v", 1) = 1
9676  14:50:24.444328 <... read resumed> "\v", 1) = 1
9676  14:50:24.444359 write(4, "\1\0\0\0", 4) = 4
9676  14:50:24.444405 read(4,  <unfinished ...>
9678  14:50:24.444472 read(5, "\1\0\0\0", 4) = 4
9678  14:50:24.444536 write(5, "\v", 1) = 1
9676  14:50:24.444579 <... read resumed> "\v", 1) = 1
9676  14:50:24.444608 write(4, "\1\0\0\0", 4) = 4
9676  14:50:24.444653 read(4,  <unfinished ...>
9678  14:50:24.444681 read(5, "\1\0\0\0", 4) = 4
9678  14:50:24.444754 write(5, "\r", 1) = 1
9676  14:50:24.444797 <... read resumed> "\r", 1) = 1
9676  14:50:24.444830 select(6, [5], NULL, NULL, {60, 0}) = 1 (in [5], left {60, 0})
9676  14:50:24.444898 accept(5, {sa_family=AF_INET, sin_port=htons(51136), sin_addr=inet_addr("127.0.0.1")}, [16]) = 6
9676  14:50:24.444993 write(4, "\1", 1) = 1
9676  14:50:24.445044 sendmsg(4, {msg_name(0)=NULL, msg_iov(1)=[{"\0", 1}], msg_controllen=16, {cmsg_len=16, cmsg_level=SOL_SOCKET, cmsg_type=SCM_RIGHTS, {6}}, msg_flags=0}, 0) = 1
9676  14:50:24.445115 close(6)          = 0
9676  14:50:24.445156 read(4,  <unfinished ...>
9678  14:50:24.445186 read(5, "\1", 1)  = 1
9678  14:50:24.445240 recvmsg(5, {msg_name(0)=NULL, msg_iov(1)=[{"\0", 1}], msg_controllen=16, {cmsg_len=16, cmsg_level=SOL_SOCKET, cmsg_type=SCM_RIGHTS, {6}}, msg_flags=0}, 0) = 1
9678  14:50:24.445315 setsockopt(6, SOL_SOCKET, SO_KEEPALIVE, [1], 4) = 0
9678  14:50:24.445368 setsockopt(6, SOL_IP, IP_TOS, [8], 4) = 0
9678  14:50:24.445465 setsockopt(6, SOL_SOCKET, SO_LINGER, {onoff=1, linger=32767}, 8) = 0
9678  14:50:24.445519 rt_sigaction(SIGALRM, {0x805cad0, ~[RTMIN RT_1], 0}, NULL, 8) = 0
9678  14:50:24.445578 alarm(300)        = 300
9678  14:50:24.445633 write(0, "150 Ok to send data.\r\n", 22) = 22
9678  14:50:24.445903 read(6, "assasaaa\na\na\na\na\n", 65536) = 17
9678  14:50:24.445965 write(4, "assasaaa\na\na\na\na\n", 17) = 17
9678  14:50:24.446034 read(6, "", 65536) = 0
9678  14:50:24.446080 rt_sigaction(SIGALRM, {0x805cad0, ~[RTMIN RT_1], 0}, NULL, 8) = 0
9678  14:50:24.446139 alarm(300)        = 300
9678  14:50:24.446181 close(6)          = 0
9678  14:50:24.446252 alarm(0)          = 300
9678  14:50:24.446294 gettimeofday({1495651824, 446310}, NULL) = 0
9678  14:50:24.446359 gettimeofday({1495651824, 446459}, NULL) = 0
9678  14:50:24.446503 fcntl64(3, F_SETLKW64, {type=F_WRLCK, whence=SEEK_SET, start=0, len=0}, 0xbf9ddb74) = 0
9678  14:50:24.446569 write(3, "Wed May 24 14:50:24 2017 [pid 9678] [msfadmin] OK UPLOAD: Client \"127.0.0.1\", \"/home/msfadmin/myfile5\", 17 bytes, 6.24Kbyte/sec\n", 128) = 128
9678  14:50:24.446656 fcntl64(3, F_SETLK64, {type=F_UNLCK, whence=SEEK_SET, start=0, len=0}, 0xbf9ddb7c) = 0
9678  14:50:24.446719 write(0, "226 Transfer complete.\r\n", 24) = 24
9678  14:50:24.446896 write(5, "\n", 1 <unfinished ...>
9676  14:50:24.446938 <... read resumed> "\n", 1) = 1
9678  14:50:24.446959 <... write resumed> ) = 1
9676  14:50:24.446986 close(5)          = 0
9676  14:50:24.447036 write(4, "\1", 1) = 1
9676  14:50:24.447084 read(4,  <unfinished ...>
9678  14:50:24.447114 read(5, "\1", 1)  = 1
9678  14:50:24.447162 close(4)          = 0
9678  14:50:24.447208 rt_sigaction(SIGALRM, {0x805cad0, ~[RTMIN RT_1], 0}, NULL, 8) = 0
9678  14:50:24.447266 alarm(300)        = 0
9678  14:50:24.447314 recv(0, "TYPE I\r\n", 4096, MSG_PEEK) = 8
9678  14:50:24.960796 read(0, "TYPE I\r\n", 8) = 8
9678  14:50:24.960894 write(0, "200 Switching to Binary mode.\r\n", 31) = 31
9678  14:50:24.961076 rt_sigaction(SIGALRM, {0x805cad0, ~[RTMIN RT_1], 0}, NULL, 8) = 0
9678  14:50:24.961148 alarm(300)        = 299
9678  14:50:24.961200 recv(0, "PASV\r\n", 4096, MSG_PEEK) = 6
9678  14:50:24.961336 read(0, "PASV\r\n", 6) = 6
9678  14:50:24.961397 write(5, "\n", 1 <unfinished ...>
9676  14:50:24.961440 <... read resumed> "\n", 1) = 1
9678  14:50:24.961462 <... write resumed> ) = 1
9676  14:50:24.961492 write(4, "\1", 1) = 1
9676  14:50:24.961538 read(4,  <unfinished ...>
9678  14:50:24.961569 read(5, "\1", 1)  = 1
9678  14:50:24.961618 write(5, "\f", 1 <unfinished ...>
9676  14:50:24.961648 <... read resumed> "\f", 1) = 1
9678  14:50:24.961668 <... write resumed> ) = 1
9676  14:50:24.961698 socket(PF_INET, SOCK_STREAM, IPPROTO_TCP) = 5
9676  14:50:24.961758 setsockopt(5, SOL_SOCKET, SO_REUSEADDR, [1], 4) = 0
9676  14:50:24.961815 bind(5, {sa_family=AF_INET, sin_port=htons(49770), sin_addr=inet_addr("127.0.0.1")}, 16) = 0
9676  14:50:24.961880 listen(5, 1)      = 0
9676  14:50:24.961935 write(4, "j\302\0\0", 4) = 4
9676  14:50:24.961982 read(4,  <unfinished ...>
9678  14:50:24.962012 read(5, "j\302\0\0", 4) = 4
9678  14:50:24.962105 write(0, "227 Entering Passive Mode (127,0,0,1,194,106).\r\n", 48) = 48
9678  14:50:24.962576 rt_sigaction(SIGALRM, {0x805cad0, ~[RTMIN RT_1], 0}, NULL, 8) = 0
9678  14:50:24.962651 alarm(300)        = 300
9678  14:50:24.962700 recv(0, "STOR myfile6\r\n", 4096, MSG_PEEK) = 14
9678  14:50:24.962753 read(0, "STOR myfile6\r\n", 14) = 14
9678  14:50:24.962812 write(5, "\v", 1 <unfinished ...>
9676  14:50:24.962847 <... read resumed> "\v", 1) = 1
9678  14:50:24.962868 <... write resumed> ) = 1
9676  14:50:24.962895 write(4, "\1\0\0\0", 4) = 4
9676  14:50:24.962942 read(4,  <unfinished ...>
9678  14:50:24.962971 read(5, "\1\0\0\0", 4) = 4
9678  14:50:24.963124 gettimeofday({1495651824, 963194}, NULL) = 0
9678  14:50:24.963228 getcwd("/home/msfadmin", 4096) = 15
9678  14:50:24.963282 open("myfile6", O_WRONLY|O_CREAT|O_NONBLOCK|O_LARGEFILE, 0666) = 4
9678  14:50:24.963340 fstat64(4, {st_mode=S_IFREG|0644, st_size=17, ...}) = 0
9678  14:50:24.963414 fcntl64(4, F_GETFL) = 0x8801 (flags O_WRONLY|O_NONBLOCK|O_LARGEFILE)
9678  14:50:24.963462 fcntl64(4, F_SETFL, O_WRONLY|O_LARGEFILE) = 0
9678  14:50:24.963505 fcntl64(4, F_SETLKW64, {type=F_WRLCK, whence=SEEK_SET, start=0, len=0}, 0xbf9ddbd4) = 0
9678  14:50:24.963564 ftruncate64(4, 0) = 0
9678  14:50:24.963634 _llseek(4, 0, [0], SEEK_SET) = 0
9678  14:50:24.963681 write(5, "\v", 1 <unfinished ...>
9676  14:50:24.963716 <... read resumed> "\v", 1) = 1
9678  14:50:24.963738 <... write resumed> ) = 1
9676  14:50:24.963765 write(4, "\1\0\0\0", 4) = 4
9676  14:50:24.963811 read(4,  <unfinished ...>
9678  14:50:24.963841 read(5, "\1\0\0\0", 4) = 4
9678  14:50:24.963889 write(5, "\v", 1 <unfinished ...>
9676  14:50:24.963918 <... read resumed> "\v", 1) = 1
9678  14:50:24.963938 <... write resumed> ) = 1
9676  14:50:24.963963 write(4, "\1\0\0\0", 4) = 4
9676  14:50:24.964008 read(4,  <unfinished ...>
9678  14:50:24.964036 read(5, "\1\0\0\0", 4) = 4
9678  14:50:24.964083 write(5, "\r", 1 <unfinished ...>
9676  14:50:24.964165 <... read resumed> "\r", 1) = 1
9678  14:50:24.964195 <... write resumed> ) = 1
9676  14:50:24.964226 select(6, [5], NULL, NULL, {60, 0}) = 1 (in [5], left {60, 0})
9676  14:50:24.964295 accept(5, {sa_family=AF_INET, sin_port=htons(60981), sin_addr=inet_addr("127.0.0.1")}, [16]) = 6
9676  14:50:24.964390 write(4, "\1", 1) = 1
9676  14:50:24.964441 sendmsg(4, {msg_name(0)=NULL, msg_iov(1)=[{"\0", 1}], msg_controllen=16, {cmsg_len=16, cmsg_level=SOL_SOCKET, cmsg_type=SCM_RIGHTS, {6}}, msg_flags=0}, 0) = 1
9676  14:50:24.964512 close(6)          = 0
9676  14:50:24.964554 read(4,  <unfinished ...>
9678  14:50:24.964585 read(5, "\1", 1)  = 1
9678  14:50:24.964639 recvmsg(5, {msg_name(0)=NULL, msg_iov(1)=[{"\0", 1}], msg_controllen=16, {cmsg_len=16, cmsg_level=SOL_SOCKET, cmsg_type=SCM_RIGHTS, {6}}, msg_flags=0}, 0) = 1
9678  14:50:24.964715 setsockopt(6, SOL_SOCKET, SO_KEEPALIVE, [1], 4) = 0
9678  14:50:24.964768 setsockopt(6, SOL_IP, IP_TOS, [8], 4) = 0
9678  14:50:24.964818 setsockopt(6, SOL_SOCKET, SO_LINGER, {onoff=1, linger=32767}, 8) = 0
9678  14:50:24.964866 rt_sigaction(SIGALRM, {0x805cad0, ~[RTMIN RT_1], 0}, NULL, 8) = 0
9678  14:50:24.964923 alarm(300)        = 300
9678  14:50:24.964977 write(0, "150 Ok to send data.\r\n", 22) = 22
9678  14:50:24.965315 read(6, "assasaaa\na\na\na\na\n", 65536) = 17
9678  14:50:24.965381 write(4, "assasaaa\na\na\na\na\n", 17) = 17
9678  14:50:24.965449 read(6, "", 65536) = 0
9678  14:50:24.965495 rt_sigaction(SIGALRM, {0x805cad0, ~[RTMIN RT_1], 0}, NULL, 8) = 0
9678  14:50:24.965553 alarm(300)        = 300
9678  14:50:24.965596 close(6)          = 0
9678  14:50:24.965666 alarm(0)          = 300
9678  14:50:24.965708 gettimeofday({1495651824, 965724}, NULL) = 0
9678  14:50:24.965771 gettimeofday({1495651824, 965788}, NULL) = 0
9678  14:50:24.965825 fcntl64(3, F_SETLKW64, {type=F_WRLCK, whence=SEEK_SET, start=0, len=0}, 0xbf9ddb74) = 0
9678  14:50:24.965888 write(3, "Wed May 24 14:50:24 2017 [pid 9678] [msfadmin] OK UPLOAD: Client \"127.0.0.1\", \"/home/msfadmin/myfile6\", 17 bytes, 6.40Kbyte/sec\n", 128) = 128
9678  14:50:24.965988 fcntl64(3, F_SETLK64, {type=F_UNLCK, whence=SEEK_SET, start=0, len=0}, 0xbf9ddb7c) = 0
9678  14:50:24.966141 write(0, "226 Transfer complete.\r\n", 24) = 24
9678  14:50:24.966335 write(5, "\n", 1 <unfinished ...>
9676  14:50:24.966377 <... read resumed> "\n", 1) = 1
9678  14:50:24.966399 <... write resumed> ) = 1
9676  14:50:24.966425 close(5)          = 0
9676  14:50:24.966475 write(4, "\1", 1) = 1
9676  14:50:24.966521 read(4,  <unfinished ...>
9678  14:50:24.966551 read(5, "\1", 1)  = 1
9678  14:50:24.966598 close(4)          = 0
9678  14:50:24.966645 rt_sigaction(SIGALRM, {0x805cad0, ~[RTMIN RT_1], 0}, NULL, 8) = 0
9678  14:50:24.966703 alarm(300)        = 0
9678  14:50:24.966750 recv(0, "TYPE I\r\n", 4096, MSG_PEEK) = 8
9678  14:50:25.511583 read(0, "TYPE I\r\n", 8) = 8
9678  14:50:25.511808 write(0, "200 Switching to Binary mode.\r\n", 31) = 31
9678  14:50:25.512183 rt_sigaction(SIGALRM, {0x805cad0, ~[RTMIN RT_1], 0}, NULL, 8) = 0
9678  14:50:25.512289 alarm(300)        = 299
9678  14:50:25.512343 recv(0, "PASV\r\n", 4096, MSG_PEEK) = 6
9678  14:50:25.512394 read(0, "PASV\r\n", 6) = 6
9678  14:50:25.512447 write(5, "\n", 1 <unfinished ...>
9676  14:50:25.512489 <... read resumed> "\n", 1) = 1
9678  14:50:25.512511 <... write resumed> ) = 1
9676  14:50:25.512541 write(4, "\1", 1) = 1
9676  14:50:25.512588 read(4,  <unfinished ...>
9678  14:50:25.512618 read(5, "\1", 1)  = 1
9678  14:50:25.512668 write(5, "\f", 1 <unfinished ...>
9676  14:50:25.512699 <... read resumed> "\f", 1) = 1
9678  14:50:25.512719 <... write resumed> ) = 1
9676  14:50:25.512750 socket(PF_INET, SOCK_STREAM, IPPROTO_TCP) = 5
9676  14:50:25.512809 setsockopt(5, SOL_SOCKET, SO_REUSEADDR, [1], 4) = 0
9676  14:50:25.512868 bind(5, {sa_family=AF_INET, sin_port=htons(23230), sin_addr=inet_addr("127.0.0.1")}, 16) = 0
9676  14:50:25.513044 listen(5, 1)      = 0
9676  14:50:25.513118 write(4, "\276Z\0\0", 4) = 4
9676  14:50:25.513168 read(4,  <unfinished ...>
9678  14:50:25.513199 read(5, "\276Z\0\0", 4) = 4
9678  14:50:25.513269 write(0, "227 Entering Passive Mode (127,0,0,1,90,190).\r\n", 47) = 47
9678  14:50:25.513682 rt_sigaction(SIGALRM, {0x805cad0, ~[RTMIN RT_1], 0}, NULL, 8) = 0
9678  14:50:25.513756 alarm(300)        = 300
9678  14:50:25.513806 recv(0, "STOR myfile7\r\n", 4096, MSG_PEEK) = 14
9678  14:50:25.513859 read(0, "STOR myfile7\r\n", 14) = 14
9678  14:50:25.513918 write(5, "\v", 1 <unfinished ...>
9676  14:50:25.514006 <... read resumed> "\v", 1) = 1
9678  14:50:25.514031 <... write resumed> ) = 1
9676  14:50:25.514059 write(4, "\1\0\0\0", 4) = 4
9676  14:50:25.514107 read(4,  <unfinished ...>
9678  14:50:25.514137 read(5, "\1\0\0\0", 4) = 4
9678  14:50:25.514187 gettimeofday({1495651825, 514203}, NULL) = 0
9678  14:50:25.514234 getcwd("/home/msfadmin", 4096) = 15
9678  14:50:25.514288 open("myfile7", O_WRONLY|O_CREAT|O_NONBLOCK|O_LARGEFILE, 0666) = 4
9678  14:50:25.514345 fstat64(4, {st_mode=S_IFREG|0644, st_size=17, ...}) = 0
9678  14:50:25.514419 fcntl64(4, F_GETFL) = 0x8801 (flags O_WRONLY|O_NONBLOCK|O_LARGEFILE)
9678  14:50:25.514506 fcntl64(4, F_SETFL, O_WRONLY|O_LARGEFILE) = 0
9678  14:50:25.514554 fcntl64(4, F_SETLKW64, {type=F_WRLCK, whence=SEEK_SET, start=0, len=0}, 0xbf9ddbd4) = 0
9678  14:50:25.514614 ftruncate64(4, 0) = 0
9678  14:50:25.514686 _llseek(4, 0, [0], SEEK_SET) = 0
9678  14:50:25.514733 write(5, "\v", 1 <unfinished ...>
9676  14:50:25.514766 <... read resumed> "\v", 1) = 1
9678  14:50:25.514788 <... write resumed> ) = 1
9676  14:50:25.514815 write(4, "\1\0\0\0", 4) = 4
9676  14:50:25.514862 read(4,  <unfinished ...>
9678  14:50:25.514891 read(5, "\1\0\0\0", 4) = 4
9678  14:50:25.514940 write(5, "\v", 1 <unfinished ...>
9676  14:50:25.515119 <... read resumed> "\v", 1) = 1
9678  14:50:25.515141 <... write resumed> ) = 1
9676  14:50:25.515168 write(4, "\1\0\0\0", 4) = 4
9676  14:50:25.515213 read(4,  <unfinished ...>
9678  14:50:25.515242 read(5, "\1\0\0\0", 4) = 4
9678  14:50:25.515290 write(5, "\r", 1 <unfinished ...>
9676  14:50:25.515320 <... read resumed> "\r", 1) = 1
9678  14:50:25.515359 <... write resumed> ) = 1
9676  14:50:25.515390 select(6, [5], NULL, NULL, {60, 0}) = 1 (in [5], left {60, 0})
9676  14:50:25.515459 accept(5, {sa_family=AF_INET, sin_port=htons(56506), sin_addr=inet_addr("127.0.0.1")}, [16]) = 6
9676  14:50:25.515616 write(4, "\1", 1) = 1
9676  14:50:25.515688 sendmsg(4, {msg_name(0)=NULL, msg_iov(1)=[{"\0", 1}], msg_controllen=16, {cmsg_len=16, cmsg_level=SOL_SOCKET, cmsg_type=SCM_RIGHTS, {6}}, msg_flags=0}, 0) = 1
9676  14:50:25.515760 close(6)          = 0
9676  14:50:25.515802 read(4,  <unfinished ...>
9678  14:50:25.515833 read(5, "\1", 1)  = 1
9678  14:50:25.515887 recvmsg(5, {msg_name(0)=NULL, msg_iov(1)=[{"\0", 1}], msg_controllen=16, {cmsg_len=16, cmsg_level=SOL_SOCKET, cmsg_type=SCM_RIGHTS, {6}}, msg_flags=0}, 0) = 1
9678  14:50:25.515965 setsockopt(6, SOL_SOCKET, SO_KEEPALIVE, [1], 4) = 0
9678  14:50:25.516018 setsockopt(6, SOL_IP, IP_TOS, [8], 4) = 0
9678  14:50:25.516107 setsockopt(6, SOL_SOCKET, SO_LINGER, {onoff=1, linger=32767}, 8) = 0
9678  14:50:25.516161 rt_sigaction(SIGALRM, {0x805cad0, ~[RTMIN RT_1], 0}, NULL, 8) = 0
9678  14:50:25.516219 alarm(300)        = 300
9678  14:50:25.516275 write(0, "150 Ok to send data.\r\n", 22) = 22
9678  14:50:25.516584 read(6, "assasaaa\na\na\na\na\n", 65536) = 17
9678  14:50:25.516659 write(4, "assasaaa\na\na\na\na\n", 17) = 17
9678  14:50:25.516728 read(6, "", 65536) = 0
9678  14:50:25.516774 rt_sigaction(SIGALRM, {0x805cad0, ~[RTMIN RT_1], 0}, NULL, 8) = 0
9678  14:50:25.516833 alarm(300)        = 300
9678  14:50:25.516876 close(6)          = 0
9678  14:50:25.516951 alarm(0)          = 300
9678  14:50:25.516994 gettimeofday({1495651825, 517010}, NULL) = 0
9678  14:50:25.517099 gettimeofday({1495651825, 517125}, NULL) = 0
9678  14:50:25.517165 fcntl64(3, F_SETLKW64, {type=F_WRLCK, whence=SEEK_SET, start=0, len=0}, 0xbf9ddb74) = 0
9678  14:50:25.517229 write(3, "Wed May 24 14:50:25 2017 [pid 9678] [msfadmin] OK UPLOAD: Client \"127.0.0.1\", \"/home/msfadmin/myfile7\", 17 bytes, 5.68Kbyte/sec\n", 128) = 128
9678  14:50:25.517315 fcntl64(3, F_SETLK64, {type=F_UNLCK, whence=SEEK_SET, start=0, len=0}, 0xbf9ddb7c) = 0
9678  14:50:25.517377 write(0, "226 Transfer complete.\r\n", 24) = 24
9678  14:50:25.517602 write(5, "\n", 1 <unfinished ...>
9676  14:50:25.517650 <... read resumed> "\n", 1) = 1
9678  14:50:25.517671 <... write resumed> ) = 1
9676  14:50:25.517698 close(5)          = 0
9676  14:50:25.517749 write(4, "\1", 1) = 1
9676  14:50:25.517796 read(4,  <unfinished ...>
9678  14:50:25.517826 read(5, "\1", 1)  = 1
9678  14:50:25.517873 close(4)          = 0
9678  14:50:25.517920 rt_sigaction(SIGALRM, {0x805cad0, ~[RTMIN RT_1], 0}, NULL, 8) = 0
9678  14:50:25.517976 alarm(300)        = 0
9678  14:50:25.518055 recv(0, "TYPE I\r\n", 4096, MSG_PEEK) = 8
9678  14:50:26.050646 read(0, "TYPE I\r\n", 8) = 8
9678  14:50:26.050743 write(0, "200 Switching to Binary mode.\r\n", 31) = 31
9678  14:50:26.050926 rt_sigaction(SIGALRM, {0x805cad0, ~[RTMIN RT_1], 0}, NULL, 8) = 0
9678  14:50:26.050999 alarm(300)        = 299
9678  14:50:26.051127 recv(0, "PASV\r\n", 4096, MSG_PEEK) = 6
9678  14:50:26.051185 read(0, "PASV\r\n", 6) = 6
9678  14:50:26.051238 write(5, "\n", 1 <unfinished ...>
9676  14:50:26.051280 <... read resumed> "\n", 1) = 1
9678  14:50:26.051302 <... write resumed> ) = 1
9676  14:50:26.051331 write(4, "\1", 1) = 1
9676  14:50:26.051378 read(4,  <unfinished ...>
9678  14:50:26.051408 read(5, "\1", 1)  = 1
9678  14:50:26.051457 write(5, "\f", 1 <unfinished ...>
9676  14:50:26.051487 <... read resumed> "\f", 1) = 1
9678  14:50:26.051508 <... write resumed> ) = 1
9676  14:50:26.051537 socket(PF_INET, SOCK_STREAM, IPPROTO_TCP) = 5
9676  14:50:26.051598 setsockopt(5, SOL_SOCKET, SO_REUSEADDR, [1], 4) = 0
9676  14:50:26.051655 bind(5, {sa_family=AF_INET, sin_port=htons(48426), sin_addr=inet_addr("127.0.0.1")}, 16) = 0
9676  14:50:26.051718 listen(5, 1)      = 0
9676  14:50:26.051774 write(4, "*\275\0\0", 4) = 4
9676  14:50:26.051821 read(4,  <unfinished ...>
9678  14:50:26.051851 read(5, "*\275\0\0", 4) = 4
9678  14:50:26.051943 write(0, "227 Entering Passive Mode (127,0,0,1,189,42).\r\n", 47) = 47
9678  14:50:26.052423 rt_sigaction(SIGALRM, {0x805cad0, ~[RTMIN RT_1], 0}, NULL, 8) = 0
9678  14:50:26.052498 alarm(300)        = 300
9678  14:50:26.052547 recv(0, "STOR myfile8\r\n", 4096, MSG_PEEK) = 14
9678  14:50:26.052600 read(0, "STOR myfile8\r\n", 14) = 14
9678  14:50:26.052658 write(5, "\v", 1 <unfinished ...>
9676  14:50:26.052694 <... read resumed> "\v", 1) = 1
9678  14:50:26.052714 <... write resumed> ) = 1
9676  14:50:26.052741 write(4, "\1\0\0\0", 4) = 4
9676  14:50:26.052788 read(4,  <unfinished ...>
9678  14:50:26.052817 read(5, "\1\0\0\0", 4) = 4
9678  14:50:26.052858 gettimeofday({1495651826, 52965}, NULL) = 0
9678  14:50:26.053001 getcwd("/home/msfadmin", 4096) = 15
9678  14:50:26.053055 open("myfile8", O_WRONLY|O_CREAT|O_NONBLOCK|O_LARGEFILE, 0666) = 4
9678  14:50:26.053113 fstat64(4, {st_mode=S_IFREG|0644, st_size=17, ...}) = 0
9678  14:50:26.053188 fcntl64(4, F_GETFL) = 0x8801 (flags O_WRONLY|O_NONBLOCK|O_LARGEFILE)
9678  14:50:26.053236 fcntl64(4, F_SETFL, O_WRONLY|O_LARGEFILE) = 0
9678  14:50:26.053279 fcntl64(4, F_SETLKW64, {type=F_WRLCK, whence=SEEK_SET, start=0, len=0}, 0xbf9ddbd4) = 0
9678  14:50:26.053337 ftruncate64(4, 0) = 0
9678  14:50:26.053407 _llseek(4, 0, [0], SEEK_SET) = 0
9678  14:50:26.053454 write(5, "\v", 1 <unfinished ...>
9676  14:50:26.053489 <... read resumed> "\v", 1) = 1
9678  14:50:26.053510 <... write resumed> ) = 1
9676  14:50:26.053537 write(4, "\1\0\0\0", 4) = 4
9676  14:50:26.053583 read(4,  <unfinished ...>
9678  14:50:26.053612 read(5, "\1\0\0\0", 4) = 4
9678  14:50:26.053660 write(5, "\v", 1 <unfinished ...>
9676  14:50:26.053690 <... read resumed> "\v", 1) = 1
9678  14:50:26.053709 <... write resumed> ) = 1
9676  14:50:26.053734 write(4, "\1\0\0\0", 4) = 4
9676  14:50:26.053779 read(4,  <unfinished ...>
9678  14:50:26.053848 read(5, "\1\0\0\0", 4) = 4
9678  14:50:26.053913 write(5, "\r", 1 <unfinished ...>
9676  14:50:26.053945 <... read resumed> "\r", 1) = 1
9678  14:50:26.053964 <... write resumed> ) = 1
9676  14:50:26.053994 select(6, [5], NULL, NULL, {60, 0}) = 1 (in [5], left {60, 0})
9676  14:50:26.054062 accept(5, {sa_family=AF_INET, sin_port=htons(40029), sin_addr=inet_addr("127.0.0.1")}, [16]) = 6
9676  14:50:26.054156 write(4, "\1", 1) = 1
9676  14:50:26.054207 sendmsg(4, {msg_name(0)=NULL, msg_iov(1)=[{"\0", 1}], msg_controllen=16, {cmsg_len=16, cmsg_level=SOL_SOCKET, cmsg_type=SCM_RIGHTS, {6}}, msg_flags=0}, 0) = 1
9676  14:50:26.054280 close(6)          = 0
9676  14:50:26.054322 read(4,  <unfinished ...>
9678  14:50:26.054351 read(5, "\1", 1)  = 1
9678  14:50:26.054406 recvmsg(5, {msg_name(0)=NULL, msg_iov(1)=[{"\0", 1}], msg_controllen=16, {cmsg_len=16, cmsg_level=SOL_SOCKET, cmsg_type=SCM_RIGHTS, {6}}, msg_flags=0}, 0) = 1
9678  14:50:26.054481 setsockopt(6, SOL_SOCKET, SO_KEEPALIVE, [1], 4) = 0
9678  14:50:26.054534 setsockopt(6, SOL_IP, IP_TOS, [8], 4) = 0
9678  14:50:26.054585 setsockopt(6, SOL_SOCKET, SO_LINGER, {onoff=1, linger=32767}, 8) = 0
9678  14:50:26.054632 rt_sigaction(SIGALRM, {0x805cad0, ~[RTMIN RT_1], 0}, NULL, 8) = 0
