15895 15:55:39.075690 mmap2(NULL, 4096, PROT_READ|PROT_WRITE, MAP_PRIVATE|MAP_ANONYMOUS, -1, 0) = 0xb7f96000
15895 15:55:39.075730 read(6, "#\n# /etc/pam.d/common-auth - authentication settings common to all services\n#\n# This file is included from other service-specific PAM config files,\n# and should contain a list of the authentication modules that define\n# the central authentication scheme for use on the system\n# (e.g., /etc/shadow, LDAP, Kerberos, etc.).  The default is to use the\n# traditional Unix authentication mechanisms.\n#\nauth\trequisite\tpam_unix.so nullok_secure\n# auth\toptional\tpam_smbpass.so migrate\n", 4096) = 476
15895 15:55:39.075879 open("/lib/security/pam_unix.so", O_RDONLY) = 7
15895 15:55:39.075922 read(7, "\177ELF\1\1\1\0\0\0\0\0\0\0\0\0\3\0\3\0\1\0\0\0\20\37\0\0004\0\0\0\374\264\0\0\0\0\0\0004\0 \0\4\0(\0\32\0\31\0\1\0\0\0\0\0\0\0\0\0\0\0\0\0\0\0x\257\0\0x\257\0\0\5\0\0\0\0\20\0\0\1\0\0\0\0\260\0\0\0\260\0\0\0\260\0\0$\4\0\0\304\304\0\0\6\0\0\0\0\20\0\0\2\0\0\0d\261\0\0d\261\0\0d\261\0\0\360\0\0\0\360\0\0\0\6\0\0\0\4\0\0\0Q\345td\0\0\0\0\0\0\0\0\0\0\0\0\0\0\0\0\0\0\0\0\6\0\0\0\4\0\0\0\333\0\0\0p\0\0\0\0\0\0\0\0\0\0\0\0\0\0\0\0\0\0\0Z\0\0\0\0\0\0\0[\0\0\0\0\0\0\0\0\0\0\0\0\0\0\0>\0\0\0Y\0\0\0\0\0\0\0\0\0\0\0\n\0\0\0\0\0\0\0\0\0\0\0\0\0\0\0\0\0\0\0\0\0\0\0\0\0\0\0\0\0\0\0\f\0\0\0]\0\0\0\30\0\0\0\0\0\0\0\5\0\0\0\36\0\0\0,\0\0\0k\0\0\0\33\0\0\0_\0\0\0\0\0\0\0\0\0\0\0U\0\0\0\0\0\0\0d\0\0\0\0\0\0\0\27\0\0\0f\0\0\0^\0\0\0\0\0\0\0\0\0\0\0B\0\0\0\0\0\0\0\0\0\0\0\0\0\0\0a\0\0\0\10\0\0\0\0\0\0\0\0\0\0\0\0\0\0\0\0\0\0\0\17\0\0\0\0\0\0\0\0\0\0\0\0\0\0\0`\0\0\0\t\0\0\0\35\0\0\0$\0\0\0\0\0\0\0004\0\0\0002\0\0\0\21\0\0\0W\0\0\0\r\0\0\0\0\0\0\0001\0\0\0n\0\0\0\0\0\0\0006\0\0\0\0\0\0\0\0\0\0\0\0\0\0\0\32\0\0\0\37\0\0\0\0\0\0\0\0\0\0\0.\0\0\0!\0\0\0", 512) = 512
15895 15:55:39.076149 fstat64(7, {st_mode=S_IFREG|0644, st_size=47372, ...}) = 0
15895 15:55:39.076202 mmap2(NULL, 95428, PROT_READ|PROT_EXEC, MAP_PRIVATE|MAP_DENYWRITE, 7, 0) = 0xb7dcc000
15895 15:55:39.076244 mmap2(0xb7dd7000, 4096, PROT_READ|PROT_WRITE, MAP_PRIVATE|MAP_FIXED|MAP_DENYWRITE, 7, 0xb) = 0xb7dd7000
15895 15:55:39.076292 mmap2(0xb7dd8000, 46276, PROT_READ|PROT_WRITE, MAP_PRIVATE|MAP_FIXED|MAP_ANONYMOUS, -1, 0) = 0xb7dd8000
15895 15:55:39.076331 close(7)          = 0
15895 15:55:39.076375 open("/etc/ld.so.cache", O_RDONLY) = 7
15895 15:55:39.076418 fstat64(7, {st_mode=S_IFREG|0644, st_size=29913, ...}) = 0
15895 15:55:39.076467 mmap2(NULL, 29913, PROT_READ, MAP_PRIVATE, 7, 0) = 0xb7dc4000
15895 15:55:39.076504 close(7)          = 0
15895 15:55:39.076543 access("/etc/ld.so.nohwcap", F_OK) = -1 ENOENT (No such file or directory)
15895 15:55:39.076594 open("/lib/tls/i686/cmov/libcrypt.so.1", O_RDONLY) = 7
15895 15:55:39.076642 read(7, "\177ELF\1\1\1\0\0\0\0\0\0\0\0\0\3\0\3\0\1\0\0\0000\7\0\0004\0\0\0<\221\0\0\0\0\0\0004\0 \0\10\0(\0\34\0\33\0\6\0\0\0004\0\0\0004\0\0\0004\0\0\0\0\1\0\0\0\1\0\0\5\0\0\0\4\0\0\0\3\0\0\0\340\210\0\0\340\210\0\0\340\210\0\0\23\0\0\0\23\0\0\0\4\0\0\0\1\0\0\0\1\0\0\0\0\0\0\0\0\0\0\0\0\0\0\0\f\212\0\0\f\212\0\0\5\0\0\0\0\20\0\0\1\0\0\0\350\216\0\0\350\236\0\0\350\236\0\0`\1\0\0tr\2\0\6\0\0\0\0\20\0\0\2\0\0\0\374\216\0\0\374\236\0\0\374\236\0\0\340\0\0\0\340\0\0\0\6\0\0\0\4\0\0\0\4\0\0\0004\1\0\0004\1\0\0004\1\0\0 \0\0\0 \0\0\0\4\0\0\0\4\0\0\0Q\345td\0\0\0\0\0\0\0\0\0\0\0\0\0\0\0\0\0\0\0\0\6\0\0\0\4\0\0\0R\345td\350\216\0\0\350\236\0\0\350\236\0\0\f\1\0\0\f\1\0\0\4\0\0\0\1\0\0\0\4\0\0\0\20\0\0\0\1\0\0\0GNU\0\0\0\0\0\2\0\0\0\6\0\0\0\10\0\0\0\17\0\0\0\22\0\0\0\2\0\0\0\6\0\0\0\4\311\240, \4\0\0\0\0\0\0\0\0\0\0\0\0\0\0\22\0\0\0\23\0\0\0\24\0\0\0\0\0\0\0\25\0\0\0\26\0\0\0\0\0\0\0\27\0\0\0\0\0\0\0\30\0\0\0\31\0\0\0\0\0\0\0k\31Qj\233(\375B\233`\205\33\327\16?\17I->\333\235C\r\375\313\373_\22\325=l\366\0\0\0\0\0\0\0\0\0\0\0\0\0\0\0\0o\0\0\0\0\0\0\0\35\0\0\0\22\0\0\0\1\0\0\0\0\0\0\0\0\0\0\0 \0\0\0\37\0\0\0\0\0\0\0", 512) = 512
15895 15:55:39.076891 fstat64(7, {st_mode=S_IFREG|0644, st_size=38300, ...}) = 0
15895 15:55:39.076951 mmap2(NULL, 201052, PROT_READ|PROT_EXEC, MAP_PRIVATE|MAP_DENYWRITE, 7, 0) = 0xb7d92000
15895 15:55:39.076990 mmap2(0xb7d9b000, 8192, PROT_READ|PROT_WRITE, MAP_PRIVATE|MAP_FIXED|MAP_DENYWRITE, 7, 0x8) = 0xb7d9b000
15895 15:55:39.077039 mmap2(0xb7d9d000, 155996, PROT_READ|PROT_WRITE, MAP_PRIVATE|MAP_FIXED|MAP_ANONYMOUS, -1, 0) = 0xb7d9d000
15895 15:55:39.077087 close(7)          = 0
15895 15:55:39.077131 access("/etc/ld.so.nohwcap", F_OK) = -1 ENOENT (No such file or directory)
15895 15:55:39.077177 open("/lib/libselinux.so.1", O_RDONLY) = 7
15895 15:55:39.077220 read(7, "\177ELF\1\1\1\0\0\0\0\0\0\0\0\0\3\0\3\0\1\0\0\0\300@\0\0004\0\0\0\224r\1\0\0\0\0\0004\0 \0\6\0(\0\33\0\32\0\1\0\0\0\0\0\0\0\0\0\0\0\0\0\0\0\230f\1\0\230f\1\0\5\0\0\0\0\20\0\0\1\0\0\0\240n\1\0\240~\1\0\240~\1\0\20\3\0\0\234\f\0\0\6\0\0\0\0\20\0\0\2\0\0\0\320n\1\0\320~\1\0\320~\1\0\340\0\0\0\340\0\0\0\6\0\0\0\4\0\0\0\7\0\0\0\240n\1\0\240~\1\0\240~\1\0\0\0\0\0\\\0\0\0\4\0\0\0 \0\0\0Q\345td\0\0\0\0\0\0\0\0\0\0\0\0\0\0\0\0\0\0\0\0\6\0\0\0\4\0\0\0R\345td\240n\1\0\240~\1\0\240~\1\0T\1\0\0T\1\0\0\4\0\0\0\1\0\0\0\7\1\0\0#\1\0\0\0\0\0\0\24\0\0\0\v\1\0\0\306\0\0\0\0\0\0\0\36\1\0\0\330\0\0\0 \1\0\0001\0\0\0\345\0\0\0\34\0\0\0\206\0\0\0\212\0\0\0\234\0\0\0\0\0\0\0*\0\0\0\0\0\0\0\0\0\0\0\370\0\0\0004\0\0\0\0\0\0\0\0\0\0\0\0\0\0\0\0\0\0\0\0\0\0\0\224\0\0\0\0\0\0\0\0\0\0\0\0\0\0\0\244\0\0\0\347\0\0\0\373\0\0\0\0\0\0\0\304\0\0\0\257\0\0\0\0\0\0\0!\1\0\0\0\0\0\0\307\0\0\0\235\0\0\0\25\1\0\0`\0\0\0\0\0\0\0\256\0\0\0\374\0\0\0O\0\0\0i\0\0\0^\0\0\0\337\0\0\0-\0\0\0m\0\0\0\0\0\0\0\0\0\0\0\0\0\0\0\0\0\0\0\260\0\0\0\314\0\0\0\6\0\0\0\276\0\0\0{\0\0\0\226\0\0\0\0\0\0\0E\0\0\0\33\0\0\0\371\0\0\0", 512) = 512
15895 15:55:39.077220 fstat64(7, {st_mode=S_IFREG|0644, st_size=95948, ...}) = 0
15895 15:55:39.077220 mmap2(NULL, 101180, PROT_READ|PROT_EXEC, MAP_PRIVATE|MAP_DENYWRITE, 7, 0) = 0xb7d79000
15895 15:55:39.077220 mmap2(0xb7d90000, 8192, PROT_READ|PROT_WRITE, MAP_PRIVATE|MAP_FIXED|MAP_DENYWRITE, 7, 0x16) = 0xb7d90000
15895 15:55:39.077220 close(7)          = 0
15895 15:55:39.077220 open("/etc/selinux/config", O_RDONLY|O_LARGEFILE) = -1 ENOENT (No such file or directory)
15895 15:55:39.077220 statfs64("/selinux", 84, 0xbfbb5e4c) = -1 ENOENT (No such file or directory)
15895 15:55:39.077220 open("/proc/mounts", O_RDONLY|O_LARGEFILE) = 7
15895 15:55:39.077220 fstat64(7, {st_mode=S_IFREG|0444, st_size=0, ...}) = 0
15895 15:55:39.077220 mmap2(NULL, 4096, PROT_READ|PROT_WRITE, MAP_PRIVATE|MAP_ANONYMOUS, -1, 0) = 0xb7f95000
15895 15:55:39.077220 read(7, "rootfs / rootfs rw 0 0\nnone /sys sysfs rw,nosuid,nodev,noexec 0 0\nnone /proc proc rw,nosuid,nodev,noexec 0 0\nudev /dev tmpfs rw,relatime 0 0\nfusectl /sys/fs/fuse/connections fusectl rw,relatime 0 0\n/dev/mapper/metasploitable-root / ext3 rw,relatime,errors=remount-ro,data=ordered 0 0\n/dev/mapper/metasploitable-root /dev/.static/dev ext3 rw,relatime,errors=remount-ro,data=ordered 0 0\ntmpfs /var/run tmpfs rw,nosuid,nodev,noexec 0 0\ntmpfs /var/lock tmpfs rw,nosuid,nodev,noexec 0 0\ntmpfs /dev/shm tmpfs rw,relatime 0 0\ndevpts /dev/pts devpts rw,relatime 0 0\ntmpfs /var/run tmpfs rw,nosuid,nodev,noexec 0 0\ntmpfs /var/lock tmpfs rw,nosuid,nodev,noexec 0 0\n/dev/sda1 /boot ext3 rw,relatime,data=ordered 0 0\nsecurityfs /sys/kernel/security securityfs rw,relatime 0 0\nrpc_pipefs /var/lib/nfs/rpc_pipefs rpc_pipefs rw,relatime 0 0\nnfsd /proc/fs/nfsd nfsd rw,relatime 0 0\n", 1024) = 866
15895 15:55:39.077220 read(7, "", 1024) = 0
15895 15:55:39.077220 close(7)          = 0
15895 15:55:39.077220 munmap(0xb7f95000, 4096) = 0
15895 15:55:39.077220 munmap(0xb7dc4000, 29913) = 0
15895 15:55:39.077220 read(6, "", 4096) = 0
15895 15:55:39.077220 close(6)          = 0
15895 15:55:39.077220 munmap(0xb7f96000, 4096) = 0
15895 15:55:39.077220 stat64("/etc/pam.d", {st_mode=S_IFDIR|0755, st_size=4096, ...}) = 0
15895 15:55:39.077220 open("/etc/pam.d/common-account", O_RDONLY|O_LARGEFILE) = 6
15895 15:55:39.077220 fstat64(6, {st_mode=S_IFREG|0644, st_size=392, ...}) = 0
15895 15:55:39.077220 mmap2(NULL, 4096, PROT_READ|PROT_WRITE, MAP_PRIVATE|MAP_ANONYMOUS, -1, 0) = 0xb7f96000
15895 15:55:39.077220 read(6, "#\n# /etc/pam.d/common-account - authorization settings common to all services\n#\n# This file is included from other service-specific PAM config files,\n# and should contain a list of the authorization modules that define\n# the central access policy for use on the system.  The default is to\n# only deny service to users whose accounts are expired in /etc/shadow.\n#\naccount\trequired\tpam_unix.so\n", 4096) = 392
15895 15:55:39.077220 read(6, "", 4096) = 0
15895 15:55:39.077220 close(6)          = 0
15895 15:55:39.077220 munmap(0xb7f96000, 4096) = 0
15895 15:55:39.077220 stat64("/etc/pam.d", {st_mode=S_IFDIR|0755, st_size=4096, ...}) = 0
15895 15:55:39.077220 open("/etc/pam.d/common-session", O_RDONLY|O_LARGEFILE) = 6
15895 15:55:39.077220 fstat64(6, {st_mode=S_IFREG|0644, st_size=372, ...}) = 0
15895 15:55:39.077220 mmap2(NULL, 4096, PROT_READ|PROT_WRITE, MAP_PRIVATE|MAP_ANONYMOUS, -1, 0) = 0xb7f96000
15895 15:55:39.077220 read(6, "#\n# /etc/pam.d/common-session - session-related modules common to all services\n#\n# This file is included from other service-specific PAM config files,\n# and should contain a list of modules that define tasks to be performed\n# at the start and end of sessions of *any* kind (both interactive and\n# non-interactive).  The default is pam_unix.\n#\nsession\trequired\tpam_unix.so\n", 4096) = 372
15895 15:55:39.079303 read(6, "", 4096) = 0
15895 15:55:39.079348 close(6)          = 0
15895 15:55:39.079384 munmap(0xb7f96000, 4096) = 0
15895 15:55:39.079422 read(5, "", 4096) = 0
15895 15:55:39.079457 close(5)          = 0
15895 15:55:39.079519 munmap(0xb7f9c000, 4096) = 0
15895 15:55:39.079561 open("/etc/pam.d/other", O_RDONLY|O_LARGEFILE) = 5
15895 15:55:39.079605 fstat64(5, {st_mode=S_IFREG|0644, st_size=520, ...}) = 0
15895 15:55:39.079654 mmap2(NULL, 4096, PROT_READ|PROT_WRITE, MAP_PRIVATE|MAP_ANONYMOUS, -1, 0) = 0xb7f9c000
15895 15:55:39.079692 read(5, "#\n# /etc/pam.d/other - specify the PAM fallback behaviour\n#\n# Note that this file is used for any unspecified service; for example\n#if /etc/pam.d/cron  specifies no session modules but cron calls\n#pam_open_session, the session module out of /etc/pam.d/other is\n#used.  If you really want nothing to happen then use pam_permit.so or\n#pam_deny.so as appropriate.\n\n# We fall back to the system default in /etc/pam.d/common-*\n# \n\n@include common-auth\n@include common-account\n@include common-password\n@include common-session\n", 4096) = 520
15895 15:55:39.079804 stat64("/etc/pam.d", {st_mode=S_IFDIR|0755, st_size=4096, ...}) = 0
15895 15:55:39.079859 open("/etc/pam.d/common-auth", O_RDONLY|O_LARGEFILE) = 6
15895 15:55:39.079901 fstat64(6, {st_mode=S_IFREG|0644, st_size=476, ...}) = 0
15895 15:55:39.079949 mmap2(NULL, 4096, PROT_READ|PROT_WRITE, MAP_PRIVATE|MAP_ANONYMOUS, -1, 0) = 0xb7f96000
15895 15:55:39.079987 read(6, "#\n# /etc/pam.d/common-auth - authentication settings common to all services\n#\n# This file is included from other service-specific PAM config files,\n# and should contain a list of the authentication modules that define\n# the central authentication scheme for use on the system\n# (e.g., /etc/shadow, LDAP, Kerberos, etc.).  The default is to use the\n# traditional Unix authentication mechanisms.\n#\nauth\trequisite\tpam_unix.so nullok_secure\n# auth\toptional\tpam_smbpass.so migrate\n", 4096) = 476
15895 15:55:39.080109 read(6, "", 4096) = 0
15895 15:55:39.080146 close(6)          = 0
15895 15:55:39.080180 munmap(0xb7f96000, 4096) = 0
15895 15:55:39.080218 stat64("/etc/pam.d", {st_mode=S_IFDIR|0755, st_size=4096, ...}) = 0
15895 15:55:39.080272 open("/etc/pam.d/common-account", O_RDONLY|O_LARGEFILE) = 6
15895 15:55:39.080314 fstat64(6, {st_mode=S_IFREG|0644, st_size=392, ...}) = 0
15895 15:55:39.080363 mmap2(NULL, 4096, PROT_READ|PROT_WRITE, MAP_PRIVATE|MAP_ANONYMOUS, -1, 0) = 0xb7f96000
15895 15:55:39.080399 read(6, "#\n# /etc/pam.d/common-account - authorization settings common to all services\n#\n# This file is included from other service-specific PAM config files,\n# and should contain a list of the authorization modules that define\n# the central access policy for use on the system.  The default is to\n# only deny service to users whose accounts are expired in /etc/shadow.\n#\naccount\trequired\tpam_unix.so\n", 4096) = 392
15895 15:55:39.080643 read(6, "", 4096) = 0
15895 15:55:39.080682 close(6)          = 0
15895 15:55:39.080716 munmap(0xb7f96000, 4096) = 0
15895 15:55:39.080754 stat64("/etc/pam.d", {st_mode=S_IFDIR|0755, st_size=4096, ...}) = 0
15895 15:55:39.080808 open("/etc/pam.d/common-password", O_RDONLY|O_LARGEFILE) = 6
15895 15:55:39.080893 fstat64(6, {st_mode=S_IFREG|0644, st_size=1563, ...}) = 0
15895 15:55:39.080943 mmap2(NULL, 4096, PROT_READ|PROT_WRITE, MAP_PRIVATE|MAP_ANONYMOUS, -1, 0) = 0xb7f96000
15895 15:55:39.080981 read(6, "#\n# /etc/pam.d/common-password - password-related modules common to all services\n#\n# This file is included from other service-specific PAM config files,\n# and should contain a list of modules that define the services to be\n# used to change user passwords.  The default is pam_unix.\n\n# Explanation of pam_unix options:\n#\n# The \"nullok\" option allows users to change an empty password, else\n# empty passwords are treated as locked accounts.\n#\n# The \"md5\" option enables MD5 passwords.  Without this option, the\n# default is Unix crypt.\n#\n# The \"obscure\" option replaces the old `OBSCURE_CHECKS_ENAB\' option in\n# login.defs.\n#\n# You can also use the \"min\" option to enforce the length of the new\n# password.\n#\n# See the pam_unix manpage for other options.\n\npassword   requisite   pam_unix.so nullok obscure md5\n\n# Alternate strength checking for password. Note that this\n# requires the libpam-cracklib package to be installed.\n# You will need to comment out the password line above and\n# uncomment the next two in order to use this.\n# (Replaces the `OBSCURE_CHECKS_ENAB\', `CRACKLIB_DICTPATH\')\n#\n# password required\t  pam_cracklib.so retry=3 minlen=6 difok=3\n# password required\t  pam_unix.so use_authtok nullok md5\n\n# minimally-intrusive inclusion of smbpass in the stack for\n# synchronization.  If the module is absent or the passwords don\'t\n# match, this module will be ignored without prompting; and if the \n# passwords do match, the NTLM hash for the user will be updated\n# automatically.\n# password   optional   pam_smbpass.so nullok use_authtok use_first_pass\n", 4096) = 1563
15895 15:55:39.081245 read(6, "", 4096) = 0
15895 15:55:39.081281 close(6)          = 0
15895 15:55:39.081316 munmap(0xb7f96000, 4096) = 0
15895 15:55:39.081354 stat64("/etc/pam.d", {st_mode=S_IFDIR|0755, st_size=4096, ...}) = 0
15895 15:55:39.081409 open("/etc/pam.d/common-session", O_RDONLY|O_LARGEFILE) = 6
15895 15:55:39.081450 fstat64(6, {st_mode=S_IFREG|0644, st_size=372, ...}) = 0
15895 15:55:39.081498 mmap2(NULL, 4096, PROT_READ|PROT_WRITE, MAP_PRIVATE|MAP_ANONYMOUS, -1, 0) = 0xb7f96000
15895 15:55:39.081560 read(6, "#\n# /etc/pam.d/common-session - session-related modules common to all services\n#\n# This file is included from other service-specific PAM config files,\n# and should contain a list of modules that define tasks to be performed\n# at the start and end of sessions of *any* kind (both interactive and\n# non-interactive).  The default is pam_unix.\n#\nsession\trequired\tpam_unix.so\n", 4096) = 372
15895 15:55:39.081702 read(6, "", 4096) = 0
15895 15:55:39.081750 close(6)          = 0
15895 15:55:39.081785 munmap(0xb7f96000, 4096) = 0
15895 15:55:39.081827 read(5, "", 4096) = 0
15895 15:55:39.081876 close(5)          = 0
15895 15:55:39.081919 munmap(0xb7f9c000, 4096) = 0
15895 15:55:39.081976 time(NULL)        = 1495655739
15895 15:55:39.082018 lstat64("/etc/ftpusers", {st_mode=S_IFREG|0644, st_size=132, ...}) = 0
15895 15:55:39.082074 open("/etc/ftpusers", O_RDONLY|O_LARGEFILE) = 5
15895 15:55:39.082116 fstat64(5, {st_mode=S_IFREG|0644, st_size=132, ...}) = 0
15895 15:55:39.082165 mmap2(NULL, 4096, PROT_READ|PROT_WRITE, MAP_PRIVATE|MAP_ANONYMOUS, -1, 0) = 0xb7f9c000
15895 15:55:39.082204 read(5, "# /etc/ftpusers: list of users disallowed FTP access. See ftpusers(5).\n\nroot\ndaemon\nbin\nsys\nsync\ngames\nman\nlp\nmail\nnews\nuucp\nnobody\n", 4096) = 132
15895 15:55:39.082266 read(5, "", 4096) = 0
15895 15:55:39.082300 close(5)          = 0
15895 15:55:39.082335 munmap(0xb7f9c000, 4096) = 0
15895 15:55:39.082384 getuid32()        = 0
15895 15:55:39.082437 open("/etc/passwd", O_RDONLY|0x80000 /* O_??? */) = 5
15895 15:55:39.082486 _llseek(5, 0, [0], SEEK_CUR) = 0
15895 15:55:39.082588 fstat64(5, {st_mode=S_IFREG|0644, st_size=1624, ...}) = 0
15895 15:55:39.082658 mmap2(NULL, 1624, PROT_READ, MAP_SHARED, 5, 0) = 0xb7f9c000
15895 15:55:39.082700 _llseek(5, 1624, [1624], SEEK_SET) = 0
15895 15:55:39.082760 munmap(0xb7f9c000, 1624) = 0
15895 15:55:39.082799 close(5)          = 0
15895 15:55:39.082874 open("/etc/shadow", O_RDONLY|0x80000 /* O_??? */) = 5
15895 15:55:39.082929 _llseek(5, 0, [0], SEEK_CUR) = 0
15895 15:55:39.082966 fstat64(5, {st_mode=S_IFREG|0640, st_size=1233, ...}) = 0
15895 15:55:39.083015 mmap2(NULL, 1233, PROT_READ, MAP_SHARED, 5, 0) = 0xb7f9c000
15895 15:55:39.083054 _llseek(5, 1233, [1233], SEEK_SET) = 0
15895 15:55:39.083111 munmap(0xb7f9c000, 1233) = 0
15895 15:55:39.083147 close(5)          = 0
15895 15:55:39.083202 open("/etc/passwd", O_RDONLY|0x80000 /* O_??? */) = 5
15895 15:55:39.083246 _llseek(5, 0, [0], SEEK_CUR) = 0
15895 15:55:39.083283 fstat64(5, {st_mode=S_IFREG|0644, st_size=1624, ...}) = 0
15895 15:55:39.083331 mmap2(NULL, 1624, PROT_READ, MAP_SHARED, 5, 0) = 0xb7f9c000
15895 15:55:39.083369 _llseek(5, 1624, [1624], SEEK_SET) = 0
15895 15:55:39.083418 munmap(0xb7f9c000, 1624) = 0
15895 15:55:39.083454 close(5)          = 0
15895 15:55:39.083594 open("/etc/shadow", O_RDONLY|0x80000 /* O_??? */) = 5
15895 15:55:39.083640 _llseek(5, 0, [0], SEEK_CUR) = 0
15895 15:55:39.083677 fstat64(5, {st_mode=S_IFREG|0640, st_size=1233, ...}) = 0
15895 15:55:39.083726 mmap2(NULL, 1233, PROT_READ, MAP_SHARED, 5, 0) = 0xb7f9c000
15895 15:55:39.083764 _llseek(5, 1233, [1233], SEEK_SET) = 0
15895 15:55:39.083816 munmap(0xb7f9c000, 1233) = 0
15895 15:55:39.083852 close(5)          = 0
15895 15:55:39.084370 getuid32()        = 0
15895 15:55:39.084409 open("/etc/passwd", O_RDONLY|0x80000 /* O_??? */) = 5
15895 15:55:39.084484 _llseek(5, 0, [0], SEEK_CUR) = 0
15895 15:55:39.084522 fstat64(5, {st_mode=S_IFREG|0644, st_size=1624, ...}) = 0
15895 15:55:39.084572 mmap2(NULL, 1624, PROT_READ, MAP_SHARED, 5, 0) = 0xb7f9c000
15895 15:55:39.084609 _llseek(5, 1624, [1624], SEEK_SET) = 0
15895 15:55:39.084660 munmap(0xb7f9c000, 1624) = 0
15895 15:55:39.084696 close(5)          = 0
15895 15:55:39.084739 open("/etc/shadow", O_RDONLY|0x80000 /* O_??? */) = 5
15895 15:55:39.084781 _llseek(5, 0, [0], SEEK_CUR) = 0
15895 15:55:39.084818 fstat64(5, {st_mode=S_IFREG|0640, st_size=1233, ...}) = 0
15895 15:55:39.084867 mmap2(NULL, 1233, PROT_READ, MAP_SHARED, 5, 0) = 0xb7f9c000
15895 15:55:39.084903 _llseek(5, 1233, [1233], SEEK_SET) = 0
15895 15:55:39.084954 munmap(0xb7f9c000, 1233) = 0
15895 15:55:39.084990 close(5)          = 0
15895 15:55:39.085030 time(NULL)        = 1495655739
15895 15:55:39.085078 munmap(0xb7f99000, 12164) = 0
15895 15:55:39.085122 munmap(0xb7f97000, 7136) = 0
15895 15:55:39.085169 munmap(0xb7dcc000, 95428) = 0
15895 15:55:39.085208 munmap(0xb7d92000, 201052) = 0
15895 15:55:39.085246 munmap(0xb7d79000, 101180) = 0
15895 15:55:39.085298 gettimeofday({1495655739, 85333}, NULL) = 0
15895 15:55:39.085366 stat64("/usr/share/zoneinfo/UTC+04:00", 0xbfbb7d24) = -1 ENOENT (No such file or directory)
15895 15:55:39.085442 open("/usr/share/zoneinfo/UTC+04:00", O_RDONLY) = -1 ENOENT (No such file or directory)
15895 15:55:39.085521 fcntl64(3, F_SETLKW64, {type=F_WRLCK, whence=SEEK_SET, start=0, len=0}, 0xbfbb7e74) = 0
15895 15:55:39.085573 write(3, "Wed May 24 15:55:39 2017 [pid 15895] [msfadmin] OK LOGIN: Client \"127.0.0.1\"\n", 77) = 77
15895 15:55:39.085626 fcntl64(3, F_SETLK64, {type=F_UNLCK, whence=SEEK_SET, start=0, len=0}, 0xbfbb7e7c) = 0
15895 15:55:39.085669 rt_sigaction(SIGCHLD, {0x805cad0, ~[RTMIN RT_1], 0}, NULL, 8) = 0
15895 15:55:39.085715 write(4, "\1", 1 <unfinished ...>
15896 15:55:39.085753 <... read resumed> "\1", 1) = 1
15895 15:55:39.085779 <... write resumed> ) = 1
15896 15:55:39.085812 exit_group(0)     = ?
15895 15:55:39.085902 --- SIGCHLD (Child exited) @ 0 (0) ---
15895 15:55:39.085963 sigreturn()       = ? (mask now [])
15895 15:55:39.086021 wait4(-1, [{WIFEXITED(s) && WEXITSTATUS(s) == 0}], 0, NULL) = 15896
15895 15:55:39.086065 close(4)          = 0
15895 15:55:39.086107 socketpair(PF_FILE, SOCK_STREAM, 0, [4, 5]) = 0
15895 15:55:39.086153 rt_sigaction(SIGCHLD, {0x805cad0, ~[RTMIN RT_1], 0}, NULL, 8) = 0
15895 15:55:39.086197 rt_sigaction(SIGALRM, {0x805cb10, ~[RTMIN RT_1], 0}, NULL, 8) = 0
15895 15:55:39.086242 clone(child_stack=0, flags=CLONE_CHILD_CLEARTID|CLONE_CHILD_SETTID|SIGCHLD, child_tidptr=0xb7e026f8) = 15897
15897 15:55:39.086416 prctl(0x1, 0x9, 0, 0, 0) = 0
15897 15:55:39.086465 close(4)          = 0
15897 15:55:39.086543 open("/etc/passwd", O_RDONLY|0x80000 /* O_??? */) = 4
15897 15:55:39.086596 _llseek(4, 0, [0], SEEK_CUR) = 0
15897 15:55:39.086643 fstat64(4, {st_mode=S_IFREG|0644, st_size=1624, ...}) = 0
15897 15:55:39.086697 mmap2(NULL, 1624, PROT_READ, MAP_SHARED, 4, 0) = 0xb7f9c000
15897 15:55:39.086737 _llseek(4, 1624, [1624], SEEK_SET) = 0
15897 15:55:39.086802 munmap(0xb7f9c000, 1624) = 0
15897 15:55:39.086841 close(4)          = 0
15897 15:55:39.086885 getuid32()        = 0
15897 15:55:39.086922 open("/etc/passwd", O_RDONLY|0x80000 /* O_??? */) = 4
15897 15:55:39.086964 _llseek(4, 0, [0], SEEK_CUR) = 0
15897 15:55:39.087000 fstat64(4, {st_mode=S_IFREG|0644, st_size=1624, ...}) = 0
15897 15:55:39.087050 mmap2(NULL, 1624, PROT_READ, MAP_SHARED, 4, 0) = 0xb7f9c000
15897 15:55:39.087088 _llseek(4, 1624, [1624], SEEK_SET) = 0
15897 15:55:39.087136 munmap(0xb7f9c000, 1624) = 0
15897 15:55:39.087172 close(4)          = 0
15897 15:55:39.087244 open("/proc/sys/kernel/ngroups_max", O_RDONLY) = 4
15897 15:55:39.087264 read(4, "65536\n", 31) = 6
15897 15:55:39.087264 close(4)          = 0
15897 15:55:39.087264 socket(PF_FILE, SOCK_STREAM, 0) = 4
15897 15:55:39.087264 fcntl64(4, F_SETFL, O_RDWR|O_NONBLOCK) = 0
15897 15:55:39.087264 connect(4, {sa_family=AF_FILE, path="/var/run/nscd/socket"}, 110) = -1 ENOENT (No such file or directory)
15897 15:55:39.087264 close(4)          = 0
15897 15:55:39.087264 socket(PF_FILE, SOCK_STREAM, 0) = 4
15897 15:55:39.087264 fcntl64(4, F_SETFL, O_RDWR|O_NONBLOCK) = 0
15897 15:55:39.087264 connect(4, {sa_family=AF_FILE, path="/var/run/nscd/socket"}, 110) = -1 ENOENT (No such file or directory)
15897 15:55:39.087264 close(4)          = 0
15897 15:55:39.087264 open("/etc/group", O_RDONLY|0x80000 /* O_??? */) = 4
15897 15:55:39.087264 _llseek(4, 0, [0], SEEK_CUR) = 0
15897 15:55:39.087264 fstat64(4, {st_mode=S_IFREG|0644, st_size=886, ...}) = 0
15897 15:55:39.087264 mmap2(NULL, 886, PROT_READ, MAP_SHARED, 4, 0) = 0xb7f9c000
15897 15:55:39.087264 _llseek(4, 886, [886], SEEK_SET) = 0
15897 15:55:39.087264 fstat64(4, {st_mode=S_IFREG|0644, st_size=886, ...}) = 0
15897 15:55:39.087264 munmap(0xb7f9c000, 886) = 0
15897 15:55:39.087264 close(4)          = 0
15897 15:55:39.087264 setgroups32(13, [1000, 4, 20, 24, 25, 29, 30, 44, 46, 107, 111, 112, 119]) = 0
15897 15:55:39.087264 geteuid32()       = 0
15897 15:55:39.087264 getegid32()       = 0
15897 15:55:39.087264 setregid32(-1, 1000) = 0
15897 15:55:39.087264 setreuid32(-1, 1000) = 0
15897 15:55:39.087264 chdir("/home/msfadmin") = 0
15897 15:55:39.087264 setreuid32(-1, 0) = 0
15897 15:55:39.087264 setregid32(-1, 0) = 0
15897 15:55:39.087264 setgid32(1000)    = 0
15897 15:55:39.087264 setuid32(1000)    = 0
15897 15:55:39.087264 setrlimit(RLIMIT_NPROC, {rlim_cur=0, rlim_max=0}) = 0
15897 15:55:39.087264 mmap2(NULL, 12288, PROT_READ|PROT_WRITE, MAP_PRIVATE|MAP_ANONYMOUS, -1, 0) = 0xb7f9a000
15897 15:55:39.087264 mprotect(0xb7f9c000, 4096, PROT_NONE) = 0
15897 15:55:39.087264 mprotect(0xb7f9a000, 4096, PROT_NONE) = 0
15897 15:55:39.087264 getcwd("/home/msfadmin", 4096) = 15
15897 15:55:39.087264 umask(022)        = 077
15897 15:55:39.087264 getcwd("/home/msfadmin", 4096) = 15
15897 15:55:39.087264 open(".message", O_RDONLY|O_NONBLOCK|O_LARGEFILE) = -1 ENOENT (No such file or directory)
15897 15:55:39.087264 write(0, "230 Login successful.\r\n", 23) = 23
15897 15:55:39.087264 rt_sigaction(SIGALRM, {0x805cad0, ~[RTMIN RT_1], 0}, NULL, 8) = 0
15897 15:55:39.089306 alarm(300)        = 0
15897 15:55:39.089404 mmap2(NULL, 12288, PROT_READ|PROT_WRITE, MAP_PRIVATE|MAP_ANONYMOUS, -1, 0) = 0xb7f97000
15897 15:55:39.089445 mprotect(0xb7f99000, 4096, PROT_NONE) = 0
15897 15:55:39.089484 mprotect(0xb7f97000, 4096, PROT_NONE) = 0
15897 15:55:39.089529 recv(0, "TYPE I\r\n", 4096, MSG_PEEK) = 8
15897 15:55:39.089572 read(0, "TYPE I\r\n", 8) = 8
15897 15:55:39.089624 write(0, "200 Switching to Binary mode.\r\n", 31) = 31
15897 15:55:39.089763 rt_sigaction(SIGALRM, {0x805cad0, ~[RTMIN RT_1], 0}, NULL, 8) = 0
15897 15:55:39.089811 alarm(300)        = 300
15897 15:55:39.089878 recv(0, "PASV\r\n", 4096, MSG_PEEK) = 6
15897 15:55:39.089917 read(0, "PASV\r\n", 6) = 6
15897 15:55:39.089958 write(5, "\n", 1) = 1
15897 15:55:39.089996 read(5,  <unfinished ...>
15895 15:55:39.090037 close(5)          = 0
15895 15:55:39.090080 getuid32()        = 0
15895 15:55:39.090127 open("/etc/passwd", O_RDONLY|0x80000 /* O_??? */) = 5
15895 15:55:39.090174 _llseek(5, 0, [0], SEEK_CUR) = 0
15895 15:55:39.090246 fstat64(5, {st_mode=S_IFREG|0644, st_size=1624, ...}) = 0
15895 15:55:39.090298 mmap2(NULL, 1624, PROT_READ, MAP_SHARED, 5, 0) = 0xb7f9c000
15895 15:55:39.090338 _llseek(5, 1624, [1624], SEEK_SET) = 0
15895 15:55:39.090390 munmap(0xb7f9c000, 1624) = 0
15895 15:55:39.090430 close(5)          = 0
15895 15:55:39.090479 setgroups32(0, []) = 0
15895 15:55:39.090520 chdir("/usr/share/empty") = 0
15895 15:55:39.090561 chroot(".")       = 0
15895 15:55:39.090598 capset(NULL, NULL) = -1 EFAULT (Bad address)
15895 15:55:39.090641 prctl(0x8, 0, 0xbfbb7e58, 0x80549a6, 0xbfbb7e40) = 0
15895 15:55:39.090680 prctl(0x8, 0x1, 0xbfbb7e58, 0x8054a49, 0xbfbb7e40) = 0
15895 15:55:39.090716 setgid32(65534)   = 0
15895 15:55:39.090752 setuid32(65534)   = 0
15895 15:55:39.090787 capset(0x19980330, 0, {CAP_NET_BIND_SERVICE, CAP_NET_BIND_SERVICE, 0}) = 0
15895 15:55:39.090831 read(4, "\n", 1)  = 1
15895 15:55:39.090873 write(4, "\1", 1) = 1
15897 15:55:39.090940 <... read resumed> "\1", 1) = 1
15897 15:55:39.090972 write(5, "\f", 1) = 1
15897 15:55:39.091007 read(5,  <unfinished ...>
15895 15:55:39.091037 read(4, "\f", 1)  = 1
15895 15:55:39.091079 socket(PF_INET, SOCK_STREAM, IPPROTO_TCP) = 5
15895 15:55:39.091122 setsockopt(5, SOL_SOCKET, SO_REUSEADDR, [1], 4) = 0
15895 15:55:39.091303 gettimeofday({1495655739, 91329}, NULL) = 0
15895 15:55:39.091373 bind(5, {sa_family=AF_INET, sin_port=htons(22096), sin_addr=inet_addr("127.0.0.1")}, 16) = 0
15895 15:55:39.091421 listen(5, 1)      = 0
15895 15:55:39.091463 write(4, "PV\0\0", 4) = 4
15897 15:55:39.091503 <... read resumed> "PV\0\0", 4) = 4
15897 15:55:39.091547 write(0, "227 Entering Passive Mode (127,0,0,1,86,80).\r\n", 46) = 46
15897 15:55:39.091880 rt_sigaction(SIGALRM, {0x805cad0, ~[RTMIN RT_1], 0}, NULL, 8) = 0
15897 15:55:39.091932 alarm(300)        = 300
15897 15:55:39.092000 recv(0, "STOR myfile38\r\n", 4096, MSG_PEEK) = 15
15897 15:55:39.092041 read(0, "STOR myfile38\r\n", 15) = 15
15897 15:55:39.092089 write(5, "\v", 1) = 1
15897 15:55:39.092126 read(5,  <unfinished ...>
15895 15:55:39.092165 read(4, "\v", 1)  = 1
15895 15:55:39.092204 write(4, "\1\0\0\0", 4) = 4
15897 15:55:39.092274 <... read resumed> "\1\0\0\0", 4) = 4
15897 15:55:39.092311 gettimeofday({1495655739, 92334}, NULL) = 0
15897 15:55:39.092365 getcwd("/home/msfadmin", 4096) = 15
15897 15:55:39.092407 open("myfile38", O_WRONLY|O_CREAT|O_NONBLOCK|O_LARGEFILE, 0666) = 4
15897 15:55:39.092451 fstat64(4, {st_mode=S_IFREG|0644, st_size=17, ...}) = 0
15897 15:55:39.092502 fcntl64(4, F_GETFL) = 0x8801 (flags O_WRONLY|O_NONBLOCK|O_LARGEFILE)
15897 15:55:39.092539 fcntl64(4, F_SETFL, O_WRONLY|O_LARGEFILE) = 0
15897 15:55:39.092575 fcntl64(4, F_SETLKW64, {type=F_WRLCK, whence=SEEK_SET, start=0, len=0}, 0xbfbb7da4) = 0
15897 15:55:39.092622 ftruncate64(4, 0) = 0
15897 15:55:39.092679 _llseek(4, 0, [0], SEEK_SET) = 0
15897 15:55:39.092717 write(5, "\v", 1) = 1
15897 15:55:39.092754 read(5,  <unfinished ...>
15895 15:55:39.092784 read(4, "\v", 1)  = 1
15895 15:55:39.092823 write(4, "\1\0\0\0", 4) = 4
15897 15:55:39.092860 <... read resumed> "\1\0\0\0", 4) = 4
15897 15:55:39.092891 write(5, "\v", 1) = 1
15897 15:55:39.092926 read(5,  <unfinished ...>
15895 15:55:39.092954 read(4, "\v", 1)  = 1
15895 15:55:39.092992 write(4, "\1\0\0\0", 4) = 4
15897 15:55:39.093028 <... read resumed> "\1\0\0\0", 4) = 4
15897 15:55:39.093058 write(5, "\r", 1) = 1
15897 15:55:39.093094 read(5,  <unfinished ...>
15895 15:55:39.093123 read(4, "\r", 1)  = 1
15895 15:55:39.093164 select(6, [5], NULL, NULL, {60, 0}) = 1 (in [5], left {60, 0})
15895 15:55:39.093247 accept(5, {sa_family=AF_INET, sin_port=htons(33247), sin_addr=inet_addr("127.0.0.1")}, [16]) = 6
15895 15:55:39.093312 write(4, "\1", 1) = 1
15897 15:55:39.093351 <... read resumed> "\1", 1) = 1
15897 15:55:39.093386 recvmsg(5,  <unfinished ...>
15895 15:55:39.093421 sendmsg(4, {msg_name(0)=NULL, msg_iov(1)=[{"\0", 1}], msg_controllen=16, {cmsg_len=16, cmsg_level=SOL_SOCKET, cmsg_type=SCM_RIGHTS, {6}}, msg_flags=0}, 0) = 1
15897 15:55:39.093473 <... recvmsg resumed> {msg_name(0)=NULL, msg_iov(1)=[{"\0", 1}], msg_controllen=16, {cmsg_len=16, cmsg_level=SOL_SOCKET, cmsg_type=SCM_RIGHTS, {6}}, msg_flags=0}, 0) = 1
15897 15:55:39.093517 setsockopt(6, SOL_SOCKET, SO_KEEPALIVE, [1], 4) = 0
15897 15:55:39.093558 setsockopt(6, SOL_IP, IP_TOS, [8], 4) = 0
15897 15:55:39.093597 setsockopt(6, SOL_SOCKET, SO_LINGER, {onoff=1, linger=32767}, 8) = 0
15897 15:55:39.093635 rt_sigaction(SIGALRM, {0x805cad0, ~[RTMIN RT_1], 0}, NULL, 8) = 0
15897 15:55:39.093678 alarm(300)        = 300
15897 15:55:39.093749 write(0, "150 Ok to send data.\r\n", 22) = 22
15897 15:55:39.093963 mmap2(NULL, 77824, PROT_READ|PROT_WRITE, MAP_PRIVATE|MAP_ANONYMOUS, -1, 0) = 0xb7dd1000
15897 15:55:39.094009 mprotect(0xb7de3000, 4096, PROT_NONE) = 0
15897 15:55:39.094050 mprotect(0xb7dd1000, 4096, PROT_NONE) = 0
15897 15:55:39.094085 read(6, "assasaaa\na\na\na\na\n", 65536) = 17
15897 15:55:39.094129 write(4, "assasaaa\na\na\na\na\n", 17) = 17
15897 15:55:39.094212 read(6, "", 65536) = 0
15897 15:55:39.094253 rt_sigaction(SIGALRM, {0x805cad0, ~[RTMIN RT_1], 0}, NULL, 8) = 0
15897 15:55:39.094298 alarm(300)        = 300
15897 15:55:39.094362 close(6)          = 0
15897 15:55:39.094397 alarm(0)          = 300
15897 15:55:39.094446 gettimeofday({1495655739, 94469}, NULL) = 0
15897 15:55:39.094514 getpid()          = 15897
15897 15:55:39.094554 gettimeofday({1495655739, 94577}, NULL) = 0
15897 15:55:39.094619 fcntl64(3, F_SETLKW64, {type=F_WRLCK, whence=SEEK_SET, start=0, len=0}, 0xbfbb7d44) = 0
15897 15:55:39.094665 write(3, "Wed May 24 15:55:39 2017 [pid 15897] [msfadmin] OK UPLOAD: Client \"127.0.0.1\", \"/home/msfadmin/myfile38\", 17 bytes, 7.40Kbyte/sec\n", 130) = 130
15897 15:55:39.094723 fcntl64(3, F_SETLK64, {type=F_UNLCK, whence=SEEK_SET, start=0, len=0}, 0xbfbb7d4c) = 0
15897 15:55:39.094769 write(0, "226 Transfer complete.\r\n", 24) = 24
15897 15:55:39.094922 write(5, "\n", 1) = 1
15897 15:55:39.094965 read(5,  <unfinished ...>
15895 15:55:39.094995 close(6)          = 0
15895 15:55:39.095081 read(4, "\n", 1)  = 1
15895 15:55:39.095159 close(5)          = 0
15895 15:55:39.095214 write(4, "\1", 1) = 1
15897 15:55:39.095255 <... read resumed> "\1", 1) = 1
15897 15:55:39.095285 close(4)          = 0
15897 15:55:39.095323 rt_sigaction(SIGALRM, {0x805cad0, ~[RTMIN RT_1], 0}, NULL, 8) = 0
15897 15:55:39.095366 alarm(300)        = 0
15897 15:55:39.095434 recv(0,  <unfinished ...>
15895 15:55:39.095465 read(4,  <unfinished ...>
15897 15:55:39.600751 <... recv resumed> "TYPE I\r\n", 4096, MSG_PEEK) = 8
15897 15:55:39.601091 read(0, "TYPE I\r\n", 8) = 8
15897 15:55:39.601624 write(0, "200 Switching to Binary mode.\r\n", 31) = 31
15897 15:55:39.602182 rt_sigaction(SIGALRM, {0x805cad0, ~[RTMIN RT_1], 0}, NULL, 8) = 0
15897 15:55:39.602382 alarm(300)        = 299
15897 15:55:39.602665 recv(0, "PASV\r\n", 4096, MSG_PEEK) = 6
15897 15:55:39.602872 read(0, "PASV\r\n", 6) = 6
15897 15:55:39.603007 write(5, "\n", 1 <unfinished ...>
15895 15:55:39.603119 <... read resumed> "\n", 1) = 1
15897 15:55:39.603204 <... write resumed> ) = 1
15895 15:55:39.603295 write(4, "\1", 1) = 1
15895 15:55:39.603454 read(4,  <unfinished ...>
15897 15:55:39.603520 read(5, "\1", 1)  = 1
15897 15:55:39.603601 write(5, "\f", 1 <unfinished ...>
15895 15:55:39.603661 <... read resumed> "\f", 1) = 1
15897 15:55:39.603709 <... write resumed> ) = 1
15895 15:55:39.603768 socket(PF_INET, SOCK_STREAM, IPPROTO_TCP) = 5
15895 15:55:39.603857 setsockopt(5, SOL_SOCKET, SO_REUSEADDR, [1], 4) = 0
15895 15:55:39.603944 bind(5, {sa_family=AF_INET, sin_port=htons(25786), sin_addr=inet_addr("127.0.0.1")}, 16) = 0
15895 15:55:39.604038 listen(5, 1)      = 0
15895 15:55:39.604122 write(4, "\272d\0\0", 4) = 4
15895 15:55:39.604198 read(4,  <unfinished ...>
15897 15:55:39.604267 read(5, "\272d\0\0", 4) = 4
15897 15:55:39.604420 write(0, "227 Entering Passive Mode (127,0,0,1,100,186).\r\n", 48) = 48
15897 15:55:39.605088 rt_sigaction(SIGALRM, {0x805cad0, ~[RTMIN RT_1], 0}, NULL, 8) = 0
15897 15:55:39.605193 alarm(300)        = 300
15897 15:55:39.605409 recv(0, "STOR myfile39\r\n", 4096, MSG_PEEK) = 15
15897 15:55:39.605540 read(0, "STOR myfile39\r\n", 15) = 15
15897 15:55:39.605633 write(5, "\v", 1 <unfinished ...>
15895 15:55:39.605698 <... read resumed> "\v", 1) = 1
15897 15:55:39.605746 <... write resumed> ) = 1
15895 15:55:39.605802 write(4, "\1\0\0\0", 4) = 4
15895 15:55:39.605878 read(4,  <unfinished ...>
15897 15:55:39.605935 read(5, "\1\0\0\0", 4) = 4
15897 15:55:39.606012 gettimeofday({1495655739, 606057}, NULL) = 0
15897 15:55:39.606118 getcwd("/home/msfadmin", 4096) = 15
15897 15:55:39.606201 open("myfile39", O_WRONLY|O_CREAT|O_NONBLOCK|O_LARGEFILE, 0666) = 4
15897 15:55:39.606351 fstat64(4, {st_mode=S_IFREG|0644, st_size=17, ...}) = 0
15897 15:55:39.606517 fcntl64(4, F_GETFL) = 0x8801 (flags O_WRONLY|O_NONBLOCK|O_LARGEFILE)
15897 15:55:39.606637 fcntl64(4, F_SETFL, O_WRONLY|O_LARGEFILE) = 0
15897 15:55:39.606758 fcntl64(4, F_SETLKW64, {type=F_WRLCK, whence=SEEK_SET, start=0, len=0}, 0xbfbb7da4) = 0
15897 15:55:39.606853 ftruncate64(4, 0) = 0
15897 15:55:39.606956 _llseek(4, 0, [0], SEEK_SET) = 0
15897 15:55:39.607032 write(5, "\v", 1 <unfinished ...>
15895 15:55:39.607097 <... read resumed> "\v", 1) = 1
15897 15:55:39.607147 <... write resumed> ) = 1
15895 15:55:39.607202 write(4, "\1\0\0\0", 4) = 4
15895 15:55:39.607279 read(4,  <unfinished ...>
15897 15:55:39.607279 read(5, "\1\0\0\0", 4) = 4
15897 15:55:39.607279 write(5, "\v", 1 <unfinished ...>
15895 15:55:39.607279 <... read resumed> "\v", 1) = 1
15897 15:55:39.607279 <... write resumed> ) = 1
15895 15:55:39.607279 write(4, "\1\0\0\0", 4) = 4
15895 15:55:39.607279 read(4,  <unfinished ...>
15897 15:55:39.607279 read(5, "\1\0\0\0", 4) = 4
15897 15:55:39.607279 write(5, "\r", 1 <unfinished ...>
15895 15:55:39.607279 <... read resumed> "\r", 1) = 1
15897 15:55:39.607279 <... write resumed> ) = 1
15895 15:55:39.607279 select(6, [5], NULL, NULL, {60, 0}) = 1 (in [5], left {60, 0})
15895 15:55:39.607279 accept(5, {sa_family=AF_INET, sin_port=htons(45049), sin_addr=inet_addr("127.0.0.1")}, [16]) = 6
15895 15:55:39.607279 write(4, "\1", 1) = 1
15895 15:55:39.607279 sendmsg(4, {msg_name(0)=NULL, msg_iov(1)=[{"\0", 1}], msg_controllen=16, {cmsg_len=16, cmsg_level=SOL_SOCKET, cmsg_type=SCM_RIGHTS, {6}}, msg_flags=0}, 0) = 1
15895 15:55:39.607279 close(6)          = 0
15895 15:55:39.607279 read(4,  <unfinished ...>
15897 15:55:39.607279 read(5, "\1", 1)  = 1
15897 15:55:39.607279 recvmsg(5, {msg_name(0)=NULL, msg_iov(1)=[{"\0", 1}], msg_controllen=16, {cmsg_len=16, cmsg_level=SOL_SOCKET, cmsg_type=SCM_RIGHTS, {6}}, msg_flags=0}, 0) = 1
15897 15:55:39.607279 setsockopt(6, SOL_SOCKET, SO_KEEPALIVE, [1], 4) = 0
15897 15:55:39.607279 setsockopt(6, SOL_IP, IP_TOS, [8], 4) = 0
15897 15:55:39.607279 setsockopt(6, SOL_SOCKET, SO_LINGER, {onoff=1, linger=32767}, 8) = 0
15897 15:55:39.607279 rt_sigaction(SIGALRM, {0x805cad0, ~[RTMIN RT_1], 0}, NULL, 8) = 0
15897 15:55:39.607279 alarm(300)        = 300
15897 15:55:39.607279 write(0, "150 Ok to send data.\r\n", 22) = 22
15897 15:55:39.609322 read(6, "assasaaa\na\na\na\na\n", 65536) = 17
15897 15:55:39.609388 write(4, "assasaaa\na\na\na\na\n", 17) = 17
15897 15:55:39.609447 read(6, "", 65536) = 0
15897 15:55:39.609489 rt_sigaction(SIGALRM, {0x805cad0, ~[RTMIN RT_1], 0}, NULL, 8) = 0
15897 15:55:39.609541 alarm(300)        = 300
15897 15:55:39.609615 close(6)          = 0
15897 15:55:39.609711 alarm(0)          = 300
15897 15:55:39.609770 gettimeofday({1495655739, 609795}, NULL) = 0
15897 15:55:39.609841 gettimeofday({1495655739, 609867}, NULL) = 0
15897 15:55:39.609907 fcntl64(3, F_SETLKW64, {type=F_WRLCK, whence=SEEK_SET, start=0, len=0}, 0xbfbb7d44) = 0
15897 15:55:39.609960 write(3, "Wed May 24 15:55:39 2017 [pid 15897] [msfadmin] OK UPLOAD: Client \"127.0.0.1\", \"/home/msfadmin/myfile39\", 17 bytes, 4.36Kbyte/sec\n", 130) = 130
15897 15:55:39.610058 fcntl64(3, F_SETLK64, {type=F_UNLCK, whence=SEEK_SET, start=0, len=0}, 0xbfbb7d4c) = 0
15897 15:55:39.610115 write(0, "226 Transfer complete.\r\n", 24) = 24
15897 15:55:39.610275 write(5, "\n", 1 <unfinished ...>
15895 15:55:39.610317 <... read resumed> "\n", 1) = 1
15897 15:55:39.610347 <... write resumed> ) = 1
15895 15:55:39.610377 close(5)          = 0
15895 15:55:39.610423 write(4, "\1", 1) = 1
15895 15:55:39.610467 read(4,  <unfinished ...>
15897 15:55:39.610500 read(5, "\1", 1)  = 1
15897 15:55:39.610543 close(4)          = 0
15897 15:55:39.610586 rt_sigaction(SIGALRM, {0x805cad0, ~[RTMIN RT_1], 0}, NULL, 8) = 0
15897 15:55:39.610635 alarm(300)        = 0
15897 15:55:39.610712 recv(0, "TYPE I\r\n", 4096, MSG_PEEK) = 8
15897 15:55:40.120637 read(0, "TYPE I\r\n", 8) = 8
15897 15:55:40.120889 write(0, "200 Switching to Binary mode.\r\n", 31) = 31
15897 15:55:40.121353 rt_sigaction(SIGALRM, {0x805cad0, ~[RTMIN RT_1], 0}, NULL, 8) = 0
15897 15:55:40.121504 alarm(300)        = 299
15897 15:55:40.121646 recv(0, "PASV\r\n", 4096, MSG_PEEK) = 6
15897 15:55:40.121727 read(0, "PASV\r\n", 6) = 6
15897 15:55:40.121810 write(5, "\n", 1 <unfinished ...>
15895 15:55:40.121882 <... read resumed> "\n", 1) = 1
15897 15:55:40.121932 <... write resumed> ) = 1
15895 15:55:40.121990 write(4, "\1", 1) = 1
15895 15:55:40.122320 read(4,  <unfinished ...>
15897 15:55:40.122391 read(5, "\1", 1)  = 1
15897 15:55:40.122474 write(5, "\f", 1 <unfinished ...>
15895 15:55:40.122534 <... read resumed> "\f", 1) = 1
15897 15:55:40.122583 <... write resumed> ) = 1
15895 15:55:40.122643 socket(PF_INET, SOCK_STREAM, IPPROTO_TCP) = 5
15895 15:55:40.122732 setsockopt(5, SOL_SOCKET, SO_REUSEADDR, [1], 4) = 0
15895 15:55:40.122821 bind(5, {sa_family=AF_INET, sin_port=htons(20520), sin_addr=inet_addr("127.0.0.1")}, 16) = 0
15895 15:55:40.122916 listen(5, 1)      = 0
15895 15:55:40.123059 write(4, "(P\0\0", 4) = 4
15895 15:55:40.123193 read(4,  <unfinished ...>
15897 15:55:40.123286 read(5, "(P\0\0", 4) = 4
15897 15:55:40.123422 write(0, "227 Entering Passive Mode (127,0,0,1,80,40).\r\n", 46) = 46
15897 15:55:40.124269 rt_sigaction(SIGALRM, {0x805cad0, ~[RTMIN RT_1], 0}, NULL, 8) = 0
15897 15:55:40.124377 alarm(300)        = 300
15897 15:55:40.124514 recv(0, "STOR myfile40\r\n", 4096, MSG_PEEK) = 15
15897 15:55:40.124598 read(0, "STOR myfile40\r\n", 15) = 15
15897 15:55:40.124714 write(5, "\v", 1 <unfinished ...>
15895 15:55:40.124781 <... read resumed> "\v", 1) = 1
15897 15:55:40.124830 <... write resumed> ) = 1
15895 15:55:40.124886 write(4, "\1\0\0\0", 4) = 4
15895 15:55:40.124963 read(4,  <unfinished ...>
15897 15:55:40.125021 read(5, "\1\0\0\0", 4) = 4
15897 15:55:40.125172 gettimeofday({1495655740, 125273}, NULL) = 0
15897 15:55:40.125337 getcwd("/home/msfadmin", 4096) = 15
15897 15:55:40.125419 open("myfile40", O_WRONLY|O_CREAT|O_NONBLOCK|O_LARGEFILE, 0666) = 4
15897 15:55:40.125507 fstat64(4, {st_mode=S_IFREG|0644, st_size=17, ...}) = 0
15897 15:55:40.125610 fcntl64(4, F_GETFL) = 0x8801 (flags O_WRONLY|O_NONBLOCK|O_LARGEFILE)
15897 15:55:40.125685 fcntl64(4, F_SETFL, O_WRONLY|O_LARGEFILE) = 0
15897 15:55:40.125756 fcntl64(4, F_SETLKW64, {type=F_WRLCK, whence=SEEK_SET, start=0, len=0}, 0xbfbb7da4) = 0
15897 15:55:40.125844 ftruncate64(4, 0) = 0
15897 15:55:40.125944 _llseek(4, 0, [0], SEEK_SET) = 0
15897 15:55:40.126067 write(5, "\v", 1 <unfinished ...>
15895 15:55:40.126143 <... read resumed> "\v", 1) = 1
15897 15:55:40.126193 <... write resumed> ) = 1
15895 15:55:40.126247 write(4, "\1\0\0\0", 4) = 4
15895 15:55:40.126324 read(4,  <unfinished ...>
15897 15:55:40.126381 read(5, "\1\0\0\0", 4) = 4
15897 15:55:40.126458 write(5, "\v", 1 <unfinished ...>
15895 15:55:40.126517 <... read resumed> "\v", 1) = 1
15897 15:55:40.126635 <... write resumed> ) = 1
15895 15:55:40.126692 write(4, "\1\0\0\0", 4) = 4
15895 15:55:40.126768 read(4,  <unfinished ...>
15897 15:55:40.126826 read(5, "\1\0\0\0", 4) = 4
15897 15:55:40.126903 write(5, "\r", 1 <unfinished ...>
15895 15:55:40.131854 <... read resumed> "\r", 1) = 1
15897 15:55:40.131964 <... write resumed> ) = 1
15895 15:55:40.132076 select(6, [5], NULL, NULL, {60, 0}) = 1 (in [5], left {60, 0})
15895 15:55:40.132179 accept(5, {sa_family=AF_INET, sin_port=htons(49847), sin_addr=inet_addr("127.0.0.1")}, [16]) = 6
15895 15:55:40.132309 write(4, "\1", 1) = 1
15895 15:55:40.132393 sendmsg(4, {msg_name(0)=NULL, msg_iov(1)=[{"\0", 1}], msg_controllen=16, {cmsg_len=16, cmsg_level=SOL_SOCKET, cmsg_type=SCM_RIGHTS, {6}}, msg_flags=0}, 0) = 1
15895 15:55:40.132495 close(6)          = 0
15895 15:55:40.132567 read(4,  <unfinished ...>
15897 15:55:40.132627 read(5, "\1", 1)  = 1
15897 15:55:40.132712 recvmsg(5, {msg_name(0)=NULL, msg_iov(1)=[{"\0", 1}], msg_controllen=16, {cmsg_len=16, cmsg_level=SOL_SOCKET, cmsg_type=SCM_RIGHTS, {6}}, msg_flags=0}, 0) = 1
15897 15:55:40.132919 setsockopt(6, SOL_SOCKET, SO_KEEPALIVE, [1], 4) = 0
15897 15:55:40.133058 setsockopt(6, SOL_IP, IP_TOS, [8], 4) = 0
15897 15:55:40.133187 setsockopt(6, SOL_SOCKET, SO_LINGER, {onoff=1, linger=32767}, 8) = 0
15897 15:55:40.133304 rt_sigaction(SIGALRM, {0x805cad0, ~[RTMIN RT_1], 0}, NULL, 8) = 0
15897 15:55:40.133397 alarm(300)        = 300
15897 15:55:40.133546 write(0, "150 Ok to send data.\r\n", 22) = 22
15897 15:55:40.134141 read(6, "assasaaa\na\na\na\na\n", 65536) = 17
15897 15:55:40.134238 write(4, "assasaaa\na\na\na\na\n", 17) = 17
15897 15:55:40.134341 read(6, "", 65536) = 0
15897 15:55:40.134415 rt_sigaction(SIGALRM, {0x805cad0, ~[RTMIN RT_1], 0}, NULL, 8) = 0
15897 15:55:40.134504 alarm(300)        = 300
15897 15:55:40.134632 close(6)          = 0
15897 15:55:40.134924 alarm(0)          = 300
15897 15:55:40.135029 gettimeofday({1495655740, 135073}, NULL) = 0
15897 15:55:40.135151 gettimeofday({1495655740, 135197}, NULL) = 0
15897 15:55:40.135327 fcntl64(3, F_SETLKW64, {type=F_WRLCK, whence=SEEK_SET, start=0, len=0}, 0xbfbb7d44) = 0
15897 15:55:40.135425 write(3, "Wed May 24 15:55:40 2017 [pid 15897] [msfadmin] OK UPLOAD: Client \"127.0.0.1\", \"/home/msfadmin/myfile40\", 17 bytes, 1.67Kbyte/sec\n", 130) = 130
15897 15:55:40.135565 fcntl64(3, F_SETLK64, {type=F_UNLCK, whence=SEEK_SET, start=0, len=0}, 0xbfbb7d4c) = 0
15897 15:55:40.135659 write(0, "226 Transfer complete.\r\n", 24) = 24
15897 15:55:40.135977 write(5, "\n", 1 <unfinished ...>
15895 15:55:40.136055 <... read resumed> "\n", 1) = 1
15897 15:55:40.136104 <... write resumed> ) = 1
15895 15:55:40.136176 close(5)          = 0
15895 15:55:40.136259 write(4, "\1", 1) = 1
15895 15:55:40.136336 read(4,  <unfinished ...>
15897 15:55:40.136394 read(5, "\1", 1)  = 1
15897 15:55:40.136470 close(4)          = 0
15897 15:55:40.136545 rt_sigaction(SIGALRM, {0x805cad0, ~[RTMIN RT_1], 0}, NULL, 8) = 0
15897 15:55:40.136632 alarm(300)        = 0
15897 15:55:40.136821 recv(0, "TYPE I\r\n", 4096, MSG_PEEK) = 8
15897 15:55:40.670178 read(0, "TYPE I\r\n", 8) = 8
15897 15:55:40.670313 write(0, "200 Switching to Binary mode.\r\n", 31) = 31
15897 15:55:40.670594 rt_sigaction(SIGALRM, {0x805cad0, ~[RTMIN RT_1], 0}, NULL, 8) = 0
15897 15:55:40.670753 alarm(300)        = 299
15897 15:55:40.670898 recv(0, "PASV\r\n", 4096, MSG_PEEK) = 6
15897 15:55:40.670979 read(0, "PASV\r\n", 6) = 6
15897 15:55:40.671061 write(5, "\n", 1 <unfinished ...>
15895 15:55:40.671132 <... read resumed> "\n", 1) = 1
15897 15:55:40.671228 <... write resumed> ) = 1
15895 15:55:40.671287 write(4, "\1", 1) = 1
15895 15:55:40.671364 read(4,  <unfinished ...>
15897 15:55:40.671422 read(5, "\1", 1)  = 1
15897 15:55:40.671501 write(5, "\f", 1 <unfinished ...>
15895 15:55:40.671560 <... read resumed> "\f", 1) = 1
15897 15:55:40.671608 <... write resumed> ) = 1
15895 15:55:40.671833 socket(PF_INET, SOCK_STREAM, IPPROTO_TCP) = 5
15895 15:55:40.671932 setsockopt(5, SOL_SOCKET, SO_REUSEADDR, [1], 4) = 0
15895 15:55:40.672019 bind(5, {sa_family=AF_INET, sin_port=htons(44774), sin_addr=inet_addr("127.0.0.1")}, 16) = 0
15895 15:55:40.672113 listen(5, 1)      = 0
15895 15:55:40.672197 write(4, "\346\256\0\0", 4) = 4
15895 15:55:40.672313 read(4,  <unfinished ...>
15897 15:55:40.672380 read(5, "\346\256\0\0", 4) = 4
15897 15:55:40.672479 write(0, "227 Entering Passive Mode (127,0,0,1,174,230).\r\n", 48) = 48
15897 15:55:40.673240 rt_sigaction(SIGALRM, {0x805cad0, ~[RTMIN RT_1], 0}, NULL, 8) = 0
15897 15:55:40.673352 alarm(300)        = 300
15897 15:55:40.673580 recv(0, "STOR myfile0\r\n", 4096, MSG_PEEK) = 14
15897 15:55:40.673664 read(0, "STOR myfile0\r\n", 14) = 14
15897 15:55:40.673797 write(5, "\v", 1 <unfinished ...>
15895 15:55:40.673874 <... read resumed> "\v", 1) = 1
15897 15:55:40.673925 <... write resumed> ) = 1
15895 15:55:40.673980 write(4, "\1\0\0\0", 4) = 4
15895 15:55:40.674057 read(4,  <unfinished ...>
15897 15:55:40.674115 read(5, "\1\0\0\0", 4) = 4
15897 15:55:40.674193 gettimeofday({1495655740, 674238}, NULL) = 0
15897 15:55:40.674305 getcwd("/home/msfadmin", 4096) = 15
15897 15:55:40.674389 open("myfile0", O_WRONLY|O_CREAT|O_NONBLOCK|O_LARGEFILE, 0666) = 4
15897 15:55:40.674475 fstat64(4, {st_mode=S_IFREG|0644, st_size=17, ...}) = 0
15897 15:55:40.674576 fcntl64(4, F_GETFL) = 0x8801 (flags O_WRONLY|O_NONBLOCK|O_LARGEFILE)
15897 15:55:40.674651 fcntl64(4, F_SETFL, O_WRONLY|O_LARGEFILE) = 0
15897 15:55:40.674722 fcntl64(4, F_SETLKW64, {type=F_WRLCK, whence=SEEK_SET, start=0, len=0}, 0xbfbb7da4) = 0
15897 15:55:40.674813 ftruncate64(4, 0) = 0
15897 15:55:40.674919 _llseek(4, 0, [0], SEEK_SET) = 0
15897 15:55:40.674995 write(5, "\v", 1 <unfinished ...>
15895 15:55:40.675057 <... read resumed> "\v", 1) = 1
15897 15:55:40.675105 <... write resumed> ) = 1
15895 15:55:40.675159 write(4, "\1\0\0\0", 4) = 4
15895 15:55:40.675282 read(4,  <unfinished ...>
15897 15:55:40.675354 read(5, "\1\0\0\0", 4) = 4
15897 15:55:40.675433 write(5, "\v", 1 <unfinished ...>
15895 15:55:40.675492 <... read resumed> "\v", 1) = 1
15897 15:55:40.675540 <... write resumed> ) = 1
15895 15:55:40.675593 write(4, "\1\0\0\0", 4) = 4
15895 15:55:40.675667 read(4,  <unfinished ...>
15897 15:55:40.675723 read(5, "\1\0\0\0", 4) = 4
15897 15:55:40.675811 write(5, "\r", 1 <unfinished ...>
15895 15:55:40.675870 <... read resumed> "\r", 1) = 1
15897 15:55:40.675918 <... write resumed> ) = 1
15895 15:55:40.675975 select(6, [5], NULL, NULL, {60, 0}) = 1 (in [5], left {60, 0})
15895 15:55:40.676072 accept(5, {sa_family=AF_INET, sin_port=htons(35571), sin_addr=inet_addr("127.0.0.1")}, [16]) = 6
15895 15:55:40.676195 write(4, "\1", 1) = 1
15895 15:55:40.676276 sendmsg(4, {msg_name(0)=NULL, msg_iov(1)=[{"\0", 1}], msg_controllen=16, {cmsg_len=16, cmsg_level=SOL_SOCKET, cmsg_type=SCM_RIGHTS, {6}}, msg_flags=0}, 0) = 1
15895 15:55:40.676397 close(6)          = 0
15895 15:55:40.676469 read(4,  <unfinished ...>
15897 15:55:40.676526 read(5, "\1", 1)  = 1
15897 15:55:40.676610 recvmsg(5, {msg_name(0)=NULL, msg_iov(1)=[{"\0", 1}], msg_controllen=16, {cmsg_len=16, cmsg_level=SOL_SOCKET, cmsg_type=SCM_RIGHTS, {6}}, msg_flags=0}, 0) = 1
15897 15:55:40.676793 setsockopt(6, SOL_SOCKET, SO_KEEPALIVE, [1], 4) = 0
15897 15:55:40.676936 setsockopt(6, SOL_IP, IP_TOS, [8], 4) = 0
15897 15:55:40.677022 setsockopt(6, SOL_SOCKET, SO_LINGER, {onoff=1, linger=32767}, 8) = 0
15897 15:55:40.677099 rt_sigaction(SIGALRM, {0x805cad0, ~[RTMIN RT_1], 0}, NULL, 8) = 0
15897 15:55:40.677186 alarm(300)        = 300
15897 15:55:40.677312 write(0, "150 Ok to send data.\r\n", 22) = 22
15897 15:55:40.677312 read(6, "assasaaa\na\na\na\na\n", 65536) = 17
15897 15:55:40.677312 write(4, "assasaaa\na\na\na\na\n", 17) = 17
15897 15:55:40.677312 read(6, "", 65536) = 0
15897 15:55:40.677312 rt_sigaction(SIGALRM, {0x805cad0, ~[RTMIN RT_1], 0}, NULL, 8) = 0
15897 15:55:40.677312 alarm(300)        = 300
15897 15:55:40.677312 close(6)          = 0
15897 15:55:40.677312 alarm(0)          = 300
15897 15:55:40.677312 gettimeofday({1495655740, 677312}, NULL) = 0
15897 15:55:40.677312 gettimeofday({1495655740, 677312}, NULL) = 0
15897 15:55:40.677312 fcntl64(3, F_SETLKW64, {type=F_WRLCK, whence=SEEK_SET, start=0, len=0}, 0xbfbb7d44) = 0
