14506 15:39:21.911069 fstat64(5, {st_mode=S_IFREG|0644, st_size=520, ...}) = 0
14506 15:39:21.911094 mmap2(NULL, 4096, PROT_READ|PROT_WRITE, MAP_PRIVATE|MAP_ANONYMOUS, -1, 0) = 0xb7f51000
14506 15:39:21.911110 read(5, "#\n# /etc/pam.d/other - specify the PAM fallback behaviour\n#\n# Note that this file is used for any unspecified service; for example\n#if /etc/pam.d/cron  specifies no session modules but cron calls\n#pam_open_session, the session module out of /etc/pam.d/other is\n#used.  If you really want nothing to happen then use pam_permit.so or\n#pam_deny.so as appropriate.\n\n# We fall back to the system default in /etc/pam.d/common-*\n# \n\n@include common-auth\n@include common-account\n@include common-password\n@include common-session\n", 4096) = 520
14506 15:39:21.911177 stat64("/etc/pam.d", {st_mode=S_IFDIR|0755, st_size=4096, ...}) = 0
14506 15:39:21.911206 open("/etc/pam.d/common-auth", O_RDONLY|O_LARGEFILE) = 6
14506 15:39:21.911225 fstat64(6, {st_mode=S_IFREG|0644, st_size=476, ...}) = 0
14506 15:39:21.911249 mmap2(NULL, 4096, PROT_READ|PROT_WRITE, MAP_PRIVATE|MAP_ANONYMOUS, -1, 0) = 0xb7f4b000
14506 15:39:21.911266 read(6, "#\n# /etc/pam.d/common-auth - authentication settings common to all services\n#\n# This file is included from other service-specific PAM config files,\n# and should contain a list of the authentication modules that define\n# the central authentication scheme for use on the system\n# (e.g., /etc/shadow, LDAP, Kerberos, etc.).  The default is to use the\n# traditional Unix authentication mechanisms.\n#\nauth\trequisite\tpam_unix.so nullok_secure\n# auth\toptional\tpam_smbpass.so migrate\n", 4096) = 476
14506 15:39:21.911335 read(6, "", 4096) = 0
14506 15:39:21.911350 close(6)          = 0
14506 15:39:21.911364 munmap(0xb7f4b000, 4096) = 0
14506 15:39:21.911381 stat64("/etc/pam.d", {st_mode=S_IFDIR|0755, st_size=4096, ...}) = 0
14506 15:39:21.911409 open("/etc/pam.d/common-account", O_RDONLY|O_LARGEFILE) = 6
14506 15:39:21.911428 fstat64(6, {st_mode=S_IFREG|0644, st_size=392, ...}) = 0
14506 15:39:21.911452 mmap2(NULL, 4096, PROT_READ|PROT_WRITE, MAP_PRIVATE|MAP_ANONYMOUS, -1, 0) = 0xb7f4b000
14506 15:39:21.911488 read(6, "#\n# /etc/pam.d/common-account - authorization settings common to all services\n#\n# This file is included from other service-specific PAM config files,\n# and should contain a list of the authorization modules that define\n# the central access policy for use on the system.  The default is to\n# only deny service to users whose accounts are expired in /etc/shadow.\n#\naccount\trequired\tpam_unix.so\n", 4096) = 392
14506 15:39:21.911553 read(6, "", 4096) = 0
14506 15:39:21.911568 close(6)          = 0
14506 15:39:21.911583 munmap(0xb7f4b000, 4096) = 0
14506 15:39:21.911599 stat64("/etc/pam.d", {st_mode=S_IFDIR|0755, st_size=4096, ...}) = 0
14506 15:39:21.911628 open("/etc/pam.d/common-password", O_RDONLY|O_LARGEFILE) = 6
14506 15:39:21.911649 fstat64(6, {st_mode=S_IFREG|0644, st_size=1563, ...}) = 0
14506 15:39:21.911673 mmap2(NULL, 4096, PROT_READ|PROT_WRITE, MAP_PRIVATE|MAP_ANONYMOUS, -1, 0) = 0xb7f4b000
14506 15:39:21.911689 read(6, "#\n# /etc/pam.d/common-password - password-related modules common to all services\n#\n# This file is included from other service-specific PAM config files,\n# and should contain a list of modules that define the services to be\n# used to change user passwords.  The default is pam_unix.\n\n# Explanation of pam_unix options:\n#\n# The \"nullok\" option allows users to change an empty password, else\n# empty passwords are treated as locked accounts.\n#\n# The \"md5\" option enables MD5 passwords.  Without this option, the\n# default is Unix crypt.\n#\n# The \"obscure\" option replaces the old `OBSCURE_CHECKS_ENAB\' option in\n# login.defs.\n#\n# You can also use the \"min\" option to enforce the length of the new\n# password.\n#\n# See the pam_unix manpage for other options.\n\npassword   requisite   pam_unix.so nullok obscure md5\n\n# Alternate strength checking for password. Note that this\n# requires the libpam-cracklib package to be installed.\n# You will need to comment out the password line above and\n# uncomment the next two in order to use this.\n# (Replaces the `OBSCURE_CHECKS_ENAB\', `CRACKLIB_DICTPATH\')\n#\n# password required\t  pam_cracklib.so retry=3 minlen=6 difok=3\n# password required\t  pam_unix.so use_authtok nullok md5\n\n# minimally-intrusive inclusion of smbpass in the stack for\n# synchronization.  If the module is absent or the passwords don\'t\n# match, this module will be ignored without prompting; and if the \n# passwords do match, the NTLM hash for the user will be updated\n# automatically.\n# password   optional   pam_smbpass.so nullok use_authtok use_first_pass\n", 4096) = 1563
14506 15:39:21.911857 read(6, "", 4096) = 0
14506 15:39:21.911872 close(6)          = 0
14506 15:39:21.911887 munmap(0xb7f4b000, 4096) = 0
14506 15:39:21.911903 stat64("/etc/pam.d", {st_mode=S_IFDIR|0755, st_size=4096, ...}) = 0
14506 15:39:21.911931 open("/etc/pam.d/common-session", O_RDONLY|O_LARGEFILE) = 6
14506 15:39:21.911961 fstat64(6, {st_mode=S_IFREG|0644, st_size=372, ...}) = 0
14506 15:39:21.911990 mmap2(NULL, 4096, PROT_READ|PROT_WRITE, MAP_PRIVATE|MAP_ANONYMOUS, -1, 0) = 0xb7f4b000
14506 15:39:21.912007 read(6, "#\n# /etc/pam.d/common-session - session-related modules common to all services\n#\n# This file is included from other service-specific PAM config files,\n# and should contain a list of modules that define tasks to be performed\n# at the start and end of sessions of *any* kind (both interactive and\n# non-interactive).  The default is pam_unix.\n#\nsession\trequired\tpam_unix.so\n", 4096) = 372
14506 15:39:21.912064 read(6, "", 4096) = 0
14506 15:39:21.912079 close(6)          = 0
14506 15:39:21.912094 munmap(0xb7f4b000, 4096) = 0
14506 15:39:21.912110 read(5, "", 4096) = 0
14506 15:39:21.912124 close(5)          = 0
14506 15:39:21.912138 munmap(0xb7f51000, 4096) = 0
14506 15:39:21.912157 time(NULL)        = 1495654761
14506 15:39:21.912175 lstat64("/etc/ftpusers", {st_mode=S_IFREG|0644, st_size=132, ...}) = 0
14506 15:39:21.912203 open("/etc/ftpusers", O_RDONLY|O_LARGEFILE) = 5
14506 15:39:21.912221 fstat64(5, {st_mode=S_IFREG|0644, st_size=132, ...}) = 0
14506 15:39:21.912245 mmap2(NULL, 4096, PROT_READ|PROT_WRITE, MAP_PRIVATE|MAP_ANONYMOUS, -1, 0) = 0xb7f51000
14506 15:39:21.912266 read(5, "# /etc/ftpusers: list of users disallowed FTP access. See ftpusers(5).\n\nroot\ndaemon\nbin\nsys\nsync\ngames\nman\nlp\nmail\nnews\nuucp\nnobody\n", 4096) = 132
14506 15:39:21.912298 read(5, "", 4096) = 0
14506 15:39:21.912312 close(5)          = 0
14506 15:39:21.912326 munmap(0xb7f51000, 4096) = 0
14506 15:39:21.912350 getuid32()        = 0
14506 15:39:21.912375 open("/etc/passwd", O_RDONLY|0x80000 /* O_??? */) = 5
14506 15:39:21.912398 _llseek(5, 0, [0], SEEK_CUR) = 0
14506 15:39:21.912415 fstat64(5, {st_mode=S_IFREG|0644, st_size=1624, ...}) = 0
14506 15:39:21.912440 mmap2(NULL, 1624, PROT_READ, MAP_SHARED, 5, 0) = 0xb7f51000
14506 15:39:21.912457 _llseek(5, 1624, [1624], SEEK_SET) = 0
14506 15:39:21.912487 munmap(0xb7f51000, 1624) = 0
14506 15:39:21.912504 close(5)          = 0
14506 15:39:21.912542 open("/etc/shadow", O_RDONLY|0x80000 /* O_??? */) = 5
14506 15:39:21.912569 _llseek(5, 0, [0], SEEK_CUR) = 0
14506 15:39:21.912585 fstat64(5, {st_mode=S_IFREG|0640, st_size=1233, ...}) = 0
14506 15:39:21.912610 mmap2(NULL, 1233, PROT_READ, MAP_SHARED, 5, 0) = 0xb7f51000
14506 15:39:21.912626 _llseek(5, 1233, [1233], SEEK_SET) = 0
14506 15:39:21.912656 munmap(0xb7f51000, 1233) = 0
14506 15:39:21.912672 close(5)          = 0
14506 15:39:21.912700 open("/etc/passwd", O_RDONLY|0x80000 /* O_??? */) = 5
14506 15:39:21.912720 _llseek(5, 0, [0], SEEK_CUR) = 0
14506 15:39:21.912736 fstat64(5, {st_mode=S_IFREG|0644, st_size=1624, ...}) = 0
14506 15:39:21.912768 mmap2(NULL, 1624, PROT_READ, MAP_SHARED, 5, 0) = 0xb7f51000
14506 15:39:21.912792 _llseek(5, 1624, [1624], SEEK_SET) = 0
14506 15:39:21.912828 munmap(0xb7f51000, 1624) = 0
14506 15:39:21.912851 close(5)          = 0
14506 15:39:21.912875 open("/etc/shadow", O_RDONLY|0x80000 /* O_??? */) = 5
14506 15:39:21.912896 _llseek(5, 0, [0], SEEK_CUR) = 0
14506 15:39:21.912912 fstat64(5, {st_mode=S_IFREG|0640, st_size=1233, ...}) = 0
14506 15:39:21.912948 mmap2(NULL, 1233, PROT_READ, MAP_SHARED, 5, 0) = 0xb7f51000
14506 15:39:21.912967 _llseek(5, 1233, [1233], SEEK_SET) = 0
14506 15:39:21.912993 munmap(0xb7f51000, 1233) = 0
14506 15:39:21.913009 close(5)          = 0
14506 15:39:21.913349 getuid32()        = 0
14506 15:39:21.913366 open("/etc/passwd", O_RDONLY|0x80000 /* O_??? */) = 5
14506 15:39:21.913392 _llseek(5, 0, [0], SEEK_CUR) = 0
14506 15:39:21.913417 fstat64(5, {st_mode=S_IFREG|0644, st_size=1624, ...}) = 0
14506 15:39:21.913456 mmap2(NULL, 1624, PROT_READ, MAP_SHARED, 5, 0) = 0xb7f51000
14506 15:39:21.913479 _llseek(5, 1624, [1624], SEEK_SET) = 0
14506 15:39:21.913506 munmap(0xb7f51000, 1624) = 0
14506 15:39:21.913522 close(5)          = 0
14506 15:39:21.913543 open("/etc/shadow", O_RDONLY|0x80000 /* O_??? */) = 5
14506 15:39:21.913564 _llseek(5, 0, [0], SEEK_CUR) = 0
14506 15:39:21.913580 fstat64(5, {st_mode=S_IFREG|0640, st_size=1233, ...}) = 0
14506 15:39:21.913605 mmap2(NULL, 1233, PROT_READ, MAP_SHARED, 5, 0) = 0xb7f51000
14506 15:39:21.913626 _llseek(5, 1233, [1233], SEEK_SET) = 0
14506 15:39:21.913669 munmap(0xb7f51000, 1233) = 0
14506 15:39:21.913688 close(5)          = 0
14506 15:39:21.913707 time(NULL)        = 1495654761
14506 15:39:21.913730 munmap(0xb7f4e000, 12164) = 0
14506 15:39:21.913751 munmap(0xb7f4c000, 7136) = 0
14506 15:39:21.913772 munmap(0xb7d81000, 95428) = 0
14506 15:39:21.913789 munmap(0xb7d47000, 201052) = 0
14506 15:39:21.913806 munmap(0xb7d2e000, 101180) = 0
14506 15:39:21.913831 gettimeofday({1495654761, 913837}, NULL) = 0
14506 15:39:21.913849 stat64("/usr/share/zoneinfo/UTC+04:00", 0xbfa6ebe4) = -1 ENOENT (No such file or directory)
14506 15:39:21.913872 open("/usr/share/zoneinfo/UTC+04:00", O_RDONLY) = -1 ENOENT (No such file or directory)
14506 15:39:21.913933 fcntl64(3, F_SETLKW64, {type=F_WRLCK, whence=SEEK_SET, start=0, len=0}, 0xbfa6ed34) = 0
14506 15:39:21.913973 write(3, "Wed May 24 15:39:21 2017 [pid 14506] [msfadmin] OK LOGIN: Client \"127.0.0.1\"\n", 77) = 77
14506 15:39:21.914001 fcntl64(3, F_SETLK64, {type=F_UNLCK, whence=SEEK_SET, start=0, len=0}, 0xbfa6ed3c) = 0
14506 15:39:21.914027 rt_sigaction(SIGCHLD, {0x805cad0, ~[RTMIN RT_1], 0}, NULL, 8) = 0
14506 15:39:21.914050 write(4, "\1", 1 <unfinished ...>
14507 15:39:21.914066 <... read resumed> "\1", 1) = 1
14506 15:39:21.914075 <... write resumed> ) = 1
14507 15:39:21.914087 exit_group(0)     = ?
14506 15:39:21.914149 --- SIGCHLD (Child exited) @ 0 (0) ---
14506 15:39:21.914167 sigreturn()       = ? (mask now [])
14506 15:39:21.914211 wait4(-1, [{WIFEXITED(s) && WEXITSTATUS(s) == 0}], 0, NULL) = 14507
14506 15:39:21.914235 close(4)          = 0
14506 15:39:21.914254 socketpair(PF_FILE, SOCK_STREAM, 0, [4, 5]) = 0
14506 15:39:21.914277 rt_sigaction(SIGCHLD, {0x805cad0, ~[RTMIN RT_1], 0}, NULL, 8) = 0
14506 15:39:21.914298 rt_sigaction(SIGALRM, {0x805cb10, ~[RTMIN RT_1], 0}, NULL, 8) = 0
14506 15:39:21.914320 clone(child_stack=0, flags=CLONE_CHILD_CLEARTID|CLONE_CHILD_SETTID|SIGCHLD, child_tidptr=0xb7db76f8) = 14508
14508 15:39:21.914418 prctl(0x1, 0x9, 0, 0, 0) = 0
14508 15:39:21.914440 close(4)          = 0
14508 15:39:21.914481 open("/etc/passwd", O_RDONLY|0x80000 /* O_??? */) = 4
14508 15:39:21.914508 _llseek(4, 0, [0], SEEK_CUR) = 0
14508 15:39:21.914539 fstat64(4, {st_mode=S_IFREG|0644, st_size=1624, ...}) = 0
14508 15:39:21.914583 mmap2(NULL, 1624, PROT_READ, MAP_SHARED, 4, 0) = 0xb7f51000
14508 15:39:21.914603 _llseek(4, 1624, [1624], SEEK_SET) = 0
14508 15:39:21.914639 munmap(0xb7f51000, 1624) = 0
14508 15:39:21.914658 close(4)          = 0
14508 15:39:21.914679 getuid32()        = 0
14508 15:39:21.914695 open("/etc/passwd", O_RDONLY|0x80000 /* O_??? */) = 4
14508 15:39:21.914715 _llseek(4, 0, [0], SEEK_CUR) = 0
14508 15:39:21.914736 fstat64(4, {st_mode=S_IFREG|0644, st_size=1624, ...}) = 0
14508 15:39:21.914762 mmap2(NULL, 1624, PROT_READ, MAP_SHARED, 4, 0) = 0xb7f51000
14508 15:39:21.914780 _llseek(4, 1624, [1624], SEEK_SET) = 0
14508 15:39:21.914805 munmap(0xb7f51000, 1624) = 0
14508 15:39:21.914820 close(4)          = 0
14508 15:39:21.914874 open("/proc/sys/kernel/ngroups_max", O_RDONLY) = 4
14508 15:39:21.914910 read(4, "65536\n", 31) = 6
14508 15:39:21.914935 close(4)          = 0
14508 15:39:21.914957 socket(PF_FILE, SOCK_STREAM, 0) = 4
14508 15:39:21.914976 fcntl64(4, F_SETFL, O_RDWR|O_NONBLOCK) = 0
14508 15:39:21.914993 connect(4, {sa_family=AF_FILE, path="/var/run/nscd/socket"}, 110) = -1 ENOENT (No such file or directory)
14508 15:39:21.915025 close(4)          = 0
14508 15:39:21.915043 socket(PF_FILE, SOCK_STREAM, 0) = 4
14508 15:39:21.915058 fcntl64(4, F_SETFL, O_RDWR|O_NONBLOCK) = 0
14508 15:39:21.915074 connect(4, {sa_family=AF_FILE, path="/var/run/nscd/socket"}, 110) = -1 ENOENT (No such file or directory)
14508 15:39:21.915101 close(4)          = 0
14508 15:39:21.915141 open("/etc/group", O_RDONLY|0x80000 /* O_??? */) = 4
14508 15:39:21.915165 _llseek(4, 0, [0], SEEK_CUR) = 0
14508 15:39:21.915181 fstat64(4, {st_mode=S_IFREG|0644, st_size=886, ...}) = 0
14508 15:39:21.915207 mmap2(NULL, 886, PROT_READ, MAP_SHARED, 4, 0) = 0xb7f51000
14508 15:39:21.915224 _llseek(4, 886, [886], SEEK_SET) = 0
14508 15:39:21.915262 fstat64(4, {st_mode=S_IFREG|0644, st_size=886, ...}) = 0
14508 15:39:21.915288 munmap(0xb7f51000, 886) = 0
14508 15:39:21.915304 close(4)          = 0
14508 15:39:21.915324 setgroups32(13, [1000, 4, 20, 24, 25, 29, 30, 44, 46, 107, 111, 112, 119]) = 0
14508 15:39:21.915352 geteuid32()       = 0
14508 15:39:21.915369 getegid32()       = 0
14508 15:39:21.915385 setregid32(-1, 1000) = 0
14508 15:39:21.915401 setreuid32(-1, 1000) = 0
14508 15:39:21.915418 chdir("/home/msfadmin") = 0
14508 15:39:21.915436 setreuid32(-1, 0) = 0
14508 15:39:21.915450 setregid32(-1, 0) = 0
14508 15:39:21.915466 setgid32(1000)    = 0
14508 15:39:21.915481 setuid32(1000)    = 0
14508 15:39:21.915497 setrlimit(RLIMIT_NPROC, {rlim_cur=0, rlim_max=0}) = 0
14508 15:39:21.915521 mmap2(NULL, 12288, PROT_READ|PROT_WRITE, MAP_PRIVATE|MAP_ANONYMOUS, -1, 0) = 0xb7f4f000
14508 15:39:21.915540 mprotect(0xb7f51000, 4096, PROT_NONE) = 0
14508 15:39:21.915558 mprotect(0xb7f4f000, 4096, PROT_NONE) = 0
14508 15:39:21.915575 getcwd("/home/msfadmin", 4096) = 15
14508 15:39:21.915602 umask(022)        = 077
14508 15:39:21.915618 getcwd("/home/msfadmin", 4096) = 15
14508 15:39:21.915639 open(".message", O_RDONLY|O_NONBLOCK|O_LARGEFILE) = -1 ENOENT (No such file or directory)
14508 15:39:21.915673 write(0, "230 Login successful.\r\n", 23) = 23
14508 15:39:21.915820 rt_sigaction(SIGALRM, {0x805cad0, ~[RTMIN RT_1], 0}, NULL, 8) = 0
14508 15:39:21.916003 alarm(300)        = 0
14508 15:39:21.916023 mmap2(NULL, 12288, PROT_READ|PROT_WRITE, MAP_PRIVATE|MAP_ANONYMOUS, -1, 0) = 0xb7f4c000
14508 15:39:21.916041 mprotect(0xb7f4e000, 4096, PROT_NONE) = 0
14508 15:39:21.916059 mprotect(0xb7f4c000, 4096, PROT_NONE) = 0
14508 15:39:21.916079 recv(0, "TYPE I\r\n", 4096, MSG_PEEK) = 8
14508 15:39:21.916100 read(0, "TYPE I\r\n", 8) = 8
14508 15:39:21.916126 write(0, "200 Switching to Binary mode.\r\n", 31) = 31
14508 15:39:21.916188 rt_sigaction(SIGALRM, {0x805cad0, ~[RTMIN RT_1], 0}, NULL, 8) = 0
14508 15:39:21.916211 alarm(300)        = 300
14508 15:39:21.916228 recv(0, "PASV\r\n", 4096, MSG_PEEK) = 6
14508 15:39:21.916246 read(0, "PASV\r\n", 6) = 6
14508 15:39:21.916264 write(5, "\n", 1) = 1
14508 15:39:21.916281 read(5,  <unfinished ...>
14506 15:39:21.916301 close(5)          = 0
14506 15:39:21.916320 getuid32()        = 0
14506 15:39:21.916343 open("/etc/passwd", O_RDONLY|0x80000 /* O_??? */) = 5
14506 15:39:21.916365 _llseek(5, 0, [0], SEEK_CUR) = 0
14506 15:39:21.916385 fstat64(5, {st_mode=S_IFREG|0644, st_size=1624, ...}) = 0
14506 15:39:21.916412 mmap2(NULL, 1624, PROT_READ, MAP_SHARED, 5, 0) = 0xb7f51000
14506 15:39:21.916429 _llseek(5, 1624, [1624], SEEK_SET) = 0
14506 15:39:21.916456 munmap(0xb7f51000, 1624) = 0
14506 15:39:21.916474 close(5)          = 0
14506 15:39:21.916499 setgroups32(0, []) = 0
14506 15:39:21.916516 chdir("/usr/share/empty") = 0
14506 15:39:21.916536 chroot(".")       = 0
14506 15:39:21.916552 capset(NULL, NULL) = -1 EFAULT (Bad address)
14506 15:39:21.916573 prctl(0x8, 0, 0xbfa6ed18, 0x80549a6, 0xbfa6ed00) = 0
14506 15:39:21.916590 prctl(0x8, 0x1, 0xbfa6ed18, 0x8054a49, 0xbfa6ed00) = 0
14506 15:39:21.916606 setgid32(65534)   = 0
14506 15:39:21.916621 setuid32(65534)   = 0
14506 15:39:21.916635 capset(0x19980330, 0, {CAP_NET_BIND_SERVICE, CAP_NET_BIND_SERVICE, 0}) = 0
14506 15:39:21.916657 read(4, "\n", 1)  = 1
14506 15:39:21.916677 write(4, "\1", 1) = 1
14508 15:39:21.916694 <... read resumed> "\1", 1) = 1
14508 15:39:21.916706 write(5, "\f", 1) = 1
14508 15:39:21.916722 read(5,  <unfinished ...>
14506 15:39:21.916732 read(4, "\f", 1)  = 1
14506 15:39:21.916752 socket(PF_INET, SOCK_STREAM, IPPROTO_TCP) = 5
14506 15:39:21.916773 setsockopt(5, SOL_SOCKET, SO_REUSEADDR, [1], 4) = 0
14506 15:39:21.916790 gettimeofday({1495654761, 916796}, NULL) = 0
14506 15:39:21.916815 bind(5, {sa_family=AF_INET, sin_port=htons(31635), sin_addr=inet_addr("127.0.0.1")}, 16) = 0
14506 15:39:21.916839 listen(5, 1)      = 0
14506 15:39:21.916859 write(4, "\223{\0\0", 4) = 4
14508 15:39:21.916877 <... read resumed> "\223{\0\0", 4) = 4
14508 15:39:21.916898 write(0, "227 Entering Passive Mode (127,0,0,1,123,147).\r\n", 48) = 48
14508 15:39:21.917063 rt_sigaction(SIGALRM, {0x805cad0, ~[RTMIN RT_1], 0}, NULL, 8) = 0
14508 15:39:21.917090 alarm(300)        = 300
14508 15:39:21.917108 recv(0, "STOR myfile31\r\n", 4096, MSG_PEEK) = 15
14508 15:39:21.917127 read(0, "STOR myfile31\r\n", 15) = 15
14508 15:39:21.917150 write(5, "\v", 1) = 1
14508 15:39:21.917167 read(5,  <unfinished ...>
14506 15:39:21.917178 read(4, "\v", 1)  = 1
14506 15:39:21.917195 write(4, "\1\0\0\0", 4) = 4
14508 15:39:21.917212 <... read resumed> "\1\0\0\0", 4) = 4
14508 15:39:21.917225 gettimeofday({1495654761, 917231}, NULL) = 0
14508 15:39:21.917242 getcwd("/home/msfadmin", 4096) = 15
14508 15:39:21.917261 open("myfile31", O_WRONLY|O_CREAT|O_NONBLOCK|O_LARGEFILE, 0666) = 4
14508 15:39:21.917282 fstat64(4, {st_mode=S_IFREG|0644, st_size=17, ...}) = 0
14508 15:39:21.917308 fcntl64(4, F_GETFL) = 0x8801 (flags O_WRONLY|O_NONBLOCK|O_LARGEFILE)
14508 15:39:21.917324 fcntl64(4, F_SETFL, O_WRONLY|O_LARGEFILE) = 0
14508 15:39:21.917346 fcntl64(4, F_SETLKW64, {type=F_WRLCK, whence=SEEK_SET, start=0, len=0}, 0xbfa6ec64) = 0
14508 15:39:21.917370 ftruncate64(4, 0) = 0
14508 15:39:21.917399 _llseek(4, 0, [0], SEEK_SET) = 0
14508 15:39:21.917416 write(5, "\v", 1) = 1
14508 15:39:21.917432 read(5,  <unfinished ...>
14506 15:39:21.917443 read(4, "\v", 1)  = 1
14506 15:39:21.917460 write(4, "\1\0\0\0", 4) = 4
14508 15:39:21.917476 <... read resumed> "\1\0\0\0", 4) = 4
14508 15:39:21.917488 write(5, "\v", 1) = 1
14508 15:39:21.917503 read(5,  <unfinished ...>
14506 15:39:21.917514 read(4, "\v", 1)  = 1
14506 15:39:21.917531 write(4, "\1\0\0\0", 4) = 4
14508 15:39:21.917546 <... read resumed> "\1\0\0\0", 4) = 4
14508 15:39:21.917558 write(5, "\r", 1) = 1
14508 15:39:21.917573 read(5,  <unfinished ...>
14506 15:39:21.917583 read(4, "\r", 1)  = 1
14506 15:39:21.917603 select(6, [5], NULL, NULL, {60, 0}) = 1 (in [5], left {60, 0})
14506 15:39:21.917629 accept(5, {sa_family=AF_INET, sin_port=htons(51629), sin_addr=inet_addr("127.0.0.1")}, [16]) = 6
14506 15:39:21.917662 write(4, "\1", 1) = 1
14508 15:39:21.917678 <... read resumed> "\1", 1) = 1
14508 15:39:21.917693 recvmsg(5,  <unfinished ...>
14506 15:39:21.917708 sendmsg(4, {msg_name(0)=NULL, msg_iov(1)=[{"\0", 1}], msg_controllen=16, {cmsg_len=16, cmsg_level=SOL_SOCKET, cmsg_type=SCM_RIGHTS, {6}}, msg_flags=0}, 0) = 1
14508 15:39:21.917734 <... recvmsg resumed> {msg_name(0)=NULL, msg_iov(1)=[{"\0", 1}], msg_controllen=16, {cmsg_len=16, cmsg_level=SOL_SOCKET, cmsg_type=SCM_RIGHTS, {6}}, msg_flags=0}, 0) = 1
14508 15:39:21.917754 setsockopt(6, SOL_SOCKET, SO_KEEPALIVE, [1], 4) = 0
14508 15:39:21.917773 setsockopt(6, SOL_IP, IP_TOS, [8], 4) = 0
14508 15:39:21.917791 setsockopt(6, SOL_SOCKET, SO_LINGER, {onoff=1, linger=32767}, 8) = 0
14508 15:39:21.917808 rt_sigaction(SIGALRM, {0x805cad0, ~[RTMIN RT_1], 0}, NULL, 8) = 0
14508 15:39:21.917829 alarm(300)        = 300
14508 15:39:21.917848 write(0, "150 Ok to send data.\r\n", 22) = 22
14508 15:39:21.917961 mmap2(NULL, 77824, PROT_READ|PROT_WRITE, MAP_PRIVATE|MAP_ANONYMOUS, -1, 0) = 0xb7d86000
14508 15:39:21.917983 mprotect(0xb7d98000, 4096, PROT_NONE) = 0
14508 15:39:21.918001 mprotect(0xb7d86000, 4096, PROT_NONE) = 0
14508 15:39:21.918017 read(6, "assasaaa\na\na\na\na\n", 65536) = 17
14508 15:39:21.918038 write(4, "assasaaa\na\na\na\na\n", 17) = 17
14508 15:39:21.918062 read(6, "", 65536) = 0
14508 15:39:21.918078 rt_sigaction(SIGALRM, {0x805cad0, ~[RTMIN RT_1], 0}, NULL, 8) = 0
14508 15:39:21.918099 alarm(300)        = 300
14508 15:39:21.918114 close(6)          = 0
14508 15:39:21.918128 alarm(0)          = 300
14508 15:39:21.918142 gettimeofday({1495654761, 918148}, NULL) = 0
14508 15:39:21.918170 getpid()          = 14508
14508 15:39:21.918188 gettimeofday({1495654761, 918194}, NULL) = 0
14508 15:39:21.918214 fcntl64(3, F_SETLKW64, {type=F_WRLCK, whence=SEEK_SET, start=0, len=0}, 0xbfa6ec04) = 0
14508 15:39:21.918237 write(3, "Wed May 24 15:39:21 2017 [pid 14508] [msfadmin] OK UPLOAD: Client \"127.0.0.1\", \"/home/msfadmin/myfile31\", 17 bytes, 17.24Kbyte/sec\n", 131) = 131
14508 15:39:21.918266 fcntl64(3, F_SETLK64, {type=F_UNLCK, whence=SEEK_SET, start=0, len=0}, 0xbfa6ec0c) = 0
14508 15:39:21.918288 write(0, "226 Transfer complete.\r\n", 24) = 24
14508 15:39:21.918347 write(5, "\n", 1) = 1
14508 15:39:21.918365 read(5,  <unfinished ...>
14506 15:39:21.918376 close(6)          = 0
14506 15:39:21.918403 read(4, "\n", 1)  = 1
14506 15:39:21.918421 close(5)          = 0
14506 15:39:21.918437 write(4, "\1", 1) = 1
14508 15:39:21.918481 <... read resumed> "\1", 1) = 1
14508 15:39:21.918495 close(4)          = 0
14508 15:39:21.918512 rt_sigaction(SIGALRM, {0x805cad0, ~[RTMIN RT_1], 0}, NULL, 8) = 0
14508 15:39:21.918532 alarm(300)        = 0
14508 15:39:21.918550 recv(0,  <unfinished ...>
14506 15:39:21.918562 read(4,  <unfinished ...>
14508 15:39:22.428598 <... recv resumed> "TYPE I\r\n", 4096, MSG_PEEK) = 8
14508 15:39:22.428651 read(0, "TYPE I\r\n", 8) = 8
14508 15:39:22.428699 write(0, "200 Switching to Binary mode.\r\n", 31) = 31
14508 15:39:22.428802 rt_sigaction(SIGALRM, {0x805cad0, ~[RTMIN RT_1], 0}, NULL, 8) = 0
14508 15:39:22.428840 alarm(300)        = 299
14508 15:39:22.428861 recv(0, "PASV\r\n", 4096, MSG_PEEK) = 6
14508 15:39:22.428880 read(0, "PASV\r\n", 6) = 6
14508 15:39:22.428899 write(5, "\n", 1) = 1
14508 15:39:22.428918 read(5,  <unfinished ...>
14506 15:39:22.428931 <... read resumed> "\n", 1) = 1
14506 15:39:22.428944 write(4, "\1", 1) = 1
14508 15:39:22.428961 <... read resumed> "\1", 1) = 1
14508 15:39:22.428972 write(5, "\f", 1) = 1
14508 15:39:22.428988 read(5,  <unfinished ...>
14506 15:39:22.428999 read(4, "\f", 1)  = 1
14506 15:39:22.429017 socket(PF_INET, SOCK_STREAM, IPPROTO_TCP) = 5
14506 15:39:22.429040 setsockopt(5, SOL_SOCKET, SO_REUSEADDR, [1], 4) = 0
14506 15:39:22.429061 bind(5, {sa_family=AF_INET, sin_port=htons(9531), sin_addr=inet_addr("127.0.0.1")}, 16) = 0
14506 15:39:22.429085 listen(5, 1)      = 0
14506 15:39:22.429106 write(4, ";%\0\0", 4) = 4
14508 15:39:22.429122 <... read resumed> ";%\0\0", 4) = 4
14508 15:39:22.429141 write(0, "227 Entering Passive Mode (127,0,0,1,37,59).\r\n", 46) = 46
14508 15:39:22.429295 rt_sigaction(SIGALRM, {0x805cad0, ~[RTMIN RT_1], 0}, NULL, 8) = 0
14508 15:39:22.429320 alarm(300)        = 300
14508 15:39:22.429357 recv(0, "STOR myfile32\r\n", 4096, MSG_PEEK) = 15
14508 15:39:22.429383 read(0, "STOR myfile32\r\n", 15) = 15
14508 15:39:22.429404 write(5, "\v", 1) = 1
14508 15:39:22.429421 read(5,  <unfinished ...>
14506 15:39:22.429432 read(4, "\v", 1)  = 1
14506 15:39:22.429449 write(4, "\1\0\0\0", 4) = 4
14508 15:39:22.429466 <... read resumed> "\1\0\0\0", 4) = 4
14508 15:39:22.429478 gettimeofday({1495654762, 429484}, NULL) = 0
14508 15:39:22.429495 getcwd("/home/msfadmin", 4096) = 15
14508 15:39:22.429515 open("myfile32", O_WRONLY|O_CREAT|O_NONBLOCK|O_LARGEFILE, 0666) = 4
14508 15:39:22.429536 fstat64(4, {st_mode=S_IFREG|0644, st_size=17, ...}) = 0
14508 15:39:22.429563 fcntl64(4, F_GETFL) = 0x8801 (flags O_WRONLY|O_NONBLOCK|O_LARGEFILE)
14508 15:39:22.429580 fcntl64(4, F_SETFL, O_WRONLY|O_LARGEFILE) = 0
14508 15:39:22.429595 fcntl64(4, F_SETLKW64, {type=F_WRLCK, whence=SEEK_SET, start=0, len=0}, 0xbfa6ec64) = 0
14508 15:39:22.429617 ftruncate64(4, 0) = 0
14508 15:39:22.429645 _llseek(4, 0, [0], SEEK_SET) = 0
14508 15:39:22.429662 write(5, "\v", 1) = 1
14508 15:39:22.429678 read(5,  <unfinished ...>
14506 15:39:22.429689 read(4, "\v", 1)  = 1
14506 15:39:22.429706 write(4, "\1\0\0\0", 4) = 4
14508 15:39:22.429723 <... read resumed> "\1\0\0\0", 4) = 4
14508 15:39:22.429735 write(5, "\v", 1) = 1
14508 15:39:22.429750 read(5,  <unfinished ...>
14506 15:39:22.429760 read(4, "\v", 1)  = 1
14506 15:39:22.429777 write(4, "\1\0\0\0", 4) = 4
14508 15:39:22.429792 <... read resumed> "\1\0\0\0", 4) = 4
14508 15:39:22.429804 write(5, "\r", 1) = 1
14508 15:39:22.429819 read(5,  <unfinished ...>
14506 15:39:22.429830 read(4, "\r", 1)  = 1
14506 15:39:22.429848 select(6, [5], NULL, NULL, {60, 0}) = 1 (in [5], left {60, 0})
14506 15:39:22.429873 accept(5, {sa_family=AF_INET, sin_port=htons(58923), sin_addr=inet_addr("127.0.0.1")}, [16]) = 6
14506 15:39:22.429906 write(4, "\1", 1) = 1
14508 15:39:22.429923 <... read resumed> "\1", 1) = 1
14508 15:39:22.429936 recvmsg(5,  <unfinished ...>
14506 15:39:22.429949 sendmsg(4, {msg_name(0)=NULL, msg_iov(1)=[{"\0", 1}], msg_controllen=16, {cmsg_len=16, cmsg_level=SOL_SOCKET, cmsg_type=SCM_RIGHTS, {6}}, msg_flags=0}, 0) = 1
14508 15:39:22.429975 <... recvmsg resumed> {msg_name(0)=NULL, msg_iov(1)=[{"\0", 1}], msg_controllen=16, {cmsg_len=16, cmsg_level=SOL_SOCKET, cmsg_type=SCM_RIGHTS, {6}}, msg_flags=0}, 0) = 1
14508 15:39:22.429995 setsockopt(6, SOL_SOCKET, SO_KEEPALIVE, [1], 4) = 0
14508 15:39:22.430014 setsockopt(6, SOL_IP, IP_TOS, [8], 4) = 0
14508 15:39:22.430032 setsockopt(6, SOL_SOCKET, SO_LINGER, {onoff=1, linger=32767}, 8) = 0
14508 15:39:22.430049 rt_sigaction(SIGALRM, {0x805cad0, ~[RTMIN RT_1], 0}, NULL, 8) = 0
14508 15:39:22.430070 alarm(300)        = 300
14508 15:39:22.430125 write(0, "150 Ok to send data.\r\n", 22) = 22
14508 15:39:22.430230 read(6, "assasaaa\na\na\na\na\n", 65536) = 17
14508 15:39:22.430258 write(4, "assasaaa\na\na\na\na\n", 17) = 17
14508 15:39:22.430281 read(6, "", 65536) = 0
14508 15:39:22.430312 rt_sigaction(SIGALRM, {0x805cad0, ~[RTMIN RT_1], 0}, NULL, 8) = 0
14508 15:39:22.430337 alarm(300)        = 300
14508 15:39:22.430352 close(6)          = 0
14508 15:39:22.430367 alarm(0)          = 300
14508 15:39:22.430381 gettimeofday({1495654762, 430387}, NULL) = 0
14508 15:39:22.430405 gettimeofday({1495654762, 430411}, NULL) = 0
14508 15:39:22.430425 fcntl64(3, F_SETLKW64, {type=F_WRLCK, whence=SEEK_SET, start=0, len=0}, 0xbfa6ec04) = 0
14508 15:39:22.430448 write(3, "Wed May 24 15:39:22 2017 [pid 14508] [msfadmin] OK UPLOAD: Client \"127.0.0.1\", \"/home/msfadmin/myfile32\", 17 bytes, 17.91Kbyte/sec\n", 131) = 131
14508 15:39:22.430479 fcntl64(3, F_SETLK64, {type=F_UNLCK, whence=SEEK_SET, start=0, len=0}, 0xbfa6ec0c) = 0
14508 15:39:22.430501 write(0, "226 Transfer complete.\r\n", 24) = 24
14508 15:39:22.430565 write(5, "\n", 1) = 1
14508 15:39:22.430583 read(5,  <unfinished ...>
14506 15:39:22.430594 close(6)          = 0
14506 15:39:22.430621 read(4, "\n", 1)  = 1
14506 15:39:22.430639 close(5)          = 0
14506 15:39:22.430655 write(4, "\1", 1) = 1
14508 15:39:22.430672 <... read resumed> "\1", 1) = 1
14508 15:39:22.430683 close(4)          = 0
14508 15:39:22.430700 rt_sigaction(SIGALRM, {0x805cad0, ~[RTMIN RT_1], 0}, NULL, 8) = 0
14508 15:39:22.430720 alarm(300)        = 0
14508 15:39:22.430737 recv(0,  <unfinished ...>
14506 15:39:22.430749 read(4,  <unfinished ...>
14508 15:39:22.969572 <... recv resumed> "TYPE I\r\n", 4096, MSG_PEEK) = 8
14508 15:39:22.969698 read(0, "TYPE I\r\n", 8) = 8
14508 15:39:22.969821 write(0, "200 Switching to Binary mode.\r\n", 31) = 31
14508 15:39:22.969986 rt_sigaction(SIGALRM, {0x805cad0, ~[RTMIN RT_1], 0}, NULL, 8) = 0
14508 15:39:22.970096 alarm(300)        = 299
14508 15:39:22.970132 recv(0, "PASV\r\n", 4096, MSG_PEEK) = 6
14508 15:39:22.970165 read(0, "PASV\r\n", 6) = 6
14508 15:39:22.970198 write(5, "\n", 1) = 1
14508 15:39:22.970231 read(5,  <unfinished ...>
14506 15:39:22.970260 <... read resumed> "\n", 1) = 1
14506 15:39:22.970285 write(4, "\1", 1) = 1
14508 15:39:22.970315 <... read resumed> "\1", 1) = 1
14508 15:39:22.970337 write(5, "\f", 1) = 1
14508 15:39:22.970366 read(5,  <unfinished ...>
14506 15:39:22.970386 read(4, "\f", 1)  = 1
14506 15:39:22.970420 socket(PF_INET, SOCK_STREAM, IPPROTO_TCP) = 5
14506 15:39:22.970484 setsockopt(5, SOL_SOCKET, SO_REUSEADDR, [1], 4) = 0
14506 15:39:22.970524 bind(5, {sa_family=AF_INET, sin_port=htons(38388), sin_addr=inet_addr("127.0.0.1")}, 16) = 0
14506 15:39:22.970567 listen(5, 1)      = 0
14506 15:39:22.970603 write(4, "\364\225\0\0", 4) = 4
14508 15:39:22.970635 <... read resumed> "\364\225\0\0", 4) = 4
14508 15:39:22.970669 write(0, "227 Entering Passive Mode (127,0,0,1,149,244).\r\n", 48) = 48
14508 15:39:22.970916 rt_sigaction(SIGALRM, {0x805cad0, ~[RTMIN RT_1], 0}, NULL, 8) = 0
14508 15:39:22.970962 alarm(300)        = 300
14508 15:39:22.970996 recv(0, "STOR myfile33\r\n", 4096, MSG_PEEK) = 15
14508 15:39:22.971031 read(0, "STOR myfile33\r\n", 15) = 15
14508 15:39:22.971069 write(5, "\v", 1) = 1
14508 15:39:22.971100 read(5,  <unfinished ...>
14506 15:39:22.971120 read(4, "\v", 1)  = 1
14506 15:39:22.971154 write(4, "\1\0\0\0", 4) = 4
14508 15:39:22.971186 <... read resumed> "\1\0\0\0", 4) = 4
14508 15:39:22.971209 gettimeofday({1495654762, 971220}, NULL) = 0
14508 15:39:22.971240 getcwd("/home/msfadmin", 4096) = 15
14508 15:39:22.971284 open("myfile33", O_WRONLY|O_CREAT|O_NONBLOCK|O_LARGEFILE, 0666) = 4
14508 15:39:22.971315 fstat64(4, {st_mode=S_IFREG|0644, st_size=17, ...}) = 0
14508 15:39:22.971356 fcntl64(4, F_GETFL) = 0x8801 (flags O_WRONLY|O_NONBLOCK|O_LARGEFILE)
14508 15:39:22.971382 fcntl64(4, F_SETFL, O_WRONLY|O_LARGEFILE) = 0
14508 15:39:22.971416 fcntl64(4, F_SETLKW64, {type=F_WRLCK, whence=SEEK_SET, start=0, len=0}, 0xbfa6ec64) = 0
14508 15:39:22.971455 ftruncate64(4, 0) = 0
14508 15:39:22.971494 _llseek(4, 0, [0], SEEK_SET) = 0
14508 15:39:22.971532 write(5, "\v", 1) = 1
14508 15:39:22.971559 read(5,  <unfinished ...>
14506 15:39:22.971576 read(4, "\v", 1)  = 1
14506 15:39:22.971602 write(4, "\1\0\0\0", 4) = 4
14508 15:39:22.971628 <... read resumed> "\1\0\0\0", 4) = 4
14508 15:39:22.971647 write(5, "\v", 1) = 1
14508 15:39:22.971671 read(5,  <unfinished ...>
14506 15:39:22.971687 read(4, "\v", 1)  = 1
14506 15:39:22.971713 write(4, "\1\0\0\0", 4) = 4
14508 15:39:22.971738 <... read resumed> "\1\0\0\0", 4) = 4
14508 15:39:22.971757 write(5, "\r", 1) = 1
14508 15:39:22.971781 read(5,  <unfinished ...>
14506 15:39:22.971797 read(4, "\r", 1)  = 1
14506 15:39:22.971824 select(6, [5], NULL, NULL, {60, 0}) = 1 (in [5], left {60, 0})
14506 15:39:22.971863 accept(5, {sa_family=AF_INET, sin_port=htons(41264), sin_addr=inet_addr("127.0.0.1")}, [16]) = 6
14506 15:39:22.971915 write(4, "\1", 1) = 1
14508 15:39:22.971940 <... read resumed> "\1", 1) = 1
14508 15:39:22.971961 recvmsg(5,  <unfinished ...>
14506 15:39:22.971982 sendmsg(4, {msg_name(0)=NULL, msg_iov(1)=[{"\0", 1}], msg_controllen=16, {cmsg_len=16, cmsg_level=SOL_SOCKET, cmsg_type=SCM_RIGHTS, {6}}, msg_flags=0}, 0) = 1
14508 15:39:22.972023 <... recvmsg resumed> {msg_name(0)=NULL, msg_iov(1)=[{"\0", 1}], msg_controllen=16, {cmsg_len=16, cmsg_level=SOL_SOCKET, cmsg_type=SCM_RIGHTS, {6}}, msg_flags=0}, 0) = 1
14508 15:39:22.972056 setsockopt(6, SOL_SOCKET, SO_KEEPALIVE, [1], 4) = 0
14508 15:39:22.972085 setsockopt(6, SOL_IP, IP_TOS, [8], 4) = 0
14508 15:39:22.972113 setsockopt(6, SOL_SOCKET, SO_LINGER, {onoff=1, linger=32767}, 8) = 0
14508 15:39:22.972140 rt_sigaction(SIGALRM, {0x805cad0, ~[RTMIN RT_1], 0}, NULL, 8) = 0
14508 15:39:22.972173 alarm(300)        = 300
14508 15:39:22.972202 write(0, "150 Ok to send data.\r\n", 22) = 22
14508 15:39:22.972331 read(6, "assasaaa\na\na\na\na\n", 65536) = 17
14508 15:39:22.972363 write(4, "assasaaa\na\na\na\na\n", 17) = 17
14508 15:39:22.972416 read(6, "", 65536) = 0
14508 15:39:22.972443 rt_sigaction(SIGALRM, {0x805cad0, ~[RTMIN RT_1], 0}, NULL, 8) = 0
14508 15:39:22.972475 alarm(300)        = 300
14508 15:39:22.972499 close(6)          = 0
14508 15:39:22.972521 alarm(0)          = 300
14508 15:39:22.972543 gettimeofday({1495654762, 972552}, NULL) = 0
14508 15:39:22.972577 gettimeofday({1495654762, 972587}, NULL) = 0
14508 15:39:22.972609 fcntl64(3, F_SETLKW64, {type=F_WRLCK, whence=SEEK_SET, start=0, len=0}, 0xbfa6ec04) = 0
14508 15:39:22.972643 write(3, "Wed May 24 15:39:22 2017 [pid 14508] [msfadmin] OK UPLOAD: Client \"127.0.0.1\", \"/home/msfadmin/myfile33\", 17 bytes, 12.14Kbyte/sec\n", 131) = 131
14508 15:39:22.972693 fcntl64(3, F_SETLK64, {type=F_UNLCK, whence=SEEK_SET, start=0, len=0}, 0xbfa6ec0c) = 0
14508 15:39:22.972727 write(0, "226 Transfer complete.\r\n", 24) = 24
14508 15:39:22.972812 write(5, "\n", 1) = 1
14508 15:39:22.972839 read(5,  <unfinished ...>
14506 15:39:22.972856 close(6)          = 0
14506 15:39:22.972895 read(4, "\n", 1)  = 1
14506 15:39:22.972922 close(5)          = 0
14506 15:39:22.972947 write(4, "\1", 1) = 1
14508 15:39:22.972973 <... read resumed> "\1", 1) = 1
14508 15:39:22.972990 close(4)          = 0
14508 15:39:22.973014 rt_sigaction(SIGALRM, {0x805cad0, ~[RTMIN RT_1], 0}, NULL, 8) = 0
14508 15:39:22.973046 alarm(300)        = 0
14508 15:39:22.973072 recv(0,  <unfinished ...>
14506 15:39:22.973090 read(4,  <unfinished ...>
14508 15:39:23.488597 <... recv resumed> "TYPE I\r\n", 4096, MSG_PEEK) = 8
14508 15:39:23.488693 read(0, "TYPE I\r\n", 8) = 8
14508 15:39:23.488778 write(0, "200 Switching to Binary mode.\r\n", 31) = 31
14508 15:39:23.488986 rt_sigaction(SIGALRM, {0x805cad0, ~[RTMIN RT_1], 0}, NULL, 8) = 0
14508 15:39:23.489063 alarm(300)        = 299
14508 15:39:23.489119 recv(0, "PASV\r\n", 4096, MSG_PEEK) = 6
14508 15:39:23.489230 read(0, "PASV\r\n", 6) = 6
14508 15:39:23.489307 write(5, "\n", 1) = 1
14508 15:39:23.489362 read(5,  <unfinished ...>
14506 15:39:23.489397 <... read resumed> "\n", 1) = 1
14506 15:39:23.489435 write(4, "\1", 1) = 1
14508 15:39:23.489484 <... read resumed> "\1", 1) = 1
14508 15:39:23.489530 write(5, "\f", 1) = 1
14508 15:39:23.489608 read(5,  <unfinished ...>
14506 15:39:23.489641 read(4, "\f", 1)  = 1
14506 15:39:23.489697 socket(PF_INET, SOCK_STREAM, IPPROTO_TCP) = 5
14506 15:39:23.489763 setsockopt(5, SOL_SOCKET, SO_REUSEADDR, [1], 4) = 0
14506 15:39:23.489839 bind(5, {sa_family=AF_INET, sin_port=htons(9199), sin_addr=inet_addr("127.0.0.1")}, 16) = 0
14506 15:39:23.489909 listen(5, 1)      = 0
14506 15:39:23.489963 write(4, "\357#\0\0", 4) = 4
14508 15:39:23.490924 <... read resumed> "\357#\0\0", 4) = 4
14508 15:39:23.491038 write(0, "227 Entering Passive Mode (127,0,0,1,35,239).\r\n", 47) = 47
14508 15:39:23.491637 rt_sigaction(SIGALRM, {0x805cad0, ~[RTMIN RT_1], 0}, NULL, 8) = 0
14508 15:39:23.491715 alarm(300)        = 300
14508 15:39:23.491769 recv(0, "STOR myfile34\r\n", 4096, MSG_PEEK) = 15
14508 15:39:23.491893 read(0, "STOR myfile34\r\n", 15) = 15
14508 15:39:23.491971 write(5, "\v", 1) = 1
14508 15:39:23.492021 read(5,  <unfinished ...>
14506 15:39:23.492054 read(4, "\v", 1)  = 1
14506 15:39:23.492107 write(4, "\1\0\0\0", 4) = 4
14508 15:39:23.492167 <... read resumed> "\1\0\0\0", 4) = 4
14508 15:39:23.492216 gettimeofday({1495654763, 492233}, NULL) = 0
14508 15:39:23.492267 getcwd("/home/msfadmin", 4096) = 15
14508 15:39:23.492324 open("myfile34", O_WRONLY|O_CREAT|O_NONBLOCK|O_LARGEFILE, 0666) = 4
14508 15:39:23.492385 fstat64(4, {st_mode=S_IFREG|0644, st_size=17, ...}) = 0
14508 15:39:23.492481 fcntl64(4, F_GETFL) = 0x8801 (flags O_WRONLY|O_NONBLOCK|O_LARGEFILE)
14508 15:39:23.492533 fcntl64(4, F_SETFL, O_WRONLY|O_LARGEFILE) = 0
14508 15:39:23.492579 fcntl64(4, F_SETLKW64, {type=F_WRLCK, whence=SEEK_SET, start=0, len=0}, 0xbfa6ec64) = 0
14508 15:39:23.492641 ftruncate64(4, 0) = 0
14508 15:39:23.492714 _llseek(4, 0, [0], SEEK_SET) = 0
14508 15:39:23.492776 write(5, "\v", 1) = 1
14508 15:39:23.492875 read(5,  <unfinished ...>
14506 15:39:23.492913 read(4, "\v", 1)  = 1
14506 15:39:23.492967 write(4, "\1\0\0\0", 4) = 4
14508 15:39:23.493032 <... read resumed> "\1\0\0\0", 4) = 4
14508 15:39:23.493072 write(5, "\v", 1) = 1
14508 15:39:23.493119 read(5,  <unfinished ...>
14506 15:39:23.493150 read(4, "\v", 1)  = 1
14506 15:39:23.493200 write(4, "\1\0\0\0", 4) = 4
14508 15:39:23.493248 <... read resumed> "\1\0\0\0", 4) = 4
14508 15:39:23.493282 write(5, "\r", 1) = 1
14508 15:39:23.493328 read(5,  <unfinished ...>
14506 15:39:23.493372 read(4, "\r", 1)  = 1
14506 15:39:23.493433 select(6, [5], NULL, NULL, {60, 0}) = 1 (in [5], left {60, 0})
14506 15:39:23.493507 accept(5, {sa_family=AF_INET, sin_port=htons(36610), sin_addr=inet_addr("127.0.0.1")}, [16]) = 6
14506 15:39:23.493614 write(4, "\1", 1) = 1
14508 15:39:23.493675 <... read resumed> "\1", 1) = 1
14508 15:39:23.493716 recvmsg(5,  <unfinished ...>
14506 15:39:23.493756 sendmsg(4, {msg_name(0)=NULL, msg_iov(1)=[{"\0", 1}], msg_controllen=16, {cmsg_len=16, cmsg_level=SOL_SOCKET, cmsg_type=SCM_RIGHTS, {6}}, msg_flags=0}, 0) = 1
14508 15:39:23.493878 <... recvmsg resumed> {msg_name(0)=NULL, msg_iov(1)=[{"\0", 1}], msg_controllen=16, {cmsg_len=16, cmsg_level=SOL_SOCKET, cmsg_type=SCM_RIGHTS, {6}}, msg_flags=0}, 0) = 1
14508 15:39:23.493943 setsockopt(6, SOL_SOCKET, SO_KEEPALIVE, [1], 4) = 0
14508 15:39:23.494000 setsockopt(6, SOL_IP, IP_TOS, [8], 4) = 0
14508 15:39:23.494054 setsockopt(6, SOL_SOCKET, SO_LINGER, {onoff=1, linger=32767}, 8) = 0
14508 15:39:23.494105 rt_sigaction(SIGALRM, {0x805cad0, ~[RTMIN RT_1], 0}, NULL, 8) = 0
14508 15:39:23.494167 alarm(300)        = 300
14508 15:39:23.494226 write(0, "150 Ok to send data.\r\n", 22) = 22
14508 15:39:23.494503 read(6, "assasaaa\na\na\na\na\n", 65536) = 17
14508 15:39:23.494568 write(4, "assasaaa\na\na\na\na\n", 17) = 17
14508 15:39:23.494639 read(6, "", 65536) = 0
14508 15:39:23.494687 rt_sigaction(SIGALRM, {0x805cad0, ~[RTMIN RT_1], 0}, NULL, 8) = 0
14508 15:39:23.494798 alarm(300)        = 300
14508 15:39:23.494883 close(6)          = 0
14508 15:39:23.494950 alarm(0)          = 300
14508 15:39:23.495019 gettimeofday({1495654763, 495048}, NULL) = 0
14508 15:39:23.495122 gettimeofday({1495654763, 495152}, NULL) = 0
14508 15:39:23.495217 fcntl64(3, F_SETLKW64, {type=F_WRLCK, whence=SEEK_SET, start=0, len=0}, 0xbfa6ec04) = 0
14508 15:39:23.495308 write(3, "Wed May 24 15:39:23 2017 [pid 14508] [msfadmin] OK UPLOAD: Client \"127.0.0.1\", \"/home/msfadmin/myfile34\", 17 bytes, 5.69Kbyte/sec\n", 130) = 130
14508 15:39:23.495401 fcntl64(3, F_SETLK64, {type=F_UNLCK, whence=SEEK_SET, start=0, len=0}, 0xbfa6ec0c) = 0
14508 15:39:23.495468 write(0, "226 Transfer complete.\r\n", 24) = 24
14508 15:39:23.495658 write(5, "\n", 1) = 1
14508 15:39:23.495754 read(5,  <unfinished ...>
14506 15:39:23.495800 close(6)          = 0
14506 15:39:23.495886 read(4, "\n", 1)  = 1
14506 15:39:23.495942 close(5)          = 0
14506 15:39:23.495991 write(4, "\1", 1) = 1
14508 15:39:23.496041 <... read resumed> "\1", 1) = 1
14508 15:39:23.496075 close(4)          = 0
14508 15:39:23.496125 rt_sigaction(SIGALRM, {0x805cad0, ~[RTMIN RT_1], 0}, NULL, 8) = 0
14508 15:39:23.496187 alarm(300)        = 0
14508 15:39:23.496239 recv(0,  <unfinished ...>
14506 15:39:23.496275 read(4,  <unfinished ...>
14508 15:39:24.038594 <... recv resumed> "TYPE I\r\n", 4096, MSG_PEEK) = 8
14508 15:39:24.038689 read(0, "TYPE I\r\n", 8) = 8
14508 15:39:24.038772 write(0, "200 Switching to Binary mode.\r\n", 31) = 31
14508 15:39:24.038954 rt_sigaction(SIGALRM, {0x805cad0, ~[RTMIN RT_1], 0}, NULL, 8) = 0
14508 15:39:24.039107 alarm(300)        = 299
14508 15:39:24.039182 recv(0, "PASV\r\n", 4096, MSG_PEEK) = 6
14508 15:39:24.039239 read(0, "PASV\r\n", 6) = 6
14508 15:39:24.039295 write(5, "\n", 1) = 1
14508 15:39:24.039349 read(5,  <unfinished ...>
14506 15:39:24.039384 <... read resumed> "\n", 1) = 1
14506 15:39:24.039423 write(4, "\1", 1) = 1
14508 15:39:24.039471 <... read resumed> "\1", 1) = 1
14508 15:39:24.039505 write(5, "\f", 1) = 1
14508 15:39:24.039552 read(5,  <unfinished ...>
14506 15:39:24.039584 read(4, "\f", 1)  = 1
14506 15:39:24.039639 socket(PF_INET, SOCK_STREAM, IPPROTO_TCP) = 5
14506 15:39:24.039702 setsockopt(5, SOL_SOCKET, SO_REUSEADDR, [1], 4) = 0
14506 15:39:24.039765 bind(5, {sa_family=AF_INET, sin_port=htons(53216), sin_addr=inet_addr("127.0.0.1")}, 16) = 0
14506 15:39:24.039833 listen(5, 1)      = 0
14506 15:39:24.039891 write(4, "\340\317\0\0", 4) = 4
14508 15:39:24.040095 <... read resumed> "\340\317\0\0", 4) = 4
14508 15:39:24.040153 write(0, "227 Entering Passive Mode (127,0,0,1,207,224).\r\n", 48) = 48
14508 15:39:24.040578 rt_sigaction(SIGALRM, {0x805cad0, ~[RTMIN RT_1], 0}, NULL, 8) = 0
14508 15:39:24.040654 alarm(300)        = 300
14508 15:39:24.040709 recv(0, "STOR myfile35\r\n", 4096, MSG_PEEK) = 15
14508 15:39:24.040767 read(0, "STOR myfile35\r\n", 15) = 15
14508 15:39:24.040829 write(5, "\v", 1) = 1
14508 15:39:24.040878 read(5,  <unfinished ...>
14506 15:39:24.040912 read(4, "\v", 1)  = 1
14506 15:39:24.041022 write(4, "\1\0\0\0", 4) = 4
14508 15:39:24.041086 <... read resumed> "\1\0\0\0", 4) = 4
14508 15:39:24.041124 gettimeofday({1495654764, 41142}, NULL) = 0
14508 15:39:24.041175 getcwd("/home/msfadmin", 4096) = 15
14508 15:39:24.041232 open("myfile35", O_WRONLY|O_CREAT|O_NONBLOCK|O_LARGEFILE, 0666) = 4
14508 15:39:24.041294 fstat64(4, {st_mode=S_IFREG|0644, st_size=17, ...}) = 0
14508 15:39:24.041371 fcntl64(4, F_GETFL) = 0x8801 (flags O_WRONLY|O_NONBLOCK|O_LARGEFILE)
14508 15:39:24.041422 fcntl64(4, F_SETFL, O_WRONLY|O_LARGEFILE) = 0
14508 15:39:24.041468 fcntl64(4, F_SETLKW64, {type=F_WRLCK, whence=SEEK_SET, start=0, len=0}, 0xbfa6ec64) = 0
14508 15:39:24.041530 ftruncate64(4, 0) = 0
14506 15:39:24.041604 read(4,  <unfinished ...>
14508 15:39:24.041639 _llseek(4, 0, [0], SEEK_SET) = 0
14508 15:39:24.041690 write(5, "\v", 1) = 1
14506 15:39:24.041737 <... read resumed> "\v", 1) = 1
14506 15:39:24.041770 write(4, "\1\0\0\0", 4) = 4
14506 15:39:24.041819 read(4,  <unfinished ...>
14508 15:39:24.041850 read(5, "\1\0\0\0", 4) = 4
14508 15:39:24.041902 write(5, "\v", 1) = 1
14506 15:39:24.041994 <... read resumed> "\v", 1) = 1
14506 15:39:24.042031 write(4, "\1\0\0\0", 4) = 4
14506 15:39:24.042081 read(4,  <unfinished ...>
14508 15:39:24.042112 read(5, "\1\0\0\0", 4) = 4
14508 15:39:24.042186 write(5, "\r", 1) = 1
14506 15:39:24.042231 <... read resumed> "\r", 1) = 1
14506 15:39:24.042267 select(6, [5], NULL, NULL, {60, 0}) = 1 (in [5], left {60, 0})
14506 15:39:24.042340 accept(5, {sa_family=AF_INET, sin_port=htons(58104), sin_addr=inet_addr("127.0.0.1")}, [16]) = 6
14508 15:39:24.042436 read(5,  <unfinished ...>
14506 15:39:24.042471 write(4, "\1", 1) = 1
14508 15:39:24.042518 <... read resumed> "\1", 1) = 1
14508 15:39:24.042557 recvmsg(5,  <unfinished ...>
14506 15:39:24.042596 sendmsg(4, {msg_name(0)=NULL, msg_iov(1)=[{"\0", 1}], msg_controllen=16, {cmsg_len=16, cmsg_level=SOL_SOCKET, cmsg_type=SCM_RIGHTS, {6}}, msg_flags=0}, 0) = 1
14508 15:39:24.042673 <... recvmsg resumed> {msg_name(0)=NULL, msg_iov(1)=[{"\0", 1}], msg_controllen=16, {cmsg_len=16, cmsg_level=SOL_SOCKET, cmsg_type=SCM_RIGHTS, {6}}, msg_flags=0}, 0) = 1
14508 15:39:24.042734 setsockopt(6, SOL_SOCKET, SO_KEEPALIVE, [1], 4) = 0
14506 15:39:24.042784 close(6 <unfinished ...>
14508 15:39:24.042819 setsockopt(6, SOL_IP, IP_TOS, [8], 4 <unfinished ...>
14506 15:39:24.042849 <... close resumed> ) = 0
14508 15:39:24.042878 <... setsockopt resumed> ) = 0
14506 15:39:24.042968 read(4,  <unfinished ...>
14508 15:39:24.043004 setsockopt(6, SOL_SOCKET, SO_LINGER, {onoff=1, linger=32767}, 8) = 0
14508 15:39:24.043060 rt_sigaction(SIGALRM, {0x805cad0, ~[RTMIN RT_1], 0}, NULL, 8) = 0
14508 15:39:24.043123 alarm(300)        = 300
14508 15:39:24.043181 write(0, "150 Ok to send data.\r\n", 22) = 22
14508 15:39:24.043454 read(6, "assasaaa\na\na\na\na\n", 65536) = 17
14508 15:39:24.043518 write(4, "assasaaa\na\na\na\na\n", 17) = 17
14508 15:39:24.043589 read(6, "", 65536) = 0
14508 15:39:24.043636 rt_sigaction(SIGALRM, {0x805cad0, ~[RTMIN RT_1], 0}, NULL, 8) = 0
14508 15:39:24.043698 alarm(300)        = 300
14508 15:39:24.043744 close(6)          = 0
14508 15:39:24.043818 alarm(0)          = 300
14508 15:39:24.044052 gettimeofday({1495654764, 44084}, NULL) = 0
14508 15:39:24.044149 gettimeofday({1495654764, 44169}, NULL) = 0
14508 15:39:24.044210 fcntl64(3, F_SETLKW64, {type=F_WRLCK, whence=SEEK_SET, start=0, len=0}, 0xbfa6ec04) = 0
14508 15:39:24.044278 write(3, "Wed May 24 15:39:24 2017 [pid 14508] [msfadmin] OK UPLOAD: Client \"127.0.0.1\", \"/home/msfadmin/myfile35\", 17 bytes, 5.48Kbyte/sec\n", 130) = 130
14508 15:39:24.044401 fcntl64(3, F_SETLK64, {type=F_UNLCK, whence=SEEK_SET, start=0, len=0}, 0xbfa6ec0c) = 0
14508 15:39:24.044498 write(0, "226 Transfer complete.\r\n", 24) = 24
14508 15:39:24.044692 write(5, "\n", 1) = 1
14506 15:39:24.044749 <... read resumed> "\n", 1) = 1
14506 15:39:24.044783 close(5)          = 0
14506 15:39:24.044843 write(4, "\1", 1) = 1
14506 15:39:24.044894 read(4,  <unfinished ...>
14508 15:39:24.044927 read(5, "\1", 1)  = 1
14508 15:39:24.045082 close(4)          = 0
14508 15:39:24.045134 rt_sigaction(SIGALRM, {0x805cad0, ~[RTMIN RT_1], 0}, NULL, 8) = 0
14508 15:39:24.045196 alarm(300)        = 0
14508 15:39:24.045249 recv(0, "TYPE I\r\n", 4096, MSG_PEEK) = 8
14508 15:39:24.569716 read(0, "TYPE I\r\n", 8) = 8
14508 15:39:24.570082 write(0, "200 Switching to Binary mode.\r\n", 31) = 31
14508 15:39:24.570297 rt_sigaction(SIGALRM, {0x805cad0, ~[RTMIN RT_1], 0}, NULL, 8) = 0
14508 15:39:24.570373 alarm(300)        = 299
14508 15:39:24.570431 recv(0, "PASV\r\n", 4096, MSG_PEEK) = 6
14508 15:39:24.570535 read(0, "PASV\r\n", 6) = 6
14508 15:39:24.570598 write(5, "\n", 1) = 1
14506 15:39:24.570656 <... read resumed> "\n", 1) = 1
14506 15:39:24.570693 write(4, "\1", 1) = 1
14506 15:39:24.570742 read(4,  <unfinished ...>
14508 15:39:24.570775 read(5, "\1", 1)  = 1
14508 15:39:24.570828 write(5, "\f", 1) = 1
14506 15:39:24.570874 <... read resumed> "\f", 1) = 1
14506 15:39:24.570911 socket(PF_INET, SOCK_STREAM, IPPROTO_TCP) = 5
14506 15:39:24.571131 setsockopt(5, SOL_SOCKET, SO_REUSEADDR, [1], 4) = 0
14506 15:39:24.571209 bind(5, {sa_family=AF_INET, sin_port=htons(37775), sin_addr=inet_addr("127.0.0.1")}, 16) = 0
14506 15:39:24.571279 listen(5, 1)      = 0
14506 15:39:24.571338 write(4, "\217\223\0\0", 4) = 4
14506 15:39:24.571418 read(4,  <unfinished ...>
14508 15:39:24.571543 read(5, "\217\223\0\0", 4) = 4
14508 15:39:24.571663 write(0, "227 Entering Passive Mode (127,0,0,1,147,143).\r\n", 48) = 48
14508 15:39:24.572315 rt_sigaction(SIGALRM, {0x805cad0, ~[RTMIN RT_1], 0}, NULL, 8) = 0
14508 15:39:24.572400 alarm(300)        = 300
14508 15:39:24.572580 recv(0, "STOR myfile36\r\n", 4096, MSG_PEEK) = 15
14508 15:39:24.572653 read(0, "STOR myfile36\r\n", 15) = 15
14508 15:39:24.572794 write(5, "\v", 1) = 1
14506 15:39:24.572850 <... read resumed> "\v", 1) = 1
14506 15:39:24.572884 write(4, "\1\0\0\0", 4) = 4
14506 15:39:24.572935 read(4,  <unfinished ...>
14508 15:39:24.572968 read(5, "\1\0\0\0", 4) = 4
14508 15:39:24.573021 gettimeofday({1495654764, 573102}, NULL) = 0
14508 15:39:24.573152 getcwd("/home/msfadmin", 4096) = 15
14508 15:39:24.573213 open("myfile36", O_WRONLY|O_CREAT|O_NONBLOCK|O_LARGEFILE, 0666) = 4
14508 15:39:24.573275 fstat64(4, {st_mode=S_IFREG|0644, st_size=17, ...}) = 0
14508 15:39:24.573435 fcntl64(4, F_GETFL) = 0x8801 (flags O_WRONLY|O_NONBLOCK|O_LARGEFILE)
14508 15:39:24.573490 fcntl64(4, F_SETFL, O_WRONLY|O_LARGEFILE) = 0
14508 15:39:24.573537 fcntl64(4, F_SETLKW64, {type=F_WRLCK, whence=SEEK_SET, start=0, len=0}, 0xbfa6ec64) = 0
14508 15:39:24.573640 ftruncate64(4, 0) = 0
14508 15:39:24.573792 _llseek(4, 0, [0], SEEK_SET) = 0
14508 15:39:24.573849 write(5, "\v", 1) = 1
14506 15:39:24.573900 <... read resumed> "\v", 1) = 1
14506 15:39:24.573996 write(4, "\1\0\0\0", 4) = 4
14506 15:39:24.574097 read(4,  <unfinished ...>
14508 15:39:24.574134 read(5, "\1\0\0\0", 4) = 4
14508 15:39:24.574188 write(5, "\v", 1) = 1
14506 15:39:24.574233 <... read resumed> "\v", 1) = 1
14506 15:39:24.574266 write(4, "\1\0\0\0", 4) = 4
14506 15:39:24.574315 read(4,  <unfinished ...>
14508 15:39:24.574346 read(5, "\1\0\0\0", 4) = 4
14508 15:39:24.574460 write(5, "\r", 1) = 1
14506 15:39:24.574522 <... read resumed> "\r", 1) = 1
14506 15:39:24.574598 select(6, [5], NULL, NULL, {60, 0}) = 1 (in [5], left {60, 0})
14506 15:39:24.574745 accept(5, {sa_family=AF_INET, sin_port=htons(47473), sin_addr=inet_addr("127.0.0.1")}, [16]) = 6
14506 15:39:24.574850 write(4, "\1", 1) = 1
14506 15:39:24.574907 sendmsg(4, {msg_name(0)=NULL, msg_iov(1)=[{"\0", 1}], msg_controllen=16, {cmsg_len=16, cmsg_level=SOL_SOCKET, cmsg_type=SCM_RIGHTS, {6}}, msg_flags=0}, 0) = 1
14506 15:39:24.574982 close(6)          = 0
14506 15:39:24.575116 read(4,  <unfinished ...>
14508 15:39:24.575156 read(5, "\1", 1)  = 1
