18347 16:27:00.085577 fcntl64(4, F_SETFL, O_RDWR|O_NONBLOCK) = 0
18347 16:27:00.085605 connect(4, {sa_family=AF_FILE, path="/var/run/nscd/socket"}, 110) = -1 ENOENT (No such file or directory)
18347 16:27:00.085644 close(4)          = 0
18347 16:27:00.085694 open("/etc/group", O_RDONLY|0x80000 /* O_??? */) = 4
18347 16:27:00.085731 _llseek(4, 0, [0], SEEK_CUR) = 0
18347 16:27:00.085762 fstat64(4, {st_mode=S_IFREG|0644, st_size=886, ...}) = 0
18347 16:27:00.085799 mmap2(NULL, 886, PROT_READ, MAP_SHARED, 4, 0) = 0xb7ef9000
18347 16:27:00.085828 _llseek(4, 886, [886], SEEK_SET) = 0
18347 16:27:00.085900 fstat64(4, {st_mode=S_IFREG|0644, st_size=886, ...}) = 0
18347 16:27:00.085951 munmap(0xb7ef9000, 886) = 0
18347 16:27:00.085980 close(4)          = 0
18347 16:27:00.086008 setgroups32(13, [1000, 4, 20, 24, 25, 29, 30, 44, 46, 107, 111, 112, 119]) = 0
18347 16:27:00.086047 geteuid32()       = 0
18347 16:27:00.086078 getegid32()       = 0
18347 16:27:00.086107 setregid32(-1, 1000) = 0
18347 16:27:00.086135 setreuid32(-1, 1000) = 0
18347 16:27:00.086166 chdir("/home/msfadmin") = 0
18347 16:27:00.086197 setreuid32(-1, 0) = 0
18347 16:27:00.086223 setregid32(-1, 0) = 0
18347 16:27:00.086252 setgid32(1000)    = 0
18347 16:27:00.086280 setuid32(1000)    = 0
18347 16:27:00.086309 setrlimit(RLIMIT_NPROC, {rlim_cur=0, rlim_max=0}) = 0
18347 16:27:00.086343 mmap2(NULL, 12288, PROT_READ|PROT_WRITE, MAP_PRIVATE|MAP_ANONYMOUS, -1, 0) = 0xb7ef7000
18347 16:27:00.086374 mprotect(0xb7ef9000, 4096, PROT_NONE) = 0
18347 16:27:00.086404 mprotect(0xb7ef7000, 4096, PROT_NONE) = 0
18347 16:27:00.086435 getcwd("/home/msfadmin", 4096) = 15
18347 16:27:00.086468 umask(022)        = 077
18347 16:27:00.086497 getcwd("/home/msfadmin", 4096) = 15
18347 16:27:00.086537 open(".message", O_RDONLY|O_NONBLOCK|O_LARGEFILE) = -1 ENOENT (No such file or directory)
18347 16:27:00.086587 write(0, "230 Login successful.\r\n", 23) = 23
18347 16:27:00.086782 rt_sigaction(SIGALRM, {0x805cad0, ~[RTMIN RT_1], 0}, NULL, 8) = 0
18347 16:27:00.086851 alarm(300)        = 0
18347 16:27:00.086914 mmap2(NULL, 12288, PROT_READ|PROT_WRITE, MAP_PRIVATE|MAP_ANONYMOUS, -1, 0) = 0xb7ef4000
18347 16:27:00.086944 mprotect(0xb7ef6000, 4096, PROT_NONE) = 0
18347 16:27:00.086973 mprotect(0xb7ef4000, 4096, PROT_NONE) = 0
18347 16:27:00.087006 recv(0, "TYPE I\r\n", 4096, MSG_PEEK) = 8
18347 16:27:00.087038 read(0, "TYPE I\r\n", 8) = 8
18347 16:27:00.087077 write(0, "200 Switching to Binary mode.\r\n", 31) = 31
18347 16:27:00.087178 rt_sigaction(SIGALRM, {0x805cad0, ~[RTMIN RT_1], 0}, NULL, 8) = 0
18347 16:27:00.087214 alarm(300)        = 300
18347 16:27:00.087263 recv(0, "PASV\r\n", 4096, MSG_PEEK) = 6
18347 16:27:00.087294 read(0, "PASV\r\n", 6) = 6
18347 16:27:00.087324 write(5, "\n", 1) = 1
18347 16:27:00.087352 read(5,  <unfinished ...>
18345 16:27:00.087383 close(5)          = 0
18345 16:27:00.087414 getuid32()        = 0
18345 16:27:00.087450 open("/etc/passwd", O_RDONLY|0x80000 /* O_??? */) = 5
18345 16:27:00.087485 _llseek(5, 0, [0], SEEK_CUR) = 0
18345 16:27:00.087516 fstat64(5, {st_mode=S_IFREG|0644, st_size=1624, ...}) = 0
18345 16:27:00.087555 mmap2(NULL, 1624, PROT_READ, MAP_SHARED, 5, 0) = 0xb7ef9000
18345 16:27:00.087584 _llseek(5, 1624, [1624], SEEK_SET) = 0
18345 16:27:00.087623 munmap(0xb7ef9000, 1624) = 0
18345 16:27:00.087652 close(5)          = 0
18345 16:27:00.087689 setgroups32(0, []) = 0
18345 16:27:00.087719 chdir("/usr/share/empty") = 0
18345 16:27:00.087750 chroot(".")       = 0
18345 16:27:00.087781 capset(NULL, NULL) = -1 EFAULT (Bad address)
18345 16:27:00.087813 prctl(0x8, 0, 0xbf9a6448, 0x80549a6, 0xbf9a6430) = 0
18345 16:27:00.087843 prctl(0x8, 0x1, 0xbf9a6448, 0x8054a49, 0xbf9a6430) = 0
18345 16:27:00.087869 setgid32(65534)   = 0
18345 16:27:00.087897 setuid32(65534)   = 0
18345 16:27:00.087923 capset(0x19980330, 0, {CAP_NET_BIND_SERVICE, CAP_NET_BIND_SERVICE, 0}) = 0
18345 16:27:00.087954 read(4, "\n", 1)  = 1
18345 16:27:00.087987 write(4, "\1", 1) = 1
18347 16:27:00.088016 <... read resumed> "\1", 1) = 1
18347 16:27:00.088039 write(5, "\f", 1) = 1
18347 16:27:00.088066 read(5,  <unfinished ...>
18345 16:27:00.088087 read(4, "\f", 1)  = 1
18345 16:27:00.088118 socket(PF_INET, SOCK_STREAM, IPPROTO_TCP) = 5
18345 16:27:00.088152 setsockopt(5, SOL_SOCKET, SO_REUSEADDR, [1], 4) = 0
18345 16:27:00.088181 gettimeofday({1495657620, 88198}, NULL) = 0
18345 16:27:00.088230 bind(5, {sa_family=AF_INET, sin_port=htons(15831), sin_addr=inet_addr("127.0.0.1")}, 16) = 0
18345 16:27:00.088266 listen(5, 1)      = 0
18345 16:27:00.088299 write(4, "\327=\0\0", 4) = 4
18347 16:27:00.088327 <... read resumed> "\327=\0\0", 4) = 4
18347 16:27:00.088361 write(0, "227 Entering Passive Mode (127,0,0,1,61,215).\r\n", 47) = 47
18347 16:27:00.088606 rt_sigaction(SIGALRM, {0x805cad0, ~[RTMIN RT_1], 0}, NULL, 8) = 0
18347 16:27:00.088645 alarm(300)        = 300
18347 16:27:00.088695 recv(0, "STOR myfile15\r\n", 4096, MSG_PEEK) = 15
18347 16:27:00.088771 read(0, "STOR myfile15\r\n", 15) = 15
18347 16:27:00.088810 write(5, "\v", 1) = 1
18347 16:27:00.088838 read(5,  <unfinished ...>
18345 16:27:00.088861 read(4, "\v", 1)  = 1
18345 16:27:00.088889 write(4, "\1\0\0\0", 4) = 4
18347 16:27:00.088918 <... read resumed> "\1\0\0\0", 4) = 4
18347 16:27:00.088942 gettimeofday({1495657620, 88960}, NULL) = 0
18347 16:27:00.088982 getcwd("/home/msfadmin", 4096) = 15
18347 16:27:00.089013 open("myfile15", O_WRONLY|O_CREAT|O_NONBLOCK|O_LARGEFILE, 0666) = 4
18347 16:27:00.089046 fstat64(4, {st_mode=S_IFREG|0644, st_size=17, ...}) = 0
18347 16:27:00.089085 fcntl64(4, F_GETFL) = 0x8801 (flags O_WRONLY|O_NONBLOCK|O_LARGEFILE)
18347 16:27:00.089113 fcntl64(4, F_SETFL, O_WRONLY|O_LARGEFILE) = 0
18347 16:27:00.089140 fcntl64(4, F_SETLKW64, {type=F_WRLCK, whence=SEEK_SET, start=0, len=0}, 0xbf9a6394) = 0
18347 16:27:00.089183 ftruncate64(4, 0) = 0
18347 16:27:00.089223 _llseek(4, 0, [0], SEEK_SET) = 0
18347 16:27:00.089252 write(5, "\v", 1) = 1
18347 16:27:00.089280 read(5,  <unfinished ...>
18345 16:27:00.089303 read(4, "\v", 1)  = 1
18345 16:27:00.089332 write(4, "\1\0\0\0", 4) = 4
18347 16:27:00.089360 <... read resumed> "\1\0\0\0", 4) = 4
18347 16:27:00.089382 write(5, "\v", 1) = 1
18347 16:27:00.089409 read(5,  <unfinished ...>
18345 16:27:00.089431 read(4, "\v", 1)  = 1
18345 16:27:00.089458 write(4, "\1\0\0\0", 4) = 4
18347 16:27:00.089486 <... read resumed> "\1\0\0\0", 4) = 4
18347 16:27:00.089509 write(5, "\r", 1) = 1
18347 16:27:00.089536 read(5,  <unfinished ...>
18345 16:27:00.089557 read(4, "\r", 1)  = 1
18345 16:27:00.089588 select(6, [5], NULL, NULL, {60, 0}) = 1 (in [5], left {60, 0})
18345 16:27:00.089627 accept(5, {sa_family=AF_INET, sin_port=htons(44424), sin_addr=inet_addr("127.0.0.1")}, [16]) = 6
18345 16:27:00.089673 write(4, "\1", 1) = 1
18347 16:27:00.089701 <... read resumed> "\1", 1) = 1
18347 16:27:00.089748 recvmsg(5,  <unfinished ...>
18345 16:27:00.089776 sendmsg(4, {msg_name(0)=NULL, msg_iov(1)=[{"\0", 1}], msg_controllen=16, {cmsg_len=16, cmsg_level=SOL_SOCKET, cmsg_type=SCM_RIGHTS, {6}}, msg_flags=0}, 0) = 1
18347 16:27:00.089816 <... recvmsg resumed> {msg_name(0)=NULL, msg_iov(1)=[{"\0", 1}], msg_controllen=16, {cmsg_len=16, cmsg_level=SOL_SOCKET, cmsg_type=SCM_RIGHTS, {6}}, msg_flags=0}, 0) = 1
18347 16:27:00.089847 setsockopt(6, SOL_SOCKET, SO_KEEPALIVE, [1], 4) = 0
18347 16:27:00.089878 setsockopt(6, SOL_IP, IP_TOS, [8], 4) = 0
18347 16:27:00.089908 setsockopt(6, SOL_SOCKET, SO_LINGER, {onoff=1, linger=32767}, 8) = 0
18347 16:27:00.089936 rt_sigaction(SIGALRM, {0x805cad0, ~[RTMIN RT_1], 0}, NULL, 8) = 0
18347 16:27:00.089968 alarm(300)        = 300
18347 16:27:00.090021 write(0, "150 Ok to send data.\r\n", 22) = 22
18347 16:27:00.090178 mmap2(NULL, 77824, PROT_READ|PROT_WRITE, MAP_PRIVATE|MAP_ANONYMOUS, -1, 0) = 0xb7d2e000
18347 16:27:00.090211 mprotect(0xb7d40000, 4096, PROT_NONE) = 0
18347 16:27:00.090240 mprotect(0xb7d2e000, 4096, PROT_NONE) = 0
18347 16:27:00.090267 read(6, "assasaaa\na\na\na\na\n", 65536) = 17
18347 16:27:00.090301 write(4, "assasaaa\na\na\na\na\n", 17) = 17
18347 16:27:00.090338 read(6, "", 65536) = 0
18347 16:27:00.090365 rt_sigaction(SIGALRM, {0x805cad0, ~[RTMIN RT_1], 0}, NULL, 8) = 0
18347 16:27:00.090398 alarm(300)        = 300
18347 16:27:00.090446 close(6)          = 0
18347 16:27:00.090472 alarm(0)          = 300
18347 16:27:00.090509 gettimeofday({1495657620, 90525}, NULL) = 0
18347 16:27:00.090558 getpid()          = 18347
18347 16:27:00.090588 gettimeofday({1495657620, 90605}, NULL) = 0
18347 16:27:00.090639 fcntl64(3, F_SETLKW64, {type=F_WRLCK, whence=SEEK_SET, start=0, len=0}, 0xbf9a6334) = 0
18347 16:27:00.090675 write(3, "Wed May 24 16:27:00 2017 [pid 18347] [msfadmin] OK UPLOAD: Client \"127.0.0.1\", \"/home/msfadmin/myfile15\", 17 bytes, 10.09Kbyte/sec\n", 131) = 131
18347 16:27:00.090731 fcntl64(3, F_SETLK64, {type=F_UNLCK, whence=SEEK_SET, start=0, len=0}, 0xbf9a633c) = 0
18347 16:27:00.090767 write(0, "226 Transfer complete.\r\n", 24) = 24
18347 16:27:00.090865 write(5, "\n", 1) = 1
18347 16:27:00.090897 read(5,  <unfinished ...>
18345 16:27:00.090918 close(6)          = 0
18345 16:27:00.090980 read(4, "\n", 1)  = 1
18345 16:27:00.091011 close(5)          = 0
18345 16:27:00.091038 write(4, "\1", 1) = 1
18347 16:27:00.091067 <... read resumed> "\1", 1) = 1
18347 16:27:00.091089 close(4)          = 0
18347 16:27:00.091117 rt_sigaction(SIGALRM, {0x805cad0, ~[RTMIN RT_1], 0}, NULL, 8) = 0
18347 16:27:00.091150 alarm(300)        = 0
18347 16:27:00.091199 recv(0,  <unfinished ...>
18345 16:27:00.091223 read(4,  <unfinished ...>
18347 16:27:00.636013 <... recv resumed> "TYPE I\r\n", 4096, MSG_PEEK) = 8
18347 16:27:00.636329 read(0, "TYPE I\r\n", 8) = 8
18347 16:27:00.636650 write(0, "200 Switching to Binary mode.\r\n", 31) = 31
18347 16:27:00.637168 rt_sigaction(SIGALRM, {0x805cad0, ~[RTMIN RT_1], 0}, NULL, 8) = 0
18347 16:27:00.637321 alarm(300)        = 299
18347 16:27:00.637498 recv(0, "PASV\r\n", 4096, MSG_PEEK) = 6
18347 16:27:00.637582 read(0, "PASV\r\n", 6) = 6
18347 16:27:00.637667 write(5, "\n", 1 <unfinished ...>
18345 16:27:00.637739 <... read resumed> "\n", 1) = 1
18347 16:27:00.637790 <... write resumed> ) = 1
18345 16:27:00.637854 write(4, "\1", 1) = 1
18345 16:27:00.637931 read(4,  <unfinished ...>
18347 16:27:00.637992 read(5, "\1", 1)  = 1
18347 16:27:00.638073 write(5, "\f", 1 <unfinished ...>
18345 16:27:00.638134 <... read resumed> "\f", 1) = 1
18347 16:27:00.638183 <... write resumed> ) = 1
18345 16:27:00.638243 socket(PF_INET, SOCK_STREAM, IPPROTO_TCP) = 5
18345 16:27:00.638333 setsockopt(5, SOL_SOCKET, SO_REUSEADDR, [1], 4) = 0
18345 16:27:00.638422 bind(5, {sa_family=AF_INET, sin_port=htons(51358), sin_addr=inet_addr("127.0.0.1")}, 16) = 0
18345 16:27:00.638515 listen(5, 1)      = 0
18345 16:27:00.638601 write(4, "\236\310\0\0", 4) = 4
18345 16:27:00.638681 read(4,  <unfinished ...>
18347 16:27:00.638740 read(5, "\236\310\0\0", 4) = 4
18347 16:27:00.638956 write(0, "227 Entering Passive Mode (127,0,0,1,200,158).\r\n", 48) = 48
18347 16:27:00.639674 rt_sigaction(SIGALRM, {0x805cad0, ~[RTMIN RT_1], 0}, NULL, 8) = 0
18347 16:27:00.639834 alarm(300)        = 300
18347 16:27:00.639978 recv(0, "STOR myfile16\r\n", 4096, MSG_PEEK) = 15
18347 16:27:00.640066 read(0, "STOR myfile16\r\n", 15) = 15
18347 16:27:00.640156 write(5, "\v", 1 <unfinished ...>
18345 16:27:00.640223 <... read resumed> "\v", 1) = 1
18347 16:27:00.640273 <... write resumed> ) = 1
18345 16:27:00.640329 write(4, "\1\0\0\0", 4) = 4
18345 16:27:00.640406 read(4,  <unfinished ...>
18347 16:27:00.640466 read(5, "\1\0\0\0", 4) = 4
18347 16:27:00.640546 gettimeofday({1495657620, 640592}, NULL) = 0
18347 16:27:00.640653 getcwd("/home/msfadmin", 4096) = 15
18347 16:27:00.640784 open("myfile16", O_WRONLY|O_CREAT|O_NONBLOCK|O_LARGEFILE, 0666) = 4
18347 16:27:00.640878 fstat64(4, {st_mode=S_IFREG|0644, st_size=17, ...}) = 0
18347 16:27:00.640984 fcntl64(4, F_GETFL) = 0x8801 (flags O_WRONLY|O_NONBLOCK|O_LARGEFILE)
18347 16:27:00.641061 fcntl64(4, F_SETFL, O_WRONLY|O_LARGEFILE) = 0
18347 16:27:00.641134 fcntl64(4, F_SETLKW64, {type=F_WRLCK, whence=SEEK_SET, start=0, len=0}, 0xbf9a6394) = 0
18347 16:27:00.641223 ftruncate64(4, 0) = 0
18347 16:27:00.641331 _llseek(4, 0, [0], SEEK_SET) = 0
18347 16:27:00.641410 write(5, "\v", 1 <unfinished ...>
18345 16:27:00.641475 <... read resumed> "\v", 1) = 1
18347 16:27:00.641525 <... write resumed> ) = 1
18345 16:27:00.641580 write(4, "\1\0\0\0", 4) = 4
18345 16:27:00.641658 read(4,  <unfinished ...>
18347 16:27:00.641717 read(5, "\1\0\0\0", 4) = 4
18347 16:27:00.641801 write(5, "\v", 1 <unfinished ...>
18345 16:27:00.641861 <... read resumed> "\v", 1) = 1
18347 16:27:00.641909 <... write resumed> ) = 1
18345 16:27:00.641964 write(4, "\1\0\0\0", 4) = 4
18345 16:27:00.642100 read(4,  <unfinished ...>
18347 16:27:00.642160 read(5, "\1\0\0\0", 4) = 4
18347 16:27:00.642275 write(5, "\r", 1 <unfinished ...>
18345 16:27:00.642346 <... read resumed> "\r", 1) = 1
18347 16:27:00.642395 <... write resumed> ) = 1
18345 16:27:00.642454 select(6, [5], NULL, NULL, {60, 0}) = 1 (in [5], left {60, 0})
18345 16:27:00.642553 accept(5, {sa_family=AF_INET, sin_port=htons(44460), sin_addr=inet_addr("127.0.0.1")}, [16]) = 6
18345 16:27:00.642679 write(4, "\1", 1) = 1
18345 16:27:00.642805 sendmsg(4, {msg_name(0)=NULL, msg_iov(1)=[{"\0", 1}], msg_controllen=16, {cmsg_len=16, cmsg_level=SOL_SOCKET, cmsg_type=SCM_RIGHTS, {6}}, msg_flags=0}, 0) = 1
18345 16:27:00.642911 close(6)          = 0
18345 16:27:00.642984 read(4,  <unfinished ...>
18347 16:27:00.643045 read(5, "\1", 1)  = 1
18347 16:27:00.643131 recvmsg(5, {msg_name(0)=NULL, msg_iov(1)=[{"\0", 1}], msg_controllen=16, {cmsg_len=16, cmsg_level=SOL_SOCKET, cmsg_type=SCM_RIGHTS, {6}}, msg_flags=0}, 0) = 1
18347 16:27:00.643280 setsockopt(6, SOL_SOCKET, SO_KEEPALIVE, [1], 4) = 0
18347 16:27:00.643370 setsockopt(6, SOL_IP, IP_TOS, [8], 4) = 0
18347 16:27:00.643451 setsockopt(6, SOL_SOCKET, SO_LINGER, {onoff=1, linger=32767}, 8) = 0
18347 16:27:00.643547 rt_sigaction(SIGALRM, {0x805cad0, ~[RTMIN RT_1], 0}, NULL, 8) = 0
18347 16:27:00.643638 alarm(300)        = 300
18347 16:27:00.643926 write(0, "150 Ok to send data.\r\n", 22) = 22
18347 16:27:00.644030 read(6, "assasaaa\na\na\na\na\n", 65536) = 17
18347 16:27:00.644030 write(4, "assasaaa\na\na\na\na\n", 17) = 17
18347 16:27:00.644030 read(6, "", 65536) = 0
18347 16:27:00.644752 rt_sigaction(SIGALRM, {0x805cad0, ~[RTMIN RT_1], 0}, NULL, 8) = 0
18347 16:27:00.644909 alarm(300)        = 300
18347 16:27:00.645040 close(6)          = 0
18347 16:27:00.645314 alarm(0)          = 300
18347 16:27:00.645425 gettimeofday({1495657620, 645471}, NULL) = 0
18347 16:27:00.645552 gettimeofday({1495657620, 645600}, NULL) = 0
18347 16:27:00.646228 fcntl64(3, F_SETLKW64, {type=F_WRLCK, whence=SEEK_SET, start=0, len=0}, 0xbf9a6334) = 0
18347 16:27:00.646291 write(3, "Wed May 24 16:27:00 2017 [pid 18347] [msfadmin] OK UPLOAD: Client \"127.0.0.1\", \"/home/msfadmin/myfile16\", 17 bytes, 3.32Kbyte/sec\n", 130) = 130
18347 16:27:00.646363 fcntl64(3, F_SETLK64, {type=F_UNLCK, whence=SEEK_SET, start=0, len=0}, 0xbf9a633c) = 0
18347 16:27:00.646422 write(0, "226 Transfer complete.\r\n", 24) = 24
18347 16:27:00.646625 write(5, "\n", 1 <unfinished ...>
18345 16:27:00.646677 <... read resumed> "\n", 1) = 1
18347 16:27:00.646709 <... write resumed> ) = 1
18345 16:27:00.646743 close(5)          = 0
18345 16:27:00.646794 write(4, "\1", 1) = 1
18345 16:27:00.646876 read(4,  <unfinished ...>
18347 16:27:00.646915 read(5, "\1", 1)  = 1
18347 16:27:00.646964 close(4)          = 0
18347 16:27:00.647013 rt_sigaction(SIGALRM, {0x805cad0, ~[RTMIN RT_1], 0}, NULL, 8) = 0
18347 16:27:00.647069 alarm(300)        = 0
18347 16:27:00.647192 recv(0,  <unfinished ...>
4439  16:27:00.769383 <... select resumed> ) = ? ERESTARTNOHAND (To be restarted)
4439  16:27:00.769520 --- SIGCHLD (Child exited) @ 0 (0) ---
4439  16:27:00.769559 write(4, "\21", 1) = 1
4439  16:27:00.769611 sigreturn()       = ? (mask now [])
4439  16:27:00.769681 select(13, [3 5 6 8 9 10 11 12], NULL, NULL, NULL) = 1 (in [3])
4439  16:27:00.769718 ioctl(3, FIONREAD, [1]) = 0
4439  16:27:00.769748 read(3, "\21", 1) = 1
4439  16:27:00.769779 waitpid(-1,  <unfinished ...>
