11263 15:06:34.382541 open("/etc/pam.d/other", O_RDONLY|O_LARGEFILE) = 5
11263 15:06:34.382576 fstat64(5, {st_mode=S_IFREG|0644, st_size=520, ...}) = 0
11263 15:06:34.382620 mmap2(NULL, 4096, PROT_READ|PROT_WRITE, MAP_PRIVATE|MAP_ANONYMOUS, -1, 0) = 0xb7f78000
11263 15:06:34.382648 read(5, "#\n# /etc/pam.d/other - specify the PAM fallback behaviour\n#\n# Note that this file is used for any unspecified service; for example\n#if /etc/pam.d/cron  specifies no session modules but cron calls\n#pam_open_session, the session module out of /etc/pam.d/other is\n#used.  If you really want nothing to happen then use pam_permit.so or\n#pam_deny.so as appropriate.\n\n# We fall back to the system default in /etc/pam.d/common-*\n# \n\n@include common-auth\n@include common-account\n@include common-password\n@include common-session\n", 4096) = 520
11263 15:06:34.382795 stat64("/etc/pam.d", {st_mode=S_IFDIR|0755, st_size=4096, ...}) = 0
11263 15:06:34.382848 open("/etc/pam.d/common-auth", O_RDONLY|O_LARGEFILE) = 6
11263 15:06:34.382883 fstat64(6, {st_mode=S_IFREG|0644, st_size=476, ...}) = 0
11263 15:06:34.382927 mmap2(NULL, 4096, PROT_READ|PROT_WRITE, MAP_PRIVATE|MAP_ANONYMOUS, -1, 0) = 0xb7f72000
11263 15:06:34.382956 read(6, "#\n# /etc/pam.d/common-auth - authentication settings common to all services\n#\n# This file is included from other service-specific PAM config files,\n# and should contain a list of the authentication modules that define\n# the central authentication scheme for use on the system\n# (e.g., /etc/shadow, LDAP, Kerberos, etc.).  The default is to use the\n# traditional Unix authentication mechanisms.\n#\nauth\trequisite\tpam_unix.so nullok_secure\n# auth\toptional\tpam_smbpass.so migrate\n", 4096) = 476
11263 15:06:34.383082 read(6, "", 4096) = 0
11263 15:06:34.383109 close(6)          = 0
11263 15:06:34.383135 munmap(0xb7f72000, 4096) = 0
11263 15:06:34.383164 stat64("/etc/pam.d", {st_mode=S_IFDIR|0755, st_size=4096, ...}) = 0
11263 15:06:34.383240 open("/etc/pam.d/common-account", O_RDONLY|O_LARGEFILE) = 6
11263 15:06:34.383277 fstat64(6, {st_mode=S_IFREG|0644, st_size=392, ...}) = 0
11263 15:06:34.383321 mmap2(NULL, 4096, PROT_READ|PROT_WRITE, MAP_PRIVATE|MAP_ANONYMOUS, -1, 0) = 0xb7f72000
11263 15:06:34.383358 read(6, "#\n# /etc/pam.d/common-account - authorization settings common to all services\n#\n# This file is included from other service-specific PAM config files,\n# and should contain a list of the authorization modules that define\n# the central access policy for use on the system.  The default is to\n# only deny service to users whose accounts are expired in /etc/shadow.\n#\naccount\trequired\tpam_unix.so\n", 4096) = 392
11263 15:06:34.383465 read(6, "", 4096) = 0
11263 15:06:34.383492 close(6)          = 0
11263 15:06:34.383517 munmap(0xb7f72000, 4096) = 0
11263 15:06:34.383547 stat64("/etc/pam.d", {st_mode=S_IFDIR|0755, st_size=4096, ...}) = 0
11263 15:06:34.383597 open("/etc/pam.d/common-password", O_RDONLY|O_LARGEFILE) = 6
11263 15:06:34.383632 fstat64(6, {st_mode=S_IFREG|0644, st_size=1563, ...}) = 0
11263 15:06:34.383676 mmap2(NULL, 4096, PROT_READ|PROT_WRITE, MAP_PRIVATE|MAP_ANONYMOUS, -1, 0) = 0xb7f72000
11263 15:06:34.383735 read(6, "#\n# /etc/pam.d/common-password - password-related modules common to all services\n#\n# This file is included from other service-specific PAM config files,\n# and should contain a list of modules that define the services to be\n# used to change user passwords.  The default is pam_unix.\n\n# Explanation of pam_unix options:\n#\n# The \"nullok\" option allows users to change an empty password, else\n# empty passwords are treated as locked accounts.\n#\n# The \"md5\" option enables MD5 passwords.  Without this option, the\n# default is Unix crypt.\n#\n# The \"obscure\" option replaces the old `OBSCURE_CHECKS_ENAB\' option in\n# login.defs.\n#\n# You can also use the \"min\" option to enforce the length of the new\n# password.\n#\n# See the pam_unix manpage for other options.\n\npassword   requisite   pam_unix.so nullok obscure md5\n\n# Alternate strength checking for password. Note that this\n# requires the libpam-cracklib package to be installed.\n# You will need to comment out the password line above and\n# uncomment the next two in order to use this.\n# (Replaces the `OBSCURE_CHECKS_ENAB\', `CRACKLIB_DICTPATH\')\n#\n# password required\t  pam_cracklib.so retry=3 minlen=6 difok=3\n# password required\t  pam_unix.so use_authtok nullok md5\n\n# minimally-intrusive inclusion of smbpass in the stack for\n# synchronization.  If the module is absent or the passwords don\'t\n# match, this module will be ignored without prompting; and if the \n# passwords do match, the NTLM hash for the user will be updated\n# automatically.\n# password   optional   pam_smbpass.so nullok use_authtok use_first_pass\n", 4096) = 1563
11263 15:06:34.384051 read(6, "", 4096) = 0
11263 15:06:34.384079 close(6)          = 0
11263 15:06:34.384105 munmap(0xb7f72000, 4096) = 0
11263 15:06:34.384134 stat64("/etc/pam.d", {st_mode=S_IFDIR|0755, st_size=4096, ...}) = 0
11263 15:06:34.384211 open("/etc/pam.d/common-session", O_RDONLY|O_LARGEFILE) = 6
11263 15:06:34.384255 fstat64(6, {st_mode=S_IFREG|0644, st_size=372, ...}) = 0
11263 15:06:34.384299 mmap2(NULL, 4096, PROT_READ|PROT_WRITE, MAP_PRIVATE|MAP_ANONYMOUS, -1, 0) = 0xb7f72000
11263 15:06:34.384328 read(6, "#\n# /etc/pam.d/common-session - session-related modules common to all services\n#\n# This file is included from other service-specific PAM config files,\n# and should contain a list of modules that define tasks to be performed\n# at the start and end of sessions of *any* kind (both interactive and\n# non-interactive).  The default is pam_unix.\n#\nsession\trequired\tpam_unix.so\n", 4096) = 372
11263 15:06:34.384432 read(6, "", 4096) = 0
11263 15:06:34.384459 close(6)          = 0
11263 15:06:34.384485 munmap(0xb7f72000, 4096) = 0
11263 15:06:34.384513 read(5, "", 4096) = 0
11263 15:06:34.384539 close(5)          = 0
11263 15:06:34.384564 munmap(0xb7f78000, 4096) = 0
11263 15:06:34.384640 time(NULL)        = 1495652794
11263 15:06:34.384738 lstat64("/etc/ftpusers", {st_mode=S_IFREG|0644, st_size=132, ...}) = 0
11263 15:06:34.384803 open("/etc/ftpusers", O_RDONLY|O_LARGEFILE) = 5
11263 15:06:34.384836 fstat64(5, {st_mode=S_IFREG|0644, st_size=132, ...}) = 0
11263 15:06:34.384921 mmap2(NULL, 4096, PROT_READ|PROT_WRITE, MAP_PRIVATE|MAP_ANONYMOUS, -1, 0) = 0xb7f78000
11263 15:06:34.384960 read(5, "# /etc/ftpusers: list of users disallowed FTP access. See ftpusers(5).\n\nroot\ndaemon\nbin\nsys\nsync\ngames\nman\nlp\nmail\nnews\nuucp\nnobody\n", 4096) = 132
11263 15:06:34.385019 read(5, "", 4096) = 0
11263 15:06:34.385045 close(5)          = 0
11263 15:06:34.385071 munmap(0xb7f78000, 4096) = 0
11263 15:06:34.385115 getuid32()        = 0
11263 15:06:34.385160 open("/etc/passwd", O_RDONLY|0x80000 /* O_??? */) = 5
11263 15:06:34.385242 _llseek(5, 0, [0], SEEK_CUR) = 0
11263 15:06:34.385274 fstat64(5, {st_mode=S_IFREG|0644, st_size=1624, ...}) = 0
11263 15:06:34.385319 mmap2(NULL, 1624, PROT_READ, MAP_SHARED, 5, 0) = 0xb7f78000
11263 15:06:34.385350 _llseek(5, 1624, [1624], SEEK_SET) = 0
11263 15:06:34.385403 munmap(0xb7f78000, 1624) = 0
11263 15:06:34.385433 close(5)          = 0
11263 15:06:34.385501 open("/etc/shadow", O_RDONLY|0x80000 /* O_??? */) = 5
11263 15:06:34.385548 _llseek(5, 0, [0], SEEK_CUR) = 0
11263 15:06:34.385577 fstat64(5, {st_mode=S_IFREG|0640, st_size=1233, ...}) = 0
11263 15:06:34.385621 mmap2(NULL, 1233, PROT_READ, MAP_SHARED, 5, 0) = 0xb7f78000
11263 15:06:34.385650 _llseek(5, 1233, [1233], SEEK_SET) = 0
11263 15:06:34.385739 munmap(0xb7f78000, 1233) = 0
11263 15:06:34.385770 close(5)          = 0
11263 15:06:34.385822 open("/etc/passwd", O_RDONLY|0x80000 /* O_??? */) = 5
11263 15:06:34.385860 _llseek(5, 0, [0], SEEK_CUR) = 0
11263 15:06:34.385889 fstat64(5, {st_mode=S_IFREG|0644, st_size=1624, ...}) = 0
11263 15:06:34.385933 mmap2(NULL, 1624, PROT_READ, MAP_SHARED, 5, 0) = 0xb7f78000
11263 15:06:34.385962 _llseek(5, 1624, [1624], SEEK_SET) = 0
11263 15:06:34.386005 munmap(0xb7f78000, 1624) = 0
11263 15:06:34.386032 close(5)          = 0
11263 15:06:34.386066 open("/etc/shadow", O_RDONLY|0x80000 /* O_??? */) = 5
11263 15:06:34.386101 _llseek(5, 0, [0], SEEK_CUR) = 0
11263 15:06:34.386128 fstat64(5, {st_mode=S_IFREG|0640, st_size=1233, ...}) = 0
11263 15:06:34.386194 mmap2(NULL, 1233, PROT_READ, MAP_SHARED, 5, 0) = 0xb7f78000
11263 15:06:34.386228 _llseek(5, 1233, [1233], SEEK_SET) = 0
11263 15:06:34.386275 munmap(0xb7f78000, 1233) = 0
11263 15:06:34.386302 close(5)          = 0
11263 15:06:34.386841 getuid32()        = 0
11263 15:06:34.386881 open("/etc/passwd", O_RDONLY|0x80000 /* O_??? */) = 5
11263 15:06:34.386918 _llseek(5, 0, [0], SEEK_CUR) = 0
11263 15:06:34.386946 fstat64(5, {st_mode=S_IFREG|0644, st_size=1624, ...}) = 0
11263 15:06:34.386991 mmap2(NULL, 1624, PROT_READ, MAP_SHARED, 5, 0) = 0xb7f78000
11263 15:06:34.387054 _llseek(5, 1624, [1624], SEEK_SET) = 0
11263 15:06:34.387102 munmap(0xb7f78000, 1624) = 0
11263 15:06:34.387130 close(5)          = 0
11263 15:06:34.387166 open("/etc/shadow", O_RDONLY|0x80000 /* O_??? */) = 5
11263 15:06:34.387202 _llseek(5, 0, [0], SEEK_CUR) = 0
11263 15:06:34.387230 fstat64(5, {st_mode=S_IFREG|0640, st_size=1233, ...}) = 0
11263 15:06:34.387274 mmap2(NULL, 1233, PROT_READ, MAP_SHARED, 5, 0) = 0xb7f78000
11263 15:06:34.387303 _llseek(5, 1233, [1233], SEEK_SET) = 0
11263 15:06:34.387348 munmap(0xb7f78000, 1233) = 0
11263 15:06:34.387374 close(5)          = 0
11263 15:06:34.387406 time(NULL)        = 1495652794
11263 15:06:34.387447 munmap(0xb7f75000, 12164) = 0
11263 15:06:34.387483 munmap(0xb7f73000, 7136) = 0
11263 15:06:34.387704 munmap(0xb7da8000, 95428) = 0
11263 15:06:34.387747 munmap(0xb7d6e000, 201052) = 0
11263 15:06:34.387777 munmap(0xb7d55000, 101180) = 0
11263 15:06:34.387821 gettimeofday({1495652794, 387832}, NULL) = 0
11263 15:06:34.387854 stat64("/usr/share/zoneinfo/UTC+04:00", 0xbfb664d4) = -1 ENOENT (No such file or directory)
11263 15:06:34.387895 open("/usr/share/zoneinfo/UTC+04:00", O_RDONLY) = -1 ENOENT (No such file or directory)
11263 15:06:34.387965 fcntl64(3, F_SETLKW64, {type=F_WRLCK, whence=SEEK_SET, start=0, len=0}, 0xbfb66624) = 0
11263 15:06:34.388010 write(3, "Wed May 24 15:06:34 2017 [pid 11263] [msfadmin] OK LOGIN: Client \"127.0.0.1\"\n", 77) = 77
11263 15:06:34.388067 fcntl64(3, F_SETLK64, {type=F_UNLCK, whence=SEEK_SET, start=0, len=0}, 0xbfb6662c) = 0
11263 15:06:34.388136 rt_sigaction(SIGCHLD, {0x805cad0, ~[RTMIN RT_1], 0}, NULL, 8) = 0
11263 15:06:34.388179 write(4, "\1", 1 <unfinished ...>
11264 15:06:34.388204 <... read resumed> "\1", 1) = 1
11263 15:06:34.388219 <... write resumed> ) = 1
11264 15:06:34.388239 exit_group(0)     = ?
11263 15:06:34.388321 --- SIGCHLD (Child exited) @ 0 (0) ---
11263 15:06:34.388341 sigreturn()       = ? (mask now [])
11263 15:06:34.388391 wait4(-1, [{WIFEXITED(s) && WEXITSTATUS(s) == 0}], 0, NULL) = 11264
11263 15:06:34.388426 close(4)          = 0
11263 15:06:34.388459 socketpair(PF_FILE, SOCK_STREAM, 0, [4, 5]) = 0
11263 15:06:34.388497 rt_sigaction(SIGCHLD, {0x805cad0, ~[RTMIN RT_1], 0}, NULL, 8) = 0
11263 15:06:34.388535 rt_sigaction(SIGALRM, {0x805cb10, ~[RTMIN RT_1], 0}, NULL, 8) = 0
11263 15:06:34.388572 clone(child_stack=0, flags=CLONE_CHILD_CLEARTID|CLONE_CHILD_SETTID|SIGCHLD, child_tidptr=0xb7dde6f8) = 11265
11265 15:06:34.388706 prctl(0x1, 0x9, 0, 0, 0) = 0
11265 15:06:34.388743 close(4)          = 0
11265 15:06:34.388815 open("/etc/passwd", O_RDONLY|0x80000 /* O_??? */) = 4
11265 15:06:34.388862 _llseek(4, 0, [0], SEEK_CUR) = 0
11265 15:06:34.388905 fstat64(4, {st_mode=S_IFREG|0644, st_size=1624, ...}) = 0
11265 15:06:34.388954 mmap2(NULL, 1624, PROT_READ, MAP_SHARED, 4, 0) = 0xb7f78000
11265 15:06:34.388986 _llseek(4, 1624, [1624], SEEK_SET) = 0
11265 15:06:34.389048 munmap(0xb7f78000, 1624) = 0
11265 15:06:34.389108 close(4)          = 0
11265 15:06:34.389147 getuid32()        = 0
11265 15:06:34.389176 open("/etc/passwd", O_RDONLY|0x80000 /* O_??? */) = 4
11265 15:06:34.389212 _llseek(4, 0, [0], SEEK_CUR) = 0
11265 15:06:34.389241 fstat64(4, {st_mode=S_IFREG|0644, st_size=1624, ...}) = 0
11265 15:06:34.389285 mmap2(NULL, 1624, PROT_READ, MAP_SHARED, 4, 0) = 0xb7f78000
11265 15:06:34.389314 _llseek(4, 1624, [1624], SEEK_SET) = 0
11265 15:06:34.389357 munmap(0xb7f78000, 1624) = 0
11265 15:06:34.389383 close(4)          = 0
11265 15:06:34.389454 open("/proc/sys/kernel/ngroups_max", O_RDONLY) = 4
11265 15:06:34.389506 read(4, "65536\n", 31) = 6
11265 15:06:34.389540 close(4)          = 0
11265 15:06:34.389579 socket(PF_FILE, SOCK_STREAM, 0) = 4
11265 15:06:34.389611 fcntl64(4, F_SETFL, O_RDWR|O_NONBLOCK) = 0
11265 15:06:34.389641 connect(4, {sa_family=AF_FILE, path="/var/run/nscd/socket"}, 110) = -1 ENOENT (No such file or directory)
11265 15:06:34.389699 close(4)          = 0
11265 15:06:34.389730 socket(PF_FILE, SOCK_STREAM, 0) = 4
11265 15:06:34.389757 fcntl64(4, F_SETFL, O_RDWR|O_NONBLOCK) = 0
11265 15:06:34.389786 connect(4, {sa_family=AF_FILE, path="/var/run/nscd/socket"}, 110) = -1 ENOENT (No such file or directory)
11265 15:06:34.389834 close(4)          = 0
11265 15:06:34.389897 open("/etc/group", O_RDONLY|0x80000 /* O_??? */) = 4
11265 15:06:34.389936 _llseek(4, 0, [0], SEEK_CUR) = 0
11265 15:06:34.389970 fstat64(4, {st_mode=S_IFREG|0644, st_size=886, ...}) = 0
11265 15:06:34.390017 mmap2(NULL, 886, PROT_READ, MAP_SHARED, 4, 0) = 0xb7f78000
11265 15:06:34.390077 _llseek(4, 886, [886], SEEK_SET) = 0
11265 15:06:34.390148 fstat64(4, {st_mode=S_IFREG|0644, st_size=886, ...}) = 0
11265 15:06:34.390196 munmap(0xb7f78000, 886) = 0
11265 15:06:34.390224 close(4)          = 0
11265 15:06:34.390251 setgroups32(13, [1000, 4, 20, 24, 25, 29, 30, 44, 46, 107, 111, 112, 119]) = 0
11265 15:06:34.390296 geteuid32()       = 0
11265 15:06:34.390325 getegid32()       = 0
11265 15:06:34.390354 setregid32(-1, 1000) = 0
11265 15:06:34.390383 setreuid32(-1, 1000) = 0
11265 15:06:34.390412 chdir("/home/msfadmin") = 0
11265 15:06:34.390443 setreuid32(-1, 0) = 0
11265 15:06:34.390469 setregid32(-1, 0) = 0
11265 15:06:34.390497 setgid32(1000)    = 0
11265 15:06:34.390524 setuid32(1000)    = 0
11265 15:06:34.390552 setrlimit(RLIMIT_NPROC, {rlim_cur=0, rlim_max=0}) = 0
11265 15:06:34.390589 mmap2(NULL, 12288, PROT_READ|PROT_WRITE, MAP_PRIVATE|MAP_ANONYMOUS, -1, 0) = 0xb7f76000
11265 15:06:34.390619 mprotect(0xb7f78000, 4096, PROT_NONE) = 0
11265 15:06:34.390661 mprotect(0xb7f76000, 4096, PROT_NONE) = 0
11265 15:06:34.390692 getcwd("/home/msfadmin", 4096) = 15
11265 15:06:34.390728 umask(022)        = 077
11265 15:06:34.390755 getcwd("/home/msfadmin", 4096) = 15
11265 15:06:34.390792 open(".message", O_RDONLY|O_NONBLOCK|O_LARGEFILE) = -1 ENOENT (No such file or directory)
11265 15:06:34.390852 write(0, "230 Login successful.\r\n", 23) = 23
11265 15:06:34.391325 rt_sigaction(SIGALRM, {0x805cad0, ~[RTMIN RT_1], 0}, NULL, 8) = 0
11265 15:06:34.391376 alarm(300)        = 0
11265 15:06:34.391406 mmap2(NULL, 12288, PROT_READ|PROT_WRITE, MAP_PRIVATE|MAP_ANONYMOUS, -1, 0) = 0xb7f73000
11265 15:06:34.391437 mprotect(0xb7f75000, 4096, PROT_NONE) = 0
11265 15:06:34.391468 mprotect(0xb7f73000, 4096, PROT_NONE) = 0
11265 15:06:34.391504 recv(0, "TYPE I\r\n", 4096, MSG_PEEK) = 8
11265 15:06:34.391540 read(0, "TYPE I\r\n", 8) = 8
11265 15:06:34.391587 write(0, "200 Switching to Binary mode.\r\n", 31) = 31
11265 15:06:34.391702 rt_sigaction(SIGALRM, {0x805cad0, ~[RTMIN RT_1], 0}, NULL, 8) = 0
11265 15:06:34.391742 alarm(300)        = 300
11265 15:06:34.391773 recv(0, "PASV\r\n", 4096, MSG_PEEK) = 6
11265 15:06:34.391804 read(0, "PASV\r\n", 6) = 6
11265 15:06:34.391836 write(5, "\n", 1) = 1
11265 15:06:34.391866 read(5,  <unfinished ...>
11263 15:06:34.391899 close(5)          = 0
11263 15:06:34.391934 getuid32()        = 0
11263 15:06:34.391975 open("/etc/passwd", O_RDONLY|0x80000 /* O_??? */) = 5
11263 15:06:34.392015 _llseek(5, 0, [0], SEEK_CUR) = 0
11263 15:06:34.392049 fstat64(5, {st_mode=S_IFREG|0644, st_size=1624, ...}) = 0
11263 15:06:34.392130 mmap2(NULL, 1624, PROT_READ, MAP_SHARED, 5, 0) = 0xb7f78000
11263 15:06:34.392164 _llseek(5, 1624, [1624], SEEK_SET) = 0
11263 15:06:34.392229 munmap(0xb7f78000, 1624) = 0
11263 15:06:34.392264 close(5)          = 0
11263 15:06:34.392309 setgroups32(0, []) = 0
11263 15:06:34.392341 chdir("/usr/share/empty") = 0
11263 15:06:34.392376 chroot(".")       = 0
11263 15:06:34.392405 capset(NULL, NULL) = -1 EFAULT (Bad address)
11263 15:06:34.392442 prctl(0x8, 0, 0xbfb66608, 0x80549a6, 0xbfb665f0) = 0
11263 15:06:34.392473 prctl(0x8, 0x1, 0xbfb66608, 0x8054a49, 0xbfb665f0) = 0
11263 15:06:34.392500 setgid32(65534)   = 0
11263 15:06:34.392527 setuid32(65534)   = 0
11263 15:06:34.392554 capset(0x19980330, 0, {CAP_NET_BIND_SERVICE, CAP_NET_BIND_SERVICE, 0}) = 0
11263 15:06:34.392592 read(4, "\n", 1)  = 1
11263 15:06:34.392627 write(4, "\1", 1) = 1
11265 15:06:34.392657 <... read resumed> "\1", 1) = 1
11265 15:06:34.392678 write(5, "\f", 1) = 1
11265 15:06:34.392705 read(5,  <unfinished ...>
11263 15:06:34.392724 read(4, "\f", 1)  = 1
11263 15:06:34.392758 socket(PF_INET, SOCK_STREAM, IPPROTO_TCP) = 5
11263 15:06:34.392796 setsockopt(5, SOL_SOCKET, SO_REUSEADDR, [1], 4) = 0
11263 15:06:34.392827 gettimeofday({1495652794, 392837}, NULL) = 0
11263 15:06:34.392872 bind(5, {sa_family=AF_INET, sin_port=htons(33834), sin_addr=inet_addr("127.0.0.1")}, 16) = 0
11263 15:06:34.392915 listen(5, 1)      = 0
11263 15:06:34.392949 write(4, "*\204\0\0", 4) = 4
11265 15:06:34.392979 <... read resumed> "*\204\0\0", 4) = 4
11265 15:06:34.393016 write(0, "227 Entering Passive Mode (127,0,0,1,132,42).\r\n", 47) = 47
11265 15:06:34.393339 rt_sigaction(SIGALRM, {0x805cad0, ~[RTMIN RT_1], 0}, NULL, 8) = 0
11265 15:06:34.393388 alarm(300)        = 300
11265 15:06:34.393420 recv(0, "STOR myfile6\r\n", 4096, MSG_PEEK) = 14
11265 15:06:34.393453 read(0, "STOR myfile6\r\n", 14) = 14
11265 15:06:34.393494 write(5, "\v", 1) = 1
11265 15:06:34.393523 read(5,  <unfinished ...>
11263 15:06:34.393543 read(4, "\v", 1)  = 1
11263 15:06:34.393574 write(4, "\1\0\0\0", 4) = 4
11265 15:06:34.393603 <... read resumed> "\1\0\0\0", 4) = 4
11265 15:06:34.393627 gettimeofday({1495652794, 393637}, NULL) = 0
11265 15:06:34.393656 getcwd("/home/msfadmin", 4096) = 15
11265 15:06:34.393690 open("myfile6", O_WRONLY|O_CREAT|O_NONBLOCK|O_LARGEFILE, 0666) = 4
11265 15:06:34.393726 fstat64(4, {st_mode=S_IFREG|0644, st_size=17, ...}) = 0
11265 15:06:34.393772 fcntl64(4, F_GETFL) = 0x8801 (flags O_WRONLY|O_NONBLOCK|O_LARGEFILE)
11265 15:06:34.393817 fcntl64(4, F_SETFL, O_WRONLY|O_LARGEFILE) = 0
11265 15:06:34.393844 fcntl64(4, F_SETLKW64, {type=F_WRLCK, whence=SEEK_SET, start=0, len=0}, 0xbfb66554) = 0
11265 15:06:34.393887 ftruncate64(4, 0) = 0
11265 15:06:34.393932 _llseek(4, 0, [0], SEEK_SET) = 0
11265 15:06:34.393962 write(5, "\v", 1) = 1
11265 15:06:34.393990 read(5,  <unfinished ...>
11263 15:06:34.394037 read(4, "\v", 1)  = 1
11263 15:06:34.394079 write(4, "\1\0\0\0", 4) = 4
11265 15:06:34.394108 <... read resumed> "\1\0\0\0", 4) = 4
11265 15:06:34.394129 write(5, "\v", 1) = 1
11265 15:06:34.394156 read(5,  <unfinished ...>
11263 15:06:34.394174 read(4, "\v", 1)  = 1
11263 15:06:34.394203 write(4, "\1\0\0\0", 4) = 4
11265 15:06:34.394230 <... read resumed> "\1\0\0\0", 4) = 4
11265 15:06:34.394251 write(5, "\r", 1) = 1
11265 15:06:34.394277 read(5,  <unfinished ...>
11263 15:06:34.394295 read(4, "\r", 1)  = 1
11263 15:06:34.394330 select(6, [5], NULL, NULL, {60, 0}) = 1 (in [5], left {60, 0})
11263 15:06:34.394376 accept(5, {sa_family=AF_INET, sin_port=htons(54058), sin_addr=inet_addr("127.0.0.1")}, [16]) = 6
11263 15:06:34.394436 write(4, "\1", 1) = 1
11265 15:06:34.394464 <... read resumed> "\1", 1) = 1
11265 15:06:34.394490 recvmsg(5,  <unfinished ...>
11263 15:06:34.394516 sendmsg(4, {msg_name(0)=NULL, msg_iov(1)=[{"\0", 1}], msg_controllen=16, {cmsg_len=16, cmsg_level=SOL_SOCKET, cmsg_type=SCM_RIGHTS, {6}}, msg_flags=0}, 0) = 1
11265 15:06:34.394561 <... recvmsg resumed> {msg_name(0)=NULL, msg_iov(1)=[{"\0", 1}], msg_controllen=16, {cmsg_len=16, cmsg_level=SOL_SOCKET, cmsg_type=SCM_RIGHTS, {6}}, msg_flags=0}, 0) = 1
11265 15:06:34.394597 setsockopt(6, SOL_SOCKET, SO_KEEPALIVE, [1], 4) = 0
11265 15:06:34.394629 setsockopt(6, SOL_IP, IP_TOS, [8], 4) = 0
11265 15:06:34.394661 setsockopt(6, SOL_SOCKET, SO_LINGER, {onoff=1, linger=32767}, 8) = 0
11265 15:06:34.394691 rt_sigaction(SIGALRM, {0x805cad0, ~[RTMIN RT_1], 0}, NULL, 8) = 0
11265 15:06:34.394727 alarm(300)        = 300
11265 15:06:34.394762 write(0, "150 Ok to send data.\r\n", 22) = 22
11265 15:06:34.394931 mmap2(NULL, 77824, PROT_READ|PROT_WRITE, MAP_PRIVATE|MAP_ANONYMOUS, -1, 0) = 0xb7dad000
11265 15:06:34.394969 mprotect(0xb7dbf000, 4096, PROT_NONE) = 0
11265 15:06:34.395034 mprotect(0xb7dad000, 4096, PROT_NONE) = 0
11265 15:06:34.395064 read(6, "assasaaa\na\na\na\na\n", 65536) = 17
11265 15:06:34.395103 write(4, "assasaaa\na\na\na\na\n", 17) = 17
11265 15:06:34.395145 read(6, "", 65536) = 0
11265 15:06:34.395173 rt_sigaction(SIGALRM, {0x805cad0, ~[RTMIN RT_1], 0}, NULL, 8) = 0
11265 15:06:34.395210 alarm(300)        = 300
11265 15:06:34.395236 close(6)          = 0
11265 15:06:34.395261 alarm(0)          = 300
11265 15:06:34.395288 gettimeofday({1495652794, 395297}, NULL) = 0
11265 15:06:34.395336 getpid()          = 11265
11265 15:06:34.395370 gettimeofday({1495652794, 395381}, NULL) = 0
11265 15:06:34.395416 fcntl64(3, F_SETLKW64, {type=F_WRLCK, whence=SEEK_SET, start=0, len=0}, 0xbfb664f4) = 0
11265 15:06:34.395458 write(3, "Wed May 24 15:06:34 2017 [pid 11265] [msfadmin] OK UPLOAD: Client \"127.0.0.1\", \"/home/msfadmin/myfile6\", 17 bytes, 9.52Kbyte/sec\n", 129) = 129
11265 15:06:34.395513 fcntl64(3, F_SETLK64, {type=F_UNLCK, whence=SEEK_SET, start=0, len=0}, 0xbfb664fc) = 0
11265 15:06:34.395552 write(0, "226 Transfer complete.\r\n", 24) = 24
11265 15:06:34.395662 write(5, "\n", 1) = 1
11265 15:06:34.395695 read(5,  <unfinished ...>
11263 15:06:34.395714 close(6)          = 0
11263 15:06:34.395762 read(4, "\n", 1)  = 1
11263 15:06:34.395793 close(5)          = 0
11263 15:06:34.395823 write(4, "\1", 1) = 1
11265 15:06:34.395852 <... read resumed> "\1", 1) = 1
11265 15:06:34.395871 close(4)          = 0
11265 15:06:34.395900 rt_sigaction(SIGALRM, {0x805cad0, ~[RTMIN RT_1], 0}, NULL, 8) = 0
11265 15:06:34.395936 alarm(300)        = 0
11265 15:06:34.396013 recv(0,  <unfinished ...>
11263 15:06:34.396037 read(4,  <unfinished ...>
11265 15:06:34.928553 <... recv resumed> "TYPE I\r\n", 4096, MSG_PEEK) = 8
11265 15:06:34.928762 read(0, "TYPE I\r\n", 8) = 8
11265 15:06:34.928912 write(0, "200 Switching to Binary mode.\r\n", 31) = 31
11265 15:06:34.929565 rt_sigaction(SIGALRM, {0x805cad0, ~[RTMIN RT_1], 0}, NULL, 8) = 0
11265 15:06:34.929653 alarm(300)        = 299
11265 15:06:34.929709 recv(0, "PASV\r\n", 4096, MSG_PEEK) = 6
11265 15:06:34.929759 read(0, "PASV\r\n", 6) = 6
11265 15:06:34.929813 write(5, "\n", 1) = 1
11265 15:06:34.929864 read(5,  <unfinished ...>
11263 15:06:34.929897 <... read resumed> "\n", 1) = 1
11263 15:06:34.929933 write(4, "\1", 1) = 1
11265 15:06:34.929980 <... read resumed> "\1", 1) = 1
11265 15:06:34.930011 write(5, "\f", 1) = 1
11265 15:06:34.930055 read(5,  <unfinished ...>
11263 15:06:34.930084 read(4, "\f", 1)  = 1
11263 15:06:34.930136 socket(PF_INET, SOCK_STREAM, IPPROTO_TCP) = 5
11263 15:06:34.930195 setsockopt(5, SOL_SOCKET, SO_REUSEADDR, [1], 4) = 0
11263 15:06:34.930255 bind(5, {sa_family=AF_INET, sin_port=htons(47147), sin_addr=inet_addr("127.0.0.1")}, 16) = 0
11263 15:06:34.930369 listen(5, 1)      = 0
11263 15:06:34.930429 write(4, "+\270\0\0", 4) = 4
11265 15:06:34.930478 <... read resumed> "+\270\0\0", 4) = 4
11265 15:06:34.930532 write(0, "227 Entering Passive Mode (127,0,0,1,184,43).\r\n", 47) = 47
11265 15:06:34.930957 rt_sigaction(SIGALRM, {0x805cad0, ~[RTMIN RT_1], 0}, NULL, 8) = 0
11265 15:06:34.931030 alarm(300)        = 300
11265 15:06:34.931081 recv(0, "STOR myfile7\r\n", 4096, MSG_PEEK) = 14
11265 15:06:34.931133 read(0, "STOR myfile7\r\n", 14) = 14
11265 15:06:34.931193 write(5, "\v", 1) = 1
11265 15:06:34.931239 read(5,  <unfinished ...>
11263 15:06:34.931324 read(4, "\v", 1)  = 1
11263 15:06:34.931376 write(4, "\1\0\0\0", 4) = 4
11265 15:06:34.931423 <... read resumed> "\1\0\0\0", 4) = 4
11265 15:06:34.931458 gettimeofday({1495652794, 931474}, NULL) = 0
11265 15:06:34.931506 getcwd("/home/msfadmin", 4096) = 15
11265 15:06:34.931561 open("myfile7", O_WRONLY|O_CREAT|O_NONBLOCK|O_LARGEFILE, 0666) = 4
11265 15:06:34.931620 fstat64(4, {st_mode=S_IFREG|0644, st_size=17, ...}) = 0
11265 15:06:34.931695 fcntl64(4, F_GETFL) = 0x8801 (flags O_WRONLY|O_NONBLOCK|O_LARGEFILE)
11265 15:06:34.931743 fcntl64(4, F_SETFL, O_WRONLY|O_LARGEFILE) = 0
11265 15:06:34.931788 fcntl64(4, F_SETLKW64, {type=F_WRLCK, whence=SEEK_SET, start=0, len=0}, 0xbfb66554) = 0
11265 15:06:34.931847 ftruncate64(4, 0) = 0
11265 15:06:34.931918 _llseek(4, 0, [0], SEEK_SET) = 0
11265 15:06:34.931966 write(5, "\v", 1) = 1
11265 15:06:34.932011 read(5,  <unfinished ...>
11263 15:06:34.932042 read(4, "\v", 1)  = 1
11263 15:06:34.932089 write(4, "\1\0\0\0", 4) = 4
11265 15:06:34.932135 <... read resumed> "\1\0\0\0", 4) = 4
11265 15:06:34.932168 write(5, "\v", 1) = 1
11265 15:06:34.932260 read(5,  <unfinished ...>
11263 15:06:34.932303 read(4, "\v", 1)  = 1
11263 15:06:34.932354 write(4, "\1\0\0\0", 4) = 4
11265 15:06:34.932399 <... read resumed> "\1\0\0\0", 4) = 4
11265 15:06:34.932432 write(5, "\r", 1) = 1
11265 15:06:34.932476 read(5,  <unfinished ...>
11263 15:06:34.932505 read(4, "\r", 1)  = 1
11263 15:06:34.932556 select(6, [5], NULL, NULL, {60, 0}) = 1 (in [5], left {60, 0})
11263 15:06:34.932626 accept(5, {sa_family=AF_INET, sin_port=htons(49187), sin_addr=inet_addr("127.0.0.1")}, [16]) = 6
11263 15:06:34.932722 write(4, "\1", 1) = 1
11265 15:06:34.932769 <... read resumed> "\1", 1) = 1
11265 15:06:34.932807 recvmsg(5,  <unfinished ...>
11263 15:06:34.932844 sendmsg(4, {msg_name(0)=NULL, msg_iov(1)=[{"\0", 1}], msg_controllen=16, {cmsg_len=16, cmsg_level=SOL_SOCKET, cmsg_type=SCM_RIGHTS, {6}}, msg_flags=0}, 0) = 1
11265 15:06:34.932917 <... recvmsg resumed> {msg_name(0)=NULL, msg_iov(1)=[{"\0", 1}], msg_controllen=16, {cmsg_len=16, cmsg_level=SOL_SOCKET, cmsg_type=SCM_RIGHTS, {6}}, msg_flags=0}, 0) = 1
11265 15:06:34.932974 setsockopt(6, SOL_SOCKET, SO_KEEPALIVE, [1], 4) = 0
11265 15:06:34.933028 setsockopt(6, SOL_IP, IP_TOS, [8], 4) = 0
11265 15:06:34.933079 setsockopt(6, SOL_SOCKET, SO_LINGER, {onoff=1, linger=32767}, 8) = 0
11265 15:06:34.933129 rt_sigaction(SIGALRM, {0x805cad0, ~[RTMIN RT_1], 0}, NULL, 8) = 0
11265 15:06:34.933241 alarm(300)        = 300
11265 15:06:34.933302 write(0, "150 Ok to send data.\r\n", 22) = 22
11265 15:06:34.933575 read(6, "assasaaa\na\na\na\na\n", 65536) = 17
11265 15:06:34.933636 write(4, "assasaaa\na\na\na\na\n", 17) = 17
11265 15:06:34.933704 read(6, "", 65536) = 0
11265 15:06:34.933749 rt_sigaction(SIGALRM, {0x805cad0, ~[RTMIN RT_1], 0}, NULL, 8) = 0
11265 15:06:34.933810 alarm(300)        = 300
11265 15:06:34.933853 close(6)          = 0
11265 15:06:34.933893 alarm(0)          = 300
11265 15:06:34.933935 gettimeofday({1495652794, 933951}, NULL) = 0
11265 15:06:34.933998 gettimeofday({1495652794, 934016}, NULL) = 0
11265 15:06:34.934056 fcntl64(3, F_SETLKW64, {type=F_WRLCK, whence=SEEK_SET, start=0, len=0}, 0xbfb664f4) = 0
11265 15:06:34.934122 write(3, "Wed May 24 15:06:34 2017 [pid 11265] [msfadmin] OK UPLOAD: Client \"127.0.0.1\", \"/home/msfadmin/myfile7\", 17 bytes, 6.53Kbyte/sec\n", 129) = 129
11265 15:06:34.934257 fcntl64(3, F_SETLK64, {type=F_UNLCK, whence=SEEK_SET, start=0, len=0}, 0xbfb664fc) = 0
11265 15:06:34.934326 write(0, "226 Transfer complete.\r\n", 24) = 24
11265 15:06:34.934509 write(5, "\n", 1) = 1
11265 15:06:34.934561 read(5,  <unfinished ...>
11263 15:06:34.934592 close(6)          = 0
11263 15:06:34.934670 read(4, "\n", 1)  = 1
11263 15:06:34.934722 close(5)          = 0
11263 15:06:34.934769 write(4, "\1", 1) = 1
11265 15:06:34.934816 <... read resumed> "\1", 1) = 1
11265 15:06:34.934847 close(4)          = 0
11265 15:06:34.934894 rt_sigaction(SIGALRM, {0x805cad0, ~[RTMIN RT_1], 0}, NULL, 8) = 0
11265 15:06:34.934952 alarm(300)        = 0
11265 15:06:34.935001 recv(0,  <unfinished ...>
11263 15:06:34.935034 read(4,  <unfinished ...>
11265 15:06:35.447983 <... recv resumed> "TYPE I\r\n", 4096, MSG_PEEK) = 8
11265 15:06:35.448075 read(0, "TYPE I\r\n", 8) = 8
11265 15:06:35.448155 write(0, "200 Switching to Binary mode.\r\n", 31) = 31
11265 15:06:35.448345 rt_sigaction(SIGALRM, {0x805cad0, ~[RTMIN RT_1], 0}, NULL, 8) = 0
11265 15:06:35.448534 alarm(300)        = 299
11265 15:06:35.448592 recv(0, "PASV\r\n", 4096, MSG_PEEK) = 6
11265 15:06:35.448645 read(0, "PASV\r\n", 6) = 6
11265 15:06:35.448700 write(5, "\n", 1 <unfinished ...>
11263 15:06:35.448742 <... read resumed> "\n", 1) = 1
11265 15:06:35.448765 <... write resumed> ) = 1
11263 15:06:35.448795 write(4, "\1", 1) = 1
11263 15:06:35.448842 read(4,  <unfinished ...>
11265 15:06:35.448873 read(5, "\1", 1)  = 1
11265 15:06:35.448924 write(5, "\f", 1 <unfinished ...>
11263 15:06:35.448955 <... read resumed> "\f", 1) = 1
11265 15:06:35.448976 <... write resumed> ) = 1
11263 15:06:35.449007 socket(PF_INET, SOCK_STREAM, IPPROTO_TCP) = 5
11263 15:06:35.449068 setsockopt(5, SOL_SOCKET, SO_REUSEADDR, [1], 4) = 0
11263 15:06:35.449127 bind(5, {sa_family=AF_INET, sin_port=htons(42463), sin_addr=inet_addr("127.0.0.1")}, 16) = 0
11263 15:06:35.449193 listen(5, 1)      = 0
11263 15:06:35.449249 write(4, "\337\245\0\0", 4) = 4
11263 15:06:35.449298 read(4,  <unfinished ...>
11265 15:06:35.449806 read(5, "\337\245\0\0", 4) = 4
11265 15:06:35.449921 write(0, "227 Entering Passive Mode (127,0,0,1,165,223).\r\n", 48) = 48
11265 15:06:35.450407 rt_sigaction(SIGALRM, {0x805cad0, ~[RTMIN RT_1], 0}, NULL, 8) = 0
11265 15:06:35.450483 alarm(300)        = 300
11265 15:06:35.450534 recv(0, "STOR myfile8\r\n", 4096, MSG_PEEK) = 14
11265 15:06:35.450589 read(0, "STOR myfile8\r\n", 14) = 14
11265 15:06:35.450648 write(5, "\v", 1 <unfinished ...>
11263 15:06:35.450685 <... read resumed> "\v", 1) = 1
11265 15:06:35.450707 <... write resumed> ) = 1
11263 15:06:35.450735 write(4, "\1\0\0\0", 4) = 4
11263 15:06:35.450783 read(4,  <unfinished ...>
11265 15:06:35.450813 read(5, "\1\0\0\0", 4) = 4
11265 15:06:35.450864 gettimeofday({1495652795, 450880}, NULL) = 0
11265 15:06:35.450910 getcwd("/home/msfadmin", 4096) = 15
11265 15:06:35.450964 open("myfile8", O_WRONLY|O_CREAT|O_NONBLOCK|O_LARGEFILE, 0666) = 4
11265 15:06:35.451021 fstat64(4, {st_mode=S_IFREG|0644, st_size=17, ...}) = 0
11265 15:06:35.451096 fcntl64(4, F_GETFL) = 0x8801 (flags O_WRONLY|O_NONBLOCK|O_LARGEFILE)
11265 15:06:35.451168 fcntl64(4, F_SETFL, O_WRONLY|O_LARGEFILE) = 0
11265 15:06:35.451213 fcntl64(4, F_SETLKW64, {type=F_WRLCK, whence=SEEK_SET, start=0, len=0}, 0xbfb66554) = 0
11265 15:06:35.451314 ftruncate64(4, 0) = 0
11265 15:06:35.451395 _llseek(4, 0, [0], SEEK_SET) = 0
11265 15:06:35.451444 write(5, "\v", 1 <unfinished ...>
11263 15:06:35.451480 <... read resumed> "\v", 1) = 1
11265 15:06:35.451501 <... write resumed> ) = 1
11263 15:06:35.451529 write(4, "\1\0\0\0", 4) = 4
11263 15:06:35.451577 read(4,  <unfinished ...>
11265 15:06:35.451608 read(5, "\1\0\0\0", 4) = 4
11265 15:06:35.451658 write(5, "\v", 1 <unfinished ...>
11263 15:06:35.451689 <... read resumed> "\v", 1) = 1
11265 15:06:35.451709 <... write resumed> ) = 1
11263 15:06:35.451736 write(4, "\1\0\0\0", 4) = 4
11263 15:06:35.451782 read(4,  <unfinished ...>
11265 15:06:35.451811 read(5, "\1\0\0\0", 4) = 4
11265 15:06:35.451860 write(5, "\r", 1 <unfinished ...>
11263 15:06:35.451891 <... read resumed> "\r", 1) = 1
11265 15:06:35.451912 <... write resumed> ) = 1
11263 15:06:35.451942 select(6, [5], NULL, NULL, {60, 0}) = 1 (in [5], left {60, 0})
11263 15:06:35.452012 accept(5, {sa_family=AF_INET, sin_port=htons(49988), sin_addr=inet_addr("127.0.0.1")}, [16]) = 6
11263 15:06:35.452109 write(4, "\1", 1) = 1
11263 15:06:35.452162 sendmsg(4, {msg_name(0)=NULL, msg_iov(1)=[{"\0", 1}], msg_controllen=16, {cmsg_len=16, cmsg_level=SOL_SOCKET, cmsg_type=SCM_RIGHTS, {6}}, msg_flags=0}, 0) = 1
11263 15:06:35.452367 close(6)          = 0
11263 15:06:35.452466 read(4,  <unfinished ...>
11265 15:06:35.452505 read(5, "\1", 1)  = 1
11265 15:06:35.452572 recvmsg(5, {msg_name(0)=NULL, msg_iov(1)=[{"\0", 1}], msg_controllen=16, {cmsg_len=16, cmsg_level=SOL_SOCKET, cmsg_type=SCM_RIGHTS, {6}}, msg_flags=0}, 0) = 1
11265 15:06:35.452659 setsockopt(6, SOL_SOCKET, SO_KEEPALIVE, [1], 4) = 0
11265 15:06:35.452714 setsockopt(6, SOL_IP, IP_TOS, [8], 4) = 0
11265 15:06:35.452765 setsockopt(6, SOL_SOCKET, SO_LINGER, {onoff=1, linger=32767}, 8) = 0
11265 15:06:35.452815 rt_sigaction(SIGALRM, {0x805cad0, ~[RTMIN RT_1], 0}, NULL, 8) = 0
11265 15:06:35.452876 alarm(300)        = 300
11265 15:06:35.452934 write(0, "150 Ok to send data.\r\n", 22) = 22
11265 15:06:35.453270 read(6, "assasaaa\na\na\na\na\n", 65536) = 17
11265 15:06:35.453350 write(4, "assasaaa\na\na\na\na\n", 17) = 17
11265 15:06:35.453421 read(6, "", 65536) = 0
11265 15:06:35.453467 rt_sigaction(SIGALRM, {0x805cad0, ~[RTMIN RT_1], 0}, NULL, 8) = 0
11265 15:06:35.453528 alarm(300)        = 300
11265 15:06:35.453571 close(6)          = 0
11265 15:06:35.453649 alarm(0)          = 300
11265 15:06:35.453693 gettimeofday({1495652795, 453709}, NULL) = 0
11265 15:06:35.453756 gettimeofday({1495652795, 453775}, NULL) = 0
11265 15:06:35.453815 fcntl64(3, F_SETLKW64, {type=F_WRLCK, whence=SEEK_SET, start=0, len=0}, 0xbfb664f4) = 0
11265 15:06:35.453882 write(3, "Wed May 24 15:06:35 2017 [pid 11265] [msfadmin] OK UPLOAD: Client \"127.0.0.1\", \"/home/msfadmin/myfile8\", 17 bytes, 5.73Kbyte/sec\n", 129) = 129
11265 15:06:35.453971 fcntl64(3, F_SETLK64, {type=F_UNLCK, whence=SEEK_SET, start=0, len=0}, 0xbfb664fc) = 0
11265 15:06:35.454035 write(0, "226 Transfer complete.\r\n", 24) = 24
11265 15:06:35.454264 write(5, "\n", 1 <unfinished ...>
11263 15:06:35.454319 <... read resumed> "\n", 1) = 1
11265 15:06:35.454342 <... write resumed> ) = 1
11263 15:06:35.454369 close(5)          = 0
11263 15:06:35.454423 write(4, "\1", 1) = 1
11263 15:06:35.454472 read(4,  <unfinished ...>
11265 15:06:35.454503 read(5, "\1", 1)  = 1
11265 15:06:35.454551 close(4)          = 0
11265 15:06:35.454599 rt_sigaction(SIGALRM, {0x805cad0, ~[RTMIN RT_1], 0}, NULL, 8) = 0
11265 15:06:35.454658 alarm(300)        = 0
11265 15:06:35.454706 recv(0, "TYPE I\r\n", 4096, MSG_PEEK) = 8
11265 15:06:35.959300 read(0, "TYPE I\r\n", 8) = 8
11265 15:06:35.959502 write(0, "200 Switching to Binary mode.\r\n", 31) = 31
11265 15:06:35.959871 rt_sigaction(SIGALRM, {0x805cad0, ~[RTMIN RT_1], 0}, NULL, 8) = 0
11265 15:06:35.959958 alarm(300)        = 299
11265 15:06:35.960011 recv(0, "PASV\r\n", 4096, MSG_PEEK) = 6
11265 15:06:35.960086 read(0, "PASV\r\n", 6) = 6
11265 15:06:35.960140 write(5, "\n", 1 <unfinished ...>
11263 15:06:35.960183 <... read resumed> "\n", 1) = 1
11265 15:06:35.960206 <... write resumed> ) = 1
11263 15:06:35.960236 write(4, "\1", 1) = 1
11263 15:06:35.960283 read(4,  <unfinished ...>
11265 15:06:35.960314 read(5, "\1", 1)  = 1
11265 15:06:35.960364 write(5, "\f", 1 <unfinished ...>
11263 15:06:35.960395 <... read resumed> "\f", 1) = 1
11265 15:06:35.960416 <... write resumed> ) = 1
11263 15:06:35.960447 socket(PF_INET, SOCK_STREAM, IPPROTO_TCP) = 5
11263 15:06:35.960508 setsockopt(5, SOL_SOCKET, SO_REUSEADDR, [1], 4) = 0
11263 15:06:35.960566 bind(5, {sa_family=AF_INET, sin_port=htons(30059), sin_addr=inet_addr("127.0.0.1")}, 16) = 0
11263 15:06:35.960633 listen(5, 1)      = 0
11263 15:06:35.960866 write(4, "ku\0\0", 4) = 4
11263 15:06:35.960919 read(4,  <unfinished ...>
11265 15:06:35.960950 read(5, "ku\0\0", 4) = 4
11265 15:06:35.961019 write(0, "227 Entering Passive Mode (127,0,0,1,117,107).\r\n", 48) = 48
11265 15:06:35.961429 rt_sigaction(SIGALRM, {0x805cad0, ~[RTMIN RT_1], 0}, NULL, 8) = 0
11265 15:06:35.961502 alarm(300)        = 300
11265 15:06:35.961553 recv(0, "STOR myfile9\r\n", 4096, MSG_PEEK) = 14
11265 15:06:35.961609 read(0, "STOR myfile9\r\n", 14) = 14
11265 15:06:35.961668 write(5, "\v", 1 <unfinished ...>
11263 15:06:35.961703 <... read resumed> "\v", 1) = 1
11265 15:06:35.961773 <... write resumed> ) = 1
11263 15:06:35.961815 write(4, "\1\0\0\0", 4) = 4
11263 15:06:35.961867 read(4,  <unfinished ...>
11265 15:06:35.961898 read(5, "\1\0\0\0", 4) = 4
11265 15:06:35.961949 gettimeofday({1495652795, 961965}, NULL) = 0
11265 15:06:35.961997 getcwd("/home/msfadmin", 4096) = 15
11265 15:06:35.962050 open("myfile9", O_WRONLY|O_CREAT|O_NONBLOCK|O_LARGEFILE, 0666) = 4
11265 15:06:35.962108 fstat64(4, {st_mode=S_IFREG|0644, st_size=17, ...}) = 0
11265 15:06:35.962183 fcntl64(4, F_GETFL) = 0x8801 (flags O_WRONLY|O_NONBLOCK|O_LARGEFILE)
11265 15:06:35.962232 fcntl64(4, F_SETFL, O_WRONLY|O_LARGEFILE) = 0
11265 15:06:35.962275 fcntl64(4, F_SETLKW64, {type=F_WRLCK, whence=SEEK_SET, start=0, len=0}, 0xbfb66554) = 0
11265 15:06:35.962334 ftruncate64(4, 0) = 0
11265 15:06:35.962405 _llseek(4, 0, [0], SEEK_SET) = 0
11265 15:06:35.962453 write(5, "\v", 1 <unfinished ...>
11263 15:06:35.962487 <... read resumed> "\v", 1) = 1
11265 15:06:35.962507 <... write resumed> ) = 1
11263 15:06:35.962535 write(4, "\1\0\0\0", 4) = 4
11263 15:06:35.962582 read(4,  <unfinished ...>
11265 15:06:35.962612 read(5, "\1\0\0\0", 4) = 4
11265 15:06:35.962661 write(5, "\v", 1 <unfinished ...>
11263 15:06:35.962747 <... read resumed> "\v", 1) = 1
11265 15:06:35.962783 <... write resumed> ) = 1
11263 15:06:35.962812 write(4, "\1\0\0\0", 4) = 4
11263 15:06:35.962861 read(4,  <unfinished ...>
11265 15:06:35.962891 read(5, "\1\0\0\0", 4) = 4
11265 15:06:35.962941 write(5, "\r", 1 <unfinished ...>
11263 15:06:35.962973 <... read resumed> "\r", 1) = 1
11265 15:06:35.962993 <... write resumed> ) = 1
11263 15:06:35.963024 select(6, [5], NULL, NULL, {60, 0}) = 1 (in [5], left {60, 0})
11263 15:06:35.963094 accept(5, {sa_family=AF_INET, sin_port=htons(53443), sin_addr=inet_addr("127.0.0.1")}, [16]) = 6
11263 15:06:35.963190 write(4, "\1", 1) = 1
11263 15:06:35.963243 sendmsg(4, {msg_name(0)=NULL, msg_iov(1)=[{"\0", 1}], msg_controllen=16, {cmsg_len=16, cmsg_level=SOL_SOCKET, cmsg_type=SCM_RIGHTS, {6}}, msg_flags=0}, 0) = 1
11263 15:06:35.963316 close(6)          = 0
11263 15:06:35.963359 read(4,  <unfinished ...>
11265 15:06:35.963390 read(5, "\1", 1)  = 1
11265 15:06:35.963445 recvmsg(5, {msg_name(0)=NULL, msg_iov(1)=[{"\0", 1}], msg_controllen=16, {cmsg_len=16, cmsg_level=SOL_SOCKET, cmsg_type=SCM_RIGHTS, {6}}, msg_flags=0}, 0) = 1
11265 15:06:35.963522 setsockopt(6, SOL_SOCKET, SO_KEEPALIVE, [1], 4) = 0
11265 15:06:35.963575 setsockopt(6, SOL_IP, IP_TOS, [8], 4) = 0
11265 15:06:35.963626 setsockopt(6, SOL_SOCKET, SO_LINGER, {onoff=1, linger=32767}, 8) = 0
11265 15:06:35.963721 rt_sigaction(SIGALRM, {0x805cad0, ~[RTMIN RT_1], 0}, NULL, 8) = 0
11265 15:06:35.963802 alarm(300)        = 300
11265 15:06:35.963859 write(0, "150 Ok to send data.\r\n", 22) = 22
11265 15:06:35.964126 read(6, "assasaaa\na\na\na\na\n", 65536) = 17
11265 15:06:35.964188 write(4, "assasaaa\na\na\na\na\n", 17) = 17
11265 15:06:35.964256 read(6, "", 65536) = 0
11265 15:06:35.964302 rt_sigaction(SIGALRM, {0x805cad0, ~[RTMIN RT_1], 0}, NULL, 8) = 0
11265 15:06:35.964361 alarm(300)        = 300
11265 15:06:35.964403 close(6)          = 0
11265 15:06:35.964475 alarm(0)          = 300
11265 15:06:35.964519 gettimeofday({1495652795, 964535}, NULL) = 0
11265 15:06:35.964583 gettimeofday({1495652795, 964601}, NULL) = 0
11265 15:06:35.964693 fcntl64(3, F_SETLKW64, {type=F_WRLCK, whence=SEEK_SET, start=0, len=0}, 0xbfb664f4) = 0
11265 15:06:35.964770 write(3, "Wed May 24 15:06:35 2017 [pid 11265] [msfadmin] OK UPLOAD: Client \"127.0.0.1\", \"/home/msfadmin/myfile9\", 17 bytes, 6.30Kbyte/sec\n", 129) = 129
11265 15:06:35.964857 fcntl64(3, F_SETLK64, {type=F_UNLCK, whence=SEEK_SET, start=0, len=0}, 0xbfb664fc) = 0
11265 15:06:35.964921 write(0, "226 Transfer complete.\r\n", 24) = 24
11265 15:06:35.965100 write(5, "\n", 1 <unfinished ...>
11263 15:06:35.965142 <... read resumed> "\n", 1) = 1
11265 15:06:35.965164 <... write resumed> ) = 1
11263 15:06:35.965190 close(5)          = 0
11263 15:06:35.965242 write(4, "\1", 1) = 1
11263 15:06:35.965290 read(4,  <unfinished ...>
11265 15:06:35.965320 read(5, "\1", 1)  = 1
11265 15:06:35.965368 close(4)          = 0
11265 15:06:35.965415 rt_sigaction(SIGALRM, {0x805cad0, ~[RTMIN RT_1], 0}, NULL, 8) = 0
11265 15:06:35.965473 alarm(300)        = 0
11265 15:06:35.965522 recv(0, "TYPE I\r\n", 4096, MSG_PEEK) = 8
11265 15:06:36.497839 read(0, "TYPE I\r\n", 8) = 8
11265 15:06:36.497937 write(0, "200 Switching to Binary mode.\r\n", 31) = 31
11265 15:06:36.498119 rt_sigaction(SIGALRM, {0x805cad0, ~[RTMIN RT_1], 0}, NULL, 8) = 0
11265 15:06:36.498192 alarm(300)        = 299
11265 15:06:36.498454 recv(0, "PASV\r\n", 4096, MSG_PEEK) = 6
11265 15:06:36.498512 read(0, "PASV\r\n", 6) = 6
11265 15:06:36.498566 write(5, "\n", 1 <unfinished ...>
11263 15:06:36.498609 <... read resumed> "\n", 1) = 1
11265 15:06:36.498632 <... write resumed> ) = 1
11263 15:06:36.498663 write(4, "\1", 1) = 1
11263 15:06:36.498711 read(4,  <unfinished ...>
11265 15:06:36.498742 read(5, "\1", 1)  = 1
11265 15:06:36.498791 write(5, "\f", 1 <unfinished ...>
11263 15:06:36.498824 <... read resumed> "\f", 1) = 1
11265 15:06:36.498845 <... write resumed> ) = 1
11263 15:06:36.498876 socket(PF_INET, SOCK_STREAM, IPPROTO_TCP) = 5
11263 15:06:36.498937 setsockopt(5, SOL_SOCKET, SO_REUSEADDR, [1], 4) = 0
11263 15:06:36.498995 bind(5, {sa_family=AF_INET, sin_port=htons(46962), sin_addr=inet_addr("127.0.0.1")}, 16) = 0
11263 15:06:36.499060 listen(5, 1)      = 0
11263 15:06:36.499116 write(4, "r\267\0\0", 4) = 4
11263 15:06:36.499164 read(4,  <unfinished ...>
11265 15:06:36.499194 read(5, "r\267\0\0", 4) = 4
11265 15:06:36.499264 write(0, "227 Entering Passive Mode (127,0,0,1,183,114).\r\n", 48) = 48
11265 15:06:36.499740 rt_sigaction(SIGALRM, {0x805cad0, ~[RTMIN RT_1], 0}, NULL, 8) = 0
11265 15:06:36.499814 alarm(300)        = 300
11265 15:06:36.499865 recv(0, "STOR myfile10\r\n", 4096, MSG_PEEK) = 15
11265 15:06:36.499918 read(0, "STOR myfile10\r\n", 15) = 15
11265 15:06:36.499978 write(5, "\v", 1 <unfinished ...>
11263 15:06:36.500014 <... read resumed> "\v", 1) = 1
11265 15:06:36.500036 <... write resumed> ) = 1
11263 15:06:36.500063 write(4, "\1\0\0\0", 4) = 4
11263 15:06:36.500111 read(4,  <unfinished ...>
11265 15:06:36.500141 read(5, "\1\0\0\0", 4) = 4
11265 15:06:36.500191 gettimeofday({1495652796, 500208}, NULL) = 0
11265 15:06:36.500239 getcwd("/home/msfadmin", 4096) = 15
11265 15:06:36.500350 open("myfile10", O_WRONLY|O_CREAT|O_NONBLOCK|O_LARGEFILE, 0666) = 4
11265 15:06:36.500414 fstat64(4, {st_mode=S_IFREG|0644, st_size=17, ...}) = 0
11265 15:06:36.500490 fcntl64(4, F_GETFL) = 0x8801 (flags O_WRONLY|O_NONBLOCK|O_LARGEFILE)
11265 15:06:36.500538 fcntl64(4, F_SETFL, O_WRONLY|O_LARGEFILE) = 0
11265 15:06:36.500605 fcntl64(4, F_SETLKW64, {type=F_WRLCK, whence=SEEK_SET, start=0, len=0}, 0xbfb66554) = 0
11265 15:06:36.500666 ftruncate64(4, 0) = 0
11265 15:06:36.500733 _llseek(4, 0, [0], SEEK_SET) = 0
11265 15:06:36.500781 write(5, "\v", 1 <unfinished ...>
11263 15:06:36.500817 <... read resumed> "\v", 1) = 1
11265 15:06:36.500838 <... write resumed> ) = 1
11263 15:06:36.500866 write(4, "\1\0\0\0", 4) = 4
11263 15:06:36.500914 read(4,  <unfinished ...>
11265 15:06:36.500944 read(5, "\1\0\0\0", 4) = 4
11265 15:06:36.500993 write(5, "\v", 1 <unfinished ...>
11263 15:06:36.501024 <... read resumed> "\v", 1) = 1
11265 15:06:36.501044 <... write resumed> ) = 1
11263 15:06:36.501071 write(4, "\1\0\0\0", 4) = 4
11263 15:06:36.501117 read(4,  <unfinished ...>
11265 15:06:36.501146 read(5, "\1\0\0\0", 4) = 4
11265 15:06:36.501195 write(5, "\r", 1 <unfinished ...>
11263 15:06:36.501226 <... read resumed> "\r", 1) = 1
11265 15:06:36.501290 <... write resumed> ) = 1
11263 15:06:36.501326 select(6, [5], NULL, NULL, {60, 0}) = 1 (in [5], left {60, 0})
11263 15:06:36.501397 accept(5, {sa_family=AF_INET, sin_port=htons(48018), sin_addr=inet_addr("127.0.0.1")}, [16]) = 6
11263 15:06:36.501492 write(4, "\1", 1) = 1
11263 15:06:36.501546 sendmsg(4, {msg_name(0)=NULL, msg_iov(1)=[{"\0", 1}], msg_controllen=16, {cmsg_len=16, cmsg_level=SOL_SOCKET, cmsg_type=SCM_RIGHTS, {6}}, msg_flags=0}, 0) = 1
11263 15:06:36.501617 close(6)          = 0
11263 15:06:36.501660 read(4,  <unfinished ...>
11265 15:06:36.501691 read(5, "\1", 1)  = 1
11265 15:06:36.501747 recvmsg(5, {msg_name(0)=NULL, msg_iov(1)=[{"\0", 1}], msg_controllen=16, {cmsg_len=16, cmsg_level=SOL_SOCKET, cmsg_type=SCM_RIGHTS, {6}}, msg_flags=0}, 0) = 1
11265 15:06:36.501823 setsockopt(6, SOL_SOCKET, SO_KEEPALIVE, [1], 4) = 0
11265 15:06:36.501876 setsockopt(6, SOL_IP, IP_TOS, [8], 4) = 0
11265 15:06:36.501927 setsockopt(6, SOL_SOCKET, SO_LINGER, {onoff=1, linger=32767}, 8) = 0
11265 15:06:36.501975 rt_sigaction(SIGALRM, {0x805cad0, ~[RTMIN RT_1], 0}, NULL, 8) = 0
11265 15:06:36.502033 alarm(300)        = 300
11265 15:06:36.502088 write(0, "150 Ok to send data.\r\n", 22) = 22
11265 15:06:36.502423 read(6, "assasaaa\na\na\na\na\n", 65536) = 17
11265 15:06:36.502487 write(4, "assasaaa\na\na\na\na\n", 17) = 17
11265 15:06:36.502555 read(6, "", 65536) = 0
11265 15:06:36.502600 rt_sigaction(SIGALRM, {0x805cad0, ~[RTMIN RT_1], 0}, NULL, 8) = 0
11265 15:06:36.502660 alarm(300)        = 300
11265 15:06:36.502702 close(6)          = 0
11265 15:06:36.502773 alarm(0)          = 300
11265 15:06:36.502817 gettimeofday({1495652796, 502833}, NULL) = 0
11265 15:06:36.502880 gettimeofday({1495652796, 502898}, NULL) = 0
11265 15:06:36.502939 fcntl64(3, F_SETLKW64, {type=F_WRLCK, whence=SEEK_SET, start=0, len=0}, 0xbfb664f4) = 0
11265 15:06:36.503005 write(3, "Wed May 24 15:06:36 2017 [pid 11265] [msfadmin] OK UPLOAD: Client \"127.0.0.1\", \"/home/msfadmin/myfile10\", 17 bytes, 6.17Kbyte/sec\n", 130) = 130
11265 15:06:36.503116 fcntl64(3, F_SETLK64, {type=F_UNLCK, whence=SEEK_SET, start=0, len=0}, 0xbfb664fc) = 0
11265 15:06:36.503228 write(0, "226 Transfer complete.\r\n", 24) = 24
11265 15:06:36.503420 write(5, "\n", 1 <unfinished ...>
11263 15:06:36.503463 <... read resumed> "\n", 1) = 1
11265 15:06:36.503485 <... write resumed> ) = 1
11263 15:06:36.503511 close(5)          = 0
11263 15:06:36.503563 write(4, "\1", 1) = 1
11263 15:06:36.503611 read(4,  <unfinished ...>
11265 15:06:36.503642 read(5, "\1", 1)  = 1
11265 15:06:36.503689 close(4)          = 0
11265 15:06:36.503737 rt_sigaction(SIGALRM, {0x805cad0, ~[RTMIN RT_1], 0}, NULL, 8) = 0
11265 15:06:36.503795 alarm(300)        = 0
11265 15:06:36.503843 recv(0,  <unfinished ...>
11260 15:06:36.636276 <... read resumed> "\n", 1) = 1
11260 15:06:36.636464 stat64(".", {st_mode=S_IFDIR|0755, st_size=4096, ...}) = 0
11260 15:06:36.636566 stat64("/sbin/nohup", 0xbfa00b48) = -1 ENOENT (No such file or directory)
11260 15:06:36.636626 stat64("/bin/nohup", 0xbfa00b48) = -1 ENOENT (No such file or directory)
11260 15:06:36.637303 stat64("/usr/sbin/nohup", 0xbfa00b48) = -1 ENOENT (No such file or directory)
11260 15:06:36.637370 stat64("/usr/bin/nohup", {st_mode=S_IFREG|0755, st_size=26336, ...}) = 0
11260 15:06:36.637452 stat64("/usr/bin/nohup", {st_mode=S_IFREG|0755, st_size=26336, ...}) = 0
11260 15:06:36.637563 rt_sigprocmask(SIG_BLOCK, [INT CHLD], [], 8) = 0
11260 15:06:36.637632 clone(child_stack=0, flags=CLONE_CHILD_CLEARTID|CLONE_CHILD_SETTID|SIGCHLD, child_tidptr=0xb7da26f8) = 11266
11266 15:06:36.637871 rt_sigprocmask(SIG_SETMASK, [], NULL, 8) = 0
11266 15:06:36.637949 rt_sigaction(SIGTSTP, {SIG_DFL}, {SIG_DFL}, 8) = 0
11266 15:06:36.638010 rt_sigaction(SIGTTIN, {SIG_DFL}, {SIG_DFL}, 8) = 0
11266 15:06:36.638062 rt_sigaction(SIGTTOU, {SIG_DFL}, {SIG_DFL}, 8) = 0
11266 15:06:36.638131 rt_sigaction(SIGINT, {SIG_DFL}, {SIG_DFL}, 8) = 0
11266 15:06:36.638204 rt_sigaction(SIGQUIT, {SIG_DFL}, {SIG_IGN}, 8) = 0
11266 15:06:36.638261 rt_sigaction(SIGCHLD, {SIG_DFL}, {0x807e540, [], 0}, 8) = 0
11266 15:06:36.638585 open("/dev/null", O_WRONLY|O_CREAT|O_TRUNC|O_LARGEFILE, 0666) = 7
11266 15:06:36.638734 dup2(7, 1)        = 1
11266 15:06:36.638796 close(7)          = 0
11266 15:06:36.638839 dup2(1, 2)        = 2
11266 15:06:36.638881 fcntl64(1, F_GETFD) = 0
11266 15:06:36.638937 execve("/usr/bin/nohup", ["nohup"], [/* 16 vars */]) = 0
11266 15:06:36.639250 brk(0)            = 0x804f000
11266 15:06:36.639334 access("/etc/ld.so.nohwcap", F_OK) = -1 ENOENT (No such file or directory)
11266 15:06:36.639474 mmap2(NULL, 8192, PROT_READ|PROT_WRITE, MAP_PRIVATE|MAP_ANONYMOUS, -1, 0) = 0xb7fc0000
11266 15:06:36.639544 access("/etc/ld.so.preload", R_OK) = -1 ENOENT (No such file or directory)
11266 15:06:36.639612 open("/etc/ld.so.cache", O_RDONLY) = 7
11266 15:06:36.639666 fstat64(7, {st_mode=S_IFREG|0644, st_size=29913, ...}) = 0
11266 15:06:36.639742 mmap2(NULL, 29913, PROT_READ, MAP_PRIVATE, 7, 0) = 0xb7fb8000
11266 15:06:36.639788 close(7)          = 0
11266 15:06:36.639835 access("/etc/ld.so.nohwcap", F_OK) = -1 ENOENT (No such file or directory)
11266 15:06:36.639903 open("/lib/tls/i686/cmov/libc.so.6", O_RDONLY) = 7
