9516  14:48:46.126580 <... write resumed> ) = 1
9514  14:48:46.126661 socket(PF_INET, SOCK_STREAM, IPPROTO_TCP) = 5
9514  14:48:46.126737 setsockopt(5, SOL_SOCKET, SO_REUSEADDR, [1], 4) = 0
9514  14:48:46.126796 bind(5, {sa_family=AF_INET, sin_port=htons(62273), sin_addr=inet_addr("127.0.0.1")}, 16) = 0
9514  14:48:46.126863 listen(5, 1)      = 0
9514  14:48:46.126918 write(4, "A\363\0\0", 4) = 4
9514  14:48:46.126968 read(4,  <unfinished ...>
9516  14:48:46.126998 read(5, "A\363\0\0", 4) = 4
9516  14:48:46.127070 write(0, "227 Entering Passive Mode (127,0,0,1,243,65).\r\n", 47) = 47
9516  14:48:46.127544 rt_sigaction(SIGALRM, {0x805cad0, ~[RTMIN RT_1], 0}, NULL, 8) = 0
9516  14:48:46.127679 alarm(300)        = 300
9516  14:48:46.127734 recv(0, "STOR myfile4\r\n", 4096, MSG_PEEK) = 14
9516  14:48:46.127790 read(0, "STOR myfile4\r\n", 14) = 14
9516  14:48:46.127851 write(5, "\v", 1 <unfinished ...>
9514  14:48:46.127887 <... read resumed> "\v", 1) = 1
9516  14:48:46.127908 <... write resumed> ) = 1
9514  14:48:46.127936 write(4, "\1\0\0\0", 4) = 4
9514  14:48:46.127983 read(4,  <unfinished ...>
9516  14:48:46.128012 read(5, "\1\0\0\0", 4) = 4
9516  14:48:46.128063 gettimeofday({1495651726, 128079}, NULL) = 0
9516  14:48:46.128110 getcwd("/home/msfadmin", 4096) = 15
9516  14:48:46.128164 open("myfile4", O_WRONLY|O_CREAT|O_NONBLOCK|O_LARGEFILE, 0666) = 4
9516  14:48:46.128223 fstat64(4, {st_mode=S_IFREG|0644, st_size=17, ...}) = 0
9516  14:48:46.128298 fcntl64(4, F_GETFL) = 0x8801 (flags O_WRONLY|O_NONBLOCK|O_LARGEFILE)
9516  14:48:46.128346 fcntl64(4, F_SETFL, O_WRONLY|O_LARGEFILE) = 0
9516  14:48:46.128390 fcntl64(4, F_SETLKW64, {type=F_WRLCK, whence=SEEK_SET, start=0, len=0}, 0xbfbacd94) = 0
9516  14:48:46.128449 ftruncate64(4, 0) = 0
9516  14:48:46.128524 _llseek(4, 0, [0], SEEK_SET) = 0
9516  14:48:46.128645 write(5, "\v", 1 <unfinished ...>
9514  14:48:46.128686 <... read resumed> "\v", 1) = 1
9516  14:48:46.128707 <... write resumed> ) = 1
9514  14:48:46.128734 write(4, "\1\0\0\0", 4) = 4
9514  14:48:46.128782 read(4,  <unfinished ...>
9516  14:48:46.128812 read(5, "\1\0\0\0", 4) = 4
9516  14:48:46.128861 write(5, "\v", 1 <unfinished ...>
9514  14:48:46.128891 <... read resumed> "\v", 1) = 1
9516  14:48:46.128932 <... write resumed> ) = 1
9514  14:48:46.128959 write(4, "\1\0\0\0", 4) = 4
9514  14:48:46.129005 read(4,  <unfinished ...>
9516  14:48:46.129034 read(5, "\1\0\0\0", 4) = 4
9516  14:48:46.129083 write(5, "\r", 1 <unfinished ...>
9514  14:48:46.129113 <... read resumed> "\r", 1) = 1
9516  14:48:46.129133 <... write resumed> ) = 1
9514  14:48:46.129163 select(6, [5], NULL, NULL, {60, 0}) = 1 (in [5], left {60, 0})
9514  14:48:46.129232 accept(5, {sa_family=AF_INET, sin_port=htons(44902), sin_addr=inet_addr("127.0.0.1")}, [16]) = 6
9514  14:48:46.129327 write(4, "\1", 1) = 1
9514  14:48:46.129378 sendmsg(4, {msg_name(0)=NULL, msg_iov(1)=[{"\0", 1}], msg_controllen=16, {cmsg_len=16, cmsg_level=SOL_SOCKET, cmsg_type=SCM_RIGHTS, {6}}, msg_flags=0}, 0) = 1
9514  14:48:46.129449 close(6)          = 0
9514  14:48:46.129491 read(4,  <unfinished ...>
9516  14:48:46.129605 read(5, "\1", 1)  = 1
9516  14:48:46.129671 recvmsg(5, {msg_name(0)=NULL, msg_iov(1)=[{"\0", 1}], msg_controllen=16, {cmsg_len=16, cmsg_level=SOL_SOCKET, cmsg_type=SCM_RIGHTS, {6}}, msg_flags=0}, 0) = 1
9516  14:48:46.129751 setsockopt(6, SOL_SOCKET, SO_KEEPALIVE, [1], 4) = 0
9516  14:48:46.129804 setsockopt(6, SOL_IP, IP_TOS, [8], 4) = 0
9516  14:48:46.129856 setsockopt(6, SOL_SOCKET, SO_LINGER, {onoff=1, linger=32767}, 8) = 0
9516  14:48:46.129905 rt_sigaction(SIGALRM, {0x805cad0, ~[RTMIN RT_1], 0}, NULL, 8) = 0
9516  14:48:46.129964 alarm(300)        = 300
9516  14:48:46.130020 write(0, "150 Ok to send data.\r\n", 22) = 22
9516  14:48:46.130296 read(6, "assasaaa\na\na\na\na\n", 65536) = 17
9516  14:48:46.130358 write(4, "assasaaa\na\na\na\na\n", 17) = 17
9516  14:48:46.130427 read(6, "", 65536) = 0
9516  14:48:46.130512 rt_sigaction(SIGALRM, {0x805cad0, ~[RTMIN RT_1], 0}, NULL, 8) = 0
9516  14:48:46.130589 alarm(300)        = 300
9516  14:48:46.130632 close(6)          = 0
9516  14:48:46.130709 alarm(0)          = 300
9516  14:48:46.130752 gettimeofday({1495651726, 130767}, NULL) = 0
9516  14:48:46.130815 gettimeofday({1495651726, 130832}, NULL) = 0
9516  14:48:46.130870 fcntl64(3, F_SETLKW64, {type=F_WRLCK, whence=SEEK_SET, start=0, len=0}, 0xbfbacd34) = 0
9516  14:48:46.130933 write(3, "Wed May 24 14:48:46 2017 [pid 9516] [msfadmin] OK UPLOAD: Client \"127.0.0.1\", \"/home/msfadmin/myfile4\", 17 bytes, 6.03Kbyte/sec\n", 128) = 128
9516  14:48:46.131021 fcntl64(3, F_SETLK64, {type=F_UNLCK, whence=SEEK_SET, start=0, len=0}, 0xbfbacd3c) = 0
9516  14:48:46.131083 write(0, "226 Transfer complete.\r\n", 24) = 24
9516  14:48:46.131257 write(5, "\n", 1 <unfinished ...>
9514  14:48:46.131298 <... read resumed> "\n", 1) = 1
9516  14:48:46.131320 <... write resumed> ) = 1
9514  14:48:46.131346 close(5)          = 0
9514  14:48:46.131394 write(4, "\1", 1) = 1
9514  14:48:46.131485 read(4,  <unfinished ...>
9516  14:48:46.131531 read(5, "\1", 1)  = 1
9516  14:48:46.131581 close(4)          = 0
9516  14:48:46.131628 rt_sigaction(SIGALRM, {0x805cad0, ~[RTMIN RT_1], 0}, NULL, 8) = 0
9516  14:48:46.131687 alarm(300)        = 0
9516  14:48:46.131735 recv(0, "TYPE I\r\n", 4096, MSG_PEEK) = 8
9516  14:48:46.644905 read(0, "TYPE I\r\n", 8) = 8
9516  14:48:46.645022 write(0, "200 Switching to Binary mode.\r\n", 31) = 31
9516  14:48:46.645301 rt_sigaction(SIGALRM, {0x805cad0, ~[RTMIN RT_1], 0}, NULL, 8) = 0
9516  14:48:46.645378 alarm(300)        = 299
9516  14:48:46.645430 recv(0, "PASV\r\n", 4096, MSG_PEEK) = 6
9516  14:48:46.645480 read(0, "PASV\r\n", 6) = 6
9516  14:48:46.645533 write(5, "\n", 1 <unfinished ...>
9514  14:48:46.645573 <... read resumed> "\n", 1) = 1
9516  14:48:46.645595 <... write resumed> ) = 1
9514  14:48:46.645626 write(4, "\1", 1) = 1
9514  14:48:46.645672 read(4,  <unfinished ...>
9516  14:48:46.645702 read(5, "\1", 1)  = 1
9516  14:48:46.645752 write(5, "\f", 1) = 1
9514  14:48:46.645794 <... read resumed> "\f", 1) = 1
9514  14:48:46.645828 socket(PF_INET, SOCK_STREAM, IPPROTO_TCP) = 5
9514  14:48:46.645889 setsockopt(5, SOL_SOCKET, SO_REUSEADDR, [1], 4) = 0
9514  14:48:46.645948 bind(5, {sa_family=AF_INET, sin_port=htons(44992), sin_addr=inet_addr("127.0.0.1")}, 16) = 0
9514  14:48:46.646039 listen(5, 1)      = 0
9514  14:48:46.646149 write(4, "\300\257\0\0", 4) = 4
9514  14:48:46.646222 read(4,  <unfinished ...>
9516  14:48:46.646253 read(5, "\300\257\0\0", 4) = 4
9516  14:48:46.646324 write(0, "227 Entering Passive Mode (127,0,0,1,175,192).\r\n", 48) = 48
9516  14:48:46.646777 rt_sigaction(SIGALRM, {0x805cad0, ~[RTMIN RT_1], 0}, NULL, 8) = 0
9516  14:48:46.646857 alarm(300)        = 300
9516  14:48:46.646908 recv(0, "STOR myfile5\r\n", 4096, MSG_PEEK) = 14
9516  14:48:46.646960 read(0, "STOR myfile5\r\n", 14) = 14
9516  14:48:46.647020 write(5, "\v", 1 <unfinished ...>
9514  14:48:46.647055 <... read resumed> "\v", 1) = 1
9516  14:48:46.647137 <... write resumed> ) = 1
9514  14:48:46.647171 write(4, "\1\0\0\0", 4) = 4
9514  14:48:46.647220 read(4,  <unfinished ...>
9516  14:48:46.647250 read(5, "\1\0\0\0", 4) = 4
9516  14:48:46.647302 gettimeofday({1495651726, 647318}, NULL) = 0
9516  14:48:46.647350 getcwd("/home/msfadmin", 4096) = 15
9516  14:48:46.647403 open("myfile5", O_WRONLY|O_CREAT|O_NONBLOCK|O_LARGEFILE, 0666) = 4
9516  14:48:46.647463 fstat64(4, {st_mode=S_IFREG|0644, st_size=17, ...}) = 0
9516  14:48:46.647538 fcntl64(4, F_GETFL) = 0x8801 (flags O_WRONLY|O_NONBLOCK|O_LARGEFILE)
9516  14:48:46.647585 fcntl64(4, F_SETFL, O_WRONLY|O_LARGEFILE) = 0
9516  14:48:46.647628 fcntl64(4, F_SETLKW64, {type=F_WRLCK, whence=SEEK_SET, start=0, len=0}, 0xbfbacd94) = 0
9516  14:48:46.647687 ftruncate64(4, 0) = 0
9516  14:48:46.647759 _llseek(4, 0, [0], SEEK_SET) = 0
9516  14:48:46.647807 write(5, "\v", 1 <unfinished ...>
9514  14:48:46.647840 <... read resumed> "\v", 1) = 1
9516  14:48:46.647860 <... write resumed> ) = 1
9514  14:48:46.647887 write(4, "\1\0\0\0", 4) = 4
9514  14:48:46.647934 read(4,  <unfinished ...>
9516  14:48:46.647963 read(5, "\1\0\0\0", 4) = 4
9516  14:48:46.648012 write(5, "\v", 1 <unfinished ...>
9514  14:48:46.648133 <... read resumed> "\v", 1) = 1
9516  14:48:46.648188 <... write resumed> ) = 1
9514  14:48:46.648234 write(4, "\1\0\0\0", 4) = 4
9514  14:48:46.648316 read(4,  <unfinished ...>
9516  14:48:46.648368 read(5, "\1\0\0\0", 4) = 4
9516  14:48:46.648455 write(5, "\r", 1) = 1
9514  14:48:46.648527 <... read resumed> "\r", 1) = 1
9514  14:48:46.648580 select(6, [5], NULL, NULL, {60, 0}) = 1 (in [5], left {60, 0})
9514  14:48:46.648688 accept(5, {sa_family=AF_INET, sin_port=htons(50664), sin_addr=inet_addr("127.0.0.1")}, [16]) = 6
9514  14:48:46.648846 write(4, "\1", 1) = 1
9514  14:48:46.648932 sendmsg(4, {msg_name(0)=NULL, msg_iov(1)=[{"\0", 1}], msg_controllen=16, {cmsg_len=16, cmsg_level=SOL_SOCKET, cmsg_type=SCM_RIGHTS, {6}}, msg_flags=0}, 0) = 1
9514  14:48:46.649231 close(6)          = 0
9514  14:48:46.649305 read(4,  <unfinished ...>
9516  14:48:46.649355 read(5, "\1", 1)  = 1
9516  14:48:46.649448 recvmsg(5, {msg_name(0)=NULL, msg_iov(1)=[{"\0", 1}], msg_controllen=16, {cmsg_len=16, cmsg_level=SOL_SOCKET, cmsg_type=SCM_RIGHTS, {6}}, msg_flags=0}, 0) = 1
9516  14:48:46.649577 setsockopt(6, SOL_SOCKET, SO_KEEPALIVE, [1], 4) = 0
9516  14:48:46.649665 setsockopt(6, SOL_IP, IP_TOS, [8], 4) = 0
9516  14:48:46.649753 setsockopt(6, SOL_SOCKET, SO_LINGER, {onoff=1, linger=32767}, 8) = 0
9516  14:48:46.649836 rt_sigaction(SIGALRM, {0x805cad0, ~[RTMIN RT_1], 0}, NULL, 8) = 0
9516  14:48:46.649934 alarm(300)        = 300
9516  14:48:46.649995 write(0, "150 Ok to send data.\r\n", 22) = 22
9516  14:48:46.650363 read(6, "assasaaa\na\na\na\na\n", 65536) = 17
9516  14:48:46.650428 write(4, "assasaaa\na\na\na\na\n", 17) = 17
9516  14:48:46.650498 read(6, "", 65536) = 0
9516  14:48:46.650543 rt_sigaction(SIGALRM, {0x805cad0, ~[RTMIN RT_1], 0}, NULL, 8) = 0
9516  14:48:46.650602 alarm(300)        = 300
9516  14:48:46.650645 close(6)          = 0
9516  14:48:46.650717 alarm(0)          = 300
9516  14:48:46.650761 gettimeofday({1495651726, 650776}, NULL) = 0
9516  14:48:46.650824 gettimeofday({1495651726, 650840}, NULL) = 0
9516  14:48:46.650879 fcntl64(3, F_SETLKW64, {type=F_WRLCK, whence=SEEK_SET, start=0, len=0}, 0xbfbacd34) = 0
9516  14:48:46.650959 write(3, "Wed May 24 14:48:46 2017 [pid 9516] [msfadmin] OK UPLOAD: Client \"127.0.0.1\", \"/home/msfadmin/myfile5\", 17 bytes, 4.71Kbyte/sec\n", 128) = 128
9516  14:48:46.651090 fcntl64(3, F_SETLK64, {type=F_UNLCK, whence=SEEK_SET, start=0, len=0}, 0xbfbacd3c) = 0
9516  14:48:46.651174 write(0, "226 Transfer complete.\r\n", 24) = 24
9516  14:48:46.651357 write(5, "\n", 1 <unfinished ...>
9514  14:48:46.651399 <... read resumed> "\n", 1) = 1
9516  14:48:46.651421 <... write resumed> ) = 1
9514  14:48:46.651447 close(5)          = 0
9514  14:48:46.651499 write(4, "\1", 1) = 1
9514  14:48:46.651546 read(4,  <unfinished ...>
9516  14:48:46.651577 read(5, "\1", 1)  = 1
9516  14:48:46.651624 close(4)          = 0
9516  14:48:46.651671 rt_sigaction(SIGALRM, {0x805cad0, ~[RTMIN RT_1], 0}, NULL, 8) = 0
9516  14:48:46.651729 alarm(300)        = 0
9516  14:48:46.651776 recv(0,  <unfinished ...>
9517  14:48:47.059528 <... read resumed> "\n", 1) = 1
9517  14:48:47.059760 stat64(".", {st_mode=S_IFDIR|0755, st_size=4096, ...}) = 0
9517  14:48:47.059912 stat64("/sbin/nohup", 0xbfc2b568) = -1 ENOENT (No such file or directory)
9517  14:48:47.059975 stat64("/bin/nohup", 0xbfc2b568) = -1 ENOENT (No such file or directory)
9517  14:48:47.060027 stat64("/usr/sbin/nohup", 0xbfc2b568) = -1 ENOENT (No such file or directory)
9517  14:48:47.060078 stat64("/usr/bin/nohup", {st_mode=S_IFREG|0755, st_size=26336, ...}) = 0
9517  14:48:47.060155 stat64("/usr/bin/nohup", {st_mode=S_IFREG|0755, st_size=26336, ...}) = 0
9517  14:48:47.060334 rt_sigprocmask(SIG_BLOCK, [INT CHLD], [], 8) = 0
9517  14:48:47.060427 clone(child_stack=0, flags=CLONE_CHILD_CLEARTID|CLONE_CHILD_SETTID|SIGCHLD, child_tidptr=0xb7dea6f8) = 9520
9520  14:48:47.060661 rt_sigprocmask(SIG_SETMASK, [], NULL, 8) = 0
9520  14:48:47.060737 rt_sigaction(SIGTSTP, {SIG_DFL}, {SIG_DFL}, 8) = 0
9520  14:48:47.060796 rt_sigaction(SIGTTIN, {SIG_DFL}, {SIG_DFL}, 8) = 0
9520  14:48:47.060849 rt_sigaction(SIGTTOU, {SIG_DFL}, {SIG_DFL}, 8) = 0
9520  14:48:47.060916 rt_sigaction(SIGINT, {SIG_DFL}, {SIG_DFL}, 8) = 0
9520  14:48:47.060986 rt_sigaction(SIGQUIT, {SIG_DFL}, {SIG_IGN}, 8) = 0
9520  14:48:47.061042 rt_sigaction(SIGCHLD, {SIG_DFL}, {0x807e540, [], 0}, 8) = 0
9520  14:48:47.061188 open("/dev/null", O_WRONLY|O_CREAT|O_TRUNC|O_LARGEFILE, 0666) = 7
9520  14:48:47.061391 dup2(7, 1)        = 1
9520  14:48:47.061455 close(7)          = 0
9520  14:48:47.061498 dup2(1, 2)        = 2
9520  14:48:47.061537 fcntl64(1, F_GETFD) = 0
9520  14:48:47.061592 execve("/usr/bin/nohup", ["nohup"], [/* 16 vars */]) = 0
9520  14:48:47.061897 brk(0)            = 0x804f000
9520  14:48:47.061978 access("/etc/ld.so.nohwcap", F_OK) = -1 ENOENT (No such file or directory)
9520  14:48:47.062047 mmap2(NULL, 8192, PROT_READ|PROT_WRITE, MAP_PRIVATE|MAP_ANONYMOUS, -1, 0) = 0xb7f49000
9520  14:48:47.062107 access("/etc/ld.so.preload", R_OK) = -1 ENOENT (No such file or directory)
9520  14:48:47.062214 open("/etc/ld.so.cache", O_RDONLY) = 7
9520  14:48:47.062281 fstat64(7, {st_mode=S_IFREG|0644, st_size=29913, ...}) = 0
9520  14:48:47.062354 mmap2(NULL, 29913, PROT_READ, MAP_PRIVATE, 7, 0) = 0xb7f41000
9520  14:48:47.062400 close(7)          = 0
9520  14:48:47.062447 access("/etc/ld.so.nohwcap", F_OK) = -1 ENOENT (No such file or directory)
9520  14:48:47.062515 open("/lib/tls/i686/cmov/libc.so.6", O_RDONLY) = 7
9520  14:48:47.062576 read(7, "\177ELF\1\1\1\0\0\0\0\0\0\0\0\0\3\0\3\0\1\0\0\0\260e\1\0004\0\0\0\4\307\24\0\0\0\0\0004\0 \0\n\0(\0D\0C\0\6\0\0\0004\0\0\0004\0\0\0004\0\0\0@\1\0\0@\1\0\0\5\0\0\0\4\0\0\0\3\0\0\0\2200\23\0\2200\23\0\2200\23\0\23\0\0\0\23\0\0\0\4\0\0\0\1\0\0\0\1\0\0\0\0\0\0\0\0\0\0\0\0\0\0\0(\215\24\0(\215\24\0\5\0\0\0\0\20\0\0\1\0\0\0\354\221\24\0\354\221\24\0\354\221\24\0\260\'\0\0\204T\0\0\6\0\0\0\0\20\0\0\2\0\0\0\234\255\24\0\234\255\24\0\234\255\24\0\360\0\0\0\360\0\0\0\6\0\0\0\4\0\0\0\4\0\0\0t\1\0\0t\1\0\0t\1\0\0 \0\0\0 \0\0\0\4\0\0\0\4\0\0\0\7\0\0\0\354\221\24\0\354\221\24\0\354\221\24\0\10\0\0\0,\0\0\0\4\0\0\0\4\0\0\0P\345td\2440\23\0\2440\23\0\2440\23\0\354+\0\0\354+\0\0\4\0\0\0\4\0\0\0Q\345td\0\0\0\0\0\0\0\0\0\0\0\0\0\0\0\0\0\0\0\0\6\0\0\0\4\0\0\0R\345td\354\221\24\0\354\221\24\0\354\221\24\0\10\36\0\0\10\36\0\0\4\0\0\0\1\0\0\0\4\0\0\0\20\0\0\0\1\0\0\0GNU\0\0\0\0\0\2\0\0\0\6\0\0\0\10\0\0\0\363\3\0\0\n\0\0\0\0\2\0\0\16\0\0\0\2400\20D\200 \2\1\214\3\346\220AE\210\0\204\0\10\0A\200\0@\300\200\0\f\2\f\0\0010\0\10@\"\10\246\4\210H6l\240\0260\0&\204\200\216\4\10B$\2\f\246\244\32\6c\310\0\302 \1\300\0R\0!\201\10\4\n  \250\24\0\24(`\0\0P\240\312DB", 512) = 512
9520  14:48:47.062986 fstat64(7, {st_mode=S_IFREG|0755, st_size=1364388, ...}) = 0
9520  14:48:47.063066 mmap2(NULL, 1369712, PROT_READ|PROT_EXEC, MAP_PRIVATE|MAP_DENYWRITE, 7, 0) = 0xb7df2000
9520  14:48:47.063118 mmap2(0xb7f3b000, 12288, PROT_READ|PROT_WRITE, MAP_PRIVATE|MAP_FIXED|MAP_DENYWRITE, 7, 0x149) = 0xb7f3b000
9520  14:48:47.063233 mmap2(0xb7f3e000, 9840, PROT_READ|PROT_WRITE, MAP_PRIVATE|MAP_FIXED|MAP_ANONYMOUS, -1, 0) = 0xb7f3e000
9520  14:48:47.063300 close(7)          = 0
9520  14:48:47.063374 mmap2(NULL, 4096, PROT_READ|PROT_WRITE, MAP_PRIVATE|MAP_ANONYMOUS, -1, 0) = 0xb7df1000
9520  14:48:47.063425 set_thread_area({entry_number:-1 -> 6, base_addr:0xb7df16b0, limit:1048575, seg_32bit:1, contents:0, read_exec_only:0, limit_in_pages:1, seg_not_present:0, useable:1}) = 0
9520  14:48:47.063610 mprotect(0xb7f3b000, 4096, PROT_READ) = 0
9520  14:48:47.063676 munmap(0xb7f41000, 29913) = 0
9520  14:48:47.064044 brk(0)            = 0x804f000
9520  14:48:47.064137 brk(0x8070000)    = 0x8070000
9520  14:48:47.064267 write(2, "nohup: ", 7) = 7
9520  14:48:47.064324 write(2, "missing operand", 15) = 15
9520  14:48:47.064373 write(2, "\n", 1) = 1
9520  14:48:47.064426 write(2, "Try `nohup --help\' for more information.\n", 41) = 41
9520  14:48:47.064495 close(1)          = 0
9520  14:48:47.064537 close(2)          = 0
9520  14:48:47.064587 exit_group(127)   = ?
9517  14:48:47.064715 rt_sigprocmask(SIG_SETMASK, [], NULL, 8) = 0
9517  14:48:47.064853 --- SIGCHLD (Child exited) @ 0 (0) ---
9517  14:48:47.064896 waitpid(-1, [{WIFEXITED(s) && WEXITSTATUS(s) == 127}], WNOHANG) = 9520
9517  14:48:47.064960 waitpid(-1, 0xbfc2b1e8, WNOHANG) = 0
9517  14:48:47.065001 sigreturn()       = ? (mask now [])
9517  14:48:47.065150 rt_sigprocmask(SIG_BLOCK, [CHLD], [], 8) = 0
9517  14:48:47.065218 rt_sigprocmask(SIG_SETMASK, [], NULL, 8) = 0
9517  14:48:47.065265 rt_sigprocmask(SIG_BLOCK, [CHLD], [], 8) = 0
9517  14:48:47.065318 rt_sigaction(SIGINT, {0x807f150, [], 0}, {SIG_DFL}, 8) = 0
9517  14:48:47.065385 rt_sigprocmask(SIG_SETMASK, [], NULL, 8) = 0
9517  14:48:47.065432 rt_sigaction(SIGINT, {SIG_DFL}, {0x807f150, [], 0}, 8) = 0
9517  14:48:47.065499 rt_sigprocmask(SIG_BLOCK, NULL, [], 8) = 0
9517  14:48:47.065558 read(0, "e", 1)   = 1
9517  14:48:47.065615 read(0, "c", 1)   = 1
9517  14:48:47.065659 read(0, "h", 1)   = 1
9517  14:48:47.065702 read(0, "o", 1)   = 1
9517  14:48:47.065744 read(0, " ", 1)   = 1
9517  14:48:47.065786 read(0, "Y", 1)   = 1
9517  14:48:47.065829 read(0, "I", 1)   = 1
9517  14:48:47.065871 read(0, "r", 1)   = 1
9517  14:48:47.065913 read(0, "a", 1)   = 1
9517  14:48:47.065955 read(0, "B", 1)   = 1
9517  14:48:47.066039 read(0, "s", 1)   = 1
9517  14:48:47.066101 read(0, "0", 1)   = 1
9517  14:48:47.066144 read(0, "2", 1)   = 1
9517  14:48:47.066186 read(0, "H", 1)   = 1
9517  14:48:47.066228 read(0, "6", 1)   = 1
9517  14:48:47.066270 read(0, "V", 1)   = 1
9517  14:48:47.066312 read(0, "a", 1)   = 1
9517  14:48:47.066355 read(0, "r", 1)   = 1
9517  14:48:47.066397 read(0, "v", 1)   = 1
9517  14:48:47.066439 read(0, "j", 1)   = 1
9517  14:48:47.066481 read(0, "k", 1)   = 1
9517  14:48:47.066523 read(0, "\n", 1)  = 1
9517  14:48:47.066655 write(1, "YIraBs02H6Varvjk\n", 17) = 17
9517  14:48:47.066896 rt_sigprocmask(SIG_BLOCK, NULL, [], 8) = 0
9517  14:48:47.066956 read(0,  <unfinished ...>
9516  14:48:47.185277 <... recv resumed> "TYPE I\r\n", 4096, MSG_PEEK) = 8
9516  14:48:47.185373 read(0, "TYPE I\r\n", 8) = 8
9516  14:48:47.185470 write(0, "200 Switching to Binary mode.\r\n", 31) = 31
9516  14:48:47.185748 rt_sigaction(SIGALRM, {0x805cad0, ~[RTMIN RT_1], 0}, NULL, 8) = 0
9516  14:48:47.185855 alarm(300)        = 299
9516  14:48:47.185908 recv(0, "PASV\r\n", 4096, MSG_PEEK) = 6
9516  14:48:47.185959 read(0, "PASV\r\n", 6) = 6
9516  14:48:47.186014 write(5, "\n", 1 <unfinished ...>
9514  14:48:47.186054 <... read resumed> "\n", 1) = 1
9516  14:48:47.186076 <... write resumed> ) = 1
9514  14:48:47.186105 write(4, "\1", 1) = 1
9514  14:48:47.186152 read(4,  <unfinished ...>
9516  14:48:47.186183 read(5, "\1", 1)  = 1
9516  14:48:47.186232 write(5, "\f", 1 <unfinished ...>
9514  14:48:47.186263 <... read resumed> "\f", 1) = 1
9516  14:48:47.186283 <... write resumed> ) = 1
9514  14:48:47.186314 socket(PF_INET, SOCK_STREAM, IPPROTO_TCP) = 5
9514  14:48:47.186399 setsockopt(5, SOL_SOCKET, SO_REUSEADDR, [1], 4) = 0
9514  14:48:47.186722 bind(5, {sa_family=AF_INET, sin_port=htons(27268), sin_addr=inet_addr("127.0.0.1")}, 16) = 0
9514  14:48:47.186868 listen(5, 1)      = 0
9514  14:48:47.186930 write(4, "\204j\0\0", 4) = 4
9514  14:48:47.186982 read(4,  <unfinished ...>
9516  14:48:47.187014 read(5, "\204j\0\0", 4) = 4
9516  14:48:47.187087 write(0, "227 Entering Passive Mode (127,0,0,1,106,132).\r\n", 48) = 48
9516  14:48:47.187528 rt_sigaction(SIGALRM, {0x805cad0, ~[RTMIN RT_1], 0}, NULL, 8) = 0
9516  14:48:47.187741 alarm(300)        = 300
9516  14:48:47.187802 recv(0, "STOR myfile6\r\n", 4096, MSG_PEEK) = 14
9516  14:48:47.187858 read(0, "STOR myfile6\r\n", 14) = 14
9516  14:48:47.187918 write(5, "\v", 1 <unfinished ...>
9514  14:48:47.187954 <... read resumed> "\v", 1) = 1
9516  14:48:47.187975 <... write resumed> ) = 1
9514  14:48:47.188002 write(4, "\1\0\0\0", 4) = 4
9514  14:48:47.188050 read(4,  <unfinished ...>
9516  14:48:47.188079 read(5, "\1\0\0\0", 4) = 4
9516  14:48:47.188129 gettimeofday({1495651727, 188145}, NULL) = 0
9516  14:48:47.188177 getcwd("/home/msfadmin", 4096) = 15
9516  14:48:47.188231 open("myfile6", O_WRONLY|O_CREAT|O_NONBLOCK|O_LARGEFILE, 0666) = 4
9516  14:48:47.188289 fstat64(4, {st_mode=S_IFREG|0644, st_size=17, ...}) = 0
9516  14:48:47.188364 fcntl64(4, F_GETFL) = 0x8801 (flags O_WRONLY|O_NONBLOCK|O_LARGEFILE)
9516  14:48:47.188412 fcntl64(4, F_SETFL, O_WRONLY|O_LARGEFILE) = 0
9516  14:48:47.188454 fcntl64(4, F_SETLKW64, {type=F_WRLCK, whence=SEEK_SET, start=0, len=0}, 0xbfbacd94) = 0
9516  14:48:47.188512 ftruncate64(4, 0) = 0
9516  14:48:47.188676 _llseek(4, 0, [0], SEEK_SET) = 0
9516  14:48:47.188762 write(5, "\v", 1 <unfinished ...>
9514  14:48:47.188802 <... read resumed> "\v", 1) = 1
9516  14:48:47.188824 <... write resumed> ) = 1
9514  14:48:47.188851 write(4, "\1\0\0\0", 4) = 4
9514  14:48:47.188900 read(4,  <unfinished ...>
9516  14:48:47.188930 read(5, "\1\0\0\0", 4) = 4
9516  14:48:47.188979 write(5, "\v", 1 <unfinished ...>
9514  14:48:47.189009 <... read resumed> "\v", 1) = 1
9516  14:48:47.189029 <... write resumed> ) = 1
9514  14:48:47.189055 write(4, "\1\0\0\0", 4) = 4
9514  14:48:47.189102 read(4,  <unfinished ...>
9516  14:48:47.189130 read(5, "\1\0\0\0", 4) = 4
9516  14:48:47.189179 write(5, "\r", 1 <unfinished ...>
9514  14:48:47.189209 <... read resumed> "\r", 1) = 1
9516  14:48:47.189229 <... write resumed> ) = 1
9514  14:48:47.189259 select(6, [5], NULL, NULL, {60, 0}) = 1 (in [5], left {60, 0})
9514  14:48:47.189329 accept(5, {sa_family=AF_INET, sin_port=htons(38743), sin_addr=inet_addr("127.0.0.1")}, [16]) = 6
9514  14:48:47.189426 write(4, "\1", 1) = 1
9514  14:48:47.189478 sendmsg(4, {msg_name(0)=NULL, msg_iov(1)=[{"\0", 1}], msg_controllen=16, {cmsg_len=16, cmsg_level=SOL_SOCKET, cmsg_type=SCM_RIGHTS, {6}}, msg_flags=0}, 0) = 1
9514  14:48:47.189616 close(6)          = 0
9514  14:48:47.189663 read(4,  <unfinished ...>
9516  14:48:47.189693 read(5, "\1", 1)  = 1
9516  14:48:47.189749 recvmsg(5, {msg_name(0)=NULL, msg_iov(1)=[{"\0", 1}], msg_controllen=16, {cmsg_len=16, cmsg_level=SOL_SOCKET, cmsg_type=SCM_RIGHTS, {6}}, msg_flags=0}, 0) = 1
9516  14:48:47.189827 setsockopt(6, SOL_SOCKET, SO_KEEPALIVE, [1], 4) = 0
9516  14:48:47.189881 setsockopt(6, SOL_IP, IP_TOS, [8], 4) = 0
9516  14:48:47.189951 setsockopt(6, SOL_SOCKET, SO_LINGER, {onoff=1, linger=32767}, 8) = 0
9516  14:48:47.190001 rt_sigaction(SIGALRM, {0x805cad0, ~[RTMIN RT_1], 0}, NULL, 8) = 0
9516  14:48:47.190060 alarm(300)        = 300
9516  14:48:47.190116 write(0, "150 Ok to send data.\r\n", 22) = 22
9516  14:48:47.190406 read(6, "assasaaa\na\na\na\na\n", 65536) = 17
9516  14:48:47.190530 write(4, "assasaaa\na\na\na\na\n", 17) = 17
9516  14:48:47.190620 read(6, "", 65536) = 0
9516  14:48:47.190667 rt_sigaction(SIGALRM, {0x805cad0, ~[RTMIN RT_1], 0}, NULL, 8) = 0
9516  14:48:47.190727 alarm(300)        = 300
9516  14:48:47.190770 close(6)          = 0
9516  14:48:47.190849 alarm(0)          = 300
9516  14:48:47.190892 gettimeofday({1495651727, 190908}, NULL) = 0
9516  14:48:47.190955 gettimeofday({1495651727, 190971}, NULL) = 0
9516  14:48:47.191010 fcntl64(3, F_SETLKW64, {type=F_WRLCK, whence=SEEK_SET, start=0, len=0}, 0xbfbacd34) = 0
9516  14:48:47.191074 write(3, "Wed May 24 14:48:47 2017 [pid 9516] [msfadmin] OK UPLOAD: Client \"127.0.0.1\", \"/home/msfadmin/myfile6\", 17 bytes, 5.87Kbyte/sec\n", 128) = 128
9516  14:48:47.191183 fcntl64(3, F_SETLK64, {type=F_UNLCK, whence=SEEK_SET, start=0, len=0}, 0xbfbacd3c) = 0
9516  14:48:47.191248 write(0, "226 Transfer complete.\r\n", 24) = 24
9516  14:48:47.191426 write(5, "\n", 1 <unfinished ...>
9514  14:48:47.191531 <... read resumed> "\n", 1) = 1
9516  14:48:47.191553 <... write resumed> ) = 1
9514  14:48:47.191580 close(5)          = 0
9514  14:48:47.191632 write(4, "\1", 1) = 1
9514  14:48:47.191680 read(4,  <unfinished ...>
9516  14:48:47.191711 read(5, "\1", 1)  = 1
9516  14:48:47.191758 close(4)          = 0
9516  14:48:47.191805 rt_sigaction(SIGALRM, {0x805cad0, ~[RTMIN RT_1], 0}, NULL, 8) = 0
9516  14:48:47.191863 alarm(300)        = 0
9516  14:48:47.191910 recv(0,  <unfinished ...>
