12624 15:20:28.116330 open("/etc/pam.d/other", O_RDONLY|O_LARGEFILE) = 5
12624 15:20:28.116366 fstat64(5, {st_mode=S_IFREG|0644, st_size=520, ...}) = 0
12624 15:20:28.116414 mmap2(NULL, 4096, PROT_READ|PROT_WRITE, MAP_PRIVATE|MAP_ANONYMOUS, -1, 0) = 0xb7f5a000
12624 15:20:28.116456 read(5, "#\n# /etc/pam.d/other - specify the PAM fallback behaviour\n#\n# Note that this file is used for any unspecified service; for example\n#if /etc/pam.d/cron  specifies no session modules but cron calls\n#pam_open_session, the session module out of /etc/pam.d/other is\n#used.  If you really want nothing to happen then use pam_permit.so or\n#pam_deny.so as appropriate.\n\n# We fall back to the system default in /etc/pam.d/common-*\n# \n\n@include common-auth\n@include common-account\n@include common-password\n@include common-session\n", 4096) = 520
12624 15:20:28.116591 stat64("/etc/pam.d", {st_mode=S_IFDIR|0755, st_size=4096, ...}) = 0
12624 15:20:28.116645 open("/etc/pam.d/common-auth", O_RDONLY|O_LARGEFILE) = 6
12624 15:20:28.116681 fstat64(6, {st_mode=S_IFREG|0644, st_size=476, ...}) = 0
12624 15:20:28.116725 mmap2(NULL, 4096, PROT_READ|PROT_WRITE, MAP_PRIVATE|MAP_ANONYMOUS, -1, 0) = 0xb7f54000
12624 15:20:28.116755 read(6, "#\n# /etc/pam.d/common-auth - authentication settings common to all services\n#\n# This file is included from other service-specific PAM config files,\n# and should contain a list of the authentication modules that define\n# the central authentication scheme for use on the system\n# (e.g., /etc/shadow, LDAP, Kerberos, etc.).  The default is to use the\n# traditional Unix authentication mechanisms.\n#\nauth\trequisite\tpam_unix.so nullok_secure\n# auth\toptional\tpam_smbpass.so migrate\n", 4096) = 476
12624 15:20:28.116915 read(6, "", 4096) = 0
12624 15:20:28.116946 close(6)          = 0
12624 15:20:28.116973 munmap(0xb7f54000, 4096) = 0
12624 15:20:28.117012 stat64("/etc/pam.d", {st_mode=S_IFDIR|0755, st_size=4096, ...}) = 0
12624 15:20:28.117069 open("/etc/pam.d/common-account", O_RDONLY|O_LARGEFILE) = 6
12624 15:20:28.117106 fstat64(6, {st_mode=S_IFREG|0644, st_size=392, ...}) = 0
12624 15:20:28.117150 mmap2(NULL, 4096, PROT_READ|PROT_WRITE, MAP_PRIVATE|MAP_ANONYMOUS, -1, 0) = 0xb7f54000
12624 15:20:28.117189 read(6, "#\n# /etc/pam.d/common-account - authorization settings common to all services\n#\n# This file is included from other service-specific PAM config files,\n# and should contain a list of the authorization modules that define\n# the central access policy for use on the system.  The default is to\n# only deny service to users whose accounts are expired in /etc/shadow.\n#\naccount\trequired\tpam_unix.so\n", 4096) = 392
12624 15:20:28.117298 read(6, "", 4096) = 0
12624 15:20:28.117336 close(6)          = 0
12624 15:20:28.117363 munmap(0xb7f54000, 4096) = 0
12624 15:20:28.117393 stat64("/etc/pam.d", {st_mode=S_IFDIR|0755, st_size=4096, ...}) = 0
12624 15:20:28.117444 open("/etc/pam.d/common-password", O_RDONLY|O_LARGEFILE) = 6
12624 15:20:28.117480 fstat64(6, {st_mode=S_IFREG|0644, st_size=1563, ...}) = 0
12624 15:20:28.117524 mmap2(NULL, 4096, PROT_READ|PROT_WRITE, MAP_PRIVATE|MAP_ANONYMOUS, -1, 0) = 0xb7f54000
12624 15:20:28.117553 read(6, "#\n# /etc/pam.d/common-password - password-related modules common to all services\n#\n# This file is included from other service-specific PAM config files,\n# and should contain a list of modules that define the services to be\n# used to change user passwords.  The default is pam_unix.\n\n# Explanation of pam_unix options:\n#\n# The \"nullok\" option allows users to change an empty password, else\n# empty passwords are treated as locked accounts.\n#\n# The \"md5\" option enables MD5 passwords.  Without this option, the\n# default is Unix crypt.\n#\n# The \"obscure\" option replaces the old `OBSCURE_CHECKS_ENAB\' option in\n# login.defs.\n#\n# You can also use the \"min\" option to enforce the length of the new\n# password.\n#\n# See the pam_unix manpage for other options.\n\npassword   requisite   pam_unix.so nullok obscure md5\n\n# Alternate strength checking for password. Note that this\n# requires the libpam-cracklib package to be installed.\n# You will need to comment out the password line above and\n# uncomment the next two in order to use this.\n# (Replaces the `OBSCURE_CHECKS_ENAB\', `CRACKLIB_DICTPATH\')\n#\n# password required\t  pam_cracklib.so retry=3 minlen=6 difok=3\n# password required\t  pam_unix.so use_authtok nullok md5\n\n# minimally-intrusive inclusion of smbpass in the stack for\n# synchronization.  If the module is absent or the passwords don\'t\n# match, this module will be ignored without prompting; and if the \n# passwords do match, the NTLM hash for the user will be updated\n# automatically.\n# password   optional   pam_smbpass.so nullok use_authtok use_first_pass\n", 4096) = 1563
12624 15:20:28.117905 read(6, "", 4096) = 0
12624 15:20:28.117937 close(6)          = 0
12624 15:20:28.117964 munmap(0xb7f54000, 4096) = 0
12624 15:20:28.117995 stat64("/etc/pam.d", {st_mode=S_IFDIR|0755, st_size=4096, ...}) = 0
12624 15:20:28.118047 open("/etc/pam.d/common-session", O_RDONLY|O_LARGEFILE) = 6
12624 15:20:28.118083 fstat64(6, {st_mode=S_IFREG|0644, st_size=372, ...}) = 0
12624 15:20:28.118127 mmap2(NULL, 4096, PROT_READ|PROT_WRITE, MAP_PRIVATE|MAP_ANONYMOUS, -1, 0) = 0xb7f54000
12624 15:20:28.118166 read(6, "#\n# /etc/pam.d/common-session - session-related modules common to all services\n#\n# This file is included from other service-specific PAM config files,\n# and should contain a list of modules that define tasks to be performed\n# at the start and end of sessions of *any* kind (both interactive and\n# non-interactive).  The default is pam_unix.\n#\nsession\trequired\tpam_unix.so\n", 4096) = 372
12624 15:20:28.118273 read(6, "", 4096) = 0
12624 15:20:28.118300 close(6)          = 0
12624 15:20:28.118327 munmap(0xb7f54000, 4096) = 0
12624 15:20:28.118355 read(5, "", 4096) = 0
12624 15:20:28.118382 close(5)          = 0
12624 15:20:28.118408 munmap(0xb7f5a000, 4096) = 0
12624 15:20:28.118443 time(NULL)        = 1495653628
12624 15:20:28.118476 lstat64("/etc/ftpusers", {st_mode=S_IFREG|0644, st_size=132, ...}) = 0
12624 15:20:28.118526 open("/etc/ftpusers", O_RDONLY|O_LARGEFILE) = 5
12624 15:20:28.118558 fstat64(5, {st_mode=S_IFREG|0644, st_size=132, ...}) = 0
12624 15:20:28.118612 mmap2(NULL, 4096, PROT_READ|PROT_WRITE, MAP_PRIVATE|MAP_ANONYMOUS, -1, 0) = 0xb7f5a000
12624 15:20:28.118642 read(5, "# /etc/ftpusers: list of users disallowed FTP access. See ftpusers(5).\n\nroot\ndaemon\nbin\nsys\nsync\ngames\nman\nlp\nmail\nnews\nuucp\nnobody\n", 4096) = 132
12624 15:20:28.118712 read(5, "", 4096) = 0
12624 15:20:28.118740 close(5)          = 0
12624 15:20:28.118799 munmap(0xb7f5a000, 4096) = 0
12624 15:20:28.118847 getuid32()        = 0
12624 15:20:28.118893 open("/etc/passwd", O_RDONLY|0x80000 /* O_??? */) = 5
12624 15:20:28.118935 _llseek(5, 0, [0], SEEK_CUR) = 0
12624 15:20:28.118966 fstat64(5, {st_mode=S_IFREG|0644, st_size=1624, ...}) = 0
12624 15:20:28.119011 mmap2(NULL, 1624, PROT_READ, MAP_SHARED, 5, 0) = 0xb7f5a000
12624 15:20:28.119042 _llseek(5, 1624, [1624], SEEK_SET) = 0
12624 15:20:28.119106 munmap(0xb7f5a000, 1624) = 0
12624 15:20:28.119138 close(5)          = 0
12624 15:20:28.119206 open("/etc/shadow", O_RDONLY|0x80000 /* O_??? */) = 5
12624 15:20:28.119254 _llseek(5, 0, [0], SEEK_CUR) = 0
12624 15:20:28.119284 fstat64(5, {st_mode=S_IFREG|0640, st_size=1233, ...}) = 0
12624 15:20:28.119329 mmap2(NULL, 1233, PROT_READ, MAP_SHARED, 5, 0) = 0xb7f5a000
12624 15:20:28.119359 _llseek(5, 1233, [1233], SEEK_SET) = 0
12624 15:20:28.119413 munmap(0xb7f5a000, 1233) = 0
12624 15:20:28.119441 close(5)          = 0
12624 15:20:28.119491 open("/etc/passwd", O_RDONLY|0x80000 /* O_??? */) = 5
12624 15:20:28.119527 _llseek(5, 0, [0], SEEK_CUR) = 0
12624 15:20:28.119556 fstat64(5, {st_mode=S_IFREG|0644, st_size=1624, ...}) = 0
12624 15:20:28.119600 mmap2(NULL, 1624, PROT_READ, MAP_SHARED, 5, 0) = 0xb7f5a000
12624 15:20:28.119642 _llseek(5, 1624, [1624], SEEK_SET) = 0
12624 15:20:28.119689 munmap(0xb7f5a000, 1624) = 0
12624 15:20:28.119737 close(5)          = 0
12624 15:20:28.119781 open("/etc/shadow", O_RDONLY|0x80000 /* O_??? */) = 5
12624 15:20:28.119818 _llseek(5, 0, [0], SEEK_CUR) = 0
12624 15:20:28.119847 fstat64(5, {st_mode=S_IFREG|0640, st_size=1233, ...}) = 0
12624 15:20:28.119892 mmap2(NULL, 1233, PROT_READ, MAP_SHARED, 5, 0) = 0xb7f5a000
12624 15:20:28.119933 _llseek(5, 1233, [1233], SEEK_SET) = 0
12624 15:20:28.119983 munmap(0xb7f5a000, 1233) = 0
12624 15:20:28.120010 close(5)          = 0
12624 15:20:28.120646 getuid32()        = 0
12624 15:20:28.120680 open("/etc/passwd", O_RDONLY|0x80000 /* O_??? */) = 5
12624 15:20:28.120744 _llseek(5, 0, [0], SEEK_CUR) = 0
12624 15:20:28.120783 fstat64(5, {st_mode=S_IFREG|0644, st_size=1624, ...}) = 0
12624 15:20:28.120830 mmap2(NULL, 1624, PROT_READ, MAP_SHARED, 5, 0) = 0xb7f5a000
12624 15:20:28.120861 _llseek(5, 1624, [1624], SEEK_SET) = 0
12624 15:20:28.120906 munmap(0xb7f5a000, 1624) = 0
12624 15:20:28.120933 close(5)          = 0
12624 15:20:28.120971 open("/etc/shadow", O_RDONLY|0x80000 /* O_??? */) = 5
12624 15:20:28.121006 _llseek(5, 0, [0], SEEK_CUR) = 0
12624 15:20:28.121035 fstat64(5, {st_mode=S_IFREG|0640, st_size=1233, ...}) = 0
12624 15:20:28.121079 mmap2(NULL, 1233, PROT_READ, MAP_SHARED, 5, 0) = 0xb7f5a000
12624 15:20:28.121108 _llseek(5, 1233, [1233], SEEK_SET) = 0
12624 15:20:28.121154 munmap(0xb7f5a000, 1233) = 0
12624 15:20:28.121181 close(5)          = 0
12624 15:20:28.121213 time(NULL)        = 1495653628
12624 15:20:28.121262 munmap(0xb7f57000, 12164) = 0
12624 15:20:28.121302 munmap(0xb7f55000, 7136) = 0
12624 15:20:28.121340 munmap(0xb7d8a000, 95428) = 0
12624 15:20:28.121371 munmap(0xb7d50000, 201052) = 0
12624 15:20:28.121403 munmap(0xb7d37000, 101180) = 0
12624 15:20:28.121447 gettimeofday({1495653628, 121458}, NULL) = 0
12624 15:20:28.121480 stat64("/usr/share/zoneinfo/UTC+04:00", 0xbfc7a5e4) = -1 ENOENT (No such file or directory)
12624 15:20:28.121521 open("/usr/share/zoneinfo/UTC+04:00", O_RDONLY) = -1 ENOENT (No such file or directory)
12624 15:20:28.121601 fcntl64(3, F_SETLKW64, {type=F_WRLCK, whence=SEEK_SET, start=0, len=0}, 0xbfc7a734) = 0
12624 15:20:28.121668 write(3, "Wed May 24 15:20:28 2017 [pid 12624] [msfadmin] OK LOGIN: Client \"127.0.0.1\"\n", 77) = 77
12624 15:20:28.121736 fcntl64(3, F_SETLK64, {type=F_UNLCK, whence=SEEK_SET, start=0, len=0}, 0xbfc7a73c) = 0
12624 15:20:28.121774 rt_sigaction(SIGCHLD, {0x805cad0, ~[RTMIN RT_1], 0}, NULL, 8) = 0
12624 15:20:28.121813 write(4, "\1", 1 <unfinished ...>
12625 15:20:28.121841 <... read resumed> "\1", 1) = 1
12624 15:20:28.121857 <... write resumed> ) = 1
12625 15:20:28.121879 exit_group(0)     = ?
12624 15:20:28.121965 --- SIGCHLD (Child exited) @ 0 (0) ---
12624 15:20:28.121985 sigreturn()       = ? (mask now [])
12624 15:20:28.122044 wait4(-1, [{WIFEXITED(s) && WEXITSTATUS(s) == 0}], 0, NULL) = 12625
12624 15:20:28.122084 close(4)          = 0
12624 15:20:28.122118 socketpair(PF_FILE, SOCK_STREAM, 0, [4, 5]) = 0
12624 15:20:28.122159 rt_sigaction(SIGCHLD, {0x805cad0, ~[RTMIN RT_1], 0}, NULL, 8) = 0
12624 15:20:28.122198 rt_sigaction(SIGALRM, {0x805cb10, ~[RTMIN RT_1], 0}, NULL, 8) = 0
12624 15:20:28.122235 clone(child_stack=0, flags=CLONE_CHILD_CLEARTID|CLONE_CHILD_SETTID|SIGCHLD, child_tidptr=0xb7dc06f8) = 12626
12626 15:20:28.122385 prctl(0x1, 0x9, 0, 0, 0) = 0
12626 15:20:28.122425 close(4)          = 0
12626 15:20:28.122500 open("/etc/passwd", O_RDONLY|0x80000 /* O_??? */) = 4
12626 15:20:28.122547 _llseek(4, 0, [0], SEEK_CUR) = 0
12626 15:20:28.122590 fstat64(4, {st_mode=S_IFREG|0644, st_size=1624, ...}) = 0
12626 15:20:28.122671 mmap2(NULL, 1624, PROT_READ, MAP_SHARED, 4, 0) = 0xb7f5a000
12626 15:20:28.122707 _llseek(4, 1624, [1624], SEEK_SET) = 0
12626 15:20:28.122770 munmap(0xb7f5a000, 1624) = 0
12626 15:20:28.122806 close(4)          = 0
12626 15:20:28.122852 getuid32()        = 0
12626 15:20:28.122882 open("/etc/passwd", O_RDONLY|0x80000 /* O_??? */) = 4
12626 15:20:28.122919 _llseek(4, 0, [0], SEEK_CUR) = 0
12626 15:20:28.122948 fstat64(4, {st_mode=S_IFREG|0644, st_size=1624, ...}) = 0
12626 15:20:28.122994 mmap2(NULL, 1624, PROT_READ, MAP_SHARED, 4, 0) = 0xb7f5a000
12626 15:20:28.123025 _llseek(4, 1624, [1624], SEEK_SET) = 0
12626 15:20:28.123068 munmap(0xb7f5a000, 1624) = 0
12626 15:20:28.123096 close(4)          = 0
12626 15:20:28.123177 open("/proc/sys/kernel/ngroups_max", O_RDONLY) = 4
12626 15:20:28.123233 read(4, "65536\n", 31) = 6
12626 15:20:28.123267 close(4)          = 0
12626 15:20:28.123307 socket(PF_FILE, SOCK_STREAM, 0) = 4
12626 15:20:28.123340 fcntl64(4, F_SETFL, O_RDWR|O_NONBLOCK) = 0
12626 15:20:28.123370 connect(4, {sa_family=AF_FILE, path="/var/run/nscd/socket"}, 110) = -1 ENOENT (No such file or directory)
12626 15:20:28.123429 close(4)          = 0
12626 15:20:28.123461 socket(PF_FILE, SOCK_STREAM, 0) = 4
12626 15:20:28.123489 fcntl64(4, F_SETFL, O_RDWR|O_NONBLOCK) = 0
12626 15:20:28.123518 connect(4, {sa_family=AF_FILE, path="/var/run/nscd/socket"}, 110) = -1 ENOENT (No such file or directory)
12626 15:20:28.123567 close(4)          = 0
12626 15:20:28.123692 open("/etc/group", O_RDONLY|0x80000 /* O_??? */) = 4
12626 15:20:28.123735 _llseek(4, 0, [0], SEEK_CUR) = 0
12626 15:20:28.123765 fstat64(4, {st_mode=S_IFREG|0644, st_size=886, ...}) = 0
12626 15:20:28.123812 mmap2(NULL, 886, PROT_READ, MAP_SHARED, 4, 0) = 0xb7f5a000
12626 15:20:28.123843 _llseek(4, 886, [886], SEEK_SET) = 0
12626 15:20:28.123910 fstat64(4, {st_mode=S_IFREG|0644, st_size=886, ...}) = 0
12626 15:20:28.123957 munmap(0xb7f5a000, 886) = 0
12626 15:20:28.123998 close(4)          = 0
12626 15:20:28.124027 setgroups32(13, [1000, 4, 20, 24, 25, 29, 30, 44, 46, 107, 111, 112, 119]) = 0
12626 15:20:28.124073 geteuid32()       = 0
12626 15:20:28.124104 getegid32()       = 0
12626 15:20:28.124134 setregid32(-1, 1000) = 0
12626 15:20:28.124163 setreuid32(-1, 1000) = 0
12626 15:20:28.124193 chdir("/home/msfadmin") = 0
12626 15:20:28.124226 setreuid32(-1, 0) = 0
12626 15:20:28.124252 setregid32(-1, 0) = 0
12626 15:20:28.124281 setgid32(1000)    = 0
12626 15:20:28.124309 setuid32(1000)    = 0
12626 15:20:28.124338 setrlimit(RLIMIT_NPROC, {rlim_cur=0, rlim_max=0}) = 0
12626 15:20:28.124376 mmap2(NULL, 12288, PROT_READ|PROT_WRITE, MAP_PRIVATE|MAP_ANONYMOUS, -1, 0) = 0xb7f58000
12626 15:20:28.124407 mprotect(0xb7f5a000, 4096, PROT_NONE) = 0
12626 15:20:28.124451 mprotect(0xb7f58000, 4096, PROT_NONE) = 0
12626 15:20:28.124491 getcwd("/home/msfadmin", 4096) = 15
12626 15:20:28.124532 umask(022)        = 077
12626 15:20:28.124597 getcwd("/home/msfadmin", 4096) = 15
12626 15:20:28.124637 open(".message", O_RDONLY|O_NONBLOCK|O_LARGEFILE) = -1 ENOENT (No such file or directory)
12626 15:20:28.124709 write(0, "230 Login successful.\r\n", 23) = 23
12626 15:20:28.124955 rt_sigaction(SIGALRM, {0x805cad0, ~[RTMIN RT_1], 0}, NULL, 8) = 0
12626 15:20:28.125002 alarm(300)        = 0
12626 15:20:28.125033 mmap2(NULL, 12288, PROT_READ|PROT_WRITE, MAP_PRIVATE|MAP_ANONYMOUS, -1, 0) = 0xb7f55000
12626 15:20:28.125065 mprotect(0xb7f57000, 4096, PROT_NONE) = 0
12626 15:20:28.125096 mprotect(0xb7f55000, 4096, PROT_NONE) = 0
12626 15:20:28.125133 recv(0, "TYPE I\r\n", 4096, MSG_PEEK) = 8
12626 15:20:28.125168 read(0, "TYPE I\r\n", 8) = 8
12626 15:20:28.125215 write(0, "200 Switching to Binary mode.\r\n", 31) = 31
12626 15:20:28.125331 rt_sigaction(SIGALRM, {0x805cad0, ~[RTMIN RT_1], 0}, NULL, 8) = 0
12626 15:20:28.125373 alarm(300)        = 300
12626 15:20:28.125404 recv(0, "PASV\r\n", 4096, MSG_PEEK) = 6
12626 15:20:28.125436 read(0, "PASV\r\n", 6) = 6
12626 15:20:28.125469 write(5, "\n", 1) = 1
12626 15:20:28.125524 read(5,  <unfinished ...>
12624 15:20:28.125566 close(5)          = 0
12624 15:20:28.125605 getuid32()        = 0
12624 15:20:28.125654 open("/etc/passwd", O_RDONLY|0x80000 /* O_??? */) = 5
12624 15:20:28.125696 _llseek(5, 0, [0], SEEK_CUR) = 0
12624 15:20:28.125731 fstat64(5, {st_mode=S_IFREG|0644, st_size=1624, ...}) = 0
12624 15:20:28.125780 mmap2(NULL, 1624, PROT_READ, MAP_SHARED, 5, 0) = 0xb7f5a000
12624 15:20:28.125812 _llseek(5, 1624, [1624], SEEK_SET) = 0
12624 15:20:28.125861 munmap(0xb7f5a000, 1624) = 0
12624 15:20:28.125894 close(5)          = 0
12624 15:20:28.125938 setgroups32(0, []) = 0
12624 15:20:28.125969 chdir("/usr/share/empty") = 0
12624 15:20:28.126003 chroot(".")       = 0
12624 15:20:28.126033 capset(NULL, NULL) = -1 EFAULT (Bad address)
12624 15:20:28.126069 prctl(0x8, 0, 0xbfc7a718, 0x80549a6, 0xbfc7a700) = 0
12624 15:20:28.126104 prctl(0x8, 0x1, 0xbfc7a718, 0x8054a49, 0xbfc7a700) = 0
12624 15:20:28.126141 setgid32(65534)   = 0
12624 15:20:28.126170 setuid32(65534)   = 0
12624 15:20:28.126197 capset(0x19980330, 0, {CAP_NET_BIND_SERVICE, CAP_NET_BIND_SERVICE, 0}) = 0
12624 15:20:28.126236 read(4, "\n", 1)  = 1
12624 15:20:28.126273 write(4, "\1", 1) = 1
12626 15:20:28.126305 <... read resumed> "\1", 1) = 1
12626 15:20:28.126326 write(5, "\f", 1) = 1
12626 15:20:28.126354 read(5,  <unfinished ...>
12624 15:20:28.126423 read(4, "\f", 1)  = 1
12624 15:20:28.126502 socket(PF_INET, SOCK_STREAM, IPPROTO_TCP) = 5
12624 15:20:28.126543 setsockopt(5, SOL_SOCKET, SO_REUSEADDR, [1], 4) = 0
12624 15:20:28.126576 gettimeofday({1495653628, 126586}, NULL) = 0
12624 15:20:28.126620 bind(5, {sa_family=AF_INET, sin_port=htons(13812), sin_addr=inet_addr("127.0.0.1")}, 16) = 0
12624 15:20:28.126664 listen(5, 1)      = 0
12624 15:20:28.126701 write(4, "\3645\0\0", 4) = 4
12626 15:20:28.126733 <... read resumed> "\3645\0\0", 4) = 4
12626 15:20:28.126801 write(0, "227 Entering Passive Mode (127,0,0,1,53,244).\r\n", 47) = 47
12626 15:20:28.127093 rt_sigaction(SIGALRM, {0x805cad0, ~[RTMIN RT_1], 0}, NULL, 8) = 0
12626 15:20:28.127139 alarm(300)        = 300
12626 15:20:28.127172 recv(0, "STOR myfile19\r\n", 4096, MSG_PEEK) = 15
12626 15:20:28.127206 read(0, "STOR myfile19\r\n", 15) = 15
12626 15:20:28.127248 write(5, "\v", 1) = 1
12626 15:20:28.127278 read(5,  <unfinished ...>
12624 15:20:28.127299 read(4, "\v", 1)  = 1
12624 15:20:28.127330 write(4, "\1\0\0\0", 4) = 4
12626 15:20:28.127360 <... read resumed> "\1\0\0\0", 4) = 4
12626 15:20:28.127384 gettimeofday({1495653628, 127395}, NULL) = 0
12626 15:20:28.127415 getcwd("/home/msfadmin", 4096) = 15
12626 15:20:28.127491 open("myfile19", O_WRONLY|O_CREAT|O_NONBLOCK|O_LARGEFILE, 0666) = 4
12626 15:20:28.127529 fstat64(4, {st_mode=S_IFREG|0644, st_size=17, ...}) = 0
12626 15:20:28.127577 fcntl64(4, F_GETFL) = 0x8801 (flags O_WRONLY|O_NONBLOCK|O_LARGEFILE)
12626 15:20:28.127621 fcntl64(4, F_SETFL, O_WRONLY|O_LARGEFILE) = 0
12626 15:20:28.127649 fcntl64(4, F_SETLKW64, {type=F_WRLCK, whence=SEEK_SET, start=0, len=0}, 0xbfc7a664) = 0
12626 15:20:28.127694 ftruncate64(4, 0) = 0
12626 15:20:28.127746 _llseek(4, 0, [0], SEEK_SET) = 0
12626 15:20:28.127777 write(5, "\v", 1) = 1
12626 15:20:28.127807 read(5,  <unfinished ...>
12624 15:20:28.127827 read(4, "\v", 1)  = 1
12624 15:20:28.127859 write(4, "\1\0\0\0", 4) = 4
12626 15:20:28.127889 <... read resumed> "\1\0\0\0", 4) = 4
12626 15:20:28.127910 write(5, "\v", 1) = 1
12626 15:20:28.127937 read(5,  <unfinished ...>
12624 15:20:28.127956 read(4, "\v", 1)  = 1
12624 15:20:28.127985 write(4, "\1\0\0\0", 4) = 4
12626 15:20:28.128014 <... read resumed> "\1\0\0\0", 4) = 4
12626 15:20:28.128035 write(5, "\r", 1) = 1
12626 15:20:28.128063 read(5,  <unfinished ...>
12624 15:20:28.128081 read(4, "\r", 1)  = 1
12624 15:20:28.128115 select(6, [5], NULL, NULL, {60, 0}) = 1 (in [5], left {60, 0})
12624 15:20:28.128162 accept(5, {sa_family=AF_INET, sin_port=htons(34995), sin_addr=inet_addr("127.0.0.1")}, [16]) = 6
12624 15:20:28.128222 write(4, "\1", 1) = 1
12626 15:20:28.128252 <... read resumed> "\1", 1) = 1
12626 15:20:28.128278 recvmsg(5,  <unfinished ...>
12624 15:20:28.128304 sendmsg(4, {msg_name(0)=NULL, msg_iov(1)=[{"\0", 1}], msg_controllen=16, {cmsg_len=16, cmsg_level=SOL_SOCKET, cmsg_type=SCM_RIGHTS, {6}}, msg_flags=0}, 0) = 1
12626 15:20:28.128351 <... recvmsg resumed> {msg_name(0)=NULL, msg_iov(1)=[{"\0", 1}], msg_controllen=16, {cmsg_len=16, cmsg_level=SOL_SOCKET, cmsg_type=SCM_RIGHTS, {6}}, msg_flags=0}, 0) = 1
12626 15:20:28.128411 setsockopt(6, SOL_SOCKET, SO_KEEPALIVE, [1], 4) = 0
12626 15:20:28.128453 setsockopt(6, SOL_IP, IP_TOS, [8], 4) = 0
12626 15:20:28.128486 setsockopt(6, SOL_SOCKET, SO_LINGER, {onoff=1, linger=32767}, 8) = 0
12626 15:20:28.128516 rt_sigaction(SIGALRM, {0x805cad0, ~[RTMIN RT_1], 0}, NULL, 8) = 0
12626 15:20:28.128553 alarm(300)        = 300
12626 15:20:28.128590 write(0, "150 Ok to send data.\r\n", 22) = 22
12626 15:20:28.128760 mmap2(NULL, 77824, PROT_READ|PROT_WRITE, MAP_PRIVATE|MAP_ANONYMOUS, -1, 0) = 0xb7d8f000
12626 15:20:28.128798 mprotect(0xb7da1000, 4096, PROT_NONE) = 0
12626 15:20:28.128832 mprotect(0xb7d8f000, 4096, PROT_NONE) = 0
12626 15:20:28.128860 read(6, "assasaaa\na\na\na\na\n", 65536) = 17
12626 15:20:28.128898 write(4, "assasaaa\na\na\na\na\n", 17) = 17
12626 15:20:28.128941 read(6, "", 65536) = 0
12626 15:20:28.128970 rt_sigaction(SIGALRM, {0x805cad0, ~[RTMIN RT_1], 0}, NULL, 8) = 0
12626 15:20:28.129007 alarm(300)        = 300
12626 15:20:28.129035 close(6)          = 0
12626 15:20:28.129060 alarm(0)          = 300
12626 15:20:28.129087 gettimeofday({1495653628, 129098}, NULL) = 0
12626 15:20:28.129136 getpid()          = 12626
12626 15:20:28.129170 gettimeofday({1495653628, 129180}, NULL) = 0
12626 15:20:28.129216 fcntl64(3, F_SETLKW64, {type=F_WRLCK, whence=SEEK_SET, start=0, len=0}, 0xbfc7a604) = 0
12626 15:20:28.129257 write(3, "Wed May 24 15:20:28 2017 [pid 12626] [msfadmin] OK UPLOAD: Client \"127.0.0.1\", \"/home/msfadmin/myfile19\", 17 bytes, 9.30Kbyte/sec\n", 130) = 130
12626 15:20:28.129312 fcntl64(3, F_SETLK64, {type=F_UNLCK, whence=SEEK_SET, start=0, len=0}, 0xbfc7a60c) = 0
12626 15:20:28.129353 write(0, "226 Transfer complete.\r\n", 24) = 24
12626 15:20:28.129496 write(5, "\n", 1) = 1
12626 15:20:28.129529 read(5,  <unfinished ...>
12624 15:20:28.129549 close(6)          = 0
12624 15:20:28.129599 read(4, "\n", 1)  = 1
12624 15:20:28.129631 close(5)          = 0
12624 15:20:28.129661 write(4, "\1", 1) = 1
12626 15:20:28.129691 <... read resumed> "\1", 1) = 1
12626 15:20:28.129710 close(4)          = 0
12626 15:20:28.129740 rt_sigaction(SIGALRM, {0x805cad0, ~[RTMIN RT_1], 0}, NULL, 8) = 0
12626 15:20:28.129777 alarm(300)        = 0
12626 15:20:28.129808 recv(0,  <unfinished ...>
12624 15:20:28.129829 read(4,  <unfinished ...>
12626 15:20:28.654146 <... recv resumed> "TYPE I\r\n", 4096, MSG_PEEK) = 8
12626 15:20:28.654261 read(0, "TYPE I\r\n", 8) = 8
12626 15:20:28.654430 write(0, "200 Switching to Binary mode.\r\n", 31) = 31
12626 15:20:28.654755 rt_sigaction(SIGALRM, {0x805cad0, ~[RTMIN RT_1], 0}, NULL, 8) = 0
12626 15:20:28.654834 alarm(300)        = 299
12626 15:20:28.654890 recv(0, "PASV\r\n", 4096, MSG_PEEK) = 6
12626 15:20:28.655029 read(0, "PASV\r\n", 6) = 6
12626 15:20:28.655092 write(5, "\n", 1) = 1
12626 15:20:28.655145 read(5,  <unfinished ...>
12624 15:20:28.655261 <... read resumed> "\n", 1) = 1
12624 15:20:28.655307 write(4, "\1", 1) = 1
12626 15:20:28.655356 <... read resumed> "\1", 1) = 1
12626 15:20:28.655434 write(5, "\f", 1) = 1
12626 15:20:28.655563 read(5,  <unfinished ...>
12624 15:20:28.655600 read(4, "\f", 1)  = 1
12624 15:20:28.655721 socket(PF_INET, SOCK_STREAM, IPPROTO_TCP) = 5
12624 15:20:28.655860 setsockopt(5, SOL_SOCKET, SO_REUSEADDR, [1], 4) = 0
12624 15:20:28.655921 bind(5, {sa_family=AF_INET, sin_port=htons(50295), sin_addr=inet_addr("127.0.0.1")}, 16) = 0
12624 15:20:28.655988 listen(5, 1)      = 0
12624 15:20:28.656047 write(4, "w\304\0\0", 4) = 4
12626 15:20:28.656098 <... read resumed> "w\304\0\0", 4) = 4
12626 15:20:28.656231 write(0, "227 Entering Passive Mode (127,0,0,1,196,119).\r\n", 48) = 48
12626 15:20:28.656888 rt_sigaction(SIGALRM, {0x805cad0, ~[RTMIN RT_1], 0}, NULL, 8) = 0
12626 15:20:28.656967 alarm(300)        = 300
12626 15:20:28.657022 recv(0, "STOR myfile20\r\n", 4096, MSG_PEEK) = 15
12626 15:20:28.657079 read(0, "STOR myfile20\r\n", 15) = 15
12626 15:20:28.657283 write(5, "\v", 1) = 1
12626 15:20:28.657458 read(5,  <unfinished ...>
12624 15:20:28.657511 read(4, "\v", 1)  = 1
12624 15:20:28.657586 write(4, "\1\0\0\0", 4) = 4
12626 15:20:28.657758 <... read resumed> "\1\0\0\0", 4) = 4
12626 15:20:28.657831 gettimeofday({1495653628, 657856}, NULL) = 0
12626 15:20:28.657977 getcwd("/home/msfadmin", 4096) = 15
12626 15:20:28.658077 open("myfile20", O_WRONLY|O_CREAT|O_NONBLOCK|O_LARGEFILE, 0666) = 4
12626 15:20:28.658203 fstat64(4, {st_mode=S_IFREG|0644, st_size=17, ...}) = 0
12626 15:20:28.658358 fcntl64(4, F_GETFL) = 0x8801 (flags O_WRONLY|O_NONBLOCK|O_LARGEFILE)
12626 15:20:28.658412 fcntl64(4, F_SETFL, O_WRONLY|O_LARGEFILE) = 0
12626 15:20:28.658458 fcntl64(4, F_SETLKW64, {type=F_WRLCK, whence=SEEK_SET, start=0, len=0}, 0xbfc7a664) = 0
12626 15:20:28.658593 ftruncate64(4, 0) = 0
12626 15:20:28.658672 _llseek(4, 0, [0], SEEK_SET) = 0
12626 15:20:28.658723 write(5, "\v", 1) = 1
12626 15:20:28.658771 read(5,  <unfinished ...>
12624 15:20:28.658881 read(4, "\v", 1)  = 1
12624 15:20:28.658964 write(4, "\1\0\0\0", 4) = 4
12626 15:20:28.659013 <... read resumed> "\1\0\0\0", 4) = 4
12626 15:20:28.659127 write(5, "\v", 1) = 1
12626 15:20:28.659204 read(5,  <unfinished ...>
12624 15:20:28.659249 read(4, "\v", 1)  = 1
12624 15:20:28.659319 write(4, "\1\0\0\0", 4) = 4
12626 15:20:28.659587 <... read resumed> "\1\0\0\0", 4) = 4
12626 15:20:28.659642 write(5, "\r", 1) = 1
12626 15:20:28.659690 read(5,  <unfinished ...>
12624 15:20:28.659789 read(4, "\r", 1)  = 1
12624 15:20:28.659862 select(6, [5], NULL, NULL, {60, 0}) = 1 (in [5], left {60, 0})
12624 15:20:28.659935 accept(5, {sa_family=AF_INET, sin_port=htons(60149), sin_addr=inet_addr("127.0.0.1")}, [16]) = 6
12624 15:20:28.660121 write(4, "\1", 1) = 1
12626 15:20:28.660180 <... read resumed> "\1", 1) = 1
12626 15:20:28.660220 recvmsg(5,  <unfinished ...>
12624 15:20:28.660258 sendmsg(4, {msg_name(0)=NULL, msg_iov(1)=[{"\0", 1}], msg_controllen=16, {cmsg_len=16, cmsg_level=SOL_SOCKET, cmsg_type=SCM_RIGHTS, {6}}, msg_flags=0}, 0) = 1
12626 15:20:28.660278 <... recvmsg resumed> {msg_name(0)=NULL, msg_iov(1)=[{"\0", 1}], msg_controllen=16, {cmsg_len=16, cmsg_level=SOL_SOCKET, cmsg_type=SCM_RIGHTS, {6}}, msg_flags=0}, 0) = 1
12626 15:20:28.660278 setsockopt(6, SOL_SOCKET, SO_KEEPALIVE, [1], 4) = 0
12624 15:20:28.661178 close(6)          = 0
12624 15:20:28.661227 read(4,  <unfinished ...>
12626 15:20:28.661329 setsockopt(6, SOL_IP, IP_TOS, [8], 4) = 0
12626 15:20:28.661402 setsockopt(6, SOL_SOCKET, SO_LINGER, {onoff=1, linger=32767}, 8) = 0
12626 15:20:28.661497 rt_sigaction(SIGALRM, {0x805cad0, ~[RTMIN RT_1], 0}, NULL, 8) = 0
12626 15:20:28.661662 alarm(300)        = 300
12626 15:20:28.661728 write(0, "150 Ok to send data.\r\n", 22) = 22
12626 15:20:28.662234 read(6, "assasaaa\na\na\na\na\n", 65536) = 17
12626 15:20:28.662305 write(4, "assasaaa\na\na\na\na\n", 17) = 17
12626 15:20:28.662378 read(6, "", 65536) = 0
12626 15:20:28.662511 rt_sigaction(SIGALRM, {0x805cad0, ~[RTMIN RT_1], 0}, NULL, 8) = 0
12626 15:20:28.662581 alarm(300)        = 300
12626 15:20:28.662627 close(6)          = 0
12626 15:20:28.662786 alarm(0)          = 300
12626 15:20:28.662839 gettimeofday({1495653628, 662855}, NULL) = 0
12626 15:20:28.662907 gettimeofday({1495653628, 662925}, NULL) = 0
12626 15:20:28.662967 fcntl64(3, F_SETLKW64, {type=F_WRLCK, whence=SEEK_SET, start=0, len=0}, 0xbfc7a604) = 0
12626 15:20:28.663036 write(3, "Wed May 24 15:20:28 2017 [pid 12626] [msfadmin] OK UPLOAD: Client \"127.0.0.1\", \"/home/msfadmin/myfile20\", 17 bytes, 3.28Kbyte/sec\n", 130) = 130
12626 15:20:28.663261 fcntl64(3, F_SETLK64, {type=F_UNLCK, whence=SEEK_SET, start=0, len=0}, 0xbfc7a60c) = 0
12626 15:20:28.663413 write(0, "226 Transfer complete.\r\n", 24) = 24
12626 15:20:28.663609 write(5, "\n", 1) = 1
12624 15:20:28.663662 <... read resumed> "\n", 1) = 1
12624 15:20:28.663763 close(5)          = 0
12624 15:20:28.663835 write(4, "\1", 1) = 1
12624 15:20:28.663934 read(4,  <unfinished ...>
12626 15:20:28.663968 read(5, "\1", 1)  = 1
12626 15:20:28.664087 close(4)          = 0
12626 15:20:28.664151 rt_sigaction(SIGALRM, {0x805cad0, ~[RTMIN RT_1], 0}, NULL, 8) = 0
12626 15:20:28.664213 alarm(300)        = 0
12626 15:20:28.664329 recv(0, "TYPE I\r\n", 4096, MSG_PEEK) = 8
12626 15:20:29.185365 read(0, "TYPE I\r\n", 8) = 8
12626 15:20:29.185544 write(0, "200 Switching to Binary mode.\r\n", 31) = 31
12626 15:20:29.185790 rt_sigaction(SIGALRM, {0x805cad0, ~[RTMIN RT_1], 0}, NULL, 8) = 0
12626 15:20:29.185865 alarm(300)        = 299
12626 15:20:29.185921 recv(0, "PASV\r\n", 4096, MSG_PEEK) = 6
12626 15:20:29.186028 read(0, "PASV\r\n", 6) = 6
12626 15:20:29.186098 write(5, "\n", 1) = 1
12624 15:20:29.186155 <... read resumed> "\n", 1) = 1
12624 15:20:29.186189 write(4, "\1", 1) = 1
12624 15:20:29.186238 read(4,  <unfinished ...>
12626 15:20:29.186270 read(5, "\1", 1)  = 1
12626 15:20:29.186342 write(5, "\f", 1) = 1
12624 15:20:29.186413 <... read resumed> "\f", 1) = 1
12624 15:20:29.186460 socket(PF_INET, SOCK_STREAM, IPPROTO_TCP) = 5
12624 15:20:29.186494 setsockopt(5, SOL_SOCKET, SO_REUSEADDR, [1], 4) = 0
12624 15:20:29.186494 bind(5, {sa_family=AF_INET, sin_port=htons(38610), sin_addr=inet_addr("127.0.0.1")}, 16) = 0
12624 15:20:29.186552 listen(5, 1)      = 0
12624 15:20:29.186610 write(4, "\322\226\0\0", 4) = 4
12624 15:20:29.186720 read(4,  <unfinished ...>
12626 15:20:29.186757 read(5, "\322\226\0\0", 4) = 4
12626 15:20:29.186833 write(0, "227 Entering Passive Mode (127,0,0,1,150,210).\r\n", 48) = 48
12626 15:20:29.187267 rt_sigaction(SIGALRM, {0x805cad0, ~[RTMIN RT_1], 0}, NULL, 8) = 0
12626 15:20:29.187347 alarm(300)        = 300
12626 15:20:29.187400 recv(0, "STOR myfile21\r\n", 4096, MSG_PEEK) = 15
12626 15:20:29.187456 read(0, "STOR myfile21\r\n", 15) = 15
12626 15:20:29.187516 write(5, "\v", 1) = 1
12624 15:20:29.187564 <... read resumed> "\v", 1) = 1
12624 15:20:29.187597 write(4, "\1\0\0\0", 4) = 4
12624 15:20:29.187831 read(4,  <unfinished ...>
12626 15:20:29.187870 read(5, "\1\0\0\0", 4) = 4
12626 15:20:29.187925 gettimeofday({1495653629, 187943}, NULL) = 0
12626 15:20:29.187975 getcwd("/home/msfadmin", 4096) = 15
12626 15:20:29.188031 open("myfile21", O_WRONLY|O_CREAT|O_NONBLOCK|O_LARGEFILE, 0666) = 4
12626 15:20:29.188092 fstat64(4, {st_mode=S_IFREG|0644, st_size=17, ...}) = 0
12626 15:20:29.188167 fcntl64(4, F_GETFL) = 0x8801 (flags O_WRONLY|O_NONBLOCK|O_LARGEFILE)
12626 15:20:29.188217 fcntl64(4, F_SETFL, O_WRONLY|O_LARGEFILE) = 0
12626 15:20:29.188262 fcntl64(4, F_SETLKW64, {type=F_WRLCK, whence=SEEK_SET, start=0, len=0}, 0xbfc7a664) = 0
12626 15:20:29.188323 ftruncate64(4, 0) = 0
12626 15:20:29.188416 _llseek(4, 0, [0], SEEK_SET) = 0
12626 15:20:29.188467 write(5, "\v", 1) = 1
12624 15:20:29.188514 <... read resumed> "\v", 1) = 1
12624 15:20:29.188546 write(4, "\1\0\0\0", 4) = 4
12624 15:20:29.188596 read(4,  <unfinished ...>
12626 15:20:29.188627 read(5, "\1\0\0\0", 4) = 4
12626 15:20:29.188677 write(5, "\v", 1) = 1
12624 15:20:29.188774 <... read resumed> "\v", 1) = 1
12624 15:20:29.188811 write(4, "\1\0\0\0", 4) = 4
12624 15:20:29.188860 read(4,  <unfinished ...>
12626 15:20:29.188891 read(5, "\1\0\0\0", 4) = 4
12626 15:20:29.188942 write(5, "\r", 1) = 1
12624 15:20:29.188986 <... read resumed> "\r", 1) = 1
12624 15:20:29.189020 select(6, [5], NULL, NULL, {60, 0}) = 1 (in [5], left {60, 0})
12624 15:20:29.189091 accept(5, {sa_family=AF_INET, sin_port=htons(38000), sin_addr=inet_addr("127.0.0.1")}, [16]) = 6
12624 15:20:29.189189 write(4, "\1", 1) = 1
12624 15:20:29.189242 sendmsg(4, {msg_name(0)=NULL, msg_iov(1)=[{"\0", 1}], msg_controllen=16, {cmsg_len=16, cmsg_level=SOL_SOCKET, cmsg_type=SCM_RIGHTS, {6}}, msg_flags=0}, 0) = 1
12624 15:20:29.189315 close(6)          = 0
12624 15:20:29.189360 read(4,  <unfinished ...>
12626 15:20:29.189391 read(5, "\1", 1)  = 1
12626 15:20:29.189449 recvmsg(5, {msg_name(0)=NULL, msg_iov(1)=[{"\0", 1}], msg_controllen=16, {cmsg_len=16, cmsg_level=SOL_SOCKET, cmsg_type=SCM_RIGHTS, {6}}, msg_flags=0}, 0) = 1
12626 15:20:29.189528 setsockopt(6, SOL_SOCKET, SO_KEEPALIVE, [1], 4) = 0
12626 15:20:29.189584 setsockopt(6, SOL_IP, IP_TOS, [8], 4) = 0
12626 15:20:29.189637 setsockopt(6, SOL_SOCKET, SO_LINGER, {onoff=1, linger=32767}, 8) = 0
12626 15:20:29.189726 rt_sigaction(SIGALRM, {0x805cad0, ~[RTMIN RT_1], 0}, NULL, 8) = 0
12626 15:20:29.189797 alarm(300)        = 300
12626 15:20:29.189856 write(0, "150 Ok to send data.\r\n", 22) = 22
12626 15:20:29.190128 read(6, "assasaaa\na\na\na\na\n", 65536) = 17
12626 15:20:29.190191 write(4, "assasaaa\na\na\na\na\n", 17) = 17
12626 15:20:29.190262 read(6, "", 65536) = 0
12626 15:20:29.190309 rt_sigaction(SIGALRM, {0x805cad0, ~[RTMIN RT_1], 0}, NULL, 8) = 0
12626 15:20:29.190370 alarm(300)        = 300
12626 15:20:29.190414 close(6)          = 0
12626 15:20:29.190486 alarm(0)          = 300
12626 15:20:29.190532 gettimeofday({1495653629, 190548}, NULL) = 0
12626 15:20:29.190598 gettimeofday({1495653629, 190616}, NULL) = 0
12626 15:20:29.190718 fcntl64(3, F_SETLKW64, {type=F_WRLCK, whence=SEEK_SET, start=0, len=0}, 0xbfc7a604) = 0
12626 15:20:29.190797 write(3, "Wed May 24 15:20:29 2017 [pid 12626] [msfadmin] OK UPLOAD: Client \"127.0.0.1\", \"/home/msfadmin/myfile21\", 17 bytes, 6.21Kbyte/sec\n", 130) = 130
12626 15:20:29.190888 fcntl64(3, F_SETLK64, {type=F_UNLCK, whence=SEEK_SET, start=0, len=0}, 0xbfc7a60c) = 0
12626 15:20:29.190953 write(0, "226 Transfer complete.\r\n", 24) = 24
12626 15:20:29.191132 write(5, "\n", 1) = 1
12624 15:20:29.191186 <... read resumed> "\n", 1) = 1
12624 15:20:29.191218 close(5)          = 0
12624 15:20:29.191271 write(4, "\1", 1) = 1
12624 15:20:29.191320 read(4,  <unfinished ...>
12626 15:20:29.191352 read(5, "\1", 1)  = 1
12626 15:20:29.191402 close(4)          = 0
12626 15:20:29.191452 rt_sigaction(SIGALRM, {0x805cad0, ~[RTMIN RT_1], 0}, NULL, 8) = 0
12626 15:20:29.191511 alarm(300)        = 0
12626 15:20:29.191562 recv(0, "TYPE I\r\n", 4096, MSG_PEEK) = 8
12626 15:20:29.704710 read(0, "TYPE I\r\n", 8) = 8
12626 15:20:29.704935 write(0, "200 Switching to Binary mode.\r\n", 31) = 31
12626 15:20:29.705404 rt_sigaction(SIGALRM, {0x805cad0, ~[RTMIN RT_1], 0}, NULL, 8) = 0
12626 15:20:29.705492 alarm(300)        = 299
12626 15:20:29.705548 recv(0, "PASV\r\n", 4096, MSG_PEEK) = 6
12626 15:20:29.705604 read(0, "PASV\r\n", 6) = 6
12626 15:20:29.705697 write(5, "\n", 1 <unfinished ...>
12624 15:20:29.705750 <... read resumed> "\n", 1) = 1
12626 15:20:29.705774 <... write resumed> ) = 1
12624 15:20:29.705805 write(4, "\1", 1) = 1
12624 15:20:29.705932 read(4,  <unfinished ...>
12626 15:20:29.705971 read(5, "\1", 1)  = 1
12626 15:20:29.706027 write(5, "\f", 1 <unfinished ...>
12624 15:20:29.706060 <... read resumed> "\f", 1) = 1
12626 15:20:29.706106 <... write resumed> ) = 1
12624 15:20:29.706176 socket(PF_INET, SOCK_STREAM, IPPROTO_TCP) = 5
12624 15:20:29.706324 setsockopt(5, SOL_SOCKET, SO_REUSEADDR, [1], 4) = 0
12624 15:20:29.706387 bind(5, {sa_family=AF_INET, sin_port=htons(62889), sin_addr=inet_addr("127.0.0.1")}, 16) = 0
12624 15:20:29.706455 listen(5, 1)      = 0
12624 15:20:29.706514 write(4, "\251\365\0\0", 4) = 4
12624 15:20:29.706568 read(4,  <unfinished ...>
12626 15:20:29.706657 read(5, "\251\365\0\0", 4) = 4
12626 15:20:29.706735 write(0, "227 Entering Passive Mode (127,0,0,1,245,169).\r\n", 48) = 48
12626 15:20:29.707300 rt_sigaction(SIGALRM, {0x805cad0, ~[RTMIN RT_1], 0}, NULL, 8) = 0
12626 15:20:29.707378 alarm(300)        = 300
12626 15:20:29.707431 recv(0, "STOR myfile22\r\n", 4096, MSG_PEEK) = 15
12626 15:20:29.707487 read(0, "STOR myfile22\r\n", 15) = 15
12626 15:20:29.707548 write(5, "\v", 1 <unfinished ...>
12624 15:20:29.707636 <... read resumed> "\v", 1) = 1
12626 15:20:29.707665 <... write resumed> ) = 1
12624 15:20:29.707693 write(4, "\1\0\0\0", 4) = 4
12624 15:20:29.707743 read(4,  <unfinished ...>
12626 15:20:29.707774 read(5, "\1\0\0\0", 4) = 4
12626 15:20:29.707826 gettimeofday({1495653629, 707843}, NULL) = 0
12626 15:20:29.707960 getcwd("/home/msfadmin", 4096) = 15
12626 15:20:29.708022 open("myfile22", O_WRONLY|O_CREAT|O_NONBLOCK|O_LARGEFILE, 0666) = 4
12626 15:20:29.708125 fstat64(4, {st_mode=S_IFREG|0644, st_size=17, ...}) = 0
12626 15:20:29.708274 fcntl64(4, F_GETFL) = 0x8801 (flags O_WRONLY|O_NONBLOCK|O_LARGEFILE)
12626 15:20:29.708342 fcntl64(4, F_SETFL, O_WRONLY|O_LARGEFILE) = 0
12626 15:20:29.708389 fcntl64(4, F_SETLKW64, {type=F_WRLCK, whence=SEEK_SET, start=0, len=0}, 0xbfc7a664) = 0
12626 15:20:29.708452 ftruncate64(4, 0) = 0
12626 15:20:29.708527 _llseek(4, 0, [0], SEEK_SET) = 0
12626 15:20:29.708683 write(5, "\v", 1 <unfinished ...>
12624 15:20:29.708729 <... read resumed> "\v", 1) = 1
12626 15:20:29.708752 <... write resumed> ) = 1
12624 15:20:29.708781 write(4, "\1\0\0\0", 4) = 4
12624 15:20:29.708830 read(4,  <unfinished ...>
12626 15:20:29.708861 read(5, "\1\0\0\0", 4) = 4
12626 15:20:29.708912 write(5, "\v", 1 <unfinished ...>
12624 15:20:29.708943 <... read resumed> "\v", 1) = 1
12626 15:20:29.708965 <... write resumed> ) = 1
12624 15:20:29.708992 write(4, "\1\0\0\0", 4) = 4
12624 15:20:29.709039 read(4,  <unfinished ...>
12626 15:20:29.709108 read(5, "\1\0\0\0", 4) = 4
12626 15:20:29.709230 write(5, "\r", 1 <unfinished ...>
12624 15:20:29.709277 <... read resumed> "\r", 1) = 1
12626 15:20:29.709299 <... write resumed> ) = 1
12624 15:20:29.709331 select(6, [5], NULL, NULL, {60, 0}) = 1 (in [5], left {60, 0})
12624 15:20:29.709402 accept(5, {sa_family=AF_INET, sin_port=htons(35322), sin_addr=inet_addr("127.0.0.1")}, [16]) = 6
12624 15:20:29.709576 write(4, "\1", 1) = 1
12624 15:20:29.709674 sendmsg(4, {msg_name(0)=NULL, msg_iov(1)=[{"\0", 1}], msg_controllen=16, {cmsg_len=16, cmsg_level=SOL_SOCKET, cmsg_type=SCM_RIGHTS, {6}}, msg_flags=0}, 0) = 1
12624 15:20:29.709751 close(6)          = 0
12624 15:20:29.709795 read(4,  <unfinished ...>
12626 15:20:29.709828 read(5, "\1", 1)  = 1
12626 15:20:29.709954 recvmsg(5, {msg_name(0)=NULL, msg_iov(1)=[{"\0", 1}], msg_controllen=16, {cmsg_len=16, cmsg_level=SOL_SOCKET, cmsg_type=SCM_RIGHTS, {6}}, msg_flags=0}, 0) = 1
12626 15:20:29.710088 setsockopt(6, SOL_SOCKET, SO_KEEPALIVE, [1], 4) = 0
12626 15:20:29.710153 setsockopt(6, SOL_IP, IP_TOS, [8], 4) = 0
12626 15:20:29.710206 setsockopt(6, SOL_SOCKET, SO_LINGER, {onoff=1, linger=32767}, 8) = 0
12626 15:20:29.710257 rt_sigaction(SIGALRM, {0x805cad0, ~[RTMIN RT_1], 0}, NULL, 8) = 0
12626 15:20:29.710347 alarm(300)        = 300
12626 15:20:29.710504 write(0, "150 Ok to send data.\r\n", 22) = 22
12626 15:20:29.710948 read(6, "assasaaa\na\na\na\na\n", 65536) = 17
12626 15:20:29.711016 write(4, "assasaaa\na\na\na\na\n", 17) = 17
12626 15:20:29.711218 read(6, "", 65536) = 0
12626 15:20:29.711273 rt_sigaction(SIGALRM, {0x805cad0, ~[RTMIN RT_1], 0}, NULL, 8) = 0
12626 15:20:29.711337 alarm(300)        = 300
12626 15:20:29.711398 close(6)          = 0
12626 15:20:29.711480 alarm(0)          = 300
12626 15:20:29.711526 gettimeofday({1495653629, 711542}, NULL) = 0
12626 15:20:29.711591 gettimeofday({1495653629, 711609}, NULL) = 0
12626 15:20:29.711737 fcntl64(3, F_SETLKW64, {type=F_WRLCK, whence=SEEK_SET, start=0, len=0}, 0xbfc7a604) = 0
12626 15:20:29.711820 write(3, "Wed May 24 15:20:29 2017 [pid 12626] [msfadmin] OK UPLOAD: Client \"127.0.0.1\", \"/home/msfadmin/myfile22\", 17 bytes, 4.41Kbyte/sec\n", 130) = 130
12626 15:20:29.711912 fcntl64(3, F_SETLK64, {type=F_UNLCK, whence=SEEK_SET, start=0, len=0}, 0xbfc7a60c) = 0
12626 15:20:29.712051 write(0, "226 Transfer complete.\r\n", 24) = 24
12626 15:20:29.712305 write(5, "\n", 1 <unfinished ...>
12624 15:20:29.712352 <... read resumed> "\n", 1) = 1
12626 15:20:29.712375 <... write resumed> ) = 1
12624 15:20:29.712404 close(5)          = 0
12624 15:20:29.712543 write(4, "\1", 1) = 1
12624 15:20:29.712602 read(4,  <unfinished ...>
12626 15:20:29.712636 read(5, "\1", 1)  = 1
12626 15:20:29.712687 close(4)          = 0
12626 15:20:29.712737 rt_sigaction(SIGALRM, {0x805cad0, ~[RTMIN RT_1], 0}, NULL, 8) = 0
12626 15:20:29.712797 alarm(300)        = 0
12626 15:20:29.712849 recv(0, "TYPE I\r\n", 4096, MSG_PEEK) = 8
12626 15:20:30.234671 read(0, "TYPE I\r\n", 8) = 8
12626 15:20:30.234834 write(0, "200 Switching to Binary mode.\r\n", 31) = 31
12626 15:20:30.235028 rt_sigaction(SIGALRM, {0x805cad0, ~[RTMIN RT_1], 0}, NULL, 8) = 0
12626 15:20:30.235103 alarm(300)        = 299
12626 15:20:30.235150 recv(0, "PASV\r\n", 4096, MSG_PEEK) = 6
12626 15:20:30.235184 read(0, "PASV\r\n", 6) = 6
12626 15:20:30.235218 write(5, "\n", 1 <unfinished ...>
12624 15:20:30.235246 <... read resumed> "\n", 1) = 1
12626 15:20:30.235261 <... write resumed> ) = 1
12624 15:20:30.235280 write(4, "\1", 1) = 1
12624 15:20:30.235310 read(4,  <unfinished ...>
12626 15:20:30.235329 read(5, "\1", 1)  = 1
12626 15:20:30.235394 write(5, "\f", 1 <unfinished ...>
12624 15:20:30.235423 <... read resumed> "\f", 1) = 1
12626 15:20:30.235437 <... write resumed> ) = 1
12624 15:20:30.235457 socket(PF_INET, SOCK_STREAM, IPPROTO_TCP) = 5
12624 15:20:30.235496 setsockopt(5, SOL_SOCKET, SO_REUSEADDR, [1], 4) = 0
12624 15:20:30.235533 bind(5, {sa_family=AF_INET, sin_port=htons(32675), sin_addr=inet_addr("127.0.0.1")}, 16) = 0
12624 15:20:30.235576 listen(5, 1)      = 0
12624 15:20:30.235611 write(4, "\243\177\0\0", 4) = 4
12624 15:20:30.235642 read(4,  <unfinished ...>
12626 15:20:30.235663 read(5, "\243\177\0\0", 4) = 4
12626 15:20:30.235711 write(0, "227 Entering Passive Mode (127,0,0,1,127,163).\r\n", 48) = 48
12626 15:20:30.235974 rt_sigaction(SIGALRM, {0x805cad0, ~[RTMIN RT_1], 0}, NULL, 8) = 0
12626 15:20:30.236025 alarm(300)        = 300
12626 15:20:30.236058 recv(0, "STOR myfile23\r\n", 4096, MSG_PEEK) = 15
12626 15:20:30.236093 read(0, "STOR myfile23\r\n", 15) = 15
12626 15:20:30.236188 write(5, "\v", 1 <unfinished ...>
12624 15:20:30.236216 <... read resumed> "\v", 1) = 1
12626 15:20:30.236230 <... write resumed> ) = 1
12624 15:20:30.236247 write(4, "\1\0\0\0", 4) = 4
12624 15:20:30.236278 read(4,  <unfinished ...>
12626 15:20:30.236297 read(5, "\1\0\0\0", 4) = 4
12626 15:20:30.236360 gettimeofday({1495653630, 236373}, NULL) = 0
12626 15:20:30.236393 getcwd("/home/msfadmin", 4096) = 15
12626 15:20:30.236428 open("myfile23", O_WRONLY|O_CREAT|O_NONBLOCK|O_LARGEFILE, 0666) = 4
12626 15:20:30.236472 fstat64(4, {st_mode=S_IFREG|0644, st_size=17, ...}) = 0
12626 15:20:30.236519 fcntl64(4, F_GETFL) = 0x8801 (flags O_WRONLY|O_NONBLOCK|O_LARGEFILE)
12626 15:20:30.236550 fcntl64(4, F_SETFL, O_WRONLY|O_LARGEFILE) = 0
12626 15:20:30.236577 fcntl64(4, F_SETLKW64, {type=F_WRLCK, whence=SEEK_SET, start=0, len=0}, 0xbfc7a664) = 0
12626 15:20:30.236615 ftruncate64(4, 0) = 0
12626 15:20:30.236663 _llseek(4, 0, [0], SEEK_SET) = 0
12626 15:20:30.236693 write(5, "\v", 1 <unfinished ...>
12624 15:20:30.236715 <... read resumed> "\v", 1) = 1
12626 15:20:30.236728 <... write resumed> ) = 1
12624 15:20:30.236746 write(4, "\1\0\0\0", 4) = 4
12624 15:20:30.236789 read(4,  <unfinished ...>
12626 15:20:30.236809 read(5, "\1\0\0\0", 4) = 4
12626 15:20:30.236840 write(5, "\v", 1 <unfinished ...>
12624 15:20:30.236860 <... read resumed> "\v", 1) = 1
12626 15:20:30.236873 <... write resumed> ) = 1
12624 15:20:30.236889 write(4, "\1\0\0\0", 4) = 4
12624 15:20:30.236918 read(4,  <unfinished ...>
12626 15:20:30.236937 read(5, "\1\0\0\0", 4) = 4
12626 15:20:30.236968 write(5, "\r", 1 <unfinished ...>
12624 15:20:30.236989 <... read resumed> "\r", 1) = 1
12626 15:20:30.237006 <... write resumed> ) = 1
12624 15:20:30.237025 select(6, [5], NULL, NULL, {60, 0}) = 1 (in [5], left {60, 0})
12624 15:20:30.237068 accept(5, {sa_family=AF_INET, sin_port=htons(45092), sin_addr=inet_addr("127.0.0.1")}, [16]) = 6
12624 15:20:30.237128 write(4, "\1", 1) = 1
12624 15:20:30.237161 sendmsg(4, {msg_name(0)=NULL, msg_iov(1)=[{"\0", 1}], msg_controllen=16, {cmsg_len=16, cmsg_level=SOL_SOCKET, cmsg_type=SCM_RIGHTS, {6}}, msg_flags=0}, 0) = 1
12624 15:20:30.237205 close(6)          = 0
12624 15:20:30.237232 read(4,  <unfinished ...>
12626 15:20:30.237251 read(5, "\1", 1)  = 1
12626 15:20:30.237307 recvmsg(5, {msg_name(0)=NULL, msg_iov(1)=[{"\0", 1}], msg_controllen=16, {cmsg_len=16, cmsg_level=SOL_SOCKET, cmsg_type=SCM_RIGHTS, {6}}, msg_flags=0}, 0) = 1
12626 15:20:30.237370 setsockopt(6, SOL_SOCKET, SO_KEEPALIVE, [1], 4) = 0
12626 15:20:30.237405 setsockopt(6, SOL_IP, IP_TOS, [8], 4) = 0
12626 15:20:30.237437 setsockopt(6, SOL_SOCKET, SO_LINGER, {onoff=1, linger=32767}, 8) = 0
12626 15:20:30.237468 rt_sigaction(SIGALRM, {0x805cad0, ~[RTMIN RT_1], 0}, NULL, 8) = 0
12626 15:20:30.237505 alarm(300)        = 300
12626 15:20:30.237541 write(0, "150 Ok to send data.\r\n", 22) = 22
12626 15:20:30.237714 read(6, "assasaaa\na\na\na\na\n", 65536) = 17
12626 15:20:30.237756 write(4, "assasaaa\na\na\na\na\n", 17) = 17
12626 15:20:30.237800 read(6, "", 65536) = 0
12626 15:20:30.237828 rt_sigaction(SIGALRM, {0x805cad0, ~[RTMIN RT_1], 0}, NULL, 8) = 0
12626 15:20:30.237866 alarm(300)        = 300
12626 15:20:30.237893 close(6)          = 0
12626 15:20:30.237938 alarm(0)          = 300
12626 15:20:30.237966 gettimeofday({1495653630, 237976}, NULL) = 0
12626 15:20:30.238007 gettimeofday({1495653630, 238018}, NULL) = 0
12626 15:20:30.238045 fcntl64(3, F_SETLKW64, {type=F_WRLCK, whence=SEEK_SET, start=0, len=0}, 0xbfc7a604) = 0
12626 15:20:30.238086 write(3, "Wed May 24 15:20:30 2017 [pid 12626] [msfadmin] OK UPLOAD: Client \"127.0.0.1\", \"/home/msfadmin/myfile23\", 17 bytes, 10.09Kbyte/sec\n", 131) = 131
12626 15:20:30.238142 fcntl64(3, F_SETLK64, {type=F_UNLCK, whence=SEEK_SET, start=0, len=0}, 0xbfc7a60c) = 0
12626 15:20:30.238181 write(0, "226 Transfer complete.\r\n", 24) = 24
12626 15:20:30.238348 write(5, "\n", 1 <unfinished ...>
12624 15:20:30.238382 <... read resumed> "\n", 1) = 1
12626 15:20:30.238409 <... write resumed> ) = 1
12624 15:20:30.238426 close(5)          = 0
12624 15:20:30.238459 write(4, "\1", 1) = 1
12624 15:20:30.238489 read(4,  <unfinished ...>
12626 15:20:30.238509 read(5, "\1", 1)  = 1
12626 15:20:30.238539 close(4)          = 0
12626 15:20:30.238569 rt_sigaction(SIGALRM, {0x805cad0, ~[RTMIN RT_1], 0}, NULL, 8) = 0
12626 15:20:30.238605 alarm(300)        = 0
12626 15:20:30.238646 recv(0, "TYPE I\r\n", 4096, MSG_PEEK) = 8
12626 15:20:30.773741 read(0, "TYPE I\r\n", 8) = 8
12626 15:20:30.773846 write(0, "200 Switching to Binary mode.\r\n", 31) = 31
12626 15:20:30.774138 rt_sigaction(SIGALRM, {0x805cad0, ~[RTMIN RT_1], 0}, NULL, 8) = 0
12626 15:20:30.774338 alarm(300)        = 299
12626 15:20:30.774401 recv(0, "PASV\r\n", 4096, MSG_PEEK) = 6
12626 15:20:30.774457 read(0, "PASV\r\n", 6) = 6
12626 15:20:30.774514 write(5, "\n", 1 <unfinished ...>
12624 15:20:30.774632 <... read resumed> "\n", 1) = 1
12626 15:20:30.774668 <... write resumed> ) = 1
12624 15:20:30.774701 write(4, "\1", 1) = 1
12624 15:20:30.774750 read(4,  <unfinished ...>
12626 15:20:30.774782 read(5, "\1", 1)  = 1
12626 15:20:30.774904 write(5, "\f", 1 <unfinished ...>
12624 15:20:30.774954 <... read resumed> "\f", 1) = 1
12626 15:20:30.774999 <... write resumed> ) = 1
12624 15:20:30.775033 socket(PF_INET, SOCK_STREAM, IPPROTO_TCP) = 5
12624 15:20:30.775096 setsockopt(5, SOL_SOCKET, SO_REUSEADDR, [1], 4) = 0
12624 15:20:30.775263 bind(5, {sa_family=AF_INET, sin_port=htons(17351), sin_addr=inet_addr("127.0.0.1")}, 16) = 0
12624 15:20:30.775344 listen(5, 1)      = 0
12624 15:20:30.775402 write(4, "\307C\0\0", 4) = 4
12624 15:20:30.775454 read(4,  <unfinished ...>
12626 15:20:30.775555 read(5, "\307C\0\0", 4) = 4
12626 15:20:30.775649 write(0, "227 Entering Passive Mode (127,0,0,1,67,199).\r\n", 47) = 47
12626 15:20:30.776234 rt_sigaction(SIGALRM, {0x805cad0, ~[RTMIN RT_1], 0}, NULL, 8) = 0
12626 15:20:30.776312 alarm(300)        = 300
12626 15:20:30.776444 recv(0, "STOR myfile24\r\n", 4096, MSG_PEEK) = 15
12626 15:20:30.776519 read(0, "STOR myfile24\r\n", 15) = 15
12626 15:20:30.776581 write(5, "\v", 1 <unfinished ...>
12624 15:20:30.776618 <... read resumed> "\v", 1) = 1
12626 15:20:30.776641 <... write resumed> ) = 1
12624 15:20:30.776748 write(4, "\1\0\0\0", 4) = 4
12624 15:20:30.776806 read(4,  <unfinished ...>
12626 15:20:30.776838 read(5, "\1\0\0\0", 4) = 4
12626 15:20:30.776891 gettimeofday({1495653630, 776908}, NULL) = 0
12626 15:20:30.776940 getcwd("/home/msfadmin", 4096) = 15
12626 15:20:30.777076 open("myfile24", O_WRONLY|O_CREAT|O_NONBLOCK|O_LARGEFILE, 0666) = 4
12626 15:20:30.777151 fstat64(4, {st_mode=S_IFREG|0644, st_size=17, ...}) = 0
12626 15:20:30.777228 fcntl64(4, F_GETFL) = 0x8801 (flags O_WRONLY|O_NONBLOCK|O_LARGEFILE)
12626 15:20:30.777278 fcntl64(4, F_SETFL, O_WRONLY|O_LARGEFILE) = 0
12626 15:20:30.777324 fcntl64(4, F_SETLKW64, {type=F_WRLCK, whence=SEEK_SET, start=0, len=0}, 0xbfc7a664) = 0
12626 15:20:30.777470 ftruncate64(4, 0) = 0
12626 15:20:30.777544 _llseek(4, 0, [0], SEEK_SET) = 0
12626 15:20:30.777593 write(5, "\v", 1 <unfinished ...>
12624 15:20:30.777629 <... read resumed> "\v", 1) = 1
12626 15:20:30.777651 <... write resumed> ) = 1
12624 15:20:30.777680 write(4, "\1\0\0\0", 4) = 4
12624 15:20:30.777797 read(4,  <unfinished ...>
12626 15:20:30.777842 read(5, "\1\0\0\0", 4) = 4
12626 15:20:30.777897 write(5, "\v", 1 <unfinished ...>
12624 15:20:30.777929 <... read resumed> "\v", 1) = 1
12626 15:20:30.777981 <... write resumed> ) = 1
12624 15:20:30.778020 write(4, "\1\0\0\0", 4) = 4
12624 15:20:30.778069 read(4,  <unfinished ...>
12626 15:20:30.778158 read(5, "\1\0\0\0", 4) = 4
12626 15:20:30.778228 write(5, "\r", 1 <unfinished ...>
12624 15:20:30.778261 <... read resumed> "\r", 1) = 1
12626 15:20:30.778283 <... write resumed> ) = 1
12624 15:20:30.778314 select(6, [5], NULL, NULL, {60, 0}) = 1 (in [5], left {60, 0})
