14969 15:43:49.651909 open("/etc/pam.d/other", O_RDONLY|O_LARGEFILE) = 5
14969 15:43:49.651940 fstat64(5, {st_mode=S_IFREG|0644, st_size=520, ...}) = 0
14969 15:43:49.652001 mmap2(NULL, 4096, PROT_READ|PROT_WRITE, MAP_PRIVATE|MAP_ANONYMOUS, -1, 0) = 0xb7fbc000
14969 15:43:49.652031 read(5, "#\n# /etc/pam.d/other - specify the PAM fallback behaviour\n#\n# Note that this file is used for any unspecified service; for example\n#if /etc/pam.d/cron  specifies no session modules but cron calls\n#pam_open_session, the session module out of /etc/pam.d/other is\n#used.  If you really want nothing to happen then use pam_permit.so or\n#pam_deny.so as appropriate.\n\n# We fall back to the system default in /etc/pam.d/common-*\n# \n\n@include common-auth\n@include common-account\n@include common-password\n@include common-session\n", 4096) = 520
14969 15:43:49.652133 stat64("/etc/pam.d", {st_mode=S_IFDIR|0755, st_size=4096, ...}) = 0
14969 15:43:49.652176 open("/etc/pam.d/common-auth", O_RDONLY|O_LARGEFILE) = 6
14969 15:43:49.652205 fstat64(6, {st_mode=S_IFREG|0644, st_size=476, ...}) = 0
14969 15:43:49.652240 mmap2(NULL, 4096, PROT_READ|PROT_WRITE, MAP_PRIVATE|MAP_ANONYMOUS, -1, 0) = 0xb7fb6000
14969 15:43:49.652264 read(6, "#\n# /etc/pam.d/common-auth - authentication settings common to all services\n#\n# This file is included from other service-specific PAM config files,\n# and should contain a list of the authentication modules that define\n# the central authentication scheme for use on the system\n# (e.g., /etc/shadow, LDAP, Kerberos, etc.).  The default is to use the\n# traditional Unix authentication mechanisms.\n#\nauth\trequisite\tpam_unix.so nullok_secure\n# auth\toptional\tpam_smbpass.so migrate\n", 4096) = 476
14969 15:43:49.652367 read(6, "", 4096) = 0
14969 15:43:49.652389 close(6)          = 0
14969 15:43:49.652410 munmap(0xb7fb6000, 4096) = 0
14969 15:43:49.652435 stat64("/etc/pam.d", {st_mode=S_IFDIR|0755, st_size=4096, ...}) = 0
14969 15:43:49.652475 open("/etc/pam.d/common-account", O_RDONLY|O_LARGEFILE) = 6
14969 15:43:49.652504 fstat64(6, {st_mode=S_IFREG|0644, st_size=392, ...}) = 0
14969 15:43:49.652547 mmap2(NULL, 4096, PROT_READ|PROT_WRITE, MAP_PRIVATE|MAP_ANONYMOUS, -1, 0) = 0xb7fb6000
14969 15:43:49.652570 read(6, "#\n# /etc/pam.d/common-account - authorization settings common to all services\n#\n# This file is included from other service-specific PAM config files,\n# and should contain a list of the authorization modules that define\n# the central access policy for use on the system.  The default is to\n# only deny service to users whose accounts are expired in /etc/shadow.\n#\naccount\trequired\tpam_unix.so\n", 4096) = 392
14969 15:43:49.652657 read(6, "", 4096) = 0
14969 15:43:49.652679 close(6)          = 0
14969 15:43:49.652700 munmap(0xb7fb6000, 4096) = 0
14969 15:43:49.652724 stat64("/etc/pam.d", {st_mode=S_IFDIR|0755, st_size=4096, ...}) = 0
14969 15:43:49.652764 open("/etc/pam.d/common-password", O_RDONLY|O_LARGEFILE) = 6
14969 15:43:49.652793 fstat64(6, {st_mode=S_IFREG|0644, st_size=1563, ...}) = 0
14969 15:43:49.652829 mmap2(NULL, 4096, PROT_READ|PROT_WRITE, MAP_PRIVATE|MAP_ANONYMOUS, -1, 0) = 0xb7fb6000
14969 15:43:49.652852 read(6, "#\n# /etc/pam.d/common-password - password-related modules common to all services\n#\n# This file is included from other service-specific PAM config files,\n# and should contain a list of modules that define the services to be\n# used to change user passwords.  The default is pam_unix.\n\n# Explanation of pam_unix options:\n#\n# The \"nullok\" option allows users to change an empty password, else\n# empty passwords are treated as locked accounts.\n#\n# The \"md5\" option enables MD5 passwords.  Without this option, the\n# default is Unix crypt.\n#\n# The \"obscure\" option replaces the old `OBSCURE_CHECKS_ENAB\' option in\n# login.defs.\n#\n# You can also use the \"min\" option to enforce the length of the new\n# password.\n#\n# See the pam_unix manpage for other options.\n\npassword   requisite   pam_unix.so nullok obscure md5\n\n# Alternate strength checking for password. Note that this\n# requires the libpam-cracklib package to be installed.\n# You will need to comment out the password line above and\n# uncomment the next two in order to use this.\n# (Replaces the `OBSCURE_CHECKS_ENAB\', `CRACKLIB_DICTPATH\')\n#\n# password required\t  pam_cracklib.so retry=3 minlen=6 difok=3\n# password required\t  pam_unix.so use_authtok nullok md5\n\n# minimally-intrusive inclusion of smbpass in the stack for\n# synchronization.  If the module is absent or the passwords don\'t\n# match, this module will be ignored without prompting; and if the \n# passwords do match, the NTLM hash for the user will be updated\n# automatically.\n# password   optional   pam_smbpass.so nullok use_authtok use_first_pass\n", 4096) = 1563
14969 15:43:49.653125 read(6, "", 4096) = 0
14969 15:43:49.653149 close(6)          = 0
14969 15:43:49.653170 munmap(0xb7fb6000, 4096) = 0
14969 15:43:49.653195 stat64("/etc/pam.d", {st_mode=S_IFDIR|0755, st_size=4096, ...}) = 0
14969 15:43:49.653237 open("/etc/pam.d/common-session", O_RDONLY|O_LARGEFILE) = 6
14969 15:43:49.653266 fstat64(6, {st_mode=S_IFREG|0644, st_size=372, ...}) = 0
14969 15:43:49.653302 mmap2(NULL, 4096, PROT_READ|PROT_WRITE, MAP_PRIVATE|MAP_ANONYMOUS, -1, 0) = 0xb7fb6000
14969 15:43:49.653325 read(6, "#\n# /etc/pam.d/common-session - session-related modules common to all services\n#\n# This file is included from other service-specific PAM config files,\n# and should contain a list of modules that define tasks to be performed\n# at the start and end of sessions of *any* kind (both interactive and\n# non-interactive).  The default is pam_unix.\n#\nsession\trequired\tpam_unix.so\n", 4096) = 372
14969 15:43:49.653409 read(6, "", 4096) = 0
14969 15:43:49.653431 close(6)          = 0
14969 15:43:49.653452 munmap(0xb7fb6000, 4096) = 0
14969 15:43:49.653475 read(5, "", 4096) = 0
14969 15:43:49.653496 close(5)          = 0
14969 15:43:49.653516 munmap(0xb7fbc000, 4096) = 0
14969 15:43:49.653544 time(NULL)        = 1495655029
14969 15:43:49.653570 lstat64("/etc/ftpusers", {st_mode=S_IFREG|0644, st_size=132, ...}) = 0
14969 15:43:49.653618 open("/etc/ftpusers", O_RDONLY|O_LARGEFILE) = 5
14969 15:43:49.653645 fstat64(5, {st_mode=S_IFREG|0644, st_size=132, ...}) = 0
14969 15:43:49.653680 mmap2(NULL, 4096, PROT_READ|PROT_WRITE, MAP_PRIVATE|MAP_ANONYMOUS, -1, 0) = 0xb7fbc000
14969 15:43:49.653703 read(5, "# /etc/ftpusers: list of users disallowed FTP access. See ftpusers(5).\n\nroot\ndaemon\nbin\nsys\nsync\ngames\nman\nlp\nmail\nnews\nuucp\nnobody\n", 4096) = 132
14969 15:43:49.653750 read(5, "", 4096) = 0
14969 15:43:49.653771 close(5)          = 0
14969 15:43:49.653791 munmap(0xb7fbc000, 4096) = 0
14969 15:43:49.653825 getuid32()        = 0
14969 15:43:49.653862 open("/etc/passwd", O_RDONLY|0x80000 /* O_??? */) = 5
14969 15:43:49.653894 _llseek(5, 0, [0], SEEK_CUR) = 0
14969 15:43:49.653934 fstat64(5, {st_mode=S_IFREG|0644, st_size=1624, ...}) = 0
14969 15:43:49.653975 mmap2(NULL, 1624, PROT_READ, MAP_SHARED, 5, 0) = 0xb7fbc000
14969 15:43:49.654000 _llseek(5, 1624, [1624], SEEK_SET) = 0
14969 15:43:49.654043 munmap(0xb7fbc000, 1624) = 0
14969 15:43:49.654068 close(5)          = 0
14969 15:43:49.654123 open("/etc/shadow", O_RDONLY|0x80000 /* O_??? */) = 5
14969 15:43:49.654162 _llseek(5, 0, [0], SEEK_CUR) = 0
14969 15:43:49.654186 fstat64(5, {st_mode=S_IFREG|0640, st_size=1233, ...}) = 0
14969 15:43:49.654222 mmap2(NULL, 1233, PROT_READ, MAP_SHARED, 5, 0) = 0xb7fbc000
14969 15:43:49.654246 _llseek(5, 1233, [1233], SEEK_SET) = 0
14969 15:43:49.654289 munmap(0xb7fbc000, 1233) = 0
14969 15:43:49.654311 close(5)          = 0
14969 15:43:49.654352 open("/etc/passwd", O_RDONLY|0x80000 /* O_??? */) = 5
14969 15:43:49.654382 _llseek(5, 0, [0], SEEK_CUR) = 0
14969 15:43:49.654404 fstat64(5, {st_mode=S_IFREG|0644, st_size=1624, ...}) = 0
14969 15:43:49.654440 mmap2(NULL, 1624, PROT_READ, MAP_SHARED, 5, 0) = 0xb7fbc000
14969 15:43:49.654464 _llseek(5, 1624, [1624], SEEK_SET) = 0
14969 15:43:49.654499 munmap(0xb7fbc000, 1624) = 0
14969 15:43:49.654521 close(5)          = 0
14969 15:43:49.654548 open("/etc/shadow", O_RDONLY|0x80000 /* O_??? */) = 5
14969 15:43:49.654578 _llseek(5, 0, [0], SEEK_CUR) = 0
14969 15:43:49.654607 fstat64(5, {st_mode=S_IFREG|0640, st_size=1233, ...}) = 0
14969 15:43:49.654643 mmap2(NULL, 1233, PROT_READ, MAP_SHARED, 5, 0) = 0xb7fbc000
14969 15:43:49.654666 _llseek(5, 1233, [1233], SEEK_SET) = 0
14969 15:43:49.654703 munmap(0xb7fbc000, 1233) = 0
14969 15:43:49.654725 close(5)          = 0
14969 15:43:49.655375 getuid32()        = 0
14969 15:43:49.655405 open("/etc/passwd", O_RDONLY|0x80000 /* O_??? */) = 5
14969 15:43:49.655436 _llseek(5, 0, [0], SEEK_CUR) = 0
14969 15:43:49.655459 fstat64(5, {st_mode=S_IFREG|0644, st_size=1624, ...}) = 0
14969 15:43:49.655495 mmap2(NULL, 1624, PROT_READ, MAP_SHARED, 5, 0) = 0xb7fbc000
14969 15:43:49.655519 _llseek(5, 1624, [1624], SEEK_SET) = 0
14969 15:43:49.655555 munmap(0xb7fbc000, 1624) = 0
14969 15:43:49.655577 close(5)          = 0
14969 15:43:49.655606 open("/etc/shadow", O_RDONLY|0x80000 /* O_??? */) = 5
14969 15:43:49.655635 _llseek(5, 0, [0], SEEK_CUR) = 0
14969 15:43:49.655658 fstat64(5, {st_mode=S_IFREG|0640, st_size=1233, ...}) = 0
14969 15:43:49.655694 mmap2(NULL, 1233, PROT_READ, MAP_SHARED, 5, 0) = 0xb7fbc000
14969 15:43:49.655717 _llseek(5, 1233, [1233], SEEK_SET) = 0
14969 15:43:49.655754 munmap(0xb7fbc000, 1233) = 0
14969 15:43:49.655775 close(5)          = 0
14969 15:43:49.655801 time(NULL)        = 1495655029
14969 15:43:49.655834 munmap(0xb7fb9000, 12164) = 0
14969 15:43:49.655863 munmap(0xb7fb7000, 7136) = 0
14969 15:43:49.655893 munmap(0xb7dec000, 95428) = 0
14969 15:43:49.655919 munmap(0xb7db2000, 201052) = 0
14969 15:43:49.655944 munmap(0xb7d99000, 101180) = 0
14969 15:43:49.655997 gettimeofday({1495655029, 656011}, NULL) = 0
14969 15:43:49.656028 stat64("/usr/share/zoneinfo/UTC+04:00", 0xbffff164) = -1 ENOENT (No such file or directory)
14969 15:43:49.656062 open("/usr/share/zoneinfo/UTC+04:00", O_RDONLY) = -1 ENOENT (No such file or directory)
14969 15:43:49.656119 fcntl64(3, F_SETLKW64, {type=F_WRLCK, whence=SEEK_SET, start=0, len=0}, 0xbffff2b4) = 0
14969 15:43:49.656156 write(3, "Wed May 24 15:43:49 2017 [pid 14969] [msfadmin] OK LOGIN: Client \"127.0.0.1\"\n", 77) = 77
14969 15:43:49.656202 fcntl64(3, F_SETLK64, {type=F_UNLCK, whence=SEEK_SET, start=0, len=0}, 0xbffff2bc) = 0
14969 15:43:49.656232 rt_sigaction(SIGCHLD, {0x805cad0, ~[RTMIN RT_1], 0}, NULL, 8) = 0
14969 15:43:49.656264 write(4, "\1", 1 <unfinished ...>
14970 15:43:49.656285 <... read resumed> "\1", 1) = 1
14969 15:43:49.656297 <... write resumed> ) = 1
14970 15:43:49.656314 exit_group(0)     = ?
14969 15:43:49.656383 --- SIGCHLD (Child exited) @ 0 (0) ---
14969 15:43:49.656399 sigreturn()       = ? (mask now [])
14969 15:43:49.656441 wait4(-1, [{WIFEXITED(s) && WEXITSTATUS(s) == 0}], 0, NULL) = 14970
14969 15:43:49.656470 close(4)          = 0
14969 15:43:49.656496 socketpair(PF_FILE, SOCK_STREAM, 0, [4, 5]) = 0
14969 15:43:49.656527 rt_sigaction(SIGCHLD, {0x805cad0, ~[RTMIN RT_1], 0}, NULL, 8) = 0
14969 15:43:49.656558 rt_sigaction(SIGALRM, {0x805cb10, ~[RTMIN RT_1], 0}, NULL, 8) = 0
14969 15:43:49.656588 clone(child_stack=0, flags=CLONE_CHILD_CLEARTID|CLONE_CHILD_SETTID|SIGCHLD, child_tidptr=0xb7e226f8) = 14971
14971 15:43:49.656698 prctl(0x1, 0x9, 0, 0, 0) = 0
14971 15:43:49.656729 close(4)          = 0
14971 15:43:49.656789 open("/etc/passwd", O_RDONLY|0x80000 /* O_??? */) = 4
14971 15:43:49.656827 _llseek(4, 0, [0], SEEK_CUR) = 0
14971 15:43:49.656862 fstat64(4, {st_mode=S_IFREG|0644, st_size=1624, ...}) = 0
14971 15:43:49.656903 mmap2(NULL, 1624, PROT_READ, MAP_SHARED, 4, 0) = 0xb7fbc000
14971 15:43:49.656929 _llseek(4, 1624, [1624], SEEK_SET) = 0
14971 15:43:49.657004 munmap(0xb7fbc000, 1624) = 0
14971 15:43:49.657030 close(4)          = 0
14971 15:43:49.657061 getuid32()        = 0
14971 15:43:49.657084 open("/etc/passwd", O_RDONLY|0x80000 /* O_??? */) = 4
14971 15:43:49.657114 _llseek(4, 0, [0], SEEK_CUR) = 0
14971 15:43:49.657138 fstat64(4, {st_mode=S_IFREG|0644, st_size=1624, ...}) = 0
14971 15:43:49.657174 mmap2(NULL, 1624, PROT_READ, MAP_SHARED, 4, 0) = 0xb7fbc000
14971 15:43:49.657199 _llseek(4, 1624, [1624], SEEK_SET) = 0
14971 15:43:49.657234 munmap(0xb7fbc000, 1624) = 0
14971 15:43:49.657256 close(4)          = 0
14971 15:43:49.657313 open("/proc/sys/kernel/ngroups_max", O_RDONLY) = 4
14971 15:43:49.657357 read(4, "65536\n", 31) = 6
14971 15:43:49.657385 close(4)          = 0
14971 15:43:49.657421 socket(PF_FILE, SOCK_STREAM, 0) = 4
14971 15:43:49.657450 fcntl64(4, F_SETFL, O_RDWR|O_NONBLOCK) = 0
14971 15:43:49.657475 connect(4, {sa_family=AF_FILE, path="/var/run/nscd/socket"}, 110) = -1 ENOENT (No such file or directory)
14971 15:43:49.657523 close(4)          = 0
14971 15:43:49.657549 socket(PF_FILE, SOCK_STREAM, 0) = 4
14971 15:43:49.657572 fcntl64(4, F_SETFL, O_RDWR|O_NONBLOCK) = 0
14971 15:43:49.657595 connect(4, {sa_family=AF_FILE, path="/var/run/nscd/socket"}, 110) = -1 ENOENT (No such file or directory)
14971 15:43:49.657635 close(4)          = 0
14971 15:43:49.657686 open("/etc/group", O_RDONLY|0x80000 /* O_??? */) = 4
14971 15:43:49.657719 _llseek(4, 0, [0], SEEK_CUR) = 0
14971 15:43:49.657742 fstat64(4, {st_mode=S_IFREG|0644, st_size=886, ...}) = 0
14971 15:43:49.657780 mmap2(NULL, 886, PROT_READ, MAP_SHARED, 4, 0) = 0xb7fbc000
14971 15:43:49.657804 _llseek(4, 886, [886], SEEK_SET) = 0
14971 15:43:49.657858 fstat64(4, {st_mode=S_IFREG|0644, st_size=886, ...}) = 0
14971 15:43:49.657914 munmap(0xb7fbc000, 886) = 0
14971 15:43:49.657945 close(4)          = 0
14971 15:43:49.657968 setgroups32(13, [1000, 4, 20, 24, 25, 29, 30, 44, 46, 107, 111, 112, 119]) = 0
14971 15:43:49.658006 geteuid32()       = 0
14971 15:43:49.658031 getegid32()       = 0
14971 15:43:49.658056 setregid32(-1, 1000) = 0
14971 15:43:49.658079 setreuid32(-1, 1000) = 0
14971 15:43:49.658103 chdir("/home/msfadmin") = 0
14971 15:43:49.658130 setreuid32(-1, 0) = 0
14971 15:43:49.658150 setregid32(-1, 0) = 0
14971 15:43:49.658174 setgid32(1000)    = 0
14971 15:43:49.658196 setuid32(1000)    = 0
14971 15:43:49.658219 setrlimit(RLIMIT_NPROC, {rlim_cur=0, rlim_max=0}) = 0
14971 15:43:49.658249 mmap2(NULL, 12288, PROT_READ|PROT_WRITE, MAP_PRIVATE|MAP_ANONYMOUS, -1, 0) = 0xb7fba000
14971 15:43:49.658284 mprotect(0xb7fbc000, 4096, PROT_NONE) = 0
14971 15:43:49.658310 mprotect(0xb7fba000, 4096, PROT_NONE) = 0
14971 15:43:49.658335 getcwd("/home/msfadmin", 4096) = 15
14971 15:43:49.658365 umask(022)        = 077
14971 15:43:49.658387 getcwd("/home/msfadmin", 4096) = 15
14971 15:43:49.658845 open(".message", O_RDONLY|O_NONBLOCK|O_LARGEFILE) = -1 ENOENT (No such file or directory)
14971 15:43:49.658900 write(0, "230 Login successful.\r\n", 23) = 23
14971 15:43:49.659075 rt_sigaction(SIGALRM, {0x805cad0, ~[RTMIN RT_1], 0}, NULL, 8) = 0
14971 15:43:49.659112 alarm(300)        = 0
14971 15:43:49.659137 mmap2(NULL, 12288, PROT_READ|PROT_WRITE, MAP_PRIVATE|MAP_ANONYMOUS, -1, 0) = 0xb7fb7000
14971 15:43:49.659163 mprotect(0xb7fb9000, 4096, PROT_NONE) = 0
14971 15:43:49.659188 mprotect(0xb7fb7000, 4096, PROT_NONE) = 0
14971 15:43:49.659217 recv(0, "TYPE I\r\n", 4096, MSG_PEEK) = 8
14971 15:43:49.659273 read(0, "TYPE I\r\n", 8) = 8
14971 15:43:49.659313 write(0, "200 Switching to Binary mode.\r\n", 31) = 31
14971 15:43:49.659402 rt_sigaction(SIGALRM, {0x805cad0, ~[RTMIN RT_1], 0}, NULL, 8) = 0
14971 15:43:49.659435 alarm(300)        = 300
14971 15:43:49.659460 recv(0, "PASV\r\n", 4096, MSG_PEEK) = 6
14971 15:43:49.659486 read(0, "PASV\r\n", 6) = 6
14971 15:43:49.659513 write(5, "\n", 1) = 1
14971 15:43:49.659537 read(5,  <unfinished ...>
14969 15:43:49.659564 close(5)          = 0
14969 15:43:49.659593 getuid32()        = 0
14969 15:43:49.659626 open("/etc/passwd", O_RDONLY|0x80000 /* O_??? */) = 5
14969 15:43:49.659659 _llseek(5, 0, [0], SEEK_CUR) = 0
14969 15:43:49.659689 fstat64(5, {st_mode=S_IFREG|0644, st_size=1624, ...}) = 0
14969 15:43:49.659729 mmap2(NULL, 1624, PROT_READ, MAP_SHARED, 5, 0) = 0xb7fbc000
14969 15:43:49.659754 _llseek(5, 1624, [1624], SEEK_SET) = 0
14969 15:43:49.659793 munmap(0xb7fbc000, 1624) = 0
14969 15:43:49.659819 close(5)          = 0
14969 15:43:49.659854 setgroups32(0, []) = 0
14969 15:43:49.659879 chdir("/usr/share/empty") = 0
14969 15:43:49.659907 chroot(".")       = 0
14969 15:43:49.659931 capset(NULL, NULL) = -1 EFAULT (Bad address)
14969 15:43:49.659960 prctl(0x8, 0, 0xbffff298, 0x80549a6, 0xbffff280) = 0
14969 15:43:49.659985 prctl(0x8, 0x1, 0xbffff298, 0x8054a49, 0xbffff280) = 0
14969 15:43:49.660008 setgid32(65534)   = 0
14969 15:43:49.660030 setuid32(65534)   = 0
14969 15:43:49.660052 capset(0x19980330, 0, {CAP_NET_BIND_SERVICE, CAP_NET_BIND_SERVICE, 0}) = 0
14969 15:43:49.660082 read(4, "\n", 1)  = 1
14969 15:43:49.660112 write(4, "\1", 1) = 1
14971 15:43:49.660136 <... read resumed> "\1", 1) = 1
14971 15:43:49.660153 write(5, "\f", 1) = 1
14971 15:43:49.660176 read(5,  <unfinished ...>
14969 15:43:49.660192 read(4, "\f", 1)  = 1
14969 15:43:49.660248 socket(PF_INET, SOCK_STREAM, IPPROTO_TCP) = 5
14969 15:43:49.660279 setsockopt(5, SOL_SOCKET, SO_REUSEADDR, [1], 4) = 0
14969 15:43:49.660305 gettimeofday({1495655029, 660313}, NULL) = 0
14969 15:43:49.660341 bind(5, {sa_family=AF_INET, sin_port=htons(53447), sin_addr=inet_addr("127.0.0.1")}, 16) = 0
14969 15:43:49.660375 listen(5, 1)      = 0
14969 15:43:49.660404 write(4, "\307\320\0\0", 4) = 4
14971 15:43:49.660430 <... read resumed> "\307\320\0\0", 4) = 4
14971 15:43:49.660461 write(0, "227 Entering Passive Mode (127,0,0,1,208,199).\r\n", 48) = 48
14971 15:43:49.660674 rt_sigaction(SIGALRM, {0x805cad0, ~[RTMIN RT_1], 0}, NULL, 8) = 0
14971 15:43:49.660711 alarm(300)        = 300
14971 15:43:49.660736 recv(0, "STOR myfile19\r\n", 4096, MSG_PEEK) = 15
14971 15:43:49.660764 read(0, "STOR myfile19\r\n", 15) = 15
14971 15:43:49.660797 write(5, "\v", 1) = 1
14971 15:43:49.660822 read(5,  <unfinished ...>
14969 15:43:49.660838 read(4, "\v", 1)  = 1
14969 15:43:49.660863 write(4, "\1\0\0\0", 4) = 4
14971 15:43:49.660887 <... read resumed> "\1\0\0\0", 4) = 4
14971 15:43:49.660906 gettimeofday({1495655029, 660914}, NULL) = 0
14971 15:43:49.660930 getcwd("/home/msfadmin", 4096) = 15
14971 15:43:49.660958 open("myfile19", O_WRONLY|O_CREAT|O_NONBLOCK|O_LARGEFILE, 0666) = 4
14971 15:43:49.660997 fstat64(4, {st_mode=S_IFREG|0644, st_size=17, ...}) = 0
14971 15:43:49.661035 fcntl64(4, F_GETFL) = 0x8801 (flags O_WRONLY|O_NONBLOCK|O_LARGEFILE)
14971 15:43:49.661060 fcntl64(4, F_SETFL, O_WRONLY|O_LARGEFILE) = 0
14971 15:43:49.661082 fcntl64(4, F_SETLKW64, {type=F_WRLCK, whence=SEEK_SET, start=0, len=0}, 0xbffff1e4) = 0
14971 15:43:49.661116 ftruncate64(4, 0) = 0
14971 15:43:49.661154 _llseek(4, 0, [0], SEEK_SET) = 0
14971 15:43:49.661207 write(5, "\v", 1) = 1
14971 15:43:49.661234 read(5,  <unfinished ...>
14969 15:43:49.661251 read(4, "\v", 1)  = 1
14969 15:43:49.661276 write(4, "\1\0\0\0", 4) = 4
14971 15:43:49.661300 <... read resumed> "\1\0\0\0", 4) = 4
14971 15:43:49.661317 write(5, "\v", 1) = 1
14971 15:43:49.661339 read(5,  <unfinished ...>
14969 15:43:49.661354 read(4, "\v", 1)  = 1
14969 15:43:49.661378 write(4, "\1\0\0\0", 4) = 4
14971 15:43:49.661401 <... read resumed> "\1\0\0\0", 4) = 4
14971 15:43:49.661417 write(5, "\r", 1) = 1
14971 15:43:49.661440 read(5,  <unfinished ...>
14969 15:43:49.661455 read(4, "\r", 1)  = 1
14969 15:43:49.661483 select(6, [5], NULL, NULL, {60, 0}) = 1 (in [5], left {60, 0})
14969 15:43:49.661522 accept(5, {sa_family=AF_INET, sin_port=htons(56311), sin_addr=inet_addr("127.0.0.1")}, [16]) = 6
14969 15:43:49.661571 write(4, "\1", 1) = 1
14971 15:43:49.661594 <... read resumed> "\1", 1) = 1
14971 15:43:49.661615 recvmsg(5,  <unfinished ...>
14969 15:43:49.661636 sendmsg(4, {msg_name(0)=NULL, msg_iov(1)=[{"\0", 1}], msg_controllen=16, {cmsg_len=16, cmsg_level=SOL_SOCKET, cmsg_type=SCM_RIGHTS, {6}}, msg_flags=0}, 0) = 1
14971 15:43:49.661674 <... recvmsg resumed> {msg_name(0)=NULL, msg_iov(1)=[{"\0", 1}], msg_controllen=16, {cmsg_len=16, cmsg_level=SOL_SOCKET, cmsg_type=SCM_RIGHTS, {6}}, msg_flags=0}, 0) = 1
14971 15:43:49.661703 setsockopt(6, SOL_SOCKET, SO_KEEPALIVE, [1], 4) = 0
14971 15:43:49.661731 setsockopt(6, SOL_IP, IP_TOS, [8], 4) = 0
14971 15:43:49.661757 setsockopt(6, SOL_SOCKET, SO_LINGER, {onoff=1, linger=32767}, 8) = 0
14971 15:43:49.661782 rt_sigaction(SIGALRM, {0x805cad0, ~[RTMIN RT_1], 0}, NULL, 8) = 0
14971 15:43:49.661851 alarm(300)        = 300
14971 15:43:49.661886 write(0, "150 Ok to send data.\r\n", 22) = 22
14971 15:43:49.662024 mmap2(NULL, 77824, PROT_READ|PROT_WRITE, MAP_PRIVATE|MAP_ANONYMOUS, -1, 0) = 0xb7df1000
14971 15:43:49.662054 mprotect(0xb7e03000, 4096, PROT_NONE) = 0
14971 15:43:49.662082 mprotect(0xb7df1000, 4096, PROT_NONE) = 0
14971 15:43:49.662106 read(6, "assasaaa\na\na\na\na\n", 65536) = 17
14971 15:43:49.662185 write(4, "assasaaa\na\na\na\na\n", 17) = 17
14971 15:43:49.662224 read(6, "", 65536) = 0
14971 15:43:49.662248 rt_sigaction(SIGALRM, {0x805cad0, ~[RTMIN RT_1], 0}, NULL, 8) = 0
14971 15:43:49.662279 alarm(300)        = 300
14971 15:43:49.662302 close(6)          = 0
14971 15:43:49.662328 alarm(0)          = 300
14971 15:43:49.662354 gettimeofday({1495655029, 662362}, NULL) = 0
14971 15:43:49.662393 getpid()          = 14971
14971 15:43:49.662421 gettimeofday({1495655029, 662429}, NULL) = 0
14971 15:43:49.662458 fcntl64(3, F_SETLKW64, {type=F_WRLCK, whence=SEEK_SET, start=0, len=0}, 0xbffff184) = 0
14971 15:43:49.662491 write(3, "Wed May 24 15:43:49 2017 [pid 14971] [msfadmin] OK UPLOAD: Client \"127.0.0.1\", \"/home/msfadmin/myfile19\", 17 bytes, 10.96Kbyte/sec\n", 131) = 131
14971 15:43:49.662536 fcntl64(3, F_SETLK64, {type=F_UNLCK, whence=SEEK_SET, start=0, len=0}, 0xbffff18c) = 0
14971 15:43:49.662568 write(0, "226 Transfer complete.\r\n", 24) = 24
14971 15:43:49.662659 write(5, "\n", 1) = 1
14971 15:43:49.662685 read(5,  <unfinished ...>
14969 15:43:49.662701 close(6)          = 0
14969 15:43:49.662741 read(4, "\n", 1)  = 1
14969 15:43:49.662768 close(5)          = 0
14969 15:43:49.662792 write(4, "\1", 1) = 1
14971 15:43:49.662816 <... read resumed> "\1", 1) = 1
14971 15:43:49.662832 close(4)          = 0
14971 15:43:49.662856 rt_sigaction(SIGALRM, {0x805cad0, ~[RTMIN RT_1], 0}, NULL, 8) = 0
14971 15:43:49.662885 alarm(300)        = 0
14971 15:43:49.662910 recv(0,  <unfinished ...>
14969 15:43:49.662927 read(4,  <unfinished ...>
14971 15:43:50.182875 <... recv resumed> "TYPE I\r\n", 4096, MSG_PEEK) = 8
14971 15:43:50.183061 read(0, "TYPE I\r\n", 8) = 8
14971 15:43:50.183244 write(0, "200 Switching to Binary mode.\r\n", 31) = 31
14971 15:43:50.183683 rt_sigaction(SIGALRM, {0x805cad0, ~[RTMIN RT_1], 0}, NULL, 8) = 0
14971 15:43:50.183763 alarm(300)        = 299
14971 15:43:50.183818 recv(0, "PASV\r\n", 4096, MSG_PEEK) = 6
14971 15:43:50.183871 read(0, "PASV\r\n", 6) = 6
14971 15:43:50.183926 write(5, "\n", 1) = 1
14971 15:43:50.183978 read(5,  <unfinished ...>
14969 15:43:50.184013 <... read resumed> "\n", 1) = 1
14969 15:43:50.184050 write(4, "\1", 1) = 1
14971 15:43:50.184098 <... read resumed> "\1", 1) = 1
14971 15:43:50.184130 write(5, "\f", 1) = 1
14971 15:43:50.184175 read(5,  <unfinished ...>
14969 15:43:50.184205 read(4, "\f", 1)  = 1
14969 15:43:50.184259 socket(PF_INET, SOCK_STREAM, IPPROTO_TCP) = 5
14969 15:43:50.184320 setsockopt(5, SOL_SOCKET, SO_REUSEADDR, [1], 4) = 0
14969 15:43:50.184379 bind(5, {sa_family=AF_INET, sin_port=htons(30612), sin_addr=inet_addr("127.0.0.1")}, 16) = 0
14969 15:43:50.184495 listen(5, 1)      = 0
14969 15:43:50.184555 write(4, "\224w\0\0", 4) = 4
14971 15:43:50.184606 <... read resumed> "\224w\0\0", 4) = 4
14971 15:43:50.184661 write(0, "227 Entering Passive Mode (127,0,0,1,119,148).\r\n", 48) = 48
14971 15:43:50.185073 rt_sigaction(SIGALRM, {0x805cad0, ~[RTMIN RT_1], 0}, NULL, 8) = 0
14971 15:43:50.185148 alarm(300)        = 300
14971 15:43:50.185200 recv(0, "STOR myfile20\r\n", 4096, MSG_PEEK) = 15
14971 15:43:50.185256 read(0, "STOR myfile20\r\n", 15) = 15
14971 15:43:50.185316 write(5, "\v", 1) = 1
14971 15:43:50.185400 read(5,  <unfinished ...>
14969 15:43:50.185447 read(4, "\v", 1)  = 1
14969 15:43:50.185500 write(4, "\1\0\0\0", 4) = 4
14971 15:43:50.185549 <... read resumed> "\1\0\0\0", 4) = 4
14971 15:43:50.185585 gettimeofday({1495655030, 185602}, NULL) = 0
14971 15:43:50.185634 getcwd("/home/msfadmin", 4096) = 15
14971 15:43:50.185690 open("myfile20", O_WRONLY|O_CREAT|O_NONBLOCK|O_LARGEFILE, 0666) = 4
14971 15:43:50.185750 fstat64(4, {st_mode=S_IFREG|0644, st_size=17, ...}) = 0
14971 15:43:50.185827 fcntl64(4, F_GETFL) = 0x8801 (flags O_WRONLY|O_NONBLOCK|O_LARGEFILE)
14971 15:43:50.185876 fcntl64(4, F_SETFL, O_WRONLY|O_LARGEFILE) = 0
14971 15:43:50.185921 fcntl64(4, F_SETLKW64, {type=F_WRLCK, whence=SEEK_SET, start=0, len=0}, 0xbffff1e4) = 0
14971 15:43:50.185981 ftruncate64(4, 0) = 0
14971 15:43:50.186055 _llseek(4, 0, [0], SEEK_SET) = 0
14971 15:43:50.186104 write(5, "\v", 1) = 1
14971 15:43:50.186150 read(5,  <unfinished ...>
14969 15:43:50.186182 read(4, "\v", 1)  = 1
14969 15:43:50.186232 write(4, "\1\0\0\0", 4) = 4
14971 15:43:50.186279 <... read resumed> "\1\0\0\0", 4) = 4
14971 15:43:50.186313 write(5, "\v", 1) = 1
14971 15:43:50.186397 read(5,  <unfinished ...>
14969 15:43:50.186437 read(4, "\v", 1)  = 1
14969 15:43:50.186515 write(4, "\1\0\0\0", 4) = 4
14971 15:43:50.186580 <... read resumed> "\1\0\0\0", 4) = 4
14971 15:43:50.186615 write(5, "\r", 1) = 1
14971 15:43:50.186660 read(5,  <unfinished ...>
14969 15:43:50.186691 read(4, "\r", 1)  = 1
14969 15:43:50.186743 select(6, [5], NULL, NULL, {60, 0}) = 1 (in [5], left {60, 0})
14969 15:43:50.186814 accept(5, {sa_family=AF_INET, sin_port=htons(41026), sin_addr=inet_addr("127.0.0.1")}, [16]) = 6
14969 15:43:50.186911 write(4, "\1", 1) = 1
14971 15:43:50.186957 <... read resumed> "\1", 1) = 1
14971 15:43:50.186995 recvmsg(5,  <unfinished ...>
14969 15:43:50.187033 sendmsg(4, {msg_name(0)=NULL, msg_iov(1)=[{"\0", 1}], msg_controllen=16, {cmsg_len=16, cmsg_level=SOL_SOCKET, cmsg_type=SCM_RIGHTS, {6}}, msg_flags=0}, 0) = 1
14971 15:43:50.187107 <... recvmsg resumed> {msg_name(0)=NULL, msg_iov(1)=[{"\0", 1}], msg_controllen=16, {cmsg_len=16, cmsg_level=SOL_SOCKET, cmsg_type=SCM_RIGHTS, {6}}, msg_flags=0}, 0) = 1
14971 15:43:50.187165 setsockopt(6, SOL_SOCKET, SO_KEEPALIVE, [1], 4) = 0
14971 15:43:50.187220 setsockopt(6, SOL_IP, IP_TOS, [8], 4) = 0
14971 15:43:50.187272 setsockopt(6, SOL_SOCKET, SO_LINGER, {onoff=1, linger=32767}, 8) = 0
14971 15:43:50.187385 rt_sigaction(SIGALRM, {0x805cad0, ~[RTMIN RT_1], 0}, NULL, 8) = 0
14971 15:43:50.187451 alarm(300)        = 300
14971 15:43:50.187509 write(0, "150 Ok to send data.\r\n", 22) = 22
14971 15:43:50.187779 read(6, "assasaaa\na\na\na\na\n", 65536) = 17
14971 15:43:50.187843 write(4, "assasaaa\na\na\na\na\n", 17) = 17
14971 15:43:50.187911 read(6, "", 65536) = 0
14971 15:43:50.188056 rt_sigaction(SIGALRM, {0x805cad0, ~[RTMIN RT_1], 0}, NULL, 8) = 0
14971 15:43:50.188124 alarm(300)        = 300
14971 15:43:50.188170 close(6)          = 0
14971 15:43:50.188212 alarm(0)          = 300
14971 15:43:50.188297 gettimeofday({1495655030, 188318}, NULL) = 0
14971 15:43:50.188367 gettimeofday({1495655030, 188385}, NULL) = 0
14971 15:43:50.188425 fcntl64(3, F_SETLKW64, {type=F_WRLCK, whence=SEEK_SET, start=0, len=0}, 0xbffff184) = 0
14971 15:43:50.188490 write(3, "Wed May 24 15:43:50 2017 [pid 14971] [msfadmin] OK UPLOAD: Client \"127.0.0.1\", \"/home/msfadmin/myfile20\", 17 bytes, 5.97Kbyte/sec\n", 130) = 130
14971 15:43:50.188580 fcntl64(3, F_SETLK64, {type=F_UNLCK, whence=SEEK_SET, start=0, len=0}, 0xbffff18c) = 0
14971 15:43:50.188644 write(0, "226 Transfer complete.\r\n", 24) = 24
14971 15:43:50.188825 write(5, "\n", 1) = 1
14971 15:43:50.188879 read(5,  <unfinished ...>
14969 15:43:50.188912 close(6)          = 0
14969 15:43:50.188991 read(4, "\n", 1)  = 1
14969 15:43:50.189042 close(5)          = 0
14969 15:43:50.189090 write(4, "\1", 1) = 1
14971 15:43:50.189138 <... read resumed> "\1", 1) = 1
14971 15:43:50.189170 close(4)          = 0
14971 15:43:50.189267 rt_sigaction(SIGALRM, {0x805cad0, ~[RTMIN RT_1], 0}, NULL, 8) = 0
14971 15:43:50.189341 alarm(300)        = 0
14971 15:43:50.189392 recv(0,  <unfinished ...>
14969 15:43:50.189428 read(4,  <unfinished ...>
14971 15:43:50.722367 <... recv resumed> "TYPE I\r\n", 4096, MSG_PEEK) = 8
14971 15:43:50.722543 read(0, "TYPE I\r\n", 8) = 8
14971 15:43:50.722786 write(0, "200 Switching to Binary mode.\r\n", 31) = 31
14971 15:43:50.723183 rt_sigaction(SIGALRM, {0x805cad0, ~[RTMIN RT_1], 0}, NULL, 8) = 0
14971 15:43:50.723355 alarm(300)        = 299
14971 15:43:50.723487 recv(0, "PASV\r\n", 4096, MSG_PEEK) = 6
14971 15:43:50.723575 read(0, "PASV\r\n", 6) = 6
14971 15:43:50.723710 write(5, "\n", 1) = 1
14971 15:43:50.723795 read(5,  <unfinished ...>
14969 15:43:50.723846 <... read resumed> "\n", 1) = 1
14969 15:43:50.723960 write(4, "\1", 1) = 1
14971 15:43:50.724080 <... read resumed> "\1", 1) = 1
14971 15:43:50.724215 write(5, "\f", 1) = 1
14971 15:43:50.724293 read(5,  <unfinished ...>
14969 15:43:50.724340 read(4, "\f", 1)  = 1
14969 15:43:50.724402 socket(PF_INET, SOCK_STREAM, IPPROTO_TCP) = 5
14969 15:43:50.724466 setsockopt(5, SOL_SOCKET, SO_REUSEADDR, [1], 4) = 0
14969 15:43:50.724527 bind(5, {sa_family=AF_INET, sin_port=htons(30625), sin_addr=inet_addr("127.0.0.1")}, 16) = 0
14969 15:43:50.724658 listen(5, 1)      = 0
14969 15:43:50.724718 write(4, "\241w\0\0", 4) = 4
14971 15:43:50.724770 <... read resumed> "\241w\0\0", 4) = 4
14971 15:43:50.724863 write(0, "227 Entering Passive Mode (127,0,0,1,119,161).\r\n", 48) = 48
14971 15:43:50.725405 rt_sigaction(SIGALRM, {0x805cad0, ~[RTMIN RT_1], 0}, NULL, 8) = 0
14971 15:43:50.725539 alarm(300)        = 300
14971 15:43:50.725638 recv(0, "STOR myfile21\r\n", 4096, MSG_PEEK) = 15
14971 15:43:50.725699 read(0, "STOR myfile21\r\n", 15) = 15
14971 15:43:50.725760 write(5, "\v", 1) = 1
14971 15:43:50.725808 read(5,  <unfinished ...>
14969 15:43:50.725882 read(4, "\v", 1)  = 1
14969 15:43:50.725935 write(4, "\1\0\0\0", 4) = 4
14971 15:43:50.725984 <... read resumed> "\1\0\0\0", 4) = 4
14971 15:43:50.726020 gettimeofday({1495655030, 726037}, NULL) = 0
14971 15:43:50.726069 getcwd("/home/msfadmin", 4096) = 15
14971 15:43:50.726125 open("myfile21", O_WRONLY|O_CREAT|O_NONBLOCK|O_LARGEFILE, 0666) = 4
14971 15:43:50.726188 fstat64(4, {st_mode=S_IFREG|0644, st_size=17, ...}) = 0
14971 15:43:50.726265 fcntl64(4, F_GETFL) = 0x8801 (flags O_WRONLY|O_NONBLOCK|O_LARGEFILE)
14971 15:43:50.726314 fcntl64(4, F_SETFL, O_WRONLY|O_LARGEFILE) = 0
14971 15:43:50.726382 fcntl64(4, F_SETLKW64, {type=F_WRLCK, whence=SEEK_SET, start=0, len=0}, 0xbffff1e4) = 0
14971 15:43:50.726444 ftruncate64(4, 0) = 0
14971 15:43:50.726514 _llseek(4, 0,  <unfinished ...>
14969 15:43:50.726546 read(4,  <unfinished ...>
14971 15:43:50.726571 <... _llseek resumed> [0], SEEK_SET) = 0
14971 15:43:50.726605 write(5, "\v", 1) = 1
14969 15:43:50.726693 <... read resumed> "\v", 1) = 1
14969 15:43:50.726729 write(4, "\1\0\0\0", 4 <unfinished ...>
14971 15:43:50.726764 read(5,  <unfinished ...>
14969 15:43:50.726789 <... write resumed> ) = 4
14971 15:43:50.726844 <... read resumed> "\1\0\0\0", 4) = 4
14969 15:43:50.726890 read(4,  <unfinished ...>
14971 15:43:50.726919 write(5, "\v", 1) = 1
14969 15:43:50.726966 <... read resumed> "\v", 1) = 1
14971 15:43:50.726997 read(5,  <unfinished ...>
14969 15:43:50.727025 write(4, "\1\0\0\0", 4) = 4
14971 15:43:50.727072 <... read resumed> "\1\0\0\0", 4) = 4
14969 15:43:50.727105 read(4,  <unfinished ...>
14971 15:43:50.727163 write(5, "\r", 1) = 1
14969 15:43:50.727218 <... read resumed> "\r", 1) = 1
14971 15:43:50.727249 read(5,  <unfinished ...>
14969 15:43:50.727280 select(6, [5], NULL, NULL, {60, 0}) = 1 (in [5], left {60, 0})
14969 15:43:50.727355 accept(5, {sa_family=AF_INET, sin_port=htons(55200), sin_addr=inet_addr("127.0.0.1")}, [16]) = 6
14969 15:43:50.727452 write(4, "\1", 1) = 1
14971 15:43:50.727498 <... read resumed> "\1", 1) = 1
14971 15:43:50.727536 recvmsg(5,  <unfinished ...>
14969 15:43:50.727574 sendmsg(4, {msg_name(0)=NULL, msg_iov(1)=[{"\0", 1}], msg_controllen=16, {cmsg_len=16, cmsg_level=SOL_SOCKET, cmsg_type=SCM_RIGHTS, {6}}, msg_flags=0}, 0) = 1
14971 15:43:50.727691 <... recvmsg resumed> {msg_name(0)=NULL, msg_iov(1)=[{"\0", 1}], msg_controllen=16, {cmsg_len=16, cmsg_level=SOL_SOCKET, cmsg_type=SCM_RIGHTS, {6}}, msg_flags=0}, 0) = 1
14971 15:43:50.727754 setsockopt(6, SOL_SOCKET, SO_KEEPALIVE, [1], 4) = 0
14971 15:43:50.727982 setsockopt(6, SOL_IP, IP_TOS, [8], 4) = 0
14971 15:43:50.728045 setsockopt(6, SOL_SOCKET, SO_LINGER, {onoff=1, linger=32767}, 8) = 0
14971 15:43:50.728096 rt_sigaction(SIGALRM, {0x805cad0, ~[RTMIN RT_1], 0}, NULL, 8) = 0
14971 15:43:50.728158 alarm(300)        = 300
14971 15:43:50.728217 write(0, "150 Ok to send data.\r\n", 22 <unfinished ...>
14969 15:43:50.728256 close(6)          = 0
14971 15:43:50.728560 <... write resumed> ) = 22
14969 15:43:50.728610 read(4,  <unfinished ...>
14971 15:43:50.728646 read(6, "assasaaa\na\na\na\na\n", 65536) = 17
14971 15:43:50.728703 write(4, "assasaaa\na\na\na\na\n", 17) = 17
14971 15:43:50.728773 read(6, "", 65536) = 0
14971 15:43:50.728874 rt_sigaction(SIGALRM, {0x805cad0, ~[RTMIN RT_1], 0}, NULL, 8) = 0
14971 15:43:50.728939 alarm(300)        = 300
14971 15:43:50.728984 close(6)          = 0
14971 15:43:50.729065 alarm(0)          = 300
14971 15:43:50.729111 gettimeofday({1495655030, 729128}, NULL) = 0
14971 15:43:50.729176 gettimeofday({1495655030, 729194}, NULL) = 0
14971 15:43:50.729233 fcntl64(3, F_SETLKW64, {type=F_WRLCK, whence=SEEK_SET, start=0, len=0}, 0xbffff184) = 0
14971 15:43:50.729340 write(3, "Wed May 24 15:43:50 2017 [pid 14971] [msfadmin] OK UPLOAD: Client \"127.0.0.1\", \"/home/msfadmin/myfile21\", 17 bytes, 5.26Kbyte/sec\n", 130) = 130
14971 15:43:50.729432 fcntl64(3, F_SETLK64, {type=F_UNLCK, whence=SEEK_SET, start=0, len=0}, 0xbffff18c) = 0
14971 15:43:50.729497 write(0, "226 Transfer complete.\r\n", 24) = 24
14971 15:43:50.729718 write(5, "\n", 1) = 1
14969 15:43:50.729938 <... read resumed> "\n", 1) = 1
14969 15:43:50.730001 close(5)          = 0
14969 15:43:50.730068 write(4, "\1", 1) = 1
14969 15:43:50.730119 read(4,  <unfinished ...>
14971 15:43:50.730152 read(5, "\1", 1)  = 1
14971 15:43:50.730202 close(4)          = 0
14971 15:43:50.730251 rt_sigaction(SIGALRM, {0x805cad0, ~[RTMIN RT_1], 0}, NULL, 8) = 0
14971 15:43:50.730311 alarm(300)        = 0
14971 15:43:50.730396 recv(0, "TYPE I\r\n", 4096, MSG_PEEK) = 8
14971 15:43:51.252101 read(0, "TYPE I\r\n", 8) = 8
14971 15:43:51.252209 write(0, "200 Switching to Binary mode.\r\n", 31) = 31
14971 15:43:51.252423 rt_sigaction(SIGALRM, {0x805cad0, ~[RTMIN RT_1], 0}, NULL, 8) = 0
14971 15:43:51.252498 alarm(300)        = 299
14971 15:43:51.252623 recv(0, "PASV\r\n", 4096, MSG_PEEK) = 6
14971 15:43:51.252722 read(0, "PASV\r\n", 6) = 6
14971 15:43:51.252811 write(5, "\n", 1) = 1
14969 15:43:51.252876 <... read resumed> "\n", 1) = 1
14969 15:43:51.252911 write(4, "\1", 1) = 1
14969 15:43:51.252996 read(4,  <unfinished ...>
14971 15:43:51.253064 read(5, "\1", 1)  = 1
14971 15:43:51.253125 write(5, "\f", 1) = 1
14969 15:43:51.253207 <... read resumed> "\f", 1) = 1
14969 15:43:51.253275 socket(PF_INET, SOCK_STREAM, IPPROTO_TCP) = 5
14969 15:43:51.253375 setsockopt(5, SOL_SOCKET, SO_REUSEADDR, [1], 4) = 0
14969 15:43:51.253442 bind(5, {sa_family=AF_INET, sin_port=htons(14013), sin_addr=inet_addr("127.0.0.1")}, 16) = 0
14969 15:43:51.253616 listen(5, 1)      = 0
14969 15:43:51.253679 write(4, "\2756\0\0", 4) = 4
14969 15:43:51.253771 read(4,  <unfinished ...>
14971 15:43:51.253807 read(5, "\2756\0\0", 4) = 4
14971 15:43:51.253880 write(0, "227 Entering Passive Mode (127,0,0,1,54,189).\r\n", 47) = 47
14971 15:43:51.254537 rt_sigaction(SIGALRM, {0x805cad0, ~[RTMIN RT_1], 0}, NULL, 8) = 0
14971 15:43:51.254664 alarm(300)        = 300
14971 15:43:51.254770 recv(0, "STOR myfile22\r\n", 4096, MSG_PEEK) = 15
14971 15:43:51.254830 read(0, "STOR myfile22\r\n", 15) = 15
14971 15:43:51.254931 write(5, "\v", 1) = 1
14969 15:43:51.254980 <... read resumed> "\v", 1) = 1
14969 15:43:51.255013 write(4, "\1\0\0\0", 4) = 4
14969 15:43:51.255100 read(4,  <unfinished ...>
14971 15:43:51.255135 read(5, "\1\0\0\0", 4) = 4
14971 15:43:51.255223 gettimeofday({1495655031, 255276}, NULL) = 0
14971 15:43:51.255335 getcwd("/home/msfadmin", 4096) = 15
14971 15:43:51.255400 open("myfile22", O_WRONLY|O_CREAT|O_NONBLOCK|O_LARGEFILE, 0666) = 4
14971 15:43:51.255527 fstat64(4, {st_mode=S_IFREG|0644, st_size=17, ...}) = 0
14971 15:43:51.255662 fcntl64(4, F_GETFL) = 0x8801 (flags O_WRONLY|O_NONBLOCK|O_LARGEFILE)
14971 15:43:51.255718 fcntl64(4, F_SETFL, O_WRONLY|O_LARGEFILE) = 0
14971 15:43:51.255763 fcntl64(4, F_SETLKW64, {type=F_WRLCK, whence=SEEK_SET, start=0, len=0}, 0xbffff1e4) = 0
14971 15:43:51.255823 ftruncate64(4, 0) = 0
14971 15:43:51.255894 _llseek(4, 0, [0], SEEK_SET) = 0
14971 15:43:51.255943 write(5, "\v", 1) = 1
14969 15:43:51.256060 <... read resumed> "\v", 1) = 1
14969 15:43:51.256101 write(4, "\1\0\0\0", 4) = 4
14969 15:43:51.256152 read(4,  <unfinished ...>
14971 15:43:51.256185 read(5, "\1\0\0\0", 4) = 4
14971 15:43:51.256236 write(5, "\v", 1) = 1
14969 15:43:51.256279 <... read resumed> "\v", 1) = 1
14969 15:43:51.256309 write(4, "\1\0\0\0", 4) = 4
14969 15:43:51.256357 read(4,  <unfinished ...>
14971 15:43:51.256387 read(5, "\1\0\0\0", 4) = 4
14971 15:43:51.256475 write(5, "\r", 1) = 1
14969 15:43:51.256521 <... read resumed> "\r", 1) = 1
14969 15:43:51.256555 select(6, [5], NULL, NULL, {60, 0}) = 1 (in [5], left {60, 0})
14969 15:43:51.256625 accept(5, {sa_family=AF_INET, sin_port=htons(54513), sin_addr=inet_addr("127.0.0.1")}, [16]) = 6
14969 15:43:51.256723 write(4, "\1", 1) = 1
14969 15:43:51.256777 sendmsg(4, {msg_name(0)=NULL, msg_iov(1)=[{"\0", 1}], msg_controllen=16, {cmsg_len=16, cmsg_level=SOL_SOCKET, cmsg_type=SCM_RIGHTS, {6}}, msg_flags=0}, 0) = 1
14969 15:43:51.256851 close(6)          = 0
14969 15:43:51.256895 read(4,  <unfinished ...>
14971 15:43:51.256926 read(5, "\1", 1)  = 1
14971 15:43:51.256983 recvmsg(5, {msg_name(0)=NULL, msg_iov(1)=[{"\0", 1}], msg_controllen=16, {cmsg_len=16, cmsg_level=SOL_SOCKET, cmsg_type=SCM_RIGHTS, {6}}, msg_flags=0}, 0) = 1
14971 15:43:51.257062 setsockopt(6, SOL_SOCKET, SO_KEEPALIVE, [1], 4) = 0
14971 15:43:51.257117 setsockopt(6, SOL_IP, IP_TOS, [8], 4) = 0
14971 15:43:51.257169 setsockopt(6, SOL_SOCKET, SO_LINGER, {onoff=1, linger=32767}, 8) = 0
14971 15:43:51.257219 rt_sigaction(SIGALRM, {0x805cad0, ~[RTMIN RT_1], 0}, NULL, 8) = 0
14971 15:43:51.257279 alarm(300)        = 300
14971 15:43:51.257335 write(0, "150 Ok to send data.\r\n", 22) = 22
14971 15:43:51.257766 read(6, "assasaaa\na\na\na\na\n", 65536) = 17
14971 15:43:51.257848 write(4, "assasaaa\na\na\na\na\n", 17) = 17
14971 15:43:51.257914 read(6, "", 65536) = 0
14971 15:43:51.257961 rt_sigaction(SIGALRM, {0x805cad0, ~[RTMIN RT_1], 0}, NULL, 8) = 0
14971 15:43:51.258006 alarm(300)        = 300
14971 15:43:51.258015 close(6)          = 0
14971 15:43:51.258101 alarm(0)          = 300
14971 15:43:51.258146 gettimeofday({1495655031, 258162}, NULL) = 0
14971 15:43:51.258212 gettimeofday({1495655031, 258280}, NULL) = 0
14971 15:43:51.258323 fcntl64(3, F_SETLKW64, {type=F_WRLCK, whence=SEEK_SET, start=0, len=0}, 0xbffff184) = 0
14971 15:43:51.258388 write(3, "Wed May 24 15:43:51 2017 [pid 14971] [msfadmin] OK UPLOAD: Client \"127.0.0.1\", \"/home/msfadmin/myfile22\", 17 bytes, 5.53Kbyte/sec\n", 130) = 130
14971 15:43:51.258478 fcntl64(3, F_SETLK64, {type=F_UNLCK, whence=SEEK_SET, start=0, len=0}, 0xbffff18c) = 0
14971 15:43:51.258542 write(0, "226 Transfer complete.\r\n", 24) = 24
14971 15:43:51.258723 write(5, "\n", 1) = 1
14969 15:43:51.258778 <... read resumed> "\n", 1) = 1
14969 15:43:51.258810 close(5)          = 0
14969 15:43:51.258862 write(4, "\1", 1) = 1
14969 15:43:51.258911 read(4,  <unfinished ...>
14971 15:43:51.258943 read(5, "\1", 1)  = 1
14971 15:43:51.258992 close(4)          = 0
14971 15:43:51.259039 rt_sigaction(SIGALRM, {0x805cad0, ~[RTMIN RT_1], 0}, NULL, 8) = 0
14971 15:43:51.259099 alarm(300)        = 0
14971 15:43:51.259148 recv(0, "TYPE I\r\n", 4096, MSG_PEEK) = 8
14971 15:43:51.772138 read(0, "TYPE I\r\n", 8) = 8
14971 15:43:51.772254 write(0, "200 Switching to Binary mode.\r\n", 31) = 31
14971 15:43:51.772681 rt_sigaction(SIGALRM, {0x805cad0, ~[RTMIN RT_1], 0}, NULL, 8) = 0
14971 15:43:51.772800 alarm(300)        = 299
14971 15:43:51.772960 recv(0, "PASV\r\n", 4096, MSG_PEEK) = 6
14971 15:43:51.773051 read(0, "PASV\r\n", 6) = 6
14971 15:43:51.773202 write(5, "\n", 1 <unfinished ...>
14966 15:43:51.773715 <... read resumed> "\n", 1) = 1
14966 15:43:51.773857 stat64(".", {st_mode=S_IFDIR|0755, st_size=4096, ...}) = 0
14966 15:43:51.774002 stat64("/sbin/nohup", 0xbfd0de48) = -1 ENOENT (No such file or directory)
14966 15:43:51.774066 stat64("/bin/nohup", 0xbfd0de48) = -1 ENOENT (No such file or directory)
14966 15:43:51.774156 stat64("/usr/sbin/nohup", 0xbfd0de48) = -1 ENOENT (No such file or directory)
14966 15:43:51.774214 stat64("/usr/bin/nohup", {st_mode=S_IFREG|0755, st_size=26336, ...}) = 0
14966 15:43:51.774323 stat64("/usr/bin/nohup", {st_mode=S_IFREG|0755, st_size=26336, ...}) = 0
14966 15:43:51.774474 rt_sigprocmask(SIG_BLOCK, [INT CHLD], [], 8) = 0
14966 15:43:51.774585 clone(child_stack=0, flags=CLONE_CHILD_CLEARTID|CLONE_CHILD_SETTID|SIGCHLD, child_tidptr=0xb7d8c6f8) = 14972
14972 15:43:51.774945 rt_sigprocmask(SIG_SETMASK, [], NULL, 8) = 0
14972 15:43:51.775067 rt_sigaction(SIGTSTP, {SIG_DFL}, {SIG_DFL}, 8) = 0
14972 15:43:51.775132 rt_sigaction(SIGTTIN, {SIG_DFL}, {SIG_DFL}, 8) = 0
14972 15:43:51.775223 rt_sigaction(SIGTTOU, {SIG_DFL}, {SIG_DFL}, 8) = 0
14972 15:43:51.775331 rt_sigaction(SIGINT, {SIG_DFL}, {SIG_DFL}, 8) = 0
14972 15:43:51.775497 rt_sigaction(SIGQUIT, {SIG_DFL}, {SIG_IGN}, 8) = 0
14972 15:43:51.775588 rt_sigaction(SIGCHLD, {SIG_DFL}, {0x807e540, [], 0}, 8) = 0
14972 15:43:51.775782 open("/dev/null", O_WRONLY|O_CREAT|O_TRUNC|O_LARGEFILE, 0666) = 7
14972 15:43:51.775969 dup2(7, 1)        = 1
14972 15:43:51.776041 close(7)          = 0
14972 15:43:51.776121 dup2(1, 2)        = 2
14972 15:43:51.776167 fcntl64(1, F_GETFD) = 0
14972 15:43:51.776227 execve("/usr/bin/nohup", ["nohup"], [/* 16 vars */]) = 0
14972 15:43:51.776640 brk(0)            = 0x804f000
14972 15:43:51.776728 access("/etc/ld.so.nohwcap", F_OK) = -1 ENOENT (No such file or directory)
14972 15:43:51.776842 mmap2(NULL, 8192, PROT_READ|PROT_WRITE, MAP_PRIVATE|MAP_ANONYMOUS, -1, 0) = 0xb7fa7000
14972 15:43:51.776938 access("/etc/ld.so.preload", R_OK) = -1 ENOENT (No such file or directory)
14972 15:43:51.777021 open("/etc/ld.so.cache", O_RDONLY) = 7
14972 15:43:51.777077 fstat64(7, {st_mode=S_IFREG|0644, st_size=29913, ...}) = 0
14972 15:43:51.777179 mmap2(NULL, 29913, PROT_READ, MAP_PRIVATE, 7, 0) = 0xb7f9f000
14972 15:43:51.777229 close(7)          = 0
14972 15:43:51.777279 access("/etc/ld.so.nohwcap", F_OK) = -1 ENOENT (No such file or directory)
14972 15:43:51.777350 open("/lib/tls/i686/cmov/libc.so.6", O_RDONLY) = 7
14972 15:43:51.777481 read(7, "\177ELF\1\1\1\0\0\0\0\0\0\0\0\0\3\0\3\0\1\0\0\0\260e\1\0004\0\0\0\4\307\24\0\0\0\0\0004\0 \0\n\0(\0D\0C\0\6\0\0\0004\0\0\0004\0\0\0004\0\0\0@\1\0\0@\1\0\0\5\0\0\0\4\0\0\0\3\0\0\0\2200\23\0\2200\23\0\2200\23\0\23\0\0\0\23\0\0\0\4\0\0\0\1\0\0\0\1\0\0\0\0\0\0\0\0\0\0\0\0\0\0\0(\215\24\0(\215\24\0\5\0\0\0\0\20\0\0\1\0\0\0\354\221\24\0\354\221\24\0\354\221\24\0\260\'\0\0\204T\0\0\6\0\0\0\0\20\0\0\2\0\0\0\234\255\24\0\234\255\24\0\234\255\24\0\360\0\0\0\360\0\0\0\6\0\0\0\4\0\0\0\4\0\0\0t\1\0\0t\1\0\0t\1\0\0 \0\0\0 \0\0\0\4\0\0\0\4\0\0\0\7\0\0\0\354\221\24\0\354\221\24\0\354\221\24\0\10\0\0\0,\0\0\0\4\0\0\0\4\0\0\0P\345td\2440\23\0\2440\23\0\2440\23\0\354+\0\0\354+\0\0\4\0\0\0\4\0\0\0Q\345td\0\0\0\0\0\0\0\0\0\0\0\0\0\0\0\0\0\0\0\0\6\0\0\0\4\0\0\0R\345td\354\221\24\0\354\221\24\0\354\221\24\0\10\36\0\0\10\36\0\0\4\0\0\0\1\0\0\0\4\0\0\0\20\0\0\0\1\0\0\0GNU\0\0\0\0\0\2\0\0\0\6\0\0\0\10\0\0\0\363\3\0\0\n\0\0\0\0\2\0\0\16\0\0\0\2400\20D\200 \2\1\214\3\346\220AE\210\0\204\0\10\0A\200\0@\300\200\0\f\2\f\0\0010\0\10@\"\10\246\4\210H6l\240\0260\0&\204\200\216\4\10B$\2\f\246\244\32\6c\310\0\302 \1\300\0R\0!\201\10\4\n  \250\24\0\24(`\0\0P\240\312DB", 512) = 512
14972 15:43:51.777960 fstat64(7, {st_mode=S_IFREG|0755, st_size=1364388, ...}) = 0
14972 15:43:51.778091 mmap2(NULL, 1369712, PROT_READ|PROT_EXEC, MAP_PRIVATE|MAP_DENYWRITE, 7, 0) = 0xb7e50000
14972 15:43:51.778192 mmap2(0xb7f99000, 12288, PROT_READ|PROT_WRITE, MAP_PRIVATE|MAP_FIXED|MAP_DENYWRITE, 7, 0x149) = 0xb7f99000
14972 15:43:51.778266 mmap2(0xb7f9c000, 9840, PROT_READ|PROT_WRITE, MAP_PRIVATE|MAP_FIXED|MAP_ANONYMOUS, -1, 0) = 0xb7f9c000
14972 15:43:51.778379 close(7)          = 0
14972 15:43:51.778456 mmap2(NULL, 4096, PROT_READ|PROT_WRITE, MAP_PRIVATE|MAP_ANONYMOUS, -1, 0) = 0xb7e4f000
14972 15:43:51.778511 set_thread_area({entry_number:-1 -> 6, base_addr:0xb7e4f6b0, limit:1048575, seg_32bit:1, contents:0, read_exec_only:0, limit_in_pages:1, seg_not_present:0, useable:1}) = 0
14972 15:43:51.778763 mprotect(0xb7f99000, 4096, PROT_READ) = 0
14972 15:43:51.778836 munmap(0xb7f9f000, 29913) = 0
14972 15:43:51.779111 brk(0 <unfinished ...>
14971 15:43:51.779157 <... write resumed> ) = 1
14969 15:43:51.779231 <... read resumed> "\n", 1) = 1
14969 15:43:51.779337 write(4, "\1", 1) = 1
14969 15:43:51.779407 read(4,  <unfinished ...>
14971 15:43:51.779443 read(5, "\1", 1)  = 1
14971 15:43:51.779497 write(5, "\f", 1) = 1
14969 15:43:51.779542 <... read resumed> "\f", 1) = 1
14969 15:43:51.779578 socket(PF_INET, SOCK_STREAM, IPPROTO_TCP) = 5
14969 15:43:51.779643 setsockopt(5, SOL_SOCKET, SO_REUSEADDR, [1], 4) = 0
14969 15:43:51.779760 bind(5, {sa_family=AF_INET, sin_port=htons(44449), sin_addr=inet_addr("127.0.0.1")}, 16) = 0
14969 15:43:51.779875 listen(5, 1)      = 0
14969 15:43:51.779937 write(4, "\241\255\0\0", 4) = 4
14969 15:43:51.779990 read(4,  <unfinished ...>
14971 15:43:51.780023 read(5, "\241\255\0\0", 4) = 4
14972 15:43:51.780074 <... brk resumed> ) = 0x804f000
14971 15:43:51.780165 write(0, "227 Entering Passive Mode (127,0,0,1,173,161).\r\n", 48 <unfinished ...>
14972 15:43:51.780220 brk(0x8070000)    = 0x8070000
14972 15:43:51.780444 write(2, "nohup: ", 7 <unfinished ...>
14971 15:43:51.781020 <... write resumed> ) = 48
14971 15:43:51.781081 rt_sigaction(SIGALRM, {0x805cad0, ~[RTMIN RT_1], 0},  <unfinished ...>
14972 15:43:51.781135 <... write resumed> ) = 7
14971 15:43:51.781162 <... rt_sigaction resumed> NULL, 8) = 0
14972 15:43:51.781303 write(2, "missing operand", 15 <unfinished ...>
14971 15:43:51.781390 alarm(300)        = 300
14971 15:43:51.781469 recv(0,  <unfinished ...>
14972 15:43:51.781514 <... write resumed> ) = 15
14972 15:43:51.781562 write(2, "\n", 1 <unfinished ...>
14971 15:43:51.781604 <... recv resumed> "STOR myfile23\r\n", 4096, MSG_PEEK) = 15
14971 15:43:51.781668 read(0, "STOR myfile23\r\n", 15) = 15
14971 15:43:51.781734 write(5, "\v", 1) = 1
14969 15:43:51.782428 <... read resumed> "\v", 1) = 1
14969 15:43:51.782473 write(4, "\1\0\0\0", 4) = 4
14969 15:43:51.782526 read(4,  <unfinished ...>
14972 15:43:51.782556 <... write resumed> ) = 1
14972 15:43:51.782604 write(2, "Try `nohup --help\' for more information.\n", 41 <unfinished ...>
14971 15:43:51.782651 read(5, "\1\0\0\0", 4) = 4
14972 15:43:51.782781 <... write resumed> ) = 41
14972 15:43:51.782830 close(1 <unfinished ...>
14971 15:43:51.782862 gettimeofday({1495655031, 782880}, NULL) = 0
14971 15:43:51.782954 getcwd("/home/msfadmin", 4096) = 15
14972 15:43:51.783009 <... close resumed> ) = 0
14971 15:43:51.783041 open("myfile23", O_WRONLY|O_CREAT|O_NONBLOCK|O_LARGEFILE, 0666 <unfinished ...>
14972 15:43:51.783082 close(2 <unfinished ...>
14971 15:43:51.783114 <... open resumed> ) = 4
14972 15:43:51.783142 <... close resumed> ) = 0
14972 15:43:51.783179 exit_group(127)   = ?
14971 15:43:51.783234 fstat64(4, {st_mode=S_IFREG|0644, st_size=17, ...}) = 0
14971 15:43:51.783314 fcntl64(4, F_GETFL) = 0x8801 (flags O_WRONLY|O_NONBLOCK|O_LARGEFILE)
14971 15:43:51.783473 fcntl64(4, F_SETFL, O_WRONLY|O_LARGEFILE) = 0
14971 15:43:51.783561 fcntl64(4, F_SETLKW64, {type=F_WRLCK, whence=SEEK_SET, start=0, len=0}, 0xbffff1e4) = 0
14971 15:43:51.783807 ftruncate64(4, 0) = 0
14971 15:43:51.784042 _llseek(4, 0, [0], SEEK_SET) = 0
14971 15:43:51.784198 write(5, "\v", 1) = 1
14969 15:43:51.784402 <... read resumed> "\v", 1) = 1
14969 15:43:51.784513 write(4, "\1\0\0\0", 4) = 4
14969 15:43:51.784608 read(4,  <unfinished ...>
14971 15:43:51.784688 read(5, "\1\0\0\0", 4) = 4
14971 15:43:51.784786 write(5, "\v", 1) = 1
14969 15:43:51.784861 <... read resumed> "\v", 1) = 1
14969 15:43:51.784904 write(4, "\1\0\0\0", 4) = 4
14969 15:43:51.784993 read(4,  <unfinished ...>
14971 15:43:51.785026 read(5, "\1\0\0\0", 4) = 4
14971 15:43:51.785079 write(5, "\r", 1) = 1
14969 15:43:51.785123 <... read resumed> "\r", 1) = 1
14969 15:43:51.785189 select(6, [5], NULL, NULL, {60, 0}) = 1 (in [5], left {60, 0})
14969 15:43:51.785270 accept(5, {sa_family=AF_INET, sin_port=htons(47491), sin_addr=inet_addr("127.0.0.1")}, [16]) = 6
14969 15:43:51.785426 write(4, "\1", 1) = 1
14969 15:43:51.785484 sendmsg(4, {msg_name(0)=NULL, msg_iov(1)=[{"\0", 1}], msg_controllen=16, {cmsg_len=16, cmsg_level=SOL_SOCKET, cmsg_type=SCM_RIGHTS, {6}}, msg_flags=0}, 0) = 1
14969 15:43:51.785602 close(6)          = 0
14969 15:43:51.785723 read(4,  <unfinished ...>
14971 15:43:51.785792 read(5, "\1", 1)  = 1
14971 15:43:51.785860 recvmsg(5, {msg_name(0)=NULL, msg_iov(1)=[{"\0", 1}], msg_controllen=16, {cmsg_len=16, cmsg_level=SOL_SOCKET, cmsg_type=SCM_RIGHTS, {6}}, msg_flags=0}, 0) = 1
