12550 15:19:39.979236 read(6, "#\n# /etc/pam.d/common-session - session-related modules common to all services\n#\n# This file is included from other service-specific PAM config files,\n# and should contain a list of modules that define tasks to be performed\n# at the start and end of sessions of *any* kind (both interactive and\n# non-interactive).  The default is pam_unix.\n#\nsession\trequired\tpam_unix.so\n", 4096) = 372
12550 15:19:39.979415 read(6, "", 4096) = 0
12550 15:19:39.979451 close(6)          = 0
12550 15:19:39.979477 munmap(0xb7fae000, 4096) = 0
12550 15:19:39.979507 read(5, "", 4096) = 0
12550 15:19:39.979533 close(5)          = 0
12550 15:19:39.979557 munmap(0xb7fb4000, 4096) = 0
12550 15:19:39.979586 open("/etc/pam.d/other", O_RDONLY|O_LARGEFILE) = 5
12550 15:19:39.979623 fstat64(5, {st_mode=S_IFREG|0644, st_size=520, ...}) = 0
12550 15:19:39.979667 mmap2(NULL, 4096, PROT_READ|PROT_WRITE, MAP_PRIVATE|MAP_ANONYMOUS, -1, 0) = 0xb7fb4000
12550 15:19:39.979696 read(5, "#\n# /etc/pam.d/other - specify the PAM fallback behaviour\n#\n# Note that this file is used for any unspecified service; for example\n#if /etc/pam.d/cron  specifies no session modules but cron calls\n#pam_open_session, the session module out of /etc/pam.d/other is\n#used.  If you really want nothing to happen then use pam_permit.so or\n#pam_deny.so as appropriate.\n\n# We fall back to the system default in /etc/pam.d/common-*\n# \n\n@include common-auth\n@include common-account\n@include common-password\n@include common-session\n", 4096) = 520
12550 15:19:39.979874 stat64("/etc/pam.d", {st_mode=S_IFDIR|0755, st_size=4096, ...}) = 0
12550 15:19:39.979929 open("/etc/pam.d/common-auth", O_RDONLY|O_LARGEFILE) = 6
12550 15:19:39.979964 fstat64(6, {st_mode=S_IFREG|0644, st_size=476, ...}) = 0
12550 15:19:39.980007 mmap2(NULL, 4096, PROT_READ|PROT_WRITE, MAP_PRIVATE|MAP_ANONYMOUS, -1, 0) = 0xb7fae000
12550 15:19:39.980037 read(6, "#\n# /etc/pam.d/common-auth - authentication settings common to all services\n#\n# This file is included from other service-specific PAM config files,\n# and should contain a list of the authentication modules that define\n# the central authentication scheme for use on the system\n# (e.g., /etc/shadow, LDAP, Kerberos, etc.).  The default is to use the\n# traditional Unix authentication mechanisms.\n#\nauth\trequisite\tpam_unix.so nullok_secure\n# auth\toptional\tpam_smbpass.so migrate\n", 4096) = 476
12550 15:19:39.980269 read(6, "", 4096) = 0
12550 15:19:39.980301 close(6)          = 0
12550 15:19:39.980326 munmap(0xb7fae000, 4096) = 0
12550 15:19:39.980357 stat64("/etc/pam.d", {st_mode=S_IFDIR|0755, st_size=4096, ...}) = 0
12550 15:19:39.980409 open("/etc/pam.d/common-account", O_RDONLY|O_LARGEFILE) = 6
12550 15:19:39.980445 fstat64(6, {st_mode=S_IFREG|0644, st_size=392, ...}) = 0
12550 15:19:39.980488 mmap2(NULL, 4096, PROT_READ|PROT_WRITE, MAP_PRIVATE|MAP_ANONYMOUS, -1, 0) = 0xb7fae000
12550 15:19:39.980529 read(6, "#\n# /etc/pam.d/common-account - authorization settings common to all services\n#\n# This file is included from other service-specific PAM config files,\n# and should contain a list of the authorization modules that define\n# the central access policy for use on the system.  The default is to\n# only deny service to users whose accounts are expired in /etc/shadow.\n#\naccount\trequired\tpam_unix.so\n", 4096) = 392
12550 15:19:39.981216 read(6, "", 4096) = 0
12550 15:19:39.981298 close(6)          = 0
12550 15:19:39.981355 munmap(0xb7fae000, 4096) = 0
12550 15:19:39.981409 stat64("/etc/pam.d", {st_mode=S_IFDIR|0755, st_size=4096, ...}) = 0
12550 15:19:39.981463 open("/etc/pam.d/common-password", O_RDONLY|O_LARGEFILE) = 6
12550 15:19:39.981559 fstat64(6, {st_mode=S_IFREG|0644, st_size=1563, ...}) = 0
12550 15:19:39.981608 mmap2(NULL, 4096, PROT_READ|PROT_WRITE, MAP_PRIVATE|MAP_ANONYMOUS, -1, 0) = 0xb7fae000
12550 15:19:39.981638 read(6, "#\n# /etc/pam.d/common-password - password-related modules common to all services\n#\n# This file is included from other service-specific PAM config files,\n# and should contain a list of modules that define the services to be\n# used to change user passwords.  The default is pam_unix.\n\n# Explanation of pam_unix options:\n#\n# The \"nullok\" option allows users to change an empty password, else\n# empty passwords are treated as locked accounts.\n#\n# The \"md5\" option enables MD5 passwords.  Without this option, the\n# default is Unix crypt.\n#\n# The \"obscure\" option replaces the old `OBSCURE_CHECKS_ENAB\' option in\n# login.defs.\n#\n# You can also use the \"min\" option to enforce the length of the new\n# password.\n#\n# See the pam_unix manpage for other options.\n\npassword   requisite   pam_unix.so nullok obscure md5\n\n# Alternate strength checking for password. Note that this\n# requires the libpam-cracklib package to be installed.\n# You will need to comment out the password line above and\n# uncomment the next two in order to use this.\n# (Replaces the `OBSCURE_CHECKS_ENAB\', `CRACKLIB_DICTPATH\')\n#\n# password required\t  pam_cracklib.so retry=3 minlen=6 difok=3\n# password required\t  pam_unix.so use_authtok nullok md5\n\n# minimally-intrusive inclusion of smbpass in the stack for\n# synchronization.  If the module is absent or the passwords don\'t\n# match, this module will be ignored without prompting; and if the \n# passwords do match, the NTLM hash for the user will be updated\n# automatically.\n# password   optional   pam_smbpass.so nullok use_authtok use_first_pass\n", 4096) = 1563
12550 15:19:39.982005 read(6, "", 4096) = 0
12550 15:19:39.982036 close(6)          = 0
12550 15:19:39.982062 munmap(0xb7fae000, 4096) = 0
12550 15:19:39.982093 stat64("/etc/pam.d", {st_mode=S_IFDIR|0755, st_size=4096, ...}) = 0
12550 15:19:39.982145 open("/etc/pam.d/common-session", O_RDONLY|O_LARGEFILE) = 6
12550 15:19:39.982180 fstat64(6, {st_mode=S_IFREG|0644, st_size=372, ...}) = 0
12550 15:19:39.982223 mmap2(NULL, 4096, PROT_READ|PROT_WRITE, MAP_PRIVATE|MAP_ANONYMOUS, -1, 0) = 0xb7fae000
12550 15:19:39.982252 read(6, "#\n# /etc/pam.d/common-session - session-related modules common to all services\n#\n# This file is included from other service-specific PAM config files,\n# and should contain a list of modules that define tasks to be performed\n# at the start and end of sessions of *any* kind (both interactive and\n# non-interactive).  The default is pam_unix.\n#\nsession\trequired\tpam_unix.so\n", 4096) = 372
12550 15:19:39.982354 read(6, "", 4096) = 0
12550 15:19:39.982381 close(6)          = 0
12550 15:19:39.982406 munmap(0xb7fae000, 4096) = 0
12550 15:19:39.982415 read(5, "", 4096) = 0
12550 15:19:39.982415 close(5)          = 0
12550 15:19:39.982416 munmap(0xb7fb4000, 4096) = 0
12550 15:19:39.982455 time(NULL)        = 1495653579
12550 15:19:39.982605 lstat64("/etc/ftpusers", {st_mode=S_IFREG|0644, st_size=132, ...}) = 0
12550 15:19:39.982676 open("/etc/ftpusers", O_RDONLY|O_LARGEFILE) = 5
12550 15:19:39.982725 fstat64(5, {st_mode=S_IFREG|0644, st_size=132, ...}) = 0
12550 15:19:39.982771 mmap2(NULL, 4096, PROT_READ|PROT_WRITE, MAP_PRIVATE|MAP_ANONYMOUS, -1, 0) = 0xb7fb4000
12550 15:19:39.982803 read(5, "# /etc/ftpusers: list of users disallowed FTP access. See ftpusers(5).\n\nroot\ndaemon\nbin\nsys\nsync\ngames\nman\nlp\nmail\nnews\nuucp\nnobody\n", 4096) = 132
12550 15:19:39.982863 read(5, "", 4096) = 0
12550 15:19:39.982896 close(5)          = 0
12550 15:19:39.982923 munmap(0xb7fb4000, 4096) = 0
12550 15:19:39.982972 getuid32()        = 0
12550 15:19:39.983019 open("/etc/passwd", O_RDONLY|0x80000 /* O_??? */) = 5
12550 15:19:39.983060 _llseek(5, 0, [0], SEEK_CUR) = 0
12550 15:19:39.983090 fstat64(5, {st_mode=S_IFREG|0644, st_size=1624, ...}) = 0
12550 15:19:39.983134 mmap2(NULL, 1624, PROT_READ, MAP_SHARED, 5, 0) = 0xb7fb4000
12550 15:19:39.983165 _llseek(5, 1624, [1624], SEEK_SET) = 0
12550 15:19:39.983247 munmap(0xb7fb4000, 1624) = 0
12550 15:19:39.983278 close(5)          = 0
12550 15:19:39.983347 open("/etc/shadow", O_RDONLY|0x80000 /* O_??? */) = 5
12550 15:19:39.983398 _llseek(5, 0, [0], SEEK_CUR) = 0
12550 15:19:39.983429 fstat64(5, {st_mode=S_IFREG|0640, st_size=1233, ...}) = 0
12550 15:19:39.983472 mmap2(NULL, 1233, PROT_READ, MAP_SHARED, 5, 0) = 0xb7fb4000
12550 15:19:39.983502 _llseek(5, 1233, [1233], SEEK_SET) = 0
12550 15:19:39.983554 munmap(0xb7fb4000, 1233) = 0
12550 15:19:39.983581 close(5)          = 0
12550 15:19:39.983632 open("/etc/passwd", O_RDONLY|0x80000 /* O_??? */) = 5
12550 15:19:39.983667 _llseek(5, 0, [0], SEEK_CUR) = 0
12550 15:19:39.983695 fstat64(5, {st_mode=S_IFREG|0644, st_size=1624, ...}) = 0
12550 15:19:39.983738 mmap2(NULL, 1624, PROT_READ, MAP_SHARED, 5, 0) = 0xb7fb4000
12550 15:19:39.983770 _llseek(5, 1624, [1624], SEEK_SET) = 0
12550 15:19:39.983814 munmap(0xb7fb4000, 1624) = 0
12550 15:19:39.983840 close(5)          = 0
12550 15:19:39.983873 open("/etc/shadow", O_RDONLY|0x80000 /* O_??? */) = 5
12550 15:19:39.983908 _llseek(5, 0, [0], SEEK_CUR) = 0
12550 15:19:39.983935 fstat64(5, {st_mode=S_IFREG|0640, st_size=1233, ...}) = 0
12550 15:19:39.983977 mmap2(NULL, 1233, PROT_READ, MAP_SHARED, 5, 0) = 0xb7fb4000
12550 15:19:39.984005 _llseek(5, 1233, [1233], SEEK_SET) = 0
12550 15:19:39.984050 munmap(0xb7fb4000, 1233) = 0
12550 15:19:39.984075 close(5)          = 0
12550 15:19:39.984727 getuid32()        = 0
12550 15:19:39.984767 open("/etc/passwd", O_RDONLY|0x80000 /* O_??? */) = 5
12550 15:19:39.984806 _llseek(5, 0, [0], SEEK_CUR) = 0
12550 15:19:39.984834 fstat64(5, {st_mode=S_IFREG|0644, st_size=1624, ...}) = 0
12550 15:19:39.984877 mmap2(NULL, 1624, PROT_READ, MAP_SHARED, 5, 0) = 0xb7fb4000
12550 15:19:39.984906 _llseek(5, 1624, [1624], SEEK_SET) = 0
12550 15:19:39.984948 munmap(0xb7fb4000, 1624) = 0
12550 15:19:39.984974 close(5)          = 0
12550 15:19:39.985010 open("/etc/shadow", O_RDONLY|0x80000 /* O_??? */) = 5
12550 15:19:39.985045 _llseek(5, 0, [0], SEEK_CUR) = 0
12550 15:19:39.985072 fstat64(5, {st_mode=S_IFREG|0640, st_size=1233, ...}) = 0
12550 15:19:39.985133 mmap2(NULL, 1233, PROT_READ, MAP_SHARED, 5, 0) = 0xb7fb4000
12550 15:19:39.985170 _llseek(5, 1233, [1233], SEEK_SET) = 0
12550 15:19:39.985216 munmap(0xb7fb4000, 1233) = 0
12550 15:19:39.985242 close(5)          = 0
12550 15:19:39.985275 time(NULL)        = 1495653579
12550 15:19:39.985317 munmap(0xb7fb1000, 12164) = 0
12550 15:19:39.985353 munmap(0xb7faf000, 7136) = 0
12550 15:19:39.985390 munmap(0xb7de4000, 95428) = 0
12550 15:19:39.985420 munmap(0xb7daa000, 201052) = 0
12550 15:19:39.985451 munmap(0xb7d91000, 101180) = 0
12550 15:19:39.985495 gettimeofday({1495653579, 985505}, NULL) = 0
12550 15:19:39.985528 stat64("/usr/share/zoneinfo/UTC+04:00", 0xbfd30ea4) = -1 ENOENT (No such file or directory)
12550 15:19:39.985571 open("/usr/share/zoneinfo/UTC+04:00", O_RDONLY) = -1 ENOENT (No such file or directory)
12550 15:19:39.985642 fcntl64(3, F_SETLKW64, {type=F_WRLCK, whence=SEEK_SET, start=0, len=0}, 0xbfd30ff4) = 0
12550 15:19:39.985686 write(3, "Wed May 24 15:19:39 2017 [pid 12550] [msfadmin] OK LOGIN: Client \"127.0.0.1\"\n", 77) = 77
12550 15:19:39.985742 fcntl64(3, F_SETLK64, {type=F_UNLCK, whence=SEEK_SET, start=0, len=0}, 0xbfd30ffc) = 0
12550 15:19:39.985777 rt_sigaction(SIGCHLD, {0x805cad0, ~[RTMIN RT_1], 0}, NULL, 8) = 0
12550 15:19:39.985816 write(4, "\1", 1 <unfinished ...>
12551 15:19:39.985844 <... read resumed> "\1", 1) = 1
12550 15:19:39.985858 <... write resumed> ) = 1
12551 15:19:39.985878 exit_group(0)     = ?
12550 15:19:39.985964 --- SIGCHLD (Child exited) @ 0 (0) ---
12550 15:19:39.985984 sigreturn()       = ? (mask now [])
12550 15:19:39.986033 wait4(-1, [{WIFEXITED(s) && WEXITSTATUS(s) == 0}], 0, NULL) = 12551
12550 15:19:39.986074 close(4)          = 0
12550 15:19:39.986264 socketpair(PF_FILE, SOCK_STREAM, 0, [4, 5]) = 0
12550 15:19:39.986307 rt_sigaction(SIGCHLD, {0x805cad0, ~[RTMIN RT_1], 0}, NULL, 8) = 0
12550 15:19:39.986344 rt_sigaction(SIGALRM, {0x805cb10, ~[RTMIN RT_1], 0}, NULL, 8) = 0
12550 15:19:39.986381 clone(child_stack=0, flags=CLONE_CHILD_CLEARTID|CLONE_CHILD_SETTID|SIGCHLD, child_tidptr=0xb7e1a6f8) = 12552
12552 15:19:39.986529 prctl(0x1, 0x9, 0, 0, 0) = 0
12552 15:19:39.986568 close(4)          = 0
12552 15:19:39.986642 open("/etc/passwd", O_RDONLY|0x80000 /* O_??? */) = 4
12552 15:19:39.986689 _llseek(4, 0, [0], SEEK_CUR) = 0
12552 15:19:39.986729 fstat64(4, {st_mode=S_IFREG|0644, st_size=1624, ...}) = 0
12552 15:19:39.986778 mmap2(NULL, 1624, PROT_READ, MAP_SHARED, 4, 0) = 0xb7fb4000
12552 15:19:39.986811 _llseek(4, 1624, [1624], SEEK_SET) = 0
12552 15:19:39.986871 munmap(0xb7fb4000, 1624) = 0
12552 15:19:39.986902 close(4)          = 0
12552 15:19:39.986943 getuid32()        = 0
12552 15:19:39.986971 open("/etc/passwd", O_RDONLY|0x80000 /* O_??? */) = 4
12552 15:19:39.987006 _llseek(4, 0, [0], SEEK_CUR) = 0
12552 15:19:39.987034 fstat64(4, {st_mode=S_IFREG|0644, st_size=1624, ...}) = 0
12552 15:19:39.987077 mmap2(NULL, 1624, PROT_READ, MAP_SHARED, 4, 0) = 0xb7fb4000
12552 15:19:39.987105 _llseek(4, 1624, [1624], SEEK_SET) = 0
12552 15:19:39.987147 munmap(0xb7fb4000, 1624) = 0
12552 15:19:39.987208 close(4)          = 0
12552 15:19:39.987284 open("/proc/sys/kernel/ngroups_max", O_RDONLY) = 4
12552 15:19:39.987339 read(4, "65536\n", 31) = 6
12552 15:19:39.987373 close(4)          = 0
12552 15:19:39.987410 socket(PF_FILE, SOCK_STREAM, 0) = 4
12552 15:19:39.987447 fcntl64(4, F_SETFL, O_RDWR|O_NONBLOCK) = 0
12552 15:19:39.987477 connect(4, {sa_family=AF_FILE, path="/var/run/nscd/socket"}, 110) = -1 ENOENT (No such file or directory)
12552 15:19:39.987535 close(4)          = 0
12552 15:19:39.987565 socket(PF_FILE, SOCK_STREAM, 0) = 4
12552 15:19:39.987593 fcntl64(4, F_SETFL, O_RDWR|O_NONBLOCK) = 0
12552 15:19:39.987620 connect(4, {sa_family=AF_FILE, path="/var/run/nscd/socket"}, 110) = -1 ENOENT (No such file or directory)
12552 15:19:39.987668 close(4)          = 0
12552 15:19:39.987731 open("/etc/group", O_RDONLY|0x80000 /* O_??? */) = 4
12552 15:19:39.987770 _llseek(4, 0, [0], SEEK_CUR) = 0
12552 15:19:39.987798 fstat64(4, {st_mode=S_IFREG|0644, st_size=886, ...}) = 0
12552 15:19:39.987847 mmap2(NULL, 886, PROT_READ, MAP_SHARED, 4, 0) = 0xb7fb4000
12552 15:19:39.987877 _llseek(4, 886, [886], SEEK_SET) = 0
12552 15:19:39.987942 fstat64(4, {st_mode=S_IFREG|0644, st_size=886, ...}) = 0
12552 15:19:39.987987 munmap(0xb7fb4000, 886) = 0
12552 15:19:39.988015 close(4)          = 0
12552 15:19:39.988041 setgroups32(13, [1000, 4, 20, 24, 25, 29, 30, 44, 46, 107, 111, 112, 119]) = 0
12552 15:19:39.988085 geteuid32()       = 0
12552 15:19:39.988114 getegid32()       = 0
12552 15:19:39.988167 setregid32(-1, 1000) = 0
12552 15:19:39.988202 setreuid32(-1, 1000) = 0
12552 15:19:39.988232 chdir("/home/msfadmin") = 0
12552 15:19:39.988264 setreuid32(-1, 0) = 0
12552 15:19:39.988288 setregid32(-1, 0) = 0
12552 15:19:39.988317 setgid32(1000)    = 0
12552 15:19:39.988343 setuid32(1000)    = 0
12552 15:19:39.988370 setrlimit(RLIMIT_NPROC, {rlim_cur=0, rlim_max=0}) = 0
12552 15:19:39.988406 mmap2(NULL, 12288, PROT_READ|PROT_WRITE, MAP_PRIVATE|MAP_ANONYMOUS, -1, 0) = 0xb7fb2000
12552 15:19:39.988448 mprotect(0xb7fb4000, 4096, PROT_NONE) = 0
12552 15:19:39.988480 mprotect(0xb7fb2000, 4096, PROT_NONE) = 0
12552 15:19:39.988510 getcwd("/home/msfadmin", 4096) = 15
12552 15:19:39.988546 umask(022)        = 077
12552 15:19:39.988572 getcwd("/home/msfadmin", 4096) = 15
12552 15:19:39.988608 open(".message", O_RDONLY|O_NONBLOCK|O_LARGEFILE) = -1 ENOENT (No such file or directory)
12552 15:19:39.988669 write(0, "230 Login successful.\r\n", 23) = 23
12552 15:19:39.988908 rt_sigaction(SIGALRM, {0x805cad0, ~[RTMIN RT_1], 0}, NULL, 8) = 0
12552 15:19:39.988954 alarm(300)        = 0
12552 15:19:39.988984 mmap2(NULL, 12288, PROT_READ|PROT_WRITE, MAP_PRIVATE|MAP_ANONYMOUS, -1, 0) = 0xb7faf000
12552 15:19:39.989015 mprotect(0xb7fb1000, 4096, PROT_NONE) = 0
12552 15:19:39.989045 mprotect(0xb7faf000, 4096, PROT_NONE) = 0
12552 15:19:39.989081 recv(0, "TYPE I\r\n", 4096, MSG_PEEK) = 8
12552 15:19:39.989150 read(0, "TYPE I\r\n", 8) = 8
12552 15:19:39.989199 write(0, "200 Switching to Binary mode.\r\n", 31) = 31
12552 15:19:39.989308 rt_sigaction(SIGALRM, {0x805cad0, ~[RTMIN RT_1], 0}, NULL, 8) = 0
12552 15:19:39.989347 alarm(300)        = 300
12552 15:19:39.989378 recv(0, "PASV\r\n", 4096, MSG_PEEK) = 6
12552 15:19:39.989408 read(0, "PASV\r\n", 6) = 6
12552 15:19:39.989439 write(5, "\n", 1) = 1
12552 15:19:39.989468 read(5,  <unfinished ...>
12550 15:19:39.989503 close(5)          = 0
12550 15:19:39.989537 getuid32()        = 0
12550 15:19:39.989581 open("/etc/passwd", O_RDONLY|0x80000 /* O_??? */) = 5
12550 15:19:39.989622 _llseek(5, 0, [0], SEEK_CUR) = 0
12550 15:19:39.989655 fstat64(5, {st_mode=S_IFREG|0644, st_size=1624, ...}) = 0
12550 15:19:39.989702 mmap2(NULL, 1624, PROT_READ, MAP_SHARED, 5, 0) = 0xb7fb4000
12550 15:19:39.989733 _llseek(5, 1624, [1624], SEEK_SET) = 0
12550 15:19:39.989780 munmap(0xb7fb4000, 1624) = 0
12550 15:19:39.989811 close(5)          = 0
12550 15:19:39.989853 setgroups32(0, []) = 0
12550 15:19:39.989884 chdir("/usr/share/empty") = 0
12550 15:19:39.989917 chroot(".")       = 0
12550 15:19:39.989945 capset(NULL, NULL) = -1 EFAULT (Bad address)
12550 15:19:39.989980 prctl(0x8, 0, 0xbfd30fd8, 0x80549a6, 0xbfd30fc0) = 0
12550 15:19:39.990010 prctl(0x8, 0x1, 0xbfd30fd8, 0x8054a49, 0xbfd30fc0) = 0
12550 15:19:39.990037 setgid32(65534)   = 0
12550 15:19:39.990083 setuid32(65534)   = 0
12550 15:19:39.990122 capset(0x19980330, 0, {CAP_NET_BIND_SERVICE, CAP_NET_BIND_SERVICE, 0}) = 0
12550 15:19:39.990160 read(4, "\n", 1)  = 1
12550 15:19:39.990196 write(4, "\1", 1) = 1
12552 15:19:39.990225 <... read resumed> "\1", 1) = 1
12552 15:19:39.990245 write(5, "\f", 1) = 1
12552 15:19:39.990272 read(5,  <unfinished ...>
12550 15:19:39.990290 read(4, "\f", 1)  = 1
12550 15:19:39.990323 socket(PF_INET, SOCK_STREAM, IPPROTO_TCP) = 5
12550 15:19:39.990360 setsockopt(5, SOL_SOCKET, SO_REUSEADDR, [1], 4) = 0
12550 15:19:39.990391 gettimeofday({1495653579, 990401}, NULL) = 0
12550 15:19:39.990433 bind(5, {sa_family=AF_INET, sin_port=htons(31526), sin_addr=inet_addr("127.0.0.1")}, 16) = 0
12550 15:19:39.990478 listen(5, 1)      = 0
12550 15:19:39.990514 write(4, "&{\0\0", 4) = 4
12552 15:19:39.990543 <... read resumed> "&{\0\0", 4) = 4
12552 15:19:39.990568 write(0, "227 Entering Passive Mode (127,0,0,1,123,38).\r\n", 47) = 47
12552 15:19:39.990632 rt_sigaction(SIGALRM, {0x805cad0, ~[RTMIN RT_1], 0}, NULL, 8) = 0
12552 15:19:39.990683 alarm(300)        = 300
12552 15:19:39.990716 recv(0, "STOR myfile21\r\n", 4096, MSG_PEEK) = 15
12552 15:19:39.990750 read(0, "STOR myfile21\r\n", 15) = 15
12552 15:19:39.990791 write(5, "\v", 1) = 1
12552 15:19:39.990820 read(5,  <unfinished ...>
12550 15:19:39.990839 read(4, "\v", 1)  = 1
12550 15:19:39.990869 write(4, "\1\0\0\0", 4) = 4
12552 15:19:39.990898 <... read resumed> "\1\0\0\0", 4) = 4
12552 15:19:39.990921 gettimeofday({1495653579, 990930}, NULL) = 0
12552 15:19:39.990949 getcwd("/home/msfadmin", 4096) = 15
12552 15:19:39.990984 open("myfile21", O_WRONLY|O_CREAT|O_NONBLOCK|O_LARGEFILE, 0666) = 4
12552 15:19:39.991024 fstat64(4, {st_mode=S_IFREG|0644, st_size=17, ...}) = 0
12552 15:19:39.991081 fcntl64(4, F_GETFL) = 0x8801 (flags O_WRONLY|O_NONBLOCK|O_LARGEFILE)
12552 15:19:39.991111 fcntl64(4, F_SETFL, O_WRONLY|O_LARGEFILE) = 0
12552 15:19:39.991138 fcntl64(4, F_SETLKW64, {type=F_WRLCK, whence=SEEK_SET, start=0, len=0}, 0xbfd30f24) = 0
12552 15:19:39.991179 ftruncate64(4, 0) = 0
12552 15:19:39.991228 _llseek(4, 0, [0], SEEK_SET) = 0
12552 15:19:39.991257 write(5, "\v", 1) = 1
12552 15:19:39.991284 read(5,  <unfinished ...>
12550 15:19:39.991303 read(4, "\v", 1)  = 1
12550 15:19:39.991333 write(4, "\1\0\0\0", 4) = 4
12552 15:19:39.991360 <... read resumed> "\1\0\0\0", 4) = 4
12552 15:19:39.991380 write(5, "\v", 1) = 1
12552 15:19:39.991411 read(5,  <unfinished ...>
12550 15:19:39.991429 read(4, "\v", 1)  = 1
12550 15:19:39.991458 write(4, "\1\0\0\0", 4) = 4
12552 15:19:39.991485 <... read resumed> "\1\0\0\0", 4) = 4
12552 15:19:39.991504 write(5, "\r", 1) = 1
12552 15:19:39.991530 read(5,  <unfinished ...>
12550 15:19:39.991548 read(4, "\r", 1)  = 1
12550 15:19:39.991598 select(6, [5], NULL, NULL, {60, 0}) = 1 (in [5], left {60, 0})
12550 15:19:39.991652 accept(5, {sa_family=AF_INET, sin_port=htons(54680), sin_addr=inet_addr("127.0.0.1")}, [16]) = 6
12550 15:19:39.991711 write(4, "\1", 1) = 1
12552 15:19:39.991740 <... read resumed> "\1", 1) = 1
12552 15:19:39.991765 recvmsg(5,  <unfinished ...>
12550 15:19:39.991795 sendmsg(4, {msg_name(0)=NULL, msg_iov(1)=[{"\0", 1}], msg_controllen=16, {cmsg_len=16, cmsg_level=SOL_SOCKET, cmsg_type=SCM_RIGHTS, {6}}, msg_flags=0}, 0) = 1
12552 15:19:39.991841 <... recvmsg resumed> {msg_name(0)=NULL, msg_iov(1)=[{"\0", 1}], msg_controllen=16, {cmsg_len=16, cmsg_level=SOL_SOCKET, cmsg_type=SCM_RIGHTS, {6}}, msg_flags=0}, 0) = 1
12552 15:19:39.991877 setsockopt(6, SOL_SOCKET, SO_KEEPALIVE, [1], 4) = 0
12552 15:19:39.991909 setsockopt(6, SOL_IP, IP_TOS, [8], 4) = 0
12552 15:19:39.991940 setsockopt(6, SOL_SOCKET, SO_LINGER, {onoff=1, linger=32767}, 8) = 0
12552 15:19:39.991969 rt_sigaction(SIGALRM, {0x805cad0, ~[RTMIN RT_1], 0}, NULL, 8) = 0
12552 15:19:39.992004 alarm(300)        = 300
12552 15:19:39.992038 write(0, "150 Ok to send data.\r\n", 22) = 22
12552 15:19:39.992282 mmap2(NULL, 77824, PROT_READ|PROT_WRITE, MAP_PRIVATE|MAP_ANONYMOUS, -1, 0) = 0xb7de9000
12552 15:19:39.992326 mprotect(0xb7dfb000, 4096, PROT_NONE) = 0
12552 15:19:39.992361 mprotect(0xb7de9000, 4096, PROT_NONE) = 0
12552 15:19:39.992389 read(6, "assasaaa\na\na\na\na\n", 65536) = 17
12552 15:19:39.992427 write(4, "assasaaa\na\na\na\na\n", 17) = 17
12552 15:19:39.992469 read(6, "", 65536) = 0
12552 15:19:39.992497 rt_sigaction(SIGALRM, {0x805cad0, ~[RTMIN RT_1], 0}, NULL, 8) = 0
12552 15:19:39.992562 alarm(300)        = 300
12552 15:19:39.992594 close(6)          = 0
12552 15:19:39.992619 alarm(0)          = 300
12552 15:19:39.992645 gettimeofday({1495653579, 992654}, NULL) = 0
12552 15:19:39.992696 getpid()          = 12552
12552 15:19:39.992728 gettimeofday({1495653579, 992738}, NULL) = 0
12552 15:19:39.992772 fcntl64(3, F_SETLKW64, {type=F_WRLCK, whence=SEEK_SET, start=0, len=0}, 0xbfd30ec4) = 0
12552 15:19:39.992812 write(3, "Wed May 24 15:19:39 2017 [pid 12552] [msfadmin] OK UPLOAD: Client \"127.0.0.1\", \"/home/msfadmin/myfile21\", 17 bytes, 9.18Kbyte/sec\n", 130) = 130
12552 15:19:39.992866 fcntl64(3, F_SETLK64, {type=F_UNLCK, whence=SEEK_SET, start=0, len=0}, 0xbfd30ecc) = 0
12552 15:19:39.992904 write(0, "226 Transfer complete.\r\n", 24) = 24
12552 15:19:39.993013 write(5, "\n", 1) = 1
12552 15:19:39.993045 read(5,  <unfinished ...>
12550 15:19:39.993064 close(6)          = 0
12550 15:19:39.993117 read(4, "\n", 1)  = 1
12550 15:19:39.993148 close(5)          = 0
12550 15:19:39.993177 write(4, "\1", 1) = 1
12552 15:19:39.993206 <... read resumed> "\1", 1) = 1
12552 15:19:39.993225 close(4)          = 0
12552 15:19:39.993253 rt_sigaction(SIGALRM, {0x805cad0, ~[RTMIN RT_1], 0}, NULL, 8) = 0
12552 15:19:39.993288 alarm(300)        = 0
12552 15:19:39.993318 recv(0,  <unfinished ...>
12550 15:19:39.993338 read(4,  <unfinished ...>
12552 15:19:40.511572 <... recv resumed> "TYPE I\r\n", 4096, MSG_PEEK) = 8
12552 15:19:40.511692 read(0, "TYPE I\r\n", 8) = 8
12552 15:19:40.511868 write(0, "200 Switching to Binary mode.\r\n", 31) = 31
12552 15:19:40.512730 rt_sigaction(SIGALRM, {0x805cad0, ~[RTMIN RT_1], 0}, NULL, 8) = 0
12552 15:19:40.512951 alarm(300)        = 299
12552 15:19:40.513025 recv(0, "PASV\r\n", 4096, MSG_PEEK) = 6
12552 15:19:40.513080 read(0, "PASV\r\n", 6) = 6
12552 15:19:40.513237 write(5, "\n", 1) = 1
12552 15:19:40.513307 read(5,  <unfinished ...>
12550 15:19:40.513340 <... read resumed> "\n", 1) = 1
12550 15:19:40.513376 write(4, "\1", 1) = 1
12552 15:19:40.513423 <... read resumed> "\1", 1) = 1
12552 15:19:40.513454 write(5, "\f", 1) = 1
12552 15:19:40.513498 read(5,  <unfinished ...>
12550 15:19:40.513527 read(4, "\f", 1)  = 1
12550 15:19:40.513578 socket(PF_INET, SOCK_STREAM, IPPROTO_TCP) = 5
12550 15:19:40.513747 setsockopt(5, SOL_SOCKET, SO_REUSEADDR, [1], 4) = 0
12550 15:19:40.513813 bind(5, {sa_family=AF_INET, sin_port=htons(14400), sin_addr=inet_addr("127.0.0.1")}, 16) = 0
12550 15:19:40.513878 listen(5, 1)      = 0
12550 15:19:40.513934 write(4, "@8\0\0", 4) = 4
12552 15:19:40.513984 <... read resumed> "@8\0\0", 4) = 4
12552 15:19:40.514125 write(0, "227 Entering Passive Mode (127,0,0,1,56,64).\r\n", 46) = 46
12552 15:19:40.514719 rt_sigaction(SIGALRM, {0x805cad0, ~[RTMIN RT_1], 0}, NULL, 8) = 0
12552 15:19:40.514795 alarm(300)        = 300
12552 15:19:40.514847 recv(0, "STOR myfile22\r\n", 4096, MSG_PEEK) = 15
12552 15:19:40.514901 read(0, "STOR myfile22\r\n", 15) = 15
12552 15:19:40.515043 write(5, "\v", 1) = 1
12552 15:19:40.515142 read(5,  <unfinished ...>
12550 15:19:40.515182 read(4, "\v", 1)  = 1
12550 15:19:40.515233 write(4, "\1\0\0\0", 4) = 4
12552 15:19:40.515280 <... read resumed> "\1\0\0\0", 4) = 4
12552 15:19:40.515376 gettimeofday({1495653580, 515409}, NULL) = 0
12552 15:19:40.515444 getcwd("/home/msfadmin", 4096) = 15
12552 15:19:40.515499 open("myfile22", O_WRONLY|O_CREAT|O_NONBLOCK|O_LARGEFILE, 0666) = 4
12552 15:19:40.515558 fstat64(4, {st_mode=S_IFREG|0644, st_size=17, ...}) = 0
12552 15:19:40.515673 fcntl64(4, F_GETFL) = 0x8801 (flags O_WRONLY|O_NONBLOCK|O_LARGEFILE)
12552 15:19:40.515798 fcntl64(4, F_SETFL, O_WRONLY|O_LARGEFILE) = 0
12552 15:19:40.515847 fcntl64(4, F_SETLKW64, {type=F_WRLCK, whence=SEEK_SET, start=0, len=0}, 0xbfd30f24) = 0
12550 15:19:40.515912 read(4,  <unfinished ...>
12552 15:19:40.515940 ftruncate64(4, 0) = 0
12552 15:19:40.516015 _llseek(4, 0, [0], SEEK_SET) = 0
12552 15:19:40.516063 write(5, "\v", 1) = 1
12550 15:19:40.516151 <... read resumed> "\v", 1) = 1
12550 15:19:40.516186 write(4, "\1\0\0\0", 4) = 4
12550 15:19:40.516306 read(4,  <unfinished ...>
12552 15:19:40.516348 read(5, "\1\0\0\0", 4) = 4
12552 15:19:40.516400 write(5, "\v", 1) = 1
12550 15:19:40.516442 <... read resumed> "\v", 1) = 1
12550 15:19:40.516471 write(4, "\1\0\0\0", 4) = 4
12550 15:19:40.516517 read(4,  <unfinished ...>
12552 15:19:40.516545 read(5, "\1\0\0\0", 4) = 4
12552 15:19:40.516664 write(5, "\r", 1) = 1
12550 15:19:40.516723 <... read resumed> "\r", 1) = 1
12550 15:19:40.516756 select(6, [5], NULL, NULL, {60, 0}) = 1 (in [5], left {60, 0})
12552 15:19:40.516823 read(5,  <unfinished ...>
12550 15:19:40.516853 accept(5, {sa_family=AF_INET, sin_port=htons(39586), sin_addr=inet_addr("127.0.0.1")}, [16]) = 6
12550 15:19:40.516951 write(4, "\1", 1) = 1
12552 15:19:40.516995 <... read resumed> "\1", 1) = 1
12552 15:19:40.517145 recvmsg(5,  <unfinished ...>
12550 15:19:40.517188 sendmsg(4, {msg_name(0)=NULL, msg_iov(1)=[{"\0", 1}], msg_controllen=16, {cmsg_len=16, cmsg_level=SOL_SOCKET, cmsg_type=SCM_RIGHTS, {6}}, msg_flags=0}, 0) = 1
12552 15:19:40.517264 <... recvmsg resumed> {msg_name(0)=NULL, msg_iov(1)=[{"\0", 1}], msg_controllen=16, {cmsg_len=16, cmsg_level=SOL_SOCKET, cmsg_type=SCM_RIGHTS, {6}}, msg_flags=0}, 0) = 1
12552 15:19:40.517321 setsockopt(6, SOL_SOCKET, SO_KEEPALIVE, [1], 4) = 0
12552 15:19:40.517374 setsockopt(6, SOL_IP, IP_TOS, [8], 4) = 0
12550 15:19:40.517419 close(6)          = 0
12552 15:19:40.517467 setsockopt(6, SOL_SOCKET, SO_LINGER, {onoff=1, linger=32767}, 8 <unfinished ...>
12550 15:19:40.517519 read(4,  <unfinished ...>
12552 15:19:40.517544 <... setsockopt resumed> ) = 0
12552 15:19:40.517607 rt_sigaction(SIGALRM, {0x805cad0, ~[RTMIN RT_1], 0}, NULL, 8) = 0
12552 15:19:40.517747 alarm(300)        = 300
12552 15:19:40.517809 write(0, "150 Ok to send data.\r\n", 22) = 22
12552 15:19:40.518202 read(6, "assasaaa\na\na\na\na\n", 65536) = 17
12552 15:19:40.518269 write(4, "assasaaa\na\na\na\na\n", 17) = 17
12552 15:19:40.518338 read(6, "", 65536) = 0
12552 15:19:40.518384 rt_sigaction(SIGALRM, {0x805cad0, ~[RTMIN RT_1], 0}, NULL, 8) = 0
12552 15:19:40.518529 alarm(300)        = 300
12552 15:19:40.518616 close(6)          = 0
12552 15:19:40.518700 alarm(0)          = 300
12552 15:19:40.518743 gettimeofday({1495653580, 518759}, NULL) = 0
12552 15:19:40.518809 gettimeofday({1495653580, 518826}, NULL) = 0
12552 15:19:40.518864 fcntl64(3, F_SETLKW64, {type=F_WRLCK, whence=SEEK_SET, start=0, len=0}, 0xbfd30ec4) = 0
12552 15:19:40.518929 write(3, "Wed May 24 15:19:40 2017 [pid 12552] [msfadmin] OK UPLOAD: Client \"127.0.0.1\", \"/home/msfadmin/myfile22\", 17 bytes, 4.86Kbyte/sec\n", 130) = 130
12552 15:19:40.519158 fcntl64(3, F_SETLK64, {type=F_UNLCK, whence=SEEK_SET, start=0, len=0}, 0xbfd30ecc) = 0
12552 15:19:40.519232 write(0, "226 Transfer complete.\r\n", 24) = 24
12552 15:19:40.519604 write(5, "\n", 1) = 1
12550 15:19:40.519667 <... read resumed> "\n", 1) = 1
12550 15:19:40.519698 close(5)          = 0
12550 15:19:40.519854 write(4, "\1", 1) = 1
12550 15:19:40.519910 read(4,  <unfinished ...>
12552 15:19:40.519942 read(5, "\1", 1)  = 1
12552 15:19:40.519991 close(4)          = 0
12552 15:19:40.520099 rt_sigaction(SIGALRM, {0x805cad0, ~[RTMIN RT_1], 0}, NULL, 8) = 0
12552 15:19:40.520185 alarm(300)        = 0
12552 15:19:40.520225 recv(0, "TYPE I\r\n", 4096, MSG_PEEK) = 8
12552 15:19:41.041741 read(0, "TYPE I\r\n", 8) = 8
12552 15:19:41.041993 write(0, "200 Switching to Binary mode.\r\n", 31) = 31
12552 15:19:41.042198 rt_sigaction(SIGALRM, {0x805cad0, ~[RTMIN RT_1], 0}, NULL, 8) = 0
12552 15:19:41.042273 alarm(300)        = 299
12552 15:19:41.042327 recv(0, "PASV\r\n", 4096, MSG_PEEK) = 6
12552 15:19:41.042377 read(0, "PASV\r\n", 6) = 6
12552 15:19:41.042380 write(5, "\n", 1) = 1
12550 15:19:41.042380 <... read resumed> "\n", 1) = 1
12550 15:19:41.042423 write(4, "\1", 1) = 1
12550 15:19:41.042488 read(4,  <unfinished ...>
12552 15:19:41.042521 read(5, "\1", 1)  = 1
12552 15:19:41.042573 write(5, "\f", 1) = 1
12550 15:19:41.042616 <... read resumed> "\f", 1) = 1
12550 15:19:41.042650 socket(PF_INET, SOCK_STREAM, IPPROTO_TCP) = 5
12550 15:19:41.042788 setsockopt(5, SOL_SOCKET, SO_REUSEADDR, [1], 4) = 0
12550 15:19:41.042850 bind(5, {sa_family=AF_INET, sin_port=htons(43626), sin_addr=inet_addr("127.0.0.1")}, 16) = 0
12550 15:19:41.042915 listen(5, 1)      = 0
12550 15:19:41.042972 write(4, "j\252\0\0", 4) = 4
12550 15:19:41.043021 read(4,  <unfinished ...>
12552 15:19:41.043052 read(5, "j\252\0\0", 4) = 4
12552 15:19:41.043122 write(0, "227 Entering Passive Mode (127,0,0,1,170,106).\r\n", 48) = 48
12552 15:19:41.043808 rt_sigaction(SIGALRM, {0x805cad0, ~[RTMIN RT_1], 0}, NULL, 8) = 0
12552 15:19:41.043889 alarm(300)        = 300
12552 15:19:41.043940 recv(0, "STOR myfile23\r\n", 4096, MSG_PEEK) = 15
12552 15:19:41.044064 read(0, "STOR myfile23\r\n", 15) = 15
12552 15:19:41.044150 write(5, "\v", 1) = 1
12550 15:19:41.044198 <... read resumed> "\v", 1) = 1
12550 15:19:41.044229 write(4, "\1\0\0\0", 4) = 4
12550 15:19:41.044310 read(4,  <unfinished ...>
12552 15:19:41.044351 read(5, "\1\0\0\0", 4) = 4
12552 15:19:41.044404 gettimeofday({1495653581, 44420}, NULL) = 0
12552 15:19:41.044452 getcwd("/home/msfadmin", 4096) = 15
12552 15:19:41.044505 open("myfile23", O_WRONLY|O_CREAT|O_NONBLOCK|O_LARGEFILE, 0666) = 4
12552 15:19:41.044565 fstat64(4, {st_mode=S_IFREG|0644, st_size=17, ...}) = 0
12552 15:19:41.044716 fcntl64(4, F_GETFL) = 0x8801 (flags O_WRONLY|O_NONBLOCK|O_LARGEFILE)
12552 15:19:41.044769 fcntl64(4, F_SETFL, O_WRONLY|O_LARGEFILE) = 0
12552 15:19:41.044836 fcntl64(4, F_SETLKW64, {type=F_WRLCK, whence=SEEK_SET, start=0, len=0}, 0xbfd30f24) = 0
12552 15:19:41.044897 ftruncate64(4, 0) = 0
12552 15:19:41.045041 _llseek(4, 0, [0], SEEK_SET) = 0
12552 15:19:41.045097 write(5, "\v", 1) = 1
12550 15:19:41.045144 <... read resumed> "\v", 1) = 1
12550 15:19:41.045176 write(4, "\1\0\0\0", 4) = 4
12550 15:19:41.045223 read(4,  <unfinished ...>
12552 15:19:41.045344 read(5, "\1\0\0\0", 4) = 4
12552 15:19:41.045410 write(5, "\v", 1) = 1
12550 15:19:41.045453 <... read resumed> "\v", 1) = 1
12550 15:19:41.045483 write(4, "\1\0\0\0", 4) = 4
12550 15:19:41.045529 read(4,  <unfinished ...>
12552 15:19:41.045558 read(5, "\1\0\0\0", 4) = 4
12552 15:19:41.045607 write(5, "\r", 1) = 1
12550 15:19:41.045648 <... read resumed> "\r", 1) = 1
12550 15:19:41.045681 select(6, [5], NULL, NULL, {60, 0}) = 1 (in [5], left {60, 0})
12550 15:19:41.045750 accept(5, {sa_family=AF_INET, sin_port=htons(58975), sin_addr=inet_addr("127.0.0.1")}, [16]) = 6
12550 15:19:41.045845 write(4, "\1", 1) = 1
12550 15:19:41.046005 sendmsg(4, {msg_name(0)=NULL, msg_iov(1)=[{"\0", 1}], msg_controllen=16, {cmsg_len=16, cmsg_level=SOL_SOCKET, cmsg_type=SCM_RIGHTS, {6}}, msg_flags=0}, 0) = 1
12550 15:19:41.046132 close(6)          = 0
12550 15:19:41.046201 read(4,  <unfinished ...>
12552 15:19:41.046392 read(5, "\1", 1)  = 1
12552 15:19:41.046494 recvmsg(5, {msg_name(0)=NULL, msg_iov(1)=[{"\0", 1}], msg_controllen=16, {cmsg_len=16, cmsg_level=SOL_SOCKET, cmsg_type=SCM_RIGHTS, {6}}, msg_flags=0}, 0) = 1
12552 15:19:41.046627 setsockopt(6, SOL_SOCKET, SO_KEEPALIVE, [1], 4) = 0
12552 15:19:41.046719 setsockopt(6, SOL_IP, IP_TOS, [8], 4) = 0
12552 15:19:41.046803 setsockopt(6, SOL_SOCKET, SO_LINGER, {onoff=1, linger=32767}, 8) = 0
12552 15:19:41.046887 rt_sigaction(SIGALRM, {0x805cad0, ~[RTMIN RT_1], 0}, NULL, 8) = 0
12552 15:19:41.046986 alarm(300)        = 300
12552 15:19:41.047078 write(0, "150 Ok to send data.\r\n", 22) = 22
12552 15:19:41.047769 read(6, "assasaaa\na\na\na\na\n", 65536) = 17
12552 15:19:41.047870 write(4, "assasaaa\na\na\na\na\n", 17) = 17
12552 15:19:41.047979 read(6, "", 65536) = 0
12552 15:19:41.048182 rt_sigaction(SIGALRM, {0x805cad0, ~[RTMIN RT_1], 0}, NULL, 8) = 0
12552 15:19:41.048355 alarm(300)        = 300
12552 15:19:41.048523 close(6)          = 0
12552 15:19:41.048641 alarm(0)          = 300
12552 15:19:41.048704 gettimeofday({1495653581, 48731}, NULL) = 0
12552 15:19:41.048806 gettimeofday({1495653581, 48835}, NULL) = 0
12552 15:19:41.048891 fcntl64(3, F_SETLKW64, {type=F_WRLCK, whence=SEEK_SET, start=0, len=0}, 0xbfd30ec4) = 0
12552 15:19:41.048988 write(3, "Wed May 24 15:19:41 2017 [pid 12552] [msfadmin] OK UPLOAD: Client \"127.0.0.1\", \"/home/msfadmin/myfile23\", 17 bytes, 3.76Kbyte/sec\n", 130) = 130
12552 15:19:41.049126 fcntl64(3, F_SETLK64, {type=F_UNLCK, whence=SEEK_SET, start=0, len=0}, 0xbfd30ecc) = 0
12552 15:19:41.049370 write(0, "226 Transfer complete.\r\n", 24) = 24
12552 15:19:41.049715 write(5, "\n", 1 <unfinished ...>
12550 15:19:41.049778 <... read resumed> "\n", 1) = 1
12552 15:19:41.049812 <... write resumed> ) = 1
12550 15:19:41.049852 close(5)          = 0
12550 15:19:41.049927 write(4, "\1", 1) = 1
12550 15:19:41.050144 read(4,  <unfinished ...>
12552 15:19:41.050200 read(5, "\1", 1)  = 1
12552 15:19:41.050277 close(4)          = 0
12552 15:19:41.050550 rt_sigaction(SIGALRM, {0x805cad0, ~[RTMIN RT_1], 0}, NULL, 8) = 0
12552 15:19:41.050656 alarm(300)        = 0
12552 15:19:41.050730 recv(0, "TYPE I\r\n", 4096, MSG_PEEK) = 8
12552 15:19:41.551214 read(0, "TYPE I\r\n", 8) = 8
12552 15:19:41.551465 write(0, "200 Switching to Binary mode.\r\n", 31) = 31
12552 15:19:41.551831 rt_sigaction(SIGALRM, {0x805cad0, ~[RTMIN RT_1], 0}, NULL, 8) = 0
12552 15:19:41.551963 alarm(300)        = 299
12552 15:19:41.552047 recv(0, "PASV\r\n", 4096, MSG_PEEK) = 6
12552 15:19:41.552149 read(0, "PASV\r\n", 6) = 6
12552 15:19:41.552215 write(5, "\n", 1 <unfinished ...>
12550 15:19:41.552293 <... read resumed> "\n", 1) = 1
12552 15:19:41.552322 <... write resumed> ) = 1
12550 15:19:41.552353 write(4, "\1", 1) = 1
12550 15:19:41.552423 read(4,  <unfinished ...>
12552 15:19:41.552543 read(5, "\1", 1)  = 1
12552 15:19:41.552622 write(5, "\f", 1) = 1
12550 15:19:41.552705 <... read resumed> "\f", 1) = 1
12550 15:19:41.552743 socket(PF_INET, SOCK_STREAM, IPPROTO_TCP) = 5
12550 15:19:41.552840 setsockopt(5, SOL_SOCKET, SO_REUSEADDR, [1], 4) = 0
12550 15:19:41.552902 bind(5, {sa_family=AF_INET, sin_port=htons(21486), sin_addr=inet_addr("127.0.0.1")}, 16) = 0
12550 15:19:41.553003 listen(5, 1)      = 0
12550 15:19:41.553063 write(4, "\356S\0\0", 4) = 4
12550 15:19:41.553147 read(4,  <unfinished ...>
12552 15:19:41.553181 read(5, "\356S\0\0", 4) = 4
12552 15:19:41.553287 write(0, "227 Entering Passive Mode (127,0,0,1,83,238).\r\n", 47) = 47
12552 15:19:41.553907 rt_sigaction(SIGALRM, {0x805cad0, ~[RTMIN RT_1], 0}, NULL, 8) = 0
12552 15:19:41.553996 alarm(300)        = 300
12552 15:19:41.554047 recv(0, "STOR myfile24\r\n", 4096, MSG_PEEK) = 15
12552 15:19:41.554103 read(0, "STOR myfile24\r\n", 15) = 15
12552 15:19:41.554161 write(5, "\v", 1) = 1
12550 15:19:41.554243 <... read resumed> "\v", 1) = 1
12550 15:19:41.554284 write(4, "\1\0\0\0", 4) = 4
12550 15:19:41.554365 read(4,  <unfinished ...>
12552 15:19:41.554464 read(5, "\1\0\0\0", 4) = 4
12552 15:19:41.554579 gettimeofday({1495653581, 554596}, NULL) = 0
12552 15:19:41.554629 getcwd("/home/msfadmin", 4096) = 15
12552 15:19:41.554683 open("myfile24", O_WRONLY|O_CREAT|O_NONBLOCK|O_LARGEFILE, 0666) = 4
12552 15:19:41.554742 fstat64(4, {st_mode=S_IFREG|0644, st_size=17, ...}) = 0
12552 15:19:41.554857 fcntl64(4, F_GETFL) = 0x8801 (flags O_WRONLY|O_NONBLOCK|O_LARGEFILE)
12552 15:19:41.554908 fcntl64(4, F_SETFL, O_WRONLY|O_LARGEFILE) = 0
12552 15:19:41.554979 fcntl64(4, F_SETLKW64, {type=F_WRLCK, whence=SEEK_SET, start=0, len=0}, 0xbfd30f24) = 0
12552 15:19:41.555049 ftruncate64(4, 0) = 0
12552 15:19:41.555120 _llseek(4, 0, [0], SEEK_SET) = 0
12552 15:19:41.555167 write(5, "\v", 1 <unfinished ...>
12550 15:19:41.555238 <... read resumed> "\v", 1) = 1
12552 15:19:41.555267 <... write resumed> ) = 1
12550 15:19:41.555325 write(4, "\1\0\0\0", 4) = 4
12550 15:19:41.555573 read(4,  <unfinished ...>
12552 15:19:41.555614 read(5, "\1\0\0\0", 4) = 4
12552 15:19:41.555666 write(5, "\v", 1 <unfinished ...>
12550 15:19:41.555697 <... read resumed> "\v", 1) = 1
12552 15:19:41.555717 <... write resumed> ) = 1
12550 15:19:41.555743 write(4, "\1\0\0\0", 4) = 4
12550 15:19:41.555840 read(4,  <unfinished ...>
12552 15:19:41.555872 read(5, "\1\0\0\0", 4) = 4
12552 15:19:41.555961 write(5, "\r", 1 <unfinished ...>
12550 15:19:41.556024 <... read resumed> "\r", 1) = 1
12552 15:19:41.556050 <... write resumed> ) = 1
12550 15:19:41.556114 select(6, [5], NULL, NULL, {60, 0}) = 1 (in [5], left {60, 0})
12550 15:19:41.556186 accept(5, {sa_family=AF_INET, sin_port=htons(46981), sin_addr=inet_addr("127.0.0.1")}, [16]) = 6
12550 15:19:41.556281 write(4, "\1", 1) = 1
12550 15:19:41.556406 sendmsg(4, {msg_name(0)=NULL, msg_iov(1)=[{"\0", 1}], msg_controllen=16, {cmsg_len=16, cmsg_level=SOL_SOCKET, cmsg_type=SCM_RIGHTS, {6}}, msg_flags=0}, 0) = 1
12550 15:19:41.556590 close(6)          = 0
12550 15:19:41.556706 read(4,  <unfinished ...>
12552 15:19:41.556750 read(5, "\1", 1)  = 1
12552 15:19:41.556846 recvmsg(5, {msg_name(0)=NULL, msg_iov(1)=[{"\0", 1}], msg_controllen=16, {cmsg_len=16, cmsg_level=SOL_SOCKET, cmsg_type=SCM_RIGHTS, {6}}, msg_flags=0}, 0) = 1
12552 15:19:41.556931 setsockopt(6, SOL_SOCKET, SO_KEEPALIVE, [1], 4) = 0
12552 15:19:41.556985 setsockopt(6, SOL_IP, IP_TOS, [8], 4) = 0
12552 15:19:41.557036 setsockopt(6, SOL_SOCKET, SO_LINGER, {onoff=1, linger=32767}, 8) = 0
12552 15:19:41.557084 rt_sigaction(SIGALRM, {0x805cad0, ~[RTMIN RT_1], 0}, NULL, 8) = 0
12552 15:19:41.557142 alarm(300)        = 300
12552 15:19:41.557199 write(0, "150 Ok to send data.\r\n", 22) = 22
12552 15:19:41.557564 read(6, "assasaaa\na\na\na\na\n", 65536) = 17
12552 15:19:41.557630 write(4, "assasaaa\na\na\na\na\n", 17) = 17
12552 15:19:41.557702 read(6, "", 65536) = 0
12552 15:19:41.557748 rt_sigaction(SIGALRM, {0x805cad0, ~[RTMIN RT_1], 0}, NULL, 8) = 0
12552 15:19:41.557819 alarm(300)        = 300
12552 15:19:41.557864 close(6)          = 0
12552 15:19:41.557936 alarm(0)          = 300
12552 15:19:41.557979 gettimeofday({1495653581, 557995}, NULL) = 0
12552 15:19:41.558044 gettimeofday({1495653581, 558060}, NULL) = 0
12552 15:19:41.558099 fcntl64(3, F_SETLKW64, {type=F_WRLCK, whence=SEEK_SET, start=0, len=0}, 0xbfd30ec4) = 0
12552 15:19:41.558163 write(3, "Wed May 24 15:19:41 2017 [pid 12552] [msfadmin] OK UPLOAD: Client \"127.0.0.1\", \"/home/msfadmin/myfile24\", 17 bytes, 4.79Kbyte/sec\n", 130) = 130
12552 15:19:41.558249 fcntl64(3, F_SETLK64, {type=F_UNLCK, whence=SEEK_SET, start=0, len=0}, 0xbfd30ecc) = 0
12552 15:19:41.558311 write(0, "226 Transfer complete.\r\n", 24) = 24
12552 15:19:41.558543 write(5, "\n", 1 <unfinished ...>
12550 15:19:41.558589 <... read resumed> "\n", 1) = 1
12552 15:19:41.558611 <... write resumed> ) = 1
12550 15:19:41.558638 close(5)          = 0
12550 15:19:41.558689 write(4, "\1", 1) = 1
12550 15:19:41.558738 read(4,  <unfinished ...>
12552 15:19:41.558768 read(5, "\1", 1)  = 1
12552 15:19:41.558816 close(4)          = 0
12552 15:19:41.558866 rt_sigaction(SIGALRM, {0x805cad0, ~[RTMIN RT_1], 0}, NULL, 8) = 0
12552 15:19:41.558924 alarm(300)        = 0
12552 15:19:41.558973 recv(0, "TYPE I\r\n", 4096, MSG_PEEK) = 8
12552 15:19:42.091120 read(0, "TYPE I\r\n", 8) = 8
12552 15:19:42.091316 write(0, "200 Switching to Binary mode.\r\n", 31) = 31
12552 15:19:42.091801 rt_sigaction(SIGALRM, {0x805cad0, ~[RTMIN RT_1], 0}, NULL, 8) = 0
12552 15:19:42.091890 alarm(300)        = 299
12552 15:19:42.091943 recv(0, "PASV\r\n", 4096, MSG_PEEK) = 6
12552 15:19:42.091996 read(0, "PASV\r\n", 6) = 6
12552 15:19:42.092027 write(5, "\n", 1 <unfinished ...>
12550 15:19:42.092083 <... read resumed> "\n", 1) = 1
12552 15:19:42.092107 <... write resumed> ) = 1
12550 15:19:42.092137 write(4, "\1", 1) = 1
12550 15:19:42.092185 read(4,  <unfinished ...>
12552 15:19:42.092216 read(5, "\1", 1)  = 1
12552 15:19:42.092353 write(5, "\f", 1) = 1
12550 15:19:42.092406 <... read resumed> "\f", 1) = 1
12550 15:19:42.092440 socket(PF_INET, SOCK_STREAM, IPPROTO_TCP) = 5
12550 15:19:42.092501 setsockopt(5, SOL_SOCKET, SO_REUSEADDR, [1], 4) = 0
12550 15:19:42.092560 bind(5, {sa_family=AF_INET, sin_port=htons(36169), sin_addr=inet_addr("127.0.0.1")}, 16) = 0
12550 15:19:42.092626 listen(5, 1)      = 0
12550 15:19:42.092761 write(4, "I\215\0\0", 4) = 4
12550 15:19:42.092819 read(4,  <unfinished ...>
12552 15:19:42.092850 read(5, "I\215\0\0", 4) = 4
12552 15:19:42.092921 write(0, "227 Entering Passive Mode (127,0,0,1,141,73).\r\n", 47) = 47
12552 15:19:42.093529 rt_sigaction(SIGALRM, {0x805cad0, ~[RTMIN RT_1], 0}, NULL, 8) = 0
12552 15:19:42.093610 alarm(300)        = 300
12552 15:19:42.093661 recv(0, "STOR myfile25\r\n", 4096, MSG_PEEK) = 15
12552 15:19:42.093715 read(0, "STOR myfile25\r\n", 15) = 15
12552 15:19:42.093773 write(5, "\v", 1 <unfinished ...>
12550 15:19:42.093810 <... read resumed> "\v", 1) = 1
12552 15:19:42.093831 <... write resumed> ) = 1
12550 15:19:42.093858 write(4, "\1\0\0\0", 4) = 4
12550 15:19:42.093905 read(4,  <unfinished ...>
12552 15:19:42.093935 read(5, "\1\0\0\0", 4) = 4
12552 15:19:42.093985 gettimeofday({1495653582, 94001}, NULL) = 0
12552 15:19:42.094033 getcwd("/home/msfadmin", 4096) = 15
12552 15:19:42.094086 open("myfile25", O_WRONLY|O_CREAT|O_NONBLOCK|O_LARGEFILE, 0666) = 4
12552 15:19:42.094144 fstat64(4, {st_mode=S_IFREG|0644, st_size=17, ...}) = 0
12552 15:19:42.094218 fcntl64(4, F_GETFL) = 0x8801 (flags O_WRONLY|O_NONBLOCK|O_LARGEFILE)
12552 15:19:42.094375 fcntl64(4, F_SETFL, O_WRONLY|O_LARGEFILE) = 0
12552 15:19:42.094426 fcntl64(4, F_SETLKW64, {type=F_WRLCK, whence=SEEK_SET, start=0, len=0}, 0xbfd30f24) = 0
12552 15:19:42.094487 ftruncate64(4, 0) = 0
12552 15:19:42.094561 _llseek(4, 0, [0], SEEK_SET) = 0
12552 15:19:42.094677 write(5, "\v", 1 <unfinished ...>
12550 15:19:42.094732 <... read resumed> "\v", 1) = 1
12552 15:19:42.094753 <... write resumed> ) = 1
12550 15:19:42.094781 write(4, "\1\0\0\0", 4) = 4
12550 15:19:42.094851 read(4,  <unfinished ...>
12552 15:19:42.094883 read(5, "\1\0\0\0", 4) = 4
12552 15:19:42.094932 write(5, "\v", 1 <unfinished ...>
12550 15:19:42.095036 <... read resumed> "\v", 1) = 1
12552 15:19:42.095068 <... write resumed> ) = 1
12550 15:19:42.095096 write(4, "\1\0\0\0", 4) = 4
12550 15:19:42.095142 read(4,  <unfinished ...>
12552 15:19:42.095172 read(5, "\1\0\0\0", 4) = 4
12552 15:19:42.095221 write(5, "\r", 1 <unfinished ...>
12550 15:19:42.095251 <... read resumed> "\r", 1) = 1
12552 15:19:42.095264 <... write resumed> ) = 1
12550 15:19:42.095305 select(6, [5], NULL, NULL, {60, 0}) = 1 (in [5], left {60, 0})
12550 15:19:42.095376 accept(5, {sa_family=AF_INET, sin_port=htons(49081), sin_addr=inet_addr("127.0.0.1")}, [16]) = 6
12550 15:19:42.095472 write(4, "\1", 1) = 1
12550 15:19:42.095518 sendmsg(4, {msg_name(0)=NULL, msg_iov(1)=[{"\0", 1}], msg_controllen=16, {cmsg_len=16, cmsg_level=SOL_SOCKET, cmsg_type=SCM_RIGHTS, {6}}, msg_flags=0}, 0) = 1
12550 15:19:42.095595 close(6)          = 0
12550 15:19:42.095639 read(4,  <unfinished ...>
12552 15:19:42.095670 read(5, "\1", 1)  = 1
12552 15:19:42.095725 recvmsg(5, {msg_name(0)=NULL, msg_iov(1)=[{"\0", 1}], msg_controllen=16, {cmsg_len=16, cmsg_level=SOL_SOCKET, cmsg_type=SCM_RIGHTS, {6}}, msg_flags=0}, 0) = 1
12552 15:19:42.095885 setsockopt(6, SOL_SOCKET, SO_KEEPALIVE, [1], 4) = 0
12552 15:19:42.095944 setsockopt(6, SOL_IP, IP_TOS, [8], 4) = 0
12552 15:19:42.095995 setsockopt(6, SOL_SOCKET, SO_LINGER, {onoff=1, linger=32767}, 8) = 0
12552 15:19:42.096079 rt_sigaction(SIGALRM, {0x805cad0, ~[RTMIN RT_1], 0}, NULL, 8) = 0
12552 15:19:42.096220 alarm(300)        = 300
12552 15:19:42.096283 write(0, "150 Ok to send data.\r\n", 22) = 22
12552 15:19:42.096661 read(6, "assasaaa\na\na\na\na\n", 65536) = 17
12552 15:19:42.096728 write(4, "assasaaa\na\na\na\na\n", 17) = 17
12552 15:19:42.096798 read(6, "", 65536) = 0
12552 15:19:42.096844 rt_sigaction(SIGALRM, {0x805cad0, ~[RTMIN RT_1], 0}, NULL, 8) = 0
12552 15:19:42.096990 alarm(300)        = 300
12552 15:19:42.097079 close(6)          = 0
12552 15:19:42.097163 alarm(0)          = 300
12552 15:19:42.097289 gettimeofday({1495653582, 97305}, NULL) = 0
12552 15:19:42.097355 gettimeofday({1495653582, 97371}, NULL) = 0
12552 15:19:42.097410 fcntl64(3, F_SETLKW64, {type=F_WRLCK, whence=SEEK_SET, start=0, len=0}, 0xbfd30ec4) = 0
12552 15:19:42.097474 write(3, "Wed May 24 15:19:42 2017 [pid 12552] [msfadmin] OK UPLOAD: Client \"127.0.0.1\", \"/home/msfadmin/myfile25\", 17 bytes, 4.93Kbyte/sec\n", 130) = 130
12552 15:19:42.097667 fcntl64(3, F_SETLK64, {type=F_UNLCK, whence=SEEK_SET, start=0, len=0}, 0xbfd30ecc) = 0
12552 15:19:42.097745 write(0, "226 Transfer complete.\r\n", 24) = 24
12552 15:19:42.097931 write(5, "\n", 1 <unfinished ...>
12550 15:19:42.098029 <... read resumed> "\n", 1) = 1
12552 15:19:42.098062 <... write resumed> ) = 1
12550 15:19:42.098089 close(5)          = 0
12550 15:19:42.098143 write(4, "\1", 1) = 1
12550 15:19:42.098191 read(4,  <unfinished ...>
12552 15:19:42.098223 read(5, "\1", 1)  = 1
12552 15:19:42.098271 close(4)          = 0
12552 15:19:42.098319 rt_sigaction(SIGALRM, {0x805cad0, ~[RTMIN RT_1], 0}, NULL, 8) = 0
12552 15:19:42.098378 alarm(300)        = 0
12552 15:19:42.098427 recv(0, "TYPE I\r\n", 4096, MSG_PEEK) = 8
12552 15:19:42.620447 read(0, "TYPE I\r\n", 8) = 8
12552 15:19:42.620548 write(0, "200 Switching to Binary mode.\r\n", 31) = 31
12552 15:19:42.620805 rt_sigaction(SIGALRM, {0x805cad0, ~[RTMIN RT_1], 0}, NULL, 8) = 0
12552 15:19:42.620882 alarm(300)        = 299
12552 15:19:42.620934 recv(0, "PASV\r\n", 4096, MSG_PEEK) = 6
12552 15:19:42.620984 read(0, "PASV\r\n", 6) = 6
12552 15:19:42.621037 write(5, "\n", 1 <unfinished ...>
12550 15:19:42.621079 <... read resumed> "\n", 1) = 1
12552 15:19:42.621100 <... write resumed> ) = 1
12550 15:19:42.621130 write(4, "\1", 1) = 1
12550 15:19:42.621177 read(4,  <unfinished ...>
12552 15:19:42.621260 read(5, "\1", 1)  = 1
12552 15:19:42.621314 write(5, "\f", 1) = 1
12550 15:19:42.621357 <... read resumed> "\f", 1) = 1
12550 15:19:42.621415 socket(PF_INET, SOCK_STREAM, IPPROTO_TCP) = 5
12550 15:19:42.621477 setsockopt(5, SOL_SOCKET, SO_REUSEADDR, [1], 4) = 0
12550 15:19:42.621536 bind(5, {sa_family=AF_INET, sin_port=htons(54081), sin_addr=inet_addr("127.0.0.1")}, 16) = 0
12550 15:19:42.621609 listen(5, 1)      = 0
12550 15:19:42.621702 write(4, "A\323\0\0", 4) = 4
12550 15:19:42.621761 read(4,  <unfinished ...>
12552 15:19:42.621792 read(5, "A\323\0\0", 4) = 4
12552 15:19:42.621862 write(0, "227 Entering Passive Mode (127,0,0,1,211,65).\r\n", 47) = 47
12552 15:19:42.622190 rt_sigaction(SIGALRM, {0x805cad0, ~[RTMIN RT_1], 0}, NULL, 8) = 0
12552 15:19:42.622280 alarm(300)        = 300
12552 15:19:42.622406 recv(0, "STOR myfile26\r\n", 4096, MSG_PEEK) = 15
12552 15:19:42.622469 read(0, "STOR myfile26\r\n", 15) = 15
12552 15:19:42.622529 write(5, "\v", 1 <unfinished ...>
12550 15:19:42.622565 <... read resumed> "\v", 1) = 1
12552 15:19:42.622586 <... write resumed> ) = 1
12550 15:19:42.622614 write(4, "\1\0\0\0", 4) = 4
12550 15:19:42.622669 read(4,  <unfinished ...>
12552 15:19:42.622700 read(5, "\1\0\0\0", 4) = 4
12552 15:19:42.622750 gettimeofday({1495653582, 622766}, NULL) = 0
12552 15:19:42.622846 getcwd("/home/msfadmin", 4096) = 15
12552 15:19:42.622913 open("myfile26", O_WRONLY|O_CREAT|O_NONBLOCK|O_LARGEFILE, 0666) = 4
12552 15:19:42.622972 fstat64(4, {st_mode=S_IFREG|0644, st_size=17, ...}) = 0
12552 15:19:42.623047 fcntl64(4, F_GETFL) = 0x8801 (flags O_WRONLY|O_NONBLOCK|O_LARGEFILE)
12552 15:19:42.623095 fcntl64(4, F_SETFL, O_WRONLY|O_LARGEFILE) = 0
12552 15:19:42.623156 fcntl64(4, F_SETLKW64, {type=F_WRLCK, whence=SEEK_SET, start=0, len=0}, 0xbfd30f24) = 0
12552 15:19:42.623222 ftruncate64(4, 0) = 0
12552 15:19:42.623332 _llseek(4, 0, [0], SEEK_SET) = 0
12552 15:19:42.623392 write(5, "\v", 1 <unfinished ...>
12550 15:19:42.623427 <... read resumed> "\v", 1) = 1
12552 15:19:42.623448 <... write resumed> ) = 1
12550 15:19:42.623475 write(4, "\1\0\0\0", 4) = 4
12550 15:19:42.623523 read(4,  <unfinished ...>
