9886  14:52:18.746307 munmap(0xb7f24000, 4096) = 0
9886  14:52:18.746326 open("/etc/pam.d/other", O_RDONLY|O_LARGEFILE) = 5
9886  14:52:18.746350 fstat64(5, {st_mode=S_IFREG|0644, st_size=520, ...}) = 0
9886  14:52:18.746379 mmap2(NULL, 4096, PROT_READ|PROT_WRITE, MAP_PRIVATE|MAP_ANONYMOUS, -1, 0) = 0xb7f24000
9886  14:52:18.746399 read(5, "#\n# /etc/pam.d/other - specify the PAM fallback behaviour\n#\n# Note that this file is used for any unspecified service; for example\n#if /etc/pam.d/cron  specifies no session modules but cron calls\n#pam_open_session, the session module out of /etc/pam.d/other is\n#used.  If you really want nothing to happen then use pam_permit.so or\n#pam_deny.so as appropriate.\n\n# We fall back to the system default in /etc/pam.d/common-*\n# \n\n@include common-auth\n@include common-account\n@include common-password\n@include common-session\n", 4096) = 520
9886  14:52:18.746482 stat64("/etc/pam.d", {st_mode=S_IFDIR|0755, st_size=4096, ...}) = 0
9886  14:52:18.746515 open("/etc/pam.d/common-auth", O_RDONLY|O_LARGEFILE) = 6
9886  14:52:18.746537 fstat64(6, {st_mode=S_IFREG|0644, st_size=476, ...}) = 0
9886  14:52:18.746567 mmap2(NULL, 4096, PROT_READ|PROT_WRITE, MAP_PRIVATE|MAP_ANONYMOUS, -1, 0) = 0xb7f1e000
9886  14:52:18.746586 read(6, "#\n# /etc/pam.d/common-auth - authentication settings common to all services\n#\n# This file is included from other service-specific PAM config files,\n# and should contain a list of the authentication modules that define\n# the central authentication scheme for use on the system\n# (e.g., /etc/shadow, LDAP, Kerberos, etc.).  The default is to use the\n# traditional Unix authentication mechanisms.\n#\nauth\trequisite\tpam_unix.so nullok_secure\n# auth\toptional\tpam_smbpass.so migrate\n", 4096) = 476
9886  14:52:18.746671 read(6, "", 4096) = 0
9886  14:52:18.746689 close(6)          = 0
9886  14:52:18.746706 munmap(0xb7f1e000, 4096) = 0
9886  14:52:18.746726 stat64("/etc/pam.d", {st_mode=S_IFDIR|0755, st_size=4096, ...}) = 0
9886  14:52:18.746759 open("/etc/pam.d/common-account", O_RDONLY|O_LARGEFILE) = 6
9886  14:52:18.746782 fstat64(6, {st_mode=S_IFREG|0644, st_size=392, ...}) = 0
9886  14:52:18.746811 mmap2(NULL, 4096, PROT_READ|PROT_WRITE, MAP_PRIVATE|MAP_ANONYMOUS, -1, 0) = 0xb7f1e000
9886  14:52:18.746836 read(6, "#\n# /etc/pam.d/common-account - authorization settings common to all services\n#\n# This file is included from other service-specific PAM config files,\n# and should contain a list of the authorization modules that define\n# the central access policy for use on the system.  The default is to\n# only deny service to users whose accounts are expired in /etc/shadow.\n#\naccount\trequired\tpam_unix.so\n", 4096) = 392
9886  14:52:18.746908 read(6, "", 4096) = 0
9886  14:52:18.746926 close(6)          = 0
9886  14:52:18.746943 munmap(0xb7f1e000, 4096) = 0
9886  14:52:18.746962 stat64("/etc/pam.d", {st_mode=S_IFDIR|0755, st_size=4096, ...}) = 0
9886  14:52:18.746995 open("/etc/pam.d/common-password", O_RDONLY|O_LARGEFILE) = 6
9886  14:52:18.747018 fstat64(6, {st_mode=S_IFREG|0644, st_size=1563, ...}) = 0
9886  14:52:18.747048 mmap2(NULL, 4096, PROT_READ|PROT_WRITE, MAP_PRIVATE|MAP_ANONYMOUS, -1, 0) = 0xb7f1e000
9886  14:52:18.747066 read(6, "#\n# /etc/pam.d/common-password - password-related modules common to all services\n#\n# This file is included from other service-specific PAM config files,\n# and should contain a list of modules that define the services to be\n# used to change user passwords.  The default is pam_unix.\n\n# Explanation of pam_unix options:\n#\n# The \"nullok\" option allows users to change an empty password, else\n# empty passwords are treated as locked accounts.\n#\n# The \"md5\" option enables MD5 passwords.  Without this option, the\n# default is Unix crypt.\n#\n# The \"obscure\" option replaces the old `OBSCURE_CHECKS_ENAB\' option in\n# login.defs.\n#\n# You can also use the \"min\" option to enforce the length of the new\n# password.\n#\n# See the pam_unix manpage for other options.\n\npassword   requisite   pam_unix.so nullok obscure md5\n\n# Alternate strength checking for password. Note that this\n# requires the libpam-cracklib package to be installed.\n# You will need to comment out the password line above and\n# uncomment the next two in order to use this.\n# (Replaces the `OBSCURE_CHECKS_ENAB\', `CRACKLIB_DICTPATH\')\n#\n# password required\t  pam_cracklib.so retry=3 minlen=6 difok=3\n# password required\t  pam_unix.so use_authtok nullok md5\n\n# minimally-intrusive inclusion of smbpass in the stack for\n# synchronization.  If the module is absent or the passwords don\'t\n# match, this module will be ignored without prompting; and if the \n# passwords do match, the NTLM hash for the user will be updated\n# automatically.\n# password   optional   pam_smbpass.so nullok use_authtok use_first_pass\n", 4096) = 1563
9886  14:52:18.747296 read(6, "", 4096) = 0
9886  14:52:18.747316 close(6)          = 0
9886  14:52:18.747334 munmap(0xb7f1e000, 4096) = 0
9886  14:52:18.747354 stat64("/etc/pam.d", {st_mode=S_IFDIR|0755, st_size=4096, ...}) = 0
9886  14:52:18.747388 open("/etc/pam.d/common-session", O_RDONLY|O_LARGEFILE) = 6
9886  14:52:18.747411 fstat64(6, {st_mode=S_IFREG|0644, st_size=372, ...}) = 0
9886  14:52:18.747441 mmap2(NULL, 4096, PROT_READ|PROT_WRITE, MAP_PRIVATE|MAP_ANONYMOUS, -1, 0) = 0xb7f1e000
9886  14:52:18.747460 read(6, "#\n# /etc/pam.d/common-session - session-related modules common to all services\n#\n# This file is included from other service-specific PAM config files,\n# and should contain a list of modules that define tasks to be performed\n# at the start and end of sessions of *any* kind (both interactive and\n# non-interactive).  The default is pam_unix.\n#\nsession\trequired\tpam_unix.so\n", 4096) = 372
9886  14:52:18.747529 read(6, "", 4096) = 0
9886  14:52:18.747547 close(6)          = 0
9886  14:52:18.747564 munmap(0xb7f1e000, 4096) = 0
9886  14:52:18.747582 read(5, "", 4096) = 0
9886  14:52:18.747599 close(5)          = 0
9886  14:52:18.747616 munmap(0xb7f24000, 4096) = 0
9886  14:52:18.747639 time(NULL)        = 1495651938
9886  14:52:18.747660 lstat64("/etc/ftpusers", {st_mode=S_IFREG|0644, st_size=132, ...}) = 0
9886  14:52:18.747693 open("/etc/ftpusers", O_RDONLY|O_LARGEFILE) = 5
9886  14:52:18.747721 fstat64(5, {st_mode=S_IFREG|0644, st_size=132, ...}) = 0
9886  14:52:18.747750 mmap2(NULL, 4096, PROT_READ|PROT_WRITE, MAP_PRIVATE|MAP_ANONYMOUS, -1, 0) = 0xb7f24000
9886  14:52:18.747769 read(5, "# /etc/ftpusers: list of users disallowed FTP access. See ftpusers(5).\n\nroot\ndaemon\nbin\nsys\nsync\ngames\nman\nlp\nmail\nnews\nuucp\nnobody\n", 4096) = 132
9886  14:52:18.747808 read(5, "", 4096) = 0
9886  14:52:18.747825 close(5)          = 0
9886  14:52:18.747842 munmap(0xb7f24000, 4096) = 0
9886  14:52:18.747869 getuid32()        = 0
9886  14:52:18.747899 open("/etc/passwd", O_RDONLY|0x80000 /* O_??? */) = 5
9886  14:52:18.747926 _llseek(5, 0, [0], SEEK_CUR) = 0
9886  14:52:18.747946 fstat64(5, {st_mode=S_IFREG|0644, st_size=1624, ...}) = 0
9886  14:52:18.747975 mmap2(NULL, 1624, PROT_READ, MAP_SHARED, 5, 0) = 0xb7f24000
9886  14:52:18.747995 _llseek(5, 1624, [1624], SEEK_SET) = 0
9886  14:52:18.748030 munmap(0xb7f24000, 1624) = 0
9886  14:52:18.748049 close(5)          = 0
9886  14:52:18.748112 open("/etc/shadow", O_RDONLY|0x80000 /* O_??? */) = 5
9886  14:52:18.748144 _llseek(5, 0, [0], SEEK_CUR) = 0
9886  14:52:18.748164 fstat64(5, {st_mode=S_IFREG|0640, st_size=1233, ...}) = 0
9886  14:52:18.748193 mmap2(NULL, 1233, PROT_READ, MAP_SHARED, 5, 0) = 0xb7f24000
9886  14:52:18.748213 _llseek(5, 1233, [1233], SEEK_SET) = 0
9886  14:52:18.748249 munmap(0xb7f24000, 1233) = 0
9886  14:52:18.748268 close(5)          = 0
9886  14:52:18.748301 open("/etc/passwd", O_RDONLY|0x80000 /* O_??? */) = 5
9886  14:52:18.748325 _llseek(5, 0, [0], SEEK_CUR) = 0
9886  14:52:18.748344 fstat64(5, {st_mode=S_IFREG|0644, st_size=1624, ...}) = 0
9886  14:52:18.748373 mmap2(NULL, 1624, PROT_READ, MAP_SHARED, 5, 0) = 0xb7f24000
9886  14:52:18.748392 _llseek(5, 1624, [1624], SEEK_SET) = 0
9886  14:52:18.748421 munmap(0xb7f24000, 1624) = 0
9886  14:52:18.748439 close(5)          = 0
9886  14:52:18.748461 open("/etc/shadow", O_RDONLY|0x80000 /* O_??? */) = 5
9886  14:52:18.748484 _llseek(5, 0, [0], SEEK_CUR) = 0
9886  14:52:18.748503 fstat64(5, {st_mode=S_IFREG|0640, st_size=1233, ...}) = 0
9886  14:52:18.748532 mmap2(NULL, 1233, PROT_READ, MAP_SHARED, 5, 0) = 0xb7f24000
9886  14:52:18.748551 _llseek(5, 1233, [1233], SEEK_SET) = 0
9886  14:52:18.748581 munmap(0xb7f24000, 1233) = 0
9886  14:52:18.748598 close(5)          = 0
9886  14:52:18.749034 getuid32()        = 0
9886  14:52:18.749058 open("/etc/passwd", O_RDONLY|0x80000 /* O_??? */) = 5
9886  14:52:18.749082 _llseek(5, 0, [0], SEEK_CUR) = 0
9886  14:52:18.749101 fstat64(5, {st_mode=S_IFREG|0644, st_size=1624, ...}) = 0
9886  14:52:18.749131 mmap2(NULL, 1624, PROT_READ, MAP_SHARED, 5, 0) = 0xb7f24000
9886  14:52:18.749150 _llseek(5, 1624, [1624], SEEK_SET) = 0
9886  14:52:18.749179 munmap(0xb7f24000, 1624) = 0
9886  14:52:18.749197 close(5)          = 0
9886  14:52:18.749221 open("/etc/shadow", O_RDONLY|0x80000 /* O_??? */) = 5
9886  14:52:18.749244 _llseek(5, 0, [0], SEEK_CUR) = 0
9886  14:52:18.749263 fstat64(5, {st_mode=S_IFREG|0640, st_size=1233, ...}) = 0
9886  14:52:18.749292 mmap2(NULL, 1233, PROT_READ, MAP_SHARED, 5, 0) = 0xb7f24000
9886  14:52:18.749311 _llseek(5, 1233, [1233], SEEK_SET) = 0
9886  14:52:18.749342 munmap(0xb7f24000, 1233) = 0
9886  14:52:18.749359 close(5)          = 0
9886  14:52:18.749380 time(NULL)        = 1495651938
9886  14:52:18.749407 munmap(0xb7f21000, 12164) = 0
9886  14:52:18.749431 munmap(0xb7f1f000, 7136) = 0
9886  14:52:18.749456 munmap(0xb7d54000, 95428) = 0
9886  14:52:18.749476 munmap(0xb7d1a000, 201052) = 0
9886  14:52:18.749497 munmap(0xb7d01000, 101180) = 0
9886  14:52:18.749517 gettimeofday({1495651938, 749517}, NULL) = 0
9886  14:52:18.749517 stat64("/usr/share/zoneinfo/UTC+04:00", 0xbfabd424) = -1 ENOENT (No such file or directory)
9886  14:52:18.749517 open("/usr/share/zoneinfo/UTC+04:00", O_RDONLY) = -1 ENOENT (No such file or directory)
9886  14:52:18.749517 fcntl64(3, F_SETLKW64, {type=F_WRLCK, whence=SEEK_SET, start=0, len=0}, 0xbfabd574) = 0
9886  14:52:18.749544 write(3, "Wed May 24 14:52:18 2017 [pid 9886] [msfadmin] OK LOGIN: Client \"127.0.0.1\"\n", 76) = 76
9886  14:52:18.749582 fcntl64(3, F_SETLK64, {type=F_UNLCK, whence=SEEK_SET, start=0, len=0}, 0xbfabd57c) = 0
9886  14:52:18.749606 rt_sigaction(SIGCHLD, {0x805cad0, ~[RTMIN RT_1], 0}, NULL, 8) = 0
9886  14:52:18.749632 write(4, "\1", 1 <unfinished ...>
9887  14:52:18.749649 <... read resumed> "\1", 1) = 1
9886  14:52:18.749659 <... write resumed> ) = 1
9887  14:52:18.749672 exit_group(0)     = ?
9886  14:52:18.749724 --- SIGCHLD (Child exited) @ 0 (0) ---
9886  14:52:18.749738 sigreturn()       = ? (mask now [])
9886  14:52:18.749772 wait4(-1, [{WIFEXITED(s) && WEXITSTATUS(s) == 0}], 0, NULL) = 9887
9886  14:52:18.749823 close(4)          = 0
9886  14:52:18.749847 socketpair(PF_FILE, SOCK_STREAM, 0, [4, 5]) = 0
9886  14:52:18.749872 rt_sigaction(SIGCHLD, {0x805cad0, ~[RTMIN RT_1], 0}, NULL, 8) = 0
9886  14:52:18.749897 rt_sigaction(SIGALRM, {0x805cb10, ~[RTMIN RT_1], 0}, NULL, 8) = 0
9886  14:52:18.749922 clone(child_stack=0, flags=CLONE_CHILD_CLEARTID|CLONE_CHILD_SETTID|SIGCHLD, child_tidptr=0xb7d8a6f8) = 9888
9888  14:52:18.750014 prctl(0x1, 0x9, 0, 0, 0) = 0
9888  14:52:18.750039 close(4)          = 0
9888  14:52:18.750088 open("/etc/passwd", O_RDONLY|0x80000 /* O_??? */) = 4
9888  14:52:18.750119 _llseek(4, 0, [0], SEEK_CUR) = 0
9888  14:52:18.750147 fstat64(4, {st_mode=S_IFREG|0644, st_size=1624, ...}) = 0
9888  14:52:18.750181 mmap2(NULL, 1624, PROT_READ, MAP_SHARED, 4, 0) = 0xb7f24000
9888  14:52:18.750202 _llseek(4, 1624, [1624], SEEK_SET) = 0
9888  14:52:18.750243 munmap(0xb7f24000, 1624) = 0
9888  14:52:18.750263 close(4)          = 0
9888  14:52:18.750288 getuid32()        = 0
9888  14:52:18.750306 open("/etc/passwd", O_RDONLY|0x80000 /* O_??? */) = 4
9888  14:52:18.750329 _llseek(4, 0, [0], SEEK_CUR) = 0
9888  14:52:18.750348 fstat64(4, {st_mode=S_IFREG|0644, st_size=1624, ...}) = 0
9888  14:52:18.750377 mmap2(NULL, 1624, PROT_READ, MAP_SHARED, 4, 0) = 0xb7f24000
9888  14:52:18.750397 _llseek(4, 1624, [1624], SEEK_SET) = 0
9888  14:52:18.750426 munmap(0xb7f24000, 1624) = 0
9888  14:52:18.750443 close(4)          = 0
9888  14:52:18.750489 open("/proc/sys/kernel/ngroups_max", O_RDONLY) = 4
9888  14:52:18.750526 read(4, "65536\n", 31) = 6
9888  14:52:18.750548 close(4)          = 0
9888  14:52:18.750574 socket(PF_FILE, SOCK_STREAM, 0) = 4
9888  14:52:18.750596 fcntl64(4, F_SETFL, O_RDWR|O_NONBLOCK) = 0
9888  14:52:18.750616 connect(4, {sa_family=AF_FILE, path="/var/run/nscd/socket"}, 110) = -1 ENOENT (No such file or directory)
9888  14:52:18.750654 close(4)          = 0
9888  14:52:18.750675 socket(PF_FILE, SOCK_STREAM, 0) = 4
9888  14:52:18.750693 fcntl64(4, F_SETFL, O_RDWR|O_NONBLOCK) = 0
9888  14:52:18.750712 connect(4, {sa_family=AF_FILE, path="/var/run/nscd/socket"}, 110) = -1 ENOENT (No such file or directory)
9888  14:52:18.750745 close(4)          = 0
9888  14:52:18.750808 open("/etc/group", O_RDONLY|0x80000 /* O_??? */) = 4
9888  14:52:18.750839 _llseek(4, 0, [0], SEEK_CUR) = 0
9888  14:52:18.750860 fstat64(4, {st_mode=S_IFREG|0644, st_size=886, ...}) = 0
9888  14:52:18.750890 mmap2(NULL, 886, PROT_READ, MAP_SHARED, 4, 0) = 0xb7f24000
9888  14:52:18.750910 _llseek(4, 886, [886], SEEK_SET) = 0
9888  14:52:18.750956 fstat64(4, {st_mode=S_IFREG|0644, st_size=886, ...}) = 0
9888  14:52:18.750987 munmap(0xb7f24000, 886) = 0
9888  14:52:18.751006 close(4)          = 0
9888  14:52:18.751024 setgroups32(13, [1000, 4, 20, 24, 25, 29, 30, 44, 46, 107, 111, 112, 119]) = 0
9888  14:52:18.751054 geteuid32()       = 0
9888  14:52:18.751073 getegid32()       = 0
9888  14:52:18.751093 setregid32(-1, 1000) = 0
9888  14:52:18.751112 setreuid32(-1, 1000) = 0
9888  14:52:18.751131 chdir("/home/msfadmin") = 0
9888  14:52:18.751153 setreuid32(-1, 0) = 0
9888  14:52:18.751169 setregid32(-1, 0) = 0
9888  14:52:18.751188 setgid32(1000)    = 0
9888  14:52:18.751206 setuid32(1000)    = 0
9888  14:52:18.751224 setrlimit(RLIMIT_NPROC, {rlim_cur=0, rlim_max=0}) = 0
9888  14:52:18.751248 mmap2(NULL, 12288, PROT_READ|PROT_WRITE, MAP_PRIVATE|MAP_ANONYMOUS, -1, 0) = 0xb7f22000
9888  14:52:18.751276 mprotect(0xb7f24000, 4096, PROT_NONE) = 0
9888  14:52:18.751297 mprotect(0xb7f22000, 4096, PROT_NONE) = 0
9888  14:52:18.751317 getcwd("/home/msfadmin", 4096) = 15
9888  14:52:18.751341 umask(022)        = 077
9888  14:52:18.751359 getcwd("/home/msfadmin", 4096) = 15
9888  14:52:18.751384 open(".message", O_RDONLY|O_NONBLOCK|O_LARGEFILE) = -1 ENOENT (No such file or directory)
9888  14:52:18.751425 write(0, "230 Login successful.\r\n", 23) = 23
9888  14:52:18.751567 rt_sigaction(SIGALRM, {0x805cad0, ~[RTMIN RT_1], 0}, NULL, 8) = 0
9888  14:52:18.751598 alarm(300)        = 0
9888  14:52:18.751618 mmap2(NULL, 12288, PROT_READ|PROT_WRITE, MAP_PRIVATE|MAP_ANONYMOUS, -1, 0) = 0xb7f1f000
9888  14:52:18.751639 mprotect(0xb7f21000, 4096, PROT_NONE) = 0
9888  14:52:18.751660 mprotect(0xb7f1f000, 4096, PROT_NONE) = 0
9888  14:52:18.751683 recv(0, "TYPE I\r\n", 4096, MSG_PEEK) = 8
9888  14:52:18.751706 read(0, "TYPE I\r\n", 8) = 8
9888  14:52:18.751757 write(0, "200 Switching to Binary mode.\r\n", 31) = 31
9888  14:52:18.751834 rt_sigaction(SIGALRM, {0x805cad0, ~[RTMIN RT_1], 0}, NULL, 8) = 0
9888  14:52:18.751861 alarm(300)        = 300
9888  14:52:18.751882 recv(0, "PASV\r\n", 4096, MSG_PEEK) = 6
9888  14:52:18.751903 read(0, "PASV\r\n", 6) = 6
9888  14:52:18.751925 write(5, "\n", 1) = 1
9888  14:52:18.751944 read(5,  <unfinished ...>
9886  14:52:18.751967 close(5)          = 0
9886  14:52:18.751990 getuid32()        = 0
9886  14:52:18.752018 open("/etc/passwd", O_RDONLY|0x80000 /* O_??? */) = 5
9886  14:52:18.752044 _llseek(5, 0, [0], SEEK_CUR) = 0
9886  14:52:18.752067 fstat64(5, {st_mode=S_IFREG|0644, st_size=1624, ...}) = 0
9886  14:52:18.752099 mmap2(NULL, 1624, PROT_READ, MAP_SHARED, 5, 0) = 0xb7f24000
9886  14:52:18.752120 _llseek(5, 1624, [1624], SEEK_SET) = 0
9886  14:52:18.752152 munmap(0xb7f24000, 1624) = 0
9886  14:52:18.752173 close(5)          = 0
9886  14:52:18.752202 setgroups32(0, []) = 0
9886  14:52:18.752223 chdir("/usr/share/empty") = 0
9886  14:52:18.752245 chroot(".")       = 0
9886  14:52:18.752264 capset(NULL, NULL) = -1 EFAULT (Bad address)
9886  14:52:18.752288 prctl(0x8, 0, 0xbfabd558, 0x80549a6, 0xbfabd540) = 0
9886  14:52:18.752309 prctl(0x8, 0x1, 0xbfabd558, 0x8054a49, 0xbfabd540) = 0
9886  14:52:18.752327 setgid32(65534)   = 0
9886  14:52:18.752345 setuid32(65534)   = 0
9886  14:52:18.752363 capset(0x19980330, 0, {CAP_NET_BIND_SERVICE, CAP_NET_BIND_SERVICE, 0}) = 0
9886  14:52:18.752388 read(4, "\n", 1)  = 1
9886  14:52:18.752412 write(4, "\1", 1) = 1
9888  14:52:18.752432 <... read resumed> "\1", 1) = 1
9888  14:52:18.752445 write(5, "\f", 1) = 1
9888  14:52:18.752464 read(5,  <unfinished ...>
9886  14:52:18.752476 read(4, "\f", 1)  = 1
9886  14:52:18.752499 socket(PF_INET, SOCK_STREAM, IPPROTO_TCP) = 5
9886  14:52:18.752524 setsockopt(5, SOL_SOCKET, SO_REUSEADDR, [1], 4) = 0
9886  14:52:18.752545 gettimeofday({1495651938, 752551}, NULL) = 0
9886  14:52:18.752574 bind(5, {sa_family=AF_INET, sin_port=htons(61635), sin_addr=inet_addr("127.0.0.1")}, 16) = 0
9886  14:52:18.752602 listen(5, 1)      = 0
9886  14:52:18.752626 write(4, "\303\360\0\0", 4) = 4
9888  14:52:18.752646 <... read resumed> "\303\360\0\0", 4) = 4
9888  14:52:18.752671 write(0, "227 Entering Passive Mode (127,0,0,1,240,195).\r\n", 48) = 48
9888  14:52:18.752874 rt_sigaction(SIGALRM, {0x805cad0, ~[RTMIN RT_1], 0}, NULL, 8) = 0
9888  14:52:18.752907 alarm(300)        = 300
9888  14:52:18.752928 recv(0, "STOR myfile24\r\n", 4096, MSG_PEEK) = 15
9888  14:52:18.752950 read(0, "STOR myfile24\r\n", 15) = 15
9888  14:52:18.752978 write(5, "\v", 1) = 1
9888  14:52:18.752998 read(5,  <unfinished ...>
9886  14:52:18.753011 read(4, "\v", 1)  = 1
9886  14:52:18.753032 write(4, "\1\0\0\0", 4) = 4
9888  14:52:18.753051 <... read resumed> "\1\0\0\0", 4) = 4
9888  14:52:18.753067 gettimeofday({1495651938, 753073}, NULL) = 0
9888  14:52:18.753086 getcwd("/home/msfadmin", 4096) = 15
9888  14:52:18.753109 open("myfile24", O_WRONLY|O_CREAT|O_NONBLOCK|O_LARGEFILE, 0666) = 4
9888  14:52:18.753133 fstat64(4, {st_mode=S_IFREG|0644, st_size=17, ...}) = 0
9888  14:52:18.753172 fcntl64(4, F_GETFL) = 0x8801 (flags O_WRONLY|O_NONBLOCK|O_LARGEFILE)
9888  14:52:18.753192 fcntl64(4, F_SETFL, O_WRONLY|O_LARGEFILE) = 0
9888  14:52:18.753210 fcntl64(4, F_SETLKW64, {type=F_WRLCK, whence=SEEK_SET, start=0, len=0}, 0xbfabd4a4) = 0
9888  14:52:18.753237 ftruncate64(4, 0) = 0
9888  14:52:18.753271 _llseek(4, 0, [0], SEEK_SET) = 0
9888  14:52:18.753291 write(5, "\v", 1) = 1
9888  14:52:18.753310 read(5,  <unfinished ...>
9886  14:52:18.753323 read(4, "\v", 1)  = 1
9886  14:52:18.753344 write(4, "\1\0\0\0", 4) = 4
9888  14:52:18.753363 <... read resumed> "\1\0\0\0", 4) = 4
9888  14:52:18.753376 write(5, "\v", 1) = 1
9888  14:52:18.753395 read(5,  <unfinished ...>
9886  14:52:18.753407 read(4, "\v", 1)  = 1
9886  14:52:18.753426 write(4, "\1\0\0\0", 4) = 4
9888  14:52:18.753445 <... read resumed> "\1\0\0\0", 4) = 4
9888  14:52:18.753458 write(5, "\r", 1) = 1
9888  14:52:18.753476 read(5,  <unfinished ...>
9886  14:52:18.753489 read(4, "\r", 1)  = 1
9886  14:52:18.753511 select(6, [5], NULL, NULL, {60, 0}) = 1 (in [5], left {60, 0})
9886  14:52:18.753542 accept(5, {sa_family=AF_INET, sin_port=htons(47388), sin_addr=inet_addr("127.0.0.1")}, [16]) = 6
9886  14:52:18.753582 write(4, "\1", 1) = 1
9888  14:52:18.753601 <... read resumed> "\1", 1) = 1
9888  14:52:18.753618 recvmsg(5,  <unfinished ...>
9886  14:52:18.753635 sendmsg(4, {msg_name(0)=NULL, msg_iov(1)=[{"\0", 1}], msg_controllen=16, {cmsg_len=16, cmsg_level=SOL_SOCKET, cmsg_type=SCM_RIGHTS, {6}}, msg_flags=0}, 0) = 1
9888  14:52:18.753684 <... recvmsg resumed> {msg_name(0)=NULL, msg_iov(1)=[{"\0", 1}], msg_controllen=16, {cmsg_len=16, cmsg_level=SOL_SOCKET, cmsg_type=SCM_RIGHTS, {6}}, msg_flags=0}, 0) = 1
9888  14:52:18.753711 setsockopt(6, SOL_SOCKET, SO_KEEPALIVE, [1], 4) = 0
9888  14:52:18.753733 setsockopt(6, SOL_IP, IP_TOS, [8], 4) = 0
9888  14:52:18.753754 setsockopt(6, SOL_SOCKET, SO_LINGER, {onoff=1, linger=32767}, 8) = 0
9888  14:52:18.753775 rt_sigaction(SIGALRM, {0x805cad0, ~[RTMIN RT_1], 0}, NULL, 8) = 0
9888  14:52:18.753800 alarm(300)        = 300
9888  14:52:18.753823 write(0, "150 Ok to send data.\r\n", 22) = 22
9888  14:52:18.753936 mmap2(NULL, 77824, PROT_READ|PROT_WRITE, MAP_PRIVATE|MAP_ANONYMOUS, -1, 0) = 0xb7d59000
9888  14:52:18.753961 mprotect(0xb7d6b000, 4096, PROT_NONE) = 0
9888  14:52:18.753983 mprotect(0xb7d59000, 4096, PROT_NONE) = 0
9888  14:52:18.754001 read(6, "assasaaa\na\na\na\na\n", 65536) = 17
9888  14:52:18.754026 write(4, "assasaaa\na\na\na\na\n", 17) = 17
9888  14:52:18.754055 read(6, "", 65536) = 0
9888  14:52:18.754075 rt_sigaction(SIGALRM, {0x805cad0, ~[RTMIN RT_1], 0}, NULL, 8) = 0
9888  14:52:18.754099 alarm(300)        = 300
9888  14:52:18.754117 close(6)          = 0
9888  14:52:18.754134 alarm(0)          = 300
9888  14:52:18.754151 gettimeofday({1495651938, 754158}, NULL) = 0
9888  14:52:18.754183 getpid()          = 9888
9888  14:52:18.754205 gettimeofday({1495651938, 754212}, NULL) = 0
9888  14:52:18.754236 fcntl64(3, F_SETLKW64, {type=F_WRLCK, whence=SEEK_SET, start=0, len=0}, 0xbfabd444) = 0
9888  14:52:18.754262 write(3, "Wed May 24 14:52:18 2017 [pid 9888] [msfadmin] OK UPLOAD: Client \"127.0.0.1\", \"/home/msfadmin/myfile24\", 17 bytes, 14.58Kbyte/sec\n", 130) = 130
9888  14:52:18.754298 fcntl64(3, F_SETLK64, {type=F_UNLCK, whence=SEEK_SET, start=0, len=0}, 0xbfabd44c) = 0
9888  14:52:18.754324 write(0, "226 Transfer complete.\r\n", 24) = 24
9888  14:52:18.754395 write(5, "\n", 1) = 1
9888  14:52:18.754417 read(5,  <unfinished ...>
9886  14:52:18.754430 close(6)          = 0
9886  14:52:18.754462 read(4, "\n", 1)  = 1
9886  14:52:18.754483 close(5)          = 0
9886  14:52:18.754503 write(4, "\1", 1) = 1
9888  14:52:18.754522 <... read resumed> "\1", 1) = 1
9888  14:52:18.754535 close(4)          = 0
9888  14:52:18.754555 rt_sigaction(SIGALRM, {0x805cad0, ~[RTMIN RT_1], 0}, NULL, 8) = 0
9888  14:52:18.754579 alarm(300)        = 0
9888  14:52:18.754599 recv(0,  <unfinished ...>
9886  14:52:18.754613 read(4,  <unfinished ...>
9888  14:52:19.295097 <... recv resumed> "TYPE I\r\n", 4096, MSG_PEEK) = 8
9888  14:52:19.295212 read(0, "TYPE I\r\n", 8) = 8
9888  14:52:19.295295 write(0, "200 Switching to Binary mode.\r\n", 31) = 31
9888  14:52:19.295477 rt_sigaction(SIGALRM, {0x805cad0, ~[RTMIN RT_1], 0}, NULL, 8) = 0
9888  14:52:19.295550 alarm(300)        = 299
9888  14:52:19.295668 recv(0, "PASV\r\n", 4096, MSG_PEEK) = 6
9888  14:52:19.295725 read(0, "PASV\r\n", 6) = 6
9888  14:52:19.295779 write(5, "\n", 1) = 1
9888  14:52:19.295830 read(5,  <unfinished ...>
9886  14:52:19.295862 <... read resumed> "\n", 1) = 1
9886  14:52:19.295898 write(4, "\1", 1) = 1
9888  14:52:19.295944 <... read resumed> "\1", 1) = 1
9888  14:52:19.295975 write(5, "\f", 1) = 1
9888  14:52:19.296018 read(5,  <unfinished ...>
9886  14:52:19.296047 read(4, "\f", 1)  = 1
9886  14:52:19.296099 socket(PF_INET, SOCK_STREAM, IPPROTO_TCP) = 5
9886  14:52:19.296160 setsockopt(5, SOL_SOCKET, SO_REUSEADDR, [1], 4) = 0
9886  14:52:19.296218 bind(5, {sa_family=AF_INET, sin_port=htons(40073), sin_addr=inet_addr("127.0.0.1")}, 16) = 0
9886  14:52:19.296283 listen(5, 1)      = 0
9886  14:52:19.296339 write(4, "\211\234\0\0", 4) = 4
9888  14:52:19.296385 <... read resumed> "\211\234\0\0", 4) = 4
9888  14:52:19.296436 write(0, "227 Entering Passive Mode (127,0,0,1,156,137).\r\n", 48) = 48
9888  14:52:19.296984 rt_sigaction(SIGALRM, {0x805cad0, ~[RTMIN RT_1], 0}, NULL, 8) = 0
9888  14:52:19.297060 alarm(300)        = 300
9888  14:52:19.297111 recv(0, "STOR myfile25\r\n", 4096, MSG_PEEK) = 15
9888  14:52:19.297164 read(0, "STOR myfile25\r\n", 15) = 15
9888  14:52:19.297223 write(5, "\v", 1) = 1
9888  14:52:19.297269 read(5,  <unfinished ...>
9886  14:52:19.297300 read(4, "\v", 1)  = 1
9886  14:52:19.297349 write(4, "\1\0\0\0", 4) = 4
9888  14:52:19.297395 <... read resumed> "\1\0\0\0", 4) = 4
9888  14:52:19.297429 gettimeofday({1495651939, 297445}, NULL) = 0
9888  14:52:19.297476 getcwd("/home/msfadmin", 4096) = 15
9888  14:52:19.297607 open("myfile25", O_WRONLY|O_CREAT|O_NONBLOCK|O_LARGEFILE, 0666) = 4
9888  14:52:19.297671 fstat64(4, {st_mode=S_IFREG|0644, st_size=17, ...}) = 0
9888  14:52:19.297747 fcntl64(4, F_GETFL) = 0x8801 (flags O_WRONLY|O_NONBLOCK|O_LARGEFILE)
9888  14:52:19.297795 fcntl64(4, F_SETFL, O_WRONLY|O_LARGEFILE) = 0
9888  14:52:19.297838 fcntl64(4, F_SETLKW64, {type=F_WRLCK, whence=SEEK_SET, start=0, len=0}, 0xbfabd4a4) = 0
9888  14:52:19.297897 ftruncate64(4, 0) = 0
9888  14:52:19.297968 _llseek(4, 0, [0], SEEK_SET) = 0
9888  14:52:19.298016 write(5, "\v", 1) = 1
9888  14:52:19.298062 read(5,  <unfinished ...>
9886  14:52:19.298094 read(4, "\v", 1)  = 1
9886  14:52:19.298144 write(4, "\1\0\0\0", 4) = 4
9888  14:52:19.298189 <... read resumed> "\1\0\0\0", 4) = 4
9888  14:52:19.298221 write(5, "\v", 1) = 1
9888  14:52:19.298264 read(5,  <unfinished ...>
9886  14:52:19.298293 read(4, "\v", 1)  = 1
9886  14:52:19.298339 write(4, "\1\0\0\0", 4) = 4
9888  14:52:19.298383 <... read resumed> "\1\0\0\0", 4) = 4
9888  14:52:19.298415 write(5, "\r", 1) = 1
9888  14:52:19.298458 read(5,  <unfinished ...>
9886  14:52:19.298567 read(4, "\r", 1)  = 1
9886  14:52:19.298655 select(6, [5], NULL, NULL, {60, 0}) = 1 (in [5], left {60, 0})
9886  14:52:19.298760 accept(5, {sa_family=AF_INET, sin_port=htons(58717), sin_addr=inet_addr("127.0.0.1")}, [16]) = 6
9886  14:52:19.298908 write(4, "\1", 1) = 1
9888  14:52:19.298983 <... read resumed> "\1", 1) = 1
9888  14:52:19.299041 recvmsg(5,  <unfinished ...>
9886  14:52:19.299096 sendmsg(4, {msg_name(0)=NULL, msg_iov(1)=[{"\0", 1}], msg_controllen=16, {cmsg_len=16, cmsg_level=SOL_SOCKET, cmsg_type=SCM_RIGHTS, {6}}, msg_flags=0}, 0) = 1
9888  14:52:19.299208 <... recvmsg resumed> {msg_name(0)=NULL, msg_iov(1)=[{"\0", 1}], msg_controllen=16, {cmsg_len=16, cmsg_level=SOL_SOCKET, cmsg_type=SCM_RIGHTS, {6}}, msg_flags=0}, 0) = 1
9888  14:52:19.299443 setsockopt(6, SOL_SOCKET, SO_KEEPALIVE, [1], 4) = 0
9888  14:52:19.299548 setsockopt(6, SOL_IP, IP_TOS, [8], 4) = 0
9888  14:52:19.299629 setsockopt(6, SOL_SOCKET, SO_LINGER, {onoff=1, linger=32767}, 8) = 0
9888  14:52:19.299705 rt_sigaction(SIGALRM, {0x805cad0, ~[RTMIN RT_1], 0}, NULL, 8) = 0
9888  14:52:19.299844 alarm(300)        = 300
9888  14:52:19.299928 write(0, "150 Ok to send data.\r\n", 22) = 22
9888  14:52:19.300299 read(6, "assasaaa\na\na\na\na\n", 65536) = 17
9888  14:52:19.300476 write(4, "assasaaa\na\na\na\na\n", 17) = 17
9888  14:52:19.300587 read(6, "", 65536) = 0
9888  14:52:19.300660 rt_sigaction(SIGALRM, {0x805cad0, ~[RTMIN RT_1], 0}, NULL, 8) = 0
9888  14:52:19.300756 alarm(300)        = 300
9888  14:52:19.300823 close(6)          = 0
9888  14:52:19.300885 alarm(0)          = 300
9888  14:52:19.300950 gettimeofday({1495651939, 300975}, NULL) = 0
9888  14:52:19.301045 gettimeofday({1495651939, 301072}, NULL) = 0
9888  14:52:19.301128 fcntl64(3, F_SETLKW64, {type=F_WRLCK, whence=SEEK_SET, start=0, len=0}, 0xbfabd444) = 0
9888  14:52:19.301226 write(3, "Wed May 24 14:52:19 2017 [pid 9888] [msfadmin] OK UPLOAD: Client \"127.0.0.1\", \"/home/msfadmin/myfile25\", 17 bytes, 4.58Kbyte/sec\n", 129) = 129
9888  14:52:19.301425 fcntl64(3, F_SETLK64, {type=F_UNLCK, whence=SEEK_SET, start=0, len=0}, 0xbfabd44c) = 0
9888  14:52:19.301532 write(0, "226 Transfer complete.\r\n", 24) = 24
9888  14:52:19.301781 write(5, "\n", 1) = 1
9888  14:52:19.301861 read(5,  <unfinished ...>
9886  14:52:19.301908 close(6)          = 0
9886  14:52:19.302022 read(4, "\n", 1)  = 1
9886  14:52:19.302101 close(5)          = 0
9886  14:52:19.302173 write(4, "\1", 1) = 1
9888  14:52:19.302244 <... read resumed> "\1", 1) = 1
9888  14:52:19.302353 close(4)          = 0
9888  14:52:19.302439 rt_sigaction(SIGALRM, {0x805cad0, ~[RTMIN RT_1], 0}, NULL, 8) = 0
9888  14:52:19.302532 alarm(300)        = 0
9888  14:52:19.302607 recv(0,  <unfinished ...>
9886  14:52:19.302659 read(4,  <unfinished ...>
9888  14:52:19.846157 <... recv resumed> "TYPE I\r\n", 4096, MSG_PEEK) = 8
9888  14:52:19.846335 read(0, "TYPE I\r\n", 8) = 8
9888  14:52:19.846511 write(0, "200 Switching to Binary mode.\r\n", 31) = 31
9888  14:52:19.846909 rt_sigaction(SIGALRM, {0x805cad0, ~[RTMIN RT_1], 0}, NULL, 8) = 0
9888  14:52:19.846991 alarm(300)        = 299
9888  14:52:19.847044 recv(0, "PASV\r\n", 4096, MSG_PEEK) = 6
9888  14:52:19.847095 read(0, "PASV\r\n", 6) = 6
9888  14:52:19.847150 write(5, "\n", 1) = 1
9888  14:52:19.847201 read(5,  <unfinished ...>
9886  14:52:19.847233 <... read resumed> "\n", 1) = 1
9886  14:52:19.847269 write(4, "\1", 1) = 1
9888  14:52:19.847314 <... read resumed> "\1", 1) = 1
9888  14:52:19.847346 write(5, "\f", 1) = 1
9888  14:52:19.847389 read(5,  <unfinished ...>
9886  14:52:19.847419 read(4, "\f", 1)  = 1
9886  14:52:19.847471 socket(PF_INET, SOCK_STREAM, IPPROTO_TCP) = 5
9886  14:52:19.847531 setsockopt(5, SOL_SOCKET, SO_REUSEADDR, [1], 4) = 0
9886  14:52:19.847589 bind(5, {sa_family=AF_INET, sin_port=htons(37479), sin_addr=inet_addr("127.0.0.1")}, 16) = 0
9886  14:52:19.847702 listen(5, 1)      = 0
9886  14:52:19.847774 write(4, "g\222\0\0", 4) = 4
9888  14:52:19.847824 <... read resumed> "g\222\0\0", 4) = 4
9888  14:52:19.847880 write(0, "227 Entering Passive Mode (127,0,0,1,146,103).\r\n", 48) = 48
9888  14:52:19.848292 rt_sigaction(SIGALRM, {0x805cad0, ~[RTMIN RT_1], 0}, NULL, 8) = 0
9888  14:52:19.848366 alarm(300)        = 300
9888  14:52:19.848416 recv(0, "STOR myfile26\r\n", 4096, MSG_PEEK) = 15
9888  14:52:19.848470 read(0, "STOR myfile26\r\n", 15) = 15
9888  14:52:19.848529 write(5, "\v", 1) = 1
9888  14:52:19.848575 read(5,  <unfinished ...>
9886  14:52:19.848606 read(4, "\v", 1)  = 1
9886  14:52:19.848732 write(4, "\1\0\0\0", 4) = 4
9888  14:52:19.848785 <... read resumed> "\1\0\0\0", 4) = 4
9888  14:52:19.848819 gettimeofday({1495651939, 848835}, NULL) = 0
9888  14:52:19.848867 getcwd("/home/msfadmin", 4096) = 15
9888  14:52:19.848922 open("myfile26", O_WRONLY|O_CREAT|O_NONBLOCK|O_LARGEFILE, 0666) = 4
9888  14:52:19.848981 fstat64(4, {st_mode=S_IFREG|0644, st_size=17, ...}) = 0
9888  14:52:19.849055 fcntl64(4, F_GETFL) = 0x8801 (flags O_WRONLY|O_NONBLOCK|O_LARGEFILE)
9888  14:52:19.849103 fcntl64(4, F_SETFL, O_WRONLY|O_LARGEFILE) = 0
9888  14:52:19.849146 fcntl64(4, F_SETLKW64, {type=F_WRLCK, whence=SEEK_SET, start=0, len=0}, 0xbfabd4a4) = 0
9888  14:52:19.849322 ftruncate64(4, 0) = 0
9888  14:52:19.849400 _llseek(4, 0, [0], SEEK_SET) = 0
9888  14:52:19.849451 write(5, "\v", 1) = 1
9888  14:52:19.849498 read(5,  <unfinished ...>
9886  14:52:19.849530 read(4, "\v", 1)  = 1
9886  14:52:19.849627 write(4, "\1\0\0\0", 4) = 4
9888  14:52:19.849686 <... read resumed> "\1\0\0\0", 4) = 4
9888  14:52:19.849719 write(5, "\v", 1) = 1
9888  14:52:19.849762 read(5,  <unfinished ...>
9886  14:52:19.849792 read(4, "\v", 1)  = 1
9886  14:52:19.849839 write(4, "\1\0\0\0", 4) = 4
9888  14:52:19.849882 <... read resumed> "\1\0\0\0", 4) = 4
9888  14:52:19.849914 write(5, "\r", 1) = 1
9888  14:52:19.849957 read(5,  <unfinished ...>
9886  14:52:19.849986 read(4, "\r", 1)  = 1
9886  14:52:19.850036 select(6, [5], NULL, NULL, {60, 0}) = 1 (in [5], left {60, 0})
9886  14:52:19.850106 accept(5, {sa_family=AF_INET, sin_port=htons(46631), sin_addr=inet_addr("127.0.0.1")}, [16]) = 6
9886  14:52:19.850201 write(4, "\1", 1) = 1
9888  14:52:19.850247 <... read resumed> "\1", 1) = 1
9888  14:52:19.850283 recvmsg(5,  <unfinished ...>
9886  14:52:19.850319 sendmsg(4, {msg_name(0)=NULL, msg_iov(1)=[{"\0", 1}], msg_controllen=16, {cmsg_len=16, cmsg_level=SOL_SOCKET, cmsg_type=SCM_RIGHTS, {6}}, msg_flags=0}, 0) = 1
9888  14:52:19.850393 <... recvmsg resumed> {msg_name(0)=NULL, msg_iov(1)=[{"\0", 1}], msg_controllen=16, {cmsg_len=16, cmsg_level=SOL_SOCKET, cmsg_type=SCM_RIGHTS, {6}}, msg_flags=0}, 0) = 1
9888  14:52:19.850449 setsockopt(6, SOL_SOCKET, SO_KEEPALIVE, [1], 4) = 0
9888  14:52:19.850502 setsockopt(6, SOL_IP, IP_TOS, [8], 4) = 0
9888  14:52:19.850630 setsockopt(6, SOL_SOCKET, SO_LINGER, {onoff=1, linger=32767}, 8) = 0
9888  14:52:19.850693 rt_sigaction(SIGALRM, {0x805cad0, ~[RTMIN RT_1], 0}, NULL, 8) = 0
9888  14:52:19.850753 alarm(300)        = 300
9888  14:52:19.850809 write(0, "150 Ok to send data.\r\n", 22) = 22
9888  14:52:19.851076 read(6, "assasaaa\na\na\na\na\n", 65536) = 17
9888  14:52:19.851138 write(4, "assasaaa\na\na\na\na\n", 17) = 17
9888  14:52:19.851211 read(6, "", 65536) = 0
9888  14:52:19.851257 rt_sigaction(SIGALRM, {0x805cad0, ~[RTMIN RT_1], 0}, NULL, 8) = 0
9888  14:52:19.851316 alarm(300)        = 300
9888  14:52:19.851359 close(6)          = 0
9888  14:52:19.851398 alarm(0)          = 300
9888  14:52:19.851440 gettimeofday({1495651939, 851455}, NULL) = 0
9888  14:52:19.851504 gettimeofday({1495651939, 851580}, NULL) = 0
9888  14:52:19.851623 fcntl64(3, F_SETLKW64, {type=F_WRLCK, whence=SEEK_SET, start=0, len=0}, 0xbfabd444) = 0
9888  14:52:19.851686 write(3, "Wed May 24 14:52:19 2017 [pid 9888] [msfadmin] OK UPLOAD: Client \"127.0.0.1\", \"/home/msfadmin/myfile26\", 17 bytes, 6.05Kbyte/sec\n", 129) = 129
9888  14:52:19.851774 fcntl64(3, F_SETLK64, {type=F_UNLCK, whence=SEEK_SET, start=0, len=0}, 0xbfabd44c) = 0
9888  14:52:19.851837 write(0, "226 Transfer complete.\r\n", 24) = 24
9888  14:52:19.852016 write(5, "\n", 1) = 1
9888  14:52:19.852069 read(5,  <unfinished ...>
9886  14:52:19.852100 close(6)          = 0
9886  14:52:19.852178 read(4, "\n", 1)  = 1
9886  14:52:19.852229 close(5)          = 0
9886  14:52:19.852275 write(4, "\1", 1) = 1
9888  14:52:19.852322 <... read resumed> "\1", 1) = 1
9888  14:52:19.852352 close(4)          = 0
9888  14:52:19.852399 rt_sigaction(SIGALRM, {0x805cad0, ~[RTMIN RT_1], 0}, NULL, 8) = 0
9888  14:52:19.852457 alarm(300)        = 0
9886  14:52:19.852559 read(4,  <unfinished ...>
9888  14:52:19.852597 recv(0, "TYPE I\r\n", 4096, MSG_PEEK) = 8
9888  14:52:20.365829 read(0, "TYPE I\r\n", 8) = 8
9888  14:52:20.366027 write(0, "200 Switching to Binary mode.\r\n", 31) = 31
9888  14:52:20.375447 rt_sigaction(SIGALRM, {0x805cad0, ~[RTMIN RT_1], 0}, NULL, 8) = 0
9888  14:52:20.375528 alarm(300)        = 299
9888  14:52:20.375582 recv(0, "PASV\r\n", 4096, MSG_PEEK) = 6
9888  14:52:20.375694 read(0, "PASV\r\n", 6) = 6
9888  14:52:20.375753 write(5, "\n", 1) = 1
9886  14:52:20.375808 <... read resumed> "\n", 1) = 1
9886  14:52:20.375841 write(4, "\1", 1) = 1
9886  14:52:20.375912 read(4,  <unfinished ...>
9888  14:52:20.375945 read(5, "\1", 1)  = 1
9888  14:52:20.375996 write(5, "\f", 1) = 1
9886  14:52:20.376037 <... read resumed> "\f", 1) = 1
9886  14:52:20.376071 socket(PF_INET, SOCK_STREAM, IPPROTO_TCP) = 5
9886  14:52:20.376196 setsockopt(5, SOL_SOCKET, SO_REUSEADDR, [1], 4) = 0
9886  14:52:20.376259 bind(5, {sa_family=AF_INET, sin_port=htons(16645), sin_addr=inet_addr("127.0.0.1")}, 16) = 0
9886  14:52:20.376324 listen(5, 1)      = 0
9886  14:52:20.376379 write(4, "\5A\0\0", 4) = 4
9886  14:52:20.376428 read(4,  <unfinished ...>
9888  14:52:20.376459 read(5, "\5A\0\0", 4) = 4
9888  14:52:20.376529 write(0, "227 Entering Passive Mode (127,0,0,1,65,5).\r\n", 45) = 45
9888  14:52:20.376994 rt_sigaction(SIGALRM, {0x805cad0, ~[RTMIN RT_1], 0}, NULL, 8) = 0
9888  14:52:20.377069 alarm(300)        = 300
9888  14:52:20.377189 recv(0, "STOR myfile27\r\n", 4096, MSG_PEEK) = 15
9888  14:52:20.377249 read(0, "STOR myfile27\r\n", 15) = 15
9888  14:52:20.377308 write(5, "\v", 1) = 1
9886  14:52:20.377355 <... read resumed> "\v", 1) = 1
9886  14:52:20.377386 write(4, "\1\0\0\0", 4) = 4
9886  14:52:20.377434 read(4,  <unfinished ...>
9888  14:52:20.377464 read(5, "\1\0\0\0", 4) = 4
9888  14:52:20.377514 gettimeofday({1495651940, 377530}, NULL) = 0
9888  14:52:20.377561 getcwd("/home/msfadmin", 4096) = 15
9888  14:52:20.377667 open("myfile27", O_WRONLY|O_CREAT|O_NONBLOCK|O_LARGEFILE, 0666) = 4
9888  14:52:20.377730 fstat64(4, {st_mode=S_IFREG|0644, st_size=17, ...}) = 0
9888  14:52:20.377805 fcntl64(4, F_GETFL) = 0x8801 (flags O_WRONLY|O_NONBLOCK|O_LARGEFILE)
9888  14:52:20.377853 fcntl64(4, F_SETFL, O_WRONLY|O_LARGEFILE) = 0
9888  14:52:20.377897 fcntl64(4, F_SETLKW64, {type=F_WRLCK, whence=SEEK_SET, start=0, len=0}, 0xbfabd4a4) = 0
9888  14:52:20.377955 ftruncate64(4, 0) = 0
9888  14:52:20.378025 _llseek(4, 0, [0], SEEK_SET) = 0
9888  14:52:20.378112 write(5, "\v", 1) = 1
9886  14:52:20.378171 <... read resumed> "\v", 1) = 1
9886  14:52:20.378203 write(4, "\1\0\0\0", 4) = 4
9886  14:52:20.378250 read(4,  <unfinished ...>
9888  14:52:20.378281 read(5, "\1\0\0\0", 4) = 4
9888  14:52:20.378329 write(5, "\v", 1) = 1
9886  14:52:20.378371 <... read resumed> "\v", 1) = 1
9886  14:52:20.378400 write(4, "\1\0\0\0", 4) = 4
9886  14:52:20.378445 read(4,  <unfinished ...>
9888  14:52:20.378474 read(5, "\1\0\0\0", 4) = 4
9888  14:52:20.378522 write(5, "\r", 1) = 1
9886  14:52:20.378596 <... read resumed> "\r", 1) = 1
9886  14:52:20.378644 select(6, [5], NULL, NULL, {60, 0}) = 1 (in [5], left {60, 0})
9886  14:52:20.378712 accept(5, {sa_family=AF_INET, sin_port=htons(38574), sin_addr=inet_addr("127.0.0.1")}, [16]) = 6
9886  14:52:20.378806 write(4, "\1", 1) = 1
9886  14:52:20.378859 sendmsg(4, {msg_name(0)=NULL, msg_iov(1)=[{"\0", 1}], msg_controllen=16, {cmsg_len=16, cmsg_level=SOL_SOCKET, cmsg_type=SCM_RIGHTS, {6}}, msg_flags=0}, 0) = 1
9886  14:52:20.378929 close(6)          = 0
9886  14:52:20.378971 read(4,  <unfinished ...>
9888  14:52:20.379002 read(5, "\1", 1)  = 1
9888  14:52:20.379058 recvmsg(5, {msg_name(0)=NULL, msg_iov(1)=[{"\0", 1}], msg_controllen=16, {cmsg_len=16, cmsg_level=SOL_SOCKET, cmsg_type=SCM_RIGHTS, {6}}, msg_flags=0}, 0) = 1
9888  14:52:20.379189 setsockopt(6, SOL_SOCKET, SO_KEEPALIVE, [1], 4) = 0
9888  14:52:20.379243 setsockopt(6, SOL_IP, IP_TOS, [8], 4) = 0
9888  14:52:20.379293 setsockopt(6, SOL_SOCKET, SO_LINGER, {onoff=1, linger=32767}, 8) = 0
9888  14:52:20.379342 rt_sigaction(SIGALRM, {0x805cad0, ~[RTMIN RT_1], 0}, NULL, 8) = 0
9888  14:52:20.379400 alarm(300)        = 300
9888  14:52:20.379455 write(0, "150 Ok to send data.\r\n", 22) = 22
9888  14:52:20.379560 read(6, "assasaaa\na\na\na\na\n", 65536) = 17
9888  14:52:20.379560 write(4, "assasaaa\na\na\na\na\n", 17) = 17
9888  14:52:20.379671 read(6, "", 65536) = 0
9888  14:52:20.379723 rt_sigaction(SIGALRM, {0x805cad0, ~[RTMIN RT_1], 0}, NULL, 8) = 0
9888  14:52:20.379784 alarm(300)        = 300
9888  14:52:20.379828 close(6)          = 0
9888  14:52:20.379905 alarm(0)          = 300
9888  14:52:20.379948 gettimeofday({1495651940, 379978}, NULL) = 0
9888  14:52:20.380028 gettimeofday({1495651940, 380046}, NULL) = 0
9888  14:52:20.380088 fcntl64(3, F_SETLKW64, {type=F_WRLCK, whence=SEEK_SET, start=0, len=0}, 0xbfabd444) = 0
9888  14:52:20.380329 write(3, "Wed May 24 14:52:20 2017 [pid 9888] [msfadmin] OK UPLOAD: Client \"127.0.0.1\", \"/home/msfadmin/myfile27\", 17 bytes, 6.60Kbyte/sec\n", 129) = 129
9888  14:52:20.380419 fcntl64(3, F_SETLK64, {type=F_UNLCK, whence=SEEK_SET, start=0, len=0}, 0xbfabd44c) = 0
9888  14:52:20.380613 write(0, "226 Transfer complete.\r\n", 24) = 24
9888  14:52:20.380798 write(5, "\n", 1) = 1
9886  14:52:20.380852 <... read resumed> "\n", 1) = 1
9886  14:52:20.380882 close(5)          = 0
9886  14:52:20.380933 write(4, "\1", 1) = 1
9886  14:52:20.380981 read(4,  <unfinished ...>
9888  14:52:20.381012 read(5, "\1", 1)  = 1
9888  14:52:20.381061 close(4)          = 0
9888  14:52:20.381108 rt_sigaction(SIGALRM, {0x805cad0, ~[RTMIN RT_1], 0}, NULL, 8) = 0
9888  14:52:20.381167 alarm(300)        = 0
9888  14:52:20.381362 recv(0, "TYPE I\r\n", 4096, MSG_PEEK) = 8
9888  14:52:20.905867 read(0, "TYPE I\r\n", 8) = 8
9888  14:52:20.906040 write(0, "200 Switching to Binary mode.\r\n", 31) = 31
9888  14:52:20.906354 rt_sigaction(SIGALRM, {0x805cad0, ~[RTMIN RT_1], 0}, NULL, 8) = 0
9888  14:52:20.906431 alarm(300)        = 299
9888  14:52:20.906483 recv(0, "PASV\r\n", 4096, MSG_PEEK) = 6
9888  14:52:20.906534 read(0, "PASV\r\n", 6) = 6
9888  14:52:20.906587 write(5, "\n", 1) = 1
9886  14:52:20.906639 <... read resumed> "\n", 1) = 1
9886  14:52:20.906673 write(4, "\1", 1) = 1
9886  14:52:20.906719 read(4,  <unfinished ...>
9888  14:52:20.906750 read(5, "\1", 1)  = 1
9888  14:52:20.906799 write(5, "\f", 1) = 1
9886  14:52:20.906841 <... read resumed> "\f", 1) = 1
9886  14:52:20.906876 socket(PF_INET, SOCK_STREAM, IPPROTO_TCP) = 5
9886  14:52:20.906935 setsockopt(5, SOL_SOCKET, SO_REUSEADDR, [1], 4) = 0
9886  14:52:20.906993 bind(5, {sa_family=AF_INET, sin_port=htons(43703), sin_addr=inet_addr("127.0.0.1")}, 16) = 0
9886  14:52:20.907062 listen(5, 1)      = 0
9886  14:52:20.907324 write(4, "\267\252\0\0", 4) = 4
9886  14:52:20.907386 read(4,  <unfinished ...>
9888  14:52:20.907418 read(5, "\267\252\0\0", 4) = 4
9888  14:52:20.907489 write(0, "227 Entering Passive Mode (127,0,0,1,170,183).\r\n", 48) = 48
9888  14:52:20.907908 rt_sigaction(SIGALRM, {0x805cad0, ~[RTMIN RT_1], 0}, NULL, 8) = 0
9888  14:52:20.907981 alarm(300)        = 300
9888  14:52:20.908032 recv(0, "STOR myfile28\r\n", 4096, MSG_PEEK) = 15
9888  14:52:20.908085 read(0, "STOR myfile28\r\n", 15) = 15
9888  14:52:20.908143 write(5, "\v", 1) = 1
9886  14:52:20.908189 <... read resumed> "\v", 1) = 1
9886  14:52:20.908258 write(4, "\1\0\0\0", 4) = 4
9886  14:52:20.908323 read(4,  <unfinished ...>
9888  14:52:20.908355 read(5, "\1\0\0\0", 4) = 4
9888  14:52:20.908406 gettimeofday({1495651940, 908422}, NULL) = 0
9888  14:52:20.908454 getcwd("/home/msfadmin", 4096) = 15
9888  14:52:20.908508 open("myfile28", O_WRONLY|O_CREAT|O_NONBLOCK|O_LARGEFILE, 0666) = 4
9888  14:52:20.908566 fstat64(4, {st_mode=S_IFREG|0644, st_size=17, ...}) = 0
9888  14:52:20.908641 fcntl64(4, F_GETFL) = 0x8801 (flags O_WRONLY|O_NONBLOCK|O_LARGEFILE)
9888  14:52:20.908690 fcntl64(4, F_SETFL, O_WRONLY|O_LARGEFILE) = 0
9888  14:52:20.908733 fcntl64(4, F_SETLKW64, {type=F_WRLCK, whence=SEEK_SET, start=0, len=0}, 0xbfabd4a4) = 0
9888  14:52:20.908792 ftruncate64(4, 0) = 0
9888  14:52:20.908863 _llseek(4, 0, [0], SEEK_SET) = 0
9888  14:52:20.908911 write(5, "\v", 1) = 1
9886  14:52:20.908955 <... read resumed> "\v", 1) = 1
9886  14:52:20.908985 write(4, "\1\0\0\0", 4) = 4
9886  14:52:20.909032 read(4,  <unfinished ...>
9888  14:52:20.909060 read(5, "\1\0\0\0", 4) = 4
9888  14:52:20.909244 write(5, "\v", 1) = 1
9886  14:52:20.909290 <... read resumed> "\v", 1) = 1
9886  14:52:20.909321 write(4, "\1\0\0\0", 4) = 4
9886  14:52:20.909366 read(4,  <unfinished ...>
9888  14:52:20.909395 read(5, "\1\0\0\0", 4) = 4
9888  14:52:20.909443 write(5, "\r", 1) = 1
9886  14:52:20.909485 <... read resumed> "\r", 1) = 1
9886  14:52:20.909540 select(6, [5], NULL, NULL, {60, 0}) = 1 (in [5], left {60, 0})
9886  14:52:20.909610 accept(5, {sa_family=AF_INET, sin_port=htons(41240), sin_addr=inet_addr("127.0.0.1")}, [16]) = 6
9886  14:52:20.909705 write(4, "\1", 1) = 1
9886  14:52:20.909757 sendmsg(4, {msg_name(0)=NULL, msg_iov(1)=[{"\0", 1}], msg_controllen=16, {cmsg_len=16, cmsg_level=SOL_SOCKET, cmsg_type=SCM_RIGHTS, {6}}, msg_flags=0}, 0) = 1
9886  14:52:20.909827 close(6)          = 0
9886  14:52:20.909869 read(4,  <unfinished ...>
9888  14:52:20.909899 read(5, "\1", 1)  = 1
9888  14:52:20.909954 recvmsg(5, {msg_name(0)=NULL, msg_iov(1)=[{"\0", 1}], msg_controllen=16, {cmsg_len=16, cmsg_level=SOL_SOCKET, cmsg_type=SCM_RIGHTS, {6}}, msg_flags=0}, 0) = 1
9888  14:52:20.910031 setsockopt(6, SOL_SOCKET, SO_KEEPALIVE, [1], 4) = 0
9888  14:52:20.910083 setsockopt(6, SOL_IP, IP_TOS, [8], 4) = 0
9888  14:52:20.910204 setsockopt(6, SOL_SOCKET, SO_LINGER, {onoff=1, linger=32767}, 8) = 0
9888  14:52:20.910269 rt_sigaction(SIGALRM, {0x805cad0, ~[RTMIN RT_1], 0}, NULL, 8) = 0
9888  14:52:20.910328 alarm(300)        = 300
9888  14:52:20.910384 write(0, "150 Ok to send data.\r\n", 22) = 22
9888  14:52:20.910650 read(6, "assasaaa\na\na\na\na\n", 65536) = 17
9888  14:52:20.910712 write(4, "assasaaa\na\na\na\na\n", 17) = 17
9888  14:52:20.910780 read(6, "", 65536) = 0
9888  14:52:20.910825 rt_sigaction(SIGALRM, {0x805cad0, ~[RTMIN RT_1], 0}, NULL, 8) = 0
9888  14:52:20.910883 alarm(300)        = 300
9888  14:52:20.910925 close(6)          = 0
9888  14:52:20.910995 alarm(0)          = 300
9888  14:52:20.911038 gettimeofday({1495651940, 911054}, NULL) = 0
9888  14:52:20.911171 gettimeofday({1495651940, 911213}, NULL) = 0
9888  14:52:20.911276 fcntl64(3, F_SETLKW64, {type=F_WRLCK, whence=SEEK_SET, start=0, len=0}, 0xbfabd444) = 0
9888  14:52:20.911375 write(3, "Wed May 24 14:52:20 2017 [pid 9888] [msfadmin] OK UPLOAD: Client \"127.0.0.1\", \"/home/msfadmin/myfile28\", 17 bytes, 5.95Kbyte/sec\n", 129) = 129
9888  14:52:20.911476 fcntl64(3, F_SETLK64, {type=F_UNLCK, whence=SEEK_SET, start=0, len=0}, 0xbfabd44c) = 0
9888  14:52:20.911543 write(0, "226 Transfer complete.\r\n", 24) = 24
9888  14:52:20.911725 write(5, "\n", 1) = 1
9886  14:52:20.911779 <... read resumed> "\n", 1) = 1
9886  14:52:20.911809 close(5)          = 0
9886  14:52:20.911860 write(4, "\1", 1) = 1
9886  14:52:20.911907 read(4,  <unfinished ...>
9888  14:52:20.911938 read(5, "\1", 1)  = 1
9888  14:52:20.911986 close(4)          = 0
9888  14:52:20.912033 rt_sigaction(SIGALRM, {0x805cad0, ~[RTMIN RT_1], 0}, NULL, 8) = 0
9888  14:52:20.912152 alarm(300)        = 0
9888  14:52:20.912207 recv(0, "TYPE I\r\n", 4096, MSG_PEEK) = 8
9888  14:52:21.454851 read(0, "TYPE I\r\n", 8) = 8
9888  14:52:21.454949 write(0, "200 Switching to Binary mode.\r\n", 31) = 31
9888  14:52:21.455455 rt_sigaction(SIGALRM, {0x805cad0, ~[RTMIN RT_1], 0}, NULL, 8) = 0
9888  14:52:21.455545 alarm(300)        = 299
9888  14:52:21.455599 recv(0, "PASV\r\n", 4096, MSG_PEEK) = 6
9888  14:52:21.455651 read(0, "PASV\r\n", 6) = 6
9888  14:52:21.455705 write(5, "\n", 1 <unfinished ...>
9886  14:52:21.455747 <... read resumed> "\n", 1) = 1
9888  14:52:21.455769 <... write resumed> ) = 1
9886  14:52:21.455798 write(4, "\1", 1) = 1
9886  14:52:21.455844 read(4,  <unfinished ...>
9888  14:52:21.455874 read(5, "\1", 1)  = 1
9888  14:52:21.455924 write(5, "\f", 1 <unfinished ...>
9886  14:52:21.455954 <... read resumed> "\f", 1) = 1
9888  14:52:21.455975 <... write resumed> ) = 1
9886  14:52:21.456005 socket(PF_INET, SOCK_STREAM, IPPROTO_TCP) = 5
9886  14:52:21.456065 setsockopt(5, SOL_SOCKET, SO_REUSEADDR, [1], 4) = 0
9886  14:52:21.456122 bind(5, {sa_family=AF_INET, sin_port=htons(27230), sin_addr=inet_addr("127.0.0.1")}, 16) = 0
9886  14:52:21.456185 listen(5, 1)      = 0
9886  14:52:21.456241 write(4, "^j\0\0", 4) = 4
9886  14:52:21.456288 read(4,  <unfinished ...>
9888  14:52:21.456376 read(5, "^j\0\0", 4) = 4
9888  14:52:21.456479 write(0, "227 Entering Passive Mode (127,0,0,1,106,94).\r\n", 47) = 47
9888  14:52:21.456915 rt_sigaction(SIGALRM, {0x805cad0, ~[RTMIN RT_1], 0}, NULL, 8) = 0
9888  14:52:21.457012 alarm(300)        = 300
9888  14:52:21.457065 recv(0, "STOR myfile29\r\n", 4096, MSG_PEEK) = 15
9888  14:52:21.457119 read(0, "STOR myfile29\r\n", 15) = 15
9888  14:52:21.457178 write(5, "\v", 1 <unfinished ...>
9886  14:52:21.457213 <... read resumed> "\v", 1) = 1
9888  14:52:21.457235 <... write resumed> ) = 1
9886  14:52:21.457262 write(4, "\1\0\0\0", 4) = 4
9886  14:52:21.457362 read(4,  <unfinished ...>
9888  14:52:21.457397 read(5, "\1\0\0\0", 4) = 4
9888  14:52:21.457451 gettimeofday({1495651941, 457468}, NULL) = 0
9888  14:52:21.457499 getcwd("/home/msfadmin", 4096) = 15
9888  14:52:21.457553 open("myfile29", O_WRONLY|O_CREAT|O_NONBLOCK|O_LARGEFILE, 0666) = 4
9888  14:52:21.457613 fstat64(4, {st_mode=S_IFREG|0644, st_size=17, ...}) = 0
9888  14:52:21.457687 fcntl64(4, F_GETFL) = 0x8801 (flags O_WRONLY|O_NONBLOCK|O_LARGEFILE)
9888  14:52:21.457736 fcntl64(4, F_SETFL, O_WRONLY|O_LARGEFILE) = 0
9888  14:52:21.457779 fcntl64(4, F_SETLKW64, {type=F_WRLCK, whence=SEEK_SET, start=0, len=0}, 0xbfabd4a4) = 0
9888  14:52:21.457837 ftruncate64(4, 0) = 0
9888  14:52:21.457910 _llseek(4, 0, [0], SEEK_SET) = 0
9888  14:52:21.457958 write(5, "\v", 1 <unfinished ...>
9886  14:52:21.457991 <... read resumed> "\v", 1) = 1
9888  14:52:21.458011 <... write resumed> ) = 1
9886  14:52:21.458038 write(4, "\1\0\0\0", 4) = 4
9886  14:52:21.458086 read(4,  <unfinished ...>
9888  14:52:21.458116 read(5, "\1\0\0\0", 4) = 4
9888  14:52:21.458166 write(5, "\v", 1 <unfinished ...>
9886  14:52:21.458196 <... read resumed> "\v", 1) = 1
9888  14:52:21.458216 <... write resumed> ) = 1
9886  14:52:21.458242 write(4, "\1\0\0\0", 4) = 4
9886  14:52:21.458362 read(4,  <unfinished ...>
9888  14:52:21.458396 read(5, "\1\0\0\0", 4) = 4
9888  14:52:21.458446 write(5, "\r", 1 <unfinished ...>
9886  14:52:21.458477 <... read resumed> "\r", 1) = 1
9888  14:52:21.458497 <... write resumed> ) = 1
9886  14:52:21.458527 select(6, [5], NULL, NULL, {60, 0}) = 1 (in [5], left {60, 0})
9886  14:52:21.458597 accept(5, {sa_family=AF_INET, sin_port=htons(44448), sin_addr=inet_addr("127.0.0.1")}, [16]) = 6
9886  14:52:21.458692 write(4, "\1", 1) = 1
9886  14:52:21.458744 sendmsg(4, {msg_name(0)=NULL, msg_iov(1)=[{"\0", 1}], msg_controllen=16, {cmsg_len=16, cmsg_level=SOL_SOCKET, cmsg_type=SCM_RIGHTS, {6}}, msg_flags=0}, 0) = 1
9886  14:52:21.458815 close(6)          = 0
9886  14:52:21.458858 read(4,  <unfinished ...>
9888  14:52:21.458888 read(5, "\1", 1)  = 1
9888  14:52:21.458944 recvmsg(5, {msg_name(0)=NULL, msg_iov(1)=[{"\0", 1}], msg_controllen=16, {cmsg_len=16, cmsg_level=SOL_SOCKET, cmsg_type=SCM_RIGHTS, {6}}, msg_flags=0}, 0) = 1
