17605 16:17:25.281374 read(7, "\177ELF\1\1\1\0\0\0\0\0\0\0\0\0\3\0\3\0\1\0\0\0\20\37\0\0004\0\0\0\374\264\0\0\0\0\0\0004\0 \0\4\0(\0\32\0\31\0\1\0\0\0\0\0\0\0\0\0\0\0\0\0\0\0x\257\0\0x\257\0\0\5\0\0\0\0\20\0\0\1\0\0\0\0\260\0\0\0\260\0\0\0\260\0\0$\4\0\0\304\304\0\0\6\0\0\0\0\20\0\0\2\0\0\0d\261\0\0d\261\0\0d\261\0\0\360\0\0\0\360\0\0\0\6\0\0\0\4\0\0\0Q\345td\0\0\0\0\0\0\0\0\0\0\0\0\0\0\0\0\0\0\0\0\6\0\0\0\4\0\0\0\333\0\0\0p\0\0\0\0\0\0\0\0\0\0\0\0\0\0\0\0\0\0\0Z\0\0\0\0\0\0\0[\0\0\0\0\0\0\0\0\0\0\0\0\0\0\0>\0\0\0Y\0\0\0\0\0\0\0\0\0\0\0\n\0\0\0\0\0\0\0\0\0\0\0\0\0\0\0\0\0\0\0\0\0\0\0\0\0\0\0\0\0\0\0\f\0\0\0]\0\0\0\30\0\0\0\0\0\0\0\5\0\0\0\36\0\0\0,\0\0\0k\0\0\0\33\0\0\0_\0\0\0\0\0\0\0\0\0\0\0U\0\0\0\0\0\0\0d\0\0\0\0\0\0\0\27\0\0\0f\0\0\0^\0\0\0\0\0\0\0\0\0\0\0B\0\0\0\0\0\0\0\0\0\0\0\0\0\0\0a\0\0\0\10\0\0\0\0\0\0\0\0\0\0\0\0\0\0\0\0\0\0\0\17\0\0\0\0\0\0\0\0\0\0\0\0\0\0\0`\0\0\0\t\0\0\0\35\0\0\0$\0\0\0\0\0\0\0004\0\0\0002\0\0\0\21\0\0\0W\0\0\0\r\0\0\0\0\0\0\0001\0\0\0n\0\0\0\0\0\0\0006\0\0\0\0\0\0\0\0\0\0\0\0\0\0\0\32\0\0\0\37\0\0\0\0\0\0\0\0\0\0\0.\0\0\0!\0\0\0", 512) = 512
17605 16:17:25.281507 fstat64(7, {st_mode=S_IFREG|0644, st_size=47372, ...}) = 0
17605 16:17:25.281542 mmap2(NULL, 95428, PROT_READ|PROT_EXEC, MAP_PRIVATE|MAP_DENYWRITE, 7, 0) = 0xb7d4a000
17605 16:17:25.281569 mmap2(0xb7d55000, 4096, PROT_READ|PROT_WRITE, MAP_PRIVATE|MAP_FIXED|MAP_DENYWRITE, 7, 0xb) = 0xb7d55000
17605 16:17:25.281600 mmap2(0xb7d56000, 46276, PROT_READ|PROT_WRITE, MAP_PRIVATE|MAP_FIXED|MAP_ANONYMOUS, -1, 0) = 0xb7d56000
17605 16:17:25.281626 close(7)          = 0
17605 16:17:25.281655 open("/etc/ld.so.cache", O_RDONLY) = 7
17605 16:17:25.281719 fstat64(7, {st_mode=S_IFREG|0644, st_size=29913, ...}) = 0
17605 16:17:25.281753 mmap2(NULL, 29913, PROT_READ, MAP_PRIVATE, 7, 0) = 0xb7d42000
17605 16:17:25.281778 close(7)          = 0
17605 16:17:25.281804 access("/etc/ld.so.nohwcap", F_OK) = -1 ENOENT (No such file or directory)
17605 16:17:25.281838 open("/lib/tls/i686/cmov/libcrypt.so.1", O_RDONLY) = 7
17605 16:17:25.281871 read(7, "\177ELF\1\1\1\0\0\0\0\0\0\0\0\0\3\0\3\0\1\0\0\0000\7\0\0004\0\0\0<\221\0\0\0\0\0\0004\0 \0\10\0(\0\34\0\33\0\6\0\0\0004\0\0\0004\0\0\0004\0\0\0\0\1\0\0\0\1\0\0\5\0\0\0\4\0\0\0\3\0\0\0\340\210\0\0\340\210\0\0\340\210\0\0\23\0\0\0\23\0\0\0\4\0\0\0\1\0\0\0\1\0\0\0\0\0\0\0\0\0\0\0\0\0\0\0\f\212\0\0\f\212\0\0\5\0\0\0\0\20\0\0\1\0\0\0\350\216\0\0\350\236\0\0\350\236\0\0`\1\0\0tr\2\0\6\0\0\0\0\20\0\0\2\0\0\0\374\216\0\0\374\236\0\0\374\236\0\0\340\0\0\0\340\0\0\0\6\0\0\0\4\0\0\0\4\0\0\0004\1\0\0004\1\0\0004\1\0\0 \0\0\0 \0\0\0\4\0\0\0\4\0\0\0Q\345td\0\0\0\0\0\0\0\0\0\0\0\0\0\0\0\0\0\0\0\0\6\0\0\0\4\0\0\0R\345td\350\216\0\0\350\236\0\0\350\236\0\0\f\1\0\0\f\1\0\0\4\0\0\0\1\0\0\0\4\0\0\0\20\0\0\0\1\0\0\0GNU\0\0\0\0\0\2\0\0\0\6\0\0\0\10\0\0\0\17\0\0\0\22\0\0\0\2\0\0\0\6\0\0\0\4\311\240, \4\0\0\0\0\0\0\0\0\0\0\0\0\0\0\22\0\0\0\23\0\0\0\24\0\0\0\0\0\0\0\25\0\0\0\26\0\0\0\0\0\0\0\27\0\0\0\0\0\0\0\30\0\0\0\31\0\0\0\0\0\0\0k\31Qj\233(\375B\233`\205\33\327\16?\17I->\333\235C\r\375\313\373_\22\325=l\366\0\0\0\0\0\0\0\0\0\0\0\0\0\0\0\0o\0\0\0\0\0\0\0\35\0\0\0\22\0\0\0\1\0\0\0\0\0\0\0\0\0\0\0 \0\0\0\37\0\0\0\0\0\0\0", 512) = 512
17605 16:17:25.282008 fstat64(7, {st_mode=S_IFREG|0644, st_size=38300, ...}) = 0
17605 16:17:25.282046 mmap2(NULL, 201052, PROT_READ|PROT_EXEC, MAP_PRIVATE|MAP_DENYWRITE, 7, 0) = 0xb7d10000
17605 16:17:25.282094 mmap2(0xb7d19000, 8192, PROT_READ|PROT_WRITE, MAP_PRIVATE|MAP_FIXED|MAP_DENYWRITE, 7, 0x8) = 0xb7d19000
17605 16:17:25.282133 mmap2(0xb7d1b000, 155996, PROT_READ|PROT_WRITE, MAP_PRIVATE|MAP_FIXED|MAP_ANONYMOUS, -1, 0) = 0xb7d1b000
17605 16:17:25.282166 close(7)          = 0
17605 16:17:25.282194 access("/etc/ld.so.nohwcap", F_OK) = -1 ENOENT (No such file or directory)
17605 16:17:25.282225 open("/lib/libselinux.so.1", O_RDONLY) = 7
17605 16:17:25.282254 read(7, "\177ELF\1\1\1\0\0\0\0\0\0\0\0\0\3\0\3\0\1\0\0\0\300@\0\0004\0\0\0\224r\1\0\0\0\0\0004\0 \0\6\0(\0\33\0\32\0\1\0\0\0\0\0\0\0\0\0\0\0\0\0\0\0\230f\1\0\230f\1\0\5\0\0\0\0\20\0\0\1\0\0\0\240n\1\0\240~\1\0\240~\1\0\20\3\0\0\234\f\0\0\6\0\0\0\0\20\0\0\2\0\0\0\320n\1\0\320~\1\0\320~\1\0\340\0\0\0\340\0\0\0\6\0\0\0\4\0\0\0\7\0\0\0\240n\1\0\240~\1\0\240~\1\0\0\0\0\0\\\0\0\0\4\0\0\0 \0\0\0Q\345td\0\0\0\0\0\0\0\0\0\0\0\0\0\0\0\0\0\0\0\0\6\0\0\0\4\0\0\0R\345td\240n\1\0\240~\1\0\240~\1\0T\1\0\0T\1\0\0\4\0\0\0\1\0\0\0\7\1\0\0#\1\0\0\0\0\0\0\24\0\0\0\v\1\0\0\306\0\0\0\0\0\0\0\36\1\0\0\330\0\0\0 \1\0\0001\0\0\0\345\0\0\0\34\0\0\0\206\0\0\0\212\0\0\0\234\0\0\0\0\0\0\0*\0\0\0\0\0\0\0\0\0\0\0\370\0\0\0004\0\0\0\0\0\0\0\0\0\0\0\0\0\0\0\0\0\0\0\0\0\0\0\224\0\0\0\0\0\0\0\0\0\0\0\0\0\0\0\244\0\0\0\347\0\0\0\373\0\0\0\0\0\0\0\304\0\0\0\257\0\0\0\0\0\0\0!\1\0\0\0\0\0\0\307\0\0\0\235\0\0\0\25\1\0\0`\0\0\0\0\0\0\0\256\0\0\0\374\0\0\0O\0\0\0i\0\0\0^\0\0\0\337\0\0\0-\0\0\0m\0\0\0\0\0\0\0\0\0\0\0\0\0\0\0\0\0\0\0\260\0\0\0\314\0\0\0\6\0\0\0\276\0\0\0{\0\0\0\226\0\0\0\0\0\0\0E\0\0\0\33\0\0\0\371\0\0\0", 512) = 512
17605 16:17:25.282390 fstat64(7, {st_mode=S_IFREG|0644, st_size=95948, ...}) = 0
17605 16:17:25.282425 mmap2(NULL, 101180, PROT_READ|PROT_EXEC, MAP_PRIVATE|MAP_DENYWRITE, 7, 0) = 0xb7cf7000
17605 16:17:25.282452 mmap2(0xb7d0e000, 8192, PROT_READ|PROT_WRITE, MAP_PRIVATE|MAP_FIXED|MAP_DENYWRITE, 7, 0x16) = 0xb7d0e000
17605 16:17:25.282486 close(7)          = 0
17605 16:17:25.282649 open("/etc/selinux/config", O_RDONLY|O_LARGEFILE) = -1 ENOENT (No such file or directory)
17605 16:17:25.282698 statfs64("/selinux", 84, 0xbfd0879c) = -1 ENOENT (No such file or directory)
17605 16:17:25.282726 open("/proc/mounts", O_RDONLY|O_LARGEFILE) = 7
17605 16:17:25.282770 fstat64(7, {st_mode=S_IFREG|0444, st_size=0, ...}) = 0
17605 16:17:25.282805 mmap2(NULL, 4096, PROT_READ|PROT_WRITE, MAP_PRIVATE|MAP_ANONYMOUS, -1, 0) = 0xb7f13000
17605 16:17:25.282831 read(7, "rootfs / rootfs rw 0 0\nnone /sys sysfs rw,nosuid,nodev,noexec 0 0\nnone /proc proc rw,nosuid,nodev,noexec 0 0\nudev /dev tmpfs rw,relatime 0 0\nfusectl /sys/fs/fuse/connections fusectl rw,relatime 0 0\n/dev/mapper/metasploitable-root / ext3 rw,relatime,errors=remount-ro,data=ordered 0 0\n/dev/mapper/metasploitable-root /dev/.static/dev ext3 rw,relatime,errors=remount-ro,data=ordered 0 0\ntmpfs /var/run tmpfs rw,nosuid,nodev,noexec 0 0\ntmpfs /var/lock tmpfs rw,nosuid,nodev,noexec 0 0\ntmpfs /dev/shm tmpfs rw,relatime 0 0\ndevpts /dev/pts devpts rw,relatime 0 0\ntmpfs /var/run tmpfs rw,nosuid,nodev,noexec 0 0\ntmpfs /var/lock tmpfs rw,nosuid,nodev,noexec 0 0\n/dev/sda1 /boot ext3 rw,relatime,data=ordered 0 0\nsecurityfs /sys/kernel/security securityfs rw,relatime 0 0\nrpc_pipefs /var/lib/nfs/rpc_pipefs rpc_pipefs rw,relatime 0 0\nnfsd /proc/fs/nfsd nfsd rw,relatime 0 0\n", 1024) = 866
17605 16:17:25.282961 read(7, "", 1024) = 0
17605 16:17:25.282986 close(7)          = 0
17605 16:17:25.283010 munmap(0xb7f13000, 4096) = 0
17605 16:17:25.283042 munmap(0xb7d42000, 29913) = 0
17605 16:17:25.283093 read(6, "", 4096) = 0
17605 16:17:25.283119 close(6)          = 0
17605 16:17:25.283142 munmap(0xb7f14000, 4096) = 0
17605 16:17:25.283168 stat64("/etc/pam.d", {st_mode=S_IFDIR|0755, st_size=4096, ...}) = 0
17605 16:17:25.283206 open("/etc/pam.d/common-account", O_RDONLY|O_LARGEFILE) = 6
17605 16:17:25.283235 fstat64(6, {st_mode=S_IFREG|0644, st_size=392, ...}) = 0
17605 16:17:25.283268 mmap2(NULL, 4096, PROT_READ|PROT_WRITE, MAP_PRIVATE|MAP_ANONYMOUS, -1, 0) = 0xb7f14000
17605 16:17:25.283299 read(6, "#\n# /etc/pam.d/common-account - authorization settings common to all services\n#\n# This file is included from other service-specific PAM config files,\n# and should contain a list of the authorization modules that define\n# the central access policy for use on the system.  The default is to\n# only deny service to users whose accounts are expired in /etc/shadow.\n#\naccount\trequired\tpam_unix.so\n", 4096) = 392
17605 16:17:25.283368 read(6, "", 4096) = 0
17605 16:17:25.283391 close(6)          = 0
17605 16:17:25.283415 munmap(0xb7f14000, 4096) = 0
17605 16:17:25.283440 stat64("/etc/pam.d", {st_mode=S_IFDIR|0755, st_size=4096, ...}) = 0
17605 16:17:25.283477 open("/etc/pam.d/common-session", O_RDONLY|O_LARGEFILE) = 6
17605 16:17:25.283505 fstat64(6, {st_mode=S_IFREG|0644, st_size=372, ...}) = 0
17605 16:17:25.283537 mmap2(NULL, 4096, PROT_READ|PROT_WRITE, MAP_PRIVATE|MAP_ANONYMOUS, -1, 0) = 0xb7f14000
17605 16:17:25.283561 read(6, "#\n# /etc/pam.d/common-session - session-related modules common to all services\n#\n# This file is included from other service-specific PAM config files,\n# and should contain a list of modules that define tasks to be performed\n# at the start and end of sessions of *any* kind (both interactive and\n# non-interactive).  The default is pam_unix.\n#\nsession\trequired\tpam_unix.so\n", 4096) = 372
17605 16:17:25.283627 read(6, "", 4096) = 0
17605 16:17:25.283650 close(6)          = 0
17605 16:17:25.283673 munmap(0xb7f14000, 4096) = 0
17605 16:17:25.283697 read(5, "", 4096) = 0
17605 16:17:25.283721 close(5)          = 0
17605 16:17:25.283743 munmap(0xb7f1a000, 4096) = 0
17605 16:17:25.283768 open("/etc/pam.d/other", O_RDONLY|O_LARGEFILE) = 5
17605 16:17:25.283796 fstat64(5, {st_mode=S_IFREG|0644, st_size=520, ...}) = 0
17605 16:17:25.283829 mmap2(NULL, 4096, PROT_READ|PROT_WRITE, MAP_PRIVATE|MAP_ANONYMOUS, -1, 0) = 0xb7f1a000
17605 16:17:25.283853 read(5, "#\n# /etc/pam.d/other - specify the PAM fallback behaviour\n#\n# Note that this file is used for any unspecified service; for example\n#if /etc/pam.d/cron  specifies no session modules but cron calls\n#pam_open_session, the session module out of /etc/pam.d/other is\n#used.  If you really want nothing to happen then use pam_permit.so or\n#pam_deny.so as appropriate.\n\n# We fall back to the system default in /etc/pam.d/common-*\n# \n\n@include common-auth\n@include common-account\n@include common-password\n@include common-session\n", 4096) = 520
17605 16:17:25.283927 stat64("/etc/pam.d", {st_mode=S_IFDIR|0755, st_size=4096, ...}) = 0
17605 16:17:25.283963 open("/etc/pam.d/common-auth", O_RDONLY|O_LARGEFILE) = 6
17605 16:17:25.283990 fstat64(6, {st_mode=S_IFREG|0644, st_size=476, ...}) = 0
17605 16:17:25.284042 mmap2(NULL, 4096, PROT_READ|PROT_WRITE, MAP_PRIVATE|MAP_ANONYMOUS, -1, 0) = 0xb7f14000
17605 16:17:25.284068 read(6, "#\n# /etc/pam.d/common-auth - authentication settings common to all services\n#\n# This file is included from other service-specific PAM config files,\n# and should contain a list of the authentication modules that define\n# the central authentication scheme for use on the system\n# (e.g., /etc/shadow, LDAP, Kerberos, etc.).  The default is to use the\n# traditional Unix authentication mechanisms.\n#\nauth\trequisite\tpam_unix.so nullok_secure\n# auth\toptional\tpam_smbpass.so migrate\n", 4096) = 476
17605 16:17:25.284146 read(6, "", 4096) = 0
17605 16:17:25.284171 close(6)          = 0
17605 16:17:25.284193 munmap(0xb7f14000, 4096) = 0
17605 16:17:25.284219 stat64("/etc/pam.d", {st_mode=S_IFDIR|0755, st_size=4096, ...}) = 0
17605 16:17:25.284255 open("/etc/pam.d/common-account", O_RDONLY|O_LARGEFILE) = 6
17605 16:17:25.284284 fstat64(6, {st_mode=S_IFREG|0644, st_size=392, ...}) = 0
17605 16:17:25.284317 mmap2(NULL, 4096, PROT_READ|PROT_WRITE, MAP_PRIVATE|MAP_ANONYMOUS, -1, 0) = 0xb7f14000
17605 16:17:25.284340 read(6, "#\n# /etc/pam.d/common-account - authorization settings common to all services\n#\n# This file is included from other service-specific PAM config files,\n# and should contain a list of the authorization modules that define\n# the central access policy for use on the system.  The default is to\n# only deny service to users whose accounts are expired in /etc/shadow.\n#\naccount\trequired\tpam_unix.so\n", 4096) = 392
17605 16:17:25.284411 read(6, "", 4096) = 0
17605 16:17:25.284436 close(6)          = 0
17605 16:17:25.284458 munmap(0xb7f14000, 4096) = 0
17605 16:17:25.284483 stat64("/etc/pam.d", {st_mode=S_IFDIR|0755, st_size=4096, ...}) = 0
17605 16:17:25.284519 open("/etc/pam.d/common-password", O_RDONLY|O_LARGEFILE) = 6
17605 16:17:25.284547 fstat64(6, {st_mode=S_IFREG|0644, st_size=1563, ...}) = 0
17605 16:17:25.284580 mmap2(NULL, 4096, PROT_READ|PROT_WRITE, MAP_PRIVATE|MAP_ANONYMOUS, -1, 0) = 0xb7f14000
17605 16:17:25.284604 read(6, "#\n# /etc/pam.d/common-password - password-related modules common to all services\n#\n# This file is included from other service-specific PAM config files,\n# and should contain a list of modules that define the services to be\n# used to change user passwords.  The default is pam_unix.\n\n# Explanation of pam_unix options:\n#\n# The \"nullok\" option allows users to change an empty password, else\n# empty passwords are treated as locked accounts.\n#\n# The \"md5\" option enables MD5 passwords.  Without this option, the\n# default is Unix crypt.\n#\n# The \"obscure\" option replaces the old `OBSCURE_CHECKS_ENAB\' option in\n# login.defs.\n#\n# You can also use the \"min\" option to enforce the length of the new\n# password.\n#\n# See the pam_unix manpage for other options.\n\npassword   requisite   pam_unix.so nullok obscure md5\n\n# Alternate strength checking for password. Note that this\n# requires the libpam-cracklib package to be installed.\n# You will need to comment out the password line above and\n# uncomment the next two in order to use this.\n# (Replaces the `OBSCURE_CHECKS_ENAB\', `CRACKLIB_DICTPATH\')\n#\n# password required\t  pam_cracklib.so retry=3 minlen=6 difok=3\n# password required\t  pam_unix.so use_authtok nullok md5\n\n# minimally-intrusive inclusion of smbpass in the stack for\n# synchronization.  If the module is absent or the passwords don\'t\n# match, this module will be ignored without prompting; and if the \n# passwords do match, the NTLM hash for the user will be updated\n# automatically.\n# password   optional   pam_smbpass.so nullok use_authtok use_first_pass\n", 4096) = 1563
17605 16:17:25.284779 read(6, "", 4096) = 0
17605 16:17:25.284804 close(6)          = 0
17605 16:17:25.284826 munmap(0xb7f14000, 4096) = 0
17605 16:17:25.284850 stat64("/etc/pam.d", {st_mode=S_IFDIR|0755, st_size=4096, ...}) = 0
17605 16:17:25.284886 open("/etc/pam.d/common-session", O_RDONLY|O_LARGEFILE) = 6
17605 16:17:25.284914 fstat64(6, {st_mode=S_IFREG|0644, st_size=372, ...}) = 0
17605 16:17:25.284947 mmap2(NULL, 4096, PROT_READ|PROT_WRITE, MAP_PRIVATE|MAP_ANONYMOUS, -1, 0) = 0xb7f14000
17605 16:17:25.284971 read(6, "#\n# /etc/pam.d/common-session - session-related modules common to all services\n#\n# This file is included from other service-specific PAM config files,\n# and should contain a list of modules that define tasks to be performed\n# at the start and end of sessions of *any* kind (both interactive and\n# non-interactive).  The default is pam_unix.\n#\nsession\trequired\tpam_unix.so\n", 4096) = 372
17605 16:17:25.285156 read(6, "", 4096) = 0
17605 16:17:25.285180 close(6)          = 0
17605 16:17:25.285202 munmap(0xb7f14000, 4096) = 0
17605 16:17:25.285227 read(5, "", 4096) = 0
17605 16:17:25.285250 close(5)          = 0
17605 16:17:25.285273 munmap(0xb7f1a000, 4096) = 0
17605 16:17:25.285301 time(NULL)        = 1495657045
17605 16:17:25.285327 lstat64("/etc/ftpusers", {st_mode=S_IFREG|0644, st_size=132, ...}) = 0
17605 16:17:25.285364 open("/etc/ftpusers", O_RDONLY|O_LARGEFILE) = 5
17605 16:17:25.285391 fstat64(5, {st_mode=S_IFREG|0644, st_size=132, ...}) = 0
17605 16:17:25.285423 mmap2(NULL, 4096, PROT_READ|PROT_WRITE, MAP_PRIVATE|MAP_ANONYMOUS, -1, 0) = 0xb7f1a000
17605 16:17:25.285447 read(5, "# /etc/ftpusers: list of users disallowed FTP access. See ftpusers(5).\n\nroot\ndaemon\nbin\nsys\nsync\ngames\nman\nlp\nmail\nnews\nuucp\nnobody\n", 4096) = 132
17605 16:17:25.285492 read(5, "", 4096) = 0
17605 16:17:25.285515 close(5)          = 0
17605 16:17:25.285538 munmap(0xb7f1a000, 4096) = 0
17605 16:17:25.285570 getuid32()        = 0
17605 16:17:25.285604 open("/etc/passwd", O_RDONLY|0x80000 /* O_??? */) = 5
17605 16:17:25.285636 _llseek(5, 0, [0], SEEK_CUR) = 0
17605 16:17:25.285661 fstat64(5, {st_mode=S_IFREG|0644, st_size=1624, ...}) = 0
17605 16:17:25.285694 mmap2(NULL, 1624, PROT_READ, MAP_SHARED, 5, 0) = 0xb7f1a000
17605 16:17:25.285719 _llseek(5, 1624, [1624], SEEK_SET) = 0
17605 16:17:25.285756 munmap(0xb7f1a000, 1624) = 0
17605 16:17:25.285782 close(5)          = 0
17605 16:17:25.285829 open("/etc/shadow", O_RDONLY|0x80000 /* O_??? */) = 5
17605 16:17:25.285864 _llseek(5, 0, [0], SEEK_CUR) = 0
17605 16:17:25.285888 fstat64(5, {st_mode=S_IFREG|0640, st_size=1233, ...}) = 0
17605 16:17:25.285921 mmap2(NULL, 1233, PROT_READ, MAP_SHARED, 5, 0) = 0xb7f1a000
17605 16:17:25.285945 _llseek(5, 1233, [1233], SEEK_SET) = 0
17605 16:17:25.285983 munmap(0xb7f1a000, 1233) = 0
17605 16:17:25.286007 close(5)          = 0
17605 16:17:25.286044 open("/etc/passwd", O_RDONLY|0x80000 /* O_??? */) = 5
17605 16:17:25.286094 _llseek(5, 0, [0], SEEK_CUR) = 0
17605 16:17:25.286120 fstat64(5, {st_mode=S_IFREG|0644, st_size=1624, ...}) = 0
17605 16:17:25.286153 mmap2(NULL, 1624, PROT_READ, MAP_SHARED, 5, 0) = 0xb7f1a000
17605 16:17:25.286178 _llseek(5, 1624, [1624], SEEK_SET) = 0
17605 16:17:25.286211 munmap(0xb7f1a000, 1624) = 0
17605 16:17:25.286234 close(5)          = 0
17605 16:17:25.286263 open("/etc/shadow", O_RDONLY|0x80000 /* O_??? */) = 5
17605 16:17:25.286291 _llseek(5, 0, [0], SEEK_CUR) = 0
17605 16:17:25.286315 fstat64(5, {st_mode=S_IFREG|0640, st_size=1233, ...}) = 0
17605 16:17:25.286347 mmap2(NULL, 1233, PROT_READ, MAP_SHARED, 5, 0) = 0xb7f1a000
17605 16:17:25.286372 _llseek(5, 1233, [1233], SEEK_SET) = 0
17605 16:17:25.286405 munmap(0xb7f1a000, 1233) = 0
17605 16:17:25.286428 close(5)          = 0
17605 16:17:25.286672 getuid32()        = 0
17605 16:17:25.286672 open("/etc/passwd", O_RDONLY|0x80000 /* O_??? */) = 5
17605 16:17:25.286672 _llseek(5, 0, [0], SEEK_CUR) = 0
17605 16:17:25.286672 fstat64(5, {st_mode=S_IFREG|0644, st_size=1624, ...}) = 0
17605 16:17:25.286672 mmap2(NULL, 1624, PROT_READ, MAP_SHARED, 5, 0) = 0xb7f1a000
17605 16:17:25.286900 _llseek(5, 1624, [1624], SEEK_SET) = 0
17605 16:17:25.286957 munmap(0xb7f1a000, 1624) = 0
17605 16:17:25.286983 close(5)          = 0
17605 16:17:25.287013 open("/etc/shadow", O_RDONLY|0x80000 /* O_??? */) = 5
17605 16:17:25.287041 _llseek(5, 0, [0], SEEK_CUR) = 0
17605 16:17:25.287066 fstat64(5, {st_mode=S_IFREG|0640, st_size=1233, ...}) = 0
17605 16:17:25.287099 mmap2(NULL, 1233, PROT_READ, MAP_SHARED, 5, 0) = 0xb7f1a000
17605 16:17:25.287123 _llseek(5, 1233, [1233], SEEK_SET) = 0
17605 16:17:25.287157 munmap(0xb7f1a000, 1233) = 0
17605 16:17:25.287180 close(5)          = 0
17605 16:17:25.287206 time(NULL)        = 1495657045
17605 16:17:25.287238 munmap(0xb7f17000, 12164) = 0
17605 16:17:25.287267 munmap(0xb7f15000, 7136) = 0
17605 16:17:25.287297 munmap(0xb7d4a000, 95428) = 0
17605 16:17:25.287322 munmap(0xb7d10000, 201052) = 0
17605 16:17:25.287348 munmap(0xb7cf7000, 101180) = 0
17605 16:17:25.287382 gettimeofday({1495657045, 287397}, NULL) = 0
17605 16:17:25.287418 stat64("/usr/share/zoneinfo/UTC+04:00", 0xbfd0a674) = -1 ENOENT (No such file or directory)
17605 16:17:25.287450 open("/usr/share/zoneinfo/UTC+04:00", O_RDONLY) = -1 ENOENT (No such file or directory)
17605 16:17:25.287500 fcntl64(3, F_SETLKW64, {type=F_WRLCK, whence=SEEK_SET, start=0, len=0}, 0xbfd0a7c4) = 0
17605 16:17:25.287534 write(3, "Wed May 24 16:17:25 2017 [pid 17605] [msfadmin] OK LOGIN: Client \"127.0.0.1\"\n", 77) = 77
17605 16:17:25.287568 fcntl64(3, F_SETLK64, {type=F_UNLCK, whence=SEEK_SET, start=0, len=0}, 0xbfd0a7cc) = 0
17605 16:17:25.287597 rt_sigaction(SIGCHLD, {0x805cad0, ~[RTMIN RT_1], 0}, NULL, 8) = 0
17605 16:17:25.287628 write(4, "\1", 1 <unfinished ...>
17606 16:17:25.287659 <... read resumed> "\1", 1) = 1
17605 16:17:25.287677 <... write resumed> ) = 1
17606 16:17:25.287697 exit_group(0)     = ?
17605 16:17:25.287760 --- SIGCHLD (Child exited) @ 0 (0) ---
17605 16:17:25.287786 sigreturn()       = ? (mask now [])
17605 16:17:25.287823 wait4(-1, [{WIFEXITED(s) && WEXITSTATUS(s) == 0}], 0, NULL) = 17606
17605 16:17:25.287851 close(4)          = 0
17605 16:17:25.287879 socketpair(PF_FILE, SOCK_STREAM, 0, [4, 5]) = 0
17605 16:17:25.287932 rt_sigaction(SIGCHLD, {0x805cad0, ~[RTMIN RT_1], 0}, NULL, 8) = 0
17605 16:17:25.287962 rt_sigaction(SIGALRM, {0x805cb10, ~[RTMIN RT_1], 0}, NULL, 8) = 0
17605 16:17:25.287992 clone(child_stack=0, flags=CLONE_CHILD_CLEARTID|CLONE_CHILD_SETTID|SIGCHLD, child_tidptr=0xb7d806f8) = 17607
17607 16:17:25.288092 prctl(0x1, 0x9, 0, 0, 0) = 0
17607 16:17:25.288123 close(4)          = 0
17607 16:17:25.288172 open("/etc/passwd", O_RDONLY|0x80000 /* O_??? */) = 4
17607 16:17:25.288207 _llseek(4, 0, [0], SEEK_CUR) = 0
17607 16:17:25.288239 fstat64(4, {st_mode=S_IFREG|0644, st_size=1624, ...}) = 0
17607 16:17:25.288275 mmap2(NULL, 1624, PROT_READ, MAP_SHARED, 4, 0) = 0xb7f1a000
17607 16:17:25.288301 _llseek(4, 1624, [1624], SEEK_SET) = 0
17607 16:17:25.288344 munmap(0xb7f1a000, 1624) = 0
17607 16:17:25.288370 close(4)          = 0
17607 16:17:25.288399 getuid32()        = 0
17607 16:17:25.288423 open("/etc/passwd", O_RDONLY|0x80000 /* O_??? */) = 4
17607 16:17:25.288451 _llseek(4, 0, [0], SEEK_CUR) = 0
17607 16:17:25.288475 fstat64(4, {st_mode=S_IFREG|0644, st_size=1624, ...}) = 0
17607 16:17:25.288508 mmap2(NULL, 1624, PROT_READ, MAP_SHARED, 4, 0) = 0xb7f1a000
17607 16:17:25.288532 _llseek(4, 1624, [1624], SEEK_SET) = 0
17607 16:17:25.288564 munmap(0xb7f1a000, 1624) = 0
17607 16:17:25.288588 close(4)          = 0
17607 16:17:25.288635 open("/proc/sys/kernel/ngroups_max", O_RDONLY) = 4
17607 16:17:25.288675 read(4, "65536\n", 31) = 6
17607 16:17:25.288702 close(4)          = 0
17607 16:17:25.288733 socket(PF_FILE, SOCK_STREAM, 0) = 4
17607 16:17:25.288760 fcntl64(4, F_SETFL, O_RDWR|O_NONBLOCK) = 0
17607 16:17:25.288785 connect(4, {sa_family=AF_FILE, path="/var/run/nscd/socket"}, 110) = -1 ENOENT (No such file or directory)
17607 16:17:25.288826 close(4)          = 0
17607 16:17:25.288871 socket(PF_FILE, SOCK_STREAM, 0) = 4
17607 16:17:25.288899 fcntl64(4, F_SETFL, O_RDWR|O_NONBLOCK) = 0
17607 16:17:25.288924 connect(4, {sa_family=AF_FILE, path="/var/run/nscd/socket"}, 110) = -1 ENOENT (No such file or directory)
17607 16:17:25.288986 close(4)          = 0
17607 16:17:25.289033 open("/etc/group", O_RDONLY|0x80000 /* O_??? */) = 4
17607 16:17:25.289064 _llseek(4, 0, [0], SEEK_CUR) = 0
17607 16:17:25.289090 fstat64(4, {st_mode=S_IFREG|0644, st_size=886, ...}) = 0
17607 16:17:25.289122 mmap2(NULL, 886, PROT_READ, MAP_SHARED, 4, 0) = 0xb7f1a000
17607 16:17:25.289147 _llseek(4, 886, [886], SEEK_SET) = 0
17607 16:17:25.289193 fstat64(4, {st_mode=S_IFREG|0644, st_size=886, ...}) = 0
17607 16:17:25.289226 munmap(0xb7f1a000, 886) = 0
17607 16:17:25.289251 close(4)          = 0
17607 16:17:25.289274 setgroups32(13, [1000, 4, 20, 24, 25, 29, 30, 44, 46, 107, 111, 112, 119]) = 0
17607 16:17:25.289308 geteuid32()       = 0
17607 16:17:25.289333 getegid32()       = 0
17607 16:17:25.289358 setregid32(-1, 1000) = 0
17607 16:17:25.289382 setreuid32(-1, 1000) = 0
17607 16:17:25.289407 chdir("/home/msfadmin") = 0
17607 16:17:25.289434 setreuid32(-1, 0) = 0
17607 16:17:25.289457 setregid32(-1, 0) = 0
17607 16:17:25.289482 setgid32(1000)    = 0
17607 16:17:25.289505 setuid32(1000)    = 0
17607 16:17:25.289529 setrlimit(RLIMIT_NPROC, {rlim_cur=0, rlim_max=0}) = 0
17607 16:17:25.289558 mmap2(NULL, 12288, PROT_READ|PROT_WRITE, MAP_PRIVATE|MAP_ANONYMOUS, -1, 0) = 0xb7f18000
17607 16:17:25.289583 mprotect(0xb7f1a000, 4096, PROT_NONE) = 0
17607 16:17:25.289609 mprotect(0xb7f18000, 4096, PROT_NONE) = 0
17607 16:17:25.289635 getcwd("/home/msfadmin", 4096) = 15
17607 16:17:25.289664 umask(022)        = 077
17607 16:17:25.289687 getcwd("/home/msfadmin", 4096) = 15
17607 16:17:25.289722 open(".message", O_RDONLY|O_NONBLOCK|O_LARGEFILE) = -1 ENOENT (No such file or directory)
17607 16:17:25.289768 write(0, "230 Login successful.\r\n", 23) = 23
17607 16:17:25.297889 rt_sigaction(SIGALRM, {0x805cad0, ~[RTMIN RT_1], 0}, NULL, 8) = 0
17607 16:17:25.297928 alarm(300)        = 0
17607 16:17:25.297974 mmap2(NULL, 12288, PROT_READ|PROT_WRITE, MAP_PRIVATE|MAP_ANONYMOUS, -1, 0) = 0xb7f15000
17607 16:17:25.298001 mprotect(0xb7f17000, 4096, PROT_NONE) = 0
17607 16:17:25.298027 mprotect(0xb7f15000, 4096, PROT_NONE) = 0
17607 16:17:25.298057 recv(0, "TYPE I\r\n", 4096, MSG_PEEK) = 8
17607 16:17:25.298085 read(0, "TYPE I\r\n", 8) = 8
17607 16:17:25.298120 write(0, "200 Switching to Binary mode.\r\n", 31) = 31
17607 16:17:25.298166 rt_sigaction(SIGALRM, {0x805cad0, ~[RTMIN RT_1], 0}, NULL, 8) = 0
17607 16:17:25.298196 alarm(300)        = 300
17607 16:17:25.298242 recv(0, "PASV\r\n", 4096, MSG_PEEK) = 6
17607 16:17:25.298316 read(0, "PASV\r\n", 6) = 6
17607 16:17:25.298346 write(5, "\n", 1) = 1
17607 16:17:25.298372 read(5,  <unfinished ...>
17605 16:17:25.298399 close(5)          = 0
17605 16:17:25.298428 getuid32()        = 0
17605 16:17:25.298459 open("/etc/passwd", O_RDONLY|0x80000 /* O_??? */) = 5
17605 16:17:25.298490 _llseek(5, 0, [0], SEEK_CUR) = 0
17605 16:17:25.298517 fstat64(5, {st_mode=S_IFREG|0644, st_size=1624, ...}) = 0
17605 16:17:25.298554 mmap2(NULL, 1624, PROT_READ, MAP_SHARED, 5, 0) = 0xb7f1a000
17605 16:17:25.298579 _llseek(5, 1624, [1624], SEEK_SET) = 0
17605 16:17:25.298615 munmap(0xb7f1a000, 1624) = 0
17605 16:17:25.298664 close(5)          = 0
17605 16:17:25.298700 setgroups32(0, []) = 0
17605 16:17:25.298728 chdir("/usr/share/empty") = 0
17605 16:17:25.298755 chroot(".")       = 0
17605 16:17:25.298781 capset(NULL, NULL) = -1 EFAULT (Bad address)
17605 16:17:25.298811 prctl(0x8, 0, 0xbfd0a7a8, 0x80549a6, 0xbfd0a790) = 0
17605 16:17:25.298837 prctl(0x8, 0x1, 0xbfd0a7a8, 0x8054a49, 0xbfd0a790) = 0
17605 16:17:25.298860 setgid32(65534)   = 0
17605 16:17:25.298885 setuid32(65534)   = 0
17605 16:17:25.298908 capset(0x19980330, 0, {CAP_NET_BIND_SERVICE, CAP_NET_BIND_SERVICE, 0}) = 0
17605 16:17:25.298937 read(4, "\n", 1)  = 1
17605 16:17:25.298966 write(4, "\1", 1) = 1
17607 16:17:25.298992 <... read resumed> "\1", 1) = 1
17607 16:17:25.299012 write(5, "\f", 1) = 1
17607 16:17:25.299036 read(5,  <unfinished ...>
17605 16:17:25.299056 read(4, "\f", 1)  = 1
17605 16:17:25.299083 socket(PF_INET, SOCK_STREAM, IPPROTO_TCP) = 5
17605 16:17:25.299113 setsockopt(5, SOL_SOCKET, SO_REUSEADDR, [1], 4) = 0
17605 16:17:25.299139 gettimeofday({1495657045, 299154}, NULL) = 0
17605 16:17:25.299183 bind(5, {sa_family=AF_INET, sin_port=htons(8832), sin_addr=inet_addr("127.0.0.1")}, 16) = 0
17605 16:17:25.299216 listen(5, 1)      = 0
17605 16:17:25.299244 write(4, "\200\"\0\0", 4) = 4
17607 16:17:25.299269 <... read resumed> "\200\"\0\0", 4) = 4
17607 16:17:25.299299 write(0, "227 Entering Passive Mode (127,0,0,1,34,128).\r\n", 47) = 47
17607 16:17:25.299347 rt_sigaction(SIGALRM, {0x805cad0, ~[RTMIN RT_1], 0}, NULL, 8) = 0
17607 16:17:25.299378 alarm(300)        = 300
17607 16:17:25.299423 recv(0, "STOR myfile13\r\n", 4096, MSG_PEEK) = 15
17607 16:17:25.299661 read(0, "STOR myfile13\r\n", 15) = 15
17607 16:17:25.299698 write(5, "\v", 1) = 1
17607 16:17:25.299723 read(5,  <unfinished ...>
17605 16:17:25.299743 read(4, "\v", 1)  = 1
17605 16:17:25.299769 write(4, "\1\0\0\0", 4) = 4
17607 16:17:25.299794 <... read resumed> "\1\0\0\0", 4) = 4
17607 16:17:25.299816 gettimeofday({1495657045, 299831}, NULL) = 0
17607 16:17:25.299852 getcwd("/home/msfadmin", 4096) = 15
17607 16:17:25.299879 open("myfile13", O_WRONLY|O_CREAT|O_NONBLOCK|O_LARGEFILE, 0666) = 4
17607 16:17:25.299909 fstat64(4, {st_mode=S_IFREG|0644, st_size=17, ...}) = 0
17607 16:17:25.299942 fcntl64(4, F_GETFL) = 0x8801 (flags O_WRONLY|O_NONBLOCK|O_LARGEFILE)
17607 16:17:25.299967 fcntl64(4, F_SETFL, O_WRONLY|O_LARGEFILE) = 0
17607 16:17:25.299991 fcntl64(4, F_SETLKW64, {type=F_WRLCK, whence=SEEK_SET, start=0, len=0}, 0xbfd0a6f4) = 0
17607 16:17:25.300030 ftruncate64(4, 0) = 0
17607 16:17:25.300069 _llseek(4, 0, [0], SEEK_SET) = 0
17607 16:17:25.300096 write(5, "\v", 1) = 1
17607 16:17:25.300120 read(5,  <unfinished ...>
17605 16:17:25.300140 read(4, "\v", 1)  = 1
17605 16:17:25.300165 write(4, "\1\0\0\0", 4) = 4
17607 16:17:25.300190 <... read resumed> "\1\0\0\0", 4) = 4
17607 16:17:25.300210 write(5, "\v", 1) = 1
17607 16:17:25.300234 read(5,  <unfinished ...>
17605 16:17:25.300253 read(4, "\v", 1)  = 1
17605 16:17:25.300278 write(4, "\1\0\0\0", 4) = 4
17607 16:17:25.300302 <... read resumed> "\1\0\0\0", 4) = 4
17607 16:17:25.300323 write(5, "\r", 1) = 1
17607 16:17:25.300346 read(5,  <unfinished ...>
17605 16:17:25.300365 read(4, "\r", 1)  = 1
17605 16:17:25.300393 select(6, [5], NULL, NULL, {60, 0}) = 1 (in [5], left {60, 0})
17605 16:17:25.300428 accept(5, {sa_family=AF_INET, sin_port=htons(34127), sin_addr=inet_addr("127.0.0.1")}, [16]) = 6
17605 16:17:25.300469 write(4, "\1", 1) = 1
17607 16:17:25.300494 <... read resumed> "\1", 1) = 1
17607 16:17:25.300517 recvmsg(5,  <unfinished ...>
17605 16:17:25.300541 sendmsg(4, {msg_name(0)=NULL, msg_iov(1)=[{"\0", 1}], msg_controllen=16, {cmsg_len=16, cmsg_level=SOL_SOCKET, cmsg_type=SCM_RIGHTS, {6}}, msg_flags=0}, 0) = 1
17607 16:17:25.300597 <... recvmsg resumed> {msg_name(0)=NULL, msg_iov(1)=[{"\0", 1}], msg_controllen=16, {cmsg_len=16, cmsg_level=SOL_SOCKET, cmsg_type=SCM_RIGHTS, {6}}, msg_flags=0}, 0) = 1
17607 16:17:25.300628 setsockopt(6, SOL_SOCKET, SO_KEEPALIVE, [1], 4) = 0
17607 16:17:25.300655 setsockopt(6, SOL_IP, IP_TOS, [8], 4) = 0
17607 16:17:25.300681 setsockopt(6, SOL_SOCKET, SO_LINGER, {onoff=1, linger=32767}, 8) = 0
17607 16:17:25.300707 rt_sigaction(SIGALRM, {0x805cad0, ~[RTMIN RT_1], 0}, NULL, 8) = 0
17607 16:17:25.300736 alarm(300)        = 300
17607 16:17:25.300784 write(0, "150 Ok to send data.\r\n", 22) = 22
17607 16:17:25.300829 mmap2(NULL, 77824, PROT_READ|PROT_WRITE, MAP_PRIVATE|MAP_ANONYMOUS, -1, 0) = 0xb7d4f000
17607 16:17:25.300857 mprotect(0xb7d61000, 4096, PROT_NONE) = 0
17607 16:17:25.300983 mprotect(0xb7d4f000, 4096, PROT_NONE) = 0
17607 16:17:25.301010 read(6, "assasaaa\na\na\na\na\n", 65536) = 17
17607 16:17:25.301039 write(4, "assasaaa\na\na\na\na\n", 17) = 17
17607 16:17:25.301073 read(6, "", 65536) = 0
17607 16:17:25.301097 rt_sigaction(SIGALRM, {0x805cad0, ~[RTMIN RT_1], 0}, NULL, 8) = 0
17607 16:17:25.301126 alarm(300)        = 300
17607 16:17:25.301169 close(6)          = 0
17607 16:17:25.301193 alarm(0)          = 300
17607 16:17:25.301225 gettimeofday({1495657045, 301240}, NULL) = 0
17607 16:17:25.301271 getpid()          = 17607
17607 16:17:25.301298 gettimeofday({1495657045, 301313}, NULL) = 0
17607 16:17:25.301344 fcntl64(3, F_SETLKW64, {type=F_WRLCK, whence=SEEK_SET, start=0, len=0}, 0xbfd0a694) = 0
17607 16:17:25.301375 write(3, "Wed May 24 16:17:25 2017 [pid 17607] [msfadmin] OK UPLOAD: Client \"127.0.0.1\", \"/home/msfadmin/myfile13\", 17 bytes, 11.20Kbyte/sec\n", 131) = 131
17607 16:17:25.301413 fcntl64(3, F_SETLK64, {type=F_UNLCK, whence=SEEK_SET, start=0, len=0}, 0xbfd0a69c) = 0
17607 16:17:25.301443 write(0, "226 Transfer complete.\r\n", 24) = 24
17607 16:17:25.301530 write(5, "\n", 1) = 1
17607 16:17:25.301580 read(5,  <unfinished ...>
17605 16:17:25.301600 close(6)          = 0
17605 16:17:25.301659 read(4, "\n", 1)  = 1
17605 16:17:25.301686 close(5)          = 0
17605 16:17:25.301732 write(4, "\1", 1) = 1
17607 16:17:25.301758 <... read resumed> "\1", 1) = 1
17607 16:17:25.301778 close(4)          = 0
17607 16:17:25.301803 rt_sigaction(SIGALRM, {0x805cad0, ~[RTMIN RT_1], 0}, NULL, 8) = 0
17607 16:17:25.301832 alarm(300)        = 0
17607 16:17:25.301877 recv(0,  <unfinished ...>
17605 16:17:25.301898 read(4,  <unfinished ...>
17607 16:17:25.847429 <... recv resumed> "TYPE I\r\n", 4096, MSG_PEEK) = 8
17607 16:17:25.847635 read(0, "TYPE I\r\n", 8) = 8
17607 16:17:25.847749 write(0, "200 Switching to Binary mode.\r\n", 31) = 31
17607 16:17:25.848041 rt_sigaction(SIGALRM, {0x805cad0, ~[RTMIN RT_1], 0}, NULL, 8) = 0
17607 16:17:25.848149 alarm(300)        = 299
17607 16:17:25.848315 recv(0, "PASV\r\n", 4096, MSG_PEEK) = 6
17607 16:17:25.848397 read(0, "PASV\r\n", 6) = 6
17607 16:17:25.848547 write(5, "\n", 1 <unfinished ...>
17605 16:17:25.848624 <... read resumed> "\n", 1) = 1
17607 16:17:25.848674 <... write resumed> ) = 1
17605 16:17:25.848731 write(4, "\1", 1) = 1
17605 16:17:25.848807 read(4,  <unfinished ...>
17607 16:17:25.848866 read(5, "\1", 1)  = 1
17607 16:17:25.848945 write(5, "\f", 1 <unfinished ...>
17605 16:17:25.849004 <... read resumed> "\f", 1) = 1
17607 16:17:25.849053 <... write resumed> ) = 1
17605 16:17:25.849111 socket(PF_INET, SOCK_STREAM, IPPROTO_TCP) = 5
17605 16:17:25.849199 setsockopt(5, SOL_SOCKET, SO_REUSEADDR, [1], 4) = 0
17605 16:17:25.849287 bind(5, {sa_family=AF_INET, sin_port=htons(40591), sin_addr=inet_addr("127.0.0.1")}, 16) = 0
17605 16:17:25.849380 listen(5, 1)      = 0
17605 16:17:25.849526 write(4, "\217\236\0\0", 4) = 4
17605 16:17:25.849607 read(4,  <unfinished ...>
17607 16:17:25.849667 read(5, "\217\236\0\0", 4) = 4
17607 16:17:25.849767 write(0, "227 Entering Passive Mode (127,0,0,1,158,143).\r\n", 48) = 48
17607 16:17:25.850475 rt_sigaction(SIGALRM, {0x805cad0, ~[RTMIN RT_1], 0}, NULL, 8) = 0
17607 16:17:25.850579 alarm(300)        = 300
17607 16:17:25.850776 recv(0, "STOR myfile14\r\n", 4096, MSG_PEEK) = 15
17607 16:17:25.850861 read(0, "STOR myfile14\r\n", 15) = 15
17607 16:17:25.850949 write(5, "\v", 1 <unfinished ...>
17605 16:17:25.851015 <... read resumed> "\v", 1) = 1
17607 16:17:25.851064 <... write resumed> ) = 1
17605 16:17:25.851119 write(4, "\1\0\0\0", 4) = 4
17605 16:17:25.851195 read(4,  <unfinished ...>
17607 16:17:25.851254 read(5, "\1\0\0\0", 4) = 4
17607 16:17:25.851332 gettimeofday({1495657045, 851426}, NULL) = 0
17607 16:17:25.851489 getcwd("/home/msfadmin", 4096) = 15
17607 16:17:25.851573 open("myfile14", O_WRONLY|O_CREAT|O_NONBLOCK|O_LARGEFILE, 0666) = 4
17607 16:17:25.851660 fstat64(4, {st_mode=S_IFREG|0644, st_size=17, ...}) = 0
17607 16:17:25.851762 fcntl64(4, F_GETFL) = 0x8801 (flags O_WRONLY|O_NONBLOCK|O_LARGEFILE)
17607 16:17:25.851838 fcntl64(4, F_SETFL, O_WRONLY|O_LARGEFILE) = 0
17607 16:17:25.851908 fcntl64(4, F_SETLKW64, {type=F_WRLCK, whence=SEEK_SET, start=0, len=0}, 0xbfd0a6f4) = 0
17607 16:17:25.851995 ftruncate64(4, 0) = 0
17607 16:17:25.852094 _llseek(4, 0, [0], SEEK_SET) = 0
17607 16:17:25.852171 write(5, "\v", 1 <unfinished ...>
17605 16:17:25.852235 <... read resumed> "\v", 1) = 1
17607 16:17:25.852284 <... write resumed> ) = 1
17605 16:17:25.852346 write(4, "\1\0\0\0", 4) = 4
17605 16:17:25.852423 read(4,  <unfinished ...>
17607 16:17:25.852481 read(5, "\1\0\0\0", 4) = 4
17607 16:17:25.852557 write(5, "\v", 1 <unfinished ...>
17605 16:17:25.852616 <... read resumed> "\v", 1) = 1
17607 16:17:25.852663 <... write resumed> ) = 1
17605 16:17:25.852717 write(4, "\1\0\0\0", 4) = 4
17605 16:17:25.852791 read(4,  <unfinished ...>
17607 16:17:25.852848 read(5, "\1\0\0\0", 4) = 4
17607 16:17:25.852925 write(5, "\r", 1 <unfinished ...>
17605 16:17:25.852984 <... read resumed> "\r", 1) = 1
17607 16:17:25.853031 <... write resumed> ) = 1
17605 16:17:25.853088 select(6, [5], NULL, NULL, {60, 0}) = 1 (in [5], left {60, 0})
17605 16:17:25.853185 accept(5, {sa_family=AF_INET, sin_port=htons(45777), sin_addr=inet_addr("127.0.0.1")}, [16]) = 6
17605 16:17:25.853370 write(4, "\1", 1) = 1
17605 16:17:25.853458 sendmsg(4, {msg_name(0)=NULL, msg_iov(1)=[{"\0", 1}], msg_controllen=16, {cmsg_len=16, cmsg_level=SOL_SOCKET, cmsg_type=SCM_RIGHTS, {6}}, msg_flags=0}, 0) = 1
17605 16:17:25.853559 close(6)          = 0
17605 16:17:25.853630 read(4,  <unfinished ...>
17607 16:17:25.853689 read(5, "\1", 1)  = 1
17607 16:17:25.853774 recvmsg(5, {msg_name(0)=NULL, msg_iov(1)=[{"\0", 1}], msg_controllen=16, {cmsg_len=16, cmsg_level=SOL_SOCKET, cmsg_type=SCM_RIGHTS, {6}}, msg_flags=0}, 0) = 1
17607 16:17:25.853880 setsockopt(6, SOL_SOCKET, SO_KEEPALIVE, [1], 4) = 0
17607 16:17:25.853962 setsockopt(6, SOL_IP, IP_TOS, [8], 4) = 0
17607 16:17:25.854040 setsockopt(6, SOL_SOCKET, SO_LINGER, {onoff=1, linger=32767}, 8) = 0
17607 16:17:25.854134 rt_sigaction(SIGALRM, {0x805cad0, ~[RTMIN RT_1], 0}, NULL, 8) = 0
17607 16:17:25.854222 alarm(300)        = 300
17607 16:17:25.854377 write(0, "150 Ok to send data.\r\n", 22) = 22
17607 16:17:25.855097 read(6, "assasaaa\na\na\na\na\n", 65536) = 17
17607 16:17:25.855198 write(4, "assasaaa\na\na\na\na\n", 17) = 17
17607 16:17:25.855298 read(6, "", 65536) = 0
17607 16:17:25.855421 rt_sigaction(SIGALRM, {0x805cad0, ~[RTMIN RT_1], 0}, NULL, 8) = 0
17607 16:17:25.855515 alarm(300)        = 300
17607 16:17:25.855646 close(6)          = 0
17607 16:17:25.855915 alarm(0)          = 300
17607 16:17:25.856025 gettimeofday({1495657045, 856070}, NULL) = 0
17607 16:17:25.856152 gettimeofday({1495657045, 856202}, NULL) = 0
17607 16:17:25.856301 fcntl64(3, F_SETLKW64, {type=F_WRLCK, whence=SEEK_SET, start=0, len=0}, 0xbfd0a694) = 0
17607 16:17:25.856475 write(3, "Wed May 24 16:17:25 2017 [pid 17607] [msfadmin] OK UPLOAD: Client \"127.0.0.1\", \"/home/msfadmin/myfile14\", 17 bytes, 3.48Kbyte/sec\n", 130) = 130
17607 16:17:25.856595 fcntl64(3, F_SETLK64, {type=F_UNLCK, whence=SEEK_SET, start=0, len=0}, 0xbfd0a69c) = 0
17607 16:17:25.856687 write(0, "226 Transfer complete.\r\n", 24) = 24
17607 16:17:25.856995 write(5, "\n", 1 <unfinished ...>
17605 16:17:25.857207 <... read resumed> "\n", 1) = 1
17607 16:17:25.857269 <... write resumed> ) = 1
17605 16:17:25.857324 close(5)          = 0
17605 16:17:25.857408 write(4, "\1", 1) = 1
17605 16:17:25.857485 read(4,  <unfinished ...>
17607 16:17:25.857545 read(5, "\1", 1)  = 1
17607 16:17:25.857686 close(4)          = 0
17607 16:17:25.857768 rt_sigaction(SIGALRM, {0x805cad0, ~[RTMIN RT_1], 0}, NULL, 8) = 0
17607 16:17:25.857858 alarm(300)        = 0
17607 16:17:25.857994 recv(0, "TYPE I\r\n", 4096, MSG_PEEK) = 8
17607 16:17:26.358305 read(0, "TYPE I\r\n", 8) = 8
17607 16:17:26.358580 write(0, "200 Switching to Binary mode.\r\n", 31) = 31
17607 16:17:26.358948 rt_sigaction(SIGALRM, {0x805cad0, ~[RTMIN RT_1], 0}, NULL, 8) = 0
17607 16:17:26.359088 alarm(300)        = 299
17607 16:17:26.359232 recv(0, "PASV\r\n", 4096, MSG_PEEK) = 6
17607 16:17:26.359312 read(0, "PASV\r\n", 6) = 6
17607 16:17:26.359394 write(5, "\n", 1 <unfinished ...>
17605 16:17:26.359464 <... read resumed> "\n", 1) = 1
17607 16:17:26.359513 <... write resumed> ) = 1
17605 16:17:26.359570 write(4, "\1", 1) = 1
17605 16:17:26.359657 read(4,  <unfinished ...>
17607 16:17:26.359715 read(5, "\1", 1)  = 1
17607 16:17:26.359793 write(5, "\f", 1 <unfinished ...>
17605 16:17:26.359852 <... read resumed> "\f", 1) = 1
17607 16:17:26.359900 <... write resumed> ) = 1
17605 16:17:26.359957 socket(PF_INET, SOCK_STREAM, IPPROTO_TCP) = 5
17605 16:17:26.360045 setsockopt(5, SOL_SOCKET, SO_REUSEADDR, [1], 4) = 0
17605 16:17:26.360286 bind(5, {sa_family=AF_INET, sin_port=htons(23749), sin_addr=inet_addr("127.0.0.1")}, 16) = 0
17605 16:17:26.360397 listen(5, 1)      = 0
17605 16:17:26.360484 write(4, "\305\\\0\0", 4) = 4
17605 16:17:26.360563 read(4,  <unfinished ...>
17607 16:17:26.360799 read(5, "\305\\\0\0", 4) = 4
17607 16:17:26.360906 write(0, "227 Entering Passive Mode (127,0,0,1,92,197).\r\n", 47) = 47
17607 16:17:26.361632 rt_sigaction(SIGALRM, {0x805cad0, ~[RTMIN RT_1], 0}, NULL, 8) = 0
17607 16:17:26.361795 alarm(300)        = 300
17607 16:17:26.361986 recv(0, "STOR myfile15\r\n", 4096, MSG_PEEK) = 15
17607 16:17:26.362072 read(0, "STOR myfile15\r\n", 15) = 15
17607 16:17:26.362161 write(5, "\v", 1 <unfinished ...>
17605 16:17:26.362277 <... read resumed> "\v", 1) = 1
17607 16:17:26.362331 <... write resumed> ) = 1
17605 16:17:26.362387 write(4, "\1\0\0\0", 4) = 4
17605 16:17:26.362463 read(4,  <unfinished ...>
17607 16:17:26.362522 read(5, "\1\0\0\0", 4) = 4
17607 16:17:26.362601 gettimeofday({1495657046, 362648}, NULL) = 0
17607 16:17:26.362753 getcwd("/home/msfadmin", 4096) = 15
17607 16:17:26.362846 open("myfile15", O_WRONLY|O_CREAT|O_NONBLOCK|O_LARGEFILE, 0666) = 4
17607 16:17:26.362934 fstat64(4, {st_mode=S_IFREG|0644, st_size=17, ...}) = 0
17607 16:17:26.363037 fcntl64(4, F_GETFL) = 0x8801 (flags O_WRONLY|O_NONBLOCK|O_LARGEFILE)
17607 16:17:26.363136 fcntl64(4, F_SETFL, O_WRONLY|O_LARGEFILE) = 0
17607 16:17:26.363258 fcntl64(4, F_SETLKW64, {type=F_WRLCK, whence=SEEK_SET, start=0, len=0}, 0xbfd0a6f4) = 0
17607 16:17:26.363351 ftruncate64(4, 0) = 0
17607 16:17:26.363450 _llseek(4, 0, [0], SEEK_SET) = 0
17607 16:17:26.363527 write(5, "\v", 1 <unfinished ...>
17605 16:17:26.363591 <... read resumed> "\v", 1) = 1
17607 16:17:26.363641 <... write resumed> ) = 1
17605 16:17:26.363739 write(4, "\1\0\0\0", 4) = 4
17605 16:17:26.363827 read(4,  <unfinished ...>
17607 16:17:26.363886 read(5, "\1\0\0\0", 4) = 4
17607 16:17:26.363964 write(5, "\v", 1 <unfinished ...>
17605 16:17:26.364022 <... read resumed> "\v", 1) = 1
17607 16:17:26.364071 <... write resumed> ) = 1
17605 16:17:26.364125 write(4, "\1\0\0\0", 4) = 4
17605 16:17:26.364244 read(4,  <unfinished ...>
17607 16:17:26.364307 read(5, "\1\0\0\0", 4) = 4
17607 16:17:26.364388 write(5, "\r", 1 <unfinished ...>
17605 16:17:26.364447 <... read resumed> "\r", 1) = 1
17607 16:17:26.364496 <... write resumed> ) = 1
17605 16:17:26.364553 select(6, [5], NULL, NULL, {60, 0}) = 1 (in [5], left {60, 0})
17605 16:17:26.364650 accept(5, {sa_family=AF_INET, sin_port=htons(37504), sin_addr=inet_addr("127.0.0.1")}, [16]) = 6
17605 16:17:26.364828 write(4, "\1", 1) = 1
17605 16:17:26.364912 sendmsg(4, {msg_name(0)=NULL, msg_iov(1)=[{"\0", 1}], msg_controllen=16, {cmsg_len=16, cmsg_level=SOL_SOCKET, cmsg_type=SCM_RIGHTS, {6}}, msg_flags=0}, 0) = 1
17605 16:17:26.365012 close(6)          = 0
17605 16:17:26.365082 read(4,  <unfinished ...>
17607 16:17:26.365142 read(5, "\1", 1)  = 1
17607 16:17:26.365280 recvmsg(5, {msg_name(0)=NULL, msg_iov(1)=[{"\0", 1}], msg_controllen=16, {cmsg_len=16, cmsg_level=SOL_SOCKET, cmsg_type=SCM_RIGHTS, {6}}, msg_flags=0}, 0) = 1
17607 16:17:26.365389 setsockopt(6, SOL_SOCKET, SO_KEEPALIVE, [1], 4) = 0
17607 16:17:26.365471 setsockopt(6, SOL_IP, IP_TOS, [8], 4) = 0
17607 16:17:26.365549 setsockopt(6, SOL_SOCKET, SO_LINGER, {onoff=1, linger=32767}, 8) = 0
17607 16:17:26.365626 rt_sigaction(SIGALRM, {0x805cad0, ~[RTMIN RT_1], 0}, NULL, 8) = 0
17607 16:17:26.365762 alarm(300)        = 300
17607 16:17:26.365910 write(0, "150 Ok to send data.\r\n", 22) = 22
17607 16:17:26.366351 read(6, "assasaaa\na\na\na\na\n", 65536) = 17
17607 16:17:26.366445 write(4, "assasaaa\na\na\na\na\n", 17) = 17
17607 16:17:26.366542 read(6, "", 65536) = 0
17607 16:17:26.366617 rt_sigaction(SIGALRM, {0x805cad0, ~[RTMIN RT_1], 0}, NULL, 8) = 0
17607 16:17:26.366704 alarm(300)        = 300
17607 16:17:26.367062 close(6)          = 0
17607 16:17:26.367292 alarm(0)          = 300
17607 16:17:26.367397 gettimeofday({1495657046, 367443}, NULL) = 0
17607 16:17:26.367525 gettimeofday({1495657046, 367572}, NULL) = 0
17607 16:17:26.367652 fcntl64(3, F_SETLKW64, {type=F_WRLCK, whence=SEEK_SET, start=0, len=0}, 0xbfd0a694) = 0
17607 16:17:26.367746 write(3, "Wed May 24 16:17:26 2017 [pid 17607] [msfadmin] OK UPLOAD: Client \"127.0.0.1\", \"/home/msfadmin/myfile15\", 17 bytes, 3.37Kbyte/sec\n", 130) = 130
17607 16:17:26.367862 fcntl64(3, F_SETLK64, {type=F_UNLCK, whence=SEEK_SET, start=0, len=0}, 0xbfd0a69c) = 0
17607 16:17:26.367953 write(0, "226 Transfer complete.\r\n", 24) = 24
17607 16:17:26.368279 write(5, "\n", 1 <unfinished ...>
17605 16:17:26.368357 <... read resumed> "\n", 1) = 1
17607 16:17:26.368407 <... write resumed> ) = 1
17605 16:17:26.368463 close(5)          = 0
17605 16:17:26.368543 write(4, "\1", 1) = 1
17605 16:17:26.368675 read(4,  <unfinished ...>
17607 16:17:26.368741 read(5, "\1", 1)  = 1
17607 16:17:26.368820 close(4)          = 0
17607 16:17:26.368897 rt_sigaction(SIGALRM, {0x805cad0, ~[RTMIN RT_1], 0}, NULL, 8) = 0
17607 16:17:26.368985 alarm(300)        = 0
17607 16:17:26.369132 recv(0, "TYPE I\r\n", 4096, MSG_PEEK) = 8
17607 16:17:26.889106 read(0, "TYPE I\r\n", 8) = 8
17607 16:17:26.889347 write(0, "200 Switching to Binary mode.\r\n", 31) = 31
17607 16:17:26.889790 rt_sigaction(SIGALRM, {0x805cad0, ~[RTMIN RT_1], 0}, NULL, 8) = 0
17607 16:17:26.889906 alarm(300)        = 299
17607 16:17:26.890050 recv(0, "PASV\r\n", 4096, MSG_PEEK) = 6
17607 16:17:26.890161 read(0, "PASV\r\n", 6) = 6
17607 16:17:26.890248 write(5, "\n", 1 <unfinished ...>
17605 16:17:26.890321 <... read resumed> "\n", 1) = 1
17607 16:17:26.890434 <... write resumed> ) = 1
17605 16:17:26.890496 write(4, "\1", 1) = 1
17605 16:17:26.890574 read(4,  <unfinished ...>
17607 16:17:26.890634 read(5, "\1", 1)  = 1
17607 16:17:26.890714 write(5, "\f", 1 <unfinished ...>
17605 16:17:26.890774 <... read resumed> "\f", 1) = 1
17607 16:17:26.890822 <... write resumed> ) = 1
17605 16:17:26.890882 socket(PF_INET, SOCK_STREAM, IPPROTO_TCP) = 5
17605 16:17:26.890973 setsockopt(5, SOL_SOCKET, SO_REUSEADDR, [1], 4) = 0
17605 16:17:26.891061 bind(5, {sa_family=AF_INET, sin_port=htons(32692), sin_addr=inet_addr("127.0.0.1")}, 16) = 0
17605 16:17:26.891156 listen(5, 1)      = 0
17605 16:17:26.891242 write(4, "\264\177\0\0", 4) = 4
17605 16:17:26.891380 read(4,  <unfinished ...>
17607 16:17:26.891456 read(5, "\264\177\0\0", 4) = 4
17607 16:17:26.891559 write(0, "227 Entering Passive Mode (127,0,0,1,127,180).\r\n", 48) = 48
17607 16:17:26.892256 rt_sigaction(SIGALRM, {0x805cad0, ~[RTMIN RT_1], 0}, NULL, 8) = 0
17607 16:17:26.892426 alarm(300)        = 300
17607 16:17:26.892567 recv(0, "STOR myfile16\r\n", 4096, MSG_PEEK) = 15
17607 16:17:26.892652 read(0, "STOR myfile16\r\n", 15) = 15
17607 16:17:26.892741 write(5, "\v", 1 <unfinished ...>
17605 16:17:26.892806 <... read resumed> "\v", 1) = 1
17607 16:17:26.892856 <... write resumed> ) = 1
17605 16:17:26.892912 write(4, "\1\0\0\0", 4) = 4
17605 16:17:26.892987 read(4,  <unfinished ...>
17607 16:17:26.893045 read(5, "\1\0\0\0", 4) = 4
17607 16:17:26.893124 gettimeofday({1495657046, 893170}, NULL) = 0
17607 16:17:26.893230 getcwd("/home/msfadmin", 4096) = 15
17607 16:17:26.893364 open("myfile16", O_WRONLY|O_CREAT|O_NONBLOCK|O_LARGEFILE, 0666) = 4
17607 16:17:26.893452 fstat64(4, {st_mode=S_IFREG|0644, st_size=17, ...}) = 0
17607 16:17:26.893556 fcntl64(4, F_GETFL) = 0x8801 (flags O_WRONLY|O_NONBLOCK|O_LARGEFILE)
17607 16:17:26.893687 fcntl64(4, F_SETFL, O_WRONLY|O_LARGEFILE) = 0
17607 16:17:26.893759 fcntl64(4, F_SETLKW64, {type=F_WRLCK, whence=SEEK_SET, start=0, len=0}, 0xbfd0a6f4) = 0
17607 16:17:26.893847 ftruncate64(4, 0) = 0
17607 16:17:26.893949 _llseek(4, 0, [0], SEEK_SET) = 0
17607 16:17:26.894027 write(5, "\v", 1 <unfinished ...>
17605 16:17:26.894093 <... read resumed> "\v", 1) = 1
17607 16:17:26.894141 <... write resumed> ) = 1
17605 16:17:26.894197 write(4, "\1\0\0\0", 4) = 4
17605 16:17:26.894282 read(4,  <unfinished ...>
17607 16:17:26.894342 read(5, "\1\0\0\0", 4) = 4
17607 16:17:26.894420 write(5, "\v", 1 <unfinished ...>
17605 16:17:26.894478 <... read resumed> "\v", 1) = 1
17607 16:17:26.894526 <... write resumed> ) = 1
17605 16:17:26.894580 write(4, "\1\0\0\0", 4) = 4
17605 16:17:26.894653 read(4,  <unfinished ...>
17607 16:17:26.894711 read(5, "\1\0\0\0", 4) = 4
17607 16:17:26.894788 write(5, "\r", 1 <unfinished ...>
17605 16:17:26.894847 <... read resumed> "\r", 1) = 1
17607 16:17:26.894895 <... write resumed> ) = 1
17605 16:17:26.894953 select(6, [5], NULL, NULL, {60, 0}) = 1 (in [5], left {60, 0})
17605 16:17:26.895051 accept(5, {sa_family=AF_INET, sin_port=htons(42898), sin_addr=inet_addr("127.0.0.1")}, [16]) = 6
17605 16:17:26.895176 write(4, "\1", 1) = 1
17605 16:17:26.895262 sendmsg(4, {msg_name(0)=NULL, msg_iov(1)=[{"\0", 1}], msg_controllen=16, {cmsg_len=16, cmsg_level=SOL_SOCKET, cmsg_type=SCM_RIGHTS, {6}}, msg_flags=0}, 0) = 1
17605 16:17:26.895362 close(6)          = 0
17605 16:17:26.895433 read(4,  <unfinished ...>
17607 16:17:26.895492 read(5, "\1", 1)  = 1
17607 16:17:26.895576 recvmsg(5, {msg_name(0)=NULL, msg_iov(1)=[{"\0", 1}], msg_controllen=16, {cmsg_len=16, cmsg_level=SOL_SOCKET, cmsg_type=SCM_RIGHTS, {6}}, msg_flags=0}, 0) = 1
17607 16:17:26.895683 setsockopt(6, SOL_SOCKET, SO_KEEPALIVE, [1], 4) = 0
17607 16:17:26.895764 setsockopt(6, SOL_IP, IP_TOS, [8], 4) = 0
17607 16:17:26.895842 setsockopt(6, SOL_SOCKET, SO_LINGER, {onoff=1, linger=32767}, 8) = 0
17607 16:17:26.895918 rt_sigaction(SIGALRM, {0x805cad0, ~[RTMIN RT_1], 0}, NULL, 8) = 0
17607 16:17:26.896024 alarm(300)        = 300
17607 16:17:26.896222 write(0, "150 Ok to send data.\r\n", 22) = 22
17607 16:17:26.896662 read(6, "assasaaa\na\na\na\na\n", 65536) = 17
17607 16:17:26.896720 write(4, "assasaaa\na\na\na\na\n", 17) = 17
17607 16:17:26.896983 read(6, "", 65536) = 0
17607 16:17:26.897173 rt_sigaction(SIGALRM, {0x805cad0, ~[RTMIN RT_1], 0}, NULL, 8) = 0
17607 16:17:26.897266 alarm(300)        = 300
17607 16:17:26.897395 close(6)          = 0
17607 16:17:26.897563 alarm(0)          = 300
17607 16:17:26.897668 gettimeofday({1495657046, 897714}, NULL) = 0
17607 16:17:26.897794 gettimeofday({1495657046, 897841}, NULL) = 0
17607 16:17:26.897909 fcntl64(3, F_SETLKW64, {type=F_WRLCK, whence=SEEK_SET, start=0, len=0}, 0xbfd0a694) = 0
17607 16:17:26.898054 write(3, "Wed May 24 16:17:26 2017 [pid 17607] [msfadmin] OK UPLOAD: Client \"127.0.0.1\", \"/home/msfadmin/myfile16\", 17 bytes, 3.55Kbyte/sec\n", 130) = 130
17607 16:17:26.898182 fcntl64(3, F_SETLK64, {type=F_UNLCK, whence=SEEK_SET, start=0, len=0}, 0xbfd0a69c) = 0
17607 16:17:26.898277 write(0, "226 Transfer complete.\r\n", 24) = 24
17607 16:17:26.898551 write(5, "\n", 1 <unfinished ...>
17605 16:17:26.898686 <... read resumed> "\n", 1) = 1
17607 16:17:26.898737 <... write resumed> ) = 1
17605 16:17:26.898791 close(5)          = 0
17605 16:17:26.898873 write(4, "\1", 1) = 1
17605 16:17:26.898951 read(4,  <unfinished ...>
17607 16:17:26.899020 read(5, "\1", 1)  = 1
17607 16:17:26.899098 close(4)          = 0
