13855 15:33:02.273252 munmap(0xb7f2b000, 4096) = 0
13855 15:33:02.273265 open("/etc/pam.d/other", O_RDONLY|O_LARGEFILE) = 5
13855 15:33:02.273282 fstat64(5, {st_mode=S_IFREG|0644, st_size=520, ...}) = 0
13855 15:33:02.273302 mmap2(NULL, 4096, PROT_READ|PROT_WRITE, MAP_PRIVATE|MAP_ANONYMOUS, -1, 0) = 0xb7f2b000
13855 15:33:02.273316 read(5, "#\n# /etc/pam.d/other - specify the PAM fallback behaviour\n#\n# Note that this file is used for any unspecified service; for example\n#if /etc/pam.d/cron  specifies no session modules but cron calls\n#pam_open_session, the session module out of /etc/pam.d/other is\n#used.  If you really want nothing to happen then use pam_permit.so or\n#pam_deny.so as appropriate.\n\n# We fall back to the system default in /etc/pam.d/common-*\n# \n\n@include common-auth\n@include common-account\n@include common-password\n@include common-session\n", 4096) = 520
13855 15:33:02.273374 stat64("/etc/pam.d", {st_mode=S_IFDIR|0755, st_size=4096, ...}) = 0
13855 15:33:02.273398 open("/etc/pam.d/common-auth", O_RDONLY|O_LARGEFILE) = 6
13855 15:33:02.273414 fstat64(6, {st_mode=S_IFREG|0644, st_size=476, ...}) = 0
13855 15:33:02.273434 mmap2(NULL, 4096, PROT_READ|PROT_WRITE, MAP_PRIVATE|MAP_ANONYMOUS, -1, 0) = 0xb7f25000
13855 15:33:02.273448 read(6, "#\n# /etc/pam.d/common-auth - authentication settings common to all services\n#\n# This file is included from other service-specific PAM config files,\n# and should contain a list of the authentication modules that define\n# the central authentication scheme for use on the system\n# (e.g., /etc/shadow, LDAP, Kerberos, etc.).  The default is to use the\n# traditional Unix authentication mechanisms.\n#\nauth\trequisite\tpam_unix.so nullok_secure\n# auth\toptional\tpam_smbpass.so migrate\n", 4096) = 476
13855 15:33:02.273507 read(6, "", 4096) = 0
13855 15:33:02.273529 close(6)          = 0
13855 15:33:02.273546 munmap(0xb7f25000, 4096) = 0
13855 15:33:02.273561 stat64("/etc/pam.d", {st_mode=S_IFDIR|0755, st_size=4096, ...}) = 0
13855 15:33:02.273585 open("/etc/pam.d/common-account", O_RDONLY|O_LARGEFILE) = 6
13855 15:33:02.273602 fstat64(6, {st_mode=S_IFREG|0644, st_size=392, ...}) = 0
13855 15:33:02.273623 mmap2(NULL, 4096, PROT_READ|PROT_WRITE, MAP_PRIVATE|MAP_ANONYMOUS, -1, 0) = 0xb7f25000
13855 15:33:02.273636 read(6, "#\n# /etc/pam.d/common-account - authorization settings common to all services\n#\n# This file is included from other service-specific PAM config files,\n# and should contain a list of the authorization modules that define\n# the central access policy for use on the system.  The default is to\n# only deny service to users whose accounts are expired in /etc/shadow.\n#\naccount\trequired\tpam_unix.so\n", 4096) = 392
13855 15:33:02.273688 read(6, "", 4096) = 0
13855 15:33:02.273701 close(6)          = 0
13855 15:33:02.273713 munmap(0xb7f25000, 4096) = 0
13855 15:33:02.273727 stat64("/etc/pam.d", {st_mode=S_IFDIR|0755, st_size=4096, ...}) = 0
13855 15:33:02.273750 open("/etc/pam.d/common-password", O_RDONLY|O_LARGEFILE) = 6
13855 15:33:02.273767 fstat64(6, {st_mode=S_IFREG|0644, st_size=1563, ...}) = 0
13855 15:33:02.273787 mmap2(NULL, 4096, PROT_READ|PROT_WRITE, MAP_PRIVATE|MAP_ANONYMOUS, -1, 0) = 0xb7f25000
13855 15:33:02.273801 read(6, "#\n# /etc/pam.d/common-password - password-related modules common to all services\n#\n# This file is included from other service-specific PAM config files,\n# and should contain a list of modules that define the services to be\n# used to change user passwords.  The default is pam_unix.\n\n# Explanation of pam_unix options:\n#\n# The \"nullok\" option allows users to change an empty password, else\n# empty passwords are treated as locked accounts.\n#\n# The \"md5\" option enables MD5 passwords.  Without this option, the\n# default is Unix crypt.\n#\n# The \"obscure\" option replaces the old `OBSCURE_CHECKS_ENAB\' option in\n# login.defs.\n#\n# You can also use the \"min\" option to enforce the length of the new\n# password.\n#\n# See the pam_unix manpage for other options.\n\npassword   requisite   pam_unix.so nullok obscure md5\n\n# Alternate strength checking for password. Note that this\n# requires the libpam-cracklib package to be installed.\n# You will need to comment out the password line above and\n# uncomment the next two in order to use this.\n# (Replaces the `OBSCURE_CHECKS_ENAB\', `CRACKLIB_DICTPATH\')\n#\n# password required\t  pam_cracklib.so retry=3 minlen=6 difok=3\n# password required\t  pam_unix.so use_authtok nullok md5\n\n# minimally-intrusive inclusion of smbpass in the stack for\n# synchronization.  If the module is absent or the passwords don\'t\n# match, this module will be ignored without prompting; and if the \n# passwords do match, the NTLM hash for the user will be updated\n# automatically.\n# password   optional   pam_smbpass.so nullok use_authtok use_first_pass\n", 4096) = 1563
13855 15:33:02.273952 read(6, "", 4096) = 0
13855 15:33:02.273965 close(6)          = 0
13855 15:33:02.273977 munmap(0xb7f25000, 4096) = 0
13855 15:33:02.273991 stat64("/etc/pam.d", {st_mode=S_IFDIR|0755, st_size=4096, ...}) = 0
13855 15:33:02.274015 open("/etc/pam.d/common-session", O_RDONLY|O_LARGEFILE) = 6
13855 15:33:02.274031 fstat64(6, {st_mode=S_IFREG|0644, st_size=372, ...}) = 0
13855 15:33:02.274052 mmap2(NULL, 4096, PROT_READ|PROT_WRITE, MAP_PRIVATE|MAP_ANONYMOUS, -1, 0) = 0xb7f25000
13855 15:33:02.274065 read(6, "#\n# /etc/pam.d/common-session - session-related modules common to all services\n#\n# This file is included from other service-specific PAM config files,\n# and should contain a list of modules that define tasks to be performed\n# at the start and end of sessions of *any* kind (both interactive and\n# non-interactive).  The default is pam_unix.\n#\nsession\trequired\tpam_unix.so\n", 4096) = 372
13855 15:33:02.274114 read(6, "", 4096) = 0
13855 15:33:02.274127 close(6)          = 0
13855 15:33:02.274144 munmap(0xb7f25000, 4096) = 0
13855 15:33:02.274157 read(5, "", 4096) = 0
13855 15:33:02.274169 close(5)          = 0
13855 15:33:02.274181 munmap(0xb7f2b000, 4096) = 0
13855 15:33:02.274198 time(NULL)        = 1495654382
13855 15:33:02.274213 lstat64("/etc/ftpusers", {st_mode=S_IFREG|0644, st_size=132, ...}) = 0
13855 15:33:02.274237 open("/etc/ftpusers", O_RDONLY|O_LARGEFILE) = 5
13855 15:33:02.274252 fstat64(5, {st_mode=S_IFREG|0644, st_size=132, ...}) = 0
13855 15:33:02.274272 mmap2(NULL, 4096, PROT_READ|PROT_WRITE, MAP_PRIVATE|MAP_ANONYMOUS, -1, 0) = 0xb7f2b000
13855 15:33:02.274286 read(5, "# /etc/ftpusers: list of users disallowed FTP access. See ftpusers(5).\n\nroot\ndaemon\nbin\nsys\nsync\ngames\nman\nlp\nmail\nnews\nuucp\nnobody\n", 4096) = 132
13855 15:33:02.274313 read(5, "", 4096) = 0
13855 15:33:02.274325 close(5)          = 0
13855 15:33:02.274337 munmap(0xb7f2b000, 4096) = 0
13855 15:33:02.274357 getuid32()        = 0
13855 15:33:02.274379 open("/etc/passwd", O_RDONLY|0x80000 /* O_??? */) = 5
13855 15:33:02.274398 _llseek(5, 0, [0], SEEK_CUR) = 0
13855 15:33:02.274413 fstat64(5, {st_mode=S_IFREG|0644, st_size=1624, ...}) = 0
13855 15:33:02.274433 mmap2(NULL, 1624, PROT_READ, MAP_SHARED, 5, 0) = 0xb7f2b000
13855 15:33:02.274447 _llseek(5, 1624, [1624], SEEK_SET) = 0
13855 15:33:02.274473 munmap(0xb7f2b000, 1624) = 0
13855 15:33:02.274487 close(5)          = 0
13855 15:33:02.274570 open("/etc/shadow", O_RDONLY|0x80000 /* O_??? */) = 5
13855 15:33:02.274598 _llseek(5, 0, [0], SEEK_CUR) = 0
13855 15:33:02.274612 fstat64(5, {st_mode=S_IFREG|0640, st_size=1233, ...}) = 0
13855 15:33:02.274632 mmap2(NULL, 1233, PROT_READ, MAP_SHARED, 5, 0) = 0xb7f2b000
13855 15:33:02.274647 _llseek(5, 1233, [1233], SEEK_SET) = 0
13855 15:33:02.274673 munmap(0xb7f2b000, 1233) = 0
13855 15:33:02.274686 close(5)          = 0
13855 15:33:02.274712 open("/etc/passwd", O_RDONLY|0x80000 /* O_??? */) = 5
13855 15:33:02.274729 _llseek(5, 0, [0], SEEK_CUR) = 0
13855 15:33:02.274742 fstat64(5, {st_mode=S_IFREG|0644, st_size=1624, ...}) = 0
13855 15:33:02.274763 mmap2(NULL, 1624, PROT_READ, MAP_SHARED, 5, 0) = 0xb7f2b000
13855 15:33:02.274777 _llseek(5, 1624, [1624], SEEK_SET) = 0
13855 15:33:02.274798 munmap(0xb7f2b000, 1624) = 0
13855 15:33:02.274810 close(5)          = 0
13855 15:33:02.274827 open("/etc/shadow", O_RDONLY|0x80000 /* O_??? */) = 5
13855 15:33:02.274843 _llseek(5, 0, [0], SEEK_CUR) = 0
13855 15:33:02.274856 fstat64(5, {st_mode=S_IFREG|0640, st_size=1233, ...}) = 0
13855 15:33:02.274877 mmap2(NULL, 1233, PROT_READ, MAP_SHARED, 5, 0) = 0xb7f2b000
13855 15:33:02.274890 _llseek(5, 1233, [1233], SEEK_SET) = 0
13855 15:33:02.274912 munmap(0xb7f2b000, 1233) = 0
13855 15:33:02.274924 close(5)          = 0
13855 15:33:02.275225 getuid32()        = 0
13855 15:33:02.275239 open("/etc/passwd", O_RDONLY|0x80000 /* O_??? */) = 5
13855 15:33:02.275255 _llseek(5, 0, [0], SEEK_CUR) = 0
13855 15:33:02.275268 fstat64(5, {st_mode=S_IFREG|0644, st_size=1624, ...}) = 0
13855 15:33:02.275288 mmap2(NULL, 1624, PROT_READ, MAP_SHARED, 5, 0) = 0xb7f2b000
13855 15:33:02.275302 _llseek(5, 1624, [1624], SEEK_SET) = 0
13855 15:33:02.275322 munmap(0xb7f2b000, 1624) = 0
13855 15:33:02.275334 close(5)          = 0
13855 15:33:02.275351 open("/etc/shadow", O_RDONLY|0x80000 /* O_??? */) = 5
13855 15:33:02.275367 _llseek(5, 0, [0], SEEK_CUR) = 0
13855 15:33:02.275380 fstat64(5, {st_mode=S_IFREG|0640, st_size=1233, ...}) = 0
13855 15:33:02.275401 mmap2(NULL, 1233, PROT_READ, MAP_SHARED, 5, 0) = 0xb7f2b000
13855 15:33:02.275414 _llseek(5, 1233, [1233], SEEK_SET) = 0
13855 15:33:02.275435 munmap(0xb7f2b000, 1233) = 0
13855 15:33:02.275447 close(5)          = 0
13855 15:33:02.275485 time(NULL)        = 1495654382
13855 15:33:02.275512 munmap(0xb7f28000, 12164) = 0
13855 15:33:02.275533 munmap(0xb7f26000, 7136) = 0
13855 15:33:02.275554 munmap(0xb7d5b000, 95428) = 0
13855 15:33:02.275571 munmap(0xb7d21000, 201052) = 0
13855 15:33:02.275587 munmap(0xb7d08000, 101180) = 0
13855 15:33:02.275612 gettimeofday({1495654382, 275627}, NULL) = 0
13855 15:33:02.275642 stat64("/usr/share/zoneinfo/UTC+04:00", 0xbfd60ed4) = -1 ENOENT (No such file or directory)
13855 15:33:02.275662 open("/usr/share/zoneinfo/UTC+04:00", O_RDONLY) = -1 ENOENT (No such file or directory)
13855 15:33:02.275698 fcntl64(3, F_SETLKW64, {type=F_WRLCK, whence=SEEK_SET, start=0, len=0}, 0xbfd61024) = 0
13855 15:33:02.275720 write(3, "Wed May 24 15:33:02 2017 [pid 13855] [msfadmin] OK LOGIN: Client \"127.0.0.1\"\n", 77) = 77
13855 15:33:02.275743 fcntl64(3, F_SETLK64, {type=F_UNLCK, whence=SEEK_SET, start=0, len=0}, 0xbfd6102c) = 0
13855 15:33:02.275760 rt_sigaction(SIGCHLD, {0x805cad0, ~[RTMIN RT_1], 0}, NULL, 8) = 0
13855 15:33:02.275778 write(4, "\1", 1) = 1
13856 15:33:02.275796 <... read resumed> "\1", 1) = 1
13856 15:33:02.275808 exit_group(0)     = ?
13855 15:33:02.275858 --- SIGCHLD (Child exited) @ 0 (0) ---
13855 15:33:02.275868 sigreturn()       = ? (mask now [])
13855 15:33:02.275892 wait4(-1, [{WIFEXITED(s) && WEXITSTATUS(s) == 0}], 0, NULL) = 13856
13855 15:33:02.275909 close(4)          = 0
13855 15:33:02.275925 socketpair(PF_FILE, SOCK_STREAM, 0, [4, 5]) = 0
13855 15:33:02.275944 rt_sigaction(SIGCHLD, {0x805cad0, ~[RTMIN RT_1], 0}, NULL, 8) = 0
13855 15:33:02.275962 rt_sigaction(SIGALRM, {0x805cb10, ~[RTMIN RT_1], 0}, NULL, 8) = 0
13855 15:33:02.275973 clone(child_stack=0, flags=CLONE_CHILD_CLEARTID|CLONE_CHILD_SETTID|SIGCHLD, child_tidptr=0xb7d916f8) = 13857
13857 15:33:02.275973 prctl(0x1, 0x9, 0, 0, 0) = 0
13857 15:33:02.275973 close(4)          = 0
13857 15:33:02.275973 open("/etc/passwd", O_RDONLY|0x80000 /* O_??? */) = 4
13857 15:33:02.275989 _llseek(4, 0, [0], SEEK_CUR) = 0
13857 15:33:02.276009 fstat64(4, {st_mode=S_IFREG|0644, st_size=1624, ...}) = 0
13857 15:33:02.276033 mmap2(NULL, 1624, PROT_READ, MAP_SHARED, 4, 0) = 0xb7f2b000
13857 15:33:02.276048 _llseek(4, 1624, [1624], SEEK_SET) = 0
13857 15:33:02.276078 munmap(0xb7f2b000, 1624) = 0
13857 15:33:02.276093 close(4)          = 0
13857 15:33:02.276110 getuid32()        = 0
13857 15:33:02.276123 open("/etc/passwd", O_RDONLY|0x80000 /* O_??? */) = 4
13857 15:33:02.276140 _llseek(4, 0, [0], SEEK_CUR) = 0
13857 15:33:02.276153 fstat64(4, {st_mode=S_IFREG|0644, st_size=1624, ...}) = 0
13857 15:33:02.276174 mmap2(NULL, 1624, PROT_READ, MAP_SHARED, 4, 0) = 0xb7f2b000
13857 15:33:02.276188 _llseek(4, 1624, [1624], SEEK_SET) = 0
13857 15:33:02.276236 munmap(0xb7f2b000, 1624) = 0
13857 15:33:02.276255 close(4)          = 0
13857 15:33:02.276294 open("/proc/sys/kernel/ngroups_max", O_RDONLY) = 4
13857 15:33:02.276333 read(4, "65536\n", 31) = 6
13857 15:33:02.276349 close(4)          = 0
13857 15:33:02.276368 socket(PF_FILE, SOCK_STREAM, 0) = 4
13857 15:33:02.276383 fcntl64(4, F_SETFL, O_RDWR|O_NONBLOCK) = 0
13857 15:33:02.276398 connect(4, {sa_family=AF_FILE, path="/var/run/nscd/socket"}, 110) = -1 ENOENT (No such file or directory)
13857 15:33:02.276426 close(4)          = 0
13857 15:33:02.276441 socket(PF_FILE, SOCK_STREAM, 0) = 4
13857 15:33:02.276454 fcntl64(4, F_SETFL, O_RDWR|O_NONBLOCK) = 0
13857 15:33:02.276467 connect(4, {sa_family=AF_FILE, path="/var/run/nscd/socket"}, 110) = -1 ENOENT (No such file or directory)
13857 15:33:02.276490 close(4)          = 0
13857 15:33:02.276520 open("/etc/group", O_RDONLY|0x80000 /* O_??? */) = 4
13857 15:33:02.276539 _llseek(4, 0, [0], SEEK_CUR) = 0
13857 15:33:02.276552 fstat64(4, {st_mode=S_IFREG|0644, st_size=886, ...}) = 0
13857 15:33:02.276573 mmap2(NULL, 886, PROT_READ, MAP_SHARED, 4, 0) = 0xb7f2b000
13857 15:33:02.276588 _llseek(4, 886, [886], SEEK_SET) = 0
13857 15:33:02.276619 fstat64(4, {st_mode=S_IFREG|0644, st_size=886, ...}) = 0
13857 15:33:02.276641 munmap(0xb7f2b000, 886) = 0
13857 15:33:02.276654 close(4)          = 0
13857 15:33:02.276667 setgroups32(13, [1000, 4, 20, 24, 25, 29, 30, 44, 46, 107, 111, 112, 119]) = 0
13857 15:33:02.276688 geteuid32()       = 0
13857 15:33:02.276702 getegid32()       = 0
13857 15:33:02.276716 setregid32(-1, 1000) = 0
13857 15:33:02.276730 setreuid32(-1, 1000) = 0
13857 15:33:02.276744 chdir("/home/msfadmin") = 0
13857 15:33:02.276759 setreuid32(-1, 0) = 0
13857 15:33:02.276776 setregid32(-1, 0) = 0
13857 15:33:02.276790 setgid32(1000)    = 0
13857 15:33:02.276803 setuid32(1000)    = 0
13857 15:33:02.276817 setrlimit(RLIMIT_NPROC, {rlim_cur=0, rlim_max=0}) = 0
13857 15:33:02.276835 mmap2(NULL, 12288, PROT_READ|PROT_WRITE, MAP_PRIVATE|MAP_ANONYMOUS, -1, 0) = 0xb7f29000
13857 15:33:02.276849 mprotect(0xb7f2b000, 4096, PROT_NONE) = 0
13857 15:33:02.276864 mprotect(0xb7f29000, 4096, PROT_NONE) = 0
13857 15:33:02.276879 getcwd("/home/msfadmin", 4096) = 15
13857 15:33:02.276896 umask(022)        = 077
13857 15:33:02.276909 getcwd("/home/msfadmin", 4096) = 15
13857 15:33:02.276927 open(".message", O_RDONLY|O_NONBLOCK|O_LARGEFILE) = -1 ENOENT (No such file or directory)
13857 15:33:02.276956 write(0, "230 Login successful.\r\n", 23) = 23
13857 15:33:02.277088 rt_sigaction(SIGALRM, {0x805cad0, ~[RTMIN RT_1], 0}, NULL, 8) = 0
13857 15:33:02.277111 alarm(300)        = 0
13857 15:33:02.277125 mmap2(NULL, 12288, PROT_READ|PROT_WRITE, MAP_PRIVATE|MAP_ANONYMOUS, -1, 0) = 0xb7f26000
13857 15:33:02.277140 mprotect(0xb7f28000, 4096, PROT_NONE) = 0
13857 15:33:02.277155 mprotect(0xb7f26000, 4096, PROT_NONE) = 0
13857 15:33:02.277172 recv(0, "TYPE I\r\n", 4096, MSG_PEEK) = 8
13857 15:33:02.277229 read(0, "TYPE I\r\n", 8) = 8
13857 15:33:02.277253 write(0, "200 Switching to Binary mode.\r\n", 31) = 31
13857 15:33:02.277307 rt_sigaction(SIGALRM, {0x805cad0, ~[RTMIN RT_1], 0}, NULL, 8) = 0
13857 15:33:02.277326 alarm(300)        = 300
13857 15:33:02.277341 recv(0, "PASV\r\n", 4096, MSG_PEEK) = 6
13857 15:33:02.277356 read(0, "PASV\r\n", 6) = 6
13857 15:33:02.277372 write(5, "\n", 1) = 1
13857 15:33:02.277386 read(5,  <unfinished ...>
13855 15:33:02.277403 close(5)          = 0
13855 15:33:02.277419 getuid32()        = 0
13855 15:33:02.277438 open("/etc/passwd", O_RDONLY|0x80000 /* O_??? */) = 5
13855 15:33:02.277458 _llseek(5, 0, [0], SEEK_CUR) = 0
13855 15:33:02.277473 fstat64(5, {st_mode=S_IFREG|0644, st_size=1624, ...}) = 0
13855 15:33:02.277496 mmap2(NULL, 1624, PROT_READ, MAP_SHARED, 5, 0) = 0xb7f2b000
13855 15:33:02.277511 _llseek(5, 1624, [1624], SEEK_SET) = 0
13855 15:33:02.277534 munmap(0xb7f2b000, 1624) = 0
13855 15:33:02.277549 close(5)          = 0
13855 15:33:02.277569 setgroups32(0, []) = 0
13855 15:33:02.277584 chdir("/usr/share/empty") = 0
13855 15:33:02.277600 chroot(".")       = 0
13855 15:33:02.277615 capset(NULL, NULL) = -1 EFAULT (Bad address)
13855 15:33:02.277632 prctl(0x8, 0, 0xbfd61008, 0x80549a6, 0xbfd60ff0) = 0
13855 15:33:02.277647 prctl(0x8, 0x1, 0xbfd61008, 0x8054a49, 0xbfd60ff0) = 0
13855 15:33:02.277660 setgid32(65534)   = 0
13855 15:33:02.277673 setuid32(65534)   = 0
13855 15:33:02.277685 capset(0x19980330, 0, {CAP_NET_BIND_SERVICE, CAP_NET_BIND_SERVICE, 0}) = 0
13855 15:33:02.277703 read(4, "\n", 1)  = 1
13855 15:33:02.277721 write(4, "\1", 1) = 1
13857 15:33:02.277735 <... read resumed> "\1", 1) = 1
13857 15:33:02.277745 write(5, "\f", 1) = 1
13857 15:33:02.277758 read(5,  <unfinished ...>
13855 15:33:02.277767 read(4, "\f", 1)  = 1
13855 15:33:02.277783 socket(PF_INET, SOCK_STREAM, IPPROTO_TCP) = 5
13855 15:33:02.277801 setsockopt(5, SOL_SOCKET, SO_REUSEADDR, [1], 4) = 0
13855 15:33:02.277816 gettimeofday({1495654382, 277820}, NULL) = 0
13855 15:33:02.277837 bind(5, {sa_family=AF_INET, sin_port=htons(15309), sin_addr=inet_addr("127.0.0.1")}, 16) = 0
13855 15:33:02.277858 listen(5, 1)      = 0
13855 15:33:02.277875 write(4, "\315;\0\0", 4) = 4
13857 15:33:02.277889 <... read resumed> "\315;\0\0", 4) = 4
13857 15:33:02.277907 write(0, "227 Entering Passive Mode (127,0,0,1,59,205).\r\n", 47) = 47
13857 15:33:02.278047 rt_sigaction(SIGALRM, {0x805cad0, ~[RTMIN RT_1], 0}, NULL, 8) = 0
13857 15:33:02.278069 alarm(300)        = 300
13857 15:33:02.278084 recv(0, "STOR myfile28\r\n", 4096, MSG_PEEK) = 15
13857 15:33:02.278100 read(0, "STOR myfile28\r\n", 15) = 15
13857 15:33:02.278120 write(5, "\v", 1) = 1
13857 15:33:02.278134 read(5,  <unfinished ...>
13855 15:33:02.278277 read(4, "\v", 1)  = 1
13855 15:33:02.278308 write(4, "\1\0\0\0", 4) = 4
13857 15:33:02.278328 <... read resumed> "\1\0\0\0", 4) = 4
13857 15:33:02.278340 gettimeofday({1495654382, 278345}, NULL) = 0
13857 15:33:02.278354 getcwd("/home/msfadmin", 4096) = 15
13857 15:33:02.278370 open("myfile28", O_WRONLY|O_CREAT|O_NONBLOCK|O_LARGEFILE, 0666) = 4
13857 15:33:02.278388 fstat64(4, {st_mode=S_IFREG|0644, st_size=17, ...}) = 0
13857 15:33:02.278410 fcntl64(4, F_GETFL) = 0x8801 (flags O_WRONLY|O_NONBLOCK|O_LARGEFILE)
13857 15:33:02.278424 fcntl64(4, F_SETFL, O_WRONLY|O_LARGEFILE) = 0
13857 15:33:02.278437 fcntl64(4, F_SETLKW64, {type=F_WRLCK, whence=SEEK_SET, start=0, len=0}, 0xbfd60f54) = 0
13857 15:33:02.278457 ftruncate64(4, 0) = 0
13857 15:33:02.278482 _llseek(4, 0, [0], SEEK_SET) = 0
13857 15:33:02.278497 write(5, "\v", 1) = 1
13857 15:33:02.278510 read(5,  <unfinished ...>
13855 15:33:02.278519 read(4, "\v", 1)  = 1
13855 15:33:02.278534 write(4, "\1\0\0\0", 4) = 4
13857 15:33:02.278547 <... read resumed> "\1\0\0\0", 4) = 4
13857 15:33:02.278557 write(5, "\v", 1) = 1
13857 15:33:02.278569 read(5,  <unfinished ...>
13855 15:33:02.278578 read(4, "\v", 1)  = 1
13855 15:33:02.278592 write(4, "\1\0\0\0", 4) = 4
13857 15:33:02.278605 <... read resumed> "\1\0\0\0", 4) = 4
13857 15:33:02.278614 write(5, "\r", 1) = 1
13857 15:33:02.278627 read(5,  <unfinished ...>
13855 15:33:02.278635 read(4, "\r", 1)  = 1
13855 15:33:02.278651 select(6, [5], NULL, NULL, {60, 0}) = 1 (in [5], left {60, 0})
13855 15:33:02.278673 accept(5, {sa_family=AF_INET, sin_port=htons(53714), sin_addr=inet_addr("127.0.0.1")}, [16]) = 6
13855 15:33:02.278702 write(4, "\1", 1) = 1
13857 15:33:02.278715 <... read resumed> "\1", 1) = 1
13857 15:33:02.278727 recvmsg(5,  <unfinished ...>
13855 15:33:02.278739 sendmsg(4, {msg_name(0)=NULL, msg_iov(1)=[{"\0", 1}], msg_controllen=16, {cmsg_len=16, cmsg_level=SOL_SOCKET, cmsg_type=SCM_RIGHTS, {6}}, msg_flags=0}, 0) = 1
13857 15:33:02.278761 <... recvmsg resumed> {msg_name(0)=NULL, msg_iov(1)=[{"\0", 1}], msg_controllen=16, {cmsg_len=16, cmsg_level=SOL_SOCKET, cmsg_type=SCM_RIGHTS, {6}}, msg_flags=0}, 0) = 1
13857 15:33:02.278779 setsockopt(6, SOL_SOCKET, SO_KEEPALIVE, [1], 4) = 0
13857 15:33:02.278794 setsockopt(6, SOL_IP, IP_TOS, [8], 4) = 0
13857 15:33:02.278810 setsockopt(6, SOL_SOCKET, SO_LINGER, {onoff=1, linger=32767}, 8) = 0
13857 15:33:02.278824 rt_sigaction(SIGALRM, {0x805cad0, ~[RTMIN RT_1], 0}, NULL, 8) = 0
13857 15:33:02.278841 alarm(300)        = 300
13857 15:33:02.278858 write(0, "150 Ok to send data.\r\n", 22) = 22
13857 15:33:02.278940 mmap2(NULL, 77824, PROT_READ|PROT_WRITE, MAP_PRIVATE|MAP_ANONYMOUS, -1, 0) = 0xb7d60000
13857 15:33:02.278958 mprotect(0xb7d72000, 4096, PROT_NONE) = 0
13857 15:33:02.278973 mprotect(0xb7d60000, 4096, PROT_NONE) = 0
13857 15:33:02.278987 read(6, "assasaaa\na\na\na\na\n", 65536) = 17
13857 15:33:02.279004 write(4, "assasaaa\na\na\na\na\n", 17) = 17
13857 15:33:02.279024 read(6, "", 65536) = 0
13857 15:33:02.279037 rt_sigaction(SIGALRM, {0x805cad0, ~[RTMIN RT_1], 0}, NULL, 8) = 0
13857 15:33:02.279054 alarm(300)        = 300
13857 15:33:02.279067 close(6)          = 0
13857 15:33:02.279078 alarm(0)          = 300
13857 15:33:02.279090 gettimeofday({1495654382, 279095}, NULL) = 0
13857 15:33:02.279113 getpid()          = 13857
13857 15:33:02.279129 gettimeofday({1495654382, 279134}, NULL) = 0
13857 15:33:02.279151 fcntl64(3, F_SETLKW64, {type=F_WRLCK, whence=SEEK_SET, start=0, len=0}, 0xbfd60ef4) = 0
13857 15:33:02.279170 write(3, "Wed May 24 15:33:02 2017 [pid 13857] [msfadmin] OK UPLOAD: Client \"127.0.0.1\", \"/home/msfadmin/myfile28\", 17 bytes, 21.04Kbyte/sec\n", 131) = 131
13857 15:33:02.279196 fcntl64(3, F_SETLK64, {type=F_UNLCK, whence=SEEK_SET, start=0, len=0}, 0xbfd60efc) = 0
13857 15:33:02.279214 write(0, "226 Transfer complete.\r\n", 24) = 24
13857 15:33:02.279301 write(5, "\n", 1) = 1
13857 15:33:02.279318 read(5,  <unfinished ...>
13855 15:33:02.279327 close(6)          = 0
13855 15:33:02.279350 read(4, "\n", 1)  = 1
13855 15:33:02.279365 close(5)          = 0
13855 15:33:02.279379 write(4, "\1", 1) = 1
13857 15:33:02.279393 <... read resumed> "\1", 1) = 1
13857 15:33:02.279407 close(4)          = 0
13857 15:33:02.279420 rt_sigaction(SIGALRM, {0x805cad0, ~[RTMIN RT_1], 0}, NULL, 8) = 0
13857 15:33:02.279438 alarm(300)        = 0
13857 15:33:02.279452 recv(0,  <unfinished ...>
13855 15:33:02.279462 read(4,  <unfinished ...>
13857 15:33:02.801684 <... recv resumed> "TYPE I\r\n", 4096, MSG_PEEK) = 8
13857 15:33:02.801812 read(0, "TYPE I\r\n", 8) = 8
13857 15:33:02.801897 write(0, "200 Switching to Binary mode.\r\n", 31) = 31
13857 15:33:02.802098 rt_sigaction(SIGALRM, {0x805cad0, ~[RTMIN RT_1], 0}, NULL, 8) = 0
13857 15:33:02.802171 alarm(300)        = 299
13857 15:33:02.802385 recv(0, "PASV\r\n", 4096, MSG_PEEK) = 6
13857 15:33:02.802463 read(0, "PASV\r\n", 6) = 6
13857 15:33:02.802519 write(5, "\n", 1) = 1
13857 15:33:02.802569 read(5,  <unfinished ...>
13855 15:33:02.810707 <... read resumed> "\n", 1) = 1
13855 15:33:02.810707 write(4, "\1", 1) = 1
13857 15:33:02.810707 <... read resumed> "\1", 1) = 1
13857 15:33:02.810707 write(5, "\f", 1) = 1
13857 15:33:02.810708 read(5,  <unfinished ...>
13855 15:33:02.810708 read(4, "\f", 1)  = 1
13855 15:33:02.810708 socket(PF_INET, SOCK_STREAM, IPPROTO_TCP) = 5
13855 15:33:02.810712 setsockopt(5, SOL_SOCKET, SO_REUSEADDR, [1], 4) = 0
13855 15:33:02.810758 bind(5, {sa_family=AF_INET, sin_port=htons(40922), sin_addr=inet_addr("127.0.0.1")}, 16) = 0
13855 15:33:02.810787 listen(5, 1)      = 0
13855 15:33:02.810811 write(4, "\332\237\0\0", 4) = 4
13857 15:33:02.810833 <... read resumed> "\332\237\0\0", 4) = 4
13857 15:33:02.810857 write(0, "227 Entering Passive Mode (127,0,0,1,159,218).\r\n", 48) = 48
13857 15:33:02.811072 rt_sigaction(SIGALRM, {0x805cad0, ~[RTMIN RT_1], 0}, NULL, 8) = 0
13857 15:33:02.811104 alarm(300)        = 300
13857 15:33:02.811126 recv(0, "STOR myfile29\r\n", 4096, MSG_PEEK) = 15
13857 15:33:02.811149 read(0, "STOR myfile29\r\n", 15) = 15
13857 15:33:02.811175 write(5, "\v", 1) = 1
13857 15:33:02.811195 read(5,  <unfinished ...>
13855 15:33:02.811208 read(4, "\v", 1)  = 1
13855 15:33:02.811229 write(4, "\1\0\0\0", 4) = 4
13857 15:33:02.811248 <... read resumed> "\1\0\0\0", 4) = 4
13857 15:33:02.811262 gettimeofday({1495654382, 811269}, NULL) = 0
13857 15:33:02.811282 getcwd("/home/msfadmin", 4096) = 15
13857 15:33:02.811305 open("myfile29", O_WRONLY|O_CREAT|O_NONBLOCK|O_LARGEFILE, 0666) = 4
13857 15:33:02.811330 fstat64(4, {st_mode=S_IFREG|0644, st_size=17, ...}) = 0
13857 15:33:02.811362 fcntl64(4, F_GETFL) = 0x8801 (flags O_WRONLY|O_NONBLOCK|O_LARGEFILE)
13857 15:33:02.811382 fcntl64(4, F_SETFL, O_WRONLY|O_LARGEFILE) = 0
13857 15:33:02.811401 fcntl64(4, F_SETLKW64, {type=F_WRLCK, whence=SEEK_SET, start=0, len=0}, 0xbfd60f54) = 0
13857 15:33:02.811426 ftruncate64(4, 0) = 0
13857 15:33:02.811459 _llseek(4, 0, [0], SEEK_SET) = 0
13857 15:33:02.811480 write(5, "\v", 1) = 1
13857 15:33:02.811499 read(5,  <unfinished ...>
13855 15:33:02.811512 read(4, "\v", 1)  = 1
13855 15:33:02.811532 write(4, "\1\0\0\0", 4) = 4
13857 15:33:02.811551 <... read resumed> "\1\0\0\0", 4) = 4
13857 15:33:02.811565 write(5, "\v", 1) = 1
13857 15:33:02.811582 read(5,  <unfinished ...>
13855 15:33:02.811594 read(4, "\v", 1)  = 1
13855 15:33:02.811614 write(4, "\1\0\0\0", 4) = 4
13857 15:33:02.811633 <... read resumed> "\1\0\0\0", 4) = 4
13857 15:33:02.811646 write(5, "\r", 1) = 1
13857 15:33:02.811664 read(5,  <unfinished ...>
13855 15:33:02.811691 read(4, "\r", 1)  = 1
13855 15:33:02.811718 select(6, [5], NULL, NULL, {60, 0}) = 1 (in [5], left {60, 0})
13855 15:33:02.811756 accept(5, {sa_family=AF_INET, sin_port=htons(40152), sin_addr=inet_addr("127.0.0.1")}, [16]) = 6
13855 15:33:02.811793 write(4, "\1", 1) = 1
13857 15:33:02.811810 <... read resumed> "\1", 1) = 1
13857 15:33:02.811824 recvmsg(5,  <unfinished ...>
13855 15:33:02.811838 sendmsg(4, {msg_name(0)=NULL, msg_iov(1)=[{"\0", 1}], msg_controllen=16, {cmsg_len=16, cmsg_level=SOL_SOCKET, cmsg_type=SCM_RIGHTS, {6}}, msg_flags=0}, 0) = 1
13857 15:33:02.811866 <... recvmsg resumed> {msg_name(0)=NULL, msg_iov(1)=[{"\0", 1}], msg_controllen=16, {cmsg_len=16, cmsg_level=SOL_SOCKET, cmsg_type=SCM_RIGHTS, {6}}, msg_flags=0}, 0) = 1
13857 15:33:02.811898 setsockopt(6, SOL_SOCKET, SO_KEEPALIVE, [1], 4) = 0
13857 15:33:02.811919 setsockopt(6, SOL_IP, IP_TOS, [8], 4) = 0
13857 15:33:02.811939 setsockopt(6, SOL_SOCKET, SO_LINGER, {onoff=1, linger=32767}, 8) = 0
13857 15:33:02.811957 rt_sigaction(SIGALRM, {0x805cad0, ~[RTMIN RT_1], 0}, NULL, 8) = 0
13857 15:33:02.811980 alarm(300)        = 300
13857 15:33:02.812001 write(0, "150 Ok to send data.\r\n", 22) = 22
13857 15:33:02.812109 read(6, "assasaaa\na\na\na\na\n", 65536) = 17
13857 15:33:02.812132 write(4, "assasaaa\na\na\na\na\n", 17) = 17
13857 15:33:02.812158 read(6, "", 65536) = 0
13857 15:33:02.812176 rt_sigaction(SIGALRM, {0x805cad0, ~[RTMIN RT_1], 0}, NULL, 8) = 0
13857 15:33:02.812199 alarm(300)        = 300
13857 15:33:02.812215 close(6)          = 0
13857 15:33:02.812230 alarm(0)          = 300
13857 15:33:02.812246 gettimeofday({1495654382, 812252}, NULL) = 0
13857 15:33:02.812271 gettimeofday({1495654382, 812278}, NULL) = 0
13857 15:33:02.812294 fcntl64(3, F_SETLKW64, {type=F_WRLCK, whence=SEEK_SET, start=0, len=0}, 0xbfd60ef4) = 0
13857 15:33:02.812318 write(3, "Wed May 24 15:33:02 2017 [pid 13857] [msfadmin] OK UPLOAD: Client \"127.0.0.1\", \"/home/msfadmin/myfile29\", 17 bytes, 16.45Kbyte/sec\n", 131) = 131
13857 15:33:02.812352 fcntl64(3, F_SETLK64, {type=F_UNLCK, whence=SEEK_SET, start=0, len=0}, 0xbfd60efc) = 0
13857 15:33:02.812376 write(0, "226 Transfer complete.\r\n", 24) = 24
13857 15:33:02.812444 write(5, "\n", 1) = 1
13857 15:33:02.812464 read(5,  <unfinished ...>
13855 15:33:02.812476 close(6)          = 0
13855 15:33:02.812505 read(4, "\n", 1)  = 1
13855 15:33:02.812525 close(5)          = 0
13855 15:33:02.812543 write(4, "\1", 1) = 1
13857 15:33:02.812561 <... read resumed> "\1", 1) = 1
13857 15:33:02.812572 close(4)          = 0
13857 15:33:02.812590 rt_sigaction(SIGALRM, {0x805cad0, ~[RTMIN RT_1], 0}, NULL, 8) = 0
13857 15:33:02.812611 alarm(300)        = 0
13857 15:33:02.812630 recv(0,  <unfinished ...>
13855 15:33:02.812658 read(4,  <unfinished ...>
13857 15:33:03.341711 <... recv resumed> "TYPE I\r\n", 4096, MSG_PEEK) = 8
13857 15:33:03.341936 read(0, "TYPE I\r\n", 8) = 8
13857 15:33:03.342155 write(0, "200 Switching to Binary mode.\r\n", 31) = 31
13857 15:33:03.342630 rt_sigaction(SIGALRM, {0x805cad0, ~[RTMIN RT_1], 0}, NULL, 8) = 0
13857 15:33:03.342724 alarm(300)        = 299
13857 15:33:03.342777 recv(0, "PASV\r\n", 4096, MSG_PEEK) = 6
13857 15:33:03.342932 read(0, "PASV\r\n", 6) = 6
13857 15:33:03.342996 write(5, "\n", 1 <unfinished ...>
13855 15:33:03.343038 <... read resumed> "\n", 1) = 1
13857 15:33:03.343061 <... write resumed> ) = 1
13855 15:33:03.343091 write(4, "\1", 1) = 1
13855 15:33:03.343138 read(4,  <unfinished ...>
13857 15:33:03.343243 read(5, "\1", 1)  = 1
13857 15:33:03.350396 write(5, "\f", 1 <unfinished ...>
13855 15:33:03.350448 <... read resumed> "\f", 1) = 1
13857 15:33:03.350470 <... write resumed> ) = 1
13855 15:33:03.350507 socket(PF_INET, SOCK_STREAM, IPPROTO_TCP <unfinished ...>
13857 15:33:03.350530 read(5,  <unfinished ...>
13855 15:33:03.350566 <... socket resumed> ) = 5
13855 15:33:03.350601 setsockopt(5, SOL_SOCKET, SO_REUSEADDR, [1], 4) = 0
13855 15:33:03.350660 bind(5, {sa_family=AF_INET, sin_port=htons(32731), sin_addr=inet_addr("127.0.0.1")}, 16) = 0
13855 15:33:03.350725 listen(5, 1)      = 0
13855 15:33:03.350781 write(4, "\333\177\0\0", 4 <unfinished ...>
13857 15:33:03.350818 <... read resumed> "\333\177\0\0", 4) = 4
13855 15:33:03.350841 <... write resumed> ) = 4
13857 15:33:03.350893 write(0, "227 Entering Passive Mode (127,0,0,1,127,219).\r\n", 48 <unfinished ...>
13855 15:33:03.350930 read(4,  <unfinished ...>
13857 15:33:03.351382 <... write resumed> ) = 48
13857 15:33:03.351440 rt_sigaction(SIGALRM, {0x805cad0, ~[RTMIN RT_1], 0}, NULL, 8) = 0
13857 15:33:03.351507 alarm(300)        = 300
13857 15:33:03.351559 recv(0, "STOR myfile30\r\n", 4096, MSG_PEEK) = 15
13857 15:33:03.351613 read(0, "STOR myfile30\r\n", 15) = 15
13857 15:33:03.351672 write(5, "\v", 1 <unfinished ...>
13855 15:33:03.351732 <... read resumed> "\v", 1) = 1
13857 15:33:03.351756 <... write resumed> ) = 1
13855 15:33:03.351788 write(4, "\1\0\0\0", 4 <unfinished ...>
13857 15:33:03.351813 read(5,  <unfinished ...>
13855 15:33:03.351840 <... write resumed> ) = 4
13857 15:33:03.351858 <... read resumed> "\1\0\0\0", 4) = 4
13855 15:33:03.351895 read(4,  <unfinished ...>
13857 15:33:03.351914 gettimeofday({1495654383, 351931}, NULL) = 0
13857 15:33:03.351963 getcwd("/home/msfadmin", 4096) = 15
13857 15:33:03.352017 open("myfile30", O_WRONLY|O_CREAT|O_NONBLOCK|O_LARGEFILE, 0666) = 4
13857 15:33:03.352147 fstat64(4, {st_mode=S_IFREG|0644, st_size=17, ...}) = 0
13857 15:33:03.352229 fcntl64(4, F_GETFL) = 0x8801 (flags O_WRONLY|O_NONBLOCK|O_LARGEFILE)
13857 15:33:03.352277 fcntl64(4, F_SETFL, O_WRONLY|O_LARGEFILE) = 0
13857 15:33:03.352321 fcntl64(4, F_SETLKW64, {type=F_WRLCK, whence=SEEK_SET, start=0, len=0}, 0xbfd60f54) = 0
13857 15:33:03.352380 ftruncate64(4, 0) = 0
13857 15:33:03.352450 _llseek(4, 0, [0], SEEK_SET) = 0
13857 15:33:03.352497 write(5, "\v", 1 <unfinished ...>
13855 15:33:03.352532 <... read resumed> "\v", 1) = 1
13857 15:33:03.352553 <... write resumed> ) = 1
13855 15:33:03.352584 write(4, "\1\0\0\0", 4 <unfinished ...>
13857 15:33:03.352609 read(5,  <unfinished ...>
13855 15:33:03.352636 <... write resumed> ) = 4
13857 15:33:03.352654 <... read resumed> "\1\0\0\0", 4) = 4
13855 15:33:03.352689 read(4,  <unfinished ...>
13857 15:33:03.352708 write(5, "\v", 1 <unfinished ...>
13855 15:33:03.352739 <... read resumed> "\v", 1) = 1
13857 15:33:03.352759 <... write resumed> ) = 1
13855 15:33:03.352789 write(4, "\1\0\0\0", 4 <unfinished ...>
13857 15:33:03.352812 read(5,  <unfinished ...>
13855 15:33:03.352838 <... write resumed> ) = 4
13857 15:33:03.352856 <... read resumed> "\1\0\0\0", 4) = 4
13855 15:33:03.352890 read(4,  <unfinished ...>
13857 15:33:03.352909 write(5, "\r", 1 <unfinished ...>
13855 15:33:03.352940 <... read resumed> "\r", 1) = 1
13857 15:33:03.352960 <... write resumed> ) = 1
13855 15:33:03.352994 select(6, [5], NULL, NULL, {60, 0} <unfinished ...>
13857 15:33:03.353072 read(5,  <unfinished ...>
13855 15:33:03.353107 <... select resumed> ) = 1 (in [5], left {60, 0})
13855 15:33:03.353152 accept(5, {sa_family=AF_INET, sin_port=htons(43971), sin_addr=inet_addr("127.0.0.1")}, [16]) = 6
13855 15:33:03.353249 write(4, "\1", 1 <unfinished ...>
13857 15:33:03.353283 <... read resumed> "\1", 1) = 1
13855 15:33:03.353305 <... write resumed> ) = 1
13857 15:33:03.353342 recvmsg(5,  <unfinished ...>
13855 15:33:03.353366 sendmsg(4, {msg_name(0)=NULL, msg_iov(1)=[{"\0", 1}], msg_controllen=16, {cmsg_len=16, cmsg_level=SOL_SOCKET, cmsg_type=SCM_RIGHTS, {6}}, msg_flags=0}, 0 <unfinished ...>
13857 15:33:03.353426 <... recvmsg resumed> {msg_name(0)=NULL, msg_iov(1)=[{"\0", 1}], msg_controllen=16, {cmsg_len=16, cmsg_level=SOL_SOCKET, cmsg_type=SCM_RIGHTS, {6}}, msg_flags=0}, 0) = 1
13855 15:33:03.353469 <... sendmsg resumed> ) = 1
13857 15:33:03.353504 setsockopt(6, SOL_SOCKET, SO_KEEPALIVE, [1], 4 <unfinished ...>
13855 15:33:03.353527 close(6 <unfinished ...>
13857 15:33:03.353555 <... setsockopt resumed> ) = 0
13855 15:33:03.353573 <... close resumed> ) = 0
13857 15:33:03.353608 setsockopt(6, SOL_IP, IP_TOS, [8], 4 <unfinished ...>
13855 15:33:03.353631 read(4,  <unfinished ...>
13857 15:33:03.353657 <... setsockopt resumed> ) = 0
13857 15:33:03.353689 setsockopt(6, SOL_SOCKET, SO_LINGER, {onoff=1, linger=32767}, 8) = 0
13857 15:33:03.353738 rt_sigaction(SIGALRM, {0x805cad0, ~[RTMIN RT_1], 0}, NULL, 8) = 0
13857 15:33:03.353796 alarm(300)        = 300
13857 15:33:03.353852 write(0, "150 Ok to send data.\r\n", 22) = 22
13857 15:33:03.354309 read(6, "assasaaa\na\na\na\na\n", 65536) = 17
13857 15:33:03.354374 write(4, "assasaaa\na\na\na\na\n", 17) = 17
13857 15:33:03.354442 read(6, "", 65536) = 0
13857 15:33:03.354488 rt_sigaction(SIGALRM, {0x805cad0, ~[RTMIN RT_1], 0}, NULL, 8) = 0
13857 15:33:03.354547 alarm(300)        = 300
13857 15:33:03.354591 close(6)          = 0
13857 15:33:03.354661 alarm(0)          = 300
13857 15:33:03.354717 gettimeofday({1495654383, 354734}, NULL) = 0
13857 15:33:03.354782 gettimeofday({1495654383, 354800}, NULL) = 0
13857 15:33:03.354837 fcntl64(3, F_SETLKW64, {type=F_WRLCK, whence=SEEK_SET, start=0, len=0}, 0xbfd60ef4) = 0
13857 15:33:03.354900 write(3, "Wed May 24 15:33:03 2017 [pid 13857] [msfadmin] OK UPLOAD: Client \"127.0.0.1\", \"/home/msfadmin/myfile30\", 17 bytes, 5.79Kbyte/sec\n", 130) = 130
13857 15:33:03.354987 fcntl64(3, F_SETLK64, {type=F_UNLCK, whence=SEEK_SET, start=0, len=0}, 0xbfd60efc) = 0
13857 15:33:03.355050 write(0, "226 Transfer complete.\r\n", 24) = 24
13857 15:33:03.355287 write(5, "\n", 1 <unfinished ...>
13855 15:33:03.355331 <... read resumed> "\n", 1) = 1
13857 15:33:03.355353 <... write resumed> ) = 1
13855 15:33:03.355383 close(5 <unfinished ...>
13857 15:33:03.355402 read(5,  <unfinished ...>
13855 15:33:03.355436 <... close resumed> ) = 0
13855 15:33:03.355464 write(4, "\1", 1 <unfinished ...>
13857 15:33:03.355498 <... read resumed> "\1", 1) = 1
13855 15:33:03.355519 <... write resumed> ) = 1
13857 15:33:03.355548 close(4 <unfinished ...>
13855 15:33:03.355566 read(4,  <unfinished ...>
13857 15:33:03.355594 <... close resumed> ) = 0
13857 15:33:03.355624 rt_sigaction(SIGALRM, {0x805cad0, ~[RTMIN RT_1], 0}, NULL, 8) = 0
13857 15:33:03.355776 alarm(300)        = 0
13857 15:33:03.355828 recv(0, "QUIT\r\n", 4096, MSG_PEEK) = 6
13857 15:33:03.890601 read(0, "QUIT\r\n", 6) = 6
13857 15:33:03.890700 shutdown(0, 0 /* receive */) = 0
13857 15:33:03.890759 fcntl64(0, F_GETFL) = 0x2 (flags O_RDWR)
13857 15:33:03.890806 fcntl64(0, F_SETFL, O_RDWR|O_NONBLOCK) = 0
13857 15:33:03.890850 write(0, "221 Goodbye.\r\n", 14) = 14
13857 15:33:03.891143 fcntl64(0, F_GETFL) = 0x802 (flags O_RDWR|O_NONBLOCK)
13857 15:33:03.891200 fcntl64(0, F_SETFL, O_RDWR) = 0
13857 15:33:03.891246 shutdown(0, 2 /* send and receive */) = 0
13857 15:33:03.891330 exit_group(0)     = ?
13855 15:33:03.891491 <... read resumed> "", 1) = 0
13855 15:33:03.891532 fcntl64(0, F_GETFL) = 0x2 (flags O_RDWR)
13855 15:33:03.891575 fcntl64(0, F_SETFL, O_RDWR|O_NONBLOCK) = 0
13855 15:33:03.891618 write(0, "500 OOPS: ", 10) = -1 EPIPE (Broken pipe)
13855 15:33:03.891671 --- SIGPIPE (Broken pipe) @ 0 (0) ---
13855 15:33:03.891778 sigreturn()       = ? (mask now [])
13855 15:33:03.891854 write(0, "priv_sock_get_cmd", 17) = -1 EPIPE (Broken pipe)
13855 15:33:03.891902 --- SIGPIPE (Broken pipe) @ 0 (0) ---
13855 15:33:03.891958 sigreturn()       = ? (mask now [])
13855 15:33:03.892211 write(0, "\r\n", 2) = -1 EPIPE (Broken pipe)
13855 15:33:03.892261 --- SIGPIPE (Broken pipe) @ 0 (0) ---
13855 15:33:03.892318 sigreturn()       = ? (mask now [])
13855 15:33:03.892393 exit_group(1)     = ?
4439  15:33:03.892548 <... select resumed> ) = ? ERESTARTNOHAND (To be restarted)
4439  15:33:03.892581 --- SIGCHLD (Child exited) @ 0 (0) ---
4439  15:33:03.892611 write(4, "\21", 1) = 1
4439  15:33:03.892670 sigreturn()       = ? (mask now [])
4439  15:33:03.892900 select(13, [3 5 6 8 9 10 11 12], NULL, NULL, NULL) = 1 (in [3])
4439  15:33:03.892978 ioctl(3, FIONREAD, [1]) = 0
4439  15:33:03.893035 read(3, "\21", 1) = 1
4439  15:33:03.893132 waitpid(-1, [{WIFEXITED(s) && WEXITSTATUS(s) == 1}], WNOHANG) = 13855
4439  15:33:03.893203 close(-1)         = -1 EBADF (Bad file descriptor)
4439  15:33:03.893252 waitpid(-1, 0xbff6282c, WNOHANG) = 0
4439  15:33:03.893295 select(13, [3 5 6 8 9 10 11 12], NULL, NULL, NULL) = 1 (in [5])
4439  15:33:04.400797 accept(5, {sa_family=AF_INET, sin_port=htons(34365), sin_addr=inet_addr("127.0.0.1")}, [16]) = 13
4439  15:33:04.401028 time(NULL)        = 1495654384
4439  15:33:04.401159 clone(child_stack=0, flags=CLONE_CHILD_CLEARTID|CLONE_CHILD_SETTID|SIGCHLD, child_tidptr=0xb7d926f8) = 13858
13858 15:33:04.401586 rt_sigaction(SIGPIPE, {SIG_DFL}, {SIG_IGN}, 8) = 0
13858 15:33:04.401661 rt_sigaction(SIGTSTP, {SIG_DFL}, {SIG_IGN}, 8) = 0
13858 15:33:04.401713 rt_sigaction(SIGTTIN, {SIG_DFL}, {SIG_IGN}, 8) = 0
13858 15:33:04.401764 rt_sigaction(SIGTTOU, {SIG_DFL}, {SIG_IGN}, 8) = 0
13858 15:33:04.401850 rt_sigprocmask(SIG_SETMASK, [], NULL, 8) = 0
13858 15:33:04.401906 close(3)          = 0
13858 15:33:04.401947 close(4)          = 0
13858 15:33:04.401988 open("/dev/null", O_RDONLY) = 3
13858 15:33:04.402089 dup2(3, 0)        = 0
13858 15:33:04.402134 dup2(3, 1)        = 1
13858 15:33:04.402171 dup2(3, 2)        = 2
13858 15:33:04.402209 close(3)          = 0
13858 15:33:04.402260 setgid32(0)       = 0
13858 15:33:04.402312 setgroups32(0, []) = 0
13858 15:33:04.402356 setuid32(0)       = 0
13858 15:33:04.402404 getpriority(PRIO_PROCESS, 0) = 20
13858 15:33:04.402444 setpriority(PRIO_PROCESS, 0, 10) = 0
13858 15:33:04.402484 getpriority(PRIO_PROCESS, 0) = 10
13858 15:33:04.402667 getpeername(13, {sa_family=AF_INET, sin_port=htons(34365), sin_addr=inet_addr("127.0.0.1")}, [16]) = 0
13858 15:33:04.402770 getsockname(13, {sa_family=AF_INET, sin_port=htons(21), sin_addr=inet_addr("127.0.0.1")}, [16]) = 0
13858 15:33:04.402889 open("/etc/hosts.allow", O_RDONLY) = 3
13858 15:33:04.402966 fstat64(3, {st_mode=S_IFREG|0644, st_size=588, ...}) = 0
13858 15:33:04.403088 mmap2(NULL, 4096, PROT_READ|PROT_WRITE, MAP_PRIVATE|MAP_ANONYMOUS, -1, 0) = 0xb7f61000
13858 15:33:04.403147 read(3, "# /etc/hosts.allow: list of hosts that are allowed to access the system.\n#                   See the manual pages hosts_access(5) and hosts_options(5).\n#\n# Example:    ALL: LOCAL @some_netgroup\n#             ALL: .foobar.edu EXCEPT terminalserver.foobar.edu\n#\n# If you\'re going to protect the portmapper use the name \"portmap\" for the\n# daemon name. Remember that you can only use the keyword \"ALL\" and IP\n# addresses (NOT host or domain names) for the portmapper, as well as for\n# rpc.mountd (the NFS mount daemon). See portmap(8) and rpc.mountd(8)\n# for further information.\n#\n\nALL:ALL\n", 4096) = 588
13858 15:33:04.403449 close(3)          = 0
13858 15:33:04.403495 munmap(0xb7f61000, 4096) = 0
13858 15:33:04.403640 fcntl64(13, F_SETFD, 0) = 0
13858 15:33:04.403699 close(7)          = 0
13858 15:33:04.403743 dup2(13, 0)       = 0
13858 15:33:04.403783 dup2(13, 1)       = 1
13858 15:33:04.403820 dup2(13, 2)       = 2
13858 15:33:04.403860 setrlimit(RLIMIT_NOFILE, {rlim_cur=1024, rlim_max=1024}) = 0
13858 15:33:04.403909 close(13)         = 0
13858 15:33:04.403949 setsid()          = 13858
13858 15:33:04.403992 execve("/usr/sbin/vsftpd", ["vsftpd"], [/* 15 vars */]) = 0
13858 15:33:04.404344 brk(0)            = 0x8064000
13858 15:33:04.404428 access("/etc/ld.so.nohwcap", F_OK) = -1 ENOENT (No such file or directory)
13858 15:33:04.404498 mmap2(NULL, 8192, PROT_READ|PROT_WRITE, MAP_PRIVATE|MAP_ANONYMOUS, -1, 0) = 0xb7f27000
13858 15:33:04.404605 access("/etc/ld.so.preload", R_OK) = -1 ENOENT (No such file or directory)
13858 15:33:04.404677 open("/etc/ld.so.cache", O_RDONLY) = 3
13858 15:33:04.404730 fstat64(3, {st_mode=S_IFREG|0644, st_size=29913, ...}) = 0
13858 15:33:04.404803 mmap2(NULL, 29913, PROT_READ, MAP_PRIVATE, 3, 0) = 0xb7f1f000
13858 15:33:04.404848 close(3)          = 0
13858 15:33:04.404894 access("/etc/ld.so.nohwcap", F_OK) = -1 ENOENT (No such file or directory)
13858 15:33:04.404959 open("/lib/libpam.so.0", O_RDONLY) = 3
13858 15:33:04.405062 read(3, "\177ELF\1\1\1\0\0\0\0\0\0\0\0\0\3\0\3\0\1\0\0\0\320\30\0\0004\0\0\0\f\220\0\0\0\0\0\0004\0 \0\4\0(\0\33\0\32\0\1\0\0\0\0\0\0\0\0\0\0\0\0\0\0\0t\214\0\0t\214\0\0\5\0\0\0\0\20\0\0\1\0\0\0t\214\0\0t\234\0\0t\234\0\0\250\2\0\0\254\2\0\0\6\0\0\0\0\20\0\0\2\0\0\0D\215\0\0D\235\0\0D\235\0\0\350\0\0\0\350\0\0\0\6\0\0\0\4\0\0\0Q\345td\0\0\0\0\0\0\0\0\0\0\0\0\0\0\0\0\0\0\0\0\6\0\0\0\4\0\0\0\254\0\0\0X\0\0\0D\0\0\0\0\0\0\0G\0\0\0\7\0\0\0*\0\0\0\v\0\0\0\36\0\0\0\0\0\0\0K\0\0\0L\0\0\0\34\0\0\0\0\0\0\0\0\0\0\0V\0\0\0\0\0\0\0\0\0\0\0\21\0\0\0\33\0\0\0\0\0\0\0\0\0\0\0\0\0\0\0>\0\0\0O\0\0\0\0\0\0\0\0\0\0\0\0\0\0\0\2\0\0\0\0\0\0\0\0\0\0\0P\0\0\0R\0\0\0\0\0\0\0A\0\0\0?\0\0\0\0\0\0\0\0\0\0\0;\0\0\0\r\0\0\0\0\0\0\0\0\0\0\0\0\0\0\0006\0\0\0(\0\0\0\0\0\0\0.\0\0\0\16\0\0\0,\0\0\0\0\0\0\0!\0\0\0\30\0\0\0\0\0\0\0\0\0\0\0\0\0\0\0\0\0\0\0\0\0\0\0\31\0\0\0\0\0\0\0<\0\0\0W\0\0\0+\0\0\0M\0\0\0\0\0\0\0\0\0\0\0&\0\0\0\0\0\0\0N\0\0\0\0\0\0\0\0\0\0\0\27\0\0\0\0\0\0\0\0\0\0\0\0\0\0\0001\0\0\0%\0\0\0\35\0\0\0\0\0\0\0/\0\0\0\0\0\0\0\0\0\0\0\0\0\0\0B\0\0\0", 512) = 512
13858 15:33:04.405484 fstat64(3, {st_mode=S_IFREG|0644, st_size=37956, ...}) = 0
13858 15:33:04.405661 mmap2(NULL, 40736, PROT_READ|PROT_EXEC, MAP_PRIVATE|MAP_DENYWRITE, 3, 0) = 0xb7f15000
13858 15:33:04.405722 mmap2(0xb7f1e000, 4096, PROT_READ|PROT_WRITE, MAP_PRIVATE|MAP_FIXED|MAP_DENYWRITE, 3, 0x8) = 0xb7f1e000
13858 15:33:04.405789 close(3)          = 0
13858 15:33:04.405844 access("/etc/ld.so.nohwcap", F_OK) = -1 ENOENT (No such file or directory)
13858 15:33:04.405906 open("/lib/tls/i686/cmov/libdl.so.2", O_RDONLY) = 3
13858 15:33:04.405968 read(3, "\177ELF\1\1\1\0\0\0\0\0\0\0\0\0\3\0\3\0\1\0\0\0p\n\0\0004\0\0\0L!\0\0\0\0\0\0004\0 \0\10\0(\0\35\0\34\0\6\0\0\0004\0\0\0004\0\0\0004\0\0\0\0\1\0\0\0\1\0\0\5\0\0\0\4\0\0\0\3\0\0\0003\33\0\0003\33\0\0003\33\0\0\23\0\0\0\23\0\0\0\4\0\0\0\1\0\0\0\1\0\0\0\0\0\0\0\0\0\0\0\0\0\0\0\374\34\0\0\374\34\0\0\5\0\0\0\0\20\0\0\1\0\0\0\264\36\0\0\264.\0\0\264.\0\0\230\1\0\0\310\1\0\0\6\0\0\0\0\20\0\0\2\0\0\0\320\36\0\0\320.\0\0\320.\0\0\370\0\0\0\370\0\0\0\6\0\0\0\4\0\0\0\4\0\0\0004\1\0\0004\1\0\0004\1\0\0 \0\0\0 \0\0\0\4\0\0\0\4\0\0\0Q\345td\0\0\0\0\0\0\0\0\0\0\0\0\0\0\0\0\0\0\0\0\6\0\0\0\4\0\0\0R\345td\264\36\0\0\264.\0\0\264.\0\0@\1\0\0@\1\0\0\4\0\0\0\1\0\0\0\4\0\0\0\20\0\0\0\1\0\0\0GNU\0\0\0\0\0\2\0\0\0\6\0\0\0\10\0\0\0\26\0\0\0\31\0\0\0\4\0\0\0\7\0\0\0\230\0\21\0\0B\0\0\202\0`\10\223(\10\336\31\0\0\0\0\0\0\0\0\0\0\0\0\0\0\0\32\0\0\0\0\0\0\0\33\0\0\0\34\0\0\0\0\0\0\0\36\0\0\0\0\0\0\0\0\0\0\0\37\0\0\0!\0\0\0\"\0\0\0\0\0\0\0\0\0\0\0#\0\0\0%\0\0\0&\0\0\0\0\0\0\0(\0\0\0\221!\374\370\225\263_\31\5\350\7\371\6\2\4\371\7\2\4\371\301S\200\30\256\304M\17a\242\222\6\325=l\366\327=l\366\370\31sB\353\26\251\30\373\31sB", 512) = 512
13858 15:33:04.406389 fstat64(3, {st_mode=S_IFREG|0644, st_size=9684, ...}) = 0
13858 15:33:04.406467 mmap2(NULL, 12412, PROT_READ|PROT_EXEC, MAP_PRIVATE|MAP_DENYWRITE, 3, 0) = 0xb7f11000
13858 15:33:04.406587 mmap2(0xb7f13000, 8192, PROT_READ|PROT_WRITE, MAP_PRIVATE|MAP_FIXED|MAP_DENYWRITE, 3, 0x1) = 0xb7f13000
13858 15:33:04.406664 close(3)          = 0
13858 15:33:04.406716 access("/etc/ld.so.nohwcap", F_OK) = -1 ENOENT (No such file or directory)
13858 15:33:04.406777 open("/lib/tls/i686/cmov/libnsl.so.1", O_RDONLY) = 3
13858 15:33:04.406838 read(3, "\177ELF\1\1\1\0\0\0\0\0\0\0\0\0\3\0\3\0\1\0\0\00001\0\0004\0\0\0\234B\1\0\0\0\0\0004\0 \0\10\0(\0\34\0\33\0\6\0\0\0004\0\0\0004\0\0\0004\0\0\0\0\1\0\0\0\1\0\0\5\0\0\0\4\0\0\0\3\0\0\0\340,\1\0\340,\1\0\340,\1\0\23\0\0\0\23\0\0\0\4\0\0\0\1\0\0\0\1\0\0\0\0\0\0\0\0\0\0\0\0\0\0\0\3407\1\0\3407\1\0\5\0\0\0\0\20\0\0\1\0\0\0\300>\1\0\300N\1\0\300N\1\0\350\2\0\0()\0\0\6\0\0\0\0\20\0\0\2\0\0\0\324>\1\0\324N\1\0\324N\1\0\340\0\0\0\340\0\0\0\6\0\0\0\4\0\0\0\4\0\0\0004\1\0\0004\1\0\0004\1\0\0 \0\0\0 \0\0\0\4\0\0\0\4\0\0\0Q\345td\0\0\0\0\0\0\0\0\0\0\0\0\0\0\0\0\0\0\0\0\6\0\0\0\4\0\0\0R\345td\300>\1\0\300N\1\0\300N\1\0004\1\0\0004\1\0\0\4\0\0\0\1\0\0\0\4\0\0\0\20\0\0\0\1\0\0\0GNU\0\0\0\0\0\2\0\0\0\6\0\0\0\10\0\0\0\374\0\0\0q\0\0\0 \0\0\0\n\0\0\0\1\1$\232 \'Q\0@ \0\0\f\1\1\n\1\n\0\0\240:X\0@\1\16$\10\4\200\n`\260\23 @\24\21\20@\3442\324\4H\346\0\1`\3@\260\272\2019\30\235\340\0\0\332\200\0044\2\201J\20{\203+\200\22 d\21\1\0\2\200\306 d`A\n\4\4\4\v\4PD@\200\20\0\22 \4\340@\1\32 \4\2\20\10\0\0\204\260\200\0\340\23\0\212$\0\206\210\0\2`@q\0\0\0\0\0\0\0\0\0\0\0r\0\0\0\0\0\0\0t\0\0\0\0\0\0\0", 512) = 512
13858 15:33:04.407359 fstat64(3, {st_mode=S_IFREG|0644, st_size=83708, ...}) = 0
13858 15:33:04.407434 mmap2(NULL, 4096, PROT_READ|PROT_WRITE, MAP_PRIVATE|MAP_ANONYMOUS, -1, 0) = 0xb7f10000
13858 15:33:04.407492 mmap2(NULL, 96232, PROT_READ|PROT_EXEC, MAP_PRIVATE|MAP_DENYWRITE, 3, 0) = 0xb7ef8000
13858 15:33:04.407539 mmap2(0xb7f0c000, 8192, PROT_READ|PROT_WRITE, MAP_PRIVATE|MAP_FIXED|MAP_DENYWRITE, 3, 0x13) = 0xb7f0c000
13858 15:33:04.407632 mmap2(0xb7f0e000, 6120, PROT_READ|PROT_WRITE, MAP_PRIVATE|MAP_FIXED|MAP_ANONYMOUS, -1, 0) = 0xb7f0e000
13858 15:33:04.407701 close(3)          = 0
13858 15:33:04.407770 access("/etc/ld.so.nohwcap", F_OK) = -1 ENOENT (No such file or directory)
13858 15:33:04.407832 open("/lib/tls/i686/cmov/libresolv.so.2", O_RDONLY) = 3
13858 15:33:04.407909 read(3, "\177ELF\1\1\1\0\0\0\0\0\0\0\0\0\3\0\3\0\1\0\0\0@!\0\0004\0\0\0\310\2\1\0\0\0\0\0004\0 \0\10\0(\0\35\0\34\0\6\0\0\0004\0\0\0004\0\0\0004\0\0\0\0\1\0\0\0\1\0\0\5\0\0\0\4\0\0\0\3\0\0\0\264\346\0\0\264\346\0\0\264\346\0\0\23\0\0\0\23\0\0\0\4\0\0\0\1\0\0\0\1\0\0\0\0\0\0\0\0\0\0\0\0\0\0\0H\355\0\0H\355\0\0\5\0\0\0\0\20\0\0\1\0\0\0h\372\0\0h\372\0\0h\372\0\0X\7\0\0\\.\0\0\6\0\0\0\0\20\0\0\2\0\0\0\0\377\0\0\0\377\0\0\0\377\0\0\340\0\0\0\340\0\0\0\6\0\0\0\4\0\0\0\4\0\0\0004\1\0\0004\1\0\0004\1\0\0 \0\0\0 \0\0\0\4\0\0\0\4\0\0\0Q\345td\0\0\0\0\0\0\0\0\0\0\0\0\0\0\0\0\0\0\0\0\6\0\0\0\4\0\0\0R\345tdh\372\0\0h\372\0\0h\372\0\0\214\5\0\0\214\5\0\0\4\0\0\0\1\0\0\0\4\0\0\0\20\0\0\0\1\0\0\0GNU\0\0\0\0\0\2\0\0\0\6\0\0\0\10\0\0\0\235\0\0\0;\0\0\0\20\0\0\0\t\0\0\0\244RH\260<\23\340\6\200\4\24\227\221\3\366\225\2@\20\0B\201\205A\20\6\30@A\20U\205\0B\0@\220\204\10\n\0J\0\25\4\21\200\2$\210\4\4P\220\0\2\"]\260D\4\221\t\31;\0\0\0\0\0\0\0\0\0\0\0<\0\0\0>\0\0\0?\0\0\0\0\0\0\0\0\0\0\0\0\0\0\0\0\0\0\0\0\0\0\0\0\0\0\0\0\0\0\0@\0\0\0B\0\0\0C\0\0\0D\0\0\0\0\0\0\0E\0\0\0F\0\0\0\0\0\0\0H\0\0\0\0\0\0\0", 512) = 512
13858 15:33:04.408378 fstat64(3, {st_mode=S_IFREG|0644, st_size=67408, ...}) = 0
13858 15:33:04.408459 mmap2(NULL, 75972, PROT_READ|PROT_EXEC, MAP_PRIVATE|MAP_DENYWRITE, 3, 0) = 0xb7ee5000
13858 15:33:04.408509 mmap2(0xb7ef4000, 8192, PROT_READ|PROT_WRITE, MAP_PRIVATE|MAP_FIXED|MAP_DENYWRITE, 3, 0xf) = 0xb7ef4000
13858 15:33:04.408613 mmap2(0xb7ef6000, 6340, PROT_READ|PROT_WRITE, MAP_PRIVATE|MAP_FIXED|MAP_ANONYMOUS, -1, 0) = 0xb7ef6000
13858 15:33:04.408687 close(3)          = 0
13858 15:33:04.408742 access("/etc/ld.so.nohwcap", F_OK) = -1 ENOENT (No such file or directory)
13858 15:33:04.408801 open("/lib/tls/i686/cmov/libutil.so.1", O_RDONLY) = 3
13858 15:33:04.408864 read(3, "\177ELF\1\1\1\0\0\0\0\0\0\0\0\0\3\0\3\0\1\0\0\0@\n\0\0004\0\0\0\200!\0\0\0\0\0\0004\0 \0\10\0(\0\34\0\33\0\6\0\0\0004\0\0\0004\0\0\0004\0\0\0\0\1\0\0\0\1\0\0\5\0\0\0\4\0\0\0\3\0\0\0R\23\0\0R\23\0\0R\23\0\0\23\0\0\0\23\0\0\0\4\0\0\0\1\0\0\0\1\0\0\0\0\0\0\0\0\0\0\0\0\0\0\0`\25\0\0`\25\0\0\5\0\0\0\0\20\0\0\1\0\0\0\364\36\0\0\364.\0\0\364.\0\0\230\1\0\0\234\1\0\0\6\0\0\0\0\20\0\0\2\0\0\0\10\37\0\0\10/\0\0\10/\0\0\340\0\0\0\340\0\0\0\6\0\0\0\4\0\0\0\4\0\0\0004\1\0\0004\1\0\0004\1\0\0 \0\0\0 \0\0\0\4\0\0\0\4\0\0\0Q\345td\0\0\0\0\0\0\0\0\0\0\0\0\0\0\0\0\0\0\0\0\6\0\0\0\4\0\0\0R\345td\364\36\0\0\364.\0\0\364.\0\0\0\1\0\0\0\1\0\0\4\0\0\0\1\0\0\0\4\0\0\0\20\0\0\0\1\0\0\0GNU\0\0\0\0\0\2\0\0\0\6\0\0\0\10\0\0\0\r\0\0\0#\0\0\0\2\0\0\0\6\0\0\0\0\240\344\300\204\200\20@\0\0\0\0\0\0\0\0#\0\0\0\0\0\0\0\0\0\0\0$\0\0\0&\0\0\0\'\0\0\0(\0\0\0\0\0\0\0\0\0\0\0\0\0\0\0)\0\0\0\217\365\310\207\364\361\253\272_+\337\v\325=l\366\237<\300|\365\243\343p\277\370\337\17\0\0\0\0\0\0\0\0\0\0\0\0\0\0\0\0S\0\0\0\0\0\0\0\35\0\0\0\22\0\0\0/\1\0\0\0\0\0\0z\0\0\0\22\0\0\0\226\0\0\0\0\0\0\0*\0\0\0\22\0\0\0v\0\0\0", 512) = 512
