11034 15:04:03.189313 open("/etc/pam.d/other", O_RDONLY|O_LARGEFILE) = 5
11034 15:04:03.189369 fstat64(5, {st_mode=S_IFREG|0644, st_size=520, ...}) = 0
11034 15:04:03.189466 mmap2(NULL, 4096, PROT_READ|PROT_WRITE, MAP_PRIVATE|MAP_ANONYMOUS, -1, 0) = 0xb7f9a000
11034 15:04:03.189525 read(5, "#\n# /etc/pam.d/other - specify the PAM fallback behaviour\n#\n# Note that this file is used for any unspecified service; for example\n#if /etc/pam.d/cron  specifies no session modules but cron calls\n#pam_open_session, the session module out of /etc/pam.d/other is\n#used.  If you really want nothing to happen then use pam_permit.so or\n#pam_deny.so as appropriate.\n\n# We fall back to the system default in /etc/pam.d/common-*\n# \n\n@include common-auth\n@include common-account\n@include common-password\n@include common-session\n", 4096) = 520
11034 15:04:03.189726 stat64("/etc/pam.d", {st_mode=S_IFDIR|0755, st_size=4096, ...}) = 0
11034 15:04:03.189807 open("/etc/pam.d/common-auth", O_RDONLY|O_LARGEFILE) = 6
11034 15:04:03.189863 fstat64(6, {st_mode=S_IFREG|0644, st_size=476, ...}) = 0
11034 15:04:03.189932 mmap2(NULL, 4096, PROT_READ|PROT_WRITE, MAP_PRIVATE|MAP_ANONYMOUS, -1, 0) = 0xb7f94000
11034 15:04:03.189978 read(6, "#\n# /etc/pam.d/common-auth - authentication settings common to all services\n#\n# This file is included from other service-specific PAM config files,\n# and should contain a list of the authentication modules that define\n# the central authentication scheme for use on the system\n# (e.g., /etc/shadow, LDAP, Kerberos, etc.).  The default is to use the\n# traditional Unix authentication mechanisms.\n#\nauth\trequisite\tpam_unix.so nullok_secure\n# auth\toptional\tpam_smbpass.so migrate\n", 4096) = 476
11034 15:04:03.190178 read(6, "", 4096) = 0
11034 15:04:03.190220 close(6)          = 0
11034 15:04:03.190261 munmap(0xb7f94000, 4096) = 0
11034 15:04:03.190308 stat64("/etc/pam.d", {st_mode=S_IFDIR|0755, st_size=4096, ...}) = 0
11034 15:04:03.190387 open("/etc/pam.d/common-account", O_RDONLY|O_LARGEFILE) = 6
11034 15:04:03.190481 fstat64(6, {st_mode=S_IFREG|0644, st_size=392, ...}) = 0
11034 15:04:03.190553 mmap2(NULL, 4096, PROT_READ|PROT_WRITE, MAP_PRIVATE|MAP_ANONYMOUS, -1, 0) = 0xb7f94000
11034 15:04:03.190613 read(6, "#\n# /etc/pam.d/common-account - authorization settings common to all services\n#\n# This file is included from other service-specific PAM config files,\n# and should contain a list of the authorization modules that define\n# the central access policy for use on the system.  The default is to\n# only deny service to users whose accounts are expired in /etc/shadow.\n#\naccount\trequired\tpam_unix.so\n", 4096) = 392
11034 15:04:03.190786 read(6, "", 4096) = 0
11034 15:04:03.190828 close(6)          = 0
11034 15:04:03.190869 munmap(0xb7f94000, 4096) = 0
11034 15:04:03.190916 stat64("/etc/pam.d", {st_mode=S_IFDIR|0755, st_size=4096, ...}) = 0
11034 15:04:03.190996 open("/etc/pam.d/common-password", O_RDONLY|O_LARGEFILE) = 6
11034 15:04:03.191052 fstat64(6, {st_mode=S_IFREG|0644, st_size=1563, ...}) = 0
11034 15:04:03.191121 mmap2(NULL, 4096, PROT_READ|PROT_WRITE, MAP_PRIVATE|MAP_ANONYMOUS, -1, 0) = 0xb7f94000
11034 15:04:03.191166 read(6, "#\n# /etc/pam.d/common-password - password-related modules common to all services\n#\n# This file is included from other service-specific PAM config files,\n# and should contain a list of modules that define the services to be\n# used to change user passwords.  The default is pam_unix.\n\n# Explanation of pam_unix options:\n#\n# The \"nullok\" option allows users to change an empty password, else\n# empty passwords are treated as locked accounts.\n#\n# The \"md5\" option enables MD5 passwords.  Without this option, the\n# default is Unix crypt.\n#\n# The \"obscure\" option replaces the old `OBSCURE_CHECKS_ENAB\' option in\n# login.defs.\n#\n# You can also use the \"min\" option to enforce the length of the new\n# password.\n#\n# See the pam_unix manpage for other options.\n\npassword   requisite   pam_unix.so nullok obscure md5\n\n# Alternate strength checking for password. Note that this\n# requires the libpam-cracklib package to be installed.\n# You will need to comment out the password line above and\n# uncomment the next two in order to use this.\n# (Replaces the `OBSCURE_CHECKS_ENAB\', `CRACKLIB_DICTPATH\')\n#\n# password required\t  pam_cracklib.so retry=3 minlen=6 difok=3\n# password required\t  pam_unix.so use_authtok nullok md5\n\n# minimally-intrusive inclusion of smbpass in the stack for\n# synchronization.  If the module is absent or the passwords don\'t\n# match, this module will be ignored without prompting; and if the \n# passwords do match, the NTLM hash for the user will be updated\n# automatically.\n# password   optional   pam_smbpass.so nullok use_authtok use_first_pass\n", 4096) = 1563
11034 15:04:03.191715 read(6, "", 4096) = 0
11034 15:04:03.191762 close(6)          = 0
11034 15:04:03.191804 munmap(0xb7f94000, 4096) = 0
11034 15:04:03.191851 stat64("/etc/pam.d", {st_mode=S_IFDIR|0755, st_size=4096, ...}) = 0
11034 15:04:03.191932 open("/etc/pam.d/common-session", O_RDONLY|O_LARGEFILE) = 6
11034 15:04:03.191988 fstat64(6, {st_mode=S_IFREG|0644, st_size=372, ...}) = 0
11034 15:04:03.192058 mmap2(NULL, 4096, PROT_READ|PROT_WRITE, MAP_PRIVATE|MAP_ANONYMOUS, -1, 0) = 0xb7f94000
11034 15:04:03.192104 read(6, "#\n# /etc/pam.d/common-session - session-related modules common to all services\n#\n# This file is included from other service-specific PAM config files,\n# and should contain a list of modules that define tasks to be performed\n# at the start and end of sessions of *any* kind (both interactive and\n# non-interactive).  The default is pam_unix.\n#\nsession\trequired\tpam_unix.so\n", 4096) = 372
11034 15:04:03.192268 read(6, "", 4096) = 0
11034 15:04:03.192310 close(6)          = 0
11034 15:04:03.192379 munmap(0xb7f94000, 4096) = 0
11034 15:04:03.192432 read(5, "", 4096) = 0
11034 15:04:03.192473 close(5)          = 0
11034 15:04:03.192514 munmap(0xb7f9a000, 4096) = 0
11034 15:04:03.192568 time(NULL)        = 1495652643
11034 15:04:03.192618 lstat64("/etc/ftpusers", {st_mode=S_IFREG|0644, st_size=132, ...}) = 0
11034 15:04:03.192699 open("/etc/ftpusers", O_RDONLY|O_LARGEFILE) = 5
11034 15:04:03.192765 fstat64(5, {st_mode=S_IFREG|0644, st_size=132, ...}) = 0
11034 15:04:03.192835 mmap2(NULL, 4096, PROT_READ|PROT_WRITE, MAP_PRIVATE|MAP_ANONYMOUS, -1, 0) = 0xb7f9a000
11034 15:04:03.192881 read(5, "# /etc/ftpusers: list of users disallowed FTP access. See ftpusers(5).\n\nroot\ndaemon\nbin\nsys\nsync\ngames\nman\nlp\nmail\nnews\nuucp\nnobody\n", 4096) = 132
11034 15:04:03.192973 read(5, "", 4096) = 0
11034 15:04:03.193013 close(5)          = 0
11034 15:04:03.193053 munmap(0xb7f9a000, 4096) = 0
11034 15:04:03.193118 getuid32()        = 0
11034 15:04:03.193187 open("/etc/passwd", O_RDONLY|0x80000 /* O_??? */) = 5
11034 15:04:03.193249 _llseek(5, 0, [0], SEEK_CUR) = 0
11034 15:04:03.193297 fstat64(5, {st_mode=S_IFREG|0644, st_size=1624, ...}) = 0
11034 15:04:03.193406 mmap2(NULL, 1624, PROT_READ, MAP_SHARED, 5, 0) = 0xb7f9a000
11034 15:04:03.193457 _llseek(5, 1624, [1624], SEEK_SET) = 0
11034 15:04:03.193540 munmap(0xb7f9a000, 1624) = 0
11034 15:04:03.193588 close(5)          = 0
11034 15:04:03.193692 open("/etc/shadow", O_RDONLY|0x80000 /* O_??? */) = 5
11034 15:04:03.193766 _llseek(5, 0, [0], SEEK_CUR) = 0
11034 15:04:03.193812 fstat64(5, {st_mode=S_IFREG|0640, st_size=1233, ...}) = 0
11034 15:04:03.194032 mmap2(NULL, 1233, PROT_READ, MAP_SHARED, 5, 0) = 0xb7f9a000
11034 15:04:03.194083 _llseek(5, 1233, [1233], SEEK_SET) = 0
11034 15:04:03.194168 munmap(0xb7f9a000, 1233) = 0
11034 15:04:03.194212 close(5)          = 0
11034 15:04:03.194293 open("/etc/passwd", O_RDONLY|0x80000 /* O_??? */) = 5
11034 15:04:03.194350 _llseek(5, 0, [0], SEEK_CUR) = 0
11034 15:04:03.194395 fstat64(5, {st_mode=S_IFREG|0644, st_size=1624, ...}) = 0
11034 15:04:03.194505 mmap2(NULL, 1624, PROT_READ, MAP_SHARED, 5, 0) = 0xb7f9a000
11034 15:04:03.194555 _llseek(5, 1624, [1624], SEEK_SET) = 0
11034 15:04:03.194625 munmap(0xb7f9a000, 1624) = 0
11034 15:04:03.194667 close(5)          = 0
11034 15:04:03.194724 open("/etc/shadow", O_RDONLY|0x80000 /* O_??? */) = 5
11034 15:04:03.194780 _llseek(5, 0, [0], SEEK_CUR) = 0
11034 15:04:03.194824 fstat64(5, {st_mode=S_IFREG|0640, st_size=1233, ...}) = 0
11034 15:04:03.194892 mmap2(NULL, 1233, PROT_READ, MAP_SHARED, 5, 0) = 0xb7f9a000
11034 15:04:03.194932 _llseek(5, 1233, [1233], SEEK_SET) = 0
11034 15:04:03.194932 munmap(0xb7f9a000, 1233) = 0
11034 15:04:03.194965 close(5)          = 0
11034 15:04:03.195624 getuid32()        = 0
11034 15:04:03.195665 open("/etc/passwd", O_RDONLY|0x80000 /* O_??? */) = 5
11034 15:04:03.195696 _llseek(5, 0, [0], SEEK_CUR) = 0
11034 15:04:03.195718 fstat64(5, {st_mode=S_IFREG|0644, st_size=1624, ...}) = 0
11034 15:04:03.195751 mmap2(NULL, 1624, PROT_READ, MAP_SHARED, 5, 0) = 0xb7f9a000
11034 15:04:03.195773 _llseek(5, 1624, [1624], SEEK_SET) = 0
11034 15:04:03.195806 munmap(0xb7f9a000, 1624) = 0
11034 15:04:03.195826 close(5)          = 0
11034 15:04:03.195853 open("/etc/shadow", O_RDONLY|0x80000 /* O_??? */) = 5
11034 15:04:03.195879 _llseek(5, 0, [0], SEEK_CUR) = 0
11034 15:04:03.195899 fstat64(5, {st_mode=S_IFREG|0640, st_size=1233, ...}) = 0
11034 15:04:03.195931 mmap2(NULL, 1233, PROT_READ, MAP_SHARED, 5, 0) = 0xb7f9a000
11034 15:04:03.195952 _llseek(5, 1233, [1233], SEEK_SET) = 0
11034 15:04:03.195986 munmap(0xb7f9a000, 1233) = 0
11034 15:04:03.196005 close(5)          = 0
11034 15:04:03.196028 time(NULL)        = 1495652643
11034 15:04:03.196059 munmap(0xb7f97000, 12164) = 0
11034 15:04:03.196086 munmap(0xb7f95000, 7136) = 0
11034 15:04:03.196123 munmap(0xb7dca000, 95428) = 0
11034 15:04:03.196166 munmap(0xb7d90000, 201052) = 0
11034 15:04:03.196193 munmap(0xb7d77000, 101180) = 0
11034 15:04:03.196223 gettimeofday({1495652643, 196230}, NULL) = 0
11034 15:04:03.196244 stat64("/usr/share/zoneinfo/UTC+04:00", 0xbff5a8c4) = -1 ENOENT (No such file or directory)
11034 15:04:03.196271 open("/usr/share/zoneinfo/UTC+04:00", O_RDONLY) = -1 ENOENT (No such file or directory)
11034 15:04:03.196319 fcntl64(3, F_SETLKW64, {type=F_WRLCK, whence=SEEK_SET, start=0, len=0}, 0xbff5aa14) = 0
11034 15:04:03.196350 write(3, "Wed May 24 15:04:03 2017 [pid 11034] [msfadmin] OK LOGIN: Client \"127.0.0.1\"\n", 77) = 77
11034 15:04:03.196388 fcntl64(3, F_SETLK64, {type=F_UNLCK, whence=SEEK_SET, start=0, len=0}, 0xbff5aa1c) = 0
11034 15:04:03.196411 rt_sigaction(SIGCHLD, {0x805cad0, ~[RTMIN RT_1], 0}, NULL, 8) = 0
11034 15:04:03.196438 write(4, "\1", 1 <unfinished ...>
11035 15:04:03.196456 <... read resumed> "\1", 1) = 1
11034 15:04:03.196466 <... write resumed> ) = 1
11035 15:04:03.196480 exit_group(0)     = ?
11034 15:04:03.196538 --- SIGCHLD (Child exited) @ 0 (0) ---
11034 15:04:03.196552 sigreturn()       = ? (mask now [])
11034 15:04:03.196587 wait4(-1, [{WIFEXITED(s) && WEXITSTATUS(s) == 0}], 0, NULL) = 11035
11034 15:04:03.196611 close(4)          = 0
11034 15:04:03.196660 socketpair(PF_FILE, SOCK_STREAM, 0, [4, 5]) = 0
11034 15:04:03.196689 rt_sigaction(SIGCHLD, {0x805cad0, ~[RTMIN RT_1], 0}, NULL, 8) = 0
11034 15:04:03.196715 rt_sigaction(SIGALRM, {0x805cb10, ~[RTMIN RT_1], 0}, NULL, 8) = 0
11034 15:04:03.196740 clone(child_stack=0, flags=CLONE_CHILD_CLEARTID|CLONE_CHILD_SETTID|SIGCHLD, child_tidptr=0xb7e006f8) = 11036
11036 15:04:03.196839 prctl(0x1, 0x9, 0, 0, 0) = 0
11036 15:04:03.196865 close(4)          = 0
11036 15:04:03.196916 open("/etc/passwd", O_RDONLY|0x80000 /* O_??? */) = 4
11036 15:04:03.196948 _llseek(4, 0, [0], SEEK_CUR) = 0
11036 15:04:03.196976 fstat64(4, {st_mode=S_IFREG|0644, st_size=1624, ...}) = 0
11036 15:04:03.197010 mmap2(NULL, 1624, PROT_READ, MAP_SHARED, 4, 0) = 0xb7f9a000
11036 15:04:03.197032 _llseek(4, 1624, [1624], SEEK_SET) = 0
11036 15:04:03.197075 munmap(0xb7f9a000, 1624) = 0
11036 15:04:03.197096 close(4)          = 0
11036 15:04:03.197148 getuid32()        = 0
11036 15:04:03.197172 open("/etc/passwd", O_RDONLY|0x80000 /* O_??? */) = 4
11036 15:04:03.197204 _llseek(4, 0, [0], SEEK_CUR) = 0
11036 15:04:03.197230 fstat64(4, {st_mode=S_IFREG|0644, st_size=1624, ...}) = 0
11036 15:04:03.197259 mmap2(NULL, 1624, PROT_READ, MAP_SHARED, 4, 0) = 0xb7f9a000
11036 15:04:03.197278 _llseek(4, 1624, [1624], SEEK_SET) = 0
11036 15:04:03.197305 munmap(0xb7f9a000, 1624) = 0
11036 15:04:03.197322 close(4)          = 0
11036 15:04:03.197369 open("/proc/sys/kernel/ngroups_max", O_RDONLY) = 4
11036 15:04:03.197404 read(4, "65536\n", 31) = 6
11036 15:04:03.197425 close(4)          = 0
11036 15:04:03.197449 socket(PF_FILE, SOCK_STREAM, 0) = 4
11036 15:04:03.197470 fcntl64(4, F_SETFL, O_RDWR|O_NONBLOCK) = 0
11036 15:04:03.197489 connect(4, {sa_family=AF_FILE, path="/var/run/nscd/socket"}, 110) = -1 ENOENT (No such file or directory)
11036 15:04:03.197526 close(4)          = 0
11036 15:04:03.197545 socket(PF_FILE, SOCK_STREAM, 0) = 4
11036 15:04:03.197562 fcntl64(4, F_SETFL, O_RDWR|O_NONBLOCK) = 0
11036 15:04:03.197580 connect(4, {sa_family=AF_FILE, path="/var/run/nscd/socket"}, 110) = -1 ENOENT (No such file or directory)
11036 15:04:03.197609 close(4)          = 0
11036 15:04:03.197663 open("/etc/group", O_RDONLY|0x80000 /* O_??? */) = 4
11036 15:04:03.197689 _llseek(4, 0, [0], SEEK_CUR) = 0
11036 15:04:03.197707 fstat64(4, {st_mode=S_IFREG|0644, st_size=886, ...}) = 0
11036 15:04:03.197734 mmap2(NULL, 886, PROT_READ, MAP_SHARED, 4, 0) = 0xb7f9a000
11036 15:04:03.197752 _llseek(4, 886, [886], SEEK_SET) = 0
11036 15:04:03.197792 fstat64(4, {st_mode=S_IFREG|0644, st_size=886, ...}) = 0
11036 15:04:03.197820 munmap(0xb7f9a000, 886) = 0
11036 15:04:03.197837 close(4)          = 0
11036 15:04:03.197854 setgroups32(13, [1000, 4, 20, 24, 25, 29, 30, 44, 46, 107, 111, 112, 119]) = 0
11036 15:04:03.197881 geteuid32()       = 0
11036 15:04:03.197899 getegid32()       = 0
11036 15:04:03.197917 setregid32(-1, 1000) = 0
11036 15:04:03.197934 setreuid32(-1, 1000) = 0
11036 15:04:03.197952 chdir("/home/msfadmin") = 0
11036 15:04:03.197972 setreuid32(-1, 0) = 0
11036 15:04:03.197987 setregid32(-1, 0) = 0
11036 15:04:03.198005 setgid32(1000)    = 0
11036 15:04:03.198021 setuid32(1000)    = 0
11036 15:04:03.198038 setrlimit(RLIMIT_NPROC, {rlim_cur=0, rlim_max=0}) = 0
11036 15:04:03.198061 mmap2(NULL, 12288, PROT_READ|PROT_WRITE, MAP_PRIVATE|MAP_ANONYMOUS, -1, 0) = 0xb7f98000
11036 15:04:03.198089 mprotect(0xb7f9a000, 4096, PROT_NONE) = 0
11036 15:04:03.198108 mprotect(0xb7f98000, 4096, PROT_NONE) = 0
11036 15:04:03.198140 getcwd("/home/msfadmin", 4096) = 15
11036 15:04:03.198169 umask(022)        = 077
11036 15:04:03.198186 getcwd("/home/msfadmin", 4096) = 15
11036 15:04:03.198208 open(".message", O_RDONLY|O_NONBLOCK|O_LARGEFILE) = -1 ENOENT (No such file or directory)
11036 15:04:03.198247 write(0, "230 Login successful.\r\n", 23) = 23
11036 15:04:03.198410 rt_sigaction(SIGALRM, {0x805cad0, ~[RTMIN RT_1], 0}, NULL, 8) = 0
11036 15:04:03.198439 alarm(300)        = 0
11036 15:04:03.198458 mmap2(NULL, 12288, PROT_READ|PROT_WRITE, MAP_PRIVATE|MAP_ANONYMOUS, -1, 0) = 0xb7f95000
11036 15:04:03.198477 mprotect(0xb7f97000, 4096, PROT_NONE) = 0
11036 15:04:03.198497 mprotect(0xb7f95000, 4096, PROT_NONE) = 0
11036 15:04:03.198518 recv(0, "TYPE I\r\n", 4096, MSG_PEEK) = 8
11036 15:04:03.198539 read(0, "TYPE I\r\n", 8) = 8
11036 15:04:03.198568 write(0, "200 Switching to Binary mode.\r\n", 31) = 31
11036 15:04:03.199331 rt_sigaction(SIGALRM, {0x805cad0, ~[RTMIN RT_1], 0}, NULL, 8) = 0
11036 15:04:03.199358 alarm(300)        = 300
11036 15:04:03.199376 recv(0, "PASV\r\n", 4096, MSG_PEEK) = 6
11036 15:04:03.199395 read(0, "PASV\r\n", 6) = 6
11036 15:04:03.199416 write(5, "\n", 1) = 1
11036 15:04:03.199433 read(5,  <unfinished ...>
11034 15:04:03.199454 close(5)          = 0
11034 15:04:03.199475 getuid32()        = 0
11034 15:04:03.199500 open("/etc/passwd", O_RDONLY|0x80000 /* O_??? */) = 5
11034 15:04:03.199524 _llseek(5, 0, [0], SEEK_CUR) = 0
11034 15:04:03.199544 fstat64(5, {st_mode=S_IFREG|0644, st_size=1624, ...}) = 0
11034 15:04:03.199573 mmap2(NULL, 1624, PROT_READ, MAP_SHARED, 5, 0) = 0xb7f9a000
11034 15:04:03.199593 _llseek(5, 1624, [1624], SEEK_SET) = 0
11034 15:04:03.199621 munmap(0xb7f9a000, 1624) = 0
11034 15:04:03.199641 close(5)          = 0
11034 15:04:03.199667 setgroups32(0, []) = 0
11034 15:04:03.199686 chdir("/usr/share/empty") = 0
11034 15:04:03.199707 chroot(".")       = 0
11034 15:04:03.199725 capset(NULL, NULL) = -1 EFAULT (Bad address)
11034 15:04:03.199760 prctl(0x8, 0, 0xbff5a9f8, 0x80549a6, 0xbff5a9e0) = 0
11034 15:04:03.199781 prctl(0x8, 0x1, 0xbff5a9f8, 0x8054a49, 0xbff5a9e0) = 0
11034 15:04:03.199798 setgid32(65534)   = 0
11034 15:04:03.199814 setuid32(65534)   = 0
11034 15:04:03.199830 capset(0x19980330, 0, {CAP_NET_BIND_SERVICE, CAP_NET_BIND_SERVICE, 0}) = 0
11034 15:04:03.199853 read(4, "\n", 1)  = 1
11034 15:04:03.199875 write(4, "\1", 1) = 1
11036 15:04:03.199894 <... read resumed> "\1", 1) = 1
11036 15:04:03.199906 write(5, "\f", 1) = 1
11036 15:04:03.199923 read(5,  <unfinished ...>
11034 15:04:03.199934 read(4, "\f", 1)  = 1
11034 15:04:03.199955 socket(PF_INET, SOCK_STREAM, IPPROTO_TCP) = 5
11034 15:04:03.199977 setsockopt(5, SOL_SOCKET, SO_REUSEADDR, [1], 4) = 0
11034 15:04:03.199996 gettimeofday({1495652643, 200002}, NULL) = 0
11034 15:04:03.200023 bind(5, {sa_family=AF_INET, sin_port=htons(28303), sin_addr=inet_addr("127.0.0.1")}, 16) = 0
11034 15:04:03.200050 listen(5, 1)      = 0
11034 15:04:03.200072 write(4, "\217n\0\0", 4) = 4
11036 15:04:03.200090 <... read resumed> "\217n\0\0", 4) = 4
11036 15:04:03.200113 write(0, "227 Entering Passive Mode (127,0,0,1,110,143).\r\n", 48) = 48
11036 15:04:03.200312 rt_sigaction(SIGALRM, {0x805cad0, ~[RTMIN RT_1], 0}, NULL, 8) = 0
11036 15:04:03.200342 alarm(300)        = 300
11036 15:04:03.200361 recv(0, "STOR myfile40\r\n", 4096, MSG_PEEK) = 15
11036 15:04:03.200382 read(0, "STOR myfile40\r\n", 15) = 15
11036 15:04:03.200407 write(5, "\v", 1) = 1
11036 15:04:03.200424 read(5,  <unfinished ...>
11034 15:04:03.200436 read(4, "\v", 1)  = 1
11034 15:04:03.200455 write(4, "\1\0\0\0", 4) = 4
11036 15:04:03.200472 <... read resumed> "\1\0\0\0", 4) = 4
11036 15:04:03.200486 gettimeofday({1495652643, 200492}, NULL) = 0
11036 15:04:03.200504 getcwd("/home/msfadmin", 4096) = 15
11036 15:04:03.200524 open("myfile40", O_WRONLY|O_CREAT|O_NONBLOCK|O_LARGEFILE, 0666) = 4
11036 15:04:03.200546 fstat64(4, {st_mode=S_IFREG|0644, st_size=17, ...}) = 0
11036 15:04:03.200583 fcntl64(4, F_GETFL) = 0x8801 (flags O_WRONLY|O_NONBLOCK|O_LARGEFILE)
11036 15:04:03.200601 fcntl64(4, F_SETFL, O_WRONLY|O_LARGEFILE) = 0
11036 15:04:03.200618 fcntl64(4, F_SETLKW64, {type=F_WRLCK, whence=SEEK_SET, start=0, len=0}, 0xbff5a944) = 0
11036 15:04:03.200645 ftruncate64(4, 0) = 0
11036 15:04:03.200675 _llseek(4, 0, [0], SEEK_SET) = 0
11036 15:04:03.200693 write(5, "\v", 1) = 1
11036 15:04:03.200709 read(5,  <unfinished ...>
11034 15:04:03.200721 read(4, "\v", 1)  = 1
11034 15:04:03.200758 write(4, "\1\0\0\0", 4) = 4
11036 15:04:03.200778 <... read resumed> "\1\0\0\0", 4) = 4
11036 15:04:03.200790 write(5, "\v", 1) = 1
11036 15:04:03.200807 read(5,  <unfinished ...>
11034 15:04:03.200818 read(4, "\v", 1)  = 1
11034 15:04:03.200835 write(4, "\1\0\0\0", 4) = 4
11036 15:04:03.200852 <... read resumed> "\1\0\0\0", 4) = 4
11036 15:04:03.200865 write(5, "\r", 1) = 1
11036 15:04:03.200881 read(5,  <unfinished ...>
11034 15:04:03.200892 read(4, "\r", 1)  = 1
11034 15:04:03.200913 select(6, [5], NULL, NULL, {60, 0}) = 1 (in [5], left {60, 0})
11034 15:04:03.200941 accept(5, {sa_family=AF_INET, sin_port=htons(37947), sin_addr=inet_addr("127.0.0.1")}, [16]) = 6
11034 15:04:03.200978 write(4, "\1", 1) = 1
11036 15:04:03.200996 <... read resumed> "\1", 1) = 1
11036 15:04:03.201011 recvmsg(5,  <unfinished ...>
11034 15:04:03.201027 sendmsg(4, {msg_name(0)=NULL, msg_iov(1)=[{"\0", 1}], msg_controllen=16, {cmsg_len=16, cmsg_level=SOL_SOCKET, cmsg_type=SCM_RIGHTS, {6}}, msg_flags=0}, 0) = 1
11036 15:04:03.201055 <... recvmsg resumed> {msg_name(0)=NULL, msg_iov(1)=[{"\0", 1}], msg_controllen=16, {cmsg_len=16, cmsg_level=SOL_SOCKET, cmsg_type=SCM_RIGHTS, {6}}, msg_flags=0}, 0) = 1
11036 15:04:03.201077 setsockopt(6, SOL_SOCKET, SO_KEEPALIVE, [1], 4) = 0
11036 15:04:03.201097 setsockopt(6, SOL_IP, IP_TOS, [8], 4) = 0
11036 15:04:03.201117 setsockopt(6, SOL_SOCKET, SO_LINGER, {onoff=1, linger=32767}, 8) = 0
11036 15:04:03.201135 rt_sigaction(SIGALRM, {0x805cad0, ~[RTMIN RT_1], 0}, NULL, 8) = 0
11036 15:04:03.201157 alarm(300)        = 300
11036 15:04:03.201177 write(0, "150 Ok to send data.\r\n", 22) = 22
11036 15:04:03.201304 mmap2(NULL, 77824, PROT_READ|PROT_WRITE, MAP_PRIVATE|MAP_ANONYMOUS, -1, 0) = 0xb7dcf000
11036 15:04:03.201328 mprotect(0xb7de1000, 4096, PROT_NONE) = 0
11036 15:04:03.201348 mprotect(0xb7dcf000, 4096, PROT_NONE) = 0
11036 15:04:03.201365 read(6, "assasaaa\na\na\na\na\n", 65536) = 17
11036 15:04:03.201387 write(4, "assasaaa\na\na\na\na\n", 17) = 17
11036 15:04:03.201414 read(6, "", 65536) = 0
11036 15:04:03.201431 rt_sigaction(SIGALRM, {0x805cad0, ~[RTMIN RT_1], 0}, NULL, 8) = 0
11036 15:04:03.201453 alarm(300)        = 300
11036 15:04:03.201469 close(6)          = 0
11036 15:04:03.201485 alarm(0)          = 300
11036 15:04:03.201500 gettimeofday({1495652643, 201506}, NULL) = 0
11036 15:04:03.201530 getpid()          = 11036
11036 15:04:03.201549 gettimeofday({1495652643, 201555}, NULL) = 0
11036 15:04:03.201583 fcntl64(3, F_SETLKW64, {type=F_WRLCK, whence=SEEK_SET, start=0, len=0}, 0xbff5a8e4) = 0
11036 15:04:03.201609 write(3, "Wed May 24 15:04:03 2017 [pid 11036] [msfadmin] OK UPLOAD: Client \"127.0.0.1\", \"/home/msfadmin/myfile40\", 17 bytes, 15.62Kbyte/sec\n", 131) = 131
11036 15:04:03.201642 fcntl64(3, F_SETLK64, {type=F_UNLCK, whence=SEEK_SET, start=0, len=0}, 0xbff5a8ec) = 0
11036 15:04:03.201666 write(0, "226 Transfer complete.\r\n", 24) = 24
11036 15:04:03.201761 write(5, "\n", 1) = 1
11036 15:04:03.201783 read(5,  <unfinished ...>
11034 15:04:03.201795 close(6)          = 0
11034 15:04:03.201826 read(4, "\n", 1)  = 1
11034 15:04:03.201846 close(5)          = 0
11034 15:04:03.201864 write(4, "\1", 1) = 1
11036 15:04:03.201882 <... read resumed> "\1", 1) = 1
11036 15:04:03.201894 close(4)          = 0
11036 15:04:03.201912 rt_sigaction(SIGALRM, {0x805cad0, ~[RTMIN RT_1], 0}, NULL, 8) = 0
11036 15:04:03.201933 alarm(300)        = 0
11036 15:04:03.201952 recv(0,  <unfinished ...>
11034 15:04:03.201964 read(4,  <unfinished ...>
11036 15:04:03.718716 <... recv resumed> "TYPE I\r\n", 4096, MSG_PEEK) = 8
11036 15:04:03.718826 read(0, "TYPE I\r\n", 8) = 8
11036 15:04:03.718909 write(0, "200 Switching to Binary mode.\r\n", 31) = 31
11036 15:04:03.719089 rt_sigaction(SIGALRM, {0x805cad0, ~[RTMIN RT_1], 0}, NULL, 8) = 0
11036 15:04:03.719281 alarm(300)        = 299
11036 15:04:03.719342 recv(0, "PASV\r\n", 4096, MSG_PEEK) = 6
11036 15:04:03.719395 read(0, "PASV\r\n", 6) = 6
11036 15:04:03.719448 write(5, "\n", 1) = 1
11036 15:04:03.719499 read(5,  <unfinished ...>
11034 15:04:03.719532 <... read resumed> "\n", 1) = 1
11034 15:04:03.719568 write(4, "\1", 1) = 1
11036 15:04:03.719614 <... read resumed> "\1", 1) = 1
11036 15:04:03.719646 write(5, "\f", 1) = 1
11036 15:04:03.719690 read(5,  <unfinished ...>
11034 15:04:03.719719 read(4, "\f", 1)  = 1
11034 15:04:03.719769 socket(PF_INET, SOCK_STREAM, IPPROTO_TCP) = 5
11034 15:04:03.719830 setsockopt(5, SOL_SOCKET, SO_REUSEADDR, [1], 4) = 0
11034 15:04:03.719888 bind(5, {sa_family=AF_INET, sin_port=htons(60191), sin_addr=inet_addr("127.0.0.1")}, 16) = 0
11034 15:04:03.719953 listen(5, 1)      = 0
11034 15:04:03.720008 write(4, "\37\353\0\0", 4) = 4
11036 15:04:03.720056 <... read resumed> "\37\353\0\0", 4) = 4
11036 15:04:03.720109 write(0, "227 Entering Passive Mode (127,0,0,1,235,31).\r\n", 47) = 47
11036 15:04:03.720592 rt_sigaction(SIGALRM, {0x805cad0, ~[RTMIN RT_1], 0}, NULL, 8) = 0
11036 15:04:03.720665 alarm(300)        = 300
11036 15:04:03.720715 recv(0, "STOR myfile0\r\n", 4096, MSG_PEEK) = 14
11036 15:04:03.720769 read(0, "STOR myfile0\r\n", 14) = 14
11036 15:04:03.720827 write(5, "\v", 1) = 1
11036 15:04:03.720873 read(5,  <unfinished ...>
11034 15:04:03.720904 read(4, "\v", 1)  = 1
11034 15:04:03.720952 write(4, "\1\0\0\0", 4) = 4
11036 15:04:03.720999 <... read resumed> "\1\0\0\0", 4) = 4
11036 15:04:03.721033 gettimeofday({1495652643, 721049}, NULL) = 0
11036 15:04:03.721080 getcwd("/home/msfadmin", 4096) = 15
11036 15:04:03.721321 open("myfile0", O_WRONLY|O_CREAT|O_NONBLOCK|O_LARGEFILE, 0666) = 4
11036 15:04:03.721379 fstat64(4, {st_mode=S_IFREG|0644, st_size=17, ...}) = 0
11036 15:04:03.721454 fcntl64(4, F_GETFL) = 0x8801 (flags O_WRONLY|O_NONBLOCK|O_LARGEFILE)
11036 15:04:03.721502 fcntl64(4, F_SETFL, O_WRONLY|O_LARGEFILE) = 0
11036 15:04:03.721546 fcntl64(4, F_SETLKW64, {type=F_WRLCK, whence=SEEK_SET, start=0, len=0}, 0xbff5a944) = 0
11036 15:04:03.721731 ftruncate64(4, 0) = 0
11036 15:04:03.721815 _llseek(4, 0, [0], SEEK_SET) = 0
11036 15:04:03.721889 write(5, "\v", 1) = 1
11036 15:04:03.721939 read(5,  <unfinished ...>
11034 15:04:03.721971 read(4, "\v", 1)  = 1
11034 15:04:03.722210 write(4, "\1\0\0\0", 4) = 4
11036 15:04:03.722292 <... read resumed> "\1\0\0\0", 4) = 4
11036 15:04:03.722327 write(5, "\v", 1) = 1
11036 15:04:03.722371 read(5,  <unfinished ...>
11034 15:04:03.722401 read(4, "\v", 1)  = 1
11034 15:04:03.722448 write(4, "\1\0\0\0", 4) = 4
11036 15:04:03.722492 <... read resumed> "\1\0\0\0", 4) = 4
11036 15:04:03.722525 write(5, "\r", 1) = 1
11036 15:04:03.722568 read(5,  <unfinished ...>
11034 15:04:03.722596 read(4, "\r", 1)  = 1
11034 15:04:03.722647 select(6, [5], NULL, NULL, {60, 0}) = 1 (in [5], left {60, 0})
11034 15:04:03.722716 accept(5, {sa_family=AF_INET, sin_port=htons(45897), sin_addr=inet_addr("127.0.0.1")}, [16]) = 6
11034 15:04:03.722813 write(4, "\1", 1) = 1
11036 15:04:03.722859 <... read resumed> "\1", 1) = 1
11036 15:04:03.722897 recvmsg(5,  <unfinished ...>
11034 15:04:03.722951 sendmsg(4, {msg_name(0)=NULL, msg_iov(1)=[{"\0", 1}], msg_controllen=16, {cmsg_len=16, cmsg_level=SOL_SOCKET, cmsg_type=SCM_RIGHTS, {6}}, msg_flags=0}, 0) = 1
11036 15:04:03.723033 <... recvmsg resumed> {msg_name(0)=NULL, msg_iov(1)=[{"\0", 1}], msg_controllen=16, {cmsg_len=16, cmsg_level=SOL_SOCKET, cmsg_type=SCM_RIGHTS, {6}}, msg_flags=0}, 0) = 1
11036 15:04:03.723091 setsockopt(6, SOL_SOCKET, SO_KEEPALIVE, [1], 4) = 0
11036 15:04:03.723229 setsockopt(6, SOL_IP, IP_TOS, [8], 4) = 0
11036 15:04:03.723298 setsockopt(6, SOL_SOCKET, SO_LINGER, {onoff=1, linger=32767}, 8) = 0
11036 15:04:03.723348 rt_sigaction(SIGALRM, {0x805cad0, ~[RTMIN RT_1], 0}, NULL, 8) = 0
11036 15:04:03.723429 alarm(300)        = 300
11036 15:04:03.723489 write(0, "150 Ok to send data.\r\n", 22) = 22
11036 15:04:03.723789 read(6, "assasaaa\na\na\na\na\n", 65536) = 17
11036 15:04:03.723852 write(4, "assasaaa\na\na\na\na\n", 17) = 17
11036 15:04:03.723919 read(6, "", 65536) = 0
11036 15:04:03.723964 rt_sigaction(SIGALRM, {0x805cad0, ~[RTMIN RT_1], 0}, NULL, 8) = 0
11036 15:04:03.724024 alarm(300)        = 300
11036 15:04:03.724066 close(6)          = 0
11036 15:04:03.724151 alarm(0)          = 300
11036 15:04:03.724205 gettimeofday({1495652643, 724221}, NULL) = 0
11036 15:04:03.724271 gettimeofday({1495652643, 724288}, NULL) = 0
11036 15:04:03.724326 fcntl64(3, F_SETLKW64, {type=F_WRLCK, whence=SEEK_SET, start=0, len=0}, 0xbff5a8e4) = 0
11036 15:04:03.724390 write(3, "Wed May 24 15:04:03 2017 [pid 11036] [msfadmin] OK UPLOAD: Client \"127.0.0.1\", \"/home/msfadmin/myfile0\", 17 bytes, 5.13Kbyte/sec\n", 129) = 129
11036 15:04:03.724479 fcntl64(3, F_SETLK64, {type=F_UNLCK, whence=SEEK_SET, start=0, len=0}, 0xbff5a8ec) = 0
11036 15:04:03.724541 write(0, "226 Transfer complete.\r\n", 24) = 24
11036 15:04:03.724821 write(5, "\n", 1) = 1
11036 15:04:03.724879 read(5,  <unfinished ...>
11034 15:04:03.724909 close(6)          = 0
11034 15:04:03.724991 read(4, "\n", 1)  = 1
11034 15:04:03.725096 close(5)          = 0
11034 15:04:03.725163 write(4, "\1", 1) = 1
11036 15:04:03.725215 <... read resumed> "\1", 1) = 1
11036 15:04:03.725246 close(4)          = 0
11036 15:04:03.725295 rt_sigaction(SIGALRM, {0x805cad0, ~[RTMIN RT_1], 0}, NULL, 8) = 0
11036 15:04:03.725353 alarm(300)        = 0
11036 15:04:03.725401 recv(0,  <unfinished ...>
11034 15:04:03.725433 read(4,  <unfinished ...>
11036 15:04:04.259527 <... recv resumed> "TYPE I\r\n", 4096, MSG_PEEK) = 8
11036 15:04:04.259805 read(0, "TYPE I\r\n", 8) = 8
11036 15:04:04.260071 write(0, "200 Switching to Binary mode.\r\n", 31) = 31
11036 15:04:04.260531 rt_sigaction(SIGALRM, {0x805cad0, ~[RTMIN RT_1], 0}, NULL, 8) = 0
11036 15:04:04.260661 alarm(300)        = 299
11036 15:04:04.260731 recv(0, "PASV\r\n", 4096, MSG_PEEK) = 6
11036 15:04:04.260784 read(0, "PASV\r\n", 6) = 6
11036 15:04:04.260838 write(5, "\n", 1) = 1
11036 15:04:04.260889 read(5,  <unfinished ...>
11034 15:04:04.260921 <... read resumed> "\n", 1) = 1
11034 15:04:04.260956 write(4, "\1", 1) = 1
11036 15:04:04.261002 <... read resumed> "\1", 1) = 1
11036 15:04:04.261034 write(5, "\f", 1) = 1
11036 15:04:04.261076 read(5,  <unfinished ...>
11034 15:04:04.261105 read(4, "\f", 1)  = 1
11034 15:04:04.261156 socket(PF_INET, SOCK_STREAM, IPPROTO_TCP) = 5
11034 15:04:04.261217 setsockopt(5, SOL_SOCKET, SO_REUSEADDR, [1], 4) = 0
11034 15:04:04.261321 bind(5, {sa_family=AF_INET, sin_port=htons(44173), sin_addr=inet_addr("127.0.0.1")}, 16) = 0
11034 15:04:04.261391 listen(5, 1)      = 0
11034 15:04:04.261446 write(4, "\215\254\0\0", 4) = 4
11036 15:04:04.261496 <... read resumed> "\215\254\0\0", 4) = 4
11036 15:04:04.261549 write(0, "227 Entering Passive Mode (127,0,0,1,172,141).\r\n", 48) = 48
11036 15:04:04.261961 rt_sigaction(SIGALRM, {0x805cad0, ~[RTMIN RT_1], 0}, NULL, 8) = 0
11036 15:04:04.262035 alarm(300)        = 300
11036 15:04:04.262085 recv(0, "STOR myfile1\r\n", 4096, MSG_PEEK) = 14
11036 15:04:04.262138 read(0, "STOR myfile1\r\n", 14) = 14
11036 15:04:04.262196 write(5, "\v", 1) = 1
11036 15:04:04.262298 read(5,  <unfinished ...>
11034 15:04:04.262334 read(4, "\v", 1)  = 1
11034 15:04:04.262385 write(4, "\1\0\0\0", 4) = 4
11036 15:04:04.262432 <... read resumed> "\1\0\0\0", 4) = 4
11036 15:04:04.262467 gettimeofday({1495652644, 262483}, NULL) = 0
11036 15:04:04.262514 getcwd("/home/msfadmin", 4096) = 15
11036 15:04:04.262567 open("myfile1", O_WRONLY|O_CREAT|O_NONBLOCK|O_LARGEFILE, 0666) = 4
11036 15:04:04.262625 fstat64(4, {st_mode=S_IFREG|0644, st_size=17, ...}) = 0
11036 15:04:04.262699 fcntl64(4, F_GETFL) = 0x8801 (flags O_WRONLY|O_NONBLOCK|O_LARGEFILE)
11036 15:04:04.262748 fcntl64(4, F_SETFL, O_WRONLY|O_LARGEFILE) = 0
11036 15:04:04.262791 fcntl64(4, F_SETLKW64, {type=F_WRLCK, whence=SEEK_SET, start=0, len=0}, 0xbff5a944) = 0
11036 15:04:04.262873 ftruncate64(4, 0) = 0
11036 15:04:04.262941 _llseek(4, 0, [0], SEEK_SET) = 0
11036 15:04:04.262989 write(5, "\v", 1) = 1
11036 15:04:04.263033 read(5,  <unfinished ...>
11034 15:04:04.263064 read(4, "\v", 1)  = 1
11034 15:04:04.263111 write(4, "\1\0\0\0", 4) = 4
11036 15:04:04.263158 <... read resumed> "\1\0\0\0", 4) = 4
11036 15:04:04.263238 write(5, "\v", 1) = 1
11036 15:04:04.263294 read(5,  <unfinished ...>
11034 15:04:04.263324 read(4, "\v", 1)  = 1
11034 15:04:04.263371 write(4, "\1\0\0\0", 4) = 4
11036 15:04:04.263417 <... read resumed> "\1\0\0\0", 4) = 4
11036 15:04:04.263449 write(5, "\r", 1) = 1
11036 15:04:04.263492 read(5,  <unfinished ...>
11034 15:04:04.263520 read(4, "\r", 1)  = 1
11034 15:04:04.263570 select(6, [5], NULL, NULL, {60, 0}) = 1 (in [5], left {60, 0})
11034 15:04:04.263639 accept(5, {sa_family=AF_INET, sin_port=htons(42429), sin_addr=inet_addr("127.0.0.1")}, [16]) = 6
11034 15:04:04.263734 write(4, "\1", 1) = 1
11036 15:04:04.263780 <... read resumed> "\1", 1) = 1
11036 15:04:04.263816 recvmsg(5,  <unfinished ...>
11034 15:04:04.263852 sendmsg(4, {msg_name(0)=NULL, msg_iov(1)=[{"\0", 1}], msg_controllen=16, {cmsg_len=16, cmsg_level=SOL_SOCKET, cmsg_type=SCM_RIGHTS, {6}}, msg_flags=0}, 0) = 1
11036 15:04:04.263926 <... recvmsg resumed> {msg_name(0)=NULL, msg_iov(1)=[{"\0", 1}], msg_controllen=16, {cmsg_len=16, cmsg_level=SOL_SOCKET, cmsg_type=SCM_RIGHTS, {6}}, msg_flags=0}, 0) = 1
11036 15:04:04.263983 setsockopt(6, SOL_SOCKET, SO_KEEPALIVE, [1], 4) = 0
11036 15:04:04.264036 setsockopt(6, SOL_IP, IP_TOS, [8], 4) = 0
11036 15:04:04.264086 setsockopt(6, SOL_SOCKET, SO_LINGER, {onoff=1, linger=32767}, 8) = 0
11036 15:04:04.264134 rt_sigaction(SIGALRM, {0x805cad0, ~[RTMIN RT_1], 0}, NULL, 8) = 0
11036 15:04:04.264245 alarm(300)        = 300
11036 15:04:04.264304 write(0, "150 Ok to send data.\r\n", 22) = 22
11036 15:04:04.264573 read(6, "assasaaa\na\na\na\na\n", 65536) = 17
11036 15:04:04.264635 write(4, "assasaaa\na\na\na\na\n", 17) = 17
11036 15:04:04.264696 read(6, "", 65536) = 0
11036 15:04:04.264752 rt_sigaction(SIGALRM, {0x805cad0, ~[RTMIN RT_1], 0}, NULL, 8) = 0
11036 15:04:04.264813 alarm(300)        = 300
11034 15:04:04.264860 close(6 <unfinished ...>
11036 15:04:04.264886 close(6 <unfinished ...>
11034 15:04:04.264910 <... close resumed> ) = 0
11036 15:04:04.264972 <... close resumed> ) = 0
11034 15:04:04.265070 read(4,  <unfinished ...>
11036 15:04:04.265102 alarm(0)          = 300
11036 15:04:04.265145 gettimeofday({1495652644, 265160}, NULL) = 0
11036 15:04:04.265210 gettimeofday({1495652644, 265227}, NULL) = 0
11036 15:04:04.265266 fcntl64(3, F_SETLKW64, {type=F_WRLCK, whence=SEEK_SET, start=0, len=0}, 0xbff5a8e4) = 0
11036 15:04:04.265328 write(3, "Wed May 24 15:04:04 2017 [pid 11036] [msfadmin] OK UPLOAD: Client \"127.0.0.1\", \"/home/msfadmin/myfile1\", 17 bytes, 6.05Kbyte/sec\n", 129) = 129
11036 15:04:04.265416 fcntl64(3, F_SETLK64, {type=F_UNLCK, whence=SEEK_SET, start=0, len=0}, 0xbff5a8ec) = 0
11036 15:04:04.265479 write(0, "226 Transfer complete.\r\n", 24) = 24
11036 15:04:04.265658 write(5, "\n", 1) = 1
11034 15:04:04.265711 <... read resumed> "\n", 1) = 1
11034 15:04:04.265741 close(5)          = 0
11034 15:04:04.265792 write(4, "\1", 1) = 1
11034 15:04:04.265839 read(4,  <unfinished ...>
11036 15:04:04.265870 read(5, "\1", 1)  = 1
11036 15:04:04.265918 close(4)          = 0
11036 15:04:04.266033 rt_sigaction(SIGALRM, {0x805cad0, ~[RTMIN RT_1], 0}, NULL, 8) = 0
11036 15:04:04.266101 alarm(300)        = 0
11036 15:04:04.266149 recv(0, "TYPE I\r\n", 4096, MSG_PEEK) = 8
11036 15:04:04.808676 read(0, "TYPE I\r\n", 8) = 8
11036 15:04:04.808783 write(0, "200 Switching to Binary mode.\r\n", 31) = 31
11036 15:04:04.808973 rt_sigaction(SIGALRM, {0x805cad0, ~[RTMIN RT_1], 0}, NULL, 8) = 0
11036 15:04:04.809051 alarm(300)        = 299
11036 15:04:04.809157 recv(0, "PASV\r\n", 4096, MSG_PEEK) = 6
11036 15:04:04.809213 read(0, "PASV\r\n", 6) = 6
11036 15:04:04.809266 write(5, "\n", 1 <unfinished ...>
11034 15:04:04.809334 <... read resumed> "\n", 1) = 1
11036 15:04:04.809357 <... write resumed> ) = 1
11034 15:04:04.809387 write(4, "\1", 1) = 1
11034 15:04:04.809434 read(4,  <unfinished ...>
11036 15:04:04.809465 read(5, "\1", 1)  = 1
11036 15:04:04.809515 write(5, "\f", 1 <unfinished ...>
11034 15:04:04.809545 <... read resumed> "\f", 1) = 1
11036 15:04:04.809605 <... write resumed> ) = 1
11034 15:04:04.809642 socket(PF_INET, SOCK_STREAM, IPPROTO_TCP) = 5
11034 15:04:04.809704 setsockopt(5, SOL_SOCKET, SO_REUSEADDR, [1], 4) = 0
11034 15:04:04.809763 bind(5, {sa_family=AF_INET, sin_port=htons(44204), sin_addr=inet_addr("127.0.0.1")}, 16) = 0
11034 15:04:04.809830 listen(5, 1)      = 0
11034 15:04:04.809887 write(4, "\254\254\0\0", 4) = 4
11034 15:04:04.809937 read(4,  <unfinished ...>
11036 15:04:04.809967 read(5, "\254\254\0\0", 4) = 4
11036 15:04:04.810036 write(0, "227 Entering Passive Mode (127,0,0,1,172,172).\r\n", 48) = 48
11036 15:04:04.810496 rt_sigaction(SIGALRM, {0x805cad0, ~[RTMIN RT_1], 0}, NULL, 8) = 0
11036 15:04:04.810642 alarm(300)        = 300
11036 15:04:04.810699 recv(0, "STOR myfile2\r\n", 4096, MSG_PEEK) = 14
11036 15:04:04.810755 read(0, "STOR myfile2\r\n", 14) = 14
11036 15:04:04.810814 write(5, "\v", 1 <unfinished ...>
11034 15:04:04.810850 <... read resumed> "\v", 1) = 1
11036 15:04:04.810871 <... write resumed> ) = 1
11034 15:04:04.810899 write(4, "\1\0\0\0", 4) = 4
11034 15:04:04.810947 read(4,  <unfinished ...>
11036 15:04:04.810976 read(5, "\1\0\0\0", 4) = 4
11036 15:04:04.811026 gettimeofday({1495652644, 811076}, NULL) = 0
11036 15:04:04.811116 getcwd("/home/msfadmin", 4096) = 15
11036 15:04:04.811172 open("myfile2", O_WRONLY|O_CREAT|O_NONBLOCK|O_LARGEFILE, 0666) = 4
11036 15:04:04.811230 fstat64(4, {st_mode=S_IFREG|0644, st_size=17, ...}) = 0
11036 15:04:04.811304 fcntl64(4, F_GETFL) = 0x8801 (flags O_WRONLY|O_NONBLOCK|O_LARGEFILE)
11036 15:04:04.811353 fcntl64(4, F_SETFL, O_WRONLY|O_LARGEFILE) = 0
11036 15:04:04.811396 fcntl64(4, F_SETLKW64, {type=F_WRLCK, whence=SEEK_SET, start=0, len=0}, 0xbff5a944) = 0
11036 15:04:04.811455 ftruncate64(4, 0) = 0
11036 15:04:04.811529 _llseek(4, 0, [0], SEEK_SET) = 0
11036 15:04:04.811620 write(5, "\v", 1 <unfinished ...>
11034 15:04:04.811657 <... read resumed> "\v", 1) = 1
11036 15:04:04.811678 <... write resumed> ) = 1
11034 15:04:04.811705 write(4, "\1\0\0\0", 4) = 4
11034 15:04:04.811753 read(4,  <unfinished ...>
11036 15:04:04.811783 read(5, "\1\0\0\0", 4) = 4
11036 15:04:04.811832 write(5, "\v", 1 <unfinished ...>
11034 15:04:04.811862 <... read resumed> "\v", 1) = 1
11036 15:04:04.811881 <... write resumed> ) = 1
11034 15:04:04.811907 write(4, "\1\0\0\0", 4) = 4
11034 15:04:04.811953 read(4,  <unfinished ...>
11036 15:04:04.811981 read(5, "\1\0\0\0", 4) = 4
11036 15:04:04.812030 write(5, "\r", 1 <unfinished ...>
11034 15:04:04.812101 <... read resumed> "\r", 1) = 1
11036 15:04:04.812122 <... write resumed> ) = 1
11034 15:04:04.812152 select(6, [5], NULL, NULL, {60, 0}) = 1 (in [5], left {60, 0})
11034 15:04:04.812220 accept(5, {sa_family=AF_INET, sin_port=htons(59891), sin_addr=inet_addr("127.0.0.1")}, [16]) = 6
11034 15:04:04.812315 write(4, "\1", 1) = 1
11034 15:04:04.812367 sendmsg(4, {msg_name(0)=NULL, msg_iov(1)=[{"\0", 1}], msg_controllen=16, {cmsg_len=16, cmsg_level=SOL_SOCKET, cmsg_type=SCM_RIGHTS, {6}}, msg_flags=0}, 0) = 1
11034 15:04:04.812440 close(6)          = 0
11034 15:04:04.812486 read(4,  <unfinished ...>
11036 15:04:04.812515 read(5, "\1", 1)  = 1
11036 15:04:04.812614 recvmsg(5, {msg_name(0)=NULL, msg_iov(1)=[{"\0", 1}], msg_controllen=16, {cmsg_len=16, cmsg_level=SOL_SOCKET, cmsg_type=SCM_RIGHTS, {6}}, msg_flags=0}, 0) = 1
11036 15:04:04.812697 setsockopt(6, SOL_SOCKET, SO_KEEPALIVE, [1], 4) = 0
11036 15:04:04.812750 setsockopt(6, SOL_IP, IP_TOS, [8], 4) = 0
11036 15:04:04.812800 setsockopt(6, SOL_SOCKET, SO_LINGER, {onoff=1, linger=32767}, 8) = 0
11036 15:04:04.812848 rt_sigaction(SIGALRM, {0x805cad0, ~[RTMIN RT_1], 0}, NULL, 8) = 0
11036 15:04:04.812906 alarm(300)        = 300
11036 15:04:04.812961 write(0, "150 Ok to send data.\r\n", 22) = 22
11036 15:04:04.813290 read(6, "assasaaa\na\na\na\na\n", 65536) = 17
11036 15:04:04.813354 write(4, "assasaaa\na\na\na\na\n", 17) = 17
11036 15:04:04.813423 read(6, "", 65536) = 0
11036 15:04:04.813468 rt_sigaction(SIGALRM, {0x805cad0, ~[RTMIN RT_1], 0}, NULL, 8) = 0
11036 15:04:04.813572 alarm(300)        = 300
11036 15:04:04.813623 close(6)          = 0
11036 15:04:04.813701 alarm(0)          = 300
11036 15:04:04.813744 gettimeofday({1495652644, 813760}, NULL) = 0
11036 15:04:04.813809 gettimeofday({1495652644, 813825}, NULL) = 0
11036 15:04:04.813864 fcntl64(3, F_SETLKW64, {type=F_WRLCK, whence=SEEK_SET, start=0, len=0}, 0xbff5a8e4) = 0
11036 15:04:04.813926 write(3, "Wed May 24 15:04:04 2017 [pid 11036] [msfadmin] OK UPLOAD: Client \"127.0.0.1\", \"/home/msfadmin/myfile2\", 17 bytes, 6.04Kbyte/sec\n", 129) = 129
11036 15:04:04.814062 fcntl64(3, F_SETLK64, {type=F_UNLCK, whence=SEEK_SET, start=0, len=0}, 0xbff5a8ec) = 0
11036 15:04:04.814143 write(0, "226 Transfer complete.\r\n", 24) = 24
11036 15:04:04.814322 write(5, "\n", 1 <unfinished ...>
11034 15:04:04.814364 <... read resumed> "\n", 1) = 1
11036 15:04:04.814386 <... write resumed> ) = 1
11034 15:04:04.814412 close(5)          = 0
11034 15:04:04.814463 write(4, "\1", 1) = 1
11034 15:04:04.814583 read(4,  <unfinished ...>
11036 15:04:04.814633 read(5, "\1", 1)  = 1
11036 15:04:04.814685 close(4)          = 0
11036 15:04:04.814735 rt_sigaction(SIGALRM, {0x805cad0, ~[RTMIN RT_1], 0}, NULL, 8) = 0
11036 15:04:04.814793 alarm(300)        = 0
11036 15:04:04.814840 recv(0, "TYPE I\r\n", 4096, MSG_PEEK) = 8
11036 15:04:05.359390 read(0, "TYPE I\r\n", 8) = 8
11036 15:04:05.359663 write(0, "200 Switching to Binary mode.\r\n", 31) = 31
11036 15:04:05.360001 rt_sigaction(SIGALRM, {0x805cad0, ~[RTMIN RT_1], 0}, NULL, 8) = 0
11036 15:04:05.360079 alarm(300)        = 299
11036 15:04:05.360132 recv(0, "PASV\r\n", 4096, MSG_PEEK) = 6
11036 15:04:05.360183 read(0, "PASV\r\n", 6) = 6
11036 15:04:05.360235 write(5, "\n", 1 <unfinished ...>
11034 15:04:05.360276 <... read resumed> "\n", 1) = 1
11036 15:04:05.360298 <... write resumed> ) = 1
11034 15:04:05.360327 write(4, "\1", 1) = 1
11034 15:04:05.360373 read(4,  <unfinished ...>
11036 15:04:05.360404 read(5, "\1", 1)  = 1
11036 15:04:05.360454 write(5, "\f", 1 <unfinished ...>
11034 15:04:05.360484 <... read resumed> "\f", 1) = 1
11036 15:04:05.360504 <... write resumed> ) = 1
11034 15:04:05.360535 socket(PF_INET, SOCK_STREAM, IPPROTO_TCP) = 5
11034 15:04:05.360595 setsockopt(5, SOL_SOCKET, SO_REUSEADDR, [1], 4) = 0
11034 15:04:05.360653 bind(5, {sa_family=AF_INET, sin_port=htons(37747), sin_addr=inet_addr("127.0.0.1")}, 16) = 0
11034 15:04:05.360719 listen(5, 1)      = 0
11034 15:04:05.360827 write(4, "s\223\0\0", 4) = 4
11034 15:04:05.360884 read(4,  <unfinished ...>
11036 15:04:05.360914 read(5, "s\223\0\0", 4) = 4
11036 15:04:05.360983 write(0, "227 Entering Passive Mode (127,0,0,1,147,115).\r\n", 48) = 48
11036 15:04:05.361400 rt_sigaction(SIGALRM, {0x805cad0, ~[RTMIN RT_1], 0}, NULL, 8) = 0
11036 15:04:05.361472 alarm(300)        = 300
11036 15:04:05.361523 recv(0, "STOR myfile3\r\n", 4096, MSG_PEEK) = 14
11036 15:04:05.361576 read(0, "STOR myfile3\r\n", 14) = 14
11036 15:04:05.361634 write(5, "\v", 1 <unfinished ...>
11034 15:04:05.361669 <... read resumed> "\v", 1) = 1
11036 15:04:05.361690 <... write resumed> ) = 1
11034 15:04:05.361859 write(4, "\1\0\0\0", 4) = 4
11034 15:04:05.361928 read(4,  <unfinished ...>
11036 15:04:05.361960 read(5, "\1\0\0\0", 4) = 4
11036 15:04:05.362011 gettimeofday({1495652645, 362027}, NULL) = 0
11036 15:04:05.362059 getcwd("/home/msfadmin", 4096) = 15
11036 15:04:05.362113 open("myfile3", O_WRONLY|O_CREAT|O_NONBLOCK|O_LARGEFILE, 0666) = 4
11036 15:04:05.362170 fstat64(4, {st_mode=S_IFREG|0644, st_size=17, ...}) = 0
11036 15:04:05.362244 fcntl64(4, F_GETFL) = 0x8801 (flags O_WRONLY|O_NONBLOCK|O_LARGEFILE)
11036 15:04:05.362294 fcntl64(4, F_SETFL, O_WRONLY|O_LARGEFILE) = 0
11036 15:04:05.362337 fcntl64(4, F_SETLKW64, {type=F_WRLCK, whence=SEEK_SET, start=0, len=0}, 0xbff5a944) = 0
11036 15:04:05.362420 ftruncate64(4, 0) = 0
11036 15:04:05.362494 _llseek(4, 0, [0], SEEK_SET) = 0
11036 15:04:05.362542 write(5, "\v", 1 <unfinished ...>
11034 15:04:05.362575 <... read resumed> "\v", 1) = 1
11036 15:04:05.362596 <... write resumed> ) = 1
11034 15:04:05.362623 write(4, "\1\0\0\0", 4) = 4
11034 15:04:05.362711 read(4,  <unfinished ...>
11036 15:04:05.362751 read(5, "\1\0\0\0", 4) = 4
11036 15:04:05.362804 write(5, "\v", 1 <unfinished ...>
11034 15:04:05.362836 <... read resumed> "\v", 1) = 1
11036 15:04:05.362857 <... write resumed> ) = 1
11034 15:04:05.362883 write(4, "\1\0\0\0", 4) = 4
11034 15:04:05.362929 read(4,  <unfinished ...>
11036 15:04:05.362958 read(5, "\1\0\0\0", 4) = 4
11036 15:04:05.363007 write(5, "\r", 1 <unfinished ...>
11034 15:04:05.363037 <... read resumed> "\r", 1) = 1
11036 15:04:05.363057 <... write resumed> ) = 1
11034 15:04:05.363087 select(6, [5], NULL, NULL, {60, 0}) = 1 (in [5], left {60, 0})
11034 15:04:05.363156 accept(5, {sa_family=AF_INET, sin_port=htons(41637), sin_addr=inet_addr("127.0.0.1")}, [16]) = 6
11034 15:04:05.363252 write(4, "\1", 1) = 1
11034 15:04:05.363304 sendmsg(4, {msg_name(0)=NULL, msg_iov(1)=[{"\0", 1}], msg_controllen=16, {cmsg_len=16, cmsg_level=SOL_SOCKET, cmsg_type=SCM_RIGHTS, {6}}, msg_flags=0}, 0) = 1
11034 15:04:05.363375 close(6)          = 0
11034 15:04:05.363418 read(4,  <unfinished ...>
11036 15:04:05.363448 read(5, "\1", 1)  = 1
11036 15:04:05.363503 recvmsg(5, {msg_name(0)=NULL, msg_iov(1)=[{"\0", 1}], msg_controllen=16, {cmsg_len=16, cmsg_level=SOL_SOCKET, cmsg_type=SCM_RIGHTS, {6}}, msg_flags=0}, 0) = 1
11036 15:04:05.363581 setsockopt(6, SOL_SOCKET, SO_KEEPALIVE, [1], 4) = 0
11036 15:04:05.363681 setsockopt(6, SOL_IP, IP_TOS, [8], 4) = 0
11036 15:04:05.363744 setsockopt(6, SOL_SOCKET, SO_LINGER, {onoff=1, linger=32767}, 8) = 0
11036 15:04:05.363793 rt_sigaction(SIGALRM, {0x805cad0, ~[RTMIN RT_1], 0}, NULL, 8) = 0
11036 15:04:05.363852 alarm(300)        = 300
11036 15:04:05.363907 write(0, "150 Ok to send data.\r\n", 22) = 22
11036 15:04:05.364177 read(6, "assasaaa\na\na\na\na\n", 65536) = 17
11036 15:04:05.364238 write(4, "assasaaa\na\na\na\na\n", 17) = 17
11036 15:04:05.364306 read(6, "", 65536) = 0
11036 15:04:05.364351 rt_sigaction(SIGALRM, {0x805cad0, ~[RTMIN RT_1], 0}, NULL, 8) = 0
11036 15:04:05.364409 alarm(300)        = 300
11036 15:04:05.364548 close(6)          = 0
11036 15:04:05.364707 alarm(0)          = 300
11036 15:04:05.364755 gettimeofday({1495652645, 364771}, NULL) = 0
11036 15:04:05.364821 gettimeofday({1495652645, 364838}, NULL) = 0
11036 15:04:05.364877 fcntl64(3, F_SETLKW64, {type=F_WRLCK, whence=SEEK_SET, start=0, len=0}, 0xbff5a8e4) = 0
11036 15:04:05.364940 write(3, "Wed May 24 15:04:05 2017 [pid 11036] [msfadmin] OK UPLOAD: Client \"127.0.0.1\", \"/home/msfadmin/myfile3\", 17 bytes, 5.91Kbyte/sec\n", 129) = 129
11036 15:04:05.365029 fcntl64(3, F_SETLK64, {type=F_UNLCK, whence=SEEK_SET, start=0, len=0}, 0xbff5a8ec) = 0
11036 15:04:05.365092 write(0, "226 Transfer complete.\r\n", 24) = 24
11036 15:04:05.365266 write(5, "\n", 1 <unfinished ...>
11034 15:04:05.365309 <... read resumed> "\n", 1) = 1
11036 15:04:05.365330 <... write resumed> ) = 1
11034 15:04:05.365356 close(5)          = 0
11034 15:04:05.365407 write(4, "\1", 1) = 1
11034 15:04:05.365454 read(4,  <unfinished ...>
11036 15:04:05.365485 read(5, "\1", 1)  = 1
11036 15:04:05.365533 close(4)          = 0
11036 15:04:05.365639 rt_sigaction(SIGALRM, {0x805cad0, ~[RTMIN RT_1], 0}, NULL, 8) = 0
11036 15:04:05.365702 alarm(300)        = 0
11036 15:04:05.365750 recv(0,  <unfinished ...>
11031 15:04:05.433079 <... read resumed> "\n", 1) = 1
11031 15:04:05.433253 stat64(".", {st_mode=S_IFDIR|0755, st_size=4096, ...}) = 0
11031 15:04:05.433351 stat64("/sbin/nohup", 0xbfcf1638) = -1 ENOENT (No such file or directory)
11031 15:04:05.433410 stat64("/bin/nohup", 0xbfcf1638) = -1 ENOENT (No such file or directory)
11031 15:04:05.433462 stat64("/usr/sbin/nohup", 0xbfcf1638) = -1 ENOENT (No such file or directory)
11031 15:04:05.433512 stat64("/usr/bin/nohup", {st_mode=S_IFREG|0755, st_size=26336, ...}) = 0
11031 15:04:05.433617 stat64("/usr/bin/nohup", {st_mode=S_IFREG|0755, st_size=26336, ...}) = 0
11031 15:04:05.433722 rt_sigprocmask(SIG_BLOCK, [INT CHLD], [], 8) = 0
11031 15:04:05.433785 clone(child_stack=0, flags=CLONE_CHILD_CLEARTID|CLONE_CHILD_SETTID|SIGCHLD, child_tidptr=0xb7e296f8) = 11037
11037 15:04:05.434072 rt_sigprocmask(SIG_SETMASK, [], NULL, 8) = 0
11037 15:04:05.434154 rt_sigaction(SIGTSTP, {SIG_DFL}, {SIG_DFL}, 8) = 0
11037 15:04:05.434212 rt_sigaction(SIGTTIN, {SIG_DFL}, {SIG_DFL}, 8) = 0
11037 15:04:05.434265 rt_sigaction(SIGTTOU, {SIG_DFL}, {SIG_DFL}, 8) = 0
11037 15:04:05.434333 rt_sigaction(SIGINT, {SIG_DFL}, {SIG_DFL}, 8) = 0
11037 15:04:05.434405 rt_sigaction(SIGQUIT, {SIG_DFL}, {SIG_IGN}, 8) = 0
11037 15:04:05.434547 rt_sigaction(SIGCHLD, {SIG_DFL}, {0x807e540, [], 0}, 8) = 0
11037 15:04:05.434706 open("/dev/null", O_WRONLY|O_CREAT|O_TRUNC|O_LARGEFILE, 0666) = 7
11037 15:04:05.434902 dup2(7, 1)        = 1
11037 15:04:05.434974 close(7)          = 0
11037 15:04:05.435017 dup2(1, 2)        = 2
11037 15:04:05.435058 fcntl64(1, F_GETFD) = 0
11037 15:04:05.435112 execve("/usr/bin/nohup", ["nohup"], [/* 16 vars */]) = 0
11037 15:04:05.435420 brk(0)            = 0x804f000
11037 15:04:05.435503 access("/etc/ld.so.nohwcap", F_OK) = -1 ENOENT (No such file or directory)
11037 15:04:05.435571 mmap2(NULL, 8192, PROT_READ|PROT_WRITE, MAP_PRIVATE|MAP_ANONYMOUS, -1, 0) = 0xb7fbb000
11037 15:04:05.435630 access("/etc/ld.so.preload", R_OK) = -1 ENOENT (No such file or directory)
11037 15:04:05.435695 open("/etc/ld.so.cache", O_RDONLY) = 7
11037 15:04:05.435747 fstat64(7, {st_mode=S_IFREG|0644, st_size=29913, ...}) = 0
11037 15:04:05.435893 mmap2(NULL, 29913, PROT_READ, MAP_PRIVATE, 7, 0) = 0xb7fb3000
11037 15:04:05.435946 close(7)          = 0
11037 15:04:05.435994 access("/etc/ld.so.nohwcap", F_OK) = -1 ENOENT (No such file or directory)
11037 15:04:05.436063 open("/lib/tls/i686/cmov/libc.so.6", O_RDONLY) = 7
