11066 15:04:25.639924 fcntl64(4, F_SETLKW64, {type=F_WRLCK, whence=SEEK_SET, start=0, len=0}, 0xbf87a264) = 0
11066 15:04:25.639983 ftruncate64(4, 0) = 0
11066 15:04:25.640057 _llseek(4, 0, [0], SEEK_SET) = 0
11066 15:04:25.640104 write(5, "\v", 1 <unfinished ...>
11064 15:04:25.640137 <... read resumed> "\v", 1) = 1
11066 15:04:25.640157 <... write resumed> ) = 1
11064 15:04:25.640224 write(4, "\1\0\0\0", 4) = 4
11064 15:04:25.640290 read(4,  <unfinished ...>
11066 15:04:25.640336 read(5, "\1\0\0\0", 4) = 4
11066 15:04:25.640393 write(5, "\v", 1 <unfinished ...>
11064 15:04:25.640424 <... read resumed> "\v", 1) = 1
11066 15:04:25.640444 <... write resumed> ) = 1
11064 15:04:25.640470 write(4, "\1\0\0\0", 4) = 4
11064 15:04:25.640515 read(4,  <unfinished ...>
11066 15:04:25.640544 read(5, "\1\0\0\0", 4) = 4
11066 15:04:25.640592 write(5, "\r", 1 <unfinished ...>
11064 15:04:25.640622 <... read resumed> "\r", 1) = 1
11066 15:04:25.640642 <... write resumed> ) = 1
11064 15:04:25.640671 select(6, [5], NULL, NULL, {60, 0}) = 1 (in [5], left {60, 0})
11064 15:04:25.640742 accept(5, {sa_family=AF_INET, sin_port=htons(42907), sin_addr=inet_addr("127.0.0.1")}, [16]) = 6
11064 15:04:25.640839 write(4, "\1", 1) = 1
11064 15:04:25.640891 sendmsg(4, {msg_name(0)=NULL, msg_iov(1)=[{"\0", 1}], msg_controllen=16, {cmsg_len=16, cmsg_level=SOL_SOCKET, cmsg_type=SCM_RIGHTS, {6}}, msg_flags=0}, 0) = 1
11064 15:04:25.640962 close(6)          = 0
11064 15:04:25.641005 read(4,  <unfinished ...>
11066 15:04:25.641034 read(5, "\1", 1)  = 1
11066 15:04:25.641090 recvmsg(5, {msg_name(0)=NULL, msg_iov(1)=[{"\0", 1}], msg_controllen=16, {cmsg_len=16, cmsg_level=SOL_SOCKET, cmsg_type=SCM_RIGHTS, {6}}, msg_flags=0}, 0) = 1
11066 15:04:25.641205 setsockopt(6, SOL_SOCKET, SO_KEEPALIVE, [1], 4) = 0
11066 15:04:25.641268 setsockopt(6, SOL_IP, IP_TOS, [8], 4) = 0
11066 15:04:25.641320 setsockopt(6, SOL_SOCKET, SO_LINGER, {onoff=1, linger=32767}, 8) = 0
11066 15:04:25.641369 rt_sigaction(SIGALRM, {0x805cad0, ~[RTMIN RT_1], 0}, NULL, 8) = 0
11066 15:04:25.641428 alarm(300)        = 300
11066 15:04:25.641484 write(0, "150 Ok to send data.\r\n", 22) = 22
11066 15:04:25.641768 read(6, "assasaaa\na\na\na\na\n", 65536) = 17
11066 15:04:25.641829 write(4, "assasaaa\na\na\na\na\n", 17) = 17
11066 15:04:25.641911 read(6, "", 65536) = 0
11066 15:04:25.641957 rt_sigaction(SIGALRM, {0x805cad0, ~[RTMIN RT_1], 0}, NULL, 8) = 0
11066 15:04:25.642163 alarm(300)        = 300
11066 15:04:25.642214 close(6)          = 0
11066 15:04:25.642296 alarm(0)          = 300
11066 15:04:25.642340 gettimeofday({1495652665, 642355}, NULL) = 0
11066 15:04:25.642406 gettimeofday({1495652665, 642423}, NULL) = 0
11066 15:04:25.642463 fcntl64(3, F_SETLKW64, {type=F_WRLCK, whence=SEEK_SET, start=0, len=0}, 0xbf87a204) = 0
11066 15:04:25.642527 write(3, "Wed May 24 15:04:25 2017 [pid 11066] [msfadmin] OK UPLOAD: Client \"127.0.0.1\", \"/home/msfadmin/myfile37\", 17 bytes, 5.91Kbyte/sec\n", 130) = 130
11066 15:04:25.642617 fcntl64(3, F_SETLK64, {type=F_UNLCK, whence=SEEK_SET, start=0, len=0}, 0xbf87a20c) = 0
11066 15:04:25.642681 write(0, "226 Transfer complete.\r\n", 24) = 24
11066 15:04:25.642857 write(5, "\n", 1 <unfinished ...>
11064 15:04:25.642899 <... read resumed> "\n", 1) = 1
11066 15:04:25.642921 <... write resumed> ) = 1
11064 15:04:25.642947 close(5)          = 0
11064 15:04:25.642998 write(4, "\1", 1) = 1
11064 15:04:25.643046 read(4,  <unfinished ...>
11066 15:04:25.643134 read(5, "\1", 1)  = 1
11066 15:04:25.643195 close(4)          = 0
11066 15:04:25.643244 rt_sigaction(SIGALRM, {0x805cad0, ~[RTMIN RT_1], 0}, NULL, 8) = 0
11066 15:04:25.643302 alarm(300)        = 0
11066 15:04:25.643351 recv(0, "TYPE I\r\n", 4096, MSG_PEEK) = 8
11066 15:04:26.185658 read(0, "TYPE I\r\n", 8) = 8
11066 15:04:26.185756 write(0, "200 Switching to Binary mode.\r\n", 31) = 31
11066 15:04:26.185939 rt_sigaction(SIGALRM, {0x805cad0, ~[RTMIN RT_1], 0}, NULL, 8) = 0
11066 15:04:26.186011 alarm(300)        = 299
11066 15:04:26.186065 recv(0, "PASV\r\n", 4096, MSG_PEEK) = 6
11066 15:04:26.186161 read(0, "PASV\r\n", 6) = 6
11066 15:04:26.186238 write(5, "\n", 1 <unfinished ...>
11064 15:04:26.186280 <... read resumed> "\n", 1) = 1
11066 15:04:26.186302 <... write resumed> ) = 1
11064 15:04:26.186331 write(4, "\1", 1) = 1
11064 15:04:26.186379 read(4,  <unfinished ...>
11066 15:04:26.186410 read(5, "\1", 1)  = 1
11066 15:04:26.186459 write(5, "\f", 1 <unfinished ...>
11064 15:04:26.186490 <... read resumed> "\f", 1) = 1
11066 15:04:26.186510 <... write resumed> ) = 1
11064 15:04:26.186540 socket(PF_INET, SOCK_STREAM, IPPROTO_TCP) = 5
11064 15:04:26.186601 setsockopt(5, SOL_SOCKET, SO_REUSEADDR, [1], 4) = 0
11064 15:04:26.186659 bind(5, {sa_family=AF_INET, sin_port=htons(42710), sin_addr=inet_addr("127.0.0.1")}, 16) = 0
11064 15:04:26.186726 listen(5, 1)      = 0
11064 15:04:26.186782 write(4, "\326\246\0\0", 4) = 4
11064 15:04:26.186831 read(4,  <unfinished ...>
11066 15:04:26.186860 read(5, "\326\246\0\0", 4) = 4
11066 15:04:26.186929 write(0, "227 Entering Passive Mode (127,0,0,1,166,214).\r\n", 48) = 48
11066 15:04:26.187415 rt_sigaction(SIGALRM, {0x805cad0, ~[RTMIN RT_1], 0}, NULL, 8) = 0
11066 15:04:26.187491 alarm(300)        = 300
11066 15:04:26.187541 recv(0, "STOR myfile38\r\n", 4096, MSG_PEEK) = 15
11066 15:04:26.187594 read(0, "STOR myfile38\r\n", 15) = 15
11066 15:04:26.187653 write(5, "\v", 1 <unfinished ...>
11064 15:04:26.187688 <... read resumed> "\v", 1) = 1
11066 15:04:26.187710 <... write resumed> ) = 1
11064 15:04:26.187737 write(4, "\1\0\0\0", 4) = 4
11064 15:04:26.187785 read(4,  <unfinished ...>
11066 15:04:26.187814 read(5, "\1\0\0\0", 4) = 4
11066 15:04:26.187865 gettimeofday({1495652666, 187881}, NULL) = 0
11066 15:04:26.187912 getcwd("/home/msfadmin", 4096) = 15
11066 15:04:26.187966 open("myfile38", O_WRONLY|O_CREAT|O_NONBLOCK|O_LARGEFILE, 0666) = 4
11066 15:04:26.188025 fstat64(4, {st_mode=S_IFREG|0644, st_size=17, ...}) = 0
11066 15:04:26.188193 fcntl64(4, F_GETFL) = 0x8801 (flags O_WRONLY|O_NONBLOCK|O_LARGEFILE)
11066 15:04:26.188368 fcntl64(4, F_SETFL, O_WRONLY|O_LARGEFILE) = 0
11066 15:04:26.188429 fcntl64(4, F_SETLKW64, {type=F_WRLCK, whence=SEEK_SET, start=0, len=0}, 0xbf87a264) = 0
11066 15:04:26.188490 ftruncate64(4, 0) = 0
11066 15:04:26.188562 _llseek(4, 0, [0], SEEK_SET) = 0
11066 15:04:26.188629 write(5, "\v", 1 <unfinished ...>
11064 15:04:26.188666 <... read resumed> "\v", 1) = 1
11066 15:04:26.188688 <... write resumed> ) = 1
11064 15:04:26.188715 write(4, "\1\0\0\0", 4) = 4
11064 15:04:26.188763 read(4,  <unfinished ...>
11066 15:04:26.188793 read(5, "\1\0\0\0", 4) = 4
11066 15:04:26.188852 write(5, "\v", 1 <unfinished ...>
11064 15:04:26.188901 <... read resumed> "\v", 1) = 1
11066 15:04:26.188937 <... write resumed> ) = 1
11064 15:04:26.188982 write(4, "\1\0\0\0", 4) = 4
11064 15:04:26.189119 read(4,  <unfinished ...>
11066 15:04:26.189176 read(5, "\1\0\0\0", 4) = 4
11066 15:04:26.189256 write(5, "\r", 1 <unfinished ...>
11064 15:04:26.189302 <... read resumed> "\r", 1) = 1
11066 15:04:26.189334 <... write resumed> ) = 1
11064 15:04:26.189379 select(6, [5], NULL, NULL, {60, 0}) = 1 (in [5], left {60, 0})
11064 15:04:26.189479 accept(5, {sa_family=AF_INET, sin_port=htons(35404), sin_addr=inet_addr("127.0.0.1")}, [16]) = 6
11064 15:04:26.189627 write(4, "\1", 1) = 1
11064 15:04:26.189704 sendmsg(4, {msg_name(0)=NULL, msg_iov(1)=[{"\0", 1}], msg_controllen=16, {cmsg_len=16, cmsg_level=SOL_SOCKET, cmsg_type=SCM_RIGHTS, {6}}, msg_flags=0}, 0) = 1
11064 15:04:26.189813 close(6)          = 0
11064 15:04:26.189876 read(4,  <unfinished ...>
11066 15:04:26.189919 read(5, "\1", 1)  = 1
11066 15:04:26.190043 recvmsg(5, {msg_name(0)=NULL, msg_iov(1)=[{"\0", 1}], msg_controllen=16, {cmsg_len=16, cmsg_level=SOL_SOCKET, cmsg_type=SCM_RIGHTS, {6}}, msg_flags=0}, 0) = 1
11066 15:04:26.190183 setsockopt(6, SOL_SOCKET, SO_KEEPALIVE, [1], 4) = 0
11066 15:04:26.190263 setsockopt(6, SOL_IP, IP_TOS, [8], 4) = 0
11066 15:04:26.190340 setsockopt(6, SOL_SOCKET, SO_LINGER, {onoff=1, linger=32767}, 8) = 0
11066 15:04:26.190413 rt_sigaction(SIGALRM, {0x805cad0, ~[RTMIN RT_1], 0}, NULL, 8) = 0
11066 15:04:26.190501 alarm(300)        = 300
11066 15:04:26.190583 write(0, "150 Ok to send data.\r\n", 22) = 22
11066 15:04:26.191018 read(6, "assasaaa\na\na\na\na\n", 65536) = 17
11066 15:04:26.191124 write(4, "assasaaa\na\na\na\na\n", 17) = 17
11066 15:04:26.191227 read(6, "", 65536) = 0
11066 15:04:26.191294 rt_sigaction(SIGALRM, {0x805cad0, ~[RTMIN RT_1], 0}, NULL, 8) = 0
11066 15:04:26.191385 alarm(300)        = 300
11066 15:04:26.191448 close(6)          = 0
11066 15:04:26.191558 alarm(0)          = 300
11066 15:04:26.191622 gettimeofday({1495652666, 191645}, NULL) = 0
11066 15:04:26.191712 gettimeofday({1495652666, 191737}, NULL) = 0
11066 15:04:26.191794 fcntl64(3, F_SETLKW64, {type=F_WRLCK, whence=SEEK_SET, start=0, len=0}, 0xbf87a204) = 0
11066 15:04:26.191888 write(3, "Wed May 24 15:04:26 2017 [pid 11066] [msfadmin] OK UPLOAD: Client \"127.0.0.1\", \"/home/msfadmin/myfile38\", 17 bytes, 4.31Kbyte/sec\n", 130) = 130
11066 15:04:26.192153 fcntl64(3, F_SETLK64, {type=F_UNLCK, whence=SEEK_SET, start=0, len=0}, 0xbf87a20c) = 0
11066 15:04:26.192258 write(0, "226 Transfer complete.\r\n", 24) = 24
11066 15:04:26.192492 write(5, "\n", 1 <unfinished ...>
11064 15:04:26.192558 <... read resumed> "\n", 1) = 1
11066 15:04:26.192595 <... write resumed> ) = 1
11064 15:04:26.192635 close(5)          = 0
11064 15:04:26.192710 write(4, "\1", 1) = 1
11064 15:04:26.192780 read(4,  <unfinished ...>
11066 15:04:26.192826 read(5, "\1", 1)  = 1
11066 15:04:26.193066 close(4)          = 0
11066 15:04:26.193144 rt_sigaction(SIGALRM, {0x805cad0, ~[RTMIN RT_1], 0}, NULL, 8) = 0
11066 15:04:26.193234 alarm(300)        = 0
11066 15:04:26.193307 recv(0,  <unfinished ...>
11067 15:04:26.600894 <... read resumed> "\n", 1) = 1
11067 15:04:26.601118 stat64(".", {st_mode=S_IFDIR|0755, st_size=4096, ...}) = 0
11067 15:04:26.601220 stat64("/sbin/nohup", 0xbfc88dc8) = -1 ENOENT (No such file or directory)
11067 15:04:26.601279 stat64("/bin/nohup", 0xbfc88dc8) = -1 ENOENT (No such file or directory)
11067 15:04:26.601330 stat64("/usr/sbin/nohup", 0xbfc88dc8) = -1 ENOENT (No such file or directory)
11067 15:04:26.601383 stat64("/usr/bin/nohup", {st_mode=S_IFREG|0755, st_size=26336, ...}) = 0
11067 15:04:26.601461 stat64("/usr/bin/nohup", {st_mode=S_IFREG|0755, st_size=26336, ...}) = 0
11067 15:04:26.601589 rt_sigprocmask(SIG_BLOCK, [INT CHLD], [], 8) = 0
11067 15:04:26.601655 clone(child_stack=0, flags=CLONE_CHILD_CLEARTID|CLONE_CHILD_SETTID|SIGCHLD, child_tidptr=0xb7d556f8) = 11071
11071 15:04:26.601974 rt_sigprocmask(SIG_SETMASK, [], NULL, 8) = 0
11071 15:04:26.602071 rt_sigaction(SIGTSTP, {SIG_DFL}, {SIG_DFL}, 8) = 0
11071 15:04:26.602132 rt_sigaction(SIGTTIN, {SIG_DFL}, {SIG_DFL}, 8) = 0
11071 15:04:26.602184 rt_sigaction(SIGTTOU, {SIG_DFL}, {SIG_DFL}, 8) = 0
11071 15:04:26.602252 rt_sigaction(SIGINT, {SIG_DFL}, {SIG_DFL}, 8) = 0
11071 15:04:26.602323 rt_sigaction(SIGQUIT, {SIG_DFL}, {SIG_IGN}, 8) = 0
11071 15:04:26.602380 rt_sigaction(SIGCHLD, {SIG_DFL}, {0x807e540, [], 0}, 8) = 0
11071 15:04:26.602527 open("/dev/null", O_WRONLY|O_CREAT|O_TRUNC|O_LARGEFILE, 0666) = 7
11071 15:04:26.602671 dup2(7, 1)        = 1
11071 15:04:26.602733 close(7)          = 0
11071 15:04:26.602775 dup2(1, 2)        = 2
11071 15:04:26.602815 fcntl64(1, F_GETFD) = 0
11071 15:04:26.602870 execve("/usr/bin/nohup", ["nohup"], [/* 16 vars */]) = 0
11071 15:04:26.603338 brk(0)            = 0x804f000
11071 15:04:26.603426 access("/etc/ld.so.nohwcap", F_OK) = -1 ENOENT (No such file or directory)
11071 15:04:26.603495 mmap2(NULL, 8192, PROT_READ|PROT_WRITE, MAP_PRIVATE|MAP_ANONYMOUS, -1, 0) = 0xb7f4e000
11071 15:04:26.603555 access("/etc/ld.so.preload", R_OK) = -1 ENOENT (No such file or directory)
11071 15:04:26.603621 open("/etc/ld.so.cache", O_RDONLY) = 7
11071 15:04:26.603674 fstat64(7, {st_mode=S_IFREG|0644, st_size=29913, ...}) = 0
11071 15:04:26.603748 mmap2(NULL, 29913, PROT_READ, MAP_PRIVATE, 7, 0) = 0xb7f46000
11071 15:04:26.603793 close(7)          = 0
11071 15:04:26.603839 access("/etc/ld.so.nohwcap", F_OK) = -1 ENOENT (No such file or directory)
11071 15:04:26.603906 open("/lib/tls/i686/cmov/libc.so.6", O_RDONLY) = 7
11071 15:04:26.604002 read(7, "\177ELF\1\1\1\0\0\0\0\0\0\0\0\0\3\0\3\0\1\0\0\0\260e\1\0004\0\0\0\4\307\24\0\0\0\0\0004\0 \0\n\0(\0D\0C\0\6\0\0\0004\0\0\0004\0\0\0004\0\0\0@\1\0\0@\1\0\0\5\0\0\0\4\0\0\0\3\0\0\0\2200\23\0\2200\23\0\2200\23\0\23\0\0\0\23\0\0\0\4\0\0\0\1\0\0\0\1\0\0\0\0\0\0\0\0\0\0\0\0\0\0\0(\215\24\0(\215\24\0\5\0\0\0\0\20\0\0\1\0\0\0\354\221\24\0\354\221\24\0\354\221\24\0\260\'\0\0\204T\0\0\6\0\0\0\0\20\0\0\2\0\0\0\234\255\24\0\234\255\24\0\234\255\24\0\360\0\0\0\360\0\0\0\6\0\0\0\4\0\0\0\4\0\0\0t\1\0\0t\1\0\0t\1\0\0 \0\0\0 \0\0\0\4\0\0\0\4\0\0\0\7\0\0\0\354\221\24\0\354\221\24\0\354\221\24\0\10\0\0\0,\0\0\0\4\0\0\0\4\0\0\0P\345td\2440\23\0\2440\23\0\2440\23\0\354+\0\0\354+\0\0\4\0\0\0\4\0\0\0Q\345td\0\0\0\0\0\0\0\0\0\0\0\0\0\0\0\0\0\0\0\0\6\0\0\0\4\0\0\0R\345td\354\221\24\0\354\221\24\0\354\221\24\0\10\36\0\0\10\36\0\0\4\0\0\0\1\0\0\0\4\0\0\0\20\0\0\0\1\0\0\0GNU\0\0\0\0\0\2\0\0\0\6\0\0\0\10\0\0\0\363\3\0\0\n\0\0\0\0\2\0\0\16\0\0\0\2400\20D\200 \2\1\214\3\346\220AE\210\0\204\0\10\0A\200\0@\300\200\0\f\2\f\0\0010\0\10@\"\10\246\4\210H6l\240\0260\0&\204\200\216\4\10B$\2\f\246\244\32\6c\310\0\302 \1\300\0R\0!\201\10\4\n  \250\24\0\24(`\0\0P\240\312DB", 512) = 512
11071 15:04:26.604403 fstat64(7, {st_mode=S_IFREG|0755, st_size=1364388, ...}) = 0
11071 15:04:26.604482 mmap2(NULL, 1369712, PROT_READ|PROT_EXEC, MAP_PRIVATE|MAP_DENYWRITE, 7, 0) = 0xb7df7000
11071 15:04:26.604536 mmap2(0xb7f40000, 12288, PROT_READ|PROT_WRITE, MAP_PRIVATE|MAP_FIXED|MAP_DENYWRITE, 7, 0x149) = 0xb7f40000
11071 15:04:26.604605 mmap2(0xb7f43000, 9840, PROT_READ|PROT_WRITE, MAP_PRIVATE|MAP_FIXED|MAP_ANONYMOUS, -1, 0) = 0xb7f43000
11071 15:04:26.604669 close(7)          = 0
11071 15:04:26.604742 mmap2(NULL, 4096, PROT_READ|PROT_WRITE, MAP_PRIVATE|MAP_ANONYMOUS, -1, 0) = 0xb7df6000
11071 15:04:26.604792 set_thread_area({entry_number:-1 -> 6, base_addr:0xb7df66b0, limit:1048575, seg_32bit:1, contents:0, read_exec_only:0, limit_in_pages:1, seg_not_present:0, useable:1}) = 0
11071 15:04:26.605017 mprotect(0xb7f40000, 4096, PROT_READ) = 0
11071 15:04:26.605088 munmap(0xb7f46000, 29913) = 0
11071 15:04:26.605324 brk(0)            = 0x804f000
11071 15:04:26.605369 brk(0x8070000)    = 0x8070000
11071 15:04:26.605450 write(2, "nohup: ", 7 <unfinished ...>
11067 15:04:26.605450 rt_sigprocmask(SIG_SETMASK, [], NULL, 8) = 0
11067 15:04:26.605493 rt_sigprocmask(SIG_BLOCK, [CHLD], [], 8) = 0
11067 15:04:26.605609 rt_sigprocmask(SIG_SETMASK, [], NULL, 8) = 0
11067 15:04:26.605673 rt_sigprocmask(SIG_BLOCK, [CHLD], [], 8) = 0
11067 15:04:26.605727 rt_sigaction(SIGINT, {0x807f150, [], 0}, {SIG_DFL}, 8) = 0
11067 15:04:26.605789 waitpid(-1,  <unfinished ...>
11071 15:04:26.605830 <... write resumed> ) = 7
11071 15:04:26.605872 write(2, "missing operand", 15) = 15
11071 15:04:26.605922 write(2, "\n", 1) = 1
11071 15:04:26.605976 write(2, "Try `nohup --help\' for more information.\n", 41) = 41
11071 15:04:26.606046 close(1)          = 0
11071 15:04:26.606089 close(2)          = 0
11071 15:04:26.606139 exit_group(127)   = ?
11067 15:04:26.606250 <... waitpid resumed> [{WIFEXITED(s) && WEXITSTATUS(s) == 127}], 0) = 11071
11067 15:04:26.606301 rt_sigprocmask(SIG_SETMASK, [], NULL, 8) = 0
11067 15:04:26.606346 --- SIGCHLD (Child exited) @ 0 (0) ---
11067 15:04:26.606376 waitpid(-1, 0xbfc88ab8, WNOHANG) = 0
11067 15:04:26.606419 sigreturn()       = ? (mask now [])
11067 15:04:26.606486 rt_sigaction(SIGINT, {SIG_DFL}, {0x807f150, [], 0}, 8) = 0
11067 15:04:26.606600 rt_sigprocmask(SIG_BLOCK, NULL, [], 8) = 0
11067 15:04:26.606662 read(0, "e", 1)   = 1
11067 15:04:26.606714 read(0, "c", 1)   = 1
11067 15:04:26.606757 read(0, "h", 1)   = 1
11067 15:04:26.606800 read(0, "o", 1)   = 1
11067 15:04:26.606842 read(0, " ", 1)   = 1
11067 15:04:26.606885 read(0, "k", 1)   = 1
11067 15:04:26.606928 read(0, "U", 1)   = 1
11067 15:04:26.606971 read(0, "Q", 1)   = 1
11067 15:04:26.607013 read(0, "b", 1)   = 1
11067 15:04:26.607055 read(0, "q", 1)   = 1
11067 15:04:26.607098 read(0, "9", 1)   = 1
11067 15:04:26.607140 read(0, "f", 1)   = 1
11067 15:04:26.607183 read(0, "V", 1)   = 1
11067 15:04:26.607225 read(0, "L", 1)   = 1
11067 15:04:26.607267 read(0, "p", 1)   = 1
11067 15:04:26.607309 read(0, "T", 1)   = 1
11067 15:04:26.607352 read(0, "i", 1)   = 1
11067 15:04:26.607394 read(0, "g", 1)   = 1
11067 15:04:26.607437 read(0, "N", 1)   = 1
11067 15:04:26.607479 read(0, "b", 1)   = 1
11067 15:04:26.607583 read(0, "2", 1)   = 1
11067 15:04:26.607632 read(0, "\n", 1)  = 1
11067 15:04:26.607761 write(1, "kUQbq9fVLpTigNb2\n", 17) = 17
11067 15:04:26.607995 rt_sigprocmask(SIG_BLOCK, NULL, [], 8) = 0
11067 15:04:26.608054 read(0,  <unfinished ...>
11066 15:04:26.726743 <... recv resumed> "TYPE I\r\n", 4096, MSG_PEEK) = 8
11066 15:04:26.726903 read(0, "TYPE I\r\n", 8) = 8
11066 15:04:26.726976 write(0, "200 Switching to Binary mode.\r\n", 31) = 31
11066 15:04:26.727056 rt_sigaction(SIGALRM, {0x805cad0, ~[RTMIN RT_1], 0}, NULL, 8) = 0
11066 15:04:26.727087 alarm(300)        = 299
11066 15:04:26.727108 recv(0, "PASV\r\n", 4096, MSG_PEEK) = 6
11066 15:04:26.727127 read(0, "PASV\r\n", 6) = 6
11066 15:04:26.727148 write(5, "\n", 1 <unfinished ...>
11064 15:04:26.727165 <... read resumed> "\n", 1) = 1
11066 15:04:26.727174 <... write resumed> ) = 1
11064 15:04:26.727185 write(4, "\1", 1) = 1
11064 15:04:26.727203 read(4,  <unfinished ...>
11066 15:04:26.727215 read(5, "\1", 1)  = 1
11066 15:04:26.727234 write(5, "\f", 1 <unfinished ...>
11064 15:04:26.727245 <... read resumed> "\f", 1) = 1
11066 15:04:26.727253 <... write resumed> ) = 1
11064 15:04:26.727265 socket(PF_INET, SOCK_STREAM, IPPROTO_TCP) = 5
11064 15:04:26.727289 setsockopt(5, SOL_SOCKET, SO_REUSEADDR, [1], 4) = 0
11064 15:04:26.727312 bind(5, {sa_family=AF_INET, sin_port=htons(11588), sin_addr=inet_addr("127.0.0.1")}, 16) = 0
11064 15:04:26.727339 listen(5, 1)      = 0
11064 15:04:26.727361 write(4, "D-\0\0", 4) = 4
11064 15:04:26.727379 read(4,  <unfinished ...>
11066 15:04:26.727390 read(5, "D-\0\0", 4) = 4
11066 15:04:26.727417 write(0, "227 Entering Passive Mode (127,0,0,1,45,68).\r\n", 46) = 46
11066 15:04:26.727598 rt_sigaction(SIGALRM, {0x805cad0, ~[RTMIN RT_1], 0}, NULL, 8) = 0
11066 15:04:26.727653 alarm(300)        = 300
11066 15:04:26.727675 recv(0, "STOR myfile39\r\n", 4096, MSG_PEEK) = 15
11066 15:04:26.727707 read(0, "STOR myfile39\r\n", 15) = 15
11066 15:04:26.727731 write(5, "\v", 1 <unfinished ...>
11064 15:04:26.727745 <... read resumed> "\v", 1) = 1
11066 15:04:26.727753 <... write resumed> ) = 1
11064 15:04:26.727764 write(4, "\1\0\0\0", 4) = 4
11064 15:04:26.727782 read(4,  <unfinished ...>
11066 15:04:26.727793 read(5, "\1\0\0\0", 4) = 4
11066 15:04:26.727813 gettimeofday({1495652666, 727819}, NULL) = 0
11066 15:04:26.727831 getcwd("/home/msfadmin", 4096) = 15
11066 15:04:26.727852 open("myfile39", O_WRONLY|O_CREAT|O_NONBLOCK|O_LARGEFILE, 0666) = 4
11066 15:04:26.727876 fstat64(4, {st_mode=S_IFREG|0644, st_size=17, ...}) = 0
11066 15:04:26.727905 fcntl64(4, F_GETFL) = 0x8801 (flags O_WRONLY|O_NONBLOCK|O_LARGEFILE)
11066 15:04:26.727923 fcntl64(4, F_SETFL, O_WRONLY|O_LARGEFILE) = 0
11066 15:04:26.727940 fcntl64(4, F_SETLKW64, {type=F_WRLCK, whence=SEEK_SET, start=0, len=0}, 0xbf87a264) = 0
11066 15:04:26.727964 ftruncate64(4, 0) = 0
11066 15:04:26.727992 _llseek(4, 0, [0], SEEK_SET) = 0
11066 15:04:26.728010 write(5, "\v", 1 <unfinished ...>
11064 15:04:26.728023 <... read resumed> "\v", 1) = 1
11066 15:04:26.728031 <... write resumed> ) = 1
11064 15:04:26.728041 write(4, "\1\0\0\0", 4) = 4
11064 15:04:26.728059 read(4,  <unfinished ...>
11066 15:04:26.728071 read(5, "\1\0\0\0", 4) = 4
11066 15:04:26.728089 write(5, "\v", 1 <unfinished ...>
11064 15:04:26.728101 <... read resumed> "\v", 1) = 1
11066 15:04:26.728109 <... write resumed> ) = 1
11064 15:04:26.728118 write(4, "\1\0\0\0", 4) = 4
11064 15:04:26.728136 read(4,  <unfinished ...>
11066 15:04:26.728147 read(5, "\1\0\0\0", 4) = 4
11066 15:04:26.728169 write(5, "\r", 1 <unfinished ...>
11064 15:04:26.728188 <... read resumed> "\r", 1) = 1
11066 15:04:26.728201 <... write resumed> ) = 1
11064 15:04:26.728219 select(6, [5], NULL, NULL, {60, 0}) = 1 (in [5], left {60, 0})
11064 15:04:26.728264 accept(5, {sa_family=AF_INET, sin_port=htons(36019), sin_addr=inet_addr("127.0.0.1")}, [16]) = 6
11064 15:04:26.728322 write(4, "\1", 1) = 1
11064 15:04:26.728356 sendmsg(4, {msg_name(0)=NULL, msg_iov(1)=[{"\0", 1}], msg_controllen=16, {cmsg_len=16, cmsg_level=SOL_SOCKET, cmsg_type=SCM_RIGHTS, {6}}, msg_flags=0}, 0) = 1
11064 15:04:26.728398 close(6)          = 0
11064 15:04:26.728424 read(4,  <unfinished ...>
11066 15:04:26.728443 read(5, "\1", 1)  = 1
11066 15:04:26.728478 recvmsg(5, {msg_name(0)=NULL, msg_iov(1)=[{"\0", 1}], msg_controllen=16, {cmsg_len=16, cmsg_level=SOL_SOCKET, cmsg_type=SCM_RIGHTS, {6}}, msg_flags=0}, 0) = 1
11066 15:04:26.728526 setsockopt(6, SOL_SOCKET, SO_KEEPALIVE, [1], 4) = 0
11066 15:04:26.728559 setsockopt(6, SOL_IP, IP_TOS, [8], 4) = 0
11066 15:04:26.728605 setsockopt(6, SOL_SOCKET, SO_LINGER, {onoff=1, linger=32767}, 8) = 0
11066 15:04:26.728649 rt_sigaction(SIGALRM, {0x805cad0, ~[RTMIN RT_1], 0}, NULL, 8) = 0
11066 15:04:26.728687 alarm(300)        = 300
11066 15:04:26.728721 write(0, "150 Ok to send data.\r\n", 22) = 22
11066 15:04:26.728894 read(6, "assasaaa\na\na\na\na\n", 65536) = 17
11066 15:04:26.728933 write(4, "assasaaa\na\na\na\na\n", 17) = 17
11066 15:04:26.728976 read(6, "", 65536) = 0
11066 15:04:26.729003 rt_sigaction(SIGALRM, {0x805cad0, ~[RTMIN RT_1], 0}, NULL, 8) = 0
11066 15:04:26.729039 alarm(300)        = 300
11066 15:04:26.729065 close(6)          = 0
11066 15:04:26.729112 alarm(0)          = 300
11066 15:04:26.729139 gettimeofday({1495652666, 729149}, NULL) = 0
11066 15:04:26.729178 gettimeofday({1495652666, 729190}, NULL) = 0
11066 15:04:26.729215 fcntl64(3, F_SETLKW64, {type=F_WRLCK, whence=SEEK_SET, start=0, len=0}, 0xbf87a204) = 0
11066 15:04:26.729255 write(3, "Wed May 24 15:04:26 2017 [pid 11066] [msfadmin] OK UPLOAD: Client \"127.0.0.1\", \"/home/msfadmin/myfile39\", 17 bytes, 12.11Kbyte/sec\n", 131) = 131
11066 15:04:26.729309 fcntl64(3, F_SETLK64, {type=F_UNLCK, whence=SEEK_SET, start=0, len=0}, 0xbf87a20c) = 0
11066 15:04:26.729348 write(0, "226 Transfer complete.\r\n", 24) = 24
11066 15:04:26.729458 write(5, "\n", 1 <unfinished ...>
11064 15:04:26.729485 <... read resumed> "\n", 1) = 1
11066 15:04:26.729509 <... write resumed> ) = 1
11064 15:04:26.729525 close(5)          = 0
11064 15:04:26.729575 write(4, "\1", 1) = 1
11064 15:04:26.729615 read(4,  <unfinished ...>
11066 15:04:26.729634 read(5, "\1", 1)  = 1
11066 15:04:26.729666 close(4)          = 0
11066 15:04:26.729695 rt_sigaction(SIGALRM, {0x805cad0, ~[RTMIN RT_1], 0}, NULL, 8) = 0
11066 15:04:26.729731 alarm(300)        = 0
11066 15:04:26.729761 recv(0,  <unfinished ...>
11067 15:04:26.743828 <... read resumed> "", 1) = 0
11067 15:04:26.744012 exit_group(0)     = ?
11068 15:04:26.744163 <... read resumed> "", 1) = 0
11068 15:04:26.744212 fcntl64(0, F_GETFL) = 0x2 (flags O_RDWR)
11068 15:04:26.744285 fcntl64(0, F_SETFL, O_RDWR|O_NONBLOCK) = 0
11068 15:04:26.744321 write(0, "500 OOPS: ", 10) = 10
11068 15:04:26.744413 write(0, "priv_sock_get_result", 20) = 20
11068 15:04:26.744480 write(0, "\r\n", 2) = 2
11068 15:04:26.744583 exit_group(1)     = ?
4439  15:04:26.744859 <... select resumed> ) = ? ERESTARTNOHAND (To be restarted)
4439  15:04:26.744879 --- SIGCHLD (Child exited) @ 0 (0) ---
4439  15:04:26.744891 write(4, "\21", 1) = 1
4439  15:04:26.744912 sigreturn()       = ? (mask now [])
4439  15:04:26.744960 select(13, [3 5 6 8 9 10 11 12], NULL, NULL, NULL) = 1 (in [3])
4439  15:04:26.744986 ioctl(3, FIONREAD, [1]) = 0
4439  15:04:26.745007 read(3, "\21", 1) = 1
4439  15:04:26.745026 waitpid(-1, [{WIFEXITED(s) && WEXITSTATUS(s) == 0}], WNOHANG) = 11067
4439  15:04:26.745048 close(-1)         = -1 EBADF (Bad file descriptor)
4439  15:04:26.745068 waitpid(-1, 0xbff6282c, WNOHANG) = 0
4439  15:04:26.745084 select(13, [3 5 6 8 9 10 11 12], NULL, NULL, NULL <unfinished ...>
