11315 15:07:11.703534 close(5)          = 0
11315 15:07:11.703547 munmap(0xb7fa4000, 4096) = 0
11315 15:07:11.703571 getuid32()        = 0
11315 15:07:11.703598 open("/etc/passwd", O_RDONLY|0x80000 /* O_??? */) = 5
11315 15:07:11.703621 _llseek(5, 0, [0], SEEK_CUR) = 0
11315 15:07:11.703637 fstat64(5, {st_mode=S_IFREG|0644, st_size=1624, ...}) = 0
11315 15:07:11.703660 mmap2(NULL, 1624, PROT_READ, MAP_SHARED, 5, 0) = 0xb7fa4000
11315 15:07:11.703676 _llseek(5, 1624, [1624], SEEK_SET) = 0
11315 15:07:11.703705 munmap(0xb7fa4000, 1624) = 0
11315 15:07:11.703722 close(5)          = 0
11315 15:07:11.703761 open("/etc/shadow", O_RDONLY|0x80000 /* O_??? */) = 5
11315 15:07:11.703787 _llseek(5, 0, [0], SEEK_CUR) = 0
11315 15:07:11.703802 fstat64(5, {st_mode=S_IFREG|0640, st_size=1233, ...}) = 0
11315 15:07:11.703825 mmap2(NULL, 1233, PROT_READ, MAP_SHARED, 5, 0) = 0xb7fa4000
11315 15:07:11.703840 _llseek(5, 1233, [1233], SEEK_SET) = 0
11315 15:07:11.703870 munmap(0xb7fa4000, 1233) = 0
11315 15:07:11.703884 close(5)          = 0
11315 15:07:11.703912 open("/etc/passwd", O_RDONLY|0x80000 /* O_??? */) = 5
11315 15:07:11.703948 _llseek(5, 0, [0], SEEK_CUR) = 0
11315 15:07:11.703967 fstat64(5, {st_mode=S_IFREG|0644, st_size=1624, ...}) = 0
11315 15:07:11.703990 mmap2(NULL, 1624, PROT_READ, MAP_SHARED, 5, 0) = 0xb7fa4000
11315 15:07:11.704006 _llseek(5, 1624, [1624], SEEK_SET) = 0
11315 15:07:11.704030 munmap(0xb7fa4000, 1624) = 0
11315 15:07:11.704044 close(5)          = 0
11315 15:07:11.704063 open("/etc/shadow", O_RDONLY|0x80000 /* O_??? */) = 5
11315 15:07:11.704082 _llseek(5, 0, [0], SEEK_CUR) = 0
11315 15:07:11.704097 fstat64(5, {st_mode=S_IFREG|0640, st_size=1233, ...}) = 0
11315 15:07:11.704120 mmap2(NULL, 1233, PROT_READ, MAP_SHARED, 5, 0) = 0xb7fa4000
11315 15:07:11.704142 _llseek(5, 1233, [1233], SEEK_SET) = 0
11315 15:07:11.704167 munmap(0xb7fa4000, 1233) = 0
11315 15:07:11.704181 close(5)          = 0
11315 15:07:11.704522 getuid32()        = 0
11315 15:07:11.704538 open("/etc/passwd", O_RDONLY|0x80000 /* O_??? */) = 5
11315 15:07:11.704557 _llseek(5, 0, [0], SEEK_CUR) = 0
11315 15:07:11.704571 fstat64(5, {st_mode=S_IFREG|0644, st_size=1624, ...}) = 0
11315 15:07:11.704594 mmap2(NULL, 1624, PROT_READ, MAP_SHARED, 5, 0) = 0xb7fa4000
11315 15:07:11.704609 _llseek(5, 1624, [1624], SEEK_SET) = 0
11315 15:07:11.704632 munmap(0xb7fa4000, 1624) = 0
11315 15:07:11.704646 close(5)          = 0
11315 15:07:11.704665 open("/etc/shadow", O_RDONLY|0x80000 /* O_??? */) = 5
11315 15:07:11.704682 _llseek(5, 0, [0], SEEK_CUR) = 0
11315 15:07:11.704697 fstat64(5, {st_mode=S_IFREG|0640, st_size=1233, ...}) = 0
11315 15:07:11.704720 mmap2(NULL, 1233, PROT_READ, MAP_SHARED, 5, 0) = 0xb7fa4000
11315 15:07:11.704735 _llseek(5, 1233, [1233], SEEK_SET) = 0
11315 15:07:11.704758 munmap(0xb7fa4000, 1233) = 0
11315 15:07:11.704772 close(5)          = 0
11315 15:07:11.704789 time(NULL)        = 1495652831
11315 15:07:11.704812 munmap(0xb7fa1000, 12164) = 0
11315 15:07:11.704832 munmap(0xb7f9f000, 7136) = 0
11315 15:07:11.704855 munmap(0xb7dd4000, 95428) = 0
11315 15:07:11.704872 munmap(0xb7d9a000, 201052) = 0
11315 15:07:11.704889 munmap(0xb7d81000, 101180) = 0
11315 15:07:11.704928 gettimeofday({1495652831, 704936}, NULL) = 0
11315 15:07:11.704947 stat64("/usr/share/zoneinfo/UTC+04:00", 0xbf9feb64) = -1 ENOENT (No such file or directory)
11315 15:07:11.704971 open("/usr/share/zoneinfo/UTC+04:00", O_RDONLY) = -1 ENOENT (No such file or directory)
11315 15:07:11.705013 fcntl64(3, F_SETLKW64, {type=F_WRLCK, whence=SEEK_SET, start=0, len=0}, 0xbf9fecb4) = 0
11315 15:07:11.705039 write(3, "Wed May 24 15:07:11 2017 [pid 11315] [msfadmin] OK LOGIN: Client \"127.0.0.1\"\n", 77) = 77
11315 15:07:11.705065 fcntl64(3, F_SETLK64, {type=F_UNLCK, whence=SEEK_SET, start=0, len=0}, 0xbf9fecbc) = 0
11315 15:07:11.705085 rt_sigaction(SIGCHLD, {0x805cad0, ~[RTMIN RT_1], 0}, NULL, 8) = 0
11315 15:07:11.705106 write(4, "\1", 1 <unfinished ...>
11316 15:07:11.705125 <... read resumed> "\1", 1) = 1
11315 15:07:11.705133 <... write resumed> ) = 1
11316 15:07:11.705146 exit_group(0)     = ?
11315 15:07:11.705206 --- SIGCHLD (Child exited) @ 0 (0) ---
11315 15:07:11.705218 sigreturn()       = ? (mask now [])
11315 15:07:11.705245 wait4(-1, [{WIFEXITED(s) && WEXITSTATUS(s) == 0}], 0, NULL) = 11316
11315 15:07:11.705265 close(4)          = 0
11315 15:07:11.705283 socketpair(PF_FILE, SOCK_STREAM, 0, [4, 5]) = 0
11315 15:07:11.705304 rt_sigaction(SIGCHLD, {0x805cad0, ~[RTMIN RT_1], 0}, NULL, 8) = 0
11315 15:07:11.705324 rt_sigaction(SIGALRM, {0x805cb10, ~[RTMIN RT_1], 0}, NULL, 8) = 0
11315 15:07:11.705344 clone(child_stack=0, flags=CLONE_CHILD_CLEARTID|CLONE_CHILD_SETTID|SIGCHLD, child_tidptr=0xb7e0a6f8) = 11317
11317 15:07:11.705426 prctl(0x1, 0x9, 0, 0, 0) = 0
11317 15:07:11.705446 close(4)          = 0
11317 15:07:11.705487 open("/etc/passwd", O_RDONLY|0x80000 /* O_??? */) = 4
11317 15:07:11.705512 _llseek(4, 0, [0], SEEK_CUR) = 0
11317 15:07:11.705535 fstat64(4, {st_mode=S_IFREG|0644, st_size=1624, ...}) = 0
11317 15:07:11.705562 mmap2(NULL, 1624, PROT_READ, MAP_SHARED, 4, 0) = 0xb7fa4000
11317 15:07:11.705579 _llseek(4, 1624, [1624], SEEK_SET) = 0
11317 15:07:11.705614 munmap(0xb7fa4000, 1624) = 0
11317 15:07:11.705630 close(4)          = 0
11317 15:07:11.705650 getuid32()        = 0
11317 15:07:11.705664 open("/etc/passwd", O_RDONLY|0x80000 /* O_??? */) = 4
11317 15:07:11.705682 _llseek(4, 0, [0], SEEK_CUR) = 0
11317 15:07:11.705697 fstat64(4, {st_mode=S_IFREG|0644, st_size=1624, ...}) = 0
11317 15:07:11.705720 mmap2(NULL, 1624, PROT_READ, MAP_SHARED, 4, 0) = 0xb7fa4000
11317 15:07:11.705735 _llseek(4, 1624, [1624], SEEK_SET) = 0
11317 15:07:11.705757 munmap(0xb7fa4000, 1624) = 0
11317 15:07:11.705771 close(4)          = 0
11317 15:07:11.705811 open("/proc/sys/kernel/ngroups_max", O_RDONLY) = 4
11317 15:07:11.705851 read(4, "65536\n", 31) = 6
11317 15:07:11.705897 close(4)          = 0
11317 15:07:11.705921 socket(PF_FILE, SOCK_STREAM, 0) = 4
11317 15:07:11.705938 fcntl64(4, F_SETFL, O_RDWR|O_NONBLOCK) = 0
11317 15:07:11.705954 connect(4, {sa_family=AF_FILE, path="/var/run/nscd/socket"}, 110) = -1 ENOENT (No such file or directory)
11317 15:07:11.705986 close(4)          = 0
11317 15:07:11.706003 socket(PF_FILE, SOCK_STREAM, 0) = 4
11317 15:07:11.706018 fcntl64(4, F_SETFL, O_RDWR|O_NONBLOCK) = 0
11317 15:07:11.706032 connect(4, {sa_family=AF_FILE, path="/var/run/nscd/socket"}, 110) = -1 ENOENT (No such file or directory)
11317 15:07:11.706070 close(4)          = 0
11317 15:07:11.706118 open("/etc/group", O_RDONLY|0x80000 /* O_??? */) = 4
11317 15:07:11.706150 _llseek(4, 0, [0], SEEK_CUR) = 0
11317 15:07:11.706173 fstat64(4, {st_mode=S_IFREG|0644, st_size=886, ...}) = 0
11317 15:07:11.706207 mmap2(NULL, 886, PROT_READ, MAP_SHARED, 4, 0) = 0xb7fa4000
11317 15:07:11.706231 _llseek(4, 886, [886], SEEK_SET) = 0
11317 15:07:11.706287 fstat64(4, {st_mode=S_IFREG|0644, st_size=886, ...}) = 0
11317 15:07:11.706326 munmap(0xb7fa4000, 886) = 0
11317 15:07:11.706347 close(4)          = 0
11317 15:07:11.706368 setgroups32(13, [1000, 4, 20, 24, 25, 29, 30, 44, 46, 107, 111, 112, 119]) = 0
11317 15:07:11.706403 geteuid32()       = 0
11317 15:07:11.706444 getegid32()       = 0
11317 15:07:11.706468 setregid32(-1, 1000) = 0
11317 15:07:11.706489 setreuid32(-1, 1000) = 0
11317 15:07:11.706512 chdir("/home/msfadmin") = 0
11317 15:07:11.706536 setreuid32(-1, 0) = 0
11317 15:07:11.706555 setregid32(-1, 0) = 0
11317 15:07:11.706577 setgid32(1000)    = 0
11317 15:07:11.706597 setuid32(1000)    = 0
11317 15:07:11.706618 setrlimit(RLIMIT_NPROC, {rlim_cur=0, rlim_max=0}) = 0
11317 15:07:11.706646 mmap2(NULL, 12288, PROT_READ|PROT_WRITE, MAP_PRIVATE|MAP_ANONYMOUS, -1, 0) = 0xb7fa2000
11317 15:07:11.706670 mprotect(0xb7fa4000, 4096, PROT_NONE) = 0
11317 15:07:11.706707 mprotect(0xb7fa2000, 4096, PROT_NONE) = 0
11317 15:07:11.706735 getcwd("/home/msfadmin", 4096) = 15
11317 15:07:11.706764 umask(022)        = 077
11317 15:07:11.706784 getcwd("/home/msfadmin", 4096) = 15
11317 15:07:11.706812 open(".message", O_RDONLY|O_NONBLOCK|O_LARGEFILE) = -1 ENOENT (No such file or directory)
11317 15:07:11.706874 write(0, "230 Login successful.\r\n", 23) = 23
11317 15:07:11.707096 rt_sigaction(SIGALRM, {0x805cad0, ~[RTMIN RT_1], 0}, NULL, 8) = 0
11317 15:07:11.707132 alarm(300)        = 0
11317 15:07:11.707155 mmap2(NULL, 12288, PROT_READ|PROT_WRITE, MAP_PRIVATE|MAP_ANONYMOUS, -1, 0) = 0xb7f9f000
11317 15:07:11.707178 mprotect(0xb7fa1000, 4096, PROT_NONE) = 0
11317 15:07:11.707201 mprotect(0xb7f9f000, 4096, PROT_NONE) = 0
11317 15:07:11.707229 recv(0, "TYPE I\r\n", 4096, MSG_PEEK) = 8
11317 15:07:11.707255 read(0, "TYPE I\r\n", 8) = 8
11317 15:07:11.707310 write(0, "200 Switching to Binary mode.\r\n", 31) = 31
11317 15:07:11.707387 rt_sigaction(SIGALRM, {0x805cad0, ~[RTMIN RT_1], 0}, NULL, 8) = 0
11317 15:07:11.707417 alarm(300)        = 300
11317 15:07:11.707440 recv(0, "PASV\r\n", 4096, MSG_PEEK) = 6
11317 15:07:11.707463 read(0, "PASV\r\n", 6) = 6
11317 15:07:11.707488 write(5, "\n", 1) = 1
11317 15:07:11.707510 read(5,  <unfinished ...>
11315 15:07:11.707534 close(5)          = 0
11315 15:07:11.707576 getuid32()        = 0
11315 15:07:11.707606 open("/etc/passwd", O_RDONLY|0x80000 /* O_??? */) = 5
11315 15:07:11.707635 _llseek(5, 0, [0], SEEK_CUR) = 0
11315 15:07:11.707660 fstat64(5, {st_mode=S_IFREG|0644, st_size=1624, ...}) = 0
11315 15:07:11.707697 mmap2(NULL, 1624, PROT_READ, MAP_SHARED, 5, 0) = 0xb7fa4000
11315 15:07:11.707721 _llseek(5, 1624, [1624], SEEK_SET) = 0
11315 15:07:11.707757 munmap(0xb7fa4000, 1624) = 0
11315 15:07:11.707781 close(5)          = 0
11315 15:07:11.707833 setgroups32(0, []) = 0
11315 15:07:11.707862 chdir("/usr/share/empty") = 0
11315 15:07:11.707891 chroot(".")       = 0
11315 15:07:11.707916 capset(NULL, NULL) = -1 EFAULT (Bad address)
11315 15:07:11.707945 prctl(0x8, 0, 0xbf9fec98, 0x80549a6, 0xbf9fec80) = 0
11315 15:07:11.707984 prctl(0x8, 0x1, 0xbf9fec98, 0x8054a49, 0xbf9fec80) = 0
11315 15:07:11.708008 setgid32(65534)   = 0
11315 15:07:11.708051 setuid32(65534)   = 0
11315 15:07:11.708074 capset(0x19980330, 0, {CAP_NET_BIND_SERVICE, CAP_NET_BIND_SERVICE, 0}) = 0
11315 15:07:11.708104 read(4, "\n", 1)  = 1
11315 15:07:11.708136 write(4, "\1", 1) = 1
11317 15:07:11.708162 <... read resumed> "\1", 1) = 1
11317 15:07:11.708180 write(5, "\f", 1) = 1
11317 15:07:11.708204 read(5,  <unfinished ...>
11315 15:07:11.708220 read(4, "\f", 1)  = 1
11315 15:07:11.708249 socket(PF_INET, SOCK_STREAM, IPPROTO_TCP) = 5
11315 15:07:11.708296 setsockopt(5, SOL_SOCKET, SO_REUSEADDR, [1], 4) = 0
11315 15:07:11.708329 gettimeofday({1495652831, 708338}, NULL) = 0
11315 15:07:11.708369 bind(5, {sa_family=AF_INET, sin_port=htons(32277), sin_addr=inet_addr("127.0.0.1")}, 16) = 0
11315 15:07:11.708407 listen(5, 1)      = 0
11315 15:07:11.708437 write(4, "\25~\0\0", 4) = 4
11317 15:07:11.708464 <... read resumed> "\25~\0\0", 4) = 4
11317 15:07:11.708496 write(0, "227 Entering Passive Mode (127,0,0,1,126,21).\r\n", 47) = 47
11317 15:07:11.708790 rt_sigaction(SIGALRM, {0x805cad0, ~[RTMIN RT_1], 0}, NULL, 8) = 0
11317 15:07:11.708832 alarm(300)        = 300
11317 15:07:11.708860 recv(0, "STOR myfile27\r\n", 4096, MSG_PEEK) = 15
11317 15:07:11.708911 read(0, "STOR myfile27\r\n", 15) = 15
11317 15:07:11.708948 write(5, "\v", 1) = 1
11317 15:07:11.708973 read(5,  <unfinished ...>
11315 15:07:11.708990 read(4, "\v", 1)  = 1
11315 15:07:11.709016 write(4, "\1\0\0\0", 4) = 4
11317 15:07:11.709042 <... read resumed> "\1\0\0\0", 4) = 4
11317 15:07:11.709062 gettimeofday({1495652831, 709071}, NULL) = 0
11317 15:07:11.709087 getcwd("/home/msfadmin", 4096) = 15
11317 15:07:11.709117 open("myfile27", O_WRONLY|O_CREAT|O_NONBLOCK|O_LARGEFILE, 0666) = 4
11317 15:07:11.709165 fstat64(4, {st_mode=S_IFREG|0644, st_size=17, ...}) = 0
11317 15:07:11.709209 fcntl64(4, F_GETFL) = 0x8801 (flags O_WRONLY|O_NONBLOCK|O_LARGEFILE)
11317 15:07:11.709234 fcntl64(4, F_SETFL, O_WRONLY|O_LARGEFILE) = 0
11317 15:07:11.709257 fcntl64(4, F_SETLKW64, {type=F_WRLCK, whence=SEEK_SET, start=0, len=0}, 0xbf9febe4) = 0
11317 15:07:11.709295 ftruncate64(4, 0) = 0
11317 15:07:11.709338 _llseek(4, 0, [0], SEEK_SET) = 0
11317 15:07:11.709363 write(5, "\v", 1) = 1
11317 15:07:11.709388 read(5,  <unfinished ...>
11315 15:07:11.709404 read(4, "\v", 1)  = 1
11315 15:07:11.709429 write(4, "\1\0\0\0", 4) = 4
11317 15:07:11.709472 <... read resumed> "\1\0\0\0", 4) = 4
11317 15:07:11.709492 write(5, "\v", 1) = 1
11317 15:07:11.709516 read(5,  <unfinished ...>
11315 15:07:11.709531 read(4, "\v", 1)  = 1
11315 15:07:11.709556 write(4, "\1\0\0\0", 4) = 4
11317 15:07:11.709581 <... read resumed> "\1\0\0\0", 4) = 4
11317 15:07:11.709599 write(5, "\r", 1) = 1
11317 15:07:11.709622 read(5,  <unfinished ...>
11315 15:07:11.709637 read(4, "\r", 1)  = 1
11315 15:07:11.709666 select(6, [5], NULL, NULL, {60, 0}) = 1 (in [5], left {60, 0})
11315 15:07:11.709706 accept(5, {sa_family=AF_INET, sin_port=htons(49924), sin_addr=inet_addr("127.0.0.1")}, [16]) = 6
11315 15:07:11.709788 write(4, "\1", 1) = 1
11317 15:07:11.709815 <... read resumed> "\1", 1) = 1
11317 15:07:11.709837 recvmsg(5,  <unfinished ...>
11315 15:07:11.709860 sendmsg(4, {msg_name(0)=NULL, msg_iov(1)=[{"\0", 1}], msg_controllen=16, {cmsg_len=16, cmsg_level=SOL_SOCKET, cmsg_type=SCM_RIGHTS, {6}}, msg_flags=0}, 0) = 1
11317 15:07:11.709900 <... recvmsg resumed> {msg_name(0)=NULL, msg_iov(1)=[{"\0", 1}], msg_controllen=16, {cmsg_len=16, cmsg_level=SOL_SOCKET, cmsg_type=SCM_RIGHTS, {6}}, msg_flags=0}, 0) = 1
11317 15:07:11.709932 setsockopt(6, SOL_SOCKET, SO_KEEPALIVE, [1], 4) = 0
11317 15:07:11.709960 setsockopt(6, SOL_IP, IP_TOS, [8], 4) = 0
11317 15:07:11.709987 setsockopt(6, SOL_SOCKET, SO_LINGER, {onoff=1, linger=32767}, 8) = 0
11317 15:07:11.710012 rt_sigaction(SIGALRM, {0x805cad0, ~[RTMIN RT_1], 0}, NULL, 8) = 0
11317 15:07:11.710062 alarm(300)        = 300
11317 15:07:11.710091 write(0, "150 Ok to send data.\r\n", 22) = 22
11317 15:07:11.710254 mmap2(NULL, 77824, PROT_READ|PROT_WRITE, MAP_PRIVATE|MAP_ANONYMOUS, -1, 0) = 0xb7dd9000
11317 15:07:11.710286 mprotect(0xb7deb000, 4096, PROT_NONE) = 0
11317 15:07:11.710314 mprotect(0xb7dd9000, 4096, PROT_NONE) = 0
11317 15:07:11.710360 read(6, "assasaaa\na\na\na\na\n", 65536) = 17
11317 15:07:11.710393 write(4, "assasaaa\na\na\na\na\n", 17) = 17
11317 15:07:11.710432 read(6, "", 65536) = 0
11317 15:07:11.710456 rt_sigaction(SIGALRM, {0x805cad0, ~[RTMIN RT_1], 0}, NULL, 8) = 0
11317 15:07:11.710487 alarm(300)        = 300
11317 15:07:11.710510 close(6)          = 0
11317 15:07:11.710530 alarm(0)          = 300
11317 15:07:11.710552 gettimeofday({1495652831, 710561}, NULL) = 0
11317 15:07:11.710594 getpid()          = 11317
11317 15:07:11.710638 gettimeofday({1495652831, 710651}, NULL) = 0
11317 15:07:11.710683 fcntl64(3, F_SETLKW64, {type=F_WRLCK, whence=SEEK_SET, start=0, len=0}, 0xbf9feb84) = 0
11317 15:07:11.710737 write(3, "Wed May 24 15:07:11 2017 [pid 11317] [msfadmin] OK UPLOAD: Client \"127.0.0.1\", \"/home/msfadmin/myfile27\", 17 bytes, 10.51Kbyte/sec\n", 131) = 131
11317 15:07:11.710785 fcntl64(3, F_SETLK64, {type=F_UNLCK, whence=SEEK_SET, start=0, len=0}, 0xbf9feb8c) = 0
11317 15:07:11.710819 write(0, "226 Transfer complete.\r\n", 24) = 24
11317 15:07:11.710913 write(5, "\n", 1) = 1
11317 15:07:11.710941 read(5,  <unfinished ...>
11315 15:07:11.710958 close(6)          = 0
11315 15:07:11.711001 read(4, "\n", 1)  = 1
11315 15:07:11.711027 close(5)          = 0
11315 15:07:11.711054 write(4, "\1", 1) = 1
11317 15:07:11.711079 <... read resumed> "\1", 1) = 1
11317 15:07:11.711096 close(4)          = 0
11317 15:07:11.711120 rt_sigaction(SIGALRM, {0x805cad0, ~[RTMIN RT_1], 0}, NULL, 8) = 0
11317 15:07:11.711152 alarm(300)        = 0
11317 15:07:11.711178 recv(0,  <unfinished ...>
11315 15:07:11.711195 read(4,  <unfinished ...>
11317 15:07:12.222708 <... recv resumed> "TYPE I\r\n", 4096, MSG_PEEK) = 8
11317 15:07:12.222760 read(0, "TYPE I\r\n", 8) = 8
11317 15:07:12.222799 write(0, "200 Switching to Binary mode.\r\n", 31) = 31
11317 15:07:12.222906 rt_sigaction(SIGALRM, {0x805cad0, ~[RTMIN RT_1], 0}, NULL, 8) = 0
11317 15:07:12.222942 alarm(300)        = 299
11317 15:07:12.222967 recv(0, "PASV\r\n", 4096, MSG_PEEK) = 6
11317 15:07:12.222990 read(0, "PASV\r\n", 6) = 6
11317 15:07:12.223015 write(5, "\n", 1) = 1
11317 15:07:12.223039 read(5,  <unfinished ...>
11315 15:07:12.223055 <... read resumed> "\n", 1) = 1
11315 15:07:12.223073 write(4, "\1", 1) = 1
11317 15:07:12.223095 <... read resumed> "\1", 1) = 1
11317 15:07:12.223109 write(5, "\f", 1) = 1
11317 15:07:12.223146 read(5,  <unfinished ...>
11315 15:07:12.223165 read(4, "\f", 1)  = 1
11315 15:07:12.223190 socket(PF_INET, SOCK_STREAM, IPPROTO_TCP) = 5
11315 15:07:12.223220 setsockopt(5, SOL_SOCKET, SO_REUSEADDR, [1], 4) = 0
11315 15:07:12.223249 bind(5, {sa_family=AF_INET, sin_port=htons(62363), sin_addr=inet_addr("127.0.0.1")}, 16) = 0
11315 15:07:12.223280 listen(5, 1)      = 0
11315 15:07:12.223306 write(4, "\233\363\0\0", 4) = 4
11317 15:07:12.223330 <... read resumed> "\233\363\0\0", 4) = 4
11317 15:07:12.223354 write(0, "227 Entering Passive Mode (127,0,0,1,243,155).\r\n", 48) = 48
11317 15:07:12.223623 rt_sigaction(SIGALRM, {0x805cad0, ~[RTMIN RT_1], 0}, NULL, 8) = 0
11317 15:07:12.223664 alarm(300)        = 300
11317 15:07:12.223691 recv(0, "STOR myfile28\r\n", 4096, MSG_PEEK) = 15
11317 15:07:12.223743 read(0, "STOR myfile28\r\n", 15) = 15
11317 15:07:12.223776 write(5, "\v", 1) = 1
11317 15:07:12.223802 read(5,  <unfinished ...>
11315 15:07:12.223818 read(4, "\v", 1)  = 1
11315 15:07:12.223844 write(4, "\1\0\0\0", 4) = 4
11317 15:07:12.223868 <... read resumed> "\1\0\0\0", 4) = 4
11317 15:07:12.223888 gettimeofday({1495652832, 223896}, NULL) = 0
11317 15:07:12.223912 getcwd("/home/msfadmin", 4096) = 15
11317 15:07:12.223940 open("myfile28", O_WRONLY|O_CREAT|O_NONBLOCK|O_LARGEFILE, 0666) = 4
11317 15:07:12.223987 fstat64(4, {st_mode=S_IFREG|0644, st_size=17, ...}) = 0
11317 15:07:12.224030 fcntl64(4, F_GETFL) = 0x8801 (flags O_WRONLY|O_NONBLOCK|O_LARGEFILE)
11317 15:07:12.224069 fcntl64(4, F_SETFL, O_WRONLY|O_LARGEFILE) = 0
11317 15:07:12.224093 fcntl64(4, F_SETLKW64, {type=F_WRLCK, whence=SEEK_SET, start=0, len=0}, 0xbf9febe4) = 0
11317 15:07:12.224125 ftruncate64(4, 0) = 0
11317 15:07:12.224163 _llseek(4, 0, [0], SEEK_SET) = 0
11317 15:07:12.224190 write(5, "\v", 1) = 1
11317 15:07:12.224213 read(5,  <unfinished ...>
11315 15:07:12.224229 read(4, "\v", 1)  = 1
11315 15:07:12.224275 write(4, "\1\0\0\0", 4) = 4
11317 15:07:12.224302 <... read resumed> "\1\0\0\0", 4) = 4
11317 15:07:12.224320 write(5, "\v", 1) = 1
11317 15:07:12.224343 read(5,  <unfinished ...>
11315 15:07:12.224358 read(4, "\v", 1)  = 1
11315 15:07:12.224383 write(4, "\1\0\0\0", 4) = 4
11317 15:07:12.224428 <... read resumed> "\1\0\0\0", 4) = 4
11317 15:07:12.224448 write(5, "\r", 1) = 1
11317 15:07:12.224471 read(5,  <unfinished ...>
11315 15:07:12.224487 read(4, "\r", 1)  = 1
11315 15:07:12.224529 select(6, [5], NULL, NULL, {60, 0}) = 1 (in [5], left {60, 0})
11315 15:07:12.224569 accept(5, {sa_family=AF_INET, sin_port=htons(60012), sin_addr=inet_addr("127.0.0.1")}, [16]) = 6
11315 15:07:12.224620 write(4, "\1", 1) = 1
11317 15:07:12.224646 <... read resumed> "\1", 1) = 1
11317 15:07:12.224665 recvmsg(5,  <unfinished ...>
11315 15:07:12.224685 sendmsg(4, {msg_name(0)=NULL, msg_iov(1)=[{"\0", 1}], msg_controllen=16, {cmsg_len=16, cmsg_level=SOL_SOCKET, cmsg_type=SCM_RIGHTS, {6}}, msg_flags=0}, 0) = 1
11317 15:07:12.224725 <... recvmsg resumed> {msg_name(0)=NULL, msg_iov(1)=[{"\0", 1}], msg_controllen=16, {cmsg_len=16, cmsg_level=SOL_SOCKET, cmsg_type=SCM_RIGHTS, {6}}, msg_flags=0}, 0) = 1
11317 15:07:12.224756 setsockopt(6, SOL_SOCKET, SO_KEEPALIVE, [1], 4) = 0
11317 15:07:12.224803 setsockopt(6, SOL_IP, IP_TOS, [8], 4) = 0
11317 15:07:12.224832 setsockopt(6, SOL_SOCKET, SO_LINGER, {onoff=1, linger=32767}, 8) = 0
11317 15:07:12.224858 rt_sigaction(SIGALRM, {0x805cad0, ~[RTMIN RT_1], 0}, NULL, 8) = 0
11317 15:07:12.224891 alarm(300)        = 300
11317 15:07:12.224920 write(0, "150 Ok to send data.\r\n", 22) = 22
11317 15:07:12.225104 read(6, "assasaaa\na\na\na\na\n", 65536) = 17
11317 15:07:12.225138 write(4, "assasaaa\na\na\na\na\n", 17) = 17
11317 15:07:12.225177 read(6, "", 65536) = 0
11317 15:07:12.225201 rt_sigaction(SIGALRM, {0x805cad0, ~[RTMIN RT_1], 0}, NULL, 8) = 0
11317 15:07:12.225233 alarm(300)        = 300
11317 15:07:12.225255 close(6)          = 0
11317 15:07:12.225276 alarm(0)          = 300
11317 15:07:12.225298 gettimeofday({1495652832, 225306}, NULL) = 0
11317 15:07:12.225331 gettimeofday({1495652832, 225341}, NULL) = 0
11317 15:07:12.225400 fcntl64(3, F_SETLKW64, {type=F_WRLCK, whence=SEEK_SET, start=0, len=0}, 0xbf9feb84) = 0
11317 15:07:12.225436 write(3, "Wed May 24 15:07:12 2017 [pid 11317] [msfadmin] OK UPLOAD: Client \"127.0.0.1\", \"/home/msfadmin/myfile28\", 17 bytes, 11.49Kbyte/sec\n", 131) = 131
11317 15:07:12.225484 fcntl64(3, F_SETLK64, {type=F_UNLCK, whence=SEEK_SET, start=0, len=0}, 0xbf9feb8c) = 0
11317 15:07:12.225517 write(0, "226 Transfer complete.\r\n", 24) = 24
11317 15:07:12.225608 write(5, "\n", 1) = 1
11317 15:07:12.225667 read(5,  <unfinished ...>
11315 15:07:12.225686 close(6)          = 0
11315 15:07:12.225731 read(4, "\n", 1)  = 1
11315 15:07:12.225758 close(5)          = 0
11315 15:07:12.225784 write(4, "\1", 1) = 1
11317 15:07:12.225810 <... read resumed> "\1", 1) = 1
11317 15:07:12.225827 close(4)          = 0
11317 15:07:12.225851 rt_sigaction(SIGALRM, {0x805cad0, ~[RTMIN RT_1], 0}, NULL, 8) = 0
11317 15:07:12.225883 alarm(300)        = 0
11317 15:07:12.225908 recv(0,  <unfinished ...>
11315 15:07:12.225942 read(4,  <unfinished ...>
11317 15:07:12.742580 <... recv resumed> "TYPE I\r\n", 4096, MSG_PEEK) = 8
11317 15:07:12.742621 read(0, "TYPE I\r\n", 8) = 8
11317 15:07:12.742651 write(0, "200 Switching to Binary mode.\r\n", 31) = 31
11317 15:07:12.742717 rt_sigaction(SIGALRM, {0x805cad0, ~[RTMIN RT_1], 0}, NULL, 8) = 0
11317 15:07:12.742744 alarm(300)        = 299
11317 15:07:12.742763 recv(0, "PASV\r\n", 4096, MSG_PEEK) = 6
11317 15:07:12.742790 read(0, "PASV\r\n", 6) = 6
11317 15:07:12.742809 write(5, "\n", 1 <unfinished ...>
11315 15:07:12.742824 <... read resumed> "\n", 1) = 1
11317 15:07:12.742832 <... write resumed> ) = 1
11315 15:07:12.742842 write(4, "\1", 1) = 1
11315 15:07:12.742858 read(4,  <unfinished ...>
11317 15:07:12.742868 read(5, "\1", 1)  = 1
11317 15:07:12.742885 write(5, "\f", 1 <unfinished ...>
11315 15:07:12.742895 <... read resumed> "\f", 1) = 1
11317 15:07:12.742902 <... write resumed> ) = 1
11315 15:07:12.742912 socket(PF_INET, SOCK_STREAM, IPPROTO_TCP) = 5
11315 15:07:12.742935 setsockopt(5, SOL_SOCKET, SO_REUSEADDR, [1], 4) = 0
11315 15:07:12.742955 bind(5, {sa_family=AF_INET, sin_port=htons(28148), sin_addr=inet_addr("127.0.0.1")}, 16) = 0
11315 15:07:12.742979 listen(5, 1)      = 0
11315 15:07:12.742998 write(4, "\364m\0\0", 4) = 4
11315 15:07:12.743014 read(4,  <unfinished ...>
11317 15:07:12.743024 read(5, "\364m\0\0", 4) = 4
11317 15:07:12.743047 write(0, "227 Entering Passive Mode (127,0,0,1,109,244).\r\n", 48) = 48
11317 15:07:12.743199 rt_sigaction(SIGALRM, {0x805cad0, ~[RTMIN RT_1], 0}, NULL, 8) = 0
11317 15:07:12.743224 alarm(300)        = 300
11317 15:07:12.743240 recv(0, "STOR myfile29\r\n", 4096, MSG_PEEK) = 15
11317 15:07:12.743258 read(0, "STOR myfile29\r\n", 15) = 15
11317 15:07:12.743277 write(5, "\v", 1 <unfinished ...>
11315 15:07:12.743289 <... read resumed> "\v", 1) = 1
11317 15:07:12.743296 <... write resumed> ) = 1
11315 15:07:12.743305 write(4, "\1\0\0\0", 4) = 4
11315 15:07:12.743320 read(4,  <unfinished ...>
11317 15:07:12.743330 read(5, "\1\0\0\0", 4) = 4
11317 15:07:12.743347 gettimeofday({1495652832, 743352}, NULL) = 0
11317 15:07:12.743362 getcwd("/home/msfadmin", 4096) = 15
11317 15:07:12.743553 open("myfile29", O_WRONLY|O_CREAT|O_NONBLOCK|O_LARGEFILE, 0666) = 4
11317 15:07:12.743585 fstat64(4, {st_mode=S_IFREG|0644, st_size=17, ...}) = 0
11317 15:07:12.743623 fcntl64(4, F_GETFL) = 0x8801 (flags O_WRONLY|O_NONBLOCK|O_LARGEFILE)
11317 15:07:12.743646 fcntl64(4, F_SETFL, O_WRONLY|O_LARGEFILE) = 0
11317 15:07:12.743668 fcntl64(4, F_SETLKW64, {type=F_WRLCK, whence=SEEK_SET, start=0, len=0}, 0xbf9febe4) = 0
11317 15:07:12.743697 ftruncate64(4, 0) = 0
11317 15:07:12.743735 _llseek(4, 0, [0], SEEK_SET) = 0
11317 15:07:12.743758 write(5, "\v", 1 <unfinished ...>
11315 15:07:12.743776 <... read resumed> "\v", 1) = 1
11317 15:07:12.743787 <... write resumed> ) = 1
11315 15:07:12.743800 write(4, "\1\0\0\0", 4) = 4
11315 15:07:12.743824 read(4,  <unfinished ...>
11317 15:07:12.743839 read(5, "\1\0\0\0", 4) = 4
11317 15:07:12.743863 write(5, "\v", 1 <unfinished ...>
11315 15:07:12.743878 <... read resumed> "\v", 1) = 1
11317 15:07:12.743888 <... write resumed> ) = 1
11315 15:07:12.743901 write(4, "\1\0\0\0", 4) = 4
11315 15:07:12.743924 read(4,  <unfinished ...>
11317 15:07:12.743938 read(5, "\1\0\0\0", 4) = 4
11317 15:07:12.743962 write(5, "\r", 1 <unfinished ...>
11315 15:07:12.743977 <... read resumed> "\r", 1) = 1
11317 15:07:12.743988 <... write resumed> ) = 1
11315 15:07:12.744003 select(6, [5], NULL, NULL, {60, 0}) = 1 (in [5], left {60, 0})
11315 15:07:12.744037 accept(5, {sa_family=AF_INET, sin_port=htons(49689), sin_addr=inet_addr("127.0.0.1")}, [16]) = 6
11315 15:07:12.744086 write(4, "\1", 1) = 1
11315 15:07:12.744112 sendmsg(4, {msg_name(0)=NULL, msg_iov(1)=[{"\0", 1}], msg_controllen=16, {cmsg_len=16, cmsg_level=SOL_SOCKET, cmsg_type=SCM_RIGHTS, {6}}, msg_flags=0}, 0) = 1
11315 15:07:12.744147 close(6)          = 0
11315 15:07:12.744169 read(4,  <unfinished ...>
11317 15:07:12.744184 read(5, "\1", 1)  = 1
11317 15:07:12.744210 recvmsg(5, {msg_name(0)=NULL, msg_iov(1)=[{"\0", 1}], msg_controllen=16, {cmsg_len=16, cmsg_level=SOL_SOCKET, cmsg_type=SCM_RIGHTS, {6}}, msg_flags=0}, 0) = 1
11317 15:07:12.744249 setsockopt(6, SOL_SOCKET, SO_KEEPALIVE, [1], 4) = 0
11317 15:07:12.744275 setsockopt(6, SOL_IP, IP_TOS, [8], 4) = 0
11317 15:07:12.744301 setsockopt(6, SOL_SOCKET, SO_LINGER, {onoff=1, linger=32767}, 8) = 0
11317 15:07:12.744325 rt_sigaction(SIGALRM, {0x805cad0, ~[RTMIN RT_1], 0}, NULL, 8) = 0
11317 15:07:12.744364 alarm(300)        = 300
11317 15:07:12.744391 write(0, "150 Ok to send data.\r\n", 22) = 22
11317 15:07:12.744565 read(6, "assasaaa\na\na\na\na\n", 65536) = 17
11317 15:07:12.744596 write(4, "assasaaa\na\na\na\na\n", 17) = 17
11317 15:07:12.744630 read(6, "", 65536) = 0
11317 15:07:12.744652 rt_sigaction(SIGALRM, {0x805cad0, ~[RTMIN RT_1], 0}, NULL, 8) = 0
11317 15:07:12.744682 alarm(300)        = 300
11317 15:07:12.744703 close(6)          = 0
11317 15:07:12.744737 alarm(0)          = 300
11317 15:07:12.744758 gettimeofday({1495652832, 744766}, NULL) = 0
11317 15:07:12.744790 gettimeofday({1495652832, 744799}, NULL) = 0
11317 15:07:12.744820 fcntl64(3, F_SETLKW64, {type=F_WRLCK, whence=SEEK_SET, start=0, len=0}, 0xbf9feb84) = 0
11317 15:07:12.744852 write(3, "Wed May 24 15:07:12 2017 [pid 11317] [msfadmin] OK UPLOAD: Client \"127.0.0.1\", \"/home/msfadmin/myfile29\", 17 bytes, 11.47Kbyte/sec\n", 131) = 131
11317 15:07:12.744897 fcntl64(3, F_SETLK64, {type=F_UNLCK, whence=SEEK_SET, start=0, len=0}, 0xbf9feb8c) = 0
11317 15:07:12.744929 write(0, "226 Transfer complete.\r\n", 24) = 24
11317 15:07:12.745014 write(5, "\n", 1 <unfinished ...>
11315 15:07:12.745035 <... read resumed> "\n", 1) = 1
11317 15:07:12.745046 <... write resumed> ) = 1
11315 15:07:12.745059 close(5)          = 0
11315 15:07:12.745084 write(4, "\1", 1) = 1
11315 15:07:12.745107 read(4,  <unfinished ...>
11317 15:07:12.745122 read(5, "\1", 1)  = 1
11317 15:07:12.745146 close(4)          = 0
11317 15:07:12.745169 rt_sigaction(SIGALRM, {0x805cad0, ~[RTMIN RT_1], 0}, NULL, 8) = 0
11317 15:07:12.745198 alarm(300)        = 0
11317 15:07:12.745222 recv(0,  <unfinished ...>
4439  15:07:12.817268 <... select resumed> ) = ? ERESTARTNOHAND (To be restarted)
4439  15:07:12.817316 --- SIGCHLD (Child exited) @ 0 (0) ---
4439  15:07:12.817337 write(4, "\21", 1) = 1
4439  15:07:12.817372 sigreturn()       = ? (mask now [])
4439  15:07:12.817436 select(13, [3 5 6 8 9 10 11 12], NULL, NULL, NULL) = 1 (in [3])
4439  15:07:12.817477 ioctl(3, FIONREAD, [1]) = 0
4439  15:07:12.817507 read(3, "\21", 1) = 1
4439  15:07:12.817536 waitpid(-1, [{WIFEXITED(s) && WEXITSTATUS(s) == 0}], WNOHANG) = 11305
4439  15:07:12.817569 close(-1)         = -1 EBADF (Bad file descriptor)
4439  15:07:12.817599 waitpid(-1, 0xbff6282c, WNOHANG) = 0
4439  15:07:12.817625 select(13, [3 5 6 8 9 10 11 12], NULL, NULL, NULL <unfinished ...>
