9628  14:49:56.617995 fstat64(4, {st_mode=S_IFREG|0644, st_size=17, ...}) = 0
9628  14:49:56.618071 fcntl64(4, F_GETFL) = 0x8801 (flags O_WRONLY|O_NONBLOCK|O_LARGEFILE)
9628  14:49:56.618119 fcntl64(4, F_SETFL, O_WRONLY|O_LARGEFILE) = 0
9628  14:49:56.618161 fcntl64(4, F_SETLKW64, {type=F_WRLCK, whence=SEEK_SET, start=0, len=0}, 0xbfcf16e4) = 0
9628  14:49:56.618220 ftruncate64(4, 0) = 0
9628  14:49:56.618291 _llseek(4, 0, [0], SEEK_SET) = 0
9628  14:49:56.618339 write(5, "\v", 1 <unfinished ...>
9626  14:49:56.618372 <... read resumed> "\v", 1) = 1
9628  14:49:56.618393 <... write resumed> ) = 1
9626  14:49:56.618420 write(4, "\1\0\0\0", 4) = 4
9626  14:49:56.618468 read(4,  <unfinished ...>
9628  14:49:56.618497 read(5, "\1\0\0\0", 4) = 4
9628  14:49:56.618592 write(5, "\v", 1 <unfinished ...>
9626  14:49:56.618636 <... read resumed> "\v", 1) = 1
9628  14:49:56.618657 <... write resumed> ) = 1
9626  14:49:56.618684 write(4, "\1\0\0\0", 4) = 4
9626  14:49:56.618730 read(4,  <unfinished ...>
9628  14:49:56.618759 read(5, "\1\0\0\0", 4) = 4
9628  14:49:56.618807 write(5, "\r", 1) = 1
9626  14:49:56.618849 <... read resumed> "\r", 1) = 1
9626  14:49:56.618883 select(6, [5], NULL, NULL, {60, 0}) = 1 (in [5], left {60, 0})
9626  14:49:56.618952 accept(5, {sa_family=AF_INET, sin_port=htons(32931), sin_addr=inet_addr("127.0.0.1")}, [16]) = 6
9626  14:49:56.619048 write(4, "\1", 1) = 1
9626  14:49:56.619099 sendmsg(4, {msg_name(0)=NULL, msg_iov(1)=[{"\0", 1}], msg_controllen=16, {cmsg_len=16, cmsg_level=SOL_SOCKET, cmsg_type=SCM_RIGHTS, {6}}, msg_flags=0}, 0) = 1
9626  14:49:56.619171 close(6)          = 0
9626  14:49:56.619213 read(4,  <unfinished ...>
9628  14:49:56.619242 read(5, "\1", 1)  = 1
9628  14:49:56.619296 recvmsg(5, {msg_name(0)=NULL, msg_iov(1)=[{"\0", 1}], msg_controllen=16, {cmsg_len=16, cmsg_level=SOL_SOCKET, cmsg_type=SCM_RIGHTS, {6}}, msg_flags=0}, 0) = 1
9628  14:49:56.619373 setsockopt(6, SOL_SOCKET, SO_KEEPALIVE, [1], 4) = 0
9628  14:49:56.619426 setsockopt(6, SOL_IP, IP_TOS, [8], 4) = 0
9628  14:49:56.619478 setsockopt(6, SOL_SOCKET, SO_LINGER, {onoff=1, linger=32767}, 8) = 0
9628  14:49:56.619592 rt_sigaction(SIGALRM, {0x805cad0, ~[RTMIN RT_1], 0}, NULL, 8) = 0
9628  14:49:56.619676 alarm(300)        = 300
9628  14:49:56.619733 write(0, "150 Ok to send data.\r\n", 22) = 22
9628  14:49:56.620002 read(6, "assasaaa\na\na\na\na\n", 65536) = 17
9628  14:49:56.620064 write(4, "assasaaa\na\na\na\na\n", 17) = 17
9628  14:49:56.620131 read(6, "", 65536) = 0
9628  14:49:56.620176 rt_sigaction(SIGALRM, {0x805cad0, ~[RTMIN RT_1], 0}, NULL, 8) = 0
9628  14:49:56.620235 alarm(300)        = 300
9628  14:49:56.620277 close(6)          = 0
9628  14:49:56.620348 alarm(0)          = 300
9628  14:49:56.620390 gettimeofday({1495651796, 620405}, NULL) = 0
9628  14:49:56.620453 gettimeofday({1495651796, 620555}, NULL) = 0
9628  14:49:56.620613 fcntl64(3, F_SETLKW64, {type=F_WRLCK, whence=SEEK_SET, start=0, len=0}, 0xbfcf1684) = 0
9628  14:49:56.620685 write(3, "Wed May 24 14:49:56 2017 [pid 9628] [msfadmin] OK UPLOAD: Client \"127.0.0.1\", \"/home/msfadmin/myfile40\", 17 bytes, 6.14Kbyte/sec\n", 129) = 129
9628  14:49:56.620773 fcntl64(3, F_SETLK64, {type=F_UNLCK, whence=SEEK_SET, start=0, len=0}, 0xbfcf168c) = 0
9628  14:49:56.620837 write(0, "226 Transfer complete.\r\n", 24) = 24
9628  14:49:56.621047 write(5, "\n", 1 <unfinished ...>
9626  14:49:56.621090 <... read resumed> "\n", 1) = 1
9628  14:49:56.621113 <... write resumed> ) = 1
9626  14:49:56.621140 close(5)          = 0
9626  14:49:56.621192 write(4, "\1", 1) = 1
9626  14:49:56.621239 read(4,  <unfinished ...>
9628  14:49:56.621269 read(5, "\1", 1)  = 1
9628  14:49:56.621317 close(4)          = 0
9628  14:49:56.621363 rt_sigaction(SIGALRM, {0x805cad0, ~[RTMIN RT_1], 0}, NULL, 8) = 0
9628  14:49:56.621421 alarm(300)        = 0
9628  14:49:56.621541 recv(0, "TYPE I\r\n", 4096, MSG_PEEK) = 8
9628  14:49:57.145435 read(0, "TYPE I\r\n", 8) = 8
9628  14:49:57.145702 write(0, "200 Switching to Binary mode.\r\n", 31) = 31
9628  14:49:57.146019 rt_sigaction(SIGALRM, {0x805cad0, ~[RTMIN RT_1], 0}, NULL, 8) = 0
9628  14:49:57.146141 alarm(300)        = 299
9628  14:49:57.146294 recv(0, "PASV\r\n", 4096, MSG_PEEK) = 6
9628  14:49:57.146349 read(0, "PASV\r\n", 6) = 6
9628  14:49:57.146403 write(5, "\n", 1 <unfinished ...>
9626  14:49:57.146444 <... read resumed> "\n", 1) = 1
9628  14:49:57.146467 <... write resumed> ) = 1
9626  14:49:57.146497 write(4, "\1", 1) = 1
9626  14:49:57.146544 read(4,  <unfinished ...>
9628  14:49:57.146575 read(5, "\1", 1)  = 1
9628  14:49:57.146625 write(5, "\f", 1) = 1
9626  14:49:57.146667 <... read resumed> "\f", 1) = 1
9626  14:49:57.146702 socket(PF_INET, SOCK_STREAM, IPPROTO_TCP) = 5
9626  14:49:57.146738 setsockopt(5, SOL_SOCKET, SO_REUSEADDR, [1], 4) = 0
9626  14:49:57.146739 bind(5, {sa_family=AF_INET, sin_port=htons(5062), sin_addr=inet_addr("127.0.0.1")}, 16) = 0
9626  14:49:57.146739 listen(5, 1)      = 0
9626  14:49:57.146783 write(4, "\306\23\0\0", 4) = 4
9626  14:49:57.146835 read(4,  <unfinished ...>
9628  14:49:57.146866 read(5, "\306\23\0\0", 4) = 4
9628  14:49:57.146937 write(0, "227 Entering Passive Mode (127,0,0,1,19,198).\r\n", 47) = 47
9628  14:49:57.147367 rt_sigaction(SIGALRM, {0x805cad0, ~[RTMIN RT_1], 0}, NULL, 8) = 0
9628  14:49:57.147446 alarm(300)        = 300
9628  14:49:57.147553 recv(0, "STOR myfile0\r\n", 4096, MSG_PEEK) = 14
9628  14:49:57.147614 read(0, "STOR myfile0\r\n", 14) = 14
9628  14:49:57.147675 write(5, "\v", 1 <unfinished ...>
9626  14:49:57.147711 <... read resumed> "\v", 1) = 1
9628  14:49:57.147734 <... write resumed> ) = 1
9626  14:49:57.147762 write(4, "\1\0\0\0", 4) = 4
9626  14:49:57.147810 read(4,  <unfinished ...>
9628  14:49:57.147840 read(5, "\1\0\0\0", 4) = 4
9628  14:49:57.147891 gettimeofday({1495651797, 147908}, NULL) = 0
9628  14:49:57.147940 getcwd("/home/msfadmin", 4096) = 15
9628  14:49:57.147994 open("myfile0", O_WRONLY|O_CREAT|O_NONBLOCK|O_LARGEFILE, 0666) = 4
9628  14:49:57.148053 fstat64(4, {st_mode=S_IFREG|0644, st_size=17, ...}) = 0
9628  14:49:57.148129 fcntl64(4, F_GETFL) = 0x8801 (flags O_WRONLY|O_NONBLOCK|O_LARGEFILE)
9628  14:49:57.148178 fcntl64(4, F_SETFL, O_WRONLY|O_LARGEFILE) = 0
9628  14:49:57.148221 fcntl64(4, F_SETLKW64, {type=F_WRLCK, whence=SEEK_SET, start=0, len=0}, 0xbfcf16e4) = 0
9628  14:49:57.148303 ftruncate64(4, 0) = 0
9628  14:49:57.148375 _llseek(4, 0, [0], SEEK_SET) = 0
9628  14:49:57.148423 write(5, "\v", 1 <unfinished ...>
9626  14:49:57.148503 <... read resumed> "\v", 1) = 1
9628  14:49:57.148538 <... write resumed> ) = 1
9626  14:49:57.148579 write(4, "\1\0\0\0", 4) = 4
9626  14:49:57.148652 read(4,  <unfinished ...>
9628  14:49:57.148689 read(5, "\1\0\0\0", 4) = 4
9628  14:49:57.148758 write(5, "\v", 1) = 1
9626  14:49:57.148811 <... read resumed> "\v", 1) = 1
9626  14:49:57.148842 write(4, "\1\0\0\0", 4) = 4
9626  14:49:57.148889 read(4,  <unfinished ...>
9628  14:49:57.148918 read(5, "\1\0\0\0", 4) = 4
9628  14:49:57.148990 write(5, "\r", 1) = 1
9626  14:49:57.149054 <... read resumed> "\r", 1) = 1
9626  14:49:57.149108 select(6, [5], NULL, NULL, {60, 0}) = 1 (in [5], left {60, 0})
9626  14:49:57.149214 accept(5, {sa_family=AF_INET, sin_port=htons(57234), sin_addr=inet_addr("127.0.0.1")}, [16]) = 6
9626  14:49:57.149316 write(4, "\1", 1) = 1
9626  14:49:57.149368 sendmsg(4, {msg_name(0)=NULL, msg_iov(1)=[{"\0", 1}], msg_controllen=16, {cmsg_len=16, cmsg_level=SOL_SOCKET, cmsg_type=SCM_RIGHTS, {6}}, msg_flags=0}, 0) = 1
9626  14:49:57.149589 close(6)          = 0
9626  14:49:57.149687 read(4,  <unfinished ...>
9628  14:49:57.149741 read(5, "\1", 1)  = 1
9628  14:49:57.149811 recvmsg(5, {msg_name(0)=NULL, msg_iov(1)=[{"\0", 1}], msg_controllen=16, {cmsg_len=16, cmsg_level=SOL_SOCKET, cmsg_type=SCM_RIGHTS, {6}}, msg_flags=0}, 0) = 1
9628  14:49:57.149906 setsockopt(6, SOL_SOCKET, SO_KEEPALIVE, [1], 4) = 0
9628  14:49:57.149962 setsockopt(6, SOL_IP, IP_TOS, [8], 4) = 0
9628  14:49:57.150014 setsockopt(6, SOL_SOCKET, SO_LINGER, {onoff=1, linger=32767}, 8) = 0
9628  14:49:57.150063 rt_sigaction(SIGALRM, {0x805cad0, ~[RTMIN RT_1], 0}, NULL, 8) = 0
9628  14:49:57.150131 alarm(300)        = 300
9628  14:49:57.150191 write(0, "150 Ok to send data.\r\n", 22) = 22
9628  14:49:57.152370 read(6, "assasaaa\na\na\na\na\n", 65536) = 17
9628  14:49:57.152528 write(4, "assasaaa\na\na\na\na\n", 17) = 17
9628  14:49:57.152612 read(6, "", 65536) = 0
9628  14:49:57.152662 rt_sigaction(SIGALRM, {0x805cad0, ~[RTMIN RT_1], 0}, NULL, 8) = 0
9628  14:49:57.152726 alarm(300)        = 300
9628  14:49:57.152771 close(6)          = 0
9628  14:49:57.152852 alarm(0)          = 300
9628  14:49:57.152895 gettimeofday({1495651797, 152910}, NULL) = 0
9628  14:49:57.152961 gettimeofday({1495651797, 152979}, NULL) = 0
9628  14:49:57.153021 fcntl64(3, F_SETLKW64, {type=F_WRLCK, whence=SEEK_SET, start=0, len=0}, 0xbfcf1684) = 0
9628  14:49:57.153091 write(3, "Wed May 24 14:49:57 2017 [pid 9628] [msfadmin] OK UPLOAD: Client \"127.0.0.1\", \"/home/msfadmin/myfile0\", 17 bytes, 3.27Kbyte/sec\n", 128) = 128
9628  14:49:57.153180 fcntl64(3, F_SETLK64, {type=F_UNLCK, whence=SEEK_SET, start=0, len=0}, 0xbfcf168c) = 0
9628  14:49:57.153246 write(0, "226 Transfer complete.\r\n", 24) = 24
9628  14:49:57.153488 write(5, "\n", 1 <unfinished ...>
9626  14:49:57.153538 <... read resumed> "\n", 1) = 1
9628  14:49:57.153562 <... write resumed> ) = 1
9626  14:49:57.153590 close(5)          = 0
9626  14:49:57.153644 write(4, "\1", 1) = 1
9626  14:49:57.153692 read(4,  <unfinished ...>
9628  14:49:57.153724 read(5, "\1", 1)  = 1
9628  14:49:57.153772 close(4)          = 0
9628  14:49:57.153821 rt_sigaction(SIGALRM, {0x805cad0, ~[RTMIN RT_1], 0}, NULL, 8) = 0
9628  14:49:57.153916 alarm(300)        = 0
9628  14:49:57.153980 recv(0,  <unfinished ...>
9629  14:49:57.641950 <... read resumed> "\n", 1) = 1
9629  14:49:57.642333 stat64(".", {st_mode=S_IFDIR|0755, st_size=4096, ...}) = 0
9629  14:49:57.642629 stat64("/sbin/nohup", 0xbfea5fe8) = -1 ENOENT (No such file or directory)
9629  14:49:57.642787 stat64("/bin/nohup", 0xbfea5fe8) = -1 ENOENT (No such file or directory)
9629  14:49:57.642900 stat64("/usr/sbin/nohup", 0xbfea5fe8) = -1 ENOENT (No such file or directory)
9629  14:49:57.642999 stat64("/usr/bin/nohup", {st_mode=S_IFREG|0755, st_size=26336, ...}) = 0
9629  14:49:57.643093 stat64("/usr/bin/nohup", {st_mode=S_IFREG|0755, st_size=26336, ...}) = 0
9629  14:49:57.643274 rt_sigprocmask(SIG_BLOCK, [INT CHLD], [], 8) = 0
9629  14:49:57.643352 clone(child_stack=0, flags=CLONE_CHILD_CLEARTID|CLONE_CHILD_SETTID|SIGCHLD, child_tidptr=0xb7dd16f8) = 9632
9632  14:49:57.643581 rt_sigprocmask(SIG_SETMASK, [], NULL, 8) = 0
9632  14:49:57.643657 rt_sigaction(SIGTSTP, {SIG_DFL}, {SIG_DFL}, 8) = 0
9632  14:49:57.643718 rt_sigaction(SIGTTIN, {SIG_DFL}, {SIG_DFL}, 8) = 0
9632  14:49:57.643771 rt_sigaction(SIGTTOU, {SIG_DFL}, {SIG_DFL}, 8) = 0
9632  14:49:57.643840 rt_sigaction(SIGINT, {SIG_DFL}, {SIG_DFL}, 8) = 0
9632  14:49:57.643912 rt_sigaction(SIGQUIT, {SIG_DFL}, {SIG_IGN}, 8) = 0
9632  14:49:57.643970 rt_sigaction(SIGCHLD, {SIG_DFL}, {0x807e540, [], 0}, 8) = 0
9632  14:49:57.644121 open("/dev/null", O_WRONLY|O_CREAT|O_TRUNC|O_LARGEFILE, 0666) = 7
9632  14:49:57.644283 dup2(7, 1)        = 1
9632  14:49:57.644347 close(7)          = 0
9632  14:49:57.644390 dup2(1, 2)        = 2
9632  14:49:57.644430 fcntl64(1, F_GETFD) = 0
9632  14:49:57.644485 execve("/usr/bin/nohup", ["nohup"], [/* 16 vars */]) = 0
9632  14:49:57.644792 brk(0)            = 0x804f000
9632  14:49:57.644876 access("/etc/ld.so.nohwcap", F_OK) = -1 ENOENT (No such file or directory)
9632  14:49:57.644946 mmap2(NULL, 8192, PROT_READ|PROT_WRITE, MAP_PRIVATE|MAP_ANONYMOUS, -1, 0) = 0xb7f4d000
9632  14:49:57.645005 access("/etc/ld.so.preload", R_OK) = -1 ENOENT (No such file or directory)
9632  14:49:57.645129 open("/etc/ld.so.cache", O_RDONLY) = 7
9632  14:49:57.645196 fstat64(7, {st_mode=S_IFREG|0644, st_size=29913, ...}) = 0
9632  14:49:57.645272 mmap2(NULL, 29913, PROT_READ, MAP_PRIVATE, 7, 0) = 0xb7f45000
9632  14:49:57.645319 close(7)          = 0
9632  14:49:57.645367 access("/etc/ld.so.nohwcap", F_OK) = -1 ENOENT (No such file or directory)
9632  14:49:57.645435 open("/lib/tls/i686/cmov/libc.so.6", O_RDONLY) = 7
9632  14:49:57.645497 read(7, "\177ELF\1\1\1\0\0\0\0\0\0\0\0\0\3\0\3\0\1\0\0\0\260e\1\0004\0\0\0\4\307\24\0\0\0\0\0004\0 \0\n\0(\0D\0C\0\6\0\0\0004\0\0\0004\0\0\0004\0\0\0@\1\0\0@\1\0\0\5\0\0\0\4\0\0\0\3\0\0\0\2200\23\0\2200\23\0\2200\23\0\23\0\0\0\23\0\0\0\4\0\0\0\1\0\0\0\1\0\0\0\0\0\0\0\0\0\0\0\0\0\0\0(\215\24\0(\215\24\0\5\0\0\0\0\20\0\0\1\0\0\0\354\221\24\0\354\221\24\0\354\221\24\0\260\'\0\0\204T\0\0\6\0\0\0\0\20\0\0\2\0\0\0\234\255\24\0\234\255\24\0\234\255\24\0\360\0\0\0\360\0\0\0\6\0\0\0\4\0\0\0\4\0\0\0t\1\0\0t\1\0\0t\1\0\0 \0\0\0 \0\0\0\4\0\0\0\4\0\0\0\7\0\0\0\354\221\24\0\354\221\24\0\354\221\24\0\10\0\0\0,\0\0\0\4\0\0\0\4\0\0\0P\345td\2440\23\0\2440\23\0\2440\23\0\354+\0\0\354+\0\0\4\0\0\0\4\0\0\0Q\345td\0\0\0\0\0\0\0\0\0\0\0\0\0\0\0\0\0\0\0\0\6\0\0\0\4\0\0\0R\345td\354\221\24\0\354\221\24\0\354\221\24\0\10\36\0\0\10\36\0\0\4\0\0\0\1\0\0\0\4\0\0\0\20\0\0\0\1\0\0\0GNU\0\0\0\0\0\2\0\0\0\6\0\0\0\10\0\0\0\363\3\0\0\n\0\0\0\0\2\0\0\16\0\0\0\2400\20D\200 \2\1\214\3\346\220AE\210\0\204\0\10\0A\200\0@\300\200\0\f\2\f\0\0010\0\10@\"\10\246\4\210H6l\240\0260\0&\204\200\216\4\10B$\2\f\246\244\32\6c\310\0\302 \1\300\0R\0!\201\10\4\n  \250\24\0\24(`\0\0P\240\312DB", 512) = 512
9632  14:49:57.645887 fstat64(7, {st_mode=S_IFREG|0755, st_size=1364388, ...}) = 0
9632  14:49:57.645968 mmap2(NULL, 1369712, PROT_READ|PROT_EXEC, MAP_PRIVATE|MAP_DENYWRITE, 7, 0) = 0xb7df6000
9632  14:49:57.646170 mmap2(0xb7f3f000, 12288, PROT_READ|PROT_WRITE, MAP_PRIVATE|MAP_FIXED|MAP_DENYWRITE, 7, 0x149) = 0xb7f3f000
9632  14:49:57.646249 mmap2(0xb7f42000, 9840, PROT_READ|PROT_WRITE, MAP_PRIVATE|MAP_FIXED|MAP_ANONYMOUS, -1, 0) = 0xb7f42000
9632  14:49:57.646314 close(7)          = 0
9632  14:49:57.646388 mmap2(NULL, 4096, PROT_READ|PROT_WRITE, MAP_PRIVATE|MAP_ANONYMOUS, -1, 0) = 0xb7df5000
9632  14:49:57.646439 set_thread_area({entry_number:-1 -> 6, base_addr:0xb7df56b0, limit:1048575, seg_32bit:1, contents:0, read_exec_only:0, limit_in_pages:1, seg_not_present:0, useable:1}) = 0
9632  14:49:57.646625 mprotect(0xb7f3f000, 4096, PROT_READ) = 0
9632  14:49:57.646644 munmap(0xb7f45000, 29913) = 0
9632  14:49:57.646759 brk(0)            = 0x804f000
9632  14:49:57.646813 brk(0x8070000)    = 0x8070000
9632  14:49:57.646948 write(2, "nohup: ", 7) = 7
9632  14:49:57.647007 write(2, "missing operand", 15) = 15
9632  14:49:57.647056 write(2, "\n", 1) = 1
9632  14:49:57.647109 write(2, "Try `nohup --help\' for more information.\n", 41) = 41
9632  14:49:57.647179 close(1)          = 0
9632  14:49:57.647223 close(2)          = 0
9632  14:49:57.647272 exit_group(127)   = ?
9629  14:49:57.647405 rt_sigprocmask(SIG_SETMASK, [], NULL, 8) = 0
9629  14:49:57.647462 --- SIGCHLD (Child exited) @ 0 (0) ---
9629  14:49:57.647499 waitpid(-1, [{WIFEXITED(s) && WEXITSTATUS(s) == 127}], WNOHANG) = 9632
9629  14:49:57.647560 waitpid(-1, 0xbfea5c68, WNOHANG) = 0
9629  14:49:57.647602 sigreturn()       = ? (mask now [])
9629  14:49:57.647732 rt_sigprocmask(SIG_BLOCK, [CHLD], [], 8) = 0
9629  14:49:57.647803 rt_sigprocmask(SIG_SETMASK, [], NULL, 8) = 0
9629  14:49:57.647851 rt_sigprocmask(SIG_BLOCK, [CHLD], [], 8) = 0
9629  14:49:57.647905 rt_sigaction(SIGINT, {0x807f150, [], 0}, {SIG_DFL}, 8) = 0
9629  14:49:57.647973 rt_sigprocmask(SIG_SETMASK, [], NULL, 8) = 0
9629  14:49:57.648021 rt_sigaction(SIGINT, {SIG_DFL}, {0x807f150, [], 0}, 8) = 0
9629  14:49:57.648090 rt_sigprocmask(SIG_BLOCK, NULL, [], 8) = 0
9629  14:49:57.648144 read(0, "e", 1)   = 1
9629  14:49:57.648197 read(0, "c", 1)   = 1
9629  14:49:57.648240 read(0, "h", 1)   = 1
9629  14:49:57.648283 read(0, "o", 1)   = 1
9629  14:49:57.648327 read(0, " ", 1)   = 1
9629  14:49:57.648369 read(0, "v", 1)   = 1
9629  14:49:57.648413 read(0, "2", 1)   = 1
9629  14:49:57.648458 read(0, "D", 1)   = 1
9629  14:49:57.648501 read(0, "V", 1)   = 1
9629  14:49:57.648544 read(0, "L", 1)   = 1
9629  14:49:57.648588 read(0, "k", 1)   = 1
9629  14:49:57.648630 read(0, "U", 1)   = 1
9629  14:49:57.648731 read(0, "D", 1)   = 1
9629  14:49:57.648776 read(0, "p", 1)   = 1
9629  14:49:57.648819 read(0, "Y", 1)   = 1
9629  14:49:57.648862 read(0, "x", 1)   = 1
9629  14:49:57.648904 read(0, "n", 1)   = 1
9629  14:49:57.648947 read(0, "U", 1)   = 1
9629  14:49:57.648990 read(0, "d", 1)   = 1
9629  14:49:57.649033 read(0, "h", 1)   = 1
9629  14:49:57.649076 read(0, "r", 1)   = 1
9629  14:49:57.649119 read(0, "\n", 1)  = 1
9629  14:49:57.649248 write(1, "v2DVLkUDpYxnUdhr\n", 17) = 17
9629  14:49:57.649478 rt_sigprocmask(SIG_BLOCK, NULL, [], 8) = 0
9629  14:49:57.649539 read(0,  <unfinished ...>
9628  14:49:57.685354 <... recv resumed> "TYPE I\r\n", 4096, MSG_PEEK) = 8
9628  14:49:57.685635 read(0, "TYPE I\r\n", 8) = 8
9628  14:49:57.685905 write(0, "200 Switching to Binary mode.\r\n", 31) = 31
9628  14:49:57.686355 rt_sigaction(SIGALRM, {0x805cad0, ~[RTMIN RT_1], 0}, NULL, 8) = 0
9628  14:49:57.686447 alarm(300)        = 299
9628  14:49:57.686502 recv(0, "PASV\r\n", 4096, MSG_PEEK) = 6
9628  14:49:57.686554 read(0, "PASV\r\n", 6) = 6
9628  14:49:57.686610 write(5, "\n", 1 <unfinished ...>
9626  14:49:57.686652 <... read resumed> "\n", 1) = 1
9628  14:49:57.686674 <... write resumed> ) = 1
9626  14:49:57.686704 write(4, "\1", 1) = 1
9626  14:49:57.686751 read(4,  <unfinished ...>
9628  14:49:57.686782 read(5, "\1", 1)  = 1
9628  14:49:57.686832 write(5, "\f", 1 <unfinished ...>
9626  14:49:57.686864 <... read resumed> "\f", 1) = 1
9628  14:49:57.686885 <... write resumed> ) = 1
9626  14:49:57.686916 socket(PF_INET, SOCK_STREAM, IPPROTO_TCP) = 5
9626  14:49:57.686977 setsockopt(5, SOL_SOCKET, SO_REUSEADDR, [1], 4) = 0
9626  14:49:57.687036 bind(5, {sa_family=AF_INET, sin_port=htons(19488), sin_addr=inet_addr("127.0.0.1")}, 16) = 0
9626  14:49:57.687148 listen(5, 1)      = 0
9626  14:49:57.687216 write(4, " L\0\0", 4) = 4
9626  14:49:57.687265 read(4,  <unfinished ...>
9628  14:49:57.687297 read(5, " L\0\0", 4) = 4
9628  14:49:57.687366 write(0, "227 Entering Passive Mode (127,0,0,1,76,32).\r\n", 46) = 46
9628  14:49:57.687781 rt_sigaction(SIGALRM, {0x805cad0, ~[RTMIN RT_1], 0}, NULL, 8) = 0
9628  14:49:57.687855 alarm(300)        = 300
9628  14:49:57.687906 recv(0, "STOR myfile1\r\n", 4096, MSG_PEEK) = 14
9628  14:49:57.687959 read(0, "STOR myfile1\r\n", 14) = 14
9628  14:49:57.688018 write(5, "\v", 1 <unfinished ...>
9626  14:49:57.688129 <... read resumed> "\v", 1) = 1
9628  14:49:57.688162 <... write resumed> ) = 1
9626  14:49:57.688191 write(4, "\1\0\0\0", 4) = 4
9626  14:49:57.688239 read(4,  <unfinished ...>
9628  14:49:57.688271 read(5, "\1\0\0\0", 4) = 4
9628  14:49:57.688321 gettimeofday({1495651797, 688338}, NULL) = 0
9628  14:49:57.688370 getcwd("/home/msfadmin", 4096) = 15
9628  14:49:57.688424 open("myfile1", O_WRONLY|O_CREAT|O_NONBLOCK|O_LARGEFILE, 0666) = 4
9628  14:49:57.688483 fstat64(4, {st_mode=S_IFREG|0644, st_size=17, ...}) = 0
9628  14:49:57.688558 fcntl64(4, F_GETFL) = 0x8801 (flags O_WRONLY|O_NONBLOCK|O_LARGEFILE)
9628  14:49:57.688607 fcntl64(4, F_SETFL, O_WRONLY|O_LARGEFILE) = 0
9628  14:49:57.688649 fcntl64(4, F_SETLKW64, {type=F_WRLCK, whence=SEEK_SET, start=0, len=0}, 0xbfcf16e4) = 0
9628  14:49:57.688708 ftruncate64(4, 0) = 0
9628  14:49:57.688778 _llseek(4, 0, [0], SEEK_SET) = 0
9628  14:49:57.688825 write(5, "\v", 1 <unfinished ...>
9626  14:49:57.688859 <... read resumed> "\v", 1) = 1
9628  14:49:57.688880 <... write resumed> ) = 1
9626  14:49:57.688907 write(4, "\1\0\0\0", 4) = 4
9626  14:49:57.688955 read(4,  <unfinished ...>
9628  14:49:57.688985 read(5, "\1\0\0\0", 4) = 4
9628  14:49:57.689193 write(5, "\v", 1 <unfinished ...>
9626  14:49:57.689236 <... read resumed> "\v", 1) = 1
9628  14:49:57.689258 <... write resumed> ) = 1
9626  14:49:57.689285 write(4, "\1\0\0\0", 4) = 4
9626  14:49:57.689332 read(4,  <unfinished ...>
9628  14:49:57.689361 read(5, "\1\0\0\0", 4) = 4
9628  14:49:57.689410 write(5, "\r", 1 <unfinished ...>
9626  14:49:57.689441 <... read resumed> "\r", 1) = 1
9628  14:49:57.689463 <... write resumed> ) = 1
9626  14:49:57.689494 select(6, [5], NULL, NULL, {60, 0}) = 1 (in [5], left {60, 0})
9626  14:49:57.689563 accept(5, {sa_family=AF_INET, sin_port=htons(44769), sin_addr=inet_addr("127.0.0.1")}, [16]) = 6
9626  14:49:57.689659 write(4, "\1", 1) = 1
9626  14:49:57.689713 sendmsg(4, {msg_name(0)=NULL, msg_iov(1)=[{"\0", 1}], msg_controllen=16, {cmsg_len=16, cmsg_level=SOL_SOCKET, cmsg_type=SCM_RIGHTS, {6}}, msg_flags=0}, 0) = 1
9626  14:49:57.689784 close(6)          = 0
9626  14:49:57.689827 read(4,  <unfinished ...>
9628  14:49:57.689857 read(5, "\1", 1)  = 1
9628  14:49:57.689913 recvmsg(5, {msg_name(0)=NULL, msg_iov(1)=[{"\0", 1}], msg_controllen=16, {cmsg_len=16, cmsg_level=SOL_SOCKET, cmsg_type=SCM_RIGHTS, {6}}, msg_flags=0}, 0) = 1
9628  14:49:57.689990 setsockopt(6, SOL_SOCKET, SO_KEEPALIVE, [1], 4) = 0
9628  14:49:57.690044 setsockopt(6, SOL_IP, IP_TOS, [8], 4) = 0
9628  14:49:57.690096 setsockopt(6, SOL_SOCKET, SO_LINGER, {onoff=1, linger=32767}, 8) = 0
9628  14:49:57.690211 rt_sigaction(SIGALRM, {0x805cad0, ~[RTMIN RT_1], 0}, NULL, 8) = 0
9628  14:49:57.690274 alarm(300)        = 300
9628  14:49:57.690329 write(0, "150 Ok to send data.\r\n", 22) = 22
9628  14:49:57.690595 read(6, "assasaaa\na\na\na\na\n", 65536) = 17
9628  14:49:57.690657 write(4, "assasaaa\na\na\na\na\n", 17) = 17
9628  14:49:57.690726 read(6, "", 65536) = 0
9628  14:49:57.690771 rt_sigaction(SIGALRM, {0x805cad0, ~[RTMIN RT_1], 0}, NULL, 8) = 0
9628  14:49:57.690830 alarm(300)        = 300
9628  14:49:57.690873 close(6)          = 0
9628  14:49:57.690945 alarm(0)          = 300
9628  14:49:57.690988 gettimeofday({1495651797, 691003}, NULL) = 0
9628  14:49:57.691051 gettimeofday({1495651797, 691072}, NULL) = 0
9628  14:49:57.691197 fcntl64(3, F_SETLKW64, {type=F_WRLCK, whence=SEEK_SET, start=0, len=0}, 0xbfcf1684) = 0
9628  14:49:57.691299 write(3, "Wed May 24 14:49:57 2017 [pid 9628] [msfadmin] OK UPLOAD: Client \"127.0.0.1\", \"/home/msfadmin/myfile1\", 17 bytes, 6.07Kbyte/sec\n", 128) = 128
9628  14:49:57.691777 fcntl64(3, F_SETLK64, {type=F_UNLCK, whence=SEEK_SET, start=0, len=0}, 0xbfcf168c) = 0
9628  14:49:57.691880 write(0, "226 Transfer complete.\r\n", 24) = 24
9628  14:49:57.692221 write(5, "\n", 1 <unfinished ...>
9626  14:49:57.692299 <... read resumed> "\n", 1) = 1
9628  14:49:57.692340 <... write resumed> ) = 1
9626  14:49:57.692385 close(5)          = 0
9626  14:49:57.692470 write(4, "\1", 1) = 1
9626  14:49:57.692522 read(4,  <unfinished ...>
9628  14:49:57.692555 read(5, "\1", 1)  = 1
9628  14:49:57.692605 close(4)          = 0
9628  14:49:57.692653 rt_sigaction(SIGALRM, {0x805cad0, ~[RTMIN RT_1], 0}, NULL, 8) = 0
9628  14:49:57.692715 alarm(300)        = 0
9628  14:49:57.692766 recv(0,  <unfinished ...>
9629  14:49:57.794548 <... read resumed> "", 1) = 0
9629  14:49:57.794645 exit_group(0)     = ?
9630  14:49:57.794717 <... read resumed> "", 1) = 0
9630  14:49:57.794735 fcntl64(0, F_GETFL) = 0x2 (flags O_RDWR)
9630  14:49:57.794753 fcntl64(0, F_SETFL, O_RDWR|O_NONBLOCK) = 0
9630  14:49:57.794770 write(0, "500 OOPS: ", 10) = 10
9630  14:49:57.794860 write(0, "priv_sock_get_result", 20) = 20
9630  14:49:57.794933 write(0, "\r\n", 2) = 2
9630  14:49:57.795048 exit_group(1)     = ?
4439  14:49:57.795284 <... select resumed> ) = ? ERESTARTNOHAND (To be restarted)
4439  14:49:57.795368 --- SIGCHLD (Child exited) @ 0 (0) ---
4439  14:49:57.795383 write(4, "\21", 1) = 1
4439  14:49:57.795405 sigreturn()       = ? (mask now [])
4439  14:49:57.795458 select(13, [3 5 6 8 9 10 11 12], NULL, NULL, NULL) = 1 (in [3])
4439  14:49:57.795496 ioctl(3, FIONREAD, [1]) = 0
4439  14:49:57.795519 read(3, "\21", 1) = 1
4439  14:49:57.795538 waitpid(-1, [{WIFEXITED(s) && WEXITSTATUS(s) == 0}], WNOHANG) = 9629
4439  14:49:57.795559 close(-1)         = -1 EBADF (Bad file descriptor)
4439  14:49:57.795580 waitpid(-1, 0xbff6282c, WNOHANG) = 0
