12610 15:20:20.579051 ftruncate64(4, 0) = 0
12610 15:20:20.579123 _llseek(4, 0, [0], SEEK_SET) = 0
12610 15:20:20.579172 write(5, "\v", 1 <unfinished ...>
12608 15:20:20.579211 <... read resumed> "\v", 1) = 1
12610 15:20:20.579310 <... write resumed> ) = 1
12608 15:20:20.579438 write(4, "\1\0\0\0", 4) = 4
12608 15:20:20.579535 read(4,  <unfinished ...>
12610 15:20:20.579575 read(5, "\1\0\0\0", 4) = 4
12610 15:20:20.579630 write(5, "\v", 1 <unfinished ...>
12608 15:20:20.579662 <... read resumed> "\v", 1) = 1
12610 15:20:20.579684 <... write resumed> ) = 1
12608 15:20:20.579710 write(4, "\1\0\0\0", 4) = 4
12608 15:20:20.579863 read(4,  <unfinished ...>
12610 15:20:20.579901 read(5, "\1\0\0\0", 4) = 4
12610 15:20:20.579954 write(5, "\r", 1 <unfinished ...>
12608 15:20:20.579986 <... read resumed> "\r", 1) = 1
12610 15:20:20.580008 <... write resumed> ) = 1
12608 15:20:20.580038 select(6, [5], NULL, NULL, {60, 0}) = 1 (in [5], left {60, 0})
12608 15:20:20.580181 accept(5, {sa_family=AF_INET, sin_port=htons(36274), sin_addr=inet_addr("127.0.0.1")}, [16]) = 6
12608 15:20:20.580333 write(4, "\1", 1) = 1
12608 15:20:20.580400 sendmsg(4, {msg_name(0)=NULL, msg_iov(1)=[{"\0", 1}], msg_controllen=16, {cmsg_len=16, cmsg_level=SOL_SOCKET, cmsg_type=SCM_RIGHTS, {6}}, msg_flags=0}, 0) = 1
12608 15:20:20.580473 close(6)          = 0
12608 15:20:20.580596 read(4,  <unfinished ...>
12610 15:20:20.580634 read(5, "\1", 1)  = 1
12610 15:20:20.580693 recvmsg(5, {msg_name(0)=NULL, msg_iov(1)=[{"\0", 1}], msg_controllen=16, {cmsg_len=16, cmsg_level=SOL_SOCKET, cmsg_type=SCM_RIGHTS, {6}}, msg_flags=0}, 0) = 1
12610 15:20:20.580775 setsockopt(6, SOL_SOCKET, SO_KEEPALIVE, [1], 4) = 0
12610 15:20:20.580830 setsockopt(6, SOL_IP, IP_TOS, [8], 4) = 0
12610 15:20:20.580882 setsockopt(6, SOL_SOCKET, SO_LINGER, {onoff=1, linger=32767}, 8) = 0
12610 15:20:20.580931 rt_sigaction(SIGALRM, {0x805cad0, ~[RTMIN RT_1], 0}, NULL, 8) = 0
12610 15:20:20.580991 alarm(300)        = 300
12610 15:20:20.581048 write(0, "150 Ok to send data.\r\n", 22) = 22
12610 15:20:20.581464 read(6, "assasaaa\na\na\na\na\n", 65536) = 17
12610 15:20:20.581639 write(4, "assasaaa\na\na\na\na\n", 17) = 17
12610 15:20:20.581727 read(6, "", 65536) = 0
12610 15:20:20.581774 rt_sigaction(SIGALRM, {0x805cad0, ~[RTMIN RT_1], 0}, NULL, 8) = 0
12610 15:20:20.581836 alarm(300)        = 300
12610 15:20:20.581956 close(6)          = 0
12610 15:20:20.582042 alarm(0)          = 300
12610 15:20:20.582086 gettimeofday({1495653620, 582102}, NULL) = 0
12610 15:20:20.582153 gettimeofday({1495653620, 582171}, NULL) = 0
12610 15:20:20.582211 fcntl64(3, F_SETLKW64, {type=F_WRLCK, whence=SEEK_SET, start=0, len=0}, 0xbf9e5b74) = 0
12610 15:20:20.582332 write(3, "Wed May 24 15:20:20 2017 [pid 12610] [msfadmin] OK UPLOAD: Client \"127.0.0.1\", \"/home/msfadmin/myfile7\", 17 bytes, 4.64Kbyte/sec\n", 129) = 129
12610 15:20:20.582502 fcntl64(3, F_SETLK64, {type=F_UNLCK, whence=SEEK_SET, start=0, len=0}, 0xbf9e5b7c) = 0
12610 15:20:20.582576 write(0, "226 Transfer complete.\r\n", 24) = 24
12610 15:20:20.582839 write(5, "\n", 1 <unfinished ...>
12608 15:20:20.582895 <... read resumed> "\n", 1) = 1
12610 15:20:20.582918 <... write resumed> ) = 1
12608 15:20:20.582945 close(5)          = 0
12608 15:20:20.582999 write(4, "\1", 1) = 1
12608 15:20:20.583049 read(4,  <unfinished ...>
12610 15:20:20.583081 read(5, "\1", 1)  = 1
12610 15:20:20.583267 close(4)          = 0
12610 15:20:20.583325 rt_sigaction(SIGALRM, {0x805cad0, ~[RTMIN RT_1], 0}, NULL, 8) = 0
12610 15:20:20.583389 alarm(300)        = 0
12610 15:20:20.583436 recv(0, "TYPE I\r\n", 4096, MSG_PEEK) = 8
12610 15:20:21.115187 read(0, "TYPE I\r\n", 8) = 8
12610 15:20:21.115381 write(0, "200 Switching to Binary mode.\r\n", 31) = 31
12610 15:20:21.115775 rt_sigaction(SIGALRM, {0x805cad0, ~[RTMIN RT_1], 0}, NULL, 8) = 0
12610 15:20:21.115862 alarm(300)        = 299
12610 15:20:21.115918 recv(0, "PASV\r\n", 4096, MSG_PEEK) = 6
12610 15:20:21.115974 read(0, "PASV\r\n", 6) = 6
12610 15:20:21.116031 write(5, "\n", 1 <unfinished ...>
12608 15:20:21.116075 <... read resumed> "\n", 1) = 1
12610 15:20:21.116097 <... write resumed> ) = 1
12608 15:20:21.116127 write(4, "\1", 1) = 1
12608 15:20:21.116175 read(4,  <unfinished ...>
12610 15:20:21.116207 read(5, "\1", 1)  = 1
12610 15:20:21.116258 write(5, "\f", 1) = 1
12608 15:20:21.116302 <... read resumed> "\f", 1) = 1
12608 15:20:21.116337 socket(PF_INET, SOCK_STREAM, IPPROTO_TCP) = 5
12608 15:20:21.116399 setsockopt(5, SOL_SOCKET, SO_REUSEADDR, [1], 4) = 0
12608 15:20:21.116503 bind(5, {sa_family=AF_INET, sin_port=htons(39048), sin_addr=inet_addr("127.0.0.1")}, 16) = 0
12608 15:20:21.116584 listen(5, 1)      = 0
12608 15:20:21.116641 write(4, "\210\230\0\0", 4) = 4
12608 15:20:21.116693 read(4,  <unfinished ...>
12610 15:20:21.116725 read(5, "\210\230\0\0", 4) = 4
12610 15:20:21.116798 write(0, "227 Entering Passive Mode (127,0,0,1,152,136).\r\n", 48) = 48
12610 15:20:21.117345 rt_sigaction(SIGALRM, {0x805cad0, ~[RTMIN RT_1], 0}, NULL, 8) = 0
12610 15:20:21.117482 alarm(300)        = 300
12610 15:20:21.117538 recv(0, "STOR myfile8\r\n", 4096, MSG_PEEK) = 14
12610 15:20:21.117595 read(0, "STOR myfile8\r\n", 14) = 14
12610 15:20:21.117656 write(5, "\v", 1 <unfinished ...>
12608 15:20:21.117693 <... read resumed> "\v", 1) = 1
12610 15:20:21.117714 <... write resumed> ) = 1
12608 15:20:21.117742 write(4, "\1\0\0\0", 4) = 4
12608 15:20:21.117791 read(4,  <unfinished ...>
12610 15:20:21.117821 read(5, "\1\0\0\0", 4) = 4
12610 15:20:21.117873 gettimeofday({1495653621, 117889}, NULL) = 0
12610 15:20:21.117921 getcwd("/home/msfadmin", 4096) = 15
12610 15:20:21.117976 open("myfile8", O_WRONLY|O_CREAT|O_NONBLOCK|O_LARGEFILE, 0666) = 4
12610 15:20:21.118034 fstat64(4, {st_mode=S_IFREG|0644, st_size=17, ...}) = 0
12610 15:20:21.118109 fcntl64(4, F_GETFL) = 0x8801 (flags O_WRONLY|O_NONBLOCK|O_LARGEFILE)
12610 15:20:21.118158 fcntl64(4, F_SETFL, O_WRONLY|O_LARGEFILE) = 0
12610 15:20:21.118201 fcntl64(4, F_SETLKW64, {type=F_WRLCK, whence=SEEK_SET, start=0, len=0}, 0xbf9e5bd4) = 0
12610 15:20:21.118261 ftruncate64(4, 0) = 0
12610 15:20:21.118335 _llseek(4, 0, [0], SEEK_SET) = 0
12610 15:20:21.118431 write(5, "\v", 1 <unfinished ...>
12608 15:20:21.118473 <... read resumed> "\v", 1) = 1
12610 15:20:21.118515 <... write resumed> ) = 1
12608 15:20:21.118545 write(4, "\1\0\0\0", 4) = 4
12608 15:20:21.118595 read(4,  <unfinished ...>
12610 15:20:21.118626 read(5, "\1\0\0\0", 4) = 4
12610 15:20:21.118677 write(5, "\v", 1) = 1
12608 15:20:21.118720 <... read resumed> "\v", 1) = 1
12608 15:20:21.118750 write(4, "\1\0\0\0", 4) = 4
12608 15:20:21.118797 read(4,  <unfinished ...>
12610 15:20:21.118826 read(5, "\1\0\0\0", 4) = 4
12610 15:20:21.118876 write(5, "\r", 1) = 1
12608 15:20:21.118919 <... read resumed> "\r", 1) = 1
12608 15:20:21.118953 select(6, [5], NULL, NULL, {60, 0}) = 1 (in [5], left {60, 0})
12608 15:20:21.119024 accept(5, {sa_family=AF_INET, sin_port=htons(50173), sin_addr=inet_addr("127.0.0.1")}, [16]) = 6
12608 15:20:21.119121 write(4, "\1", 1) = 1
12608 15:20:21.119174 sendmsg(4, {msg_name(0)=NULL, msg_iov(1)=[{"\0", 1}], msg_controllen=16, {cmsg_len=16, cmsg_level=SOL_SOCKET, cmsg_type=SCM_RIGHTS, {6}}, msg_flags=0}, 0) = 1
12608 15:20:21.119246 close(6)          = 0
12608 15:20:21.119289 read(4,  <unfinished ...>
12610 15:20:21.119319 read(5, "\1", 1)  = 1
12610 15:20:21.119440 recvmsg(5, {msg_name(0)=NULL, msg_iov(1)=[{"\0", 1}], msg_controllen=16, {cmsg_len=16, cmsg_level=SOL_SOCKET, cmsg_type=SCM_RIGHTS, {6}}, msg_flags=0}, 0) = 1
12610 15:20:21.119526 setsockopt(6, SOL_SOCKET, SO_KEEPALIVE, [1], 4) = 0
12610 15:20:21.119581 setsockopt(6, SOL_IP, IP_TOS, [8], 4) = 0
12610 15:20:21.119633 setsockopt(6, SOL_SOCKET, SO_LINGER, {onoff=1, linger=32767}, 8) = 0
12610 15:20:21.119682 rt_sigaction(SIGALRM, {0x805cad0, ~[RTMIN RT_1], 0}, NULL, 8) = 0
12610 15:20:21.119742 alarm(300)        = 300
12610 15:20:21.119798 write(0, "150 Ok to send data.\r\n", 22) = 22
12610 15:20:21.120072 read(6, "assasaaa\na\na\na\na\n", 65536) = 17
12610 15:20:21.120136 write(4, "assasaaa\na\na\na\na\n", 17) = 17
12610 15:20:21.120205 read(6, "", 65536) = 0
12610 15:20:21.120251 rt_sigaction(SIGALRM, {0x805cad0, ~[RTMIN RT_1], 0}, NULL, 8) = 0
12610 15:20:21.120365 alarm(300)        = 300
12610 15:20:21.120415 close(6)          = 0
12610 15:20:21.120493 alarm(0)          = 300
12610 15:20:21.120537 gettimeofday({1495653621, 120554}, NULL) = 0
12610 15:20:21.120604 gettimeofday({1495653621, 120622}, NULL) = 0
12610 15:20:21.120661 fcntl64(3, F_SETLKW64, {type=F_WRLCK, whence=SEEK_SET, start=0, len=0}, 0xbf9e5b74) = 0
12610 15:20:21.120726 write(3, "Wed May 24 15:20:21 2017 [pid 12610] [msfadmin] OK UPLOAD: Client \"127.0.0.1\", \"/home/msfadmin/myfile8\", 17 bytes, 6.07Kbyte/sec\n", 129) = 129
12610 15:20:21.120814 fcntl64(3, F_SETLK64, {type=F_UNLCK, whence=SEEK_SET, start=0, len=0}, 0xbf9e5b7c) = 0
12610 15:20:21.120879 write(0, "226 Transfer complete.\r\n", 24) = 24
12610 15:20:21.121054 write(5, "\n", 1 <unfinished ...>
12608 15:20:21.121097 <... read resumed> "\n", 1) = 1
12610 15:20:21.121120 <... write resumed> ) = 1
12608 15:20:21.121147 close(5)          = 0
12608 15:20:21.121198 write(4, "\1", 1) = 1
12608 15:20:21.121247 read(4,  <unfinished ...>
12610 15:20:21.121329 read(5, "\1", 1)  = 1
12610 15:20:21.121392 close(4)          = 0
12610 15:20:21.121441 rt_sigaction(SIGALRM, {0x805cad0, ~[RTMIN RT_1], 0}, NULL, 8) = 0
12610 15:20:21.121500 alarm(300)        = 0
12610 15:20:21.121550 recv(0,  <unfinished ...>
12611 15:20:21.515415 <... read resumed> "\n", 1) = 1
12611 15:20:21.515604 stat64(".", {st_mode=S_IFDIR|0755, st_size=4096, ...}) = 0
12611 15:20:21.515705 stat64("/sbin/nohup", 0xbfdeaf28) = -1 ENOENT (No such file or directory)
12611 15:20:21.515767 stat64("/bin/nohup", 0xbfdeaf28) = -1 ENOENT (No such file or directory)
12611 15:20:21.515819 stat64("/usr/sbin/nohup", 0xbfdeaf28) = -1 ENOENT (No such file or directory)
12611 15:20:21.515872 stat64("/usr/bin/nohup", {st_mode=S_IFREG|0755, st_size=26336, ...}) = 0
12611 15:20:21.515951 stat64("/usr/bin/nohup", {st_mode=S_IFREG|0755, st_size=26336, ...}) = 0
12611 15:20:21.516056 rt_sigprocmask(SIG_BLOCK, [INT CHLD], [], 8) = 0
12611 15:20:21.516123 clone(child_stack=0, flags=CLONE_CHILD_CLEARTID|CLONE_CHILD_SETTID|SIGCHLD, child_tidptr=0xb7e1a6f8) = 12614
12614 15:20:21.516476 rt_sigprocmask(SIG_SETMASK, [], NULL, 8) = 0
12614 15:20:21.516567 rt_sigaction(SIGTSTP, {SIG_DFL}, {SIG_DFL}, 8) = 0
12614 15:20:21.516629 rt_sigaction(SIGTTIN, {SIG_DFL}, {SIG_DFL}, 8) = 0
12614 15:20:21.516683 rt_sigaction(SIGTTOU, {SIG_DFL}, {SIG_DFL}, 8) = 0
12614 15:20:21.516759 rt_sigaction(SIGINT, {SIG_DFL}, {SIG_DFL}, 8) = 0
12614 15:20:21.516833 rt_sigaction(SIGQUIT, {SIG_DFL}, {SIG_IGN}, 8) = 0
12614 15:20:21.516892 rt_sigaction(SIGCHLD, {SIG_DFL}, {0x807e540, [], 0}, 8) = 0
12614 15:20:21.517047 open("/dev/null", O_WRONLY|O_CREAT|O_TRUNC|O_LARGEFILE, 0666) = 7
12614 15:20:21.517851 dup2(7, 1)        = 1
12614 15:20:21.518105 close(7)          = 0
12614 15:20:21.518237 dup2(1, 2)        = 2
12614 15:20:21.518335 fcntl64(1, F_GETFD) = 0
12614 15:20:21.518436 execve("/usr/bin/nohup", ["nohup"], [/* 16 vars */]) = 0
12614 15:20:21.518766 brk(0)            = 0x804f000
12614 15:20:21.518854 access("/etc/ld.so.nohwcap", F_OK) = -1 ENOENT (No such file or directory)
12614 15:20:21.518930 mmap2(NULL, 8192, PROT_READ|PROT_WRITE, MAP_PRIVATE|MAP_ANONYMOUS, -1, 0) = 0xb7f58000
12614 15:20:21.519040 access("/etc/ld.so.preload", R_OK) = -1 ENOENT (No such file or directory)
12614 15:20:21.519123 open("/etc/ld.so.cache", O_RDONLY) = 7
12614 15:20:21.519178 fstat64(7, {st_mode=S_IFREG|0644, st_size=29913, ...}) = 0
12614 15:20:21.519254 mmap2(NULL, 29913, PROT_READ, MAP_PRIVATE, 7, 0) = 0xb7f50000
12614 15:20:21.519300 close(7)          = 0
12614 15:20:21.519348 access("/etc/ld.so.nohwcap", F_OK) = -1 ENOENT (No such file or directory)
12614 15:20:21.519417 open("/lib/tls/i686/cmov/libc.so.6", O_RDONLY) = 7
12614 15:20:21.519487 read(7, "\177ELF\1\1\1\0\0\0\0\0\0\0\0\0\3\0\3\0\1\0\0\0\260e\1\0004\0\0\0\4\307\24\0\0\0\0\0004\0 \0\n\0(\0D\0C\0\6\0\0\0004\0\0\0004\0\0\0004\0\0\0@\1\0\0@\1\0\0\5\0\0\0\4\0\0\0\3\0\0\0\2200\23\0\2200\23\0\2200\23\0\23\0\0\0\23\0\0\0\4\0\0\0\1\0\0\0\1\0\0\0\0\0\0\0\0\0\0\0\0\0\0\0(\215\24\0(\215\24\0\5\0\0\0\0\20\0\0\1\0\0\0\354\221\24\0\354\221\24\0\354\221\24\0\260\'\0\0\204T\0\0\6\0\0\0\0\20\0\0\2\0\0\0\234\255\24\0\234\255\24\0\234\255\24\0\360\0\0\0\360\0\0\0\6\0\0\0\4\0\0\0\4\0\0\0t\1\0\0t\1\0\0t\1\0\0 \0\0\0 \0\0\0\4\0\0\0\4\0\0\0\7\0\0\0\354\221\24\0\354\221\24\0\354\221\24\0\10\0\0\0,\0\0\0\4\0\0\0\4\0\0\0P\345td\2440\23\0\2440\23\0\2440\23\0\354+\0\0\354+\0\0\4\0\0\0\4\0\0\0Q\345td\0\0\0\0\0\0\0\0\0\0\0\0\0\0\0\0\0\0\0\0\6\0\0\0\4\0\0\0R\345td\354\221\24\0\354\221\24\0\354\221\24\0\10\36\0\0\10\36\0\0\4\0\0\0\1\0\0\0\4\0\0\0\20\0\0\0\1\0\0\0GNU\0\0\0\0\0\2\0\0\0\6\0\0\0\10\0\0\0\363\3\0\0\n\0\0\0\0\2\0\0\16\0\0\0\2400\20D\200 \2\1\214\3\346\220AE\210\0\204\0\10\0A\200\0@\300\200\0\f\2\f\0\0010\0\10@\"\10\246\4\210H6l\240\0260\0&\204\200\216\4\10B$\2\f\246\244\32\6c\310\0\302 \1\300\0R\0!\201\10\4\n  \250\24\0\24(`\0\0P\240\312DB", 512) = 512
12614 15:20:21.519890 fstat64(7, {st_mode=S_IFREG|0755, st_size=1364388, ...}) = 0
12614 15:20:21.520023 mmap2(NULL, 1369712, PROT_READ|PROT_EXEC, MAP_PRIVATE|MAP_DENYWRITE, 7, 0) = 0xb7e01000
12614 15:20:21.520089 mmap2(0xb7f4a000, 12288, PROT_READ|PROT_WRITE, MAP_PRIVATE|MAP_FIXED|MAP_DENYWRITE, 7, 0x149) = 0xb7f4a000
12614 15:20:21.520161 mmap2(0xb7f4d000, 9840, PROT_READ|PROT_WRITE, MAP_PRIVATE|MAP_FIXED|MAP_ANONYMOUS, -1, 0) = 0xb7f4d000
12614 15:20:21.520227 close(7)          = 0
12614 15:20:21.520300 mmap2(NULL, 4096, PROT_READ|PROT_WRITE, MAP_PRIVATE|MAP_ANONYMOUS, -1, 0) = 0xb7e00000
12614 15:20:21.520351 set_thread_area({entry_number:-1 -> 6, base_addr:0xb7e006b0, limit:1048575, seg_32bit:1, contents:0, read_exec_only:0, limit_in_pages:1, seg_not_present:0, useable:1}) = 0
12614 15:20:21.520553 mprotect(0xb7f4a000, 4096, PROT_READ) = 0
12614 15:20:21.520624 munmap(0xb7f50000, 29913) = 0
12614 15:20:21.520873 brk(0 <unfinished ...>
12611 15:20:21.520984 rt_sigprocmask(SIG_SETMASK, [],  <unfinished ...>
12614 15:20:21.521029 <... brk resumed> ) = 0x804f000
12614 15:20:21.521057 brk(0x8070000)    = 0x8070000
12611 15:20:21.521099 <... rt_sigprocmask resumed> NULL, 8) = 0
12611 15:20:21.521161 rt_sigprocmask(SIG_BLOCK, [CHLD],  <unfinished ...>
12614 15:20:21.521305 write(2, "nohup: ", 7 <unfinished ...>
12611 15:20:21.521410 <... rt_sigprocmask resumed> [], 8) = 0
12611 15:20:21.521453 rt_sigprocmask(SIG_SETMASK, [], NULL, 8) = 0
12611 15:20:21.521503 rt_sigprocmask(SIG_BLOCK, [CHLD], [], 8) = 0
12611 15:20:21.521562 rt_sigaction(SIGINT, {0x807f150, [], 0}, {SIG_DFL}, 8) = 0
12611 15:20:21.521631 waitpid(-1,  <unfinished ...>
12614 15:20:21.521672 <... write resumed> ) = 7
12614 15:20:21.521713 write(2, "missing operand", 15) = 15
12614 15:20:21.521766 write(2, "\n", 1) = 1
12614 15:20:21.521823 write(2, "Try `nohup --help\' for more information.\n", 41) = 41
12614 15:20:21.522058 close(1)          = 0
12614 15:20:21.522209 close(2)          = 0
12614 15:20:21.522268 exit_group(127)   = ?
12611 15:20:21.522385 <... waitpid resumed> [{WIFEXITED(s) && WEXITSTATUS(s) == 127}], 0) = 12614
12611 15:20:21.522437 rt_sigprocmask(SIG_SETMASK, [], NULL, 8) = 0
12611 15:20:21.522484 --- SIGCHLD (Child exited) @ 0 (0) ---
12611 15:20:21.522515 waitpid(-1, 0xbfdeac18, WNOHANG) = 0
12611 15:20:21.522558 sigreturn()       = ? (mask now [])
12611 15:20:21.522627 rt_sigaction(SIGINT, {SIG_DFL}, {0x807f150, [], 0}, 8) = 0
12611 15:20:21.522701 rt_sigprocmask(SIG_BLOCK, NULL, [], 8) = 0
12611 15:20:21.522757 read(0, "e", 1)   = 1
12611 15:20:21.522810 read(0, "c", 1)   = 1
12611 15:20:21.522855 read(0, "h", 1)   = 1
12611 15:20:21.522898 read(0, "o", 1)   = 1
12611 15:20:21.522942 read(0, " ", 1)   = 1
12611 15:20:21.523039 read(0, "w", 1)   = 1
12611 15:20:21.523118 read(0, "e", 1)   = 1
12611 15:20:21.523193 read(0, "2", 1)   = 1
12611 15:20:21.523249 read(0, "Y", 1)   = 1
12611 15:20:21.523294 read(0, "H", 1)   = 1
12611 15:20:21.523338 read(0, "D", 1)   = 1
12611 15:20:21.523381 read(0, "4", 1)   = 1
12611 15:20:21.523425 read(0, "t", 1)   = 1
12611 15:20:21.523469 read(0, "i", 1)   = 1
12611 15:20:21.523512 read(0, "k", 1)   = 1
12611 15:20:21.523556 read(0, "j", 1)   = 1
12611 15:20:21.523600 read(0, "A", 1)   = 1
12611 15:20:21.523643 read(0, "8", 1)   = 1
12611 15:20:21.523687 read(0, "b", 1)   = 1
12611 15:20:21.523731 read(0, "e", 1)   = 1
12611 15:20:21.523774 read(0, "s", 1)   = 1
12611 15:20:21.523818 read(0, "\n", 1)  = 1
12611 15:20:21.524002 write(1, "we2YHD4tikjA8bes\n", 17) = 17
12611 15:20:21.524304 rt_sigprocmask(SIG_BLOCK, NULL, [], 8) = 0
12611 15:20:21.524368 read(0,  <unfinished ...>
12610 15:20:21.624694 <... recv resumed> "TYPE I\r\n", 4096, MSG_PEEK) = 8
12610 15:20:21.624746 read(0, "TYPE I\r\n", 8) = 8
12610 15:20:21.624799 write(0, "200 Switching to Binary mode.\r\n", 31) = 31
12610 15:20:21.624896 rt_sigaction(SIGALRM, {0x805cad0, ~[RTMIN RT_1], 0}, NULL, 8) = 0
12610 15:20:21.624938 alarm(300)        = 299
12610 15:20:21.624968 recv(0, "PASV\r\n", 4096, MSG_PEEK) = 6
12610 15:20:21.624996 read(0, "PASV\r\n", 6) = 6
12610 15:20:21.625026 write(5, "\n", 1 <unfinished ...>
12608 15:20:21.625050 <... read resumed> "\n", 1) = 1
12610 15:20:21.625064 <... write resumed> ) = 1
12608 15:20:21.625081 write(4, "\1", 1) = 1
12608 15:20:21.625108 read(4,  <unfinished ...>
12610 15:20:21.625125 read(5, "\1", 1)  = 1
12610 15:20:21.625153 write(5, "\f", 1 <unfinished ...>
12608 15:20:21.625171 <... read resumed> "\f", 1) = 1
12610 15:20:21.625184 <... write resumed> ) = 1
12608 15:20:21.625201 socket(PF_INET, SOCK_STREAM, IPPROTO_TCP) = 5
12608 15:20:21.625237 setsockopt(5, SOL_SOCKET, SO_REUSEADDR, [1], 4) = 0
12608 15:20:21.625270 bind(5, {sa_family=AF_INET, sin_port=htons(38030), sin_addr=inet_addr("127.0.0.1")}, 16) = 0
12608 15:20:21.625307 listen(5, 1)      = 0
12608 15:20:21.625339 write(4, "\216\224\0\0", 4) = 4
12608 15:20:21.625367 read(4,  <unfinished ...>
12610 15:20:21.625384 read(5, "\216\224\0\0", 4) = 4
12610 15:20:21.625442 write(0, "227 Entering Passive Mode (127,0,0,1,148,142).\r\n", 48) = 48
12610 15:20:21.625672 rt_sigaction(SIGALRM, {0x805cad0, ~[RTMIN RT_1], 0}, NULL, 8) = 0
12610 15:20:21.625712 alarm(300)        = 300
12610 15:20:21.625741 recv(0, "STOR myfile9\r\n", 4096, MSG_PEEK) = 14
12610 15:20:21.625785 read(0, "STOR myfile9\r\n", 14) = 14
12610 15:20:21.625819 write(5, "\v", 1 <unfinished ...>
12608 15:20:21.625840 <... read resumed> "\v", 1) = 1
12610 15:20:21.625853 <... write resumed> ) = 1
12608 15:20:21.625869 write(4, "\1\0\0\0", 4) = 4
12608 15:20:21.625896 read(4,  <unfinished ...>
12610 15:20:21.625913 read(5, "\1\0\0\0", 4) = 4
12610 15:20:21.625942 gettimeofday({1495653621, 625952}, NULL) = 0
12610 15:20:21.625970 getcwd("/home/msfadmin", 4096) = 15
12610 15:20:21.626000 open("myfile9", O_WRONLY|O_CREAT|O_NONBLOCK|O_LARGEFILE, 0666) = 4
12610 15:20:21.626033 fstat64(4, {st_mode=S_IFREG|0644, st_size=17, ...}) = 0
12610 15:20:21.626077 fcntl64(4, F_GETFL) = 0x8801 (flags O_WRONLY|O_NONBLOCK|O_LARGEFILE)
12610 15:20:21.626104 fcntl64(4, F_SETFL, O_WRONLY|O_LARGEFILE) = 0
12610 15:20:21.626129 fcntl64(4, F_SETLKW64, {type=F_WRLCK, whence=SEEK_SET, start=0, len=0}, 0xbf9e5bd4) = 0
12610 15:20:21.626163 ftruncate64(4, 0) = 0
12610 15:20:21.626203 _llseek(4, 0, [0], SEEK_SET) = 0
12610 15:20:21.626231 write(5, "\v", 1 <unfinished ...>
12608 15:20:21.626250 <... read resumed> "\v", 1) = 1
12610 15:20:21.626263 <... write resumed> ) = 1
12608 15:20:21.626278 write(4, "\1\0\0\0", 4) = 4
12608 15:20:21.626306 read(4,  <unfinished ...>
12610 15:20:21.626323 read(5, "\1\0\0\0", 4) = 4
12610 15:20:21.626351 write(5, "\v", 1 <unfinished ...>
12608 15:20:21.626369 <... read resumed> "\v", 1) = 1
12610 15:20:21.626381 <... write resumed> ) = 1
12608 15:20:21.626435 write(4, "\1\0\0\0", 4) = 4
12608 15:20:21.626468 read(4,  <unfinished ...>
12610 15:20:21.626485 read(5, "\1\0\0\0", 4) = 4
12610 15:20:21.626515 write(5, "\r", 1 <unfinished ...>
12608 15:20:21.626533 <... read resumed> "\r", 1) = 1
12610 15:20:21.626545 <... write resumed> ) = 1
12608 15:20:21.626563 select(6, [5], NULL, NULL, {60, 0}) = 1 (in [5], left {60, 0})
12608 15:20:21.626602 accept(5, {sa_family=AF_INET, sin_port=htons(34682), sin_addr=inet_addr("127.0.0.1")}, [16]) = 6
12608 15:20:21.626658 write(4, "\1", 1) = 1
12608 15:20:21.626689 sendmsg(4, {msg_name(0)=NULL, msg_iov(1)=[{"\0", 1}], msg_controllen=16, {cmsg_len=16, cmsg_level=SOL_SOCKET, cmsg_type=SCM_RIGHTS, {6}}, msg_flags=0}, 0) = 1
12608 15:20:21.626730 close(6)          = 0
12608 15:20:21.626754 read(4,  <unfinished ...>
12610 15:20:21.626771 read(5, "\1", 1)  = 1
12610 15:20:21.626803 recvmsg(5, {msg_name(0)=NULL, msg_iov(1)=[{"\0", 1}], msg_controllen=16, {cmsg_len=16, cmsg_level=SOL_SOCKET, cmsg_type=SCM_RIGHTS, {6}}, msg_flags=0}, 0) = 1
12610 15:20:21.626848 setsockopt(6, SOL_SOCKET, SO_KEEPALIVE, [1], 4) = 0
12610 15:20:21.626879 setsockopt(6, SOL_IP, IP_TOS, [8], 4) = 0
12610 15:20:21.626908 setsockopt(6, SOL_SOCKET, SO_LINGER, {onoff=1, linger=32767}, 8) = 0
12610 15:20:21.626936 rt_sigaction(SIGALRM, {0x805cad0, ~[RTMIN RT_1], 0}, NULL, 8) = 0
12610 15:20:21.626970 alarm(300)        = 300
12610 15:20:21.627000 write(0, "150 Ok to send data.\r\n", 22) = 22
12610 15:20:21.627136 read(6, "assasaaa\na\na\na\na\n", 65536) = 17
12610 15:20:21.627215 write(4, "assasaaa\na\na\na\na\n", 17) = 17
12610 15:20:21.627258 read(6, "", 65536) = 0
12610 15:20:21.627285 rt_sigaction(SIGALRM, {0x805cad0, ~[RTMIN RT_1], 0}, NULL, 8) = 0
12610 15:20:21.627322 alarm(300)        = 300
12610 15:20:21.627370 close(6)          = 0
12610 15:20:21.627416 alarm(0)          = 300
12610 15:20:21.627442 gettimeofday({1495653621, 627451}, NULL) = 0
12610 15:20:21.627479 gettimeofday({1495653621, 627490}, NULL) = 0
12610 15:20:21.627514 fcntl64(3, F_SETLKW64, {type=F_WRLCK, whence=SEEK_SET, start=0, len=0}, 0xbf9e5b74) = 0
12610 15:20:21.627551 write(3, "Wed May 24 15:20:21 2017 [pid 12610] [msfadmin] OK UPLOAD: Client \"127.0.0.1\", \"/home/msfadmin/myfile9\", 17 bytes, 10.79Kbyte/sec\n", 130) = 130
12610 15:20:21.627604 fcntl64(3, F_SETLK64, {type=F_UNLCK, whence=SEEK_SET, start=0, len=0}, 0xbf9e5b7c) = 0
12610 15:20:21.627642 write(0, "226 Transfer complete.\r\n", 24) = 24
12610 15:20:21.627734 write(5, "\n", 1 <unfinished ...>
12608 15:20:21.627758 <... read resumed> "\n", 1) = 1
12610 15:20:21.627780 <... write resumed> ) = 1
12608 15:20:21.627796 close(5)          = 0
12608 15:20:21.627825 write(4, "\1", 1) = 1
12608 15:20:21.627853 read(4,  <unfinished ...>
12610 15:20:21.627872 read(5, "\1", 1)  = 1
12610 15:20:21.627901 close(4)          = 0
12610 15:20:21.627928 rt_sigaction(SIGALRM, {0x805cad0, ~[RTMIN RT_1], 0}, NULL, 8) = 0
12610 15:20:21.627963 alarm(300)        = 0
12610 15:20:21.627992 recv(0,  <unfinished ...>
