9878  14:52:17.103606 prctl(0x8, 0x1, 0xbf8ffba8, 0x8054a49, 0xbf8ffb90) = 0
9878  14:52:17.103626 setgid32(65534)   = 0
9878  14:52:17.103646 setuid32(65534)   = 0
9878  14:52:17.103665 capset(0x19980330, 0, {CAP_NET_BIND_SERVICE, CAP_NET_BIND_SERVICE, 0}) = 0
9878  14:52:17.103689 read(4, "\n", 1)  = 1
9878  14:52:17.103716 write(4, "\1", 1) = 1
9880  14:52:17.103738 <... read resumed> "\1", 1) = 1
9880  14:52:17.103753 write(5, "\f", 1) = 1
9880  14:52:17.103773 read(5,  <unfinished ...>
9878  14:52:17.103787 read(4, "\f", 1)  = 1
9878  14:52:17.103818 socket(PF_INET, SOCK_STREAM, IPPROTO_TCP) = 5
9878  14:52:17.103845 setsockopt(5, SOL_SOCKET, SO_REUSEADDR, [1], 4) = 0
9878  14:52:17.103868 gettimeofday({1495651937, 103875}, NULL) = 0
9878  14:52:17.103899 bind(5, {sa_family=AF_INET, sin_port=htons(13868), sin_addr=inet_addr("127.0.0.1")}, 16) = 0
9878  14:52:17.103929 listen(5, 1)      = 0
9878  14:52:17.103954 write(4, ",6\0\0", 4) = 4
9880  14:52:17.104001 <... read resumed> ",6\0\0", 4) = 4
9880  14:52:17.104029 write(0, "227 Entering Passive Mode (127,0,0,1,54,44).\r\n", 46) = 46
9880  14:52:17.104223 rt_sigaction(SIGALRM, {0x805cad0, ~[RTMIN RT_1], 0}, NULL, 8) = 0
9880  14:52:17.104256 alarm(300)        = 300
9880  14:52:17.104278 recv(0, "STOR myfile22\r\n", 4096, MSG_PEEK) = 15
9880  14:52:17.104303 read(0, "STOR myfile22\r\n", 15) = 15
9880  14:52:17.104332 write(5, "\v", 1) = 1
9880  14:52:17.104353 read(5,  <unfinished ...>
9878  14:52:17.104367 read(4, "\v", 1)  = 1
9878  14:52:17.104390 write(4, "\1\0\0\0", 4) = 4
9880  14:52:17.104411 <... read resumed> "\1\0\0\0", 4) = 4
9880  14:52:17.104427 gettimeofday({1495651937, 104434}, NULL) = 0
9880  14:52:17.104448 getcwd("/home/msfadmin", 4096) = 15
9880  14:52:17.104472 open("myfile22", O_WRONLY|O_CREAT|O_NONBLOCK|O_LARGEFILE, 0666) = 4
9880  14:52:17.104499 fstat64(4, {st_mode=S_IFREG|0644, st_size=17, ...}) = 0
9880  14:52:17.104532 fcntl64(4, F_GETFL) = 0x8801 (flags O_WRONLY|O_NONBLOCK|O_LARGEFILE)
9880  14:52:17.104554 fcntl64(4, F_SETFL, O_WRONLY|O_LARGEFILE) = 0
9880  14:52:17.104573 fcntl64(4, F_SETLKW64, {type=F_WRLCK, whence=SEEK_SET, start=0, len=0}, 0xbf8ffaf4) = 0
9880  14:52:17.104603 ftruncate64(4, 0) = 0
9880  14:52:17.104637 _llseek(4, 0, [0], SEEK_SET) = 0
9880  14:52:17.104658 write(5, "\v", 1) = 1
9880  14:52:17.104679 read(5,  <unfinished ...>
9878  14:52:17.104693 read(4, "\v", 1)  = 1
9878  14:52:17.104715 write(4, "\1\0\0\0", 4) = 4
9880  14:52:17.104736 <... read resumed> "\1\0\0\0", 4) = 4
9880  14:52:17.104750 write(5, "\v", 1) = 1
9880  14:52:17.104770 read(5,  <unfinished ...>
9878  14:52:17.104783 read(4, "\v", 1)  = 1
9878  14:52:17.104804 write(4, "\1\0\0\0", 4) = 4
9880  14:52:17.104824 <... read resumed> "\1\0\0\0", 4) = 4
9880  14:52:17.104839 write(5, "\r", 1) = 1
9880  14:52:17.104859 read(5,  <unfinished ...>
9878  14:52:17.104872 read(4, "\r", 1)  = 1
9878  14:52:17.104897 select(6, [5], NULL, NULL, {60, 0}) = 1 (in [5], left {60, 0})
9878  14:52:17.104957 accept(5, {sa_family=AF_INET, sin_port=htons(56524), sin_addr=inet_addr("127.0.0.1")}, [16]) = 6
9878  14:52:17.105012 write(4, "\1", 1) = 1
9880  14:52:17.105037 <... read resumed> "\1", 1) = 1
9880  14:52:17.105057 recvmsg(5,  <unfinished ...>
9878  14:52:17.105076 sendmsg(4, {msg_name(0)=NULL, msg_iov(1)=[{"\0", 1}], msg_controllen=16, {cmsg_len=16, cmsg_level=SOL_SOCKET, cmsg_type=SCM_RIGHTS, {6}}, msg_flags=0}, 0) = 1
9880  14:52:17.105109 <... recvmsg resumed> {msg_name(0)=NULL, msg_iov(1)=[{"\0", 1}], msg_controllen=16, {cmsg_len=16, cmsg_level=SOL_SOCKET, cmsg_type=SCM_RIGHTS, {6}}, msg_flags=0}, 0) = 1
9880  14:52:17.105135 setsockopt(6, SOL_SOCKET, SO_KEEPALIVE, [1], 4) = 0
9880  14:52:17.105159 setsockopt(6, SOL_IP, IP_TOS, [8], 4) = 0
9880  14:52:17.105182 setsockopt(6, SOL_SOCKET, SO_LINGER, {onoff=1, linger=32767}, 8) = 0
9880  14:52:17.105204 rt_sigaction(SIGALRM, {0x805cad0, ~[RTMIN RT_1], 0}, NULL, 8) = 0
9880  14:52:17.105230 alarm(300)        = 300
9880  14:52:17.105256 write(0, "150 Ok to send data.\r\n", 22) = 22
9880  14:52:17.105378 mmap2(NULL, 77824, PROT_READ|PROT_WRITE, MAP_PRIVATE|MAP_ANONYMOUS, -1, 0) = 0xb7dc9000
9880  14:52:17.105406 mprotect(0xb7ddb000, 4096, PROT_NONE) = 0
9880  14:52:17.105429 mprotect(0xb7dc9000, 4096, PROT_NONE) = 0
9880  14:52:17.105449 read(6, "assasaaa\na\na\na\na\n", 65536) = 17
9880  14:52:17.105476 write(4, "assasaaa\na\na\na\na\n", 17) = 17
9880  14:52:17.105507 read(6, "", 65536) = 0
9880  14:52:17.105528 rt_sigaction(SIGALRM, {0x805cad0, ~[RTMIN RT_1], 0}, NULL, 8) = 0
9880  14:52:17.105554 alarm(300)        = 300
9880  14:52:17.105573 close(6)          = 0
9880  14:52:17.105597 alarm(0)          = 300
9880  14:52:17.105616 gettimeofday({1495651937, 105623}, NULL) = 0
9880  14:52:17.105651 getpid()          = 9880
9880  14:52:17.105675 gettimeofday({1495651937, 105684}, NULL) = 0
9880  14:52:17.105710 fcntl64(3, F_SETLKW64, {type=F_WRLCK, whence=SEEK_SET, start=0, len=0}, 0xbf8ffa94) = 0
9880  14:52:17.105739 write(3, "Wed May 24 14:52:17 2017 [pid 9880] [msfadmin] OK UPLOAD: Client \"127.0.0.1\", \"/home/msfadmin/myfile22\", 17 bytes, 13.28Kbyte/sec\n", 130) = 130
9880  14:52:17.105779 fcntl64(3, F_SETLK64, {type=F_UNLCK, whence=SEEK_SET, start=0, len=0}, 0xbf8ffa9c) = 0
9880  14:52:17.105807 write(0, "226 Transfer complete.\r\n", 24) = 24
9880  14:52:17.105905 write(5, "\n", 1) = 1
9880  14:52:17.105930 read(5,  <unfinished ...>
9878  14:52:17.105944 close(6)          = 0
9878  14:52:17.105981 read(4, "\n", 1)  = 1
9878  14:52:17.106004 close(5)          = 0
9878  14:52:17.106025 write(4, "\1", 1) = 1
9880  14:52:17.106046 <... read resumed> "\1", 1) = 1
9880  14:52:17.106060 close(4)          = 0
9880  14:52:17.106081 rt_sigaction(SIGALRM, {0x805cad0, ~[RTMIN RT_1], 0}, NULL, 8) = 0
9880  14:52:17.106108 alarm(300)        = 0
9880  14:52:17.106129 recv(0,  <unfinished ...>
9878  14:52:17.106145 read(4,  <unfinished ...>
9871  14:52:17.635613 <... read resumed> "\n", 1) = 1
9871  14:52:17.635783 stat64(".", {st_mode=S_IFDIR|0755, st_size=4096, ...}) = 0
9871  14:52:17.635884 stat64("/sbin/nohup", 0xbf917258) = -1 ENOENT (No such file or directory)
9871  14:52:17.635946 stat64("/bin/nohup", 0xbf917258) = -1 ENOENT (No such file or directory)
9871  14:52:17.635999 stat64("/usr/sbin/nohup", 0xbf917258) = -1 ENOENT (No such file or directory)
9871  14:52:17.636053 stat64("/usr/bin/nohup", {st_mode=S_IFREG|0755, st_size=26336, ...}) = 0
9871  14:52:17.636132 stat64("/usr/bin/nohup", {st_mode=S_IFREG|0755, st_size=26336, ...}) = 0
9871  14:52:17.636237 rt_sigprocmask(SIG_BLOCK, [INT CHLD], [], 8) = 0
9871  14:52:17.636356 clone(child_stack=0, flags=CLONE_CHILD_CLEARTID|CLONE_CHILD_SETTID|SIGCHLD, child_tidptr=0xb7d846f8) = 9881
9881  14:52:17.636590 rt_sigprocmask(SIG_SETMASK, [], NULL, 8) = 0
9881  14:52:17.636673 rt_sigaction(SIGTSTP, {SIG_DFL}, {SIG_DFL}, 8) = 0
9881  14:52:17.636734 rt_sigaction(SIGTTIN, {SIG_DFL}, {SIG_DFL}, 8) = 0
9881  14:52:17.636787 rt_sigaction(SIGTTOU, {SIG_DFL}, {SIG_DFL}, 8) = 0
9881  14:52:17.636855 rt_sigaction(SIGINT, {SIG_DFL}, {SIG_DFL}, 8) = 0
9881  14:52:17.636928 rt_sigaction(SIGQUIT, {SIG_DFL}, {SIG_IGN}, 8) = 0
9881  14:52:17.636985 rt_sigaction(SIGCHLD, {SIG_DFL}, {0x807e540, [], 0}, 8) = 0
9881  14:52:17.637132 open("/dev/null", O_WRONLY|O_CREAT|O_TRUNC|O_LARGEFILE, 0666 <unfinished ...>
9880  14:52:17.637179 <... recv resumed> "TYPE I\r\n", 4096, MSG_PEEK) = 8
9880  14:52:17.637270 read(0,  <unfinished ...>
9881  14:52:17.637321 <... open resumed> ) = 7
9880  14:52:17.637354 <... read resumed> "TYPE I\r\n", 8) = 8
9881  14:52:17.637462 dup2(7, 1 <unfinished ...>
9880  14:52:17.637522 write(0, "200 Switching to Binary mode.\r\n", 31) = 31
9880  14:52:17.637722 rt_sigaction(SIGALRM, {0x805cad0, ~[RTMIN RT_1], 0}, NULL, 8) = 0
9880  14:52:17.637791 alarm(300)        = 299
9881  14:52:17.637838 <... dup2 resumed> ) = 1
9880  14:52:17.637872 recv(0,  <unfinished ...>
9881  14:52:17.637917 close(7 <unfinished ...>
9880  14:52:17.637944 <... recv resumed> "PASV\r\n", 4096, MSG_PEEK) = 6
9880  14:52:17.637980 read(0, "PASV\r\n", 6) = 6
9880  14:52:17.638033 write(5, "\n", 1 <unfinished ...>
9881  14:52:17.638061 <... close resumed> ) = 0
9881  14:52:17.638090 dup2(1, 2 <unfinished ...>
9880  14:52:17.638121 <... write resumed> ) = 1
9881  14:52:17.638146 <... dup2 resumed> ) = 2
9881  14:52:17.638173 fcntl64(1, F_GETFD <unfinished ...>
9880  14:52:17.638378 read(5,  <unfinished ...>
9881  14:52:17.638420 <... fcntl64 resumed> ) = 0
9881  14:52:17.638481 execve("/usr/bin/nohup", ["nohup"], [/* 16 vars */]) = 0
9881  14:52:17.638882 brk(0)            = 0x804f000
9881  14:52:17.638983 access("/etc/ld.so.nohwcap", F_OK) = -1 ENOENT (No such file or directory)
9881  14:52:17.639079 mmap2(NULL, 8192, PROT_READ|PROT_WRITE, MAP_PRIVATE|MAP_ANONYMOUS, -1, 0) = 0xb7f9d000
9881  14:52:17.639142 access("/etc/ld.so.preload", R_OK) = -1 ENOENT (No such file or directory)
9881  14:52:17.639212 open("/etc/ld.so.cache", O_RDONLY) = 7
9881  14:52:17.639307 fstat64(7, {st_mode=S_IFREG|0644, st_size=29913, ...}) = 0
9881  14:52:17.639396 mmap2(NULL, 29913, PROT_READ, MAP_PRIVATE, 7, 0) = 0xb7f95000
9881  14:52:17.639444 close(7)          = 0
9881  14:52:17.639492 access("/etc/ld.so.nohwcap", F_OK) = -1 ENOENT (No such file or directory)
9881  14:52:17.639563 open("/lib/tls/i686/cmov/libc.so.6", O_RDONLY) = 7
9881  14:52:17.639626 read(7, "\177ELF\1\1\1\0\0\0\0\0\0\0\0\0\3\0\3\0\1\0\0\0\260e\1\0004\0\0\0\4\307\24\0\0\0\0\0004\0 \0\n\0(\0D\0C\0\6\0\0\0004\0\0\0004\0\0\0004\0\0\0@\1\0\0@\1\0\0\5\0\0\0\4\0\0\0\3\0\0\0\2200\23\0\2200\23\0\2200\23\0\23\0\0\0\23\0\0\0\4\0\0\0\1\0\0\0\1\0\0\0\0\0\0\0\0\0\0\0\0\0\0\0(\215\24\0(\215\24\0\5\0\0\0\0\20\0\0\1\0\0\0\354\221\24\0\354\221\24\0\354\221\24\0\260\'\0\0\204T\0\0\6\0\0\0\0\20\0\0\2\0\0\0\234\255\24\0\234\255\24\0\234\255\24\0\360\0\0\0\360\0\0\0\6\0\0\0\4\0\0\0\4\0\0\0t\1\0\0t\1\0\0t\1\0\0 \0\0\0 \0\0\0\4\0\0\0\4\0\0\0\7\0\0\0\354\221\24\0\354\221\24\0\354\221\24\0\10\0\0\0,\0\0\0\4\0\0\0\4\0\0\0P\345td\2440\23\0\2440\23\0\2440\23\0\354+\0\0\354+\0\0\4\0\0\0\4\0\0\0Q\345td\0\0\0\0\0\0\0\0\0\0\0\0\0\0\0\0\0\0\0\0\6\0\0\0\4\0\0\0R\345td\354\221\24\0\354\221\24\0\354\221\24\0\10\36\0\0\10\36\0\0\4\0\0\0\1\0\0\0\4\0\0\0\20\0\0\0\1\0\0\0GNU\0\0\0\0\0\2\0\0\0\6\0\0\0\10\0\0\0\363\3\0\0\n\0\0\0\0\2\0\0\16\0\0\0\2400\20D\200 \2\1\214\3\346\220AE\210\0\204\0\10\0A\200\0@\300\200\0\f\2\f\0\0010\0\10@\"\10\246\4\210H6l\240\0260\0&\204\200\216\4\10B$\2\f\246\244\32\6c\310\0\302 \1\300\0R\0!\201\10\4\n  \250\24\0\24(`\0\0P\240\312DB", 512) = 512
9881  14:52:17.639789 fstat64(7, {st_mode=S_IFREG|0755, st_size=1364388, ...}) = 0
9881  14:52:17.639910 mmap2(NULL, 1369712, PROT_READ|PROT_EXEC, MAP_PRIVATE|MAP_DENYWRITE, 7, 0) = 0xb7e46000
9881  14:52:17.639977 mmap2(0xb7f8f000, 12288, PROT_READ|PROT_WRITE, MAP_PRIVATE|MAP_FIXED|MAP_DENYWRITE, 7, 0x149) = 0xb7f8f000
9881  14:52:17.640050 mmap2(0xb7f92000, 9840, PROT_READ|PROT_WRITE, MAP_PRIVATE|MAP_FIXED|MAP_ANONYMOUS, -1, 0) = 0xb7f92000
9881  14:52:17.640116 close(7)          = 0
9881  14:52:17.640190 mmap2(NULL, 4096, PROT_READ|PROT_WRITE, MAP_PRIVATE|MAP_ANONYMOUS, -1, 0) = 0xb7e45000
9881  14:52:17.640242 set_thread_area({entry_number:-1 -> 6, base_addr:0xb7e456b0, limit:1048575, seg_32bit:1, contents:0, read_exec_only:0, limit_in_pages:1, seg_not_present:0, useable:1}) = 0
9881  14:52:17.640426 mprotect(0xb7f8f000, 4096, PROT_READ) = 0
9881  14:52:17.640494 munmap(0xb7f95000, 29913) = 0
9881  14:52:17.640726 brk(0)            = 0x804f000
9881  14:52:17.640770 brk(0x8070000)    = 0x8070000
9881  14:52:17.640940 write(2, "nohup: ", 7) = 7
9881  14:52:17.641007 write(2, "missing operand", 15) = 15
9881  14:52:17.641057 write(2, "\n", 1) = 1
9881  14:52:17.641113 write(2, "Try `nohup --help\' for more information.\n", 41) = 41
9881  14:52:17.641184 close(1)          = 0
9881  14:52:17.641227 close(2)          = 0
9881  14:52:17.641278 exit_group(127)   = ?
9878  14:52:17.641382 <... read resumed> "\n", 1) = 1
9878  14:52:17.641426 write(4, "\1", 1) = 1
9880  14:52:17.641475 <... read resumed> "\1", 1) = 1
9880  14:52:17.641508 write(5, "\f", 1) = 1
9880  14:52:17.641553 read(5,  <unfinished ...>
9878  14:52:17.641585 read(4, "\f", 1)  = 1
9878  14:52:17.641638 socket(PF_INET, SOCK_STREAM, IPPROTO_TCP) = 5
9878  14:52:17.641701 setsockopt(5, SOL_SOCKET, SO_REUSEADDR, [1], 4) = 0
9878  14:52:17.641761 bind(5, {sa_family=AF_INET, sin_port=htons(7312), sin_addr=inet_addr("127.0.0.1")}, 16) = 0
9878  14:52:17.641869 listen(5, 1)      = 0
9878  14:52:17.641936 write(4, "\220\34\0\0", 4) = 4
9880  14:52:17.641986 <... read resumed> "\220\34\0\0", 4) = 4
9880  14:52:17.642042 write(0, "227 Entering Passive Mode (127,0,0,1,28,144).\r\n", 47) = 47
9880  14:52:17.642481 rt_sigaction(SIGALRM, {0x805cad0, ~[RTMIN RT_1], 0}, NULL, 8) = 0
9880  14:52:17.642575 alarm(300)        = 300
9880  14:52:17.642628 recv(0, "STOR myfile23\r\n", 4096, MSG_PEEK) = 15
9880  14:52:17.642682 read(0, "STOR myfile23\r\n", 15) = 15
9880  14:52:17.642742 write(5, "\v", 1) = 1
9880  14:52:17.642842 read(5,  <unfinished ...>
9878  14:52:17.642890 read(4, "\v", 1)  = 1
9878  14:52:17.642943 write(4, "\1\0\0\0", 4) = 4
9880  14:52:17.642991 <... read resumed> "\1\0\0\0", 4) = 4
9880  14:52:17.643027 gettimeofday({1495651937, 643043}, NULL) = 0
9880  14:52:17.643074 getcwd("/home/msfadmin", 4096) = 15
9880  14:52:17.643129 open("myfile23", O_WRONLY|O_CREAT|O_NONBLOCK|O_LARGEFILE, 0666) = 4
9880  14:52:17.643189 fstat64(4, {st_mode=S_IFREG|0644, st_size=17, ...}) = 0
9880  14:52:17.643264 fcntl64(4, F_GETFL) = 0x8801 (flags O_WRONLY|O_NONBLOCK|O_LARGEFILE)
9880  14:52:17.643313 fcntl64(4, F_SETFL, O_WRONLY|O_LARGEFILE) = 0
9880  14:52:17.643357 fcntl64(4, F_SETLKW64, {type=F_WRLCK, whence=SEEK_SET, start=0, len=0}, 0xbf8ffaf4) = 0
9880  14:52:17.643417 ftruncate64(4, 0) = 0
9880  14:52:17.643488 _llseek(4, 0, [0], SEEK_SET) = 0
9880  14:52:17.643537 write(5, "\v", 1) = 1
9880  14:52:17.643582 read(5,  <unfinished ...>
9878  14:52:17.643614 read(4, "\v", 1)  = 1
9878  14:52:17.643664 write(4, "\1\0\0\0", 4) = 4
9880  14:52:17.643710 <... read resumed> "\1\0\0\0", 4) = 4
9880  14:52:17.643743 write(5, "\v", 1) = 1
9880  14:52:17.643841 read(5,  <unfinished ...>
9878  14:52:17.643876 read(4, "\v", 1)  = 1
9878  14:52:17.643925 write(4, "\1\0\0\0", 4) = 4
9880  14:52:17.643971 <... read resumed> "\1\0\0\0", 4) = 4
9880  14:52:17.644004 write(5, "\r", 1) = 1
9880  14:52:17.644048 read(5,  <unfinished ...>
9878  14:52:17.644077 read(4, "\r", 1)  = 1
9878  14:52:17.644129 select(6, [5], NULL, NULL, {60, 0}) = 1 (in [5], left {60, 0})
9878  14:52:17.644200 accept(5, {sa_family=AF_INET, sin_port=htons(35623), sin_addr=inet_addr("127.0.0.1")}, [16]) = 6
9878  14:52:17.644298 write(4, "\1", 1) = 1
9880  14:52:17.644343 <... read resumed> "\1", 1) = 1
9880  14:52:17.644381 recvmsg(5,  <unfinished ...>
9878  14:52:17.644418 sendmsg(4, {msg_name(0)=NULL, msg_iov(1)=[{"\0", 1}], msg_controllen=16, {cmsg_len=16, cmsg_level=SOL_SOCKET, cmsg_type=SCM_RIGHTS, {6}}, msg_flags=0}, 0) = 1
9880  14:52:17.644492 <... recvmsg resumed> {msg_name(0)=NULL, msg_iov(1)=[{"\0", 1}], msg_controllen=16, {cmsg_len=16, cmsg_level=SOL_SOCKET, cmsg_type=SCM_RIGHTS, {6}}, msg_flags=0}, 0) = 1
9880  14:52:17.644550 setsockopt(6, SOL_SOCKET, SO_KEEPALIVE, [1], 4) = 0
9880  14:52:17.644603 setsockopt(6, SOL_IP, IP_TOS, [8], 4) = 0
9880  14:52:17.644654 setsockopt(6, SOL_SOCKET, SO_LINGER, {onoff=1, linger=32767}, 8) = 0
9880  14:52:17.644704 rt_sigaction(SIGALRM, {0x805cad0, ~[RTMIN RT_1], 0}, NULL, 8) = 0
9880  14:52:17.644803 alarm(300)        = 300
9880  14:52:17.644863 write(0, "150 Ok to send data.\r\n", 22) = 22
9880  14:52:17.645131 read(6, "assasaaa\na\na\na\na\n", 65536) = 17
9880  14:52:17.645194 write(4, "assasaaa\na\na\na\na\n", 17) = 17
9880  14:52:17.645977 read(6, "", 65536) = 0
9880  14:52:17.646033 rt_sigaction(SIGALRM, {0x805cad0, ~[RTMIN RT_1], 0}, NULL, 8) = 0
9880  14:52:17.646096 alarm(300)        = 300
9880  14:52:17.646140 close(6)          = 0
9880  14:52:17.646181 alarm(0)          = 300
9880  14:52:17.646224 gettimeofday({1495651937, 646240}, NULL) = 0
9880  14:52:17.646330 gettimeofday({1495651937, 646358}, NULL) = 0
9880  14:52:17.646400 fcntl64(3, F_SETLKW64, {type=F_WRLCK, whence=SEEK_SET, start=0, len=0}, 0xbf8ffa94) = 0
9880  14:52:17.646466 write(3, "Wed May 24 14:52:17 2017 [pid 9880] [msfadmin] OK UPLOAD: Client \"127.0.0.1\", \"/home/msfadmin/myfile23\", 17 bytes, 5.01Kbyte/sec\n", 129) = 129
9880  14:52:17.646555 fcntl64(3, F_SETLK64, {type=F_UNLCK, whence=SEEK_SET, start=0, len=0}, 0xbf8ffa9c) = 0
9880  14:52:17.646619 write(0, "226 Transfer complete.\r\n", 24) = 24
9880  14:52:17.646803 write(5, "\n", 1) = 1
9880  14:52:17.646857 read(5,  <unfinished ...>
9878  14:52:17.646889 close(6)          = 0
9878  14:52:17.646967 read(4, "\n", 1)  = 1
9878  14:52:17.647036 close(5)          = 0
9878  14:52:17.647084 write(4, "\1", 1) = 1
9880  14:52:17.647131 <... read resumed> "\1", 1) = 1
9880  14:52:17.647163 close(4)          = 0
9880  14:52:17.647210 rt_sigaction(SIGALRM, {0x805cad0, ~[RTMIN RT_1], 0}, NULL, 8) = 0
9880  14:52:17.647314 alarm(300)        = 0
9880  14:52:17.647368 recv(0,  <unfinished ...>
9878  14:52:17.647404 read(4,  <unfinished ...>
9871  14:52:17.647468 rt_sigprocmask(SIG_SETMASK, [], NULL, 8) = 0
9871  14:52:17.647519 --- SIGCHLD (Child exited) @ 0 (0) ---
9871  14:52:17.647562 waitpid(-1, [{WIFEXITED(s) && WEXITSTATUS(s) == 127}], WNOHANG) = 9881
9871  14:52:17.647626 waitpid(-1, 0xbf916ed8, WNOHANG) = 0
9871  14:52:17.647668 sigreturn()       = ? (mask now [])
9871  14:52:17.647763 rt_sigprocmask(SIG_BLOCK, [CHLD], [], 8) = 0
9871  14:52:17.647827 rt_sigprocmask(SIG_SETMASK, [], NULL, 8) = 0
9871  14:52:17.647875 rt_sigprocmask(SIG_BLOCK, [CHLD], [], 8) = 0
9871  14:52:17.647929 rt_sigaction(SIGINT, {0x807f150, [], 0}, {SIG_DFL}, 8) = 0
9871  14:52:17.647995 rt_sigprocmask(SIG_SETMASK, [], NULL, 8) = 0
9871  14:52:17.648043 rt_sigaction(SIGINT, {SIG_DFL}, {0x807f150, [], 0}, 8) = 0
9871  14:52:17.648111 rt_sigprocmask(SIG_BLOCK, NULL, [], 8) = 0
9871  14:52:17.648166 read(0, "e", 1)   = 1
9871  14:52:17.648250 read(0, "c", 1)   = 1
9871  14:52:17.648309 read(0, "h", 1)   = 1
9871  14:52:17.648353 read(0, "o", 1)   = 1
9871  14:52:17.648397 read(0, " ", 1)   = 1
9871  14:52:17.648440 read(0, "p", 1)   = 1
9871  14:52:17.648484 read(0, "F", 1)   = 1
9871  14:52:17.648527 read(0, "4", 1)   = 1
9871  14:52:17.648571 read(0, "g", 1)   = 1
9871  14:52:17.648614 read(0, "v", 1)   = 1
9871  14:52:17.648658 read(0, "x", 1)   = 1
9871  14:52:17.648702 read(0, "U", 1)   = 1
9871  14:52:17.648745 read(0, "r", 1)   = 1
9871  14:52:17.648788 read(0, "e", 1)   = 1
9871  14:52:17.648832 read(0, "p", 1)   = 1
9871  14:52:17.648875 read(0, "6", 1)   = 1
9871  14:52:17.648919 read(0, "I", 1)   = 1
9871  14:52:17.648962 read(0, "g", 1)   = 1
9871  14:52:17.649006 read(0, "M", 1)   = 1
9871  14:52:17.649049 read(0, "H", 1)   = 1
9871  14:52:17.649092 read(0, "S", 1)   = 1
9871  14:52:17.649136 read(0, "\n", 1)  = 1
9871  14:52:17.649449 write(1, "pF4gvxUrep6IgMHS\n", 17) = 17
9871  14:52:17.649647 rt_sigprocmask(SIG_BLOCK, NULL, [], 8) = 0
9871  14:52:17.649710 read(0, "", 1)    = 0
9871  14:52:17.784291 exit_group(0)     = ?
9872  14:52:17.784389 <... read resumed> "", 1) = 0
9872  14:52:17.784417 fcntl64(0, F_GETFL) = 0x2 (flags O_RDWR)
9872  14:52:17.784443 fcntl64(0, F_SETFL, O_RDWR|O_NONBLOCK) = 0
9872  14:52:17.784467 write(0, "500 OOPS: ", 10) = 10
9872  14:52:17.784574 write(0, "priv_sock_get_result", 20) = 20
9872  14:52:17.784679 write(0, "\r\n", 2) = 2
9872  14:52:17.784822 exit_group(1)     = ?
4439  14:52:17.785119 <... select resumed> ) = ? ERESTARTNOHAND (To be restarted)
4439  14:52:17.785240 --- SIGCHLD (Child exited) @ 0 (0) ---
4439  14:52:17.785263 write(4, "\21", 1) = 1
4439  14:52:17.785294 sigreturn()       = ? (mask now [])
4439  14:52:17.785353 select(13, [3 5 6 8 9 10 11 12], NULL, NULL, NULL) = 1 (in [3])
4439  14:52:17.785389 ioctl(3, FIONREAD, [1]) = 0
4439  14:52:17.785416 read(3, "\21", 1) = 1
4439  14:52:17.785442 waitpid(-1, [{WIFEXITED(s) && WEXITSTATUS(s) == 0}], WNOHANG) = 9871
4439  14:52:17.785476 close(-1)         = -1 EBADF (Bad file descriptor)
4439  14:52:17.785502 waitpid(-1, 0xbff6282c, WNOHANG) = 0
4439  14:52:17.785524 select(13, [3 5 6 8 9 10 11 12], NULL, NULL, NULL <unfinished ...>
