13927 15:33:37.552959 fstat64(5, {st_mode=S_IFREG|0644, st_size=520, ...}) = 0
13927 15:33:37.552985 mmap2(NULL, 4096, PROT_READ|PROT_WRITE, MAP_PRIVATE|MAP_ANONYMOUS, -1, 0) = 0xb7f2e000
13927 15:33:37.553002 read(5, "#\n# /etc/pam.d/other - specify the PAM fallback behaviour\n#\n# Note that this file is used for any unspecified service; for example\n#if /etc/pam.d/cron  specifies no session modules but cron calls\n#pam_open_session, the session module out of /etc/pam.d/other is\n#used.  If you really want nothing to happen then use pam_permit.so or\n#pam_deny.so as appropriate.\n\n# We fall back to the system default in /etc/pam.d/common-*\n# \n\n@include common-auth\n@include common-account\n@include common-password\n@include common-session\n", 4096) = 520
13927 15:33:37.553076 stat64("/etc/pam.d", {st_mode=S_IFDIR|0755, st_size=4096, ...}) = 0
13927 15:33:37.553107 open("/etc/pam.d/common-auth", O_RDONLY|O_LARGEFILE) = 6
13927 15:33:37.553127 fstat64(6, {st_mode=S_IFREG|0644, st_size=476, ...}) = 0
13927 15:33:37.553154 mmap2(NULL, 4096, PROT_READ|PROT_WRITE, MAP_PRIVATE|MAP_ANONYMOUS, -1, 0) = 0xb7f28000
13927 15:33:37.553171 read(6, "#\n# /etc/pam.d/common-auth - authentication settings common to all services\n#\n# This file is included from other service-specific PAM config files,\n# and should contain a list of the authentication modules that define\n# the central authentication scheme for use on the system\n# (e.g., /etc/shadow, LDAP, Kerberos, etc.).  The default is to use the\n# traditional Unix authentication mechanisms.\n#\nauth\trequisite\tpam_unix.so nullok_secure\n# auth\toptional\tpam_smbpass.so migrate\n", 4096) = 476
13927 15:33:37.553247 read(6, "", 4096) = 0
13927 15:33:37.553264 close(6)          = 0
13927 15:33:37.553279 munmap(0xb7f28000, 4096) = 0
13927 15:33:37.553297 stat64("/etc/pam.d", {st_mode=S_IFDIR|0755, st_size=4096, ...}) = 0
13927 15:33:37.553327 open("/etc/pam.d/common-account", O_RDONLY|O_LARGEFILE) = 6
13927 15:33:37.553347 fstat64(6, {st_mode=S_IFREG|0644, st_size=392, ...}) = 0
13927 15:33:37.553374 mmap2(NULL, 4096, PROT_READ|PROT_WRITE, MAP_PRIVATE|MAP_ANONYMOUS, -1, 0) = 0xb7f28000
13927 15:33:37.553397 read(6, "#\n# /etc/pam.d/common-account - authorization settings common to all services\n#\n# This file is included from other service-specific PAM config files,\n# and should contain a list of the authorization modules that define\n# the central access policy for use on the system.  The default is to\n# only deny service to users whose accounts are expired in /etc/shadow.\n#\naccount\trequired\tpam_unix.so\n", 4096) = 392
13927 15:33:37.553461 read(6, "", 4096) = 0
13927 15:33:37.553477 close(6)          = 0
13927 15:33:37.553493 munmap(0xb7f28000, 4096) = 0
13927 15:33:37.553510 stat64("/etc/pam.d", {st_mode=S_IFDIR|0755, st_size=4096, ...}) = 0
13927 15:33:37.553540 open("/etc/pam.d/common-password", O_RDONLY|O_LARGEFILE) = 6
13927 15:33:37.553562 fstat64(6, {st_mode=S_IFREG|0644, st_size=1563, ...}) = 0
13927 15:33:37.553600 mmap2(NULL, 4096, PROT_READ|PROT_WRITE, MAP_PRIVATE|MAP_ANONYMOUS, -1, 0) = 0xb7f28000
13927 15:33:37.553619 read(6, "#\n# /etc/pam.d/common-password - password-related modules common to all services\n#\n# This file is included from other service-specific PAM config files,\n# and should contain a list of modules that define the services to be\n# used to change user passwords.  The default is pam_unix.\n\n# Explanation of pam_unix options:\n#\n# The \"nullok\" option allows users to change an empty password, else\n# empty passwords are treated as locked accounts.\n#\n# The \"md5\" option enables MD5 passwords.  Without this option, the\n# default is Unix crypt.\n#\n# The \"obscure\" option replaces the old `OBSCURE_CHECKS_ENAB\' option in\n# login.defs.\n#\n# You can also use the \"min\" option to enforce the length of the new\n# password.\n#\n# See the pam_unix manpage for other options.\n\npassword   requisite   pam_unix.so nullok obscure md5\n\n# Alternate strength checking for password. Note that this\n# requires the libpam-cracklib package to be installed.\n# You will need to comment out the password line above and\n# uncomment the next two in order to use this.\n# (Replaces the `OBSCURE_CHECKS_ENAB\', `CRACKLIB_DICTPATH\')\n#\n# password required\t  pam_cracklib.so retry=3 minlen=6 difok=3\n# password required\t  pam_unix.so use_authtok nullok md5\n\n# minimally-intrusive inclusion of smbpass in the stack for\n# synchronization.  If the module is absent or the passwords don\'t\n# match, this module will be ignored without prompting; and if the \n# passwords do match, the NTLM hash for the user will be updated\n# automatically.\n# password   optional   pam_smbpass.so nullok use_authtok use_first_pass\n", 4096) = 1563
13927 15:33:37.553811 read(6, "", 4096) = 0
13927 15:33:37.553827 close(6)          = 0
13927 15:33:37.553843 munmap(0xb7f28000, 4096) = 0
13927 15:33:37.553861 stat64("/etc/pam.d", {st_mode=S_IFDIR|0755, st_size=4096, ...}) = 0
13927 15:33:37.553893 open("/etc/pam.d/common-session", O_RDONLY|O_LARGEFILE) = 6
13927 15:33:37.553915 fstat64(6, {st_mode=S_IFREG|0644, st_size=372, ...}) = 0
13927 15:33:37.553941 mmap2(NULL, 4096, PROT_READ|PROT_WRITE, MAP_PRIVATE|MAP_ANONYMOUS, -1, 0) = 0xb7f28000
13927 15:33:37.553958 read(6, "#\n# /etc/pam.d/common-session - session-related modules common to all services\n#\n# This file is included from other service-specific PAM config files,\n# and should contain a list of modules that define tasks to be performed\n# at the start and end of sessions of *any* kind (both interactive and\n# non-interactive).  The default is pam_unix.\n#\nsession\trequired\tpam_unix.so\n", 4096) = 372
13927 15:33:37.554021 read(6, "", 4096) = 0
13927 15:33:37.554037 close(6)          = 0
13927 15:33:37.554052 munmap(0xb7f28000, 4096) = 0
13927 15:33:37.554069 read(5, "", 4096) = 0
13927 15:33:37.554085 close(5)          = 0
13927 15:33:37.554100 munmap(0xb7f2e000, 4096) = 0
13927 15:33:37.554121 time(NULL)        = 1495654417
13927 15:33:37.554141 lstat64("/etc/ftpusers", {st_mode=S_IFREG|0644, st_size=132, ...}) = 0
13927 15:33:37.554171 open("/etc/ftpusers", O_RDONLY|O_LARGEFILE) = 5
13927 15:33:37.554196 fstat64(5, {st_mode=S_IFREG|0644, st_size=132, ...}) = 0
13927 15:33:37.554223 mmap2(NULL, 4096, PROT_READ|PROT_WRITE, MAP_PRIVATE|MAP_ANONYMOUS, -1, 0) = 0xb7f2e000
13927 15:33:37.554240 read(5, "# /etc/ftpusers: list of users disallowed FTP access. See ftpusers(5).\n\nroot\ndaemon\nbin\nsys\nsync\ngames\nman\nlp\nmail\nnews\nuucp\nnobody\n", 4096) = 132
13927 15:33:37.554275 read(5, "", 4096) = 0
13927 15:33:37.554290 close(5)          = 0
13927 15:33:37.554305 munmap(0xb7f2e000, 4096) = 0
13927 15:33:37.554331 getuid32()        = 0
13927 15:33:37.554359 open("/etc/passwd", O_RDONLY|0x80000 /* O_??? */) = 5
13927 15:33:37.554383 _llseek(5, 0, [0], SEEK_CUR) = 0
13927 15:33:37.554401 fstat64(5, {st_mode=S_IFREG|0644, st_size=1624, ...}) = 0
13927 15:33:37.554428 mmap2(NULL, 1624, PROT_READ, MAP_SHARED, 5, 0) = 0xb7f2e000
13927 15:33:37.554447 _llseek(5, 1624, [1624], SEEK_SET) = 0
13927 15:33:37.554478 munmap(0xb7f2e000, 1624) = 0
13927 15:33:37.554496 close(5)          = 0
13927 15:33:37.554536 open("/etc/shadow", O_RDONLY|0x80000 /* O_??? */) = 5
13927 15:33:37.554584 _llseek(5, 0, [0], SEEK_CUR) = 0
13927 15:33:37.554604 fstat64(5, {st_mode=S_IFREG|0640, st_size=1233, ...}) = 0
13927 15:33:37.554631 mmap2(NULL, 1233, PROT_READ, MAP_SHARED, 5, 0) = 0xb7f2e000
13927 15:33:37.554649 _llseek(5, 1233, [1233], SEEK_SET) = 0
13927 15:33:37.554682 munmap(0xb7f2e000, 1233) = 0
13927 15:33:37.554699 close(5)          = 0
13927 15:33:37.554731 open("/etc/passwd", O_RDONLY|0x80000 /* O_??? */) = 5
13927 15:33:37.554753 _llseek(5, 0, [0], SEEK_CUR) = 0
13927 15:33:37.554769 fstat64(5, {st_mode=S_IFREG|0644, st_size=1624, ...}) = 0
13927 15:33:37.554796 mmap2(NULL, 1624, PROT_READ, MAP_SHARED, 5, 0) = 0xb7f2e000
13927 15:33:37.554813 _llseek(5, 1624, [1624], SEEK_SET) = 0
13927 15:33:37.554840 munmap(0xb7f2e000, 1624) = 0
13927 15:33:37.554856 close(5)          = 0
13927 15:33:37.554877 open("/etc/shadow", O_RDONLY|0x80000 /* O_??? */) = 5
13927 15:33:37.554897 _llseek(5, 0, [0], SEEK_CUR) = 0
13927 15:33:37.554914 fstat64(5, {st_mode=S_IFREG|0640, st_size=1233, ...}) = 0
13927 15:33:37.554941 mmap2(NULL, 1233, PROT_READ, MAP_SHARED, 5, 0) = 0xb7f2e000
13927 15:33:37.554958 _llseek(5, 1233, [1233], SEEK_SET) = 0
13927 15:33:37.554985 munmap(0xb7f2e000, 1233) = 0
13927 15:33:37.555001 close(5)          = 0
13927 15:33:37.555386 getuid32()        = 0
13927 15:33:37.555404 open("/etc/passwd", O_RDONLY|0x80000 /* O_??? */) = 5
13927 15:33:37.555425 _llseek(5, 0, [0], SEEK_CUR) = 0
13927 15:33:37.555441 fstat64(5, {st_mode=S_IFREG|0644, st_size=1624, ...}) = 0
13927 15:33:37.555468 mmap2(NULL, 1624, PROT_READ, MAP_SHARED, 5, 0) = 0xb7f2e000
13927 15:33:37.555485 _llseek(5, 1624, [1624], SEEK_SET) = 0
13927 15:33:37.555511 munmap(0xb7f2e000, 1624) = 0
13927 15:33:37.555540 close(5)          = 0
13927 15:33:37.555563 open("/etc/shadow", O_RDONLY|0x80000 /* O_??? */) = 5
13927 15:33:37.555585 _llseek(5, 0, [0], SEEK_CUR) = 0
13927 15:33:37.555602 fstat64(5, {st_mode=S_IFREG|0640, st_size=1233, ...}) = 0
13927 15:33:37.555629 mmap2(NULL, 1233, PROT_READ, MAP_SHARED, 5, 0) = 0xb7f2e000
13927 15:33:37.555647 _llseek(5, 1233, [1233], SEEK_SET) = 0
13927 15:33:37.555674 munmap(0xb7f2e000, 1233) = 0
13927 15:33:37.555690 close(5)          = 0
13927 15:33:37.555709 time(NULL)        = 1495654417
13927 15:33:37.555734 munmap(0xb7f2b000, 12164) = 0
13927 15:33:37.555757 munmap(0xb7f29000, 7136) = 0
13927 15:33:37.555780 munmap(0xb7d5e000, 95428) = 0
13927 15:33:37.555798 munmap(0xb7d24000, 201052) = 0
13927 15:33:37.555817 munmap(0xb7d0b000, 101180) = 0
13927 15:33:37.555844 gettimeofday({1495654417, 555850}, NULL) = 0
13927 15:33:37.555863 stat64("/usr/share/zoneinfo/UTC+04:00", 0xbfa29b94) = -1 ENOENT (No such file or directory)
13927 15:33:37.555888 open("/usr/share/zoneinfo/UTC+04:00", O_RDONLY) = -1 ENOENT (No such file or directory)
13927 15:33:37.555930 fcntl64(3, F_SETLKW64, {type=F_WRLCK, whence=SEEK_SET, start=0, len=0}, 0xbfa29ce4) = 0
13927 15:33:37.555957 write(3, "Wed May 24 15:33:37 2017 [pid 13927] [msfadmin] OK LOGIN: Client \"127.0.0.1\"\n", 77) = 77
13927 15:33:37.555991 fcntl64(3, F_SETLK64, {type=F_UNLCK, whence=SEEK_SET, start=0, len=0}, 0xbfa29cec) = 0
13927 15:33:37.556785 rt_sigaction(SIGCHLD, {0x805cad0, ~[RTMIN RT_1], 0}, NULL, 8) = 0
13927 15:33:37.556815 write(4, "\1", 1 <unfinished ...>
13928 15:33:37.556831 <... read resumed> "\1", 1) = 1
13927 15:33:37.556840 <... write resumed> ) = 1
13928 15:33:37.556853 exit_group(0)     = ?
13927 15:33:37.556906 --- SIGCHLD (Child exited) @ 0 (0) ---
13927 15:33:37.556919 sigreturn()       = ? (mask now [])
13927 15:33:37.556950 wait4(-1, [{WIFEXITED(s) && WEXITSTATUS(s) == 0}], 0, NULL) = 13928
13927 15:33:37.556972 close(4)          = 0
13927 15:33:37.556991 socketpair(PF_FILE, SOCK_STREAM, 0, [4, 5]) = 0
13927 15:33:37.557014 rt_sigaction(SIGCHLD, {0x805cad0, ~[RTMIN RT_1], 0}, NULL, 8) = 0
13927 15:33:37.557037 rt_sigaction(SIGALRM, {0x805cb10, ~[RTMIN RT_1], 0}, NULL, 8) = 0
13927 15:33:37.557060 clone(child_stack=0, flags=CLONE_CHILD_CLEARTID|CLONE_CHILD_SETTID|SIGCHLD, child_tidptr=0xb7d946f8) = 13929
13929 15:33:37.557145 prctl(0x1, 0x9, 0, 0, 0) = 0
13929 15:33:37.557168 close(4)          = 0
13929 15:33:37.557346 open("/etc/passwd", O_RDONLY|0x80000 /* O_??? */) = 4
13929 15:33:37.557377 _llseek(4, 0, [0], SEEK_CUR) = 0
13929 15:33:37.557403 fstat64(4, {st_mode=S_IFREG|0644, st_size=1624, ...}) = 0
13929 15:33:37.557434 mmap2(NULL, 1624, PROT_READ, MAP_SHARED, 4, 0) = 0xb7f2e000
13929 15:33:37.557454 _llseek(4, 1624, [1624], SEEK_SET) = 0
13929 15:33:37.557492 munmap(0xb7f2e000, 1624) = 0
13929 15:33:37.557511 close(4)          = 0
13929 15:33:37.557533 getuid32()        = 0
13929 15:33:37.557550 open("/etc/passwd", O_RDONLY|0x80000 /* O_??? */) = 4
13929 15:33:37.557571 _llseek(4, 0, [0], SEEK_CUR) = 0
13929 15:33:37.557588 fstat64(4, {st_mode=S_IFREG|0644, st_size=1624, ...}) = 0
13929 15:33:37.557615 mmap2(NULL, 1624, PROT_READ, MAP_SHARED, 4, 0) = 0xb7f2e000
13929 15:33:37.557633 _llseek(4, 1624, [1624], SEEK_SET) = 0
13929 15:33:37.557659 munmap(0xb7f2e000, 1624) = 0
13929 15:33:37.557675 close(4)          = 0
13929 15:33:37.557718 open("/proc/sys/kernel/ngroups_max", O_RDONLY) = 4
13929 15:33:37.557751 read(4, "65536\n", 31) = 6
13929 15:33:37.557772 close(4)          = 0
13929 15:33:37.557796 socket(PF_FILE, SOCK_STREAM, 0) = 4
13929 15:33:37.557815 fcntl64(4, F_SETFL, O_RDWR|O_NONBLOCK) = 0
13929 15:33:37.557833 connect(4, {sa_family=AF_FILE, path="/var/run/nscd/socket"}, 110) = -1 ENOENT (No such file or directory)
13929 15:33:37.557869 close(4)          = 0
13929 15:33:37.557888 socket(PF_FILE, SOCK_STREAM, 0) = 4
13929 15:33:37.557905 fcntl64(4, F_SETFL, O_RDWR|O_NONBLOCK) = 0
13929 15:33:37.557922 connect(4, {sa_family=AF_FILE, path="/var/run/nscd/socket"}, 110) = -1 ENOENT (No such file or directory)
13929 15:33:37.557951 close(4)          = 0
13929 15:33:37.557990 open("/etc/group", O_RDONLY|0x80000 /* O_??? */) = 4
13929 15:33:37.558014 _llseek(4, 0, [0], SEEK_CUR) = 0
13929 15:33:37.558031 fstat64(4, {st_mode=S_IFREG|0644, st_size=886, ...}) = 0
13929 15:33:37.558059 mmap2(NULL, 886, PROT_READ, MAP_SHARED, 4, 0) = 0xb7f2e000
13929 15:33:37.558078 _llseek(4, 886, [886], SEEK_SET) = 0
13929 15:33:37.558118 fstat64(4, {st_mode=S_IFREG|0644, st_size=886, ...}) = 0
13929 15:33:37.558146 munmap(0xb7f2e000, 886) = 0
13929 15:33:37.558163 close(4)          = 0
13929 15:33:37.558180 setgroups32(13, [1000, 4, 20, 24, 25, 29, 30, 44, 46, 107, 111, 112, 119]) = 0
13929 15:33:37.558207 geteuid32()       = 0
13929 15:33:37.558225 getegid32()       = 0
13929 15:33:37.558243 setregid32(-1, 1000) = 0
13929 15:33:37.558260 setreuid32(-1, 1000) = 0
13929 15:33:37.558277 chdir("/home/msfadmin") = 0
13929 15:33:37.558307 setreuid32(-1, 0) = 0
13929 15:33:37.558328 setregid32(-1, 0) = 0
13929 15:33:37.558346 setgid32(1000)    = 0
13929 15:33:37.558362 setuid32(1000)    = 0
13929 15:33:37.558380 setrlimit(RLIMIT_NPROC, {rlim_cur=0, rlim_max=0}) = 0
13929 15:33:37.558402 mmap2(NULL, 12288, PROT_READ|PROT_WRITE, MAP_PRIVATE|MAP_ANONYMOUS, -1, 0) = 0xb7f2c000
13929 15:33:37.558427 mprotect(0xb7f2e000, 4096, PROT_NONE) = 0
13929 15:33:37.558447 mprotect(0xb7f2c000, 4096, PROT_NONE) = 0
13929 15:33:37.558466 getcwd("/home/msfadmin", 4096) = 15
13929 15:33:37.558488 umask(022)        = 077
13929 15:33:37.558504 getcwd("/home/msfadmin", 4096) = 15
13929 15:33:37.558527 open(".message", O_RDONLY|O_NONBLOCK|O_LARGEFILE) = -1 ENOENT (No such file or directory)
13929 15:33:37.558564 write(0, "230 Login successful.\r\n", 23) = 23
13929 15:33:37.558695 rt_sigaction(SIGALRM, {0x805cad0, ~[RTMIN RT_1], 0}, NULL, 8) = 0
13929 15:33:37.558723 alarm(300)        = 0
13929 15:33:37.558742 mmap2(NULL, 12288, PROT_READ|PROT_WRITE, MAP_PRIVATE|MAP_ANONYMOUS, -1, 0) = 0xb7f29000
13929 15:33:37.558761 mprotect(0xb7f2b000, 4096, PROT_NONE) = 0
13929 15:33:37.558779 mprotect(0xb7f29000, 4096, PROT_NONE) = 0
13929 15:33:37.558801 recv(0, "TYPE I\r\n", 4096, MSG_PEEK) = 8
13929 15:33:37.558822 read(0, "TYPE I\r\n", 8) = 8
13929 15:33:37.558850 write(0, "200 Switching to Binary mode.\r\n", 31) = 31
13929 15:33:37.558913 rt_sigaction(SIGALRM, {0x805cad0, ~[RTMIN RT_1], 0}, NULL, 8) = 0
13929 15:33:37.558938 alarm(300)        = 300
13929 15:33:37.558957 recv(0, "PASV\r\n", 4096, MSG_PEEK) = 6
13929 15:33:37.558975 read(0, "PASV\r\n", 6) = 6
13929 15:33:37.558995 write(5, "\n", 1) = 1
13929 15:33:37.559013 read(5,  <unfinished ...>
13927 15:33:37.559034 close(5)          = 0
13927 15:33:37.559055 getuid32()        = 0
13927 15:33:37.559080 open("/etc/passwd", O_RDONLY|0x80000 /* O_??? */) = 5
13927 15:33:37.559104 _llseek(5, 0, [0], SEEK_CUR) = 0
13927 15:33:37.559124 fstat64(5, {st_mode=S_IFREG|0644, st_size=1624, ...}) = 0
13927 15:33:37.559154 mmap2(NULL, 1624, PROT_READ, MAP_SHARED, 5, 0) = 0xb7f2e000
13927 15:33:37.559173 _llseek(5, 1624, [1624], SEEK_SET) = 0
13927 15:33:37.559202 munmap(0xb7f2e000, 1624) = 0
13927 15:33:37.559221 close(5)          = 0
13927 15:33:37.559247 setgroups32(0, []) = 0
13927 15:33:37.559280 chdir("/usr/share/empty") = 0
13927 15:33:37.559306 chroot(".")       = 0
13927 15:33:37.559324 capset(NULL, NULL) = -1 EFAULT (Bad address)
13927 15:33:37.559347 prctl(0x8, 0, 0xbfa29cc8, 0x80549a6, 0xbfa29cb0) = 0
13927 15:33:37.559366 prctl(0x8, 0x1, 0xbfa29cc8, 0x8054a49, 0xbfa29cb0) = 0
13927 15:33:37.559383 setgid32(65534)   = 0
13927 15:33:37.559399 setuid32(65534)   = 0
13927 15:33:37.559415 capset(0x19980330, 0, {CAP_NET_BIND_SERVICE, CAP_NET_BIND_SERVICE, 0}) = 0
13927 15:33:37.559438 read(4, "\n", 1)  = 1
13927 15:33:37.559460 write(4, "\1", 1) = 1
13929 15:33:37.559478 <... read resumed> "\1", 1) = 1
13929 15:33:37.559491 write(5, "\f", 1) = 1
13929 15:33:37.559508 read(5,  <unfinished ...>
13927 15:33:37.559519 read(4, "\f", 1)  = 1
13927 15:33:37.559540 socket(PF_INET, SOCK_STREAM, IPPROTO_TCP) = 5
13927 15:33:37.559562 setsockopt(5, SOL_SOCKET, SO_REUSEADDR, [1], 4) = 0
13927 15:33:37.559582 gettimeofday({1495654417, 559588}, NULL) = 0
13927 15:33:37.559609 bind(5, {sa_family=AF_INET, sin_port=htons(27820), sin_addr=inet_addr("127.0.0.1")}, 16) = 0
13927 15:33:37.559635 listen(5, 1)      = 0
13927 15:33:37.559657 write(4, "\254l\0\0", 4) = 4
13929 15:33:37.559675 <... read resumed> "\254l\0\0", 4) = 4
13929 15:33:37.559697 write(0, "227 Entering Passive Mode (127,0,0,1,108,172).\r\n", 48) = 48
13929 15:33:37.559869 rt_sigaction(SIGALRM, {0x805cad0, ~[RTMIN RT_1], 0}, NULL, 8) = 0
13929 15:33:37.559899 alarm(300)        = 300
13929 15:33:37.559918 recv(0, "STOR myfile40\r\n", 4096, MSG_PEEK) = 15
13929 15:33:37.559939 read(0, "STOR myfile40\r\n", 15) = 15
13929 15:33:37.559963 write(5, "\v", 1) = 1
13929 15:33:37.559981 read(5,  <unfinished ...>
13927 15:33:37.559993 read(4, "\v", 1)  = 1
13927 15:33:37.560012 write(4, "\1\0\0\0", 4) = 4
13929 15:33:37.560029 <... read resumed> "\1\0\0\0", 4) = 4
13929 15:33:37.560044 gettimeofday({1495654417, 560050}, NULL) = 0
13929 15:33:37.560062 getcwd("/home/msfadmin", 4096) = 15
13929 15:33:37.560082 open("myfile40", O_WRONLY|O_CREAT|O_NONBLOCK|O_LARGEFILE, 0666) = 4
13929 15:33:37.560105 fstat64(4, {st_mode=S_IFREG|0644, st_size=17, ...}) = 0
13929 15:33:37.560140 fcntl64(4, F_GETFL) = 0x8801 (flags O_WRONLY|O_NONBLOCK|O_LARGEFILE)
13929 15:33:37.560159 fcntl64(4, F_SETFL, O_WRONLY|O_LARGEFILE) = 0
13929 15:33:37.560176 fcntl64(4, F_SETLKW64, {type=F_WRLCK, whence=SEEK_SET, start=0, len=0}, 0xbfa29c14) = 0
13929 15:33:37.560201 ftruncate64(4, 0) = 0
13929 15:33:37.560247 _llseek(4, 0, [0], SEEK_SET) = 0
13929 15:33:37.560273 write(5, "\v", 1) = 1
13929 15:33:37.560291 read(5,  <unfinished ...>
13927 15:33:37.560303 read(4, "\v", 1)  = 1
13927 15:33:37.560322 write(4, "\1\0\0\0", 4) = 4
13929 15:33:37.560339 <... read resumed> "\1\0\0\0", 4) = 4
13929 15:33:37.560352 write(5, "\v", 1) = 1
13929 15:33:37.560368 read(5,  <unfinished ...>
13927 15:33:37.560379 read(4, "\v", 1)  = 1
13927 15:33:37.560397 write(4, "\1\0\0\0", 4) = 4
13929 15:33:37.560414 <... read resumed> "\1\0\0\0", 4) = 4
13929 15:33:37.560426 write(5, "\r", 1) = 1
13929 15:33:37.560442 read(5,  <unfinished ...>
13927 15:33:37.560453 read(4, "\r", 1)  = 1
13927 15:33:37.560474 select(6, [5], NULL, NULL, {60, 0}) = 1 (in [5], left {60, 0})
13927 15:33:37.560503 accept(5, {sa_family=AF_INET, sin_port=htons(32941), sin_addr=inet_addr("127.0.0.1")}, [16]) = 6
13927 15:33:37.560540 write(4, "\1", 1) = 1
13929 15:33:37.560558 <... read resumed> "\1", 1) = 1
13929 15:33:37.560573 recvmsg(5,  <unfinished ...>
13927 15:33:37.560589 sendmsg(4, {msg_name(0)=NULL, msg_iov(1)=[{"\0", 1}], msg_controllen=16, {cmsg_len=16, cmsg_level=SOL_SOCKET, cmsg_type=SCM_RIGHTS, {6}}, msg_flags=0}, 0) = 1
13929 15:33:37.560617 <... recvmsg resumed> {msg_name(0)=NULL, msg_iov(1)=[{"\0", 1}], msg_controllen=16, {cmsg_len=16, cmsg_level=SOL_SOCKET, cmsg_type=SCM_RIGHTS, {6}}, msg_flags=0}, 0) = 1
13929 15:33:37.560639 setsockopt(6, SOL_SOCKET, SO_KEEPALIVE, [1], 4) = 0
13929 15:33:37.560660 setsockopt(6, SOL_IP, IP_TOS, [8], 4) = 0
13929 15:33:37.560679 setsockopt(6, SOL_SOCKET, SO_LINGER, {onoff=1, linger=32767}, 8) = 0
13929 15:33:37.560698 rt_sigaction(SIGALRM, {0x805cad0, ~[RTMIN RT_1], 0}, NULL, 8) = 0
13929 15:33:37.560720 alarm(300)        = 300
13929 15:33:37.560741 write(0, "150 Ok to send data.\r\n", 22) = 22
13929 15:33:37.560843 mmap2(NULL, 77824, PROT_READ|PROT_WRITE, MAP_PRIVATE|MAP_ANONYMOUS, -1, 0) = 0xb7d63000
13929 15:33:37.560866 mprotect(0xb7d75000, 4096, PROT_NONE) = 0
13929 15:33:37.560886 mprotect(0xb7d63000, 4096, PROT_NONE) = 0
13929 15:33:37.560903 read(6, "assasaaa\na\na\na\na\n", 65536) = 17
13929 15:33:37.560925 write(4, "assasaaa\na\na\na\na\n", 17) = 17
13929 15:33:37.560951 read(6, "", 65536) = 0
13929 15:33:37.560968 rt_sigaction(SIGALRM, {0x805cad0, ~[RTMIN RT_1], 0}, NULL, 8) = 0
13929 15:33:37.560990 alarm(300)        = 300
13929 15:33:37.561007 close(6)          = 0
13929 15:33:37.561022 alarm(0)          = 300
13929 15:33:37.561037 gettimeofday({1495654417, 561043}, NULL) = 0
13929 15:33:37.561067 getpid()          = 13929
13929 15:33:37.561087 gettimeofday({1495654417, 561092}, NULL) = 0
13929 15:33:37.561115 fcntl64(3, F_SETLKW64, {type=F_WRLCK, whence=SEEK_SET, start=0, len=0}, 0xbfa29bb4) = 0
13929 15:33:37.561139 write(3, "Wed May 24 15:33:37 2017 [pid 13929] [msfadmin] OK UPLOAD: Client \"127.0.0.1\", \"/home/msfadmin/myfile40\", 17 bytes, 15.93Kbyte/sec\n", 131) = 131
13929 15:33:37.561172 fcntl64(3, F_SETLK64, {type=F_UNLCK, whence=SEEK_SET, start=0, len=0}, 0xbfa29bbc) = 0
13929 15:33:37.561197 write(0, "226 Transfer complete.\r\n", 24) = 24
13929 15:33:37.561311 write(5, "\n", 1) = 1
13929 15:33:37.561332 read(5,  <unfinished ...>
13927 15:33:37.561344 close(6)          = 0
13927 15:33:37.561374 read(4, "\n", 1)  = 1
13927 15:33:37.561393 close(5)          = 0
13927 15:33:37.561411 write(4, "\1", 1) = 1
13929 15:33:37.561428 <... read resumed> "\1", 1) = 1
13929 15:33:37.561444 close(4)          = 0
13929 15:33:37.561462 rt_sigaction(SIGALRM, {0x805cad0, ~[RTMIN RT_1], 0}, NULL, 8) = 0
13929 15:33:37.561485 alarm(300)        = 0
13929 15:33:37.561503 recv(0,  <unfinished ...>
13927 15:33:37.561516 read(4,  <unfinished ...>
13929 15:33:38.107152 <... recv resumed> "TYPE I\r\n", 4096, MSG_PEEK) = 8
13929 15:33:38.107417 read(0, "TYPE I\r\n", 8) = 8
13929 15:33:38.107651 write(0, "200 Switching to Binary mode.\r\n", 31) = 31
13929 15:33:38.108017 rt_sigaction(SIGALRM, {0x805cad0, ~[RTMIN RT_1], 0}, NULL, 8) = 0
13929 15:33:38.108139 alarm(300)        = 299
13929 15:33:38.108203 recv(0, "PASV\r\n", 4096, MSG_PEEK) = 6
13929 15:33:38.108254 read(0, "PASV\r\n", 6) = 6
13929 15:33:38.108371 write(5, "\n", 1) = 1
13929 15:33:38.108427 read(5,  <unfinished ...>
13927 15:33:38.108460 <... read resumed> "\n", 1) = 1
13927 15:33:38.108496 write(4, "\1", 1) = 1
13929 15:33:38.108542 <... read resumed> "\1", 1) = 1
13929 15:33:38.108574 write(5, "\f", 1) = 1
13929 15:33:38.108617 read(5,  <unfinished ...>
13927 15:33:38.108647 read(4, "\f", 1)  = 1
13927 15:33:38.108700 socket(PF_INET, SOCK_STREAM, IPPROTO_TCP) = 5
13927 15:33:38.108763 setsockopt(5, SOL_SOCKET, SO_REUSEADDR, [1], 4) = 0
13927 15:33:38.108870 bind(5, {sa_family=AF_INET, sin_port=htons(62654), sin_addr=inet_addr("127.0.0.1")}, 16) = 0
13927 15:33:38.108936 listen(5, 1)      = 0
13927 15:33:38.108993 write(4, "\276\364\0\0", 4) = 4
13929 15:33:38.109042 <... read resumed> "\276\364\0\0", 4) = 4
13929 15:33:38.109094 write(0, "227 Entering Passive Mode (127,0,0,1,244,190).\r\n", 48) = 48
13929 15:33:38.109577 rt_sigaction(SIGALRM, {0x805cad0, ~[RTMIN RT_1], 0}, NULL, 8) = 0
13929 15:33:38.109653 alarm(300)        = 300
13929 15:33:38.109705 recv(0, "STOR myfile0\r\n", 4096, MSG_PEEK) = 14
13929 15:33:38.109815 read(0, "STOR myfile0\r\n", 14) = 14
13929 15:33:38.109908 write(5, "\v", 1) = 1
13929 15:33:38.109956 read(5,  <unfinished ...>
13927 15:33:38.109988 read(4, "\v", 1)  = 1
13927 15:33:38.110038 write(4, "\1\0\0\0", 4) = 4
13929 15:33:38.110084 <... read resumed> "\1\0\0\0", 4) = 4
13929 15:33:38.110118 gettimeofday({1495654418, 110134}, NULL) = 0
13929 15:33:38.110166 getcwd("/home/msfadmin", 4096) = 15
13929 15:33:38.110220 open("myfile0", O_WRONLY|O_CREAT|O_NONBLOCK|O_LARGEFILE, 0666) = 4
13929 15:33:38.110332 fstat64(4, {st_mode=S_IFREG|0644, st_size=17, ...}) = 0
13929 15:33:38.110412 fcntl64(4, F_GETFL) = 0x8801 (flags O_WRONLY|O_NONBLOCK|O_LARGEFILE)
13929 15:33:38.110461 fcntl64(4, F_SETFL, O_WRONLY|O_LARGEFILE) = 0
13929 15:33:38.110505 fcntl64(4, F_SETLKW64, {type=F_WRLCK, whence=SEEK_SET, start=0, len=0}, 0xbfa29c14) = 0
13929 15:33:38.110565 ftruncate64(4, 0) = 0
13929 15:33:38.110639 _llseek(4, 0, [0], SEEK_SET) = 0
13929 15:33:38.110687 write(5, "\v", 1) = 1
13929 15:33:38.110734 read(5,  <unfinished ...>
13927 15:33:38.110816 read(4, "\v", 1)  = 1
13927 15:33:38.110871 write(4, "\1\0\0\0", 4) = 4
13929 15:33:38.110918 <... read resumed> "\1\0\0\0", 4) = 4
13929 15:33:38.110951 write(5, "\v", 1) = 1
13929 15:33:38.110994 read(5,  <unfinished ...>
13927 15:33:38.111023 read(4, "\v", 1)  = 1
13927 15:33:38.111071 write(4, "\1\0\0\0", 4) = 4
13929 15:33:38.111115 <... read resumed> "\1\0\0\0", 4) = 4
13929 15:33:38.111147 write(5, "\r", 1) = 1
13929 15:33:38.111191 read(5,  <unfinished ...>
13927 15:33:38.111220 read(4, "\r", 1)  = 1
13927 15:33:38.111317 select(6, [5], NULL, NULL, {60, 0}) = 1 (in [5], left {60, 0})
13927 15:33:38.111390 accept(5, {sa_family=AF_INET, sin_port=htons(49118), sin_addr=inet_addr("127.0.0.1")}, [16]) = 6
13927 15:33:38.111485 write(4, "\1", 1) = 1
13929 15:33:38.111532 <... read resumed> "\1", 1) = 1
13929 15:33:38.111569 recvmsg(5,  <unfinished ...>
13927 15:33:38.111605 sendmsg(4, {msg_name(0)=NULL, msg_iov(1)=[{"\0", 1}], msg_controllen=16, {cmsg_len=16, cmsg_level=SOL_SOCKET, cmsg_type=SCM_RIGHTS, {6}}, msg_flags=0}, 0) = 1
13929 15:33:38.111679 <... recvmsg resumed> {msg_name(0)=NULL, msg_iov(1)=[{"\0", 1}], msg_controllen=16, {cmsg_len=16, cmsg_level=SOL_SOCKET, cmsg_type=SCM_RIGHTS, {6}}, msg_flags=0}, 0) = 1
13929 15:33:38.111737 setsockopt(6, SOL_SOCKET, SO_KEEPALIVE, [1], 4) = 0
13929 15:33:38.111738 setsockopt(6, SOL_IP, IP_TOS, [8], 4) = 0
13929 15:33:38.111773 setsockopt(6, SOL_SOCKET, SO_LINGER, {onoff=1, linger=32767}, 8) = 0
13929 15:33:38.111824 rt_sigaction(SIGALRM, {0x805cad0, ~[RTMIN RT_1], 0}, NULL, 8) = 0
13929 15:33:38.111902 alarm(300)        = 300
13929 15:33:38.112006 write(0, "150 Ok to send data.\r\n", 22) = 22
13929 15:33:38.112283 read(6, "assasaaa\na\na\na\na\n", 65536) = 17
13929 15:33:38.112346 write(4, "assasaaa\na\na\na\na\n", 17) = 17
13929 15:33:38.112416 read(6, "", 65536) = 0
13929 15:33:38.112525 rt_sigaction(SIGALRM, {0x805cad0, ~[RTMIN RT_1], 0}, NULL, 8) = 0
13929 15:33:38.112589 alarm(300)        = 300
13929 15:33:38.112633 close(6)          = 0
13929 15:33:38.112673 alarm(0)          = 300
13929 15:33:38.112715 gettimeofday({1495654418, 112731}, NULL) = 0
13929 15:33:38.112779 gettimeofday({1495654418, 112797}, NULL) = 0
13929 15:33:38.112835 fcntl64(3, F_SETLKW64, {type=F_WRLCK, whence=SEEK_SET, start=0, len=0}, 0xbfa29bb4) = 0
13929 15:33:38.112899 write(3, "Wed May 24 15:33:38 2017 [pid 13929] [msfadmin] OK UPLOAD: Client \"127.0.0.1\", \"/home/msfadmin/myfile0\", 17 bytes, 6.23Kbyte/sec\n", 129) = 129
13929 15:33:38.113040 fcntl64(3, F_SETLK64, {type=F_UNLCK, whence=SEEK_SET, start=0, len=0}, 0xbfa29bbc) = 0
13929 15:33:38.113111 write(0, "226 Transfer complete.\r\n", 24) = 24
13929 15:33:38.113288 write(5, "\n", 1) = 1
13929 15:33:38.113341 read(5,  <unfinished ...>
13927 15:33:38.113372 close(6)          = 0
13927 15:33:38.113508 read(4, "\n", 1)  = 1
13927 15:33:38.113564 close(5)          = 0
13927 15:33:38.113611 write(4, "\1", 1) = 1
13929 15:33:38.113659 <... read resumed> "\1", 1) = 1
13929 15:33:38.113690 close(4)          = 0
13929 15:33:38.113737 rt_sigaction(SIGALRM, {0x805cad0, ~[RTMIN RT_1], 0}, NULL, 8) = 0
13929 15:33:38.113796 alarm(300)        = 0
13929 15:33:38.113844 recv(0,  <unfinished ...>
13927 15:33:38.113877 read(4,  <unfinished ...>
13929 15:33:38.645965 <... recv resumed> "TYPE I\r\n", 4096, MSG_PEEK) = 8
13929 15:33:38.646064 read(0, "TYPE I\r\n", 8) = 8
13929 15:33:38.646146 write(0, "200 Switching to Binary mode.\r\n", 31) = 31
13929 15:33:38.646420 rt_sigaction(SIGALRM, {0x805cad0, ~[RTMIN RT_1], 0}, NULL, 8) = 0
13929 15:33:38.646497 alarm(300)        = 299
13929 15:33:38.646551 recv(0, "PASV\r\n", 4096, MSG_PEEK) = 6
13929 15:33:38.646603 read(0, "PASV\r\n", 6) = 6
13929 15:33:38.646656 write(5, "\n", 1) = 1
13929 15:33:38.646707 read(5,  <unfinished ...>
13927 15:33:38.646739 <... read resumed> "\n", 1) = 1
13927 15:33:38.646776 write(4, "\1", 1) = 1
13929 15:33:38.646822 <... read resumed> "\1", 1) = 1
13929 15:33:38.646853 write(5, "\f", 1) = 1
13929 15:33:38.646897 read(5,  <unfinished ...>
13927 15:33:38.646926 read(4, "\f", 1)  = 1
13927 15:33:38.646978 socket(PF_INET, SOCK_STREAM, IPPROTO_TCP) = 5
13927 15:33:38.647039 setsockopt(5, SOL_SOCKET, SO_REUSEADDR, [1], 4) = 0
13927 15:33:38.647096 bind(5, {sa_family=AF_INET, sin_port=htons(39592), sin_addr=inet_addr("127.0.0.1")}, 16) = 0
13927 15:33:38.647160 listen(5, 1)      = 0
13927 15:33:38.647216 write(4, "\250\232\0\0", 4) = 4
13929 15:33:38.647324 <... read resumed> "\250\232\0\0", 4) = 4
13929 15:33:38.647383 write(0, "227 Entering Passive Mode (127,0,0,1,154,168).\r\n", 48) = 48
13929 15:33:38.647797 rt_sigaction(SIGALRM, {0x805cad0, ~[RTMIN RT_1], 0}, NULL, 8) = 0
13929 15:33:38.647871 alarm(300)        = 300
13929 15:33:38.647922 recv(0, "STOR myfile1\r\n", 4096, MSG_PEEK) = 14
13929 15:33:38.647976 read(0, "STOR myfile1\r\n", 14) = 14
13929 15:33:38.648035 write(5, "\v", 1) = 1
13929 15:33:38.648081 read(5,  <unfinished ...>
13927 15:33:38.648112 read(4, "\v", 1)  = 1
13927 15:33:38.648161 write(4, "\1\0\0\0", 4) = 4
13929 15:33:38.648209 <... read resumed> "\1\0\0\0", 4) = 4
13929 15:33:38.648318 gettimeofday({1495654418, 648335}, NULL) = 0
13929 15:33:38.648368 getcwd("/home/msfadmin", 4096) = 15
13929 15:33:38.648422 open("myfile1", O_WRONLY|O_CREAT|O_NONBLOCK|O_LARGEFILE, 0666) = 4
13929 15:33:38.648480 fstat64(4, {st_mode=S_IFREG|0644, st_size=17, ...}) = 0
13929 15:33:38.648556 fcntl64(4, F_GETFL) = 0x8801 (flags O_WRONLY|O_NONBLOCK|O_LARGEFILE)
13929 15:33:38.648605 fcntl64(4, F_SETFL, O_WRONLY|O_LARGEFILE) = 0
13929 15:33:38.648648 fcntl64(4, F_SETLKW64, {type=F_WRLCK, whence=SEEK_SET, start=0, len=0}, 0xbfa29c14) = 0
13929 15:33:38.648730 ftruncate64(4, 0) = 0
13929 15:33:38.648800 _llseek(4, 0, [0], SEEK_SET) = 0
13929 15:33:38.648848 write(5, "\v", 1) = 1
13929 15:33:38.648895 read(5,  <unfinished ...>
13927 15:33:38.648927 read(4, "\v", 1)  = 1
13927 15:33:38.648976 write(4, "\1\0\0\0", 4) = 4
13929 15:33:38.649021 <... read resumed> "\1\0\0\0", 4) = 4
13929 15:33:38.649053 write(5, "\v", 1) = 1
13929 15:33:38.649097 read(5,  <unfinished ...>
13927 15:33:38.649125 read(4, "\v", 1)  = 1
13927 15:33:38.649174 write(4, "\1\0\0\0", 4) = 4
13929 15:33:38.649292 <... read resumed> "\1\0\0\0", 4) = 4
13929 15:33:38.649325 write(5, "\r", 1) = 1
13929 15:33:38.649369 read(5,  <unfinished ...>
13927 15:33:38.649398 read(4, "\r", 1)  = 1
13927 15:33:38.649449 select(6, [5], NULL, NULL, {60, 0}) = 1 (in [5], left {60, 0})
13927 15:33:38.649518 accept(5, {sa_family=AF_INET, sin_port=htons(53463), sin_addr=inet_addr("127.0.0.1")}, [16]) = 6
13927 15:33:38.649613 write(4, "\1", 1) = 1
13929 15:33:38.649659 <... read resumed> "\1", 1) = 1
13929 15:33:38.649696 recvmsg(5,  <unfinished ...>
13927 15:33:38.649732 sendmsg(4, {msg_name(0)=NULL, msg_iov(1)=[{"\0", 1}], msg_controllen=16, {cmsg_len=16, cmsg_level=SOL_SOCKET, cmsg_type=SCM_RIGHTS, {6}}, msg_flags=0}, 0) = 1
13929 15:33:38.649807 <... recvmsg resumed> {msg_name(0)=NULL, msg_iov(1)=[{"\0", 1}], msg_controllen=16, {cmsg_len=16, cmsg_level=SOL_SOCKET, cmsg_type=SCM_RIGHTS, {6}}, msg_flags=0}, 0) = 1
13929 15:33:38.649864 setsockopt(6, SOL_SOCKET, SO_KEEPALIVE, [1], 4) = 0
13929 15:33:38.649917 setsockopt(6, SOL_IP, IP_TOS, [8], 4) = 0
13929 15:33:38.649968 setsockopt(6, SOL_SOCKET, SO_LINGER, {onoff=1, linger=32767}, 8) = 0
13929 15:33:38.650017 rt_sigaction(SIGALRM, {0x805cad0, ~[RTMIN RT_1], 0}, NULL, 8) = 0
13929 15:33:38.650076 alarm(300)        = 300
13929 15:33:38.650132 write(0, "150 Ok to send data.\r\n", 22) = 22
13929 15:33:38.650451 read(6, "assasaaa\na\na\na\na\n", 65536) = 17
13929 15:33:38.650515 write(4, "assasaaa\na\na\na\na\n", 17) = 17
13929 15:33:38.650585 read(6, "", 65536) = 0
13929 15:33:38.650630 rt_sigaction(SIGALRM, {0x805cad0, ~[RTMIN RT_1], 0}, NULL, 8) = 0
13929 15:33:38.650689 alarm(300)        = 300
13929 15:33:38.650733 close(6)          = 0
13929 15:33:38.650773 alarm(0)          = 300
13929 15:33:38.650814 gettimeofday({1495654418, 650830}, NULL) = 0
13929 15:33:38.650877 gettimeofday({1495654418, 650895}, NULL) = 0
13929 15:33:38.650934 fcntl64(3, F_SETLKW64, {type=F_WRLCK, whence=SEEK_SET, start=0, len=0}, 0xbfa29bb4) = 0
13929 15:33:38.650997 write(3, "Wed May 24 15:33:38 2017 [pid 13929] [msfadmin] OK UPLOAD: Client \"127.0.0.1\", \"/home/msfadmin/myfile1\", 17 bytes, 6.48Kbyte/sec\n", 129) = 129
13929 15:33:38.651086 fcntl64(3, F_SETLK64, {type=F_UNLCK, whence=SEEK_SET, start=0, len=0}, 0xbfa29bbc) = 0
13929 15:33:38.651206 write(0, "226 Transfer complete.\r\n", 24) = 24
13929 15:33:38.651517 write(5, "\n", 1) = 1
13929 15:33:38.651575 read(5,  <unfinished ...>
13927 15:33:38.651606 close(6)          = 0
13927 15:33:38.651689 read(4, "\n", 1)  = 1
13927 15:33:38.651740 close(5)          = 0
13927 15:33:38.651787 write(4, "\1", 1) = 1
13929 15:33:38.651834 <... read resumed> "\1", 1) = 1
13929 15:33:38.651864 close(4)          = 0
13927 15:33:38.652221 read(4,  <unfinished ...>
13929 15:33:38.652359 rt_sigaction(SIGALRM, {0x805cad0, ~[RTMIN RT_1], 0}, NULL, 8) = 0
13929 15:33:38.652505 alarm(300)        = 0
13929 15:33:38.652618 recv(0, "QUIT\r\n", 4096, MSG_PEEK) = 6
13929 15:33:39.166915 read(0, "QUIT\r\n", 6) = 6
13929 15:33:39.167132 shutdown(0, 0 /* receive */) = 0
13929 15:33:39.167259 fcntl64(0, F_GETFL) = 0x2 (flags O_RDWR)
13929 15:33:39.167353 fcntl64(0, F_SETFL, O_RDWR|O_NONBLOCK) = 0
13929 15:33:39.167562 write(0, "221 Goodbye.\r\n", 14) = 14
13929 15:33:39.167803 fcntl64(0, F_GETFL) = 0x802 (flags O_RDWR|O_NONBLOCK)
13929 15:33:39.167857 fcntl64(0, F_SETFL, O_RDWR) = 0
13929 15:33:39.167903 shutdown(0, 2 /* send and receive */) = 0
13929 15:33:39.167982 exit_group(0)     = ?
13927 15:33:39.168164 <... read resumed> 0xbfa29cc7, 1) = ? ERESTARTSYS (To be restarted)
13927 15:33:39.168198 --- SIGCHLD (Child exited) @ 0 (0) ---
13927 15:33:39.168239 alarm(1)          = 0
13927 15:33:39.168285 sigreturn()       = ? (mask now [])
13927 15:33:39.168408 alarm(0)          = 1
13927 15:33:39.168464 wait4(-1, [{WIFEXITED(s) && WEXITSTATUS(s) == 0}], 0, NULL) = 13929
13927 15:33:39.168527 exit_group(0)     = ?
4439  15:33:39.168675 <... select resumed> ) = ? ERESTARTNOHAND (To be restarted)
4439  15:33:39.168705 --- SIGCHLD (Child exited) @ 0 (0) ---
4439  15:33:39.168736 write(4, "\21", 1) = 1
4439  15:33:39.168797 sigreturn()       = ? (mask now [])
4439  15:33:39.168939 select(13, [3 5 6 8 9 10 11 12], NULL, NULL, NULL) = 1 (in [3])
4439  15:33:39.169015 ioctl(3, FIONREAD, [1]) = 0
4439  15:33:39.169073 read(3, "\21", 1) = 1
4439  15:33:39.169128 waitpid(-1, [{WIFEXITED(s) && WEXITSTATUS(s) == 0}], WNOHANG) = 13927
4439  15:33:39.169196 close(-1)         = -1 EBADF (Bad file descriptor)
4439  15:33:39.169255 waitpid(-1, 0xbff6282c, WNOHANG) = 0
4439  15:33:39.169304 select(13, [3 5 6 8 9 10 11 12], NULL, NULL, NULL) = 1 (in [5])
4439  15:33:39.707075 accept(5, {sa_family=AF_INET, sin_port=htons(34431), sin_addr=inet_addr("127.0.0.1")}, [16]) = 13
4439  15:33:39.707638 time(NULL)        = 1495654419
4439  15:33:39.707774 clone(child_stack=0, flags=CLONE_CHILD_CLEARTID|CLONE_CHILD_SETTID|SIGCHLD, child_tidptr=0xb7d926f8) = 13930
13930 15:33:39.708351 rt_sigaction(SIGPIPE, {SIG_DFL}, {SIG_IGN}, 8) = 0
13930 15:33:39.708497 rt_sigaction(SIGTSTP, {SIG_DFL}, {SIG_IGN}, 8) = 0
13930 15:33:39.708668 rt_sigaction(SIGTTIN, {SIG_DFL}, {SIG_IGN}, 8) = 0
13930 15:33:39.708745 rt_sigaction(SIGTTOU, {SIG_DFL}, {SIG_IGN}, 8) = 0
13930 15:33:39.708813 rt_sigprocmask(SIG_SETMASK, [], NULL, 8) = 0
13930 15:33:39.708870 close(3)          = 0
13930 15:33:39.708912 close(4)          = 0
13930 15:33:39.708953 open("/dev/null", O_RDONLY) = 3
13930 15:33:39.709101 dup2(3, 0)        = 0
13930 15:33:39.709147 dup2(3, 1)        = 1
13930 15:33:39.709186 dup2(3, 2)        = 2
13930 15:33:39.709224 close(3)          = 0
13930 15:33:39.709277 setgid32(0)       = 0
13930 15:33:39.709330 setgroups32(0, []) = 0
13930 15:33:39.709375 setuid32(0)       = 0
13930 15:33:39.709531 getpriority(PRIO_PROCESS, 0) = 20
13930 15:33:39.709604 setpriority(PRIO_PROCESS, 0, 10) = 0
13930 15:33:39.709661 getpriority(PRIO_PROCESS, 0) = 10
13930 15:33:39.709821 getpeername(13, {sa_family=AF_INET, sin_port=htons(34431), sin_addr=inet_addr("127.0.0.1")}, [16]) = 0
13930 15:33:39.709922 getsockname(13, {sa_family=AF_INET, sin_port=htons(21), sin_addr=inet_addr("127.0.0.1")}, [16]) = 0
13930 15:33:39.710036 open("/etc/hosts.allow", O_RDONLY) = 3
13930 15:33:39.710116 fstat64(3, {st_mode=S_IFREG|0644, st_size=588, ...}) = 0
13930 15:33:39.710196 mmap2(NULL, 4096, PROT_READ|PROT_WRITE, MAP_PRIVATE|MAP_ANONYMOUS, -1, 0) = 0xb7f61000
13930 15:33:39.710251 read(3, "# /etc/hosts.allow: list of hosts that are allowed to access the system.\n#                   See the manual pages hosts_access(5) and hosts_options(5).\n#\n# Example:    ALL: LOCAL @some_netgroup\n#             ALL: .foobar.edu EXCEPT terminalserver.foobar.edu\n#\n# If you\'re going to protect the portmapper use the name \"portmap\" for the\n# daemon name. Remember that you can only use the keyword \"ALL\" and IP\n# addresses (NOT host or domain names) for the portmapper, as well as for\n# rpc.mountd (the NFS mount daemon). See portmap(8) and rpc.mountd(8)\n# for further information.\n#\n\nALL:ALL\n", 4096) = 588
13930 15:33:39.710716 close(3)          = 0
13930 15:33:39.710771 munmap(0xb7f61000, 4096) = 0
13924 15:33:39.711278 <... read resumed> "\n", 1) = 1
13930 15:33:39.711331 fcntl64(13, F_SETFD, 0 <unfinished ...>
13924 15:33:39.711461 stat64(".", {st_mode=S_IFDIR|0755, st_size=4096, ...}) = 0
13924 15:33:39.711555 stat64("/sbin/nohup", 0xbf8909d8) = -1 ENOENT (No such file or directory)
13924 15:33:39.711613 stat64("/bin/nohup", 0xbf8909d8) = -1 ENOENT (No such file or directory)
13924 15:33:39.711664 stat64("/usr/sbin/nohup", 0xbf8909d8) = -1 ENOENT (No such file or directory)
13924 15:33:39.711742 stat64("/usr/bin/nohup", {st_mode=S_IFREG|0755, st_size=26336, ...}) = 0
13924 15:33:39.711821 stat64("/usr/bin/nohup", {st_mode=S_IFREG|0755, st_size=26336, ...}) = 0
13924 15:33:39.711923 rt_sigprocmask(SIG_BLOCK, [INT CHLD], [], 8) = 0
13924 15:33:39.711987 clone(child_stack=0, flags=CLONE_CHILD_CLEARTID|CLONE_CHILD_SETTID|SIGCHLD, child_tidptr=0xb7e0f6f8) = 13931
13931 15:33:39.712206 rt_sigprocmask(SIG_SETMASK, [], NULL, 8) = 0
13931 15:33:39.712331 rt_sigaction(SIGTSTP, {SIG_DFL}, {SIG_DFL}, 8) = 0
13931 15:33:39.712392 rt_sigaction(SIGTTIN, {SIG_DFL}, {SIG_DFL}, 8) = 0
13931 15:33:39.712444 rt_sigaction(SIGTTOU, {SIG_DFL}, {SIG_DFL}, 8) = 0
13931 15:33:39.712513 rt_sigaction(SIGINT, {SIG_DFL}, {SIG_DFL}, 8) = 0
13931 15:33:39.712584 rt_sigaction(SIGQUIT, {SIG_DFL}, {SIG_IGN}, 8) = 0
13931 15:33:39.712641 rt_sigaction(SIGCHLD, {SIG_DFL}, {0x807e540, [], 0}, 8) = 0
13931 15:33:39.712789 open("/dev/null", O_WRONLY|O_CREAT|O_TRUNC|O_LARGEFILE, 0666) = 7
13931 15:33:39.712925 dup2(7, 1 <unfinished ...>
13930 15:33:39.712956 <... fcntl64 resumed> ) = 0
13930 15:33:39.712993 close(7 <unfinished ...>
13931 15:33:39.713018 <... dup2 resumed> ) = 1
13931 15:33:39.713058 close(7 <unfinished ...>
13930 15:33:39.713082 <... close resumed> ) = 0
13930 15:33:39.713112 dup2(13, 0)       = 0
13930 15:33:39.713153 dup2(13, 1 <unfinished ...>
13931 15:33:39.713211 <... close resumed> ) = 0
13930 15:33:39.713246 <... dup2 resumed> ) = 1
13931 15:33:39.713274 dup2(1, 2 <unfinished ...>
13930 15:33:39.713300 dup2(13, 2 <unfinished ...>
13931 15:33:39.713324 <... dup2 resumed> ) = 2
13930 15:33:39.713350 <... dup2 resumed> ) = 2
13931 15:33:39.713376 fcntl64(1, F_GETFD <unfinished ...>
13930 15:33:39.713403 setrlimit(RLIMIT_NOFILE, {rlim_cur=1024, rlim_max=1024} <unfinished ...>
13931 15:33:39.713436 <... fcntl64 resumed> ) = 0
13930 15:33:39.713461 <... setrlimit resumed> ) = 0
13931 15:33:39.713502 execve("/usr/bin/nohup", ["nohup"], [/* 16 vars */] <unfinished ...>
13930 15:33:39.713562 close(13)         = 0
13930 15:33:39.713605 setsid()          = 13930
13931 15:33:39.713837 <... execve resumed> ) = 0
13930 15:33:39.713882 execve("/usr/sbin/vsftpd", ["vsftpd"], [/* 15 vars */]) = 0
13930 15:33:39.714196 brk(0 <unfinished ...>
13931 15:33:39.714273 brk(0)            = 0x804f000
13931 15:33:39.714352 access("/etc/ld.so.nohwcap", F_OK <unfinished ...>
13930 15:33:39.714390 <... brk resumed> ) = 0x8064000
13930 15:33:39.714446 access("/etc/ld.so.nohwcap", F_OK <unfinished ...>
13931 15:33:39.714482 <... access resumed> ) = -1 ENOENT (No such file or directory)
13931 15:33:39.714521 mmap2(NULL, 8192, PROT_READ|PROT_WRITE, MAP_PRIVATE|MAP_ANONYMOUS, -1, 0) = 0xb7fc0000
13930 15:33:39.714571 <... access resumed> ) = -1 ENOENT (No such file or directory)
13930 15:33:39.714605 mmap2(NULL, 8192, PROT_READ|PROT_WRITE, MAP_PRIVATE|MAP_ANONYMOUS, -1, 0 <unfinished ...>
13931 15:33:39.714644 access("/etc/ld.so.preload", R_OK <unfinished ...>
13930 15:33:39.714681 <... mmap2 resumed> ) = 0xb7f64000
13930 15:33:39.714717 access("/etc/ld.so.preload", R_OK <unfinished ...>
13931 15:33:39.714751 <... access resumed> ) = -1 ENOENT (No such file or directory)
13931 15:33:39.714790 open("/etc/ld.so.cache", O_RDONLY <unfinished ...>
13930 15:33:39.714824 <... access resumed> ) = -1 ENOENT (No such file or directory)
13930 15:33:39.714866 open("/etc/ld.so.cache", O_RDONLY <unfinished ...>
13931 15:33:39.714903 <... open resumed> ) = 7
13931 15:33:39.714929 fstat64(7,  <unfinished ...>
13930 15:33:39.714955 <... open resumed> ) = 3
13931 15:33:39.714979 <... fstat64 resumed> {st_mode=S_IFREG|0644, st_size=29913, ...}) = 0
13931 15:33:39.715039 mmap2(NULL, 29913, PROT_READ, MAP_PRIVATE, 7, 0 <unfinished ...>
13930 15:33:39.715067 fstat64(3,  <unfinished ...>
13931 15:33:39.715093 <... mmap2 resumed> ) = 0xb7fb8000
13930 15:33:39.715174 <... fstat64 resumed> {st_mode=S_IFREG|0644, st_size=29913, ...}) = 0
13931 15:33:39.715244 close(7 <unfinished ...>
13930 15:33:39.715271 mmap2(NULL, 29913, PROT_READ, MAP_PRIVATE, 3, 0 <unfinished ...>
13931 15:33:39.715315 <... close resumed> ) = 0
13930 15:33:39.715343 <... mmap2 resumed> ) = 0xb7f5c000
13931 15:33:39.715377 access("/etc/ld.so.nohwcap", F_OK <unfinished ...>
13930 15:33:39.715412 close(3)          = 0
13931 15:33:39.715452 <... access resumed> ) = -1 ENOENT (No such file or directory)
13930 15:33:39.715486 access("/etc/ld.so.nohwcap", F_OK <unfinished ...>
13931 15:33:39.715535 open("/lib/tls/i686/cmov/libc.so.6", O_RDONLY <unfinished ...>
13930 15:33:39.715573 <... access resumed> ) = -1 ENOENT (No such file or directory)
13930 15:33:39.715612 open("/lib/libpam.so.0", O_RDONLY) = 3
13930 15:33:39.715639 read(3, "\177ELF\1\1\1\0\0\0\0\0\0\0\0\0\3\0\3\0\1\0\0\0\320\30\0\0004\0\0\0\f\220\0\0\0\0\0\0004\0 \0\4\0(\0\33\0\32\0\1\0\0\0\0\0\0\0\0\0\0\0\0\0\0\0t\214\0\0t\214\0\0\5\0\0\0\0\20\0\0\1\0\0\0t\214\0\0t\234\0\0t\234\0\0\250\2\0\0\254\2\0\0\6\0\0\0\0\20\0\0\2\0\0\0D\215\0\0D\235\0\0D\235\0\0\350\0\0\0\350\0\0\0\6\0\0\0\4\0\0\0Q\345td\0\0\0\0\0\0\0\0\0\0\0\0\0\0\0\0\0\0\0\0\6\0\0\0\4\0\0\0\254\0\0\0X\0\0\0D\0\0\0\0\0\0\0G\0\0\0\7\0\0\0*\0\0\0\v\0\0\0\36\0\0\0\0\0\0\0K\0\0\0L\0\0\0\34\0\0\0\0\0\0\0\0\0\0\0V\0\0\0\0\0\0\0\0\0\0\0\21\0\0\0\33\0\0\0\0\0\0\0\0\0\0\0\0\0\0\0>\0\0\0O\0\0\0\0\0\0\0\0\0\0\0\0\0\0\0\2\0\0\0\0\0\0\0\0\0\0\0P\0\0\0R\0\0\0\0\0\0\0A\0\0\0?\0\0\0\0\0\0\0\0\0\0\0;\0\0\0\r\0\0\0\0\0\0\0\0\0\0\0\0\0\0\0006\0\0\0(\0\0\0\0\0\0\0.\0\0\0\16\0\0\0,\0\0\0\0\0\0\0!\0\0\0\30\0\0\0\0\0\0\0\0\0\0\0\0\0\0\0\0\0\0\0\0\0\0\0\31\0\0\0\0\0\0\0<\0\0\0W\0\0\0+\0\0\0M\0\0\0\0\0\0\0\0\0\0\0&\0\0\0\0\0\0\0N\0\0\0\0\0\0\0\0\0\0\0\27\0\0\0\0\0\0\0\0\0\0\0\0\0\0\0001\0\0\0%\0\0\0\35\0\0\0\0\0\0\0/\0\0\0\0\0\0\0\0\0\0\0\0\0\0\0B\0\0\0", 512) = 512
13930 15:33:39.715943 fstat64(3, {st_mode=S_IFREG|0644, st_size=37956, ...}) = 0
13930 15:33:39.716024 mmap2(NULL, 40736, PROT_READ|PROT_EXEC, MAP_PRIVATE|MAP_DENYWRITE, 3, 0) = 0xb7f52000
13930 15:33:39.716080 mmap2(0xb7f5b000, 4096, PROT_READ|PROT_WRITE, MAP_PRIVATE|MAP_FIXED|MAP_DENYWRITE, 3, 0x8) = 0xb7f5b000
13930 15:33:39.716149 close(3 <unfinished ...>
13931 15:33:39.716180 <... open resumed> ) = 7
13931 15:33:39.716207 read(7,  <unfinished ...>
13930 15:33:39.716230 <... close resumed> ) = 0
13931 15:33:39.716260 <... read resumed> "\177ELF\1\1\1\0\0\0\0\0\0\0\0\0\3\0\3\0\1\0\0\0\260e\1\0004\0\0\0\4\307\24\0\0\0\0\0004\0 \0\n\0(\0D\0C\0\6\0\0\0004\0\0\0004\0\0\0004\0\0\0@\1\0\0@\1\0\0\5\0\0\0\4\0\0\0\3\0\0\0\2200\23\0\2200\23\0\2200\23\0\23\0\0\0\23\0\0\0\4\0\0\0\1\0\0\0\1\0\0\0\0\0\0\0\0\0\0\0\0\0\0\0(\215\24\0(\215\24\0\5\0\0\0\0\20\0\0\1\0\0\0\354\221\24\0\354\221\24\0\354\221\24\0\260\'\0\0\204T\0\0\6\0\0\0\0\20\0\0\2\0\0\0\234\255\24\0\234\255\24\0\234\255\24\0\360\0\0\0\360\0\0\0\6\0\0\0\4\0\0\0\4\0\0\0t\1\0\0t\1\0\0t\1\0\0 \0\0\0 \0\0\0\4\0\0\0\4\0\0\0\7\0\0\0\354\221\24\0\354\221\24\0\354\221\24\0\10\0\0\0,\0\0\0\4\0\0\0\4\0\0\0P\345td\2440\23\0\2440\23\0\2440\23\0\354+\0\0\354+\0\0\4\0\0\0\4\0\0\0Q\345td\0\0\0\0\0\0\0\0\0\0\0\0\0\0\0\0\0\0\0\0\6\0\0\0\4\0\0\0R\345td\354\221\24\0\354\221\24\0\354\221\24\0\10\36\0\0\10\36\0\0\4\0\0\0\1\0\0\0\4\0\0\0\20\0\0\0\1\0\0\0GNU\0\0\0\0\0\2\0\0\0\6\0\0\0\10\0\0\0\363\3\0\0\n\0\0\0\0\2\0\0\16\0\0\0\2400\20D\200 \2\1\214\3\346\220AE\210\0\204\0\10\0A\200\0@\300\200\0\f\2\f\0\0010\0\10@\"\10\246\4\210H6l\240\0260\0&\204\200\216\4\10B$\2\f\246\244\32\6c\310\0\302 \1\300\0R\0!\201\10\4\n  \250\24\0\24(`\0\0P\240\312DB", 512) = 512
13930 15:33:39.716630 access("/etc/ld.so.nohwcap", F_OK <unfinished ...>
13931 15:33:39.716715 fstat64(7,  <unfinished ...>
13930 15:33:39.716745 <... access resumed> ) = -1 ENOENT (No such file or directory)
13930 15:33:39.716780 open("/lib/tls/i686/cmov/libdl.so.2", O_RDONLY <unfinished ...>
13931 15:33:39.716818 <... fstat64 resumed> {st_mode=S_IFREG|0755, st_size=1364388, ...}) = 0
13931 15:33:39.716882 mmap2(NULL, 1369712, PROT_READ|PROT_EXEC, MAP_PRIVATE|MAP_DENYWRITE, 7, 0 <unfinished ...>
13930 15:33:39.716918 <... open resumed> ) = 3
13931 15:33:39.716946 <... mmap2 resumed> ) = 0xb7e69000
13930 15:33:39.716988 read(3,  <unfinished ...>
13931 15:33:39.717018 mmap2(0xb7fb2000, 12288, PROT_READ|PROT_WRITE, MAP_PRIVATE|MAP_FIXED|MAP_DENYWRITE, 7, 0x149 <unfinished ...>
13930 15:33:39.717052 <... read resumed> "\177ELF\1\1\1\0\0\0\0\0\0\0\0\0\3\0\3\0\1\0\0\0p\n\0\0004\0\0\0L!\0\0\0\0\0\0004\0 \0\10\0(\0\35\0\34\0\6\0\0\0004\0\0\0004\0\0\0004\0\0\0\0\1\0\0\0\1\0\0\5\0\0\0\4\0\0\0\3\0\0\0003\33\0\0003\33\0\0003\33\0\0\23\0\0\0\23\0\0\0\4\0\0\0\1\0\0\0\1\0\0\0\0\0\0\0\0\0\0\0\0\0\0\0\374\34\0\0\374\34\0\0\5\0\0\0\0\20\0\0\1\0\0\0\264\36\0\0\264.\0\0\264.\0\0\230\1\0\0\310\1\0\0\6\0\0\0\0\20\0\0\2\0\0\0\320\36\0\0\320.\0\0\320.\0\0\370\0\0\0\370\0\0\0\6\0\0\0\4\0\0\0\4\0\0\0004\1\0\0004\1\0\0004\1\0\0 \0\0\0 \0\0\0\4\0\0\0\4\0\0\0Q\345td\0\0\0\0\0\0\0\0\0\0\0\0\0\0\0\0\0\0\0\0\6\0\0\0\4\0\0\0R\345td\264\36\0\0\264.\0\0\264.\0\0@\1\0\0@\1\0\0\4\0\0\0\1\0\0\0\4\0\0\0\20\0\0\0\1\0\0\0GNU\0\0\0\0\0\2\0\0\0\6\0\0\0\10\0\0\0\26\0\0\0\31\0\0\0\4\0\0\0\7\0\0\0\230\0\21\0\0B\0\0\202\0`\10\223(\10\336\31\0\0\0\0\0\0\0\0\0\0\0\0\0\0\0\32\0\0\0\0\0\0\0\33\0\0\0\34\0\0\0\0\0\0\0\36\0\0\0\0\0\0\0\0\0\0\0\37\0\0\0!\0\0\0\"\0\0\0\0\0\0\0\0\0\0\0#\0\0\0%\0\0\0&\0\0\0\0\0\0\0(\0\0\0\221!\374\370\225\263_\31\5\350\7\371\6\2\4\371\7\2\4\371\301S\200\30\256\304M\17a\242\222\6\325=l\366\327=l\366\370\31sB\353\26\251\30\373\31sB", 512) = 512
13931 15:33:39.717425 <... mmap2 resumed> ) = 0xb7fb2000
13930 15:33:39.717454 fstat64(3, {st_mode=S_IFREG|0644, st_size=9684, ...}) = 0
13930 15:33:39.717528 mmap2(NULL, 12412, PROT_READ|PROT_EXEC, MAP_PRIVATE|MAP_DENYWRITE, 3, 0 <unfinished ...>
13931 15:33:39.717571 mmap2(0xb7fb5000, 9840, PROT_READ|PROT_WRITE, MAP_PRIVATE|MAP_FIXED|MAP_ANONYMOUS, -1, 0 <unfinished ...>
13930 15:33:39.717605 <... mmap2 resumed> ) = 0xb7f4e000
13930 15:33:39.717793 mmap2(0xb7f50000, 8192, PROT_READ|PROT_WRITE, MAP_PRIVATE|MAP_FIXED|MAP_DENYWRITE, 3, 0x1 <unfinished ...>
13931 15:33:39.717832 <... mmap2 resumed> ) = 0xb7fb5000
13930 15:33:39.717861 <... mmap2 resumed> ) = 0xb7f50000
13931 15:33:39.717914 close(7 <unfinished ...>
13930 15:33:39.717984 close(3 <unfinished ...>
13931 15:33:39.718020 <... close resumed> ) = 0
13931 15:33:39.718076 mmap2(NULL, 4096, PROT_READ|PROT_WRITE, MAP_PRIVATE|MAP_ANONYMOUS, -1, 0 <unfinished ...>
13930 15:33:39.718104 <... close resumed> ) = 0
13930 15:33:39.718138 access("/etc/ld.so.nohwcap", F_OK) = -1 ENOENT (No such file or directory)
13930 15:33:39.718199 open("/lib/tls/i686/cmov/libnsl.so.1", O_RDONLY) = 3
13931 15:33:39.718263 <... mmap2 resumed> ) = 0xb7e68000
13931 15:33:39.718295 set_thread_area({entry_number:-1 ->  <unfinished ...>
