8882  14:42:08.948072 read(6, "#\n# /etc/pam.d/common-session - session-related modules common to all services\n#\n# This file is included from other service-specific PAM config files,\n# and should contain a list of modules that define tasks to be performed\n# at the start and end of sessions of *any* kind (both interactive and\n# non-interactive).  The default is pam_unix.\n#\nsession\trequired\tpam_unix.so\n", 4096) = 372
8882  14:42:08.948245 read(6, "", 4096) = 0
8882  14:42:08.948289 close(6)          = 0
8882  14:42:08.948329 munmap(0xb7fbf000, 4096) = 0
8882  14:42:08.949163 read(5, "", 4096) = 0
8882  14:42:08.949221 close(5)          = 0
8882  14:42:08.949262 munmap(0xb7fc5000, 4096) = 0
8882  14:42:08.949311 open("/etc/pam.d/other", O_RDONLY|O_LARGEFILE) = 5
8882  14:42:08.949372 fstat64(5, {st_mode=S_IFREG|0644, st_size=520, ...}) = 0
8882  14:42:08.949443 mmap2(NULL, 4096, PROT_READ|PROT_WRITE, MAP_PRIVATE|MAP_ANONYMOUS, -1, 0) = 0xb7fc5000
8882  14:42:08.949490 read(5, "#\n# /etc/pam.d/other - specify the PAM fallback behaviour\n#\n# Note that this file is used for any unspecified service; for example\n#if /etc/pam.d/cron  specifies no session modules but cron calls\n#pam_open_session, the session module out of /etc/pam.d/other is\n#used.  If you really want nothing to happen then use pam_permit.so or\n#pam_deny.so as appropriate.\n\n# We fall back to the system default in /etc/pam.d/common-*\n# \n\n@include common-auth\n@include common-account\n@include common-password\n@include common-session\n", 4096) = 520
8882  14:42:08.949869 stat64("/etc/pam.d", {st_mode=S_IFDIR|0755, st_size=4096, ...}) = 0
8882  14:42:08.949959 open("/etc/pam.d/common-auth", O_RDONLY|O_LARGEFILE) = 6
8882  14:42:08.950016 fstat64(6, {st_mode=S_IFREG|0644, st_size=476, ...}) = 0
8882  14:42:08.950086 mmap2(NULL, 4096, PROT_READ|PROT_WRITE, MAP_PRIVATE|MAP_ANONYMOUS, -1, 0) = 0xb7fbf000
8882  14:42:08.950133 read(6, "#\n# /etc/pam.d/common-auth - authentication settings common to all services\n#\n# This file is included from other service-specific PAM config files,\n# and should contain a list of the authentication modules that define\n# the central authentication scheme for use on the system\n# (e.g., /etc/shadow, LDAP, Kerberos, etc.).  The default is to use the\n# traditional Unix authentication mechanisms.\n#\nauth\trequisite\tpam_unix.so nullok_secure\n# auth\toptional\tpam_smbpass.so migrate\n", 4096) = 476
8882  14:42:08.950340 read(6, "", 4096) = 0
8882  14:42:08.950383 close(6)          = 0
8882  14:42:08.950424 munmap(0xb7fbf000, 4096) = 0
8882  14:42:08.950472 stat64("/etc/pam.d", {st_mode=S_IFDIR|0755, st_size=4096, ...}) = 0
8882  14:42:08.950554 open("/etc/pam.d/common-account", O_RDONLY|O_LARGEFILE) = 6
8882  14:42:08.950657 fstat64(6, {st_mode=S_IFREG|0644, st_size=392, ...}) = 0
8882  14:42:08.950734 mmap2(NULL, 4096, PROT_READ|PROT_WRITE, MAP_PRIVATE|MAP_ANONYMOUS, -1, 0) = 0xb7fbf000
8882  14:42:08.950795 read(6, "#\n# /etc/pam.d/common-account - authorization settings common to all services\n#\n# This file is included from other service-specific PAM config files,\n# and should contain a list of the authorization modules that define\n# the central access policy for use on the system.  The default is to\n# only deny service to users whose accounts are expired in /etc/shadow.\n#\naccount\trequired\tpam_unix.so\n", 4096) = 392
8882  14:42:08.950972 read(6, "", 4096) = 0
8882  14:42:08.951015 close(6)          = 0
8882  14:42:08.951056 munmap(0xb7fbf000, 4096) = 0
8882  14:42:08.951103 stat64("/etc/pam.d", {st_mode=S_IFDIR|0755, st_size=4096, ...}) = 0
8882  14:42:08.951186 open("/etc/pam.d/common-password", O_RDONLY|O_LARGEFILE) = 6
8882  14:42:08.951243 fstat64(6, {st_mode=S_IFREG|0644, st_size=1563, ...}) = 0
8882  14:42:08.951313 mmap2(NULL, 4096, PROT_READ|PROT_WRITE, MAP_PRIVATE|MAP_ANONYMOUS, -1, 0) = 0xb7fbf000
8882  14:42:08.951357 read(6, "#\n# /etc/pam.d/common-password - password-related modules common to all services\n#\n# This file is included from other service-specific PAM config files,\n# and should contain a list of modules that define the services to be\n# used to change user passwords.  The default is pam_unix.\n\n# Explanation of pam_unix options:\n#\n# The \"nullok\" option allows users to change an empty password, else\n# empty passwords are treated as locked accounts.\n#\n# The \"md5\" option enables MD5 passwords.  Without this option, the\n# default is Unix crypt.\n#\n# The \"obscure\" option replaces the old `OBSCURE_CHECKS_ENAB\' option in\n# login.defs.\n#\n# You can also use the \"min\" option to enforce the length of the new\n# password.\n#\n# See the pam_unix manpage for other options.\n\npassword   requisite   pam_unix.so nullok obscure md5\n\n# Alternate strength checking for password. Note that this\n# requires the libpam-cracklib package to be installed.\n# You will need to comment out the password line above and\n# uncomment the next two in order to use this.\n# (Replaces the `OBSCURE_CHECKS_ENAB\', `CRACKLIB_DICTPATH\')\n#\n# password required\t  pam_cracklib.so retry=3 minlen=6 difok=3\n# password required\t  pam_unix.so use_authtok nullok md5\n\n# minimally-intrusive inclusion of smbpass in the stack for\n# synchronization.  If the module is absent or the passwords don\'t\n# match, this module will be ignored without prompting; and if the \n# passwords do match, the NTLM hash for the user will be updated\n# automatically.\n# password   optional   pam_smbpass.so nullok use_authtok use_first_pass\n", 4096) = 1563
8882  14:42:08.951908 read(6, "", 4096) = 0
8882  14:42:08.951956 close(6)          = 0
8882  14:42:08.951998 munmap(0xb7fbf000, 4096) = 0
8882  14:42:08.952045 stat64("/etc/pam.d", {st_mode=S_IFDIR|0755, st_size=4096, ...}) = 0
8882  14:42:08.952128 open("/etc/pam.d/common-session", O_RDONLY|O_LARGEFILE) = 6
8882  14:42:08.952184 fstat64(6, {st_mode=S_IFREG|0644, st_size=372, ...}) = 0
8882  14:42:08.952254 mmap2(NULL, 4096, PROT_READ|PROT_WRITE, MAP_PRIVATE|MAP_ANONYMOUS, -1, 0) = 0xb7fbf000
8882  14:42:08.952299 read(6, "#\n# /etc/pam.d/common-session - session-related modules common to all services\n#\n# This file is included from other service-specific PAM config files,\n# and should contain a list of modules that define tasks to be performed\n# at the start and end of sessions of *any* kind (both interactive and\n# non-interactive).  The default is pam_unix.\n#\nsession\trequired\tpam_unix.so\n", 4096) = 372
8882  14:42:08.952467 read(6, "", 4096) = 0
8882  14:42:08.952509 close(6)          = 0
8882  14:42:08.952585 munmap(0xb7fbf000, 4096) = 0
8882  14:42:08.952634 read(5, "", 4096) = 0
8882  14:42:08.952675 close(5)          = 0
8882  14:42:08.952715 munmap(0xb7fc5000, 4096) = 0
8882  14:42:08.952771 time(NULL)        = 1495651328
8882  14:42:08.952822 lstat64("/etc/ftpusers", {st_mode=S_IFREG|0644, st_size=132, ...}) = 0
8882  14:42:08.952904 open("/etc/ftpusers", O_RDONLY|O_LARGEFILE) = 5
8882  14:42:08.952971 fstat64(5, {st_mode=S_IFREG|0644, st_size=132, ...}) = 0
8882  14:42:08.953033 mmap2(NULL, 4096, PROT_READ|PROT_WRITE, MAP_PRIVATE|MAP_ANONYMOUS, -1, 0) = 0xb7fc5000
8882  14:42:08.953033 read(5, "# /etc/ftpusers: list of users disallowed FTP access. See ftpusers(5).\n\nroot\ndaemon\nbin\nsys\nsync\ngames\nman\nlp\nmail\nnews\nuucp\nnobody\n", 4096) = 132
8882  14:42:08.953033 read(5, "", 4096) = 0
8882  14:42:08.953034 close(5)          = 0
8882  14:42:08.953100 munmap(0xb7fc5000, 4096) = 0
8882  14:42:08.953141 getuid32()        = 0
8882  14:42:08.953178 open("/etc/passwd", O_RDONLY|0x80000 /* O_??? */) = 5
8882  14:42:08.953211 _llseek(5, 0, [0], SEEK_CUR) = 0
8882  14:42:08.953235 fstat64(5, {st_mode=S_IFREG|0644, st_size=1624, ...}) = 0
8882  14:42:08.953271 mmap2(NULL, 1624, PROT_READ, MAP_SHARED, 5, 0) = 0xb7fc5000
8882  14:42:08.953295 _llseek(5, 1624, [1624], SEEK_SET) = 0
8882  14:42:08.953337 munmap(0xb7fc5000, 1624) = 0
8882  14:42:08.953360 close(5)          = 0
8882  14:42:08.953415 open("/etc/shadow", O_RDONLY|0x80000 /* O_??? */) = 5
8882  14:42:08.953453 _llseek(5, 0, [0], SEEK_CUR) = 0
8882  14:42:08.953477 fstat64(5, {st_mode=S_IFREG|0640, st_size=1233, ...}) = 0
8882  14:42:08.953512 mmap2(NULL, 1233, PROT_READ, MAP_SHARED, 5, 0) = 0xb7fc5000
8882  14:42:08.953536 _llseek(5, 1233, [1233], SEEK_SET) = 0
8882  14:42:08.953578 munmap(0xb7fc5000, 1233) = 0
8882  14:42:08.953600 close(5)          = 0
8882  14:42:08.953640 open("/etc/passwd", O_RDONLY|0x80000 /* O_??? */) = 5
8882  14:42:08.953670 _llseek(5, 0, [0], SEEK_CUR) = 0
8882  14:42:08.953693 fstat64(5, {st_mode=S_IFREG|0644, st_size=1624, ...}) = 0
8882  14:42:08.953728 mmap2(NULL, 1624, PROT_READ, MAP_SHARED, 5, 0) = 0xb7fc5000
8882  14:42:08.953750 _llseek(5, 1624, [1624], SEEK_SET) = 0
8882  14:42:08.953785 munmap(0xb7fc5000, 1624) = 0
8882  14:42:08.953806 close(5)          = 0
8882  14:42:08.953834 open("/etc/shadow", O_RDONLY|0x80000 /* O_??? */) = 5
8882  14:42:08.953862 _llseek(5, 0, [0], SEEK_CUR) = 0
8882  14:42:08.953884 fstat64(5, {st_mode=S_IFREG|0640, st_size=1233, ...}) = 0
8882  14:42:08.953919 mmap2(NULL, 1233, PROT_READ, MAP_SHARED, 5, 0) = 0xb7fc5000
8882  14:42:08.953942 _llseek(5, 1233, [1233], SEEK_SET) = 0
8882  14:42:08.953998 munmap(0xb7fc5000, 1233) = 0
8882  14:42:08.954025 close(5)          = 0
8882  14:42:08.954535 getuid32()        = 0
8882  14:42:08.954559 open("/etc/passwd", O_RDONLY|0x80000 /* O_??? */) = 5
8882  14:42:08.954588 _llseek(5, 0, [0], SEEK_CUR) = 0
8882  14:42:08.954610 fstat64(5, {st_mode=S_IFREG|0644, st_size=1624, ...}) = 0
8882  14:42:08.954645 mmap2(NULL, 1624, PROT_READ, MAP_SHARED, 5, 0) = 0xb7fc5000
8882  14:42:08.954668 _llseek(5, 1624, [1624], SEEK_SET) = 0
8882  14:42:08.954702 munmap(0xb7fc5000, 1624) = 0
8882  14:42:08.954723 close(5)          = 0
8882  14:42:08.954752 open("/etc/shadow", O_RDONLY|0x80000 /* O_??? */) = 5
8882  14:42:08.954780 _llseek(5, 0, [0], SEEK_CUR) = 0
8882  14:42:08.954802 fstat64(5, {st_mode=S_IFREG|0640, st_size=1233, ...}) = 0
8882  14:42:08.954837 mmap2(NULL, 1233, PROT_READ, MAP_SHARED, 5, 0) = 0xb7fc5000
8882  14:42:08.954859 _llseek(5, 1233, [1233], SEEK_SET) = 0
8882  14:42:08.954894 munmap(0xb7fc5000, 1233) = 0
8882  14:42:08.954915 close(5)          = 0
8882  14:42:08.954952 time(NULL)        = 1495651328
8882  14:42:08.954992 munmap(0xb7fc2000, 12164) = 0
8882  14:42:08.955022 munmap(0xb7fc0000, 7136) = 0
8882  14:42:08.955053 munmap(0xb7df5000, 95428) = 0
8882  14:42:08.955077 munmap(0xb7dbb000, 201052) = 0
8882  14:42:08.955102 munmap(0xb7da2000, 101180) = 0
8882  14:42:08.955138 gettimeofday({1495651328, 955147}, NULL) = 0
8882  14:42:08.955164 stat64("/usr/share/zoneinfo/UTC+04:00", 0xbfb83cf4) = -1 ENOENT (No such file or directory)
8882  14:42:08.955196 open("/usr/share/zoneinfo/UTC+04:00", O_RDONLY) = -1 ENOENT (No such file or directory)
8882  14:42:08.955252 fcntl64(3, F_SETLKW64, {type=F_WRLCK, whence=SEEK_SET, start=0, len=0}, 0xbfb83e44) = 0
8882  14:42:08.955288 write(3, "Wed May 24 14:42:08 2017 [pid 8882] [msfadmin] OK LOGIN: Client \"127.0.0.1\"\n", 76) = 76
8882  14:42:08.955332 fcntl64(3, F_SETLK64, {type=F_UNLCK, whence=SEEK_SET, start=0, len=0}, 0xbfb83e4c) = 0
8882  14:42:08.955361 rt_sigaction(SIGCHLD, {0x805cad0, ~[RTMIN RT_1], 0}, NULL, 8) = 0
8882  14:42:08.955392 write(4, "\1", 1 <unfinished ...>
8883  14:42:08.955414 <... read resumed> "\1", 1) = 1
8882  14:42:08.955430 <... write resumed> ) = 1
8883  14:42:08.955447 exit_group(0)     = ?
8882  14:42:08.955513 --- SIGCHLD (Child exited) @ 0 (0) ---
8882  14:42:08.955530 sigreturn()       = ? (mask now [])
8882  14:42:08.955572 wait4(-1, [{WIFEXITED(s) && WEXITSTATUS(s) == 0}], 0, NULL) = 8883
8882  14:42:08.955600 close(4)          = 0
8882  14:42:08.955626 socketpair(PF_FILE, SOCK_STREAM, 0, [4, 5]) = 0
8882  14:42:08.955657 rt_sigaction(SIGCHLD, {0x805cad0, ~[RTMIN RT_1], 0}, NULL, 8) = 0
8882  14:42:08.955687 rt_sigaction(SIGALRM, {0x805cb10, ~[RTMIN RT_1], 0}, NULL, 8) = 0
8882  14:42:08.955717 clone(child_stack=0, flags=CLONE_CHILD_CLEARTID|CLONE_CHILD_SETTID|SIGCHLD, child_tidptr=0xb7e2b6f8) = 8884
8884  14:42:08.955830 prctl(0x1, 0x9, 0, 0, 0) = 0
8884  14:42:08.955860 close(4)          = 0
8884  14:42:08.955945 open("/etc/passwd", O_RDONLY|0x80000 /* O_??? */) = 4
8884  14:42:08.955986 _llseek(4, 0, [0], SEEK_CUR) = 0
8884  14:42:08.956020 fstat64(4, {st_mode=S_IFREG|0644, st_size=1624, ...}) = 0
8884  14:42:08.956061 mmap2(NULL, 1624, PROT_READ, MAP_SHARED, 4, 0) = 0xb7fc5000
8884  14:42:08.956087 _llseek(4, 1624, [1624], SEEK_SET) = 0
8884  14:42:08.956137 munmap(0xb7fc5000, 1624) = 0
8884  14:42:08.956162 close(4)          = 0
8884  14:42:08.956193 getuid32()        = 0
8884  14:42:08.956216 open("/etc/passwd", O_RDONLY|0x80000 /* O_??? */) = 4
8884  14:42:08.956249 _llseek(4, 0, [0], SEEK_CUR) = 0
8884  14:42:08.956284 fstat64(4, {st_mode=S_IFREG|0644, st_size=1624, ...}) = 0
8884  14:42:08.956333 mmap2(NULL, 1624, PROT_READ, MAP_SHARED, 4, 0) = 0xb7fc5000
8884  14:42:08.956358 _llseek(4, 1624, [1624], SEEK_SET) = 0
8884  14:42:08.956393 munmap(0xb7fc5000, 1624) = 0
8884  14:42:08.956415 close(4)          = 0
8884  14:42:08.956476 open("/proc/sys/kernel/ngroups_max", O_RDONLY) = 4
8884  14:42:08.956521 read(4, "65536\n", 31) = 6
8884  14:42:08.956548 close(4)          = 0
8884  14:42:08.956579 socket(PF_FILE, SOCK_STREAM, 0) = 4
8884  14:42:08.956607 fcntl64(4, F_SETFL, O_RDWR|O_NONBLOCK) = 0
8884  14:42:08.956631 connect(4, {sa_family=AF_FILE, path="/var/run/nscd/socket"}, 110) = -1 ENOENT (No such file or directory)
8884  14:42:08.956679 close(4)          = 0
8884  14:42:08.956704 socket(PF_FILE, SOCK_STREAM, 0) = 4
8884  14:42:08.956726 fcntl64(4, F_SETFL, O_RDWR|O_NONBLOCK) = 0
8884  14:42:08.956749 connect(4, {sa_family=AF_FILE, path="/var/run/nscd/socket"}, 110) = -1 ENOENT (No such file or directory)
8884  14:42:08.956788 close(4)          = 0
8884  14:42:08.956841 open("/etc/group", O_RDONLY|0x80000 /* O_??? */) = 4
8884  14:42:08.956872 _llseek(4, 0, [0], SEEK_CUR) = 0
8884  14:42:08.956919 fstat64(4, {st_mode=S_IFREG|0644, st_size=886, ...}) = 0
8884  14:42:08.956955 mmap2(NULL, 886, PROT_READ, MAP_SHARED, 4, 0) = 0xb7fc5000
8884  14:42:08.956979 _llseek(4, 886, [886], SEEK_SET) = 0
8884  14:42:08.957034 fstat64(4, {st_mode=S_IFREG|0644, st_size=886, ...}) = 0
8884  14:42:08.957071 munmap(0xb7fc5000, 886) = 0
8884  14:42:08.957094 close(4)          = 0
8884  14:42:08.957116 setgroups32(13, [1000, 4, 20, 24, 25, 29, 30, 44, 46, 107, 111, 112, 119]) = 0
8884  14:42:08.957151 geteuid32()       = 0
8884  14:42:08.957175 getegid32()       = 0
8884  14:42:08.957198 setregid32(-1, 1000) = 0
8884  14:42:08.957221 setreuid32(-1, 1000) = 0
8884  14:42:08.957244 chdir("/home/msfadmin") = 0
8884  14:42:08.957270 setreuid32(-1, 0) = 0
8884  14:42:08.957290 setregid32(-1, 0) = 0
8884  14:42:08.957312 setgid32(1000)    = 0
8884  14:42:08.957334 setuid32(1000)    = 0
8884  14:42:08.957356 setrlimit(RLIMIT_NPROC, {rlim_cur=0, rlim_max=0}) = 0
8884  14:42:08.957385 mmap2(NULL, 12288, PROT_READ|PROT_WRITE, MAP_PRIVATE|MAP_ANONYMOUS, -1, 0) = 0xb7fc3000
8884  14:42:08.957420 mprotect(0xb7fc5000, 4096, PROT_NONE) = 0
8884  14:42:08.957446 mprotect(0xb7fc3000, 4096, PROT_NONE) = 0
8884  14:42:08.957470 getcwd("/home/msfadmin", 4096) = 15
8884  14:42:08.957501 umask(022)        = 077
8884  14:42:08.957522 getcwd("/home/msfadmin", 4096) = 15
8884  14:42:08.957553 open(".message", O_RDONLY|O_NONBLOCK|O_LARGEFILE) = -1 ENOENT (No such file or directory)
8884  14:42:08.957604 write(0, "230 Login successful.\r\n", 23) = 23
8884  14:42:08.957802 rt_sigaction(SIGALRM, {0x805cad0, ~[RTMIN RT_1], 0}, NULL, 8) = 0
8884  14:42:08.957840 alarm(300)        = 0
8884  14:42:08.957887 mmap2(NULL, 12288, PROT_READ|PROT_WRITE, MAP_PRIVATE|MAP_ANONYMOUS, -1, 0) = 0xb7fc0000
8884  14:42:08.957912 mprotect(0xb7fc2000, 4096, PROT_NONE) = 0
8884  14:42:08.957937 mprotect(0xb7fc0000, 4096, PROT_NONE) = 0
8884  14:42:08.957967 recv(0, "TYPE I\r\n", 4096, MSG_PEEK) = 8
8884  14:42:08.957996 read(0, "TYPE I\r\n", 8) = 8
8884  14:42:08.958033 write(0, "200 Switching to Binary mode.\r\n", 31) = 31
8884  14:42:08.958123 rt_sigaction(SIGALRM, {0x805cad0, ~[RTMIN RT_1], 0}, NULL, 8) = 0
8884  14:42:08.958155 alarm(300)        = 300
8884  14:42:08.958180 recv(0, "PASV\r\n", 4096, MSG_PEEK) = 6
8884  14:42:08.958204 read(0, "PASV\r\n", 6) = 6
8884  14:42:08.958230 write(5, "\n", 1) = 1
8884  14:42:08.958254 read(5,  <unfinished ...>
8882  14:42:08.958282 close(5)          = 0
8882  14:42:08.958312 getuid32()        = 0
8882  14:42:08.958342 open("/etc/passwd", O_RDONLY|0x80000 /* O_??? */) = 5
8882  14:42:08.958342 _llseek(5, 0, [0], SEEK_CUR) = 0
8882  14:42:08.958343 fstat64(5, {st_mode=S_IFREG|0644, st_size=1624, ...}) = 0
8882  14:42:08.958366 mmap2(NULL, 1624, PROT_READ, MAP_SHARED, 5, 0) = 0xb7fc5000
8882  14:42:08.958391 _llseek(5, 1624, [1624], SEEK_SET) = 0
8882  14:42:08.958430 munmap(0xb7fc5000, 1624) = 0
8882  14:42:08.958455 close(5)          = 0
8882  14:42:08.958491 setgroups32(0, []) = 0
8882  14:42:08.958516 chdir("/usr/share/empty") = 0
8882  14:42:08.958544 chroot(".")       = 0
8882  14:42:08.958567 capset(NULL, NULL) = -1 EFAULT (Bad address)
8882  14:42:08.958596 prctl(0x8, 0, 0xbfb83e28, 0x80549a6, 0xbfb83e10) = 0
8882  14:42:08.958642 prctl(0x8, 0x1, 0xbfb83e28, 0x8054a49, 0xbfb83e10) = 0
8882  14:42:08.958666 setgid32(65534)   = 0
8882  14:42:08.958688 setuid32(65534)   = 0
8882  14:42:08.958709 capset(0x19980330, 0, {CAP_NET_BIND_SERVICE, CAP_NET_BIND_SERVICE, 0}) = 0
8882  14:42:08.958739 read(4, "\n", 1)  = 1
8882  14:42:08.958768 write(4, "\1", 1) = 1
8884  14:42:08.958792 <... read resumed> "\1", 1) = 1
8884  14:42:08.958809 write(5, "\f", 1) = 1
8884  14:42:08.958831 read(5,  <unfinished ...>
8882  14:42:08.958845 read(4, "\f", 1)  = 1
8882  14:42:08.958873 socket(PF_INET, SOCK_STREAM, IPPROTO_TCP) = 5
8882  14:42:08.958902 setsockopt(5, SOL_SOCKET, SO_REUSEADDR, [1], 4) = 0
8882  14:42:08.958927 gettimeofday({1495651328, 958935}, NULL) = 0
8882  14:42:08.958963 bind(5, {sa_family=AF_INET, sin_port=htons(46330), sin_addr=inet_addr("127.0.0.1")}, 16) = 0
8882  14:42:08.958998 listen(5, 1)      = 0
8882  14:42:08.959025 write(4, "\372\264\0\0", 4) = 4
8884  14:42:08.959049 <... read resumed> "\372\264\0\0", 4) = 4
8884  14:42:08.959080 write(0, "227 Entering Passive Mode (127,0,0,1,180,250).\r\n", 48) = 48
8884  14:42:08.959301 rt_sigaction(SIGALRM, {0x805cad0, ~[RTMIN RT_1], 0}, NULL, 8) = 0
8884  14:42:08.959337 alarm(300)        = 300
8884  14:42:08.959363 recv(0, "STOR myfile0\r\n", 4096, MSG_PEEK) = 14
8884  14:42:08.959389 read(0, "STOR myfile0\r\n", 14) = 14
8884  14:42:08.959422 write(5, "\v", 1) = 1
8884  14:42:08.959445 read(5,  <unfinished ...>
8882  14:42:08.959461 read(4, "\v", 1)  = 1
8882  14:42:08.959485 write(4, "\1\0\0\0", 4) = 4
8884  14:42:08.959508 <... read resumed> "\1\0\0\0", 4) = 4
8884  14:42:08.959527 gettimeofday({1495651328, 959535}, NULL) = 0
8884  14:42:08.959551 getcwd("/home/msfadmin", 4096) = 15
8884  14:42:08.959578 open("myfile0", O_WRONLY|O_CREAT|O_NONBLOCK|O_LARGEFILE, 0666) = 4
8884  14:42:08.959758 fstat64(4, {st_mode=S_IFREG|0644, st_size=17, ...}) = 0
8884  14:42:08.959804 fcntl64(4, F_GETFL) = 0x8801 (flags O_WRONLY|O_NONBLOCK|O_LARGEFILE)
8884  14:42:08.959828 fcntl64(4, F_SETFL, O_WRONLY|O_LARGEFILE) = 0
8884  14:42:08.959849 fcntl64(4, F_SETLKW64, {type=F_WRLCK, whence=SEEK_SET, start=0, len=0}, 0xbfb83d74) = 0
8884  14:42:08.959884 ftruncate64(4, 0) = 0
8884  14:42:08.959925 _llseek(4, 0, [0], SEEK_SET) = 0
8884  14:42:08.959949 write(5, "\v", 1) = 1
8884  14:42:08.959973 read(5,  <unfinished ...>
8882  14:42:08.959988 read(4, "\v", 1)  = 1
8882  14:42:08.960013 write(4, "\1\0\0\0", 4) = 4
8884  14:42:08.960036 <... read resumed> "\1\0\0\0", 4) = 4
8884  14:42:08.960052 write(5, "\v", 1) = 1
8884  14:42:08.960073 read(5,  <unfinished ...>
8882  14:42:08.960087 read(4, "\v", 1)  = 1
8882  14:42:08.960110 write(4, "\1\0\0\0", 4) = 4
8884  14:42:08.960132 <... read resumed> "\1\0\0\0", 4) = 4
8884  14:42:08.960148 write(5, "\r", 1) = 1
8884  14:42:08.960170 read(5,  <unfinished ...>
8882  14:42:08.960184 read(4, "\r", 1)  = 1
8882  14:42:08.960212 select(6, [5], NULL, NULL, {60, 0}) = 1 (in [5], left {60, 0})
8882  14:42:08.960249 accept(5, {sa_family=AF_INET, sin_port=htons(39627), sin_addr=inet_addr("127.0.0.1")}, [16]) = 6
8882  14:42:08.960297 write(4, "\1", 1) = 1
8884  14:42:08.960320 <... read resumed> "\1", 1) = 1
8884  14:42:08.960340 recvmsg(5,  <unfinished ...>
8882  14:42:08.960360 sendmsg(4, {msg_name(0)=NULL, msg_iov(1)=[{"\0", 1}], msg_controllen=16, {cmsg_len=16, cmsg_level=SOL_SOCKET, cmsg_type=SCM_RIGHTS, {6}}, msg_flags=0}, 0) = 1
8884  14:42:08.960398 <... recvmsg resumed> {msg_name(0)=NULL, msg_iov(1)=[{"\0", 1}], msg_controllen=16, {cmsg_len=16, cmsg_level=SOL_SOCKET, cmsg_type=SCM_RIGHTS, {6}}, msg_flags=0}, 0) = 1
8884  14:42:08.960427 setsockopt(6, SOL_SOCKET, SO_KEEPALIVE, [1], 4) = 0
8884  14:42:08.960453 setsockopt(6, SOL_IP, IP_TOS, [8], 4) = 0
8884  14:42:08.960479 setsockopt(6, SOL_SOCKET, SO_LINGER, {onoff=1, linger=32767}, 8) = 0
8884  14:42:08.960503 rt_sigaction(SIGALRM, {0x805cad0, ~[RTMIN RT_1], 0}, NULL, 8) = 0
8884  14:42:08.960533 alarm(300)        = 300
8884  14:42:08.960561 write(0, "150 Ok to send data.\r\n", 22) = 22
8884  14:42:08.960724 mmap2(NULL, 77824, PROT_READ|PROT_WRITE, MAP_PRIVATE|MAP_ANONYMOUS, -1, 0) = 0xb7dfa000
8884  14:42:08.960756 mprotect(0xb7e0c000, 4096, PROT_NONE) = 0
8884  14:42:08.960784 mprotect(0xb7dfa000, 4096, PROT_NONE) = 0
8884  14:42:08.960806 read(6, "assasaaa\na\na\na\na\n", 65536) = 17
8884  14:42:08.960836 write(4, "assasaaa\na\na\na\na\n", 17) = 17
8884  14:42:08.960871 read(6, "", 65536) = 0
8884  14:42:08.960894 rt_sigaction(SIGALRM, {0x805cad0, ~[RTMIN RT_1], 0}, NULL, 8) = 0
8884  14:42:08.960923 alarm(300)        = 300
8884  14:42:08.960945 close(6)          = 0
8884  14:42:08.960965 alarm(0)          = 300
8884  14:42:08.960986 gettimeofday({1495651328, 960993}, NULL) = 0
8884  14:42:08.961024 getpid()          = 8884
8884  14:42:08.961051 gettimeofday({1495651328, 961059}, NULL) = 0
8884  14:42:08.961089 fcntl64(3, F_SETLKW64, {type=F_WRLCK, whence=SEEK_SET, start=0, len=0}, 0xbfb83d14) = 0
8884  14:42:08.961122 write(3, "Wed May 24 14:42:08 2017 [pid 8884] [msfadmin] OK UPLOAD: Client \"127.0.0.1\", \"/home/msfadmin/myfile0\", 17 bytes, 10.89Kbyte/sec\n", 129) = 129
8884  14:42:08.961166 fcntl64(3, F_SETLK64, {type=F_UNLCK, whence=SEEK_SET, start=0, len=0}, 0xbfb83d1c) = 0
8884  14:42:08.961197 write(0, "226 Transfer complete.\r\n", 24) = 24
8884  14:42:08.961283 write(5, "\n", 1) = 1
8884  14:42:08.961309 read(5,  <unfinished ...>
8882  14:42:08.961325 close(6)          = 0
8882  14:42:08.961363 read(4, "\n", 1)  = 1
8882  14:42:08.961388 close(5)          = 0
8882  14:42:08.961411 write(4, "\1", 1) = 1
8884  14:42:08.961434 <... read resumed> "\1", 1) = 1
8884  14:42:08.961449 close(4)          = 0
8884  14:42:08.961473 rt_sigaction(SIGALRM, {0x805cad0, ~[RTMIN RT_1], 0}, NULL, 8) = 0
8884  14:42:08.961501 alarm(300)        = 0
8884  14:42:08.961525 recv(0,  <unfinished ...>
8882  14:42:08.961542 read(4,  <unfinished ...>
8884  14:42:09.478478 <... recv resumed> "TYPE I\r\n", 4096, MSG_PEEK) = 8
8884  14:42:09.478568 read(0, "TYPE I\r\n", 8) = 8
8884  14:42:09.478634 write(0, "200 Switching to Binary mode.\r\n", 31) = 31
8884  14:42:09.478746 rt_sigaction(SIGALRM, {0x805cad0, ~[RTMIN RT_1], 0}, NULL, 8) = 0
8884  14:42:09.478785 alarm(300)        = 299
8884  14:42:09.478814 recv(0, "PASV\r\n", 4096, MSG_PEEK) = 6
8884  14:42:09.478841 read(0, "PASV\r\n", 6) = 6
8884  14:42:09.478869 write(5, "\n", 1) = 1
8884  14:42:09.478897 read(5,  <unfinished ...>
8882  14:42:09.478915 <... read resumed> "\n", 1) = 1
8882  14:42:09.478934 write(4, "\1", 1) = 1
8884  14:42:09.478959 <... read resumed> "\1", 1) = 1
8884  14:42:09.478975 write(5, "\f", 1) = 1
8884  14:42:09.479040 read(5,  <unfinished ...>
8882  14:42:09.479057 read(4, "\f", 1)  = 1
8882  14:42:09.479085 socket(PF_INET, SOCK_STREAM, IPPROTO_TCP) = 5
8882  14:42:09.479119 setsockopt(5, SOL_SOCKET, SO_REUSEADDR, [1], 4) = 0
8882  14:42:09.479151 bind(5, {sa_family=AF_INET, sin_port=htons(25490), sin_addr=inet_addr("127.0.0.1")}, 16) = 0
8882  14:42:09.479188 listen(5, 1)      = 0
8882  14:42:09.479225 write(4, "\222c\0\0", 4) = 4
8884  14:42:09.479251 <... read resumed> "\222c\0\0", 4) = 4
8884  14:42:09.479279 write(0, "227 Entering Passive Mode (127,0,0,1,99,146).\r\n", 47) = 47
8884  14:42:09.479511 rt_sigaction(SIGALRM, {0x805cad0, ~[RTMIN RT_1], 0}, NULL, 8) = 0
8884  14:42:09.479551 alarm(300)        = 300
8884  14:42:09.479578 recv(0, "STOR myfile1\r\n", 4096, MSG_PEEK) = 14
8884  14:42:09.479606 read(0, "STOR myfile1\r\n", 14) = 14
8884  14:42:09.479638 write(5, "\v", 1) = 1
8884  14:42:09.479664 read(5,  <unfinished ...>
8882  14:42:09.479680 read(4, "\v", 1)  = 1
8882  14:42:09.479706 write(4, "\1\0\0\0", 4) = 4
8884  14:42:09.479730 <... read resumed> "\1\0\0\0", 4) = 4
8884  14:42:09.479748 gettimeofday({1495651329, 479756}, NULL) = 0
8884  14:42:09.479773 getcwd("/home/msfadmin", 4096) = 15
8884  14:42:09.479802 open("myfile1", O_WRONLY|O_CREAT|O_NONBLOCK|O_LARGEFILE, 0666) = 4
8884  14:42:09.479833 fstat64(4, {st_mode=S_IFREG|0644, st_size=17, ...}) = 0
8884  14:42:09.479873 fcntl64(4, F_GETFL) = 0x8801 (flags O_WRONLY|O_NONBLOCK|O_LARGEFILE)
8884  14:42:09.479899 fcntl64(4, F_SETFL, O_WRONLY|O_LARGEFILE) = 0
8884  14:42:09.479922 fcntl64(4, F_SETLKW64, {type=F_WRLCK, whence=SEEK_SET, start=0, len=0}, 0xbfb83d74) = 0
8884  14:42:09.479977 ftruncate64(4, 0) = 0
8884  14:42:09.480019 _llseek(4, 0, [0], SEEK_SET) = 0
8884  14:42:09.480046 write(5, "\v", 1) = 1
8884  14:42:09.480070 read(5,  <unfinished ...>
8882  14:42:09.480086 read(4, "\v", 1)  = 1
8882  14:42:09.480112 write(4, "\1\0\0\0", 4) = 4
8884  14:42:09.480136 <... read resumed> "\1\0\0\0", 4) = 4
8884  14:42:09.480154 write(5, "\v", 1) = 1
8884  14:42:09.480176 read(5,  <unfinished ...>
8882  14:42:09.480191 read(4, "\v", 1)  = 1
8882  14:42:09.480219 write(4, "\1\0\0\0", 4) = 4
8884  14:42:09.480246 <... read resumed> "\1\0\0\0", 4) = 4
8884  14:42:09.480263 write(5, "\r", 1) = 1
8884  14:42:09.480286 read(5,  <unfinished ...>
8882  14:42:09.480309 read(4, "\r", 1)  = 1
8882  14:42:09.480349 select(6, [5], NULL, NULL, {60, 0}) = 1 (in [5], left {60, 0})
8882  14:42:09.480403 accept(5, {sa_family=AF_INET, sin_port=htons(48296), sin_addr=inet_addr("127.0.0.1")}, [16]) = 6
8882  14:42:09.480477 write(4, "\1", 1) = 1
8884  14:42:09.480514 <... read resumed> "\1", 1) = 1
8884  14:42:09.480542 recvmsg(5,  <unfinished ...>
8882  14:42:09.480570 sendmsg(4, {msg_name(0)=NULL, msg_iov(1)=[{"\0", 1}], msg_controllen=16, {cmsg_len=16, cmsg_level=SOL_SOCKET, cmsg_type=SCM_RIGHTS, {6}}, msg_flags=0}, 0) = 1
8884  14:42:09.480627 <... recvmsg resumed> {msg_name(0)=NULL, msg_iov(1)=[{"\0", 1}], msg_controllen=16, {cmsg_len=16, cmsg_level=SOL_SOCKET, cmsg_type=SCM_RIGHTS, {6}}, msg_flags=0}, 0) = 1
8884  14:42:09.480672 setsockopt(6, SOL_SOCKET, SO_KEEPALIVE, [1], 4) = 0
8884  14:42:09.480713 setsockopt(6, SOL_IP, IP_TOS, [8], 4) = 0
8884  14:42:09.480753 setsockopt(6, SOL_SOCKET, SO_LINGER, {onoff=1, linger=32767}, 8) = 0
8884  14:42:09.480791 rt_sigaction(SIGALRM, {0x805cad0, ~[RTMIN RT_1], 0}, NULL, 8) = 0
8884  14:42:09.480850 alarm(300)        = 300
8884  14:42:09.480894 write(0, "150 Ok to send data.\r\n", 22) = 22
8884  14:42:09.481131 read(6, "assasaaa\na\na\na\na\n", 65536) = 17
8884  14:42:09.481179 write(4, "assasaaa\na\na\na\na\n", 17) = 17
8884  14:42:09.481234 read(6, "", 65536) = 0
8884  14:42:09.481270 rt_sigaction(SIGALRM, {0x805cad0, ~[RTMIN RT_1], 0}, NULL, 8) = 0
8884  14:42:09.481319 alarm(300)        = 300
8884  14:42:09.481354 close(6)          = 0
8884  14:42:09.481388 alarm(0)          = 300
8884  14:42:09.481421 gettimeofday({1495651329, 481434}, NULL) = 0
8884  14:42:09.481470 gettimeofday({1495651329, 481481}, NULL) = 0
8884  14:42:09.481504 fcntl64(3, F_SETLKW64, {type=F_WRLCK, whence=SEEK_SET, start=0, len=0}, 0xbfb83d14) = 0
8884  14:42:09.481540 write(3, "Wed May 24 14:42:09 2017 [pid 8884] [msfadmin] OK UPLOAD: Client \"127.0.0.1\", \"/home/msfadmin/myfile1\", 17 bytes, 9.62Kbyte/sec\n", 128) = 128
8884  14:42:09.481588 fcntl64(3, F_SETLK64, {type=F_UNLCK, whence=SEEK_SET, start=0, len=0}, 0xbfb83d1c) = 0
8884  14:42:09.481621 write(0, "226 Transfer complete.\r\n", 24) = 24
8884  14:42:09.481724 write(5, "\n", 1) = 1
8884  14:42:09.481752 read(5,  <unfinished ...>
8882  14:42:09.481770 close(6)          = 0
8882  14:42:09.481811 read(4, "\n", 1)  = 1
8882  14:42:09.481838 close(5)          = 0
8882  14:42:09.481863 write(4, "\1", 1) = 1
8884  14:42:09.481912 <... read resumed> "\1", 1) = 1
8884  14:42:09.481932 close(4)          = 0
8884  14:42:09.481958 rt_sigaction(SIGALRM, {0x805cad0, ~[RTMIN RT_1], 0}, NULL, 8) = 0
8884  14:42:09.481989 alarm(300)        = 0
8884  14:42:09.482015 recv(0,  <unfinished ...>
8882  14:42:09.482033 read(4,  <unfinished ...>
8884  14:42:10.028299 <... recv resumed> "TYPE I\r\n", 4096, MSG_PEEK) = 8
8884  14:42:10.028349 read(0, "TYPE I\r\n", 8) = 8
8884  14:42:10.028389 write(0, "200 Switching to Binary mode.\r\n", 31) = 31
8884  14:42:10.028476 rt_sigaction(SIGALRM, {0x805cad0, ~[RTMIN RT_1], 0}, NULL, 8) = 0
8884  14:42:10.028512 alarm(300)        = 299
8884  14:42:10.028538 recv(0, "PASV\r\n", 4096, MSG_PEEK) = 6
8884  14:42:10.028561 read(0, "PASV\r\n", 6) = 6
8884  14:42:10.028585 write(5, "\n", 1) = 1
8884  14:42:10.028609 read(5,  <unfinished ...>
8882  14:42:10.028625 <... read resumed> "\n", 1) = 1
8882  14:42:10.028642 write(4, "\1", 1) = 1
8884  14:42:10.028664 <... read resumed> "\1", 1) = 1
8884  14:42:10.028678 write(5, "\f", 1) = 1
8884  14:42:10.028699 read(5,  <unfinished ...>
8882  14:42:10.028712 read(4, "\f", 1)  = 1
8882  14:42:10.028737 socket(PF_INET, SOCK_STREAM, IPPROTO_TCP) = 5
8882  14:42:10.028765 setsockopt(5, SOL_SOCKET, SO_REUSEADDR, [1], 4) = 0
8882  14:42:10.028793 bind(5, {sa_family=AF_INET, sin_port=htons(29386), sin_addr=inet_addr("127.0.0.1")}, 16) = 0
8882  14:42:10.028825 listen(5, 1)      = 0
8882  14:42:10.028851 write(4, "\312r\0\0", 4) = 4
8884  14:42:10.028873 <... read resumed> "\312r\0\0", 4) = 4
8884  14:42:10.028897 write(0, "227 Entering Passive Mode (127,0,0,1,114,202).\r\n", 48) = 48
8884  14:42:10.029135 rt_sigaction(SIGALRM, {0x805cad0, ~[RTMIN RT_1], 0}, NULL, 8) = 0
8884  14:42:10.029170 alarm(300)        = 300
8884  14:42:10.029194 recv(0, "STOR myfile2\r\n", 4096, MSG_PEEK) = 14
8884  14:42:10.029219 read(0, "STOR myfile2\r\n", 14) = 14
8884  14:42:10.029247 write(5, "\v", 1) = 1
8884  14:42:10.029268 read(5,  <unfinished ...>
8882  14:42:10.029283 read(4, "\v", 1)  = 1
8882  14:42:10.029306 write(4, "\1\0\0\0", 4) = 4
8884  14:42:10.029327 <... read resumed> "\1\0\0\0", 4) = 4
8884  14:42:10.029343 gettimeofday({1495651330, 29350}, NULL) = 0
8884  14:42:10.029365 getcwd("/home/msfadmin", 4096) = 15
8884  14:42:10.029390 open("myfile2", O_WRONLY|O_CREAT|O_NONBLOCK|O_LARGEFILE, 0666) = 4
8884  14:42:10.029417 fstat64(4, {st_mode=S_IFREG|0644, st_size=17, ...}) = 0
8884  14:42:10.029452 fcntl64(4, F_GETFL) = 0x8801 (flags O_WRONLY|O_NONBLOCK|O_LARGEFILE)
8884  14:42:10.029475 fcntl64(4, F_SETFL, O_WRONLY|O_LARGEFILE) = 0
8884  14:42:10.029496 fcntl64(4, F_SETLKW64, {type=F_WRLCK, whence=SEEK_SET, start=0, len=0}, 0xbfb83d74) = 0
8884  14:42:10.029536 ftruncate64(4, 0) = 0
8884  14:42:10.029569 _llseek(4, 0, [0], SEEK_SET) = 0
8884  14:42:10.029592 write(5, "\v", 1) = 1
8884  14:42:10.029613 read(5,  <unfinished ...>
8882  14:42:10.029627 read(4, "\v", 1)  = 1
8882  14:42:10.029650 write(4, "\1\0\0\0", 4) = 4
8884  14:42:10.029678 <... read resumed> "\1\0\0\0", 4) = 4
8884  14:42:10.029687 write(5, "\v", 1) = 1
8884  14:42:10.029700 read(5,  <unfinished ...>
8882  14:42:10.029708 read(4, "\v", 1)  = 1
8882  14:42:10.029722 write(4, "\1\0\0\0", 4) = 4
8884  14:42:10.029735 <... read resumed> "\1\0\0\0", 4) = 4
8884  14:42:10.029744 write(5, "\r", 1) = 1
8884  14:42:10.029757 read(5,  <unfinished ...>
8882  14:42:10.029766 read(4, "\r", 1)  = 1
8882  14:42:10.029780 select(6, [5], NULL, NULL, {60, 0}) = 1 (in [5], left {60, 0})
8882  14:42:10.029801 accept(5, {sa_family=AF_INET, sin_port=htons(33594), sin_addr=inet_addr("127.0.0.1")}, [16]) = 6
8882  14:42:10.029829 write(4, "\1", 1) = 1
8884  14:42:10.029842 <... read resumed> "\1", 1) = 1
8884  14:42:10.029853 recvmsg(5,  <unfinished ...>
8882  14:42:10.029864 sendmsg(4, {msg_name(0)=NULL, msg_iov(1)=[{"\0", 1}], msg_controllen=16, {cmsg_len=16, cmsg_level=SOL_SOCKET, cmsg_type=SCM_RIGHTS, {6}}, msg_flags=0}, 0) = 1
8884  14:42:10.029886 <... recvmsg resumed> {msg_name(0)=NULL, msg_iov(1)=[{"\0", 1}], msg_controllen=16, {cmsg_len=16, cmsg_level=SOL_SOCKET, cmsg_type=SCM_RIGHTS, {6}}, msg_flags=0}, 0) = 1
8884  14:42:10.029903 setsockopt(6, SOL_SOCKET, SO_KEEPALIVE, [1], 4) = 0
8884  14:42:10.029919 setsockopt(6, SOL_IP, IP_TOS, [8], 4) = 0
8884  14:42:10.029955 setsockopt(6, SOL_SOCKET, SO_LINGER, {onoff=1, linger=32767}, 8) = 0
8884  14:42:10.030044 rt_sigaction(SIGALRM, {0x805cad0, ~[RTMIN RT_1], 0}, NULL, 8) = 0
8884  14:42:10.030066 alarm(300)        = 300
8884  14:42:10.030086 write(0, "150 Ok to send data.\r\n", 22) = 22
8884  14:42:10.030195 read(6, "assasaaa\na\na\na\na\n", 65536) = 17
8884  14:42:10.030217 write(4, "assasaaa\na\na\na\na\n", 17) = 17
8884  14:42:10.030241 read(6, "", 65536) = 0
8884  14:42:10.030256 rt_sigaction(SIGALRM, {0x805cad0, ~[RTMIN RT_1], 0}, NULL, 8) = 0
8884  14:42:10.030276 alarm(300)        = 300
8884  14:42:10.030290 close(6)          = 0
8884  14:42:10.030303 alarm(0)          = 300
8884  14:42:10.030317 gettimeofday({1495651330, 30322}, NULL) = 0
8884  14:42:10.030338 gettimeofday({1495651330, 30344}, NULL) = 0
8884  14:42:10.030360 fcntl64(3, F_SETLKW64, {type=F_WRLCK, whence=SEEK_SET, start=0, len=0}, 0xbfb83d14) = 0
8884  14:42:10.030382 write(3, "Wed May 24 14:42:10 2017 [pid 8884] [msfadmin] OK UPLOAD: Client \"127.0.0.1\", \"/home/msfadmin/myfile2\", 17 bytes, 16.70Kbyte/sec\n", 129) = 129
8884  14:42:10.030413 fcntl64(3, F_SETLK64, {type=F_UNLCK, whence=SEEK_SET, start=0, len=0}, 0xbfb83d1c) = 0
8884  14:42:10.030434 write(0, "226 Transfer complete.\r\n", 24) = 24
8884  14:42:10.030497 write(5, "\n", 1) = 1
8884  14:42:10.030515 read(5,  <unfinished ...>
8882  14:42:10.030527 close(6)          = 0
8882  14:42:10.030553 read(4, "\n", 1)  = 1
8882  14:42:10.030570 close(5)          = 0
8882  14:42:10.030586 write(4, "\1", 1) = 1
8884  14:42:10.030602 <... read resumed> "\1", 1) = 1
8884  14:42:10.030612 close(4)          = 0
8884  14:42:10.030628 rt_sigaction(SIGALRM, {0x805cad0, ~[RTMIN RT_1], 0}, NULL, 8) = 0
8884  14:42:10.030647 alarm(300)        = 0
8884  14:42:10.030664 recv(0,  <unfinished ...>
8882  14:42:10.030674 read(4,  <unfinished ...>
8884  14:42:10.558228 <... recv resumed> "TYPE I\r\n", 4096, MSG_PEEK) = 8
8884  14:42:10.558286 read(0, "TYPE I\r\n", 8) = 8
8884  14:42:10.558334 write(0, "200 Switching to Binary mode.\r\n", 31) = 31
8884  14:42:10.558438 rt_sigaction(SIGALRM, {0x805cad0, ~[RTMIN RT_1], 0}, NULL, 8) = 0
8884  14:42:10.558483 alarm(300)        = 299
8884  14:42:10.558514 recv(0, "PASV\r\n", 4096, MSG_PEEK) = 6
8884  14:42:10.558542 read(0, "PASV\r\n", 6) = 6
8884  14:42:10.558572 write(5, "\n", 1 <unfinished ...>
8882  14:42:10.558596 <... read resumed> "\n", 1) = 1
8884  14:42:10.558623 <... write resumed> ) = 1
8882  14:42:10.558641 write(4, "\1", 1) = 1
8882  14:42:10.558668 read(4,  <unfinished ...>
8884  14:42:10.558685 read(5, "\1", 1)  = 1
8884  14:42:10.558714 write(5, "\f", 1 <unfinished ...>
8882  14:42:10.558731 <... read resumed> "\f", 1) = 1
8884  14:42:10.558742 <... write resumed> ) = 1
8882  14:42:10.558760 socket(PF_INET, SOCK_STREAM, IPPROTO_TCP) = 5
8882  14:42:10.558794 setsockopt(5, SOL_SOCKET, SO_REUSEADDR, [1], 4) = 0
8882  14:42:10.558828 bind(5, {sa_family=AF_INET, sin_port=htons(38451), sin_addr=inet_addr("127.0.0.1")}, 16) = 0
8882  14:42:10.558867 listen(5, 1)      = 0
8882  14:42:10.558935 write(4, "3\226\0\0", 4) = 4
8882  14:42:10.558968 read(4,  <unfinished ...>
8884  14:42:10.558985 read(5, "3\226\0\0", 4) = 4
8884  14:42:10.559025 write(0, "227 Entering Passive Mode (127,0,0,1,150,51).\r\n", 47) = 47
8884  14:42:10.559272 rt_sigaction(SIGALRM, {0x805cad0, ~[RTMIN RT_1], 0}, NULL, 8) = 0
8884  14:42:10.559314 alarm(300)        = 300
8884  14:42:10.559343 recv(0, "STOR myfile3\r\n", 4096, MSG_PEEK) = 14
8884  14:42:10.559373 read(0, "STOR myfile3\r\n", 14) = 14
8884  14:42:10.559406 write(5, "\v", 1 <unfinished ...>
8882  14:42:10.559426 <... read resumed> "\v", 1) = 1
8884  14:42:10.559438 <... write resumed> ) = 1
8882  14:42:10.559453 write(4, "\1\0\0\0", 4) = 4
8882  14:42:10.559480 read(4,  <unfinished ...>
8884  14:42:10.559497 read(5, "\1\0\0\0", 4) = 4
8884  14:42:10.559525 gettimeofday({1495651330, 559534}, NULL) = 0
8884  14:42:10.559552 getcwd("/home/msfadmin", 4096) = 15
8884  14:42:10.559582 open("myfile3", O_WRONLY|O_CREAT|O_NONBLOCK|O_LARGEFILE, 0666) = 4
8884  14:42:10.559615 fstat64(4, {st_mode=S_IFREG|0644, st_size=17, ...}) = 0
8884  14:42:10.559658 fcntl64(4, F_GETFL) = 0x8801 (flags O_WRONLY|O_NONBLOCK|O_LARGEFILE)
8884  14:42:10.559686 fcntl64(4, F_SETFL, O_WRONLY|O_LARGEFILE) = 0
8884  14:42:10.559711 fcntl64(4, F_SETLKW64, {type=F_WRLCK, whence=SEEK_SET, start=0, len=0}, 0xbfb83d74) = 0
8884  14:42:10.559745 ftruncate64(4, 0) = 0
8884  14:42:10.559788 _llseek(4, 0, [0], SEEK_SET) = 0
8884  14:42:10.559815 write(5, "\v", 1 <unfinished ...>
8882  14:42:10.559834 <... read resumed> "\v", 1) = 1
8884  14:42:10.559845 <... write resumed> ) = 1
8882  14:42:10.559901 write(4, "\1\0\0\0", 4) = 4
8882  14:42:10.559941 read(4,  <unfinished ...>
8884  14:42:10.559958 read(5, "\1\0\0\0", 4) = 4
8884  14:42:10.559987 write(5, "\v", 1 <unfinished ...>
8882  14:42:10.560004 <... read resumed> "\v", 1) = 1
8884  14:42:10.560015 <... write resumed> ) = 1
8882  14:42:10.560030 write(4, "\1\0\0\0", 4) = 4
8882  14:42:10.560056 read(4,  <unfinished ...>
8884  14:42:10.560072 read(5, "\1\0\0\0", 4) = 4
8884  14:42:10.560100 write(5, "\r", 1 <unfinished ...>
8882  14:42:10.560117 <... read resumed> "\r", 1) = 1
8884  14:42:10.560128 <... write resumed> ) = 1
8882  14:42:10.560145 select(6, [5], NULL, NULL, {60, 0}) = 1 (in [5], left {60, 0})
8882  14:42:10.560185 accept(5, {sa_family=AF_INET, sin_port=htons(41442), sin_addr=inet_addr("127.0.0.1")}, [16]) = 6
8882  14:42:10.560239 write(4, "\1", 1) = 1
8882  14:42:10.560269 sendmsg(4, {msg_name(0)=NULL, msg_iov(1)=[{"\0", 1}], msg_controllen=16, {cmsg_len=16, cmsg_level=SOL_SOCKET, cmsg_type=SCM_RIGHTS, {6}}, msg_flags=0}, 0) = 1
8882  14:42:10.560309 close(6)          = 0
8882  14:42:10.560334 read(4,  <unfinished ...>
8884  14:42:10.560350 read(5, "\1", 1)  = 1
8884  14:42:10.560382 recvmsg(5, {msg_name(0)=NULL, msg_iov(1)=[{"\0", 1}], msg_controllen=16, {cmsg_len=16, cmsg_level=SOL_SOCKET, cmsg_type=SCM_RIGHTS, {6}}, msg_flags=0}, 0) = 1
8884  14:42:10.560426 setsockopt(6, SOL_SOCKET, SO_KEEPALIVE, [1], 4) = 0
8884  14:42:10.560456 setsockopt(6, SOL_IP, IP_TOS, [8], 4) = 0
8884  14:42:10.560485 setsockopt(6, SOL_SOCKET, SO_LINGER, {onoff=1, linger=32767}, 8) = 0
8884  14:42:10.560512 rt_sigaction(SIGALRM, {0x805cad0, ~[RTMIN RT_1], 0}, NULL, 8) = 0
8884  14:42:10.560545 alarm(300)        = 300
8884  14:42:10.560577 write(0, "150 Ok to send data.\r\n", 22) = 22
8884  14:42:10.560728 read(6, "assasaaa\na\na\na\na\n", 65536) = 17
8884  14:42:10.560774 write(4, "assasaaa\na\na\na\na\n", 17) = 17
8884  14:42:10.560811 read(6, "", 65536) = 0
8884  14:42:10.560869 rt_sigaction(SIGALRM, {0x805cad0, ~[RTMIN RT_1], 0}, NULL, 8) = 0
8884  14:42:10.560905 alarm(300)        = 300
8884  14:42:10.560930 close(6)          = 0
8884  14:42:10.560974 alarm(0)          = 300
8884  14:42:10.560999 gettimeofday({1495651330, 561008}, NULL) = 0
8884  14:42:10.561035 gettimeofday({1495651330, 561045}, NULL) = 0
8884  14:42:10.561070 fcntl64(3, F_SETLKW64, {type=F_WRLCK, whence=SEEK_SET, start=0, len=0}, 0xbfb83d14) = 0
8884  14:42:10.561108 write(3, "Wed May 24 14:42:10 2017 [pid 8884] [msfadmin] OK UPLOAD: Client \"127.0.0.1\", \"/home/msfadmin/myfile3\", 17 bytes, 10.99Kbyte/sec\n", 129) = 129
8884  14:42:10.561160 fcntl64(3, F_SETLK64, {type=F_UNLCK, whence=SEEK_SET, start=0, len=0}, 0xbfb83d1c) = 0
8884  14:42:10.561195 write(0, "226 Transfer complete.\r\n", 24) = 24
8884  14:42:10.561296 write(5, "\n", 1 <unfinished ...>
8882  14:42:10.561320 <... read resumed> "\n", 1) = 1
8884  14:42:10.561332 <... write resumed> ) = 1
8882  14:42:10.561347 close(5)          = 0
8882  14:42:10.561375 write(4, "\1", 1) = 1
8882  14:42:10.561402 read(4,  <unfinished ...>
8884  14:42:10.561419 read(5, "\1", 1)  = 1
8884  14:42:10.561446 close(4)          = 0
8884  14:42:10.561472 rt_sigaction(SIGALRM, {0x805cad0, ~[RTMIN RT_1], 0}, NULL, 8) = 0
8884  14:42:10.561505 alarm(300)        = 0
8884  14:42:10.561532 recv(0, "TYPE I\r\n", 4096, MSG_PEEK) = 8
8884  14:42:11.108372 read(0, "TYPE I\r\n", 8) = 8
8884  14:42:11.108471 write(0, "200 Switching to Binary mode.\r\n", 31) = 31
8884  14:42:11.108654 rt_sigaction(SIGALRM, {0x805cad0, ~[RTMIN RT_1], 0}, NULL, 8) = 0
8884  14:42:11.108727 alarm(300)        = 299
8884  14:42:11.108780 recv(0, "PASV\r\n", 4096, MSG_PEEK) = 6
8884  14:42:11.108903 read(0, "PASV\r\n", 6) = 6
8884  14:42:11.108964 write(5, "\n", 1 <unfinished ...>
8882  14:42:11.109005 <... read resumed> "\n", 1) = 1
8884  14:42:11.109027 <... write resumed> ) = 1
8882  14:42:11.109056 write(4, "\1", 1) = 1
8882  14:42:11.109103 read(4,  <unfinished ...>
8884  14:42:11.109133 read(5, "\1", 1)  = 1
8884  14:42:11.109182 write(5, "\f", 1 <unfinished ...>
8882  14:42:11.109212 <... read resumed> "\f", 1) = 1
8884  14:42:11.109232 <... write resumed> ) = 1
8882  14:42:11.109262 socket(PF_INET, SOCK_STREAM, IPPROTO_TCP) = 5
8882  14:42:11.109322 setsockopt(5, SOL_SOCKET, SO_REUSEADDR, [1], 4) = 0
8882  14:42:11.109380 bind(5, {sa_family=AF_INET, sin_port=htons(21206), sin_addr=inet_addr("127.0.0.1")}, 16) = 0
8882  14:42:11.109445 listen(5, 1)      = 0
8882  14:42:11.109501 write(4, "\326R\0\0", 4) = 4
8882  14:42:11.109548 read(4,  <unfinished ...>
8884  14:42:11.109578 read(5, "\326R\0\0", 4) = 4
8884  14:42:11.109645 write(0, "227 Entering Passive Mode (127,0,0,1,82,214).\r\n", 47) = 47
8884  14:42:11.110267 rt_sigaction(SIGALRM, {0x805cad0, ~[RTMIN RT_1], 0}, NULL, 8) = 0
8884  14:42:11.110342 alarm(300)        = 300
8884  14:42:11.110394 recv(0, "STOR myfile4\r\n", 4096, MSG_PEEK) = 14
8884  14:42:11.110445 read(0, "STOR myfile4\r\n", 14) = 14
8884  14:42:11.110503 write(5, "\v", 1 <unfinished ...>
8882  14:42:11.110538 <... read resumed> "\v", 1) = 1
8884  14:42:11.110559 <... write resumed> ) = 1
8882  14:42:11.110585 write(4, "\1\0\0\0", 4) = 4
8882  14:42:11.110632 read(4,  <unfinished ...>
8884  14:42:11.110660 read(5, "\1\0\0\0", 4) = 4
8884  14:42:11.110709 gettimeofday({1495651331, 110725}, NULL) = 0
8884  14:42:11.110756 getcwd("/home/msfadmin", 4096) = 15
8884  14:42:11.110809 open("myfile4", O_WRONLY|O_CREAT|O_NONBLOCK|O_LARGEFILE, 0666) = 4
8884  14:42:11.110917 fstat64(4, {st_mode=S_IFREG|0644, st_size=17, ...}) = 0
8884  14:42:11.111042 fcntl64(4, F_GETFL) = 0x8801 (flags O_WRONLY|O_NONBLOCK|O_LARGEFILE)
8884  14:42:11.111118 fcntl64(4, F_SETFL, O_WRONLY|O_LARGEFILE) = 0
8884  14:42:11.111165 fcntl64(4, F_SETLKW64, {type=F_WRLCK, whence=SEEK_SET, start=0, len=0}, 0xbfb83d74) = 0
8884  14:42:11.111226 ftruncate64(4, 0) = 0
8884  14:42:11.111316 _llseek(4, 0, [0], SEEK_SET) = 0
8884  14:42:11.111364 write(5, "\v", 1 <unfinished ...>
8882  14:42:11.111400 <... read resumed> "\v", 1) = 1
8884  14:42:11.111421 <... write resumed> ) = 1
8882  14:42:11.111448 write(4, "\1\0\0\0", 4) = 4
8882  14:42:11.111495 read(4,  <unfinished ...>
8884  14:42:11.111525 read(5, "\1\0\0\0", 4) = 4
8884  14:42:11.111574 write(5, "\v", 1 <unfinished ...>
8882  14:42:11.111604 <... read resumed> "\v", 1) = 1
8884  14:42:11.111624 <... write resumed> ) = 1
8882  14:42:11.111649 write(4, "\1\0\0\0", 4) = 4
8882  14:42:11.111695 read(4,  <unfinished ...>
8884  14:42:11.111723 read(5, "\1\0\0\0", 4) = 4
8884  14:42:11.111771 write(5, "\r", 1 <unfinished ...>
8882  14:42:11.111801 <... read resumed> "\r", 1) = 1
8884  14:42:11.111821 <... write resumed> ) = 1
8882  14:42:11.111925 select(6, [5], NULL, NULL, {60, 0}) = 1 (in [5], left {60, 0})
8882  14:42:11.112003 accept(5, {sa_family=AF_INET, sin_port=htons(57634), sin_addr=inet_addr("127.0.0.1")}, [16]) = 6
8882  14:42:11.112099 write(4, "\1", 1) = 1
8882  14:42:11.112151 sendmsg(4, {msg_name(0)=NULL, msg_iov(1)=[{"\0", 1}], msg_controllen=16, {cmsg_len=16, cmsg_level=SOL_SOCKET, cmsg_type=SCM_RIGHTS, {6}}, msg_flags=0}, 0) = 1
8882  14:42:11.112223 close(6)          = 0
8882  14:42:11.112265 read(4,  <unfinished ...>
8884  14:42:11.112295 read(5, "\1", 1)  = 1
8884  14:42:11.112350 recvmsg(5, {msg_name(0)=NULL, msg_iov(1)=[{"\0", 1}], msg_controllen=16, {cmsg_len=16, cmsg_level=SOL_SOCKET, cmsg_type=SCM_RIGHTS, {6}}, msg_flags=0}, 0) = 1
8884  14:42:11.112482 setsockopt(6, SOL_SOCKET, SO_KEEPALIVE, [1], 4) = 0
8884  14:42:11.112540 setsockopt(6, SOL_IP, IP_TOS, [8], 4) = 0
8884  14:42:11.112591 setsockopt(6, SOL_SOCKET, SO_LINGER, {onoff=1, linger=32767}, 8) = 0
8884  14:42:11.112640 rt_sigaction(SIGALRM, {0x805cad0, ~[RTMIN RT_1], 0}, NULL, 8) = 0
8884  14:42:11.112698 alarm(300)        = 300
8884  14:42:11.112850 write(0, "150 Ok to send data.\r\n", 22) = 22
8884  14:42:11.113132 read(6, "assasaaa\na\na\na\na\n", 65536) = 17
8884  14:42:11.113195 write(4, "assasaaa\na\na\na\na\n", 17) = 17
8884  14:42:11.113264 read(6, "", 65536) = 0
8884  14:42:11.113309 rt_sigaction(SIGALRM, {0x805cad0, ~[RTMIN RT_1], 0}, NULL, 8) = 0
8884  14:42:11.113368 alarm(300)        = 300
8884  14:42:11.113411 close(6)          = 0
8884  14:42:11.113481 alarm(0)          = 300
8884  14:42:11.113524 gettimeofday({1495651331, 113540}, NULL) = 0
8884  14:42:11.113588 gettimeofday({1495651331, 113605}, NULL) = 0
8884  14:42:11.113645 fcntl64(3, F_SETLKW64, {type=F_WRLCK, whence=SEEK_SET, start=0, len=0}, 0xbfb83d14) = 0
8884  14:42:11.113754 write(3, "Wed May 24 14:42:11 2017 [pid 8884] [msfadmin] OK UPLOAD: Client \"127.0.0.1\", \"/home/msfadmin/myfile4\", 17 bytes, 5.76Kbyte/sec\n", 128) = 128
8884  14:42:11.113852 fcntl64(3, F_SETLK64, {type=F_UNLCK, whence=SEEK_SET, start=0, len=0}, 0xbfb83d1c) = 0
8884  14:42:11.113917 write(0, "226 Transfer complete.\r\n", 24) = 24
8884  14:42:11.114095 write(5, "\n", 1 <unfinished ...>
8882  14:42:11.114138 <... read resumed> "\n", 1) = 1
8884  14:42:11.114159 <... write resumed> ) = 1
8882  14:42:11.114185 close(5)          = 0
8882  14:42:11.114234 write(4, "\1", 1) = 1
8882  14:42:11.114281 read(4,  <unfinished ...>
8884  14:42:11.114311 read(5, "\1", 1)  = 1
8884  14:42:11.114359 close(4)          = 0
8884  14:42:11.114405 rt_sigaction(SIGALRM, {0x805cad0, ~[RTMIN RT_1], 0}, NULL, 8) = 0
8884  14:42:11.114464 alarm(300)        = 0
8884  14:42:11.114512 recv(0, "TYPE I\r\n", 4096, MSG_PEEK) = 8
8884  14:42:11.639234 read(0, "TYPE I\r\n", 8) = 8
8884  14:42:11.639469 write(0, "200 Switching to Binary mode.\r\n", 31) = 31
8884  14:42:11.639839 rt_sigaction(SIGALRM, {0x805cad0, ~[RTMIN RT_1], 0}, NULL, 8) = 0
8884  14:42:11.639954 alarm(300)        = 299
8884  14:42:11.640008 recv(0, "PASV\r\n", 4096, MSG_PEEK) = 6
8884  14:42:11.640059 read(0, "PASV\r\n", 6) = 6
8884  14:42:11.640112 write(5, "\n", 1 <unfinished ...>
8882  14:42:11.640153 <... read resumed> "\n", 1) = 1
8884  14:42:11.640174 <... write resumed> ) = 1
8882  14:42:11.640225 write(4, "\1", 1) = 1
8882  14:42:11.640274 read(4,  <unfinished ...>
8884  14:42:11.640304 read(5, "\1", 1)  = 1
8884  14:42:11.640354 write(5, "\f", 1 <unfinished ...>
8882  14:42:11.640384 <... read resumed> "\f", 1) = 1
8884  14:42:11.640404 <... write resumed> ) = 1
8882  14:42:11.640434 socket(PF_INET, SOCK_STREAM, IPPROTO_TCP) = 5
8882  14:42:11.640492 setsockopt(5, SOL_SOCKET, SO_REUSEADDR, [1], 4) = 0
8882  14:42:11.640550 bind(5, {sa_family=AF_INET, sin_port=htons(35665), sin_addr=inet_addr("127.0.0.1")}, 16) = 0
8882  14:42:11.640616 listen(5, 1)      = 0
8882  14:42:11.640711 write(4, "Q\213\0\0", 4) = 4
8882  14:42:11.640771 read(4,  <unfinished ...>
8884  14:42:11.640802 read(5, "Q\213\0\0", 4) = 4
8884  14:42:11.640871 write(0, "227 Entering Passive Mode (127,0,0,1,139,81).\r\n", 47) = 47
8884  14:42:11.641284 rt_sigaction(SIGALRM, {0x805cad0, ~[RTMIN RT_1], 0}, NULL, 8) = 0
8884  14:42:11.641358 alarm(300)        = 300
8884  14:42:11.641408 recv(0, "STOR myfile5\r\n", 4096, MSG_PEEK) = 14
8884  14:42:11.641461 read(0, "STOR myfile5\r\n", 14) = 14
8884  14:42:11.641519 write(5, "\v", 1 <unfinished ...>
8882  14:42:11.641554 <... read resumed> "\v", 1) = 1
8884  14:42:11.641574 <... write resumed> ) = 1
8882  14:42:11.641601 write(4, "\1\0\0\0", 4) = 4
8882  14:42:11.641699 read(4,  <unfinished ...>
8884  14:42:11.641734 read(5, "\1\0\0\0", 4) = 4
8884  14:42:11.641858 gettimeofday({1495651331, 641879}, NULL) = 0
8884  14:42:11.641912 getcwd("/home/msfadmin", 4096) = 15
8884  14:42:11.641966 open("myfile5", O_WRONLY|O_CREAT|O_NONBLOCK|O_LARGEFILE, 0666) = 4
8884  14:42:11.642024 fstat64(4, {st_mode=S_IFREG|0644, st_size=17, ...}) = 0
8884  14:42:11.642098 fcntl64(4, F_GETFL) = 0x8801 (flags O_WRONLY|O_NONBLOCK|O_LARGEFILE)
8884  14:42:11.642146 fcntl64(4, F_SETFL, O_WRONLY|O_LARGEFILE) = 0
8884  14:42:11.642189 fcntl64(4, F_SETLKW64, {type=F_WRLCK, whence=SEEK_SET, start=0, len=0}, 0xbfb83d74) = 0
8884  14:42:11.642247 ftruncate64(4, 0) = 0
