8411  14:37:12.316721 geteuid32()       = 0
8411  14:37:12.316739 getegid32()       = 0
8411  14:37:12.316757 setregid32(-1, 1000) = 0
8411  14:37:12.316774 setreuid32(-1, 1000) = 0
8411  14:37:12.316792 chdir("/home/msfadmin") = 0
8411  14:37:12.316811 setreuid32(-1, 0) = 0
8411  14:37:12.316826 setregid32(-1, 0) = 0
8411  14:37:12.316844 setgid32(1000)    = 0
8411  14:37:12.316860 setuid32(1000)    = 0
8411  14:37:12.316876 setrlimit(RLIMIT_NPROC, {rlim_cur=0, rlim_max=0}) = 0
8411  14:37:12.316899 mmap2(NULL, 12288, PROT_READ|PROT_WRITE, MAP_PRIVATE|MAP_ANONYMOUS, -1, 0) = 0xb7ef9000
8411  14:37:12.316918 mprotect(0xb7efb000, 4096, PROT_NONE) = 0
8411  14:37:12.316958 mprotect(0xb7ef9000, 4096, PROT_NONE) = 0
8411  14:37:12.316981 getcwd("/home/msfadmin", 4096) = 15
8411  14:37:12.317004 umask(022)        = 077
8411  14:37:12.317020 getcwd("/home/msfadmin", 4096) = 15
8411  14:37:12.317043 open(".message", O_RDONLY|O_NONBLOCK|O_LARGEFILE) = -1 ENOENT (No such file or directory)
8411  14:37:12.317080 write(0, "230 Login successful.\r\n", 23) = 23
8411  14:37:12.317247 rt_sigaction(SIGALRM, {0x805cad0, ~[RTMIN RT_1], 0}, NULL, 8) = 0
8411  14:37:12.317276 alarm(300)        = 0
8411  14:37:12.317294 mmap2(NULL, 12288, PROT_READ|PROT_WRITE, MAP_PRIVATE|MAP_ANONYMOUS, -1, 0) = 0xb7ef6000
8411  14:37:12.317313 mprotect(0xb7ef8000, 4096, PROT_NONE) = 0
8411  14:37:12.317331 mprotect(0xb7ef6000, 4096, PROT_NONE) = 0
8411  14:37:12.317353 recv(0, "TYPE I\r\n", 4096, MSG_PEEK) = 8
8411  14:37:12.317374 read(0, "TYPE I\r\n", 8) = 8
8411  14:37:12.317402 write(0, "200 Switching to Binary mode.\r\n", 31) = 31
8411  14:37:12.317473 rt_sigaction(SIGALRM, {0x805cad0, ~[RTMIN RT_1], 0}, NULL, 8) = 0
8411  14:37:12.317497 alarm(300)        = 300
8411  14:37:12.317516 recv(0, "PASV\r\n", 4096, MSG_PEEK) = 6
8411  14:37:12.317534 read(0, "PASV\r\n", 6) = 6
8411  14:37:12.317553 write(5, "\n", 1) = 1
8411  14:37:12.317571 read(5,  <unfinished ...>
8409  14:37:12.317592 close(5)          = 0
8409  14:37:12.317612 getuid32()        = 0
8409  14:37:12.317637 open("/etc/passwd", O_RDONLY|0x80000 /* O_??? */) = 5
8409  14:37:12.317661 _llseek(5, 0, [0], SEEK_CUR) = 0
8409  14:37:12.317682 fstat64(5, {st_mode=S_IFREG|0644, st_size=1624, ...}) = 0
8409  14:37:12.317711 mmap2(NULL, 1624, PROT_READ, MAP_SHARED, 5, 0) = 0xb7efb000
8409  14:37:12.317729 _llseek(5, 1624, [1624], SEEK_SET) = 0
8409  14:37:12.317758 munmap(0xb7efb000, 1624) = 0
8409  14:37:12.317777 close(5)          = 0
8409  14:37:12.317803 setgroups32(0, []) = 0
8409  14:37:12.317821 chdir("/usr/share/empty") = 0
8409  14:37:12.317842 chroot(".")       = 0
8409  14:37:12.317860 capset(NULL, NULL) = -1 EFAULT (Bad address)
8409  14:37:12.317882 prctl(0x8, 0, 0xbfa1dcc8, 0x80549a6, 0xbfa1dcb0) = 0
8409  14:37:12.318033 prctl(0x8, 0x1, 0xbfa1dcc8, 0x8054a49, 0xbfa1dcb0) = 0
8409  14:37:12.318055 setgid32(65534)   = 0
8409  14:37:12.318072 setuid32(65534)   = 0
8409  14:37:12.318088 capset(0x19980330, 0, {CAP_NET_BIND_SERVICE, CAP_NET_BIND_SERVICE, 0}) = 0
8409  14:37:12.318109 read(4, "\n", 1)  = 1
8409  14:37:12.318132 write(4, "\1", 1) = 1
8411  14:37:12.318150 <... read resumed> "\1", 1) = 1
8411  14:37:12.318162 write(5, "\f", 1) = 1
8411  14:37:12.318178 read(5,  <unfinished ...>
8409  14:37:12.318190 read(4, "\f", 1)  = 1
8409  14:37:12.318210 socket(PF_INET, SOCK_STREAM, IPPROTO_TCP) = 5
8409  14:37:12.318233 setsockopt(5, SOL_SOCKET, SO_REUSEADDR, [1], 4) = 0
8409  14:37:12.318252 gettimeofday({1495651032, 318258}, NULL) = 0
8409  14:37:12.318280 bind(5, {sa_family=AF_INET, sin_port=htons(27932), sin_addr=inet_addr("127.0.0.1")}, 16) = 0
8409  14:37:12.318306 listen(5, 1)      = 0
8409  14:37:12.318328 write(4, "\34m\0\0", 4) = 4
8411  14:37:12.318345 <... read resumed> "\34m\0\0", 4) = 4
8411  14:37:12.318368 write(0, "227 Entering Passive Mode (127,0,0,1,109,28).\r\n", 47) = 47
8411  14:37:12.318802 rt_sigaction(SIGALRM, {0x805cad0, ~[RTMIN RT_1], 0}, NULL, 8) = 0
8411  14:37:12.318835 alarm(300)        = 300
8411  14:37:12.318854 recv(0, "STOR myfile6\r\n", 4096, MSG_PEEK) = 14
8411  14:37:12.318874 read(0, "STOR myfile6\r\n", 14) = 14
8411  14:37:12.318899 write(5, "\v", 1) = 1
8411  14:37:12.318917 read(5,  <unfinished ...>
8409  14:37:12.318929 read(4, "\v", 1)  = 1
8409  14:37:12.318947 write(4, "\1\0\0\0", 4) = 4
8411  14:37:12.318964 <... read resumed> "\1\0\0\0", 4) = 4
8411  14:37:12.318978 gettimeofday({1495651032, 318984}, NULL) = 0
8411  14:37:12.318996 getcwd("/home/msfadmin", 4096) = 15
8411  14:37:12.319016 open("myfile6", O_WRONLY|O_CREAT|O_NONBLOCK|O_LARGEFILE, 0666) = 4
8411  14:37:12.319039 fstat64(4, {st_mode=S_IFREG|0644, st_size=17, ...}) = 0
8411  14:37:12.319066 fcntl64(4, F_GETFL) = 0x8801 (flags O_WRONLY|O_NONBLOCK|O_LARGEFILE)
8411  14:37:12.319084 fcntl64(4, F_SETFL, O_WRONLY|O_LARGEFILE) = 0
8411  14:37:12.319101 fcntl64(4, F_SETLKW64, {type=F_WRLCK, whence=SEEK_SET, start=0, len=0}, 0xbfa1dc14) = 0
8411  14:37:12.319126 ftruncate64(4, 0) = 0
8411  14:37:12.319178 _llseek(4, 0, [0], SEEK_SET) = 0
8411  14:37:12.319202 write(5, "\v", 1) = 1
8411  14:37:12.319220 read(5,  <unfinished ...>
8409  14:37:12.319231 read(4, "\v", 1)  = 1
8409  14:37:12.319250 write(4, "\1\0\0\0", 4) = 4
8411  14:37:12.319267 <... read resumed> "\1\0\0\0", 4) = 4
8411  14:37:12.319279 write(5, "\v", 1) = 1
8411  14:37:12.319295 read(5,  <unfinished ...>
8409  14:37:12.319306 read(4, "\v", 1)  = 1
8409  14:37:12.319324 write(4, "\1\0\0\0", 4) = 4
8411  14:37:12.319340 <... read resumed> "\1\0\0\0", 4) = 4
8411  14:37:12.319352 write(5, "\r", 1) = 1
8411  14:37:12.319368 read(5,  <unfinished ...>
8409  14:37:12.319379 read(4, "\r", 1)  = 1
8409  14:37:12.319400 select(6, [5], NULL, NULL, {60, 0}) = 1 (in [5], left {60, 0})
8409  14:37:12.319436 accept(5, {sa_family=AF_INET, sin_port=htons(44952), sin_addr=inet_addr("127.0.0.1")}, [16]) = 6
8409  14:37:12.319473 write(4, "\1", 1) = 1
8411  14:37:12.319490 <... read resumed> "\1", 1) = 1
8411  14:37:12.319506 recvmsg(5,  <unfinished ...>
8409  14:37:12.319521 sendmsg(4, {msg_name(0)=NULL, msg_iov(1)=[{"\0", 1}], msg_controllen=16, {cmsg_len=16, cmsg_level=SOL_SOCKET, cmsg_type=SCM_RIGHTS, {6}}, msg_flags=0}, 0) = 1
8411  14:37:12.319550 <... recvmsg resumed> {msg_name(0)=NULL, msg_iov(1)=[{"\0", 1}], msg_controllen=16, {cmsg_len=16, cmsg_level=SOL_SOCKET, cmsg_type=SCM_RIGHTS, {6}}, msg_flags=0}, 0) = 1
8411  14:37:12.319572 setsockopt(6, SOL_SOCKET, SO_KEEPALIVE, [1], 4) = 0
8411  14:37:12.319592 setsockopt(6, SOL_IP, IP_TOS, [8], 4) = 0
8411  14:37:12.319611 setsockopt(6, SOL_SOCKET, SO_LINGER, {onoff=1, linger=32767}, 8) = 0
8411  14:37:12.319629 rt_sigaction(SIGALRM, {0x805cad0, ~[RTMIN RT_1], 0}, NULL, 8) = 0
8411  14:37:12.319651 alarm(300)        = 300
8411  14:37:12.319672 write(0, "150 Ok to send data.\r\n", 22) = 22
8411  14:37:12.319777 mmap2(NULL, 77824, PROT_READ|PROT_WRITE, MAP_PRIVATE|MAP_ANONYMOUS, -1, 0) = 0xb7d30000
8411  14:37:12.319800 mprotect(0xb7d42000, 4096, PROT_NONE) = 0
8411  14:37:12.319819 mprotect(0xb7d30000, 4096, PROT_NONE) = 0
8411  14:37:12.319836 read(6, "assasaaa\na\na\na\na\n", 65536) = 17
8411  14:37:12.319858 write(4, "assasaaa\na\na\na\na\n", 17) = 17
8411  14:37:12.319883 read(6, "", 65536) = 0
8411  14:37:12.319900 rt_sigaction(SIGALRM, {0x805cad0, ~[RTMIN RT_1], 0}, NULL, 8) = 0
8411  14:37:12.319922 alarm(300)        = 300
8411  14:37:12.319938 close(6)          = 0
8411  14:37:12.319953 alarm(0)          = 300
8411  14:37:12.319968 gettimeofday({1495651032, 319974}, NULL) = 0
8411  14:37:12.319997 getpid()          = 8411
8411  14:37:12.320016 gettimeofday({1495651032, 320022}, NULL) = 0
8411  14:37:12.320044 fcntl64(3, F_SETLKW64, {type=F_WRLCK, whence=SEEK_SET, start=0, len=0}, 0xbfa1dbb4) = 0
8411  14:37:12.320068 write(3, "Wed May 24 14:37:12 2017 [pid 8411] [msfadmin] OK UPLOAD: Client \"127.0.0.1\", \"/home/msfadmin/myfile6\", 17 bytes, 15.99Kbyte/sec\n", 129) = 129
8411  14:37:12.320100 fcntl64(3, F_SETLK64, {type=F_UNLCK, whence=SEEK_SET, start=0, len=0}, 0xbfa1dbbc) = 0
8411  14:37:12.320124 write(0, "226 Transfer complete.\r\n", 24) = 24
8411  14:37:12.320205 write(5, "\n", 1) = 1
8411  14:37:12.320226 read(5,  <unfinished ...>
8409  14:37:12.320237 close(6)          = 0
8409  14:37:12.320267 read(4, "\n", 1)  = 1
8409  14:37:12.320286 close(5)          = 0
8409  14:37:12.320304 write(4, "\1", 1) = 1
8411  14:37:12.320321 <... read resumed> "\1", 1) = 1
8411  14:37:12.320333 close(4)          = 0
8411  14:37:12.320350 rt_sigaction(SIGALRM, {0x805cad0, ~[RTMIN RT_1], 0}, NULL, 8) = 0
8411  14:37:12.320372 alarm(300)        = 0
8411  14:37:12.320390 recv(0,  <unfinished ...>
8409  14:37:12.320403 read(4,  <unfinished ...>
8411  14:37:12.849313 <... recv resumed> "TYPE I\r\n", 4096, MSG_PEEK) = 8
8411  14:37:12.849407 read(0, "TYPE I\r\n", 8) = 8
8411  14:37:12.849490 write(0, "200 Switching to Binary mode.\r\n", 31) = 31
8411  14:37:12.849747 rt_sigaction(SIGALRM, {0x805cad0, ~[RTMIN RT_1], 0}, NULL, 8) = 0
8411  14:37:12.849823 alarm(300)        = 299
8411  14:37:12.849876 recv(0, "PASV\r\n", 4096, MSG_PEEK) = 6
8411  14:37:12.849927 read(0, "PASV\r\n", 6) = 6
8411  14:37:12.849979 write(5, "\n", 1) = 1
8411  14:37:12.850032 read(5,  <unfinished ...>
8409  14:37:12.850105 <... read resumed> "\n", 1) = 1
8409  14:37:12.850157 write(4, "\1", 1) = 1
8411  14:37:12.850205 <... read resumed> "\1", 1) = 1
8411  14:37:12.850236 write(5, "\f", 1) = 1
8411  14:37:12.850279 read(5,  <unfinished ...>
8409  14:37:12.850308 read(4, "\f", 1)  = 1
8409  14:37:12.850360 socket(PF_INET, SOCK_STREAM, IPPROTO_TCP) = 5
8409  14:37:12.850420 setsockopt(5, SOL_SOCKET, SO_REUSEADDR, [1], 4) = 0
8409  14:37:12.850480 bind(5, {sa_family=AF_INET, sin_port=htons(56810), sin_addr=inet_addr("127.0.0.1")}, 16) = 0
8409  14:37:12.850608 listen(5, 1)      = 0
8409  14:37:12.850674 write(4, "\352\335\0\0", 4) = 4
8411  14:37:12.850725 <... read resumed> "\352\335\0\0", 4) = 4
8411  14:37:12.850780 write(0, "227 Entering Passive Mode (127,0,0,1,221,234).\r\n", 48) = 48
8411  14:37:12.851272 rt_sigaction(SIGALRM, {0x805cad0, ~[RTMIN RT_1], 0}, NULL, 8) = 0
8411  14:37:12.851350 alarm(300)        = 300
8411  14:37:12.851401 recv(0, "STOR myfile7\r\n", 4096, MSG_PEEK) = 14
8411  14:37:12.851454 read(0, "STOR myfile7\r\n", 14) = 14
8411  14:37:12.851512 write(5, "\v", 1) = 1
8411  14:37:12.851613 read(5,  <unfinished ...>
8409  14:37:12.851654 read(4, "\v", 1)  = 1
8409  14:37:12.851705 write(4, "\1\0\0\0", 4) = 4
8411  14:37:12.851752 <... read resumed> "\1\0\0\0", 4) = 4
8411  14:37:12.851785 gettimeofday({1495651032, 851801}, NULL) = 0
8411  14:37:12.851832 getcwd("/home/msfadmin", 4096) = 15
8411  14:37:12.851885 open("myfile7", O_WRONLY|O_CREAT|O_NONBLOCK|O_LARGEFILE, 0666) = 4
8411  14:37:12.851942 fstat64(4, {st_mode=S_IFREG|0644, st_size=17, ...}) = 0
8411  14:37:12.852016 fcntl64(4, F_GETFL) = 0x8801 (flags O_WRONLY|O_NONBLOCK|O_LARGEFILE)
8411  14:37:12.852107 fcntl64(4, F_SETFL, O_WRONLY|O_LARGEFILE) = 0
8411  14:37:12.852153 fcntl64(4, F_SETLKW64, {type=F_WRLCK, whence=SEEK_SET, start=0, len=0}, 0xbfa1dc14) = 0
8411  14:37:12.852213 ftruncate64(4, 0) = 0
8411  14:37:12.852284 _llseek(4, 0, [0], SEEK_SET) = 0
8411  14:37:12.852331 write(5, "\v", 1) = 1
8411  14:37:12.852376 read(5,  <unfinished ...>
8409  14:37:12.852408 read(4, "\v", 1)  = 1
8409  14:37:12.852456 write(4, "\1\0\0\0", 4) = 4
8411  14:37:12.852501 <... read resumed> "\1\0\0\0", 4) = 4
8411  14:37:12.852533 write(5, "\v", 1) = 1
8411  14:37:12.852619 read(5,  <unfinished ...>
8409  14:37:12.852651 read(4, "\v", 1)  = 1
8409  14:37:12.852698 write(4, "\1\0\0\0", 4) = 4
8411  14:37:12.852742 <... read resumed> "\1\0\0\0", 4) = 4
8411  14:37:12.852773 write(5, "\r", 1) = 1
8411  14:37:12.852816 read(5,  <unfinished ...>
8409  14:37:12.852844 read(4, "\r", 1)  = 1
8409  14:37:12.852894 select(6, [5], NULL, NULL, {60, 0}) = 1 (in [5], left {60, 0})
8409  14:37:12.852963 accept(5, {sa_family=AF_INET, sin_port=htons(53664), sin_addr=inet_addr("127.0.0.1")}, [16]) = 6
8409  14:37:12.853116 write(4, "\1", 1) = 1
8411  14:37:12.853167 <... read resumed> "\1", 1) = 1
8411  14:37:12.853204 recvmsg(5,  <unfinished ...>
8409  14:37:12.853241 sendmsg(4, {msg_name(0)=NULL, msg_iov(1)=[{"\0", 1}], msg_controllen=16, {cmsg_len=16, cmsg_level=SOL_SOCKET, cmsg_type=SCM_RIGHTS, {6}}, msg_flags=0}, 0) = 1
8411  14:37:12.853315 <... recvmsg resumed> {msg_name(0)=NULL, msg_iov(1)=[{"\0", 1}], msg_controllen=16, {cmsg_len=16, cmsg_level=SOL_SOCKET, cmsg_type=SCM_RIGHTS, {6}}, msg_flags=0}, 0) = 1
8411  14:37:12.853373 setsockopt(6, SOL_SOCKET, SO_KEEPALIVE, [1], 4) = 0
8411  14:37:12.853426 setsockopt(6, SOL_IP, IP_TOS, [8], 4) = 0
8411  14:37:12.853476 setsockopt(6, SOL_SOCKET, SO_LINGER, {onoff=1, linger=32767}, 8) = 0
8411  14:37:12.853524 rt_sigaction(SIGALRM, {0x805cad0, ~[RTMIN RT_1], 0}, NULL, 8) = 0
8411  14:37:12.853623 alarm(300)        = 300
8411  14:37:12.853680 write(0, "150 Ok to send data.\r\n", 22) = 22
8411  14:37:12.853946 read(6, "assasaaa\na\na\na\na\n", 65536) = 17
8411  14:37:12.854009 write(4, "assasaaa\na\na\na\na\n", 17) = 17
8411  14:37:12.854127 read(6, "", 65536) = 0
8411  14:37:12.854177 rt_sigaction(SIGALRM, {0x805cad0, ~[RTMIN RT_1], 0}, NULL, 8) = 0
8411  14:37:12.854236 alarm(300)        = 300
8411  14:37:12.854278 close(6)          = 0
8411  14:37:12.854318 alarm(0)          = 300
8411  14:37:12.854358 gettimeofday({1495651032, 854373}, NULL) = 0
8411  14:37:12.854420 gettimeofday({1495651032, 854436}, NULL) = 0
8411  14:37:12.854474 fcntl64(3, F_SETLKW64, {type=F_WRLCK, whence=SEEK_SET, start=0, len=0}, 0xbfa1dbb4) = 0
8411  14:37:12.854573 write(3, "Wed May 24 14:37:12 2017 [pid 8411] [msfadmin] OK UPLOAD: Client \"127.0.0.1\", \"/home/msfadmin/myfile7\", 17 bytes, 6.30Kbyte/sec\n", 128) = 128
8411  14:37:12.854667 fcntl64(3, F_SETLK64, {type=F_UNLCK, whence=SEEK_SET, start=0, len=0}, 0xbfa1dbbc) = 0
8411  14:37:12.854748 write(0, "226 Transfer complete.\r\n", 24) = 24
8411  14:37:12.854926 write(5, "\n", 1) = 1
8411  14:37:12.854978 read(5,  <unfinished ...>
8409  14:37:12.855008 close(6)          = 0
8409  14:37:12.855138 read(4, "\n", 1)  = 1
8409  14:37:12.855194 close(5)          = 0
8409  14:37:12.855241 write(4, "\1", 1) = 1
8411  14:37:12.855286 <... read resumed> "\1", 1) = 1
8411  14:37:12.855317 close(4)          = 0
8411  14:37:12.855363 rt_sigaction(SIGALRM, {0x805cad0, ~[RTMIN RT_1], 0}, NULL, 8) = 0
8411  14:37:12.855420 alarm(300)        = 0
8411  14:37:12.855468 recv(0,  <unfinished ...>
8409  14:37:12.855501 read(4,  <unfinished ...>
8411  14:37:13.368871 <... recv resumed> "TYPE I\r\n", 4096, MSG_PEEK) = 8
8411  14:37:13.368932 read(0, "TYPE I\r\n", 8) = 8
8411  14:37:13.368984 write(0, "200 Switching to Binary mode.\r\n", 31) = 31
8411  14:37:13.369099 rt_sigaction(SIGALRM, {0x805cad0, ~[RTMIN RT_1], 0}, NULL, 8) = 0
8411  14:37:13.369143 alarm(300)        = 299
8411  14:37:13.369176 recv(0, "PASV\r\n", 4096, MSG_PEEK) = 6
8411  14:37:13.369206 read(0, "PASV\r\n", 6) = 6
8411  14:37:13.369238 write(5, "\n", 1) = 1
8411  14:37:13.369270 read(5,  <unfinished ...>
8409  14:37:13.369290 <... read resumed> "\n", 1) = 1
8409  14:37:13.369312 write(4, "\1", 1) = 1
8411  14:37:13.369340 <... read resumed> "\1", 1) = 1
8411  14:37:13.369359 write(5, "\f", 1) = 1
8411  14:37:13.369385 read(5,  <unfinished ...>
8409  14:37:13.369403 read(4, "\f", 1)  = 1
8409  14:37:13.369434 socket(PF_INET, SOCK_STREAM, IPPROTO_TCP) = 5
8409  14:37:13.369471 setsockopt(5, SOL_SOCKET, SO_REUSEADDR, [1], 4) = 0
8409  14:37:13.369506 bind(5, {sa_family=AF_INET, sin_port=htons(40909), sin_addr=inet_addr("127.0.0.1")}, 16) = 0
8409  14:37:13.369581 listen(5, 1)      = 0
8409  14:37:13.369624 write(4, "\315\237\0\0", 4) = 4
8411  14:37:13.369655 <... read resumed> "\315\237\0\0", 4) = 4
8411  14:37:13.369687 write(0, "227 Entering Passive Mode (127,0,0,1,159,205).\r\n", 48) = 48
8411  14:37:13.369952 rt_sigaction(SIGALRM, {0x805cad0, ~[RTMIN RT_1], 0}, NULL, 8) = 0
8411  14:37:13.369997 alarm(300)        = 300
8411  14:37:13.370028 recv(0, "STOR myfile8\r\n", 4096, MSG_PEEK) = 14
8411  14:37:13.370060 read(0, "STOR myfile8\r\n", 14) = 14
8411  14:37:13.370096 write(5, "\v", 1) = 1
8411  14:37:13.370124 read(5,  <unfinished ...>
8409  14:37:13.370143 read(4, "\v", 1)  = 1
8409  14:37:13.370172 write(4, "\1\0\0\0", 4) = 4
8411  14:37:13.370200 <... read resumed> "\1\0\0\0", 4) = 4
8411  14:37:13.370221 gettimeofday({1495651033, 370230}, NULL) = 0
8411  14:37:13.370249 getcwd("/home/msfadmin", 4096) = 15
8411  14:37:13.370281 open("myfile8", O_WRONLY|O_CREAT|O_NONBLOCK|O_LARGEFILE, 0666) = 4
8411  14:37:13.370317 fstat64(4, {st_mode=S_IFREG|0644, st_size=17, ...}) = 0
8411  14:37:13.370363 fcntl64(4, F_GETFL) = 0x8801 (flags O_WRONLY|O_NONBLOCK|O_LARGEFILE)
8411  14:37:13.370392 fcntl64(4, F_SETFL, O_WRONLY|O_LARGEFILE) = 0
8411  14:37:13.370419 fcntl64(4, F_SETLKW64, {type=F_WRLCK, whence=SEEK_SET, start=0, len=0}, 0xbfa1dc14) = 0
8411  14:37:13.370455 ftruncate64(4, 0) = 0
8411  14:37:13.370501 _llseek(4, 0, [0], SEEK_SET) = 0
8411  14:37:13.370568 write(5, "\v", 1) = 1
8411  14:37:13.370598 read(5,  <unfinished ...>
8409  14:37:13.370618 read(4, "\v", 1)  = 1
8409  14:37:13.370648 write(4, "\1\0\0\0", 4) = 4
8411  14:37:13.370676 <... read resumed> "\1\0\0\0", 4) = 4
8411  14:37:13.370695 write(5, "\v", 1) = 1
8411  14:37:13.370721 read(5,  <unfinished ...>
8409  14:37:13.370739 read(4, "\v", 1)  = 1
8409  14:37:13.370767 write(4, "\1\0\0\0", 4) = 4
8411  14:37:13.370794 <... read resumed> "\1\0\0\0", 4) = 4
8411  14:37:13.370813 write(5, "\r", 1) = 1
8411  14:37:13.370839 read(5,  <unfinished ...>
8409  14:37:13.370856 read(4, "\r", 1)  = 1
8409  14:37:13.370887 select(6, [5], NULL, NULL, {60, 0}) = 1 (in [5], left {60, 0})
8409  14:37:13.370930 accept(5, {sa_family=AF_INET, sin_port=htons(47501), sin_addr=inet_addr("127.0.0.1")}, [16]) = 6
8409  14:37:13.370989 write(4, "\1", 1) = 1
8411  14:37:13.371032 <... read resumed> "\1", 1) = 1
8411  14:37:13.371055 recvmsg(5,  <unfinished ...>
8409  14:37:13.371078 sendmsg(4, {msg_name(0)=NULL, msg_iov(1)=[{"\0", 1}], msg_controllen=16, {cmsg_len=16, cmsg_level=SOL_SOCKET, cmsg_type=SCM_RIGHTS, {6}}, msg_flags=0}, 0) = 1
8411  14:37:13.371123 <... recvmsg resumed> {msg_name(0)=NULL, msg_iov(1)=[{"\0", 1}], msg_controllen=16, {cmsg_len=16, cmsg_level=SOL_SOCKET, cmsg_type=SCM_RIGHTS, {6}}, msg_flags=0}, 0) = 1
8411  14:37:13.371158 setsockopt(6, SOL_SOCKET, SO_KEEPALIVE, [1], 4) = 0
8411  14:37:13.371190 setsockopt(6, SOL_IP, IP_TOS, [8], 4) = 0
8411  14:37:13.371221 setsockopt(6, SOL_SOCKET, SO_LINGER, {onoff=1, linger=32767}, 8) = 0
8411  14:37:13.371250 rt_sigaction(SIGALRM, {0x805cad0, ~[RTMIN RT_1], 0}, NULL, 8) = 0
8411  14:37:13.371285 alarm(300)        = 300
8411  14:37:13.371319 write(0, "150 Ok to send data.\r\n", 22) = 22
8411  14:37:13.371650 read(6, "assasaaa\na\na\na\na\n", 65536) = 17
8411  14:37:13.371692 write(4, "assasaaa\na\na\na\na\n", 17) = 17
8411  14:37:13.371735 read(6, "", 65536) = 0
8411  14:37:13.371763 rt_sigaction(SIGALRM, {0x805cad0, ~[RTMIN RT_1], 0}, NULL, 8) = 0
8411  14:37:13.371800 alarm(300)        = 300
8411  14:37:13.371826 close(6)          = 0
8411  14:37:13.371850 alarm(0)          = 300
8411  14:37:13.371875 gettimeofday({1495651033, 371884}, NULL) = 0
8411  14:37:13.371914 gettimeofday({1495651033, 371924}, NULL) = 0
8411  14:37:13.371948 fcntl64(3, F_SETLKW64, {type=F_WRLCK, whence=SEEK_SET, start=0, len=0}, 0xbfa1dbb4) = 0
8411  14:37:13.371987 write(3, "Wed May 24 14:37:13 2017 [pid 8411] [msfadmin] OK UPLOAD: Client \"127.0.0.1\", \"/home/msfadmin/myfile8\", 17 bytes, 9.80Kbyte/sec\n", 128) = 128
8411  14:37:13.372040 fcntl64(3, F_SETLK64, {type=F_UNLCK, whence=SEEK_SET, start=0, len=0}, 0xbfa1dbbc) = 0
8411  14:37:13.372078 write(0, "226 Transfer complete.\r\n", 24) = 24
8411  14:37:13.372193 write(5, "\n", 1) = 1
8411  14:37:13.372225 read(5,  <unfinished ...>
8409  14:37:13.372246 close(6)          = 0
8409  14:37:13.372294 read(4, "\n", 1)  = 1
8409  14:37:13.372325 close(5)          = 0
8409  14:37:13.372354 write(4, "\1", 1) = 1
8411  14:37:13.372382 <... read resumed> "\1", 1) = 1
8411  14:37:13.372400 close(4)          = 0
8411  14:37:13.372428 rt_sigaction(SIGALRM, {0x805cad0, ~[RTMIN RT_1], 0}, NULL, 8) = 0
8411  14:37:13.372463 alarm(300)        = 0
8411  14:37:13.372493 recv(0,  <unfinished ...>
8409  14:37:13.372513 read(4,  <unfinished ...>
8411  14:37:13.919845 <... recv resumed> "TYPE I\r\n", 4096, MSG_PEEK) = 8
8411  14:37:13.920061 read(0, "TYPE I\r\n", 8) = 8
8411  14:37:13.920272 write(0, "200 Switching to Binary mode.\r\n", 31) = 31
8411  14:37:13.920748 rt_sigaction(SIGALRM, {0x805cad0, ~[RTMIN RT_1], 0}, NULL, 8) = 0
8411  14:37:13.920836 alarm(300)        = 299
8411  14:37:13.920890 recv(0, "PASV\r\n", 4096, MSG_PEEK) = 6
8411  14:37:13.920940 read(0, "PASV\r\n", 6) = 6
8411  14:37:13.920993 write(5, "\n", 1) = 1
8411  14:37:13.921043 read(5,  <unfinished ...>
8409  14:37:13.921075 <... read resumed> "\n", 1) = 1
8409  14:37:13.921110 write(4, "\1", 1) = 1
8411  14:37:13.921156 <... read resumed> "\1", 1) = 1
8411  14:37:13.921187 write(5, "\f", 1) = 1
8411  14:37:13.921230 read(5,  <unfinished ...>
8409  14:37:13.921259 read(4, "\f", 1)  = 1
8409  14:37:13.921309 socket(PF_INET, SOCK_STREAM, IPPROTO_TCP) = 5
8409  14:37:13.921369 setsockopt(5, SOL_SOCKET, SO_REUSEADDR, [1], 4) = 0
8409  14:37:13.921428 bind(5, {sa_family=AF_INET, sin_port=htons(22083), sin_addr=inet_addr("127.0.0.1")}, 16) = 0
8409  14:37:13.921492 listen(5, 1)      = 0
8409  14:37:13.921586 write(4, "CV\0\0", 4) = 4
8411  14:37:13.921650 <... read resumed> "CV\0\0", 4) = 4
8411  14:37:13.921703 write(0, "227 Entering Passive Mode (127,0,0,1,86,67).\r\n", 46) = 46
8411  14:37:13.922113 rt_sigaction(SIGALRM, {0x805cad0, ~[RTMIN RT_1], 0}, NULL, 8) = 0
8411  14:37:13.922186 alarm(300)        = 300
8411  14:37:13.922236 recv(0, "STOR myfile9\r\n", 4096, MSG_PEEK) = 14
8411  14:37:13.922289 read(0, "STOR myfile9\r\n", 14) = 14
8411  14:37:13.922371 write(5, "\v", 1) = 1
8411  14:37:13.922417 read(5,  <unfinished ...>
8409  14:37:13.922448 read(4, "\v", 1)  = 1
8409  14:37:13.922495 write(4, "\1\0\0\0", 4) = 4
8411  14:37:13.922599 <... read resumed> "\1\0\0\0", 4) = 4
8411  14:37:13.922639 gettimeofday({1495651033, 922655}, NULL) = 0
8411  14:37:13.922687 getcwd("/home/msfadmin", 4096) = 15
8411  14:37:13.922741 open("myfile9", O_WRONLY|O_CREAT|O_NONBLOCK|O_LARGEFILE, 0666) = 4
8411  14:37:13.922798 fstat64(4, {st_mode=S_IFREG|0644, st_size=17, ...}) = 0
8411  14:37:13.922872 fcntl64(4, F_GETFL) = 0x8801 (flags O_WRONLY|O_NONBLOCK|O_LARGEFILE)
8411  14:37:13.922919 fcntl64(4, F_SETFL, O_WRONLY|O_LARGEFILE) = 0
8411  14:37:13.922963 fcntl64(4, F_SETLKW64, {type=F_WRLCK, whence=SEEK_SET, start=0, len=0}, 0xbfa1dc14) = 0
8411  14:37:13.923021 ftruncate64(4, 0) = 0
8411  14:37:13.923090 _llseek(4, 0, [0], SEEK_SET) = 0
8411  14:37:13.923138 write(5, "\v", 1) = 1
8411  14:37:13.923182 read(5,  <unfinished ...>
8409  14:37:13.923213 read(4, "\v", 1)  = 1
8409  14:37:13.923261 write(4, "\1\0\0\0", 4) = 4
8411  14:37:13.923306 <... read resumed> "\1\0\0\0", 4) = 4
8411  14:37:13.923338 write(5, "\v", 1) = 1
8411  14:37:13.923380 read(5,  <unfinished ...>
8409  14:37:13.923408 read(4, "\v", 1)  = 1
8409  14:37:13.923454 write(4, "\1\0\0\0", 4) = 4
8411  14:37:13.923541 <... read resumed> "\1\0\0\0", 4) = 4
8411  14:37:13.923579 write(5, "\r", 1) = 1
8411  14:37:13.923622 read(5,  <unfinished ...>
8409  14:37:13.923651 read(4, "\r", 1)  = 1
8409  14:37:13.923701 select(6, [5], NULL, NULL, {60, 0}) = 1 (in [5], left {60, 0})
8409  14:37:13.923770 accept(5, {sa_family=AF_INET, sin_port=htons(35221), sin_addr=inet_addr("127.0.0.1")}, [16]) = 6
8409  14:37:13.923866 write(4, "\1", 1) = 1
8411  14:37:13.923910 <... read resumed> "\1", 1) = 1
8411  14:37:13.923947 recvmsg(5,  <unfinished ...>
8409  14:37:13.923983 sendmsg(4, {msg_name(0)=NULL, msg_iov(1)=[{"\0", 1}], msg_controllen=16, {cmsg_len=16, cmsg_level=SOL_SOCKET, cmsg_type=SCM_RIGHTS, {6}}, msg_flags=0}, 0) = 1
8411  14:37:13.924056 <... recvmsg resumed> {msg_name(0)=NULL, msg_iov(1)=[{"\0", 1}], msg_controllen=16, {cmsg_len=16, cmsg_level=SOL_SOCKET, cmsg_type=SCM_RIGHTS, {6}}, msg_flags=0}, 0) = 1
8411  14:37:13.924112 setsockopt(6, SOL_SOCKET, SO_KEEPALIVE, [1], 4) = 0
8411  14:37:13.924165 setsockopt(6, SOL_IP, IP_TOS, [8], 4) = 0
8411  14:37:13.924216 setsockopt(6, SOL_SOCKET, SO_LINGER, {onoff=1, linger=32767}, 8) = 0
8411  14:37:13.924264 rt_sigaction(SIGALRM, {0x805cad0, ~[RTMIN RT_1], 0}, NULL, 8) = 0
8411  14:37:13.924321 alarm(300)        = 300
8411  14:37:13.924376 write(0, "150 Ok to send data.\r\n", 22) = 22
8411  14:37:13.924711 read(6, "assasaaa\na\na\na\na\n", 65536) = 17
8411  14:37:13.924777 write(4, "assasaaa\na\na\na\na\n", 17) = 17
8411  14:37:13.924845 read(6, "", 65536) = 0
8411  14:37:13.924889 rt_sigaction(SIGALRM, {0x805cad0, ~[RTMIN RT_1], 0}, NULL, 8) = 0
8411  14:37:13.924948 alarm(300)        = 300
8411  14:37:13.924991 close(6)          = 0
8411  14:37:13.925030 alarm(0)          = 300
8411  14:37:13.925070 gettimeofday({1495651033, 925085}, NULL) = 0
8411  14:37:13.925132 gettimeofday({1495651033, 925148}, NULL) = 0
8411  14:37:13.925187 fcntl64(3, F_SETLKW64, {type=F_WRLCK, whence=SEEK_SET, start=0, len=0}, 0xbfa1dbb4) = 0
8411  14:37:13.925248 write(3, "Wed May 24 14:37:13 2017 [pid 8411] [msfadmin] OK UPLOAD: Client \"127.0.0.1\", \"/home/msfadmin/myfile9\", 17 bytes, 6.66Kbyte/sec\n", 128) = 128
8411  14:37:13.925333 fcntl64(3, F_SETLK64, {type=F_UNLCK, whence=SEEK_SET, start=0, len=0}, 0xbfa1dbbc) = 0
8411  14:37:13.925395 write(0, "226 Transfer complete.\r\n", 24) = 24
8411  14:37:13.925634 write(5, "\n", 1) = 1
8411  14:37:13.925689 read(5,  <unfinished ...>
8409  14:37:13.925719 close(6)          = 0
8409  14:37:13.925795 read(4, "\n", 1)  = 1
8409  14:37:13.925845 close(5)          = 0
8409  14:37:13.925891 write(4, "\1", 1) = 1
8411  14:37:13.925938 <... read resumed> "\1", 1) = 1
8411  14:37:13.925968 close(4)          = 0
8411  14:37:13.926014 rt_sigaction(SIGALRM, {0x805cad0, ~[RTMIN RT_1], 0}, NULL, 8) = 0
8411  14:37:13.926087 alarm(300)        = 0
8411  14:37:13.926136 recv(0,  <unfinished ...>
8409  14:37:13.926169 read(4,  <unfinished ...>
8411  14:37:14.429652 <... recv resumed> "TYPE I\r\n", 4096, MSG_PEEK) = 8
8411  14:37:14.429806 read(0, "TYPE I\r\n", 8) = 8
8411  14:37:14.429960 write(0, "200 Switching to Binary mode.\r\n", 31) = 31
8411  14:37:14.430295 rt_sigaction(SIGALRM, {0x805cad0, ~[RTMIN RT_1], 0}, NULL, 8) = 0
8411  14:37:14.430371 alarm(300)        = 299
8411  14:37:14.430425 recv(0, "PASV\r\n", 4096, MSG_PEEK) = 6
8411  14:37:14.430475 read(0, "PASV\r\n", 6) = 6
8411  14:37:14.430527 write(5, "\n", 1) = 1
8409  14:37:14.430579 <... read resumed> "\n", 1) = 1
8409  14:37:14.430613 write(4, "\1", 1) = 1
8409  14:37:14.430659 read(4,  <unfinished ...>
8411  14:37:14.430689 read(5, "\1", 1)  = 1
8411  14:37:14.430738 write(5, "\f", 1) = 1
8409  14:37:14.430780 <... read resumed> "\f", 1) = 1
8409  14:37:14.430813 socket(PF_INET, SOCK_STREAM, IPPROTO_TCP) = 5
8409  14:37:14.430872 setsockopt(5, SOL_SOCKET, SO_REUSEADDR, [1], 4) = 0
8409  14:37:14.430931 bind(5, {sa_family=AF_INET, sin_port=htons(8949), sin_addr=inet_addr("127.0.0.1")}, 16) = 0
8409  14:37:14.430996 listen(5, 1)      = 0
8409  14:37:14.431051 write(4, "\365\"\0\0", 4) = 4
8409  14:37:14.431166 read(4,  <unfinished ...>
8411  14:37:14.431197 read(5, "\365\"\0\0", 4) = 4
8411  14:37:14.431265 write(0, "227 Entering Passive Mode (127,0,0,1,34,245).\r\n", 47) = 47
8411  14:37:14.431677 rt_sigaction(SIGALRM, {0x805cad0, ~[RTMIN RT_1], 0}, NULL, 8) = 0
8411  14:37:14.431750 alarm(300)        = 300
8411  14:37:14.431800 recv(0, "STOR myfile10\r\n", 4096, MSG_PEEK) = 15
8411  14:37:14.431853 read(0, "STOR myfile10\r\n", 15) = 15
8411  14:37:14.431912 write(5, "\v", 1) = 1
8409  14:37:14.431958 <... read resumed> "\v", 1) = 1
8409  14:37:14.431988 write(4, "\1\0\0\0", 4) = 4
8409  14:37:14.432093 read(4,  <unfinished ...>
8411  14:37:14.432136 read(5, "\1\0\0\0", 4) = 4
8411  14:37:14.432189 gettimeofday({1495651034, 432206}, NULL) = 0
8411  14:37:14.432237 getcwd("/home/msfadmin", 4096) = 15
8411  14:37:14.432292 open("myfile10", O_WRONLY|O_CREAT|O_NONBLOCK|O_LARGEFILE, 0666) = 4
8411  14:37:14.432351 fstat64(4, {st_mode=S_IFREG|0644, st_size=17, ...}) = 0
8411  14:37:14.432425 fcntl64(4, F_GETFL) = 0x8801 (flags O_WRONLY|O_NONBLOCK|O_LARGEFILE)
8411  14:37:14.432472 fcntl64(4, F_SETFL, O_WRONLY|O_LARGEFILE) = 0
8411  14:37:14.432515 fcntl64(4, F_SETLKW64, {type=F_WRLCK, whence=SEEK_SET, start=0, len=0}, 0xbfa1dc14) = 0
8411  14:37:14.432573 ftruncate64(4, 0) = 0
8411  14:37:14.432643 _llseek(4, 0, [0], SEEK_SET) = 0
8411  14:37:14.432690 write(5, "\v", 1) = 1
8409  14:37:14.432734 <... read resumed> "\v", 1) = 1
8409  14:37:14.432765 write(4, "\1\0\0\0", 4) = 4
8409  14:37:14.432812 read(4,  <unfinished ...>
8411  14:37:14.432841 read(5, "\1\0\0\0", 4) = 4
8411  14:37:14.432889 write(5, "\v", 1) = 1
8409  14:37:14.432930 <... read resumed> "\v", 1) = 1
8409  14:37:14.432959 write(4, "\1\0\0\0", 4) = 4
8409  14:37:14.433054 read(4,  <unfinished ...>
8411  14:37:14.433089 read(5, "\1\0\0\0", 4) = 4
8411  14:37:14.433140 write(5, "\r", 1) = 1
8409  14:37:14.433182 <... read resumed> "\r", 1) = 1
8409  14:37:14.433215 select(6, [5], NULL, NULL, {60, 0}) = 1 (in [5], left {60, 0})
8409  14:37:14.433283 accept(5, {sa_family=AF_INET, sin_port=htons(38568), sin_addr=inet_addr("127.0.0.1")}, [16]) = 6
8409  14:37:14.433378 write(4, "\1", 1) = 1
8409  14:37:14.433429 sendmsg(4, {msg_name(0)=NULL, msg_iov(1)=[{"\0", 1}], msg_controllen=16, {cmsg_len=16, cmsg_level=SOL_SOCKET, cmsg_type=SCM_RIGHTS, {6}}, msg_flags=0}, 0) = 1
8409  14:37:14.433500 close(6)          = 0
8409  14:37:14.433542 read(4,  <unfinished ...>
8411  14:37:14.433572 read(5, "\1", 1)  = 1
8411  14:37:14.433626 recvmsg(5, {msg_name(0)=NULL, msg_iov(1)=[{"\0", 1}], msg_controllen=16, {cmsg_len=16, cmsg_level=SOL_SOCKET, cmsg_type=SCM_RIGHTS, {6}}, msg_flags=0}, 0) = 1
8411  14:37:14.433702 setsockopt(6, SOL_SOCKET, SO_KEEPALIVE, [1], 4) = 0
8411  14:37:14.433778 setsockopt(6, SOL_IP, IP_TOS, [8], 4) = 0
8411  14:37:14.433829 setsockopt(6, SOL_SOCKET, SO_LINGER, {onoff=1, linger=32767}, 8) = 0
8411  14:37:14.433876 rt_sigaction(SIGALRM, {0x805cad0, ~[RTMIN RT_1], 0}, NULL, 8) = 0
8411  14:37:14.433934 alarm(300)        = 300
8411  14:37:14.434032 write(0, "150 Ok to send data.\r\n", 22) = 22
8411  14:37:14.434305 read(6, "assasaaa\na\na\na\na\n", 65536) = 17
8411  14:37:14.434366 write(4, "assasaaa\na\na\na\na\n", 17) = 17
8411  14:37:14.434433 read(6, "", 65536) = 0
8411  14:37:14.434478 rt_sigaction(SIGALRM, {0x805cad0, ~[RTMIN RT_1], 0}, NULL, 8) = 0
8411  14:37:14.434536 alarm(300)        = 300
8411  14:37:14.434578 close(6)          = 0
8411  14:37:14.434647 alarm(0)          = 300
8411  14:37:14.434689 gettimeofday({1495651034, 434705}, NULL) = 0
8411  14:37:14.434752 gettimeofday({1495651034, 434768}, NULL) = 0
8411  14:37:14.434806 fcntl64(3, F_SETLKW64, {type=F_WRLCK, whence=SEEK_SET, start=0, len=0}, 0xbfa1dbb4) = 0
8411  14:37:14.434868 write(3, "Wed May 24 14:37:14 2017 [pid 8411] [msfadmin] OK UPLOAD: Client \"127.0.0.1\", \"/home/msfadmin/myfile10\", 17 bytes, 6.48Kbyte/sec\n", 129) = 129
8411  14:37:14.435030 fcntl64(3, F_SETLK64, {type=F_UNLCK, whence=SEEK_SET, start=0, len=0}, 0xbfa1dbbc) = 0
8411  14:37:14.435102 write(0, "226 Transfer complete.\r\n", 24) = 24
8411  14:37:14.435280 write(5, "\n", 1) = 1
8409  14:37:14.435332 <... read resumed> "\n", 1) = 1
8409  14:37:14.435362 close(5)          = 0
8409  14:37:14.435412 write(4, "\1", 1) = 1
8409  14:37:14.435458 read(4,  <unfinished ...>
8411  14:37:14.435488 read(5, "\1", 1)  = 1
8411  14:37:14.435534 close(4)          = 0
8411  14:37:14.435579 rt_sigaction(SIGALRM, {0x805cad0, ~[RTMIN RT_1], 0}, NULL, 8) = 0
8411  14:37:14.435636 alarm(300)        = 0
8411  14:37:14.435684 recv(0, "TYPE I\r\n", 4096, MSG_PEEK) = 8
8411  14:37:14.949001 read(0, "TYPE I\r\n", 8) = 8
8411  14:37:14.949101 write(0, "200 Switching to Binary mode.\r\n", 31) = 31
8411  14:37:14.949361 rt_sigaction(SIGALRM, {0x805cad0, ~[RTMIN RT_1], 0}, NULL, 8) = 0
8411  14:37:14.949450 alarm(300)        = 299
8411  14:37:14.949503 recv(0, "PASV\r\n", 4096, MSG_PEEK) = 6
8411  14:37:14.949556 read(0, "PASV\r\n", 6) = 6
8411  14:37:14.949609 write(5, "\n", 1) = 1
8409  14:37:14.949661 <... read resumed> "\n", 1) = 1
8409  14:37:14.949695 write(4, "\1", 1) = 1
8409  14:37:14.949742 read(4,  <unfinished ...>
8411  14:37:14.949774 read(5, "\1", 1)  = 1
8411  14:37:14.949944 write(5, "\f", 1) = 1
8409  14:37:14.949990 <... read resumed> "\f", 1) = 1
8409  14:37:14.950024 socket(PF_INET, SOCK_STREAM, IPPROTO_TCP) = 5
8409  14:37:14.950084 setsockopt(5, SOL_SOCKET, SO_REUSEADDR, [1], 4) = 0
8409  14:37:14.950143 bind(5, {sa_family=AF_INET, sin_port=htons(25231), sin_addr=inet_addr("127.0.0.1")}, 16) = 0
8409  14:37:14.950209 listen(5, 1)      = 0
8409  14:37:14.950265 write(4, "\217b\0\0", 4) = 4
8409  14:37:14.950365 read(4,  <unfinished ...>
8411  14:37:14.950400 read(5, "\217b\0\0", 4) = 4
8411  14:37:14.950469 write(0, "227 Entering Passive Mode (127,0,0,1,98,143).\r\n", 47) = 47
8411  14:37:14.950973 rt_sigaction(SIGALRM, {0x805cad0, ~[RTMIN RT_1], 0}, NULL, 8) = 0
8411  14:37:14.951054 alarm(300)        = 300
8411  14:37:14.951103 recv(0, "STOR myfile11\r\n", 4096, MSG_PEEK) = 15
8411  14:37:14.951157 read(0, "STOR myfile11\r\n", 15) = 15
8411  14:37:14.951216 write(5, "\v", 1) = 1
8409  14:37:14.951265 <... read resumed> "\v", 1) = 1
8409  14:37:14.951375 write(4, "\1\0\0\0", 4) = 4
8409  14:37:14.951424 read(4,  <unfinished ...>
8411  14:37:14.951455 read(5, "\1\0\0\0", 4) = 4
8411  14:37:14.951506 gettimeofday({1495651034, 951522}, NULL) = 0
8411  14:37:14.951554 getcwd("/home/msfadmin", 4096) = 15
8411  14:37:14.951673 open("myfile11", O_WRONLY|O_CREAT|O_NONBLOCK|O_LARGEFILE, 0666) = 4
8411  14:37:14.951734 fstat64(4, {st_mode=S_IFREG|0644, st_size=17, ...}) = 0
8411  14:37:14.963036 fcntl64(4, F_GETFL) = 0x8801 (flags O_WRONLY|O_NONBLOCK|O_LARGEFILE)
8411  14:37:14.963072 fcntl64(4, F_SETFL, O_WRONLY|O_LARGEFILE) = 0
8411  14:37:14.963113 fcntl64(4, F_SETLKW64, {type=F_WRLCK, whence=SEEK_SET, start=0, len=0}, 0xbfa1dc14) = 0
8411  14:37:14.963148 ftruncate64(4, 0) = 0
8411  14:37:14.963188 _llseek(4, 0, [0], SEEK_SET) = 0
8411  14:37:14.963215 write(5, "\v", 1) = 1
8409  14:37:14.963243 <... read resumed> "\v", 1) = 1
8409  14:37:14.963262 write(4, "\1\0\0\0", 4) = 4
8409  14:37:14.963289 read(4,  <unfinished ...>
8411  14:37:14.963307 read(5, "\1\0\0\0", 4) = 4
8411  14:37:14.963335 write(5, "\v", 1) = 1
8409  14:37:14.963358 <... read resumed> "\v", 1) = 1
8409  14:37:14.963375 write(4, "\1\0\0\0", 4) = 4
8409  14:37:14.963401 read(4,  <unfinished ...>
8411  14:37:14.963417 read(5, "\1\0\0\0", 4) = 4
8411  14:37:14.963446 write(5, "\r", 1) = 1
8409  14:37:14.963450 <... read resumed> "\r", 1) = 1
8409  14:37:14.963871 select(6, [5], NULL, NULL, {60, 0}) = 1 (in [5], left {60, 0})
8409  14:37:14.963918 accept(5, {sa_family=AF_INET, sin_port=htons(50294), sin_addr=inet_addr("127.0.0.1")}, [16]) = 6
8409  14:37:14.963974 write(4, "\1", 1) = 1
8409  14:37:14.964004 sendmsg(4, {msg_name(0)=NULL, msg_iov(1)=[{"\0", 1}], msg_controllen=16, {cmsg_len=16, cmsg_level=SOL_SOCKET, cmsg_type=SCM_RIGHTS, {6}}, msg_flags=0}, 0) = 1
8409  14:37:14.964046 close(6)          = 0
8409  14:37:14.964070 read(4,  <unfinished ...>
8411  14:37:14.964088 read(5, "\1", 1)  = 1
8411  14:37:14.964119 recvmsg(5, {msg_name(0)=NULL, msg_iov(1)=[{"\0", 1}], msg_controllen=16, {cmsg_len=16, cmsg_level=SOL_SOCKET, cmsg_type=SCM_RIGHTS, {6}}, msg_flags=0}, 0) = 1
8411  14:37:14.964165 setsockopt(6, SOL_SOCKET, SO_KEEPALIVE, [1], 4) = 0
8411  14:37:14.964196 setsockopt(6, SOL_IP, IP_TOS, [8], 4) = 0
8411  14:37:14.964225 setsockopt(6, SOL_SOCKET, SO_LINGER, {onoff=1, linger=32767}, 8) = 0
8411  14:37:14.964253 rt_sigaction(SIGALRM, {0x805cad0, ~[RTMIN RT_1], 0}, NULL, 8) = 0
8411  14:37:14.964286 alarm(300)        = 300
8411  14:37:14.964319 write(0, "150 Ok to send data.\r\n", 22) = 22
8411  14:37:14.964501 read(6, "assasaaa\na\na\na\na\n", 65536) = 17
8411  14:37:14.964542 write(4, "assasaaa\na\na\na\na\n", 17) = 17
8411  14:37:14.964594 read(6, "", 65536) = 0
8411  14:37:14.964621 rt_sigaction(SIGALRM, {0x805cad0, ~[RTMIN RT_1], 0}, NULL, 8) = 0
8411  14:37:14.964656 alarm(300)        = 300
8411  14:37:14.964680 close(6)          = 0
8411  14:37:14.964722 alarm(0)          = 300
8411  14:37:14.964747 gettimeofday({1495651034, 964756}, NULL) = 0
8411  14:37:14.964784 gettimeofday({1495651034, 964794}, NULL) = 0
8411  14:37:14.964842 fcntl64(3, F_SETLKW64, {type=F_WRLCK, whence=SEEK_SET, start=0, len=0}, 0xbfa1dbb4) = 0
8411  14:37:14.964889 write(3, "Wed May 24 14:37:14 2017 [pid 8411] [msfadmin] OK UPLOAD: Client \"127.0.0.1\", \"/home/msfadmin/myfile11\", 17 bytes, 1.25Kbyte/sec\n", 129) = 129
8411  14:37:14.964953 fcntl64(3, F_SETLK64, {type=F_UNLCK, whence=SEEK_SET, start=0, len=0}, 0xbfa1dbbc) = 0
8411  14:37:14.964991 write(0, "226 Transfer complete.\r\n", 24) = 24
8411  14:37:14.965100 write(5, "\n", 1) = 1
8409  14:37:14.965131 <... read resumed> "\n", 1) = 1
8409  14:37:14.965149 close(5)          = 0
8409  14:37:14.965179 write(4, "\1", 1) = 1
8409  14:37:14.965206 read(4,  <unfinished ...>
8411  14:37:14.965224 read(5, "\1", 1)  = 1
8411  14:37:14.965251 close(4)          = 0
8411  14:37:14.965277 rt_sigaction(SIGALRM, {0x805cad0, ~[RTMIN RT_1], 0}, NULL, 8) = 0
8411  14:37:14.965311 alarm(300)        = 0
8411  14:37:14.965338 recv(0, "TYPE I\r\n", 4096, MSG_PEEK) = 8
8411  14:37:15.479950 read(0, "TYPE I\r\n", 8) = 8
8411  14:37:15.480194 write(0, "200 Switching to Binary mode.\r\n", 31) = 31
8411  14:37:15.480456 rt_sigaction(SIGALRM, {0x805cad0, ~[RTMIN RT_1], 0}, NULL, 8) = 0
8411  14:37:15.480567 alarm(300)        = 299
8411  14:37:15.480647 recv(0, "PASV\r\n", 4096, MSG_PEEK) = 6
8411  14:37:15.480747 read(0, "PASV\r\n", 6) = 6
8411  14:37:15.480803 write(5, "\n", 1 <unfinished ...>
8409  14:37:15.480844 <... read resumed> "\n", 1) = 1
8411  14:37:15.480868 <... write resumed> ) = 1
8409  14:37:15.480896 write(4, "\1", 1) = 1
8409  14:37:15.480965 read(4,  <unfinished ...>
8411  14:37:15.480996 read(5, "\1", 1)  = 1
8411  14:37:15.481043 write(5, "\f", 1 <unfinished ...>
8409  14:37:15.481075 <... read resumed> "\f", 1) = 1
8411  14:37:15.481096 <... write resumed> ) = 1
8409  14:37:15.481125 socket(PF_INET, SOCK_STREAM, IPPROTO_TCP) = 5
8409  14:37:15.481182 setsockopt(5, SOL_SOCKET, SO_REUSEADDR, [1], 4) = 0
8409  14:37:15.481241 bind(5, {sa_family=AF_INET, sin_port=htons(14316), sin_addr=inet_addr("127.0.0.1")}, 16) = 0
8409  14:37:15.481304 listen(5, 1)      = 0
8409  14:37:15.481359 write(4, "\3547\0\0", 4) = 4
8409  14:37:15.481408 read(4,  <unfinished ...>
8411  14:37:15.481435 read(5, "\3547\0\0", 4) = 4
8411  14:37:15.481501 write(0, "227 Entering Passive Mode (127,0,0,1,55,236).\r\n", 47) = 47
8411  14:37:15.481896 rt_sigaction(SIGALRM, {0x805cad0, ~[RTMIN RT_1], 0}, NULL, 8) = 0
8411  14:37:15.481958 alarm(300)        = 300
8411  14:37:15.482001 recv(0, "STOR myfile12\r\n", 4096, MSG_PEEK) = 15
8411  14:37:15.482047 read(0, "STOR myfile12\r\n", 15) = 15
8411  14:37:15.482097 write(5, "\v", 1 <unfinished ...>
8409  14:37:15.482127 <... read resumed> "\v", 1) = 1
8411  14:37:15.482147 <... write resumed> ) = 1
8409  14:37:15.482170 write(4, "\1\0\0\0", 4) = 4
8409  14:37:15.482211 read(4,  <unfinished ...>
8411  14:37:15.482237 read(5, "\1\0\0\0", 4) = 4
8411  14:37:15.482280 gettimeofday({1495651035, 482294}, NULL) = 0
8411  14:37:15.482319 getcwd("/home/msfadmin", 4096) = 15
8411  14:37:15.482363 open("myfile12", O_WRONLY|O_CREAT|O_NONBLOCK|O_LARGEFILE, 0666) = 4
8411  14:37:15.482412 fstat64(4, {st_mode=S_IFREG|0644, st_size=17, ...}) = 0
8411  14:37:15.482478 fcntl64(4, F_GETFL) = 0x8801 (flags O_WRONLY|O_NONBLOCK|O_LARGEFILE)
8411  14:37:15.482518 fcntl64(4, F_SETFL, O_WRONLY|O_LARGEFILE) = 0
8411  14:37:15.482554 fcntl64(4, F_SETLKW64, {type=F_WRLCK, whence=SEEK_SET, start=0, len=0}, 0xbfa1dc14) = 0
8411  14:37:15.482631 ftruncate64(4, 0) = 0
8411  14:37:15.482711 _llseek(4, 0, [0], SEEK_SET) = 0
8411  14:37:15.482754 write(5, "\v", 1 <unfinished ...>
8409  14:37:15.482784 <... read resumed> "\v", 1) = 1
8411  14:37:15.482803 <... write resumed> ) = 1
8409  14:37:15.482826 write(4, "\1\0\0\0", 4) = 4
8409  14:37:15.482867 read(4,  <unfinished ...>
8411  14:37:15.482892 read(5, "\1\0\0\0", 4) = 4
8411  14:37:15.482934 write(5, "\v", 1 <unfinished ...>
8409  14:37:15.482960 <... read resumed> "\v", 1) = 1
8411  14:37:15.482978 <... write resumed> ) = 1
8409  14:37:15.483001 write(4, "\1\0\0\0", 4) = 4
8409  14:37:15.483041 read(4,  <unfinished ...>
8411  14:37:15.483066 read(5, "\1\0\0\0", 4) = 4
8411  14:37:15.483107 write(5, "\r", 1 <unfinished ...>
8409  14:37:15.483134 <... read resumed> "\r", 1) = 1
8411  14:37:15.483152 <... write resumed> ) = 1
8409  14:37:15.483178 select(6, [5], NULL, NULL, {60, 0}) = 1 (in [5], left {60, 0})
8409  14:37:15.483238 accept(5, {sa_family=AF_INET, sin_port=htons(40053), sin_addr=inet_addr("127.0.0.1")}, [16]) = 6
8409  14:37:15.483324 write(4, "\1", 1) = 1
8409  14:37:15.483369 sendmsg(4, {msg_name(0)=NULL, msg_iov(1)=[{"\0", 1}], msg_controllen=16, {cmsg_len=16, cmsg_level=SOL_SOCKET, cmsg_type=SCM_RIGHTS, {6}}, msg_flags=0}, 0) = 1
8409  14:37:15.483431 close(6)          = 0
8409  14:37:15.483467 read(4,  <unfinished ...>
8411  14:37:15.483493 read(5, "\1", 1)  = 1
8411  14:37:15.483539 recvmsg(5, {msg_name(0)=NULL, msg_iov(1)=[{"\0", 1}], msg_controllen=16, {cmsg_len=16, cmsg_level=SOL_SOCKET, cmsg_type=SCM_RIGHTS, {6}}, msg_flags=0}, 0) = 1
8411  14:37:15.483645 setsockopt(6, SOL_SOCKET, SO_KEEPALIVE, [1], 4) = 0
8411  14:37:15.483697 setsockopt(6, SOL_IP, IP_TOS, [8], 4) = 0
8411  14:37:15.483742 setsockopt(6, SOL_SOCKET, SO_LINGER, {onoff=1, linger=32767}, 8) = 0
8411  14:37:15.483785 rt_sigaction(SIGALRM, {0x805cad0, ~[RTMIN RT_1], 0}, NULL, 8) = 0
8411  14:37:15.483836 alarm(300)        = 300
8411  14:37:15.483884 write(0, "150 Ok to send data.\r\n", 22) = 22
8411  14:37:15.484138 read(6, "assasaaa\na\na\na\na\n", 65536) = 17
8411  14:37:15.484190 write(4, "assasaaa\na\na\na\na\n", 17) = 17
8411  14:37:15.484262 read(6, "", 65536) = 0
8411  14:37:15.484300 rt_sigaction(SIGALRM, {0x805cad0, ~[RTMIN RT_1], 0}, NULL, 8) = 0
8411  14:37:15.484350 alarm(300)        = 300
8411  14:37:15.484386 close(6)          = 0
8411  14:37:15.484445 alarm(0)          = 300
8411  14:37:15.484481 gettimeofday({1495651035, 484495}, NULL) = 0
8411  14:37:15.484535 gettimeofday({1495651035, 484600}, NULL) = 0
8411  14:37:15.484635 fcntl64(3, F_SETLKW64, {type=F_WRLCK, whence=SEEK_SET, start=0, len=0}, 0xbfa1dbb4) = 0
8411  14:37:15.484690 write(3, "Wed May 24 14:37:15 2017 [pid 8411] [msfadmin] OK UPLOAD: Client \"127.0.0.1\", \"/home/msfadmin/myfile12\", 17 bytes, 7.20Kbyte/sec\n", 129) = 129
8411  14:37:15.484769 fcntl64(3, F_SETLK64, {type=F_UNLCK, whence=SEEK_SET, start=0, len=0}, 0xbfa1dbbc) = 0
8411  14:37:15.484821 write(0, "226 Transfer complete.\r\n", 24) = 24
8411  14:37:15.484965 write(5, "\n", 1 <unfinished ...>
8409  14:37:15.485000 <... read resumed> "\n", 1) = 1
8411  14:37:15.485019 <... write resumed> ) = 1
8409  14:37:15.485043 close(5)          = 0
8409  14:37:15.485086 write(4, "\1", 1) = 1
8409  14:37:15.485126 read(4,  <unfinished ...>
8411  14:37:15.485152 read(5, "\1", 1)  = 1
8411  14:37:15.485191 close(4)          = 0
8411  14:37:15.485230 rt_sigaction(SIGALRM, {0x805cad0, ~[RTMIN RT_1], 0}, NULL, 8) = 0
8411  14:37:15.485282 alarm(300)        = 0
8411  14:37:15.485326 recv(0,  <unfinished ...>
4439  14:37:15.507173 <... select resumed> ) = ? ERESTARTNOHAND (To be restarted)
4439  14:37:15.507221 --- SIGCHLD (Child exited) @ 0 (0) ---
4439  14:37:15.507242 write(4, "\21", 1) = 1
4439  14:37:15.507279 sigreturn()       = ? (mask now [])
4439  14:37:15.507351 select(13, [3 5 6 8 9 10 11 12], NULL, NULL, NULL) = 1 (in [3])
4439  14:37:15.507395 ioctl(3, FIONREAD, [1]) = 0
4439  14:37:15.507426 read(3, "\21", 1) = 1
4439  14:37:15.507458 waitpid(-1, [{WIFEXITED(s) && WEXITSTATUS(s) == 0}], WNOHANG) = 8402
