16716 16:06:15.149939 connect(4, {sa_family=AF_FILE, path="/var/run/nscd/socket"}, 110) = -1 ENOENT (No such file or directory)
16716 16:06:15.149996 close(4)          = 0
16716 16:06:15.150067 open("/etc/group", O_RDONLY|0x80000 /* O_??? */) = 4
16716 16:06:15.150116 _llseek(4, 0, [0], SEEK_CUR) = 0
16716 16:06:15.150155 fstat64(4, {st_mode=S_IFREG|0644, st_size=886, ...}) = 0
16716 16:06:15.150208 mmap2(NULL, 886, PROT_READ, MAP_SHARED, 4, 0) = 0xb7f19000
16716 16:06:15.150274 _llseek(4, 886, [886], SEEK_SET) = 0
16716 16:06:15.150354 fstat64(4, {st_mode=S_IFREG|0644, st_size=886, ...}) = 0
16716 16:06:15.150409 munmap(0xb7f19000, 886) = 0
16716 16:06:15.150448 close(4)          = 0
16716 16:06:15.150486 setgroups32(13, [1000, 4, 20, 24, 25, 29, 30, 44, 46, 107, 111, 112, 119]) = 0
16716 16:06:15.150539 geteuid32()       = 0
16716 16:06:15.150580 getegid32()       = 0
16716 16:06:15.150621 setregid32(-1, 1000) = 0
16716 16:06:15.150659 setreuid32(-1, 1000) = 0
16716 16:06:15.150699 chdir("/home/msfadmin") = 0
16716 16:06:15.150741 setreuid32(-1, 0) = 0
16716 16:06:15.150777 setregid32(-1, 0) = 0
16716 16:06:15.150817 setgid32(1000)    = 0
16716 16:06:15.150854 setuid32(1000)    = 0
16716 16:06:15.150893 setrlimit(RLIMIT_NPROC, {rlim_cur=0, rlim_max=0}) = 0
16716 16:06:15.150939 mmap2(NULL, 12288, PROT_READ|PROT_WRITE, MAP_PRIVATE|MAP_ANONYMOUS, -1, 0) = 0xb7f17000
16716 16:06:15.150980 mprotect(0xb7f19000, 4096, PROT_NONE) = 0
16716 16:06:15.151022 mprotect(0xb7f17000, 4096, PROT_NONE) = 0
16716 16:06:15.151062 getcwd("/home/msfadmin", 4096) = 15
16716 16:06:15.151108 umask(022)        = 077
16716 16:06:15.151146 getcwd("/home/msfadmin", 4096) = 15
16716 16:06:15.151201 open(".message", O_RDONLY|O_NONBLOCK|O_LARGEFILE) = -1 ENOENT (No such file or directory)
16716 16:06:15.151301 write(0, "230 Login successful.\r\n", 23) = 23
16716 16:06:15.151572 rt_sigaction(SIGALRM, {0x805cad0, ~[RTMIN RT_1], 0}, NULL, 8) = 0
16716 16:06:15.151629 alarm(300)        = 0
16716 16:06:15.151700 mmap2(NULL, 12288, PROT_READ|PROT_WRITE, MAP_PRIVATE|MAP_ANONYMOUS, -1, 0) = 0xb7f14000
16716 16:06:15.151742 mprotect(0xb7f16000, 4096, PROT_NONE) = 0
16716 16:06:15.151783 mprotect(0xb7f14000, 4096, PROT_NONE) = 0
16716 16:06:15.151827 recv(0, "TYPE I\r\n", 4096, MSG_PEEK) = 8
16716 16:06:15.151873 read(0, "TYPE I\r\n", 8) = 8
16716 16:06:15.151927 write(0, "200 Switching to Binary mode.\r\n", 31) = 31
16716 16:06:15.152070 rt_sigaction(SIGALRM, {0x805cad0, ~[RTMIN RT_1], 0}, NULL, 8) = 0
16716 16:06:15.152120 alarm(300)        = 300
16716 16:06:15.152221 recv(0, "PASV\r\n", 4096, MSG_PEEK) = 6
16716 16:06:15.152269 read(0, "PASV\r\n", 6) = 6
16716 16:06:15.152313 write(5, "\n", 1) = 1
16716 16:06:15.152354 read(5,  <unfinished ...>
16714 16:06:15.152398 close(5)          = 0
16714 16:06:15.152444 getuid32()        = 0
16714 16:06:15.152495 open("/etc/passwd", O_RDONLY|0x80000 /* O_??? */) = 5
16714 16:06:15.152543 _llseek(5, 0, [0], SEEK_CUR) = 0
16714 16:06:15.152587 fstat64(5, {st_mode=S_IFREG|0644, st_size=1624, ...}) = 0
16714 16:06:15.152643 mmap2(NULL, 1624, PROT_READ, MAP_SHARED, 5, 0) = 0xb7f19000
16714 16:06:15.152685 _llseek(5, 1624, [1624], SEEK_SET) = 0
16714 16:06:15.152740 munmap(0xb7f19000, 1624) = 0
16714 16:06:15.152782 close(5)          = 0
16714 16:06:15.152834 setgroups32(0, []) = 0
16714 16:06:15.152876 chdir("/usr/share/empty") = 0
16714 16:06:15.152919 chroot(".")       = 0
16714 16:06:15.152960 capset(NULL, NULL) = -1 EFAULT (Bad address)
16714 16:06:15.153005 prctl(0x8, 0, 0xbfe260c8, 0x80549a6, 0xbfe260b0) = 0
16714 16:06:15.153046 prctl(0x8, 0x1, 0xbfe260c8, 0x8054a49, 0xbfe260b0) = 0
16714 16:06:15.153084 setgid32(65534)   = 0
16714 16:06:15.153121 setuid32(65534)   = 0
16714 16:06:15.153191 capset(0x19980330, 0, {CAP_NET_BIND_SERVICE, CAP_NET_BIND_SERVICE, 0}) = 0
16714 16:06:15.153277 read(4, "\n", 1)  = 1
16714 16:06:15.153324 write(4, "\1", 1) = 1
16716 16:06:15.153365 <... read resumed> "\1", 1) = 1
16716 16:06:15.153396 write(5, "\f", 1) = 1
16716 16:06:15.153435 read(5,  <unfinished ...>
16714 16:06:15.153466 read(4, "\f", 1)  = 1
16714 16:06:15.153510 socket(PF_INET, SOCK_STREAM, IPPROTO_TCP) = 5
16714 16:06:15.153556 setsockopt(5, SOL_SOCKET, SO_REUSEADDR, [1], 4) = 0
16714 16:06:15.153598 gettimeofday({1495656375, 153622}, NULL) = 0
16714 16:06:15.153667 bind(5, {sa_family=AF_INET, sin_port=htons(44546), sin_addr=inet_addr("127.0.0.1")}, 16) = 0
16714 16:06:15.153718 listen(5, 1)      = 0
16714 16:06:15.153771 write(4, "\2\256\0\0", 4) = 4
16716 16:06:15.153812 <... read resumed> "\2\256\0\0", 4) = 4
16716 16:06:15.153860 write(0, "227 Entering Passive Mode (127,0,0,1,174,2).\r\n", 46) = 46
16716 16:06:15.154256 rt_sigaction(SIGALRM, {0x805cad0, ~[RTMIN RT_1], 0}, NULL, 8) = 0
16716 16:06:15.154312 alarm(300)        = 300
16716 16:06:15.154385 recv(0, "STOR myfile14\r\n", 4096, MSG_PEEK) = 15
16716 16:06:15.154428 read(0, "STOR myfile14\r\n", 15) = 15
16716 16:06:15.154479 write(5, "\v", 1) = 1
16716 16:06:15.154519 read(5,  <unfinished ...>
16714 16:06:15.154551 read(4, "\v", 1)  = 1
16714 16:06:15.154592 write(4, "\1\0\0\0", 4) = 4
16716 16:06:15.154631 <... read resumed> "\1\0\0\0", 4) = 4
16716 16:06:15.154666 gettimeofday({1495656375, 154690}, NULL) = 0
16716 16:06:15.154722 getcwd("/home/msfadmin", 4096) = 15
16716 16:06:15.154767 open("myfile14", O_WRONLY|O_CREAT|O_NONBLOCK|O_LARGEFILE, 0666) = 4
16716 16:06:15.154813 fstat64(4, {st_mode=S_IFREG|0644, st_size=17, ...}) = 0
16716 16:06:15.154866 fcntl64(4, F_GETFL) = 0x8801 (flags O_WRONLY|O_NONBLOCK|O_LARGEFILE)
16716 16:06:15.154907 fcntl64(4, F_SETFL, O_WRONLY|O_LARGEFILE) = 0
16716 16:06:15.154944 fcntl64(4, F_SETLKW64, {type=F_WRLCK, whence=SEEK_SET, start=0, len=0}, 0xbfe26014) = 0
16716 16:06:15.155005 ftruncate64(4, 0) = 0
16716 16:06:15.155063 _llseek(4, 0, [0], SEEK_SET) = 0
16716 16:06:15.155252 write(5, "\v", 1) = 1
16716 16:06:15.155295 read(5,  <unfinished ...>
16714 16:06:15.155326 read(4, "\v", 1)  = 1
16714 16:06:15.155367 write(4, "\1\0\0\0", 4) = 4
16716 16:06:15.155405 <... read resumed> "\1\0\0\0", 4) = 4
16716 16:06:15.155437 write(5, "\v", 1) = 1
16716 16:06:15.155475 read(5,  <unfinished ...>
16714 16:06:15.155505 read(4, "\v", 1)  = 1
16714 16:06:15.155544 write(4, "\1\0\0\0", 4) = 4
16716 16:06:15.155582 <... read resumed> "\1\0\0\0", 4) = 4
16716 16:06:15.155614 write(5, "\r", 1) = 1
16716 16:06:15.155652 read(5,  <unfinished ...>
16714 16:06:15.155682 read(4, "\r", 1)  = 1
16714 16:06:15.155726 select(6, [5], NULL, NULL, {60, 0}) = 1 (in [5], left {60, 0})
16714 16:06:15.155781 accept(5, {sa_family=AF_INET, sin_port=htons(37382), sin_addr=inet_addr("127.0.0.1")}, [16]) = 6
16714 16:06:15.155849 write(4, "\1", 1) = 1
16716 16:06:15.155888 <... read resumed> "\1", 1) = 1
16716 16:06:15.155925 recvmsg(5,  <unfinished ...>
16714 16:06:15.155961 sendmsg(4, {msg_name(0)=NULL, msg_iov(1)=[{"\0", 1}], msg_controllen=16, {cmsg_len=16, cmsg_level=SOL_SOCKET, cmsg_type=SCM_RIGHTS, {6}}, msg_flags=0}, 0) = 1
16716 16:06:15.156016 <... recvmsg resumed> {msg_name(0)=NULL, msg_iov(1)=[{"\0", 1}], msg_controllen=16, {cmsg_len=16, cmsg_level=SOL_SOCKET, cmsg_type=SCM_RIGHTS, {6}}, msg_flags=0}, 0) = 1
16716 16:06:15.156062 setsockopt(6, SOL_SOCKET, SO_KEEPALIVE, [1], 4) = 0
16716 16:06:15.156105 setsockopt(6, SOL_IP, IP_TOS, [8], 4) = 0
16716 16:06:15.156147 setsockopt(6, SOL_SOCKET, SO_LINGER, {onoff=1, linger=32767}, 8) = 0
16716 16:06:15.156223 rt_sigaction(SIGALRM, {0x805cad0, ~[RTMIN RT_1], 0}, NULL, 8) = 0
16716 16:06:15.156273 alarm(300)        = 300
16716 16:06:15.156348 write(0, "150 Ok to send data.\r\n", 22) = 22
16716 16:06:15.156454 mmap2(NULL, 77824, PROT_READ|PROT_WRITE, MAP_PRIVATE|MAP_ANONYMOUS, -1, 0) = 0xb7d4e000
16716 16:06:15.156454 mprotect(0xb7d60000, 4096, PROT_NONE) = 0
16716 16:06:15.156454 mprotect(0xb7d4e000, 4096, PROT_NONE) = 0
16716 16:06:15.156454 read(6, "assasaaa\na\na\na\na\n", 65536) = 17
16716 16:06:15.156454 write(4, "assasaaa\na\na\na\na\n", 17) = 17
16716 16:06:15.156454 read(6, "", 65536) = 0
16716 16:06:15.156454 rt_sigaction(SIGALRM, {0x805cad0, ~[RTMIN RT_1], 0}, NULL, 8) = 0
16716 16:06:15.156454 alarm(300)        = 300
16716 16:06:15.156454 close(6)          = 0
16716 16:06:15.156454 alarm(0)          = 300
16716 16:06:15.156454 gettimeofday({1495656375, 156454}, NULL) = 0
16716 16:06:15.156454 getpid()          = 16716
16716 16:06:15.156454 gettimeofday({1495656375, 156454}, NULL) = 0
16716 16:06:15.156454 fcntl64(3, F_SETLKW64, {type=F_WRLCK, whence=SEEK_SET, start=0, len=0}, 0xbfe25fb4) = 0
16716 16:06:15.156454 write(3, "Wed May 24 16:06:15 2017 [pid 16716] [msfadmin] OK UPLOAD: Client \"127.0.0.1\", \"/home/msfadmin/myfile14\", 17 bytes, 9.41Kbyte/sec\n", 130) = 130
16716 16:06:15.156454 fcntl64(3, F_SETLK64, {type=F_UNLCK, whence=SEEK_SET, start=0, len=0}, 0xbfe25fbc) = 0
16716 16:06:15.156454 write(0, "226 Transfer complete.\r\n", 24) = 24
16716 16:06:15.156454 write(5, "\n", 1) = 1
16716 16:06:15.156454 read(5,  <unfinished ...>
16714 16:06:15.156454 close(6)          = 0
16714 16:06:15.156454 read(4, "\n", 1)  = 1
16714 16:06:15.157889 close(5)          = 0
16714 16:06:15.157965 write(4, "\1", 1) = 1
16716 16:06:15.158008 <... read resumed> "\1", 1) = 1
16716 16:06:15.158039 close(4)          = 0
16716 16:06:15.158109 rt_sigaction(SIGALRM, {0x805cad0, ~[RTMIN RT_1], 0}, NULL, 8) = 0
16716 16:06:15.158159 alarm(300)        = 0
16716 16:06:15.158254 recv(0,  <unfinished ...>
16714 16:06:15.158288 read(4,  <unfinished ...>
16716 16:06:15.658336 <... recv resumed> "TYPE I\r\n", 4096, MSG_PEEK) = 8
16716 16:06:15.658455 read(0, "TYPE I\r\n", 8) = 8
16716 16:06:15.658565 write(0, "200 Switching to Binary mode.\r\n", 31) = 31
16716 16:06:15.658944 rt_sigaction(SIGALRM, {0x805cad0, ~[RTMIN RT_1], 0}, NULL, 8) = 0
16716 16:06:15.659050 alarm(300)        = 299
16716 16:06:15.659276 recv(0, "PASV\r\n", 4096, MSG_PEEK) = 6
16716 16:06:15.659360 read(0, "PASV\r\n", 6) = 6
16716 16:06:15.659443 write(5, "\n", 1) = 1
16716 16:06:15.659524 read(5,  <unfinished ...>
16714 16:06:15.659585 <... read resumed> "\n", 1) = 1
16714 16:06:15.659650 write(4, "\1", 1) = 1
16716 16:06:15.659877 <... read resumed> "\1", 1) = 1
16716 16:06:15.659950 write(5, "\f", 1) = 1
16716 16:06:15.660023 read(5,  <unfinished ...>
16714 16:06:15.660082 read(4, "\f", 1)  = 1
16714 16:06:15.660162 socket(PF_INET, SOCK_STREAM, IPPROTO_TCP) = 5
16714 16:06:15.660249 setsockopt(5, SOL_SOCKET, SO_REUSEADDR, [1], 4) = 0
16714 16:06:15.660335 bind(5, {sa_family=AF_INET, sin_port=htons(49265), sin_addr=inet_addr("127.0.0.1")}, 16) = 0
16714 16:06:15.660429 listen(5, 1)      = 0
16714 16:06:15.660512 write(4, "q\300\0\0", 4) = 4
16716 16:06:15.660587 <... read resumed> "q\300\0\0", 4) = 4
16716 16:06:15.660669 write(0, "227 Entering Passive Mode (127,0,0,1,192,113).\r\n", 48) = 48
16716 16:06:15.661595 rt_sigaction(SIGALRM, {0x805cad0, ~[RTMIN RT_1], 0}, NULL, 8) = 0
16716 16:06:15.661755 alarm(300)        = 300
16716 16:06:15.662046 recv(0, "STOR myfile15\r\n", 4096, MSG_PEEK) = 15
16716 16:06:15.662171 read(0, "STOR myfile15\r\n", 15) = 15
16716 16:06:15.662294 write(5, "\v", 1) = 1
16716 16:06:15.662414 read(5,  <unfinished ...>
16714 16:06:15.662481 read(4, "\v", 1)  = 1
16714 16:06:15.662559 write(4, "\1\0\0\0", 4) = 4
16716 16:06:15.662635 <... read resumed> "\1\0\0\0", 4) = 4
16716 16:06:15.662697 gettimeofday({1495656375, 662742}, NULL) = 0
16716 16:06:15.662803 getcwd("/home/msfadmin", 4096) = 15
16716 16:06:15.662939 open("myfile15", O_WRONLY|O_CREAT|O_NONBLOCK|O_LARGEFILE, 0666) = 4
16716 16:06:15.663029 fstat64(4, {st_mode=S_IFREG|0644, st_size=17, ...}) = 0
16716 16:06:15.663132 fcntl64(4, F_GETFL) = 0x8801 (flags O_WRONLY|O_NONBLOCK|O_LARGEFILE)
16716 16:06:15.663208 fcntl64(4, F_SETFL, O_WRONLY|O_LARGEFILE) = 0
16716 16:06:15.663279 fcntl64(4, F_SETLKW64, {type=F_WRLCK, whence=SEEK_SET, start=0, len=0}, 0xbfe26014) = 0
16716 16:06:15.663411 ftruncate64(4, 0) = 0
16716 16:06:15.663514 _llseek(4, 0, [0], SEEK_SET) = 0
16716 16:06:15.663592 write(5, "\v", 1) = 1
16716 16:06:15.663667 read(5,  <unfinished ...>
16714 16:06:15.663726 read(4, "\v", 1)  = 1
16714 16:06:15.663806 write(4, "\1\0\0\0", 4) = 4
16716 16:06:15.663881 <... read resumed> "\1\0\0\0", 4) = 4
16716 16:06:15.663941 write(5, "\v", 1) = 1
16716 16:06:15.664012 read(5,  <unfinished ...>
16714 16:06:15.664069 read(4, "\v", 1)  = 1
16714 16:06:15.664204 write(4, "\1\0\0\0", 4) = 4
16716 16:06:15.664277 <... read resumed> "\1\0\0\0", 4) = 4
16716 16:06:15.664355 write(5, "\r", 1) = 1
16716 16:06:15.664430 read(5,  <unfinished ...>
16714 16:06:15.664488 read(4, "\r", 1)  = 1
16714 16:06:15.664568 select(6, [5], NULL, NULL, {60, 0}) = 1 (in [5], left {60, 0})
16714 16:06:15.664666 accept(5, {sa_family=AF_INET, sin_port=htons(60441), sin_addr=inet_addr("127.0.0.1")}, [16]) = 6
16714 16:06:15.664791 write(4, "\1", 1) = 1
16716 16:06:15.664914 <... read resumed> "\1", 1) = 1
16716 16:06:15.664981 recvmsg(5,  <unfinished ...>
16714 16:06:15.665046 sendmsg(4, {msg_name(0)=NULL, msg_iov(1)=[{"\0", 1}], msg_controllen=16, {cmsg_len=16, cmsg_level=SOL_SOCKET, cmsg_type=SCM_RIGHTS, {6}}, msg_flags=0}, 0) = 1
16716 16:06:15.665147 <... recvmsg resumed> {msg_name(0)=NULL, msg_iov(1)=[{"\0", 1}], msg_controllen=16, {cmsg_len=16, cmsg_level=SOL_SOCKET, cmsg_type=SCM_RIGHTS, {6}}, msg_flags=0}, 0) = 1
16716 16:06:15.665232 setsockopt(6, SOL_SOCKET, SO_KEEPALIVE, [1], 4) = 0
16716 16:06:15.665355 setsockopt(6, SOL_IP, IP_TOS, [8], 4) = 0
16716 16:06:15.665439 setsockopt(6, SOL_SOCKET, SO_LINGER, {onoff=1, linger=32767}, 8) = 0
16716 16:06:15.665517 rt_sigaction(SIGALRM, {0x805cad0, ~[RTMIN RT_1], 0}, NULL, 8) = 0
16716 16:06:15.665603 alarm(300)        = 300
16716 16:06:15.665754 write(0, "150 Ok to send data.\r\n", 22) = 22
16716 16:06:15.666415 read(6, "assasaaa\na\na\na\na\n", 65536) = 17
16716 16:06:15.666469 write(4, "assasaaa\na\na\na\na\n", 17) = 17
16716 16:06:15.666469 read(6, "", 65536) = 0
16716 16:06:15.666469 rt_sigaction(SIGALRM, {0x805cad0, ~[RTMIN RT_1], 0}, NULL, 8) = 0
16716 16:06:15.666469 alarm(300)        = 300
16716 16:06:15.666469 close(6)          = 0
16716 16:06:15.666469 alarm(0)          = 300
16714 16:06:15.666469 close(6 <unfinished ...>
16716 16:06:15.666469 gettimeofday( <unfinished ...>
16714 16:06:15.666469 <... close resumed> ) = 0
16716 16:06:15.668021 <... gettimeofday resumed> {1495656375, 667942}, NULL) = 0
16714 16:06:15.668099 read(4,  <unfinished ...>
16716 16:06:15.668224 gettimeofday({1495656375, 668271}, NULL) = 0
16716 16:06:15.668342 fcntl64(3, F_SETLKW64, {type=F_WRLCK, whence=SEEK_SET, start=0, len=0}, 0xbfe25fb4) = 0
16716 16:06:15.668436 write(3, "Wed May 24 16:06:15 2017 [pid 16716] [msfadmin] OK UPLOAD: Client \"127.0.0.1\", \"/home/msfadmin/myfile15\", 17 bytes, 3.00Kbyte/sec\n", 130) = 130
16716 16:06:15.668553 fcntl64(3, F_SETLK64, {type=F_UNLCK, whence=SEEK_SET, start=0, len=0}, 0xbfe25fbc) = 0
16716 16:06:15.668688 write(0, "226 Transfer complete.\r\n", 24) = 24
16716 16:06:15.668984 write(5, "\n", 1) = 1
16714 16:06:15.669166 <... read resumed> "\n", 1) = 1
16714 16:06:15.669230 close(5)          = 0
16714 16:06:15.669312 write(4, "\1", 1) = 1
16714 16:06:15.669388 read(4,  <unfinished ...>
16716 16:06:15.669448 read(5, "\1", 1)  = 1
16716 16:06:15.669525 close(4)          = 0
16716 16:06:15.669604 rt_sigaction(SIGALRM, {0x805cad0, ~[RTMIN RT_1], 0}, NULL, 8) = 0
16716 16:06:15.669693 alarm(300)        = 0
16716 16:06:15.669828 recv(0, "TYPE I\r\n", 4096, MSG_PEEK) = 8
16716 16:06:16.200083 read(0, "TYPE I\r\n", 8) = 8
16716 16:06:16.200282 write(0, "200 Switching to Binary mode.\r\n", 31) = 31
16716 16:06:16.200654 rt_sigaction(SIGALRM, {0x805cad0, ~[RTMIN RT_1], 0}, NULL, 8) = 0
16716 16:06:16.200764 alarm(300)        = 299
16716 16:06:16.200901 recv(0, "PASV\r\n", 4096, MSG_PEEK) = 6
16716 16:06:16.200980 read(0, "PASV\r\n", 6) = 6
16716 16:06:16.201062 write(5, "\n", 1 <unfinished ...>
16714 16:06:16.201132 <... read resumed> "\n", 1) = 1
16716 16:06:16.201183 <... write resumed> ) = 1
16714 16:06:16.201240 write(4, "\1", 1) = 1
16714 16:06:16.201370 read(4,  <unfinished ...>
16716 16:06:16.201433 read(5, "\1", 1)  = 1
16716 16:06:16.201513 write(5, "\f", 1 <unfinished ...>
16714 16:06:16.201572 <... read resumed> "\f", 1) = 1
16716 16:06:16.201620 <... write resumed> ) = 1
16714 16:06:16.201679 socket(PF_INET, SOCK_STREAM, IPPROTO_TCP) = 5
16714 16:06:16.201767 setsockopt(5, SOL_SOCKET, SO_REUSEADDR, [1], 4) = 0
16714 16:06:16.201854 bind(5, {sa_family=AF_INET, sin_port=htons(36948), sin_addr=inet_addr("127.0.0.1")}, 16) = 0
16714 16:06:16.201948 listen(5, 1)      = 0
16714 16:06:16.202033 write(4, "T\220\0\0", 4) = 4
16714 16:06:16.202109 read(4,  <unfinished ...>
16716 16:06:16.202167 read(5, "T\220\0\0", 4) = 4
16716 16:06:16.202318 write(0, "227 Entering Passive Mode (127,0,0,1,144,84).\r\n", 47) = 47
16716 16:06:16.202975 rt_sigaction(SIGALRM, {0x805cad0, ~[RTMIN RT_1], 0}, NULL, 8) = 0
16716 16:06:16.203078 alarm(300)        = 300
16716 16:06:16.203219 recv(0, "STOR myfile16\r\n", 4096, MSG_PEEK) = 15
16716 16:06:16.203302 read(0, "STOR myfile16\r\n", 15) = 15
16716 16:06:16.203390 write(5, "\v", 1 <unfinished ...>
16714 16:06:16.203453 <... read resumed> "\v", 1) = 1
16716 16:06:16.203502 <... write resumed> ) = 1
16714 16:06:16.203625 write(4, "\1\0\0\0", 4) = 4
16714 16:06:16.203704 read(4,  <unfinished ...>
16716 16:06:16.203762 read(5, "\1\0\0\0", 4) = 4
16716 16:06:16.203842 gettimeofday({1495656376, 203887}, NULL) = 0
16716 16:06:16.203949 getcwd("/home/msfadmin", 4096) = 15
16716 16:06:16.204031 open("myfile16", O_WRONLY|O_CREAT|O_NONBLOCK|O_LARGEFILE, 0666) = 4
16716 16:06:16.204116 fstat64(4, {st_mode=S_IFREG|0644, st_size=17, ...}) = 0
16716 16:06:16.204269 fcntl64(4, F_GETFL) = 0x8801 (flags O_WRONLY|O_NONBLOCK|O_LARGEFILE)
16716 16:06:16.204349 fcntl64(4, F_SETFL, O_WRONLY|O_LARGEFILE) = 0
16716 16:06:16.204420 fcntl64(4, F_SETLKW64, {type=F_WRLCK, whence=SEEK_SET, start=0, len=0}, 0xbfe26014) = 0
16716 16:06:16.204531 ftruncate64(4, 0) = 0
16716 16:06:16.204630 _llseek(4, 0, [0], SEEK_SET) = 0
16716 16:06:16.204707 write(5, "\v", 1 <unfinished ...>
16714 16:06:16.204771 <... read resumed> "\v", 1) = 1
16716 16:06:16.204818 <... write resumed> ) = 1
16714 16:06:16.204873 write(4, "\1\0\0\0", 4) = 4
16714 16:06:16.204948 read(4,  <unfinished ...>
16716 16:06:16.205006 read(5, "\1\0\0\0", 4) = 4
16716 16:06:16.205082 write(5, "\v", 1 <unfinished ...>
16714 16:06:16.205140 <... read resumed> "\v", 1) = 1
16716 16:06:16.205196 <... write resumed> ) = 1
16714 16:06:16.205250 write(4, "\1\0\0\0", 4) = 4
16714 16:06:16.205324 read(4,  <unfinished ...>
16716 16:06:16.205380 read(5, "\1\0\0\0", 4) = 4
16716 16:06:16.205456 write(5, "\r", 1 <unfinished ...>
16714 16:06:16.205514 <... read resumed> "\r", 1) = 1
16716 16:06:16.205562 <... write resumed> ) = 1
16714 16:06:16.205619 select(6, [5], NULL, NULL, {60, 0}) = 1 (in [5], left {60, 0})
16714 16:06:16.205715 accept(5, {sa_family=AF_INET, sin_port=htons(51701), sin_addr=inet_addr("127.0.0.1")}, [16]) = 6
16714 16:06:16.205838 write(4, "\1", 1) = 1
16714 16:06:16.205918 sendmsg(4, {msg_name(0)=NULL, msg_iov(1)=[{"\0", 1}], msg_controllen=16, {cmsg_len=16, cmsg_level=SOL_SOCKET, cmsg_type=SCM_RIGHTS, {6}}, msg_flags=0}, 0) = 1
16714 16:06:16.206019 close(6)          = 0
16714 16:06:16.206088 read(4,  <unfinished ...>
16716 16:06:16.206206 read(5, "\1", 1)  = 1
16716 16:06:16.206294 recvmsg(5, {msg_name(0)=NULL, msg_iov(1)=[{"\0", 1}], msg_controllen=16, {cmsg_len=16, cmsg_level=SOL_SOCKET, cmsg_type=SCM_RIGHTS, {6}}, msg_flags=0}, 0) = 1
16716 16:06:16.206401 setsockopt(6, SOL_SOCKET, SO_KEEPALIVE, [1], 4) = 0
16716 16:06:16.206483 setsockopt(6, SOL_IP, IP_TOS, [8], 4) = 0
16716 16:06:16.206485 setsockopt(6, SOL_SOCKET, SO_LINGER, {onoff=1, linger=32767}, 8) = 0
16716 16:06:16.206485 rt_sigaction(SIGALRM, {0x805cad0, ~[RTMIN RT_1], 0}, NULL, 8) = 0
16716 16:06:16.206485 alarm(300)        = 300
16716 16:06:16.206485 write(0, "150 Ok to send data.\r\n", 22) = 22
16716 16:06:16.206485 read(6, "assasaaa\na\na\na\na\n", 65536) = 17
16716 16:06:16.206485 write(4, "assasaaa\na\na\na\na\n", 17) = 17
16716 16:06:16.206485 read(6, "", 65536) = 0
16716 16:06:16.206485 rt_sigaction(SIGALRM, {0x805cad0, ~[RTMIN RT_1], 0}, NULL, 8) = 0
16716 16:06:16.206485 alarm(300)        = 300
16716 16:06:16.207956 close(6)          = 0
16716 16:06:16.208273 alarm(0)          = 300
16716 16:06:16.208399 gettimeofday({1495656376, 208507}, NULL) = 0
16716 16:06:16.208590 gettimeofday({1495656376, 208636}, NULL) = 0
16716 16:06:16.208705 fcntl64(3, F_SETLKW64, {type=F_WRLCK, whence=SEEK_SET, start=0, len=0}, 0xbfe25fb4) = 0
16716 16:06:16.208799 write(3, "Wed May 24 16:06:16 2017 [pid 16716] [msfadmin] OK UPLOAD: Client \"127.0.0.1\", \"/home/msfadmin/myfile16\", 17 bytes, 3.50Kbyte/sec\n", 130) = 130
16716 16:06:16.209106 fcntl64(3, F_SETLK64, {type=F_UNLCK, whence=SEEK_SET, start=0, len=0}, 0xbfe25fbc) = 0
16716 16:06:16.209208 write(0, "226 Transfer complete.\r\n", 24) = 24
16716 16:06:16.209498 write(5, "\n", 1 <unfinished ...>
16714 16:06:16.209572 <... read resumed> "\n", 1) = 1
16716 16:06:16.209623 <... write resumed> ) = 1
16714 16:06:16.209678 close(5)          = 0
16714 16:06:16.209757 write(4, "\1", 1) = 1
16714 16:06:16.209833 read(4,  <unfinished ...>
16716 16:06:16.209892 read(5, "\1", 1)  = 1
16716 16:06:16.210024 close(4)          = 0
16716 16:06:16.210110 rt_sigaction(SIGALRM, {0x805cad0, ~[RTMIN RT_1], 0}, NULL, 8) = 0
16716 16:06:16.210199 alarm(300)        = 0
16716 16:06:16.210334 recv(0,  <unfinished ...>
4439  16:06:16.572255 <... select resumed> ) = ? ERESTARTNOHAND (To be restarted)
4439  16:06:16.572484 --- SIGCHLD (Child exited) @ 0 (0) ---
