13537 15:29:37.555326 open("/etc/pam.d/other", O_RDONLY|O_LARGEFILE) = 5
13537 15:29:37.555351 fstat64(5, {st_mode=S_IFREG|0644, st_size=520, ...}) = 0
13537 15:29:37.555395 mmap2(NULL, 4096, PROT_READ|PROT_WRITE, MAP_PRIVATE|MAP_ANONYMOUS, -1, 0) = 0xb7fa0000
13537 15:29:37.555423 read(5, "#\n# /etc/pam.d/other - specify the PAM fallback behaviour\n#\n# Note that this file is used for any unspecified service; for example\n#if /etc/pam.d/cron  specifies no session modules but cron calls\n#pam_open_session, the session module out of /etc/pam.d/other is\n#used.  If you really want nothing to happen then use pam_permit.so or\n#pam_deny.so as appropriate.\n\n# We fall back to the system default in /etc/pam.d/common-*\n# \n\n@include common-auth\n@include common-account\n@include common-password\n@include common-session\n", 4096) = 520
13537 15:29:37.555511 stat64("/etc/pam.d", {st_mode=S_IFDIR|0755, st_size=4096, ...}) = 0
13537 15:29:37.555548 open("/etc/pam.d/common-auth", O_RDONLY|O_LARGEFILE) = 6
13537 15:29:37.555572 fstat64(6, {st_mode=S_IFREG|0644, st_size=476, ...}) = 0
13537 15:29:37.555604 mmap2(NULL, 4096, PROT_READ|PROT_WRITE, MAP_PRIVATE|MAP_ANONYMOUS, -1, 0) = 0xb7f9a000
13537 15:29:37.555625 read(6, "#\n# /etc/pam.d/common-auth - authentication settings common to all services\n#\n# This file is included from other service-specific PAM config files,\n# and should contain a list of the authentication modules that define\n# the central authentication scheme for use on the system\n# (e.g., /etc/shadow, LDAP, Kerberos, etc.).  The default is to use the\n# traditional Unix authentication mechanisms.\n#\nauth\trequisite\tpam_unix.so nullok_secure\n# auth\toptional\tpam_smbpass.so migrate\n", 4096) = 476
13537 15:29:37.555714 read(6, "", 4096) = 0
13537 15:29:37.555733 close(6)          = 0
13537 15:29:37.555751 munmap(0xb7f9a000, 4096) = 0
13537 15:29:37.555773 stat64("/etc/pam.d", {st_mode=S_IFDIR|0755, st_size=4096, ...}) = 0
13537 15:29:37.555808 open("/etc/pam.d/common-account", O_RDONLY|O_LARGEFILE) = 6
13537 15:29:37.555833 fstat64(6, {st_mode=S_IFREG|0644, st_size=392, ...}) = 0
13537 15:29:37.555864 mmap2(NULL, 4096, PROT_READ|PROT_WRITE, MAP_PRIVATE|MAP_ANONYMOUS, -1, 0) = 0xb7f9a000
13537 15:29:37.555891 read(6, "#\n# /etc/pam.d/common-account - authorization settings common to all services\n#\n# This file is included from other service-specific PAM config files,\n# and should contain a list of the authorization modules that define\n# the central access policy for use on the system.  The default is to\n# only deny service to users whose accounts are expired in /etc/shadow.\n#\naccount\trequired\tpam_unix.so\n", 4096) = 392
13537 15:29:37.555966 read(6, "", 4096) = 0
13537 15:29:37.555984 close(6)          = 0
13537 15:29:37.556003 munmap(0xb7f9a000, 4096) = 0
13537 15:29:37.556023 stat64("/etc/pam.d", {st_mode=S_IFDIR|0755, st_size=4096, ...}) = 0
13537 15:29:37.556059 open("/etc/pam.d/common-password", O_RDONLY|O_LARGEFILE) = 6
13537 15:29:37.556084 fstat64(6, {st_mode=S_IFREG|0644, st_size=1563, ...}) = 0
13537 15:29:37.556115 mmap2(NULL, 4096, PROT_READ|PROT_WRITE, MAP_PRIVATE|MAP_ANONYMOUS, -1, 0) = 0xb7f9a000
13537 15:29:37.556135 read(6, "#\n# /etc/pam.d/common-password - password-related modules common to all services\n#\n# This file is included from other service-specific PAM config files,\n# and should contain a list of modules that define the services to be\n# used to change user passwords.  The default is pam_unix.\n\n# Explanation of pam_unix options:\n#\n# The \"nullok\" option allows users to change an empty password, else\n# empty passwords are treated as locked accounts.\n#\n# The \"md5\" option enables MD5 passwords.  Without this option, the\n# default is Unix crypt.\n#\n# The \"obscure\" option replaces the old `OBSCURE_CHECKS_ENAB\' option in\n# login.defs.\n#\n# You can also use the \"min\" option to enforce the length of the new\n# password.\n#\n# See the pam_unix manpage for other options.\n\npassword   requisite   pam_unix.so nullok obscure md5\n\n# Alternate strength checking for password. Note that this\n# requires the libpam-cracklib package to be installed.\n# You will need to comment out the password line above and\n# uncomment the next two in order to use this.\n# (Replaces the `OBSCURE_CHECKS_ENAB\', `CRACKLIB_DICTPATH\')\n#\n# password required\t  pam_cracklib.so retry=3 minlen=6 difok=3\n# password required\t  pam_unix.so use_authtok nullok md5\n\n# minimally-intrusive inclusion of smbpass in the stack for\n# synchronization.  If the module is absent or the passwords don\'t\n# match, this module will be ignored without prompting; and if the \n# passwords do match, the NTLM hash for the user will be updated\n# automatically.\n# password   optional   pam_smbpass.so nullok use_authtok use_first_pass\n", 4096) = 1563
13537 15:29:37.556372 read(6, "", 4096) = 0
13537 15:29:37.556396 close(6)          = 0
13537 15:29:37.556414 munmap(0xb7f9a000, 4096) = 0
13537 15:29:37.556436 stat64("/etc/pam.d", {st_mode=S_IFDIR|0755, st_size=4096, ...}) = 0
13537 15:29:37.556473 open("/etc/pam.d/common-session", O_RDONLY|O_LARGEFILE) = 6
13537 15:29:37.556498 fstat64(6, {st_mode=S_IFREG|0644, st_size=372, ...}) = 0
13537 15:29:37.556529 mmap2(NULL, 4096, PROT_READ|PROT_WRITE, MAP_PRIVATE|MAP_ANONYMOUS, -1, 0) = 0xb7f9a000
13537 15:29:37.556550 read(6, "#\n# /etc/pam.d/common-session - session-related modules common to all services\n#\n# This file is included from other service-specific PAM config files,\n# and should contain a list of modules that define tasks to be performed\n# at the start and end of sessions of *any* kind (both interactive and\n# non-interactive).  The default is pam_unix.\n#\nsession\trequired\tpam_unix.so\n", 4096) = 372
13537 15:29:37.556623 read(6, "", 4096) = 0
13537 15:29:37.556642 close(6)          = 0
13537 15:29:37.556661 munmap(0xb7f9a000, 4096) = 0
13537 15:29:37.556681 read(5, "", 4096) = 0
13537 15:29:37.556699 close(5)          = 0
13537 15:29:37.556717 munmap(0xb7fa0000, 4096) = 0
13537 15:29:37.556741 time(NULL)        = 1495654177
13537 15:29:37.556764 lstat64("/etc/ftpusers", {st_mode=S_IFREG|0644, st_size=132, ...}) = 0
13537 15:29:37.556799 open("/etc/ftpusers", O_RDONLY|O_LARGEFILE) = 5
13537 15:29:37.556828 fstat64(5, {st_mode=S_IFREG|0644, st_size=132, ...}) = 0
13537 15:29:37.556860 mmap2(NULL, 4096, PROT_READ|PROT_WRITE, MAP_PRIVATE|MAP_ANONYMOUS, -1, 0) = 0xb7fa0000
13537 15:29:37.556880 read(5, "# /etc/ftpusers: list of users disallowed FTP access. See ftpusers(5).\n\nroot\ndaemon\nbin\nsys\nsync\ngames\nman\nlp\nmail\nnews\nuucp\nnobody\n", 4096) = 132
13537 15:29:37.556920 read(5, "", 4096) = 0
13537 15:29:37.556938 close(5)          = 0
13537 15:29:37.556956 munmap(0xb7fa0000, 4096) = 0
13537 15:29:37.556986 getuid32()        = 0
13537 15:29:37.557017 open("/etc/passwd", O_RDONLY|0x80000 /* O_??? */) = 5
13537 15:29:37.557046 _llseek(5, 0, [0], SEEK_CUR) = 0
13537 15:29:37.557067 fstat64(5, {st_mode=S_IFREG|0644, st_size=1624, ...}) = 0
13537 15:29:37.557099 mmap2(NULL, 1624, PROT_READ, MAP_SHARED, 5, 0) = 0xb7fa0000
13537 15:29:37.557120 _llseek(5, 1624, [1624], SEEK_SET) = 0
13537 15:29:37.557157 munmap(0xb7fa0000, 1624) = 0
13537 15:29:37.557178 close(5)          = 0
13537 15:29:37.557224 open("/etc/shadow", O_RDONLY|0x80000 /* O_??? */) = 5
13537 15:29:37.557257 _llseek(5, 0, [0], SEEK_CUR) = 0
13537 15:29:37.557277 fstat64(5, {st_mode=S_IFREG|0640, st_size=1233, ...}) = 0
13537 15:29:37.557308 mmap2(NULL, 1233, PROT_READ, MAP_SHARED, 5, 0) = 0xb7fa0000
13537 15:29:37.557470 _llseek(5, 1233, [1233], SEEK_SET) = 0
13537 15:29:37.557535 munmap(0xb7fa0000, 1233) = 0
13537 15:29:37.557561 close(5)          = 0
13537 15:29:37.557599 open("/etc/passwd", O_RDONLY|0x80000 /* O_??? */) = 5
13537 15:29:37.557626 _llseek(5, 0, [0], SEEK_CUR) = 0
13537 15:29:37.557647 fstat64(5, {st_mode=S_IFREG|0644, st_size=1624, ...}) = 0
13537 15:29:37.557679 mmap2(NULL, 1624, PROT_READ, MAP_SHARED, 5, 0) = 0xb7fa0000
13537 15:29:37.557700 _llseek(5, 1624, [1624], SEEK_SET) = 0
13537 15:29:37.557731 munmap(0xb7fa0000, 1624) = 0
13537 15:29:37.557750 close(5)          = 0
13537 15:29:37.557775 open("/etc/shadow", O_RDONLY|0x80000 /* O_??? */) = 5
13537 15:29:37.557800 _llseek(5, 0, [0], SEEK_CUR) = 0
13537 15:29:37.557820 fstat64(5, {st_mode=S_IFREG|0640, st_size=1233, ...}) = 0
13537 15:29:37.557851 mmap2(NULL, 1233, PROT_READ, MAP_SHARED, 5, 0) = 0xb7fa0000
13537 15:29:37.557871 _llseek(5, 1233, [1233], SEEK_SET) = 0
13537 15:29:37.557902 munmap(0xb7fa0000, 1233) = 0
13537 15:29:37.557921 close(5)          = 0
13537 15:29:37.558371 getuid32()        = 0
13537 15:29:37.558392 open("/etc/passwd", O_RDONLY|0x80000 /* O_??? */) = 5
13537 15:29:37.558462 _llseek(5, 0, [0], SEEK_CUR) = 0
13537 15:29:37.558483 fstat64(5, {st_mode=S_IFREG|0644, st_size=1624, ...}) = 0
13537 15:29:37.558515 mmap2(NULL, 1624, PROT_READ, MAP_SHARED, 5, 0) = 0xb7fa0000
13537 15:29:37.558536 _llseek(5, 1624, [1624], SEEK_SET) = 0
13537 15:29:37.558568 munmap(0xb7fa0000, 1624) = 0
13537 15:29:37.558587 close(5)          = 0
13537 15:29:37.558614 open("/etc/shadow", O_RDONLY|0x80000 /* O_??? */) = 5
13537 15:29:37.558639 _llseek(5, 0, [0], SEEK_CUR) = 0
13537 15:29:37.558701 fstat64(5, {st_mode=S_IFREG|0640, st_size=1233, ...}) = 0
13537 15:29:37.558734 mmap2(NULL, 1233, PROT_READ, MAP_SHARED, 5, 0) = 0xb7fa0000
13537 15:29:37.558755 _llseek(5, 1233, [1233], SEEK_SET) = 0
13537 15:29:37.558788 munmap(0xb7fa0000, 1233) = 0
13537 15:29:37.558807 close(5)          = 0
13537 15:29:37.558831 time(NULL)        = 1495654177
13537 15:29:37.558861 munmap(0xb7f9d000, 12164) = 0
13537 15:29:37.558886 munmap(0xb7f9b000, 7136) = 0
13537 15:29:37.558913 munmap(0xb7dd0000, 95428) = 0
13537 15:29:37.558935 munmap(0xb7d96000, 201052) = 0
13537 15:29:37.558957 munmap(0xb7d7d000, 101180) = 0
13537 15:29:37.558988 gettimeofday({1495654177, 558996}, NULL) = 0
13537 15:29:37.559011 stat64("/usr/share/zoneinfo/UTC+04:00", 0xbf9a4314) = -1 ENOENT (No such file or directory)
13537 15:29:37.559039 open("/usr/share/zoneinfo/UTC+04:00", O_RDONLY) = -1 ENOENT (No such file or directory)
13537 15:29:37.559089 fcntl64(3, F_SETLKW64, {type=F_WRLCK, whence=SEEK_SET, start=0, len=0}, 0xbf9a4464) = 0
13537 15:29:37.559119 write(3, "Wed May 24 15:29:37 2017 [pid 13537] [msfadmin] OK LOGIN: Client \"127.0.0.1\"\n", 77) = 77
13537 15:29:37.559159 fcntl64(3, F_SETLK64, {type=F_UNLCK, whence=SEEK_SET, start=0, len=0}, 0xbf9a446c) = 0
13537 15:29:37.559184 rt_sigaction(SIGCHLD, {0x805cad0, ~[RTMIN RT_1], 0}, NULL, 8) = 0
13537 15:29:37.559211 write(4, "\1", 1 <unfinished ...>
13538 15:29:37.559229 <... read resumed> "\1", 1) = 1
13537 15:29:37.559240 <... write resumed> ) = 1
13538 15:29:37.559254 exit_group(0)     = ?
13537 15:29:37.559309 --- SIGCHLD (Child exited) @ 0 (0) ---
13537 15:29:37.559324 sigreturn()       = ? (mask now [])
13537 15:29:37.571672 wait4(-1, [{WIFEXITED(s) && WEXITSTATUS(s) == 0}], 0, NULL) = 13538
13537 15:29:37.571716 close(4)          = 0
13537 15:29:37.571743 socketpair(PF_FILE, SOCK_STREAM, 0, [4, 5]) = 0
13537 15:29:37.571771 rt_sigaction(SIGCHLD, {0x805cad0, ~[RTMIN RT_1], 0}, NULL, 8) = 0
13537 15:29:37.571800 rt_sigaction(SIGALRM, {0x805cb10, ~[RTMIN RT_1], 0}, NULL, 8) = 0
13537 15:29:37.571827 clone(child_stack=0, flags=CLONE_CHILD_CLEARTID|CLONE_CHILD_SETTID|SIGCHLD, child_tidptr=0xb7e066f8) = 13539
13539 15:29:37.571932 prctl(0x1, 0x9, 0, 0, 0) = 0
13539 15:29:37.571959 close(4)          = 0
13539 15:29:37.572012 open("/etc/passwd", O_RDONLY|0x80000 /* O_??? */) = 4
13539 15:29:37.572047 _llseek(4, 0, [0], SEEK_CUR) = 0
13539 15:29:37.572104 fstat64(4, {st_mode=S_IFREG|0644, st_size=1624, ...}) = 0
13539 15:29:37.572143 mmap2(NULL, 1624, PROT_READ, MAP_SHARED, 4, 0) = 0xb7fa0000
13539 15:29:37.572166 _llseek(4, 1624, [1624], SEEK_SET) = 0
13539 15:29:37.572212 munmap(0xb7fa0000, 1624) = 0
13539 15:29:37.572235 close(4)          = 0
13539 15:29:37.572261 getuid32()        = 0
13539 15:29:37.572282 open("/etc/passwd", O_RDONLY|0x80000 /* O_??? */) = 4
13539 15:29:37.572307 _llseek(4, 0, [0], SEEK_CUR) = 0
13539 15:29:37.572328 fstat64(4, {st_mode=S_IFREG|0644, st_size=1624, ...}) = 0
13539 15:29:37.572360 mmap2(NULL, 1624, PROT_READ, MAP_SHARED, 4, 0) = 0xb7fa0000
13539 15:29:37.572380 _llseek(4, 1624, [1624], SEEK_SET) = 0
13539 15:29:37.572411 munmap(0xb7fa0000, 1624) = 0
13539 15:29:37.572430 close(4)          = 0
13539 15:29:37.572482 open("/proc/sys/kernel/ngroups_max", O_RDONLY) = 4
13539 15:29:37.572521 read(4, "65536\n", 31) = 6
13539 15:29:37.572545 close(4)          = 0
13539 15:29:37.572594 socket(PF_FILE, SOCK_STREAM, 0) = 4
13539 15:29:37.572620 fcntl64(4, F_SETFL, O_RDWR|O_NONBLOCK) = 0
13539 15:29:37.572641 connect(4, {sa_family=AF_FILE, path="/var/run/nscd/socket"}, 110) = -1 ENOENT (No such file or directory)
13539 15:29:37.572683 close(4)          = 0
13539 15:29:37.572705 socket(PF_FILE, SOCK_STREAM, 0) = 4
13539 15:29:37.572725 fcntl64(4, F_SETFL, O_RDWR|O_NONBLOCK) = 0
13539 15:29:37.572746 connect(4, {sa_family=AF_FILE, path="/var/run/nscd/socket"}, 110) = -1 ENOENT (No such file or directory)
13539 15:29:37.572781 close(4)          = 0
13539 15:29:37.572828 open("/etc/group", O_RDONLY|0x80000 /* O_??? */) = 4
13539 15:29:37.572860 _llseek(4, 0, [0], SEEK_CUR) = 0
13539 15:29:37.572884 fstat64(4, {st_mode=S_IFREG|0644, st_size=886, ...}) = 0
13539 15:29:37.572916 mmap2(NULL, 886, PROT_READ, MAP_SHARED, 4, 0) = 0xb7fa0000
13539 15:29:37.572937 _llseek(4, 886, [886], SEEK_SET) = 0
13539 15:29:37.572985 fstat64(4, {st_mode=S_IFREG|0644, st_size=886, ...}) = 0
13539 15:29:37.573018 munmap(0xb7fa0000, 886) = 0
13539 15:29:37.573038 close(4)          = 0
13539 15:29:37.573078 setgroups32(13, [1000, 4, 20, 24, 25, 29, 30, 44, 46, 107, 111, 112, 119]) = 0
13539 15:29:37.573114 geteuid32()       = 0
13539 15:29:37.573136 getegid32()       = 0
13539 15:29:37.573157 setregid32(-1, 1000) = 0
13539 15:29:37.573178 setreuid32(-1, 1000) = 0
13539 15:29:37.573199 chdir("/home/msfadmin") = 0
13539 15:29:37.573222 setreuid32(-1, 0) = 0
13539 15:29:37.573240 setregid32(-1, 0) = 0
13539 15:29:37.573260 setgid32(1000)    = 0
13539 15:29:37.573279 setuid32(1000)    = 0
13539 15:29:37.573299 setrlimit(RLIMIT_NPROC, {rlim_cur=0, rlim_max=0}) = 0
13539 15:29:37.573326 mmap2(NULL, 12288, PROT_READ|PROT_WRITE, MAP_PRIVATE|MAP_ANONYMOUS, -1, 0) = 0xb7f9e000
13539 15:29:37.573356 mprotect(0xb7fa0000, 4096, PROT_NONE) = 0
13539 15:29:37.573379 mprotect(0xb7f9e000, 4096, PROT_NONE) = 0
13539 15:29:37.573402 getcwd("/home/msfadmin", 4096) = 15
13539 15:29:37.573428 umask(022)        = 077
13539 15:29:37.573447 getcwd("/home/msfadmin", 4096) = 15
13539 15:29:37.573474 open(".message", O_RDONLY|O_NONBLOCK|O_LARGEFILE) = -1 ENOENT (No such file or directory)
13539 15:29:37.573518 write(0, "230 Login successful.\r\n", 23) = 23
13539 15:29:37.573711 rt_sigaction(SIGALRM, {0x805cad0, ~[RTMIN RT_1], 0}, NULL, 8) = 0
13539 15:29:37.573746 alarm(300)        = 0
13539 15:29:37.573768 mmap2(NULL, 12288, PROT_READ|PROT_WRITE, MAP_PRIVATE|MAP_ANONYMOUS, -1, 0) = 0xb7f9b000
13539 15:29:37.573790 mprotect(0xb7f9d000, 4096, PROT_NONE) = 0
13539 15:29:37.573812 mprotect(0xb7f9b000, 4096, PROT_NONE) = 0
13539 15:29:37.573838 recv(0, "TYPE I\r\n", 4096, MSG_PEEK) = 8
13539 15:29:37.573862 read(0, "TYPE I\r\n", 8) = 8
13539 15:29:37.573895 write(0, "200 Switching to Binary mode.\r\n", 31) = 31
13539 15:29:37.573968 rt_sigaction(SIGALRM, {0x805cad0, ~[RTMIN RT_1], 0}, NULL, 8) = 0
13539 15:29:37.573996 alarm(300)        = 300
13539 15:29:37.574017 recv(0, "PASV\r\n", 4096, MSG_PEEK) = 6
13539 15:29:37.574040 read(0, "PASV\r\n", 6) = 6
13539 15:29:37.574098 write(5, "\n", 1) = 1
13539 15:29:37.574120 read(5,  <unfinished ...>
13537 15:29:37.574144 close(5)          = 0
13537 15:29:37.574168 getuid32()        = 0
13537 15:29:37.574197 open("/etc/passwd", O_RDONLY|0x80000 /* O_??? */) = 5
13537 15:29:37.574226 _llseek(5, 0, [0], SEEK_CUR) = 0
13537 15:29:37.574251 fstat64(5, {st_mode=S_IFREG|0644, st_size=1624, ...}) = 0
13537 15:29:37.574285 mmap2(NULL, 1624, PROT_READ, MAP_SHARED, 5, 0) = 0xb7fa0000
13537 15:29:37.574308 _llseek(5, 1624, [1624], SEEK_SET) = 0
13537 15:29:37.574342 munmap(0xb7fa0000, 1624) = 0
13537 15:29:37.574364 close(5)          = 0
13537 15:29:37.574396 setgroups32(0, []) = 0
13537 15:29:37.574419 chdir("/usr/share/empty") = 0
13537 15:29:37.574443 chroot(".")       = 0
13537 15:29:37.574464 capset(NULL, NULL) = -1 EFAULT (Bad address)
13537 15:29:37.574490 prctl(0x8, 0, 0xbf9a4448, 0x80549a6, 0xbf9a4430) = 0
13537 15:29:37.574512 prctl(0x8, 0x1, 0xbf9a4448, 0x8054a49, 0xbf9a4430) = 0
13537 15:29:37.574532 setgid32(65534)   = 0
13537 15:29:37.574575 setuid32(65534)   = 0
13537 15:29:37.574595 capset(0x19980330, 0, {CAP_NET_BIND_SERVICE, CAP_NET_BIND_SERVICE, 0}) = 0
13537 15:29:37.574622 read(4, "\n", 1)  = 1
13537 15:29:37.574648 write(4, "\1", 1) = 1
13539 15:29:37.574670 <... read resumed> "\1", 1) = 1
13539 15:29:37.574685 write(5, "\f", 1) = 1
13539 15:29:37.574705 read(5,  <unfinished ...>
13537 15:29:37.574718 read(4, "\f", 1)  = 1
13537 15:29:37.574743 socket(PF_INET, SOCK_STREAM, IPPROTO_TCP) = 5
13537 15:29:37.574770 setsockopt(5, SOL_SOCKET, SO_REUSEADDR, [1], 4) = 0
13537 15:29:37.574793 gettimeofday({1495654177, 574800}, NULL) = 0
13537 15:29:37.574824 bind(5, {sa_family=AF_INET, sin_port=htons(25260), sin_addr=inet_addr("127.0.0.1")}, 16) = 0
13537 15:29:37.574854 listen(5, 1)      = 0
13537 15:29:37.574880 write(4, "\254b\0\0", 4) = 4
13539 15:29:37.574901 <... read resumed> "\254b\0\0", 4) = 4
13539 15:29:37.574928 write(0, "227 Entering Passive Mode (127,0,0,1,98,172).\r\n", 47) = 47
13539 15:29:37.575153 rt_sigaction(SIGALRM, {0x805cad0, ~[RTMIN RT_1], 0}, NULL, 8) = 0
13539 15:29:37.575186 alarm(300)        = 300
13539 15:29:37.575209 recv(0, "STOR myfile12\r\n", 4096, MSG_PEEK) = 15
13539 15:29:37.575233 read(0, "STOR myfile12\r\n", 15) = 15
13539 15:29:37.575263 write(5, "\v", 1) = 1
13539 15:29:37.575284 read(5,  <unfinished ...>
13537 15:29:37.575298 read(4, "\v", 1)  = 1
13537 15:29:37.575320 write(4, "\1\0\0\0", 4) = 4
13539 15:29:37.575341 <... read resumed> "\1\0\0\0", 4) = 4
13539 15:29:37.575357 gettimeofday({1495654177, 575365}, NULL) = 0
13539 15:29:37.575378 getcwd("/home/msfadmin", 4096) = 15
13539 15:29:37.575402 open("myfile12", O_WRONLY|O_CREAT|O_NONBLOCK|O_LARGEFILE, 0666) = 4
13539 15:29:37.575428 fstat64(4, {st_mode=S_IFREG|0644, st_size=17, ...}) = 0
13539 15:29:37.575469 fcntl64(4, F_GETFL) = 0x8801 (flags O_WRONLY|O_NONBLOCK|O_LARGEFILE)
13539 15:29:37.575491 fcntl64(4, F_SETFL, O_WRONLY|O_LARGEFILE) = 0
13539 15:29:37.575511 fcntl64(4, F_SETLKW64, {type=F_WRLCK, whence=SEEK_SET, start=0, len=0}, 0xbf9a4394) = 0
13539 15:29:37.575566 ftruncate64(4, 0) = 0
13539 15:29:37.575603 _llseek(4, 0, [0], SEEK_SET) = 0
13539 15:29:37.575625 write(5, "\v", 1) = 1
13539 15:29:37.575646 read(5,  <unfinished ...>
13537 15:29:37.575660 read(4, "\v", 1)  = 1
13537 15:29:37.575682 write(4, "\1\0\0\0", 4) = 4
13539 15:29:37.575703 <... read resumed> "\1\0\0\0", 4) = 4
13539 15:29:37.575718 write(5, "\v", 1) = 1
13539 15:29:37.575737 read(5,  <unfinished ...>
13537 15:29:37.575750 read(4, "\v", 1)  = 1
13537 15:29:37.575771 write(4, "\1\0\0\0", 4) = 4
13539 15:29:37.575791 <... read resumed> "\1\0\0\0", 4) = 4
13539 15:29:37.575805 write(5, "\r", 1) = 1
13539 15:29:37.575824 read(5,  <unfinished ...>
13537 15:29:37.575837 read(4, "\r", 1)  = 1
13537 15:29:37.575861 select(6, [5], NULL, NULL, {60, 0}) = 1 (in [5], left {60, 0})
13537 15:29:37.575894 accept(5, {sa_family=AF_INET, sin_port=htons(34047), sin_addr=inet_addr("127.0.0.1")}, [16]) = 6
13537 15:29:37.575937 write(4, "\1", 1) = 1
13539 15:29:37.575958 <... read resumed> "\1", 1) = 1
13539 15:29:37.575976 recvmsg(5,  <unfinished ...>
13537 15:29:37.575994 sendmsg(4, {msg_name(0)=NULL, msg_iov(1)=[{"\0", 1}], msg_controllen=16, {cmsg_len=16, cmsg_level=SOL_SOCKET, cmsg_type=SCM_RIGHTS, {6}}, msg_flags=0}, 0) = 1
13539 15:29:37.576049 <... recvmsg resumed> {msg_name(0)=NULL, msg_iov(1)=[{"\0", 1}], msg_controllen=16, {cmsg_len=16, cmsg_level=SOL_SOCKET, cmsg_type=SCM_RIGHTS, {6}}, msg_flags=0}, 0) = 1
13539 15:29:37.576079 setsockopt(6, SOL_SOCKET, SO_KEEPALIVE, [1], 4) = 0
13539 15:29:37.576103 setsockopt(6, SOL_IP, IP_TOS, [8], 4) = 0
13539 15:29:37.576126 setsockopt(6, SOL_SOCKET, SO_LINGER, {onoff=1, linger=32767}, 8) = 0
13539 15:29:37.576148 rt_sigaction(SIGALRM, {0x805cad0, ~[RTMIN RT_1], 0}, NULL, 8) = 0
13539 15:29:37.576174 alarm(300)        = 300
13539 15:29:37.576199 write(0, "150 Ok to send data.\r\n", 22) = 22
13539 15:29:37.576318 mmap2(NULL, 77824, PROT_READ|PROT_WRITE, MAP_PRIVATE|MAP_ANONYMOUS, -1, 0) = 0xb7dd5000
13539 15:29:37.576345 mprotect(0xb7de7000, 4096, PROT_NONE) = 0
13539 15:29:37.576368 mprotect(0xb7dd5000, 4096, PROT_NONE) = 0
13539 15:29:37.576388 read(6, "assasaaa\na\na\na\na\n", 65536) = 17
13539 15:29:37.576414 write(4, "assasaaa\na\na\na\na\n", 17) = 17
13539 15:29:37.576445 read(6, "", 65536) = 0
13539 15:29:37.576465 rt_sigaction(SIGALRM, {0x805cad0, ~[RTMIN RT_1], 0}, NULL, 8) = 0
13539 15:29:37.576491 alarm(300)        = 300
13539 15:29:37.576510 close(6)          = 0
13539 15:29:37.576552 alarm(0)          = 300
13539 15:29:37.576573 gettimeofday({1495654177, 576580}, NULL) = 0
13539 15:29:37.576608 getpid()          = 13539
13539 15:29:37.576632 gettimeofday({1495654177, 576639}, NULL) = 0
13539 15:29:37.576665 fcntl64(3, F_SETLKW64, {type=F_WRLCK, whence=SEEK_SET, start=0, len=0}, 0xbf9a4334) = 0
13539 15:29:37.576693 write(3, "Wed May 24 15:29:37 2017 [pid 13539] [msfadmin] OK UPLOAD: Client \"127.0.0.1\", \"/home/msfadmin/myfile12\", 17 bytes, 13.03Kbyte/sec\n", 131) = 131
13539 15:29:37.576732 fcntl64(3, F_SETLK64, {type=F_UNLCK, whence=SEEK_SET, start=0, len=0}, 0xbf9a433c) = 0
13539 15:29:37.576760 write(0, "226 Transfer complete.\r\n", 24) = 24
13539 15:29:37.576839 write(5, "\n", 1) = 1
13539 15:29:37.576862 read(5,  <unfinished ...>
13537 15:29:37.576876 close(6)          = 0
13537 15:29:37.576912 read(4, "\n", 1)  = 1
13537 15:29:37.576935 close(5)          = 0
13537 15:29:37.576956 write(4, "\1", 1) = 1
13539 15:29:37.576977 <... read resumed> "\1", 1) = 1
13539 15:29:37.576990 close(4)          = 0
13539 15:29:37.577030 rt_sigaction(SIGALRM, {0x805cad0, ~[RTMIN RT_1], 0}, NULL, 8) = 0
13539 15:29:37.577063 alarm(300)        = 0
13539 15:29:37.577086 recv(0,  <unfinished ...>
13537 15:29:37.577101 read(4,  <unfinished ...>
13539 15:29:38.109565 <... recv resumed> "TYPE I\r\n", 4096, MSG_PEEK) = 8
13539 15:29:38.109727 read(0, "TYPE I\r\n", 8) = 8
13539 15:29:38.109828 write(0, "200 Switching to Binary mode.\r\n", 31) = 31
13539 15:29:38.110074 rt_sigaction(SIGALRM, {0x805cad0, ~[RTMIN RT_1], 0}, NULL, 8) = 0
13539 15:29:38.110158 alarm(300)        = 299
13539 15:29:38.110211 recv(0, "PASV\r\n", 4096, MSG_PEEK) = 6
13539 15:29:38.110262 read(0, "PASV\r\n", 6) = 6
13539 15:29:38.110316 write(5, "\n", 1) = 1
13539 15:29:38.110368 read(5,  <unfinished ...>
13537 15:29:38.110401 <... read resumed> "\n", 1) = 1
13537 15:29:38.110438 write(4, "\1", 1) = 1
13539 15:29:38.110484 <... read resumed> "\1", 1) = 1
13539 15:29:38.110516 write(5, "\f", 1) = 1
13539 15:29:38.110544 read(5,  <unfinished ...>
13537 15:29:38.110544 read(4, "\f", 1)  = 1
13537 15:29:38.110566 socket(PF_INET, SOCK_STREAM, IPPROTO_TCP) = 5
13537 15:29:38.110629 setsockopt(5, SOL_SOCKET, SO_REUSEADDR, [1], 4) = 0
13537 15:29:38.110688 bind(5, {sa_family=AF_INET, sin_port=htons(37295), sin_addr=inet_addr("127.0.0.1")}, 16) = 0
13537 15:29:38.110811 listen(5, 1)      = 0
13537 15:29:38.110871 write(4, "\257\221\0\0", 4) = 4
13539 15:29:38.110923 <... read resumed> "\257\221\0\0", 4) = 4
13539 15:29:38.110977 write(0, "227 Entering Passive Mode (127,0,0,1,145,175).\r\n", 48) = 48
13539 15:29:38.111392 rt_sigaction(SIGALRM, {0x805cad0, ~[RTMIN RT_1], 0}, NULL, 8) = 0
13539 15:29:38.111467 alarm(300)        = 300
13539 15:29:38.111518 recv(0, "STOR myfile13\r\n", 4096, MSG_PEEK) = 15
13539 15:29:38.111572 read(0, "STOR myfile13\r\n", 15) = 15
13539 15:29:38.111631 write(5, "\v", 1) = 1
13539 15:29:38.111719 read(5,  <unfinished ...>
13537 15:29:38.111764 read(4, "\v", 1)  = 1
13537 15:29:38.111816 write(4, "\1\0\0\0", 4) = 4
13539 15:29:38.111864 <... read resumed> "\1\0\0\0", 4) = 4
13539 15:29:38.111898 gettimeofday({1495654178, 111914}, NULL) = 0
13539 15:29:38.111945 getcwd("/home/msfadmin", 4096) = 15
13539 15:29:38.111999 open("myfile13", O_WRONLY|O_CREAT|O_NONBLOCK|O_LARGEFILE, 0666) = 4
13539 15:29:38.112060 fstat64(4, {st_mode=S_IFREG|0644, st_size=17, ...}) = 0
13539 15:29:38.112136 fcntl64(4, F_GETFL) = 0x8801 (flags O_WRONLY|O_NONBLOCK|O_LARGEFILE)
13539 15:29:38.112185 fcntl64(4, F_SETFL, O_WRONLY|O_LARGEFILE) = 0
13539 15:29:38.112229 fcntl64(4, F_SETLKW64, {type=F_WRLCK, whence=SEEK_SET, start=0, len=0}, 0xbf9a4394) = 0
13539 15:29:38.112287 ftruncate64(4, 0) = 0
13539 15:29:38.112359 _llseek(4, 0, [0], SEEK_SET) = 0
13539 15:29:38.112407 write(5, "\v", 1) = 1
13539 15:29:38.112452 read(5,  <unfinished ...>
13537 15:29:38.112484 read(4, "\v", 1)  = 1
13537 15:29:38.112533 write(4, "\1\0\0\0", 4) = 4
13539 15:29:38.112579 <... read resumed> "\1\0\0\0", 4) = 4
13539 15:29:38.112612 write(5, "\v", 1) = 1
13539 15:29:38.112741 read(5,  <unfinished ...>
13537 15:29:38.112778 read(4, "\v", 1)  = 1
13537 15:29:38.112829 write(4, "\1\0\0\0", 4) = 4
13539 15:29:38.112874 <... read resumed> "\1\0\0\0", 4) = 4
13539 15:29:38.112907 write(5, "\r", 1) = 1
13539 15:29:38.112950 read(5,  <unfinished ...>
13537 15:29:38.112979 read(4, "\r", 1)  = 1
13537 15:29:38.113031 select(6, [5], NULL, NULL, {60, 0}) = 1 (in [5], left {60, 0})
13537 15:29:38.113101 accept(5, {sa_family=AF_INET, sin_port=htons(53592), sin_addr=inet_addr("127.0.0.1")}, [16]) = 6
13537 15:29:38.113197 write(4, "\1", 1) = 1
13539 15:29:38.113244 <... read resumed> "\1", 1) = 1
13539 15:29:38.113281 recvmsg(5,  <unfinished ...>
13537 15:29:38.113317 sendmsg(4, {msg_name(0)=NULL, msg_iov(1)=[{"\0", 1}], msg_controllen=16, {cmsg_len=16, cmsg_level=SOL_SOCKET, cmsg_type=SCM_RIGHTS, {6}}, msg_flags=0}, 0) = 1
13539 15:29:38.113391 <... recvmsg resumed> {msg_name(0)=NULL, msg_iov(1)=[{"\0", 1}], msg_controllen=16, {cmsg_len=16, cmsg_level=SOL_SOCKET, cmsg_type=SCM_RIGHTS, {6}}, msg_flags=0}, 0) = 1
13539 15:29:38.113449 setsockopt(6, SOL_SOCKET, SO_KEEPALIVE, [1], 4) = 0
13539 15:29:38.113501 setsockopt(6, SOL_IP, IP_TOS, [8], 4) = 0
13539 15:29:38.113552 setsockopt(6, SOL_SOCKET, SO_LINGER, {onoff=1, linger=32767}, 8) = 0
13539 15:29:38.113601 rt_sigaction(SIGALRM, {0x805cad0, ~[RTMIN RT_1], 0}, NULL, 8) = 0
13539 15:29:38.113760 alarm(300)        = 300
13539 15:29:38.113846 write(0, "150 Ok to send data.\r\n", 22) = 22
13539 15:29:38.114135 read(6, "assasaaa\na\na\na\na\n", 65536) = 17
13539 15:29:38.114199 write(4, "assasaaa\na\na\na\na\n", 17) = 17
13539 15:29:38.114272 read(6, "", 65536) = 0
13539 15:29:38.114319 rt_sigaction(SIGALRM, {0x805cad0, ~[RTMIN RT_1], 0}, NULL, 8) = 0
13539 15:29:38.114379 alarm(300)        = 300
13539 15:29:38.114422 close(6)          = 0
13539 15:29:38.114462 alarm(0)          = 300
13539 15:29:38.114505 gettimeofday({1495654178, 114521}, NULL) = 0
13539 15:29:38.114568 gettimeofday({1495654178, 114638}, NULL) = 0
13539 15:29:38.114681 fcntl64(3, F_SETLKW64, {type=F_WRLCK, whence=SEEK_SET, start=0, len=0}, 0xbf9a4334) = 0
13539 15:29:38.114746 write(3, "Wed May 24 15:29:38 2017 [pid 13539] [msfadmin] OK UPLOAD: Client \"127.0.0.1\", \"/home/msfadmin/myfile13\", 17 bytes, 6.09Kbyte/sec\n", 130) = 130
13539 15:29:38.114833 fcntl64(3, F_SETLK64, {type=F_UNLCK, whence=SEEK_SET, start=0, len=0}, 0xbf9a433c) = 0
13539 15:29:38.114897 write(0, "226 Transfer complete.\r\n", 24) = 24
13539 15:29:38.115075 write(5, "\n", 1) = 1
13539 15:29:38.115127 read(5,  <unfinished ...>
13537 15:29:38.115159 close(6)          = 0
13537 15:29:38.115236 read(4, "\n", 1)  = 1
13537 15:29:38.115288 close(5)          = 0
13537 15:29:38.115335 write(4, "\1", 1) = 1
13539 15:29:38.115382 <... read resumed> "\1", 1) = 1
13539 15:29:38.115413 close(4)          = 0
13539 15:29:38.115460 rt_sigaction(SIGALRM, {0x805cad0, ~[RTMIN RT_1], 0}, NULL, 8) = 0
13539 15:29:38.115519 alarm(300)        = 0
13539 15:29:38.115622 recv(0,  <unfinished ...>
13537 15:29:38.115662 read(4,  <unfinished ...>
13534 15:29:38.598812 <... read resumed> "\n", 1) = 1
13534 15:29:38.599041 stat64(".", {st_mode=S_IFDIR|0755, st_size=4096, ...}) = 0
13534 15:29:38.599152 stat64("/sbin/nohup", 0xbfa0ab48) = -1 ENOENT (No such file or directory)
13534 15:29:38.599214 stat64("/bin/nohup", 0xbfa0ab48) = -1 ENOENT (No such file or directory)
13534 15:29:38.599265 stat64("/usr/sbin/nohup", 0xbfa0ab48) = -1 ENOENT (No such file or directory)
13534 15:29:38.599318 stat64("/usr/bin/nohup", {st_mode=S_IFREG|0755, st_size=26336, ...}) = 0
13534 15:29:38.599397 stat64("/usr/bin/nohup", {st_mode=S_IFREG|0755, st_size=26336, ...}) = 0
13534 15:29:38.599502 rt_sigprocmask(SIG_BLOCK, [INT CHLD], [], 8) = 0
13534 15:29:38.599567 clone(child_stack=0, flags=CLONE_CHILD_CLEARTID|CLONE_CHILD_SETTID|SIGCHLD, child_tidptr=0xb7d9b6f8) = 13540
13540 15:29:38.599863 rt_sigprocmask(SIG_SETMASK, [], NULL, 8) = 0
13540 15:29:38.599946 rt_sigaction(SIGTSTP, {SIG_DFL}, {SIG_DFL}, 8) = 0
13540 15:29:38.600006 rt_sigaction(SIGTTIN, {SIG_DFL}, {SIG_DFL}, 8) = 0
13540 15:29:38.600060 rt_sigaction(SIGTTOU, {SIG_DFL}, {SIG_DFL}, 8) = 0
13540 15:29:38.600129 rt_sigaction(SIGINT, {SIG_DFL}, {SIG_DFL}, 8) = 0
13540 15:29:38.600202 rt_sigaction(SIGQUIT, {SIG_DFL}, {SIG_IGN}, 8) = 0
13540 15:29:38.600351 rt_sigaction(SIGCHLD, {SIG_DFL}, {0x807e540, [], 0}, 8) = 0
13540 15:29:38.600511 open("/dev/null", O_WRONLY|O_CREAT|O_TRUNC|O_LARGEFILE, 0666) = 7
13540 15:29:38.600824 dup2(7, 1)        = 1
13540 15:29:38.600896 close(7)          = 0
13540 15:29:38.600941 dup2(1, 2)        = 2
13540 15:29:38.600982 fcntl64(1, F_GETFD) = 0
13540 15:29:38.601037 execve("/usr/bin/nohup", ["nohup"], [/* 16 vars */]) = 0
13540 15:29:38.601458 brk(0)            = 0x804f000
13540 15:29:38.601684 access("/etc/ld.so.nohwcap", F_OK) = -1 ENOENT (No such file or directory)
13540 15:29:38.601854 mmap2(NULL, 8192, PROT_READ|PROT_WRITE, MAP_PRIVATE|MAP_ANONYMOUS, -1, 0) = 0xb7f74000
13540 15:29:38.601923 access("/etc/ld.so.preload", R_OK) = -1 ENOENT (No such file or directory)
13540 15:29:38.601994 open("/etc/ld.so.cache", O_RDONLY) = 7
13540 15:29:38.602050 fstat64(7, {st_mode=S_IFREG|0644, st_size=29913, ...}) = 0
13540 15:29:38.602240 mmap2(NULL, 29913, PROT_READ, MAP_PRIVATE, 7, 0) = 0xb7f6c000
13540 15:29:38.602320 close(7)          = 0
13540 15:29:38.602395 access("/etc/ld.so.nohwcap", F_OK) = -1 ENOENT (No such file or directory)
13540 15:29:38.602537 open("/lib/tls/i686/cmov/libc.so.6", O_RDONLY) = 7
13540 15:29:38.602639 read(7, "\177ELF\1\1\1\0\0\0\0\0\0\0\0\0\3\0\3\0\1\0\0\0\260e\1\0004\0\0\0\4\307\24\0\0\0\0\0004\0 \0\n\0(\0D\0C\0\6\0\0\0004\0\0\0004\0\0\0004\0\0\0@\1\0\0@\1\0\0\5\0\0\0\4\0\0\0\3\0\0\0\2200\23\0\2200\23\0\2200\23\0\23\0\0\0\23\0\0\0\4\0\0\0\1\0\0\0\1\0\0\0\0\0\0\0\0\0\0\0\0\0\0\0(\215\24\0(\215\24\0\5\0\0\0\0\20\0\0\1\0\0\0\354\221\24\0\354\221\24\0\354\221\24\0\260\'\0\0\204T\0\0\6\0\0\0\0\20\0\0\2\0\0\0\234\255\24\0\234\255\24\0\234\255\24\0\360\0\0\0\360\0\0\0\6\0\0\0\4\0\0\0\4\0\0\0t\1\0\0t\1\0\0t\1\0\0 \0\0\0 \0\0\0\4\0\0\0\4\0\0\0\7\0\0\0\354\221\24\0\354\221\24\0\354\221\24\0\10\0\0\0,\0\0\0\4\0\0\0\4\0\0\0P\345td\2440\23\0\2440\23\0\2440\23\0\354+\0\0\354+\0\0\4\0\0\0\4\0\0\0Q\345td\0\0\0\0\0\0\0\0\0\0\0\0\0\0\0\0\0\0\0\0\6\0\0\0\4\0\0\0R\345td\354\221\24\0\354\221\24\0\354\221\24\0\10\36\0\0\10\36\0\0\4\0\0\0\1\0\0\0\4\0\0\0\20\0\0\0\1\0\0\0GNU\0\0\0\0\0\2\0\0\0\6\0\0\0\10\0\0\0\363\3\0\0\n\0\0\0\0\2\0\0\16\0\0\0\2400\20D\200 \2\1\214\3\346\220AE\210\0\204\0\10\0A\200\0@\300\200\0\f\2\f\0\0010\0\10@\"\10\246\4\210H6l\240\0260\0&\204\200\216\4\10B$\2\f\246\244\32\6c\310\0\302 \1\300\0R\0!\201\10\4\n  \250\24\0\24(`\0\0P\240\312DB", 512) = 512
13540 15:29:38.603494 fstat64(7, {st_mode=S_IFREG|0755, st_size=1364388, ...}) = 0
13540 15:29:38.603636 mmap2(NULL, 1369712, PROT_READ|PROT_EXEC, MAP_PRIVATE|MAP_DENYWRITE, 7, 0) = 0xb7e1d000
13540 15:29:38.603859 mmap2(0xb7f66000, 12288, PROT_READ|PROT_WRITE, MAP_PRIVATE|MAP_FIXED|MAP_DENYWRITE, 7, 0x149) = 0xb7f66000
13540 15:29:38.603970 mmap2(0xb7f69000, 9840, PROT_READ|PROT_WRITE, MAP_PRIVATE|MAP_FIXED|MAP_ANONYMOUS, -1, 0) = 0xb7f69000
13540 15:29:38.604068 close(7)          = 0
13540 15:29:38.604171 mmap2(NULL, 4096, PROT_READ|PROT_WRITE, MAP_PRIVATE|MAP_ANONYMOUS, -1, 0) = 0xb7e1c000
13540 15:29:38.604252 set_thread_area({entry_number:-1 -> 6, base_addr:0xb7e1c6b0, limit:1048575, seg_32bit:1, contents:0, read_exec_only:0, limit_in_pages:1, seg_not_present:0, useable:1}) = 0
13540 15:29:38.604505 mprotect(0xb7f66000, 4096, PROT_READ) = 0
13540 15:29:38.604605 munmap(0xb7f6c000, 29913) = 0
13540 15:29:38.604983 brk(0)            = 0x804f000
13540 15:29:38.605056 brk(0x8070000)    = 0x8070000
13540 15:29:38.605219 write(2, "nohup: ", 7) = 7
13540 15:29:38.605305 write(2, "missing operand", 15) = 15
13540 15:29:38.605383 write(2, "\n", 1) = 1
13540 15:29:38.605565 write(2, "Try `nohup --help\' for more information.\n", 41 <unfinished ...>
13534 15:29:38.605759 rt_sigprocmask(SIG_SETMASK, [],  <unfinished ...>
13540 15:29:38.605818 <... write resumed> ) = 41
13540 15:29:38.605977 close(1 <unfinished ...>
13534 15:29:38.606029 <... rt_sigprocmask resumed> NULL, 8) = 0
13534 15:29:38.606112 rt_sigprocmask(SIG_BLOCK, [CHLD], [], 8) = 0
13534 15:29:38.606214 rt_sigprocmask(SIG_SETMASK, [], NULL, 8) = 0
13534 15:29:38.606292 rt_sigprocmask(SIG_BLOCK, [CHLD], [], 8) = 0
13534 15:29:38.606380 rt_sigaction(SIGINT, {0x807f150, [], 0}, {SIG_DFL}, 8) = 0
13534 15:29:38.606478 waitpid(-1,  <unfinished ...>
13540 15:29:38.606542 <... close resumed> ) = 0
13540 15:29:38.606664 close(2)          = 0
13540 15:29:38.606746 exit_group(127)   = ?
13534 15:29:38.606920 <... waitpid resumed> [{WIFEXITED(s) && WEXITSTATUS(s) == 127}], 0) = 13540
13534 15:29:38.606995 rt_sigprocmask(SIG_SETMASK, [], NULL, 8) = 0
13534 15:29:38.607070 --- SIGCHLD (Child exited) @ 0 (0) ---
13534 15:29:38.607116 waitpid(-1, 0xbfa0a838, WNOHANG) = 0
13534 15:29:38.607188 sigreturn()       = ? (mask now [])
13534 15:29:38.607299 rt_sigaction(SIGINT, {SIG_DFL}, {0x807f150, [], 0}, 8) = 0
13534 15:29:38.607411 rt_sigprocmask(SIG_BLOCK, NULL, [], 8) = 0
13534 15:29:38.607496 read(0, "e", 1)   = 1
13534 15:29:38.607665 read(0, "c", 1)   = 1
13534 15:29:38.607743 read(0, "h", 1)   = 1
13534 15:29:38.607811 read(0, "o", 1)   = 1
13534 15:29:38.607879 read(0, " ", 1)   = 1
13534 15:29:38.607947 read(0, "M", 1)   = 1
13534 15:29:38.608016 read(0, "O", 1)   = 1
13534 15:29:38.608101 read(0, "C", 1)   = 1
13534 15:29:38.608148 read(0, "d", 1)   = 1
13534 15:29:38.608191 read(0, "P", 1)   = 1
13534 15:29:38.608234 read(0, "q", 1)   = 1
13534 15:29:38.608389 read(0, "3", 1)   = 1
13534 15:29:38.608442 read(0, "1", 1)   = 1
13534 15:29:38.608534 read(0, "y", 1)   = 1
13534 15:29:38.608581 read(0, "W", 1)   = 1
13534 15:29:38.608624 read(0, "U", 1)   = 1
13534 15:29:38.608667 read(0, "w", 1)   = 1
13534 15:29:38.608710 read(0, "g", 1)   = 1
13534 15:29:38.608753 read(0, "i", 1)   = 1
13534 15:29:38.608796 read(0, "y", 1)   = 1
13534 15:29:38.608839 read(0, "4", 1)   = 1
13534 15:29:38.608882 read(0, "\n", 1)  = 1
13534 15:29:38.609028 write(1, "MOCdPq31yWUwgiy4\n", 17) = 17
13534 15:29:38.609314 rt_sigprocmask(SIG_BLOCK, NULL, [], 8) = 0
13534 15:29:38.609407 read(0,  <unfinished ...>
13539 15:29:38.649836 <... recv resumed> "TYPE I\r\n", 4096, MSG_PEEK) = 8
13539 15:29:38.650016 read(0, "TYPE I\r\n", 8) = 8
13539 15:29:38.650313 write(0, "200 Switching to Binary mode.\r\n", 31) = 31
13539 15:29:38.650527 rt_sigaction(SIGALRM, {0x805cad0, ~[RTMIN RT_1], 0}, NULL, 8) = 0
13539 15:29:38.650606 alarm(300)        = 299
13539 15:29:38.650662 recv(0, "PASV\r\n", 4096, MSG_PEEK) = 6
13539 15:29:38.650712 read(0, "PASV\r\n", 6) = 6
13539 15:29:38.650769 write(5, "\n", 1 <unfinished ...>
13537 15:29:38.650818 <... read resumed> "\n", 1) = 1
13539 15:29:38.650899 <... write resumed> ) = 1
13537 15:29:38.650932 write(4, "\1", 1) = 1
13537 15:29:38.650982 read(4,  <unfinished ...>
13539 15:29:38.651013 read(5, "\1", 1)  = 1
13539 15:29:38.651104 write(5, "\f", 1 <unfinished ...>
13537 15:29:38.651149 <... read resumed> "\f", 1) = 1
13539 15:29:38.651171 <... write resumed> ) = 1
13537 15:29:38.651203 socket(PF_INET, SOCK_STREAM, IPPROTO_TCP) = 5
13537 15:29:38.651265 setsockopt(5, SOL_SOCKET, SO_REUSEADDR, [1], 4) = 0
13537 15:29:38.651324 bind(5, {sa_family=AF_INET, sin_port=htons(57922), sin_addr=inet_addr("127.0.0.1")}, 16) = 0
13537 15:29:38.651390 listen(5, 1)      = 0
13537 15:29:38.651446 write(4, "B\342\0\0", 4) = 4
13537 15:29:38.651495 read(4,  <unfinished ...>
13539 15:29:38.651526 read(5, "B\342\0\0", 4) = 4
13539 15:29:38.651596 write(0, "227 Entering Passive Mode (127,0,0,1,226,66).\r\n", 47) = 47
13539 15:29:38.652010 rt_sigaction(SIGALRM, {0x805cad0, ~[RTMIN RT_1], 0}, NULL, 8) = 0
13539 15:29:38.652141 alarm(300)        = 300
13539 15:29:38.652198 recv(0, "STOR myfile14\r\n", 4096, MSG_PEEK) = 15
13539 15:29:38.652254 read(0, "STOR myfile14\r\n", 15) = 15
13539 15:29:38.652314 write(5, "\v", 1 <unfinished ...>
13537 15:29:38.652350 <... read resumed> "\v", 1) = 1
13539 15:29:38.652372 <... write resumed> ) = 1
13537 15:29:38.652661 write(4, "\1\0\0\0", 4) = 4
13537 15:29:38.652725 read(4,  <unfinished ...>
13539 15:29:38.652757 read(5, "\1\0\0\0", 4) = 4
13539 15:29:38.652810 gettimeofday({1495654178, 652827}, NULL) = 0
13539 15:29:38.652858 getcwd("/home/msfadmin", 4096) = 15
13539 15:29:38.652913 open("myfile14", O_WRONLY|O_CREAT|O_NONBLOCK|O_LARGEFILE, 0666) = 4
13539 15:29:38.652973 fstat64(4, {st_mode=S_IFREG|0644, st_size=17, ...}) = 0
13539 15:29:38.658163 fcntl64(4, F_GETFL) = 0x8801 (flags O_WRONLY|O_NONBLOCK|O_LARGEFILE)
13539 15:29:38.658222 fcntl64(4, F_SETFL, O_WRONLY|O_LARGEFILE) = 0
13539 15:29:38.658267 fcntl64(4, F_SETLKW64, {type=F_WRLCK, whence=SEEK_SET, start=0, len=0}, 0xbf9a4394) = 0
13539 15:29:38.658341 ftruncate64(4, 0) = 0
13539 15:29:38.658449 _llseek(4, 0, [0], SEEK_SET) = 0
13539 15:29:38.658502 write(5, "\v", 1 <unfinished ...>
13537 15:29:38.658540 <... read resumed> "\v", 1) = 1
13539 15:29:38.658561 <... write resumed> ) = 1
13537 15:29:38.658567 write(4, "\1\0\0\0", 4 <unfinished ...>
13539 15:29:38.658667 read(5,  <unfinished ...>
13537 15:29:38.658714 <... write resumed> ) = 4
13539 15:29:38.658734 <... read resumed> "\1\0\0\0", 4) = 4
13537 15:29:38.658774 read(4,  <unfinished ...>
13539 15:29:38.658793 write(5, "\v", 1 <unfinished ...>
13537 15:29:38.658826 <... read resumed> "\v", 1) = 1
13539 15:29:38.658847 <... write resumed> ) = 1
13537 15:29:38.658878 write(4, "\1\0\0\0", 4 <unfinished ...>
13539 15:29:38.658924 read(5,  <unfinished ...>
13537 15:29:38.658953 <... write resumed> ) = 4
13539 15:29:38.658971 <... read resumed> "\1\0\0\0", 4) = 4
13537 15:29:38.659008 read(4,  <unfinished ...>
13539 15:29:38.659027 write(5, "\r", 1 <unfinished ...>
13537 15:29:38.659059 <... read resumed> "\r", 1) = 1
13539 15:29:38.659080 <... write resumed> ) = 1
13537 15:29:38.659115 select(6, [5], NULL, NULL, {60, 0} <unfinished ...>
13539 15:29:38.659144 read(5,  <unfinished ...>
13537 15:29:38.659173 <... select resumed> ) = 1 (in [5], left {60, 0})
13537 15:29:38.659216 accept(5, {sa_family=AF_INET, sin_port=htons(54586), sin_addr=inet_addr("127.0.0.1")}, [16]) = 6
13537 15:29:38.659314 write(4, "\1", 1 <unfinished ...>
13539 15:29:38.659348 <... read resumed> "\1", 1) = 1
13537 15:29:38.659369 <... write resumed> ) = 1
13539 15:29:38.659406 recvmsg(5,  <unfinished ...>
13537 15:29:38.659432 sendmsg(4, {msg_name(0)=NULL, msg_iov(1)=[{"\0", 1}], msg_controllen=16, {cmsg_len=16, cmsg_level=SOL_SOCKET, cmsg_type=SCM_RIGHTS, {6}}, msg_flags=0}, 0 <unfinished ...>
13539 15:29:38.659493 <... recvmsg resumed> {msg_name(0)=NULL, msg_iov(1)=[{"\0", 1}], msg_controllen=16, {cmsg_len=16, cmsg_level=SOL_SOCKET, cmsg_type=SCM_RIGHTS, {6}}, msg_flags=0}, 0) = 1
13537 15:29:38.659537 <... sendmsg resumed> ) = 1
13539 15:29:38.659622 setsockopt(6, SOL_SOCKET, SO_KEEPALIVE, [1], 4 <unfinished ...>
13537 15:29:38.659650 close(6 <unfinished ...>
13539 15:29:38.659680 <... setsockopt resumed> ) = 0
13537 15:29:38.659699 <... close resumed> ) = 0
13539 15:29:38.659734 setsockopt(6, SOL_IP, IP_TOS, [8], 4 <unfinished ...>
13537 15:29:38.659758 read(4,  <unfinished ...>
13539 15:29:38.659786 <... setsockopt resumed> ) = 0
13539 15:29:38.659818 setsockopt(6, SOL_SOCKET, SO_LINGER, {onoff=1, linger=32767}, 8) = 0
13539 15:29:38.659868 rt_sigaction(SIGALRM, {0x805cad0, ~[RTMIN RT_1], 0}, NULL, 8) = 0
13539 15:29:38.659928 alarm(300)        = 300
13539 15:29:38.659986 write(0, "150 Ok to send data.\r\n", 22) = 22
13539 15:29:38.660346 read(6, "assasaaa\na\na\na\na\n", 65536) = 17
13539 15:29:38.660416 write(4, "assasaaa\na\na\na\na\n", 17) = 17
13539 15:29:38.660541 read(6, "", 65536) = 0
13539 15:29:38.660593 rt_sigaction(SIGALRM, {0x805cad0, ~[RTMIN RT_1], 0}, NULL, 8) = 0
13539 15:29:38.660655 alarm(300)        = 300
13539 15:29:38.660699 close(6)          = 0
13539 15:29:38.660782 alarm(0)          = 300
13539 15:29:38.660828 gettimeofday({1495654178, 660844}, NULL) = 0
13539 15:29:38.660893 gettimeofday({1495654178, 660910}, NULL) = 0
13539 15:29:38.660949 fcntl64(3, F_SETLKW64, {type=F_WRLCK, whence=SEEK_SET, start=0, len=0}, 0xbf9a4334) = 0
13539 15:29:38.661013 write(3, "Wed May 24 15:29:38 2017 [pid 13539] [msfadmin] OK UPLOAD: Client \"127.0.0.1\", \"/home/msfadmin/myfile14\", 17 bytes, 2.05Kbyte/sec\n", 130) = 130
13539 15:29:38.661101 fcntl64(3, F_SETLK64, {type=F_UNLCK, whence=SEEK_SET, start=0, len=0}, 0xbf9a433c) = 0
13539 15:29:38.661164 write(0, "226 Transfer complete.\r\n", 24) = 24
13539 15:29:38.661340 write(5, "\n", 1 <unfinished ...>
13537 15:29:38.661382 <... read resumed> "\n", 1) = 1
13539 15:29:38.661404 <... write resumed> ) = 1
13537 15:29:38.661483 close(5 <unfinished ...>
13539 15:29:38.661513 read(5,  <unfinished ...>
13537 15:29:38.661551 <... close resumed> ) = 0
13537 15:29:38.661581 write(4, "\1", 1 <unfinished ...>
13539 15:29:38.661618 <... read resumed> "\1", 1) = 1
13537 15:29:38.661640 <... write resumed> ) = 1
13539 15:29:38.661671 close(4 <unfinished ...>
13537 15:29:38.661690 read(4,  <unfinished ...>
13539 15:29:38.661719 <... close resumed> ) = 0
13539 15:29:38.661750 rt_sigaction(SIGALRM, {0x805cad0, ~[RTMIN RT_1], 0}, NULL, 8) = 0
13539 15:29:38.661809 alarm(300)        = 0
13539 15:29:38.661859 recv(0,  <unfinished ...>
13534 15:29:38.730617 <... read resumed> "", 1) = 0
13534 15:29:38.730710 exit_group(0)     = ?
13535 15:29:38.730779 <... read resumed> "", 1) = 0
13535 15:29:38.730797 fcntl64(0, F_GETFL) = 0x2 (flags O_RDWR)
13535 15:29:38.730815 fcntl64(0, F_SETFL, O_RDWR|O_NONBLOCK) = 0
13535 15:29:38.730843 write(0, "500 OOPS: ", 10) = 10
13535 15:29:38.730931 write(0, "priv_sock_get_result", 20) = 20
13535 15:29:38.730998 write(0, "\r\n", 2) = 2
13535 15:29:38.731052 exit_group(1)     = ?
4439  15:29:38.731327 <... select resumed> ) = ? ERESTARTNOHAND (To be restarted)
4439  15:29:38.731343 --- SIGCHLD (Child exited) @ 0 (0) ---
4439  15:29:38.731356 write(4, "\21", 1) = 1
4439  15:29:38.731377 sigreturn()       = ? (mask now [])
4439  15:29:38.731425 select(13, [3 5 6 8 9 10 11 12], NULL, NULL, NULL) = 1 (in [3])
4439  15:29:38.731451 ioctl(3, FIONREAD, [1]) = 0
4439  15:29:38.731471 read(3, "\21", 1) = 1
4439  15:29:38.731489 waitpid(-1, [{WIFEXITED(s) && WEXITSTATUS(s) == 0}], WNOHANG) = 13534
4439  15:29:38.731515 close(-1)         = -1 EBADF (Bad file descriptor)
4439  15:29:38.731534 waitpid(-1, 0xbff6282c, WNOHANG) = 0
4439  15:29:38.731548 select(13, [3 5 6 8 9 10 11 12], NULL, NULL, NULL <unfinished ...>
