10233 14:56:02.698269 fstat64(5, {st_mode=S_IFREG|0644, st_size=520, ...}) = 0
10233 14:56:02.698310 mmap2(NULL, 4096, PROT_READ|PROT_WRITE, MAP_PRIVATE|MAP_ANONYMOUS, -1, 0) = 0xb7fca000
10233 14:56:02.698335 read(5, "#\n# /etc/pam.d/other - specify the PAM fallback behaviour\n#\n# Note that this file is used for any unspecified service; for example\n#if /etc/pam.d/cron  specifies no session modules but cron calls\n#pam_open_session, the session module out of /etc/pam.d/other is\n#used.  If you really want nothing to happen then use pam_permit.so or\n#pam_deny.so as appropriate.\n\n# We fall back to the system default in /etc/pam.d/common-*\n# \n\n@include common-auth\n@include common-account\n@include common-password\n@include common-session\n", 4096) = 520
10233 14:56:02.698473 stat64("/etc/pam.d", {st_mode=S_IFDIR|0755, st_size=4096, ...}) = 0
10233 14:56:02.698523 open("/etc/pam.d/common-auth", O_RDONLY|O_LARGEFILE) = 6
10233 14:56:02.698555 fstat64(6, {st_mode=S_IFREG|0644, st_size=476, ...}) = 0
10233 14:56:02.698595 mmap2(NULL, 4096, PROT_READ|PROT_WRITE, MAP_PRIVATE|MAP_ANONYMOUS, -1, 0) = 0xb7fc4000
10233 14:56:02.698622 read(6, "#\n# /etc/pam.d/common-auth - authentication settings common to all services\n#\n# This file is included from other service-specific PAM config files,\n# and should contain a list of the authentication modules that define\n# the central authentication scheme for use on the system\n# (e.g., /etc/shadow, LDAP, Kerberos, etc.).  The default is to use the\n# traditional Unix authentication mechanisms.\n#\nauth\trequisite\tpam_unix.so nullok_secure\n# auth\toptional\tpam_smbpass.so migrate\n", 4096) = 476
10233 14:56:02.698739 read(6, "", 4096) = 0
10233 14:56:02.698764 close(6)          = 0
10233 14:56:02.698793 munmap(0xb7fc4000, 4096) = 0
10233 14:56:02.698822 stat64("/etc/pam.d", {st_mode=S_IFDIR|0755, st_size=4096, ...}) = 0
10233 14:56:02.698873 open("/etc/pam.d/common-account", O_RDONLY|O_LARGEFILE) = 6
10233 14:56:02.698921 fstat64(6, {st_mode=S_IFREG|0644, st_size=392, ...}) = 0
10233 14:56:02.698982 mmap2(NULL, 4096, PROT_READ|PROT_WRITE, MAP_PRIVATE|MAP_ANONYMOUS, -1, 0) = 0xb7fc4000
10233 14:56:02.699036 read(6, "#\n# /etc/pam.d/common-account - authorization settings common to all services\n#\n# This file is included from other service-specific PAM config files,\n# and should contain a list of the authorization modules that define\n# the central access policy for use on the system.  The default is to\n# only deny service to users whose accounts are expired in /etc/shadow.\n#\naccount\trequired\tpam_unix.so\n", 4096) = 392
10233 14:56:02.699184 read(6, "", 4096) = 0
10233 14:56:02.699222 close(6)          = 0
10233 14:56:02.699257 munmap(0xb7fc4000, 4096) = 0
10233 14:56:02.699298 stat64("/etc/pam.d", {st_mode=S_IFDIR|0755, st_size=4096, ...}) = 0
10233 14:56:02.699368 open("/etc/pam.d/common-password", O_RDONLY|O_LARGEFILE) = 6
10233 14:56:02.699449 fstat64(6, {st_mode=S_IFREG|0644, st_size=1563, ...}) = 0
10233 14:56:02.699512 mmap2(NULL, 4096, PROT_READ|PROT_WRITE, MAP_PRIVATE|MAP_ANONYMOUS, -1, 0) = 0xb7fc4000
10233 14:56:02.699552 read(6, "#\n# /etc/pam.d/common-password - password-related modules common to all services\n#\n# This file is included from other service-specific PAM config files,\n# and should contain a list of modules that define the services to be\n# used to change user passwords.  The default is pam_unix.\n\n# Explanation of pam_unix options:\n#\n# The \"nullok\" option allows users to change an empty password, else\n# empty passwords are treated as locked accounts.\n#\n# The \"md5\" option enables MD5 passwords.  Without this option, the\n# default is Unix crypt.\n#\n# The \"obscure\" option replaces the old `OBSCURE_CHECKS_ENAB\' option in\n# login.defs.\n#\n# You can also use the \"min\" option to enforce the length of the new\n# password.\n#\n# See the pam_unix manpage for other options.\n\npassword   requisite   pam_unix.so nullok obscure md5\n\n# Alternate strength checking for password. Note that this\n# requires the libpam-cracklib package to be installed.\n# You will need to comment out the password line above and\n# uncomment the next two in order to use this.\n# (Replaces the `OBSCURE_CHECKS_ENAB\', `CRACKLIB_DICTPATH\')\n#\n# password required\t  pam_cracklib.so retry=3 minlen=6 difok=3\n# password required\t  pam_unix.so use_authtok nullok md5\n\n# minimally-intrusive inclusion of smbpass in the stack for\n# synchronization.  If the module is absent or the passwords don\'t\n# match, this module will be ignored without prompting; and if the \n# passwords do match, the NTLM hash for the user will be updated\n# automatically.\n# password   optional   pam_smbpass.so nullok use_authtok use_first_pass\n", 4096) = 1563
10233 14:56:02.699993 read(6, "", 4096) = 0
10233 14:56:02.700033 close(6)          = 0
10233 14:56:02.700069 munmap(0xb7fc4000, 4096) = 0
10233 14:56:02.700110 stat64("/etc/pam.d", {st_mode=S_IFDIR|0755, st_size=4096, ...}) = 0
10233 14:56:02.700183 open("/etc/pam.d/common-session", O_RDONLY|O_LARGEFILE) = 6
10233 14:56:02.700235 fstat64(6, {st_mode=S_IFREG|0644, st_size=372, ...}) = 0
10233 14:56:02.700298 mmap2(NULL, 4096, PROT_READ|PROT_WRITE, MAP_PRIVATE|MAP_ANONYMOUS, -1, 0) = 0xb7fc4000
10233 14:56:02.700359 read(6, "#\n# /etc/pam.d/common-session - session-related modules common to all services\n#\n# This file is included from other service-specific PAM config files,\n# and should contain a list of modules that define tasks to be performed\n# at the start and end of sessions of *any* kind (both interactive and\n# non-interactive).  The default is pam_unix.\n#\nsession\trequired\tpam_unix.so\n", 4096) = 372
10233 14:56:02.700469 read(6, "", 4096) = 0
10233 14:56:02.700494 close(6)          = 0
10233 14:56:02.700519 munmap(0xb7fc4000, 4096) = 0
10233 14:56:02.700546 read(5, "", 4096) = 0
10233 14:56:02.700570 close(5)          = 0
10233 14:56:02.700593 munmap(0xb7fca000, 4096) = 0
10233 14:56:02.700627 time(NULL)        = 1495652162
10233 14:56:02.700657 lstat64("/etc/ftpusers", {st_mode=S_IFREG|0644, st_size=132, ...}) = 0
10233 14:56:02.700703 open("/etc/ftpusers", O_RDONLY|O_LARGEFILE) = 5
10233 14:56:02.700734 fstat64(5, {st_mode=S_IFREG|0644, st_size=132, ...}) = 0
10233 14:56:02.700783 mmap2(NULL, 4096, PROT_READ|PROT_WRITE, MAP_PRIVATE|MAP_ANONYMOUS, -1, 0) = 0xb7fca000
10233 14:56:02.700811 read(5, "# /etc/ftpusers: list of users disallowed FTP access. See ftpusers(5).\n\nroot\ndaemon\nbin\nsys\nsync\ngames\nman\nlp\nmail\nnews\nuucp\nnobody\n", 4096) = 132
10233 14:56:02.700864 read(5, "", 4096) = 0
10233 14:56:02.700887 close(5)          = 0
10233 14:56:02.700910 munmap(0xb7fca000, 4096) = 0
10233 14:56:02.700949 getuid32()        = 0
10233 14:56:02.700991 open("/etc/passwd", O_RDONLY|0x80000 /* O_??? */) = 5
10233 14:56:02.701028 _llseek(5, 0, [0], SEEK_CUR) = 0
10233 14:56:02.701056 fstat64(5, {st_mode=S_IFREG|0644, st_size=1624, ...}) = 0
10233 14:56:02.701096 mmap2(NULL, 1624, PROT_READ, MAP_SHARED, 5, 0) = 0xb7fca000
10233 14:56:02.701123 _llseek(5, 1624, [1624], SEEK_SET) = 0
10233 14:56:02.701170 munmap(0xb7fca000, 1624) = 0
10233 14:56:02.701197 close(5)          = 0
10233 14:56:02.701260 open("/etc/shadow", O_RDONLY|0x80000 /* O_??? */) = 5
10233 14:56:02.701302 _llseek(5, 0, [0], SEEK_CUR) = 0
10233 14:56:02.701357 fstat64(5, {st_mode=S_IFREG|0640, st_size=1233, ...}) = 0
10233 14:56:02.701399 mmap2(NULL, 1233, PROT_READ, MAP_SHARED, 5, 0) = 0xb7fca000
10233 14:56:02.701427 _llseek(5, 1233, [1233], SEEK_SET) = 0
10233 14:56:02.701476 munmap(0xb7fca000, 1233) = 0
10233 14:56:02.701501 close(5)          = 0
10233 14:56:02.701550 open("/etc/passwd", O_RDONLY|0x80000 /* O_??? */) = 5
10233 14:56:02.701584 _llseek(5, 0, [0], SEEK_CUR) = 0
10233 14:56:02.701610 fstat64(5, {st_mode=S_IFREG|0644, st_size=1624, ...}) = 0
10233 14:56:02.701650 mmap2(NULL, 1624, PROT_READ, MAP_SHARED, 5, 0) = 0xb7fca000
10233 14:56:02.701676 _llseek(5, 1624, [1624], SEEK_SET) = 0
10233 14:56:02.701715 munmap(0xb7fca000, 1624) = 0
10233 14:56:02.701739 close(5)          = 0
10233 14:56:02.701770 open("/etc/shadow", O_RDONLY|0x80000 /* O_??? */) = 5
10233 14:56:02.701802 _llseek(5, 0, [0], SEEK_CUR) = 0
10233 14:56:02.701827 fstat64(5, {st_mode=S_IFREG|0640, st_size=1233, ...}) = 0
10233 14:56:02.701867 mmap2(NULL, 1233, PROT_READ, MAP_SHARED, 5, 0) = 0xb7fca000
10233 14:56:02.701892 _llseek(5, 1233, [1233], SEEK_SET) = 0
10233 14:56:02.701933 munmap(0xb7fca000, 1233) = 0
10233 14:56:02.701956 close(5)          = 0
10233 14:56:02.702674 getuid32()        = 0
10233 14:56:02.702708 open("/etc/passwd", O_RDONLY|0x80000 /* O_??? */) = 5
10233 14:56:02.702741 _llseek(5, 0, [0], SEEK_CUR) = 0
10233 14:56:02.702766 fstat64(5, {st_mode=S_IFREG|0644, st_size=1624, ...}) = 0
10233 14:56:02.702806 mmap2(NULL, 1624, PROT_READ, MAP_SHARED, 5, 0) = 0xb7fca000
10233 14:56:02.702832 _llseek(5, 1624, [1624], SEEK_SET) = 0
10233 14:56:02.702871 munmap(0xb7fca000, 1624) = 0
10233 14:56:02.702893 close(5)          = 0
10233 14:56:02.702893 open("/etc/shadow", O_RDONLY|0x80000 /* O_??? */) = 5
10233 14:56:02.702893 _llseek(5, 0, [0], SEEK_CUR) = 0
10233 14:56:02.702893 fstat64(5, {st_mode=S_IFREG|0640, st_size=1233, ...}) = 0
10233 14:56:02.702894 mmap2(NULL, 1233, PROT_READ, MAP_SHARED, 5, 0) = 0xb7fca000
10233 14:56:02.702894 _llseek(5, 1233, [1233], SEEK_SET) = 0
10233 14:56:02.702894 munmap(0xb7fca000, 1233) = 0
10233 14:56:02.702894 close(5)          = 0
10233 14:56:02.702918 time(NULL)        = 1495652162
10233 14:56:02.702959 munmap(0xb7fc7000, 12164) = 0
10233 14:56:02.702994 munmap(0xb7fc5000, 7136) = 0
10233 14:56:02.703030 munmap(0xb7dfa000, 95428) = 0
10233 14:56:02.703060 munmap(0xb7dc0000, 201052) = 0
10233 14:56:02.703087 munmap(0xb7da7000, 101180) = 0
10233 14:56:02.703131 gettimeofday({1495652162, 703141}, NULL) = 0
10233 14:56:02.703161 stat64("/usr/share/zoneinfo/UTC+04:00", 0xbff09074) = -1 ENOENT (No such file or directory)
10233 14:56:02.703199 open("/usr/share/zoneinfo/UTC+04:00", O_RDONLY) = -1 ENOENT (No such file or directory)
10233 14:56:02.703264 fcntl64(3, F_SETLKW64, {type=F_WRLCK, whence=SEEK_SET, start=0, len=0}, 0xbff091c4) = 0
10233 14:56:02.703306 write(3, "Wed May 24 14:56:02 2017 [pid 10233] [msfadmin] OK LOGIN: Client \"127.0.0.1\"\n", 77) = 77
10233 14:56:02.703359 fcntl64(3, F_SETLK64, {type=F_UNLCK, whence=SEEK_SET, start=0, len=0}, 0xbff091cc) = 0
10233 14:56:02.703392 rt_sigaction(SIGCHLD, {0x805cad0, ~[RTMIN RT_1], 0}, NULL, 8) = 0
10233 14:56:02.703428 write(4, "\1", 1 <unfinished ...>
10234 14:56:02.703454 <... read resumed> "\1", 1) = 1
10233 14:56:02.703468 <... write resumed> ) = 1
10234 14:56:02.703487 exit_group(0)     = ?
10233 14:56:02.703568 --- SIGCHLD (Child exited) @ 0 (0) ---
10233 14:56:02.703586 sigreturn()       = ? (mask now [])
10233 14:56:02.703632 wait4(-1, [{WIFEXITED(s) && WEXITSTATUS(s) == 0}], 0, NULL) = 10234
10233 14:56:02.703664 close(4)          = 0
10233 14:56:02.703693 socketpair(PF_FILE, SOCK_STREAM, 0, [4, 5]) = 0
10233 14:56:02.703728 rt_sigaction(SIGCHLD, {0x805cad0, ~[RTMIN RT_1], 0}, NULL, 8) = 0
10233 14:56:02.703763 rt_sigaction(SIGALRM, {0x805cb10, ~[RTMIN RT_1], 0}, NULL, 8) = 0
10233 14:56:02.703797 clone(child_stack=0, flags=CLONE_CHILD_CLEARTID|CLONE_CHILD_SETTID|SIGCHLD, child_tidptr=0xb7e306f8) = 10235
10235 14:56:02.703965 prctl(0x1, 0x9, 0, 0, 0) = 0
10235 14:56:02.704000 close(4)          = 0
10235 14:56:02.704073 open("/etc/passwd", O_RDONLY|0x80000 /* O_??? */) = 4
10235 14:56:02.704116 _llseek(4, 0, [0], SEEK_CUR) = 0
10235 14:56:02.704154 fstat64(4, {st_mode=S_IFREG|0644, st_size=1624, ...}) = 0
10235 14:56:02.704199 mmap2(NULL, 1624, PROT_READ, MAP_SHARED, 4, 0) = 0xb7fca000
10235 14:56:02.704229 _llseek(4, 1624, [1624], SEEK_SET) = 0
10235 14:56:02.704285 munmap(0xb7fca000, 1624) = 0
10235 14:56:02.704314 close(4)          = 0
10235 14:56:02.704347 getuid32()        = 0
10235 14:56:02.705067 open("/etc/passwd", O_RDONLY|0x80000 /* O_??? */) = 4
10235 14:56:02.705178 _llseek(4, 0, [0], SEEK_CUR) = 0
10235 14:56:02.705246 fstat64(4, {st_mode=S_IFREG|0644, st_size=1624, ...}) = 0
10235 14:56:02.705316 mmap2(NULL, 1624, PROT_READ, MAP_SHARED, 4, 0) = 0xb7fca000
10235 14:56:02.705362 _llseek(4, 1624, [1624], SEEK_SET) = 0
10235 14:56:02.705403 munmap(0xb7fca000, 1624) = 0
10235 14:56:02.705428 close(4)          = 0
10235 14:56:02.705519 open("/proc/sys/kernel/ngroups_max", O_RDONLY) = 4
10235 14:56:02.705576 read(4, "65536\n", 31) = 6
10235 14:56:02.705608 close(4)          = 0
10235 14:56:02.705644 socket(PF_FILE, SOCK_STREAM, 0) = 4
10235 14:56:02.705687 fcntl64(4, F_SETFL, O_RDWR|O_NONBLOCK) = 0
10235 14:56:02.705719 connect(4, {sa_family=AF_FILE, path="/var/run/nscd/socket"}, 110) = -1 ENOENT (No such file or directory)
10235 14:56:02.705784 close(4)          = 0
10235 14:56:02.705813 socket(PF_FILE, SOCK_STREAM, 0) = 4
10235 14:56:02.705838 fcntl64(4, F_SETFL, O_RDWR|O_NONBLOCK) = 0
10235 14:56:02.705864 connect(4, {sa_family=AF_FILE, path="/var/run/nscd/socket"}, 110) = -1 ENOENT (No such file or directory)
10235 14:56:02.705908 close(4)          = 0
10235 14:56:02.705968 open("/etc/group", O_RDONLY|0x80000 /* O_??? */) = 4
10235 14:56:02.706004 _llseek(4, 0, [0], SEEK_CUR) = 0
10235 14:56:02.706031 fstat64(4, {st_mode=S_IFREG|0644, st_size=886, ...}) = 0
10235 14:56:02.706073 mmap2(NULL, 886, PROT_READ, MAP_SHARED, 4, 0) = 0xb7fca000
10235 14:56:02.706100 _llseek(4, 886, [886], SEEK_SET) = 0
10235 14:56:02.706161 fstat64(4, {st_mode=S_IFREG|0644, st_size=886, ...}) = 0
10235 14:56:02.706203 munmap(0xb7fca000, 886) = 0
10235 14:56:02.706228 close(4)          = 0
10235 14:56:02.706253 setgroups32(13, [1000, 4, 20, 24, 25, 29, 30, 44, 46, 107, 111, 112, 119]) = 0
10235 14:56:02.706294 geteuid32()       = 0
10235 14:56:02.706322 getegid32()       = 0
10235 14:56:02.706348 setregid32(-1, 1000) = 0
10235 14:56:02.706374 setreuid32(-1, 1000) = 0
10235 14:56:02.706401 chdir("/home/msfadmin") = 0
10235 14:56:02.706429 setreuid32(-1, 0) = 0
10235 14:56:02.706452 setregid32(-1, 0) = 0
10235 14:56:02.706504 setgid32(1000)    = 0
10235 14:56:02.706530 setuid32(1000)    = 0
10235 14:56:02.706556 setrlimit(RLIMIT_NPROC, {rlim_cur=0, rlim_max=0}) = 0
10235 14:56:02.706591 mmap2(NULL, 12288, PROT_READ|PROT_WRITE, MAP_PRIVATE|MAP_ANONYMOUS, -1, 0) = 0xb7fc8000
10235 14:56:02.706619 mprotect(0xb7fca000, 4096, PROT_NONE) = 0
10235 14:56:02.706658 mprotect(0xb7fc8000, 4096, PROT_NONE) = 0
10235 14:56:02.706687 getcwd("/home/msfadmin", 4096) = 15
10235 14:56:02.706720 umask(022)        = 077
10235 14:56:02.706745 getcwd("/home/msfadmin", 4096) = 15
10235 14:56:02.706778 open(".message", O_RDONLY|O_NONBLOCK|O_LARGEFILE) = -1 ENOENT (No such file or directory)
10235 14:56:02.706835 write(0, "230 Login successful.\r\n", 23) = 23
10235 14:56:02.707059 rt_sigaction(SIGALRM, {0x805cad0, ~[RTMIN RT_1], 0}, NULL, 8) = 0
10235 14:56:02.707102 alarm(300)        = 0
10235 14:56:02.707130 mmap2(NULL, 12288, PROT_READ|PROT_WRITE, MAP_PRIVATE|MAP_ANONYMOUS, -1, 0) = 0xb7fc5000
10235 14:56:02.707158 mprotect(0xb7fc7000, 4096, PROT_NONE) = 0
10235 14:56:02.707186 mprotect(0xb7fc5000, 4096, PROT_NONE) = 0
10235 14:56:02.707218 recv(0, "TYPE I\r\n", 4096, MSG_PEEK) = 8
10235 14:56:02.707249 read(0, "TYPE I\r\n", 8) = 8
10235 14:56:02.707291 write(0, "200 Switching to Binary mode.\r\n", 31) = 31
10235 14:56:02.707387 rt_sigaction(SIGALRM, {0x805cad0, ~[RTMIN RT_1], 0}, NULL, 8) = 0
10235 14:56:02.707440 alarm(300)        = 300
10235 14:56:02.707478 recv(0, "PASV\r\n", 4096, MSG_PEEK) = 6
10235 14:56:02.707507 read(0, "PASV\r\n", 6) = 6
10235 14:56:02.707538 write(5, "\n", 1) = 1
10235 14:56:02.707565 read(5,  <unfinished ...>
10233 14:56:02.707595 close(5)          = 0
10233 14:56:02.707626 getuid32()        = 0
10233 14:56:02.707666 open("/etc/passwd", O_RDONLY|0x80000 /* O_??? */) = 5
10233 14:56:02.707702 _llseek(5, 0, [0], SEEK_CUR) = 0
10233 14:56:02.707733 fstat64(5, {st_mode=S_IFREG|0644, st_size=1624, ...}) = 0
10233 14:56:02.707778 mmap2(NULL, 1624, PROT_READ, MAP_SHARED, 5, 0) = 0xb7fca000
10233 14:56:02.707806 _llseek(5, 1624, [1624], SEEK_SET) = 0
10233 14:56:02.707849 munmap(0xb7fca000, 1624) = 0
10233 14:56:02.707878 close(5)          = 0
10233 14:56:02.707917 setgroups32(0, []) = 0
10233 14:56:02.707946 chdir("/usr/share/empty") = 0
10233 14:56:02.707976 chroot(".")       = 0
10233 14:56:02.708003 capset(NULL, NULL) = -1 EFAULT (Bad address)
10233 14:56:02.708036 prctl(0x8, 0, 0xbff091a8, 0x80549a6, 0xbff09190) = 0
10233 14:56:02.708064 prctl(0x8, 0x1, 0xbff091a8, 0x8054a49, 0xbff09190) = 0
10233 14:56:02.708089 setgid32(65534)   = 0
10233 14:56:02.708113 setuid32(65534)   = 0
10233 14:56:02.708137 capset(0x19980330, 0, {CAP_NET_BIND_SERVICE, CAP_NET_BIND_SERVICE, 0}) = 0
10233 14:56:02.708170 read(4, "\n", 1)  = 1
10233 14:56:02.708203 write(4, "\1", 1) = 1
10235 14:56:02.708230 <... read resumed> "\1", 1) = 1
10235 14:56:02.708249 write(5, "\f", 1) = 1
10235 14:56:02.708274 read(5,  <unfinished ...>
10233 14:56:02.708290 read(4, "\f", 1)  = 1
10233 14:56:02.708321 socket(PF_INET, SOCK_STREAM, IPPROTO_TCP) = 5
10233 14:56:02.708354 setsockopt(5, SOL_SOCKET, SO_REUSEADDR, [1], 4) = 0
10233 14:56:02.708383 gettimeofday({1495652162, 708407}, NULL) = 0
10233 14:56:02.708444 bind(5, {sa_family=AF_INET, sin_port=htons(31897), sin_addr=inet_addr("127.0.0.1")}, 16) = 0
10233 14:56:02.708485 listen(5, 1)      = 0
10233 14:56:02.708518 write(4, "\231|\0\0", 4) = 4
10235 14:56:02.708546 <... read resumed> "\231|\0\0", 4) = 4
10235 14:56:02.708581 write(0, "227 Entering Passive Mode (127,0,0,1,124,153).\r\n", 48) = 48
10235 14:56:02.708828 rt_sigaction(SIGALRM, {0x805cad0, ~[RTMIN RT_1], 0}, NULL, 8) = 0
10235 14:56:02.708869 alarm(300)        = 300
10235 14:56:02.708898 recv(0, "STOR myfile25\r\n", 4096, MSG_PEEK) = 15
10235 14:56:02.708928 read(0, "STOR myfile25\r\n", 15) = 15
10235 14:56:02.708965 write(5, "\v", 1) = 1
10235 14:56:02.708991 read(5,  <unfinished ...>
10233 14:56:02.709009 read(4, "\v", 1)  = 1
10233 14:56:02.709036 write(4, "\1\0\0\0", 4) = 4
10235 14:56:02.709063 <... read resumed> "\1\0\0\0", 4) = 4
10235 14:56:02.709084 gettimeofday({1495652162, 709093}, NULL) = 0
10235 14:56:02.709111 getcwd("/home/msfadmin", 4096) = 15
10235 14:56:02.709141 open("myfile25", O_WRONLY|O_CREAT|O_NONBLOCK|O_LARGEFILE, 0666) = 4
10235 14:56:02.709174 fstat64(4, {st_mode=S_IFREG|0644, st_size=17, ...}) = 0
10235 14:56:02.709216 fcntl64(4, F_GETFL) = 0x8801 (flags O_WRONLY|O_NONBLOCK|O_LARGEFILE)
10235 14:56:02.709254 fcntl64(4, F_SETFL, O_WRONLY|O_LARGEFILE) = 0
10235 14:56:02.709279 fcntl64(4, F_SETLKW64, {type=F_WRLCK, whence=SEEK_SET, start=0, len=0}, 0xbff090f4) = 0
10235 14:56:02.709317 ftruncate64(4, 0) = 0
10235 14:56:02.709379 _llseek(4, 0, [0], SEEK_SET) = 0
10235 14:56:02.709415 write(5, "\v", 1) = 1
10235 14:56:02.709441 read(5,  <unfinished ...>
10233 14:56:02.709459 read(4, "\v", 1)  = 1
10233 14:56:02.709487 write(4, "\1\0\0\0", 4) = 4
10235 14:56:02.709513 <... read resumed> "\1\0\0\0", 4) = 4
10235 14:56:02.709532 write(5, "\v", 1) = 1
10235 14:56:02.709556 read(5,  <unfinished ...>
10233 14:56:02.709573 read(4, "\v", 1)  = 1
10233 14:56:02.709599 write(4, "\1\0\0\0", 4) = 4
10235 14:56:02.709624 <... read resumed> "\1\0\0\0", 4) = 4
10235 14:56:02.709642 write(5, "\r", 1) = 1
10235 14:56:02.709667 read(5,  <unfinished ...>
10233 14:56:02.709683 read(4, "\r", 1)  = 1
10233 14:56:02.709714 select(6, [5], NULL, NULL, {60, 0}) = 1 (in [5], left {60, 0})
10233 14:56:02.709756 accept(5, {sa_family=AF_INET, sin_port=htons(47007), sin_addr=inet_addr("127.0.0.1")}, [16]) = 6
10233 14:56:02.709812 write(4, "\1", 1) = 1
10235 14:56:02.709838 <... read resumed> "\1", 1) = 1
10235 14:56:02.709862 recvmsg(5,  <unfinished ...>
10233 14:56:02.709885 sendmsg(4, {msg_name(0)=NULL, msg_iov(1)=[{"\0", 1}], msg_controllen=16, {cmsg_len=16, cmsg_level=SOL_SOCKET, cmsg_type=SCM_RIGHTS, {6}}, msg_flags=0}, 0) = 1
10235 14:56:02.709927 <... recvmsg resumed> {msg_name(0)=NULL, msg_iov(1)=[{"\0", 1}], msg_controllen=16, {cmsg_len=16, cmsg_level=SOL_SOCKET, cmsg_type=SCM_RIGHTS, {6}}, msg_flags=0}, 0) = 1
10235 14:56:02.709960 setsockopt(6, SOL_SOCKET, SO_KEEPALIVE, [1], 4) = 0
10235 14:56:02.709990 setsockopt(6, SOL_IP, IP_TOS, [8], 4) = 0
10235 14:56:02.710019 setsockopt(6, SOL_SOCKET, SO_LINGER, {onoff=1, linger=32767}, 8) = 0
10235 14:56:02.710046 rt_sigaction(SIGALRM, {0x805cad0, ~[RTMIN RT_1], 0}, NULL, 8) = 0
10235 14:56:02.710080 alarm(300)        = 300
10235 14:56:02.710111 write(0, "150 Ok to send data.\r\n", 22) = 22
10235 14:56:02.710263 mmap2(NULL, 77824, PROT_READ|PROT_WRITE, MAP_PRIVATE|MAP_ANONYMOUS, -1, 0) = 0xb7dff000
10235 14:56:02.710298 mprotect(0xb7e11000, 4096, PROT_NONE) = 0
10235 14:56:02.710366 mprotect(0xb7dff000, 4096, PROT_NONE) = 0
10235 14:56:02.710418 read(6, "assasaaa\na\na\na\na\n", 65536) = 17
10235 14:56:02.710474 write(4, "assasaaa\na\na\na\na\n", 17) = 17
10235 14:56:02.710527 read(6, "", 65536) = 0
10235 14:56:02.710554 rt_sigaction(SIGALRM, {0x805cad0, ~[RTMIN RT_1], 0}, NULL, 8) = 0
10235 14:56:02.710589 alarm(300)        = 300
10235 14:56:02.710614 close(6)          = 0
10235 14:56:02.710637 alarm(0)          = 300
10235 14:56:02.710661 gettimeofday({1495652162, 710670}, NULL) = 0
10235 14:56:02.710705 getpid()          = 10235
10235 14:56:02.710735 gettimeofday({1495652162, 710744}, NULL) = 0
10235 14:56:02.710777 fcntl64(3, F_SETLKW64, {type=F_WRLCK, whence=SEEK_SET, start=0, len=0}, 0xbff09094) = 0
10235 14:56:02.710813 write(3, "Wed May 24 14:56:02 2017 [pid 10235] [msfadmin] OK UPLOAD: Client \"127.0.0.1\", \"/home/msfadmin/myfile25\", 17 bytes, 10.06Kbyte/sec\n", 131) = 131
10235 14:56:02.710863 fcntl64(3, F_SETLK64, {type=F_UNLCK, whence=SEEK_SET, start=0, len=0}, 0xbff0909c) = 0
10235 14:56:02.710898 write(0, "226 Transfer complete.\r\n", 24) = 24
10235 14:56:02.711002 write(5, "\n", 1) = 1
10235 14:56:02.711032 read(5,  <unfinished ...>
10233 14:56:02.711050 close(6)          = 0
10233 14:56:02.711094 read(4, "\n", 1)  = 1
10233 14:56:02.711123 close(5)          = 0
10233 14:56:02.711150 write(4, "\1", 1) = 1
10235 14:56:02.711177 <... read resumed> "\1", 1) = 1
10235 14:56:02.711194 close(4)          = 0
10235 14:56:02.711222 rt_sigaction(SIGALRM, {0x805cad0, ~[RTMIN RT_1], 0}, NULL, 8) = 0
10235 14:56:02.711255 alarm(300)        = 0
10235 14:56:02.711282 recv(0,  <unfinished ...>
10233 14:56:02.711321 read(4,  <unfinished ...>
10235 14:56:03.216068 <... recv resumed> "TYPE I\r\n", 4096, MSG_PEEK) = 8
10235 14:56:03.216173 read(0, "TYPE I\r\n", 8) = 8
10235 14:56:03.216279 write(0, "200 Switching to Binary mode.\r\n", 31) = 31
10235 14:56:03.216539 rt_sigaction(SIGALRM, {0x805cad0, ~[RTMIN RT_1], 0}, NULL, 8) = 0
10235 14:56:03.216616 alarm(300)        = 299
10235 14:56:03.216668 recv(0, "PASV\r\n", 4096, MSG_PEEK) = 6
10235 14:56:03.216720 read(0, "PASV\r\n", 6) = 6
10235 14:56:03.216773 write(5, "\n", 1) = 1
10235 14:56:03.216824 read(5,  <unfinished ...>
10233 14:56:03.216855 <... read resumed> "\n", 1) = 1
10233 14:56:03.216891 write(4, "\1", 1) = 1
10235 14:56:03.216937 <... read resumed> "\1", 1) = 1
10235 14:56:03.216968 write(5, "\f", 1) = 1
10235 14:56:03.217011 read(5,  <unfinished ...>
10233 14:56:03.217040 read(4, "\f", 1)  = 1
10233 14:56:03.217091 socket(PF_INET, SOCK_STREAM, IPPROTO_TCP) = 5
10233 14:56:03.217151 setsockopt(5, SOL_SOCKET, SO_REUSEADDR, [1], 4) = 0
10233 14:56:03.217209 bind(5, {sa_family=AF_INET, sin_port=htons(51958), sin_addr=inet_addr("127.0.0.1")}, 16) = 0
10233 14:56:03.217274 listen(5, 1)      = 0
10233 14:56:03.217330 write(4, "\366\312\0\0", 4) = 4
10235 14:56:03.217379 <... read resumed> "\366\312\0\0", 4) = 4
10235 14:56:03.217483 write(0, "227 Entering Passive Mode (127,0,0,1,202,246).\r\n", 48) = 48
10235 14:56:03.217909 rt_sigaction(SIGALRM, {0x805cad0, ~[RTMIN RT_1], 0}, NULL, 8) = 0
10235 14:56:03.217984 alarm(300)        = 300
10235 14:56:03.218033 recv(0, "STOR myfile26\r\n", 4096, MSG_PEEK) = 15
10235 14:56:03.218086 read(0, "STOR myfile26\r\n", 15) = 15
10235 14:56:03.218144 write(5, "\v", 1) = 1
10235 14:56:03.218189 read(5,  <unfinished ...>
10233 14:56:03.218220 read(4, "\v", 1)  = 1
10233 14:56:03.218268 write(4, "\1\0\0\0", 4) = 4
10235 14:56:03.218314 <... read resumed> "\1\0\0\0", 4) = 4
10235 14:56:03.218348 gettimeofday({1495652163, 218363}, NULL) = 0
10235 14:56:03.218571 getcwd("/home/msfadmin", 4096) = 15
10235 14:56:03.218630 open("myfile26", O_WRONLY|O_CREAT|O_NONBLOCK|O_LARGEFILE, 0666) = 4
10235 14:56:03.218689 fstat64(4, {st_mode=S_IFREG|0644, st_size=17, ...}) = 0
10235 14:56:03.218764 fcntl64(4, F_GETFL) = 0x8801 (flags O_WRONLY|O_NONBLOCK|O_LARGEFILE)
10235 14:56:03.218812 fcntl64(4, F_SETFL, O_WRONLY|O_LARGEFILE) = 0
10235 14:56:03.218855 fcntl64(4, F_SETLKW64, {type=F_WRLCK, whence=SEEK_SET, start=0, len=0}, 0xbff090f4) = 0
10235 14:56:03.218914 ftruncate64(4, 0) = 0
10235 14:56:03.218984 _llseek(4, 0, [0], SEEK_SET) = 0
10235 14:56:03.219031 write(5, "\v", 1) = 1
10235 14:56:03.219076 read(5,  <unfinished ...>
10233 14:56:03.219107 read(4, "\v", 1)  = 1
10233 14:56:03.219155 write(4, "\1\0\0\0", 4) = 4
10235 14:56:03.219202 <... read resumed> "\1\0\0\0", 4) = 4
10235 14:56:03.219234 write(5, "\v", 1) = 1
10235 14:56:03.219276 read(5,  <unfinished ...>
10233 14:56:03.219304 read(4, "\v", 1)  = 1
10233 14:56:03.219349 write(4, "\1\0\0\0", 4) = 4
10235 14:56:03.219393 <... read resumed> "\1\0\0\0", 4) = 4
10235 14:56:03.219425 write(5, "\r", 1) = 1
10235 14:56:03.219512 read(5,  <unfinished ...>
10233 14:56:03.219545 read(4, "\r", 1)  = 1
10233 14:56:03.219597 select(6, [5], NULL, NULL, {60, 0}) = 1 (in [5], left {60, 0})
10233 14:56:03.219667 accept(5, {sa_family=AF_INET, sin_port=htons(39789), sin_addr=inet_addr("127.0.0.1")}, [16]) = 6
10233 14:56:03.219763 write(4, "\1", 1) = 1
10235 14:56:03.219810 <... read resumed> "\1", 1) = 1
10235 14:56:03.219847 recvmsg(5,  <unfinished ...>
10233 14:56:03.219883 sendmsg(4, {msg_name(0)=NULL, msg_iov(1)=[{"\0", 1}], msg_controllen=16, {cmsg_len=16, cmsg_level=SOL_SOCKET, cmsg_type=SCM_RIGHTS, {6}}, msg_flags=0}, 0) = 1
10235 14:56:03.219956 <... recvmsg resumed> {msg_name(0)=NULL, msg_iov(1)=[{"\0", 1}], msg_controllen=16, {cmsg_len=16, cmsg_level=SOL_SOCKET, cmsg_type=SCM_RIGHTS, {6}}, msg_flags=0}, 0) = 1
10235 14:56:03.220014 setsockopt(6, SOL_SOCKET, SO_KEEPALIVE, [1], 4) = 0
10235 14:56:03.220066 setsockopt(6, SOL_IP, IP_TOS, [8], 4) = 0
10235 14:56:03.220115 setsockopt(6, SOL_SOCKET, SO_LINGER, {onoff=1, linger=32767}, 8) = 0
10235 14:56:03.220163 rt_sigaction(SIGALRM, {0x805cad0, ~[RTMIN RT_1], 0}, NULL, 8) = 0
10235 14:56:03.220238 alarm(300)        = 300
10235 14:56:03.220294 write(0, "150 Ok to send data.\r\n", 22) = 22
10235 14:56:03.220638 read(6, "assasaaa\na\na\na\na\n", 65536) = 17
10235 14:56:03.220704 write(4, "assasaaa\na\na\na\na\n", 17) = 17
10235 14:56:03.220773 read(6, "", 65536) = 0
10235 14:56:03.220818 rt_sigaction(SIGALRM, {0x805cad0, ~[RTMIN RT_1], 0}, NULL, 8) = 0
10235 14:56:03.220876 alarm(300)        = 300
10235 14:56:03.220919 close(6)          = 0
10235 14:56:03.220959 alarm(0)          = 300
10235 14:56:03.221000 gettimeofday({1495652163, 221015}, NULL) = 0
10235 14:56:03.221062 gettimeofday({1495652163, 221078}, NULL) = 0
10235 14:56:03.221115 fcntl64(3, F_SETLKW64, {type=F_WRLCK, whence=SEEK_SET, start=0, len=0}, 0xbff09094) = 0
10235 14:56:03.221176 write(3, "Wed May 24 14:56:03 2017 [pid 10235] [msfadmin] OK UPLOAD: Client \"127.0.0.1\", \"/home/msfadmin/myfile26\", 17 bytes, 6.11Kbyte/sec\n", 130) = 130
10235 14:56:03.221262 fcntl64(3, F_SETLK64, {type=F_UNLCK, whence=SEEK_SET, start=0, len=0}, 0xbff0909c) = 0
10235 14:56:03.221324 write(0, "226 Transfer complete.\r\n", 24) = 24
10235 14:56:03.221560 write(5, "\n", 1) = 1
10235 14:56:03.221616 read(5,  <unfinished ...>
10233 14:56:03.221647 close(6)          = 0
10233 14:56:03.221730 read(4, "\n", 1)  = 1
10233 14:56:03.221780 close(5)          = 0
10233 14:56:03.221827 write(4, "\1", 1) = 1
10235 14:56:03.221875 <... read resumed> "\1", 1) = 1
10235 14:56:03.221905 close(4)          = 0
10235 14:56:03.221951 rt_sigaction(SIGALRM, {0x805cad0, ~[RTMIN RT_1], 0}, NULL, 8) = 0
10235 14:56:03.222008 alarm(300)        = 0
10235 14:56:03.222056 recv(0,  <unfinished ...>
10233 14:56:03.222088 read(4,  <unfinished ...>
10235 14:56:03.755112 <... recv resumed> "TYPE I\r\n", 4096, MSG_PEEK) = 8
10235 14:56:03.755360 read(0, "TYPE I\r\n", 8) = 8
10235 14:56:03.755601 write(0, "200 Switching to Binary mode.\r\n", 31) = 31
10235 14:56:03.756002 rt_sigaction(SIGALRM, {0x805cad0, ~[RTMIN RT_1], 0}, NULL, 8) = 0
10235 14:56:03.756123 alarm(300)        = 299
10235 14:56:03.756188 recv(0, "PASV\r\n", 4096, MSG_PEEK) = 6
10235 14:56:03.756239 read(0, "PASV\r\n", 6) = 6
10235 14:56:03.756292 write(5, "\n", 1) = 1
10235 14:56:03.756343 read(5,  <unfinished ...>
10233 14:56:03.756375 <... read resumed> "\n", 1) = 1
10233 14:56:03.756411 write(4, "\1", 1) = 1
10235 14:56:03.756457 <... read resumed> "\1", 1) = 1
10235 14:56:03.756488 write(5, "\f", 1) = 1
10235 14:56:03.756531 read(5,  <unfinished ...>
10233 14:56:03.756558 read(4, "\f", 1)  = 1
10233 14:56:03.756610 socket(PF_INET, SOCK_STREAM, IPPROTO_TCP) = 5
10233 14:56:03.756671 setsockopt(5, SOL_SOCKET, SO_REUSEADDR, [1], 4) = 0
10233 14:56:03.756729 bind(5, {sa_family=AF_INET, sin_port=htons(34238), sin_addr=inet_addr("127.0.0.1")}, 16) = 0
10233 14:56:03.756794 listen(5, 1)      = 0
10233 14:56:03.757029 write(4, "\276\205\0\0", 4) = 4
10235 14:56:03.757086 <... read resumed> "\276\205\0\0", 4) = 4
10235 14:56:03.757139 write(0, "227 Entering Passive Mode (127,0,0,1,133,190).\r\n", 48) = 48
10235 14:56:03.757553 rt_sigaction(SIGALRM, {0x805cad0, ~[RTMIN RT_1], 0}, NULL, 8) = 0
10235 14:56:03.757626 alarm(300)        = 300
10235 14:56:03.757676 recv(0, "STOR myfile27\r\n", 4096, MSG_PEEK) = 15
10235 14:56:03.757729 read(0, "STOR myfile27\r\n", 15) = 15
10235 14:56:03.757787 write(5, "\v", 1) = 1
10235 14:56:03.757833 read(5,  <unfinished ...>
10233 14:56:03.757864 read(4, "\v", 1)  = 1
10233 14:56:03.757971 write(4, "\1\0\0\0", 4) = 4
10235 14:56:03.758034 <... read resumed> "\1\0\0\0", 4) = 4
10235 14:56:03.758069 gettimeofday({1495652163, 758085}, NULL) = 0
10235 14:56:03.758116 getcwd("/home/msfadmin", 4096) = 15
10235 14:56:03.758169 open("myfile27", O_WRONLY|O_CREAT|O_NONBLOCK|O_LARGEFILE, 0666) = 4
10235 14:56:03.758228 fstat64(4, {st_mode=S_IFREG|0644, st_size=17, ...}) = 0
10235 14:56:03.758302 fcntl64(4, F_GETFL) = 0x8801 (flags O_WRONLY|O_NONBLOCK|O_LARGEFILE)
10235 14:56:03.758351 fcntl64(4, F_SETFL, O_WRONLY|O_LARGEFILE) = 0
10235 14:56:03.758394 fcntl64(4, F_SETLKW64, {type=F_WRLCK, whence=SEEK_SET, start=0, len=0}, 0xbff090f4) = 0
10235 14:56:03.758475 ftruncate64(4, 0) = 0
10235 14:56:03.758544 _llseek(4, 0, [0], SEEK_SET) = 0
10235 14:56:03.758591 write(5, "\v", 1) = 1
10235 14:56:03.758635 read(5,  <unfinished ...>
10233 14:56:03.758666 read(4, "\v", 1)  = 1
10233 14:56:03.758714 write(4, "\1\0\0\0", 4) = 4
10235 14:56:03.758759 <... read resumed> "\1\0\0\0", 4) = 4
10235 14:56:03.758792 write(5, "\v", 1) = 1
10235 14:56:03.758834 read(5,  <unfinished ...>
10233 14:56:03.758862 read(4, "\v", 1)  = 1
10233 14:56:03.759008 write(4, "\1\0\0\0", 4) = 4
10235 14:56:03.759057 <... read resumed> "\1\0\0\0", 4) = 4
10235 14:56:03.759090 write(5, "\r", 1) = 1
10235 14:56:03.759133 read(5,  <unfinished ...>
10233 14:56:03.759162 read(4, "\r", 1)  = 1
10233 14:56:03.759212 select(6, [5], NULL, NULL, {60, 0}) = 1 (in [5], left {60, 0})
10233 14:56:03.759280 accept(5, {sa_family=AF_INET, sin_port=htons(52572), sin_addr=inet_addr("127.0.0.1")}, [16]) = 6
10233 14:56:03.759376 write(4, "\1", 1) = 1
10235 14:56:03.759422 <... read resumed> "\1", 1) = 1
10235 14:56:03.759458 recvmsg(5,  <unfinished ...>
10233 14:56:03.759494 sendmsg(4, {msg_name(0)=NULL, msg_iov(1)=[{"\0", 1}], msg_controllen=16, {cmsg_len=16, cmsg_level=SOL_SOCKET, cmsg_type=SCM_RIGHTS, {6}}, msg_flags=0}, 0) = 1
10235 14:56:03.759567 <... recvmsg resumed> {msg_name(0)=NULL, msg_iov(1)=[{"\0", 1}], msg_controllen=16, {cmsg_len=16, cmsg_level=SOL_SOCKET, cmsg_type=SCM_RIGHTS, {6}}, msg_flags=0}, 0) = 1
10235 14:56:03.759624 setsockopt(6, SOL_SOCKET, SO_KEEPALIVE, [1], 4) = 0
10235 14:56:03.759677 setsockopt(6, SOL_IP, IP_TOS, [8], 4) = 0
10235 14:56:03.759726 setsockopt(6, SOL_SOCKET, SO_LINGER, {onoff=1, linger=32767}, 8) = 0
10235 14:56:03.759774 rt_sigaction(SIGALRM, {0x805cad0, ~[RTMIN RT_1], 0}, NULL, 8) = 0
10235 14:56:03.759832 alarm(300)        = 300
10235 14:56:03.759944 write(0, "150 Ok to send data.\r\n", 22) = 22
10235 14:56:03.760213 read(6, "assasaaa\na\na\na\na\n", 65536) = 17
10235 14:56:03.760275 write(4, "assasaaa\na\na\na\na\n", 17) = 17
10233 14:56:03.760342 close(6)          = 0
10235 14:56:03.760386 read(6,  <unfinished ...>
10233 14:56:03.760412 read(4,  <unfinished ...>
10235 14:56:03.760435 <... read resumed> "", 65536) = 0
10235 14:56:03.760470 rt_sigaction(SIGALRM, {0x805cad0, ~[RTMIN RT_1], 0}, NULL, 8) = 0
10235 14:56:03.760529 alarm(300)        = 300
10235 14:56:03.760571 close(6)          = 0
10235 14:56:03.760643 alarm(0)          = 300
10235 14:56:03.760686 gettimeofday({1495652163, 760702}, NULL) = 0
10235 14:56:03.760749 gettimeofday({1495652163, 760765}, NULL) = 0
10235 14:56:03.760802 fcntl64(3, F_SETLKW64, {type=F_WRLCK, whence=SEEK_SET, start=0, len=0}, 0xbff09094) = 0
10235 14:56:03.760919 write(3, "Wed May 24 14:56:03 2017 [pid 10235] [msfadmin] OK UPLOAD: Client \"127.0.0.1\", \"/home/msfadmin/myfile27\", 17 bytes, 6.19Kbyte/sec\n", 130) = 130
10235 14:56:03.761005 fcntl64(3, F_SETLK64, {type=F_UNLCK, whence=SEEK_SET, start=0, len=0}, 0xbff0909c) = 0
10235 14:56:03.761068 write(0, "226 Transfer complete.\r\n", 24) = 24
10235 14:56:03.761244 write(5, "\n", 1) = 1
10233 14:56:03.761297 <... read resumed> "\n", 1) = 1
10233 14:56:03.761326 close(5)          = 0
10233 14:56:03.761377 write(4, "\1", 1) = 1
10233 14:56:03.761425 read(4,  <unfinished ...>
10235 14:56:03.761455 read(5, "\1", 1)  = 1
10235 14:56:03.761502 close(4)          = 0
10235 14:56:03.761549 rt_sigaction(SIGALRM, {0x805cad0, ~[RTMIN RT_1], 0}, NULL, 8) = 0
10235 14:56:03.761607 alarm(300)        = 0
10235 14:56:03.761655 recv(0, "TYPE I\r\n", 4096, MSG_PEEK) = 8
10235 14:56:04.275207 read(0, "TYPE I\r\n", 8) = 8
10235 14:56:04.275309 write(0, "200 Switching to Binary mode.\r\n", 31) = 31
10235 14:56:04.275499 rt_sigaction(SIGALRM, {0x805cad0, ~[RTMIN RT_1], 0}, NULL, 8) = 0
10235 14:56:04.275571 alarm(300)        = 299
10235 14:56:04.275666 recv(0, "PASV\r\n", 4096, MSG_PEEK) = 6
10235 14:56:04.275730 read(0, "PASV\r\n", 6) = 6
10235 14:56:04.275783 write(5, "\n", 1) = 1
10233 14:56:04.275835 <... read resumed> "\n", 1) = 1
10233 14:56:04.275869 write(4, "\1", 1) = 1
10233 14:56:04.275940 read(4,  <unfinished ...>
10235 14:56:04.275972 read(5, "\1", 1)  = 1
10235 14:56:04.276023 write(5, "\f", 1) = 1
10233 14:56:04.276065 <... read resumed> "\f", 1) = 1
10233 14:56:04.276098 socket(PF_INET, SOCK_STREAM, IPPROTO_TCP) = 5
10233 14:56:04.276199 setsockopt(5, SOL_SOCKET, SO_REUSEADDR, [1], 4) = 0
10233 14:56:04.276261 bind(5, {sa_family=AF_INET, sin_port=htons(55189), sin_addr=inet_addr("127.0.0.1")}, 16) = 0
10233 14:56:04.276326 listen(5, 1)      = 0
10233 14:56:04.276382 write(4, "\225\327\0\0", 4) = 4
10233 14:56:04.276432 read(4,  <unfinished ...>
10235 14:56:04.276463 read(5, "\225\327\0\0", 4) = 4
10235 14:56:04.276531 write(0, "227 Entering Passive Mode (127,0,0,1,215,149).\r\n", 48) = 48
10235 14:56:04.277013 rt_sigaction(SIGALRM, {0x805cad0, ~[RTMIN RT_1], 0}, NULL, 8) = 0
10235 14:56:04.277093 alarm(300)        = 300
10235 14:56:04.277205 recv(0, "STOR myfile28\r\n", 4096, MSG_PEEK) = 15
10235 14:56:04.277261 read(0, "STOR myfile28\r\n", 15) = 15
10235 14:56:04.277319 write(5, "\v", 1) = 1
10233 14:56:04.277366 <... read resumed> "\v", 1) = 1
10233 14:56:04.277397 write(4, "\1\0\0\0", 4) = 4
10233 14:56:04.277445 read(4,  <unfinished ...>
10235 14:56:04.277475 read(5, "\1\0\0\0", 4) = 4
10235 14:56:04.277525 gettimeofday({1495652164, 277542}, NULL) = 0
10235 14:56:04.277573 getcwd("/home/msfadmin", 4096) = 15
10235 14:56:04.277669 open("myfile28", O_WRONLY|O_CREAT|O_NONBLOCK|O_LARGEFILE, 0666) = 4
10235 14:56:04.277731 fstat64(4, {st_mode=S_IFREG|0644, st_size=17, ...}) = 0
10235 14:56:04.277806 fcntl64(4, F_GETFL) = 0x8801 (flags O_WRONLY|O_NONBLOCK|O_LARGEFILE)
10235 14:56:04.277854 fcntl64(4, F_SETFL, O_WRONLY|O_LARGEFILE) = 0
10235 14:56:04.277897 fcntl64(4, F_SETLKW64, {type=F_WRLCK, whence=SEEK_SET, start=0, len=0}, 0xbff090f4) = 0
10235 14:56:04.277955 ftruncate64(4, 0) = 0
10235 14:56:04.278025 _llseek(4, 0, [0], SEEK_SET) = 0
10235 14:56:04.278072 write(5, "\v", 1) = 1
10233 14:56:04.278159 <... read resumed> "\v", 1) = 1
10233 14:56:04.278194 write(4, "\1\0\0\0", 4) = 4
10233 14:56:04.278242 read(4,  <unfinished ...>
10235 14:56:04.278272 read(5, "\1\0\0\0", 4) = 4
10235 14:56:04.278322 write(5, "\v", 1) = 1
10233 14:56:04.278364 <... read resumed> "\v", 1) = 1
10233 14:56:04.278393 write(4, "\1\0\0\0", 4) = 4
10233 14:56:04.278438 read(4,  <unfinished ...>
10235 14:56:04.278467 read(5, "\1\0\0\0", 4) = 4
10235 14:56:04.278516 write(5, "\r", 1) = 1
10233 14:56:04.278558 <... read resumed> "\r", 1) = 1
10233 14:56:04.278636 select(6, [5], NULL, NULL, {60, 0}) = 1 (in [5], left {60, 0})
10233 14:56:04.278715 accept(5, {sa_family=AF_INET, sin_port=htons(42865), sin_addr=inet_addr("127.0.0.1")}, [16]) = 6
10233 14:56:04.278811 write(4, "\1", 1) = 1
10233 14:56:04.278864 sendmsg(4, {msg_name(0)=NULL, msg_iov(1)=[{"\0", 1}], msg_controllen=16, {cmsg_len=16, cmsg_level=SOL_SOCKET, cmsg_type=SCM_RIGHTS, {6}}, msg_flags=0}, 0) = 1
10233 14:56:04.278935 close(6)          = 0
10233 14:56:04.278979 read(4,  <unfinished ...>
10235 14:56:04.279009 read(5, "\1", 1)  = 1
10235 14:56:04.279064 recvmsg(5, {msg_name(0)=NULL, msg_iov(1)=[{"\0", 1}], msg_controllen=16, {cmsg_len=16, cmsg_level=SOL_SOCKET, cmsg_type=SCM_RIGHTS, {6}}, msg_flags=0}, 0) = 1
10235 14:56:04.279189 setsockopt(6, SOL_SOCKET, SO_KEEPALIVE, [1], 4) = 0
10235 14:56:04.279246 setsockopt(6, SOL_IP, IP_TOS, [8], 4) = 0
10235 14:56:04.279297 setsockopt(6, SOL_SOCKET, SO_LINGER, {onoff=1, linger=32767}, 8) = 0
10235 14:56:04.279345 rt_sigaction(SIGALRM, {0x805cad0, ~[RTMIN RT_1], 0}, NULL, 8) = 0
10235 14:56:04.279403 alarm(300)        = 300
10235 14:56:04.279458 write(0, "150 Ok to send data.\r\n", 22) = 22
10235 14:56:04.279788 read(6, "assasaaa\na\na\na\na\n", 65536) = 17
10235 14:56:04.279853 write(4, "assasaaa\na\na\na\na\n", 17) = 17
10235 14:56:04.279921 read(6, "", 65536) = 0
10235 14:56:04.279966 rt_sigaction(SIGALRM, {0x805cad0, ~[RTMIN RT_1], 0}, NULL, 8) = 0
10235 14:56:04.280025 alarm(300)        = 300
10235 14:56:04.280108 close(6)          = 0
10235 14:56:04.280198 alarm(0)          = 300
10235 14:56:04.280242 gettimeofday({1495652164, 280273}, NULL) = 0
10235 14:56:04.280323 gettimeofday({1495652164, 280340}, NULL) = 0
10235 14:56:04.280378 fcntl64(3, F_SETLKW64, {type=F_WRLCK, whence=SEEK_SET, start=0, len=0}, 0xbff09094) = 0
10235 14:56:04.280440 write(3, "Wed May 24 14:56:04 2017 [pid 10235] [msfadmin] OK UPLOAD: Client \"127.0.0.1\", \"/home/msfadmin/myfile28\", 17 bytes, 5.93Kbyte/sec\n", 130) = 130
10235 14:56:04.280528 fcntl64(3, F_SETLK64, {type=F_UNLCK, whence=SEEK_SET, start=0, len=0}, 0xbff0909c) = 0
10235 14:56:04.280675 write(0, "226 Transfer complete.\r\n", 24) = 24
10235 14:56:04.280860 write(5, "\n", 1) = 1
10233 14:56:04.280914 <... read resumed> "\n", 1) = 1
10233 14:56:04.280945 close(5)          = 0
10233 14:56:04.280997 write(4, "\1", 1) = 1
10233 14:56:04.281044 read(4,  <unfinished ...>
10235 14:56:04.281119 read(5, "\1", 1)  = 1
10235 14:56:04.281179 close(4)          = 0
10235 14:56:04.281227 rt_sigaction(SIGALRM, {0x805cad0, ~[RTMIN RT_1], 0}, NULL, 8) = 0
10235 14:56:04.281285 alarm(300)        = 0
10235 14:56:04.281333 recv(0,  <unfinished ...>
10230 14:56:04.819866 <... read resumed> "\n", 1) = 1
10230 14:56:04.820109 stat64(".", {st_mode=S_IFDIR|0755, st_size=4096, ...}) = 0
10230 14:56:04.820279 stat64("/sbin/nohup", 0xbf821968) = -1 ENOENT (No such file or directory)
10230 14:56:04.820390 stat64("/bin/nohup", 0xbf821968) = -1 ENOENT (No such file or directory)
10230 14:56:04.820469 stat64("/usr/sbin/nohup", 0xbf821968) = -1 ENOENT (No such file or directory)
10230 14:56:04.820523 stat64("/usr/bin/nohup", {st_mode=S_IFREG|0755, st_size=26336, ...}) = 0
10230 14:56:04.820601 stat64("/usr/bin/nohup", {st_mode=S_IFREG|0755, st_size=26336, ...}) = 0
10230 14:56:04.820705 rt_sigprocmask(SIG_BLOCK, [INT CHLD], [], 8) = 0
10230 14:56:04.820769 clone(child_stack=0, flags=CLONE_CHILD_CLEARTID|CLONE_CHILD_SETTID|SIGCHLD, child_tidptr=0xb7de96f8) = 10236
10236 14:56:04.821211 rt_sigprocmask(SIG_SETMASK, [], NULL, 8) = 0
10236 14:56:04.821294 rt_sigaction(SIGTSTP, {SIG_DFL}, {SIG_DFL}, 8) = 0
10236 14:56:04.821353 rt_sigaction(SIGTTIN, {SIG_DFL}, {SIG_DFL}, 8) = 0
10236 14:56:04.821405 rt_sigaction(SIGTTOU, {SIG_DFL}, {SIG_DFL}, 8) = 0
10236 14:56:04.821472 rt_sigaction(SIGINT, {SIG_DFL}, {SIG_DFL}, 8) = 0
10236 14:56:04.821544 rt_sigaction(SIGQUIT, {SIG_DFL}, {SIG_IGN}, 8) = 0
10236 14:56:04.821600 rt_sigaction(SIGCHLD, {SIG_DFL}, {0x807e540, [], 0}, 8) = 0
10236 14:56:04.821746 open("/dev/null", O_WRONLY|O_CREAT|O_TRUNC|O_LARGEFILE, 0666) = 7
10236 14:56:04.821887 dup2(7, 1)        = 1
10236 14:56:04.821999 close(7)          = 0
10236 14:56:04.822046 dup2(1, 2)        = 2
10236 14:56:04.822087 fcntl64(1, F_GETFD) = 0
10236 14:56:04.822142 execve("/usr/bin/nohup", ["nohup"], [/* 16 vars */]) = 0
10236 14:56:04.822439 brk(0)            = 0x804f000
10236 14:56:04.822439 access("/etc/ld.so.nohwcap", F_OK) = -1 ENOENT (No such file or directory)
10236 14:56:04.822480 mmap2(NULL, 8192, PROT_READ|PROT_WRITE, MAP_PRIVATE|MAP_ANONYMOUS, -1, 0) = 0xb7f3e000
10236 14:56:04.822542 access("/etc/ld.so.preload", R_OK) = -1 ENOENT (No such file or directory)
10236 14:56:04.822656 open("/etc/ld.so.cache", O_RDONLY) = 7
10236 14:56:04.822715 fstat64(7, {st_mode=S_IFREG|0644, st_size=29913, ...}) = 0
10236 14:56:04.822790 mmap2(NULL, 29913, PROT_READ, MAP_PRIVATE, 7, 0) = 0xb7f36000
10236 14:56:04.822836 close(7)          = 0
10236 14:56:04.822883 access("/etc/ld.so.nohwcap", F_OK) = -1 ENOENT (No such file or directory)
10236 14:56:04.822954 open("/lib/tls/i686/cmov/libc.so.6", O_RDONLY) = 7
10236 14:56:04.823024 read(7, "\177ELF\1\1\1\0\0\0\0\0\0\0\0\0\3\0\3\0\1\0\0\0\260e\1\0004\0\0\0\4\307\24\0\0\0\0\0004\0 \0\n\0(\0D\0C\0\6\0\0\0004\0\0\0004\0\0\0004\0\0\0@\1\0\0@\1\0\0\5\0\0\0\4\0\0\0\3\0\0\0\2200\23\0\2200\23\0\2200\23\0\23\0\0\0\23\0\0\0\4\0\0\0\1\0\0\0\1\0\0\0\0\0\0\0\0\0\0\0\0\0\0\0(\215\24\0(\215\24\0\5\0\0\0\0\20\0\0\1\0\0\0\354\221\24\0\354\221\24\0\354\221\24\0\260\'\0\0\204T\0\0\6\0\0\0\0\20\0\0\2\0\0\0\234\255\24\0\234\255\24\0\234\255\24\0\360\0\0\0\360\0\0\0\6\0\0\0\4\0\0\0\4\0\0\0t\1\0\0t\1\0\0t\1\0\0 \0\0\0 \0\0\0\4\0\0\0\4\0\0\0\7\0\0\0\354\221\24\0\354\221\24\0\354\221\24\0\10\0\0\0,\0\0\0\4\0\0\0\4\0\0\0P\345td\2440\23\0\2440\23\0\2440\23\0\354+\0\0\354+\0\0\4\0\0\0\4\0\0\0Q\345td\0\0\0\0\0\0\0\0\0\0\0\0\0\0\0\0\0\0\0\0\6\0\0\0\4\0\0\0R\345td\354\221\24\0\354\221\24\0\354\221\24\0\10\36\0\0\10\36\0\0\4\0\0\0\1\0\0\0\4\0\0\0\20\0\0\0\1\0\0\0GNU\0\0\0\0\0\2\0\0\0\6\0\0\0\10\0\0\0\363\3\0\0\n\0\0\0\0\2\0\0\16\0\0\0\2400\20D\200 \2\1\214\3\346\220AE\210\0\204\0\10\0A\200\0@\300\200\0\f\2\f\0\0010\0\10@\"\10\246\4\210H6l\240\0260\0&\204\200\216\4\10B$\2\f\246\244\32\6c\310\0\302 \1\300\0R\0!\201\10\4\n  \250\24\0\24(`\0\0P\240\312DB", 512) = 512
10236 14:56:04.823440 fstat64(7, {st_mode=S_IFREG|0755, st_size=1364388, ...}) = 0
10236 14:56:04.823521 mmap2(NULL, 1369712, PROT_READ|PROT_EXEC, MAP_PRIVATE|MAP_DENYWRITE, 7, 0) = 0xb7de7000
10236 14:56:04.823617 mmap2(0xb7f30000, 12288, PROT_READ|PROT_WRITE, MAP_PRIVATE|MAP_FIXED|MAP_DENYWRITE, 7, 0x149) = 0xb7f30000
10236 14:56:04.823692 mmap2(0xb7f33000, 9840, PROT_READ|PROT_WRITE, MAP_PRIVATE|MAP_FIXED|MAP_ANONYMOUS, -1, 0) = 0xb7f33000
10236 14:56:04.823758 close(7)          = 0
10236 14:56:04.823833 mmap2(NULL, 4096, PROT_READ|PROT_WRITE, MAP_PRIVATE|MAP_ANONYMOUS, -1, 0) = 0xb7de6000
10236 14:56:04.823885 set_thread_area({entry_number:-1 -> 6, base_addr:0xb7de66b0, limit:1048575, seg_32bit:1, contents:0, read_exec_only:0, limit_in_pages:1, seg_not_present:0, useable:1}) = 0
10235 14:56:04.824288 <... recv resumed> "TYPE I\r\n", 4096, MSG_PEEK) = 8
10235 14:56:04.824387 read(0, "TYPE I\r\n", 8) = 8
10235 14:56:04.824508 write(0, "200 Switching to Binary mode.\r\n", 31) = 31
10235 14:56:04.824714 rt_sigaction(SIGALRM, {0x805cad0, ~[RTMIN RT_1], 0}, NULL, 8) = 0
10235 14:56:04.824784 alarm(300)        = 299
10235 14:56:04.824836 recv(0, "PASV\r\n", 4096, MSG_PEEK) = 6
10235 14:56:04.824885 read(0, "PASV\r\n", 6) = 6
10235 14:56:04.824938 write(5, "\n", 1 <unfinished ...>
10233 14:56:04.824979 <... read resumed> "\n", 1) = 1
10235 14:56:04.825001 <... write resumed> ) = 1
10233 14:56:04.825034 write(4, "\1", 1 <unfinished ...>
10235 14:56:04.825059 read(5,  <unfinished ...>
10233 14:56:04.825087 <... write resumed> ) = 1
10235 14:56:04.825105 <... read resumed> "\1", 1) = 1
10233 14:56:04.825139 read(4,  <unfinished ...>
10235 14:56:04.825158 write(5, "\f", 1 <unfinished ...>
10233 14:56:04.825190 <... read resumed> "\f", 1) = 1
10235 14:56:04.825263 <... write resumed> ) = 1
10233 14:56:04.825314 socket(PF_INET, SOCK_STREAM, IPPROTO_TCP <unfinished ...>
10235 14:56:04.825336 read(5,  <unfinished ...>
10233 14:56:04.825373 <... socket resumed> ) = 5
10233 14:56:04.825408 setsockopt(5, SOL_SOCKET, SO_REUSEADDR, [1], 4) = 0
10233 14:56:04.825466 bind(5, {sa_family=AF_INET, sin_port=htons(21337), sin_addr=inet_addr("127.0.0.1")}, 16) = 0
10233 14:56:04.825532 listen(5, 1)      = 0
10233 14:56:04.825587 write(4, "YS\0\0", 4 <unfinished ...>
10235 14:56:04.825623 <... read resumed> "YS\0\0", 4) = 4
10233 14:56:04.825645 <... write resumed> ) = 4
10235 14:56:04.825696 write(0, "227 Entering Passive Mode (127,0,0,1,83,89).\r\n", 46 <unfinished ...>
10233 14:56:04.825742 read(4,  <unfinished ...>
10235 14:56:04.826115 <... write resumed> ) = 46
10235 14:56:04.826169 rt_sigaction(SIGALRM, {0x805cad0, ~[RTMIN RT_1], 0}, NULL, 8) = 0
10235 14:56:04.826315 alarm(300)        = 300
10235 14:56:04.826367 recv(0, "STOR myfile29\r\n", 4096, MSG_PEEK) = 15
10235 14:56:04.826422 read(0, "STOR myfile29\r\n", 15) = 15
10235 14:56:04.826481 write(5, "\v", 1 <unfinished ...>
10233 14:56:04.826517 <... read resumed> "\v", 1) = 1
10235 14:56:04.826537 <... write resumed> ) = 1
10233 14:56:04.826568 write(4, "\1\0\0\0", 4 <unfinished ...>
10235 14:56:04.826594 read(5,  <unfinished ...>
10233 14:56:04.826621 <... write resumed> ) = 4
10235 14:56:04.826638 <... read resumed> "\1\0\0\0", 4) = 4
10233 14:56:04.826675 read(4,  <unfinished ...>
10235 14:56:04.826694 gettimeofday({1495652164, 826711}, NULL) = 0
10235 14:56:04.826743 getcwd("/home/msfadmin", 4096) = 15
10235 14:56:04.826796 open("myfile29", O_WRONLY|O_CREAT|O_NONBLOCK|O_LARGEFILE, 0666) = 4
10235 14:56:04.826875 fstat64(4, {st_mode=S_IFREG|0644, st_size=17, ...}) = 0
10235 14:56:04.826950 fcntl64(4, F_GETFL) = 0x8801 (flags O_WRONLY|O_NONBLOCK|O_LARGEFILE)
10235 14:56:04.826999 fcntl64(4, F_SETFL, O_WRONLY|O_LARGEFILE) = 0
10235 14:56:04.827042 fcntl64(4, F_SETLKW64, {type=F_WRLCK, whence=SEEK_SET, start=0, len=0}, 0xbff090f4) = 0
10235 14:56:04.827100 ftruncate64(4, 0) = 0
10235 14:56:04.827218 _llseek(4, 0, [0], SEEK_SET) = 0
10235 14:56:04.827271 write(5, "\v", 1 <unfinished ...>
10233 14:56:04.827307 <... read resumed> "\v", 1) = 1
10235 14:56:04.827327 <... write resumed> ) = 1
10233 14:56:04.827354 write(4, "\1\0\0\0", 4) = 4
10233 14:56:04.827402 read(4,  <unfinished ...>
10235 14:56:04.827432 read(5, "\1\0\0\0", 4) = 4
10235 14:56:04.827481 write(5, "\v", 1 <unfinished ...>
10233 14:56:04.827512 <... read resumed> "\v", 1) = 1
10235 14:56:04.827532 <... write resumed> ) = 1
10233 14:56:04.827558 write(4, "\1\0\0\0", 4) = 4
10233 14:56:04.827604 read(4,  <unfinished ...>
10235 14:56:04.827632 read(5, "\1\0\0\0", 4) = 4
10235 14:56:04.827681 write(5, "\r", 1 <unfinished ...>
10233 14:56:04.827712 <... read resumed> "\r", 1) = 1
10235 14:56:04.827732 <... write resumed> ) = 1
10233 14:56:04.827761 select(6, [5], NULL, NULL, {60, 0}) = 1 (in [5], left {60, 0})
10233 14:56:04.827830 accept(5, {sa_family=AF_INET, sin_port=htons(57637), sin_addr=inet_addr("127.0.0.1")}, [16]) = 6
10233 14:56:04.827927 write(4, "\1", 1) = 1
10233 14:56:04.827979 sendmsg(4, {msg_name(0)=NULL, msg_iov(1)=[{"\0", 1}], msg_controllen=16, {cmsg_len=16, cmsg_level=SOL_SOCKET, cmsg_type=SCM_RIGHTS, {6}}, msg_flags=0}, 0) = 1
10233 14:56:04.828052 close(6)          = 0
10233 14:56:04.828095 read(4,  <unfinished ...>
10235 14:56:04.828160 read(5, "\1", 1)  = 1
10235 14:56:04.828226 recvmsg(5, {msg_name(0)=NULL, msg_iov(1)=[{"\0", 1}], msg_controllen=16, {cmsg_len=16, cmsg_level=SOL_SOCKET, cmsg_type=SCM_RIGHTS, {6}}, msg_flags=0}, 0) = 1
10235 14:56:04.828307 setsockopt(6, SOL_SOCKET, SO_KEEPALIVE, [1], 4) = 0
10235 14:56:04.828360 setsockopt(6, SOL_IP, IP_TOS, [8], 4) = 0
10235 14:56:04.828411 setsockopt(6, SOL_SOCKET, SO_LINGER, {onoff=1, linger=32767}, 8) = 0
10235 14:56:04.828458 rt_sigaction(SIGALRM, {0x805cad0, ~[RTMIN RT_1], 0}, NULL, 8) = 0
10235 14:56:04.828516 alarm(300)        = 300
10235 14:56:04.828571 write(0, "150 Ok to send data.\r\n", 22) = 22
10235 14:56:04.828837 read(6, "assasaaa\na\na\na\na\n", 65536) = 17
10235 14:56:04.828900 write(4, "assasaaa\na\na\na\na\n", 17) = 17
10235 14:56:04.828968 read(6, "", 65536) = 0
10235 14:56:04.829013 rt_sigaction(SIGALRM, {0x805cad0, ~[RTMIN RT_1], 0}, NULL, 8) = 0
10235 14:56:04.829073 alarm(300)        = 300
