11400 15:07:55.413176 open("/etc/pam.d/other", O_RDONLY|O_LARGEFILE) = 5
11400 15:07:55.413208 fstat64(5, {st_mode=S_IFREG|0644, st_size=520, ...}) = 0
11400 15:07:55.413248 mmap2(NULL, 4096, PROT_READ|PROT_WRITE, MAP_PRIVATE|MAP_ANONYMOUS, -1, 0) = 0xb7f7a000
11400 15:07:55.413332 read(5, "#\n# /etc/pam.d/other - specify the PAM fallback behaviour\n#\n# Note that this file is used for any unspecified service; for example\n#if /etc/pam.d/cron  specifies no session modules but cron calls\n#pam_open_session, the session module out of /etc/pam.d/other is\n#used.  If you really want nothing to happen then use pam_permit.so or\n#pam_deny.so as appropriate.\n\n# We fall back to the system default in /etc/pam.d/common-*\n# \n\n@include common-auth\n@include common-account\n@include common-password\n@include common-session\n", 4096) = 520
11400 15:07:55.413456 stat64("/etc/pam.d", {st_mode=S_IFDIR|0755, st_size=4096, ...}) = 0
11400 15:07:55.413505 open("/etc/pam.d/common-auth", O_RDONLY|O_LARGEFILE) = 6
11400 15:07:55.413538 fstat64(6, {st_mode=S_IFREG|0644, st_size=476, ...}) = 0
11400 15:07:55.413621 mmap2(NULL, 4096, PROT_READ|PROT_WRITE, MAP_PRIVATE|MAP_ANONYMOUS, -1, 0) = 0xb7f74000
11400 15:07:55.413657 read(6, "#\n# /etc/pam.d/common-auth - authentication settings common to all services\n#\n# This file is included from other service-specific PAM config files,\n# and should contain a list of the authentication modules that define\n# the central authentication scheme for use on the system\n# (e.g., /etc/shadow, LDAP, Kerberos, etc.).  The default is to use the\n# traditional Unix authentication mechanisms.\n#\nauth\trequisite\tpam_unix.so nullok_secure\n# auth\toptional\tpam_smbpass.so migrate\n", 4096) = 476
11400 15:07:55.413778 read(6, "", 4096) = 0
11400 15:07:55.413803 close(6)          = 0
11400 15:07:55.413827 munmap(0xb7f74000, 4096) = 0
11400 15:07:55.413856 stat64("/etc/pam.d", {st_mode=S_IFDIR|0755, st_size=4096, ...}) = 0
11400 15:07:55.413903 open("/etc/pam.d/common-account", O_RDONLY|O_LARGEFILE) = 6
11400 15:07:55.413935 fstat64(6, {st_mode=S_IFREG|0644, st_size=392, ...}) = 0
11400 15:07:55.413975 mmap2(NULL, 4096, PROT_READ|PROT_WRITE, MAP_PRIVATE|MAP_ANONYMOUS, -1, 0) = 0xb7f74000
11400 15:07:55.414010 read(6, "#\n# /etc/pam.d/common-account - authorization settings common to all services\n#\n# This file is included from other service-specific PAM config files,\n# and should contain a list of the authorization modules that define\n# the central access policy for use on the system.  The default is to\n# only deny service to users whose accounts are expired in /etc/shadow.\n#\naccount\trequired\tpam_unix.so\n", 4096) = 392
11400 15:07:55.414154 read(6, "", 4096) = 0
11400 15:07:55.414187 close(6)          = 0
11400 15:07:55.414211 munmap(0xb7f74000, 4096) = 0
11400 15:07:55.414239 stat64("/etc/pam.d", {st_mode=S_IFDIR|0755, st_size=4096, ...}) = 0
11400 15:07:55.414316 open("/etc/pam.d/common-password", O_RDONLY|O_LARGEFILE) = 6
11400 15:07:55.414351 fstat64(6, {st_mode=S_IFREG|0644, st_size=1563, ...}) = 0
11400 15:07:55.414391 mmap2(NULL, 4096, PROT_READ|PROT_WRITE, MAP_PRIVATE|MAP_ANONYMOUS, -1, 0) = 0xb7f74000
11400 15:07:55.414467 read(6, "#\n# /etc/pam.d/common-password - password-related modules common to all services\n#\n# This file is included from other service-specific PAM config files,\n# and should contain a list of modules that define the services to be\n# used to change user passwords.  The default is pam_unix.\n\n# Explanation of pam_unix options:\n#\n# The \"nullok\" option allows users to change an empty password, else\n# empty passwords are treated as locked accounts.\n#\n# The \"md5\" option enables MD5 passwords.  Without this option, the\n# default is Unix crypt.\n#\n# The \"obscure\" option replaces the old `OBSCURE_CHECKS_ENAB\' option in\n# login.defs.\n#\n# You can also use the \"min\" option to enforce the length of the new\n# password.\n#\n# See the pam_unix manpage for other options.\n\npassword   requisite   pam_unix.so nullok obscure md5\n\n# Alternate strength checking for password. Note that this\n# requires the libpam-cracklib package to be installed.\n# You will need to comment out the password line above and\n# uncomment the next two in order to use this.\n# (Replaces the `OBSCURE_CHECKS_ENAB\', `CRACKLIB_DICTPATH\')\n#\n# password required\t  pam_cracklib.so retry=3 minlen=6 difok=3\n# password required\t  pam_unix.so use_authtok nullok md5\n\n# minimally-intrusive inclusion of smbpass in the stack for\n# synchronization.  If the module is absent or the passwords don\'t\n# match, this module will be ignored without prompting; and if the \n# passwords do match, the NTLM hash for the user will be updated\n# automatically.\n# password   optional   pam_smbpass.so nullok use_authtok use_first_pass\n", 4096) = 1563
11400 15:07:55.414760 read(6, "", 4096) = 0
11400 15:07:55.414786 close(6)          = 0
11400 15:07:55.414810 munmap(0xb7f74000, 4096) = 0
11400 15:07:55.414837 stat64("/etc/pam.d", {st_mode=S_IFDIR|0755, st_size=4096, ...}) = 0
11400 15:07:55.414884 open("/etc/pam.d/common-session", O_RDONLY|O_LARGEFILE) = 6
11400 15:07:55.414916 fstat64(6, {st_mode=S_IFREG|0644, st_size=372, ...}) = 0
11400 15:07:55.415012 mmap2(NULL, 4096, PROT_READ|PROT_WRITE, MAP_PRIVATE|MAP_ANONYMOUS, -1, 0) = 0xb7f74000
11400 15:07:55.415043 read(6, "#\n# /etc/pam.d/common-session - session-related modules common to all services\n#\n# This file is included from other service-specific PAM config files,\n# and should contain a list of modules that define tasks to be performed\n# at the start and end of sessions of *any* kind (both interactive and\n# non-interactive).  The default is pam_unix.\n#\nsession\trequired\tpam_unix.so\n", 4096) = 372
11400 15:07:55.415141 read(6, "", 4096) = 0
11400 15:07:55.415166 close(6)          = 0
11400 15:07:55.415190 munmap(0xb7f74000, 4096) = 0
11400 15:07:55.415216 read(5, "", 4096) = 0
11400 15:07:55.415287 close(5)          = 0
11400 15:07:55.415314 munmap(0xb7f7a000, 4096) = 0
11400 15:07:55.415350 time(NULL)        = 1495652875
11400 15:07:55.415380 lstat64("/etc/ftpusers", {st_mode=S_IFREG|0644, st_size=132, ...}) = 0
11400 15:07:55.415428 open("/etc/ftpusers", O_RDONLY|O_LARGEFILE) = 5
11400 15:07:55.415467 fstat64(5, {st_mode=S_IFREG|0644, st_size=132, ...}) = 0
11400 15:07:55.415508 mmap2(NULL, 4096, PROT_READ|PROT_WRITE, MAP_PRIVATE|MAP_ANONYMOUS, -1, 0) = 0xb7f7a000
11400 15:07:55.415535 read(5, "# /etc/ftpusers: list of users disallowed FTP access. See ftpusers(5).\n\nroot\ndaemon\nbin\nsys\nsync\ngames\nman\nlp\nmail\nnews\nuucp\nnobody\n", 4096) = 132
11400 15:07:55.415589 read(5, "", 4096) = 0
11400 15:07:55.415612 close(5)          = 0
11400 15:07:55.415636 munmap(0xb7f7a000, 4096) = 0
11400 15:07:55.415675 getuid32()        = 0
11400 15:07:55.415717 open("/etc/passwd", O_RDONLY|0x80000 /* O_??? */) = 5
11400 15:07:55.415754 _llseek(5, 0, [0], SEEK_CUR) = 0
11400 15:07:55.415831 fstat64(5, {st_mode=S_IFREG|0644, st_size=1624, ...}) = 0
11400 15:07:55.415873 mmap2(NULL, 1624, PROT_READ, MAP_SHARED, 5, 0) = 0xb7f7a000
11400 15:07:55.415901 _llseek(5, 1624, [1624], SEEK_SET) = 0
11400 15:07:55.415950 munmap(0xb7f7a000, 1624) = 0
11400 15:07:55.415978 close(5)          = 0
11400 15:07:55.416042 open("/etc/shadow", O_RDONLY|0x80000 /* O_??? */) = 5
11400 15:07:55.416138 _llseek(5, 0, [0], SEEK_CUR) = 0
11400 15:07:55.416168 fstat64(5, {st_mode=S_IFREG|0640, st_size=1233, ...}) = 0
11400 15:07:55.416238 mmap2(NULL, 1233, PROT_READ, MAP_SHARED, 5, 0) = 0xb7f7a000
11400 15:07:55.416267 _llseek(5, 1233, [1233], SEEK_SET) = 0
11400 15:07:55.416318 munmap(0xb7f7a000, 1233) = 0
11400 15:07:55.416344 close(5)          = 0
11400 15:07:55.416392 open("/etc/passwd", O_RDONLY|0x80000 /* O_??? */) = 5
11400 15:07:55.416427 _llseek(5, 0, [0], SEEK_CUR) = 0
11400 15:07:55.416452 fstat64(5, {st_mode=S_IFREG|0644, st_size=1624, ...}) = 0
11400 15:07:55.416492 mmap2(NULL, 1624, PROT_READ, MAP_SHARED, 5, 0) = 0xb7f7a000
11400 15:07:55.416518 _llseek(5, 1624, [1624], SEEK_SET) = 0
11400 15:07:55.416559 munmap(0xb7f7a000, 1624) = 0
11400 15:07:55.416583 close(5)          = 0
11400 15:07:55.416656 open("/etc/shadow", O_RDONLY|0x80000 /* O_??? */) = 5
11400 15:07:55.416694 _llseek(5, 0, [0], SEEK_CUR) = 0
11400 15:07:55.416721 fstat64(5, {st_mode=S_IFREG|0640, st_size=1233, ...}) = 0
11400 15:07:55.416761 mmap2(NULL, 1233, PROT_READ, MAP_SHARED, 5, 0) = 0xb7f7a000
11400 15:07:55.416789 _llseek(5, 1233, [1233], SEEK_SET) = 0
11400 15:07:55.416832 munmap(0xb7f7a000, 1233) = 0
11400 15:07:55.416857 close(5)          = 0
11400 15:07:55.418181 getuid32()        = 0
11400 15:07:55.418247 open("/etc/passwd", O_RDONLY|0x80000 /* O_??? */) = 5
11400 15:07:55.418283 _llseek(5, 0, [0], SEEK_CUR) = 0
11400 15:07:55.418310 fstat64(5, {st_mode=S_IFREG|0644, st_size=1624, ...}) = 0
11400 15:07:55.418351 mmap2(NULL, 1624, PROT_READ, MAP_SHARED, 5, 0) = 0xb7f7a000
11400 15:07:55.418426 _llseek(5, 1624, [1624], SEEK_SET) = 0
11400 15:07:55.418471 munmap(0xb7f7a000, 1624) = 0
11400 15:07:55.418497 close(5)          = 0
11400 15:07:55.418532 open("/etc/shadow", O_RDONLY|0x80000 /* O_??? */) = 5
11400 15:07:55.418565 _llseek(5, 0, [0], SEEK_CUR) = 0
11400 15:07:55.418591 fstat64(5, {st_mode=S_IFREG|0640, st_size=1233, ...}) = 0
11400 15:07:55.418632 mmap2(NULL, 1233, PROT_READ, MAP_SHARED, 5, 0) = 0xb7f7a000
11400 15:07:55.418658 _llseek(5, 1233, [1233], SEEK_SET) = 0
11400 15:07:55.418722 munmap(0xb7f7a000, 1233) = 0
11400 15:07:55.418754 close(5)          = 0
11400 15:07:55.418785 time(NULL)        = 1495652875
11400 15:07:55.418825 munmap(0xb7f77000, 12164) = 0
11400 15:07:55.418858 munmap(0xb7f75000, 7136) = 0
11400 15:07:55.418937 munmap(0xb7daa000, 95428) = 0
11400 15:07:55.418976 munmap(0xb7d70000, 201052) = 0
11400 15:07:55.419005 munmap(0xb7d57000, 101180) = 0
11400 15:07:55.419049 gettimeofday({1495652875, 419059}, NULL) = 0
11400 15:07:55.419079 stat64("/usr/share/zoneinfo/UTC+04:00", 0xbfb94d04) = -1 ENOENT (No such file or directory)
11400 15:07:55.419116 open("/usr/share/zoneinfo/UTC+04:00", O_RDONLY) = -1 ENOENT (No such file or directory)
11400 15:07:55.419183 fcntl64(3, F_SETLKW64, {type=F_WRLCK, whence=SEEK_SET, start=0, len=0}, 0xbfb94e54) = 0
11400 15:07:55.419404 write(3, "Wed May 24 15:07:55 2017 [pid 11400] [msfadmin] OK LOGIN: Client \"127.0.0.1\"\n", 77) = 77
11400 15:07:55.419462 fcntl64(3, F_SETLK64, {type=F_UNLCK, whence=SEEK_SET, start=0, len=0}, 0xbfb94e5c) = 0
11400 15:07:55.419497 rt_sigaction(SIGCHLD, {0x805cad0, ~[RTMIN RT_1], 0}, NULL, 8) = 0
11400 15:07:55.419534 write(4, "\1", 1 <unfinished ...>
11401 15:07:55.419561 <... read resumed> "\1", 1) = 1
11400 15:07:55.419574 <... write resumed> ) = 1
11401 15:07:55.419595 exit_group(0)     = ?
11400 15:07:55.419678 --- SIGCHLD (Child exited) @ 0 (0) ---
11400 15:07:55.419697 sigreturn()       = ? (mask now [])
11400 15:07:55.419744 wait4(-1, [{WIFEXITED(s) && WEXITSTATUS(s) == 0}], 0, NULL) = 11401
11400 15:07:55.419776 close(4)          = 0
11400 15:07:55.419834 socketpair(PF_FILE, SOCK_STREAM, 0, [4, 5]) = 0
11400 15:07:55.419924 rt_sigaction(SIGCHLD, {0x805cad0, ~[RTMIN RT_1], 0}, NULL, 8) = 0
11400 15:07:55.419962 rt_sigaction(SIGALRM, {0x805cb10, ~[RTMIN RT_1], 0}, NULL, 8) = 0
11400 15:07:55.419997 clone(child_stack=0, flags=CLONE_CHILD_CLEARTID|CLONE_CHILD_SETTID|SIGCHLD, child_tidptr=0xb7de06f8) = 11402
11402 15:07:55.420126 prctl(0x1, 0x9, 0, 0, 0) = 0
11402 15:07:55.420161 close(4)          = 0
11402 15:07:55.420283 open("/etc/passwd", O_RDONLY|0x80000 /* O_??? */) = 4
11402 15:07:55.420357 _llseek(4, 0, [0], SEEK_CUR) = 0
11402 15:07:55.420396 fstat64(4, {st_mode=S_IFREG|0644, st_size=1624, ...}) = 0
11402 15:07:55.420443 mmap2(NULL, 1624, PROT_READ, MAP_SHARED, 4, 0) = 0xb7f7a000
11402 15:07:55.420472 _llseek(4, 1624, [1624], SEEK_SET) = 0
11402 15:07:55.420530 munmap(0xb7f7a000, 1624) = 0
11402 15:07:55.420559 close(4)          = 0
11402 15:07:55.420593 getuid32()        = 0
11402 15:07:55.420619 open("/etc/passwd", O_RDONLY|0x80000 /* O_??? */) = 4
11402 15:07:55.420650 _llseek(4, 0, [0], SEEK_CUR) = 0
11402 15:07:55.420676 fstat64(4, {st_mode=S_IFREG|0644, st_size=1624, ...}) = 0
11402 15:07:55.420717 mmap2(NULL, 1624, PROT_READ, MAP_SHARED, 4, 0) = 0xb7f7a000
11402 15:07:55.420825 _llseek(4, 1624, [1624], SEEK_SET) = 0
11402 15:07:55.420872 munmap(0xb7f7a000, 1624) = 0
11402 15:07:55.420897 close(4)          = 0
11402 15:07:55.420965 open("/proc/sys/kernel/ngroups_max", O_RDONLY) = 4
11402 15:07:55.421014 read(4, "65536\n", 31) = 6
11402 15:07:55.421087 close(4)          = 0
11402 15:07:55.421133 socket(PF_FILE, SOCK_STREAM, 0) = 4
11402 15:07:55.421164 fcntl64(4, F_SETFL, O_RDWR|O_NONBLOCK) = 0
11402 15:07:55.421191 connect(4, {sa_family=AF_FILE, path="/var/run/nscd/socket"}, 110) = -1 ENOENT (No such file or directory)
11402 15:07:55.421244 close(4)          = 0
11402 15:07:55.421273 socket(PF_FILE, SOCK_STREAM, 0) = 4
11402 15:07:55.421327 fcntl64(4, F_SETFL, O_RDWR|O_NONBLOCK) = 0
11402 15:07:55.421356 connect(4, {sa_family=AF_FILE, path="/var/run/nscd/socket"}, 110) = -1 ENOENT (No such file or directory)
11402 15:07:55.421402 close(4)          = 0
11402 15:07:55.421465 open("/etc/group", O_RDONLY|0x80000 /* O_??? */) = 4
11402 15:07:55.421501 _llseek(4, 0, [0], SEEK_CUR) = 0
11402 15:07:55.421528 fstat64(4, {st_mode=S_IFREG|0644, st_size=886, ...}) = 0
11402 15:07:55.421569 mmap2(NULL, 886, PROT_READ, MAP_SHARED, 4, 0) = 0xb7f7a000
11402 15:07:55.421641 _llseek(4, 886, [886], SEEK_SET) = 0
11402 15:07:55.421711 fstat64(4, {st_mode=S_IFREG|0644, st_size=886, ...}) = 0
11402 15:07:55.421755 munmap(0xb7f7a000, 886) = 0
11402 15:07:55.421805 close(4)          = 0
11402 15:07:55.421836 setgroups32(13, [1000, 4, 20, 24, 25, 29, 30, 44, 46, 107, 111, 112, 119]) = 0
11402 15:07:55.421880 geteuid32()       = 0
11402 15:07:55.421952 getegid32()       = 0
11402 15:07:55.421987 setregid32(-1, 1000) = 0
11402 15:07:55.422013 setreuid32(-1, 1000) = 0
11402 15:07:55.422040 chdir("/home/msfadmin") = 0
11402 15:07:55.422070 setreuid32(-1, 0) = 0
11402 15:07:55.422093 setregid32(-1, 0) = 0
11402 15:07:55.422119 setgid32(1000)    = 0
11402 15:07:55.422144 setuid32(1000)    = 0
11402 15:07:55.422169 setrlimit(RLIMIT_NPROC, {rlim_cur=0, rlim_max=0}) = 0
11402 15:07:55.422203 mmap2(NULL, 12288, PROT_READ|PROT_WRITE, MAP_PRIVATE|MAP_ANONYMOUS, -1, 0) = 0xb7f78000
11402 15:07:55.422232 mprotect(0xb7f7a000, 4096, PROT_NONE) = 0
11402 15:07:55.422294 mprotect(0xb7f78000, 4096, PROT_NONE) = 0
11402 15:07:55.422332 getcwd("/home/msfadmin", 4096) = 15
11402 15:07:55.422367 umask(022)        = 077
11402 15:07:55.422392 getcwd("/home/msfadmin", 4096) = 15
11402 15:07:55.422426 open(".message", O_RDONLY|O_NONBLOCK|O_LARGEFILE) = -1 ENOENT (No such file or directory)
11402 15:07:55.422534 write(0, "230 Login successful.\r\n", 23) = 23
11402 15:07:55.422765 rt_sigaction(SIGALRM, {0x805cad0, ~[RTMIN RT_1], 0}, NULL, 8) = 0
11402 15:07:55.422893 alarm(300)        = 0
11402 15:07:55.422924 mmap2(NULL, 12288, PROT_READ|PROT_WRITE, MAP_PRIVATE|MAP_ANONYMOUS, -1, 0) = 0xb7f75000
11402 15:07:55.422953 mprotect(0xb7f77000, 4096, PROT_NONE) = 0
11402 15:07:55.422982 mprotect(0xb7f75000, 4096, PROT_NONE) = 0
11402 15:07:55.423015 recv(0, "TYPE I\r\n", 4096, MSG_PEEK) = 8
11402 15:07:55.423048 read(0, "TYPE I\r\n", 8) = 8
11402 15:07:55.423091 write(0, "200 Switching to Binary mode.\r\n", 31) = 31
11402 15:07:55.423193 rt_sigaction(SIGALRM, {0x805cad0, ~[RTMIN RT_1], 0}, NULL, 8) = 0
11402 15:07:55.423230 alarm(300)        = 300
11402 15:07:55.423258 recv(0, "PASV\r\n", 4096, MSG_PEEK) = 6
11402 15:07:55.423320 read(0, "PASV\r\n", 6) = 6
11402 15:07:55.423352 write(5, "\n", 1) = 1
11402 15:07:55.423431 read(5,  <unfinished ...>
11400 15:07:55.423465 close(5)          = 0
11400 15:07:55.423499 getuid32()        = 0
11400 15:07:55.423537 open("/etc/passwd", O_RDONLY|0x80000 /* O_??? */) = 5
11400 15:07:55.423574 _llseek(5, 0, [0], SEEK_CUR) = 0
11400 15:07:55.423605 fstat64(5, {st_mode=S_IFREG|0644, st_size=1624, ...}) = 0
11400 15:07:55.423650 mmap2(NULL, 1624, PROT_READ, MAP_SHARED, 5, 0) = 0xb7f7a000
11400 15:07:55.423725 _llseek(5, 1624, [1624], SEEK_SET) = 0
11400 15:07:55.423799 munmap(0xb7f7a000, 1624) = 0
11400 15:07:55.423832 close(5)          = 0
11400 15:07:55.423872 setgroups32(0, []) = 0
11400 15:07:55.423901 chdir("/usr/share/empty") = 0
11400 15:07:55.423932 chroot(".")       = 0
11400 15:07:55.423959 capset(NULL, NULL) = -1 EFAULT (Bad address)
11400 15:07:55.423993 prctl(0x8, 0, 0xbfb94e38, 0x80549a6, 0xbfb94e20) = 0
11400 15:07:55.424021 prctl(0x8, 0x1, 0xbfb94e38, 0x8054a49, 0xbfb94e20) = 0
11400 15:07:55.424046 setgid32(65534)   = 0
11400 15:07:55.424070 setuid32(65534)   = 0
11400 15:07:55.424094 capset(0x19980330, 0, {CAP_NET_BIND_SERVICE, CAP_NET_BIND_SERVICE, 0}) = 0
11400 15:07:55.424128 read(4, "\n", 1)  = 1
11400 15:07:55.424161 write(4, "\1", 1) = 1
11402 15:07:55.424189 <... read resumed> "\1", 1) = 1
11402 15:07:55.424208 write(5, "\f", 1) = 1
11402 15:07:55.424306 read(5,  <unfinished ...>
11400 15:07:55.424332 read(4, "\f", 1)  = 1
11400 15:07:55.424361 socket(PF_INET, SOCK_STREAM, IPPROTO_TCP) = 5
11400 15:07:55.424389 setsockopt(5, SOL_SOCKET, SO_REUSEADDR, [1], 4) = 0
11400 15:07:55.424413 gettimeofday({1495652875, 424420}, NULL) = 0
11400 15:07:55.424446 bind(5, {sa_family=AF_INET, sin_port=htons(15151), sin_addr=inet_addr("127.0.0.1")}, 16) = 0
11400 15:07:55.424479 listen(5, 1)      = 0
11400 15:07:55.424506 write(4, "/;\0\0", 4) = 4
11402 15:07:55.424529 <... read resumed> "/;\0\0", 4) = 4
11402 15:07:55.424601 write(0, "227 Entering Passive Mode (127,0,0,1,59,47).\r\n", 46) = 46
11402 15:07:55.424846 rt_sigaction(SIGALRM, {0x805cad0, ~[RTMIN RT_1], 0}, NULL, 8) = 0
11402 15:07:55.424889 alarm(300)        = 300
11402 15:07:55.424946 recv(0, "STOR myfile19\r\n", 4096, MSG_PEEK) = 15
11402 15:07:55.424970 read(0, "STOR myfile19\r\n", 15) = 15
11402 15:07:55.424999 write(5, "\v", 1) = 1
11402 15:07:55.425019 read(5,  <unfinished ...>
11400 15:07:55.425032 read(4, "\v", 1)  = 1
11400 15:07:55.425053 write(4, "\1\0\0\0", 4) = 4
11402 15:07:55.425073 <... read resumed> "\1\0\0\0", 4) = 4
11402 15:07:55.425123 gettimeofday({1495652875, 425135}, NULL) = 0
11402 15:07:55.425150 getcwd("/home/msfadmin", 4096) = 15
11402 15:07:55.425174 open("myfile19", O_WRONLY|O_CREAT|O_NONBLOCK|O_LARGEFILE, 0666) = 4
11402 15:07:55.425199 fstat64(4, {st_mode=S_IFREG|0644, st_size=17, ...}) = 0
11402 15:07:55.425446 fcntl64(4, F_GETFL) = 0x8801 (flags O_WRONLY|O_NONBLOCK|O_LARGEFILE)
11402 15:07:55.425479 fcntl64(4, F_SETFL, O_WRONLY|O_LARGEFILE) = 0
11402 15:07:55.425498 fcntl64(4, F_SETLKW64, {type=F_WRLCK, whence=SEEK_SET, start=0, len=0}, 0xbfb94d84) = 0
11402 15:07:55.425529 ftruncate64(4, 0) = 0
11402 15:07:55.425565 _llseek(4, 0, [0], SEEK_SET) = 0
11402 15:07:55.425585 write(5, "\v", 1) = 1
11402 15:07:55.425605 read(5,  <unfinished ...>
11400 15:07:55.425618 read(4, "\v", 1)  = 1
11400 15:07:55.425639 write(4, "\1\0\0\0", 4) = 4
11402 15:07:55.425659 <... read resumed> "\1\0\0\0", 4) = 4
11402 15:07:55.425673 write(5, "\v", 1) = 1
11402 15:07:55.425691 read(5,  <unfinished ...>
11400 15:07:55.425703 read(4, "\v", 1)  = 1
11400 15:07:55.425723 write(4, "\1\0\0\0", 4) = 4
11402 15:07:55.425762 <... read resumed> "\1\0\0\0", 4) = 4
11402 15:07:55.425779 write(5, "\r", 1) = 1
11402 15:07:55.425797 read(5,  <unfinished ...>
11400 15:07:55.425810 read(4, "\r", 1)  = 1
11400 15:07:55.425834 select(6, [5], NULL, NULL, {60, 0}) = 1 (in [5], left {60, 0})
11400 15:07:55.425874 accept(5, {sa_family=AF_INET, sin_port=htons(47194), sin_addr=inet_addr("127.0.0.1")}, [16]) = 6
11400 15:07:55.425908 write(4, "\1", 1) = 1
11402 15:07:55.425924 <... read resumed> "\1", 1) = 1
11402 15:07:55.425938 recvmsg(5,  <unfinished ...>
11400 15:07:55.425985 sendmsg(4, {msg_name(0)=NULL, msg_iov(1)=[{"\0", 1}], msg_controllen=16, {cmsg_len=16, cmsg_level=SOL_SOCKET, cmsg_type=SCM_RIGHTS, {6}}, msg_flags=0}, 0) = 1
11402 15:07:55.426018 <... recvmsg resumed> {msg_name(0)=NULL, msg_iov(1)=[{"\0", 1}], msg_controllen=16, {cmsg_len=16, cmsg_level=SOL_SOCKET, cmsg_type=SCM_RIGHTS, {6}}, msg_flags=0}, 0) = 1
11402 15:07:55.426039 setsockopt(6, SOL_SOCKET, SO_KEEPALIVE, [1], 4) = 0
11402 15:07:55.426057 setsockopt(6, SOL_IP, IP_TOS, [8], 4) = 0
11402 15:07:55.426075 setsockopt(6, SOL_SOCKET, SO_LINGER, {onoff=1, linger=32767}, 8) = 0
11402 15:07:55.426093 rt_sigaction(SIGALRM, {0x805cad0, ~[RTMIN RT_1], 0}, NULL, 8) = 0
11402 15:07:55.426113 alarm(300)        = 300
11402 15:07:55.426133 write(0, "150 Ok to send data.\r\n", 22) = 22
11402 15:07:55.426269 mmap2(NULL, 77824, PROT_READ|PROT_WRITE, MAP_PRIVATE|MAP_ANONYMOUS, -1, 0) = 0xb7daf000
11402 15:07:55.426297 mprotect(0xb7dc1000, 4096, PROT_NONE) = 0
11402 15:07:55.426316 mprotect(0xb7daf000, 4096, PROT_NONE) = 0
11402 15:07:55.426331 read(6, "assasaaa\na\na\na\na\n", 65536) = 17
11402 15:07:55.426353 write(4, "assasaaa\na\na\na\na\n", 17) = 17
11402 15:07:55.426377 read(6, "", 65536) = 0
11402 15:07:55.426393 rt_sigaction(SIGALRM, {0x805cad0, ~[RTMIN RT_1], 0}, NULL, 8) = 0
11402 15:07:55.426414 alarm(300)        = 300
11402 15:07:55.426429 close(6)          = 0
11402 15:07:55.426443 alarm(0)          = 300
11402 15:07:55.426458 gettimeofday({1495652875, 426463}, NULL) = 0
11402 15:07:55.426485 getpid()          = 11402
11402 15:07:55.426503 gettimeofday({1495652875, 426509}, NULL) = 0
11402 15:07:55.426529 fcntl64(3, F_SETLKW64, {type=F_WRLCK, whence=SEEK_SET, start=0, len=0}, 0xbfb94d24) = 0
11402 15:07:55.426552 write(3, "Wed May 24 15:07:55 2017 [pid 11402] [msfadmin] OK UPLOAD: Client \"127.0.0.1\", \"/home/msfadmin/myfile19\", 17 bytes, 12.08Kbyte/sec\n", 131) = 131
11402 15:07:55.426591 fcntl64(3, F_SETLK64, {type=F_UNLCK, whence=SEEK_SET, start=0, len=0}, 0xbfb94d2c) = 0
11402 15:07:55.426614 write(0, "226 Transfer complete.\r\n", 24) = 24
11402 15:07:55.426679 write(5, "\n", 1) = 1
11402 15:07:55.426697 read(5,  <unfinished ...>
11400 15:07:55.426708 close(6)          = 0
11400 15:07:55.426729 read(4, "\n", 1)  = 1
11400 15:07:55.426729 close(5)          = 0
11400 15:07:55.426734 write(4, "\1", 1) = 1
11402 15:07:55.426749 <... read resumed> "\1", 1) = 1
11402 15:07:55.426759 close(4)          = 0
11402 15:07:55.426773 rt_sigaction(SIGALRM, {0x805cad0, ~[RTMIN RT_1], 0}, NULL, 8) = 0
11402 15:07:55.426790 alarm(300)        = 0
11402 15:07:55.426805 recv(0,  <unfinished ...>
11400 15:07:55.426815 read(4,  <unfinished ...>
11402 15:07:55.936905 <... recv resumed> "TYPE I\r\n", 4096, MSG_PEEK) = 8
11402 15:07:55.937017 read(0, "TYPE I\r\n", 8) = 8
11402 15:07:55.937531 write(0, "200 Switching to Binary mode.\r\n", 31) = 31
11402 15:07:55.938226 rt_sigaction(SIGALRM, {0x805cad0, ~[RTMIN RT_1], 0}, NULL, 8) = 0
11402 15:07:55.938399 alarm(300)        = 299
11402 15:07:55.938520 recv(0, "PASV\r\n", 4096, MSG_PEEK) = 6
11402 15:07:55.938614 read(0, "PASV\r\n", 6) = 6
11402 15:07:55.938678 write(5, "\n", 1 <unfinished ...>
11400 15:07:55.938720 <... read resumed> "\n", 1) = 1
11402 15:07:55.938742 <... write resumed> ) = 1
11400 15:07:55.938772 write(4, "\1", 1) = 1
11400 15:07:55.938820 read(4,  <unfinished ...>
11402 15:07:55.938850 read(5, "\1", 1)  = 1
11402 15:07:55.938901 write(5, "\f", 1 <unfinished ...>
11400 15:07:55.938932 <... read resumed> "\f", 1) = 1
11402 15:07:55.938953 <... write resumed> ) = 1
11400 15:07:55.938984 socket(PF_INET, SOCK_STREAM, IPPROTO_TCP) = 5
11400 15:07:55.939044 setsockopt(5, SOL_SOCKET, SO_REUSEADDR, [1], 4) = 0
11400 15:07:55.939156 bind(5, {sa_family=AF_INET, sin_port=htons(54302), sin_addr=inet_addr("127.0.0.1")}, 16) = 0
11400 15:07:55.939233 listen(5, 1)      = 0
11400 15:07:55.939290 write(4, "\36\324\0\0", 4) = 4
11400 15:07:55.939340 read(4,  <unfinished ...>
11402 15:07:55.939371 read(5, "\36\324\0\0", 4) = 4
11402 15:07:55.939443 write(0, "227 Entering Passive Mode (127,0,0,1,212,30).\r\n", 47) = 47
11402 15:07:55.939851 rt_sigaction(SIGALRM, {0x805cad0, ~[RTMIN RT_1], 0}, NULL, 8) = 0
11402 15:07:55.939925 alarm(300)        = 300
11402 15:07:55.939976 recv(0, "STOR myfile20\r\n", 4096, MSG_PEEK) = 15
11402 15:07:55.940029 read(0, "STOR myfile20\r\n", 15) = 15
11402 15:07:55.940176 write(5, "\v", 1 <unfinished ...>
11400 15:07:55.940220 <... read resumed> "\v", 1) = 1
11402 15:07:55.940241 <... write resumed> ) = 1
11400 15:07:55.940269 write(4, "\1\0\0\0", 4) = 4
11400 15:07:55.940318 read(4,  <unfinished ...>
11402 15:07:55.940348 read(5, "\1\0\0\0", 4) = 4
11402 15:07:55.940399 gettimeofday({1495652875, 940416}, NULL) = 0
11402 15:07:55.940554 getcwd("/home/msfadmin", 4096) = 15
11402 15:07:55.940614 open("myfile20", O_WRONLY|O_CREAT|O_NONBLOCK|O_LARGEFILE, 0666) = 4
11402 15:07:55.940674 fstat64(4, {st_mode=S_IFREG|0644, st_size=17, ...}) = 0
11402 15:07:55.940749 fcntl64(4, F_GETFL) = 0x8801 (flags O_WRONLY|O_NONBLOCK|O_LARGEFILE)
11402 15:07:55.940797 fcntl64(4, F_SETFL, O_WRONLY|O_LARGEFILE) = 0
11402 15:07:55.940841 fcntl64(4, F_SETLKW64, {type=F_WRLCK, whence=SEEK_SET, start=0, len=0}, 0xbfb94d84) = 0
11402 15:07:55.940900 ftruncate64(4, 0) = 0
11402 15:07:55.940971 _llseek(4, 0, [0], SEEK_SET) = 0
11402 15:07:55.941056 write(5, "\v", 1 <unfinished ...>
11400 15:07:55.941110 <... read resumed> "\v", 1) = 1
11402 15:07:55.941132 <... write resumed> ) = 1
11400 15:07:55.941160 write(4, "\1\0\0\0", 4) = 4
11400 15:07:55.941209 read(4,  <unfinished ...>
11402 15:07:55.941240 read(5, "\1\0\0\0", 4) = 4
11402 15:07:55.941289 write(5, "\v", 1 <unfinished ...>
11400 15:07:55.941319 <... read resumed> "\v", 1) = 1
11402 15:07:55.941339 <... write resumed> ) = 1
11400 15:07:55.941366 write(4, "\1\0\0\0", 4) = 4
11400 15:07:55.941411 read(4,  <unfinished ...>
11402 15:07:55.941440 read(5, "\1\0\0\0", 4) = 4
11402 15:07:55.941489 write(5, "\r", 1 <unfinished ...>
11400 15:07:55.941519 <... read resumed> "\r", 1) = 1
11402 15:07:55.941539 <... write resumed> ) = 1
11400 15:07:55.941569 select(6, [5], NULL, NULL, {60, 0}) = 1 (in [5], left {60, 0})
11400 15:07:55.941639 accept(5, {sa_family=AF_INET, sin_port=htons(42934), sin_addr=inet_addr("127.0.0.1")}, [16]) = 6
11400 15:07:55.941735 write(4, "\1", 1) = 1
11400 15:07:55.941787 sendmsg(4, {msg_name(0)=NULL, msg_iov(1)=[{"\0", 1}], msg_controllen=16, {cmsg_len=16, cmsg_level=SOL_SOCKET, cmsg_type=SCM_RIGHTS, {6}}, msg_flags=0}, 0) = 1
11400 15:07:55.941859 close(6)          = 0
11400 15:07:55.941902 read(4,  <unfinished ...>
11402 15:07:55.941932 read(5, "\1", 1)  = 1
11402 15:07:55.941989 recvmsg(5, {msg_name(0)=NULL, msg_iov(1)=[{"\0", 1}], msg_controllen=16, {cmsg_len=16, cmsg_level=SOL_SOCKET, cmsg_type=SCM_RIGHTS, {6}}, msg_flags=0}, 0) = 1
11402 15:07:55.942137 setsockopt(6, SOL_SOCKET, SO_KEEPALIVE, [1], 4) = 0
11402 15:07:55.942193 setsockopt(6, SOL_IP, IP_TOS, [8], 4) = 0
11402 15:07:55.942244 setsockopt(6, SOL_SOCKET, SO_LINGER, {onoff=1, linger=32767}, 8) = 0
11402 15:07:55.942293 rt_sigaction(SIGALRM, {0x805cad0, ~[RTMIN RT_1], 0}, NULL, 8) = 0
11402 15:07:55.942352 alarm(300)        = 300
11402 15:07:55.942409 write(0, "150 Ok to send data.\r\n", 22) = 22
11402 15:07:55.942688 read(6, "assasaaa\na\na\na\na\n", 65536) = 17
11402 15:07:55.942749 write(4, "assasaaa\na\na\na\na\n", 17) = 17
11402 15:07:55.942819 read(6, "", 65536) = 0
11402 15:07:55.942864 rt_sigaction(SIGALRM, {0x805cad0, ~[RTMIN RT_1], 0}, NULL, 8) = 0
11402 15:07:55.942923 alarm(300)        = 300
11402 15:07:55.943015 close(6)          = 0
11402 15:07:55.943105 alarm(0)          = 300
11402 15:07:55.943150 gettimeofday({1495652875, 943166}, NULL) = 0
11402 15:07:55.943215 gettimeofday({1495652875, 943232}, NULL) = 0
11402 15:07:55.943273 fcntl64(3, F_SETLKW64, {type=F_WRLCK, whence=SEEK_SET, start=0, len=0}, 0xbfb94d24) = 0
11402 15:07:55.943339 write(3, "Wed May 24 15:07:55 2017 [pid 11402] [msfadmin] OK UPLOAD: Client \"127.0.0.1\", \"/home/msfadmin/myfile20\", 17 bytes, 5.90Kbyte/sec\n", 130) = 130
11402 15:07:55.943427 fcntl64(3, F_SETLK64, {type=F_UNLCK, whence=SEEK_SET, start=0, len=0}, 0xbfb94d2c) = 0
11402 15:07:55.943490 write(0, "226 Transfer complete.\r\n", 24) = 24
11402 15:07:55.943665 write(5, "\n", 1 <unfinished ...>
11400 15:07:55.943707 <... read resumed> "\n", 1) = 1
11402 15:07:55.943729 <... write resumed> ) = 1
11400 15:07:55.943755 close(5)          = 0
11400 15:07:55.943806 write(4, "\1", 1) = 1
11400 15:07:55.943854 read(4,  <unfinished ...>
11402 15:07:55.943885 read(5, "\1", 1)  = 1
11402 15:07:55.943987 close(4)          = 0
11402 15:07:55.944052 rt_sigaction(SIGALRM, {0x805cad0, ~[RTMIN RT_1], 0}, NULL, 8) = 0
11402 15:07:55.944113 alarm(300)        = 0
11402 15:07:55.944162 recv(0, "TYPE I\r\n", 4096, MSG_PEEK) = 8
11402 15:07:56.476912 read(0, "TYPE I\r\n", 8) = 8
11402 15:07:56.477009 write(0, "200 Switching to Binary mode.\r\n", 31) = 31
11402 15:07:56.477052 rt_sigaction(SIGALRM, {0x805cad0, ~[RTMIN RT_1], 0}, NULL, 8) = 0
11402 15:07:56.477135 alarm(300)        = 299
11402 15:07:56.477187 recv(0, "PASV\r\n", 4096, MSG_PEEK) = 6
11402 15:07:56.477240 read(0, "PASV\r\n", 6) = 6
11402 15:07:56.477294 write(5, "\n", 1 <unfinished ...>
11400 15:07:56.477337 <... read resumed> "\n", 1) = 1
11402 15:07:56.477359 <... write resumed> ) = 1
11400 15:07:56.477389 write(4, "\1", 1) = 1
11400 15:07:56.477437 read(4,  <unfinished ...>
11402 15:07:56.477467 read(5, "\1", 1)  = 1
11402 15:07:56.477518 write(5, "\f", 1 <unfinished ...>
11400 15:07:56.477550 <... read resumed> "\f", 1) = 1
11402 15:07:56.477571 <... write resumed> ) = 1
11400 15:07:56.477602 socket(PF_INET, SOCK_STREAM, IPPROTO_TCP) = 5
11400 15:07:56.477662 setsockopt(5, SOL_SOCKET, SO_REUSEADDR, [1], 4) = 0
11400 15:07:56.477721 bind(5, {sa_family=AF_INET, sin_port=htons(23899), sin_addr=inet_addr("127.0.0.1")}, 16) = 0
11400 15:07:56.477786 listen(5, 1)      = 0
11400 15:07:56.477841 write(4, "[]\0\0", 4) = 4
11400 15:07:56.477890 read(4,  <unfinished ...>
11402 15:07:56.477920 read(5, "[]\0\0", 4) = 4
11402 15:07:56.478055 write(0, "227 Entering Passive Mode (127,0,0,1,93,91).\r\n", 46) = 46
11402 15:07:56.478472 rt_sigaction(SIGALRM, {0x805cad0, ~[RTMIN RT_1], 0}, NULL, 8) = 0
11402 15:07:56.478546 alarm(300)        = 300
11402 15:07:56.478597 recv(0, "STOR myfile21\r\n", 4096, MSG_PEEK) = 15
11402 15:07:56.478650 read(0, "STOR myfile21\r\n", 15) = 15
11402 15:07:56.478708 write(5, "\v", 1 <unfinished ...>
11400 15:07:56.478743 <... read resumed> "\v", 1) = 1
11402 15:07:56.478764 <... write resumed> ) = 1
11400 15:07:56.478792 write(4, "\1\0\0\0", 4) = 4
11400 15:07:56.478841 read(4,  <unfinished ...>
11402 15:07:56.478870 read(5, "\1\0\0\0", 4) = 4
11402 15:07:56.478966 gettimeofday({1495652876, 478996}, NULL) = 0
11402 15:07:56.479030 getcwd("/home/msfadmin", 4096) = 15
11402 15:07:56.479108 open("myfile21", O_WRONLY|O_CREAT|O_NONBLOCK|O_LARGEFILE, 0666) = 4
11402 15:07:56.479169 fstat64(4, {st_mode=S_IFREG|0644, st_size=17, ...}) = 0
11402 15:07:56.479245 fcntl64(4, F_GETFL) = 0x8801 (flags O_WRONLY|O_NONBLOCK|O_LARGEFILE)
11402 15:07:56.479293 fcntl64(4, F_SETFL, O_WRONLY|O_LARGEFILE) = 0
11402 15:07:56.479336 fcntl64(4, F_SETLKW64, {type=F_WRLCK, whence=SEEK_SET, start=0, len=0}, 0xbfb94d84) = 0
11402 15:07:56.479395 ftruncate64(4, 0) = 0
11402 15:07:56.479464 _llseek(4, 0, [0], SEEK_SET) = 0
11402 15:07:56.479511 write(5, "\v", 1 <unfinished ...>
11400 15:07:56.479547 <... read resumed> "\v", 1) = 1
11402 15:07:56.479568 <... write resumed> ) = 1
11400 15:07:56.479595 write(4, "\1\0\0\0", 4) = 4
11400 15:07:56.479643 read(4,  <unfinished ...>
11402 15:07:56.479674 read(5, "\1\0\0\0", 4) = 4
11402 15:07:56.479724 write(5, "\v", 1 <unfinished ...>
11400 15:07:56.479754 <... read resumed> "\v", 1) = 1
11402 15:07:56.479775 <... write resumed> ) = 1
11400 15:07:56.479801 write(4, "\1\0\0\0", 4) = 4
11400 15:07:56.479847 read(4,  <unfinished ...>
11402 15:07:56.479877 read(5, "\1\0\0\0", 4) = 4
11402 15:07:56.479984 write(5, "\r", 1 <unfinished ...>
11400 15:07:56.480017 <... read resumed> "\r", 1) = 1
11402 15:07:56.480037 <... write resumed> ) = 1
11400 15:07:56.480068 select(6, [5], NULL, NULL, {60, 0}) = 1 (in [5], left {60, 0})
11400 15:07:56.480137 accept(5, {sa_family=AF_INET, sin_port=htons(40543), sin_addr=inet_addr("127.0.0.1")}, [16]) = 6
11400 15:07:56.480232 write(4, "\1", 1) = 1
11400 15:07:56.480284 sendmsg(4, {msg_name(0)=NULL, msg_iov(1)=[{"\0", 1}], msg_controllen=16, {cmsg_len=16, cmsg_level=SOL_SOCKET, cmsg_type=SCM_RIGHTS, {6}}, msg_flags=0}, 0) = 1
11400 15:07:56.480355 close(6)          = 0
11400 15:07:56.480398 read(4,  <unfinished ...>
11402 15:07:56.480428 read(5, "\1", 1)  = 1
11402 15:07:56.480482 recvmsg(5, {msg_name(0)=NULL, msg_iov(1)=[{"\0", 1}], msg_controllen=16, {cmsg_len=16, cmsg_level=SOL_SOCKET, cmsg_type=SCM_RIGHTS, {6}}, msg_flags=0}, 0) = 1
11402 15:07:56.480560 setsockopt(6, SOL_SOCKET, SO_KEEPALIVE, [1], 4) = 0
11402 15:07:56.480613 setsockopt(6, SOL_IP, IP_TOS, [8], 4) = 0
11402 15:07:56.480664 setsockopt(6, SOL_SOCKET, SO_LINGER, {onoff=1, linger=32767}, 8) = 0
11402 15:07:56.480712 rt_sigaction(SIGALRM, {0x805cad0, ~[RTMIN RT_1], 0}, NULL, 8) = 0
11402 15:07:56.480771 alarm(300)        = 300
11402 15:07:56.480827 write(0, "150 Ok to send data.\r\n", 22) = 22
11402 15:07:56.481140 read(6, "assasaaa\na\na\na\na\n", 65536) = 17
11402 15:07:56.481205 write(4, "assasaaa\na\na\na\na\n", 17) = 17
11402 15:07:56.481274 read(6, "", 65536) = 0
11402 15:07:56.481320 rt_sigaction(SIGALRM, {0x805cad0, ~[RTMIN RT_1], 0}, NULL, 8) = 0
11402 15:07:56.481379 alarm(300)        = 300
11402 15:07:56.481422 close(6)          = 0
11402 15:07:56.481494 alarm(0)          = 300
11402 15:07:56.481538 gettimeofday({1495652876, 481553}, NULL) = 0
11402 15:07:56.481601 gettimeofday({1495652876, 481618}, NULL) = 0
11402 15:07:56.481657 fcntl64(3, F_SETLKW64, {type=F_WRLCK, whence=SEEK_SET, start=0, len=0}, 0xbfb94d24) = 0
11402 15:07:56.481721 write(3, "Wed May 24 15:07:56 2017 [pid 11402] [msfadmin] OK UPLOAD: Client \"127.0.0.1\", \"/home/msfadmin/myfile21\", 17 bytes, 6.33Kbyte/sec\n", 130) = 130
11402 15:07:56.481809 fcntl64(3, F_SETLK64, {type=F_UNLCK, whence=SEEK_SET, start=0, len=0}, 0xbfb94d2c) = 0
11402 15:07:56.481932 write(0, "226 Transfer complete.\r\n", 24) = 24
11402 15:07:56.482113 write(5, "\n", 1 <unfinished ...>
11400 15:07:56.482155 <... read resumed> "\n", 1) = 1
11402 15:07:56.482177 <... write resumed> ) = 1
11400 15:07:56.482204 close(5)          = 0
11400 15:07:56.482254 write(4, "\1", 1) = 1
11400 15:07:56.482303 read(4,  <unfinished ...>
11402 15:07:56.482333 read(5, "\1", 1)  = 1
11402 15:07:56.482381 close(4)          = 0
11402 15:07:56.482429 rt_sigaction(SIGALRM, {0x805cad0, ~[RTMIN RT_1], 0}, NULL, 8) = 0
11402 15:07:56.482486 alarm(300)        = 0
11402 15:07:56.482534 recv(0, "TYPE I\r\n", 4096, MSG_PEEK) = 8
11402 15:07:57.008416 read(0, "TYPE I\r\n", 8) = 8
11402 15:07:57.008587 write(0, "200 Switching to Binary mode.\r\n", 31) = 31
11402 15:07:57.008809 rt_sigaction(SIGALRM, {0x805cad0, ~[RTMIN RT_1], 0}, NULL, 8) = 0
11402 15:07:57.008952 alarm(300)        = 299
11402 15:07:57.009011 recv(0, "PASV\r\n", 4096, MSG_PEEK) = 6
11402 15:07:57.009064 read(0, "PASV\r\n", 6) = 6
11402 15:07:57.009118 write(5, "\n", 1 <unfinished ...>
11400 15:07:57.009157 <... read resumed> "\n", 1) = 1
11402 15:07:57.009180 <... write resumed> ) = 1
11400 15:07:57.009210 write(4, "\1", 1) = 1
11400 15:07:57.009258 read(4,  <unfinished ...>
11402 15:07:57.009289 read(5, "\1", 1)  = 1
11402 15:07:57.009339 write(5, "\f", 1 <unfinished ...>
11400 15:07:57.009371 <... read resumed> "\f", 1) = 1
11402 15:07:57.009392 <... write resumed> ) = 1
11400 15:07:57.009422 socket(PF_INET, SOCK_STREAM, IPPROTO_TCP) = 5
11400 15:07:57.009483 setsockopt(5, SOL_SOCKET, SO_REUSEADDR, [1], 4) = 0
11400 15:07:57.009542 bind(5, {sa_family=AF_INET, sin_port=htons(59177), sin_addr=inet_addr("127.0.0.1")}, 16) = 0
11400 15:07:57.009606 listen(5, 1)      = 0
11400 15:07:57.009663 write(4, ")\347\0\0", 4) = 4
11400 15:07:57.009711 read(4,  <unfinished ...>
11402 15:07:57.009742 read(5, ")\347\0\0", 4) = 4
11402 15:07:57.009810 write(0, "227 Entering Passive Mode (127,0,0,1,231,41).\r\n", 47) = 47
11402 15:07:57.010267 rt_sigaction(SIGALRM, {0x805cad0, ~[RTMIN RT_1], 0}, NULL, 8) = 0
11402 15:07:57.010342 alarm(300)        = 300
11402 15:07:57.010394 recv(0, "STOR myfile22\r\n", 4096, MSG_PEEK) = 15
11402 15:07:57.010447 read(0, "STOR myfile22\r\n", 15) = 15
11402 15:07:57.010506 write(5, "\v", 1 <unfinished ...>
11400 15:07:57.010541 <... read resumed> "\v", 1) = 1
11402 15:07:57.010563 <... write resumed> ) = 1
11400 15:07:57.010591 write(4, "\1\0\0\0", 4) = 4
11400 15:07:57.010640 read(4,  <unfinished ...>
11402 15:07:57.010669 read(5, "\1\0\0\0", 4) = 4
11402 15:07:57.010720 gettimeofday({1495652877, 10736}, NULL) = 0
11402 15:07:57.010768 getcwd("/home/msfadmin", 4096) = 15
11402 15:07:57.011035 open("myfile22", O_WRONLY|O_CREAT|O_NONBLOCK|O_LARGEFILE, 0666) = 4
11402 15:07:57.011378 fstat64(4, {st_mode=S_IFREG|0644, st_size=17, ...}) = 0
11402 15:07:57.011497 fcntl64(4, F_GETFL) = 0x8801 (flags O_WRONLY|O_NONBLOCK|O_LARGEFILE)
11402 15:07:57.011547 fcntl64(4, F_SETFL, O_WRONLY|O_LARGEFILE) = 0
11402 15:07:57.011591 fcntl64(4, F_SETLKW64, {type=F_WRLCK, whence=SEEK_SET, start=0, len=0}, 0xbfb94d84) = 0
11402 15:07:57.011651 ftruncate64(4, 0) = 0
11402 15:07:57.011722 _llseek(4, 0, [0], SEEK_SET) = 0
11402 15:07:57.011771 write(5, "\v", 1 <unfinished ...>
11400 15:07:57.011810 <... read resumed> "\v", 1) = 1
11402 15:07:57.011833 <... write resumed> ) = 1
11400 15:07:57.011861 write(4, "\1\0\0\0", 4) = 4
11400 15:07:57.011971 read(4,  <unfinished ...>
11402 15:07:57.012008 read(5, "\1\0\0\0", 4) = 4
11402 15:07:57.012061 write(5, "\v", 1 <unfinished ...>
11400 15:07:57.012092 <... read resumed> "\v", 1) = 1
11402 15:07:57.012113 <... write resumed> ) = 1
11400 15:07:57.012140 write(4, "\1\0\0\0", 4) = 4
11400 15:07:57.012187 read(4,  <unfinished ...>
11402 15:07:57.012216 read(5, "\1\0\0\0", 4) = 4
11402 15:07:57.012266 write(5, "\r", 1 <unfinished ...>
11400 15:07:57.012297 <... read resumed> "\r", 1) = 1
11402 15:07:57.012318 <... write resumed> ) = 1
11400 15:07:57.012348 select(6, [5], NULL, NULL, {60, 0}) = 1 (in [5], left {60, 0})
11400 15:07:57.012418 accept(5, {sa_family=AF_INET, sin_port=htons(60435), sin_addr=inet_addr("127.0.0.1")}, [16]) = 6
11400 15:07:57.012518 write(4, "\1", 1) = 1
11400 15:07:57.012575 sendmsg(4, {msg_name(0)=NULL, msg_iov(1)=[{"\0", 1}], msg_controllen=16, {cmsg_len=16, cmsg_level=SOL_SOCKET, cmsg_type=SCM_RIGHTS, {6}}, msg_flags=0}, 0) = 1
11400 15:07:57.012684 close(6)          = 0
11400 15:07:57.012746 read(4,  <unfinished ...>
11402 15:07:57.012778 read(5, "\1", 1)  = 1
11402 15:07:57.012836 recvmsg(5, {msg_name(0)=NULL, msg_iov(1)=[{"\0", 1}], msg_controllen=16, {cmsg_len=16, cmsg_level=SOL_SOCKET, cmsg_type=SCM_RIGHTS, {6}}, msg_flags=0}, 0) = 1
11402 15:07:57.013001 setsockopt(6, SOL_SOCKET, SO_KEEPALIVE, [1], 4) = 0
11402 15:07:57.013063 setsockopt(6, SOL_IP, IP_TOS, [8], 4) = 0
11402 15:07:57.013116 setsockopt(6, SOL_SOCKET, SO_LINGER, {onoff=1, linger=32767}, 8) = 0
11402 15:07:57.013165 rt_sigaction(SIGALRM, {0x805cad0, ~[RTMIN RT_1], 0}, NULL, 8) = 0
11402 15:07:57.013225 alarm(300)        = 300
11402 15:07:57.013285 write(0, "150 Ok to send data.\r\n", 22) = 22
11402 15:07:57.013604 read(6, "assasaaa\na\na\na\na\n", 65536) = 17
11402 15:07:57.013666 write(4, "assasaaa\na\na\na\na\n", 17) = 17
11402 15:07:57.013735 read(6, "", 65536) = 0
11402 15:07:57.013781 rt_sigaction(SIGALRM, {0x805cad0, ~[RTMIN RT_1], 0}, NULL, 8) = 0
11402 15:07:57.013895 alarm(300)        = 300
11402 15:07:57.013943 close(6)          = 0
11402 15:07:57.014023 alarm(0)          = 300
11402 15:07:57.014066 gettimeofday({1495652877, 14082}, NULL) = 0
11402 15:07:57.014132 gettimeofday({1495652877, 14150}, NULL) = 0
11402 15:07:57.014190 fcntl64(3, F_SETLKW64, {type=F_WRLCK, whence=SEEK_SET, start=0, len=0}, 0xbfb94d24) = 0
11402 15:07:57.014255 write(3, "Wed May 24 15:07:57 2017 [pid 11402] [msfadmin] OK UPLOAD: Client \"127.0.0.1\", \"/home/msfadmin/myfile22\", 17 bytes, 4.86Kbyte/sec\n", 130) = 130
11402 15:07:57.014344 fcntl64(3, F_SETLK64, {type=F_UNLCK, whence=SEEK_SET, start=0, len=0}, 0xbfb94d2c) = 0
11402 15:07:57.014407 write(0, "226 Transfer complete.\r\n", 24) = 24
11402 15:07:57.014583 write(5, "\n", 1 <unfinished ...>
11400 15:07:57.014627 <... read resumed> "\n", 1) = 1
11402 15:07:57.014649 <... write resumed> ) = 1
11400 15:07:57.014676 close(5)          = 0
11400 15:07:57.014727 write(4, "\1", 1) = 1
11400 15:07:57.014776 read(4,  <unfinished ...>
11402 15:07:57.014902 read(5, "\1", 1)  = 1
11402 15:07:57.014963 close(4)          = 0
11402 15:07:57.015012 rt_sigaction(SIGALRM, {0x805cad0, ~[RTMIN RT_1], 0}, NULL, 8) = 0
11402 15:07:57.015071 alarm(300)        = 0
11402 15:07:57.015120 recv(0,  <unfinished ...>
11397 15:07:57.245024 <... read resumed> "\n", 1) = 1
11397 15:07:57.245147 stat64(".", {st_mode=S_IFDIR|0755, st_size=4096, ...}) = 0
11397 15:07:57.245211 stat64("/sbin/nohup", 0xbfafec48) = -1 ENOENT (No such file or directory)
11397 15:07:57.245249 stat64("/bin/nohup", 0xbfafec48) = -1 ENOENT (No such file or directory)
11397 15:07:57.245281 stat64("/usr/sbin/nohup", 0xbfafec48) = -1 ENOENT (No such file or directory)
11397 15:07:57.245313 stat64("/usr/bin/nohup", {st_mode=S_IFREG|0755, st_size=26336, ...}) = 0
11397 15:07:57.245361 stat64("/usr/bin/nohup", {st_mode=S_IFREG|0755, st_size=26336, ...}) = 0
11397 15:07:57.245424 rt_sigprocmask(SIG_BLOCK, [INT CHLD], [], 8) = 0
11397 15:07:57.245492 clone(child_stack=0, flags=CLONE_CHILD_CLEARTID|CLONE_CHILD_SETTID|SIGCHLD, child_tidptr=0xb7dbb6f8) = 11403
11403 15:07:57.245648 rt_sigprocmask(SIG_SETMASK, [], NULL, 8) = 0
11403 15:07:57.245696 rt_sigaction(SIGTSTP, {SIG_DFL}, {SIG_DFL}, 8) = 0
11403 15:07:57.245733 rt_sigaction(SIGTTIN, {SIG_DFL}, {SIG_DFL}, 8) = 0
11403 15:07:57.245766 rt_sigaction(SIGTTOU, {SIG_DFL}, {SIG_DFL}, 8) = 0
11403 15:07:57.245808 rt_sigaction(SIGINT, {SIG_DFL}, {SIG_DFL}, 8) = 0
11403 15:07:57.245857 rt_sigaction(SIGQUIT, {SIG_DFL}, {SIG_IGN}, 8) = 0
11403 15:07:57.245892 rt_sigaction(SIGCHLD, {SIG_DFL}, {0x807e540, [], 0}, 8) = 0
11403 15:07:57.245984 open("/dev/null", O_WRONLY|O_CREAT|O_TRUNC|O_LARGEFILE, 0666) = 7
11403 15:07:57.246074 dup2(7, 1)        = 1
11403 15:07:57.246113 close(7)          = 0
11403 15:07:57.246140 dup2(1, 2)        = 2
11403 15:07:57.246165 fcntl64(1, F_GETFD) = 0
11403 15:07:57.246199 execve("/usr/bin/nohup", ["nohup"], [/* 16 vars */]) = 0
11403 15:07:57.246426 brk(0)            = 0x804f000
11403 15:07:57.246482 access("/etc/ld.so.nohwcap", F_OK) = -1 ENOENT (No such file or directory)
11403 15:07:57.246525 mmap2(NULL, 8192, PROT_READ|PROT_WRITE, MAP_PRIVATE|MAP_ANONYMOUS, -1, 0) = 0xb7f2e000
11403 15:07:57.246563 access("/etc/ld.so.preload", R_OK) = -1 ENOENT (No such file or directory)
11403 15:07:57.246604 open("/etc/ld.so.cache", O_RDONLY) = 7
11403 15:07:57.246653 fstat64(7, {st_mode=S_IFREG|0644, st_size=29913, ...}) = 0
11403 15:07:57.246701 mmap2(NULL, 29913, PROT_READ, MAP_PRIVATE, 7, 0) = 0xb7f26000
11403 15:07:57.246730 close(7)          = 0
11403 15:07:57.246759 access("/etc/ld.so.nohwcap", F_OK) = -1 ENOENT (No such file or directory)
11403 15:07:57.246801 open("/lib/tls/i686/cmov/libc.so.6", O_RDONLY) = 7
11403 15:07:57.246839 read(7, "\177ELF\1\1\1\0\0\0\0\0\0\0\0\0\3\0\3\0\1\0\0\0\260e\1\0004\0\0\0\4\307\24\0\0\0\0\0004\0 \0\n\0(\0D\0C\0\6\0\0\0004\0\0\0004\0\0\0004\0\0\0@\1\0\0@\1\0\0\5\0\0\0\4\0\0\0\3\0\0\0\2200\23\0\2200\23\0\2200\23\0\23\0\0\0\23\0\0\0\4\0\0\0\1\0\0\0\1\0\0\0\0\0\0\0\0\0\0\0\0\0\0\0(\215\24\0(\215\24\0\5\0\0\0\0\20\0\0\1\0\0\0\354\221\24\0\354\221\24\0\354\221\24\0\260\'\0\0\204T\0\0\6\0\0\0\0\20\0\0\2\0\0\0\234\255\24\0\234\255\24\0\234\255\24\0\360\0\0\0\360\0\0\0\6\0\0\0\4\0\0\0\4\0\0\0t\1\0\0t\1\0\0t\1\0\0 \0\0\0 \0\0\0\4\0\0\0\4\0\0\0\7\0\0\0\354\221\24\0\354\221\24\0\354\221\24\0\10\0\0\0,\0\0\0\4\0\0\0\4\0\0\0P\345td\2440\23\0\2440\23\0\2440\23\0\354+\0\0\354+\0\0\4\0\0\0\4\0\0\0Q\345td\0\0\0\0\0\0\0\0\0\0\0\0\0\0\0\0\0\0\0\0\6\0\0\0\4\0\0\0R\345td\354\221\24\0\354\221\24\0\354\221\24\0\10\36\0\0\10\36\0\0\4\0\0\0\1\0\0\0\4\0\0\0\20\0\0\0\1\0\0\0GNU\0\0\0\0\0\2\0\0\0\6\0\0\0\10\0\0\0\363\3\0\0\n\0\0\0\0\2\0\0\16\0\0\0\2400\20D\200 \2\1\214\3\346\220AE\210\0\204\0\10\0A\200\0@\300\200\0\f\2\f\0\0010\0\10@\"\10\246\4\210H6l\240\0260\0&\204\200\216\4\10B$\2\f\246\244\32\6c\310\0\302 \1\300\0R\0!\201\10\4\n  \250\24\0\24(`\0\0P\240\312DB", 512) = 512
11403 15:07:57.246875 fstat64(7, {st_mode=S_IFREG|0755, st_size=1364388, ...}) = 0
11403 15:07:57.246899 mmap2(NULL, 1369712, PROT_READ|PROT_EXEC, MAP_PRIVATE|MAP_DENYWRITE, 7, 0) = 0xb7dd7000
11403 15:07:57.246933 mmap2(0xb7f20000, 12288, PROT_READ|PROT_WRITE, MAP_PRIVATE|MAP_FIXED|MAP_DENYWRITE, 7, 0x149) = 0xb7f20000
11403 15:07:57.246977 mmap2(0xb7f23000, 9840, PROT_READ|PROT_WRITE, MAP_PRIVATE|MAP_FIXED|MAP_ANONYMOUS, -1, 0) = 0xb7f23000
11403 15:07:57.247017 close(7)          = 0
11403 15:07:57.247202 mmap2(NULL, 4096, PROT_READ|PROT_WRITE, MAP_PRIVATE|MAP_ANONYMOUS, -1, 0) = 0xb7dd6000
11403 15:07:57.247235 set_thread_area({entry_number:-1 -> 6, base_addr:0xb7dd66b0, limit:1048575, seg_32bit:1, contents:0, read_exec_only:0, limit_in_pages:1, seg_not_present:0, useable:1}) = 0
11403 15:07:57.247353 mprotect(0xb7f20000, 4096, PROT_READ) = 0
11403 15:07:57.247395 munmap(0xb7f26000, 29913) = 0
11403 15:07:57.247539 brk(0)            = 0x804f000
11403 15:07:57.247567 brk(0x8070000)    = 0x8070000
11403 15:07:57.247639 write(2, "nohup: ", 7) = 7
11403 15:07:57.247673 write(2, "missing operand", 15) = 15
11403 15:07:57.247703 write(2, "\n", 1) = 1
11403 15:07:57.247735 write(2, "Try `nohup --help\' for more information.\n", 41) = 41
11403 15:07:57.247777 close(1)          = 0
11403 15:07:57.247804 close(2)          = 0
11403 15:07:57.247835 exit_group(127)   = ?
11397 15:07:57.247917 rt_sigprocmask(SIG_SETMASK, [], NULL, 8) = 0
11397 15:07:57.247953 --- SIGCHLD (Child exited) @ 0 (0) ---
11397 15:07:57.247976 waitpid(-1, [{WIFEXITED(s) && WEXITSTATUS(s) == 127}], WNOHANG) = 11403
11397 15:07:57.248014 waitpid(-1, 0xbfafe8c8, WNOHANG) = 0
11397 15:07:57.248039 sigreturn()       = ? (mask now [])
11397 15:07:57.248097 rt_sigprocmask(SIG_BLOCK, [CHLD], [], 8) = 0
11397 15:07:57.248169 rt_sigprocmask(SIG_SETMASK, [], NULL, 8) = 0
11397 15:07:57.248201 rt_sigprocmask(SIG_BLOCK, [CHLD], [], 8) = 0
11397 15:07:57.248234 rt_sigaction(SIGINT, {0x807f150, [], 0}, {SIG_DFL}, 8) = 0
11397 15:07:57.248276 rt_sigprocmask(SIG_SETMASK, [], NULL, 8) = 0
11397 15:07:57.248305 rt_sigaction(SIGINT, {SIG_DFL}, {0x807f150, [], 0}, 8) = 0
11397 15:07:57.248348 rt_sigprocmask(SIG_BLOCK, NULL, [], 8) = 0
11397 15:07:57.248381 read(0, "e", 1)   = 1
11397 15:07:57.248414 read(0, "c", 1)   = 1
11397 15:07:57.248441 read(0, "h", 1)   = 1
11397 15:07:57.248468 read(0, "o", 1)   = 1
11397 15:07:57.248494 read(0, " ", 1)   = 1
11397 15:07:57.248520 read(0, "1", 1)   = 1
11397 15:07:57.248546 read(0, "9", 1)   = 1
11397 15:07:57.248584 read(0, "l", 1)   = 1
11397 15:07:57.248611 read(0, "2", 1)   = 1
11397 15:07:57.248637 read(0, "3", 1)   = 1
11397 15:07:57.248669 read(0, "7", 1)   = 1
11397 15:07:57.248696 read(0, "y", 1)   = 1
11397 15:07:57.248723 read(0, "a", 1)   = 1
11397 15:07:57.248749 read(0, "T", 1)   = 1
11397 15:07:57.248775 read(0, "o", 1)   = 1
11397 15:07:57.248801 read(0, "q", 1)   = 1
11397 15:07:57.248828 read(0, "o", 1)   = 1
11397 15:07:57.248854 read(0, "7", 1)   = 1
11397 15:07:57.248880 read(0, "Z", 1)   = 1
11397 15:07:57.248906 read(0, "D", 1)   = 1
11397 15:07:57.248932 read(0, "d", 1)   = 1
11397 15:07:57.248959 read(0, "\n", 1)  = 1
11397 15:07:57.249039 write(1, "19l237yaToqo7ZDd\n", 17) = 17
11397 15:07:57.249203 rt_sigprocmask(SIG_BLOCK, NULL, [], 8) = 0
11397 15:07:57.249241 read(0,  <unfinished ...>
