19634 16:43:08.798344 mmap2(NULL, 1233, PROT_READ, MAP_SHARED, 5, 0) = 0xb7ee3000
19634 16:43:08.798382 _llseek(5, 1233, [1233], SEEK_SET) = 0
19634 16:43:08.798440 munmap(0xb7ee3000, 1233) = 0
19634 16:43:08.798476 close(5)          = 0
19634 16:43:08.798533 open("/etc/passwd", O_RDONLY|0x80000 /* O_??? */) = 5
19634 16:43:08.798577 _llseek(5, 0, [0], SEEK_CUR) = 0
19634 16:43:08.798614 fstat64(5, {st_mode=S_IFREG|0644, st_size=1624, ...}) = 0
19634 16:43:08.798690 mmap2(NULL, 1624, PROT_READ, MAP_SHARED, 5, 0) = 0xb7ee3000
19634 16:43:08.798728 _llseek(5, 1624, [1624], SEEK_SET) = 0
19634 16:43:08.798778 munmap(0xb7ee3000, 1624) = 0
19634 16:43:08.798814 close(5)          = 0
19634 16:43:08.798857 open("/etc/shadow", O_RDONLY|0x80000 /* O_??? */) = 5
19634 16:43:08.798900 _llseek(5, 0, [0], SEEK_CUR) = 0
19634 16:43:08.798937 fstat64(5, {st_mode=S_IFREG|0640, st_size=1233, ...}) = 0
19634 16:43:08.798985 mmap2(NULL, 1233, PROT_READ, MAP_SHARED, 5, 0) = 0xb7ee3000
19634 16:43:08.799021 _llseek(5, 1233, [1233], SEEK_SET) = 0
19634 16:43:08.799071 munmap(0xb7ee3000, 1233) = 0
19634 16:43:08.799105 close(5)          = 0
19634 16:43:08.799681 getuid32()        = 0
19634 16:43:08.799730 open("/etc/passwd", O_RDONLY|0x80000 /* O_??? */) = 5
19634 16:43:08.799774 _llseek(5, 0, [0], SEEK_CUR) = 0
19634 16:43:08.799811 fstat64(5, {st_mode=S_IFREG|0644, st_size=1624, ...}) = 0
19634 16:43:08.799860 mmap2(NULL, 1624, PROT_READ, MAP_SHARED, 5, 0) = 0xb7ee3000
19634 16:43:08.799898 _llseek(5, 1624, [1624], SEEK_SET) = 0
19634 16:43:08.799947 munmap(0xb7ee3000, 1624) = 0
19634 16:43:08.799984 close(5)          = 0
19634 16:43:08.800028 open("/etc/shadow", O_RDONLY|0x80000 /* O_??? */) = 5
19634 16:43:08.800079 _llseek(5, 0, [0], SEEK_CUR) = 0
19634 16:43:08.800116 fstat64(5, {st_mode=S_IFREG|0640, st_size=1233, ...}) = 0
19634 16:43:08.800165 mmap2(NULL, 1233, PROT_READ, MAP_SHARED, 5, 0) = 0xb7ee3000
19634 16:43:08.800232 _llseek(5, 1233, [1233], SEEK_SET) = 0
19634 16:43:08.800285 munmap(0xb7ee3000, 1233) = 0
19634 16:43:08.800321 close(5)          = 0
19634 16:43:08.800363 time(NULL)        = 1495658588
19634 16:43:08.800411 munmap(0xb7ee0000, 12164) = 0
19634 16:43:08.800455 munmap(0xb7ede000, 7136) = 0
19634 16:43:08.800500 munmap(0xb7d13000, 95428) = 0
19634 16:43:08.800538 munmap(0xb7cd9000, 201052) = 0
19634 16:43:08.800575 munmap(0xb7cc0000, 101180) = 0
19634 16:43:08.800625 gettimeofday({1495658588, 800649}, NULL) = 0
19634 16:43:08.800680 stat64("/usr/share/zoneinfo/UTC+04:00", 0xbfdf8f64) = -1 ENOENT (No such file or directory)
19634 16:43:08.800728 open("/usr/share/zoneinfo/UTC+04:00", O_RDONLY) = -1 ENOENT (No such file or directory)
19634 16:43:08.800798 fcntl64(3, F_SETLKW64, {type=F_WRLCK, whence=SEEK_SET, start=0, len=0}, 0xbfdf90b4) = 0
19634 16:43:08.800849 write(3, "Wed May 24 16:43:08 2017 [pid 19634] [msfadmin] OK LOGIN: Client \"127.0.0.1\"\n", 77) = 77
19634 16:43:08.800900 fcntl64(3, F_SETLK64, {type=F_UNLCK, whence=SEEK_SET, start=0, len=0}, 0xbfdf90bc) = 0
19634 16:43:08.800942 rt_sigaction(SIGCHLD, {0x805cad0, ~[RTMIN RT_1], 0}, NULL, 8) = 0
19634 16:43:08.800987 write(4, "\1", 1 <unfinished ...>
19635 16:43:08.801023 <... read resumed> "\1", 1) = 1
19634 16:43:08.801048 <... write resumed> ) = 1
19635 16:43:08.801079 exit_group(0)     = ?
19634 16:43:08.801190 --- SIGCHLD (Child exited) @ 0 (0) ---
19634 16:43:08.801250 sigreturn()       = ? (mask now [])
19634 16:43:08.801308 wait4(-1, [{WIFEXITED(s) && WEXITSTATUS(s) == 0}], 0, NULL) = 19635
19634 16:43:08.801351 close(4)          = 0
19634 16:43:08.801392 socketpair(PF_FILE, SOCK_STREAM, 0, [4, 5]) = 0
19634 16:43:08.801436 rt_sigaction(SIGCHLD, {0x805cad0, ~[RTMIN RT_1], 0}, NULL, 8) = 0
19634 16:43:08.801480 rt_sigaction(SIGALRM, {0x805cb10, ~[RTMIN RT_1], 0}, NULL, 8) = 0
19634 16:43:08.801525 clone(child_stack=0, flags=CLONE_CHILD_CLEARTID|CLONE_CHILD_SETTID|SIGCHLD, child_tidptr=0xb7d496f8) = 19636
19636 16:43:08.801668 prctl(0x1, 0x9, 0, 0, 0) = 0
19636 16:43:08.801713 close(4)          = 0
19636 16:43:08.801790 open("/etc/passwd", O_RDONLY|0x80000 /* O_??? */) = 4
19636 16:43:08.801842 _llseek(4, 0, [0], SEEK_CUR) = 0
19636 16:43:08.801889 fstat64(4, {st_mode=S_IFREG|0644, st_size=1624, ...}) = 0
19636 16:43:08.801943 mmap2(NULL, 1624, PROT_READ, MAP_SHARED, 4, 0) = 0xb7ee3000
19636 16:43:08.801983 _llseek(4, 1624, [1624], SEEK_SET) = 0
19636 16:43:08.802046 munmap(0xb7ee3000, 1624) = 0
19636 16:43:08.802086 close(4)          = 0
19636 16:43:08.802154 getuid32()        = 0
19636 16:43:08.802195 open("/etc/passwd", O_RDONLY|0x80000 /* O_??? */) = 4
19636 16:43:08.802239 _llseek(4, 0, [0], SEEK_CUR) = 0
19636 16:43:08.802275 fstat64(4, {st_mode=S_IFREG|0644, st_size=1624, ...}) = 0
19636 16:43:08.802324 mmap2(NULL, 1624, PROT_READ, MAP_SHARED, 4, 0) = 0xb7ee3000
19636 16:43:08.802362 _llseek(4, 1624, [1624], SEEK_SET) = 0
19636 16:43:08.802412 munmap(0xb7ee3000, 1624) = 0
19636 16:43:08.802447 close(4)          = 0
19636 16:43:08.802518 open("/proc/sys/kernel/ngroups_max", O_RDONLY) = 4
19636 16:43:08.802576 read(4, "65536\n", 31) = 6
19636 16:43:08.802617 close(4)          = 0
19636 16:43:08.802661 socket(PF_FILE, SOCK_STREAM, 0) = 4
19636 16:43:08.802702 fcntl64(4, F_SETFL, O_RDWR|O_NONBLOCK) = 0
19636 16:43:08.802739 connect(4, {sa_family=AF_FILE, path="/var/run/nscd/socket"}, 110) = -1 ENOENT (No such file or directory)
19636 16:43:08.802800 close(4)          = 0
19636 16:43:08.802839 socket(PF_FILE, SOCK_STREAM, 0) = 4
19636 16:43:08.802876 fcntl64(4, F_SETFL, O_RDWR|O_NONBLOCK) = 0
19636 16:43:08.802912 connect(4, {sa_family=AF_FILE, path="/var/run/nscd/socket"}, 110) = -1 ENOENT (No such file or directory)
19636 16:43:08.802966 close(4)          = 0
19636 16:43:08.803031 open("/etc/group", O_RDONLY|0x80000 /* O_??? */) = 4
19636 16:43:08.803114 _llseek(4, 0, [0], SEEK_CUR) = 0
19636 16:43:08.803164 fstat64(4, {st_mode=S_IFREG|0644, st_size=886, ...}) = 0
19636 16:43:08.803214 mmap2(NULL, 886, PROT_READ, MAP_SHARED, 4, 0) = 0xb7ee3000
19636 16:43:08.803240 _llseek(4, 886, [886], SEEK_SET) = 0
19636 16:43:08.803240 fstat64(4, {st_mode=S_IFREG|0644, st_size=886, ...}) = 0
19636 16:43:08.803240 munmap(0xb7ee3000, 886) = 0
19636 16:43:08.803240 close(4)          = 0
19636 16:43:08.803240 setgroups32(13, [1000, 4, 20, 24, 25, 29, 30, 44, 46, 107, 111, 112, 119]) = 0
19636 16:43:08.803240 geteuid32()       = 0
19636 16:43:08.803240 getegid32()       = 0
19636 16:43:08.803240 setregid32(-1, 1000) = 0
19636 16:43:08.803240 setreuid32(-1, 1000) = 0
19636 16:43:08.803240 chdir("/home/msfadmin") = 0
19636 16:43:08.803240 setreuid32(-1, 0) = 0
19636 16:43:08.803240 setregid32(-1, 0) = 0
19636 16:43:08.803240 setgid32(1000)    = 0
19636 16:43:08.803240 setuid32(1000)    = 0
19636 16:43:08.803240 setrlimit(RLIMIT_NPROC, {rlim_cur=0, rlim_max=0}) = 0
19636 16:43:08.803240 mmap2(NULL, 12288, PROT_READ|PROT_WRITE, MAP_PRIVATE|MAP_ANONYMOUS, -1, 0) = 0xb7ee1000
19636 16:43:08.803240 mprotect(0xb7ee3000, 4096, PROT_NONE) = 0
19636 16:43:08.803240 mprotect(0xb7ee1000, 4096, PROT_NONE) = 0
19636 16:43:08.803240 getcwd("/home/msfadmin", 4096) = 15
19636 16:43:08.803240 umask(022)        = 077
19636 16:43:08.803240 getcwd("/home/msfadmin", 4096) = 15
19636 16:43:08.803240 open(".message", O_RDONLY|O_NONBLOCK|O_LARGEFILE) = -1 ENOENT (No such file or directory)
19636 16:43:08.803240 write(0, "230 Login successful.\r\n", 23) = 23
19636 16:43:08.803240 rt_sigaction(SIGALRM, {0x805cad0, ~[RTMIN RT_1], 0}, NULL, 8) = 0
19636 16:43:08.803240 alarm(300)        = 0
19636 16:43:08.803240 mmap2(NULL, 12288, PROT_READ|PROT_WRITE, MAP_PRIVATE|MAP_ANONYMOUS, -1, 0) = 0xb7ede000
19636 16:43:08.803240 mprotect(0xb7ee0000, 4096, PROT_NONE) = 0
19636 16:43:08.803240 mprotect(0xb7ede000, 4096, PROT_NONE) = 0
19636 16:43:08.803240 recv(0, "TYPE I\r\n", 4096, MSG_PEEK) = 8
19636 16:43:08.803240 read(0, "TYPE I\r\n", 8) = 8
19636 16:43:08.803240 write(0, "200 Switching to Binary mode.\r\n", 31) = 31
19636 16:43:08.803240 rt_sigaction(SIGALRM, {0x805cad0, ~[RTMIN RT_1], 0}, NULL, 8) = 0
19636 16:43:08.803240 alarm(300)        = 300
19636 16:43:08.803240 recv(0, "PASV\r\n", 4096, MSG_PEEK) = 6
19636 16:43:08.803240 read(0, "PASV\r\n", 6) = 6
19636 16:43:08.803240 write(5, "\n", 1) = 1
19636 16:43:08.803240 read(5,  <unfinished ...>
19634 16:43:08.803240 close(5)          = 0
19634 16:43:08.803240 getuid32()        = 0
19634 16:43:08.803240 open("/etc/passwd", O_RDONLY|0x80000 /* O_??? */) = 5
19634 16:43:08.803240 _llseek(5, 0, [0], SEEK_CUR) = 0
19634 16:43:08.803240 fstat64(5, {st_mode=S_IFREG|0644, st_size=1624, ...}) = 0
19634 16:43:08.803240 mmap2(NULL, 1624, PROT_READ, MAP_SHARED, 5, 0) = 0xb7ee3000
19634 16:43:08.803240 _llseek(5, 1624, [1624], SEEK_SET) = 0
19634 16:43:08.803240 munmap(0xb7ee3000, 1624) = 0
19634 16:43:08.803240 close(5)          = 0
19634 16:43:08.803240 setgroups32(0, []) = 0
19634 16:43:08.803240 chdir("/usr/share/empty") = 0
19634 16:43:08.803240 chroot(".")       = 0
19634 16:43:08.803240 capset(NULL, NULL) = -1 EFAULT (Bad address)
19634 16:43:08.803240 prctl(0x8, 0, 0xbfdf9098, 0x80549a6, 0xbfdf9080) = 0
19634 16:43:08.803240 prctl(0x8, 0x1, 0xbfdf9098, 0x8054a49, 0xbfdf9080) = 0
19634 16:43:08.803240 setgid32(65534)   = 0
19634 16:43:08.803240 setuid32(65534)   = 0
19634 16:43:08.803240 capset(0x19980330, 0, {CAP_NET_BIND_SERVICE, CAP_NET_BIND_SERVICE, 0}) = 0
19634 16:43:08.803240 read(4, "\n", 1)  = 1
19634 16:43:08.803240 write(4, "\1", 1) = 1
19636 16:43:08.803240 <... read resumed> "\1", 1) = 1
19636 16:43:08.803240 write(5, "\f", 1) = 1
19636 16:43:08.803240 read(5,  <unfinished ...>
19634 16:43:08.803240 read(4, "\f", 1)  = 1
19634 16:43:08.803240 socket(PF_INET, SOCK_STREAM, IPPROTO_TCP) = 5
19634 16:43:08.803240 setsockopt(5, SOL_SOCKET, SO_REUSEADDR, [1], 4) = 0
19634 16:43:08.803240 gettimeofday({1495658588, 803240}, NULL) = 0
19634 16:43:08.803240 bind(5, {sa_family=AF_INET, sin_port=htons(16078), sin_addr=inet_addr("127.0.0.1")}, 16) = 0
19634 16:43:08.803240 listen(5, 1)      = 0
19634 16:43:08.803240 write(4, "\316>\0\0", 4) = 4
19636 16:43:08.803240 <... read resumed> "\316>\0\0", 4) = 4
19636 16:43:08.803240 write(0, "227 Entering Passive Mode (127,0,0,1,62,206).\r\n", 47) = 47
19636 16:43:08.803240 rt_sigaction(SIGALRM, {0x805cad0, ~[RTMIN RT_1], 0}, NULL, 8) = 0
19636 16:43:08.803240 alarm(300)        = 300
19636 16:43:08.803240 recv(0, "STOR myfile6\r\n", 4096, MSG_PEEK) = 14
19636 16:43:08.803240 read(0, "STOR myfile6\r\n", 14) = 14
19636 16:43:08.803240 write(5, "\v", 1) = 1
19636 16:43:08.803240 read(5,  <unfinished ...>
19634 16:43:08.803240 read(4, "\v", 1)  = 1
19634 16:43:08.803240 write(4, "\1\0\0\0", 4) = 4
19636 16:43:08.803240 <... read resumed> "\1\0\0\0", 4) = 4
19636 16:43:08.803240 gettimeofday({1495658588, 803240}, NULL) = 0
19636 16:43:08.803240 getcwd("/home/msfadmin", 4096) = 15
19636 16:43:08.803240 open("myfile6", O_WRONLY|O_CREAT|O_NONBLOCK|O_LARGEFILE, 0666) = 4
19636 16:43:08.803240 fstat64(4, {st_mode=S_IFREG|0644, st_size=17, ...}) = 0
19636 16:43:08.808499 fcntl64(4, F_GETFL) = 0x8801 (flags O_WRONLY|O_NONBLOCK|O_LARGEFILE)
19636 16:43:08.808570 fcntl64(4, F_SETFL, O_WRONLY|O_LARGEFILE) = 0
19636 16:43:08.808627 fcntl64(4, F_SETLKW64, {type=F_WRLCK, whence=SEEK_SET, start=0, len=0}, 0xbfdf8fe4) = 0
19636 16:43:08.808681 ftruncate64(4, 0) = 0
19636 16:43:08.808733 _llseek(4, 0, [0], SEEK_SET) = 0
19636 16:43:08.808773 write(5, "\v", 1) = 1
19636 16:43:08.808810 read(5,  <unfinished ...>
19634 16:43:08.808840 read(4, "\v", 1)  = 1
19634 16:43:08.808878 write(4, "\1\0\0\0", 4) = 4
19636 16:43:08.808916 <... read resumed> "\1\0\0\0", 4) = 4
19636 16:43:08.808946 write(5, "\v", 1) = 1
19636 16:43:08.808981 read(5,  <unfinished ...>
19634 16:43:08.809010 read(4, "\v", 1)  = 1
19634 16:43:08.809048 write(4, "\1\0\0\0", 4) = 4
19636 16:43:08.809084 <... read resumed> "\1\0\0\0", 4) = 4
19636 16:43:08.809114 write(5, "\r", 1) = 1
19636 16:43:08.809149 read(5,  <unfinished ...>
19634 16:43:08.809178 read(4, "\r", 1)  = 1
19634 16:43:08.809219 select(6, [5], NULL, NULL, {60, 0}) = 1 (in [5], left {60, 0})
19634 16:43:08.809299 accept(5, {sa_family=AF_INET, sin_port=htons(39150), sin_addr=inet_addr("127.0.0.1")}, [16]) = 6
19634 16:43:08.809363 write(4, "\1", 1) = 1
19636 16:43:08.809406 <... read resumed> "\1", 1) = 1
19636 16:43:08.809442 recvmsg(5,  <unfinished ...>
19634 16:43:08.809478 sendmsg(4, {msg_name(0)=NULL, msg_iov(1)=[{"\0", 1}], msg_controllen=16, {cmsg_len=16, cmsg_level=SOL_SOCKET, cmsg_type=SCM_RIGHTS, {6}}, msg_flags=0}, 0) = 1
19636 16:43:08.809530 <... recvmsg resumed> {msg_name(0)=NULL, msg_iov(1)=[{"\0", 1}], msg_controllen=16, {cmsg_len=16, cmsg_level=SOL_SOCKET, cmsg_type=SCM_RIGHTS, {6}}, msg_flags=0}, 0) = 1
19636 16:43:08.809608 setsockopt(6, SOL_SOCKET, SO_KEEPALIVE, [1], 4) = 0
19636 16:43:08.809653 setsockopt(6, SOL_IP, IP_TOS, [8], 4) = 0
19636 16:43:08.809693 setsockopt(6, SOL_SOCKET, SO_LINGER, {onoff=1, linger=32767}, 8) = 0
19636 16:43:08.809731 rt_sigaction(SIGALRM, {0x805cad0, ~[RTMIN RT_1], 0}, NULL, 8) = 0
19636 16:43:08.809775 alarm(300)        = 300
19636 16:43:08.809846 write(0, "150 Ok to send data.\r\n", 22) = 22
19636 16:43:08.810074 mmap2(NULL, 77824, PROT_READ|PROT_WRITE, MAP_PRIVATE|MAP_ANONYMOUS, -1, 0) = 0xb7d18000
19636 16:43:08.810120 mprotect(0xb7d2a000, 4096, PROT_NONE) = 0
19636 16:43:08.810165 mprotect(0xb7d18000, 4096, PROT_NONE) = 0
19636 16:43:08.810218 read(6, "assasaaa\na\na\na\na\n", 65536) = 17
19636 16:43:08.810272 write(4, "assasaaa\na\na\na\na\n", 17) = 17
19636 16:43:08.810325 read(6, "", 65536) = 0
19636 16:43:08.810363 rt_sigaction(SIGALRM, {0x805cad0, ~[RTMIN RT_1], 0}, NULL, 8) = 0
19636 16:43:08.810407 alarm(300)        = 300
19636 16:43:08.810472 close(6)          = 0
19636 16:43:08.810506 alarm(0)          = 300
19636 16:43:08.810558 gettimeofday({1495658588, 810581}, NULL) = 0
19636 16:43:08.810628 getpid()          = 19636
19636 16:43:08.810676 gettimeofday({1495658588, 810699}, NULL) = 0
19636 16:43:08.810742 fcntl64(3, F_SETLKW64, {type=F_WRLCK, whence=SEEK_SET, start=0, len=0}, 0xbfdf8f84) = 0
19636 16:43:08.810790 write(3, "Wed May 24 16:43:08 2017 [pid 19636] [msfadmin] OK UPLOAD: Client \"127.0.0.1\", \"/home/msfadmin/myfile6\", 17 bytes, 2.23Kbyte/sec\n", 129) = 129
19636 16:43:08.810847 fcntl64(3, F_SETLK64, {type=F_UNLCK, whence=SEEK_SET, start=0, len=0}, 0xbfdf8f8c) = 0
19636 16:43:08.810893 write(0, "226 Transfer complete.\r\n", 24) = 24
19636 16:43:08.811031 write(5, "\n", 1) = 1
19636 16:43:08.811073 read(5,  <unfinished ...>
19634 16:43:08.811104 close(6)          = 0
19634 16:43:08.811188 read(4, "\n", 1)  = 1
19634 16:43:08.811228 close(5)          = 0
19634 16:43:08.811266 write(4, "\1", 1) = 1
19636 16:43:08.811304 <... read resumed> "\1", 1) = 1
19636 16:43:08.811334 close(4)          = 0
19636 16:43:08.811371 rt_sigaction(SIGALRM, {0x805cad0, ~[RTMIN RT_1], 0}, NULL, 8) = 0
19636 16:43:08.811414 alarm(300)        = 0
19636 16:43:08.811481 recv(0,  <unfinished ...>
19634 16:43:08.811573 read(4,  <unfinished ...>
19636 16:43:09.317953 <... recv resumed> "TYPE I\r\n", 4096, MSG_PEEK) = 8
19636 16:43:09.318015 read(0, "TYPE I\r\n", 8) = 8
19636 16:43:09.318068 write(0, "200 Switching to Binary mode.\r\n", 31) = 31
19636 16:43:09.318259 rt_sigaction(SIGALRM, {0x805cad0, ~[RTMIN RT_1], 0}, NULL, 8) = 0
19636 16:43:09.318309 alarm(300)        = 299
19636 16:43:09.318373 recv(0, "PASV\r\n", 4096, MSG_PEEK) = 6
19636 16:43:09.318410 read(0, "PASV\r\n", 6) = 6
19636 16:43:09.318449 write(5, "\n", 1) = 1
19636 16:43:09.318487 read(5,  <unfinished ...>
19634 16:43:09.318517 <... read resumed> "\n", 1) = 1
19634 16:43:09.318548 write(4, "\1", 1) = 1
19636 16:43:09.318582 <... read resumed> "\1", 1) = 1
19636 16:43:09.318610 write(5, "\f", 1) = 1
19636 16:43:09.318675 read(5,  <unfinished ...>
19634 16:43:09.318705 read(4, "\f", 1)  = 1
19634 16:43:09.318743 socket(PF_INET, SOCK_STREAM, IPPROTO_TCP) = 5
19634 16:43:09.318786 setsockopt(5, SOL_SOCKET, SO_REUSEADDR, [1], 4) = 0
19634 16:43:09.318827 bind(5, {sa_family=AF_INET, sin_port=htons(28968), sin_addr=inet_addr("127.0.0.1")}, 16) = 0
19634 16:43:09.318872 listen(5, 1)      = 0
19634 16:43:09.318911 write(4, "(q\0\0", 4) = 4
19636 16:43:09.318947 <... read resumed> "(q\0\0", 4) = 4
19636 16:43:09.318985 write(0, "227 Entering Passive Mode (127,0,0,1,113,40).\r\n", 47) = 47
19636 16:43:09.319300 rt_sigaction(SIGALRM, {0x805cad0, ~[RTMIN RT_1], 0}, NULL, 8) = 0
19636 16:43:09.319344 alarm(300)        = 300
19636 16:43:09.319401 recv(0, "STOR myfile7\r\n", 4096, MSG_PEEK) = 14
19636 16:43:09.319435 read(0, "STOR myfile7\r\n", 14) = 14
19636 16:43:09.319471 write(5, "\v", 1) = 1
19636 16:43:09.319502 read(5,  <unfinished ...>
19634 16:43:09.319527 read(4, "\v", 1)  = 1
19634 16:43:09.319560 write(4, "\1\0\0\0", 4) = 4
19636 16:43:09.319594 <... read resumed> "\1\0\0\0", 4) = 4
19636 16:43:09.319634 gettimeofday({1495658589, 319660}, NULL) = 0
19636 16:43:09.319687 getcwd("/home/msfadmin", 4096) = 15
19636 16:43:09.319722 open("myfile7", O_WRONLY|O_CREAT|O_NONBLOCK|O_LARGEFILE, 0666) = 4
19636 16:43:09.319758 fstat64(4, {st_mode=S_IFREG|0644, st_size=17, ...}) = 0
19636 16:43:09.319801 fcntl64(4, F_GETFL) = 0x8801 (flags O_WRONLY|O_NONBLOCK|O_LARGEFILE)
19636 16:43:09.319833 fcntl64(4, F_SETFL, O_WRONLY|O_LARGEFILE) = 0
19636 16:43:09.319863 fcntl64(4, F_SETLKW64, {type=F_WRLCK, whence=SEEK_SET, start=0, len=0}, 0xbfdf8fe4) = 0
19636 16:43:09.319900 ftruncate64(4, 0) = 0
19636 16:43:09.319945 _llseek(4, 0, [0], SEEK_SET) = 0
19636 16:43:09.319977 write(5, "\v", 1) = 1
19636 16:43:09.320008 read(5,  <unfinished ...>
19634 16:43:09.320034 read(4, "\v", 1)  = 1
19634 16:43:09.320065 write(4, "\1\0\0\0", 4) = 4
19636 16:43:09.320097 <... read resumed> "\1\0\0\0", 4) = 4
19636 16:43:09.320122 write(5, "\v", 1) = 1
19636 16:43:09.320153 read(5,  <unfinished ...>
19634 16:43:09.320177 read(4, "\v", 1)  = 1
19634 16:43:09.320208 write(4, "\1\0\0\0", 4) = 4
19636 16:43:09.320238 <... read resumed> "\1\0\0\0", 4) = 4
19636 16:43:09.320274 write(5, "\r", 1) = 1
19636 16:43:09.320304 read(5,  <unfinished ...>
19634 16:43:09.320329 read(4, "\r", 1)  = 1
19634 16:43:09.320362 select(6, [5], NULL, NULL, {60, 0}) = 1 (in [5], left {60, 0})
19634 16:43:09.320404 accept(5, {sa_family=AF_INET, sin_port=htons(39073), sin_addr=inet_addr("127.0.0.1")}, [16]) = 6
19634 16:43:09.320455 write(4, "\1", 1) = 1
19636 16:43:09.320486 <... read resumed> "\1", 1) = 1
19636 16:43:09.320514 recvmsg(5,  <unfinished ...>
19634 16:43:09.320541 sendmsg(4, {msg_name(0)=NULL, msg_iov(1)=[{"\0", 1}], msg_controllen=16, {cmsg_len=16, cmsg_level=SOL_SOCKET, cmsg_type=SCM_RIGHTS, {6}}, msg_flags=0}, 0) = 1
19636 16:43:09.320629 <... recvmsg resumed> {msg_name(0)=NULL, msg_iov(1)=[{"\0", 1}], msg_controllen=16, {cmsg_len=16, cmsg_level=SOL_SOCKET, cmsg_type=SCM_RIGHTS, {6}}, msg_flags=0}, 0) = 1
19636 16:43:09.320669 setsockopt(6, SOL_SOCKET, SO_KEEPALIVE, [1], 4) = 0
19636 16:43:09.320703 setsockopt(6, SOL_IP, IP_TOS, [8], 4) = 0
19636 16:43:09.320736 setsockopt(6, SOL_SOCKET, SO_LINGER, {onoff=1, linger=32767}, 8) = 0
19636 16:43:09.320768 rt_sigaction(SIGALRM, {0x805cad0, ~[RTMIN RT_1], 0}, NULL, 8) = 0
19636 16:43:09.320804 alarm(300)        = 300
19636 16:43:09.320863 write(0, "150 Ok to send data.\r\n", 22) = 22
19636 16:43:09.321048 read(6, "assasaaa\na\na\na\na\n", 65536) = 17
19636 16:43:09.321086 write(4, "assasaaa\na\na\na\na\n", 17) = 17
19636 16:43:09.321129 read(6, "", 65536) = 0
19636 16:43:09.321160 rt_sigaction(SIGALRM, {0x805cad0, ~[RTMIN RT_1], 0}, NULL, 8) = 0
19636 16:43:09.321198 alarm(300)        = 300
19636 16:43:09.321251 close(6)          = 0
19636 16:43:09.321279 alarm(0)          = 300
19636 16:43:09.321321 gettimeofday({1495658589, 321339}, NULL) = 0
19636 16:43:09.321372 gettimeofday({1495658589, 321392}, NULL) = 0
19636 16:43:09.321421 fcntl64(3, F_SETLKW64, {type=F_WRLCK, whence=SEEK_SET, start=0, len=0}, 0xbfdf8f84) = 0
19636 16:43:09.321461 write(3, "Wed May 24 16:43:09 2017 [pid 19636] [msfadmin] OK UPLOAD: Client \"127.0.0.1\", \"/home/msfadmin/myfile7\", 17 bytes, 9.59Kbyte/sec\n", 129) = 129
19636 16:43:09.321510 fcntl64(3, F_SETLK64, {type=F_UNLCK, whence=SEEK_SET, start=0, len=0}, 0xbfdf8f8c) = 0
19636 16:43:09.321577 write(0, "226 Transfer complete.\r\n", 24) = 24
19636 16:43:09.321695 write(5, "\n", 1) = 1
19636 16:43:09.321731 read(5,  <unfinished ...>
19634 16:43:09.321756 close(6)          = 0
19634 16:43:09.321784 read(4, "\n", 1)  = 1
19634 16:43:09.321784 close(5)          = 0
19634 16:43:09.321784 write(4, "\1", 1) = 1
19636 16:43:09.321784 <... read resumed> "\1", 1) = 1
19636 16:43:09.321784 close(4)          = 0
19634 16:43:09.322645 read(4,  <unfinished ...>
19636 16:43:09.322673 rt_sigaction(SIGALRM, {0x805cad0, ~[RTMIN RT_1], 0}, NULL, 8) = 0
19636 16:43:09.322711 alarm(300)        = 0
19636 16:43:09.322767 recv(0, "TYPE I\r\n", 4096, MSG_PEEK) = 8
19636 16:43:09.868635 read(0, "TYPE I\r\n", 8) = 8
19636 16:43:09.868910 write(0, "200 Switching to Binary mode.\r\n", 31) = 31
19636 16:43:09.869471 rt_sigaction(SIGALRM, {0x805cad0, ~[RTMIN RT_1], 0}, NULL, 8) = 0
19636 16:43:09.869592 alarm(300)        = 299
19636 16:43:09.869803 recv(0, "PASV\r\n", 4096, MSG_PEEK) = 6
19636 16:43:09.869896 read(0, "PASV\r\n", 6) = 6
19636 16:43:09.869989 write(5, "\n", 1) = 1
19634 16:43:09.870080 <... read resumed> "\n", 1) = 1
19634 16:43:09.870313 write(4, "\1", 1) = 1
19634 16:43:09.870407 read(4,  <unfinished ...>
19636 16:43:09.870468 read(5, "\1", 1)  = 1
19636 16:43:09.870549 write(5, "\f", 1) = 1
19634 16:43:09.870620 <... read resumed> "\f", 1) = 1
19634 16:43:09.870683 socket(PF_INET, SOCK_STREAM, IPPROTO_TCP) = 5
19634 16:43:09.870856 setsockopt(5, SOL_SOCKET, SO_REUSEADDR, [1], 4) = 0
19634 16:43:09.870986 bind(5, {sa_family=AF_INET, sin_port=htons(56266), sin_addr=inet_addr("127.0.0.1")}, 16) = 0
19634 16:43:09.871120 listen(5, 1)      = 0
19634 16:43:09.871334 write(4, "\312\333\0\0", 4) = 4
19634 16:43:09.871460 read(4,  <unfinished ...>
19636 16:43:09.871545 read(5, "\312\333\0\0", 4) = 4
19636 16:43:09.871779 write(0, "227 Entering Passive Mode (127,0,0,1,219,202).\r\n", 48) = 48
19636 16:43:09.872714 rt_sigaction(SIGALRM, {0x805cad0, ~[RTMIN RT_1], 0}, NULL, 8) = 0
19636 16:43:09.872838 alarm(300)        = 300
19636 16:43:09.872975 recv(0, "STOR myfile8\r\n", 4096, MSG_PEEK) = 14
19636 16:43:09.873062 read(0, "STOR myfile8\r\n", 14) = 14
19636 16:43:09.877856 write(5, "\v", 1 <unfinished ...>
19634 16:43:09.877962 <... read resumed> "\v", 1) = 1
19636 16:43:09.878015 <... write resumed> ) = 1
19634 16:43:09.878073 write(4, "\1\0\0\0", 4) = 4
19634 16:43:09.878207 read(4,  <unfinished ...>
19636 16:43:09.878272 read(5, "\1\0\0\0", 4) = 4
19636 16:43:09.878355 gettimeofday({1495658589, 878402}, NULL) = 0
19636 16:43:09.878464 getcwd("/home/msfadmin", 4096) = 15
19636 16:43:09.878549 open("myfile8", O_WRONLY|O_CREAT|O_NONBLOCK|O_LARGEFILE, 0666) = 4
19636 16:43:09.878692 fstat64(4, {st_mode=S_IFREG|0644, st_size=17, ...}) = 0
19636 16:43:09.878802 fcntl64(4, F_GETFL) = 0x8801 (flags O_WRONLY|O_NONBLOCK|O_LARGEFILE)
19636 16:43:09.878879 fcntl64(4, F_SETFL, O_WRONLY|O_LARGEFILE) = 0
19636 16:43:09.878951 fcntl64(4, F_SETLKW64, {type=F_WRLCK, whence=SEEK_SET, start=0, len=0}, 0xbfdf8fe4) = 0
19636 16:43:09.879038 ftruncate64(4, 0) = 0
19636 16:43:09.879211 _llseek(4, 0, [0], SEEK_SET) = 0
19636 16:43:09.879296 write(5, "\v", 1 <unfinished ...>
19634 16:43:09.879362 <... read resumed> "\v", 1) = 1
19636 16:43:09.879410 <... write resumed> ) = 1
19634 16:43:09.879465 write(4, "\1\0\0\0", 4) = 4
19634 16:43:09.879543 read(4,  <unfinished ...>
19636 16:43:09.879605 read(5, "\1\0\0\0", 4) = 4
19636 16:43:09.879694 write(5, "\v", 1 <unfinished ...>
19634 16:43:09.879754 <... read resumed> "\v", 1) = 1
19636 16:43:09.879801 <... write resumed> ) = 1
19634 16:43:09.879855 write(4, "\1\0\0\0", 4) = 4
19634 16:43:09.879929 read(4,  <unfinished ...>
19636 16:43:09.879986 read(5, "\1\0\0\0", 4) = 4
19636 16:43:09.880064 write(5, "\r", 1 <unfinished ...>
19634 16:43:09.880123 <... read resumed> "\r", 1) = 1
19636 16:43:09.880171 <... write resumed> ) = 1
19634 16:43:09.880230 select(6, [5], NULL, NULL, {60, 0}) = 1 (in [5], left {60, 0})
19634 16:43:09.880330 accept(5, {sa_family=AF_INET, sin_port=htons(44318), sin_addr=inet_addr("127.0.0.1")}, [16]) = 6
19634 16:43:09.880460 write(4, "\1", 1) = 1
19634 16:43:09.880541 sendmsg(4, {msg_name(0)=NULL, msg_iov(1)=[{"\0", 1}], msg_controllen=16, {cmsg_len=16, cmsg_level=SOL_SOCKET, cmsg_type=SCM_RIGHTS, {6}}, msg_flags=0}, 0) = 1
19634 16:43:09.880817 close(6)          = 0
19634 16:43:09.880892 read(4,  <unfinished ...>
19636 16:43:09.880951 read(5, "\1", 1)  = 1
19636 16:43:09.881035 recvmsg(5, {msg_name(0)=NULL, msg_iov(1)=[{"\0", 1}], msg_controllen=16, {cmsg_len=16, cmsg_level=SOL_SOCKET, cmsg_type=SCM_RIGHTS, {6}}, msg_flags=0}, 0) = 1
19636 16:43:09.881143 setsockopt(6, SOL_SOCKET, SO_KEEPALIVE, [1], 4) = 0
19636 16:43:09.881225 setsockopt(6, SOL_IP, IP_TOS, [8], 4) = 0
19636 16:43:09.881362 setsockopt(6, SOL_SOCKET, SO_LINGER, {onoff=1, linger=32767}, 8) = 0
19636 16:43:09.881441 rt_sigaction(SIGALRM, {0x805cad0, ~[RTMIN RT_1], 0}, NULL, 8) = 0
19636 16:43:09.881529 alarm(300)        = 300
19636 16:43:09.881723 write(0, "150 Ok to send data.\r\n", 22) = 22
19636 16:43:09.882249 read(6, "assasaaa\na\na\na\na\n", 65536) = 17
19636 16:43:09.882344 write(4, "assasaaa\na\na\na\na\n", 17) = 17
19636 16:43:09.882452 read(6, "", 65536) = 0
19636 16:43:09.882527 rt_sigaction(SIGALRM, {0x805cad0, ~[RTMIN RT_1], 0}, NULL, 8) = 0
19636 16:43:09.882620 alarm(300)        = 300
19636 16:43:09.882809 close(6)          = 0
19636 16:43:09.883052 alarm(0)          = 300
19636 16:43:09.883220 gettimeofday({1495658589, 883272}, NULL) = 0
19636 16:43:09.883272 gettimeofday({1495658589, 883272}, NULL) = 0
19636 16:43:09.883272 fcntl64(3, F_SETLKW64, {type=F_WRLCK, whence=SEEK_SET, start=0, len=0}, 0xbfdf8f84) = 0
19636 16:43:09.883272 write(3, "Wed May 24 16:43:09 2017 [pid 19636] [msfadmin] OK UPLOAD: Client \"127.0.0.1\", \"/home/msfadmin/myfile8\", 17 bytes, 3.41Kbyte/sec\n", 129) = 129
19636 16:43:09.883272 fcntl64(3, F_SETLK64, {type=F_UNLCK, whence=SEEK_SET, start=0, len=0}, 0xbfdf8f8c) = 0
19636 16:43:09.883272 write(0, "226 Transfer complete.\r\n", 24) = 24
19636 16:43:09.883272 write(5, "\n", 1 <unfinished ...>
19634 16:43:09.883272 <... read resumed> "\n", 1) = 1
19636 16:43:09.883272 <... write resumed> ) = 1
19634 16:43:09.883272 close(5)          = 0
19634 16:43:09.883272 write(4, "\1", 1) = 1
19634 16:43:09.883272 read(4,  <unfinished ...>
19636 16:43:09.883272 read(5, "\1", 1)  = 1
19636 16:43:09.883272 close(4)          = 0
19636 16:43:09.883272 rt_sigaction(SIGALRM, {0x805cad0, ~[RTMIN RT_1], 0}, NULL, 8) = 0
19636 16:43:09.883272 alarm(300)        = 0
19636 16:43:09.883272 recv(0, "TYPE I\r\n", 4096, MSG_PEEK) = 8
19636 16:43:10.400208 read(0, "TYPE I\r\n", 8) = 8
19636 16:43:10.400499 write(0, "200 Switching to Binary mode.\r\n", 31) = 31
19636 16:43:10.400822 rt_sigaction(SIGALRM, {0x805cad0, ~[RTMIN RT_1], 0}, NULL, 8) = 0
19636 16:43:10.400927 alarm(300)        = 299
19636 16:43:10.401065 recv(0, "PASV\r\n", 4096, MSG_PEEK) = 6
19636 16:43:10.401146 read(0, "PASV\r\n", 6) = 6
19636 16:43:10.401228 write(5, "\n", 1 <unfinished ...>
19634 16:43:10.401299 <... read resumed> "\n", 1) = 1
19636 16:43:10.401349 <... write resumed> ) = 1
19634 16:43:10.401505 write(4, "\1", 1) = 1
19634 16:43:10.401588 read(4,  <unfinished ...>
19636 16:43:10.401713 read(5, "\1", 1)  = 1
19636 16:43:10.401795 write(5, "\f", 1 <unfinished ...>
19634 16:43:10.401856 <... read resumed> "\f", 1) = 1
19636 16:43:10.401904 <... write resumed> ) = 1
19634 16:43:10.401964 socket(PF_INET, SOCK_STREAM, IPPROTO_TCP) = 5
19634 16:43:10.402052 setsockopt(5, SOL_SOCKET, SO_REUSEADDR, [1], 4) = 0
19634 16:43:10.402140 bind(5, {sa_family=AF_INET, sin_port=htons(31501), sin_addr=inet_addr("127.0.0.1")}, 16) = 0
19634 16:43:10.402235 listen(5, 1)      = 0
19634 16:43:10.402318 write(4, "\r{\0\0", 4) = 4
19634 16:43:10.402523 read(4,  <unfinished ...>
19636 16:43:10.402583 read(5, "\r{\0\0", 4) = 4
19636 16:43:10.402683 write(0, "227 Entering Passive Mode (127,0,0,1,123,13).\r\n", 47) = 47
19636 16:43:10.403272 rt_sigaction(SIGALRM, {0x805cad0, ~[RTMIN RT_1], 0}, NULL, 8) = 0
19636 16:43:10.403272 alarm(300)        = 300
19636 16:43:10.403272 recv(0, "STOR myfile9\r\n", 4096, MSG_PEEK) = 14
19636 16:43:10.403272 read(0, "STOR myfile9\r\n", 14) = 14
19636 16:43:10.403272 write(5, "\v", 1 <unfinished ...>
19634 16:43:10.403272 <... read resumed> "\v", 1) = 1
19636 16:43:10.403272 <... write resumed> ) = 1
19634 16:43:10.403272 write(4, "\1\0\0\0", 4) = 4
19634 16:43:10.403272 read(4,  <unfinished ...>
19636 16:43:10.403272 read(5, "\1\0\0\0", 4) = 4
19636 16:43:10.403272 gettimeofday({1495658590, 403272}, NULL) = 0
19636 16:43:10.403272 getcwd("/home/msfadmin", 4096) = 15
19636 16:43:10.403272 open("myfile9", O_WRONLY|O_CREAT|O_NONBLOCK|O_LARGEFILE, 0666) = 4
19636 16:43:10.403272 fstat64(4, {st_mode=S_IFREG|0644, st_size=17, ...}) = 0
19636 16:43:10.403272 fcntl64(4, F_GETFL) = 0x8801 (flags O_WRONLY|O_NONBLOCK|O_LARGEFILE)
19636 16:43:10.403272 fcntl64(4, F_SETFL, O_WRONLY|O_LARGEFILE) = 0
19636 16:43:10.403272 fcntl64(4, F_SETLKW64, {type=F_WRLCK, whence=SEEK_SET, start=0, len=0}, 0xbfdf8fe4) = 0
19636 16:43:10.403272 ftruncate64(4, 0) = 0
19636 16:43:10.403272 _llseek(4, 0, [0], SEEK_SET) = 0
19636 16:43:10.403272 write(5, "\v", 1 <unfinished ...>
19634 16:43:10.403272 <... read resumed> "\v", 1) = 1
19636 16:43:10.403272 <... write resumed> ) = 1
19634 16:43:10.403272 write(4, "\1\0\0\0", 4) = 4
19634 16:43:10.403272 read(4,  <unfinished ...>
19636 16:43:10.403272 read(5, "\1\0\0\0", 4) = 4
19636 16:43:10.403272 write(5, "\v", 1) = 1
19634 16:43:10.403272 <... read resumed> "\v", 1) = 1
19634 16:43:10.403272 write(4, "\1\0\0\0", 4) = 4
19634 16:43:10.403272 read(4,  <unfinished ...>
19636 16:43:10.403272 read(5, "\1\0\0\0", 4) = 4
19636 16:43:10.403272 write(5, "\r", 1) = 1
19634 16:43:10.403272 <... read resumed> "\r", 1) = 1
19634 16:43:10.403272 select(6, [5], NULL, NULL, {60, 0}) = 1 (in [5], left {60, 0})
19634 16:43:10.403272 accept(5, {sa_family=AF_INET, sin_port=htons(37652), sin_addr=inet_addr("127.0.0.1")}, [16]) = 6
19634 16:43:10.403272 write(4, "\1", 1) = 1
19634 16:43:10.403272 sendmsg(4, {msg_name(0)=NULL, msg_iov(1)=[{"\0", 1}], msg_controllen=16, {cmsg_len=16, cmsg_level=SOL_SOCKET, cmsg_type=SCM_RIGHTS, {6}}, msg_flags=0}, 0) = 1
19634 16:43:10.403272 close(6)          = 0
19634 16:43:10.403272 read(4,  <unfinished ...>
19636 16:43:10.403272 read(5, "\1", 1)  = 1
19636 16:43:10.403272 recvmsg(5, {msg_name(0)=NULL, msg_iov(1)=[{"\0", 1}], msg_controllen=16, {cmsg_len=16, cmsg_level=SOL_SOCKET, cmsg_type=SCM_RIGHTS, {6}}, msg_flags=0}, 0) = 1
19636 16:43:10.403272 setsockopt(6, SOL_SOCKET, SO_KEEPALIVE, [1], 4) = 0
19636 16:43:10.403272 setsockopt(6, SOL_IP, IP_TOS, [8], 4) = 0
19636 16:43:10.403272 setsockopt(6, SOL_SOCKET, SO_LINGER, {onoff=1, linger=32767}, 8) = 0
19636 16:43:10.403272 rt_sigaction(SIGALRM, {0x805cad0, ~[RTMIN RT_1], 0}, NULL, 8) = 0
19636 16:43:10.403272 alarm(300)        = 300
19636 16:43:10.403272 write(0, "150 Ok to send data.\r\n", 22) = 22
19636 16:43:10.403272 read(6, "assasaaa\na\na\na\na\n", 65536) = 17
19636 16:43:10.407809 write(4, "assasaaa\na\na\na\na\n", 17) = 17
19636 16:43:10.407933 read(6, "", 65536) = 0
19636 16:43:10.408178 rt_sigaction(SIGALRM, {0x805cad0, ~[RTMIN RT_1], 0}, NULL, 8) = 0
19636 16:43:10.408279 alarm(300)        = 300
19636 16:43:10.408408 close(6)          = 0
19636 16:43:10.408574 alarm(0)          = 300
19636 16:43:10.408677 gettimeofday({1495658590, 408722}, NULL) = 0
19636 16:43:10.408798 gettimeofday({1495658590, 408845}, NULL) = 0
19636 16:43:10.408912 fcntl64(3, F_SETLKW64, {type=F_WRLCK, whence=SEEK_SET, start=0, len=0}, 0xbfdf8f84) = 0
19636 16:43:10.409173 write(3, "Wed May 24 16:43:10 2017 [pid 19636] [msfadmin] OK UPLOAD: Client \"127.0.0.1\", \"/home/msfadmin/myfile9\", 17 bytes, 2.98Kbyte/sec\n", 129) = 129
19636 16:43:10.409295 fcntl64(3, F_SETLK64, {type=F_UNLCK, whence=SEEK_SET, start=0, len=0}, 0xbfdf8f8c) = 0
19636 16:43:10.409390 write(0, "226 Transfer complete.\r\n", 24) = 24
19636 16:43:10.409671 write(5, "\n", 1 <unfinished ...>
19634 16:43:10.409807 <... read resumed> "\n", 1) = 1
19636 16:43:10.409857 <... write resumed> ) = 1
19634 16:43:10.409911 close(5)          = 0
19634 16:43:10.409994 write(4, "\1", 1) = 1
19634 16:43:10.410130 read(4,  <unfinished ...>
19636 16:43:10.410196 read(5, "\1", 1)  = 1
19636 16:43:10.410276 close(4)          = 0
19636 16:43:10.410354 rt_sigaction(SIGALRM, {0x805cad0, ~[RTMIN RT_1], 0}, NULL, 8) = 0
19636 16:43:10.410465 alarm(300)        = 0
19636 16:43:10.410602 recv(0, "TYPE I\r\n", 4096, MSG_PEEK) = 8
19636 16:43:10.919297 read(0, "TYPE I\r\n", 8) = 8
19636 16:43:10.919630 write(0, "200 Switching to Binary mode.\r\n", 31) = 31
19636 16:43:10.920104 rt_sigaction(SIGALRM, {0x805cad0, ~[RTMIN RT_1], 0}, NULL, 8) = 0
19636 16:43:10.920250 alarm(300)        = 299
19636 16:43:10.920395 recv(0, "PASV\r\n", 4096, MSG_PEEK) = 6
19636 16:43:10.920476 read(0, "PASV\r\n", 6) = 6
19636 16:43:10.920558 write(5, "\n", 1 <unfinished ...>
19634 16:43:10.920629 <... read resumed> "\n", 1) = 1
19636 16:43:10.920679 <... write resumed> ) = 1
19634 16:43:10.920785 write(4, "\1", 1) = 1
19634 16:43:10.920891 read(4,  <unfinished ...>
19636 16:43:10.920953 read(5, "\1", 1)  = 1
19636 16:43:10.921033 write(5, "\f", 1 <unfinished ...>
19634 16:43:10.921093 <... read resumed> "\f", 1) = 1
19636 16:43:10.921140 <... write resumed> ) = 1
19634 16:43:10.921199 socket(PF_INET, SOCK_STREAM, IPPROTO_TCP) = 5
19634 16:43:10.921288 setsockopt(5, SOL_SOCKET, SO_REUSEADDR, [1], 4) = 0
19634 16:43:10.921376 bind(5, {sa_family=AF_INET, sin_port=htons(12706), sin_addr=inet_addr("127.0.0.1")}, 16) = 0
19634 16:43:10.921470 listen(5, 1)      = 0
19634 16:43:10.921554 write(4, "\2421\0\0", 4) = 4
19634 16:43:10.921632 read(4,  <unfinished ...>
19636 16:43:10.921691 read(5, "\2421\0\0", 4) = 4
19636 16:43:10.921802 write(0, "227 Entering Passive Mode (127,0,0,1,49,162).\r\n", 47) = 47
19636 16:43:10.922554 rt_sigaction(SIGALRM, {0x805cad0, ~[RTMIN RT_1], 0}, NULL, 8) = 0
19636 16:43:10.922554 alarm(300)        = 300
19636 16:43:10.922554 recv(0, "STOR myfile10\r\n", 4096, MSG_PEEK) = 15
19636 16:43:10.922554 read(0, "STOR myfile10\r\n", 15) = 15
19636 16:43:10.922554 write(5, "\v", 1 <unfinished ...>
19634 16:43:10.922554 <... read resumed> "\v", 1) = 1
19636 16:43:10.922554 <... write resumed> ) = 1
19634 16:43:10.922554 write(4, "\1\0\0\0", 4) = 4
19634 16:43:10.922554 read(4,  <unfinished ...>
19636 16:43:10.922554 read(5, "\1\0\0\0", 4) = 4
19636 16:43:10.922554 gettimeofday({1495658590, 922554}, NULL) = 0
19636 16:43:10.922554 getcwd("/home/msfadmin", 4096) = 15
19636 16:43:10.922554 open("myfile10", O_WRONLY|O_CREAT|O_NONBLOCK|O_LARGEFILE, 0666) = 4
19636 16:43:10.922554 fstat64(4, {st_mode=S_IFREG|0644, st_size=17, ...}) = 0
19636 16:43:10.922554 fcntl64(4, F_GETFL) = 0x8801 (flags O_WRONLY|O_NONBLOCK|O_LARGEFILE)
19636 16:43:10.922554 fcntl64(4, F_SETFL, O_WRONLY|O_LARGEFILE) = 0
19636 16:43:10.922554 fcntl64(4, F_SETLKW64, {type=F_WRLCK, whence=SEEK_SET, start=0, len=0}, 0xbfdf8fe4) = 0
19636 16:43:10.922554 ftruncate64(4, 0) = 0
19636 16:43:10.922554 _llseek(4, 0, [0], SEEK_SET) = 0
19636 16:43:10.922554 write(5, "\v", 1 <unfinished ...>
19634 16:43:10.922554 <... read resumed> "\v", 1) = 1
19636 16:43:10.922554 <... write resumed> ) = 1
19634 16:43:10.922554 write(4, "\1\0\0\0", 4) = 4
19634 16:43:10.922554 read(4,  <unfinished ...>
19636 16:43:10.927839 read(5, "\1\0\0\0", 4) = 4
19636 16:43:10.927987 write(5, "\v", 1 <unfinished ...>
19634 16:43:10.928050 <... read resumed> "\v", 1) = 1
19636 16:43:10.928098 <... write resumed> ) = 1
19634 16:43:10.928153 write(4, "\1\0\0\0", 4) = 4
19634 16:43:10.928227 read(4,  <unfinished ...>
19636 16:43:10.928284 read(5, "\1\0\0\0", 4) = 4
19636 16:43:10.928362 write(5, "\r", 1 <unfinished ...>
19634 16:43:10.928421 <... read resumed> "\r", 1) = 1
19636 16:43:10.928469 <... write resumed> ) = 1
19634 16:43:10.928528 select(6, [5], NULL, NULL, {60, 0}) = 1 (in [5], left {60, 0})
19634 16:43:10.928726 accept(5, {sa_family=AF_INET, sin_port=htons(39178), sin_addr=inet_addr("127.0.0.1")}, [16]) = 6
19634 16:43:10.928964 write(4, "\1", 1) = 1
19634 16:43:10.929053 sendmsg(4, {msg_name(0)=NULL, msg_iov(1)=[{"\0", 1}], msg_controllen=16, {cmsg_len=16, cmsg_level=SOL_SOCKET, cmsg_type=SCM_RIGHTS, {6}}, msg_flags=0}, 0) = 1
19634 16:43:10.929154 close(6)          = 0
19634 16:43:10.929225 read(4,  <unfinished ...>
19636 16:43:10.929283 read(5, "\1", 1)  = 1
19636 16:43:10.929367 recvmsg(5, {msg_name(0)=NULL, msg_iov(1)=[{"\0", 1}], msg_controllen=16, {cmsg_len=16, cmsg_level=SOL_SOCKET, cmsg_type=SCM_RIGHTS, {6}}, msg_flags=0}, 0) = 1
19636 16:43:10.929473 setsockopt(6, SOL_SOCKET, SO_KEEPALIVE, [1], 4) = 0
19636 16:43:10.929626 setsockopt(6, SOL_IP, IP_TOS, [8], 4) = 0
19636 16:43:10.929706 setsockopt(6, SOL_SOCKET, SO_LINGER, {onoff=1, linger=32767}, 8) = 0
19636 16:43:10.929782 rt_sigaction(SIGALRM, {0x805cad0, ~[RTMIN RT_1], 0}, NULL, 8) = 0
19636 16:43:10.929870 alarm(300)        = 300
19636 16:43:10.930013 write(0, "150 Ok to send data.\r\n", 22) = 22
19636 16:43:10.930453 read(6, "assasaaa\na\na\na\na\n", 65536) = 17
19636 16:43:10.930608 write(4, "assasaaa\na\na\na\na\n", 17) = 17
19636 16:43:10.930710 read(6, "", 65536) = 0
19636 16:43:10.930784 rt_sigaction(SIGALRM, {0x805cad0, ~[RTMIN RT_1], 0}, NULL, 8) = 0
19636 16:43:10.930873 alarm(300)        = 300
19636 16:43:10.931001 close(6)          = 0
19636 16:43:10.931166 alarm(0)          = 300
19636 16:43:10.931268 gettimeofday({1495658590, 931313}, NULL) = 0
19636 16:43:10.931390 gettimeofday({1495658590, 931483}, NULL) = 0
19636 16:43:10.931564 fcntl64(3, F_SETLKW64, {type=F_WRLCK, whence=SEEK_SET, start=0, len=0}, 0xbfdf8f84) = 0
19636 16:43:10.931665 write(3, "Wed May 24 16:43:10 2017 [pid 19636] [msfadmin] OK UPLOAD: Client \"127.0.0.1\", \"/home/msfadmin/myfile10\", 17 bytes, 1.86Kbyte/sec\n", 130) = 130
19636 16:43:10.931779 fcntl64(3, F_SETLK64, {type=F_UNLCK, whence=SEEK_SET, start=0, len=0}, 0xbfdf8f8c) = 0
19636 16:43:10.931871 write(0, "226 Transfer complete.\r\n", 24) = 24
19636 16:43:10.932159 write(5, "\n", 1 <unfinished ...>
19634 16:43:10.932234 <... read resumed> "\n", 1) = 1
19636 16:43:10.932285 <... write resumed> ) = 1
19634 16:43:10.932339 close(5)          = 0
19634 16:43:10.932579 write(4, "\1", 1) = 1
19634 16:43:10.932669 read(4,  <unfinished ...>
19636 16:43:10.932730 read(5, "\1", 1)  = 1
19636 16:43:10.932807 close(4)          = 0
19636 16:43:10.932884 rt_sigaction(SIGALRM, {0x805cad0, ~[RTMIN RT_1], 0}, NULL, 8) = 0
19636 16:43:10.933054 alarm(300)        = 0
19636 16:43:10.933204 recv(0,  <unfinished ...>
4439  16:43:11.451209 <... select resumed> ) = ? ERESTARTNOHAND (To be restarted)
4439  16:43:11.451413 --- SIGCHLD (Child exited) @ 0 (0) ---
4439  16:43:11.451477 write(4, "\21", 1) = 1
4439  16:43:11.451546 sigreturn()       = ? (mask now [])
4439  16:43:11.451624 select(13, [3 5 6 8 9 10 11 12], NULL, NULL, NULL) = 1 (in [3])
4439  16:43:11.451673 ioctl(3, FIONREAD, [1]) = 0
4439  16:43:11.451705 read(3, "\21", 1) = 1
4439  16:43:11.451734 waitpid(-1, [{WIFEXITED(s) && WEXITSTATUS(s) == 0}], WNOHANG) = 19627
4439  16:43:11.451769 close(-1)         = -1 EBADF (Bad file descriptor)
4439  16:43:11.451797 waitpid(-1, 0xbff6282c, WNOHANG) = 0
4439  16:43:11.451821 select(13, [3 5 6 8 9 10 11 12], NULL, NULL, NULL <unfinished ...>
