19741 16:44:18.065229 read(6, "#\n# /etc/pam.d/common-session - session-related modules common to all services\n#\n# This file is included from other service-specific PAM config files,\n# and should contain a list of modules that define tasks to be performed\n# at the start and end of sessions of *any* kind (both interactive and\n# non-interactive).  The default is pam_unix.\n#\nsession\trequired\tpam_unix.so\n", 4096) = 372
19741 16:44:18.065229 read(6, "", 4096) = 0
19741 16:44:18.065229 close(6)          = 0
19741 16:44:18.065229 munmap(0xb7fa1000, 4096) = 0
19741 16:44:18.065229 read(5, "", 4096) = 0
19741 16:44:18.065229 close(5)          = 0
19741 16:44:18.065229 munmap(0xb7fa7000, 4096) = 0
19741 16:44:18.065229 open("/etc/pam.d/other", O_RDONLY|O_LARGEFILE) = 5
19741 16:44:18.065229 fstat64(5, {st_mode=S_IFREG|0644, st_size=520, ...}) = 0
19741 16:44:18.065229 mmap2(NULL, 4096, PROT_READ|PROT_WRITE, MAP_PRIVATE|MAP_ANONYMOUS, -1, 0) = 0xb7fa7000
19741 16:44:18.065229 read(5, "#\n# /etc/pam.d/other - specify the PAM fallback behaviour\n#\n# Note that this file is used for any unspecified service; for example\n#if /etc/pam.d/cron  specifies no session modules but cron calls\n#pam_open_session, the session module out of /etc/pam.d/other is\n#used.  If you really want nothing to happen then use pam_permit.so or\n#pam_deny.so as appropriate.\n\n# We fall back to the system default in /etc/pam.d/common-*\n# \n\n@include common-auth\n@include common-account\n@include common-password\n@include common-session\n", 4096) = 520
19741 16:44:18.065229 stat64("/etc/pam.d", {st_mode=S_IFDIR|0755, st_size=4096, ...}) = 0
19741 16:44:18.065229 open("/etc/pam.d/common-auth", O_RDONLY|O_LARGEFILE) = 6
19741 16:44:18.065229 fstat64(6, {st_mode=S_IFREG|0644, st_size=476, ...}) = 0
19741 16:44:18.065229 mmap2(NULL, 4096, PROT_READ|PROT_WRITE, MAP_PRIVATE|MAP_ANONYMOUS, -1, 0) = 0xb7fa1000
19741 16:44:18.065229 read(6, "#\n# /etc/pam.d/common-auth - authentication settings common to all services\n#\n# This file is included from other service-specific PAM config files,\n# and should contain a list of the authentication modules that define\n# the central authentication scheme for use on the system\n# (e.g., /etc/shadow, LDAP, Kerberos, etc.).  The default is to use the\n# traditional Unix authentication mechanisms.\n#\nauth\trequisite\tpam_unix.so nullok_secure\n# auth\toptional\tpam_smbpass.so migrate\n", 4096) = 476
19741 16:44:18.065229 read(6, "", 4096) = 0
19741 16:44:18.065229 close(6)          = 0
19741 16:44:18.065229 munmap(0xb7fa1000, 4096) = 0
19741 16:44:18.065229 stat64("/etc/pam.d", {st_mode=S_IFDIR|0755, st_size=4096, ...}) = 0
19741 16:44:18.065229 open("/etc/pam.d/common-account", O_RDONLY|O_LARGEFILE) = 6
19741 16:44:18.065229 fstat64(6, {st_mode=S_IFREG|0644, st_size=392, ...}) = 0
19741 16:44:18.065229 mmap2(NULL, 4096, PROT_READ|PROT_WRITE, MAP_PRIVATE|MAP_ANONYMOUS, -1, 0) = 0xb7fa1000
19741 16:44:18.065229 read(6, "#\n# /etc/pam.d/common-account - authorization settings common to all services\n#\n# This file is included from other service-specific PAM config files,\n# and should contain a list of the authorization modules that define\n# the central access policy for use on the system.  The default is to\n# only deny service to users whose accounts are expired in /etc/shadow.\n#\naccount\trequired\tpam_unix.so\n", 4096) = 392
19741 16:44:18.065229 read(6, "", 4096) = 0
19741 16:44:18.065229 close(6)          = 0
19741 16:44:18.065229 munmap(0xb7fa1000, 4096) = 0
19741 16:44:18.065229 stat64("/etc/pam.d", {st_mode=S_IFDIR|0755, st_size=4096, ...}) = 0
19741 16:44:18.065229 open("/etc/pam.d/common-password", O_RDONLY|O_LARGEFILE) = 6
19741 16:44:18.065229 fstat64(6, {st_mode=S_IFREG|0644, st_size=1563, ...}) = 0
19741 16:44:18.065229 mmap2(NULL, 4096, PROT_READ|PROT_WRITE, MAP_PRIVATE|MAP_ANONYMOUS, -1, 0) = 0xb7fa1000
19741 16:44:18.065229 read(6, "#\n# /etc/pam.d/common-password - password-related modules common to all services\n#\n# This file is included from other service-specific PAM config files,\n# and should contain a list of modules that define the services to be\n# used to change user passwords.  The default is pam_unix.\n\n# Explanation of pam_unix options:\n#\n# The \"nullok\" option allows users to change an empty password, else\n# empty passwords are treated as locked accounts.\n#\n# The \"md5\" option enables MD5 passwords.  Without this option, the\n# default is Unix crypt.\n#\n# The \"obscure\" option replaces the old `OBSCURE_CHECKS_ENAB\' option in\n# login.defs.\n#\n# You can also use the \"min\" option to enforce the length of the new\n# password.\n#\n# See the pam_unix manpage for other options.\n\npassword   requisite   pam_unix.so nullok obscure md5\n\n# Alternate strength checking for password. Note that this\n# requires the libpam-cracklib package to be installed.\n# You will need to comment out the password line above and\n# uncomment the next two in order to use this.\n# (Replaces the `OBSCURE_CHECKS_ENAB\', `CRACKLIB_DICTPATH\')\n#\n# password required\t  pam_cracklib.so retry=3 minlen=6 difok=3\n# password required\t  pam_unix.so use_authtok nullok md5\n\n# minimally-intrusive inclusion of smbpass in the stack for\n# synchronization.  If the module is absent or the passwords don\'t\n# match, this module will be ignored without prompting; and if the \n# passwords do match, the NTLM hash for the user will be updated\n# automatically.\n# password   optional   pam_smbpass.so nullok use_authtok use_first_pass\n", 4096) = 1563
19741 16:44:18.065229 read(6, "", 4096) = 0
19741 16:44:18.065229 close(6)          = 0
19741 16:44:18.065229 munmap(0xb7fa1000, 4096) = 0
19741 16:44:18.065229 stat64("/etc/pam.d", {st_mode=S_IFDIR|0755, st_size=4096, ...}) = 0
19741 16:44:18.065229 open("/etc/pam.d/common-session", O_RDONLY|O_LARGEFILE) = 6
19741 16:44:18.065229 fstat64(6, {st_mode=S_IFREG|0644, st_size=372, ...}) = 0
19741 16:44:18.065229 mmap2(NULL, 4096, PROT_READ|PROT_WRITE, MAP_PRIVATE|MAP_ANONYMOUS, -1, 0) = 0xb7fa1000
19741 16:44:18.065229 read(6, "#\n# /etc/pam.d/common-session - session-related modules common to all services\n#\n# This file is included from other service-specific PAM config files,\n# and should contain a list of modules that define tasks to be performed\n# at the start and end of sessions of *any* kind (both interactive and\n# non-interactive).  The default is pam_unix.\n#\nsession\trequired\tpam_unix.so\n", 4096) = 372
19741 16:44:18.065229 read(6, "", 4096) = 0
19741 16:44:18.065229 close(6)          = 0
19741 16:44:18.065229 munmap(0xb7fa1000, 4096) = 0
19741 16:44:18.065229 read(5, "", 4096) = 0
19741 16:44:18.065229 close(5)          = 0
19741 16:44:18.065229 munmap(0xb7fa7000, 4096) = 0
19741 16:44:18.065229 time(NULL)        = 1495658658
19741 16:44:18.065229 lstat64("/etc/ftpusers", {st_mode=S_IFREG|0644, st_size=132, ...}) = 0
19741 16:44:18.065229 open("/etc/ftpusers", O_RDONLY|O_LARGEFILE) = 5
19741 16:44:18.065229 fstat64(5, {st_mode=S_IFREG|0644, st_size=132, ...}) = 0
19741 16:44:18.065229 mmap2(NULL, 4096, PROT_READ|PROT_WRITE, MAP_PRIVATE|MAP_ANONYMOUS, -1, 0) = 0xb7fa7000
19741 16:44:18.065229 read(5, "# /etc/ftpusers: list of users disallowed FTP access. See ftpusers(5).\n\nroot\ndaemon\nbin\nsys\nsync\ngames\nman\nlp\nmail\nnews\nuucp\nnobody\n", 4096) = 132
19741 16:44:18.065229 read(5, "", 4096) = 0
19741 16:44:18.065229 close(5)          = 0
19741 16:44:18.068668 munmap(0xb7fa7000, 4096) = 0
19741 16:44:18.068765 getuid32()        = 0
19741 16:44:18.068822 open("/etc/passwd", O_RDONLY|0x80000 /* O_??? */) = 5
19741 16:44:18.068874 _llseek(5, 0, [0], SEEK_CUR) = 0
19741 16:44:18.068916 fstat64(5, {st_mode=S_IFREG|0644, st_size=1624, ...}) = 0
19741 16:44:18.068971 mmap2(NULL, 1624, PROT_READ, MAP_SHARED, 5, 0) = 0xb7fa7000
19741 16:44:18.069014 _llseek(5, 1624, [1624], SEEK_SET) = 0
19741 16:44:18.069075 munmap(0xb7fa7000, 1624) = 0
19741 16:44:18.069118 close(5)          = 0
19741 16:44:18.069200 open("/etc/shadow", O_RDONLY|0x80000 /* O_??? */) = 5
19741 16:44:18.069270 _llseek(5, 0, [0], SEEK_CUR) = 0
19741 16:44:18.069312 fstat64(5, {st_mode=S_IFREG|0640, st_size=1233, ...}) = 0
19741 16:44:18.069366 mmap2(NULL, 1233, PROT_READ, MAP_SHARED, 5, 0) = 0xb7fa7000
19741 16:44:18.069408 _llseek(5, 1233, [1233], SEEK_SET) = 0
19741 16:44:18.069472 munmap(0xb7fa7000, 1233) = 0
19741 16:44:18.069561 close(5)          = 0
19741 16:44:18.069628 open("/etc/passwd", O_RDONLY|0x80000 /* O_??? */) = 5
19741 16:44:18.069679 _llseek(5, 0, [0], SEEK_CUR) = 0
19741 16:44:18.069720 fstat64(5, {st_mode=S_IFREG|0644, st_size=1624, ...}) = 0
19741 16:44:18.069775 mmap2(NULL, 1624, PROT_READ, MAP_SHARED, 5, 0) = 0xb7fa7000
19741 16:44:18.069816 _llseek(5, 1624, [1624], SEEK_SET) = 0
19741 16:44:18.069873 munmap(0xb7fa7000, 1624) = 0
19741 16:44:18.069913 close(5)          = 0
19741 16:44:18.069973 open("/etc/shadow", O_RDONLY|0x80000 /* O_??? */) = 5
19741 16:44:18.070040 _llseek(5, 0, [0], SEEK_CUR) = 0
19741 16:44:18.070083 fstat64(5, {st_mode=S_IFREG|0640, st_size=1233, ...}) = 0
19741 16:44:18.070137 mmap2(NULL, 1233, PROT_READ, MAP_SHARED, 5, 0) = 0xb7fa7000
19741 16:44:18.070178 _llseek(5, 1233, [1233], SEEK_SET) = 0
19741 16:44:18.070235 munmap(0xb7fa7000, 1233) = 0
19741 16:44:18.070275 close(5)          = 0
19741 16:44:18.070871 getuid32()        = 0
19741 16:44:18.070920 open("/etc/passwd", O_RDONLY|0x80000 /* O_??? */) = 5
19741 16:44:18.070968 _llseek(5, 0, [0], SEEK_CUR) = 0
19741 16:44:18.071009 fstat64(5, {st_mode=S_IFREG|0644, st_size=1624, ...}) = 0
19741 16:44:18.071064 mmap2(NULL, 1624, PROT_READ, MAP_SHARED, 5, 0) = 0xb7fa7000
19741 16:44:18.071105 _llseek(5, 1624, [1624], SEEK_SET) = 0
19741 16:44:18.071160 munmap(0xb7fa7000, 1624) = 0
19741 16:44:18.071199 close(5)          = 0
19741 16:44:18.071248 open("/etc/shadow", O_RDONLY|0x80000 /* O_??? */) = 5
19741 16:44:18.071295 _llseek(5, 0, [0], SEEK_CUR) = 0
19741 16:44:18.071335 fstat64(5, {st_mode=S_IFREG|0640, st_size=1233, ...}) = 0
19741 16:44:18.071388 mmap2(NULL, 1233, PROT_READ, MAP_SHARED, 5, 0) = 0xb7fa7000
19741 16:44:18.071572 _llseek(5, 1233, [1233], SEEK_SET) = 0
19741 16:44:18.071636 munmap(0xb7fa7000, 1233) = 0
19741 16:44:18.071677 close(5)          = 0
19741 16:44:18.071722 time(NULL)        = 1495658658
19741 16:44:18.071775 munmap(0xb7fa4000, 12164) = 0
19741 16:44:18.071823 munmap(0xb7fa2000, 7136) = 0
19741 16:44:18.071873 munmap(0xb7dd7000, 95428) = 0
19741 16:44:18.071917 munmap(0xb7d9d000, 201052) = 0
19741 16:44:18.071959 munmap(0xb7d84000, 101180) = 0
19741 16:44:18.072016 gettimeofday({1495658658, 72042}, NULL) = 0
19741 16:44:18.072077 stat64("/usr/share/zoneinfo/UTC+04:00", 0xbfaedc64) = -1 ENOENT (No such file or directory)
19741 16:44:18.072129 open("/usr/share/zoneinfo/UTC+04:00", O_RDONLY) = -1 ENOENT (No such file or directory)
19741 16:44:18.072210 fcntl64(3, F_SETLKW64, {type=F_WRLCK, whence=SEEK_SET, start=0, len=0}, 0xbfaeddb4) = 0
19741 16:44:18.072279 write(3, "Wed May 24 16:44:18 2017 [pid 19741] [msfadmin] OK LOGIN: Client \"127.0.0.1\"\n", 77) = 77
19741 16:44:18.072337 fcntl64(3, F_SETLK64, {type=F_UNLCK, whence=SEEK_SET, start=0, len=0}, 0xbfaeddbc) = 0
19741 16:44:18.072384 rt_sigaction(SIGCHLD, {0x805cad0, ~[RTMIN RT_1], 0}, NULL, 8) = 0
19741 16:44:18.072436 write(4, "\1", 1 <unfinished ...>
19742 16:44:18.072477 <... read resumed> "\1", 1) = 1
19741 16:44:18.072509 <... write resumed> ) = 1
19742 16:44:18.072546 exit_group(0)     = ?
19741 16:44:18.072640 --- SIGCHLD (Child exited) @ 0 (0) ---
19741 16:44:18.072675 sigreturn()       = ? (mask now [])
19741 16:44:18.072736 wait4(-1, [{WIFEXITED(s) && WEXITSTATUS(s) == 0}], 0, NULL) = 19742
19741 16:44:18.072783 close(4)          = 0
19741 16:44:18.072827 socketpair(PF_FILE, SOCK_STREAM, 0, [4, 5]) = 0
19741 16:44:18.072877 rt_sigaction(SIGCHLD, {0x805cad0, ~[RTMIN RT_1], 0}, NULL, 8) = 0
19741 16:44:18.072926 rt_sigaction(SIGALRM, {0x805cb10, ~[RTMIN RT_1], 0}, NULL, 8) = 0
19741 16:44:18.072974 clone(child_stack=0, flags=CLONE_CHILD_CLEARTID|CLONE_CHILD_SETTID|SIGCHLD, child_tidptr=0xb7e0d6f8) = 19743
19743 16:44:18.073130 prctl(0x1, 0x9, 0, 0, 0) = 0
19743 16:44:18.073181 close(4)          = 0
19743 16:44:18.073266 open("/etc/passwd", O_RDONLY|0x80000 /* O_??? */) = 4
19743 16:44:18.073324 _llseek(4, 0, [0], SEEK_CUR) = 0
19743 16:44:18.073376 fstat64(4, {st_mode=S_IFREG|0644, st_size=1624, ...}) = 0
19743 16:44:18.073436 mmap2(NULL, 1624, PROT_READ, MAP_SHARED, 4, 0) = 0xb7fa7000
19743 16:44:18.073513 _llseek(4, 1624, [1624], SEEK_SET) = 0
19743 16:44:18.073590 munmap(0xb7fa7000, 1624) = 0
19743 16:44:18.073634 close(4)          = 0
19743 16:44:18.073683 getuid32()        = 0
19743 16:44:18.073724 open("/etc/passwd", O_RDONLY|0x80000 /* O_??? */) = 4
19743 16:44:18.073771 _llseek(4, 0, [0], SEEK_CUR) = 0
19743 16:44:18.073812 fstat64(4, {st_mode=S_IFREG|0644, st_size=1624, ...}) = 0
19743 16:44:18.073866 mmap2(NULL, 1624, PROT_READ, MAP_SHARED, 4, 0) = 0xb7fa7000
19743 16:44:18.073908 _llseek(4, 1624, [1624], SEEK_SET) = 0
19743 16:44:18.073962 munmap(0xb7fa7000, 1624) = 0
19743 16:44:18.074001 close(4)          = 0
19743 16:44:18.074080 open("/proc/sys/kernel/ngroups_max", O_RDONLY) = 4
19743 16:44:18.074144 read(4, "65536\n", 31) = 6
19743 16:44:18.074190 close(4)          = 0
19743 16:44:18.074238 socket(PF_FILE, SOCK_STREAM, 0) = 4
19743 16:44:18.074283 fcntl64(4, F_SETFL, O_RDWR|O_NONBLOCK) = 0
19743 16:44:18.074325 connect(4, {sa_family=AF_FILE, path="/var/run/nscd/socket"}, 110) = -1 ENOENT (No such file or directory)
19743 16:44:18.074392 close(4)          = 0
19743 16:44:18.074436 socket(PF_FILE, SOCK_STREAM, 0) = 4
19743 16:44:18.074509 fcntl64(4, F_SETFL, O_RDWR|O_NONBLOCK) = 0
19743 16:44:18.074550 connect(4, {sa_family=AF_FILE, path="/var/run/nscd/socket"}, 110) = -1 ENOENT (No such file or directory)
19743 16:44:18.074610 close(4)          = 0
19743 16:44:18.074685 open("/etc/group", O_RDONLY|0x80000 /* O_??? */) = 4
19743 16:44:18.074737 _llseek(4, 0, [0], SEEK_CUR) = 0
19743 16:44:18.074778 fstat64(4, {st_mode=S_IFREG|0644, st_size=886, ...}) = 0
19743 16:44:18.074833 mmap2(NULL, 886, PROT_READ, MAP_SHARED, 4, 0) = 0xb7fa7000
19743 16:44:18.074874 _llseek(4, 886, [886], SEEK_SET) = 0
19743 16:44:18.074947 fstat64(4, {st_mode=S_IFREG|0644, st_size=886, ...}) = 0
19743 16:44:18.075005 munmap(0xb7fa7000, 886) = 0
19743 16:44:18.075046 close(4)          = 0
19743 16:44:18.075086 setgroups32(13, [1000, 4, 20, 24, 25, 29, 30, 44, 46, 107, 111, 112, 119]) = 0
19743 16:44:18.075143 geteuid32()       = 0
19743 16:44:18.075185 getegid32()       = 0
19743 16:44:18.075226 setregid32(-1, 1000) = 0
19743 16:44:18.075268 setreuid32(-1, 1000) = 0
19743 16:44:18.075309 chdir("/home/msfadmin") = 0
19743 16:44:18.075330 setreuid32(-1, 0) = 0
19743 16:44:18.075330 setregid32(-1, 0) = 0
19743 16:44:18.075330 setgid32(1000)    = 0
19743 16:44:18.075330 setuid32(1000)    = 0
19743 16:44:18.075330 setrlimit(RLIMIT_NPROC, {rlim_cur=0, rlim_max=0}) = 0
19743 16:44:18.075330 mmap2(NULL, 12288, PROT_READ|PROT_WRITE, MAP_PRIVATE|MAP_ANONYMOUS, -1, 0) = 0xb7fa5000
19743 16:44:18.075330 mprotect(0xb7fa7000, 4096, PROT_NONE) = 0
19743 16:44:18.075330 mprotect(0xb7fa5000, 4096, PROT_NONE) = 0
19743 16:44:18.075330 getcwd("/home/msfadmin", 4096) = 15
19743 16:44:18.075330 umask(022)        = 077
19743 16:44:18.075330 getcwd("/home/msfadmin", 4096) = 15
19743 16:44:18.075330 open(".message", O_RDONLY|O_NONBLOCK|O_LARGEFILE) = -1 ENOENT (No such file or directory)
19743 16:44:18.075330 write(0, "230 Login successful.\r\n", 23) = 23
19743 16:44:18.075330 rt_sigaction(SIGALRM, {0x805cad0, ~[RTMIN RT_1], 0}, NULL, 8) = 0
19743 16:44:18.075330 alarm(300)        = 0
19743 16:44:18.075330 mmap2(NULL, 12288, PROT_READ|PROT_WRITE, MAP_PRIVATE|MAP_ANONYMOUS, -1, 0) = 0xb7fa2000
19743 16:44:18.075330 mprotect(0xb7fa4000, 4096, PROT_NONE) = 0
19743 16:44:18.075330 mprotect(0xb7fa2000, 4096, PROT_NONE) = 0
19743 16:44:18.075330 recv(0, "TYPE I\r\n", 4096, MSG_PEEK) = 8
19743 16:44:18.075330 read(0, "TYPE I\r\n", 8) = 8
19743 16:44:18.075330 write(0, "200 Switching to Binary mode.\r\n", 31) = 31
19743 16:44:18.075330 rt_sigaction(SIGALRM, {0x805cad0, ~[RTMIN RT_1], 0}, NULL, 8) = 0
19743 16:44:18.075330 alarm(300)        = 300
19743 16:44:18.075330 recv(0, "PASV\r\n", 4096, MSG_PEEK) = 6
19743 16:44:18.075330 read(0, "PASV\r\n", 6) = 6
19743 16:44:18.075330 write(5, "\n", 1) = 1
19743 16:44:18.075330 read(5,  <unfinished ...>
19741 16:44:18.075330 close(5)          = 0
19741 16:44:18.075330 getuid32()        = 0
19741 16:44:18.075330 open("/etc/passwd", O_RDONLY|0x80000 /* O_??? */) = 5
19741 16:44:18.075330 _llseek(5, 0, [0], SEEK_CUR) = 0
19741 16:44:18.075330 fstat64(5, {st_mode=S_IFREG|0644, st_size=1624, ...}) = 0
19741 16:44:18.075330 mmap2(NULL, 1624, PROT_READ, MAP_SHARED, 5, 0) = 0xb7fa7000
19741 16:44:18.075330 _llseek(5, 1624, [1624], SEEK_SET) = 0
19741 16:44:18.075330 munmap(0xb7fa7000, 1624) = 0
19741 16:44:18.075330 close(5)          = 0
19741 16:44:18.075330 setgroups32(0, []) = 0
19741 16:44:18.075330 chdir("/usr/share/empty") = 0
19741 16:44:18.075330 chroot(".")       = 0
19741 16:44:18.075330 capset(NULL, NULL) = -1 EFAULT (Bad address)
19741 16:44:18.075330 prctl(0x8, 0, 0xbfaedd98, 0x80549a6, 0xbfaedd80) = 0
19741 16:44:18.075330 prctl(0x8, 0x1, 0xbfaedd98, 0x8054a49, 0xbfaedd80) = 0
19741 16:44:18.075330 setgid32(65534)   = 0
19741 16:44:18.075330 setuid32(65534)   = 0
19741 16:44:18.075330 capset(0x19980330, 0, {CAP_NET_BIND_SERVICE, CAP_NET_BIND_SERVICE, 0}) = 0
19741 16:44:18.075330 read(4, "\n", 1)  = 1
19741 16:44:18.075330 write(4, "\1", 1) = 1
19743 16:44:18.075330 <... read resumed> "\1", 1) = 1
19743 16:44:18.075330 write(5, "\f", 1) = 1
19743 16:44:18.075330 read(5,  <unfinished ...>
19741 16:44:18.075330 read(4, "\f", 1)  = 1
19741 16:44:18.075330 socket(PF_INET, SOCK_STREAM, IPPROTO_TCP) = 5
19741 16:44:18.075330 setsockopt(5, SOL_SOCKET, SO_REUSEADDR, [1], 4) = 0
19741 16:44:18.075330 gettimeofday({1495658658, 75330}, NULL) = 0
19741 16:44:18.075330 bind(5, {sa_family=AF_INET, sin_port=htons(10833), sin_addr=inet_addr("127.0.0.1")}, 16) = 0
19741 16:44:18.075330 listen(5, 1)      = 0
19741 16:44:18.075330 write(4, "Q*\0\0", 4) = 4
19743 16:44:18.075330 <... read resumed> "Q*\0\0", 4) = 4
19743 16:44:18.078681 write(0, "227 Entering Passive Mode (127,0,0,1,42,81).\r\n", 46) = 46
19743 16:44:18.079052 rt_sigaction(SIGALRM, {0x805cad0, ~[RTMIN RT_1], 0}, NULL, 8) = 0
19743 16:44:18.079109 alarm(300)        = 300
19743 16:44:18.079184 recv(0, "STOR myfile36\r\n", 4096, MSG_PEEK) = 15
19743 16:44:18.079267 read(0, "STOR myfile36\r\n", 15) = 15
19743 16:44:18.079323 write(5, "\v", 1) = 1
19743 16:44:18.079366 read(5,  <unfinished ...>
19741 16:44:18.079399 read(4, "\v", 1)  = 1
19741 16:44:18.079441 write(4, "\1\0\0\0", 4) = 4
19743 16:44:18.079483 <... read resumed> "\1\0\0\0", 4) = 4
19743 16:44:18.079520 gettimeofday({1495658658, 79545}, NULL) = 0
19743 16:44:18.079579 getcwd("/home/msfadmin", 4096) = 15
19743 16:44:18.079624 open("myfile36", O_WRONLY|O_CREAT|O_NONBLOCK|O_LARGEFILE, 0666) = 4
19743 16:44:18.079683 fstat64(4, {st_mode=S_IFREG|0644, st_size=17, ...}) = 0
19743 16:44:18.079740 fcntl64(4, F_GETFL) = 0x8801 (flags O_WRONLY|O_NONBLOCK|O_LARGEFILE)
19743 16:44:18.079782 fcntl64(4, F_SETFL, O_WRONLY|O_LARGEFILE) = 0
19743 16:44:18.079822 fcntl64(4, F_SETLKW64, {type=F_WRLCK, whence=SEEK_SET, start=0, len=0}, 0xbfaedce4) = 0
19743 16:44:18.079875 ftruncate64(4, 0) = 0
19743 16:44:18.079936 _llseek(4, 0, [0], SEEK_SET) = 0
19743 16:44:18.079979 write(5, "\v", 1) = 1
19743 16:44:18.080020 read(5,  <unfinished ...>
19741 16:44:18.080053 read(4, "\v", 1)  = 1
19741 16:44:18.080095 write(4, "\1\0\0\0", 4) = 4
19743 16:44:18.080137 <... read resumed> "\1\0\0\0", 4) = 4
19743 16:44:18.080170 write(5, "\v", 1) = 1
19743 16:44:18.080217 read(5,  <unfinished ...>
19741 16:44:18.080249 read(4, "\v", 1)  = 1
19741 16:44:18.080290 write(4, "\1\0\0\0", 4) = 4
19743 16:44:18.080331 <... read resumed> "\1\0\0\0", 4) = 4
19743 16:44:18.080365 write(5, "\r", 1) = 1
19743 16:44:18.080415 read(5,  <unfinished ...>
19741 16:44:18.080448 read(4, "\r", 1)  = 1
19741 16:44:18.080495 select(6, [5], NULL, NULL, {60, 0}) = 1 (in [5], left {60, 0})
19741 16:44:18.080585 accept(5, {sa_family=AF_INET, sin_port=htons(32932), sin_addr=inet_addr("127.0.0.1")}, [16]) = 6
19741 16:44:18.080654 write(4, "\1", 1) = 1
19743 16:44:18.080696 <... read resumed> "\1", 1) = 1
19743 16:44:18.080735 recvmsg(5,  <unfinished ...>
19741 16:44:18.080774 sendmsg(4, {msg_name(0)=NULL, msg_iov(1)=[{"\0", 1}], msg_controllen=16, {cmsg_len=16, cmsg_level=SOL_SOCKET, cmsg_type=SCM_RIGHTS, {6}}, msg_flags=0}, 0) = 1
19743 16:44:18.080830 <... recvmsg resumed> {msg_name(0)=NULL, msg_iov(1)=[{"\0", 1}], msg_controllen=16, {cmsg_len=16, cmsg_level=SOL_SOCKET, cmsg_type=SCM_RIGHTS, {6}}, msg_flags=0}, 0) = 1
19743 16:44:18.080879 setsockopt(6, SOL_SOCKET, SO_KEEPALIVE, [1], 4) = 0
19743 16:44:18.080923 setsockopt(6, SOL_IP, IP_TOS, [8], 4) = 0
19743 16:44:18.080967 setsockopt(6, SOL_SOCKET, SO_LINGER, {onoff=1, linger=32767}, 8) = 0
19743 16:44:18.081009 rt_sigaction(SIGALRM, {0x805cad0, ~[RTMIN RT_1], 0}, NULL, 8) = 0
19743 16:44:18.081057 alarm(300)        = 300
19743 16:44:18.081136 write(0, "150 Ok to send data.\r\n", 22) = 22
19743 16:44:18.081438 mmap2(NULL, 77824, PROT_READ|PROT_WRITE, MAP_PRIVATE|MAP_ANONYMOUS, -1, 0) = 0xb7ddc000
19743 16:44:18.081490 mprotect(0xb7dee000, 4096, PROT_NONE) = 0
19743 16:44:18.081535 mprotect(0xb7ddc000, 4096, PROT_NONE) = 0
19743 16:44:18.081575 read(6, "assasaaa\na\na\na\na\n", 65536) = 17
19743 16:44:18.081625 write(4, "assasaaa\na\na\na\na\n", 17) = 17
19743 16:44:18.081678 read(6, "", 65536) = 0
19743 16:44:18.081720 rt_sigaction(SIGALRM, {0x805cad0, ~[RTMIN RT_1], 0}, NULL, 8) = 0
19743 16:44:18.081769 alarm(300)        = 300
19743 16:44:18.081839 close(6)          = 0
19743 16:44:18.081877 alarm(0)          = 300
19743 16:44:18.081931 gettimeofday({1495658658, 81956}, NULL) = 0
19743 16:44:18.082006 getpid()          = 19743
19743 16:44:18.082052 gettimeofday({1495658658, 82077}, NULL) = 0
19743 16:44:18.082295 fcntl64(3, F_SETLKW64, {type=F_WRLCK, whence=SEEK_SET, start=0, len=0}, 0xbfaedc84) = 0
19743 16:44:18.082345 write(3, "Wed May 24 16:44:18 2017 [pid 19743] [msfadmin] OK UPLOAD: Client \"127.0.0.1\", \"/home/msfadmin/myfile36\", 17 bytes, 6.56Kbyte/sec\n", 130) = 130
19743 16:44:18.082398 fcntl64(3, F_SETLK64, {type=F_UNLCK, whence=SEEK_SET, start=0, len=0}, 0xbfaedc8c) = 0
19743 16:44:18.082441 write(0, "226 Transfer complete.\r\n", 24) = 24
19743 16:44:18.082565 write(5, "\n", 1) = 1
19743 16:44:18.082604 read(5,  <unfinished ...>
19741 16:44:18.082632 close(6)          = 0
19741 16:44:18.082707 read(4, "\n", 1)  = 1
19741 16:44:18.082745 close(5)          = 0
19741 16:44:18.082779 write(4, "\1", 1) = 1
19743 16:44:18.082815 <... read resumed> "\1", 1) = 1
19743 16:44:18.082842 close(4)          = 0
19743 16:44:18.082878 rt_sigaction(SIGALRM, {0x805cad0, ~[RTMIN RT_1], 0}, NULL, 8) = 0
19743 16:44:18.082917 alarm(300)        = 0
19743 16:44:18.082978 recv(0,  <unfinished ...>
19741 16:44:18.083007 read(4,  <unfinished ...>
19743 16:44:18.619984 <... recv resumed> "TYPE I\r\n", 4096, MSG_PEEK) = 8
19743 16:44:18.620224 read(0, "TYPE I\r\n", 8) = 8
19743 16:44:18.620468 write(0, "200 Switching to Binary mode.\r\n", 31) = 31
19743 16:44:18.621066 rt_sigaction(SIGALRM, {0x805cad0, ~[RTMIN RT_1], 0}, NULL, 8) = 0
19743 16:44:18.621203 alarm(300)        = 299
19743 16:44:18.621346 recv(0, "PASV\r\n", 4096, MSG_PEEK) = 6
19743 16:44:18.621429 read(0, "PASV\r\n", 6) = 6
19743 16:44:18.621515 write(5, "\n", 1) = 1
19743 16:44:18.621746 read(5,  <unfinished ...>
19741 16:44:18.621826 <... read resumed> "\n", 1) = 1
19741 16:44:18.621896 write(4, "\1", 1) = 1
19743 16:44:18.621975 <... read resumed> "\1", 1) = 1
19743 16:44:18.622039 write(5, "\f", 1) = 1
19743 16:44:18.622113 read(5,  <unfinished ...>
19741 16:44:18.622173 read(4, "\f", 1)  = 1
19741 16:44:18.622256 socket(PF_INET, SOCK_STREAM, IPPROTO_TCP) = 5
19741 16:44:18.622347 setsockopt(5, SOL_SOCKET, SO_REUSEADDR, [1], 4) = 0
19741 16:44:18.622438 bind(5, {sa_family=AF_INET, sin_port=htons(55233), sin_addr=inet_addr("127.0.0.1")}, 16) = 0
19741 16:44:18.622621 listen(5, 1)      = 0
19741 16:44:18.622722 write(4, "\301\327\0\0", 4) = 4
19743 16:44:18.622804 <... read resumed> "\301\327\0\0", 4) = 4
19743 16:44:18.622890 write(0, "227 Entering Passive Mode (127,0,0,1,215,193).\r\n", 48) = 48
19743 16:44:18.623625 rt_sigaction(SIGALRM, {0x805cad0, ~[RTMIN RT_1], 0}, NULL, 8) = 0
19743 16:44:18.623734 alarm(300)        = 300
19743 16:44:18.623935 recv(0, "STOR myfile37\r\n", 4096, MSG_PEEK) = 15
19743 16:44:18.624023 read(0, "STOR myfile37\r\n", 15) = 15
19743 16:44:18.624117 write(5, "\v", 1) = 1
19743 16:44:18.624195 read(5,  <unfinished ...>
19741 16:44:18.624257 read(4, "\v", 1)  = 1
19741 16:44:18.624338 write(4, "\1\0\0\0", 4) = 4
19743 16:44:18.624415 <... read resumed> "\1\0\0\0", 4) = 4
19743 16:44:18.624539 gettimeofday({1495658658, 624592}, NULL) = 0
19743 16:44:18.624656 getcwd("/home/msfadmin", 4096) = 15
19743 16:44:18.624742 open("myfile37", O_WRONLY|O_CREAT|O_NONBLOCK|O_LARGEFILE, 0666) = 4
19743 16:44:18.624833 fstat64(4, {st_mode=S_IFREG|0644, st_size=17, ...}) = 0
19743 16:44:18.624940 fcntl64(4, F_GETFL) = 0x8801 (flags O_WRONLY|O_NONBLOCK|O_LARGEFILE)
19743 16:44:18.625018 fcntl64(4, F_SETFL, O_WRONLY|O_LARGEFILE) = 0
19743 16:44:18.625093 fcntl64(4, F_SETLKW64, {type=F_WRLCK, whence=SEEK_SET, start=0, len=0}, 0xbfaedce4) = 0
19743 16:44:18.625184 ftruncate64(4, 0) = 0
19741 16:44:18.625287 read(4,  <unfinished ...>
19743 16:44:18.625346 _llseek(4, 0, [0], SEEK_SET) = 0
19743 16:44:18.625346 write(5, "\v", 1) = 1
19741 16:44:18.625346 <... read resumed> "\v", 1) = 1
19741 16:44:18.625346 write(4, "\1\0\0\0", 4) = 4
19741 16:44:18.625346 read(4,  <unfinished ...>
19743 16:44:18.625346 read(5, "\1\0\0\0", 4) = 4
19743 16:44:18.625346 write(5, "\v", 1) = 1
19741 16:44:18.625346 <... read resumed> "\v", 1) = 1
19741 16:44:18.625346 write(4, "\1\0\0\0", 4) = 4
19741 16:44:18.625346 read(4,  <unfinished ...>
19743 16:44:18.625346 read(5, "\1\0\0\0", 4) = 4
19743 16:44:18.625346 write(5, "\r", 1) = 1
19741 16:44:18.625346 <... read resumed> "\r", 1) = 1
19741 16:44:18.625346 select(6, [5], NULL, NULL, {60, 0}) = 1 (in [5], left {60, 0})
19743 16:44:18.625346 read(5,  <unfinished ...>
19741 16:44:18.625346 accept(5, {sa_family=AF_INET, sin_port=htons(41842), sin_addr=inet_addr("127.0.0.1")}, [16]) = 6
19741 16:44:18.625346 write(4, "\1", 1) = 1
19743 16:44:18.625346 <... read resumed> "\1", 1) = 1
19743 16:44:18.625346 recvmsg(5,  <unfinished ...>
19741 16:44:18.625346 sendmsg(4, {msg_name(0)=NULL, msg_iov(1)=[{"\0", 1}], msg_controllen=16, {cmsg_len=16, cmsg_level=SOL_SOCKET, cmsg_type=SCM_RIGHTS, {6}}, msg_flags=0}, 0) = 1
19743 16:44:18.625346 <... recvmsg resumed> {msg_name(0)=NULL, msg_iov(1)=[{"\0", 1}], msg_controllen=16, {cmsg_len=16, cmsg_level=SOL_SOCKET, cmsg_type=SCM_RIGHTS, {6}}, msg_flags=0}, 0) = 1
19743 16:44:18.625346 setsockopt(6, SOL_SOCKET, SO_KEEPALIVE, [1], 4) = 0
19743 16:44:18.625346 setsockopt(6, SOL_IP, IP_TOS, [8], 4) = 0
19741 16:44:18.625346 close(6 <unfinished ...>
19743 16:44:18.625346 setsockopt(6, SOL_SOCKET, SO_LINGER, {onoff=1, linger=32767}, 8 <unfinished ...>
19741 16:44:18.625346 <... close resumed> ) = 0
19743 16:44:18.625346 <... setsockopt resumed> ) = 0
19741 16:44:18.625346 read(4,  <unfinished ...>
19743 16:44:18.625346 rt_sigaction(SIGALRM, {0x805cad0, ~[RTMIN RT_1], 0}, NULL, 8) = 0
19743 16:44:18.625346 alarm(300)        = 300
19743 16:44:18.625346 write(0, "150 Ok to send data.\r\n", 22) = 22
19743 16:44:18.625346 read(6, "assasaaa\na\na\na\na\n", 65536) = 17
19743 16:44:18.625346 write(4, "assasaaa\na\na\na\na\n", 17) = 17
19743 16:44:18.625346 read(6, "", 65536) = 0
19743 16:44:18.628730 rt_sigaction(SIGALRM, {0x805cad0, ~[RTMIN RT_1], 0}, NULL, 8) = 0
19743 16:44:18.628915 alarm(300)        = 300
19743 16:44:18.629064 close(6)          = 0
19743 16:44:18.629239 alarm(0)          = 300
19743 16:44:18.629359 gettimeofday({1495658658, 629405}, NULL) = 0
19743 16:44:18.629486 gettimeofday({1495658658, 629534}, NULL) = 0
19743 16:44:18.629605 fcntl64(3, F_SETLKW64, {type=F_WRLCK, whence=SEEK_SET, start=0, len=0}, 0xbfaedc84) = 0
19743 16:44:18.629702 write(3, "Wed May 24 16:44:18 2017 [pid 19743] [msfadmin] OK UPLOAD: Client \"127.0.0.1\", \"/home/msfadmin/myfile37\", 17 bytes, 3.36Kbyte/sec\n", 130) = 130
19743 16:44:18.631696 fcntl64(3, F_SETLK64, {type=F_UNLCK, whence=SEEK_SET, start=0, len=0}, 0xbfaedc8c) = 0
19743 16:44:18.631820 write(0, "226 Transfer complete.\r\n", 24) = 24
19743 16:44:18.632140 write(5, "\n", 1) = 1
19741 16:44:18.632235 <... read resumed> "\n", 1) = 1
19741 16:44:18.632343 close(5)          = 0
19741 16:44:18.632442 write(4, "\1", 1) = 1
19741 16:44:18.632525 read(4,  <unfinished ...>
19743 16:44:18.632587 read(5, "\1", 1)  = 1
19743 16:44:18.632668 close(4)          = 0
19743 16:44:18.632747 rt_sigaction(SIGALRM, {0x805cad0, ~[RTMIN RT_1], 0}, NULL, 8) = 0
19743 16:44:18.632882 alarm(300)        = 0
19743 16:44:18.633028 recv(0, "TYPE I\r\n", 4096, MSG_PEEK) = 8
19743 16:44:19.150254 read(0, "TYPE I\r\n", 8) = 8
19743 16:44:19.150399 write(0, "200 Switching to Binary mode.\r\n", 31) = 31
19743 16:44:19.150597 rt_sigaction(SIGALRM, {0x805cad0, ~[RTMIN RT_1], 0}, NULL, 8) = 0
19743 16:44:19.150675 alarm(300)        = 299
19743 16:44:19.150753 recv(0, "PASV\r\n", 4096, MSG_PEEK) = 6
19743 16:44:19.150802 read(0, "PASV\r\n", 6) = 6
19743 16:44:19.150848 write(5, "\n", 1) = 1
19741 16:44:19.150894 <... read resumed> "\n", 1) = 1
19741 16:44:19.150929 write(4, "\1", 1) = 1
19741 16:44:19.150970 read(4,  <unfinished ...>
19743 16:44:19.151003 read(5, "\1", 1)  = 1
19743 16:44:19.151046 write(5, "\f", 1) = 1
19741 16:44:19.151085 <... read resumed> "\f", 1) = 1
19741 16:44:19.151120 socket(PF_INET, SOCK_STREAM, IPPROTO_TCP) = 5
19741 16:44:19.151168 setsockopt(5, SOL_SOCKET, SO_REUSEADDR, [1], 4) = 0
19741 16:44:19.151217 bind(5, {sa_family=AF_INET, sin_port=htons(23009), sin_addr=inet_addr("127.0.0.1")}, 16) = 0
19741 16:44:19.151269 listen(5, 1)      = 0
19741 16:44:19.151316 write(4, "\341Y\0\0", 4) = 4
19741 16:44:19.151358 read(4,  <unfinished ...>
19743 16:44:19.151390 read(5, "\341Y\0\0", 4) = 4
19743 16:44:19.151444 write(0, "227 Entering Passive Mode (127,0,0,1,89,225).\r\n", 47) = 47
19743 16:44:19.151850 rt_sigaction(SIGALRM, {0x805cad0, ~[RTMIN RT_1], 0}, NULL, 8) = 0
19743 16:44:19.151909 alarm(300)        = 300
19743 16:44:19.151985 recv(0, "STOR myfile38\r\n", 4096, MSG_PEEK) = 15
19743 16:44:19.152030 read(0, "STOR myfile38\r\n", 15) = 15
19743 16:44:19.152078 write(5, "\v", 1) = 1
19741 16:44:19.152121 <... read resumed> "\v", 1) = 1
19741 16:44:19.152154 write(4, "\1\0\0\0", 4) = 4
19741 16:44:19.152196 read(4,  <unfinished ...>
19743 16:44:19.152228 read(5, "\1\0\0\0", 4) = 4
19743 16:44:19.152271 gettimeofday({1495658659, 152296}, NULL) = 0
19743 16:44:19.152330 getcwd("/home/msfadmin", 4096) = 15
19743 16:44:19.152375 open("myfile38", O_WRONLY|O_CREAT|O_NONBLOCK|O_LARGEFILE, 0666) = 4
19743 16:44:19.152424 fstat64(4, {st_mode=S_IFREG|0644, st_size=17, ...}) = 0
19743 16:44:19.152481 fcntl64(4, F_GETFL) = 0x8801 (flags O_WRONLY|O_NONBLOCK|O_LARGEFILE)
19743 16:44:19.152537 fcntl64(4, F_SETFL, O_WRONLY|O_LARGEFILE) = 0
19743 16:44:19.152577 fcntl64(4, F_SETLKW64, {type=F_WRLCK, whence=SEEK_SET, start=0, len=0}, 0xbfaedce4) = 0
19743 16:44:19.152626 ftruncate64(4, 0) = 0
19743 16:44:19.152680 _llseek(4, 0, [0], SEEK_SET) = 0
19743 16:44:19.152763 write(5, "\v", 1) = 1
19741 16:44:19.152805 <... read resumed> "\v", 1) = 1
19741 16:44:19.152839 write(4, "\1\0\0\0", 4) = 4
19741 16:44:19.152880 read(4,  <unfinished ...>
19743 16:44:19.152913 read(5, "\1\0\0\0", 4) = 4
19743 16:44:19.152956 write(5, "\v", 1) = 1
19741 16:44:19.152994 <... read resumed> "\v", 1) = 1
19741 16:44:19.153026 write(4, "\1\0\0\0", 4) = 4
19741 16:44:19.153067 read(4,  <unfinished ...>
19743 16:44:19.153099 read(5, "\1\0\0\0", 4) = 4
19743 16:44:19.153142 write(5, "\r", 1) = 1
19741 16:44:19.153181 <... read resumed> "\r", 1) = 1
19741 16:44:19.153215 select(6, [5], NULL, NULL, {60, 0}) = 1 (in [5], left {60, 0})
19741 16:44:19.153269 accept(5, {sa_family=AF_INET, sin_port=htons(56363), sin_addr=inet_addr("127.0.0.1")}, [16]) = 6
19741 16:44:19.153336 write(4, "\1", 1) = 1
19741 16:44:19.153380 sendmsg(4, {msg_name(0)=NULL, msg_iov(1)=[{"\0", 1}], msg_controllen=16, {cmsg_len=16, cmsg_level=SOL_SOCKET, cmsg_type=SCM_RIGHTS, {6}}, msg_flags=0}, 0) = 1
19741 16:44:19.153434 close(6)          = 0
19741 16:44:19.153474 read(4,  <unfinished ...>
19743 16:44:19.153506 read(5, "\1", 1)  = 1
19743 16:44:19.153552 recvmsg(5, {msg_name(0)=NULL, msg_iov(1)=[{"\0", 1}], msg_controllen=16, {cmsg_len=16, cmsg_level=SOL_SOCKET, cmsg_type=SCM_RIGHTS, {6}}, msg_flags=0}, 0) = 1
19743 16:44:19.153610 setsockopt(6, SOL_SOCKET, SO_KEEPALIVE, [1], 4) = 0
19743 16:44:19.153655 setsockopt(6, SOL_IP, IP_TOS, [8], 4) = 0
19743 16:44:19.153726 setsockopt(6, SOL_SOCKET, SO_LINGER, {onoff=1, linger=32767}, 8) = 0
19743 16:44:19.153769 rt_sigaction(SIGALRM, {0x805cad0, ~[RTMIN RT_1], 0}, NULL, 8) = 0
19743 16:44:19.153817 alarm(300)        = 300
19743 16:44:19.153894 write(0, "150 Ok to send data.\r\n", 22) = 22
19743 16:44:19.154124 read(6, "assasaaa\na\na\na\na\n", 65536) = 17
19743 16:44:19.154175 write(4, "assasaaa\na\na\na\na\n", 17) = 17
19743 16:44:19.154230 read(6, "", 65536) = 0
19743 16:44:19.154271 rt_sigaction(SIGALRM, {0x805cad0, ~[RTMIN RT_1], 0}, NULL, 8) = 0
19743 16:44:19.154319 alarm(300)        = 300
19743 16:44:19.154389 close(6)          = 0
19743 16:44:19.154476 alarm(0)          = 300
19743 16:44:19.154532 gettimeofday({1495658659, 154557}, NULL) = 0
19743 16:44:19.154599 gettimeofday({1495658659, 154625}, NULL) = 0
19743 16:44:19.154666 fcntl64(3, F_SETLKW64, {type=F_WRLCK, whence=SEEK_SET, start=0, len=0}, 0xbfaedc84) = 0
19743 16:44:19.154717 write(3, "Wed May 24 16:44:19 2017 [pid 19743] [msfadmin] OK UPLOAD: Client \"127.0.0.1\", \"/home/msfadmin/myfile38\", 17 bytes, 7.13Kbyte/sec\n", 130) = 130
19743 16:44:19.154781 fcntl64(3, F_SETLK64, {type=F_UNLCK, whence=SEEK_SET, start=0, len=0}, 0xbfaedc8c) = 0
19743 16:44:19.154832 write(0, "226 Transfer complete.\r\n", 24) = 24
19743 16:44:19.154975 write(5, "\n", 1) = 1
19741 16:44:19.155023 <... read resumed> "\n", 1) = 1
19741 16:44:19.155055 close(5)          = 0
19741 16:44:19.155099 write(4, "\1", 1) = 1
19741 16:44:19.155141 read(4,  <unfinished ...>
19743 16:44:19.155174 read(5, "\1", 1)  = 1
19743 16:44:19.155215 close(4)          = 0
19743 16:44:19.155257 rt_sigaction(SIGALRM, {0x805cad0, ~[RTMIN RT_1], 0}, NULL, 8) = 0
19743 16:44:19.155304 alarm(300)        = 0
19743 16:44:19.155362 recv(0, "TYPE I\r\n", 4096, MSG_PEEK) = 8
19743 16:44:19.660078 read(0, "TYPE I\r\n", 8) = 8
19743 16:44:19.660301 write(0, "200 Switching to Binary mode.\r\n", 31) = 31
19743 16:44:19.660785 rt_sigaction(SIGALRM, {0x805cad0, ~[RTMIN RT_1], 0}, NULL, 8) = 0
19743 16:44:19.660895 alarm(300)        = 299
19743 16:44:19.661037 recv(0, "PASV\r\n", 4096, MSG_PEEK) = 6
19743 16:44:19.661120 read(0, "PASV\r\n", 6) = 6
19743 16:44:19.661205 write(5, "\n", 1 <unfinished ...>
19741 16:44:19.661277 <... read resumed> "\n", 1) = 1
19743 16:44:19.661415 <... write resumed> ) = 1
19741 16:44:19.661485 write(4, "\1", 1) = 1
19741 16:44:19.661566 read(4,  <unfinished ...>
19743 16:44:19.661627 read(5, "\1", 1)  = 1
19743 16:44:19.661708 write(5, "\f", 1 <unfinished ...>
19741 16:44:19.661769 <... read resumed> "\f", 1) = 1
19743 16:44:19.661819 <... write resumed> ) = 1
19741 16:44:19.661878 socket(PF_INET, SOCK_STREAM, IPPROTO_TCP) = 5
19741 16:44:19.661969 setsockopt(5, SOL_SOCKET, SO_REUSEADDR, [1], 4) = 0
19741 16:44:19.662059 bind(5, {sa_family=AF_INET, sin_port=htons(57446), sin_addr=inet_addr("127.0.0.1")}, 16) = 0
19741 16:44:19.662155 listen(5, 1)      = 0
19741 16:44:19.662241 write(4, "f\340\0\0", 4) = 4
19741 16:44:19.662365 read(4,  <unfinished ...>
19743 16:44:19.662545 read(5, "f\340\0\0", 4) = 4
19743 16:44:19.662648 write(0, "227 Entering Passive Mode (127,0,0,1,224,102).\r\n", 48) = 48
19743 16:44:19.663302 rt_sigaction(SIGALRM, {0x805cad0, ~[RTMIN RT_1], 0}, NULL, 8) = 0
19743 16:44:19.663460 alarm(300)        = 300
19743 16:44:19.663606 recv(0, "STOR myfile39\r\n", 4096, MSG_PEEK) = 15
19743 16:44:19.663692 read(0, "STOR myfile39\r\n", 15) = 15
19743 16:44:19.663782 write(5, "\v", 1 <unfinished ...>
19741 16:44:19.663849 <... read resumed> "\v", 1) = 1
19743 16:44:19.663899 <... write resumed> ) = 1
19741 16:44:19.663954 write(4, "\1\0\0\0", 4) = 4
19741 16:44:19.664033 read(4,  <unfinished ...>
19743 16:44:19.664092 read(5, "\1\0\0\0", 4) = 4
19743 16:44:19.664171 gettimeofday({1495658659, 664218}, NULL) = 0
19743 16:44:19.664280 getcwd("/home/msfadmin", 4096) = 15
19743 16:44:19.664427 open("myfile39", O_WRONLY|O_CREAT|O_NONBLOCK|O_LARGEFILE, 0666) = 4
19743 16:44:19.664535 fstat64(4, {st_mode=S_IFREG|0644, st_size=17, ...}) = 0
19743 16:44:19.664641 fcntl64(4, F_GETFL) = 0x8801 (flags O_WRONLY|O_NONBLOCK|O_LARGEFILE)
19743 16:44:19.664720 fcntl64(4, F_SETFL, O_WRONLY|O_LARGEFILE) = 0
19743 16:44:19.664793 fcntl64(4, F_SETLKW64, {type=F_WRLCK, whence=SEEK_SET, start=0, len=0}, 0xbfaedce4) = 0
19743 16:44:19.664882 ftruncate64(4, 0) = 0
19743 16:44:19.664985 _llseek(4, 0, [0], SEEK_SET) = 0
19743 16:44:19.665064 write(5, "\v", 1 <unfinished ...>
19741 16:44:19.665130 <... read resumed> "\v", 1) = 1
19743 16:44:19.665181 <... write resumed> ) = 1
19741 16:44:19.665237 write(4, "\1\0\0\0", 4) = 4
19741 16:44:19.665315 read(4,  <unfinished ...>
19743 16:44:19.665377 read(5, "\1\0\0\0", 4) = 4
19743 16:44:19.665377 write(5, "\v", 1 <unfinished ...>
19741 16:44:19.665377 <... read resumed> "\v", 1) = 1
19743 16:44:19.665377 <... write resumed> ) = 1
19741 16:44:19.665377 write(4, "\1\0\0\0", 4) = 4
19741 16:44:19.665377 read(4,  <unfinished ...>
19743 16:44:19.665377 read(5, "\1\0\0\0", 4) = 4
19743 16:44:19.665377 write(5, "\r", 1 <unfinished ...>
19741 16:44:19.665377 <... read resumed> "\r", 1) = 1
19743 16:44:19.665377 <... write resumed> ) = 1
19741 16:44:19.665377 select(6, [5], NULL, NULL, {60, 0}) = 1 (in [5], left {60, 0})
19741 16:44:19.665377 accept(5, {sa_family=AF_INET, sin_port=htons(34673), sin_addr=inet_addr("127.0.0.1")}, [16]) = 6
19741 16:44:19.665377 write(4, "\1", 1) = 1
19741 16:44:19.665377 sendmsg(4, {msg_name(0)=NULL, msg_iov(1)=[{"\0", 1}], msg_controllen=16, {cmsg_len=16, cmsg_level=SOL_SOCKET, cmsg_type=SCM_RIGHTS, {6}}, msg_flags=0}, 0) = 1
19741 16:44:19.665377 close(6)          = 0
19741 16:44:19.665377 read(4,  <unfinished ...>
19743 16:44:19.665377 read(5, "\1", 1)  = 1
19743 16:44:19.665377 recvmsg(5, {msg_name(0)=NULL, msg_iov(1)=[{"\0", 1}], msg_controllen=16, {cmsg_len=16, cmsg_level=SOL_SOCKET, cmsg_type=SCM_RIGHTS, {6}}, msg_flags=0}, 0) = 1
19743 16:44:19.665377 setsockopt(6, SOL_SOCKET, SO_KEEPALIVE, [1], 4) = 0
19743 16:44:19.665377 setsockopt(6, SOL_IP, IP_TOS, [8], 4) = 0
19743 16:44:19.665377 setsockopt(6, SOL_SOCKET, SO_LINGER, {onoff=1, linger=32767}, 8) = 0
19743 16:44:19.665377 rt_sigaction(SIGALRM, {0x805cad0, ~[RTMIN RT_1], 0}, NULL, 8) = 0
19743 16:44:19.665377 alarm(300)        = 300
19743 16:44:19.665377 write(0, "150 Ok to send data.\r\n", 22) = 22
19743 16:44:19.665377 read(6, "assasaaa\na\na\na\na\n", 65536) = 17
19743 16:44:19.665377 write(4, "assasaaa\na\na\na\na\n", 17) = 17
19743 16:44:19.665377 read(6, "", 65536) = 0
19743 16:44:19.665377 rt_sigaction(SIGALRM, {0x805cad0, ~[RTMIN RT_1], 0}, NULL, 8) = 0
19743 16:44:19.665377 alarm(300)        = 300
19743 16:44:19.665377 close(6)          = 0
19743 16:44:19.665377 alarm(0)          = 300
19743 16:44:19.668825 gettimeofday({1495658659, 668882}, NULL) = 0
19743 16:44:19.668969 gettimeofday({1495658659, 669018}, NULL) = 0
19743 16:44:19.669089 fcntl64(3, F_SETLKW64, {type=F_WRLCK, whence=SEEK_SET, start=0, len=0}, 0xbfaedc84) = 0
19743 16:44:19.669233 write(3, "Wed May 24 16:44:19 2017 [pid 19743] [msfadmin] OK UPLOAD: Client \"127.0.0.1\", \"/home/msfadmin/myfile39\", 17 bytes, 3.46Kbyte/sec\n", 130) = 130
19743 16:44:19.669357 fcntl64(3, F_SETLK64, {type=F_UNLCK, whence=SEEK_SET, start=0, len=0}, 0xbfaedc8c) = 0
19743 16:44:19.669453 write(0, "226 Transfer complete.\r\n", 24) = 24
19743 16:44:19.669736 write(5, "\n", 1 <unfinished ...>
19741 16:44:19.669814 <... read resumed> "\n", 1) = 1
19743 16:44:19.669866 <... write resumed> ) = 1
19741 16:44:19.669920 close(5)          = 0
19741 16:44:19.670004 write(4, "\1", 1) = 1
19741 16:44:19.670083 read(4,  <unfinished ...>
19743 16:44:19.670178 read(5, "\1", 1)  = 1
19743 16:44:19.670301 close(4)          = 0
19743 16:44:19.670400 rt_sigaction(SIGALRM, {0x805cad0, ~[RTMIN RT_1], 0}, NULL, 8) = 0
19743 16:44:19.670492 alarm(300)        = 0
19743 16:44:19.670631 recv(0, "TYPE I\r\n", 4096, MSG_PEEK) = 8
19743 16:44:20.200576 read(0, "TYPE I\r\n", 8) = 8
19743 16:44:20.200993 write(0, "200 Switching to Binary mode.\r\n", 31) = 31
19743 16:44:20.201409 rt_sigaction(SIGALRM, {0x805cad0, ~[RTMIN RT_1], 0}, NULL, 8) = 0
19743 16:44:20.201558 alarm(300)        = 299
19743 16:44:20.201706 recv(0, "PASV\r\n", 4096, MSG_PEEK) = 6
19743 16:44:20.201791 read(0, "PASV\r\n", 6) = 6
19743 16:44:20.201876 write(5, "\n", 1 <unfinished ...>
19741 16:44:20.201949 <... read resumed> "\n", 1) = 1
19743 16:44:20.202015 <... write resumed> ) = 1
19741 16:44:20.202075 write(4, "\1", 1) = 1
19741 16:44:20.202154 read(4,  <unfinished ...>
19743 16:44:20.202214 read(5, "\1", 1)  = 1
19743 16:44:20.202295 write(5, "\f", 1 <unfinished ...>
19741 16:44:20.202356 <... read resumed> "\f", 1) = 1
19743 16:44:20.202406 <... write resumed> ) = 1
19741 16:44:20.202465 socket(PF_INET, SOCK_STREAM, IPPROTO_TCP) = 5
19741 16:44:20.202555 setsockopt(5, SOL_SOCKET, SO_REUSEADDR, [1], 4) = 0
19741 16:44:20.202644 bind(5, {sa_family=AF_INET, sin_port=htons(28459), sin_addr=inet_addr("127.0.0.1")}, 16) = 0
19741 16:44:20.202740 listen(5, 1)      = 0
19741 16:44:20.202839 write(4, "+o\0\0", 4) = 4
19741 16:44:20.202918 read(4,  <unfinished ...>
19743 16:44:20.203038 read(5, "+o\0\0", 4) = 4
19743 16:44:20.203141 write(0, "227 Entering Passive Mode (127,0,0,1,111,43).\r\n", 47) = 47
19743 16:44:20.203790 rt_sigaction(SIGALRM, {0x805cad0, ~[RTMIN RT_1], 0}, NULL, 8) = 0
19743 16:44:20.203945 alarm(300)        = 300
19743 16:44:20.204101 recv(0, "STOR myfile40\r\n", 4096, MSG_PEEK) = 15
19743 16:44:20.204189 read(0, "STOR myfile40\r\n", 15) = 15
19743 16:44:20.204280 write(5, "\v", 1 <unfinished ...>
19741 16:44:20.204347 <... read resumed> "\v", 1) = 1
19743 16:44:20.204397 <... write resumed> ) = 1
19741 16:44:20.204453 write(4, "\1\0\0\0", 4) = 4
19741 16:44:20.204531 read(4,  <unfinished ...>
19743 16:44:20.204591 read(5, "\1\0\0\0", 4) = 4
19743 16:44:20.204671 gettimeofday({1495658660, 204718}, NULL) = 0
19743 16:44:20.204780 getcwd("/home/msfadmin", 4096) = 15
19743 16:44:20.204909 open("myfile40", O_WRONLY|O_CREAT|O_NONBLOCK|O_LARGEFILE, 0666) = 4
19743 16:44:20.205013 fstat64(4, {st_mode=S_IFREG|0644, st_size=17, ...}) = 0
19743 16:44:20.205119 fcntl64(4, F_GETFL) = 0x8801 (flags O_WRONLY|O_NONBLOCK|O_LARGEFILE)
19743 16:44:20.205198 fcntl64(4, F_SETFL, O_WRONLY|O_LARGEFILE) = 0
19743 16:44:20.205354 fcntl64(4, F_SETLKW64, {type=F_WRLCK, whence=SEEK_SET, start=0, len=0}, 0xbfaedce4) = 0
19743 16:44:20.205394 ftruncate64(4, 0) = 0
19743 16:44:20.205394 _llseek(4, 0, [0], SEEK_SET) = 0
19743 16:44:20.205394 write(5, "\v", 1 <unfinished ...>
19741 16:44:20.205394 <... read resumed> "\v", 1) = 1
19743 16:44:20.205394 <... write resumed> ) = 1
19741 16:44:20.205394 write(4, "\1\0\0\0", 4) = 4
19741 16:44:20.205394 read(4,  <unfinished ...>
19743 16:44:20.205394 read(5, "\1\0\0\0", 4) = 4
19743 16:44:20.205394 write(5, "\v", 1 <unfinished ...>
19741 16:44:20.205394 <... read resumed> "\v", 1) = 1
19743 16:44:20.205394 <... write resumed> ) = 1
19741 16:44:20.205394 write(4, "\1\0\0\0", 4) = 4
19741 16:44:20.205394 read(4,  <unfinished ...>
19743 16:44:20.205394 read(5, "\1\0\0\0", 4) = 4
19743 16:44:20.205394 write(5, "\r", 1 <unfinished ...>
19741 16:44:20.205394 <... read resumed> "\r", 1) = 1
19743 16:44:20.205394 <... write resumed> ) = 1
19741 16:44:20.205394 select(6, [5], NULL, NULL, {60, 0}) = 1 (in [5], left {60, 0})
19741 16:44:20.205394 accept(5, {sa_family=AF_INET, sin_port=htons(38226), sin_addr=inet_addr("127.0.0.1")}, [16]) = 6
19741 16:44:20.205394 write(4, "\1", 1) = 1
19741 16:44:20.205394 sendmsg(4, {msg_name(0)=NULL, msg_iov(1)=[{"\0", 1}], msg_controllen=16, {cmsg_len=16, cmsg_level=SOL_SOCKET, cmsg_type=SCM_RIGHTS, {6}}, msg_flags=0}, 0) = 1
19741 16:44:20.205394 close(6)          = 0
19741 16:44:20.205394 read(4,  <unfinished ...>
19743 16:44:20.205394 read(5, "\1", 1)  = 1
19743 16:44:20.205394 recvmsg(5, {msg_name(0)=NULL, msg_iov(1)=[{"\0", 1}], msg_controllen=16, {cmsg_len=16, cmsg_level=SOL_SOCKET, cmsg_type=SCM_RIGHTS, {6}}, msg_flags=0}, 0) = 1
19743 16:44:20.205394 setsockopt(6, SOL_SOCKET, SO_KEEPALIVE, [1], 4) = 0
19743 16:44:20.205394 setsockopt(6, SOL_IP, IP_TOS, [8], 4) = 0
19743 16:44:20.205394 setsockopt(6, SOL_SOCKET, SO_LINGER, {onoff=1, linger=32767}, 8) = 0
19743 16:44:20.205394 rt_sigaction(SIGALRM, {0x805cad0, ~[RTMIN RT_1], 0}, NULL, 8) = 0
19743 16:44:20.205394 alarm(300)        = 300
19743 16:44:20.205394 write(0, "150 Ok to send data.\r\n", 22) = 22
19743 16:44:20.205394 read(6, "assasaaa\na\na\na\na\n", 65536) = 17
19743 16:44:20.205394 write(4, "assasaaa\na\na\na\na\n", 17) = 17
19743 16:44:20.205394 read(6, "", 65536) = 0
19743 16:44:20.208831 rt_sigaction(SIGALRM, {0x805cad0, ~[RTMIN RT_1], 0}, NULL, 8) = 0
19743 16:44:20.208929 alarm(300)        = 300
19743 16:44:20.209060 close(6)          = 0
19743 16:44:20.209229 alarm(0)          = 300
19743 16:44:20.209335 gettimeofday({1495658660, 209381}, NULL) = 0
19743 16:44:20.209459 gettimeofday({1495658660, 209508}, NULL) = 0
19743 16:44:20.209578 fcntl64(3, F_SETLKW64, {type=F_WRLCK, whence=SEEK_SET, start=0, len=0}, 0xbfaedc84) = 0
19743 16:44:20.209685 write(3, "Wed May 24 16:44:20 2017 [pid 19743] [msfadmin] OK UPLOAD: Client \"127.0.0.1\", \"/home/msfadmin/myfile40\", 17 bytes, 3.47Kbyte/sec\n", 130) = 130
19743 16:44:20.209805 fcntl64(3, F_SETLK64, {type=F_UNLCK, whence=SEEK_SET, start=0, len=0}, 0xbfaedc8c) = 0
19743 16:44:20.209899 write(0, "226 Transfer complete.\r\n", 24) = 24
19743 16:44:20.210196 write(5, "\n", 1 <unfinished ...>
19741 16:44:20.210334 <... read resumed> "\n", 1) = 1
19743 16:44:20.210386 <... write resumed> ) = 1
19741 16:44:20.210442 close(5)          = 0
19741 16:44:20.210526 write(4, "\1", 1) = 1
19741 16:44:20.210736 read(4,  <unfinished ...>
19743 16:44:20.210798 read(5, "\1", 1)  = 1
19743 16:44:20.210878 close(4)          = 0
19743 16:44:20.210955 rt_sigaction(SIGALRM, {0x805cad0, ~[RTMIN RT_1], 0}, NULL, 8) = 0
19743 16:44:20.211044 alarm(300)        = 0
19743 16:44:20.211183 recv(0, "TYPE I\r\n", 4096, MSG_PEEK) = 8
19743 16:44:20.749332 read(0, "TYPE I\r\n", 8) = 8
19743 16:44:20.749549 write(0, "200 Switching to Binary mode.\r\n", 31) = 31
19743 16:44:20.750087 rt_sigaction(SIGALRM, {0x805cad0, ~[RTMIN RT_1], 0}, NULL, 8) = 0
19743 16:44:20.750267 alarm(300)        = 299
19743 16:44:20.750411 recv(0, "PASV\r\n", 4096, MSG_PEEK) = 6
19743 16:44:20.750497 read(0, "PASV\r\n", 6) = 6
19743 16:44:20.750585 write(5, "\n", 1 <unfinished ...>
19741 16:44:20.750669 <... read resumed> "\n", 1) = 1
19743 16:44:20.750747 <... write resumed> ) = 1
19741 16:44:20.750808 write(4, "\1", 1) = 1
19741 16:44:20.750887 read(4,  <unfinished ...>
19743 16:44:20.750948 read(5, "\1", 1)  = 1
19743 16:44:20.751030 write(5, "\f", 1 <unfinished ...>
19741 16:44:20.751092 <... read resumed> "\f", 1) = 1
19743 16:44:20.751141 <... write resumed> ) = 1
19741 16:44:20.751201 socket(PF_INET, SOCK_STREAM, IPPROTO_TCP) = 5
19741 16:44:20.751293 setsockopt(5, SOL_SOCKET, SO_REUSEADDR, [1], 4) = 0
19741 16:44:20.751382 bind(5, {sa_family=AF_INET, sin_port=htons(11400), sin_addr=inet_addr("127.0.0.1")}, 16) = 0
19741 16:44:20.751480 listen(5, 1)      = 0
19741 16:44:20.751566 write(4, "\210,\0\0", 4) = 4
19741 16:44:20.751748 read(4,  <unfinished ...>
19743 16:44:20.751810 read(5, "\210,\0\0", 4) = 4
19743 16:44:20.751912 write(0, "227 Entering Passive Mode (127,0,0,1,44,136).\r\n", 47) = 47
19743 16:44:20.752631 rt_sigaction(SIGALRM, {0x805cad0, ~[RTMIN RT_1], 0}, NULL, 8) = 0
19743 16:44:20.752740 alarm(300)        = 300
19743 16:44:20.752880 recv(0, "STOR myfile0\r\n", 4096, MSG_PEEK) = 14
19743 16:44:20.752967 read(0, "STOR myfile0\r\n", 14) = 14
19743 16:44:20.753058 write(5, "\v", 1 <unfinished ...>
19741 16:44:20.753127 <... read resumed> "\v", 1) = 1
19743 16:44:20.753178 <... write resumed> ) = 1
19741 16:44:20.753234 write(4, "\1\0\0\0", 4) = 4
19741 16:44:20.753313 read(4,  <unfinished ...>
19743 16:44:20.753373 read(5, "\1\0\0\0", 4) = 4
19743 16:44:20.753453 gettimeofday({1495658660, 753500}, NULL) = 0
19743 16:44:20.753572 getcwd("/home/msfadmin", 4096) = 15
19743 16:44:20.753657 open("myfile0", O_WRONLY|O_CREAT|O_NONBLOCK|O_LARGEFILE, 0666) = 4
19743 16:44:20.753746 fstat64(4, {st_mode=S_IFREG|0644, st_size=17, ...}) = 0
19743 16:44:20.753851 fcntl64(4, F_GETFL) = 0x8801 (flags O_WRONLY|O_NONBLOCK|O_LARGEFILE)
19743 16:44:20.753929 fcntl64(4, F_SETFL, O_WRONLY|O_LARGEFILE) = 0
19743 16:44:20.754002 fcntl64(4, F_SETLKW64, {type=F_WRLCK, whence=SEEK_SET, start=0, len=0}, 0xbfaedce4) = 0
19743 16:44:20.754092 ftruncate64(4, 0) = 0
19743 16:44:20.754199 _llseek(4, 0, [0], SEEK_SET) = 0
19743 16:44:20.754278 write(5, "\v", 1 <unfinished ...>
