8463  14:37:54.395147 alarm(300)        = 300
8463  14:37:54.395201 recv(0, "STOR myfile37\r\n", 4096, MSG_PEEK) = 15
8463  14:37:54.395258 read(0, "STOR myfile37\r\n", 15) = 15
8463  14:37:54.395320 write(5, "\v", 1 <unfinished ...>
8461  14:37:54.395411 <... read resumed> "\v", 1) = 1
8463  14:37:54.395447 <... write resumed> ) = 1
8461  14:37:54.395476 write(4, "\1\0\0\0", 4) = 4
8461  14:37:54.395529 read(4,  <unfinished ...>
8463  14:37:54.395562 read(5, "\1\0\0\0", 4) = 4
8463  14:37:54.395616 gettimeofday({1495651074, 395634}, NULL) = 0
8463  14:37:54.395667 getcwd("/home/msfadmin", 4096) = 15
8463  14:37:54.395725 open("myfile37", O_WRONLY|O_CREAT|O_NONBLOCK|O_LARGEFILE, 0666) = 4
8463  14:37:54.395787 fstat64(4, {st_mode=S_IFREG|0644, st_size=17, ...}) = 0
8463  14:37:54.395866 fcntl64(4, F_GETFL) = 0x8801 (flags O_WRONLY|O_NONBLOCK|O_LARGEFILE)
8463  14:37:54.395917 fcntl64(4, F_SETFL, O_WRONLY|O_LARGEFILE) = 0
8463  14:37:54.395963 fcntl64(4, F_SETLKW64, {type=F_WRLCK, whence=SEEK_SET, start=0, len=0}, 0xbff81974) = 0
8463  14:37:54.396025 ftruncate64(4, 0) = 0
8463  14:37:54.396099 _llseek(4, 0, [0], SEEK_SET) = 0
8463  14:37:54.396150 write(5, "\v", 1 <unfinished ...>
8461  14:37:54.396187 <... read resumed> "\v", 1) = 1
8463  14:37:54.396211 <... write resumed> ) = 1
8461  14:37:54.396239 write(4, "\1\0\0\0", 4) = 4
8461  14:37:54.396289 read(4,  <unfinished ...>
8463  14:37:54.396362 read(5, "\1\0\0\0", 4) = 4
8463  14:37:54.396431 write(5, "\v", 1 <unfinished ...>
8461  14:37:54.396466 <... read resumed> "\v", 1) = 1
8463  14:37:54.396489 <... write resumed> ) = 1
8461  14:37:54.396517 write(4, "\1\0\0\0", 4) = 4
8461  14:37:54.396566 read(4,  <unfinished ...>
8463  14:37:54.396597 read(5, "\1\0\0\0", 4) = 4
8463  14:37:54.396650 write(5, "\r", 1 <unfinished ...>
8461  14:37:54.396684 <... read resumed> "\r", 1) = 1
8463  14:37:54.396707 <... write resumed> ) = 1
8461  14:37:54.396738 select(6, [5], NULL, NULL, {60, 0}) = 1 (in [5], left {60, 0})
8461  14:37:54.396813 accept(5, {sa_family=AF_INET, sin_port=htons(47630), sin_addr=inet_addr("127.0.0.1")}, [16]) = 6
8461  14:37:54.396911 write(4, "\1", 1) = 1
8461  14:37:54.396989 sendmsg(4, {msg_name(0)=NULL, msg_iov(1)=[{"\0", 1}], msg_controllen=16, {cmsg_len=16, cmsg_level=SOL_SOCKET, cmsg_type=SCM_RIGHTS, {6}}, msg_flags=0}, 0) = 1
8461  14:37:54.397065 close(6)          = 0
8461  14:37:54.397110 read(4,  <unfinished ...>
8463  14:37:54.397142 read(5, "\1", 1)  = 1
8463  14:37:54.397201 recvmsg(5, {msg_name(0)=NULL, msg_iov(1)=[{"\0", 1}], msg_controllen=16, {cmsg_len=16, cmsg_level=SOL_SOCKET, cmsg_type=SCM_RIGHTS, {6}}, msg_flags=0}, 0) = 1
8463  14:37:54.397285 setsockopt(6, SOL_SOCKET, SO_KEEPALIVE, [1], 4) = 0
8463  14:37:54.397389 setsockopt(6, SOL_IP, IP_TOS, [8], 4) = 0
8463  14:37:54.397444 setsockopt(6, SOL_SOCKET, SO_LINGER, {onoff=1, linger=32767}, 8) = 0
8463  14:37:54.397496 rt_sigaction(SIGALRM, {0x805cad0, ~[RTMIN RT_1], 0}, NULL, 8) = 0
8463  14:37:54.397558 alarm(300)        = 300
8463  14:37:54.397616 write(0, "150 Ok to send data.\r\n", 22) = 22
8463  14:37:54.397886 read(6, "assasaaa\na\na\na\na\n", 65536) = 17
8463  14:37:54.397950 write(4, "assasaaa\na\na\na\na\n", 17) = 17
8463  14:37:54.398019 read(6, "", 65536) = 0
8463  14:37:54.398067 rt_sigaction(SIGALRM, {0x805cad0, ~[RTMIN RT_1], 0}, NULL, 8) = 0
8463  14:37:54.398129 alarm(300)        = 300
8463  14:37:54.398173 close(6)          = 0
8463  14:37:54.398248 alarm(0)          = 300
8463  14:37:54.398363 gettimeofday({1495651074, 398379}, NULL) = 0
8463  14:37:54.398431 gettimeofday({1495651074, 398449}, NULL) = 0
8463  14:37:54.398489 fcntl64(3, F_SETLKW64, {type=F_WRLCK, whence=SEEK_SET, start=0, len=0}, 0xbff81914) = 0
8463  14:37:54.398556 write(3, "Wed May 24 14:37:54 2017 [pid 8463] [msfadmin] OK UPLOAD: Client \"127.0.0.1\", \"/home/msfadmin/myfile37\", 17 bytes, 5.90Kbyte/sec\n", 129) = 129
8463  14:37:54.398648 fcntl64(3, F_SETLK64, {type=F_UNLCK, whence=SEEK_SET, start=0, len=0}, 0xbff8191c) = 0
8463  14:37:54.398714 write(0, "226 Transfer complete.\r\n", 24) = 24
8463  14:37:54.399016 write(5, "\n", 1 <unfinished ...>
8461  14:37:54.399069 <... read resumed> "\n", 1) = 1
8463  14:37:54.399094 <... write resumed> ) = 1
8461  14:37:54.399122 close(5)          = 0
8461  14:37:54.399179 write(4, "\1", 1) = 1
8461  14:37:54.399299 read(4,  <unfinished ...>
8463  14:37:54.399338 read(5, "\1", 1)  = 1
8463  14:37:54.399393 close(4)          = 0
8463  14:37:54.399444 rt_sigaction(SIGALRM, {0x805cad0, ~[RTMIN RT_1], 0}, NULL, 8) = 0
8463  14:37:54.399506 alarm(300)        = 0
8463  14:37:54.399557 recv(0, "TYPE I\r\n", 4096, MSG_PEEK) = 8
8463  14:37:54.904258 read(0, "TYPE I\r\n", 8) = 8
8463  14:37:54.904492 write(0, "200 Switching to Binary mode.\r\n", 31) = 31
8463  14:37:54.904797 rt_sigaction(SIGALRM, {0x805cad0, ~[RTMIN RT_1], 0}, NULL, 8) = 0
8463  14:37:54.904916 alarm(300)        = 299
8463  14:37:54.904978 recv(0, "PASV\r\n", 4096, MSG_PEEK) = 6
8463  14:37:54.905032 read(0, "PASV\r\n", 6) = 6
8463  14:37:54.905088 write(5, "\n", 1 <unfinished ...>
8461  14:37:54.905133 <... read resumed> "\n", 1) = 1
8463  14:37:54.905157 <... write resumed> ) = 1
8461  14:37:54.905188 write(4, "\1", 1) = 1
8461  14:37:54.905238 read(4,  <unfinished ...>
8463  14:37:54.905271 read(5, "\1", 1)  = 1
8463  14:37:54.905324 write(5, "\f", 1) = 1
8461  14:37:54.905370 <... read resumed> "\f", 1) = 1
8461  14:37:54.905408 socket(PF_INET, SOCK_STREAM, IPPROTO_TCP) = 5
8461  14:37:54.905470 setsockopt(5, SOL_SOCKET, SO_REUSEADDR, [1], 4) = 0
8461  14:37:54.905532 bind(5, {sa_family=AF_INET, sin_port=htons(62747), sin_addr=inet_addr("127.0.0.1")}, 16) = 0
8461  14:37:54.905663 listen(5, 1)      = 0
8461  14:37:54.905733 write(4, "\33\365\0\0", 4) = 4
8461  14:37:54.905786 read(4,  <unfinished ...>
8463  14:37:54.905819 read(5, "\33\365\0\0", 4) = 4
8463  14:37:54.905893 write(0, "227 Entering Passive Mode (127,0,0,1,245,27).\r\n", 47) = 47
8463  14:37:54.906320 rt_sigaction(SIGALRM, {0x805cad0, ~[RTMIN RT_1], 0}, NULL, 8) = 0
8463  14:37:54.906399 alarm(300)        = 300
8463  14:37:54.906453 recv(0, "STOR myfile38\r\n", 4096, MSG_PEEK) = 15
8463  14:37:54.906511 read(0, "STOR myfile38\r\n", 15) = 15
8463  14:37:54.906654 write(5, "\v", 1 <unfinished ...>
8461  14:37:54.906700 <... read resumed> "\v", 1) = 1
8463  14:37:54.906724 <... write resumed> ) = 1
8461  14:37:54.906753 write(4, "\1\0\0\0", 4) = 4
8461  14:37:54.906803 read(4,  <unfinished ...>
8463  14:37:54.906835 read(5, "\1\0\0\0", 4) = 4
8463  14:37:54.906889 gettimeofday({1495651074, 906907}, NULL) = 0
8463  14:37:54.906939 getcwd("/home/msfadmin", 4096) = 15
8463  14:37:54.906996 open("myfile38", O_WRONLY|O_CREAT|O_NONBLOCK|O_LARGEFILE, 0666) = 4
8463  14:37:54.907058 fstat64(4, {st_mode=S_IFREG|0644, st_size=17, ...}) = 0
8463  14:37:54.907136 fcntl64(4, F_GETFL) = 0x8801 (flags O_WRONLY|O_NONBLOCK|O_LARGEFILE)
8463  14:37:54.907186 fcntl64(4, F_SETFL, O_WRONLY|O_LARGEFILE) = 0
8463  14:37:54.907231 fcntl64(4, F_SETLKW64, {type=F_WRLCK, whence=SEEK_SET, start=0, len=0}, 0xbff81974) = 0
8463  14:37:54.907293 ftruncate64(4, 0) = 0
8463  14:37:54.907365 _llseek(4, 0, [0], SEEK_SET) = 0
8463  14:37:54.907417 write(5, "\v", 1 <unfinished ...>
8461  14:37:54.907454 <... read resumed> "\v", 1) = 1
8463  14:37:54.907478 <... write resumed> ) = 1
8461  14:37:54.907506 write(4, "\1\0\0\0", 4) = 4
8461  14:37:54.907607 read(4,  <unfinished ...>
8463  14:37:54.907644 read(5, "\1\0\0\0", 4) = 4
8463  14:37:54.907699 write(5, "\v", 1) = 1
8461  14:37:54.907744 <... read resumed> "\v", 1) = 1
8461  14:37:54.907776 write(4, "\1\0\0\0", 4) = 4
8461  14:37:54.907825 read(4,  <unfinished ...>
8463  14:37:54.907856 read(5, "\1\0\0\0", 4) = 4
8463  14:37:54.907908 write(5, "\r", 1) = 1
8461  14:37:54.907953 <... read resumed> "\r", 1) = 1
8461  14:37:54.907989 select(6, [5], NULL, NULL, {60, 0}) = 1 (in [5], left {60, 0})
8461  14:37:54.908064 accept(5, {sa_family=AF_INET, sin_port=htons(57785), sin_addr=inet_addr("127.0.0.1")}, [16]) = 6
8461  14:37:54.908163 write(4, "\1", 1) = 1
8461  14:37:54.908218 sendmsg(4, {msg_name(0)=NULL, msg_iov(1)=[{"\0", 1}], msg_controllen=16, {cmsg_len=16, cmsg_level=SOL_SOCKET, cmsg_type=SCM_RIGHTS, {6}}, msg_flags=0}, 0) = 1
8461  14:37:54.908293 close(6)          = 0
8461  14:37:54.908337 read(4,  <unfinished ...>
8463  14:37:54.908369 read(5, "\1", 1)  = 1
8463  14:37:54.908428 recvmsg(5, {msg_name(0)=NULL, msg_iov(1)=[{"\0", 1}], msg_controllen=16, {cmsg_len=16, cmsg_level=SOL_SOCKET, cmsg_type=SCM_RIGHTS, {6}}, msg_flags=0}, 0) = 1
8463  14:37:54.908669 setsockopt(6, SOL_SOCKET, SO_KEEPALIVE, [1], 4) = 0
8463  14:37:54.908734 setsockopt(6, SOL_IP, IP_TOS, [8], 4) = 0
8463  14:37:54.908789 setsockopt(6, SOL_SOCKET, SO_LINGER, {onoff=1, linger=32767}, 8) = 0
8463  14:37:54.908841 rt_sigaction(SIGALRM, {0x805cad0, ~[RTMIN RT_1], 0}, NULL, 8) = 0
8463  14:37:54.908903 alarm(300)        = 300
8463  14:37:54.908961 write(0, "150 Ok to send data.\r\n", 22) = 22
8463  14:37:54.909227 read(6, "assasaaa\na\na\na\na\n", 65536) = 17
8463  14:37:54.909292 write(4, "assasaaa\na\na\na\na\n", 17) = 17
8463  14:37:54.909363 read(6, "", 65536) = 0
8463  14:37:54.909410 rt_sigaction(SIGALRM, {0x805cad0, ~[RTMIN RT_1], 0}, NULL, 8) = 0
8463  14:37:54.909472 alarm(300)        = 300
8463  14:37:54.909516 close(6)          = 0
8463  14:37:54.909653 alarm(0)          = 300
8463  14:37:54.909704 gettimeofday({1495651074, 909721}, NULL) = 0
8463  14:37:54.909773 gettimeofday({1495651074, 909791}, NULL) = 0
8463  14:37:54.909831 fcntl64(3, F_SETLKW64, {type=F_WRLCK, whence=SEEK_SET, start=0, len=0}, 0xbff81914) = 0
8463  14:37:54.909898 write(3, "Wed May 24 14:37:54 2017 [pid 8463] [msfadmin] OK UPLOAD: Client \"127.0.0.1\", \"/home/msfadmin/myfile38\", 17 bytes, 5.76Kbyte/sec\n", 129) = 129
8463  14:37:54.909987 fcntl64(3, F_SETLK64, {type=F_UNLCK, whence=SEEK_SET, start=0, len=0}, 0xbff8191c) = 0
8463  14:37:54.910052 write(0, "226 Transfer complete.\r\n", 24) = 24
8463  14:37:54.910230 write(5, "\n", 1 <unfinished ...>
8461  14:37:54.910275 <... read resumed> "\n", 1) = 1
8463  14:37:54.910299 <... write resumed> ) = 1
8461  14:37:54.910327 close(5)          = 0
8461  14:37:54.910380 write(4, "\1", 1) = 1
8461  14:37:54.910430 read(4,  <unfinished ...>
8463  14:37:54.910479 read(5, "\1", 1)  = 1
8463  14:37:54.910532 close(4)          = 0
8463  14:37:54.910636 rt_sigaction(SIGALRM, {0x805cad0, ~[RTMIN RT_1], 0}, NULL, 8) = 0
8463  14:37:54.910699 alarm(300)        = 0
8463  14:37:54.910751 recv(0,  <unfinished ...>
8464  14:37:55.276302 <... read resumed> "\n", 1) = 1
8464  14:37:55.276548 stat64(".", {st_mode=S_IFDIR|0755, st_size=4096, ...}) = 0
8464  14:37:55.276672 stat64("/sbin/nohup", 0xbff810c8) = -1 ENOENT (No such file or directory)
8464  14:37:55.276736 stat64("/bin/nohup", 0xbff810c8) = -1 ENOENT (No such file or directory)
8464  14:37:55.276791 stat64("/usr/sbin/nohup", 0xbff810c8) = -1 ENOENT (No such file or directory)
8464  14:37:55.276846 stat64("/usr/bin/nohup", {st_mode=S_IFREG|0755, st_size=26336, ...}) = 0
8464  14:37:55.276927 stat64("/usr/bin/nohup", {st_mode=S_IFREG|0755, st_size=26336, ...}) = 0
8464  14:37:55.277036 rt_sigprocmask(SIG_BLOCK, [INT CHLD], [], 8) = 0
8464  14:37:55.277104 clone(child_stack=0, flags=CLONE_CHILD_CLEARTID|CLONE_CHILD_SETTID|SIGCHLD, child_tidptr=0xb7dd16f8) = 8467
8467  14:37:55.277407 rt_sigprocmask(SIG_SETMASK, [], NULL, 8) = 0
8467  14:37:55.277498 rt_sigaction(SIGTSTP, {SIG_DFL}, {SIG_DFL}, 8) = 0
8467  14:37:55.277563 rt_sigaction(SIGTTIN, {SIG_DFL}, {SIG_DFL}, 8) = 0
8467  14:37:55.277619 rt_sigaction(SIGTTOU, {SIG_DFL}, {SIG_DFL}, 8) = 0
8467  14:37:55.277692 rt_sigaction(SIGINT, {SIG_DFL}, {SIG_DFL}, 8) = 0
8467  14:37:55.277768 rt_sigaction(SIGQUIT, {SIG_DFL}, {SIG_IGN}, 8) = 0
8467  14:37:55.277830 rt_sigaction(SIGCHLD, {SIG_DFL}, {0x807e540, [], 0}, 8) = 0
8467  14:37:55.277982 open("/dev/null", O_WRONLY|O_CREAT|O_TRUNC|O_LARGEFILE, 0666) = 7
8467  14:37:55.278131 dup2(7, 1)        = 1
8467  14:37:55.278277 close(7)          = 0
8467  14:37:55.278338 dup2(1, 2)        = 2
8467  14:37:55.278382 fcntl64(1, F_GETFD) = 0
8467  14:37:55.278443 execve("/usr/bin/nohup", ["nohup"], [/* 16 vars */]) = 0
8467  14:37:55.278761 brk(0)            = 0x804f000
8467  14:37:55.278852 access("/etc/ld.so.nohwcap", F_OK) = -1 ENOENT (No such file or directory)
8467  14:37:55.278925 mmap2(NULL, 8192, PROT_READ|PROT_WRITE, MAP_PRIVATE|MAP_ANONYMOUS, -1, 0) = 0xb7ef3000
8467  14:37:55.278989 access("/etc/ld.so.preload", R_OK) = -1 ENOENT (No such file or directory)
8467  14:37:55.279058 open("/etc/ld.so.cache", O_RDONLY) = 7
8467  14:37:55.279115 fstat64(7, {st_mode=S_IFREG|0644, st_size=29913, ...}) = 0
8467  14:37:55.279251 mmap2(NULL, 29913, PROT_READ, MAP_PRIVATE, 7, 0) = 0xb7eeb000
8467  14:37:55.279305 close(7)          = 0
8467  14:37:55.279355 access("/etc/ld.so.nohwcap", F_OK) = -1 ENOENT (No such file or directory)
8467  14:37:55.279429 open("/lib/tls/i686/cmov/libc.so.6", O_RDONLY) = 7
8467  14:37:55.279494 read(7, "\177ELF\1\1\1\0\0\0\0\0\0\0\0\0\3\0\3\0\1\0\0\0\260e\1\0004\0\0\0\4\307\24\0\0\0\0\0004\0 \0\n\0(\0D\0C\0\6\0\0\0004\0\0\0004\0\0\0004\0\0\0@\1\0\0@\1\0\0\5\0\0\0\4\0\0\0\3\0\0\0\2200\23\0\2200\23\0\2200\23\0\23\0\0\0\23\0\0\0\4\0\0\0\1\0\0\0\1\0\0\0\0\0\0\0\0\0\0\0\0\0\0\0(\215\24\0(\215\24\0\5\0\0\0\0\20\0\0\1\0\0\0\354\221\24\0\354\221\24\0\354\221\24\0\260\'\0\0\204T\0\0\6\0\0\0\0\20\0\0\2\0\0\0\234\255\24\0\234\255\24\0\234\255\24\0\360\0\0\0\360\0\0\0\6\0\0\0\4\0\0\0\4\0\0\0t\1\0\0t\1\0\0t\1\0\0 \0\0\0 \0\0\0\4\0\0\0\4\0\0\0\7\0\0\0\354\221\24\0\354\221\24\0\354\221\24\0\10\0\0\0,\0\0\0\4\0\0\0\4\0\0\0P\345td\2440\23\0\2440\23\0\2440\23\0\354+\0\0\354+\0\0\4\0\0\0\4\0\0\0Q\345td\0\0\0\0\0\0\0\0\0\0\0\0\0\0\0\0\0\0\0\0\6\0\0\0\4\0\0\0R\345td\354\221\24\0\354\221\24\0\354\221\24\0\10\36\0\0\10\36\0\0\4\0\0\0\1\0\0\0\4\0\0\0\20\0\0\0\1\0\0\0GNU\0\0\0\0\0\2\0\0\0\6\0\0\0\10\0\0\0\363\3\0\0\n\0\0\0\0\2\0\0\16\0\0\0\2400\20D\200 \2\1\214\3\346\220AE\210\0\204\0\10\0A\200\0@\300\200\0\f\2\f\0\0010\0\10@\"\10\246\4\210H6l\240\0260\0&\204\200\216\4\10B$\2\f\246\244\32\6c\310\0\302 \1\300\0R\0!\201\10\4\n  \250\24\0\24(`\0\0P\240\312DB", 512) = 512
8467  14:37:55.279887 fstat64(7, {st_mode=S_IFREG|0755, st_size=1364388, ...}) = 0
8467  14:37:55.279972 mmap2(NULL, 1369712, PROT_READ|PROT_EXEC, MAP_PRIVATE|MAP_DENYWRITE, 7, 0) = 0xb7d9c000
8467  14:37:55.280053 mmap2(0xb7ee5000, 12288, PROT_READ|PROT_WRITE, MAP_PRIVATE|MAP_FIXED|MAP_DENYWRITE, 7, 0x149) = 0xb7ee5000
8467  14:37:55.280165 mmap2(0xb7ee8000, 9840, PROT_READ|PROT_WRITE, MAP_PRIVATE|MAP_FIXED|MAP_ANONYMOUS, -1, 0) = 0xb7ee8000
8467  14:37:55.280244 close(7)          = 0
8467  14:37:55.280322 mmap2(NULL, 4096, PROT_READ|PROT_WRITE, MAP_PRIVATE|MAP_ANONYMOUS, -1, 0) = 0xb7d9b000
8467  14:37:55.280377 set_thread_area({entry_number:-1 -> 6, base_addr:0xb7d9b6b0, limit:1048575, seg_32bit:1, contents:0, read_exec_only:0, limit_in_pages:1, seg_not_present:0, useable:1}) = 0
8467  14:37:55.280564 mprotect(0xb7ee5000, 4096, PROT_READ) = 0
8467  14:37:55.280634 munmap(0xb7eeb000, 29913) = 0
8467  14:37:55.280869 brk(0)            = 0x804f000
8467  14:37:55.280916 brk(0x8070000)    = 0x8070000
8467  14:37:55.281033 write(2, "nohup: ", 7) = 7
8467  14:37:55.281134 write(2, "missing operand", 15) = 15
8467  14:37:55.281209 write(2, "\n", 1) = 1
8467  14:37:55.281269 write(2, "Try `nohup --help\' for more information.\n", 41) = 41
8467  14:37:55.281342 close(1)          = 0
8467  14:37:55.281387 close(2)          = 0
8467  14:37:55.281440 exit_group(127)   = ?
8464  14:37:55.281575 rt_sigprocmask(SIG_SETMASK, [], NULL, 8) = 0
8464  14:37:55.281636 --- SIGCHLD (Child exited) @ 0 (0) ---
8464  14:37:55.281674 waitpid(-1, [{WIFEXITED(s) && WEXITSTATUS(s) == 127}], WNOHANG) = 8467
8464  14:37:55.281739 waitpid(-1, 0xbff80d48, WNOHANG) = 0
8464  14:37:55.281783 sigreturn()       = ? (mask now [])
8464  14:37:55.281879 rt_sigprocmask(SIG_BLOCK, [CHLD], [], 8) = 0
8464  14:37:55.281947 rt_sigprocmask(SIG_SETMASK, [], NULL, 8) = 0
8464  14:37:55.281998 rt_sigprocmask(SIG_BLOCK, [CHLD], [], 8) = 0
8464  14:37:55.282058 rt_sigaction(SIGINT, {0x807f150, [], 0}, {SIG_DFL}, 8) = 0
8464  14:37:55.282182 rt_sigprocmask(SIG_SETMASK, [], NULL, 8) = 0
8464  14:37:55.282233 rt_sigaction(SIGINT, {SIG_DFL}, {0x807f150, [], 0}, 8) = 0
8464  14:37:55.282306 rt_sigprocmask(SIG_BLOCK, NULL, [], 8) = 0
8464  14:37:55.282364 read(0, "e", 1)   = 1
8464  14:37:55.282419 read(0, "c", 1)   = 1
8464  14:37:55.282465 read(0, "h", 1)   = 1
8464  14:37:55.282512 read(0, "o", 1)   = 1
8464  14:37:55.282558 read(0, " ", 1)   = 1
8464  14:37:55.282604 read(0, "1", 1)   = 1
8464  14:37:55.282650 read(0, "K", 1)   = 1
8464  14:37:55.282696 read(0, "b", 1)   = 1
8464  14:37:55.282742 read(0, "X", 1)   = 1
8464  14:37:55.282788 read(0, "I", 1)   = 1
8464  14:37:55.282834 read(0, "p", 1)   = 1
8464  14:37:55.282966 read(0, "Y", 1)   = 1
8464  14:37:55.283072 read(0, "e", 1)   = 1
8464  14:37:55.283124 read(0, "S", 1)   = 1
8464  14:37:55.283171 read(0, "i", 1)   = 1
8464  14:37:55.283217 read(0, "J", 1)   = 1
8464  14:37:55.283263 read(0, "P", 1)   = 1
8464  14:37:55.283310 read(0, "Y", 1)   = 1
8464  14:37:55.283356 read(0, "J", 1)   = 1
8464  14:37:55.283402 read(0, "v", 1)   = 1
8464  14:37:55.283448 read(0, "Z", 1)   = 1
8464  14:37:55.283494 read(0, "\n", 1)  = 1
8464  14:37:55.283530 write(1, "1KbXIpYeSiJPYJvZ\n", 17) = 17
8464  14:37:55.283667 rt_sigprocmask(SIG_BLOCK, NULL, [], 8) = 0
8464  14:37:55.283740 read(0,  <unfinished ...>
8463  14:37:55.414693 <... recv resumed> "TYPE I\r\n", 4096, MSG_PEEK) = 8
8463  14:37:55.414867 read(0, "TYPE I\r\n", 8) = 8
8463  14:37:55.414960 write(0, "200 Switching to Binary mode.\r\n", 31) = 31
8463  14:37:55.415127 rt_sigaction(SIGALRM, {0x805cad0, ~[RTMIN RT_1], 0}, NULL, 8) = 0
8463  14:37:55.415168 alarm(300)        = 299
8463  14:37:55.415190 recv(0, "PASV\r\n", 4096, MSG_PEEK) = 6
8463  14:37:55.415210 read(0, "PASV\r\n", 6) = 6
8463  14:37:55.415230 write(5, "\n", 1 <unfinished ...>
8461  14:37:55.415246 <... read resumed> "\n", 1) = 1
8463  14:37:55.415255 <... write resumed> ) = 1
8461  14:37:55.415265 write(4, "\1", 1) = 1
8461  14:37:55.415282 read(4,  <unfinished ...>
8463  14:37:55.415293 read(5, "\1", 1)  = 1
8463  14:37:55.415311 write(5, "\f", 1 <unfinished ...>
8461  14:37:55.415322 <... read resumed> "\f", 1) = 1
8463  14:37:55.415329 <... write resumed> ) = 1
8461  14:37:55.415351 socket(PF_INET, SOCK_STREAM, IPPROTO_TCP) = 5
8461  14:37:55.415374 setsockopt(5, SOL_SOCKET, SO_REUSEADDR, [1], 4) = 0
8461  14:37:55.415396 bind(5, {sa_family=AF_INET, sin_port=htons(5679), sin_addr=inet_addr("127.0.0.1")}, 16) = 0
8461  14:37:55.415421 listen(5, 1)      = 0
8461  14:37:55.415441 write(4, "/\26\0\0", 4) = 4
8461  14:37:55.415457 read(4,  <unfinished ...>
8463  14:37:55.415468 read(5, "/\26\0\0", 4) = 4
8463  14:37:55.415492 write(0, "227 Entering Passive Mode (127,0,0,1,22,47).\r\n", 46) = 46
8463  14:37:55.415649 rt_sigaction(SIGALRM, {0x805cad0, ~[RTMIN RT_1], 0}, NULL, 8) = 0
8463  14:37:55.415674 alarm(300)        = 300
8463  14:37:55.415692 recv(0, "STOR myfile39\r\n", 4096, MSG_PEEK) = 15
8463  14:37:55.415711 read(0, "STOR myfile39\r\n", 15) = 15
8463  14:37:55.415732 write(5, "\v", 1 <unfinished ...>
8461  14:37:55.415745 <... read resumed> "\v", 1) = 1
8463  14:37:55.415753 <... write resumed> ) = 1
8461  14:37:55.415762 write(4, "\1\0\0\0", 4) = 4
8461  14:37:55.415779 read(4,  <unfinished ...>
8463  14:37:55.415789 read(5, "\1\0\0\0", 4) = 4
8463  14:37:55.415807 gettimeofday({1495651075, 415813}, NULL) = 0
8463  14:37:55.415824 getcwd("/home/msfadmin", 4096) = 15
8463  14:37:55.415844 open("myfile39", O_WRONLY|O_CREAT|O_NONBLOCK|O_LARGEFILE, 0666) = 4
8463  14:37:55.415865 fstat64(4, {st_mode=S_IFREG|0644, st_size=17, ...}) = 0
8463  14:37:55.415892 fcntl64(4, F_GETFL) = 0x8801 (flags O_WRONLY|O_NONBLOCK|O_LARGEFILE)
8463  14:37:55.415909 fcntl64(4, F_SETFL, O_WRONLY|O_LARGEFILE) = 0
8463  14:37:55.415924 fcntl64(4, F_SETLKW64, {type=F_WRLCK, whence=SEEK_SET, start=0, len=0}, 0xbff81974) = 0
8463  14:37:55.415945 ftruncate64(4, 0) = 0
8463  14:37:55.416013 _llseek(4, 0, [0], SEEK_SET) = 0
8463  14:37:55.416044 write(5, "\v", 1 <unfinished ...>
8461  14:37:55.416063 <... read resumed> "\v", 1) = 1
8463  14:37:55.416075 <... write resumed> ) = 1
8461  14:37:55.416090 write(4, "\1\0\0\0", 4) = 4
8461  14:37:55.416115 read(4,  <unfinished ...>
8463  14:37:55.416131 read(5, "\1\0\0\0", 4) = 4
8463  14:37:55.416157 write(5, "\v", 1 <unfinished ...>
8461  14:37:55.416174 <... read resumed> "\v", 1) = 1
8463  14:37:55.416186 <... write resumed> ) = 1
8461  14:37:55.416199 write(4, "\1\0\0\0", 4) = 4
8461  14:37:55.416224 read(4,  <unfinished ...>
8463  14:37:55.416240 read(5, "\1\0\0\0", 4) = 4
8463  14:37:55.416267 write(5, "\r", 1 <unfinished ...>
8461  14:37:55.416285 <... read resumed> "\r", 1) = 1
8463  14:37:55.416297 <... write resumed> ) = 1
8461  14:37:55.416315 select(6, [5], NULL, NULL, {60, 0}) = 1 (in [5], left {60, 0})
8461  14:37:55.416355 accept(5, {sa_family=AF_INET, sin_port=htons(41017), sin_addr=inet_addr("127.0.0.1")}, [16]) = 6
8461  14:37:55.416412 write(4, "\1", 1) = 1
8461  14:37:55.416441 sendmsg(4, {msg_name(0)=NULL, msg_iov(1)=[{"\0", 1}], msg_controllen=16, {cmsg_len=16, cmsg_level=SOL_SOCKET, cmsg_type=SCM_RIGHTS, {6}}, msg_flags=0}, 0) = 1
8461  14:37:55.416481 close(6)          = 0
8461  14:37:55.416513 read(4,  <unfinished ...>
8463  14:37:55.416527 read(5, "\1", 1)  = 1
8463  14:37:55.416553 recvmsg(5, {msg_name(0)=NULL, msg_iov(1)=[{"\0", 1}], msg_controllen=16, {cmsg_len=16, cmsg_level=SOL_SOCKET, cmsg_type=SCM_RIGHTS, {6}}, msg_flags=0}, 0) = 1
8463  14:37:55.416592 setsockopt(6, SOL_SOCKET, SO_KEEPALIVE, [1], 4) = 0
8463  14:37:55.416616 setsockopt(6, SOL_IP, IP_TOS, [8], 4) = 0
8463  14:37:55.416654 setsockopt(6, SOL_SOCKET, SO_LINGER, {onoff=1, linger=32767}, 8) = 0
8463  14:37:55.416682 rt_sigaction(SIGALRM, {0x805cad0, ~[RTMIN RT_1], 0}, NULL, 8) = 0
8463  14:37:55.416715 alarm(300)        = 300
8463  14:37:55.416742 write(0, "150 Ok to send data.\r\n", 22) = 22
8463  14:37:55.416888 read(6, "assasaaa\na\na\na\na\n", 65536) = 17
8463  14:37:55.416910 write(4, "assasaaa\na\na\na\na\n", 17) = 17
8463  14:37:55.416974 read(6, "", 65536) = 0
8463  14:37:55.416995 rt_sigaction(SIGALRM, {0x805cad0, ~[RTMIN RT_1], 0}, NULL, 8) = 0
8463  14:37:55.417017 alarm(300)        = 300
8463  14:37:55.417033 close(6)          = 0
8463  14:37:55.417069 alarm(0)          = 300
8463  14:37:55.417089 gettimeofday({1495651075, 417097}, NULL) = 0
8463  14:37:55.417117 gettimeofday({1495651075, 417123}, NULL) = 0
8463  14:37:55.417139 fcntl64(3, F_SETLKW64, {type=F_WRLCK, whence=SEEK_SET, start=0, len=0}, 0xbff81914) = 0
8463  14:37:55.417163 write(3, "Wed May 24 14:37:55 2017 [pid 8463] [msfadmin] OK UPLOAD: Client \"127.0.0.1\", \"/home/msfadmin/myfile39\", 17 bytes, 12.67Kbyte/sec\n", 130) = 130
8463  14:37:55.417195 fcntl64(3, F_SETLK64, {type=F_UNLCK, whence=SEEK_SET, start=0, len=0}, 0xbff8191c) = 0
8463  14:37:55.417217 write(0, "226 Transfer complete.\r\n", 24) = 24
8463  14:37:55.417287 write(5, "\n", 1 <unfinished ...>
8461  14:37:55.417302 <... read resumed> "\n", 1) = 1
8463  14:37:55.417311 <... write resumed> ) = 1
8461  14:37:55.417320 close(5)          = 0
8461  14:37:55.417338 write(4, "\1", 1) = 1
8461  14:37:55.417355 read(4,  <unfinished ...>
8463  14:37:55.417366 read(5, "\1", 1)  = 1
8463  14:37:55.417384 close(4)          = 0
8463  14:37:55.417400 rt_sigaction(SIGALRM, {0x805cad0, ~[RTMIN RT_1], 0}, NULL, 8) = 0
8463  14:37:55.417421 alarm(300)        = 0
8463  14:37:55.417443 recv(0,  <unfinished ...>
8464  14:37:55.451457 <... read resumed> "", 1) = 0
8464  14:37:55.451626 exit_group(0)     = ?
8465  14:37:55.451769 <... read resumed> "", 1) = 0
8465  14:37:55.451819 fcntl64(0, F_GETFL) = 0x2 (flags O_RDWR)
8465  14:37:55.451872 fcntl64(0, F_SETFL, O_RDWR|O_NONBLOCK) = 0
8465  14:37:55.451939 write(0, "500 OOPS: ", 10) = 10
8465  14:37:55.452053 write(0, "priv_sock_get_result", 20) = 20
8465  14:37:55.452121 write(0, "\r\n", 2) = 2
8465  14:37:55.452166 exit_group(1)     = ?
4439  14:37:55.452452 <... select resumed> ) = ? ERESTARTNOHAND (To be restarted)
4439  14:37:55.452469 --- SIGCHLD (Child exited) @ 0 (0) ---
4439  14:37:55.452482 write(4, "\21", 1) = 1
4439  14:37:55.452504 sigreturn()       = ? (mask now [])
4439  14:37:55.452555 select(13, [3 5 6 8 9 10 11 12], NULL, NULL, NULL) = 1 (in [3])
