10456 14:58:15.568222 write(3, "Wed May 24 14:58:15 2017 [pid 10456] [msfadmin] OK UPLOAD: Client \"127.0.0.1\", \"/home/msfadmin/myfile40\", 17 bytes, 6.72Kbyte/sec\n", 130) = 130
10456 14:58:15.568273 fcntl64(3, F_SETLK64, {type=F_UNLCK, whence=SEEK_SET, start=0, len=0}, 0xbffd296c) = 0
10456 14:58:15.568310 write(0, "226 Transfer complete.\r\n", 24) = 24
10456 14:58:15.568435 write(5, "\n", 1) = 1
10456 14:58:15.568465 read(5,  <unfinished ...>
10454 14:58:15.568484 close(6)          = 0
10454 14:58:15.568530 read(4, "\n", 1)  = 1
10454 14:58:15.568560 close(5)          = 0
10454 14:58:15.568589 write(4, "\1", 1) = 1
10456 14:58:15.568616 <... read resumed> "\1", 1) = 1
10456 14:58:15.568634 close(4)          = 0
10456 14:58:15.568662 rt_sigaction(SIGALRM, {0x805cad0, ~[RTMIN RT_1], 0}, NULL, 8) = 0
10456 14:58:15.568696 alarm(300)        = 0
10456 14:58:15.568724 recv(0,  <unfinished ...>
10454 14:58:15.568743 read(4,  <unfinished ...>
10456 14:58:16.086925 <... recv resumed> "TYPE I\r\n", 4096, MSG_PEEK) = 8
10456 14:58:16.087060 read(0, "TYPE I\r\n", 8) = 8
10456 14:58:16.087195 write(0, "200 Switching to Binary mode.\r\n", 31) = 31
10456 14:58:16.087581 rt_sigaction(SIGALRM, {0x805cad0, ~[RTMIN RT_1], 0}, NULL, 8) = 0
10456 14:58:16.087702 alarm(300)        = 299
10456 14:58:16.087782 recv(0, "PASV\r\n", 4096, MSG_PEEK) = 6
10456 14:58:16.087841 read(0, "PASV\r\n", 6) = 6
10456 14:58:16.087897 write(5, "\n", 1) = 1
10456 14:58:16.087950 read(5,  <unfinished ...>
10454 14:58:16.087984 <... read resumed> "\n", 1) = 1
10454 14:58:16.088021 write(4, "\1", 1) = 1
10456 14:58:16.088068 <... read resumed> "\1", 1) = 1
10456 14:58:16.088101 write(5, "\f", 1) = 1
10456 14:58:16.088145 read(5,  <unfinished ...>
10454 14:58:16.088175 read(4, "\f", 1)  = 1
10454 14:58:16.088227 socket(PF_INET, SOCK_STREAM, IPPROTO_TCP) = 5
10454 14:58:16.088345 setsockopt(5, SOL_SOCKET, SO_REUSEADDR, [1], 4) = 0
10454 14:58:16.088423 bind(5, {sa_family=AF_INET, sin_port=htons(53919), sin_addr=inet_addr("127.0.0.1")}, 16) = 0
10454 14:58:16.088491 listen(5, 1)      = 0
10454 14:58:16.088548 write(4, "\237\322\0\0", 4) = 4
10456 14:58:16.088599 <... read resumed> "\237\322\0\0", 4) = 4
10456 14:58:16.088655 write(0, "227 Entering Passive Mode (127,0,0,1,210,159).\r\n", 48) = 48
10456 14:58:16.089098 rt_sigaction(SIGALRM, {0x805cad0, ~[RTMIN RT_1], 0}, NULL, 8) = 0
10456 14:58:16.089173 alarm(300)        = 300
10456 14:58:16.089224 recv(0, "STOR myfile0\r\n", 4096, MSG_PEEK) = 14
10456 14:58:16.089373 read(0, "STOR myfile0\r\n", 14) = 14
10456 14:58:16.089483 write(5, "\v", 1) = 1
10456 14:58:16.089563 read(5,  <unfinished ...>
10454 14:58:16.089616 read(4, "\v", 1)  = 1
10454 14:58:16.089695 write(4, "\1\0\0\0", 4) = 4
10456 14:58:16.089747 <... read resumed> "\1\0\0\0", 4) = 4
10456 14:58:16.089783 gettimeofday({1495652296, 89800}, NULL) = 0
10456 14:58:16.089833 getcwd("/home/msfadmin", 4096) = 15
10456 14:58:16.089895 open("myfile0", O_WRONLY|O_CREAT|O_NONBLOCK|O_LARGEFILE, 0666) = 4
10456 14:58:16.089991 fstat64(4, {st_mode=S_IFREG|0644, st_size=17, ...}) = 0
10456 14:58:16.090111 fcntl64(4, F_GETFL) = 0x8801 (flags O_WRONLY|O_NONBLOCK|O_LARGEFILE)
10456 14:58:16.090191 fcntl64(4, F_SETFL, O_WRONLY|O_LARGEFILE) = 0
10456 14:58:16.090344 fcntl64(4, F_SETLKW64, {type=F_WRLCK, whence=SEEK_SET, start=0, len=0}, 0xbffd29c4) = 0
10456 14:58:16.090451 ftruncate64(4, 0) = 0
10456 14:58:16.090568 _llseek(4, 0, [0], SEEK_SET) = 0
10456 14:58:16.090649 write(5, "\v", 1) = 1
10456 14:58:16.090726 read(5,  <unfinished ...>
10454 14:58:16.090776 read(4, "\v", 1)  = 1
10454 14:58:16.090854 write(4, "\1\0\0\0", 4) = 4
10456 14:58:16.090936 <... read resumed> "\1\0\0\0", 4) = 4
10456 14:58:16.090997 write(5, "\v", 1) = 1
10456 14:58:16.091072 read(5,  <unfinished ...>
10454 14:58:16.091120 read(4, "\v", 1)  = 1
10454 14:58:16.091246 write(4, "\1\0\0\0", 4) = 4
10456 14:58:16.091349 <... read resumed> "\1\0\0\0", 4) = 4
10456 14:58:16.091406 write(5, "\r", 1) = 1
10456 14:58:16.091479 read(5,  <unfinished ...>
10454 14:58:16.091529 read(4, "\r", 1)  = 1
10454 14:58:16.091614 select(6, [5], NULL, NULL, {60, 0}) = 1 (in [5], left {60, 0})
10454 14:58:16.091727 accept(5, {sa_family=AF_INET, sin_port=htons(42537), sin_addr=inet_addr("127.0.0.1")}, [16]) = 6
10454 14:58:16.091886 write(4, "\1", 1) = 1
10456 14:58:16.091965 <... read resumed> "\1", 1) = 1
10456 14:58:16.092029 recvmsg(5,  <unfinished ...>
10454 14:58:16.092090 sendmsg(4, {msg_name(0)=NULL, msg_iov(1)=[{"\0", 1}], msg_controllen=16, {cmsg_len=16, cmsg_level=SOL_SOCKET, cmsg_type=SCM_RIGHTS, {6}}, msg_flags=0}, 0) = 1
10456 14:58:16.092272 <... recvmsg resumed> {msg_name(0)=NULL, msg_iov(1)=[{"\0", 1}], msg_controllen=16, {cmsg_len=16, cmsg_level=SOL_SOCKET, cmsg_type=SCM_RIGHTS, {6}}, msg_flags=0}, 0) = 1
10456 14:58:16.092377 setsockopt(6, SOL_SOCKET, SO_KEEPALIVE, [1], 4) = 0
10456 14:58:16.092469 setsockopt(6, SOL_IP, IP_TOS, [8], 4) = 0
10456 14:58:16.092560 setsockopt(6, SOL_SOCKET, SO_LINGER, {onoff=1, linger=32767}, 8) = 0
10456 14:58:16.092639 rt_sigaction(SIGALRM, {0x805cad0, ~[RTMIN RT_1], 0}, NULL, 8) = 0
10456 14:58:16.092705 alarm(300)        = 300
10456 14:58:16.092765 write(0, "150 Ok to send data.\r\n", 22) = 22
10456 14:58:16.093092 read(6, "assasaaa\na\na\na\na\n", 65536) = 17
10456 14:58:16.093327 write(4, "assasaaa\na\na\na\na\n", 17) = 17
10456 14:58:16.093406 read(6, "", 65536) = 0
10456 14:58:16.093455 rt_sigaction(SIGALRM, {0x805cad0, ~[RTMIN RT_1], 0}, NULL, 8) = 0
10456 14:58:16.093516 alarm(300)        = 300
10456 14:58:16.093561 close(6)          = 0
10456 14:58:16.093602 alarm(0)          = 300
10456 14:58:16.093645 gettimeofday({1495652296, 93661}, NULL) = 0
10456 14:58:16.093710 gettimeofday({1495652296, 93728}, NULL) = 0
10456 14:58:16.093767 fcntl64(3, F_SETLKW64, {type=F_WRLCK, whence=SEEK_SET, start=0, len=0}, 0xbffd2964) = 0
10456 14:58:16.093832 write(3, "Wed May 24 14:58:16 2017 [pid 10456] [msfadmin] OK UPLOAD: Client \"127.0.0.1\", \"/home/msfadmin/myfile0\", 17 bytes, 4.23Kbyte/sec\n", 129) = 129
10456 14:58:16.093923 fcntl64(3, F_SETLK64, {type=F_UNLCK, whence=SEEK_SET, start=0, len=0}, 0xbffd296c) = 0
10456 14:58:16.093986 write(0, "226 Transfer complete.\r\n", 24) = 24
10456 14:58:16.094172 write(5, "\n", 1) = 1
10456 14:58:16.094282 read(5,  <unfinished ...>
10454 14:58:16.094321 close(6)          = 0
10454 14:58:16.094406 read(4, "\n", 1)  = 1
10454 14:58:16.094460 close(5)          = 0
10454 14:58:16.094580 write(4, "\1", 1) = 1
10456 14:58:16.094642 <... read resumed> "\1", 1) = 1
10456 14:58:16.094675 close(4)          = 0
10456 14:58:16.094743 rt_sigaction(SIGALRM, {0x805cad0, ~[RTMIN RT_1], 0}, NULL, 8) = 0
10456 14:58:16.094804 alarm(300)        = 0
10456 14:58:16.094854 recv(0,  <unfinished ...>
10454 14:58:16.094889 read(4,  <unfinished ...>
10456 14:58:16.606169 <... recv resumed> "TYPE I\r\n", 4096, MSG_PEEK) = 8
10456 14:58:16.606257 read(0, "TYPE I\r\n", 8) = 8
10456 14:58:16.606340 write(0, "200 Switching to Binary mode.\r\n", 31) = 31
10456 14:58:16.606667 rt_sigaction(SIGALRM, {0x805cad0, ~[RTMIN RT_1], 0}, NULL, 8) = 0
10456 14:58:16.606759 alarm(300)        = 299
10456 14:58:16.606813 recv(0, "PASV\r\n", 4096, MSG_PEEK) = 6
10456 14:58:16.606868 read(0, "PASV\r\n", 6) = 6
10456 14:58:16.606923 write(5, "\n", 1) = 1
10456 14:58:16.606975 read(5,  <unfinished ...>
10454 14:58:16.607008 <... read resumed> "\n", 1) = 1
10454 14:58:16.607044 write(4, "\1", 1) = 1
10456 14:58:16.607091 <... read resumed> "\1", 1) = 1
10456 14:58:16.607123 write(5, "\f", 1) = 1
10456 14:58:16.607167 read(5,  <unfinished ...>
10454 14:58:16.607197 read(4, "\f", 1)  = 1
10454 14:58:16.607250 socket(PF_INET, SOCK_STREAM, IPPROTO_TCP) = 5
10454 14:58:16.607311 setsockopt(5, SOL_SOCKET, SO_REUSEADDR, [1], 4) = 0
10454 14:58:16.607370 bind(5, {sa_family=AF_INET, sin_port=htons(30164), sin_addr=inet_addr("127.0.0.1")}, 16) = 0
10454 14:58:16.607436 listen(5, 1)      = 0
10454 14:58:16.607493 write(4, "\324u\0\0", 4) = 4
10456 14:58:16.607541 <... read resumed> "\324u\0\0", 4) = 4
10456 14:58:16.607593 write(0, "227 Entering Passive Mode (127,0,0,1,117,212).\r\n", 48) = 48
10456 14:58:16.608055 rt_sigaction(SIGALRM, {0x805cad0, ~[RTMIN RT_1], 0}, NULL, 8) = 0
10456 14:58:16.608197 alarm(300)        = 300
10456 14:58:16.608255 recv(0, "STOR myfile1\r\n", 4096, MSG_PEEK) = 14
10456 14:58:16.608312 read(0, "STOR myfile1\r\n", 14) = 14
10456 14:58:16.608372 write(5, "\v", 1) = 1
10456 14:58:16.608419 read(5,  <unfinished ...>
10454 14:58:16.608450 read(4, "\v", 1)  = 1
10454 14:58:16.608499 write(4, "\1\0\0\0", 4) = 4
10456 14:58:16.608547 <... read resumed> "\1\0\0\0", 4) = 4
10456 14:58:16.608582 gettimeofday({1495652296, 608636}, NULL) = 0
10456 14:58:16.608671 getcwd("/home/msfadmin", 4096) = 15
10456 14:58:16.608729 open("myfile1", O_WRONLY|O_CREAT|O_NONBLOCK|O_LARGEFILE, 0666) = 4
10456 14:58:16.608787 fstat64(4, {st_mode=S_IFREG|0644, st_size=17, ...}) = 0
10456 14:58:16.608864 fcntl64(4, F_GETFL) = 0x8801 (flags O_WRONLY|O_NONBLOCK|O_LARGEFILE)
10456 14:58:16.608914 fcntl64(4, F_SETFL, O_WRONLY|O_LARGEFILE) = 0
10456 14:58:16.608958 fcntl64(4, F_SETLKW64, {type=F_WRLCK, whence=SEEK_SET, start=0, len=0}, 0xbffd29c4) = 0
10456 14:58:16.609018 ftruncate64(4, 0) = 0
10456 14:58:16.609125 _llseek(4, 0, [0], SEEK_SET) = 0
10456 14:58:16.609187 write(5, "\v", 1) = 1
10456 14:58:16.609234 read(5,  <unfinished ...>
10454 14:58:16.609267 read(4, "\v", 1)  = 1
10454 14:58:16.609316 write(4, "\1\0\0\0", 4) = 4
10456 14:58:16.609364 <... read resumed> "\1\0\0\0", 4) = 4
10456 14:58:16.609397 write(5, "\v", 1) = 1
10456 14:58:16.609441 read(5,  <unfinished ...>
10454 14:58:16.609470 read(4, "\v", 1)  = 1
10454 14:58:16.609518 write(4, "\1\0\0\0", 4) = 4
10456 14:58:16.609563 <... read resumed> "\1\0\0\0", 4) = 4
10456 14:58:16.609752 write(5, "\r", 1) = 1
10456 14:58:16.609810 read(5,  <unfinished ...>
10454 14:58:16.609840 read(4, "\r", 1)  = 1
10454 14:58:16.609894 select(6, [5], NULL, NULL, {60, 0}) = 1 (in [5], left {60, 0})
10454 14:58:16.609965 accept(5, {sa_family=AF_INET, sin_port=htons(48647), sin_addr=inet_addr("127.0.0.1")}, [16]) = 6
10454 14:58:16.610062 write(4, "\1", 1) = 1
10456 14:58:16.610108 <... read resumed> "\1", 1) = 1
10456 14:58:16.610146 recvmsg(5,  <unfinished ...>
10454 14:58:16.610183 sendmsg(4, {msg_name(0)=NULL, msg_iov(1)=[{"\0", 1}], msg_controllen=16, {cmsg_len=16, cmsg_level=SOL_SOCKET, cmsg_type=SCM_RIGHTS, {6}}, msg_flags=0}, 0) = 1
10456 14:58:16.610304 <... recvmsg resumed> {msg_name(0)=NULL, msg_iov(1)=[{"\0", 1}], msg_controllen=16, {cmsg_len=16, cmsg_level=SOL_SOCKET, cmsg_type=SCM_RIGHTS, {6}}, msg_flags=0}, 0) = 1
10456 14:58:16.610387 setsockopt(6, SOL_SOCKET, SO_KEEPALIVE, [1], 4) = 0
10456 14:58:16.610444 setsockopt(6, SOL_IP, IP_TOS, [8], 4) = 0
10456 14:58:16.610496 setsockopt(6, SOL_SOCKET, SO_LINGER, {onoff=1, linger=32767}, 8) = 0
10456 14:58:16.610547 rt_sigaction(SIGALRM, {0x805cad0, ~[RTMIN RT_1], 0}, NULL, 8) = 0
10456 14:58:16.610606 alarm(300)        = 300
10456 14:58:16.610663 write(0, "150 Ok to send data.\r\n", 22) = 22
10456 14:58:16.610993 read(6, "assasaaa\na\na\na\na\n", 65536) = 17
10456 14:58:16.611062 write(4, "assasaaa\na\na\na\na\n", 17) = 17
10456 14:58:16.611135 read(6, "", 65536) = 0
10456 14:58:16.611182 rt_sigaction(SIGALRM, {0x805cad0, ~[RTMIN RT_1], 0}, NULL, 8) = 0
10456 14:58:16.611299 alarm(300)        = 300
10456 14:58:16.611344 close(6)          = 0
10456 14:58:16.611385 alarm(0)          = 300
10456 14:58:16.611428 gettimeofday({1495652296, 611443}, NULL) = 0
10456 14:58:16.611493 gettimeofday( <unfinished ...>
10454 14:58:16.611522 close(6)          = 0
10456 14:58:16.611600 <... gettimeofday resumed> {1495652296, 611593}, NULL) = 0
10456 14:58:16.611647 fcntl64(3, F_SETLKW64, {type=F_WRLCK, whence=SEEK_SET, start=0, len=0}, 0xbffd2964) = 0
10454 14:58:16.611761 read(4,  <unfinished ...>
10456 14:58:16.611803 write(3, "Wed May 24 14:58:16 2017 [pid 10456] [msfadmin] OK UPLOAD: Client \"127.0.0.1\", \"/home/msfadmin/myfile1\", 17 bytes, 5.61Kbyte/sec\n", 129) = 129
10456 14:58:16.611895 fcntl64(3, F_SETLK64, {type=F_UNLCK, whence=SEEK_SET, start=0, len=0}, 0xbffd296c) = 0
10456 14:58:16.611962 write(0, "226 Transfer complete.\r\n", 24) = 24
10456 14:58:16.612145 write(5, "\n", 1) = 1
10454 14:58:16.612245 <... read resumed> "\n", 1) = 1
10454 14:58:16.612281 close(5)          = 0
10454 14:58:16.612335 write(4, "\1", 1) = 1
10454 14:58:16.612383 read(4,  <unfinished ...>
10456 14:58:16.612415 read(5, "\1", 1)  = 1
10456 14:58:16.612464 close(4)          = 0
10456 14:58:16.612513 rt_sigaction(SIGALRM, {0x805cad0, ~[RTMIN RT_1], 0}, NULL, 8) = 0
10456 14:58:16.612572 alarm(300)        = 0
10456 14:58:16.612621 recv(0, "TYPE I\r\n", 4096, MSG_PEEK) = 8
10456 14:58:17.126749 read(0, "TYPE I\r\n", 8) = 8
10456 14:58:17.126851 write(0, "200 Switching to Binary mode.\r\n", 31) = 31
10456 14:58:17.127038 rt_sigaction(SIGALRM, {0x805cad0, ~[RTMIN RT_1], 0}, NULL, 8) = 0
10456 14:58:17.127179 alarm(300)        = 299
10456 14:58:17.127237 recv(0, "PASV\r\n", 4096, MSG_PEEK) = 6
10456 14:58:17.127291 read(0, "PASV\r\n", 6) = 6
10456 14:58:17.127346 write(5, "\n", 1) = 1
10454 14:58:17.127400 <... read resumed> "\n", 1) = 1
10454 14:58:17.127435 write(4, "\1", 1) = 1
10454 14:58:17.127482 read(4,  <unfinished ...>
10456 14:58:17.127513 read(5, "\1", 1)  = 1
10456 14:58:17.127565 write(5, "\f", 1) = 1
10454 14:58:17.127608 <... read resumed> "\f", 1) = 1
10454 14:58:17.127643 socket(PF_INET, SOCK_STREAM, IPPROTO_TCP) = 5
10454 14:58:17.127705 setsockopt(5, SOL_SOCKET, SO_REUSEADDR, [1], 4) = 0
10454 14:58:17.127765 bind(5, {sa_family=AF_INET, sin_port=htons(13487), sin_addr=inet_addr("127.0.0.1")}, 16) = 0
10454 14:58:17.127832 listen(5, 1)      = 0
10454 14:58:17.127889 write(4, "\2574\0\0", 4) = 4
10454 14:58:17.127938 read(4,  <unfinished ...>
10456 14:58:17.127969 read(5, "\2574\0\0", 4) = 4
10456 14:58:17.128105 write(0, "227 Entering Passive Mode (127,0,0,1,52,175).\r\n", 47) = 47
10456 14:58:17.128547 rt_sigaction(SIGALRM, {0x805cad0, ~[RTMIN RT_1], 0}, NULL, 8) = 0
10456 14:58:17.128620 alarm(300)        = 300
10456 14:58:17.128672 recv(0, "STOR myfile2\r\n", 4096, MSG_PEEK) = 14
10456 14:58:17.128725 read(0, "STOR myfile2\r\n", 14) = 14
10456 14:58:17.128785 write(5, "\v", 1) = 1
10454 14:58:17.128833 <... read resumed> "\v", 1) = 1
10454 14:58:17.128865 write(4, "\1\0\0\0", 4) = 4
10454 14:58:17.128913 read(4,  <unfinished ...>
10456 14:58:17.128943 read(5, "\1\0\0\0", 4) = 4
10456 14:58:17.129035 gettimeofday({1495652297, 129063}, NULL) = 0
10456 14:58:17.129098 getcwd("/home/msfadmin", 4096) = 15
10456 14:58:17.129153 open("myfile2", O_WRONLY|O_CREAT|O_NONBLOCK|O_LARGEFILE, 0666) = 4
10456 14:58:17.129239 fstat64(4, {st_mode=S_IFREG|0644, st_size=17, ...}) = 0
10456 14:58:17.129319 fcntl64(4, F_GETFL) = 0x8801 (flags O_WRONLY|O_NONBLOCK|O_LARGEFILE)
10456 14:58:17.129368 fcntl64(4, F_SETFL, O_WRONLY|O_LARGEFILE) = 0
10456 14:58:17.129412 fcntl64(4, F_SETLKW64, {type=F_WRLCK, whence=SEEK_SET, start=0, len=0}, 0xbffd29c4) = 0
10456 14:58:17.129472 ftruncate64(4, 0) = 0
10456 14:58:17.129542 _llseek(4, 0, [0], SEEK_SET) = 0
10456 14:58:17.129591 write(5, "\v", 1) = 1
10454 14:58:17.129638 <... read resumed> "\v", 1) = 1
10454 14:58:17.129670 write(4, "\1\0\0\0", 4) = 4
10454 14:58:17.129718 read(4,  <unfinished ...>
10456 14:58:17.129748 read(5, "\1\0\0\0", 4) = 4
10456 14:58:17.129798 write(5, "\v", 1) = 1
10454 14:58:17.129841 <... read resumed> "\v", 1) = 1
10454 14:58:17.129871 write(4, "\1\0\0\0", 4) = 4
10454 14:58:17.129917 read(4,  <unfinished ...>
10456 14:58:17.129946 read(5, "\1\0\0\0", 4) = 4
10456 14:58:17.130043 write(5, "\r", 1) = 1
10454 14:58:17.130091 <... read resumed> "\r", 1) = 1
10454 14:58:17.130127 select(6, [5], NULL, NULL, {60, 0}) = 1 (in [5], left {60, 0})
10454 14:58:17.130197 accept(5, {sa_family=AF_INET, sin_port=htons(36277), sin_addr=inet_addr("127.0.0.1")}, [16]) = 6
10454 14:58:17.130294 write(4, "\1", 1) = 1
10454 14:58:17.130348 sendmsg(4, {msg_name(0)=NULL, msg_iov(1)=[{"\0", 1}], msg_controllen=16, {cmsg_len=16, cmsg_level=SOL_SOCKET, cmsg_type=SCM_RIGHTS, {6}}, msg_flags=0}, 0) = 1
10454 14:58:17.130421 close(6)          = 0
10454 14:58:17.130464 read(4,  <unfinished ...>
10456 14:58:17.130495 read(5, "\1", 1)  = 1
10456 14:58:17.130550 recvmsg(5, {msg_name(0)=NULL, msg_iov(1)=[{"\0", 1}], msg_controllen=16, {cmsg_len=16, cmsg_level=SOL_SOCKET, cmsg_type=SCM_RIGHTS, {6}}, msg_flags=0}, 0) = 1
10456 14:58:17.130629 setsockopt(6, SOL_SOCKET, SO_KEEPALIVE, [1], 4) = 0
10456 14:58:17.130684 setsockopt(6, SOL_IP, IP_TOS, [8], 4) = 0
10456 14:58:17.130736 setsockopt(6, SOL_SOCKET, SO_LINGER, {onoff=1, linger=32767}, 8) = 0
10456 14:58:17.130786 rt_sigaction(SIGALRM, {0x805cad0, ~[RTMIN RT_1], 0}, NULL, 8) = 0
10456 14:58:17.130845 alarm(300)        = 300
10456 14:58:17.130901 write(0, "150 Ok to send data.\r\n", 22) = 22
10456 14:58:17.131213 read(6, "assasaaa\na\na\na\na\n", 65536) = 17
10456 14:58:17.131278 write(4, "assasaaa\na\na\na\na\n", 17) = 17
10456 14:58:17.131350 read(6, "", 65536) = 0
10456 14:58:17.131396 rt_sigaction(SIGALRM, {0x805cad0, ~[RTMIN RT_1], 0}, NULL, 8) = 0
10456 14:58:17.131457 alarm(300)        = 300
10456 14:58:17.131501 close(6)          = 0
10456 14:58:17.131572 alarm(0)          = 300
10456 14:58:17.131617 gettimeofday({1495652297, 131632}, NULL) = 0
10456 14:58:17.131682 gettimeofday({1495652297, 131700}, NULL) = 0
10456 14:58:17.131739 fcntl64(3, F_SETLKW64, {type=F_WRLCK, whence=SEEK_SET, start=0, len=0}, 0xbffd2964) = 0
10456 14:58:17.131803 write(3, "Wed May 24 14:58:17 2017 [pid 10456] [msfadmin] OK UPLOAD: Client \"127.0.0.1\", \"/home/msfadmin/myfile2\", 17 bytes, 6.30Kbyte/sec\n", 129) = 129
10456 14:58:17.131894 fcntl64(3, F_SETLK64, {type=F_UNLCK, whence=SEEK_SET, start=0, len=0}, 0xbffd296c) = 0
10456 14:58:17.132056 write(0, "226 Transfer complete.\r\n", 24) = 24
10456 14:58:17.132239 write(5, "\n", 1) = 1
10454 14:58:17.132293 <... read resumed> "\n", 1) = 1
10454 14:58:17.132324 close(5)          = 0
10454 14:58:17.132377 write(4, "\1", 1) = 1
10454 14:58:17.132426 read(4,  <unfinished ...>
10456 14:58:17.132457 read(5, "\1", 1)  = 1
10456 14:58:17.132506 close(4)          = 0
10456 14:58:17.132555 rt_sigaction(SIGALRM, {0x805cad0, ~[RTMIN RT_1], 0}, NULL, 8) = 0
10456 14:58:17.132622 alarm(300)        = 0
10456 14:58:17.132672 recv(0, "TYPE I\r\n", 4096, MSG_PEEK) = 8
10456 14:58:17.636871 read(0, "TYPE I\r\n", 8) = 8
10456 14:58:17.637171 write(0, "200 Switching to Binary mode.\r\n", 31) = 31
10456 14:58:17.637570 rt_sigaction(SIGALRM, {0x805cad0, ~[RTMIN RT_1], 0}, NULL, 8) = 0
10456 14:58:17.637696 alarm(300)        = 299
10456 14:58:17.637786 recv(0, "PASV\r\n", 4096, MSG_PEEK) = 6
10456 14:58:17.637839 read(0, "PASV\r\n", 6) = 6
10456 14:58:17.637920 write(5, "\n", 1) = 1
10454 14:58:17.637975 <... read resumed> "\n", 1) = 1
10454 14:58:17.638010 write(4, "\1", 1) = 1
10454 14:58:17.638057 read(4,  <unfinished ...>
10456 14:58:17.638088 read(5, "\1", 1)  = 1
10456 14:58:17.638140 write(5, "\f", 1) = 1
10454 14:58:17.638183 <... read resumed> "\f", 1) = 1
10454 14:58:17.638218 socket(PF_INET, SOCK_STREAM, IPPROTO_TCP) = 5
10454 14:58:17.638279 setsockopt(5, SOL_SOCKET, SO_REUSEADDR, [1], 4) = 0
10454 14:58:17.638400 bind(5, {sa_family=AF_INET, sin_port=htons(50829), sin_addr=inet_addr("127.0.0.1")}, 16) = 0
10454 14:58:17.638470 listen(5, 1)      = 0
10454 14:58:17.638527 write(4, "\215\306\0\0", 4) = 4
10454 14:58:17.638577 read(4,  <unfinished ...>
10456 14:58:17.638609 read(5, "\215\306\0\0", 4) = 4
10456 14:58:17.638679 write(0, "227 Entering Passive Mode (127,0,0,1,198,141).\r\n", 48) = 48
10456 14:58:17.639108 rt_sigaction(SIGALRM, {0x805cad0, ~[RTMIN RT_1], 0}, NULL, 8) = 0
10456 14:58:17.639186 alarm(300)        = 300
10456 14:58:17.639238 recv(0, "STOR myfile3\r\n", 4096, MSG_PEEK) = 14
10456 14:58:17.639393 read(0, "STOR myfile3\r\n", 14) = 14
10456 14:58:17.639463 write(5, "\v", 1) = 1
10454 14:58:17.639512 <... read resumed> "\v", 1) = 1
10454 14:58:17.639545 write(4, "\1\0\0\0", 4) = 4
10454 14:58:17.639593 read(4,  <unfinished ...>
10456 14:58:17.639624 read(5, "\1\0\0\0", 4) = 4
10456 14:58:17.639676 gettimeofday({1495652297, 639693}, NULL) = 0
10456 14:58:17.639725 getcwd("/home/msfadmin", 4096) = 15
10456 14:58:17.639780 open("myfile3", O_WRONLY|O_CREAT|O_NONBLOCK|O_LARGEFILE, 0666) = 4
10456 14:58:17.639840 fstat64(4, {st_mode=S_IFREG|0644, st_size=17, ...}) = 0
10456 14:58:17.639916 fcntl64(4, F_GETFL) = 0x8801 (flags O_WRONLY|O_NONBLOCK|O_LARGEFILE)
10456 14:58:17.639966 fcntl64(4, F_SETFL, O_WRONLY|O_LARGEFILE) = 0
10456 14:58:17.640010 fcntl64(4, F_SETLKW64, {type=F_WRLCK, whence=SEEK_SET, start=0, len=0}, 0xbffd29c4) = 0
10456 14:58:17.640069 ftruncate64(4, 0) = 0
10456 14:58:17.640146 _llseek(4, 0, [0], SEEK_SET) = 0
10456 14:58:17.640196 write(5, "\v", 1) = 1
10454 14:58:17.640309 <... read resumed> "\v", 1) = 1
10454 14:58:17.640350 write(4, "\1\0\0\0", 4) = 4
10454 14:58:17.640400 read(4,  <unfinished ...>
10456 14:58:17.640431 read(5, "\1\0\0\0", 4) = 4
10456 14:58:17.640482 write(5, "\v", 1) = 1
10454 14:58:17.640524 <... read resumed> "\v", 1) = 1
10454 14:58:17.640554 write(4, "\1\0\0\0", 4) = 4
10454 14:58:17.640601 read(4,  <unfinished ...>
10456 14:58:17.640630 read(5, "\1\0\0\0", 4) = 4
10456 14:58:17.640680 write(5, "\r", 1) = 1
10454 14:58:17.640722 <... read resumed> "\r", 1) = 1
10454 14:58:17.640757 select(6, [5], NULL, NULL, {60, 0}) = 1 (in [5], left {60, 0})
10454 14:58:17.640829 accept(5, {sa_family=AF_INET, sin_port=htons(52927), sin_addr=inet_addr("127.0.0.1")}, [16]) = 6
10454 14:58:17.640928 write(4, "\1", 1) = 1
10454 14:58:17.640981 sendmsg(4, {msg_name(0)=NULL, msg_iov(1)=[{"\0", 1}], msg_controllen=16, {cmsg_len=16, cmsg_level=SOL_SOCKET, cmsg_type=SCM_RIGHTS, {6}}, msg_flags=0}, 0) = 1
10454 14:58:17.641055 close(6)          = 0
10454 14:58:17.641098 read(4,  <unfinished ...>
10456 14:58:17.641128 read(5, "\1", 1)  = 1
10456 14:58:17.641185 recvmsg(5, {msg_name(0)=NULL, msg_iov(1)=[{"\0", 1}], msg_controllen=16, {cmsg_len=16, cmsg_level=SOL_SOCKET, cmsg_type=SCM_RIGHTS, {6}}, msg_flags=0}, 0) = 1
10456 14:58:17.641319 setsockopt(6, SOL_SOCKET, SO_KEEPALIVE, [1], 4) = 0
10456 14:58:17.641377 setsockopt(6, SOL_IP, IP_TOS, [8], 4) = 0
10456 14:58:17.641430 setsockopt(6, SOL_SOCKET, SO_LINGER, {onoff=1, linger=32767}, 8) = 0
10456 14:58:17.641481 rt_sigaction(SIGALRM, {0x805cad0, ~[RTMIN RT_1], 0}, NULL, 8) = 0
10456 14:58:17.641541 alarm(300)        = 300
10456 14:58:17.641599 write(0, "150 Ok to send data.\r\n", 22) = 22
10456 14:58:17.641894 read(6, "assasaaa\na\na\na\na\n", 65536) = 17
10456 14:58:17.641956 write(4, "assasaaa\na\na\na\na\n", 17) = 17
10456 14:58:17.642029 read(6, "", 65536) = 0
10456 14:58:17.642075 rt_sigaction(SIGALRM, {0x805cad0, ~[RTMIN RT_1], 0}, NULL, 8) = 0
10456 14:58:17.642148 alarm(300)        = 300
10456 14:58:17.642381 close(6)          = 0
10456 14:58:17.642469 alarm(0)          = 300
10456 14:58:17.642514 gettimeofday({1495652297, 642529}, NULL) = 0
10456 14:58:17.642581 gettimeofday({1495652297, 642598}, NULL) = 0
10456 14:58:17.642638 fcntl64(3, F_SETLKW64, {type=F_WRLCK, whence=SEEK_SET, start=0, len=0}, 0xbffd2964) = 0
10456 14:58:17.642703 write(3, "Wed May 24 14:58:17 2017 [pid 10456] [msfadmin] OK UPLOAD: Client \"127.0.0.1\", \"/home/msfadmin/myfile3\", 17 bytes, 5.71Kbyte/sec\n", 129) = 129
10456 14:58:17.642793 fcntl64(3, F_SETLK64, {type=F_UNLCK, whence=SEEK_SET, start=0, len=0}, 0xbffd296c) = 0
10456 14:58:17.642857 write(0, "226 Transfer complete.\r\n", 24) = 24
10456 14:58:17.643032 write(5, "\n", 1) = 1
10454 14:58:17.643086 <... read resumed> "\n", 1) = 1
10454 14:58:17.643117 close(5)          = 0
10454 14:58:17.643168 write(4, "\1", 1) = 1
10454 14:58:17.643217 read(4,  <unfinished ...>
10456 14:58:17.643296 read(5, "\1", 1)  = 1
10456 14:58:17.643366 close(4)          = 0
10456 14:58:17.643417 rt_sigaction(SIGALRM, {0x805cad0, ~[RTMIN RT_1], 0}, NULL, 8) = 0
10456 14:58:17.643477 alarm(300)        = 0
10456 14:58:17.643526 recv(0, "TYPE I\r\n", 4096, MSG_PEEK) = 8
10456 14:58:18.146818 read(0, "TYPE I\r\n", 8) = 8
10456 14:58:18.147072 write(0, "200 Switching to Binary mode.\r\n", 31) = 31
10456 14:58:18.147550 rt_sigaction(SIGALRM, {0x805cad0, ~[RTMIN RT_1], 0}, NULL, 8) = 0
10456 14:58:18.147672 alarm(300)        = 299
10456 14:58:18.147733 recv(0, "PASV\r\n", 4096, MSG_PEEK) = 6
10456 14:58:18.147785 read(0, "PASV\r\n", 6) = 6
10456 14:58:18.147839 write(5, "\n", 1) = 1
10454 14:58:18.147892 <... read resumed> "\n", 1) = 1
10454 14:58:18.147926 write(4, "\1", 1) = 1
10454 14:58:18.147974 read(4,  <unfinished ...>
10456 14:58:18.148005 read(5, "\1", 1)  = 1
10456 14:58:18.148056 write(5, "\f", 1) = 1
10454 14:58:18.148099 <... read resumed> "\f", 1) = 1
10454 14:58:18.148133 socket(PF_INET, SOCK_STREAM, IPPROTO_TCP) = 5
10454 14:58:18.148193 setsockopt(5, SOL_SOCKET, SO_REUSEADDR, [1], 4) = 0
10454 14:58:18.148301 bind(5, {sa_family=AF_INET, sin_port=htons(45949), sin_addr=inet_addr("127.0.0.1")}, 16) = 0
10454 14:58:18.148395 listen(5, 1)      = 0
10454 14:58:18.148453 write(4, "}\263\0\0", 4) = 4
10454 14:58:18.148503 read(4,  <unfinished ...>
10456 14:58:18.148535 read(5, "}\263\0\0", 4) = 4
10456 14:58:18.148606 write(0, "227 Entering Passive Mode (127,0,0,1,179,125).\r\n", 48) = 48
10456 14:58:18.149035 rt_sigaction(SIGALRM, {0x805cad0, ~[RTMIN RT_1], 0}, NULL, 8) = 0
10456 14:58:18.149113 alarm(300)        = 300
10456 14:58:18.149165 recv(0, "STOR myfile4\r\n", 4096, MSG_PEEK) = 14
10456 14:58:18.149351 read(0, "STOR myfile4\r\n", 14) = 14
10456 14:58:18.149422 write(5, "\v", 1 <unfinished ...>
10454 14:58:18.149459 <... read resumed> "\v", 1) = 1
10456 14:58:18.149481 <... write resumed> ) = 1
10454 14:58:18.149510 write(4, "\1\0\0\0", 4) = 4
10454 14:58:18.149558 read(4,  <unfinished ...>
10456 14:58:18.149589 read(5, "\1\0\0\0", 4) = 4
10456 14:58:18.149640 gettimeofday({1495652298, 149657}, NULL) = 0
10456 14:58:18.149689 getcwd("/home/msfadmin", 4096) = 15
10456 14:58:18.149743 open("myfile4", O_WRONLY|O_CREAT|O_NONBLOCK|O_LARGEFILE, 0666) = 4
10456 14:58:18.149802 fstat64(4, {st_mode=S_IFREG|0644, st_size=17, ...}) = 0
10456 14:58:18.149879 fcntl64(4, F_GETFL) = 0x8801 (flags O_WRONLY|O_NONBLOCK|O_LARGEFILE)
10456 14:58:18.149928 fcntl64(4, F_SETFL, O_WRONLY|O_LARGEFILE) = 0
10456 14:58:18.149973 fcntl64(4, F_SETLKW64, {type=F_WRLCK, whence=SEEK_SET, start=0, len=0}, 0xbffd29c4) = 0
10456 14:58:18.150032 ftruncate64(4, 0) = 0
10456 14:58:18.150105 _llseek(4, 0, [0], SEEK_SET) = 0
10456 14:58:18.150155 write(5, "\v", 1 <unfinished ...>
10454 14:58:18.150247 <... read resumed> "\v", 1) = 1
10456 14:58:18.150274 <... write resumed> ) = 1
10454 14:58:18.150302 write(4, "\1\0\0\0", 4) = 4
10454 14:58:18.150350 read(4,  <unfinished ...>
10456 14:58:18.150381 read(5, "\1\0\0\0", 4) = 4
10456 14:58:18.150432 write(5, "\v", 1) = 1
10454 14:58:18.150500 <... read resumed> "\v", 1) = 1
10454 14:58:18.150549 write(4, "\1\0\0\0", 4) = 4
10454 14:58:18.150600 read(4,  <unfinished ...>
10456 14:58:18.150631 read(5, "\1\0\0\0", 4) = 4
10456 14:58:18.150681 write(5, "\r", 1) = 1
10454 14:58:18.150724 <... read resumed> "\r", 1) = 1
10454 14:58:18.150758 select(6, [5], NULL, NULL, {60, 0}) = 1 (in [5], left {60, 0})
10454 14:58:18.150830 accept(5, {sa_family=AF_INET, sin_port=htons(57636), sin_addr=inet_addr("127.0.0.1")}, [16]) = 6
10454 14:58:18.150930 write(4, "\1", 1) = 1
10454 14:58:18.150982 sendmsg(4, {msg_name(0)=NULL, msg_iov(1)=[{"\0", 1}], msg_controllen=16, {cmsg_len=16, cmsg_level=SOL_SOCKET, cmsg_type=SCM_RIGHTS, {6}}, msg_flags=0}, 0) = 1
10454 14:58:18.151055 close(6)          = 0
10454 14:58:18.151099 read(4,  <unfinished ...>
10456 14:58:18.151129 read(5, "\1", 1)  = 1
10456 14:58:18.151228 recvmsg(5, {msg_name(0)=NULL, msg_iov(1)=[{"\0", 1}], msg_controllen=16, {cmsg_len=16, cmsg_level=SOL_SOCKET, cmsg_type=SCM_RIGHTS, {6}}, msg_flags=0}, 0) = 1
10456 14:58:18.151313 setsockopt(6, SOL_SOCKET, SO_KEEPALIVE, [1], 4) = 0
10456 14:58:18.151368 setsockopt(6, SOL_IP, IP_TOS, [8], 4) = 0
10456 14:58:18.151420 setsockopt(6, SOL_SOCKET, SO_LINGER, {onoff=1, linger=32767}, 8) = 0
10456 14:58:18.151470 rt_sigaction(SIGALRM, {0x805cad0, ~[RTMIN RT_1], 0}, NULL, 8) = 0
10456 14:58:18.151530 alarm(300)        = 300
10456 14:58:18.151587 write(0, "150 Ok to send data.\r\n", 22) = 22
10456 14:58:18.151879 read(6, "assasaaa\na\na\na\na\n", 65536) = 17
10456 14:58:18.151942 write(4, "assasaaa\na\na\na\na\n", 17) = 17
10456 14:58:18.152013 read(6, "", 65536) = 0
10456 14:58:18.152060 rt_sigaction(SIGALRM, {0x805cad0, ~[RTMIN RT_1], 0}, NULL, 8) = 0
10456 14:58:18.152120 alarm(300)        = 300
10456 14:58:18.152271 close(6)          = 0
10456 14:58:18.152352 alarm(0)          = 300
10456 14:58:18.152397 gettimeofday({1495652298, 152413}, NULL) = 0
10456 14:58:18.152465 gettimeofday({1495652298, 152482}, NULL) = 0
10456 14:58:18.152522 fcntl64(3, F_SETLKW64, {type=F_WRLCK, whence=SEEK_SET, start=0, len=0}, 0xbffd2964) = 0
10456 14:58:18.152587 write(3, "Wed May 24 14:58:18 2017 [pid 10456] [msfadmin] OK UPLOAD: Client \"127.0.0.1\", \"/home/msfadmin/myfile4\", 17 bytes, 5.88Kbyte/sec\n", 129) = 129
10456 14:58:18.152678 fcntl64(3, F_SETLK64, {type=F_UNLCK, whence=SEEK_SET, start=0, len=0}, 0xbffd296c) = 0
10456 14:58:18.152742 write(0, "226 Transfer complete.\r\n", 24) = 24
10456 14:58:18.152917 write(5, "\n", 1 <unfinished ...>
10454 14:58:18.152959 <... read resumed> "\n", 1) = 1
10456 14:58:18.152981 <... write resumed> ) = 1
10454 14:58:18.153008 close(5)          = 0
10454 14:58:18.153059 write(4, "\1", 1) = 1
10454 14:58:18.153153 read(4,  <unfinished ...>
10456 14:58:18.153190 read(5, "\1", 1)  = 1
10456 14:58:18.153242 close(4)          = 0
10456 14:58:18.153291 rt_sigaction(SIGALRM, {0x805cad0, ~[RTMIN RT_1], 0}, NULL, 8) = 0
10456 14:58:18.153352 alarm(300)        = 0
10456 14:58:18.153401 recv(0,  <unfinished ...>
10451 14:58:18.594812 <... read resumed> "\n", 1) = 1
10451 14:58:18.595091 stat64(".", {st_mode=S_IFDIR|0755, st_size=4096, ...}) = 0
10451 14:58:18.595294 stat64("/sbin/nohup", 0xbfdc5f08) = -1 ENOENT (No such file or directory)
10451 14:58:18.595418 stat64("/bin/nohup", 0xbfdc5f08) = -1 ENOENT (No such file or directory)
10451 14:58:18.595569 stat64("/usr/sbin/nohup", 0xbfdc5f08) = -1 ENOENT (No such file or directory)
10451 14:58:18.595639 stat64("/usr/bin/nohup", {st_mode=S_IFREG|0755, st_size=26336, ...}) = 0
10451 14:58:18.595720 stat64("/usr/bin/nohup", {st_mode=S_IFREG|0755, st_size=26336, ...}) = 0
10451 14:58:18.595826 rt_sigprocmask(SIG_BLOCK, [INT CHLD], [], 8) = 0
10451 14:58:18.595947 clone(child_stack=0, flags=CLONE_CHILD_CLEARTID|CLONE_CHILD_SETTID|SIGCHLD, child_tidptr=0xb7d626f8) = 10457
10457 14:58:18.596184 rt_sigprocmask(SIG_SETMASK, [], NULL, 8) = 0
10457 14:58:18.596262 rt_sigaction(SIGTSTP, {SIG_DFL}, {SIG_DFL}, 8) = 0
10457 14:58:18.596322 rt_sigaction(SIGTTIN, {SIG_DFL}, {SIG_DFL}, 8) = 0
10457 14:58:18.596375 rt_sigaction(SIGTTOU, {SIG_DFL}, {SIG_DFL}, 8) = 0
10457 14:58:18.596387 rt_sigaction(SIGINT, {SIG_DFL}, {SIG_DFL}, 8) = 0
10457 14:58:18.596422 rt_sigaction(SIGQUIT, {SIG_DFL}, {SIG_IGN}, 8) = 0
10457 14:58:18.596481 rt_sigaction(SIGCHLD, {SIG_DFL}, {0x807e540, [], 0}, 8) = 0
10457 14:58:18.596698 open("/dev/null", O_WRONLY|O_CREAT|O_TRUNC|O_LARGEFILE, 0666) = 7
10457 14:58:18.596846 dup2(7, 1)        = 1
10457 14:58:18.596909 close(7)          = 0
10457 14:58:18.596953 dup2(1, 2)        = 2
10457 14:58:18.596993 fcntl64(1, F_GETFD) = 0
10457 14:58:18.597049 execve("/usr/bin/nohup", ["nohup"], [/* 16 vars */]) = 0
10457 14:58:18.597361 brk(0)            = 0x804f000
10457 14:58:18.597445 access("/etc/ld.so.nohwcap", F_OK) = -1 ENOENT (No such file or directory)
10457 14:58:18.597594 mmap2(NULL, 8192, PROT_READ|PROT_WRITE, MAP_PRIVATE|MAP_ANONYMOUS, -1, 0) = 0xb7f18000
10457 14:58:18.597686 access("/etc/ld.so.preload", R_OK) = -1 ENOENT (No such file or directory)
10457 14:58:18.597757 open("/etc/ld.so.cache", O_RDONLY) = 7
10457 14:58:18.597812 fstat64(7, {st_mode=S_IFREG|0644, st_size=29913, ...}) = 0
10457 14:58:18.597888 mmap2(NULL, 29913, PROT_READ, MAP_PRIVATE, 7, 0) = 0xb7f10000
10457 14:58:18.597934 close(7)          = 0
10457 14:58:18.597982 access("/etc/ld.so.nohwcap", F_OK) = -1 ENOENT (No such file or directory)
10457 14:58:18.598049 open("/lib/tls/i686/cmov/libc.so.6", O_RDONLY) = 7
10457 14:58:18.598111 read(7, "\177ELF\1\1\1\0\0\0\0\0\0\0\0\0\3\0\3\0\1\0\0\0\260e\1\0004\0\0\0\4\307\24\0\0\0\0\0004\0 \0\n\0(\0D\0C\0\6\0\0\0004\0\0\0004\0\0\0004\0\0\0@\1\0\0@\1\0\0\5\0\0\0\4\0\0\0\3\0\0\0\2200\23\0\2200\23\0\2200\23\0\23\0\0\0\23\0\0\0\4\0\0\0\1\0\0\0\1\0\0\0\0\0\0\0\0\0\0\0\0\0\0\0(\215\24\0(\215\24\0\5\0\0\0\0\20\0\0\1\0\0\0\354\221\24\0\354\221\24\0\354\221\24\0\260\'\0\0\204T\0\0\6\0\0\0\0\20\0\0\2\0\0\0\234\255\24\0\234\255\24\0\234\255\24\0\360\0\0\0\360\0\0\0\6\0\0\0\4\0\0\0\4\0\0\0t\1\0\0t\1\0\0t\1\0\0 \0\0\0 \0\0\0\4\0\0\0\4\0\0\0\7\0\0\0\354\221\24\0\354\221\24\0\354\221\24\0\10\0\0\0,\0\0\0\4\0\0\0\4\0\0\0P\345td\2440\23\0\2440\23\0\2440\23\0\354+\0\0\354+\0\0\4\0\0\0\4\0\0\0Q\345td\0\0\0\0\0\0\0\0\0\0\0\0\0\0\0\0\0\0\0\0\6\0\0\0\4\0\0\0R\345td\354\221\24\0\354\221\24\0\354\221\24\0\10\36\0\0\10\36\0\0\4\0\0\0\1\0\0\0\4\0\0\0\20\0\0\0\1\0\0\0GNU\0\0\0\0\0\2\0\0\0\6\0\0\0\10\0\0\0\363\3\0\0\n\0\0\0\0\2\0\0\16\0\0\0\2400\20D\200 \2\1\214\3\346\220AE\210\0\204\0\10\0A\200\0@\300\200\0\f\2\f\0\0010\0\10@\"\10\246\4\210H6l\240\0260\0&\204\200\216\4\10B$\2\f\246\244\32\6c\310\0\302 \1\300\0R\0!\201\10\4\n  \250\24\0\24(`\0\0P\240\312DB", 512) = 512
10457 14:58:18.598698 fstat64(7, {st_mode=S_IFREG|0755, st_size=1364388, ...}) = 0
10457 14:58:18.598786 mmap2(NULL, 1369712, PROT_READ|PROT_EXEC, MAP_PRIVATE|MAP_DENYWRITE, 7, 0) = 0xb7dc1000
10457 14:58:18.598842 mmap2(0xb7f0a000, 12288, PROT_READ|PROT_WRITE, MAP_PRIVATE|MAP_FIXED|MAP_DENYWRITE, 7, 0x149) = 0xb7f0a000
10457 14:58:18.598916 mmap2(0xb7f0d000, 9840, PROT_READ|PROT_WRITE, MAP_PRIVATE|MAP_FIXED|MAP_ANONYMOUS, -1, 0) = 0xb7f0d000
10457 14:58:18.598982 close(7)          = 0
10457 14:58:18.599058 mmap2(NULL, 4096, PROT_READ|PROT_WRITE, MAP_PRIVATE|MAP_ANONYMOUS, -1, 0) = 0xb7dc0000
10457 14:58:18.599110 set_thread_area({entry_number:-1 -> 6, base_addr:0xb7dc06b0, limit:1048575, seg_32bit:1, contents:0, read_exec_only:0, limit_in_pages:1, seg_not_present:0, useable:1}) = 0
10457 14:58:18.599300 mprotect(0xb7f0a000, 4096, PROT_READ) = 0
10457 14:58:18.599367 munmap(0xb7f10000, 29913) = 0
10457 14:58:18.599655 brk(0)            = 0x804f000
10457 14:58:18.599710 brk(0x8070000)    = 0x8070000
10457 14:58:18.599830 write(2, "nohup: ", 7) = 7
10457 14:58:18.599889 write(2, "missing operand", 15) = 15
10457 14:58:18.599939 write(2, "\n", 1) = 1
10457 14:58:18.599993 write(2, "Try `nohup --help\' for more information.\n", 41) = 41
10457 14:58:18.600097 close(1)          = 0
10457 14:58:18.600163 close(2)          = 0
10457 14:58:18.600218 exit_group(127)   = ?
10451 14:58:18.600360 rt_sigprocmask(SIG_SETMASK, [], NULL, 8) = 0
10451 14:58:18.600419 --- SIGCHLD (Child exited) @ 0 (0) ---
10451 14:58:18.600456 waitpid(-1, [{WIFEXITED(s) && WEXITSTATUS(s) == 127}], WNOHANG) = 10457
10451 14:58:18.600605 waitpid(-1, 0xbfdc5b88, WNOHANG) = 0
10451 14:58:18.600653 sigreturn()       = ? (mask now [])
10451 14:58:18.600755 rt_sigprocmask(SIG_BLOCK, [CHLD], [], 8) = 0
10451 14:58:18.600822 rt_sigprocmask(SIG_SETMASK, [], NULL, 8) = 0
10451 14:58:18.600871 rt_sigprocmask(SIG_BLOCK, [CHLD], [], 8) = 0
10451 14:58:18.600926 rt_sigaction(SIGINT, {0x807f150, [], 0}, {SIG_DFL}, 8) = 0
10451 14:58:18.600995 rt_sigprocmask(SIG_SETMASK, [], NULL, 8) = 0
10451 14:58:18.601043 rt_sigaction(SIGINT, {SIG_DFL}, {0x807f150, [], 0}, 8) = 0
10451 14:58:18.601113 rt_sigprocmask(SIG_BLOCK, NULL, [], 8) = 0
10451 14:58:18.601168 read(0, "e", 1)   = 1
10451 14:58:18.601223 read(0, "c", 1)   = 1
10451 14:58:18.601268 read(0, "h", 1)   = 1
10451 14:58:18.601312 read(0, "o", 1)   = 1
10451 14:58:18.601355 read(0, " ", 1)   = 1
10451 14:58:18.601399 read(0, "J", 1)   = 1
10451 14:58:18.601442 read(0, "y", 1)   = 1
10451 14:58:18.601536 read(0, "6", 1)   = 1
10451 14:58:18.601586 read(0, "5", 1)   = 1
10451 14:58:18.601629 read(0, "b", 1)   = 1
10451 14:58:18.601673 read(0, "w", 1)   = 1
10451 14:58:18.601717 read(0, "W", 1)   = 1
10451 14:58:18.601760 read(0, "D", 1)   = 1
10451 14:58:18.601804 read(0, "W", 1)   = 1
10451 14:58:18.601847 read(0, "K", 1)   = 1
10451 14:58:18.601891 read(0, "t", 1)   = 1
10451 14:58:18.601934 read(0, "8", 1)   = 1
10451 14:58:18.601978 read(0, "1", 1)   = 1
10451 14:58:18.602021 read(0, "4", 1)   = 1
10451 14:58:18.602064 read(0, "U", 1)   = 1
10451 14:58:18.602108 read(0, "L", 1)   = 1
10451 14:58:18.602151 read(0, "\n", 1)  = 1
10451 14:58:18.602287 write(1, "Jy65bwWDWKt814UL\n", 17) = 17
10451 14:58:18.602675 rt_sigprocmask(SIG_BLOCK, NULL, [], 8) = 0
10451 14:58:18.602777 read(0,  <unfinished ...>
10456 14:58:18.696192 <... recv resumed> "TYPE I\r\n", 4096, MSG_PEEK) = 8
10456 14:58:18.696257 read(0, "TYPE I\r\n", 8) = 8
10456 14:58:18.696312 write(0, "200 Switching to Binary mode.\r\n", 31) = 31
10456 14:58:18.696444 rt_sigaction(SIGALRM, {0x805cad0, ~[RTMIN RT_1], 0}, NULL, 8) = 0
10456 14:58:18.696519 alarm(300)        = 299
10456 14:58:18.696572 recv(0, "PASV\r\n", 4096, MSG_PEEK) = 6
10456 14:58:18.696624 read(0, "PASV\r\n", 6) = 6
10456 14:58:18.696677 write(5, "\n", 1 <unfinished ...>
10454 14:58:18.696721 <... read resumed> "\n", 1) = 1
10456 14:58:18.696746 <... write resumed> ) = 1
10454 14:58:18.696776 write(4, "\1", 1) = 1
10454 14:58:18.696868 read(4,  <unfinished ...>
10456 14:58:18.696906 read(5, "\1", 1)  = 1
10456 14:58:18.696960 write(5, "\f", 1 <unfinished ...>
10454 14:58:18.696994 <... read resumed> "\f", 1) = 1
10456 14:58:18.697017 <... write resumed> ) = 1
10454 14:58:18.697048 socket(PF_INET, SOCK_STREAM, IPPROTO_TCP) = 5
10454 14:58:18.697109 setsockopt(5, SOL_SOCKET, SO_REUSEADDR, [1], 4) = 0
10454 14:58:18.697168 bind(5, {sa_family=AF_INET, sin_port=htons(24241), sin_addr=inet_addr("127.0.0.1")}, 16) = 0
10454 14:58:18.697233 listen(5, 1)      = 0
10454 14:58:18.697287 write(4, "\261^\0\0", 4) = 4
10454 14:58:18.697342 read(4,  <unfinished ...>
10456 14:58:18.697374 read(5, "\261^\0\0", 4) = 4
10456 14:58:18.697445 write(0, "227 Entering Passive Mode (127,0,0,1,94,177).\r\n", 47) = 47
10456 14:58:18.697891 rt_sigaction(SIGALRM, {0x805cad0, ~[RTMIN RT_1], 0}, NULL, 8) = 0
10456 14:58:18.697967 alarm(300)        = 300
10456 14:58:18.698016 recv(0, "STOR myfile5\r\n", 4096, MSG_PEEK) = 14
10456 14:58:18.698072 read(0, "STOR myfile5\r\n", 14) = 14
10456 14:58:18.698133 write(5, "\v", 1 <unfinished ...>
10454 14:58:18.698173 <... read resumed> "\v", 1) = 1
10456 14:58:18.698197 <... write resumed> ) = 1
10454 14:58:18.698224 write(4, "\1\0\0\0", 4) = 4
10454 14:58:18.698274 read(4,  <unfinished ...>
10456 14:58:18.698305 read(5, "\1\0\0\0", 4) = 4
10456 14:58:18.698358 gettimeofday({1495652298, 698370}, NULL) = 0
10456 14:58:18.698393 getcwd("/home/msfadmin", 4096) = 15
10456 14:58:18.698446 open("myfile5", O_WRONLY|O_CREAT|O_NONBLOCK|O_LARGEFILE, 0666) = 4
10456 14:58:18.698575 fstat64(4, {st_mode=S_IFREG|0644, st_size=17, ...}) = 0
10456 14:58:18.698656 fcntl64(4, F_GETFL) = 0x8801 (flags O_WRONLY|O_NONBLOCK|O_LARGEFILE)
10456 14:58:18.698706 fcntl64(4, F_SETFL, O_WRONLY|O_LARGEFILE) = 0
10456 14:58:18.698859 fcntl64(4, F_SETLKW64, {type=F_WRLCK, whence=SEEK_SET, start=0, len=0}, 0xbffd29c4) = 0
10456 14:58:18.698929 ftruncate64(4, 0) = 0
10456 14:58:18.699005 _llseek(4, 0, [0], SEEK_SET) = 0
10456 14:58:18.699057 write(5, "\v", 1 <unfinished ...>
10454 14:58:18.699096 <... read resumed> "\v", 1) = 1
10456 14:58:18.699119 <... write resumed> ) = 1
10454 14:58:18.699143 write(4, "\1\0\0\0", 4) = 4
10454 14:58:18.699191 read(4,  <unfinished ...>
10456 14:58:18.699213 read(5, "\1\0\0\0", 4) = 4
10456 14:58:18.699246 write(5, "\v", 1 <unfinished ...>
10454 14:58:18.699283 <... read resumed> "\v", 1) = 1
10456 14:58:18.699301 <... write resumed> ) = 1
10454 14:58:18.699318 write(4, "\1\0\0\0", 4) = 4
10454 14:58:18.699348 read(4,  <unfinished ...>
10456 14:58:18.699366 read(5, "\1\0\0\0", 4) = 4
10456 14:58:18.699397 write(5, "\r", 1 <unfinished ...>
10454 14:58:18.699416 <... read resumed> "\r", 1) = 1
10456 14:58:18.699429 <... write resumed> ) = 1
10454 14:58:18.699449 select(6, [5], NULL, NULL, {60, 0}) = 1 (in [5], left {60, 0})
10454 14:58:18.699495 accept(5, {sa_family=AF_INET, sin_port=htons(42774), sin_addr=inet_addr("127.0.0.1")}, [16]) = 6
10454 14:58:18.699559 write(4, "\1", 1) = 1
10454 14:58:18.699593 sendmsg(4, {msg_name(0)=NULL, msg_iov(1)=[{"\0", 1}], msg_controllen=16, {cmsg_len=16, cmsg_level=SOL_SOCKET, cmsg_type=SCM_RIGHTS, {6}}, msg_flags=0}, 0) = 1
10454 14:58:18.699638 close(6)          = 0
10454 14:58:18.699665 read(4,  <unfinished ...>
10456 14:58:18.699684 read(5, "\1", 1)  = 1
10456 14:58:18.699751 recvmsg(5, {msg_name(0)=NULL, msg_iov(1)=[{"\0", 1}], msg_controllen=16, {cmsg_len=16, cmsg_level=SOL_SOCKET, cmsg_type=SCM_RIGHTS, {6}}, msg_flags=0}, 0) = 1
10456 14:58:18.699823 setsockopt(6, SOL_SOCKET, SO_KEEPALIVE, [1], 4) = 0
10456 14:58:18.699876 setsockopt(6, SOL_IP, IP_TOS, [8], 4) = 0
10456 14:58:18.699916 setsockopt(6, SOL_SOCKET, SO_LINGER, {onoff=1, linger=32767}, 8) = 0
10456 14:58:18.699948 rt_sigaction(SIGALRM, {0x805cad0, ~[RTMIN RT_1], 0}, NULL, 8) = 0
10456 14:58:18.699986 alarm(300)        = 300
10456 14:58:18.700025 write(0, "150 Ok to send data.\r\n", 22) = 22
10456 14:58:18.700251 read(6, "assasaaa\na\na\na\na\n", 65536) = 17
10456 14:58:18.700289 write(4, "assasaaa\na\na\na\na\n", 17) = 17
10456 14:58:18.700337 read(6, "", 65536) = 0
10456 14:58:18.700366 rt_sigaction(SIGALRM, {0x805cad0, ~[RTMIN RT_1], 0}, NULL, 8) = 0
10456 14:58:18.700404 alarm(300)        = 300
10456 14:58:18.700431 close(6)          = 0
10456 14:58:18.700477 alarm(0)          = 300
10456 14:58:18.700505 gettimeofday({1495652298, 700515}, NULL) = 0
10456 14:58:18.700546 gettimeofday({1495652298, 700557}, NULL) = 0
10456 14:58:18.700581 fcntl64(3, F_SETLKW64, {type=F_WRLCK, whence=SEEK_SET, start=0, len=0}, 0xbffd2964) = 0
10456 14:58:18.700622 write(3, "Wed May 24 14:58:18 2017 [pid 10456] [msfadmin] OK UPLOAD: Client \"127.0.0.1\", \"/home/msfadmin/myfile5\", 17 bytes, 7.59Kbyte/sec\n", 129) = 129
10456 14:58:18.700706 fcntl64(3, F_SETLK64, {type=F_UNLCK, whence=SEEK_SET, start=0, len=0}, 0xbffd296c) = 0
10456 14:58:18.700751 write(0, "226 Transfer complete.\r\n", 24) = 24
10456 14:58:18.700866 write(5, "\n", 1 <unfinished ...>
10454 14:58:18.700892 <... read resumed> "\n", 1) = 1
10456 14:58:18.700905 <... write resumed> ) = 1
10454 14:58:18.700922 close(5)          = 0
10454 14:58:18.700954 write(4, "\1", 1) = 1
10454 14:58:18.700984 read(4,  <unfinished ...>
10456 14:58:18.701004 read(5, "\1", 1)  = 1
10456 14:58:18.701034 close(4)          = 0
10456 14:58:18.701064 rt_sigaction(SIGALRM, {0x805cad0, ~[RTMIN RT_1], 0}, NULL, 8) = 0
10456 14:58:18.701100 alarm(300)        = 0
10456 14:58:18.701130 recv(0,  <unfinished ...>
10451 14:58:18.740068 <... read resumed> "", 1) = 0
10451 14:58:18.740202 exit_group(0)     = ?
10452 14:58:18.740335 <... read resumed> "", 1) = 0
10452 14:58:18.740390 fcntl64(0, F_GETFL) = 0x2 (flags O_RDWR)
10452 14:58:18.740431 fcntl64(0, F_SETFL, O_RDWR|O_NONBLOCK) = 0
10452 14:58:18.740466 write(0, "500 OOPS: ", 10) = 10
10452 14:58:18.740629 write(0, "priv_sock_get_result", 20) = 20
10452 14:58:18.740829 write(0, "\r\n", 2) = -1 EPIPE (Broken pipe)
10452 14:58:18.740865 --- SIGPIPE (Broken pipe) @ 0 (0) ---
10452 14:58:18.740929 sigreturn()       = ? (mask now [])
10452 14:58:18.740974 exit_group(1)     = ?
4439  14:58:18.741320 <... select resumed> ) = ? ERESTARTNOHAND (To be restarted)
4439  14:58:18.741355 --- SIGCHLD (Child exited) @ 0 (0) ---
4439  14:58:18.741371 write(4, "\21", 1) = 1
4439  14:58:18.741486 sigreturn( <unfinished ...>
