18038 16:22:56.723187 open("/etc/pam.d/other", O_RDONLY|O_LARGEFILE) = 5
18038 16:22:56.723228 fstat64(5, {st_mode=S_IFREG|0644, st_size=520, ...}) = 0
18038 16:22:56.723275 mmap2(NULL, 4096, PROT_READ|PROT_WRITE, MAP_PRIVATE|MAP_ANONYMOUS, -1, 0) = 0xb7f0a000
18038 16:22:56.723310 read(5, "#\n# /etc/pam.d/other - specify the PAM fallback behaviour\n#\n# Note that this file is used for any unspecified service; for example\n#if /etc/pam.d/cron  specifies no session modules but cron calls\n#pam_open_session, the session module out of /etc/pam.d/other is\n#used.  If you really want nothing to happen then use pam_permit.so or\n#pam_deny.so as appropriate.\n\n# We fall back to the system default in /etc/pam.d/common-*\n# \n\n@include common-auth\n@include common-account\n@include common-password\n@include common-session\n", 4096) = 520
18038 16:22:56.723418 stat64("/etc/pam.d", {st_mode=S_IFDIR|0755, st_size=4096, ...}) = 0
18038 16:22:56.723478 open("/etc/pam.d/common-auth", O_RDONLY|O_LARGEFILE) = 6
18038 16:22:56.723563 fstat64(6, {st_mode=S_IFREG|0644, st_size=476, ...}) = 0
18038 16:22:56.723607 mmap2(NULL, 4096, PROT_READ|PROT_WRITE, MAP_PRIVATE|MAP_ANONYMOUS, -1, 0) = 0xb7f04000
18038 16:22:56.723639 read(6, "#\n# /etc/pam.d/common-auth - authentication settings common to all services\n#\n# This file is included from other service-specific PAM config files,\n# and should contain a list of the authentication modules that define\n# the central authentication scheme for use on the system\n# (e.g., /etc/shadow, LDAP, Kerberos, etc.).  The default is to use the\n# traditional Unix authentication mechanisms.\n#\nauth\trequisite\tpam_unix.so nullok_secure\n# auth\toptional\tpam_smbpass.so migrate\n", 4096) = 476
18038 16:22:56.723734 read(6, "", 4096) = 0
18038 16:22:56.723765 close(6)          = 0
18038 16:22:56.723794 munmap(0xb7f04000, 4096) = 0
18038 16:22:56.723826 stat64("/etc/pam.d", {st_mode=S_IFDIR|0755, st_size=4096, ...}) = 0
18038 16:22:56.723871 open("/etc/pam.d/common-account", O_RDONLY|O_LARGEFILE) = 6
18038 16:22:56.723906 fstat64(6, {st_mode=S_IFREG|0644, st_size=392, ...}) = 0
18038 16:22:56.723946 mmap2(NULL, 4096, PROT_READ|PROT_WRITE, MAP_PRIVATE|MAP_ANONYMOUS, -1, 0) = 0xb7f04000
18038 16:22:56.723982 read(6, "#\n# /etc/pam.d/common-account - authorization settings common to all services\n#\n# This file is included from other service-specific PAM config files,\n# and should contain a list of the authorization modules that define\n# the central access policy for use on the system.  The default is to\n# only deny service to users whose accounts are expired in /etc/shadow.\n#\naccount\trequired\tpam_unix.so\n", 4096) = 392
18038 16:22:56.724064 read(6, "", 4096) = 0
18038 16:22:56.724094 close(6)          = 0
18038 16:22:56.724123 munmap(0xb7f04000, 4096) = 0
18038 16:22:56.724153 stat64("/etc/pam.d", {st_mode=S_IFDIR|0755, st_size=4096, ...}) = 0
18038 16:22:56.724197 open("/etc/pam.d/common-password", O_RDONLY|O_LARGEFILE) = 6
18038 16:22:56.724232 fstat64(6, {st_mode=S_IFREG|0644, st_size=1563, ...}) = 0
18038 16:22:56.724273 mmap2(NULL, 4096, PROT_READ|PROT_WRITE, MAP_PRIVATE|MAP_ANONYMOUS, -1, 0) = 0xb7f04000
18038 16:22:56.724302 read(6, "#\n# /etc/pam.d/common-password - password-related modules common to all services\n#\n# This file is included from other service-specific PAM config files,\n# and should contain a list of modules that define the services to be\n# used to change user passwords.  The default is pam_unix.\n\n# Explanation of pam_unix options:\n#\n# The \"nullok\" option allows users to change an empty password, else\n# empty passwords are treated as locked accounts.\n#\n# The \"md5\" option enables MD5 passwords.  Without this option, the\n# default is Unix crypt.\n#\n# The \"obscure\" option replaces the old `OBSCURE_CHECKS_ENAB\' option in\n# login.defs.\n#\n# You can also use the \"min\" option to enforce the length of the new\n# password.\n#\n# See the pam_unix manpage for other options.\n\npassword   requisite   pam_unix.so nullok obscure md5\n\n# Alternate strength checking for password. Note that this\n# requires the libpam-cracklib package to be installed.\n# You will need to comment out the password line above and\n# uncomment the next two in order to use this.\n# (Replaces the `OBSCURE_CHECKS_ENAB\', `CRACKLIB_DICTPATH\')\n#\n# password required\t  pam_cracklib.so retry=3 minlen=6 difok=3\n# password required\t  pam_unix.so use_authtok nullok md5\n\n# minimally-intrusive inclusion of smbpass in the stack for\n# synchronization.  If the module is absent or the passwords don\'t\n# match, this module will be ignored without prompting; and if the \n# passwords do match, the NTLM hash for the user will be updated\n# automatically.\n# password   optional   pam_smbpass.so nullok use_authtok use_first_pass\n", 4096) = 1563
18038 16:22:56.724539 read(6, "", 4096) = 0
18038 16:22:56.724568 close(6)          = 0
18038 16:22:56.724592 munmap(0xb7f04000, 4096) = 0
18038 16:22:56.724626 stat64("/etc/pam.d", {st_mode=S_IFDIR|0755, st_size=4096, ...}) = 0
18038 16:22:56.724661 open("/etc/pam.d/common-session", O_RDONLY|O_LARGEFILE) = 6
18038 16:22:56.724687 fstat64(6, {st_mode=S_IFREG|0644, st_size=372, ...}) = 0
18038 16:22:56.724716 mmap2(NULL, 4096, PROT_READ|PROT_WRITE, MAP_PRIVATE|MAP_ANONYMOUS, -1, 0) = 0xb7f04000
18038 16:22:56.724739 read(6, "#\n# /etc/pam.d/common-session - session-related modules common to all services\n#\n# This file is included from other service-specific PAM config files,\n# and should contain a list of modules that define tasks to be performed\n# at the start and end of sessions of *any* kind (both interactive and\n# non-interactive).  The default is pam_unix.\n#\nsession\trequired\tpam_unix.so\n", 4096) = 372
18038 16:22:56.724797 read(6, "", 4096) = 0
18038 16:22:56.724820 close(6)          = 0
18038 16:22:56.724841 munmap(0xb7f04000, 4096) = 0
18038 16:22:56.724863 read(5, "", 4096) = 0
18038 16:22:56.724884 close(5)          = 0
18038 16:22:56.724904 munmap(0xb7f0a000, 4096) = 0
18038 16:22:56.724930 time(NULL)        = 1495657376
18038 16:22:56.724956 lstat64("/etc/ftpusers", {st_mode=S_IFREG|0644, st_size=132, ...}) = 0
18038 16:22:56.724988 open("/etc/ftpusers", O_RDONLY|O_LARGEFILE) = 5
18038 16:22:56.725017 fstat64(5, {st_mode=S_IFREG|0644, st_size=132, ...}) = 0
18038 16:22:56.725046 mmap2(NULL, 4096, PROT_READ|PROT_WRITE, MAP_PRIVATE|MAP_ANONYMOUS, -1, 0) = 0xb7f0a000
18038 16:22:56.725069 read(5, "# /etc/ftpusers: list of users disallowed FTP access. See ftpusers(5).\n\nroot\ndaemon\nbin\nsys\nsync\ngames\nman\nlp\nmail\nnews\nuucp\nnobody\n", 4096) = 132
18038 16:22:56.725106 read(5, "", 4096) = 0
18038 16:22:56.725127 close(5)          = 0
18038 16:22:56.725148 munmap(0xb7f0a000, 4096) = 0
18038 16:22:56.725177 getuid32()        = 0
18038 16:22:56.725209 open("/etc/passwd", O_RDONLY|0x80000 /* O_??? */) = 5
18038 16:22:56.725238 _llseek(5, 0, [0], SEEK_CUR) = 0
18038 16:22:56.725261 fstat64(5, {st_mode=S_IFREG|0644, st_size=1624, ...}) = 0
18038 16:22:56.725291 mmap2(NULL, 1624, PROT_READ, MAP_SHARED, 5, 0) = 0xb7f0a000
18038 16:22:56.725314 _llseek(5, 1624, [1624], SEEK_SET) = 0
18038 16:22:56.725350 munmap(0xb7f0a000, 1624) = 0
18038 16:22:56.725372 close(5)          = 0
18038 16:22:56.725416 open("/etc/shadow", O_RDONLY|0x80000 /* O_??? */) = 5
18038 16:22:56.725448 _llseek(5, 0, [0], SEEK_CUR) = 0
18038 16:22:56.725505 fstat64(5, {st_mode=S_IFREG|0640, st_size=1233, ...}) = 0
18038 16:22:56.725538 mmap2(NULL, 1233, PROT_READ, MAP_SHARED, 5, 0) = 0xb7f0a000
18038 16:22:56.725562 _llseek(5, 1233, [1233], SEEK_SET) = 0
18038 16:22:56.725597 munmap(0xb7f0a000, 1233) = 0
18038 16:22:56.725619 close(5)          = 0
18038 16:22:56.725653 open("/etc/passwd", O_RDONLY|0x80000 /* O_??? */) = 5
18038 16:22:56.725680 _llseek(5, 0, [0], SEEK_CUR) = 0
18038 16:22:56.725702 fstat64(5, {st_mode=S_IFREG|0644, st_size=1624, ...}) = 0
18038 16:22:56.725731 mmap2(NULL, 1624, PROT_READ, MAP_SHARED, 5, 0) = 0xb7f0a000
18038 16:22:56.725753 _llseek(5, 1624, [1624], SEEK_SET) = 0
18038 16:22:56.725784 munmap(0xb7f0a000, 1624) = 0
18038 16:22:56.725805 close(5)          = 0
18038 16:22:56.725831 open("/etc/shadow", O_RDONLY|0x80000 /* O_??? */) = 5
18038 16:22:56.725856 _llseek(5, 0, [0], SEEK_CUR) = 0
18038 16:22:56.725878 fstat64(5, {st_mode=S_IFREG|0640, st_size=1233, ...}) = 0
18038 16:22:56.725908 mmap2(NULL, 1233, PROT_READ, MAP_SHARED, 5, 0) = 0xb7f0a000
18038 16:22:56.725929 _llseek(5, 1233, [1233], SEEK_SET) = 0
18038 16:22:56.725960 munmap(0xb7f0a000, 1233) = 0
18038 16:22:56.725981 close(5)          = 0
18038 16:22:56.726289 getuid32()        = 0
18038 16:22:56.726312 open("/etc/passwd", O_RDONLY|0x80000 /* O_??? */) = 5
18038 16:22:56.726338 _llseek(5, 0, [0], SEEK_CUR) = 0
18038 16:22:56.726359 fstat64(5, {st_mode=S_IFREG|0644, st_size=1624, ...}) = 0
18038 16:22:56.726390 mmap2(NULL, 1624, PROT_READ, MAP_SHARED, 5, 0) = 0xb7f0a000
18038 16:22:56.726411 _llseek(5, 1624, [1624], SEEK_SET) = 0
18038 16:22:56.726586 munmap(0xb7f0a000, 1624) = 0
18038 16:22:56.726614 close(5)          = 0
18038 16:22:56.726644 open("/etc/shadow", O_RDONLY|0x80000 /* O_??? */) = 5
18038 16:22:56.726671 _llseek(5, 0, [0], SEEK_CUR) = 0
18038 16:22:56.726671 fstat64(5, {st_mode=S_IFREG|0640, st_size=1233, ...}) = 0
18038 16:22:56.726671 mmap2(NULL, 1233, PROT_READ, MAP_SHARED, 5, 0) = 0xb7f0a000
18038 16:22:56.726671 _llseek(5, 1233, [1233], SEEK_SET) = 0
18038 16:22:56.726671 munmap(0xb7f0a000, 1233) = 0
18038 16:22:56.726671 close(5)          = 0
18038 16:22:56.726671 time(NULL)        = 1495657376
18038 16:22:56.726671 munmap(0xb7f07000, 12164) = 0
18038 16:22:56.726671 munmap(0xb7f05000, 7136) = 0
18038 16:22:56.726671 munmap(0xb7d3a000, 95428) = 0
18038 16:22:56.726671 munmap(0xb7d00000, 201052) = 0
18038 16:22:56.726671 munmap(0xb7ce7000, 101180) = 0
18038 16:22:56.726671 gettimeofday({1495657376, 726671}, NULL) = 0
18038 16:22:56.726671 stat64("/usr/share/zoneinfo/UTC+04:00", 0xbfb07474) = -1 ENOENT (No such file or directory)
18038 16:22:56.726671 open("/usr/share/zoneinfo/UTC+04:00", O_RDONLY) = -1 ENOENT (No such file or directory)
18038 16:22:56.726671 fcntl64(3, F_SETLKW64, {type=F_WRLCK, whence=SEEK_SET, start=0, len=0}, 0xbfb075c4) = 0
18038 16:22:56.726671 write(3, "Wed May 24 16:22:56 2017 [pid 18038] [msfadmin] OK LOGIN: Client \"127.0.0.1\"\n", 77) = 77
18038 16:22:56.726671 fcntl64(3, F_SETLK64, {type=F_UNLCK, whence=SEEK_SET, start=0, len=0}, 0xbfb075cc) = 0
18038 16:22:56.726671 rt_sigaction(SIGCHLD, {0x805cad0, ~[RTMIN RT_1], 0}, NULL, 8) = 0
18038 16:22:56.726671 write(4, "\1", 1 <unfinished ...>
18039 16:22:56.726671 <... read resumed> "\1", 1) = 1
18038 16:22:56.726671 <... write resumed> ) = 1
18039 16:22:56.726671 exit_group(0)     = ?
18038 16:22:56.726671 --- SIGCHLD (Child exited) @ 0 (0) ---
18038 16:22:56.726671 sigreturn()       = ? (mask now [])
18038 16:22:56.726671 wait4(-1, [{WIFEXITED(s) && WEXITSTATUS(s) == 0}], 0, NULL) = 18039
18038 16:22:56.726671 close(4)          = 0
18038 16:22:56.726671 socketpair(PF_FILE, SOCK_STREAM, 0, [4, 5]) = 0
18038 16:22:56.726671 rt_sigaction(SIGCHLD, {0x805cad0, ~[RTMIN RT_1], 0}, NULL, 8) = 0
18038 16:22:56.726671 rt_sigaction(SIGALRM, {0x805cb10, ~[RTMIN RT_1], 0}, NULL, 8) = 0
18038 16:22:56.726671 clone(child_stack=0, flags=CLONE_CHILD_CLEARTID|CLONE_CHILD_SETTID|SIGCHLD, child_tidptr=0xb7d706f8) = 18040
18040 16:22:56.726671 prctl(0x1, 0x9, 0, 0, 0) = 0
18040 16:22:56.726671 close(4)          = 0
18040 16:22:56.726671 open("/etc/passwd", O_RDONLY|0x80000 /* O_??? */) = 4
18040 16:22:56.726671 _llseek(4, 0, [0], SEEK_CUR) = 0
18040 16:22:56.726671 fstat64(4, {st_mode=S_IFREG|0644, st_size=1624, ...}) = 0
18040 16:22:56.726671 mmap2(NULL, 1624, PROT_READ, MAP_SHARED, 4, 0) = 0xb7f0a000
18040 16:22:56.726671 _llseek(4, 1624, [1624], SEEK_SET) = 0
18040 16:22:56.726671 munmap(0xb7f0a000, 1624) = 0
18040 16:22:56.726671 close(4)          = 0
18040 16:22:56.726671 getuid32()        = 0
18040 16:22:56.726671 open("/etc/passwd", O_RDONLY|0x80000 /* O_??? */) = 4
18040 16:22:56.726671 _llseek(4, 0, [0], SEEK_CUR) = 0
18040 16:22:56.726671 fstat64(4, {st_mode=S_IFREG|0644, st_size=1624, ...}) = 0
18040 16:22:56.726671 mmap2(NULL, 1624, PROT_READ, MAP_SHARED, 4, 0) = 0xb7f0a000
18040 16:22:56.726671 _llseek(4, 1624, [1624], SEEK_SET) = 0
18040 16:22:56.726671 munmap(0xb7f0a000, 1624) = 0
18040 16:22:56.726671 close(4)          = 0
18040 16:22:56.726671 open("/proc/sys/kernel/ngroups_max", O_RDONLY) = 4
18040 16:22:56.726671 read(4, "65536\n", 31) = 6
18040 16:22:56.726671 close(4)          = 0
18040 16:22:56.726671 socket(PF_FILE, SOCK_STREAM, 0) = 4
18040 16:22:56.726671 fcntl64(4, F_SETFL, O_RDWR|O_NONBLOCK) = 0
18040 16:22:56.726671 connect(4, {sa_family=AF_FILE, path="/var/run/nscd/socket"}, 110) = -1 ENOENT (No such file or directory)
18040 16:22:56.726671 close(4)          = 0
18040 16:22:56.726671 socket(PF_FILE, SOCK_STREAM, 0) = 4
18040 16:22:56.726671 fcntl64(4, F_SETFL, O_RDWR|O_NONBLOCK) = 0
18040 16:22:56.726671 connect(4, {sa_family=AF_FILE, path="/var/run/nscd/socket"}, 110) = -1 ENOENT (No such file or directory)
18040 16:22:56.726671 close(4)          = 0
18040 16:22:56.726671 open("/etc/group", O_RDONLY|0x80000 /* O_??? */) = 4
18040 16:22:56.726671 _llseek(4, 0, [0], SEEK_CUR) = 0
18040 16:22:56.726671 fstat64(4, {st_mode=S_IFREG|0644, st_size=886, ...}) = 0
18040 16:22:56.726671 mmap2(NULL, 886, PROT_READ, MAP_SHARED, 4, 0) = 0xb7f0a000
18040 16:22:56.726671 _llseek(4, 886, [886], SEEK_SET) = 0
18040 16:22:56.726671 fstat64(4, {st_mode=S_IFREG|0644, st_size=886, ...}) = 0
18040 16:22:56.726671 munmap(0xb7f0a000, 886) = 0
18040 16:22:56.726671 close(4)          = 0
18040 16:22:56.726671 setgroups32(13, [1000, 4, 20, 24, 25, 29, 30, 44, 46, 107, 111, 112, 119]) = 0
18040 16:22:56.726671 geteuid32()       = 0
18040 16:22:56.726671 getegid32()       = 0
18040 16:22:56.726671 setregid32(-1, 1000) = 0
18040 16:22:56.726671 setreuid32(-1, 1000) = 0
18040 16:22:56.726671 chdir("/home/msfadmin") = 0
18040 16:22:56.726671 setreuid32(-1, 0) = 0
18040 16:22:56.726671 setregid32(-1, 0) = 0
18040 16:22:56.726671 setgid32(1000)    = 0
18040 16:22:56.726671 setuid32(1000)    = 0
18040 16:22:56.726671 setrlimit(RLIMIT_NPROC, {rlim_cur=0, rlim_max=0}) = 0
18040 16:22:56.726671 mmap2(NULL, 12288, PROT_READ|PROT_WRITE, MAP_PRIVATE|MAP_ANONYMOUS, -1, 0) = 0xb7f08000
18040 16:22:56.726671 mprotect(0xb7f0a000, 4096, PROT_NONE) = 0
18040 16:22:56.726671 mprotect(0xb7f08000, 4096, PROT_NONE) = 0
18040 16:22:56.726671 getcwd("/home/msfadmin", 4096) = 15
18040 16:22:56.726671 umask(022)        = 077
18040 16:22:56.726671 getcwd("/home/msfadmin", 4096) = 15
18040 16:22:56.726671 open(".message", O_RDONLY|O_NONBLOCK|O_LARGEFILE) = -1 ENOENT (No such file or directory)
18040 16:22:56.726671 write(0, "230 Login successful.\r\n", 23) = 23
18040 16:22:56.726671 rt_sigaction(SIGALRM, {0x805cad0, ~[RTMIN RT_1], 0}, NULL, 8) = 0
18040 16:22:56.726671 alarm(300)        = 0
18040 16:22:56.726671 mmap2(NULL, 12288, PROT_READ|PROT_WRITE, MAP_PRIVATE|MAP_ANONYMOUS, -1, 0) = 0xb7f05000
18040 16:22:56.726671 mprotect(0xb7f07000, 4096, PROT_NONE) = 0
18040 16:22:56.726671 mprotect(0xb7f05000, 4096, PROT_NONE) = 0
18040 16:22:56.726671 recv(0, "TYPE I\r\n", 4096, MSG_PEEK) = 8
18040 16:22:56.726671 read(0, "TYPE I\r\n", 8) = 8
18040 16:22:56.726671 write(0, "200 Switching to Binary mode.\r\n", 31) = 31
18040 16:22:56.726671 rt_sigaction(SIGALRM, {0x805cad0, ~[RTMIN RT_1], 0}, NULL, 8) = 0
18040 16:22:56.726671 alarm(300)        = 300
18040 16:22:56.726671 recv(0, "PASV\r\n", 4096, MSG_PEEK) = 6
18040 16:22:56.726671 read(0, "PASV\r\n", 6) = 6
18040 16:22:56.726671 write(5, "\n", 1) = 1
18040 16:22:56.726671 read(5,  <unfinished ...>
18038 16:22:56.726671 close(5)          = 0
18038 16:22:56.726671 getuid32()        = 0
18038 16:22:56.726671 open("/etc/passwd", O_RDONLY|0x80000 /* O_??? */) = 5
18038 16:22:56.726671 _llseek(5, 0, [0], SEEK_CUR) = 0
18038 16:22:56.726671 fstat64(5, {st_mode=S_IFREG|0644, st_size=1624, ...}) = 0
18038 16:22:56.726671 mmap2(NULL, 1624, PROT_READ, MAP_SHARED, 5, 0) = 0xb7f0a000
18038 16:22:56.726671 _llseek(5, 1624, [1624], SEEK_SET) = 0
18038 16:22:56.726671 munmap(0xb7f0a000, 1624) = 0
18038 16:22:56.726671 close(5)          = 0
18038 16:22:56.726671 setgroups32(0, []) = 0
18038 16:22:56.726671 chdir("/usr/share/empty") = 0
18038 16:22:56.726671 chroot(".")       = 0
18038 16:22:56.726671 capset(NULL, NULL) = -1 EFAULT (Bad address)
18038 16:22:56.726671 prctl(0x8, 0, 0xbfb075a8, 0x80549a6, 0xbfb07590) = 0
18038 16:22:56.726671 prctl(0x8, 0x1, 0xbfb075a8, 0x8054a49, 0xbfb07590) = 0
18038 16:22:56.726671 setgid32(65534)   = 0
18038 16:22:56.726671 setuid32(65534)   = 0
18038 16:22:56.726671 capset(0x19980330, 0, {CAP_NET_BIND_SERVICE, CAP_NET_BIND_SERVICE, 0}) = 0
18038 16:22:56.726671 read(4, "\n", 1)  = 1
18038 16:22:56.726671 write(4, "\1", 1) = 1
18040 16:22:56.726671 <... read resumed> "\1", 1) = 1
18040 16:22:56.726671 write(5, "\f", 1) = 1
18040 16:22:56.726671 read(5,  <unfinished ...>
18038 16:22:56.726671 read(4, "\f", 1)  = 1
18038 16:22:56.726671 socket(PF_INET, SOCK_STREAM, IPPROTO_TCP) = 5
18038 16:22:56.726671 setsockopt(5, SOL_SOCKET, SO_REUSEADDR, [1], 4) = 0
18038 16:22:56.726671 gettimeofday({1495657376, 726671}, NULL) = 0
18038 16:22:56.726671 bind(5, {sa_family=AF_INET, sin_port=htons(23697), sin_addr=inet_addr("127.0.0.1")}, 16) = 0
18038 16:22:56.726671 listen(5, 1)      = 0
18038 16:22:56.726671 write(4, "\221\\\0\0", 4) = 4
18040 16:22:56.726671 <... read resumed> "\221\\\0\0", 4) = 4
18040 16:22:56.726671 write(0, "227 Entering Passive Mode (127,0,0,1,92,145).\r\n", 47) = 47
18040 16:22:56.726671 rt_sigaction(SIGALRM, {0x805cad0, ~[RTMIN RT_1], 0}, NULL, 8) = 0
18040 16:22:56.726671 alarm(300)        = 300
18040 16:22:56.726671 recv(0, "STOR myfile25\r\n", 4096, MSG_PEEK) = 15
18040 16:22:56.726671 read(0, "STOR myfile25\r\n", 15) = 15
18040 16:22:56.726671 write(5, "\v", 1) = 1
18040 16:22:56.726671 read(5,  <unfinished ...>
18038 16:22:56.726671 read(4, "\v", 1)  = 1
18038 16:22:56.726671 write(4, "\1\0\0\0", 4) = 4
18040 16:22:56.726671 <... read resumed> "\1\0\0\0", 4) = 4
18040 16:22:56.726671 gettimeofday({1495657376, 726671}, NULL) = 0
18040 16:22:56.726671 getcwd("/home/msfadmin", 4096) = 15
18040 16:22:56.726671 open("myfile25", O_WRONLY|O_CREAT|O_NONBLOCK|O_LARGEFILE, 0666) = 4
18040 16:22:56.726671 fstat64(4, {st_mode=S_IFREG|0644, st_size=17, ...}) = 0
18040 16:22:56.726671 fcntl64(4, F_GETFL) = 0x8801 (flags O_WRONLY|O_NONBLOCK|O_LARGEFILE)
18040 16:22:56.726671 fcntl64(4, F_SETFL, O_WRONLY|O_LARGEFILE) = 0
18040 16:22:56.731393 fcntl64(4, F_SETLKW64, {type=F_WRLCK, whence=SEEK_SET, start=0, len=0}, 0xbfb074f4) = 0
18040 16:22:56.731469 ftruncate64(4, 0) = 0
18040 16:22:56.731510 _llseek(4, 0, [0], SEEK_SET) = 0
18040 16:22:56.731545 write(5, "\v", 1) = 1
18040 16:22:56.731567 read(5,  <unfinished ...>
18038 16:22:56.731586 read(4, "\v", 1)  = 1
18038 16:22:56.731610 write(4, "\1\0\0\0", 4) = 4
18040 16:22:56.731633 <... read resumed> "\1\0\0\0", 4) = 4
18040 16:22:56.731651 write(5, "\v", 1) = 1
18040 16:22:56.731673 read(5,  <unfinished ...>
18038 16:22:56.731691 read(4, "\v", 1)  = 1
18038 16:22:56.731713 write(4, "\1\0\0\0", 4) = 4
18040 16:22:56.731735 <... read resumed> "\1\0\0\0", 4) = 4
18040 16:22:56.731754 write(5, "\r", 1) = 1
18040 16:22:56.731775 read(5,  <unfinished ...>
18038 16:22:56.731793 read(4, "\r", 1)  = 1
18038 16:22:56.731818 select(6, [5], NULL, NULL, {60, 0}) = 1 (in [5], left {60, 0})
18038 16:22:56.731850 accept(5, {sa_family=AF_INET, sin_port=htons(51733), sin_addr=inet_addr("127.0.0.1")}, [16]) = 6
18038 16:22:56.731888 write(4, "\1", 1) = 1
18040 16:22:56.731911 <... read resumed> "\1", 1) = 1
18040 16:22:56.731932 recvmsg(5,  <unfinished ...>
18038 16:22:56.731953 sendmsg(4, {msg_name(0)=NULL, msg_iov(1)=[{"\0", 1}], msg_controllen=16, {cmsg_len=16, cmsg_level=SOL_SOCKET, cmsg_type=SCM_RIGHTS, {6}}, msg_flags=0}, 0) = 1
18040 16:22:56.731984 <... recvmsg resumed> {msg_name(0)=NULL, msg_iov(1)=[{"\0", 1}], msg_controllen=16, {cmsg_len=16, cmsg_level=SOL_SOCKET, cmsg_type=SCM_RIGHTS, {6}}, msg_flags=0}, 0) = 1
18040 16:22:56.732010 setsockopt(6, SOL_SOCKET, SO_KEEPALIVE, [1], 4) = 0
18040 16:22:56.732035 setsockopt(6, SOL_IP, IP_TOS, [8], 4) = 0
18040 16:22:56.732059 setsockopt(6, SOL_SOCKET, SO_LINGER, {onoff=1, linger=32767}, 8) = 0
18040 16:22:56.732083 rt_sigaction(SIGALRM, {0x805cad0, ~[RTMIN RT_1], 0}, NULL, 8) = 0
18040 16:22:56.732109 alarm(300)        = 300
18040 16:22:56.732152 write(0, "150 Ok to send data.\r\n", 22) = 22
18040 16:22:56.732281 mmap2(NULL, 77824, PROT_READ|PROT_WRITE, MAP_PRIVATE|MAP_ANONYMOUS, -1, 0) = 0xb7d3f000
18040 16:22:56.732308 mprotect(0xb7d51000, 4096, PROT_NONE) = 0
18040 16:22:56.732361 mprotect(0xb7d3f000, 4096, PROT_NONE) = 0
18040 16:22:56.732394 read(6, "assasaaa\na\na\na\na\n", 65536) = 17
18040 16:22:56.732426 write(4, "assasaaa\na\na\na\na\n", 17) = 17
18040 16:22:56.732466 read(6, "", 65536) = 0
18040 16:22:56.732489 rt_sigaction(SIGALRM, {0x805cad0, ~[RTMIN RT_1], 0}, NULL, 8) = 0
18040 16:22:56.732514 alarm(300)        = 300
18040 16:22:56.732554 close(6)          = 0
18040 16:22:56.732575 alarm(0)          = 300
18040 16:22:56.732604 gettimeofday({1495657376, 732618}, NULL) = 0
18040 16:22:56.732646 getpid()          = 18040
18040 16:22:56.732671 gettimeofday({1495657376, 732685}, NULL) = 0
18040 16:22:56.732711 fcntl64(3, F_SETLKW64, {type=F_WRLCK, whence=SEEK_SET, start=0, len=0}, 0xbfb07494) = 0
18040 16:22:56.732740 write(3, "Wed May 24 16:22:56 2017 [pid 18040] [msfadmin] OK UPLOAD: Client \"127.0.0.1\", \"/home/msfadmin/myfile25\", 17 bytes, 2.76Kbyte/sec\n", 130) = 130
18040 16:22:56.732775 fcntl64(3, F_SETLK64, {type=F_UNLCK, whence=SEEK_SET, start=0, len=0}, 0xbfb0749c) = 0
18040 16:22:56.732803 write(0, "226 Transfer complete.\r\n", 24) = 24
18040 16:22:56.732885 write(5, "\n", 1) = 1
18040 16:22:56.732910 read(5,  <unfinished ...>
18038 16:22:56.732929 close(6)          = 0
18038 16:22:56.732979 read(4, "\n", 1)  = 1
18038 16:22:56.733004 close(5)          = 0
18038 16:22:56.733027 write(4, "\1", 1) = 1
18040 16:22:56.733050 <... read resumed> "\1", 1) = 1
18040 16:22:56.733068 close(4)          = 0
18040 16:22:56.733091 rt_sigaction(SIGALRM, {0x805cad0, ~[RTMIN RT_1], 0}, NULL, 8) = 0
18040 16:22:56.733117 alarm(300)        = 0
18040 16:22:56.733157 recv(0,  <unfinished ...>
18038 16:22:56.733177 read(4,  <unfinished ...>
18040 16:22:57.241880 <... recv resumed> "TYPE I\r\n", 4096, MSG_PEEK) = 8
18040 16:22:57.242024 read(0, "TYPE I\r\n", 8) = 8
18040 16:22:57.242141 write(0, "200 Switching to Binary mode.\r\n", 31) = 31
18040 16:22:57.242615 rt_sigaction(SIGALRM, {0x805cad0, ~[RTMIN RT_1], 0}, NULL, 8) = 0
18040 16:22:57.242729 alarm(300)        = 299
18040 16:22:57.242881 recv(0, "PASV\r\n", 4096, MSG_PEEK) = 6
18040 16:22:57.242967 read(0, "PASV\r\n", 6) = 6
18040 16:22:57.243051 write(5, "\n", 1 <unfinished ...>
18038 16:22:57.243122 <... read resumed> "\n", 1) = 1
18040 16:22:57.243174 <... write resumed> ) = 1
18038 16:22:57.243232 write(4, "\1", 1) = 1
18038 16:22:57.243391 read(4,  <unfinished ...>
18040 16:22:57.243493 read(5, "\1", 1)  = 1
18040 16:22:57.243588 write(5, "\f", 1 <unfinished ...>
18038 16:22:57.243651 <... read resumed> "\f", 1) = 1
18040 16:22:57.243702 <... write resumed> ) = 1
18038 16:22:57.243762 socket(PF_INET, SOCK_STREAM, IPPROTO_TCP) = 5
18038 16:22:57.243853 setsockopt(5, SOL_SOCKET, SO_REUSEADDR, [1], 4) = 0
18038 16:22:57.243944 bind(5, {sa_family=AF_INET, sin_port=htons(17521), sin_addr=inet_addr("127.0.0.1")}, 16) = 0
18038 16:22:57.244041 listen(5, 1)      = 0
18038 16:22:57.244127 write(4, "qD\0\0", 4) = 4
18038 16:22:57.244215 read(4,  <unfinished ...>
18040 16:22:57.244433 read(5, "qD\0\0", 4) = 4
18040 16:22:57.244558 write(0, "227 Entering Passive Mode (127,0,0,1,68,113).\r\n", 47) = 47
18040 16:22:57.245335 rt_sigaction(SIGALRM, {0x805cad0, ~[RTMIN RT_1], 0}, NULL, 8) = 0
18040 16:22:57.245447 alarm(300)        = 300
18040 16:22:57.245589 recv(0, "STOR myfile26\r\n", 4096, MSG_PEEK) = 15
18040 16:22:57.245676 read(0, "STOR myfile26\r\n", 15) = 15
18040 16:22:57.245767 write(5, "\v", 1 <unfinished ...>
18038 16:22:57.245835 <... read resumed> "\v", 1) = 1
18040 16:22:57.245886 <... write resumed> ) = 1
18038 16:22:57.245944 write(4, "\1\0\0\0", 4) = 4
18038 16:22:57.246024 read(4,  <unfinished ...>
18040 16:22:57.246083 read(5, "\1\0\0\0", 4) = 4
18040 16:22:57.246215 gettimeofday({1495657377, 246275}, NULL) = 0
18040 16:22:57.246338 getcwd("/home/msfadmin", 4096) = 15
18040 16:22:57.246424 open("myfile26", O_WRONLY|O_CREAT|O_NONBLOCK|O_LARGEFILE, 0666) = 4
18040 16:22:57.246599 fstat64(4, {st_mode=S_IFREG|0644, st_size=17, ...}) = 0
18040 16:22:57.246687 fcntl64(4, F_GETFL) = 0x8801 (flags O_WRONLY|O_NONBLOCK|O_LARGEFILE)
18040 16:22:57.246687 fcntl64(4, F_SETFL, O_WRONLY|O_LARGEFILE) = 0
18040 16:22:57.246687 fcntl64(4, F_SETLKW64, {type=F_WRLCK, whence=SEEK_SET, start=0, len=0}, 0xbfb074f4) = 0
18040 16:22:57.246687 ftruncate64(4, 0) = 0
18040 16:22:57.246687 _llseek(4, 0, [0], SEEK_SET) = 0
18040 16:22:57.246687 write(5, "\v", 1 <unfinished ...>
18038 16:22:57.246687 <... read resumed> "\v", 1) = 1
18040 16:22:57.246687 <... write resumed> ) = 1
18038 16:22:57.246687 write(4, "\1\0\0\0", 4) = 4
18038 16:22:57.246687 read(4,  <unfinished ...>
18040 16:22:57.246687 read(5, "\1\0\0\0", 4) = 4
18040 16:22:57.246687 write(5, "\v", 1 <unfinished ...>
18038 16:22:57.246687 <... read resumed> "\v", 1) = 1
18040 16:22:57.246687 <... write resumed> ) = 1
18038 16:22:57.246687 write(4, "\1\0\0\0", 4) = 4
18038 16:22:57.246687 read(4,  <unfinished ...>
18040 16:22:57.246687 read(5, "\1\0\0\0", 4) = 4
18040 16:22:57.246687 write(5, "\r", 1 <unfinished ...>
18038 16:22:57.246687 <... read resumed> "\r", 1) = 1
18040 16:22:57.246687 <... write resumed> ) = 1
18038 16:22:57.246687 select(6, [5], NULL, NULL, {60, 0}) = 1 (in [5], left {60, 0})
18038 16:22:57.246687 accept(5, {sa_family=AF_INET, sin_port=htons(58215), sin_addr=inet_addr("127.0.0.1")}, [16]) = 6
18038 16:22:57.246687 write(4, "\1", 1) = 1
18038 16:22:57.246687 sendmsg(4, {msg_name(0)=NULL, msg_iov(1)=[{"\0", 1}], msg_controllen=16, {cmsg_len=16, cmsg_level=SOL_SOCKET, cmsg_type=SCM_RIGHTS, {6}}, msg_flags=0}, 0) = 1
18038 16:22:57.246687 close(6)          = 0
18038 16:22:57.246687 read(4,  <unfinished ...>
18040 16:22:57.246687 read(5, "\1", 1)  = 1
18040 16:22:57.246687 recvmsg(5, {msg_name(0)=NULL, msg_iov(1)=[{"\0", 1}], msg_controllen=16, {cmsg_len=16, cmsg_level=SOL_SOCKET, cmsg_type=SCM_RIGHTS, {6}}, msg_flags=0}, 0) = 1
18040 16:22:57.246687 setsockopt(6, SOL_SOCKET, SO_KEEPALIVE, [1], 4) = 0
18040 16:22:57.246687 setsockopt(6, SOL_IP, IP_TOS, [8], 4) = 0
18040 16:22:57.246687 setsockopt(6, SOL_SOCKET, SO_LINGER, {onoff=1, linger=32767}, 8) = 0
18040 16:22:57.246687 rt_sigaction(SIGALRM, {0x805cad0, ~[RTMIN RT_1], 0}, NULL, 8) = 0
18040 16:22:57.246687 alarm(300)        = 300
18040 16:22:57.246687 write(0, "150 Ok to send data.\r\n", 22) = 22
18040 16:22:57.246687 read(6, "assasaaa\na\na\na\na\n", 65536) = 17
18040 16:22:57.246687 write(4, "assasaaa\na\na\na\na\n", 17) = 17
18040 16:22:57.246687 read(6, "", 65536) = 0
18040 16:22:57.246687 rt_sigaction(SIGALRM, {0x805cad0, ~[RTMIN RT_1], 0}, NULL, 8) = 0
18040 16:22:57.246687 alarm(300)        = 300
18040 16:22:57.246687 close(6)          = 0
18040 16:22:57.246687 alarm(0)          = 300
18040 16:22:57.246687 gettimeofday({1495657377, 246687}, NULL) = 0
18040 16:22:57.246687 gettimeofday({1495657377, 246687}, NULL) = 0
18040 16:22:57.246687 fcntl64(3, F_SETLKW64, {type=F_WRLCK, whence=SEEK_SET, start=0, len=0}, 0xbfb07494) = 0
18040 16:22:57.246687 write(3, "Wed May 24 16:22:57 2017 [pid 18040] [msfadmin] OK UPLOAD: Client \"127.0.0.1\", \"/home/msfadmin/myfile26\", 17 bytes, 40.30Kbyte/sec\n", 131) = 131
18040 16:22:57.246687 fcntl64(3, F_SETLK64, {type=F_UNLCK, whence=SEEK_SET, start=0, len=0}, 0xbfb0749c) = 0
18040 16:22:57.251525 write(0, "226 Transfer complete.\r\n", 24) = 24
18040 16:22:57.252003 write(5, "\n", 1 <unfinished ...>
18038 16:22:57.252084 <... read resumed> "\n", 1) = 1
18040 16:22:57.252137 <... write resumed> ) = 1
18038 16:22:57.252194 close(5)          = 0
18038 16:22:57.252279 write(4, "\1", 1) = 1
18038 16:22:57.252358 read(4,  <unfinished ...>
18040 16:22:57.252419 read(5, "\1", 1)  = 1
18040 16:22:57.252497 close(4)          = 0
18040 16:22:57.252577 rt_sigaction(SIGALRM, {0x805cad0, ~[RTMIN RT_1], 0}, NULL, 8) = 0
18040 16:22:57.252668 alarm(300)        = 0
18040 16:22:57.252805 recv(0, "TYPE I\r\n", 4096, MSG_PEEK) = 8
18040 16:22:57.781969 read(0, "TYPE I\r\n", 8) = 8
18040 16:22:57.782101 write(0, "200 Switching to Binary mode.\r\n", 31) = 31
18040 16:22:57.782474 rt_sigaction(SIGALRM, {0x805cad0, ~[RTMIN RT_1], 0}, NULL, 8) = 0
18040 16:22:57.782642 alarm(300)        = 299
18040 16:22:57.782783 recv(0, "PASV\r\n", 4096, MSG_PEEK) = 6
18040 16:22:57.782867 read(0, "PASV\r\n", 6) = 6
18040 16:22:57.782952 write(5, "\n", 1 <unfinished ...>
18038 16:22:57.783023 <... read resumed> "\n", 1) = 1
18040 16:22:57.783074 <... write resumed> ) = 1
18038 16:22:57.783133 write(4, "\1", 1) = 1
18038 16:22:57.783261 read(4,  <unfinished ...>
18040 16:22:57.783327 read(5, "\1", 1)  = 1
18040 16:22:57.783411 write(5, "\f", 1 <unfinished ...>
18038 16:22:57.783472 <... read resumed> "\f", 1) = 1
18040 16:22:57.783523 <... write resumed> ) = 1
18038 16:22:57.783583 socket(PF_INET, SOCK_STREAM, IPPROTO_TCP) = 5
18038 16:22:57.783673 setsockopt(5, SOL_SOCKET, SO_REUSEADDR, [1], 4) = 0
18038 16:22:57.783764 bind(5, {sa_family=AF_INET, sin_port=htons(61396), sin_addr=inet_addr("127.0.0.1")}, 16) = 0
18038 16:22:57.783859 listen(5, 1)      = 0
18038 16:22:57.783944 write(4, "\324\357\0\0", 4) = 4
18038 16:22:57.784022 read(4,  <unfinished ...>
18040 16:22:57.784082 read(5, "\324\357\0\0", 4) = 4
18040 16:22:57.784236 write(0, "227 Entering Passive Mode (127,0,0,1,239,212).\r\n", 48) = 48
18040 16:22:57.784900 rt_sigaction(SIGALRM, {0x805cad0, ~[RTMIN RT_1], 0}, NULL, 8) = 0
18040 16:22:57.785004 alarm(300)        = 300
18040 16:22:57.785210 recv(0, "STOR myfile27\r\n", 4096, MSG_PEEK) = 15
18040 16:22:57.785311 read(0, "STOR myfile27\r\n", 15) = 15
18040 16:22:57.785402 write(5, "\v", 1 <unfinished ...>
18038 16:22:57.785469 <... read resumed> "\v", 1) = 1
18040 16:22:57.785519 <... write resumed> ) = 1
18038 16:22:57.785575 write(4, "\1\0\0\0", 4) = 4
18038 16:22:57.785654 read(4,  <unfinished ...>
18040 16:22:57.785713 read(5, "\1\0\0\0", 4) = 4
18040 16:22:57.785795 gettimeofday({1495657377, 785842}, NULL) = 0
18040 16:22:57.785903 getcwd("/home/msfadmin", 4096) = 15
18040 16:22:57.786011 open("myfile27", O_WRONLY|O_CREAT|O_NONBLOCK|O_LARGEFILE, 0666) = 4
18040 16:22:57.786155 fstat64(4, {st_mode=S_IFREG|0644, st_size=17, ...}) = 0
18040 16:22:57.786273 fcntl64(4, F_GETFL) = 0x8801 (flags O_WRONLY|O_NONBLOCK|O_LARGEFILE)
18040 16:22:57.786351 fcntl64(4, F_SETFL, O_WRONLY|O_LARGEFILE) = 0
18040 16:22:57.786425 fcntl64(4, F_SETLKW64, {type=F_WRLCK, whence=SEEK_SET, start=0, len=0}, 0xbfb074f4) = 0
18040 16:22:57.786514 ftruncate64(4, 0) = 0
18040 16:22:57.786614 _llseek(4, 0, [0], SEEK_SET) = 0
18040 16:22:57.786694 write(5, "\v", 1 <unfinished ...>
18038 16:22:57.786703 <... read resumed> "\v", 1) = 1
18040 16:22:57.786703 <... write resumed> ) = 1
18038 16:22:57.786703 write(4, "\1\0\0\0", 4) = 4
18038 16:22:57.786703 read(4,  <unfinished ...>
18040 16:22:57.786703 read(5, "\1\0\0\0", 4) = 4
18040 16:22:57.786703 write(5, "\v", 1 <unfinished ...>
18038 16:22:57.786703 <... read resumed> "\v", 1) = 1
18040 16:22:57.786703 <... write resumed> ) = 1
18038 16:22:57.786703 write(4, "\1\0\0\0", 4) = 4
18038 16:22:57.786703 read(4,  <unfinished ...>
18040 16:22:57.786703 read(5, "\1\0\0\0", 4) = 4
18040 16:22:57.786703 write(5, "\r", 1 <unfinished ...>
18038 16:22:57.786703 <... read resumed> "\r", 1) = 1
18040 16:22:57.786703 <... write resumed> ) = 1
18038 16:22:57.786703 select(6, [5], NULL, NULL, {60, 0}) = 1 (in [5], left {60, 0})
18038 16:22:57.786703 accept(5, {sa_family=AF_INET, sin_port=htons(33829), sin_addr=inet_addr("127.0.0.1")}, [16]) = 6
18038 16:22:57.786703 write(4, "\1", 1) = 1
18038 16:22:57.786703 sendmsg(4, {msg_name(0)=NULL, msg_iov(1)=[{"\0", 1}], msg_controllen=16, {cmsg_len=16, cmsg_level=SOL_SOCKET, cmsg_type=SCM_RIGHTS, {6}}, msg_flags=0}, 0) = 1
18038 16:22:57.786703 close(6)          = 0
18038 16:22:57.786703 read(4,  <unfinished ...>
18040 16:22:57.786703 read(5, "\1", 1)  = 1
18040 16:22:57.786703 recvmsg(5, {msg_name(0)=NULL, msg_iov(1)=[{"\0", 1}], msg_controllen=16, {cmsg_len=16, cmsg_level=SOL_SOCKET, cmsg_type=SCM_RIGHTS, {6}}, msg_flags=0}, 0) = 1
18040 16:22:57.786703 setsockopt(6, SOL_SOCKET, SO_KEEPALIVE, [1], 4) = 0
18040 16:22:57.786703 setsockopt(6, SOL_IP, IP_TOS, [8], 4) = 0
18040 16:22:57.786703 setsockopt(6, SOL_SOCKET, SO_LINGER, {onoff=1, linger=32767}, 8) = 0
18040 16:22:57.786703 rt_sigaction(SIGALRM, {0x805cad0, ~[RTMIN RT_1], 0}, NULL, 8) = 0
18040 16:22:57.786703 alarm(300)        = 300
18040 16:22:57.786703 write(0, "150 Ok to send data.\r\n", 22) = 22
18040 16:22:57.786703 read(6, "assasaaa\na\na\na\na\n", 65536) = 17
18040 16:22:57.786703 write(4, "assasaaa\na\na\na\na\n", 17) = 17
18040 16:22:57.786703 read(6, "", 65536) = 0
18040 16:22:57.786703 rt_sigaction(SIGALRM, {0x805cad0, ~[RTMIN RT_1], 0}, NULL, 8) = 0
18040 16:22:57.786703 alarm(300)        = 300
18040 16:22:57.786703 close(6)          = 0
18040 16:22:57.786703 alarm(0)          = 300
18040 16:22:57.786703 gettimeofday({1495657377, 786703}, NULL) = 0
18040 16:22:57.786703 gettimeofday({1495657377, 786703}, NULL) = 0
18040 16:22:57.786703 fcntl64(3, F_SETLKW64, {type=F_WRLCK, whence=SEEK_SET, start=0, len=0}, 0xbfb07494) = 0
18040 16:22:57.786703 write(3, "Wed May 24 16:22:57 2017 [pid 18040] [msfadmin] OK UPLOAD: Client \"127.0.0.1\", \"/home/msfadmin/myfile27\", 17 bytes, 19.28Kbyte/sec\n", 131) = 131
18040 16:22:57.786703 fcntl64(3, F_SETLK64, {type=F_UNLCK, whence=SEEK_SET, start=0, len=0}, 0xbfb0749c) = 0
18040 16:22:57.786703 write(0, "226 Transfer complete.\r\n", 24) = 24
18040 16:22:57.791459 write(5, "\n", 1 <unfinished ...>
18038 16:22:57.791552 <... read resumed> "\n", 1) = 1
18040 16:22:57.791604 <... write resumed> ) = 1
18038 16:22:57.791661 close(5)          = 0
18038 16:22:57.791744 write(4, "\1", 1) = 1
18038 16:22:57.791823 read(4,  <unfinished ...>
18040 16:22:57.791884 read(5, "\1", 1)  = 1
18040 16:22:57.791976 close(4)          = 0
18040 16:22:57.792055 rt_sigaction(SIGALRM, {0x805cad0, ~[RTMIN RT_1], 0}, NULL, 8) = 0
18040 16:22:57.792143 alarm(300)        = 0
18040 16:22:57.792280 recv(0, "TYPE I\r\n", 4096, MSG_PEEK) = 8
18040 16:22:58.302893 read(0, "TYPE I\r\n", 8) = 8
18040 16:22:58.303187 write(0, "200 Switching to Binary mode.\r\n", 31) = 31
18040 16:22:58.303444 rt_sigaction(SIGALRM, {0x805cad0, ~[RTMIN RT_1], 0}, NULL, 8) = 0
18040 16:22:58.303537 alarm(300)        = 299
18040 16:22:58.303635 recv(0, "PASV\r\n", 4096, MSG_PEEK) = 6
18040 16:22:58.303721 read(0, "PASV\r\n", 6) = 6
18040 16:22:58.303771 write(5, "\n", 1 <unfinished ...>
18038 16:22:58.303814 <... read resumed> "\n", 1) = 1
18040 16:22:58.303843 <... write resumed> ) = 1
18038 16:22:58.303878 write(4, "\1", 1) = 1
18038 16:22:58.303922 read(4,  <unfinished ...>
18040 16:22:58.303956 read(5, "\1", 1)  = 1
18040 16:22:58.304003 write(5, "\f", 1 <unfinished ...>
18038 16:22:58.304038 <... read resumed> "\f", 1) = 1
18040 16:22:58.304066 <... write resumed> ) = 1
18038 16:22:58.304101 socket(PF_INET, SOCK_STREAM, IPPROTO_TCP) = 5
18038 16:22:58.304184 setsockopt(5, SOL_SOCKET, SO_REUSEADDR, [1], 4) = 0
18038 16:22:58.304242 bind(5, {sa_family=AF_INET, sin_port=htons(51426), sin_addr=inet_addr("127.0.0.1")}, 16) = 0
18038 16:22:58.304299 listen(5, 1)      = 0
18038 16:22:58.304350 write(4, "\342\310\0\0", 4) = 4
18038 16:22:58.304396 read(4,  <unfinished ...>
18040 16:22:58.304431 read(5, "\342\310\0\0", 4) = 4
18040 16:22:58.304488 write(0, "227 Entering Passive Mode (127,0,0,1,200,226).\r\n", 48) = 48
18040 16:22:58.304911 rt_sigaction(SIGALRM, {0x805cad0, ~[RTMIN RT_1], 0}, NULL, 8) = 0
18040 16:22:58.304972 alarm(300)        = 300
18040 16:22:58.305051 recv(0, "STOR myfile28\r\n", 4096, MSG_PEEK) = 15
18040 16:22:58.305100 read(0, "STOR myfile28\r\n", 15) = 15
18040 16:22:58.305184 write(5, "\v", 1 <unfinished ...>
18038 16:22:58.305227 <... read resumed> "\v", 1) = 1
18040 16:22:58.305256 <... write resumed> ) = 1
18038 16:22:58.305289 write(4, "\1\0\0\0", 4) = 4
18038 16:22:58.305333 read(4,  <unfinished ...>
18040 16:22:58.305368 read(5, "\1\0\0\0", 4) = 4
18040 16:22:58.305414 gettimeofday({1495657378, 305441}, NULL) = 0
18040 16:22:58.305477 getcwd("/home/msfadmin", 4096) = 15
18040 16:22:58.305525 open("myfile28", O_WRONLY|O_CREAT|O_NONBLOCK|O_LARGEFILE, 0666) = 4
18040 16:22:58.305577 fstat64(4, {st_mode=S_IFREG|0644, st_size=17, ...}) = 0
18040 16:22:58.305665 fcntl64(4, F_GETFL) = 0x8801 (flags O_WRONLY|O_NONBLOCK|O_LARGEFILE)
18040 16:22:58.305716 fcntl64(4, F_SETFL, O_WRONLY|O_LARGEFILE) = 0
18040 16:22:58.305759 fcntl64(4, F_SETLKW64, {type=F_WRLCK, whence=SEEK_SET, start=0, len=0}, 0xbfb074f4) = 0
18040 16:22:58.305811 ftruncate64(4, 0) = 0
18040 16:22:58.305902 _llseek(4, 0, [0], SEEK_SET) = 0
18040 16:22:58.305949 write(5, "\v", 1 <unfinished ...>
18038 16:22:58.305986 <... read resumed> "\v", 1) = 1
18040 16:22:58.306015 <... write resumed> ) = 1
18038 16:22:58.306048 write(4, "\1\0\0\0", 4) = 4
18038 16:22:58.306092 read(4,  <unfinished ...>
18040 16:22:58.306130 read(5, "\1\0\0\0", 4) = 4
18040 16:22:58.306178 write(5, "\v", 1 <unfinished ...>
18038 16:22:58.306213 <... read resumed> "\v", 1) = 1
18040 16:22:58.306242 <... write resumed> ) = 1
18038 16:22:58.306274 write(4, "\1\0\0\0", 4) = 4
18038 16:22:58.306317 read(4,  <unfinished ...>
18040 16:22:58.306350 read(5, "\1\0\0\0", 4) = 4
18040 16:22:58.306395 write(5, "\r", 1 <unfinished ...>
18038 16:22:58.306430 <... read resumed> "\r", 1) = 1
18040 16:22:58.306458 <... write resumed> ) = 1
18038 16:22:58.306492 select(6, [5], NULL, NULL, {60, 0}) = 1 (in [5], left {60, 0})
18038 16:22:58.306549 accept(5, {sa_family=AF_INET, sin_port=htons(57262), sin_addr=inet_addr("127.0.0.1")}, [16]) = 6
18038 16:22:58.306623 write(4, "\1", 1) = 1
18038 16:22:58.306674 sendmsg(4, {msg_name(0)=NULL, msg_iov(1)=[{"\0", 1}], msg_controllen=16, {cmsg_len=16, cmsg_level=SOL_SOCKET, cmsg_type=SCM_RIGHTS, {6}}, msg_flags=0}, 0) = 1
18038 16:22:58.306719 close(6)          = 0
18038 16:22:58.306719 read(4,  <unfinished ...>
18040 16:22:58.306719 read(5, "\1", 1)  = 1
18040 16:22:58.306719 recvmsg(5, {msg_name(0)=NULL, msg_iov(1)=[{"\0", 1}], msg_controllen=16, {cmsg_len=16, cmsg_level=SOL_SOCKET, cmsg_type=SCM_RIGHTS, {6}}, msg_flags=0}, 0) = 1
18040 16:22:58.306719 setsockopt(6, SOL_SOCKET, SO_KEEPALIVE, [1], 4) = 0
18040 16:22:58.306719 setsockopt(6, SOL_IP, IP_TOS, [8], 4) = 0
18040 16:22:58.306719 setsockopt(6, SOL_SOCKET, SO_LINGER, {onoff=1, linger=32767}, 8) = 0
18040 16:22:58.306719 rt_sigaction(SIGALRM, {0x805cad0, ~[RTMIN RT_1], 0}, NULL, 8) = 0
18040 16:22:58.306719 alarm(300)        = 300
18040 16:22:58.306719 write(0, "150 Ok to send data.\r\n", 22) = 22
18040 16:22:58.306719 read(6, "assasaaa\na\na\na\na\n", 65536) = 17
18040 16:22:58.306719 write(4, "assasaaa\na\na\na\na\n", 17) = 17
18040 16:22:58.306719 read(6, "", 65536) = 0
18040 16:22:58.306719 rt_sigaction(SIGALRM, {0x805cad0, ~[RTMIN RT_1], 0}, NULL, 8) = 0
18040 16:22:58.306719 alarm(300)        = 300
18040 16:22:58.306719 close(6)          = 0
18040 16:22:58.306719 alarm(0)          = 300
18040 16:22:58.306719 gettimeofday({1495657378, 306719}, NULL) = 0
18040 16:22:58.306719 gettimeofday({1495657378, 306719}, NULL) = 0
18040 16:22:58.306719 fcntl64(3, F_SETLKW64, {type=F_WRLCK, whence=SEEK_SET, start=0, len=0}, 0xbfb07494) = 0
18040 16:22:58.306719 write(3, "Wed May 24 16:22:58 2017 [pid 18040] [msfadmin] OK UPLOAD: Client \"127.0.0.1\", \"/home/msfadmin/myfile28\", 17 bytes, 12.99Kbyte/sec\n", 131) = 131
18040 16:22:58.306719 fcntl64(3, F_SETLK64, {type=F_UNLCK, whence=SEEK_SET, start=0, len=0}, 0xbfb0749c) = 0
18040 16:22:58.306719 write(0, "226 Transfer complete.\r\n", 24) = 24
18040 16:22:58.306719 write(5, "\n", 1 <unfinished ...>
18038 16:22:58.306719 <... read resumed> "\n", 1) = 1
18040 16:22:58.306719 <... write resumed> ) = 1
18038 16:22:58.306719 close(5)          = 0
18038 16:22:58.306719 write(4, "\1", 1) = 1
18038 16:22:58.306719 read(4,  <unfinished ...>
18040 16:22:58.306719 read(5, "\1", 1)  = 1
18040 16:22:58.306719 close(4)          = 0
18040 16:22:58.306719 rt_sigaction(SIGALRM, {0x805cad0, ~[RTMIN RT_1], 0}, NULL, 8) = 0
18040 16:22:58.306719 alarm(300)        = 0
18040 16:22:58.306719 recv(0,  <unfinished ...>
18035 16:22:58.705229 <... read resumed> "\n", 1) = 1
18035 16:22:58.705492 stat64(".", {st_mode=S_IFDIR|0755, st_size=4096, ...}) = 0
18035 16:22:58.705633 stat64("/sbin/nohup", 0xbfcd3e18) = -1 ENOENT (No such file or directory)
18035 16:22:58.705723 stat64("/bin/nohup", 0xbfcd3e18) = -1 ENOENT (No such file or directory)
18035 16:22:58.705805 stat64("/usr/sbin/nohup", 0xbfcd3e18) = -1 ENOENT (No such file or directory)
18035 16:22:58.705974 stat64("/usr/bin/nohup", {st_mode=S_IFREG|0755, st_size=26336, ...}) = 0
18035 16:22:58.706149 stat64("/usr/bin/nohup", {st_mode=S_IFREG|0755, st_size=26336, ...}) = 0
18035 16:22:58.706315 rt_sigprocmask(SIG_BLOCK, [INT CHLD], [], 8) = 0
18035 16:22:58.706478 clone(child_stack=0, flags=CLONE_CHILD_CLEARTID|CLONE_CHILD_SETTID|SIGCHLD, child_tidptr=0xb7e216f8) = 18041
18041 16:22:58.706579 rt_sigprocmask(SIG_SETMASK, [], NULL, 8) = 0
18041 16:22:58.706579 rt_sigaction(SIGTSTP, {SIG_DFL}, {SIG_DFL}, 8) = 0
18041 16:22:58.706579 rt_sigaction(SIGTTIN, {SIG_DFL}, {SIG_DFL}, 8) = 0
18041 16:22:58.706579 rt_sigaction(SIGTTOU, {SIG_DFL}, {SIG_DFL}, 8) = 0
18041 16:22:58.706579 rt_sigaction(SIGINT, {SIG_DFL}, {SIG_DFL}, 8) = 0
18041 16:22:58.706579 rt_sigaction(SIGQUIT, {SIG_DFL}, {SIG_IGN}, 8) = 0
18041 16:22:58.706579 rt_sigaction(SIGCHLD, {SIG_DFL}, {0x807e540, [], 0}, 8) = 0
18041 16:22:58.706579 open("/dev/null", O_WRONLY|O_CREAT|O_TRUNC|O_LARGEFILE, 0666) = 7
18041 16:22:58.706579 dup2(7, 1)        = 1
18041 16:22:58.706579 close(7)          = 0
18041 16:22:58.706579 dup2(1, 2)        = 2
18041 16:22:58.706579 fcntl64(1, F_GETFD) = 0
18041 16:22:58.706579 execve("/usr/bin/nohup", ["nohup"], [/* 16 vars */]) = 0
18041 16:22:58.706579 brk(0)            = 0x804f000
18041 16:22:58.706579 access("/etc/ld.so.nohwcap", F_OK) = -1 ENOENT (No such file or directory)
18041 16:22:58.706579 mmap2(NULL, 8192, PROT_READ|PROT_WRITE, MAP_PRIVATE|MAP_ANONYMOUS, -1, 0) = 0xb7fae000
18041 16:22:58.706579 access("/etc/ld.so.preload", R_OK) = -1 ENOENT (No such file or directory)
18041 16:22:58.706579 open("/etc/ld.so.cache", O_RDONLY) = 7
18041 16:22:58.706579 fstat64(7, {st_mode=S_IFREG|0644, st_size=29913, ...}) = 0
18041 16:22:58.706579 mmap2(NULL, 29913, PROT_READ, MAP_PRIVATE, 7, 0) = 0xb7fa6000
18041 16:22:58.706579 close(7)          = 0
18041 16:22:58.706579 access("/etc/ld.so.nohwcap", F_OK) = -1 ENOENT (No such file or directory)
18041 16:22:58.706579 open("/lib/tls/i686/cmov/libc.so.6", O_RDONLY) = 7
18041 16:22:58.706579 read(7, "\177ELF\1\1\1\0\0\0\0\0\0\0\0\0\3\0\3\0\1\0\0\0\260e\1\0004\0\0\0\4\307\24\0\0\0\0\0004\0 \0\n\0(\0D\0C\0\6\0\0\0004\0\0\0004\0\0\0004\0\0\0@\1\0\0@\1\0\0\5\0\0\0\4\0\0\0\3\0\0\0\2200\23\0\2200\23\0\2200\23\0\23\0\0\0\23\0\0\0\4\0\0\0\1\0\0\0\1\0\0\0\0\0\0\0\0\0\0\0\0\0\0\0(\215\24\0(\215\24\0\5\0\0\0\0\20\0\0\1\0\0\0\354\221\24\0\354\221\24\0\354\221\24\0\260\'\0\0\204T\0\0\6\0\0\0\0\20\0\0\2\0\0\0\234\255\24\0\234\255\24\0\234\255\24\0\360\0\0\0\360\0\0\0\6\0\0\0\4\0\0\0\4\0\0\0t\1\0\0t\1\0\0t\1\0\0 \0\0\0 \0\0\0\4\0\0\0\4\0\0\0\7\0\0\0\354\221\24\0\354\221\24\0\354\221\24\0\10\0\0\0,\0\0\0\4\0\0\0\4\0\0\0P\345td\2440\23\0\2440\23\0\2440\23\0\354+\0\0\354+\0\0\4\0\0\0\4\0\0\0Q\345td\0\0\0\0\0\0\0\0\0\0\0\0\0\0\0\0\0\0\0\0\6\0\0\0\4\0\0\0R\345td\354\221\24\0\354\221\24\0\354\221\24\0\10\36\0\0\10\36\0\0\4\0\0\0\1\0\0\0\4\0\0\0\20\0\0\0\1\0\0\0GNU\0\0\0\0\0\2\0\0\0\6\0\0\0\10\0\0\0\363\3\0\0\n\0\0\0\0\2\0\0\16\0\0\0\2400\20D\200 \2\1\214\3\346\220AE\210\0\204\0\10\0A\200\0@\300\200\0\f\2\f\0\0010\0\10@\"\10\246\4\210H6l\240\0260\0&\204\200\216\4\10B$\2\f\246\244\32\6c\310\0\302 \1\300\0R\0!\201\10\4\n  \250\24\0\24(`\0\0P\240\312DB", 512) = 512
18041 16:22:58.706579 fstat64(7, {st_mode=S_IFREG|0755, st_size=1364388, ...}) = 0
18041 16:22:58.706579 mmap2(NULL, 1369712, PROT_READ|PROT_EXEC, MAP_PRIVATE|MAP_DENYWRITE, 7, 0) = 0xb7e57000
18041 16:22:58.706579 mmap2(0xb7fa0000, 12288, PROT_READ|PROT_WRITE, MAP_PRIVATE|MAP_FIXED|MAP_DENYWRITE, 7, 0x149) = 0xb7fa0000
18041 16:22:58.706579 mmap2(0xb7fa3000, 9840, PROT_READ|PROT_WRITE, MAP_PRIVATE|MAP_FIXED|MAP_ANONYMOUS, -1, 0) = 0xb7fa3000
18041 16:22:58.706579 close(7)          = 0
18041 16:22:58.706579 mmap2(NULL, 4096, PROT_READ|PROT_WRITE, MAP_PRIVATE|MAP_ANONYMOUS, -1, 0) = 0xb7e56000
18041 16:22:58.711503 set_thread_area({entry_number:-1 -> 6, base_addr:0xb7e566b0, limit:1048575, seg_32bit:1, contents:0, read_exec_only:0, limit_in_pages:1, seg_not_present:0, useable:1}) = 0
18041 16:22:58.711833 mprotect(0xb7fa0000, 4096, PROT_READ) = 0
18041 16:22:58.711941 munmap(0xb7fa6000, 29913) = 0
18041 16:22:58.712267 brk(0)            = 0x804f000
18041 16:22:58.712351 brk(0x8070000)    = 0x8070000
18041 16:22:58.712500 write(2, "nohup: ", 7) = 7
18041 16:22:58.712588 write(2, "missing operand", 15) = 15
18041 16:22:58.712720 write(2, "\n", 1) = 1
18041 16:22:58.712811 write(2, "Try `nohup --help\' for more information.\n", 41) = 41
18041 16:22:58.712912 close(1)          = 0
18041 16:22:58.712984 close(2)          = 0
18041 16:22:58.713065 exit_group(127)   = ?
18035 16:22:58.713278 rt_sigprocmask(SIG_SETMASK, [], NULL, 8) = 0
18035 16:22:58.713372 --- SIGCHLD (Child exited) @ 0 (0) ---
18035 16:22:58.713439 waitpid(-1, [{WIFEXITED(s) && WEXITSTATUS(s) == 127}], WNOHANG) = 18041
18035 16:22:58.713531 waitpid(-1, 0xbfcd3a98, WNOHANG) = 0
18035 16:22:58.713603 sigreturn()       = ? (mask now [])
18035 16:22:58.713746 rt_sigprocmask(SIG_BLOCK, [CHLD], [], 8) = 0
18035 16:22:58.713844 rt_sigprocmask(SIG_SETMASK, [], NULL, 8) = 0
18035 16:22:58.713923 rt_sigprocmask(SIG_BLOCK, [CHLD], [], 8) = 0
18035 16:22:58.714007 rt_sigaction(SIGINT, {0x807f150, [], 0}, {SIG_DFL}, 8) = 0
18035 16:22:58.714104 rt_sigprocmask(SIG_SETMASK, [], NULL, 8) = 0
18035 16:22:58.714239 rt_sigaction(SIGINT, {SIG_DFL}, {0x807f150, [], 0}, 8) = 0
18035 16:22:58.714343 rt_sigprocmask(SIG_BLOCK, NULL, [], 8) = 0
18035 16:22:58.714430 read(0, "e", 1)   = 1
18035 16:22:58.714513 read(0, "c", 1)   = 1
18035 16:22:58.714587 read(0, "h", 1)   = 1
18035 16:22:58.714718 read(0, "o", 1)   = 1
18035 16:22:58.714793 read(0, " ", 1)   = 1
18035 16:22:58.714866 read(0, "1", 1)   = 1
18035 16:22:58.714939 read(0, "z", 1)   = 1
18035 16:22:58.715008 read(0, "f", 1)   = 1
18035 16:22:58.715008 read(0, "4", 1)   = 1
18035 16:22:58.715353 read(0, "K", 1)   = 1
18035 16:22:58.715426 read(0, "F", 1)   = 1
18035 16:22:58.715500 read(0, "k", 1)   = 1
18035 16:22:58.715573 read(0, "3", 1)   = 1
18035 16:22:58.715647 read(0, "Q", 1)   = 1
18035 16:22:58.715722 read(0, "O", 1)   = 1
18035 16:22:58.715808 read(0, "X", 1)   = 1
18035 16:22:58.715881 read(0, "0", 1)   = 1
18035 16:22:58.715954 read(0, "z", 1)   = 1
18035 16:22:58.716027 read(0, "r", 1)   = 1
18035 16:22:58.716101 read(0, "i", 1)   = 1
18035 16:22:58.716175 read(0, "3", 1)   = 1
18035 16:22:58.716295 read(0, "\n", 1)  = 1
18035 16:22:58.716461 write(1, "1zf4KFk3QOX0zri3\n", 17) = 17
18035 16:22:58.716731 rt_sigprocmask(SIG_BLOCK, NULL, [], 8) = 0
18035 16:22:58.716731 read(0,  <unfinished ...>
18040 16:22:58.832269 <... recv resumed> "TYPE I\r\n", 4096, MSG_PEEK) = 8
18040 16:22:58.832362 read(0, "TYPE I\r\n", 8) = 8
18040 16:22:58.832453 write(0, "200 Switching to Binary mode.\r\n", 31) = 31
18040 16:22:58.832590 rt_sigaction(SIGALRM, {0x805cad0, ~[RTMIN RT_1], 0}, NULL, 8) = 0
18040 16:22:58.832644 alarm(300)        = 299
18040 16:22:58.832707 recv(0, "PASV\r\n", 4096, MSG_PEEK) = 6
18040 16:22:58.832756 read(0, "PASV\r\n", 6) = 6
18040 16:22:58.832799 write(5, "\n", 1 <unfinished ...>
18038 16:22:58.832830 <... read resumed> "\n", 1) = 1
18040 16:22:58.832859 <... write resumed> ) = 1
18038 16:22:58.832894 write(4, "\1", 1) = 1
18038 16:22:58.832938 read(4,  <unfinished ...>
18040 16:22:58.832963 read(5, "\1", 1)  = 1
18040 16:22:58.832993 write(5, "\f", 1 <unfinished ...>
18038 16:22:58.833015 <... read resumed> "\f", 1) = 1
18040 16:22:58.833033 <... write resumed> ) = 1
18038 16:22:58.833056 socket(PF_INET, SOCK_STREAM, IPPROTO_TCP) = 5
18038 16:22:58.833121 setsockopt(5, SOL_SOCKET, SO_REUSEADDR, [1], 4) = 0
18038 16:22:58.833157 bind(5, {sa_family=AF_INET, sin_port=htons(61335), sin_addr=inet_addr("127.0.0.1")}, 16) = 0
18038 16:22:58.833194 listen(5, 1)      = 0
18038 16:22:58.833226 write(4, "\227\357\0\0", 4) = 4
18038 16:22:58.833255 read(4,  <unfinished ...>
18040 16:22:58.833278 read(5, "\227\357\0\0", 4) = 4
18040 16:22:58.833315 write(0, "227 Entering Passive Mode (127,0,0,1,239,151).\r\n", 48) = 48
18040 16:22:58.833579 rt_sigaction(SIGALRM, {0x805cad0, ~[RTMIN RT_1], 0}, NULL, 8) = 0
18040 16:22:58.833616 alarm(300)        = 300
18040 16:22:58.833667 recv(0, "STOR myfile29\r\n", 4096, MSG_PEEK) = 15
18040 16:22:58.833698 read(0, "STOR myfile29\r\n", 15) = 15
18040 16:22:58.833730 write(5, "\v", 1 <unfinished ...>
18038 16:22:58.833755 <... read resumed> "\v", 1) = 1
18040 16:22:58.833773 <... write resumed> ) = 1
