13395 15:28:09.784223 open("/etc/pam.d/other", O_RDONLY|O_LARGEFILE) = 5
13395 15:28:09.784247 fstat64(5, {st_mode=S_IFREG|0644, st_size=520, ...}) = 0
13395 15:28:09.784277 mmap2(NULL, 4096, PROT_READ|PROT_WRITE, MAP_PRIVATE|MAP_ANONYMOUS, -1, 0) = 0xb7f31000
13395 15:28:09.784296 read(5, "#\n# /etc/pam.d/other - specify the PAM fallback behaviour\n#\n# Note that this file is used for any unspecified service; for example\n#if /etc/pam.d/cron  specifies no session modules but cron calls\n#pam_open_session, the session module out of /etc/pam.d/other is\n#used.  If you really want nothing to happen then use pam_permit.so or\n#pam_deny.so as appropriate.\n\n# We fall back to the system default in /etc/pam.d/common-*\n# \n\n@include common-auth\n@include common-account\n@include common-password\n@include common-session\n", 4096) = 520
13395 15:28:09.784391 stat64("/etc/pam.d", {st_mode=S_IFDIR|0755, st_size=4096, ...}) = 0
13395 15:28:09.784427 open("/etc/pam.d/common-auth", O_RDONLY|O_LARGEFILE) = 6
13395 15:28:09.784451 fstat64(6, {st_mode=S_IFREG|0644, st_size=476, ...}) = 0
13395 15:28:09.784480 mmap2(NULL, 4096, PROT_READ|PROT_WRITE, MAP_PRIVATE|MAP_ANONYMOUS, -1, 0) = 0xb7f2b000
13395 15:28:09.784501 read(6, "#\n# /etc/pam.d/common-auth - authentication settings common to all services\n#\n# This file is included from other service-specific PAM config files,\n# and should contain a list of the authentication modules that define\n# the central authentication scheme for use on the system\n# (e.g., /etc/shadow, LDAP, Kerberos, etc.).  The default is to use the\n# traditional Unix authentication mechanisms.\n#\nauth\trequisite\tpam_unix.so nullok_secure\n# auth\toptional\tpam_smbpass.so migrate\n", 4096) = 476
13395 15:28:09.784585 read(6, "", 4096) = 0
13395 15:28:09.784604 close(6)          = 0
13395 15:28:09.784622 munmap(0xb7f2b000, 4096) = 0
13395 15:28:09.784642 stat64("/etc/pam.d", {st_mode=S_IFDIR|0755, st_size=4096, ...}) = 0
13395 15:28:09.784676 open("/etc/pam.d/common-account", O_RDONLY|O_LARGEFILE) = 6
13395 15:28:09.784699 fstat64(6, {st_mode=S_IFREG|0644, st_size=392, ...}) = 0
13395 15:28:09.784729 mmap2(NULL, 4096, PROT_READ|PROT_WRITE, MAP_PRIVATE|MAP_ANONYMOUS, -1, 0) = 0xb7f2b000
13395 15:28:09.784755 read(6, "#\n# /etc/pam.d/common-account - authorization settings common to all services\n#\n# This file is included from other service-specific PAM config files,\n# and should contain a list of the authorization modules that define\n# the central access policy for use on the system.  The default is to\n# only deny service to users whose accounts are expired in /etc/shadow.\n#\naccount\trequired\tpam_unix.so\n", 4096) = 392
13395 15:28:09.784827 read(6, "", 4096) = 0
13395 15:28:09.784845 close(6)          = 0
13395 15:28:09.784863 munmap(0xb7f2b000, 4096) = 0
13395 15:28:09.784882 stat64("/etc/pam.d", {st_mode=S_IFDIR|0755, st_size=4096, ...}) = 0
13395 15:28:09.784916 open("/etc/pam.d/common-password", O_RDONLY|O_LARGEFILE) = 6
13395 15:28:09.784940 fstat64(6, {st_mode=S_IFREG|0644, st_size=1563, ...}) = 0
13395 15:28:09.784969 mmap2(NULL, 4096, PROT_READ|PROT_WRITE, MAP_PRIVATE|MAP_ANONYMOUS, -1, 0) = 0xb7f2b000
13395 15:28:09.784989 read(6, "#\n# /etc/pam.d/common-password - password-related modules common to all services\n#\n# This file is included from other service-specific PAM config files,\n# and should contain a list of modules that define the services to be\n# used to change user passwords.  The default is pam_unix.\n\n# Explanation of pam_unix options:\n#\n# The \"nullok\" option allows users to change an empty password, else\n# empty passwords are treated as locked accounts.\n#\n# The \"md5\" option enables MD5 passwords.  Without this option, the\n# default is Unix crypt.\n#\n# The \"obscure\" option replaces the old `OBSCURE_CHECKS_ENAB\' option in\n# login.defs.\n#\n# You can also use the \"min\" option to enforce the length of the new\n# password.\n#\n# See the pam_unix manpage for other options.\n\npassword   requisite   pam_unix.so nullok obscure md5\n\n# Alternate strength checking for password. Note that this\n# requires the libpam-cracklib package to be installed.\n# You will need to comment out the password line above and\n# uncomment the next two in order to use this.\n# (Replaces the `OBSCURE_CHECKS_ENAB\', `CRACKLIB_DICTPATH\')\n#\n# password required\t  pam_cracklib.so retry=3 minlen=6 difok=3\n# password required\t  pam_unix.so use_authtok nullok md5\n\n# minimally-intrusive inclusion of smbpass in the stack for\n# synchronization.  If the module is absent or the passwords don\'t\n# match, this module will be ignored without prompting; and if the \n# passwords do match, the NTLM hash for the user will be updated\n# automatically.\n# password   optional   pam_smbpass.so nullok use_authtok use_first_pass\n", 4096) = 1563
13395 15:28:09.785200 read(6, "", 4096) = 0
13395 15:28:09.785218 close(6)          = 0
13395 15:28:09.785236 munmap(0xb7f2b000, 4096) = 0
13395 15:28:09.785256 stat64("/etc/pam.d", {st_mode=S_IFDIR|0755, st_size=4096, ...}) = 0
13395 15:28:09.785306 open("/etc/pam.d/common-session", O_RDONLY|O_LARGEFILE) = 6
13395 15:28:09.785332 fstat64(6, {st_mode=S_IFREG|0644, st_size=372, ...}) = 0
13395 15:28:09.785362 mmap2(NULL, 4096, PROT_READ|PROT_WRITE, MAP_PRIVATE|MAP_ANONYMOUS, -1, 0) = 0xb7f2b000
13395 15:28:09.785381 read(6, "#\n# /etc/pam.d/common-session - session-related modules common to all services\n#\n# This file is included from other service-specific PAM config files,\n# and should contain a list of modules that define tasks to be performed\n# at the start and end of sessions of *any* kind (both interactive and\n# non-interactive).  The default is pam_unix.\n#\nsession\trequired\tpam_unix.so\n", 4096) = 372
13395 15:28:09.785452 read(6, "", 4096) = 0
13395 15:28:09.785470 close(6)          = 0
13395 15:28:09.785488 munmap(0xb7f2b000, 4096) = 0
13395 15:28:09.785508 read(5, "", 4096) = 0
13395 15:28:09.785525 close(5)          = 0
13395 15:28:09.785542 munmap(0xb7f31000, 4096) = 0
13395 15:28:09.785565 time(NULL)        = 1495654089
13395 15:28:09.785588 lstat64("/etc/ftpusers", {st_mode=S_IFREG|0644, st_size=132, ...}) = 0
13395 15:28:09.785621 open("/etc/ftpusers", O_RDONLY|O_LARGEFILE) = 5
13395 15:28:09.785649 fstat64(5, {st_mode=S_IFREG|0644, st_size=132, ...}) = 0
13395 15:28:09.785679 mmap2(NULL, 4096, PROT_READ|PROT_WRITE, MAP_PRIVATE|MAP_ANONYMOUS, -1, 0) = 0xb7f31000
13395 15:28:09.785698 read(5, "# /etc/ftpusers: list of users disallowed FTP access. See ftpusers(5).\n\nroot\ndaemon\nbin\nsys\nsync\ngames\nman\nlp\nmail\nnews\nuucp\nnobody\n", 4096) = 132
13395 15:28:09.785737 read(5, "", 4096) = 0
13395 15:28:09.785754 close(5)          = 0
13395 15:28:09.785771 munmap(0xb7f31000, 4096) = 0
13395 15:28:09.785799 getuid32()        = 0
13395 15:28:09.785830 open("/etc/passwd", O_RDONLY|0x80000 /* O_??? */) = 5
13395 15:28:09.785857 _llseek(5, 0, [0], SEEK_CUR) = 0
13395 15:28:09.785878 fstat64(5, {st_mode=S_IFREG|0644, st_size=1624, ...}) = 0
13395 15:28:09.785907 mmap2(NULL, 1624, PROT_READ, MAP_SHARED, 5, 0) = 0xb7f31000
13395 15:28:09.785928 _llseek(5, 1624, [1624], SEEK_SET) = 0
13395 15:28:09.785963 munmap(0xb7f31000, 1624) = 0
13395 15:28:09.785983 close(5)          = 0
13395 15:28:09.786028 open("/etc/shadow", O_RDONLY|0x80000 /* O_??? */) = 5
13395 15:28:09.786059 _llseek(5, 0, [0], SEEK_CUR) = 0
13395 15:28:09.786079 fstat64(5, {st_mode=S_IFREG|0640, st_size=1233, ...}) = 0
13395 15:28:09.786108 mmap2(NULL, 1233, PROT_READ, MAP_SHARED, 5, 0) = 0xb7f31000
13395 15:28:09.786128 _llseek(5, 1233, [1233], SEEK_SET) = 0
13395 15:28:09.786165 munmap(0xb7f31000, 1233) = 0
13395 15:28:09.786183 close(5)          = 0
13395 15:28:09.786218 open("/etc/passwd", O_RDONLY|0x80000 /* O_??? */) = 5
13395 15:28:09.786251 _llseek(5, 0, [0], SEEK_CUR) = 0
13395 15:28:09.786275 fstat64(5, {st_mode=S_IFREG|0644, st_size=1624, ...}) = 0
13395 15:28:09.786305 mmap2(NULL, 1624, PROT_READ, MAP_SHARED, 5, 0) = 0xb7f31000
13395 15:28:09.786325 _llseek(5, 1624, [1624], SEEK_SET) = 0
13395 15:28:09.786355 munmap(0xb7f31000, 1624) = 0
13395 15:28:09.786373 close(5)          = 0
13395 15:28:09.786398 open("/etc/shadow", O_RDONLY|0x80000 /* O_??? */) = 5
13395 15:28:09.786422 _llseek(5, 0, [0], SEEK_CUR) = 0
13395 15:28:09.786441 fstat64(5, {st_mode=S_IFREG|0640, st_size=1233, ...}) = 0
13395 15:28:09.786470 mmap2(NULL, 1233, PROT_READ, MAP_SHARED, 5, 0) = 0xb7f31000
13395 15:28:09.786490 _llseek(5, 1233, [1233], SEEK_SET) = 0
13395 15:28:09.786521 munmap(0xb7f31000, 1233) = 0
13395 15:28:09.786538 close(5)          = 0
13395 15:28:09.786968 getuid32()        = 0
13395 15:28:09.786989 open("/etc/passwd", O_RDONLY|0x80000 /* O_??? */) = 5
13395 15:28:09.787012 _llseek(5, 0, [0], SEEK_CUR) = 0
13395 15:28:09.787031 fstat64(5, {st_mode=S_IFREG|0644, st_size=1624, ...}) = 0
13395 15:28:09.787061 mmap2(NULL, 1624, PROT_READ, MAP_SHARED, 5, 0) = 0xb7f31000
13395 15:28:09.787080 _llseek(5, 1624, [1624], SEEK_SET) = 0
13395 15:28:09.787109 munmap(0xb7f31000, 1624) = 0
13395 15:28:09.787126 close(5)          = 0
13395 15:28:09.787149 open("/etc/shadow", O_RDONLY|0x80000 /* O_??? */) = 5
13395 15:28:09.787173 _llseek(5, 0, [0], SEEK_CUR) = 0
13395 15:28:09.787191 fstat64(5, {st_mode=S_IFREG|0640, st_size=1233, ...}) = 0
13395 15:28:09.787236 mmap2(NULL, 1233, PROT_READ, MAP_SHARED, 5, 0) = 0xb7f31000
13395 15:28:09.787258 _llseek(5, 1233, [1233], SEEK_SET) = 0
13395 15:28:09.787290 munmap(0xb7f31000, 1233) = 0
13395 15:28:09.787308 close(5)          = 0
13395 15:28:09.787331 time(NULL)        = 1495654089
13395 15:28:09.787359 munmap(0xb7f2e000, 12164) = 0
13395 15:28:09.787384 munmap(0xb7f2c000, 7136) = 0
13395 15:28:09.787409 munmap(0xb7d61000, 95428) = 0
13395 15:28:09.787430 munmap(0xb7d27000, 201052) = 0
13395 15:28:09.787451 munmap(0xb7d0e000, 101180) = 0
13395 15:28:09.787481 gettimeofday({1495654089, 787488}, NULL) = 0
13395 15:28:09.787503 stat64("/usr/share/zoneinfo/UTC+04:00", 0xbfa2eba4) = -1 ENOENT (No such file or directory)
13395 15:28:09.787530 open("/usr/share/zoneinfo/UTC+04:00", O_RDONLY) = -1 ENOENT (No such file or directory)
13395 15:28:09.787577 fcntl64(3, F_SETLKW64, {type=F_WRLCK, whence=SEEK_SET, start=0, len=0}, 0xbfa2ecf4) = 0
13395 15:28:09.787608 write(3, "Wed May 24 15:28:09 2017 [pid 13395] [msfadmin] OK LOGIN: Client \"127.0.0.1\"\n", 77) = 77
13395 15:28:09.787646 fcntl64(3, F_SETLK64, {type=F_UNLCK, whence=SEEK_SET, start=0, len=0}, 0xbfa2ecfc) = 0
13395 15:28:09.787671 rt_sigaction(SIGCHLD, {0x805cad0, ~[RTMIN RT_1], 0}, NULL, 8) = 0
13395 15:28:09.787697 write(4, "\1", 1 <unfinished ...>
13396 15:28:09.787715 <... read resumed> "\1", 1) = 1
13395 15:28:09.787725 <... write resumed> ) = 1
13396 15:28:09.787739 exit_group(0)     = ?
13395 15:28:09.787794 --- SIGCHLD (Child exited) @ 0 (0) ---
13395 15:28:09.787808 sigreturn()       = ? (mask now [])
13395 15:28:09.787843 wait4(-1, [{WIFEXITED(s) && WEXITSTATUS(s) == 0}], 0, NULL) = 13396
13395 15:28:09.787867 close(4)          = 0
13395 15:28:09.787889 socketpair(PF_FILE, SOCK_STREAM, 0, [4, 5]) = 0
13395 15:28:09.787915 rt_sigaction(SIGCHLD, {0x805cad0, ~[RTMIN RT_1], 0}, NULL, 8) = 0
13395 15:28:09.787941 rt_sigaction(SIGALRM, {0x805cb10, ~[RTMIN RT_1], 0}, NULL, 8) = 0
13395 15:28:09.787966 clone(child_stack=0, flags=CLONE_CHILD_CLEARTID|CLONE_CHILD_SETTID|SIGCHLD, child_tidptr=0xb7d976f8) = 13397
13397 15:28:09.788058 prctl(0x1, 0x9, 0, 0, 0) = 0
13397 15:28:09.788083 close(4)          = 0
13397 15:28:09.788133 open("/etc/passwd", O_RDONLY|0x80000 /* O_??? */) = 4
13397 15:28:09.788165 _llseek(4, 0, [0], SEEK_CUR) = 0
13397 15:28:09.788322 fstat64(4, {st_mode=S_IFREG|0644, st_size=1624, ...}) = 0
13397 15:28:09.788357 mmap2(NULL, 1624, PROT_READ, MAP_SHARED, 4, 0) = 0xb7f31000
13397 15:28:09.788379 _llseek(4, 1624, [1624], SEEK_SET) = 0
13397 15:28:09.788421 munmap(0xb7f31000, 1624) = 0
13397 15:28:09.788442 close(4)          = 0
13397 15:28:09.788468 getuid32()        = 0
13397 15:28:09.788487 open("/etc/passwd", O_RDONLY|0x80000 /* O_??? */) = 4
13397 15:28:09.788511 _llseek(4, 0, [0], SEEK_CUR) = 0
13397 15:28:09.788530 fstat64(4, {st_mode=S_IFREG|0644, st_size=1624, ...}) = 0
13397 15:28:09.788560 mmap2(NULL, 1624, PROT_READ, MAP_SHARED, 4, 0) = 0xb7f31000
13397 15:28:09.788581 _llseek(4, 1624, [1624], SEEK_SET) = 0
13397 15:28:09.788609 munmap(0xb7f31000, 1624) = 0
13397 15:28:09.788627 close(4)          = 0
13397 15:28:09.788675 open("/proc/sys/kernel/ngroups_max", O_RDONLY) = 4
13397 15:28:09.788712 read(4, "65536\n", 31) = 6
13397 15:28:09.788735 close(4)          = 0
13397 15:28:09.788761 socket(PF_FILE, SOCK_STREAM, 0) = 4
13397 15:28:09.788783 fcntl64(4, F_SETFL, O_RDWR|O_NONBLOCK) = 0
13397 15:28:09.788803 connect(4, {sa_family=AF_FILE, path="/var/run/nscd/socket"}, 110) = -1 ENOENT (No such file or directory)
13397 15:28:09.788842 close(4)          = 0
13397 15:28:09.788863 socket(PF_FILE, SOCK_STREAM, 0) = 4
13397 15:28:09.788882 fcntl64(4, F_SETFL, O_RDWR|O_NONBLOCK) = 0
13397 15:28:09.788902 connect(4, {sa_family=AF_FILE, path="/var/run/nscd/socket"}, 110) = -1 ENOENT (No such file or directory)
13397 15:28:09.788935 close(4)          = 0
13397 15:28:09.788977 open("/etc/group", O_RDONLY|0x80000 /* O_??? */) = 4
13397 15:28:09.789004 _llseek(4, 0, [0], SEEK_CUR) = 0
13397 15:28:09.789024 fstat64(4, {st_mode=S_IFREG|0644, st_size=886, ...}) = 0
13397 15:28:09.789054 mmap2(NULL, 886, PROT_READ, MAP_SHARED, 4, 0) = 0xb7f31000
13397 15:28:09.789075 _llseek(4, 886, [886], SEEK_SET) = 0
13397 15:28:09.789120 fstat64(4, {st_mode=S_IFREG|0644, st_size=886, ...}) = 0
13397 15:28:09.789151 munmap(0xb7f31000, 886) = 0
13397 15:28:09.789170 close(4)          = 0
13397 15:28:09.789188 setgroups32(13, [1000, 4, 20, 24, 25, 29, 30, 44, 46, 107, 111, 112, 119]) = 0
13397 15:28:09.789219 geteuid32()       = 0
13397 15:28:09.789240 getegid32()       = 0
13397 15:28:09.789275 setregid32(-1, 1000) = 0
13397 15:28:09.789298 setreuid32(-1, 1000) = 0
13397 15:28:09.789319 chdir("/home/msfadmin") = 0
13397 15:28:09.789342 setreuid32(-1, 0) = 0
13397 15:28:09.789359 setregid32(-1, 0) = 0
13397 15:28:09.789379 setgid32(1000)    = 0
13397 15:28:09.789398 setuid32(1000)    = 0
13397 15:28:09.789418 setrlimit(RLIMIT_NPROC, {rlim_cur=0, rlim_max=0}) = 0
13397 15:28:09.789444 mmap2(NULL, 12288, PROT_READ|PROT_WRITE, MAP_PRIVATE|MAP_ANONYMOUS, -1, 0) = 0xb7f2f000
13397 15:28:09.789466 mprotect(0xb7f31000, 4096, PROT_NONE) = 0
13397 15:28:09.789494 mprotect(0xb7f2f000, 4096, PROT_NONE) = 0
13397 15:28:09.789516 getcwd("/home/msfadmin", 4096) = 15
13397 15:28:09.789541 umask(022)        = 077
13397 15:28:09.789560 getcwd("/home/msfadmin", 4096) = 15
13397 15:28:09.789585 open(".message", O_RDONLY|O_NONBLOCK|O_LARGEFILE) = -1 ENOENT (No such file or directory)
13397 15:28:09.789628 write(0, "230 Login successful.\r\n", 23) = 23
13397 15:28:09.789781 rt_sigaction(SIGALRM, {0x805cad0, ~[RTMIN RT_1], 0}, NULL, 8) = 0
13397 15:28:09.789813 alarm(300)        = 0
13397 15:28:09.789834 mmap2(NULL, 12288, PROT_READ|PROT_WRITE, MAP_PRIVATE|MAP_ANONYMOUS, -1, 0) = 0xb7f2c000
13397 15:28:09.789856 mprotect(0xb7f2e000, 4096, PROT_NONE) = 0
13397 15:28:09.789877 mprotect(0xb7f2c000, 4096, PROT_NONE) = 0
13397 15:28:09.789901 recv(0, "TYPE I\r\n", 4096, MSG_PEEK) = 8
13397 15:28:09.789925 read(0, "TYPE I\r\n", 8) = 8
13397 15:28:09.789956 write(0, "200 Switching to Binary mode.\r\n", 31) = 31
13397 15:28:09.790027 rt_sigaction(SIGALRM, {0x805cad0, ~[RTMIN RT_1], 0}, NULL, 8) = 0
13397 15:28:09.790054 alarm(300)        = 300
13397 15:28:09.790075 recv(0, "PASV\r\n", 4096, MSG_PEEK) = 6
13397 15:28:09.790096 read(0, "PASV\r\n", 6) = 6
13397 15:28:09.790119 write(5, "\n", 1) = 1
13397 15:28:09.790139 read(5,  <unfinished ...>
13395 15:28:09.790162 close(5)          = 0
13395 15:28:09.790186 getuid32()        = 0
13395 15:28:09.790214 open("/etc/passwd", O_RDONLY|0x80000 /* O_??? */) = 5
13395 15:28:09.790256 _llseek(5, 0, [0], SEEK_CUR) = 0
13395 15:28:09.790280 fstat64(5, {st_mode=S_IFREG|0644, st_size=1624, ...}) = 0
13395 15:28:09.790313 mmap2(NULL, 1624, PROT_READ, MAP_SHARED, 5, 0) = 0xb7f31000
13395 15:28:09.790335 _llseek(5, 1624, [1624], SEEK_SET) = 0
13395 15:28:09.790368 munmap(0xb7f31000, 1624) = 0
13395 15:28:09.790389 close(5)          = 0
13395 15:28:09.790419 setgroups32(0, []) = 0
13395 15:28:09.790440 chdir("/usr/share/empty") = 0
13395 15:28:09.790464 chroot(".")       = 0
13395 15:28:09.790484 capset(NULL, NULL) = -1 EFAULT (Bad address)
13395 15:28:09.790509 prctl(0x8, 0, 0xbfa2ecd8, 0x80549a6, 0xbfa2ecc0) = 0
13395 15:28:09.790530 prctl(0x8, 0x1, 0xbfa2ecd8, 0x8054a49, 0xbfa2ecc0) = 0
13395 15:28:09.790549 setgid32(65534)   = 0
13395 15:28:09.790568 setuid32(65534)   = 0
13395 15:28:09.790587 capset(0x19980330, 0, {CAP_NET_BIND_SERVICE, CAP_NET_BIND_SERVICE, 0}) = 0
13395 15:28:09.790613 read(4, "\n", 1)  = 1
13395 15:28:09.790637 write(4, "\1", 1) = 1
13397 15:28:09.790658 <... read resumed> "\1", 1) = 1
13397 15:28:09.790672 write(5, "\f", 1) = 1
13397 15:28:09.790691 read(5,  <unfinished ...>
13395 15:28:09.790704 read(4, "\f", 1)  = 1
13395 15:28:09.790716 socket(PF_INET, SOCK_STREAM, IPPROTO_TCP) = 5
13395 15:28:09.790716 setsockopt(5, SOL_SOCKET, SO_REUSEADDR, [1], 4) = 0
13395 15:28:09.790716 gettimeofday({1495654089, 790716}, NULL) = 0
13395 15:28:09.790717 bind(5, {sa_family=AF_INET, sin_port=htons(36873), sin_addr=inet_addr("127.0.0.1")}, 16) = 0
13395 15:28:09.790717 listen(5, 1)      = 0
13395 15:28:09.790717 write(4, "\t\220\0\0", 4) = 4
13397 15:28:09.790725 <... read resumed> "\t\220\0\0", 4) = 4
13397 15:28:09.790752 write(0, "227 Entering Passive Mode (127,0,0,1,144,9).\r\n", 46) = 46
13397 15:28:09.790973 rt_sigaction(SIGALRM, {0x805cad0, ~[RTMIN RT_1], 0}, NULL, 8) = 0
13397 15:28:09.791005 alarm(300)        = 300
13397 15:28:09.791027 recv(0, "STOR myfile32\r\n", 4096, MSG_PEEK) = 15
13397 15:28:09.791050 read(0, "STOR myfile32\r\n", 15) = 15
13397 15:28:09.791079 write(5, "\v", 1) = 1
13397 15:28:09.791099 read(5,  <unfinished ...>
13395 15:28:09.791113 read(4, "\v", 1)  = 1
13395 15:28:09.791134 write(4, "\1\0\0\0", 4) = 4
13397 15:28:09.791154 <... read resumed> "\1\0\0\0", 4) = 4
13397 15:28:09.791170 gettimeofday({1495654089, 791176}, NULL) = 0
13397 15:28:09.791190 getcwd("/home/msfadmin", 4096) = 15
13397 15:28:09.791213 open("myfile32", O_WRONLY|O_CREAT|O_NONBLOCK|O_LARGEFILE, 0666) = 4
13397 15:28:09.791239 fstat64(4, {st_mode=S_IFREG|0644, st_size=17, ...}) = 0
13397 15:28:09.791278 fcntl64(4, F_GETFL) = 0x8801 (flags O_WRONLY|O_NONBLOCK|O_LARGEFILE)
13397 15:28:09.791298 fcntl64(4, F_SETFL, O_WRONLY|O_LARGEFILE) = 0
13397 15:28:09.791317 fcntl64(4, F_SETLKW64, {type=F_WRLCK, whence=SEEK_SET, start=0, len=0}, 0xbfa2ec24) = 0
13397 15:28:09.791346 ftruncate64(4, 0) = 0
13397 15:28:09.791558 _llseek(4, 0, [0], SEEK_SET) = 0
13397 15:28:09.791721 write(5, "\v", 1) = 1
13397 15:28:09.791805 read(5,  <unfinished ...>
13395 15:28:09.791843 read(4, "\v", 1)  = 1
13395 15:28:09.791895 write(4, "\1\0\0\0", 4) = 4
13397 15:28:09.791935 <... read resumed> "\1\0\0\0", 4) = 4
13397 15:28:09.791953 write(5, "\v", 1) = 1
13397 15:28:09.791972 read(5,  <unfinished ...>
13395 15:28:09.791984 read(4, "\v", 1)  = 1
13395 15:28:09.792005 write(4, "\1\0\0\0", 4) = 4
13397 15:28:09.792024 <... read resumed> "\1\0\0\0", 4) = 4
13397 15:28:09.792038 write(5, "\r", 1) = 1
13397 15:28:09.792056 read(5,  <unfinished ...>
13395 15:28:09.792069 read(4, "\r", 1)  = 1
13395 15:28:09.792092 select(6, [5], NULL, NULL, {60, 0}) = 1 (in [5], left {60, 0})
13395 15:28:09.792124 accept(5, {sa_family=AF_INET, sin_port=htons(40183), sin_addr=inet_addr("127.0.0.1")}, [16]) = 6
13395 15:28:09.802967 write(4, "\1", 1 <unfinished ...>
13397 15:28:09.802990 <... read resumed> "\1", 1) = 1
13395 15:28:09.803000 <... write resumed> ) = 1
13397 15:28:09.803017 recvmsg(5,  <unfinished ...>
13395 15:28:09.803036 sendmsg(4, {msg_name(0)=NULL, msg_iov(1)=[{"\0", 1}], msg_controllen=16, {cmsg_len=16, cmsg_level=SOL_SOCKET, cmsg_type=SCM_RIGHTS, {6}}, msg_flags=0}, 0 <unfinished ...>
13397 15:28:09.803064 <... recvmsg resumed> {msg_name(0)=NULL, msg_iov(1)=[{"\0", 1}], msg_controllen=16, {cmsg_len=16, cmsg_level=SOL_SOCKET, cmsg_type=SCM_RIGHTS, {6}}, msg_flags=0}, 0) = 1
13395 15:28:09.803082 <... sendmsg resumed> ) = 1
13397 15:28:09.803096 setsockopt(6, SOL_SOCKET, SO_KEEPALIVE, [1], 4) = 0
13397 15:28:09.803119 setsockopt(6, SOL_IP, IP_TOS, [8], 4) = 0
13397 15:28:09.803142 setsockopt(6, SOL_SOCKET, SO_LINGER, {onoff=1, linger=32767}, 8) = 0
13397 15:28:09.803163 rt_sigaction(SIGALRM, {0x805cad0, ~[RTMIN RT_1], 0}, NULL, 8) = 0
13397 15:28:09.803188 alarm(300)        = 300
13397 15:28:09.803213 write(0, "150 Ok to send data.\r\n", 22) = 22
13397 15:28:09.803342 mmap2(NULL, 77824, PROT_READ|PROT_WRITE, MAP_PRIVATE|MAP_ANONYMOUS, -1, 0) = 0xb7d66000
13397 15:28:09.803368 mprotect(0xb7d78000, 4096, PROT_NONE) = 0
13397 15:28:09.803390 mprotect(0xb7d66000, 4096, PROT_NONE) = 0
13397 15:28:09.803409 read(6, "assasaaa\na\na\na\na\n", 65536) = 17
13397 15:28:09.803435 write(4, "assasaaa\na\na\na\na\n", 17) = 17
13397 15:28:09.803466 read(6, "", 65536) = 0
13397 15:28:09.803486 rt_sigaction(SIGALRM, {0x805cad0, ~[RTMIN RT_1], 0}, NULL, 8) = 0
13397 15:28:09.803512 alarm(300)        = 300
13397 15:28:09.803530 close(6)          = 0
13397 15:28:09.803547 alarm(0)          = 300
13397 15:28:09.803565 gettimeofday({1495654089, 803572}, NULL) = 0
13397 15:28:09.803599 getpid()          = 13397
13397 15:28:09.803622 gettimeofday({1495654089, 803629}, NULL) = 0
13397 15:28:09.803653 fcntl64(3, F_SETLKW64, {type=F_WRLCK, whence=SEEK_SET, start=0, len=0}, 0xbfa2ebc4) = 0
13397 15:28:09.803681 write(3, "Wed May 24 15:28:09 2017 [pid 13397] [msfadmin] OK UPLOAD: Client \"127.0.0.1\", \"/home/msfadmin/myfile32\", 17 bytes, 1.33Kbyte/sec\n", 130) = 130
13397 15:28:09.803718 fcntl64(3, F_SETLK64, {type=F_UNLCK, whence=SEEK_SET, start=0, len=0}, 0xbfa2ebcc) = 0
13397 15:28:09.803745 write(0, "226 Transfer complete.\r\n", 24) = 24
13397 15:28:09.803821 write(5, "\n", 1) = 1
13397 15:28:09.803843 read(5,  <unfinished ...>
13395 15:28:09.803857 close(6)          = 0
13395 15:28:09.803910 read(4, "\n", 1)  = 1
13395 15:28:09.803935 close(5)          = 0
13395 15:28:09.803956 write(4, "\1", 1 <unfinished ...>
13397 15:28:09.803972 <... read resumed> "\1", 1) = 1
13395 15:28:09.803981 <... write resumed> ) = 1
13397 15:28:09.803992 close(4)          = 0
13397 15:28:09.804013 rt_sigaction(SIGALRM, {0x805cad0, ~[RTMIN RT_1], 0}, NULL, 8) = 0
13397 15:28:09.804038 alarm(300)        = 0
13397 15:28:09.804066 recv(0,  <unfinished ...>
13395 15:28:09.804081 read(4,  <unfinished ...>
13397 15:28:10.311226 <... recv resumed> "TYPE I\r\n", 4096, MSG_PEEK) = 8
13397 15:28:10.311316 read(0, "TYPE I\r\n", 8) = 8
13397 15:28:10.311398 write(0, "200 Switching to Binary mode.\r\n", 31) = 31
13397 15:28:10.311656 rt_sigaction(SIGALRM, {0x805cad0, ~[RTMIN RT_1], 0}, NULL, 8) = 0
13397 15:28:10.311739 alarm(300)        = 299
13397 15:28:10.311813 recv(0, "PASV\r\n", 4096, MSG_PEEK) = 6
13397 15:28:10.311868 read(0, "PASV\r\n", 6) = 6
13397 15:28:10.311923 write(5, "\n", 1) = 1
13397 15:28:10.312036 read(5,  <unfinished ...>
13395 15:28:10.312075 <... read resumed> "\n", 1) = 1
13395 15:28:10.312110 write(4, "\1", 1 <unfinished ...>
13397 15:28:10.312155 <... read resumed> "\1", 1) = 1
13395 15:28:10.312189 <... write resumed> ) = 1
13397 15:28:10.312219 write(5, "\f", 1) = 1
13397 15:28:10.312265 read(5,  <unfinished ...>
13395 15:28:10.312296 read(4, "\f", 1)  = 1
13395 15:28:10.312349 socket(PF_INET, SOCK_STREAM, IPPROTO_TCP) = 5
13395 15:28:10.312411 setsockopt(5, SOL_SOCKET, SO_REUSEADDR, [1], 4) = 0
13395 15:28:10.312544 bind(5, {sa_family=AF_INET, sin_port=htons(42628), sin_addr=inet_addr("127.0.0.1")}, 16) = 0
13395 15:28:10.312626 listen(5, 1)      = 0
13395 15:28:10.312684 write(4, "\204\246\0\0", 4 <unfinished ...>
13397 15:28:10.312726 <... read resumed> "\204\246\0\0", 4) = 4
13395 15:28:10.312750 <... write resumed> ) = 4
13397 15:28:10.312816 write(0, "227 Entering Passive Mode (127,0,0,1,166,132).\r\n", 48) = 48
13397 15:28:10.313278 rt_sigaction(SIGALRM, {0x805cad0, ~[RTMIN RT_1], 0}, NULL, 8) = 0
13397 15:28:10.313409 alarm(300)        = 300
13397 15:28:10.313513 recv(0, "STOR myfile33\r\n", 4096, MSG_PEEK) = 15
13397 15:28:10.313574 read(0, "STOR myfile33\r\n", 15) = 15
13397 15:28:10.313634 write(5, "\v", 1) = 1
13397 15:28:10.313682 read(5,  <unfinished ...>
13395 15:28:10.313713 read(4, "\v", 1)  = 1
13395 15:28:10.313764 write(4, "\1\0\0\0", 4) = 4
13397 15:28:10.313810 <... read resumed> "\1\0\0\0", 4) = 4
13397 15:28:10.313845 gettimeofday({1495654090, 313861}, NULL) = 0
13397 15:28:10.313892 getcwd("/home/msfadmin", 4096) = 15
13397 15:28:10.313947 open("myfile33", O_WRONLY|O_CREAT|O_NONBLOCK|O_LARGEFILE, 0666) = 4
13397 15:28:10.314008 fstat64(4, {st_mode=S_IFREG|0644, st_size=17, ...}) = 0
13397 15:28:10.314084 fcntl64(4, F_GETFL) = 0x8801 (flags O_WRONLY|O_NONBLOCK|O_LARGEFILE)
13397 15:28:10.314133 fcntl64(4, F_SETFL, O_WRONLY|O_LARGEFILE) = 0
13397 15:28:10.314177 fcntl64(4, F_SETLKW64, {type=F_WRLCK, whence=SEEK_SET, start=0, len=0}, 0xbfa2ec24) = 0
13397 15:28:10.314237 ftruncate64(4, 0) = 0
13397 15:28:10.314311 _llseek(4, 0, [0], SEEK_SET) = 0
13397 15:28:10.314360 write(5, "\v", 1) = 1
13397 15:28:10.314406 read(5,  <unfinished ...>
13395 15:28:10.314600 read(4, "\v", 1)  = 1
13395 15:28:10.314654 write(4, "\1\0\0\0", 4) = 4
13397 15:28:10.314701 <... read resumed> "\1\0\0\0", 4) = 4
13397 15:28:10.314734 write(5, "\v", 1) = 1
13397 15:28:10.314778 read(5,  <unfinished ...>
13395 15:28:10.314808 read(4, "\v", 1)  = 1
13395 15:28:10.314856 write(4, "\1\0\0\0", 4) = 4
13397 15:28:10.314900 <... read resumed> "\1\0\0\0", 4) = 4
13397 15:28:10.314933 write(5, "\r", 1) = 1
13397 15:28:10.314976 read(5,  <unfinished ...>
13395 15:28:10.315006 read(4, "\r", 1)  = 1
13395 15:28:10.315057 select(6, [5], NULL, NULL, {60, 0}) = 1 (in [5], left {60, 0})
13395 15:28:10.315126 accept(5, {sa_family=AF_INET, sin_port=htons(59593), sin_addr=inet_addr("127.0.0.1")}, [16]) = 6
13395 15:28:10.315245 write(4, "\1", 1) = 1
13397 15:28:10.315294 <... read resumed> "\1", 1) = 1
13397 15:28:10.315333 recvmsg(5,  <unfinished ...>
13395 15:28:10.315370 sendmsg(4, {msg_name(0)=NULL, msg_iov(1)=[{"\0", 1}], msg_controllen=16, {cmsg_len=16, cmsg_level=SOL_SOCKET, cmsg_type=SCM_RIGHTS, {6}}, msg_flags=0}, 0) = 1
13397 15:28:10.315444 <... recvmsg resumed> {msg_name(0)=NULL, msg_iov(1)=[{"\0", 1}], msg_controllen=16, {cmsg_len=16, cmsg_level=SOL_SOCKET, cmsg_type=SCM_RIGHTS, {6}}, msg_flags=0}, 0) = 1
13397 15:28:10.315603 setsockopt(6, SOL_SOCKET, SO_KEEPALIVE, [1], 4) = 0
13397 15:28:10.315669 setsockopt(6, SOL_IP, IP_TOS, [8], 4) = 0
13397 15:28:10.315722 setsockopt(6, SOL_SOCKET, SO_LINGER, {onoff=1, linger=32767}, 8) = 0
13397 15:28:10.315773 rt_sigaction(SIGALRM, {0x805cad0, ~[RTMIN RT_1], 0}, NULL, 8) = 0
13397 15:28:10.315849 alarm(300)        = 300
13397 15:28:10.315909 write(0, "150 Ok to send data.\r\n", 22) = 22
13397 15:28:10.316183 read(6, "assasaaa\na\na\na\na\n", 65536) = 17
13397 15:28:10.316246 write(4, "assasaaa\na\na\na\na\n", 17) = 17
13397 15:28:10.316316 read(6, "", 65536) = 0
13397 15:28:10.316362 rt_sigaction(SIGALRM, {0x805cad0, ~[RTMIN RT_1], 0}, NULL, 8) = 0
13397 15:28:10.316443 alarm(300)        = 300
13397 15:28:10.316618 close(6)          = 0
13397 15:28:10.316667 alarm(0)          = 300
13397 15:28:10.316711 gettimeofday({1495654090, 316727}, NULL) = 0
13397 15:28:10.316799 gettimeofday({1495654090, 316828}, NULL) = 0
13397 15:28:10.316888 fcntl64(3, F_SETLKW64, {type=F_WRLCK, whence=SEEK_SET, start=0, len=0}, 0xbfa2ebc4) = 0
13397 15:28:10.316959 write(3, "Wed May 24 15:28:10 2017 [pid 13397] [msfadmin] OK UPLOAD: Client \"127.0.0.1\", \"/home/msfadmin/myfile33\", 17 bytes, 5.60Kbyte/sec\n", 130) = 130
13397 15:28:10.317048 fcntl64(3, F_SETLK64, {type=F_UNLCK, whence=SEEK_SET, start=0, len=0}, 0xbfa2ebcc) = 0
13397 15:28:10.317113 write(0, "226 Transfer complete.\r\n", 24) = 24
13397 15:28:10.317307 write(5, "\n", 1) = 1
13397 15:28:10.317361 read(5,  <unfinished ...>
13395 15:28:10.317393 close(6)          = 0
13395 15:28:10.317535 read(4, "\n", 1)  = 1
13395 15:28:10.317594 close(5)          = 0
13395 15:28:10.317642 write(4, "\1", 1) = 1
13397 15:28:10.317690 <... read resumed> "\1", 1) = 1
13397 15:28:10.317721 close(4)          = 0
13397 15:28:10.317770 rt_sigaction(SIGALRM, {0x805cad0, ~[RTMIN RT_1], 0}, NULL, 8) = 0
13397 15:28:10.317829 alarm(300)        = 0
13397 15:28:10.317879 recv(0,  <unfinished ...>
13395 15:28:10.317913 read(4,  <unfinished ...>
13397 15:28:10.840691 <... recv resumed> "TYPE I\r\n", 4096, MSG_PEEK) = 8
13397 15:28:10.840859 read(0, "TYPE I\r\n", 8) = 8
13397 15:28:10.840944 write(0, "200 Switching to Binary mode.\r\n", 31) = 31
13397 15:28:10.841175 rt_sigaction(SIGALRM, {0x805cad0, ~[RTMIN RT_1], 0}, NULL, 8) = 0
13397 15:28:10.841198 alarm(300)        = 299
13397 15:28:10.841198 recv(0, "PASV\r\n", 4096, MSG_PEEK) = 6
13397 15:28:10.841198 read(0, "PASV\r\n", 6) = 6
13397 15:28:10.841234 write(5, "\n", 1) = 1
13397 15:28:10.841458 read(5,  <unfinished ...>
13395 15:28:10.841491 <... read resumed> "\n", 1) = 1
13395 15:28:10.841528 write(4, "\1", 1) = 1
13397 15:28:10.841574 <... read resumed> "\1", 1) = 1
13397 15:28:10.841606 write(5, "\f", 1) = 1
13397 15:28:10.841650 read(5,  <unfinished ...>
13395 15:28:10.841681 read(4, "\f", 1)  = 1
13395 15:28:10.841734 socket(PF_INET, SOCK_STREAM, IPPROTO_TCP) = 5
13395 15:28:10.841796 setsockopt(5, SOL_SOCKET, SO_REUSEADDR, [1], 4) = 0
13395 15:28:10.841904 bind(5, {sa_family=AF_INET, sin_port=htons(49885), sin_addr=inet_addr("127.0.0.1")}, 16) = 0
13395 15:28:10.841981 listen(5, 1)      = 0
13395 15:28:10.842038 write(4, "\335\302\0\0", 4) = 4
13397 15:28:10.842089 <... read resumed> "\335\302\0\0", 4) = 4
13397 15:28:10.842144 write(0, "227 Entering Passive Mode (127,0,0,1,194,221).\r\n", 48) = 48
13397 15:28:10.842757 rt_sigaction(SIGALRM, {0x805cad0, ~[RTMIN RT_1], 0}, NULL, 8) = 0
13397 15:28:10.842879 alarm(300)        = 300
13397 15:28:10.842945 recv(0, "STOR myfile34\r\n", 4096, MSG_PEEK) = 15
13397 15:28:10.843165 read(0, "STOR myfile34\r\n", 15) = 15
13397 15:28:10.843227 write(5, "\v", 1) = 1
13397 15:28:10.843275 read(5,  <unfinished ...>
13395 15:28:10.843309 read(4, "\v", 1)  = 1
13395 15:28:10.843459 write(4, "\1\0\0\0", 4) = 4
13397 15:28:10.843508 <... read resumed> "\1\0\0\0", 4) = 4
13397 15:28:10.843543 gettimeofday({1495654090, 843559}, NULL) = 0
13397 15:28:10.843592 getcwd("/home/msfadmin", 4096) = 15
13397 15:28:10.843647 open("myfile34", O_WRONLY|O_CREAT|O_NONBLOCK|O_LARGEFILE, 0666) = 4
13397 15:28:10.843731 fstat64(4, {st_mode=S_IFREG|0644, st_size=17, ...}) = 0
13397 15:28:10.843809 fcntl64(4, F_GETFL) = 0x8801 (flags O_WRONLY|O_NONBLOCK|O_LARGEFILE)
13397 15:28:10.843912 fcntl64(4, F_SETFL, O_WRONLY|O_LARGEFILE) = 0
13397 15:28:10.843961 fcntl64(4, F_SETLKW64, {type=F_WRLCK, whence=SEEK_SET, start=0, len=0}, 0xbfa2ec24) = 0
13397 15:28:10.844023 ftruncate64(4, 0) = 0
13397 15:28:10.844095 _llseek(4, 0, [0], SEEK_SET) = 0
13397 15:28:10.844144 write(5, "\v", 1) = 1
13397 15:28:10.844192 read(5,  <unfinished ...>
13395 15:28:10.844224 read(4, "\v", 1)  = 1
13395 15:28:10.844274 write(4, "\1\0\0\0", 4) = 4
13397 15:28:10.844354 <... read resumed> "\1\0\0\0", 4) = 4
13397 15:28:10.844400 write(5, "\v", 1) = 1
13397 15:28:10.844445 read(5,  <unfinished ...>
13395 15:28:10.844475 read(4, "\v", 1)  = 1
13395 15:28:10.844524 write(4, "\1\0\0\0", 4) = 4
13397 15:28:10.844569 <... read resumed> "\1\0\0\0", 4) = 4
13397 15:28:10.844602 write(5, "\r", 1) = 1
13397 15:28:10.844645 read(5,  <unfinished ...>
13395 15:28:10.844675 read(4, "\r", 1)  = 1
13395 15:28:10.844726 select(6, [5], NULL, NULL, {60, 0}) = 1 (in [5], left {60, 0})
13395 15:28:10.844797 accept(5, {sa_family=AF_INET, sin_port=htons(33180), sin_addr=inet_addr("127.0.0.1")}, [16]) = 6
13395 15:28:10.844934 write(4, "\1", 1) = 1
13397 15:28:10.844984 <... read resumed> "\1", 1) = 1
13397 15:28:10.845022 recvmsg(5,  <unfinished ...>
13395 15:28:10.845060 sendmsg(4, {msg_name(0)=NULL, msg_iov(1)=[{"\0", 1}], msg_controllen=16, {cmsg_len=16, cmsg_level=SOL_SOCKET, cmsg_type=SCM_RIGHTS, {6}}, msg_flags=0}, 0) = 1
13397 15:28:10.845134 <... recvmsg resumed> {msg_name(0)=NULL, msg_iov(1)=[{"\0", 1}], msg_controllen=16, {cmsg_len=16, cmsg_level=SOL_SOCKET, cmsg_type=SCM_RIGHTS, {6}}, msg_flags=0}, 0) = 1
13397 15:28:10.845191 setsockopt(6, SOL_SOCKET, SO_KEEPALIVE, [1], 4) = 0
13397 15:28:10.845245 setsockopt(6, SOL_IP, IP_TOS, [8], 4) = 0
13397 15:28:10.845297 setsockopt(6, SOL_SOCKET, SO_LINGER, {onoff=1, linger=32767}, 8) = 0
13397 15:28:10.845388 rt_sigaction(SIGALRM, {0x805cad0, ~[RTMIN RT_1], 0}, NULL, 8) = 0
13397 15:28:10.845451 alarm(300)        = 300
13397 15:28:10.845508 write(0, "150 Ok to send data.\r\n", 22) = 22
13397 15:28:10.845780 read(6, "assasaaa\na\na\na\na\n", 65536) = 17
13397 15:28:10.845895 write(4, "assasaaa\na\na\na\na\n", 17) = 17
13397 15:28:10.845970 read(6, "", 65536) = 0
13397 15:28:10.846017 rt_sigaction(SIGALRM, {0x805cad0, ~[RTMIN RT_1], 0}, NULL, 8) = 0
13397 15:28:10.846077 alarm(300)        = 300
13397 15:28:10.846121 close(6)          = 0
13397 15:28:10.846162 alarm(0)          = 300
13397 15:28:10.846204 gettimeofday({1495654090, 846220}, NULL) = 0
13397 15:28:10.846269 gettimeofday({1495654090, 846286}, NULL) = 0
13397 15:28:10.846370 fcntl64(3, F_SETLKW64, {type=F_WRLCK, whence=SEEK_SET, start=0, len=0}, 0xbfa2ebc4) = 0
13397 15:28:10.846441 write(3, "Wed May 24 15:28:10 2017 [pid 13397] [msfadmin] OK UPLOAD: Client \"127.0.0.1\", \"/home/msfadmin/myfile34\", 17 bytes, 6.09Kbyte/sec\n", 130) = 130
13397 15:28:10.846530 fcntl64(3, F_SETLK64, {type=F_UNLCK, whence=SEEK_SET, start=0, len=0}, 0xbfa2ebcc) = 0
13397 15:28:10.846595 write(0, "226 Transfer complete.\r\n", 24) = 24
13397 15:28:10.846773 write(5, "\n", 1) = 1
13397 15:28:10.846889 read(5,  <unfinished ...>
13395 15:28:10.846925 close(6)          = 0
13395 15:28:10.847009 read(4, "\n", 1)  = 1
13395 15:28:10.847062 close(5)          = 0
13395 15:28:10.847108 write(4, "\1", 1) = 1
13397 15:28:10.847155 <... read resumed> "\1", 1) = 1
13397 15:28:10.847187 close(4)          = 0
13397 15:28:10.847234 rt_sigaction(SIGALRM, {0x805cad0, ~[RTMIN RT_1], 0}, NULL, 8) = 0
13397 15:28:10.847345 alarm(300)        = 0
13397 15:28:10.847406 recv(0,  <unfinished ...>
13395 15:28:10.847441 read(4,  <unfinished ...>
13397 15:28:11.351719 <... recv resumed> "TYPE I\r\n", 4096, MSG_PEEK) = 8
13397 15:28:11.351988 read(0, "TYPE I\r\n", 8) = 8
13397 15:28:11.352188 write(0, "200 Switching to Binary mode.\r\n", 31) = 31
13397 15:28:11.352472 rt_sigaction(SIGALRM, {0x805cad0, ~[RTMIN RT_1], 0}, NULL, 8) = 0
13397 15:28:11.352592 alarm(300)        = 299
13397 15:28:11.352648 recv(0, "PASV\r\n", 4096, MSG_PEEK) = 6
13397 15:28:11.352700 read(0, "PASV\r\n", 6) = 6
13397 15:28:11.352754 write(5, "\n", 1) = 1
13395 15:28:11.352808 <... read resumed> "\n", 1) = 1
13395 15:28:11.352842 write(4, "\1", 1) = 1
13395 15:28:11.352889 read(4,  <unfinished ...>
13397 15:28:11.352921 read(5, "\1", 1)  = 1
13397 15:28:11.353022 write(5, "\f", 1) = 1
13395 15:28:11.353071 <... read resumed> "\f", 1) = 1
13395 15:28:11.353106 socket(PF_INET, SOCK_STREAM, IPPROTO_TCP) = 5
13395 15:28:11.353167 setsockopt(5, SOL_SOCKET, SO_REUSEADDR, [1], 4) = 0
13395 15:28:11.353227 bind(5, {sa_family=AF_INET, sin_port=htons(56194), sin_addr=inet_addr("127.0.0.1")}, 16) = 0
13395 15:28:11.353294 listen(5, 1)      = 0
13395 15:28:11.353351 write(4, "\202\333\0\0", 4) = 4
13395 15:28:11.353401 read(4,  <unfinished ...>
13397 15:28:11.353432 read(5, "\202\333\0\0", 4) = 4
13397 15:28:11.353502 write(0, "227 Entering Passive Mode (127,0,0,1,219,130).\r\n", 48) = 48
13397 15:28:11.353913 rt_sigaction(SIGALRM, {0x805cad0, ~[RTMIN RT_1], 0}, NULL, 8) = 0
13397 15:28:11.354039 alarm(300)        = 300
13397 15:28:11.354092 recv(0, "STOR myfile35\r\n", 4096, MSG_PEEK) = 15
13397 15:28:11.354148 read(0, "STOR myfile35\r\n", 15) = 15
13397 15:28:11.354208 write(5, "\v", 1) = 1
13395 15:28:11.354256 <... read resumed> "\v", 1) = 1
13395 15:28:11.354288 write(4, "\1\0\0\0", 4) = 4
13395 15:28:11.354336 read(4,  <unfinished ...>
13397 15:28:11.354367 read(5, "\1\0\0\0", 4) = 4
13397 15:28:11.354419 gettimeofday({1495654091, 354435}, NULL) = 0
13397 15:28:11.354466 getcwd("/home/msfadmin", 4096) = 15
13397 15:28:11.354521 open("myfile35", O_WRONLY|O_CREAT|O_NONBLOCK|O_LARGEFILE, 0666) = 4
13397 15:28:11.354581 fstat64(4, {st_mode=S_IFREG|0644, st_size=17, ...}) = 0
13397 15:28:11.354657 fcntl64(4, F_GETFL) = 0x8801 (flags O_WRONLY|O_NONBLOCK|O_LARGEFILE)
13397 15:28:11.354705 fcntl64(4, F_SETFL, O_WRONLY|O_LARGEFILE) = 0
13397 15:28:11.354750 fcntl64(4, F_SETLKW64, {type=F_WRLCK, whence=SEEK_SET, start=0, len=0}, 0xbfa2ec24) = 0
13397 15:28:11.354810 ftruncate64(4, 0) = 0
13397 15:28:11.354881 _llseek(4, 0, [0], SEEK_SET) = 0
13397 15:28:11.354975 write(5, "\v", 1) = 1
13395 15:28:11.355022 <... read resumed> "\v", 1) = 1
13395 15:28:11.355054 write(4, "\1\0\0\0", 4) = 4
13395 15:28:11.355102 read(4,  <unfinished ...>
13397 15:28:11.355133 read(5, "\1\0\0\0", 4) = 4
13397 15:28:11.355184 write(5, "\v", 1) = 1
13395 15:28:11.355226 <... read resumed> "\v", 1) = 1
13395 15:28:11.355256 write(4, "\1\0\0\0", 4) = 4
13395 15:28:11.355303 read(4,  <unfinished ...>
13397 15:28:11.355332 read(5, "\1\0\0\0", 4) = 4
13397 15:28:11.355382 write(5, "\r", 1) = 1
13395 15:28:11.355425 <... read resumed> "\r", 1) = 1
13395 15:28:11.355458 select(6, [5], NULL, NULL, {60, 0}) = 1 (in [5], left {60, 0})
13395 15:28:11.355528 accept(5, {sa_family=AF_INET, sin_port=htons(38015), sin_addr=inet_addr("127.0.0.1")}, [16]) = 6
13395 15:28:11.355623 write(4, "\1", 1) = 1
13395 15:28:11.355676 sendmsg(4, {msg_name(0)=NULL, msg_iov(1)=[{"\0", 1}], msg_controllen=16, {cmsg_len=16, cmsg_level=SOL_SOCKET, cmsg_type=SCM_RIGHTS, {6}}, msg_flags=0}, 0) = 1
13395 15:28:11.355747 close(6)          = 0
13395 15:28:11.355791 read(4,  <unfinished ...>
13397 15:28:11.355821 read(5, "\1", 1)  = 1
13397 15:28:11.355915 recvmsg(5, {msg_name(0)=NULL, msg_iov(1)=[{"\0", 1}], msg_controllen=16, {cmsg_len=16, cmsg_level=SOL_SOCKET, cmsg_type=SCM_RIGHTS, {6}}, msg_flags=0}, 0) = 1
13397 15:28:11.355999 setsockopt(6, SOL_SOCKET, SO_KEEPALIVE, [1], 4) = 0
13397 15:28:11.356054 setsockopt(6, SOL_IP, IP_TOS, [8], 4) = 0
13397 15:28:11.356106 setsockopt(6, SOL_SOCKET, SO_LINGER, {onoff=1, linger=32767}, 8) = 0
13397 15:28:11.356155 rt_sigaction(SIGALRM, {0x805cad0, ~[RTMIN RT_1], 0}, NULL, 8) = 0
13397 15:28:11.356214 alarm(300)        = 300
13397 15:28:11.356270 write(0, "150 Ok to send data.\r\n", 22) = 22
13397 15:28:11.356537 read(6, "assasaaa\na\na\na\na\n", 65536) = 17
13397 15:28:11.356615 write(4, "assasaaa\na\na\na\na\n", 17) = 17
13397 15:28:11.356682 read(6, "", 65536) = 0
13397 15:28:11.356729 rt_sigaction(SIGALRM, {0x805cad0, ~[RTMIN RT_1], 0}, NULL, 8) = 0
13397 15:28:11.356788 alarm(300)        = 300
13397 15:28:11.356889 close(6)          = 0
13397 15:28:11.356975 alarm(0)          = 300
13397 15:28:11.357020 gettimeofday({1495654091, 357036}, NULL) = 0
13397 15:28:11.357087 gettimeofday({1495654091, 357104}, NULL) = 0
13397 15:28:11.357144 fcntl64(3, F_SETLKW64, {type=F_WRLCK, whence=SEEK_SET, start=0, len=0}, 0xbfa2ebc4) = 0
13397 15:28:11.357209 write(3, "Wed May 24 15:28:11 2017 [pid 13397] [msfadmin] OK UPLOAD: Client \"127.0.0.1\", \"/home/msfadmin/myfile35\", 17 bytes, 6.22Kbyte/sec\n", 130) = 130
13397 15:28:11.357298 fcntl64(3, F_SETLK64, {type=F_UNLCK, whence=SEEK_SET, start=0, len=0}, 0xbfa2ebcc) = 0
13397 15:28:11.357361 write(0, "226 Transfer complete.\r\n", 24) = 24
13397 15:28:11.357534 write(5, "\n", 1) = 1
13395 15:28:11.357587 <... read resumed> "\n", 1) = 1
13395 15:28:11.357618 close(5)          = 0
13395 15:28:11.357668 write(4, "\1", 1) = 1
13395 15:28:11.357716 read(4,  <unfinished ...>
13397 15:28:11.357748 read(5, "\1", 1)  = 1
13397 15:28:11.357951 close(4)          = 0
13397 15:28:11.358010 rt_sigaction(SIGALRM, {0x805cad0, ~[RTMIN RT_1], 0}, NULL, 8) = 0
13397 15:28:11.358070 alarm(300)        = 0
13397 15:28:11.358119 recv(0, "TYPE I\r\n", 4096, MSG_PEEK) = 8
13397 15:28:11.901076 read(0, "TYPE I\r\n", 8) = 8
13397 15:28:11.901178 write(0, "200 Switching to Binary mode.\r\n", 31) = 31
13397 15:28:11.901418 rt_sigaction(SIGALRM, {0x805cad0, ~[RTMIN RT_1], 0}, NULL, 8) = 0
13397 15:28:11.901508 alarm(300)        = 299
13397 15:28:11.901562 recv(0, "PASV\r\n", 4096, MSG_PEEK) = 6
13397 15:28:11.901615 read(0, "PASV\r\n", 6) = 6
13397 15:28:11.901670 write(5, "\n", 1 <unfinished ...>
13395 15:28:11.901713 <... read resumed> "\n", 1) = 1
13397 15:28:11.901736 <... write resumed> ) = 1
13395 15:28:11.901766 write(4, "\1", 1) = 1
13395 15:28:11.901814 read(4,  <unfinished ...>
13397 15:28:11.901857 read(5, "\1", 1)  = 1
13397 15:28:11.901908 write(5, "\f", 1 <unfinished ...>
13395 15:28:11.901940 <... read resumed> "\f", 1) = 1
13397 15:28:11.901961 <... write resumed> ) = 1
13395 15:28:11.901992 socket(PF_INET, SOCK_STREAM, IPPROTO_TCP) = 5
13395 15:28:11.902054 setsockopt(5, SOL_SOCKET, SO_REUSEADDR, [1], 4) = 0
13395 15:28:11.902114 bind(5, {sa_family=AF_INET, sin_port=htons(47512), sin_addr=inet_addr("127.0.0.1")}, 16) = 0
13395 15:28:11.902181 listen(5, 1)      = 0
13395 15:28:11.902280 write(4, "\230\271\0\0", 4) = 4
13395 15:28:11.902383 read(4,  <unfinished ...>
13397 15:28:11.902418 read(5, "\230\271\0\0", 4) = 4
13397 15:28:11.902564 write(0, "227 Entering Passive Mode (127,0,0,1,185,152).\r\n", 48) = 48
13397 15:28:11.902998 rt_sigaction(SIGALRM, {0x805cad0, ~[RTMIN RT_1], 0}, NULL, 8) = 0
13397 15:28:11.903072 alarm(300)        = 300
13397 15:28:11.903123 recv(0, "STOR myfile36\r\n", 4096, MSG_PEEK) = 15
13397 15:28:11.903178 read(0, "STOR myfile36\r\n", 15) = 15
13397 15:28:11.903237 write(5, "\v", 1 <unfinished ...>
13395 15:28:11.903327 <... read resumed> "\v", 1) = 1
13397 15:28:11.903369 <... write resumed> ) = 1
13395 15:28:11.903399 write(4, "\1\0\0\0", 4) = 4
13395 15:28:11.903451 read(4,  <unfinished ...>
13397 15:28:11.903482 read(5, "\1\0\0\0", 4) = 4
13397 15:28:11.903535 gettimeofday({1495654091, 903551}, NULL) = 0
13397 15:28:11.903584 getcwd("/home/msfadmin", 4096) = 15
13397 15:28:11.903640 open("myfile36", O_WRONLY|O_CREAT|O_NONBLOCK|O_LARGEFILE, 0666) = 4
13397 15:28:11.903700 fstat64(4, {st_mode=S_IFREG|0644, st_size=17, ...}) = 0
13397 15:28:11.903775 fcntl64(4, F_GETFL) = 0x8801 (flags O_WRONLY|O_NONBLOCK|O_LARGEFILE)
13397 15:28:11.903825 fcntl64(4, F_SETFL, O_WRONLY|O_LARGEFILE) = 0
13397 15:28:11.903869 fcntl64(4, F_SETLKW64, {type=F_WRLCK, whence=SEEK_SET, start=0, len=0}, 0xbfa2ec24) = 0
13397 15:28:11.903930 ftruncate64(4, 0) = 0
13397 15:28:11.904003 _llseek(4, 0, [0], SEEK_SET) = 0
13397 15:28:11.904052 write(5, "\v", 1 <unfinished ...>
13395 15:28:11.904107 <... read resumed> "\v", 1) = 1
13397 15:28:11.904130 <... write resumed> ) = 1
13395 15:28:11.904157 write(4, "\1\0\0\0", 4) = 4
13395 15:28:11.904205 read(4,  <unfinished ...>
13397 15:28:11.904238 read(5, "\1\0\0\0", 4) = 4
13397 15:28:11.904359 write(5, "\v", 1 <unfinished ...>
13395 15:28:11.904392 <... read resumed> "\v", 1) = 1
13397 15:28:11.904413 <... write resumed> ) = 1
13395 15:28:11.904440 write(4, "\1\0\0\0", 4) = 4
13395 15:28:11.904486 read(4,  <unfinished ...>
13397 15:28:11.904516 read(5, "\1\0\0\0", 4) = 4
13397 15:28:11.904567 write(5, "\r", 1 <unfinished ...>
13395 15:28:11.904597 <... read resumed> "\r", 1) = 1
13397 15:28:11.904618 <... write resumed> ) = 1
13395 15:28:11.904649 select(6, [5], NULL, NULL, {60, 0}) = 1 (in [5], left {60, 0})
13395 15:28:11.904719 accept(5, {sa_family=AF_INET, sin_port=htons(41983), sin_addr=inet_addr("127.0.0.1")}, [16]) = 6
13395 15:28:11.904817 write(4, "\1", 1) = 1
13395 15:28:11.904869 sendmsg(4, {msg_name(0)=NULL, msg_iov(1)=[{"\0", 1}], msg_controllen=16, {cmsg_len=16, cmsg_level=SOL_SOCKET, cmsg_type=SCM_RIGHTS, {6}}, msg_flags=0}, 0) = 1
13395 15:28:11.904942 close(6)          = 0
13395 15:28:11.904986 read(4,  <unfinished ...>
13397 15:28:11.905016 read(5, "\1", 1)  = 1
13397 15:28:11.905073 recvmsg(5, {msg_name(0)=NULL, msg_iov(1)=[{"\0", 1}], msg_controllen=16, {cmsg_len=16, cmsg_level=SOL_SOCKET, cmsg_type=SCM_RIGHTS, {6}}, msg_flags=0}, 0) = 1
13397 15:28:11.905151 setsockopt(6, SOL_SOCKET, SO_KEEPALIVE, [1], 4) = 0
13397 15:28:11.905208 setsockopt(6, SOL_IP, IP_TOS, [8], 4) = 0
13397 15:28:11.905309 setsockopt(6, SOL_SOCKET, SO_LINGER, {onoff=1, linger=32767}, 8) = 0
13397 15:28:11.905361 rt_sigaction(SIGALRM, {0x805cad0, ~[RTMIN RT_1], 0}, NULL, 8) = 0
13397 15:28:11.905421 alarm(300)        = 300
13397 15:28:11.905478 write(0, "150 Ok to send data.\r\n", 22) = 22
13397 15:28:11.905752 read(6, "assasaaa\na\na\na\na\n", 65536) = 17
13397 15:28:11.905815 write(4, "assasaaa\na\na\na\na\n", 17) = 17
13397 15:28:11.905888 read(6, "", 65536) = 0
13397 15:28:11.905935 rt_sigaction(SIGALRM, {0x805cad0, ~[RTMIN RT_1], 0}, NULL, 8) = 0
13397 15:28:11.905995 alarm(300)        = 300
13397 15:28:11.906039 close(6)          = 0
13397 15:28:11.906111 alarm(0)          = 300
13397 15:28:11.906156 gettimeofday({1495654091, 906175}, NULL) = 0
13397 15:28:11.906391 gettimeofday({1495654091, 906412}, NULL) = 0
13397 15:28:11.906453 fcntl64(3, F_SETLKW64, {type=F_WRLCK, whence=SEEK_SET, start=0, len=0}, 0xbfa2ebc4) = 0
13397 15:28:11.906518 write(3, "Wed May 24 15:28:11 2017 [pid 13397] [msfadmin] OK UPLOAD: Client \"127.0.0.1\", \"/home/msfadmin/myfile36\", 17 bytes, 5.80Kbyte/sec\n", 130) = 130
13397 15:28:11.906608 fcntl64(3, F_SETLK64, {type=F_UNLCK, whence=SEEK_SET, start=0, len=0}, 0xbfa2ebcc) = 0
13397 15:28:11.906672 write(0, "226 Transfer complete.\r\n", 24) = 24
13397 15:28:11.906853 write(5, "\n", 1 <unfinished ...>
13395 15:28:11.906895 <... read resumed> "\n", 1) = 1
13397 15:28:11.906917 <... write resumed> ) = 1
13395 15:28:11.906945 close(5)          = 0
13395 15:28:11.906997 write(4, "\1", 1) = 1
13395 15:28:11.907045 read(4,  <unfinished ...>
13397 15:28:11.907077 read(5, "\1", 1)  = 1
13397 15:28:11.907127 close(4)          = 0
13397 15:28:11.907175 rt_sigaction(SIGALRM, {0x805cad0, ~[RTMIN RT_1], 0}, NULL, 8) = 0
13397 15:28:11.907234 alarm(300)        = 0
13397 15:28:11.907335 recv(0, "TYPE I\r\n", 4096, MSG_PEEK) = 8
13397 15:28:12.421748 read(0, "TYPE I\r\n", 8) = 8
13397 15:28:12.421924 write(0, "200 Switching to Binary mode.\r\n", 31) = 31
13397 15:28:12.422255 rt_sigaction(SIGALRM, {0x805cad0, ~[RTMIN RT_1], 0}, NULL, 8) = 0
13397 15:28:12.422333 alarm(300)        = 299
13397 15:28:12.422387 recv(0, "PASV\r\n", 4096, MSG_PEEK) = 6
13397 15:28:12.422438 read(0, "PASV\r\n", 6) = 6
13397 15:28:12.422493 write(5, "\n", 1 <unfinished ...>
13395 15:28:12.422535 <... read resumed> "\n", 1) = 1
13397 15:28:12.422557 <... write resumed> ) = 1
13395 15:28:12.422587 write(4, "\1", 1) = 1
13395 15:28:12.422635 read(4,  <unfinished ...>
13397 15:28:12.422690 read(5, "\1", 1)  = 1
13397 15:28:12.422743 write(5, "\f", 1 <unfinished ...>
13395 15:28:12.422774 <... read resumed> "\f", 1) = 1
13397 15:28:12.422795 <... write resumed> ) = 1
13395 15:28:12.422826 socket(PF_INET, SOCK_STREAM, IPPROTO_TCP) = 5
13395 15:28:12.422888 setsockopt(5, SOL_SOCKET, SO_REUSEADDR, [1], 4) = 0
13395 15:28:12.423125 bind(5, {sa_family=AF_INET, sin_port=htons(30028), sin_addr=inet_addr("127.0.0.1")}, 16) = 0
13395 15:28:12.423207 listen(5, 1)      = 0
13395 15:28:12.423265 write(4, "Lu\0\0", 4) = 4
13395 15:28:12.423315 read(4,  <unfinished ...>
13397 15:28:12.423347 read(5, "Lu\0\0", 4) = 4
13397 15:28:12.423418 write(0, "227 Entering Passive Mode (127,0,0,1,117,76).\r\n", 47) = 47
13397 15:28:12.423830 rt_sigaction(SIGALRM, {0x805cad0, ~[RTMIN RT_1], 0}, NULL, 8) = 0
13397 15:28:12.423904 alarm(300)        = 300
13397 15:28:12.423955 recv(0, "STOR myfile37\r\n", 4096, MSG_PEEK) = 15
13397 15:28:12.424010 read(0, "STOR myfile37\r\n", 15) = 15
13397 15:28:12.424138 write(5, "\v", 1 <unfinished ...>
13395 15:28:12.424175 <... read resumed> "\v", 1) = 1
13397 15:28:12.424197 <... write resumed> ) = 1
13395 15:28:12.424225 write(4, "\1\0\0\0", 4) = 4
13395 15:28:12.424274 read(4,  <unfinished ...>
13397 15:28:12.424304 read(5, "\1\0\0\0", 4) = 4
13397 15:28:12.424355 gettimeofday({1495654092, 424371}, NULL) = 0
13397 15:28:12.424403 getcwd("/home/msfadmin", 4096) = 15
13397 15:28:12.424458 open("myfile37", O_WRONLY|O_CREAT|O_NONBLOCK|O_LARGEFILE, 0666) = 4
13397 15:28:12.424518 fstat64(4, {st_mode=S_IFREG|0644, st_size=17, ...}) = 0
13397 15:28:12.424593 fcntl64(4, F_GETFL) = 0x8801 (flags O_WRONLY|O_NONBLOCK|O_LARGEFILE)
13397 15:28:12.424643 fcntl64(4, F_SETFL, O_WRONLY|O_LARGEFILE) = 0
13397 15:28:12.424688 fcntl64(4, F_SETLKW64, {type=F_WRLCK, whence=SEEK_SET, start=0, len=0}, 0xbfa2ec24) = 0
13397 15:28:12.424747 ftruncate64(4, 0) = 0
13397 15:28:12.424819 _llseek(4, 0, [0], SEEK_SET) = 0
13397 15:28:12.424867 write(5, "\v", 1 <unfinished ...>
13395 15:28:12.424901 <... read resumed> "\v", 1) = 1
13397 15:28:12.424922 <... write resumed> ) = 1
13395 15:28:12.424950 write(4, "\1\0\0\0", 4) = 4
13395 15:28:12.425044 read(4,  <unfinished ...>
13397 15:28:12.425079 read(5, "\1\0\0\0", 4) = 4
13397 15:28:12.425132 write(5, "\v", 1 <unfinished ...>
13395 15:28:12.425163 <... read resumed> "\v", 1) = 1
13397 15:28:12.425184 <... write resumed> ) = 1
13395 15:28:12.425211 write(4, "\1\0\0\0", 4) = 4
13395 15:28:12.425257 read(4,  <unfinished ...>
13397 15:28:12.425287 read(5, "\1\0\0\0", 4) = 4
13397 15:28:12.425337 write(5, "\r", 1 <unfinished ...>
13395 15:28:12.425368 <... read resumed> "\r", 1) = 1
13397 15:28:12.425388 <... write resumed> ) = 1
