8360  14:36:36.086512 munmap(0xb7fcf000, 4096) = 0
8360  14:36:36.086559 open("/etc/pam.d/other", O_RDONLY|O_LARGEFILE) = 5
8360  14:36:36.086683 fstat64(5, {st_mode=S_IFREG|0644, st_size=520, ...}) = 0
8360  14:36:36.086758 mmap2(NULL, 4096, PROT_READ|PROT_WRITE, MAP_PRIVATE|MAP_ANONYMOUS, -1, 0) = 0xb7fcf000
8360  14:36:36.086806 read(5, "#\n# /etc/pam.d/other - specify the PAM fallback behaviour\n#\n# Note that this file is used for any unspecified service; for example\n#if /etc/pam.d/cron  specifies no session modules but cron calls\n#pam_open_session, the session module out of /etc/pam.d/other is\n#used.  If you really want nothing to happen then use pam_permit.so or\n#pam_deny.so as appropriate.\n\n# We fall back to the system default in /etc/pam.d/common-*\n# \n\n@include common-auth\n@include common-account\n@include common-password\n@include common-session\n", 4096) = 520
8360  14:36:36.087005 stat64("/etc/pam.d", {st_mode=S_IFDIR|0755, st_size=4096, ...}) = 0
8360  14:36:36.087089 open("/etc/pam.d/common-auth", O_RDONLY|O_LARGEFILE) = 6
8360  14:36:36.087145 fstat64(6, {st_mode=S_IFREG|0644, st_size=476, ...}) = 0
8360  14:36:36.087216 mmap2(NULL, 4096, PROT_READ|PROT_WRITE, MAP_PRIVATE|MAP_ANONYMOUS, -1, 0) = 0xb7fc9000
8360  14:36:36.087264 read(6, "#\n# /etc/pam.d/common-auth - authentication settings common to all services\n#\n# This file is included from other service-specific PAM config files,\n# and should contain a list of the authentication modules that define\n# the central authentication scheme for use on the system\n# (e.g., /etc/shadow, LDAP, Kerberos, etc.).  The default is to use the\n# traditional Unix authentication mechanisms.\n#\nauth\trequisite\tpam_unix.so nullok_secure\n# auth\toptional\tpam_smbpass.so migrate\n", 4096) = 476
8360  14:36:36.087470 read(6, "", 4096) = 0
8360  14:36:36.087516 close(6)          = 0
8360  14:36:36.087605 munmap(0xb7fc9000, 4096) = 0
8360  14:36:36.087660 stat64("/etc/pam.d", {st_mode=S_IFDIR|0755, st_size=4096, ...}) = 0
8360  14:36:36.087746 open("/etc/pam.d/common-account", O_RDONLY|O_LARGEFILE) = 6
8360  14:36:36.087805 fstat64(6, {st_mode=S_IFREG|0644, st_size=392, ...}) = 0
8360  14:36:36.087891 mmap2(NULL, 4096, PROT_READ|PROT_WRITE, MAP_PRIVATE|MAP_ANONYMOUS, -1, 0) = 0xb7fc9000
8360  14:36:36.087938 read(6, "#\n# /etc/pam.d/common-account - authorization settings common to all services\n#\n# This file is included from other service-specific PAM config files,\n# and should contain a list of the authorization modules that define\n# the central access policy for use on the system.  The default is to\n# only deny service to users whose accounts are expired in /etc/shadow.\n#\naccount\trequired\tpam_unix.so\n", 4096) = 392
8360  14:36:36.088113 read(6, "", 4096) = 0
8360  14:36:36.088158 close(6)          = 0
8360  14:36:36.088201 munmap(0xb7fc9000, 4096) = 0
8360  14:36:36.088248 stat64("/etc/pam.d", {st_mode=S_IFDIR|0755, st_size=4096, ...}) = 0
8360  14:36:36.088331 open("/etc/pam.d/common-password", O_RDONLY|O_LARGEFILE) = 6
8360  14:36:36.088389 fstat64(6, {st_mode=S_IFREG|0644, st_size=1563, ...}) = 0
8360  14:36:36.088460 mmap2(NULL, 4096, PROT_READ|PROT_WRITE, MAP_PRIVATE|MAP_ANONYMOUS, -1, 0) = 0xb7fc9000
8360  14:36:36.088505 read(6, "#\n# /etc/pam.d/common-password - password-related modules common to all services\n#\n# This file is included from other service-specific PAM config files,\n# and should contain a list of modules that define the services to be\n# used to change user passwords.  The default is pam_unix.\n\n# Explanation of pam_unix options:\n#\n# The \"nullok\" option allows users to change an empty password, else\n# empty passwords are treated as locked accounts.\n#\n# The \"md5\" option enables MD5 passwords.  Without this option, the\n# default is Unix crypt.\n#\n# The \"obscure\" option replaces the old `OBSCURE_CHECKS_ENAB\' option in\n# login.defs.\n#\n# You can also use the \"min\" option to enforce the length of the new\n# password.\n#\n# See the pam_unix manpage for other options.\n\npassword   requisite   pam_unix.so nullok obscure md5\n\n# Alternate strength checking for password. Note that this\n# requires the libpam-cracklib package to be installed.\n# You will need to comment out the password line above and\n# uncomment the next two in order to use this.\n# (Replaces the `OBSCURE_CHECKS_ENAB\', `CRACKLIB_DICTPATH\')\n#\n# password required\t  pam_cracklib.so retry=3 minlen=6 difok=3\n# password required\t  pam_unix.so use_authtok nullok md5\n\n# minimally-intrusive inclusion of smbpass in the stack for\n# synchronization.  If the module is absent or the passwords don\'t\n# match, this module will be ignored without prompting; and if the \n# passwords do match, the NTLM hash for the user will be updated\n# automatically.\n# password   optional   pam_smbpass.so nullok use_authtok use_first_pass\n", 4096) = 1563
8360  14:36:36.088882 read(6, "", 4096) = 0
8360  14:36:36.088908 close(6)          = 0
8360  14:36:36.088933 munmap(0xb7fc9000, 4096) = 0
8360  14:36:36.088961 stat64("/etc/pam.d", {st_mode=S_IFDIR|0755, st_size=4096, ...}) = 0
8360  14:36:36.089010 open("/etc/pam.d/common-session", O_RDONLY|O_LARGEFILE) = 6
8360  14:36:36.089043 fstat64(6, {st_mode=S_IFREG|0644, st_size=372, ...}) = 0
8360  14:36:36.089084 mmap2(NULL, 4096, PROT_READ|PROT_WRITE, MAP_PRIVATE|MAP_ANONYMOUS, -1, 0) = 0xb7fc9000
8360  14:36:36.089110 read(6, "#\n# /etc/pam.d/common-session - session-related modules common to all services\n#\n# This file is included from other service-specific PAM config files,\n# and should contain a list of modules that define tasks to be performed\n# at the start and end of sessions of *any* kind (both interactive and\n# non-interactive).  The default is pam_unix.\n#\nsession\trequired\tpam_unix.so\n", 4096) = 372
8360  14:36:36.089206 read(6, "", 4096) = 0
8360  14:36:36.089231 close(6)          = 0
8360  14:36:36.089255 munmap(0xb7fc9000, 4096) = 0
8360  14:36:36.089280 read(5, "", 4096) = 0
8360  14:36:36.089304 close(5)          = 0
8360  14:36:36.089327 munmap(0xb7fcf000, 4096) = 0
8360  14:36:36.089360 time(NULL)        = 1495650996
8360  14:36:36.089390 lstat64("/etc/ftpusers", {st_mode=S_IFREG|0644, st_size=132, ...}) = 0
8360  14:36:36.089445 open("/etc/ftpusers", O_RDONLY|O_LARGEFILE) = 5
8360  14:36:36.089492 fstat64(5, {st_mode=S_IFREG|0644, st_size=132, ...}) = 0
8360  14:36:36.089541 mmap2(NULL, 4096, PROT_READ|PROT_WRITE, MAP_PRIVATE|MAP_ANONYMOUS, -1, 0) = 0xb7fcf000
8360  14:36:36.089568 read(5, "# /etc/ftpusers: list of users disallowed FTP access. See ftpusers(5).\n\nroot\ndaemon\nbin\nsys\nsync\ngames\nman\nlp\nmail\nnews\nuucp\nnobody\n", 4096) = 132
8360  14:36:36.089622 read(5, "", 4096) = 0
8360  14:36:36.089645 close(5)          = 0
8360  14:36:36.089669 munmap(0xb7fcf000, 4096) = 0
8360  14:36:36.089711 getuid32()        = 0
8360  14:36:36.089754 open("/etc/passwd", O_RDONLY|0x80000 /* O_??? */) = 5
8360  14:36:36.089791 _llseek(5, 0, [0], SEEK_CUR) = 0
8360  14:36:36.089819 fstat64(5, {st_mode=S_IFREG|0644, st_size=1624, ...}) = 0
8360  14:36:36.089860 mmap2(NULL, 1624, PROT_READ, MAP_SHARED, 5, 0) = 0xb7fcf000
8360  14:36:36.089888 _llseek(5, 1624, [1624], SEEK_SET) = 0
8360  14:36:36.089937 munmap(0xb7fcf000, 1624) = 0
8360  14:36:36.089964 close(5)          = 0
8360  14:36:36.090027 open("/etc/shadow", O_RDONLY|0x80000 /* O_??? */) = 5
8360  14:36:36.090071 _llseek(5, 0, [0], SEEK_CUR) = 0
8360  14:36:36.090098 fstat64(5, {st_mode=S_IFREG|0640, st_size=1233, ...}) = 0
8360  14:36:36.090139 mmap2(NULL, 1233, PROT_READ, MAP_SHARED, 5, 0) = 0xb7fcf000
8360  14:36:36.090166 _llseek(5, 1233, [1233], SEEK_SET) = 0
8360  14:36:36.090216 munmap(0xb7fcf000, 1233) = 0
8360  14:36:36.090241 close(5)          = 0
8360  14:36:36.090288 open("/etc/passwd", O_RDONLY|0x80000 /* O_??? */) = 5
8360  14:36:36.090321 _llseek(5, 0, [0], SEEK_CUR) = 0
8360  14:36:36.090347 fstat64(5, {st_mode=S_IFREG|0644, st_size=1624, ...}) = 0
8360  14:36:36.090388 mmap2(NULL, 1624, PROT_READ, MAP_SHARED, 5, 0) = 0xb7fcf000
8360  14:36:36.090415 _llseek(5, 1624, [1624], SEEK_SET) = 0
8360  14:36:36.090481 munmap(0xb7fcf000, 1624) = 0
8360  14:36:36.090512 close(5)          = 0
8360  14:36:36.090546 open("/etc/shadow", O_RDONLY|0x80000 /* O_??? */) = 5
8360  14:36:36.090580 _llseek(5, 0, [0], SEEK_CUR) = 0
8360  14:36:36.090606 fstat64(5, {st_mode=S_IFREG|0640, st_size=1233, ...}) = 0
8360  14:36:36.090648 mmap2(NULL, 1233, PROT_READ, MAP_SHARED, 5, 0) = 0xb7fcf000
8360  14:36:36.090675 _llseek(5, 1233, [1233], SEEK_SET) = 0
8360  14:36:36.090718 munmap(0xb7fcf000, 1233) = 0
8360  14:36:36.090742 close(5)          = 0
8360  14:36:36.091322 getuid32()        = 0
8360  14:36:36.091350 open("/etc/passwd", O_RDONLY|0x80000 /* O_??? */) = 5
8360  14:36:36.091382 _llseek(5, 0, [0], SEEK_CUR) = 0
8360  14:36:36.091408 fstat64(5, {st_mode=S_IFREG|0644, st_size=1624, ...}) = 0
8360  14:36:36.091473 mmap2(NULL, 1624, PROT_READ, MAP_SHARED, 5, 0) = 0xb7fcf000
8360  14:36:36.091500 _llseek(5, 1624, [1624], SEEK_SET) = 0
8360  14:36:36.091541 munmap(0xb7fcf000, 1624) = 0
8360  14:36:36.091566 close(5)          = 0
8360  14:36:36.091599 open("/etc/shadow", O_RDONLY|0x80000 /* O_??? */) = 5
8360  14:36:36.091633 _llseek(5, 0, [0], SEEK_CUR) = 0
8360  14:36:36.091658 fstat64(5, {st_mode=S_IFREG|0640, st_size=1233, ...}) = 0
8360  14:36:36.091699 mmap2(NULL, 1233, PROT_READ, MAP_SHARED, 5, 0) = 0xb7fcf000
8360  14:36:36.091725 _llseek(5, 1233, [1233], SEEK_SET) = 0
8360  14:36:36.091766 munmap(0xb7fcf000, 1233) = 0
8360  14:36:36.091790 close(5)          = 0
8360  14:36:36.091819 time(NULL)        = 1495650996
8360  14:36:36.091858 munmap(0xb7fcc000, 12164) = 0
8360  14:36:36.091893 munmap(0xb7fca000, 7136) = 0
8360  14:36:36.091929 munmap(0xb7dff000, 95428) = 0
8360  14:36:36.091959 munmap(0xb7dc5000, 201052) = 0
8360  14:36:36.091988 munmap(0xb7dac000, 101180) = 0
8360  14:36:36.092031 gettimeofday({1495650996, 92042}, NULL) = 0
8360  14:36:36.092062 stat64("/usr/share/zoneinfo/UTC+04:00", 0xbf9ef364) = -1 ENOENT (No such file or directory)
8360  14:36:36.092100 open("/usr/share/zoneinfo/UTC+04:00", O_RDONLY) = -1 ENOENT (No such file or directory)
8360  14:36:36.092167 fcntl64(3, F_SETLKW64, {type=F_WRLCK, whence=SEEK_SET, start=0, len=0}, 0xbf9ef4b4) = 0
8360  14:36:36.092219 write(3, "Wed May 24 14:36:36 2017 [pid 8360] [msfadmin] OK LOGIN: Client \"127.0.0.1\"\n", 76) = 76
8360  14:36:36.092262 fcntl64(3, F_SETLK64, {type=F_UNLCK, whence=SEEK_SET, start=0, len=0}, 0xbf9ef4bc) = 0
8360  14:36:36.092295 rt_sigaction(SIGCHLD, {0x805cad0, ~[RTMIN RT_1], 0}, NULL, 8) = 0
8360  14:36:36.092332 write(4, "\1", 1 <unfinished ...>
8361  14:36:36.092359 <... read resumed> "\1", 1) = 1
8360  14:36:36.092373 <... write resumed> ) = 1
8361  14:36:36.092433 exit_group(0)     = ?
8360  14:36:36.092520 --- SIGCHLD (Child exited) @ 0 (0) ---
8360  14:36:36.092538 sigreturn()       = ? (mask now [])
8360  14:36:36.092586 wait4(-1, [{WIFEXITED(s) && WEXITSTATUS(s) == 0}], 0, NULL) = 8361
8360  14:36:36.092620 close(4)          = 0
8360  14:36:36.092650 socketpair(PF_FILE, SOCK_STREAM, 0, [4, 5]) = 0
8360  14:36:36.092686 rt_sigaction(SIGCHLD, {0x805cad0, ~[RTMIN RT_1], 0}, NULL, 8) = 0
8360  14:36:36.092722 rt_sigaction(SIGALRM, {0x805cb10, ~[RTMIN RT_1], 0}, NULL, 8) = 0
8360  14:36:36.092757 clone(child_stack=0, flags=CLONE_CHILD_CLEARTID|CLONE_CHILD_SETTID|SIGCHLD, child_tidptr=0xb7e356f8) = 8362
8362  14:36:36.092885 prctl(0x1, 0x9, 0, 0, 0) = 0
8362  14:36:36.092892 close(4)          = 0
8362  14:36:36.092893 open("/etc/passwd", O_RDONLY|0x80000 /* O_??? */) = 4
8362  14:36:36.092893 _llseek(4, 0, [0], SEEK_CUR) = 0
8362  14:36:36.092893 fstat64(4, {st_mode=S_IFREG|0644, st_size=1624, ...}) = 0
8362  14:36:36.092934 mmap2(NULL, 1624, PROT_READ, MAP_SHARED, 4, 0) = 0xb7fcf000
8362  14:36:36.092964 _llseek(4, 1624, [1624], SEEK_SET) = 0
8362  14:36:36.093048 munmap(0xb7fcf000, 1624) = 0
8362  14:36:36.093081 close(4)          = 0
8362  14:36:36.093116 getuid32()        = 0
8362  14:36:36.093143 open("/etc/passwd", O_RDONLY|0x80000 /* O_??? */) = 4
8362  14:36:36.093175 _llseek(4, 0, [0], SEEK_CUR) = 0
8362  14:36:36.093202 fstat64(4, {st_mode=S_IFREG|0644, st_size=1624, ...}) = 0
8362  14:36:36.093243 mmap2(NULL, 1624, PROT_READ, MAP_SHARED, 4, 0) = 0xb7fcf000
8362  14:36:36.093271 _llseek(4, 1624, [1624], SEEK_SET) = 0
8362  14:36:36.093311 munmap(0xb7fcf000, 1624) = 0
8362  14:36:36.093335 close(4)          = 0
8362  14:36:36.093401 open("/proc/sys/kernel/ngroups_max", O_RDONLY) = 4
8362  14:36:36.093450 read(4, "65536\n", 31) = 6
8362  14:36:36.093481 close(4)          = 0
8362  14:36:36.093516 socket(PF_FILE, SOCK_STREAM, 0) = 4
8362  14:36:36.093546 fcntl64(4, F_SETFL, O_RDWR|O_NONBLOCK) = 0
8362  14:36:36.093574 connect(4, {sa_family=AF_FILE, path="/var/run/nscd/socket"}, 110) = -1 ENOENT (No such file or directory)
8362  14:36:36.093628 close(4)          = 0
8362  14:36:36.093657 socket(PF_FILE, SOCK_STREAM, 0) = 4
8362  14:36:36.093683 fcntl64(4, F_SETFL, O_RDWR|O_NONBLOCK) = 0
8362  14:36:36.093748 connect(4, {sa_family=AF_FILE, path="/var/run/nscd/socket"}, 110) = -1 ENOENT (No such file or directory)
8362  14:36:36.093804 close(4)          = 0
8362  14:36:36.093866 open("/etc/group", O_RDONLY|0x80000 /* O_??? */) = 4
8362  14:36:36.093907 _llseek(4, 0, [0], SEEK_CUR) = 0
8362  14:36:36.093937 fstat64(4, {st_mode=S_IFREG|0644, st_size=886, ...}) = 0
8362  14:36:36.094128 mmap2(NULL, 886, PROT_READ, MAP_SHARED, 4, 0) = 0xb7fcf000
8362  14:36:36.094160 _llseek(4, 886, [886], SEEK_SET) = 0
8362  14:36:36.094223 fstat64(4, {st_mode=S_IFREG|0644, st_size=886, ...}) = 0
8362  14:36:36.094266 munmap(0xb7fcf000, 886) = 0
8362  14:36:36.094293 close(4)          = 0
8362  14:36:36.094318 setgroups32(13, [1000, 4, 20, 24, 25, 29, 30, 44, 46, 107, 111, 112, 119]) = 0
8362  14:36:36.094361 geteuid32()       = 0
8362  14:36:36.094389 getegid32()       = 0
8362  14:36:36.094416 setregid32(-1, 1000) = 0
8362  14:36:36.094442 setreuid32(-1, 1000) = 0
8362  14:36:36.094470 chdir("/home/msfadmin") = 0
8362  14:36:36.094500 setreuid32(-1, 0) = 0
8362  14:36:36.094523 setregid32(-1, 0) = 0
8362  14:36:36.094550 setgid32(1000)    = 0
8362  14:36:36.094575 setuid32(1000)    = 0
8362  14:36:36.094600 setrlimit(RLIMIT_NPROC, {rlim_cur=0, rlim_max=0}) = 0
8362  14:36:36.094635 mmap2(NULL, 12288, PROT_READ|PROT_WRITE, MAP_PRIVATE|MAP_ANONYMOUS, -1, 0) = 0xb7fcd000
8362  14:36:36.094674 mprotect(0xb7fcf000, 4096, PROT_NONE) = 0
8362  14:36:36.094704 mprotect(0xb7fcd000, 4096, PROT_NONE) = 0
8362  14:36:36.094732 getcwd("/home/msfadmin", 4096) = 15
8362  14:36:36.094766 umask(022)        = 077
8362  14:36:36.094791 getcwd("/home/msfadmin", 4096) = 15
8362  14:36:36.094825 open(".message", O_RDONLY|O_NONBLOCK|O_LARGEFILE) = -1 ENOENT (No such file or directory)
8362  14:36:36.094882 write(0, "230 Login successful.\r\n", 23) = 23
8362  14:36:36.095140 rt_sigaction(SIGALRM, {0x805cad0, ~[RTMIN RT_1], 0}, NULL, 8) = 0
8362  14:36:36.095185 alarm(300)        = 0
8362  14:36:36.095214 mmap2(NULL, 12288, PROT_READ|PROT_WRITE, MAP_PRIVATE|MAP_ANONYMOUS, -1, 0) = 0xb7fca000
8362  14:36:36.095243 mprotect(0xb7fcc000, 4096, PROT_NONE) = 0
8362  14:36:36.095271 mprotect(0xb7fca000, 4096, PROT_NONE) = 0
8362  14:36:36.095305 recv(0, "TYPE I\r\n", 4096, MSG_PEEK) = 8
8362  14:36:36.095337 read(0, "TYPE I\r\n", 8) = 8
8362  14:36:36.095381 write(0, "200 Switching to Binary mode.\r\n", 31) = 31
8362  14:36:36.095479 rt_sigaction(SIGALRM, {0x805cad0, ~[RTMIN RT_1], 0}, NULL, 8) = 0
8362  14:36:36.095516 alarm(300)        = 300
8362  14:36:36.095544 recv(0, "PASV\r\n", 4096, MSG_PEEK) = 6
8362  14:36:36.095573 read(0, "PASV\r\n", 6) = 6
8362  14:36:36.095604 write(5, "\n", 1) = 1
8362  14:36:36.095632 read(5,  <unfinished ...>
8360  14:36:36.095663 close(5)          = 0
8360  14:36:36.095694 getuid32()        = 0
8360  14:36:36.095732 open("/etc/passwd", O_RDONLY|0x80000 /* O_??? */) = 5
8360  14:36:36.095769 _llseek(5, 0, [0], SEEK_CUR) = 0
8360  14:36:36.095800 fstat64(5, {st_mode=S_IFREG|0644, st_size=1624, ...}) = 0
8360  14:36:36.095845 mmap2(NULL, 1624, PROT_READ, MAP_SHARED, 5, 0) = 0xb7fcf000
8360  14:36:36.095875 _llseek(5, 1624, [1624], SEEK_SET) = 0
8360  14:36:36.095919 munmap(0xb7fcf000, 1624) = 0
8360  14:36:36.095949 close(5)          = 0
8360  14:36:36.095988 setgroups32(0, []) = 0
8360  14:36:36.096045 chdir("/usr/share/empty") = 0
8360  14:36:36.096083 chroot(".")       = 0
8360  14:36:36.096111 capset(NULL, NULL) = -1 EFAULT (Bad address)
8360  14:36:36.096145 prctl(0x8, 0, 0xbf9ef498, 0x80549a6, 0xbf9ef480) = 0
8360  14:36:36.096174 prctl(0x8, 0x1, 0xbf9ef498, 0x8054a49, 0xbf9ef480) = 0
8360  14:36:36.096200 setgid32(65534)   = 0
8360  14:36:36.096225 setuid32(65534)   = 0
8360  14:36:36.096252 capset(0x19980330, 0, {CAP_NET_BIND_SERVICE, CAP_NET_BIND_SERVICE, 0}) = 0
8360  14:36:36.096301 read(4, "\n", 1)  = 1
8360  14:36:36.096342 write(4, "\1", 1) = 1
8362  14:36:36.096370 <... read resumed> "\1", 1) = 1
8362  14:36:36.096389 write(5, "\f", 1) = 1
8362  14:36:36.096415 read(5,  <unfinished ...>
8360  14:36:36.096433 read(4, "\f", 1)  = 1
8360  14:36:36.096465 socket(PF_INET, SOCK_STREAM, IPPROTO_TCP) = 5
8360  14:36:36.096500 setsockopt(5, SOL_SOCKET, SO_REUSEADDR, [1], 4) = 0
8360  14:36:36.096529 gettimeofday({1495650996, 96538}, NULL) = 0
8360  14:36:36.096575 bind(5, {sa_family=AF_INET, sin_port=htons(17611), sin_addr=inet_addr("127.0.0.1")}, 16) = 0
8360  14:36:36.096620 listen(5, 1)      = 0
8360  14:36:36.096653 write(4, "\313D\0\0", 4) = 4
8362  14:36:36.096681 <... read resumed> "\313D\0\0", 4) = 4
8362  14:36:36.096716 write(0, "227 Entering Passive Mode (127,0,0,1,68,203).\r\n", 47) = 47
8362  14:36:36.096969 rt_sigaction(SIGALRM, {0x805cad0, ~[RTMIN RT_1], 0}, NULL, 8) = 0
8362  14:36:36.097049 alarm(300)        = 300
8362  14:36:36.097081 recv(0, "STOR myfile27\r\n", 4096, MSG_PEEK) = 15
8362  14:36:36.097113 read(0, "STOR myfile27\r\n", 15) = 15
8362  14:36:36.097152 write(5, "\v", 1) = 1
8362  14:36:36.097179 read(5,  <unfinished ...>
8360  14:36:36.097198 read(4, "\v", 1)  = 1
8360  14:36:36.097226 write(4, "\1\0\0\0", 4) = 4
8362  14:36:36.097253 <... read resumed> "\1\0\0\0", 4) = 4
8362  14:36:36.097275 gettimeofday({1495650996, 97284}, NULL) = 0
8362  14:36:36.097302 getcwd("/home/msfadmin", 4096) = 15
8362  14:36:36.097334 open("myfile27", O_WRONLY|O_CREAT|O_NONBLOCK|O_LARGEFILE, 0666) = 4
8362  14:36:36.097378 fstat64(4, {st_mode=S_IFREG|0644, st_size=17, ...}) = 0
8362  14:36:36.097421 fcntl64(4, F_GETFL) = 0x8801 (flags O_WRONLY|O_NONBLOCK|O_LARGEFILE)
8362  14:36:36.097449 fcntl64(4, F_SETFL, O_WRONLY|O_LARGEFILE) = 0
8362  14:36:36.097474 fcntl64(4, F_SETLKW64, {type=F_WRLCK, whence=SEEK_SET, start=0, len=0}, 0xbf9ef3e4) = 0
8362  14:36:36.097514 ftruncate64(4, 0) = 0
8362  14:36:36.097557 _llseek(4, 0, [0], SEEK_SET) = 0
8362  14:36:36.097584 write(5, "\v", 1) = 1
8362  14:36:36.097611 read(5,  <unfinished ...>
8360  14:36:36.097629 read(4, "\v", 1)  = 1
8360  14:36:36.097657 write(4, "\1\0\0\0", 4) = 4
8362  14:36:36.097684 <... read resumed> "\1\0\0\0", 4) = 4
8362  14:36:36.097703 write(5, "\v", 1) = 1
8362  14:36:36.097728 read(5,  <unfinished ...>
8360  14:36:36.097745 read(4, "\v", 1)  = 1
8360  14:36:36.097772 write(4, "\1\0\0\0", 4) = 4
8362  14:36:36.097798 <... read resumed> "\1\0\0\0", 4) = 4
8362  14:36:36.097816 write(5, "\r", 1) = 1
8362  14:36:36.097842 read(5,  <unfinished ...>
8360  14:36:36.097858 read(4, "\r", 1)  = 1
8360  14:36:36.097889 select(6, [5], NULL, NULL, {60, 0}) = 1 (in [5], left {60, 0})
8360  14:36:36.097932 accept(5, {sa_family=AF_INET, sin_port=htons(45238), sin_addr=inet_addr("127.0.0.1")}, [16]) = 6
8360  14:36:36.098077 write(4, "\1", 1) = 1
8362  14:36:36.098130 <... read resumed> "\1", 1) = 1
8362  14:36:36.098171 recvmsg(5,  <unfinished ...>
8360  14:36:36.098210 sendmsg(4, {msg_name(0)=NULL, msg_iov(1)=[{"\0", 1}], msg_controllen=16, {cmsg_len=16, cmsg_level=SOL_SOCKET, cmsg_type=SCM_RIGHTS, {6}}, msg_flags=0}, 0) = 1
8362  14:36:36.098266 <... recvmsg resumed> {msg_name(0)=NULL, msg_iov(1)=[{"\0", 1}], msg_controllen=16, {cmsg_len=16, cmsg_level=SOL_SOCKET, cmsg_type=SCM_RIGHTS, {6}}, msg_flags=0}, 0) = 1
8362  14:36:36.098300 setsockopt(6, SOL_SOCKET, SO_KEEPALIVE, [1], 4) = 0
8362  14:36:36.098331 setsockopt(6, SOL_IP, IP_TOS, [8], 4) = 0
8362  14:36:36.098361 setsockopt(6, SOL_SOCKET, SO_LINGER, {onoff=1, linger=32767}, 8) = 0
8362  14:36:36.098389 rt_sigaction(SIGALRM, {0x805cad0, ~[RTMIN RT_1], 0}, NULL, 8) = 0
8362  14:36:36.098423 alarm(300)        = 300
8362  14:36:36.098457 write(0, "150 Ok to send data.\r\n", 22) = 22
8362  14:36:36.098616 mmap2(NULL, 77824, PROT_READ|PROT_WRITE, MAP_PRIVATE|MAP_ANONYMOUS, -1, 0) = 0xb7e04000
8362  14:36:36.098651 mprotect(0xb7e16000, 4096, PROT_NONE) = 0
8362  14:36:36.098681 mprotect(0xb7e04000, 4096, PROT_NONE) = 0
8362  14:36:36.098706 read(6, "assasaaa\na\na\na\na\n", 65536) = 17
8362  14:36:36.098740 write(4, "assasaaa\na\na\na\na\n", 17) = 17
8362  14:36:36.098780 read(6, "", 65536) = 0
8362  14:36:36.098806 rt_sigaction(SIGALRM, {0x805cad0, ~[RTMIN RT_1], 0}, NULL, 8) = 0
8362  14:36:36.098841 alarm(300)        = 300
8362  14:36:36.098866 close(6)          = 0
8362  14:36:36.098889 alarm(0)          = 300
8362  14:36:36.098932 gettimeofday({1495650996, 98950}, NULL) = 0
8362  14:36:36.098988 getpid()          = 8362
8362  14:36:36.099019 gettimeofday({1495650996, 99029}, NULL) = 0
8362  14:36:36.099062 fcntl64(3, F_SETLKW64, {type=F_WRLCK, whence=SEEK_SET, start=0, len=0}, 0xbf9ef384) = 0
8362  14:36:36.099099 write(3, "Wed May 24 14:36:36 2017 [pid 8362] [msfadmin] OK UPLOAD: Client \"127.0.0.1\", \"/home/msfadmin/myfile27\", 17 bytes, 9.51Kbyte/sec\n", 129) = 129
8362  14:36:36.099150 fcntl64(3, F_SETLK64, {type=F_UNLCK, whence=SEEK_SET, start=0, len=0}, 0xbf9ef38c) = 0
8362  14:36:36.099186 write(0, "226 Transfer complete.\r\n", 24) = 24
8362  14:36:36.099287 write(5, "\n", 1) = 1
8362  14:36:36.099317 read(5,  <unfinished ...>
8360  14:36:36.099335 close(6)          = 0
8360  14:36:36.099379 read(4, "\n", 1)  = 1
8360  14:36:36.099409 close(5)          = 0
8360  14:36:36.099436 write(4, "\1", 1) = 1
8362  14:36:36.099463 <... read resumed> "\1", 1) = 1
8362  14:36:36.099481 close(4)          = 0
8362  14:36:36.099508 rt_sigaction(SIGALRM, {0x805cad0, ~[RTMIN RT_1], 0}, NULL, 8) = 0
8362  14:36:36.099541 alarm(300)        = 0
8362  14:36:36.099570 recv(0,  <unfinished ...>
8360  14:36:36.099589 read(4,  <unfinished ...>
8362  14:36:36.614631 <... recv resumed> "TYPE I\r\n", 4096, MSG_PEEK) = 8
8362  14:36:36.614837 read(0, "TYPE I\r\n", 8) = 8
8362  14:36:36.615041 write(0, "200 Switching to Binary mode.\r\n", 31) = 31
8362  14:36:36.615417 rt_sigaction(SIGALRM, {0x805cad0, ~[RTMIN RT_1], 0}, NULL, 8) = 0
8362  14:36:36.615517 alarm(300)        = 299
8362  14:36:36.615574 recv(0, "PASV\r\n", 4096, MSG_PEEK) = 6
8362  14:36:36.615626 read(0, "PASV\r\n", 6) = 6
8362  14:36:36.615681 write(5, "\n", 1 <unfinished ...>
8360  14:36:36.615723 <... read resumed> "\n", 1) = 1
8362  14:36:36.615746 <... write resumed> ) = 1
8360  14:36:36.615776 write(4, "\1", 1) = 1
8360  14:36:36.615824 read(4,  <unfinished ...>
8362  14:36:36.615855 read(5, "\1", 1)  = 1
8362  14:36:36.615905 write(5, "\f", 1 <unfinished ...>
8360  14:36:36.615937 <... read resumed> "\f", 1) = 1
8362  14:36:36.615958 <... write resumed> ) = 1
8360  14:36:36.615989 socket(PF_INET, SOCK_STREAM, IPPROTO_TCP) = 5
8360  14:36:36.616049 setsockopt(5, SOL_SOCKET, SO_REUSEADDR, [1], 4) = 0
8360  14:36:36.616109 bind(5, {sa_family=AF_INET, sin_port=htons(36688), sin_addr=inet_addr("127.0.0.1")}, 16) = 0
8360  14:36:36.616175 listen(5, 1)      = 0
8360  14:36:36.616289 write(4, "P\217\0\0", 4) = 4
8360  14:36:36.616341 read(4,  <unfinished ...>
8362  14:36:36.616372 read(5, "P\217\0\0", 4) = 4
8362  14:36:36.616443 write(0, "227 Entering Passive Mode (127,0,0,1,143,80).\r\n", 47) = 47
8362  14:36:36.616857 rt_sigaction(SIGALRM, {0x805cad0, ~[RTMIN RT_1], 0}, NULL, 8) = 0
8362  14:36:36.616931 alarm(300)        = 300
8362  14:36:36.616982 recv(0, "STOR myfile28\r\n", 4096, MSG_PEEK) = 15
8362  14:36:36.617036 read(0, "STOR myfile28\r\n", 15) = 15
8362  14:36:36.617096 write(5, "\v", 1 <unfinished ...>
8360  14:36:36.617132 <... read resumed> "\v", 1) = 1
8362  14:36:36.617212 <... write resumed> ) = 1
8360  14:36:36.617248 write(4, "\1\0\0\0", 4) = 4
8360  14:36:36.617299 read(4,  <unfinished ...>
8362  14:36:36.617330 read(5, "\1\0\0\0", 4) = 4
8362  14:36:36.617382 gettimeofday({1495650996, 617398}, NULL) = 0
8362  14:36:36.617431 getcwd("/home/msfadmin", 4096) = 15
8362  14:36:36.617486 open("myfile28", O_WRONLY|O_CREAT|O_NONBLOCK|O_LARGEFILE, 0666) = 4
8362  14:36:36.617546 fstat64(4, {st_mode=S_IFREG|0644, st_size=17, ...}) = 0
8362  14:36:36.617621 fcntl64(4, F_GETFL) = 0x8801 (flags O_WRONLY|O_NONBLOCK|O_LARGEFILE)
8362  14:36:36.617669 fcntl64(4, F_SETFL, O_WRONLY|O_LARGEFILE) = 0
8362  14:36:36.617713 fcntl64(4, F_SETLKW64, {type=F_WRLCK, whence=SEEK_SET, start=0, len=0}, 0xbf9ef3e4) = 0
8362  14:36:36.617772 ftruncate64(4, 0) = 0
8362  14:36:36.617846 _llseek(4, 0, [0], SEEK_SET) = 0
8362  14:36:36.617894 write(5, "\v", 1 <unfinished ...>
8360  14:36:36.617928 <... read resumed> "\v", 1) = 1
8362  14:36:36.617950 <... write resumed> ) = 1
8360  14:36:36.617977 write(4, "\1\0\0\0", 4) = 4
8360  14:36:36.618024 read(4,  <unfinished ...>
8362  14:36:36.618054 read(5, "\1\0\0\0", 4) = 4
8362  14:36:36.618103 write(5, "\v", 1 <unfinished ...>
8360  14:36:36.618188 <... read resumed> "\v", 1) = 1
8362  14:36:36.618213 <... write resumed> ) = 1
8360  14:36:36.618240 write(4, "\1\0\0\0", 4) = 4
8360  14:36:36.618288 read(4,  <unfinished ...>
8362  14:36:36.618318 read(5, "\1\0\0\0", 4) = 4
8362  14:36:36.618368 write(5, "\r", 1 <unfinished ...>
8360  14:36:36.618399 <... read resumed> "\r", 1) = 1
8362  14:36:36.618420 <... write resumed> ) = 1
8360  14:36:36.618450 select(6, [5], NULL, NULL, {60, 0}) = 1 (in [5], left {60, 0})
8360  14:36:36.618519 accept(5, {sa_family=AF_INET, sin_port=htons(41925), sin_addr=inet_addr("127.0.0.1")}, [16]) = 6
8360  14:36:36.618616 write(4, "\1", 1) = 1
8360  14:36:36.618669 sendmsg(4, {msg_name(0)=NULL, msg_iov(1)=[{"\0", 1}], msg_controllen=16, {cmsg_len=16, cmsg_level=SOL_SOCKET, cmsg_type=SCM_RIGHTS, {6}}, msg_flags=0}, 0) = 1
8360  14:36:36.618740 close(6)          = 0
8360  14:36:36.618783 read(4,  <unfinished ...>
8362  14:36:36.618813 read(5, "\1", 1)  = 1
8362  14:36:36.618868 recvmsg(5, {msg_name(0)=NULL, msg_iov(1)=[{"\0", 1}], msg_controllen=16, {cmsg_len=16, cmsg_level=SOL_SOCKET, cmsg_type=SCM_RIGHTS, {6}}, msg_flags=0}, 0) = 1
8362  14:36:36.618968 setsockopt(6, SOL_SOCKET, SO_KEEPALIVE, [1], 4) = 0
8362  14:36:36.619023 setsockopt(6, SOL_IP, IP_TOS, [8], 4) = 0
8362  14:36:36.619075 setsockopt(6, SOL_SOCKET, SO_LINGER, {onoff=1, linger=32767}, 8) = 0
8362  14:36:36.619171 rt_sigaction(SIGALRM, {0x805cad0, ~[RTMIN RT_1], 0}, NULL, 8) = 0
8362  14:36:36.619232 alarm(300)        = 300
8362  14:36:36.619288 write(0, "150 Ok to send data.\r\n", 22) = 22
8362  14:36:36.619666 read(6, "assasaaa\na\na\na\na\n", 65536) = 17
8362  14:36:36.619733 write(4, "assasaaa\na\na\na\na\n", 17) = 17
8362  14:36:36.619803 read(6, "", 65536) = 0
8362  14:36:36.619849 rt_sigaction(SIGALRM, {0x805cad0, ~[RTMIN RT_1], 0}, NULL, 8) = 0
8362  14:36:36.619910 alarm(300)        = 300
8362  14:36:36.619954 close(6)          = 0
8362  14:36:36.620026 alarm(0)          = 300
8362  14:36:36.620188 gettimeofday({1495650996, 620210}, NULL) = 0
8362  14:36:36.620261 gettimeofday({1495650996, 620278}, NULL) = 0
8362  14:36:36.620318 fcntl64(3, F_SETLKW64, {type=F_WRLCK, whence=SEEK_SET, start=0, len=0}, 0xbf9ef384) = 0
8362  14:36:36.620384 write(3, "Wed May 24 14:36:36 2017 [pid 8362] [msfadmin] OK UPLOAD: Client \"127.0.0.1\", \"/home/msfadmin/myfile28\", 17 bytes, 5.76Kbyte/sec\n", 129) = 129
8362  14:36:36.620473 fcntl64(3, F_SETLK64, {type=F_UNLCK, whence=SEEK_SET, start=0, len=0}, 0xbf9ef38c) = 0
8362  14:36:36.620537 write(0, "226 Transfer complete.\r\n", 24) = 24
8362  14:36:36.620718 write(5, "\n", 1 <unfinished ...>
8360  14:36:36.620760 <... read resumed> "\n", 1) = 1
8362  14:36:36.620782 <... write resumed> ) = 1
8360  14:36:36.620809 close(5)          = 0
8360  14:36:36.620859 write(4, "\1", 1) = 1
8360  14:36:36.620908 read(4,  <unfinished ...>
8362  14:36:36.620938 read(5, "\1", 1)  = 1
8362  14:36:36.620987 close(4)          = 0
8362  14:36:36.621092 rt_sigaction(SIGALRM, {0x805cad0, ~[RTMIN RT_1], 0}, NULL, 8) = 0
8362  14:36:36.621158 alarm(300)        = 0
8362  14:36:36.621207 recv(0, "TYPE I\r\n", 4096, MSG_PEEK) = 8
8362  14:36:37.154594 read(0, "TYPE I\r\n", 8) = 8
8362  14:36:37.154808 write(0, "200 Switching to Binary mode.\r\n", 31) = 31
8362  14:36:37.155144 rt_sigaction(SIGALRM, {0x805cad0, ~[RTMIN RT_1], 0}, NULL, 8) = 0
8362  14:36:37.155238 alarm(300)        = 299
8362  14:36:37.155293 recv(0, "PASV\r\n", 4096, MSG_PEEK) = 6
8362  14:36:37.155348 read(0, "PASV\r\n", 6) = 6
8362  14:36:37.155402 write(5, "\n", 1 <unfinished ...>
8360  14:36:37.155446 <... read resumed> "\n", 1) = 1
8362  14:36:37.155468 <... write resumed> ) = 1
8360  14:36:37.155498 write(4, "\1", 1) = 1
8360  14:36:37.155546 read(4,  <unfinished ...>
8362  14:36:37.155615 read(5, "\1", 1)  = 1
8362  14:36:37.155680 write(5, "\f", 1 <unfinished ...>
8360  14:36:37.155713 <... read resumed> "\f", 1) = 1
8362  14:36:37.155735 <... write resumed> ) = 1
8360  14:36:37.155766 socket(PF_INET, SOCK_STREAM, IPPROTO_TCP) = 5
8360  14:36:37.155828 setsockopt(5, SOL_SOCKET, SO_REUSEADDR, [1], 4) = 0
8360  14:36:37.155888 bind(5, {sa_family=AF_INET, sin_port=htons(36413), sin_addr=inet_addr("127.0.0.1")}, 16) = 0
8360  14:36:37.155955 listen(5, 1)      = 0
8360  14:36:37.156012 write(4, "=\216\0\0", 4) = 4
8360  14:36:37.156061 read(4,  <unfinished ...>
8362  14:36:37.156138 read(5, "=\216\0\0", 4) = 4
8362  14:36:37.156211 write(0, "227 Entering Passive Mode (127,0,0,1,142,61).\r\n", 47) = 47
8362  14:36:37.156699 rt_sigaction(SIGALRM, {0x805cad0, ~[RTMIN RT_1], 0}, NULL, 8) = 0
8362  14:36:37.156775 alarm(300)        = 300
8362  14:36:37.156827 recv(0, "STOR myfile29\r\n", 4096, MSG_PEEK) = 15
8362  14:36:37.156882 read(0, "STOR myfile29\r\n", 15) = 15
8362  14:36:37.156942 write(5, "\v", 1 <unfinished ...>
8360  14:36:37.156979 <... read resumed> "\v", 1) = 1
8362  14:36:37.157001 <... write resumed> ) = 1
8360  14:36:37.157029 write(4, "\1\0\0\0", 4) = 4
8360  14:36:37.157132 read(4,  <unfinished ...>
8362  14:36:37.157168 read(5, "\1\0\0\0", 4) = 4
8362  14:36:37.157222 gettimeofday({1495650997, 157261}, NULL) = 0
8362  14:36:37.157295 getcwd("/home/msfadmin", 4096) = 15
8362  14:36:37.157350 open("myfile29", O_WRONLY|O_CREAT|O_NONBLOCK|O_LARGEFILE, 0666) = 4
8362  14:36:37.157410 fstat64(4, {st_mode=S_IFREG|0644, st_size=17, ...}) = 0
8362  14:36:37.157486 fcntl64(4, F_GETFL) = 0x8801 (flags O_WRONLY|O_NONBLOCK|O_LARGEFILE)
8362  14:36:37.157535 fcntl64(4, F_SETFL, O_WRONLY|O_LARGEFILE) = 0
8362  14:36:37.157630 fcntl64(4, F_SETLKW64, {type=F_WRLCK, whence=SEEK_SET, start=0, len=0}, 0xbf9ef3e4) = 0
8362  14:36:37.157695 ftruncate64(4, 0) = 0
8362  14:36:37.157766 _llseek(4, 0, [0], SEEK_SET) = 0
8362  14:36:37.157815 write(5, "\v", 1 <unfinished ...>
8360  14:36:37.157850 <... read resumed> "\v", 1) = 1
8362  14:36:37.157872 <... write resumed> ) = 1
8360  14:36:37.157899 write(4, "\1\0\0\0", 4) = 4
8360  14:36:37.157948 read(4,  <unfinished ...>
8362  14:36:37.157978 read(5, "\1\0\0\0", 4) = 4
8362  14:36:37.158028 write(5, "\v", 1 <unfinished ...>
8360  14:36:37.158104 <... read resumed> "\v", 1) = 1
8362  14:36:37.158134 <... write resumed> ) = 1
8360  14:36:37.158161 write(4, "\1\0\0\0", 4) = 4
8360  14:36:37.158209 read(4,  <unfinished ...>
8362  14:36:37.158239 read(5, "\1\0\0\0", 4) = 4
8362  14:36:37.158290 write(5, "\r", 1 <unfinished ...>
8360  14:36:37.158321 <... read resumed> "\r", 1) = 1
8362  14:36:37.158342 <... write resumed> ) = 1
8360  14:36:37.158372 select(6, [5], NULL, NULL, {60, 0}) = 1 (in [5], left {60, 0})
8360  14:36:37.158442 accept(5, {sa_family=AF_INET, sin_port=htons(44689), sin_addr=inet_addr("127.0.0.1")}, [16]) = 6
8360  14:36:37.158539 write(4, "\1", 1) = 1
8360  14:36:37.158660 sendmsg(4, {msg_name(0)=NULL, msg_iov(1)=[{"\0", 1}], msg_controllen=16, {cmsg_len=16, cmsg_level=SOL_SOCKET, cmsg_type=SCM_RIGHTS, {6}}, msg_flags=0}, 0) = 1
8360  14:36:37.158733 close(6)          = 0
8360  14:36:37.158777 read(4,  <unfinished ...>
8362  14:36:37.158808 read(5, "\1", 1)  = 1
8362  14:36:37.158865 recvmsg(5, {msg_name(0)=NULL, msg_iov(1)=[{"\0", 1}], msg_controllen=16, {cmsg_len=16, cmsg_level=SOL_SOCKET, cmsg_type=SCM_RIGHTS, {6}}, msg_flags=0}, 0) = 1
8362  14:36:37.158945 setsockopt(6, SOL_SOCKET, SO_KEEPALIVE, [1], 4) = 0
8362  14:36:37.159000 setsockopt(6, SOL_IP, IP_TOS, [8], 4) = 0
8362  14:36:37.159210 setsockopt(6, SOL_SOCKET, SO_LINGER, {onoff=1, linger=32767}, 8) = 0
8362  14:36:37.159270 rt_sigaction(SIGALRM, {0x805cad0, ~[RTMIN RT_1], 0}, NULL, 8) = 0
8362  14:36:37.159332 alarm(300)        = 300
8362  14:36:37.159388 write(0, "150 Ok to send data.\r\n", 22) = 22
8362  14:36:37.159705 read(6, "assasaaa\na\na\na\na\n", 65536) = 17
8362  14:36:37.159778 write(4, "assasaaa\na\na\na\na\n", 17) = 17
8362  14:36:37.159848 read(6, "", 65536) = 0
8362  14:36:37.159895 rt_sigaction(SIGALRM, {0x805cad0, ~[RTMIN RT_1], 0}, NULL, 8) = 0
8362  14:36:37.159955 alarm(300)        = 300
8362  14:36:37.159999 close(6)          = 0
8362  14:36:37.160075 alarm(0)          = 300
8362  14:36:37.160119 gettimeofday({1495650997, 160135}, NULL) = 0
8362  14:36:37.160232 gettimeofday({1495650997, 160252}, NULL) = 0
8362  14:36:37.160292 fcntl64(3, F_SETLKW64, {type=F_WRLCK, whence=SEEK_SET, start=0, len=0}, 0xbf9ef384) = 0
8362  14:36:37.160356 write(3, "Wed May 24 14:36:37 2017 [pid 8362] [msfadmin] OK UPLOAD: Client \"127.0.0.1\", \"/home/msfadmin/myfile29\", 17 bytes, 5.55Kbyte/sec\n", 129) = 129
8362  14:36:37.160445 fcntl64(3, F_SETLK64, {type=F_UNLCK, whence=SEEK_SET, start=0, len=0}, 0xbf9ef38c) = 0
8362  14:36:37.160509 write(0, "226 Transfer complete.\r\n", 24) = 24
8362  14:36:37.160749 write(5, "\n", 1 <unfinished ...>
8360  14:36:37.160797 <... read resumed> "\n", 1) = 1
8362  14:36:37.160819 <... write resumed> ) = 1
8360  14:36:37.160846 close(5)          = 0
8360  14:36:37.160899 write(4, "\1", 1) = 1
8360  14:36:37.160947 read(4,  <unfinished ...>
8362  14:36:37.160978 read(5, "\1", 1)  = 1
8362  14:36:37.161026 close(4)          = 0
8362  14:36:37.161073 rt_sigaction(SIGALRM, {0x805cad0, ~[RTMIN RT_1], 0}, NULL, 8) = 0
8362  14:36:37.161177 alarm(300)        = 0
8362  14:36:37.161256 recv(0,  <unfinished ...>
8355  14:36:37.671704 <... read resumed> "\n", 1) = 1
8355  14:36:37.671881 stat64(".", {st_mode=S_IFDIR|0755, st_size=4096, ...}) = 0
8355  14:36:37.671980 stat64("/sbin/nohup", 0xbf8c2208) = -1 ENOENT (No such file or directory)
8355  14:36:37.672040 stat64("/bin/nohup", 0xbf8c2208) = -1 ENOENT (No such file or directory)
8355  14:36:37.672093 stat64("/usr/sbin/nohup", 0xbf8c2208) = -1 ENOENT (No such file or directory)
8355  14:36:37.672146 stat64("/usr/bin/nohup", {st_mode=S_IFREG|0755, st_size=26336, ...}) = 0
8355  14:36:37.672226 stat64("/usr/bin/nohup", {st_mode=S_IFREG|0755, st_size=26336, ...}) = 0
8355  14:36:37.672331 rt_sigprocmask(SIG_BLOCK, [INT CHLD], [], 8) = 0
8355  14:36:37.672496 clone(child_stack=0, flags=CLONE_CHILD_CLEARTID|CLONE_CHILD_SETTID|SIGCHLD, child_tidptr=0xb7d636f8) = 8363
8363  14:36:37.672783 rt_sigprocmask(SIG_SETMASK, [], NULL, 8) = 0
8363  14:36:37.672871 rt_sigaction(SIGTSTP, {SIG_DFL}, {SIG_DFL}, 8) = 0
8363  14:36:37.672934 rt_sigaction(SIGTTIN, {SIG_DFL}, {SIG_DFL}, 8) = 0
8363  14:36:37.672988 rt_sigaction(SIGTTOU, {SIG_DFL}, {SIG_DFL}, 8) = 0
8363  14:36:37.673059 rt_sigaction(SIGINT, {SIG_DFL}, {SIG_DFL}, 8) = 0
8363  14:36:37.673133 rt_sigaction(SIGQUIT, {SIG_DFL}, {SIG_IGN}, 8) = 0
8363  14:36:37.673192 rt_sigaction(SIGCHLD, {SIG_DFL}, {0x807e540, [], 0}, 8) = 0
8363  14:36:37.673343 open("/dev/null", O_WRONLY|O_CREAT|O_TRUNC|O_LARGEFILE, 0666) = 7
8363  14:36:37.673584 dup2(7, 1)        = 1
8363  14:36:37.673663 close(7)          = 0
8363  14:36:37.673707 dup2(1, 2)        = 2
8363  14:36:37.673748 fcntl64(1, F_GETFD) = 0
8363  14:36:37.673805 execve("/usr/bin/nohup", ["nohup"], [/* 16 vars */]) = 0
8363  14:36:37.674120 brk(0)            = 0x804f000
8363  14:36:37.674207 access("/etc/ld.so.nohwcap", F_OK) = -1 ENOENT (No such file or directory)
8363  14:36:37.674278 mmap2(NULL, 8192, PROT_READ|PROT_WRITE, MAP_PRIVATE|MAP_ANONYMOUS, -1, 0) = 0xb7faf000
8363  14:36:37.674339 access("/etc/ld.so.preload", R_OK) = -1 ENOENT (No such file or directory)
8363  14:36:37.674406 open("/etc/ld.so.cache", O_RDONLY) = 7
8363  14:36:37.674461 fstat64(7, {st_mode=S_IFREG|0644, st_size=29913, ...}) = 0
8363  14:36:37.674695 mmap2(NULL, 29913, PROT_READ, MAP_PRIVATE, 7, 0) = 0xb7fa7000
8363  14:36:37.674745 close(7)          = 0
8363  14:36:37.674793 access("/etc/ld.so.nohwcap", F_OK) = -1 ENOENT (No such file or directory)
8363  14:36:37.674863 open("/lib/tls/i686/cmov/libc.so.6", O_RDONLY) = 7
8363  14:36:37.674926 read(7, "\177ELF\1\1\1\0\0\0\0\0\0\0\0\0\3\0\3\0\1\0\0\0\260e\1\0004\0\0\0\4\307\24\0\0\0\0\0004\0 \0\n\0(\0D\0C\0\6\0\0\0004\0\0\0004\0\0\0004\0\0\0@\1\0\0@\1\0\0\5\0\0\0\4\0\0\0\3\0\0\0\2200\23\0\2200\23\0\2200\23\0\23\0\0\0\23\0\0\0\4\0\0\0\1\0\0\0\1\0\0\0\0\0\0\0\0\0\0\0\0\0\0\0(\215\24\0(\215\24\0\5\0\0\0\0\20\0\0\1\0\0\0\354\221\24\0\354\221\24\0\354\221\24\0\260\'\0\0\204T\0\0\6\0\0\0\0\20\0\0\2\0\0\0\234\255\24\0\234\255\24\0\234\255\24\0\360\0\0\0\360\0\0\0\6\0\0\0\4\0\0\0\4\0\0\0t\1\0\0t\1\0\0t\1\0\0 \0\0\0 \0\0\0\4\0\0\0\4\0\0\0\7\0\0\0\354\221\24\0\354\221\24\0\354\221\24\0\10\0\0\0,\0\0\0\4\0\0\0\4\0\0\0P\345td\2440\23\0\2440\23\0\2440\23\0\354+\0\0\354+\0\0\4\0\0\0\4\0\0\0Q\345td\0\0\0\0\0\0\0\0\0\0\0\0\0\0\0\0\0\0\0\0\6\0\0\0\4\0\0\0R\345td\354\221\24\0\354\221\24\0\354\221\24\0\10\36\0\0\10\36\0\0\4\0\0\0\1\0\0\0\4\0\0\0\20\0\0\0\1\0\0\0GNU\0\0\0\0\0\2\0\0\0\6\0\0\0\10\0\0\0\363\3\0\0\n\0\0\0\0\2\0\0\16\0\0\0\2400\20D\200 \2\1\214\3\346\220AE\210\0\204\0\10\0A\200\0@\300\200\0\f\2\f\0\0010\0\10@\"\10\246\4\210H6l\240\0260\0&\204\200\216\4\10B$\2\f\246\244\32\6c\310\0\302 \1\300\0R\0!\201\10\4\n  \250\24\0\24(`\0\0P\240\312DB", 512) = 512
8363  14:36:37.675321 fstat64(7, {st_mode=S_IFREG|0755, st_size=1364388, ...}) = 0
8363  14:36:37.675402 mmap2(NULL, 1369712, PROT_READ|PROT_EXEC, MAP_PRIVATE|MAP_DENYWRITE, 7, 0) = 0xb7e58000
8363  14:36:37.675456 mmap2(0xb7fa1000, 12288, PROT_READ|PROT_WRITE, MAP_PRIVATE|MAP_FIXED|MAP_DENYWRITE, 7, 0x149) = 0xb7fa1000
8363  14:36:37.675527 mmap2(0xb7fa4000, 9840, PROT_READ|PROT_WRITE, MAP_PRIVATE|MAP_FIXED|MAP_ANONYMOUS, -1, 0) = 0xb7fa4000
8363  14:36:37.675672 close(7)          = 0
8363  14:36:37.675753 mmap2(NULL, 4096, PROT_READ|PROT_WRITE, MAP_PRIVATE|MAP_ANONYMOUS, -1, 0) = 0xb7e57000
8363  14:36:37.675807 set_thread_area({entry_number:-1 -> 6, base_addr:0xb7e576b0, limit:1048575, seg_32bit:1, contents:0, read_exec_only:0, limit_in_pages:1, seg_not_present:0, useable:1}) = 0
8363  14:36:37.675995 mprotect(0xb7fa1000, 4096, PROT_READ) = 0
8363  14:36:37.676063 munmap(0xb7fa7000, 29913) = 0
8363  14:36:37.676296 brk(0)            = 0x804f000
8363  14:36:37.676342 brk(0x8070000)    = 0x8070000
8363  14:36:37.676460 write(2, "nohup: ", 7) = 7
8363  14:36:37.676522 write(2, "missing operand", 15) = 15
8363  14:36:37.676614 write(2, "\n", 1) = 1
8363  14:36:37.676682 write(2, "Try `nohup --help\' for more information.\n", 41) = 41
8363  14:36:37.676753 close(1)          = 0
8363  14:36:37.676797 close(2)          = 0
8363  14:36:37.676848 exit_group(127)   = ?
8355  14:36:37.676978 rt_sigprocmask(SIG_SETMASK, [], NULL, 8) = 0
8355  14:36:37.677035 --- SIGCHLD (Child exited) @ 0 (0) ---
8355  14:36:37.677076 waitpid(-1, [{WIFEXITED(s) && WEXITSTATUS(s) == 127}], WNOHANG) = 8363
8355  14:36:37.677138 waitpid(-1, 0xbf8c1e88, WNOHANG) = 0
8355  14:36:37.677180 sigreturn()       = ? (mask now [])
8355  14:36:37.677274 rt_sigprocmask(SIG_BLOCK, [CHLD], [], 8) = 0
8355  14:36:37.677341 rt_sigprocmask(SIG_SETMASK, [], NULL, 8) = 0
8355  14:36:37.677400 rt_sigprocmask(SIG_BLOCK, [CHLD], [], 8) = 0
8355  14:36:37.677456 rt_sigaction(SIGINT, {0x807f150, [], 0}, {SIG_DFL}, 8) = 0
8355  14:36:37.677600 rt_sigprocmask(SIG_SETMASK, [], NULL, 8) = 0
8355  14:36:37.677665 rt_sigaction(SIGINT, {SIG_DFL}, {0x807f150, [], 0}, 8) = 0
8355  14:36:37.677737 rt_sigprocmask(SIG_BLOCK, NULL, [], 8) = 0
8355  14:36:37.677792 read(0, "e", 1)   = 1
8355  14:36:37.677845 read(0, "c", 1)   = 1
8355  14:36:37.677890 read(0, "h", 1)   = 1
8355  14:36:37.677934 read(0, "o", 1)   = 1
8355  14:36:37.677978 read(0, " ", 1)   = 1
8355  14:36:37.678022 read(0, "X", 1)   = 1
8355  14:36:37.678065 read(0, "h", 1)   = 1
8355  14:36:37.678109 read(0, "Q", 1)   = 1
8355  14:36:37.678153 read(0, "L", 1)   = 1
8355  14:36:37.678197 read(0, "3", 1)   = 1
8355  14:36:37.678241 read(0, "S", 1)   = 1
8355  14:36:37.678285 read(0, "M", 1)   = 1
8355  14:36:37.678329 read(0, "A", 1)   = 1
8355  14:36:37.678373 read(0, "w", 1)   = 1
8355  14:36:37.678417 read(0, "k", 1)   = 1
8355  14:36:37.678462 read(0, "c", 1)   = 1
8355  14:36:37.678556 read(0, "8", 1)   = 1
8355  14:36:37.678603 read(0, "a", 1)   = 1
8355  14:36:37.678648 read(0, "u", 1)   = 1
8355  14:36:37.678691 read(0, "I", 1)   = 1
8355  14:36:37.678738 read(0, "3", 1)   = 1
8355  14:36:37.678805 read(0, "\n", 1)  = 1
8355  14:36:37.678977 write(1, "XhQL3SMAwkc8auI3\n", 17) = 17
8355  14:36:37.679239 rt_sigprocmask(SIG_BLOCK, NULL, [], 8) = 0
8355  14:36:37.679300 read(0,  <unfinished ...>
8362  14:36:37.703833 <... recv resumed> "TYPE I\r\n", 4096, MSG_PEEK) = 8
8362  14:36:37.703933 read(0, "TYPE I\r\n", 8) = 8
8362  14:36:37.704014 write(0, "200 Switching to Binary mode.\r\n", 31) = 31
8362  14:36:37.704192 rt_sigaction(SIGALRM, {0x805cad0, ~[RTMIN RT_1], 0}, NULL, 8) = 0
8362  14:36:37.704349 alarm(300)        = 299
8362  14:36:37.704410 recv(0, "PASV\r\n", 4096, MSG_PEEK) = 6
8362  14:36:37.704464 read(0, "PASV\r\n", 6) = 6
8362  14:36:37.704518 write(5, "\n", 1 <unfinished ...>
8360  14:36:37.704561 <... read resumed> "\n", 1) = 1
8362  14:36:37.704583 <... write resumed> ) = 1
8360  14:36:37.704613 write(4, "\1", 1) = 1
8360  14:36:37.704660 read(4,  <unfinished ...>
8362  14:36:37.704691 read(5, "\1", 1)  = 1
8362  14:36:37.704741 write(5, "\f", 1 <unfinished ...>
8360  14:36:37.704773 <... read resumed> "\f", 1) = 1
8362  14:36:37.704794 <... write resumed> ) = 1
8360  14:36:37.704825 socket(PF_INET, SOCK_STREAM, IPPROTO_TCP) = 5
8360  14:36:37.704885 setsockopt(5, SOL_SOCKET, SO_REUSEADDR, [1], 4) = 0
8360  14:36:37.704945 bind(5, {sa_family=AF_INET, sin_port=htons(55969), sin_addr=inet_addr("127.0.0.1")}, 16) = 0
8360  14:36:37.705035 listen(5, 1)      = 0
8360  14:36:37.705093 write(4, "\241\332\0\0", 4) = 4
8360  14:36:37.705143 read(4,  <unfinished ...>
8362  14:36:37.705174 read(5, "\241\332\0\0", 4) = 4
8362  14:36:37.705300 write(0, "227 Entering Passive Mode (127,0,0,1,218,161).\r\n", 48) = 48
8362  14:36:37.705720 rt_sigaction(SIGALRM, {0x805cad0, ~[RTMIN RT_1], 0}, NULL, 8) = 0
8362  14:36:37.705796 alarm(300)        = 300
8362  14:36:37.705848 recv(0, "STOR myfile30\r\n", 4096, MSG_PEEK) = 15
8362  14:36:37.705903 read(0, "STOR myfile30\r\n", 15) = 15
8362  14:36:37.705962 write(5, "\v", 1 <unfinished ...>
8360  14:36:37.705998 <... read resumed> "\v", 1) = 1
8362  14:36:37.706019 <... write resumed> ) = 1
8360  14:36:37.706047 write(4, "\1\0\0\0", 4) = 4
8360  14:36:37.706096 read(4,  <unfinished ...>
8362  14:36:37.706126 read(5, "\1\0\0\0", 4) = 4
8362  14:36:37.706236 gettimeofday({1495650997, 706258}, NULL) = 0
8362  14:36:37.706292 getcwd("/home/msfadmin", 4096) = 15
8362  14:36:37.706346 open("myfile30", O_WRONLY|O_CREAT|O_NONBLOCK|O_LARGEFILE, 0666) = 4
8362  14:36:37.706405 fstat64(4, {st_mode=S_IFREG|0644, st_size=17, ...}) = 0
8362  14:36:37.706481 fcntl64(4, F_GETFL) = 0x8801 (flags O_WRONLY|O_NONBLOCK|O_LARGEFILE)
8362  14:36:37.706530 fcntl64(4, F_SETFL, O_WRONLY|O_LARGEFILE) = 0
8362  14:36:37.706574 fcntl64(4, F_SETLKW64, {type=F_WRLCK, whence=SEEK_SET, start=0, len=0}, 0xbf9ef3e4) = 0
8362  14:36:37.706633 ftruncate64(4, 0) = 0
8362  14:36:37.706704 _llseek(4, 0, [0], SEEK_SET) = 0
8362  14:36:37.706752 write(5, "\v", 1 <unfinished ...>
8360  14:36:37.706788 <... read resumed> "\v", 1) = 1
8362  14:36:37.706809 <... write resumed> ) = 1
8360  14:36:37.706837 write(4, "\1\0\0\0", 4) = 4
8360  14:36:37.706885 read(4,  <unfinished ...>
8362  14:36:37.706915 read(5, "\1\0\0\0", 4) = 4
8362  14:36:37.706965 write(5, "\v", 1 <unfinished ...>
8360  14:36:37.706996 <... read resumed> "\v", 1) = 1
8362  14:36:37.707016 <... write resumed> ) = 1
8360  14:36:37.707042 write(4, "\1\0\0\0", 4) = 4
8360  14:36:37.707088 read(4,  <unfinished ...>
8362  14:36:37.707119 read(5, "\1\0\0\0", 4) = 4
8362  14:36:37.707241 write(5, "\r", 1 <unfinished ...>
8360  14:36:37.707275 <... read resumed> "\r", 1) = 1
8362  14:36:37.707296 <... write resumed> ) = 1
8360  14:36:37.707327 select(6, [5], NULL, NULL, {60, 0}) = 1 (in [5], left {60, 0})
8360  14:36:37.707398 accept(5, {sa_family=AF_INET, sin_port=htons(39896), sin_addr=inet_addr("127.0.0.1")}, [16]) = 6
8360  14:36:37.707496 write(4, "\1", 1) = 1
8360  14:36:37.707549 sendmsg(4, {msg_name(0)=NULL, msg_iov(1)=[{"\0", 1}], msg_controllen=16, {cmsg_len=16, cmsg_level=SOL_SOCKET, cmsg_type=SCM_RIGHTS, {6}}, msg_flags=0}, 0) = 1
8360  14:36:37.707623 close(6)          = 0
8360  14:36:37.707666 read(4,  <unfinished ...>
8362  14:36:37.707696 read(5, "\1", 1)  = 1
8362  14:36:37.707752 recvmsg(5, {msg_name(0)=NULL, msg_iov(1)=[{"\0", 1}], msg_controllen=16, {cmsg_len=16, cmsg_level=SOL_SOCKET, cmsg_type=SCM_RIGHTS, {6}}, msg_flags=0}, 0) = 1
8362  14:36:37.707831 setsockopt(6, SOL_SOCKET, SO_KEEPALIVE, [1], 4) = 0
8362  14:36:37.707885 setsockopt(6, SOL_IP, IP_TOS, [8], 4) = 0
8362  14:36:37.707937 setsockopt(6, SOL_SOCKET, SO_LINGER, {onoff=1, linger=32767}, 8) = 0
8362  14:36:37.707987 rt_sigaction(SIGALRM, {0x805cad0, ~[RTMIN RT_1], 0}, NULL, 8) = 0
8362  14:36:37.708046 alarm(300)        = 300
8362  14:36:37.708317 write(0, "150 Ok to send data.\r\n", 22) = 22
8362  14:36:37.708605 read(6, "assasaaa\na\na\na\na\n", 65536) = 17
8362  14:36:37.708669 write(4, "assasaaa\na\na\na\na\n", 17) = 17
8362  14:36:37.708738 read(6, "", 65536) = 0
8362  14:36:37.708785 rt_sigaction(SIGALRM, {0x805cad0, ~[RTMIN RT_1], 0}, NULL, 8) = 0
8362  14:36:37.708845 alarm(300)        = 300
8362  14:36:37.708889 close(6)          = 0
8362  14:36:37.708963 alarm(0)          = 300
8362  14:36:37.709007 gettimeofday({1495650997, 709022}, NULL) = 0
8362  14:36:37.709071 gettimeofday({1495650997, 709088}, NULL) = 0
8362  14:36:37.709128 fcntl64(3, F_SETLKW64, {type=F_WRLCK, whence=SEEK_SET, start=0, len=0}, 0xbf9ef384) = 0
8362  14:36:37.709263 write(3, "Wed May 24 14:36:37 2017 [pid 8362] [msfadmin] OK UPLOAD: Client \"127.0.0.1\", \"/home/msfadmin/myfile30\", 17 bytes, 5.87Kbyte/sec\n", 129) = 129
8362  14:36:37.709359 fcntl64(3, F_SETLK64, {type=F_UNLCK, whence=SEEK_SET, start=0, len=0}, 0xbf9ef38c) = 0
8362  14:36:37.709426 write(0, "226 Transfer complete.\r\n", 24) = 24
8362  14:36:37.709604 write(5, "\n", 1 <unfinished ...>
8360  14:36:37.709647 <... read resumed> "\n", 1) = 1
8362  14:36:37.709669 <... write resumed> ) = 1
8360  14:36:37.709696 close(5)          = 0
8360  14:36:37.709747 write(4, "\1", 1) = 1
8360  14:36:37.709795 read(4,  <unfinished ...>
8362  14:36:37.709826 read(5, "\1", 1)  = 1
8362  14:36:37.709875 close(4)          = 0
8362  14:36:37.709922 rt_sigaction(SIGALRM, {0x805cad0, ~[RTMIN RT_1], 0}, NULL, 8) = 0
8362  14:36:37.709981 alarm(300)        = 0
8362  14:36:37.710031 recv(0,  <unfinished ...>
8355  14:36:37.831230 <... read resumed> "", 1) = 0
8355  14:36:37.831413 exit_group(0)     = ?
8357  14:36:37.831557 <... read resumed> "", 1) = 0
8357  14:36:37.831604 fcntl64(0, F_GETFL) = 0x2 (flags O_RDWR)
8357  14:36:37.831654 fcntl64(0, F_SETFL, O_RDWR|O_NONBLOCK) = 0
8357  14:36:37.831695 write(0, "500 OOPS: ", 10) = 10
8357  14:36:37.831812 write(0, "priv_sock_get_result", 20) = 20
8357  14:36:37.831897 write(0, "\r\n", 2) = 2
8357  14:36:37.832059 exit_group(1)     = ?
4439  14:36:37.832446 <... select resumed> ) = ? ERESTARTNOHAND (To be restarted)
