15594 15:51:35.919927 read(6, "#\n# /etc/pam.d/common-session - session-related modules common to all services\n#\n# This file is included from other service-specific PAM config files,\n# and should contain a list of modules that define tasks to be performed\n# at the start and end of sessions of *any* kind (both interactive and\n# non-interactive).  The default is pam_unix.\n#\nsession\trequired\tpam_unix.so\n", 4096) = 372
15594 15:51:35.919927 read(6, "", 4096) = 0
15594 15:51:35.919927 close(6)          = 0
15594 15:51:35.919927 munmap(0xb7f33000, 4096) = 0
15594 15:51:35.919927 read(5, "", 4096) = 0
15594 15:51:35.919927 close(5)          = 0
15594 15:51:35.919927 munmap(0xb7f39000, 4096) = 0
15594 15:51:35.919927 open("/etc/pam.d/other", O_RDONLY|O_LARGEFILE) = 5
15594 15:51:35.919927 fstat64(5, {st_mode=S_IFREG|0644, st_size=520, ...}) = 0
15594 15:51:35.919927 mmap2(NULL, 4096, PROT_READ|PROT_WRITE, MAP_PRIVATE|MAP_ANONYMOUS, -1, 0) = 0xb7f39000
15594 15:51:35.919927 read(5, "#\n# /etc/pam.d/other - specify the PAM fallback behaviour\n#\n# Note that this file is used for any unspecified service; for example\n#if /etc/pam.d/cron  specifies no session modules but cron calls\n#pam_open_session, the session module out of /etc/pam.d/other is\n#used.  If you really want nothing to happen then use pam_permit.so or\n#pam_deny.so as appropriate.\n\n# We fall back to the system default in /etc/pam.d/common-*\n# \n\n@include common-auth\n@include common-account\n@include common-password\n@include common-session\n", 4096) = 520
15594 15:51:35.919927 stat64("/etc/pam.d", {st_mode=S_IFDIR|0755, st_size=4096, ...}) = 0
15594 15:51:35.919927 open("/etc/pam.d/common-auth", O_RDONLY|O_LARGEFILE) = 6
15594 15:51:35.919927 fstat64(6, {st_mode=S_IFREG|0644, st_size=476, ...}) = 0
15594 15:51:35.919927 mmap2(NULL, 4096, PROT_READ|PROT_WRITE, MAP_PRIVATE|MAP_ANONYMOUS, -1, 0) = 0xb7f33000
15594 15:51:35.919927 read(6, "#\n# /etc/pam.d/common-auth - authentication settings common to all services\n#\n# This file is included from other service-specific PAM config files,\n# and should contain a list of the authentication modules that define\n# the central authentication scheme for use on the system\n# (e.g., /etc/shadow, LDAP, Kerberos, etc.).  The default is to use the\n# traditional Unix authentication mechanisms.\n#\nauth\trequisite\tpam_unix.so nullok_secure\n# auth\toptional\tpam_smbpass.so migrate\n", 4096) = 476
15594 15:51:35.919927 read(6, "", 4096) = 0
15594 15:51:35.919927 close(6)          = 0
15594 15:51:35.919927 munmap(0xb7f33000, 4096) = 0
15594 15:51:35.919927 stat64("/etc/pam.d", {st_mode=S_IFDIR|0755, st_size=4096, ...}) = 0
15594 15:51:35.919927 open("/etc/pam.d/common-account", O_RDONLY|O_LARGEFILE) = 6
15594 15:51:35.919927 fstat64(6, {st_mode=S_IFREG|0644, st_size=392, ...}) = 0
15594 15:51:35.919927 mmap2(NULL, 4096, PROT_READ|PROT_WRITE, MAP_PRIVATE|MAP_ANONYMOUS, -1, 0) = 0xb7f33000
15594 15:51:35.919927 read(6, "#\n# /etc/pam.d/common-account - authorization settings common to all services\n#\n# This file is included from other service-specific PAM config files,\n# and should contain a list of the authorization modules that define\n# the central access policy for use on the system.  The default is to\n# only deny service to users whose accounts are expired in /etc/shadow.\n#\naccount\trequired\tpam_unix.so\n", 4096) = 392
15594 15:51:35.919927 read(6, "", 4096) = 0
15594 15:51:35.919927 close(6)          = 0
15594 15:51:35.919927 munmap(0xb7f33000, 4096) = 0
15594 15:51:35.919927 stat64("/etc/pam.d", {st_mode=S_IFDIR|0755, st_size=4096, ...}) = 0
15594 15:51:35.919927 open("/etc/pam.d/common-password", O_RDONLY|O_LARGEFILE) = 6
15594 15:51:35.919927 fstat64(6, {st_mode=S_IFREG|0644, st_size=1563, ...}) = 0
15594 15:51:35.919927 mmap2(NULL, 4096, PROT_READ|PROT_WRITE, MAP_PRIVATE|MAP_ANONYMOUS, -1, 0) = 0xb7f33000
15594 15:51:35.919927 read(6, "#\n# /etc/pam.d/common-password - password-related modules common to all services\n#\n# This file is included from other service-specific PAM config files,\n# and should contain a list of modules that define the services to be\n# used to change user passwords.  The default is pam_unix.\n\n# Explanation of pam_unix options:\n#\n# The \"nullok\" option allows users to change an empty password, else\n# empty passwords are treated as locked accounts.\n#\n# The \"md5\" option enables MD5 passwords.  Without this option, the\n# default is Unix crypt.\n#\n# The \"obscure\" option replaces the old `OBSCURE_CHECKS_ENAB\' option in\n# login.defs.\n#\n# You can also use the \"min\" option to enforce the length of the new\n# password.\n#\n# See the pam_unix manpage for other options.\n\npassword   requisite   pam_unix.so nullok obscure md5\n\n# Alternate strength checking for password. Note that this\n# requires the libpam-cracklib package to be installed.\n# You will need to comment out the password line above and\n# uncomment the next two in order to use this.\n# (Replaces the `OBSCURE_CHECKS_ENAB\', `CRACKLIB_DICTPATH\')\n#\n# password required\t  pam_cracklib.so retry=3 minlen=6 difok=3\n# password required\t  pam_unix.so use_authtok nullok md5\n\n# minimally-intrusive inclusion of smbpass in the stack for\n# synchronization.  If the module is absent or the passwords don\'t\n# match, this module will be ignored without prompting; and if the \n# passwords do match, the NTLM hash for the user will be updated\n# automatically.\n# password   optional   pam_smbpass.so nullok use_authtok use_first_pass\n", 4096) = 1563
15594 15:51:35.919927 read(6, "", 4096) = 0
15594 15:51:35.919927 close(6)          = 0
15594 15:51:35.919927 munmap(0xb7f33000, 4096) = 0
15594 15:51:35.919927 stat64("/etc/pam.d", {st_mode=S_IFDIR|0755, st_size=4096, ...}) = 0
15594 15:51:35.919927 open("/etc/pam.d/common-session", O_RDONLY|O_LARGEFILE) = 6
15594 15:51:35.919927 fstat64(6, {st_mode=S_IFREG|0644, st_size=372, ...}) = 0
15594 15:51:35.919927 mmap2(NULL, 4096, PROT_READ|PROT_WRITE, MAP_PRIVATE|MAP_ANONYMOUS, -1, 0) = 0xb7f33000
15594 15:51:35.919927 read(6, "#\n# /etc/pam.d/common-session - session-related modules common to all services\n#\n# This file is included from other service-specific PAM config files,\n# and should contain a list of modules that define tasks to be performed\n# at the start and end of sessions of *any* kind (both interactive and\n# non-interactive).  The default is pam_unix.\n#\nsession\trequired\tpam_unix.so\n", 4096) = 372
15594 15:51:35.926019 read(6, "", 4096) = 0
15594 15:51:35.926077 close(6)          = 0
15594 15:51:35.926108 munmap(0xb7f33000, 4096) = 0
15594 15:51:35.926141 read(5, "", 4096) = 0
15594 15:51:35.926170 close(5)          = 0
15594 15:51:35.926200 munmap(0xb7f39000, 4096) = 0
15594 15:51:35.926236 time(NULL)        = 1495655495
15594 15:51:35.926270 lstat64("/etc/ftpusers", {st_mode=S_IFREG|0644, st_size=132, ...}) = 0
15594 15:51:35.926317 open("/etc/ftpusers", O_RDONLY|O_LARGEFILE) = 5
15594 15:51:35.926372 fstat64(5, {st_mode=S_IFREG|0644, st_size=132, ...}) = 0
15594 15:51:35.926422 mmap2(NULL, 4096, PROT_READ|PROT_WRITE, MAP_PRIVATE|MAP_ANONYMOUS, -1, 0) = 0xb7f39000
15594 15:51:35.926454 read(5, "# /etc/ftpusers: list of users disallowed FTP access. See ftpusers(5).\n\nroot\ndaemon\nbin\nsys\nsync\ngames\nman\nlp\nmail\nnews\nuucp\nnobody\n", 4096) = 132
15594 15:51:35.926506 read(5, "", 4096) = 0
15594 15:51:35.926536 close(5)          = 0
15594 15:51:35.926565 munmap(0xb7f39000, 4096) = 0
15594 15:51:35.926607 getuid32()        = 0
15594 15:51:35.926651 open("/etc/passwd", O_RDONLY|0x80000 /* O_??? */) = 5
15594 15:51:35.926691 _llseek(5, 0, [0], SEEK_CUR) = 0
15594 15:51:35.926724 fstat64(5, {st_mode=S_IFREG|0644, st_size=1624, ...}) = 0
15594 15:51:35.926766 mmap2(NULL, 1624, PROT_READ, MAP_SHARED, 5, 0) = 0xb7f39000
15594 15:51:35.926799 _llseek(5, 1624, [1624], SEEK_SET) = 0
15594 15:51:35.926847 munmap(0xb7f39000, 1624) = 0
15594 15:51:35.926880 close(5)          = 0
15594 15:51:35.926938 open("/etc/shadow", O_RDONLY|0x80000 /* O_??? */) = 5
15594 15:51:35.926983 _llseek(5, 0, [0], SEEK_CUR) = 0
15594 15:51:35.927016 fstat64(5, {st_mode=S_IFREG|0640, st_size=1233, ...}) = 0
15594 15:51:35.927058 mmap2(NULL, 1233, PROT_READ, MAP_SHARED, 5, 0) = 0xb7f39000
15594 15:51:35.927091 _llseek(5, 1233, [1233], SEEK_SET) = 0
15594 15:51:35.927139 munmap(0xb7f39000, 1233) = 0
15594 15:51:35.927170 close(5)          = 0
15594 15:51:35.927217 open("/etc/passwd", O_RDONLY|0x80000 /* O_??? */) = 5
15594 15:51:35.927254 _llseek(5, 0, [0], SEEK_CUR) = 0
15594 15:51:35.927285 fstat64(5, {st_mode=S_IFREG|0644, st_size=1624, ...}) = 0
15594 15:51:35.927352 mmap2(NULL, 1624, PROT_READ, MAP_SHARED, 5, 0) = 0xb7f39000
15594 15:51:35.927386 _llseek(5, 1624, [1624], SEEK_SET) = 0
15594 15:51:35.927430 munmap(0xb7f39000, 1624) = 0
15594 15:51:35.927460 close(5)          = 0
15594 15:51:35.927497 open("/etc/shadow", O_RDONLY|0x80000 /* O_??? */) = 5
15594 15:51:35.927534 _llseek(5, 0, [0], SEEK_CUR) = 0
15594 15:51:35.927566 fstat64(5, {st_mode=S_IFREG|0640, st_size=1233, ...}) = 0
15594 15:51:35.927608 mmap2(NULL, 1233, PROT_READ, MAP_SHARED, 5, 0) = 0xb7f39000
15594 15:51:35.927639 _llseek(5, 1233, [1233], SEEK_SET) = 0
15594 15:51:35.927682 munmap(0xb7f39000, 1233) = 0
15594 15:51:35.927712 close(5)          = 0
15594 15:51:35.928152 getuid32()        = 0
15594 15:51:35.928186 open("/etc/passwd", O_RDONLY|0x80000 /* O_??? */) = 5
15594 15:51:35.928222 _llseek(5, 0, [0], SEEK_CUR) = 0
15594 15:51:35.928253 fstat64(5, {st_mode=S_IFREG|0644, st_size=1624, ...}) = 0
15594 15:51:35.928327 mmap2(NULL, 1624, PROT_READ, MAP_SHARED, 5, 0) = 0xb7f39000
15594 15:51:35.928362 _llseek(5, 1624, [1624], SEEK_SET) = 0
15594 15:51:35.928405 munmap(0xb7f39000, 1624) = 0
15594 15:51:35.928436 close(5)          = 0
15594 15:51:35.928473 open("/etc/shadow", O_RDONLY|0x80000 /* O_??? */) = 5
15594 15:51:35.928510 _llseek(5, 0, [0], SEEK_CUR) = 0
15594 15:51:35.928541 fstat64(5, {st_mode=S_IFREG|0640, st_size=1233, ...}) = 0
15594 15:51:35.928583 mmap2(NULL, 1233, PROT_READ, MAP_SHARED, 5, 0) = 0xb7f39000
15594 15:51:35.928615 _llseek(5, 1233, [1233], SEEK_SET) = 0
15594 15:51:35.928658 munmap(0xb7f39000, 1233) = 0
15594 15:51:35.928688 close(5)          = 0
15594 15:51:35.928722 time(NULL)        = 1495655495
15594 15:51:35.928763 munmap(0xb7f36000, 12164) = 0
15594 15:51:35.928799 munmap(0xb7f34000, 7136) = 0
15594 15:51:35.928838 munmap(0xb7d69000, 95428) = 0
15594 15:51:35.928871 munmap(0xb7d2f000, 201052) = 0
15594 15:51:35.928903 munmap(0xb7d16000, 101180) = 0
15594 15:51:35.928945 gettimeofday({1495655495, 928966}, NULL) = 0
15594 15:51:35.928993 stat64("/usr/share/zoneinfo/UTC+04:00", 0xbf9d5344) = -1 ENOENT (No such file or directory)
15594 15:51:35.929032 open("/usr/share/zoneinfo/UTC+04:00", O_RDONLY) = -1 ENOENT (No such file or directory)
15594 15:51:35.929093 fcntl64(3, F_SETLKW64, {type=F_WRLCK, whence=SEEK_SET, start=0, len=0}, 0xbf9d5494) = 0
15594 15:51:35.929135 write(3, "Wed May 24 15:51:35 2017 [pid 15594] [msfadmin] OK LOGIN: Client \"127.0.0.1\"\n", 77) = 77
15594 15:51:35.929186 fcntl64(3, F_SETLK64, {type=F_UNLCK, whence=SEEK_SET, start=0, len=0}, 0xbf9d549c) = 0
15594 15:51:35.929223 rt_sigaction(SIGCHLD, {0x805cad0, ~[RTMIN RT_1], 0}, NULL, 8) = 0
15594 15:51:35.929303 write(4, "\1", 1 <unfinished ...>
15595 15:51:35.929334 <... read resumed> "\1", 1) = 1
15594 15:51:35.929356 <... write resumed> ) = 1
15595 15:51:35.929384 exit_group(0)     = ?
15594 15:51:35.929456 --- SIGCHLD (Child exited) @ 0 (0) ---
15594 15:51:35.929482 sigreturn()       = ? (mask now [])
15594 15:51:35.929529 wait4(-1, [{WIFEXITED(s) && WEXITSTATUS(s) == 0}], 0, NULL) = 15595
15594 15:51:35.929565 close(4)          = 0
15594 15:51:35.929599 socketpair(PF_FILE, SOCK_STREAM, 0, [4, 5]) = 0
15594 15:51:35.929638 rt_sigaction(SIGCHLD, {0x805cad0, ~[RTMIN RT_1], 0}, NULL, 8) = 0
15594 15:51:35.929676 rt_sigaction(SIGALRM, {0x805cb10, ~[RTMIN RT_1], 0}, NULL, 8) = 0
15594 15:51:35.929713 clone(child_stack=0, flags=CLONE_CHILD_CLEARTID|CLONE_CHILD_SETTID|SIGCHLD, child_tidptr=0xb7d9f6f8) = 15596
15596 15:51:35.929833 prctl(0x1, 0x9, 0, 0, 0) = 0
15596 15:51:35.929871 close(4)          = 0
15596 15:51:35.929928 open("/etc/passwd", O_RDONLY|0x80000 /* O_??? */) = 4
15596 15:51:35.929928 _llseek(4, 0, [0], SEEK_CUR) = 0
15596 15:51:35.929928 fstat64(4, {st_mode=S_IFREG|0644, st_size=1624, ...}) = 0
15596 15:51:35.929928 mmap2(NULL, 1624, PROT_READ, MAP_SHARED, 4, 0) = 0xb7f39000
15596 15:51:35.929928 _llseek(4, 1624, [1624], SEEK_SET) = 0
15596 15:51:35.929928 munmap(0xb7f39000, 1624) = 0
15596 15:51:35.929928 close(4)          = 0
15596 15:51:35.929928 getuid32()        = 0
15596 15:51:35.929928 open("/etc/passwd", O_RDONLY|0x80000 /* O_??? */) = 4
15596 15:51:35.929928 _llseek(4, 0, [0], SEEK_CUR) = 0
15596 15:51:35.929928 fstat64(4, {st_mode=S_IFREG|0644, st_size=1624, ...}) = 0
15596 15:51:35.929928 mmap2(NULL, 1624, PROT_READ, MAP_SHARED, 4, 0) = 0xb7f39000
15596 15:51:35.929928 _llseek(4, 1624, [1624], SEEK_SET) = 0
15596 15:51:35.929928 munmap(0xb7f39000, 1624) = 0
15596 15:51:35.929928 close(4)          = 0
15596 15:51:35.929928 open("/proc/sys/kernel/ngroups_max", O_RDONLY) = 4
15596 15:51:35.929928 read(4, "65536\n", 31) = 6
15596 15:51:35.929928 close(4)          = 0
15596 15:51:35.929928 socket(PF_FILE, SOCK_STREAM, 0) = 4
15596 15:51:35.929928 fcntl64(4, F_SETFL, O_RDWR|O_NONBLOCK) = 0
15596 15:51:35.929928 connect(4, {sa_family=AF_FILE, path="/var/run/nscd/socket"}, 110) = -1 ENOENT (No such file or directory)
15596 15:51:35.929928 close(4)          = 0
15596 15:51:35.929928 socket(PF_FILE, SOCK_STREAM, 0) = 4
15596 15:51:35.929928 fcntl64(4, F_SETFL, O_RDWR|O_NONBLOCK) = 0
15596 15:51:35.929928 connect(4, {sa_family=AF_FILE, path="/var/run/nscd/socket"}, 110) = -1 ENOENT (No such file or directory)
15596 15:51:35.929928 close(4)          = 0
15596 15:51:35.929928 open("/etc/group", O_RDONLY|0x80000 /* O_??? */) = 4
15596 15:51:35.929928 _llseek(4, 0, [0], SEEK_CUR) = 0
15596 15:51:35.929928 fstat64(4, {st_mode=S_IFREG|0644, st_size=886, ...}) = 0
15596 15:51:35.929928 mmap2(NULL, 886, PROT_READ, MAP_SHARED, 4, 0) = 0xb7f39000
15596 15:51:35.929928 _llseek(4, 886, [886], SEEK_SET) = 0
15596 15:51:35.929928 fstat64(4, {st_mode=S_IFREG|0644, st_size=886, ...}) = 0
15596 15:51:35.929928 munmap(0xb7f39000, 886) = 0
15596 15:51:35.929928 close(4)          = 0
15596 15:51:35.929928 setgroups32(13, [1000, 4, 20, 24, 25, 29, 30, 44, 46, 107, 111, 112, 119]) = 0
15596 15:51:35.929928 geteuid32()       = 0
15596 15:51:35.929928 getegid32()       = 0
15596 15:51:35.929928 setregid32(-1, 1000) = 0
15596 15:51:35.929928 setreuid32(-1, 1000) = 0
15596 15:51:35.929928 chdir("/home/msfadmin") = 0
15596 15:51:35.929928 setreuid32(-1, 0) = 0
15596 15:51:35.929928 setregid32(-1, 0) = 0
15596 15:51:35.929928 setgid32(1000)    = 0
15596 15:51:35.929928 setuid32(1000)    = 0
15596 15:51:35.929928 setrlimit(RLIMIT_NPROC, {rlim_cur=0, rlim_max=0}) = 0
15596 15:51:35.929928 mmap2(NULL, 12288, PROT_READ|PROT_WRITE, MAP_PRIVATE|MAP_ANONYMOUS, -1, 0) = 0xb7f37000
15596 15:51:35.929928 mprotect(0xb7f39000, 4096, PROT_NONE) = 0
15596 15:51:35.929928 mprotect(0xb7f37000, 4096, PROT_NONE) = 0
15596 15:51:35.929928 getcwd("/home/msfadmin", 4096) = 15
15596 15:51:35.929928 umask(022)        = 077
15596 15:51:35.929928 getcwd("/home/msfadmin", 4096) = 15
15596 15:51:35.929928 open(".message", O_RDONLY|O_NONBLOCK|O_LARGEFILE) = -1 ENOENT (No such file or directory)
15596 15:51:35.929928 write(0, "230 Login successful.\r\n", 23) = 23
15596 15:51:35.929928 rt_sigaction(SIGALRM, {0x805cad0, ~[RTMIN RT_1], 0}, NULL, 8) = 0
15596 15:51:35.929928 alarm(300)        = 0
15596 15:51:35.929928 mmap2(NULL, 12288, PROT_READ|PROT_WRITE, MAP_PRIVATE|MAP_ANONYMOUS, -1, 0) = 0xb7f34000
15596 15:51:35.929928 mprotect(0xb7f36000, 4096, PROT_NONE) = 0
15596 15:51:35.929928 mprotect(0xb7f34000, 4096, PROT_NONE) = 0
15596 15:51:35.929928 recv(0, "TYPE I\r\n", 4096, MSG_PEEK) = 8
15596 15:51:35.929928 read(0, "TYPE I\r\n", 8) = 8
15596 15:51:35.929928 write(0, "200 Switching to Binary mode.\r\n", 31) = 31
15596 15:51:35.929928 rt_sigaction(SIGALRM, {0x805cad0, ~[RTMIN RT_1], 0}, NULL, 8) = 0
15596 15:51:35.929928 alarm(300)        = 300
15596 15:51:35.929928 recv(0, "PASV\r\n", 4096, MSG_PEEK) = 6
15596 15:51:35.929928 read(0, "PASV\r\n", 6) = 6
15596 15:51:35.929928 write(5, "\n", 1) = 1
15596 15:51:35.929928 read(5,  <unfinished ...>
15594 15:51:35.929928 close(5)          = 0
15594 15:51:35.929928 getuid32()        = 0
15594 15:51:35.929928 open("/etc/passwd", O_RDONLY|0x80000 /* O_??? */) = 5
15594 15:51:35.929928 _llseek(5, 0, [0], SEEK_CUR) = 0
15594 15:51:35.929928 fstat64(5, {st_mode=S_IFREG|0644, st_size=1624, ...}) = 0
15594 15:51:35.929928 mmap2(NULL, 1624, PROT_READ, MAP_SHARED, 5, 0) = 0xb7f39000
15594 15:51:35.929928 _llseek(5, 1624, [1624], SEEK_SET) = 0
15594 15:51:35.929928 munmap(0xb7f39000, 1624) = 0
15594 15:51:35.929928 close(5)          = 0
15594 15:51:35.929928 setgroups32(0, []) = 0
15594 15:51:35.929928 chdir("/usr/share/empty") = 0
15594 15:51:35.929928 chroot(".")       = 0
15594 15:51:35.929928 capset(NULL, NULL) = -1 EFAULT (Bad address)
15594 15:51:35.929928 prctl(0x8, 0, 0xbf9d5478, 0x80549a6, 0xbf9d5460) = 0
15594 15:51:35.929928 prctl(0x8, 0x1, 0xbf9d5478, 0x8054a49, 0xbf9d5460) = 0
15594 15:51:35.929928 setgid32(65534)   = 0
15594 15:51:35.929928 setuid32(65534)   = 0
15594 15:51:35.929928 capset(0x19980330, 0, {CAP_NET_BIND_SERVICE, CAP_NET_BIND_SERVICE, 0}) = 0
15594 15:51:35.929928 read(4, "\n", 1)  = 1
15594 15:51:35.929928 write(4, "\1", 1) = 1
15596 15:51:35.929928 <... read resumed> "\1", 1) = 1
15596 15:51:35.929928 write(5, "\f", 1) = 1
15596 15:51:35.929928 read(5,  <unfinished ...>
15594 15:51:35.929928 read(4, "\f", 1)  = 1
15594 15:51:35.929928 socket(PF_INET, SOCK_STREAM, IPPROTO_TCP) = 5
15594 15:51:35.929928 setsockopt(5, SOL_SOCKET, SO_REUSEADDR, [1], 4) = 0
15594 15:51:35.929928 gettimeofday({1495655495, 929928}, NULL) = 0
15594 15:51:35.929928 bind(5, {sa_family=AF_INET, sin_port=htons(29280), sin_addr=inet_addr("127.0.0.1")}, 16) = 0
15594 15:51:35.929928 listen(5, 1)      = 0
15594 15:51:35.929928 write(4, "`r\0\0", 4) = 4
15596 15:51:35.929928 <... read resumed> "`r\0\0", 4) = 4
15596 15:51:35.929928 write(0, "227 Entering Passive Mode (127,0,0,1,114,96).\r\n", 47) = 47
15596 15:51:35.929928 rt_sigaction(SIGALRM, {0x805cad0, ~[RTMIN RT_1], 0}, NULL, 8) = 0
15596 15:51:35.929928 alarm(300)        = 300
15596 15:51:35.929928 recv(0, "STOR myfile7\r\n", 4096, MSG_PEEK) = 14
15596 15:51:35.929928 read(0, "STOR myfile7\r\n", 14) = 14
15596 15:51:35.929928 write(5, "\v", 1) = 1
15596 15:51:35.929928 read(5,  <unfinished ...>
15594 15:51:35.929928 read(4, "\v", 1)  = 1
15594 15:51:35.929928 write(4, "\1\0\0\0", 4) = 4
15596 15:51:35.929928 <... read resumed> "\1\0\0\0", 4) = 4
15596 15:51:35.929928 gettimeofday({1495655495, 929928}, NULL) = 0
15596 15:51:35.929928 getcwd("/home/msfadmin", 4096) = 15
15596 15:51:35.929928 open("myfile7", O_WRONLY|O_CREAT|O_NONBLOCK|O_LARGEFILE, 0666) = 4
15596 15:51:35.929928 fstat64(4, {st_mode=S_IFREG|0644, st_size=17, ...}) = 0
15596 15:51:35.929928 fcntl64(4, F_GETFL) = 0x8801 (flags O_WRONLY|O_NONBLOCK|O_LARGEFILE)
15596 15:51:35.929928 fcntl64(4, F_SETFL, O_WRONLY|O_LARGEFILE) = 0
15596 15:51:35.929928 fcntl64(4, F_SETLKW64, {type=F_WRLCK, whence=SEEK_SET, start=0, len=0}, 0xbf9d53c4) = 0
15596 15:51:35.929928 ftruncate64(4, 0) = 0
15596 15:51:35.929928 _llseek(4, 0, [0], SEEK_SET) = 0
15596 15:51:35.929928 write(5, "\v", 1) = 1
15596 15:51:35.929928 read(5,  <unfinished ...>
15594 15:51:35.929928 read(4, "\v", 1)  = 1
15594 15:51:35.929928 write(4, "\1\0\0\0", 4) = 4
15596 15:51:35.929928 <... read resumed> "\1\0\0\0", 4) = 4
15596 15:51:35.929928 write(5, "\v", 1) = 1
15596 15:51:35.929928 read(5,  <unfinished ...>
15594 15:51:35.929928 read(4, "\v", 1)  = 1
15594 15:51:35.929928 write(4, "\1\0\0\0", 4) = 4
15596 15:51:35.929928 <... read resumed> "\1\0\0\0", 4) = 4
15596 15:51:35.929928 write(5, "\r", 1) = 1
15596 15:51:35.929928 read(5,  <unfinished ...>
15594 15:51:35.929928 read(4, "\r", 1)  = 1
15594 15:51:35.929928 select(6, [5], NULL, NULL, {60, 0}) = 1 (in [5], left {60, 0})
15594 15:51:35.929928 accept(5, {sa_family=AF_INET, sin_port=htons(43254), sin_addr=inet_addr("127.0.0.1")}, [16]) = 6
15594 15:51:35.929928 write(4, "\1", 1) = 1
15596 15:51:35.929928 <... read resumed> "\1", 1) = 1
15596 15:51:35.929928 recvmsg(5,  <unfinished ...>
15594 15:51:35.929928 sendmsg(4, {msg_name(0)=NULL, msg_iov(1)=[{"\0", 1}], msg_controllen=16, {cmsg_len=16, cmsg_level=SOL_SOCKET, cmsg_type=SCM_RIGHTS, {6}}, msg_flags=0}, 0) = 1
15596 15:51:35.929928 <... recvmsg resumed> {msg_name(0)=NULL, msg_iov(1)=[{"\0", 1}], msg_controllen=16, {cmsg_len=16, cmsg_level=SOL_SOCKET, cmsg_type=SCM_RIGHTS, {6}}, msg_flags=0}, 0) = 1
15596 15:51:35.929928 setsockopt(6, SOL_SOCKET, SO_KEEPALIVE, [1], 4) = 0
15596 15:51:35.929928 setsockopt(6, SOL_IP, IP_TOS, [8], 4) = 0
15596 15:51:35.929928 setsockopt(6, SOL_SOCKET, SO_LINGER, {onoff=1, linger=32767}, 8) = 0
15596 15:51:35.929928 rt_sigaction(SIGALRM, {0x805cad0, ~[RTMIN RT_1], 0}, NULL, 8) = 0
15596 15:51:35.929928 alarm(300)        = 300
15596 15:51:35.936052 write(0, "150 Ok to send data.\r\n", 22) = 22
15596 15:51:35.936240 mmap2(NULL, 77824, PROT_READ|PROT_WRITE, MAP_PRIVATE|MAP_ANONYMOUS, -1, 0) = 0xb7d6e000
15596 15:51:35.936280 mprotect(0xb7d80000, 4096, PROT_NONE) = 0
15596 15:51:35.936314 mprotect(0xb7d6e000, 4096, PROT_NONE) = 0
15596 15:51:35.936345 read(6, "assasaaa\na\na\na\na\n", 65536) = 17
15596 15:51:35.936383 write(4, "assasaaa\na\na\na\na\n", 17) = 17
15596 15:51:35.936424 read(6, "", 65536) = 0
15596 15:51:35.936456 rt_sigaction(SIGALRM, {0x805cad0, ~[RTMIN RT_1], 0}, NULL, 8) = 0
15596 15:51:35.936494 alarm(300)        = 300
15596 15:51:35.936549 close(6)          = 0
15596 15:51:35.936577 alarm(0)          = 300
15596 15:51:35.936620 gettimeofday({1495655495, 936639}, NULL) = 0
15596 15:51:35.936678 getpid()          = 15596
15596 15:51:35.936712 gettimeofday({1495655495, 936731}, NULL) = 0
15596 15:51:35.936767 fcntl64(3, F_SETLKW64, {type=F_WRLCK, whence=SEEK_SET, start=0, len=0}, 0xbf9d5364) = 0
15596 15:51:35.936808 write(3, "Wed May 24 15:51:35 2017 [pid 15596] [msfadmin] OK UPLOAD: Client \"127.0.0.1\", \"/home/msfadmin/myfile7\", 17 bytes, 2.44Kbyte/sec\n", 129) = 129
15596 15:51:35.936856 fcntl64(3, F_SETLK64, {type=F_UNLCK, whence=SEEK_SET, start=0, len=0}, 0xbf9d536c) = 0
15596 15:51:35.936896 write(0, "226 Transfer complete.\r\n", 24) = 24
15596 15:51:35.937007 write(5, "\n", 1) = 1
15596 15:51:35.937044 read(5,  <unfinished ...>
15594 15:51:35.937093 close(6)          = 0
15594 15:51:35.937167 read(4, "\n", 1)  = 1
15594 15:51:35.937202 close(5)          = 0
15594 15:51:35.937235 write(4, "\1", 1) = 1
15596 15:51:35.937267 <... read resumed> "\1", 1) = 1
15596 15:51:35.937293 close(4)          = 0
15596 15:51:35.937325 rt_sigaction(SIGALRM, {0x805cad0, ~[RTMIN RT_1], 0}, NULL, 8) = 0
15596 15:51:35.937363 alarm(300)        = 0
15596 15:51:35.937420 recv(0,  <unfinished ...>
15594 15:51:35.937447 read(4,  <unfinished ...>
15596 15:51:36.456501 <... recv resumed> "TYPE I\r\n", 4096, MSG_PEEK) = 8
15596 15:51:36.456642 read(0, "TYPE I\r\n", 8) = 8
15596 15:51:36.456757 write(0, "200 Switching to Binary mode.\r\n", 31) = 31
15596 15:51:36.457075 rt_sigaction(SIGALRM, {0x805cad0, ~[RTMIN RT_1], 0}, NULL, 8) = 0
15596 15:51:36.457182 alarm(300)        = 299
15596 15:51:36.457322 recv(0, "PASV\r\n", 4096, MSG_PEEK) = 6
15596 15:51:36.457403 read(0, "PASV\r\n", 6) = 6
15596 15:51:36.457486 write(5, "\n", 1) = 1
15596 15:51:36.457567 read(5,  <unfinished ...>
15594 15:51:36.457629 <... read resumed> "\n", 1) = 1
15594 15:51:36.457695 write(4, "\1", 1) = 1
15596 15:51:36.457769 <... read resumed> "\1", 1) = 1
15596 15:51:36.457898 write(5, "\f", 1) = 1
15596 15:51:36.457980 read(5,  <unfinished ...>
15594 15:51:36.458040 read(4, "\f", 1)  = 1
15594 15:51:36.458121 socket(PF_INET, SOCK_STREAM, IPPROTO_TCP) = 5
15594 15:51:36.458212 setsockopt(5, SOL_SOCKET, SO_REUSEADDR, [1], 4) = 0
15594 15:51:36.458301 bind(5, {sa_family=AF_INET, sin_port=htons(33771), sin_addr=inet_addr("127.0.0.1")}, 16) = 0
15594 15:51:36.458395 listen(5, 1)      = 0
15594 15:51:36.458478 write(4, "\353\203\0\0", 4) = 4
15596 15:51:36.458556 <... read resumed> "\353\203\0\0", 4) = 4
15596 15:51:36.458641 write(0, "227 Entering Passive Mode (127,0,0,1,131,235).\r\n", 48) = 48
15596 15:51:36.459356 rt_sigaction(SIGALRM, {0x805cad0, ~[RTMIN RT_1], 0}, NULL, 8) = 0
15596 15:51:36.459463 alarm(300)        = 300
15596 15:51:36.459601 recv(0, "STOR myfile8\r\n", 4096, MSG_PEEK) = 14
15596 15:51:36.459685 read(0, "STOR myfile8\r\n", 14) = 14
15596 15:51:36.459835 write(5, "\v", 1) = 1
15596 15:51:36.459919 read(5,  <unfinished ...>
15594 15:51:36.459943 read(4, "\v", 1)  = 1
15594 15:51:36.459943 write(4, "\1\0\0\0", 4) = 4
15596 15:51:36.459943 <... read resumed> "\1\0\0\0", 4) = 4
15596 15:51:36.459943 gettimeofday({1495655496, 459943}, NULL) = 0
15596 15:51:36.459943 getcwd("/home/msfadmin", 4096) = 15
15596 15:51:36.459943 open("myfile8", O_WRONLY|O_CREAT|O_NONBLOCK|O_LARGEFILE, 0666) = 4
15596 15:51:36.459943 fstat64(4, {st_mode=S_IFREG|0644, st_size=17, ...}) = 0
15596 15:51:36.459943 fcntl64(4, F_GETFL) = 0x8801 (flags O_WRONLY|O_NONBLOCK|O_LARGEFILE)
15596 15:51:36.459943 fcntl64(4, F_SETFL, O_WRONLY|O_LARGEFILE) = 0
15596 15:51:36.459943 fcntl64(4, F_SETLKW64, {type=F_WRLCK, whence=SEEK_SET, start=0, len=0}, 0xbf9d53c4) = 0
15596 15:51:36.459943 ftruncate64(4, 0) = 0
15596 15:51:36.459943 _llseek(4, 0, [0], SEEK_SET) = 0
15596 15:51:36.459943 write(5, "\v", 1) = 1
15596 15:51:36.459943 read(5,  <unfinished ...>
15594 15:51:36.459943 read(4, "\v", 1)  = 1
15594 15:51:36.459943 write(4, "\1\0\0\0", 4) = 4
15596 15:51:36.459943 <... read resumed> "\1\0\0\0", 4) = 4
15596 15:51:36.459943 write(5, "\v", 1) = 1
15596 15:51:36.459943 read(5,  <unfinished ...>
15594 15:51:36.459943 read(4, "\v", 1)  = 1
15594 15:51:36.459943 write(4, "\1\0\0\0", 4) = 4
15596 15:51:36.459943 <... read resumed> "\1\0\0\0", 4) = 4
15596 15:51:36.459943 write(5, "\r", 1) = 1
15596 15:51:36.459943 read(5,  <unfinished ...>
15594 15:51:36.459943 read(4, "\r", 1)  = 1
15594 15:51:36.459943 select(6, [5], NULL, NULL, {60, 0}) = 1 (in [5], left {60, 0})
15594 15:51:36.459943 accept(5, {sa_family=AF_INET, sin_port=htons(60962), sin_addr=inet_addr("127.0.0.1")}, [16]) = 6
15594 15:51:36.459943 write(4, "\1", 1) = 1
15596 15:51:36.459943 <... read resumed> "\1", 1) = 1
15596 15:51:36.459943 recvmsg(5,  <unfinished ...>
15594 15:51:36.459943 sendmsg(4, {msg_name(0)=NULL, msg_iov(1)=[{"\0", 1}], msg_controllen=16, {cmsg_len=16, cmsg_level=SOL_SOCKET, cmsg_type=SCM_RIGHTS, {6}}, msg_flags=0}, 0) = 1
15596 15:51:36.459943 <... recvmsg resumed> {msg_name(0)=NULL, msg_iov(1)=[{"\0", 1}], msg_controllen=16, {cmsg_len=16, cmsg_level=SOL_SOCKET, cmsg_type=SCM_RIGHTS, {6}}, msg_flags=0}, 0) = 1
15596 15:51:36.459943 setsockopt(6, SOL_SOCKET, SO_KEEPALIVE, [1], 4) = 0
15596 15:51:36.459943 setsockopt(6, SOL_IP, IP_TOS, [8], 4) = 0
15596 15:51:36.459943 setsockopt(6, SOL_SOCKET, SO_LINGER, {onoff=1, linger=32767}, 8) = 0
15596 15:51:36.459943 rt_sigaction(SIGALRM, {0x805cad0, ~[RTMIN RT_1], 0}, NULL, 8) = 0
15596 15:51:36.459943 alarm(300)        = 300
15596 15:51:36.459943 write(0, "150 Ok to send data.\r\n", 22) = 22
15596 15:51:36.459943 read(6, "assasaaa\na\na\na\na\n", 65536) = 17
15596 15:51:36.459943 write(4, "assasaaa\na\na\na\na\n", 17) = 17
15596 15:51:36.459943 read(6, "", 65536) = 0
15596 15:51:36.459943 rt_sigaction(SIGALRM, {0x805cad0, ~[RTMIN RT_1], 0}, NULL, 8) = 0
15596 15:51:36.459943 alarm(300)        = 300
15596 15:51:36.459943 close(6)          = 0
15596 15:51:36.459943 alarm(0)          = 300
15596 15:51:36.459943 gettimeofday({1495655496, 459943}, NULL) = 0
15596 15:51:36.459943 gettimeofday({1495655496, 459943}, NULL) = 0
15596 15:51:36.459943 fcntl64(3, F_SETLKW64, {type=F_WRLCK, whence=SEEK_SET, start=0, len=0}, 0xbf9d5364) = 0
15596 15:51:36.459943 write(3, "Wed May 24 15:51:36 2017 [pid 15596] [msfadmin] OK UPLOAD: Client \"127.0.0.1\", \"/home/msfadmin/myfile8\", 17 bytes, 0.17Kbyte/sec\n", 129) = 129
15596 15:51:36.459943 fcntl64(3, F_SETLK64, {type=F_UNLCK, whence=SEEK_SET, start=0, len=0}, 0xbf9d536c) = 0
15596 15:51:36.459943 write(0, "226 Transfer complete.\r\n", 24) = 24
15596 15:51:36.459943 write(5, "\n", 1) = 1
15596 15:51:36.459943 read(5,  <unfinished ...>
15594 15:51:36.459943 close(6)          = 0
15594 15:51:36.466235 read(4, "\n", 1)  = 1
15594 15:51:36.466327 close(5)          = 0
15594 15:51:36.466406 write(4, "\1", 1) = 1
15596 15:51:36.466484 <... read resumed> "\1", 1) = 1
15596 15:51:36.466545 close(4)          = 0
15596 15:51:36.466666 rt_sigaction(SIGALRM, {0x805cad0, ~[RTMIN RT_1], 0}, NULL, 8) = 0
15596 15:51:36.466773 alarm(300)        = 0
15596 15:51:36.466910 recv(0,  <unfinished ...>
15594 15:51:36.466976 read(4,  <unfinished ...>
15596 15:51:36.967084 <... recv resumed> "TYPE I\r\n", 4096, MSG_PEEK) = 8
15596 15:51:36.967326 read(0, "TYPE I\r\n", 8) = 8
15596 15:51:36.967575 write(0, "200 Switching to Binary mode.\r\n", 31) = 31
15596 15:51:36.968144 rt_sigaction(SIGALRM, {0x805cad0, ~[RTMIN RT_1], 0}, NULL, 8) = 0
15596 15:51:36.968285 alarm(300)        = 299
15596 15:51:36.968429 recv(0, "PASV\r\n", 4096, MSG_PEEK) = 6
15596 15:51:36.968509 read(0, "PASV\r\n", 6) = 6
15596 15:51:36.968592 write(5, "\n", 1) = 1
15594 15:51:36.968675 <... read resumed> "\n", 1) = 1
15594 15:51:36.968738 write(4, "\1", 1) = 1
15594 15:51:36.968823 read(4,  <unfinished ...>
15596 15:51:36.968884 read(5, "\1", 1)  = 1
15596 15:51:36.968962 write(5, "\f", 1) = 1
15594 15:51:36.969034 <... read resumed> "\f", 1) = 1
15594 15:51:36.969096 socket(PF_INET, SOCK_STREAM, IPPROTO_TCP) = 5
15594 15:51:36.969185 setsockopt(5, SOL_SOCKET, SO_REUSEADDR, [1], 4) = 0
15594 15:51:36.969273 bind(5, {sa_family=AF_INET, sin_port=htons(22894), sin_addr=inet_addr("127.0.0.1")}, 16) = 0
15594 15:51:36.969366 listen(5, 1)      = 0
15594 15:51:36.969451 write(4, "nY\0\0", 4) = 4
15594 15:51:36.969526 read(4,  <unfinished ...>
15596 15:51:36.969586 read(5, "nY\0\0", 4) = 4
15596 15:51:36.969683 write(0, "227 Entering Passive Mode (127,0,0,1,89,110).\r\n", 47) = 47
15596 15:51:36.969959 rt_sigaction(SIGALRM, {0x805cad0, ~[RTMIN RT_1], 0}, NULL, 8) = 0
15596 15:51:36.969959 alarm(300)        = 300
15596 15:51:36.969959 recv(0, "STOR myfile9\r\n", 4096, MSG_PEEK) = 14
15596 15:51:36.969959 read(0, "STOR myfile9\r\n", 14) = 14
15596 15:51:36.969959 write(5, "\v", 1) = 1
15594 15:51:36.969959 <... read resumed> "\v", 1) = 1
15594 15:51:36.969959 write(4, "\1\0\0\0", 4) = 4
15594 15:51:36.969959 read(4,  <unfinished ...>
15596 15:51:36.969959 read(5, "\1\0\0\0", 4) = 4
15596 15:51:36.969959 gettimeofday({1495655496, 969959}, NULL) = 0
15596 15:51:36.969959 getcwd("/home/msfadmin", 4096) = 15
15596 15:51:36.969959 open("myfile9", O_WRONLY|O_CREAT|O_NONBLOCK|O_LARGEFILE, 0666) = 4
15596 15:51:36.969959 fstat64(4, {st_mode=S_IFREG|0644, st_size=17, ...}) = 0
15596 15:51:36.969959 fcntl64(4, F_GETFL) = 0x8801 (flags O_WRONLY|O_NONBLOCK|O_LARGEFILE)
15596 15:51:36.969959 fcntl64(4, F_SETFL, O_WRONLY|O_LARGEFILE) = 0
15596 15:51:36.969959 fcntl64(4, F_SETLKW64, {type=F_WRLCK, whence=SEEK_SET, start=0, len=0}, 0xbf9d53c4) = 0
15596 15:51:36.969959 ftruncate64(4, 0) = 0
15596 15:51:36.969959 _llseek(4, 0, [0], SEEK_SET) = 0
15596 15:51:36.969959 write(5, "\v", 1) = 1
15594 15:51:36.969959 <... read resumed> "\v", 1) = 1
15594 15:51:36.969959 write(4, "\1\0\0\0", 4) = 4
15594 15:51:36.969959 read(4,  <unfinished ...>
15596 15:51:36.969959 read(5, "\1\0\0\0", 4) = 4
15596 15:51:36.969959 write(5, "\v", 1) = 1
15594 15:51:36.969959 <... read resumed> "\v", 1) = 1
15594 15:51:36.969959 write(4, "\1\0\0\0", 4) = 4
15594 15:51:36.969959 read(4,  <unfinished ...>
15596 15:51:36.969959 read(5, "\1\0\0\0", 4) = 4
15596 15:51:36.969959 write(5, "\r", 1) = 1
15594 15:51:36.969959 <... read resumed> "\r", 1) = 1
15594 15:51:36.969959 select(6, [5], NULL, NULL, {60, 0}) = 1 (in [5], left {60, 0})
15594 15:51:36.969959 accept(5, {sa_family=AF_INET, sin_port=htons(47601), sin_addr=inet_addr("127.0.0.1")}, [16]) = 6
15594 15:51:36.969959 write(4, "\1", 1) = 1
15594 15:51:36.969959 sendmsg(4, {msg_name(0)=NULL, msg_iov(1)=[{"\0", 1}], msg_controllen=16, {cmsg_len=16, cmsg_level=SOL_SOCKET, cmsg_type=SCM_RIGHTS, {6}}, msg_flags=0}, 0) = 1
15594 15:51:36.969959 close(6)          = 0
15594 15:51:36.969959 read(4,  <unfinished ...>
15596 15:51:36.969959 read(5, "\1", 1)  = 1
15596 15:51:36.969959 recvmsg(5, {msg_name(0)=NULL, msg_iov(1)=[{"\0", 1}], msg_controllen=16, {cmsg_len=16, cmsg_level=SOL_SOCKET, cmsg_type=SCM_RIGHTS, {6}}, msg_flags=0}, 0) = 1
15596 15:51:36.969959 setsockopt(6, SOL_SOCKET, SO_KEEPALIVE, [1], 4) = 0
15596 15:51:36.969959 setsockopt(6, SOL_IP, IP_TOS, [8], 4) = 0
15596 15:51:36.969959 setsockopt(6, SOL_SOCKET, SO_LINGER, {onoff=1, linger=32767}, 8) = 0
15596 15:51:36.969959 rt_sigaction(SIGALRM, {0x805cad0, ~[RTMIN RT_1], 0}, NULL, 8) = 0
15596 15:51:36.969959 alarm(300)        = 300
15596 15:51:36.969959 write(0, "150 Ok to send data.\r\n", 22) = 22
15596 15:51:36.969959 read(6, "assasaaa\na\na\na\na\n", 65536) = 17
15596 15:51:36.969959 write(4, "assasaaa\na\na\na\na\n", 17) = 17
15596 15:51:36.969959 read(6, "", 65536) = 0
15596 15:51:36.969959 rt_sigaction(SIGALRM, {0x805cad0, ~[RTMIN RT_1], 0}, NULL, 8) = 0
15596 15:51:36.969959 alarm(300)        = 300
15596 15:51:36.969959 close(6)          = 0
15596 15:51:36.969959 alarm(0)          = 300
15596 15:51:36.969959 gettimeofday({1495655496, 969959}, NULL) = 0
15596 15:51:36.969959 gettimeofday({1495655496, 969959}, NULL) = 0
15596 15:51:36.969959 fcntl64(3, F_SETLKW64, {type=F_WRLCK, whence=SEEK_SET, start=0, len=0}, 0xbf9d5364) = 0
15596 15:51:36.969959 write(3, "Wed May 24 15:51:36 2017 [pid 15596] [msfadmin] OK UPLOAD: Client \"127.0.0.1\", \"/home/msfadmin/myfile9\", 17 bytes, 0.17Kbyte/sec\n", 129) = 129
15596 15:51:36.976096 fcntl64(3, F_SETLK64, {type=F_UNLCK, whence=SEEK_SET, start=0, len=0}, 0xbf9d536c) = 0
15596 15:51:36.976307 write(0, "226 Transfer complete.\r\n", 24) = 24
15596 15:51:36.976599 write(5, "\n", 1) = 1
15594 15:51:36.976688 <... read resumed> "\n", 1) = 1
15594 15:51:36.976807 close(5)          = 0
15594 15:51:36.976891 write(4, "\1", 1) = 1
15594 15:51:36.976970 read(4,  <unfinished ...>
15596 15:51:36.977031 read(5, "\1", 1)  = 1
15596 15:51:36.977110 close(4)          = 0
15596 15:51:36.977188 rt_sigaction(SIGALRM, {0x805cad0, ~[RTMIN RT_1], 0}, NULL, 8) = 0
15596 15:51:36.977334 alarm(300)        = 0
15596 15:51:36.977475 recv(0, "TYPE I\r\n", 4096, MSG_PEEK) = 8
15596 15:51:37.496627 read(0, "TYPE I\r\n", 8) = 8
15596 15:51:37.496762 write(0, "200 Switching to Binary mode.\r\n", 31) = 31
15596 15:51:37.497061 rt_sigaction(SIGALRM, {0x805cad0, ~[RTMIN RT_1], 0}, NULL, 8) = 0
15596 15:51:37.497166 alarm(300)        = 299
15596 15:51:37.497303 recv(0, "PASV\r\n", 4096, MSG_PEEK) = 6
15596 15:51:37.497384 read(0, "PASV\r\n", 6) = 6
15596 15:51:37.497466 write(5, "\n", 1) = 1
15594 15:51:37.497554 <... read resumed> "\n", 1) = 1
15594 15:51:37.497617 write(4, "\1", 1) = 1
15594 15:51:37.497694 read(4,  <unfinished ...>
15596 15:51:37.497753 read(5, "\1", 1)  = 1
15596 15:51:37.497833 write(5, "\f", 1) = 1
15594 15:51:37.497903 <... read resumed> "\f", 1) = 1
15594 15:51:37.498036 socket(PF_INET, SOCK_STREAM, IPPROTO_TCP) = 5
15594 15:51:37.498138 setsockopt(5, SOL_SOCKET, SO_REUSEADDR, [1], 4) = 0
15594 15:51:37.498227 bind(5, {sa_family=AF_INET, sin_port=htons(11167), sin_addr=inet_addr("127.0.0.1")}, 16) = 0
15594 15:51:37.498321 listen(5, 1)      = 0
15594 15:51:37.498406 write(4, "\237+\0\0", 4) = 4
15594 15:51:37.498528 read(4,  <unfinished ...>
15596 15:51:37.498594 read(5, "\237+\0\0", 4) = 4
15596 15:51:37.498750 write(0, "227 Entering Passive Mode (127,0,0,1,43,159).\r\n", 47) = 47
15596 15:51:37.499526 rt_sigaction(SIGALRM, {0x805cad0, ~[RTMIN RT_1], 0}, NULL, 8) = 0
15596 15:51:37.499640 alarm(300)        = 300
15596 15:51:37.499777 recv(0, "STOR myfile10\r\n", 4096, MSG_PEEK) = 15
15596 15:51:37.499863 read(0, "STOR myfile10\r\n", 15) = 15
15596 15:51:37.499975 write(5, "\v", 1) = 1
15594 15:51:37.499975 <... read resumed> "\v", 1) = 1
15594 15:51:37.499975 write(4, "\1\0\0\0", 4) = 4
15594 15:51:37.499975 read(4,  <unfinished ...>
15596 15:51:37.499975 read(5, "\1\0\0\0", 4) = 4
15596 15:51:37.499975 gettimeofday({1495655497, 499975}, NULL) = 0
15596 15:51:37.499975 getcwd("/home/msfadmin", 4096) = 15
15596 15:51:37.499975 open("myfile10", O_WRONLY|O_CREAT|O_NONBLOCK|O_LARGEFILE, 0666) = 4
15596 15:51:37.499975 fstat64(4, {st_mode=S_IFREG|0644, st_size=17, ...}) = 0
15596 15:51:37.499975 fcntl64(4, F_GETFL) = 0x8801 (flags O_WRONLY|O_NONBLOCK|O_LARGEFILE)
15596 15:51:37.499975 fcntl64(4, F_SETFL, O_WRONLY|O_LARGEFILE) = 0
15596 15:51:37.499975 fcntl64(4, F_SETLKW64, {type=F_WRLCK, whence=SEEK_SET, start=0, len=0}, 0xbf9d53c4) = 0
15596 15:51:37.499975 ftruncate64(4, 0) = 0
15596 15:51:37.499975 _llseek(4, 0, [0], SEEK_SET) = 0
15596 15:51:37.499975 write(5, "\v", 1) = 1
15594 15:51:37.499975 <... read resumed> "\v", 1) = 1
15594 15:51:37.499975 write(4, "\1\0\0\0", 4) = 4
15594 15:51:37.499975 read(4,  <unfinished ...>
15596 15:51:37.499975 read(5, "\1\0\0\0", 4) = 4
15596 15:51:37.499975 write(5, "\v", 1) = 1
15594 15:51:37.499975 <... read resumed> "\v", 1) = 1
15594 15:51:37.499975 write(4, "\1\0\0\0", 4) = 4
15594 15:51:37.499975 read(4,  <unfinished ...>
15596 15:51:37.499975 read(5, "\1\0\0\0", 4) = 4
15596 15:51:37.499975 write(5, "\r", 1) = 1
15594 15:51:37.499975 <... read resumed> "\r", 1) = 1
15594 15:51:37.499975 select(6, [5], NULL, NULL, {60, 0}) = 1 (in [5], left {60, 0})
15594 15:51:37.499975 accept(5, {sa_family=AF_INET, sin_port=htons(51475), sin_addr=inet_addr("127.0.0.1")}, [16]) = 6
15594 15:51:37.499975 write(4, "\1", 1) = 1
15594 15:51:37.499975 sendmsg(4, {msg_name(0)=NULL, msg_iov(1)=[{"\0", 1}], msg_controllen=16, {cmsg_len=16, cmsg_level=SOL_SOCKET, cmsg_type=SCM_RIGHTS, {6}}, msg_flags=0}, 0) = 1
15594 15:51:37.499975 close(6)          = 0
15594 15:51:37.499975 read(4,  <unfinished ...>
15596 15:51:37.499975 read(5, "\1", 1)  = 1
15596 15:51:37.499975 recvmsg(5, {msg_name(0)=NULL, msg_iov(1)=[{"\0", 1}], msg_controllen=16, {cmsg_len=16, cmsg_level=SOL_SOCKET, cmsg_type=SCM_RIGHTS, {6}}, msg_flags=0}, 0) = 1
15596 15:51:37.499975 setsockopt(6, SOL_SOCKET, SO_KEEPALIVE, [1], 4) = 0
15596 15:51:37.499975 setsockopt(6, SOL_IP, IP_TOS, [8], 4) = 0
15596 15:51:37.499975 setsockopt(6, SOL_SOCKET, SO_LINGER, {onoff=1, linger=32767}, 8) = 0
15596 15:51:37.499975 rt_sigaction(SIGALRM, {0x805cad0, ~[RTMIN RT_1], 0}, NULL, 8) = 0
15596 15:51:37.499975 alarm(300)        = 300
15596 15:51:37.499975 write(0, "150 Ok to send data.\r\n", 22) = 22
15596 15:51:37.499975 read(6, "assasaaa\na\na\na\na\n", 65536) = 17
15596 15:51:37.499975 write(4, "assasaaa\na\na\na\na\n", 17) = 17
15596 15:51:37.499975 read(6, "", 65536) = 0
15596 15:51:37.499975 rt_sigaction(SIGALRM, {0x805cad0, ~[RTMIN RT_1], 0}, NULL, 8) = 0
15596 15:51:37.499975 alarm(300)        = 300
15596 15:51:37.499975 close(6)          = 0
15596 15:51:37.499975 alarm(0)          = 300
15596 15:51:37.499975 gettimeofday({1495655497, 499975}, NULL) = 0
15596 15:51:37.499975 gettimeofday({1495655497, 499975}, NULL) = 0
15596 15:51:37.499975 fcntl64(3, F_SETLKW64, {type=F_WRLCK, whence=SEEK_SET, start=0, len=0}, 0xbf9d5364) = 0
15596 15:51:37.499975 write(3, "Wed May 24 15:51:37 2017 [pid 15596] [msfadmin] OK UPLOAD: Client \"127.0.0.1\", \"/home/msfadmin/myfile10\", 17 bytes, 0.17Kbyte/sec\n", 130) = 130
15596 15:51:37.499975 fcntl64(3, F_SETLK64, {type=F_UNLCK, whence=SEEK_SET, start=0, len=0}, 0xbf9d536c) = 0
15596 15:51:37.499975 write(0, "226 Transfer complete.\r\n", 24) = 24
15596 15:51:37.499975 write(5, "\n", 1 <unfinished ...>
15594 15:51:37.499975 <... read resumed> "\n", 1) = 1
15596 15:51:37.499975 <... write resumed> ) = 1
15594 15:51:37.499975 close(5)          = 0
15594 15:51:37.506109 write(4, "\1", 1) = 1
15594 15:51:37.506266 read(4,  <unfinished ...>
15596 15:51:37.506372 read(5, "\1", 1)  = 1
15596 15:51:37.506463 close(4)          = 0
15596 15:51:37.506541 rt_sigaction(SIGALRM, {0x805cad0, ~[RTMIN RT_1], 0}, NULL, 8) = 0
15596 15:51:37.506632 alarm(300)        = 0
15596 15:51:37.506767 recv(0, "TYPE I\r\n", 4096, MSG_PEEK) = 8
15596 15:51:38.026314 read(0, "TYPE I\r\n", 8) = 8
15596 15:51:38.026369 write(0, "200 Switching to Binary mode.\r\n", 31) = 31
15596 15:51:38.026483 rt_sigaction(SIGALRM, {0x805cad0, ~[RTMIN RT_1], 0}, NULL, 8) = 0
15596 15:51:38.026527 alarm(300)        = 299
15596 15:51:38.026581 recv(0, "PASV\r\n", 4096, MSG_PEEK) = 6
15596 15:51:38.026612 read(0, "PASV\r\n", 6) = 6
15596 15:51:38.026643 write(5, "\n", 1 <unfinished ...>
15594 15:51:38.026672 <... read resumed> "\n", 1) = 1
15596 15:51:38.026692 <... write resumed> ) = 1
15594 15:51:38.026715 write(4, "\1", 1) = 1
15594 15:51:38.026744 read(4,  <unfinished ...>
15596 15:51:38.026767 read(5, "\1", 1)  = 1
15596 15:51:38.026797 write(5, "\f", 1 <unfinished ...>
15594 15:51:38.026820 <... read resumed> "\f", 1) = 1
15596 15:51:38.026839 <... write resumed> ) = 1
15594 15:51:38.026862 socket(PF_INET, SOCK_STREAM, IPPROTO_TCP) = 5
15594 15:51:38.026897 setsockopt(5, SOL_SOCKET, SO_REUSEADDR, [1], 4) = 0
15594 15:51:38.026932 bind(5, {sa_family=AF_INET, sin_port=htons(19795), sin_addr=inet_addr("127.0.0.1")}, 16) = 0
15594 15:51:38.026992 listen(5, 1)      = 0
15594 15:51:38.027028 write(4, "SM\0\0", 4) = 4
15594 15:51:38.027058 read(4,  <unfinished ...>
15596 15:51:38.027082 read(5, "SM\0\0", 4) = 4
15596 15:51:38.027120 write(0, "227 Entering Passive Mode (127,0,0,1,77,83).\r\n", 46) = 46
15596 15:51:38.027382 rt_sigaction(SIGALRM, {0x805cad0, ~[RTMIN RT_1], 0}, NULL, 8) = 0
15596 15:51:38.027422 alarm(300)        = 300
15596 15:51:38.027474 recv(0, "STOR myfile11\r\n", 4096, MSG_PEEK) = 15
15596 15:51:38.027507 read(0, "STOR myfile11\r\n", 15) = 15
15596 15:51:38.027540 write(5, "\v", 1 <unfinished ...>
15594 15:51:38.027565 <... read resumed> "\v", 1) = 1
15596 15:51:38.027584 <... write resumed> ) = 1
15594 15:51:38.027606 write(4, "\1\0\0\0", 4) = 4
15594 15:51:38.027635 read(4,  <unfinished ...>
15596 15:51:38.027658 read(5, "\1\0\0\0", 4) = 4
15596 15:51:38.027688 gettimeofday({1495655498, 27706}, NULL) = 0
15596 15:51:38.027730 getcwd("/home/msfadmin", 4096) = 15
15596 15:51:38.027762 open("myfile11", O_WRONLY|O_CREAT|O_NONBLOCK|O_LARGEFILE, 0666) = 4
15596 15:51:38.027797 fstat64(4, {st_mode=S_IFREG|0644, st_size=17, ...}) = 0
15596 15:51:38.027836 fcntl64(4, F_GETFL) = 0x8801 (flags O_WRONLY|O_NONBLOCK|O_LARGEFILE)
15596 15:51:38.027866 fcntl64(4, F_SETFL, O_WRONLY|O_LARGEFILE) = 0
15596 15:51:38.027894 fcntl64(4, F_SETLKW64, {type=F_WRLCK, whence=SEEK_SET, start=0, len=0}, 0xbf9d53c4) = 0
15596 15:51:38.027931 ftruncate64(4, 0) = 0
15596 15:51:38.027976 _llseek(4, 0, [0], SEEK_SET) = 0
15596 15:51:38.028007 write(5, "\v", 1 <unfinished ...>
15594 15:51:38.028031 <... read resumed> "\v", 1) = 1
15596 15:51:38.028051 <... write resumed> ) = 1
15594 15:51:38.028072 write(4, "\1\0\0\0", 4) = 4
15594 15:51:38.028102 read(4,  <unfinished ...>
15596 15:51:38.028150 read(5, "\1\0\0\0", 4) = 4
15596 15:51:38.028181 write(5, "\v", 1 <unfinished ...>
15594 15:51:38.028205 <... read resumed> "\v", 1) = 1
15596 15:51:38.028223 <... write resumed> ) = 1
15594 15:51:38.028244 write(4, "\1\0\0\0", 4) = 4
15594 15:51:38.028273 read(4,  <unfinished ...>
15596 15:51:38.028305 read(5, "\1\0\0\0", 4) = 4
15596 15:51:38.028336 write(5, "\r", 1 <unfinished ...>
15594 15:51:38.028360 <... read resumed> "\r", 1) = 1
15596 15:51:38.028378 <... write resumed> ) = 1
15594 15:51:38.028401 select(6, [5], NULL, NULL, {60, 0}) = 1 (in [5], left {60, 0})
15594 15:51:38.028438 accept(5, {sa_family=AF_INET, sin_port=htons(54335), sin_addr=inet_addr("127.0.0.1")}, [16]) = 6
15594 15:51:38.028486 write(4, "\1", 1) = 1
15594 15:51:38.028517 sendmsg(4, {msg_name(0)=NULL, msg_iov(1)=[{"\0", 1}], msg_controllen=16, {cmsg_len=16, cmsg_level=SOL_SOCKET, cmsg_type=SCM_RIGHTS, {6}}, msg_flags=0}, 0) = 1
15594 15:51:38.028556 close(6)          = 0
15594 15:51:38.028584 read(4,  <unfinished ...>
15596 15:51:38.028606 read(5, "\1", 1)  = 1
15596 15:51:38.028638 recvmsg(5, {msg_name(0)=NULL, msg_iov(1)=[{"\0", 1}], msg_controllen=16, {cmsg_len=16, cmsg_level=SOL_SOCKET, cmsg_type=SCM_RIGHTS, {6}}, msg_flags=0}, 0) = 1
15596 15:51:38.028679 setsockopt(6, SOL_SOCKET, SO_KEEPALIVE, [1], 4) = 0
15596 15:51:38.028711 setsockopt(6, SOL_IP, IP_TOS, [8], 4) = 0
15596 15:51:38.028742 setsockopt(6, SOL_SOCKET, SO_LINGER, {onoff=1, linger=32767}, 8) = 0
15596 15:51:38.028771 rt_sigaction(SIGALRM, {0x805cad0, ~[RTMIN RT_1], 0}, NULL, 8) = 0
15596 15:51:38.028804 alarm(300)        = 300
15596 15:51:38.028859 write(0, "150 Ok to send data.\r\n", 22) = 22
15596 15:51:38.029051 read(6, "assasaaa\na\na\na\na\n", 65536) = 17
15596 15:51:38.029088 write(4, "assasaaa\na\na\na\na\n", 17) = 17
15596 15:51:38.029126 read(6, "", 65536) = 0
15596 15:51:38.029154 rt_sigaction(SIGALRM, {0x805cad0, ~[RTMIN RT_1], 0}, NULL, 8) = 0
15596 15:51:38.029189 alarm(300)        = 300
15596 15:51:38.029238 close(6)          = 0
15596 15:51:38.029301 alarm(0)          = 300
15596 15:51:38.029340 gettimeofday({1495655498, 29359}, NULL) = 0
15596 15:51:38.029389 gettimeofday({1495655498, 29408}, NULL) = 0
15596 15:51:38.029434 fcntl64(3, F_SETLKW64, {type=F_WRLCK, whence=SEEK_SET, start=0, len=0}, 0xbf9d5364) = 0
15596 15:51:38.029471 write(3, "Wed May 24 15:51:38 2017 [pid 15596] [msfadmin] OK UPLOAD: Client \"127.0.0.1\", \"/home/msfadmin/myfile11\", 17 bytes, 9.75Kbyte/sec\n", 130) = 130
15596 15:51:38.029517 fcntl64(3, F_SETLK64, {type=F_UNLCK, whence=SEEK_SET, start=0, len=0}, 0xbf9d536c) = 0
15596 15:51:38.029553 write(0, "226 Transfer complete.\r\n", 24) = 24
15596 15:51:38.029656 write(5, "\n", 1 <unfinished ...>
15594 15:51:38.029684 <... read resumed> "\n", 1) = 1
15596 15:51:38.029704 <... write resumed> ) = 1
15594 15:51:38.029725 close(5)          = 0
15594 15:51:38.029755 write(4, "\1", 1) = 1
15594 15:51:38.029786 read(4,  <unfinished ...>
15596 15:51:38.029808 read(5, "\1", 1)  = 1
15596 15:51:38.029838 close(4)          = 0
15596 15:51:38.029890 rt_sigaction(SIGALRM, {0x805cad0, ~[RTMIN RT_1], 0}, NULL, 8) = 0
15596 15:51:38.029929 alarm(300)        = 0
15596 15:51:38.029981 recv(0, "TYPE I\r\n", 4096, MSG_PEEK) = 8
15596 15:51:38.536587 read(0, "TYPE I\r\n", 8) = 8
15596 15:51:38.536719 write(0, "200 Switching to Binary mode.\r\n", 31) = 31
15596 15:51:38.537094 rt_sigaction(SIGALRM, {0x805cad0, ~[RTMIN RT_1], 0}, NULL, 8) = 0
15596 15:51:38.537203 alarm(300)        = 299
15596 15:51:38.537343 recv(0, "PASV\r\n", 4096, MSG_PEEK) = 6
15596 15:51:38.537424 read(0, "PASV\r\n", 6) = 6
15596 15:51:38.537507 write(5, "\n", 1 <unfinished ...>
15594 15:51:38.537579 <... read resumed> "\n", 1) = 1
15596 15:51:38.537631 <... write resumed> ) = 1
15594 15:51:38.537690 write(4, "\1", 1) = 1
15594 15:51:38.537765 read(4,  <unfinished ...>
15596 15:51:38.537825 read(5, "\1", 1)  = 1
15596 15:51:38.538038 write(5, "\f", 1 <unfinished ...>
15594 15:51:38.538099 <... read resumed> "\f", 1) = 1
15596 15:51:38.538148 <... write resumed> ) = 1
15594 15:51:38.538208 socket(PF_INET, SOCK_STREAM, IPPROTO_TCP) = 5
15594 15:51:38.538297 setsockopt(5, SOL_SOCKET, SO_REUSEADDR, [1], 4) = 0
15594 15:51:38.538385 bind(5, {sa_family=AF_INET, sin_port=htons(58144), sin_addr=inet_addr("127.0.0.1")}, 16) = 0
15594 15:51:38.538478 listen(5, 1)      = 0
15594 15:51:38.538588 write(4, " \343\0\0", 4) = 4
15594 15:51:38.538668 read(4,  <unfinished ...>
15596 15:51:38.538729 read(5, " \343\0\0", 4) = 4
15596 15:51:38.538828 write(0, "227 Entering Passive Mode (127,0,0,1,227,32).\r\n", 47) = 47
15596 15:51:38.539707 rt_sigaction(SIGALRM, {0x805cad0, ~[RTMIN RT_1], 0}, NULL, 8) = 0
15596 15:51:38.539815 alarm(300)        = 300
15596 15:51:38.539980 recv(0, "STOR myfile12\r\n", 4096, MSG_PEEK) = 15
15596 15:51:38.540006 read(0, "STOR myfile12\r\n", 15) = 15
15596 15:51:38.540006 write(5, "\v", 1 <unfinished ...>
15594 15:51:38.540006 <... read resumed> "\v", 1) = 1
15596 15:51:38.540006 <... write resumed> ) = 1
15594 15:51:38.540006 write(4, "\1\0\0\0", 4) = 4
15594 15:51:38.540006 read(4,  <unfinished ...>
15596 15:51:38.540006 read(5, "\1\0\0\0", 4) = 4
15596 15:51:38.540006 gettimeofday({1495655498, 540006}, NULL) = 0
15596 15:51:38.540006 getcwd("/home/msfadmin", 4096) = 15
15596 15:51:38.540006 open("myfile12", O_WRONLY|O_CREAT|O_NONBLOCK|O_LARGEFILE, 0666) = 4
15596 15:51:38.540006 fstat64(4, {st_mode=S_IFREG|0644, st_size=17, ...}) = 0
15596 15:51:38.540006 fcntl64(4, F_GETFL) = 0x8801 (flags O_WRONLY|O_NONBLOCK|O_LARGEFILE)
15596 15:51:38.540006 fcntl64(4, F_SETFL, O_WRONLY|O_LARGEFILE) = 0
15596 15:51:38.540006 fcntl64(4, F_SETLKW64, {type=F_WRLCK, whence=SEEK_SET, start=0, len=0}, 0xbf9d53c4) = 0
15596 15:51:38.540006 ftruncate64(4, 0) = 0
15596 15:51:38.540006 _llseek(4, 0, [0], SEEK_SET) = 0
15596 15:51:38.540006 write(5, "\v", 1 <unfinished ...>
15594 15:51:38.540006 <... read resumed> "\v", 1) = 1
15596 15:51:38.540006 <... write resumed> ) = 1
15594 15:51:38.540006 write(4, "\1\0\0\0", 4) = 4
15594 15:51:38.540006 read(4,  <unfinished ...>
15596 15:51:38.540006 read(5, "\1\0\0\0", 4) = 4
15596 15:51:38.540006 write(5, "\v", 1 <unfinished ...>
15594 15:51:38.540006 <... read resumed> "\v", 1) = 1
15596 15:51:38.540006 <... write resumed> ) = 1
15594 15:51:38.540006 write(4, "\1\0\0\0", 4) = 4
