9022  14:43:36.936411 open("/etc/pam.d/other", O_RDONLY|O_LARGEFILE) = 5
9022  14:43:36.936433 fstat64(5, {st_mode=S_IFREG|0644, st_size=520, ...}) = 0
9022  14:43:36.936460 mmap2(NULL, 4096, PROT_READ|PROT_WRITE, MAP_PRIVATE|MAP_ANONYMOUS, -1, 0) = 0xb7eef000
9022  14:43:36.936477 read(5, "#\n# /etc/pam.d/other - specify the PAM fallback behaviour\n#\n# Note that this file is used for any unspecified service; for example\n#if /etc/pam.d/cron  specifies no session modules but cron calls\n#pam_open_session, the session module out of /etc/pam.d/other is\n#used.  If you really want nothing to happen then use pam_permit.so or\n#pam_deny.so as appropriate.\n\n# We fall back to the system default in /etc/pam.d/common-*\n# \n\n@include common-auth\n@include common-account\n@include common-password\n@include common-session\n", 4096) = 520
9022  14:43:36.936553 stat64("/etc/pam.d", {st_mode=S_IFDIR|0755, st_size=4096, ...}) = 0
9022  14:43:36.936584 open("/etc/pam.d/common-auth", O_RDONLY|O_LARGEFILE) = 6
9022  14:43:36.936605 fstat64(6, {st_mode=S_IFREG|0644, st_size=476, ...}) = 0
9022  14:43:36.936632 mmap2(NULL, 4096, PROT_READ|PROT_WRITE, MAP_PRIVATE|MAP_ANONYMOUS, -1, 0) = 0xb7ee9000
9022  14:43:36.936650 read(6, "#\n# /etc/pam.d/common-auth - authentication settings common to all services\n#\n# This file is included from other service-specific PAM config files,\n# and should contain a list of the authentication modules that define\n# the central authentication scheme for use on the system\n# (e.g., /etc/shadow, LDAP, Kerberos, etc.).  The default is to use the\n# traditional Unix authentication mechanisms.\n#\nauth\trequisite\tpam_unix.so nullok_secure\n# auth\toptional\tpam_smbpass.so migrate\n", 4096) = 476
9022  14:43:36.936728 read(6, "", 4096) = 0
9022  14:43:36.936744 close(6)          = 0
9022  14:43:36.936760 munmap(0xb7ee9000, 4096) = 0
9022  14:43:36.936778 stat64("/etc/pam.d", {st_mode=S_IFDIR|0755, st_size=4096, ...}) = 0
9022  14:43:36.936809 open("/etc/pam.d/common-account", O_RDONLY|O_LARGEFILE) = 6
9022  14:43:36.936830 fstat64(6, {st_mode=S_IFREG|0644, st_size=392, ...}) = 0
9022  14:43:36.936857 mmap2(NULL, 4096, PROT_READ|PROT_WRITE, MAP_PRIVATE|MAP_ANONYMOUS, -1, 0) = 0xb7ee9000
9022  14:43:36.936880 read(6, "#\n# /etc/pam.d/common-account - authorization settings common to all services\n#\n# This file is included from other service-specific PAM config files,\n# and should contain a list of the authorization modules that define\n# the central access policy for use on the system.  The default is to\n# only deny service to users whose accounts are expired in /etc/shadow.\n#\naccount\trequired\tpam_unix.so\n", 4096) = 392
9022  14:43:36.936946 read(6, "", 4096) = 0
9022  14:43:36.936962 close(6)          = 0
9022  14:43:36.936978 munmap(0xb7ee9000, 4096) = 0
9022  14:43:36.936996 stat64("/etc/pam.d", {st_mode=S_IFDIR|0755, st_size=4096, ...}) = 0
9022  14:43:36.937026 open("/etc/pam.d/common-password", O_RDONLY|O_LARGEFILE) = 6
9022  14:43:36.937048 fstat64(6, {st_mode=S_IFREG|0644, st_size=1563, ...}) = 0
9022  14:43:36.937075 mmap2(NULL, 4096, PROT_READ|PROT_WRITE, MAP_PRIVATE|MAP_ANONYMOUS, -1, 0) = 0xb7ee9000
9022  14:43:36.937092 read(6, "#\n# /etc/pam.d/common-password - password-related modules common to all services\n#\n# This file is included from other service-specific PAM config files,\n# and should contain a list of modules that define the services to be\n# used to change user passwords.  The default is pam_unix.\n\n# Explanation of pam_unix options:\n#\n# The \"nullok\" option allows users to change an empty password, else\n# empty passwords are treated as locked accounts.\n#\n# The \"md5\" option enables MD5 passwords.  Without this option, the\n# default is Unix crypt.\n#\n# The \"obscure\" option replaces the old `OBSCURE_CHECKS_ENAB\' option in\n# login.defs.\n#\n# You can also use the \"min\" option to enforce the length of the new\n# password.\n#\n# See the pam_unix manpage for other options.\n\npassword   requisite   pam_unix.so nullok obscure md5\n\n# Alternate strength checking for password. Note that this\n# requires the libpam-cracklib package to be installed.\n# You will need to comment out the password line above and\n# uncomment the next two in order to use this.\n# (Replaces the `OBSCURE_CHECKS_ENAB\', `CRACKLIB_DICTPATH\')\n#\n# password required\t  pam_cracklib.so retry=3 minlen=6 difok=3\n# password required\t  pam_unix.so use_authtok nullok md5\n\n# minimally-intrusive inclusion of smbpass in the stack for\n# synchronization.  If the module is absent or the passwords don\'t\n# match, this module will be ignored without prompting; and if the \n# passwords do match, the NTLM hash for the user will be updated\n# automatically.\n# password   optional   pam_smbpass.so nullok use_authtok use_first_pass\n", 4096) = 1563
9022  14:43:36.937304 read(6, "", 4096) = 0
9022  14:43:36.937323 close(6)          = 0
9022  14:43:36.937339 munmap(0xb7ee9000, 4096) = 0
9022  14:43:36.937358 stat64("/etc/pam.d", {st_mode=S_IFDIR|0755, st_size=4096, ...}) = 0
9022  14:43:36.937389 open("/etc/pam.d/common-session", O_RDONLY|O_LARGEFILE) = 6
9022  14:43:36.937411 fstat64(6, {st_mode=S_IFREG|0644, st_size=372, ...}) = 0
9022  14:43:36.937438 mmap2(NULL, 4096, PROT_READ|PROT_WRITE, MAP_PRIVATE|MAP_ANONYMOUS, -1, 0) = 0xb7ee9000
9022  14:43:36.937456 read(6, "#\n# /etc/pam.d/common-session - session-related modules common to all services\n#\n# This file is included from other service-specific PAM config files,\n# and should contain a list of modules that define tasks to be performed\n# at the start and end of sessions of *any* kind (both interactive and\n# non-interactive).  The default is pam_unix.\n#\nsession\trequired\tpam_unix.so\n", 4096) = 372
9022  14:43:36.937521 read(6, "", 4096) = 0
9022  14:43:36.937537 close(6)          = 0
9022  14:43:36.937553 munmap(0xb7ee9000, 4096) = 0
9022  14:43:36.937570 read(5, "", 4096) = 0
9022  14:43:36.937586 close(5)          = 0
9022  14:43:36.937602 munmap(0xb7eef000, 4096) = 0
9022  14:43:36.937623 time(NULL)        = 1495651416
9022  14:43:36.937643 lstat64("/etc/ftpusers", {st_mode=S_IFREG|0644, st_size=132, ...}) = 0
9022  14:43:36.937674 open("/etc/ftpusers", O_RDONLY|O_LARGEFILE) = 5
9022  14:43:36.937699 fstat64(5, {st_mode=S_IFREG|0644, st_size=132, ...}) = 0
9022  14:43:36.937726 mmap2(NULL, 4096, PROT_READ|PROT_WRITE, MAP_PRIVATE|MAP_ANONYMOUS, -1, 0) = 0xb7eef000
9022  14:43:36.937744 read(5, "# /etc/ftpusers: list of users disallowed FTP access. See ftpusers(5).\n\nroot\ndaemon\nbin\nsys\nsync\ngames\nman\nlp\nmail\nnews\nuucp\nnobody\n", 4096) = 132
9022  14:43:36.937779 read(5, "", 4096) = 0
9022  14:43:36.937795 close(5)          = 0
9022  14:43:36.937811 munmap(0xb7eef000, 4096) = 0
9022  14:43:36.937836 getuid32()        = 0
9022  14:43:36.937864 open("/etc/passwd", O_RDONLY|0x80000 /* O_??? */) = 5
9022  14:43:36.937888 _llseek(5, 0, [0], SEEK_CUR) = 0
9022  14:43:36.937907 fstat64(5, {st_mode=S_IFREG|0644, st_size=1624, ...}) = 0
9022  14:43:36.937934 mmap2(NULL, 1624, PROT_READ, MAP_SHARED, 5, 0) = 0xb7eef000
9022  14:43:36.937952 _llseek(5, 1624, [1624], SEEK_SET) = 0
9022  14:43:36.937984 munmap(0xb7eef000, 1624) = 0
9022  14:43:36.938003 close(5)          = 0
9022  14:43:36.938044 open("/etc/shadow", O_RDONLY|0x80000 /* O_??? */) = 5
9022  14:43:36.938073 _llseek(5, 0, [0], SEEK_CUR) = 0
9022  14:43:36.938091 fstat64(5, {st_mode=S_IFREG|0640, st_size=1233, ...}) = 0
9022  14:43:36.938133 mmap2(NULL, 1233, PROT_READ, MAP_SHARED, 5, 0) = 0xb7eef000
9022  14:43:36.938153 _llseek(5, 1233, [1233], SEEK_SET) = 0
9022  14:43:36.938188 munmap(0xb7eef000, 1233) = 0
9022  14:43:36.938205 close(5)          = 0
9022  14:43:36.938237 open("/etc/passwd", O_RDONLY|0x80000 /* O_??? */) = 5
9022  14:43:36.938260 _llseek(5, 0, [0], SEEK_CUR) = 0
9022  14:43:36.938277 fstat64(5, {st_mode=S_IFREG|0644, st_size=1624, ...}) = 0
9022  14:43:36.938304 mmap2(NULL, 1624, PROT_READ, MAP_SHARED, 5, 0) = 0xb7eef000
9022  14:43:36.938322 _llseek(5, 1624, [1624], SEEK_SET) = 0
9022  14:43:36.938349 munmap(0xb7eef000, 1624) = 0
9022  14:43:36.938365 close(5)          = 0
9022  14:43:36.938386 open("/etc/shadow", O_RDONLY|0x80000 /* O_??? */) = 5
9022  14:43:36.938408 _llseek(5, 0, [0], SEEK_CUR) = 0
9022  14:43:36.938425 fstat64(5, {st_mode=S_IFREG|0640, st_size=1233, ...}) = 0
9022  14:43:36.938451 mmap2(NULL, 1233, PROT_READ, MAP_SHARED, 5, 0) = 0xb7eef000
9022  14:43:36.938469 _llseek(5, 1233, [1233], SEEK_SET) = 0
9022  14:43:36.938497 munmap(0xb7eef000, 1233) = 0
9022  14:43:36.938513 close(5)          = 0
9022  14:43:36.938900 getuid32()        = 0
9022  14:43:36.938918 open("/etc/passwd", O_RDONLY|0x80000 /* O_??? */) = 5
9022  14:43:36.938939 _llseek(5, 0, [0], SEEK_CUR) = 0
9022  14:43:36.938956 fstat64(5, {st_mode=S_IFREG|0644, st_size=1624, ...}) = 0
9022  14:43:36.938983 mmap2(NULL, 1624, PROT_READ, MAP_SHARED, 5, 0) = 0xb7eef000
9022  14:43:36.939001 _llseek(5, 1624, [1624], SEEK_SET) = 0
9022  14:43:36.939027 munmap(0xb7eef000, 1624) = 0
9022  14:43:36.939043 close(5)          = 0
9022  14:43:36.939074 open("/etc/shadow", O_RDONLY|0x80000 /* O_??? */) = 5
9022  14:43:36.939102 _llseek(5, 0, [0], SEEK_CUR) = 0
9022  14:43:36.939120 fstat64(5, {st_mode=S_IFREG|0640, st_size=1233, ...}) = 0
9022  14:43:36.939147 mmap2(NULL, 1233, PROT_READ, MAP_SHARED, 5, 0) = 0xb7eef000
9022  14:43:36.939165 _llseek(5, 1233, [1233], SEEK_SET) = 0
9022  14:43:36.939193 munmap(0xb7eef000, 1233) = 0
9022  14:43:36.939210 close(5)          = 0
9022  14:43:36.939230 time(NULL)        = 1495651416
9022  14:43:36.939255 munmap(0xb7eec000, 12164) = 0
9022  14:43:36.939278 munmap(0xb7eea000, 7136) = 0
9022  14:43:36.939301 munmap(0xb7d1f000, 95428) = 0
9022  14:43:36.939319 munmap(0xb7ce5000, 201052) = 0
9022  14:43:36.939337 munmap(0xb7ccc000, 101180) = 0
9022  14:43:36.939364 gettimeofday({1495651416, 939371}, NULL) = 0
9022  14:43:36.939384 stat64("/usr/share/zoneinfo/UTC+04:00", 0xbf927a94) = -1 ENOENT (No such file or directory)
9022  14:43:36.939409 open("/usr/share/zoneinfo/UTC+04:00", O_RDONLY) = -1 ENOENT (No such file or directory)
9022  14:43:36.939451 fcntl64(3, F_SETLKW64, {type=F_WRLCK, whence=SEEK_SET, start=0, len=0}, 0xbf927be4) = 0
9022  14:43:36.939479 write(3, "Wed May 24 14:43:36 2017 [pid 9022] [msfadmin] OK LOGIN: Client \"127.0.0.1\"\n", 76) = 76
9022  14:43:36.939513 fcntl64(3, F_SETLK64, {type=F_UNLCK, whence=SEEK_SET, start=0, len=0}, 0xbf927bec) = 0
9022  14:43:36.939535 rt_sigaction(SIGCHLD, {0x805cad0, ~[RTMIN RT_1], 0}, NULL, 8) = 0
9022  14:43:36.939559 write(4, "\1", 1 <unfinished ...>
9023  14:43:36.939575 <... read resumed> "\1", 1) = 1
9022  14:43:36.939584 <... write resumed> ) = 1
9023  14:43:36.939596 exit_group(0)     = ?
9022  14:43:36.939647 --- SIGCHLD (Child exited) @ 0 (0) ---
9022  14:43:36.939659 sigreturn()       = ? (mask now [])
9022  14:43:36.939691 wait4(-1, [{WIFEXITED(s) && WEXITSTATUS(s) == 0}], 0, NULL) = 9023
9022  14:43:36.939712 close(4)          = 0
9022  14:43:36.939732 socketpair(PF_FILE, SOCK_STREAM, 0, [4, 5]) = 0
9022  14:43:36.939756 rt_sigaction(SIGCHLD, {0x805cad0, ~[RTMIN RT_1], 0}, NULL, 8) = 0
9022  14:43:36.939779 rt_sigaction(SIGALRM, {0x805cb10, ~[RTMIN RT_1], 0}, NULL, 8) = 0
9022  14:43:36.939802 clone(child_stack=0, flags=CLONE_CHILD_CLEARTID|CLONE_CHILD_SETTID|SIGCHLD, child_tidptr=0xb7d556f8) = 9024
9024  14:43:36.939884 prctl(0x1, 0x9, 0, 0, 0) = 0
9024  14:43:36.939907 close(4)          = 0
9024  14:43:36.939951 open("/etc/passwd", O_RDONLY|0x80000 /* O_??? */) = 4
9024  14:43:36.939979 _llseek(4, 0, [0], SEEK_CUR) = 0
9024  14:43:36.940005 fstat64(4, {st_mode=S_IFREG|0644, st_size=1624, ...}) = 0
9024  14:43:36.940052 mmap2(NULL, 1624, PROT_READ, MAP_SHARED, 4, 0) = 0xb7eef000
9024  14:43:36.940077 _llseek(4, 1624, [1624], SEEK_SET) = 0
9024  14:43:36.940116 munmap(0xb7eef000, 1624) = 0
9024  14:43:36.940136 close(4)          = 0
9024  14:43:36.940158 getuid32()        = 0
9024  14:43:36.940175 open("/etc/passwd", O_RDONLY|0x80000 /* O_??? */) = 4
9024  14:43:36.940197 _llseek(4, 0, [0], SEEK_CUR) = 0
9024  14:43:36.940214 fstat64(4, {st_mode=S_IFREG|0644, st_size=1624, ...}) = 0
9024  14:43:36.940242 mmap2(NULL, 1624, PROT_READ, MAP_SHARED, 4, 0) = 0xb7eef000
9024  14:43:36.940260 _llseek(4, 1624, [1624], SEEK_SET) = 0
9024  14:43:36.940286 munmap(0xb7eef000, 1624) = 0
9024  14:43:36.940303 close(4)          = 0
9024  14:43:36.940346 open("/proc/sys/kernel/ngroups_max", O_RDONLY) = 4
9024  14:43:36.940380 read(4, "65536\n", 31) = 6
9024  14:43:36.940401 close(4)          = 0
9024  14:43:36.940424 socket(PF_FILE, SOCK_STREAM, 0) = 4
9024  14:43:36.940444 fcntl64(4, F_SETFL, O_RDWR|O_NONBLOCK) = 0
9024  14:43:36.940462 connect(4, {sa_family=AF_FILE, path="/var/run/nscd/socket"}, 110) = -1 ENOENT (No such file or directory)
9024  14:43:36.940498 close(4)          = 0
9024  14:43:36.940517 socket(PF_FILE, SOCK_STREAM, 0) = 4
9024  14:43:36.940534 fcntl64(4, F_SETFL, O_RDWR|O_NONBLOCK) = 0
9024  14:43:36.940552 connect(4, {sa_family=AF_FILE, path="/var/run/nscd/socket"}, 110) = -1 ENOENT (No such file or directory)
9024  14:43:36.940582 close(4)          = 0
9024  14:43:36.940622 open("/etc/group", O_RDONLY|0x80000 /* O_??? */) = 4
9024  14:43:36.940646 _llseek(4, 0, [0], SEEK_CUR) = 0
9024  14:43:36.940664 fstat64(4, {st_mode=S_IFREG|0644, st_size=886, ...}) = 0
9024  14:43:36.940691 mmap2(NULL, 886, PROT_READ, MAP_SHARED, 4, 0) = 0xb7eef000
9024  14:43:36.940710 _llseek(4, 886, [886], SEEK_SET) = 0
9024  14:43:36.940750 fstat64(4, {st_mode=S_IFREG|0644, st_size=886, ...}) = 0
9024  14:43:36.940779 munmap(0xb7eef000, 886) = 0
9024  14:43:36.940796 close(4)          = 0
9024  14:43:36.940813 setgroups32(13, [1000, 4, 20, 24, 25, 29, 30, 44, 46, 107, 111, 112, 119]) = 0
9024  14:43:36.940840 geteuid32()       = 0
9024  14:43:36.940858 getegid32()       = 0
9024  14:43:36.940876 setregid32(-1, 1000) = 0
9024  14:43:36.940894 setreuid32(-1, 1000) = 0
9024  14:43:36.940911 chdir("/home/msfadmin") = 0
9024  14:43:36.940931 setreuid32(-1, 0) = 0
9024  14:43:36.940946 setregid32(-1, 0) = 0
9024  14:43:36.940964 setgid32(1000)    = 0
9024  14:43:36.940981 setuid32(1000)    = 0
9024  14:43:36.940998 setrlimit(RLIMIT_NPROC, {rlim_cur=0, rlim_max=0}) = 0
9024  14:43:36.941036 mmap2(NULL, 12288, PROT_READ|PROT_WRITE, MAP_PRIVATE|MAP_ANONYMOUS, -1, 0) = 0xb7eed000
9024  14:43:36.941056 mprotect(0xb7eef000, 4096, PROT_NONE) = 0
9024  14:43:36.941082 mprotect(0xb7eed000, 4096, PROT_NONE) = 0
9024  14:43:36.941101 getcwd("/home/msfadmin", 4096) = 15
9024  14:43:36.941124 umask(022)        = 077
9024  14:43:36.941141 getcwd("/home/msfadmin", 4096) = 15
9024  14:43:36.941163 open(".message", O_RDONLY|O_NONBLOCK|O_LARGEFILE) = -1 ENOENT (No such file or directory)
9024  14:43:36.941201 write(0, "230 Login successful.\r\n", 23) = 23
9024  14:43:36.941336 rt_sigaction(SIGALRM, {0x805cad0, ~[RTMIN RT_1], 0}, NULL, 8) = 0
9024  14:43:36.941364 alarm(300)        = 0
9024  14:43:36.941383 mmap2(NULL, 12288, PROT_READ|PROT_WRITE, MAP_PRIVATE|MAP_ANONYMOUS, -1, 0) = 0xb7eea000
9024  14:43:36.941402 mprotect(0xb7eec000, 4096, PROT_NONE) = 0
9024  14:43:36.941420 mprotect(0xb7eea000, 4096, PROT_NONE) = 0
9024  14:43:36.941442 recv(0, "TYPE I\r\n", 4096, MSG_PEEK) = 8
9024  14:43:36.941464 read(0, "TYPE I\r\n", 8) = 8
9024  14:43:36.941492 write(0, "200 Switching to Binary mode.\r\n", 31) = 31
9024  14:43:36.941557 rt_sigaction(SIGALRM, {0x805cad0, ~[RTMIN RT_1], 0}, NULL, 8) = 0
9024  14:43:36.941581 alarm(300)        = 300
9024  14:43:36.941600 recv(0, "PASV\r\n", 4096, MSG_PEEK) = 6
9024  14:43:36.941619 read(0, "PASV\r\n", 6) = 6
9024  14:43:36.941639 write(5, "\n", 1) = 1
9024  14:43:36.941658 read(5,  <unfinished ...>
9022  14:43:36.941678 close(5)          = 0
9022  14:43:36.941699 getuid32()        = 0
9022  14:43:36.941724 open("/etc/passwd", O_RDONLY|0x80000 /* O_??? */) = 5
9022  14:43:36.941749 _llseek(5, 0, [0], SEEK_CUR) = 0
9022  14:43:36.941769 fstat64(5, {st_mode=S_IFREG|0644, st_size=1624, ...}) = 0
9022  14:43:36.941799 mmap2(NULL, 1624, PROT_READ, MAP_SHARED, 5, 0) = 0xb7eef000
9022  14:43:36.941818 _llseek(5, 1624, [1624], SEEK_SET) = 0
9022  14:43:36.941847 munmap(0xb7eef000, 1624) = 0
9022  14:43:36.941867 close(5)          = 0
9022  14:43:36.941893 setgroups32(0, []) = 0
9022  14:43:36.941913 chdir("/usr/share/empty") = 0
9022  14:43:36.941933 chroot(".")       = 0
9022  14:43:36.941951 capset(NULL, NULL) = -1 EFAULT (Bad address)
9022  14:43:36.941986 prctl(0x8, 0, 0xbf927bc8, 0x80549a6, 0xbf927bb0) = 0
9022  14:43:36.942008 prctl(0x8, 0x1, 0xbf927bc8, 0x8054a49, 0xbf927bb0) = 0
9022  14:43:36.942025 setgid32(65534)   = 0
9022  14:43:36.942042 setuid32(65534)   = 0
9022  14:43:36.942059 capset(0x19980330, 0, {CAP_NET_BIND_SERVICE, CAP_NET_BIND_SERVICE, 0}) = 0
9022  14:43:36.942082 read(4, "\n", 1)  = 1
9022  14:43:36.942104 write(4, "\1", 1) = 1
9024  14:43:36.942123 <... read resumed> "\1", 1) = 1
9024  14:43:36.942136 write(5, "\f", 1) = 1
9024  14:43:36.942153 read(5,  <unfinished ...>
9022  14:43:36.942164 read(4, "\f", 1)  = 1
9022  14:43:36.942186 socket(PF_INET, SOCK_STREAM, IPPROTO_TCP) = 5
9022  14:43:36.942208 setsockopt(5, SOL_SOCKET, SO_REUSEADDR, [1], 4) = 0
9022  14:43:36.942228 gettimeofday({1495651416, 942234}, NULL) = 0
9022  14:43:36.942256 bind(5, {sa_family=AF_INET, sin_port=htons(51638), sin_addr=inet_addr("127.0.0.1")}, 16) = 0
9022  14:43:36.942282 listen(5, 1)      = 0
9022  14:43:36.942304 write(4, "\266\311\0\0", 4) = 4
9024  14:43:36.942323 <... read resumed> "\266\311\0\0", 4) = 4
9024  14:43:36.942346 write(0, "227 Entering Passive Mode (127,0,0,1,201,182).\r\n", 48) = 48
9024  14:43:36.943095 rt_sigaction(SIGALRM, {0x805cad0, ~[RTMIN RT_1], 0}, NULL, 8) = 0
9024  14:43:36.943125 alarm(300)        = 300
9024  14:43:36.943145 recv(0, "STOR myfile22\r\n", 4096, MSG_PEEK) = 15
9024  14:43:36.943166 read(0, "STOR myfile22\r\n", 15) = 15
9024  14:43:36.943192 write(5, "\v", 1) = 1
9024  14:43:36.943210 read(5,  <unfinished ...>
9022  14:43:36.943222 read(4, "\v", 1)  = 1
9022  14:43:36.943241 write(4, "\1\0\0\0", 4) = 4
9024  14:43:36.943258 <... read resumed> "\1\0\0\0", 4) = 4
9024  14:43:36.943273 gettimeofday({1495651416, 943279}, NULL) = 0
9024  14:43:36.943291 getcwd("/home/msfadmin", 4096) = 15
9024  14:43:36.943312 open("myfile22", O_WRONLY|O_CREAT|O_NONBLOCK|O_LARGEFILE, 0666) = 4
9024  14:43:36.943335 fstat64(4, {st_mode=S_IFREG|0644, st_size=17, ...}) = 0
9024  14:43:36.943370 fcntl64(4, F_GETFL) = 0x8801 (flags O_WRONLY|O_NONBLOCK|O_LARGEFILE)
9024  14:43:36.943389 fcntl64(4, F_SETFL, O_WRONLY|O_LARGEFILE) = 0
9024  14:43:36.943405 fcntl64(4, F_SETLKW64, {type=F_WRLCK, whence=SEEK_SET, start=0, len=0}, 0xbf927b14) = 0
9024  14:43:36.943431 ftruncate64(4, 0) = 0
9024  14:43:36.943481 _llseek(4, 0, [0], SEEK_SET) = 0
9024  14:43:36.943505 write(5, "\v", 1) = 1
9024  14:43:36.943523 read(5,  <unfinished ...>
9022  14:43:36.943536 read(4, "\v", 1)  = 1
9022  14:43:36.943555 write(4, "\1\0\0\0", 4) = 4
9024  14:43:36.943573 <... read resumed> "\1\0\0\0", 4) = 4
9024  14:43:36.943585 write(5, "\v", 1) = 1
9024  14:43:36.943602 read(5,  <unfinished ...>
9022  14:43:36.943613 read(4, "\v", 1)  = 1
9022  14:43:36.943631 write(4, "\1\0\0\0", 4) = 4
9024  14:43:36.943648 <... read resumed> "\1\0\0\0", 4) = 4
9024  14:43:36.943661 write(5, "\r", 1) = 1
9024  14:43:36.943678 read(5,  <unfinished ...>
9022  14:43:36.943689 read(4, "\r", 1)  = 1
9022  14:43:36.943710 select(6, [5], NULL, NULL, {60, 0}) = 1 (in [5], left {60, 0})
9022  14:43:36.943739 accept(5, {sa_family=AF_INET, sin_port=htons(51314), sin_addr=inet_addr("127.0.0.1")}, [16]) = 6
9022  14:43:36.943777 write(4, "\1", 1) = 1
9024  14:43:36.943795 <... read resumed> "\1", 1) = 1
9024  14:43:36.943811 recvmsg(5,  <unfinished ...>
9022  14:43:36.943827 sendmsg(4, {msg_name(0)=NULL, msg_iov(1)=[{"\0", 1}], msg_controllen=16, {cmsg_len=16, cmsg_level=SOL_SOCKET, cmsg_type=SCM_RIGHTS, {6}}, msg_flags=0}, 0) = 1
9024  14:43:36.943856 <... recvmsg resumed> {msg_name(0)=NULL, msg_iov(1)=[{"\0", 1}], msg_controllen=16, {cmsg_len=16, cmsg_level=SOL_SOCKET, cmsg_type=SCM_RIGHTS, {6}}, msg_flags=0}, 0) = 1
9024  14:43:36.943879 setsockopt(6, SOL_SOCKET, SO_KEEPALIVE, [1], 4) = 0
9024  14:43:36.943899 setsockopt(6, SOL_IP, IP_TOS, [8], 4) = 0
9024  14:43:36.943919 setsockopt(6, SOL_SOCKET, SO_LINGER, {onoff=1, linger=32767}, 8) = 0
9024  14:43:36.943937 rt_sigaction(SIGALRM, {0x805cad0, ~[RTMIN RT_1], 0}, NULL, 8) = 0
9024  14:43:36.943960 alarm(300)        = 300
9024  14:43:36.943981 write(0, "150 Ok to send data.\r\n", 22) = 22
9024  14:43:36.944084 mmap2(NULL, 77824, PROT_READ|PROT_WRITE, MAP_PRIVATE|MAP_ANONYMOUS, -1, 0) = 0xb7d24000
9024  14:43:36.944108 mprotect(0xb7d36000, 4096, PROT_NONE) = 0
9024  14:43:36.944127 mprotect(0xb7d24000, 4096, PROT_NONE) = 0
9024  14:43:36.944144 read(6, "assasaaa\na\na\na\na\n", 65536) = 17
9024  14:43:36.944167 write(4, "assasaaa\na\na\na\na\n", 17) = 17
9024  14:43:36.944193 read(6, "", 65536) = 0
9024  14:43:36.944210 rt_sigaction(SIGALRM, {0x805cad0, ~[RTMIN RT_1], 0}, NULL, 8) = 0
9024  14:43:36.944233 alarm(300)        = 300
9024  14:43:36.944249 close(6)          = 0
9024  14:43:36.944264 alarm(0)          = 300
9024  14:43:36.944280 gettimeofday({1495651416, 944286}, NULL) = 0
9024  14:43:36.944309 getpid()          = 9024
9024  14:43:36.944329 gettimeofday({1495651416, 944335}, NULL) = 0
9024  14:43:36.944358 fcntl64(3, F_SETLKW64, {type=F_WRLCK, whence=SEEK_SET, start=0, len=0}, 0xbf927ab4) = 0
9024  14:43:36.944383 write(3, "Wed May 24 14:43:36 2017 [pid 9024] [msfadmin] OK UPLOAD: Client \"127.0.0.1\", \"/home/msfadmin/myfile22\", 17 bytes, 15.72Kbyte/sec\n", 130) = 130
9024  14:43:36.944416 fcntl64(3, F_SETLK64, {type=F_UNLCK, whence=SEEK_SET, start=0, len=0}, 0xbf927abc) = 0
9024  14:43:36.944572 write(0, "226 Transfer complete.\r\n", 24) = 24
9024  14:43:36.944645 write(5, "\n", 1) = 1
9024  14:43:36.944665 read(5,  <unfinished ...>
9022  14:43:36.944677 close(6)          = 0
9022  14:43:36.944707 read(4, "\n", 1)  = 1
9022  14:43:36.944727 close(5)          = 0
9022  14:43:36.944745 write(4, "\1", 1) = 1
9024  14:43:36.944763 <... read resumed> "\1", 1) = 1
9024  14:43:36.944775 close(4)          = 0
9024  14:43:36.944793 rt_sigaction(SIGALRM, {0x805cad0, ~[RTMIN RT_1], 0}, NULL, 8) = 0
9024  14:43:36.944816 alarm(300)        = 0
9024  14:43:36.944835 recv(0,  <unfinished ...>
9022  14:43:36.944847 read(4,  <unfinished ...>
9024  14:43:37.488057 <... recv resumed> "TYPE I\r\n", 4096, MSG_PEEK) = 8
9024  14:43:37.488300 read(0, "TYPE I\r\n", 8) = 8
9024  14:43:37.488466 write(0, "200 Switching to Binary mode.\r\n", 31) = 31
9024  14:43:37.488745 rt_sigaction(SIGALRM, {0x805cad0, ~[RTMIN RT_1], 0}, NULL, 8) = 0
9024  14:43:37.488822 alarm(300)        = 299
9024  14:43:37.488878 recv(0, "PASV\r\n", 4096, MSG_PEEK) = 6
9024  14:43:37.488929 read(0, "PASV\r\n", 6) = 6
9024  14:43:37.488982 write(5, "\n", 1) = 1
9024  14:43:37.489034 read(5,  <unfinished ...>
9022  14:43:37.489067 <... read resumed> "\n", 1) = 1
9022  14:43:37.489104 write(4, "\1", 1) = 1
9024  14:43:37.489151 <... read resumed> "\1", 1) = 1
9024  14:43:37.489182 write(5, "\f", 1) = 1
9024  14:43:37.489227 read(5,  <unfinished ...>
9022  14:43:37.489257 read(4, "\f", 1)  = 1
9022  14:43:37.489310 socket(PF_INET, SOCK_STREAM, IPPROTO_TCP) = 5
9022  14:43:37.489371 setsockopt(5, SOL_SOCKET, SO_REUSEADDR, [1], 4) = 0
9022  14:43:37.489431 bind(5, {sa_family=AF_INET, sin_port=htons(24638), sin_addr=inet_addr("127.0.0.1")}, 16) = 0
9022  14:43:37.489541 listen(5, 1)      = 0
9022  14:43:37.489612 write(4, ">`\0\0", 4) = 4
9024  14:43:37.489661 <... read resumed> ">`\0\0", 4) = 4
9024  14:43:37.489713 write(0, "227 Entering Passive Mode (127,0,0,1,96,62).\r\n", 46) = 46
9024  14:43:37.490128 rt_sigaction(SIGALRM, {0x805cad0, ~[RTMIN RT_1], 0}, NULL, 8) = 0
9024  14:43:37.490202 alarm(300)        = 300
9024  14:43:37.490254 recv(0, "STOR myfile23\r\n", 4096, MSG_PEEK) = 15
9024  14:43:37.490307 read(0, "STOR myfile23\r\n", 15) = 15
9024  14:43:37.490367 write(5, "\v", 1) = 1
9024  14:43:37.490414 read(5,  <unfinished ...>
9022  14:43:37.490445 read(4, "\v", 1)  = 1
9022  14:43:37.490578 write(4, "\1\0\0\0", 4) = 4
9024  14:43:37.490633 <... read resumed> "\1\0\0\0", 4) = 4
9024  14:43:37.490668 gettimeofday({1495651417, 490684}, NULL) = 0
9024  14:43:37.490716 getcwd("/home/msfadmin", 4096) = 15
9024  14:43:37.490771 open("myfile23", O_WRONLY|O_CREAT|O_NONBLOCK|O_LARGEFILE, 0666) = 4
9024  14:43:37.490830 fstat64(4, {st_mode=S_IFREG|0644, st_size=17, ...}) = 0
9024  14:43:37.490980 fcntl64(4, F_GETFL) = 0x8801 (flags O_WRONLY|O_NONBLOCK|O_LARGEFILE)
9024  14:43:37.491034 fcntl64(4, F_SETFL, O_WRONLY|O_LARGEFILE) = 0
9024  14:43:37.491078 fcntl64(4, F_SETLKW64, {type=F_WRLCK, whence=SEEK_SET, start=0, len=0}, 0xbf927b14) = 0
9024  14:43:37.491138 ftruncate64(4, 0) = 0
9024  14:43:37.491209 _llseek(4, 0, [0], SEEK_SET) = 0
9024  14:43:37.491259 write(5, "\v", 1) = 1
9024  14:43:37.491306 read(5,  <unfinished ...>
9022  14:43:37.491338 read(4, "\v", 1)  = 1
9022  14:43:37.491388 write(4, "\1\0\0\0", 4) = 4
9024  14:43:37.491545 <... read resumed> "\1\0\0\0", 4) = 4
9024  14:43:37.491588 write(5, "\v", 1) = 1
9024  14:43:37.491634 read(5,  <unfinished ...>
9022  14:43:37.491664 read(4, "\v", 1)  = 1
9022  14:43:37.491713 write(4, "\1\0\0\0", 4) = 4
9024  14:43:37.491758 <... read resumed> "\1\0\0\0", 4) = 4
9024  14:43:37.491791 write(5, "\r", 1) = 1
9024  14:43:37.491835 read(5,  <unfinished ...>
9022  14:43:37.491864 read(4, "\r", 1)  = 1
9022  14:43:37.491915 select(6, [5], NULL, NULL, {60, 0}) = 1 (in [5], left {60, 0})
9022  14:43:37.492096 accept(5, {sa_family=AF_INET, sin_port=htons(38422), sin_addr=inet_addr("127.0.0.1")}, [16]) = 6
9022  14:43:37.492200 write(4, "\1", 1) = 1
9024  14:43:37.492249 <... read resumed> "\1", 1) = 1
9024  14:43:37.492288 recvmsg(5,  <unfinished ...>
9022  14:43:37.492325 sendmsg(4, {msg_name(0)=NULL, msg_iov(1)=[{"\0", 1}], msg_controllen=16, {cmsg_len=16, cmsg_level=SOL_SOCKET, cmsg_type=SCM_RIGHTS, {6}}, msg_flags=0}, 0) = 1
9024  14:43:37.492399 <... recvmsg resumed> {msg_name(0)=NULL, msg_iov(1)=[{"\0", 1}], msg_controllen=16, {cmsg_len=16, cmsg_level=SOL_SOCKET, cmsg_type=SCM_RIGHTS, {6}}, msg_flags=0}, 0) = 1
9024  14:43:37.492515 setsockopt(6, SOL_SOCKET, SO_KEEPALIVE, [1], 4) = 0
9024  14:43:37.492573 setsockopt(6, SOL_IP, IP_TOS, [8], 4) = 0
9024  14:43:37.492626 setsockopt(6, SOL_SOCKET, SO_LINGER, {onoff=1, linger=32767}, 8) = 0
9024  14:43:37.492676 rt_sigaction(SIGALRM, {0x805cad0, ~[RTMIN RT_1], 0}, NULL, 8) = 0
9024  14:43:37.492754 alarm(300)        = 300
9024  14:43:37.492813 write(0, "150 Ok to send data.\r\n", 22) = 22
9024  14:43:37.493295 read(6, "assasaaa\na\na\na\na\n", 65536) = 17
9024  14:43:37.493361 write(4, "assasaaa\na\na\na\na\n", 17) = 17
9024  14:43:37.493428 read(6, "", 65536) = 0
9024  14:43:37.493475 rt_sigaction(SIGALRM, {0x805cad0, ~[RTMIN RT_1], 0}, NULL, 8) = 0
9024  14:43:37.493597 alarm(300)        = 300
9024  14:43:37.493645 close(6)          = 0
9024  14:43:37.493686 alarm(0)          = 300
9024  14:43:37.493728 gettimeofday({1495651417, 493743}, NULL) = 0
9024  14:43:37.493793 gettimeofday({1495651417, 493811}, NULL) = 0
9024  14:43:37.493851 fcntl64(3, F_SETLKW64, {type=F_WRLCK, whence=SEEK_SET, start=0, len=0}, 0xbf927ab4) = 0
9024  14:43:37.493915 write(3, "Wed May 24 14:43:37 2017 [pid 9024] [msfadmin] OK UPLOAD: Client \"127.0.0.1\", \"/home/msfadmin/myfile23\", 17 bytes, 5.31Kbyte/sec\n", 129) = 129
9024  14:43:37.494005 fcntl64(3, F_SETLK64, {type=F_UNLCK, whence=SEEK_SET, start=0, len=0}, 0xbf927abc) = 0
9024  14:43:37.494119 write(0, "226 Transfer complete.\r\n", 24) = 24
9024  14:43:37.494302 write(5, "\n", 1) = 1
9024  14:43:37.494355 read(5,  <unfinished ...>
9022  14:43:37.494386 close(6)          = 0
9022  14:43:37.494464 read(4, "\n", 1)  = 1
9022  14:43:37.494564 close(5)          = 0
9022  14:43:37.494624 write(4, "\1", 1) = 1
9024  14:43:37.494675 <... read resumed> "\1", 1) = 1
9024  14:43:37.494707 close(4)          = 0
9024  14:43:37.494755 rt_sigaction(SIGALRM, {0x805cad0, ~[RTMIN RT_1], 0}, NULL, 8) = 0
9024  14:43:37.494814 alarm(300)        = 0
9024  14:43:37.494864 recv(0,  <unfinished ...>
9022  14:43:37.494898 read(4,  <unfinished ...>
9024  14:43:38.017436 <... recv resumed> "TYPE I\r\n", 4096, MSG_PEEK) = 8
9024  14:43:38.017533 read(0, "TYPE I\r\n", 8) = 8
9024  14:43:38.017618 write(0, "200 Switching to Binary mode.\r\n", 31) = 31
9024  14:43:38.017878 rt_sigaction(SIGALRM, {0x805cad0, ~[RTMIN RT_1], 0}, NULL, 8) = 0
9024  14:43:38.017955 alarm(300)        = 299
9024  14:43:38.018009 recv(0, "PASV\r\n", 4096, MSG_PEEK) = 6
9024  14:43:38.018062 read(0, "PASV\r\n", 6) = 6
9024  14:43:38.018117 write(5, "\n", 1) = 1
9024  14:43:38.018169 read(5,  <unfinished ...>
9022  14:43:38.018202 <... read resumed> "\n", 1) = 1
9022  14:43:38.018238 write(4, "\1", 1) = 1
9024  14:43:38.018285 <... read resumed> "\1", 1) = 1
9024  14:43:38.018317 write(5, "\f", 1) = 1
9024  14:43:38.018362 read(5,  <unfinished ...>
9022  14:43:38.018392 read(4, "\f", 1)  = 1
9022  14:43:38.018455 socket(PF_INET, SOCK_STREAM, IPPROTO_TCP) = 5
9022  14:43:38.018517 setsockopt(5, SOL_SOCKET, SO_REUSEADDR, [1], 4) = 0
9022  14:43:38.018577 bind(5, {sa_family=AF_INET, sin_port=htons(19313), sin_addr=inet_addr("127.0.0.1")}, 16) = 0
9022  14:43:38.018703 listen(5, 1)      = 0
9022  14:43:38.018775 write(4, "qK\0\0", 4) = 4
9024  14:43:38.018825 <... read resumed> "qK\0\0", 4) = 4
9024  14:43:38.018879 write(0, "227 Entering Passive Mode (127,0,0,1,75,113).\r\n", 47) = 47
9024  14:43:38.019295 rt_sigaction(SIGALRM, {0x805cad0, ~[RTMIN RT_1], 0}, NULL, 8) = 0
9024  14:43:38.019369 alarm(300)        = 300
9024  14:43:38.019421 recv(0, "STOR myfile24\r\n", 4096, MSG_PEEK) = 15
9024  14:43:38.019476 read(0, "STOR myfile24\r\n", 15) = 15
9024  14:43:38.019536 write(5, "\v", 1) = 1
9024  14:43:38.019583 read(5,  <unfinished ...>
9022  14:43:38.019770 read(4, "\v", 1)  = 1
9022  14:43:38.019839 write(4, "\1\0\0\0", 4) = 4
9024  14:43:38.019887 <... read resumed> "\1\0\0\0", 4) = 4
9024  14:43:38.019922 gettimeofday({1495651418, 19939}, NULL) = 0
9024  14:43:38.019971 getcwd("/home/msfadmin", 4096) = 15
9024  14:43:38.020027 open("myfile24", O_WRONLY|O_CREAT|O_NONBLOCK|O_LARGEFILE, 0666) = 4
9024  14:43:38.020086 fstat64(4, {st_mode=S_IFREG|0644, st_size=17, ...}) = 0
9024  14:43:38.020162 fcntl64(4, F_GETFL) = 0x8801 (flags O_WRONLY|O_NONBLOCK|O_LARGEFILE)
9024  14:43:38.020210 fcntl64(4, F_SETFL, O_WRONLY|O_LARGEFILE) = 0
9024  14:43:38.020254 fcntl64(4, F_SETLKW64, {type=F_WRLCK, whence=SEEK_SET, start=0, len=0}, 0xbf927b14) = 0
9024  14:43:38.020336 ftruncate64(4, 0) = 0
9024  14:43:38.020406 _llseek(4, 0, [0], SEEK_SET) = 0
9024  14:43:38.020455 write(5, "\v", 1) = 1
9024  14:43:38.020501 read(5,  <unfinished ...>
9022  14:43:38.020533 read(4, "\v", 1)  = 1
9022  14:43:38.020583 write(4, "\1\0\0\0", 4) = 4
9024  14:43:38.020630 <... read resumed> "\1\0\0\0", 4) = 4
9024  14:43:38.020663 write(5, "\v", 1) = 1
9024  14:43:38.020778 read(5,  <unfinished ...>
9022  14:43:38.020815 read(4, "\v", 1)  = 1
9022  14:43:38.020866 write(4, "\1\0\0\0", 4) = 4
9024  14:43:38.020912 <... read resumed> "\1\0\0\0", 4) = 4
9024  14:43:38.020945 write(5, "\r", 1) = 1
9024  14:43:38.020988 read(5,  <unfinished ...>
9022  14:43:38.021018 read(4, "\r", 1)  = 1
9022  14:43:38.021069 select(6, [5], NULL, NULL, {60, 0}) = 1 (in [5], left {60, 0})
9022  14:43:38.021139 accept(5, {sa_family=AF_INET, sin_port=htons(40560), sin_addr=inet_addr("127.0.0.1")}, [16]) = 6
9022  14:43:38.021238 write(4, "\1", 1) = 1
9024  14:43:38.021284 <... read resumed> "\1", 1) = 1
9024  14:43:38.021321 recvmsg(5,  <unfinished ...>
9022  14:43:38.021359 sendmsg(4, {msg_name(0)=NULL, msg_iov(1)=[{"\0", 1}], msg_controllen=16, {cmsg_len=16, cmsg_level=SOL_SOCKET, cmsg_type=SCM_RIGHTS, {6}}, msg_flags=0}, 0) = 1
9024  14:43:38.021433 <... recvmsg resumed> {msg_name(0)=NULL, msg_iov(1)=[{"\0", 1}], msg_controllen=16, {cmsg_len=16, cmsg_level=SOL_SOCKET, cmsg_type=SCM_RIGHTS, {6}}, msg_flags=0}, 0) = 1
9024  14:43:38.021492 setsockopt(6, SOL_SOCKET, SO_KEEPALIVE, [1], 4) = 0
9024  14:43:38.021546 setsockopt(6, SOL_IP, IP_TOS, [8], 4) = 0
9024  14:43:38.021598 setsockopt(6, SOL_SOCKET, SO_LINGER, {onoff=1, linger=32767}, 8) = 0
9024  14:43:38.021649 rt_sigaction(SIGALRM, {0x805cad0, ~[RTMIN RT_1], 0}, NULL, 8) = 0
9024  14:43:38.021789 alarm(300)        = 300
9024  14:43:38.021876 write(0, "150 Ok to send data.\r\n", 22) = 22
9024  14:43:38.022166 read(6, "assasaaa\na\na\na\na\n", 65536) = 17
9024  14:43:38.022173 write(4, "assasaaa\na\na\na\na\n", 17) = 17
9024  14:43:38.022182 read(6, "", 65536) = 0
9024  14:43:38.022234 rt_sigaction(SIGALRM, {0x805cad0, ~[RTMIN RT_1], 0}, NULL, 8) = 0
9024  14:43:38.022297 alarm(300)        = 300
9024  14:43:38.022394 close(6)          = 0
9024  14:43:38.022435 alarm(0)          = 300
9024  14:43:38.022476 gettimeofday({1495651418, 22492}, NULL) = 0
9024  14:43:38.022541 gettimeofday({1495651418, 22558}, NULL) = 0
9024  14:43:38.022598 fcntl64(3, F_SETLKW64, {type=F_WRLCK, whence=SEEK_SET, start=0, len=0}, 0xbf927ab4) = 0
9024  14:43:38.022662 write(3, "Wed May 24 14:43:38 2017 [pid 9024] [msfadmin] OK UPLOAD: Client \"127.0.0.1\", \"/home/msfadmin/myfile24\", 17 bytes, 6.34Kbyte/sec\n", 129) = 129
9024  14:43:38.022752 fcntl64(3, F_SETLK64, {type=F_UNLCK, whence=SEEK_SET, start=0, len=0}, 0xbf927abc) = 0
9024  14:43:38.022818 write(0, "226 Transfer complete.\r\n", 24) = 24
9024  14:43:38.023009 write(5, "\n", 1) = 1
9024  14:43:38.023062 read(5,  <unfinished ...>
9022  14:43:38.023095 close(6)          = 0
9022  14:43:38.023175 read(4, "\n", 1)  = 1
9022  14:43:38.023228 close(5)          = 0
9022  14:43:38.023322 write(4, "\1", 1) = 1
9024  14:43:38.023388 <... read resumed> "\1", 1) = 1
9024  14:43:38.023421 close(4)          = 0
9024  14:43:38.023470 rt_sigaction(SIGALRM, {0x805cad0, ~[RTMIN RT_1], 0}, NULL, 8) = 0
9024  14:43:38.023528 alarm(300)        = 0
9024  14:43:38.023578 recv(0,  <unfinished ...>
9022  14:43:38.023612 read(4,  <unfinished ...>
9024  14:43:38.547601 <... recv resumed> "TYPE I\r\n", 4096, MSG_PEEK) = 8
9024  14:43:38.547853 read(0, "TYPE I\r\n", 8) = 8
9024  14:43:38.548098 write(0, "200 Switching to Binary mode.\r\n", 31) = 31
9024  14:43:38.548484 rt_sigaction(SIGALRM, {0x805cad0, ~[RTMIN RT_1], 0}, NULL, 8) = 0
9024  14:43:38.548604 alarm(300)        = 299
9024  14:43:38.548666 recv(0, "PASV\r\n", 4096, MSG_PEEK) = 6
9024  14:43:38.548718 read(0, "PASV\r\n", 6) = 6
9024  14:43:38.548772 write(5, "\n", 1 <unfinished ...>
9022  14:43:38.548815 <... read resumed> "\n", 1) = 1
9024  14:43:38.548838 <... write resumed> ) = 1
9022  14:43:38.548894 write(4, "\1", 1) = 1
9022  14:43:38.548944 read(4,  <unfinished ...>
9024  14:43:38.548976 read(5, "\1", 1)  = 1
9024  14:43:38.549027 write(5, "\f", 1 <unfinished ...>
9022  14:43:38.549059 <... read resumed> "\f", 1) = 1
9024  14:43:38.549080 <... write resumed> ) = 1
9022  14:43:38.549112 socket(PF_INET, SOCK_STREAM, IPPROTO_TCP) = 5
9022  14:43:38.549222 setsockopt(5, SOL_SOCKET, SO_REUSEADDR, [1], 4) = 0
9022  14:43:38.549287 bind(5, {sa_family=AF_INET, sin_port=htons(5064), sin_addr=inet_addr("127.0.0.1")}, 16) = 0
9022  14:43:38.549352 listen(5, 1)      = 0
9022  14:43:38.549409 write(4, "\310\23\0\0", 4) = 4
9022  14:43:38.549460 read(4,  <unfinished ...>
9024  14:43:38.549491 read(5, "\310\23\0\0", 4) = 4
9024  14:43:38.549586 write(0, "227 Entering Passive Mode (127,0,0,1,19,200).\r\n", 47) = 47
9024  14:43:38.550035 rt_sigaction(SIGALRM, {0x805cad0, ~[RTMIN RT_1], 0}, NULL, 8) = 0
9024  14:43:38.550110 alarm(300)        = 300
9024  14:43:38.550208 recv(0, "STOR myfile25\r\n", 4096, MSG_PEEK) = 15
9024  14:43:38.550276 read(0, "STOR myfile25\r\n", 15) = 15
9024  14:43:38.550337 write(5, "\v", 1 <unfinished ...>
9022  14:43:38.550374 <... read resumed> "\v", 1) = 1
9024  14:43:38.550396 <... write resumed> ) = 1
9022  14:43:38.550424 write(4, "\1\0\0\0", 4) = 4
9022  14:43:38.550472 read(4,  <unfinished ...>
9024  14:43:38.550503 read(5, "\1\0\0\0", 4) = 4
9024  14:43:38.550553 gettimeofday({1495651418, 550570}, NULL) = 0
9024  14:43:38.550601 getcwd("/home/msfadmin", 4096) = 15
9024  14:43:38.550657 open("myfile25", O_WRONLY|O_CREAT|O_NONBLOCK|O_LARGEFILE, 0666) = 4
9024  14:43:38.550716 fstat64(4, {st_mode=S_IFREG|0644, st_size=17, ...}) = 0
9024  14:43:38.550791 fcntl64(4, F_GETFL) = 0x8801 (flags O_WRONLY|O_NONBLOCK|O_LARGEFILE)
9024  14:43:38.550843 fcntl64(4, F_SETFL, O_WRONLY|O_LARGEFILE) = 0
9024  14:43:38.550887 fcntl64(4, F_SETLKW64, {type=F_WRLCK, whence=SEEK_SET, start=0, len=0}, 0xbf927b14) = 0
9024  14:43:38.550946 ftruncate64(4, 0) = 0
9024  14:43:38.551018 _llseek(4, 0, [0], SEEK_SET) = 0
9024  14:43:38.551066 write(5, "\v", 1 <unfinished ...>
9022  14:43:38.551101 <... read resumed> "\v", 1) = 1
9024  14:43:38.551204 <... write resumed> ) = 1
9022  14:43:38.551238 write(4, "\1\0\0\0", 4) = 4
9022  14:43:38.551288 read(4,  <unfinished ...>
9024  14:43:38.551320 read(5, "\1\0\0\0", 4) = 4
9024  14:43:38.551371 write(5, "\v", 1 <unfinished ...>
9022  14:43:38.551402 <... read resumed> "\v", 1) = 1
9024  14:43:38.551423 <... write resumed> ) = 1
9022  14:43:38.551450 write(4, "\1\0\0\0", 4) = 4
9022  14:43:38.551496 read(4,  <unfinished ...>
9024  14:43:38.551525 read(5, "\1\0\0\0", 4) = 4
9024  14:43:38.551575 write(5, "\r", 1 <unfinished ...>
9022  14:43:38.551607 <... read resumed> "\r", 1) = 1
9024  14:43:38.551628 <... write resumed> ) = 1
9022  14:43:38.551658 select(6, [5], NULL, NULL, {60, 0}) = 1 (in [5], left {60, 0})
9022  14:43:38.551729 accept(5, {sa_family=AF_INET, sin_port=htons(48430), sin_addr=inet_addr("127.0.0.1")}, [16]) = 6
9022  14:43:38.551907 write(4, "\1", 1) = 1
9022  14:43:38.551980 sendmsg(4, {msg_name(0)=NULL, msg_iov(1)=[{"\0", 1}], msg_controllen=16, {cmsg_len=16, cmsg_level=SOL_SOCKET, cmsg_type=SCM_RIGHTS, {6}}, msg_flags=0}, 0) = 1
9022  14:43:38.552097 close(6)          = 0
9022  14:43:38.552146 read(4,  <unfinished ...>
9024  14:43:38.552178 read(5, "\1", 1)  = 1
9024  14:43:38.552236 recvmsg(5, {msg_name(0)=NULL, msg_iov(1)=[{"\0", 1}], msg_controllen=16, {cmsg_len=16, cmsg_level=SOL_SOCKET, cmsg_type=SCM_RIGHTS, {6}}, msg_flags=0}, 0) = 1
9024  14:43:38.552317 setsockopt(6, SOL_SOCKET, SO_KEEPALIVE, [1], 4) = 0
9024  14:43:38.552371 setsockopt(6, SOL_IP, IP_TOS, [8], 4) = 0
9024  14:43:38.552423 setsockopt(6, SOL_SOCKET, SO_LINGER, {onoff=1, linger=32767}, 8) = 0
9024  14:43:38.552472 rt_sigaction(SIGALRM, {0x805cad0, ~[RTMIN RT_1], 0}, NULL, 8) = 0
9024  14:43:38.552530 alarm(300)        = 300
9024  14:43:38.552588 write(0, "150 Ok to send data.\r\n", 22) = 22
9024  14:43:38.552857 read(6, "assasaaa\na\na\na\na\n", 65536) = 17
9024  14:43:38.552940 write(4, "assasaaa\na\na\na\na\n", 17) = 17
9024  14:43:38.553004 read(6, "", 65536) = 0
9024  14:43:38.553112 rt_sigaction(SIGALRM, {0x805cad0, ~[RTMIN RT_1], 0}, NULL, 8) = 0
9024  14:43:38.553176 alarm(300)        = 300
9024  14:43:38.553220 close(6)          = 0
9024  14:43:38.553298 alarm(0)          = 300
9024  14:43:38.553342 gettimeofday({1495651418, 553358}, NULL) = 0
9024  14:43:38.553406 gettimeofday({1495651418, 553423}, NULL) = 0
9024  14:43:38.553463 fcntl64(3, F_SETLKW64, {type=F_WRLCK, whence=SEEK_SET, start=0, len=0}, 0xbf927ab4) = 0
9024  14:43:38.553526 write(3, "Wed May 24 14:43:38 2017 [pid 9024] [msfadmin] OK UPLOAD: Client \"127.0.0.1\", \"/home/msfadmin/myfile25\", 17 bytes, 5.82Kbyte/sec\n", 129) = 129
9024  14:43:38.553616 fcntl64(3, F_SETLK64, {type=F_UNLCK, whence=SEEK_SET, start=0, len=0}, 0xbf927abc) = 0
9024  14:43:38.553680 write(0, "226 Transfer complete.\r\n", 24) = 24
9024  14:43:38.553853 write(5, "\n", 1 <unfinished ...>
9022  14:43:38.553895 <... read resumed> "\n", 1) = 1
9024  14:43:38.553918 <... write resumed> ) = 1
9022  14:43:38.553945 close(5)          = 0
9022  14:43:38.554048 write(4, "\1", 1) = 1
9022  14:43:38.554112 read(4,  <unfinished ...>
9024  14:43:38.554144 read(5, "\1", 1)  = 1
9024  14:43:38.554194 close(4)          = 0
9024  14:43:38.554243 rt_sigaction(SIGALRM, {0x805cad0, ~[RTMIN RT_1], 0}, NULL, 8) = 0
9024  14:43:38.554302 alarm(300)        = 0
9024  14:43:38.554351 recv(0, "TYPE I\r\n", 4096, MSG_PEEK) = 8
9024  14:43:39.087413 read(0, "TYPE I\r\n", 8) = 8
9024  14:43:39.087592 write(0, "200 Switching to Binary mode.\r\n", 31) = 31
9024  14:43:39.087948 rt_sigaction(SIGALRM, {0x805cad0, ~[RTMIN RT_1], 0}, NULL, 8) = 0
9024  14:43:39.088036 alarm(300)        = 299
9024  14:43:39.088091 recv(0, "PASV\r\n", 4096, MSG_PEEK) = 6
9024  14:43:39.088145 read(0, "PASV\r\n", 6) = 6
9024  14:43:39.088200 write(5, "\n", 1 <unfinished ...>
9022  14:43:39.088243 <... read resumed> "\n", 1) = 1
9024  14:43:39.088266 <... write resumed> ) = 1
9022  14:43:39.088303 write(4, "\1", 1) = 1
9022  14:43:39.088377 read(4,  <unfinished ...>
9024  14:43:39.088429 read(5, "\1", 1)  = 1
9024  14:43:39.088516 write(5, "\f", 1 <unfinished ...>
9022  14:43:39.088573 <... read resumed> "\f", 1) = 1
9024  14:43:39.088602 <... write resumed> ) = 1
9022  14:43:39.088635 socket(PF_INET, SOCK_STREAM, IPPROTO_TCP) = 5
9022  14:43:39.088714 setsockopt(5, SOL_SOCKET, SO_REUSEADDR, [1], 4) = 0
9022  14:43:39.088811 bind(5, {sa_family=AF_INET, sin_port=htons(63741), sin_addr=inet_addr("127.0.0.1")}, 16) = 0
9022  14:43:39.088966 listen(5, 1)      = 0
9022  14:43:39.089030 write(4, "\375\370\0\0", 4) = 4
9022  14:43:39.089097 read(4,  <unfinished ...>
9024  14:43:39.089148 read(5, "\375\370\0\0", 4) = 4
9024  14:43:39.089262 write(0, "227 Entering Passive Mode (127,0,0,1,248,253).\r\n", 48) = 48
9024  14:43:39.089891 rt_sigaction(SIGALRM, {0x805cad0, ~[RTMIN RT_1], 0}, NULL, 8) = 0
9024  14:43:39.089971 alarm(300)        = 300
9024  14:43:39.090023 recv(0, "STOR myfile26\r\n", 4096, MSG_PEEK) = 15
9024  14:43:39.090079 read(0, "STOR myfile26\r\n", 15) = 15
9024  14:43:39.090142 write(5, "\v", 1 <unfinished ...>
9022  14:43:39.090197 <... read resumed> "\v", 1) = 1
9024  14:43:39.090238 <... write resumed> ) = 1
9022  14:43:39.090284 write(4, "\1\0\0\0", 4) = 4
9022  14:43:39.090369 read(4,  <unfinished ...>
9024  14:43:39.090416 read(5, "\1\0\0\0", 4) = 4
9024  14:43:39.090471 gettimeofday({1495651419, 90488}, NULL) = 0
9024  14:43:39.090520 getcwd("/home/msfadmin", 4096) = 15
9024  14:43:39.090575 open("myfile26", O_WRONLY|O_CREAT|O_NONBLOCK|O_LARGEFILE, 0666) = 4
9024  14:43:39.090635 fstat64(4, {st_mode=S_IFREG|0644, st_size=17, ...}) = 0
9024  14:43:39.090711 fcntl64(4, F_GETFL) = 0x8801 (flags O_WRONLY|O_NONBLOCK|O_LARGEFILE)
9024  14:43:39.090849 fcntl64(4, F_SETFL, O_WRONLY|O_LARGEFILE) = 0
9024  14:43:39.090905 fcntl64(4, F_SETLKW64, {type=F_WRLCK, whence=SEEK_SET, start=0, len=0}, 0xbf927b14) = 0
9024  14:43:39.091000 ftruncate64(4, 0) = 0
9024  14:43:39.091113 _llseek(4, 0, [0], SEEK_SET) = 0
9024  14:43:39.091225 write(5, "\v", 1 <unfinished ...>
9022  14:43:39.091289 <... read resumed> "\v", 1) = 1
9024  14:43:39.091314 <... write resumed> ) = 1
9022  14:43:39.091343 write(4, "\1\0\0\0", 4) = 4
9022  14:43:39.091400 read(4,  <unfinished ...>
9024  14:43:39.091448 read(5, "\1\0\0\0", 4) = 4
9024  14:43:39.091535 write(5, "\v", 1 <unfinished ...>
9022  14:43:39.091595 <... read resumed> "\v", 1) = 1
9024  14:43:39.091629 <... write resumed> ) = 1
9022  14:43:39.091658 write(4, "\1\0\0\0", 4) = 4
9022  14:43:39.091843 read(4,  <unfinished ...>
9024  14:43:39.091927 read(5, "\1\0\0\0", 4) = 4
9024  14:43:39.092015 write(5, "\r", 1 <unfinished ...>
9022  14:43:39.092074 <... read resumed> "\r", 1) = 1
9024  14:43:39.092113 <... write resumed> ) = 1
9022  14:43:39.092164 select(6, [5], NULL, NULL, {60, 0}) = 1 (in [5], left {60, 0})
9022  14:43:39.092275 accept(5, {sa_family=AF_INET, sin_port=htons(52170), sin_addr=inet_addr("127.0.0.1")}, [16]) = 6
9022  14:43:39.092394 write(4, "\1", 1) = 1
9022  14:43:39.092449 sendmsg(4, {msg_name(0)=NULL, msg_iov(1)=[{"\0", 1}], msg_controllen=16, {cmsg_len=16, cmsg_level=SOL_SOCKET, cmsg_type=SCM_RIGHTS, {6}}, msg_flags=0}, 0) = 1
9022  14:43:39.092522 close(6)          = 0
9022  14:43:39.092566 read(4,  <unfinished ...>
9024  14:43:39.092598 read(5, "\1", 1)  = 1
9024  14:43:39.092691 recvmsg(5, {msg_name(0)=NULL, msg_iov(1)=[{"\0", 1}], msg_controllen=16, {cmsg_len=16, cmsg_level=SOL_SOCKET, cmsg_type=SCM_RIGHTS, {6}}, msg_flags=0}, 0) = 1
9024  14:43:39.092789 setsockopt(6, SOL_SOCKET, SO_KEEPALIVE, [1], 4) = 0
9024  14:43:39.092844 setsockopt(6, SOL_IP, IP_TOS, [8], 4) = 0
9024  14:43:39.092896 setsockopt(6, SOL_SOCKET, SO_LINGER, {onoff=1, linger=32767}, 8) = 0
9024  14:43:39.092946 rt_sigaction(SIGALRM, {0x805cad0, ~[RTMIN RT_1], 0}, NULL, 8) = 0
9024  14:43:39.093007 alarm(300)        = 300
9024  14:43:39.093064 write(0, "150 Ok to send data.\r\n", 22) = 22
9024  14:43:39.093451 read(6, "assasaaa\na\na\na\na\n", 65536) = 17
9024  14:43:39.093555 write(4, "assasaaa\na\na\na\na\n", 17) = 17
9024  14:43:39.093721 read(6, "", 65536) = 0
9024  14:43:39.093788 rt_sigaction(SIGALRM, {0x805cad0, ~[RTMIN RT_1], 0}, NULL, 8) = 0
9024  14:43:39.093852 alarm(300)        = 300
9024  14:43:39.093898 close(6)          = 0
9024  14:43:39.093981 alarm(0)          = 300
9024  14:43:39.094026 gettimeofday({1495651419, 94042}, NULL) = 0
9024  14:43:39.094090 gettimeofday({1495651419, 94107}, NULL) = 0
9024  14:43:39.094147 fcntl64(3, F_SETLKW64, {type=F_WRLCK, whence=SEEK_SET, start=0, len=0}, 0xbf927ab4) = 0
9024  14:43:39.094213 write(3, "Wed May 24 14:43:39 2017 [pid 9024] [msfadmin] OK UPLOAD: Client \"127.0.0.1\", \"/home/msfadmin/myfile26\", 17 bytes, 4.59Kbyte/sec\n", 129) = 129
9024  14:43:39.094302 fcntl64(3, F_SETLK64, {type=F_UNLCK, whence=SEEK_SET, start=0, len=0}, 0xbf927abc) = 0
9024  14:43:39.094367 write(0, "226 Transfer complete.\r\n", 24) = 24
9024  14:43:39.094552 write(5, "\n", 1 <unfinished ...>
9022  14:43:39.094596 <... read resumed> "\n", 1) = 1
9024  14:43:39.094778 <... write resumed> ) = 1
9022  14:43:39.094819 close(5)          = 0
9022  14:43:39.094873 write(4, "\1", 1) = 1
9022  14:43:39.094924 read(4,  <unfinished ...>
9024  14:43:39.094956 read(5, "\1", 1)  = 1
9024  14:43:39.095006 close(4)          = 0
9024  14:43:39.095054 rt_sigaction(SIGALRM, {0x805cad0, ~[RTMIN RT_1], 0}, NULL, 8) = 0
9024  14:43:39.095112 alarm(300)        = 0
9024  14:43:39.095162 recv(0, "TYPE I\r\n", 4096, MSG_PEEK) = 8
9024  14:43:39.596310 read(0, "TYPE I\r\n", 8) = 8
9024  14:43:39.596412 write(0, "200 Switching to Binary mode.\r\n", 31) = 31
9024  14:43:39.596595 rt_sigaction(SIGALRM, {0x805cad0, ~[RTMIN RT_1], 0}, NULL, 8) = 0
9024  14:43:39.596668 alarm(300)        = 299
9024  14:43:39.596723 recv(0, "PASV\r\n", 4096, MSG_PEEK) = 6
9024  14:43:39.596848 read(0, "PASV\r\n", 6) = 6
9024  14:43:39.596903 write(5, "\n", 1 <unfinished ...>
9022  14:43:39.597063 <... read resumed> "\n", 1) = 1
9024  14:43:39.597105 <... write resumed> ) = 1
9022  14:43:39.597162 write(4, "\1", 1) = 1
9022  14:43:39.597214 read(4,  <unfinished ...>
9024  14:43:39.597247 read(5, "\1", 1)  = 1
9024  14:43:39.597299 write(5, "\f", 1 <unfinished ...>
9022  14:43:39.597331 <... read resumed> "\f", 1) = 1
9024  14:43:39.597352 <... write resumed> ) = 1
9022  14:43:39.597384 socket(PF_INET, SOCK_STREAM, IPPROTO_TCP) = 5
9022  14:43:39.597446 setsockopt(5, SOL_SOCKET, SO_REUSEADDR, [1], 4) = 0
9022  14:43:39.597506 bind(5, {sa_family=AF_INET, sin_port=htons(25069), sin_addr=inet_addr("127.0.0.1")}, 16) = 0
9022  14:43:39.597572 listen(5, 1)      = 0
9022  14:43:39.597629 write(4, "\355a\0\0", 4) = 4
9022  14:43:39.597730 read(4,  <unfinished ...>
9024  14:43:39.597793 read(5, "\355a\0\0", 4) = 4
9024  14:43:39.597908 write(0, "227 Entering Passive Mode (127,0,0,1,97,237).\r\n", 47) = 47
9024  14:43:39.598393 rt_sigaction(SIGALRM, {0x805cad0, ~[RTMIN RT_1], 0}, NULL, 8) = 0
9024  14:43:39.598469 alarm(300)        = 300
9024  14:43:39.598522 recv(0, "STOR myfile27\r\n", 4096, MSG_PEEK) = 15
9024  14:43:39.598578 read(0, "STOR myfile27\r\n", 15) = 15
9024  14:43:39.598638 write(5, "\v", 1 <unfinished ...>
9022  14:43:39.598739 <... read resumed> "\v", 1) = 1
9024  14:43:39.598773 <... write resumed> ) = 1
9022  14:43:39.598802 write(4, "\1\0\0\0", 4) = 4
9022  14:43:39.598850 read(4,  <unfinished ...>
9024  14:43:39.598882 read(5, "\1\0\0\0", 4) = 4
9024  14:43:39.598933 gettimeofday({1495651419, 598949}, NULL) = 0
9024  14:43:39.598981 getcwd("/home/msfadmin", 4096) = 15
9024  14:43:39.599036 open("myfile27", O_WRONLY|O_CREAT|O_NONBLOCK|O_LARGEFILE, 0666) = 4
9024  14:43:39.599096 fstat64(4, {st_mode=S_IFREG|0644, st_size=17, ...}) = 0
9024  14:43:39.599171 fcntl64(4, F_GETFL) = 0x8801 (flags O_WRONLY|O_NONBLOCK|O_LARGEFILE)
9024  14:43:39.599219 fcntl64(4, F_SETFL, O_WRONLY|O_LARGEFILE) = 0
9024  14:43:39.599264 fcntl64(4, F_SETLKW64, {type=F_WRLCK, whence=SEEK_SET, start=0, len=0}, 0xbf927b14) = 0
9024  14:43:39.599323 ftruncate64(4, 0) = 0
9024  14:43:39.599397 _llseek(4, 0, [0], SEEK_SET) = 0
9024  14:43:39.599445 write(5, "\v", 1 <unfinished ...>
9022  14:43:39.599479 <... read resumed> "\v", 1) = 1
9024  14:43:39.599501 <... write resumed> ) = 1
9022  14:43:39.599529 write(4, "\1\0\0\0", 4) = 4
9022  14:43:39.599576 read(4,  <unfinished ...>
9024  14:43:39.599607 read(5, "\1\0\0\0", 4) = 4
9024  14:43:39.599816 write(5, "\v", 1 <unfinished ...>
9022  14:43:39.599852 <... read resumed> "\v", 1) = 1
9024  14:43:39.599873 <... write resumed> ) = 1
9022  14:43:39.599900 write(4, "\1\0\0\0", 4) = 4
9022  14:43:39.599946 read(4,  <unfinished ...>
9024  14:43:39.599976 read(5, "\1\0\0\0", 4) = 4
9024  14:43:39.600026 write(5, "\r", 1 <unfinished ...>
