19176 16:37:31.039677 mmap2(NULL, 4096, PROT_READ|PROT_WRITE, MAP_PRIVATE|MAP_ANONYMOUS, -1, 0) = 0xb7f90000
19176 16:37:31.039706 read(6, "#\n# /etc/pam.d/common-auth - authentication settings common to all services\n#\n# This file is included from other service-specific PAM config files,\n# and should contain a list of the authentication modules that define\n# the central authentication scheme for use on the system\n# (e.g., /etc/shadow, LDAP, Kerberos, etc.).  The default is to use the\n# traditional Unix authentication mechanisms.\n#\nauth\trequisite\tpam_unix.so nullok_secure\n# auth\toptional\tpam_smbpass.so migrate\n", 4096) = 476
19176 16:37:31.039794 open("/lib/security/pam_unix.so", O_RDONLY) = 7
19176 16:37:31.039827 read(7, "\177ELF\1\1\1\0\0\0\0\0\0\0\0\0\3\0\3\0\1\0\0\0\20\37\0\0004\0\0\0\374\264\0\0\0\0\0\0004\0 \0\4\0(\0\32\0\31\0\1\0\0\0\0\0\0\0\0\0\0\0\0\0\0\0x\257\0\0x\257\0\0\5\0\0\0\0\20\0\0\1\0\0\0\0\260\0\0\0\260\0\0\0\260\0\0$\4\0\0\304\304\0\0\6\0\0\0\0\20\0\0\2\0\0\0d\261\0\0d\261\0\0d\261\0\0\360\0\0\0\360\0\0\0\6\0\0\0\4\0\0\0Q\345td\0\0\0\0\0\0\0\0\0\0\0\0\0\0\0\0\0\0\0\0\6\0\0\0\4\0\0\0\333\0\0\0p\0\0\0\0\0\0\0\0\0\0\0\0\0\0\0\0\0\0\0Z\0\0\0\0\0\0\0[\0\0\0\0\0\0\0\0\0\0\0\0\0\0\0>\0\0\0Y\0\0\0\0\0\0\0\0\0\0\0\n\0\0\0\0\0\0\0\0\0\0\0\0\0\0\0\0\0\0\0\0\0\0\0\0\0\0\0\0\0\0\0\f\0\0\0]\0\0\0\30\0\0\0\0\0\0\0\5\0\0\0\36\0\0\0,\0\0\0k\0\0\0\33\0\0\0_\0\0\0\0\0\0\0\0\0\0\0U\0\0\0\0\0\0\0d\0\0\0\0\0\0\0\27\0\0\0f\0\0\0^\0\0\0\0\0\0\0\0\0\0\0B\0\0\0\0\0\0\0\0\0\0\0\0\0\0\0a\0\0\0\10\0\0\0\0\0\0\0\0\0\0\0\0\0\0\0\0\0\0\0\17\0\0\0\0\0\0\0\0\0\0\0\0\0\0\0`\0\0\0\t\0\0\0\35\0\0\0$\0\0\0\0\0\0\0004\0\0\0002\0\0\0\21\0\0\0W\0\0\0\r\0\0\0\0\0\0\0001\0\0\0n\0\0\0\0\0\0\0006\0\0\0\0\0\0\0\0\0\0\0\0\0\0\0\32\0\0\0\37\0\0\0\0\0\0\0\0\0\0\0.\0\0\0!\0\0\0", 512) = 512
19176 16:37:31.039996 fstat64(7, {st_mode=S_IFREG|0644, st_size=47372, ...}) = 0
19176 16:37:31.040041 mmap2(NULL, 95428, PROT_READ|PROT_EXEC, MAP_PRIVATE|MAP_DENYWRITE, 7, 0) = 0xb7dc6000
19176 16:37:31.040072 mmap2(0xb7dd1000, 4096, PROT_READ|PROT_WRITE, MAP_PRIVATE|MAP_FIXED|MAP_DENYWRITE, 7, 0xb) = 0xb7dd1000
19176 16:37:31.040107 mmap2(0xb7dd2000, 46276, PROT_READ|PROT_WRITE, MAP_PRIVATE|MAP_FIXED|MAP_ANONYMOUS, -1, 0) = 0xb7dd2000
19176 16:37:31.040135 close(7)          = 0
19176 16:37:31.040168 open("/etc/ld.so.cache", O_RDONLY) = 7
19176 16:37:31.040199 fstat64(7, {st_mode=S_IFREG|0644, st_size=29913, ...}) = 0
19176 16:37:31.040236 mmap2(NULL, 29913, PROT_READ, MAP_PRIVATE, 7, 0) = 0xb7dbe000
19176 16:37:31.040264 close(7)          = 0
19176 16:37:31.040293 access("/etc/ld.so.nohwcap", F_OK) = -1 ENOENT (No such file or directory)
19176 16:37:31.040331 open("/lib/tls/i686/cmov/libcrypt.so.1", O_RDONLY) = 7
19176 16:37:31.040367 read(7, "\177ELF\1\1\1\0\0\0\0\0\0\0\0\0\3\0\3\0\1\0\0\0000\7\0\0004\0\0\0<\221\0\0\0\0\0\0004\0 \0\10\0(\0\34\0\33\0\6\0\0\0004\0\0\0004\0\0\0004\0\0\0\0\1\0\0\0\1\0\0\5\0\0\0\4\0\0\0\3\0\0\0\340\210\0\0\340\210\0\0\340\210\0\0\23\0\0\0\23\0\0\0\4\0\0\0\1\0\0\0\1\0\0\0\0\0\0\0\0\0\0\0\0\0\0\0\f\212\0\0\f\212\0\0\5\0\0\0\0\20\0\0\1\0\0\0\350\216\0\0\350\236\0\0\350\236\0\0`\1\0\0tr\2\0\6\0\0\0\0\20\0\0\2\0\0\0\374\216\0\0\374\236\0\0\374\236\0\0\340\0\0\0\340\0\0\0\6\0\0\0\4\0\0\0\4\0\0\0004\1\0\0004\1\0\0004\1\0\0 \0\0\0 \0\0\0\4\0\0\0\4\0\0\0Q\345td\0\0\0\0\0\0\0\0\0\0\0\0\0\0\0\0\0\0\0\0\6\0\0\0\4\0\0\0R\345td\350\216\0\0\350\236\0\0\350\236\0\0\f\1\0\0\f\1\0\0\4\0\0\0\1\0\0\0\4\0\0\0\20\0\0\0\1\0\0\0GNU\0\0\0\0\0\2\0\0\0\6\0\0\0\10\0\0\0\17\0\0\0\22\0\0\0\2\0\0\0\6\0\0\0\4\311\240, \4\0\0\0\0\0\0\0\0\0\0\0\0\0\0\22\0\0\0\23\0\0\0\24\0\0\0\0\0\0\0\25\0\0\0\26\0\0\0\0\0\0\0\27\0\0\0\0\0\0\0\30\0\0\0\31\0\0\0\0\0\0\0k\31Qj\233(\375B\233`\205\33\327\16?\17I->\333\235C\r\375\313\373_\22\325=l\366\0\0\0\0\0\0\0\0\0\0\0\0\0\0\0\0o\0\0\0\0\0\0\0\35\0\0\0\22\0\0\0\1\0\0\0\0\0\0\0\0\0\0\0 \0\0\0\37\0\0\0\0\0\0\0", 512) = 512
19176 16:37:31.040528 fstat64(7, {st_mode=S_IFREG|0644, st_size=38300, ...}) = 0
19176 16:37:31.040570 mmap2(NULL, 201052, PROT_READ|PROT_EXEC, MAP_PRIVATE|MAP_DENYWRITE, 7, 0) = 0xb7d8c000
19176 16:37:31.040600 mmap2(0xb7d95000, 8192, PROT_READ|PROT_WRITE, MAP_PRIVATE|MAP_FIXED|MAP_DENYWRITE, 7, 0x8) = 0xb7d95000
19176 16:37:31.040637 mmap2(0xb7d97000, 155996, PROT_READ|PROT_WRITE, MAP_PRIVATE|MAP_FIXED|MAP_ANONYMOUS, -1, 0) = 0xb7d97000
19176 16:37:31.040673 close(7)          = 0
19176 16:37:31.040706 access("/etc/ld.so.nohwcap", F_OK) = -1 ENOENT (No such file or directory)
19176 16:37:31.040740 open("/lib/libselinux.so.1", O_RDONLY) = 7
19176 16:37:31.040771 read(7, "\177ELF\1\1\1\0\0\0\0\0\0\0\0\0\3\0\3\0\1\0\0\0\300@\0\0004\0\0\0\224r\1\0\0\0\0\0004\0 \0\6\0(\0\33\0\32\0\1\0\0\0\0\0\0\0\0\0\0\0\0\0\0\0\230f\1\0\230f\1\0\5\0\0\0\0\20\0\0\1\0\0\0\240n\1\0\240~\1\0\240~\1\0\20\3\0\0\234\f\0\0\6\0\0\0\0\20\0\0\2\0\0\0\320n\1\0\320~\1\0\320~\1\0\340\0\0\0\340\0\0\0\6\0\0\0\4\0\0\0\7\0\0\0\240n\1\0\240~\1\0\240~\1\0\0\0\0\0\\\0\0\0\4\0\0\0 \0\0\0Q\345td\0\0\0\0\0\0\0\0\0\0\0\0\0\0\0\0\0\0\0\0\6\0\0\0\4\0\0\0R\345td\240n\1\0\240~\1\0\240~\1\0T\1\0\0T\1\0\0\4\0\0\0\1\0\0\0\7\1\0\0#\1\0\0\0\0\0\0\24\0\0\0\v\1\0\0\306\0\0\0\0\0\0\0\36\1\0\0\330\0\0\0 \1\0\0001\0\0\0\345\0\0\0\34\0\0\0\206\0\0\0\212\0\0\0\234\0\0\0\0\0\0\0*\0\0\0\0\0\0\0\0\0\0\0\370\0\0\0004\0\0\0\0\0\0\0\0\0\0\0\0\0\0\0\0\0\0\0\0\0\0\0\224\0\0\0\0\0\0\0\0\0\0\0\0\0\0\0\244\0\0\0\347\0\0\0\373\0\0\0\0\0\0\0\304\0\0\0\257\0\0\0\0\0\0\0!\1\0\0\0\0\0\0\307\0\0\0\235\0\0\0\25\1\0\0`\0\0\0\0\0\0\0\256\0\0\0\374\0\0\0O\0\0\0i\0\0\0^\0\0\0\337\0\0\0-\0\0\0m\0\0\0\0\0\0\0\0\0\0\0\0\0\0\0\0\0\0\0\260\0\0\0\314\0\0\0\6\0\0\0\276\0\0\0{\0\0\0\226\0\0\0\0\0\0\0E\0\0\0\33\0\0\0\371\0\0\0", 512) = 512
19176 16:37:31.040926 fstat64(7, {st_mode=S_IFREG|0644, st_size=95948, ...}) = 0
19176 16:37:31.041107 mmap2(NULL, 101180, PROT_READ|PROT_EXEC, MAP_PRIVATE|MAP_DENYWRITE, 7, 0) = 0xb7d73000
19176 16:37:31.041138 mmap2(0xb7d8a000, 8192, PROT_READ|PROT_WRITE, MAP_PRIVATE|MAP_FIXED|MAP_DENYWRITE, 7, 0x16) = 0xb7d8a000
19176 16:37:31.041177 close(7)          = 0
19176 16:37:31.041355 open("/etc/selinux/config", O_RDONLY|O_LARGEFILE) = -1 ENOENT (No such file or directory)
19176 16:37:31.041408 statfs64("/selinux", 84, 0xbf8d236c) = -1 ENOENT (No such file or directory)
19176 16:37:31.041440 open("/proc/mounts", O_RDONLY|O_LARGEFILE) = 7
19176 16:37:31.041491 fstat64(7, {st_mode=S_IFREG|0444, st_size=0, ...}) = 0
19176 16:37:31.041530 mmap2(NULL, 4096, PROT_READ|PROT_WRITE, MAP_PRIVATE|MAP_ANONYMOUS, -1, 0) = 0xb7f8f000
19176 16:37:31.041559 read(7, "rootfs / rootfs rw 0 0\nnone /sys sysfs rw,nosuid,nodev,noexec 0 0\nnone /proc proc rw,nosuid,nodev,noexec 0 0\nudev /dev tmpfs rw,relatime 0 0\nfusectl /sys/fs/fuse/connections fusectl rw,relatime 0 0\n/dev/mapper/metasploitable-root / ext3 rw,relatime,errors=remount-ro,data=ordered 0 0\n/dev/mapper/metasploitable-root /dev/.static/dev ext3 rw,relatime,errors=remount-ro,data=ordered 0 0\ntmpfs /var/run tmpfs rw,nosuid,nodev,noexec 0 0\ntmpfs /var/lock tmpfs rw,nosuid,nodev,noexec 0 0\ntmpfs /dev/shm tmpfs rw,relatime 0 0\ndevpts /dev/pts devpts rw,relatime 0 0\ntmpfs /var/run tmpfs rw,nosuid,nodev,noexec 0 0\ntmpfs /var/lock tmpfs rw,nosuid,nodev,noexec 0 0\n/dev/sda1 /boot ext3 rw,relatime,data=ordered 0 0\nsecurityfs /sys/kernel/security securityfs rw,relatime 0 0\nrpc_pipefs /var/lib/nfs/rpc_pipefs rpc_pipefs rw,relatime 0 0\nnfsd /proc/fs/nfsd nfsd rw,relatime 0 0\n", 1024) = 866
19176 16:37:31.041713 read(7, "", 1024) = 0
19176 16:37:31.041741 close(7)          = 0
19176 16:37:31.041769 munmap(0xb7f8f000, 4096) = 0
19176 16:37:31.041805 munmap(0xb7dbe000, 29913) = 0
19176 16:37:31.041839 read(6, "", 4096) = 0
19176 16:37:31.041869 close(6)          = 0
19176 16:37:31.041895 munmap(0xb7f90000, 4096) = 0
19176 16:37:31.041924 stat64("/etc/pam.d", {st_mode=S_IFDIR|0755, st_size=4096, ...}) = 0
19176 16:37:31.041967 open("/etc/pam.d/common-account", O_RDONLY|O_LARGEFILE) = 6
19176 16:37:31.042000 fstat64(6, {st_mode=S_IFREG|0644, st_size=392, ...}) = 0
19176 16:37:31.042059 mmap2(NULL, 4096, PROT_READ|PROT_WRITE, MAP_PRIVATE|MAP_ANONYMOUS, -1, 0) = 0xb7f90000
19176 16:37:31.042090 read(6, "#\n# /etc/pam.d/common-account - authorization settings common to all services\n#\n# This file is included from other service-specific PAM config files,\n# and should contain a list of the authorization modules that define\n# the central access policy for use on the system.  The default is to\n# only deny service to users whose accounts are expired in /etc/shadow.\n#\naccount\trequired\tpam_unix.so\n", 4096) = 392
19176 16:37:31.042169 read(6, "", 4096) = 0
19176 16:37:31.042196 close(6)          = 0
19176 16:37:31.042222 munmap(0xb7f90000, 4096) = 0
19176 16:37:31.042251 stat64("/etc/pam.d", {st_mode=S_IFDIR|0755, st_size=4096, ...}) = 0
19176 16:37:31.042293 open("/etc/pam.d/common-session", O_RDONLY|O_LARGEFILE) = 6
19176 16:37:31.042326 fstat64(6, {st_mode=S_IFREG|0644, st_size=372, ...}) = 0
19176 16:37:31.042363 mmap2(NULL, 4096, PROT_READ|PROT_WRITE, MAP_PRIVATE|MAP_ANONYMOUS, -1, 0) = 0xb7f90000
19176 16:37:31.042391 read(6, "#\n# /etc/pam.d/common-session - session-related modules common to all services\n#\n# This file is included from other service-specific PAM config files,\n# and should contain a list of modules that define tasks to be performed\n# at the start and end of sessions of *any* kind (both interactive and\n# non-interactive).  The default is pam_unix.\n#\nsession\trequired\tpam_unix.so\n", 4096) = 372
19176 16:37:31.042465 read(6, "", 4096) = 0
19176 16:37:31.042493 close(6)          = 0
19176 16:37:31.042519 munmap(0xb7f90000, 4096) = 0
19176 16:37:31.042546 read(5, "", 4096) = 0
19176 16:37:31.042572 close(5)          = 0
19176 16:37:31.042598 munmap(0xb7f96000, 4096) = 0
19176 16:37:31.042625 open("/etc/pam.d/other", O_RDONLY|O_LARGEFILE) = 5
19176 16:37:31.042657 fstat64(5, {st_mode=S_IFREG|0644, st_size=520, ...}) = 0
19176 16:37:31.042694 mmap2(NULL, 4096, PROT_READ|PROT_WRITE, MAP_PRIVATE|MAP_ANONYMOUS, -1, 0) = 0xb7f96000
19176 16:37:31.042722 read(5, "#\n# /etc/pam.d/other - specify the PAM fallback behaviour\n#\n# Note that this file is used for any unspecified service; for example\n#if /etc/pam.d/cron  specifies no session modules but cron calls\n#pam_open_session, the session module out of /etc/pam.d/other is\n#used.  If you really want nothing to happen then use pam_permit.so or\n#pam_deny.so as appropriate.\n\n# We fall back to the system default in /etc/pam.d/common-*\n# \n\n@include common-auth\n@include common-account\n@include common-password\n@include common-session\n", 4096) = 520
19176 16:37:31.042807 stat64("/etc/pam.d", {st_mode=S_IFDIR|0755, st_size=4096, ...}) = 0
19176 16:37:31.042871 open("/etc/pam.d/common-auth", O_RDONLY|O_LARGEFILE) = 6
19176 16:37:31.042903 fstat64(6, {st_mode=S_IFREG|0644, st_size=476, ...}) = 0
19176 16:37:31.042940 mmap2(NULL, 4096, PROT_READ|PROT_WRITE, MAP_PRIVATE|MAP_ANONYMOUS, -1, 0) = 0xb7f90000
19176 16:37:31.042968 read(6, "#\n# /etc/pam.d/common-auth - authentication settings common to all services\n#\n# This file is included from other service-specific PAM config files,\n# and should contain a list of the authentication modules that define\n# the central authentication scheme for use on the system\n# (e.g., /etc/shadow, LDAP, Kerberos, etc.).  The default is to use the\n# traditional Unix authentication mechanisms.\n#\nauth\trequisite\tpam_unix.so nullok_secure\n# auth\toptional\tpam_smbpass.so migrate\n", 4096) = 476
19176 16:37:31.043185 read(6, "", 4096) = 0
19176 16:37:31.043230 close(6)          = 0
19176 16:37:31.043257 munmap(0xb7f90000, 4096) = 0
19176 16:37:31.043288 stat64("/etc/pam.d", {st_mode=S_IFDIR|0755, st_size=4096, ...}) = 0
19176 16:37:31.043332 open("/etc/pam.d/common-account", O_RDONLY|O_LARGEFILE) = 6
19176 16:37:31.043364 fstat64(6, {st_mode=S_IFREG|0644, st_size=392, ...}) = 0
19176 16:37:31.043401 mmap2(NULL, 4096, PROT_READ|PROT_WRITE, MAP_PRIVATE|MAP_ANONYMOUS, -1, 0) = 0xb7f90000
19176 16:37:31.043430 read(6, "#\n# /etc/pam.d/common-account - authorization settings common to all services\n#\n# This file is included from other service-specific PAM config files,\n# and should contain a list of the authorization modules that define\n# the central access policy for use on the system.  The default is to\n# only deny service to users whose accounts are expired in /etc/shadow.\n#\naccount\trequired\tpam_unix.so\n", 4096) = 392
19176 16:37:31.043506 read(6, "", 4096) = 0
19176 16:37:31.043534 close(6)          = 0
19176 16:37:31.043560 munmap(0xb7f90000, 4096) = 0
19176 16:37:31.043623 stat64("/etc/pam.d", {st_mode=S_IFDIR|0755, st_size=4096, ...}) = 0
19176 16:37:31.043665 open("/etc/pam.d/common-password", O_RDONLY|O_LARGEFILE) = 6
19176 16:37:31.043698 fstat64(6, {st_mode=S_IFREG|0644, st_size=1563, ...}) = 0
19176 16:37:31.043735 mmap2(NULL, 4096, PROT_READ|PROT_WRITE, MAP_PRIVATE|MAP_ANONYMOUS, -1, 0) = 0xb7f90000
19176 16:37:31.043763 read(6, "#\n# /etc/pam.d/common-password - password-related modules common to all services\n#\n# This file is included from other service-specific PAM config files,\n# and should contain a list of modules that define the services to be\n# used to change user passwords.  The default is pam_unix.\n\n# Explanation of pam_unix options:\n#\n# The \"nullok\" option allows users to change an empty password, else\n# empty passwords are treated as locked accounts.\n#\n# The \"md5\" option enables MD5 passwords.  Without this option, the\n# default is Unix crypt.\n#\n# The \"obscure\" option replaces the old `OBSCURE_CHECKS_ENAB\' option in\n# login.defs.\n#\n# You can also use the \"min\" option to enforce the length of the new\n# password.\n#\n# See the pam_unix manpage for other options.\n\npassword   requisite   pam_unix.so nullok obscure md5\n\n# Alternate strength checking for password. Note that this\n# requires the libpam-cracklib package to be installed.\n# You will need to comment out the password line above and\n# uncomment the next two in order to use this.\n# (Replaces the `OBSCURE_CHECKS_ENAB\', `CRACKLIB_DICTPATH\')\n#\n# password required\t  pam_cracklib.so retry=3 minlen=6 difok=3\n# password required\t  pam_unix.so use_authtok nullok md5\n\n# minimally-intrusive inclusion of smbpass in the stack for\n# synchronization.  If the module is absent or the passwords don\'t\n# match, this module will be ignored without prompting; and if the \n# passwords do match, the NTLM hash for the user will be updated\n# automatically.\n# password   optional   pam_smbpass.so nullok use_authtok use_first_pass\n", 4096) = 1563
19176 16:37:31.043966 read(6, "", 4096) = 0
19176 16:37:31.044052 close(6)          = 0
19176 16:37:31.044081 munmap(0xb7f90000, 4096) = 0
19176 16:37:31.044111 stat64("/etc/pam.d", {st_mode=S_IFDIR|0755, st_size=4096, ...}) = 0
19176 16:37:31.044154 open("/etc/pam.d/common-session", O_RDONLY|O_LARGEFILE) = 6
19176 16:37:31.044187 fstat64(6, {st_mode=S_IFREG|0644, st_size=372, ...}) = 0
19176 16:37:31.044224 mmap2(NULL, 4096, PROT_READ|PROT_WRITE, MAP_PRIVATE|MAP_ANONYMOUS, -1, 0) = 0xb7f90000
19176 16:37:31.044252 read(6, "#\n# /etc/pam.d/common-session - session-related modules common to all services\n#\n# This file is included from other service-specific PAM config files,\n# and should contain a list of modules that define tasks to be performed\n# at the start and end of sessions of *any* kind (both interactive and\n# non-interactive).  The default is pam_unix.\n#\nsession\trequired\tpam_unix.so\n", 4096) = 372
19176 16:37:31.044327 read(6, "", 4096) = 0
19176 16:37:31.044362 close(6)          = 0
19176 16:37:31.044388 munmap(0xb7f90000, 4096) = 0
19176 16:37:31.044415 read(5, "", 4096) = 0
19176 16:37:31.044442 close(5)          = 0
19176 16:37:31.044467 munmap(0xb7f96000, 4096) = 0
19176 16:37:31.044499 time(NULL)        = 1495658251
19176 16:37:31.044529 lstat64("/etc/ftpusers", {st_mode=S_IFREG|0644, st_size=132, ...}) = 0
19176 16:37:31.044571 open("/etc/ftpusers", O_RDONLY|O_LARGEFILE) = 5
19176 16:37:31.044601 fstat64(5, {st_mode=S_IFREG|0644, st_size=132, ...}) = 0
19176 16:37:31.044638 mmap2(NULL, 4096, PROT_READ|PROT_WRITE, MAP_PRIVATE|MAP_ANONYMOUS, -1, 0) = 0xb7f96000
19176 16:37:31.044665 read(5, "# /etc/ftpusers: list of users disallowed FTP access. See ftpusers(5).\n\nroot\ndaemon\nbin\nsys\nsync\ngames\nman\nlp\nmail\nnews\nuucp\nnobody\n", 4096) = 132
19176 16:37:31.044711 read(5, "", 4096) = 0
19176 16:37:31.044737 close(5)          = 0
19176 16:37:31.044763 munmap(0xb7f96000, 4096) = 0
19176 16:37:31.044799 getuid32()        = 0
19176 16:37:31.044838 open("/etc/passwd", O_RDONLY|0x80000 /* O_??? */) = 5
19176 16:37:31.044872 _llseek(5, 0, [0], SEEK_CUR) = 0
19176 16:37:31.044902 fstat64(5, {st_mode=S_IFREG|0644, st_size=1624, ...}) = 0
19176 16:37:31.044938 mmap2(NULL, 1624, PROT_READ, MAP_SHARED, 5, 0) = 0xb7f96000
19176 16:37:31.044990 _llseek(5, 1624, [1624], SEEK_SET) = 0
19176 16:37:31.045036 munmap(0xb7f96000, 1624) = 0
19176 16:37:31.045065 close(5)          = 0
19176 16:37:31.045117 open("/etc/shadow", O_RDONLY|0x80000 /* O_??? */) = 5
19176 16:37:31.045157 _llseek(5, 0, [0], SEEK_CUR) = 0
19176 16:37:31.045185 fstat64(5, {st_mode=S_IFREG|0640, st_size=1233, ...}) = 0
19176 16:37:31.045222 mmap2(NULL, 1233, PROT_READ, MAP_SHARED, 5, 0) = 0xb7f96000
19176 16:37:31.045250 _llseek(5, 1233, [1233], SEEK_SET) = 0
19176 16:37:31.045293 munmap(0xb7f96000, 1233) = 0
19176 16:37:31.045321 close(5)          = 0
19176 16:37:31.045362 open("/etc/passwd", O_RDONLY|0x80000 /* O_??? */) = 5
19176 16:37:31.045395 _llseek(5, 0, [0], SEEK_CUR) = 0
19176 16:37:31.045422 fstat64(5, {st_mode=S_IFREG|0644, st_size=1624, ...}) = 0
19176 16:37:31.045459 mmap2(NULL, 1624, PROT_READ, MAP_SHARED, 5, 0) = 0xb7f96000
19176 16:37:31.045487 _llseek(5, 1624, [1624], SEEK_SET) = 0
19176 16:37:31.045524 munmap(0xb7f96000, 1624) = 0
19176 16:37:31.045551 close(5)          = 0
19176 16:37:31.045582 open("/etc/shadow", O_RDONLY|0x80000 /* O_??? */) = 5
19176 16:37:31.045614 _llseek(5, 0, [0], SEEK_CUR) = 0
19176 16:37:31.045641 fstat64(5, {st_mode=S_IFREG|0640, st_size=1233, ...}) = 0
19176 16:37:31.045678 mmap2(NULL, 1233, PROT_READ, MAP_SHARED, 5, 0) = 0xb7f96000
19176 16:37:31.045705 _llseek(5, 1233, [1233], SEEK_SET) = 0
19176 16:37:31.045744 munmap(0xb7f96000, 1233) = 0
19176 16:37:31.045770 close(5)          = 0
19176 16:37:31.046184 getuid32()        = 0
19176 16:37:31.046217 open("/etc/passwd", O_RDONLY|0x80000 /* O_??? */) = 5
19176 16:37:31.046249 _llseek(5, 0, [0], SEEK_CUR) = 0
19176 16:37:31.046277 fstat64(5, {st_mode=S_IFREG|0644, st_size=1624, ...}) = 0
19176 16:37:31.046315 mmap2(NULL, 1624, PROT_READ, MAP_SHARED, 5, 0) = 0xb7f96000
19176 16:37:31.046343 _llseek(5, 1624, [1624], SEEK_SET) = 0
19176 16:37:31.046379 munmap(0xb7f96000, 1624) = 0
19176 16:37:31.046406 close(5)          = 0
19176 16:37:31.046439 open("/etc/shadow", O_RDONLY|0x80000 /* O_??? */) = 5
19176 16:37:31.046471 _llseek(5, 0, [0], SEEK_CUR) = 0
19176 16:37:31.046498 fstat64(5, {st_mode=S_IFREG|0640, st_size=1233, ...}) = 0
19176 16:37:31.046535 mmap2(NULL, 1233, PROT_READ, MAP_SHARED, 5, 0) = 0xb7f96000
19176 16:37:31.046563 _llseek(5, 1233, [1233], SEEK_SET) = 0
19176 16:37:31.046600 munmap(0xb7f96000, 1233) = 0
19176 16:37:31.046626 close(5)          = 0
19176 16:37:31.046657 time(NULL)        = 1495658251
19176 16:37:31.046692 munmap(0xb7f93000, 12164) = 0
19176 16:37:31.046724 munmap(0xb7f91000, 7136) = 0
19176 16:37:31.046758 munmap(0xb7dc6000, 95428) = 0
19176 16:37:31.046787 munmap(0xb7d8c000, 201052) = 0
19176 16:37:31.046816 munmap(0xb7d73000, 101180) = 0
19176 16:37:31.046854 gettimeofday({1495658251, 46877}, NULL) = 0
19176 16:37:31.046933 stat64("/usr/share/zoneinfo/UTC+04:00", 0xbf8d4244) = -1 ENOENT (No such file or directory)
19176 16:37:31.046971 open("/usr/share/zoneinfo/UTC+04:00", O_RDONLY) = -1 ENOENT (No such file or directory)
19176 16:37:31.047026 fcntl64(3, F_SETLKW64, {type=F_WRLCK, whence=SEEK_SET, start=0, len=0}, 0xbf8d4394) = 0
19176 16:37:31.047065 write(3, "Wed May 24 16:37:31 2017 [pid 19176] [msfadmin] OK LOGIN: Client \"127.0.0.1\"\n", 77) = 77
19176 16:37:31.047102 fcntl64(3, F_SETLK64, {type=F_UNLCK, whence=SEEK_SET, start=0, len=0}, 0xbf8d439c) = 0
19176 16:37:31.047135 rt_sigaction(SIGCHLD, {0x805cad0, ~[RTMIN RT_1], 0}, NULL, 8) = 0
19176 16:37:31.047169 write(4, "\1", 1 <unfinished ...>
19177 16:37:31.047195 <... read resumed> "\1", 1) = 1
19176 16:37:31.047215 <... write resumed> ) = 1
19177 16:37:31.047237 exit_group(0)     = ?
19176 16:37:31.047300 --- SIGCHLD (Child exited) @ 0 (0) ---
19176 16:37:31.047324 sigreturn()       = ? (mask now [])
19176 16:37:31.047366 wait4(-1, [{WIFEXITED(s) && WEXITSTATUS(s) == 0}], 0, NULL) = 19177
19176 16:37:31.047398 close(4)          = 0
19176 16:37:31.047428 socketpair(PF_FILE, SOCK_STREAM, 0, [4, 5]) = 0
19176 16:37:31.047462 rt_sigaction(SIGCHLD, {0x805cad0, ~[RTMIN RT_1], 0}, NULL, 8) = 0
19176 16:37:31.047496 rt_sigaction(SIGALRM, {0x805cb10, ~[RTMIN RT_1], 0}, NULL, 8) = 0
19176 16:37:31.047529 clone(child_stack=0, flags=CLONE_CHILD_CLEARTID|CLONE_CHILD_SETTID|SIGCHLD, child_tidptr=0xb7dfc6f8) = 19178
19178 16:37:31.047637 prctl(0x1, 0x9, 0, 0, 0) = 0
19178 16:37:31.047672 close(4)          = 0
19178 16:37:31.047726 open("/etc/passwd", O_RDONLY|0x80000 /* O_??? */) = 4
19178 16:37:31.047765 _llseek(4, 0, [0], SEEK_CUR) = 0
19178 16:37:31.047802 fstat64(4, {st_mode=S_IFREG|0644, st_size=1624, ...}) = 0
19178 16:37:31.047843 mmap2(NULL, 1624, PROT_READ, MAP_SHARED, 4, 0) = 0xb7f96000
19178 16:37:31.047900 _llseek(4, 1624, [1624], SEEK_SET) = 0
19178 16:37:31.047951 munmap(0xb7f96000, 1624) = 0
19178 16:37:31.047982 close(4)          = 0
19178 16:37:31.048014 getuid32()        = 0
19178 16:37:31.048042 open("/etc/passwd", O_RDONLY|0x80000 /* O_??? */) = 4
19178 16:37:31.048074 _llseek(4, 0, [0], SEEK_CUR) = 0
19178 16:37:31.048101 fstat64(4, {st_mode=S_IFREG|0644, st_size=1624, ...}) = 0
19178 16:37:31.048139 mmap2(NULL, 1624, PROT_READ, MAP_SHARED, 4, 0) = 0xb7f96000
19178 16:37:31.048168 _llseek(4, 1624, [1624], SEEK_SET) = 0
19178 16:37:31.048205 munmap(0xb7f96000, 1624) = 0
19178 16:37:31.048231 close(4)          = 0
19178 16:37:31.048284 open("/proc/sys/kernel/ngroups_max", O_RDONLY) = 4
19178 16:37:31.048328 read(4, "65536\n", 31) = 6
19178 16:37:31.048359 close(4)          = 0
19178 16:37:31.048394 socket(PF_FILE, SOCK_STREAM, 0) = 4
19178 16:37:31.048424 fcntl64(4, F_SETFL, O_RDWR|O_NONBLOCK) = 0
19178 16:37:31.048453 connect(4, {sa_family=AF_FILE, path="/var/run/nscd/socket"}, 110) = -1 ENOENT (No such file or directory)
19178 16:37:31.048499 close(4)          = 0
19178 16:37:31.048528 socket(PF_FILE, SOCK_STREAM, 0) = 4
19178 16:37:31.048556 fcntl64(4, F_SETFL, O_RDWR|O_NONBLOCK) = 0
19178 16:37:31.048583 connect(4, {sa_family=AF_FILE, path="/var/run/nscd/socket"}, 110) = -1 ENOENT (No such file or directory)
19178 16:37:31.048624 close(4)          = 0
19178 16:37:31.048676 open("/etc/group", O_RDONLY|0x80000 /* O_??? */) = 4
19178 16:37:31.048711 _llseek(4, 0, [0], SEEK_CUR) = 0
19178 16:37:31.048738 fstat64(4, {st_mode=S_IFREG|0644, st_size=886, ...}) = 0
19178 16:37:31.048776 mmap2(NULL, 886, PROT_READ, MAP_SHARED, 4, 0) = 0xb7f96000
19178 16:37:31.048805 _llseek(4, 886, [886], SEEK_SET) = 0
19178 16:37:31.048877 fstat64(4, {st_mode=S_IFREG|0644, st_size=886, ...}) = 0
19178 16:37:31.048918 munmap(0xb7f96000, 886) = 0
19178 16:37:31.048945 close(4)          = 0
19178 16:37:31.048972 setgroups32(13, [1000, 4, 20, 24, 25, 29, 30, 44, 46, 107, 111, 112, 119]) = 0
19178 16:37:31.049010 geteuid32()       = 0
19178 16:37:31.049038 getegid32()       = 0
19178 16:37:31.049066 setregid32(-1, 1000) = 0
19178 16:37:31.049100 setreuid32(-1, 1000) = 0
19178 16:37:31.049129 chdir("/home/msfadmin") = 0
19178 16:37:31.049159 setreuid32(-1, 0) = 0
19178 16:37:31.049185 setregid32(-1, 0) = 0
19178 16:37:31.049213 setgid32(1000)    = 0
19178 16:37:31.049239 setuid32(1000)    = 0
19178 16:37:31.049266 setrlimit(RLIMIT_NPROC, {rlim_cur=0, rlim_max=0}) = 0
19178 16:37:31.049299 mmap2(NULL, 12288, PROT_READ|PROT_WRITE, MAP_PRIVATE|MAP_ANONYMOUS, -1, 0) = 0xb7f94000
19178 16:37:31.049328 mprotect(0xb7f96000, 4096, PROT_NONE) = 0
19178 16:37:31.049357 mprotect(0xb7f94000, 4096, PROT_NONE) = 0
19178 16:37:31.049386 getcwd("/home/msfadmin", 4096) = 15
19178 16:37:31.049419 umask(022)        = 077
19178 16:37:31.049447 getcwd("/home/msfadmin", 4096) = 15
19178 16:37:31.049479 open(".message", O_RDONLY|O_NONBLOCK|O_LARGEFILE) = -1 ENOENT (No such file or directory)
19178 16:37:31.049528 write(0, "230 Login successful.\r\n", 23) = 23
19178 16:37:31.049704 rt_sigaction(SIGALRM, {0x805cad0, ~[RTMIN RT_1], 0}, NULL, 8) = 0
19178 16:37:31.049745 alarm(300)        = 0
19178 16:37:31.049823 mmap2(NULL, 12288, PROT_READ|PROT_WRITE, MAP_PRIVATE|MAP_ANONYMOUS, -1, 0) = 0xb7f91000
19178 16:37:31.049856 mprotect(0xb7f93000, 4096, PROT_NONE) = 0
19178 16:37:31.049886 mprotect(0xb7f91000, 4096, PROT_NONE) = 0
19178 16:37:31.049919 recv(0, "TYPE I\r\n", 4096, MSG_PEEK) = 8
19178 16:37:31.049952 read(0, "TYPE I\r\n", 8) = 8
19178 16:37:31.049990 write(0, "200 Switching to Binary mode.\r\n", 31) = 31
19178 16:37:31.050095 rt_sigaction(SIGALRM, {0x805cad0, ~[RTMIN RT_1], 0}, NULL, 8) = 0
19178 16:37:31.050131 alarm(300)        = 300
19178 16:37:31.050182 recv(0, "PASV\r\n", 4096, MSG_PEEK) = 6
19178 16:37:31.050213 read(0, "PASV\r\n", 6) = 6
19178 16:37:31.050243 write(5, "\n", 1) = 1
19178 16:37:31.050271 read(5,  <unfinished ...>
19176 16:37:31.050302 close(5)          = 0
19176 16:37:31.050334 getuid32()        = 0
19176 16:37:31.050370 open("/etc/passwd", O_RDONLY|0x80000 /* O_??? */) = 5
19176 16:37:31.050405 _llseek(5, 0, [0], SEEK_CUR) = 0
19176 16:37:31.050436 fstat64(5, {st_mode=S_IFREG|0644, st_size=1624, ...}) = 0
19176 16:37:31.050477 mmap2(NULL, 1624, PROT_READ, MAP_SHARED, 5, 0) = 0xb7f96000
19176 16:37:31.050506 _llseek(5, 1624, [1624], SEEK_SET) = 0
19176 16:37:31.050545 munmap(0xb7f96000, 1624) = 0
19176 16:37:31.050576 close(5)          = 0
19176 16:37:31.050612 setgroups32(0, []) = 0
19176 16:37:31.050643 chdir("/usr/share/empty") = 0
19176 16:37:31.050674 chroot(".")       = 0
19176 16:37:31.050702 capset(NULL, NULL) = -1 EFAULT (Bad address)
19176 16:37:31.050735 prctl(0x8, 0, 0xbf8d4378, 0x80549a6, 0xbf8d4360) = 0
19176 16:37:31.050789 prctl(0x8, 0x1, 0xbf8d4378, 0x8054a49, 0xbf8d4360) = 0
19176 16:37:31.050819 setgid32(65534)   = 0
19176 16:37:31.050846 setuid32(65534)   = 0
19176 16:37:31.050873 capset(0x19980330, 0, {CAP_NET_BIND_SERVICE, CAP_NET_BIND_SERVICE, 0}) = 0
19176 16:37:31.050907 read(4, "\n", 1)  = 1
19176 16:37:31.050940 write(4, "\1", 1) = 1
19178 16:37:31.050969 <... read resumed> "\1", 1) = 1
19178 16:37:31.050993 write(5, "\f", 1) = 1
19178 16:37:31.051020 read(5,  <unfinished ...>
19176 16:37:31.051042 read(4, "\f", 1)  = 1
19176 16:37:31.051073 socket(PF_INET, SOCK_STREAM, IPPROTO_TCP) = 5
19176 16:37:31.051106 setsockopt(5, SOL_SOCKET, SO_REUSEADDR, [1], 4) = 0
19176 16:37:31.051136 gettimeofday({1495658251, 51154}, NULL) = 0
19176 16:37:31.051186 bind(5, {sa_family=AF_INET, sin_port=htons(7041), sin_addr=inet_addr("127.0.0.1")}, 16) = 0
19176 16:37:31.051223 listen(5, 1)      = 0
19176 16:37:31.051255 write(4, "\201\33\0\0", 4) = 4
19178 16:37:31.051285 <... read resumed> "\201\33\0\0", 4) = 4
19178 16:37:31.051319 write(0, "227 Entering Passive Mode (127,0,0,1,27,129).\r\n", 47) = 47
19178 16:37:31.051576 rt_sigaction(SIGALRM, {0x805cad0, ~[RTMIN RT_1], 0}, NULL, 8) = 0
19178 16:37:31.051616 alarm(300)        = 300
19178 16:37:31.051667 recv(0, "STOR myfile27\r\n", 4096, MSG_PEEK) = 15
19178 16:37:31.051698 read(0, "STOR myfile27\r\n", 15) = 15
19178 16:37:31.051915 write(5, "\v", 1) = 1
19178 16:37:31.051967 read(5,  <unfinished ...>
19176 16:37:31.051998 read(4, "\v", 1)  = 1
19176 16:37:31.052028 write(4, "\1\0\0\0", 4) = 4
19178 16:37:31.052057 <... read resumed> "\1\0\0\0", 4) = 4
19178 16:37:31.052083 gettimeofday({1495658251, 52100}, NULL) = 0
19178 16:37:31.052124 getcwd("/home/msfadmin", 4096) = 15
19178 16:37:31.052155 open("myfile27", O_WRONLY|O_CREAT|O_NONBLOCK|O_LARGEFILE, 0666) = 4
19178 16:37:31.052189 fstat64(4, {st_mode=S_IFREG|0644, st_size=17, ...}) = 0
19178 16:37:31.052227 fcntl64(4, F_GETFL) = 0x8801 (flags O_WRONLY|O_NONBLOCK|O_LARGEFILE)
19178 16:37:31.052256 fcntl64(4, F_SETFL, O_WRONLY|O_LARGEFILE) = 0
19178 16:37:31.052282 fcntl64(4, F_SETLKW64, {type=F_WRLCK, whence=SEEK_SET, start=0, len=0}, 0xbf8d42c4) = 0
19178 16:37:31.052318 ftruncate64(4, 0) = 0
19178 16:37:31.052361 _llseek(4, 0, [0], SEEK_SET) = 0
19178 16:37:31.052391 write(5, "\v", 1) = 1
19178 16:37:31.052419 read(5,  <unfinished ...>
19176 16:37:31.052440 read(4, "\v", 1)  = 1
19176 16:37:31.052470 write(4, "\1\0\0\0", 4) = 4
19178 16:37:31.052497 <... read resumed> "\1\0\0\0", 4) = 4
19178 16:37:31.052520 write(5, "\v", 1) = 1
19178 16:37:31.052547 read(5,  <unfinished ...>
19176 16:37:31.052569 read(4, "\v", 1)  = 1
19176 16:37:31.052596 write(4, "\1\0\0\0", 4) = 4
19178 16:37:31.052624 <... read resumed> "\1\0\0\0", 4) = 4
19178 16:37:31.052647 write(5, "\r", 1) = 1
19178 16:37:31.052673 read(5,  <unfinished ...>
19176 16:37:31.052694 read(4, "\r", 1)  = 1
19176 16:37:31.052725 select(6, [5], NULL, NULL, {60, 0}) = 1 (in [5], left {60, 0})
19176 16:37:31.052765 accept(5, {sa_family=AF_INET, sin_port=htons(36502), sin_addr=inet_addr("127.0.0.1")}, [16]) = 6
19176 16:37:31.052839 write(4, "\1", 1) = 1
19178 16:37:31.052872 <... read resumed> "\1", 1) = 1
19178 16:37:31.052921 recvmsg(5,  <unfinished ...>
19176 16:37:31.052948 sendmsg(4, {msg_name(0)=NULL, msg_iov(1)=[{"\0", 1}], msg_controllen=16, {cmsg_len=16, cmsg_level=SOL_SOCKET, cmsg_type=SCM_RIGHTS, {6}}, msg_flags=0}, 0) = 1
19178 16:37:31.052988 <... recvmsg resumed> {msg_name(0)=NULL, msg_iov(1)=[{"\0", 1}], msg_controllen=16, {cmsg_len=16, cmsg_level=SOL_SOCKET, cmsg_type=SCM_RIGHTS, {6}}, msg_flags=0}, 0) = 1
19178 16:37:31.053021 setsockopt(6, SOL_SOCKET, SO_KEEPALIVE, [1], 4) = 0
19178 16:37:31.053177 setsockopt(6, SOL_IP, IP_TOS, [8], 4) = 0
19178 16:37:31.053235 setsockopt(6, SOL_SOCKET, SO_LINGER, {onoff=1, linger=32767}, 8) = 0
19178 16:37:31.053265 rt_sigaction(SIGALRM, {0x805cad0, ~[RTMIN RT_1], 0}, NULL, 8) = 0
19178 16:37:31.053299 alarm(300)        = 300
19178 16:37:31.053352 write(0, "150 Ok to send data.\r\n", 22) = 22
19178 16:37:31.053526 mmap2(NULL, 77824, PROT_READ|PROT_WRITE, MAP_PRIVATE|MAP_ANONYMOUS, -1, 0) = 0xb7dcb000
19178 16:37:31.053560 mprotect(0xb7ddd000, 4096, PROT_NONE) = 0
19178 16:37:31.053591 mprotect(0xb7dcb000, 4096, PROT_NONE) = 0
19178 16:37:31.053619 read(6, "assasaaa\na\na\na\na\n", 65536) = 17
19178 16:37:31.053651 write(4, "assasaaa\na\na\na\na\n", 17) = 17
19178 16:37:31.053689 read(6, "", 65536) = 0
19178 16:37:31.053717 rt_sigaction(SIGALRM, {0x805cad0, ~[RTMIN RT_1], 0}, NULL, 8) = 0
19178 16:37:31.053750 alarm(300)        = 300
19178 16:37:31.053798 close(6)          = 0
19178 16:37:31.053824 alarm(0)          = 300
19178 16:37:31.053889 gettimeofday({1495658251, 53907}, NULL) = 0
19178 16:37:31.053943 getpid()          = 19178
19178 16:37:31.053974 gettimeofday({1495658251, 53992}, NULL) = 0
19178 16:37:31.054024 fcntl64(3, F_SETLKW64, {type=F_WRLCK, whence=SEEK_SET, start=0, len=0}, 0xbf8d4264) = 0
19178 16:37:31.054060 write(3, "Wed May 24 16:37:31 2017 [pid 19178] [msfadmin] OK UPLOAD: Client \"127.0.0.1\", \"/home/msfadmin/myfile27\", 17 bytes, 8.77Kbyte/sec\n", 130) = 130
19178 16:37:31.054104 fcntl64(3, F_SETLK64, {type=F_UNLCK, whence=SEEK_SET, start=0, len=0}, 0xbf8d426c) = 0
19178 16:37:31.054139 write(0, "226 Transfer complete.\r\n", 24) = 24
19178 16:37:31.054245 write(5, "\n", 1) = 1
19178 16:37:31.054277 read(5,  <unfinished ...>
19176 16:37:31.054299 close(6)          = 0
19176 16:37:31.054363 read(4, "\n", 1)  = 1
19176 16:37:31.054399 close(5)          = 0
19176 16:37:31.054429 write(4, "\1", 1) = 1
19178 16:37:31.054458 <... read resumed> "\1", 1) = 1
19178 16:37:31.054479 close(4)          = 0
19178 16:37:31.054508 rt_sigaction(SIGALRM, {0x805cad0, ~[RTMIN RT_1], 0}, NULL, 8) = 0
19178 16:37:31.054541 alarm(300)        = 0
19178 16:37:31.054592 recv(0,  <unfinished ...>
19176 16:37:31.054615 read(4,  <unfinished ...>
19178 16:37:31.583618 <... recv resumed> "TYPE I\r\n", 4096, MSG_PEEK) = 8
19178 16:37:31.583740 read(0, "TYPE I\r\n", 8) = 8
19178 16:37:31.583851 write(0, "200 Switching to Binary mode.\r\n", 31) = 31
19178 16:37:31.584254 rt_sigaction(SIGALRM, {0x805cad0, ~[RTMIN RT_1], 0}, NULL, 8) = 0
19178 16:37:31.584365 alarm(300)        = 299
19178 16:37:31.584502 recv(0, "PASV\r\n", 4096, MSG_PEEK) = 6
19178 16:37:31.584582 read(0, "PASV\r\n", 6) = 6
19178 16:37:31.584664 write(5, "\n", 1) = 1
19176 16:37:31.584837 <... read resumed> "\n", 1) = 1
19176 16:37:31.584948 write(4, "\1", 1) = 1
19176 16:37:31.585036 read(4,  <unfinished ...>
19178 16:37:31.585096 read(5, "\1", 1)  = 1
19178 16:37:31.585175 write(5, "\f", 1) = 1
19176 16:37:31.585246 <... read resumed> "\f", 1) = 1
19176 16:37:31.585308 socket(PF_INET, SOCK_STREAM, IPPROTO_TCP) = 5
19176 16:37:31.585396 setsockopt(5, SOL_SOCKET, SO_REUSEADDR, [1], 4) = 0
19176 16:37:31.585484 bind(5, {sa_family=AF_INET, sin_port=htons(63945), sin_addr=inet_addr("127.0.0.1")}, 16) = 0
19176 16:37:31.585577 listen(5, 1)      = 0
19176 16:37:31.585660 write(4, "\311\371\0\0", 4) = 4
19176 16:37:31.585736 read(4,  <unfinished ...>
19178 16:37:31.585794 read(5, "\311\371\0\0", 4) = 4
19178 16:37:31.585945 write(0, "227 Entering Passive Mode (127,0,0,1,249,201).\r\n", 48) = 48
19178 16:37:31.586604 rt_sigaction(SIGALRM, {0x805cad0, ~[RTMIN RT_1], 0}, NULL, 8) = 0
19178 16:37:31.586708 alarm(300)        = 300
19178 16:37:31.586907 recv(0, "STOR myfile28\r\n", 4096, MSG_PEEK) = 15
19178 16:37:31.586998 read(0, "STOR myfile28\r\n", 15) = 15
19178 16:37:31.587085 write(5, "\v", 1) = 1
19176 16:37:31.587198 <... read resumed> "\v", 1) = 1
19176 16:37:31.587297 write(4, "\1\0\0\0", 4) = 4
19176 16:37:31.587417 read(4,  <unfinished ...>
19178 16:37:31.587490 read(5, "\1\0\0\0", 4) = 4
19178 16:37:31.587571 gettimeofday({1495658251, 587617}, NULL) = 0
19178 16:37:31.587679 getcwd("/home/msfadmin", 4096) = 15
19178 16:37:31.587762 open("myfile28", O_WRONLY|O_CREAT|O_NONBLOCK|O_LARGEFILE, 0666) = 4
19178 16:37:31.587911 fstat64(4, {st_mode=S_IFREG|0644, st_size=17, ...}) = 0
19178 16:37:31.588016 fcntl64(4, F_GETFL) = 0x8801 (flags O_WRONLY|O_NONBLOCK|O_LARGEFILE)
19178 16:37:31.588091 fcntl64(4, F_SETFL, O_WRONLY|O_LARGEFILE) = 0
19178 16:37:31.588161 fcntl64(4, F_SETLKW64, {type=F_WRLCK, whence=SEEK_SET, start=0, len=0}, 0xbf8d42c4) = 0
19178 16:37:31.588249 ftruncate64(4, 0) = 0
19178 16:37:31.588350 _llseek(4, 0, [0], SEEK_SET) = 0
19178 16:37:31.588426 write(5, "\v", 1 <unfinished ...>
19176 16:37:31.588489 <... read resumed> "\v", 1) = 1
19178 16:37:31.588538 <... write resumed> ) = 1
19176 16:37:31.588593 write(4, "\1\0\0\0", 4) = 4
19176 16:37:31.588668 read(4,  <unfinished ...>
19178 16:37:31.588725 read(5, "\1\0\0\0", 4) = 4
19178 16:37:31.588978 write(5, "\v", 1 <unfinished ...>
19176 16:37:31.589038 <... read resumed> "\v", 1) = 1
19178 16:37:31.589086 <... write resumed> ) = 1
19176 16:37:31.589139 write(4, "\1\0\0\0", 4) = 4
19176 16:37:31.589212 read(4,  <unfinished ...>
19178 16:37:31.589268 read(5, "\1\0\0\0", 4) = 4
19178 16:37:31.589344 write(5, "\r", 1 <unfinished ...>
19176 16:37:31.589402 <... read resumed> "\r", 1) = 1
19178 16:37:31.589449 <... write resumed> ) = 1
19176 16:37:31.589506 select(6, [5], NULL, NULL, {60, 0}) = 1 (in [5], left {60, 0})
19176 16:37:31.589602 accept(5, {sa_family=AF_INET, sin_port=htons(45715), sin_addr=inet_addr("127.0.0.1")}, [16]) = 6
19176 16:37:31.589724 write(4, "\1", 1) = 1
19176 16:37:31.589905 sendmsg(4, {msg_name(0)=NULL, msg_iov(1)=[{"\0", 1}], msg_controllen=16, {cmsg_len=16, cmsg_level=SOL_SOCKET, cmsg_type=SCM_RIGHTS, {6}}, msg_flags=0}, 0) = 1
19176 16:37:31.590034 close(6)          = 0
19176 16:37:31.590105 read(4,  <unfinished ...>
19178 16:37:31.590164 read(5, "\1", 1)  = 1
19178 16:37:31.590247 recvmsg(5, {msg_name(0)=NULL, msg_iov(1)=[{"\0", 1}], msg_controllen=16, {cmsg_len=16, cmsg_level=SOL_SOCKET, cmsg_type=SCM_RIGHTS, {6}}, msg_flags=0}, 0) = 1
19178 16:37:31.590353 setsockopt(6, SOL_SOCKET, SO_KEEPALIVE, [1], 4) = 0
19178 16:37:31.590435 setsockopt(6, SOL_IP, IP_TOS, [8], 4) = 0
19178 16:37:31.590514 setsockopt(6, SOL_SOCKET, SO_LINGER, {onoff=1, linger=32767}, 8) = 0
19178 16:37:31.590589 rt_sigaction(SIGALRM, {0x805cad0, ~[RTMIN RT_1], 0}, NULL, 8) = 0
19178 16:37:31.590676 alarm(300)        = 300
19178 16:37:31.590865 write(0, "150 Ok to send data.\r\n", 22) = 22
19178 16:37:31.591299 read(6, "assasaaa\na\na\na\na\n", 65536) = 17
19178 16:37:31.591392 write(4, "assasaaa\na\na\na\na\n", 17) = 17
19178 16:37:31.591488 read(6, "", 65536) = 0
19178 16:37:31.591562 rt_sigaction(SIGALRM, {0x805cad0, ~[RTMIN RT_1], 0}, NULL, 8) = 0
19178 16:37:31.591649 alarm(300)        = 300
19178 16:37:31.591835 close(6)          = 0
19178 16:37:31.592021 alarm(0)          = 300
19178 16:37:31.592124 gettimeofday({1495658251, 592169}, NULL) = 0
19178 16:37:31.592249 gettimeofday({1495658251, 592295}, NULL) = 0
19178 16:37:31.592364 fcntl64(3, F_SETLKW64, {type=F_WRLCK, whence=SEEK_SET, start=0, len=0}, 0xbf8d4264) = 0
19178 16:37:31.592455 write(3, "Wed May 24 16:37:31 2017 [pid 19178] [msfadmin] OK UPLOAD: Client \"127.0.0.1\", \"/home/msfadmin/myfile28\", 17 bytes, 3.55Kbyte/sec\n", 130) = 130
19178 16:37:31.592571 fcntl64(3, F_SETLK64, {type=F_UNLCK, whence=SEEK_SET, start=0, len=0}, 0xbf8d426c) = 0
19178 16:37:31.592663 write(0, "226 Transfer complete.\r\n", 24) = 24
19178 16:37:31.592941 write(5, "\n", 1 <unfinished ...>
19176 16:37:31.593015 <... read resumed> "\n", 1) = 1
19178 16:37:31.593064 <... write resumed> ) = 1
19176 16:37:31.593267 close(5)          = 0
19176 16:37:31.593371 write(4, "\1", 1) = 1
19176 16:37:31.593451 read(4,  <unfinished ...>
19178 16:37:31.593511 read(5, "\1", 1)  = 1
19178 16:37:31.593587 close(4)          = 0
19178 16:37:31.593662 rt_sigaction(SIGALRM, {0x805cad0, ~[RTMIN RT_1], 0}, NULL, 8) = 0
19178 16:37:31.593806 alarm(300)        = 0
19178 16:37:31.593943 recv(0, "TYPE I\r\n", 4096, MSG_PEEK) = 8
19178 16:37:32.103729 read(0, "TYPE I\r\n", 8) = 8
19178 16:37:32.103858 write(0, "200 Switching to Binary mode.\r\n", 31) = 31
19178 16:37:32.104221 rt_sigaction(SIGALRM, {0x805cad0, ~[RTMIN RT_1], 0}, NULL, 8) = 0
19178 16:37:32.104328 alarm(300)        = 299
19178 16:37:32.104467 recv(0, "PASV\r\n", 4096, MSG_PEEK) = 6
19178 16:37:32.104547 read(0, "PASV\r\n", 6) = 6
19178 16:37:32.104629 write(5, "\n", 1 <unfinished ...>
19176 16:37:32.104700 <... read resumed> "\n", 1) = 1
19178 16:37:32.104750 <... write resumed> ) = 1
19176 16:37:32.104807 write(4, "\1", 1) = 1
19176 16:37:32.104882 read(4,  <unfinished ...>
19178 16:37:32.104989 read(5, "\1", 1)  = 1
19178 16:37:32.105083 write(5, "\f", 1 <unfinished ...>
19176 16:37:32.105144 <... read resumed> "\f", 1) = 1
19178 16:37:32.105192 <... write resumed> ) = 1
19176 16:37:32.105251 socket(PF_INET, SOCK_STREAM, IPPROTO_TCP) = 5
19176 16:37:32.105395 setsockopt(5, SOL_SOCKET, SO_REUSEADDR, [1], 4) = 0
19176 16:37:32.105483 bind(5, {sa_family=AF_INET, sin_port=htons(49188), sin_addr=inet_addr("127.0.0.1")}, 16) = 0
19176 16:37:32.105576 listen(5, 1)      = 0
19176 16:37:32.105659 write(4, "$\300\0\0", 4) = 4
19176 16:37:32.105737 read(4,  <unfinished ...>
19178 16:37:32.105796 read(5, "$\300\0\0", 4) = 4
19178 16:37:32.105885 write(0, "227 Entering Passive Mode (127,0,0,1,192,36).\r\n", 47) = 47
19178 16:37:32.106719 rt_sigaction(SIGALRM, {0x805cad0, ~[RTMIN RT_1], 0}, NULL, 8) = 0
19178 16:37:32.106821 alarm(300)        = 300
19178 16:37:32.106957 recv(0, "STOR myfile29\r\n", 4096, MSG_PEEK) = 15
19178 16:37:32.107104 read(0, "STOR myfile29\r\n", 15) = 15
19178 16:37:32.107194 write(5, "\v", 1 <unfinished ...>
19176 16:37:32.107258 <... read resumed> "\v", 1) = 1
19178 16:37:32.107308 <... write resumed> ) = 1
19176 16:37:32.107383 write(4, "\1\0\0\0", 4) = 4
19176 16:37:32.107460 read(4,  <unfinished ...>
19178 16:37:32.107518 read(5, "\1\0\0\0", 4) = 4
19178 16:37:32.107727 gettimeofday({1495658252, 107781}, NULL) = 0
19178 16:37:32.107842 getcwd("/home/msfadmin", 4096) = 15
19178 16:37:32.107925 open("myfile29", O_WRONLY|O_CREAT|O_NONBLOCK|O_LARGEFILE, 0666) = 4
19178 16:37:32.108064 fstat64(4, {st_mode=S_IFREG|0644, st_size=17, ...}) = 0
19178 16:37:32.108168 fcntl64(4, F_GETFL) = 0x8801 (flags O_WRONLY|O_NONBLOCK|O_LARGEFILE)
19178 16:37:32.108243 fcntl64(4, F_SETFL, O_WRONLY|O_LARGEFILE) = 0
19178 16:37:32.108314 fcntl64(4, F_SETLKW64, {type=F_WRLCK, whence=SEEK_SET, start=0, len=0}, 0xbf8d42c4) = 0
19178 16:37:32.108401 ftruncate64(4, 0) = 0
19178 16:37:32.108499 _llseek(4, 0, [0], SEEK_SET) = 0
19178 16:37:32.108575 write(5, "\v", 1 <unfinished ...>
19176 16:37:32.108640 <... read resumed> "\v", 1) = 1
19178 16:37:32.108688 <... write resumed> ) = 1
19176 16:37:32.108743 write(4, "\1\0\0\0", 4) = 4
19176 16:37:32.108817 read(4,  <unfinished ...>
19178 16:37:32.108875 read(5, "\1\0\0\0", 4) = 4
19178 16:37:32.109042 write(5, "\v", 1 <unfinished ...>
19176 16:37:32.109112 <... read resumed> "\v", 1) = 1
19178 16:37:32.109161 <... write resumed> ) = 1
19176 16:37:32.109215 write(4, "\1\0\0\0", 4) = 4
19176 16:37:32.109288 read(4,  <unfinished ...>
19178 16:37:32.109345 read(5, "\1\0\0\0", 4) = 4
19178 16:37:32.109422 write(5, "\r", 1 <unfinished ...>
19176 16:37:32.109479 <... read resumed> "\r", 1) = 1
19178 16:37:32.109527 <... write resumed> ) = 1
19176 16:37:32.109586 select(6, [5], NULL, NULL, {60, 0}) = 1 (in [5], left {60, 0})
19176 16:37:32.109682 accept(5, {sa_family=AF_INET, sin_port=htons(43672), sin_addr=inet_addr("127.0.0.1")}, [16]) = 6
19176 16:37:32.109807 write(4, "\1", 1) = 1
19176 16:37:32.109893 sendmsg(4, {msg_name(0)=NULL, msg_iov(1)=[{"\0", 1}], msg_controllen=16, {cmsg_len=16, cmsg_level=SOL_SOCKET, cmsg_type=SCM_RIGHTS, {6}}, msg_flags=0}, 0) = 1
19176 16:37:32.109997 close(6)          = 0
19176 16:37:32.110068 read(4,  <unfinished ...>
19178 16:37:32.110126 read(5, "\1", 1)  = 1
19178 16:37:32.110208 recvmsg(5, {msg_name(0)=NULL, msg_iov(1)=[{"\0", 1}], msg_controllen=16, {cmsg_len=16, cmsg_level=SOL_SOCKET, cmsg_type=SCM_RIGHTS, {6}}, msg_flags=0}, 0) = 1
19178 16:37:32.110314 setsockopt(6, SOL_SOCKET, SO_KEEPALIVE, [1], 4) = 0
19178 16:37:32.110484 setsockopt(6, SOL_IP, IP_TOS, [8], 4) = 0
19178 16:37:32.110563 setsockopt(6, SOL_SOCKET, SO_LINGER, {onoff=1, linger=32767}, 8) = 0
19178 16:37:32.110639 rt_sigaction(SIGALRM, {0x805cad0, ~[RTMIN RT_1], 0}, NULL, 8) = 0
19178 16:37:32.110726 alarm(300)        = 300
19178 16:37:32.110913 write(0, "150 Ok to send data.\r\n", 22) = 22
19178 16:37:32.111365 read(6, "assasaaa\na\na\na\na\n", 65536) = 17
19178 16:37:32.111458 write(4, "assasaaa\na\na\na\na\n", 17) = 17
19178 16:37:32.111555 read(6, "", 65536) = 0
19178 16:37:32.111628 rt_sigaction(SIGALRM, {0x805cad0, ~[RTMIN RT_1], 0}, NULL, 8) = 0
19178 16:37:32.111716 alarm(300)        = 300
19178 16:37:32.111902 close(6)          = 0
19178 16:37:32.112073 alarm(0)          = 300
19178 16:37:32.112176 gettimeofday({1495658252, 112222}, NULL) = 0
19178 16:37:32.112301 gettimeofday({1495658252, 112347}, NULL) = 0
19178 16:37:32.112415 fcntl64(3, F_SETLKW64, {type=F_WRLCK, whence=SEEK_SET, start=0, len=0}, 0xbf8d4264) = 0
19178 16:37:32.112509 write(3, "Wed May 24 16:37:32 2017 [pid 19178] [msfadmin] OK UPLOAD: Client \"127.0.0.1\", \"/home/msfadmin/myfile29\", 17 bytes, 3.64Kbyte/sec\n", 130) = 130
19178 16:37:32.112624 fcntl64(3, F_SETLK64, {type=F_UNLCK, whence=SEEK_SET, start=0, len=0}, 0xbf8d426c) = 0
19178 16:37:32.112715 write(0, "226 Transfer complete.\r\n", 24) = 24
19178 16:37:32.112994 write(5, "\n", 1 <unfinished ...>
19176 16:37:32.113069 <... read resumed> "\n", 1) = 1
19178 16:37:32.113284 <... write resumed> ) = 1
19176 16:37:32.113574 close(5)          = 0
19176 16:37:32.113661 write(4, "\1", 1) = 1
19176 16:37:32.113742 read(4,  <unfinished ...>
19178 16:37:32.113838 read(5, "\1", 1)  = 1
19178 16:37:32.113943 close(4)          = 0
19178 16:37:32.114019 rt_sigaction(SIGALRM, {0x805cad0, ~[RTMIN RT_1], 0}, NULL, 8) = 0
19178 16:37:32.114107 alarm(300)        = 0
19178 16:37:32.114240 recv(0, "TYPE I\r\n", 4096, MSG_PEEK) = 8
19178 16:37:32.613758 read(0, "TYPE I\r\n", 8) = 8
19178 16:37:32.613890 write(0, "200 Switching to Binary mode.\r\n", 31) = 31
19178 16:37:32.614247 rt_sigaction(SIGALRM, {0x805cad0, ~[RTMIN RT_1], 0}, NULL, 8) = 0
19178 16:37:32.614355 alarm(300)        = 299
19178 16:37:32.614493 recv(0, "PASV\r\n", 4096, MSG_PEEK) = 6
19178 16:37:32.614573 read(0, "PASV\r\n", 6) = 6
19178 16:37:32.614653 write(5, "\n", 1 <unfinished ...>
19176 16:37:32.614722 <... read resumed> "\n", 1) = 1
19178 16:37:32.614772 <... write resumed> ) = 1
19176 16:37:32.614829 write(4, "\1", 1) = 1
19176 16:37:32.614904 read(4,  <unfinished ...>
19178 16:37:32.615009 read(5, "\1", 1)  = 1
19178 16:37:32.615102 write(5, "\f", 1 <unfinished ...>
19176 16:37:32.615163 <... read resumed> "\f", 1) = 1
19178 16:37:32.615211 <... write resumed> ) = 1
19176 16:37:32.615269 socket(PF_INET, SOCK_STREAM, IPPROTO_TCP) = 5
19176 16:37:32.615357 setsockopt(5, SOL_SOCKET, SO_REUSEADDR, [1], 4) = 0
19176 16:37:32.615444 bind(5, {sa_family=AF_INET, sin_port=htons(53208), sin_addr=inet_addr("127.0.0.1")}, 16) = 0
19176 16:37:32.615537 listen(5, 1)      = 0
19176 16:37:32.615620 write(4, "\330\317\0\0", 4) = 4
19176 16:37:32.615697 read(4,  <unfinished ...>
19178 16:37:32.615754 read(5, "\330\317\0\0", 4) = 4
19178 16:37:32.615852 write(0, "227 Entering Passive Mode (127,0,0,1,207,216).\r\n", 48) = 48
19178 16:37:32.616555 rt_sigaction(SIGALRM, {0x805cad0, ~[RTMIN RT_1], 0}, NULL, 8) = 0
19178 16:37:32.616659 alarm(300)        = 300
19178 16:37:32.616794 recv(0, "STOR myfile30\r\n", 4096, MSG_PEEK) = 15
19178 16:37:32.616877 read(0, "STOR myfile30\r\n", 15) = 15
19178 16:37:32.616982 write(5, "\v", 1 <unfinished ...>
19176 16:37:32.617047 <... read resumed> "\v", 1) = 1
19178 16:37:32.617095 <... write resumed> ) = 1
19176 16:37:32.617149 write(4, "\1\0\0\0", 4) = 4
19176 16:37:32.617224 read(4,  <unfinished ...>
19178 16:37:32.617281 read(5, "\1\0\0\0", 4) = 4
19178 16:37:32.617357 gettimeofday({1495658252, 617402}, NULL) = 0
19178 16:37:32.617462 getcwd("/home/msfadmin", 4096) = 15
19178 16:37:32.617545 open("myfile30", O_WRONLY|O_CREAT|O_NONBLOCK|O_LARGEFILE, 0666) = 4
19178 16:37:32.617630 fstat64(4, {st_mode=S_IFREG|0644, st_size=17, ...}) = 0
19178 16:37:32.617733 fcntl64(4, F_GETFL) = 0x8801 (flags O_WRONLY|O_NONBLOCK|O_LARGEFILE)
19178 16:37:32.617809 fcntl64(4, F_SETFL, O_WRONLY|O_LARGEFILE) = 0
19178 16:37:32.617943 fcntl64(4, F_SETLKW64, {type=F_WRLCK, whence=SEEK_SET, start=0, len=0}, 0xbf8d42c4) = 0
19178 16:37:32.618038 ftruncate64(4, 0) = 0
19178 16:37:32.618138 _llseek(4, 0, [0], SEEK_SET) = 0
19178 16:37:32.618214 write(5, "\v", 1 <unfinished ...>
19176 16:37:32.618337 <... read resumed> "\v", 1) = 1
19178 16:37:32.618386 <... write resumed> ) = 1
19176 16:37:32.618440 write(4, "\1\0\0\0", 4) = 4
19176 16:37:32.618515 read(4,  <unfinished ...>
19178 16:37:32.618573 read(5, "\1\0\0\0", 4) = 4
19178 16:37:32.618648 write(5, "\v", 1 <unfinished ...>
19176 16:37:32.618706 <... read resumed> "\v", 1) = 1
19178 16:37:32.618753 <... write resumed> ) = 1
19176 16:37:32.618806 write(4, "\1\0\0\0", 4) = 4
19176 16:37:32.618891 read(4,  <unfinished ...>
19178 16:37:32.618948 read(5, "\1\0\0\0", 4) = 4
19178 16:37:32.619025 write(5, "\r", 1 <unfinished ...>
19176 16:37:32.619082 <... read resumed> "\r", 1) = 1
19178 16:37:32.619130 <... write resumed> ) = 1
19176 16:37:32.619186 select(6, [5], NULL, NULL, {60, 0}) = 1 (in [5], left {60, 0})
19176 16:37:32.619284 accept(5, {sa_family=AF_INET, sin_port=htons(50955), sin_addr=inet_addr("127.0.0.1")}, [16]) = 6
19176 16:37:32.619407 write(4, "\1", 1) = 1
19176 16:37:32.619486 sendmsg(4, {msg_name(0)=NULL, msg_iov(1)=[{"\0", 1}], msg_controllen=16, {cmsg_len=16, cmsg_level=SOL_SOCKET, cmsg_type=SCM_RIGHTS, {6}}, msg_flags=0}, 0) = 1
19176 16:37:32.619589 close(6)          = 0
19176 16:37:32.619680 read(4,  <unfinished ...>
19178 16:37:32.619739 read(5, "\1", 1)  = 1
19178 16:37:32.619877 recvmsg(5, {msg_name(0)=NULL, msg_iov(1)=[{"\0", 1}], msg_controllen=16, {cmsg_len=16, cmsg_level=SOL_SOCKET, cmsg_type=SCM_RIGHTS, {6}}, msg_flags=0}, 0) = 1
19178 16:37:32.619991 setsockopt(6, SOL_SOCKET, SO_KEEPALIVE, [1], 4) = 0
19178 16:37:32.620072 setsockopt(6, SOL_IP, IP_TOS, [8], 4) = 0
19178 16:37:32.620150 setsockopt(6, SOL_SOCKET, SO_LINGER, {onoff=1, linger=32767}, 8) = 0
19178 16:37:32.620227 rt_sigaction(SIGALRM, {0x805cad0, ~[RTMIN RT_1], 0}, NULL, 8) = 0
19178 16:37:32.620312 alarm(300)        = 300
19178 16:37:32.620454 write(0, "150 Ok to send data.\r\n", 22) = 22
19178 16:37:32.620943 read(6, "assasaaa\na\na\na\na\n", 65536) = 17
19178 16:37:32.621039 write(4, "assasaaa\na\na\na\na\n", 17) = 17
19178 16:37:32.621136 read(6, "", 65536) = 0
19178 16:37:32.621209 rt_sigaction(SIGALRM, {0x805cad0, ~[RTMIN RT_1], 0}, NULL, 8) = 0
19178 16:37:32.621296 alarm(300)        = 300
19178 16:37:32.621424 close(6)          = 0
19178 16:37:32.621582 alarm(0)          = 300
19178 16:37:32.621685 gettimeofday({1495658252, 621918}, NULL) = 0
19178 16:37:32.622003 gettimeofday({1495658252, 622055}, NULL) = 0
19178 16:37:32.622124 fcntl64(3, F_SETLKW64, {type=F_WRLCK, whence=SEEK_SET, start=0, len=0}, 0xbf8d4264) = 0
19178 16:37:32.622218 write(3, "Wed May 24 16:37:32 2017 [pid 19178] [msfadmin] OK UPLOAD: Client \"127.0.0.1\", \"/home/msfadmin/myfile30\", 17 bytes, 3.57Kbyte/sec\n", 130) = 130
