10651 15:00:11.658495 mmap2(NULL, 4096, PROT_READ|PROT_WRITE, MAP_PRIVATE|MAP_ANONYMOUS, -1, 0) = 0xb7f4e000
10651 15:00:11.658513 read(6, "#\n# /etc/pam.d/common-auth - authentication settings common to all services\n#\n# This file is included from other service-specific PAM config files,\n# and should contain a list of the authentication modules that define\n# the central authentication scheme for use on the system\n# (e.g., /etc/shadow, LDAP, Kerberos, etc.).  The default is to use the\n# traditional Unix authentication mechanisms.\n#\nauth\trequisite\tpam_unix.so nullok_secure\n# auth\toptional\tpam_smbpass.so migrate\n", 4096) = 476
10651 15:00:11.658590 read(6, "", 4096) = 0
10651 15:00:11.658607 close(6)          = 0
10651 15:00:11.658622 munmap(0xb7f4e000, 4096) = 0
10651 15:00:11.658640 stat64("/etc/pam.d", {st_mode=S_IFDIR|0755, st_size=4096, ...}) = 0
10651 15:00:11.658671 open("/etc/pam.d/common-account", O_RDONLY|O_LARGEFILE) = 6
10651 15:00:11.658692 fstat64(6, {st_mode=S_IFREG|0644, st_size=392, ...}) = 0
10651 15:00:11.658719 mmap2(NULL, 4096, PROT_READ|PROT_WRITE, MAP_PRIVATE|MAP_ANONYMOUS, -1, 0) = 0xb7f4e000
10651 15:00:11.658736 read(6, "#\n# /etc/pam.d/common-account - authorization settings common to all services\n#\n# This file is included from other service-specific PAM config files,\n# and should contain a list of the authorization modules that define\n# the central access policy for use on the system.  The default is to\n# only deny service to users whose accounts are expired in /etc/shadow.\n#\naccount\trequired\tpam_unix.so\n", 4096) = 392
10651 15:00:11.658801 read(6, "", 4096) = 0
10651 15:00:11.658818 close(6)          = 0
10651 15:00:11.658833 munmap(0xb7f4e000, 4096) = 0
10651 15:00:11.658851 stat64("/etc/pam.d", {st_mode=S_IFDIR|0755, st_size=4096, ...}) = 0
10651 15:00:11.658903 open("/etc/pam.d/common-password", O_RDONLY|O_LARGEFILE) = 6
10651 15:00:11.658926 fstat64(6, {st_mode=S_IFREG|0644, st_size=1563, ...}) = 0
10651 15:00:11.658953 mmap2(NULL, 4096, PROT_READ|PROT_WRITE, MAP_PRIVATE|MAP_ANONYMOUS, -1, 0) = 0xb7f4e000
10651 15:00:11.658971 read(6, "#\n# /etc/pam.d/common-password - password-related modules common to all services\n#\n# This file is included from other service-specific PAM config files,\n# and should contain a list of modules that define the services to be\n# used to change user passwords.  The default is pam_unix.\n\n# Explanation of pam_unix options:\n#\n# The \"nullok\" option allows users to change an empty password, else\n# empty passwords are treated as locked accounts.\n#\n# The \"md5\" option enables MD5 passwords.  Without this option, the\n# default is Unix crypt.\n#\n# The \"obscure\" option replaces the old `OBSCURE_CHECKS_ENAB\' option in\n# login.defs.\n#\n# You can also use the \"min\" option to enforce the length of the new\n# password.\n#\n# See the pam_unix manpage for other options.\n\npassword   requisite   pam_unix.so nullok obscure md5\n\n# Alternate strength checking for password. Note that this\n# requires the libpam-cracklib package to be installed.\n# You will need to comment out the password line above and\n# uncomment the next two in order to use this.\n# (Replaces the `OBSCURE_CHECKS_ENAB\', `CRACKLIB_DICTPATH\')\n#\n# password required\t  pam_cracklib.so retry=3 minlen=6 difok=3\n# password required\t  pam_unix.so use_authtok nullok md5\n\n# minimally-intrusive inclusion of smbpass in the stack for\n# synchronization.  If the module is absent or the passwords don\'t\n# match, this module will be ignored without prompting; and if the \n# passwords do match, the NTLM hash for the user will be updated\n# automatically.\n# password   optional   pam_smbpass.so nullok use_authtok use_first_pass\n", 4096) = 1563
10651 15:00:11.659164 read(6, "", 4096) = 0
10651 15:00:11.659181 close(6)          = 0
10651 15:00:11.659197 munmap(0xb7f4e000, 4096) = 0
10651 15:00:11.659216 stat64("/etc/pam.d", {st_mode=S_IFDIR|0755, st_size=4096, ...}) = 0
10651 15:00:11.659246 open("/etc/pam.d/common-session", O_RDONLY|O_LARGEFILE) = 6
10651 15:00:11.659268 fstat64(6, {st_mode=S_IFREG|0644, st_size=372, ...}) = 0
10651 15:00:11.659295 mmap2(NULL, 4096, PROT_READ|PROT_WRITE, MAP_PRIVATE|MAP_ANONYMOUS, -1, 0) = 0xb7f4e000
10651 15:00:11.659313 read(6, "#\n# /etc/pam.d/common-session - session-related modules common to all services\n#\n# This file is included from other service-specific PAM config files,\n# and should contain a list of modules that define tasks to be performed\n# at the start and end of sessions of *any* kind (both interactive and\n# non-interactive).  The default is pam_unix.\n#\nsession\trequired\tpam_unix.so\n", 4096) = 372
10651 15:00:11.659376 read(6, "", 4096) = 0
10651 15:00:11.659392 close(6)          = 0
10651 15:00:11.659408 munmap(0xb7f4e000, 4096) = 0
10651 15:00:11.659425 read(5, "", 4096) = 0
10651 15:00:11.659441 close(5)          = 0
10651 15:00:11.659456 munmap(0xb7f54000, 4096) = 0
10651 15:00:11.659479 time(NULL)        = 1495652411
10651 15:00:11.659499 lstat64("/etc/ftpusers", {st_mode=S_IFREG|0644, st_size=132, ...}) = 0
10651 15:00:11.659529 open("/etc/ftpusers", O_RDONLY|O_LARGEFILE) = 5
10651 15:00:11.659549 fstat64(5, {st_mode=S_IFREG|0644, st_size=132, ...}) = 0
10651 15:00:11.659576 mmap2(NULL, 4096, PROT_READ|PROT_WRITE, MAP_PRIVATE|MAP_ANONYMOUS, -1, 0) = 0xb7f54000
10651 15:00:11.659593 read(5, "# /etc/ftpusers: list of users disallowed FTP access. See ftpusers(5).\n\nroot\ndaemon\nbin\nsys\nsync\ngames\nman\nlp\nmail\nnews\nuucp\nnobody\n", 4096) = 132
10651 15:00:11.659629 read(5, "", 4096) = 0
10651 15:00:11.659644 close(5)          = 0
10651 15:00:11.659660 munmap(0xb7f54000, 4096) = 0
10651 15:00:11.659686 getuid32()        = 0
10651 15:00:11.659715 open("/etc/passwd", O_RDONLY|0x80000 /* O_??? */) = 5
10651 15:00:11.659740 _llseek(5, 0, [0], SEEK_CUR) = 0
10651 15:00:11.659764 fstat64(5, {st_mode=S_IFREG|0644, st_size=1624, ...}) = 0
10651 15:00:11.659792 mmap2(NULL, 1624, PROT_READ, MAP_SHARED, 5, 0) = 0xb7f54000
10651 15:00:11.659811 _llseek(5, 1624, [1624], SEEK_SET) = 0
10651 15:00:11.659854 munmap(0xb7f54000, 1624) = 0
10651 15:00:11.659875 close(5)          = 0
10651 15:00:11.659920 open("/etc/shadow", O_RDONLY|0x80000 /* O_??? */) = 5
10651 15:00:11.659951 _llseek(5, 0, [0], SEEK_CUR) = 0
10651 15:00:11.659969 fstat64(5, {st_mode=S_IFREG|0640, st_size=1233, ...}) = 0
10651 15:00:11.659996 mmap2(NULL, 1233, PROT_READ, MAP_SHARED, 5, 0) = 0xb7f54000
10651 15:00:11.660014 _llseek(5, 1233, [1233], SEEK_SET) = 0
10651 15:00:11.660049 munmap(0xb7f54000, 1233) = 0
10651 15:00:11.660066 close(5)          = 0
10651 15:00:11.660098 open("/etc/passwd", O_RDONLY|0x80000 /* O_??? */) = 5
10651 15:00:11.660120 _llseek(5, 0, [0], SEEK_CUR) = 0
10651 15:00:11.660137 fstat64(5, {st_mode=S_IFREG|0644, st_size=1624, ...}) = 0
10651 15:00:11.660164 mmap2(NULL, 1624, PROT_READ, MAP_SHARED, 5, 0) = 0xb7f54000
10651 15:00:11.660182 _llseek(5, 1624, [1624], SEEK_SET) = 0
10651 15:00:11.660209 munmap(0xb7f54000, 1624) = 0
10651 15:00:11.660226 close(5)          = 0
10651 15:00:11.660247 open("/etc/shadow", O_RDONLY|0x80000 /* O_??? */) = 5
10651 15:00:11.660269 _llseek(5, 0, [0], SEEK_CUR) = 0
10651 15:00:11.660286 fstat64(5, {st_mode=S_IFREG|0640, st_size=1233, ...}) = 0
10651 15:00:11.660313 mmap2(NULL, 1233, PROT_READ, MAP_SHARED, 5, 0) = 0xb7f54000
10651 15:00:11.661082 _llseek(5, 1233, [1233], SEEK_SET) = 0
10651 15:00:11.661158 munmap(0xb7f54000, 1233) = 0
10651 15:00:11.661200 close(5)          = 0
10651 15:00:11.661630 getuid32()        = 0
10651 15:00:11.661653 open("/etc/passwd", O_RDONLY|0x80000 /* O_??? */) = 5
10651 15:00:11.661676 _llseek(5, 0, [0], SEEK_CUR) = 0
10651 15:00:11.661694 fstat64(5, {st_mode=S_IFREG|0644, st_size=1624, ...}) = 0
10651 15:00:11.661721 mmap2(NULL, 1624, PROT_READ, MAP_SHARED, 5, 0) = 0xb7f54000
10651 15:00:11.661740 _llseek(5, 1624, [1624], SEEK_SET) = 0
10651 15:00:11.661767 munmap(0xb7f54000, 1624) = 0
10651 15:00:11.661784 close(5)          = 0
10651 15:00:11.661807 open("/etc/shadow", O_RDONLY|0x80000 /* O_??? */) = 5
10651 15:00:11.661829 _llseek(5, 0, [0], SEEK_CUR) = 0
10651 15:00:11.661847 fstat64(5, {st_mode=S_IFREG|0640, st_size=1233, ...}) = 0
10651 15:00:11.661873 mmap2(NULL, 1233, PROT_READ, MAP_SHARED, 5, 0) = 0xb7f54000
10651 15:00:11.661891 _llseek(5, 1233, [1233], SEEK_SET) = 0
10651 15:00:11.661919 munmap(0xb7f54000, 1233) = 0
10651 15:00:11.661935 close(5)          = 0
10651 15:00:11.661955 time(NULL)        = 1495652411
10651 15:00:11.661980 munmap(0xb7f51000, 12164) = 0
10651 15:00:11.662002 munmap(0xb7f4f000, 7136) = 0
10651 15:00:11.662026 munmap(0xb7d84000, 95428) = 0
10651 15:00:11.662064 munmap(0xb7d4a000, 201052) = 0
10651 15:00:11.662084 munmap(0xb7d31000, 101180) = 0
10651 15:00:11.662113 gettimeofday({1495652411, 662120}, NULL) = 0
10651 15:00:11.662133 stat64("/usr/share/zoneinfo/UTC+04:00", 0xbfe447b4) = -1 ENOENT (No such file or directory)
10651 15:00:11.662159 open("/usr/share/zoneinfo/UTC+04:00", O_RDONLY) = -1 ENOENT (No such file or directory)
10651 15:00:11.662205 fcntl64(3, F_SETLKW64, {type=F_WRLCK, whence=SEEK_SET, start=0, len=0}, 0xbfe44904) = 0
10651 15:00:11.662234 write(3, "Wed May 24 15:00:11 2017 [pid 10651] [msfadmin] OK LOGIN: Client \"127.0.0.1\"\n", 77) = 77
10651 15:00:11.662263 fcntl64(3, F_SETLK64, {type=F_UNLCK, whence=SEEK_SET, start=0, len=0}, 0xbfe4490c) = 0
10651 15:00:11.662285 rt_sigaction(SIGCHLD, {0x805cad0, ~[RTMIN RT_1], 0}, NULL, 8) = 0
10651 15:00:11.662310 write(4, "\1", 1 <unfinished ...>
10652 15:00:11.662328 <... read resumed> "\1", 1) = 1
10651 15:00:11.662337 <... write resumed> ) = 1
10652 15:00:11.662351 exit_group(0)     = ?
10651 15:00:11.662409 --- SIGCHLD (Child exited) @ 0 (0) ---
10651 15:00:11.662421 sigreturn()       = ? (mask now [])
10651 15:00:11.662452 wait4(-1, [{WIFEXITED(s) && WEXITSTATUS(s) == 0}], 0, NULL) = 10652
10651 15:00:11.662474 close(4)          = 0
10651 15:00:11.662502 socketpair(PF_FILE, SOCK_STREAM, 0, [4, 5]) = 0
10651 15:00:11.662538 rt_sigaction(SIGCHLD, {0x805cad0, ~[RTMIN RT_1], 0}, NULL, 8) = 0
10651 15:00:11.662568 rt_sigaction(SIGALRM, {0x805cb10, ~[RTMIN RT_1], 0}, NULL, 8) = 0
10651 15:00:11.662592 clone(child_stack=0, flags=CLONE_CHILD_CLEARTID|CLONE_CHILD_SETTID|SIGCHLD, child_tidptr=0xb7dba6f8) = 10653
10653 15:00:11.662681 prctl(0x1, 0x9, 0, 0, 0) = 0
10653 15:00:11.662704 close(4)          = 0
10653 15:00:11.662749 open("/etc/passwd", O_RDONLY|0x80000 /* O_??? */) = 4
10653 15:00:11.662778 _llseek(4, 0, [0], SEEK_CUR) = 0
10653 15:00:11.662804 fstat64(4, {st_mode=S_IFREG|0644, st_size=1624, ...}) = 0
10653 15:00:11.662835 mmap2(NULL, 1624, PROT_READ, MAP_SHARED, 4, 0) = 0xb7f54000
10653 15:00:11.662855 _llseek(4, 1624, [1624], SEEK_SET) = 0
10653 15:00:11.662893 munmap(0xb7f54000, 1624) = 0
10653 15:00:11.662912 close(4)          = 0
10653 15:00:11.662935 getuid32()        = 0
10653 15:00:11.662952 open("/etc/passwd", O_RDONLY|0x80000 /* O_??? */) = 4
10653 15:00:11.662973 _llseek(4, 0, [0], SEEK_CUR) = 0
10653 15:00:11.663023 fstat64(4, {st_mode=S_IFREG|0644, st_size=1624, ...}) = 0
10653 15:00:11.663054 mmap2(NULL, 1624, PROT_READ, MAP_SHARED, 4, 0) = 0xb7f54000
10653 15:00:11.663073 _llseek(4, 1624, [1624], SEEK_SET) = 0
10653 15:00:11.663100 munmap(0xb7f54000, 1624) = 0
10653 15:00:11.663117 close(4)          = 0
10653 15:00:11.663163 open("/proc/sys/kernel/ngroups_max", O_RDONLY) = 4
10653 15:00:11.663198 read(4, "65536\n", 31) = 6
10653 15:00:11.663219 close(4)          = 0
10653 15:00:11.663242 socket(PF_FILE, SOCK_STREAM, 0) = 4
10653 15:00:11.663262 fcntl64(4, F_SETFL, O_RDWR|O_NONBLOCK) = 0
10653 15:00:11.663281 connect(4, {sa_family=AF_FILE, path="/var/run/nscd/socket"}, 110) = -1 ENOENT (No such file or directory)
10653 15:00:11.663318 close(4)          = 0
10653 15:00:11.663337 socket(PF_FILE, SOCK_STREAM, 0) = 4
10653 15:00:11.663354 fcntl64(4, F_SETFL, O_RDWR|O_NONBLOCK) = 0
10653 15:00:11.663371 connect(4, {sa_family=AF_FILE, path="/var/run/nscd/socket"}, 110) = -1 ENOENT (No such file or directory)
10653 15:00:11.663401 close(4)          = 0
10653 15:00:11.663440 open("/etc/group", O_RDONLY|0x80000 /* O_??? */) = 4
10653 15:00:11.663465 _llseek(4, 0, [0], SEEK_CUR) = 0
10653 15:00:11.663496 fstat64(4, {st_mode=S_IFREG|0644, st_size=886, ...}) = 0
10653 15:00:11.663528 mmap2(NULL, 886, PROT_READ, MAP_SHARED, 4, 0) = 0xb7f54000
10653 15:00:11.663547 _llseek(4, 886, [886], SEEK_SET) = 0
10653 15:00:11.663589 fstat64(4, {st_mode=S_IFREG|0644, st_size=886, ...}) = 0
10653 15:00:11.663618 munmap(0xb7f54000, 886) = 0
10653 15:00:11.663636 close(4)          = 0
10653 15:00:11.663652 setgroups32(13, [1000, 4, 20, 24, 25, 29, 30, 44, 46, 107, 111, 112, 119]) = 0
10653 15:00:11.663680 geteuid32()       = 0
10653 15:00:11.663698 getegid32()       = 0
10653 15:00:11.663717 setregid32(-1, 1000) = 0
10653 15:00:11.663734 setreuid32(-1, 1000) = 0
10653 15:00:11.663752 chdir("/home/msfadmin") = 0
10653 15:00:11.663772 setreuid32(-1, 0) = 0
10653 15:00:11.663787 setregid32(-1, 0) = 0
10653 15:00:11.663805 setgid32(1000)    = 0
10653 15:00:11.663821 setuid32(1000)    = 0
10653 15:00:11.663838 setrlimit(RLIMIT_NPROC, {rlim_cur=0, rlim_max=0}) = 0
10653 15:00:11.663861 mmap2(NULL, 12288, PROT_READ|PROT_WRITE, MAP_PRIVATE|MAP_ANONYMOUS, -1, 0) = 0xb7f52000
10653 15:00:11.663880 mprotect(0xb7f54000, 4096, PROT_NONE) = 0
10653 15:00:11.663899 mprotect(0xb7f52000, 4096, PROT_NONE) = 0
10653 15:00:11.663917 getcwd("/home/msfadmin", 4096) = 15
10653 15:00:11.663940 umask(022)        = 077
10653 15:00:11.663956 getcwd("/home/msfadmin", 4096) = 15
10653 15:00:11.664000 open(".message", O_RDONLY|O_NONBLOCK|O_LARGEFILE) = -1 ENOENT (No such file or directory)
10653 15:00:11.664044 write(0, "230 Login successful.\r\n", 23) = 23
10653 15:00:11.664215 rt_sigaction(SIGALRM, {0x805cad0, ~[RTMIN RT_1], 0}, NULL, 8) = 0
10653 15:00:11.664244 alarm(300)        = 0
10653 15:00:11.664263 mmap2(NULL, 12288, PROT_READ|PROT_WRITE, MAP_PRIVATE|MAP_ANONYMOUS, -1, 0) = 0xb7f4f000
10653 15:00:11.664290 mprotect(0xb7f51000, 4096, PROT_NONE) = 0
10653 15:00:11.664308 mprotect(0xb7f4f000, 4096, PROT_NONE) = 0
10653 15:00:11.664330 recv(0, "TYPE I\r\n", 4096, MSG_PEEK) = 8
10653 15:00:11.664352 read(0, "TYPE I\r\n", 8) = 8
10653 15:00:11.664380 write(0, "200 Switching to Binary mode.\r\n", 31) = 31
10653 15:00:11.664446 rt_sigaction(SIGALRM, {0x805cad0, ~[RTMIN RT_1], 0}, NULL, 8) = 0
10653 15:00:11.664486 alarm(300)        = 300
10653 15:00:11.664510 recv(0, "PASV\r\n", 4096, MSG_PEEK) = 6
10653 15:00:11.664530 read(0, "PASV\r\n", 6) = 6
10653 15:00:11.664550 write(5, "\n", 1) = 1
10653 15:00:11.664568 read(5,  <unfinished ...>
10651 15:00:11.664588 close(5)          = 0
10651 15:00:11.664609 getuid32()        = 0
10651 15:00:11.664634 open("/etc/passwd", O_RDONLY|0x80000 /* O_??? */) = 5
10651 15:00:11.664658 _llseek(5, 0, [0], SEEK_CUR) = 0
10651 15:00:11.664679 fstat64(5, {st_mode=S_IFREG|0644, st_size=1624, ...}) = 0
10651 15:00:11.664709 mmap2(NULL, 1624, PROT_READ, MAP_SHARED, 5, 0) = 0xb7f54000
10651 15:00:11.664728 _llseek(5, 1624, [1624], SEEK_SET) = 0
10651 15:00:11.664757 munmap(0xb7f54000, 1624) = 0
10651 15:00:11.664777 close(5)          = 0
10651 15:00:11.664803 setgroups32(0, []) = 0
10651 15:00:11.664823 chdir("/usr/share/empty") = 0
10651 15:00:11.664843 chroot(".")       = 0
10651 15:00:11.664861 capset(NULL, NULL) = -1 EFAULT (Bad address)
10651 15:00:11.664883 prctl(0x8, 0, 0xbfe448e8, 0x80549a6, 0xbfe448d0) = 0
10651 15:00:11.664902 prctl(0x8, 0x1, 0xbfe448e8, 0x8054a49, 0xbfe448d0) = 0
10651 15:00:11.664919 setgid32(65534)   = 0
10651 15:00:11.664936 setuid32(65534)   = 0
10651 15:00:11.664965 capset(0x19980330, 0, {CAP_NET_BIND_SERVICE, CAP_NET_BIND_SERVICE, 0}) = 0
10651 15:00:11.664992 read(4, "\n", 1)  = 1
10651 15:00:11.665014 write(4, "\1", 1) = 1
10653 15:00:11.665032 <... read resumed> "\1", 1) = 1
10653 15:00:11.665045 write(5, "\f", 1) = 1
10653 15:00:11.665062 read(5,  <unfinished ...>
10651 15:00:11.665073 read(4, "\f", 1)  = 1
10651 15:00:11.665094 socket(PF_INET, SOCK_STREAM, IPPROTO_TCP) = 5
10651 15:00:11.665117 setsockopt(5, SOL_SOCKET, SO_REUSEADDR, [1], 4) = 0
10651 15:00:11.665136 gettimeofday({1495652411, 665143}, NULL) = 0
10651 15:00:11.665164 bind(5, {sa_family=AF_INET, sin_port=htons(60834), sin_addr=inet_addr("127.0.0.1")}, 16) = 0
10651 15:00:11.665191 listen(5, 1)      = 0
10651 15:00:11.665213 write(4, "\242\355\0\0", 4) = 4
10653 15:00:11.665231 <... read resumed> "\242\355\0\0", 4) = 4
10653 15:00:11.665254 write(0, "227 Entering Passive Mode (127,0,0,1,237,162).\r\n", 48) = 48
10653 15:00:11.665431 rt_sigaction(SIGALRM, {0x805cad0, ~[RTMIN RT_1], 0}, NULL, 8) = 0
10653 15:00:11.665477 alarm(300)        = 300
10653 15:00:11.665498 recv(0, "STOR myfile26\r\n", 4096, MSG_PEEK) = 15
10653 15:00:11.665520 read(0, "STOR myfile26\r\n", 15) = 15
10653 15:00:11.665545 write(5, "\v", 1) = 1
10653 15:00:11.665563 read(5,  <unfinished ...>
10651 15:00:11.665575 read(4, "\v", 1)  = 1
10651 15:00:11.665594 write(4, "\1\0\0\0", 4) = 4
10653 15:00:11.665611 <... read resumed> "\1\0\0\0", 4) = 4
10653 15:00:11.665625 gettimeofday({1495652411, 665631}, NULL) = 0
10653 15:00:11.665643 getcwd("/home/msfadmin", 4096) = 15
10653 15:00:11.665664 open("myfile26", O_WRONLY|O_CREAT|O_NONBLOCK|O_LARGEFILE, 0666) = 4
10653 15:00:11.665687 fstat64(4, {st_mode=S_IFREG|0644, st_size=17, ...}) = 0
10653 15:00:11.665716 fcntl64(4, F_GETFL) = 0x8801 (flags O_WRONLY|O_NONBLOCK|O_LARGEFILE)
10653 15:00:11.665734 fcntl64(4, F_SETFL, O_WRONLY|O_LARGEFILE) = 0
10653 15:00:11.665750 fcntl64(4, F_SETLKW64, {type=F_WRLCK, whence=SEEK_SET, start=0, len=0}, 0xbfe44834) = 0
10653 15:00:11.665776 ftruncate64(4, 0) = 0
10653 15:00:11.665809 _llseek(4, 0, [0], SEEK_SET) = 0
10653 15:00:11.665827 write(5, "\v", 1) = 1
10653 15:00:11.665844 read(5,  <unfinished ...>
10651 15:00:11.665856 read(4, "\v", 1)  = 1
10651 15:00:11.665874 write(4, "\1\0\0\0", 4) = 4
10653 15:00:11.665892 <... read resumed> "\1\0\0\0", 4) = 4
10653 15:00:11.665904 write(5, "\v", 1) = 1
10653 15:00:11.665920 read(5,  <unfinished ...>
10651 15:00:11.665949 read(4, "\v", 1)  = 1
10651 15:00:11.665973 write(4, "\1\0\0\0", 4) = 4
10653 15:00:11.665991 <... read resumed> "\1\0\0\0", 4) = 4
10653 15:00:11.666004 write(5, "\r", 1) = 1
10653 15:00:11.666020 read(5,  <unfinished ...>
10651 15:00:11.666031 read(4, "\r", 1)  = 1
10651 15:00:11.666052 select(6, [5], NULL, NULL, {60, 0}) = 1 (in [5], left {60, 0})
10651 15:00:11.666081 accept(5, {sa_family=AF_INET, sin_port=htons(59187), sin_addr=inet_addr("127.0.0.1")}, [16]) = 6
10651 15:00:11.666118 write(4, "\1", 1) = 1
10653 15:00:11.666136 <... read resumed> "\1", 1) = 1
10653 15:00:11.666152 recvmsg(5,  <unfinished ...>
10651 15:00:11.666168 sendmsg(4, {msg_name(0)=NULL, msg_iov(1)=[{"\0", 1}], msg_controllen=16, {cmsg_len=16, cmsg_level=SOL_SOCKET, cmsg_type=SCM_RIGHTS, {6}}, msg_flags=0}, 0) = 1
10653 15:00:11.666196 <... recvmsg resumed> {msg_name(0)=NULL, msg_iov(1)=[{"\0", 1}], msg_controllen=16, {cmsg_len=16, cmsg_level=SOL_SOCKET, cmsg_type=SCM_RIGHTS, {6}}, msg_flags=0}, 0) = 1
10653 15:00:11.666217 setsockopt(6, SOL_SOCKET, SO_KEEPALIVE, [1], 4) = 0
10653 15:00:11.666238 setsockopt(6, SOL_IP, IP_TOS, [8], 4) = 0
10653 15:00:11.666257 setsockopt(6, SOL_SOCKET, SO_LINGER, {onoff=1, linger=32767}, 8) = 0
10653 15:00:11.666276 rt_sigaction(SIGALRM, {0x805cad0, ~[RTMIN RT_1], 0}, NULL, 8) = 0
10653 15:00:11.666298 alarm(300)        = 300
10653 15:00:11.666319 write(0, "150 Ok to send data.\r\n", 22) = 22
10653 15:00:11.666423 mmap2(NULL, 77824, PROT_READ|PROT_WRITE, MAP_PRIVATE|MAP_ANONYMOUS, -1, 0) = 0xb7d89000
10653 15:00:11.666463 mprotect(0xb7d9b000, 4096, PROT_NONE) = 0
10653 15:00:11.666484 mprotect(0xb7d89000, 4096, PROT_NONE) = 0
10653 15:00:11.666501 read(6, "assasaaa\na\na\na\na\n", 65536) = 17
10653 15:00:11.666524 write(4, "assasaaa\na\na\na\na\n", 17) = 17
10653 15:00:11.666550 read(6, "", 65536) = 0
10653 15:00:11.666568 rt_sigaction(SIGALRM, {0x805cad0, ~[RTMIN RT_1], 0}, NULL, 8) = 0
10653 15:00:11.666590 alarm(300)        = 300
10653 15:00:11.666606 close(6)          = 0
10653 15:00:11.666622 alarm(0)          = 300
10653 15:00:11.666637 gettimeofday({1495652411, 666643}, NULL) = 0
10653 15:00:11.666666 getpid()          = 10653
10653 15:00:11.666686 gettimeofday({1495652411, 666692}, NULL) = 0
10653 15:00:11.666719 fcntl64(3, F_SETLKW64, {type=F_WRLCK, whence=SEEK_SET, start=0, len=0}, 0xbfe447d4) = 0
10653 15:00:11.666745 write(3, "Wed May 24 15:00:11 2017 [pid 10653] [msfadmin] OK UPLOAD: Client \"127.0.0.1\", \"/home/msfadmin/myfile26\", 17 bytes, 15.65Kbyte/sec\n", 131) = 131
10653 15:00:11.666778 fcntl64(3, F_SETLK64, {type=F_UNLCK, whence=SEEK_SET, start=0, len=0}, 0xbfe447dc) = 0
10653 15:00:11.666802 write(0, "226 Transfer complete.\r\n", 24) = 24
10653 15:00:11.666869 write(5, "\n", 1) = 1
10653 15:00:11.666889 read(5,  <unfinished ...>
10651 15:00:11.666901 close(6)          = 0
10651 15:00:11.666943 read(4, "\n", 1)  = 1
10651 15:00:11.666968 close(5)          = 0
10651 15:00:11.666987 write(4, "\1", 1) = 1
10653 15:00:11.667005 <... read resumed> "\1", 1) = 1
10653 15:00:11.667017 close(4)          = 0
10653 15:00:11.667045 rt_sigaction(SIGALRM, {0x805cad0, ~[RTMIN RT_1], 0}, NULL, 8) = 0
10653 15:00:11.667068 alarm(300)        = 0
10653 15:00:11.667088 recv(0,  <unfinished ...>
10651 15:00:11.667101 read(4,  <unfinished ...>
10653 15:00:12.201131 <... recv resumed> "TYPE I\r\n", 4096, MSG_PEEK) = 8
10653 15:00:12.201288 read(0, "TYPE I\r\n", 8) = 8
10653 15:00:12.201446 write(0, "200 Switching to Binary mode.\r\n", 31) = 31
10653 15:00:12.201777 rt_sigaction(SIGALRM, {0x805cad0, ~[RTMIN RT_1], 0}, NULL, 8) = 0
10653 15:00:12.201854 alarm(300)        = 299
10653 15:00:12.201908 recv(0, "PASV\r\n", 4096, MSG_PEEK) = 6
10653 15:00:12.201958 read(0, "PASV\r\n", 6) = 6
10653 15:00:12.202012 write(5, "\n", 1) = 1
10653 15:00:12.202063 read(5,  <unfinished ...>
10651 15:00:12.202095 <... read resumed> "\n", 1) = 1
10651 15:00:12.202132 write(4, "\1", 1) = 1
10653 15:00:12.202178 <... read resumed> "\1", 1) = 1
10653 15:00:12.202209 write(5, "\f", 1) = 1
10653 15:00:12.202276 read(5,  <unfinished ...>
10651 15:00:12.202307 read(4, "\f", 1)  = 1
10651 15:00:12.202360 socket(PF_INET, SOCK_STREAM, IPPROTO_TCP) = 5
10651 15:00:12.202421 setsockopt(5, SOL_SOCKET, SO_REUSEADDR, [1], 4) = 0
10651 15:00:12.202617 bind(5, {sa_family=AF_INET, sin_port=htons(55129), sin_addr=inet_addr("127.0.0.1")}, 16) = 0
10651 15:00:12.202692 listen(5, 1)      = 0
10651 15:00:12.202749 write(4, "Y\327\0\0", 4) = 4
10653 15:00:12.202800 <... read resumed> "Y\327\0\0", 4) = 4
10653 15:00:12.202853 write(0, "227 Entering Passive Mode (127,0,0,1,215,89).\r\n", 47) = 47
10653 15:00:12.203267 rt_sigaction(SIGALRM, {0x805cad0, ~[RTMIN RT_1], 0}, NULL, 8) = 0
10653 15:00:12.203341 alarm(300)        = 300
10653 15:00:12.203392 recv(0, "STOR myfile27\r\n", 4096, MSG_PEEK) = 15
10653 15:00:12.203445 read(0, "STOR myfile27\r\n", 15) = 15
10653 15:00:12.203503 write(5, "\v", 1) = 1
10653 15:00:12.203623 read(5,  <unfinished ...>
10651 15:00:12.203659 read(4, "\v", 1)  = 1
10651 15:00:12.203710 write(4, "\1\0\0\0", 4) = 4
10653 15:00:12.203757 <... read resumed> "\1\0\0\0", 4) = 4
10653 15:00:12.203790 gettimeofday({1495652412, 203806}, NULL) = 0
10653 15:00:12.203838 getcwd("/home/msfadmin", 4096) = 15
10653 15:00:12.203891 open("myfile27", O_WRONLY|O_CREAT|O_NONBLOCK|O_LARGEFILE, 0666) = 4
10653 15:00:12.203951 fstat64(4, {st_mode=S_IFREG|0644, st_size=17, ...}) = 0
10653 15:00:12.204026 fcntl64(4, F_GETFL) = 0x8801 (flags O_WRONLY|O_NONBLOCK|O_LARGEFILE)
10653 15:00:12.204075 fcntl64(4, F_SETFL, O_WRONLY|O_LARGEFILE) = 0
10653 15:00:12.204119 fcntl64(4, F_SETLKW64, {type=F_WRLCK, whence=SEEK_SET, start=0, len=0}, 0xbfe44834) = 0
10653 15:00:12.204177 ftruncate64(4, 0) = 0
10653 15:00:12.204247 _llseek(4, 0, [0], SEEK_SET) = 0
10653 15:00:12.204295 write(5, "\v", 1) = 1
10653 15:00:12.204341 read(5,  <unfinished ...>
10651 15:00:12.204372 read(4, "\v", 1)  = 1
10651 15:00:12.204420 write(4, "\1\0\0\0", 4) = 4
10653 15:00:12.204466 <... read resumed> "\1\0\0\0", 4) = 4
10653 15:00:12.204547 write(5, "\v", 1) = 1
10653 15:00:12.204599 read(5,  <unfinished ...>
10651 15:00:12.204628 read(4, "\v", 1)  = 1
10651 15:00:12.204677 write(4, "\1\0\0\0", 4) = 4
10653 15:00:12.204722 <... read resumed> "\1\0\0\0", 4) = 4
10653 15:00:12.204754 write(5, "\r", 1) = 1
10653 15:00:12.204797 read(5,  <unfinished ...>
10651 15:00:12.204826 read(4, "\r", 1)  = 1
10651 15:00:12.204876 select(6, [5], NULL, NULL, {60, 0}) = 1 (in [5], left {60, 0})
10651 15:00:12.204947 accept(5, {sa_family=AF_INET, sin_port=htons(35053), sin_addr=inet_addr("127.0.0.1")}, [16]) = 6
10651 15:00:12.205043 write(4, "\1", 1) = 1
10653 15:00:12.205090 <... read resumed> "\1", 1) = 1
10653 15:00:12.205127 recvmsg(5,  <unfinished ...>
10651 15:00:12.205163 sendmsg(4, {msg_name(0)=NULL, msg_iov(1)=[{"\0", 1}], msg_controllen=16, {cmsg_len=16, cmsg_level=SOL_SOCKET, cmsg_type=SCM_RIGHTS, {6}}, msg_flags=0}, 0) = 1
10653 15:00:12.205237 <... recvmsg resumed> {msg_name(0)=NULL, msg_iov(1)=[{"\0", 1}], msg_controllen=16, {cmsg_len=16, cmsg_level=SOL_SOCKET, cmsg_type=SCM_RIGHTS, {6}}, msg_flags=0}, 0) = 1
10653 15:00:12.205295 setsockopt(6, SOL_SOCKET, SO_KEEPALIVE, [1], 4) = 0
10653 15:00:12.205348 setsockopt(6, SOL_IP, IP_TOS, [8], 4) = 0
10653 15:00:12.205399 setsockopt(6, SOL_SOCKET, SO_LINGER, {onoff=1, linger=32767}, 8) = 0
10653 15:00:12.205449 rt_sigaction(SIGALRM, {0x805cad0, ~[RTMIN RT_1], 0}, NULL, 8) = 0
10653 15:00:12.205557 alarm(300)        = 300
10653 15:00:12.205613 write(0, "150 Ok to send data.\r\n", 22) = 22
10653 15:00:12.205884 read(6, "assasaaa\na\na\na\na\n", 65536) = 17
10653 15:00:12.205947 write(4, "assasaaa\na\na\na\na\n", 17) = 17
10653 15:00:12.206015 read(6, "", 65536) = 0
10653 15:00:12.206061 rt_sigaction(SIGALRM, {0x805cad0, ~[RTMIN RT_1], 0}, NULL, 8) = 0
10653 15:00:12.206120 alarm(300)        = 300
10653 15:00:12.206163 close(6)          = 0
10653 15:00:12.206203 alarm(0)          = 300
10653 15:00:12.206244 gettimeofday({1495652412, 206260}, NULL) = 0
10653 15:00:12.206306 gettimeofday({1495652412, 206324}, NULL) = 0
10653 15:00:12.206376 fcntl64(3, F_SETLKW64, {type=F_WRLCK, whence=SEEK_SET, start=0, len=0}, 0xbfe447d4) = 0
10653 15:00:12.206616 write(3, "Wed May 24 15:00:12 2017 [pid 10653] [msfadmin] OK UPLOAD: Client \"127.0.0.1\", \"/home/msfadmin/myfile27\", 17 bytes, 6.59Kbyte/sec\n", 130) = 130
10653 15:00:12.206776 fcntl64(3, F_SETLK64, {type=F_UNLCK, whence=SEEK_SET, start=0, len=0}, 0xbfe447dc) = 0
10653 15:00:12.206900 write(0, "226 Transfer complete.\r\n", 24) = 24
10653 15:00:12.207085 write(5, "\n", 1) = 1
10653 15:00:12.207138 read(5,  <unfinished ...>
10651 15:00:12.207169 close(6)          = 0
10651 15:00:12.207382 read(4, "\n", 1)  = 1
10651 15:00:12.207442 close(5)          = 0
10651 15:00:12.207491 write(4, "\1", 1) = 1
10653 15:00:12.207595 <... read resumed> "\1", 1) = 1
10653 15:00:12.207627 close(4)          = 0
10653 15:00:12.207676 rt_sigaction(SIGALRM, {0x805cad0, ~[RTMIN RT_1], 0}, NULL, 8) = 0
10653 15:00:12.207735 alarm(300)        = 0
10653 15:00:12.207784 recv(0,  <unfinished ...>
10651 15:00:12.207819 read(4,  <unfinished ...>
10653 15:00:12.751283 <... recv resumed> "TYPE I\r\n", 4096, MSG_PEEK) = 8
10653 15:00:12.751513 read(0, "TYPE I\r\n", 8) = 8
10653 15:00:12.751737 write(0, "200 Switching to Binary mode.\r\n", 31) = 31
10653 15:00:12.752178 rt_sigaction(SIGALRM, {0x805cad0, ~[RTMIN RT_1], 0}, NULL, 8) = 0
10653 15:00:12.752286 alarm(300)        = 299
10653 15:00:12.752341 recv(0, "PASV\r\n", 4096, MSG_PEEK) = 6
10653 15:00:12.752392 read(0, "PASV\r\n", 6) = 6
10653 15:00:12.752446 write(5, "\n", 1) = 1
10653 15:00:12.752498 read(5,  <unfinished ...>
10651 15:00:12.752530 <... read resumed> "\n", 1) = 1
10651 15:00:12.752567 write(4, "\1", 1) = 1
10653 15:00:12.752613 <... read resumed> "\1", 1) = 1
10653 15:00:12.752645 write(5, "\f", 1) = 1
10653 15:00:12.752688 read(5,  <unfinished ...>
10651 15:00:12.752717 read(4, "\f", 1)  = 1
10651 15:00:12.752762 socket(PF_INET, SOCK_STREAM, IPPROTO_TCP) = 5
10651 15:00:12.752762 setsockopt(5, SOL_SOCKET, SO_REUSEADDR, [1], 4) = 0
10651 15:00:12.752762 bind(5, {sa_family=AF_INET, sin_port=htons(14443), sin_addr=inet_addr("127.0.0.1")}, 16) = 0
10651 15:00:12.752804 listen(5, 1)      = 0
10651 15:00:12.752862 write(4, "k8\0\0", 4) = 4
10653 15:00:12.752912 <... read resumed> "k8\0\0", 4) = 4
10653 15:00:12.752964 write(0, "227 Entering Passive Mode (127,0,0,1,56,107).\r\n", 47) = 47
10653 15:00:12.753378 rt_sigaction(SIGALRM, {0x805cad0, ~[RTMIN RT_1], 0}, NULL, 8) = 0
10653 15:00:12.753452 alarm(300)        = 300
10653 15:00:12.753563 recv(0, "STOR myfile28\r\n", 4096, MSG_PEEK) = 15
10653 15:00:12.753623 read(0, "STOR myfile28\r\n", 15) = 15
10653 15:00:12.753682 write(5, "\v", 1) = 1
10653 15:00:12.753730 read(5,  <unfinished ...>
10651 15:00:12.753761 read(4, "\v", 1)  = 1
10651 15:00:12.753810 write(4, "\1\0\0\0", 4) = 4
10653 15:00:12.753856 <... read resumed> "\1\0\0\0", 4) = 4
10653 15:00:12.753891 gettimeofday({1495652412, 753907}, NULL) = 0
10653 15:00:12.753938 getcwd("/home/msfadmin", 4096) = 15
10653 15:00:12.753992 open("myfile28", O_WRONLY|O_CREAT|O_NONBLOCK|O_LARGEFILE, 0666) = 4
10653 15:00:12.754050 fstat64(4, {st_mode=S_IFREG|0644, st_size=17, ...}) = 0
10653 15:00:12.754126 fcntl64(4, F_GETFL) = 0x8801 (flags O_WRONLY|O_NONBLOCK|O_LARGEFILE)
10653 15:00:12.754174 fcntl64(4, F_SETFL, O_WRONLY|O_LARGEFILE) = 0
10653 15:00:12.754218 fcntl64(4, F_SETLKW64, {type=F_WRLCK, whence=SEEK_SET, start=0, len=0}, 0xbfe44834) = 0
10653 15:00:12.754277 ftruncate64(4, 0) = 0
10653 15:00:12.754349 _llseek(4, 0, [0], SEEK_SET) = 0
10653 15:00:12.754397 write(5, "\v", 1) = 1
10653 15:00:12.754594 read(5,  <unfinished ...>
10651 15:00:12.754638 read(4, "\v", 1)  = 1
10651 15:00:12.754689 write(4, "\1\0\0\0", 4) = 4
10653 15:00:12.754736 <... read resumed> "\1\0\0\0", 4) = 4
10653 15:00:12.754770 write(5, "\v", 1) = 1
10653 15:00:12.754813 read(5,  <unfinished ...>
10651 15:00:12.754842 read(4, "\v", 1)  = 1
10651 15:00:12.754889 write(4, "\1\0\0\0", 4) = 4
10653 15:00:12.754933 <... read resumed> "\1\0\0\0", 4) = 4
10653 15:00:12.754965 write(5, "\r", 1) = 1
10653 15:00:12.755031 read(5,  <unfinished ...>
10651 15:00:12.755061 read(4, "\r", 1)  = 1
10651 15:00:12.755112 select(6, [5], NULL, NULL, {60, 0}) = 1 (in [5], left {60, 0})
10651 15:00:12.755183 accept(5, {sa_family=AF_INET, sin_port=htons(42251), sin_addr=inet_addr("127.0.0.1")}, [16]) = 6
10651 15:00:12.755280 write(4, "\1", 1) = 1
10653 15:00:12.755327 <... read resumed> "\1", 1) = 1
10653 15:00:12.755363 recvmsg(5,  <unfinished ...>
10651 15:00:12.755400 sendmsg(4, {msg_name(0)=NULL, msg_iov(1)=[{"\0", 1}], msg_controllen=16, {cmsg_len=16, cmsg_level=SOL_SOCKET, cmsg_type=SCM_RIGHTS, {6}}, msg_flags=0}, 0) = 1
10653 15:00:12.755473 <... recvmsg resumed> {msg_name(0)=NULL, msg_iov(1)=[{"\0", 1}], msg_controllen=16, {cmsg_len=16, cmsg_level=SOL_SOCKET, cmsg_type=SCM_RIGHTS, {6}}, msg_flags=0}, 0) = 1
10653 15:00:12.755585 setsockopt(6, SOL_SOCKET, SO_KEEPALIVE, [1], 4) = 0
10653 15:00:12.755652 setsockopt(6, SOL_IP, IP_TOS, [8], 4) = 0
10653 15:00:12.755703 setsockopt(6, SOL_SOCKET, SO_LINGER, {onoff=1, linger=32767}, 8) = 0
10653 15:00:12.755752 rt_sigaction(SIGALRM, {0x805cad0, ~[RTMIN RT_1], 0}, NULL, 8) = 0
10653 15:00:12.755810 alarm(300)        = 300
10653 15:00:12.755866 write(0, "150 Ok to send data.\r\n", 22) = 22
10653 15:00:12.756133 read(6, "assasaaa\na\na\na\na\n", 65536) = 17
10653 15:00:12.756195 write(4, "assasaaa\na\na\na\na\n", 17) = 17
10653 15:00:12.756264 read(6, "", 65536) = 0
10653 15:00:12.756309 rt_sigaction(SIGALRM, {0x805cad0, ~[RTMIN RT_1], 0}, NULL, 8) = 0
10653 15:00:12.756368 alarm(300)        = 300
10653 15:00:12.756411 close(6)          = 0
10653 15:00:12.756451 alarm(0)          = 300
10653 15:00:12.756543 gettimeofday({1495652412, 756569}, NULL) = 0
10653 15:00:12.756754 gettimeofday({1495652412, 756778}, NULL) = 0
10653 15:00:12.756821 fcntl64(3, F_SETLKW64, {type=F_WRLCK, whence=SEEK_SET, start=0, len=0}, 0xbfe447d4) = 0
10653 15:00:12.756886 write(3, "Wed May 24 15:00:12 2017 [pid 10653] [msfadmin] OK UPLOAD: Client \"127.0.0.1\", \"/home/msfadmin/myfile28\", 17 bytes, 5.78Kbyte/sec\n", 130) = 130
10653 15:00:12.756975 fcntl64(3, F_SETLK64, {type=F_UNLCK, whence=SEEK_SET, start=0, len=0}, 0xbfe447dc) = 0
10651 15:00:12.757029 close(6 <unfinished ...>
10653 15:00:12.757066 write(0, "226 Transfer complete.\r\n", 24 <unfinished ...>
10651 15:00:12.757141 <... close resumed> ) = 0
10653 15:00:12.757287 <... write resumed> ) = 24
10653 15:00:12.757328 write(5, "\n", 1) = 1
10653 15:00:12.757377 read(5,  <unfinished ...>
10651 15:00:12.757405 read(4, "\n", 1)  = 1
10651 15:00:12.757511 close(5)          = 0
10651 15:00:12.757574 write(4, "\1", 1) = 1
10653 15:00:12.757624 <... read resumed> "\1", 1) = 1
10653 15:00:12.757655 close(4)          = 0
10653 15:00:12.757703 rt_sigaction(SIGALRM, {0x805cad0, ~[RTMIN RT_1], 0}, NULL, 8) = 0
10653 15:00:12.757761 alarm(300)        = 0
10653 15:00:12.757810 recv(0,  <unfinished ...>
10651 15:00:12.757843 read(4,  <unfinished ...>
10653 15:00:13.261417 <... recv resumed> "TYPE I\r\n", 4096, MSG_PEEK) = 8
10653 15:00:13.261563 read(0, "TYPE I\r\n", 8) = 8
10653 15:00:13.261705 write(0, "200 Switching to Binary mode.\r\n", 31) = 31
10653 15:00:13.261947 rt_sigaction(SIGALRM, {0x805cad0, ~[RTMIN RT_1], 0}, NULL, 8) = 0
10653 15:00:13.262026 alarm(300)        = 299
10653 15:00:13.262079 recv(0, "PASV\r\n", 4096, MSG_PEEK) = 6
10653 15:00:13.262129 read(0, "PASV\r\n", 6) = 6
10653 15:00:13.262182 write(5, "\n", 1 <unfinished ...>
10651 15:00:13.262223 <... read resumed> "\n", 1) = 1
10653 15:00:13.262245 <... write resumed> ) = 1
10651 15:00:13.262275 write(4, "\1", 1) = 1
10651 15:00:13.262322 read(4,  <unfinished ...>
10653 15:00:13.262400 read(5, "\1", 1)  = 1
10653 15:00:13.262472 write(5, "\f", 1 <unfinished ...>
10651 15:00:13.262505 <... read resumed> "\f", 1) = 1
10653 15:00:13.262525 <... write resumed> ) = 1
10651 15:00:13.262557 socket(PF_INET, SOCK_STREAM, IPPROTO_TCP) = 5
10651 15:00:13.262618 setsockopt(5, SOL_SOCKET, SO_REUSEADDR, [1], 4) = 0
10651 15:00:13.262677 bind(5, {sa_family=AF_INET, sin_port=htons(34047), sin_addr=inet_addr("127.0.0.1")}, 16) = 0
10651 15:00:13.262768 listen(5, 1)      = 0
10651 15:00:13.262826 write(4, "\377\204\0\0", 4) = 4
10651 15:00:13.262876 read(4,  <unfinished ...>
10653 15:00:13.262906 read(5, "\377\204\0\0", 4) = 4
10653 15:00:13.262977 write(0, "227 Entering Passive Mode (127,0,0,1,132,255).\r\n", 48) = 48
10653 15:00:13.263458 rt_sigaction(SIGALRM, {0x805cad0, ~[RTMIN RT_1], 0}, NULL, 8) = 0
10653 15:00:13.263534 alarm(300)        = 300
10653 15:00:13.263585 recv(0, "STOR myfile29\r\n", 4096, MSG_PEEK) = 15
10653 15:00:13.263639 read(0, "STOR myfile29\r\n", 15) = 15
10653 15:00:13.263697 write(5, "\v", 1 <unfinished ...>
10651 15:00:13.263733 <... read resumed> "\v", 1) = 1
10653 15:00:13.263755 <... write resumed> ) = 1
10651 15:00:13.263782 write(4, "\1\0\0\0", 4) = 4
10651 15:00:13.263830 read(4,  <unfinished ...>
10653 15:00:13.263859 read(5, "\1\0\0\0", 4) = 4
10653 15:00:13.263910 gettimeofday({1495652413, 263926}, NULL) = 0
10653 15:00:13.263957 getcwd("/home/msfadmin", 4096) = 15
10653 15:00:13.264011 open("myfile29", O_WRONLY|O_CREAT|O_NONBLOCK|O_LARGEFILE, 0666) = 4
10653 15:00:13.264069 fstat64(4, {st_mode=S_IFREG|0644, st_size=17, ...}) = 0
10653 15:00:13.264145 fcntl64(4, F_GETFL) = 0x8801 (flags O_WRONLY|O_NONBLOCK|O_LARGEFILE)
10653 15:00:13.264194 fcntl64(4, F_SETFL, O_WRONLY|O_LARGEFILE) = 0
10653 15:00:13.264280 fcntl64(4, F_SETLKW64, {type=F_WRLCK, whence=SEEK_SET, start=0, len=0}, 0xbfe44834) = 0
10653 15:00:13.264350 ftruncate64(4, 0) = 0
10653 15:00:13.264422 _llseek(4, 0, [0], SEEK_SET) = 0
10653 15:00:13.264470 write(5, "\v", 1 <unfinished ...>
10651 15:00:13.264505 <... read resumed> "\v", 1) = 1
10653 15:00:13.264525 <... write resumed> ) = 1
10651 15:00:13.264553 write(4, "\1\0\0\0", 4) = 4
10651 15:00:13.264601 read(4,  <unfinished ...>
10653 15:00:13.264630 read(5, "\1\0\0\0", 4) = 4
10653 15:00:13.264679 write(5, "\v", 1 <unfinished ...>
10651 15:00:13.264709 <... read resumed> "\v", 1) = 1
10653 15:00:13.264730 <... write resumed> ) = 1
10651 15:00:13.264756 write(4, "\1\0\0\0", 4) = 4
10651 15:00:13.264801 read(4,  <unfinished ...>
10653 15:00:13.264830 read(5, "\1\0\0\0", 4) = 4
10653 15:00:13.264878 write(5, "\r", 1 <unfinished ...>
10651 15:00:13.264908 <... read resumed> "\r", 1) = 1
10653 15:00:13.264928 <... write resumed> ) = 1
10651 15:00:13.264958 select(6, [5], NULL, NULL, {60, 0}) = 1 (in [5], left {60, 0})
10651 15:00:13.265027 accept(5, {sa_family=AF_INET, sin_port=htons(60152), sin_addr=inet_addr("127.0.0.1")}, [16]) = 6
10651 15:00:13.265123 write(4, "\1", 1) = 1
10651 15:00:13.265176 sendmsg(4, {msg_name(0)=NULL, msg_iov(1)=[{"\0", 1}], msg_controllen=16, {cmsg_len=16, cmsg_level=SOL_SOCKET, cmsg_type=SCM_RIGHTS, {6}}, msg_flags=0}, 0) = 1
10651 15:00:13.265306 close(6)          = 0
10651 15:00:13.265353 read(4,  <unfinished ...>
10653 15:00:13.265384 read(5, "\1", 1)  = 1
10653 15:00:13.265439 recvmsg(5, {msg_name(0)=NULL, msg_iov(1)=[{"\0", 1}], msg_controllen=16, {cmsg_len=16, cmsg_level=SOL_SOCKET, cmsg_type=SCM_RIGHTS, {6}}, msg_flags=0}, 0) = 1
10653 15:00:13.265518 setsockopt(6, SOL_SOCKET, SO_KEEPALIVE, [1], 4) = 0
10653 15:00:13.265571 setsockopt(6, SOL_IP, IP_TOS, [8], 4) = 0
10653 15:00:13.265622 setsockopt(6, SOL_SOCKET, SO_LINGER, {onoff=1, linger=32767}, 8) = 0
10653 15:00:13.265670 rt_sigaction(SIGALRM, {0x805cad0, ~[RTMIN RT_1], 0}, NULL, 8) = 0
10653 15:00:13.265730 alarm(300)        = 300
10653 15:00:13.265785 write(0, "150 Ok to send data.\r\n", 22) = 22
10653 15:00:13.266052 read(6, "assasaaa\na\na\na\na\n", 65536) = 17
10653 15:00:13.266115 write(4, "assasaaa\na\na\na\na\n", 17) = 17
10653 15:00:13.266247 read(6, "", 65536) = 0
10653 15:00:13.266299 rt_sigaction(SIGALRM, {0x805cad0, ~[RTMIN RT_1], 0}, NULL, 8) = 0
10653 15:00:13.266361 alarm(300)        = 300
10653 15:00:13.266405 close(6)          = 0
10653 15:00:13.266484 alarm(0)          = 300
10653 15:00:13.266528 gettimeofday({1495652413, 266544}, NULL) = 0
10653 15:00:13.266591 gettimeofday({1495652413, 266609}, NULL) = 0
10653 15:00:13.266648 fcntl64(3, F_SETLKW64, {type=F_WRLCK, whence=SEEK_SET, start=0, len=0}, 0xbfe447d4) = 0
10653 15:00:13.266729 write(3, "Wed May 24 15:00:13 2017 [pid 10653] [msfadmin] OK UPLOAD: Client \"127.0.0.1\", \"/home/msfadmin/myfile29\", 17 bytes, 6.19Kbyte/sec\n", 130) = 130
10653 15:00:13.266821 fcntl64(3, F_SETLK64, {type=F_UNLCK, whence=SEEK_SET, start=0, len=0}, 0xbfe447dc) = 0
10653 15:00:13.266885 write(0, "226 Transfer complete.\r\n", 24) = 24
10653 15:00:13.267057 write(5, "\n", 1 <unfinished ...>
10651 15:00:13.267100 <... read resumed> "\n", 1) = 1
10653 15:00:13.267122 <... write resumed> ) = 1
10651 15:00:13.267199 close(5)          = 0
10651 15:00:13.267255 write(4, "\1", 1) = 1
10651 15:00:13.267305 read(4,  <unfinished ...>
10653 15:00:13.267336 read(5, "\1", 1)  = 1
10653 15:00:13.267385 close(4)          = 0
10653 15:00:13.267432 rt_sigaction(SIGALRM, {0x805cad0, ~[RTMIN RT_1], 0}, NULL, 8) = 0
10653 15:00:13.267491 alarm(300)        = 0
10653 15:00:13.267540 recv(0, "TYPE I\r\n", 4096, MSG_PEEK) = 8
10653 15:00:13.791241 read(0, "TYPE I\r\n", 8) = 8
10653 15:00:13.791339 write(0, "200 Switching to Binary mode.\r\n", 31) = 31
10653 15:00:13.791520 rt_sigaction(SIGALRM, {0x805cad0, ~[RTMIN RT_1], 0}, NULL, 8) = 0
10653 15:00:13.791599 alarm(300)        = 299
10653 15:00:13.791729 recv(0, "PASV\r\n", 4096, MSG_PEEK) = 6
10653 15:00:13.791786 read(0, "PASV\r\n", 6) = 6
10653 15:00:13.791841 write(5, "\n", 1 <unfinished ...>
10651 15:00:13.791883 <... read resumed> "\n", 1) = 1
10653 15:00:13.791906 <... write resumed> ) = 1
10651 15:00:13.791935 write(4, "\1", 1) = 1
10651 15:00:13.791983 read(4,  <unfinished ...>
10653 15:00:13.792014 read(5, "\1", 1)  = 1
10653 15:00:13.792064 write(5, "\f", 1 <unfinished ...>
10651 15:00:13.792095 <... read resumed> "\f", 1) = 1
10653 15:00:13.792116 <... write resumed> ) = 1
10651 15:00:13.792147 socket(PF_INET, SOCK_STREAM, IPPROTO_TCP) = 5
10651 15:00:13.792207 setsockopt(5, SOL_SOCKET, SO_REUSEADDR, [1], 4) = 0
10651 15:00:13.792351 bind(5, {sa_family=AF_INET, sin_port=htons(15096), sin_addr=inet_addr("127.0.0.1")}, 16) = 0
10651 15:00:13.792432 listen(5, 1)      = 0
10653 15:00:13.792492 read(5,  <unfinished ...>
10651 15:00:13.792523 write(4, "\370:\0\0", 4) = 4
10653 15:00:13.792619 <... read resumed> "\370:\0\0", 4) = 4
10653 15:00:13.792678 write(0, "227 Entering Passive Mode (127,0,0,1,58,248).\r\n", 47 <unfinished ...>
10651 15:00:13.792725 read(4,  <unfinished ...>
10653 15:00:13.793103 <... write resumed> ) = 47
10653 15:00:13.793157 rt_sigaction(SIGALRM, {0x805cad0, ~[RTMIN RT_1], 0}, NULL, 8) = 0
10653 15:00:13.793222 alarm(300)        = 300
10653 15:00:13.793272 recv(0, "STOR myfile30\r\n", 4096, MSG_PEEK) = 15
10653 15:00:13.793325 read(0, "STOR myfile30\r\n", 15) = 15
10653 15:00:13.793383 write(5, "\v", 1) = 1
10651 15:00:13.793429 <... read resumed> "\v", 1) = 1
10651 15:00:13.793460 write(4, "\1\0\0\0", 4) = 4
10651 15:00:13.793507 read(4,  <unfinished ...>
10653 15:00:13.793593 read(5, "\1\0\0\0", 4) = 4
10653 15:00:13.793659 gettimeofday({1495652413, 793676}, NULL) = 0
10653 15:00:13.793707 getcwd("/home/msfadmin", 4096) = 15
10653 15:00:13.793761 open("myfile30", O_WRONLY|O_CREAT|O_NONBLOCK|O_LARGEFILE, 0666) = 4
10653 15:00:13.793820 fstat64(4, {st_mode=S_IFREG|0644, st_size=17, ...}) = 0
10653 15:00:13.793895 fcntl64(4, F_GETFL) = 0x8801 (flags O_WRONLY|O_NONBLOCK|O_LARGEFILE)
10653 15:00:13.793943 fcntl64(4, F_SETFL, O_WRONLY|O_LARGEFILE) = 0
10653 15:00:13.793987 fcntl64(4, F_SETLKW64, {type=F_WRLCK, whence=SEEK_SET, start=0, len=0}, 0xbfe44834) = 0
10653 15:00:13.794046 ftruncate64(4, 0) = 0
10653 15:00:13.794118 _llseek(4, 0, [0], SEEK_SET) = 0
10653 15:00:13.794165 write(5, "\v", 1) = 1
10651 15:00:13.794211 <... read resumed> "\v", 1) = 1
10651 15:00:13.794242 write(4, "\1\0\0\0", 4) = 4
10651 15:00:13.794289 read(4,  <unfinished ...>
10653 15:00:13.794319 read(5, "\1\0\0\0", 4) = 4
10653 15:00:13.794368 write(5, "\v", 1) = 1
10651 15:00:13.794409 <... read resumed> "\v", 1) = 1
10651 15:00:13.794439 write(4, "\1\0\0\0", 4) = 4
10651 15:00:13.794484 read(4,  <unfinished ...>
10653 15:00:13.794559 read(5, "\1\0\0\0", 4) = 4
10653 15:00:13.794640 write(5, "\r", 1) = 1
10651 15:00:13.794684 <... read resumed> "\r", 1) = 1
10651 15:00:13.794717 select(6, [5], NULL, NULL, {60, 0}) = 1 (in [5], left {60, 0})
10651 15:00:13.794786 accept(5, {sa_family=AF_INET, sin_port=htons(47794), sin_addr=inet_addr("127.0.0.1")}, [16]) = 6
10651 15:00:13.794883 write(4, "\1", 1) = 1
10651 15:00:13.794934 sendmsg(4, {msg_name(0)=NULL, msg_iov(1)=[{"\0", 1}], msg_controllen=16, {cmsg_len=16, cmsg_level=SOL_SOCKET, cmsg_type=SCM_RIGHTS, {6}}, msg_flags=0}, 0) = 1
10651 15:00:13.795005 close(6)          = 0
10651 15:00:13.795048 read(4,  <unfinished ...>
10653 15:00:13.795077 read(5, "\1", 1)  = 1
10653 15:00:13.795131 recvmsg(5, {msg_name(0)=NULL, msg_iov(1)=[{"\0", 1}], msg_controllen=16, {cmsg_len=16, cmsg_level=SOL_SOCKET, cmsg_type=SCM_RIGHTS, {6}}, msg_flags=0}, 0) = 1
10653 15:00:13.795208 setsockopt(6, SOL_SOCKET, SO_KEEPALIVE, [1], 4) = 0
10653 15:00:13.795261 setsockopt(6, SOL_IP, IP_TOS, [8], 4) = 0
10653 15:00:13.795312 setsockopt(6, SOL_SOCKET, SO_LINGER, {onoff=1, linger=32767}, 8) = 0
10653 15:00:13.795360 rt_sigaction(SIGALRM, {0x805cad0, ~[RTMIN RT_1], 0}, NULL, 8) = 0
10653 15:00:13.795418 alarm(300)        = 300
10653 15:00:13.795530 write(0, "150 Ok to send data.\r\n", 22) = 22
10653 15:00:13.795808 read(6, "assasaaa\na\na\na\na\n", 65536) = 17
10653 15:00:13.795869 write(4, "assasaaa\na\na\na\na\n", 17) = 17
10653 15:00:13.795938 read(6, "", 65536) = 0
10653 15:00:13.795983 rt_sigaction(SIGALRM, {0x805cad0, ~[RTMIN RT_1], 0}, NULL, 8) = 0
10653 15:00:13.796043 alarm(300)        = 300
10653 15:00:13.796086 close(6)          = 0
10653 15:00:13.796159 alarm(0)          = 300
10653 15:00:13.796202 gettimeofday({1495652413, 796218}, NULL) = 0
10653 15:00:13.796265 gettimeofday({1495652413, 796283}, NULL) = 0
10653 15:00:13.796321 fcntl64(3, F_SETLKW64, {type=F_WRLCK, whence=SEEK_SET, start=0, len=0}, 0xbfe447d4) = 0
10653 15:00:13.796385 write(3, "Wed May 24 15:00:13 2017 [pid 10653] [msfadmin] OK UPLOAD: Client \"127.0.0.1\", \"/home/msfadmin/myfile30\", 17 bytes, 6.37Kbyte/sec\n", 130) = 130
10653 15:00:13.796535 fcntl64(3, F_SETLK64, {type=F_UNLCK, whence=SEEK_SET, start=0, len=0}, 0xbfe447dc) = 0
10653 15:00:13.796606 write(0, "226 Transfer complete.\r\n", 24) = 24
10653 15:00:13.796784 write(5, "\n", 1 <unfinished ...>
10651 15:00:13.796825 <... read resumed> "\n", 1) = 1
10653 15:00:13.796847 <... write resumed> ) = 1
10651 15:00:13.796874 close(5)          = 0
10651 15:00:13.796926 write(4, "\1", 1) = 1
10651 15:00:13.796973 read(4,  <unfinished ...>
10653 15:00:13.797004 read(5, "\1", 1)  = 1
10653 15:00:13.797052 close(4)          = 0
10653 15:00:13.797099 rt_sigaction(SIGALRM, {0x805cad0, ~[RTMIN RT_1], 0}, NULL, 8) = 0
10653 15:00:13.797156 alarm(300)        = 0
10653 15:00:13.797204 recv(0, "TYPE I\r\n", 4096, MSG_PEEK) = 8
10653 15:00:14.311066 read(0, "TYPE I\r\n", 8) = 8
10653 15:00:14.311298 write(0, "200 Switching to Binary mode.\r\n", 31) = 31
10653 15:00:14.311688 rt_sigaction(SIGALRM, {0x805cad0, ~[RTMIN RT_1], 0}, NULL, 8) = 0
10653 15:00:14.311795 alarm(300)        = 299
10653 15:00:14.311849 recv(0, "PASV\r\n", 4096, MSG_PEEK) = 6
10653 15:00:14.311900 read(0, "PASV\r\n", 6) = 6
10653 15:00:14.311953 write(5, "\n", 1 <unfinished ...>
10651 15:00:14.311994 <... read resumed> "\n", 1) = 1
10653 15:00:14.312017 <... write resumed> ) = 1
10651 15:00:14.312047 write(4, "\1", 1) = 1
10651 15:00:14.312094 read(4,  <unfinished ...>
10653 15:00:14.312125 read(5, "\1", 1)  = 1
10653 15:00:14.312174 write(5, "\f", 1 <unfinished ...>
10651 15:00:14.312205 <... read resumed> "\f", 1) = 1
10653 15:00:14.312225 <... write resumed> ) = 1
10651 15:00:14.312256 socket(PF_INET, SOCK_STREAM, IPPROTO_TCP) = 5
10651 15:00:14.312335 setsockopt(5, SOL_SOCKET, SO_REUSEADDR, [1], 4) = 0
10651 15:00:14.312447 bind(5, {sa_family=AF_INET, sin_port=htons(5017), sin_addr=inet_addr("127.0.0.1")}, 16) = 0
10651 15:00:14.312516 listen(5, 1)      = 0
10651 15:00:14.312574 write(4, "\231\23\0\0", 4) = 4
10651 15:00:14.312624 read(4,  <unfinished ...>
10653 15:00:14.312680 read(5, "\231\23\0\0", 4) = 4
10653 15:00:14.312752 write(0, "227 Entering Passive Mode (127,0,0,1,19,153).\r\n", 47) = 47
10653 15:00:14.313168 rt_sigaction(SIGALRM, {0x805cad0, ~[RTMIN RT_1], 0}, NULL, 8) = 0
10653 15:00:14.313241 alarm(300)        = 300
10653 15:00:14.313292 recv(0, "STOR myfile31\r\n", 4096, MSG_PEEK) = 15
10653 15:00:14.313517 read(0, "STOR myfile31\r\n", 15) = 15
10653 15:00:14.313592 write(5, "\v", 1 <unfinished ...>
10651 15:00:14.313629 <... read resumed> "\v", 1) = 1
10653 15:00:14.313651 <... write resumed> ) = 1
10651 15:00:14.313678 write(4, "\1\0\0\0", 4) = 4
10651 15:00:14.313726 read(4,  <unfinished ...>
10653 15:00:14.313756 read(5, "\1\0\0\0", 4) = 4
10653 15:00:14.313806 gettimeofday({1495652414, 313822}, NULL) = 0
10653 15:00:14.313853 getcwd("/home/msfadmin", 4096) = 15
10653 15:00:14.313907 open("myfile31", O_WRONLY|O_CREAT|O_NONBLOCK|O_LARGEFILE, 0666) = 4
10653 15:00:14.313965 fstat64(4, {st_mode=S_IFREG|0644, st_size=17, ...}) = 0
10653 15:00:14.314041 fcntl64(4, F_GETFL) = 0x8801 (flags O_WRONLY|O_NONBLOCK|O_LARGEFILE)
10653 15:00:14.314089 fcntl64(4, F_SETFL, O_WRONLY|O_LARGEFILE) = 0
10653 15:00:14.314132 fcntl64(4, F_SETLKW64, {type=F_WRLCK, whence=SEEK_SET, start=0, len=0}, 0xbfe44834) = 0
10653 15:00:14.314191 ftruncate64(4, 0) = 0
10653 15:00:14.314262 _llseek(4, 0, [0], SEEK_SET) = 0
10653 15:00:14.314309 write(5, "\v", 1 <unfinished ...>
10651 15:00:14.314343 <... read resumed> "\v", 1) = 1
10653 15:00:14.314364 <... write resumed> ) = 1
10651 15:00:14.314391 write(4, "\1\0\0\0", 4) = 4
10651 15:00:14.314490 read(4,  <unfinished ...>
10653 15:00:14.314525 read(5, "\1\0\0\0", 4) = 4
10653 15:00:14.314578 write(5, "\v", 1 <unfinished ...>
10651 15:00:14.314609 <... read resumed> "\v", 1) = 1
10653 15:00:14.314630 <... write resumed> ) = 1
10651 15:00:14.314657 write(4, "\1\0\0\0", 4) = 4
10651 15:00:14.314703 read(4,  <unfinished ...>
10653 15:00:14.314732 read(5, "\1\0\0\0", 4) = 4
10653 15:00:14.314781 write(5, "\r", 1 <unfinished ...>
10651 15:00:14.314811 <... read resumed> "\r", 1) = 1
10653 15:00:14.314831 <... write resumed> ) = 1
10651 15:00:14.314862 select(6, [5], NULL, NULL, {60, 0}) = 1 (in [5], left {60, 0})
10651 15:00:14.314932 accept(5, {sa_family=AF_INET, sin_port=htons(45605), sin_addr=inet_addr("127.0.0.1")}, [16]) = 6
10651 15:00:14.315029 write(4, "\1", 1) = 1
10651 15:00:14.315081 sendmsg(4, {msg_name(0)=NULL, msg_iov(1)=[{"\0", 1}], msg_controllen=16, {cmsg_len=16, cmsg_level=SOL_SOCKET, cmsg_type=SCM_RIGHTS, {6}}, msg_flags=0}, 0) = 1
10651 15:00:14.315153 close(6)          = 0
10651 15:00:14.315195 read(4,  <unfinished ...>
10653 15:00:14.315225 read(5, "\1", 1)  = 1
10653 15:00:14.315280 recvmsg(5, {msg_name(0)=NULL, msg_iov(1)=[{"\0", 1}], msg_controllen=16, {cmsg_len=16, cmsg_level=SOL_SOCKET, cmsg_type=SCM_RIGHTS, {6}}, msg_flags=0}, 0) = 1
10653 15:00:14.315357 setsockopt(6, SOL_SOCKET, SO_KEEPALIVE, [1], 4) = 0
10653 15:00:14.315475 setsockopt(6, SOL_IP, IP_TOS, [8], 4) = 0
10653 15:00:14.315532 setsockopt(6, SOL_SOCKET, SO_LINGER, {onoff=1, linger=32767}, 8) = 0
