18886 16:33:49.830909 connect(4, {sa_family=AF_FILE, path="/var/run/nscd/socket"}, 110) = -1 ENOENT (No such file or directory)
18886 16:33:49.830946 close(4)          = 0
18886 16:33:49.830994 open("/etc/group", O_RDONLY|0x80000 /* O_??? */) = 4
18886 16:33:49.831027 _llseek(4, 0, [0], SEEK_CUR) = 0
18886 16:33:49.831053 fstat64(4, {st_mode=S_IFREG|0644, st_size=886, ...}) = 0
18886 16:33:49.831087 mmap2(NULL, 886, PROT_READ, MAP_SHARED, 4, 0) = 0xb7ef5000
18886 16:33:49.831114 _llseek(4, 886, [886], SEEK_SET) = 0
18886 16:33:49.831161 fstat64(4, {st_mode=S_IFREG|0644, st_size=886, ...}) = 0
18886 16:33:49.831219 munmap(0xb7ef5000, 886) = 0
18886 16:33:49.831246 close(4)          = 0
18886 16:33:49.831271 setgroups32(13, [1000, 4, 20, 24, 25, 29, 30, 44, 46, 107, 111, 112, 119]) = 0
18886 16:33:49.831307 geteuid32()       = 0
18886 16:33:49.831333 getegid32()       = 0
18886 16:33:49.831359 setregid32(-1, 1000) = 0
18886 16:33:49.831384 setreuid32(-1, 1000) = 0
18886 16:33:49.831411 chdir("/home/msfadmin") = 0
18886 16:33:49.831438 setreuid32(-1, 0) = 0
18886 16:33:49.831462 setregid32(-1, 0) = 0
18886 16:33:49.831488 setgid32(1000)    = 0
18886 16:33:49.831512 setuid32(1000)    = 0
18886 16:33:49.831538 setrlimit(RLIMIT_NPROC, {rlim_cur=0, rlim_max=0}) = 0
18886 16:33:49.831568 mmap2(NULL, 12288, PROT_READ|PROT_WRITE, MAP_PRIVATE|MAP_ANONYMOUS, -1, 0) = 0xb7ef3000
18886 16:33:49.831596 mprotect(0xb7ef5000, 4096, PROT_NONE) = 0
18886 16:33:49.831623 mprotect(0xb7ef3000, 4096, PROT_NONE) = 0
18886 16:33:49.831649 getcwd("/home/msfadmin", 4096) = 15
18886 16:33:49.831680 umask(022)        = 077
18886 16:33:49.831705 getcwd("/home/msfadmin", 4096) = 15
18886 16:33:49.831735 open(".message", O_RDONLY|O_NONBLOCK|O_LARGEFILE) = -1 ENOENT (No such file or directory)
18886 16:33:49.831785 write(0, "230 Login successful.\r\n", 23) = 23
18886 16:33:49.831965 rt_sigaction(SIGALRM, {0x805cad0, ~[RTMIN RT_1], 0}, NULL, 8) = 0
18886 16:33:49.832002 alarm(300)        = 0
18886 16:33:49.832048 mmap2(NULL, 12288, PROT_READ|PROT_WRITE, MAP_PRIVATE|MAP_ANONYMOUS, -1, 0) = 0xb7ef0000
18886 16:33:49.832076 mprotect(0xb7ef2000, 4096, PROT_NONE) = 0
18886 16:33:49.832103 mprotect(0xb7ef0000, 4096, PROT_NONE) = 0
18886 16:33:49.832132 recv(0, "TYPE I\r\n", 4096, MSG_PEEK) = 8
18886 16:33:49.832182 read(0, "TYPE I\r\n", 8) = 8
18886 16:33:49.832222 write(0, "200 Switching to Binary mode.\r\n", 31) = 31
18886 16:33:49.832317 rt_sigaction(SIGALRM, {0x805cad0, ~[RTMIN RT_1], 0}, NULL, 8) = 0
18886 16:33:49.832351 alarm(300)        = 300
18886 16:33:49.832397 recv(0, "PASV\r\n", 4096, MSG_PEEK) = 6
18886 16:33:49.832425 read(0, "PASV\r\n", 6) = 6
18886 16:33:49.832452 write(5, "\n", 1) = 1
18886 16:33:49.832479 read(5,  <unfinished ...>
18884 16:33:49.832508 close(5)          = 0
18884 16:33:49.832537 getuid32()        = 0
18884 16:33:49.832569 open("/etc/passwd", O_RDONLY|0x80000 /* O_??? */) = 5
18884 16:33:49.832602 _llseek(5, 0, [0], SEEK_CUR) = 0
18884 16:33:49.832630 fstat64(5, {st_mode=S_IFREG|0644, st_size=1624, ...}) = 0
18884 16:33:49.832667 mmap2(NULL, 1624, PROT_READ, MAP_SHARED, 5, 0) = 0xb7ef5000
18884 16:33:49.832694 _llseek(5, 1624, [1624], SEEK_SET) = 0
18884 16:33:49.832731 munmap(0xb7ef5000, 1624) = 0
18884 16:33:49.832758 close(5)          = 0
18884 16:33:49.832792 setgroups32(0, []) = 0
18884 16:33:49.832819 chdir("/usr/share/empty") = 0
18884 16:33:49.832848 chroot(".")       = 0
18884 16:33:49.832875 capset(NULL, NULL) = -1 EFAULT (Bad address)
18884 16:33:49.832904 prctl(0x8, 0, 0xbf95a3f8, 0x80549a6, 0xbf95a3e0) = 0
18884 16:33:49.832932 prctl(0x8, 0x1, 0xbf95a3f8, 0x8054a49, 0xbf95a3e0) = 0
18884 16:33:49.832957 setgid32(65534)   = 0
18884 16:33:49.832982 setuid32(65534)   = 0
18884 16:33:49.833006 capset(0x19980330, 0, {CAP_NET_BIND_SERVICE, CAP_NET_BIND_SERVICE, 0}) = 0
18884 16:33:49.833035 read(4, "\n", 1)  = 1
18884 16:33:49.833064 write(4, "\1", 1) = 1
18886 16:33:49.833091 <... read resumed> "\1", 1) = 1
18886 16:33:49.833112 write(5, "\f", 1) = 1
18886 16:33:49.833142 read(5,  <unfinished ...>
18884 16:33:49.833163 read(4, "\f", 1)  = 1
18884 16:33:49.833192 socket(PF_INET, SOCK_STREAM, IPPROTO_TCP) = 5
18884 16:33:49.833222 setsockopt(5, SOL_SOCKET, SO_REUSEADDR, [1], 4) = 0
18884 16:33:49.833249 gettimeofday({1495658029, 833265}, NULL) = 0
18884 16:33:49.833295 bind(5, {sa_family=AF_INET, sin_port=htons(33199), sin_addr=inet_addr("127.0.0.1")}, 16) = 0
18884 16:33:49.833330 listen(5, 1)      = 0
18884 16:33:49.833360 write(4, "\257\201\0\0", 4) = 4
18886 16:33:49.833387 <... read resumed> "\257\201\0\0", 4) = 4
18886 16:33:49.833418 write(0, "227 Entering Passive Mode (127,0,0,1,129,175).\r\n", 48) = 48
18886 16:33:49.833655 rt_sigaction(SIGALRM, {0x805cad0, ~[RTMIN RT_1], 0}, NULL, 8) = 0
18886 16:33:49.833691 alarm(300)        = 300
18886 16:33:49.833738 recv(0, "STOR myfile33\r\n", 4096, MSG_PEEK) = 15
18886 16:33:49.833767 read(0, "STOR myfile33\r\n", 15) = 15
18886 16:33:49.833800 write(5, "\v", 1) = 1
18886 16:33:49.833826 read(5,  <unfinished ...>
18884 16:33:49.833847 read(4, "\v", 1)  = 1
18884 16:33:49.833874 write(4, "\1\0\0\0", 4) = 4
18886 16:33:49.833900 <... read resumed> "\1\0\0\0", 4) = 4
18886 16:33:49.833922 gettimeofday({1495658029, 833938}, NULL) = 0
18886 16:33:49.833982 getcwd("/home/msfadmin", 4096) = 15
18886 16:33:49.834012 open("myfile33", O_WRONLY|O_CREAT|O_NONBLOCK|O_LARGEFILE, 0666) = 4
18886 16:33:49.834042 fstat64(4, {st_mode=S_IFREG|0644, st_size=17, ...}) = 0
18886 16:33:49.834077 fcntl64(4, F_GETFL) = 0x8801 (flags O_WRONLY|O_NONBLOCK|O_LARGEFILE)
18886 16:33:49.834124 fcntl64(4, F_SETFL, O_WRONLY|O_LARGEFILE) = 0
18886 16:33:49.834150 fcntl64(4, F_SETLKW64, {type=F_WRLCK, whence=SEEK_SET, start=0, len=0}, 0xbf95a344) = 0
18886 16:33:49.834183 ftruncate64(4, 0) = 0
18886 16:33:49.834228 _llseek(4, 0, [0], SEEK_SET) = 0
18886 16:33:49.834256 write(5, "\v", 1) = 1
18886 16:33:49.834282 read(5,  <unfinished ...>
18884 16:33:49.834303 read(4, "\v", 1)  = 1
18884 16:33:49.834330 write(4, "\1\0\0\0", 4) = 4
18886 16:33:49.834356 <... read resumed> "\1\0\0\0", 4) = 4
18886 16:33:49.834377 write(5, "\v", 1) = 1
18886 16:33:49.834402 read(5,  <unfinished ...>
18884 16:33:49.834421 read(4, "\v", 1)  = 1
18884 16:33:49.834447 write(4, "\1\0\0\0", 4) = 4
18886 16:33:49.834472 <... read resumed> "\1\0\0\0", 4) = 4
18886 16:33:49.834493 write(5, "\r", 1) = 1
18886 16:33:49.834518 read(5,  <unfinished ...>
18884 16:33:49.834538 read(4, "\r", 1)  = 1
18884 16:33:49.834567 select(6, [5], NULL, NULL, {60, 0}) = 1 (in [5], left {60, 0})
18884 16:33:49.834603 accept(5, {sa_family=AF_INET, sin_port=htons(44059), sin_addr=inet_addr("127.0.0.1")}, [16]) = 6
18884 16:33:49.834647 write(4, "\1", 1) = 1
18886 16:33:49.834673 <... read resumed> "\1", 1) = 1
18886 16:33:49.834697 recvmsg(5,  <unfinished ...>
18884 16:33:49.834721 sendmsg(4, {msg_name(0)=NULL, msg_iov(1)=[{"\0", 1}], msg_controllen=16, {cmsg_len=16, cmsg_level=SOL_SOCKET, cmsg_type=SCM_RIGHTS, {6}}, msg_flags=0}, 0) = 1
18886 16:33:49.834757 <... recvmsg resumed> {msg_name(0)=NULL, msg_iov(1)=[{"\0", 1}], msg_controllen=16, {cmsg_len=16, cmsg_level=SOL_SOCKET, cmsg_type=SCM_RIGHTS, {6}}, msg_flags=0}, 0) = 1
18886 16:33:49.834787 setsockopt(6, SOL_SOCKET, SO_KEEPALIVE, [1], 4) = 0
18886 16:33:49.834816 setsockopt(6, SOL_IP, IP_TOS, [8], 4) = 0
18886 16:33:49.834843 setsockopt(6, SOL_SOCKET, SO_LINGER, {onoff=1, linger=32767}, 8) = 0
18886 16:33:49.834869 rt_sigaction(SIGALRM, {0x805cad0, ~[RTMIN RT_1], 0}, NULL, 8) = 0
18886 16:33:49.834900 alarm(300)        = 300
18886 16:33:49.834949 write(0, "150 Ok to send data.\r\n", 22) = 22
18886 16:33:49.835238 mmap2(NULL, 77824, PROT_READ|PROT_WRITE, MAP_PRIVATE|MAP_ANONYMOUS, -1, 0) = 0xb7d2a000
18886 16:33:49.835271 mprotect(0xb7d3c000, 4096, PROT_NONE) = 0
18886 16:33:49.835299 mprotect(0xb7d2a000, 4096, PROT_NONE) = 0
18886 16:33:49.835324 read(6, "assasaaa\na\na\na\na\n", 65536) = 17
18886 16:33:49.835356 write(4, "assasaaa\na\na\na\na\n", 17) = 17
18886 16:33:49.835389 read(6, "", 65536) = 0
18886 16:33:49.835415 rt_sigaction(SIGALRM, {0x805cad0, ~[RTMIN RT_1], 0}, NULL, 8) = 0
18886 16:33:49.835445 alarm(300)        = 300
18886 16:33:49.835490 close(6)          = 0
18886 16:33:49.835514 alarm(0)          = 300
18886 16:33:49.835548 gettimeofday({1495658029, 835564}, NULL) = 0
18886 16:33:49.835595 getpid()          = 18886
18886 16:33:49.835623 gettimeofday({1495658029, 835639}, NULL) = 0
18886 16:33:49.835669 fcntl64(3, F_SETLKW64, {type=F_WRLCK, whence=SEEK_SET, start=0, len=0}, 0xbf95a2e4) = 0
18886 16:33:49.835703 write(3, "Wed May 24 16:33:49 2017 [pid 18886] [msfadmin] OK UPLOAD: Client \"127.0.0.1\", \"/home/msfadmin/myfile33\", 17 bytes, 9.76Kbyte/sec\n", 130) = 130
18886 16:33:49.835743 fcntl64(3, F_SETLK64, {type=F_UNLCK, whence=SEEK_SET, start=0, len=0}, 0xbf95a2ec) = 0
18886 16:33:49.835774 write(0, "226 Transfer complete.\r\n", 24) = 24
18886 16:33:49.835865 write(5, "\n", 1) = 1
18886 16:33:49.835894 read(5,  <unfinished ...>
18884 16:33:49.835915 close(6)          = 0
18884 16:33:49.835973 read(4, "\n", 1)  = 1
18884 16:33:49.836002 close(5)          = 0
18884 16:33:49.836029 write(4, "\1", 1) = 1
18886 16:33:49.836055 <... read resumed> "\1", 1) = 1
18886 16:33:49.836076 close(4)          = 0
18886 16:33:49.836101 rt_sigaction(SIGALRM, {0x805cad0, ~[RTMIN RT_1], 0}, NULL, 8) = 0
18886 16:33:49.836132 alarm(300)        = 0
18886 16:33:49.836183 recv(0,  <unfinished ...>
18884 16:33:49.836205 read(4,  <unfinished ...>
18886 16:33:50.370660 <... recv resumed> "TYPE I\r\n", 4096, MSG_PEEK) = 8
18886 16:33:50.370782 read(0, "TYPE I\r\n", 8) = 8
18886 16:33:50.370935 write(0, "200 Switching to Binary mode.\r\n", 31) = 31
18886 16:33:50.371238 rt_sigaction(SIGALRM, {0x805cad0, ~[RTMIN RT_1], 0}, NULL, 8) = 0
18886 16:33:50.371347 alarm(300)        = 299
18886 16:33:50.371484 recv(0, "PASV\r\n", 4096, MSG_PEEK) = 6
18886 16:33:50.371589 read(0, "PASV\r\n", 6) = 6
18886 16:33:50.371672 write(5, "\n", 1 <unfinished ...>
18884 16:33:50.371743 <... read resumed> "\n", 1) = 1
18886 16:33:50.371792 <... write resumed> ) = 1
18884 16:33:50.371849 write(4, "\1", 1) = 1
18884 16:33:50.371925 read(4,  <unfinished ...>
18886 16:33:50.372050 read(5, "\1", 1)  = 1
18886 16:33:50.372146 write(5, "\f", 1 <unfinished ...>
18884 16:33:50.372206 <... read resumed> "\f", 1) = 1
18886 16:33:50.372254 <... write resumed> ) = 1
18884 16:33:50.372313 socket(PF_INET, SOCK_STREAM, IPPROTO_TCP) = 5
18884 16:33:50.372401 setsockopt(5, SOL_SOCKET, SO_REUSEADDR, [1], 4) = 0
18884 16:33:50.372488 bind(5, {sa_family=AF_INET, sin_port=htons(59257), sin_addr=inet_addr("127.0.0.1")}, 16) = 0
18884 16:33:50.372582 listen(5, 1)      = 0
18884 16:33:50.372666 write(4, "y\347\0\0", 4) = 4
18884 16:33:50.372743 read(4,  <unfinished ...>
18886 16:33:50.372801 read(5, "y\347\0\0", 4) = 4
18886 16:33:50.372899 write(0, "227 Entering Passive Mode (127,0,0,1,231,121).\r\n", 48) = 48
18886 16:33:50.373790 rt_sigaction(SIGALRM, {0x805cad0, ~[RTMIN RT_1], 0}, NULL, 8) = 0
18886 16:33:50.373895 alarm(300)        = 300
18886 16:33:50.374085 recv(0, "STOR myfile34\r\n", 4096, MSG_PEEK) = 15
18886 16:33:50.374181 read(0, "STOR myfile34\r\n", 15) = 15
18886 16:33:50.374269 write(5, "\v", 1 <unfinished ...>
18884 16:33:50.374334 <... read resumed> "\v", 1) = 1
18886 16:33:50.374383 <... write resumed> ) = 1
18884 16:33:50.374438 write(4, "\1\0\0\0", 4) = 4
18884 16:33:50.374513 read(4,  <unfinished ...>
18886 16:33:50.374571 read(5, "\1\0\0\0", 4) = 4
18886 16:33:50.374649 gettimeofday({1495658030, 374694}, NULL) = 0
18886 16:33:50.374755 getcwd("/home/msfadmin", 4096) = 15
18886 16:33:50.374837 open("myfile34", O_WRONLY|O_CREAT|O_NONBLOCK|O_LARGEFILE, 0666) = 4
18886 16:33:50.374924 fstat64(4, {st_mode=S_IFREG|0644, st_size=17, ...}) = 0
18886 16:33:50.375088 fcntl64(4, F_GETFL) = 0x8801 (flags O_WRONLY|O_NONBLOCK|O_LARGEFILE)
18886 16:33:50.375170 fcntl64(4, F_SETFL, O_WRONLY|O_LARGEFILE) = 0
18886 16:33:50.375240 fcntl64(4, F_SETLKW64, {type=F_WRLCK, whence=SEEK_SET, start=0, len=0}, 0xbf95a344) = 0
18886 16:33:50.375327 ftruncate64(4, 0) = 0
18886 16:33:50.375426 _llseek(4, 0, [0], SEEK_SET) = 0
18886 16:33:50.375503 write(5, "\v", 1 <unfinished ...>
18884 16:33:50.375566 <... read resumed> "\v", 1) = 1
18886 16:33:50.375615 <... write resumed> ) = 1
18884 16:33:50.375670 write(4, "\1\0\0\0", 4) = 4
18884 16:33:50.375746 read(4,  <unfinished ...>
18886 16:33:50.375803 read(5, "\1\0\0\0", 4) = 4
18886 16:33:50.375881 write(5, "\v", 1 <unfinished ...>
18884 16:33:50.375939 <... read resumed> "\v", 1) = 1
18886 16:33:50.376041 <... write resumed> ) = 1
18884 16:33:50.376096 write(4, "\1\0\0\0", 4) = 4
18884 16:33:50.376171 read(4,  <unfinished ...>
18886 16:33:50.376228 read(5, "\1\0\0\0", 4) = 4
18886 16:33:50.376306 write(5, "\r", 1 <unfinished ...>
18884 16:33:50.376364 <... read resumed> "\r", 1) = 1
18886 16:33:50.376392 <... write resumed> ) = 1
18884 16:33:50.376392 select(6, [5], NULL, NULL, {60, 0}) = 1 (in [5], left {60, 0})
18884 16:33:50.376392 accept(5, {sa_family=AF_INET, sin_port=htons(56956), sin_addr=inet_addr("127.0.0.1")}, [16]) = 6
18884 16:33:50.376392 write(4, "\1", 1) = 1
18884 16:33:50.376392 sendmsg(4, {msg_name(0)=NULL, msg_iov(1)=[{"\0", 1}], msg_controllen=16, {cmsg_len=16, cmsg_level=SOL_SOCKET, cmsg_type=SCM_RIGHTS, {6}}, msg_flags=0}, 0) = 1
18884 16:33:50.376392 close(6)          = 0
18884 16:33:50.376392 read(4,  <unfinished ...>
18886 16:33:50.376392 read(5, "\1", 1)  = 1
18886 16:33:50.376392 recvmsg(5, {msg_name(0)=NULL, msg_iov(1)=[{"\0", 1}], msg_controllen=16, {cmsg_len=16, cmsg_level=SOL_SOCKET, cmsg_type=SCM_RIGHTS, {6}}, msg_flags=0}, 0) = 1
18886 16:33:50.376392 setsockopt(6, SOL_SOCKET, SO_KEEPALIVE, [1], 4) = 0
18886 16:33:50.376392 setsockopt(6, SOL_IP, IP_TOS, [8], 4) = 0
18886 16:33:50.376392 setsockopt(6, SOL_SOCKET, SO_LINGER, {onoff=1, linger=32767}, 8) = 0
18886 16:33:50.376392 rt_sigaction(SIGALRM, {0x805cad0, ~[RTMIN RT_1], 0}, NULL, 8) = 0
18886 16:33:50.376392 alarm(300)        = 300
18886 16:33:50.376392 write(0, "150 Ok to send data.\r\n", 22) = 22
18886 16:33:50.376392 read(6, "assasaaa\na\na\na\na\n", 65536) = 17
18886 16:33:50.376392 write(4, "assasaaa\na\na\na\na\n", 17) = 17
18886 16:33:50.376392 read(6, "", 65536) = 0
18886 16:33:50.376392 rt_sigaction(SIGALRM, {0x805cad0, ~[RTMIN RT_1], 0}, NULL, 8) = 0
18886 16:33:50.376392 alarm(300)        = 300
18886 16:33:50.376392 close(6)          = 0
18886 16:33:50.376392 alarm(0)          = 300
18886 16:33:50.376392 gettimeofday({1495658030, 376392}, NULL) = 0
18886 16:33:50.376392 gettimeofday({1495658030, 376392}, NULL) = 0
18886 16:33:50.376392 fcntl64(3, F_SETLKW64, {type=F_WRLCK, whence=SEEK_SET, start=0, len=0}, 0xbf95a2e4) = 0
18886 16:33:50.376392 write(3, "Wed May 24 16:33:50 2017 [pid 18886] [msfadmin] OK UPLOAD: Client \"127.0.0.1\", \"/home/msfadmin/myfile34\", 17 bytes, 9.78Kbyte/sec\n", 130) = 130
18886 16:33:50.376392 fcntl64(3, F_SETLK64, {type=F_UNLCK, whence=SEEK_SET, start=0, len=0}, 0xbf95a2ec) = 0
18886 16:33:50.376392 write(0, "226 Transfer complete.\r\n", 24) = 24
18886 16:33:50.376392 write(5, "\n", 1 <unfinished ...>
18884 16:33:50.376392 <... read resumed> "\n", 1) = 1
18886 16:33:50.380253 <... write resumed> ) = 1
18884 16:33:50.380327 close(5)          = 0
18884 16:33:50.380409 write(4, "\1", 1) = 1
18884 16:33:50.380488 read(4,  <unfinished ...>
18886 16:33:50.380548 read(5, "\1", 1)  = 1
18886 16:33:50.380625 close(4)          = 0
18886 16:33:50.380702 rt_sigaction(SIGALRM, {0x805cad0, ~[RTMIN RT_1], 0}, NULL, 8) = 0
18886 16:33:50.380862 alarm(300)        = 0
18886 16:33:50.380998 recv(0,  <unfinished ...>
4439  16:33:50.820244 <... select resumed> ) = ? ERESTARTNOHAND (To be restarted)
4439  16:33:50.820289 --- SIGCHLD (Child exited) @ 0 (0) ---
4439  16:33:50.820316 write(4, "\21", 1) = 1
4439  16:33:50.820350 sigreturn()       = ? (mask now [])
4439  16:33:50.820408 select(13, [3 5 6 8 9 10 11 12], NULL, NULL, NULL) = 1 (in [3])
4439  16:33:50.820444 ioctl(3, FIONREAD, [1]) = 0
4439  16:33:50.820473 read(3, "\21", 1) = 1
4439  16:33:50.820503 waitpid(-1, [{WIFEXITED(s) && WEXITSTATUS(s) == 0}], WNOHANG) = 18874
4439  16:33:50.820537 close(-1)         = -1 EBADF (Bad file descriptor)
4439  16:33:50.820565 waitpid(-1, 0xbff6282c, WNOHANG) = 0
4439  16:33:50.820590 select(13, [3 5 6 8 9 10 11 12], NULL, NULL, NULL <unfinished ...>
