12007 15:14:07.418569 munmap(0xb7f14000, 4096) = 0
12007 15:14:07.418599 open("/etc/pam.d/other", O_RDONLY|O_LARGEFILE) = 5
12007 15:14:07.418635 fstat64(5, {st_mode=S_IFREG|0644, st_size=520, ...}) = 0
12007 15:14:07.418679 mmap2(NULL, 4096, PROT_READ|PROT_WRITE, MAP_PRIVATE|MAP_ANONYMOUS, -1, 0) = 0xb7f14000
12007 15:14:07.418708 read(5, "#\n# /etc/pam.d/other - specify the PAM fallback behaviour\n#\n# Note that this file is used for any unspecified service; for example\n#if /etc/pam.d/cron  specifies no session modules but cron calls\n#pam_open_session, the session module out of /etc/pam.d/other is\n#used.  If you really want nothing to happen then use pam_permit.so or\n#pam_deny.so as appropriate.\n\n# We fall back to the system default in /etc/pam.d/common-*\n# \n\n@include common-auth\n@include common-account\n@include common-password\n@include common-session\n", 4096) = 520
12007 15:14:07.418831 stat64("/etc/pam.d", {st_mode=S_IFDIR|0755, st_size=4096, ...}) = 0
12007 15:14:07.418881 open("/etc/pam.d/common-auth", O_RDONLY|O_LARGEFILE) = 6
12007 15:14:07.418915 fstat64(6, {st_mode=S_IFREG|0644, st_size=476, ...}) = 0
12007 15:14:07.418959 mmap2(NULL, 4096, PROT_READ|PROT_WRITE, MAP_PRIVATE|MAP_ANONYMOUS, -1, 0) = 0xb7f0e000
12007 15:14:07.418988 read(6, "#\n# /etc/pam.d/common-auth - authentication settings common to all services\n#\n# This file is included from other service-specific PAM config files,\n# and should contain a list of the authentication modules that define\n# the central authentication scheme for use on the system\n# (e.g., /etc/shadow, LDAP, Kerberos, etc.).  The default is to use the\n# traditional Unix authentication mechanisms.\n#\nauth\trequisite\tpam_unix.so nullok_secure\n# auth\toptional\tpam_smbpass.so migrate\n", 4096) = 476
12007 15:14:07.419149 read(6, "", 4096) = 0
12007 15:14:07.419180 close(6)          = 0
12007 15:14:07.419206 munmap(0xb7f0e000, 4096) = 0
12007 15:14:07.419237 stat64("/etc/pam.d", {st_mode=S_IFDIR|0755, st_size=4096, ...}) = 0
12007 15:14:07.419288 open("/etc/pam.d/common-account", O_RDONLY|O_LARGEFILE) = 6
12007 15:14:07.419334 fstat64(6, {st_mode=S_IFREG|0644, st_size=392, ...}) = 0
12007 15:14:07.419390 mmap2(NULL, 4096, PROT_READ|PROT_WRITE, MAP_PRIVATE|MAP_ANONYMOUS, -1, 0) = 0xb7f0e000
12007 15:14:07.419420 read(6, "#\n# /etc/pam.d/common-account - authorization settings common to all services\n#\n# This file is included from other service-specific PAM config files,\n# and should contain a list of the authorization modules that define\n# the central access policy for use on the system.  The default is to\n# only deny service to users whose accounts are expired in /etc/shadow.\n#\naccount\trequired\tpam_unix.so\n", 4096) = 392
12007 15:14:07.419528 read(6, "", 4096) = 0
12007 15:14:07.419555 close(6)          = 0
12007 15:14:07.419581 munmap(0xb7f0e000, 4096) = 0
12007 15:14:07.419615 stat64("/etc/pam.d", {st_mode=S_IFDIR|0755, st_size=4096, ...}) = 0
12007 15:14:07.419674 open("/etc/pam.d/common-password", O_RDONLY|O_LARGEFILE) = 6
12007 15:14:07.419709 fstat64(6, {st_mode=S_IFREG|0644, st_size=1563, ...}) = 0
12007 15:14:07.419752 mmap2(NULL, 4096, PROT_READ|PROT_WRITE, MAP_PRIVATE|MAP_ANONYMOUS, -1, 0) = 0xb7f0e000
12007 15:14:07.419781 read(6, "#\n# /etc/pam.d/common-password - password-related modules common to all services\n#\n# This file is included from other service-specific PAM config files,\n# and should contain a list of modules that define the services to be\n# used to change user passwords.  The default is pam_unix.\n\n# Explanation of pam_unix options:\n#\n# The \"nullok\" option allows users to change an empty password, else\n# empty passwords are treated as locked accounts.\n#\n# The \"md5\" option enables MD5 passwords.  Without this option, the\n# default is Unix crypt.\n#\n# The \"obscure\" option replaces the old `OBSCURE_CHECKS_ENAB\' option in\n# login.defs.\n#\n# You can also use the \"min\" option to enforce the length of the new\n# password.\n#\n# See the pam_unix manpage for other options.\n\npassword   requisite   pam_unix.so nullok obscure md5\n\n# Alternate strength checking for password. Note that this\n# requires the libpam-cracklib package to be installed.\n# You will need to comment out the password line above and\n# uncomment the next two in order to use this.\n# (Replaces the `OBSCURE_CHECKS_ENAB\', `CRACKLIB_DICTPATH\')\n#\n# password required\t  pam_cracklib.so retry=3 minlen=6 difok=3\n# password required\t  pam_unix.so use_authtok nullok md5\n\n# minimally-intrusive inclusion of smbpass in the stack for\n# synchronization.  If the module is absent or the passwords don\'t\n# match, this module will be ignored without prompting; and if the \n# passwords do match, the NTLM hash for the user will be updated\n# automatically.\n# password   optional   pam_smbpass.so nullok use_authtok use_first_pass\n", 4096) = 1563
12007 15:14:07.420131 read(6, "", 4096) = 0
12007 15:14:07.420162 close(6)          = 0
12007 15:14:07.420188 munmap(0xb7f0e000, 4096) = 0
12007 15:14:07.420219 stat64("/etc/pam.d", {st_mode=S_IFDIR|0755, st_size=4096, ...}) = 0
12007 15:14:07.420270 open("/etc/pam.d/common-session", O_RDONLY|O_LARGEFILE) = 6
12007 15:14:07.420305 fstat64(6, {st_mode=S_IFREG|0644, st_size=372, ...}) = 0
12007 15:14:07.420360 mmap2(NULL, 4096, PROT_READ|PROT_WRITE, MAP_PRIVATE|MAP_ANONYMOUS, -1, 0) = 0xb7f0e000
12007 15:14:07.420390 read(6, "#\n# /etc/pam.d/common-session - session-related modules common to all services\n#\n# This file is included from other service-specific PAM config files,\n# and should contain a list of modules that define tasks to be performed\n# at the start and end of sessions of *any* kind (both interactive and\n# non-interactive).  The default is pam_unix.\n#\nsession\trequired\tpam_unix.so\n", 4096) = 372
12007 15:14:07.420496 read(6, "", 4096) = 0
12007 15:14:07.420523 close(6)          = 0
12007 15:14:07.420549 munmap(0xb7f0e000, 4096) = 0
12007 15:14:07.420578 read(5, "", 4096) = 0
12007 15:14:07.420607 close(5)          = 0
12007 15:14:07.420641 munmap(0xb7f14000, 4096) = 0
12007 15:14:07.420677 time(NULL)        = 1495653247
12007 15:14:07.420710 lstat64("/etc/ftpusers", {st_mode=S_IFREG|0644, st_size=132, ...}) = 0
12007 15:14:07.420770 open("/etc/ftpusers", O_RDONLY|O_LARGEFILE) = 5
12007 15:14:07.420803 fstat64(5, {st_mode=S_IFREG|0644, st_size=132, ...}) = 0
12007 15:14:07.420846 mmap2(NULL, 4096, PROT_READ|PROT_WRITE, MAP_PRIVATE|MAP_ANONYMOUS, -1, 0) = 0xb7f14000
12007 15:14:07.420875 read(5, "# /etc/ftpusers: list of users disallowed FTP access. See ftpusers(5).\n\nroot\ndaemon\nbin\nsys\nsync\ngames\nman\nlp\nmail\nnews\nuucp\nnobody\n", 4096) = 132
12007 15:14:07.420934 read(5, "", 4096) = 0
12007 15:14:07.421010 close(5)          = 0
12007 15:14:07.421046 munmap(0xb7f14000, 4096) = 0
12007 15:14:07.421099 getuid32()        = 0
12007 15:14:07.421145 open("/etc/passwd", O_RDONLY|0x80000 /* O_??? */) = 5
12007 15:14:07.421185 _llseek(5, 0, [0], SEEK_CUR) = 0
12007 15:14:07.421216 fstat64(5, {st_mode=S_IFREG|0644, st_size=1624, ...}) = 0
12007 15:14:07.421260 mmap2(NULL, 1624, PROT_READ, MAP_SHARED, 5, 0) = 0xb7f14000
12007 15:14:07.421291 _llseek(5, 1624, [1624], SEEK_SET) = 0
12007 15:14:07.421343 munmap(0xb7f14000, 1624) = 0
12007 15:14:07.421373 close(5)          = 0
12007 15:14:07.421440 open("/etc/shadow", O_RDONLY|0x80000 /* O_??? */) = 5
12007 15:14:07.421486 _llseek(5, 0, [0], SEEK_CUR) = 0
12007 15:14:07.421514 fstat64(5, {st_mode=S_IFREG|0640, st_size=1233, ...}) = 0
12007 15:14:07.421558 mmap2(NULL, 1233, PROT_READ, MAP_SHARED, 5, 0) = 0xb7f14000
12007 15:14:07.421587 _llseek(5, 1233, [1233], SEEK_SET) = 0
12007 15:14:07.421640 munmap(0xb7f14000, 1233) = 0
12007 15:14:07.421666 close(5)          = 0
12007 15:14:07.421716 open("/etc/passwd", O_RDONLY|0x80000 /* O_??? */) = 5
12007 15:14:07.421751 _llseek(5, 0, [0], SEEK_CUR) = 0
12007 15:14:07.421779 fstat64(5, {st_mode=S_IFREG|0644, st_size=1624, ...}) = 0
12007 15:14:07.421823 mmap2(NULL, 1624, PROT_READ, MAP_SHARED, 5, 0) = 0xb7f14000
12007 15:14:07.421851 _llseek(5, 1624, [1624], SEEK_SET) = 0
12007 15:14:07.421894 munmap(0xb7f14000, 1624) = 0
12007 15:14:07.422065 close(5)          = 0
12007 15:14:07.422106 open("/etc/shadow", O_RDONLY|0x80000 /* O_??? */) = 5
12007 15:14:07.422142 _llseek(5, 0, [0], SEEK_CUR) = 0
12007 15:14:07.422171 fstat64(5, {st_mode=S_IFREG|0640, st_size=1233, ...}) = 0
12007 15:14:07.422214 mmap2(NULL, 1233, PROT_READ, MAP_SHARED, 5, 0) = 0xb7f14000
12007 15:14:07.422244 _llseek(5, 1233, [1233], SEEK_SET) = 0
12007 15:14:07.422290 munmap(0xb7f14000, 1233) = 0
12007 15:14:07.422317 close(5)          = 0
12007 15:14:07.423728 getuid32()        = 0
12007 15:14:07.423769 open("/etc/passwd", O_RDONLY|0x80000 /* O_??? */) = 5
12007 15:14:07.423807 _llseek(5, 0, [0], SEEK_CUR) = 0
12007 15:14:07.423836 fstat64(5, {st_mode=S_IFREG|0644, st_size=1624, ...}) = 0
12007 15:14:07.423899 mmap2(NULL, 1624, PROT_READ, MAP_SHARED, 5, 0) = 0xb7f14000
12007 15:14:07.423931 _llseek(5, 1624, [1624], SEEK_SET) = 0
12007 15:14:07.423976 munmap(0xb7f14000, 1624) = 0
12007 15:14:07.424004 close(5)          = 0
12007 15:14:07.424041 open("/etc/shadow", O_RDONLY|0x80000 /* O_??? */) = 5
12007 15:14:07.424076 _llseek(5, 0, [0], SEEK_CUR) = 0
12007 15:14:07.424104 fstat64(5, {st_mode=S_IFREG|0640, st_size=1233, ...}) = 0
12007 15:14:07.424147 mmap2(NULL, 1233, PROT_READ, MAP_SHARED, 5, 0) = 0xb7f14000
12007 15:14:07.424183 _llseek(5, 1233, [1233], SEEK_SET) = 0
12007 15:14:07.424234 munmap(0xb7f14000, 1233) = 0
12007 15:14:07.424261 close(5)          = 0
12007 15:14:07.424293 time(NULL)        = 1495653247
12007 15:14:07.424334 munmap(0xb7f11000, 12164) = 0
12007 15:14:07.424371 munmap(0xb7f0f000, 7136) = 0
12007 15:14:07.424409 munmap(0xb7d44000, 95428) = 0
12007 15:14:07.424440 munmap(0xb7d0a000, 201052) = 0
12007 15:14:07.424476 munmap(0xb7cf1000, 101180) = 0
12007 15:14:07.424529 gettimeofday({1495653247, 424540}, NULL) = 0
12007 15:14:07.424561 stat64("/usr/share/zoneinfo/UTC+04:00", 0xbfd1ce84) = -1 ENOENT (No such file or directory)
12007 15:14:07.424602 open("/usr/share/zoneinfo/UTC+04:00", O_RDONLY) = -1 ENOENT (No such file or directory)
12007 15:14:07.424697 fcntl64(3, F_SETLKW64, {type=F_WRLCK, whence=SEEK_SET, start=0, len=0}, 0xbfd1cfd4) = 0
12007 15:14:07.424772 write(3, "Wed May 24 15:14:07 2017 [pid 12007] [msfadmin] OK LOGIN: Client \"127.0.0.1\"\n", 77) = 77
12007 15:14:07.424836 fcntl64(3, F_SETLK64, {type=F_UNLCK, whence=SEEK_SET, start=0, len=0}, 0xbfd1cfdc) = 0
12007 15:14:07.424873 rt_sigaction(SIGCHLD, {0x805cad0, ~[RTMIN RT_1], 0}, NULL, 8) = 0
12007 15:14:07.424912 write(4, "\1", 1 <unfinished ...>
12008 15:14:07.424943 <... read resumed> "\1", 1) = 1
12007 15:14:07.424967 <... write resumed> ) = 1
12008 15:14:07.424990 exit_group(0)     = ?
12007 15:14:07.425074 --- SIGCHLD (Child exited) @ 0 (0) ---
12007 15:14:07.425094 sigreturn()       = ? (mask now [])
12007 15:14:07.425145 wait4(-1, [{WIFEXITED(s) && WEXITSTATUS(s) == 0}], 0, NULL) = 12008
12007 15:14:07.425180 close(4)          = 0
12007 15:14:07.425212 socketpair(PF_FILE, SOCK_STREAM, 0, [4, 5]) = 0
12007 15:14:07.425251 rt_sigaction(SIGCHLD, {0x805cad0, ~[RTMIN RT_1], 0}, NULL, 8) = 0
12007 15:14:07.425302 rt_sigaction(SIGALRM, {0x805cb10, ~[RTMIN RT_1], 0}, NULL, 8) = 0
12007 15:14:07.425340 clone(child_stack=0, flags=CLONE_CHILD_CLEARTID|CLONE_CHILD_SETTID|SIGCHLD, child_tidptr=0xb7d7a6f8) = 12009
12009 15:14:07.425481 prctl(0x1, 0x9, 0, 0, 0) = 0
12009 15:14:07.425518 close(4)          = 0
12009 15:14:07.425599 open("/etc/passwd", O_RDONLY|0x80000 /* O_??? */) = 4
12009 15:14:07.425680 _llseek(4, 0, [0], SEEK_CUR) = 0
12009 15:14:07.425724 fstat64(4, {st_mode=S_IFREG|0644, st_size=1624, ...}) = 0
12009 15:14:07.425774 mmap2(NULL, 1624, PROT_READ, MAP_SHARED, 4, 0) = 0xb7f14000
12009 15:14:07.425807 _llseek(4, 1624, [1624], SEEK_SET) = 0
12009 15:14:07.425869 munmap(0xb7f14000, 1624) = 0
12009 15:14:07.425900 close(4)          = 0
12009 15:14:07.425939 getuid32()        = 0
12009 15:14:07.425979 open("/etc/passwd", O_RDONLY|0x80000 /* O_??? */) = 4
12009 15:14:07.426015 _llseek(4, 0, [0], SEEK_CUR) = 0
12009 15:14:07.426044 fstat64(4, {st_mode=S_IFREG|0644, st_size=1624, ...}) = 0
12009 15:14:07.426088 mmap2(NULL, 1624, PROT_READ, MAP_SHARED, 4, 0) = 0xb7f14000
12009 15:14:07.426118 _llseek(4, 1624, [1624], SEEK_SET) = 0
12009 15:14:07.435033 munmap(0xb7f14000, 1624) = 0
12009 15:14:07.435094 close(4)          = 0
12009 15:14:07.435160 open("/proc/sys/kernel/ngroups_max", O_RDONLY) = 4
12009 15:14:07.435204 read(4, "65536\n", 31) = 6
12009 15:14:07.435231 close(4)          = 0
12009 15:14:07.435260 socket(PF_FILE, SOCK_STREAM, 0) = 4
12009 15:14:07.435285 fcntl64(4, F_SETFL, O_RDWR|O_NONBLOCK) = 0
12009 15:14:07.435307 connect(4, {sa_family=AF_FILE, path="/var/run/nscd/socket"}, 110) = -1 ENOENT (No such file or directory)
12009 15:14:07.435359 close(4)          = 0
12009 15:14:07.435385 socket(PF_FILE, SOCK_STREAM, 0) = 4
12009 15:14:07.435453 fcntl64(4, F_SETFL, O_RDWR|O_NONBLOCK) = 0
12009 15:14:07.435480 connect(4, {sa_family=AF_FILE, path="/var/run/nscd/socket"}, 110) = -1 ENOENT (No such file or directory)
12009 15:14:07.435518 close(4)          = 0
12009 15:14:07.435571 open("/etc/group", O_RDONLY|0x80000 /* O_??? */) = 4
12009 15:14:07.435601 _llseek(4, 0, [0], SEEK_CUR) = 0
12009 15:14:07.435623 fstat64(4, {st_mode=S_IFREG|0644, st_size=886, ...}) = 0
12009 15:14:07.435667 mmap2(NULL, 886, PROT_READ, MAP_SHARED, 4, 0) = 0xb7f14000
12009 15:14:07.435692 _llseek(4, 886, [886], SEEK_SET) = 0
12009 15:14:07.435742 fstat64(4, {st_mode=S_IFREG|0644, st_size=886, ...}) = 0
12009 15:14:07.435776 munmap(0xb7f14000, 886) = 0
12009 15:14:07.435797 close(4)          = 0
12009 15:14:07.435816 setgroups32(13, [1000, 4, 20, 24, 25, 29, 30, 44, 46, 107, 111, 112, 119]) = 0
12009 15:14:07.435849 geteuid32()       = 0
12009 15:14:07.435872 getegid32()       = 0
12009 15:14:07.435893 setregid32(-1, 1000) = 0
12009 15:14:07.435914 setreuid32(-1, 1000) = 0
12009 15:14:07.435932 chdir("/home/msfadmin") = 0
12009 15:14:07.435932 setreuid32(-1, 0) = 0
12009 15:14:07.435932 setregid32(-1, 0) = 0
12009 15:14:07.435933 setgid32(1000)    = 0
12009 15:14:07.435933 setuid32(1000)    = 0
12009 15:14:07.435933 setrlimit(RLIMIT_NPROC, {rlim_cur=0, rlim_max=0}) = 0
12009 15:14:07.435934 mmap2(NULL, 12288, PROT_READ|PROT_WRITE, MAP_PRIVATE|MAP_ANONYMOUS, -1, 0) = 0xb7f12000
12009 15:14:07.435972 mprotect(0xb7f14000, 4096, PROT_NONE) = 0
12009 15:14:07.436000 mprotect(0xb7f12000, 4096, PROT_NONE) = 0
12009 15:14:07.436020 getcwd("/home/msfadmin", 4096) = 15
12009 15:14:07.436042 umask(022)        = 077
12009 15:14:07.436059 getcwd("/home/msfadmin", 4096) = 15
12009 15:14:07.436081 open(".message", O_RDONLY|O_NONBLOCK|O_LARGEFILE) = -1 ENOENT (No such file or directory)
12009 15:14:07.436143 write(0, "230 Login successful.\r\n", 23) = 23
12009 15:14:07.436321 rt_sigaction(SIGALRM, {0x805cad0, ~[RTMIN RT_1], 0}, NULL, 8) = 0
12009 15:14:07.436358 alarm(300)        = 0
12009 15:14:07.436382 mmap2(NULL, 12288, PROT_READ|PROT_WRITE, MAP_PRIVATE|MAP_ANONYMOUS, -1, 0) = 0xb7f0f000
12009 15:14:07.436408 mprotect(0xb7f11000, 4096, PROT_NONE) = 0
12009 15:14:07.436436 mprotect(0xb7f0f000, 4096, PROT_NONE) = 0
12009 15:14:07.436474 recv(0, "TYPE I\r\n", 4096, MSG_PEEK) = 8
12009 15:14:07.436521 read(0, "TYPE I\r\n", 8) = 8
12009 15:14:07.436561 write(0, "200 Switching to Binary mode.\r\n", 31) = 31
12009 15:14:07.445842 rt_sigaction(SIGALRM, {0x805cad0, ~[RTMIN RT_1], 0}, NULL, 8) = 0
12009 15:14:07.445878 alarm(300)        = 300
12009 15:14:07.445896 recv(0, "PASV\r\n", 4096, MSG_PEEK) = 6
12009 15:14:07.445913 read(0, "PASV\r\n", 6) = 6
12009 15:14:07.445931 write(5, "\n", 1) = 1
12009 15:14:07.445946 read(5,  <unfinished ...>
12007 15:14:07.455990 close(5)          = 0
12007 15:14:07.455990 getuid32()        = 0
12007 15:14:07.455991 open("/etc/passwd", O_RDONLY|0x80000 /* O_??? */) = 5
12007 15:14:07.455991 _llseek(5, 0, [0], SEEK_CUR) = 0
12007 15:14:07.455991 fstat64(5, {st_mode=S_IFREG|0644, st_size=1624, ...}) = 0
12007 15:14:07.455991 mmap2(NULL, 1624, PROT_READ, MAP_SHARED, 5, 0) = 0xb7f14000
12007 15:14:07.455992 _llseek(5, 1624, [1624], SEEK_SET) = 0
12007 15:14:07.456031 munmap(0xb7f14000, 1624) = 0
12007 15:14:07.456052 close(5)          = 0
12007 15:14:07.456080 setgroups32(0, []) = 0
12007 15:14:07.456099 chdir("/usr/share/empty") = 0
12007 15:14:07.456119 chroot(".")       = 0
12007 15:14:07.456136 capset(NULL, NULL) = -1 EFAULT (Bad address)
12007 15:14:07.456176 prctl(0x8, 0, 0xbfd1cfb8, 0x80549a6, 0xbfd1cfa0) = 0
12007 15:14:07.456194 prctl(0x8, 0x1, 0xbfd1cfb8, 0x8054a49, 0xbfd1cfa0) = 0
12007 15:14:07.456210 setgid32(65534)   = 0
12007 15:14:07.456225 setuid32(65534)   = 0
12007 15:14:07.456240 capset(0x19980330, 0, {CAP_NET_BIND_SERVICE, CAP_NET_BIND_SERVICE, 0}) = 0
12007 15:14:07.456262 read(4, "\n", 1)  = 1
12007 15:14:07.456286 write(4, "\1", 1) = 1
12009 15:14:07.456304 <... read resumed> "\1", 1) = 1
12009 15:14:07.456317 write(5, "\f", 1) = 1
12009 15:14:07.456332 read(5,  <unfinished ...>
12007 15:14:07.456344 read(4, "\f", 1)  = 1
12007 15:14:07.456364 socket(PF_INET, SOCK_STREAM, IPPROTO_TCP) = 5
12007 15:14:07.456396 setsockopt(5, SOL_SOCKET, SO_REUSEADDR, [1], 4) = 0
12007 15:14:07.456412 gettimeofday({1495653247, 456417}, NULL) = 0
12007 15:14:07.456434 bind(5, {sa_family=AF_INET, sin_port=htons(40569), sin_addr=inet_addr("127.0.0.1")}, 16) = 0
12007 15:14:07.456456 listen(5, 1)      = 0
12007 15:14:07.456474 write(4, "y\236\0\0", 4) = 4
12009 15:14:07.456502 <... read resumed> "y\236\0\0", 4) = 4
12009 15:14:07.456536 write(0, "227 Entering Passive Mode (127,0,0,1,158,121).\r\n", 48) = 48
12009 15:14:07.456746 rt_sigaction(SIGALRM, {0x805cad0, ~[RTMIN RT_1], 0}, NULL, 8) = 0
12009 15:14:07.456775 alarm(300)        = 300
12009 15:14:07.456802 recv(0, "STOR myfile12\r\n", 4096, MSG_PEEK) = 15
12009 15:14:07.456823 read(0, "STOR myfile12\r\n", 15) = 15
12009 15:14:07.456847 write(5, "\v", 1) = 1
12009 15:14:07.456863 read(5,  <unfinished ...>
12007 15:14:07.456874 read(4, "\v", 1)  = 1
12007 15:14:07.456891 write(4, "\1\0\0\0", 4) = 4
12009 15:14:07.456906 <... read resumed> "\1\0\0\0", 4) = 4
12009 15:14:07.456919 gettimeofday({1495653247, 456925}, NULL) = 0
12009 15:14:07.456936 getcwd("/home/msfadmin", 4096) = 15
12009 15:14:07.456965 open("myfile12", O_WRONLY|O_CREAT|O_NONBLOCK|O_LARGEFILE, 0666) = 4
12009 15:14:07.456993 fstat64(4, {st_mode=S_IFREG|0644, st_size=17, ...}) = 0
12009 15:14:07.457016 fcntl64(4, F_GETFL) = 0x8801 (flags O_WRONLY|O_NONBLOCK|O_LARGEFILE)
12009 15:14:07.457044 fcntl64(4, F_SETFL, O_WRONLY|O_LARGEFILE) = 0
12009 15:14:07.457059 fcntl64(4, F_SETLKW64, {type=F_WRLCK, whence=SEEK_SET, start=0, len=0}, 0xbfd1cf04) = 0
12009 15:14:07.457092 ftruncate64(4, 0) = 0
12009 15:14:07.457117 _llseek(4, 0, [0], SEEK_SET) = 0
12009 15:14:07.457131 write(5, "\v", 1) = 1
12009 15:14:07.457145 read(5,  <unfinished ...>
12007 15:14:07.457154 read(4, "\v", 1)  = 1
12007 15:14:07.457169 write(4, "\1\0\0\0", 4) = 4
12009 15:14:07.457183 <... read resumed> "\1\0\0\0", 4) = 4
12009 15:14:07.457192 write(5, "\v", 1) = 1
12009 15:14:07.457205 read(5,  <unfinished ...>
12007 15:14:07.457214 read(4, "\v", 1)  = 1
12007 15:14:07.457228 write(4, "\1\0\0\0", 4) = 4
12009 15:14:07.457241 <... read resumed> "\1\0\0\0", 4) = 4
12009 15:14:07.457251 write(5, "\r", 1) = 1
12009 15:14:07.457264 read(5,  <unfinished ...>
12007 15:14:07.457273 read(4, "\r", 1)  = 1
12007 15:14:07.457290 select(6, [5], NULL, NULL, {60, 0}) = 1 (in [5], left {60, 0})
12007 15:14:07.457313 accept(5, {sa_family=AF_INET, sin_port=htons(33167), sin_addr=inet_addr("127.0.0.1")}, [16]) = 6
12007 15:14:07.457355 write(4, "\1", 1) = 1
12009 15:14:07.457371 <... read resumed> "\1", 1) = 1
12009 15:14:07.457385 recvmsg(5,  <unfinished ...>
12007 15:14:07.457409 sendmsg(4, {msg_name(0)=NULL, msg_iov(1)=[{"\0", 1}], msg_controllen=16, {cmsg_len=16, cmsg_level=SOL_SOCKET, cmsg_type=SCM_RIGHTS, {6}}, msg_flags=0}, 0) = 1
12009 15:14:07.457432 <... recvmsg resumed> {msg_name(0)=NULL, msg_iov(1)=[{"\0", 1}], msg_controllen=16, {cmsg_len=16, cmsg_level=SOL_SOCKET, cmsg_type=SCM_RIGHTS, {6}}, msg_flags=0}, 0) = 1
12009 15:14:07.457449 setsockopt(6, SOL_SOCKET, SO_KEEPALIVE, [1], 4) = 0
12009 15:14:07.457465 setsockopt(6, SOL_IP, IP_TOS, [8], 4) = 0
12009 15:14:07.457481 setsockopt(6, SOL_SOCKET, SO_LINGER, {onoff=1, linger=32767}, 8) = 0
12009 15:14:07.457495 rt_sigaction(SIGALRM, {0x805cad0, ~[RTMIN RT_1], 0}, NULL, 8) = 0
12009 15:14:07.457513 alarm(300)        = 300
12009 15:14:07.457530 write(0, "150 Ok to send data.\r\n", 22) = 22
12009 15:14:07.457620 mmap2(NULL, 77824, PROT_READ|PROT_WRITE, MAP_PRIVATE|MAP_ANONYMOUS, -1, 0) = 0xb7d49000
12009 15:14:07.457638 mprotect(0xb7d5b000, 4096, PROT_NONE) = 0
12009 15:14:07.457655 mprotect(0xb7d49000, 4096, PROT_NONE) = 0
12009 15:14:07.457694 read(6, "assasaaa\na\na\na\na\n", 65536) = 17
12009 15:14:07.457730 write(4, "assasaaa\na\na\na\na\n", 17) = 17
12009 15:14:07.457751 read(6, "", 65536) = 0
12009 15:14:07.457765 rt_sigaction(SIGALRM, {0x805cad0, ~[RTMIN RT_1], 0}, NULL, 8) = 0
12009 15:14:07.457783 alarm(300)        = 300
12009 15:14:07.457796 close(6)          = 0
12009 15:14:07.457808 alarm(0)          = 300
12009 15:14:07.457820 gettimeofday({1495653247, 457825}, NULL) = 0
12009 15:14:07.457845 getpid()          = 12009
12009 15:14:07.457861 gettimeofday({1495653247, 457866}, NULL) = 0
12009 15:14:07.457885 fcntl64(3, F_SETLKW64, {type=F_WRLCK, whence=SEEK_SET, start=0, len=0}, 0xbfd1cea4) = 0
12009 15:14:07.457904 write(3, "Wed May 24 15:14:07 2017 [pid 12009] [msfadmin] OK UPLOAD: Client \"127.0.0.1\", \"/home/msfadmin/myfile12\", 17 bytes, 17.64Kbyte/sec\n", 131) = 131
12009 15:14:07.457931 fcntl64(3, F_SETLK64, {type=F_UNLCK, whence=SEEK_SET, start=0, len=0}, 0xbfd1ceac) = 0
12009 15:14:07.457950 write(0, "226 Transfer complete.\r\n", 24) = 24
12009 15:14:07.458032 write(5, "\n", 1) = 1
12009 15:14:07.458048 read(5,  <unfinished ...>
12007 15:14:07.458058 close(6)          = 0
12007 15:14:07.458081 read(4, "\n", 1)  = 1
12007 15:14:07.458097 close(5)          = 0
12007 15:14:07.458111 write(4, "\1", 1) = 1
12009 15:14:07.458125 <... read resumed> "\1", 1) = 1
12009 15:14:07.458134 close(4)          = 0
12009 15:14:07.458148 rt_sigaction(SIGALRM, {0x805cad0, ~[RTMIN RT_1], 0}, NULL, 8) = 0
12009 15:14:07.458166 alarm(300)        = 0
12009 15:14:07.458180 recv(0,  <unfinished ...>
12007 15:14:07.458190 read(4,  <unfinished ...>
12009 15:14:07.976096 <... recv resumed> "TYPE I\r\n", 4096, MSG_PEEK) = 8
12009 15:14:07.976186 read(0, "TYPE I\r\n", 8) = 8
12009 15:14:07.976268 write(0, "200 Switching to Binary mode.\r\n", 31) = 31
12009 15:14:07.976455 rt_sigaction(SIGALRM, {0x805cad0, ~[RTMIN RT_1], 0}, NULL, 8) = 0
12009 15:14:07.976531 alarm(300)        = 299
12009 15:14:07.976647 recv(0, "PASV\r\n", 4096, MSG_PEEK) = 6
12009 15:14:07.976704 read(0, "PASV\r\n", 6) = 6
12009 15:14:07.976759 write(5, "\n", 1 <unfinished ...>
12007 15:14:07.976801 <... read resumed> "\n", 1) = 1
12009 15:14:07.976824 <... write resumed> ) = 1
12007 15:14:07.976855 write(4, "\1", 1) = 1
12007 15:14:07.976903 read(4,  <unfinished ...>
12009 15:14:07.976934 read(5, "\1", 1)  = 1
12009 15:14:07.976984 write(5, "\f", 1 <unfinished ...>
12007 15:14:07.977015 <... read resumed> "\f", 1) = 1
12009 15:14:07.977036 <... write resumed> ) = 1
12007 15:14:07.977067 socket(PF_INET, SOCK_STREAM, IPPROTO_TCP) = 5
12007 15:14:07.977128 setsockopt(5, SOL_SOCKET, SO_REUSEADDR, [1], 4) = 0
12007 15:14:07.977187 bind(5, {sa_family=AF_INET, sin_port=htons(53286), sin_addr=inet_addr("127.0.0.1")}, 16) = 0
12007 15:14:07.977253 listen(5, 1)      = 0
12007 15:14:07.977309 write(4, "&\320\0\0", 4) = 4
12007 15:14:07.977358 read(4,  <unfinished ...>
12009 15:14:07.977388 read(5, "&\320\0\0", 4) = 4
12009 15:14:07.977457 write(0, "227 Entering Passive Mode (127,0,0,1,208,38).\r\n", 47) = 47
12009 15:14:07.978037 rt_sigaction(SIGALRM, {0x805cad0, ~[RTMIN RT_1], 0}, NULL, 8) = 0
12009 15:14:07.978113 alarm(300)        = 300
12009 15:14:07.978264 recv(0, "STOR myfile13\r\n", 4096, MSG_PEEK) = 15
12009 15:14:07.978329 read(0, "STOR myfile13\r\n", 15) = 15
12009 15:14:07.978389 write(5, "\v", 1 <unfinished ...>
12007 15:14:07.978516 <... read resumed> "\v", 1) = 1
12009 15:14:07.978554 <... write resumed> ) = 1
12007 15:14:07.978584 write(4, "\1\0\0\0", 4) = 4
12007 15:14:07.978635 read(4,  <unfinished ...>
12009 15:14:07.978667 read(5, "\1\0\0\0", 4) = 4
12009 15:14:07.978719 gettimeofday({1495653247, 978736}, NULL) = 0
12009 15:14:07.978768 getcwd("/home/msfadmin", 4096) = 15
12009 15:14:07.978900 open("myfile13", O_WRONLY|O_CREAT|O_NONBLOCK|O_LARGEFILE, 0666) = 4
12009 15:14:07.978971 fstat64(4, {st_mode=S_IFREG|0644, st_size=17, ...}) = 0
12009 15:14:07.979048 fcntl64(4, F_GETFL) = 0x8801 (flags O_WRONLY|O_NONBLOCK|O_LARGEFILE)
12009 15:14:07.979096 fcntl64(4, F_SETFL, O_WRONLY|O_LARGEFILE) = 0
12009 15:14:07.979141 fcntl64(4, F_SETLKW64, {type=F_WRLCK, whence=SEEK_SET, start=0, len=0}, 0xbfd1cf04) = 0
12009 15:14:07.979284 ftruncate64(4, 0) = 0
12009 15:14:07.979364 _llseek(4, 0, [0], SEEK_SET) = 0
12009 15:14:07.979414 write(5, "\v", 1) = 1
12007 15:14:07.979577 <... read resumed> "\v", 1) = 1
12007 15:14:07.979623 write(4, "\1\0\0\0", 4) = 4
12007 15:14:07.979674 read(4,  <unfinished ...>
12009 15:14:07.979705 read(5, "\1\0\0\0", 4) = 4
12009 15:14:07.979755 write(5, "\v", 1) = 1
12007 15:14:07.979797 <... read resumed> "\v", 1) = 1
12007 15:14:07.979827 write(4, "\1\0\0\0", 4) = 4
12007 15:14:07.979873 read(4,  <unfinished ...>
12009 15:14:07.979903 read(5, "\1\0\0\0", 4) = 4
12009 15:14:07.979951 write(5, "\r", 1) = 1
12007 15:14:07.979993 <... read resumed> "\r", 1) = 1
12007 15:14:07.980027 select(6, [5], NULL, NULL, {60, 0}) = 1 (in [5], left {60, 0})
12007 15:14:07.980097 accept(5, {sa_family=AF_INET, sin_port=htons(49414), sin_addr=inet_addr("127.0.0.1")}, [16]) = 6
12007 15:14:07.980195 write(4, "\1", 1) = 1
12007 15:14:07.980248 sendmsg(4, {msg_name(0)=NULL, msg_iov(1)=[{"\0", 1}], msg_controllen=16, {cmsg_len=16, cmsg_level=SOL_SOCKET, cmsg_type=SCM_RIGHTS, {6}}, msg_flags=0}, 0) = 1
12007 15:14:07.980321 close(6)          = 0
12007 15:14:07.980364 read(4,  <unfinished ...>
12009 15:14:07.980395 read(5, "\1", 1)  = 1
12009 15:14:07.980611 recvmsg(5, {msg_name(0)=NULL, msg_iov(1)=[{"\0", 1}], msg_controllen=16, {cmsg_len=16, cmsg_level=SOL_SOCKET, cmsg_type=SCM_RIGHTS, {6}}, msg_flags=0}, 0) = 1
12009 15:14:07.980696 setsockopt(6, SOL_SOCKET, SO_KEEPALIVE, [1], 4) = 0
12009 15:14:07.980772 setsockopt(6, SOL_IP, IP_TOS, [8], 4) = 0
12009 15:14:07.980825 setsockopt(6, SOL_SOCKET, SO_LINGER, {onoff=1, linger=32767}, 8) = 0
12009 15:14:07.980874 rt_sigaction(SIGALRM, {0x805cad0, ~[RTMIN RT_1], 0}, NULL, 8) = 0
12009 15:14:07.980934 alarm(300)        = 300
12009 15:14:07.980992 write(0, "150 Ok to send data.\r\n", 22) = 22
12009 15:14:07.981473 read(6, "assasaaa\na\na\na\na\n", 65536) = 17
12009 15:14:07.981588 write(4, "assasaaa\na\na\na\na\n", 17) = 17
12009 15:14:07.981658 read(6, "", 65536) = 0
12009 15:14:07.981776 rt_sigaction(SIGALRM, {0x805cad0, ~[RTMIN RT_1], 0}, NULL, 8) = 0
12009 15:14:07.981851 alarm(300)        = 300
12009 15:14:07.981896 close(6)          = 0
12009 15:14:07.981976 alarm(0)          = 300
12009 15:14:07.982020 gettimeofday({1495653247, 982036}, NULL) = 0
12009 15:14:07.982164 gettimeofday({1495653247, 982188}, NULL) = 0
12009 15:14:07.982227 fcntl64(3, F_SETLKW64, {type=F_WRLCK, whence=SEEK_SET, start=0, len=0}, 0xbfd1cea4) = 0
12009 15:14:07.982292 write(3, "Wed May 24 15:14:07 2017 [pid 12009] [msfadmin] OK UPLOAD: Client \"127.0.0.1\", \"/home/msfadmin/myfile13\", 17 bytes, 4.81Kbyte/sec\n", 130) = 130
12009 15:14:07.982436 fcntl64(3, F_SETLK64, {type=F_UNLCK, whence=SEEK_SET, start=0, len=0}, 0xbfd1ceac) = 0
12009 15:14:07.982518 write(0, "226 Transfer complete.\r\n", 24) = 24
12009 15:14:07.982705 write(5, "\n", 1 <unfinished ...>
12007 15:14:07.982749 <... read resumed> "\n", 1) = 1
12009 15:14:07.982771 <... write resumed> ) = 1
12007 15:14:07.982799 close(5)          = 0
12007 15:14:07.982852 write(4, "\1", 1) = 1
12007 15:14:07.982900 read(4,  <unfinished ...>
12009 15:14:07.982931 read(5, "\1", 1)  = 1
12009 15:14:07.982979 close(4)          = 0
12009 15:14:07.983027 rt_sigaction(SIGALRM, {0x805cad0, ~[RTMIN RT_1], 0}, NULL, 8) = 0
12009 15:14:07.983085 alarm(300)        = 0
12009 15:14:07.983218 recv(0, "TYPE I\r\n", 4096, MSG_PEEK) = 8
12009 15:14:08.526917 read(0, "TYPE I\r\n", 8) = 8
12009 15:14:08.527168 write(0, "200 Switching to Binary mode.\r\n", 31) = 31
12009 15:14:08.527471 rt_sigaction(SIGALRM, {0x805cad0, ~[RTMIN RT_1], 0}, NULL, 8) = 0
12009 15:14:08.527642 alarm(300)        = 299
12009 15:14:08.527704 recv(0, "PASV\r\n", 4096, MSG_PEEK) = 6
12009 15:14:08.527775 read(0, "PASV\r\n", 6) = 6
12009 15:14:08.527831 write(5, "\n", 1 <unfinished ...>
12007 15:14:08.527874 <... read resumed> "\n", 1) = 1
12009 15:14:08.527896 <... write resumed> ) = 1
12007 15:14:08.527928 write(4, "\1", 1) = 1
12007 15:14:08.527975 read(4,  <unfinished ...>
12009 15:14:08.528006 read(5, "\1", 1)  = 1
12009 15:14:08.528056 write(5, "\f", 1 <unfinished ...>
12007 15:14:08.528087 <... read resumed> "\f", 1) = 1
12009 15:14:08.528108 <... write resumed> ) = 1
12007 15:14:08.528140 socket(PF_INET, SOCK_STREAM, IPPROTO_TCP) = 5
12007 15:14:08.528200 setsockopt(5, SOL_SOCKET, SO_REUSEADDR, [1], 4) = 0
12007 15:14:08.528259 bind(5, {sa_family=AF_INET, sin_port=htons(65427), sin_addr=inet_addr("127.0.0.1")}, 16) = 0
12007 15:14:08.528348 listen(5, 1)      = 0
12007 15:14:08.528407 write(4, "\223\377\0\0", 4) = 4
12007 15:14:08.528456 read(4,  <unfinished ...>
12009 15:14:08.528535 read(5, "\223\377\0\0", 4) = 4
12009 15:14:08.528632 write(0, "227 Entering Passive Mode (127,0,0,1,255,147).\r\n", 48) = 48
12009 15:14:08.529085 rt_sigaction(SIGALRM, {0x805cad0, ~[RTMIN RT_1], 0}, NULL, 8) = 0
12009 15:14:08.529159 alarm(300)        = 300
12009 15:14:08.529211 recv(0, "STOR myfile14\r\n", 4096, MSG_PEEK) = 15
12009 15:14:08.529265 read(0, "STOR myfile14\r\n", 15) = 15
12009 15:14:08.529325 write(5, "\v", 1 <unfinished ...>
12007 15:14:08.529360 <... read resumed> "\v", 1) = 1
12009 15:14:08.529382 <... write resumed> ) = 1
12007 15:14:08.529410 write(4, "\1\0\0\0", 4) = 4
12007 15:14:08.529626 read(4,  <unfinished ...>
12009 15:14:08.529661 read(5, "\1\0\0\0", 4) = 4
12009 15:14:08.529728 gettimeofday({1495653248, 529758}, NULL) = 0
12009 15:14:08.529793 getcwd("/home/msfadmin", 4096) = 15
12009 15:14:08.529848 open("myfile14", O_WRONLY|O_CREAT|O_NONBLOCK|O_LARGEFILE, 0666) = 4
12009 15:14:08.529931 fstat64(4, {st_mode=S_IFREG|0644, st_size=17, ...}) = 0
12009 15:14:08.530012 fcntl64(4, F_GETFL) = 0x8801 (flags O_WRONLY|O_NONBLOCK|O_LARGEFILE)
12009 15:14:08.530068 fcntl64(4, F_SETFL, O_WRONLY|O_LARGEFILE) = 0
12009 15:14:08.530113 fcntl64(4, F_SETLKW64, {type=F_WRLCK, whence=SEEK_SET, start=0, len=0}, 0xbfd1cf04) = 0
12009 15:14:08.530172 ftruncate64(4, 0) = 0
12009 15:14:08.530241 _llseek(4, 0, [0], SEEK_SET) = 0
12009 15:14:08.530290 write(5, "\v", 1 <unfinished ...>
12007 15:14:08.530324 <... read resumed> "\v", 1) = 1
12009 15:14:08.530345 <... write resumed> ) = 1
12007 15:14:08.530381 write(4, "\1\0\0\0", 4) = 4
12007 15:14:08.530447 read(4,  <unfinished ...>
12009 15:14:08.530479 read(5, "\1\0\0\0", 4) = 4
12009 15:14:08.530589 write(5, "\v", 1 <unfinished ...>
12007 15:14:08.530628 <... read resumed> "\v", 1) = 1
12009 15:14:08.530649 <... write resumed> ) = 1
12007 15:14:08.530677 write(4, "\1\0\0\0", 4) = 4
12007 15:14:08.530723 read(4,  <unfinished ...>
12009 15:14:08.530753 read(5, "\1\0\0\0", 4) = 4
12009 15:14:08.530803 write(5, "\r", 1 <unfinished ...>
12007 15:14:08.530834 <... read resumed> "\r", 1) = 1
12009 15:14:08.530855 <... write resumed> ) = 1
12007 15:14:08.530885 select(6, [5], NULL, NULL, {60, 0}) = 1 (in [5], left {60, 0})
12007 15:14:08.530961 accept(5, {sa_family=AF_INET, sin_port=htons(43709), sin_addr=inet_addr("127.0.0.1")}, [16]) = 6
12007 15:14:08.531077 write(4, "\1", 1) = 1
12007 15:14:08.531132 sendmsg(4, {msg_name(0)=NULL, msg_iov(1)=[{"\0", 1}], msg_controllen=16, {cmsg_len=16, cmsg_level=SOL_SOCKET, cmsg_type=SCM_RIGHTS, {6}}, msg_flags=0}, 0) = 1
12007 15:14:08.531205 close(6)          = 0
12007 15:14:08.531249 read(4,  <unfinished ...>
12009 15:14:08.531285 read(5, "\1", 1)  = 1
12009 15:14:08.531345 recvmsg(5, {msg_name(0)=NULL, msg_iov(1)=[{"\0", 1}], msg_controllen=16, {cmsg_len=16, cmsg_level=SOL_SOCKET, cmsg_type=SCM_RIGHTS, {6}}, msg_flags=0}, 0) = 1
12009 15:14:08.531423 setsockopt(6, SOL_SOCKET, SO_KEEPALIVE, [1], 4) = 0
12009 15:14:08.531520 setsockopt(6, SOL_IP, IP_TOS, [8], 4) = 0
12009 15:14:08.531585 setsockopt(6, SOL_SOCKET, SO_LINGER, {onoff=1, linger=32767}, 8) = 0
12009 15:14:08.531647 rt_sigaction(SIGALRM, {0x805cad0, ~[RTMIN RT_1], 0}, NULL, 8) = 0
12009 15:14:08.531716 alarm(300)        = 300
12009 15:14:08.531773 write(0, "150 Ok to send data.\r\n", 22) = 22
12009 15:14:08.532118 read(6, "assasaaa\na\na\na\na\n", 65536) = 17
12009 15:14:08.532211 write(4, "assasaaa\na\na\na\na\n", 17) = 17
12009 15:14:08.532287 read(6, "", 65536) = 0
12009 15:14:08.532334 rt_sigaction(SIGALRM, {0x805cad0, ~[RTMIN RT_1], 0}, NULL, 8) = 0
12009 15:14:08.532445 alarm(300)        = 300
12009 15:14:08.532502 close(6)          = 0
12009 15:14:08.532585 alarm(0)          = 300
12009 15:14:08.532630 gettimeofday({1495653248, 532646}, NULL) = 0
12009 15:14:08.532696 gettimeofday({1495653248, 532713}, NULL) = 0
12009 15:14:08.532752 fcntl64(3, F_SETLKW64, {type=F_WRLCK, whence=SEEK_SET, start=0, len=0}, 0xbfd1cea4) = 0
12009 15:14:08.532817 write(3, "Wed May 24 15:14:08 2017 [pid 12009] [msfadmin] OK UPLOAD: Client \"127.0.0.1\", \"/home/msfadmin/myfile14\", 17 bytes, 5.62Kbyte/sec\n", 130) = 130
12009 15:14:08.532934 fcntl64(3, F_SETLK64, {type=F_UNLCK, whence=SEEK_SET, start=0, len=0}, 0xbfd1ceac) = 0
12009 15:14:08.533003 write(0, "226 Transfer complete.\r\n", 24) = 24
12009 15:14:08.533181 write(5, "\n", 1 <unfinished ...>
12007 15:14:08.533224 <... read resumed> "\n", 1) = 1
12009 15:14:08.533246 <... write resumed> ) = 1
12007 15:14:08.533274 close(5)          = 0
12007 15:14:08.533326 write(4, "\1", 1) = 1
12007 15:14:08.533498 read(4,  <unfinished ...>
12009 15:14:08.533548 read(5, "\1", 1)  = 1
12009 15:14:08.533603 close(4)          = 0
12009 15:14:08.533653 rt_sigaction(SIGALRM, {0x805cad0, ~[RTMIN RT_1], 0}, NULL, 8) = 0
12009 15:14:08.533713 alarm(300)        = 0
12009 15:14:08.533764 recv(0, "TYPE I\r\n", 4096, MSG_PEEK) = 8
12009 15:14:09.046192 read(0, "TYPE I\r\n", 8) = 8
12009 15:14:09.046298 write(0, "200 Switching to Binary mode.\r\n", 31) = 31
12009 15:14:09.046591 rt_sigaction(SIGALRM, {0x805cad0, ~[RTMIN RT_1], 0}, NULL, 8) = 0
12009 15:14:09.046669 alarm(300)        = 299
12009 15:14:09.046724 recv(0, "PASV\r\n", 4096, MSG_PEEK) = 6
12009 15:14:09.046776 read(0, "PASV\r\n", 6) = 6
12009 15:14:09.046830 write(5, "\n", 1 <unfinished ...>
12007 15:14:09.046878 <... read resumed> "\n", 1) = 1
12009 15:14:09.046972 <... write resumed> ) = 1
12007 15:14:09.047011 write(4, "\1", 1) = 1
12007 15:14:09.047061 read(4,  <unfinished ...>
12009 15:14:09.047094 read(5, "\1", 1)  = 1
12009 15:14:09.047146 write(5, "\f", 1 <unfinished ...>
12007 15:14:09.047177 <... read resumed> "\f", 1) = 1
12009 15:14:09.047199 <... write resumed> ) = 1
12007 15:14:09.047230 socket(PF_INET, SOCK_STREAM, IPPROTO_TCP) = 5
12007 15:14:09.047292 setsockopt(5, SOL_SOCKET, SO_REUSEADDR, [1], 4) = 0
12007 15:14:09.047369 bind(5, {sa_family=AF_INET, sin_port=htons(49568), sin_addr=inet_addr("127.0.0.1")}, 16) = 0
12007 15:14:09.047486 listen(5, 1)      = 0
12007 15:14:09.047546 write(4, "\240\301\0\0", 4) = 4
12007 15:14:09.047597 read(4,  <unfinished ...>
12009 15:14:09.047634 read(5, "\240\301\0\0", 4) = 4
12009 15:14:09.047722 write(0, "227 Entering Passive Mode (127,0,0,1,193,160).\r\n", 48) = 48
12009 15:14:09.048225 rt_sigaction(SIGALRM, {0x805cad0, ~[RTMIN RT_1], 0}, NULL, 8) = 0
12009 15:14:09.048300 alarm(300)        = 300
12009 15:14:09.048353 recv(0, "STOR myfile15\r\n", 4096, MSG_PEEK) = 15
12009 15:14:09.048493 read(0, "STOR myfile15\r\n", 15) = 15
12009 15:14:09.048562 write(5, "\v", 1 <unfinished ...>
12007 15:14:09.048599 <... read resumed> "\v", 1) = 1
12009 15:14:09.048621 <... write resumed> ) = 1
12007 15:14:09.048650 write(4, "\1\0\0\0", 4) = 4
12007 15:14:09.048699 read(4,  <unfinished ...>
12009 15:14:09.048736 read(5, "\1\0\0\0", 4) = 4
12009 15:14:09.048803 gettimeofday({1495653249, 48820}, NULL) = 0
12009 15:14:09.048852 getcwd("/home/msfadmin", 4096) = 15
12009 15:14:09.048954 open("myfile15", O_WRONLY|O_CREAT|O_NONBLOCK|O_LARGEFILE, 0666) = 4
12009 15:14:09.049018 fstat64(4, {st_mode=S_IFREG|0644, st_size=17, ...}) = 0
12009 15:14:09.049110 fcntl64(4, F_GETFL) = 0x8801 (flags O_WRONLY|O_NONBLOCK|O_LARGEFILE)
12009 15:14:09.049162 fcntl64(4, F_SETFL, O_WRONLY|O_LARGEFILE) = 0
12009 15:14:09.049206 fcntl64(4, F_SETLKW64, {type=F_WRLCK, whence=SEEK_SET, start=0, len=0}, 0xbfd1cf04) = 0
12009 15:14:09.049266 ftruncate64(4, 0) = 0
12009 15:14:09.049337 _llseek(4, 0, [0], SEEK_SET) = 0
12009 15:14:09.049445 write(5, "\v", 1 <unfinished ...>
12007 15:14:09.049484 <... read resumed> "\v", 1) = 1
12009 15:14:09.049509 <... write resumed> ) = 1
12007 15:14:09.049552 write(4, "\1\0\0\0", 4) = 4
12007 15:14:09.049604 read(4,  <unfinished ...>
12009 15:14:09.049636 read(5, "\1\0\0\0", 4) = 4
12009 15:14:09.049685 write(5, "\v", 1 <unfinished ...>
12007 15:14:09.049725 <... read resumed> "\v", 1) = 1
12009 15:14:09.049756 <... write resumed> ) = 1
12007 15:14:09.049797 write(4, "\1\0\0\0", 4) = 4
12007 15:14:09.049975 read(4,  <unfinished ...>
12009 15:14:09.050032 read(5, "\1\0\0\0", 4) = 4
12009 15:14:09.050090 write(5, "\r", 1 <unfinished ...>
12007 15:14:09.050123 <... read resumed> "\r", 1) = 1
12009 15:14:09.050145 <... write resumed> ) = 1
12007 15:14:09.050253 select(6, [5], NULL, NULL, {60, 0}) = 1 (in [5], left {60, 0})
12007 15:14:09.050344 accept(5, {sa_family=AF_INET, sin_port=htons(54931), sin_addr=inet_addr("127.0.0.1")}, [16]) = 6
12007 15:14:09.050497 write(4, "\1", 1) = 1
12007 15:14:09.050556 sendmsg(4, {msg_name(0)=NULL, msg_iov(1)=[{"\0", 1}], msg_controllen=16, {cmsg_len=16, cmsg_level=SOL_SOCKET, cmsg_type=SCM_RIGHTS, {6}}, msg_flags=0}, 0) = 1
12007 15:14:09.050709 close(6)          = 0
12007 15:14:09.050759 read(4,  <unfinished ...>
12009 15:14:09.050791 read(5, "\1", 1)  = 1
12009 15:14:09.050851 recvmsg(5, {msg_name(0)=NULL, msg_iov(1)=[{"\0", 1}], msg_controllen=16, {cmsg_len=16, cmsg_level=SOL_SOCKET, cmsg_type=SCM_RIGHTS, {6}}, msg_flags=0}, 0) = 1
12009 15:14:09.051056 setsockopt(6, SOL_SOCKET, SO_KEEPALIVE, [1], 4) = 0
12009 15:14:09.051135 setsockopt(6, SOL_IP, IP_TOS, [8], 4) = 0
12009 15:14:09.051187 setsockopt(6, SOL_SOCKET, SO_LINGER, {onoff=1, linger=32767}, 8) = 0
12009 15:14:09.051237 rt_sigaction(SIGALRM, {0x805cad0, ~[RTMIN RT_1], 0}, NULL, 8) = 0
12009 15:14:09.051296 alarm(300)        = 300
12009 15:14:09.051426 write(0, "150 Ok to send data.\r\n", 22) = 22
12009 15:14:09.051732 read(6, "assasaaa\na\na\na\na\n", 65536) = 17
12009 15:14:09.051795 write(4, "assasaaa\na\na\na\na\n", 17) = 17
12009 15:14:09.051960 read(6, "", 65536) = 0
12009 15:14:09.052013 rt_sigaction(SIGALRM, {0x805cad0, ~[RTMIN RT_1], 0}, NULL, 8) = 0
12009 15:14:09.052075 alarm(300)        = 300
12009 15:14:09.052120 close(6)          = 0
12009 15:14:09.052869 alarm(0)          = 300
12009 15:14:09.052984 gettimeofday({1495653249, 53083}, NULL) = 0
12009 15:14:09.053137 gettimeofday({1495653249, 53155}, NULL) = 0
12009 15:14:09.053194 fcntl64(3, F_SETLKW64, {type=F_WRLCK, whence=SEEK_SET, start=0, len=0}, 0xbfd1cea4) = 0
12009 15:14:09.053259 write(3, "Wed May 24 15:14:09 2017 [pid 12009] [msfadmin] OK UPLOAD: Client \"127.0.0.1\", \"/home/msfadmin/myfile15\", 17 bytes, 3.83Kbyte/sec\n", 130) = 130
12009 15:14:09.053401 fcntl64(3, F_SETLK64, {type=F_UNLCK, whence=SEEK_SET, start=0, len=0}, 0xbfd1ceac) = 0
12009 15:14:09.053551 write(0, "226 Transfer complete.\r\n", 24) = 24
12009 15:14:09.053826 write(5, "\n", 1 <unfinished ...>
12007 15:14:09.053884 <... read resumed> "\n", 1) = 1
12009 15:14:09.053908 <... write resumed> ) = 1
12007 15:14:09.053936 close(5)          = 0
12007 15:14:09.053992 write(4, "\1", 1) = 1
12007 15:14:09.054041 read(4,  <unfinished ...>
12009 15:14:09.054074 read(5, "\1", 1)  = 1
12009 15:14:09.054224 close(4)          = 0
12009 15:14:09.054363 rt_sigaction(SIGALRM, {0x805cad0, ~[RTMIN RT_1], 0}, NULL, 8) = 0
12009 15:14:09.054430 alarm(300)        = 0
12009 15:14:09.054481 recv(0, "TYPE I\r\n", 4096, MSG_PEEK) = 8
12009 15:14:09.576860 read(0, "TYPE I\r\n", 8) = 8
12009 15:14:09.577076 write(0, "200 Switching to Binary mode.\r\n", 31) = 31
12009 15:14:09.577512 rt_sigaction(SIGALRM, {0x805cad0, ~[RTMIN RT_1], 0}, NULL, 8) = 0
12009 15:14:09.577610 alarm(300)        = 299
12009 15:14:09.577666 recv(0, "PASV\r\n", 4096, MSG_PEEK) = 6
12009 15:14:09.577720 read(0, "PASV\r\n", 6) = 6
12009 15:14:09.577875 write(5, "\n", 1 <unfinished ...>
12007 15:14:09.577929 <... read resumed> "\n", 1) = 1
12009 15:14:09.577951 <... write resumed> ) = 1
12007 15:14:09.577983 write(4, "\1", 1) = 1
12007 15:14:09.578031 read(4,  <unfinished ...>
12009 15:14:09.578064 read(5, "\1", 1)  = 1
12009 15:14:09.578252 write(5, "\f", 1 <unfinished ...>
12007 15:14:09.578293 <... read resumed> "\f", 1) = 1
12009 15:14:09.578314 <... write resumed> ) = 1
12007 15:14:09.578356 socket(PF_INET, SOCK_STREAM, IPPROTO_TCP) = 5
12007 15:14:09.578450 setsockopt(5, SOL_SOCKET, SO_REUSEADDR, [1], 4) = 0
12007 15:14:09.578528 bind(5, {sa_family=AF_INET, sin_port=htons(31286), sin_addr=inet_addr("127.0.0.1")}, 16) = 0
12007 15:14:09.578595 listen(5, 1)      = 0
12007 15:14:09.578652 write(4, "6z\0\0", 4) = 4
12007 15:14:09.578702 read(4,  <unfinished ...>
12009 15:14:09.578734 read(5, "6z\0\0", 4) = 4
12009 15:14:09.578909 write(0, "227 Entering Passive Mode (127,0,0,1,122,54).\r\n", 47) = 47
12009 15:14:09.579641 rt_sigaction(SIGALRM, {0x805cad0, ~[RTMIN RT_1], 0}, NULL, 8) = 0
12009 15:14:09.579725 alarm(300)        = 300
12009 15:14:09.579779 recv(0, "STOR myfile16\r\n", 4096, MSG_PEEK) = 15
12009 15:14:09.579833 read(0, "STOR myfile16\r\n", 15) = 15
12009 15:14:09.579894 write(5, "\v", 1 <unfinished ...>
12007 15:14:09.579931 <... read resumed> "\v", 1) = 1
12009 15:14:09.579953 <... write resumed> ) = 1
12007 15:14:09.579982 write(4, "\1\0\0\0", 4) = 4
12007 15:14:09.580030 read(4,  <unfinished ...>
12009 15:14:09.580061 read(5, "\1\0\0\0", 4) = 4
12009 15:14:09.580203 gettimeofday({1495653249, 580234}, NULL) = 0
12009 15:14:09.580269 getcwd("/home/msfadmin", 4096) = 15
12009 15:14:09.580324 open("myfile16", O_WRONLY|O_CREAT|O_NONBLOCK|O_LARGEFILE, 0666) = 4
12009 15:14:09.580413 fstat64(4, {st_mode=S_IFREG|0644, st_size=17, ...}) = 0
12009 15:14:09.580582 fcntl64(4, F_GETFL) = 0x8801 (flags O_WRONLY|O_NONBLOCK|O_LARGEFILE)
12009 15:14:09.580631 fcntl64(4, F_SETFL, O_WRONLY|O_LARGEFILE) = 0
12009 15:14:09.580675 fcntl64(4, F_SETLKW64, {type=F_WRLCK, whence=SEEK_SET, start=0, len=0}, 0xbfd1cf04) = 0
12009 15:14:09.580734 ftruncate64(4, 0) = 0
12009 15:14:09.580879 _llseek(4, 0, [0], SEEK_SET) = 0
12009 15:14:09.580935 write(5, "\v", 1 <unfinished ...>
12007 15:14:09.580971 <... read resumed> "\v", 1) = 1
12009 15:14:09.580993 <... write resumed> ) = 1
12007 15:14:09.581021 write(4, "\1\0\0\0", 4) = 4
12007 15:14:09.581070 read(4,  <unfinished ...>
12009 15:14:09.581166 read(5, "\1\0\0\0", 4) = 4
12009 15:14:09.581232 write(5, "\v", 1) = 1
12007 15:14:09.581276 <... read resumed> "\v", 1) = 1
12007 15:14:09.581307 write(4, "\1\0\0\0", 4) = 4
12007 15:14:09.581354 read(4,  <unfinished ...>
12009 15:14:09.581384 read(5, "\1\0\0\0", 4) = 4
12009 15:14:09.581513 write(5, "\r", 1) = 1
12007 15:14:09.581563 <... read resumed> "\r", 1) = 1
12007 15:14:09.581598 select(6, [5], NULL, NULL, {60, 0}) = 1 (in [5], left {60, 0})
12007 15:14:09.581669 accept(5, {sa_family=AF_INET, sin_port=htons(42725), sin_addr=inet_addr("127.0.0.1")}, [16]) = 6
12007 15:14:09.581847 write(4, "\1", 1) = 1
12007 15:14:09.581906 sendmsg(4, {msg_name(0)=NULL, msg_iov(1)=[{"\0", 1}], msg_controllen=16, {cmsg_len=16, cmsg_level=SOL_SOCKET, cmsg_type=SCM_RIGHTS, {6}}, msg_flags=0}, 0) = 1
12007 15:14:09.581979 close(6)          = 0
12007 15:14:09.582023 read(4,  <unfinished ...>
12009 15:14:09.582048 read(5, "\1", 1)  = 1
12009 15:14:09.582063 recvmsg(5, {msg_name(0)=NULL, msg_iov(1)=[{"\0", 1}], msg_controllen=16, {cmsg_len=16, cmsg_level=SOL_SOCKET, cmsg_type=SCM_RIGHTS, {6}}, msg_flags=0}, 0) = 1
12009 15:14:09.582149 setsockopt(6, SOL_SOCKET, SO_KEEPALIVE, [1], 4) = 0
12009 15:14:09.582204 setsockopt(6, SOL_IP, IP_TOS, [8], 4) = 0
12009 15:14:09.582255 setsockopt(6, SOL_SOCKET, SO_LINGER, {onoff=1, linger=32767}, 8) = 0
12009 15:14:09.582304 rt_sigaction(SIGALRM, {0x805cad0, ~[RTMIN RT_1], 0}, NULL, 8) = 0
12009 15:14:09.582363 alarm(300)        = 300
12009 15:14:09.582420 write(0, "150 Ok to send data.\r\n", 22) = 22
12009 15:14:09.582994 read(6, "assasaaa\na\na\na\na\n", 65536) = 17
12009 15:14:09.583067 write(4, "assasaaa\na\na\na\na\n", 17) = 17
12009 15:14:09.583137 read(6, "", 65536) = 0
12009 15:14:09.583183 rt_sigaction(SIGALRM, {0x805cad0, ~[RTMIN RT_1], 0}, NULL, 8) = 0
12009 15:14:09.583324 alarm(300)        = 300
12009 15:14:09.583373 close(6)          = 0
12009 15:14:09.583453 alarm(0)          = 300
12009 15:14:09.583498 gettimeofday({1495653249, 583514}, NULL) = 0
12009 15:14:09.583563 gettimeofday({1495653249, 583581}, NULL) = 0
12009 15:14:09.583620 fcntl64(3, F_SETLKW64, {type=F_WRLCK, whence=SEEK_SET, start=0, len=0}, 0xbfd1cea4) = 0
12009 15:14:09.583685 write(3, "Wed May 24 15:14:09 2017 [pid 12009] [msfadmin] OK UPLOAD: Client \"127.0.0.1\", \"/home/msfadmin/myfile16\", 17 bytes, 4.96Kbyte/sec\n", 130) = 130
12009 15:14:09.583773 fcntl64(3, F_SETLK64, {type=F_UNLCK, whence=SEEK_SET, start=0, len=0}, 0xbfd1ceac) = 0
12009 15:14:09.583837 write(0, "226 Transfer complete.\r\n", 24) = 24
12009 15:14:09.584168 write(5, "\n", 1 <unfinished ...>
12007 15:14:09.584215 <... read resumed> "\n", 1) = 1
12009 15:14:09.584238 <... write resumed> ) = 1
12007 15:14:09.584359 close(5)          = 0
12007 15:14:09.584422 write(4, "\1", 1) = 1
12007 15:14:09.584473 read(4,  <unfinished ...>
12009 15:14:09.584506 read(5, "\1", 1)  = 1
12009 15:14:09.584555 close(4)          = 0
12009 15:14:09.584686 rt_sigaction(SIGALRM, {0x805cad0, ~[RTMIN RT_1], 0}, NULL, 8) = 0
12009 15:14:09.584752 alarm(300)        = 0
12009 15:14:09.584802 recv(0,  <unfinished ...>
12004 15:14:09.594825 <... read resumed> "\n", 1) = 1
12004 15:14:09.595112 stat64(".", {st_mode=S_IFDIR|0755, st_size=4096, ...}) = 0
12004 15:14:09.595270 stat64("/sbin/nohup", 0xbfcfde38) = -1 ENOENT (No such file or directory)
12004 15:14:09.595363 stat64("/bin/nohup", 0xbfcfde38) = -1 ENOENT (No such file or directory)
12004 15:14:09.595419 stat64("/usr/sbin/nohup", 0xbfcfde38) = -1 ENOENT (No such file or directory)
12004 15:14:09.595579 stat64("/usr/bin/nohup", {st_mode=S_IFREG|0755, st_size=26336, ...}) = 0
12004 15:14:09.595772 stat64("/usr/bin/nohup", {st_mode=S_IFREG|0755, st_size=26336, ...}) = 0
12004 15:14:09.595883 rt_sigprocmask(SIG_BLOCK, [INT CHLD], [], 8) = 0
12004 15:14:09.595948 clone(child_stack=0, flags=CLONE_CHILD_CLEARTID|CLONE_CHILD_SETTID|SIGCHLD, child_tidptr=0xb7e3c6f8) = 12010
12010 15:14:09.596176 rt_sigprocmask(SIG_SETMASK, [], NULL, 8) = 0
12010 15:14:09.596253 rt_sigaction(SIGTSTP, {SIG_DFL}, {SIG_DFL}, 8) = 0
12010 15:14:09.596401 rt_sigaction(SIGTTIN, {SIG_DFL}, {SIG_DFL}, 8) = 0
12010 15:14:09.596461 rt_sigaction(SIGTTOU, {SIG_DFL}, {SIG_DFL}, 8) = 0
12010 15:14:09.596531 rt_sigaction(SIGINT, {SIG_DFL}, {SIG_DFL}, 8) = 0
12010 15:14:09.596715 rt_sigaction(SIGQUIT, {SIG_DFL}, {SIG_IGN}, 8) = 0
12010 15:14:09.596778 rt_sigaction(SIGCHLD, {SIG_DFL}, {0x807e540, [], 0}, 8) = 0
12010 15:14:09.596928 open("/dev/null", O_WRONLY|O_CREAT|O_TRUNC|O_LARGEFILE, 0666) = 7
12010 15:14:09.597147 dup2(7, 1)        = 1
12010 15:14:09.597219 close(7)          = 0
12010 15:14:09.597262 dup2(1, 2)        = 2
12010 15:14:09.597303 fcntl64(1, F_GETFD) = 0
12010 15:14:09.597358 execve("/usr/bin/nohup", ["nohup"], [/* 16 vars */]) = 0
12010 15:14:09.597806 brk(0)            = 0x804f000
12010 15:14:09.597893 access("/etc/ld.so.nohwcap", F_OK) = -1 ENOENT (No such file or directory)
12010 15:14:09.597964 mmap2(NULL, 8192, PROT_READ|PROT_WRITE, MAP_PRIVATE|MAP_ANONYMOUS, -1, 0) = 0xb7f6c000
12010 15:14:09.598117 access("/etc/ld.so.preload", R_OK) = -1 ENOENT (No such file or directory)
12010 15:14:09.598187 open("/etc/ld.so.cache", O_RDONLY) = 7
12010 15:14:09.598242 fstat64(7, {st_mode=S_IFREG|0644, st_size=29913, ...}) = 0
12010 15:14:09.598394 mmap2(NULL, 29913, PROT_READ, MAP_PRIVATE, 7, 0) = 0xb7f64000
12010 15:14:09.598447 close(7)          = 0
12010 15:14:09.598535 access("/etc/ld.so.nohwcap", F_OK) = -1 ENOENT (No such file or directory)
12010 15:14:09.598618 open("/lib/tls/i686/cmov/libc.so.6", O_RDONLY) = 7
